<?xml version="1.0" ?>

<verbosegc xmlns="http://www.ibm.com/j9/verbosegc" version="25b0271_CMPRSS">

<initialized id="1" timestamp="2019-07-02T20:53:12.670">
  <attribute name="gcPolicy" value="-Xgcpolicy:gencon" />
  <attribute name="GC Util" value="0" />
  <attribute name="CPU Util" value="0" />
  <attribute name="Time Running"value="0"/>
  <attribute name="Number of cores"value="0"/>
  <attribute name="maxHeapSize" value="0x7cbc0000" />
  <attribute name="initialHeapSize" value="0x800000" />
  <attribute name="compressedRefs" value="true" />
  <attribute name="compressedRefsDisplacement" value="0x0" />
  <attribute name="compressedRefsShift" value="0x0" />
  <attribute name="pageSize" value="0x1000" />
  <attribute name="pageType" value="not used" />
  <attribute name="requestedPageSize" value="0x1000" />
  <attribute name="requestedPageType" value="not used" />
  <attribute name="gcthreads" value="4" />
  <attribute name="gcthreads Concurrent Mark" value="1" />
  <attribute name="packetListSplit" value="4" />
  <attribute name="cacheListSplit" value="4" />
  <attribute name="splitFreeListSplitAmount" value="1" />
  <attribute name="numaNodes" value="0" />
  <system>
    <attribute name="physicalMemory" value="8370962432" />
    <attribute name="numCPUs" value="4" />
    <attribute name="architecture" value="amd64" />
    <attribute name="os" value="Linux" />
    <attribute name="osVersion" value="4.4.0-148-generic" />
  </system>
  <vmargs>
    <vmarg name="-Xoptionsfile=/vagrant/jdk/lib/options.default" />
    <vmarg name="-Xlockword:mode=default,noLockword=java/lang/String,noLockword=java/util/MapEntry,noLockword=java/util/HashMap$Entry,noLockword..." />
    <vmarg name="-Xjcl:jclse11_29" />
    <vmarg name="-Dcom.ibm.oti.vm.bootstrap.library.path=/vagrant/jdk/lib/compressedrefs:/vagrant/jdk/lib" />
    <vmarg name="-Dsun.boot.library.path=/vagrant/jdk/lib/compressedrefs:/vagrant/jdk/lib" />
    <vmarg name="-Djava.library.path=/vagrant/jdk/lib/compressedrefs:/vagrant/jdk/lib:/usr/lib64:/usr/lib" />
    <vmarg name="-Djava.home=/vagrant/jdk" />
    <vmarg name="-Duser.dir=/vagrant" />
    <vmarg name="-verbose:gc" />
    <vmarg name="-Xloggc:large-jdkF-verbose1avrora.txt" />
    <vmarg name="-Djava.class.path=dacapo-9.12-MR1-bach.jar" />
    <vmarg name="-Dsun.java.command=dacapo-9.12-MR1-bach.jar avrora --size=large" />
    <vmarg name="-Dsun.java.launcher=SUN_STANDARD" />
    <vmarg name="-Dsun.java.launcher.pid=22787" />
  </vmargs>
</initialized>

<exclusive-start id="2" timestamp="2019-07-02T20:53:12.804" intervalms="133.575">
  <response-info timems="0.067" idlems="0.067" threads="0" lastid="0000000002079700" lastname="main" />
</exclusive-start>
<af-start id="3" threadId="000000000207A088" totalBytesRequested="15632" timestamp="2019-07-02T20:53:12.804" intervalms="133.900" type="nursery" />
<cycle-start id="4" type="scavenge" contextid="0" timestamp="2019-07-02T20:53:12.804" intervalms="134.319" />
  <attribute name="GC Util" value="0" />
  <attribute name="CPU Util" value="115" />
  <attribute name="Time Running"value="0"/>
  <attribute name="Number of cores"value="4"/>
<gc-start id="5" type="scavenge" contextid="4" timestamp="2019-07-02T20:53:12.805">
  <mem-info id="6" free="6065704" total="8388608" percent="72">
    <mem type="nursery" free="0" total="2097152" percent="0">
      <mem type="allocate" free="0" total="1048576" percent="0" />
      <mem type="survivor" free="0" total="1048576" percent="0" />
    </mem>
    <mem type="tenure" free="6065704" total="6291456" percent="96">
      <mem type="soa" free="5751336" total="5977088" percent="96" />
      <mem type="loa" free="314368" total="314368" percent="100" />
    </mem>
    <remembered-set count="3122" />
  </mem-info>
</gc-start>
<allocation-stats totalBytes="1259656" >
  <allocated-bytes non-tlh="300120" tlh="959536" />
  <largest-consumer threadName="main" threadId="0000000002079700" bytes="1183968" />
</allocation-stats>
<gc-op id="7" type="scavenge" timems="2.166" contextid="4" timestamp="2019-07-02T20:53:12.807">
  <scavenger-info tenureage="2" tenuremask="fffc" tiltratio="50" />
  <memory-copied type="nursery" objects="10438" bytes="495632" bytesdiscarded="75504" />
  <finalization candidates="16" enqueued="0" />
  <references type="soft" candidates="62" cleared="0" enqueued="0" dynamicThreshold="32" maxThreshold="32" />
  <references type="weak" candidates="307" cleared="155" enqueued="117" />
  <references type="phantom" candidates="19" cleared="3" enqueued="3" />
</gc-op>
<gc-end id="8" type="scavenge" contextid="4" durationms="3.027" usertimems="0.000" systemtimems="4.000" timestamp="2019-07-02T20:53:12.808" activeThreads="4">
  <mem-info id="9" free="6541056" total="8388608" percent="77">
    <mem type="nursery" free="475352" total="2097152" percent="22">
      <mem type="allocate" free="475352" total="1048576" percent="45" />
      <mem type="survivor" free="0" total="1048576" percent="0" />
    </mem>
    <mem type="tenure" free="6065704" total="6291456" percent="96">
      <mem type="soa" free="5751336" total="5977088" percent="96" />
      <mem type="loa" free="314368" total="314368" percent="100" />
    </mem>
    <pending-finalizers system="0" default="0" reference="120" classloader="0" />
    <remembered-set count="3122" />
  </mem-info>
</gc-end>
<cycle-end id="10" type="scavenge" contextid="4" timestamp="2019-07-02T20:53:12.808">
  <attribute name="GC Util" value="0" />
  <attribute name="CPU Util" value="201" />
  <attribute name="Time Running"value="19"/>
  <attribute name="Number of cores"value="4"/>
</cycle-end>
<allocation-satisfied id="11" threadId="0000000002079700" bytesRequested="15632" />
<af-end id="12" timestamp="2019-07-02T20:53:12.808" threadId="000000000207A088" success="true" from="nursery"/>
<exclusive-end id="13" timestamp="2019-07-02T20:53:12.808" durationms="4.389" />

<exclusive-start id="14" timestamp="2019-07-02T20:53:12.837" intervalms="33.096">
  <response-info timems="0.052" idlems="0.052" threads="0" lastid="0000000002079700" lastname="main" />
</exclusive-start>
<af-start id="15" threadId="000000000207A088" totalBytesRequested="32" timestamp="2019-07-02T20:53:12.837" intervalms="32.849" type="nursery" />
<cycle-start id="16" type="scavenge" contextid="0" timestamp="2019-07-02T20:53:12.837" intervalms="32.495" />
  <attribute name="GC Util" value="0" />
  <attribute name="CPU Util" value="201" />
  <attribute name="Time Running"value="19"/>
  <attribute name="Number of cores"value="4"/>
<gc-start id="17" type="scavenge" contextid="16" timestamp="2019-07-02T20:53:12.837">
  <mem-info id="18" free="6055736" total="8388608" percent="72">
    <mem type="nursery" free="0" total="2097152" percent="0">
      <mem type="allocate" free="0" total="1048576" percent="0" />
      <mem type="survivor" free="0" total="1048576" percent="0" />
    </mem>
    <mem type="tenure" free="6055736" total="6291456" percent="96">
      <mem type="soa" free="5741368" total="5977088" percent="96" />
      <mem type="loa" free="314368" total="314368" percent="100" />
    </mem>
    <remembered-set count="3260" />
  </mem-info>
</gc-start>
<allocation-stats totalBytes="484560" >
  <allocated-bytes non-tlh="25600" tlh="458960" />
  <largest-consumer threadName="main" threadId="0000000002079700" bytes="472584" />
</allocation-stats>
<gc-op id="19" type="scavenge" timems="1.233" contextid="16" timestamp="2019-07-02T20:53:12.838">
  <scavenger-info tenureage="9" tenuremask="7e00" tiltratio="50" />
  <memory-copied type="nursery" objects="10994" bytes="488000" bytesdiscarded="82080" />
  <finalization candidates="16" enqueued="0" />
  <references type="soft" candidates="62" cleared="0" enqueued="0" dynamicThreshold="32" maxThreshold="32" />
  <references type="weak" candidates="283" cleared="119" enqueued="116" />
  <references type="phantom" candidates="41" cleared="14" enqueued="14" />
</gc-op>
<gc-end id="20" type="scavenge" contextid="16" durationms="1.412" usertimems="0.000" systemtimems="0.000" timestamp="2019-07-02T20:53:12.838" activeThreads="4">
  <mem-info id="21" free="6532768" total="8388608" percent="77">
    <mem type="nursery" free="477032" total="2097152" percent="22">
      <mem type="allocate" free="477032" total="1048576" percent="45" />
      <mem type="survivor" free="0" total="1048576" percent="0" />
    </mem>
    <mem type="tenure" free="6055736" total="6291456" percent="96">
      <mem type="soa" free="5741368" total="5977088" percent="96" />
      <mem type="loa" free="314368" total="314368" percent="100" />
    </mem>
    <pending-finalizers system="0" default="0" reference="130" classloader="0" />
    <remembered-set count="3260" />
  </mem-info>
</gc-end>
<cycle-end id="22" type="scavenge" contextid="16" timestamp="2019-07-02T20:53:12.839">
  <attribute name="GC Util" value="11" />
  <attribute name="CPU Util" value="143" />
  <attribute name="Time Running"value="52"/>
  <attribute name="Number of cores"value="4"/>
</cycle-end>
<allocation-satisfied id="23" threadId="0000000002079700" bytesRequested="32" />
<af-end id="24" timestamp="2019-07-02T20:53:12.839" threadId="000000000207A088" success="true" from="nursery"/>
<exclusive-end id="25" timestamp="2019-07-02T20:53:12.839" durationms="1.987" />

<exclusive-start id="26" timestamp="2019-07-02T20:53:13.065" intervalms="228.117">
  <response-info timems="0.038" idlems="0.038" threads="0" lastid="0000000002079700" lastname="main" />
</exclusive-start>
<af-start id="27" threadId="000000000207A088" totalBytesRequested="24" timestamp="2019-07-02T20:53:13.065" intervalms="228.134" type="nursery" />
<cycle-start id="28" type="scavenge" contextid="0" timestamp="2019-07-02T20:53:13.065" intervalms="228.135" />
  <attribute name="GC Util" value="11" />
  <attribute name="CPU Util" value="143" />
  <attribute name="Time Running"value="52"/>
  <attribute name="Number of cores"value="4"/>
<gc-start id="29" type="scavenge" contextid="28" timestamp="2019-07-02T20:53:13.065">
  <mem-info id="30" free="6055736" total="8388608" percent="72">
    <mem type="nursery" free="0" total="2097152" percent="0">
      <mem type="allocate" free="0" total="1048576" percent="0" />
      <mem type="survivor" free="0" total="1048576" percent="0" />
    </mem>
    <mem type="tenure" free="6055736" total="6291456" percent="96">
      <mem type="soa" free="5741368" total="5977088" percent="96" />
      <mem type="loa" free="314368" total="314368" percent="100" />
    </mem>
    <remembered-set count="3260" />
  </mem-info>
</gc-start>
<allocation-stats totalBytes="476736" >
  <allocated-bytes non-tlh="32" tlh="476704" />
  <largest-consumer threadName="main" threadId="0000000002079700" bytes="468544" />
</allocation-stats>
<gc-op id="31" type="scavenge" timems="0.914" contextid="28" timestamp="2019-07-02T20:53:13.066">
  <scavenger-info tenureage="8" tenuremask="7f00" tiltratio="50" />
  <memory-copied type="nursery" objects="10857" bytes="484840" bytesdiscarded="79120" />
  <finalization candidates="16" enqueued="0" />
  <references type="soft" candidates="62" cleared="0" enqueued="0" dynamicThreshold="32" maxThreshold="32" />
  <references type="weak" candidates="164" cleared="0" enqueued="0" />
  <references type="phantom" candidates="27" cleared="0" enqueued="0" />
</gc-op>
<gc-end id="32" type="scavenge" contextid="28" durationms="1.159" usertimems="0.000" systemtimems="4.000" timestamp="2019-07-02T20:53:13.066" activeThreads="4">
  <mem-info id="33" free="6538896" total="8388608" percent="77">
    <mem type="nursery" free="483160" total="2097152" percent="23">
      <mem type="allocate" free="483160" total="1048576" percent="46" />
      <mem type="survivor" free="0" total="1048576" percent="0" />
    </mem>
    <mem type="tenure" free="6055736" total="6291456" percent="96">
      <mem type="soa" free="5741368" total="5977088" percent="96" />
      <mem type="loa" free="314368" total="314368" percent="100" />
    </mem>
    <remembered-set count="1033" />
  </mem-info>
</gc-end>
<cycle-end id="34" type="scavenge" contextid="28" timestamp="2019-07-02T20:53:13.066">
  <attribute name="GC Util" value="1" />
  <attribute name="CPU Util" value="111" />
  <attribute name="Time Running"value="280"/>
  <attribute name="Number of cores"value="4"/>
</cycle-end>
<allocation-satisfied id="35" threadId="0000000002079700" bytesRequested="24" />
<af-end id="36" timestamp="2019-07-02T20:53:13.067" threadId="000000000207A088" success="true" from="nursery"/>
<exclusive-end id="37" timestamp="2019-07-02T20:53:13.067" durationms="1.656" />

<exclusive-start id="38" timestamp="2019-07-02T20:53:13.120" intervalms="54.731">
  <response-info timems="0.017" idlems="0.017" threads="0" lastid="0000000002079700" lastname="main" />
</exclusive-start>
<af-start id="39" threadId="000000000207A088" totalBytesRequested="8200" timestamp="2019-07-02T20:53:13.120" intervalms="54.802" type="nursery" />
<cycle-start id="40" type="scavenge" contextid="0" timestamp="2019-07-02T20:53:13.120" intervalms="54.878" />
  <attribute name="GC Util" value="1" />
  <attribute name="CPU Util" value="111" />
  <attribute name="Time Running"value="280"/>
  <attribute name="Number of cores"value="4"/>
<gc-start id="41" type="scavenge" contextid="40" timestamp="2019-07-02T20:53:13.120">
  <mem-info id="42" free="6053048" total="8388608" percent="72">
    <mem type="nursery" free="0" total="2097152" percent="0">
      <mem type="allocate" free="0" total="1048576" percent="0" />
      <mem type="survivor" free="0" total="1048576" percent="0" />
    </mem>
    <mem type="tenure" free="6053048" total="6291456" percent="96">
      <mem type="soa" free="5738680" total="5977088" percent="96" />
      <mem type="loa" free="314368" total="314368" percent="100" />
    </mem>
    <remembered-set count="1066" />
  </mem-info>
</gc-start>
<allocation-stats totalBytes="446632" >
  <allocated-bytes non-tlh="2712" tlh="443920" />
  <largest-consumer threadName="main" threadId="0000000002079700" bytes="446632" />
</allocation-stats>
<gc-op id="43" type="scavenge" timems="1.071" contextid="40" timestamp="2019-07-02T20:53:13.121">
  <scavenger-info tenureage="3" tenuremask="fff8" tiltratio="50" />
  <memory-copied type="nursery" objects="632" bytes="39104" bytesdiscarded="39224" />
  <memory-copied type="tenure" objects="10228" bytes="457432" bytesdiscarded="24" />
  <finalization candidates="16" enqueued="0" />
  <references type="weak" candidates="92" cleared="76" enqueued="76" />
  <references type="phantom" candidates="24" cleared="10" enqueued="10" />
</gc-op>
<gc-end id="44" type="scavenge" contextid="40" durationms="1.367" usertimems="4.000" systemtimems="0.000" timestamp="2019-07-02T20:53:13.121" activeThreads="4">
  <mem-info id="45" free="6465824" total="8388608" percent="77">
    <mem type="nursery" free="970240" total="2097152" percent="46">
      <mem type="allocate" free="970240" total="1048576" percent="92" />
      <mem type="survivor" free="0" total="1048576" percent="0" />
    </mem>
    <mem type="tenure" free="5495584" total="6291456" percent="87">
      <mem type="soa" free="5181216" total="5977088" percent="86" />
      <mem type="loa" free="314368" total="314368" percent="100" />
    </mem>
    <pending-finalizers system="0" default="0" reference="86" classloader="0" />
    <remembered-set count="138" />
  </mem-info>
</gc-end>
<cycle-end id="46" type="scavenge" contextid="40" timestamp="2019-07-02T20:53:13.122">
  <attribute name="GC Util" value="3" />
  <attribute name="CPU Util" value="76" />
  <attribute name="Time Running"value="335"/>
  <attribute name="Number of cores"value="4"/>
</cycle-end>
<allocation-satisfied id="47" threadId="0000000002079700" bytesRequested="8200" />
<af-end id="48" timestamp="2019-07-02T20:53:13.122" threadId="000000000207A088" success="true" from="nursery"/>
<exclusive-end id="49" timestamp="2019-07-02T20:53:13.122" durationms="2.087" />

<exclusive-start id="50" timestamp="2019-07-02T20:53:13.258" intervalms="138.791">
  <response-info timems="0.029" idlems="0.029" threads="0" lastid="0000000002079700" lastname="main" />
</exclusive-start>
<af-start id="51" threadId="000000000207A088" totalBytesRequested="2056" timestamp="2019-07-02T20:53:13.259" intervalms="138.710" type="nursery" />
<cycle-start id="52" type="scavenge" contextid="0" timestamp="2019-07-02T20:53:13.259" intervalms="138.630" />
  <attribute name="GC Util" value="3" />
  <attribute name="CPU Util" value="76" />
  <attribute name="Time Running"value="335"/>
  <attribute name="Number of cores"value="4"/>
<gc-start id="53" type="scavenge" contextid="52" timestamp="2019-07-02T20:53:13.259">
  <mem-info id="54" free="5491000" total="8388608" percent="65">
    <mem type="nursery" free="0" total="2097152" percent="0">
      <mem type="allocate" free="0" total="1048576" percent="0" />
      <mem type="survivor" free="0" total="1048576" percent="0" />
    </mem>
    <mem type="tenure" free="5491000" total="6291456" percent="87">
      <mem type="soa" free="5176632" total="5977088" percent="86" />
      <mem type="loa" free="314368" total="314368" percent="100" />
    </mem>
    <remembered-set count="219" />
  </mem-info>
</gc-start>
<allocation-stats totalBytes="951080" >
  <allocated-bytes non-tlh="12784" tlh="938296" />
  <largest-consumer threadName="main" threadId="0000000002079700" bytes="951080" />
</allocation-stats>
<gc-op id="55" type="scavenge" timems="0.453" contextid="52" timestamp="2019-07-02T20:53:13.259">
  <scavenger-info tenureage="5" tenuremask="ffe0" tiltratio="50" />
  <memory-copied type="nursery" objects="775" bytes="114968" bytesdiscarded="29200" />
  <finalization candidates="3" enqueued="1" />
  <references type="soft" candidates="1" cleared="0" enqueued="0" dynamicThreshold="32" maxThreshold="32" />
  <references type="weak" candidates="66" cleared="50" enqueued="50" />
  <references type="phantom" candidates="27" cleared="10" enqueued="10" />
</gc-op>
<gc-end id="56" type="scavenge" contextid="52" durationms="0.629" usertimems="0.000" systemtimems="0.000" timestamp="2019-07-02T20:53:13.259" activeThreads="4">
  <mem-info id="57" free="6395320" total="8388608" percent="76">
    <mem type="nursery" free="904320" total="2097152" percent="43">
      <mem type="allocate" free="904320" total="1048576" percent="86" />
      <mem type="survivor" free="0" total="1048576" percent="0" />
    </mem>
    <mem type="tenure" free="5491000" total="6291456" percent="87">
      <mem type="soa" free="5176632" total="5977088" percent="86" />
      <mem type="loa" free="314368" total="314368" percent="100" />
    </mem>
    <pending-finalizers system="1" default="0" reference="60" classloader="0" />
    <remembered-set count="218" />
  </mem-info>
</gc-end>
<cycle-end id="58" type="scavenge" contextid="52" timestamp="2019-07-02T20:53:13.259">
  <attribute name="GC Util" value="1" />
  <attribute name="CPU Util" value="108" />
  <attribute name="Time Running"value="473"/>
  <attribute name="Number of cores"value="4"/>
</cycle-end>
<allocation-satisfied id="59" threadId="0000000002079700" bytesRequested="2056" />
<af-end id="60" timestamp="2019-07-02T20:53:13.259" threadId="000000000207A088" success="true" from="nursery"/>
<exclusive-end id="61" timestamp="2019-07-02T20:53:13.260" durationms="1.068" />

<exclusive-start id="62" timestamp="2019-07-02T20:53:13.328" intervalms="69.222">
  <response-info timems="0.037" idlems="0.037" threads="0" lastid="0000000002079700" lastname="main" />
</exclusive-start>
<af-start id="63" threadId="000000000207A088" totalBytesRequested="2056" timestamp="2019-07-02T20:53:13.328" intervalms="69.218" type="nursery" />
<cycle-start id="64" type="scavenge" contextid="0" timestamp="2019-07-02T20:53:13.328" intervalms="69.217" />
  <attribute name="GC Util" value="1" />
  <attribute name="CPU Util" value="108" />
  <attribute name="Time Running"value="473"/>
  <attribute name="Number of cores"value="4"/>
<gc-start id="65" type="scavenge" contextid="64" timestamp="2019-07-02T20:53:13.328">
  <mem-info id="66" free="5491000" total="8388608" percent="65">
    <mem type="nursery" free="0" total="2097152" percent="0">
      <mem type="allocate" free="0" total="1048576" percent="0" />
      <mem type="survivor" free="0" total="1048576" percent="0" />
    </mem>
    <mem type="tenure" free="5491000" total="6291456" percent="87">
      <mem type="soa" free="5176632" total="5977088" percent="86" />
      <mem type="loa" free="314368" total="314368" percent="100" />
    </mem>
    <remembered-set count="218" />
  </mem-info>
</gc-start>
<allocation-stats totalBytes="898408" >
  <allocated-bytes non-tlh="2056" tlh="896352" />
  <largest-consumer threadName="main" threadId="0000000002079700" bytes="898408" />
</allocation-stats>
<gc-op id="67" type="scavenge" timems="0.326" contextid="64" timestamp="2019-07-02T20:53:13.328">
  <scavenger-info tenureage="3" tenuremask="fff8" tiltratio="50" />
  <memory-copied type="nursery" objects="299" bytes="81616" bytesdiscarded="44008" />
  <memory-copied type="tenure" objects="332" bytes="18360" bytesdiscarded="0" />
  <finalization candidates="2" enqueued="0" />
  <references type="soft" candidates="1" cleared="0" enqueued="0" dynamicThreshold="32" maxThreshold="32" />
  <references type="weak" candidates="2" cleared="0" enqueued="0" />
  <references type="phantom" candidates="5" cleared="0" enqueued="0" />
</gc-op>
<gc-end id="68" type="scavenge" contextid="64" durationms="0.553" usertimems="0.000" systemtimems="0.000" timestamp="2019-07-02T20:53:13.328" activeThreads="4">
  <mem-info id="69" free="6505776" total="8388608" percent="77">
    <mem type="nursery" free="1053944" total="2097152" percent="50">
      <mem type="allocate" free="1053944" total="1179648" percent="89" />
      <mem type="survivor" free="0" total="917504" percent="0" />
    </mem>
    <mem type="tenure" free="5451832" total="6291456" percent="86">
      <mem type="soa" free="5137464" total="5977088" percent="85" />
      <mem type="loa" free="314368" total="314368" percent="100" />
    </mem>
    <remembered-set count="157" />
  </mem-info>
</gc-end>
<cycle-end id="70" type="scavenge" contextid="64" timestamp="2019-07-02T20:53:13.328">
  <attribute name="GC Util" value="0" />
  <attribute name="CPU Util" value="114" />
  <attribute name="Time Running"value="542"/>
  <attribute name="Number of cores"value="4"/>
</cycle-end>
<allocation-satisfied id="71" threadId="0000000002079700" bytesRequested="2056" />
<af-end id="72" timestamp="2019-07-02T20:53:13.329" threadId="000000000207A088" success="true" from="nursery"/>
<exclusive-end id="73" timestamp="2019-07-02T20:53:13.329" durationms="0.980" />

<exclusive-start id="74" timestamp="2019-07-02T20:53:13.408" intervalms="80.259">
  <response-info timems="0.037" idlems="0.037" threads="0" lastid="0000000002079700" lastname="main" />
</exclusive-start>
<af-start id="75" threadId="000000000207A088" totalBytesRequested="2056" timestamp="2019-07-02T20:53:13.408" intervalms="80.256" type="nursery" />
<cycle-start id="76" type="scavenge" contextid="0" timestamp="2019-07-02T20:53:13.408" intervalms="80.256" />
  <attribute name="GC Util" value="0" />
  <attribute name="CPU Util" value="114" />
  <attribute name="Time Running"value="542"/>
  <attribute name="Number of cores"value="4"/>
<gc-start id="77" type="scavenge" contextid="76" timestamp="2019-07-02T20:53:13.408">
  <mem-info id="78" free="5451832" total="8388608" percent="64">
    <mem type="nursery" free="0" total="2097152" percent="0">
      <mem type="allocate" free="0" total="1179648" percent="0" />
      <mem type="survivor" free="0" total="917504" percent="0" />
    </mem>
    <mem type="tenure" free="5451832" total="6291456" percent="86">
      <mem type="soa" free="5137464" total="5977088" percent="85" />
      <mem type="loa" free="314368" total="314368" percent="100" />
    </mem>
    <remembered-set count="157" />
  </mem-info>
</gc-start>
<allocation-stats totalBytes="1047632" >
  <allocated-bytes non-tlh="2056" tlh="1045576" />
  <largest-consumer threadName="main" threadId="0000000002079700" bytes="1047632" />
</allocation-stats>
<gc-op id="79" type="scavenge" timems="0.264" contextid="76" timestamp="2019-07-02T20:53:13.408">
  <scavenger-info tenureage="6" tenuremask="ffc0" tiltratio="56" />
  <memory-copied type="nursery" objects="298" bytes="79560" bytesdiscarded="23288" />
  <finalization candidates="2" enqueued="0" />
  <references type="soft" candidates="1" cleared="0" enqueued="0" dynamicThreshold="32" maxThreshold="32" />
  <references type="weak" candidates="2" cleared="0" enqueued="0" />
  <references type="phantom" candidates="5" cleared="0" enqueued="0" />
</gc-op>
<gc-end id="80" type="scavenge" contextid="76" durationms="0.441" usertimems="0.000" systemtimems="0.000" timestamp="2019-07-02T20:53:13.409" activeThreads="4">
  <mem-info id="81" free="6659624" total="8388608" percent="79">
    <mem type="nursery" free="1207792" total="2097152" percent="57">
      <mem type="allocate" free="1207792" total="1310720" percent="92" />
      <mem type="survivor" free="0" total="786432" percent="0" />
    </mem>
    <mem type="tenure" free="5451832" total="6291456" percent="86">
      <mem type="soa" free="5137464" total="5977088" percent="85" />
      <mem type="loa" free="314368" total="314368" percent="100" />
    </mem>
    <remembered-set count="86" />
  </mem-info>
</gc-end>
<cycle-end id="82" type="scavenge" contextid="76" timestamp="2019-07-02T20:53:13.409">
  <attribute name="GC Util" value="0" />
  <attribute name="CPU Util" value="110" />
  <attribute name="Time Running"value="623"/>
  <attribute name="Number of cores"value="4"/>
</cycle-end>
<allocation-satisfied id="83" threadId="0000000002079700" bytesRequested="2056" />
<af-end id="84" timestamp="2019-07-02T20:53:13.409" threadId="000000000207A088" success="true" from="nursery"/>
<exclusive-end id="85" timestamp="2019-07-02T20:53:13.409" durationms="0.862" />

<exclusive-start id="86" timestamp="2019-07-02T20:53:13.491" intervalms="82.727">
  <response-info timems="0.021" idlems="0.021" threads="0" lastid="0000000002079700" lastname="main" />
</exclusive-start>
<sys-start reason="explicit" id="87" timestamp="2019-07-02T20:53:13.491" intervalms="820.645" />
<cycle-start id="88" type="global" contextid="0" timestamp="2019-07-02T20:53:13.491" intervalms="820.948" />
  <attribute name="GC Util" value="0" />
  <attribute name="CPU Util" value="110" />
  <attribute name="Time Running"value="623"/>
  <attribute name="Number of cores"value="4"/>
<gc-start id="89" type="global" contextid="88" timestamp="2019-07-02T20:53:13.491">
  <mem-info id="90" free="5569936" total="8388608" percent="66">
    <mem type="nursery" free="125104" total="2097152" percent="5">
      <mem type="allocate" free="125104" total="1310720" percent="9" />
      <mem type="survivor" free="0" total="786432" percent="0" />
    </mem>
    <mem type="tenure" free="5444832" total="6291456" percent="86">
      <mem type="soa" free="5130464" total="5977088" percent="85" />
      <mem type="loa" free="314368" total="314368" percent="100" />
    </mem>
    <remembered-set count="164" />
  </mem-info>
</gc-start>
<allocation-stats totalBytes="1084416" >
  <allocated-bytes non-tlh="174240" tlh="910176" />
  <largest-consumer threadName="main" threadId="0000000002079700" bytes="1084416" />
</allocation-stats>
<gc-op id="91" type="mark" timems="1.410" contextid="88" timestamp="2019-07-02T20:53:13.496">
  <trace-info objectcount="16895" scancount="13904" scanbytes="445592" />
  <finalization candidates="18" enqueued="0" />
  <references type="soft" candidates="66" cleared="0" enqueued="0" dynamicThreshold="32" maxThreshold="32" />
  <references type="weak" candidates="192" cleared="45" enqueued="36" />
  <references type="phantom" candidates="37" cleared="4" enqueued="4" />
  <stringconstants candidates="2443" cleared="0"  />
</gc-op>
<gc-op id="92" type="classunload" timems="0.081" contextid="88" timestamp="2019-07-02T20:53:13.496">
  <classunload-info classloadercandidates="6" classloadersunloaded="0" classesunloaded="0" anonymousclassesunloaded="0" quiescems="2.888" setupms="0.080" scanms="0.000" postms="0.001" />
</gc-op>
<gc-op id="93" type="sweep" timems="0.501" contextid="88" timestamp="2019-07-02T20:53:13.496" />
<gc-end id="94" type="global" contextid="88" durationms="5.324" usertimems="4.000" systemtimems="0.000" timestamp="2019-07-02T20:53:13.496" activeThreads="4">
  <mem-info id="95" free="6593592" total="8388608" percent="78">
    <mem type="nursery" free="1029400" total="2097152" percent="49">
      <mem type="allocate" free="1029400" total="1310720" percent="78" />
      <mem type="survivor" free="0" total="786432" percent="0" />
    </mem>
    <mem type="tenure" free="5564192" total="6291456" percent="88" micro-fragmented="0" macro-fragmented="0">
      <mem type="soa" free="5249824" total="5977088" percent="87" />
      <mem type="loa" free="314368" total="314368" percent="100" />
    </mem>
    <pending-finalizers system="0" default="0" reference="40" classloader="0" />
    <remembered-set count="163" />
  </mem-info>
</gc-end>
<cycle-end id="96" type="global" contextid="88" timestamp="2019-07-02T20:53:13.497">
  <attribute name="GC Util" value="60" />
  <attribute name="CPU Util" value="11047548821366" />
  <attribute name="Time Running"value="710"/>
  <attribute name="Number of cores"value="4"/>
</cycle-end>
<sys-end id="97" timestamp="2019-07-02T20:53:13.497" />
<exclusive-end id="98" timestamp="2019-07-02T20:53:13.497" durationms="6.091" />

<exclusive-start id="99" timestamp="2019-07-02T20:53:13.538" intervalms="47.552">
  <response-info timems="0.021" idlems="0.021" threads="0" lastid="0000000002079700" lastname="main" />
</exclusive-start>
<af-start id="100" threadId="000000000207A088" totalBytesRequested="224" timestamp="2019-07-02T20:53:13.538" intervalms="130.292" type="nursery" />
<cycle-start id="101" type="scavenge" contextid="0" timestamp="2019-07-02T20:53:13.538" intervalms="130.340" />
  <attribute name="GC Util" value="60" />
  <attribute name="CPU Util" value="11047548821366" />
  <attribute name="Time Running"value="710"/>
  <attribute name="Number of cores"value="4"/>
<gc-start id="102" type="scavenge" contextid="101" timestamp="2019-07-02T20:53:13.539">
  <mem-info id="103" free="5501896" total="8388608" percent="65">
    <mem type="nursery" free="0" total="2097152" percent="0">
      <mem type="allocate" free="0" total="1310720" percent="0" />
      <mem type="survivor" free="0" total="786432" percent="0" />
    </mem>
    <mem type="tenure" free="5501896" total="6291456" percent="87">
      <mem type="soa" free="5187528" total="5977088" percent="86" />
      <mem type="loa" free="314368" total="314368" percent="100" />
    </mem>
    <remembered-set count="564" />
  </mem-info>
</gc-start>
<allocation-stats totalBytes="1086984" >
  <allocated-bytes non-tlh="64088" tlh="1022896" />
  <largest-consumer threadName="main" threadId="0000000002079700" bytes="1082888" />
</allocation-stats>
<gc-op id="104" type="scavenge" timems="0.447" contextid="101" timestamp="2019-07-02T20:53:13.539">
  <scavenger-info tenureage="3" tenuremask="fff8" tiltratio="62" />
  <memory-copied type="nursery" objects="2284" bytes="291104" bytesdiscarded="69848" />
  <memory-copied type="tenure" objects="231" bytes="57800" bytesdiscarded="48" />
  <finalization candidates="2" enqueued="0" />
  <references type="soft" candidates="3" cleared="0" enqueued="0" dynamicThreshold="28" maxThreshold="32" />
  <references type="weak" candidates="32" cleared="31" enqueued="31" />
  <references type="phantom" candidates="6" cleared="0" enqueued="0" />
</gc-op>
<gc-end id="105" type="scavenge" contextid="101" durationms="0.652" usertimems="0.000" systemtimems="4.000" timestamp="2019-07-02T20:53:13.539" activeThreads="4">
  <mem-info id="106" free="6443672" total="8388608" percent="76">
    <mem type="nursery" free="1015232" total="2097152" percent="48">
      <mem type="allocate" free="1015232" total="1376256" percent="73" />
      <mem type="survivor" free="0" total="720896" percent="0" />
    </mem>
    <mem type="tenure" free="5428440" total="6291456" percent="86">
      <mem type="soa" free="5114072" total="5977088" percent="85" />
      <mem type="loa" free="314368" total="314368" percent="100" />
    </mem>
    <pending-finalizers system="0" default="0" reference="31" classloader="0" />
    <remembered-set count="544" />
  </mem-info>
</gc-end>
<cycle-end id="107" type="scavenge" contextid="101" timestamp="2019-07-02T20:53:13.539">
  <attribute name="GC Util" value="3" />
  <attribute name="CPU Util" value="106" />
  <attribute name="Time Running"value="753"/>
  <attribute name="Number of cores"value="4"/>
</cycle-end>
<allocation-satisfied id="108" threadId="0000000002079700" bytesRequested="224" />
<af-end id="109" timestamp="2019-07-02T20:53:13.539" threadId="000000000207A088" success="true" from="nursery"/>
<exclusive-end id="110" timestamp="2019-07-02T20:53:13.539" durationms="1.239" />

<exclusive-start id="111" timestamp="2019-07-02T20:53:13.590" intervalms="51.502">
  <response-info timems="0.038" idlems="0.038" threads="0" lastid="0000000002079700" lastname="main" />
</exclusive-start>
<af-start id="112" threadId="000000000207A088" totalBytesRequested="1272" timestamp="2019-07-02T20:53:13.590" intervalms="51.515" type="nursery" />
<cycle-start id="113" type="scavenge" contextid="0" timestamp="2019-07-02T20:53:13.590" intervalms="51.480" />
  <attribute name="GC Util" value="3" />
  <attribute name="CPU Util" value="106" />
  <attribute name="Time Running"value="753"/>
  <attribute name="Number of cores"value="4"/>
<gc-start id="114" type="scavenge" contextid="113" timestamp="2019-07-02T20:53:13.590">
  <mem-info id="115" free="5395416" total="8388608" percent="64">
    <mem type="nursery" free="0" total="2097152" percent="0">
      <mem type="allocate" free="0" total="1376256" percent="0" />
      <mem type="survivor" free="0" total="720896" percent="0" />
    </mem>
    <mem type="tenure" free="5395416" total="6291456" percent="85">
      <mem type="soa" free="5081048" total="5977088" percent="85" />
      <mem type="loa" free="314368" total="314368" percent="100" />
    </mem>
    <remembered-set count="946" />
  </mem-info>
</gc-start>
<allocation-stats totalBytes="1040624" >
  <allocated-bytes non-tlh="33248" tlh="1007376" />
  <largest-consumer threadName="main" threadId="0000000002079700" bytes="1040624" />
</allocation-stats>
<gc-op id="116" type="scavenge" timems="0.420" contextid="113" timestamp="2019-07-02T20:53:13.591">
  <scavenger-info tenureage="3" tenuremask="ffc8" tiltratio="65" />
  <memory-copied type="nursery" objects="2468" bytes="352272" bytesdiscarded="90600" />
  <references type="soft" candidates="3" cleared="0" enqueued="0" dynamicThreshold="28" maxThreshold="32" />
  <references type="weak" candidates="3" cleared="2" enqueued="2" />
  <references type="phantom" candidates="7" cleared="0" enqueued="0" />
</gc-op>
<gc-end id="117" type="scavenge" contextid="113" durationms="0.637" usertimems="0.000" systemtimems="0.000" timestamp="2019-07-02T20:53:13.591" activeThreads="4">
  <mem-info id="118" free="6525320" total="8388608" percent="77">
    <mem type="nursery" free="1129904" total="2097152" percent="53">
      <mem type="allocate" free="1129904" total="1572864" percent="71" />
      <mem type="survivor" free="0" total="524288" percent="0" />
    </mem>
    <mem type="tenure" free="5395416" total="6291456" percent="85">
      <mem type="soa" free="5081048" total="5977088" percent="85" />
      <mem type="loa" free="314368" total="314368" percent="100" />
    </mem>
    <pending-finalizers system="0" default="0" reference="2" classloader="0" />
    <remembered-set count="944" />
  </mem-info>
</gc-end>
<cycle-end id="119" type="scavenge" contextid="113" timestamp="2019-07-02T20:53:13.591">
  <attribute name="GC Util" value="1" />
  <attribute name="CPU Util" value="125" />
  <attribute name="Time Running"value="805"/>
  <attribute name="Number of cores"value="4"/>
</cycle-end>
<allocation-satisfied id="120" threadId="0000000002079700" bytesRequested="1272" />
<af-end id="121" timestamp="2019-07-02T20:53:13.591" threadId="000000000207A088" success="true" from="nursery"/>
<exclusive-end id="122" timestamp="2019-07-02T20:53:13.591" durationms="1.145" />

<exclusive-start id="123" timestamp="2019-07-02T20:53:13.962" intervalms="371.821">
  <response-info timems="0.024" idlems="0.024" threads="0" lastid="0000000002079700" lastname="main" />
</exclusive-start>
<af-start id="124" threadId="000000000207A088" totalBytesRequested="61032" timestamp="2019-07-02T20:53:13.962" intervalms="371.799" type="nursery" />
<cycle-start id="125" type="scavenge" contextid="0" timestamp="2019-07-02T20:53:13.962" intervalms="371.797" />
  <attribute name="GC Util" value="1" />
  <attribute name="CPU Util" value="125" />
  <attribute name="Time Running"value="805"/>
  <attribute name="Number of cores"value="4"/>
<gc-start id="126" type="scavenge" contextid="125" timestamp="2019-07-02T20:53:13.962">
  <mem-info id="127" free="5377936" total="8388608" percent="64">
    <mem type="nursery" free="0" total="2097152" percent="0">
      <mem type="allocate" free="0" total="1572864" percent="0" />
      <mem type="survivor" free="0" total="524288" percent="0" />
    </mem>
    <mem type="tenure" free="5377936" total="6291456" percent="85">
      <mem type="soa" free="5063568" total="5977088" percent="84" />
      <mem type="loa" free="314368" total="314368" percent="100" />
    </mem>
    <remembered-set count="1186" />
  </mem-info>
</gc-start>
<allocation-stats totalBytes="1124792" >
  <allocated-bytes non-tlh="18752" tlh="1106040" />
  <largest-consumer threadName="main" threadId="0000000002079700" bytes="1124792" />
</allocation-stats>
<gc-op id="128" type="scavenge" timems="1.026" contextid="125" timestamp="2019-07-02T20:53:13.963">
  <scavenger-info tenureage="3" tenuremask="fff8" tiltratio="75" />
  <memory-copied type="nursery" objects="13655" bytes="498176" bytesdiscarded="26056" />
  <memory-copied type="tenure" objects="1" bytes="165184" bytesdiscarded="0" />
  <copy-failed type="nursery" objects="1" bytes="165184" />
  <references type="soft" candidates="3" cleared="0" enqueued="0" dynamicThreshold="28" maxThreshold="32" />
  <references type="weak" candidates="3" cleared="2" enqueued="2" />
  <references type="phantom" candidates="9" cleared="2" enqueued="2" />
</gc-op>
<gc-end id="129" type="scavenge" contextid="125" durationms="1.214" usertimems="4.000" systemtimems="0.000" timestamp="2019-07-02T20:53:13.963" activeThreads="4">
  <mem-info id="130" free="5737040" total="8388608" percent="68">
    <mem type="nursery" free="524288" total="2097152" percent="25">
      <mem type="allocate" free="524288" total="1048576" percent="50" />
      <mem type="survivor" free="0" total="1048576" percent="0" />
    </mem>
    <mem type="tenure" free="5212752" total="6291456" percent="82">
      <mem type="soa" free="4898384" total="5977088" percent="81" />
      <mem type="loa" free="314368" total="314368" percent="100" />
    </mem>
    <pending-finalizers system="0" default="0" reference="4" classloader="0" />
    <remembered-set count="838" />
  </mem-info>
</gc-end>
<cycle-end id="131" type="scavenge" contextid="125" timestamp="2019-07-02T20:53:13.963">
  <attribute name="GC Util" value="0" />
  <attribute name="CPU Util" value="114" />
  <attribute name="Time Running"value="1176"/>
  <attribute name="Number of cores"value="4"/>
</cycle-end>
<allocation-satisfied id="132" threadId="0000000002079700" bytesRequested="61032" />
<af-end id="133" timestamp="2019-07-02T20:53:13.963" threadId="000000000207A088" success="true" from="nursery"/>
<exclusive-end id="134" timestamp="2019-07-02T20:53:13.963" durationms="1.709" />

<exclusive-start id="135" timestamp="2019-07-02T20:53:14.296" intervalms="334.326">
  <response-info timems="0.022" idlems="0.022" threads="0" lastid="0000000002079700" lastname="main" />
</exclusive-start>
<af-start id="136" threadId="000000000207A088" totalBytesRequested="67280" timestamp="2019-07-02T20:53:14.296" intervalms="334.318" type="nursery" />
<cycle-start id="137" type="scavenge" contextid="0" timestamp="2019-07-02T20:53:14.296" intervalms="334.313" />
  <attribute name="GC Util" value="0" />
  <attribute name="CPU Util" value="114" />
  <attribute name="Time Running"value="1176"/>
  <attribute name="Number of cores"value="4"/>
<gc-start id="138" type="scavenge" contextid="137" timestamp="2019-07-02T20:53:14.296">
  <mem-info id="139" free="5221280" total="8388608" percent="62">
    <mem type="nursery" free="8600" total="2097152" percent="0">
      <mem type="allocate" free="8600" total="1048576" percent="0" />
      <mem type="survivor" free="0" total="1048576" percent="0" />
    </mem>
    <mem type="tenure" free="5212680" total="6291456" percent="82">
      <mem type="soa" free="4898312" total="5977088" percent="81" />
      <mem type="loa" free="314368" total="314368" percent="100" />
    </mem>
    <remembered-set count="841" />
  </mem-info>
</gc-start>
<allocation-stats totalBytes="515536" >
  <allocated-bytes non-tlh="61104" tlh="454432" />
  <largest-consumer threadName="main" threadId="0000000002079700" bytes="515536" />
</allocation-stats>
<gc-op id="140" type="scavenge" timems="1.631" contextid="137" timestamp="2019-07-02T20:53:14.298">
  <scavenger-info tenureage="3" tenuremask="fff8" tiltratio="50" />
  <memory-copied type="nursery" objects="21627" bytes="702464" bytesdiscarded="77856" />
  <memory-copied type="tenure" objects="2139" bytes="120944" bytesdiscarded="288" />
  <references type="phantom" candidates="3" cleared="2" enqueued="2" />
</gc-op>
<gc-end id="141" type="scavenge" contextid="137" durationms="1.822" usertimems="4.000" systemtimems="0.000" timestamp="2019-07-02T20:53:14.298" activeThreads="4">
  <mem-info id="142" free="5472496" total="8388608" percent="65">
    <mem type="nursery" free="464856" total="2097152" percent="22">
      <mem type="allocate" free="464856" total="1245184" percent="37" />
      <mem type="survivor" free="0" total="851968" percent="0" />
    </mem>
    <mem type="tenure" free="5007640" total="6291456" percent="79">
      <mem type="soa" free="4693272" total="5977088" percent="78" />
      <mem type="loa" free="314368" total="314368" percent="100" />
    </mem>
    <pending-finalizers system="0" default="0" reference="2" classloader="0" />
    <remembered-set count="397" />
  </mem-info>
</gc-end>
<cycle-end id="143" type="scavenge" contextid="137" timestamp="2019-07-02T20:53:14.298">
  <attribute name="GC Util" value="0" />
  <attribute name="CPU Util" value="55182662210" />
  <attribute name="Time Running"value="1511"/>
  <attribute name="Number of cores"value="4"/>
</cycle-end>
<allocation-satisfied id="144" threadId="0000000002079700" bytesRequested="67280" />
<af-end id="145" timestamp="2019-07-02T20:53:14.298" threadId="000000000207A088" success="true" from="nursery"/>
<exclusive-end id="146" timestamp="2019-07-02T20:53:14.298" durationms="2.377" />

<exclusive-start id="147" timestamp="2019-07-02T20:53:14.540" intervalms="243.959">
  <response-info timems="0.026" idlems="0.026" threads="0" lastid="0000000002079700" lastname="main" />
</exclusive-start>
<af-start id="148" threadId="000000000207A088" totalBytesRequested="9896" timestamp="2019-07-02T20:53:14.540" intervalms="243.954" type="nursery" />
<cycle-start id="149" type="scavenge" contextid="0" timestamp="2019-07-02T20:53:14.540" intervalms="243.949" />
  <attribute name="GC Util" value="0" />
  <attribute name="CPU Util" value="55182662210" />
  <attribute name="Time Running"value="1511"/>
  <attribute name="Number of cores"value="4"/>
<gc-start id="150" type="scavenge" contextid="149" timestamp="2019-07-02T20:53:14.540">
  <mem-info id="151" free="5007608" total="8388608" percent="59">
    <mem type="nursery" free="0" total="2097152" percent="0">
      <mem type="allocate" free="0" total="1245184" percent="0" />
      <mem type="survivor" free="0" total="851968" percent="0" />
    </mem>
    <mem type="tenure" free="5007608" total="6291456" percent="79">
      <mem type="soa" free="4693240" total="5977088" percent="78" />
      <mem type="loa" free="314368" total="314368" percent="100" />
    </mem>
    <remembered-set count="400" />
  </mem-info>
</gc-start>
<allocation-stats totalBytes="455464" >
  <allocated-bytes non-tlh="67312" tlh="388152" />
  <largest-consumer threadName="main" threadId="0000000002079700" bytes="455464" />
</allocation-stats>
<gc-op id="152" type="scavenge" timems="2.076" contextid="149" timestamp="2019-07-02T20:53:14.542">
  <scavenger-info tenureage="2" tenuremask="ffec" tiltratio="59" />
  <memory-copied type="nursery" objects="20013" bytes="689000" bytesdiscarded="90960" />
  <memory-copied type="tenure" objects="11423" bytes="374032" bytesdiscarded="24" />
  <references type="phantom" candidates="2" cleared="1" enqueued="1" />
</gc-op>
<gc-end id="153" type="scavenge" contextid="149" durationms="2.291" usertimems="4.000" systemtimems="0.000" timestamp="2019-07-02T20:53:14.542" activeThreads="4">
  <mem-info id="154" free="5002776" total="8388608" percent="59">
    <mem type="nursery" free="465224" total="2097152" percent="22">
      <mem type="allocate" free="465224" total="1245184" percent="37" />
      <mem type="survivor" free="0" total="851968" percent="0" />
    </mem>
    <mem type="tenure" free="4537552" total="6291456" percent="72">
      <mem type="soa" free="4223184" total="5977088" percent="70" />
      <mem type="loa" free="314368" total="314368" percent="100" />
    </mem>
    <pending-finalizers system="0" default="0" reference="1" classloader="0" />
    <remembered-set count="72" />
  </mem-info>
</gc-end>
<cycle-end id="155" type="scavenge" contextid="149" timestamp="2019-07-02T20:53:14.542">
  <attribute name="GC Util" value="1" />
  <attribute name="CPU Util" value="75620855854" />
  <attribute name="Time Running"value="1755"/>
  <attribute name="Number of cores"value="4"/>
</cycle-end>
<allocation-satisfied id="156" threadId="0000000002079700" bytesRequested="9896" />
<af-end id="157" timestamp="2019-07-02T20:53:14.543" threadId="000000000207A088" success="true" from="nursery"/>
<exclusive-end id="158" timestamp="2019-07-02T20:53:14.543" durationms="2.977" />

<exclusive-start id="159" timestamp="2019-07-02T20:53:14.726" intervalms="186.155">
  <response-info timems="0.035" idlems="0.035" threads="0" lastid="0000000002079700" lastname="main" />
</exclusive-start>
<af-start id="160" threadId="000000000207A088" totalBytesRequested="24" timestamp="2019-07-02T20:53:14.726" intervalms="186.272" type="nursery" />
<cycle-start id="161" type="scavenge" contextid="0" timestamp="2019-07-02T20:53:14.726" intervalms="186.355" />
  <attribute name="GC Util" value="1" />
  <attribute name="CPU Util" value="75620855854" />
  <attribute name="Time Running"value="1755"/>
  <attribute name="Number of cores"value="4"/>
<gc-start id="162" type="scavenge" contextid="161" timestamp="2019-07-02T20:53:14.726">
  <mem-info id="163" free="4537512" total="8388608" percent="54">
    <mem type="nursery" free="0" total="2097152" percent="0">
      <mem type="allocate" free="0" total="1245184" percent="0" />
      <mem type="survivor" free="0" total="851968" percent="0" />
    </mem>
    <mem type="tenure" free="4537512" total="6291456" percent="72">
      <mem type="soa" free="4223144" total="5977088" percent="70" />
      <mem type="loa" free="314368" total="314368" percent="100" />
    </mem>
    <remembered-set count="76" />
  </mem-info>
</gc-start>
<allocation-stats totalBytes="465176" >
  <allocated-bytes non-tlh="76456" tlh="388720" />
  <largest-consumer threadName="main" threadId="0000000002079700" bytes="465176" />
</allocation-stats>
<gc-op id="164" type="scavenge" timems="1.951" contextid="161" timestamp="2019-07-02T20:53:14.729">
  <scavenger-info tenureage="5" tenuremask="ffe0" tiltratio="59" />
  <memory-copied type="nursery" objects="23352" bytes="851264" bytesdiscarded="704" />
  <memory-copied type="tenure" objects="8979" bytes="200152" bytesdiscarded="16" />
  <copy-failed type="nursery" objects="8979" bytes="200152" />
  <references type="phantom" candidates="2" cleared="1" enqueued="1" />
</gc-op>
<gc-end id="165" type="scavenge" contextid="161" durationms="2.347" usertimems="0.000" systemtimems="4.000" timestamp="2019-07-02T20:53:14.729" activeThreads="4">
  <mem-info id="166" free="4633512" total="8388608" percent="55">
    <mem type="nursery" free="196608" total="2097152" percent="9">
      <mem type="allocate" free="196608" total="1048576" percent="18" />
      <mem type="survivor" free="0" total="1048576" percent="0" />
    </mem>
    <mem type="tenure" free="4436904" total="6291456" percent="70">
      <mem type="soa" free="4122536" total="5977088" percent="68" />
      <mem type="loa" free="314368" total="314368" percent="100" />
    </mem>
    <pending-finalizers system="0" default="0" reference="1" classloader="0" />
    <remembered-set count="385" />
  </mem-info>
</gc-end>
<cycle-end id="167" type="scavenge" contextid="161" timestamp="2019-07-02T20:53:14.729">
  <attribute name="GC Util" value="2" />
  <attribute name="CPU Util" value="7" />
  <attribute name="Time Running"value="1941"/>
  <attribute name="Number of cores"value="4"/>
</cycle-end>
<allocation-satisfied id="168" threadId="0000000002079700" bytesRequested="24" />
<af-end id="169" timestamp="2019-07-02T20:53:14.729" threadId="000000000207A088" success="true" from="nursery"/>
<exclusive-end id="170" timestamp="2019-07-02T20:53:14.729" durationms="3.144" />

<exclusive-start id="171" timestamp="2019-07-02T20:53:14.974" intervalms="248.122">
  <response-info timems="0.019" idlems="0.019" threads="0" lastid="0000000002079700" lastname="main" />
</exclusive-start>
<af-start id="172" threadId="000000000207A088" totalBytesRequested="24" timestamp="2019-07-02T20:53:14.974" intervalms="248.021" type="nursery" />
<cycle-start id="173" type="scavenge" contextid="0" timestamp="2019-07-02T20:53:14.974" intervalms="247.981" />
  <attribute name="GC Util" value="2" />
  <attribute name="CPU Util" value="7" />
  <attribute name="Time Running"value="1941"/>
  <attribute name="Number of cores"value="4"/>
<gc-start id="174" type="scavenge" contextid="173" timestamp="2019-07-02T20:53:14.974">
  <mem-info id="175" free="4436904" total="8388608" percent="52">
    <mem type="nursery" free="0" total="2097152" percent="0">
      <mem type="allocate" free="0" total="1048576" percent="0" />
      <mem type="survivor" free="0" total="1048576" percent="0" />
    </mem>
    <mem type="tenure" free="4436904" total="6291456" percent="70">
      <mem type="soa" free="4122536" total="5977088" percent="68" />
      <mem type="loa" free="314368" total="314368" percent="100" />
    </mem>
    <remembered-set count="387" />
  </mem-info>
</gc-start>
<allocation-stats totalBytes="196576" >
  <allocated-bytes non-tlh="24" tlh="196552" />
  <largest-consumer threadName="main" threadId="0000000002079700" bytes="196576" />
</allocation-stats>
<gc-op id="176" type="scavenge" timems="1.846" contextid="173" timestamp="2019-07-02T20:53:14.976">
  <scavenger-info tenureage="3" tenuremask="7fc8" tiltratio="50" />
  <memory-copied type="nursery" objects="16506" bytes="609544" bytesdiscarded="127904" />
  <memory-copied type="tenure" objects="10116" bytes="322808" bytesdiscarded="64" />
  <references type="phantom" candidates="2" cleared="1" enqueued="1" />
</gc-op>
<gc-end id="177" type="scavenge" contextid="173" durationms="2.023" usertimems="4.000" systemtimems="0.000" timestamp="2019-07-02T20:53:14.976" activeThreads="4">
  <mem-info id="178" free="4328768" total="8388608" percent="51">
    <mem type="nursery" free="311128" total="2097152" percent="14">
      <mem type="allocate" free="311128" total="1048576" percent="29" />
      <mem type="survivor" free="0" total="1048576" percent="0" />
    </mem>
    <mem type="tenure" free="4017640" total="6291456" percent="63">
      <mem type="soa" free="3703272" total="5977088" percent="61" />
      <mem type="loa" free="314368" total="314368" percent="100" />
    </mem>
    <pending-finalizers system="0" default="0" reference="1" classloader="0" />
    <remembered-set count="178" />
  </mem-info>
</gc-end>
<cycle-end id="179" type="scavenge" contextid="173" timestamp="2019-07-02T20:53:14.976">
  <attribute name="GC Util" value="1" />
  <attribute name="CPU Util" value="74464723520" />
  <attribute name="Time Running"value="2189"/>
  <attribute name="Number of cores"value="4"/>
</cycle-end>
<allocation-satisfied id="180" threadId="0000000002079700" bytesRequested="24" />
<af-end id="181" timestamp="2019-07-02T20:53:14.977" threadId="000000000207A088" success="true" from="nursery"/>
<exclusive-end id="182" timestamp="2019-07-02T20:53:14.977" durationms="2.500" />

<exclusive-start id="183" timestamp="2019-07-02T20:53:15.094" intervalms="119.666">
  <response-info timems="0.038" idlems="0.038" threads="0" lastid="0000000002079700" lastname="main" />
</exclusive-start>
<af-start id="184" threadId="000000000207A088" totalBytesRequested="24" timestamp="2019-07-02T20:53:15.094" intervalms="119.676" type="nursery" />
<cycle-start id="185" type="scavenge" contextid="0" timestamp="2019-07-02T20:53:15.094" intervalms="119.727" />
  <attribute name="GC Util" value="1" />
  <attribute name="CPU Util" value="74464723520" />
  <attribute name="Time Running"value="2189"/>
  <attribute name="Number of cores"value="4"/>
<gc-start id="186" type="scavenge" contextid="185" timestamp="2019-07-02T20:53:15.094">
  <mem-info id="187" free="4017640" total="8388608" percent="47">
    <mem type="nursery" free="0" total="2097152" percent="0">
      <mem type="allocate" free="0" total="1048576" percent="0" />
      <mem type="survivor" free="0" total="1048576" percent="0" />
    </mem>
    <mem type="tenure" free="4017640" total="6291456" percent="63">
      <mem type="soa" free="3703272" total="5977088" percent="61" />
      <mem type="loa" free="314368" total="314368" percent="100" />
    </mem>
    <remembered-set count="180" />
  </mem-info>
</gc-start>
<allocation-stats totalBytes="311088" >
  <allocated-bytes non-tlh="65272" tlh="245816" />
  <largest-consumer threadName="main" threadId="0000000002079700" bytes="311088" />
</allocation-stats>
<gc-op id="188" type="scavenge" timems="0.903" contextid="185" timestamp="2019-07-02T20:53:15.095">
  <scavenger-info tenureage="3" tenuremask="7fe8" tiltratio="50" />
  <memory-copied type="nursery" objects="19250" bytes="640608" bytesdiscarded="119584" />
  <memory-copied type="tenure" objects="5025" bytes="238976" bytesdiscarded="576" />
  <references type="phantom" candidates="2" cleared="1" enqueued="1" />
</gc-op>
<gc-end id="189" type="scavenge" contextid="185" durationms="1.226" usertimems="0.000" systemtimems="0.000" timestamp="2019-07-02T20:53:15.095" activeThreads="4">
  <mem-info id="190" free="4196584" total="8388608" percent="50">
    <mem type="nursery" free="288384" total="2097152" percent="13">
      <mem type="allocate" free="288384" total="1048576" percent="27" />
      <mem type="survivor" free="0" total="1048576" percent="0" />
    </mem>
    <mem type="tenure" free="3908200" total="6291456" percent="62">
      <mem type="soa" free="3593832" total="5977088" percent="60" />
      <mem type="loa" free="314368" total="314368" percent="100" />
    </mem>
    <pending-finalizers system="0" default="0" reference="1" classloader="0" />
    <remembered-set count="177" />
  </mem-info>
</gc-end>
<cycle-end id="191" type="scavenge" contextid="185" timestamp="2019-07-02T20:53:15.095">
  <attribute name="GC Util" value="3" />
  <attribute name="CPU Util" value="153881547348" />
  <attribute name="Time Running"value="2309"/>
  <attribute name="Number of cores"value="4"/>
</cycle-end>
<allocation-satisfied id="192" threadId="0000000002079700" bytesRequested="24" />
<af-end id="193" timestamp="2019-07-02T20:53:15.096" threadId="000000000207A088" success="true" from="nursery"/>
<exclusive-end id="194" timestamp="2019-07-02T20:53:15.096" durationms="1.905" />

<exclusive-start id="195" timestamp="2019-07-02T20:53:15.341" intervalms="247.356">
  <response-info timems="0.032" idlems="0.032" threads="0" lastid="0000000002079700" lastname="main" />
</exclusive-start>
<af-start id="196" threadId="000000000207A088" totalBytesRequested="24" timestamp="2019-07-02T20:53:15.341" intervalms="247.366" type="nursery" />
<cycle-start id="197" type="scavenge" contextid="0" timestamp="2019-07-02T20:53:15.341" intervalms="247.332" />
  <attribute name="GC Util" value="3" />
  <attribute name="CPU Util" value="153881547348" />
  <attribute name="Time Running"value="2309"/>
  <attribute name="Number of cores"value="4"/>
<gc-start id="198" type="scavenge" contextid="197" timestamp="2019-07-02T20:53:15.341">
  <mem-info id="199" free="3908200" total="8388608" percent="46">
    <mem type="nursery" free="0" total="2097152" percent="0">
      <mem type="allocate" free="0" total="1048576" percent="0" />
      <mem type="survivor" free="0" total="1048576" percent="0" />
    </mem>
    <mem type="tenure" free="3908200" total="6291456" percent="62">
      <mem type="soa" free="3593832" total="5977088" percent="60" />
      <mem type="loa" free="314368" total="314368" percent="100" />
    </mem>
    <remembered-set count="179" />
  </mem-info>
</gc-start>
<allocation-stats totalBytes="288336" >
  <allocated-bytes non-tlh="40408" tlh="247928" />
  <largest-consumer threadName="main" threadId="0000000002079700" bytes="288336" />
</allocation-stats>
<gc-op id="200" type="scavenge" timems="1.468" contextid="197" timestamp="2019-07-02T20:53:15.343">
  <scavenger-info tenureage="3" tenuremask="7ff8" tiltratio="50" />
  <memory-copied type="nursery" objects="17103" bytes="558320" bytesdiscarded="110576" />
  <memory-copied type="tenure" objects="8125" bytes="269640" bytesdiscarded="0" />
  <references type="phantom" candidates="2" cleared="1" enqueued="1" />
</gc-op>
<gc-end id="201" type="scavenge" contextid="197" durationms="1.879" usertimems="4.000" systemtimems="0.000" timestamp="2019-07-02T20:53:15.343" activeThreads="4">
  <mem-info id="202" free="3942064" total="8388608" percent="46">
    <mem type="nursery" free="379680" total="2097152" percent="18">
      <mem type="allocate" free="379680" total="1048576" percent="36" />
      <mem type="survivor" free="0" total="1048576" percent="0" />
    </mem>
    <mem type="tenure" free="3562384" total="6291456" percent="56">
      <mem type="soa" free="3248016" total="5977088" percent="54" />
      <mem type="loa" free="314368" total="314368" percent="100" />
    </mem>
    <pending-finalizers system="0" default="0" reference="1" classloader="0" />
    <remembered-set count="69" />
  </mem-info>
</gc-end>
<cycle-end id="203" type="scavenge" contextid="197" timestamp="2019-07-02T20:53:15.343">
  <attribute name="GC Util" value="0" />
  <attribute name="CPU Util" value="74546480582" />
  <attribute name="Time Running"value="2556"/>
  <attribute name="Number of cores"value="4"/>
</cycle-end>
<allocation-satisfied id="204" threadId="0000000002079700" bytesRequested="24" />
<af-end id="205" timestamp="2019-07-02T20:53:15.344" threadId="000000000207A088" success="true" from="nursery"/>
<exclusive-end id="206" timestamp="2019-07-02T20:53:15.344" durationms="2.594" />

<exclusive-start id="207" timestamp="2019-07-02T20:53:15.536" intervalms="194.993">
  <response-info timems="0.032" idlems="0.032" threads="0" lastid="0000000002079700" lastname="main" />
</exclusive-start>
<af-start id="208" threadId="000000000207A088" totalBytesRequested="24" timestamp="2019-07-02T20:53:15.536" intervalms="194.986" type="nursery" />
<cycle-start id="209" type="scavenge" contextid="0" timestamp="2019-07-02T20:53:15.536" intervalms="195.005" />
  <attribute name="GC Util" value="0" />
  <attribute name="CPU Util" value="74546480582" />
  <attribute name="Time Running"value="2556"/>
  <attribute name="Number of cores"value="4"/>
<gc-start id="210" type="scavenge" contextid="209" timestamp="2019-07-02T20:53:15.536">
  <mem-info id="211" free="3562384" total="8388608" percent="42">
    <mem type="nursery" free="0" total="2097152" percent="0">
      <mem type="allocate" free="0" total="1048576" percent="0" />
      <mem type="survivor" free="0" total="1048576" percent="0" />
    </mem>
    <mem type="tenure" free="3562384" total="6291456" percent="56">
      <mem type="soa" free="3248016" total="5977088" percent="54" />
      <mem type="loa" free="314368" total="314368" percent="100" />
    </mem>
    <remembered-set count="71" />
  </mem-info>
</gc-start>
<allocation-stats totalBytes="379640" >
  <allocated-bytes non-tlh="65736" tlh="313904" />
  <largest-consumer threadName="main" threadId="0000000002079700" bytes="379640" />
</allocation-stats>
<gc-op id="212" type="scavenge" timems="1.832" contextid="209" timestamp="2019-07-02T20:53:15.539">
  <scavenger-info tenureage="3" tenuremask="7ff8" tiltratio="50" />
  <memory-copied type="nursery" objects="23510" bytes="773360" bytesdiscarded="22688" />
  <memory-copied type="tenure" objects="3270" bytes="95376" bytesdiscarded="16" />
  <references type="phantom" candidates="2" cleared="1" enqueued="1" />
</gc-op>
<gc-end id="213" type="scavenge" contextid="209" durationms="2.243" usertimems="4.000" systemtimems="0.000" timestamp="2019-07-02T20:53:15.539" activeThreads="4">
  <mem-info id="214" free="3613696" total="8388608" percent="43">
    <mem type="nursery" free="252528" total="2097152" percent="12">
      <mem type="allocate" free="252528" total="1048576" percent="24" />
      <mem type="survivor" free="0" total="1048576" percent="0" />
    </mem>
    <mem type="tenure" free="3361168" total="6291456" percent="53">
      <mem type="soa" free="3046800" total="5977088" percent="50" />
      <mem type="loa" free="314368" total="314368" percent="100" />
    </mem>
    <pending-finalizers system="0" default="0" reference="1" classloader="0" />
    <remembered-set count="69" />
  </mem-info>
</gc-end>
<cycle-end id="215" type="scavenge" contextid="209" timestamp="2019-07-02T20:53:15.539">
  <attribute name="GC Util" value="1" />
  <attribute name="CPU Util" value="94596699071" />
  <attribute name="Time Running"value="2751"/>
  <attribute name="Number of cores"value="4"/>
</cycle-end>
<allocation-satisfied id="216" threadId="0000000002079700" bytesRequested="24" />
<af-end id="217" timestamp="2019-07-02T20:53:15.539" threadId="000000000207A088" success="true" from="nursery"/>
<exclusive-end id="218" timestamp="2019-07-02T20:53:15.539" durationms="2.954" />

<exclusive-start id="219" timestamp="2019-07-02T20:53:15.735" intervalms="198.943">
  <response-info timems="0.019" idlems="0.019" threads="0" lastid="0000000002079700" lastname="main" />
</exclusive-start>
<af-start id="220" threadId="000000000207A088" totalBytesRequested="4312" timestamp="2019-07-02T20:53:15.735" intervalms="198.979" type="nursery" />
<cycle-start id="221" type="scavenge" contextid="0" timestamp="2019-07-02T20:53:15.735" intervalms="198.933" />
  <attribute name="GC Util" value="1" />
  <attribute name="CPU Util" value="94596699071" />
  <attribute name="Time Running"value="2751"/>
  <attribute name="Number of cores"value="4"/>
<gc-start id="222" type="scavenge" contextid="221" timestamp="2019-07-02T20:53:15.735">
  <mem-info id="223" free="3359408" total="8388608" percent="40">
    <mem type="nursery" free="0" total="2097152" percent="0">
      <mem type="allocate" free="0" total="1048576" percent="0" />
      <mem type="survivor" free="0" total="1048576" percent="0" />
    </mem>
    <mem type="tenure" free="3359408" total="6291456" percent="53">
      <mem type="soa" free="3045040" total="5977088" percent="50" />
      <mem type="loa" free="314368" total="314368" percent="100" />
    </mem>
    <remembered-set count="101" />
  </mem-info>
</gc-start>
<allocation-stats totalBytes="250064" >
  <allocated-bytes non-tlh="1784" tlh="248280" />
  <largest-consumer threadName="main" threadId="0000000002079700" bytes="250064" />
</allocation-stats>
<gc-op id="224" type="scavenge" timems="1.696" contextid="221" timestamp="2019-07-02T20:53:15.737">
  <scavenger-info tenureage="2" tenuremask="7ffc" tiltratio="50" />
  <memory-copied type="nursery" objects="11912" bytes="422176" bytesdiscarded="62352" />
  <memory-copied type="tenure" objects="13747" bytes="449632" bytesdiscarded="0" />
  <references type="weak" candidates="6" cleared="5" enqueued="5" />
  <references type="phantom" candidates="2" cleared="1" enqueued="1" />
</gc-op>
<gc-end id="225" type="scavenge" contextid="221" durationms="1.929" usertimems="4.000" systemtimems="0.000" timestamp="2019-07-02T20:53:15.737" activeThreads="4">
  <mem-info id="226" free="3419144" total="8388608" percent="40">
    <mem type="nursery" free="563992" total="2097152" percent="26">
      <mem type="allocate" free="563992" total="1048576" percent="53" />
      <mem type="survivor" free="0" total="1048576" percent="0" />
    </mem>
    <mem type="tenure" free="2855152" total="6291456" percent="45">
      <mem type="soa" free="2540784" total="5977088" percent="42" />
      <mem type="loa" free="314368" total="314368" percent="100" />
    </mem>
    <pending-finalizers system="0" default="0" reference="6" classloader="0" />
    <remembered-set count="96" />
  </mem-info>
</gc-end>
<cycle-end id="227" type="scavenge" contextid="221" timestamp="2019-07-02T20:53:15.737">
  <attribute name="GC Util" value="1" />
  <attribute name="CPU Util" value="92795268133" />
  <attribute name="Time Running"value="2950"/>
  <attribute name="Number of cores"value="4"/>
</cycle-end>
<allocation-satisfied id="228" threadId="0000000002079700" bytesRequested="4312" />
<af-end id="229" timestamp="2019-07-02T20:53:15.738" threadId="000000000207A088" success="true" from="nursery"/>
<exclusive-end id="230" timestamp="2019-07-02T20:53:15.738" durationms="2.518" />

<exclusive-start id="231" timestamp="2019-07-02T20:53:15.750" intervalms="14.522">
  <response-info timems="0.009" idlems="0.009" threads="0" lastid="0000000002079700" lastname="main" />
</exclusive-start>
<af-start id="232" threadId="000000000207A088" totalBytesRequested="47328" timestamp="2019-07-02T20:53:15.750" intervalms="14.490" type="nursery" />
<cycle-start id="233" type="scavenge" contextid="0" timestamp="2019-07-02T20:53:15.750" intervalms="14.489" />
  <attribute name="GC Util" value="1" />
  <attribute name="CPU Util" value="92795268133" />
  <attribute name="Time Running"value="2950"/>
  <attribute name="Number of cores"value="4"/>
<gc-start id="234" type="scavenge" contextid="233" timestamp="2019-07-02T20:53:15.750">
  <mem-info id="235" free="2835576" total="8388608" percent="33">
    <mem type="nursery" free="0" total="2097152" percent="0">
      <mem type="allocate" free="0" total="1048576" percent="0" />
      <mem type="survivor" free="0" total="1048576" percent="0" />
    </mem>
    <mem type="tenure" free="2835576" total="6291456" percent="45">
      <mem type="soa" free="2521208" total="5977088" percent="42" />
      <mem type="loa" free="314368" total="314368" percent="100" />
    </mem>
    <remembered-set count="484" />
  </mem-info>
</gc-start>
<allocation-stats totalBytes="581472" >
  <allocated-bytes non-tlh="71216" tlh="510256" />
  <largest-consumer threadName="main" threadId="0000000002079700" bytes="581472" />
</allocation-stats>
<gc-op id="236" type="scavenge" timems="1.057" contextid="233" timestamp="2019-07-02T20:53:15.751">
  <scavenger-info tenureage="1" tenuremask="7ffe" tiltratio="50" />
  <memory-copied type="nursery" objects="1028" bytes="108096" bytesdiscarded="63424" />
  <memory-copied type="tenure" objects="11832" bytes="377104" bytesdiscarded="32" />
  <references type="weak" candidates="1" cleared="0" enqueued="0" />
  <references type="phantom" candidates="1" cleared="0" enqueued="0" />
</gc-op>
<gc-end id="237" type="scavenge" contextid="233" durationms="1.274" usertimems="0.000" systemtimems="0.000" timestamp="2019-07-02T20:53:15.751" activeThreads="4">
  <mem-info id="238" free="3511232" total="8388608" percent="41">
    <mem type="nursery" free="942584" total="2097152" percent="44">
      <mem type="allocate" free="942584" total="1114112" percent="84" />
      <mem type="survivor" free="0" total="983040" percent="0" />
    </mem>
    <mem type="tenure" free="2568648" total="6291456" percent="40">
      <mem type="soa" free="2254280" total="5977088" percent="37" />
      <mem type="loa" free="314368" total="314368" percent="100" />
    </mem>
    <remembered-set count="474" />
  </mem-info>
</gc-end>
<cycle-end id="239" type="scavenge" contextid="233" timestamp="2019-07-02T20:53:15.751">
  <attribute name="GC Util" value="23" />
  <attribute name="CPU Util" value="1274874483639" />
  <attribute name="Time Running"value="2965"/>
  <attribute name="Number of cores"value="4"/>
</cycle-end>
<allocation-satisfied id="240" threadId="0000000002079700" bytesRequested="47328" />
<af-end id="241" timestamp="2019-07-02T20:53:15.751" threadId="000000000207A088" success="true" from="nursery"/>
<exclusive-end id="242" timestamp="2019-07-02T20:53:15.751" durationms="1.826" />

<exclusive-start id="243" timestamp="2019-07-02T20:53:15.839" intervalms="89.677">
  <response-info timems="0.010" idlems="0.010" threads="0" lastid="0000000002079700" lastname="main" />
</exclusive-start>
<af-start id="244" threadId="000000000207A088" totalBytesRequested="10904" timestamp="2019-07-02T20:53:15.839" intervalms="89.652" type="nursery" />
<cycle-start id="245" type="scavenge" contextid="0" timestamp="2019-07-02T20:53:15.839" intervalms="89.621" />
  <attribute name="GC Util" value="23" />
  <attribute name="CPU Util" value="1274874483639" />
  <attribute name="Time Running"value="2965"/>
  <attribute name="Number of cores"value="4"/>
<gc-start id="246" type="scavenge" contextid="245" timestamp="2019-07-02T20:53:15.839">
  <mem-info id="247" free="2547344" total="8388608" percent="30">
    <mem type="nursery" free="0" total="2097152" percent="0">
      <mem type="allocate" free="0" total="1114112" percent="0" />
      <mem type="survivor" free="0" total="983040" percent="0" />
    </mem>
    <mem type="tenure" free="2547344" total="6291456" percent="40">
      <mem type="soa" free="2232976" total="5977088" percent="37" />
      <mem type="loa" free="314368" total="314368" percent="100" />
    </mem>
    <remembered-set count="733" />
  </mem-info>
</gc-start>
<allocation-stats totalBytes="952240" >
  <allocated-bytes non-tlh="68632" tlh="883608" />
  <largest-consumer threadName="main" threadId="0000000002079700" bytes="952240" />
</allocation-stats>
<gc-op id="248" type="scavenge" timems="0.342" contextid="245" timestamp="2019-07-02T20:53:15.840">
  <scavenger-info tenureage="2" tenuremask="7ffc" tiltratio="53" />
  <memory-copied type="nursery" objects="1940" bytes="124760" bytesdiscarded="67512" />
  <references type="weak" candidates="3" cleared="2" enqueued="2" />
  <references type="phantom" candidates="1" cleared="0" enqueued="0" />
</gc-op>
<gc-end id="249" type="scavenge" contextid="245" durationms="0.528" usertimems="0.000" systemtimems="0.000" timestamp="2019-07-02T20:53:15.840" activeThreads="4">
  <mem-info id="250" free="3600224" total="8388608" percent="42">
    <mem type="nursery" free="1052880" total="2097152" percent="50">
      <mem type="allocate" free="1052880" total="1245184" percent="84" />
      <mem type="survivor" free="0" total="851968" percent="0" />
    </mem>
    <mem type="tenure" free="2547344" total="6291456" percent="40">
      <mem type="soa" free="2232976" total="5977088" percent="37" />
      <mem type="loa" free="314368" total="314368" percent="100" />
    </mem>
    <pending-finalizers system="0" default="0" reference="2" classloader="0" />
    <remembered-set count="708" />
  </mem-info>
</gc-end>
<cycle-end id="251" type="scavenge" contextid="245" timestamp="2019-07-02T20:53:15.840">
  <attribute name="GC Util" value="2" />
  <attribute name="CPU Util" value="206043345912" />
  <attribute name="Time Running"value="3054"/>
  <attribute name="Number of cores"value="4"/>
</cycle-end>
<allocation-satisfied id="252" threadId="0000000002079700" bytesRequested="10904" />
<af-end id="253" timestamp="2019-07-02T20:53:15.840" threadId="000000000207A088" success="true" from="nursery"/>
<exclusive-end id="254" timestamp="2019-07-02T20:53:15.840" durationms="0.966" />

<exclusive-start id="255" timestamp="2019-07-02T20:53:15.860" intervalms="21.236">
  <response-info timems="0.053" idlems="0.053" threads="0" lastid="0000000002079700" lastname="main" />
</exclusive-start>
<af-start id="256" threadId="000000000207A088" totalBytesRequested="36904" timestamp="2019-07-02T20:53:15.861" intervalms="21.297" type="nursery" />
<cycle-start id="257" type="scavenge" contextid="0" timestamp="2019-07-02T20:53:15.861" intervalms="21.354" />
  <attribute name="GC Util" value="2" />
  <attribute name="CPU Util" value="206043345912" />
  <attribute name="Time Running"value="3054"/>
  <attribute name="Number of cores"value="4"/>
<gc-start id="258" type="scavenge" contextid="257" timestamp="2019-07-02T20:53:15.861">
  <mem-info id="259" free="2531176" total="8388608" percent="30">
    <mem type="nursery" free="0" total="2097152" percent="0">
      <mem type="allocate" free="0" total="1245184" percent="0" />
      <mem type="survivor" free="0" total="851968" percent="0" />
    </mem>
    <mem type="tenure" free="2531176" total="6291456" percent="40">
      <mem type="soa" free="2216808" total="5977088" percent="37" />
      <mem type="loa" free="314368" total="314368" percent="100" />
    </mem>
    <remembered-set count="914" />
  </mem-info>
</gc-start>
<allocation-stats totalBytes="1065760" >
  <allocated-bytes non-tlh="27072" tlh="1038688" />
  <largest-consumer threadName="main" threadId="0000000002079700" bytes="1065760" />
</allocation-stats>
<gc-op id="260" type="scavenge" timems="0.614" contextid="257" timestamp="2019-07-02T20:53:15.862">
  <scavenger-info tenureage="2" tenuremask="7ffc" tiltratio="59" />
  <memory-copied type="nursery" objects="6600" bytes="392936" bytesdiscarded="84032" />
  <memory-copied type="tenure" objects="908" bytes="26024" bytesdiscarded="0" />
</gc-op>
<gc-end id="261" type="scavenge" contextid="257" durationms="0.900" usertimems="0.000" systemtimems="0.000" timestamp="2019-07-02T20:53:15.862" activeThreads="4">
  <mem-info id="262" free="3364848" total="8388608" percent="40">
    <mem type="nursery" free="833672" total="2097152" percent="39">
      <mem type="allocate" free="833672" total="1310720" percent="63" />
      <mem type="survivor" free="0" total="786432" percent="0" />
    </mem>
    <mem type="tenure" free="2531176" total="6291456" percent="40">
      <mem type="soa" free="2216808" total="5977088" percent="37" />
      <mem type="loa" free="314368" total="314368" percent="100" />
    </mem>
    <remembered-set count="543" />
  </mem-info>
</gc-end>
<cycle-end id="263" type="scavenge" contextid="257" timestamp="2019-07-02T20:53:15.862">
  <attribute name="GC Util" value="3" />
  <attribute name="CPU Util" value="858091266781" />
  <attribute name="Time Running"value="3076"/>
  <attribute name="Number of cores"value="4"/>
</cycle-end>
<allocation-satisfied id="264" threadId="0000000002079700" bytesRequested="36904" />
<af-end id="265" timestamp="2019-07-02T20:53:15.862" threadId="000000000207A088" success="true" from="nursery"/>
<exclusive-end id="266" timestamp="2019-07-02T20:53:15.862" durationms="1.497" />

<exclusive-start id="267" timestamp="2019-07-02T20:53:15.872" intervalms="11.559">
  <response-info timems="0.027" idlems="0.027" threads="0" lastid="0000000002079700" lastname="main" />
</exclusive-start>
<af-start id="268" threadId="000000000207A088" totalBytesRequested="8808" timestamp="2019-07-02T20:53:15.872" intervalms="11.533" type="nursery" />
<cycle-start id="269" type="scavenge" contextid="0" timestamp="2019-07-02T20:53:15.872" intervalms="11.522" />
  <attribute name="GC Util" value="3" />
  <attribute name="CPU Util" value="858091266781" />
  <attribute name="Time Running"value="3076"/>
  <attribute name="Number of cores"value="4"/>
<gc-start id="270" type="scavenge" contextid="269" timestamp="2019-07-02T20:53:15.872">
  <mem-info id="271" free="2531176" total="8388608" percent="30">
    <mem type="nursery" free="0" total="2097152" percent="0">
      <mem type="allocate" free="0" total="1310720" percent="0" />
      <mem type="survivor" free="0" total="786432" percent="0" />
    </mem>
    <mem type="tenure" free="2531176" total="6291456" percent="40">
      <mem type="soa" free="2216808" total="5977088" percent="37" />
      <mem type="loa" free="314368" total="314368" percent="100" />
    </mem>
    <remembered-set count="555" />
  </mem-info>
</gc-start>
<allocation-stats totalBytes="810336" >
  <allocated-bytes non-tlh="110712" tlh="699624" />
  <largest-consumer threadName="main" threadId="0000000002079700" bytes="810336" />
</allocation-stats>
<gc-op id="272" type="scavenge" timems="1.052" contextid="269" timestamp="2019-07-02T20:53:15.873">
  <scavenger-info tenureage="2" tenuremask="7ffc" tiltratio="62" />
  <memory-copied type="nursery" objects="11543" bytes="776432" bytesdiscarded="9872" />
  <memory-copied type="tenure" objects="5909" bytes="280440" bytesdiscarded="1072" />
  <copy-failed type="nursery" objects="4904" bytes="201416" />
</gc-op>
<heap-resize id="273" type="expand" space="nursery" amount="131072" count="1" timems="0.206" reason="excessive time being spent scavenging" timestamp="2019-07-02T20:53:15.874" />
<gc-end id="274" type="scavenge" contextid="269" durationms="1.552" usertimems="4.000" systemtimems="0.000" timestamp="2019-07-02T20:53:15.874" activeThreads="4">
  <mem-info id="275" free="2541616" total="8519680" percent="29">
    <mem type="nursery" free="327680" total="2228224" percent="14">
      <mem type="allocate" free="327680" total="1114112" percent="29" />
      <mem type="survivor" free="0" total="1114112" percent="0" />
    </mem>
    <mem type="tenure" free="2213936" total="6291456" percent="35">
      <mem type="soa" free="1899568" total="5977088" percent="31" />
      <mem type="loa" free="314368" total="314368" percent="100" />
    </mem>
    <remembered-set count="1530" />
  </mem-info>
</gc-end>
<cycle-end id="276" type="scavenge" contextid="269" timestamp="2019-07-02T20:53:15.874">
  <attribute name="GC Util" value="10" />
  <attribute name="CPU Util" value="1623736623903" />
  <attribute name="Time Running"value="3087"/>
  <attribute name="Number of cores"value="4"/>
</cycle-end>
<allocation-satisfied id="277" threadId="0000000002079700" bytesRequested="8808" />
<af-end id="278" timestamp="2019-07-02T20:53:15.874" threadId="000000000207A088" success="true" from="nursery"/>
<exclusive-end id="279" timestamp="2019-07-02T20:53:15.874" durationms="2.063" />

<exclusive-start id="280" timestamp="2019-07-02T20:53:15.879" intervalms="6.481">
  <response-info timems="0.053" idlems="0.053" threads="0" lastid="0000000002079700" lastname="main" />
</exclusive-start>
<af-start id="281" threadId="000000000207A088" totalBytesRequested="61032" timestamp="2019-07-02T20:53:15.879" intervalms="6.432" type="nursery" />
<cycle-start id="282" type="scavenge" contextid="0" timestamp="2019-07-02T20:53:15.879" intervalms="6.380" />
  <attribute name="GC Util" value="10" />
  <attribute name="CPU Util" value="1623736623903" />
  <attribute name="Time Running"value="3087"/>
  <attribute name="Number of cores"value="4"/>
<gc-start id="283" type="scavenge" contextid="282" timestamp="2019-07-02T20:53:15.879">
  <mem-info id="284" free="2213936" total="8519680" percent="25">
    <mem type="nursery" free="0" total="2228224" percent="0">
      <mem type="allocate" free="0" total="1114112" percent="0" />
      <mem type="survivor" free="0" total="1114112" percent="0" />
    </mem>
    <mem type="tenure" free="2213936" total="6291456" percent="35">
      <mem type="soa" free="1899568" total="5977088" percent="31" />
      <mem type="loa" free="314368" total="314368" percent="100" />
    </mem>
    <remembered-set count="1534" />
  </mem-info>
</gc-start>
<allocation-stats totalBytes="321880" >
  <allocated-bytes non-tlh="69840" tlh="252040" />
  <largest-consumer threadName="main" threadId="0000000002079700" bytes="321880" />
</allocation-stats>
<gc-op id="285" type="scavenge" timems="1.088" contextid="282" timestamp="2019-07-02T20:53:15.880">
  <scavenger-info tenureage="1" tenuremask="7ffe" tiltratio="50" />
  <memory-copied type="nursery" objects="3780" bytes="271680" bytesdiscarded="42616" />
  <memory-copied type="tenure" objects="11383" bytes="773872" bytesdiscarded="1696" />
</gc-op>
<heap-resize id="286" type="expand" space="nursery" amount="262144" count="1" timems="0.012" reason="excessive time being spent scavenging" timestamp="2019-07-02T20:53:15.880" />
<gc-end id="287" type="scavenge" contextid="282" durationms="1.373" usertimems="4.000" systemtimems="0.000" timestamp="2019-07-02T20:53:15.880" activeThreads="4">
  <mem-info id="288" free="2418640" total="8781824" percent="27">
    <mem type="nursery" free="930856" total="2490368" percent="37">
      <mem type="allocate" free="930856" total="1245184" percent="74" />
      <mem type="survivor" free="0" total="1245184" percent="0" />
    </mem>
    <mem type="tenure" free="1487784" total="6291456" percent="23">
      <mem type="soa" free="1173416" total="5977088" percent="19" />
      <mem type="loa" free="314368" total="314368" percent="100" />
    </mem>
    <remembered-set count="91" />
  </mem-info>
</gc-end>
<cycle-end id="289" type="scavenge" contextid="282" timestamp="2019-07-02T20:53:15.880">
  <attribute name="GC Util" value="34" />
  <attribute name="CPU Util" value="2892732513566" />
  <attribute name="Time Running"value="3093"/>
  <attribute name="Number of cores"value="4"/>
</cycle-end>
<allocation-satisfied id="290" threadId="0000000002079700" bytesRequested="61032" />
<af-end id="291" timestamp="2019-07-02T20:53:15.880" threadId="000000000207A088" success="true" from="nursery"/>
<exclusive-end id="292" timestamp="2019-07-02T20:53:15.880" durationms="1.822" />

<exclusive-start id="293" timestamp="2019-07-02T20:53:15.893" intervalms="14.896">
  <response-info timems="0.051" idlems="0.051" threads="0" lastid="0000000002079700" lastname="main" />
</exclusive-start>
<af-start id="294" threadId="000000000207A088" totalBytesRequested="32" timestamp="2019-07-02T20:53:15.894" intervalms="14.942" type="nursery" />
<cycle-start id="295" type="scavenge" contextid="0" timestamp="2019-07-02T20:53:15.894" intervalms="15.001" />
  <attribute name="GC Util" value="34" />
  <attribute name="CPU Util" value="2892732513566" />
  <attribute name="Time Running"value="3093"/>
  <attribute name="Number of cores"value="4"/>
<gc-start id="296" type="scavenge" contextid="295" timestamp="2019-07-02T20:53:15.894">
  <mem-info id="297" free="1487784" total="8781824" percent="16">
    <mem type="nursery" free="0" total="2490368" percent="0">
      <mem type="allocate" free="0" total="1245184" percent="0" />
      <mem type="survivor" free="0" total="1245184" percent="0" />
    </mem>
    <mem type="tenure" free="1487784" total="6291456" percent="23">
      <mem type="soa" free="1173416" total="5977088" percent="19" />
      <mem type="loa" free="314368" total="314368" percent="100" />
    </mem>
    <remembered-set count="103" />
  </mem-info>
</gc-start>
<allocation-stats totalBytes="930024" >
  <allocated-bytes non-tlh="244128" tlh="685896" />
  <largest-consumer threadName="main" threadId="0000000002079700" bytes="930024" />
</allocation-stats>
<gc-op id="298" type="scavenge" timems="1.046" contextid="295" timestamp="2019-07-02T20:53:15.895">
  <scavenger-info tenureage="1" tenuremask="7ffe" tiltratio="50" />
  <memory-copied type="nursery" objects="9512" bytes="792920" bytesdiscarded="199480" />
  <memory-copied type="tenure" objects="3620" bytes="269120" bytesdiscarded="512" />
</gc-op>
<gc-end id="299" type="scavenge" contextid="295" durationms="1.376" usertimems="4.000" systemtimems="0.000" timestamp="2019-07-02T20:53:15.895" activeThreads="4">
  <mem-info id="300" free="1323976" total="8781824" percent="15">
    <mem type="nursery" free="252704" total="2490368" percent="10">
      <mem type="allocate" free="252704" total="1245184" percent="20" />
      <mem type="survivor" free="0" total="1245184" percent="0" />
    </mem>
    <mem type="tenure" free="1071272" total="6291456" percent="17">
      <mem type="soa" free="756904" total="5977088" percent="12" />
      <mem type="loa" free="314368" total="314368" percent="100" />
    </mem>
    <remembered-set count="98" />
  </mem-info>
</gc-end>
<cycle-end id="301" type="scavenge" contextid="295" timestamp="2019-07-02T20:53:15.895">
  <attribute name="GC Util" value="14" />
  <attribute name="CPU Util" value="1217142908846" />
  <attribute name="Time Running"value="3108"/>
  <attribute name="Number of cores"value="4"/>
</cycle-end>
<allocation-satisfied id="302" threadId="0000000002079700" bytesRequested="32" />
<af-end id="303" timestamp="2019-07-02T20:53:15.895" threadId="000000000207A088" success="true" from="nursery"/>
<exclusive-end id="304" timestamp="2019-07-02T20:53:15.895" durationms="2.028" />

<exclusive-start id="305" timestamp="2019-07-02T20:53:15.897" intervalms="3.688">
  <response-info timems="0.025" idlems="0.025" threads="0" lastid="0000000002079700" lastname="main" />
</exclusive-start>
<af-start id="306" threadId="000000000207A088" totalBytesRequested="16" timestamp="2019-07-02T20:53:15.897" intervalms="3.652" type="nursery" />
<cycle-start id="307" type="scavenge" contextid="0" timestamp="2019-07-02T20:53:15.897" intervalms="3.604" />
  <attribute name="GC Util" value="14" />
  <attribute name="CPU Util" value="1217142908846" />
  <attribute name="Time Running"value="3108"/>
  <attribute name="Number of cores"value="4"/>
<gc-start id="308" type="scavenge" contextid="307" timestamp="2019-07-02T20:53:15.897">
  <mem-info id="309" free="1071272" total="8781824" percent="12">
    <mem type="nursery" free="0" total="2490368" percent="0">
      <mem type="allocate" free="0" total="1245184" percent="0" />
      <mem type="survivor" free="0" total="1245184" percent="0" />
    </mem>
    <mem type="tenure" free="1071272" total="6291456" percent="17">
      <mem type="soa" free="756904" total="5977088" percent="12" />
      <mem type="loa" free="314368" total="314368" percent="100" />
    </mem>
    <remembered-set count="104" />
  </mem-info>
</gc-start>
<allocation-stats totalBytes="252688" >
  <allocated-bytes non-tlh="32" tlh="252656" />
  <largest-consumer threadName="main" threadId="0000000002079700" bytes="252688" />
</allocation-stats>
<gc-op id="310" type="scavenge" timems="0.934" contextid="307" timestamp="2019-07-02T20:53:15.898">
  <scavenger-info tenureage="1" tenuremask="7ffe" tiltratio="50" />
  <memory-copied type="nursery" objects="4709" bytes="197400" bytesdiscarded="104096" />
  <memory-copied type="tenure" objects="9498" bytes="792696" bytesdiscarded="688" />
</gc-op>
<heap-resize id="311" type="expand" space="nursery" amount="524288" count="1" timems="0.012" reason="excessive time being spent scavenging" timestamp="2019-07-02T20:53:15.898" />
<gc-end id="312" type="scavenge" contextid="307" durationms="1.175" usertimems="4.000" systemtimems="0.000" timestamp="2019-07-02T20:53:15.898" activeThreads="4">
  <mem-info id="313" free="1595496" total="9306112" percent="17">
    <mem type="nursery" free="1205792" total="3014656" percent="39">
      <mem type="allocate" free="1205792" total="1507328" percent="79" />
      <mem type="survivor" free="0" total="1507328" percent="0" />
    </mem>
    <mem type="tenure" free="389704" total="6291456" percent="6">
      <mem type="soa" free="75336" total="5977088" percent="1" />
      <mem type="loa" free="314368" total="314368" percent="100" />
    </mem>
    <remembered-set count="95" />
  </mem-info>
</gc-end>
<cycle-end id="314" type="scavenge" contextid="307" timestamp="2019-07-02T20:53:15.899">
  <attribute name="GC Util" value="62" />
  <attribute name="CPU Util" value="5352273396568" />
  <attribute name="Time Running"value="3112"/>
  <attribute name="Number of cores"value="4"/>
</cycle-end>
<allocation-satisfied id="315" threadId="0000000002079700" bytesRequested="16" />
<af-end id="316" timestamp="2019-07-02T20:53:15.899" threadId="000000000207A088" success="true" from="nursery"/>
<exclusive-end id="317" timestamp="2019-07-02T20:53:15.899" durationms="1.588" />

<concurrent-kickoff id="318" timestamp="2019-07-02T20:53:15.909">
  <kickoff reason="threshold reached" targetBytes="1867303" thresholdFreeBytes="258252"  remainingFree="217960" tenureFreeBytes="389704" nurseryFreeBytes="217960" />
</concurrent-kickoff>
<exclusive-start id="319" timestamp="2019-07-02T20:53:15.909" intervalms="12.291">
  <response-info timems="0.057" idlems="0.057" threads="0" lastid="0000000002079700" lastname="main" />
</exclusive-start>
<cycle-start id="320" type="global" contextid="0" timestamp="2019-07-02T20:53:15.909" intervalms="2418.414" />
  <attribute name="GC Util" value="62" />
  <attribute name="CPU Util" value="5352273396568" />
  <attribute name="Time Running"value="3112"/>
  <attribute name="Number of cores"value="4"/>
<exclusive-end id="321" timestamp="2019-07-02T20:53:15.910" durationms="0.200" />

<exclusive-start id="322" timestamp="2019-07-02T20:53:15.923" intervalms="13.418">
  <response-info timems="0.204" idlems="0.184" threads="1" lastid="000000000236F800" lastname="node-0" />
</exclusive-start>
<concurrent-collection-start id="323" timestamp="2019-07-02T20:53:15.923" intervalms="3252.810" >
  <concurrent-trace-info reason="card cleaning threshold reached" tracedByMutators="263012" tracedByHelpers="4112760" cardsCleaned="33" workStackOverflowCount="0" />
</concurrent-collection-start>
<gc-start id="324" type="global" contextid="320" timestamp="2019-07-02T20:53:15.923">
  <mem-info id="325" free="406720" total="9306112" percent="4">
    <mem type="nursery" free="17080" total="3014656" percent="0">
      <mem type="allocate" free="17080" total="1507328" percent="1" />
      <mem type="survivor" free="0" total="1507328" percent="0" />
    </mem>
    <mem type="tenure" free="389640" total="6291456" percent="6">
      <mem type="soa" free="75272" total="5977088" percent="1" />
      <mem type="loa" free="314368" total="314368" percent="100" />
    </mem>
    <remembered-set count="120" />
  </mem-info>
</gc-start>
<allocation-stats totalBytes="1188384" >
  <allocated-bytes non-tlh="304392" tlh="883992" />
  <largest-consumer threadName="main" threadId="0000000002079700" bytes="1167856" />
</allocation-stats>
<gc-op id="326" type="rs-scan" timems="0.384" contextid="320" timestamp="2019-07-02T20:53:15.924">
  <scan objectsFound="95" bytesTraced="7692" workStackOverflowCount="0" />
</gc-op>
<gc-op id="327" type="card-cleaning" timems="0.756" contextid="320" timestamp="2019-07-02T20:53:15.924">
  <card-cleaning cardsCleaned="0" bytesTraced="902828" workStackOverflowCount="0" />
</gc-op>
<gc-op id="328" type="mark" timems="0.520" contextid="320" timestamp="2019-07-02T20:53:15.925">
  <trace-info objectcount="109" scancount="107" scanbytes="1848" />
  <finalization candidates="18" enqueued="0" />
  <references type="soft" candidates="66" cleared="0" enqueued="0" dynamicThreshold="28" maxThreshold="32" />
  <references type="weak" candidates="148" cleared="0" enqueued="0" />
  <references type="phantom" candidates="35" cleared="2" enqueued="2" />
  <stringconstants candidates="3812" cleared="0"  />
</gc-op>
<gc-op id="329" type="sweep" timems="0.248" contextid="320" timestamp="2019-07-02T20:53:15.925" />
<heap-resize id="330" type="expand" space="tenure" amount="1900544" count="1" timems="0.015" reason="insufficient free space following gc" timestamp="2019-07-02T20:53:15.926" />
<gc-end id="331" type="global" contextid="320" durationms="2.628" usertimems="0.000" systemtimems="0.000" timestamp="2019-07-02T20:53:15.926" activeThreads="4">
  <mem-info id="332" free="2722312" total="11206656" percent="24">
    <mem type="nursery" free="248656" total="3014656" percent="8">
      <mem type="allocate" free="248656" total="1507328" percent="16" />
      <mem type="survivor" free="0" total="1507328" percent="0" />
    </mem>
    <mem type="tenure" free="2473656" total="8192000" percent="30" micro-fragmented="256" macro-fragmented="0">
      <mem type="soa" free="2064056" total="7782400" percent="26" />
      <mem type="loa" free="409600" total="409600" percent="100" />
    </mem>
    <pending-finalizers system="0" default="0" reference="2" classloader="0" />
    <remembered-set count="119" />
  </mem-info>
</gc-end>
<cycle-end id="333" type="global" contextid="320" timestamp="2019-07-02T20:53:15.926">
  <attribute name="GC Util" value="62" />
  <attribute name="CPU Util" value="28416416446839" />
  <attribute name="Time Running"value="3140"/>
  <attribute name="Number of cores"value="4"/>
</cycle-end>
<concurrent-collection-end id="334" timestamp="2019-07-02T20:53:15.926" />
<exclusive-end id="335" timestamp="2019-07-02T20:53:15.926" durationms="3.206" />

<exclusive-start id="336" timestamp="2019-07-02T20:53:16.239" intervalms="316.032">
  <response-info timems="0.207" idlems="0.105" threads="1" lastid="000000000236F800" lastname="node-0" />
</exclusive-start>
<af-start id="337" threadId="0000000002373C88" totalBytesRequested="16" timestamp="2019-07-02T20:53:16.239" intervalms="341.770" type="nursery" />
<cycle-start id="338" type="scavenge" contextid="0" timestamp="2019-07-02T20:53:16.239" intervalms="341.777" />
  <attribute name="GC Util" value="62" />
  <attribute name="CPU Util" value="28416416446839" />
  <attribute name="Time Running"value="3140"/>
  <attribute name="Number of cores"value="4"/>
<gc-start id="339" type="scavenge" contextid="338" timestamp="2019-07-02T20:53:16.239">
  <mem-info id="340" free="2473040" total="11206656" percent="22">
    <mem type="nursery" free="0" total="3014656" percent="0">
      <mem type="allocate" free="0" total="1507328" percent="0" />
      <mem type="survivor" free="0" total="1507328" percent="0" />
    </mem>
    <mem type="tenure" free="2473040" total="8192000" percent="30">
      <mem type="soa" free="2063440" total="7782400" percent="26" />
      <mem type="loa" free="409600" total="409600" percent="100" />
    </mem>
    <remembered-set count="203" />
  </mem-info>
</gc-start>
<allocation-stats totalBytes="247104" >
  <allocated-bytes non-tlh="5624" tlh="241480" />
  <largest-consumer threadName="node-0" threadId="000000000236F800" bytes="41976" />
</allocation-stats>
<gc-op id="341" type="scavenge" timems="1.467" contextid="338" timestamp="2019-07-02T20:53:16.241">
  <scavenger-info tenureage="1" tenuremask="7ffe" tiltratio="50" />
  <memory-copied type="nursery" objects="14901" bytes="973912" bytesdiscarded="231800" />
  <memory-copied type="tenure" objects="4650" bytes="196456" bytesdiscarded="64" />
  <references type="weak" candidates="1" cleared="1" enqueued="1" />
</gc-op>
<gc-end id="342" type="scavenge" contextid="338" durationms="1.730" usertimems="0.000" systemtimems="0.000" timestamp="2019-07-02T20:53:16.241" activeThreads="4">
  <mem-info id="343" free="2460368" total="11206656" percent="21">
    <mem type="nursery" free="301512" total="3014656" percent="10">
      <mem type="allocate" free="301512" total="1507328" percent="20" />
      <mem type="survivor" free="0" total="1507328" percent="0" />
    </mem>
    <mem type="tenure" free="2158856" total="8192000" percent="26">
      <mem type="soa" free="1749256" total="7782400" percent="22" />
      <mem type="loa" free="409600" total="409600" percent="100" />
    </mem>
    <pending-finalizers system="0" default="0" reference="1" classloader="0" />
    <remembered-set count="178" />
  </mem-info>
</gc-end>
<cycle-end id="344" type="scavenge" contextid="338" timestamp="2019-07-02T20:53:16.241">
  <attribute name="GC Util" value="0" />
  <attribute name="CPU Util" value="295" />
  <attribute name="Time Running"value="3454"/>
  <attribute name="Number of cores"value="4"/>
</cycle-end>
<allocation-satisfied id="345" threadId="0000000002373300" bytesRequested="16" />
<af-end id="346" timestamp="2019-07-02T20:53:16.241" threadId="0000000002373C88" success="true" from="nursery"/>
<exclusive-end id="347" timestamp="2019-07-02T20:53:16.241" durationms="2.397" />

<exclusive-start id="348" timestamp="2019-07-02T20:53:16.491" intervalms="251.945">
  <response-info timems="0.074" idlems="0.074" threads="0" lastid="0000000002333900" lastname="node-1" />
</exclusive-start>
<af-start id="349" threadId="0000000002334288" totalBytesRequested="32" timestamp="2019-07-02T20:53:16.491" intervalms="251.949" type="nursery" />
<cycle-start id="350" type="scavenge" contextid="0" timestamp="2019-07-02T20:53:16.491" intervalms="251.949" />
  <attribute name="GC Util" value="0" />
  <attribute name="CPU Util" value="295" />
  <attribute name="Time Running"value="3454"/>
  <attribute name="Number of cores"value="4"/>
<gc-start id="351" type="scavenge" contextid="350" timestamp="2019-07-02T20:53:16.491">
  <mem-info id="352" free="2158248" total="11206656" percent="19">
    <mem type="nursery" free="0" total="3014656" percent="0">
      <mem type="allocate" free="0" total="1507328" percent="0" />
      <mem type="survivor" free="0" total="1507328" percent="0" />
    </mem>
    <mem type="tenure" free="2158248" total="8192000" percent="26">
      <mem type="soa" free="1748648" total="7782400" percent="22" />
      <mem type="loa" free="409600" total="409600" percent="100" />
    </mem>
    <remembered-set count="233" />
  </mem-info>
</gc-start>
<allocation-stats totalBytes="301608" >
  <allocated-bytes non-tlh="624" tlh="300984" />
  <largest-consumer threadName="node-0" threadId="000000000236F800" bytes="60264" />
</allocation-stats>
<gc-op id="353" type="scavenge" timems="1.217" contextid="350" timestamp="2019-07-02T20:53:16.492">
  <scavenger-info tenureage="1" tenuremask="7ffe" tiltratio="50" />
  <memory-copied type="nursery" objects="2383" bytes="61352" bytesdiscarded="95320" />
  <memory-copied type="tenure" objects="14821" bytes="969592" bytesdiscarded="472" />
  <references type="weak" candidates="1" cleared="1" enqueued="1" />
</gc-op>
<gc-end id="354" type="scavenge" contextid="350" durationms="1.636" usertimems="4.000" systemtimems="0.000" timestamp="2019-07-02T20:53:16.493" activeThreads="4">
  <mem-info id="355" free="2361176" total="11206656" percent="21">
    <mem type="nursery" free="1350656" total="3014656" percent="44">
      <mem type="allocate" free="1350656" total="1507328" percent="89" />
      <mem type="survivor" free="0" total="1507328" percent="0" />
    </mem>
    <mem type="tenure" free="1010520" total="8192000" percent="12">
      <mem type="soa" free="600920" total="7782400" percent="7" />
      <mem type="loa" free="409600" total="409600" percent="100" />
    </mem>
    <pending-finalizers system="0" default="0" reference="1" classloader="0" />
    <remembered-set count="282" />
  </mem-info>
</gc-end>
<cycle-end id="356" type="scavenge" contextid="350" timestamp="2019-07-02T20:53:16.493">
  <attribute name="GC Util" value="1" />
  <attribute name="CPU Util" value="315" />
  <attribute name="Time Running"value="3706"/>
  <attribute name="Number of cores"value="4"/>
</cycle-end>
<allocation-satisfied id="357" threadId="0000000002333900" bytesRequested="32" />
<af-end id="358" timestamp="2019-07-02T20:53:16.493" threadId="0000000002334288" success="true" from="nursery"/>
<exclusive-end id="359" timestamp="2019-07-02T20:53:16.493" durationms="2.345" />

<concurrent-kickoff id="360" timestamp="2019-07-02T20:53:17.205">
  <kickoff reason="threshold reached" targetBytes="2994966" thresholdFreeBytes="413697"  remainingFree="379872" tenureFreeBytes="1010520" nurseryFreeBytes="379872" />
</concurrent-kickoff>
<exclusive-start id="361" timestamp="2019-07-02T20:53:17.206" intervalms="714.769">
  <response-info timems="0.048" idlems="0.048" threads="0" lastid="000000000236F800" lastname="node-0" />
</exclusive-start>
<cycle-start id="362" type="global" contextid="0" timestamp="2019-07-02T20:53:17.206" intervalms="1296.120" />
  <attribute name="GC Util" value="1" />
  <attribute name="CPU Util" value="315" />
  <attribute name="Time Running"value="3706"/>
  <attribute name="Number of cores"value="4"/>
<exclusive-end id="363" timestamp="2019-07-02T20:53:17.206" durationms="0.109" />

<exclusive-start id="364" timestamp="2019-07-02T20:53:17.425" intervalms="219.251">
  <response-info timems="0.040" idlems="0.040" threads="0" lastid="0000000002355400" lastname="node-5" />
</exclusive-start>
<concurrent-collection-start id="365" timestamp="2019-07-02T20:53:17.425" intervalms="1501.943" >
  <concurrent-trace-info reason="card cleaning threshold reached" tracedByMutators="437656" tracedByHelpers="4881280" cardsCleaned="51" workStackOverflowCount="0" />
</concurrent-collection-start>
<gc-start id="366" type="global" contextid="362" timestamp="2019-07-02T20:53:17.425">
  <mem-info id="367" free="1132344" total="11206656" percent="10">
    <mem type="nursery" free="121824" total="3014656" percent="4">
      <mem type="allocate" free="121824" total="1507328" percent="8" />
      <mem type="survivor" free="0" total="1507328" percent="0" />
    </mem>
    <mem type="tenure" free="1010520" total="8192000" percent="12">
      <mem type="soa" free="600920" total="7782400" percent="7" />
      <mem type="loa" free="409600" total="409600" percent="100" />
    </mem>
    <remembered-set count="373" />
  </mem-info>
</gc-start>
<allocation-stats totalBytes="1227704" >
  <allocated-bytes non-tlh="32" tlh="1227672" />
  <largest-consumer threadName="node-2" threadId="0000000002368000" bytes="221096" />
</allocation-stats>
<gc-op id="368" type="rs-scan" timems="0.237" contextid="362" timestamp="2019-07-02T20:53:17.425">
  <scan objectsFound="159" bytesTraced="9444" workStackOverflowCount="0" />
</gc-op>
<gc-op id="369" type="card-cleaning" timems="0.175" contextid="362" timestamp="2019-07-02T20:53:17.425">
  <card-cleaning cardsCleaned="44" bytesTraced="59544" workStackOverflowCount="0" />
</gc-op>
<gc-op id="370" type="mark" timems="0.460" contextid="362" timestamp="2019-07-02T20:53:17.426">
  <trace-info objectcount="248" scancount="205" scanbytes="5412" />
  <finalization candidates="18" enqueued="0" />
  <references type="soft" candidates="66" cleared="0" enqueued="0" dynamicThreshold="9" maxThreshold="32" />
  <references type="weak" candidates="148" cleared="0" enqueued="0" />
  <references type="phantom" candidates="33" cleared="0" enqueued="0" />
  <stringconstants candidates="3825" cleared="0"  />
</gc-op>
<gc-op id="371" type="sweep" timems="0.407" contextid="362" timestamp="2019-07-02T20:53:17.427" />
<heap-resize id="372" type="expand" space="tenure" amount="1638400" count="1" timems="0.015" reason="insufficient free space following gc" timestamp="2019-07-02T20:53:17.427" />
<gc-end id="373" type="global" contextid="362" durationms="1.782" usertimems="0.000" systemtimems="0.000" timestamp="2019-07-02T20:53:17.427" activeThreads="4">
  <mem-info id="374" free="4433280" total="12845056" percent="34">
    <mem type="nursery" free="1477608" total="3014656" percent="49">
      <mem type="allocate" free="1477608" total="1507328" percent="98" />
      <mem type="survivor" free="0" total="1507328" percent="0" />
    </mem>
    <mem type="tenure" free="2955672" total="9830400" percent="30" micro-fragmented="16406" macro-fragmented="0">
      <mem type="soa" free="2464152" total="9338880" percent="26" />
      <mem type="loa" free="491520" total="491520" percent="100" />
    </mem>
    <remembered-set count="289" />
  </mem-info>
</gc-end>
<cycle-end id="375" type="global" contextid="362" timestamp="2019-07-02T20:53:17.427">
  <attribute name="GC Util" value="111" />
  <attribute name="CPU Util" value="33324199747332" />
  <attribute name="Time Running"value="4641"/>
  <attribute name="Number of cores"value="4"/>
</cycle-end>
<concurrent-collection-end id="376" timestamp="2019-07-02T20:53:17.427" />
<exclusive-end id="377" timestamp="2019-07-02T20:53:17.427" durationms="2.354" />

<exclusive-start id="378" timestamp="2019-07-02T20:53:18.630" intervalms="1205.406">
  <response-info timems="0.035" idlems="0.035" threads="0" lastid="0000000002376F00" lastname="node-9" />
</exclusive-start>
<af-start id="379" threadId="0000000002377888" totalBytesRequested="32" timestamp="2019-07-02T20:53:18.630" intervalms="2139.418" type="nursery" />
<cycle-start id="380" type="scavenge" contextid="0" timestamp="2019-07-02T20:53:18.630" intervalms="2139.416" />
  <attribute name="GC Util" value="111" />
  <attribute name="CPU Util" value="33324199747332" />
  <attribute name="Time Running"value="4641"/>
  <attribute name="Number of cores"value="4"/>
<gc-start id="381" type="scavenge" contextid="380" timestamp="2019-07-02T20:53:18.630">
  <mem-info id="382" free="2955672" total="12845056" percent="23">
    <mem type="nursery" free="0" total="3014656" percent="0">
      <mem type="allocate" free="0" total="1507328" percent="0" />
      <mem type="survivor" free="0" total="1507328" percent="0" />
    </mem>
    <mem type="tenure" free="2955672" total="9830400" percent="30">
      <mem type="soa" free="2464152" total="9338880" percent="26" />
      <mem type="loa" free="491520" total="491520" percent="100" />
    </mem>
    <remembered-set count="344" />
  </mem-info>
</gc-start>
<allocation-stats totalBytes="1475128" >
  <allocated-bytes non-tlh="0" tlh="1475128" />
  <largest-consumer threadName="node-7" threadId="000000000234DC00" bytes="195520" />
</allocation-stats>
<gc-op id="383" type="scavenge" timems="0.788" contextid="380" timestamp="2019-07-02T20:53:18.631">
  <scavenger-info tenureage="2" tenuremask="7ffc" tiltratio="50" />
  <memory-copied type="nursery" objects="3470" bytes="86704" bytesdiscarded="69968" />
</gc-op>
<gc-end id="384" type="scavenge" contextid="380" durationms="0.984" usertimems="0.000" systemtimems="0.000" timestamp="2019-07-02T20:53:18.631" activeThreads="4">
  <mem-info id="385" free="4437400" total="12845056" percent="34">
    <mem type="nursery" free="1481728" total="3014656" percent="49">
      <mem type="allocate" free="1481728" total="1638400" percent="90" />
      <mem type="survivor" free="0" total="1376256" percent="0" />
    </mem>
    <mem type="tenure" free="2955672" total="9830400" percent="30">
      <mem type="soa" free="2464152" total="9338880" percent="26" />
      <mem type="loa" free="491520" total="491520" percent="100" />
    </mem>
    <remembered-set count="288" />
  </mem-info>
</gc-end>
<cycle-end id="386" type="scavenge" contextid="380" timestamp="2019-07-02T20:53:18.632">
  <attribute name="GC Util" value="0" />
  <attribute name="CPU Util" value="67" />
  <attribute name="Time Running"value="5845"/>
  <attribute name="Number of cores"value="4"/>
</cycle-end>
<allocation-satisfied id="387" threadId="0000000002376F00" bytesRequested="32" />
<af-end id="388" timestamp="2019-07-02T20:53:18.632" threadId="0000000002377888" success="true" from="nursery"/>
<exclusive-end id="389" timestamp="2019-07-02T20:53:18.632" durationms="1.544" />

<exclusive-start id="390" timestamp="2019-07-02T20:53:19.710" intervalms="1080.258">
  <response-info timems="0.082" idlems="0.082" threads="0" lastid="0000000002351800" lastname="node-11" />
</exclusive-start>
<af-start id="391" threadId="0000000002352188" totalBytesRequested="32" timestamp="2019-07-02T20:53:19.711" intervalms="1080.319" type="nursery" />
<cycle-start id="392" type="scavenge" contextid="0" timestamp="2019-07-02T20:53:19.711" intervalms="1080.360" />
  <attribute name="GC Util" value="0" />
  <attribute name="CPU Util" value="67" />
  <attribute name="Time Running"value="5845"/>
  <attribute name="Number of cores"value="4"/>
<gc-start id="393" type="scavenge" contextid="392" timestamp="2019-07-02T20:53:19.711">
  <mem-info id="394" free="2955672" total="12845056" percent="23">
    <mem type="nursery" free="0" total="3014656" percent="0">
      <mem type="allocate" free="0" total="1638400" percent="0" />
      <mem type="survivor" free="0" total="1376256" percent="0" />
    </mem>
    <mem type="tenure" free="2955672" total="9830400" percent="30">
      <mem type="soa" free="2464152" total="9338880" percent="26" />
      <mem type="loa" free="491520" total="491520" percent="100" />
    </mem>
    <remembered-set count="343" />
  </mem-info>
</gc-start>
<allocation-stats totalBytes="1477920" >
  <allocated-bytes non-tlh="32" tlh="1477888" />
  <largest-consumer threadName="node-8" threadId="0000000002382300" bytes="143168" />
</allocation-stats>
<gc-op id="395" type="scavenge" timems="0.607" contextid="392" timestamp="2019-07-02T20:53:19.712">
  <scavenger-info tenureage="3" tenuremask="7ff8" tiltratio="54" />
  <memory-copied type="nursery" objects="4770" bytes="116864" bytesdiscarded="78976" />
</gc-op>
<gc-end id="396" type="scavenge" contextid="392" durationms="1.441" usertimems="4.000" systemtimems="0.000" timestamp="2019-07-02T20:53:19.712" activeThreads="4">
  <mem-info id="397" free="4660376" total="12845056" percent="36">
    <mem type="nursery" free="1704704" total="3014656" percent="56">
      <mem type="allocate" free="1704704" total="1900544" percent="89" />
      <mem type="survivor" free="0" total="1114112" percent="0" />
    </mem>
    <mem type="tenure" free="2955672" total="9830400" percent="30" macro-fragmented="0">
      <mem type="soa" free="2464152" total="9338880" percent="26" />
      <mem type="loa" free="491520" total="491520" percent="100" />
    </mem>
    <remembered-set count="292" />
  </mem-info>
</gc-end>
<cycle-end id="398" type="scavenge" contextid="392" timestamp="2019-07-02T20:53:19.712">
  <attribute name="GC Util" value="0" />
  <attribute name="CPU Util" value="49" />
  <attribute name="Time Running"value="6926"/>
  <attribute name="Number of cores"value="4"/>
</cycle-end>
<allocation-satisfied id="399" threadId="0000000002351800" bytesRequested="32" />
<af-end id="400" timestamp="2019-07-02T20:53:19.713" threadId="0000000002352188" success="true" from="nursery"/>
<exclusive-end id="401" timestamp="2019-07-02T20:53:19.713" durationms="2.306" />

<exclusive-start id="402" timestamp="2019-07-02T20:53:20.925" intervalms="1214.978">
  <response-info timems="0.034" idlems="0.034" threads="0" lastid="0000000002351800" lastname="node-11" />
</exclusive-start>
<af-start id="403" threadId="0000000002352188" totalBytesRequested="24" timestamp="2019-07-02T20:53:20.926" intervalms="1214.922" type="nursery" />
<cycle-start id="404" type="scavenge" contextid="0" timestamp="2019-07-02T20:53:20.926" intervalms="1214.888" />
  <attribute name="GC Util" value="0" />
  <attribute name="CPU Util" value="49" />
  <attribute name="Time Running"value="6926"/>
  <attribute name="Number of cores"value="4"/>
<gc-start id="405" type="scavenge" contextid="404" timestamp="2019-07-02T20:53:20.926">
  <mem-info id="406" free="2955672" total="12845056" percent="23">
    <mem type="nursery" free="0" total="3014656" percent="0">
      <mem type="allocate" free="0" total="1900544" percent="0" />
      <mem type="survivor" free="0" total="1114112" percent="0" />
    </mem>
    <mem type="tenure" free="2955672" total="9830400" percent="30">
      <mem type="soa" free="2464152" total="9338880" percent="26" />
      <mem type="loa" free="491520" total="491520" percent="100" />
    </mem>
    <remembered-set count="369" />
  </mem-info>
</gc-start>
<allocation-stats totalBytes="1703216" >
  <allocated-bytes non-tlh="32" tlh="1703184" />
  <largest-consumer threadName="node-6" threadId="0000000002385F00" bytes="143344" />
</allocation-stats>
<gc-op id="407" type="scavenge" timems="1.284" contextid="404" timestamp="2019-07-02T20:53:20.927">
  <scavenger-info tenureage="4" tenuremask="7ff0" tiltratio="63" />
  <memory-copied type="nursery" objects="6240" bytes="154032" bytesdiscarded="80976" />
</gc-op>
<gc-end id="408" type="scavenge" contextid="404" durationms="1.677" usertimems="0.000" systemtimems="4.000" timestamp="2019-07-02T20:53:20.927" activeThreads="4">
  <mem-info id="409" free="4752280" total="12845056" percent="36">
    <mem type="nursery" free="1796608" total="3014656" percent="59">
      <mem type="allocate" free="1796608" total="2031616" percent="88" />
      <mem type="survivor" free="0" total="983040" percent="0" />
    </mem>
    <mem type="tenure" free="2955672" total="9830400" percent="30" macro-fragmented="2578902">
      <mem type="soa" free="2464152" total="9338880" percent="26" />
      <mem type="loa" free="491520" total="491520" percent="100" />
    </mem>
    <remembered-set count="328" />
  </mem-info>
</gc-end>
<cycle-end id="410" type="scavenge" contextid="404" timestamp="2019-07-02T20:53:20.927">
  <attribute name="GC Util" value="0" />
  <attribute name="CPU Util" value="48" />
  <attribute name="Time Running"value="8140"/>
  <attribute name="Number of cores"value="4"/>
</cycle-end>
<allocation-satisfied id="411" threadId="0000000002351800" bytesRequested="24" />
<af-end id="412" timestamp="2019-07-02T20:53:20.928" threadId="0000000002352188" success="true" from="nursery"/>
<exclusive-end id="413" timestamp="2019-07-02T20:53:20.928" durationms="2.229" />

<exclusive-start id="414" timestamp="2019-07-02T20:53:22.111" intervalms="1185.230">
  <response-info timems="0.032" idlems="0.032" threads="0" lastid="0000000002333900" lastname="node-1" />
</exclusive-start>
<af-start id="415" threadId="0000000002334288" totalBytesRequested="32" timestamp="2019-07-02T20:53:22.111" intervalms="1185.225" type="nursery" />
<cycle-start id="416" type="scavenge" contextid="0" timestamp="2019-07-02T20:53:22.111" intervalms="1185.213" />
  <attribute name="GC Util" value="0" />
  <attribute name="CPU Util" value="48" />
  <attribute name="Time Running"value="8140"/>
  <attribute name="Number of cores"value="4"/>
<gc-start id="417" type="scavenge" contextid="416" timestamp="2019-07-02T20:53:22.111">
  <mem-info id="418" free="2955672" total="12845056" percent="23">
    <mem type="nursery" free="0" total="3014656" percent="0">
      <mem type="allocate" free="0" total="2031616" percent="0" />
      <mem type="survivor" free="0" total="983040" percent="0" />
    </mem>
    <mem type="tenure" free="2955672" total="9830400" percent="30">
      <mem type="soa" free="2464152" total="9338880" percent="26" />
      <mem type="loa" free="491520" total="491520" percent="100" />
    </mem>
    <remembered-set count="379" />
  </mem-info>
</gc-start>
<allocation-stats totalBytes="1792328" >
  <allocated-bytes non-tlh="24" tlh="1792304" />
  <largest-consumer threadName="node-8" threadId="0000000002382300" bytes="143328" />
</allocation-stats>
<gc-op id="419" type="scavenge" timems="0.607" contextid="416" timestamp="2019-07-02T20:53:22.112">
  <scavenger-info tenureage="3" tenuremask="ffe8" tiltratio="67" />
  <memory-copied type="nursery" objects="4680" bytes="115712" bytesdiscarded="80128" />
  <memory-copied type="tenure" objects="2596" bytes="62384" bytesdiscarded="16" />
</gc-op>
<gc-end id="420" type="scavenge" contextid="416" durationms="0.892" usertimems="0.000" systemtimems="0.000" timestamp="2019-07-02T20:53:22.112" activeThreads="4">
  <mem-info id="421" free="4909720" total="12845056" percent="38">
    <mem type="nursery" free="2032384" total="3014656" percent="67">
      <mem type="allocate" free="2032384" total="2228224" percent="91" />
      <mem type="survivor" free="0" total="786432" percent="0" />
    </mem>
    <mem type="tenure" free="2877336" total="9830400" percent="29" macro-fragmented="36904">
      <mem type="soa" free="2385816" total="9338880" percent="25" />
      <mem type="loa" free="491520" total="491520" percent="100" />
    </mem>
    <remembered-set count="310" />
  </mem-info>
</gc-end>
<cycle-end id="422" type="scavenge" contextid="416" timestamp="2019-07-02T20:53:22.112">
  <attribute name="GC Util" value="0" />
  <attribute name="CPU Util" value="25" />
  <attribute name="Time Running"value="9326"/>
  <attribute name="Number of cores"value="4"/>
</cycle-end>
<allocation-satisfied id="423" threadId="0000000002333900" bytesRequested="32" />
<af-end id="424" timestamp="2019-07-02T20:53:22.112" threadId="0000000002334288" success="true" from="nursery"/>
<exclusive-end id="425" timestamp="2019-07-02T20:53:22.112" durationms="1.384" />

<exclusive-start id="426" timestamp="2019-07-02T20:53:23.380" intervalms="1269.199">
  <response-info timems="0.191" idlems="0.096" threads="3" lastid="000000000234DC00" lastname="node-7" />
</exclusive-start>
<af-start id="427" threadId="0000000002370188" totalBytesRequested="16" timestamp="2019-07-02T20:53:23.380" intervalms="1269.201" type="nursery" />
<cycle-start id="428" type="scavenge" contextid="0" timestamp="2019-07-02T20:53:23.380" intervalms="1269.206" />
  <attribute name="GC Util" value="0" />
  <attribute name="CPU Util" value="25" />
  <attribute name="Time Running"value="9326"/>
  <attribute name="Number of cores"value="4"/>
<gc-start id="429" type="scavenge" contextid="428" timestamp="2019-07-02T20:53:23.380">
  <mem-info id="430" free="2877336" total="12845056" percent="22">
    <mem type="nursery" free="0" total="3014656" percent="0">
      <mem type="allocate" free="0" total="2228224" percent="0" />
      <mem type="survivor" free="0" total="786432" percent="0" />
    </mem>
    <mem type="tenure" free="2877336" total="9830400" percent="29">
      <mem type="soa" free="2385816" total="9338880" percent="25" />
      <mem type="loa" free="491520" total="491520" percent="100" />
    </mem>
    <remembered-set count="362" />
  </mem-info>
</gc-start>
<allocation-stats totalBytes="2029456" >
  <allocated-bytes non-tlh="32" tlh="2029424" />
  <largest-consumer threadName="node-8" threadId="0000000002382300" bytes="143336" />
</allocation-stats>
<gc-op id="431" type="scavenge" timems="0.560" contextid="428" timestamp="2019-07-02T20:53:23.381">
  <scavenger-info tenureage="3" tenuremask="ffc8" tiltratio="73" />
  <memory-copied type="nursery" objects="4851" bytes="121008" bytesdiscarded="114000" />
  <memory-copied type="tenure" objects="1319" bytes="31656" bytesdiscarded="0" />
</gc-op>
<gc-end id="432" type="scavenge" contextid="428" durationms="1.004" usertimems="0.000" systemtimems="0.000" timestamp="2019-07-02T20:53:23.381" activeThreads="4">
  <mem-info id="433" free="4963512" total="12845056" percent="38">
    <mem type="nursery" free="2124288" total="3014656" percent="70">
      <mem type="allocate" free="2124288" total="2359296" percent="90" />
      <mem type="survivor" free="0" total="655360" percent="0" />
    </mem>
    <mem type="tenure" free="2839224" total="9830400" percent="28" macro-fragmented="1800196">
      <mem type="soa" free="2347704" total="9338880" percent="25" />
      <mem type="loa" free="491520" total="491520" percent="100" />
    </mem>
    <remembered-set count="307" />
  </mem-info>
</gc-end>
<cycle-end id="434" type="scavenge" contextid="428" timestamp="2019-07-02T20:53:23.381">
  <attribute name="GC Util" value="0" />
  <attribute name="CPU Util" value="35" />
  <attribute name="Time Running"value="10595"/>
  <attribute name="Number of cores"value="4"/>
</cycle-end>
<allocation-satisfied id="435" threadId="000000000236F800" bytesRequested="16" />
<af-end id="436" timestamp="2019-07-02T20:53:23.381" threadId="0000000002370188" success="true" from="nursery"/>
<exclusive-end id="437" timestamp="2019-07-02T20:53:23.381" durationms="1.484" />

<exclusive-start id="438" timestamp="2019-07-02T20:53:24.836" intervalms="1455.656">
  <response-info timems="0.031" idlems="0.031" threads="0" lastid="000000000234A100" lastname="node-13" />
</exclusive-start>
<af-start id="439" threadId="000000000234AA88" totalBytesRequested="32" timestamp="2019-07-02T20:53:24.836" intervalms="1455.636" type="nursery" />
<cycle-start id="440" type="scavenge" contextid="0" timestamp="2019-07-02T20:53:24.836" intervalms="1455.623" />
  <attribute name="GC Util" value="0" />
  <attribute name="CPU Util" value="35" />
  <attribute name="Time Running"value="10595"/>
  <attribute name="Number of cores"value="4"/>
<gc-start id="441" type="scavenge" contextid="440" timestamp="2019-07-02T20:53:24.836">
  <mem-info id="442" free="2839224" total="12845056" percent="22">
    <mem type="nursery" free="0" total="3014656" percent="0">
      <mem type="allocate" free="0" total="2359296" percent="0" />
      <mem type="survivor" free="0" total="655360" percent="0" />
    </mem>
    <mem type="tenure" free="2839224" total="9830400" percent="28">
      <mem type="soa" free="2347704" total="9338880" percent="25" />
      <mem type="loa" free="491520" total="491520" percent="100" />
    </mem>
    <remembered-set count="367" />
  </mem-info>
</gc-start>
<allocation-stats totalBytes="2120032" >
  <allocated-bytes non-tlh="16" tlh="2120016" />
  <largest-consumer threadName="node-9" threadId="0000000002376F00" bytes="143344" />
</allocation-stats>
<gc-op id="443" type="scavenge" timems="0.555" contextid="440" timestamp="2019-07-02T20:53:24.836">
  <scavenger-info tenureage="3" tenuremask="ffa8" tiltratio="78" />
  <memory-copied type="nursery" objects="5242" bytes="128584" bytesdiscarded="106424" />
  <memory-copied type="tenure" objects="1449" bytes="34776" bytesdiscarded="0" />
</gc-op>
<gc-end id="444" type="scavenge" contextid="440" durationms="0.973" usertimems="0.000" systemtimems="0.000" timestamp="2019-07-02T20:53:24.837" activeThreads="4">
  <mem-info id="445" free="4989880" total="12845056" percent="38">
    <mem type="nursery" free="2189824" total="3014656" percent="72">
      <mem type="allocate" free="2189824" total="2424832" percent="90" />
      <mem type="survivor" free="0" total="589824" percent="0" />
    </mem>
    <mem type="tenure" free="2800056" total="9830400" percent="28" macro-fragmented="1250136">
      <mem type="soa" free="2308536" total="9338880" percent="24" />
      <mem type="loa" free="491520" total="491520" percent="100" />
    </mem>
    <remembered-set count="322" />
  </mem-info>
</gc-end>
<cycle-end id="446" type="scavenge" contextid="440" timestamp="2019-07-02T20:53:24.837">
  <attribute name="GC Util" value="0" />
  <attribute name="CPU Util" value="42" />
  <attribute name="Time Running"value="12050"/>
  <attribute name="Number of cores"value="4"/>
</cycle-end>
<allocation-satisfied id="447" threadId="000000000234A100" bytesRequested="32" />
<af-end id="448" timestamp="2019-07-02T20:53:24.837" threadId="000000000234AA88" success="true" from="nursery"/>
<exclusive-end id="449" timestamp="2019-07-02T20:53:24.837" durationms="1.519" />

<exclusive-start id="450" timestamp="2019-07-02T20:53:26.082" intervalms="1246.315">
  <response-info timems="0.068" idlems="0.068" threads="0" lastid="0000000002364400" lastname="node-14" />
</exclusive-start>
<af-start id="451" threadId="0000000002364D88" totalBytesRequested="24" timestamp="2019-07-02T20:53:26.082" intervalms="1246.328" type="nursery" />
<cycle-start id="452" type="scavenge" contextid="0" timestamp="2019-07-02T20:53:26.082" intervalms="1246.331" />
  <attribute name="GC Util" value="0" />
  <attribute name="CPU Util" value="42" />
  <attribute name="Time Running"value="12050"/>
  <attribute name="Number of cores"value="4"/>
<gc-start id="453" type="scavenge" contextid="452" timestamp="2019-07-02T20:53:26.082">
  <mem-info id="454" free="2800056" total="12845056" percent="21">
    <mem type="nursery" free="0" total="3014656" percent="0">
      <mem type="allocate" free="0" total="2424832" percent="0" />
      <mem type="survivor" free="0" total="589824" percent="0" />
    </mem>
    <mem type="tenure" free="2800056" total="9830400" percent="28">
      <mem type="soa" free="2308536" total="9338880" percent="24" />
      <mem type="loa" free="491520" total="491520" percent="100" />
    </mem>
    <remembered-set count="380" />
  </mem-info>
</gc-start>
<allocation-stats totalBytes="2188056" >
  <allocated-bytes non-tlh="32" tlh="2188024" />
  <largest-consumer threadName="node-11" threadId="0000000002351800" bytes="143328" />
</allocation-stats>
<gc-op id="455" type="scavenge" timems="0.668" contextid="452" timestamp="2019-07-02T20:53:26.083">
  <scavenger-info tenureage="3" tenuremask="ff68" tiltratio="80" />
  <memory-copied type="nursery" objects="5962" bytes="145472" bytesdiscarded="89536" />
  <memory-copied type="tenure" objects="1051" bytes="25216" bytesdiscarded="0" />
</gc-op>
<gc-end id="456" type="scavenge" contextid="452" durationms="1.145" usertimems="0.000" systemtimems="4.000" timestamp="2019-07-02T20:53:26.083" activeThreads="4">
  <mem-info id="457" free="5016248" total="12845056" percent="39">
    <mem type="nursery" free="2255360" total="3014656" percent="74">
      <mem type="allocate" free="2255360" total="2490368" percent="90" />
      <mem type="survivor" free="0" total="524288" percent="0" />
    </mem>
    <mem type="tenure" free="2760888" total="9830400" percent="28" macro-fragmented="0">
      <mem type="soa" free="2269368" total="9338880" percent="24" />
      <mem type="loa" free="491520" total="491520" percent="100" />
    </mem>
    <remembered-set count="324" />
  </mem-info>
</gc-end>
<cycle-end id="458" type="scavenge" contextid="452" timestamp="2019-07-02T20:53:26.083">
  <attribute name="GC Util" value="0" />
  <attribute name="CPU Util" value="40" />
  <attribute name="Time Running"value="13297"/>
  <attribute name="Number of cores"value="4"/>
</cycle-end>
<allocation-satisfied id="459" threadId="0000000002364400" bytesRequested="24" />
<af-end id="460" timestamp="2019-07-02T20:53:26.083" threadId="0000000002364D88" success="true" from="nursery"/>
<exclusive-end id="461" timestamp="2019-07-02T20:53:26.083" durationms="1.570" />

<exclusive-start id="462" timestamp="2019-07-02T20:53:27.452" intervalms="1370.106">
  <response-info timems="0.045" idlems="0.045" threads="0" lastid="000000000234DC00" lastname="node-7" />
</exclusive-start>
<af-start id="463" threadId="000000000234E588" totalBytesRequested="24" timestamp="2019-07-02T20:53:27.452" intervalms="1370.221" type="nursery" />
<cycle-start id="464" type="scavenge" contextid="0" timestamp="2019-07-02T20:53:27.452" intervalms="1370.288" />
  <attribute name="GC Util" value="0" />
  <attribute name="CPU Util" value="40" />
  <attribute name="Time Running"value="13297"/>
  <attribute name="Number of cores"value="4"/>
<gc-start id="465" type="scavenge" contextid="464" timestamp="2019-07-02T20:53:27.452">
  <mem-info id="466" free="2760888" total="12845056" percent="21">
    <mem type="nursery" free="0" total="3014656" percent="0">
      <mem type="allocate" free="0" total="2490368" percent="0" />
      <mem type="survivor" free="0" total="524288" percent="0" />
    </mem>
    <mem type="tenure" free="2760888" total="9830400" percent="28">
      <mem type="soa" free="2269368" total="9338880" percent="24" />
      <mem type="loa" free="491520" total="491520" percent="100" />
    </mem>
    <remembered-set count="382" />
  </mem-info>
</gc-start>
<allocation-stats totalBytes="2249312" >
  <allocated-bytes non-tlh="24" tlh="2249288" />
  <largest-consumer threadName="node-8" threadId="0000000002382300" bytes="143256" />
</allocation-stats>
<gc-op id="467" type="scavenge" timems="0.775" contextid="464" timestamp="2019-07-02T20:53:27.453">
  <scavenger-info tenureage="3" tenuremask="fee8" tiltratio="82" />
  <memory-copied type="nursery" objects="6074" bytes="148424" bytesdiscarded="47416" />
  <memory-copied type="tenure" objects="1488" bytes="35712" bytesdiscarded="0" />
</gc-op>
<gc-end id="468" type="scavenge" contextid="464" durationms="1.283" usertimems="0.000" systemtimems="0.000" timestamp="2019-07-02T20:53:27.454" activeThreads="4">
  <mem-info id="469" free="5057208" total="12845056" percent="39">
    <mem type="nursery" free="2360064" total="3014656" percent="78">
      <mem type="allocate" free="2360064" total="2555904" percent="92" />
      <mem type="survivor" free="0" total="458752" percent="0" />
    </mem>
    <mem type="tenure" free="2697144" total="9830400" percent="27" macro-fragmented="2160235">
      <mem type="soa" free="2205624" total="9338880" percent="23" />
      <mem type="loa" free="491520" total="491520" percent="100" />
    </mem>
    <remembered-set count="330" />
  </mem-info>
</gc-end>
<cycle-end id="470" type="scavenge" contextid="464" timestamp="2019-07-02T20:53:27.456">
  <attribute name="GC Util" value="0" />
  <attribute name="CPU Util" value="62" />
  <attribute name="Time Running"value="14667"/>
  <attribute name="Number of cores"value="4"/>
</cycle-end>
<allocation-satisfied id="471" threadId="000000000234DC00" bytesRequested="24" />
<af-end id="472" timestamp="2019-07-02T20:53:27.456" threadId="000000000234E588" success="true" from="nursery"/>
<exclusive-end id="473" timestamp="2019-07-02T20:53:27.456" durationms="4.449" />

<exclusive-start id="474" timestamp="2019-07-02T20:53:28.846" intervalms="1393.861">
  <response-info timems="0.033" idlems="0.033" threads="0" lastid="0000000002355400" lastname="node-5" />
</exclusive-start>
<af-start id="475" threadId="0000000002355D88" totalBytesRequested="376" timestamp="2019-07-02T20:53:28.846" intervalms="1393.863" type="nursery" />
<cycle-start id="476" type="scavenge" contextid="0" timestamp="2019-07-02T20:53:28.846" intervalms="1393.905" />
  <attribute name="GC Util" value="0" />
  <attribute name="CPU Util" value="62" />
  <attribute name="Time Running"value="14667"/>
  <attribute name="Number of cores"value="4"/>
<gc-start id="477" type="scavenge" contextid="476" timestamp="2019-07-02T20:53:28.846">
  <mem-info id="478" free="2697144" total="12845056" percent="20">
    <mem type="nursery" free="0" total="3014656" percent="0">
      <mem type="allocate" free="0" total="2555904" percent="0" />
      <mem type="survivor" free="0" total="458752" percent="0" />
    </mem>
    <mem type="tenure" free="2697144" total="9830400" percent="27">
      <mem type="soa" free="2205624" total="9338880" percent="23" />
      <mem type="loa" free="491520" total="491520" percent="100" />
    </mem>
    <remembered-set count="377" />
  </mem-info>
</gc-start>
<allocation-stats totalBytes="2358056" >
  <allocated-bytes non-tlh="24" tlh="2358032" />
  <largest-consumer threadName="node-9" threadId="0000000002376F00" bytes="143336" />
</allocation-stats>
<gc-op id="479" type="scavenge" timems="0.714" contextid="476" timestamp="2019-07-02T20:53:28.847">
  <scavenger-info tenureage="3" tenuremask="fde8" tiltratio="84" />
  <memory-copied type="nursery" objects="6098" bytes="146880" bytesdiscarded="88128" />
  <memory-copied type="tenure" objects="1855" bytes="44520" bytesdiscarded="0" />
</gc-op>
<gc-end id="480" type="scavenge" contextid="476" durationms="1.341" usertimems="0.000" systemtimems="0.000" timestamp="2019-07-02T20:53:28.848" activeThreads="4">
  <mem-info id="481" free="5014216" total="12845056" percent="39">
    <mem type="nursery" free="2386432" total="3014656" percent="79">
      <mem type="allocate" free="2386432" total="2621440" percent="91" />
      <mem type="survivor" free="0" total="393216" percent="0" />
    </mem>
    <mem type="tenure" free="2627784" total="9830400" percent="26" macro-fragmented="0">
      <mem type="soa" free="2136264" total="9338880" percent="22" />
      <mem type="loa" free="491520" total="491520" percent="100" />
    </mem>
    <remembered-set count="302" />
  </mem-info>
</gc-end>
<cycle-end id="482" type="scavenge" contextid="476" timestamp="2019-07-02T20:53:28.849">
  <attribute name="GC Util" value="0" />
  <attribute name="CPU Util" value="57" />
  <attribute name="Time Running"value="16061"/>
  <attribute name="Number of cores"value="4"/>
</cycle-end>
<allocation-satisfied id="483" threadId="0000000002355400" bytesRequested="376" />
<af-end id="484" timestamp="2019-07-02T20:53:28.849" threadId="0000000002355D88" success="true" from="nursery"/>
<exclusive-end id="485" timestamp="2019-07-02T20:53:28.849" durationms="3.283" />

<exclusive-start id="486" timestamp="2019-07-02T20:53:30.347" intervalms="1501.428">
  <response-info timems="0.385" idlems="0.201" threads="1" lastid="000000000236F800" lastname="node-0" />
</exclusive-start>
<af-start id="487" threadId="0000000002377888" totalBytesRequested="24" timestamp="2019-07-02T20:53:30.347" intervalms="1501.312" type="nursery" />
<cycle-start id="488" type="scavenge" contextid="0" timestamp="2019-07-02T20:53:30.347" intervalms="1501.214" />
  <attribute name="GC Util" value="0" />
  <attribute name="CPU Util" value="57" />
  <attribute name="Time Running"value="16061"/>
  <attribute name="Number of cores"value="4"/>
<gc-start id="489" type="scavenge" contextid="488" timestamp="2019-07-02T20:53:30.348">
  <mem-info id="490" free="2627784" total="12845056" percent="20">
    <mem type="nursery" free="0" total="3014656" percent="0">
      <mem type="allocate" free="0" total="2621440" percent="0" />
      <mem type="survivor" free="0" total="393216" percent="0" />
    </mem>
    <mem type="tenure" free="2627784" total="9830400" percent="26">
      <mem type="soa" free="2136264" total="9338880" percent="22" />
      <mem type="loa" free="491520" total="491520" percent="100" />
    </mem>
    <remembered-set count="374" />
  </mem-info>
</gc-start>
<allocation-stats totalBytes="2385184" >
  <allocated-bytes non-tlh="376" tlh="2384808" />
  <largest-consumer threadName="node-8" threadId="0000000002382300" bytes="129056" />
</allocation-stats>
<gc-op id="491" type="scavenge" timems="0.967" contextid="488" timestamp="2019-07-02T20:53:30.349">
  <scavenger-info tenureage="3" tenuremask="fbe8" tiltratio="86" />
  <memory-copied type="nursery" objects="5528" bytes="135208" bytesdiscarded="60632" />
  <memory-copied type="tenure" objects="1776" bytes="42616" bytesdiscarded="8" />
</gc-op>
<gc-end id="492" type="scavenge" contextid="488" durationms="1.338" usertimems="0.000" systemtimems="0.000" timestamp="2019-07-02T20:53:30.349" activeThreads="4">
  <mem-info id="493" free="5040584" total="12845056" percent="39">
    <mem type="nursery" free="2491136" total="3014656" percent="82">
      <mem type="allocate" free="2491136" total="2686976" percent="92" />
      <mem type="survivor" free="0" total="327680" percent="0" />
    </mem>
    <mem type="tenure" free="2549448" total="9830400" percent="25" macro-fragmented="2218863">
      <mem type="soa" free="2057928" total="9338880" percent="22" />
      <mem type="loa" free="491520" total="491520" percent="100" />
    </mem>
    <remembered-set count="319" />
  </mem-info>
</gc-end>
<cycle-end id="494" type="scavenge" contextid="488" timestamp="2019-07-02T20:53:30.349">
  <attribute name="GC Util" value="0" />
  <attribute name="CPU Util" value="32" />
  <attribute name="Time Running"value="17562"/>
  <attribute name="Number of cores"value="4"/>
</cycle-end>
<allocation-satisfied id="495" threadId="0000000002376F00" bytesRequested="24" />
<af-end id="496" timestamp="2019-07-02T20:53:30.349" threadId="0000000002377888" success="true" from="nursery"/>
<exclusive-end id="497" timestamp="2019-07-02T20:53:30.350" durationms="2.307" />

<exclusive-start id="498" timestamp="2019-07-02T20:53:31.743" intervalms="1395.648">
  <response-info timems="0.031" idlems="0.031" threads="0" lastid="0000000002364400" lastname="node-14" />
</exclusive-start>
<af-start id="499" threadId="0000000002364D88" totalBytesRequested="32" timestamp="2019-07-02T20:53:31.743" intervalms="1395.654" type="nursery" />
<cycle-start id="500" type="scavenge" contextid="0" timestamp="2019-07-02T20:53:31.743" intervalms="1395.654" />
  <attribute name="GC Util" value="0" />
  <attribute name="CPU Util" value="32" />
  <attribute name="Time Running"value="17562"/>
  <attribute name="Number of cores"value="4"/>
<gc-start id="501" type="scavenge" contextid="500" timestamp="2019-07-02T20:53:31.743">
  <mem-info id="502" free="2549448" total="12845056" percent="19">
    <mem type="nursery" free="0" total="3014656" percent="0">
      <mem type="allocate" free="0" total="2686976" percent="0" />
      <mem type="survivor" free="0" total="327680" percent="0" />
    </mem>
    <mem type="tenure" free="2549448" total="9830400" percent="25">
      <mem type="soa" free="2057928" total="9338880" percent="22" />
      <mem type="loa" free="491520" total="491520" percent="100" />
    </mem>
    <remembered-set count="370" />
  </mem-info>
</gc-start>
<allocation-stats totalBytes="2489448" >
  <allocated-bytes non-tlh="24" tlh="2489424" />
  <largest-consumer threadName="node-9" threadId="0000000002376F00" bytes="143360" />
</allocation-stats>
<gc-op id="503" type="scavenge" timems="1.767" contextid="500" timestamp="2019-07-02T20:53:31.745">
  <scavenger-info tenureage="3" tenuremask="ffe8" tiltratio="89" />
  <memory-copied type="nursery" objects="4459" bytes="108656" bytesdiscarded="87184" />
  <memory-copied type="tenure" objects="2297" bytes="55560" bytesdiscarded="8" />
</gc-op>
<gc-end id="504" type="scavenge" contextid="500" durationms="2.220" usertimems="4.000" systemtimems="0.000" timestamp="2019-07-02T20:53:31.745" activeThreads="4">
  <mem-info id="505" free="4883912" total="12845056" percent="38">
    <mem type="nursery" free="2491136" total="3014656" percent="82">
      <mem type="allocate" free="2491136" total="2686976" percent="92" />
      <mem type="survivor" free="0" total="327680" percent="0" />
    </mem>
    <mem type="tenure" free="2392776" total="9830400" percent="24" macro-fragmented="2149085">
      <mem type="soa" free="1901256" total="9338880" percent="20" />
      <mem type="loa" free="491520" total="491520" percent="100" />
    </mem>
    <remembered-set count="333" />
  </mem-info>
</gc-end>
<cycle-end id="506" type="scavenge" contextid="500" timestamp="2019-07-02T20:53:31.746">
  <attribute name="GC Util" value="0" />
  <attribute name="CPU Util" value="25" />
  <attribute name="Time Running"value="18958"/>
  <attribute name="Number of cores"value="4"/>
</cycle-end>
<allocation-satisfied id="507" threadId="0000000002364400" bytesRequested="32" />
<af-end id="508" timestamp="2019-07-02T20:53:31.746" threadId="0000000002364D88" success="true" from="nursery"/>
<exclusive-end id="509" timestamp="2019-07-02T20:53:31.746" durationms="3.334" />

<exclusive-start id="510" timestamp="2019-07-02T20:53:33.360" intervalms="1617.069">
  <response-info timems="0.076" idlems="0.040" threads="1" lastid="0000000002333900" lastname="node-1" />
</exclusive-start>
<af-start id="511" threadId="0000000002343288" totalBytesRequested="16" timestamp="2019-07-02T20:53:33.360" intervalms="1617.119" type="nursery" />
<cycle-start id="512" type="scavenge" contextid="0" timestamp="2019-07-02T20:53:33.360" intervalms="1617.151" />
  <attribute name="GC Util" value="0" />
  <attribute name="CPU Util" value="25" />
  <attribute name="Time Running"value="18958"/>
  <attribute name="Number of cores"value="4"/>
<gc-start id="513" type="scavenge" contextid="512" timestamp="2019-07-02T20:53:33.360">
  <mem-info id="514" free="2392776" total="12845056" percent="18">
    <mem type="nursery" free="0" total="3014656" percent="0">
      <mem type="allocate" free="0" total="2686976" percent="0" />
      <mem type="survivor" free="0" total="327680" percent="0" />
    </mem>
    <mem type="tenure" free="2392776" total="9830400" percent="24">
      <mem type="soa" free="1901256" total="9338880" percent="20" />
      <mem type="loa" free="491520" total="491520" percent="100" />
    </mem>
    <remembered-set count="402" />
  </mem-info>
</gc-start>
<allocation-stats totalBytes="2484472" >
  <allocated-bytes non-tlh="32" tlh="2484440" />
  <largest-consumer threadName="node-9" threadId="0000000002376F00" bytes="143360" />
</allocation-stats>
<gc-op id="515" type="scavenge" timems="0.898" contextid="512" timestamp="2019-07-02T20:53:33.362">
  <scavenger-info tenureage="3" tenuremask="efe8" tiltratio="89" />
  <memory-copied type="nursery" objects="3570" bytes="90520" bytesdiscarded="66152" />
  <memory-copied type="tenure" objects="1910" bytes="45840" bytesdiscarded="0" />
</gc-op>
<gc-end id="516" type="scavenge" contextid="512" durationms="1.733" usertimems="4.000" systemtimems="0.000" timestamp="2019-07-02T20:53:33.362" activeThreads="4">
  <mem-info id="517" free="4844744" total="12845056" percent="37">
    <mem type="nursery" free="2530304" total="3014656" percent="83">
      <mem type="allocate" free="2530304" total="2686976" percent="94" />
      <mem type="survivor" free="0" total="327680" percent="0" />
    </mem>
    <mem type="tenure" free="2314440" total="9830400" percent="23" macro-fragmented="1500163">
      <mem type="soa" free="1822920" total="9338880" percent="19" />
      <mem type="loa" free="491520" total="491520" percent="100" />
    </mem>
    <remembered-set count="314" />
  </mem-info>
</gc-end>
<cycle-end id="518" type="scavenge" contextid="512" timestamp="2019-07-02T20:53:33.362">
  <attribute name="GC Util" value="0" />
  <attribute name="CPU Util" value="22" />
  <attribute name="Time Running"value="20575"/>
  <attribute name="Number of cores"value="4"/>
</cycle-end>
<allocation-satisfied id="519" threadId="0000000002342900" bytesRequested="16" />
<af-end id="520" timestamp="2019-07-02T20:53:33.363" threadId="0000000002343288" success="true" from="nursery"/>
<exclusive-end id="521" timestamp="2019-07-02T20:53:33.363" durationms="2.885" />

<exclusive-start id="522" timestamp="2019-07-02T20:53:34.758" intervalms="1397.544">
  <response-info timems="0.099" idlems="0.036" threads="2" lastid="000000000236F800" lastname="node-0" />
</exclusive-start>
<af-start id="523" threadId="0000000002343288" totalBytesRequested="736" timestamp="2019-07-02T20:53:34.758" intervalms="1397.480" type="nursery" />
<cycle-start id="524" type="scavenge" contextid="0" timestamp="2019-07-02T20:53:34.758" intervalms="1397.442" />
  <attribute name="GC Util" value="0" />
  <attribute name="CPU Util" value="22" />
  <attribute name="Time Running"value="20575"/>
  <attribute name="Number of cores"value="4"/>
<gc-start id="525" type="scavenge" contextid="524" timestamp="2019-07-02T20:53:34.758">
  <mem-info id="526" free="2314440" total="12845056" percent="18">
    <mem type="nursery" free="0" total="3014656" percent="0">
      <mem type="allocate" free="0" total="2686976" percent="0" />
      <mem type="survivor" free="0" total="327680" percent="0" />
    </mem>
    <mem type="tenure" free="2314440" total="9830400" percent="23">
      <mem type="soa" free="1822920" total="9338880" percent="19" />
      <mem type="loa" free="491520" total="491520" percent="100" />
    </mem>
    <remembered-set count="402" />
  </mem-info>
</gc-start>
<allocation-stats totalBytes="2528576" >
  <allocated-bytes non-tlh="16" tlh="2528560" />
  <largest-consumer threadName="node-13" threadId="000000000234A100" bytes="143336" />
</allocation-stats>
<gc-op id="527" type="scavenge" timems="0.442" contextid="524" timestamp="2019-07-02T20:53:34.758">
  <scavenger-info tenureage="3" tenuremask="ffe8" tiltratio="89" />
  <memory-copied type="nursery" objects="3416" bytes="90008" bytesdiscarded="105832" />
  <memory-copied type="tenure" objects="1182" bytes="28368" bytesdiscarded="0" />
</gc-op>
<gc-end id="528" type="scavenge" contextid="524" durationms="0.712" usertimems="0.000" systemtimems="0.000" timestamp="2019-07-02T20:53:34.758" activeThreads="4">
  <mem-info id="529" free="4805576" total="12845056" percent="37">
    <mem type="nursery" free="2491136" total="3014656" percent="82">
      <mem type="allocate" free="2491136" total="2686976" percent="92" />
      <mem type="survivor" free="0" total="327680" percent="0" />
    </mem>
    <mem type="tenure" free="2314440" total="9830400" percent="23" macro-fragmented="868149">
      <mem type="soa" free="1822920" total="9338880" percent="19" />
      <mem type="loa" free="491520" total="491520" percent="100" />
    </mem>
    <remembered-set count="327" />
  </mem-info>
</gc-end>
<cycle-end id="530" type="scavenge" contextid="524" timestamp="2019-07-02T20:53:34.759">
  <attribute name="GC Util" value="0" />
  <attribute name="CPU Util" value="17" />
  <attribute name="Time Running"value="21972"/>
  <attribute name="Number of cores"value="4"/>
</cycle-end>
<allocation-satisfied id="531" threadId="0000000002342900" bytesRequested="736" />
<af-end id="532" timestamp="2019-07-02T20:53:34.759" threadId="0000000002343288" success="true" from="nursery"/>
<exclusive-end id="533" timestamp="2019-07-02T20:53:34.759" durationms="1.533" />

<exclusive-start id="534" timestamp="2019-07-02T20:53:36.303" intervalms="1545.767">
  <response-info timems="0.039" idlems="0.039" threads="0" lastid="0000000002382300" lastname="node-8" />
</exclusive-start>
<af-start id="535" threadId="0000000002382C88" totalBytesRequested="24" timestamp="2019-07-02T20:53:36.303" intervalms="1545.822" type="nursery" />
<cycle-start id="536" type="scavenge" contextid="0" timestamp="2019-07-02T20:53:36.304" intervalms="1545.880" />
  <attribute name="GC Util" value="0" />
  <attribute name="CPU Util" value="17" />
  <attribute name="Time Running"value="21972"/>
  <attribute name="Number of cores"value="4"/>
<gc-start id="537" type="scavenge" contextid="536" timestamp="2019-07-02T20:53:36.304">
  <mem-info id="538" free="2314440" total="12845056" percent="18">
    <mem type="nursery" free="0" total="3014656" percent="0">
      <mem type="allocate" free="0" total="2686976" percent="0" />
      <mem type="survivor" free="0" total="327680" percent="0" />
    </mem>
    <mem type="tenure" free="2314440" total="9830400" percent="23">
      <mem type="soa" free="1822920" total="9338880" percent="19" />
      <mem type="loa" free="491520" total="491520" percent="100" />
    </mem>
    <remembered-set count="404" />
  </mem-info>
</gc-start>
<allocation-stats totalBytes="2488824" >
  <allocated-bytes non-tlh="736" tlh="2488088" />
  <largest-consumer threadName="node-9" threadId="0000000002376F00" bytes="138680" />
</allocation-stats>
<gc-op id="539" type="scavenge" timems="0.518" contextid="536" timestamp="2019-07-02T20:53:36.304">
  <scavenger-info tenureage="3" tenuremask="ffe8" tiltratio="89" />
  <memory-copied type="nursery" objects="3511" bytes="85984" bytesdiscarded="109856" />
  <memory-copied type="tenure" objects="1231" bytes="29544" bytesdiscarded="0" />
</gc-op>
<gc-end id="540" type="scavenge" contextid="536" durationms="0.988" usertimems="4.000" systemtimems="0.000" timestamp="2019-07-02T20:53:36.305" activeThreads="4">
  <mem-info id="541" free="4766408" total="12845056" percent="37">
    <mem type="nursery" free="2491136" total="3014656" percent="82">
      <mem type="allocate" free="2491136" total="2686976" percent="92" />
      <mem type="survivor" free="0" total="327680" percent="0" />
    </mem>
    <mem type="tenure" free="2275272" total="9830400" percent="23" macro-fragmented="22644">
      <mem type="soa" free="1783752" total="9338880" percent="19" />
      <mem type="loa" free="491520" total="491520" percent="100" />
    </mem>
    <remembered-set count="328" />
  </mem-info>
</gc-end>
<cycle-end id="542" type="scavenge" contextid="536" timestamp="2019-07-02T20:53:36.305">
  <attribute name="GC Util" value="0" />
  <attribute name="CPU Util" value="30" />
  <attribute name="Time Running"value="23518"/>
  <attribute name="Number of cores"value="4"/>
</cycle-end>
<allocation-satisfied id="543" threadId="0000000002382300" bytesRequested="24" />
<af-end id="544" timestamp="2019-07-02T20:53:36.305" threadId="0000000002382C88" success="true" from="nursery"/>
<exclusive-end id="545" timestamp="2019-07-02T20:53:36.306" durationms="2.283" />

<exclusive-start id="546" timestamp="2019-07-02T20:53:37.820" intervalms="1516.804">
  <response-info timems="0.048" idlems="0.027" threads="1" lastid="0000000002337500" lastname="node-12" />
</exclusive-start>
<af-start id="547" threadId="0000000002377888" totalBytesRequested="24" timestamp="2019-07-02T20:53:37.820" intervalms="1516.750" type="nursery" />
<cycle-start id="548" type="scavenge" contextid="0" timestamp="2019-07-02T20:53:37.820" intervalms="1516.682" />
  <attribute name="GC Util" value="0" />
  <attribute name="CPU Util" value="30" />
  <attribute name="Time Running"value="23518"/>
  <attribute name="Number of cores"value="4"/>
<gc-start id="549" type="scavenge" contextid="548" timestamp="2019-07-02T20:53:37.820">
  <mem-info id="550" free="2275272" total="12845056" percent="17">
    <mem type="nursery" free="0" total="3014656" percent="0">
      <mem type="allocate" free="0" total="2686976" percent="0" />
      <mem type="survivor" free="0" total="327680" percent="0" />
    </mem>
    <mem type="tenure" free="2275272" total="9830400" percent="23">
      <mem type="soa" free="1783752" total="9338880" percent="19" />
      <mem type="loa" free="491520" total="491520" percent="100" />
    </mem>
    <remembered-set count="401" />
  </mem-info>
</gc-start>
<allocation-stats totalBytes="2483928" >
  <allocated-bytes non-tlh="24" tlh="2483904" />
  <largest-consumer threadName="node-8" threadId="0000000002382300" bytes="140024" />
</allocation-stats>
<gc-op id="551" type="scavenge" timems="0.874" contextid="548" timestamp="2019-07-02T20:53:37.821">
  <scavenger-info tenureage="14" tenuremask="4000" tiltratio="89" />
  <memory-copied type="nursery" objects="4810" bytes="117496" bytesdiscarded="78344" />
</gc-op>
<gc-end id="552" type="scavenge" contextid="548" durationms="1.069" usertimems="0.000" systemtimems="4.000" timestamp="2019-07-02T20:53:37.821" activeThreads="4">
  <mem-info id="553" free="4766408" total="12845056" percent="37">
    <mem type="nursery" free="2491136" total="3014656" percent="82">
      <mem type="allocate" free="2491136" total="2686976" percent="92" />
      <mem type="survivor" free="0" total="327680" percent="0" />
    </mem>
    <mem type="tenure" free="2275272" total="9830400" percent="23" macro-fragmented="1599025">
      <mem type="soa" free="1783752" total="9338880" percent="19" />
      <mem type="loa" free="491520" total="491520" percent="100" />
    </mem>
    <remembered-set count="339" />
  </mem-info>
</gc-end>
<cycle-end id="554" type="scavenge" contextid="548" timestamp="2019-07-02T20:53:37.821">
  <attribute name="GC Util" value="0" />
  <attribute name="CPU Util" value="18" />
  <attribute name="Time Running"value="25035"/>
  <attribute name="Number of cores"value="4"/>
</cycle-end>
<allocation-satisfied id="555" threadId="0000000002376F00" bytesRequested="24" />
<af-end id="556" timestamp="2019-07-02T20:53:37.822" threadId="0000000002377888" success="true" from="nursery"/>
<exclusive-end id="557" timestamp="2019-07-02T20:53:37.822" durationms="1.563" />

<exclusive-start id="558" timestamp="2019-07-02T20:53:39.293" intervalms="1473.309">
  <response-info timems="0.519" idlems="0.269" threads="1" lastid="0000000002373300" lastname="node-24" />
</exclusive-start>
<af-start id="559" threadId="000000000234E588" totalBytesRequested="744" timestamp="2019-07-02T20:53:39.293" intervalms="1473.306" type="nursery" />
<cycle-start id="560" type="scavenge" contextid="0" timestamp="2019-07-02T20:53:39.294" intervalms="1473.315" />
  <attribute name="GC Util" value="0" />
  <attribute name="CPU Util" value="18" />
  <attribute name="Time Running"value="25035"/>
  <attribute name="Number of cores"value="4"/>
<gc-start id="561" type="scavenge" contextid="560" timestamp="2019-07-02T20:53:39.294">
  <mem-info id="562" free="2275272" total="12845056" percent="17">
    <mem type="nursery" free="0" total="3014656" percent="0">
      <mem type="allocate" free="0" total="2686976" percent="0" />
      <mem type="survivor" free="0" total="327680" percent="0" />
    </mem>
    <mem type="tenure" free="2275272" total="9830400" percent="23">
      <mem type="soa" free="1783752" total="9338880" percent="19" />
      <mem type="loa" free="491520" total="491520" percent="100" />
    </mem>
    <remembered-set count="418" />
  </mem-info>
</gc-start>
<allocation-stats totalBytes="2488216" >
  <allocated-bytes non-tlh="24" tlh="2488192" />
  <largest-consumer threadName="node-8" threadId="0000000002382300" bytes="143280" />
</allocation-stats>
<gc-op id="563" type="scavenge" timems="0.605" contextid="560" timestamp="2019-07-02T20:53:39.294">
  <scavenger-info tenureage="4" tenuremask="4010" tiltratio="89" />
  <memory-copied type="nursery" objects="5340" bytes="129048" bytesdiscarded="105960" />
  <memory-copied type="tenure" objects="1011" bytes="24264" bytesdiscarded="0" />
</gc-op>
<gc-end id="564" type="scavenge" contextid="560" durationms="1.126" usertimems="0.000" systemtimems="4.000" timestamp="2019-07-02T20:53:39.295" activeThreads="4">
  <mem-info id="565" free="4727240" total="12845056" percent="36">
    <mem type="nursery" free="2451968" total="3014656" percent="81">
      <mem type="allocate" free="2451968" total="2686976" percent="91" />
      <mem type="survivor" free="0" total="327680" percent="0" />
    </mem>
    <mem type="tenure" free="2275272" total="9830400" percent="23" macro-fragmented="1849052">
      <mem type="soa" free="1783752" total="9338880" percent="19" />
      <mem type="loa" free="491520" total="491520" percent="100" />
    </mem>
    <remembered-set count="313" />
  </mem-info>
</gc-end>
<cycle-end id="566" type="scavenge" contextid="560" timestamp="2019-07-02T20:53:39.295">
  <attribute name="GC Util" value="0" />
  <attribute name="CPU Util" value="24" />
  <attribute name="Time Running"value="26508"/>
  <attribute name="Number of cores"value="4"/>
</cycle-end>
<allocation-satisfied id="567" threadId="000000000234DC00" bytesRequested="744" />
<af-end id="568" timestamp="2019-07-02T20:53:39.295" threadId="000000000234E588" success="true" from="nursery"/>
<exclusive-end id="569" timestamp="2019-07-02T20:53:39.295" durationms="1.723" />

<exclusive-start id="570" timestamp="2019-07-02T20:53:40.790" intervalms="1497.046">
  <response-info timems="0.041" idlems="0.041" threads="0" lastid="000000000234DC00" lastname="node-7" />
</exclusive-start>
<af-start id="571" threadId="000000000234E588" totalBytesRequested="32" timestamp="2019-07-02T20:53:40.791" intervalms="1497.055" type="nursery" />
<cycle-start id="572" type="scavenge" contextid="0" timestamp="2019-07-02T20:53:40.791" intervalms="1497.063" />
  <attribute name="GC Util" value="0" />
  <attribute name="CPU Util" value="24" />
  <attribute name="Time Running"value="26508"/>
  <attribute name="Number of cores"value="4"/>
<gc-start id="573" type="scavenge" contextid="572" timestamp="2019-07-02T20:53:40.791">
  <mem-info id="574" free="2275272" total="12845056" percent="17">
    <mem type="nursery" free="0" total="3014656" percent="0">
      <mem type="allocate" free="0" total="2686976" percent="0" />
      <mem type="survivor" free="0" total="327680" percent="0" />
    </mem>
    <mem type="tenure" free="2275272" total="9830400" percent="23">
      <mem type="soa" free="1783752" total="9338880" percent="19" />
      <mem type="loa" free="491520" total="491520" percent="100" />
    </mem>
    <remembered-set count="419" />
  </mem-info>
</gc-start>
<allocation-stats totalBytes="2448256" >
  <allocated-bytes non-tlh="744" tlh="2447512" />
  <largest-consumer threadName="node-3" threadId="0000000002360800" bytes="108176" />
</allocation-stats>
<gc-op id="575" type="scavenge" timems="0.549" contextid="572" timestamp="2019-07-02T20:53:40.791">
  <scavenger-info tenureage="2" tenuremask="4014" tiltratio="89" />
  <memory-copied type="nursery" objects="4295" bytes="105992" bytesdiscarded="89848" />
  <memory-copied type="tenure" objects="2303" bytes="55272" bytesdiscarded="0" />
</gc-op>
<gc-end id="576" type="scavenge" contextid="572" durationms="0.923" usertimems="0.000" systemtimems="0.000" timestamp="2019-07-02T20:53:40.792" activeThreads="4">
  <mem-info id="577" free="4688072" total="12845056" percent="36">
    <mem type="nursery" free="2491136" total="3014656" percent="82">
      <mem type="allocate" free="2491136" total="2686976" percent="92" />
      <mem type="survivor" free="0" total="327680" percent="0" />
    </mem>
    <mem type="tenure" free="2196936" total="9830400" percent="22" macro-fragmented="1918830">
      <mem type="soa" free="1705416" total="9338880" percent="18" />
      <mem type="loa" free="491520" total="491520" percent="100" />
    </mem>
    <remembered-set count="331" />
  </mem-info>
</gc-end>
<cycle-end id="578" type="scavenge" contextid="572" timestamp="2019-07-02T20:53:40.792">
  <attribute name="GC Util" value="0" />
  <attribute name="CPU Util" value="22" />
  <attribute name="Time Running"value="28005"/>
  <attribute name="Number of cores"value="4"/>
</cycle-end>
<allocation-satisfied id="579" threadId="000000000234DC00" bytesRequested="32" />
<af-end id="580" timestamp="2019-07-02T20:53:40.792" threadId="000000000234E588" success="true" from="nursery"/>
<exclusive-end id="581" timestamp="2019-07-02T20:53:40.792" durationms="1.663" />

<exclusive-start id="582" timestamp="2019-07-02T20:53:42.156" intervalms="1365.490">
  <response-info timems="0.031" idlems="0.031" threads="0" lastid="0000000002376F00" lastname="node-9" />
</exclusive-start>
<af-start id="583" threadId="0000000002377888" totalBytesRequested="32" timestamp="2019-07-02T20:53:42.156" intervalms="1365.495" type="nursery" />
<cycle-start id="584" type="scavenge" contextid="0" timestamp="2019-07-02T20:53:42.156" intervalms="1365.525" />
  <attribute name="GC Util" value="0" />
  <attribute name="CPU Util" value="22" />
  <attribute name="Time Running"value="28005"/>
  <attribute name="Number of cores"value="4"/>
<gc-start id="585" type="scavenge" contextid="584" timestamp="2019-07-02T20:53:42.156">
  <mem-info id="586" free="2196936" total="12845056" percent="17">
    <mem type="nursery" free="0" total="3014656" percent="0">
      <mem type="allocate" free="0" total="2686976" percent="0" />
      <mem type="survivor" free="0" total="327680" percent="0" />
    </mem>
    <mem type="tenure" free="2196936" total="9830400" percent="22">
      <mem type="soa" free="1705416" total="9338880" percent="18" />
      <mem type="loa" free="491520" total="491520" percent="100" />
    </mem>
    <remembered-set count="399" />
  </mem-info>
</gc-start>
<allocation-stats totalBytes="2489552" >
  <allocated-bytes non-tlh="32" tlh="2489520" />
  <largest-consumer threadName="node-7" threadId="000000000234DC00" bytes="143264" />
</allocation-stats>
<gc-op id="587" type="scavenge" timems="0.604" contextid="584" timestamp="2019-07-02T20:53:42.157">
  <scavenger-info tenureage="2" tenuremask="401c" tiltratio="89" />
  <memory-copied type="nursery" objects="2643" bytes="62512" bytesdiscarded="54992" />
  <memory-copied type="tenure" objects="2909" bytes="69816" bytesdiscarded="0" />
</gc-op>
<gc-end id="588" type="scavenge" contextid="584" durationms="1.026" usertimems="0.000" systemtimems="0.000" timestamp="2019-07-02T20:53:42.157" activeThreads="4">
  <mem-info id="589" free="4727240" total="12845056" percent="36">
    <mem type="nursery" free="2569472" total="3014656" percent="85">
      <mem type="allocate" free="2569472" total="2686976" percent="95" />
      <mem type="survivor" free="0" total="327680" percent="0" />
    </mem>
    <mem type="tenure" free="2157768" total="9830400" percent="21" macro-fragmented="0">
      <mem type="soa" free="1666248" total="9338880" percent="17" />
      <mem type="loa" free="491520" total="491520" percent="100" />
    </mem>
    <remembered-set count="286" />
  </mem-info>
</gc-end>
<cycle-end id="590" type="scavenge" contextid="584" timestamp="2019-07-02T20:53:42.157">
  <attribute name="GC Util" value="0" />
  <attribute name="CPU Util" value="20" />
  <attribute name="Time Running"value="29371"/>
  <attribute name="Number of cores"value="4"/>
</cycle-end>
<allocation-satisfied id="591" threadId="0000000002376F00" bytesRequested="32" />
<af-end id="592" timestamp="2019-07-02T20:53:42.158" threadId="0000000002377888" success="true" from="nursery"/>
<exclusive-end id="593" timestamp="2019-07-02T20:53:42.158" durationms="1.691" />

<exclusive-start id="594" timestamp="2019-07-02T20:53:43.454" intervalms="1298.240">
  <response-info timems="0.048" idlems="0.048" threads="0" lastid="000000000237AB00" lastname="node-20" />
</exclusive-start>
<af-start id="595" threadId="000000000237B488" totalBytesRequested="16" timestamp="2019-07-02T20:53:43.454" intervalms="1298.223" type="nursery" />
<cycle-start id="596" type="scavenge" contextid="0" timestamp="2019-07-02T20:53:43.454" intervalms="1298.178" />
  <attribute name="GC Util" value="0" />
  <attribute name="CPU Util" value="20" />
  <attribute name="Time Running"value="29371"/>
  <attribute name="Number of cores"value="4"/>
<gc-start id="597" type="scavenge" contextid="596" timestamp="2019-07-02T20:53:43.454">
  <mem-info id="598" free="2157768" total="12845056" percent="16">
    <mem type="nursery" free="0" total="3014656" percent="0">
      <mem type="allocate" free="0" total="2686976" percent="0" />
      <mem type="survivor" free="0" total="327680" percent="0" />
    </mem>
    <mem type="tenure" free="2157768" total="9830400" percent="21">
      <mem type="soa" free="1666248" total="9338880" percent="17" />
      <mem type="loa" free="491520" total="491520" percent="100" />
    </mem>
    <remembered-set count="383" />
  </mem-info>
</gc-start>
<allocation-stats totalBytes="2568160" >
  <allocated-bytes non-tlh="32" tlh="2568128" />
  <largest-consumer threadName="node-9" threadId="0000000002376F00" bytes="143336" />
</allocation-stats>
<gc-op id="599" type="scavenge" timems="0.458" contextid="596" timestamp="2019-07-02T20:53:43.455">
  <scavenger-info tenureage="2" tenuremask="4004" tiltratio="89" />
  <memory-copied type="nursery" objects="2765" bytes="68608" bytesdiscarded="88064" />
  <memory-copied type="tenure" objects="1234" bytes="29616" bytesdiscarded="0" />
</gc-op>
<gc-end id="600" type="scavenge" contextid="596" durationms="0.708" usertimems="0.000" systemtimems="0.000" timestamp="2019-07-02T20:53:43.455" activeThreads="4">
  <mem-info id="601" free="4648904" total="12845056" percent="36">
    <mem type="nursery" free="2530304" total="3014656" percent="83">
      <mem type="allocate" free="2530304" total="2686976" percent="94" />
      <mem type="survivor" free="0" total="327680" percent="0" />
    </mem>
    <mem type="tenure" free="2118600" total="9830400" percent="21" macro-fragmented="0">
      <mem type="soa" free="1627080" total="9338880" percent="17" />
      <mem type="loa" free="491520" total="491520" percent="100" />
    </mem>
    <remembered-set count="292" />
  </mem-info>
</gc-end>
<cycle-end id="602" type="scavenge" contextid="596" timestamp="2019-07-02T20:53:43.455">
  <attribute name="GC Util" value="0" />
  <attribute name="CPU Util" value="27" />
  <attribute name="Time Running"value="30669"/>
  <attribute name="Number of cores"value="4"/>
</cycle-end>
<allocation-satisfied id="603" threadId="000000000237AB00" bytesRequested="16" />
<af-end id="604" timestamp="2019-07-02T20:53:43.455" threadId="000000000237B488" success="true" from="nursery"/>
<exclusive-end id="605" timestamp="2019-07-02T20:53:43.455" durationms="1.090" />

<exclusive-start id="606" timestamp="2019-07-02T20:53:45.192" intervalms="1737.401">
  <response-info timems="0.036" idlems="0.036" threads="0" lastid="0000000002351800" lastname="node-11" />
</exclusive-start>
<af-start id="607" threadId="0000000002352188" totalBytesRequested="24" timestamp="2019-07-02T20:53:45.192" intervalms="1737.422" type="nursery" />
<cycle-start id="608" type="scavenge" contextid="0" timestamp="2019-07-02T20:53:45.192" intervalms="1737.445" />
  <attribute name="GC Util" value="0" />
  <attribute name="CPU Util" value="27" />
  <attribute name="Time Running"value="30669"/>
  <attribute name="Number of cores"value="4"/>
<gc-start id="609" type="scavenge" contextid="608" timestamp="2019-07-02T20:53:45.192">
  <mem-info id="610" free="2118600" total="12845056" percent="16">
    <mem type="nursery" free="0" total="3014656" percent="0">
      <mem type="allocate" free="0" total="2686976" percent="0" />
      <mem type="survivor" free="0" total="327680" percent="0" />
    </mem>
    <mem type="tenure" free="2118600" total="9830400" percent="21">
      <mem type="soa" free="1627080" total="9338880" percent="17" />
      <mem type="loa" free="491520" total="491520" percent="100" />
    </mem>
    <remembered-set count="383" />
  </mem-info>
</gc-start>
<allocation-stats totalBytes="2528784" >
  <allocated-bytes non-tlh="16" tlh="2528768" />
  <largest-consumer threadName="node-8" threadId="0000000002382300" bytes="143320" />
</allocation-stats>
<gc-op id="611" type="scavenge" timems="0.773" contextid="608" timestamp="2019-07-02T20:53:45.193">
  <scavenger-info tenureage="2" tenuremask="4004" tiltratio="89" />
  <memory-copied type="nursery" objects="2775" bytes="68320" bytesdiscarded="49184" />
  <memory-copied type="tenure" objects="1294" bytes="31056" bytesdiscarded="0" />
</gc-op>
<gc-end id="612" type="scavenge" contextid="608" durationms="1.326" usertimems="0.000" systemtimems="0.000" timestamp="2019-07-02T20:53:45.193" activeThreads="4">
  <mem-info id="613" free="4648904" total="12845056" percent="36">
    <mem type="nursery" free="2569472" total="3014656" percent="85">
      <mem type="allocate" free="2569472" total="2686976" percent="95" />
      <mem type="survivor" free="0" total="327680" percent="0" />
    </mem>
    <mem type="tenure" free="2079432" total="9830400" percent="21" macro-fragmented="1250136">
      <mem type="soa" free="1587912" total="9338880" percent="17" />
      <mem type="loa" free="491520" total="491520" percent="100" />
    </mem>
    <remembered-set count="312" />
  </mem-info>
</gc-end>
<cycle-end id="614" type="scavenge" contextid="608" timestamp="2019-07-02T20:53:45.193">
  <attribute name="GC Util" value="0" />
  <attribute name="CPU Util" value="30" />
  <attribute name="Time Running"value="32407"/>
  <attribute name="Number of cores"value="4"/>
</cycle-end>
<allocation-satisfied id="615" threadId="0000000002351800" bytesRequested="24" />
<af-end id="616" timestamp="2019-07-02T20:53:45.194" threadId="0000000002352188" success="true" from="nursery"/>
<exclusive-end id="617" timestamp="2019-07-02T20:53:45.194" durationms="2.242" />

<exclusive-start id="618" timestamp="2019-07-02T20:53:46.754" intervalms="1562.480">
  <response-info timems="0.036" idlems="0.031" threads="1" lastid="000000000237AB00" lastname="node-20" />
</exclusive-start>
<af-start id="619" threadId="000000000238A488" totalBytesRequested="16" timestamp="2019-07-02T20:53:46.754" intervalms="1562.556" type="nursery" />
<cycle-start id="620" type="scavenge" contextid="0" timestamp="2019-07-02T20:53:46.754" intervalms="1562.629" />
  <attribute name="GC Util" value="0" />
  <attribute name="CPU Util" value="30" />
  <attribute name="Time Running"value="32407"/>
  <attribute name="Number of cores"value="4"/>
<gc-start id="621" type="scavenge" contextid="620" timestamp="2019-07-02T20:53:46.755">
  <mem-info id="622" free="2079432" total="12845056" percent="16">
    <mem type="nursery" free="0" total="3014656" percent="0">
      <mem type="allocate" free="0" total="2686976" percent="0" />
      <mem type="survivor" free="0" total="327680" percent="0" />
    </mem>
    <mem type="tenure" free="2079432" total="9830400" percent="21">
      <mem type="soa" free="1587912" total="9338880" percent="17" />
      <mem type="loa" free="491520" total="491520" percent="100" />
    </mem>
    <remembered-set count="384" />
  </mem-info>
</gc-start>
<allocation-stats totalBytes="2567168" >
  <allocated-bytes non-tlh="24" tlh="2567144" />
  <largest-consumer threadName="node-7" threadId="000000000234DC00" bytes="143320" />
</allocation-stats>
<gc-op id="623" type="scavenge" timems="0.444" contextid="620" timestamp="2019-07-02T20:53:46.755">
  <scavenger-info tenureage="2" tenuremask="4004" tiltratio="89" />
  <memory-copied type="nursery" objects="2742" bytes="73720" bytesdiscarded="82952" />
  <memory-copied type="tenure" objects="1324" bytes="31776" bytesdiscarded="0" />
</gc-op>
<gc-end id="624" type="scavenge" contextid="620" durationms="0.849" usertimems="0.000" systemtimems="0.000" timestamp="2019-07-02T20:53:46.755" activeThreads="4">
  <mem-info id="625" free="4570568" total="12845056" percent="35">
    <mem type="nursery" free="2530304" total="3014656" percent="83">
      <mem type="allocate" free="2530304" total="2686976" percent="94" />
      <mem type="survivor" free="0" total="327680" percent="0" />
    </mem>
    <mem type="tenure" free="2040264" total="9830400" percent="20" macro-fragmented="1500163">
      <mem type="soa" free="1548744" total="9338880" percent="16" />
      <mem type="loa" free="491520" total="491520" percent="100" />
    </mem>
    <remembered-set count="310" />
  </mem-info>
</gc-end>
<cycle-end id="626" type="scavenge" contextid="620" timestamp="2019-07-02T20:53:46.756">
  <attribute name="GC Util" value="0" />
  <attribute name="CPU Util" value="32" />
  <attribute name="Time Running"value="33969"/>
  <attribute name="Number of cores"value="4"/>
</cycle-end>
<allocation-satisfied id="627" threadId="0000000002389B00" bytesRequested="16" />
<af-end id="628" timestamp="2019-07-02T20:53:46.756" threadId="000000000238A488" success="true" from="nursery"/>
<exclusive-end id="629" timestamp="2019-07-02T20:53:46.756" durationms="1.711" />

<exclusive-start id="630" timestamp="2019-07-02T20:53:48.332" intervalms="1577.795">
  <response-info timems="0.040" idlems="0.040" threads="0" lastid="0000000002364400" lastname="node-14" />
</exclusive-start>
<af-start id="631" threadId="0000000002364D88" totalBytesRequested="496" timestamp="2019-07-02T20:53:48.332" intervalms="1577.698" type="nursery" />
<cycle-start id="632" type="scavenge" contextid="0" timestamp="2019-07-02T20:53:48.332" intervalms="1577.613" />
  <attribute name="GC Util" value="0" />
  <attribute name="CPU Util" value="32" />
  <attribute name="Time Running"value="33969"/>
  <attribute name="Number of cores"value="4"/>
<gc-start id="633" type="scavenge" contextid="632" timestamp="2019-07-02T20:53:48.332">
  <mem-info id="634" free="2040264" total="12845056" percent="15">
    <mem type="nursery" free="0" total="3014656" percent="0">
      <mem type="allocate" free="0" total="2686976" percent="0" />
      <mem type="survivor" free="0" total="327680" percent="0" />
    </mem>
    <mem type="tenure" free="2040264" total="9830400" percent="20">
      <mem type="soa" free="1548744" total="9338880" percent="16" />
      <mem type="loa" free="491520" total="491520" percent="100" />
    </mem>
    <remembered-set count="383" />
  </mem-info>
</gc-start>
<allocation-stats totalBytes="2528056" >
  <allocated-bytes non-tlh="16" tlh="2528040" />
  <largest-consumer threadName="node-9" threadId="0000000002376F00" bytes="143336" />
</allocation-stats>
<gc-op id="635" type="scavenge" timems="0.430" contextid="632" timestamp="2019-07-02T20:53:48.333">
  <scavenger-info tenureage="2" tenuremask="4004" tiltratio="89" />
  <memory-copied type="nursery" objects="2699" bytes="70240" bytesdiscarded="86432" />
  <memory-copied type="tenure" objects="1310" bytes="31440" bytesdiscarded="0" />
</gc-op>
<gc-end id="636" type="scavenge" contextid="632" durationms="0.800" usertimems="0.000" systemtimems="4.000" timestamp="2019-07-02T20:53:48.333" activeThreads="4">
  <mem-info id="637" free="4570568" total="12845056" percent="35">
    <mem type="nursery" free="2530304" total="3014656" percent="83">
      <mem type="allocate" free="2530304" total="2686976" percent="94" />
      <mem type="survivor" free="0" total="327680" percent="0" />
    </mem>
    <mem type="tenure" free="2040264" total="9830400" percent="20" macro-fragmented="1918830">
      <mem type="soa" free="1548744" total="9338880" percent="16" />
      <mem type="loa" free="491520" total="491520" percent="100" />
    </mem>
    <remembered-set count="303" />
  </mem-info>
</gc-end>
<cycle-end id="638" type="scavenge" contextid="632" timestamp="2019-07-02T20:53:48.333">
  <attribute name="GC Util" value="0" />
  <attribute name="CPU Util" value="17" />
  <attribute name="Time Running"value="35547"/>
  <attribute name="Number of cores"value="4"/>
</cycle-end>
<allocation-satisfied id="639" threadId="0000000002364400" bytesRequested="496" />
<af-end id="640" timestamp="2019-07-02T20:53:48.333" threadId="0000000002364D88" success="true" from="nursery"/>
<exclusive-end id="641" timestamp="2019-07-02T20:53:48.333" durationms="1.259" />

<exclusive-start id="642" timestamp="2019-07-02T20:53:49.923" intervalms="1591.414">
  <response-info timems="0.035" idlems="0.035" threads="0" lastid="000000000234DC00" lastname="node-7" />
</exclusive-start>
<af-start id="643" threadId="000000000234E588" totalBytesRequested="24" timestamp="2019-07-02T20:53:49.923" intervalms="1591.507" type="nursery" />
<cycle-start id="644" type="scavenge" contextid="0" timestamp="2019-07-02T20:53:49.924" intervalms="1591.568" />
  <attribute name="GC Util" value="0" />
  <attribute name="CPU Util" value="17" />
  <attribute name="Time Running"value="35547"/>
  <attribute name="Number of cores"value="4"/>
<gc-start id="645" type="scavenge" contextid="644" timestamp="2019-07-02T20:53:49.924">
  <mem-info id="646" free="2040264" total="12845056" percent="15">
    <mem type="nursery" free="0" total="3014656" percent="0">
      <mem type="allocate" free="0" total="2686976" percent="0" />
      <mem type="survivor" free="0" total="327680" percent="0" />
    </mem>
    <mem type="tenure" free="2040264" total="9830400" percent="20">
      <mem type="soa" free="1548744" total="9338880" percent="16" />
      <mem type="loa" free="491520" total="491520" percent="100" />
    </mem>
    <remembered-set count="385" />
  </mem-info>
</gc-start>
<allocation-stats totalBytes="2528896" >
  <allocated-bytes non-tlh="496" tlh="2528400" />
  <largest-consumer threadName="node-9" threadId="0000000002376F00" bytes="143328" />
</allocation-stats>
<gc-op id="647" type="scavenge" timems="0.799" contextid="644" timestamp="2019-07-02T20:53:49.925">
  <scavenger-info tenureage="2" tenuremask="4004" tiltratio="89" />
  <memory-copied type="nursery" objects="3067" bytes="75784" bytesdiscarded="41720" />
  <memory-copied type="tenure" objects="1280" bytes="30720" bytesdiscarded="0" />
</gc-op>
<gc-end id="648" type="scavenge" contextid="644" durationms="1.395" usertimems="0.000" systemtimems="4.000" timestamp="2019-07-02T20:53:49.925" activeThreads="4">
  <mem-info id="649" free="4570568" total="12845056" percent="35">
    <mem type="nursery" free="2569472" total="3014656" percent="85">
      <mem type="allocate" free="2569472" total="2686976" percent="95" />
      <mem type="survivor" free="0" total="327680" percent="0" />
    </mem>
    <mem type="tenure" free="2001096" total="9830400" percent="20" macro-fragmented="1041779">
      <mem type="soa" free="1509576" total="9338880" percent="16" />
      <mem type="loa" free="491520" total="491520" percent="100" />
    </mem>
    <remembered-set count="313" />
  </mem-info>
</gc-end>
<cycle-end id="650" type="scavenge" contextid="644" timestamp="2019-07-02T20:53:49.925">
  <attribute name="GC Util" value="0" />
  <attribute name="CPU Util" value="24" />
  <attribute name="Time Running"value="37138"/>
  <attribute name="Number of cores"value="4"/>
</cycle-end>
<allocation-satisfied id="651" threadId="000000000234DC00" bytesRequested="24" />
<af-end id="652" timestamp="2019-07-02T20:53:49.925" threadId="000000000234E588" success="true" from="nursery"/>
<exclusive-end id="653" timestamp="2019-07-02T20:53:49.925" durationms="2.136" />

<exclusive-start id="654" timestamp="2019-07-02T20:53:51.422" intervalms="1498.740">
  <response-info timems="0.038" idlems="0.021" threads="1" lastid="0000000002385F00" lastname="node-6" />
</exclusive-start>
<af-start id="655" threadId="000000000235D588" totalBytesRequested="32" timestamp="2019-07-02T20:53:51.422" intervalms="1498.651" type="nursery" />
<cycle-start id="656" type="scavenge" contextid="0" timestamp="2019-07-02T20:53:51.422" intervalms="1498.578" />
  <attribute name="GC Util" value="0" />
  <attribute name="CPU Util" value="24" />
  <attribute name="Time Running"value="37138"/>
  <attribute name="Number of cores"value="4"/>
<gc-start id="657" type="scavenge" contextid="656" timestamp="2019-07-02T20:53:51.422">
  <mem-info id="658" free="2001096" total="12845056" percent="15">
    <mem type="nursery" free="0" total="3014656" percent="0">
      <mem type="allocate" free="0" total="2686976" percent="0" />
      <mem type="survivor" free="0" total="327680" percent="0" />
    </mem>
    <mem type="tenure" free="2001096" total="9830400" percent="20">
      <mem type="soa" free="1509576" total="9338880" percent="16" />
      <mem type="loa" free="491520" total="491520" percent="100" />
    </mem>
    <remembered-set count="389" />
  </mem-info>
</gc-start>
<allocation-stats totalBytes="2568376" >
  <allocated-bytes non-tlh="24" tlh="2568352" />
  <largest-consumer threadName="node-8" threadId="0000000002382300" bytes="143320" />
</allocation-stats>
<gc-op id="659" type="scavenge" timems="0.542" contextid="656" timestamp="2019-07-02T20:53:51.423">
  <scavenger-info tenureage="2" tenuremask="4004" tiltratio="89" />
  <memory-copied type="nursery" objects="3456" bytes="84656" bytesdiscarded="111184" />
  <memory-copied type="tenure" objects="1259" bytes="30216" bytesdiscarded="0" />
</gc-op>
<gc-end id="660" type="scavenge" contextid="656" durationms="0.886" usertimems="0.000" systemtimems="0.000" timestamp="2019-07-02T20:53:51.423" activeThreads="4">
  <mem-info id="661" free="4453064" total="12845056" percent="34">
    <mem type="nursery" free="2491136" total="3014656" percent="82">
      <mem type="allocate" free="2491136" total="2686976" percent="92" />
      <mem type="survivor" free="0" total="327680" percent="0" />
    </mem>
    <mem type="tenure" free="1961928" total="9830400" percent="19" macro-fragmented="1668803">
      <mem type="soa" free="1470408" total="9338880" percent="15" />
      <mem type="loa" free="491520" total="491520" percent="100" />
    </mem>
    <remembered-set count="315" />
  </mem-info>
</gc-end>
<cycle-end id="662" type="scavenge" contextid="656" timestamp="2019-07-02T20:53:51.423">
  <attribute name="GC Util" value="0" />
  <attribute name="CPU Util" value="23" />
  <attribute name="Time Running"value="38637"/>
  <attribute name="Number of cores"value="4"/>
</cycle-end>
<allocation-satisfied id="663" threadId="000000000235CC00" bytesRequested="32" />
<af-end id="664" timestamp="2019-07-02T20:53:51.423" threadId="000000000235D588" success="true" from="nursery"/>
<exclusive-end id="665" timestamp="2019-07-02T20:53:51.423" durationms="1.348" />

<exclusive-start id="666" timestamp="2019-07-02T20:53:52.793" intervalms="1370.579">
  <response-info timems="0.038" idlems="0.038" threads="0" lastid="0000000002376F00" lastname="node-9" />
</exclusive-start>
<af-start id="667" threadId="0000000002377888" totalBytesRequested="720" timestamp="2019-07-02T20:53:52.793" intervalms="1370.593" type="nursery" />
<cycle-start id="668" type="scavenge" contextid="0" timestamp="2019-07-02T20:53:52.793" intervalms="1370.624" />
  <attribute name="GC Util" value="0" />
  <attribute name="CPU Util" value="23" />
  <attribute name="Time Running"value="38637"/>
  <attribute name="Number of cores"value="4"/>
<gc-start id="669" type="scavenge" contextid="668" timestamp="2019-07-02T20:53:52.793">
  <mem-info id="670" free="1961928" total="12845056" percent="15">
    <mem type="nursery" free="0" total="3014656" percent="0">
      <mem type="allocate" free="0" total="2686976" percent="0" />
      <mem type="survivor" free="0" total="327680" percent="0" />
    </mem>
    <mem type="tenure" free="1961928" total="9830400" percent="19">
      <mem type="soa" free="1470408" total="9338880" percent="15" />
      <mem type="loa" free="491520" total="491520" percent="100" />
    </mem>
    <remembered-set count="386" />
  </mem-info>
</gc-start>
<allocation-stats totalBytes="2488904" >
  <allocated-bytes non-tlh="32" tlh="2488872" />
  <largest-consumer threadName="node-7" threadId="000000000234DC00" bytes="135880" />
</allocation-stats>
<gc-op id="671" type="scavenge" timems="0.846" contextid="668" timestamp="2019-07-02T20:53:52.794">
  <scavenger-info tenureage="2" tenuremask="4004" tiltratio="89" />
  <memory-copied type="nursery" objects="3021" bytes="74376" bytesdiscarded="43128" />
  <memory-copied type="tenure" objects="1663" bytes="39912" bytesdiscarded="0" />
</gc-op>
<gc-end id="672" type="scavenge" contextid="668" durationms="1.324" usertimems="0.000" systemtimems="0.000" timestamp="2019-07-02T20:53:52.794" activeThreads="4">
  <mem-info id="673" free="4492232" total="12845056" percent="34">
    <mem type="nursery" free="2569472" total="3014656" percent="85">
      <mem type="allocate" free="2569472" total="2686976" percent="95" />
      <mem type="survivor" free="0" total="327680" percent="0" />
    </mem>
    <mem type="tenure" free="1922760" total="9830400" percent="19" macro-fragmented="1250136">
      <mem type="soa" free="1431240" total="9338880" percent="15" />
      <mem type="loa" free="491520" total="491520" percent="100" />
    </mem>
    <remembered-set count="294" />
  </mem-info>
</gc-end>
<cycle-end id="674" type="scavenge" contextid="668" timestamp="2019-07-02T20:53:52.794">
  <attribute name="GC Util" value="0" />
  <attribute name="CPU Util" value="19" />
  <attribute name="Time Running"value="40007"/>
  <attribute name="Number of cores"value="4"/>
</cycle-end>
<allocation-satisfied id="675" threadId="0000000002376F00" bytesRequested="720" />
<af-end id="676" timestamp="2019-07-02T20:53:52.795" threadId="0000000002377888" success="true" from="nursery"/>
<exclusive-end id="677" timestamp="2019-07-02T20:53:52.795" durationms="2.224" />

<exclusive-start id="678" timestamp="2019-07-02T20:53:54.362" intervalms="1569.076">
  <response-info timems="0.053" idlems="0.033" threads="1" lastid="000000000235CC00" lastname="node-19" />
</exclusive-start>
<af-start id="679" threadId="000000000237F088" totalBytesRequested="32" timestamp="2019-07-02T20:53:54.362" intervalms="1569.102" type="nursery" />
<cycle-start id="680" type="scavenge" contextid="0" timestamp="2019-07-02T20:53:54.362" intervalms="1569.144" />
  <attribute name="GC Util" value="0" />
  <attribute name="CPU Util" value="19" />
  <attribute name="Time Running"value="40007"/>
  <attribute name="Number of cores"value="4"/>
<gc-start id="681" type="scavenge" contextid="680" timestamp="2019-07-02T20:53:54.362">
  <mem-info id="682" free="1922760" total="12845056" percent="14">
    <mem type="nursery" free="0" total="3014656" percent="0">
      <mem type="allocate" free="0" total="2686976" percent="0" />
      <mem type="survivor" free="0" total="327680" percent="0" />
    </mem>
    <mem type="tenure" free="1922760" total="9830400" percent="19">
      <mem type="soa" free="1431240" total="9338880" percent="15" />
      <mem type="loa" free="491520" total="491520" percent="100" />
    </mem>
    <remembered-set count="386" />
  </mem-info>
</gc-start>
<allocation-stats totalBytes="2568160" >
  <allocated-bytes non-tlh="720" tlh="2567440" />
  <largest-consumer threadName="node-9" threadId="0000000002376F00" bytes="144064" />
</allocation-stats>
<gc-op id="683" type="scavenge" timems="1.096" contextid="680" timestamp="2019-07-02T20:53:54.363">
  <scavenger-info tenureage="2" tenuremask="4004" tiltratio="89" />
  <memory-copied type="nursery" objects="2742" bytes="67968" bytesdiscarded="49536" />
  <memory-copied type="tenure" objects="1651" bytes="39624" bytesdiscarded="0" />
</gc-op>
<gc-end id="684" type="scavenge" contextid="680" durationms="1.686" usertimems="4.000" systemtimems="0.000" timestamp="2019-07-02T20:53:54.364" activeThreads="4">
  <mem-info id="685" free="4413896" total="12845056" percent="34">
    <mem type="nursery" free="2569472" total="3014656" percent="85">
      <mem type="allocate" free="2569472" total="2686976" percent="95" />
      <mem type="survivor" free="0" total="327680" percent="0" />
    </mem>
    <mem type="tenure" free="1844424" total="9830400" percent="18" macro-fragmented="1250136">
      <mem type="soa" free="1352904" total="9338880" percent="14" />
      <mem type="loa" free="491520" total="491520" percent="100" />
    </mem>
    <remembered-set count="314" />
  </mem-info>
</gc-end>
<cycle-end id="686" type="scavenge" contextid="680" timestamp="2019-07-02T20:53:54.364">
  <attribute name="GC Util" value="0" />
  <attribute name="CPU Util" value="25" />
  <attribute name="Time Running"value="41577"/>
  <attribute name="Number of cores"value="4"/>
</cycle-end>
<allocation-satisfied id="687" threadId="000000000237E700" bytesRequested="32" />
<af-end id="688" timestamp="2019-07-02T20:53:54.364" threadId="000000000237F088" success="true" from="nursery"/>
<exclusive-end id="689" timestamp="2019-07-02T20:53:54.364" durationms="2.691" />

<exclusive-start id="690" timestamp="2019-07-02T20:53:55.570" intervalms="1208.016">
  <response-info timems="0.066" idlems="0.066" threads="0" lastid="000000000233ED00" lastname="node-10" />
</exclusive-start>
<af-start id="691" threadId="000000000233F688" totalBytesRequested="16" timestamp="2019-07-02T20:53:55.570" intervalms="1208.034" type="nursery" />
<cycle-start id="692" type="scavenge" contextid="0" timestamp="2019-07-02T20:53:55.570" intervalms="1208.032" />
  <attribute name="GC Util" value="0" />
  <attribute name="CPU Util" value="25" />
  <attribute name="Time Running"value="41577"/>
  <attribute name="Number of cores"value="4"/>
<gc-start id="693" type="scavenge" contextid="692" timestamp="2019-07-02T20:53:55.570">
  <mem-info id="694" free="1844424" total="12845056" percent="14">
    <mem type="nursery" free="0" total="3014656" percent="0">
      <mem type="allocate" free="0" total="2686976" percent="0" />
      <mem type="survivor" free="0" total="327680" percent="0" />
    </mem>
    <mem type="tenure" free="1844424" total="9830400" percent="18">
      <mem type="soa" free="1352904" total="9338880" percent="14" />
      <mem type="loa" free="491520" total="491520" percent="100" />
    </mem>
    <remembered-set count="381" />
  </mem-info>
</gc-start>
<allocation-stats totalBytes="2567968" >
  <allocated-bytes non-tlh="32" tlh="2567936" />
  <largest-consumer threadName="node-7" threadId="000000000234DC00" bytes="143344" />
</allocation-stats>
<gc-op id="695" type="scavenge" timems="0.435" contextid="692" timestamp="2019-07-02T20:53:55.571">
  <scavenger-info tenureage="2" tenuremask="4004" tiltratio="89" />
  <memory-copied type="nursery" objects="2956" bytes="73360" bytesdiscarded="83312" />
  <memory-copied type="tenure" objects="1236" bytes="29664" bytesdiscarded="0" />
</gc-op>
<gc-end id="696" type="scavenge" contextid="692" durationms="0.839" usertimems="4.000" systemtimems="0.000" timestamp="2019-07-02T20:53:55.571" activeThreads="4">
  <mem-info id="697" free="4335560" total="12845056" percent="33">
    <mem type="nursery" free="2530304" total="3014656" percent="83">
      <mem type="allocate" free="2530304" total="2686976" percent="94" />
      <mem type="survivor" free="0" total="327680" percent="0" />
    </mem>
    <mem type="tenure" free="1805256" total="9830400" percent="18" macro-fragmented="0">
      <mem type="soa" free="1313736" total="9338880" percent="14" />
      <mem type="loa" free="491520" total="491520" percent="100" />
    </mem>
    <remembered-set count="311" />
  </mem-info>
</gc-end>
<cycle-end id="698" type="scavenge" contextid="692" timestamp="2019-07-02T20:53:55.571">
  <attribute name="GC Util" value="0" />
  <attribute name="CPU Util" value="15" />
  <attribute name="Time Running"value="42785"/>
  <attribute name="Number of cores"value="4"/>
</cycle-end>
<allocation-satisfied id="699" threadId="000000000233ED00" bytesRequested="16" />
<af-end id="700" timestamp="2019-07-02T20:53:55.571" threadId="000000000233F688" success="true" from="nursery"/>
<exclusive-end id="701" timestamp="2019-07-02T20:53:55.571" durationms="1.475" />

<exclusive-start id="702" timestamp="2019-07-02T20:53:57.242" intervalms="1672.061">
  <response-info timems="0.063" idlems="0.063" threads="0" lastid="0000000002333900" lastname="node-1" />
</exclusive-start>
<af-start id="703" threadId="0000000002334288" totalBytesRequested="16" timestamp="2019-07-02T20:53:57.242" intervalms="1671.997" type="nursery" />
<cycle-start id="704" type="scavenge" contextid="0" timestamp="2019-07-02T20:53:57.242" intervalms="1671.932" />
  <attribute name="GC Util" value="0" />
  <attribute name="CPU Util" value="15" />
  <attribute name="Time Running"value="42785"/>
  <attribute name="Number of cores"value="4"/>
<gc-start id="705" type="scavenge" contextid="704" timestamp="2019-07-02T20:53:57.242">
  <mem-info id="706" free="1805256" total="12845056" percent="14">
    <mem type="nursery" free="0" total="3014656" percent="0">
      <mem type="allocate" free="0" total="2686976" percent="0" />
      <mem type="survivor" free="0" total="327680" percent="0" />
    </mem>
    <mem type="tenure" free="1805256" total="9830400" percent="18">
      <mem type="soa" free="1313736" total="9338880" percent="14" />
      <mem type="loa" free="491520" total="491520" percent="100" />
    </mem>
    <remembered-set count="384" />
  </mem-info>
</gc-start>
<allocation-stats totalBytes="2528600" >
  <allocated-bytes non-tlh="16" tlh="2528584" />
  <largest-consumer threadName="node-8" threadId="0000000002382300" bytes="143328" />
</allocation-stats>
<gc-op id="707" type="scavenge" timems="0.406" contextid="704" timestamp="2019-07-02T20:53:57.242">
  <scavenger-info tenureage="2" tenuremask="4004" tiltratio="89" />
  <memory-copied type="nursery" objects="2735" bytes="69064" bytesdiscarded="87608" />
  <memory-copied type="tenure" objects="1362" bytes="32688" bytesdiscarded="0" />
</gc-op>
<gc-end id="708" type="scavenge" contextid="704" durationms="0.660" usertimems="0.000" systemtimems="0.000" timestamp="2019-07-02T20:53:57.243" activeThreads="4">
  <mem-info id="709" free="4296392" total="12845056" percent="33">
    <mem type="nursery" free="2530304" total="3014656" percent="83">
      <mem type="allocate" free="2530304" total="2686976" percent="94" />
      <mem type="survivor" free="0" total="327680" percent="0" />
    </mem>
    <mem type="tenure" free="1766088" total="9830400" percent="17" macro-fragmented="1041779">
      <mem type="soa" free="1274568" total="9338880" percent="13" />
      <mem type="loa" free="491520" total="491520" percent="100" />
    </mem>
    <remembered-set count="292" />
  </mem-info>
</gc-end>
<cycle-end id="710" type="scavenge" contextid="704" timestamp="2019-07-02T20:53:57.243">
  <attribute name="GC Util" value="0" />
  <attribute name="CPU Util" value="24" />
  <attribute name="Time Running"value="44457"/>
  <attribute name="Number of cores"value="4"/>
</cycle-end>
<allocation-satisfied id="711" threadId="0000000002333900" bytesRequested="16" />
<af-end id="712" timestamp="2019-07-02T20:53:57.243" threadId="0000000002334288" success="true" from="nursery"/>
<exclusive-end id="713" timestamp="2019-07-02T20:53:57.243" durationms="1.180" />

<exclusive-start id="714" timestamp="2019-07-02T20:53:58.900" intervalms="1658.558">
  <response-info timems="0.053" idlems="0.053" threads="0" lastid="0000000002360800" lastname="node-3" />
</exclusive-start>
<af-start id="715" threadId="0000000002361188" totalBytesRequested="24" timestamp="2019-07-02T20:53:58.900" intervalms="1658.652" type="nursery" />
<cycle-start id="716" type="scavenge" contextid="0" timestamp="2019-07-02T20:53:58.901" intervalms="1658.695" />
  <attribute name="GC Util" value="0" />
  <attribute name="CPU Util" value="24" />
  <attribute name="Time Running"value="44457"/>
  <attribute name="Number of cores"value="4"/>
<gc-start id="717" type="scavenge" contextid="716" timestamp="2019-07-02T20:53:58.901">
  <mem-info id="718" free="1766088" total="12845056" percent="13">
    <mem type="nursery" free="0" total="3014656" percent="0">
      <mem type="allocate" free="0" total="2686976" percent="0" />
      <mem type="survivor" free="0" total="327680" percent="0" />
    </mem>
    <mem type="tenure" free="1766088" total="9830400" percent="17">
      <mem type="soa" free="1274568" total="9338880" percent="13" />
      <mem type="loa" free="491520" total="491520" percent="100" />
    </mem>
    <remembered-set count="379" />
  </mem-info>
</gc-start>
<allocation-stats totalBytes="2528096" >
  <allocated-bytes non-tlh="16" tlh="2528080" />
  <largest-consumer threadName="node-9" threadId="0000000002376F00" bytes="143336" />
</allocation-stats>
<gc-op id="719" type="scavenge" timems="1.398" contextid="716" timestamp="2019-07-02T20:53:58.902">
  <scavenger-info tenureage="2" tenuremask="4004" tiltratio="89" />
  <memory-copied type="nursery" objects="2296" bytes="57736" bytesdiscarded="98936" />
  <memory-copied type="tenure" objects="1448" bytes="34752" bytesdiscarded="0" />
</gc-op>
<gc-end id="720" type="scavenge" contextid="716" durationms="2.097" usertimems="4.000" systemtimems="0.000" timestamp="2019-07-02T20:53:58.903" activeThreads="4">
  <mem-info id="721" free="4257224" total="12845056" percent="33">
    <mem type="nursery" free="2530304" total="3014656" percent="83">
      <mem type="allocate" free="2530304" total="2686976" percent="94" />
      <mem type="survivor" free="0" total="327680" percent="0" />
    </mem>
    <mem type="tenure" free="1726920" total="9830400" percent="17" macro-fragmented="0">
      <mem type="soa" free="1235400" total="9338880" percent="13" />
      <mem type="loa" free="491520" total="491520" percent="100" />
    </mem>
    <remembered-set count="309" />
  </mem-info>
</gc-end>
<cycle-end id="722" type="scavenge" contextid="716" timestamp="2019-07-02T20:53:58.903">
  <attribute name="GC Util" value="0" />
  <attribute name="CPU Util" value="15" />
  <attribute name="Time Running"value="46115"/>
  <attribute name="Number of cores"value="4"/>
</cycle-end>
<allocation-satisfied id="723" threadId="0000000002360800" bytesRequested="24" />
<af-end id="724" timestamp="2019-07-02T20:53:58.903" threadId="0000000002361188" success="true" from="nursery"/>
<exclusive-end id="725" timestamp="2019-07-02T20:53:58.903" durationms="3.001" />

<exclusive-start id="726" timestamp="2019-07-02T20:54:00.506" intervalms="1606.111">
  <response-info timems="0.036" idlems="0.036" threads="0" lastid="000000000237E700" lastname="node-15" />
</exclusive-start>
<af-start id="727" threadId="000000000237F088" totalBytesRequested="24" timestamp="2019-07-02T20:54:00.506" intervalms="1606.038" type="nursery" />
<cycle-start id="728" type="scavenge" contextid="0" timestamp="2019-07-02T20:54:00.507" intervalms="1606.007" />
  <attribute name="GC Util" value="0" />
  <attribute name="CPU Util" value="15" />
  <attribute name="Time Running"value="46115"/>
  <attribute name="Number of cores"value="4"/>
<gc-start id="729" type="scavenge" contextid="728" timestamp="2019-07-02T20:54:00.507">
  <mem-info id="730" free="1726920" total="12845056" percent="13">
    <mem type="nursery" free="0" total="3014656" percent="0">
      <mem type="allocate" free="0" total="2686976" percent="0" />
      <mem type="survivor" free="0" total="327680" percent="0" />
    </mem>
    <mem type="tenure" free="1726920" total="9830400" percent="17">
      <mem type="soa" free="1235400" total="9338880" percent="13" />
      <mem type="loa" free="491520" total="491520" percent="100" />
    </mem>
    <remembered-set count="381" />
  </mem-info>
</gc-start>
<allocation-stats totalBytes="2527400" >
  <allocated-bytes non-tlh="24" tlh="2527376" />
  <largest-consumer threadName="node-8" threadId="0000000002382300" bytes="143336" />
</allocation-stats>
<gc-op id="731" type="scavenge" timems="0.594" contextid="728" timestamp="2019-07-02T20:54:00.507">
  <scavenger-info tenureage="2" tenuremask="4004" tiltratio="89" />
  <memory-copied type="nursery" objects="2617" bytes="64528" bytesdiscarded="52976" />
  <memory-copied type="tenure" objects="1136" bytes="27264" bytesdiscarded="0" />
</gc-op>
<gc-end id="732" type="scavenge" contextid="728" durationms="0.830" usertimems="0.000" systemtimems="4.000" timestamp="2019-07-02T20:54:00.507" activeThreads="4">
  <mem-info id="733" free="4257224" total="12845056" percent="33">
    <mem type="nursery" free="2569472" total="3014656" percent="85">
      <mem type="allocate" free="2569472" total="2686976" percent="95" />
      <mem type="survivor" free="0" total="327680" percent="0" />
    </mem>
    <mem type="tenure" free="1687752" total="9830400" percent="17" macro-fragmented="1460446">
      <mem type="soa" free="1196232" total="9338880" percent="12" />
      <mem type="loa" free="491520" total="491520" percent="100" />
    </mem>
    <remembered-set count="312" />
  </mem-info>
</gc-end>
<cycle-end id="734" type="scavenge" contextid="728" timestamp="2019-07-02T20:54:00.508">
  <attribute name="GC Util" value="0" />
  <attribute name="CPU Util" value="19" />
  <attribute name="Time Running"value="47721"/>
  <attribute name="Number of cores"value="4"/>
</cycle-end>
<allocation-satisfied id="735" threadId="000000000237E700" bytesRequested="24" />
<af-end id="736" timestamp="2019-07-02T20:54:00.508" threadId="000000000237F088" success="true" from="nursery"/>
<exclusive-end id="737" timestamp="2019-07-02T20:54:00.508" durationms="1.614" />

<exclusive-start id="738" timestamp="2019-07-02T20:54:02.189" intervalms="1682.917">
  <response-info timems="0.040" idlems="0.040" threads="0" lastid="000000000237AB00" lastname="node-20" />
</exclusive-start>
<af-start id="739" threadId="000000000237B488" totalBytesRequested="32" timestamp="2019-07-02T20:54:02.189" intervalms="1682.997" type="nursery" />
<cycle-start id="740" type="scavenge" contextid="0" timestamp="2019-07-02T20:54:02.190" intervalms="1683.085" />
  <attribute name="GC Util" value="0" />
  <attribute name="CPU Util" value="19" />
  <attribute name="Time Running"value="47721"/>
  <attribute name="Number of cores"value="4"/>
<gc-start id="741" type="scavenge" contextid="740" timestamp="2019-07-02T20:54:02.190">
  <mem-info id="742" free="1687752" total="12845056" percent="13">
    <mem type="nursery" free="0" total="3014656" percent="0">
      <mem type="allocate" free="0" total="2686976" percent="0" />
      <mem type="survivor" free="0" total="327680" percent="0" />
    </mem>
    <mem type="tenure" free="1687752" total="9830400" percent="17">
      <mem type="soa" free="1196232" total="9338880" percent="12" />
      <mem type="loa" free="491520" total="491520" percent="100" />
    </mem>
    <remembered-set count="385" />
  </mem-info>
</gc-start>
<allocation-stats totalBytes="2566680" >
  <allocated-bytes non-tlh="24" tlh="2566656" />
  <largest-consumer threadName="node-7" threadId="000000000234DC00" bytes="143328" />
</allocation-stats>
<gc-op id="743" type="scavenge" timems="1.322" contextid="740" timestamp="2019-07-02T20:54:02.191">
  <scavenger-info tenureage="2" tenuremask="4004" tiltratio="89" />
  <memory-copied type="nursery" objects="2980" bytes="70600" bytesdiscarded="86072" />
  <memory-copied type="tenure" objects="1011" bytes="24264" bytesdiscarded="0" />
</gc-op>
<gc-end id="744" type="scavenge" contextid="740" durationms="1.913" usertimems="0.000" systemtimems="0.000" timestamp="2019-07-02T20:54:02.192" activeThreads="4">
  <mem-info id="745" free="4178888" total="12845056" percent="32">
    <mem type="nursery" free="2530304" total="3014656" percent="83">
      <mem type="allocate" free="2530304" total="2686976" percent="94" />
      <mem type="survivor" free="0" total="327680" percent="0" />
    </mem>
    <mem type="tenure" free="1648584" total="9830400" percent="16" macro-fragmented="868149">
      <mem type="soa" free="1157064" total="9338880" percent="12" />
      <mem type="loa" free="491520" total="491520" percent="100" />
    </mem>
    <remembered-set count="290" />
  </mem-info>
</gc-end>
<cycle-end id="746" type="scavenge" contextid="740" timestamp="2019-07-02T20:54:02.192">
  <attribute name="GC Util" value="0" />
  <attribute name="CPU Util" value="19" />
  <attribute name="Time Running"value="49404"/>
  <attribute name="Number of cores"value="4"/>
</cycle-end>
<allocation-satisfied id="747" threadId="000000000237AB00" bytesRequested="32" />
<af-end id="748" timestamp="2019-07-02T20:54:02.192" threadId="000000000237B488" success="true" from="nursery"/>
<exclusive-end id="749" timestamp="2019-07-02T20:54:02.192" durationms="2.837" />

<exclusive-start id="750" timestamp="2019-07-02T20:54:03.831" intervalms="1641.371">
  <response-info timems="0.030" idlems="0.030" threads="0" lastid="000000000236BC00" lastname="node-4" />
</exclusive-start>
<af-start id="751" threadId="000000000236C588" totalBytesRequested="368" timestamp="2019-07-02T20:54:03.832" intervalms="1642.126" type="nursery" />
<cycle-start id="752" type="scavenge" contextid="0" timestamp="2019-07-02T20:54:03.832" intervalms="1642.176" />
  <attribute name="GC Util" value="0" />
  <attribute name="CPU Util" value="19" />
  <attribute name="Time Running"value="49404"/>
  <attribute name="Number of cores"value="4"/>
<gc-start id="753" type="scavenge" contextid="752" timestamp="2019-07-02T20:54:03.832">
  <mem-info id="754" free="1648584" total="12845056" percent="12">
    <mem type="nursery" free="0" total="3014656" percent="0">
      <mem type="allocate" free="0" total="2686976" percent="0" />
      <mem type="survivor" free="0" total="327680" percent="0" />
    </mem>
    <mem type="tenure" free="1648584" total="9830400" percent="16">
      <mem type="soa" free="1157064" total="9338880" percent="12" />
      <mem type="loa" free="491520" total="491520" percent="100" />
    </mem>
    <remembered-set count="386" />
  </mem-info>
</gc-start>
<allocation-stats totalBytes="2528504" >
  <allocated-bytes non-tlh="32" tlh="2528472" />
  <largest-consumer threadName="node-9" threadId="0000000002376F00" bytes="143352" />
</allocation-stats>
<gc-op id="755" type="scavenge" timems="0.783" contextid="752" timestamp="2019-07-02T20:54:03.833">
  <scavenger-info tenureage="2" tenuremask="4004" tiltratio="89" />
  <memory-copied type="nursery" objects="2579" bytes="61256" bytesdiscarded="56248" />
  <memory-copied type="tenure" objects="1465" bytes="35160" bytesdiscarded="0" />
</gc-op>
<gc-end id="756" type="scavenge" contextid="752" durationms="1.483" usertimems="0.000" systemtimems="0.000" timestamp="2019-07-02T20:54:03.834" activeThreads="4">
  <mem-info id="757" free="4178888" total="12845056" percent="32">
    <mem type="nursery" free="2569472" total="3014656" percent="85">
      <mem type="allocate" free="2569472" total="2686976" percent="95" />
      <mem type="survivor" free="0" total="327680" percent="0" />
    </mem>
    <mem type="tenure" free="1609416" total="9830400" percent="16" macro-fragmented="348889">
      <mem type="soa" free="1117896" total="9338880" percent="11" />
      <mem type="loa" free="491520" total="491520" percent="100" />
    </mem>
    <remembered-set count="290" />
  </mem-info>
</gc-end>
<cycle-end id="758" type="scavenge" contextid="752" timestamp="2019-07-02T20:54:03.834">
  <attribute name="GC Util" value="0" />
  <attribute name="CPU Util" value="10" />
  <attribute name="Time Running"value="51047"/>
  <attribute name="Number of cores"value="4"/>
</cycle-end>
<allocation-satisfied id="759" threadId="000000000236BC00" bytesRequested="368" />
<af-end id="760" timestamp="2019-07-02T20:54:03.834" threadId="000000000236C588" success="true" from="nursery"/>
<exclusive-end id="761" timestamp="2019-07-02T20:54:03.834" durationms="3.517" />

<exclusive-start id="762" timestamp="2019-07-02T20:54:05.246" intervalms="1415.803">
  <response-info timems="0.029" idlems="0.029" threads="0" lastid="0000000002351800" lastname="node-11" />
</exclusive-start>
<af-start id="763" threadId="0000000002352188" totalBytesRequested="32" timestamp="2019-07-02T20:54:05.247" intervalms="1414.958" type="nursery" />
<cycle-start id="764" type="scavenge" contextid="0" timestamp="2019-07-02T20:54:05.247" intervalms="1414.815" />
  <attribute name="GC Util" value="0" />
  <attribute name="CPU Util" value="10" />
  <attribute name="Time Running"value="51047"/>
  <attribute name="Number of cores"value="4"/>
<gc-start id="765" type="scavenge" contextid="764" timestamp="2019-07-02T20:54:05.247">
  <mem-info id="766" free="1609416" total="12845056" percent="12">
    <mem type="nursery" free="0" total="3014656" percent="0">
      <mem type="allocate" free="0" total="2686976" percent="0" />
      <mem type="survivor" free="0" total="327680" percent="0" />
    </mem>
    <mem type="tenure" free="1609416" total="9830400" percent="16">
      <mem type="soa" free="1117896" total="9338880" percent="11" />
      <mem type="loa" free="491520" total="491520" percent="100" />
    </mem>
    <remembered-set count="386" />
  </mem-info>
</gc-start>
<allocation-stats totalBytes="2568376" >
  <allocated-bytes non-tlh="368" tlh="2568008" />
  <largest-consumer threadName="node-9" threadId="0000000002376F00" bytes="143312" />
</allocation-stats>
<gc-op id="767" type="scavenge" timems="0.772" contextid="764" timestamp="2019-07-02T20:54:05.248">
  <scavenger-info tenureage="2" tenuremask="4004" tiltratio="89" />
  <memory-copied type="nursery" objects="2987" bytes="73400" bytesdiscarded="44104" />
  <memory-copied type="tenure" objects="1400" bytes="33600" bytesdiscarded="0" />
</gc-op>
<gc-end id="768" type="scavenge" contextid="764" durationms="1.092" usertimems="4.000" systemtimems="0.000" timestamp="2019-07-02T20:54:05.248" activeThreads="4">
  <mem-info id="769" free="4139720" total="12845056" percent="32">
    <mem type="nursery" free="2569472" total="3014656" percent="85">
      <mem type="allocate" free="2569472" total="2686976" percent="95" />
      <mem type="survivor" free="0" total="327680" percent="0" />
    </mem>
    <mem type="tenure" free="1570248" total="9830400" percent="15" macro-fragmented="0">
      <mem type="soa" free="1078728" total="9338880" percent="11" />
      <mem type="loa" free="491520" total="491520" percent="100" />
    </mem>
    <remembered-set count="313" />
  </mem-info>
</gc-end>
<cycle-end id="770" type="scavenge" contextid="764" timestamp="2019-07-02T20:54:05.248">
  <attribute name="GC Util" value="0" />
  <attribute name="CPU Util" value="27" />
  <attribute name="Time Running"value="52461"/>
  <attribute name="Number of cores"value="4"/>
</cycle-end>
<allocation-satisfied id="771" threadId="0000000002351800" bytesRequested="32" />
<af-end id="772" timestamp="2019-07-02T20:54:05.248" threadId="0000000002352188" success="true" from="nursery"/>
<exclusive-end id="773" timestamp="2019-07-02T20:54:05.248" durationms="1.879" />

<exclusive-start id="774" timestamp="2019-07-02T20:54:06.761" intervalms="1514.549">
  <response-info timems="0.033" idlems="0.033" threads="0" lastid="000000000237AB00" lastname="node-20" />
</exclusive-start>
<af-start id="775" threadId="000000000237B488" totalBytesRequested="32" timestamp="2019-07-02T20:54:06.761" intervalms="1514.527" type="nursery" />
<cycle-start id="776" type="scavenge" contextid="0" timestamp="2019-07-02T20:54:06.761" intervalms="1514.534" />
  <attribute name="GC Util" value="0" />
  <attribute name="CPU Util" value="27" />
  <attribute name="Time Running"value="52461"/>
  <attribute name="Number of cores"value="4"/>
<gc-start id="777" type="scavenge" contextid="776" timestamp="2019-07-02T20:54:06.761">
  <mem-info id="778" free="1570248" total="12845056" percent="12">
    <mem type="nursery" free="0" total="3014656" percent="0">
      <mem type="allocate" free="0" total="2686976" percent="0" />
      <mem type="survivor" free="0" total="327680" percent="0" />
    </mem>
    <mem type="tenure" free="1570248" total="9830400" percent="15">
      <mem type="soa" free="1078728" total="9338880" percent="11" />
      <mem type="loa" free="491520" total="491520" percent="100" />
    </mem>
    <remembered-set count="385" />
  </mem-info>
</gc-start>
<allocation-stats totalBytes="2561264" >
  <allocated-bytes non-tlh="32" tlh="2561232" />
  <largest-consumer threadName="node-9" threadId="0000000002376F00" bytes="143096" />
</allocation-stats>
<gc-op id="779" type="scavenge" timems="1.244" contextid="776" timestamp="2019-07-02T20:54:06.763">
  <scavenger-info tenureage="2" tenuremask="4004" tiltratio="89" />
  <memory-copied type="nursery" objects="3545" bytes="84160" bytesdiscarded="111680" />
  <memory-copied type="tenure" objects="1059" bytes="25416" bytesdiscarded="0" />
</gc-op>
<gc-end id="780" type="scavenge" contextid="776" durationms="1.942" usertimems="4.000" systemtimems="0.000" timestamp="2019-07-02T20:54:06.763" activeThreads="4">
  <mem-info id="781" free="4022216" total="12845056" percent="31">
    <mem type="nursery" free="2491136" total="3014656" percent="82">
      <mem type="allocate" free="2491136" total="2686976" percent="92" />
      <mem type="survivor" free="0" total="327680" percent="0" />
    </mem>
    <mem type="tenure" free="1531080" total="9830400" percent="15" macro-fragmented="502401">
      <mem type="soa" free="1039560" total="9338880" percent="11" />
      <mem type="loa" free="491520" total="491520" percent="100" />
    </mem>
    <remembered-set count="291" />
  </mem-info>
</gc-end>
<cycle-end id="782" type="scavenge" contextid="776" timestamp="2019-07-02T20:54:06.763">
  <attribute name="GC Util" value="0" />
  <attribute name="CPU Util" value="19" />
  <attribute name="Time Running"value="53976"/>
  <attribute name="Number of cores"value="4"/>
</cycle-end>
<allocation-satisfied id="783" threadId="000000000237AB00" bytesRequested="32" />
<af-end id="784" timestamp="2019-07-02T20:54:06.764" threadId="000000000237B488" success="true" from="nursery"/>
<exclusive-end id="785" timestamp="2019-07-02T20:54:06.764" durationms="2.846" />

<exclusive-start id="786" timestamp="2019-07-02T20:54:08.165" intervalms="1403.677">
  <response-info timems="0.034" idlems="0.034" threads="0" lastid="0000000002382300" lastname="node-8" />
</exclusive-start>
<af-start id="787" threadId="0000000002382C88" totalBytesRequested="32" timestamp="2019-07-02T20:54:08.165" intervalms="1403.698" type="nursery" />
<cycle-start id="788" type="scavenge" contextid="0" timestamp="2019-07-02T20:54:08.165" intervalms="1403.683" />
  <attribute name="GC Util" value="0" />
  <attribute name="CPU Util" value="19" />
  <attribute name="Time Running"value="53976"/>
  <attribute name="Number of cores"value="4"/>
<gc-start id="789" type="scavenge" contextid="788" timestamp="2019-07-02T20:54:08.165">
  <mem-info id="790" free="1531080" total="12845056" percent="11">
    <mem type="nursery" free="0" total="3014656" percent="0">
      <mem type="allocate" free="0" total="2686976" percent="0" />
      <mem type="survivor" free="0" total="327680" percent="0" />
    </mem>
    <mem type="tenure" free="1531080" total="9830400" percent="15">
      <mem type="soa" free="1039560" total="9338880" percent="11" />
      <mem type="loa" free="491520" total="491520" percent="100" />
    </mem>
    <remembered-set count="389" />
  </mem-info>
</gc-start>
<allocation-stats totalBytes="2490104" >
  <allocated-bytes non-tlh="32" tlh="2490072" />
  <largest-consumer threadName="node-9" threadId="0000000002376F00" bytes="135888" />
</allocation-stats>
<gc-op id="791" type="scavenge" timems="0.971" contextid="788" timestamp="2019-07-02T20:54:08.166">
  <scavenger-info tenureage="2" tenuremask="4004" tiltratio="89" />
  <memory-copied type="nursery" objects="3048" bytes="74864" bytesdiscarded="42640" />
  <memory-copied type="tenure" objects="1788" bytes="42912" bytesdiscarded="0" />
</gc-op>
<gc-end id="792" type="scavenge" contextid="788" durationms="1.364" usertimems="0.000" systemtimems="0.000" timestamp="2019-07-02T20:54:08.166" activeThreads="4">
  <mem-info id="793" free="4061384" total="12845056" percent="31">
    <mem type="nursery" free="2569472" total="3014656" percent="85">
      <mem type="allocate" free="2569472" total="2686976" percent="95" />
      <mem type="survivor" free="0" total="327680" percent="0" />
    </mem>
    <mem type="tenure" free="1491912" total="9830400" percent="15" macro-fragmented="951770">
      <mem type="soa" free="1000392" total="9338880" percent="10" />
      <mem type="loa" free="491520" total="491520" percent="100" />
    </mem>
    <remembered-set count="314" />
  </mem-info>
</gc-end>
<cycle-end id="794" type="scavenge" contextid="788" timestamp="2019-07-02T20:54:08.166">
  <attribute name="GC Util" value="0" />
  <attribute name="CPU Util" value="10" />
  <attribute name="Time Running"value="55380"/>
  <attribute name="Number of cores"value="4"/>
</cycle-end>
<allocation-satisfied id="795" threadId="0000000002382300" bytesRequested="32" />
<af-end id="796" timestamp="2019-07-02T20:54:08.167" threadId="0000000002382C88" success="true" from="nursery"/>
<exclusive-end id="797" timestamp="2019-07-02T20:54:08.167" durationms="2.151" />

<exclusive-start id="798" timestamp="2019-07-02T20:54:09.612" intervalms="1447.228">
  <response-info timems="0.030" idlems="0.030" threads="0" lastid="000000000237E700" lastname="node-15" />
</exclusive-start>
<af-start id="799" threadId="000000000237F088" totalBytesRequested="32" timestamp="2019-07-02T20:54:09.612" intervalms="1447.226" type="nursery" />
<cycle-start id="800" type="scavenge" contextid="0" timestamp="2019-07-02T20:54:09.612" intervalms="1447.232" />
  <attribute name="GC Util" value="0" />
  <attribute name="CPU Util" value="10" />
  <attribute name="Time Running"value="55380"/>
  <attribute name="Number of cores"value="4"/>
<gc-start id="801" type="scavenge" contextid="800" timestamp="2019-07-02T20:54:09.612">
  <mem-info id="802" free="1491912" total="12845056" percent="11">
    <mem type="nursery" free="0" total="3014656" percent="0">
      <mem type="allocate" free="0" total="2686976" percent="0" />
      <mem type="survivor" free="0" total="327680" percent="0" />
    </mem>
    <mem type="tenure" free="1491912" total="9830400" percent="15">
      <mem type="soa" free="1000392" total="9338880" percent="10" />
      <mem type="loa" free="491520" total="491520" percent="100" />
    </mem>
    <remembered-set count="383" />
  </mem-info>
</gc-start>
<allocation-stats totalBytes="2568272" >
  <allocated-bytes non-tlh="32" tlh="2568240" />
  <largest-consumer threadName="node-7" threadId="000000000234DC00" bytes="143232" />
</allocation-stats>
<gc-op id="803" type="scavenge" timems="1.249" contextid="800" timestamp="2019-07-02T20:54:09.614">
  <scavenger-info tenureage="2" tenuremask="4004" tiltratio="89" />
  <memory-copied type="nursery" objects="2421" bytes="60536" bytesdiscarded="96136" />
  <memory-copied type="tenure" objects="1642" bytes="39408" bytesdiscarded="0" />
</gc-op>
<gc-end id="804" type="scavenge" contextid="800" durationms="1.613" usertimems="0.000" systemtimems="0.000" timestamp="2019-07-02T20:54:09.614" activeThreads="4">
  <mem-info id="805" free="3983048" total="12845056" percent="31">
    <mem type="nursery" free="2530304" total="3014656" percent="83">
      <mem type="allocate" free="2530304" total="2686976" percent="94" />
      <mem type="survivor" free="0" total="327680" percent="0" />
    </mem>
    <mem type="tenure" free="1452744" total="9830400" percent="14" macro-fragmented="1286816">
      <mem type="soa" free="961224" total="9338880" percent="10" />
      <mem type="loa" free="491520" total="491520" percent="100" />
    </mem>
    <remembered-set count="311" />
  </mem-info>
</gc-end>
<cycle-end id="806" type="scavenge" contextid="800" timestamp="2019-07-02T20:54:09.614">
  <attribute name="GC Util" value="0" />
  <attribute name="CPU Util" value="11" />
  <attribute name="Time Running"value="56827"/>
  <attribute name="Number of cores"value="4"/>
</cycle-end>
<allocation-satisfied id="807" threadId="000000000237E700" bytesRequested="32" />
<af-end id="808" timestamp="2019-07-02T20:54:09.614" threadId="000000000237F088" success="true" from="nursery"/>
<exclusive-end id="809" timestamp="2019-07-02T20:54:09.614" durationms="2.391" />

<exclusive-start id="810" timestamp="2019-07-02T20:54:11.038" intervalms="1426.472">
  <response-info timems="0.035" idlems="0.031" threads="2" lastid="000000000236BC00" lastname="node-4" />
</exclusive-start>
<af-start id="811" threadId="000000000238A488" totalBytesRequested="16" timestamp="2019-07-02T20:54:11.039" intervalms="1426.549" type="nursery" />
<cycle-start id="812" type="scavenge" contextid="0" timestamp="2019-07-02T20:54:11.039" intervalms="1426.628" />
  <attribute name="GC Util" value="0" />
  <attribute name="CPU Util" value="11" />
  <attribute name="Time Running"value="56827"/>
  <attribute name="Number of cores"value="4"/>
<gc-start id="813" type="scavenge" contextid="812" timestamp="2019-07-02T20:54:11.039">
  <mem-info id="814" free="1452744" total="12845056" percent="11">
    <mem type="nursery" free="0" total="3014656" percent="0">
      <mem type="allocate" free="0" total="2686976" percent="0" />
      <mem type="survivor" free="0" total="327680" percent="0" />
    </mem>
    <mem type="tenure" free="1452744" total="9830400" percent="14">
      <mem type="soa" free="961224" total="9338880" percent="10" />
      <mem type="loa" free="491520" total="491520" percent="100" />
    </mem>
    <remembered-set count="381" />
  </mem-info>
</gc-start>
<allocation-stats totalBytes="2529312" >
  <allocated-bytes non-tlh="32" tlh="2529280" />
  <largest-consumer threadName="node-7" threadId="000000000234DC00" bytes="143328" />
</allocation-stats>
<gc-op id="815" type="scavenge" timems="0.418" contextid="812" timestamp="2019-07-02T20:54:11.039">
  <scavenger-info tenureage="2" tenuremask="4004" tiltratio="89" />
  <memory-copied type="nursery" objects="2326" bytes="59592" bytesdiscarded="97080" />
  <memory-copied type="tenure" objects="1264" bytes="30336" bytesdiscarded="0" />
</gc-op>
<gc-end id="816" type="scavenge" contextid="812" durationms="0.722" usertimems="0.000" systemtimems="0.000" timestamp="2019-07-02T20:54:11.040" activeThreads="4">
  <mem-info id="817" free="3943880" total="12845056" percent="30">
    <mem type="nursery" free="2530304" total="3014656" percent="83">
      <mem type="allocate" free="2530304" total="2686976" percent="94" />
      <mem type="survivor" free="0" total="327680" percent="0" />
    </mem>
    <mem type="tenure" free="1413576" total="9830400" percent="14" macro-fragmented="0">
      <mem type="soa" free="922056" total="9338880" percent="9" />
      <mem type="loa" free="491520" total="491520" percent="100" />
    </mem>
    <remembered-set count="308" />
  </mem-info>
</gc-end>
<cycle-end id="818" type="scavenge" contextid="812" timestamp="2019-07-02T20:54:11.040">
  <attribute name="GC Util" value="0" />
  <attribute name="CPU Util" value="14" />
  <attribute name="Time Running"value="58254"/>
  <attribute name="Number of cores"value="4"/>
</cycle-end>
<allocation-satisfied id="819" threadId="0000000002389B00" bytesRequested="16" />
<af-end id="820" timestamp="2019-07-02T20:54:11.040" threadId="000000000238A488" success="true" from="nursery"/>
<exclusive-end id="821" timestamp="2019-07-02T20:54:11.040" durationms="1.400" />

<exclusive-start id="822" timestamp="2019-07-02T20:54:12.501" intervalms="1462.892">
  <response-info timems="0.083" idlems="0.083" threads="0" lastid="000000000236F800" lastname="node-0" />
</exclusive-start>
<af-start id="823" threadId="0000000002370188" totalBytesRequested="16" timestamp="2019-07-02T20:54:12.501" intervalms="1462.810" type="nursery" />
<cycle-start id="824" type="scavenge" contextid="0" timestamp="2019-07-02T20:54:12.501" intervalms="1462.734" />
  <attribute name="GC Util" value="0" />
  <attribute name="CPU Util" value="14" />
  <attribute name="Time Running"value="58254"/>
  <attribute name="Number of cores"value="4"/>
<gc-start id="825" type="scavenge" contextid="824" timestamp="2019-07-02T20:54:12.502">
  <mem-info id="826" free="1413576" total="12845056" percent="11">
    <mem type="nursery" free="0" total="3014656" percent="0">
      <mem type="allocate" free="0" total="2686976" percent="0" />
      <mem type="survivor" free="0" total="327680" percent="0" />
    </mem>
    <mem type="tenure" free="1413576" total="9830400" percent="14">
      <mem type="soa" free="922056" total="9338880" percent="9" />
      <mem type="loa" free="491520" total="491520" percent="100" />
    </mem>
    <remembered-set count="379" />
  </mem-info>
</gc-start>
<allocation-stats totalBytes="2526560" >
  <allocated-bytes non-tlh="16" tlh="2526544" />
  <largest-consumer threadName="node-8" threadId="0000000002382300" bytes="142768" />
</allocation-stats>
<gc-op id="827" type="scavenge" timems="0.393" contextid="824" timestamp="2019-07-02T20:54:12.502">
  <scavenger-info tenureage="2" tenuremask="4004" tiltratio="89" />
  <memory-copied type="nursery" objects="2853" bytes="68168" bytesdiscarded="88504" />
  <memory-copied type="tenure" objects="1012" bytes="24288" bytesdiscarded="0" />
</gc-op>
<gc-end id="828" type="scavenge" contextid="824" durationms="0.659" usertimems="0.000" systemtimems="0.000" timestamp="2019-07-02T20:54:12.502" activeThreads="4">
  <mem-info id="829" free="3904712" total="12845056" percent="30">
    <mem type="nursery" free="2530304" total="3014656" percent="83">
      <mem type="allocate" free="2530304" total="2686976" percent="94" />
      <mem type="survivor" free="0" total="327680" percent="0" />
    </mem>
    <mem type="tenure" free="1374408" total="9830400" percent="13" macro-fragmented="602881">
      <mem type="soa" free="882888" total="9338880" percent="9" />
      <mem type="loa" free="491520" total="491520" percent="100" />
    </mem>
    <remembered-set count="289" />
  </mem-info>
</gc-end>
<cycle-end id="830" type="scavenge" contextid="824" timestamp="2019-07-02T20:54:12.502">
  <attribute name="GC Util" value="0" />
  <attribute name="CPU Util" value="18" />
  <attribute name="Time Running"value="59716"/>
  <attribute name="Number of cores"value="4"/>
</cycle-end>
<allocation-satisfied id="831" threadId="000000000236F800" bytesRequested="16" />
<af-end id="832" timestamp="2019-07-02T20:54:12.502" threadId="0000000002370188" success="true" from="nursery"/>
<exclusive-end id="833" timestamp="2019-07-02T20:54:12.502" durationms="1.105" />

<exclusive-start id="834" timestamp="2019-07-02T20:54:13.956" intervalms="1454.914">
  <response-info timems="0.056" idlems="0.056" threads="0" lastid="0000000002376F00" lastname="node-9" />
</exclusive-start>
<af-start id="835" threadId="0000000002377888" totalBytesRequested="32" timestamp="2019-07-02T20:54:13.956" intervalms="1454.963" type="nursery" />
<cycle-start id="836" type="scavenge" contextid="0" timestamp="2019-07-02T20:54:13.956" intervalms="1454.975" />
  <attribute name="GC Util" value="0" />
  <attribute name="CPU Util" value="18" />
  <attribute name="Time Running"value="59716"/>
  <attribute name="Number of cores"value="4"/>
<gc-start id="837" type="scavenge" contextid="836" timestamp="2019-07-02T20:54:13.957">
  <mem-info id="838" free="1374408" total="12845056" percent="10">
    <mem type="nursery" free="0" total="3014656" percent="0">
      <mem type="allocate" free="0" total="2686976" percent="0" />
      <mem type="survivor" free="0" total="327680" percent="0" />
    </mem>
    <mem type="tenure" free="1374408" total="9830400" percent="13">
      <mem type="soa" free="882888" total="9338880" percent="9" />
      <mem type="loa" free="491520" total="491520" percent="100" />
    </mem>
    <remembered-set count="383" />
  </mem-info>
</gc-start>
<allocation-stats totalBytes="2528520" >
  <allocated-bytes non-tlh="16" tlh="2528504" />
  <largest-consumer threadName="node-8" threadId="0000000002382300" bytes="143120" />
</allocation-stats>
<gc-op id="839" type="scavenge" timems="1.265" contextid="836" timestamp="2019-07-02T20:54:13.958">
  <scavenger-info tenureage="2" tenuremask="4004" tiltratio="89" />
  <memory-copied type="nursery" objects="3118" bytes="76544" bytesdiscarded="80128" />
  <memory-copied type="tenure" objects="1155" bytes="27720" bytesdiscarded="0" />
</gc-op>
<gc-end id="840" type="scavenge" contextid="836" durationms="1.877" usertimems="0.000" systemtimems="0.000" timestamp="2019-07-02T20:54:13.958" activeThreads="4">
  <mem-info id="841" free="3865544" total="12845056" percent="30">
    <mem type="nursery" free="2530304" total="3014656" percent="83">
      <mem type="allocate" free="2530304" total="2686976" percent="94" />
      <mem type="survivor" free="0" total="327680" percent="0" />
    </mem>
    <mem type="tenure" free="1335240" total="9830400" percent="13" macro-fragmented="1142125">
      <mem type="soa" free="843720" total="9338880" percent="9" />
      <mem type="loa" free="491520" total="491520" percent="100" />
    </mem>
    <remembered-set count="313" />
  </mem-info>
</gc-end>
<cycle-end id="842" type="scavenge" contextid="836" timestamp="2019-07-02T20:54:13.959">
  <attribute name="GC Util" value="0" />
  <attribute name="CPU Util" value="18" />
  <attribute name="Time Running"value="61171"/>
  <attribute name="Number of cores"value="4"/>
</cycle-end>
<allocation-satisfied id="843" threadId="0000000002376F00" bytesRequested="32" />
<af-end id="844" timestamp="2019-07-02T20:54:13.959" threadId="0000000002377888" success="true" from="nursery"/>
<exclusive-end id="845" timestamp="2019-07-02T20:54:13.959" durationms="2.799" />

<exclusive-start id="846" timestamp="2019-07-02T20:54:15.576" intervalms="1619.479">
  <response-info timems="0.035" idlems="0.035" threads="0" lastid="000000000233B100" lastname="node-16" />
</exclusive-start>
<af-start id="847" threadId="000000000233BA88" totalBytesRequested="32" timestamp="2019-07-02T20:54:15.576" intervalms="1619.423" type="nursery" />
<cycle-start id="848" type="scavenge" contextid="0" timestamp="2019-07-02T20:54:15.576" intervalms="1619.401" />
  <attribute name="GC Util" value="0" />
  <attribute name="CPU Util" value="18" />
  <attribute name="Time Running"value="61171"/>
  <attribute name="Number of cores"value="4"/>
<gc-start id="849" type="scavenge" contextid="848" timestamp="2019-07-02T20:54:15.576">
  <mem-info id="850" free="1335240" total="12845056" percent="10">
    <mem type="nursery" free="0" total="3014656" percent="0">
      <mem type="allocate" free="0" total="2686976" percent="0" />
      <mem type="survivor" free="0" total="327680" percent="0" />
    </mem>
    <mem type="tenure" free="1335240" total="9830400" percent="13">
      <mem type="soa" free="843720" total="9338880" percent="9" />
      <mem type="loa" free="491520" total="491520" percent="100" />
    </mem>
    <remembered-set count="385" />
  </mem-info>
</gc-start>
<allocation-stats totalBytes="2525664" >
  <allocated-bytes non-tlh="32" tlh="2525632" />
  <largest-consumer threadName="node-8" threadId="0000000002382300" bytes="143216" />
</allocation-stats>
<gc-op id="851" type="scavenge" timems="1.396" contextid="848" timestamp="2019-07-02T20:54:15.577">
  <scavenger-info tenureage="2" tenuremask="4004" tiltratio="89" />
  <memory-copied type="nursery" objects="2980" bytes="73688" bytesdiscarded="82984" />
  <memory-copied type="tenure" objects="1576" bytes="37824" bytesdiscarded="0" />
</gc-op>
<gc-end id="852" type="scavenge" contextid="848" durationms="1.742" usertimems="0.000" systemtimems="0.000" timestamp="2019-07-02T20:54:15.578" activeThreads="4">
  <mem-info id="853" free="3826376" total="12845056" percent="29">
    <mem type="nursery" free="2530304" total="3014656" percent="83">
      <mem type="allocate" free="2530304" total="2686976" percent="94" />
      <mem type="survivor" free="0" total="327680" percent="0" />
    </mem>
    <mem type="tenure" free="1296072" total="9830400" percent="13" macro-fragmented="1142125">
      <mem type="soa" free="804552" total="9338880" percent="8" />
      <mem type="loa" free="491520" total="491520" percent="100" />
    </mem>
    <remembered-set count="314" />
  </mem-info>
</gc-end>
<cycle-end id="854" type="scavenge" contextid="848" timestamp="2019-07-02T20:54:15.578">
  <attribute name="GC Util" value="0" />
  <attribute name="CPU Util" value="19" />
  <attribute name="Time Running"value="62790"/>
  <attribute name="Number of cores"value="4"/>
</cycle-end>
<allocation-satisfied id="855" threadId="000000000233B100" bytesRequested="32" />
<af-end id="856" timestamp="2019-07-02T20:54:15.578" threadId="000000000233BA88" success="true" from="nursery"/>
<exclusive-end id="857" timestamp="2019-07-02T20:54:15.578" durationms="2.486" />

<exclusive-start id="858" timestamp="2019-07-02T20:54:16.904" intervalms="1328.773">
  <response-info timems="0.033" idlems="0.033" threads="0" lastid="0000000002382300" lastname="node-8" />
</exclusive-start>
<af-start id="859" threadId="0000000002382C88" totalBytesRequested="16" timestamp="2019-07-02T20:54:16.905" intervalms="1328.774" type="nursery" />
<cycle-start id="860" type="scavenge" contextid="0" timestamp="2019-07-02T20:54:16.905" intervalms="1328.776" />
  <attribute name="GC Util" value="0" />
  <attribute name="CPU Util" value="19" />
  <attribute name="Time Running"value="62790"/>
  <attribute name="Number of cores"value="4"/>
<gc-start id="861" type="scavenge" contextid="860" timestamp="2019-07-02T20:54:16.905">
  <mem-info id="862" free="1296072" total="12845056" percent="10">
    <mem type="nursery" free="0" total="3014656" percent="0">
      <mem type="allocate" free="0" total="2686976" percent="0" />
      <mem type="survivor" free="0" total="327680" percent="0" />
    </mem>
    <mem type="tenure" free="1296072" total="9830400" percent="13">
      <mem type="soa" free="804552" total="9338880" percent="8" />
      <mem type="loa" free="491520" total="491520" percent="100" />
    </mem>
    <remembered-set count="385" />
  </mem-info>
</gc-start>
<allocation-stats totalBytes="2523344" >
  <allocated-bytes non-tlh="32" tlh="2523312" />
  <largest-consumer threadName="node-9" threadId="0000000002376F00" bytes="143320" />
</allocation-stats>
<gc-op id="863" type="scavenge" timems="1.212" contextid="860" timestamp="2019-07-02T20:54:16.906">
  <scavenger-info tenureage="2" tenuremask="4004" tiltratio="89" />
  <memory-copied type="nursery" objects="2795" bytes="69096" bytesdiscarded="87576" />
  <memory-copied type="tenure" objects="1400" bytes="33600" bytesdiscarded="0" />
</gc-op>
<gc-end id="864" type="scavenge" contextid="860" durationms="1.678" usertimems="4.000" systemtimems="0.000" timestamp="2019-07-02T20:54:16.906" activeThreads="4">
  <mem-info id="865" free="3787208" total="12845056" percent="29">
    <mem type="nursery" free="2530304" total="3014656" percent="83">
      <mem type="allocate" free="2530304" total="2686976" percent="94" />
      <mem type="survivor" free="0" total="327680" percent="0" />
    </mem>
    <mem type="tenure" free="1256904" total="9830400" percent="12" macro-fragmented="0">
      <mem type="soa" free="765384" total="9338880" percent="8" />
      <mem type="loa" free="491520" total="491520" percent="100" />
    </mem>
    <remembered-set count="296" />
  </mem-info>
</gc-end>
<cycle-end id="866" type="scavenge" contextid="860" timestamp="2019-07-02T20:54:16.906">
  <attribute name="GC Util" value="0" />
  <attribute name="CPU Util" value="13" />
  <attribute name="Time Running"value="64119"/>
  <attribute name="Number of cores"value="4"/>
</cycle-end>
<allocation-satisfied id="867" threadId="0000000002382300" bytesRequested="16" />
<af-end id="868" timestamp="2019-07-02T20:54:16.907" threadId="0000000002382C88" success="true" from="nursery"/>
<exclusive-end id="869" timestamp="2019-07-02T20:54:16.907" durationms="2.496" />

<exclusive-start id="870" timestamp="2019-07-02T20:54:18.539" intervalms="1634.468">
  <response-info timems="0.065" idlems="0.065" threads="0" lastid="000000000236F800" lastname="node-0" />
</exclusive-start>
<af-start id="871" threadId="0000000002370188" totalBytesRequested="16" timestamp="2019-07-02T20:54:18.539" intervalms="1634.505" type="nursery" />
<cycle-start id="872" type="scavenge" contextid="0" timestamp="2019-07-02T20:54:18.539" intervalms="1634.501" />
  <attribute name="GC Util" value="0" />
  <attribute name="CPU Util" value="13" />
  <attribute name="Time Running"value="64119"/>
  <attribute name="Number of cores"value="4"/>
<gc-start id="873" type="scavenge" contextid="872" timestamp="2019-07-02T20:54:18.539">
  <mem-info id="874" free="1256904" total="12845056" percent="9">
    <mem type="nursery" free="0" total="3014656" percent="0">
      <mem type="allocate" free="0" total="2686976" percent="0" />
      <mem type="survivor" free="0" total="327680" percent="0" />
    </mem>
    <mem type="tenure" free="1256904" total="9830400" percent="12">
      <mem type="soa" free="765384" total="9338880" percent="8" />
      <mem type="loa" free="491520" total="491520" percent="100" />
    </mem>
    <remembered-set count="385" />
  </mem-info>
</gc-start>
<allocation-stats totalBytes="2527968" >
  <allocated-bytes non-tlh="16" tlh="2527952" />
  <largest-consumer threadName="node-7" threadId="000000000234DC00" bytes="142968" />
</allocation-stats>
<gc-op id="875" type="scavenge" timems="0.420" contextid="872" timestamp="2019-07-02T20:54:18.540">
  <scavenger-info tenureage="2" tenuremask="4004" tiltratio="89" />
  <memory-copied type="nursery" objects="2670" bytes="63784" bytesdiscarded="92888" />
  <memory-copied type="tenure" objects="1437" bytes="34488" bytesdiscarded="0" />
</gc-op>
<gc-end id="876" type="scavenge" contextid="872" durationms="0.852" usertimems="0.000" systemtimems="0.000" timestamp="2019-07-02T20:54:18.540" activeThreads="4">
  <mem-info id="877" free="3748040" total="12845056" percent="29">
    <mem type="nursery" free="2530304" total="3014656" percent="83">
      <mem type="allocate" free="2530304" total="2686976" percent="94" />
      <mem type="survivor" free="0" total="327680" percent="0" />
    </mem>
    <mem type="tenure" free="1217736" total="9830400" percent="12" macro-fragmented="0">
      <mem type="soa" free="726216" total="9338880" percent="7" />
      <mem type="loa" free="491520" total="491520" percent="100" />
    </mem>
    <remembered-set count="288" />
  </mem-info>
</gc-end>
<cycle-end id="878" type="scavenge" contextid="872" timestamp="2019-07-02T20:54:18.540">
  <attribute name="GC Util" value="0" />
  <attribute name="CPU Util" value="17" />
  <attribute name="Time Running"value="65754"/>
  <attribute name="Number of cores"value="4"/>
</cycle-end>
<allocation-satisfied id="879" threadId="000000000236F800" bytesRequested="16" />
<af-end id="880" timestamp="2019-07-02T20:54:18.540" threadId="0000000002370188" success="true" from="nursery"/>
<exclusive-end id="881" timestamp="2019-07-02T20:54:18.540" durationms="1.345" />

<exclusive-start id="882" timestamp="2019-07-02T20:54:19.908" intervalms="1369.459">
  <response-info timems="0.050" idlems="0.050" threads="0" lastid="000000000233ED00" lastname="node-10" />
</exclusive-start>
<af-start id="883" threadId="000000000233F688" totalBytesRequested="720" timestamp="2019-07-02T20:54:19.909" intervalms="1369.447" type="nursery" />
<cycle-start id="884" type="scavenge" contextid="0" timestamp="2019-07-02T20:54:19.909" intervalms="1369.457" />
  <attribute name="GC Util" value="0" />
  <attribute name="CPU Util" value="17" />
  <attribute name="Time Running"value="65754"/>
  <attribute name="Number of cores"value="4"/>
<gc-start id="885" type="scavenge" contextid="884" timestamp="2019-07-02T20:54:19.909">
  <mem-info id="886" free="1217736" total="12845056" percent="9">
    <mem type="nursery" free="0" total="3014656" percent="0">
      <mem type="allocate" free="0" total="2686976" percent="0" />
      <mem type="survivor" free="0" total="327680" percent="0" />
    </mem>
    <mem type="tenure" free="1217736" total="9830400" percent="12">
      <mem type="soa" free="726216" total="9338880" percent="7" />
      <mem type="loa" free="491520" total="491520" percent="100" />
    </mem>
    <remembered-set count="381" />
  </mem-info>
</gc-start>
<allocation-stats totalBytes="2525048" >
  <allocated-bytes non-tlh="16" tlh="2525032" />
  <largest-consumer threadName="node-8" threadId="0000000002382300" bytes="143288" />
</allocation-stats>
<gc-op id="887" type="scavenge" timems="0.405" contextid="884" timestamp="2019-07-02T20:54:19.909">
  <scavenger-info tenureage="2" tenuremask="4004" tiltratio="89" />
  <memory-copied type="nursery" objects="2652" bytes="68128" bytesdiscarded="88544" />
  <memory-copied type="tenure" objects="1211" bytes="29064" bytesdiscarded="0" />
</gc-op>
<gc-end id="888" type="scavenge" contextid="884" durationms="0.637" usertimems="0.000" systemtimems="0.000" timestamp="2019-07-02T20:54:19.909" activeThreads="4">
  <mem-info id="889" free="3708872" total="12845056" percent="28">
    <mem type="nursery" free="2530304" total="3014656" percent="83">
      <mem type="allocate" free="2530304" total="2686976" percent="94" />
      <mem type="survivor" free="0" total="327680" percent="0" />
    </mem>
    <mem type="tenure" free="1178568" total="9830400" percent="11" macro-fragmented="1021548">
      <mem type="soa" free="687048" total="9338880" percent="7" />
      <mem type="loa" free="491520" total="491520" percent="100" />
    </mem>
    <remembered-set count="309" />
  </mem-info>
</gc-end>
<cycle-end id="890" type="scavenge" contextid="884" timestamp="2019-07-02T20:54:19.909">
  <attribute name="GC Util" value="0" />
  <attribute name="CPU Util" value="17" />
  <attribute name="Time Running"value="67123"/>
  <attribute name="Number of cores"value="4"/>
</cycle-end>
<allocation-satisfied id="891" threadId="000000000233ED00" bytesRequested="720" />
<af-end id="892" timestamp="2019-07-02T20:54:19.910" threadId="000000000233F688" success="true" from="nursery"/>
<exclusive-end id="893" timestamp="2019-07-02T20:54:19.910" durationms="1.224" />

<exclusive-start id="894" timestamp="2019-07-02T20:54:21.634" intervalms="1725.806">
  <response-info timems="0.076" idlems="0.076" threads="0" lastid="0000000002351800" lastname="node-11" />
</exclusive-start>
<af-start id="895" threadId="0000000002352188" totalBytesRequested="16" timestamp="2019-07-02T20:54:21.634" intervalms="1725.899" type="nursery" />
<cycle-start id="896" type="scavenge" contextid="0" timestamp="2019-07-02T20:54:21.635" intervalms="1726.002" />
  <attribute name="GC Util" value="0" />
  <attribute name="CPU Util" value="17" />
  <attribute name="Time Running"value="67123"/>
  <attribute name="Number of cores"value="4"/>
<gc-start id="897" type="scavenge" contextid="896" timestamp="2019-07-02T20:54:21.635">
  <mem-info id="898" free="1178568" total="12845056" percent="9">
    <mem type="nursery" free="0" total="3014656" percent="0">
      <mem type="allocate" free="0" total="2686976" percent="0" />
      <mem type="survivor" free="0" total="327680" percent="0" />
    </mem>
    <mem type="tenure" free="1178568" total="9830400" percent="11">
      <mem type="soa" free="687048" total="9338880" percent="7" />
      <mem type="loa" free="491520" total="491520" percent="100" />
    </mem>
    <remembered-set count="381" />
  </mem-info>
</gc-start>
<allocation-stats totalBytes="2528448" >
  <allocated-bytes non-tlh="720" tlh="2527728" />
  <largest-consumer threadName="node-9" threadId="0000000002376F00" bytes="143248" />
</allocation-stats>
<gc-op id="899" type="scavenge" timems="0.617" contextid="896" timestamp="2019-07-02T20:54:21.636">
  <scavenger-info tenureage="2" tenuremask="4004" tiltratio="89" />
  <memory-copied type="nursery" objects="2534" bytes="68432" bytesdiscarded="88240" />
  <memory-copied type="tenure" objects="1338" bytes="32112" bytesdiscarded="0" />
</gc-op>
<gc-end id="900" type="scavenge" contextid="896" durationms="1.169" usertimems="0.000" systemtimems="0.000" timestamp="2019-07-02T20:54:21.636" activeThreads="4">
  <mem-info id="901" free="3669704" total="12845056" percent="28">
    <mem type="nursery" free="2530304" total="3014656" percent="83">
      <mem type="allocate" free="2530304" total="2686976" percent="94" />
      <mem type="survivor" free="0" total="327680" percent="0" />
    </mem>
    <mem type="tenure" free="1139400" total="9830400" percent="11" macro-fragmented="0">
      <mem type="soa" free="647880" total="9338880" percent="6" />
      <mem type="loa" free="491520" total="491520" percent="100" />
    </mem>
    <remembered-set count="309" />
  </mem-info>
</gc-end>
<cycle-end id="902" type="scavenge" contextid="896" timestamp="2019-07-02T20:54:21.636">
  <attribute name="GC Util" value="0" />
  <attribute name="CPU Util" value="29" />
  <attribute name="Time Running"value="68850"/>
  <attribute name="Number of cores"value="4"/>
</cycle-end>
<allocation-satisfied id="903" threadId="0000000002351800" bytesRequested="16" />
<af-end id="904" timestamp="2019-07-02T20:54:21.636" threadId="0000000002352188" success="true" from="nursery"/>
<exclusive-end id="905" timestamp="2019-07-02T20:54:21.636" durationms="2.129" />

<exclusive-start id="906" timestamp="2019-07-02T20:54:23.375" intervalms="1741.032">
  <response-info timems="0.042" idlems="0.042" threads="0" lastid="0000000002376F00" lastname="node-9" />
</exclusive-start>
<af-start id="907" threadId="0000000002377888" totalBytesRequested="32" timestamp="2019-07-02T20:54:23.375" intervalms="1740.919" type="nursery" />
<cycle-start id="908" type="scavenge" contextid="0" timestamp="2019-07-02T20:54:23.375" intervalms="1740.805" />
  <attribute name="GC Util" value="0" />
  <attribute name="CPU Util" value="29" />
  <attribute name="Time Running"value="68850"/>
  <attribute name="Number of cores"value="4"/>
<gc-start id="909" type="scavenge" contextid="908" timestamp="2019-07-02T20:54:23.375">
  <mem-info id="910" free="1139400" total="12845056" percent="8">
    <mem type="nursery" free="0" total="3014656" percent="0">
      <mem type="allocate" free="0" total="2686976" percent="0" />
      <mem type="survivor" free="0" total="327680" percent="0" />
    </mem>
    <mem type="tenure" free="1139400" total="9830400" percent="11">
      <mem type="soa" free="647880" total="9338880" percent="6" />
      <mem type="loa" free="491520" total="491520" percent="100" />
    </mem>
    <remembered-set count="383" />
  </mem-info>
</gc-start>
<allocation-stats totalBytes="2528944" >
  <allocated-bytes non-tlh="16" tlh="2528928" />
  <largest-consumer threadName="node-8" threadId="0000000002382300" bytes="143280" />
</allocation-stats>
<gc-op id="911" type="scavenge" timems="0.432" contextid="908" timestamp="2019-07-02T20:54:23.376">
  <scavenger-info tenureage="2" tenuremask="4004" tiltratio="89" />
  <memory-copied type="nursery" objects="2708" bytes="67160" bytesdiscarded="89512" />
  <memory-copied type="tenure" objects="1162" bytes="27888" bytesdiscarded="0" />
</gc-op>
<gc-end id="912" type="scavenge" contextid="908" durationms="0.858" usertimems="0.000" systemtimems="0.000" timestamp="2019-07-02T20:54:23.376" activeThreads="4">
  <mem-info id="913" free="3630536" total="12845056" percent="28">
    <mem type="nursery" free="2530304" total="3014656" percent="83">
      <mem type="allocate" free="2530304" total="2686976" percent="94" />
      <mem type="survivor" free="0" total="327680" percent="0" />
    </mem>
    <mem type="tenure" free="1100232" total="9830400" percent="11" macro-fragmented="502401">
      <mem type="soa" free="608712" total="9338880" percent="6" />
      <mem type="loa" free="491520" total="491520" percent="100" />
    </mem>
    <remembered-set count="312" />
  </mem-info>
</gc-end>
<cycle-end id="914" type="scavenge" contextid="908" timestamp="2019-07-02T20:54:23.376">
  <attribute name="GC Util" value="0" />
  <attribute name="CPU Util" value="48" />
  <attribute name="Time Running"value="70590"/>
  <attribute name="Number of cores"value="4"/>
</cycle-end>
<allocation-satisfied id="915" threadId="0000000002376F00" bytesRequested="32" />
<af-end id="916" timestamp="2019-07-02T20:54:23.377" threadId="0000000002377888" success="true" from="nursery"/>
<exclusive-end id="917" timestamp="2019-07-02T20:54:23.377" durationms="1.477" />

<exclusive-start id="918" timestamp="2019-07-02T20:54:24.738" intervalms="1363.087">
  <response-info timems="0.037" idlems="0.037" threads="0" lastid="0000000002333900" lastname="node-1" />
</exclusive-start>
<af-start id="919" threadId="0000000002334288" totalBytesRequested="16" timestamp="2019-07-02T20:54:24.738" intervalms="1363.081" type="nursery" />
<cycle-start id="920" type="scavenge" contextid="0" timestamp="2019-07-02T20:54:24.738" intervalms="1363.085" />
  <attribute name="GC Util" value="0" />
  <attribute name="CPU Util" value="48" />
  <attribute name="Time Running"value="70590"/>
  <attribute name="Number of cores"value="4"/>
<gc-start id="921" type="scavenge" contextid="920" timestamp="2019-07-02T20:54:24.739">
  <mem-info id="922" free="1100232" total="12845056" percent="8">
    <mem type="nursery" free="0" total="3014656" percent="0">
      <mem type="allocate" free="0" total="2686976" percent="0" />
      <mem type="survivor" free="0" total="327680" percent="0" />
    </mem>
    <mem type="tenure" free="1100232" total="9830400" percent="11">
      <mem type="soa" free="608712" total="9338880" percent="6" />
      <mem type="loa" free="491520" total="491520" percent="100" />
    </mem>
    <remembered-set count="386" />
  </mem-info>
</gc-start>
<allocation-stats totalBytes="2529632" >
  <allocated-bytes non-tlh="32" tlh="2529600" />
  <largest-consumer threadName="node-9" threadId="0000000002376F00" bytes="143344" />
</allocation-stats>
<gc-op id="923" type="scavenge" timems="0.751" contextid="920" timestamp="2019-07-02T20:54:24.739">
  <scavenger-info tenureage="2" tenuremask="4004" tiltratio="89" />
  <memory-copied type="nursery" objects="3083" bytes="77072" bytesdiscarded="40432" />
  <memory-copied type="tenure" objects="1212" bytes="29088" bytesdiscarded="0" />
</gc-op>
<gc-end id="924" type="scavenge" contextid="920" durationms="1.157" usertimems="0.000" systemtimems="0.000" timestamp="2019-07-02T20:54:24.740" activeThreads="4">
  <mem-info id="925" free="3630536" total="12845056" percent="28">
    <mem type="nursery" free="2569472" total="3014656" percent="85">
      <mem type="allocate" free="2569472" total="2686976" percent="95" />
      <mem type="survivor" free="0" total="327680" percent="0" />
    </mem>
    <mem type="tenure" free="1061064" total="9830400" percent="10" macro-fragmented="418667">
      <mem type="soa" free="569544" total="9338880" percent="6" />
      <mem type="loa" free="491520" total="491520" percent="100" />
    </mem>
    <remembered-set count="298" />
  </mem-info>
</gc-end>
<cycle-end id="926" type="scavenge" contextid="920" timestamp="2019-07-02T20:54:24.740">
  <attribute name="GC Util" value="0" />
  <attribute name="CPU Util" value="17" />
  <attribute name="Time Running"value="71953"/>
  <attribute name="Number of cores"value="4"/>
</cycle-end>
<allocation-satisfied id="927" threadId="0000000002333900" bytesRequested="16" />
<af-end id="928" timestamp="2019-07-02T20:54:24.740" threadId="0000000002334288" success="true" from="nursery"/>
<exclusive-end id="929" timestamp="2019-07-02T20:54:24.740" durationms="1.577" />

<exclusive-start id="930" timestamp="2019-07-02T20:54:26.320" intervalms="1582.067">
  <response-info timems="0.037" idlems="0.037" threads="0" lastid="0000000002351800" lastname="node-11" />
</exclusive-start>
<af-start id="931" threadId="0000000002352188" totalBytesRequested="32" timestamp="2019-07-02T20:54:26.320" intervalms="1582.065" type="nursery" />
<cycle-start id="932" type="scavenge" contextid="0" timestamp="2019-07-02T20:54:26.321" intervalms="1582.061" />
  <attribute name="GC Util" value="0" />
  <attribute name="CPU Util" value="17" />
  <attribute name="Time Running"value="71953"/>
  <attribute name="Number of cores"value="4"/>
<gc-start id="933" type="scavenge" contextid="932" timestamp="2019-07-02T20:54:26.321">
  <mem-info id="934" free="1061064" total="12845056" percent="8">
    <mem type="nursery" free="0" total="3014656" percent="0">
      <mem type="allocate" free="0" total="2686976" percent="0" />
      <mem type="survivor" free="0" total="327680" percent="0" />
    </mem>
    <mem type="tenure" free="1061064" total="9830400" percent="10">
      <mem type="soa" free="569544" total="9338880" percent="6" />
      <mem type="loa" free="491520" total="491520" percent="100" />
    </mem>
    <remembered-set count="386" />
  </mem-info>
</gc-start>
<allocation-stats totalBytes="2562720" >
  <allocated-bytes non-tlh="16" tlh="2562704" />
  <largest-consumer threadName="node-7" threadId="000000000234DC00" bytes="143320" />
</allocation-stats>
<gc-op id="935" type="scavenge" timems="0.425" contextid="932" timestamp="2019-07-02T20:54:26.321">
  <scavenger-info tenureage="2" tenuremask="4004" tiltratio="89" />
  <memory-copied type="nursery" objects="3109" bytes="76784" bytesdiscarded="79888" />
  <memory-copied type="tenure" objects="1351" bytes="32424" bytesdiscarded="0" />
</gc-op>
<gc-end id="936" type="scavenge" contextid="932" durationms="0.626" usertimems="4.000" systemtimems="0.000" timestamp="2019-07-02T20:54:26.321" activeThreads="4">
  <mem-info id="937" free="3552200" total="12845056" percent="27">
    <mem type="nursery" free="2530304" total="3014656" percent="83">
      <mem type="allocate" free="2530304" total="2686976" percent="94" />
      <mem type="survivor" free="0" total="327680" percent="0" />
    </mem>
    <mem type="tenure" free="1021896" total="9830400" percent="10" macro-fragmented="767556">
      <mem type="soa" free="530376" total="9338880" percent="5" />
      <mem type="loa" free="491520" total="491520" percent="100" />
    </mem>
    <remembered-set count="315" />
  </mem-info>
</gc-end>
<cycle-end id="938" type="scavenge" contextid="932" timestamp="2019-07-02T20:54:26.321">
  <attribute name="GC Util" value="0" />
  <attribute name="CPU Util" value="16" />
  <attribute name="Time Running"value="73535"/>
  <attribute name="Number of cores"value="4"/>
</cycle-end>
<allocation-satisfied id="939" threadId="0000000002351800" bytesRequested="32" />
<af-end id="940" timestamp="2019-07-02T20:54:26.321" threadId="0000000002352188" success="true" from="nursery"/>
<exclusive-end id="941" timestamp="2019-07-02T20:54:26.321" durationms="1.094" />

<exclusive-start id="942" timestamp="2019-07-02T20:54:27.811" intervalms="1490.517">
  <response-info timems="0.031" idlems="0.031" threads="0" lastid="000000000235CC00" lastname="node-19" />
</exclusive-start>
<af-start id="943" threadId="000000000235D588" totalBytesRequested="24" timestamp="2019-07-02T20:54:27.811" intervalms="1490.606" type="nursery" />
<cycle-start id="944" type="scavenge" contextid="0" timestamp="2019-07-02T20:54:27.811" intervalms="1490.634" />
  <attribute name="GC Util" value="0" />
  <attribute name="CPU Util" value="16" />
  <attribute name="Time Running"value="73535"/>
  <attribute name="Number of cores"value="4"/>
<gc-start id="945" type="scavenge" contextid="944" timestamp="2019-07-02T20:54:27.811">
  <mem-info id="946" free="1021896" total="12845056" percent="7">
    <mem type="nursery" free="0" total="3014656" percent="0">
      <mem type="allocate" free="0" total="2686976" percent="0" />
      <mem type="survivor" free="0" total="327680" percent="0" />
    </mem>
    <mem type="tenure" free="1021896" total="9830400" percent="10">
      <mem type="soa" free="530376" total="9338880" percent="5" />
      <mem type="loa" free="491520" total="491520" percent="100" />
    </mem>
    <remembered-set count="388" />
  </mem-info>
</gc-start>
<allocation-stats totalBytes="2522952" >
  <allocated-bytes non-tlh="32" tlh="2522920" />
  <largest-consumer threadName="node-7" threadId="000000000234DC00" bytes="142872" />
</allocation-stats>
<gc-op id="947" type="scavenge" timems="0.790" contextid="944" timestamp="2019-07-02T20:54:27.812">
  <scavenger-info tenureage="2" tenuremask="4004" tiltratio="89" />
  <memory-copied type="nursery" objects="3105" bytes="77544" bytesdiscarded="39960" />
  <memory-copied type="tenure" objects="1584" bytes="38016" bytesdiscarded="0" />
</gc-op>
<gc-end id="948" type="scavenge" contextid="944" durationms="1.284" usertimems="0.000" systemtimems="0.000" timestamp="2019-07-02T20:54:27.813" activeThreads="4">
  <mem-info id="949" free="3552200" total="12845056" percent="27">
    <mem type="nursery" free="2569472" total="3014656" percent="85">
      <mem type="allocate" free="2569472" total="2686976" percent="95" />
      <mem type="survivor" free="0" total="327680" percent="0" />
    </mem>
    <mem type="tenure" free="982728" total="9830400" percent="9" macro-fragmented="0">
      <mem type="soa" free="491208" total="9338880" percent="5" />
      <mem type="loa" free="491520" total="491520" percent="100" />
    </mem>
    <remembered-set count="315" />
  </mem-info>
</gc-end>
<cycle-end id="950" type="scavenge" contextid="944" timestamp="2019-07-02T20:54:27.813">
  <attribute name="GC Util" value="0" />
  <attribute name="CPU Util" value="19" />
  <attribute name="Time Running"value="75026"/>
  <attribute name="Number of cores"value="4"/>
</cycle-end>
<allocation-satisfied id="951" threadId="000000000235CC00" bytesRequested="24" />
<af-end id="952" timestamp="2019-07-02T20:54:27.813" threadId="000000000235D588" success="true" from="nursery"/>
<exclusive-end id="953" timestamp="2019-07-02T20:54:27.813" durationms="1.951" />

<exclusive-start id="954" timestamp="2019-07-02T20:54:29.201" intervalms="1390.409">
  <response-info timems="0.040" idlems="0.040" threads="0" lastid="0000000002389B00" lastname="node-25" />
</exclusive-start>
<af-start id="955" threadId="000000000238A488" totalBytesRequested="16" timestamp="2019-07-02T20:54:29.201" intervalms="1390.322" type="nursery" />
<cycle-start id="956" type="scavenge" contextid="0" timestamp="2019-07-02T20:54:29.201" intervalms="1390.308" />
  <attribute name="GC Util" value="0" />
  <attribute name="CPU Util" value="19" />
  <attribute name="Time Running"value="75026"/>
  <attribute name="Number of cores"value="4"/>
<gc-start id="957" type="scavenge" contextid="956" timestamp="2019-07-02T20:54:29.202">
  <mem-info id="958" free="982728" total="12845056" percent="7">
    <mem type="nursery" free="0" total="3014656" percent="0">
      <mem type="allocate" free="0" total="2686976" percent="0" />
      <mem type="survivor" free="0" total="327680" percent="0" />
    </mem>
    <mem type="tenure" free="982728" total="9830400" percent="9">
      <mem type="soa" free="491208" total="9338880" percent="5" />
      <mem type="loa" free="491520" total="491520" percent="100" />
    </mem>
    <remembered-set count="387" />
  </mem-info>
</gc-start>
<allocation-stats totalBytes="2568400" >
  <allocated-bytes non-tlh="24" tlh="2568376" />
  <largest-consumer threadName="node-9" threadId="0000000002376F00" bytes="143336" />
</allocation-stats>
<gc-op id="959" type="scavenge" timems="1.187" contextid="956" timestamp="2019-07-02T20:54:29.203">
  <scavenger-info tenureage="2" tenuremask="4004" tiltratio="89" />
  <memory-copied type="nursery" objects="3478" bytes="86096" bytesdiscarded="109744" />
  <memory-copied type="tenure" objects="1382" bytes="33168" bytesdiscarded="0" />
</gc-op>
<gc-end id="960" type="scavenge" contextid="956" durationms="1.708" usertimems="0.000" systemtimems="4.000" timestamp="2019-07-02T20:54:29.203" activeThreads="4">
  <mem-info id="961" free="3434696" total="12845056" percent="26">
    <mem type="nursery" free="2491136" total="3014656" percent="82">
      <mem type="allocate" free="2491136" total="2686976" percent="92" />
      <mem type="survivor" free="0" total="327680" percent="0" />
    </mem>
    <mem type="tenure" free="943560" total="9830400" percent="9" macro-fragmented="0">
      <mem type="soa" free="452040" total="9338880" percent="4" />
      <mem type="loa" free="491520" total="491520" percent="100" />
    </mem>
    <remembered-set count="314" />
  </mem-info>
</gc-end>
<cycle-end id="962" type="scavenge" contextid="956" timestamp="2019-07-02T20:54:29.203">
  <attribute name="GC Util" value="0" />
  <attribute name="CPU Util" value="16" />
  <attribute name="Time Running"value="76416"/>
  <attribute name="Number of cores"value="4"/>
</cycle-end>
<allocation-satisfied id="963" threadId="0000000002389B00" bytesRequested="16" />
<af-end id="964" timestamp="2019-07-02T20:54:29.204" threadId="000000000238A488" success="true" from="nursery"/>
<exclusive-end id="965" timestamp="2019-07-02T20:54:29.204" durationms="2.351" />

<exclusive-start id="966" timestamp="2019-07-02T20:54:30.782" intervalms="1581.005">
  <response-info timems="0.058" idlems="0.058" threads="0" lastid="0000000002333900" lastname="node-1" />
</exclusive-start>
<af-start id="967" threadId="0000000002334288" totalBytesRequested="376" timestamp="2019-07-02T20:54:30.782" intervalms="1581.062" type="nursery" />
<cycle-start id="968" type="scavenge" contextid="0" timestamp="2019-07-02T20:54:30.783" intervalms="1581.080" />
  <attribute name="GC Util" value="0" />
  <attribute name="CPU Util" value="16" />
  <attribute name="Time Running"value="76416"/>
  <attribute name="Number of cores"value="4"/>
<gc-start id="969" type="scavenge" contextid="968" timestamp="2019-07-02T20:54:30.783">
  <mem-info id="970" free="943560" total="12845056" percent="7">
    <mem type="nursery" free="0" total="3014656" percent="0">
      <mem type="allocate" free="0" total="2686976" percent="0" />
      <mem type="survivor" free="0" total="327680" percent="0" />
    </mem>
    <mem type="tenure" free="943560" total="9830400" percent="9">
      <mem type="soa" free="452040" total="9338880" percent="4" />
      <mem type="loa" free="491520" total="491520" percent="100" />
    </mem>
    <remembered-set count="388" />
  </mem-info>
</gc-start>
<allocation-stats totalBytes="2489032" >
  <allocated-bytes non-tlh="16" tlh="2489016" />
  <largest-consumer threadName="node-9" threadId="0000000002376F00" bytes="143304" />
</allocation-stats>
<gc-op id="971" type="scavenge" timems="1.217" contextid="968" timestamp="2019-07-02T20:54:30.784">
  <scavenger-info tenureage="2" tenuremask="4004" tiltratio="89" />
  <memory-copied type="nursery" objects="3234" bytes="77664" bytesdiscarded="79008" />
  <memory-copied type="tenure" objects="1574" bytes="37776" bytesdiscarded="0" />
</gc-op>
<gc-end id="972" type="scavenge" contextid="968" durationms="1.736" usertimems="0.000" systemtimems="4.000" timestamp="2019-07-02T20:54:30.784" activeThreads="4">
  <mem-info id="973" free="3434696" total="12845056" percent="26">
    <mem type="nursery" free="2530304" total="3014656" percent="83">
      <mem type="allocate" free="2530304" total="2686976" percent="94" />
      <mem type="survivor" free="0" total="327680" percent="0" />
    </mem>
    <mem type="tenure" free="904392" total="9830400" percent="9" macro-fragmented="620570">
      <mem type="soa" free="412872" total="9338880" percent="4" />
      <mem type="loa" free="491520" total="491520" percent="100" />
    </mem>
    <remembered-set count="293" />
  </mem-info>
</gc-end>
<cycle-end id="974" type="scavenge" contextid="968" timestamp="2019-07-02T20:54:30.785">
  <attribute name="GC Util" value="0" />
  <attribute name="CPU Util" value="20" />
  <attribute name="Time Running"value="77997"/>
  <attribute name="Number of cores"value="4"/>
</cycle-end>
<allocation-satisfied id="975" threadId="0000000002333900" bytesRequested="376" />
<af-end id="976" timestamp="2019-07-02T20:54:30.785" threadId="0000000002334288" success="true" from="nursery"/>
<exclusive-end id="977" timestamp="2019-07-02T20:54:30.785" durationms="2.401" />

<exclusive-start id="978" timestamp="2019-07-02T20:54:32.105" intervalms="1322.796">
  <response-info timems="0.033" idlems="0.033" threads="0" lastid="0000000002376F00" lastname="node-9" />
</exclusive-start>
<af-start id="979" threadId="0000000002377888" totalBytesRequested="512" timestamp="2019-07-02T20:54:32.105" intervalms="1322.764" type="nursery" />
<cycle-start id="980" type="scavenge" contextid="0" timestamp="2019-07-02T20:54:32.105" intervalms="1322.744" />
  <attribute name="GC Util" value="0" />
  <attribute name="CPU Util" value="20" />
  <attribute name="Time Running"value="77997"/>
  <attribute name="Number of cores"value="4"/>
<gc-start id="981" type="scavenge" contextid="980" timestamp="2019-07-02T20:54:32.105">
  <mem-info id="982" free="904392" total="12845056" percent="7">
    <mem type="nursery" free="0" total="3014656" percent="0">
      <mem type="allocate" free="0" total="2686976" percent="0" />
      <mem type="survivor" free="0" total="327680" percent="0" />
    </mem>
    <mem type="tenure" free="904392" total="9830400" percent="9">
      <mem type="soa" free="412872" total="9338880" percent="4" />
      <mem type="loa" free="491520" total="491520" percent="100" />
    </mem>
    <remembered-set count="385" />
  </mem-info>
</gc-start>
<allocation-stats totalBytes="2528688" >
  <allocated-bytes non-tlh="376" tlh="2528312" />
  <largest-consumer threadName="node-8" threadId="0000000002382300" bytes="143128" />
</allocation-stats>
<gc-op id="983" type="scavenge" timems="0.885" contextid="980" timestamp="2019-07-02T20:54:32.106">
  <scavenger-info tenureage="2" tenuremask="4004" tiltratio="89" />
  <memory-copied type="nursery" objects="2896" bytes="72392" bytesdiscarded="45112" />
  <memory-copied type="tenure" objects="1756" bytes="42144" bytesdiscarded="0" />
</gc-op>
<gc-end id="984" type="scavenge" contextid="980" durationms="1.202" usertimems="0.000" systemtimems="0.000" timestamp="2019-07-02T20:54:32.107" activeThreads="4">
  <mem-info id="985" free="3434696" total="12845056" percent="26">
    <mem type="nursery" free="2569472" total="3014656" percent="85">
      <mem type="allocate" free="2569472" total="2686976" percent="95" />
      <mem type="survivor" free="0" total="327680" percent="0" />
    </mem>
    <mem type="tenure" free="865224" total="9830400" percent="8" macro-fragmented="2116">
      <mem type="soa" free="373704" total="9338880" percent="4" />
      <mem type="loa" free="491520" total="491520" percent="100" />
    </mem>
    <remembered-set count="287" />
  </mem-info>
</gc-end>
<cycle-end id="986" type="scavenge" contextid="980" timestamp="2019-07-02T20:54:32.107">
  <attribute name="GC Util" value="0" />
  <attribute name="CPU Util" value="18" />
  <attribute name="Time Running"value="79320"/>
  <attribute name="Number of cores"value="4"/>
</cycle-end>
<allocation-satisfied id="987" threadId="0000000002376F00" bytesRequested="512" />
<af-end id="988" timestamp="2019-07-02T20:54:32.107" threadId="0000000002377888" success="true" from="nursery"/>
<exclusive-end id="989" timestamp="2019-07-02T20:54:32.107" durationms="1.828" />

<exclusive-start id="990" timestamp="2019-07-02T20:54:33.692" intervalms="1586.858">
  <response-info timems="0.031" idlems="0.031" threads="0" lastid="0000000002368000" lastname="node-2" />
</exclusive-start>
<af-start id="991" threadId="0000000002368988" totalBytesRequested="32" timestamp="2019-07-02T20:54:33.692" intervalms="1586.893" type="nursery" />
<cycle-start id="992" type="scavenge" contextid="0" timestamp="2019-07-02T20:54:33.692" intervalms="1586.913" />
  <attribute name="GC Util" value="0" />
  <attribute name="CPU Util" value="18" />
  <attribute name="Time Running"value="79320"/>
  <attribute name="Number of cores"value="4"/>
<gc-start id="993" type="scavenge" contextid="992" timestamp="2019-07-02T20:54:33.692">
  <mem-info id="994" free="865224" total="12845056" percent="6">
    <mem type="nursery" free="0" total="3014656" percent="0">
      <mem type="allocate" free="0" total="2686976" percent="0" />
      <mem type="survivor" free="0" total="327680" percent="0" />
    </mem>
    <mem type="tenure" free="865224" total="9830400" percent="8">
      <mem type="soa" free="373704" total="9338880" percent="4" />
      <mem type="loa" free="491520" total="491520" percent="100" />
    </mem>
    <remembered-set count="384" />
  </mem-info>
</gc-start>
<allocation-stats totalBytes="2568248" >
  <allocated-bytes non-tlh="512" tlh="2567736" />
  <largest-consumer threadName="node-9" threadId="0000000002376F00" bytes="143840" />
</allocation-stats>
<gc-op id="995" type="scavenge" timems="0.437" contextid="992" timestamp="2019-07-02T20:54:33.693">
  <scavenger-info tenureage="2" tenuremask="4004" tiltratio="89" />
  <memory-copied type="nursery" objects="2769" bytes="68168" bytesdiscarded="88504" />
  <memory-copied type="tenure" objects="1356" bytes="32544" bytesdiscarded="0" />
</gc-op>
<gc-end id="996" type="scavenge" contextid="992" durationms="0.914" usertimems="0.000" systemtimems="0.000" timestamp="2019-07-02T20:54:33.693" activeThreads="4">
  <mem-info id="997" free="3356360" total="12845056" percent="26">
    <mem type="nursery" free="2530304" total="3014656" percent="83">
      <mem type="allocate" free="2530304" total="2686976" percent="94" />
      <mem type="survivor" free="0" total="327680" percent="0" />
    </mem>
    <mem type="tenure" free="826056" total="9830400" percent="8" macro-fragmented="0">
      <mem type="soa" free="334536" total="9338880" percent="3" />
      <mem type="loa" free="491520" total="491520" percent="100" />
    </mem>
    <remembered-set count="311" />
  </mem-info>
</gc-end>
<cycle-end id="998" type="scavenge" contextid="992" timestamp="2019-07-02T20:54:33.693">
  <attribute name="GC Util" value="0" />
  <attribute name="CPU Util" value="19" />
  <attribute name="Time Running"value="80907"/>
  <attribute name="Number of cores"value="4"/>
</cycle-end>
<allocation-satisfied id="999" threadId="0000000002368000" bytesRequested="32" />
<af-end id="1000" timestamp="2019-07-02T20:54:33.694" threadId="0000000002368988" success="true" from="nursery"/>
<exclusive-end id="1001" timestamp="2019-07-02T20:54:33.694" durationms="1.755" />

<exclusive-start id="1002" timestamp="2019-07-02T20:54:35.161" intervalms="1468.580">
  <response-info timems="0.039" idlems="0.021" threads="1" lastid="0000000002382300" lastname="node-8" />
</exclusive-start>
<af-start id="1003" threadId="000000000234E588" totalBytesRequested="32" timestamp="2019-07-02T20:54:35.161" intervalms="1468.570" type="nursery" />
<cycle-start id="1004" type="scavenge" contextid="0" timestamp="2019-07-02T20:54:35.161" intervalms="1468.561" />
  <attribute name="GC Util" value="0" />
  <attribute name="CPU Util" value="19" />
  <attribute name="Time Running"value="80907"/>
  <attribute name="Number of cores"value="4"/>
<gc-start id="1005" type="scavenge" contextid="1004" timestamp="2019-07-02T20:54:35.161">
  <mem-info id="1006" free="826056" total="12845056" percent="6">
    <mem type="nursery" free="0" total="3014656" percent="0">
      <mem type="allocate" free="0" total="2686976" percent="0" />
      <mem type="survivor" free="0" total="327680" percent="0" />
    </mem>
    <mem type="tenure" free="826056" total="9830400" percent="8">
      <mem type="soa" free="334536" total="9338880" percent="3" />
      <mem type="loa" free="491520" total="491520" percent="100" />
    </mem>
    <remembered-set count="382" />
  </mem-info>
</gc-start>
<allocation-stats totalBytes="2528992" >
  <allocated-bytes non-tlh="32" tlh="2528960" />
  <largest-consumer threadName="node-9" threadId="0000000002376F00" bytes="142984" />
</allocation-stats>
<gc-op id="1007" type="scavenge" timems="0.702" contextid="1004" timestamp="2019-07-02T20:54:35.162">
  <scavenger-info tenureage="2" tenuremask="4004" tiltratio="89" />
  <memory-copied type="nursery" objects="2388" bytes="59088" bytesdiscarded="97584" />
  <memory-copied type="tenure" objects="1412" bytes="33888" bytesdiscarded="0" />
</gc-op>
<gc-end id="1008" type="scavenge" contextid="1004" durationms="1.016" usertimems="0.000" systemtimems="0.000" timestamp="2019-07-02T20:54:35.162" activeThreads="4">
  <mem-info id="1009" free="3356360" total="12845056" percent="26">
    <mem type="nursery" free="2530304" total="3014656" percent="83">
      <mem type="allocate" free="2530304" total="2686976" percent="94" />
      <mem type="survivor" free="0" total="327680" percent="0" />
    </mem>
    <mem type="tenure" free="826056" total="9830400" percent="8" macro-fragmented="620570">
      <mem type="soa" free="334536" total="9338880" percent="3" />
      <mem type="loa" free="491520" total="491520" percent="100" />
    </mem>
    <remembered-set count="309" />
  </mem-info>
</gc-end>
<cycle-end id="1010" type="scavenge" contextid="1004" timestamp="2019-07-02T20:54:35.162">
  <attribute name="GC Util" value="0" />
  <attribute name="CPU Util" value="60" />
  <attribute name="Time Running"value="82375"/>
  <attribute name="Number of cores"value="4"/>
</cycle-end>
<allocation-satisfied id="1011" threadId="000000000234DC00" bytesRequested="32" />
<af-end id="1012" timestamp="2019-07-02T20:54:35.162" threadId="000000000234E588" success="true" from="nursery"/>
<exclusive-end id="1013" timestamp="2019-07-02T20:54:35.162" durationms="1.639" />

<exclusive-start id="1014" timestamp="2019-07-02T20:54:36.663" intervalms="1502.773">
  <response-info timems="0.030" idlems="0.030" threads="0" lastid="000000000237E700" lastname="node-15" />
</exclusive-start>
<af-start id="1015" threadId="000000000237F088" totalBytesRequested="376" timestamp="2019-07-02T20:54:36.663" intervalms="1502.736" type="nursery" />
<cycle-start id="1016" type="scavenge" contextid="0" timestamp="2019-07-02T20:54:36.664" intervalms="1502.740" />
  <attribute name="GC Util" value="0" />
  <attribute name="CPU Util" value="60" />
  <attribute name="Time Running"value="82375"/>
  <attribute name="Number of cores"value="4"/>
<gc-start id="1017" type="scavenge" contextid="1016" timestamp="2019-07-02T20:54:36.664">
  <mem-info id="1018" free="826056" total="12845056" percent="6">
    <mem type="nursery" free="0" total="3014656" percent="0">
      <mem type="allocate" free="0" total="2686976" percent="0" />
      <mem type="survivor" free="0" total="327680" percent="0" />
    </mem>
    <mem type="tenure" free="826056" total="9830400" percent="8">
      <mem type="soa" free="334536" total="9338880" percent="3" />
      <mem type="loa" free="491520" total="491520" percent="100" />
    </mem>
    <remembered-set count="382" />
  </mem-info>
</gc-start>
<allocation-stats totalBytes="2528992" >
  <allocated-bytes non-tlh="32" tlh="2528960" />
  <largest-consumer threadName="node-9" threadId="0000000002376F00" bytes="143304" />
</allocation-stats>
<gc-op id="1019" type="scavenge" timems="0.757" contextid="1016" timestamp="2019-07-02T20:54:36.664">
  <scavenger-info tenureage="2" tenuremask="4004" tiltratio="89" />
  <memory-copied type="nursery" objects="2843" bytes="79216" bytesdiscarded="38288" />
  <memory-copied type="tenure" objects="1217" bytes="29208" bytesdiscarded="0" />
</gc-op>
<gc-end id="1020" type="scavenge" contextid="1016" durationms="1.047" usertimems="0.000" systemtimems="0.000" timestamp="2019-07-02T20:54:36.665" activeThreads="4">
  <mem-info id="1021" free="3395528" total="12845056" percent="26">
    <mem type="nursery" free="2569472" total="3014656" percent="85">
      <mem type="allocate" free="2569472" total="2686976" percent="95" />
      <mem type="survivor" free="0" total="327680" percent="0" />
    </mem>
    <mem type="tenure" free="826056" total="9830400" percent="8" macro-fragmented="550792">
      <mem type="soa" free="334536" total="9338880" percent="3" />
      <mem type="loa" free="491520" total="491520" percent="100" />
    </mem>
    <remembered-set count="305" />
  </mem-info>
</gc-end>
<cycle-end id="1022" type="scavenge" contextid="1016" timestamp="2019-07-02T20:54:36.665">
  <attribute name="GC Util" value="0" />
  <attribute name="CPU Util" value="16" />
  <attribute name="Time Running"value="83878"/>
  <attribute name="Number of cores"value="4"/>
</cycle-end>
<allocation-satisfied id="1023" threadId="000000000237E700" bytesRequested="376" />
<af-end id="1024" timestamp="2019-07-02T20:54:36.665" threadId="000000000237F088" success="true" from="nursery"/>
<exclusive-end id="1025" timestamp="2019-07-02T20:54:36.665" durationms="1.673" />

<exclusive-start id="1026" timestamp="2019-07-02T20:54:38.321" intervalms="1657.597">
  <response-info timems="0.041" idlems="0.041" threads="0" lastid="0000000002355400" lastname="node-5" />
</exclusive-start>
<af-start id="1027" threadId="0000000002355D88" totalBytesRequested="32" timestamp="2019-07-02T20:54:38.321" intervalms="1657.590" type="nursery" />
<cycle-start id="1028" type="scavenge" contextid="0" timestamp="2019-07-02T20:54:38.321" intervalms="1657.572" />
  <attribute name="GC Util" value="0" />
  <attribute name="CPU Util" value="16" />
  <attribute name="Time Running"value="83878"/>
  <attribute name="Number of cores"value="4"/>
<gc-start id="1029" type="scavenge" contextid="1028" timestamp="2019-07-02T20:54:38.321">
  <mem-info id="1030" free="826056" total="12845056" percent="6">
    <mem type="nursery" free="0" total="3014656" percent="0">
      <mem type="allocate" free="0" total="2686976" percent="0" />
      <mem type="survivor" free="0" total="327680" percent="0" />
    </mem>
    <mem type="tenure" free="826056" total="9830400" percent="8">
      <mem type="soa" free="334536" total="9338880" percent="3" />
      <mem type="loa" free="491520" total="491520" percent="100" />
    </mem>
    <remembered-set count="391" />
  </mem-info>
</gc-start>
<allocation-stats totalBytes="2567288" >
  <allocated-bytes non-tlh="376" tlh="2566912" />
  <largest-consumer threadName="node-8" threadId="0000000002382300" bytes="143200" />
</allocation-stats>
<gc-op id="1031" type="scavenge" timems="0.537" contextid="1028" timestamp="2019-07-02T20:54:38.322">
  <scavenger-info tenureage="2" tenuremask="4004" tiltratio="89" />
  <memory-copied type="nursery" objects="3787" bytes="92600" bytesdiscarded="64072" />
  <memory-copied type="tenure" objects="1022" bytes="24528" bytesdiscarded="312" />
</gc-op>
<gc-end id="1032" type="scavenge" contextid="1028" durationms="0.862" usertimems="0.000" systemtimems="4.000" timestamp="2019-07-02T20:54:38.322" activeThreads="4">
  <mem-info id="1033" free="3356360" total="12845056" percent="26">
    <mem type="nursery" free="2530304" total="3014656" percent="83">
      <mem type="allocate" free="2530304" total="2686976" percent="94" />
      <mem type="survivor" free="0" total="327680" percent="0" />
    </mem>
    <mem type="tenure" free="826056" total="9830400" percent="8" macro-fragmented="0">
      <mem type="soa" free="334536" total="9338880" percent="3" />
      <mem type="loa" free="491520" total="491520" percent="100" />
    </mem>
    <remembered-set count="321" />
  </mem-info>
</gc-end>
<cycle-end id="1034" type="scavenge" contextid="1028" timestamp="2019-07-02T20:54:38.322">
  <attribute name="GC Util" value="0" />
  <attribute name="CPU Util" value="21" />
  <attribute name="Time Running"value="85536"/>
  <attribute name="Number of cores"value="4"/>
</cycle-end>
<allocation-satisfied id="1035" threadId="0000000002355400" bytesRequested="32" />
<af-end id="1036" timestamp="2019-07-02T20:54:38.322" threadId="0000000002355D88" success="true" from="nursery"/>
<exclusive-end id="1037" timestamp="2019-07-02T20:54:38.322" durationms="1.558" />

<exclusive-start id="1038" timestamp="2019-07-02T20:54:39.992" intervalms="1671.270">
  <response-info timems="0.048" idlems="0.048" threads="0" lastid="0000000002373300" lastname="node-24" />
</exclusive-start>
<af-start id="1039" threadId="0000000002373C88" totalBytesRequested="24" timestamp="2019-07-02T20:54:39.992" intervalms="1671.284" type="nursery" />
<cycle-start id="1040" type="scavenge" contextid="0" timestamp="2019-07-02T20:54:39.992" intervalms="1671.285" />
  <attribute name="GC Util" value="0" />
  <attribute name="CPU Util" value="21" />
  <attribute name="Time Running"value="85536"/>
  <attribute name="Number of cores"value="4"/>
<gc-start id="1041" type="scavenge" contextid="1040" timestamp="2019-07-02T20:54:39.992">
  <mem-info id="1042" free="826056" total="12845056" percent="6">
    <mem type="nursery" free="0" total="3014656" percent="0">
      <mem type="allocate" free="0" total="2686976" percent="0" />
      <mem type="survivor" free="0" total="327680" percent="0" />
    </mem>
    <mem type="tenure" free="826056" total="9830400" percent="8">
      <mem type="soa" free="334536" total="9338880" percent="3" />
      <mem type="loa" free="491520" total="491520" percent="100" />
    </mem>
    <remembered-set count="397" />
  </mem-info>
</gc-start>
<allocation-stats totalBytes="2528080" >
  <allocated-bytes non-tlh="32" tlh="2528048" />
  <largest-consumer threadName="node-7" threadId="000000000234DC00" bytes="143304" />
</allocation-stats>
<gc-op id="1043" type="scavenge" timems="0.828" contextid="1040" timestamp="2019-07-02T20:54:39.993">
  <scavenger-info tenureage="2" tenuremask="4004" tiltratio="89" />
  <memory-copied type="nursery" objects="3724" bytes="92248" bytesdiscarded="64424" />
  <memory-copied type="tenure" objects="1654" bytes="39696" bytesdiscarded="0" />
</gc-op>
<gc-end id="1044" type="scavenge" contextid="1040" durationms="1.077" usertimems="4.000" systemtimems="0.000" timestamp="2019-07-02T20:54:39.994" activeThreads="4">
  <mem-info id="1045" free="3278024" total="12845056" percent="25">
    <mem type="nursery" free="2530304" total="3014656" percent="83">
      <mem type="allocate" free="2530304" total="2686976" percent="94" />
      <mem type="survivor" free="0" total="327680" percent="0" />
    </mem>
    <mem type="tenure" free="747720" total="9830400" percent="7" macro-fragmented="348889">
      <mem type="soa" free="256200" total="9338880" percent="2" />
      <mem type="loa" free="491520" total="491520" percent="100" />
    </mem>
    <remembered-set count="321" />
  </mem-info>
</gc-end>
<cycle-end id="1046" type="scavenge" contextid="1040" timestamp="2019-07-02T20:54:39.994">
  <attribute name="GC Util" value="0" />
  <attribute name="CPU Util" value="18" />
  <attribute name="Time Running"value="87207"/>
  <attribute name="Number of cores"value="4"/>
</cycle-end>
<allocation-satisfied id="1047" threadId="0000000002373300" bytesRequested="24" />
<af-end id="1048" timestamp="2019-07-02T20:54:39.994" threadId="0000000002373C88" success="true" from="nursery"/>
<exclusive-end id="1049" timestamp="2019-07-02T20:54:39.994" durationms="1.819" />

<exclusive-start id="1050" timestamp="2019-07-02T20:54:41.743" intervalms="1751.103">
  <response-info timems="0.037" idlems="0.020" threads="1" lastid="000000000234A100" lastname="node-13" />
</exclusive-start>
<af-start id="1051" threadId="0000000002377888" totalBytesRequested="32" timestamp="2019-07-02T20:54:41.743" intervalms="1751.093" type="nursery" />
<cycle-start id="1052" type="scavenge" contextid="0" timestamp="2019-07-02T20:54:41.743" intervalms="1751.092" />
  <attribute name="GC Util" value="0" />
  <attribute name="CPU Util" value="18" />
  <attribute name="Time Running"value="87207"/>
  <attribute name="Number of cores"value="4"/>
<gc-start id="1053" type="scavenge" contextid="1052" timestamp="2019-07-02T20:54:41.744">
  <mem-info id="1054" free="747720" total="12845056" percent="5">
    <mem type="nursery" free="0" total="3014656" percent="0">
      <mem type="allocate" free="0" total="2686976" percent="0" />
      <mem type="survivor" free="0" total="327680" percent="0" />
    </mem>
    <mem type="tenure" free="747720" total="9830400" percent="7">
      <mem type="soa" free="256200" total="9338880" percent="2" />
      <mem type="loa" free="491520" total="491520" percent="100" />
    </mem>
    <remembered-set count="396" />
  </mem-info>
</gc-start>
<allocation-stats totalBytes="2525200" >
  <allocated-bytes non-tlh="24" tlh="2525176" />
  <largest-consumer threadName="node-7" threadId="000000000234DC00" bytes="143344" />
</allocation-stats>
<gc-op id="1055" type="scavenge" timems="1.241" contextid="1052" timestamp="2019-07-02T20:54:41.745">
  <scavenger-info tenureage="2" tenuremask="4004" tiltratio="89" />
  <memory-copied type="nursery" objects="3186" bytes="75544" bytesdiscarded="81128" />
  <memory-copied type="tenure" objects="1993" bytes="47832" bytesdiscarded="0" />
</gc-op>
<gc-end id="1056" type="scavenge" contextid="1052" durationms="1.737" usertimems="0.000" systemtimems="0.000" timestamp="2019-07-02T20:54:41.745" activeThreads="4">
  <mem-info id="1057" free="3238856" total="12845056" percent="25">
    <mem type="nursery" free="2530304" total="3014656" percent="83">
      <mem type="allocate" free="2530304" total="2686976" percent="94" />
      <mem type="survivor" free="0" total="327680" percent="0" />
    </mem>
    <mem type="tenure" free="708552" total="9830400" percent="7" macro-fragmented="0">
      <mem type="soa" free="217032" total="9338880" percent="2" />
      <mem type="loa" free="491520" total="491520" percent="100" />
    </mem>
    <remembered-set count="296" />
  </mem-info>
</gc-end>
<cycle-end id="1058" type="scavenge" contextid="1052" timestamp="2019-07-02T20:54:41.745">
  <attribute name="GC Util" value="0" />
  <attribute name="CPU Util" value="19" />
  <attribute name="Time Running"value="88958"/>
  <attribute name="Number of cores"value="4"/>
</cycle-end>
<allocation-satisfied id="1059" threadId="0000000002376F00" bytesRequested="32" />
<af-end id="1060" timestamp="2019-07-02T20:54:41.746" threadId="0000000002377888" success="true" from="nursery"/>
<exclusive-end id="1061" timestamp="2019-07-02T20:54:41.746" durationms="2.493" />

<exclusive-start id="1062" timestamp="2019-07-02T20:54:43.471" intervalms="1727.221">
  <response-info timems="0.083" idlems="0.083" threads="0" lastid="000000000237AB00" lastname="node-20" />
</exclusive-start>
<af-start id="1063" threadId="000000000237B488" totalBytesRequested="32" timestamp="2019-07-02T20:54:43.471" intervalms="1727.399" type="nursery" />
<cycle-start id="1064" type="scavenge" contextid="0" timestamp="2019-07-02T20:54:43.471" intervalms="1727.436" />
  <attribute name="GC Util" value="0" />
  <attribute name="CPU Util" value="19" />
  <attribute name="Time Running"value="88958"/>
  <attribute name="Number of cores"value="4"/>
<gc-start id="1065" type="scavenge" contextid="1064" timestamp="2019-07-02T20:54:43.471">
  <mem-info id="1066" free="708552" total="12845056" percent="5">
    <mem type="nursery" free="0" total="3014656" percent="0">
      <mem type="allocate" free="0" total="2686976" percent="0" />
      <mem type="survivor" free="0" total="327680" percent="0" />
    </mem>
    <mem type="tenure" free="708552" total="9830400" percent="7">
      <mem type="soa" free="217032" total="9338880" percent="2" />
      <mem type="loa" free="491520" total="491520" percent="100" />
    </mem>
    <remembered-set count="395" />
  </mem-info>
</gc-start>
<allocation-stats totalBytes="2522296" >
  <allocated-bytes non-tlh="32" tlh="2522264" />
  <largest-consumer threadName="node-8" threadId="0000000002382300" bytes="143008" />
</allocation-stats>
<gc-op id="1067" type="scavenge" timems="0.918" contextid="1064" timestamp="2019-07-02T20:54:43.472">
  <scavenger-info tenureage="2" tenuremask="4004" tiltratio="89" />
  <memory-copied type="nursery" objects="2976" bytes="74288" bytesdiscarded="43216" />
  <memory-copied type="tenure" objects="1584" bytes="38016" bytesdiscarded="192" />
</gc-op>
<gc-end id="1068" type="scavenge" contextid="1064" durationms="1.295" usertimems="0.000" systemtimems="0.000" timestamp="2019-07-02T20:54:43.472" activeThreads="4">
  <mem-info id="1069" free="3278024" total="12845056" percent="25">
    <mem type="nursery" free="2569472" total="3014656" percent="85">
      <mem type="allocate" free="2569472" total="2686976" percent="95" />
      <mem type="survivor" free="0" total="327680" percent="0" />
    </mem>
    <mem type="tenure" free="708552" total="9830400" percent="7" macro-fragmented="620570">
      <mem type="soa" free="217032" total="9338880" percent="2" />
      <mem type="loa" free="491520" total="491520" percent="100" />
    </mem>
    <remembered-set count="316" />
  </mem-info>
</gc-end>
<cycle-end id="1070" type="scavenge" contextid="1064" timestamp="2019-07-02T20:54:43.472">
  <attribute name="GC Util" value="0" />
  <attribute name="CPU Util" value="12" />
  <attribute name="Time Running"value="90686"/>
  <attribute name="Number of cores"value="4"/>
</cycle-end>
<allocation-satisfied id="1071" threadId="000000000237AB00" bytesRequested="32" />
<af-end id="1072" timestamp="2019-07-02T20:54:43.473" threadId="000000000237B488" success="true" from="nursery"/>
<exclusive-end id="1073" timestamp="2019-07-02T20:54:43.473" durationms="2.299" />

<exclusive-start id="1074" timestamp="2019-07-02T20:54:45.183" intervalms="1712.276">
  <response-info timems="0.031" idlems="0.031" threads="0" lastid="000000000235CC00" lastname="node-19" />
</exclusive-start>
<af-start id="1075" threadId="000000000235D588" totalBytesRequested="384" timestamp="2019-07-02T20:54:45.183" intervalms="1712.141" type="nursery" />
<cycle-start id="1076" type="scavenge" contextid="0" timestamp="2019-07-02T20:54:45.183" intervalms="1712.146" />
  <attribute name="GC Util" value="0" />
  <attribute name="CPU Util" value="12" />
  <attribute name="Time Running"value="90686"/>
  <attribute name="Number of cores"value="4"/>
<gc-start id="1077" type="scavenge" contextid="1076" timestamp="2019-07-02T20:54:45.183">
  <mem-info id="1078" free="708552" total="12845056" percent="5">
    <mem type="nursery" free="0" total="3014656" percent="0">
      <mem type="allocate" free="0" total="2686976" percent="0" />
      <mem type="survivor" free="0" total="327680" percent="0" />
    </mem>
    <mem type="tenure" free="708552" total="9830400" percent="7">
      <mem type="soa" free="217032" total="9338880" percent="2" />
      <mem type="loa" free="491520" total="491520" percent="100" />
    </mem>
    <remembered-set count="389" />
  </mem-info>
</gc-start>
<allocation-stats totalBytes="2568272" >
  <allocated-bytes non-tlh="32" tlh="2568240" />
  <largest-consumer threadName="node-9" threadId="0000000002376F00" bytes="143336" />
</allocation-stats>
<gc-op id="1079" type="scavenge" timems="1.367" contextid="1076" timestamp="2019-07-02T20:54:45.185">
  <scavenger-info tenureage="2" tenuremask="4004" tiltratio="89" />
  <memory-copied type="nursery" objects="2777" bytes="77424" bytesdiscarded="79248" />
  <memory-copied type="tenure" objects="1487" bytes="35688" bytesdiscarded="0" />
</gc-op>
<gc-end id="1080" type="scavenge" contextid="1076" durationms="1.869" usertimems="0.000" systemtimems="0.000" timestamp="2019-07-02T20:54:45.185" activeThreads="4">
  <mem-info id="1081" free="3199688" total="12845056" percent="24">
    <mem type="nursery" free="2530304" total="3014656" percent="83">
      <mem type="allocate" free="2530304" total="2686976" percent="94" />
      <mem type="survivor" free="0" total="327680" percent="0" />
    </mem>
    <mem type="tenure" free="669384" total="9830400" percent="6" macro-fragmented="430029">
      <mem type="soa" free="177864" total="9338880" percent="1" />
      <mem type="loa" free="491520" total="491520" percent="100" />
    </mem>
    <remembered-set count="306" />
  </mem-info>
</gc-end>
<cycle-end id="1082" type="scavenge" contextid="1076" timestamp="2019-07-02T20:54:45.185">
  <attribute name="GC Util" value="0" />
  <attribute name="CPU Util" value="17" />
  <attribute name="Time Running"value="92398"/>
  <attribute name="Number of cores"value="4"/>
</cycle-end>
<allocation-satisfied id="1083" threadId="000000000235CC00" bytesRequested="384" />
<af-end id="1084" timestamp="2019-07-02T20:54:45.185" threadId="000000000235D588" success="true" from="nursery"/>
<exclusive-end id="1085" timestamp="2019-07-02T20:54:45.185" durationms="2.698" />

<exclusive-start id="1086" timestamp="2019-07-02T20:54:46.758" intervalms="1575.197">
  <response-info timems="0.034" idlems="0.031" threads="1" lastid="0000000002389B00" lastname="node-25" />
</exclusive-start>
<af-start id="1087" threadId="000000000234AA88" totalBytesRequested="16" timestamp="2019-07-02T20:54:46.758" intervalms="1575.194" type="nursery" />
<cycle-start id="1088" type="scavenge" contextid="0" timestamp="2019-07-02T20:54:46.758" intervalms="1575.169" />
  <attribute name="GC Util" value="0" />
  <attribute name="CPU Util" value="17" />
  <attribute name="Time Running"value="92398"/>
  <attribute name="Number of cores"value="4"/>
<gc-start id="1089" type="scavenge" contextid="1088" timestamp="2019-07-02T20:54:46.758">
  <mem-info id="1090" free="669384" total="12845056" percent="5">
    <mem type="nursery" free="0" total="3014656" percent="0">
      <mem type="allocate" free="0" total="2686976" percent="0" />
      <mem type="survivor" free="0" total="327680" percent="0" />
    </mem>
    <mem type="tenure" free="669384" total="9830400" percent="6">
      <mem type="soa" free="177864" total="9338880" percent="1" />
      <mem type="loa" free="491520" total="491520" percent="100" />
    </mem>
    <remembered-set count="386" />
  </mem-info>
</gc-start>
<allocation-stats totalBytes="2528760" >
  <allocated-bytes non-tlh="384" tlh="2528376" />
  <largest-consumer threadName="node-8" threadId="0000000002382300" bytes="143200" />
</allocation-stats>
<gc-op id="1091" type="scavenge" timems="0.417" contextid="1088" timestamp="2019-07-02T20:54:46.759">
  <scavenger-info tenureage="2" tenuremask="4004" tiltratio="89" />
  <memory-copied type="nursery" objects="2713" bytes="68592" bytesdiscarded="88080" />
  <memory-copied type="tenure" objects="1344" bytes="32256" bytesdiscarded="0" />
</gc-op>
<gc-end id="1092" type="scavenge" contextid="1088" durationms="0.689" usertimems="0.000" systemtimems="4.000" timestamp="2019-07-02T20:54:46.759" activeThreads="4">
  <mem-info id="1093" free="3160520" total="12845056" percent="24">
    <mem type="nursery" free="2530304" total="3014656" percent="83">
      <mem type="allocate" free="2530304" total="2686976" percent="94" />
      <mem type="survivor" free="0" total="327680" percent="0" />
    </mem>
    <mem type="tenure" free="630216" total="9830400" percent="6" macro-fragmented="0">
      <mem type="soa" free="138696" total="9338880" percent="1" />
      <mem type="loa" free="491520" total="491520" percent="100" />
    </mem>
    <remembered-set count="312" />
  </mem-info>
</gc-end>
<cycle-end id="1094" type="scavenge" contextid="1088" timestamp="2019-07-02T20:54:46.759">
  <attribute name="GC Util" value="0" />
  <attribute name="CPU Util" value="12" />
  <attribute name="Time Running"value="93973"/>
  <attribute name="Number of cores"value="4"/>
</cycle-end>
<allocation-satisfied id="1095" threadId="000000000234A100" bytesRequested="16" />
<af-end id="1096" timestamp="2019-07-02T20:54:46.759" threadId="000000000234AA88" success="true" from="nursery"/>
<exclusive-end id="1097" timestamp="2019-07-02T20:54:46.759" durationms="1.215" />

<exclusive-start id="1098" timestamp="2019-07-02T20:54:48.418" intervalms="1660.223">
  <response-info timems="0.031" idlems="0.031" threads="0" lastid="000000000234DC00" lastname="node-7" />
</exclusive-start>
<af-start id="1099" threadId="000000000234E588" totalBytesRequested="32" timestamp="2019-07-02T20:54:48.418" intervalms="1660.253" type="nursery" />
<cycle-start id="1100" type="scavenge" contextid="0" timestamp="2019-07-02T20:54:48.419" intervalms="1660.307" />
  <attribute name="GC Util" value="0" />
  <attribute name="CPU Util" value="12" />
  <attribute name="Time Running"value="93973"/>
  <attribute name="Number of cores"value="4"/>
<gc-start id="1101" type="scavenge" contextid="1100" timestamp="2019-07-02T20:54:48.419">
  <mem-info id="1102" free="630216" total="12845056" percent="4">
    <mem type="nursery" free="0" total="3014656" percent="0">
      <mem type="allocate" free="0" total="2686976" percent="0" />
      <mem type="survivor" free="0" total="327680" percent="0" />
    </mem>
    <mem type="tenure" free="630216" total="9830400" percent="6">
      <mem type="soa" free="138696" total="9338880" percent="1" />
      <mem type="loa" free="491520" total="491520" percent="100" />
    </mem>
    <remembered-set count="386" />
  </mem-info>
</gc-start>
<allocation-stats totalBytes="2528888" >
  <allocated-bytes non-tlh="16" tlh="2528872" />
  <largest-consumer threadName="node-8" threadId="0000000002382300" bytes="143320" />
</allocation-stats>
<gc-op id="1103" type="scavenge" timems="0.776" contextid="1100" timestamp="2019-07-02T20:54:48.420">
  <scavenger-info tenureage="2" tenuremask="4004" tiltratio="89" />
  <memory-copied type="nursery" objects="2789" bytes="68704" bytesdiscarded="48800" />
  <memory-copied type="tenure" objects="1272" bytes="30528" bytesdiscarded="0" />
</gc-op>
<gc-end id="1104" type="scavenge" contextid="1100" durationms="1.442" usertimems="0.000" systemtimems="4.000" timestamp="2019-07-02T20:54:48.420" activeThreads="4">
  <mem-info id="1105" free="3160520" total="12845056" percent="24">
    <mem type="nursery" free="2569472" total="3014656" percent="85">
      <mem type="allocate" free="2569472" total="2686976" percent="95" />
      <mem type="survivor" free="0" total="327680" percent="0" />
    </mem>
    <mem type="tenure" free="591048" total="9830400" percent="6" macro-fragmented="0">
      <mem type="soa" free="99528" total="9338880" percent="1" />
      <mem type="loa" free="491520" total="491520" percent="100" />
    </mem>
    <remembered-set count="313" />
  </mem-info>
</gc-end>
<cycle-end id="1106" type="scavenge" contextid="1100" timestamp="2019-07-02T20:54:48.420">
  <attribute name="GC Util" value="0" />
  <attribute name="CPU Util" value="15" />
  <attribute name="Time Running"value="95633"/>
  <attribute name="Number of cores"value="4"/>
</cycle-end>
<allocation-satisfied id="1107" threadId="000000000234DC00" bytesRequested="32" />
<af-end id="1108" timestamp="2019-07-02T20:54:48.420" threadId="000000000234E588" success="true" from="nursery"/>
<exclusive-end id="1109" timestamp="2019-07-02T20:54:48.421" durationms="2.354" />

<exclusive-start id="1110" timestamp="2019-07-02T20:54:50.156" intervalms="1737.573">
  <response-info timems="0.033" idlems="0.033" threads="0" lastid="0000000002359000" lastname="node-21" />
</exclusive-start>
<af-start id="1111" threadId="0000000002359988" totalBytesRequested="24" timestamp="2019-07-02T20:54:50.156" intervalms="1737.552" type="nursery" />
<cycle-start id="1112" type="scavenge" contextid="0" timestamp="2019-07-02T20:54:50.156" intervalms="1737.525" />
  <attribute name="GC Util" value="0" />
  <attribute name="CPU Util" value="15" />
  <attribute name="Time Running"value="95633"/>
  <attribute name="Number of cores"value="4"/>
<gc-start id="1113" type="scavenge" contextid="1112" timestamp="2019-07-02T20:54:50.156">
  <mem-info id="1114" free="591048" total="12845056" percent="4">
    <mem type="nursery" free="0" total="3014656" percent="0">
      <mem type="allocate" free="0" total="2686976" percent="0" />
      <mem type="survivor" free="0" total="327680" percent="0" />
    </mem>
    <mem type="tenure" free="591048" total="9830400" percent="6">
      <mem type="soa" free="99528" total="9338880" percent="1" />
      <mem type="loa" free="491520" total="491520" percent="100" />
    </mem>
    <remembered-set count="389" />
  </mem-info>
</gc-start>
<allocation-stats totalBytes="2564712" >
  <allocated-bytes non-tlh="32" tlh="2564680" />
  <largest-consumer threadName="node-7" threadId="000000000234DC00" bytes="143240" />
</allocation-stats>
<gc-op id="1115" type="scavenge" timems="0.463" contextid="1112" timestamp="2019-07-02T20:54:50.157">
  <scavenger-info tenureage="2" tenuremask="4004" tiltratio="89" />
  <memory-copied type="nursery" objects="3216" bytes="78904" bytesdiscarded="116936" />
  <memory-copied type="tenure" objects="1284" bytes="30816" bytesdiscarded="0" />
</gc-op>
<gc-end id="1116" type="scavenge" contextid="1112" durationms="1.135" usertimems="0.000" systemtimems="0.000" timestamp="2019-07-02T20:54:50.157" activeThreads="4">
  <mem-info id="1117" free="3043016" total="12845056" percent="23">
    <mem type="nursery" free="2491136" total="3014656" percent="82">
      <mem type="allocate" free="2491136" total="2686976" percent="92" />
      <mem type="survivor" free="0" total="327680" percent="0" />
    </mem>
    <mem type="tenure" free="551880" total="9830400" percent="5" macro-fragmented="0">
      <mem type="soa" free="60360" total="9338880" percent="0" />
      <mem type="loa" free="491520" total="491520" percent="100" />
    </mem>
    <remembered-set count="305" />
  </mem-info>
</gc-end>
<cycle-end id="1118" type="scavenge" contextid="1112" timestamp="2019-07-02T20:54:50.157">
  <attribute name="GC Util" value="0" />
  <attribute name="CPU Util" value="23" />
  <attribute name="Time Running"value="97371"/>
  <attribute name="Number of cores"value="4"/>
</cycle-end>
<allocation-satisfied id="1119" threadId="0000000002359000" bytesRequested="24" />
<af-end id="1120" timestamp="2019-07-02T20:54:50.158" threadId="0000000002359988" success="true" from="nursery"/>
<exclusive-end id="1121" timestamp="2019-07-02T20:54:50.158" durationms="1.874" />

<concurrent-kickoff id="1122" timestamp="2019-07-02T20:54:51.392">
  <kickoff reason="threshold reached" targetBytes="4107071" thresholdFreeBytes="567147"  remainingFree="565992" tenureFreeBytes="551880" nurseryFreeBytes="565992" />
</concurrent-kickoff>
<exclusive-start id="1123" timestamp="2019-07-02T20:54:51.392" intervalms="1236.171">
  <response-info timems="0.040" idlems="0.021" threads="1" lastid="0000000002342900" lastname="node-23" />
</exclusive-start>
<cycle-start id="1124" type="global" contextid="0" timestamp="2019-07-02T20:54:51.392" intervalms="94186.511" />
  <attribute name="GC Util" value="0" />
  <attribute name="CPU Util" value="23" />
  <attribute name="Time Running"value="97371"/>
  <attribute name="Number of cores"value="4"/>
<exclusive-end id="1125" timestamp="2019-07-02T20:54:51.392" durationms="0.339" />

<exclusive-start id="1126" timestamp="2019-07-02T20:54:51.564" intervalms="171.728">
  <response-info timems="0.035" idlems="0.035" threads="0" lastid="0000000002360800" lastname="node-3" />
</exclusive-start>
<concurrent-collection-start id="1127" timestamp="2019-07-02T20:54:51.564" intervalms="94138.896" >
  <concurrent-trace-info reason="card cleaning threshold reached" tracedByMutators="40216" tracedByHelpers="5249088" cardsCleaned="75" workStackOverflowCount="0" />
</concurrent-collection-start>
<gc-start id="1128" type="global" contextid="1124" timestamp="2019-07-02T20:54:51.564">
  <mem-info id="1129" free="724656" total="12845056" percent="5">
    <mem type="nursery" free="172776" total="3014656" percent="5">
      <mem type="allocate" free="172776" total="2686976" percent="6" />
      <mem type="survivor" free="0" total="327680" percent="0" />
    </mem>
    <mem type="tenure" free="551880" total="9830400" percent="5">
      <mem type="soa" free="60360" total="9338880" percent="0" />
      <mem type="loa" free="491520" total="491520" percent="100" />
    </mem>
    <remembered-set count="384" />
  </mem-info>
</gc-start>
<allocation-stats totalBytes="2317304" >
  <allocated-bytes non-tlh="24" tlh="2317280" />
  <largest-consumer threadName="node-15" threadId="000000000237E700" bytes="106488" />
</allocation-stats>
<gc-op id="1130" type="rs-scan" timems="0.165" contextid="1124" timestamp="2019-07-02T20:54:51.564">
  <scan objectsFound="72" bytesTraced="6696" workStackOverflowCount="0" />
</gc-op>
<gc-op id="1131" type="card-cleaning" timems="0.195" contextid="1124" timestamp="2019-07-02T20:54:51.564">
  <card-cleaning cardsCleaned="79" bytesTraced="52600" workStackOverflowCount="0" />
</gc-op>
<gc-op id="1132" type="mark" timems="0.613" contextid="1124" timestamp="2019-07-02T20:54:51.565">
  <trace-info objectcount="231" scancount="190" scanbytes="5132" />
  <finalization candidates="18" enqueued="0" />
  <references type="soft" candidates="66" cleared="0" enqueued="0" dynamicThreshold="9" maxThreshold="32" />
  <references type="weak" candidates="148" cleared="0" enqueued="0" />
  <references type="phantom" candidates="33" cleared="0" enqueued="0" />
  <stringconstants candidates="3825" cleared="0"  />
</gc-op>
<gc-op id="1133" type="sweep" timems="0.245" contextid="1124" timestamp="2019-07-02T20:54:51.566" />
<heap-resize id="1134" type="expand" space="tenure" amount="1048576" count="1" timems="0.019" reason="insufficient free space following gc" timestamp="2019-07-02T20:54:51.566" />
<gc-end id="1135" type="global" contextid="1124" durationms="2.180" usertimems="0.000" systemtimems="4.000" timestamp="2019-07-02T20:54:51.566" activeThreads="4">
  <mem-info id="1136" free="6653912" total="13893632" percent="47">
    <mem type="nursery" free="2679280" total="3014656" percent="88">
      <mem type="allocate" free="2679280" total="2686976" percent="99" />
      <mem type="survivor" free="0" total="327680" percent="0" />
    </mem>
    <mem type="tenure" free="3974632" total="10878976" percent="36" micro-fragmented="40709" macro-fragmented="0">
      <mem type="soa" free="3430888" total="10335232" percent="33" />
      <mem type="loa" free="543744" total="543744" percent="100" />
    </mem>
    <remembered-set count="326" />
  </mem-info>
</gc-end>
<cycle-end id="1137" type="global" contextid="1124" timestamp="2019-07-02T20:54:51.566">
  <attribute name="GC Util" value="99" />
  <attribute name="CPU Util" value="25642737178320" />
  <attribute name="Time Running"value="98780"/>
  <attribute name="Number of cores"value="4"/>
</cycle-end>
<concurrent-collection-end id="1138" timestamp="2019-07-02T20:54:51.566" />
<exclusive-end id="1139" timestamp="2019-07-02T20:54:51.567" durationms="2.826" />

<exclusive-start id="1140" timestamp="2019-07-02T20:54:53.101" intervalms="1537.377">
  <response-info timems="0.036" idlems="0.036" threads="0" lastid="0000000002376F00" lastname="node-9" />
</exclusive-start>
<af-start id="1141" threadId="0000000002377888" totalBytesRequested="720" timestamp="2019-07-02T20:54:53.101" intervalms="2945.235" type="nursery" />
<cycle-start id="1142" type="scavenge" contextid="0" timestamp="2019-07-02T20:54:53.101" intervalms="2945.216" />
  <attribute name="GC Util" value="99" />
  <attribute name="CPU Util" value="25642737178320" />
  <attribute name="Time Running"value="98780"/>
  <attribute name="Number of cores"value="4"/>
<gc-start id="1143" type="scavenge" contextid="1142" timestamp="2019-07-02T20:54:53.101">
  <mem-info id="1144" free="3974632" total="13893632" percent="28">
    <mem type="nursery" free="0" total="3014656" percent="0">
      <mem type="allocate" free="0" total="2686976" percent="0" />
      <mem type="survivor" free="0" total="327680" percent="0" />
    </mem>
    <mem type="tenure" free="3974632" total="10878976" percent="36">
      <mem type="soa" free="3430888" total="10335232" percent="33" />
      <mem type="loa" free="543744" total="543744" percent="100" />
    </mem>
    <remembered-set count="350" />
  </mem-info>
</gc-start>
<allocation-stats totalBytes="2670744" >
  <allocated-bytes non-tlh="0" tlh="2670744" />
  <largest-consumer threadName="node-8" threadId="0000000002382300" bytes="148416" />
</allocation-stats>
<gc-op id="1145" type="scavenge" timems="0.347" contextid="1142" timestamp="2019-07-02T20:54:53.102">
  <scavenger-info tenureage="2" tenuremask="4004" tiltratio="89" />
  <memory-copied type="nursery" objects="1754" bytes="58168" bytesdiscarded="98504" />
</gc-op>
<gc-end id="1146" type="scavenge" contextid="1142" durationms="0.889" usertimems="0.000" systemtimems="0.000" timestamp="2019-07-02T20:54:53.102" activeThreads="4">
  <mem-info id="1147" free="6504936" total="13893632" percent="46">
    <mem type="nursery" free="2530304" total="3014656" percent="83">
      <mem type="allocate" free="2530304" total="2686976" percent="94" />
      <mem type="survivor" free="0" total="327680" percent="0" />
    </mem>
    <mem type="tenure" free="3974632" total="10878976" percent="36" macro-fragmented="1250136">
      <mem type="soa" free="3430888" total="10335232" percent="33" />
      <mem type="loa" free="543744" total="543744" percent="100" />
    </mem>
    <remembered-set count="295" />
  </mem-info>
</gc-end>
<cycle-end id="1148" type="scavenge" contextid="1142" timestamp="2019-07-02T20:54:53.102">
  <attribute name="GC Util" value="0" />
  <attribute name="CPU Util" value="14" />
  <attribute name="Time Running"value="100316"/>
  <attribute name="Number of cores"value="4"/>
</cycle-end>
<allocation-satisfied id="1149" threadId="0000000002376F00" bytesRequested="720" />
<af-end id="1150" timestamp="2019-07-02T20:54:53.103" threadId="0000000002377888" success="true" from="nursery"/>
<exclusive-end id="1151" timestamp="2019-07-02T20:54:53.103" durationms="1.570" />

<exclusive-start id="1152" timestamp="2019-07-02T20:54:54.765" intervalms="1663.529">
  <response-info timems="0.045" idlems="0.045" threads="0" lastid="000000000237AB00" lastname="node-20" />
</exclusive-start>
<af-start id="1153" threadId="000000000237B488" totalBytesRequested="32" timestamp="2019-07-02T20:54:54.765" intervalms="1663.512" type="nursery" />
<cycle-start id="1154" type="scavenge" contextid="0" timestamp="2019-07-02T20:54:54.765" intervalms="1663.491" />
  <attribute name="GC Util" value="0" />
  <attribute name="CPU Util" value="14" />
  <attribute name="Time Running"value="100316"/>
  <attribute name="Number of cores"value="4"/>
<gc-start id="1155" type="scavenge" contextid="1154" timestamp="2019-07-02T20:54:54.765">
  <mem-info id="1156" free="3974632" total="13893632" percent="28">
    <mem type="nursery" free="0" total="3014656" percent="0">
      <mem type="allocate" free="0" total="2686976" percent="0" />
      <mem type="survivor" free="0" total="327680" percent="0" />
    </mem>
    <mem type="tenure" free="3974632" total="10878976" percent="36">
      <mem type="soa" free="3430888" total="10335232" percent="33" />
      <mem type="loa" free="543744" total="543744" percent="100" />
    </mem>
    <remembered-set count="368" />
  </mem-info>
</gc-start>
<allocation-stats totalBytes="2523504" >
  <allocated-bytes non-tlh="720" tlh="2522784" />
  <largest-consumer threadName="node-9" threadId="0000000002376F00" bytes="123568" />
</allocation-stats>
<gc-op id="1157" type="scavenge" timems="1.093" contextid="1154" timestamp="2019-07-02T20:54:54.766">
  <scavenger-info tenureage="14" tenuremask="4000" tiltratio="89" />
  <memory-copied type="nursery" objects="2885" bytes="72104" bytesdiscarded="84568" />
</gc-op>
<gc-end id="1158" type="scavenge" contextid="1154" durationms="1.412" usertimems="4.000" systemtimems="0.000" timestamp="2019-07-02T20:54:54.766" activeThreads="4">
  <mem-info id="1159" free="6504936" total="13893632" percent="46">
    <mem type="nursery" free="2530304" total="3014656" percent="83">
      <mem type="allocate" free="2530304" total="2686976" percent="94" />
      <mem type="survivor" free="0" total="327680" percent="0" />
    </mem>
    <mem type="tenure" free="3974632" total="10878976" percent="36" macro-fragmented="1800196">
      <mem type="soa" free="3430888" total="10335232" percent="33" />
      <mem type="loa" free="543744" total="543744" percent="100" />
    </mem>
    <remembered-set count="314" />
  </mem-info>
</gc-end>
<cycle-end id="1160" type="scavenge" contextid="1154" timestamp="2019-07-02T20:54:54.766">
  <attribute name="GC Util" value="0" />
  <attribute name="CPU Util" value="13" />
  <attribute name="Time Running"value="101979"/>
  <attribute name="Number of cores"value="4"/>
</cycle-end>
<allocation-satisfied id="1161" threadId="000000000237AB00" bytesRequested="32" />
<af-end id="1162" timestamp="2019-07-02T20:54:54.767" threadId="000000000237B488" success="true" from="nursery"/>
<exclusive-end id="1163" timestamp="2019-07-02T20:54:54.767" durationms="2.208" />

<exclusive-start id="1164" timestamp="2019-07-02T20:54:56.233" intervalms="1468.475">
  <response-info timems="0.041" idlems="0.041" threads="0" lastid="0000000002382300" lastname="node-8" />
</exclusive-start>
<af-start id="1165" threadId="0000000002382C88" totalBytesRequested="16" timestamp="2019-07-02T20:54:56.233" intervalms="1468.478" type="nursery" />
<cycle-start id="1166" type="scavenge" contextid="0" timestamp="2019-07-02T20:54:56.233" intervalms="1468.486" />
  <attribute name="GC Util" value="0" />
  <attribute name="CPU Util" value="13" />
  <attribute name="Time Running"value="101979"/>
  <attribute name="Number of cores"value="4"/>
<gc-start id="1167" type="scavenge" contextid="1166" timestamp="2019-07-02T20:54:56.233">
  <mem-info id="1168" free="3974632" total="13893632" percent="28">
    <mem type="nursery" free="0" total="3014656" percent="0">
      <mem type="allocate" free="0" total="2686976" percent="0" />
      <mem type="survivor" free="0" total="327680" percent="0" />
    </mem>
    <mem type="tenure" free="3974632" total="10878976" percent="36">
      <mem type="soa" free="3430888" total="10335232" percent="33" />
      <mem type="loa" free="543744" total="543744" percent="100" />
    </mem>
    <remembered-set count="387" />
  </mem-info>
</gc-start>
<allocation-stats totalBytes="2526096" >
  <allocated-bytes non-tlh="32" tlh="2526064" />
  <largest-consumer threadName="node-9" threadId="0000000002376F00" bytes="143240" />
</allocation-stats>
<gc-op id="1169" type="scavenge" timems="1.291" contextid="1166" timestamp="2019-07-02T20:54:56.235">
  <scavenger-info tenureage="14" tenuremask="4000" tiltratio="89" />
  <memory-copied type="nursery" objects="4398" bytes="121976" bytesdiscarded="73864" />
</gc-op>
<gc-end id="1170" type="scavenge" contextid="1166" durationms="1.881" usertimems="0.000" systemtimems="0.000" timestamp="2019-07-02T20:54:56.235" activeThreads="4">
  <mem-info id="1171" free="6465768" total="13893632" percent="46">
    <mem type="nursery" free="2491136" total="3014656" percent="82">
      <mem type="allocate" free="2491136" total="2686976" percent="92" />
      <mem type="survivor" free="0" total="327680" percent="0" />
    </mem>
    <mem type="tenure" free="3974632" total="10878976" percent="36" macro-fragmented="0">
      <mem type="soa" free="3430888" total="10335232" percent="33" />
      <mem type="loa" free="543744" total="543744" percent="100" />
    </mem>
    <remembered-set count="331" />
  </mem-info>
</gc-end>
<cycle-end id="1172" type="scavenge" contextid="1166" timestamp="2019-07-02T20:54:56.235">
  <attribute name="GC Util" value="0" />
  <attribute name="CPU Util" value="15" />
  <attribute name="Time Running"value="103448"/>
  <attribute name="Number of cores"value="4"/>
</cycle-end>
<allocation-satisfied id="1173" threadId="0000000002382300" bytesRequested="16" />
<af-end id="1174" timestamp="2019-07-02T20:54:56.236" threadId="0000000002382C88" success="true" from="nursery"/>
<exclusive-end id="1175" timestamp="2019-07-02T20:54:56.236" durationms="2.765" />

<exclusive-start id="1176" timestamp="2019-07-02T20:54:58.037" intervalms="1803.839">
  <response-info timems="0.029" idlems="0.029" threads="0" lastid="000000000234DC00" lastname="node-7" />
</exclusive-start>
<af-start id="1177" threadId="000000000234E588" totalBytesRequested="32" timestamp="2019-07-02T20:54:58.037" intervalms="1803.833" type="nursery" />
<cycle-start id="1178" type="scavenge" contextid="0" timestamp="2019-07-02T20:54:58.037" intervalms="1803.811" />
  <attribute name="GC Util" value="0" />
  <attribute name="CPU Util" value="15" />
  <attribute name="Time Running"value="103448"/>
  <attribute name="Number of cores"value="4"/>
<gc-start id="1179" type="scavenge" contextid="1178" timestamp="2019-07-02T20:54:58.037">
  <mem-info id="1180" free="3974632" total="13893632" percent="28">
    <mem type="nursery" free="0" total="3014656" percent="0">
      <mem type="allocate" free="0" total="2686976" percent="0" />
      <mem type="survivor" free="0" total="327680" percent="0" />
    </mem>
    <mem type="tenure" free="3974632" total="10878976" percent="36">
      <mem type="soa" free="3430888" total="10335232" percent="33" />
      <mem type="loa" free="543744" total="543744" percent="100" />
    </mem>
    <remembered-set count="408" />
  </mem-info>
</gc-start>
<allocation-stats totalBytes="2486832" >
  <allocated-bytes non-tlh="16" tlh="2486816" />
  <largest-consumer threadName="node-9" threadId="0000000002376F00" bytes="143296" />
</allocation-stats>
<gc-op id="1181" type="scavenge" timems="0.542" contextid="1178" timestamp="2019-07-02T20:54:58.038">
  <scavenger-info tenureage="3" tenuremask="4008" tiltratio="89" />
  <memory-copied type="nursery" objects="4199" bytes="103640" bytesdiscarded="92200" />
  <memory-copied type="tenure" objects="1568" bytes="37632" bytesdiscarded="0" />
</gc-op>
<gc-end id="1182" type="scavenge" contextid="1178" durationms="0.870" usertimems="4.000" systemtimems="0.000" timestamp="2019-07-02T20:54:58.038" activeThreads="4">
  <mem-info id="1183" free="6426600" total="13893632" percent="46">
    <mem type="nursery" free="2491136" total="3014656" percent="82">
      <mem type="allocate" free="2491136" total="2686976" percent="92" />
      <mem type="survivor" free="0" total="327680" percent="0" />
    </mem>
    <mem type="tenure" free="3935464" total="10878976" percent="36" macro-fragmented="0">
      <mem type="soa" free="3391720" total="10335232" percent="32" />
      <mem type="loa" free="543744" total="543744" percent="100" />
    </mem>
    <remembered-set count="333" />
  </mem-info>
</gc-end>
<cycle-end id="1184" type="scavenge" contextid="1178" timestamp="2019-07-02T20:54:58.038">
  <attribute name="GC Util" value="0" />
  <attribute name="CPU Util" value="18" />
  <attribute name="Time Running"value="105252"/>
  <attribute name="Number of cores"value="4"/>
</cycle-end>
<allocation-satisfied id="1185" threadId="000000000234DC00" bytesRequested="32" />
<af-end id="1186" timestamp="2019-07-02T20:54:58.038" threadId="000000000234E588" success="true" from="nursery"/>
<exclusive-end id="1187" timestamp="2019-07-02T20:54:58.038" durationms="1.525" />

<exclusive-start id="1188" timestamp="2019-07-02T20:54:59.805" intervalms="1768.045">
  <response-info timems="0.044" idlems="0.044" threads="0" lastid="000000000234DC00" lastname="node-7" />
</exclusive-start>
<af-start id="1189" threadId="000000000234E588" totalBytesRequested="16" timestamp="2019-07-02T20:54:59.805" intervalms="1768.051" type="nursery" />
<cycle-start id="1190" type="scavenge" contextid="0" timestamp="2019-07-02T20:54:59.805" intervalms="1768.054" />
  <attribute name="GC Util" value="0" />
  <attribute name="CPU Util" value="18" />
  <attribute name="Time Running"value="105252"/>
  <attribute name="Number of cores"value="4"/>
<gc-start id="1191" type="scavenge" contextid="1190" timestamp="2019-07-02T20:54:59.805">
  <mem-info id="1192" free="3935464" total="13893632" percent="28">
    <mem type="nursery" free="0" total="3014656" percent="0">
      <mem type="allocate" free="0" total="2686976" percent="0" />
      <mem type="survivor" free="0" total="327680" percent="0" />
    </mem>
    <mem type="tenure" free="3935464" total="10878976" percent="36">
      <mem type="soa" free="3391720" total="10335232" percent="32" />
      <mem type="loa" free="543744" total="543744" percent="100" />
    </mem>
    <remembered-set count="407" />
  </mem-info>
</gc-start>
<allocation-stats totalBytes="2489192" >
  <allocated-bytes non-tlh="32" tlh="2489160" />
  <largest-consumer threadName="node-8" threadId="0000000002382300" bytes="135184" />
</allocation-stats>
<gc-op id="1193" type="scavenge" timems="0.505" contextid="1190" timestamp="2019-07-02T20:54:59.806">
  <scavenger-info tenureage="14" tenuremask="4000" tiltratio="89" />
  <memory-copied type="nursery" objects="5678" bytes="144616" bytesdiscarded="90392" />
</gc-op>
<gc-end id="1194" type="scavenge" contextid="1190" durationms="0.977" usertimems="0.000" systemtimems="4.000" timestamp="2019-07-02T20:54:59.806" activeThreads="4">
  <mem-info id="1195" free="6387432" total="13893632" percent="45">
    <mem type="nursery" free="2451968" total="3014656" percent="81">
      <mem type="allocate" free="2451968" total="2686976" percent="91" />
      <mem type="survivor" free="0" total="327680" percent="0" />
    </mem>
    <mem type="tenure" free="3935464" total="10878976" percent="36" macro-fragmented="10920">
      <mem type="soa" free="3391720" total="10335232" percent="32" />
      <mem type="loa" free="543744" total="543744" percent="100" />
    </mem>
    <remembered-set count="343" />
  </mem-info>
</gc-end>
<cycle-end id="1196" type="scavenge" contextid="1190" timestamp="2019-07-02T20:54:59.806">
  <attribute name="GC Util" value="0" />
  <attribute name="CPU Util" value="17" />
  <attribute name="Time Running"value="107020"/>
  <attribute name="Number of cores"value="4"/>
</cycle-end>
<allocation-satisfied id="1197" threadId="000000000234DC00" bytesRequested="16" />
<af-end id="1198" timestamp="2019-07-02T20:54:59.806" threadId="000000000234E588" success="true" from="nursery"/>
<exclusive-end id="1199" timestamp="2019-07-02T20:54:59.807" durationms="1.575" />

<exclusive-start id="1200" timestamp="2019-07-02T20:55:01.533" intervalms="1728.320">
  <response-info timems="0.048" idlems="0.048" threads="0" lastid="000000000234DC00" lastname="node-7" />
</exclusive-start>
<af-start id="1201" threadId="000000000234E588" totalBytesRequested="32" timestamp="2019-07-02T20:55:01.535" intervalms="1729.553" type="nursery" />
<cycle-start id="1202" type="scavenge" contextid="0" timestamp="2019-07-02T20:55:01.535" intervalms="1729.632" />
  <attribute name="GC Util" value="0" />
  <attribute name="CPU Util" value="17" />
  <attribute name="Time Running"value="107020"/>
  <attribute name="Number of cores"value="4"/>
<gc-start id="1203" type="scavenge" contextid="1202" timestamp="2019-07-02T20:55:01.535">
  <mem-info id="1204" free="3935464" total="13893632" percent="28">
    <mem type="nursery" free="0" total="3014656" percent="0">
      <mem type="allocate" free="0" total="2686976" percent="0" />
      <mem type="survivor" free="0" total="327680" percent="0" />
    </mem>
    <mem type="tenure" free="3935464" total="10878976" percent="36">
      <mem type="soa" free="3391720" total="10335232" percent="32" />
      <mem type="loa" free="543744" total="543744" percent="100" />
    </mem>
    <remembered-set count="427" />
  </mem-info>
</gc-start>
<allocation-stats totalBytes="2450424" >
  <allocated-bytes non-tlh="16" tlh="2450408" />
  <largest-consumer threadName="node-9" threadId="0000000002376F00" bytes="109008" />
</allocation-stats>
<gc-op id="1205" type="scavenge" timems="0.878" contextid="1202" timestamp="2019-07-02T20:55:01.536">
  <scavenger-info tenureage="4" tenuremask="4010" tiltratio="89" />
  <memory-copied type="nursery" objects="5907" bytes="144632" bytesdiscarded="51208" />
  <memory-copied type="tenure" objects="1172" bytes="28128" bytesdiscarded="0" />
</gc-op>
<gc-end id="1206" type="scavenge" contextid="1202" durationms="1.470" usertimems="0.000" systemtimems="4.000" timestamp="2019-07-02T20:55:01.536" activeThreads="4">
  <mem-info id="1207" free="6387432" total="13893632" percent="45">
    <mem type="nursery" free="2491136" total="3014656" percent="82">
      <mem type="allocate" free="2491136" total="2686976" percent="92" />
      <mem type="survivor" free="0" total="327680" percent="0" />
    </mem>
    <mem type="tenure" free="3896296" total="10878976" percent="35" macro-fragmented="1500163">
      <mem type="soa" free="3352552" total="10335232" percent="32" />
      <mem type="loa" free="543744" total="543744" percent="100" />
    </mem>
    <remembered-set count="356" />
  </mem-info>
</gc-end>
<cycle-end id="1208" type="scavenge" contextid="1202" timestamp="2019-07-02T20:55:01.536">
  <attribute name="GC Util" value="0" />
  <attribute name="CPU Util" value="14" />
  <attribute name="Time Running"value="108750"/>
  <attribute name="Number of cores"value="4"/>
</cycle-end>
<allocation-satisfied id="1209" threadId="000000000234DC00" bytesRequested="32" />
<af-end id="1210" timestamp="2019-07-02T20:55:01.537" threadId="000000000234E588" success="true" from="nursery"/>
<exclusive-end id="1211" timestamp="2019-07-02T20:55:01.537" durationms="3.522" />

<exclusive-start id="1212" timestamp="2019-07-02T20:55:03.075" intervalms="1542.011">
  <response-info timems="0.045" idlems="0.045" threads="0" lastid="0000000002376F00" lastname="node-9" />
</exclusive-start>
<af-start id="1213" threadId="0000000002377888" totalBytesRequested="16" timestamp="2019-07-02T20:55:03.075" intervalms="1540.774" type="nursery" />
<cycle-start id="1214" type="scavenge" contextid="0" timestamp="2019-07-02T20:55:03.075" intervalms="1540.691" />
  <attribute name="GC Util" value="0" />
  <attribute name="CPU Util" value="14" />
  <attribute name="Time Running"value="108750"/>
  <attribute name="Number of cores"value="4"/>
<gc-start id="1215" type="scavenge" contextid="1214" timestamp="2019-07-02T20:55:03.075">
  <mem-info id="1216" free="3896296" total="13893632" percent="28">
    <mem type="nursery" free="0" total="3014656" percent="0">
      <mem type="allocate" free="0" total="2686976" percent="0" />
      <mem type="survivor" free="0" total="327680" percent="0" />
    </mem>
    <mem type="tenure" free="3896296" total="10878976" percent="35">
      <mem type="soa" free="3352552" total="10335232" percent="32" />
      <mem type="loa" free="543744" total="543744" percent="100" />
    </mem>
    <remembered-set count="432" />
  </mem-info>
</gc-start>
<allocation-stats totalBytes="2485848" >
  <allocated-bytes non-tlh="32" tlh="2485816" />
  <largest-consumer threadName="node-7" threadId="000000000234DC00" bytes="135920" />
</allocation-stats>
<gc-op id="1217" type="scavenge" timems="0.600" contextid="1214" timestamp="2019-07-02T20:55:03.076">
  <scavenger-info tenureage="4" tenuremask="4010" tiltratio="89" />
  <memory-copied type="nursery" objects="6312" bytes="167896" bytesdiscarded="67112" />
  <memory-copied type="tenure" objects="1472" bytes="35328" bytesdiscarded="0" />
</gc-op>
<gc-end id="1218" type="scavenge" contextid="1214" durationms="1.012" usertimems="4.000" systemtimems="0.000" timestamp="2019-07-02T20:55:03.076" activeThreads="4">
  <mem-info id="1219" free="6311104" total="13893632" percent="45">
    <mem type="nursery" free="2451968" total="3014656" percent="81">
      <mem type="allocate" free="2451968" total="2686976" percent="91" />
      <mem type="survivor" free="0" total="327680" percent="0" />
    </mem>
    <mem type="tenure" free="3859136" total="10878976" percent="35" macro-fragmented="1041779">
      <mem type="soa" free="3315392" total="10335232" percent="32" />
      <mem type="loa" free="543744" total="543744" percent="100" />
    </mem>
    <remembered-set count="359" />
  </mem-info>
</gc-end>
<cycle-end id="1220" type="scavenge" contextid="1214" timestamp="2019-07-02T20:55:03.077">
  <attribute name="GC Util" value="0" />
  <attribute name="CPU Util" value="23" />
  <attribute name="Time Running"value="110290"/>
  <attribute name="Number of cores"value="4"/>
</cycle-end>
<allocation-satisfied id="1221" threadId="0000000002376F00" bytesRequested="16" />
<af-end id="1222" timestamp="2019-07-02T20:55:03.077" threadId="0000000002377888" success="true" from="nursery"/>
<exclusive-end id="1223" timestamp="2019-07-02T20:55:03.077" durationms="1.385" />

<exclusive-start id="1224" timestamp="2019-07-02T20:55:04.671" intervalms="1595.609">
  <response-info timems="0.035" idlems="0.035" threads="0" lastid="0000000002382300" lastname="node-8" />
</exclusive-start>
<af-start id="1225" threadId="0000000002382C88" totalBytesRequested="32" timestamp="2019-07-02T20:55:04.671" intervalms="1595.618" type="nursery" />
<cycle-start id="1226" type="scavenge" contextid="0" timestamp="2019-07-02T20:55:04.671" intervalms="1595.632" />
  <attribute name="GC Util" value="0" />
  <attribute name="CPU Util" value="23" />
  <attribute name="Time Running"value="110290"/>
  <attribute name="Number of cores"value="4"/>
<gc-start id="1227" type="scavenge" contextid="1226" timestamp="2019-07-02T20:55:04.671">
  <mem-info id="1228" free="3859136" total="13893632" percent="27">
    <mem type="nursery" free="0" total="3014656" percent="0">
      <mem type="allocate" free="0" total="2686976" percent="0" />
      <mem type="survivor" free="0" total="327680" percent="0" />
    </mem>
    <mem type="tenure" free="3859136" total="10878976" percent="35">
      <mem type="soa" free="3315392" total="10335232" percent="32" />
      <mem type="loa" free="543744" total="543744" percent="100" />
    </mem>
    <remembered-set count="432" />
  </mem-info>
</gc-start>
<allocation-stats totalBytes="2446472" >
  <allocated-bytes non-tlh="16" tlh="2446456" />
  <largest-consumer threadName="node-8" threadId="0000000002382300" bytes="109008" />
</allocation-stats>
<gc-op id="1229" type="scavenge" timems="0.603" contextid="1226" timestamp="2019-07-02T20:55:04.672">
  <scavenger-info tenureage="4" tenuremask="4010" tiltratio="89" />
  <memory-copied type="nursery" objects="6362" bytes="155552" bytesdiscarded="79456" />
  <memory-copied type="tenure" objects="1410" bytes="33840" bytesdiscarded="0" />
</gc-op>
<gc-end id="1230" type="scavenge" contextid="1226" durationms="0.904" usertimems="0.000" systemtimems="0.000" timestamp="2019-07-02T20:55:04.672" activeThreads="4">
  <mem-info id="1231" free="6271936" total="13893632" percent="45">
    <mem type="nursery" free="2451968" total="3014656" percent="81">
      <mem type="allocate" free="2451968" total="2686976" percent="91" />
      <mem type="survivor" free="0" total="327680" percent="0" />
    </mem>
    <mem type="tenure" free="3819968" total="10878976" percent="35" macro-fragmented="0">
      <mem type="soa" free="3276224" total="10335232" percent="31" />
      <mem type="loa" free="543744" total="543744" percent="100" />
    </mem>
    <remembered-set count="357" />
  </mem-info>
</gc-end>
<cycle-end id="1232" type="scavenge" contextid="1226" timestamp="2019-07-02T20:55:04.672">
  <attribute name="GC Util" value="0" />
  <attribute name="CPU Util" value="19" />
  <attribute name="Time Running"value="111886"/>
  <attribute name="Number of cores"value="4"/>
</cycle-end>
<allocation-satisfied id="1233" threadId="0000000002382300" bytesRequested="32" />
<af-end id="1234" timestamp="2019-07-02T20:55:04.672" threadId="0000000002382C88" success="true" from="nursery"/>
<exclusive-end id="1235" timestamp="2019-07-02T20:55:04.672" durationms="1.366" />

<exclusive-start id="1236" timestamp="2019-07-02T20:55:06.183" intervalms="1511.691">
  <response-info timems="0.101" idlems="0.101" threads="0" lastid="0000000002376F00" lastname="node-9" />
</exclusive-start>
<af-start id="1237" threadId="0000000002377888" totalBytesRequested="24" timestamp="2019-07-02T20:55:06.183" intervalms="1511.847" type="nursery" />
<cycle-start id="1238" type="scavenge" contextid="0" timestamp="2019-07-02T20:55:06.183" intervalms="1511.985" />
  <attribute name="GC Util" value="0" />
  <attribute name="CPU Util" value="19" />
  <attribute name="Time Running"value="111886"/>
  <attribute name="Number of cores"value="4"/>
<gc-start id="1239" type="scavenge" contextid="1238" timestamp="2019-07-02T20:55:06.183">
  <mem-info id="1240" free="3819968" total="13893632" percent="27">
    <mem type="nursery" free="0" total="3014656" percent="0">
      <mem type="allocate" free="0" total="2686976" percent="0" />
      <mem type="survivor" free="0" total="327680" percent="0" />
    </mem>
    <mem type="tenure" free="3819968" total="10878976" percent="35">
      <mem type="soa" free="3276224" total="10335232" percent="31" />
      <mem type="loa" free="543744" total="543744" percent="100" />
    </mem>
    <remembered-set count="431" />
  </mem-info>
</gc-start>
<allocation-stats totalBytes="2449720" >
  <allocated-bytes non-tlh="32" tlh="2449688" />
  <largest-consumer threadName="node-24" threadId="0000000002373300" bytes="109008" />
</allocation-stats>
<gc-op id="1241" type="scavenge" timems="1.286" contextid="1238" timestamp="2019-07-02T20:55:06.185">
  <scavenger-info tenureage="4" tenuremask="4010" tiltratio="89" />
  <memory-copied type="nursery" objects="6508" bytes="157912" bytesdiscarded="116264" />
  <memory-copied type="tenure" objects="1468" bytes="35232" bytesdiscarded="24" />
</gc-op>
<gc-end id="1242" type="scavenge" contextid="1238" durationms="1.817" usertimems="0.000" systemtimems="0.000" timestamp="2019-07-02T20:55:06.185" activeThreads="4">
  <mem-info id="1243" free="6182344" total="13893632" percent="44">
    <mem type="nursery" free="2412800" total="3014656" percent="80">
      <mem type="allocate" free="2412800" total="2686976" percent="89" />
      <mem type="survivor" free="0" total="327680" percent="0" />
    </mem>
    <mem type="tenure" free="3769544" total="10878976" percent="34" macro-fragmented="1250136">
      <mem type="soa" free="3225800" total="10335232" percent="31" />
      <mem type="loa" free="543744" total="543744" percent="100" />
    </mem>
    <remembered-set count="357" />
  </mem-info>
</gc-end>
<cycle-end id="1244" type="scavenge" contextid="1238" timestamp="2019-07-02T20:55:06.185">
  <attribute name="GC Util" value="0" />
  <attribute name="CPU Util" value="12" />
  <attribute name="Time Running"value="113398"/>
  <attribute name="Number of cores"value="4"/>
</cycle-end>
<allocation-satisfied id="1245" threadId="0000000002376F00" bytesRequested="24" />
<af-end id="1246" timestamp="2019-07-02T20:55:06.185" threadId="0000000002377888" success="true" from="nursery"/>
<exclusive-end id="1247" timestamp="2019-07-02T20:55:06.185" durationms="2.856" />

<exclusive-start id="1248" timestamp="2019-07-02T20:55:07.476" intervalms="1293.672">
  <response-info timems="0.030" idlems="0.030" threads="0" lastid="0000000002385F00" lastname="node-6" />
</exclusive-start>
<af-start id="1249" threadId="0000000002386888" totalBytesRequested="24" timestamp="2019-07-02T20:55:07.476" intervalms="1293.514" type="nursery" />
<cycle-start id="1250" type="scavenge" contextid="0" timestamp="2019-07-02T20:55:07.476" intervalms="1293.374" />
  <attribute name="GC Util" value="0" />
  <attribute name="CPU Util" value="12" />
  <attribute name="Time Running"value="113398"/>
  <attribute name="Number of cores"value="4"/>
<gc-start id="1251" type="scavenge" contextid="1250" timestamp="2019-07-02T20:55:07.476">
  <mem-info id="1252" free="3769544" total="13893632" percent="27">
    <mem type="nursery" free="0" total="3014656" percent="0">
      <mem type="allocate" free="0" total="2686976" percent="0" />
      <mem type="survivor" free="0" total="327680" percent="0" />
    </mem>
    <mem type="tenure" free="3769544" total="10878976" percent="34">
      <mem type="soa" free="3225800" total="10335232" percent="31" />
      <mem type="loa" free="543744" total="543744" percent="100" />
    </mem>
    <remembered-set count="423" />
  </mem-info>
</gc-start>
<allocation-stats totalBytes="2410696" >
  <allocated-bytes non-tlh="24" tlh="2410672" />
  <largest-consumer threadName="node-9" threadId="0000000002376F00" bytes="106488" />
</allocation-stats>
<gc-op id="1253" type="scavenge" timems="0.954" contextid="1250" timestamp="2019-07-02T20:55:07.478">
  <scavenger-info tenureage="3" tenuremask="4018" tiltratio="89" />
  <memory-copied type="nursery" objects="4600" bytes="115408" bytesdiscarded="41264" />
  <memory-copied type="tenure" objects="3246" bytes="77904" bytesdiscarded="0" />
</gc-op>
<gc-end id="1254" type="scavenge" contextid="1250" durationms="1.137" usertimems="0.000" systemtimems="0.000" timestamp="2019-07-02T20:55:07.478" activeThreads="4">
  <mem-info id="1255" free="6204456" total="13893632" percent="44">
    <mem type="nursery" free="2530304" total="3014656" percent="83">
      <mem type="allocate" free="2530304" total="2686976" percent="94" />
      <mem type="survivor" free="0" total="327680" percent="0" />
    </mem>
    <mem type="tenure" free="3674152" total="10878976" percent="33" macro-fragmented="0">
      <mem type="soa" free="3130408" total="10335232" percent="30" />
      <mem type="loa" free="543744" total="543744" percent="100" />
    </mem>
    <remembered-set count="331" />
  </mem-info>
</gc-end>
<cycle-end id="1256" type="scavenge" contextid="1250" timestamp="2019-07-02T20:55:07.478">
  <attribute name="GC Util" value="0" />
  <attribute name="CPU Util" value="28" />
  <attribute name="Time Running"value="114691"/>
  <attribute name="Number of cores"value="4"/>
</cycle-end>
<allocation-satisfied id="1257" threadId="0000000002385F00" bytesRequested="24" />
<af-end id="1258" timestamp="2019-07-02T20:55:07.478" threadId="0000000002386888" success="true" from="nursery"/>
<exclusive-end id="1259" timestamp="2019-07-02T20:55:07.478" durationms="1.851" />

<exclusive-start id="1260" timestamp="2019-07-02T20:55:08.811" intervalms="1334.855">
  <response-info timems="0.032" idlems="0.032" threads="0" lastid="000000000234DC00" lastname="node-7" />
</exclusive-start>
<af-start id="1261" threadId="000000000234E588" totalBytesRequested="24" timestamp="2019-07-02T20:55:08.811" intervalms="1334.858" type="nursery" />
<cycle-start id="1262" type="scavenge" contextid="0" timestamp="2019-07-02T20:55:08.811" intervalms="1334.859" />
  <attribute name="GC Util" value="0" />
  <attribute name="CPU Util" value="28" />
  <attribute name="Time Running"value="114691"/>
  <attribute name="Number of cores"value="4"/>
<gc-start id="1263" type="scavenge" contextid="1262" timestamp="2019-07-02T20:55:08.811">
  <mem-info id="1264" free="3674152" total="13893632" percent="26">
    <mem type="nursery" free="0" total="3014656" percent="0">
      <mem type="allocate" free="0" total="2686976" percent="0" />
      <mem type="survivor" free="0" total="327680" percent="0" />
    </mem>
    <mem type="tenure" free="3674152" total="10878976" percent="33">
      <mem type="soa" free="3130408" total="10335232" percent="30" />
      <mem type="loa" free="543744" total="543744" percent="100" />
    </mem>
    <remembered-set count="401" />
  </mem-info>
</gc-start>
<allocation-stats totalBytes="2528368" >
  <allocated-bytes non-tlh="24" tlh="2528344" />
  <largest-consumer threadName="node-8" threadId="0000000002382300" bytes="143216" />
</allocation-stats>
<gc-op id="1265" type="scavenge" timems="0.818" contextid="1262" timestamp="2019-07-02T20:55:08.812">
  <scavenger-info tenureage="14" tenuremask="4000" tiltratio="89" />
  <memory-copied type="nursery" objects="6179" bytes="151224" bytesdiscarded="44616" />
</gc-op>
<gc-end id="1266" type="scavenge" contextid="1262" durationms="1.171" usertimems="0.000" systemtimems="0.000" timestamp="2019-07-02T20:55:08.813" activeThreads="4">
  <mem-info id="1267" free="6165288" total="13893632" percent="44">
    <mem type="nursery" free="2491136" total="3014656" percent="82">
      <mem type="allocate" free="2491136" total="2686976" percent="92" />
      <mem type="survivor" free="0" total="327680" percent="0" />
    </mem>
    <mem type="tenure" free="3674152" total="10878976" percent="33" macro-fragmented="0">
      <mem type="soa" free="3130408" total="10335232" percent="30" />
      <mem type="loa" free="543744" total="543744" percent="100" />
    </mem>
    <remembered-set count="349" />
  </mem-info>
</gc-end>
<cycle-end id="1268" type="scavenge" contextid="1262" timestamp="2019-07-02T20:55:08.813">
  <attribute name="GC Util" value="0" />
  <attribute name="CPU Util" value="13" />
  <attribute name="Time Running"value="116026"/>
  <attribute name="Number of cores"value="4"/>
</cycle-end>
<allocation-satisfied id="1269" threadId="000000000234DC00" bytesRequested="24" />
<af-end id="1270" timestamp="2019-07-02T20:55:08.813" threadId="000000000234E588" success="true" from="nursery"/>
<exclusive-end id="1271" timestamp="2019-07-02T20:55:08.813" durationms="1.662" />

<exclusive-start id="1272" timestamp="2019-07-02T20:55:10.456" intervalms="1644.940">
  <response-info timems="0.033" idlems="0.033" threads="0" lastid="0000000002376F00" lastname="node-9" />
</exclusive-start>
<af-start id="1273" threadId="0000000002377888" totalBytesRequested="432" timestamp="2019-07-02T20:55:10.456" intervalms="1644.970" type="nursery" />
<cycle-start id="1274" type="scavenge" contextid="0" timestamp="2019-07-02T20:55:10.456" intervalms="1644.973" />
  <attribute name="GC Util" value="0" />
  <attribute name="CPU Util" value="13" />
  <attribute name="Time Running"value="116026"/>
  <attribute name="Number of cores"value="4"/>
<gc-start id="1275" type="scavenge" contextid="1274" timestamp="2019-07-02T20:55:10.456">
  <mem-info id="1276" free="3674152" total="13893632" percent="26">
    <mem type="nursery" free="0" total="3014656" percent="0">
      <mem type="allocate" free="0" total="2686976" percent="0" />
      <mem type="survivor" free="0" total="327680" percent="0" />
    </mem>
    <mem type="tenure" free="3674152" total="10878976" percent="33">
      <mem type="soa" free="3130408" total="10335232" percent="30" />
      <mem type="loa" free="543744" total="543744" percent="100" />
    </mem>
    <remembered-set count="422" />
  </mem-info>
</gc-start>
<allocation-stats totalBytes="2489856" >
  <allocated-bytes non-tlh="24" tlh="2489832" />
  <largest-consumer threadName="node-7" threadId="000000000234DC00" bytes="143368" />
</allocation-stats>
<gc-op id="1277" type="scavenge" timems="0.608" contextid="1274" timestamp="2019-07-02T20:55:10.457">
  <scavenger-info tenureage="3" tenuremask="4018" tiltratio="89" />
  <memory-copied type="nursery" objects="4506" bytes="109224" bytesdiscarded="86616" />
  <memory-copied type="tenure" objects="3121" bytes="74904" bytesdiscarded="8" />
</gc-op>
<gc-end id="1278" type="scavenge" contextid="1274" durationms="0.874" usertimems="0.000" systemtimems="4.000" timestamp="2019-07-02T20:55:10.457" activeThreads="4">
  <mem-info id="1279" free="6086952" total="13893632" percent="43">
    <mem type="nursery" free="2491136" total="3014656" percent="82">
      <mem type="allocate" free="2491136" total="2686976" percent="92" />
      <mem type="survivor" free="0" total="327680" percent="0" />
    </mem>
    <mem type="tenure" free="3595816" total="10878976" percent="33" macro-fragmented="0">
      <mem type="soa" free="3052072" total="10335232" percent="29" />
      <mem type="loa" free="543744" total="543744" percent="100" />
    </mem>
    <remembered-set count="294" />
  </mem-info>
</gc-end>
<cycle-end id="1280" type="scavenge" contextid="1274" timestamp="2019-07-02T20:55:10.457">
  <attribute name="GC Util" value="0" />
  <attribute name="CPU Util" value="12" />
  <attribute name="Time Running"value="117671"/>
  <attribute name="Number of cores"value="4"/>
</cycle-end>
<allocation-satisfied id="1281" threadId="0000000002376F00" bytesRequested="432" />
<af-end id="1282" timestamp="2019-07-02T20:55:10.457" threadId="0000000002377888" success="true" from="nursery"/>
<exclusive-end id="1283" timestamp="2019-07-02T20:55:10.457" durationms="1.382" />

<exclusive-start id="1284" timestamp="2019-07-02T20:55:12.012" intervalms="1556.262">
  <response-info timems="0.033" idlems="0.033" threads="0" lastid="000000000234DC00" lastname="node-7" />
</exclusive-start>
<af-start id="1285" threadId="000000000234E588" totalBytesRequested="128" timestamp="2019-07-02T20:55:12.012" intervalms="1556.243" type="nursery" />
<cycle-start id="1286" type="scavenge" contextid="0" timestamp="2019-07-02T20:55:12.012" intervalms="1556.234" />
  <attribute name="GC Util" value="0" />
  <attribute name="CPU Util" value="12" />
  <attribute name="Time Running"value="117671"/>
  <attribute name="Number of cores"value="4"/>
<gc-start id="1287" type="scavenge" contextid="1286" timestamp="2019-07-02T20:55:12.013">
  <mem-info id="1288" free="3595816" total="13893632" percent="25">
    <mem type="nursery" free="0" total="3014656" percent="0">
      <mem type="allocate" free="0" total="2686976" percent="0" />
      <mem type="survivor" free="0" total="327680" percent="0" />
    </mem>
    <mem type="tenure" free="3595816" total="10878976" percent="33">
      <mem type="soa" free="3052072" total="10335232" percent="29" />
      <mem type="loa" free="543744" total="543744" percent="100" />
    </mem>
    <remembered-set count="403" />
  </mem-info>
</gc-start>
<allocation-stats totalBytes="2486464" >
  <allocated-bytes non-tlh="432" tlh="2486032" />
  <largest-consumer threadName="node-9" threadId="0000000002376F00" bytes="135840" />
</allocation-stats>
<gc-op id="1289" type="scavenge" timems="0.489" contextid="1286" timestamp="2019-07-02T20:55:12.013">
  <scavenger-info tenureage="14" tenuremask="4000" tiltratio="89" />
  <memory-copied type="nursery" objects="6236" bytes="151376" bytesdiscarded="83632" />
</gc-op>
<gc-end id="1290" type="scavenge" contextid="1286" durationms="0.653" usertimems="4.000" systemtimems="0.000" timestamp="2019-07-02T20:55:12.013" activeThreads="4">
  <mem-info id="1291" free="6047784" total="13893632" percent="43">
    <mem type="nursery" free="2451968" total="3014656" percent="81">
      <mem type="allocate" free="2451968" total="2686976" percent="91" />
      <mem type="survivor" free="0" total="327680" percent="0" />
    </mem>
    <mem type="tenure" free="3595816" total="10878976" percent="33" macro-fragmented="0">
      <mem type="soa" free="3052072" total="10335232" percent="29" />
      <mem type="loa" free="543744" total="543744" percent="100" />
    </mem>
    <remembered-set count="350" />
  </mem-info>
</gc-end>
<cycle-end id="1292" type="scavenge" contextid="1286" timestamp="2019-07-02T20:55:12.013">
  <attribute name="GC Util" value="0" />
  <attribute name="CPU Util" value="19" />
  <attribute name="Time Running"value="119227"/>
  <attribute name="Number of cores"value="4"/>
</cycle-end>
<allocation-satisfied id="1293" threadId="000000000234DC00" bytesRequested="128" />
<af-end id="1294" timestamp="2019-07-02T20:55:12.013" threadId="000000000234E588" success="true" from="nursery"/>
<exclusive-end id="1295" timestamp="2019-07-02T20:55:12.013" durationms="1.168" />

<exclusive-start id="1296" timestamp="2019-07-02T20:55:13.645" intervalms="1632.341">
  <response-info timems="0.065" idlems="0.065" threads="0" lastid="0000000002376F00" lastname="node-9" />
</exclusive-start>
<af-start id="1297" threadId="0000000002377888" totalBytesRequested="32" timestamp="2019-07-02T20:55:13.645" intervalms="1632.373" type="nursery" />
<cycle-start id="1298" type="scavenge" contextid="0" timestamp="2019-07-02T20:55:13.645" intervalms="1632.386" />
  <attribute name="GC Util" value="0" />
  <attribute name="CPU Util" value="19" />
  <attribute name="Time Running"value="119227"/>
  <attribute name="Number of cores"value="4"/>
<gc-start id="1299" type="scavenge" contextid="1298" timestamp="2019-07-02T20:55:13.645">
  <mem-info id="1300" free="3595816" total="13893632" percent="25">
    <mem type="nursery" free="0" total="3014656" percent="0">
      <mem type="allocate" free="0" total="2686976" percent="0" />
      <mem type="survivor" free="0" total="327680" percent="0" />
    </mem>
    <mem type="tenure" free="3595816" total="10878976" percent="33">
      <mem type="soa" free="3052072" total="10335232" percent="29" />
      <mem type="loa" free="543744" total="543744" percent="100" />
    </mem>
    <remembered-set count="426" />
  </mem-info>
</gc-start>
<allocation-stats totalBytes="2445128" >
  <allocated-bytes non-tlh="128" tlh="2445000" />
  <largest-consumer threadName="node-8" threadId="0000000002382300" bytes="108592" />
</allocation-stats>
<gc-op id="1301" type="scavenge" timems="0.708" contextid="1298" timestamp="2019-07-02T20:55:13.646">
  <scavenger-info tenureage="3" tenuremask="4018" tiltratio="89" />
  <memory-copied type="nursery" objects="5013" bytes="122328" bytesdiscarded="112680" />
  <memory-copied type="tenure" objects="2907" bytes="69768" bytesdiscarded="0" />
</gc-op>
<gc-end id="1302" type="scavenge" contextid="1298" durationms="1.217" usertimems="0.000" systemtimems="0.000" timestamp="2019-07-02T20:55:13.646" activeThreads="4">
  <mem-info id="1303" free="5969704" total="13893632" percent="42">
    <mem type="nursery" free="2451968" total="3014656" percent="81">
      <mem type="allocate" free="2451968" total="2686976" percent="91" />
      <mem type="survivor" free="0" total="327680" percent="0" />
    </mem>
    <mem type="tenure" free="3517736" total="10878976" percent="32" macro-fragmented="0">
      <mem type="soa" free="2973992" total="10335232" percent="28" />
      <mem type="loa" free="543744" total="543744" percent="100" />
    </mem>
    <remembered-set count="323" />
  </mem-info>
</gc-end>
<cycle-end id="1304" type="scavenge" contextid="1298" timestamp="2019-07-02T20:55:13.646">
  <attribute name="GC Util" value="0" />
  <attribute name="CPU Util" value="15" />
  <attribute name="Time Running"value="120860"/>
  <attribute name="Number of cores"value="4"/>
</cycle-end>
<allocation-satisfied id="1305" threadId="0000000002376F00" bytesRequested="32" />
<af-end id="1306" timestamp="2019-07-02T20:55:13.646" threadId="0000000002377888" success="true" from="nursery"/>
<exclusive-end id="1307" timestamp="2019-07-02T20:55:13.647" durationms="1.884" />

<exclusive-start id="1308" timestamp="2019-07-02T20:55:15.155" intervalms="1510.414">
  <response-info timems="0.033" idlems="0.033" threads="0" lastid="000000000234DC00" lastname="node-7" />
</exclusive-start>
<af-start id="1309" threadId="000000000234E588" totalBytesRequested="24" timestamp="2019-07-02T20:55:15.155" intervalms="1510.413" type="nursery" />
<cycle-start id="1310" type="scavenge" contextid="0" timestamp="2019-07-02T20:55:15.155" intervalms="1510.450" />
  <attribute name="GC Util" value="0" />
  <attribute name="CPU Util" value="15" />
  <attribute name="Time Running"value="120860"/>
  <attribute name="Number of cores"value="4"/>
<gc-start id="1311" type="scavenge" contextid="1310" timestamp="2019-07-02T20:55:15.155">
  <mem-info id="1312" free="3517736" total="13893632" percent="25">
    <mem type="nursery" free="0" total="3014656" percent="0">
      <mem type="allocate" free="0" total="2686976" percent="0" />
      <mem type="survivor" free="0" total="327680" percent="0" />
    </mem>
    <mem type="tenure" free="3517736" total="10878976" percent="32">
      <mem type="soa" free="2973992" total="10335232" percent="28" />
      <mem type="loa" free="543744" total="543744" percent="100" />
    </mem>
    <remembered-set count="409" />
  </mem-info>
</gc-start>
<allocation-stats totalBytes="2451136" >
  <allocated-bytes non-tlh="32" tlh="2451104" />
  <largest-consumer threadName="node-19" threadId="000000000235CC00" bytes="118696" />
</allocation-stats>
<gc-op id="1313" type="scavenge" timems="0.485" contextid="1310" timestamp="2019-07-02T20:55:15.156">
  <scavenger-info tenureage="14" tenuremask="4000" tiltratio="89" />
  <memory-copied type="nursery" objects="6065" bytes="147344" bytesdiscarded="87664" />
</gc-op>
<gc-end id="1314" type="scavenge" contextid="1310" durationms="0.815" usertimems="0.000" systemtimems="0.000" timestamp="2019-07-02T20:55:15.156" activeThreads="4">
  <mem-info id="1315" free="5969704" total="13893632" percent="42">
    <mem type="nursery" free="2451968" total="3014656" percent="81">
      <mem type="allocate" free="2451968" total="2686976" percent="91" />
      <mem type="survivor" free="0" total="327680" percent="0" />
    </mem>
    <mem type="tenure" free="3517736" total="10878976" percent="32" macro-fragmented="0">
      <mem type="soa" free="2973992" total="10335232" percent="28" />
      <mem type="loa" free="543744" total="543744" percent="100" />
    </mem>
    <remembered-set count="353" />
  </mem-info>
</gc-end>
<cycle-end id="1316" type="scavenge" contextid="1310" timestamp="2019-07-02T20:55:15.156">
  <attribute name="GC Util" value="0" />
  <attribute name="CPU Util" value="15" />
  <attribute name="Time Running"value="122370"/>
  <attribute name="Number of cores"value="4"/>
</cycle-end>
<allocation-satisfied id="1317" threadId="000000000234DC00" bytesRequested="24" />
<af-end id="1318" timestamp="2019-07-02T20:55:15.156" threadId="000000000234E588" success="true" from="nursery"/>
<exclusive-end id="1319" timestamp="2019-07-02T20:55:15.157" durationms="1.454" />

<exclusive-start id="1320" timestamp="2019-07-02T20:55:16.558" intervalms="1402.761">
  <response-info timems="0.030" idlems="0.030" threads="0" lastid="0000000002376F00" lastname="node-9" />
</exclusive-start>
<af-start id="1321" threadId="0000000002377888" totalBytesRequested="24" timestamp="2019-07-02T20:55:16.558" intervalms="1402.719" type="nursery" />
<cycle-start id="1322" type="scavenge" contextid="0" timestamp="2019-07-02T20:55:16.558" intervalms="1402.755" />
  <attribute name="GC Util" value="0" />
  <attribute name="CPU Util" value="15" />
  <attribute name="Time Running"value="122370"/>
  <attribute name="Number of cores"value="4"/>
<gc-start id="1323" type="scavenge" contextid="1322" timestamp="2019-07-02T20:55:16.558">
  <mem-info id="1324" free="3517736" total="13893632" percent="25">
    <mem type="nursery" free="0" total="3014656" percent="0">
      <mem type="allocate" free="0" total="2686976" percent="0" />
      <mem type="survivor" free="0" total="327680" percent="0" />
    </mem>
    <mem type="tenure" free="3517736" total="10878976" percent="32">
      <mem type="soa" free="2973992" total="10335232" percent="28" />
      <mem type="loa" free="543744" total="543744" percent="100" />
    </mem>
    <remembered-set count="425" />
  </mem-info>
</gc-start>
<allocation-stats totalBytes="2445576" >
  <allocated-bytes non-tlh="24" tlh="2445552" />
  <largest-consumer threadName="node-7" threadId="000000000234DC00" bytes="108440" />
</allocation-stats>
<gc-op id="1325" type="scavenge" timems="0.922" contextid="1322" timestamp="2019-07-02T20:55:16.559">
  <scavenger-info tenureage="3" tenuremask="4018" tiltratio="89" />
  <memory-copied type="nursery" objects="4275" bytes="107320" bytesdiscarded="49352" />
  <memory-copied type="tenure" objects="3188" bytes="76512" bytesdiscarded="24" />
</gc-op>
<gc-end id="1326" type="scavenge" contextid="1322" durationms="1.481" usertimems="0.000" systemtimems="0.000" timestamp="2019-07-02T20:55:16.560" activeThreads="4">
  <mem-info id="1327" free="5969832" total="13893632" percent="42">
    <mem type="nursery" free="2530304" total="3014656" percent="83">
      <mem type="allocate" free="2530304" total="2686976" percent="94" />
      <mem type="survivor" free="0" total="327680" percent="0" />
    </mem>
    <mem type="tenure" free="3439528" total="10878976" percent="31" macro-fragmented="0">
      <mem type="soa" free="2895784" total="10335232" percent="28" />
      <mem type="loa" free="543744" total="543744" percent="100" />
    </mem>
    <remembered-set count="331" />
  </mem-info>
</gc-end>
<cycle-end id="1328" type="scavenge" contextid="1322" timestamp="2019-07-02T20:55:16.560">
  <attribute name="GC Util" value="0" />
  <attribute name="CPU Util" value="8" />
  <attribute name="Time Running"value="123773"/>
  <attribute name="Number of cores"value="4"/>
</cycle-end>
<allocation-satisfied id="1329" threadId="0000000002376F00" bytesRequested="24" />
<af-end id="1330" timestamp="2019-07-02T20:55:16.560" threadId="0000000002377888" success="true" from="nursery"/>
<exclusive-end id="1331" timestamp="2019-07-02T20:55:16.560" durationms="2.182" />

<exclusive-start id="1332" timestamp="2019-07-02T20:55:18.136" intervalms="1577.989">
  <response-info timems="0.031" idlems="0.031" threads="0" lastid="000000000234DC00" lastname="node-7" />
</exclusive-start>
<af-start id="1333" threadId="000000000234E588" totalBytesRequested="32" timestamp="2019-07-02T20:55:18.136" intervalms="1577.989" type="nursery" />
<cycle-start id="1334" type="scavenge" contextid="0" timestamp="2019-07-02T20:55:18.136" intervalms="1577.911" />
  <attribute name="GC Util" value="0" />
  <attribute name="CPU Util" value="8" />
  <attribute name="Time Running"value="123773"/>
  <attribute name="Number of cores"value="4"/>
<gc-start id="1335" type="scavenge" contextid="1334" timestamp="2019-07-02T20:55:18.136">
  <mem-info id="1336" free="3439528" total="13893632" percent="24">
    <mem type="nursery" free="0" total="3014656" percent="0">
      <mem type="allocate" free="0" total="2686976" percent="0" />
      <mem type="survivor" free="0" total="327680" percent="0" />
    </mem>
    <mem type="tenure" free="3439528" total="10878976" percent="31">
      <mem type="soa" free="2895784" total="10335232" percent="28" />
      <mem type="loa" free="543744" total="543744" percent="100" />
    </mem>
    <remembered-set count="405" />
  </mem-info>
</gc-start>
<allocation-stats totalBytes="2528480" >
  <allocated-bytes non-tlh="24" tlh="2528456" />
  <largest-consumer threadName="node-8" threadId="0000000002382300" bytes="143312" />
</allocation-stats>
<gc-op id="1337" type="scavenge" timems="0.827" contextid="1334" timestamp="2019-07-02T20:55:18.137">
  <scavenger-info tenureage="2" tenuremask="400c" tiltratio="89" />
  <memory-copied type="nursery" objects="2938" bytes="73960" bytesdiscarded="43544" />
  <memory-copied type="tenure" objects="2728" bytes="65472" bytesdiscarded="0" />
</gc-op>
<gc-end id="1338" type="scavenge" contextid="1334" durationms="1.196" usertimems="0.000" systemtimems="0.000" timestamp="2019-07-02T20:55:18.137" activeThreads="4">
  <mem-info id="1339" free="5930664" total="13893632" percent="42">
    <mem type="nursery" free="2569472" total="3014656" percent="85">
      <mem type="allocate" free="2569472" total="2686976" percent="95" />
      <mem type="survivor" free="0" total="327680" percent="0" />
    </mem>
    <mem type="tenure" free="3361192" total="10878976" percent="30" macro-fragmented="0">
      <mem type="soa" free="2817448" total="10335232" percent="27" />
      <mem type="loa" free="543744" total="543744" percent="100" />
    </mem>
    <remembered-set count="315" />
  </mem-info>
</gc-end>
<cycle-end id="1340" type="scavenge" contextid="1334" timestamp="2019-07-02T20:55:18.137">
  <attribute name="GC Util" value="0" />
  <attribute name="CPU Util" value="12" />
  <attribute name="Time Running"value="125351"/>
  <attribute name="Number of cores"value="4"/>
</cycle-end>
<allocation-satisfied id="1341" threadId="000000000234DC00" bytesRequested="32" />
<af-end id="1342" timestamp="2019-07-02T20:55:18.138" threadId="000000000234E588" success="true" from="nursery"/>
<exclusive-end id="1343" timestamp="2019-07-02T20:55:18.138" durationms="1.776" />

<exclusive-start id="1344" timestamp="2019-07-02T20:55:20.101" intervalms="1965.018">
  <response-info timems="0.378" idlems="0.197" threads="1" lastid="000000000233ED00" lastname="node-10" />
</exclusive-start>
<af-start id="1345" threadId="000000000235D588" totalBytesRequested="32" timestamp="2019-07-02T20:55:20.101" intervalms="1965.021" type="nursery" />
<cycle-start id="1346" type="scavenge" contextid="0" timestamp="2019-07-02T20:55:20.101" intervalms="1965.019" />
  <attribute name="GC Util" value="0" />
  <attribute name="CPU Util" value="12" />
  <attribute name="Time Running"value="125351"/>
  <attribute name="Number of cores"value="4"/>
<gc-start id="1347" type="scavenge" contextid="1346" timestamp="2019-07-02T20:55:20.101">
  <mem-info id="1348" free="3361192" total="13893632" percent="24">
    <mem type="nursery" free="0" total="3014656" percent="0">
      <mem type="allocate" free="0" total="2686976" percent="0" />
      <mem type="survivor" free="0" total="327680" percent="0" />
    </mem>
    <mem type="tenure" free="3361192" total="10878976" percent="30">
      <mem type="soa" free="2817448" total="10335232" percent="27" />
      <mem type="loa" free="543744" total="543744" percent="100" />
    </mem>
    <remembered-set count="390" />
  </mem-info>
</gc-start>
<allocation-stats totalBytes="2564664" >
  <allocated-bytes non-tlh="32" tlh="2564632" />
  <largest-consumer threadName="node-8" threadId="0000000002382300" bytes="143328" />
</allocation-stats>
<gc-op id="1349" type="scavenge" timems="1.262" contextid="1346" timestamp="2019-07-02T20:55:20.102">
  <scavenger-info tenureage="2" tenuremask="400c" tiltratio="89" />
  <memory-copied type="nursery" objects="2677" bytes="65960" bytesdiscarded="90712" />
  <memory-copied type="tenure" objects="1390" bytes="33360" bytesdiscarded="0" />
</gc-op>
<gc-end id="1350" type="scavenge" contextid="1346" durationms="1.502" usertimems="0.000" systemtimems="4.000" timestamp="2019-07-02T20:55:20.103" activeThreads="4">
  <mem-info id="1351" free="5852328" total="13893632" percent="42">
    <mem type="nursery" free="2530304" total="3014656" percent="83">
      <mem type="allocate" free="2530304" total="2686976" percent="94" />
      <mem type="survivor" free="0" total="327680" percent="0" />
    </mem>
    <mem type="tenure" free="3322024" total="10878976" percent="30" macro-fragmented="0">
      <mem type="soa" free="2778280" total="10335232" percent="26" />
      <mem type="loa" free="543744" total="543744" percent="100" />
    </mem>
    <remembered-set count="301" />
  </mem-info>
</gc-end>
<cycle-end id="1352" type="scavenge" contextid="1346" timestamp="2019-07-02T20:55:20.103">
  <attribute name="GC Util" value="0" />
  <attribute name="CPU Util" value="13" />
  <attribute name="Time Running"value="127316"/>
  <attribute name="Number of cores"value="4"/>
</cycle-end>
<allocation-satisfied id="1353" threadId="000000000235CC00" bytesRequested="32" />
<af-end id="1354" timestamp="2019-07-02T20:55:20.103" threadId="000000000235D588" success="true" from="nursery"/>
<exclusive-end id="1355" timestamp="2019-07-02T20:55:20.103" durationms="2.047" />

<exclusive-start id="1356" timestamp="2019-07-02T20:55:21.802" intervalms="1701.406">
  <response-info timems="0.071" idlems="0.071" threads="0" lastid="0000000002376F00" lastname="node-9" />
</exclusive-start>
<af-start id="1357" threadId="0000000002377888" totalBytesRequested="32" timestamp="2019-07-02T20:55:21.802" intervalms="1701.401" type="nursery" />
<cycle-start id="1358" type="scavenge" contextid="0" timestamp="2019-07-02T20:55:21.802" intervalms="1701.396" />
  <attribute name="GC Util" value="0" />
  <attribute name="CPU Util" value="13" />
  <attribute name="Time Running"value="127316"/>
  <attribute name="Number of cores"value="4"/>
<gc-start id="1359" type="scavenge" contextid="1358" timestamp="2019-07-02T20:55:21.802">
  <mem-info id="1360" free="3322024" total="13893632" percent="23">
    <mem type="nursery" free="0" total="3014656" percent="0">
      <mem type="allocate" free="0" total="2686976" percent="0" />
      <mem type="survivor" free="0" total="327680" percent="0" />
    </mem>
    <mem type="tenure" free="3322024" total="10878976" percent="30">
      <mem type="soa" free="2778280" total="10335232" percent="26" />
      <mem type="loa" free="543744" total="543744" percent="100" />
    </mem>
    <remembered-set count="386" />
  </mem-info>
</gc-start>
<allocation-stats totalBytes="2524792" >
  <allocated-bytes non-tlh="32" tlh="2524760" />
  <largest-consumer threadName="node-7" threadId="000000000234DC00" bytes="143288" />
</allocation-stats>
<gc-op id="1361" type="scavenge" timems="0.545" contextid="1358" timestamp="2019-07-02T20:55:21.803">
  <scavenger-info tenureage="2" tenuremask="4004" tiltratio="89" />
  <memory-copied type="nursery" objects="2395" bytes="59192" bytesdiscarded="97480" />
  <memory-copied type="tenure" objects="1403" bytes="33672" bytesdiscarded="0" />
</gc-op>
<gc-end id="1362" type="scavenge" contextid="1358" durationms="0.811" usertimems="0.000" systemtimems="4.000" timestamp="2019-07-02T20:55:21.803" activeThreads="4">
  <mem-info id="1363" free="5813160" total="13893632" percent="41">
    <mem type="nursery" free="2530304" total="3014656" percent="83">
      <mem type="allocate" free="2530304" total="2686976" percent="94" />
      <mem type="survivor" free="0" total="327680" percent="0" />
    </mem>
    <mem type="tenure" free="3282856" total="10878976" percent="30" macro-fragmented="0">
      <mem type="soa" free="2739112" total="10335232" percent="26" />
      <mem type="loa" free="543744" total="543744" percent="100" />
    </mem>
    <remembered-set count="311" />
  </mem-info>
</gc-end>
<cycle-end id="1364" type="scavenge" contextid="1358" timestamp="2019-07-02T20:55:21.803">
  <attribute name="GC Util" value="0" />
  <attribute name="CPU Util" value="18" />
  <attribute name="Time Running"value="129017"/>
  <attribute name="Number of cores"value="4"/>
</cycle-end>
<allocation-satisfied id="1365" threadId="0000000002376F00" bytesRequested="32" />
<af-end id="1366" timestamp="2019-07-02T20:55:21.804" threadId="0000000002377888" success="true" from="nursery"/>
<exclusive-end id="1367" timestamp="2019-07-02T20:55:21.804" durationms="1.327" />

<exclusive-start id="1368" timestamp="2019-07-02T20:55:23.310" intervalms="1507.674">
  <response-info timems="0.057" idlems="0.029" threads="2" lastid="000000000236BC00" lastname="node-4" />
</exclusive-start>
<af-start id="1369" threadId="000000000234E588" totalBytesRequested="32" timestamp="2019-07-02T20:55:23.310" intervalms="1507.675" type="nursery" />
<cycle-start id="1370" type="scavenge" contextid="0" timestamp="2019-07-02T20:55:23.310" intervalms="1507.671" />
  <attribute name="GC Util" value="0" />
  <attribute name="CPU Util" value="18" />
  <attribute name="Time Running"value="129017"/>
  <attribute name="Number of cores"value="4"/>
<gc-start id="1371" type="scavenge" contextid="1370" timestamp="2019-07-02T20:55:23.310">
  <mem-info id="1372" free="3282856" total="13893632" percent="23">
    <mem type="nursery" free="0" total="3014656" percent="0">
      <mem type="allocate" free="0" total="2686976" percent="0" />
      <mem type="survivor" free="0" total="327680" percent="0" />
    </mem>
    <mem type="tenure" free="3282856" total="10878976" percent="30">
      <mem type="soa" free="2739112" total="10335232" percent="26" />
      <mem type="loa" free="543744" total="543744" percent="100" />
    </mem>
    <remembered-set count="384" />
  </mem-info>
</gc-start>
<allocation-stats totalBytes="2529440" >
  <allocated-bytes non-tlh="32" tlh="2529408" />
  <largest-consumer threadName="node-6" threadId="0000000002385F00" bytes="143344" />
</allocation-stats>
<gc-op id="1373" type="scavenge" timems="1.186" contextid="1370" timestamp="2019-07-02T20:55:23.311">
  <scavenger-info tenureage="2" tenuremask="4004" tiltratio="89" />
  <memory-copied type="nursery" objects="2883" bytes="72048" bytesdiscarded="84624" />
  <memory-copied type="tenure" objects="1134" bytes="27216" bytesdiscarded="0" />
</gc-op>
<gc-end id="1374" type="scavenge" contextid="1370" durationms="1.364" usertimems="0.000" systemtimems="0.000" timestamp="2019-07-02T20:55:23.311" activeThreads="4">
  <mem-info id="1375" free="5773992" total="13893632" percent="41">
    <mem type="nursery" free="2530304" total="3014656" percent="83">
      <mem type="allocate" free="2530304" total="2686976" percent="94" />
      <mem type="survivor" free="0" total="327680" percent="0" />
    </mem>
    <mem type="tenure" free="3243688" total="10878976" percent="29" macro-fragmented="0">
      <mem type="soa" free="2699944" total="10335232" percent="26" />
      <mem type="loa" free="543744" total="543744" percent="100" />
    </mem>
    <remembered-set count="313" />
  </mem-info>
</gc-end>
<cycle-end id="1376" type="scavenge" contextid="1370" timestamp="2019-07-02T20:55:23.312">
  <attribute name="GC Util" value="0" />
  <attribute name="CPU Util" value="10" />
  <attribute name="Time Running"value="130525"/>
  <attribute name="Number of cores"value="4"/>
</cycle-end>
<allocation-satisfied id="1377" threadId="000000000234DC00" bytesRequested="32" />
<af-end id="1378" timestamp="2019-07-02T20:55:23.312" threadId="000000000234E588" success="true" from="nursery"/>
<exclusive-end id="1379" timestamp="2019-07-02T20:55:23.312" durationms="1.797" />

<exclusive-start id="1380" timestamp="2019-07-02T20:55:25.031" intervalms="1720.805">
  <response-info timems="0.029" idlems="0.029" threads="0" lastid="000000000234DC00" lastname="node-7" />
</exclusive-start>
<af-start id="1381" threadId="000000000234E588" totalBytesRequested="32" timestamp="2019-07-02T20:55:25.031" intervalms="1720.921" type="nursery" />
<cycle-start id="1382" type="scavenge" contextid="0" timestamp="2019-07-02T20:55:25.031" intervalms="1720.926" />
  <attribute name="GC Util" value="0" />
  <attribute name="CPU Util" value="10" />
  <attribute name="Time Running"value="130525"/>
  <attribute name="Number of cores"value="4"/>
<gc-start id="1383" type="scavenge" contextid="1382" timestamp="2019-07-02T20:55:25.031">
  <mem-info id="1384" free="3243688" total="13893632" percent="23">
    <mem type="nursery" free="0" total="3014656" percent="0">
      <mem type="allocate" free="0" total="2686976" percent="0" />
      <mem type="survivor" free="0" total="327680" percent="0" />
    </mem>
    <mem type="tenure" free="3243688" total="10878976" percent="29">
      <mem type="soa" free="2699944" total="10335232" percent="26" />
      <mem type="loa" free="543744" total="543744" percent="100" />
    </mem>
    <remembered-set count="385" />
  </mem-info>
</gc-start>
<allocation-stats totalBytes="2526864" >
  <allocated-bytes non-tlh="32" tlh="2526832" />
  <largest-consumer threadName="node-9" threadId="0000000002376F00" bytes="143336" />
</allocation-stats>
<gc-op id="1385" type="scavenge" timems="0.402" contextid="1382" timestamp="2019-07-02T20:55:25.032">
  <scavenger-info tenureage="2" tenuremask="4004" tiltratio="89" />
  <memory-copied type="nursery" objects="3060" bytes="76304" bytesdiscarded="80368" />
  <memory-copied type="tenure" objects="1121" bytes="26904" bytesdiscarded="0" />
</gc-op>
<gc-end id="1386" type="scavenge" contextid="1382" durationms="0.607" usertimems="0.000" systemtimems="0.000" timestamp="2019-07-02T20:55:25.032" activeThreads="4">
  <mem-info id="1387" free="5773992" total="13893632" percent="41">
    <mem type="nursery" free="2530304" total="3014656" percent="83">
      <mem type="allocate" free="2530304" total="2686976" percent="94" />
      <mem type="survivor" free="0" total="327680" percent="0" />
    </mem>
    <mem type="tenure" free="3243688" total="10878976" percent="29" macro-fragmented="0">
      <mem type="soa" free="2699944" total="10335232" percent="26" />
      <mem type="loa" free="543744" total="543744" percent="100" />
    </mem>
    <remembered-set count="315" />
  </mem-info>
</gc-end>
<cycle-end id="1388" type="scavenge" contextid="1382" timestamp="2019-07-02T20:55:25.032">
  <attribute name="GC Util" value="0" />
  <attribute name="CPU Util" value="10" />
  <attribute name="Time Running"value="132246"/>
  <attribute name="Number of cores"value="4"/>
</cycle-end>
<allocation-satisfied id="1389" threadId="000000000234DC00" bytesRequested="32" />
<af-end id="1390" timestamp="2019-07-02T20:55:25.032" threadId="000000000234E588" success="true" from="nursery"/>
<exclusive-end id="1391" timestamp="2019-07-02T20:55:25.032" durationms="1.193" />

<exclusive-start id="1392" timestamp="2019-07-02T20:55:26.818" intervalms="1787.500">
  <response-info timems="0.094" idlems="0.049" threads="1" lastid="000000000237AB00" lastname="node-20" />
</exclusive-start>
<af-start id="1393" threadId="000000000234E588" totalBytesRequested="32" timestamp="2019-07-02T20:55:26.818" intervalms="1787.461" type="nursery" />
<cycle-start id="1394" type="scavenge" contextid="0" timestamp="2019-07-02T20:55:26.819" intervalms="1787.566" />
  <attribute name="GC Util" value="0" />
  <attribute name="CPU Util" value="10" />
  <attribute name="Time Running"value="132246"/>
  <attribute name="Number of cores"value="4"/>
<gc-start id="1395" type="scavenge" contextid="1394" timestamp="2019-07-02T20:55:26.819">
  <mem-info id="1396" free="3243688" total="13893632" percent="23">
    <mem type="nursery" free="0" total="3014656" percent="0">
      <mem type="allocate" free="0" total="2686976" percent="0" />
      <mem type="survivor" free="0" total="327680" percent="0" />
    </mem>
    <mem type="tenure" free="3243688" total="10878976" percent="29">
      <mem type="soa" free="2699944" total="10335232" percent="26" />
      <mem type="loa" free="543744" total="543744" percent="100" />
    </mem>
    <remembered-set count="388" />
  </mem-info>
</gc-start>
<allocation-stats totalBytes="2529328" >
  <allocated-bytes non-tlh="32" tlh="2529296" />
  <largest-consumer threadName="node-8" threadId="0000000002382300" bytes="143320" />
</allocation-stats>
<gc-op id="1397" type="scavenge" timems="0.489" contextid="1394" timestamp="2019-07-02T20:55:26.820">
  <scavenger-info tenureage="2" tenuremask="4004" tiltratio="89" />
  <memory-copied type="nursery" objects="3002" bytes="71128" bytesdiscarded="46376" />
  <memory-copied type="tenure" objects="1616" bytes="38784" bytesdiscarded="0" />
</gc-op>
<gc-end id="1398" type="scavenge" contextid="1394" durationms="0.996" usertimems="0.000" systemtimems="0.000" timestamp="2019-07-02T20:55:26.820" activeThreads="4">
  <mem-info id="1399" free="5773992" total="13893632" percent="41">
    <mem type="nursery" free="2569472" total="3014656" percent="85">
      <mem type="allocate" free="2569472" total="2686976" percent="95" />
      <mem type="survivor" free="0" total="327680" percent="0" />
    </mem>
    <mem type="tenure" free="3204520" total="10878976" percent="29" macro-fragmented="0">
      <mem type="soa" free="2660776" total="10335232" percent="25" />
      <mem type="loa" free="543744" total="543744" percent="100" />
    </mem>
    <remembered-set count="291" />
  </mem-info>
</gc-end>
<cycle-end id="1400" type="scavenge" contextid="1394" timestamp="2019-07-02T20:55:26.820">
  <attribute name="GC Util" value="0" />
  <attribute name="CPU Util" value="16" />
  <attribute name="Time Running"value="134034"/>
  <attribute name="Number of cores"value="4"/>
</cycle-end>
<allocation-satisfied id="1401" threadId="000000000234DC00" bytesRequested="32" />
<af-end id="1402" timestamp="2019-07-02T20:55:26.820" threadId="000000000234E588" success="true" from="nursery"/>
<exclusive-end id="1403" timestamp="2019-07-02T20:55:26.820" durationms="2.079" />

<exclusive-start id="1404" timestamp="2019-07-02T20:55:28.451" intervalms="1632.760">
  <response-info timems="0.030" idlems="0.030" threads="0" lastid="0000000002355400" lastname="node-5" />
</exclusive-start>
<af-start id="1405" threadId="0000000002355D88" totalBytesRequested="16" timestamp="2019-07-02T20:55:28.451" intervalms="1632.674" type="nursery" />
<cycle-start id="1406" type="scavenge" contextid="0" timestamp="2019-07-02T20:55:28.451" intervalms="1632.568" />
  <attribute name="GC Util" value="0" />
  <attribute name="CPU Util" value="16" />
  <attribute name="Time Running"value="134034"/>
  <attribute name="Number of cores"value="4"/>
<gc-start id="1407" type="scavenge" contextid="1406" timestamp="2019-07-02T20:55:28.451">
  <mem-info id="1408" free="3204520" total="13893632" percent="23">
    <mem type="nursery" free="0" total="3014656" percent="0">
      <mem type="allocate" free="0" total="2686976" percent="0" />
      <mem type="survivor" free="0" total="327680" percent="0" />
    </mem>
    <mem type="tenure" free="3204520" total="10878976" percent="29">
      <mem type="soa" free="2660776" total="10335232" percent="25" />
      <mem type="loa" free="543744" total="543744" percent="100" />
    </mem>
    <remembered-set count="391" />
  </mem-info>
</gc-start>
<allocation-stats totalBytes="2567544" >
  <allocated-bytes non-tlh="32" tlh="2567512" />
  <largest-consumer threadName="node-7" threadId="000000000234DC00" bytes="143360" />
</allocation-stats>
<gc-op id="1409" type="scavenge" timems="0.444" contextid="1406" timestamp="2019-07-02T20:55:28.452">
  <scavenger-info tenureage="2" tenuremask="4004" tiltratio="89" />
  <memory-copied type="nursery" objects="3812" bytes="99760" bytesdiscarded="96080" />
  <memory-copied type="tenure" objects="1299" bytes="31176" bytesdiscarded="0" />
</gc-op>
<gc-end id="1410" type="scavenge" contextid="1406" durationms="0.601" usertimems="0.000" systemtimems="0.000" timestamp="2019-07-02T20:55:28.452" activeThreads="4">
  <mem-info id="1411" free="5656488" total="13893632" percent="40">
    <mem type="nursery" free="2491136" total="3014656" percent="82">
      <mem type="allocate" free="2491136" total="2686976" percent="92" />
      <mem type="survivor" free="0" total="327680" percent="0" />
    </mem>
    <mem type="tenure" free="3165352" total="10878976" percent="29" macro-fragmented="0">
      <mem type="soa" free="2621608" total="10335232" percent="25" />
      <mem type="loa" free="543744" total="543744" percent="100" />
    </mem>
    <remembered-set count="318" />
  </mem-info>
</gc-end>
<cycle-end id="1412" type="scavenge" contextid="1406" timestamp="2019-07-02T20:55:28.452">
  <attribute name="GC Util" value="0" />
  <attribute name="CPU Util" value="22" />
  <attribute name="Time Running"value="135666"/>
  <attribute name="Number of cores"value="4"/>
</cycle-end>
<allocation-satisfied id="1413" threadId="0000000002355400" bytesRequested="16" />
<af-end id="1414" timestamp="2019-07-02T20:55:28.452" threadId="0000000002355D88" success="true" from="nursery"/>
<exclusive-end id="1415" timestamp="2019-07-02T20:55:28.452" durationms="0.992" />

<exclusive-start id="1416" timestamp="2019-07-02T20:55:30.133" intervalms="1682.050">
  <response-info timems="0.030" idlems="0.030" threads="0" lastid="0000000002382300" lastname="node-8" />
</exclusive-start>
<af-start id="1417" threadId="0000000002382C88" totalBytesRequested="24" timestamp="2019-07-02T20:55:30.133" intervalms="1682.032" type="nursery" />
<cycle-start id="1418" type="scavenge" contextid="0" timestamp="2019-07-02T20:55:30.133" intervalms="1682.044" />
  <attribute name="GC Util" value="0" />
  <attribute name="CPU Util" value="22" />
  <attribute name="Time Running"value="135666"/>
  <attribute name="Number of cores"value="4"/>
<gc-start id="1419" type="scavenge" contextid="1418" timestamp="2019-07-02T20:55:30.133">
  <mem-info id="1420" free="3165352" total="13893632" percent="22">
    <mem type="nursery" free="0" total="3014656" percent="0">
      <mem type="allocate" free="0" total="2686976" percent="0" />
      <mem type="survivor" free="0" total="327680" percent="0" />
    </mem>
    <mem type="tenure" free="3165352" total="10878976" percent="29">
      <mem type="soa" free="2621608" total="10335232" percent="25" />
      <mem type="loa" free="543744" total="543744" percent="100" />
    </mem>
    <remembered-set count="390" />
  </mem-info>
</gc-start>
<allocation-stats totalBytes="2488904" >
  <allocated-bytes non-tlh="16" tlh="2488888" />
  <largest-consumer threadName="node-7" threadId="000000000234DC00" bytes="143336" />
</allocation-stats>
<gc-op id="1421" type="scavenge" timems="1.176" contextid="1418" timestamp="2019-07-02T20:55:30.135">
  <scavenger-info tenureage="2" tenuremask="4004" tiltratio="89" />
  <memory-copied type="nursery" objects="3484" bytes="87032" bytesdiscarded="108808" />
  <memory-copied type="tenure" objects="1588" bytes="38112" bytesdiscarded="0" />
</gc-op>
<gc-end id="1422" type="scavenge" contextid="1418" durationms="1.367" usertimems="0.000" systemtimems="4.000" timestamp="2019-07-02T20:55:30.135" activeThreads="4">
  <mem-info id="1423" free="5617320" total="13893632" percent="40">
    <mem type="nursery" free="2491136" total="3014656" percent="82">
      <mem type="allocate" free="2491136" total="2686976" percent="92" />
      <mem type="survivor" free="0" total="327680" percent="0" />
    </mem>
    <mem type="tenure" free="3126184" total="10878976" percent="28" macro-fragmented="0">
      <mem type="soa" free="2582440" total="10335232" percent="24" />
      <mem type="loa" free="543744" total="543744" percent="100" />
    </mem>
    <remembered-set count="316" />
  </mem-info>
</gc-end>
<cycle-end id="1424" type="scavenge" contextid="1418" timestamp="2019-07-02T20:55:30.135">
  <attribute name="GC Util" value="0" />
  <attribute name="CPU Util" value="8" />
  <attribute name="Time Running"value="137348"/>
  <attribute name="Number of cores"value="4"/>
</cycle-end>
<allocation-satisfied id="1425" threadId="0000000002382300" bytesRequested="24" />
<af-end id="1426" timestamp="2019-07-02T20:55:30.135" threadId="0000000002382C88" success="true" from="nursery"/>
<exclusive-end id="1427" timestamp="2019-07-02T20:55:30.135" durationms="1.840" />

<exclusive-start id="1428" timestamp="2019-07-02T20:55:31.626" intervalms="1492.484">
  <response-info timems="0.033" idlems="0.033" threads="0" lastid="0000000002382300" lastname="node-8" />
</exclusive-start>
<af-start id="1429" threadId="0000000002382C88" totalBytesRequested="24" timestamp="2019-07-02T20:55:31.626" intervalms="1492.513" type="nursery" />
<cycle-start id="1430" type="scavenge" contextid="0" timestamp="2019-07-02T20:55:31.626" intervalms="1492.495" />
  <attribute name="GC Util" value="0" />
  <attribute name="CPU Util" value="8" />
  <attribute name="Time Running"value="137348"/>
  <attribute name="Number of cores"value="4"/>
<gc-start id="1431" type="scavenge" contextid="1430" timestamp="2019-07-02T20:55:31.626">
  <mem-info id="1432" free="3126184" total="13893632" percent="22">
    <mem type="nursery" free="0" total="3014656" percent="0">
      <mem type="allocate" free="0" total="2686976" percent="0" />
      <mem type="survivor" free="0" total="327680" percent="0" />
    </mem>
    <mem type="tenure" free="3126184" total="10878976" percent="28">
      <mem type="soa" free="2582440" total="10335232" percent="24" />
      <mem type="loa" free="543744" total="543744" percent="100" />
    </mem>
    <remembered-set count="390" />
  </mem-info>
</gc-start>
<allocation-stats totalBytes="2483504" >
  <allocated-bytes non-tlh="24" tlh="2483480" />
  <largest-consumer threadName="node-9" threadId="0000000002376F00" bytes="135248" />
</allocation-stats>
<gc-op id="1433" type="scavenge" timems="1.168" contextid="1430" timestamp="2019-07-02T20:55:31.627">
  <scavenger-info tenureage="2" tenuremask="4004" tiltratio="89" />
  <memory-copied type="nursery" objects="2678" bytes="65992" bytesdiscarded="90680" />
  <memory-copied type="tenure" objects="2057" bytes="49368" bytesdiscarded="0" />
</gc-op>
<gc-end id="1434" type="scavenge" contextid="1430" durationms="1.404" usertimems="4.000" systemtimems="0.000" timestamp="2019-07-02T20:55:31.627" activeThreads="4">
  <mem-info id="1435" free="5578152" total="13893632" percent="40">
    <mem type="nursery" free="2530304" total="3014656" percent="83">
      <mem type="allocate" free="2530304" total="2686976" percent="94" />
      <mem type="survivor" free="0" total="327680" percent="0" />
    </mem>
    <mem type="tenure" free="3047848" total="10878976" percent="28" macro-fragmented="0">
      <mem type="soa" free="2504104" total="10335232" percent="24" />
      <mem type="loa" free="543744" total="543744" percent="100" />
    </mem>
    <remembered-set count="310" />
  </mem-info>
</gc-end>
<cycle-end id="1436" type="scavenge" contextid="1430" timestamp="2019-07-02T20:55:31.627">
  <attribute name="GC Util" value="0" />
  <attribute name="CPU Util" value="13" />
  <attribute name="Time Running"value="138840"/>
  <attribute name="Number of cores"value="4"/>
</cycle-end>
<allocation-satisfied id="1437" threadId="0000000002382300" bytesRequested="24" />
<af-end id="1438" timestamp="2019-07-02T20:55:31.627" threadId="0000000002382C88" success="true" from="nursery"/>
<exclusive-end id="1439" timestamp="2019-07-02T20:55:31.627" durationms="1.901" />

<exclusive-start id="1440" timestamp="2019-07-02T20:55:33.457" intervalms="1831.193">
  <response-info timems="0.037" idlems="0.037" threads="0" lastid="0000000002351800" lastname="node-11" />
</exclusive-start>
<af-start id="1441" threadId="0000000002352188" totalBytesRequested="432" timestamp="2019-07-02T20:55:33.458" intervalms="1832.312" type="nursery" />
<cycle-start id="1442" type="scavenge" contextid="0" timestamp="2019-07-02T20:55:33.458" intervalms="1832.401" />
  <attribute name="GC Util" value="0" />
  <attribute name="CPU Util" value="13" />
  <attribute name="Time Running"value="138840"/>
  <attribute name="Number of cores"value="4"/>
<gc-start id="1443" type="scavenge" contextid="1442" timestamp="2019-07-02T20:55:33.458">
  <mem-info id="1444" free="3047848" total="13893632" percent="21">
    <mem type="nursery" free="0" total="3014656" percent="0">
      <mem type="allocate" free="0" total="2686976" percent="0" />
      <mem type="survivor" free="0" total="327680" percent="0" />
    </mem>
    <mem type="tenure" free="3047848" total="10878976" percent="28">
      <mem type="soa" free="2504104" total="10335232" percent="24" />
      <mem type="loa" free="543744" total="543744" percent="100" />
    </mem>
    <remembered-set count="386" />
  </mem-info>
</gc-start>
<allocation-stats totalBytes="2525136" >
  <allocated-bytes non-tlh="24" tlh="2525112" />
  <largest-consumer threadName="node-8" threadId="0000000002382300" bytes="143384" />
</allocation-stats>
<gc-op id="1445" type="scavenge" timems="0.740" contextid="1442" timestamp="2019-07-02T20:55:33.459">
  <scavenger-info tenureage="2" tenuremask="4004" tiltratio="89" />
  <memory-copied type="nursery" objects="2700" bytes="65184" bytesdiscarded="52320" />
  <memory-copied type="tenure" objects="1281" bytes="30744" bytesdiscarded="0" />
</gc-op>
<gc-end id="1446" type="scavenge" contextid="1442" durationms="1.349" usertimems="0.000" systemtimems="0.000" timestamp="2019-07-02T20:55:33.460" activeThreads="4">
  <mem-info id="1447" free="5578152" total="13893632" percent="40">
    <mem type="nursery" free="2569472" total="3014656" percent="85">
      <mem type="allocate" free="2569472" total="2686976" percent="95" />
      <mem type="survivor" free="0" total="327680" percent="0" />
    </mem>
    <mem type="tenure" free="3008680" total="10878976" percent="27" macro-fragmented="0">
      <mem type="soa" free="2464936" total="10335232" percent="23" />
      <mem type="loa" free="543744" total="543744" percent="100" />
    </mem>
    <remembered-set count="293" />
  </mem-info>
</gc-end>
<cycle-end id="1448" type="scavenge" contextid="1442" timestamp="2019-07-02T20:55:33.460">
  <attribute name="GC Util" value="0" />
  <attribute name="CPU Util" value="12" />
  <attribute name="Time Running"value="140673"/>
  <attribute name="Number of cores"value="4"/>
</cycle-end>
<allocation-satisfied id="1449" threadId="0000000002351800" bytesRequested="432" />
<af-end id="1450" timestamp="2019-07-02T20:55:33.460" threadId="0000000002352188" success="true" from="nursery"/>
<exclusive-end id="1451" timestamp="2019-07-02T20:55:33.460" durationms="3.391" />

<exclusive-start id="1452" timestamp="2019-07-02T20:55:35.293" intervalms="1836.714">
  <response-info timems="0.031" idlems="0.031" threads="0" lastid="000000000235CC00" lastname="node-19" />
</exclusive-start>
<af-start id="1453" threadId="000000000235D588" totalBytesRequested="32" timestamp="2019-07-02T20:55:35.294" intervalms="1835.663" type="nursery" />
<cycle-start id="1454" type="scavenge" contextid="0" timestamp="2019-07-02T20:55:35.294" intervalms="1835.658" />
  <attribute name="GC Util" value="0" />
  <attribute name="CPU Util" value="12" />
  <attribute name="Time Running"value="140673"/>
  <attribute name="Number of cores"value="4"/>
<gc-start id="1455" type="scavenge" contextid="1454" timestamp="2019-07-02T20:55:35.294">
  <mem-info id="1456" free="3008680" total="13893632" percent="21">
    <mem type="nursery" free="0" total="3014656" percent="0">
      <mem type="allocate" free="0" total="2686976" percent="0" />
      <mem type="survivor" free="0" total="327680" percent="0" />
    </mem>
    <mem type="tenure" free="3008680" total="10878976" percent="27">
      <mem type="soa" free="2464936" total="10335232" percent="23" />
      <mem type="loa" free="543744" total="543744" percent="100" />
    </mem>
    <remembered-set count="388" />
  </mem-info>
</gc-start>
<allocation-stats totalBytes="2562400" >
  <allocated-bytes non-tlh="432" tlh="2561968" />
  <largest-consumer threadName="node-7" threadId="000000000234DC00" bytes="142560" />
</allocation-stats>
<gc-op id="1457" type="scavenge" timems="0.460" contextid="1454" timestamp="2019-07-02T20:55:35.295">
  <scavenger-info tenureage="2" tenuremask="4004" tiltratio="89" />
  <memory-copied type="nursery" objects="2688" bytes="67376" bytesdiscarded="50128" />
  <memory-copied type="tenure" objects="1256" bytes="30144" bytesdiscarded="0" />
</gc-op>
<gc-end id="1458" type="scavenge" contextid="1454" durationms="0.793" usertimems="0.000" systemtimems="0.000" timestamp="2019-07-02T20:55:35.295" activeThreads="4">
  <mem-info id="1459" free="5538984" total="13893632" percent="39">
    <mem type="nursery" free="2569472" total="3014656" percent="85">
      <mem type="allocate" free="2569472" total="2686976" percent="95" />
      <mem type="survivor" free="0" total="327680" percent="0" />
    </mem>
    <mem type="tenure" free="2969512" total="10878976" percent="27" macro-fragmented="0">
      <mem type="soa" free="2425768" total="10335232" percent="23" />
      <mem type="loa" free="543744" total="543744" percent="100" />
    </mem>
    <remembered-set count="316" />
  </mem-info>
</gc-end>
<cycle-end id="1460" type="scavenge" contextid="1454" timestamp="2019-07-02T20:55:35.295">
  <attribute name="GC Util" value="0" />
  <attribute name="CPU Util" value="14" />
  <attribute name="Time Running"value="142509"/>
  <attribute name="Number of cores"value="4"/>
</cycle-end>
<allocation-satisfied id="1461" threadId="000000000235CC00" bytesRequested="32" />
<af-end id="1462" timestamp="2019-07-02T20:55:35.295" threadId="000000000235D588" success="true" from="nursery"/>
<exclusive-end id="1463" timestamp="2019-07-02T20:55:35.295" durationms="1.574" />

<exclusive-start id="1464" timestamp="2019-07-02T20:55:36.872" intervalms="1578.970">
  <response-info timems="0.033" idlems="0.033" threads="0" lastid="0000000002342900" lastname="node-23" />
</exclusive-start>
<af-start id="1465" threadId="0000000002343288" totalBytesRequested="24" timestamp="2019-07-02T20:55:36.872" intervalms="1578.893" type="nursery" />
<cycle-start id="1466" type="scavenge" contextid="0" timestamp="2019-07-02T20:55:36.873" intervalms="1578.815" />
  <attribute name="GC Util" value="0" />
  <attribute name="CPU Util" value="14" />
  <attribute name="Time Running"value="142509"/>
  <attribute name="Number of cores"value="4"/>
<gc-start id="1467" type="scavenge" contextid="1466" timestamp="2019-07-02T20:55:36.873">
  <mem-info id="1468" free="2969512" total="13893632" percent="21">
    <mem type="nursery" free="0" total="3014656" percent="0">
      <mem type="allocate" free="0" total="2686976" percent="0" />
      <mem type="survivor" free="0" total="327680" percent="0" />
    </mem>
    <mem type="tenure" free="2969512" total="10878976" percent="27">
      <mem type="soa" free="2425768" total="10335232" percent="23" />
      <mem type="loa" free="543744" total="543744" percent="100" />
    </mem>
    <remembered-set count="390" />
  </mem-info>
</gc-start>
<allocation-stats totalBytes="2567976" >
  <allocated-bytes non-tlh="32" tlh="2567944" />
  <largest-consumer threadName="node-8" threadId="0000000002382300" bytes="143328" />
</allocation-stats>
<gc-op id="1469" type="scavenge" timems="0.404" contextid="1466" timestamp="2019-07-02T20:55:36.873">
  <scavenger-info tenureage="2" tenuremask="4004" tiltratio="89" />
  <memory-copied type="nursery" objects="2881" bytes="73288" bytesdiscarded="83384" />
  <memory-copied type="tenure" objects="1320" bytes="31680" bytesdiscarded="0" />
</gc-op>
<gc-end id="1470" type="scavenge" contextid="1466" durationms="0.558" usertimems="0.000" systemtimems="0.000" timestamp="2019-07-02T20:55:36.873" activeThreads="4">
  <mem-info id="1471" free="5460648" total="13893632" percent="39">
    <mem type="nursery" free="2530304" total="3014656" percent="83">
      <mem type="allocate" free="2530304" total="2686976" percent="94" />
      <mem type="survivor" free="0" total="327680" percent="0" />
    </mem>
    <mem type="tenure" free="2930344" total="10878976" percent="26" macro-fragmented="0">
      <mem type="soa" free="2386600" total="10335232" percent="23" />
      <mem type="loa" free="543744" total="543744" percent="100" />
    </mem>
    <remembered-set count="313" />
  </mem-info>
</gc-end>
<cycle-end id="1472" type="scavenge" contextid="1466" timestamp="2019-07-02T20:55:36.873">
  <attribute name="GC Util" value="0" />
  <attribute name="CPU Util" value="8" />
  <attribute name="Time Running"value="144087"/>
  <attribute name="Number of cores"value="4"/>
</cycle-end>
<allocation-satisfied id="1473" threadId="0000000002342900" bytesRequested="24" />
<af-end id="1474" timestamp="2019-07-02T20:55:36.873" threadId="0000000002343288" success="true" from="nursery"/>
<exclusive-end id="1475" timestamp="2019-07-02T20:55:36.873" durationms="1.099" />

<exclusive-start id="1476" timestamp="2019-07-02T20:55:38.194" intervalms="1321.589">
  <response-info timems="0.030" idlems="0.030" threads="0" lastid="000000000234DC00" lastname="node-7" />
</exclusive-start>
<af-start id="1477" threadId="000000000234E588" totalBytesRequested="384" timestamp="2019-07-02T20:55:38.194" intervalms="1321.589" type="nursery" />
<cycle-start id="1478" type="scavenge" contextid="0" timestamp="2019-07-02T20:55:38.194" intervalms="1321.589" />
  <attribute name="GC Util" value="0" />
  <attribute name="CPU Util" value="8" />
  <attribute name="Time Running"value="144087"/>
  <attribute name="Number of cores"value="4"/>
<gc-start id="1479" type="scavenge" contextid="1478" timestamp="2019-07-02T20:55:38.194">
  <mem-info id="1480" free="2930344" total="13893632" percent="21">
    <mem type="nursery" free="0" total="3014656" percent="0">
      <mem type="allocate" free="0" total="2686976" percent="0" />
      <mem type="survivor" free="0" total="327680" percent="0" />
    </mem>
    <mem type="tenure" free="2930344" total="10878976" percent="26">
      <mem type="soa" free="2386600" total="10335232" percent="23" />
      <mem type="loa" free="543744" total="543744" percent="100" />
    </mem>
    <remembered-set count="386" />
  </mem-info>
</gc-start>
<allocation-stats totalBytes="2521176" >
  <allocated-bytes non-tlh="24" tlh="2521152" />
  <largest-consumer threadName="node-3" threadId="0000000002360800" bytes="129104" />
</allocation-stats>
<gc-op id="1481" type="scavenge" timems="0.400" contextid="1478" timestamp="2019-07-02T20:55:38.195">
  <scavenger-info tenureage="2" tenuremask="4004" tiltratio="89" />
  <memory-copied type="nursery" objects="2973" bytes="71424" bytesdiscarded="85248" />
  <memory-copied type="tenure" objects="1223" bytes="29352" bytesdiscarded="0" />
</gc-op>
<gc-end id="1482" type="scavenge" contextid="1478" durationms="0.563" usertimems="0.000" systemtimems="0.000" timestamp="2019-07-02T20:55:38.195" activeThreads="4">
  <mem-info id="1483" free="5421480" total="13893632" percent="39">
    <mem type="nursery" free="2530304" total="3014656" percent="83">
      <mem type="allocate" free="2530304" total="2686976" percent="94" />
      <mem type="survivor" free="0" total="327680" percent="0" />
    </mem>
    <mem type="tenure" free="2891176" total="10878976" percent="26" macro-fragmented="0">
      <mem type="soa" free="2347432" total="10335232" percent="22" />
      <mem type="loa" free="543744" total="543744" percent="100" />
    </mem>
    <remembered-set count="288" />
  </mem-info>
</gc-end>
<cycle-end id="1484" type="scavenge" contextid="1478" timestamp="2019-07-02T20:55:38.195">
  <attribute name="GC Util" value="0" />
  <attribute name="CPU Util" value="17" />
  <attribute name="Time Running"value="145409"/>
  <attribute name="Number of cores"value="4"/>
</cycle-end>
<allocation-satisfied id="1485" threadId="000000000234DC00" bytesRequested="384" />
<af-end id="1486" timestamp="2019-07-02T20:55:38.195" threadId="000000000234E588" success="true" from="nursery"/>
<exclusive-end id="1487" timestamp="2019-07-02T20:55:38.195" durationms="0.945" />

<exclusive-start id="1488" timestamp="2019-07-02T20:55:39.916" intervalms="1722.282">
  <response-info timems="0.031" idlems="0.031" threads="0" lastid="0000000002351800" lastname="node-11" />
</exclusive-start>
<af-start id="1489" threadId="0000000002352188" totalBytesRequested="720" timestamp="2019-07-02T20:55:39.916" intervalms="1722.295" type="nursery" />
<cycle-start id="1490" type="scavenge" contextid="0" timestamp="2019-07-02T20:55:39.916" intervalms="1722.310" />
  <attribute name="GC Util" value="0" />
  <attribute name="CPU Util" value="17" />
  <attribute name="Time Running"value="145409"/>
  <attribute name="Number of cores"value="4"/>
<gc-start id="1491" type="scavenge" contextid="1490" timestamp="2019-07-02T20:55:39.917">
  <mem-info id="1492" free="2891176" total="13893632" percent="20">
    <mem type="nursery" free="0" total="3014656" percent="0">
      <mem type="allocate" free="0" total="2686976" percent="0" />
      <mem type="survivor" free="0" total="327680" percent="0" />
    </mem>
    <mem type="tenure" free="2891176" total="10878976" percent="26">
      <mem type="soa" free="2347432" total="10335232" percent="22" />
      <mem type="loa" free="543744" total="543744" percent="100" />
    </mem>
    <remembered-set count="385" />
  </mem-info>
</gc-start>
<allocation-stats totalBytes="2528568" >
  <allocated-bytes non-tlh="384" tlh="2528184" />
  <largest-consumer threadName="node-7" threadId="000000000234DC00" bytes="143680" />
</allocation-stats>
<gc-op id="1493" type="scavenge" timems="1.296" contextid="1490" timestamp="2019-07-02T20:55:39.918">
  <scavenger-info tenureage="2" tenuremask="4004" tiltratio="89" />
  <memory-copied type="nursery" objects="3445" bytes="85808" bytesdiscarded="110032" />
  <memory-copied type="tenure" objects="1502" bytes="36048" bytesdiscarded="0" />
</gc-op>
<gc-end id="1494" type="scavenge" contextid="1490" durationms="1.750" usertimems="4.000" systemtimems="0.000" timestamp="2019-07-02T20:55:39.918" activeThreads="4">
  <mem-info id="1495" free="5343144" total="13893632" percent="38">
    <mem type="nursery" free="2491136" total="3014656" percent="82">
      <mem type="allocate" free="2491136" total="2686976" percent="92" />
      <mem type="survivor" free="0" total="327680" percent="0" />
    </mem>
    <mem type="tenure" free="2852008" total="10878976" percent="26" macro-fragmented="0">
      <mem type="soa" free="2308264" total="10335232" percent="22" />
      <mem type="loa" free="543744" total="543744" percent="100" />
    </mem>
    <remembered-set count="313" />
  </mem-info>
</gc-end>
<cycle-end id="1496" type="scavenge" contextid="1490" timestamp="2019-07-02T20:55:39.918">
  <attribute name="GC Util" value="0" />
  <attribute name="CPU Util" value="18" />
  <attribute name="Time Running"value="147131"/>
  <attribute name="Number of cores"value="4"/>
</cycle-end>
<allocation-satisfied id="1497" threadId="0000000002351800" bytesRequested="720" />
<af-end id="1498" timestamp="2019-07-02T20:55:39.919" threadId="0000000002352188" success="true" from="nursery"/>
<exclusive-end id="1499" timestamp="2019-07-02T20:55:39.919" durationms="2.565" />

<exclusive-start id="1500" timestamp="2019-07-02T20:55:41.665" intervalms="1748.821">
  <response-info timems="0.029" idlems="0.029" threads="0" lastid="000000000234DC00" lastname="node-7" />
</exclusive-start>
<af-start id="1501" threadId="000000000234E588" totalBytesRequested="376" timestamp="2019-07-02T20:55:41.665" intervalms="1748.818" type="nursery" />
<cycle-start id="1502" type="scavenge" contextid="0" timestamp="2019-07-02T20:55:41.665" intervalms="1748.821" />
  <attribute name="GC Util" value="0" />
  <attribute name="CPU Util" value="18" />
  <attribute name="Time Running"value="147131"/>
  <attribute name="Number of cores"value="4"/>
<gc-start id="1503" type="scavenge" contextid="1502" timestamp="2019-07-02T20:55:41.665">
  <mem-info id="1504" free="2852008" total="13893632" percent="20">
    <mem type="nursery" free="0" total="3014656" percent="0">
      <mem type="allocate" free="0" total="2686976" percent="0" />
      <mem type="survivor" free="0" total="327680" percent="0" />
    </mem>
    <mem type="tenure" free="2852008" total="10878976" percent="26">
      <mem type="soa" free="2308264" total="10335232" percent="22" />
      <mem type="loa" free="543744" total="543744" percent="100" />
    </mem>
    <remembered-set count="388" />
  </mem-info>
</gc-start>
<allocation-stats totalBytes="2489608" >
  <allocated-bytes non-tlh="720" tlh="2488888" />
  <largest-consumer threadName="node-8" threadId="0000000002382300" bytes="135776" />
</allocation-stats>
<gc-op id="1505" type="scavenge" timems="0.778" contextid="1502" timestamp="2019-07-02T20:55:41.666">
  <scavenger-info tenureage="2" tenuremask="4004" tiltratio="89" />
  <memory-copied type="nursery" objects="3575" bytes="87464" bytesdiscarded="69208" />
  <memory-copied type="tenure" objects="1349" bytes="32376" bytesdiscarded="0" />
</gc-op>
<gc-end id="1506" type="scavenge" contextid="1502" durationms="0.988" usertimems="0.000" systemtimems="0.000" timestamp="2019-07-02T20:55:41.666" activeThreads="4">
  <mem-info id="1507" free="5343144" total="13893632" percent="38">
    <mem type="nursery" free="2530304" total="3014656" percent="83">
      <mem type="allocate" free="2530304" total="2686976" percent="94" />
      <mem type="survivor" free="0" total="327680" percent="0" />
    </mem>
    <mem type="tenure" free="2812840" total="10878976" percent="25" macro-fragmented="0">
      <mem type="soa" free="2269096" total="10335232" percent="21" />
      <mem type="loa" free="543744" total="543744" percent="100" />
    </mem>
    <remembered-set count="280" />
  </mem-info>
</gc-end>
<cycle-end id="1508" type="scavenge" contextid="1502" timestamp="2019-07-02T20:55:41.666">
  <attribute name="GC Util" value="0" />
  <attribute name="CPU Util" value="14" />
  <attribute name="Time Running"value="148880"/>
  <attribute name="Number of cores"value="4"/>
</cycle-end>
<allocation-satisfied id="1509" threadId="000000000234DC00" bytesRequested="376" />
<af-end id="1510" timestamp="2019-07-02T20:55:41.667" threadId="000000000234E588" success="true" from="nursery"/>
<exclusive-end id="1511" timestamp="2019-07-02T20:55:41.667" durationms="1.644" />

<exclusive-start id="1512" timestamp="2019-07-02T20:55:43.156" intervalms="1491.303">
  <response-info timems="0.033" idlems="0.033" threads="0" lastid="000000000237AB00" lastname="node-20" />
</exclusive-start>
<af-start id="1513" threadId="000000000237B488" totalBytesRequested="32" timestamp="2019-07-02T20:55:43.156" intervalms="1491.312" type="nursery" />
<cycle-start id="1514" type="scavenge" contextid="0" timestamp="2019-07-02T20:55:43.157" intervalms="1491.299" />
  <attribute name="GC Util" value="0" />
  <attribute name="CPU Util" value="14" />
  <attribute name="Time Running"value="148880"/>
  <attribute name="Number of cores"value="4"/>
<gc-start id="1515" type="scavenge" contextid="1514" timestamp="2019-07-02T20:55:43.157">
  <mem-info id="1516" free="2812840" total="13893632" percent="20">
    <mem type="nursery" free="0" total="3014656" percent="0">
      <mem type="allocate" free="0" total="2686976" percent="0" />
      <mem type="survivor" free="0" total="327680" percent="0" />
    </mem>
    <mem type="tenure" free="2812840" total="10878976" percent="25">
      <mem type="soa" free="2269096" total="10335232" percent="21" />
      <mem type="loa" free="543744" total="543744" percent="100" />
    </mem>
    <remembered-set count="390" />
  </mem-info>
</gc-start>
<allocation-stats totalBytes="2525808" >
  <allocated-bytes non-tlh="376" tlh="2525432" />
  <largest-consumer threadName="node-7" threadId="000000000234DC00" bytes="143608" />
</allocation-stats>
<gc-op id="1517" type="scavenge" timems="0.477" contextid="1514" timestamp="2019-07-02T20:55:43.157">
  <scavenger-info tenureage="2" tenuremask="4004" tiltratio="89" />
  <memory-copied type="nursery" objects="2844" bytes="67336" bytesdiscarded="50168" />
  <memory-copied type="tenure" objects="1942" bytes="46608" bytesdiscarded="0" />
</gc-op>
<gc-end id="1518" type="scavenge" contextid="1514" durationms="0.682" usertimems="0.000" systemtimems="0.000" timestamp="2019-07-02T20:55:43.157" activeThreads="4">
  <mem-info id="1519" free="5303976" total="13893632" percent="38">
    <mem type="nursery" free="2569472" total="3014656" percent="85">
      <mem type="allocate" free="2569472" total="2686976" percent="95" />
      <mem type="survivor" free="0" total="327680" percent="0" />
    </mem>
    <mem type="tenure" free="2734504" total="10878976" percent="25" macro-fragmented="0">
      <mem type="soa" free="2190760" total="10335232" percent="21" />
      <mem type="loa" free="543744" total="543744" percent="100" />
    </mem>
    <remembered-set count="287" />
  </mem-info>
</gc-end>
<cycle-end id="1520" type="scavenge" contextid="1514" timestamp="2019-07-02T20:55:43.157">
  <attribute name="GC Util" value="0" />
  <attribute name="CPU Util" value="10" />
  <attribute name="Time Running"value="150371"/>
  <attribute name="Number of cores"value="4"/>
</cycle-end>
<allocation-satisfied id="1521" threadId="000000000237AB00" bytesRequested="32" />
<af-end id="1522" timestamp="2019-07-02T20:55:43.158" threadId="000000000237B488" success="true" from="nursery"/>
<exclusive-end id="1523" timestamp="2019-07-02T20:55:43.158" durationms="1.171" />

<exclusive-start id="1524" timestamp="2019-07-02T20:55:44.790" intervalms="1633.462">
  <response-info timems="0.063" idlems="0.063" threads="0" lastid="000000000235CC00" lastname="node-19" />
</exclusive-start>
<af-start id="1525" threadId="000000000235D588" totalBytesRequested="16" timestamp="2019-07-02T20:55:44.790" intervalms="1633.506" type="nursery" />
<cycle-start id="1526" type="scavenge" contextid="0" timestamp="2019-07-02T20:55:44.790" intervalms="1633.524" />
  <attribute name="GC Util" value="0" />
  <attribute name="CPU Util" value="10" />
  <attribute name="Time Running"value="150371"/>
  <attribute name="Number of cores"value="4"/>
<gc-start id="1527" type="scavenge" contextid="1526" timestamp="2019-07-02T20:55:44.790">
  <mem-info id="1528" free="2734504" total="13893632" percent="19">
    <mem type="nursery" free="0" total="3014656" percent="0">
      <mem type="allocate" free="0" total="2686976" percent="0" />
      <mem type="survivor" free="0" total="327680" percent="0" />
    </mem>
    <mem type="tenure" free="2734504" total="10878976" percent="25">
      <mem type="soa" free="2190760" total="10335232" percent="21" />
      <mem type="loa" free="543744" total="543744" percent="100" />
    </mem>
    <remembered-set count="386" />
  </mem-info>
</gc-start>
<allocation-stats totalBytes="2562272" >
  <allocated-bytes non-tlh="32" tlh="2562240" />
  <largest-consumer threadName="node-9" threadId="0000000002376F00" bytes="143200" />
</allocation-stats>
<gc-op id="1529" type="scavenge" timems="0.593" contextid="1526" timestamp="2019-07-02T20:55:44.791">
  <scavenger-info tenureage="2" tenuremask="4004" tiltratio="89" />
  <memory-copied type="nursery" objects="3082" bytes="76696" bytesdiscarded="79976" />
  <memory-copied type="tenure" objects="1505" bytes="36120" bytesdiscarded="0" />
</gc-op>
<gc-end id="1530" type="scavenge" contextid="1526" durationms="0.942" usertimems="0.000" systemtimems="0.000" timestamp="2019-07-02T20:55:44.791" activeThreads="4">
  <mem-info id="1531" free="5225640" total="13893632" percent="37">
    <mem type="nursery" free="2530304" total="3014656" percent="83">
      <mem type="allocate" free="2530304" total="2686976" percent="94" />
      <mem type="survivor" free="0" total="327680" percent="0" />
    </mem>
    <mem type="tenure" free="2695336" total="10878976" percent="24" macro-fragmented="0">
      <mem type="soa" free="2151592" total="10335232" percent="20" />
      <mem type="loa" free="543744" total="543744" percent="100" />
    </mem>
    <remembered-set count="311" />
  </mem-info>
</gc-end>
<cycle-end id="1532" type="scavenge" contextid="1526" timestamp="2019-07-02T20:55:44.791">
  <attribute name="GC Util" value="0" />
  <attribute name="CPU Util" value="19" />
  <attribute name="Time Running"value="152005"/>
  <attribute name="Number of cores"value="4"/>
</cycle-end>
<allocation-satisfied id="1533" threadId="000000000235CC00" bytesRequested="16" />
<af-end id="1534" timestamp="2019-07-02T20:55:44.791" threadId="000000000235D588" success="true" from="nursery"/>
<exclusive-end id="1535" timestamp="2019-07-02T20:55:44.791" durationms="1.587" />

<exclusive-start id="1536" timestamp="2019-07-02T20:55:46.624" intervalms="1833.865">
  <response-info timems="0.070" idlems="0.067" threads="1" lastid="0000000002373300" lastname="node-24" />
</exclusive-start>
<af-start id="1537" threadId="000000000238A488" totalBytesRequested="368" timestamp="2019-07-02T20:55:46.625" intervalms="1834.959" type="nursery" />
<cycle-start id="1538" type="scavenge" contextid="0" timestamp="2019-07-02T20:55:46.625" intervalms="1834.999" />
  <attribute name="GC Util" value="0" />
  <attribute name="CPU Util" value="19" />
  <attribute name="Time Running"value="152005"/>
  <attribute name="Number of cores"value="4"/>
<gc-start id="1539" type="scavenge" contextid="1538" timestamp="2019-07-02T20:55:46.625">
  <mem-info id="1540" free="2695336" total="13893632" percent="19">
    <mem type="nursery" free="0" total="3014656" percent="0">
      <mem type="allocate" free="0" total="2686976" percent="0" />
      <mem type="survivor" free="0" total="327680" percent="0" />
    </mem>
    <mem type="tenure" free="2695336" total="10878976" percent="24">
      <mem type="soa" free="2151592" total="10335232" percent="20" />
      <mem type="loa" free="543744" total="543744" percent="100" />
    </mem>
    <remembered-set count="385" />
  </mem-info>
</gc-start>
<allocation-stats totalBytes="2528864" >
  <allocated-bytes non-tlh="16" tlh="2528848" />
  <largest-consumer threadName="node-8" threadId="0000000002382300" bytes="143320" />
</allocation-stats>
<gc-op id="1541" type="scavenge" timems="0.749" contextid="1538" timestamp="2019-07-02T20:55:46.626">
  <scavenger-info tenureage="2" tenuremask="4004" tiltratio="89" />
  <memory-copied type="nursery" objects="3020" bytes="74528" bytesdiscarded="42976" />
  <memory-copied type="tenure" objects="1224" bytes="29376" bytesdiscarded="0" />
</gc-op>
<gc-end id="1542" type="scavenge" contextid="1538" durationms="1.212" usertimems="0.000" systemtimems="0.000" timestamp="2019-07-02T20:55:46.626" activeThreads="4">
  <mem-info id="1543" free="5225640" total="13893632" percent="37">
    <mem type="nursery" free="2569472" total="3014656" percent="85">
      <mem type="allocate" free="2569472" total="2686976" percent="95" />
      <mem type="survivor" free="0" total="327680" percent="0" />
    </mem>
    <mem type="tenure" free="2656168" total="10878976" percent="24" macro-fragmented="0">
      <mem type="soa" free="2112424" total="10335232" percent="20" />
      <mem type="loa" free="543744" total="543744" percent="100" />
    </mem>
    <remembered-set count="311" />
  </mem-info>
</gc-end>
<cycle-end id="1544" type="scavenge" contextid="1538" timestamp="2019-07-02T20:55:46.627">
  <attribute name="GC Util" value="0" />
  <attribute name="CPU Util" value="10" />
  <attribute name="Time Running"value="153840"/>
  <attribute name="Number of cores"value="4"/>
</cycle-end>
<allocation-satisfied id="1545" threadId="0000000002389B00" bytesRequested="368" />
<af-end id="1546" timestamp="2019-07-02T20:55:46.627" threadId="000000000238A488" success="true" from="nursery"/>
<exclusive-end id="1547" timestamp="2019-07-02T20:55:46.627" durationms="3.243" />

<exclusive-start id="1548" timestamp="2019-07-02T20:55:48.373" intervalms="1749.667">
  <response-info timems="0.030" idlems="0.030" threads="0" lastid="000000000234A100" lastname="node-13" />
</exclusive-start>
<af-start id="1549" threadId="000000000234AA88" totalBytesRequested="376" timestamp="2019-07-02T20:55:48.373" intervalms="1748.514" type="nursery" />
<cycle-start id="1550" type="scavenge" contextid="0" timestamp="2019-07-02T20:55:48.374" intervalms="1748.458" />
  <attribute name="GC Util" value="0" />
  <attribute name="CPU Util" value="10" />
  <attribute name="Time Running"value="153840"/>
  <attribute name="Number of cores"value="4"/>
<gc-start id="1551" type="scavenge" contextid="1550" timestamp="2019-07-02T20:55:48.374">
  <mem-info id="1552" free="2656168" total="13893632" percent="19">
    <mem type="nursery" free="0" total="3014656" percent="0">
      <mem type="allocate" free="0" total="2686976" percent="0" />
      <mem type="survivor" free="0" total="327680" percent="0" />
    </mem>
    <mem type="tenure" free="2656168" total="10878976" percent="24">
      <mem type="soa" free="2112424" total="10335232" percent="20" />
      <mem type="loa" free="543744" total="543744" percent="100" />
    </mem>
    <remembered-set count="387" />
  </mem-info>
</gc-start>
<allocation-stats totalBytes="2567200" >
  <allocated-bytes non-tlh="368" tlh="2566832" />
  <largest-consumer threadName="node-8" threadId="0000000002382300" bytes="143000" />
</allocation-stats>
<gc-op id="1553" type="scavenge" timems="0.947" contextid="1550" timestamp="2019-07-02T20:55:48.375">
  <scavenger-info tenureage="2" tenuremask="4004" tiltratio="89" />
  <memory-copied type="nursery" objects="2874" bytes="77536" bytesdiscarded="39968" />
  <memory-copied type="tenure" objects="1711" bytes="41064" bytesdiscarded="0" />
</gc-op>
<gc-end id="1554" type="scavenge" contextid="1550" durationms="1.144" usertimems="0.000" systemtimems="0.000" timestamp="2019-07-02T20:55:48.375" activeThreads="4">
  <mem-info id="1555" free="5147304" total="13893632" percent="37">
    <mem type="nursery" free="2569472" total="3014656" percent="85">
      <mem type="allocate" free="2569472" total="2686976" percent="95" />
      <mem type="survivor" free="0" total="327680" percent="0" />
    </mem>
    <mem type="tenure" free="2577832" total="10878976" percent="23" macro-fragmented="0">
      <mem type="soa" free="2034088" total="10335232" percent="19" />
      <mem type="loa" free="543744" total="543744" percent="100" />
    </mem>
    <remembered-set count="303" />
  </mem-info>
</gc-end>
<cycle-end id="1556" type="scavenge" contextid="1550" timestamp="2019-07-02T20:55:48.375">
  <attribute name="GC Util" value="0" />
  <attribute name="CPU Util" value="15" />
  <attribute name="Time Running"value="155588"/>
  <attribute name="Number of cores"value="4"/>
</cycle-end>
<allocation-satisfied id="1557" threadId="000000000234A100" bytesRequested="376" />
<af-end id="1558" timestamp="2019-07-02T20:55:48.375" threadId="000000000234AA88" success="true" from="nursery"/>
<exclusive-end id="1559" timestamp="2019-07-02T20:55:48.375" durationms="1.599" />

<exclusive-start id="1560" timestamp="2019-07-02T20:55:49.927" intervalms="1553.185">
  <response-info timems="0.036" idlems="0.036" threads="0" lastid="000000000237AB00" lastname="node-20" />
</exclusive-start>
<af-start id="1561" threadId="000000000237B488" totalBytesRequested="32" timestamp="2019-07-02T20:55:49.927" intervalms="1553.214" type="nursery" />
<cycle-start id="1562" type="scavenge" contextid="0" timestamp="2019-07-02T20:55:49.927" intervalms="1553.213" />
  <attribute name="GC Util" value="0" />
  <attribute name="CPU Util" value="15" />
  <attribute name="Time Running"value="155588"/>
  <attribute name="Number of cores"value="4"/>
<gc-start id="1563" type="scavenge" contextid="1562" timestamp="2019-07-02T20:55:49.927">
  <mem-info id="1564" free="2577832" total="13893632" percent="18">
    <mem type="nursery" free="0" total="3014656" percent="0">
      <mem type="allocate" free="0" total="2686976" percent="0" />
      <mem type="survivor" free="0" total="327680" percent="0" />
    </mem>
    <mem type="tenure" free="2577832" total="10878976" percent="23">
      <mem type="soa" free="2034088" total="10335232" percent="19" />
      <mem type="loa" free="543744" total="543744" percent="100" />
    </mem>
    <remembered-set count="386" />
  </mem-info>
</gc-start>
<allocation-stats totalBytes="2567624" >
  <allocated-bytes non-tlh="376" tlh="2567248" />
  <largest-consumer threadName="node-7" threadId="000000000234DC00" bytes="143288" />
</allocation-stats>
<gc-op id="1565" type="scavenge" timems="1.337" contextid="1562" timestamp="2019-07-02T20:55:49.928">
  <scavenger-info tenureage="2" tenuremask="4004" tiltratio="89" />
  <memory-copied type="nursery" objects="3555" bytes="87032" bytesdiscarded="108808" />
  <memory-copied type="tenure" objects="1164" bytes="27936" bytesdiscarded="0" />
</gc-op>
<gc-end id="1566" type="scavenge" contextid="1562" durationms="1.854" usertimems="4.000" systemtimems="0.000" timestamp="2019-07-02T20:55:49.929" activeThreads="4">
  <mem-info id="1567" free="5068968" total="13893632" percent="36">
    <mem type="nursery" free="2491136" total="3014656" percent="82">
      <mem type="allocate" free="2491136" total="2686976" percent="92" />
      <mem type="survivor" free="0" total="327680" percent="0" />
    </mem>
    <mem type="tenure" free="2577832" total="10878976" percent="23" macro-fragmented="0">
      <mem type="soa" free="2034088" total="10335232" percent="19" />
      <mem type="loa" free="543744" total="543744" percent="100" />
    </mem>
    <remembered-set count="315" />
  </mem-info>
</gc-end>
<cycle-end id="1568" type="scavenge" contextid="1562" timestamp="2019-07-02T20:55:49.929">
  <attribute name="GC Util" value="0" />
  <attribute name="CPU Util" value="18" />
  <attribute name="Time Running"value="157142"/>
  <attribute name="Number of cores"value="4"/>
</cycle-end>
<allocation-satisfied id="1569" threadId="000000000237AB00" bytesRequested="32" />
<af-end id="1570" timestamp="2019-07-02T20:55:49.929" threadId="000000000237B488" success="true" from="nursery"/>
<exclusive-end id="1571" timestamp="2019-07-02T20:55:49.929" durationms="2.589" />

<exclusive-start id="1572" timestamp="2019-07-02T20:55:51.416" intervalms="1489.705">
  <response-info timems="0.233" idlems="0.233" threads="0" lastid="0000000002382300" lastname="node-8" />
</exclusive-start>
<af-start id="1573" threadId="0000000002382C88" totalBytesRequested="16" timestamp="2019-07-02T20:55:51.416" intervalms="1489.674" type="nursery" />
<cycle-start id="1574" type="scavenge" contextid="0" timestamp="2019-07-02T20:55:51.416" intervalms="1489.668" />
  <attribute name="GC Util" value="0" />
  <attribute name="CPU Util" value="18" />
  <attribute name="Time Running"value="157142"/>
  <attribute name="Number of cores"value="4"/>
<gc-start id="1575" type="scavenge" contextid="1574" timestamp="2019-07-02T20:55:51.416">
  <mem-info id="1576" free="2577832" total="13893632" percent="18">
    <mem type="nursery" free="0" total="3014656" percent="0">
      <mem type="allocate" free="0" total="2686976" percent="0" />
      <mem type="survivor" free="0" total="327680" percent="0" />
    </mem>
    <mem type="tenure" free="2577832" total="10878976" percent="23">
      <mem type="soa" free="2034088" total="10335232" percent="19" />
      <mem type="loa" free="543744" total="543744" percent="100" />
    </mem>
    <remembered-set count="393" />
  </mem-info>
</gc-start>
<allocation-stats totalBytes="2483504" >
  <allocated-bytes non-tlh="32" tlh="2483472" />
  <largest-consumer threadName="node-7" threadId="000000000234DC00" bytes="135616" />
</allocation-stats>
<gc-op id="1577" type="scavenge" timems="0.503" contextid="1574" timestamp="2019-07-02T20:55:51.417">
  <scavenger-info tenureage="2" tenuremask="4004" tiltratio="89" />
  <memory-copied type="nursery" objects="4006" bytes="111752" bytesdiscarded="84088" />
  <memory-copied type="tenure" objects="1552" bytes="37248" bytesdiscarded="0" />
</gc-op>
<gc-end id="1578" type="scavenge" contextid="1574" durationms="0.699" usertimems="0.000" systemtimems="4.000" timestamp="2019-07-02T20:55:51.417" activeThreads="4">
  <mem-info id="1579" free="5029800" total="13893632" percent="36">
    <mem type="nursery" free="2491136" total="3014656" percent="82">
      <mem type="allocate" free="2491136" total="2686976" percent="92" />
      <mem type="survivor" free="0" total="327680" percent="0" />
    </mem>
    <mem type="tenure" free="2538664" total="10878976" percent="23" macro-fragmented="0">
      <mem type="soa" free="1994920" total="10335232" percent="19" />
      <mem type="loa" free="543744" total="543744" percent="100" />
    </mem>
    <remembered-set count="297" />
  </mem-info>
</gc-end>
<cycle-end id="1580" type="scavenge" contextid="1574" timestamp="2019-07-02T20:55:51.417">
  <attribute name="GC Util" value="0" />
  <attribute name="CPU Util" value="13" />
  <attribute name="Time Running"value="158631"/>
  <attribute name="Number of cores"value="4"/>
</cycle-end>
<allocation-satisfied id="1581" threadId="0000000002382300" bytesRequested="16" />
<af-end id="1582" timestamp="2019-07-02T20:55:51.418" threadId="0000000002382C88" success="true" from="nursery"/>
<exclusive-end id="1583" timestamp="2019-07-02T20:55:51.418" durationms="1.413" />

<exclusive-start id="1584" timestamp="2019-07-02T20:55:53.167" intervalms="1750.736">
  <response-info timems="0.068" idlems="0.068" threads="0" lastid="000000000233ED00" lastname="node-10" />
</exclusive-start>
<af-start id="1585" threadId="000000000233F688" totalBytesRequested="24" timestamp="2019-07-02T20:55:53.167" intervalms="1750.831" type="nursery" />
<cycle-start id="1586" type="scavenge" contextid="0" timestamp="2019-07-02T20:55:53.167" intervalms="1750.891" />
  <attribute name="GC Util" value="0" />
  <attribute name="CPU Util" value="13" />
  <attribute name="Time Running"value="158631"/>
  <attribute name="Number of cores"value="4"/>
<gc-start id="1587" type="scavenge" contextid="1586" timestamp="2019-07-02T20:55:53.167">
  <mem-info id="1588" free="2538664" total="13893632" percent="18">
    <mem type="nursery" free="0" total="3014656" percent="0">
      <mem type="allocate" free="0" total="2686976" percent="0" />
      <mem type="survivor" free="0" total="327680" percent="0" />
    </mem>
    <mem type="tenure" free="2538664" total="10878976" percent="23">
      <mem type="soa" free="1994920" total="10335232" percent="19" />
      <mem type="loa" free="543744" total="543744" percent="100" />
    </mem>
    <remembered-set count="391" />
  </mem-info>
</gc-start>
<allocation-stats totalBytes="2488832" >
  <allocated-bytes non-tlh="16" tlh="2488816" />
  <largest-consumer threadName="node-9" threadId="0000000002376F00" bytes="143304" />
</allocation-stats>
<gc-op id="1589" type="scavenge" timems="0.972" contextid="1586" timestamp="2019-07-02T20:55:53.168">
  <scavenger-info tenureage="2" tenuremask="4004" tiltratio="89" />
  <memory-copied type="nursery" objects="3341" bytes="94472" bytesdiscarded="62200" />
  <memory-copied type="tenure" objects="1861" bytes="44664" bytesdiscarded="0" />
</gc-op>
<gc-end id="1590" type="scavenge" contextid="1586" durationms="1.164" usertimems="0.000" systemtimems="0.000" timestamp="2019-07-02T20:55:53.169" activeThreads="4">
  <mem-info id="1591" free="4990632" total="13893632" percent="35">
    <mem type="nursery" free="2530304" total="3014656" percent="83">
      <mem type="allocate" free="2530304" total="2686976" percent="94" />
      <mem type="survivor" free="0" total="327680" percent="0" />
    </mem>
    <mem type="tenure" free="2460328" total="10878976" percent="22" macro-fragmented="0">
      <mem type="soa" free="1916584" total="10335232" percent="18" />
      <mem type="loa" free="543744" total="543744" percent="100" />
    </mem>
    <remembered-set count="316" />
  </mem-info>
</gc-end>
<cycle-end id="1592" type="scavenge" contextid="1586" timestamp="2019-07-02T20:55:53.169">
  <attribute name="GC Util" value="0" />
  <attribute name="CPU Util" value="8" />
  <attribute name="Time Running"value="160382"/>
  <attribute name="Number of cores"value="4"/>
</cycle-end>
<allocation-satisfied id="1593" threadId="000000000233ED00" bytesRequested="24" />
<af-end id="1594" timestamp="2019-07-02T20:55:53.169" threadId="000000000233F688" success="true" from="nursery"/>
<exclusive-end id="1595" timestamp="2019-07-02T20:55:53.169" durationms="1.769" />

<exclusive-start id="1596" timestamp="2019-07-02T20:55:55.006" intervalms="1838.800">
  <response-info timems="0.031" idlems="0.031" threads="0" lastid="0000000002376F00" lastname="node-9" />
</exclusive-start>
<af-start id="1597" threadId="0000000002377888" totalBytesRequested="32" timestamp="2019-07-02T20:55:55.006" intervalms="1838.760" type="nursery" />
<cycle-start id="1598" type="scavenge" contextid="0" timestamp="2019-07-02T20:55:55.006" intervalms="1838.755" />
  <attribute name="GC Util" value="0" />
  <attribute name="CPU Util" value="8" />
  <attribute name="Time Running"value="160382"/>
  <attribute name="Number of cores"value="4"/>
<gc-start id="1599" type="scavenge" contextid="1598" timestamp="2019-07-02T20:55:55.006">
  <mem-info id="1600" free="2460328" total="13893632" percent="17">
    <mem type="nursery" free="0" total="3014656" percent="0">
      <mem type="allocate" free="0" total="2686976" percent="0" />
      <mem type="survivor" free="0" total="327680" percent="0" />
    </mem>
    <mem type="tenure" free="2460328" total="10878976" percent="22">
      <mem type="soa" free="1916584" total="10335232" percent="18" />
      <mem type="loa" free="543744" total="543744" percent="100" />
    </mem>
    <remembered-set count="391" />
  </mem-info>
</gc-start>
<allocation-stats totalBytes="2514040" >
  <allocated-bytes non-tlh="24" tlh="2514016" />
  <largest-consumer threadName="node-8" threadId="0000000002382300" bytes="143304" />
</allocation-stats>
<gc-op id="1601" type="scavenge" timems="0.453" contextid="1598" timestamp="2019-07-02T20:55:55.007">
  <scavenger-info tenureage="2" tenuremask="4004" tiltratio="89" />
  <memory-copied type="nursery" objects="2647" bytes="66392" bytesdiscarded="90280" />
  <memory-copied type="tenure" objects="1961" bytes="47064" bytesdiscarded="0" />
</gc-op>
<gc-end id="1602" type="scavenge" contextid="1598" durationms="0.646" usertimems="0.000" systemtimems="0.000" timestamp="2019-07-02T20:55:55.007" activeThreads="4">
  <mem-info id="1603" free="4951464" total="13893632" percent="35">
    <mem type="nursery" free="2530304" total="3014656" percent="83">
      <mem type="allocate" free="2530304" total="2686976" percent="94" />
      <mem type="survivor" free="0" total="327680" percent="0" />
    </mem>
    <mem type="tenure" free="2421160" total="10878976" percent="22" macro-fragmented="0">
      <mem type="soa" free="1877416" total="10335232" percent="18" />
      <mem type="loa" free="543744" total="543744" percent="100" />
    </mem>
    <remembered-set count="312" />
  </mem-info>
</gc-end>
<cycle-end id="1604" type="scavenge" contextid="1598" timestamp="2019-07-02T20:55:55.007">
  <attribute name="GC Util" value="0" />
  <attribute name="CPU Util" value="15" />
  <attribute name="Time Running"value="162221"/>
  <attribute name="Number of cores"value="4"/>
</cycle-end>
<allocation-satisfied id="1605" threadId="0000000002376F00" bytesRequested="32" />
<af-end id="1606" timestamp="2019-07-02T20:55:55.007" threadId="0000000002377888" success="true" from="nursery"/>
<exclusive-end id="1607" timestamp="2019-07-02T20:55:55.007" durationms="1.226" />

<exclusive-start id="1608" timestamp="2019-07-02T20:55:56.635" intervalms="1629.574">
  <response-info timems="0.050" idlems="0.029" threads="1" lastid="0000000002342900" lastname="node-23" />
</exclusive-start>
<af-start id="1609" threadId="000000000235D588" totalBytesRequested="32" timestamp="2019-07-02T20:55:56.635" intervalms="1629.531" type="nursery" />
<cycle-start id="1610" type="scavenge" contextid="0" timestamp="2019-07-02T20:55:56.636" intervalms="1629.510" />
  <attribute name="GC Util" value="0" />
  <attribute name="CPU Util" value="15" />
  <attribute name="Time Running"value="162221"/>
  <attribute name="Number of cores"value="4"/>
<gc-start id="1611" type="scavenge" contextid="1610" timestamp="2019-07-02T20:55:56.636">
  <mem-info id="1612" free="2421160" total="13893632" percent="17">
    <mem type="nursery" free="0" total="3014656" percent="0">
      <mem type="allocate" free="0" total="2686976" percent="0" />
      <mem type="survivor" free="0" total="327680" percent="0" />
    </mem>
    <mem type="tenure" free="2421160" total="10878976" percent="22">
      <mem type="soa" free="1877416" total="10335232" percent="18" />
      <mem type="loa" free="543744" total="543744" percent="100" />
    </mem>
    <remembered-set count="385" />
  </mem-info>
</gc-start>
<allocation-stats totalBytes="2528112" >
  <allocated-bytes non-tlh="32" tlh="2528080" />
  <largest-consumer threadName="node-9" threadId="0000000002376F00" bytes="143368" />
</allocation-stats>
<gc-op id="1613" type="scavenge" timems="0.720" contextid="1610" timestamp="2019-07-02T20:55:56.637">
  <scavenger-info tenureage="2" tenuremask="4004" tiltratio="89" />
  <memory-copied type="nursery" objects="2794" bytes="66136" bytesdiscarded="51368" />
  <memory-copied type="tenure" objects="1193" bytes="28632" bytesdiscarded="0" />
</gc-op>
<gc-end id="1614" type="scavenge" contextid="1610" durationms="1.210" usertimems="4.000" systemtimems="0.000" timestamp="2019-07-02T20:55:56.637" activeThreads="4">
  <mem-info id="1615" free="4951464" total="13893632" percent="35">
    <mem type="nursery" free="2569472" total="3014656" percent="85">
      <mem type="allocate" free="2569472" total="2686976" percent="95" />
      <mem type="survivor" free="0" total="327680" percent="0" />
    </mem>
    <mem type="tenure" free="2381992" total="10878976" percent="21" macro-fragmented="0">
      <mem type="soa" free="1838248" total="10335232" percent="17" />
      <mem type="loa" free="543744" total="543744" percent="100" />
    </mem>
    <remembered-set count="287" />
  </mem-info>
</gc-end>
<cycle-end id="1616" type="scavenge" contextid="1610" timestamp="2019-07-02T20:55:56.637">
  <attribute name="GC Util" value="0" />
  <attribute name="CPU Util" value="10" />
  <attribute name="Time Running"value="163850"/>
  <attribute name="Number of cores"value="4"/>
</cycle-end>
<allocation-satisfied id="1617" threadId="000000000235CC00" bytesRequested="32" />
<af-end id="1618" timestamp="2019-07-02T20:55:56.637" threadId="000000000235D588" success="true" from="nursery"/>
<exclusive-end id="1619" timestamp="2019-07-02T20:55:56.637" durationms="1.884" />

<exclusive-start id="1620" timestamp="2019-07-02T20:55:58.367" intervalms="1731.613">
  <response-info timems="0.031" idlems="0.031" threads="0" lastid="0000000002359000" lastname="node-21" />
</exclusive-start>
<af-start id="1621" threadId="0000000002359988" totalBytesRequested="376" timestamp="2019-07-02T20:55:58.367" intervalms="1731.597" type="nursery" />
<cycle-start id="1622" type="scavenge" contextid="0" timestamp="2019-07-02T20:55:58.367" intervalms="1731.556" />
  <attribute name="GC Util" value="0" />
  <attribute name="CPU Util" value="10" />
  <attribute name="Time Running"value="163850"/>
  <attribute name="Number of cores"value="4"/>
<gc-start id="1623" type="scavenge" contextid="1622" timestamp="2019-07-02T20:55:58.367">
  <mem-info id="1624" free="2381992" total="13893632" percent="17">
    <mem type="nursery" free="0" total="3014656" percent="0">
      <mem type="allocate" free="0" total="2686976" percent="0" />
      <mem type="survivor" free="0" total="327680" percent="0" />
    </mem>
    <mem type="tenure" free="2381992" total="10878976" percent="21">
      <mem type="soa" free="1838248" total="10335232" percent="17" />
      <mem type="loa" free="543744" total="543744" percent="100" />
    </mem>
    <remembered-set count="386" />
  </mem-info>
</gc-start>
<allocation-stats totalBytes="2566840" >
  <allocated-bytes non-tlh="32" tlh="2566808" />
  <largest-consumer threadName="node-9" threadId="0000000002376F00" bytes="143112" />
</allocation-stats>
<gc-op id="1625" type="scavenge" timems="0.419" contextid="1622" timestamp="2019-07-02T20:55:58.368">
  <scavenger-info tenureage="2" tenuremask="4004" tiltratio="89" />
  <memory-copied type="nursery" objects="2967" bytes="81976" bytesdiscarded="74696" />
  <memory-copied type="tenure" objects="1309" bytes="31416" bytesdiscarded="0" />
</gc-op>
<gc-end id="1626" type="scavenge" contextid="1622" durationms="0.584" usertimems="0.000" systemtimems="0.000" timestamp="2019-07-02T20:55:58.368" activeThreads="4">
  <mem-info id="1627" free="4873128" total="13893632" percent="35">
    <mem type="nursery" free="2530304" total="3014656" percent="83">
      <mem type="allocate" free="2530304" total="2686976" percent="94" />
      <mem type="survivor" free="0" total="327680" percent="0" />
    </mem>
    <mem type="tenure" free="2342824" total="10878976" percent="21" macro-fragmented="0">
      <mem type="soa" free="1799080" total="10335232" percent="17" />
      <mem type="loa" free="543744" total="543744" percent="100" />
    </mem>
    <remembered-set count="304" />
  </mem-info>
</gc-end>
<cycle-end id="1628" type="scavenge" contextid="1622" timestamp="2019-07-02T20:55:58.368">
  <attribute name="GC Util" value="0" />
  <attribute name="CPU Util" value="11" />
  <attribute name="Time Running"value="165582"/>
  <attribute name="Number of cores"value="4"/>
</cycle-end>
<allocation-satisfied id="1629" threadId="0000000002359000" bytesRequested="376" />
<af-end id="1630" timestamp="2019-07-02T20:55:58.368" threadId="0000000002359988" success="true" from="nursery"/>
<exclusive-end id="1631" timestamp="2019-07-02T20:55:58.368" durationms="0.969" />

<exclusive-start id="1632" timestamp="2019-07-02T20:55:59.763" intervalms="1395.626">
  <response-info timems="0.036" idlems="0.036" threads="0" lastid="0000000002364400" lastname="node-14" />
</exclusive-start>
<af-start id="1633" threadId="0000000002364D88" totalBytesRequested="24" timestamp="2019-07-02T20:55:59.763" intervalms="1395.635" type="nursery" />
<cycle-start id="1634" type="scavenge" contextid="0" timestamp="2019-07-02T20:55:59.763" intervalms="1395.644" />
  <attribute name="GC Util" value="0" />
  <attribute name="CPU Util" value="11" />
  <attribute name="Time Running"value="165582"/>
  <attribute name="Number of cores"value="4"/>
<gc-start id="1635" type="scavenge" contextid="1634" timestamp="2019-07-02T20:55:59.763">
  <mem-info id="1636" free="2342824" total="13893632" percent="16">
    <mem type="nursery" free="0" total="3014656" percent="0">
      <mem type="allocate" free="0" total="2686976" percent="0" />
      <mem type="survivor" free="0" total="327680" percent="0" />
    </mem>
    <mem type="tenure" free="2342824" total="10878976" percent="21">
      <mem type="soa" free="1799080" total="10335232" percent="17" />
      <mem type="loa" free="543744" total="543744" percent="100" />
    </mem>
    <remembered-set count="383" />
  </mem-info>
</gc-start>
<allocation-stats totalBytes="2526656" >
  <allocated-bytes non-tlh="376" tlh="2526280" />
  <largest-consumer threadName="node-7" threadId="000000000234DC00" bytes="143056" />
</allocation-stats>
<gc-op id="1637" type="scavenge" timems="0.475" contextid="1634" timestamp="2019-07-02T20:55:59.763">
  <scavenger-info tenureage="2" tenuremask="4004" tiltratio="89" />
  <memory-copied type="nursery" objects="3721" bytes="92176" bytesdiscarded="103664" />
  <memory-copied type="tenure" objects="1370" bytes="32880" bytesdiscarded="0" />
</gc-op>
<gc-end id="1638" type="scavenge" contextid="1634" durationms="0.663" usertimems="0.000" systemtimems="4.000" timestamp="2019-07-02T20:55:59.764" activeThreads="4">
  <mem-info id="1639" free="4794792" total="13893632" percent="34">
    <mem type="nursery" free="2491136" total="3014656" percent="82">
      <mem type="allocate" free="2491136" total="2686976" percent="92" />
      <mem type="survivor" free="0" total="327680" percent="0" />
    </mem>
    <mem type="tenure" free="2303656" total="10878976" percent="21" macro-fragmented="0">
      <mem type="soa" free="1759912" total="10335232" percent="17" />
      <mem type="loa" free="543744" total="543744" percent="100" />
    </mem>
    <remembered-set count="315" />
  </mem-info>
</gc-end>
<cycle-end id="1640" type="scavenge" contextid="1634" timestamp="2019-07-02T20:55:59.764">
  <attribute name="GC Util" value="0" />
  <attribute name="CPU Util" value="15" />
  <attribute name="Time Running"value="166977"/>
  <attribute name="Number of cores"value="4"/>
</cycle-end>
<allocation-satisfied id="1641" threadId="0000000002364400" bytesRequested="24" />
<af-end id="1642" timestamp="2019-07-02T20:55:59.764" threadId="0000000002364D88" success="true" from="nursery"/>
<exclusive-end id="1643" timestamp="2019-07-02T20:55:59.764" durationms="1.115" />

<exclusive-start id="1644" timestamp="2019-07-02T20:56:01.363" intervalms="1600.263">
  <response-info timems="0.044" idlems="0.044" threads="0" lastid="0000000002360800" lastname="node-3" />
</exclusive-start>
<af-start id="1645" threadId="0000000002361188" totalBytesRequested="720" timestamp="2019-07-02T20:56:01.363" intervalms="1600.265" type="nursery" />
<cycle-start id="1646" type="scavenge" contextid="0" timestamp="2019-07-02T20:56:01.363" intervalms="1600.268" />
  <attribute name="GC Util" value="0" />
  <attribute name="CPU Util" value="15" />
  <attribute name="Time Running"value="166977"/>
  <attribute name="Number of cores"value="4"/>
<gc-start id="1647" type="scavenge" contextid="1646" timestamp="2019-07-02T20:56:01.363">
  <mem-info id="1648" free="2303656" total="13893632" percent="16">
    <mem type="nursery" free="0" total="3014656" percent="0">
      <mem type="allocate" free="0" total="2686976" percent="0" />
      <mem type="survivor" free="0" total="327680" percent="0" />
    </mem>
    <mem type="tenure" free="2303656" total="10878976" percent="21">
      <mem type="soa" free="1759912" total="10335232" percent="17" />
      <mem type="loa" free="543744" total="543744" percent="100" />
    </mem>
    <remembered-set count="390" />
  </mem-info>
</gc-start>
<allocation-stats totalBytes="2483984" >
  <allocated-bytes non-tlh="24" tlh="2483960" />
  <largest-consumer threadName="node-9" threadId="0000000002376F00" bytes="139936" />
</allocation-stats>
<gc-op id="1649" type="scavenge" timems="0.512" contextid="1646" timestamp="2019-07-02T20:56:01.364">
  <scavenger-info tenureage="2" tenuremask="4004" tiltratio="89" />
  <memory-copied type="nursery" objects="3862" bytes="107816" bytesdiscarded="88024" />
  <memory-copied type="tenure" objects="1433" bytes="34392" bytesdiscarded="0" />
</gc-op>
<gc-end id="1650" type="scavenge" contextid="1646" durationms="0.689" usertimems="0.000" systemtimems="0.000" timestamp="2019-07-02T20:56:01.364" activeThreads="4">
  <mem-info id="1651" free="4755624" total="13893632" percent="34">
    <mem type="nursery" free="2491136" total="3014656" percent="82">
      <mem type="allocate" free="2491136" total="2686976" percent="92" />
      <mem type="survivor" free="0" total="327680" percent="0" />
    </mem>
    <mem type="tenure" free="2264488" total="10878976" percent="20" macro-fragmented="0">
      <mem type="soa" free="1720744" total="10335232" percent="16" />
      <mem type="loa" free="543744" total="543744" percent="100" />
    </mem>
    <remembered-set count="314" />
  </mem-info>
</gc-end>
<cycle-end id="1652" type="scavenge" contextid="1646" timestamp="2019-07-02T20:56:01.364">
  <attribute name="GC Util" value="0" />
  <attribute name="CPU Util" value="11" />
  <attribute name="Time Running"value="168578"/>
  <attribute name="Number of cores"value="4"/>
</cycle-end>
<allocation-satisfied id="1653" threadId="0000000002360800" bytesRequested="720" />
<af-end id="1654" timestamp="2019-07-02T20:56:01.364" threadId="0000000002361188" success="true" from="nursery"/>
<exclusive-end id="1655" timestamp="2019-07-02T20:56:01.364" durationms="1.106" />

<exclusive-start id="1656" timestamp="2019-07-02T20:56:03.212" intervalms="1848.671">
  <response-info timems="0.041" idlems="0.024" threads="1" lastid="000000000234A100" lastname="node-13" />
</exclusive-start>
<af-start id="1657" threadId="0000000002377888" totalBytesRequested="32" timestamp="2019-07-02T20:56:03.212" intervalms="1848.678" type="nursery" />
<cycle-start id="1658" type="scavenge" contextid="0" timestamp="2019-07-02T20:56:03.212" intervalms="1848.678" />
  <attribute name="GC Util" value="0" />
  <attribute name="CPU Util" value="11" />
  <attribute name="Time Running"value="168578"/>
  <attribute name="Number of cores"value="4"/>
<gc-start id="1659" type="scavenge" contextid="1658" timestamp="2019-07-02T20:56:03.212">
  <mem-info id="1660" free="2264488" total="13893632" percent="16">
    <mem type="nursery" free="0" total="3014656" percent="0">
      <mem type="allocate" free="0" total="2686976" percent="0" />
      <mem type="survivor" free="0" total="327680" percent="0" />
    </mem>
    <mem type="tenure" free="2264488" total="10878976" percent="20">
      <mem type="soa" free="1720744" total="10335232" percent="16" />
      <mem type="loa" free="543744" total="543744" percent="100" />
    </mem>
    <remembered-set count="389" />
  </mem-info>
</gc-start>
<allocation-stats totalBytes="2489224" >
  <allocated-bytes non-tlh="720" tlh="2488504" />
  <largest-consumer threadName="node-8" threadId="0000000002382300" bytes="143320" />
</allocation-stats>
<gc-op id="1661" type="scavenge" timems="0.472" contextid="1658" timestamp="2019-07-02T20:56:03.212">
  <scavenger-info tenureage="2" tenuremask="4004" tiltratio="89" />
  <memory-copied type="nursery" objects="3269" bytes="77536" bytesdiscarded="79136" />
  <memory-copied type="tenure" objects="2141" bytes="51384" bytesdiscarded="0" />
</gc-op>
<gc-end id="1662" type="scavenge" contextid="1658" durationms="0.643" usertimems="0.000" systemtimems="0.000" timestamp="2019-07-02T20:56:03.212" activeThreads="4">
  <mem-info id="1663" free="4755624" total="13893632" percent="34">
    <mem type="nursery" free="2530304" total="3014656" percent="83">
      <mem type="allocate" free="2530304" total="2686976" percent="94" />
      <mem type="survivor" free="0" total="327680" percent="0" />
    </mem>
    <mem type="tenure" free="2225320" total="10878976" percent="20" macro-fragmented="0">
      <mem type="soa" free="1681576" total="10335232" percent="16" />
      <mem type="loa" free="543744" total="543744" percent="100" />
    </mem>
    <remembered-set count="291" />
  </mem-info>
</gc-end>
<cycle-end id="1664" type="scavenge" contextid="1658" timestamp="2019-07-02T20:56:03.212">
  <attribute name="GC Util" value="0" />
  <attribute name="CPU Util" value="17" />
  <attribute name="Time Running"value="170426"/>
  <attribute name="Number of cores"value="4"/>
</cycle-end>
<allocation-satisfied id="1665" threadId="0000000002376F00" bytesRequested="32" />
<af-end id="1666" timestamp="2019-07-02T20:56:03.213" threadId="0000000002377888" success="true" from="nursery"/>
<exclusive-end id="1667" timestamp="2019-07-02T20:56:03.213" durationms="1.065" />

<exclusive-start id="1668" timestamp="2019-07-02T20:56:04.696" intervalms="1484.573">
  <response-info timems="0.029" idlems="0.029" threads="0" lastid="000000000234DC00" lastname="node-7" />
</exclusive-start>
<af-start id="1669" threadId="000000000234E588" totalBytesRequested="24" timestamp="2019-07-02T20:56:04.696" intervalms="1484.556" type="nursery" />
<cycle-start id="1670" type="scavenge" contextid="0" timestamp="2019-07-02T20:56:04.696" intervalms="1484.541" />
  <attribute name="GC Util" value="0" />
  <attribute name="CPU Util" value="17" />
  <attribute name="Time Running"value="170426"/>
  <attribute name="Number of cores"value="4"/>
<gc-start id="1671" type="scavenge" contextid="1670" timestamp="2019-07-02T20:56:04.696">
  <mem-info id="1672" free="2225320" total="13893632" percent="16">
    <mem type="nursery" free="0" total="3014656" percent="0">
      <mem type="allocate" free="0" total="2686976" percent="0" />
      <mem type="survivor" free="0" total="327680" percent="0" />
    </mem>
    <mem type="tenure" free="2225320" total="10878976" percent="20">
      <mem type="soa" free="1681576" total="10335232" percent="16" />
      <mem type="loa" free="543744" total="543744" percent="100" />
    </mem>
    <remembered-set count="388" />
  </mem-info>
</gc-start>
<allocation-stats totalBytes="2525840" >
  <allocated-bytes non-tlh="32" tlh="2525808" />
  <largest-consumer threadName="node-9" threadId="0000000002376F00" bytes="143264" />
</allocation-stats>
<gc-op id="1673" type="scavenge" timems="0.418" contextid="1670" timestamp="2019-07-02T20:56:04.697">
  <scavenger-info tenureage="2" tenuremask="4004" tiltratio="89" />
  <memory-copied type="nursery" objects="3329" bytes="81616" bytesdiscarded="114224" />
  <memory-copied type="tenure" objects="1535" bytes="36840" bytesdiscarded="0" />
</gc-op>
<gc-end id="1674" type="scavenge" contextid="1670" durationms="0.755" usertimems="0.000" systemtimems="0.000" timestamp="2019-07-02T20:56:04.697" activeThreads="4">
  <mem-info id="1675" free="4677288" total="13893632" percent="33">
    <mem type="nursery" free="2491136" total="3014656" percent="82">
      <mem type="allocate" free="2491136" total="2686976" percent="92" />
      <mem type="survivor" free="0" total="327680" percent="0" />
    </mem>
    <mem type="tenure" free="2186152" total="10878976" percent="20" macro-fragmented="0">
      <mem type="soa" free="1642408" total="10335232" percent="15" />
      <mem type="loa" free="543744" total="543744" percent="100" />
    </mem>
    <remembered-set count="312" />
  </mem-info>
</gc-end>
<cycle-end id="1676" type="scavenge" contextid="1670" timestamp="2019-07-02T20:56:04.697">
  <attribute name="GC Util" value="0" />
  <attribute name="CPU Util" value="10" />
  <attribute name="Time Running"value="171911"/>
  <attribute name="Number of cores"value="4"/>
</cycle-end>
<allocation-satisfied id="1677" threadId="000000000234DC00" bytesRequested="24" />
<af-end id="1678" timestamp="2019-07-02T20:56:04.697" threadId="000000000234E588" success="true" from="nursery"/>
<exclusive-end id="1679" timestamp="2019-07-02T20:56:04.697" durationms="1.255" />

<exclusive-start id="1680" timestamp="2019-07-02T20:56:06.171" intervalms="1475.286">
  <response-info timems="0.030" idlems="0.030" threads="0" lastid="0000000002376F00" lastname="node-9" />
</exclusive-start>
<af-start id="1681" threadId="0000000002377888" totalBytesRequested="16" timestamp="2019-07-02T20:56:06.172" intervalms="1475.323" type="nursery" />
<cycle-start id="1682" type="scavenge" contextid="0" timestamp="2019-07-02T20:56:06.172" intervalms="1475.387" />
  <attribute name="GC Util" value="0" />
  <attribute name="CPU Util" value="10" />
  <attribute name="Time Running"value="171911"/>
  <attribute name="Number of cores"value="4"/>
<gc-start id="1683" type="scavenge" contextid="1682" timestamp="2019-07-02T20:56:06.172">
  <mem-info id="1684" free="2186152" total="13893632" percent="15">
    <mem type="nursery" free="0" total="3014656" percent="0">
      <mem type="allocate" free="0" total="2686976" percent="0" />
      <mem type="survivor" free="0" total="327680" percent="0" />
    </mem>
    <mem type="tenure" free="2186152" total="10878976" percent="20">
      <mem type="soa" free="1642408" total="10335232" percent="15" />
      <mem type="loa" free="543744" total="543744" percent="100" />
    </mem>
    <remembered-set count="384" />
  </mem-info>
</gc-start>
<allocation-stats totalBytes="2488864" >
  <allocated-bytes non-tlh="24" tlh="2488840" />
  <largest-consumer threadName="node-8" threadId="0000000002382300" bytes="143328" />
</allocation-stats>
<gc-op id="1685" type="scavenge" timems="0.486" contextid="1682" timestamp="2019-07-02T20:56:06.173">
  <scavenger-info tenureage="2" tenuremask="4004" tiltratio="89" />
  <memory-copied type="nursery" objects="2941" bytes="95344" bytesdiscarded="100496" />
  <memory-copied type="tenure" objects="1619" bytes="38856" bytesdiscarded="0" />
</gc-op>
<gc-end id="1686" type="scavenge" contextid="1682" durationms="1.023" usertimems="0.000" systemtimems="0.000" timestamp="2019-07-02T20:56:06.173" activeThreads="4">
  <mem-info id="1687" free="4638120" total="13893632" percent="33">
    <mem type="nursery" free="2491136" total="3014656" percent="82">
      <mem type="allocate" free="2491136" total="2686976" percent="92" />
      <mem type="survivor" free="0" total="327680" percent="0" />
    </mem>
    <mem type="tenure" free="2146984" total="10878976" percent="19" macro-fragmented="0">
      <mem type="soa" free="1603240" total="10335232" percent="15" />
      <mem type="loa" free="543744" total="543744" percent="100" />
    </mem>
    <remembered-set count="289" />
  </mem-info>
</gc-end>
<cycle-end id="1688" type="scavenge" contextid="1682" timestamp="2019-07-02T20:56:06.173">
  <attribute name="GC Util" value="0" />
  <attribute name="CPU Util" value="12" />
  <attribute name="Time Running"value="173387"/>
  <attribute name="Number of cores"value="4"/>
</cycle-end>
<allocation-satisfied id="1689" threadId="0000000002376F00" bytesRequested="16" />
<af-end id="1690" timestamp="2019-07-02T20:56:06.173" threadId="0000000002377888" success="true" from="nursery"/>
<exclusive-end id="1691" timestamp="2019-07-02T20:56:06.173" durationms="1.666" />

<exclusive-start id="1692" timestamp="2019-07-02T20:56:07.906" intervalms="1734.545">
  <response-info timems="0.032" idlems="0.032" threads="0" lastid="000000000234DC00" lastname="node-7" />
</exclusive-start>
<af-start id="1693" threadId="000000000234E588" totalBytesRequested="16" timestamp="2019-07-02T20:56:07.906" intervalms="1734.511" type="nursery" />
<cycle-start id="1694" type="scavenge" contextid="0" timestamp="2019-07-02T20:56:07.906" intervalms="1734.463" />
  <attribute name="GC Util" value="0" />
  <attribute name="CPU Util" value="12" />
  <attribute name="Time Running"value="173387"/>
  <attribute name="Number of cores"value="4"/>
<gc-start id="1695" type="scavenge" contextid="1694" timestamp="2019-07-02T20:56:07.906">
  <mem-info id="1696" free="2146984" total="13893632" percent="15">
    <mem type="nursery" free="0" total="3014656" percent="0">
      <mem type="allocate" free="0" total="2686976" percent="0" />
      <mem type="survivor" free="0" total="327680" percent="0" />
    </mem>
    <mem type="tenure" free="2146984" total="10878976" percent="19">
      <mem type="soa" free="1603240" total="10335232" percent="15" />
      <mem type="loa" free="543744" total="543744" percent="100" />
    </mem>
    <remembered-set count="385" />
  </mem-info>
</gc-start>
<allocation-stats totalBytes="2489144" >
  <allocated-bytes non-tlh="16" tlh="2489128" />
  <largest-consumer threadName="node-8" threadId="0000000002382300" bytes="135600" />
</allocation-stats>
<gc-op id="1697" type="scavenge" timems="1.185" contextid="1694" timestamp="2019-07-02T20:56:07.907">
  <scavenger-info tenureage="2" tenuremask="4004" tiltratio="89" />
  <memory-copied type="nursery" objects="3284" bytes="94936" bytesdiscarded="100904" />
  <memory-copied type="tenure" objects="1569" bytes="37656" bytesdiscarded="0" />
</gc-op>
<gc-end id="1698" type="scavenge" contextid="1694" durationms="1.540" usertimems="0.000" systemtimems="0.000" timestamp="2019-07-02T20:56:07.908" activeThreads="4">
  <mem-info id="1699" free="4598952" total="13893632" percent="33">
    <mem type="nursery" free="2491136" total="3014656" percent="82">
      <mem type="allocate" free="2491136" total="2686976" percent="92" />
      <mem type="survivor" free="0" total="327680" percent="0" />
    </mem>
    <mem type="tenure" free="2107816" total="10878976" percent="19" macro-fragmented="0">
      <mem type="soa" free="1564072" total="10335232" percent="15" />
      <mem type="loa" free="543744" total="543744" percent="100" />
    </mem>
    <remembered-set count="313" />
  </mem-info>
</gc-end>
<cycle-end id="1700" type="scavenge" contextid="1694" timestamp="2019-07-02T20:56:07.908">
  <attribute name="GC Util" value="0" />
  <attribute name="CPU Util" value="11" />
  <attribute name="Time Running"value="175121"/>
  <attribute name="Number of cores"value="4"/>
</cycle-end>
<allocation-satisfied id="1701" threadId="000000000234DC00" bytesRequested="16" />
<af-end id="1702" timestamp="2019-07-02T20:56:07.908" threadId="000000000234E588" success="true" from="nursery"/>
<exclusive-end id="1703" timestamp="2019-07-02T20:56:07.908" durationms="1.983" />

</verbosegc>

