<?xml version="1.0" ?>

<verbosegc xmlns="http://www.ibm.com/j9/verbosegc" version="10b4217_CMPRSS">

<initialized id="1" timestamp="2019-06-17T07:19:44.367">
  <attribute name="gcPolicy" value="-Xgcpolicy:balanced" />
  <attribute name="elasticGC enabled" value="1" />
  <attribute name= "numThreadsSpecified" value="0" />
  <attribute name="heapSize specified" value="0" />
  <attribute name="Current GC Util" value="0" />
  <attribute name= "Current Time Running" value="0" />
  <attribute name ="GC Interval" value="0" />
  <attribute name="ProportionalT" value="0.000000" />
  <attribute name="ProportionalI" value="0.000000" />
  <attribute name="ProportionalH" value="0.000000" />
  <attribute name="IntegralT" value="0.000000" />
  <attribute name="IntegralI" value="0.000000" />
  <attribute name="IntegralH" value="0.000000" />
  <attribute name="DerivativeT" value="0.000000" />
  <attribute name="DerivativeI" value="0.000000" />
  <attribute name="DerivativeH" value="0.000000" />
  <attribute name="Target GC Util Change" value ="0.000000" />
  <attribute name="Current GC Util Change" value="0.000000"/>
  <attribute name="Current Error" value="0.000000" />
  <attribute name="Loop Time for DT" value="0.000000" />
  <attribute name="Output H" value="0"/>
  <attribute name="Output I" value="0"/>
  <attribute name="Output T" value="0"/>
  <attribute name="GC Util currently" value="0" />
  <attribute name="CPU Util currently" value="0" />
  <attribute name="maxHeapSize" value="0x7cb00000" />
  <attribute name="initialHeapSize" value="0x800000" />
  <attribute name="compressedRefs" value="true" />
  <attribute name="compressedRefsDisplacement" value="0x0" />
  <attribute name="compressedRefsShift" value="0x0" />
  <attribute name="pageSize" value="0x1000" />
  <attribute name="pageType" value="not used" />
  <attribute name="requestedPageSize" value="0x1000" />
  <attribute name="requestedPageType" value="not used" />
  <attribute name="gcthreads" value="4" />
  <attribute name="packetListSplit" value="4" />
  <attribute name="cacheListSplit" value="4" />
  <attribute name="splitFreeListSplitAmount" value="1" />
  <attribute name="numaNodes" value="0" />
  <region>
    <attribute name="regionSize" value="1048576" />
    <attribute name="regionCount" value="1995" />
    <attribute name="arrayletLeafSize" value="1048576" />
  </region>
  <system>
    <attribute name="physicalMemory" value="8370958336" />
    <attribute name="numCPUs" value="4" />
    <attribute name="architecture" value="amd64" />
    <attribute name="os" value="Linux" />
    <attribute name="osVersion" value="4.4.0-150-generic" />
  </system>
  <vmargs>
    <vmarg name="-Xoptionsfile=/vagrant/jdk/lib/options.default" />
    <vmarg name="-Xlockword:mode=default,noLockword=java/lang/String,noLockword=java/util/MapEntry,noLockword=java/util/HashMap$Entry,noLockword..." />
    <vmarg name="-Xjcl:jclse29" />
    <vmarg name="-Dcom.ibm.oti.vm.bootstrap.library.path=/vagrant/jdk/lib/compressedrefs:/vagrant/jdk/lib" />
    <vmarg name="-Dsun.boot.library.path=/vagrant/jdk/lib/compressedrefs:/vagrant/jdk/lib" />
    <vmarg name="-Djava.library.path=/vagrant/jdk/lib/compressedrefs:/vagrant/jdk/lib:/usr/lib64:/usr/lib" />
    <vmarg name="-Djava.home=/vagrant/jdk" />
    <vmarg name="-Duser.dir=/vagrant" />
    <vmarg name="-Xgcpolicy:balanced" />
    <vmarg name="-Xgcelastic" />
    <vmarg name="-Xcheck:gc:::elasticGC" />
    <vmarg name="-verbose:gc" />
    <vmarg name="-Xloggc:jdk1.5-1-1.5-large-BAL-4CORE-elasticverbose12sunflow.txt" />
    <vmarg name="-Djava.class.path=dacapo-9.12-MR1-bach.jar" />
    <vmarg name="-Dsun.java.command=dacapo-9.12-MR1-bach.jar sunflow --size=large" />
    <vmarg name="-Dsun.java.launcher=SUN_STANDARD" />
    <vmarg name="-Dsun.java.launcher.pid=14317" />
  </vmargs>
</initialized>

<exclusive-start id="2" timestamp="2019-06-17T07:19:44.940" intervalms="573.239">
  <response-info timems="0.022" idlems="0.022" threads="0" lastid="00000000009D0700" lastname="main" />
</exclusive-start>
<allocation-taxation id="3" taxation-threshold="8388608" timestamp="2019-06-17T07:19:44.940" intervalms="573.541" />
<cycle-start id="4" type="partial gc" contextid="0" timestamp="2019-06-17T07:19:44.940" intervalms="573.815" />
<gc-start id="5" type="partial gc" contextid="4" timestamp="2019-06-17T07:19:44.941">
  <mem-info id="6" free="0" total="8388608" percent="0">
    <mem type="eden" free="80" total="8388608" percent="0" />
    <arraylet-primitive objects="1" leaves="1" largest="1" />
    <remembered-set count="0" freebytes="334848" totalbytes="334848" percent="100" regionsoverflowed="0" regionsstable="0" regionsrebuilding="0"/>
  </mem-info>
</gc-start>
<allocation-stats totalBytes="8380808" >
  <allocated-bytes non-tlh="1288352" tlh="6043880" arrayletleaf="1048576"/>
  <largest-consumer threadName="main" threadId="00000000009D0700" bytes="8307160" />
</allocation-stats>
<gc-op id="7" type="mark" timems="4.028" contextid="4" timestamp="2019-06-17T07:19:44.946">
  <trace-info objectcount="30304" scancount="23633" scanbytes="765340" />
  <remembered-set-cleared processed="0" cleared="0" durationms="0.191" />
  <finalization candidates="125" enqueued="1" />
  <ownableSynchronizers candidates="3" cleared="0" />
  <references type="soft" candidates="131" cleared="0" enqueued="0" dynamicThreshold="32" maxThreshold="32" />
  <references type="weak" candidates="1321" cleared="568" enqueued="478" />
  <references type="phantom" candidates="106" cleared="42" enqueued="42" />
  <stringconstants candidates="3958" cleared="0"  />
  <warning details="Mark for calibration purposes" />
</gc-op>
<gc-op id="8" type="classunload" timems="0.047" contextid="4" timestamp="2019-06-17T07:19:44.946">
  <classunload-info classloadercandidates="7" classloadersunloaded="0" classesunloaded="0" anonymousclassesunloaded="0" quiescems="0.000" setupms="0.046" scanms="0.000" postms="0.000" />
</gc-op>
<gc-op id="9" type="sweep" timems="0.505" contextid="4" timestamp="2019-06-17T07:19:44.947" />
<gc-op id="10" type="compact" timems="4.727" contextid="4" timestamp="2019-06-17T07:19:44.952">
  <compact-info movecount="30304" movebytes="2124096" />
  <remembered-set-cleared processed="0" cleared="0" durationms="0.191" />
</gc-op>
<heap-resize id="11" type="expand" space="default" amount="1048576" count="1" timems="0.064" reason="insufficient free space following gc" timestamp="2019-06-17T07:19:44.952" />
<gc-end id="12" type="partial gc" contextid="4" durationms="11.657" usertimems="12.000" systemtimems="0.000" timestamp="2019-06-17T07:19:44.952" activeThreads="4">
  <mem-info id="13" free="5242880" total="9437184" percent="55">
    <mem type="eden" free="1021408" total="4194304" percent="24" />
    <arraylet-primitive objects="1" leaves="1" largest="1" />
    <pending-finalizers system="1" default="0" reference="520" classloader="0" />
    <remembered-set count="1536" freebytes="370560" totalbytes="376704" percent="98" regionsoverflowed="0" regionsstable="0" regionsrebuilding="0"/>
  </mem-info>
</gc-end>
<cycle-end id="14" type="partial gc" contextid="4" timestamp="2019-06-17T07:19:44.953" />
  <attribute name="elasticGC enabled" value="1" />
  <attribute name= "numThreadsSpecified" value="4" />
  <attribute name="heapSize specified" value="0" />
  <attribute name="Current GC Util" value="52" />
  <attribute name= "Current Time Running" value="466" />
  <attribute name ="GC Interval" value="0" />
  <attribute name="ProportionalT" value="48.000000" />
  <attribute name="ProportionalI" value="48.000000" />
  <attribute name="ProportionalH" value="48.000000" />
  <attribute name="Current Error" value="32.000000" />
  <attribute name="IntegralT" value="-8773.000000" />
  <attribute name="IntegralI" value="-8773.000000" />
  <attribute name="IntegralH" value="-8773.000000" />
  <attribute name="DerivativeT" value="-54.000000" />
  <attribute name="DerivativeI" value="-54.000000" />
  <attribute name="DerivativeH" value="-54.000000" />
  <attribute name="Loop Time for DT" value="1.000000" />
  <attribute name="Output H" value="2091843584"/>
  <attribute name="Output I" value="200"/>
  <attribute name="Output T" value="4"/>
  <attribute name="Target GC Util Change" value ="20.000000" />
  <attribute name="Current GC Util Change" value="52.000000"/>
  <attribute name="GC Util currently" value="52" />
  <attribute name="CPU Util currently" value="5286121059843" />
<exclusive-end id="15" timestamp="2019-06-17T07:19:44.953" durationms="12.868" />

<exclusive-start id="16" timestamp="2019-06-17T07:19:44.970" intervalms="29.935">
  <response-info timems="0.033" idlems="0.033" threads="0" lastid="00000000009D0700" lastname="main" />
</exclusive-start>
<sys-start reason="explicit" id="17" timestamp="2019-06-17T07:19:44.970" intervalms="603.289" />
<cycle-start id="18" type="global garbage collect" contextid="0" timestamp="2019-06-17T07:19:44.970" intervalms="603.621" />
<gc-start id="19" type="global garbage collect" contextid="18" timestamp="2019-06-17T07:19:44.970">
  <mem-info id="20" free="1572864" total="9437184" percent="16">
    <mem type="eden" free="524288" total="4194304" percent="12" />
    <arraylet-primitive objects="2" leaves="2" largest="1" />
    <remembered-set count="1536" freebytes="370560" totalbytes="376704" percent="98" regionsoverflowed="0" regionsstable="0" regionsrebuilding="0"/>
  </mem-info>
</gc-start>
<allocation-stats totalBytes="3669608" >
  <allocated-bytes non-tlh="88" tlh="2620944" arrayletleaf="1048576"/>
  <largest-consumer threadName="main" threadId="00000000009D0700" bytes="3653536" />
</allocation-stats>
<gc-op id="21" type="global mark" timems="2.925" contextid="18" timestamp="2019-06-17T07:19:44.974">
  <trace-info objectcount="29352" scancount="22833" scanbytes="751044" />
  <finalization candidates="124" enqueued="0" />
  <ownableSynchronizers candidates="3" cleared="0" />
  <references type="soft" candidates="131" cleared="0" enqueued="0" dynamicThreshold="17" maxThreshold="32" />
  <references type="weak" candidates="755" cleared="2" enqueued="2" />
  <references type="phantom" candidates="63" cleared="0" enqueued="0" />
  <stringconstants candidates="3958" cleared="0"  />
</gc-op>
<gc-op id="22" type="classunload" timems="0.003" contextid="18" timestamp="2019-06-17T07:19:44.974">
  <classunload-info classloadercandidates="7" classloadersunloaded="0" classesunloaded="0" anonymousclassesunloaded="0" quiescems="0.000" setupms="0.003" scanms="0.000" postms="0.000" />
</gc-op>
<gc-op id="23" type="sweep" timems="0.330" contextid="18" timestamp="2019-06-17T07:19:44.974" />
<gc-op id="24" type="compact" timems="4.217" contextid="18" timestamp="2019-06-17T07:19:44.979">
  <compact-info movecount="28737" movebytes="1275896" />
  <remembered-set-cleared processed="1875" cleared="1875" durationms="0.047" />
</gc-op>
<gc-end id="25" type="global garbage collect" contextid="18" durationms="8.406" usertimems="12.000" systemtimems="0.000" timestamp="2019-06-17T07:19:44.979" activeThreads="4">
  <mem-info id="26" free="4194304" total="9437184" percent="44">
    <arraylet-primitive objects="2" leaves="2" largest="1" />
    <pending-finalizers system="0" default="0" reference="2" classloader="0" />
    <remembered-set count="1536" freebytes="370560" totalbytes="376704" percent="98" regionsoverflowed="0" regionsstable="0" regionsrebuilding="0"/>
  </mem-info>
</gc-end>
<cycle-end id="27" type="global garbage collect" contextid="18" timestamp="2019-06-17T07:19:44.979" />
  <attribute name="elasticGC enabled" value="1" />
  <attribute name= "numThreadsSpecified" value="4" />
  <attribute name="heapSize specified" value="0" />
  <attribute name="Current GC Util" value="25" />
  <attribute name= "Current Time Running" value="494" />
  <attribute name ="GC Interval" value="0" />
  <attribute name="ProportionalT" value="7.500000" />
  <attribute name="ProportionalI" value="7.500000" />
  <attribute name="ProportionalH" value="7.500000" />
  <attribute name="Current Error" value="5.000000" />
  <attribute name="IntegralT" value="5.000000" />
  <attribute name="IntegralI" value="5.000000" />
  <attribute name="IntegralH" value="5.000000" />
  <attribute name="DerivativeT" value="-153.000000" />
  <attribute name="DerivativeI" value="-153.000000" />
  <attribute name="DerivativeH" value="-153.000000" />
  <attribute name="Loop Time for DT" value="1.000000" />
  <attribute name="Output H" value="2091843584"/>
  <attribute name="Output I" value="200"/>
  <attribute name="Output T" value="4"/>
  <attribute name="Target GC Util Change" value ="20.000000" />
  <attribute name="Current GC Util Change" value="25.000000"/>
  <attribute name="GC Util currently" value="25" />
  <attribute name="CPU Util currently" value="8828001175317" />
<sys-end id="28" timestamp="2019-06-17T07:19:44.979" />
<exclusive-end id="29" timestamp="2019-06-17T07:19:44.979" durationms="9.342" />

<exclusive-start id="30" timestamp="2019-06-17T07:19:45.143" intervalms="173.413">
  <response-info timems="0.073" idlems="0.073" threads="0" lastid="0000000000D21D00" lastname="Thread-3" />
</exclusive-start>
<allocation-taxation id="31" taxation-threshold="4194304" timestamp="2019-06-17T07:19:45.143" intervalms="203.134" />
<cycle-start id="32" type="partial gc" contextid="0" timestamp="2019-06-17T07:19:45.143" intervalms="202.956" />
<gc-start id="33" type="partial gc" contextid="32" timestamp="2019-06-17T07:19:45.144">
  <mem-info id="34" free="0" total="9437184" percent="0">
    <mem type="eden" free="0" total="4194304" percent="0" />
    <arraylet-primitive objects="2" leaves="2" largest="1" />
    <remembered-set count="1536" freebytes="370560" totalbytes="376704" percent="98" regionsoverflowed="0" regionsstable="0" regionsrebuilding="0"/>
  </mem-info>
</gc-start>
<allocation-stats totalBytes="4179480" >
  <allocated-bytes non-tlh="489880" tlh="3689600" arrayletleaf="0"/>
  <largest-consumer threadName="main" threadId="00000000009D0700" bytes="3032456" />
</allocation-stats>
<gc-op id="35" type="mark" timems="1.406" contextid="32" timestamp="2019-06-17T07:19:45.146">
  <trace-info objectcount="11060" scancount="7686" scanbytes="228256" />
  <cardclean-info objects="480" bytes="21720" />
  <remembered-set-cleared processed="661" cleared="36" durationms="0.064" />
  <references type="soft" candidates="17" cleared="0" enqueued="0" dynamicThreshold="14" maxThreshold="32" />
  <references type="weak" candidates="45" cleared="29" enqueued="28" />
  <references type="phantom" candidates="2" cleared="0" enqueued="0" />
  <stringconstants candidates="4509" cleared="1"  />
  <warning details="Mark invoked due to insufficient free space for Copy-Forward" />
</gc-op>
<gc-op id="36" type="classunload" timems="0.003" contextid="32" timestamp="2019-06-17T07:19:45.146">
  <classunload-info classloadercandidates="8" classloadersunloaded="0" classesunloaded="0" anonymousclassesunloaded="0" quiescems="0.000" setupms="0.003" scanms="0.000" postms="0.000" />
</gc-op>
<gc-op id="37" type="sweep" timems="0.458" contextid="32" timestamp="2019-06-17T07:19:45.146" />
<gc-op id="38" type="compact" timems="2.168" contextid="32" timestamp="2019-06-17T07:19:45.149">
  <compact-info movecount="10686" movebytes="1569240" />
  <remembered-set-cleared processed="2676" cleared="1417" durationms="0.069" />
</gc-op>
<heap-resize id="39" type="expand" space="default" amount="4194304" count="1" timems="0.091" reason="insufficient free space following gc" timestamp="2019-06-17T07:19:45.149" />
<gc-end id="40" type="partial gc" contextid="32" durationms="5.548" usertimems="4.000" systemtimems="4.000" timestamp="2019-06-17T07:19:45.149" activeThreads="4">
  <mem-info id="41" free="6291456" total="13631488" percent="46">
    <mem type="eden" free="512000" total="2097152" percent="24" />
    <arraylet-primitive objects="2" leaves="2" largest="1" />
    <pending-finalizers system="0" default="0" reference="28" classloader="0" />
    <remembered-set count="2880" freebytes="532608" totalbytes="544128" percent="97" regionsoverflowed="0" regionsstable="0" regionsrebuilding="0"/>
  </mem-info>
</gc-end>
<cycle-end id="42" type="partial gc" contextid="32" timestamp="2019-06-17T07:19:45.149" />
  <attribute name="elasticGC enabled" value="1" />
  <attribute name= "numThreadsSpecified" value="4" />
  <attribute name="heapSize specified" value="0" />
  <attribute name="Current GC Util" value="27" />
  <attribute name= "Current Time Running" value="666" />
  <attribute name ="GC Interval" value="0" />
  <attribute name="ProportionalT" value="10.500000" />
  <attribute name="ProportionalI" value="10.500000" />
  <attribute name="ProportionalH" value="10.500000" />
  <attribute name="Current Error" value="7.000000" />
  <attribute name="IntegralT" value="7.000000" />
  <attribute name="IntegralI" value="7.000000" />
  <attribute name="IntegralH" value="7.000000" />
  <attribute name="DerivativeT" value="10.500000" />
  <attribute name="DerivativeI" value="10.500000" />
  <attribute name="DerivativeH" value="10.500000" />
  <attribute name="Loop Time for DT" value="1.000000" />
  <attribute name="Output H" value="8388608"/>
  <attribute name="Output I" value="200"/>
  <attribute name="Output T" value="4"/>
  <attribute name="Target GC Util Change" value ="20.000000" />
  <attribute name="Current GC Util Change" value="27.000000"/>
  <attribute name="GC Util currently" value="27" />
  <attribute name="CPU Util currently" value="6673283513523" />
<exclusive-end id="43" timestamp="2019-06-17T07:19:45.150" durationms="6.353" />

<exclusive-start id="44" timestamp="2019-06-17T07:19:45.236" intervalms="92.364">
  <response-info timems="0.106" idlems="0.106" threads="0" lastid="0000000000D29500" lastname="Thread-5" />
</exclusive-start>
<allocation-taxation id="45" taxation-threshold="3145728" timestamp="2019-06-17T07:19:45.236" intervalms="92.451" />
<cycle-start id="46" type="global mark phase" contextid="0" timestamp="2019-06-17T07:19:45.236" intervalms="869.254" />
<gc-start id="47" type="global mark phase" contextid="46" timestamp="2019-06-17T07:19:45.236">
  <mem-info id="48" free="3145728" total="13631488" percent="23">
    <remembered-set count="2400" freebytes="534528" totalbytes="544128" percent="98" regionsoverflowed="0" regionsstable="0" regionsrebuilding="0"/>
  </mem-info>
</gc-start>
<gc-op id="49" type="mark increment" timems="0.635" contextid="46" timestamp="2019-06-17T07:19:45.237">
  <trace-info objectcount="178" scancount="0" scanbytes="0" />
</gc-op>
<gc-end id="50" type="global mark phase" contextid="46" durationms="0.809" usertimems="0.000" systemtimems="0.000" timestamp="2019-06-17T07:19:45.237" activeThreads="4">
  <mem-info id="51" free="3145728" total="13631488" percent="23">
    <remembered-set count="2400" freebytes="534528" totalbytes="544128" percent="98" regionsoverflowed="0" regionsstable="0" regionsrebuilding="0"/>
  </mem-info>
</gc-end>
<concurrent-start id="52" type="GMP work packet processing" contextid="46" timestamp="2019-06-17T07:19:45.237">
  <concurrent-mark-start scanTarget="18446744073709551615" />
</concurrent-start>
<exclusive-end id="53" timestamp="2019-06-17T07:19:45.238" durationms="2.484" />

<concurrent-end id="54" type="GMP work packet processing" contextid="46" timestamp="2019-06-17T07:19:45.240">
  <concurrent-mark-end bytesScanned="1187552" reasonForTermination="Completed all work in GC phase" />
</concurrent-end>

<exclusive-start id="55" timestamp="2019-06-17T07:19:45.247" intervalms="11.461">
  <response-info timems="0.065" idlems="0.065" threads="0" lastid="0000000000D29500" lastname="Thread-5" />
</exclusive-start>
<allocation-taxation id="56" taxation-threshold="3145728" timestamp="2019-06-17T07:19:45.247" intervalms="11.454" />
<cycle-start id="57" type="partial gc" contextid="0" timestamp="2019-06-17T07:19:45.247" intervalms="104.014" />
<gc-start id="58" type="partial gc" contextid="57" timestamp="2019-06-17T07:19:45.248">
  <mem-info id="59" free="0" total="13631488" percent="0">
    <mem type="eden" free="0" total="6291456" percent="0" />
    <arraylet-primitive objects="2" leaves="2" largest="1" />
    <remembered-set count="2400" freebytes="534528" totalbytes="544128" percent="98" regionsoverflowed="0" regionsstable="0" regionsrebuilding="0"/>
  </mem-info>
</gc-start>
<allocation-stats totalBytes="6263800" >
  <allocated-bytes non-tlh="872240" tlh="5391560" arrayletleaf="0"/>
  <largest-consumer threadName="Thread-5" threadId="0000000000D29500" bytes="3133752" />
</allocation-stats>
<gc-op id="60" type="mark" timems="1.459" contextid="57" timestamp="2019-06-17T07:19:45.250">
  <trace-info objectcount="14624" scancount="11772" scanbytes="438432" />
  <cardclean-info objects="131" bytes="10200" />
  <remembered-set-cleared processed="1213" cleared="580" durationms="0.064" />
  <references type="soft" candidates="17" cleared="0" enqueued="0" dynamicThreshold="7" maxThreshold="32" />
  <references type="weak" candidates="16" cleared="0" enqueued="0" />
  <references type="phantom" candidates="2" cleared="0" enqueued="0" />
  <stringconstants candidates="4533" cleared="0"  />
  <warning details="Mark invoked due to insufficient free space for Copy-Forward" />
</gc-op>
<gc-op id="61" type="classunload" timems="0.002" contextid="57" timestamp="2019-06-17T07:19:45.250">
  <classunload-info classloadercandidates="8" classloadersunloaded="0" classesunloaded="0" anonymousclassesunloaded="0" quiescems="0.000" setupms="0.002" scanms="0.000" postms="0.000" />
</gc-op>
<gc-op id="62" type="sweep" timems="0.526" contextid="57" timestamp="2019-06-17T07:19:45.251" />
<gc-op id="63" type="compact" timems="2.375" contextid="57" timestamp="2019-06-17T07:19:45.253">
  <compact-info movecount="14624" movebytes="1338248" />
  <remembered-set-cleared processed="3122" cleared="1853" durationms="0.064" />
</gc-op>
<gc-end id="64" type="partial gc" contextid="57" durationms="5.762" usertimems="8.000" systemtimems="0.000" timestamp="2019-06-17T07:19:45.253" activeThreads="4">
  <mem-info id="65" free="6291456" total="13631488" percent="46">
    <mem type="eden" free="406024" total="1048576" percent="38" />
    <arraylet-primitive objects="2" leaves="2" largest="1" />
    <remembered-set count="2880" freebytes="532608" totalbytes="544128" percent="97" regionsoverflowed="0" regionsstable="0" regionsrebuilding="0"/>
  </mem-info>
</gc-end>
<cycle-end id="66" type="partial gc" contextid="57" timestamp="2019-06-17T07:19:45.254" />
  <attribute name="elasticGC enabled" value="1" />
  <attribute name= "numThreadsSpecified" value="4" />
  <attribute name="heapSize specified" value="0" />
  <attribute name="Current GC Util" value="23" />
  <attribute name= "Current Time Running" value="770" />
  <attribute name ="GC Interval" value="0" />
  <attribute name="ProportionalT" value="4.500000" />
  <attribute name="ProportionalI" value="4.500000" />
  <attribute name="ProportionalH" value="4.500000" />
  <attribute name="Current Error" value="3.000000" />
  <attribute name="IntegralT" value="3.000000" />
  <attribute name="IntegralI" value="3.000000" />
  <attribute name="IntegralH" value="3.000000" />
  <attribute name="DerivativeT" value="4.500000" />
  <attribute name="DerivativeI" value="4.500000" />
  <attribute name="DerivativeH" value="4.500000" />
  <attribute name="Loop Time for DT" value="1.000000" />
  <attribute name="Output H" value="8388608"/>
  <attribute name="Output I" value="200"/>
  <attribute name="Output T" value="4"/>
  <attribute name="Target GC Util Change" value ="20.000000" />
  <attribute name="Current GC Util Change" value="23.000000"/>
  <attribute name="GC Util currently" value="23" />
  <attribute name="CPU Util currently" value="6115191447780" />
<exclusive-end id="67" timestamp="2019-06-17T07:19:45.254" durationms="6.829" />

<exclusive-start id="68" timestamp="2019-06-17T07:19:45.283" intervalms="35.573">
  <response-info timems="0.037" idlems="0.037" threads="0" lastid="0000000000D21D00" lastname="Thread-9" />
</exclusive-start>
<allocation-taxation id="69" taxation-threshold="3145728" timestamp="2019-06-17T07:19:45.283" intervalms="35.579" />
<gc-start id="70" type="global mark phase" contextid="46" timestamp="2019-06-17T07:19:45.283">
  <mem-info id="71" free="3145728" total="13631488" percent="23">
    <remembered-set count="2400" freebytes="534528" totalbytes="544128" percent="98" regionsoverflowed="0" regionsstable="0" regionsrebuilding="0"/>
  </mem-info>
</gc-start>
<gc-op id="72" type="mark increment" timems="2.173" contextid="46" timestamp="2019-06-17T07:19:45.285">
  <trace-info objectcount="34585" scancount="31667" scanbytes="1467528" />
  <cardclean-info objects="514" bytes="22868" />
  <finalization candidates="124" enqueued="0" />
  <ownableSynchronizers candidates="3" cleared="0" />
  <references type="soft" candidates="148" cleared="0" enqueued="0" dynamicThreshold="14" maxThreshold="32" />
  <references type="weak" candidates="769" cleared="0" enqueued="0" />
  <references type="phantom" candidates="65" cleared="2" enqueued="2" />
  <stringconstants candidates="4596" cleared="0"  />
</gc-op>
<gc-op id="73" type="classunload" timems="0.004" contextid="46" timestamp="2019-06-17T07:19:45.285">
  <classunload-info classloadercandidates="8" classloadersunloaded="0" classesunloaded="0" anonymousclassesunloaded="0" quiescems="0.000" setupms="0.004" scanms="0.000" postms="0.000" />
</gc-op>
<gc-end id="74" type="global mark phase" contextid="46" durationms="2.615" usertimems="4.000" systemtimems="0.000" timestamp="2019-06-17T07:19:45.286" activeThreads="4">
  <mem-info id="75" free="3145728" total="13631488" percent="23">
    <pending-finalizers system="0" default="0" reference="2" classloader="0" />
    <remembered-set count="2400" freebytes="534528" totalbytes="544128" percent="98" regionsoverflowed="0" regionsstable="0" regionsrebuilding="0"/>
  </mem-info>
</gc-end>
<cycle-end id="76" type="global mark phase" contextid="46" timestamp="2019-06-17T07:19:45.286" />
  <attribute name="elasticGC enabled" value="1" />
  <attribute name= "numThreadsSpecified" value="4" />
  <attribute name="heapSize specified" value="0" />
  <attribute name="Current GC Util" value="81" />
  <attribute name= "Current Time Running" value="804" />
  <attribute name ="GC Interval" value="0" />
  <attribute name="ProportionalT" value="91.500000" />
  <attribute name="ProportionalI" value="91.500000" />
  <attribute name="ProportionalH" value="91.500000" />
  <attribute name="Current Error" value="61.000000" />
  <attribute name="IntegralT" value="61.000000" />
  <attribute name="IntegralI" value="61.000000" />
  <attribute name="IntegralH" value="61.000000" />
  <attribute name="DerivativeT" value="19.500000" />
  <attribute name="DerivativeI" value="19.500000" />
  <attribute name="DerivativeH" value="19.500000" />
  <attribute name="Loop Time for DT" value="1.000000" />
  <attribute name="Output H" value="8388608"/>
  <attribute name="Output I" value="200"/>
  <attribute name="Output T" value="4"/>
  <attribute name="Target GC Util Change" value ="20.000000" />
  <attribute name="Current GC Util Change" value="81.000000"/>
  <attribute name="GC Util currently" value="81" />
  <attribute name="CPU Util currently" value="5206062130978" />
<exclusive-end id="77" timestamp="2019-06-17T07:19:45.286" durationms="3.349" />

<exclusive-start id="78" timestamp="2019-06-17T07:19:45.317" intervalms="34.897">
  <response-info timems="0.337" idlems="0.216" threads="2" lastid="0000000000D2D100" lastname="Thread-7" />
</exclusive-start>
<allocation-taxation id="79" taxation-threshold="3145728" timestamp="2019-06-17T07:19:45.318" intervalms="34.894" />
<cycle-start id="80" type="partial gc" contextid="0" timestamp="2019-06-17T07:19:45.318" intervalms="70.354" />
<gc-start id="81" type="partial gc" contextid="80" timestamp="2019-06-17T07:19:45.318">
  <mem-info id="82" free="0" total="13631488" percent="0">
    <mem type="eden" free="0" total="6291456" percent="0" />
    <arraylet-primitive objects="2" leaves="2" largest="1" />
    <remembered-set count="2400" freebytes="534528" totalbytes="544128" percent="98" regionsoverflowed="0" regionsstable="0" regionsrebuilding="0"/>
  </mem-info>
</gc-start>
<allocation-stats totalBytes="6258552" >
  <allocated-bytes non-tlh="486480" tlh="5772072" arrayletleaf="0"/>
  <largest-consumer threadName="Thread-9" threadId="0000000000D21D00" bytes="1003328" />
</allocation-stats>
<gc-op id="83" type="sweep" timems="0.650" contextid="80" timestamp="2019-06-17T07:19:45.319" />
<gc-op id="84" type="mark" timems="1.746" contextid="80" timestamp="2019-06-17T07:19:45.321">
  <trace-info objectcount="25713" scancount="25469" scanbytes="1281032" />
  <cardclean-info objects="282" bytes="10616" />
  <remembered-set-cleared processed="1227" cleared="47" durationms="0.069" />
  <stringconstants candidates="4596" cleared="0"  />
  <warning details="Mark invoked due to insufficient free space for Copy-Forward" />
</gc-op>
<gc-op id="85" type="classunload" timems="0.015" contextid="80" timestamp="2019-06-17T07:19:45.321">
  <classunload-info classloadercandidates="8" classloadersunloaded="0" classesunloaded="0" anonymousclassesunloaded="0" quiescems="0.000" setupms="0.015" scanms="0.000" postms="0.000" />
</gc-op>
<gc-op id="86" type="sweep" timems="0.477" contextid="80" timestamp="2019-06-17T07:19:45.322" />
<gc-op id="87" type="compact" timems="2.762" contextid="80" timestamp="2019-06-17T07:19:45.325">
  <compact-info movecount="23359" movebytes="1795408" />
  <remembered-set-cleared processed="2573" cleared="196" durationms="0.069" />
</gc-op>
<heap-resize id="88" type="expand" space="default" amount="2097152" count="1" timems="0.073" reason="insufficient free space following gc" timestamp="2019-06-17T07:19:45.325" />
<gc-end id="89" type="partial gc" contextid="80" durationms="7.470" usertimems="4.000" systemtimems="8.000" timestamp="2019-06-17T07:19:45.325" activeThreads="4">
  <mem-info id="90" free="6291456" total="15728640" percent="40">
    <mem type="eden" free="705128" total="2097152" percent="33" />
    <arraylet-primitive objects="2" leaves="2" largest="1" />
    <remembered-set count="2912" freebytes="616192" totalbytes="627840" percent="98" regionsoverflowed="0" regionsstable="0" regionsrebuilding="0"/>
  </mem-info>
</gc-end>
<cycle-end id="91" type="partial gc" contextid="80" timestamp="2019-06-17T07:19:45.326" />
  <attribute name="elasticGC enabled" value="1" />
  <attribute name= "numThreadsSpecified" value="4" />
  <attribute name="heapSize specified" value="0" />
  <attribute name="Current GC Util" value="22" />
  <attribute name= "Current Time Running" value="841" />
  <attribute name ="GC Interval" value="0" />
  <attribute name="ProportionalT" value="3.000000" />
  <attribute name="ProportionalI" value="3.000000" />
  <attribute name="ProportionalH" value="3.000000" />
  <attribute name="Current Error" value="2.000000" />
  <attribute name="IntegralT" value="0.000000" />
  <attribute name="IntegralI" value="0.000000" />
  <attribute name="IntegralH" value="0.000000" />
  <attribute name="DerivativeT" value="-inf" />
  <attribute name="DerivativeI" value="-inf" />
  <attribute name="DerivativeH" value="-inf" />
  <attribute name="Loop Time for DT" value="0.000000" />
  <attribute name="Output H" value="2091843584"/>
  <attribute name="Output I" value="200"/>
  <attribute name="Output T" value="4"/>
  <attribute name="Target GC Util Change" value ="20.000000" />
  <attribute name="Current GC Util Change" value="22.000000"/>
  <attribute name="GC Util currently" value="22" />
  <attribute name="CPU Util currently" value="6328066470322" />
<exclusive-end id="92" timestamp="2019-06-17T07:19:45.326" durationms="8.237" />

<exclusive-start id="93" timestamp="2019-06-17T07:19:45.349" intervalms="31.428">
  <response-info timems="0.051" idlems="0.051" threads="0" lastid="0000000000D21D00" lastname="Thread-9" />
</exclusive-start>
<allocation-taxation id="94" taxation-threshold="6291456" timestamp="2019-06-17T07:19:45.349" intervalms="31.368" />
<cycle-start id="95" type="partial gc" contextid="0" timestamp="2019-06-17T07:19:45.349" intervalms="31.376" />
<gc-start id="96" type="partial gc" contextid="95" timestamp="2019-06-17T07:19:45.349">
  <mem-info id="97" free="0" total="15728640" percent="0">
    <mem type="eden" free="0" total="6291456" percent="0" />
    <arraylet-primitive objects="2" leaves="2" largest="1" />
    <remembered-set count="2816" freebytes="616576" totalbytes="627840" percent="98" regionsoverflowed="0" regionsstable="0" regionsrebuilding="0"/>
  </mem-info>
</gc-start>
<allocation-stats totalBytes="6290456" >
  <allocated-bytes non-tlh="0" tlh="6290456" arrayletleaf="0"/>
  <largest-consumer threadName="Thread-8" threadId="0000000000D29500" bytes="2547328" />
</allocation-stats>
<gc-op id="98" type="mark" timems="1.592" contextid="95" timestamp="2019-06-17T07:19:45.351">
  <trace-info objectcount="23654" scancount="23569" scanbytes="1120160" />
  <cardclean-info objects="30" bytes="1972" />
  <remembered-set-cleared processed="1359" cleared="138" durationms="0.072" />
  <stringconstants candidates="4596" cleared="0"  />
  <warning details="Mark invoked due to insufficient free space for Copy-Forward" />
</gc-op>
<gc-op id="99" type="classunload" timems="0.003" contextid="95" timestamp="2019-06-17T07:19:45.352">
  <classunload-info classloadercandidates="8" classloadersunloaded="0" classesunloaded="0" anonymousclassesunloaded="0" quiescems="0.000" setupms="0.003" scanms="0.000" postms="0.000" />
</gc-op>
<gc-op id="100" type="sweep" timems="0.454" contextid="95" timestamp="2019-06-17T07:19:45.352" />
<gc-op id="101" type="compact" timems="2.744" contextid="95" timestamp="2019-06-17T07:19:45.355">
  <compact-info movecount="18972" movebytes="1134304" />
  <remembered-set-cleared processed="2807" cleared="404" durationms="0.072" />
</gc-op>
<heap-resize id="102" type="expand" space="default" amount="1048576" count="1" timems="0.066" reason="insufficient free space following gc" timestamp="2019-06-17T07:19:45.355" />
<gc-end id="103" type="partial gc" contextid="95" durationms="6.169" usertimems="4.000" systemtimems="0.000" timestamp="2019-06-17T07:19:45.356" activeThreads="1">
  <mem-info id="104" free="6291456" total="16777216" percent="37">
    <mem type="eden" free="986280" total="1048576" percent="94" />
    <arraylet-primitive objects="2" leaves="2" largest="1" />
    <remembered-set count="3136" freebytes="657152" totalbytes="669696" percent="98" regionsoverflowed="0" regionsstable="0" regionsrebuilding="0"/>
  </mem-info>
</gc-end>
<cycle-end id="105" type="partial gc" contextid="95" timestamp="2019-06-17T07:19:45.356" />
  <attribute name="elasticGC enabled" value="1" />
  <attribute name= "numThreadsSpecified" value="1" />
  <attribute name="heapSize specified" value="0" />
  <attribute name="Current GC Util" value="23" />
  <attribute name= "Current Time Running" value="871" />
  <attribute name ="GC Interval" value="0" />
  <attribute name="ProportionalT" value="4.500000" />
  <attribute name="ProportionalI" value="4.500000" />
  <attribute name="ProportionalH" value="4.500000" />
  <attribute name="Current Error" value="3.000000" />
  <attribute name="IntegralT" value="0.000000" />
  <attribute name="IntegralI" value="0.000000" />
  <attribute name="IntegralH" value="0.000000" />
  <attribute name="DerivativeT" value="inf" />
  <attribute name="DerivativeI" value="inf" />
  <attribute name="DerivativeH" value="inf" />
  <attribute name="Loop Time for DT" value="0.000000" />
  <attribute name="Output H" value="8388608"/>
  <attribute name="Output I" value="200"/>
  <attribute name="Output T" value="1"/>
  <attribute name="Target GC Util Change" value ="20.000000" />
  <attribute name="Current GC Util Change" value="23.000000"/>
  <attribute name="GC Util currently" value="23" />
  <attribute name="CPU Util currently" value="7167157539309" />
<exclusive-end id="106" timestamp="2019-06-17T07:19:45.356" durationms="6.934" />

<exclusive-start id="107" timestamp="2019-06-17T07:19:45.371" intervalms="22.484">
  <response-info timems="0.069" idlems="0.069" threads="0" lastid="0000000000D29500" lastname="Thread-8" />
</exclusive-start>
<allocation-taxation id="108" taxation-threshold="6291456" timestamp="2019-06-17T07:19:45.372" intervalms="22.476" />
<cycle-start id="109" type="partial gc" contextid="0" timestamp="2019-06-17T07:19:45.372" intervalms="22.446" />
<gc-start id="110" type="partial gc" contextid="109" timestamp="2019-06-17T07:19:45.372">
  <mem-info id="111" free="0" total="16777216" percent="0">
    <mem type="eden" free="0" total="6291456" percent="0" />
    <arraylet-primitive objects="2" leaves="2" largest="1" />
    <remembered-set count="3072" freebytes="657408" totalbytes="669696" percent="98" regionsoverflowed="0" regionsstable="0" regionsrebuilding="0"/>
  </mem-info>
</gc-start>
<allocation-stats totalBytes="6290552" >
  <allocated-bytes non-tlh="0" tlh="6290552" arrayletleaf="0"/>
  <largest-consumer threadName="Thread-8" threadId="0000000000D29500" bytes="2936392" />
</allocation-stats>
<gc-op id="112" type="mark" timems="1.056" contextid="109" timestamp="2019-06-17T07:19:45.373">
  <trace-info objectcount="4774" scancount="4774" scanbytes="118532" />
  <cardclean-info objects="6248" bytes="318072" />
  <remembered-set-cleared processed="1562" cleared="207" durationms="0.082" />
  <stringconstants candidates="4596" cleared="0"  />
  <warning details="Mark invoked due to insufficient free space for Copy-Forward" />
</gc-op>
<gc-op id="113" type="classunload" timems="0.002" contextid="109" timestamp="2019-06-17T07:19:45.373">
  <classunload-info classloadercandidates="8" classloadersunloaded="0" classesunloaded="0" anonymousclassesunloaded="0" quiescems="0.000" setupms="0.002" scanms="0.000" postms="0.000" />
</gc-op>
<gc-op id="114" type="sweep" timems="0.511" contextid="109" timestamp="2019-06-17T07:19:45.374" />
<gc-op id="115" type="compact" timems="1.360" contextid="109" timestamp="2019-06-17T07:19:45.376">
  <compact-info movecount="3155" movebytes="77016" />
  <remembered-set-cleared processed="3186" cleared="473" durationms="0.082" />
</gc-op>
<heap-resize id="116" type="expand" space="default" amount="2097152" count="1" timems="0.074" reason="insufficient free space following gc" timestamp="2019-06-17T07:19:45.376" />
<gc-end id="117" type="partial gc" contextid="109" durationms="4.095" usertimems="8.000" systemtimems="0.000" timestamp="2019-06-17T07:19:45.376" activeThreads="1">
  <mem-info id="118" free="7340032" total="18874368" percent="38">
    <mem type="eden" free="988744" total="1048576" percent="94" />
    <arraylet-primitive objects="2" leaves="2" largest="1" />
    <remembered-set count="3904" freebytes="737792" totalbytes="753408" percent="97" regionsoverflowed="0" regionsstable="0" regionsrebuilding="0"/>
  </mem-info>
</gc-end>
<cycle-end id="119" type="partial gc" contextid="109" timestamp="2019-06-17T07:19:45.376" />
  <attribute name="elasticGC enabled" value="1" />
  <attribute name= "numThreadsSpecified" value="1" />
  <attribute name="heapSize specified" value="0" />
  <attribute name="Current GC Util" value="21" />
  <attribute name= "Current Time Running" value="893" />
  <attribute name ="GC Interval" value="0" />
  <attribute name="ProportionalT" value="1.500000" />
  <attribute name="ProportionalI" value="1.500000" />
  <attribute name="ProportionalH" value="1.500000" />
  <attribute name="Current Error" value="1.000000" />
  <attribute name="IntegralT" value="0.000000" />
  <attribute name="IntegralI" value="0.000000" />
  <attribute name="IntegralH" value="0.000000" />
  <attribute name="DerivativeT" value="inf" />
  <attribute name="DerivativeI" value="inf" />
  <attribute name="DerivativeH" value="inf" />
  <attribute name="Loop Time for DT" value="0.000000" />
  <attribute name="Output H" value="8388608"/>
  <attribute name="Output I" value="200"/>
  <attribute name="Output T" value="1"/>
  <attribute name="Target GC Util Change" value ="20.000000" />
  <attribute name="Current GC Util Change" value="21.000000"/>
  <attribute name="GC Util currently" value="21" />
  <attribute name="CPU Util currently" value="6449603818897" />
<exclusive-end id="120" timestamp="2019-06-17T07:19:45.376" durationms="4.651" />

<exclusive-start id="121" timestamp="2019-06-17T07:19:45.387" intervalms="15.691">
  <response-info timems="0.029" idlems="0.029" threads="0" lastid="0000000000D29500" lastname="Thread-8" />
</exclusive-start>
<allocation-taxation id="122" taxation-threshold="7340032" timestamp="2019-06-17T07:19:45.387" intervalms="15.691" />
<cycle-start id="123" type="partial gc" contextid="0" timestamp="2019-06-17T07:19:45.387" intervalms="15.686" />
<gc-start id="124" type="partial gc" contextid="123" timestamp="2019-06-17T07:19:45.387">
  <mem-info id="125" free="0" total="18874368" percent="0">
    <mem type="eden" free="0" total="7340032" percent="0" />
    <arraylet-primitive objects="2" leaves="2" largest="1" />
    <remembered-set count="3648" freebytes="738816" totalbytes="753408" percent="98" regionsoverflowed="0" regionsstable="0" regionsrebuilding="0"/>
  </mem-info>
</gc-start>
<allocation-stats totalBytes="7338992" >
  <allocated-bytes non-tlh="0" tlh="7338992" arrayletleaf="0"/>
  <largest-consumer threadName="Thread-8" threadId="0000000000D29500" bytes="3562984" />
</allocation-stats>
<gc-op id="126" type="mark" timems="1.069" contextid="123" timestamp="2019-06-17T07:19:45.389">
  <trace-info objectcount="4819" scancount="4819" scanbytes="117208" />
  <cardclean-info objects="7103" bytes="342744" />
  <remembered-set-cleared processed="2123" cleared="436" durationms="0.087" />
  <stringconstants candidates="4596" cleared="0"  />
  <warning details="Mark invoked due to insufficient free space for Copy-Forward" />
</gc-op>
<gc-op id="127" type="classunload" timems="0.002" contextid="123" timestamp="2019-06-17T07:19:45.389">
  <classunload-info classloadercandidates="8" classloadersunloaded="0" classesunloaded="0" anonymousclassesunloaded="0" quiescems="0.000" setupms="0.002" scanms="0.000" postms="0.000" />
</gc-op>
<gc-op id="128" type="sweep" timems="0.368" contextid="123" timestamp="2019-06-17T07:19:45.390" />
<gc-op id="129" type="compact" timems="1.692" contextid="123" timestamp="2019-06-17T07:19:45.391">
  <compact-info movecount="4737" movebytes="115240" />
  <remembered-set-cleared processed="4317" cleared="941" durationms="0.087" />
</gc-op>
<heap-resize id="130" type="expand" space="default" amount="1048576" count="1" timems="0.065" reason="insufficient free space following gc" timestamp="2019-06-17T07:19:45.392" />
<gc-end id="131" type="partial gc" contextid="123" durationms="4.317" usertimems="8.000" systemtimems="0.000" timestamp="2019-06-17T07:19:45.392" activeThreads="4">
  <mem-info id="132" free="7340032" total="19922944" percent="36">
    <mem type="eden" free="984168" total="1048576" percent="93" />
    <arraylet-primitive objects="2" leaves="2" largest="1" />
    <remembered-set count="4608" freebytes="776832" totalbytes="795264" percent="97" regionsoverflowed="0" regionsstable="0" regionsrebuilding="0"/>
  </mem-info>
</gc-end>
<cycle-end id="133" type="partial gc" contextid="123" timestamp="2019-06-17T07:19:45.392" />
  <attribute name="elasticGC enabled" value="1" />
  <attribute name= "numThreadsSpecified" value="4" />
  <attribute name="heapSize specified" value="0" />
  <attribute name="Current GC Util" value="24" />
  <attribute name= "Current Time Running" value="909" />
  <attribute name ="GC Interval" value="0" />
  <attribute name="ProportionalT" value="6.000000" />
  <attribute name="ProportionalI" value="6.000000" />
  <attribute name="ProportionalH" value="6.000000" />
  <attribute name="Current Error" value="4.000000" />
  <attribute name="IntegralT" value="4.000000" />
  <attribute name="IntegralI" value="4.000000" />
  <attribute name="IntegralH" value="4.000000" />
  <attribute name="DerivativeT" value="6.000000" />
  <attribute name="DerivativeI" value="6.000000" />
  <attribute name="DerivativeH" value="6.000000" />
  <attribute name="Loop Time for DT" value="1.000000" />
  <attribute name="Output H" value="8388608"/>
  <attribute name="Output I" value="200"/>
  <attribute name="Output T" value="4"/>
  <attribute name="Target GC Util Change" value ="20.000000" />
  <attribute name="Current GC Util Change" value="24.000000"/>
  <attribute name="GC Util currently" value="24" />
  <attribute name="CPU Util currently" value="7955915185646" />
<exclusive-end id="134" timestamp="2019-06-17T07:19:45.392" durationms="4.842" />

<exclusive-start id="135" timestamp="2019-06-17T07:19:45.399" intervalms="11.621">
  <response-info timems="0.030" idlems="0.030" threads="0" lastid="0000000000D25900" lastname="Thread-10" />
</exclusive-start>
<allocation-taxation id="136" taxation-threshold="7340032" timestamp="2019-06-17T07:19:45.399" intervalms="11.683" />
<cycle-start id="137" type="partial gc" contextid="0" timestamp="2019-06-17T07:19:45.399" intervalms="11.713" />
<gc-start id="138" type="partial gc" contextid="137" timestamp="2019-06-17T07:19:45.399">
  <mem-info id="139" free="0" total="19922944" percent="0">
    <mem type="eden" free="0" total="7340032" percent="0" />
    <arraylet-primitive objects="2" leaves="2" largest="1" />
    <remembered-set count="4160" freebytes="778624" totalbytes="795264" percent="97" regionsoverflowed="0" regionsstable="0" regionsrebuilding="0"/>
  </mem-info>
</gc-start>
<allocation-stats totalBytes="7338968" >
  <allocated-bytes non-tlh="0" tlh="7338968" arrayletleaf="0"/>
  <largest-consumer threadName="Thread-8" threadId="0000000000D29500" bytes="2567776" />
</allocation-stats>
<gc-op id="140" type="mark" timems="1.573" contextid="137" timestamp="2019-06-17T07:19:45.401">
  <trace-info objectcount="4855" scancount="4855" scanbytes="117568" />
  <cardclean-info objects="7413" bytes="361712" />
  <remembered-set-cleared processed="2682" cleared="490" durationms="0.079" />
  <stringconstants candidates="4596" cleared="0"  />
  <warning details="Mark invoked due to insufficient free space for Copy-Forward" />
</gc-op>
<gc-op id="141" type="classunload" timems="0.002" contextid="137" timestamp="2019-06-17T07:19:45.401">
  <classunload-info classloadercandidates="8" classloadersunloaded="0" classesunloaded="0" anonymousclassesunloaded="0" quiescems="0.000" setupms="0.002" scanms="0.000" postms="0.000" />
</gc-op>
<gc-op id="142" type="sweep" timems="0.391" contextid="137" timestamp="2019-06-17T07:19:45.402" />
<gc-op id="143" type="compact" timems="1.478" contextid="137" timestamp="2019-06-17T07:19:45.403">
  <compact-info movecount="4575" movebytes="110848" />
  <remembered-set-cleared processed="5447" cleared="1060" durationms="0.086" />
</gc-op>
<heap-resize id="144" type="expand" space="default" amount="2097152" count="1" timems="0.068" reason="insufficient free space following gc" timestamp="2019-06-17T07:19:45.404" />
<gc-end id="145" type="partial gc" contextid="137" durationms="4.574" usertimems="12.000" systemtimems="0.000" timestamp="2019-06-17T07:19:45.404" activeThreads="4">
  <mem-info id="146" free="8388608" total="22020096" percent="38">
    <mem type="eden" free="986328" total="1048576" percent="94" />
    <arraylet-primitive objects="2" leaves="2" largest="1" />
    <remembered-set count="5152" freebytes="858368" totalbytes="878976" percent="97" regionsoverflowed="0" regionsstable="0" regionsrebuilding="0"/>
  </mem-info>
</gc-end>
<cycle-end id="147" type="partial gc" contextid="137" timestamp="2019-06-17T07:19:45.404" />
  <attribute name="elasticGC enabled" value="1" />
  <attribute name= "numThreadsSpecified" value="4" />
  <attribute name="heapSize specified" value="0" />
  <attribute name="Current GC Util" value="24" />
  <attribute name= "Current Time Running" value="921" />
  <attribute name ="GC Interval" value="0" />
  <attribute name="ProportionalT" value="6.000000" />
  <attribute name="ProportionalI" value="6.000000" />
  <attribute name="ProportionalH" value="6.000000" />
  <attribute name="Current Error" value="4.000000" />
  <attribute name="IntegralT" value="4.000000" />
  <attribute name="IntegralI" value="4.000000" />
  <attribute name="IntegralH" value="4.000000" />
  <attribute name="DerivativeT" value="-63.000000" />
  <attribute name="DerivativeI" value="-63.000000" />
  <attribute name="DerivativeH" value="-63.000000" />
  <attribute name="Loop Time for DT" value="1.000000" />
  <attribute name="Output H" value="2091843584"/>
  <attribute name="Output I" value="200"/>
  <attribute name="Output T" value="4"/>
  <attribute name="Target GC Util Change" value ="20.000000" />
  <attribute name="Current GC Util Change" value="24.000000"/>
  <attribute name="GC Util currently" value="24" />
  <attribute name="CPU Util currently" value="7978309038286" />
<exclusive-end id="148" timestamp="2019-06-17T07:19:45.404" durationms="5.144" />

<exclusive-start id="149" timestamp="2019-06-17T07:19:45.414" intervalms="15.281">
  <response-info timems="0.033" idlems="0.033" threads="0" lastid="0000000000D25900" lastname="Thread-10" />
</exclusive-start>
<allocation-taxation id="150" taxation-threshold="8388608" timestamp="2019-06-17T07:19:45.414" intervalms="15.377" />
<cycle-start id="151" type="partial gc" contextid="0" timestamp="2019-06-17T07:19:45.414" intervalms="15.495" />
<gc-start id="152" type="partial gc" contextid="151" timestamp="2019-06-17T07:19:45.415">
  <mem-info id="153" free="0" total="22020096" percent="0">
    <mem type="eden" free="0" total="8388608" percent="0" />
    <arraylet-primitive objects="2" leaves="2" largest="1" />
    <remembered-set count="4736" freebytes="860032" totalbytes="878976" percent="97" regionsoverflowed="0" regionsstable="0" regionsrebuilding="0"/>
  </mem-info>
</gc-start>
<allocation-stats totalBytes="8387208" >
  <allocated-bytes non-tlh="0" tlh="8387208" arrayletleaf="0"/>
  <largest-consumer threadName="Thread-8" threadId="0000000000D29500" bytes="3329528" />
</allocation-stats>
<gc-op id="154" type="mark" timems="1.105" contextid="151" timestamp="2019-06-17T07:19:45.416">
  <trace-info objectcount="5150" scancount="5150" scanbytes="124912" />
  <cardclean-info objects="7472" bytes="364536" />
  <remembered-set-cleared processed="3257" cleared="550" durationms="0.098" />
  <stringconstants candidates="4596" cleared="0"  />
  <warning details="Mark invoked due to insufficient free space for Copy-Forward" />
</gc-op>
<gc-op id="155" type="classunload" timems="0.002" contextid="151" timestamp="2019-06-17T07:19:45.416">
  <classunload-info classloadercandidates="8" classloadersunloaded="0" classesunloaded="0" anonymousclassesunloaded="0" quiescems="0.000" setupms="0.002" scanms="0.000" postms="0.000" />
</gc-op>
<gc-op id="156" type="sweep" timems="0.443" contextid="151" timestamp="2019-06-17T07:19:45.417" />
<gc-op id="157" type="compact" timems="1.618" contextid="151" timestamp="2019-06-17T07:19:45.419">
  <compact-info movecount="4824" movebytes="117088" />
  <remembered-set-cleared processed="6594" cleared="1175" durationms="0.098" />
</gc-op>
<heap-resize id="158" type="expand" space="default" amount="1048576" count="1" timems="0.064" reason="insufficient free space following gc" timestamp="2019-06-17T07:19:45.419" />
<gc-end id="159" type="partial gc" contextid="151" durationms="4.302" usertimems="8.000" systemtimems="0.000" timestamp="2019-06-17T07:19:45.419" activeThreads="4">
  <mem-info id="160" free="8388608" total="23068672" percent="36">
    <mem type="eden" free="980472" total="1048576" percent="93" />
    <arraylet-primitive objects="2" leaves="2" largest="1" />
    <remembered-set count="6240" freebytes="895872" totalbytes="920832" percent="97" regionsoverflowed="0" regionsstable="0" regionsrebuilding="0"/>
  </mem-info>
</gc-end>
<cycle-end id="161" type="partial gc" contextid="151" timestamp="2019-06-17T07:19:45.419" />
  <attribute name="elasticGC enabled" value="1" />
  <attribute name= "numThreadsSpecified" value="4" />
  <attribute name="heapSize specified" value="0" />
  <attribute name="Current GC Util" value="21" />
  <attribute name= "Current Time Running" value="936" />
  <attribute name ="GC Interval" value="0" />
  <attribute name="ProportionalT" value="1.500000" />
  <attribute name="ProportionalI" value="1.500000" />
  <attribute name="ProportionalH" value="1.500000" />
  <attribute name="Current Error" value="1.000000" />
  <attribute name="IntegralT" value="1.000000" />
  <attribute name="IntegralI" value="1.000000" />
  <attribute name="IntegralH" value="1.000000" />
  <attribute name="DerivativeT" value="1.500000" />
  <attribute name="DerivativeI" value="1.500000" />
  <attribute name="DerivativeH" value="1.500000" />
  <attribute name="Loop Time for DT" value="1.000000" />
  <attribute name="Output H" value="8388608"/>
  <attribute name="Output I" value="200"/>
  <attribute name="Output T" value="4"/>
  <attribute name="Target GC Util Change" value ="20.000000" />
  <attribute name="Current GC Util Change" value="21.000000"/>
  <attribute name="GC Util currently" value="21" />
  <attribute name="CPU Util currently" value="7127402519592" />
<exclusive-end id="162" timestamp="2019-06-17T07:19:45.419" durationms="5.180" />

<exclusive-start id="163" timestamp="2019-06-17T07:19:45.430" intervalms="15.904">
  <response-info timems="0.049" idlems="0.026" threads="1" lastid="0000000000D21D00" lastname="Thread-9" />
</exclusive-start>
<allocation-taxation id="164" taxation-threshold="8388608" timestamp="2019-06-17T07:19:45.430" intervalms="15.736" />
<cycle-start id="165" type="partial gc" contextid="0" timestamp="2019-06-17T07:19:45.430" intervalms="15.612" />
<gc-start id="166" type="partial gc" contextid="165" timestamp="2019-06-17T07:19:45.430">
  <mem-info id="167" free="0" total="23068672" percent="0">
    <mem type="eden" free="0" total="8388608" percent="0" />
    <arraylet-primitive objects="2" leaves="2" largest="1" />
    <remembered-set count="5792" freebytes="897664" totalbytes="920832" percent="97" regionsoverflowed="0" regionsstable="0" regionsrebuilding="0"/>
  </mem-info>
</gc-start>
<allocation-stats totalBytes="8387280" >
  <allocated-bytes non-tlh="256" tlh="8387024" arrayletleaf="0"/>
  <largest-consumer threadName="Thread-8" threadId="0000000000D29500" bytes="3931296" />
</allocation-stats>
<gc-op id="168" type="mark" timems="1.227" contextid="165" timestamp="2019-06-17T07:19:45.432">
  <trace-info objectcount="5693" scancount="5685" scanbytes="138128" />
  <cardclean-info objects="6838" bytes="332792" />
  <remembered-set-cleared processed="3842" cleared="671" durationms="0.109" />
  <stringconstants candidates="4597" cleared="0"  />
  <warning details="Mark invoked due to insufficient free space for Copy-Forward" />
</gc-op>
<gc-op id="169" type="classunload" timems="0.002" contextid="165" timestamp="2019-06-17T07:19:45.432">
  <classunload-info classloadercandidates="8" classloadersunloaded="0" classesunloaded="0" anonymousclassesunloaded="0" quiescems="0.000" setupms="0.002" scanms="0.000" postms="0.000" />
</gc-op>
<gc-op id="170" type="sweep" timems="0.436" contextid="165" timestamp="2019-06-17T07:19:45.432" />
<gc-op id="171" type="compact" timems="1.687" contextid="165" timestamp="2019-06-17T07:19:45.434">
  <compact-info movecount="5226" movebytes="133248" />
  <remembered-set-cleared processed="7723" cleared="1370" durationms="0.109" />
</gc-op>
<heap-resize id="172" type="expand" space="default" amount="1048576" count="1" timems="0.065" reason="insufficient free space following gc" timestamp="2019-06-17T07:19:45.435" />
<gc-end id="173" type="partial gc" contextid="165" durationms="4.486" usertimems="8.000" systemtimems="4.000" timestamp="2019-06-17T07:19:45.435" activeThreads="4">
  <mem-info id="174" free="8388608" total="24117248" percent="34">
    <mem type="eden" free="964792" total="1048576" percent="92" />
    <arraylet-primitive objects="2" leaves="2" largest="1" />
    <remembered-set count="6784" freebytes="935552" totalbytes="962688" percent="97" regionsoverflowed="0" regionsstable="0" regionsrebuilding="0"/>
  </mem-info>
</gc-end>
<cycle-end id="175" type="partial gc" contextid="165" timestamp="2019-06-17T07:19:45.435" />
  <attribute name="elasticGC enabled" value="1" />
  <attribute name= "numThreadsSpecified" value="4" />
  <attribute name="heapSize specified" value="0" />
  <attribute name="Current GC Util" value="21" />
  <attribute name= "Current Time Running" value="952" />
  <attribute name ="GC Interval" value="0" />
  <attribute name="ProportionalT" value="1.500000" />
  <attribute name="ProportionalI" value="1.500000" />
  <attribute name="ProportionalH" value="1.500000" />
  <attribute name="Current Error" value="1.000000" />
  <attribute name="IntegralT" value="1.000000" />
  <attribute name="IntegralI" value="1.000000" />
  <attribute name="IntegralH" value="1.000000" />
  <attribute name="DerivativeT" value="1.500000" />
  <attribute name="DerivativeI" value="1.500000" />
  <attribute name="DerivativeH" value="1.500000" />
  <attribute name="Loop Time for DT" value="1.000000" />
  <attribute name="Output H" value="8388608"/>
  <attribute name="Output I" value="200"/>
  <attribute name="Output T" value="4"/>
  <attribute name="Target GC Util Change" value ="20.000000" />
  <attribute name="Current GC Util Change" value="21.000000"/>
  <attribute name="GC Util currently" value="21" />
  <attribute name="CPU Util currently" value="7150211197600" />
<exclusive-end id="176" timestamp="2019-06-17T07:19:45.435" durationms="5.044" />

<exclusive-start id="177" timestamp="2019-06-17T07:19:45.445" intervalms="15.196">
  <response-info timems="0.044" idlems="0.044" threads="0" lastid="0000000000D29500" lastname="Thread-8" />
</exclusive-start>
<allocation-taxation id="178" taxation-threshold="8388608" timestamp="2019-06-17T07:19:45.445" intervalms="15.181" />
<cycle-start id="179" type="partial gc" contextid="0" timestamp="2019-06-17T07:19:45.445" intervalms="15.155" />
<gc-start id="180" type="partial gc" contextid="179" timestamp="2019-06-17T07:19:45.445">
  <mem-info id="181" free="0" total="24117248" percent="0">
    <mem type="eden" free="0" total="8388608" percent="0" />
    <arraylet-primitive objects="2" leaves="2" largest="1" />
    <remembered-set count="6304" freebytes="937472" totalbytes="962688" percent="97" regionsoverflowed="0" regionsstable="0" regionsrebuilding="0"/>
  </mem-info>
</gc-start>
<allocation-stats totalBytes="8387552" >
  <allocated-bytes non-tlh="0" tlh="8387552" arrayletleaf="0"/>
  <largest-consumer threadName="Thread-8" threadId="0000000000D29500" bytes="3706496" />
</allocation-stats>
<gc-op id="182" type="mark" timems="1.121" contextid="179" timestamp="2019-06-17T07:19:45.447">
  <trace-info objectcount="4377" scancount="4360" scanbytes="106432" />
  <cardclean-info objects="5771" bytes="282712" />
  <remembered-set-cleared processed="4355" cleared="639" durationms="0.111" />
  <stringconstants candidates="4597" cleared="0"  />
  <warning details="Mark invoked due to insufficient free space for Copy-Forward" />
</gc-op>
<gc-op id="183" type="classunload" timems="0.002" contextid="179" timestamp="2019-06-17T07:19:45.447">
  <classunload-info classloadercandidates="8" classloadersunloaded="0" classesunloaded="0" anonymousclassesunloaded="0" quiescems="0.000" setupms="0.002" scanms="0.000" postms="0.000" />
</gc-op>
<gc-op id="184" type="sweep" timems="0.479" contextid="179" timestamp="2019-06-17T07:19:45.448" />
<gc-op id="185" type="compact" timems="1.588" contextid="179" timestamp="2019-06-17T07:19:45.449">
  <compact-info movecount="4050" movebytes="113192" />
  <remembered-set-cleared processed="8773" cleared="1337" durationms="0.111" />
</gc-op>
<heap-resize id="186" type="expand" space="default" amount="2097152" count="1" timems="0.073" reason="insufficient free space following gc" timestamp="2019-06-17T07:19:45.450" />
<gc-end id="187" type="partial gc" contextid="179" durationms="4.371" usertimems="12.000" systemtimems="0.000" timestamp="2019-06-17T07:19:45.450" activeThreads="4">
  <mem-info id="188" free="9437184" total="26214400" percent="36">
    <mem type="eden" free="1004592" total="1048576" percent="95" />
    <arraylet-primitive objects="2" leaves="2" largest="1" />
    <remembered-set count="6400" freebytes="1020800" totalbytes="1046400" percent="97" regionsoverflowed="0" regionsstable="0" regionsrebuilding="0"/>
  </mem-info>
</gc-end>
<cycle-end id="189" type="partial gc" contextid="179" timestamp="2019-06-17T07:19:45.450" />
  <attribute name="elasticGC enabled" value="1" />
  <attribute name= "numThreadsSpecified" value="4" />
  <attribute name="heapSize specified" value="0" />
  <attribute name="Current GC Util" value="21" />
  <attribute name= "Current Time Running" value="967" />
  <attribute name ="GC Interval" value="0" />
  <attribute name="ProportionalT" value="1.500000" />
  <attribute name="ProportionalI" value="1.500000" />
  <attribute name="ProportionalH" value="1.500000" />
  <attribute name="Current Error" value="1.000000" />
  <attribute name="IntegralT" value="1.000000" />
  <attribute name="IntegralI" value="1.000000" />
  <attribute name="IntegralH" value="1.000000" />
  <attribute name="DerivativeT" value="1.500000" />
  <attribute name="DerivativeI" value="1.500000" />
  <attribute name="DerivativeH" value="1.500000" />
  <attribute name="Loop Time for DT" value="1.000000" />
  <attribute name="Output H" value="8388608"/>
  <attribute name="Output I" value="200"/>
  <attribute name="Output T" value="4"/>
  <attribute name="Target GC Util Change" value ="20.000000" />
  <attribute name="Current GC Util Change" value="21.000000"/>
  <attribute name="GC Util currently" value="21" />
  <attribute name="CPU Util currently" value="6766050681945" />
<exclusive-end id="190" timestamp="2019-06-17T07:19:45.450" durationms="4.823" />

<exclusive-start id="191" timestamp="2019-06-17T07:19:45.464" intervalms="18.665">
  <response-info timems="0.037" idlems="0.037" threads="0" lastid="0000000000D29500" lastname="Thread-8" />
</exclusive-start>
<allocation-taxation id="192" taxation-threshold="9437184" timestamp="2019-06-17T07:19:45.464" intervalms="18.699" />
<cycle-start id="193" type="partial gc" contextid="0" timestamp="2019-06-17T07:19:45.464" intervalms="18.703" />
<gc-start id="194" type="partial gc" contextid="193" timestamp="2019-06-17T07:19:45.464">
  <mem-info id="195" free="0" total="26214400" percent="0">
    <mem type="eden" free="0" total="9437184" percent="0" />
    <arraylet-primitive objects="2" leaves="2" largest="1" />
    <remembered-set count="6400" freebytes="1020800" totalbytes="1046400" percent="97" regionsoverflowed="0" regionsstable="0" regionsrebuilding="0"/>
  </mem-info>
</gc-start>
<allocation-stats totalBytes="9436032" >
  <allocated-bytes non-tlh="0" tlh="9436032" arrayletleaf="0"/>
  <largest-consumer threadName="Thread-8" threadId="0000000000D29500" bytes="4029920" />
</allocation-stats>
<gc-op id="196" type="mark" timems="1.277" contextid="193" timestamp="2019-06-17T07:19:45.466">
  <trace-info objectcount="2599" scancount="2585" scanbytes="63344" />
  <cardclean-info objects="4453" bytes="214800" />
  <remembered-set-cleared processed="4803" cleared="499" durationms="0.092" />
  <stringconstants candidates="4597" cleared="0"  />
  <warning details="Mark invoked due to insufficient free space for Copy-Forward" />
</gc-op>
<gc-op id="197" type="classunload" timems="0.002" contextid="193" timestamp="2019-06-17T07:19:45.466">
  <classunload-info classloadercandidates="8" classloadersunloaded="0" classesunloaded="0" anonymousclassesunloaded="0" quiescems="0.000" setupms="0.002" scanms="0.000" postms="0.000" />
</gc-op>
<gc-op id="198" type="sweep" timems="0.445" contextid="193" timestamp="2019-06-17T07:19:45.466" />
<gc-op id="199" type="compact" timems="1.424" contextid="193" timestamp="2019-06-17T07:19:45.468">
  <compact-info movecount="2546" movebytes="76520" />
  <remembered-set-cleared processed="9663" cleared="1051" durationms="0.092" />
</gc-op>
<heap-resize id="200" type="expand" space="default" amount="1048576" count="1" timems="0.063" reason="insufficient free space following gc" timestamp="2019-06-17T07:19:45.469" />
<gc-end id="201" type="partial gc" contextid="193" durationms="4.473" usertimems="4.000" systemtimems="0.000" timestamp="2019-06-17T07:19:45.469" activeThreads="4">
  <mem-info id="202" free="9437184" total="27262976" percent="34">
    <mem type="eden" free="1009712" total="1048576" percent="96" />
    <arraylet-primitive objects="2" leaves="2" largest="1" />
    <remembered-set count="6592" freebytes="1061888" totalbytes="1088256" percent="97" regionsoverflowed="0" regionsstable="0" regionsrebuilding="0"/>
  </mem-info>
</gc-end>
<cycle-end id="203" type="partial gc" contextid="193" timestamp="2019-06-17T07:19:45.469" />
  <attribute name="elasticGC enabled" value="1" />
  <attribute name= "numThreadsSpecified" value="4" />
  <attribute name="heapSize specified" value="0" />
  <attribute name="Current GC Util" value="24" />
  <attribute name= "Current Time Running" value="986" />
  <attribute name ="GC Interval" value="0" />
  <attribute name="ProportionalT" value="6.000000" />
  <attribute name="ProportionalI" value="6.000000" />
  <attribute name="ProportionalH" value="6.000000" />
  <attribute name="Current Error" value="4.000000" />
  <attribute name="IntegralT" value="4.000000" />
  <attribute name="IntegralI" value="4.000000" />
  <attribute name="IntegralH" value="4.000000" />
  <attribute name="DerivativeT" value="-70.500000" />
  <attribute name="DerivativeI" value="-70.500000" />
  <attribute name="DerivativeH" value="-70.500000" />
  <attribute name="Loop Time for DT" value="1.000000" />
  <attribute name="Output H" value="2091843584"/>
  <attribute name="Output I" value="200"/>
  <attribute name="Output T" value="4"/>
  <attribute name="Target GC Util Change" value ="20.000000" />
  <attribute name="Current GC Util Change" value="24.000000"/>
  <attribute name="GC Util currently" value="24" />
  <attribute name="CPU Util currently" value="6796734068162" />
<exclusive-end id="204" timestamp="2019-06-17T07:19:45.469" durationms="5.042" />

<exclusive-start id="205" timestamp="2019-06-17T07:19:45.480" intervalms="16.556">
  <response-info timems="0.098" idlems="0.098" threads="0" lastid="0000000000D2D100" lastname="Thread-7" />
</exclusive-start>
<allocation-taxation id="206" taxation-threshold="9437184" timestamp="2019-06-17T07:19:45.480" intervalms="16.554" />
<cycle-start id="207" type="partial gc" contextid="0" timestamp="2019-06-17T07:19:45.481" intervalms="16.624" />
<gc-start id="208" type="partial gc" contextid="207" timestamp="2019-06-17T07:19:45.481">
  <mem-info id="209" free="0" total="27262976" percent="0">
    <mem type="eden" free="0" total="9437184" percent="0" />
    <arraylet-primitive objects="2" leaves="2" largest="1" />
    <remembered-set count="6592" freebytes="1061888" totalbytes="1088256" percent="97" regionsoverflowed="0" regionsstable="0" regionsrebuilding="0"/>
  </mem-info>
</gc-start>
<allocation-stats totalBytes="9435968" >
  <allocated-bytes non-tlh="0" tlh="9435968" arrayletleaf="0"/>
  <largest-consumer threadName="Thread-8" threadId="0000000000D29500" bytes="3763784" />
</allocation-stats>
<gc-op id="210" type="mark" timems="1.300" contextid="207" timestamp="2019-06-17T07:19:45.482">
  <trace-info objectcount="13929" scancount="13923" scanbytes="609872" />
  <cardclean-info objects="3632" bytes="180232" />
  <remembered-set-cleared processed="5182" cleared="544" durationms="0.120" />
  <stringconstants candidates="4597" cleared="0"  />
  <warning details="Mark invoked due to insufficient free space for Copy-Forward" />
</gc-op>
<gc-op id="211" type="classunload" timems="0.003" contextid="207" timestamp="2019-06-17T07:19:45.483">
  <classunload-info classloadercandidates="8" classloadersunloaded="0" classesunloaded="0" anonymousclassesunloaded="0" quiescems="0.000" setupms="0.002" scanms="0.000" postms="0.000" />
</gc-op>
<gc-op id="212" type="sweep" timems="0.411" contextid="207" timestamp="2019-06-17T07:19:45.483" />
<gc-op id="213" type="compact" timems="1.936" contextid="207" timestamp="2019-06-17T07:19:45.485">
  <compact-info movecount="13909" movebytes="615592" />
  <remembered-set-cleared processed="10487" cleared="1205" durationms="0.120" />
</gc-op>
<heap-resize id="214" type="expand" space="default" amount="2097152" count="1" timems="0.070" reason="insufficient free space following gc" timestamp="2019-06-17T07:19:45.486" />
<gc-end id="215" type="partial gc" contextid="207" durationms="5.077" usertimems="8.000" systemtimems="0.000" timestamp="2019-06-17T07:19:45.486" activeThreads="4">
  <mem-info id="216" free="10485760" total="29360128" percent="35">
    <mem type="eden" free="468144" total="1048576" percent="44" />
    <arraylet-primitive objects="2" leaves="2" largest="1" />
    <remembered-set count="7456" freebytes="1142144" totalbytes="1171968" percent="97" regionsoverflowed="0" regionsstable="0" regionsrebuilding="0"/>
  </mem-info>
</gc-end>
<cycle-end id="217" type="partial gc" contextid="207" timestamp="2019-06-17T07:19:45.486" />
  <attribute name="elasticGC enabled" value="1" />
  <attribute name= "numThreadsSpecified" value="4" />
  <attribute name="heapSize specified" value="0" />
  <attribute name="Current GC Util" value="27" />
  <attribute name= "Current Time Running" value="1003" />
  <attribute name ="GC Interval" value="0" />
  <attribute name="ProportionalT" value="10.500000" />
  <attribute name="ProportionalI" value="10.500000" />
  <attribute name="ProportionalH" value="10.500000" />
  <attribute name="Current Error" value="7.000000" />
  <attribute name="IntegralT" value="7.000000" />
  <attribute name="IntegralI" value="7.000000" />
  <attribute name="IntegralH" value="7.000000" />
  <attribute name="DerivativeT" value="10.500000" />
  <attribute name="DerivativeI" value="10.500000" />
  <attribute name="DerivativeH" value="10.500000" />
  <attribute name="Loop Time for DT" value="1.000000" />
  <attribute name="Output H" value="8388608"/>
  <attribute name="Output I" value="200"/>
  <attribute name="Output T" value="4"/>
  <attribute name="Target GC Util Change" value ="20.000000" />
  <attribute name="Current GC Util Change" value="27.000000"/>
  <attribute name="GC Util currently" value="27" />
  <attribute name="CPU Util currently" value="7102998982135" />
<exclusive-end id="218" timestamp="2019-06-17T07:19:45.486" durationms="5.831" />

<exclusive-start id="219" timestamp="2019-06-17T07:19:45.501" intervalms="20.618">
  <response-info timems="0.023" idlems="0.023" threads="0" lastid="0000000000D2D100" lastname="Thread-7" />
</exclusive-start>
<allocation-taxation id="220" taxation-threshold="10485760" timestamp="2019-06-17T07:19:45.501" intervalms="20.642" />
<cycle-start id="221" type="partial gc" contextid="0" timestamp="2019-06-17T07:19:45.501" intervalms="20.651" />
<gc-start id="222" type="partial gc" contextid="221" timestamp="2019-06-17T07:19:45.501">
  <mem-info id="223" free="0" total="29360128" percent="0">
    <mem type="eden" free="0" total="10485760" percent="0" />
    <arraylet-primitive objects="2" leaves="2" largest="1" />
    <remembered-set count="7392" freebytes="1142400" totalbytes="1171968" percent="97" regionsoverflowed="0" regionsstable="0" regionsrebuilding="0"/>
  </mem-info>
</gc-start>
<allocation-stats totalBytes="10484104" >
  <allocated-bytes non-tlh="0" tlh="10484104" arrayletleaf="0"/>
  <largest-consumer threadName="Thread-8" threadId="0000000000D29500" bytes="4246856" />
</allocation-stats>
<gc-op id="224" type="mark" timems="1.533" contextid="221" timestamp="2019-06-17T07:19:45.503">
  <trace-info objectcount="21429" scancount="21429" scanbytes="927508" />
  <cardclean-info objects="2859" bytes="146680" />
  <remembered-set-cleared processed="5609" cleared="533" durationms="0.126" />
  <stringconstants candidates="4597" cleared="0"  />
  <warning details="Mark invoked due to insufficient free space for Copy-Forward" />
</gc-op>
<gc-op id="225" type="classunload" timems="0.002" contextid="221" timestamp="2019-06-17T07:19:45.503">
  <classunload-info classloadercandidates="8" classloadersunloaded="0" classesunloaded="0" anonymousclassesunloaded="0" quiescems="0.000" setupms="0.002" scanms="0.000" postms="0.000" />
</gc-op>
<gc-op id="226" type="sweep" timems="0.451" contextid="221" timestamp="2019-06-17T07:19:45.504" />
<gc-op id="227" type="compact" timems="2.657" contextid="221" timestamp="2019-06-17T07:19:45.507">
  <compact-info movecount="16422" movebytes="704584" />
  <remembered-set-cleared processed="11321" cleared="1165" durationms="0.126" />
</gc-op>
<heap-resize id="228" type="expand" space="default" amount="1048576" count="1" timems="0.065" reason="insufficient free space following gc" timestamp="2019-06-17T07:19:45.507" />
<gc-end id="229" type="partial gc" contextid="221" durationms="5.947" usertimems="4.000" systemtimems="0.000" timestamp="2019-06-17T07:19:45.507" activeThreads="1">
  <mem-info id="230" free="10485760" total="30408704" percent="34">
    <mem type="eden" free="700488" total="1048576" percent="66" />
    <arraylet-primitive objects="2" leaves="2" largest="1" />
    <remembered-set count="8192" freebytes="1181056" totalbytes="1213824" percent="97" regionsoverflowed="0" regionsstable="0" regionsrebuilding="0"/>
  </mem-info>
</gc-end>
<cycle-end id="231" type="partial gc" contextid="221" timestamp="2019-06-17T07:19:45.507" />
  <attribute name="elasticGC enabled" value="1" />
  <attribute name= "numThreadsSpecified" value="1" />
  <attribute name="heapSize specified" value="0" />
  <attribute name="Current GC Util" value="21" />
  <attribute name= "Current Time Running" value="1023" />
  <attribute name ="GC Interval" value="0" />
  <attribute name="ProportionalT" value="1.500000" />
  <attribute name="ProportionalI" value="1.500000" />
  <attribute name="ProportionalH" value="1.500000" />
  <attribute name="Current Error" value="1.000000" />
  <attribute name="IntegralT" value="0.000000" />
  <attribute name="IntegralI" value="0.000000" />
  <attribute name="IntegralH" value="0.000000" />
  <attribute name="DerivativeT" value="inf" />
  <attribute name="DerivativeI" value="inf" />
  <attribute name="DerivativeH" value="inf" />
  <attribute name="Loop Time for DT" value="0.000000" />
  <attribute name="Output H" value="8388608"/>
  <attribute name="Output I" value="200"/>
  <attribute name="Output T" value="1"/>
  <attribute name="Target GC Util Change" value ="20.000000" />
  <attribute name="Current GC Util Change" value="21.000000"/>
  <attribute name="GC Util currently" value="21" />
  <attribute name="CPU Util currently" value="6686636134929" />
<exclusive-end id="232" timestamp="2019-06-17T07:19:45.508" durationms="6.721" />

<exclusive-start id="233" timestamp="2019-06-17T07:19:45.520" intervalms="19.455">
  <response-info timems="0.033" idlems="0.033" threads="0" lastid="0000000000D25900" lastname="Thread-10" />
</exclusive-start>
<allocation-taxation id="234" taxation-threshold="10485760" timestamp="2019-06-17T07:19:45.521" intervalms="19.464" />
<cycle-start id="235" type="partial gc" contextid="0" timestamp="2019-06-17T07:19:45.521" intervalms="19.463" />
<gc-start id="236" type="partial gc" contextid="235" timestamp="2019-06-17T07:19:45.521">
  <mem-info id="237" free="0" total="30408704" percent="0">
    <mem type="eden" free="0" total="10485760" percent="0" />
    <arraylet-primitive objects="2" leaves="2" largest="1" />
    <remembered-set count="8000" freebytes="1181824" totalbytes="1213824" percent="97" regionsoverflowed="0" regionsstable="0" regionsrebuilding="0"/>
  </mem-info>
</gc-start>
<allocation-stats totalBytes="10484248" >
  <allocated-bytes non-tlh="0" tlh="10484248" arrayletleaf="0"/>
  <largest-consumer threadName="Thread-8" threadId="0000000000D29500" bytes="4005328" />
</allocation-stats>
<gc-op id="238" type="mark" timems="1.832" contextid="235" timestamp="2019-06-17T07:19:45.523">
  <trace-info objectcount="13230" scancount="13230" scanbytes="455780" />
  <cardclean-info objects="9068" bytes="442536" />
  <remembered-set-cleared processed="5906" cleared="522" durationms="0.123" />
  <stringconstants candidates="4597" cleared="0"  />
  <warning details="Mark invoked due to insufficient free space for Copy-Forward" />
</gc-op>
<gc-op id="239" type="classunload" timems="0.003" contextid="235" timestamp="2019-06-17T07:19:45.523">
  <classunload-info classloadercandidates="8" classloadersunloaded="0" classesunloaded="0" anonymousclassesunloaded="0" quiescems="0.000" setupms="0.003" scanms="0.000" postms="0.000" />
</gc-op>
<gc-op id="240" type="sweep" timems="0.407" contextid="235" timestamp="2019-06-17T07:19:45.524" />
<gc-op id="241" type="compact" timems="2.222" contextid="235" timestamp="2019-06-17T07:19:45.526">
  <compact-info movecount="12048" movebytes="427416" />
  <remembered-set-cleared processed="11915" cleared="1138" durationms="0.123" />
</gc-op>
<heap-resize id="242" type="expand" space="default" amount="2097152" count="1" timems="0.069" reason="insufficient free space following gc" timestamp="2019-06-17T07:19:45.527" />
<gc-end id="243" type="partial gc" contextid="235" durationms="5.892" usertimems="8.000" systemtimems="0.000" timestamp="2019-06-17T07:19:45.527" activeThreads="4">
  <mem-info id="244" free="11534336" total="32505856" percent="35">
    <mem type="eden" free="937216" total="1048576" percent="89" />
    <arraylet-primitive objects="2" leaves="2" largest="1" />
    <remembered-set count="8768" freebytes="1262464" totalbytes="1297536" percent="97" regionsoverflowed="0" regionsstable="0" regionsrebuilding="0"/>
  </mem-info>
</gc-end>
<cycle-end id="245" type="partial gc" contextid="235" timestamp="2019-06-17T07:19:45.527" />
  <attribute name="elasticGC enabled" value="1" />
  <attribute name= "numThreadsSpecified" value="4" />
  <attribute name="heapSize specified" value="0" />
  <attribute name="Current GC Util" value="25" />
  <attribute name= "Current Time Running" value="1043" />
  <attribute name ="GC Interval" value="0" />
  <attribute name="ProportionalT" value="7.500000" />
  <attribute name="ProportionalI" value="7.500000" />
  <attribute name="ProportionalH" value="7.500000" />
  <attribute name="Current Error" value="5.000000" />
  <attribute name="IntegralT" value="0.000000" />
  <attribute name="IntegralI" value="0.000000" />
  <attribute name="IntegralH" value="0.000000" />
  <attribute name="DerivativeT" value="-inf" />
  <attribute name="DerivativeI" value="-inf" />
  <attribute name="DerivativeH" value="-inf" />
  <attribute name="Loop Time for DT" value="0.000000" />
  <attribute name="Output H" value="2091843584"/>
  <attribute name="Output I" value="200"/>
  <attribute name="Output T" value="4"/>
  <attribute name="Target GC Util Change" value ="20.000000" />
  <attribute name="Current GC Util Change" value="25.000000"/>
  <attribute name="GC Util currently" value="25" />
  <attribute name="CPU Util currently" value="7753234683808" />
<exclusive-end id="246" timestamp="2019-06-17T07:19:45.527" durationms="6.865" />

<exclusive-start id="247" timestamp="2019-06-17T07:19:45.535" intervalms="14.344">
  <response-info timems="0.025" idlems="0.025" threads="0" lastid="0000000000D21D00" lastname="Thread-9" />
</exclusive-start>
<allocation-taxation id="248" taxation-threshold="11534336" timestamp="2019-06-17T07:19:45.535" intervalms="14.326" />
<cycle-start id="249" type="partial gc" contextid="0" timestamp="2019-06-17T07:19:45.535" intervalms="14.320" />
<gc-start id="250" type="partial gc" contextid="249" timestamp="2019-06-17T07:19:45.535">
  <mem-info id="251" free="0" total="32505856" percent="0">
    <mem type="eden" free="0" total="11534336" percent="0" />
    <arraylet-primitive objects="2" leaves="2" largest="1" />
    <remembered-set count="8736" freebytes="1262592" totalbytes="1297536" percent="97" regionsoverflowed="0" regionsstable="0" regionsrebuilding="0"/>
  </mem-info>
</gc-start>
<allocation-stats totalBytes="11532672" >
  <allocated-bytes non-tlh="0" tlh="11532672" arrayletleaf="0"/>
  <largest-consumer threadName="Thread-10" threadId="0000000000D25900" bytes="2940488" />
</allocation-stats>
<gc-op id="252" type="mark" timems="1.452" contextid="249" timestamp="2019-06-17T07:19:45.537">
  <trace-info objectcount="14517" scancount="14517" scanbytes="486548" />
  <cardclean-info objects="9297" bytes="455736" />
  <remembered-set-cleared processed="6482" cleared="461" durationms="0.132" />
  <stringconstants candidates="4597" cleared="0"  />
  <warning details="Mark invoked due to insufficient free space for Copy-Forward" />
</gc-op>
<gc-op id="253" type="classunload" timems="0.002" contextid="249" timestamp="2019-06-17T07:19:45.537">
  <classunload-info classloadercandidates="8" classloadersunloaded="0" classesunloaded="0" anonymousclassesunloaded="0" quiescems="0.000" setupms="0.002" scanms="0.000" postms="0.000" />
</gc-op>
<gc-op id="254" type="sweep" timems="0.442" contextid="249" timestamp="2019-06-17T07:19:45.538" />
<gc-op id="255" type="compact" timems="2.091" contextid="249" timestamp="2019-06-17T07:19:45.540">
  <compact-info movecount="11778" movebytes="420816" />
  <remembered-set-cleared processed="13113" cleared="1064" durationms="0.132" />
</gc-op>
<heap-resize id="256" type="expand" space="default" amount="1048576" count="1" timems="0.060" reason="insufficient free space following gc" timestamp="2019-06-17T07:19:45.540" />
<gc-end id="257" type="partial gc" contextid="249" durationms="5.271" usertimems="8.000" systemtimems="0.000" timestamp="2019-06-17T07:19:45.540" activeThreads="4">
  <mem-info id="258" free="11534336" total="33554432" percent="34">
    <mem type="eden" free="668608" total="1048576" percent="63" />
    <arraylet-primitive objects="2" leaves="2" largest="1" />
    <remembered-set count="10048" freebytes="1299200" totalbytes="1339392" percent="96" regionsoverflowed="0" regionsstable="0" regionsrebuilding="0"/>
  </mem-info>
</gc-end>
<cycle-end id="259" type="partial gc" contextid="249" timestamp="2019-06-17T07:19:45.541" />
  <attribute name="elasticGC enabled" value="1" />
  <attribute name= "numThreadsSpecified" value="4" />
  <attribute name="heapSize specified" value="0" />
  <attribute name="Current GC Util" value="25" />
  <attribute name= "Current Time Running" value="1057" />
  <attribute name ="GC Interval" value="0" />
  <attribute name="ProportionalT" value="7.500000" />
  <attribute name="ProportionalI" value="7.500000" />
  <attribute name="ProportionalH" value="7.500000" />
  <attribute name="Current Error" value="5.000000" />
  <attribute name="IntegralT" value="5.000000" />
  <attribute name="IntegralI" value="5.000000" />
  <attribute name="IntegralH" value="5.000000" />
  <attribute name="DerivativeT" value="7.500000" />
  <attribute name="DerivativeI" value="7.500000" />
  <attribute name="DerivativeH" value="7.500000" />
  <attribute name="Loop Time for DT" value="1.000000" />
  <attribute name="Output H" value="8388608"/>
  <attribute name="Output I" value="200"/>
  <attribute name="Output T" value="4"/>
  <attribute name="Target GC Util Change" value ="20.000000" />
  <attribute name="Current GC Util Change" value="25.000000"/>
  <attribute name="GC Util currently" value="25" />
  <attribute name="CPU Util currently" value="7335949579665" />
<exclusive-end id="260" timestamp="2019-06-17T07:19:45.541" durationms="6.116" />

<exclusive-start id="261" timestamp="2019-06-17T07:19:45.549" intervalms="13.904">
  <response-info timems="0.027" idlems="0.027" threads="0" lastid="0000000000D29500" lastname="Thread-8" />
</exclusive-start>
<allocation-taxation id="262" taxation-threshold="11534336" timestamp="2019-06-17T07:19:45.549" intervalms="13.891" />
<cycle-start id="263" type="partial gc" contextid="0" timestamp="2019-06-17T07:19:45.549" intervalms="13.858" />
<gc-start id="264" type="partial gc" contextid="263" timestamp="2019-06-17T07:19:45.549">
  <mem-info id="265" free="0" total="33554432" percent="0">
    <mem type="eden" free="0" total="11534336" percent="0" />
    <arraylet-primitive objects="2" leaves="2" largest="1" />
    <remembered-set count="9728" freebytes="1300480" totalbytes="1339392" percent="97" regionsoverflowed="0" regionsstable="0" regionsrebuilding="0"/>
  </mem-info>
</gc-start>
<allocation-stats totalBytes="11532592" >
  <allocated-bytes non-tlh="0" tlh="11532592" arrayletleaf="0"/>
  <largest-consumer threadName="Thread-7" threadId="0000000000D2D100" bytes="3231280" />
</allocation-stats>
<gc-op id="266" type="mark" timems="1.706" contextid="263" timestamp="2019-06-17T07:19:45.551">
  <trace-info objectcount="26230" scancount="26230" scanbytes="1042764" />
  <cardclean-info objects="7563" bytes="375912" />
  <remembered-set-cleared processed="7220" cleared="482" durationms="0.116" />
  <stringconstants candidates="4597" cleared="0"  />
  <warning details="Mark invoked due to insufficient free space for Copy-Forward" />
</gc-op>
<gc-op id="267" type="classunload" timems="0.002" contextid="263" timestamp="2019-06-17T07:19:45.551">
  <classunload-info classloadercandidates="8" classloadersunloaded="0" classesunloaded="0" anonymousclassesunloaded="0" quiescems="0.000" setupms="0.002" scanms="0.000" postms="0.000" />
</gc-op>
<gc-op id="268" type="sweep" timems="0.380" contextid="263" timestamp="2019-06-17T07:19:45.552" />
<gc-op id="269" type="compact" timems="2.471" contextid="263" timestamp="2019-06-17T07:19:45.554">
  <compact-info movecount="21933" movebytes="939648" />
  <remembered-set-cleared processed="14597" cleared="1114" durationms="0.116" />
</gc-op>
<heap-resize id="270" type="expand" space="default" amount="1048576" count="1" timems="0.063" reason="insufficient free space following gc" timestamp="2019-06-17T07:19:45.555" />
<gc-end id="271" type="partial gc" contextid="263" durationms="5.666" usertimems="8.000" systemtimems="0.000" timestamp="2019-06-17T07:19:45.555" activeThreads="4">
  <mem-info id="272" free="11534336" total="34603008" percent="33">
    <mem type="eden" free="381304" total="1048576" percent="36" />
    <arraylet-primitive objects="2" leaves="2" largest="1" />
    <remembered-set count="10432" freebytes="1339520" totalbytes="1381248" percent="96" regionsoverflowed="0" regionsstable="0" regionsrebuilding="0"/>
  </mem-info>
</gc-end>
<cycle-end id="273" type="partial gc" contextid="263" timestamp="2019-06-17T07:19:45.555" />
  <attribute name="elasticGC enabled" value="1" />
  <attribute name= "numThreadsSpecified" value="4" />
  <attribute name="heapSize specified" value="0" />
  <attribute name="Current GC Util" value="28" />
  <attribute name= "Current Time Running" value="1071" />
  <attribute name ="GC Interval" value="0" />
  <attribute name="ProportionalT" value="12.000000" />
  <attribute name="ProportionalI" value="12.000000" />
  <attribute name="ProportionalH" value="12.000000" />
  <attribute name="Current Error" value="8.000000" />
  <attribute name="IntegralT" value="8.000000" />
  <attribute name="IntegralI" value="8.000000" />
  <attribute name="IntegralH" value="8.000000" />
  <attribute name="DerivativeT" value="-78.000000" />
  <attribute name="DerivativeI" value="-78.000000" />
  <attribute name="DerivativeH" value="-78.000000" />
  <attribute name="Loop Time for DT" value="1.000000" />
  <attribute name="Output H" value="2091843584"/>
  <attribute name="Output I" value="200"/>
  <attribute name="Output T" value="4"/>
  <attribute name="Target GC Util Change" value ="20.000000" />
  <attribute name="Current GC Util Change" value="28.000000"/>
  <attribute name="GC Util currently" value="28" />
  <attribute name="CPU Util currently" value="8542405624199" />
<exclusive-end id="274" timestamp="2019-06-17T07:19:45.555" durationms="6.280" />

<exclusive-start id="275" timestamp="2019-06-17T07:19:45.564" intervalms="15.568">
  <response-info timems="0.028" idlems="0.028" threads="0" lastid="0000000000D2D100" lastname="Thread-7" />
</exclusive-start>
<allocation-taxation id="276" taxation-threshold="11534336" timestamp="2019-06-17T07:19:45.564" intervalms="15.598" />
<cycle-start id="277" type="partial gc" contextid="0" timestamp="2019-06-17T07:19:45.564" intervalms="15.612" />
<gc-start id="278" type="partial gc" contextid="277" timestamp="2019-06-17T07:19:45.565">
  <mem-info id="279" free="0" total="34603008" percent="0">
    <mem type="eden" free="0" total="11534336" percent="0" />
    <arraylet-primitive objects="2" leaves="2" largest="1" />
    <remembered-set count="10016" freebytes="1341184" totalbytes="1381248" percent="97" regionsoverflowed="0" regionsstable="0" regionsrebuilding="0"/>
  </mem-info>
</gc-start>
<allocation-stats totalBytes="11532656" >
  <allocated-bytes non-tlh="0" tlh="11532656" arrayletleaf="0"/>
  <largest-consumer threadName="Thread-8" threadId="0000000000D29500" bytes="3898800" />
</allocation-stats>
<gc-op id="280" type="mark" timems="1.550" contextid="277" timestamp="2019-06-17T07:19:45.567">
  <trace-info objectcount="20927" scancount="20927" scanbytes="778328" />
  <cardclean-info objects="7221" bytes="356080" />
  <remembered-set-cleared processed="7901" cleared="384" durationms="0.105" />
  <stringconstants candidates="4597" cleared="0"  />
  <warning details="Mark invoked due to insufficient free space for Copy-Forward" />
</gc-op>
<gc-op id="281" type="classunload" timems="0.003" contextid="277" timestamp="2019-06-17T07:19:45.567">
  <classunload-info classloadercandidates="8" classloadersunloaded="0" classesunloaded="0" anonymousclassesunloaded="0" quiescems="0.000" setupms="0.002" scanms="0.000" postms="0.000" />
</gc-op>
<gc-op id="282" type="sweep" timems="0.392" contextid="277" timestamp="2019-06-17T07:19:45.567" />
<gc-op id="283" type="compact" timems="2.215" contextid="277" timestamp="2019-06-17T07:19:45.570">
  <compact-info movecount="6328" movebytes="200392" />
  <remembered-set-cleared processed="15951" cleared="912" durationms="0.105" />
</gc-op>
<heap-resize id="284" type="expand" space="default" amount="2097152" count="1" timems="0.067" reason="insufficient free space following gc" timestamp="2019-06-17T07:19:45.570" />
<gc-end id="285" type="partial gc" contextid="277" durationms="5.437" usertimems="4.000" systemtimems="4.000" timestamp="2019-06-17T07:19:45.570" activeThreads="4">
  <mem-info id="286" free="12582912" total="36700160" percent="34">
    <mem type="eden" free="933304" total="1048576" percent="89" />
    <arraylet-primitive objects="2" leaves="2" largest="1" />
    <remembered-set count="11872" freebytes="1417472" totalbytes="1464960" percent="96" regionsoverflowed="0" regionsstable="0" regionsrebuilding="0"/>
  </mem-info>
</gc-end>
<cycle-end id="287" type="partial gc" contextid="277" timestamp="2019-06-17T07:19:45.570" />
  <attribute name="elasticGC enabled" value="1" />
  <attribute name= "numThreadsSpecified" value="4" />
  <attribute name="heapSize specified" value="0" />
  <attribute name="Current GC Util" value="24" />
  <attribute name= "Current Time Running" value="1086" />
  <attribute name ="GC Interval" value="0" />
  <attribute name="ProportionalT" value="6.000000" />
  <attribute name="ProportionalI" value="6.000000" />
  <attribute name="ProportionalH" value="6.000000" />
  <attribute name="Current Error" value="4.000000" />
  <attribute name="IntegralT" value="0.000000" />
  <attribute name="IntegralI" value="0.000000" />
  <attribute name="IntegralH" value="0.000000" />
  <attribute name="DerivativeT" value="-inf" />
  <attribute name="DerivativeI" value="-inf" />
  <attribute name="DerivativeH" value="-inf" />
  <attribute name="Loop Time for DT" value="0.000000" />
  <attribute name="Output H" value="2091843584"/>
  <attribute name="Output I" value="200"/>
  <attribute name="Output T" value="4"/>
  <attribute name="Target GC Util Change" value ="20.000000" />
  <attribute name="Current GC Util Change" value="24.000000"/>
  <attribute name="GC Util currently" value="24" />
  <attribute name="CPU Util currently" value="7968782803528" />
<exclusive-end id="288" timestamp="2019-06-17T07:19:45.570" durationms="6.191" />

<exclusive-start id="289" timestamp="2019-06-17T07:19:45.577" intervalms="13.168">
  <response-info timems="0.035" idlems="0.035" threads="0" lastid="0000000000D21D00" lastname="Thread-9" />
</exclusive-start>
<allocation-taxation id="290" taxation-threshold="12582912" timestamp="2019-06-17T07:19:45.578" intervalms="13.154" />
<cycle-start id="291" type="partial gc" contextid="0" timestamp="2019-06-17T07:19:45.578" intervalms="13.135" />
<gc-start id="292" type="partial gc" contextid="291" timestamp="2019-06-17T07:19:45.578">
  <mem-info id="293" free="0" total="36700160" percent="0">
    <mem type="eden" free="0" total="12582912" percent="0" />
    <arraylet-primitive objects="2" leaves="2" largest="1" />
    <remembered-set count="11616" freebytes="1418496" totalbytes="1464960" percent="96" regionsoverflowed="0" regionsstable="0" regionsrebuilding="0"/>
  </mem-info>
</gc-start>
<allocation-stats totalBytes="12581256" >
  <allocated-bytes non-tlh="0" tlh="12581256" arrayletleaf="0"/>
  <largest-consumer threadName="Thread-7" threadId="0000000000D2D100" bytes="3485304" />
</allocation-stats>
<gc-op id="294" type="mark" timems="1.435" contextid="291" timestamp="2019-06-17T07:19:45.580">
  <trace-info objectcount="14430" scancount="14430" scanbytes="485244" />
  <cardclean-info objects="10108" bytes="489184" />
  <remembered-set-cleared processed="8663" cleared="401" durationms="0.110" />
  <stringconstants candidates="4597" cleared="0"  />
  <warning details="Mark invoked due to insufficient free space for Copy-Forward" />
</gc-op>
<gc-op id="295" type="classunload" timems="0.002" contextid="291" timestamp="2019-06-17T07:19:45.580">
  <classunload-info classloadercandidates="8" classloadersunloaded="0" classesunloaded="0" anonymousclassesunloaded="0" quiescems="0.000" setupms="0.002" scanms="0.000" postms="0.000" />
</gc-op>
<gc-op id="296" type="sweep" timems="0.450" contextid="291" timestamp="2019-06-17T07:19:45.580" />
<gc-op id="297" type="compact" timems="2.138" contextid="291" timestamp="2019-06-17T07:19:45.583">
  <compact-info movecount="14080" movebytes="476848" />
  <remembered-set-cleared processed="17487" cleared="954" durationms="0.110" />
</gc-op>
<heap-resize id="298" type="expand" space="default" amount="1048576" count="1" timems="0.061" reason="insufficient free space following gc" timestamp="2019-06-17T07:19:45.583" />
<gc-end id="299" type="partial gc" contextid="291" durationms="5.370" usertimems="4.000" systemtimems="4.000" timestamp="2019-06-17T07:19:45.583" activeThreads="4">
  <mem-info id="300" free="12582912" total="37748736" percent="33">
    <mem type="eden" free="673272" total="1048576" percent="64" />
    <arraylet-primitive objects="2" leaves="2" largest="1" />
    <remembered-set count="11584" freebytes="1460480" totalbytes="1506816" percent="96" regionsoverflowed="0" regionsstable="0" regionsrebuilding="0"/>
  </mem-info>
</gc-end>
<cycle-end id="301" type="partial gc" contextid="291" timestamp="2019-06-17T07:19:45.583" />
  <attribute name="elasticGC enabled" value="1" />
  <attribute name= "numThreadsSpecified" value="4" />
  <attribute name="heapSize specified" value="0" />
  <attribute name="Current GC Util" value="22" />
  <attribute name= "Current Time Running" value="1100" />
  <attribute name ="GC Interval" value="0" />
  <attribute name="ProportionalT" value="3.000000" />
  <attribute name="ProportionalI" value="3.000000" />
  <attribute name="ProportionalH" value="3.000000" />
  <attribute name="Current Error" value="2.000000" />
  <attribute name="IntegralT" value="2.000000" />
  <attribute name="IntegralI" value="2.000000" />
  <attribute name="IntegralH" value="2.000000" />
  <attribute name="DerivativeT" value="-81.000000" />
  <attribute name="DerivativeI" value="-81.000000" />
  <attribute name="DerivativeH" value="-81.000000" />
  <attribute name="Loop Time for DT" value="1.000000" />
  <attribute name="Output H" value="2091843584"/>
  <attribute name="Output I" value="200"/>
  <attribute name="Output T" value="4"/>
  <attribute name="Target GC Util Change" value ="20.000000" />
  <attribute name="Current GC Util Change" value="22.000000"/>
  <attribute name="GC Util currently" value="22" />
  <attribute name="CPU Util currently" value="7239445443168" />
<exclusive-end id="302" timestamp="2019-06-17T07:19:45.583" durationms="6.107" />

<exclusive-start id="303" timestamp="2019-06-17T07:19:45.591" intervalms="13.309">
  <response-info timems="0.025" idlems="0.025" threads="0" lastid="0000000000D2D100" lastname="Thread-7" />
</exclusive-start>
<allocation-taxation id="304" taxation-threshold="12582912" timestamp="2019-06-17T07:19:45.591" intervalms="13.311" />
<cycle-start id="305" type="partial gc" contextid="0" timestamp="2019-06-17T07:19:45.591" intervalms="13.353" />
<gc-start id="306" type="partial gc" contextid="305" timestamp="2019-06-17T07:19:45.591">
  <mem-info id="307" free="0" total="37748736" percent="0">
    <mem type="eden" free="0" total="12582912" percent="0" />
    <arraylet-primitive objects="2" leaves="2" largest="1" />
    <remembered-set count="11424" freebytes="1461120" totalbytes="1506816" percent="96" regionsoverflowed="0" regionsstable="0" regionsrebuilding="0"/>
  </mem-info>
</gc-start>
<allocation-stats totalBytes="12581280" >
  <allocated-bytes non-tlh="0" tlh="12581280" arrayletleaf="0"/>
  <largest-consumer threadName="Thread-7" threadId="0000000000D2D100" bytes="3444352" />
</allocation-stats>
<gc-op id="308" type="mark" timems="1.604" contextid="305" timestamp="2019-06-17T07:19:45.593">
  <trace-info objectcount="17466" scancount="17466" scanbytes="695080" />
  <cardclean-info objects="7164" bytes="352584" />
  <remembered-set-cleared processed="9466" cleared="566" durationms="0.115" />
  <stringconstants candidates="4597" cleared="0"  />
  <warning details="Mark invoked due to insufficient free space for Copy-Forward" />
</gc-op>
<gc-op id="309" type="classunload" timems="0.002" contextid="305" timestamp="2019-06-17T07:19:45.593">
  <classunload-info classloadercandidates="8" classloadersunloaded="0" classesunloaded="0" anonymousclassesunloaded="0" quiescems="0.000" setupms="0.002" scanms="0.000" postms="0.000" />
</gc-op>
<gc-op id="310" type="sweep" timems="0.406" contextid="305" timestamp="2019-06-17T07:19:45.594" />
<gc-op id="311" type="compact" timems="2.160" contextid="305" timestamp="2019-06-17T07:19:45.596">
  <compact-info movecount="17289" movebytes="690840" />
  <remembered-set-cleared processed="19060" cleared="1254" durationms="0.115" />
</gc-op>
<heap-resize id="312" type="expand" space="default" amount="2097152" count="1" timems="0.067" reason="insufficient free space following gc" timestamp="2019-06-17T07:19:45.596" />
<gc-end id="313" type="partial gc" contextid="305" durationms="5.478" usertimems="4.000" systemtimems="4.000" timestamp="2019-06-17T07:19:45.597" activeThreads="4">
  <mem-info id="314" free="13631488" total="39845888" percent="34">
    <mem type="eden" free="719704" total="1048576" percent="68" />
    <arraylet-primitive objects="2" leaves="2" largest="1" />
    <remembered-set count="12256" freebytes="1541504" totalbytes="1590528" percent="96" regionsoverflowed="0" regionsstable="0" regionsrebuilding="0"/>
  </mem-info>
</gc-end>
<cycle-end id="315" type="partial gc" contextid="305" timestamp="2019-06-17T07:19:45.597" />
  <attribute name="elasticGC enabled" value="1" />
  <attribute name= "numThreadsSpecified" value="4" />
  <attribute name="heapSize specified" value="0" />
  <attribute name="Current GC Util" value="27" />
  <attribute name= "Current Time Running" value="1113" />
  <attribute name ="GC Interval" value="0" />
  <attribute name="ProportionalT" value="10.500000" />
  <attribute name="ProportionalI" value="10.500000" />
  <attribute name="ProportionalH" value="10.500000" />
  <attribute name="Current Error" value="7.000000" />
  <attribute name="IntegralT" value="7.000000" />
  <attribute name="IntegralI" value="7.000000" />
  <attribute name="IntegralH" value="7.000000" />
  <attribute name="DerivativeT" value="-76.500000" />
  <attribute name="DerivativeI" value="-76.500000" />
  <attribute name="DerivativeH" value="-76.500000" />
  <attribute name="Loop Time for DT" value="1.000000" />
  <attribute name="Output H" value="2091843584"/>
  <attribute name="Output I" value="200"/>
  <attribute name="Output T" value="4"/>
  <attribute name="Target GC Util Change" value ="20.000000" />
  <attribute name="Current GC Util Change" value="27.000000"/>
  <attribute name="GC Util currently" value="27" />
  <attribute name="CPU Util currently" value="7772102815331" />
<exclusive-end id="316" timestamp="2019-06-17T07:19:45.597" durationms="6.239" />

<exclusive-start id="317" timestamp="2019-06-17T07:19:45.604" intervalms="13.488">
  <response-info timems="0.021" idlems="0.021" threads="0" lastid="0000000000D2D100" lastname="Thread-7" />
</exclusive-start>
<allocation-taxation id="318" taxation-threshold="13631488" timestamp="2019-06-17T07:19:45.604" intervalms="13.487" />
<cycle-start id="319" type="partial gc" contextid="0" timestamp="2019-06-17T07:19:45.604" intervalms="13.488" />
<gc-start id="320" type="partial gc" contextid="319" timestamp="2019-06-17T07:19:45.605">
  <mem-info id="321" free="0" total="39845888" percent="0">
    <mem type="eden" free="0" total="13631488" percent="0" />
    <arraylet-primitive objects="2" leaves="2" largest="1" />
    <remembered-set count="12256" freebytes="1541504" totalbytes="1590528" percent="96" regionsoverflowed="0" regionsstable="0" regionsrebuilding="0"/>
  </mem-info>
</gc-start>
<allocation-stats totalBytes="13629816" >
  <allocated-bytes non-tlh="0" tlh="13629816" arrayletleaf="0"/>
  <largest-consumer threadName="Thread-7" threadId="0000000000D2D100" bytes="3571192" />
</allocation-stats>
<gc-op id="322" type="mark" timems="1.445" contextid="319" timestamp="2019-06-17T07:19:45.606">
  <trace-info objectcount="9423" scancount="9423" scanbytes="365060" />
  <cardclean-info objects="5156" bytes="253368" />
  <remembered-set-cleared processed="10166" cleared="499" durationms="0.115" />
  <stringconstants candidates="4597" cleared="0"  />
  <warning details="Mark invoked due to insufficient free space for Copy-Forward" />
</gc-op>
<gc-op id="323" type="classunload" timems="0.002" contextid="319" timestamp="2019-06-17T07:19:45.607">
  <classunload-info classloadercandidates="8" classloadersunloaded="0" classesunloaded="0" anonymousclassesunloaded="0" quiescems="0.000" setupms="0.002" scanms="0.000" postms="0.000" />
</gc-op>
<gc-op id="324" type="sweep" timems="0.390" contextid="319" timestamp="2019-06-17T07:19:45.607" />
<gc-op id="325" type="compact" timems="1.808" contextid="319" timestamp="2019-06-17T07:19:45.609">
  <compact-info movecount="9406" movebytes="364656" />
  <remembered-set-cleared processed="20461" cleared="1120" durationms="0.115" />
</gc-op>
<heap-resize id="326" type="expand" space="default" amount="1048576" count="1" timems="0.061" reason="insufficient free space following gc" timestamp="2019-06-17T07:19:45.609" />
<gc-end id="327" type="partial gc" contextid="319" durationms="4.970" usertimems="8.000" systemtimems="0.000" timestamp="2019-06-17T07:19:45.610" activeThreads="4">
  <mem-info id="328" free="13631488" total="40894464" percent="33">
    <mem type="eden" free="1005592" total="1048576" percent="95" />
    <arraylet-primitive objects="2" leaves="2" largest="1" />
    <remembered-set count="13088" freebytes="1580032" totalbytes="1632384" percent="96" regionsoverflowed="0" regionsstable="0" regionsrebuilding="0"/>
  </mem-info>
</gc-end>
<cycle-end id="329" type="partial gc" contextid="319" timestamp="2019-06-17T07:19:45.610" />
  <attribute name="elasticGC enabled" value="1" />
  <attribute name= "numThreadsSpecified" value="4" />
  <attribute name="heapSize specified" value="0" />
  <attribute name="Current GC Util" value="25" />
  <attribute name= "Current Time Running" value="1126" />
  <attribute name ="GC Interval" value="0" />
  <attribute name="ProportionalT" value="7.500000" />
  <attribute name="ProportionalI" value="7.500000" />
  <attribute name="ProportionalH" value="7.500000" />
  <attribute name="Current Error" value="5.000000" />
  <attribute name="IntegralT" value="0.000000" />
  <attribute name="IntegralI" value="0.000000" />
  <attribute name="IntegralH" value="0.000000" />
  <attribute name="DerivativeT" value="-inf" />
  <attribute name="DerivativeI" value="-inf" />
  <attribute name="DerivativeH" value="-inf" />
  <attribute name="Loop Time for DT" value="0.000000" />
  <attribute name="Output H" value="2091843584"/>
  <attribute name="Output I" value="200"/>
  <attribute name="Output T" value="4"/>
  <attribute name="Target GC Util Change" value ="20.000000" />
  <attribute name="Current GC Util Change" value="25.000000"/>
  <attribute name="GC Util currently" value="25" />
  <attribute name="CPU Util currently" value="8010418447340" />
<exclusive-end id="330" timestamp="2019-06-17T07:19:45.610" durationms="5.738" />

<exclusive-start id="331" timestamp="2019-06-17T07:19:45.617" intervalms="13.032">
  <response-info timems="0.032" idlems="0.032" threads="0" lastid="0000000000D25900" lastname="Thread-10" />
</exclusive-start>
<allocation-taxation id="332" taxation-threshold="13631488" timestamp="2019-06-17T07:19:45.617" intervalms="13.043" />
<cycle-start id="333" type="partial gc" contextid="0" timestamp="2019-06-17T07:19:45.617" intervalms="13.044" />
<gc-start id="334" type="partial gc" contextid="333" timestamp="2019-06-17T07:19:45.618">
  <mem-info id="335" free="0" total="40894464" percent="0">
    <mem type="eden" free="0" total="13631488" percent="0" />
    <arraylet-primitive objects="2" leaves="2" largest="1" />
    <remembered-set count="12608" freebytes="1581952" totalbytes="1632384" percent="96" regionsoverflowed="0" regionsstable="0" regionsrebuilding="0"/>
  </mem-info>
</gc-start>
<allocation-stats totalBytes="13629704" >
  <allocated-bytes non-tlh="0" tlh="13629704" arrayletleaf="0"/>
  <largest-consumer threadName="Thread-7" threadId="0000000000D2D100" bytes="3571232" />
</allocation-stats>
<gc-op id="336" type="mark" timems="1.270" contextid="333" timestamp="2019-06-17T07:19:45.619">
  <trace-info objectcount="3692" scancount="3692" scanbytes="89976" />
  <cardclean-info objects="5929" bytes="285552" />
  <remembered-set-cleared processed="10731" cleared="531" durationms="0.113" />
  <stringconstants candidates="4597" cleared="0"  />
  <warning details="Mark invoked due to insufficient free space for Copy-Forward" />
</gc-op>
<gc-op id="337" type="classunload" timems="0.002" contextid="333" timestamp="2019-06-17T07:19:45.619">
  <classunload-info classloadercandidates="8" classloadersunloaded="0" classesunloaded="0" anonymousclassesunloaded="0" quiescems="0.000" setupms="0.002" scanms="0.000" postms="0.000" />
</gc-op>
<gc-op id="338" type="sweep" timems="0.384" contextid="333" timestamp="2019-06-17T07:19:45.620" />
<gc-op id="339" type="compact" timems="1.317" contextid="333" timestamp="2019-06-17T07:19:45.621">
  <compact-info movecount="3423" movebytes="83520" />
  <remembered-set-cleared processed="21576" cleared="1169" durationms="0.113" />
</gc-op>
<heap-resize id="340" type="expand" space="default" amount="2097152" count="1" timems="0.073" reason="insufficient free space following gc" timestamp="2019-06-17T07:19:45.622" />
<gc-end id="341" type="partial gc" contextid="333" durationms="4.263" usertimems="8.000" systemtimems="0.000" timestamp="2019-06-17T07:19:45.622" activeThreads="4">
  <mem-info id="342" free="14680064" total="42991616" percent="34">
    <mem type="eden" free="992584" total="1048576" percent="94" />
    <arraylet-primitive objects="2" leaves="2" largest="1" />
    <remembered-set count="13664" freebytes="1661440" totalbytes="1716096" percent="96" regionsoverflowed="0" regionsstable="0" regionsrebuilding="0"/>
  </mem-info>
</gc-end>
<cycle-end id="343" type="partial gc" contextid="333" timestamp="2019-06-17T07:19:45.622" />
  <attribute name="elasticGC enabled" value="1" />
  <attribute name= "numThreadsSpecified" value="4" />
  <attribute name="heapSize specified" value="0" />
  <attribute name="Current GC Util" value="21" />
  <attribute name= "Current Time Running" value="1139" />
  <attribute name ="GC Interval" value="0" />
  <attribute name="ProportionalT" value="1.500000" />
  <attribute name="ProportionalI" value="1.500000" />
  <attribute name="ProportionalH" value="1.500000" />
  <attribute name="Current Error" value="1.000000" />
  <attribute name="IntegralT" value="0.000000" />
  <attribute name="IntegralI" value="0.000000" />
  <attribute name="IntegralH" value="0.000000" />
  <attribute name="DerivativeT" value="-inf" />
  <attribute name="DerivativeI" value="-inf" />
  <attribute name="DerivativeH" value="-inf" />
  <attribute name="Loop Time for DT" value="0.000000" />
  <attribute name="Output H" value="2091843584"/>
  <attribute name="Output I" value="200"/>
  <attribute name="Output T" value="4"/>
  <attribute name="Target GC Util Change" value ="20.000000" />
  <attribute name="Current GC Util Change" value="21.000000"/>
  <attribute name="GC Util currently" value="21" />
  <attribute name="CPU Util currently" value="7504240566307" />
<exclusive-end id="344" timestamp="2019-06-17T07:19:45.622" durationms="4.929" />

<exclusive-start id="345" timestamp="2019-06-17T07:19:45.630" intervalms="12.743">
  <response-info timems="0.023" idlems="0.023" threads="0" lastid="0000000000D29500" lastname="Thread-8" />
</exclusive-start>
<allocation-taxation id="346" taxation-threshold="14680064" timestamp="2019-06-17T07:19:45.630" intervalms="12.702" />
<cycle-start id="347" type="partial gc" contextid="0" timestamp="2019-06-17T07:19:45.630" intervalms="12.662" />
<gc-start id="348" type="partial gc" contextid="347" timestamp="2019-06-17T07:19:45.630">
  <mem-info id="349" free="0" total="42991616" percent="0">
    <mem type="eden" free="0" total="14680064" percent="0" />
    <arraylet-primitive objects="2" leaves="2" largest="1" />
    <remembered-set count="13312" freebytes="1662848" totalbytes="1716096" percent="96" regionsoverflowed="0" regionsstable="0" regionsrebuilding="0"/>
  </mem-info>
</gc-start>
<allocation-stats totalBytes="14678280" >
  <allocated-bytes non-tlh="0" tlh="14678280" arrayletleaf="0"/>
  <largest-consumer threadName="Thread-10" threadId="0000000000D25900" bytes="3870240" />
</allocation-stats>
<gc-op id="350" type="mark" timems="1.627" contextid="347" timestamp="2019-06-17T07:19:45.632">
  <trace-info objectcount="13221" scancount="13221" scanbytes="458392" />
  <cardclean-info objects="11788" bytes="586776" />
  <remembered-set-cleared processed="10739" cleared="1517" durationms="0.177" />
  <stringconstants candidates="4597" cleared="0"  />
  <warning details="Mark invoked due to insufficient free space for Copy-Forward" />
</gc-op>
<gc-op id="351" type="classunload" timems="0.002" contextid="347" timestamp="2019-06-17T07:19:45.632">
  <classunload-info classloadercandidates="8" classloadersunloaded="0" classesunloaded="0" anonymousclassesunloaded="0" quiescems="0.000" setupms="0.002" scanms="0.000" postms="0.000" />
</gc-op>
<gc-op id="352" type="sweep" timems="0.437" contextid="347" timestamp="2019-06-17T07:19:45.633" />
<gc-op id="353" type="compact" timems="2.079" contextid="347" timestamp="2019-06-17T07:19:45.635">
  <compact-info movecount="9099" movebytes="356808" />
  <remembered-set-cleared processed="21649" cleared="3198" durationms="0.177" />
</gc-op>
<heap-resize id="354" type="expand" space="default" amount="1048576" count="1" timems="0.066" reason="insufficient free space following gc" timestamp="2019-06-17T07:19:45.635" />
<gc-end id="355" type="partial gc" contextid="347" durationms="5.379" usertimems="0.000" systemtimems="8.000" timestamp="2019-06-17T07:19:45.636" activeThreads="4">
  <mem-info id="356" free="14680064" total="44040192" percent="33">
    <mem type="eden" free="697120" total="1048576" percent="66" />
    <arraylet-primitive objects="2" leaves="2" largest="1" />
    <remembered-set count="14176" freebytes="1701248" totalbytes="1757952" percent="96" regionsoverflowed="0" regionsstable="0" regionsrebuilding="0"/>
  </mem-info>
</gc-end>
<cycle-end id="357" type="partial gc" contextid="347" timestamp="2019-06-17T07:19:45.636" />
  <attribute name="elasticGC enabled" value="1" />
  <attribute name= "numThreadsSpecified" value="4" />
  <attribute name="heapSize specified" value="0" />
  <attribute name="Current GC Util" value="20" />
  <attribute name= "Current Time Running" value="1152" />
  <attribute name ="GC Interval" value="0" />
  <attribute name="ProportionalT" value="0.000000" />
  <attribute name="ProportionalI" value="0.000000" />
  <attribute name="ProportionalH" value="0.000000" />
  <attribute name="Current Error" value="0.000000" />
  <attribute name="IntegralT" value="0.000000" />
  <attribute name="IntegralI" value="0.000000" />
  <attribute name="IntegralH" value="0.000000" />
  <attribute name="DerivativeT" value="-nan" />
  <attribute name="DerivativeI" value="-nan" />
  <attribute name="DerivativeH" value="-nan" />
  <attribute name="Loop Time for DT" value="0.000000" />
  <attribute name="Output H" value="2091843584"/>
  <attribute name="Output I" value="200"/>
  <attribute name="Output T" value="4"/>
  <attribute name="Target GC Util Change" value ="20.000000" />
  <attribute name="Current GC Util Change" value="20.000000"/>
  <attribute name="GC Util currently" value="20" />
  <attribute name="CPU Util currently" value="7220245014558" />
<exclusive-end id="358" timestamp="2019-06-17T07:19:45.636" durationms="5.993" />

<exclusive-start id="359" timestamp="2019-06-17T07:19:45.644" intervalms="13.951">
  <response-info timems="0.020" idlems="0.020" threads="0" lastid="0000000000D2D100" lastname="Thread-7" />
</exclusive-start>
<allocation-taxation id="360" taxation-threshold="14680064" timestamp="2019-06-17T07:19:45.644" intervalms="13.970" />
<cycle-start id="361" type="partial gc" contextid="0" timestamp="2019-06-17T07:19:45.644" intervalms="14.051" />
<gc-start id="362" type="partial gc" contextid="361" timestamp="2019-06-17T07:19:45.644">
  <mem-info id="363" free="0" total="44040192" percent="0">
    <mem type="eden" free="0" total="14680064" percent="0" />
    <arraylet-primitive objects="2" leaves="2" largest="1" />
    <remembered-set count="14080" freebytes="1701632" totalbytes="1757952" percent="96" regionsoverflowed="0" regionsstable="0" regionsrebuilding="0"/>
  </mem-info>
</gc-start>
<allocation-stats totalBytes="14678200" >
  <allocated-bytes non-tlh="0" tlh="14678200" arrayletleaf="0"/>
  <largest-consumer threadName="Thread-7" threadId="0000000000D2D100" bytes="3882464" />
</allocation-stats>
<gc-op id="364" type="mark" timems="1.835" contextid="361" timestamp="2019-06-17T07:19:45.647">
  <trace-info objectcount="24577" scancount="24577" scanbytes="1043624" />
  <cardclean-info objects="6993" bytes="410152" />
  <remembered-set-cleared processed="11844" cleared="2479" durationms="0.131" />
  <stringconstants candidates="4597" cleared="0"  />
  <warning details="Mark invoked due to insufficient free space for Copy-Forward" />
</gc-op>
<gc-op id="365" type="classunload" timems="0.002" contextid="361" timestamp="2019-06-17T07:19:45.647">
  <classunload-info classloadercandidates="8" classloadersunloaded="0" classesunloaded="0" anonymousclassesunloaded="0" quiescems="0.000" setupms="0.002" scanms="0.000" postms="0.000" />
</gc-op>
<gc-op id="366" type="sweep" timems="0.482" contextid="361" timestamp="2019-06-17T07:19:45.647" />
<gc-op id="367" type="compact" timems="2.354" contextid="361" timestamp="2019-06-17T07:19:45.650">
  <compact-info movecount="13447" movebytes="558152" />
  <remembered-set-cleared processed="23820" cleared="5084" durationms="0.131" />
</gc-op>
<heap-resize id="368" type="expand" space="default" amount="1048576" count="1" timems="0.062" reason="insufficient free space following gc" timestamp="2019-06-17T07:19:45.650" />
<gc-end id="369" type="partial gc" contextid="361" durationms="5.911" usertimems="8.000" systemtimems="0.000" timestamp="2019-06-17T07:19:45.650" activeThreads="4">
  <mem-info id="370" free="14680064" total="45088768" percent="32">
    <mem type="eden" free="696056" total="1048576" percent="66" />
    <arraylet-primitive objects="2" leaves="2" largest="1" />
    <remembered-set count="14912" freebytes="1740160" totalbytes="1799808" percent="96" regionsoverflowed="0" regionsstable="0" regionsrebuilding="0"/>
  </mem-info>
</gc-end>
<cycle-end id="371" type="partial gc" contextid="361" timestamp="2019-06-17T07:19:45.650" />
  <attribute name="elasticGC enabled" value="1" />
  <attribute name= "numThreadsSpecified" value="4" />
  <attribute name="heapSize specified" value="0" />
  <attribute name="Current GC Util" value="22" />
  <attribute name= "Current Time Running" value="1167" />
  <attribute name ="GC Interval" value="0" />
  <attribute name="ProportionalT" value="3.000000" />
  <attribute name="ProportionalI" value="3.000000" />
  <attribute name="ProportionalH" value="3.000000" />
  <attribute name="Current Error" value="2.000000" />
  <attribute name="IntegralT" value="2.000000" />
  <attribute name="IntegralI" value="2.000000" />
  <attribute name="IntegralH" value="2.000000" />
  <attribute name="DerivativeT" value="-90.000000" />
  <attribute name="DerivativeI" value="-90.000000" />
  <attribute name="DerivativeH" value="-90.000000" />
  <attribute name="Loop Time for DT" value="1.000000" />
  <attribute name="Output H" value="2091843584"/>
  <attribute name="Output I" value="200"/>
  <attribute name="Output T" value="4"/>
  <attribute name="Target GC Util Change" value ="20.000000" />
  <attribute name="Current GC Util Change" value="22.000000"/>
  <attribute name="GC Util currently" value="22" />
  <attribute name="CPU Util currently" value="6832026213340" />
<exclusive-end id="372" timestamp="2019-06-17T07:19:45.651" durationms="6.669" />

<exclusive-start id="373" timestamp="2019-06-17T07:19:45.659" intervalms="14.615">
  <response-info timems="0.023" idlems="0.023" threads="0" lastid="0000000000D29500" lastname="Thread-8" />
</exclusive-start>
<allocation-taxation id="374" taxation-threshold="14680064" timestamp="2019-06-17T07:19:45.659" intervalms="14.599" />
<cycle-start id="375" type="partial gc" contextid="0" timestamp="2019-06-17T07:19:45.659" intervalms="14.519" />
<gc-start id="376" type="partial gc" contextid="375" timestamp="2019-06-17T07:19:45.659">
  <mem-info id="377" free="0" total="45088768" percent="0">
    <mem type="eden" free="0" total="14680064" percent="0" />
    <arraylet-primitive objects="2" leaves="2" largest="1" />
    <remembered-set count="14784" freebytes="1740672" totalbytes="1799808" percent="96" regionsoverflowed="0" regionsstable="0" regionsrebuilding="0"/>
  </mem-info>
</gc-start>
<allocation-stats totalBytes="14678288" >
  <allocated-bytes non-tlh="0" tlh="14678288" arrayletleaf="0"/>
  <largest-consumer threadName="Thread-8" threadId="0000000000D29500" bytes="3800600" />
</allocation-stats>
<gc-op id="378" type="mark" timems="2.327" contextid="375" timestamp="2019-06-17T07:19:45.662">
  <trace-info objectcount="26266" scancount="23592" scanbytes="879848" />
  <cardclean-info objects="24651" bytes="1197016" />
  <remembered-set-cleared processed="10120" cleared="4541" durationms="0.168" />
  <references type="soft" candidates="17" cleared="0" enqueued="0" dynamicThreshold="10" maxThreshold="32" />
  <references type="weak" candidates="16" cleared="0" enqueued="0" />
  <references type="phantom" candidates="2" cleared="0" enqueued="0" />
  <stringconstants candidates="4597" cleared="0"  />
  <warning details="Mark invoked due to insufficient free space for Copy-Forward" />
</gc-op>
<gc-op id="379" type="classunload" timems="0.003" contextid="375" timestamp="2019-06-17T07:19:45.662">
  <classunload-info classloadercandidates="8" classloadersunloaded="0" classesunloaded="0" anonymousclassesunloaded="0" quiescems="0.000" setupms="0.002" scanms="0.000" postms="0.000" />
</gc-op>
<gc-op id="380" type="sweep" timems="0.482" contextid="375" timestamp="2019-06-17T07:19:45.662" />
<gc-op id="381" type="compact" timems="3.256" contextid="375" timestamp="2019-06-17T07:19:45.666">
  <compact-info movecount="25980" movebytes="1102240" />
  <remembered-set-cleared processed="20844" cleared="9684" durationms="0.168" />
</gc-op>
<heap-resize id="382" type="expand" space="default" amount="2097152" count="1" timems="0.070" reason="insufficient free space following gc" timestamp="2019-06-17T07:19:45.666" />
<gc-end id="383" type="partial gc" contextid="375" durationms="7.272" usertimems="8.000" systemtimems="4.000" timestamp="2019-06-17T07:19:45.666" activeThreads="4">
  <mem-info id="384" free="15728640" total="47185920" percent="33">
    <mem type="eden" free="721952" total="1048576" percent="68" />
    <arraylet-primitive objects="2" leaves="2" largest="1" />
    <remembered-set count="15808" freebytes="1820288" totalbytes="1883520" percent="96" regionsoverflowed="0" regionsstable="0" regionsrebuilding="0"/>
  </mem-info>
</gc-end>
<cycle-end id="385" type="partial gc" contextid="375" timestamp="2019-06-17T07:19:45.666" />
  <attribute name="elasticGC enabled" value="1" />
  <attribute name= "numThreadsSpecified" value="4" />
  <attribute name="heapSize specified" value="0" />
  <attribute name="Current GC Util" value="22" />
  <attribute name= "Current Time Running" value="1182" />
  <attribute name ="GC Interval" value="0" />
  <attribute name="ProportionalT" value="3.000000" />
  <attribute name="ProportionalI" value="3.000000" />
  <attribute name="ProportionalH" value="3.000000" />
  <attribute name="Current Error" value="2.000000" />
  <attribute name="IntegralT" value="2.000000" />
  <attribute name="IntegralI" value="2.000000" />
  <attribute name="IntegralH" value="2.000000" />
  <attribute name="DerivativeT" value="-91.500000" />
  <attribute name="DerivativeI" value="-91.500000" />
  <attribute name="DerivativeH" value="-91.500000" />
  <attribute name="Loop Time for DT" value="1.000000" />
  <attribute name="Output H" value="2091843584"/>
  <attribute name="Output I" value="200"/>
  <attribute name="Output T" value="4"/>
  <attribute name="Target GC Util Change" value ="20.000000" />
  <attribute name="Current GC Util Change" value="22.000000"/>
  <attribute name="GC Util currently" value="22" />
  <attribute name="CPU Util currently" value="6904610494830" />
<exclusive-end id="386" timestamp="2019-06-17T07:19:45.666" durationms="7.841" />

<exclusive-start id="387" timestamp="2019-06-17T07:19:45.675" intervalms="16.339">
  <response-info timems="0.024" idlems="0.024" threads="0" lastid="0000000000D21D00" lastname="Thread-9" />
</exclusive-start>
<allocation-taxation id="388" taxation-threshold="15728640" timestamp="2019-06-17T07:19:45.675" intervalms="16.367" />
<cycle-start id="389" type="partial gc" contextid="0" timestamp="2019-06-17T07:19:45.675" intervalms="16.409" />
<gc-start id="390" type="partial gc" contextid="389" timestamp="2019-06-17T07:19:45.675">
  <mem-info id="391" free="0" total="47185920" percent="0">
    <mem type="eden" free="0" total="15728640" percent="0" />
    <arraylet-primitive objects="2" leaves="2" largest="1" />
    <remembered-set count="15648" freebytes="1820928" totalbytes="1883520" percent="96" regionsoverflowed="0" regionsstable="0" regionsrebuilding="0"/>
  </mem-info>
</gc-start>
<allocation-stats totalBytes="15726560" >
  <allocated-bytes non-tlh="0" tlh="15726560" arrayletleaf="0"/>
  <largest-consumer threadName="Thread-8" threadId="0000000000D29500" bytes="4124080" />
</allocation-stats>
<gc-op id="392" type="mark" timems="1.320" contextid="389" timestamp="2019-06-17T07:19:45.677">
  <trace-info objectcount="10281" scancount="10281" scanbytes="384644" />
  <cardclean-info objects="6007" bytes="293856" />
  <remembered-set-cleared processed="12932" cleared="510" durationms="0.138" />
  <stringconstants candidates="4597" cleared="0"  />
  <warning details="Mark invoked due to insufficient free space for Copy-Forward" />
</gc-op>
<gc-op id="393" type="classunload" timems="0.002" contextid="389" timestamp="2019-06-17T07:19:45.677">
  <classunload-info classloadercandidates="8" classloadersunloaded="0" classesunloaded="0" anonymousclassesunloaded="0" quiescems="0.000" setupms="0.002" scanms="0.000" postms="0.000" />
</gc-op>
<gc-op id="394" type="sweep" timems="0.445" contextid="389" timestamp="2019-06-17T07:19:45.678" />
<gc-op id="395" type="compact" timems="1.753" contextid="389" timestamp="2019-06-17T07:19:45.680">
  <compact-info movecount="10021" movebytes="378408" />
  <remembered-set-cleared processed="26016" cleared="1164" durationms="0.138" />
</gc-op>
<heap-resize id="396" type="expand" space="default" amount="1048576" count="1" timems="0.060" reason="insufficient free space following gc" timestamp="2019-06-17T07:19:45.680" />
<gc-end id="397" type="partial gc" contextid="389" durationms="4.689" usertimems="8.000" systemtimems="0.000" timestamp="2019-06-17T07:19:45.680" activeThreads="4">
  <mem-info id="398" free="15728640" total="48234496" percent="32">
    <mem type="eden" free="986848" total="1048576" percent="94" />
    <arraylet-primitive objects="2" leaves="2" largest="1" />
    <remembered-set count="16448" freebytes="1859584" totalbytes="1925376" percent="96" regionsoverflowed="0" regionsstable="0" regionsrebuilding="0"/>
  </mem-info>
</gc-end>
<cycle-end id="399" type="partial gc" contextid="389" timestamp="2019-06-17T07:19:45.680" />
  <attribute name="elasticGC enabled" value="1" />
  <attribute name= "numThreadsSpecified" value="4" />
  <attribute name="heapSize specified" value="0" />
  <attribute name="Current GC Util" value="19" />
  <attribute name= "Current Time Running" value="1197" />
  <attribute name ="GC Interval" value="0" />
  <attribute name="ProportionalT" value="-1.500000" />
  <attribute name="ProportionalI" value="-1.500000" />
  <attribute name="ProportionalH" value="-1.500000" />
  <attribute name="Current Error" value="-1.000000" />
  <attribute name="IntegralT" value="-1.000000" />
  <attribute name="IntegralI" value="-1.000000" />
  <attribute name="IntegralH" value="-1.000000" />
  <attribute name="DerivativeT" value="-82.500000" />
  <attribute name="DerivativeI" value="-82.500000" />
  <attribute name="DerivativeH" value="-82.500000" />
  <attribute name="Loop Time for DT" value="1.000000" />
  <attribute name="Output H" value="2091843584"/>
  <attribute name="Output I" value="200"/>
  <attribute name="Output T" value="4"/>
  <attribute name="Target GC Util Change" value ="20.000000" />
  <attribute name="Current GC Util Change" value="19.000000"/>
  <attribute name="GC Util currently" value="19" />
  <attribute name="CPU Util currently" value="7295355481060" />
<exclusive-end id="400" timestamp="2019-06-17T07:19:45.680" durationms="5.398" />

<exclusive-start id="401" timestamp="2019-06-17T07:19:45.689" intervalms="13.943">
  <response-info timems="0.031" idlems="0.031" threads="0" lastid="0000000000D29500" lastname="Thread-8" />
</exclusive-start>
<allocation-taxation id="402" taxation-threshold="15728640" timestamp="2019-06-17T07:19:45.689" intervalms="13.910" />
<cycle-start id="403" type="partial gc" contextid="0" timestamp="2019-06-17T07:19:45.689" intervalms="13.873" />
<gc-start id="404" type="partial gc" contextid="403" timestamp="2019-06-17T07:19:45.689">
  <mem-info id="405" free="0" total="48234496" percent="0">
    <mem type="eden" free="0" total="15728640" percent="0" />
    <arraylet-primitive objects="2" leaves="2" largest="1" />
    <remembered-set count="16384" freebytes="1859840" totalbytes="1925376" percent="96" regionsoverflowed="0" regionsstable="0" regionsrebuilding="0"/>
  </mem-info>
</gc-start>
<allocation-stats totalBytes="15726568" >
  <allocated-bytes non-tlh="0" tlh="15726568" arrayletleaf="0"/>
  <largest-consumer threadName="Thread-8" threadId="0000000000D29500" bytes="4013512" />
</allocation-stats>
<gc-op id="406" type="mark" timems="1.383" contextid="403" timestamp="2019-06-17T07:19:45.691">
  <trace-info objectcount="5319" scancount="5319" scanbytes="128640" />
  <cardclean-info objects="7456" bytes="359544" />
  <remembered-set-cleared processed="13540" cleared="471" durationms="0.148" />
  <stringconstants candidates="4597" cleared="0"  />
  <warning details="Mark invoked due to insufficient free space for Copy-Forward" />
</gc-op>
<gc-op id="407" type="classunload" timems="0.002" contextid="403" timestamp="2019-06-17T07:19:45.691">
  <classunload-info classloadercandidates="8" classloadersunloaded="0" classesunloaded="0" anonymousclassesunloaded="0" quiescems="0.000" setupms="0.002" scanms="0.000" postms="0.000" />
</gc-op>
<gc-op id="408" type="sweep" timems="0.480" contextid="403" timestamp="2019-06-17T07:19:45.692" />
<gc-op id="409" type="compact" timems="2.219" contextid="403" timestamp="2019-06-17T07:19:45.694">
  <compact-info movecount="8055" movebytes="275112" />
  <remembered-set-cleared processed="26458" cleared="1414" durationms="0.148" />
</gc-op>
<heap-resize id="410" type="expand" space="default" amount="2097152" count="1" timems="0.068" reason="insufficient free space following gc" timestamp="2019-06-17T07:19:45.694" />
<gc-end id="411" type="partial gc" contextid="403" durationms="5.226" usertimems="8.000" systemtimems="0.000" timestamp="2019-06-17T07:19:45.694" activeThreads="4">
  <mem-info id="412" free="16777216" total="50331648" percent="33">
    <mem type="eden" free="979744" total="1048576" percent="93" />
    <arraylet-primitive objects="2" leaves="2" largest="1" />
    <remembered-set count="17536" freebytes="1938944" totalbytes="2009088" percent="96" regionsoverflowed="0" regionsstable="0" regionsrebuilding="0"/>
  </mem-info>
</gc-end>
<cycle-end id="413" type="partial gc" contextid="403" timestamp="2019-06-17T07:19:45.695" />
  <attribute name="elasticGC enabled" value="1" />
  <attribute name= "numThreadsSpecified" value="4" />
  <attribute name="heapSize specified" value="0" />
  <attribute name="Current GC Util" value="21" />
  <attribute name= "Current Time Running" value="1211" />
  <attribute name ="GC Interval" value="0" />
  <attribute name="ProportionalT" value="1.500000" />
  <attribute name="ProportionalI" value="1.500000" />
  <attribute name="ProportionalH" value="1.500000" />
  <attribute name="Current Error" value="1.000000" />
  <attribute name="IntegralT" value="1.000000" />
  <attribute name="IntegralI" value="1.000000" />
  <attribute name="IntegralH" value="1.000000" />
  <attribute name="DerivativeT" value="-81.000000" />
  <attribute name="DerivativeI" value="-81.000000" />
  <attribute name="DerivativeH" value="-81.000000" />
  <attribute name="Loop Time for DT" value="1.000000" />
  <attribute name="Output H" value="2091843584"/>
  <attribute name="Output I" value="200"/>
  <attribute name="Output T" value="4"/>
  <attribute name="Target GC Util Change" value ="20.000000" />
  <attribute name="Current GC Util Change" value="21.000000"/>
  <attribute name="GC Util currently" value="21" />
  <attribute name="CPU Util currently" value="6924328711248" />
<exclusive-end id="414" timestamp="2019-06-17T07:19:45.695" durationms="5.852" />

<exclusive-start id="415" timestamp="2019-06-17T07:19:45.704" intervalms="14.992">
  <response-info timems="0.024" idlems="0.024" threads="0" lastid="0000000000D25900" lastname="Thread-10" />
</exclusive-start>
<allocation-taxation id="416" taxation-threshold="16777216" timestamp="2019-06-17T07:19:45.704" intervalms="15.024" />
<cycle-start id="417" type="partial gc" contextid="0" timestamp="2019-06-17T07:19:45.704" intervalms="15.075" />
<gc-start id="418" type="partial gc" contextid="417" timestamp="2019-06-17T07:19:45.704">
  <mem-info id="419" free="0" total="50331648" percent="0">
    <mem type="eden" free="0" total="16777216" percent="0" />
    <arraylet-primitive objects="2" leaves="2" largest="1" />
    <remembered-set count="17344" freebytes="1939712" totalbytes="2009088" percent="96" regionsoverflowed="0" regionsstable="0" regionsrebuilding="0"/>
  </mem-info>
</gc-start>
<allocation-stats totalBytes="16775112" >
  <allocated-bytes non-tlh="0" tlh="16775112" arrayletleaf="0"/>
  <largest-consumer threadName="Thread-10" threadId="0000000000D25900" bytes="4271616" />
</allocation-stats>
<gc-op id="420" type="mark" timems="1.538" contextid="417" timestamp="2019-06-17T07:19:45.706">
  <trace-info objectcount="12271" scancount="12271" scanbytes="432644" />
  <cardclean-info objects="8823" bytes="428928" />
  <remembered-set-cleared processed="14070" cleared="596" durationms="0.134" />
  <stringconstants candidates="4597" cleared="0"  />
  <warning details="Mark invoked due to insufficient free space for Copy-Forward" />
</gc-op>
<gc-op id="421" type="classunload" timems="0.002" contextid="417" timestamp="2019-06-17T07:19:45.706">
  <classunload-info classloadercandidates="8" classloadersunloaded="0" classesunloaded="0" anonymousclassesunloaded="0" quiescems="0.000" setupms="0.002" scanms="0.000" postms="0.000" />
</gc-op>
<gc-op id="422" type="sweep" timems="0.411" contextid="417" timestamp="2019-06-17T07:19:45.707" />
<gc-op id="423" type="compact" timems="1.920" contextid="417" timestamp="2019-06-17T07:19:45.709">
  <compact-info movecount="9940" movebytes="376704" />
  <remembered-set-cleared processed="28284" cleared="1329" durationms="0.134" />
</gc-op>
<heap-resize id="424" type="expand" space="default" amount="1048576" count="1" timems="0.077" reason="insufficient free space following gc" timestamp="2019-06-17T07:19:45.709" />
<gc-end id="425" type="partial gc" contextid="417" durationms="5.082" usertimems="4.000" systemtimems="4.000" timestamp="2019-06-17T07:19:45.709" activeThreads="4">
  <mem-info id="426" free="16777216" total="51380224" percent="32">
    <mem type="eden" free="679600" total="1048576" percent="64" />
    <arraylet-primitive objects="2" leaves="2" largest="1" />
    <remembered-set count="17152" freebytes="1982336" totalbytes="2050944" percent="96" regionsoverflowed="0" regionsstable="0" regionsrebuilding="0"/>
  </mem-info>
</gc-end>
<cycle-end id="427" type="partial gc" contextid="417" timestamp="2019-06-17T07:19:45.709" />
  <attribute name="elasticGC enabled" value="1" />
  <attribute name= "numThreadsSpecified" value="4" />
  <attribute name="heapSize specified" value="0" />
  <attribute name="Current GC Util" value="25" />
  <attribute name= "Current Time Running" value="1226" />
  <attribute name ="GC Interval" value="0" />
  <attribute name="ProportionalT" value="7.500000" />
  <attribute name="ProportionalI" value="7.500000" />
  <attribute name="ProportionalH" value="7.500000" />
  <attribute name="Current Error" value="5.000000" />
  <attribute name="IntegralT" value="5.000000" />
  <attribute name="IntegralI" value="5.000000" />
  <attribute name="IntegralH" value="5.000000" />
  <attribute name="DerivativeT" value="-82.500000" />
  <attribute name="DerivativeI" value="-82.500000" />
  <attribute name="DerivativeH" value="-82.500000" />
  <attribute name="Loop Time for DT" value="1.000000" />
  <attribute name="Output H" value="2091843584"/>
  <attribute name="Output I" value="200"/>
  <attribute name="Output T" value="4"/>
  <attribute name="Target GC Util Change" value ="20.000000" />
  <attribute name="Current GC Util Change" value="25.000000"/>
  <attribute name="GC Util currently" value="25" />
  <attribute name="CPU Util currently" value="7509213764115" />
<exclusive-end id="428" timestamp="2019-06-17T07:19:45.710" durationms="5.789" />

<exclusive-start id="429" timestamp="2019-06-17T07:19:45.719" intervalms="14.996">
  <response-info timems="0.023" idlems="0.023" threads="0" lastid="0000000000D29500" lastname="Thread-8" />
</exclusive-start>
<allocation-taxation id="430" taxation-threshold="16777216" timestamp="2019-06-17T07:19:45.719" intervalms="14.961" />
<cycle-start id="431" type="partial gc" contextid="0" timestamp="2019-06-17T07:19:45.719" intervalms="14.892" />
<gc-start id="432" type="partial gc" contextid="431" timestamp="2019-06-17T07:19:45.719">
  <mem-info id="433" free="0" total="51380224" percent="0">
    <mem type="eden" free="0" total="16777216" percent="0" />
    <arraylet-primitive objects="2" leaves="2" largest="1" />
    <remembered-set count="17056" freebytes="1982720" totalbytes="2050944" percent="96" regionsoverflowed="0" regionsstable="0" regionsrebuilding="0"/>
  </mem-info>
</gc-start>
<allocation-stats totalBytes="16774720" >
  <allocated-bytes non-tlh="0" tlh="16774720" arrayletleaf="0"/>
  <largest-consumer threadName="Thread-10" threadId="0000000000D25900" bytes="4275568" />
</allocation-stats>
<gc-op id="434" type="mark" timems="1.609" contextid="431" timestamp="2019-06-17T07:19:45.721">
  <trace-info objectcount="14587" scancount="14587" scanbytes="488244" />
  <cardclean-info objects="8740" bytes="425400" />
  <remembered-set-cleared processed="14736" cleared="710" durationms="0.138" />
  <stringconstants candidates="4597" cleared="0"  />
  <warning details="Mark invoked due to insufficient free space for Copy-Forward" />
</gc-op>
<gc-op id="435" type="classunload" timems="0.002" contextid="431" timestamp="2019-06-17T07:19:45.721">
  <classunload-info classloadercandidates="8" classloadersunloaded="0" classesunloaded="0" anonymousclassesunloaded="0" quiescems="0.000" setupms="0.002" scanms="0.000" postms="0.000" />
</gc-op>
<gc-op id="436" type="sweep" timems="0.447" contextid="431" timestamp="2019-06-17T07:19:45.722" />
<gc-op id="437" type="compact" timems="2.108" contextid="431" timestamp="2019-06-17T07:19:45.724">
  <compact-info movecount="12749" movebytes="444136" />
  <remembered-set-cleared processed="29640" cleared="1581" durationms="0.138" />
</gc-op>
<heap-resize id="438" type="expand" space="default" amount="2097152" count="1" timems="0.067" reason="insufficient free space following gc" timestamp="2019-06-17T07:19:45.724" />
<gc-end id="439" type="partial gc" contextid="431" durationms="5.341" usertimems="4.000" systemtimems="4.000" timestamp="2019-06-17T07:19:45.724" activeThreads="4">
  <mem-info id="440" free="17825792" total="53477376" percent="33">
    <mem type="eden" free="925728" total="1048576" percent="88" />
    <arraylet-primitive objects="2" leaves="2" largest="1" />
    <remembered-set count="19232" freebytes="2057728" totalbytes="2134656" percent="96" regionsoverflowed="0" regionsstable="0" regionsrebuilding="0"/>
  </mem-info>
</gc-end>
<cycle-end id="441" type="partial gc" contextid="431" timestamp="2019-06-17T07:19:45.725" />
  <attribute name="elasticGC enabled" value="1" />
  <attribute name= "numThreadsSpecified" value="4" />
  <attribute name="heapSize specified" value="0" />
  <attribute name="Current GC Util" value="25" />
  <attribute name= "Current Time Running" value="1241" />
  <attribute name ="GC Interval" value="0" />
  <attribute name="ProportionalT" value="7.500000" />
  <attribute name="ProportionalI" value="7.500000" />
  <attribute name="ProportionalH" value="7.500000" />
  <attribute name="Current Error" value="5.000000" />
  <attribute name="IntegralT" value="5.000000" />
  <attribute name="IntegralI" value="5.000000" />
  <attribute name="IntegralH" value="5.000000" />
  <attribute name="DerivativeT" value="-81.000000" />
  <attribute name="DerivativeI" value="-81.000000" />
  <attribute name="DerivativeH" value="-81.000000" />
  <attribute name="Loop Time for DT" value="1.000000" />
  <attribute name="Output H" value="2091843584"/>
  <attribute name="Output I" value="200"/>
  <attribute name="Output T" value="4"/>
  <attribute name="Target GC Util Change" value ="20.000000" />
  <attribute name="Current GC Util Change" value="25.000000"/>
  <attribute name="GC Util currently" value="25" />
  <attribute name="CPU Util currently" value="7285593563967" />
<exclusive-end id="442" timestamp="2019-06-17T07:19:45.725" durationms="5.926" />

<exclusive-start id="443" timestamp="2019-06-17T07:19:45.734" intervalms="15.609">
  <response-info timems="0.024" idlems="0.024" threads="0" lastid="0000000000D21D00" lastname="Thread-9" />
</exclusive-start>
<allocation-taxation id="444" taxation-threshold="17825792" timestamp="2019-06-17T07:19:45.735" intervalms="15.643" />
<cycle-start id="445" type="partial gc" contextid="0" timestamp="2019-06-17T07:19:45.735" intervalms="15.649" />
<gc-start id="446" type="partial gc" contextid="445" timestamp="2019-06-17T07:19:45.735">
  <mem-info id="447" free="0" total="53477376" percent="0">
    <mem type="eden" free="0" total="17825792" percent="0" />
    <arraylet-primitive objects="2" leaves="2" largest="1" />
    <remembered-set count="18816" freebytes="2059392" totalbytes="2134656" percent="96" regionsoverflowed="0" regionsstable="0" regionsrebuilding="0"/>
  </mem-info>
</gc-start>
<allocation-stats totalBytes="17823664" >
  <allocated-bytes non-tlh="0" tlh="17823664" arrayletleaf="0"/>
  <largest-consumer threadName="Thread-8" threadId="0000000000D29500" bytes="4636088" />
</allocation-stats>
<gc-op id="448" type="mark" timems="1.677" contextid="445" timestamp="2019-06-17T07:19:45.737">
  <trace-info objectcount="17352" scancount="17352" scanbytes="554716" />
  <cardclean-info objects="10763" bytes="524976" />
  <remembered-set-cleared processed="15510" cleared="673" durationms="0.211" />
  <stringconstants candidates="4597" cleared="0"  />
  <warning details="Mark invoked due to insufficient free space for Copy-Forward" />
</gc-op>
<gc-op id="449" type="classunload" timems="0.001" contextid="445" timestamp="2019-06-17T07:19:45.737">
  <classunload-info classloadercandidates="8" classloadersunloaded="0" classesunloaded="0" anonymousclassesunloaded="0" quiescems="0.000" setupms="0.001" scanms="0.000" postms="0.000" />
</gc-op>
<gc-op id="450" type="sweep" timems="0.456" contextid="445" timestamp="2019-06-17T07:19:45.738" />
<gc-op id="451" type="compact" timems="2.262" contextid="445" timestamp="2019-06-17T07:19:45.740">
  <compact-info movecount="16883" movebytes="543464" />
  <remembered-set-cleared processed="31205" cleared="1524" durationms="0.211" />
</gc-op>
<heap-resize id="452" type="expand" space="default" amount="1048576" count="1" timems="0.061" reason="insufficient free space following gc" timestamp="2019-06-17T07:19:45.740" />
<gc-end id="453" type="partial gc" contextid="445" durationms="5.656" usertimems="4.000" systemtimems="0.000" timestamp="2019-06-17T07:19:45.740" activeThreads="4">
  <mem-info id="454" free="17825792" total="54525952" percent="32">
    <mem type="eden" free="613136" total="1048576" percent="58" />
    <arraylet-primitive objects="2" leaves="2" largest="1" />
    <remembered-set count="19104" freebytes="2100096" totalbytes="2176512" percent="96" regionsoverflowed="0" regionsstable="0" regionsrebuilding="0"/>
  </mem-info>
</gc-end>
<cycle-end id="455" type="partial gc" contextid="445" timestamp="2019-06-17T07:19:45.741" />
  <attribute name="elasticGC enabled" value="1" />
  <attribute name= "numThreadsSpecified" value="4" />
  <attribute name="heapSize specified" value="0" />
  <attribute name="Current GC Util" value="23" />
  <attribute name= "Current Time Running" value="1257" />
  <attribute name ="GC Interval" value="0" />
  <attribute name="ProportionalT" value="4.500000" />
  <attribute name="ProportionalI" value="4.500000" />
  <attribute name="ProportionalH" value="4.500000" />
  <attribute name="Current Error" value="3.000000" />
  <attribute name="IntegralT" value="3.000000" />
  <attribute name="IntegralI" value="3.000000" />
  <attribute name="IntegralH" value="3.000000" />
  <attribute name="DerivativeT" value="4.500000" />
  <attribute name="DerivativeI" value="4.500000" />
  <attribute name="DerivativeH" value="4.500000" />
  <attribute name="Loop Time for DT" value="1.000000" />
  <attribute name="Output H" value="8388608"/>
  <attribute name="Output I" value="200"/>
  <attribute name="Output T" value="4"/>
  <attribute name="Target GC Util Change" value ="20.000000" />
  <attribute name="Current GC Util Change" value="23.000000"/>
  <attribute name="GC Util currently" value="23" />
  <attribute name="CPU Util currently" value="7160202606426" />
<exclusive-end id="456" timestamp="2019-06-17T07:19:45.741" durationms="6.363" />

<exclusive-start id="457" timestamp="2019-06-17T07:19:45.750" intervalms="15.923">
  <response-info timems="0.023" idlems="0.023" threads="0" lastid="0000000000D29500" lastname="Thread-8" />
</exclusive-start>
<allocation-taxation id="458" taxation-threshold="17825792" timestamp="2019-06-17T07:19:45.750" intervalms="15.896" />
<cycle-start id="459" type="partial gc" contextid="0" timestamp="2019-06-17T07:19:45.751" intervalms="15.898" />
<gc-start id="460" type="partial gc" contextid="459" timestamp="2019-06-17T07:19:45.751">
  <mem-info id="461" free="0" total="54525952" percent="0">
    <mem type="eden" free="0" total="17825792" percent="0" />
    <arraylet-primitive objects="2" leaves="2" largest="1" />
    <remembered-set count="18880" freebytes="2100992" totalbytes="2176512" percent="96" regionsoverflowed="0" regionsstable="0" regionsrebuilding="0"/>
  </mem-info>
</gc-start>
<allocation-stats totalBytes="17823120" >
  <allocated-bytes non-tlh="0" tlh="17823120" arrayletleaf="0"/>
  <largest-consumer threadName="Thread-10" threadId="0000000000D25900" bytes="4554016" />
</allocation-stats>
<gc-op id="462" type="mark" timems="1.657" contextid="459" timestamp="2019-06-17T07:19:45.753">
  <trace-info objectcount="28764" scancount="28764" scanbytes="1103220" />
  <cardclean-info objects="6654" bytes="332712" />
  <remembered-set-cleared processed="16436" cleared="825" durationms="0.140" />
  <stringconstants candidates="4597" cleared="0"  />
  <warning details="Mark invoked due to insufficient free space for Copy-Forward" />
</gc-op>
<gc-op id="463" type="classunload" timems="0.002" contextid="459" timestamp="2019-06-17T07:19:45.753">
  <classunload-info classloadercandidates="8" classloadersunloaded="0" classesunloaded="0" anonymousclassesunloaded="0" quiescems="0.000" setupms="0.002" scanms="0.000" postms="0.000" />
</gc-op>
<gc-op id="464" type="sweep" timems="0.398" contextid="459" timestamp="2019-06-17T07:19:45.753" />
<gc-op id="465" type="compact" timems="2.602" contextid="459" timestamp="2019-06-17T07:19:45.756">
  <compact-info movecount="22220" movebytes="946176" />
  <remembered-set-cleared processed="33092" cleared="1863" durationms="0.140" />
</gc-op>
<heap-resize id="466" type="expand" space="default" amount="1048576" count="1" timems="0.062" reason="insufficient free space following gc" timestamp="2019-06-17T07:19:45.756" />
<gc-end id="467" type="partial gc" contextid="459" durationms="5.806" usertimems="4.000" systemtimems="4.000" timestamp="2019-06-17T07:19:45.756" activeThreads="4">
  <mem-info id="468" free="17825792" total="55574528" percent="32">
    <mem type="eden" free="375880" total="1048576" percent="35" />
    <arraylet-primitive objects="2" leaves="2" largest="1" />
    <remembered-set count="20480" freebytes="2136448" totalbytes="2218368" percent="96" regionsoverflowed="0" regionsstable="0" regionsrebuilding="0"/>
  </mem-info>
</gc-end>
<cycle-end id="469" type="partial gc" contextid="459" timestamp="2019-06-17T07:19:45.757" />
  <attribute name="elasticGC enabled" value="1" />
  <attribute name= "numThreadsSpecified" value="4" />
  <attribute name="heapSize specified" value="0" />
  <attribute name="Current GC Util" value="25" />
  <attribute name= "Current Time Running" value="1273" />
  <attribute name ="GC Interval" value="0" />
  <attribute name="ProportionalT" value="7.500000" />
  <attribute name="ProportionalI" value="7.500000" />
  <attribute name="ProportionalH" value="7.500000" />
  <attribute name="Current Error" value="5.000000" />
  <attribute name="IntegralT" value="5.000000" />
  <attribute name="IntegralI" value="5.000000" />
  <attribute name="IntegralH" value="5.000000" />
  <attribute name="DerivativeT" value="-85.500000" />
  <attribute name="DerivativeI" value="-85.500000" />
  <attribute name="DerivativeH" value="-85.500000" />
  <attribute name="Loop Time for DT" value="1.000000" />
  <attribute name="Output H" value="2091843584"/>
  <attribute name="Output I" value="200"/>
  <attribute name="Output T" value="4"/>
  <attribute name="Target GC Util Change" value ="20.000000" />
  <attribute name="Current GC Util Change" value="25.000000"/>
  <attribute name="GC Util currently" value="25" />
  <attribute name="CPU Util currently" value="7894113782458" />
<exclusive-end id="470" timestamp="2019-06-17T07:19:45.757" durationms="6.372" />

<exclusive-start id="471" timestamp="2019-06-17T07:19:45.766" intervalms="16.068">
  <response-info timems="0.024" idlems="0.024" threads="0" lastid="0000000000D25900" lastname="Thread-10" />
</exclusive-start>
<allocation-taxation id="472" taxation-threshold="17825792" timestamp="2019-06-17T07:19:45.767" intervalms="16.101" />
<cycle-start id="473" type="partial gc" contextid="0" timestamp="2019-06-17T07:19:45.767" intervalms="16.142" />
<gc-start id="474" type="partial gc" contextid="473" timestamp="2019-06-17T07:19:45.767">
  <mem-info id="475" free="0" total="55574528" percent="0">
    <mem type="eden" free="0" total="17825792" percent="0" />
    <arraylet-primitive objects="2" leaves="2" largest="1" />
    <remembered-set count="20096" freebytes="2137984" totalbytes="2218368" percent="96" regionsoverflowed="0" regionsstable="0" regionsrebuilding="0"/>
  </mem-info>
</gc-start>
<allocation-stats totalBytes="17823200" >
  <allocated-bytes non-tlh="0" tlh="17823200" arrayletleaf="0"/>
  <largest-consumer threadName="Thread-8" threadId="0000000000D29500" bytes="4815896" />
</allocation-stats>
<gc-op id="476" type="mark" timems="1.691" contextid="473" timestamp="2019-06-17T07:19:45.769">
  <trace-info objectcount="28929" scancount="28929" scanbytes="1106940" />
  <cardclean-info objects="5643" bytes="279984" />
  <remembered-set-cleared processed="17267" cleared="545" durationms="0.149" />
  <stringconstants candidates="4597" cleared="0"  />
  <warning details="Mark invoked due to insufficient free space for Copy-Forward" />
</gc-op>
<gc-op id="477" type="classunload" timems="0.003" contextid="473" timestamp="2019-06-17T07:19:45.769">
  <classunload-info classloadercandidates="8" classloadersunloaded="0" classesunloaded="0" anonymousclassesunloaded="0" quiescems="0.000" setupms="0.002" scanms="0.000" postms="0.000" />
</gc-op>
<gc-op id="478" type="sweep" timems="0.392" contextid="473" timestamp="2019-06-17T07:19:45.769" />
<gc-op id="479" type="compact" timems="2.478" contextid="473" timestamp="2019-06-17T07:19:45.772">
  <compact-info movecount="26530" movebytes="1049376" />
  <remembered-set-cleared processed="34746" cleared="1295" durationms="0.149" />
</gc-op>
<heap-resize id="480" type="expand" space="default" amount="2097152" count="1" timems="0.069" reason="insufficient free space following gc" timestamp="2019-06-17T07:19:45.772" />
<gc-end id="481" type="partial gc" contextid="473" durationms="5.771" usertimems="4.000" systemtimems="4.000" timestamp="2019-06-17T07:19:45.773" activeThreads="4">
  <mem-info id="482" free="18874368" total="57671680" percent="32">
    <mem type="eden" free="610720" total="1048576" percent="58" />
    <arraylet-primitive objects="2" leaves="2" largest="1" />
    <remembered-set count="21120" freebytes="2217600" totalbytes="2302080" percent="96" regionsoverflowed="0" regionsstable="0" regionsrebuilding="0"/>
  </mem-info>
</gc-end>
<cycle-end id="483" type="partial gc" contextid="473" timestamp="2019-06-17T07:19:45.773" />
  <attribute name="elasticGC enabled" value="1" />
  <attribute name= "numThreadsSpecified" value="4" />
  <attribute name="heapSize specified" value="0" />
  <attribute name="Current GC Util" value="25" />
  <attribute name= "Current Time Running" value="1289" />
  <attribute name ="GC Interval" value="0" />
  <attribute name="ProportionalT" value="7.500000" />
  <attribute name="ProportionalI" value="7.500000" />
  <attribute name="ProportionalH" value="7.500000" />
  <attribute name="Current Error" value="5.000000" />
  <attribute name="IntegralT" value="5.000000" />
  <attribute name="IntegralI" value="5.000000" />
  <attribute name="IntegralH" value="5.000000" />
  <attribute name="DerivativeT" value="-82.500000" />
  <attribute name="DerivativeI" value="-82.500000" />
  <attribute name="DerivativeH" value="-82.500000" />
  <attribute name="Loop Time for DT" value="1.000000" />
  <attribute name="Output H" value="2091843584"/>
  <attribute name="Output I" value="200"/>
  <attribute name="Output T" value="4"/>
  <attribute name="Target GC Util Change" value ="20.000000" />
  <attribute name="Current GC Util Change" value="25.000000"/>
  <attribute name="GC Util currently" value="25" />
  <attribute name="CPU Util currently" value="8007525386298" />
<exclusive-end id="484" timestamp="2019-06-17T07:19:45.773" durationms="6.466" />

<exclusive-start id="485" timestamp="2019-06-17T07:19:45.783" intervalms="16.961">
  <response-info timems="0.200" idlems="0.200" threads="0" lastid="0000000000D2D100" lastname="Thread-7" />
</exclusive-start>
<allocation-taxation id="486" taxation-threshold="18874368" timestamp="2019-06-17T07:19:45.783" intervalms="16.946" />
<cycle-start id="487" type="partial gc" contextid="0" timestamp="2019-06-17T07:19:45.784" intervalms="16.921" />
<gc-start id="488" type="partial gc" contextid="487" timestamp="2019-06-17T07:19:45.784">
  <mem-info id="489" free="0" total="57671680" percent="0">
    <mem type="eden" free="0" total="18874368" percent="0" />
    <arraylet-primitive objects="2" leaves="2" largest="1" />
    <remembered-set count="20864" freebytes="2218624" totalbytes="2302080" percent="96" regionsoverflowed="0" regionsstable="0" regionsrebuilding="0"/>
  </mem-info>
</gc-start>
<allocation-stats totalBytes="18871768" >
  <allocated-bytes non-tlh="0" tlh="18871768" arrayletleaf="0"/>
  <largest-consumer threadName="Thread-8" threadId="0000000000D29500" bytes="4783624" />
</allocation-stats>
<gc-op id="490" type="mark" timems="2.164" contextid="487" timestamp="2019-06-17T07:19:45.786">
  <trace-info objectcount="27021" scancount="27021" scanbytes="1061020" />
  <cardclean-info objects="5890" bytes="292632" />
  <remembered-set-cleared processed="17485" cleared="758" durationms="0.171" />
  <stringconstants candidates="4597" cleared="0"  />
  <warning details="Mark invoked due to insufficient free space for Copy-Forward" />
</gc-op>
<gc-op id="491" type="classunload" timems="0.002" contextid="487" timestamp="2019-06-17T07:19:45.786">
  <classunload-info classloadercandidates="8" classloadersunloaded="0" classesunloaded="0" anonymousclassesunloaded="0" quiescems="0.000" setupms="0.002" scanms="0.000" postms="0.000" />
</gc-op>
<gc-op id="492" type="sweep" timems="0.420" contextid="487" timestamp="2019-06-17T07:19:45.787" />
<gc-op id="493" type="compact" timems="2.819" contextid="487" timestamp="2019-06-17T07:19:45.790">
  <compact-info movecount="26953" movebytes="1059400" />
  <remembered-set-cleared processed="34935" cleared="1474" durationms="0.171" />
</gc-op>
<heap-resize id="494" type="expand" space="default" amount="1048576" count="1" timems="0.064" reason="insufficient free space following gc" timestamp="2019-06-17T07:19:45.790" />
<gc-end id="495" type="partial gc" contextid="487" durationms="6.873" usertimems="8.000" systemtimems="0.000" timestamp="2019-06-17T07:19:45.791" activeThreads="4">
  <mem-info id="496" free="18874368" total="58720256" percent="32">
    <mem type="eden" free="426480" total="1048576" percent="40" />
    <arraylet-primitive objects="2" leaves="2" largest="1" />
    <remembered-set count="21120" freebytes="2259456" totalbytes="2343936" percent="96" regionsoverflowed="0" regionsstable="0" regionsrebuilding="0"/>
  </mem-info>
</gc-end>
<cycle-end id="497" type="partial gc" contextid="487" timestamp="2019-06-17T07:19:45.791" />
  <attribute name="elasticGC enabled" value="1" />
  <attribute name= "numThreadsSpecified" value="4" />
  <attribute name="heapSize specified" value="0" />
  <attribute name="Current GC Util" value="24" />
  <attribute name= "Current Time Running" value="1306" />
  <attribute name ="GC Interval" value="0" />
  <attribute name="ProportionalT" value="6.000000" />
  <attribute name="ProportionalI" value="6.000000" />
  <attribute name="ProportionalH" value="6.000000" />
  <attribute name="Current Error" value="4.000000" />
  <attribute name="IntegralT" value="0.000000" />
  <attribute name="IntegralI" value="0.000000" />
  <attribute name="IntegralH" value="0.000000" />
  <attribute name="DerivativeT" value="-inf" />
  <attribute name="DerivativeI" value="-inf" />
  <attribute name="DerivativeH" value="-inf" />
  <attribute name="Loop Time for DT" value="0.000000" />
  <attribute name="Output H" value="2091843584"/>
  <attribute name="Output I" value="200"/>
  <attribute name="Output T" value="4"/>
  <attribute name="Target GC Util Change" value ="20.000000" />
  <attribute name="Current GC Util Change" value="24.000000"/>
  <attribute name="GC Util currently" value="24" />
  <attribute name="CPU Util currently" value="6982092427401" />
<exclusive-end id="498" timestamp="2019-06-17T07:19:45.791" durationms="7.664" />

<exclusive-start id="499" timestamp="2019-06-17T07:19:45.801" intervalms="17.733">
  <response-info timems="0.036" idlems="0.036" threads="0" lastid="0000000000D29500" lastname="Thread-8" />
</exclusive-start>
<allocation-taxation id="500" taxation-threshold="18874368" timestamp="2019-06-17T07:19:45.801" intervalms="17.720" />
<cycle-start id="501" type="partial gc" contextid="0" timestamp="2019-06-17T07:19:45.801" intervalms="17.711" />
<gc-start id="502" type="partial gc" contextid="501" timestamp="2019-06-17T07:19:45.801">
  <mem-info id="503" free="0" total="58720256" percent="0">
    <mem type="eden" free="0" total="18874368" percent="0" />
    <arraylet-primitive objects="2" leaves="2" largest="1" />
    <remembered-set count="20864" freebytes="2260480" totalbytes="2343936" percent="96" regionsoverflowed="0" regionsstable="0" regionsrebuilding="0"/>
  </mem-info>
</gc-start>
<allocation-stats totalBytes="18871928" >
  <allocated-bytes non-tlh="0" tlh="18871928" arrayletleaf="0"/>
  <largest-consumer threadName="Thread-9" threadId="0000000000D21D00" bytes="5217712" />
</allocation-stats>
<gc-op id="504" type="mark" timems="1.907" contextid="501" timestamp="2019-06-17T07:19:45.804">
  <trace-info objectcount="27620" scancount="27620" scanbytes="1075540" />
  <cardclean-info objects="9794" bytes="479040" />
  <remembered-set-cleared processed="17685" cleared="947" durationms="0.152" />
  <stringconstants candidates="4597" cleared="0"  />
  <warning details="Mark invoked due to insufficient free space for Copy-Forward" />
</gc-op>
<gc-op id="505" type="classunload" timems="0.003" contextid="501" timestamp="2019-06-17T07:19:45.804">
  <classunload-info classloadercandidates="8" classloadersunloaded="0" classesunloaded="0" anonymousclassesunloaded="0" quiescems="0.000" setupms="0.002" scanms="0.000" postms="0.000" />
</gc-op>
<gc-op id="506" type="sweep" timems="0.477" contextid="501" timestamp="2019-06-17T07:19:45.804" />
<gc-op id="507" type="compact" timems="2.748" contextid="501" timestamp="2019-06-17T07:19:45.807">
  <compact-info movecount="23402" movebytes="974320" />
  <remembered-set-cleared processed="35535" cleared="2052" durationms="0.152" />
</gc-op>
<heap-resize id="508" type="expand" space="default" amount="2097152" count="1" timems="0.070" reason="insufficient free space following gc" timestamp="2019-06-17T07:19:45.808" />
<gc-end id="509" type="partial gc" contextid="501" durationms="6.380" usertimems="4.000" systemtimems="8.000" timestamp="2019-06-17T07:19:45.808" activeThreads="4">
  <mem-info id="510" free="19922944" total="60817408" percent="32">
    <mem type="eden" free="413568" total="1048576" percent="39" />
    <arraylet-primitive objects="2" leaves="2" largest="1" />
    <remembered-set count="21632" freebytes="2341120" totalbytes="2427648" percent="96" regionsoverflowed="0" regionsstable="0" regionsrebuilding="0"/>
  </mem-info>
</gc-end>
<cycle-end id="511" type="partial gc" contextid="501" timestamp="2019-06-17T07:19:45.808" />
  <attribute name="elasticGC enabled" value="1" />
  <attribute name= "numThreadsSpecified" value="4" />
  <attribute name="heapSize specified" value="0" />
  <attribute name="Current GC Util" value="22" />
  <attribute name= "Current Time Running" value="1324" />
  <attribute name ="GC Interval" value="0" />
  <attribute name="ProportionalT" value="3.000000" />
  <attribute name="ProportionalI" value="3.000000" />
  <attribute name="ProportionalH" value="3.000000" />
  <attribute name="Current Error" value="2.000000" />
  <attribute name="IntegralT" value="2.000000" />
  <attribute name="IntegralI" value="2.000000" />
  <attribute name="IntegralH" value="2.000000" />
  <attribute name="DerivativeT" value="-88.500000" />
  <attribute name="DerivativeI" value="-88.500000" />
  <attribute name="DerivativeH" value="-88.500000" />
  <attribute name="Loop Time for DT" value="1.000000" />
  <attribute name="Output H" value="2091843584"/>
  <attribute name="Output I" value="200"/>
  <attribute name="Output T" value="4"/>
  <attribute name="Target GC Util Change" value ="20.000000" />
  <attribute name="Current GC Util Change" value="22.000000"/>
  <attribute name="GC Util currently" value="22" />
  <attribute name="CPU Util currently" value="6935919609227" />
<exclusive-end id="512" timestamp="2019-06-17T07:19:45.808" durationms="7.140" />

<exclusive-start id="513" timestamp="2019-06-17T07:19:45.821" intervalms="19.852">
  <response-info timems="0.067" idlems="0.045" threads="1" lastid="0000000000D21D00" lastname="Thread-9" />
</exclusive-start>
<allocation-taxation id="514" taxation-threshold="19922944" timestamp="2019-06-17T07:19:45.821" intervalms="19.859" />
<cycle-start id="515" type="partial gc" contextid="0" timestamp="2019-06-17T07:19:45.821" intervalms="19.915" />
<gc-start id="516" type="partial gc" contextid="515" timestamp="2019-06-17T07:19:45.822">
  <mem-info id="517" free="0" total="60817408" percent="0">
    <mem type="eden" free="0" total="19922944" percent="0" />
    <arraylet-primitive objects="2" leaves="2" largest="1" />
    <remembered-set count="21312" freebytes="2342400" totalbytes="2427648" percent="96" regionsoverflowed="0" regionsstable="0" regionsrebuilding="0"/>
  </mem-info>
</gc-start>
<allocation-stats totalBytes="19920128" >
  <allocated-bytes non-tlh="0" tlh="19920128" arrayletleaf="0"/>
  <largest-consumer threadName="Thread-7" threadId="0000000000D2D100" bytes="5471584" />
</allocation-stats>
<gc-op id="518" type="mark" timems="2.167" contextid="515" timestamp="2019-06-17T07:19:45.824">
  <trace-info objectcount="30893" scancount="30893" scanbytes="1153932" />
  <cardclean-info objects="6746" bytes="337224" />
  <remembered-set-cleared processed="18758" cleared="575" durationms="0.246" />
  <stringconstants candidates="4597" cleared="0"  />
  <warning details="Mark invoked due to insufficient free space for Copy-Forward" />
</gc-op>
<gc-op id="519" type="classunload" timems="0.003" contextid="515" timestamp="2019-06-17T07:19:45.824">
  <classunload-info classloadercandidates="8" classloadersunloaded="0" classesunloaded="0" anonymousclassesunloaded="0" quiescems="0.000" setupms="0.003" scanms="0.000" postms="0.000" />
</gc-op>
<gc-op id="520" type="sweep" timems="0.472" contextid="515" timestamp="2019-06-17T07:19:45.825" />
<gc-op id="521" type="compact" timems="3.932" contextid="515" timestamp="2019-06-17T07:19:45.829">
  <compact-info movecount="29673" movebytes="1124664" />
  <remembered-set-cleared processed="37829" cleared="1449" durationms="0.246" />
</gc-op>
<heap-resize id="522" type="expand" space="default" amount="1048576" count="1" timems="0.065" reason="insufficient free space following gc" timestamp="2019-06-17T07:19:45.830" />
<gc-end id="523" type="partial gc" contextid="515" durationms="8.162" usertimems="4.000" systemtimems="4.000" timestamp="2019-06-17T07:19:45.830" activeThreads="1">
  <mem-info id="524" free="19922944" total="61865984" percent="32">
    <mem type="eden" free="527728" total="1048576" percent="50" />
    <arraylet-primitive objects="2" leaves="2" largest="1" />
    <remembered-set count="22848" freebytes="2378112" totalbytes="2469504" percent="96" regionsoverflowed="0" regionsstable="0" regionsrebuilding="0"/>
  </mem-info>
</gc-end>
<cycle-end id="525" type="partial gc" contextid="515" timestamp="2019-06-17T07:19:45.830" />
  <attribute name="elasticGC enabled" value="1" />
  <attribute name= "numThreadsSpecified" value="1" />
  <attribute name="heapSize specified" value="0" />
  <attribute name="Current GC Util" value="31" />
  <attribute name= "Current Time Running" value="1344" />
  <attribute name ="GC Interval" value="0" />
  <attribute name="ProportionalT" value="16.500000" />
  <attribute name="ProportionalI" value="16.500000" />
  <attribute name="ProportionalH" value="16.500000" />
  <attribute name="Current Error" value="11.000000" />
  <attribute name="IntegralT" value="0.000000" />
  <attribute name="IntegralI" value="0.000000" />
  <attribute name="IntegralH" value="0.000000" />
  <attribute name="DerivativeT" value="inf" />
  <attribute name="DerivativeI" value="inf" />
  <attribute name="DerivativeH" value="inf" />
  <attribute name="Loop Time for DT" value="0.000000" />
  <attribute name="Output H" value="8388608"/>
  <attribute name="Output I" value="200"/>
  <attribute name="Output T" value="1"/>
  <attribute name="Target GC Util Change" value ="20.000000" />
  <attribute name="Current GC Util Change" value="31.000000"/>
  <attribute name="GC Util currently" value="31" />
  <attribute name="CPU Util currently" value="6629414657107" />
<exclusive-end id="526" timestamp="2019-06-17T07:19:45.830" durationms="9.062" />

<exclusive-start id="527" timestamp="2019-06-17T07:19:45.844" intervalms="22.719">
  <response-info timems="0.028" idlems="0.028" threads="0" lastid="0000000000D21D00" lastname="Thread-9" />
</exclusive-start>
<allocation-taxation id="528" taxation-threshold="19922944" timestamp="2019-06-17T07:19:45.844" intervalms="22.752" />
<cycle-start id="529" type="partial gc" contextid="0" timestamp="2019-06-17T07:19:45.844" intervalms="22.733" />
<gc-start id="530" type="partial gc" contextid="529" timestamp="2019-06-17T07:19:45.844">
  <mem-info id="531" free="0" total="61865984" percent="0">
    <mem type="eden" free="0" total="19922944" percent="0" />
    <arraylet-primitive objects="2" leaves="2" largest="1" />
    <remembered-set count="22688" freebytes="2378752" totalbytes="2469504" percent="96" regionsoverflowed="0" regionsstable="0" regionsrebuilding="0"/>
  </mem-info>
</gc-start>
<allocation-stats totalBytes="19920512" >
  <allocated-bytes non-tlh="0" tlh="19920512" arrayletleaf="0"/>
  <largest-consumer threadName="Thread-7" threadId="0000000000D2D100" bytes="6049088" />
</allocation-stats>
<gc-op id="532" type="mark" timems="2.050" contextid="529" timestamp="2019-06-17T07:19:45.847">
  <trace-info objectcount="38130" scancount="38130" scanbytes="1465920" />
  <cardclean-info objects="11575" bytes="572256" />
  <remembered-set-cleared processed="19505" cleared="521" durationms="0.162" />
  <stringconstants candidates="4597" cleared="0"  />
  <warning details="Mark invoked due to insufficient free space for Copy-Forward" />
</gc-op>
<gc-op id="533" type="classunload" timems="0.002" contextid="529" timestamp="2019-06-17T07:19:45.847">
  <classunload-info classloadercandidates="8" classloadersunloaded="0" classesunloaded="0" anonymousclassesunloaded="0" quiescems="0.000" setupms="0.002" scanms="0.000" postms="0.000" />
</gc-op>
<gc-op id="534" type="sweep" timems="0.419" contextid="529" timestamp="2019-06-17T07:19:45.847" />
<gc-op id="535" type="compact" timems="3.108" contextid="529" timestamp="2019-06-17T07:19:45.851">
  <compact-info movecount="22746" movebytes="959344" />
  <remembered-set-cleared processed="39252" cleared="1277" durationms="0.162" />
</gc-op>
<heap-resize id="536" type="expand" space="default" amount="2097152" count="1" timems="0.072" reason="insufficient free space following gc" timestamp="2019-06-17T07:19:45.851" />
<gc-end id="537" type="partial gc" contextid="529" durationms="6.973" usertimems="8.000" systemtimems="0.000" timestamp="2019-06-17T07:19:45.851" activeThreads="4">
  <mem-info id="538" free="20971520" total="63963136" percent="32">
    <mem type="eden" free="102144" total="1048576" percent="9" />
    <arraylet-primitive objects="2" leaves="2" largest="1" />
    <remembered-set count="24096" freebytes="2456832" totalbytes="2553216" percent="96" regionsoverflowed="0" regionsstable="0" regionsrebuilding="0"/>
  </mem-info>
</gc-end>
<cycle-end id="539" type="partial gc" contextid="529" timestamp="2019-06-17T07:19:45.851" />
  <attribute name="elasticGC enabled" value="1" />
  <attribute name= "numThreadsSpecified" value="4" />
  <attribute name="heapSize specified" value="0" />
  <attribute name="Current GC Util" value="26" />
  <attribute name= "Current Time Running" value="1367" />
  <attribute name ="GC Interval" value="0" />
  <attribute name="ProportionalT" value="9.000000" />
  <attribute name="ProportionalI" value="9.000000" />
  <attribute name="ProportionalH" value="9.000000" />
  <attribute name="Current Error" value="6.000000" />
  <attribute name="IntegralT" value="6.000000" />
  <attribute name="IntegralI" value="6.000000" />
  <attribute name="IntegralH" value="6.000000" />
  <attribute name="DerivativeT" value="-81.000000" />
  <attribute name="DerivativeI" value="-81.000000" />
  <attribute name="DerivativeH" value="-81.000000" />
  <attribute name="Loop Time for DT" value="1.000000" />
  <attribute name="Output H" value="2091843584"/>
  <attribute name="Output I" value="200"/>
  <attribute name="Output T" value="4"/>
  <attribute name="Target GC Util Change" value ="20.000000" />
  <attribute name="Current GC Util Change" value="26.000000"/>
  <attribute name="GC Util currently" value="26" />
  <attribute name="CPU Util currently" value="7526530724809" />
<exclusive-end id="540" timestamp="2019-06-17T07:19:45.852" durationms="7.929" />

<exclusive-start id="541" timestamp="2019-06-17T07:19:45.864" intervalms="20.184">
  <response-info timems="0.025" idlems="0.025" threads="0" lastid="0000000000D25900" lastname="Thread-10" />
</exclusive-start>
<allocation-taxation id="542" taxation-threshold="20971520" timestamp="2019-06-17T07:19:45.864" intervalms="20.171" />
<cycle-start id="543" type="partial gc" contextid="0" timestamp="2019-06-17T07:19:45.864" intervalms="20.168" />
<gc-start id="544" type="partial gc" contextid="543" timestamp="2019-06-17T07:19:45.864">
  <mem-info id="545" free="0" total="63963136" percent="0">
    <mem type="eden" free="0" total="20971520" percent="0" />
    <arraylet-primitive objects="2" leaves="2" largest="1" />
    <remembered-set count="23712" freebytes="2458368" totalbytes="2553216" percent="96" regionsoverflowed="0" regionsstable="0" regionsrebuilding="0"/>
  </mem-info>
</gc-start>
<allocation-stats totalBytes="20969216" >
  <allocated-bytes non-tlh="0" tlh="20969216" arrayletleaf="0"/>
  <largest-consumer threadName="Thread-9" threadId="0000000000D21D00" bytes="5635416" />
</allocation-stats>
<gc-op id="546" type="mark" timems="1.760" contextid="543" timestamp="2019-06-17T07:19:45.866">
  <trace-info objectcount="29400" scancount="29400" scanbytes="1119268" />
  <cardclean-info objects="4848" bytes="242640" />
  <remembered-set-cleared processed="20777" cleared="479" durationms="0.166" />
  <stringconstants candidates="4597" cleared="0"  />
  <warning details="Mark invoked due to insufficient free space for Copy-Forward" />
</gc-op>
<gc-op id="547" type="classunload" timems="0.002" contextid="543" timestamp="2019-06-17T07:19:45.867">
  <classunload-info classloadercandidates="8" classloadersunloaded="0" classesunloaded="0" anonymousclassesunloaded="0" quiescems="0.000" setupms="0.002" scanms="0.000" postms="0.000" />
</gc-op>
<gc-op id="548" type="sweep" timems="0.405" contextid="543" timestamp="2019-06-17T07:19:45.867" />
<gc-op id="549" type="compact" timems="3.154" contextid="543" timestamp="2019-06-17T07:19:45.870">
  <compact-info movecount="29067" movebytes="1111288" />
  <remembered-set-cleared processed="41772" cleared="1169" durationms="0.166" />
</gc-op>
<heap-resize id="550" type="expand" space="default" amount="1048576" count="1" timems="0.062" reason="insufficient free space following gc" timestamp="2019-06-17T07:19:45.871" />
<gc-end id="551" type="partial gc" contextid="543" durationms="6.659" usertimems="12.000" systemtimems="0.000" timestamp="2019-06-17T07:19:45.871" activeThreads="4">
  <mem-info id="552" free="20971520" total="65011712" percent="32">
    <mem type="eden" free="868440" total="1048576" percent="82" />
    <arraylet-primitive objects="2" leaves="2" largest="1" />
    <remembered-set count="25536" freebytes="2492928" totalbytes="2595072" percent="96" regionsoverflowed="0" regionsstable="0" regionsrebuilding="0"/>
  </mem-info>
</gc-end>
<cycle-end id="553" type="partial gc" contextid="543" timestamp="2019-06-17T07:19:45.871" />
  <attribute name="elasticGC enabled" value="1" />
  <attribute name= "numThreadsSpecified" value="4" />
  <attribute name="heapSize specified" value="0" />
  <attribute name="Current GC Util" value="26" />
  <attribute name= "Current Time Running" value="1386" />
  <attribute name ="GC Interval" value="0" />
  <attribute name="ProportionalT" value="9.000000" />
  <attribute name="ProportionalI" value="9.000000" />
  <attribute name="ProportionalH" value="9.000000" />
  <attribute name="Current Error" value="6.000000" />
  <attribute name="IntegralT" value="0.000000" />
  <attribute name="IntegralI" value="0.000000" />
  <attribute name="IntegralH" value="0.000000" />
  <attribute name="DerivativeT" value="-inf" />
  <attribute name="DerivativeI" value="-inf" />
  <attribute name="DerivativeH" value="-inf" />
  <attribute name="Loop Time for DT" value="0.000000" />
  <attribute name="Output H" value="2091843584"/>
  <attribute name="Output I" value="200"/>
  <attribute name="Output T" value="4"/>
  <attribute name="Target GC Util Change" value ="20.000000" />
  <attribute name="Current GC Util Change" value="26.000000"/>
  <attribute name="GC Util currently" value="26" />
  <attribute name="CPU Util currently" value="7769863633291" />
<exclusive-end id="554" timestamp="2019-06-17T07:19:45.871" durationms="7.527" />

<exclusive-start id="555" timestamp="2019-06-17T07:19:45.883" intervalms="19.211">
  <response-info timems="0.024" idlems="0.024" threads="0" lastid="0000000000D25900" lastname="Thread-10" />
</exclusive-start>
<allocation-taxation id="556" taxation-threshold="20971520" timestamp="2019-06-17T07:19:45.883" intervalms="19.204" />
<cycle-start id="557" type="partial gc" contextid="0" timestamp="2019-06-17T07:19:45.883" intervalms="19.207" />
<gc-start id="558" type="partial gc" contextid="557" timestamp="2019-06-17T07:19:45.883">
  <mem-info id="559" free="0" total="65011712" percent="0">
    <mem type="eden" free="0" total="20971520" percent="0" />
    <arraylet-primitive objects="2" leaves="2" largest="1" />
    <remembered-set count="25088" freebytes="2494720" totalbytes="2595072" percent="96" regionsoverflowed="0" regionsstable="0" regionsrebuilding="0"/>
  </mem-info>
</gc-start>
<allocation-stats totalBytes="20968904" >
  <allocated-bytes non-tlh="0" tlh="20968904" arrayletleaf="0"/>
  <largest-consumer threadName="Thread-9" threadId="0000000000D21D00" bytes="5565824" />
</allocation-stats>
<gc-op id="560" type="mark" timems="2.044" contextid="557" timestamp="2019-06-17T07:19:45.886">
  <trace-info objectcount="24771" scancount="24771" scanbytes="870744" />
  <cardclean-info objects="12828" bytes="623712" />
  <remembered-set-cleared processed="21461" cleared="413" durationms="0.249" />
  <stringconstants candidates="4597" cleared="0"  />
  <warning details="Mark invoked due to insufficient free space for Copy-Forward" />
</gc-op>
<gc-op id="561" type="classunload" timems="0.002" contextid="557" timestamp="2019-06-17T07:19:45.886">
  <classunload-info classloadercandidates="8" classloadersunloaded="0" classesunloaded="0" anonymousclassesunloaded="0" quiescems="0.000" setupms="0.002" scanms="0.000" postms="0.000" />
</gc-op>
<gc-op id="562" type="sweep" timems="0.512" contextid="557" timestamp="2019-06-17T07:19:45.887" />
<gc-op id="563" type="compact" timems="2.757" contextid="557" timestamp="2019-06-17T07:19:45.890">
  <compact-info movecount="18407" movebytes="718016" />
  <remembered-set-cleared processed="43150" cleared="1047" durationms="0.249" />
</gc-op>
<heap-resize id="564" type="expand" space="default" amount="1048576" count="1" timems="0.065" reason="insufficient free space following gc" timestamp="2019-06-17T07:19:45.890" />
<gc-end id="565" type="partial gc" contextid="557" durationms="6.768" usertimems="8.000" systemtimems="0.000" timestamp="2019-06-17T07:19:45.890" activeThreads="4">
  <mem-info id="566" free="20971520" total="66060288" percent="31">
    <mem type="eden" free="348992" total="1048576" percent="33" />
    <arraylet-primitive objects="2" leaves="2" largest="1" />
    <remembered-set count="26208" freebytes="2532096" totalbytes="2636928" percent="96" regionsoverflowed="0" regionsstable="0" regionsrebuilding="0"/>
  </mem-info>
</gc-end>
<cycle-end id="567" type="partial gc" contextid="557" timestamp="2019-06-17T07:19:45.890" />
  <attribute name="elasticGC enabled" value="1" />
  <attribute name= "numThreadsSpecified" value="4" />
  <attribute name="heapSize specified" value="0" />
  <attribute name="Current GC Util" value="24" />
  <attribute name= "Current Time Running" value="1406" />
  <attribute name ="GC Interval" value="0" />
  <attribute name="ProportionalT" value="6.000000" />
  <attribute name="ProportionalI" value="6.000000" />
  <attribute name="ProportionalH" value="6.000000" />
  <attribute name="Current Error" value="4.000000" />
  <attribute name="IntegralT" value="4.000000" />
  <attribute name="IntegralI" value="4.000000" />
  <attribute name="IntegralH" value="4.000000" />
  <attribute name="DerivativeT" value="6.000000" />
  <attribute name="DerivativeI" value="6.000000" />
  <attribute name="DerivativeH" value="6.000000" />
  <attribute name="Loop Time for DT" value="1.000000" />
  <attribute name="Output H" value="8388608"/>
  <attribute name="Output I" value="200"/>
  <attribute name="Output T" value="4"/>
  <attribute name="Target GC Util Change" value ="20.000000" />
  <attribute name="Current GC Util Change" value="24.000000"/>
  <attribute name="GC Util currently" value="24" />
  <attribute name="CPU Util currently" value="6598586346059" />
<exclusive-end id="568" timestamp="2019-06-17T07:19:45.891" durationms="7.606" />

<exclusive-start id="569" timestamp="2019-06-17T07:19:45.903" intervalms="19.588">
  <response-info timems="0.022" idlems="0.022" threads="0" lastid="0000000000D25900" lastname="Thread-10" />
</exclusive-start>
<allocation-taxation id="570" taxation-threshold="20971520" timestamp="2019-06-17T07:19:45.903" intervalms="19.587" />
<cycle-start id="571" type="partial gc" contextid="0" timestamp="2019-06-17T07:19:45.903" intervalms="19.581" />
<gc-start id="572" type="partial gc" contextid="571" timestamp="2019-06-17T07:19:45.903">
  <mem-info id="573" free="0" total="66060288" percent="0">
    <mem type="eden" free="0" total="20971520" percent="0" />
    <arraylet-primitive objects="2" leaves="2" largest="1" />
    <remembered-set count="25728" freebytes="2534016" totalbytes="2636928" percent="96" regionsoverflowed="0" regionsstable="0" regionsrebuilding="0"/>
  </mem-info>
</gc-start>
<allocation-stats totalBytes="20968792" >
  <allocated-bytes non-tlh="0" tlh="20968792" arrayletleaf="0"/>
  <largest-consumer threadName="Thread-10" threadId="0000000000D25900" bytes="5602704" />
</allocation-stats>
<gc-op id="574" type="mark" timems="1.985" contextid="571" timestamp="2019-06-17T07:19:45.906">
  <trace-info objectcount="23279" scancount="23279" scanbytes="834584" />
  <cardclean-info objects="7732" bytes="380640" />
  <remembered-set-cleared processed="22642" cleared="636" durationms="0.187" />
  <stringconstants candidates="4597" cleared="0"  />
  <warning details="Mark invoked due to insufficient free space for Copy-Forward" />
</gc-op>
<gc-op id="575" type="classunload" timems="0.003" contextid="571" timestamp="2019-06-17T07:19:45.906">
  <classunload-info classloadercandidates="8" classloadersunloaded="0" classesunloaded="0" anonymousclassesunloaded="0" quiescems="0.000" setupms="0.003" scanms="0.000" postms="0.000" />
</gc-op>
<gc-op id="576" type="sweep" timems="0.417" contextid="571" timestamp="2019-06-17T07:19:45.906" />
<gc-op id="577" type="compact" timems="2.742" contextid="571" timestamp="2019-06-17T07:19:45.909">
  <compact-info movecount="22670" movebytes="819976" />
  <remembered-set-cleared processed="45480" cleared="1461" durationms="0.187" />
</gc-op>
<heap-resize id="578" type="expand" space="default" amount="2097152" count="1" timems="0.068" reason="insufficient free space following gc" timestamp="2019-06-17T07:19:45.909" />
<gc-end id="579" type="partial gc" contextid="571" durationms="6.426" usertimems="8.000" systemtimems="0.000" timestamp="2019-06-17T07:19:45.909" activeThreads="4">
  <mem-info id="580" free="22020096" total="68157440" percent="32">
    <mem type="eden" free="904968" total="1048576" percent="86" />
    <arraylet-primitive objects="2" leaves="2" largest="1" />
    <remembered-set count="27680" freebytes="2609920" totalbytes="2720640" percent="95" regionsoverflowed="0" regionsstable="0" regionsrebuilding="0"/>
  </mem-info>
</gc-end>
<cycle-end id="581" type="partial gc" contextid="571" timestamp="2019-06-17T07:19:45.910" />
  <attribute name="elasticGC enabled" value="1" />
  <attribute name= "numThreadsSpecified" value="4" />
  <attribute name="heapSize specified" value="0" />
  <attribute name="Current GC Util" value="27" />
  <attribute name= "Current Time Running" value="1425" />
  <attribute name ="GC Interval" value="0" />
  <attribute name="ProportionalT" value="10.500000" />
  <attribute name="ProportionalI" value="10.500000" />
  <attribute name="ProportionalH" value="10.500000" />
  <attribute name="Current Error" value="7.000000" />
  <attribute name="IntegralT" value="0.000000" />
  <attribute name="IntegralI" value="0.000000" />
  <attribute name="IntegralH" value="0.000000" />
  <attribute name="DerivativeT" value="-inf" />
  <attribute name="DerivativeI" value="-inf" />
  <attribute name="DerivativeH" value="-inf" />
  <attribute name="Loop Time for DT" value="0.000000" />
  <attribute name="Output H" value="2091843584"/>
  <attribute name="Output I" value="200"/>
  <attribute name="Output T" value="4"/>
  <attribute name="Target GC Util Change" value ="20.000000" />
  <attribute name="Current GC Util Change" value="27.000000"/>
  <attribute name="GC Util currently" value="27" />
  <attribute name="CPU Util currently" value="7624789214712" />
<exclusive-end id="582" timestamp="2019-06-17T07:19:45.910" durationms="7.150" />

<exclusive-start id="583" timestamp="2019-06-17T07:19:45.922" intervalms="19.245">
  <response-info timems="0.027" idlems="0.027" threads="0" lastid="0000000000D25900" lastname="Thread-10" />
</exclusive-start>
<allocation-taxation id="584" taxation-threshold="22020096" timestamp="2019-06-17T07:19:45.922" intervalms="19.245" />
<cycle-start id="585" type="partial gc" contextid="0" timestamp="2019-06-17T07:19:45.922" intervalms="19.247" />
<gc-start id="586" type="partial gc" contextid="585" timestamp="2019-06-17T07:19:45.922">
  <mem-info id="587" free="0" total="68157440" percent="0">
    <mem type="eden" free="0" total="22020096" percent="0" />
    <arraylet-primitive objects="2" leaves="2" largest="1" />
    <remembered-set count="27232" freebytes="2611712" totalbytes="2720640" percent="95" regionsoverflowed="0" regionsstable="0" regionsrebuilding="0"/>
  </mem-info>
</gc-start>
<allocation-stats totalBytes="22017712" >
  <allocated-bytes non-tlh="0" tlh="22017712" arrayletleaf="0"/>
  <largest-consumer threadName="Thread-10" threadId="0000000000D25900" bytes="5832128" />
</allocation-stats>
<gc-op id="588" type="mark" timems="1.746" contextid="585" timestamp="2019-06-17T07:19:45.924">
  <trace-info objectcount="21995" scancount="21995" scanbytes="803648" />
  <cardclean-info objects="9846" bytes="481728" />
  <remembered-set-cleared processed="23473" cleared="490" durationms="0.169" />
  <stringconstants candidates="4597" cleared="0"  />
  <warning details="Mark invoked due to insufficient free space for Copy-Forward" />
</gc-op>
<gc-op id="589" type="classunload" timems="0.003" contextid="585" timestamp="2019-06-17T07:19:45.925">
  <classunload-info classloadercandidates="8" classloadersunloaded="0" classesunloaded="0" anonymousclassesunloaded="0" quiescems="0.000" setupms="0.003" scanms="0.000" postms="0.000" />
</gc-op>
<gc-op id="590" type="sweep" timems="0.438" contextid="585" timestamp="2019-06-17T07:19:45.925" />
<gc-op id="591" type="compact" timems="2.373" contextid="585" timestamp="2019-06-17T07:19:45.928">
  <compact-info movecount="16665" movebytes="675736" />
  <remembered-set-cleared processed="47155" cleared="1182" durationms="0.169" />
</gc-op>
<heap-resize id="592" type="expand" space="default" amount="1048576" count="1" timems="0.064" reason="insufficient free space following gc" timestamp="2019-06-17T07:19:45.928" />
<gc-end id="593" type="partial gc" contextid="585" durationms="5.885" usertimems="8.000" systemtimems="0.000" timestamp="2019-06-17T07:19:45.928" activeThreads="4">
  <mem-info id="594" free="22020096" total="69206016" percent="31">
    <mem type="eden" free="382560" total="1048576" percent="36" />
    <arraylet-primitive objects="2" leaves="2" largest="1" />
    <remembered-set count="27712" freebytes="2651648" totalbytes="2762496" percent="95" regionsoverflowed="0" regionsstable="0" regionsrebuilding="0"/>
  </mem-info>
</gc-end>
<cycle-end id="595" type="partial gc" contextid="585" timestamp="2019-06-17T07:19:45.928" />
  <attribute name="elasticGC enabled" value="1" />
  <attribute name= "numThreadsSpecified" value="4" />
  <attribute name="heapSize specified" value="0" />
  <attribute name="Current GC Util" value="24" />
  <attribute name= "Current Time Running" value="1444" />
  <attribute name ="GC Interval" value="0" />
  <attribute name="ProportionalT" value="6.000000" />
  <attribute name="ProportionalI" value="6.000000" />
  <attribute name="ProportionalH" value="6.000000" />
  <attribute name="Current Error" value="4.000000" />
  <attribute name="IntegralT" value="0.000000" />
  <attribute name="IntegralI" value="0.000000" />
  <attribute name="IntegralH" value="0.000000" />
  <attribute name="DerivativeT" value="-inf" />
  <attribute name="DerivativeI" value="-inf" />
  <attribute name="DerivativeH" value="-inf" />
  <attribute name="Loop Time for DT" value="0.000000" />
  <attribute name="Output H" value="2091843584"/>
  <attribute name="Output I" value="200"/>
  <attribute name="Output T" value="4"/>
  <attribute name="Target GC Util Change" value ="20.000000" />
  <attribute name="Current GC Util Change" value="24.000000"/>
  <attribute name="GC Util currently" value="24" />
  <attribute name="CPU Util currently" value="7362735207576" />
<exclusive-end id="596" timestamp="2019-06-17T07:19:45.929" durationms="6.771" />

<exclusive-start id="597" timestamp="2019-06-17T07:19:45.940" intervalms="18.539">
  <response-info timems="0.039" idlems="0.039" threads="0" lastid="0000000000D29500" lastname="Thread-8" />
</exclusive-start>
<allocation-taxation id="598" taxation-threshold="22020096" timestamp="2019-06-17T07:19:45.941" intervalms="18.514" />
<cycle-start id="599" type="partial gc" contextid="0" timestamp="2019-06-17T07:19:45.941" intervalms="18.482" />
<gc-start id="600" type="partial gc" contextid="599" timestamp="2019-06-17T07:19:45.941">
  <mem-info id="601" free="0" total="69206016" percent="0">
    <mem type="eden" free="0" total="22020096" percent="0" />
    <arraylet-primitive objects="2" leaves="2" largest="1" />
    <remembered-set count="27296" freebytes="2653312" totalbytes="2762496" percent="96" regionsoverflowed="0" regionsstable="0" regionsrebuilding="0"/>
  </mem-info>
</gc-start>
<allocation-stats totalBytes="22017416" >
  <allocated-bytes non-tlh="0" tlh="22017416" arrayletleaf="0"/>
  <largest-consumer threadName="Thread-9" threadId="0000000000D21D00" bytes="5565752" />
</allocation-stats>
<gc-op id="602" type="mark" timems="2.105" contextid="599" timestamp="2019-06-17T07:19:45.943">
  <trace-info objectcount="28030" scancount="28030" scanbytes="1086116" />
  <cardclean-info objects="5519" bytes="278160" />
  <remembered-set-cleared processed="24499" cleared="584" durationms="0.199" />
  <stringconstants candidates="4597" cleared="0"  />
  <warning details="Mark invoked due to insufficient free space for Copy-Forward" />
</gc-op>
<gc-op id="603" type="classunload" timems="0.002" contextid="599" timestamp="2019-06-17T07:19:45.943">
  <classunload-info classloadercandidates="8" classloadersunloaded="0" classesunloaded="0" anonymousclassesunloaded="0" quiescems="0.000" setupms="0.002" scanms="0.000" postms="0.000" />
</gc-op>
<gc-op id="604" type="sweep" timems="0.425" contextid="599" timestamp="2019-06-17T07:19:45.944" />
<gc-op id="605" type="compact" timems="2.587" contextid="599" timestamp="2019-06-17T07:19:45.947">
  <compact-info movecount="17185" movebytes="688472" />
  <remembered-set-cleared processed="49219" cleared="1383" durationms="0.199" />
</gc-op>
<heap-resize id="606" type="expand" space="default" amount="2097152" count="1" timems="0.070" reason="insufficient free space following gc" timestamp="2019-06-17T07:19:45.947" />
<gc-end id="607" type="partial gc" contextid="599" durationms="6.461" usertimems="8.000" systemtimems="0.000" timestamp="2019-06-17T07:19:45.947" activeThreads="4">
  <mem-info id="608" free="23068672" total="71303168" percent="32">
    <mem type="eden" free="623096" total="1048576" percent="59" />
    <arraylet-primitive objects="2" leaves="2" largest="1" />
    <remembered-set count="28704" freebytes="2731392" totalbytes="2846208" percent="95" regionsoverflowed="0" regionsstable="0" regionsrebuilding="0"/>
  </mem-info>
</gc-end>
<cycle-end id="609" type="partial gc" contextid="599" timestamp="2019-06-17T07:19:45.947" />
  <attribute name="elasticGC enabled" value="1" />
  <attribute name= "numThreadsSpecified" value="4" />
  <attribute name="heapSize specified" value="0" />
  <attribute name="Current GC Util" value="27" />
  <attribute name= "Current Time Running" value="1463" />
  <attribute name ="GC Interval" value="0" />
  <attribute name="ProportionalT" value="10.500000" />
  <attribute name="ProportionalI" value="10.500000" />
  <attribute name="ProportionalH" value="10.500000" />
  <attribute name="Current Error" value="7.000000" />
  <attribute name="IntegralT" value="0.000000" />
  <attribute name="IntegralI" value="0.000000" />
  <attribute name="IntegralH" value="0.000000" />
  <attribute name="DerivativeT" value="-inf" />
  <attribute name="DerivativeI" value="-inf" />
  <attribute name="DerivativeH" value="-inf" />
  <attribute name="Loop Time for DT" value="0.000000" />
  <attribute name="Output H" value="2091843584"/>
  <attribute name="Output I" value="200"/>
  <attribute name="Output T" value="4"/>
  <attribute name="Target GC Util Change" value ="20.000000" />
  <attribute name="Current GC Util Change" value="27.000000"/>
  <attribute name="GC Util currently" value="27" />
  <attribute name="CPU Util currently" value="7519780735415" />
<exclusive-end id="610" timestamp="2019-06-17T07:19:45.948" durationms="7.209" />

<exclusive-start id="611" timestamp="2019-06-17T07:19:45.963" intervalms="22.290">
  <response-info timems="0.059" idlems="0.059" threads="0" lastid="0000000000D25900" lastname="Thread-10" />
</exclusive-start>
<allocation-taxation id="612" taxation-threshold="23068672" timestamp="2019-06-17T07:19:45.963" intervalms="22.333" />
<cycle-start id="613" type="partial gc" contextid="0" timestamp="2019-06-17T07:19:45.963" intervalms="22.379" />
<gc-start id="614" type="partial gc" contextid="613" timestamp="2019-06-17T07:19:45.963">
  <mem-info id="615" free="0" total="71303168" percent="0">
    <mem type="eden" free="0" total="23068672" percent="0" />
    <arraylet-primitive objects="2" leaves="2" largest="1" />
    <remembered-set count="28704" freebytes="2731392" totalbytes="2846208" percent="95" regionsoverflowed="0" regionsstable="0" regionsrebuilding="0"/>
  </mem-info>
</gc-start>
<allocation-stats totalBytes="23066072" >
  <allocated-bytes non-tlh="0" tlh="23066072" arrayletleaf="0"/>
  <largest-consumer threadName="Thread-8" threadId="0000000000D29500" bytes="7666896" />
</allocation-stats>
<gc-op id="616" type="mark" timems="1.928" contextid="613" timestamp="2019-06-17T07:19:45.966">
  <trace-info objectcount="20504" scancount="20504" scanbytes="768168" />
  <cardclean-info objects="8589" bytes="420840" />
  <remembered-set-cleared processed="25134" cleared="503" durationms="0.302" />
  <stringconstants candidates="4597" cleared="0"  />
  <warning details="Mark invoked due to insufficient free space for Copy-Forward" />
</gc-op>
<gc-op id="617" type="classunload" timems="0.003" contextid="613" timestamp="2019-06-17T07:19:45.966">
  <classunload-info classloadercandidates="8" classloadersunloaded="0" classesunloaded="0" anonymousclassesunloaded="0" quiescems="0.000" setupms="0.002" scanms="0.000" postms="0.000" />
</gc-op>
<gc-op id="618" type="sweep" timems="0.561" contextid="613" timestamp="2019-06-17T07:19:45.966" />
<gc-op id="619" type="compact" timems="2.685" contextid="613" timestamp="2019-06-17T07:19:45.969">
  <compact-info movecount="20504" movebytes="768176" />
  <remembered-set-cleared processed="50383" cleared="1114" durationms="0.302" />
</gc-op>
<heap-resize id="620" type="expand" space="default" amount="1048576" count="1" timems="0.066" reason="insufficient free space following gc" timestamp="2019-06-17T07:19:45.970" />
<gc-end id="621" type="partial gc" contextid="613" durationms="6.635" usertimems="8.000" systemtimems="0.000" timestamp="2019-06-17T07:19:45.970" activeThreads="4">
  <mem-info id="622" free="23068672" total="72351744" percent="31">
    <mem type="eden" free="424232" total="1048576" percent="40" />
    <arraylet-primitive objects="2" leaves="2" largest="1" />
    <remembered-set count="28992" freebytes="2772096" totalbytes="2888064" percent="95" regionsoverflowed="0" regionsstable="0" regionsrebuilding="0"/>
  </mem-info>
</gc-end>
<cycle-end id="623" type="partial gc" contextid="613" timestamp="2019-06-17T07:19:45.970" />
  <attribute name="elasticGC enabled" value="1" />
  <attribute name= "numThreadsSpecified" value="4" />
  <attribute name="heapSize specified" value="0" />
  <attribute name="Current GC Util" value="27" />
  <attribute name= "Current Time Running" value="1486" />
  <attribute name ="GC Interval" value="0" />
  <attribute name="ProportionalT" value="10.500000" />
  <attribute name="ProportionalI" value="10.500000" />
  <attribute name="ProportionalH" value="10.500000" />
  <attribute name="Current Error" value="7.000000" />
  <attribute name="IntegralT" value="7.000000" />
  <attribute name="IntegralI" value="7.000000" />
  <attribute name="IntegralH" value="7.000000" />
  <attribute name="DerivativeT" value="10.500000" />
  <attribute name="DerivativeI" value="10.500000" />
  <attribute name="DerivativeH" value="10.500000" />
  <attribute name="Loop Time for DT" value="1.000000" />
  <attribute name="Output H" value="8388608"/>
  <attribute name="Output I" value="200"/>
  <attribute name="Output T" value="4"/>
  <attribute name="Target GC Util Change" value ="20.000000" />
  <attribute name="Current GC Util Change" value="27.000000"/>
  <attribute name="GC Util currently" value="27" />
  <attribute name="CPU Util currently" value="6160981990793" />
<exclusive-end id="624" timestamp="2019-06-17T07:19:45.970" durationms="7.536" />

<exclusive-start id="625" timestamp="2019-06-17T07:19:45.983" intervalms="20.607">
  <response-info timems="0.038" idlems="0.038" threads="0" lastid="0000000000D25900" lastname="Thread-10" />
</exclusive-start>
<allocation-taxation id="626" taxation-threshold="23068672" timestamp="2019-06-17T07:19:45.983" intervalms="20.592" />
<cycle-start id="627" type="partial gc" contextid="0" timestamp="2019-06-17T07:19:45.984" intervalms="20.592" />
<gc-start id="628" type="partial gc" contextid="627" timestamp="2019-06-17T07:19:45.984">
  <mem-info id="629" free="0" total="72351744" percent="0">
    <mem type="eden" free="0" total="23068672" percent="0" />
    <arraylet-primitive objects="2" leaves="2" largest="1" />
    <remembered-set count="28800" freebytes="2772864" totalbytes="2888064" percent="96" regionsoverflowed="0" regionsstable="0" regionsrebuilding="0"/>
  </mem-info>
</gc-start>
<allocation-stats totalBytes="23066088" >
  <allocated-bytes non-tlh="0" tlh="23066088" arrayletleaf="0"/>
  <largest-consumer threadName="Thread-8" threadId="0000000000D29500" bytes="6126896" />
</allocation-stats>
<gc-op id="630" type="mark" timems="1.747" contextid="627" timestamp="2019-06-17T07:19:45.986">
  <trace-info objectcount="18301" scancount="18301" scanbytes="715232" />
  <cardclean-info objects="5313" bytes="260904" />
  <remembered-set-cleared processed="26002" cleared="461" durationms="0.290" />
  <stringconstants candidates="4597" cleared="0"  />
  <warning details="Mark invoked due to insufficient free space for Copy-Forward" />
</gc-op>
<gc-op id="631" type="classunload" timems="0.002" contextid="627" timestamp="2019-06-17T07:19:45.986">
  <classunload-info classloadercandidates="8" classloadersunloaded="0" classesunloaded="0" anonymousclassesunloaded="0" quiescems="0.000" setupms="0.002" scanms="0.000" postms="0.000" />
</gc-op>
<gc-op id="632" type="sweep" timems="0.432" contextid="627" timestamp="2019-06-17T07:19:45.987" />
<gc-op id="633" type="compact" timems="2.812" contextid="627" timestamp="2019-06-17T07:19:45.990">
  <compact-info movecount="16160" movebytes="663856" />
  <remembered-set-cleared processed="52211" cleared="1123" durationms="0.290" />
</gc-op>
<heap-resize id="634" type="expand" space="default" amount="2097152" count="1" timems="0.068" reason="insufficient free space following gc" timestamp="2019-06-17T07:19:45.990" />
<gc-end id="635" type="partial gc" contextid="627" durationms="6.291" usertimems="8.000" systemtimems="0.000" timestamp="2019-06-17T07:19:45.990" activeThreads="4">
  <mem-info id="636" free="24117248" total="74448896" percent="32">
    <mem type="eden" free="950376" total="1048576" percent="90" />
    <arraylet-primitive objects="2" leaves="2" largest="1" />
    <remembered-set count="29920" freebytes="2852096" totalbytes="2971776" percent="95" regionsoverflowed="0" regionsstable="0" regionsrebuilding="0"/>
  </mem-info>
</gc-end>
<cycle-end id="637" type="partial gc" contextid="627" timestamp="2019-06-17T07:19:45.990" />
  <attribute name="elasticGC enabled" value="1" />
  <attribute name= "numThreadsSpecified" value="4" />
  <attribute name="heapSize specified" value="0" />
  <attribute name="Current GC Util" value="28" />
  <attribute name= "Current Time Running" value="1506" />
  <attribute name ="GC Interval" value="0" />
  <attribute name="ProportionalT" value="12.000000" />
  <attribute name="ProportionalI" value="12.000000" />
  <attribute name="ProportionalH" value="12.000000" />
  <attribute name="Current Error" value="8.000000" />
  <attribute name="IntegralT" value="8.000000" />
  <attribute name="IntegralI" value="8.000000" />
  <attribute name="IntegralH" value="8.000000" />
  <attribute name="DerivativeT" value="12.000000" />
  <attribute name="DerivativeI" value="12.000000" />
  <attribute name="DerivativeH" value="12.000000" />
  <attribute name="Loop Time for DT" value="1.000000" />
  <attribute name="Output H" value="8388608"/>
  <attribute name="Output I" value="200"/>
  <attribute name="Output T" value="4"/>
  <attribute name="Target GC Util Change" value ="20.000000" />
  <attribute name="Current GC Util Change" value="28.000000"/>
  <attribute name="GC Util currently" value="28" />
  <attribute name="CPU Util currently" value="7312881681432" />
<exclusive-end id="638" timestamp="2019-06-17T07:19:45.990" durationms="7.179" />

<exclusive-start id="639" timestamp="2019-06-17T07:19:46.007" intervalms="23.797">
  <response-info timems="0.033" idlems="0.033" threads="0" lastid="0000000000D29500" lastname="Thread-8" />
</exclusive-start>
<allocation-taxation id="640" taxation-threshold="24117248" timestamp="2019-06-17T07:19:46.007" intervalms="23.747" />
<cycle-start id="641" type="partial gc" contextid="0" timestamp="2019-06-17T07:19:46.007" intervalms="23.662" />
<gc-start id="642" type="partial gc" contextid="641" timestamp="2019-06-17T07:19:46.007">
  <mem-info id="643" free="0" total="74448896" percent="0">
    <mem type="eden" free="0" total="24117248" percent="0" />
    <arraylet-primitive objects="2" leaves="2" largest="1" />
    <remembered-set count="29856" freebytes="2852352" totalbytes="2971776" percent="95" regionsoverflowed="0" regionsstable="0" regionsrebuilding="0"/>
  </mem-info>
</gc-start>
<allocation-stats totalBytes="24114328" >
  <allocated-bytes non-tlh="0" tlh="24114328" arrayletleaf="0"/>
  <largest-consumer threadName="Thread-10" threadId="0000000000D25900" bytes="7658608" />
</allocation-stats>
<gc-op id="644" type="mark" timems="1.661" contextid="641" timestamp="2019-06-17T07:19:46.010">
  <trace-info objectcount="8251" scancount="8251" scanbytes="199176" />
  <cardclean-info objects="9995" bytes="485424" />
  <remembered-set-cleared processed="26570" cleared="550" durationms="0.312" />
  <stringconstants candidates="4597" cleared="0"  />
  <warning details="Mark invoked due to insufficient free space for Copy-Forward" />
</gc-op>
<gc-op id="645" type="classunload" timems="0.002" contextid="641" timestamp="2019-06-17T07:19:46.010">
  <classunload-info classloadercandidates="8" classloadersunloaded="0" classesunloaded="0" anonymousclassesunloaded="0" quiescems="0.000" setupms="0.002" scanms="0.000" postms="0.000" />
</gc-op>
<gc-op id="646" type="sweep" timems="0.470" contextid="641" timestamp="2019-06-17T07:19:46.010" />
<gc-op id="647" type="compact" timems="2.280" contextid="641" timestamp="2019-06-17T07:19:46.013">
  <compact-info movecount="7955" movebytes="192072" />
  <remembered-set-cleared processed="53309" cleared="1263" durationms="0.312" />
</gc-op>
<heap-resize id="648" type="expand" space="default" amount="1048576" count="1" timems="0.064" reason="insufficient free space following gc" timestamp="2019-06-17T07:19:46.013" />
<gc-end id="649" type="partial gc" contextid="641" durationms="5.885" usertimems="4.000" systemtimems="4.000" timestamp="2019-06-17T07:19:46.013" activeThreads="4">
  <mem-info id="650" free="24117248" total="75497472" percent="31">
    <mem type="eden" free="940528" total="1048576" percent="89" />
    <arraylet-primitive objects="2" leaves="2" largest="1" />
    <remembered-set count="30944" freebytes="2889856" totalbytes="3013632" percent="95" regionsoverflowed="0" regionsstable="0" regionsrebuilding="0"/>
  </mem-info>
</gc-end>
<cycle-end id="651" type="partial gc" contextid="641" timestamp="2019-06-17T07:19:46.014" />
  <attribute name="elasticGC enabled" value="1" />
  <attribute name= "numThreadsSpecified" value="4" />
  <attribute name="heapSize specified" value="0" />
  <attribute name="Current GC Util" value="27" />
  <attribute name= "Current Time Running" value="1530" />
  <attribute name ="GC Interval" value="0" />
  <attribute name="ProportionalT" value="10.500000" />
  <attribute name="ProportionalI" value="10.500000" />
  <attribute name="ProportionalH" value="10.500000" />
  <attribute name="Current Error" value="7.000000" />
  <attribute name="IntegralT" value="7.000000" />
  <attribute name="IntegralI" value="7.000000" />
  <attribute name="IntegralH" value="7.000000" />
  <attribute name="DerivativeT" value="10.500000" />
  <attribute name="DerivativeI" value="10.500000" />
  <attribute name="DerivativeH" value="10.500000" />
  <attribute name="Loop Time for DT" value="1.000000" />
  <attribute name="Output H" value="8388608"/>
  <attribute name="Output I" value="200"/>
  <attribute name="Output T" value="4"/>
  <attribute name="Target GC Util Change" value ="20.000000" />
  <attribute name="Current GC Util Change" value="27.000000"/>
  <attribute name="GC Util currently" value="27" />
  <attribute name="CPU Util currently" value="6549406522827" />
<exclusive-end id="652" timestamp="2019-06-17T07:19:46.014" durationms="6.583" />

<exclusive-start id="653" timestamp="2019-06-17T07:19:46.031" intervalms="23.670">
  <response-info timems="0.043" idlems="0.024" threads="1" lastid="0000000000D21D00" lastname="Thread-9" />
</exclusive-start>
<allocation-taxation id="654" taxation-threshold="24117248" timestamp="2019-06-17T07:19:46.031" intervalms="23.740" />
<cycle-start id="655" type="partial gc" contextid="0" timestamp="2019-06-17T07:19:46.031" intervalms="23.811" />
<gc-start id="656" type="partial gc" contextid="655" timestamp="2019-06-17T07:19:46.031">
  <mem-info id="657" free="0" total="75497472" percent="0">
    <mem type="eden" free="0" total="24117248" percent="0" />
    <arraylet-primitive objects="2" leaves="2" largest="1" />
    <remembered-set count="30880" freebytes="2890112" totalbytes="3013632" percent="95" regionsoverflowed="0" regionsstable="0" regionsrebuilding="0"/>
  </mem-info>
</gc-start>
<allocation-stats totalBytes="24114256" >
  <allocated-bytes non-tlh="0" tlh="24114256" arrayletleaf="0"/>
  <largest-consumer threadName="Thread-10" threadId="0000000000D25900" bytes="8580152" />
</allocation-stats>
<gc-op id="658" type="mark" timems="2.320" contextid="655" timestamp="2019-06-17T07:19:46.034">
  <trace-info objectcount="28794" scancount="28794" scanbytes="1104476" />
  <cardclean-info objects="8851" bytes="438144" />
  <remembered-set-cleared processed="27374" cleared="675" durationms="0.329" />
  <stringconstants candidates="4597" cleared="0"  />
  <warning details="Mark invoked due to insufficient free space for Copy-Forward" />
</gc-op>
<gc-op id="659" type="classunload" timems="0.002" contextid="655" timestamp="2019-06-17T07:19:46.034">
  <classunload-info classloadercandidates="8" classloadersunloaded="0" classesunloaded="0" anonymousclassesunloaded="0" quiescems="0.000" setupms="0.002" scanms="0.000" postms="0.000" />
</gc-op>
<gc-op id="660" type="sweep" timems="0.462" contextid="655" timestamp="2019-06-17T07:19:46.035" />
<gc-op id="661" type="compact" timems="3.058" contextid="655" timestamp="2019-06-17T07:19:46.038">
  <compact-info movecount="28397" movebytes="1094960" />
  <remembered-set-cleared processed="55031" cleared="1626" durationms="0.329" />
</gc-op>
<heap-resize id="662" type="expand" space="default" amount="1048576" count="1" timems="0.066" reason="insufficient free space following gc" timestamp="2019-06-17T07:19:46.038" />
<gc-end id="663" type="partial gc" contextid="655" durationms="7.216" usertimems="12.000" systemtimems="0.000" timestamp="2019-06-17T07:19:46.038" activeThreads="4">
  <mem-info id="664" free="24117248" total="76546048" percent="31">
    <mem type="eden" free="45368" total="1048576" percent="4" />
    <arraylet-primitive objects="2" leaves="2" largest="1" />
    <remembered-set count="31616" freebytes="2929024" totalbytes="3055488" percent="95" regionsoverflowed="0" regionsstable="0" regionsrebuilding="0"/>
  </mem-info>
</gc-end>
<cycle-end id="665" type="partial gc" contextid="655" timestamp="2019-06-17T07:19:46.039" />
  <attribute name="elasticGC enabled" value="1" />
  <attribute name= "numThreadsSpecified" value="4" />
  <attribute name="heapSize specified" value="0" />
  <attribute name="Current GC Util" value="28" />
  <attribute name= "Current Time Running" value="1554" />
  <attribute name ="GC Interval" value="0" />
  <attribute name="ProportionalT" value="12.000000" />
  <attribute name="ProportionalI" value="12.000000" />
  <attribute name="ProportionalH" value="12.000000" />
  <attribute name="Current Error" value="8.000000" />
  <attribute name="IntegralT" value="8.000000" />
  <attribute name="IntegralI" value="8.000000" />
  <attribute name="IntegralH" value="8.000000" />
  <attribute name="DerivativeT" value="12.000000" />
  <attribute name="DerivativeI" value="12.000000" />
  <attribute name="DerivativeH" value="12.000000" />
  <attribute name="Loop Time for DT" value="1.000000" />
  <attribute name="Output H" value="8388608"/>
  <attribute name="Output I" value="200"/>
  <attribute name="Output T" value="4"/>
  <attribute name="Target GC Util Change" value ="20.000000" />
  <attribute name="Current GC Util Change" value="28.000000"/>
  <attribute name="GC Util currently" value="28" />
  <attribute name="CPU Util currently" value="7058112499769" />
<exclusive-end id="666" timestamp="2019-06-17T07:19:46.039" durationms="8.002" />

<exclusive-start id="667" timestamp="2019-06-17T07:19:46.058" intervalms="27.160">
  <response-info timems="0.040" idlems="0.022" threads="1" lastid="0000000000D25900" lastname="Thread-10" />
</exclusive-start>
<allocation-taxation id="668" taxation-threshold="24117248" timestamp="2019-06-17T07:19:46.058" intervalms="27.149" />
<cycle-start id="669" type="partial gc" contextid="0" timestamp="2019-06-17T07:19:46.058" intervalms="27.145" />
<gc-start id="670" type="partial gc" contextid="669" timestamp="2019-06-17T07:19:46.058">
  <mem-info id="671" free="0" total="76546048" percent="0">
    <mem type="eden" free="0" total="24117248" percent="0" />
    <arraylet-primitive objects="2" leaves="2" largest="1" />
    <remembered-set count="31264" freebytes="2930432" totalbytes="3055488" percent="95" regionsoverflowed="0" regionsstable="0" regionsrebuilding="0"/>
  </mem-info>
</gc-start>
<allocation-stats totalBytes="24113976" >
  <allocated-bytes non-tlh="0" tlh="24113976" arrayletleaf="0"/>
  <largest-consumer threadName="Thread-7" threadId="0000000000D2D100" bytes="8252408" />
</allocation-stats>
<gc-op id="672" type="mark" timems="1.950" contextid="669" timestamp="2019-06-17T07:19:46.061">
  <trace-info objectcount="23709" scancount="23709" scanbytes="981804" />
  <cardclean-info objects="4534" bytes="231384" />
  <remembered-set-cleared processed="28324" cleared="624" durationms="0.338" />
  <stringconstants candidates="4597" cleared="0"  />
  <warning details="Mark invoked due to insufficient free space for Copy-Forward" />
</gc-op>
<gc-op id="673" type="classunload" timems="0.002" contextid="669" timestamp="2019-06-17T07:19:46.061">
  <classunload-info classloadercandidates="8" classloadersunloaded="0" classesunloaded="0" anonymousclassesunloaded="0" quiescems="0.000" setupms="0.002" scanms="0.000" postms="0.000" />
</gc-op>
<gc-op id="674" type="sweep" timems="0.563" contextid="669" timestamp="2019-06-17T07:19:46.062" />
<gc-op id="675" type="compact" timems="2.905" contextid="669" timestamp="2019-06-17T07:19:46.065">
  <compact-info movecount="23709" movebytes="981816" />
  <remembered-set-cleared processed="56657" cleared="1251" durationms="0.338" />
</gc-op>
<heap-resize id="676" type="expand" space="default" amount="2097152" count="1" timems="0.072" reason="insufficient free space following gc" timestamp="2019-06-17T07:19:46.065" />
<gc-end id="677" type="partial gc" contextid="669" durationms="6.728" usertimems="16.000" systemtimems="0.000" timestamp="2019-06-17T07:19:46.065" activeThreads="4">
  <mem-info id="678" free="25165824" total="78643200" percent="32">
    <mem type="eden" free="449368" total="1048576" percent="42" />
    <arraylet-primitive objects="2" leaves="2" largest="1" />
    <remembered-set count="32160" freebytes="3010560" totalbytes="3139200" percent="95" regionsoverflowed="0" regionsstable="0" regionsrebuilding="0"/>
  </mem-info>
</gc-end>
<cycle-end id="679" type="partial gc" contextid="669" timestamp="2019-06-17T07:19:46.065" />
  <attribute name="elasticGC enabled" value="1" />
  <attribute name= "numThreadsSpecified" value="4" />
  <attribute name="heapSize specified" value="0" />
  <attribute name="Current GC Util" value="22" />
  <attribute name= "Current Time Running" value="1581" />
  <attribute name ="GC Interval" value="0" />
  <attribute name="ProportionalT" value="3.000000" />
  <attribute name="ProportionalI" value="3.000000" />
  <attribute name="ProportionalH" value="3.000000" />
  <attribute name="Current Error" value="2.000000" />
  <attribute name="IntegralT" value="2.000000" />
  <attribute name="IntegralI" value="2.000000" />
  <attribute name="IntegralH" value="2.000000" />
  <attribute name="DerivativeT" value="3.000000" />
  <attribute name="DerivativeI" value="3.000000" />
  <attribute name="DerivativeH" value="3.000000" />
  <attribute name="Loop Time for DT" value="1.000000" />
  <attribute name="Output H" value="8388608"/>
  <attribute name="Output I" value="200"/>
  <attribute name="Output T" value="4"/>
  <attribute name="Target GC Util Change" value ="20.000000" />
  <attribute name="Current GC Util Change" value="22.000000"/>
  <attribute name="GC Util currently" value="22" />
  <attribute name="CPU Util currently" value="6049588502605" />
<exclusive-end id="680" timestamp="2019-06-17T07:19:46.065" durationms="7.410" />

<exclusive-start id="681" timestamp="2019-06-17T07:19:46.092" intervalms="34.028">
  <response-info timems="0.145" idlems="0.145" threads="0" lastid="0000000000D2D100" lastname="Thread-7" />
</exclusive-start>
<allocation-taxation id="682" taxation-threshold="25165824" timestamp="2019-06-17T07:19:46.092" intervalms="33.986" />
<cycle-start id="683" type="partial gc" contextid="0" timestamp="2019-06-17T07:19:46.092" intervalms="33.939" />
<gc-start id="684" type="partial gc" contextid="683" timestamp="2019-06-17T07:19:46.092">
  <mem-info id="685" free="0" total="78643200" percent="0">
    <mem type="eden" free="0" total="25165824" percent="0" />
    <arraylet-primitive objects="2" leaves="2" largest="1" />
    <remembered-set count="31776" freebytes="3012096" totalbytes="3139200" percent="95" regionsoverflowed="0" regionsstable="0" regionsrebuilding="0"/>
  </mem-info>
</gc-start>
<allocation-stats totalBytes="25162352" >
  <allocated-bytes non-tlh="0" tlh="25162352" arrayletleaf="0"/>
  <largest-consumer threadName="Thread-8" threadId="0000000000D29500" bytes="7633928" />
</allocation-stats>
<gc-op id="686" type="mark" timems="2.517" contextid="683" timestamp="2019-06-17T07:19:46.095">
  <trace-info objectcount="33670" scancount="33670" scanbytes="1359096" />
  <cardclean-info objects="6492" bytes="320712" />
  <remembered-set-cleared processed="28716" cleared="374" durationms="0.360" />
  <stringconstants candidates="4597" cleared="0"  />
  <warning details="Mark invoked due to insufficient free space for Copy-Forward" />
</gc-op>
<gc-op id="687" type="classunload" timems="0.002" contextid="683" timestamp="2019-06-17T07:19:46.096">
  <classunload-info classloadercandidates="8" classloadersunloaded="0" classesunloaded="0" anonymousclassesunloaded="0" quiescems="0.000" setupms="0.002" scanms="0.000" postms="0.000" />
</gc-op>
<gc-op id="688" type="sweep" timems="0.578" contextid="683" timestamp="2019-06-17T07:19:46.096" />
<gc-op id="689" type="compact" timems="3.128" contextid="683" timestamp="2019-06-17T07:19:46.100">
  <compact-info movecount="31341" movebytes="1303216" />
  <remembered-set-cleared processed="57766" cleared="1075" durationms="0.360" />
</gc-op>
<heap-resize id="690" type="expand" space="default" amount="1048576" count="1" timems="0.064" reason="insufficient free space following gc" timestamp="2019-06-17T07:19:46.100" />
<gc-end id="691" type="partial gc" contextid="683" durationms="7.818" usertimems="12.000" systemtimems="0.000" timestamp="2019-06-17T07:19:46.100" activeThreads="4">
  <mem-info id="692" free="25165824" total="79691776" percent="31">
    <mem type="eden" free="285432" total="1048576" percent="27" />
    <arraylet-primitive objects="2" leaves="2" largest="1" />
    <remembered-set count="33344" freebytes="3047680" totalbytes="3181056" percent="95" regionsoverflowed="0" regionsstable="0" regionsrebuilding="0"/>
  </mem-info>
</gc-end>
<cycle-end id="693" type="partial gc" contextid="683" timestamp="2019-06-17T07:19:46.100" />
  <attribute name="elasticGC enabled" value="1" />
  <attribute name= "numThreadsSpecified" value="4" />
  <attribute name="heapSize specified" value="0" />
  <attribute name="Current GC Util" value="27" />
  <attribute name= "Current Time Running" value="1616" />
  <attribute name ="GC Interval" value="0" />
  <attribute name="ProportionalT" value="10.500000" />
  <attribute name="ProportionalI" value="10.500000" />
  <attribute name="ProportionalH" value="10.500000" />
  <attribute name="Current Error" value="7.000000" />
  <attribute name="IntegralT" value="7.000000" />
  <attribute name="IntegralI" value="7.000000" />
  <attribute name="IntegralH" value="7.000000" />
  <attribute name="DerivativeT" value="10.500000" />
  <attribute name="DerivativeI" value="10.500000" />
  <attribute name="DerivativeH" value="10.500000" />
  <attribute name="Loop Time for DT" value="1.000000" />
  <attribute name="Output H" value="8388608"/>
  <attribute name="Output I" value="200"/>
  <attribute name="Output T" value="4"/>
  <attribute name="Target GC Util Change" value ="20.000000" />
  <attribute name="Current GC Util Change" value="27.000000"/>
  <attribute name="GC Util currently" value="27" />
  <attribute name="CPU Util currently" value="5669208899212" />
<exclusive-end id="694" timestamp="2019-06-17T07:19:46.101" durationms="8.614" />

<exclusive-start id="695" timestamp="2019-06-17T07:19:46.146" intervalms="53.803">
  <response-info timems="0.040" idlems="0.040" threads="0" lastid="0000000000D25900" lastname="Thread-10" />
</exclusive-start>
<allocation-taxation id="696" taxation-threshold="25165824" timestamp="2019-06-17T07:19:46.146" intervalms="53.853" />
<cycle-start id="697" type="partial gc" contextid="0" timestamp="2019-06-17T07:19:46.146" intervalms="53.914" />
<gc-start id="698" type="partial gc" contextid="697" timestamp="2019-06-17T07:19:46.146">
  <mem-info id="699" free="0" total="79691776" percent="0">
    <mem type="eden" free="0" total="25165824" percent="0" />
    <arraylet-primitive objects="2" leaves="2" largest="1" />
    <remembered-set count="33024" freebytes="3048960" totalbytes="3181056" percent="95" regionsoverflowed="0" regionsstable="0" regionsrebuilding="0"/>
  </mem-info>
</gc-start>
<allocation-stats totalBytes="25162520" >
  <allocated-bytes non-tlh="0" tlh="25162520" arrayletleaf="0"/>
  <largest-consumer threadName="Thread-10" threadId="0000000000D25900" bytes="7707664" />
</allocation-stats>
<gc-op id="700" type="mark" timems="2.130" contextid="697" timestamp="2019-06-17T07:19:46.149">
  <trace-info objectcount="21462" scancount="21462" scanbytes="790720" />
  <cardclean-info objects="9800" bytes="479688" />
  <remembered-set-cleared processed="29506" cleared="547" durationms="0.355" />
  <stringconstants candidates="4597" cleared="0"  />
  <warning details="Mark invoked due to insufficient free space for Copy-Forward" />
</gc-op>
<gc-op id="701" type="classunload" timems="0.002" contextid="697" timestamp="2019-06-17T07:19:46.149">
  <classunload-info classloadercandidates="8" classloadersunloaded="0" classesunloaded="0" anonymousclassesunloaded="0" quiescems="0.000" setupms="0.002" scanms="0.000" postms="0.000" />
</gc-op>
<gc-op id="702" type="sweep" timems="0.574" contextid="697" timestamp="2019-06-17T07:19:46.150" />
<gc-op id="703" type="compact" timems="2.789" contextid="697" timestamp="2019-06-17T07:19:46.153">
  <compact-info movecount="21410" movebytes="789480" />
  <remembered-set-cleared processed="59135" cleared="1210" durationms="0.355" />
</gc-op>
<heap-resize id="704" type="expand" space="default" amount="2097152" count="1" timems="0.071" reason="insufficient free space following gc" timestamp="2019-06-17T07:19:46.153" />
<gc-end id="705" type="partial gc" contextid="697" durationms="7.071" usertimems="8.000" systemtimems="0.000" timestamp="2019-06-17T07:19:46.153" activeThreads="4">
  <mem-info id="706" free="26214400" total="81788928" percent="32">
    <mem type="eden" free="672136" total="1048576" percent="64" />
    <arraylet-primitive objects="2" leaves="2" largest="1" />
    <remembered-set count="34496" freebytes="3126784" totalbytes="3264768" percent="95" regionsoverflowed="0" regionsstable="0" regionsrebuilding="0"/>
  </mem-info>
</gc-end>
<cycle-end id="707" type="partial gc" contextid="697" timestamp="2019-06-17T07:19:46.154" />
  <attribute name="elasticGC enabled" value="1" />
  <attribute name= "numThreadsSpecified" value="4" />
  <attribute name="heapSize specified" value="0" />
  <attribute name="Current GC Util" value="28" />
  <attribute name= "Current Time Running" value="1669" />
  <attribute name ="GC Interval" value="0" />
  <attribute name="ProportionalT" value="12.000000" />
  <attribute name="ProportionalI" value="12.000000" />
  <attribute name="ProportionalH" value="12.000000" />
  <attribute name="Current Error" value="8.000000" />
  <attribute name="IntegralT" value="8.000000" />
  <attribute name="IntegralI" value="8.000000" />
  <attribute name="IntegralH" value="8.000000" />
  <attribute name="DerivativeT" value="12.000000" />
  <attribute name="DerivativeI" value="12.000000" />
  <attribute name="DerivativeH" value="12.000000" />
  <attribute name="Loop Time for DT" value="1.000000" />
  <attribute name="Output H" value="8388608"/>
  <attribute name="Output I" value="200"/>
  <attribute name="Output T" value="4"/>
  <attribute name="Target GC Util Change" value ="20.000000" />
  <attribute name="Current GC Util Change" value="28.000000"/>
  <attribute name="GC Util currently" value="28" />
  <attribute name="CPU Util currently" value="6050517135760" />
<exclusive-end id="708" timestamp="2019-06-17T07:19:46.154" durationms="8.064" />

<exclusive-start id="709" timestamp="2019-06-17T07:19:46.210" intervalms="64.358">
  <response-info timems="0.033" idlems="0.033" threads="0" lastid="0000000000D29500" lastname="Thread-8" />
</exclusive-start>
<allocation-taxation id="710" taxation-threshold="26214400" timestamp="2019-06-17T07:19:46.210" intervalms="64.343" />
<cycle-start id="711" type="partial gc" contextid="0" timestamp="2019-06-17T07:19:46.210" intervalms="64.299" />
<gc-start id="712" type="partial gc" contextid="711" timestamp="2019-06-17T07:19:46.211">
  <mem-info id="713" free="0" total="81788928" percent="0">
    <mem type="eden" free="0" total="26214400" percent="0" />
    <arraylet-primitive objects="2" leaves="2" largest="1" />
    <remembered-set count="34272" freebytes="3127680" totalbytes="3264768" percent="95" regionsoverflowed="0" regionsstable="0" regionsrebuilding="0"/>
  </mem-info>
</gc-start>
<allocation-stats totalBytes="26211368" >
  <allocated-bytes non-tlh="0" tlh="26211368" arrayletleaf="0"/>
  <largest-consumer threadName="Thread-10" threadId="0000000000D25900" bytes="8539088" />
</allocation-stats>
<gc-op id="714" type="mark" timems="2.121" contextid="711" timestamp="2019-06-17T07:19:46.213">
  <trace-info objectcount="19788" scancount="19788" scanbytes="751088" />
  <cardclean-info objects="8847" bytes="430008" />
  <remembered-set-cleared processed="30244" cleared="497" durationms="0.363" />
  <stringconstants candidates="4597" cleared="0"  />
  <warning details="Mark invoked due to insufficient free space for Copy-Forward" />
</gc-op>
<gc-op id="715" type="classunload" timems="0.002" contextid="711" timestamp="2019-06-17T07:19:46.213">
  <classunload-info classloadercandidates="8" classloadersunloaded="0" classesunloaded="0" anonymousclassesunloaded="0" quiescems="0.000" setupms="0.002" scanms="0.000" postms="0.000" />
</gc-op>
<gc-op id="716" type="sweep" timems="0.531" contextid="711" timestamp="2019-06-17T07:19:46.214" />
<gc-op id="717" type="compact" timems="2.811" contextid="711" timestamp="2019-06-17T07:19:46.217">
  <compact-info movecount="19632" movebytes="747352" />
  <remembered-set-cleared processed="60740" cleared="1239" durationms="0.363" />
</gc-op>
<heap-resize id="718" type="expand" space="default" amount="1048576" count="1" timems="0.066" reason="insufficient free space following gc" timestamp="2019-06-17T07:19:46.217" />
<gc-end id="719" type="partial gc" contextid="711" durationms="6.808" usertimems="12.000" systemtimems="0.000" timestamp="2019-06-17T07:19:46.217" activeThreads="4">
  <mem-info id="720" free="26214400" total="82837504" percent="31">
    <mem type="eden" free="668736" total="1048576" percent="63" />
    <arraylet-primitive objects="2" leaves="2" largest="1" />
    <remembered-set count="34848" freebytes="3167232" totalbytes="3306624" percent="95" regionsoverflowed="0" regionsstable="0" regionsrebuilding="0"/>
  </mem-info>
</gc-end>
<cycle-end id="721" type="partial gc" contextid="711" timestamp="2019-06-17T07:19:46.218" />
  <attribute name="elasticGC enabled" value="1" />
  <attribute name= "numThreadsSpecified" value="4" />
  <attribute name="heapSize specified" value="0" />
  <attribute name="Current GC Util" value="27" />
  <attribute name= "Current Time Running" value="1733" />
  <attribute name ="GC Interval" value="0" />
  <attribute name="ProportionalT" value="10.500000" />
  <attribute name="ProportionalI" value="10.500000" />
  <attribute name="ProportionalH" value="10.500000" />
  <attribute name="Current Error" value="7.000000" />
  <attribute name="IntegralT" value="7.000000" />
  <attribute name="IntegralI" value="7.000000" />
  <attribute name="IntegralH" value="7.000000" />
  <attribute name="DerivativeT" value="10.500000" />
  <attribute name="DerivativeI" value="10.500000" />
  <attribute name="DerivativeH" value="10.500000" />
  <attribute name="Loop Time for DT" value="1.000000" />
  <attribute name="Output H" value="8388608"/>
  <attribute name="Output I" value="200"/>
  <attribute name="Output T" value="4"/>
  <attribute name="Target GC Util Change" value ="20.000000" />
  <attribute name="Current GC Util Change" value="27.000000"/>
  <attribute name="GC Util currently" value="27" />
  <attribute name="CPU Util currently" value="6396271281828" />
<exclusive-end id="722" timestamp="2019-06-17T07:19:46.218" durationms="7.591" />

<exclusive-start id="723" timestamp="2019-06-17T07:19:46.278" intervalms="67.998">
  <response-info timems="0.029" idlems="0.029" threads="0" lastid="0000000000D2D100" lastname="Thread-7" />
</exclusive-start>
<allocation-taxation id="724" taxation-threshold="26214400" timestamp="2019-06-17T07:19:46.278" intervalms="68.025" />
<cycle-start id="725" type="partial gc" contextid="0" timestamp="2019-06-17T07:19:46.278" intervalms="68.016" />
<gc-start id="726" type="partial gc" contextid="725" timestamp="2019-06-17T07:19:46.279">
  <mem-info id="727" free="0" total="82837504" percent="0">
    <mem type="eden" free="0" total="26214400" percent="0" />
    <arraylet-primitive objects="2" leaves="2" largest="1" />
    <remembered-set count="34720" freebytes="3167744" totalbytes="3306624" percent="95" regionsoverflowed="0" regionsstable="0" regionsrebuilding="0"/>
  </mem-info>
</gc-start>
<allocation-stats totalBytes="26211424" >
  <allocated-bytes non-tlh="0" tlh="26211424" arrayletleaf="0"/>
  <largest-consumer threadName="Thread-7" threadId="0000000000D2D100" bytes="8469600" />
</allocation-stats>
<gc-op id="728" type="mark" timems="2.179" contextid="725" timestamp="2019-06-17T07:19:46.281">
  <trace-info objectcount="20826" scancount="20826" scanbytes="775752" />
  <cardclean-info objects="9500" bytes="465312" />
  <remembered-set-cleared processed="31146" cleared="708" durationms="0.358" />
  <stringconstants candidates="4597" cleared="0"  />
  <warning details="Mark invoked due to insufficient free space for Copy-Forward" />
</gc-op>
<gc-op id="729" type="classunload" timems="0.002" contextid="725" timestamp="2019-06-17T07:19:46.281">
  <classunload-info classloadercandidates="8" classloadersunloaded="0" classesunloaded="0" anonymousclassesunloaded="0" quiescems="0.000" setupms="0.002" scanms="0.000" postms="0.000" />
</gc-op>
<gc-op id="730" type="sweep" timems="0.506" contextid="725" timestamp="2019-06-17T07:19:46.282" />
<gc-op id="731" type="compact" timems="2.734" contextid="725" timestamp="2019-06-17T07:19:46.285">
  <compact-info movecount="20545" movebytes="769016" />
  <remembered-set-cleared processed="62539" cleared="1656" durationms="0.358" />
</gc-op>
<heap-resize id="732" type="expand" space="default" amount="2097152" count="1" timems="0.081" reason="insufficient free space following gc" timestamp="2019-06-17T07:19:46.285" />
<gc-end id="733" type="partial gc" contextid="725" durationms="6.566" usertimems="12.000" systemtimems="4.000" timestamp="2019-06-17T07:19:46.285" activeThreads="4">
  <mem-info id="734" free="27262976" total="84934656" percent="32">
    <mem type="eden" free="644384" total="1048576" percent="61" />
    <arraylet-primitive objects="2" leaves="2" largest="1" />
    <remembered-set count="35648" freebytes="3247744" totalbytes="3390336" percent="95" regionsoverflowed="0" regionsstable="0" regionsrebuilding="0"/>
  </mem-info>
</gc-end>
<cycle-end id="735" type="partial gc" contextid="725" timestamp="2019-06-17T07:19:46.285" />
  <attribute name="elasticGC enabled" value="1" />
  <attribute name= "numThreadsSpecified" value="4" />
  <attribute name="heapSize specified" value="0" />
  <attribute name="Current GC Util" value="27" />
  <attribute name= "Current Time Running" value="1801" />
  <attribute name ="GC Interval" value="0" />
  <attribute name="ProportionalT" value="10.500000" />
  <attribute name="ProportionalI" value="10.500000" />
  <attribute name="ProportionalH" value="10.500000" />
  <attribute name="Current Error" value="7.000000" />
  <attribute name="IntegralT" value="7.000000" />
  <attribute name="IntegralI" value="7.000000" />
  <attribute name="IntegralH" value="7.000000" />
  <attribute name="DerivativeT" value="10.500000" />
  <attribute name="DerivativeI" value="10.500000" />
  <attribute name="DerivativeH" value="10.500000" />
  <attribute name="Loop Time for DT" value="1.000000" />
  <attribute name="Output H" value="8388608"/>
  <attribute name="Output I" value="200"/>
  <attribute name="Output T" value="4"/>
  <attribute name="Target GC Util Change" value ="20.000000" />
  <attribute name="Current GC Util Change" value="27.000000"/>
  <attribute name="GC Util currently" value="27" />
  <attribute name="CPU Util currently" value="6680949896571" />
<exclusive-end id="736" timestamp="2019-06-17T07:19:46.285" durationms="7.283" />

<exclusive-start id="737" timestamp="2019-06-17T07:19:46.344" intervalms="65.561">
  <response-info timems="0.032" idlems="0.032" threads="0" lastid="0000000000D29500" lastname="Thread-8" />
</exclusive-start>
<allocation-taxation id="738" taxation-threshold="27262976" timestamp="2019-06-17T07:19:46.344" intervalms="65.594" />
<cycle-start id="739" type="partial gc" contextid="0" timestamp="2019-06-17T07:19:46.344" intervalms="65.580" />
<gc-start id="740" type="partial gc" contextid="739" timestamp="2019-06-17T07:19:46.344">
  <mem-info id="741" free="0" total="84934656" percent="0">
    <mem type="eden" free="0" total="27262976" percent="0" />
    <arraylet-primitive objects="2" leaves="2" largest="1" />
    <remembered-set count="35552" freebytes="3248128" totalbytes="3390336" percent="95" regionsoverflowed="0" regionsstable="0" regionsrebuilding="0"/>
  </mem-info>
</gc-start>
<allocation-stats totalBytes="27259840" >
  <allocated-bytes non-tlh="0" tlh="27259840" arrayletleaf="0"/>
  <largest-consumer threadName="Thread-8" threadId="0000000000D29500" bytes="8956976" />
</allocation-stats>
<gc-op id="742" type="mark" timems="2.278" contextid="739" timestamp="2019-06-17T07:19:46.347">
  <trace-info objectcount="20855" scancount="20855" scanbytes="776672" />
  <cardclean-info objects="8825" bytes="433296" />
  <remembered-set-cleared processed="31960" cleared="764" durationms="0.399" />
  <stringconstants candidates="4597" cleared="0"  />
  <warning details="Mark invoked due to insufficient free space for Copy-Forward" />
</gc-op>
<gc-op id="743" type="classunload" timems="0.002" contextid="739" timestamp="2019-06-17T07:19:46.347">
  <classunload-info classloadercandidates="8" classloadersunloaded="0" classesunloaded="0" anonymousclassesunloaded="0" quiescems="0.000" setupms="0.002" scanms="0.000" postms="0.000" />
</gc-op>
<gc-op id="744" type="sweep" timems="0.477" contextid="739" timestamp="2019-06-17T07:19:46.348" />
<gc-op id="745" type="compact" timems="2.863" contextid="739" timestamp="2019-06-17T07:19:46.351">
  <compact-info movecount="20528" movebytes="768832" />
  <remembered-set-cleared processed="64182" cleared="1783" durationms="0.399" />
</gc-op>
<heap-resize id="746" type="expand" space="default" amount="1048576" count="1" timems="0.063" reason="insufficient free space following gc" timestamp="2019-06-17T07:19:46.351" />
<gc-end id="747" type="partial gc" contextid="739" durationms="7.054" usertimems="8.000" systemtimems="0.000" timestamp="2019-06-17T07:19:46.351" activeThreads="4">
  <mem-info id="748" free="27262976" total="85983232" percent="31">
    <mem type="eden" free="669648" total="1048576" percent="63" />
    <arraylet-primitive objects="2" leaves="2" largest="1" />
    <remembered-set count="36928" freebytes="3284480" totalbytes="3432192" percent="95" regionsoverflowed="0" regionsstable="0" regionsrebuilding="0"/>
  </mem-info>
</gc-end>
<cycle-end id="749" type="partial gc" contextid="739" timestamp="2019-06-17T07:19:46.351" />
  <attribute name="elasticGC enabled" value="1" />
  <attribute name= "numThreadsSpecified" value="4" />
  <attribute name="heapSize specified" value="0" />
  <attribute name="Current GC Util" value="32" />
  <attribute name= "Current Time Running" value="1867" />
  <attribute name ="GC Interval" value="0" />
  <attribute name="ProportionalT" value="18.000000" />
  <attribute name="ProportionalI" value="18.000000" />
  <attribute name="ProportionalH" value="18.000000" />
  <attribute name="Current Error" value="12.000000" />
  <attribute name="IntegralT" value="12.000000" />
  <attribute name="IntegralI" value="12.000000" />
  <attribute name="IntegralH" value="12.000000" />
  <attribute name="DerivativeT" value="18.000000" />
  <attribute name="DerivativeI" value="18.000000" />
  <attribute name="DerivativeH" value="18.000000" />
  <attribute name="Loop Time for DT" value="1.000000" />
  <attribute name="Output H" value="8388608"/>
  <attribute name="Output I" value="200"/>
  <attribute name="Output T" value="4"/>
  <attribute name="Target GC Util Change" value ="20.000000" />
  <attribute name="Current GC Util Change" value="32.000000"/>
  <attribute name="GC Util currently" value="32" />
  <attribute name="CPU Util currently" value="6909120613257" />
<exclusive-end id="750" timestamp="2019-06-17T07:19:46.352" durationms="7.957" />

<exclusive-start id="751" timestamp="2019-06-17T07:19:46.368" intervalms="24.762">
  <response-info timems="0.227" idlems="0.227" threads="0" lastid="0000000000D2D100" lastname="Thread-7" />
</exclusive-start>
<allocation-taxation id="752" taxation-threshold="27262976" timestamp="2019-06-17T07:19:46.369" intervalms="24.702" />
<cycle-start id="753" type="partial gc" contextid="0" timestamp="2019-06-17T07:19:46.369" intervalms="24.759" />
<gc-start id="754" type="partial gc" contextid="753" timestamp="2019-06-17T07:19:46.369">
  <mem-info id="755" free="0" total="85983232" percent="0">
    <mem type="eden" free="0" total="27262976" percent="0" />
    <arraylet-primitive objects="2" leaves="2" largest="1" />
    <remembered-set count="36704" freebytes="3285376" totalbytes="3432192" percent="95" regionsoverflowed="0" regionsstable="0" regionsrebuilding="0"/>
  </mem-info>
</gc-start>
<allocation-stats totalBytes="27259560" >
  <allocated-bytes non-tlh="0" tlh="27259560" arrayletleaf="0"/>
  <largest-consumer threadName="Thread-7" threadId="0000000000D2D100" bytes="7015680" />
</allocation-stats>
<gc-op id="756" type="mark" timems="1.837" contextid="753" timestamp="2019-06-17T07:19:46.371">
  <trace-info objectcount="13115" scancount="13115" scanbytes="453268" />
  <cardclean-info objects="8017" bytes="389808" />
  <remembered-set-cleared processed="32928" cleared="696" durationms="0.213" />
  <stringconstants candidates="4597" cleared="0"  />
  <warning details="Mark invoked due to insufficient free space for Copy-Forward" />
</gc-op>
<gc-op id="757" type="classunload" timems="0.002" contextid="753" timestamp="2019-06-17T07:19:46.371">
  <classunload-info classloadercandidates="8" classloadersunloaded="0" classesunloaded="0" anonymousclassesunloaded="0" quiescems="0.000" setupms="0.002" scanms="0.000" postms="0.000" />
</gc-op>
<gc-op id="758" type="sweep" timems="0.477" contextid="753" timestamp="2019-06-17T07:19:46.372" />
<gc-op id="759" type="compact" timems="2.592" contextid="753" timestamp="2019-06-17T07:19:46.375">
  <compact-info movecount="12971" movebytes="449816" />
  <remembered-set-cleared processed="66055" cleared="1584" durationms="0.213" />
</gc-op>
<heap-resize id="760" type="expand" space="default" amount="1048576" count="1" timems="0.064" reason="insufficient free space following gc" timestamp="2019-06-17T07:19:46.375" />
<gc-end id="761" type="partial gc" contextid="753" durationms="6.439" usertimems="8.000" systemtimems="0.000" timestamp="2019-06-17T07:19:46.375" activeThreads="4">
  <mem-info id="762" free="27262976" total="87031808" percent="31">
    <mem type="eden" free="966248" total="1048576" percent="92" />
    <arraylet-primitive objects="2" leaves="2" largest="1" />
    <remembered-set count="37600" freebytes="3323648" totalbytes="3474048" percent="95" regionsoverflowed="0" regionsstable="0" regionsrebuilding="0"/>
  </mem-info>
</gc-end>
<cycle-end id="763" type="partial gc" contextid="753" timestamp="2019-06-17T07:19:46.375" />
  <attribute name="elasticGC enabled" value="1" />
  <attribute name= "numThreadsSpecified" value="4" />
  <attribute name="heapSize specified" value="0" />
  <attribute name="Current GC Util" value="26" />
  <attribute name= "Current Time Running" value="1891" />
  <attribute name ="GC Interval" value="0" />
  <attribute name="ProportionalT" value="9.000000" />
  <attribute name="ProportionalI" value="9.000000" />
  <attribute name="ProportionalH" value="9.000000" />
  <attribute name="Current Error" value="6.000000" />
  <attribute name="IntegralT" value="0.000000" />
  <attribute name="IntegralI" value="0.000000" />
  <attribute name="IntegralH" value="0.000000" />
  <attribute name="DerivativeT" value="-inf" />
  <attribute name="DerivativeI" value="-inf" />
  <attribute name="DerivativeH" value="-inf" />
  <attribute name="Loop Time for DT" value="0.000000" />
  <attribute name="Output H" value="2091843584"/>
  <attribute name="Output I" value="200"/>
  <attribute name="Output T" value="4"/>
  <attribute name="Target GC Util Change" value ="20.000000" />
  <attribute name="Current GC Util Change" value="26.000000"/>
  <attribute name="GC Util currently" value="26" />
  <attribute name="CPU Util currently" value="6435204035034" />
<exclusive-end id="764" timestamp="2019-06-17T07:19:46.376" durationms="7.287" />

<exclusive-start id="765" timestamp="2019-06-17T07:19:46.396" intervalms="28.033">
  <response-info timems="0.028" idlems="0.028" threads="0" lastid="0000000000D2D100" lastname="Thread-7" />
</exclusive-start>
<allocation-taxation id="766" taxation-threshold="27262976" timestamp="2019-06-17T07:19:46.397" intervalms="28.043" />
<cycle-start id="767" type="partial gc" contextid="0" timestamp="2019-06-17T07:19:46.397" intervalms="28.044" />
<gc-start id="768" type="partial gc" contextid="767" timestamp="2019-06-17T07:19:46.397">
  <mem-info id="769" free="0" total="87031808" percent="0">
    <mem type="eden" free="0" total="27262976" percent="0" />
    <arraylet-primitive objects="2" leaves="2" largest="1" />
    <remembered-set count="37504" freebytes="3324032" totalbytes="3474048" percent="95" regionsoverflowed="0" regionsstable="0" regionsrebuilding="0"/>
  </mem-info>
</gc-start>
<allocation-stats totalBytes="27259696" >
  <allocated-bytes non-tlh="0" tlh="27259696" arrayletleaf="0"/>
  <largest-consumer threadName="Thread-7" threadId="0000000000D2D100" bytes="8993688" />
</allocation-stats>
<gc-op id="770" type="mark" timems="1.666" contextid="767" timestamp="2019-06-17T07:19:46.399">
  <trace-info objectcount="6674" scancount="6674" scanbytes="161440" />
  <cardclean-info objects="8985" bytes="432720" />
  <remembered-set-cleared processed="33706" cleared="628" durationms="0.226" />
  <stringconstants candidates="4597" cleared="0"  />
  <warning details="Mark invoked due to insufficient free space for Copy-Forward" />
</gc-op>
<gc-op id="771" type="classunload" timems="0.002" contextid="767" timestamp="2019-06-17T07:19:46.399">
  <classunload-info classloadercandidates="8" classloadersunloaded="0" classesunloaded="0" anonymousclassesunloaded="0" quiescems="0.000" setupms="0.002" scanms="0.000" postms="0.000" />
</gc-op>
<gc-op id="772" type="sweep" timems="0.447" contextid="767" timestamp="2019-06-17T07:19:46.400" />
<gc-op id="773" type="compact" timems="2.093" contextid="767" timestamp="2019-06-17T07:19:46.402">
  <compact-info movecount="6430" movebytes="155584" />
  <remembered-set-cleared processed="67622" cleared="1459" durationms="0.226" />
</gc-op>
<heap-resize id="774" type="expand" space="default" amount="2097152" count="1" timems="0.070" reason="insufficient free space following gc" timestamp="2019-06-17T07:19:46.403" />
<gc-end id="775" type="partial gc" contextid="767" durationms="5.732" usertimems="4.000" systemtimems="0.000" timestamp="2019-06-17T07:19:46.403" activeThreads="4">
  <mem-info id="776" free="28311552" total="89128960" percent="31">
    <mem type="eden" free="963384" total="1048576" percent="91" />
    <arraylet-primitive objects="2" leaves="2" largest="1" />
    <remembered-set count="38464" freebytes="3403904" totalbytes="3557760" percent="95" regionsoverflowed="0" regionsstable="0" regionsrebuilding="0"/>
  </mem-info>
</gc-end>
<cycle-end id="777" type="partial gc" contextid="767" timestamp="2019-06-17T07:19:46.403" />
  <attribute name="elasticGC enabled" value="1" />
  <attribute name= "numThreadsSpecified" value="4" />
  <attribute name="heapSize specified" value="0" />
  <attribute name="Current GC Util" value="27" />
  <attribute name= "Current Time Running" value="1919" />
  <attribute name ="GC Interval" value="0" />
  <attribute name="ProportionalT" value="10.500000" />
  <attribute name="ProportionalI" value="10.500000" />
  <attribute name="ProportionalH" value="10.500000" />
  <attribute name="Current Error" value="7.000000" />
  <attribute name="IntegralT" value="7.000000" />
  <attribute name="IntegralI" value="7.000000" />
  <attribute name="IntegralH" value="7.000000" />
  <attribute name="DerivativeT" value="-75.000000" />
  <attribute name="DerivativeI" value="-75.000000" />
  <attribute name="DerivativeH" value="-75.000000" />
  <attribute name="Loop Time for DT" value="1.000000" />
  <attribute name="Output H" value="2091843584"/>
  <attribute name="Output I" value="200"/>
  <attribute name="Output T" value="4"/>
  <attribute name="Target GC Util Change" value ="20.000000" />
  <attribute name="Current GC Util Change" value="27.000000"/>
  <attribute name="GC Util currently" value="27" />
  <attribute name="CPU Util currently" value="6732299879615" />
<exclusive-end id="778" timestamp="2019-06-17T07:19:46.403" durationms="6.599" />

<exclusive-start id="779" timestamp="2019-06-17T07:19:46.436" intervalms="39.182">
  <response-info timems="1.185" idlems="0.603" threads="1" lastid="0000000000D25900" lastname="Thread-10" />
</exclusive-start>
<allocation-taxation id="780" taxation-threshold="28311552" timestamp="2019-06-17T07:19:46.436" intervalms="39.147" />
<cycle-start id="781" type="partial gc" contextid="0" timestamp="2019-06-17T07:19:46.436" intervalms="39.074" />
<gc-start id="782" type="partial gc" contextid="781" timestamp="2019-06-17T07:19:46.436">
  <mem-info id="783" free="0" total="89128960" percent="0">
    <mem type="eden" free="0" total="28311552" percent="0" />
    <arraylet-primitive objects="2" leaves="2" largest="1" />
    <remembered-set count="37984" freebytes="3405824" totalbytes="3557760" percent="95" regionsoverflowed="0" regionsstable="0" regionsrebuilding="0"/>
  </mem-info>
</gc-start>
<allocation-stats totalBytes="28307720" >
  <allocated-bytes non-tlh="0" tlh="28307720" arrayletleaf="0"/>
  <largest-consumer threadName="Thread-8" threadId="0000000000D29500" bytes="8559464" />
</allocation-stats>
<gc-op id="784" type="mark" timems="1.606" contextid="781" timestamp="2019-06-17T07:19:46.438">
  <trace-info objectcount="11821" scancount="11821" scanbytes="422276" />
  <cardclean-info objects="8425" bytes="410232" />
  <remembered-set-cleared processed="34493" cleared="726" durationms="0.227" />
  <stringconstants candidates="4597" cleared="0"  />
  <warning details="Mark invoked due to insufficient free space for Copy-Forward" />
</gc-op>
<gc-op id="785" type="classunload" timems="0.002" contextid="781" timestamp="2019-06-17T07:19:46.438">
  <classunload-info classloadercandidates="8" classloadersunloaded="0" classesunloaded="0" anonymousclassesunloaded="0" quiescems="0.000" setupms="0.002" scanms="0.000" postms="0.000" />
</gc-op>
<gc-op id="786" type="sweep" timems="0.383" contextid="781" timestamp="2019-06-17T07:19:46.439" />
<gc-op id="787" type="compact" timems="1.920" contextid="781" timestamp="2019-06-17T07:19:46.441">
  <compact-info movecount="11683" movebytes="418968" />
  <remembered-set-cleared processed="69154" cleared="1613" durationms="0.227" />
</gc-op>
<heap-resize id="788" type="expand" space="default" amount="1048576" count="1" timems="0.055" reason="insufficient free space following gc" timestamp="2019-06-17T07:19:46.441" />
<gc-end id="789" type="partial gc" contextid="781" durationms="5.148" usertimems="4.000" systemtimems="0.000" timestamp="2019-06-17T07:19:46.441" activeThreads="4">
  <mem-info id="790" free="28311552" total="90177536" percent="31">
    <mem type="eden" free="704680" total="1048576" percent="67" />
    <arraylet-primitive objects="2" leaves="2" largest="1" />
    <remembered-set count="39584" freebytes="3441280" totalbytes="3599616" percent="95" regionsoverflowed="0" regionsstable="0" regionsrebuilding="0"/>
  </mem-info>
</gc-end>
<cycle-end id="791" type="partial gc" contextid="781" timestamp="2019-06-17T07:19:46.441" />
  <attribute name="elasticGC enabled" value="1" />
  <attribute name= "numThreadsSpecified" value="4" />
  <attribute name="heapSize specified" value="0" />
  <attribute name="Current GC Util" value="29" />
  <attribute name= "Current Time Running" value="1958" />
  <attribute name ="GC Interval" value="0" />
  <attribute name="ProportionalT" value="13.500000" />
  <attribute name="ProportionalI" value="13.500000" />
  <attribute name="ProportionalH" value="13.500000" />
  <attribute name="Current Error" value="9.000000" />
  <attribute name="IntegralT" value="9.000000" />
  <attribute name="IntegralI" value="9.000000" />
  <attribute name="IntegralH" value="9.000000" />
  <attribute name="DerivativeT" value="-130.500000" />
  <attribute name="DerivativeI" value="-130.500000" />
  <attribute name="DerivativeH" value="-130.500000" />
  <attribute name="Loop Time for DT" value="1.000000" />
  <attribute name="Output H" value="2091843584"/>
  <attribute name="Output I" value="200"/>
  <attribute name="Output T" value="4"/>
  <attribute name="Target GC Util Change" value ="20.000000" />
  <attribute name="Current GC Util Change" value="29.000000"/>
  <attribute name="GC Util currently" value="29" />
  <attribute name="CPU Util currently" value="7783318072849" />
<exclusive-end id="792" timestamp="2019-06-17T07:19:46.442" durationms="5.840" />

<exclusive-start id="793" timestamp="2019-06-17T07:19:46.456" intervalms="19.849">
  <response-info timems="0.056" idlems="0.056" threads="0" lastid="0000000000D21D00" lastname="Thread-9" />
</exclusive-start>
<allocation-taxation id="794" taxation-threshold="28311552" timestamp="2019-06-17T07:19:46.456" intervalms="19.859" />
<cycle-start id="795" type="partial gc" contextid="0" timestamp="2019-06-17T07:19:46.456" intervalms="19.908" />
<gc-start id="796" type="partial gc" contextid="795" timestamp="2019-06-17T07:19:46.456">
  <mem-info id="797" free="0" total="90177536" percent="0">
    <mem type="eden" free="0" total="28311552" percent="0" />
    <arraylet-primitive objects="2" leaves="2" largest="1" />
    <remembered-set count="39584" freebytes="3441280" totalbytes="3599616" percent="95" regionsoverflowed="0" regionsstable="0" regionsrebuilding="0"/>
  </mem-info>
</gc-start>
<allocation-stats totalBytes="28307760" >
  <allocated-bytes non-tlh="0" tlh="28307760" arrayletleaf="0"/>
  <largest-consumer threadName="Thread-7" threadId="0000000000D2D100" bytes="7506976" />
</allocation-stats>
<gc-op id="798" type="mark" timems="1.666" contextid="795" timestamp="2019-06-17T07:19:46.458">
  <trace-info objectcount="11056" scancount="11056" scanbytes="403964" />
  <cardclean-info objects="6651" bytes="324912" />
  <remembered-set-cleared processed="35240" cleared="713" durationms="0.365" />
  <stringconstants candidates="4597" cleared="0"  />
  <warning details="Mark invoked due to insufficient free space for Copy-Forward" />
</gc-op>
<gc-op id="799" type="classunload" timems="0.002" contextid="795" timestamp="2019-06-17T07:19:46.458">
  <classunload-info classloadercandidates="8" classloadersunloaded="0" classesunloaded="0" anonymousclassesunloaded="0" quiescems="0.000" setupms="0.002" scanms="0.000" postms="0.000" />
</gc-op>
<gc-op id="800" type="sweep" timems="0.397" contextid="795" timestamp="2019-06-17T07:19:46.459" />
<gc-op id="801" type="compact" timems="2.023" contextid="795" timestamp="2019-06-17T07:19:46.461">
  <compact-info movecount="10984" movebytes="402240" />
  <remembered-set-cleared processed="70652" cleared="1593" durationms="0.365" />
</gc-op>
<heap-resize id="802" type="expand" space="default" amount="2097152" count="1" timems="0.061" reason="insufficient free space following gc" timestamp="2019-06-17T07:19:46.461" />
<gc-end id="803" type="partial gc" contextid="795" durationms="5.249" usertimems="8.000" systemtimems="0.000" timestamp="2019-06-17T07:19:46.461" activeThreads="4">
  <mem-info id="804" free="29360128" total="92274688" percent="31">
    <mem type="eden" free="981880" total="1048576" percent="93" />
    <arraylet-primitive objects="2" leaves="2" largest="1" />
    <remembered-set count="39872" freebytes="3523840" totalbytes="3683328" percent="95" regionsoverflowed="0" regionsstable="0" regionsrebuilding="0"/>
  </mem-info>
</gc-end>
<cycle-end id="805" type="partial gc" contextid="795" timestamp="2019-06-17T07:19:46.461" />
  <attribute name="elasticGC enabled" value="1" />
  <attribute name= "numThreadsSpecified" value="4" />
  <attribute name="heapSize specified" value="0" />
  <attribute name="Current GC Util" value="30" />
  <attribute name= "Current Time Running" value="1978" />
  <attribute name ="GC Interval" value="0" />
  <attribute name="ProportionalT" value="15.000000" />
  <attribute name="ProportionalI" value="15.000000" />
  <attribute name="ProportionalH" value="15.000000" />
  <attribute name="Current Error" value="10.000000" />
  <attribute name="IntegralT" value="10.000000" />
  <attribute name="IntegralI" value="10.000000" />
  <attribute name="IntegralH" value="10.000000" />
  <attribute name="DerivativeT" value="15.000000" />
  <attribute name="DerivativeI" value="15.000000" />
  <attribute name="DerivativeH" value="15.000000" />
  <attribute name="Loop Time for DT" value="1.000000" />
  <attribute name="Output H" value="8388608"/>
  <attribute name="Output I" value="200"/>
  <attribute name="Output T" value="4"/>
  <attribute name="Target GC Util Change" value ="20.000000" />
  <attribute name="Current GC Util Change" value="30.000000"/>
  <attribute name="GC Util currently" value="30" />
  <attribute name="CPU Util currently" value="7949058454868" />
<exclusive-end id="806" timestamp="2019-06-17T07:19:46.461" durationms="5.876" />

<exclusive-start id="807" timestamp="2019-06-17T07:19:46.478" intervalms="22.397">
  <response-info timems="0.030" idlems="0.030" threads="0" lastid="0000000000D21D00" lastname="Thread-9" />
</exclusive-start>
<allocation-taxation id="808" taxation-threshold="29360128" timestamp="2019-06-17T07:19:46.478" intervalms="22.436" />
<cycle-start id="809" type="partial gc" contextid="0" timestamp="2019-06-17T07:19:46.478" intervalms="22.438" />
<gc-start id="810" type="partial gc" contextid="809" timestamp="2019-06-17T07:19:46.478">
  <mem-info id="811" free="0" total="92274688" percent="0">
    <mem type="eden" free="0" total="29360128" percent="0" />
    <arraylet-primitive objects="2" leaves="2" largest="1" />
    <remembered-set count="39616" freebytes="3524864" totalbytes="3683328" percent="95" regionsoverflowed="0" regionsstable="0" regionsrebuilding="0"/>
  </mem-info>
</gc-start>
<allocation-stats totalBytes="29355904" >
  <allocated-bytes non-tlh="0" tlh="29355904" arrayletleaf="0"/>
  <largest-consumer threadName="Thread-9" threadId="0000000000D21D00" bytes="10648072" />
</allocation-stats>
<gc-op id="812" type="mark" timems="1.762" contextid="809" timestamp="2019-06-17T07:19:46.481">
  <trace-info objectcount="11546" scancount="11546" scanbytes="415724" />
  <cardclean-info objects="6452" bytes="315360" />
  <remembered-set-cleared processed="35910" cleared="603" durationms="0.396" />
  <stringconstants candidates="4597" cleared="0"  />
  <warning details="Mark invoked due to insufficient free space for Copy-Forward" />
</gc-op>
<gc-op id="813" type="classunload" timems="0.002" contextid="809" timestamp="2019-06-17T07:19:46.481">
  <classunload-info classloadercandidates="8" classloadersunloaded="0" classesunloaded="0" anonymousclassesunloaded="0" quiescems="0.000" setupms="0.002" scanms="0.000" postms="0.000" />
</gc-op>
<gc-op id="814" type="sweep" timems="0.429" contextid="809" timestamp="2019-06-17T07:19:46.481" />
<gc-op id="815" type="compact" timems="2.629" contextid="809" timestamp="2019-06-17T07:19:46.484">
  <compact-info movecount="11515" movebytes="414984" />
  <remembered-set-cleared processed="72028" cleared="1406" durationms="0.396" />
</gc-op>
<heap-resize id="816" type="expand" space="default" amount="1048576" count="1" timems="0.056" reason="insufficient free space following gc" timestamp="2019-06-17T07:19:46.484" />
<gc-end id="817" type="partial gc" contextid="809" durationms="6.046" usertimems="4.000" systemtimems="0.000" timestamp="2019-06-17T07:19:46.484" activeThreads="1">
  <mem-info id="818" free="29360128" total="93323264" percent="31">
    <mem type="eden" free="692872" total="1048576" percent="66" />
    <arraylet-primitive objects="2" leaves="2" largest="1" />
    <remembered-set count="40544" freebytes="3563008" totalbytes="3725184" percent="95" regionsoverflowed="0" regionsstable="0" regionsrebuilding="0"/>
  </mem-info>
</gc-end>
<cycle-end id="819" type="partial gc" contextid="809" timestamp="2019-06-17T07:19:46.485" />
  <attribute name="elasticGC enabled" value="1" />
  <attribute name= "numThreadsSpecified" value="1" />
  <attribute name="heapSize specified" value="0" />
  <attribute name="Current GC Util" value="31" />
  <attribute name= "Current Time Running" value="2000" />
  <attribute name ="GC Interval" value="0" />
  <attribute name="ProportionalT" value="16.500000" />
  <attribute name="ProportionalI" value="16.500000" />
  <attribute name="ProportionalH" value="16.500000" />
  <attribute name="Current Error" value="11.000000" />
  <attribute name="IntegralT" value="0.000000" />
  <attribute name="IntegralI" value="0.000000" />
  <attribute name="IntegralH" value="0.000000" />
  <attribute name="DerivativeT" value="inf" />
  <attribute name="DerivativeI" value="inf" />
  <attribute name="DerivativeH" value="inf" />
  <attribute name="Loop Time for DT" value="0.000000" />
  <attribute name="Output H" value="8388608"/>
  <attribute name="Output I" value="200"/>
  <attribute name="Output T" value="1"/>
  <attribute name="Target GC Util Change" value ="20.000000" />
  <attribute name="Current GC Util Change" value="31.000000"/>
  <attribute name="GC Util currently" value="31" />
  <attribute name="CPU Util currently" value="7506414755570" />
<exclusive-end id="820" timestamp="2019-06-17T07:19:46.485" durationms="6.783" />

<exclusive-start id="821" timestamp="2019-06-17T07:19:46.501" intervalms="22.874">
  <response-info timems="0.044" idlems="0.044" threads="0" lastid="0000000000D25900" lastname="Thread-10" />
</exclusive-start>
<allocation-taxation id="822" taxation-threshold="29360128" timestamp="2019-06-17T07:19:46.501" intervalms="22.863" />
<cycle-start id="823" type="partial gc" contextid="0" timestamp="2019-06-17T07:19:46.501" intervalms="22.864" />
<gc-start id="824" type="partial gc" contextid="823" timestamp="2019-06-17T07:19:46.501">
  <mem-info id="825" free="0" total="93323264" percent="0">
    <mem type="eden" free="0" total="29360128" percent="0" />
    <arraylet-primitive objects="2" leaves="2" largest="1" />
    <remembered-set count="40192" freebytes="3564416" totalbytes="3725184" percent="95" regionsoverflowed="0" regionsstable="0" regionsrebuilding="0"/>
  </mem-info>
</gc-start>
<allocation-stats totalBytes="29356104" >
  <allocated-bytes non-tlh="0" tlh="29356104" arrayletleaf="0"/>
  <largest-consumer threadName="Thread-9" threadId="0000000000D21D00" bytes="10230392" />
</allocation-stats>
<gc-op id="826" type="mark" timems="2.286" contextid="823" timestamp="2019-06-17T07:19:46.504">
  <trace-info objectcount="23438" scancount="23438" scanbytes="838600" />
  <cardclean-info objects="9962" bytes="495552" />
  <remembered-set-cleared processed="36156" cleared="3233" durationms="0.403" />
  <stringconstants candidates="4597" cleared="0"  />
  <warning details="Mark invoked due to insufficient free space for Copy-Forward" />
</gc-op>
<gc-op id="827" type="classunload" timems="0.002" contextid="823" timestamp="2019-06-17T07:19:46.504">
  <classunload-info classloadercandidates="8" classloadersunloaded="0" classesunloaded="0" anonymousclassesunloaded="0" quiescems="0.000" setupms="0.002" scanms="0.000" postms="0.000" />
</gc-op>
<gc-op id="828" type="sweep" timems="0.426" contextid="823" timestamp="2019-06-17T07:19:46.505" />
<gc-op id="829" type="compact" timems="2.722" contextid="823" timestamp="2019-06-17T07:19:46.507">
  <compact-info movecount="23390" movebytes="837456" />
  <remembered-set-cleared processed="70333" cleared="4480" durationms="0.403" />
</gc-op>
<heap-resize id="830" type="expand" space="default" amount="2097152" count="1" timems="0.064" reason="insufficient free space following gc" timestamp="2019-06-17T07:19:46.508" />
<gc-end id="831" type="partial gc" contextid="823" durationms="6.670" usertimems="16.000" systemtimems="0.000" timestamp="2019-06-17T07:19:46.508" activeThreads="4">
  <mem-info id="832" free="30408704" total="95420416" percent="31">
    <mem type="eden" free="674416" total="1048576" percent="64" />
    <arraylet-primitive objects="2" leaves="2" largest="1" />
    <remembered-set count="39200" freebytes="3652096" totalbytes="3808896" percent="95" regionsoverflowed="0" regionsstable="0" regionsrebuilding="0"/>
  </mem-info>
</gc-end>
<cycle-end id="833" type="partial gc" contextid="823" timestamp="2019-06-17T07:19:46.508" />
  <attribute name="elasticGC enabled" value="1" />
  <attribute name= "numThreadsSpecified" value="4" />
  <attribute name="heapSize specified" value="0" />
  <attribute name="Current GC Util" value="32" />
  <attribute name= "Current Time Running" value="2024" />
  <attribute name ="GC Interval" value="0" />
  <attribute name="ProportionalT" value="18.000000" />
  <attribute name="ProportionalI" value="18.000000" />
  <attribute name="ProportionalH" value="18.000000" />
  <attribute name="Current Error" value="12.000000" />
  <attribute name="IntegralT" value="12.000000" />
  <attribute name="IntegralI" value="12.000000" />
  <attribute name="IntegralH" value="12.000000" />
  <attribute name="DerivativeT" value="18.000000" />
  <attribute name="DerivativeI" value="18.000000" />
  <attribute name="DerivativeH" value="18.000000" />
  <attribute name="Loop Time for DT" value="1.000000" />
  <attribute name="Output H" value="8388608"/>
  <attribute name="Output I" value="200"/>
  <attribute name="Output T" value="4"/>
  <attribute name="Target GC Util Change" value ="20.000000" />
  <attribute name="Current GC Util Change" value="32.000000"/>
  <attribute name="GC Util currently" value="32" />
  <attribute name="CPU Util currently" value="7568379363056" />
<exclusive-end id="834" timestamp="2019-06-17T07:19:46.508" durationms="7.412" />

<exclusive-start id="835" timestamp="2019-06-17T07:19:46.522" intervalms="20.963">
  <response-info timems="0.061" idlems="0.034" threads="1" lastid="0000000000D25900" lastname="Thread-10" />
</exclusive-start>
<allocation-taxation id="836" taxation-threshold="30408704" timestamp="2019-06-17T07:19:46.522" intervalms="20.958" />
<cycle-start id="837" type="partial gc" contextid="0" timestamp="2019-06-17T07:19:46.522" intervalms="20.981" />
<gc-start id="838" type="partial gc" contextid="837" timestamp="2019-06-17T07:19:46.522">
  <mem-info id="839" free="0" total="95420416" percent="0">
    <mem type="eden" free="0" total="30408704" percent="0" />
    <arraylet-primitive objects="2" leaves="2" largest="1" />
    <remembered-set count="39040" freebytes="3652736" totalbytes="3808896" percent="95" regionsoverflowed="0" regionsstable="0" regionsrebuilding="0"/>
  </mem-info>
</gc-start>
<allocation-stats totalBytes="30404704" >
  <allocated-bytes non-tlh="0" tlh="30404704" arrayletleaf="0"/>
  <largest-consumer threadName="Thread-9" threadId="0000000000D21D00" bytes="8076248" />
</allocation-stats>
<gc-op id="840" type="mark" timems="1.906" contextid="837" timestamp="2019-06-17T07:19:46.525">
  <trace-info objectcount="24799" scancount="24799" scanbytes="871168" />
  <cardclean-info objects="11842" bytes="585456" />
  <remembered-set-cleared processed="34538" cleared="1027" durationms="0.226" />
  <stringconstants candidates="4597" cleared="0"  />
  <warning details="Mark invoked due to insufficient free space for Copy-Forward" />
</gc-op>
<gc-op id="841" type="classunload" timems="0.002" contextid="837" timestamp="2019-06-17T07:19:46.525">
  <classunload-info classloadercandidates="8" classloadersunloaded="0" classesunloaded="0" anonymousclassesunloaded="0" quiescems="0.000" setupms="0.002" scanms="0.000" postms="0.000" />
</gc-op>
<gc-op id="842" type="sweep" timems="0.415" contextid="837" timestamp="2019-06-17T07:19:46.525" />
<gc-op id="843" type="compact" timems="2.664" contextid="837" timestamp="2019-06-17T07:19:46.528">
  <compact-info movecount="19559" movebytes="713592" />
  <remembered-set-cleared processed="69364" cleared="2334" durationms="0.226" />
</gc-op>
<heap-resize id="844" type="expand" space="default" amount="1048576" count="1" timems="0.056" reason="insufficient free space following gc" timestamp="2019-06-17T07:19:46.528" />
<gc-end id="845" type="partial gc" contextid="837" durationms="6.197" usertimems="12.000" systemtimems="4.000" timestamp="2019-06-17T07:19:46.528" activeThreads="4">
  <mem-info id="846" free="30408704" total="96468992" percent="31">
    <mem type="eden" free="659896" total="1048576" percent="62" />
    <arraylet-primitive objects="2" leaves="2" largest="1" />
    <remembered-set count="39392" freebytes="3693184" totalbytes="3850752" percent="95" regionsoverflowed="0" regionsstable="0" regionsrebuilding="0"/>
  </mem-info>
</gc-end>
<cycle-end id="847" type="partial gc" contextid="837" timestamp="2019-06-17T07:19:46.529" />
  <attribute name="elasticGC enabled" value="1" />
  <attribute name= "numThreadsSpecified" value="4" />
  <attribute name="heapSize specified" value="0" />
  <attribute name="Current GC Util" value="29" />
  <attribute name= "Current Time Running" value="2044" />
  <attribute name ="GC Interval" value="0" />
  <attribute name="ProportionalT" value="13.500000" />
  <attribute name="ProportionalI" value="13.500000" />
  <attribute name="ProportionalH" value="13.500000" />
  <attribute name="Current Error" value="9.000000" />
  <attribute name="IntegralT" value="0.000000" />
  <attribute name="IntegralI" value="0.000000" />
  <attribute name="IntegralH" value="0.000000" />
  <attribute name="DerivativeT" value="-inf" />
  <attribute name="DerivativeI" value="-inf" />
  <attribute name="DerivativeH" value="-inf" />
  <attribute name="Loop Time for DT" value="0.000000" />
  <attribute name="Output H" value="2091843584"/>
  <attribute name="Output I" value="200"/>
  <attribute name="Output T" value="4"/>
  <attribute name="Target GC Util Change" value ="20.000000" />
  <attribute name="Current GC Util Change" value="29.000000"/>
  <attribute name="GC Util currently" value="29" />
  <attribute name="CPU Util currently" value="7711720552435" />
<exclusive-end id="848" timestamp="2019-06-17T07:19:46.529" durationms="6.999" />

<exclusive-start id="849" timestamp="2019-06-17T07:19:46.545" intervalms="23.353">
  <response-info timems="0.056" idlems="0.056" threads="0" lastid="0000000000D25900" lastname="Thread-10" />
</exclusive-start>
<allocation-taxation id="850" taxation-threshold="30408704" timestamp="2019-06-17T07:19:46.545" intervalms="23.353" />
<cycle-start id="851" type="partial gc" contextid="0" timestamp="2019-06-17T07:19:46.545" intervalms="23.322" />
<gc-start id="852" type="partial gc" contextid="851" timestamp="2019-06-17T07:19:46.546">
  <mem-info id="853" free="0" total="96468992" percent="0">
    <mem type="eden" free="0" total="30408704" percent="0" />
    <arraylet-primitive objects="2" leaves="2" largest="1" />
    <remembered-set count="39360" freebytes="3693312" totalbytes="3850752" percent="95" regionsoverflowed="0" regionsstable="0" regionsrebuilding="0"/>
  </mem-info>
</gc-start>
<allocation-stats totalBytes="30404416" >
  <allocated-bytes non-tlh="0" tlh="30404416" arrayletleaf="0"/>
  <largest-consumer threadName="Thread-8" threadId="0000000000D29500" bytes="10205712" />
</allocation-stats>
<gc-op id="854" type="mark" timems="1.964" contextid="851" timestamp="2019-06-17T07:19:46.548">
  <trace-info objectcount="15903" scancount="15903" scanbytes="520100" />
  <cardclean-info objects="7726" bytes="375744" />
  <remembered-set-cleared processed="35886" cleared="683" durationms="0.398" />
  <stringconstants candidates="4597" cleared="0"  />
  <warning details="Mark invoked due to insufficient free space for Copy-Forward" />
</gc-op>
<gc-op id="855" type="classunload" timems="0.002" contextid="851" timestamp="2019-06-17T07:19:46.548">
  <classunload-info classloadercandidates="8" classloadersunloaded="0" classesunloaded="0" anonymousclassesunloaded="0" quiescems="0.000" setupms="0.002" scanms="0.000" postms="0.000" />
</gc-op>
<gc-op id="856" type="sweep" timems="0.416" contextid="851" timestamp="2019-06-17T07:19:46.549" />
<gc-op id="857" type="compact" timems="2.331" contextid="851" timestamp="2019-06-17T07:19:46.551">
  <compact-info movecount="15638" movebytes="513744" />
  <remembered-set-cleared processed="72025" cleared="1612" durationms="0.398" />
</gc-op>
<heap-resize id="858" type="expand" space="default" amount="1048576" count="1" timems="0.057" reason="insufficient free space following gc" timestamp="2019-06-17T07:19:46.551" />
<gc-end id="859" type="partial gc" contextid="851" durationms="5.937" usertimems="12.000" systemtimems="0.000" timestamp="2019-06-17T07:19:46.551" activeThreads="4">
  <mem-info id="860" free="30408704" total="97517568" percent="31">
    <mem type="eden" free="910216" total="1048576" percent="86" />
    <arraylet-primitive objects="2" leaves="2" largest="1" />
    <remembered-set count="41152" freebytes="3728000" totalbytes="3892608" percent="95" regionsoverflowed="0" regionsstable="0" regionsrebuilding="0"/>
  </mem-info>
</gc-end>
<cycle-end id="861" type="partial gc" contextid="851" timestamp="2019-06-17T07:19:46.552" />
  <attribute name="elasticGC enabled" value="1" />
  <attribute name= "numThreadsSpecified" value="4" />
  <attribute name="heapSize specified" value="0" />
  <attribute name="Current GC Util" value="31" />
  <attribute name= "Current Time Running" value="2068" />
  <attribute name ="GC Interval" value="0" />
  <attribute name="ProportionalT" value="16.500000" />
  <attribute name="ProportionalI" value="16.500000" />
  <attribute name="ProportionalH" value="16.500000" />
  <attribute name="Current Error" value="11.000000" />
  <attribute name="IntegralT" value="11.000000" />
  <attribute name="IntegralI" value="11.000000" />
  <attribute name="IntegralH" value="11.000000" />
  <attribute name="DerivativeT" value="16.500000" />
  <attribute name="DerivativeI" value="16.500000" />
  <attribute name="DerivativeH" value="16.500000" />
  <attribute name="Loop Time for DT" value="1.000000" />
  <attribute name="Output H" value="8388608"/>
  <attribute name="Output I" value="200"/>
  <attribute name="Output T" value="4"/>
  <attribute name="Target GC Util Change" value ="20.000000" />
  <attribute name="Current GC Util Change" value="31.000000"/>
  <attribute name="GC Util currently" value="31" />
  <attribute name="CPU Util currently" value="7648715630054" />
<exclusive-end id="862" timestamp="2019-06-17T07:19:46.552" durationms="6.657" />

<exclusive-start id="863" timestamp="2019-06-17T07:19:46.566" intervalms="20.909">
  <response-info timems="0.041" idlems="0.041" threads="0" lastid="0000000000D29500" lastname="Thread-8" />
</exclusive-start>
<allocation-taxation id="864" taxation-threshold="30408704" timestamp="2019-06-17T07:19:46.566" intervalms="20.921" />
<cycle-start id="865" type="partial gc" contextid="0" timestamp="2019-06-17T07:19:46.566" intervalms="20.928" />
<gc-start id="866" type="partial gc" contextid="865" timestamp="2019-06-17T07:19:46.566">
  <mem-info id="867" free="0" total="97517568" percent="0">
    <mem type="eden" free="0" total="30408704" percent="0" />
    <arraylet-primitive objects="2" leaves="2" largest="1" />
    <remembered-set count="40704" freebytes="3729792" totalbytes="3892608" percent="95" regionsoverflowed="0" regionsstable="0" regionsrebuilding="0"/>
  </mem-info>
</gc-start>
<allocation-stats totalBytes="30404800" >
  <allocated-bytes non-tlh="0" tlh="30404800" arrayletleaf="0"/>
  <largest-consumer threadName="Thread-8" threadId="0000000000D29500" bytes="10226296" />
</allocation-stats>
<gc-op id="868" type="mark" timems="2.409" contextid="865" timestamp="2019-06-17T07:19:46.569">
  <trace-info objectcount="27077" scancount="27077" scanbytes="1063388" />
  <cardclean-info objects="10363" bytes="510288" />
  <remembered-set-cleared processed="36636" cleared="771" durationms="0.416" />
  <stringconstants candidates="4597" cleared="0"  />
  <warning details="Mark invoked due to insufficient free space for Copy-Forward" />
</gc-op>
<gc-op id="869" type="classunload" timems="0.002" contextid="865" timestamp="2019-06-17T07:19:46.569">
  <classunload-info classloadercandidates="8" classloadersunloaded="0" classesunloaded="0" anonymousclassesunloaded="0" quiescems="0.000" setupms="0.002" scanms="0.000" postms="0.000" />
</gc-op>
<gc-op id="870" type="sweep" timems="0.401" contextid="865" timestamp="2019-06-17T07:19:46.570" />
<gc-op id="871" type="compact" timems="4.016" contextid="865" timestamp="2019-06-17T07:19:46.574">
  <compact-info movecount="27068" movebytes="1063184" />
  <remembered-set-cleared processed="73560" cleared="1823" durationms="0.416" />
</gc-op>
<heap-resize id="872" type="expand" space="default" amount="2097152" count="1" timems="0.063" reason="insufficient free space following gc" timestamp="2019-06-17T07:19:46.574" />
<gc-end id="873" type="partial gc" contextid="865" durationms="8.063" usertimems="4.000" systemtimems="4.000" timestamp="2019-06-17T07:19:46.575" activeThreads="1">
  <mem-info id="874" free="31457280" total="99614720" percent="31">
    <mem type="eden" free="117464" total="1048576" percent="11" />
    <arraylet-primitive objects="2" leaves="2" largest="1" />
    <remembered-set count="41632" freebytes="3809792" totalbytes="3976320" percent="95" regionsoverflowed="0" regionsstable="0" regionsrebuilding="0"/>
  </mem-info>
</gc-end>
<cycle-end id="875" type="partial gc" contextid="865" timestamp="2019-06-17T07:19:46.575" />
  <attribute name="elasticGC enabled" value="1" />
  <attribute name= "numThreadsSpecified" value="1" />
  <attribute name="heapSize specified" value="0" />
  <attribute name="Current GC Util" value="29" />
  <attribute name= "Current Time Running" value="2089" />
  <attribute name ="GC Interval" value="0" />
  <attribute name="ProportionalT" value="13.500000" />
  <attribute name="ProportionalI" value="13.500000" />
  <attribute name="ProportionalH" value="13.500000" />
  <attribute name="Current Error" value="9.000000" />
  <attribute name="IntegralT" value="0.000000" />
  <attribute name="IntegralI" value="0.000000" />
  <attribute name="IntegralH" value="0.000000" />
  <attribute name="DerivativeT" value="inf" />
  <attribute name="DerivativeI" value="inf" />
  <attribute name="DerivativeH" value="inf" />
  <attribute name="Loop Time for DT" value="0.000000" />
  <attribute name="Output H" value="8388608"/>
  <attribute name="Output I" value="200"/>
  <attribute name="Output T" value="1"/>
  <attribute name="Target GC Util Change" value ="20.000000" />
  <attribute name="Current GC Util Change" value="29.000000"/>
  <attribute name="GC Util currently" value="29" />
  <attribute name="CPU Util currently" value="7878631442075" />
<exclusive-end id="876" timestamp="2019-06-17T07:19:46.575" durationms="8.835" />

<exclusive-start id="877" timestamp="2019-06-17T07:19:46.595" intervalms="29.005">
  <response-info timems="0.042" idlems="0.042" threads="0" lastid="0000000000D2D100" lastname="Thread-7" />
</exclusive-start>
<allocation-taxation id="878" taxation-threshold="31457280" timestamp="2019-06-17T07:19:46.595" intervalms="29.030" />
<cycle-start id="879" type="partial gc" contextid="0" timestamp="2019-06-17T07:19:46.595" intervalms="29.057" />
<gc-start id="880" type="partial gc" contextid="879" timestamp="2019-06-17T07:19:46.596">
  <mem-info id="881" free="0" total="99614720" percent="0">
    <mem type="eden" free="0" total="31457280" percent="0" />
    <arraylet-primitive objects="2" leaves="2" largest="1" />
    <remembered-set count="41376" freebytes="3810816" totalbytes="3976320" percent="95" regionsoverflowed="0" regionsstable="0" regionsrebuilding="0"/>
  </mem-info>
</gc-start>
<allocation-stats totalBytes="31453312" >
  <allocated-bytes non-tlh="0" tlh="31453312" arrayletleaf="0"/>
  <largest-consumer threadName="Thread-10" threadId="0000000000D25900" bytes="11487880" />
</allocation-stats>
<gc-op id="882" type="mark" timems="2.478" contextid="879" timestamp="2019-06-17T07:19:46.599">
  <trace-info objectcount="33177" scancount="33177" scanbytes="1346480" />
  <cardclean-info objects="4773" bytes="246480" />
  <remembered-set-cleared processed="37715" cleared="734" durationms="0.422" />
  <stringconstants candidates="4597" cleared="0"  />
  <warning details="Mark invoked due to insufficient free space for Copy-Forward" />
</gc-op>
<gc-op id="883" type="classunload" timems="0.002" contextid="879" timestamp="2019-06-17T07:19:46.599">
  <classunload-info classloadercandidates="8" classloadersunloaded="0" classesunloaded="0" anonymousclassesunloaded="0" quiescems="0.000" setupms="0.002" scanms="0.000" postms="0.000" />
</gc-op>
<gc-op id="884" type="sweep" timems="0.435" contextid="879" timestamp="2019-06-17T07:19:46.599" />
<gc-op id="885" type="compact" timems="4.518" contextid="879" timestamp="2019-06-17T07:19:46.604">
  <compact-info movecount="33161" movebytes="1346112" />
  <remembered-set-cleared processed="75747" cleared="1779" durationms="0.422" />
</gc-op>
<heap-resize id="886" type="expand" space="default" amount="1048576" count="1" timems="0.056" reason="insufficient free space following gc" timestamp="2019-06-17T07:19:46.604" />
<gc-end id="887" type="partial gc" contextid="879" durationms="8.660" usertimems="12.000" systemtimems="4.000" timestamp="2019-06-17T07:19:46.604" activeThreads="1">
  <mem-info id="888" free="31457280" total="100663296" percent="31">
    <mem type="eden" free="625120" total="1048576" percent="59" />
    <arraylet-primitive objects="2" leaves="2" largest="1" />
    <remembered-set count="42784" freebytes="3847040" totalbytes="4018176" percent="95" regionsoverflowed="0" regionsstable="0" regionsrebuilding="0"/>
  </mem-info>
</gc-end>
<cycle-end id="889" type="partial gc" contextid="879" timestamp="2019-06-17T07:19:46.604" />
  <attribute name="elasticGC enabled" value="1" />
  <attribute name= "numThreadsSpecified" value="1" />
  <attribute name="heapSize specified" value="0" />
  <attribute name="Current GC Util" value="32" />
  <attribute name= "Current Time Running" value="2118" />
  <attribute name ="GC Interval" value="0" />
  <attribute name="ProportionalT" value="18.000000" />
  <attribute name="ProportionalI" value="18.000000" />
  <attribute name="ProportionalH" value="18.000000" />
  <attribute name="Current Error" value="12.000000" />
  <attribute name="IntegralT" value="0.000000" />
  <attribute name="IntegralI" value="0.000000" />
  <attribute name="IntegralH" value="0.000000" />
  <attribute name="DerivativeT" value="inf" />
  <attribute name="DerivativeI" value="inf" />
  <attribute name="DerivativeH" value="inf" />
  <attribute name="Loop Time for DT" value="0.000000" />
  <attribute name="Output H" value="8388608"/>
  <attribute name="Output I" value="200"/>
  <attribute name="Output T" value="1"/>
  <attribute name="Target GC Util Change" value ="20.000000" />
  <attribute name="Current GC Util Change" value="32.000000"/>
  <attribute name="GC Util currently" value="32" />
  <attribute name="CPU Util currently" value="7440699471322" />
<exclusive-end id="890" timestamp="2019-06-17T07:19:46.605" durationms="9.591" />

<exclusive-start id="891" timestamp="2019-06-17T07:19:46.621" intervalms="26.048">
  <response-info timems="0.201" idlems="0.201" threads="0" lastid="0000000000D2D100" lastname="Thread-7" />
</exclusive-start>
<allocation-taxation id="892" taxation-threshold="31457280" timestamp="2019-06-17T07:19:46.621" intervalms="26.041" />
<cycle-start id="893" type="partial gc" contextid="0" timestamp="2019-06-17T07:19:46.621" intervalms="25.997" />
<gc-start id="894" type="partial gc" contextid="893" timestamp="2019-06-17T07:19:46.622">
  <mem-info id="895" free="0" total="100663296" percent="0">
    <mem type="eden" free="0" total="31457280" percent="0" />
    <arraylet-primitive objects="2" leaves="2" largest="1" />
    <remembered-set count="42432" freebytes="3848448" totalbytes="4018176" percent="95" regionsoverflowed="0" regionsstable="0" regionsrebuilding="0"/>
  </mem-info>
</gc-start>
<allocation-stats totalBytes="31452824" >
  <allocated-bytes non-tlh="0" tlh="31452824" arrayletleaf="0"/>
  <largest-consumer threadName="Thread-10" threadId="0000000000D25900" bytes="11287040" />
</allocation-stats>
<gc-op id="896" type="mark" timems="2.228" contextid="893" timestamp="2019-06-17T07:19:46.624">
  <trace-info objectcount="23161" scancount="23161" scanbytes="832064" />
  <cardclean-info objects="9778" bytes="478632" />
  <remembered-set-cleared processed="38459" cleared="586" durationms="0.426" />
  <stringconstants candidates="4597" cleared="0"  />
  <warning details="Mark invoked due to insufficient free space for Copy-Forward" />
</gc-op>
<gc-op id="897" type="classunload" timems="0.002" contextid="893" timestamp="2019-06-17T07:19:46.624">
  <classunload-info classloadercandidates="8" classloadersunloaded="0" classesunloaded="0" anonymousclassesunloaded="0" quiescems="0.000" setupms="0.002" scanms="0.000" postms="0.000" />
</gc-op>
<gc-op id="898" type="sweep" timems="0.412" contextid="893" timestamp="2019-06-17T07:19:46.625" />
<gc-op id="899" type="compact" timems="2.808" contextid="893" timestamp="2019-06-17T07:19:46.628">
  <compact-info movecount="22445" movebytes="814888" />
  <remembered-set-cleared processed="77184" cleared="1431" durationms="0.426" />
</gc-op>
<heap-resize id="900" type="expand" space="default" amount="2097152" count="1" timems="0.064" reason="insufficient free space following gc" timestamp="2019-06-17T07:19:46.628" />
<gc-end id="901" type="partial gc" contextid="893" durationms="6.703" usertimems="16.000" systemtimems="0.000" timestamp="2019-06-17T07:19:46.628" activeThreads="4">
  <mem-info id="902" free="32505856" total="102760448" percent="31">
    <mem type="eden" free="636120" total="1048576" percent="60" />
    <arraylet-primitive objects="2" leaves="2" largest="1" />
    <remembered-set count="43360" freebytes="3928448" totalbytes="4101888" percent="95" regionsoverflowed="0" regionsstable="0" regionsrebuilding="0"/>
  </mem-info>
</gc-end>
<cycle-end id="903" type="partial gc" contextid="893" timestamp="2019-06-17T07:19:46.628" />
  <attribute name="elasticGC enabled" value="1" />
  <attribute name= "numThreadsSpecified" value="4" />
  <attribute name="heapSize specified" value="0" />
  <attribute name="Current GC Util" value="30" />
  <attribute name= "Current Time Running" value="2144" />
  <attribute name ="GC Interval" value="0" />
  <attribute name="ProportionalT" value="15.000000" />
  <attribute name="ProportionalI" value="15.000000" />
  <attribute name="ProportionalH" value="15.000000" />
  <attribute name="Current Error" value="10.000000" />
  <attribute name="IntegralT" value="10.000000" />
  <attribute name="IntegralI" value="10.000000" />
  <attribute name="IntegralH" value="10.000000" />
  <attribute name="DerivativeT" value="15.000000" />
  <attribute name="DerivativeI" value="15.000000" />
  <attribute name="DerivativeH" value="15.000000" />
  <attribute name="Loop Time for DT" value="1.000000" />
  <attribute name="Output H" value="8388608"/>
  <attribute name="Output I" value="200"/>
  <attribute name="Output T" value="4"/>
  <attribute name="Target GC Util Change" value ="20.000000" />
  <attribute name="Current GC Util Change" value="30.000000"/>
  <attribute name="GC Util currently" value="30" />
  <attribute name="CPU Util currently" value="7745759876028" />
<exclusive-end id="904" timestamp="2019-06-17T07:19:46.629" durationms="7.496" />

<exclusive-start id="905" timestamp="2019-06-17T07:19:46.647" intervalms="25.614">
  <response-info timems="0.065" idlems="0.065" threads="1" lastid="0000000000D25900" lastname="Thread-10" />
</exclusive-start>
<allocation-taxation id="906" taxation-threshold="32505856" timestamp="2019-06-17T07:19:46.647" intervalms="25.598" />
<cycle-start id="907" type="partial gc" contextid="0" timestamp="2019-06-17T07:19:46.647" intervalms="25.638" />
<gc-start id="908" type="partial gc" contextid="907" timestamp="2019-06-17T07:19:46.647">
  <mem-info id="909" free="0" total="102760448" percent="0">
    <mem type="eden" free="0" total="32505856" percent="0" />
    <arraylet-primitive objects="2" leaves="2" largest="1" />
    <remembered-set count="43264" freebytes="3928832" totalbytes="4101888" percent="95" regionsoverflowed="0" regionsstable="0" regionsrebuilding="0"/>
  </mem-info>
</gc-start>
<allocation-stats totalBytes="32501112" >
  <allocated-bytes non-tlh="0" tlh="32501112" arrayletleaf="0"/>
  <largest-consumer threadName="Thread-7" threadId="0000000000D2D100" bytes="11315560" />
</allocation-stats>
<gc-op id="910" type="mark" timems="2.200" contextid="907" timestamp="2019-06-17T07:19:46.650">
  <trace-info objectcount="21912" scancount="21912" scanbytes="801976" />
  <cardclean-info objects="11184" bytes="545856" />
  <remembered-set-cleared processed="39466" cleared="656" durationms="0.437" />
  <stringconstants candidates="4597" cleared="0"  />
  <warning details="Mark invoked due to insufficient free space for Copy-Forward" />
</gc-op>
<gc-op id="911" type="classunload" timems="0.002" contextid="907" timestamp="2019-06-17T07:19:46.650">
  <classunload-info classloadercandidates="8" classloadersunloaded="0" classesunloaded="0" anonymousclassesunloaded="0" quiescems="0.000" setupms="0.002" scanms="0.000" postms="0.000" />
</gc-op>
<gc-op id="912" type="sweep" timems="0.402" contextid="907" timestamp="2019-06-17T07:19:46.650" />
<gc-op id="913" type="compact" timems="2.621" contextid="907" timestamp="2019-06-17T07:19:46.653">
  <compact-info movecount="21842" movebytes="800304" />
  <remembered-set-cleared processed="79088" cleared="1462" durationms="0.437" />
</gc-op>
<heap-resize id="914" type="expand" space="default" amount="1048576" count="1" timems="0.057" reason="insufficient free space following gc" timestamp="2019-06-17T07:19:46.654" />
<gc-end id="915" type="partial gc" contextid="907" durationms="6.480" usertimems="16.000" systemtimems="0.000" timestamp="2019-06-17T07:19:46.654" activeThreads="4">
  <mem-info id="916" free="32505856" total="103809024" percent="31">
    <mem type="eden" free="359032" total="1048576" percent="34" />
    <arraylet-primitive objects="2" leaves="2" largest="1" />
    <remembered-set count="44288" freebytes="3966592" totalbytes="4143744" percent="95" regionsoverflowed="0" regionsstable="0" regionsrebuilding="0"/>
  </mem-info>
</gc-end>
<cycle-end id="917" type="partial gc" contextid="907" timestamp="2019-06-17T07:19:46.654" />
  <attribute name="elasticGC enabled" value="1" />
  <attribute name= "numThreadsSpecified" value="4" />
  <attribute name="heapSize specified" value="0" />
  <attribute name="Current GC Util" value="29" />
  <attribute name= "Current Time Running" value="2170" />
  <attribute name ="GC Interval" value="0" />
  <attribute name="ProportionalT" value="13.500000" />
  <attribute name="ProportionalI" value="13.500000" />
  <attribute name="ProportionalH" value="13.500000" />
  <attribute name="Current Error" value="9.000000" />
  <attribute name="IntegralT" value="9.000000" />
  <attribute name="IntegralI" value="9.000000" />
  <attribute name="IntegralH" value="9.000000" />
  <attribute name="DerivativeT" value="13.500000" />
  <attribute name="DerivativeI" value="13.500000" />
  <attribute name="DerivativeH" value="13.500000" />
  <attribute name="Loop Time for DT" value="1.000000" />
  <attribute name="Output H" value="8388608"/>
  <attribute name="Output I" value="200"/>
  <attribute name="Output T" value="4"/>
  <attribute name="Target GC Util Change" value ="20.000000" />
  <attribute name="Current GC Util Change" value="29.000000"/>
  <attribute name="GC Util currently" value="29" />
  <attribute name="CPU Util currently" value="7806414164732" />
<exclusive-end id="918" timestamp="2019-06-17T07:19:46.654" durationms="7.291" />

<exclusive-start id="919" timestamp="2019-06-17T07:19:46.669" intervalms="22.372">
  <response-info timems="0.065" idlems="0.065" threads="0" lastid="0000000000D25900" lastname="Thread-10" />
</exclusive-start>
<allocation-taxation id="920" taxation-threshold="32505856" timestamp="2019-06-17T07:19:46.669" intervalms="22.370" />
<cycle-start id="921" type="partial gc" contextid="0" timestamp="2019-06-17T07:19:46.669" intervalms="22.339" />
<gc-start id="922" type="partial gc" contextid="921" timestamp="2019-06-17T07:19:46.670">
  <mem-info id="923" free="0" total="103809024" percent="0">
    <mem type="eden" free="0" total="32505856" percent="0" />
    <arraylet-primitive objects="2" leaves="2" largest="1" />
    <remembered-set count="44096" freebytes="3967360" totalbytes="4143744" percent="95" regionsoverflowed="0" regionsstable="0" regionsrebuilding="0"/>
  </mem-info>
</gc-start>
<allocation-stats totalBytes="32501168" >
  <allocated-bytes non-tlh="0" tlh="32501168" arrayletleaf="0"/>
  <largest-consumer threadName="Thread-9" threadId="0000000000D21D00" bytes="9579176" />
</allocation-stats>
<gc-op id="924" type="mark" timems="2.861" contextid="921" timestamp="2019-06-17T07:19:46.673">
  <trace-info objectcount="39699" scancount="39697" scanbytes="1366052" />
  <cardclean-info objects="12835" bytes="629400" />
  <remembered-set-cleared processed="39629" cleared="837" durationms="0.427" />
  <stringconstants candidates="4597" cleared="0"  />
  <warning details="Mark invoked due to insufficient free space for Copy-Forward" />
</gc-op>
<gc-op id="925" type="classunload" timems="0.002" contextid="921" timestamp="2019-06-17T07:19:46.673">
  <classunload-info classloadercandidates="8" classloadersunloaded="0" classesunloaded="0" anonymousclassesunloaded="0" quiescems="0.000" setupms="0.002" scanms="0.000" postms="0.000" />
</gc-op>
<gc-op id="926" type="sweep" timems="0.416" contextid="921" timestamp="2019-06-17T07:19:46.673" />
<gc-op id="927" type="compact" timems="3.233" contextid="921" timestamp="2019-06-17T07:19:46.677">
  <compact-info movecount="31438" movebytes="1160552" />
  <remembered-set-cleared processed="79570" cleared="1979" durationms="0.427" />
</gc-op>
<heap-resize id="928" type="expand" space="default" amount="3145728" count="1" timems="0.068" reason="insufficient free space following gc" timestamp="2019-06-17T07:19:46.677" />
<gc-end id="929" type="partial gc" contextid="921" durationms="7.766" usertimems="0.000" systemtimems="8.000" timestamp="2019-06-17T07:19:46.677" activeThreads="4">
  <mem-info id="930" free="34603008" total="106954752" percent="32">
    <mem type="eden" free="477080" total="1048576" percent="45" />
    <arraylet-primitive objects="2" leaves="2" largest="1" />
    <remembered-set count="45824" freebytes="4086016" totalbytes="4269312" percent="95" regionsoverflowed="0" regionsstable="0" regionsrebuilding="0"/>
  </mem-info>
</gc-end>
<cycle-end id="931" type="partial gc" contextid="921" timestamp="2019-06-17T07:19:46.677" />
  <attribute name="elasticGC enabled" value="1" />
  <attribute name= "numThreadsSpecified" value="4" />
  <attribute name="heapSize specified" value="0" />
  <attribute name="Current GC Util" value="31" />
  <attribute name= "Current Time Running" value="2193" />
  <attribute name ="GC Interval" value="0" />
  <attribute name="ProportionalT" value="16.500000" />
  <attribute name="ProportionalI" value="16.500000" />
  <attribute name="ProportionalH" value="16.500000" />
  <attribute name="Current Error" value="11.000000" />
  <attribute name="IntegralT" value="11.000000" />
  <attribute name="IntegralI" value="11.000000" />
  <attribute name="IntegralH" value="11.000000" />
  <attribute name="DerivativeT" value="16.500000" />
  <attribute name="DerivativeI" value="16.500000" />
  <attribute name="DerivativeH" value="16.500000" />
  <attribute name="Loop Time for DT" value="1.000000" />
  <attribute name="Output H" value="8388608"/>
  <attribute name="Output I" value="200"/>
  <attribute name="Output T" value="4"/>
  <attribute name="Target GC Util Change" value ="20.000000" />
  <attribute name="Current GC Util Change" value="31.000000"/>
  <attribute name="GC Util currently" value="31" />
  <attribute name="CPU Util currently" value="7677058823884" />
<exclusive-end id="932" timestamp="2019-06-17T07:19:46.678" durationms="8.543" />

<exclusive-start id="933" timestamp="2019-06-17T07:19:46.691" intervalms="21.964">
  <response-info timems="0.041" idlems="0.041" threads="0" lastid="0000000000D2D100" lastname="Thread-7" />
</exclusive-start>
<allocation-taxation id="934" taxation-threshold="33554432" timestamp="2019-06-17T07:19:46.691" intervalms="21.957" />
<cycle-start id="935" type="partial gc" contextid="0" timestamp="2019-06-17T07:19:46.691" intervalms="21.995" />
<gc-start id="936" type="partial gc" contextid="935" timestamp="2019-06-17T07:19:46.691">
  <mem-info id="937" free="1048576" total="106954752" percent="0">
    <mem type="eden" free="0" total="33554432" percent="0" />
    <arraylet-primitive objects="2" leaves="2" largest="1" />
    <remembered-set count="45664" freebytes="4086656" totalbytes="4269312" percent="95" regionsoverflowed="0" regionsstable="0" regionsrebuilding="0"/>
  </mem-info>
</gc-start>
<allocation-stats totalBytes="33549768" >
  <allocated-bytes non-tlh="0" tlh="33549768" arrayletleaf="0"/>
  <largest-consumer threadName="Thread-10" threadId="0000000000D25900" bytes="9452288" />
</allocation-stats>
<gc-op id="938" type="copy forward" timems="4.291" contextid="935" timestamp="2019-06-17T07:19:46.696">
  <memory-copied type="eden" objects="22680" bytes="957760" bytesdiscarded="69976" />
  <memory-copied type="other" objects="11155" bytes="267720" bytesdiscarded="360" />
  <memory-cardclean objects="12031" bytes="591168" />
  <regions eden="32" other="1" />
  <remembered-set-cleared processed="41274" cleared="638" durationms="0.267" />
  <stringconstants candidates="4597" cleared="0"  />
  <heap-resize type="expand" space="default" amount="1048576" count="1" timems="0.225" reason="continue current collection" />
</gc-op>
<gc-op id="939" type="classunload" timems="0.002" contextid="935" timestamp="2019-06-17T07:19:46.697">
  <classunload-info classloadercandidates="8" classloadersunloaded="0" classesunloaded="0" anonymousclassesunloaded="0" quiescems="0.000" setupms="0.002" scanms="0.000" postms="0.000" />
</gc-op>
<gc-op id="940" type="compact" timems="1.023" contextid="935" timestamp="2019-06-17T07:19:46.698">
  <compact-info movecount="0" movebytes="0" />
  <remembered-set-cleared processed="84162" cleared="638" durationms="0.267" />
</gc-op>
<heap-resize id="941" type="expand" space="default" amount="18874368" count="1" timems="0.144" reason="excessive time being spent in gc" timestamp="2019-06-17T07:19:46.698" />
<gc-end id="942" type="partial gc" contextid="935" durationms="6.728" usertimems="0.000" systemtimems="8.000" timestamp="2019-06-17T07:19:46.698" activeThreads="4">
  <mem-info id="943" free="53477376" total="126877696" percent="42">
    <mem type="eden" free="20840" total="1048576" percent="1" />
    <arraylet-primitive objects="2" leaves="2" largest="1" />
    <remembered-set count="46624" freebytes="4878080" totalbytes="5064576" percent="96" regionsoverflowed="0" regionsstable="0" regionsrebuilding="0"/>
  </mem-info>
</gc-end>
<cycle-end id="944" type="partial gc" contextid="935" timestamp="2019-06-17T07:19:46.698" />
  <attribute name="elasticGC enabled" value="1" />
  <attribute name= "numThreadsSpecified" value="4" />
  <attribute name="heapSize specified" value="0" />
  <attribute name="Current GC Util" value="82" />
  <attribute name= "Current Time Running" value="2216" />
  <attribute name ="GC Interval" value="0" />
  <attribute name="ProportionalT" value="93.000000" />
  <attribute name="ProportionalI" value="93.000000" />
  <attribute name="ProportionalH" value="93.000000" />
  <attribute name="Current Error" value="62.000000" />
  <attribute name="IntegralT" value="310.000000" />
  <attribute name="IntegralI" value="310.000000" />
  <attribute name="IntegralH" value="310.000000" />
  <attribute name="DerivativeT" value="17.700000" />
  <attribute name="DerivativeI" value="17.700000" />
  <attribute name="DerivativeH" value="17.700000" />
  <attribute name="Loop Time for DT" value="5.000000" />
  <attribute name="Output H" value="8388608"/>
  <attribute name="Output I" value="424"/>
  <attribute name="Output T" value="4"/>
  <attribute name="Target GC Util Change" value ="20.000000" />
  <attribute name="Current GC Util Change" value="82.000000"/>
  <attribute name="GC Util currently" value="82" />
  <attribute name="CPU Util currently" value="1009708488347" />
<exclusive-end id="945" timestamp="2019-06-17T07:19:46.699" durationms="7.506" />

<exclusive-start id="946" timestamp="2019-06-17T07:19:46.714" intervalms="23.146">
  <response-info timems="0.026" idlems="0.026" threads="0" lastid="0000000000D21D00" lastname="Thread-9" />
</exclusive-start>
<allocation-taxation id="947" taxation-threshold="37748736" timestamp="2019-06-17T07:19:46.714" intervalms="23.128" />
<cycle-start id="948" type="partial gc" contextid="0" timestamp="2019-06-17T07:19:46.714" intervalms="23.088" />
<gc-start id="949" type="partial gc" contextid="948" timestamp="2019-06-17T07:19:46.715">
  <mem-info id="950" free="15728640" total="126877696" percent="12">
    <mem type="eden" free="0" total="37748736" percent="0" />
    <arraylet-primitive objects="2" leaves="2" largest="1" />
    <remembered-set count="45760" freebytes="4881536" totalbytes="5064576" percent="96" regionsoverflowed="0" regionsstable="2" regionsrebuilding="0"/>
  </mem-info>
</gc-start>
<allocation-stats totalBytes="37743256" >
  <allocated-bytes non-tlh="0" tlh="37743256" arrayletleaf="0"/>
  <largest-consumer threadName="Thread-9" threadId="0000000000D21D00" bytes="9927224" />
</allocation-stats>
<gc-op id="951" type="copy forward" timems="4.246" contextid="948" timestamp="2019-06-17T07:19:46.719">
  <memory-copied type="eden" objects="17234" bytes="689888" bytesdiscarded="0" />
  <memory-copied type="other" objects="18679" bytes="585672" bytesdiscarded="0" />
  <memory-cardclean objects="12504" bytes="613968" />
  <regions eden="36" other="2" />
  <remembered-set-cleared processed="40775" cleared="830" durationms="0.436" />
  <stringconstants candidates="4597" cleared="0"  />
</gc-op>
<gc-op id="952" type="classunload" timems="0.002" contextid="948" timestamp="2019-06-17T07:19:46.719">
  <classunload-info classloadercandidates="8" classloadersunloaded="0" classesunloaded="0" anonymousclassesunloaded="0" quiescems="0.000" setupms="0.002" scanms="0.000" postms="0.000" />
</gc-op>
<heap-resize id="953" type="expand" space="default" amount="22020096" count="1" timems="0.163" reason="excessive time being spent in gc" timestamp="2019-06-17T07:19:46.720" />
<gc-end id="954" type="partial gc" contextid="948" durationms="5.277" usertimems="4.000" systemtimems="0.000" timestamp="2019-06-17T07:19:46.720" activeThreads="1">
  <mem-info id="955" free="74448896" total="148897792" percent="50">
    <mem type="eden" free="358688" total="1048576" percent="34" />
    <arraylet-primitive objects="2" leaves="2" largest="1" />
    <remembered-set count="46368" freebytes="5758080" totalbytes="5943552" percent="96" regionsoverflowed="0" regionsstable="2" regionsrebuilding="0"/>
  </mem-info>
</gc-end>
<cycle-end id="956" type="partial gc" contextid="948" timestamp="2019-06-17T07:19:46.720" />
  <attribute name="elasticGC enabled" value="1" />
  <attribute name= "numThreadsSpecified" value="1" />
  <attribute name="heapSize specified" value="0" />
  <attribute name="Current GC Util" value="38" />
  <attribute name= "Current Time Running" value="2234" />
  <attribute name ="GC Interval" value="0" />
  <attribute name="ProportionalT" value="27.000000" />
  <attribute name="ProportionalI" value="27.000000" />
  <attribute name="ProportionalH" value="27.000000" />
  <attribute name="Current Error" value="18.000000" />
  <attribute name="IntegralT" value="0.000000" />
  <attribute name="IntegralI" value="0.000000" />
  <attribute name="IntegralH" value="0.000000" />
  <attribute name="DerivativeT" value="inf" />
  <attribute name="DerivativeI" value="inf" />
  <attribute name="DerivativeH" value="inf" />
  <attribute name="Loop Time for DT" value="0.000000" />
  <attribute name="Output H" value="8388608"/>
  <attribute name="Output I" value="200"/>
  <attribute name="Output T" value="1"/>
  <attribute name="Target GC Util Change" value ="20.000000" />
  <attribute name="Current GC Util Change" value="38.000000"/>
  <attribute name="GC Util currently" value="38" />
  <attribute name="CPU Util currently" value="20049936983642" />
<exclusive-end id="957" timestamp="2019-06-17T07:19:46.720" durationms="5.933" />

<exclusive-start id="958" timestamp="2019-06-17T07:19:46.739" intervalms="24.755">
  <response-info timems="0.026" idlems="0.026" threads="0" lastid="0000000000D25900" lastname="Thread-10" />
</exclusive-start>
<allocation-taxation id="959" taxation-threshold="44040192" timestamp="2019-06-17T07:19:46.739" intervalms="24.755" />
<cycle-start id="960" type="partial gc" contextid="0" timestamp="2019-06-17T07:19:46.739" intervalms="24.752" />
<gc-start id="961" type="partial gc" contextid="960" timestamp="2019-06-17T07:19:46.739">
  <mem-info id="962" free="30408704" total="148897792" percent="20">
    <mem type="eden" free="0" total="44040192" percent="0" />
    <arraylet-primitive objects="2" leaves="2" largest="1" />
    <remembered-set count="46208" freebytes="5758720" totalbytes="5943552" percent="96" regionsoverflowed="0" regionsstable="2" regionsrebuilding="0"/>
  </mem-info>
</gc-start>
<allocation-stats totalBytes="44034112" >
  <allocated-bytes non-tlh="0" tlh="44034112" arrayletleaf="0"/>
  <largest-consumer threadName="Thread-9" threadId="0000000000D21D00" bytes="11786728" />
</allocation-stats>
<gc-op id="963" type="copy forward" timems="4.188" contextid="960" timestamp="2019-06-17T07:19:46.744">
  <memory-copied type="eden" objects="27523" bytes="1074280" bytesdiscarded="0" />
  <memory-copied type="other" objects="8725" bytes="346776" bytesdiscarded="0" />
  <memory-cardclean objects="3926" bytes="197856" />
  <regions eden="42" other="2" />
  <remembered-set-cleared processed="42010" cleared="665" durationms="0.460" />
  <stringconstants candidates="4597" cleared="0"  />
</gc-op>
<gc-op id="964" type="classunload" timems="0.002" contextid="960" timestamp="2019-06-17T07:19:46.744">
  <classunload-info classloadercandidates="8" classloadersunloaded="0" classesunloaded="0" anonymousclassesunloaded="0" quiescems="0.000" setupms="0.002" scanms="0.000" postms="0.000" />
</gc-op>
<heap-resize id="965" type="expand" space="default" amount="26214400" count="1" timems="0.187" reason="excessive time being spent in gc" timestamp="2019-06-17T07:19:46.745" />
<gc-end id="966" type="partial gc" contextid="960" durationms="5.390" usertimems="4.000" systemtimems="0.000" timestamp="2019-06-17T07:19:46.745" activeThreads="1">
  <mem-info id="967" free="98566144" total="175112192" percent="56">
    <mem type="eden" free="1022872" total="2097152" percent="48" />
    <arraylet-primitive objects="2" leaves="2" largest="1" />
    <remembered-set count="46720" freebytes="6803072" totalbytes="6989952" percent="97" regionsoverflowed="0" regionsstable="2" regionsrebuilding="0"/>
  </mem-info>
</gc-end>
<cycle-end id="968" type="partial gc" contextid="960" timestamp="2019-06-17T07:19:46.745" />
  <attribute name="elasticGC enabled" value="1" />
  <attribute name= "numThreadsSpecified" value="1" />
  <attribute name="heapSize specified" value="0" />
  <attribute name="Current GC Util" value="41" />
  <attribute name= "Current Time Running" value="2259" />
  <attribute name ="GC Interval" value="0" />
  <attribute name="ProportionalT" value="31.500000" />
  <attribute name="ProportionalI" value="31.500000" />
  <attribute name="ProportionalH" value="31.500000" />
  <attribute name="Current Error" value="21.000000" />
  <attribute name="IntegralT" value="0.000000" />
  <attribute name="IntegralI" value="0.000000" />
  <attribute name="IntegralH" value="0.000000" />
  <attribute name="DerivativeT" value="inf" />
  <attribute name="DerivativeI" value="inf" />
  <attribute name="DerivativeH" value="inf" />
  <attribute name="Loop Time for DT" value="0.000000" />
  <attribute name="Output H" value="8388608"/>
  <attribute name="Output I" value="200"/>
  <attribute name="Output T" value="1"/>
  <attribute name="Target GC Util Change" value ="20.000000" />
  <attribute name="Current GC Util Change" value="41.000000"/>
  <attribute name="GC Util currently" value="41" />
  <attribute name="CPU Util currently" value="18660896469776" />
<exclusive-end id="969" timestamp="2019-06-17T07:19:46.745" durationms="6.069" />

<exclusive-start id="970" timestamp="2019-06-17T07:19:46.769" intervalms="29.899">
  <response-info timems="0.039" idlems="0.039" threads="0" lastid="0000000000D25900" lastname="Thread-10" />
</exclusive-start>
<allocation-taxation id="971" taxation-threshold="50331648" timestamp="2019-06-17T07:19:46.769" intervalms="29.929" />
<cycle-start id="972" type="partial gc" contextid="0" timestamp="2019-06-17T07:19:46.769" intervalms="29.904" />
<gc-start id="973" type="partial gc" contextid="972" timestamp="2019-06-17T07:19:46.769">
  <mem-info id="974" free="48234496" total="175112192" percent="27">
    <mem type="eden" free="0" total="50331648" percent="0" />
    <arraylet-primitive objects="2" leaves="2" largest="1" />
    <remembered-set count="46496" freebytes="6803968" totalbytes="6989952" percent="97" regionsoverflowed="0" regionsstable="2" regionsrebuilding="0"/>
  </mem-info>
</gc-start>
<allocation-stats totalBytes="50325240" >
  <allocated-bytes non-tlh="0" tlh="50325240" arrayletleaf="0"/>
  <largest-consumer threadName="Thread-10" threadId="0000000000D25900" bytes="13752616" />
</allocation-stats>
<gc-op id="975" type="copy forward" timems="3.669" contextid="972" timestamp="2019-06-17T07:19:46.773">
  <memory-copied type="eden" objects="14810" bytes="631792" bytesdiscarded="0" />
  <memory-copied type="other" objects="15881" bytes="655896" bytesdiscarded="0" />
  <memory-cardclean objects="1493" bytes="77544" />
  <regions eden="48" other="3" />
  <remembered-set-cleared processed="42474" cleared="628" durationms="0.463" />
  <stringconstants candidates="4597" cleared="0"  />
</gc-op>
<gc-op id="976" type="classunload" timems="0.003" contextid="972" timestamp="2019-06-17T07:19:46.774">
  <classunload-info classloadercandidates="8" classloadersunloaded="0" classesunloaded="0" anonymousclassesunloaded="0" quiescems="0.000" setupms="0.002" scanms="0.000" postms="0.000" />
</gc-op>
<heap-resize id="977" type="expand" space="default" amount="16777216" count="1" timems="0.138" reason="excessive time being spent in gc" timestamp="2019-06-17T07:19:46.774" />
<gc-end id="978" type="partial gc" contextid="972" durationms="4.720" usertimems="0.000" systemtimems="4.000" timestamp="2019-06-17T07:19:46.774" activeThreads="1">
  <mem-info id="979" free="115343360" total="191889408" percent="60">
    <mem type="eden" free="416784" total="1048576" percent="39" />
    <arraylet-primitive objects="2" leaves="2" largest="1" />
    <remembered-set count="46752" freebytes="7472640" totalbytes="7659648" percent="97" regionsoverflowed="0" regionsstable="2" regionsrebuilding="0"/>
  </mem-info>
</gc-end>
<cycle-end id="980" type="partial gc" contextid="972" timestamp="2019-06-17T07:19:46.774" />
  <attribute name="elasticGC enabled" value="1" />
  <attribute name= "numThreadsSpecified" value="1" />
  <attribute name="heapSize specified" value="0" />
  <attribute name="Current GC Util" value="42" />
  <attribute name= "Current Time Running" value="2289" />
  <attribute name ="GC Interval" value="0" />
  <attribute name="ProportionalT" value="33.000000" />
  <attribute name="ProportionalI" value="33.000000" />
  <attribute name="ProportionalH" value="33.000000" />
  <attribute name="Current Error" value="22.000000" />
  <attribute name="IntegralT" value="0.000000" />
  <attribute name="IntegralI" value="0.000000" />
  <attribute name="IntegralH" value="0.000000" />
  <attribute name="DerivativeT" value="inf" />
  <attribute name="DerivativeI" value="inf" />
  <attribute name="DerivativeH" value="inf" />
  <attribute name="Loop Time for DT" value="0.000000" />
  <attribute name="Output H" value="8388608"/>
  <attribute name="Output I" value="200"/>
  <attribute name="Output T" value="1"/>
  <attribute name="Target GC Util Change" value ="20.000000" />
  <attribute name="Current GC Util Change" value="42.000000"/>
  <attribute name="GC Util currently" value="42" />
  <attribute name="CPU Util currently" value="18879229408641" />
<exclusive-end id="981" timestamp="2019-06-17T07:19:46.774" durationms="5.402" />

<exclusive-start id="982" timestamp="2019-06-17T07:19:46.802" intervalms="33.036">
  <response-info timems="0.032" idlems="0.032" threads="0" lastid="0000000000D21D00" lastname="Thread-9" />
</exclusive-start>
<allocation-taxation id="983" taxation-threshold="54525952" timestamp="2019-06-17T07:19:46.802" intervalms="33.049" />
<cycle-start id="984" type="partial gc" contextid="0" timestamp="2019-06-17T07:19:46.802" intervalms="33.098" />
<gc-start id="985" type="partial gc" contextid="984" timestamp="2019-06-17T07:19:46.802">
  <mem-info id="986" free="60817408" total="191889408" percent="31">
    <mem type="eden" free="0" total="54525952" percent="0" />
    <arraylet-primitive objects="2" leaves="2" largest="1" />
    <remembered-set count="46752" freebytes="7472640" totalbytes="7659648" percent="97" regionsoverflowed="0" regionsstable="2" regionsrebuilding="0"/>
  </mem-info>
</gc-start>
<allocation-stats totalBytes="54518880" >
  <allocated-bytes non-tlh="0" tlh="54518880" arrayletleaf="0"/>
  <largest-consumer threadName="Thread-10" threadId="0000000000D25900" bytes="15628264" />
</allocation-stats>
<gc-op id="987" type="copy forward" timems="3.968" contextid="984" timestamp="2019-06-17T07:19:46.807">
  <memory-copied type="eden" objects="7033" bytes="307512" bytesdiscarded="0" />
  <memory-copied type="other" objects="24734" bytes="1005744" bytesdiscarded="0" />
  <memory-cardclean objects="5998" bytes="293784" />
  <regions eden="52" other="4" />
  <remembered-set-cleared processed="42148" cleared="2883" durationms="0.471" />
  <stringconstants candidates="4597" cleared="0"  />
</gc-op>
<gc-op id="988" type="classunload" timems="0.003" contextid="984" timestamp="2019-06-17T07:19:46.807">
  <classunload-info classloadercandidates="8" classloadersunloaded="0" classesunloaded="0" anonymousclassesunloaded="0" quiescems="0.000" setupms="0.002" scanms="0.000" postms="0.000" />
</gc-op>
<heap-resize id="989" type="expand" space="default" amount="2097152" count="1" timems="0.062" reason="excessive time being spent in gc" timestamp="2019-06-17T07:19:46.807" />
<gc-end id="990" type="partial gc" contextid="984" durationms="5.024" usertimems="4.000" systemtimems="0.000" timestamp="2019-06-17T07:19:46.807" activeThreads="1">
  <mem-info id="991" free="116391936" total="193986560" percent="60">
    <mem type="eden" free="741064" total="1048576" percent="70" />
    <arraylet-primitive objects="2" leaves="2" largest="1" />
    <remembered-set count="45728" freebytes="7560448" totalbytes="7743360" percent="97" regionsoverflowed="0" regionsstable="2" regionsrebuilding="0"/>
  </mem-info>
</gc-end>
<cycle-end id="992" type="partial gc" contextid="984" timestamp="2019-06-17T07:19:46.808" />
  <attribute name="elasticGC enabled" value="1" />
  <attribute name= "numThreadsSpecified" value="1" />
  <attribute name="heapSize specified" value="0" />
  <attribute name="Current GC Util" value="44" />
  <attribute name= "Current Time Running" value="2322" />
  <attribute name ="GC Interval" value="0" />
  <attribute name="ProportionalT" value="36.000000" />
  <attribute name="ProportionalI" value="36.000000" />
  <attribute name="ProportionalH" value="36.000000" />
  <attribute name="Current Error" value="24.000000" />
  <attribute name="IntegralT" value="0.000000" />
  <attribute name="IntegralI" value="0.000000" />
  <attribute name="IntegralH" value="0.000000" />
  <attribute name="DerivativeT" value="inf" />
  <attribute name="DerivativeI" value="inf" />
  <attribute name="DerivativeH" value="inf" />
  <attribute name="Loop Time for DT" value="0.000000" />
  <attribute name="Output H" value="8388608"/>
  <attribute name="Output I" value="200"/>
  <attribute name="Output T" value="1"/>
  <attribute name="Target GC Util Change" value ="20.000000" />
  <attribute name="Current GC Util Change" value="44.000000"/>
  <attribute name="GC Util currently" value="44" />
  <attribute name="CPU Util currently" value="18293735219483" />
<exclusive-end id="993" timestamp="2019-06-17T07:19:46.808" durationms="5.886" />

<exclusive-start id="994" timestamp="2019-06-17T07:19:46.835" intervalms="33.231">
  <response-info timems="0.026" idlems="0.026" threads="0" lastid="0000000000D21D00" lastname="Thread-9" />
</exclusive-start>
<allocation-taxation id="995" taxation-threshold="54525952" timestamp="2019-06-17T07:19:46.835" intervalms="33.206" />
<cycle-start id="996" type="partial gc" contextid="0" timestamp="2019-06-17T07:19:46.835" intervalms="33.198" />
<gc-start id="997" type="partial gc" contextid="996" timestamp="2019-06-17T07:19:46.836">
  <mem-info id="998" free="61865984" total="193986560" percent="31">
    <mem type="eden" free="0" total="54525952" percent="0" />
    <arraylet-primitive objects="2" leaves="2" largest="1" />
    <remembered-set count="45248" freebytes="7562368" totalbytes="7743360" percent="97" regionsoverflowed="0" regionsstable="2" regionsrebuilding="0"/>
  </mem-info>
</gc-start>
<allocation-stats totalBytes="54518856" >
  <allocated-bytes non-tlh="0" tlh="54518856" arrayletleaf="0"/>
  <largest-consumer threadName="Thread-10" threadId="0000000000D25900" bytes="14436464" />
</allocation-stats>
<gc-op id="999" type="copy forward" timems="3.207" contextid="996" timestamp="2019-06-17T07:19:46.839">
  <memory-copied type="eden" objects="8785" bytes="349768" bytesdiscarded="0" />
  <memory-copied type="other" objects="18045" bytes="845208" bytesdiscarded="0" />
  <memory-cardclean objects="866" bytes="47448" />
  <regions eden="52" other="3" />
  <remembered-set-cleared processed="41067" cleared="733" durationms="0.452" />
  <stringconstants candidates="4597" cleared="0"  />
</gc-op>
<gc-op id="1000" type="classunload" timems="0.002" contextid="996" timestamp="2019-06-17T07:19:46.839">
  <classunload-info classloadercandidates="8" classloadersunloaded="0" classesunloaded="0" anonymousclassesunloaded="0" quiescems="0.000" setupms="0.002" scanms="0.000" postms="0.000" />
</gc-op>
<heap-resize id="1001" type="expand" space="default" amount="3145728" count="1" timems="0.067" reason="excessive time being spent in gc" timestamp="2019-06-17T07:19:46.840" />
<gc-end id="1002" type="partial gc" contextid="996" durationms="4.283" usertimems="4.000" systemtimems="0.000" timestamp="2019-06-17T07:19:46.840" activeThreads="1">
  <mem-info id="1003" free="118489088" total="197132288" percent="60">
    <mem type="eden" free="698808" total="1048576" percent="66" />
    <arraylet-primitive objects="2" leaves="2" largest="1" />
    <remembered-set count="45760" freebytes="7685888" totalbytes="7868928" percent="97" regionsoverflowed="0" regionsstable="2" regionsrebuilding="0"/>
  </mem-info>
</gc-end>
<cycle-end id="1004" type="partial gc" contextid="996" timestamp="2019-06-17T07:19:46.840" />
  <attribute name="elasticGC enabled" value="1" />
  <attribute name= "numThreadsSpecified" value="1" />
  <attribute name="heapSize specified" value="0" />
  <attribute name="Current GC Util" value="42" />
  <attribute name= "Current Time Running" value="2355" />
  <attribute name ="GC Interval" value="0" />
  <attribute name="ProportionalT" value="33.000000" />
  <attribute name="ProportionalI" value="33.000000" />
  <attribute name="ProportionalH" value="33.000000" />
  <attribute name="Current Error" value="22.000000" />
  <attribute name="IntegralT" value="0.000000" />
  <attribute name="IntegralI" value="0.000000" />
  <attribute name="IntegralH" value="0.000000" />
  <attribute name="DerivativeT" value="inf" />
  <attribute name="DerivativeI" value="inf" />
  <attribute name="DerivativeH" value="inf" />
  <attribute name="Loop Time for DT" value="0.000000" />
  <attribute name="Output H" value="8388608"/>
  <attribute name="Output I" value="200"/>
  <attribute name="Output T" value="1"/>
  <attribute name="Target GC Util Change" value ="20.000000" />
  <attribute name="Current GC Util Change" value="42.000000"/>
  <attribute name="GC Util currently" value="42" />
  <attribute name="CPU Util currently" value="19077207576327" />
<exclusive-end id="1005" timestamp="2019-06-17T07:19:46.840" durationms="5.019" />

<exclusive-start id="1006" timestamp="2019-06-17T07:19:46.868" intervalms="32.848">
  <response-info timems="0.049" idlems="0.049" threads="0" lastid="0000000000D21D00" lastname="Thread-9" />
</exclusive-start>
<allocation-taxation id="1007" taxation-threshold="55574528" timestamp="2019-06-17T07:19:46.868" intervalms="32.837" />
<cycle-start id="1008" type="partial gc" contextid="0" timestamp="2019-06-17T07:19:46.868" intervalms="32.794" />
<gc-start id="1009" type="partial gc" contextid="1008" timestamp="2019-06-17T07:19:46.868">
  <mem-info id="1010" free="62914560" total="197132288" percent="31">
    <mem type="eden" free="0" total="55574528" percent="0" />
    <arraylet-primitive objects="2" leaves="2" largest="1" />
    <remembered-set count="45408" freebytes="7687296" totalbytes="7868928" percent="97" regionsoverflowed="0" regionsstable="2" regionsrebuilding="0"/>
  </mem-info>
</gc-start>
<allocation-stats totalBytes="55567056" >
  <allocated-bytes non-tlh="0" tlh="55567056" arrayletleaf="0"/>
  <largest-consumer threadName="Thread-10" threadId="0000000000D25900" bytes="15804576" />
</allocation-stats>
<gc-op id="1011" type="copy forward" timems="2.633" contextid="1008" timestamp="2019-06-17T07:19:46.872">
  <memory-copied type="eden" objects="7416" bytes="316672" bytesdiscarded="0" />
  <memory-copied type="other" objects="8352" bytes="337824" bytesdiscarded="0" />
  <memory-cardclean objects="5278" bytes="293040" />
  <regions eden="53" other="2" />
  <remembered-set-cleared processed="41319" cleared="652" durationms="0.483" />
  <stringconstants candidates="4597" cleared="0"  />
</gc-op>
<gc-op id="1012" type="classunload" timems="0.003" contextid="1008" timestamp="2019-06-17T07:19:46.872">
  <classunload-info classloadercandidates="8" classloadersunloaded="0" classesunloaded="0" anonymousclassesunloaded="0" quiescems="0.000" setupms="0.002" scanms="0.000" postms="0.000" />
</gc-op>
<heap-resize id="1013" type="expand" space="default" amount="2097152" count="1" timems="0.065" reason="excessive time being spent in gc" timestamp="2019-06-17T07:19:46.872" />
<gc-end id="1014" type="partial gc" contextid="1008" durationms="3.671" usertimems="4.000" systemtimems="0.000" timestamp="2019-06-17T07:19:46.872" activeThreads="1">
  <mem-info id="1015" free="119537664" total="199229440" percent="60">
    <mem type="eden" free="731904" total="1048576" percent="69" />
    <arraylet-primitive objects="2" leaves="2" largest="1" />
    <remembered-set count="46112" freebytes="7768192" totalbytes="7952640" percent="97" regionsoverflowed="0" regionsstable="2" regionsrebuilding="0"/>
  </mem-info>
</gc-end>
<cycle-end id="1016" type="partial gc" contextid="1008" timestamp="2019-06-17T07:19:46.872" />
  <attribute name="elasticGC enabled" value="1" />
  <attribute name= "numThreadsSpecified" value="1" />
  <attribute name="heapSize specified" value="0" />
  <attribute name="Current GC Util" value="41" />
  <attribute name= "Current Time Running" value="2388" />
  <attribute name ="GC Interval" value="0" />
  <attribute name="ProportionalT" value="31.500000" />
  <attribute name="ProportionalI" value="31.500000" />
  <attribute name="ProportionalH" value="31.500000" />
  <attribute name="Current Error" value="21.000000" />
  <attribute name="IntegralT" value="0.000000" />
  <attribute name="IntegralI" value="0.000000" />
  <attribute name="IntegralH" value="0.000000" />
  <attribute name="DerivativeT" value="inf" />
  <attribute name="DerivativeI" value="inf" />
  <attribute name="DerivativeH" value="inf" />
  <attribute name="Loop Time for DT" value="0.000000" />
  <attribute name="Output H" value="8388608"/>
  <attribute name="Output I" value="200"/>
  <attribute name="Output T" value="1"/>
  <attribute name="Target GC Util Change" value ="20.000000" />
  <attribute name="Current GC Util Change" value="41.000000"/>
  <attribute name="GC Util currently" value="41" />
  <attribute name="CPU Util currently" value="19397859885836" />
<exclusive-end id="1017" timestamp="2019-06-17T07:19:46.872" durationms="4.347" />

<exclusive-start id="1018" timestamp="2019-06-17T07:19:46.901" intervalms="32.780">
  <response-info timems="0.029" idlems="0.029" threads="0" lastid="0000000000D25900" lastname="Thread-10" />
</exclusive-start>
<allocation-taxation id="1019" taxation-threshold="55574528" timestamp="2019-06-17T07:19:46.901" intervalms="32.789" />
<cycle-start id="1020" type="partial gc" contextid="0" timestamp="2019-06-17T07:19:46.901" intervalms="32.795" />
<gc-start id="1021" type="partial gc" contextid="1020" timestamp="2019-06-17T07:19:46.901">
  <mem-info id="1022" free="63963136" total="199229440" percent="32">
    <mem type="eden" free="0" total="55574528" percent="0" />
    <arraylet-primitive objects="2" leaves="2" largest="1" />
    <remembered-set count="45888" freebytes="7769088" totalbytes="7952640" percent="97" regionsoverflowed="0" regionsstable="2" regionsrebuilding="0"/>
  </mem-info>
</gc-start>
<allocation-stats totalBytes="55567392" >
  <allocated-bytes non-tlh="0" tlh="55567392" arrayletleaf="0"/>
  <largest-consumer threadName="Thread-9" threadId="0000000000D21D00" bytes="14383256" />
</allocation-stats>
<gc-op id="1023" type="copy forward" timems="3.167" contextid="1020" timestamp="2019-06-17T07:19:46.905">
  <memory-copied type="eden" objects="3806" bytes="92672" bytesdiscarded="0" />
  <memory-copied type="other" objects="19936" bytes="890592" bytesdiscarded="0" />
  <memory-cardclean objects="2631" bytes="146736" />
  <regions eden="53" other="3" />
  <remembered-set-cleared processed="41604" cleared="982" durationms="0.451" />
  <stringconstants candidates="4597" cleared="0"  />
</gc-op>
<gc-op id="1024" type="classunload" timems="0.002" contextid="1020" timestamp="2019-06-17T07:19:46.905">
  <classunload-info classloadercandidates="8" classloadersunloaded="0" classesunloaded="0" anonymousclassesunloaded="0" quiescems="0.000" setupms="0.002" scanms="0.000" postms="0.000" />
</gc-op>
<heap-resize id="1025" type="expand" space="default" amount="3145728" count="1" timems="0.070" reason="excessive time being spent in gc" timestamp="2019-06-17T07:19:46.905" />
<gc-end id="1026" type="partial gc" contextid="1020" durationms="4.127" usertimems="0.000" systemtimems="4.000" timestamp="2019-06-17T07:19:46.905" activeThreads="1">
  <mem-info id="1027" free="121634816" total="202375168" percent="60">
    <mem type="eden" free="955904" total="1048576" percent="91" />
    <arraylet-primitive objects="2" leaves="2" largest="1" />
    <remembered-set count="47072" freebytes="7889920" totalbytes="8078208" percent="97" regionsoverflowed="0" regionsstable="2" regionsrebuilding="0"/>
  </mem-info>
</gc-end>
<cycle-end id="1028" type="partial gc" contextid="1020" timestamp="2019-06-17T07:19:46.905" />
  <attribute name="elasticGC enabled" value="1" />
  <attribute name= "numThreadsSpecified" value="1" />
  <attribute name="heapSize specified" value="0" />
  <attribute name="Current GC Util" value="42" />
  <attribute name= "Current Time Running" value="2421" />
  <attribute name ="GC Interval" value="0" />
  <attribute name="ProportionalT" value="33.000000" />
  <attribute name="ProportionalI" value="33.000000" />
  <attribute name="ProportionalH" value="33.000000" />
  <attribute name="Current Error" value="22.000000" />
  <attribute name="IntegralT" value="0.000000" />
  <attribute name="IntegralI" value="0.000000" />
  <attribute name="IntegralH" value="0.000000" />
  <attribute name="DerivativeT" value="inf" />
  <attribute name="DerivativeI" value="inf" />
  <attribute name="DerivativeH" value="inf" />
  <attribute name="Loop Time for DT" value="0.000000" />
  <attribute name="Output H" value="8388608"/>
  <attribute name="Output I" value="200"/>
  <attribute name="Output T" value="1"/>
  <attribute name="Target GC Util Change" value ="20.000000" />
  <attribute name="Current GC Util Change" value="42.000000"/>
  <attribute name="GC Util currently" value="42" />
  <attribute name="CPU Util currently" value="19882070449425" />
<exclusive-end id="1029" timestamp="2019-06-17T07:19:46.906" durationms="4.813" />

<exclusive-start id="1030" timestamp="2019-06-17T07:19:46.935" intervalms="33.886">
  <response-info timems="0.027" idlems="0.027" threads="0" lastid="0000000000D21D00" lastname="Thread-9" />
</exclusive-start>
<allocation-taxation id="1031" taxation-threshold="56623104" timestamp="2019-06-17T07:19:46.935" intervalms="33.881" />
<cycle-start id="1032" type="partial gc" contextid="0" timestamp="2019-06-17T07:19:46.935" intervalms="33.876" />
<gc-start id="1033" type="partial gc" contextid="1032" timestamp="2019-06-17T07:19:46.935">
  <mem-info id="1034" free="65011712" total="202375168" percent="32">
    <mem type="eden" free="0" total="56623104" percent="0" />
    <arraylet-primitive objects="2" leaves="2" largest="1" />
    <remembered-set count="46816" freebytes="7890944" totalbytes="8078208" percent="97" regionsoverflowed="0" regionsstable="2" regionsrebuilding="0"/>
  </mem-info>
</gc-start>
<allocation-stats totalBytes="56615416" >
  <allocated-bytes non-tlh="0" tlh="56615416" arrayletleaf="0"/>
  <largest-consumer threadName="Thread-9" threadId="0000000000D21D00" bytes="15517632" />
</allocation-stats>
<gc-op id="1035" type="copy forward" timems="2.136" contextid="1032" timestamp="2019-06-17T07:19:46.938">
  <memory-copied type="eden" objects="2784" bytes="68256" bytesdiscarded="2832" />
  <memory-copied type="other" objects="10718" bytes="394608" bytesdiscarded="10528" />
  <memory-cardclean objects="9197" bytes="481296" />
  <regions eden="54" other="2" />
  <remembered-set-cleared processed="42325" cleared="951" durationms="0.279" />
  <stringconstants candidates="4597" cleared="0"  />
</gc-op>
<gc-op id="1036" type="classunload" timems="0.002" contextid="1032" timestamp="2019-06-17T07:19:46.938">
  <classunload-info classloadercandidates="8" classloadersunloaded="0" classesunloaded="0" anonymousclassesunloaded="0" quiescems="0.000" setupms="0.002" scanms="0.000" postms="0.000" />
</gc-op>
<heap-resize id="1037" type="expand" space="default" amount="2097152" count="1" timems="0.062" reason="excessive time being spent in gc" timestamp="2019-06-17T07:19:46.938" />
<gc-end id="1038" type="partial gc" contextid="1032" durationms="3.164" usertimems="4.000" systemtimems="0.000" timestamp="2019-06-17T07:19:46.938" activeThreads="4">
  <mem-info id="1039" free="122683392" total="204472320" percent="60">
    <mem type="eden" free="977488" total="1048576" percent="93" />
    <arraylet-primitive objects="2" leaves="2" largest="1" />
    <remembered-set count="47776" freebytes="7970816" totalbytes="8161920" percent="97" regionsoverflowed="0" regionsstable="2" regionsrebuilding="0"/>
  </mem-info>
</gc-end>
<cycle-end id="1040" type="partial gc" contextid="1032" timestamp="2019-06-17T07:19:46.938" />
  <attribute name="elasticGC enabled" value="1" />
  <attribute name= "numThreadsSpecified" value="4" />
  <attribute name="heapSize specified" value="0" />
  <attribute name="Current GC Util" value="43" />
  <attribute name= "Current Time Running" value="2455" />
  <attribute name ="GC Interval" value="0" />
  <attribute name="ProportionalT" value="34.500000" />
  <attribute name="ProportionalI" value="34.500000" />
  <attribute name="ProportionalH" value="34.500000" />
  <attribute name="Current Error" value="23.000000" />
  <attribute name="IntegralT" value="23.000000" />
  <attribute name="IntegralI" value="23.000000" />
  <attribute name="IntegralH" value="23.000000" />
  <attribute name="DerivativeT" value="34.500000" />
  <attribute name="DerivativeI" value="34.500000" />
  <attribute name="DerivativeH" value="34.500000" />
  <attribute name="Loop Time for DT" value="1.000000" />
  <attribute name="Output H" value="8388608"/>
  <attribute name="Output I" value="200"/>
  <attribute name="Output T" value="4"/>
  <attribute name="Target GC Util Change" value ="20.000000" />
  <attribute name="Current GC Util Change" value="43.000000"/>
  <attribute name="GC Util currently" value="43" />
  <attribute name="CPU Util currently" value="19180274434593" />
<exclusive-end id="1041" timestamp="2019-06-17T07:19:46.938" durationms="3.833" />

<exclusive-start id="1042" timestamp="2019-06-17T07:19:46.968" intervalms="33.032">
  <response-info timems="0.029" idlems="0.029" threads="0" lastid="0000000000D2D100" lastname="Thread-7" />
</exclusive-start>
<allocation-taxation id="1043" taxation-threshold="57671680" timestamp="2019-06-17T07:19:46.968" intervalms="33.040" />
<cycle-start id="1044" type="partial gc" contextid="0" timestamp="2019-06-17T07:19:46.968" intervalms="33.054" />
<gc-start id="1045" type="partial gc" contextid="1044" timestamp="2019-06-17T07:19:46.968">
  <mem-info id="1046" free="65011712" total="204472320" percent="31">
    <mem type="eden" free="0" total="57671680" percent="0" />
    <arraylet-primitive objects="2" leaves="2" largest="1" />
    <remembered-set count="47584" freebytes="7971584" totalbytes="8161920" percent="97" regionsoverflowed="0" regionsstable="2" regionsrebuilding="0"/>
  </mem-info>
</gc-start>
<allocation-stats totalBytes="57664312" >
  <allocated-bytes non-tlh="0" tlh="57664312" arrayletleaf="0"/>
  <largest-consumer threadName="Thread-7" threadId="0000000000D2D100" bytes="15550416" />
</allocation-stats>
<gc-op id="1047" type="copy forward" timems="2.775" contextid="1044" timestamp="2019-06-17T07:19:46.971">
  <memory-copied type="eden" objects="8403" bytes="340632" bytesdiscarded="0" />
  <memory-copied type="other" objects="6038" bytes="144912" bytesdiscarded="0" />
  <memory-cardclean objects="10289" bytes="518232" />
  <regions eden="55" other="2" />
  <remembered-set-cleared processed="42958" cleared="1019" durationms="0.498" />
  <stringconstants candidates="4597" cleared="0"  />
</gc-op>
<gc-op id="1048" type="classunload" timems="0.002" contextid="1044" timestamp="2019-06-17T07:19:46.972">
  <classunload-info classloadercandidates="8" classloadersunloaded="0" classesunloaded="0" anonymousclassesunloaded="0" quiescems="0.000" setupms="0.002" scanms="0.000" postms="0.000" />
</gc-op>
<gc-end id="1049" type="partial gc" contextid="1044" durationms="3.677" usertimems="0.000" systemtimems="0.000" timestamp="2019-06-17T07:19:46.972" activeThreads="1">
  <mem-info id="1050" free="121634816" total="204472320" percent="59">
    <mem type="eden" free="707944" total="1048576" percent="67" />
    <arraylet-primitive objects="2" leaves="2" largest="1" />
    <remembered-set count="48416" freebytes="7968256" totalbytes="8161920" percent="97" regionsoverflowed="0" regionsstable="2" regionsrebuilding="0"/>
  </mem-info>
</gc-end>
<cycle-end id="1051" type="partial gc" contextid="1044" timestamp="2019-06-17T07:19:46.972" />
  <attribute name="elasticGC enabled" value="1" />
  <attribute name= "numThreadsSpecified" value="1" />
  <attribute name="heapSize specified" value="0" />
  <attribute name="Current GC Util" value="36" />
  <attribute name= "Current Time Running" value="2488" />
  <attribute name ="GC Interval" value="0" />
  <attribute name="ProportionalT" value="24.000000" />
  <attribute name="ProportionalI" value="24.000000" />
  <attribute name="ProportionalH" value="24.000000" />
  <attribute name="Current Error" value="16.000000" />
  <attribute name="IntegralT" value="0.000000" />
  <attribute name="IntegralI" value="0.000000" />
  <attribute name="IntegralH" value="0.000000" />
  <attribute name="DerivativeT" value="inf" />
  <attribute name="DerivativeI" value="inf" />
  <attribute name="DerivativeH" value="inf" />
  <attribute name="Loop Time for DT" value="0.000000" />
  <attribute name="Output H" value="8388608"/>
  <attribute name="Output I" value="200"/>
  <attribute name="Output T" value="1"/>
  <attribute name="Target GC Util Change" value ="20.000000" />
  <attribute name="Current GC Util Change" value="36.000000"/>
  <attribute name="GC Util currently" value="36" />
  <attribute name="CPU Util currently" value="19245991555987" />
<exclusive-end id="1052" timestamp="2019-06-17T07:19:46.972" durationms="4.401" />

<exclusive-start id="1053" timestamp="2019-06-17T07:19:47.000" intervalms="32.366">
  <response-info timems="0.032" idlems="0.032" threads="0" lastid="0000000000D21D00" lastname="Thread-9" />
</exclusive-start>
<allocation-taxation id="1054" taxation-threshold="57671680" timestamp="2019-06-17T07:19:47.000" intervalms="32.364" />
<cycle-start id="1055" type="partial gc" contextid="0" timestamp="2019-06-17T07:19:47.000" intervalms="32.406" />
<gc-start id="1056" type="partial gc" contextid="1055" timestamp="2019-06-17T07:19:47.000">
  <mem-info id="1057" free="63963136" total="204472320" percent="31">
    <mem type="eden" free="0" total="57671680" percent="0" />
    <arraylet-primitive objects="2" leaves="2" largest="1" />
    <remembered-set count="48160" freebytes="7969280" totalbytes="8161920" percent="97" regionsoverflowed="0" regionsstable="2" regionsrebuilding="0"/>
  </mem-info>
</gc-start>
<allocation-stats totalBytes="57663688" >
  <allocated-bytes non-tlh="0" tlh="57663688" arrayletleaf="0"/>
  <largest-consumer threadName="Thread-9" threadId="0000000000D21D00" bytes="15730592" />
</allocation-stats>
<gc-op id="1058" type="copy forward" timems="3.110" contextid="1055" timestamp="2019-06-17T07:19:47.004">
  <memory-copied type="eden" objects="8566" bytes="344400" bytesdiscarded="0" />
  <memory-copied type="other" objects="10578" bytes="391248" bytesdiscarded="0" />
  <memory-cardclean objects="8318" bytes="408816" />
  <regions eden="55" other="2" />
  <remembered-set-cleared processed="43790" cleared="1121" durationms="0.503" />
  <stringconstants candidates="4597" cleared="0"  />
</gc-op>
<gc-op id="1059" type="classunload" timems="0.003" contextid="1055" timestamp="2019-06-17T07:19:47.004">
  <classunload-info classloadercandidates="8" classloadersunloaded="0" classesunloaded="0" anonymousclassesunloaded="0" quiescems="0.000" setupms="0.001" scanms="0.000" postms="0.000" />
</gc-op>
<gc-end id="1060" type="partial gc" contextid="1055" durationms="4.141" usertimems="4.000" systemtimems="0.000" timestamp="2019-06-17T07:19:47.005" activeThreads="1">
  <mem-info id="1061" free="120586240" total="204472320" percent="58">
    <mem type="eden" free="704176" total="1048576" percent="67" />
    <arraylet-primitive objects="2" leaves="2" largest="1" />
    <remembered-set count="49184" freebytes="7965184" totalbytes="8161920" percent="97" regionsoverflowed="0" regionsstable="2" regionsrebuilding="0"/>
  </mem-info>
</gc-end>
<cycle-end id="1062" type="partial gc" contextid="1055" timestamp="2019-06-17T07:19:47.005" />
  <attribute name="elasticGC enabled" value="1" />
  <attribute name= "numThreadsSpecified" value="1" />
  <attribute name="heapSize specified" value="0" />
  <attribute name="Current GC Util" value="39" />
  <attribute name= "Current Time Running" value="2520" />
  <attribute name ="GC Interval" value="0" />
  <attribute name="ProportionalT" value="28.500000" />
  <attribute name="ProportionalI" value="28.500000" />
  <attribute name="ProportionalH" value="28.500000" />
  <attribute name="Current Error" value="19.000000" />
  <attribute name="IntegralT" value="0.000000" />
  <attribute name="IntegralI" value="0.000000" />
  <attribute name="IntegralH" value="0.000000" />
  <attribute name="DerivativeT" value="inf" />
  <attribute name="DerivativeI" value="inf" />
  <attribute name="DerivativeH" value="inf" />
  <attribute name="Loop Time for DT" value="0.000000" />
  <attribute name="Output H" value="8388608"/>
  <attribute name="Output I" value="200"/>
  <attribute name="Output T" value="1"/>
  <attribute name="Target GC Util Change" value ="20.000000" />
  <attribute name="Current GC Util Change" value="39.000000"/>
  <attribute name="GC Util currently" value="39" />
  <attribute name="CPU Util currently" value="18116729670595" />
<exclusive-end id="1063" timestamp="2019-06-17T07:19:47.005" durationms="4.905" />

<exclusive-start id="1064" timestamp="2019-06-17T07:19:47.032" intervalms="32.319">
  <response-info timems="0.027" idlems="0.027" threads="0" lastid="0000000000D21D00" lastname="Thread-9" />
</exclusive-start>
<allocation-taxation id="1065" taxation-threshold="57671680" timestamp="2019-06-17T07:19:47.032" intervalms="32.313" />
<cycle-start id="1066" type="partial gc" contextid="0" timestamp="2019-06-17T07:19:47.033" intervalms="32.301" />
<gc-start id="1067" type="partial gc" contextid="1066" timestamp="2019-06-17T07:19:47.033">
  <mem-info id="1068" free="62914560" total="204472320" percent="30">
    <mem type="eden" free="0" total="57671680" percent="0" />
    <arraylet-primitive objects="2" leaves="2" largest="1" />
    <remembered-set count="48832" freebytes="7966592" totalbytes="8161920" percent="97" regionsoverflowed="0" regionsstable="2" regionsrebuilding="0"/>
  </mem-info>
</gc-start>
<allocation-stats totalBytes="57664232" >
  <allocated-bytes non-tlh="0" tlh="57664232" arrayletleaf="0"/>
  <largest-consumer threadName="Thread-7" threadId="0000000000D2D100" bytes="15857792" />
</allocation-stats>
<gc-op id="1069" type="copy forward" timems="3.569" contextid="1066" timestamp="2019-06-17T07:19:47.037">
  <memory-copied type="eden" objects="10433" bytes="389344" bytesdiscarded="0" />
  <memory-copied type="other" objects="16368" bytes="667584" bytesdiscarded="0" />
  <memory-cardclean objects="6486" bytes="324888" />
  <regions eden="55" other="2" />
  <remembered-set-cleared processed="44535" cleared="1172" durationms="0.485" />
  <stringconstants candidates="4597" cleared="0"  />
</gc-op>
<gc-op id="1070" type="classunload" timems="0.002" contextid="1066" timestamp="2019-06-17T07:19:47.037">
  <classunload-info classloadercandidates="8" classloadersunloaded="0" classesunloaded="0" anonymousclassesunloaded="0" quiescems="0.000" setupms="0.002" scanms="0.000" postms="0.000" />
</gc-op>
<heap-resize id="1071" type="expand" space="default" amount="8388608" count="1" timems="0.158" reason="excessive time being spent in gc" timestamp="2019-06-17T07:19:47.037" />
<gc-end id="1072" type="partial gc" contextid="1066" durationms="4.713" usertimems="0.000" systemtimems="4.000" timestamp="2019-06-17T07:19:47.037" activeThreads="1">
  <mem-info id="1073" free="127926272" total="212860928" percent="60">
    <mem type="eden" free="659232" total="1048576" percent="62" />
    <arraylet-primitive objects="2" leaves="2" largest="1" />
    <remembered-set count="50304" freebytes="8295552" totalbytes="8496768" percent="97" regionsoverflowed="0" regionsstable="2" regionsrebuilding="0"/>
  </mem-info>
</gc-end>
<cycle-end id="1074" type="partial gc" contextid="1066" timestamp="2019-06-17T07:19:47.038" />
  <attribute name="elasticGC enabled" value="1" />
  <attribute name= "numThreadsSpecified" value="1" />
  <attribute name="heapSize specified" value="0" />
  <attribute name="Current GC Util" value="52" />
  <attribute name= "Current Time Running" value="2552" />
  <attribute name ="GC Interval" value="0" />
  <attribute name="ProportionalT" value="48.000000" />
  <attribute name="ProportionalI" value="48.000000" />
  <attribute name="ProportionalH" value="48.000000" />
  <attribute name="Current Error" value="32.000000" />
  <attribute name="IntegralT" value="0.000000" />
  <attribute name="IntegralI" value="0.000000" />
  <attribute name="IntegralH" value="0.000000" />
  <attribute name="DerivativeT" value="inf" />
  <attribute name="DerivativeI" value="inf" />
  <attribute name="DerivativeH" value="inf" />
  <attribute name="Loop Time for DT" value="0.000000" />
  <attribute name="Output H" value="8388608"/>
  <attribute name="Output I" value="200"/>
  <attribute name="Output T" value="1"/>
  <attribute name="Target GC Util Change" value ="20.000000" />
  <attribute name="Current GC Util Change" value="52.000000"/>
  <attribute name="GC Util currently" value="52" />
  <attribute name="CPU Util currently" value="20493922972413" />
<exclusive-end id="1075" timestamp="2019-06-17T07:19:47.038" durationms="5.436" />

<exclusive-start id="1076" timestamp="2019-06-17T07:19:47.070" intervalms="37.316">
  <response-info timems="0.035" idlems="0.035" threads="0" lastid="0000000000D29500" lastname="Thread-8" />
</exclusive-start>
<allocation-taxation id="1077" taxation-threshold="59768832" timestamp="2019-06-17T07:19:47.070" intervalms="37.366" />
<cycle-start id="1078" type="partial gc" contextid="0" timestamp="2019-06-17T07:19:47.070" intervalms="37.340" />
<gc-start id="1079" type="partial gc" contextid="1078" timestamp="2019-06-17T07:19:47.070">
  <mem-info id="1080" free="68157440" total="212860928" percent="32">
    <mem type="eden" free="0" total="59768832" percent="0" />
    <arraylet-primitive objects="2" leaves="2" largest="1" />
    <remembered-set count="50272" freebytes="8295680" totalbytes="8496768" percent="97" regionsoverflowed="0" regionsstable="2" regionsrebuilding="0"/>
  </mem-info>
</gc-start>
<allocation-stats totalBytes="59761120" >
  <allocated-bytes non-tlh="0" tlh="59761120" arrayletleaf="0"/>
  <largest-consumer threadName="Thread-7" threadId="0000000000D2D100" bytes="18065112" />
</allocation-stats>
<gc-op id="1081" type="copy forward" timems="3.691" contextid="1078" timestamp="2019-06-17T07:19:47.074">
  <memory-copied type="eden" objects="5070" bytes="122960" bytesdiscarded="0" />
  <memory-copied type="other" objects="18412" bytes="716640" bytesdiscarded="0" />
  <memory-cardclean objects="8915" bytes="456600" />
  <regions eden="57" other="2" />
  <remembered-set-cleared processed="45313" cleared="1130" durationms="0.499" />
  <stringconstants candidates="4597" cleared="0"  />
</gc-op>
<gc-op id="1082" type="classunload" timems="0.002" contextid="1078" timestamp="2019-06-17T07:19:47.074">
  <classunload-info classloadercandidates="8" classloadersunloaded="0" classesunloaded="0" anonymousclassesunloaded="0" quiescems="0.000" setupms="0.002" scanms="0.000" postms="0.000" />
</gc-op>
<heap-resize id="1083" type="expand" space="default" amount="2097152" count="1" timems="0.065" reason="excessive time being spent in gc" timestamp="2019-06-17T07:19:47.075" />
<gc-end id="1084" type="partial gc" contextid="1078" durationms="4.727" usertimems="4.000" systemtimems="0.000" timestamp="2019-06-17T07:19:47.075" activeThreads="1">
  <mem-info id="1085" free="128974848" total="214958080" percent="60">
    <mem type="eden" free="925616" total="1048576" percent="88" />
    <arraylet-primitive objects="2" leaves="2" largest="1" />
    <remembered-set count="52064" freebytes="8372224" totalbytes="8580480" percent="97" regionsoverflowed="0" regionsstable="2" regionsrebuilding="0"/>
  </mem-info>
</gc-end>
<cycle-end id="1086" type="partial gc" contextid="1078" timestamp="2019-06-17T07:19:47.075" />
  <attribute name="elasticGC enabled" value="1" />
  <attribute name= "numThreadsSpecified" value="1" />
  <attribute name="heapSize specified" value="0" />
  <attribute name="Current GC Util" value="65" />
  <attribute name= "Current Time Running" value="2590" />
  <attribute name ="GC Interval" value="0" />
  <attribute name="ProportionalT" value="67.500000" />
  <attribute name="ProportionalI" value="67.500000" />
  <attribute name="ProportionalH" value="67.500000" />
  <attribute name="Current Error" value="45.000000" />
  <attribute name="IntegralT" value="0.000000" />
  <attribute name="IntegralI" value="0.000000" />
  <attribute name="IntegralH" value="0.000000" />
  <attribute name="DerivativeT" value="inf" />
  <attribute name="DerivativeI" value="inf" />
  <attribute name="DerivativeH" value="inf" />
  <attribute name="Loop Time for DT" value="0.000000" />
  <attribute name="Output H" value="8388608"/>
  <attribute name="Output I" value="200"/>
  <attribute name="Output T" value="1"/>
  <attribute name="Target GC Util Change" value ="20.000000" />
  <attribute name="Current GC Util Change" value="65.000000"/>
  <attribute name="GC Util currently" value="65" />
  <attribute name="CPU Util currently" value="19994909901200" />
<exclusive-end id="1087" timestamp="2019-06-17T07:19:47.075" durationms="5.523" />

<exclusive-start id="1088" timestamp="2019-06-17T07:19:47.107" intervalms="37.216">
  <response-info timems="0.043" idlems="0.043" threads="0" lastid="0000000000D21D00" lastname="Thread-9" />
</exclusive-start>
<allocation-taxation id="1089" taxation-threshold="59768832" timestamp="2019-06-17T07:19:47.107" intervalms="37.198" />
<cycle-start id="1090" type="partial gc" contextid="0" timestamp="2019-06-17T07:19:47.107" intervalms="37.188" />
<gc-start id="1091" type="partial gc" contextid="1090" timestamp="2019-06-17T07:19:47.107">
  <mem-info id="1092" free="69206016" total="214958080" percent="32">
    <mem type="eden" free="0" total="59768832" percent="0" />
    <arraylet-primitive objects="2" leaves="2" largest="1" />
    <remembered-set count="51776" freebytes="8373376" totalbytes="8580480" percent="97" regionsoverflowed="0" regionsstable="2" regionsrebuilding="0"/>
  </mem-info>
</gc-start>
<allocation-stats totalBytes="59760904" >
  <allocated-bytes non-tlh="0" tlh="59760904" arrayletleaf="0"/>
  <largest-consumer threadName="Thread-10" threadId="0000000000D25900" bytes="20170128" />
</allocation-stats>
<gc-op id="1093" type="copy forward" timems="4.031" contextid="1090" timestamp="2019-06-17T07:19:47.112">
  <memory-copied type="eden" objects="12418" bytes="437152" bytesdiscarded="0" />
  <memory-copied type="other" objects="14987" bytes="497064" bytesdiscarded="0" />
  <memory-cardclean objects="13098" bytes="657384" />
  <regions eden="57" other="2" />
  <remembered-set-cleared processed="46096" cleared="1497" durationms="0.554" />
  <stringconstants candidates="4597" cleared="0"  />
</gc-op>
<gc-op id="1094" type="classunload" timems="0.002" contextid="1090" timestamp="2019-06-17T07:19:47.112">
  <classunload-info classloadercandidates="8" classloadersunloaded="0" classesunloaded="0" anonymousclassesunloaded="0" quiescems="0.000" setupms="0.002" scanms="0.000" postms="0.000" />
</gc-op>
<heap-resize id="1095" type="expand" space="default" amount="3145728" count="1" timems="0.079" reason="excessive time being spent in gc" timestamp="2019-06-17T07:19:47.113" />
<gc-end id="1096" type="partial gc" contextid="1090" durationms="5.255" usertimems="8.000" systemtimems="0.000" timestamp="2019-06-17T07:19:47.113" activeThreads="1">
  <mem-info id="1097" free="131072000" total="218103808" percent="60">
    <mem type="eden" free="611424" total="1048576" percent="58" />
    <arraylet-primitive objects="2" leaves="2" largest="1" />
    <remembered-set count="53760" freebytes="8491008" totalbytes="8706048" percent="97" regionsoverflowed="0" regionsstable="2" regionsrebuilding="0"/>
  </mem-info>
</gc-end>
<cycle-end id="1098" type="partial gc" contextid="1090" timestamp="2019-06-17T07:19:47.113" />
  <attribute name="elasticGC enabled" value="1" />
  <attribute name= "numThreadsSpecified" value="1" />
  <attribute name="heapSize specified" value="0" />
  <attribute name="Current GC Util" value="61" />
  <attribute name= "Current Time Running" value="2627" />
  <attribute name ="GC Interval" value="0" />
  <attribute name="ProportionalT" value="61.500000" />
  <attribute name="ProportionalI" value="61.500000" />
  <attribute name="ProportionalH" value="61.500000" />
  <attribute name="Current Error" value="41.000000" />
  <attribute name="IntegralT" value="0.000000" />
  <attribute name="IntegralI" value="0.000000" />
  <attribute name="IntegralH" value="0.000000" />
  <attribute name="DerivativeT" value="inf" />
  <attribute name="DerivativeI" value="inf" />
  <attribute name="DerivativeH" value="inf" />
  <attribute name="Loop Time for DT" value="0.000000" />
  <attribute name="Output H" value="8388608"/>
  <attribute name="Output I" value="200"/>
  <attribute name="Output T" value="1"/>
  <attribute name="Target GC Util Change" value ="20.000000" />
  <attribute name="Current GC Util Change" value="61.000000"/>
  <attribute name="GC Util currently" value="61" />
  <attribute name="CPU Util currently" value="18369664902949" />
<exclusive-end id="1099" timestamp="2019-06-17T07:19:47.113" durationms="6.129" />

<exclusive-start id="1100" timestamp="2019-06-17T07:19:47.144" intervalms="36.785">
  <response-info timems="0.035" idlems="0.035" threads="0" lastid="0000000000D21D00" lastname="Thread-9" />
</exclusive-start>
<allocation-taxation id="1101" taxation-threshold="60817408" timestamp="2019-06-17T07:19:47.144" intervalms="36.791" />
<cycle-start id="1102" type="partial gc" contextid="0" timestamp="2019-06-17T07:19:47.144" intervalms="36.835" />
<gc-start id="1103" type="partial gc" contextid="1102" timestamp="2019-06-17T07:19:47.144">
  <mem-info id="1104" free="70254592" total="218103808" percent="32">
    <mem type="eden" free="0" total="60817408" percent="0" />
    <arraylet-primitive objects="2" leaves="2" largest="1" />
    <remembered-set count="53344" freebytes="8492672" totalbytes="8706048" percent="97" regionsoverflowed="0" regionsstable="2" regionsrebuilding="0"/>
  </mem-info>
</gc-start>
<allocation-stats totalBytes="60809312" >
  <allocated-bytes non-tlh="0" tlh="60809312" arrayletleaf="0"/>
  <largest-consumer threadName="Thread-10" threadId="0000000000D25900" bytes="18970368" />
</allocation-stats>
<gc-op id="1105" type="copy forward" timems="3.897" contextid="1102" timestamp="2019-06-17T07:19:47.149">
  <memory-copied type="eden" objects="19719" bytes="886848" bytesdiscarded="0" />
  <memory-copied type="other" objects="8851" bytes="212424" bytesdiscarded="0" />
  <memory-cardclean objects="11151" bytes="568008" />
  <regions eden="58" other="2" />
  <remembered-set-cleared processed="46994" cleared="1328" durationms="0.546" />
  <stringconstants candidates="4597" cleared="0"  />
</gc-op>
<gc-op id="1106" type="classunload" timems="0.002" contextid="1102" timestamp="2019-06-17T07:19:47.149">
  <classunload-info classloadercandidates="8" classloadersunloaded="0" classesunloaded="0" anonymousclassesunloaded="0" quiescems="0.000" setupms="0.002" scanms="0.000" postms="0.000" />
</gc-op>
<heap-resize id="1107" type="expand" space="default" amount="2097152" count="1" timems="0.064" reason="excessive time being spent in gc" timestamp="2019-06-17T07:19:47.149" />
<gc-end id="1108" type="partial gc" contextid="1102" durationms="5.216" usertimems="4.000" systemtimems="0.000" timestamp="2019-06-17T07:19:47.149" activeThreads="1">
  <mem-info id="1109" free="132120576" total="220200960" percent="60">
    <mem type="eden" free="161728" total="1048576" percent="15" />
    <arraylet-primitive objects="2" leaves="2" largest="1" />
    <remembered-set count="53792" freebytes="8574592" totalbytes="8789760" percent="97" regionsoverflowed="0" regionsstable="2" regionsrebuilding="0"/>
  </mem-info>
</gc-end>
<cycle-end id="1110" type="partial gc" contextid="1102" timestamp="2019-06-17T07:19:47.150" />
  <attribute name="elasticGC enabled" value="1" />
  <attribute name= "numThreadsSpecified" value="1" />
  <attribute name="heapSize specified" value="0" />
  <attribute name="Current GC Util" value="63" />
  <attribute name= "Current Time Running" value="2664" />
  <attribute name ="GC Interval" value="0" />
  <attribute name="ProportionalT" value="64.500000" />
  <attribute name="ProportionalI" value="64.500000" />
  <attribute name="ProportionalH" value="64.500000" />
  <attribute name="Current Error" value="43.000000" />
  <attribute name="IntegralT" value="0.000000" />
  <attribute name="IntegralI" value="0.000000" />
  <attribute name="IntegralH" value="0.000000" />
  <attribute name="DerivativeT" value="inf" />
  <attribute name="DerivativeI" value="inf" />
  <attribute name="DerivativeH" value="inf" />
  <attribute name="Loop Time for DT" value="0.000000" />
  <attribute name="Output H" value="8388608"/>
  <attribute name="Output I" value="200"/>
  <attribute name="Output T" value="1"/>
  <attribute name="Target GC Util Change" value ="20.000000" />
  <attribute name="Current GC Util Change" value="63.000000"/>
  <attribute name="GC Util currently" value="63" />
  <attribute name="CPU Util currently" value="18265115705762" />
<exclusive-end id="1111" timestamp="2019-06-17T07:19:47.150" durationms="6.249" />

<exclusive-start id="1112" timestamp="2019-06-17T07:19:47.184" intervalms="40.125">
  <response-info timems="0.036" idlems="0.036" threads="0" lastid="0000000000D29500" lastname="Thread-8" />
</exclusive-start>
<allocation-taxation id="1113" taxation-threshold="60817408" timestamp="2019-06-17T07:19:47.184" intervalms="40.179" />
<cycle-start id="1114" type="partial gc" contextid="0" timestamp="2019-06-17T07:19:47.184" intervalms="40.258" />
<gc-start id="1115" type="partial gc" contextid="1114" timestamp="2019-06-17T07:19:47.185">
  <mem-info id="1116" free="71303168" total="220200960" percent="32">
    <mem type="eden" free="0" total="60817408" percent="0" />
    <arraylet-primitive objects="2" leaves="2" largest="1" />
    <remembered-set count="53760" freebytes="8574720" totalbytes="8789760" percent="97" regionsoverflowed="0" regionsstable="2" regionsrebuilding="0"/>
  </mem-info>
</gc-start>
<allocation-stats totalBytes="60809776" >
  <allocated-bytes non-tlh="0" tlh="60809776" arrayletleaf="0"/>
  <largest-consumer threadName="Thread-9" threadId="0000000000D21D00" bytes="20985392" />
</allocation-stats>
<gc-op id="1117" type="copy forward" timems="3.605" contextid="1114" timestamp="2019-06-17T07:19:47.189">
  <memory-copied type="eden" objects="3357" bytes="82064" bytesdiscarded="0" />
  <memory-copied type="other" objects="23413" bytes="974040" bytesdiscarded="0" />
  <memory-cardclean objects="6992" bytes="349608" />
  <regions eden="58" other="2" />
  <remembered-set-cleared processed="47935" cleared="1231" durationms="0.526" />
  <stringconstants candidates="4597" cleared="0"  />
</gc-op>
<gc-op id="1118" type="classunload" timems="0.003" contextid="1114" timestamp="2019-06-17T07:19:47.189">
  <classunload-info classloadercandidates="8" classloadersunloaded="0" classesunloaded="0" anonymousclassesunloaded="0" quiescems="0.000" setupms="0.002" scanms="0.000" postms="0.000" />
</gc-op>
<heap-resize id="1119" type="expand" space="default" amount="3145728" count="1" timems="0.071" reason="excessive time being spent in gc" timestamp="2019-06-17T07:19:47.189" />
<gc-end id="1120" type="partial gc" contextid="1114" durationms="4.979" usertimems="8.000" systemtimems="0.000" timestamp="2019-06-17T07:19:47.189" activeThreads="1">
  <mem-info id="1121" free="134217728" total="223346688" percent="60">
    <mem type="eden" free="966512" total="1048576" percent="92" />
    <arraylet-primitive objects="2" leaves="2" largest="1" />
    <remembered-set count="54816" freebytes="8696064" totalbytes="8915328" percent="97" regionsoverflowed="0" regionsstable="2" regionsrebuilding="0"/>
  </mem-info>
</gc-end>
<cycle-end id="1122" type="partial gc" contextid="1114" timestamp="2019-06-17T07:19:47.190" />
  <attribute name="elasticGC enabled" value="1" />
  <attribute name= "numThreadsSpecified" value="1" />
  <attribute name="heapSize specified" value="0" />
  <attribute name="Current GC Util" value="63" />
  <attribute name= "Current Time Running" value="2704" />
  <attribute name ="GC Interval" value="0" />
  <attribute name="ProportionalT" value="64.500000" />
  <attribute name="ProportionalI" value="64.500000" />
  <attribute name="ProportionalH" value="64.500000" />
  <attribute name="Current Error" value="43.000000" />
  <attribute name="IntegralT" value="0.000000" />
  <attribute name="IntegralI" value="0.000000" />
  <attribute name="IntegralH" value="0.000000" />
  <attribute name="DerivativeT" value="inf" />
  <attribute name="DerivativeI" value="inf" />
  <attribute name="DerivativeH" value="inf" />
  <attribute name="Loop Time for DT" value="0.000000" />
  <attribute name="Output H" value="8388608"/>
  <attribute name="Output I" value="200"/>
  <attribute name="Output T" value="1"/>
  <attribute name="Target GC Util Change" value ="20.000000" />
  <attribute name="Current GC Util Change" value="63.000000"/>
  <attribute name="GC Util currently" value="63" />
  <attribute name="CPU Util currently" value="17703752914509" />
<exclusive-end id="1123" timestamp="2019-06-17T07:19:47.190" durationms="6.176" />

<exclusive-start id="1124" timestamp="2019-06-17T07:19:47.217" intervalms="33.433">
  <response-info timems="0.038" idlems="0.038" threads="0" lastid="0000000000D29500" lastname="Thread-8" />
</exclusive-start>
<allocation-taxation id="1125" taxation-threshold="61865984" timestamp="2019-06-17T07:19:47.217" intervalms="33.405" />
<cycle-start id="1126" type="partial gc" contextid="0" timestamp="2019-06-17T07:19:47.218" intervalms="33.378" />
<gc-start id="1127" type="partial gc" contextid="1126" timestamp="2019-06-17T07:19:47.218">
  <mem-info id="1128" free="72351744" total="223346688" percent="32">
    <mem type="eden" free="0" total="61865984" percent="0" />
    <arraylet-primitive objects="2" leaves="2" largest="1" />
    <remembered-set count="54592" freebytes="8696960" totalbytes="8915328" percent="97" regionsoverflowed="0" regionsstable="2" regionsrebuilding="0"/>
  </mem-info>
</gc-start>
<allocation-stats totalBytes="61858176" >
  <allocated-bytes non-tlh="0" tlh="61858176" arrayletleaf="0"/>
  <largest-consumer threadName="Thread-8" threadId="0000000000D29500" bytes="17135400" />
</allocation-stats>
<gc-op id="1129" type="copy forward" timems="4.230" contextid="1126" timestamp="2019-06-17T07:19:47.223">
  <memory-copied type="eden" objects="5025" bytes="122280" bytesdiscarded="0" />
  <memory-copied type="other" objects="26488" bytes="1047840" bytesdiscarded="0" />
  <memory-cardclean objects="8827" bytes="437688" />
  <regions eden="59" other="3" />
  <remembered-set-cleared processed="48199" cleared="1552" durationms="0.518" />
  <stringconstants candidates="4597" cleared="0"  />
</gc-op>
<gc-op id="1130" type="classunload" timems="0.002" contextid="1126" timestamp="2019-06-17T07:19:47.223">
  <classunload-info classloadercandidates="8" classloadersunloaded="0" classesunloaded="0" anonymousclassesunloaded="0" quiescems="0.000" setupms="0.002" scanms="0.000" postms="0.000" />
</gc-op>
<heap-resize id="1131" type="expand" space="default" amount="2097152" count="1" timems="0.063" reason="excessive time being spent in gc" timestamp="2019-06-17T07:19:47.223" />
<gc-end id="1132" type="partial gc" contextid="1126" durationms="5.458" usertimems="4.000" systemtimems="0.000" timestamp="2019-06-17T07:19:47.223" activeThreads="1">
  <mem-info id="1133" free="135266304" total="225443840" percent="60">
    <mem type="eden" free="926296" total="1048576" percent="88" />
    <arraylet-primitive objects="2" leaves="2" largest="1" />
    <remembered-set count="55808" freebytes="8775808" totalbytes="8999040" percent="97" regionsoverflowed="0" regionsstable="2" regionsrebuilding="0"/>
  </mem-info>
</gc-end>
<cycle-end id="1134" type="partial gc" contextid="1126" timestamp="2019-06-17T07:19:47.223" />
  <attribute name="elasticGC enabled" value="1" />
  <attribute name= "numThreadsSpecified" value="1" />
  <attribute name="heapSize specified" value="0" />
  <attribute name="Current GC Util" value="56" />
  <attribute name= "Current Time Running" value="2737" />
  <attribute name ="GC Interval" value="0" />
  <attribute name="ProportionalT" value="54.000000" />
  <attribute name="ProportionalI" value="54.000000" />
  <attribute name="ProportionalH" value="54.000000" />
  <attribute name="Current Error" value="36.000000" />
  <attribute name="IntegralT" value="0.000000" />
  <attribute name="IntegralI" value="0.000000" />
  <attribute name="IntegralH" value="0.000000" />
  <attribute name="DerivativeT" value="inf" />
  <attribute name="DerivativeI" value="inf" />
  <attribute name="DerivativeH" value="inf" />
  <attribute name="Loop Time for DT" value="0.000000" />
  <attribute name="Output H" value="8388608"/>
  <attribute name="Output I" value="200"/>
  <attribute name="Output T" value="1"/>
  <attribute name="Target GC Util Change" value ="20.000000" />
  <attribute name="Current GC Util Change" value="56.000000"/>
  <attribute name="GC Util currently" value="56" />
  <attribute name="CPU Util currently" value="19619854346427" />
<exclusive-end id="1135" timestamp="2019-06-17T07:19:47.224" durationms="6.527" />

<exclusive-start id="1136" timestamp="2019-06-17T07:19:47.252" intervalms="34.393">
  <response-info timems="0.033" idlems="0.033" threads="0" lastid="0000000000D21D00" lastname="Thread-9" />
</exclusive-start>
<allocation-taxation id="1137" taxation-threshold="62914560" timestamp="2019-06-17T07:19:47.252" intervalms="34.335" />
<cycle-start id="1138" type="partial gc" contextid="0" timestamp="2019-06-17T07:19:47.252" intervalms="34.261" />
<gc-start id="1139" type="partial gc" contextid="1138" timestamp="2019-06-17T07:19:47.252">
  <mem-info id="1140" free="72351744" total="225443840" percent="32">
    <mem type="eden" free="0" total="62914560" percent="0" />
    <arraylet-primitive objects="2" leaves="2" largest="1" />
    <remembered-set count="55616" freebytes="8776576" totalbytes="8999040" percent="97" regionsoverflowed="0" regionsstable="2" regionsrebuilding="0"/>
  </mem-info>
</gc-start>
<allocation-stats totalBytes="62906568" >
  <allocated-bytes non-tlh="0" tlh="62906568" arrayletleaf="0"/>
  <largest-consumer threadName="Thread-8" threadId="0000000000D29500" bytes="19137976" />
</allocation-stats>
<gc-op id="1141" type="copy forward" timems="4.182" contextid="1138" timestamp="2019-06-17T07:19:47.257">
  <memory-copied type="eden" objects="13120" bytes="453896" bytesdiscarded="0" />
  <memory-copied type="other" objects="13303" bytes="319272" bytesdiscarded="0" />
  <memory-cardclean objects="16339" bytes="858840" />
  <regions eden="60" other="3" />
  <remembered-set-cleared processed="48794" cleared="4231" durationms="0.569" />
  <stringconstants candidates="4597" cleared="0"  />
</gc-op>
<gc-op id="1142" type="classunload" timems="0.002" contextid="1138" timestamp="2019-06-17T07:19:47.257">
  <classunload-info classloadercandidates="8" classloadersunloaded="0" classesunloaded="0" anonymousclassesunloaded="0" quiescems="0.000" setupms="0.002" scanms="0.000" postms="0.000" />
</gc-op>
<heap-resize id="1143" type="expand" space="default" amount="3145728" count="1" timems="0.080" reason="excessive time being spent in gc" timestamp="2019-06-17T07:19:47.258" />
<gc-end id="1144" type="partial gc" contextid="1138" durationms="5.777" usertimems="4.000" systemtimems="0.000" timestamp="2019-06-17T07:19:47.258" activeThreads="1">
  <mem-info id="1145" free="137363456" total="228589568" percent="60">
    <mem type="eden" free="594680" total="1048576" percent="56" />
    <arraylet-primitive objects="2" leaves="2" largest="1" />
    <remembered-set count="53632" freebytes="8910080" totalbytes="9124608" percent="97" regionsoverflowed="0" regionsstable="2" regionsrebuilding="0"/>
  </mem-info>
</gc-end>
<cycle-end id="1146" type="partial gc" contextid="1138" timestamp="2019-06-17T07:19:47.258" />
  <attribute name="elasticGC enabled" value="1" />
  <attribute name= "numThreadsSpecified" value="1" />
  <attribute name="heapSize specified" value="0" />
  <attribute name="Current GC Util" value="61" />
  <attribute name= "Current Time Running" value="2772" />
  <attribute name ="GC Interval" value="0" />
  <attribute name="ProportionalT" value="61.500000" />
  <attribute name="ProportionalI" value="61.500000" />
  <attribute name="ProportionalH" value="61.500000" />
  <attribute name="Current Error" value="41.000000" />
  <attribute name="IntegralT" value="0.000000" />
  <attribute name="IntegralI" value="0.000000" />
  <attribute name="IntegralH" value="0.000000" />
  <attribute name="DerivativeT" value="inf" />
  <attribute name="DerivativeI" value="inf" />
  <attribute name="DerivativeH" value="inf" />
  <attribute name="Loop Time for DT" value="0.000000" />
  <attribute name="Output H" value="8388608"/>
  <attribute name="Output I" value="200"/>
  <attribute name="Output T" value="1"/>
  <attribute name="Target GC Util Change" value ="20.000000" />
  <attribute name="Current GC Util Change" value="61.000000"/>
  <attribute name="GC Util currently" value="61" />
  <attribute name="CPU Util currently" value="15052275305995" />
<exclusive-end id="1147" timestamp="2019-06-17T07:19:47.258" durationms="6.832" />

<exclusive-start id="1148" timestamp="2019-06-17T07:19:47.284" intervalms="32.690">
  <response-info timems="0.032" idlems="0.032" threads="0" lastid="0000000000D21D00" lastname="Thread-9" />
</exclusive-start>
<allocation-taxation id="1149" taxation-threshold="62914560" timestamp="2019-06-17T07:19:47.284" intervalms="32.758" />
<cycle-start id="1150" type="partial gc" contextid="0" timestamp="2019-06-17T07:19:47.285" intervalms="32.799" />
<gc-start id="1151" type="partial gc" contextid="1150" timestamp="2019-06-17T07:19:47.285">
  <mem-info id="1152" free="74448896" total="228589568" percent="32">
    <mem type="eden" free="0" total="62914560" percent="0" />
    <arraylet-primitive objects="2" leaves="2" largest="1" />
    <remembered-set count="53632" freebytes="8910080" totalbytes="9124608" percent="97" regionsoverflowed="0" regionsstable="2" regionsrebuilding="0"/>
  </mem-info>
</gc-start>
<allocation-stats totalBytes="62906840" >
  <allocated-bytes non-tlh="0" tlh="62906840" arrayletleaf="0"/>
  <largest-consumer threadName="Thread-7" threadId="0000000000D2D100" bytes="18462512" />
</allocation-stats>
<gc-op id="1153" type="copy forward" timems="2.975" contextid="1150" timestamp="2019-06-17T07:19:47.289">
  <memory-copied type="eden" objects="16878" bytes="681024" bytesdiscarded="53864" />
  <memory-copied type="other" objects="8180" bytes="196320" bytesdiscarded="5728" />
  <memory-cardclean objects="12349" bytes="602376" />
  <regions eden="60" other="2" />
  <remembered-set-cleared processed="47423" cleared="1327" durationms="0.242" />
  <stringconstants candidates="4597" cleared="0"  />
</gc-op>
<gc-op id="1154" type="classunload" timems="0.002" contextid="1150" timestamp="2019-06-17T07:19:47.289">
  <classunload-info classloadercandidates="8" classloadersunloaded="0" classesunloaded="0" anonymousclassesunloaded="0" quiescems="0.000" setupms="0.002" scanms="0.000" postms="0.000" />
</gc-op>
<heap-resize id="1155" type="expand" space="default" amount="2097152" count="1" timems="0.065" reason="excessive time being spent in gc" timestamp="2019-06-17T07:19:47.289" />
<gc-end id="1156" type="partial gc" contextid="1150" durationms="4.213" usertimems="4.000" systemtimems="0.000" timestamp="2019-06-17T07:19:47.289" activeThreads="4">
  <mem-info id="1157" free="138412032" total="230686720" percent="60">
    <mem type="eden" free="313688" total="1048576" percent="29" />
    <arraylet-primitive objects="2" leaves="2" largest="1" />
    <remembered-set count="53568" freebytes="8994048" totalbytes="9208320" percent="97" regionsoverflowed="0" regionsstable="2" regionsrebuilding="0"/>
  </mem-info>
</gc-end>
<cycle-end id="1158" type="partial gc" contextid="1150" timestamp="2019-06-17T07:19:47.289" />
  <attribute name="elasticGC enabled" value="1" />
  <attribute name= "numThreadsSpecified" value="4" />
  <attribute name="heapSize specified" value="0" />
  <attribute name="Current GC Util" value="63" />
  <attribute name= "Current Time Running" value="2805" />
  <attribute name ="GC Interval" value="0" />
  <attribute name="ProportionalT" value="64.500000" />
  <attribute name="ProportionalI" value="64.500000" />
  <attribute name="ProportionalH" value="64.500000" />
  <attribute name="Current Error" value="43.000000" />
  <attribute name="IntegralT" value="43.000000" />
  <attribute name="IntegralI" value="43.000000" />
  <attribute name="IntegralH" value="43.000000" />
  <attribute name="DerivativeT" value="64.500000" />
  <attribute name="DerivativeI" value="64.500000" />
  <attribute name="DerivativeH" value="64.500000" />
  <attribute name="Loop Time for DT" value="1.000000" />
  <attribute name="Output H" value="8388608"/>
  <attribute name="Output I" value="200"/>
  <attribute name="Output T" value="4"/>
  <attribute name="Target GC Util Change" value ="20.000000" />
  <attribute name="Current GC Util Change" value="63.000000"/>
  <attribute name="GC Util currently" value="63" />
  <attribute name="CPU Util currently" value="17712116279438" />
<exclusive-end id="1159" timestamp="2019-06-17T07:19:47.289" durationms="5.025" />

<exclusive-start id="1160" timestamp="2019-06-17T07:19:47.313" intervalms="28.752">
  <response-info timems="0.098" idlems="0.098" threads="0" lastid="0000000000D25900" lastname="Thread-10" />
</exclusive-start>
<allocation-taxation id="1161" taxation-threshold="63963136" timestamp="2019-06-17T07:19:47.313" intervalms="28.690" />
<cycle-start id="1162" type="partial gc" contextid="0" timestamp="2019-06-17T07:19:47.313" intervalms="28.706" />
<gc-start id="1163" type="partial gc" contextid="1162" timestamp="2019-06-17T07:19:47.314">
  <mem-info id="1164" free="74448896" total="230686720" percent="32">
    <mem type="eden" free="0" total="63963136" percent="0" />
    <arraylet-primitive objects="2" leaves="2" largest="1" />
    <remembered-set count="53184" freebytes="8995584" totalbytes="9208320" percent="97" regionsoverflowed="0" regionsstable="2" regionsrebuilding="0"/>
  </mem-info>
</gc-start>
<allocation-stats totalBytes="63954912" >
  <allocated-bytes non-tlh="0" tlh="63954912" arrayletleaf="0"/>
  <largest-consumer threadName="Thread-7" threadId="0000000000D2D100" bytes="19641968" />
</allocation-stats>
<gc-op id="1165" type="copy forward" timems="4.241" contextid="1162" timestamp="2019-06-17T07:19:47.319">
  <memory-copied type="eden" objects="17343" bytes="692248" bytesdiscarded="0" />
  <memory-copied type="other" objects="16099" bytes="523752" bytesdiscarded="0" />
  <memory-cardclean objects="11088" bytes="549816" />
  <regions eden="61" other="3" />
  <remembered-set-cleared processed="47867" cleared="2504" durationms="0.525" />
  <stringconstants candidates="4597" cleared="0"  />
</gc-op>
<gc-op id="1166" type="classunload" timems="0.002" contextid="1162" timestamp="2019-06-17T07:19:47.319">
  <classunload-info classloadercandidates="8" classloadersunloaded="0" classesunloaded="0" anonymousclassesunloaded="0" quiescems="0.000" setupms="0.002" scanms="0.000" postms="0.000" />
</gc-op>
<heap-resize id="1167" type="expand" space="default" amount="3145728" count="1" timems="0.070" reason="excessive time being spent in gc" timestamp="2019-06-17T07:19:47.319" />
<gc-end id="1168" type="partial gc" contextid="1162" durationms="5.566" usertimems="4.000" systemtimems="0.000" timestamp="2019-06-17T07:19:47.319" activeThreads="1">
  <mem-info id="1169" free="140509184" total="233832448" percent="60">
    <mem type="eden" free="356328" total="1048576" percent="33" />
    <arraylet-primitive objects="2" leaves="2" largest="1" />
    <remembered-set count="52832" freebytes="9122560" totalbytes="9333888" percent="97" regionsoverflowed="0" regionsstable="2" regionsrebuilding="0"/>
  </mem-info>
</gc-end>
<cycle-end id="1170" type="partial gc" contextid="1162" timestamp="2019-06-17T07:19:47.319" />
  <attribute name="elasticGC enabled" value="1" />
  <attribute name= "numThreadsSpecified" value="1" />
  <attribute name="heapSize specified" value="0" />
  <attribute name="Current GC Util" value="49" />
  <attribute name= "Current Time Running" value="2833" />
  <attribute name ="GC Interval" value="0" />
  <attribute name="ProportionalT" value="43.500000" />
  <attribute name="ProportionalI" value="43.500000" />
  <attribute name="ProportionalH" value="43.500000" />
  <attribute name="Current Error" value="29.000000" />
  <attribute name="IntegralT" value="0.000000" />
  <attribute name="IntegralI" value="0.000000" />
  <attribute name="IntegralH" value="0.000000" />
  <attribute name="DerivativeT" value="inf" />
  <attribute name="DerivativeI" value="inf" />
  <attribute name="DerivativeH" value="inf" />
  <attribute name="Loop Time for DT" value="0.000000" />
  <attribute name="Output H" value="8388608"/>
  <attribute name="Output I" value="200"/>
  <attribute name="Output T" value="1"/>
  <attribute name="Target GC Util Change" value ="20.000000" />
  <attribute name="Current GC Util Change" value="49.000000"/>
  <attribute name="GC Util currently" value="49" />
  <attribute name="CPU Util currently" value="17646915227827" />
<exclusive-end id="1171" timestamp="2019-06-17T07:19:47.319" durationms="6.470" />

<exclusive-start id="1172" timestamp="2019-06-17T07:19:47.345" intervalms="31.676">
  <response-info timems="0.039" idlems="0.039" threads="0" lastid="0000000000D2D100" lastname="Thread-7" />
</exclusive-start>
<allocation-taxation id="1173" taxation-threshold="65011712" timestamp="2019-06-17T07:19:47.345" intervalms="31.686" />
<cycle-start id="1174" type="partial gc" contextid="0" timestamp="2019-06-17T07:19:47.345" intervalms="31.661" />
<gc-start id="1175" type="partial gc" contextid="1174" timestamp="2019-06-17T07:19:47.345">
  <mem-info id="1176" free="75497472" total="233832448" percent="32">
    <mem type="eden" free="0" total="65011712" percent="0" />
    <arraylet-primitive objects="2" leaves="2" largest="1" />
    <remembered-set count="52480" freebytes="9123968" totalbytes="9333888" percent="97" regionsoverflowed="0" regionsstable="2" regionsrebuilding="0"/>
  </mem-info>
</gc-start>
<allocation-stats totalBytes="65003616" >
  <allocated-bytes non-tlh="0" tlh="65003616" arrayletleaf="0"/>
  <largest-consumer threadName="Thread-7" threadId="0000000000D2D100" bytes="20498136" />
</allocation-stats>
<gc-op id="1177" type="copy forward" timems="3.596" contextid="1174" timestamp="2019-06-17T07:19:47.349">
  <memory-copied type="eden" objects="10722" bytes="396288" bytesdiscarded="0" />
  <memory-copied type="other" objects="17135" bytes="685992" bytesdiscarded="0" />
  <memory-cardclean objects="5212" bytes="260112" />
  <regions eden="62" other="2" />
  <remembered-set-cleared processed="47742" cleared="1081" durationms="0.524" />
  <stringconstants candidates="4597" cleared="0"  />
</gc-op>
<gc-op id="1178" type="classunload" timems="0.002" contextid="1174" timestamp="2019-06-17T07:19:47.350">
  <classunload-info classloadercandidates="8" classloadersunloaded="0" classesunloaded="0" anonymousclassesunloaded="0" quiescems="0.000" setupms="0.002" scanms="0.000" postms="0.000" />
</gc-op>
<heap-resize id="1179" type="expand" space="default" amount="2097152" count="1" timems="0.064" reason="excessive time being spent in gc" timestamp="2019-06-17T07:19:47.350" />
<gc-end id="1180" type="partial gc" contextid="1174" durationms="4.899" usertimems="0.000" systemtimems="4.000" timestamp="2019-06-17T07:19:47.350" activeThreads="1">
  <mem-info id="1181" free="141557760" total="235929600" percent="60">
    <mem type="eden" free="652288" total="1048576" percent="62" />
    <arraylet-primitive objects="2" leaves="2" largest="1" />
    <remembered-set count="53152" freebytes="9204992" totalbytes="9417600" percent="97" regionsoverflowed="0" regionsstable="2" regionsrebuilding="0"/>
  </mem-info>
</gc-end>
<cycle-end id="1182" type="partial gc" contextid="1174" timestamp="2019-06-17T07:19:47.350" />
  <attribute name="elasticGC enabled" value="1" />
  <attribute name= "numThreadsSpecified" value="1" />
  <attribute name="heapSize specified" value="0" />
  <attribute name="Current GC Util" value="62" />
  <attribute name= "Current Time Running" value="2865" />
  <attribute name ="GC Interval" value="0" />
  <attribute name="ProportionalT" value="63.000000" />
  <attribute name="ProportionalI" value="63.000000" />
  <attribute name="ProportionalH" value="63.000000" />
  <attribute name="Current Error" value="42.000000" />
  <attribute name="IntegralT" value="0.000000" />
  <attribute name="IntegralI" value="0.000000" />
  <attribute name="IntegralH" value="0.000000" />
  <attribute name="DerivativeT" value="inf" />
  <attribute name="DerivativeI" value="inf" />
  <attribute name="DerivativeH" value="inf" />
  <attribute name="Loop Time for DT" value="0.000000" />
  <attribute name="Output H" value="8388608"/>
  <attribute name="Output I" value="200"/>
  <attribute name="Output T" value="1"/>
  <attribute name="Target GC Util Change" value ="20.000000" />
  <attribute name="Current GC Util Change" value="62.000000"/>
  <attribute name="GC Util currently" value="62" />
  <attribute name="CPU Util currently" value="15698768738081" />
<exclusive-end id="1183" timestamp="2019-06-17T07:19:47.351" durationms="5.835" />

<exclusive-start id="1184" timestamp="2019-06-17T07:19:47.376" intervalms="31.701">
  <response-info timems="0.030" idlems="0.030" threads="0" lastid="0000000000D21D00" lastname="Thread-9" />
</exclusive-start>
<allocation-taxation id="1185" taxation-threshold="65011712" timestamp="2019-06-17T07:19:47.377" intervalms="31.751" />
<cycle-start id="1186" type="partial gc" contextid="0" timestamp="2019-06-17T07:19:47.377" intervalms="31.807" />
<gc-start id="1187" type="partial gc" contextid="1186" timestamp="2019-06-17T07:19:47.377">
  <mem-info id="1188" free="76546048" total="235929600" percent="32">
    <mem type="eden" free="0" total="65011712" percent="0" />
    <arraylet-primitive objects="2" leaves="2" largest="1" />
    <remembered-set count="53056" freebytes="9205376" totalbytes="9417600" percent="97" regionsoverflowed="0" regionsstable="2" regionsrebuilding="0"/>
  </mem-info>
</gc-start>
<allocation-stats totalBytes="65004216" >
  <allocated-bytes non-tlh="0" tlh="65004216" arrayletleaf="0"/>
  <largest-consumer threadName="Thread-7" threadId="0000000000D2D100" bytes="20076272" />
</allocation-stats>
<gc-op id="1189" type="copy forward" timems="3.033" contextid="1186" timestamp="2019-06-17T07:19:47.381">
  <memory-copied type="eden" objects="9770" bytes="373440" bytesdiscarded="0" />
  <memory-copied type="other" objects="10617" bytes="392184" bytesdiscarded="0" />
  <memory-cardclean objects="4973" bytes="263208" />
  <regions eden="62" other="2" />
  <remembered-set-cleared processed="48364" cleared="869" durationms="0.535" />
  <stringconstants candidates="4597" cleared="0"  />
</gc-op>
<gc-op id="1190" type="classunload" timems="0.002" contextid="1186" timestamp="2019-06-17T07:19:47.381">
  <classunload-info classloadercandidates="8" classloadersunloaded="0" classesunloaded="0" anonymousclassesunloaded="0" quiescems="0.000" setupms="0.002" scanms="0.000" postms="0.000" />
</gc-op>
<heap-resize id="1191" type="expand" space="default" amount="3145728" count="1" timems="0.070" reason="excessive time being spent in gc" timestamp="2019-06-17T07:19:47.381" />
<gc-end id="1192" type="partial gc" contextid="1186" durationms="4.393" usertimems="0.000" systemtimems="4.000" timestamp="2019-06-17T07:19:47.381" activeThreads="1">
  <mem-info id="1193" free="143654912" total="239075328" percent="60">
    <mem type="eden" free="675136" total="1048576" percent="64" />
    <arraylet-primitive objects="2" leaves="2" largest="1" />
    <remembered-set count="53984" freebytes="9327232" totalbytes="9543168" percent="97" regionsoverflowed="0" regionsstable="2" regionsrebuilding="0"/>
  </mem-info>
</gc-end>
<cycle-end id="1194" type="partial gc" contextid="1186" timestamp="2019-06-17T07:19:47.382" />
  <attribute name="elasticGC enabled" value="1" />
  <attribute name= "numThreadsSpecified" value="1" />
  <attribute name="heapSize specified" value="0" />
  <attribute name="Current GC Util" value="70" />
  <attribute name= "Current Time Running" value="2897" />
  <attribute name ="GC Interval" value="0" />
  <attribute name="ProportionalT" value="75.000000" />
  <attribute name="ProportionalI" value="75.000000" />
  <attribute name="ProportionalH" value="75.000000" />
  <attribute name="Current Error" value="50.000000" />
  <attribute name="IntegralT" value="0.000000" />
  <attribute name="IntegralI" value="0.000000" />
  <attribute name="IntegralH" value="0.000000" />
  <attribute name="DerivativeT" value="inf" />
  <attribute name="DerivativeI" value="inf" />
  <attribute name="DerivativeH" value="inf" />
  <attribute name="Loop Time for DT" value="0.000000" />
  <attribute name="Output H" value="8388608"/>
  <attribute name="Output I" value="200"/>
  <attribute name="Output T" value="1"/>
  <attribute name="Target GC Util Change" value ="20.000000" />
  <attribute name="Current GC Util Change" value="70.000000"/>
  <attribute name="GC Util currently" value="70" />
  <attribute name="CPU Util currently" value="19506987814273" />
<exclusive-end id="1195" timestamp="2019-06-17T07:19:47.382" durationms="5.476" />

<exclusive-start id="1196" timestamp="2019-06-17T07:19:47.407" intervalms="30.437">
  <response-info timems="0.029" idlems="0.029" threads="0" lastid="0000000000D2D100" lastname="Thread-7" />
</exclusive-start>
<allocation-taxation id="1197" taxation-threshold="66060288" timestamp="2019-06-17T07:19:47.407" intervalms="30.407" />
<cycle-start id="1198" type="partial gc" contextid="0" timestamp="2019-06-17T07:19:47.407" intervalms="30.332" />
<gc-start id="1199" type="partial gc" contextid="1198" timestamp="2019-06-17T07:19:47.407">
  <mem-info id="1200" free="77594624" total="239075328" percent="32">
    <mem type="eden" free="0" total="66060288" percent="0" />
    <arraylet-primitive objects="2" leaves="2" largest="1" />
    <remembered-set count="53536" freebytes="9329024" totalbytes="9543168" percent="97" regionsoverflowed="0" regionsstable="2" regionsrebuilding="0"/>
  </mem-info>
</gc-start>
<allocation-stats totalBytes="66052776" >
  <allocated-bytes non-tlh="0" tlh="66052776" arrayletleaf="0"/>
  <largest-consumer threadName="Thread-7" threadId="0000000000D2D100" bytes="20031232" />
</allocation-stats>
<gc-op id="1201" type="copy forward" timems="3.183" contextid="1198" timestamp="2019-06-17T07:19:47.411">
  <memory-copied type="eden" objects="16257" bytes="666376" bytesdiscarded="0" />
  <memory-copied type="other" objects="3676" bytes="88224" bytesdiscarded="0" />
  <memory-cardclean objects="7166" bytes="368688" />
  <regions eden="63" other="2" />
  <remembered-set-cleared processed="48787" cleared="836" durationms="0.553" />
  <stringconstants candidates="4597" cleared="0"  />
</gc-op>
<gc-op id="1202" type="classunload" timems="0.002" contextid="1198" timestamp="2019-06-17T07:19:47.411">
  <classunload-info classloadercandidates="8" classloadersunloaded="0" classesunloaded="0" anonymousclassesunloaded="0" quiescems="0.000" setupms="0.002" scanms="0.000" postms="0.000" />
</gc-op>
<heap-resize id="1203" type="expand" space="default" amount="2097152" count="1" timems="0.067" reason="excessive time being spent in gc" timestamp="2019-06-17T07:19:47.412" />
<gc-end id="1204" type="partial gc" contextid="1198" durationms="4.467" usertimems="4.000" systemtimems="0.000" timestamp="2019-06-17T07:19:47.412" activeThreads="1">
  <mem-info id="1205" free="144703488" total="241172480" percent="60">
    <mem type="eden" free="382200" total="1048576" percent="36" />
    <arraylet-primitive objects="2" leaves="2" largest="1" />
    <remembered-set count="54464" freebytes="9409024" totalbytes="9626880" percent="97" regionsoverflowed="0" regionsstable="2" regionsrebuilding="0"/>
  </mem-info>
</gc-end>
<cycle-end id="1206" type="partial gc" contextid="1198" timestamp="2019-06-17T07:19:47.412" />
  <attribute name="elasticGC enabled" value="1" />
  <attribute name= "numThreadsSpecified" value="1" />
  <attribute name="heapSize specified" value="0" />
  <attribute name="Current GC Util" value="60" />
  <attribute name= "Current Time Running" value="2927" />
  <attribute name ="GC Interval" value="0" />
  <attribute name="ProportionalT" value="60.000000" />
  <attribute name="ProportionalI" value="60.000000" />
  <attribute name="ProportionalH" value="60.000000" />
  <attribute name="Current Error" value="40.000000" />
  <attribute name="IntegralT" value="0.000000" />
  <attribute name="IntegralI" value="0.000000" />
  <attribute name="IntegralH" value="0.000000" />
  <attribute name="DerivativeT" value="inf" />
  <attribute name="DerivativeI" value="inf" />
  <attribute name="DerivativeH" value="inf" />
  <attribute name="Loop Time for DT" value="0.000000" />
  <attribute name="Output H" value="8388608"/>
  <attribute name="Output I" value="200"/>
  <attribute name="Output T" value="1"/>
  <attribute name="Target GC Util Change" value ="20.000000" />
  <attribute name="Current GC Util Change" value="60.000000"/>
  <attribute name="GC Util currently" value="60" />
  <attribute name="CPU Util currently" value="21143175465660" />
<exclusive-end id="1207" timestamp="2019-06-17T07:19:47.412" durationms="5.426" />

<exclusive-start id="1208" timestamp="2019-06-17T07:19:47.438" intervalms="30.881">
  <response-info timems="0.944" idlems="0.503" threads="1" lastid="0000000000D2D100" lastname="Thread-7" />
</exclusive-start>
<allocation-taxation id="1209" taxation-threshold="66060288" timestamp="2019-06-17T07:19:47.438" intervalms="30.907" />
<cycle-start id="1210" type="partial gc" contextid="0" timestamp="2019-06-17T07:19:47.438" intervalms="31.023" />
<gc-start id="1211" type="partial gc" contextid="1210" timestamp="2019-06-17T07:19:47.438">
  <mem-info id="1212" free="78643200" total="241172480" percent="32">
    <mem type="eden" free="0" total="66060288" percent="0" />
    <arraylet-primitive objects="2" leaves="2" largest="1" />
    <remembered-set count="54176" freebytes="9410176" totalbytes="9626880" percent="97" regionsoverflowed="0" regionsstable="2" regionsrebuilding="0"/>
  </mem-info>
</gc-start>
<allocation-stats totalBytes="66052728" >
  <allocated-bytes non-tlh="0" tlh="66052728" arrayletleaf="0"/>
  <largest-consumer threadName="Thread-10" threadId="0000000000D25900" bytes="20043672" />
</allocation-stats>
<gc-op id="1213" type="copy forward" timems="2.280" contextid="1210" timestamp="2019-06-17T07:19:47.442">
  <memory-copied type="eden" objects="9395" bytes="364424" bytesdiscarded="48816" />
  <memory-copied type="other" objects="9787" bytes="372264" bytesdiscarded="22632" />
  <memory-cardclean objects="7232" bytes="353016" />
  <regions eden="63" other="2" />
  <remembered-set-cleared processed="49410" cleared="1004" durationms="0.271" />
  <stringconstants candidates="4597" cleared="0"  />
</gc-op>
<gc-op id="1214" type="classunload" timems="0.002" contextid="1210" timestamp="2019-06-17T07:19:47.442">
  <classunload-info classloadercandidates="8" classloadersunloaded="0" classesunloaded="0" anonymousclassesunloaded="0" quiescems="0.000" setupms="0.002" scanms="0.000" postms="0.000" />
</gc-op>
<heap-resize id="1215" type="expand" space="default" amount="3145728" count="1" timems="0.083" reason="excessive time being spent in gc" timestamp="2019-06-17T07:19:47.442" />
<gc-end id="1216" type="partial gc" contextid="1210" durationms="3.831" usertimems="8.000" systemtimems="0.000" timestamp="2019-06-17T07:19:47.442" activeThreads="4">
  <mem-info id="1217" free="146800640" total="244318208" percent="60">
    <mem type="eden" free="635336" total="1048576" percent="60" />
    <arraylet-primitive objects="2" leaves="2" largest="1" />
    <remembered-set count="54912" freebytes="9532800" totalbytes="9752448" percent="97" regionsoverflowed="0" regionsstable="2" regionsrebuilding="0"/>
  </mem-info>
</gc-end>
<cycle-end id="1218" type="partial gc" contextid="1210" timestamp="2019-06-17T07:19:47.442" />
  <attribute name="elasticGC enabled" value="1" />
  <attribute name= "numThreadsSpecified" value="4" />
  <attribute name="heapSize specified" value="0" />
  <attribute name="Current GC Util" value="58" />
  <attribute name= "Current Time Running" value="2959" />
  <attribute name ="GC Interval" value="0" />
  <attribute name="ProportionalT" value="57.000000" />
  <attribute name="ProportionalI" value="57.000000" />
  <attribute name="ProportionalH" value="57.000000" />
  <attribute name="Current Error" value="38.000000" />
  <attribute name="IntegralT" value="38.000000" />
  <attribute name="IntegralI" value="38.000000" />
  <attribute name="IntegralH" value="38.000000" />
  <attribute name="DerivativeT" value="57.000000" />
  <attribute name="DerivativeI" value="57.000000" />
  <attribute name="DerivativeH" value="57.000000" />
  <attribute name="Loop Time for DT" value="1.000000" />
  <attribute name="Output H" value="8388608"/>
  <attribute name="Output I" value="200"/>
  <attribute name="Output T" value="4"/>
  <attribute name="Target GC Util Change" value ="20.000000" />
  <attribute name="Current GC Util Change" value="58.000000"/>
  <attribute name="GC Util currently" value="58" />
  <attribute name="CPU Util currently" value="14205013377197" />
<exclusive-end id="1219" timestamp="2019-06-17T07:19:47.443" durationms="5.022" />

<exclusive-start id="1220" timestamp="2019-06-17T07:19:47.470" intervalms="32.532">
  <response-info timems="0.037" idlems="0.037" threads="0" lastid="0000000000D29500" lastname="Thread-8" />
</exclusive-start>
<allocation-taxation id="1221" taxation-threshold="67108864" timestamp="2019-06-17T07:19:47.470" intervalms="32.553" />
<cycle-start id="1222" type="partial gc" contextid="0" timestamp="2019-06-17T07:19:47.471" intervalms="32.433" />
<gc-start id="1223" type="partial gc" contextid="1222" timestamp="2019-06-17T07:19:47.471">
  <mem-info id="1224" free="79691776" total="244318208" percent="32">
    <mem type="eden" free="0" total="67108864" percent="0" />
    <arraylet-primitive objects="2" leaves="2" largest="1" />
    <remembered-set count="54752" freebytes="9533440" totalbytes="9752448" percent="97" regionsoverflowed="0" regionsstable="2" regionsrebuilding="0"/>
  </mem-info>
</gc-start>
<allocation-stats totalBytes="67101288" >
  <allocated-bytes non-tlh="0" tlh="67101288" arrayletleaf="0"/>
  <largest-consumer threadName="Thread-10" threadId="0000000000D25900" bytes="22640232" />
</allocation-stats>
<gc-op id="1225" type="copy forward" timems="4.305" contextid="1222" timestamp="2019-06-17T07:19:47.476">
  <memory-copied type="eden" objects="22488" bytes="953048" bytesdiscarded="0" />
  <memory-copied type="other" objects="11204" bytes="406272" bytesdiscarded="0" />
  <memory-cardclean objects="8320" bytes="412560" />
  <regions eden="64" other="3" />
  <remembered-set-cleared processed="49527" cleared="1209" durationms="0.581" />
  <stringconstants candidates="4597" cleared="0"  />
</gc-op>
<gc-op id="1226" type="classunload" timems="0.002" contextid="1222" timestamp="2019-06-17T07:19:47.476">
  <classunload-info classloadercandidates="8" classloadersunloaded="0" classesunloaded="0" anonymousclassesunloaded="0" quiescems="0.000" setupms="0.002" scanms="0.000" postms="0.000" />
</gc-op>
<heap-resize id="1227" type="expand" space="default" amount="2097152" count="1" timems="0.075" reason="excessive time being spent in gc" timestamp="2019-06-17T07:19:47.477" />
<gc-end id="1228" type="partial gc" contextid="1222" durationms="5.899" usertimems="4.000" systemtimems="0.000" timestamp="2019-06-17T07:19:47.477" activeThreads="1">
  <mem-info id="1229" free="147849216" total="246415360" percent="60">
    <mem type="eden" free="95528" total="1048576" percent="9" />
    <arraylet-primitive objects="2" leaves="2" largest="1" />
    <remembered-set count="55520" freebytes="9614080" totalbytes="9836160" percent="97" regionsoverflowed="0" regionsstable="2" regionsrebuilding="0"/>
  </mem-info>
</gc-end>
<cycle-end id="1230" type="partial gc" contextid="1222" timestamp="2019-06-17T07:19:47.477" />
  <attribute name="elasticGC enabled" value="1" />
  <attribute name= "numThreadsSpecified" value="1" />
  <attribute name="heapSize specified" value="0" />
  <attribute name="Current GC Util" value="54" />
  <attribute name= "Current Time Running" value="2991" />
  <attribute name ="GC Interval" value="0" />
  <attribute name="ProportionalT" value="51.000000" />
  <attribute name="ProportionalI" value="51.000000" />
  <attribute name="ProportionalH" value="51.000000" />
  <attribute name="Current Error" value="34.000000" />
  <attribute name="IntegralT" value="0.000000" />
  <attribute name="IntegralI" value="0.000000" />
  <attribute name="IntegralH" value="0.000000" />
  <attribute name="DerivativeT" value="inf" />
  <attribute name="DerivativeI" value="inf" />
  <attribute name="DerivativeH" value="inf" />
  <attribute name="Loop Time for DT" value="0.000000" />
  <attribute name="Output H" value="8388608"/>
  <attribute name="Output I" value="200"/>
  <attribute name="Output T" value="1"/>
  <attribute name="Target GC Util Change" value ="20.000000" />
  <attribute name="Current GC Util Change" value="54.000000"/>
  <attribute name="GC Util currently" value="54" />
  <attribute name="CPU Util currently" value="15022757191941" />
<exclusive-end id="1231" timestamp="2019-06-17T07:19:47.477" durationms="6.997" />

<exclusive-start id="1232" timestamp="2019-06-17T07:19:47.506" intervalms="35.276">
  <response-info timems="0.034" idlems="0.034" threads="0" lastid="0000000000D25900" lastname="Thread-10" />
</exclusive-start>
<allocation-taxation id="1233" taxation-threshold="67108864" timestamp="2019-06-17T07:19:47.506" intervalms="35.247" />
<cycle-start id="1234" type="partial gc" contextid="0" timestamp="2019-06-17T07:19:47.506" intervalms="35.283" />
<gc-start id="1235" type="partial gc" contextid="1234" timestamp="2019-06-17T07:19:47.506">
  <mem-info id="1236" free="80740352" total="246415360" percent="32">
    <mem type="eden" free="0" total="67108864" percent="0" />
    <arraylet-primitive objects="2" leaves="2" largest="1" />
    <remembered-set count="55072" freebytes="9615872" totalbytes="9836160" percent="97" regionsoverflowed="0" regionsstable="2" regionsrebuilding="0"/>
  </mem-info>
</gc-start>
<allocation-stats totalBytes="67101096" >
  <allocated-bytes non-tlh="0" tlh="67101096" arrayletleaf="0"/>
  <largest-consumer threadName="Thread-10" threadId="0000000000D25900" bytes="22971856" />
</allocation-stats>
<gc-op id="1237" type="copy forward" timems="4.259" contextid="1234" timestamp="2019-06-17T07:19:47.511">
  <memory-copied type="eden" objects="10212" bytes="383952" bytesdiscarded="0" />
  <memory-copied type="other" objects="22648" bytes="955680" bytesdiscarded="0" />
  <memory-cardclean objects="6277" bytes="315288" />
  <regions eden="64" other="3" />
  <remembered-set-cleared processed="49968" cleared="1138" durationms="0.590" />
  <stringconstants candidates="4597" cleared="0"  />
</gc-op>
<gc-op id="1238" type="classunload" timems="0.002" contextid="1234" timestamp="2019-06-17T07:19:47.511">
  <classunload-info classloadercandidates="8" classloadersunloaded="0" classesunloaded="0" anonymousclassesunloaded="0" quiescems="0.000" setupms="0.002" scanms="0.000" postms="0.000" />
</gc-op>
<heap-resize id="1239" type="expand" space="default" amount="3145728" count="1" timems="0.083" reason="excessive time being spent in gc" timestamp="2019-06-17T07:19:47.512" />
<gc-end id="1240" type="partial gc" contextid="1234" durationms="5.557" usertimems="8.000" systemtimems="0.000" timestamp="2019-06-17T07:19:47.512" activeThreads="1">
  <mem-info id="1241" free="149946368" total="249561088" percent="60">
    <mem type="eden" free="664624" total="1048576" percent="63" />
    <arraylet-primitive objects="2" leaves="2" largest="1" />
    <remembered-set count="55872" freebytes="9738240" totalbytes="9961728" percent="97" regionsoverflowed="0" regionsstable="2" regionsrebuilding="0"/>
  </mem-info>
</gc-end>
<cycle-end id="1242" type="partial gc" contextid="1234" timestamp="2019-06-17T07:19:47.512" />
  <attribute name="elasticGC enabled" value="1" />
  <attribute name= "numThreadsSpecified" value="1" />
  <attribute name="heapSize specified" value="0" />
  <attribute name="Current GC Util" value="64" />
  <attribute name= "Current Time Running" value="3026" />
  <attribute name ="GC Interval" value="0" />
  <attribute name="ProportionalT" value="66.000000" />
  <attribute name="ProportionalI" value="66.000000" />
  <attribute name="ProportionalH" value="66.000000" />
  <attribute name="Current Error" value="44.000000" />
  <attribute name="IntegralT" value="0.000000" />
  <attribute name="IntegralI" value="0.000000" />
  <attribute name="IntegralH" value="0.000000" />
  <attribute name="DerivativeT" value="inf" />
  <attribute name="DerivativeI" value="inf" />
  <attribute name="DerivativeH" value="inf" />
  <attribute name="Loop Time for DT" value="0.000000" />
  <attribute name="Output H" value="8388608"/>
  <attribute name="Output I" value="200"/>
  <attribute name="Output T" value="1"/>
  <attribute name="Target GC Util Change" value ="20.000000" />
  <attribute name="Current GC Util Change" value="64.000000"/>
  <attribute name="GC Util currently" value="64" />
  <attribute name="CPU Util currently" value="18209798117456" />
<exclusive-end id="1243" timestamp="2019-06-17T07:19:47.512" durationms="6.519" />

<exclusive-start id="1244" timestamp="2019-06-17T07:19:47.540" intervalms="34.887">
  <response-info timems="0.079" idlems="0.050" threads="1" lastid="0000000000D2D100" lastname="Thread-7" />
</exclusive-start>
<allocation-taxation id="1245" taxation-threshold="68157440" timestamp="2019-06-17T07:19:47.541" intervalms="34.905" />
<cycle-start id="1246" type="partial gc" contextid="0" timestamp="2019-06-17T07:19:47.541" intervalms="34.888" />
<gc-start id="1247" type="partial gc" contextid="1246" timestamp="2019-06-17T07:19:47.541">
  <mem-info id="1248" free="81788928" total="249561088" percent="32">
    <mem type="eden" free="0" total="68157440" percent="0" />
    <arraylet-primitive objects="2" leaves="2" largest="1" />
    <remembered-set count="55840" freebytes="9738368" totalbytes="9961728" percent="97" regionsoverflowed="0" regionsstable="2" regionsrebuilding="0"/>
  </mem-info>
</gc-start>
<allocation-stats totalBytes="68149312" >
  <allocated-bytes non-tlh="0" tlh="68149312" arrayletleaf="0"/>
  <largest-consumer threadName="Thread-10" threadId="0000000000D25900" bytes="21043008" />
</allocation-stats>
<gc-op id="1249" type="copy forward" timems="3.872" contextid="1246" timestamp="2019-06-17T07:19:47.546">
  <memory-copied type="eden" objects="8228" bytes="336320" bytesdiscarded="0" />
  <memory-copied type="other" objects="22001" bytes="940152" bytesdiscarded="0" />
  <memory-cardclean objects="4068" bytes="205200" />
  <regions eden="65" other="4" />
  <remembered-set-cleared processed="50619" cleared="3486" durationms="0.563" />
  <stringconstants candidates="4597" cleared="0"  />
</gc-op>
<gc-op id="1250" type="classunload" timems="0.003" contextid="1246" timestamp="2019-06-17T07:19:47.546">
  <classunload-info classloadercandidates="8" classloadersunloaded="0" classesunloaded="0" anonymousclassesunloaded="0" quiescems="0.000" setupms="0.001" scanms="0.000" postms="0.000" />
</gc-op>
<gc-end id="1251" type="partial gc" contextid="1246" durationms="5.002" usertimems="4.000" systemtimems="0.000" timestamp="2019-06-17T07:19:47.546" activeThreads="1">
  <mem-info id="1252" free="149946368" total="249561088" percent="60">
    <mem type="eden" free="712256" total="1048576" percent="67" />
    <arraylet-primitive objects="2" leaves="2" largest="1" />
    <remembered-set count="54208" freebytes="9744896" totalbytes="9961728" percent="97" regionsoverflowed="0" regionsstable="2" regionsrebuilding="0"/>
  </mem-info>
</gc-end>
<cycle-end id="1253" type="partial gc" contextid="1246" timestamp="2019-06-17T07:19:47.546" />
  <attribute name="elasticGC enabled" value="1" />
  <attribute name= "numThreadsSpecified" value="1" />
  <attribute name="heapSize specified" value="0" />
  <attribute name="Current GC Util" value="59" />
  <attribute name= "Current Time Running" value="3061" />
  <attribute name ="GC Interval" value="0" />
  <attribute name="ProportionalT" value="58.500000" />
  <attribute name="ProportionalI" value="58.500000" />
  <attribute name="ProportionalH" value="58.500000" />
  <attribute name="Current Error" value="39.000000" />
  <attribute name="IntegralT" value="0.000000" />
  <attribute name="IntegralI" value="0.000000" />
  <attribute name="IntegralH" value="0.000000" />
  <attribute name="DerivativeT" value="inf" />
  <attribute name="DerivativeI" value="inf" />
  <attribute name="DerivativeH" value="inf" />
  <attribute name="Loop Time for DT" value="0.000000" />
  <attribute name="Output H" value="8388608"/>
  <attribute name="Output I" value="200"/>
  <attribute name="Output T" value="1"/>
  <attribute name="Target GC Util Change" value ="20.000000" />
  <attribute name="Current GC Util Change" value="59.000000"/>
  <attribute name="GC Util currently" value="59" />
  <attribute name="CPU Util currently" value="19291802109608" />
<exclusive-end id="1254" timestamp="2019-06-17T07:19:47.546" durationms="5.977" />

<exclusive-start id="1255" timestamp="2019-06-17T07:19:47.578" intervalms="37.821">
  <response-info timems="0.039" idlems="0.039" threads="0" lastid="0000000000D29500" lastname="Thread-8" />
</exclusive-start>
<allocation-taxation id="1256" taxation-threshold="68157440" timestamp="2019-06-17T07:19:47.578" intervalms="37.799" />
<cycle-start id="1257" type="partial gc" contextid="0" timestamp="2019-06-17T07:19:47.579" intervalms="37.848" />
<gc-start id="1258" type="partial gc" contextid="1257" timestamp="2019-06-17T07:19:47.579">
  <mem-info id="1259" free="81788928" total="249561088" percent="32">
    <mem type="eden" free="0" total="68157440" percent="0" />
    <arraylet-primitive objects="2" leaves="2" largest="1" />
    <remembered-set count="53728" freebytes="9746816" totalbytes="9961728" percent="97" regionsoverflowed="0" regionsstable="2" regionsrebuilding="0"/>
  </mem-info>
</gc-start>
<allocation-stats totalBytes="68149696" >
  <allocated-bytes non-tlh="0" tlh="68149696" arrayletleaf="0"/>
  <largest-consumer threadName="Thread-8" threadId="0000000000D29500" bytes="25704144" />
</allocation-stats>
<gc-op id="1260" type="copy forward" timems="2.196" contextid="1257" timestamp="2019-06-17T07:19:47.582">
  <memory-copied type="eden" objects="4050" bytes="98632" bytesdiscarded="3400" />
  <memory-copied type="other" objects="27971" bytes="1220808" bytesdiscarded="50408" />
  <memory-cardclean objects="2114" bytes="111408" />
  <regions eden="65" other="4" />
  <remembered-set-cleared processed="48623" cleared="2360" durationms="0.251" />
  <stringconstants candidates="4597" cleared="0"  />
</gc-op>
<gc-op id="1261" type="classunload" timems="0.003" contextid="1257" timestamp="2019-06-17T07:19:47.582">
  <classunload-info classloadercandidates="8" classloadersunloaded="0" classesunloaded="0" anonymousclassesunloaded="0" quiescems="0.000" setupms="0.003" scanms="0.000" postms="0.000" />
</gc-op>
<gc-end id="1262" type="partial gc" contextid="1257" durationms="3.140" usertimems="8.000" systemtimems="0.000" timestamp="2019-06-17T07:19:47.582" activeThreads="4">
  <mem-info id="1263" free="149946368" total="249561088" percent="60">
    <mem type="eden" free="946544" total="1048576" percent="90" />
    <arraylet-primitive objects="2" leaves="2" largest="1" />
    <remembered-set count="53344" freebytes="9748352" totalbytes="9961728" percent="97" regionsoverflowed="0" regionsstable="2" regionsrebuilding="0"/>
  </mem-info>
</gc-end>
<cycle-end id="1264" type="partial gc" contextid="1257" timestamp="2019-06-17T07:19:47.582" />
  <attribute name="elasticGC enabled" value="1" />
  <attribute name= "numThreadsSpecified" value="4" />
  <attribute name="heapSize specified" value="0" />
  <attribute name="Current GC Util" value="62" />
  <attribute name= "Current Time Running" value="3099" />
  <attribute name ="GC Interval" value="0" />
  <attribute name="ProportionalT" value="63.000000" />
  <attribute name="ProportionalI" value="63.000000" />
  <attribute name="ProportionalH" value="63.000000" />
  <attribute name="Current Error" value="42.000000" />
  <attribute name="IntegralT" value="42.000000" />
  <attribute name="IntegralI" value="42.000000" />
  <attribute name="IntegralH" value="42.000000" />
  <attribute name="DerivativeT" value="63.000000" />
  <attribute name="DerivativeI" value="63.000000" />
  <attribute name="DerivativeH" value="63.000000" />
  <attribute name="Loop Time for DT" value="1.000000" />
  <attribute name="Output H" value="8388608"/>
  <attribute name="Output I" value="200"/>
  <attribute name="Output T" value="4"/>
  <attribute name="Target GC Util Change" value ="20.000000" />
  <attribute name="Current GC Util Change" value="62.000000"/>
  <attribute name="GC Util currently" value="62" />
  <attribute name="CPU Util currently" value="19255313117949" />
<exclusive-end id="1265" timestamp="2019-06-17T07:19:47.582" durationms="4.079" />

<exclusive-start id="1266" timestamp="2019-06-17T07:19:47.613" intervalms="34.417">
  <response-info timems="0.029" idlems="0.029" threads="0" lastid="0000000000D2D100" lastname="Thread-7" />
</exclusive-start>
<allocation-taxation id="1267" taxation-threshold="68157440" timestamp="2019-06-17T07:19:47.613" intervalms="34.404" />
<cycle-start id="1268" type="partial gc" contextid="0" timestamp="2019-06-17T07:19:47.613" intervalms="34.373" />
<gc-start id="1269" type="partial gc" contextid="1268" timestamp="2019-06-17T07:19:47.613">
  <mem-info id="1270" free="81788928" total="249561088" percent="32">
    <mem type="eden" free="0" total="68157440" percent="0" />
    <arraylet-primitive objects="2" leaves="2" largest="1" />
    <remembered-set count="53120" freebytes="9749248" totalbytes="9961728" percent="97" regionsoverflowed="0" regionsstable="2" regionsrebuilding="0"/>
  </mem-info>
</gc-start>
<allocation-stats totalBytes="68149096" >
  <allocated-bytes non-tlh="0" tlh="68149096" arrayletleaf="0"/>
  <largest-consumer threadName="Thread-8" threadId="0000000000D29500" bytes="25531552" />
</allocation-stats>
<gc-op id="1271" type="copy forward" timems="3.896" contextid="1268" timestamp="2019-06-17T07:19:47.618">
  <memory-copied type="eden" objects="10159" bytes="382808" bytesdiscarded="0" />
  <memory-copied type="other" objects="18954" bytes="729648" bytesdiscarded="0" />
  <memory-cardclean objects="8506" bytes="452088" />
  <regions eden="65" other="3" />
  <remembered-set-cleared processed="47841" cleared="927" durationms="0.539" />
  <stringconstants candidates="4597" cleared="0"  />
</gc-op>
<gc-op id="1272" type="classunload" timems="0.002" contextid="1268" timestamp="2019-06-17T07:19:47.618">
  <classunload-info classloadercandidates="8" classloadersunloaded="0" classesunloaded="0" anonymousclassesunloaded="0" quiescems="0.000" setupms="0.002" scanms="0.000" postms="0.000" />
</gc-op>
<heap-resize id="1273" type="expand" space="default" amount="2097152" count="1" timems="0.070" reason="excessive time being spent in gc" timestamp="2019-06-17T07:19:47.618" />
<gc-end id="1274" type="partial gc" contextid="1268" durationms="5.146" usertimems="4.000" systemtimems="0.000" timestamp="2019-06-17T07:19:47.618" activeThreads="1">
  <mem-info id="1275" free="150994944" total="251658240" percent="60">
    <mem type="eden" free="665768" total="1048576" percent="63" />
    <arraylet-primitive objects="2" leaves="2" largest="1" />
    <remembered-set count="54848" freebytes="9826048" totalbytes="10045440" percent="97" regionsoverflowed="0" regionsstable="2" regionsrebuilding="0"/>
  </mem-info>
</gc-end>
<cycle-end id="1276" type="partial gc" contextid="1268" timestamp="2019-06-17T07:19:47.619" />
  <attribute name="elasticGC enabled" value="1" />
  <attribute name= "numThreadsSpecified" value="1" />
  <attribute name="heapSize specified" value="0" />
  <attribute name="Current GC Util" value="59" />
  <attribute name= "Current Time Running" value="3133" />
  <attribute name ="GC Interval" value="0" />
  <attribute name="ProportionalT" value="58.500000" />
  <attribute name="ProportionalI" value="58.500000" />
  <attribute name="ProportionalH" value="58.500000" />
  <attribute name="Current Error" value="39.000000" />
  <attribute name="IntegralT" value="0.000000" />
  <attribute name="IntegralI" value="0.000000" />
  <attribute name="IntegralH" value="0.000000" />
  <attribute name="DerivativeT" value="inf" />
  <attribute name="DerivativeI" value="inf" />
  <attribute name="DerivativeH" value="inf" />
  <attribute name="Loop Time for DT" value="0.000000" />
  <attribute name="Output H" value="8388608"/>
  <attribute name="Output I" value="200"/>
  <attribute name="Output T" value="1"/>
  <attribute name="Target GC Util Change" value ="20.000000" />
  <attribute name="Current GC Util Change" value="59.000000"/>
  <attribute name="GC Util currently" value="59" />
  <attribute name="CPU Util currently" value="19674764083941" />
<exclusive-end id="1277" timestamp="2019-06-17T07:19:47.619" durationms="6.263" />

<exclusive-start id="1278" timestamp="2019-06-17T07:19:47.646" intervalms="33.335">
  <response-info timems="0.051" idlems="0.051" threads="0" lastid="0000000000D29500" lastname="Thread-8" />
</exclusive-start>
<allocation-taxation id="1279" taxation-threshold="69206016" timestamp="2019-06-17T07:19:47.646" intervalms="33.365" />
<cycle-start id="1280" type="partial gc" contextid="0" timestamp="2019-06-17T07:19:47.646" intervalms="33.375" />
<gc-start id="1281" type="partial gc" contextid="1280" timestamp="2019-06-17T07:19:47.647">
  <mem-info id="1282" free="81788928" total="251658240" percent="32">
    <mem type="eden" free="0" total="69206016" percent="0" />
    <arraylet-primitive objects="2" leaves="2" largest="1" />
    <remembered-set count="54624" freebytes="9826944" totalbytes="10045440" percent="97" regionsoverflowed="0" regionsstable="2" regionsrebuilding="0"/>
  </mem-info>
</gc-start>
<allocation-stats totalBytes="69197624" >
  <allocated-bytes non-tlh="0" tlh="69197624" arrayletleaf="0"/>
  <largest-consumer threadName="Thread-10" threadId="0000000000D25900" bytes="24139096" />
</allocation-stats>
<gc-op id="1283" type="copy forward" timems="3.983" contextid="1280" timestamp="2019-06-17T07:19:47.651">
  <memory-copied type="eden" objects="5398" bytes="131392" bytesdiscarded="0" />
  <memory-copied type="other" objects="21579" bytes="792648" bytesdiscarded="0" />
  <memory-cardclean objects="11521" bytes="577896" />
  <regions eden="66" other="4" />
  <remembered-set-cleared processed="48441" cleared="2586" durationms="0.555" />
  <stringconstants candidates="4597" cleared="0"  />
</gc-op>
<gc-op id="1284" type="classunload" timems="0.002" contextid="1280" timestamp="2019-06-17T07:19:47.652">
  <classunload-info classloadercandidates="8" classloadersunloaded="0" classesunloaded="0" anonymousclassesunloaded="0" quiescems="0.000" setupms="0.002" scanms="0.000" postms="0.000" />
</gc-op>
<gc-end id="1285" type="partial gc" contextid="1280" durationms="5.131" usertimems="4.000" systemtimems="0.000" timestamp="2019-06-17T07:19:47.652" activeThreads="1">
  <mem-info id="1286" free="150994944" total="251658240" percent="60">
    <mem type="eden" free="917184" total="1048576" percent="87" />
    <arraylet-primitive objects="2" leaves="2" largest="1" />
    <remembered-set count="54272" freebytes="9828352" totalbytes="10045440" percent="97" regionsoverflowed="0" regionsstable="2" regionsrebuilding="0"/>
  </mem-info>
</gc-end>
<cycle-end id="1287" type="partial gc" contextid="1280" timestamp="2019-06-17T07:19:47.652" />
  <attribute name="elasticGC enabled" value="1" />
  <attribute name= "numThreadsSpecified" value="1" />
  <attribute name="heapSize specified" value="0" />
  <attribute name="Current GC Util" value="64" />
  <attribute name= "Current Time Running" value="3166" />
  <attribute name ="GC Interval" value="0" />
  <attribute name="ProportionalT" value="66.000000" />
  <attribute name="ProportionalI" value="66.000000" />
  <attribute name="ProportionalH" value="66.000000" />
  <attribute name="Current Error" value="44.000000" />
  <attribute name="IntegralT" value="0.000000" />
  <attribute name="IntegralI" value="0.000000" />
  <attribute name="IntegralH" value="0.000000" />
  <attribute name="DerivativeT" value="inf" />
  <attribute name="DerivativeI" value="inf" />
  <attribute name="DerivativeH" value="inf" />
  <attribute name="Loop Time for DT" value="0.000000" />
  <attribute name="Output H" value="8388608"/>
  <attribute name="Output I" value="200"/>
  <attribute name="Output T" value="1"/>
  <attribute name="Target GC Util Change" value ="20.000000" />
  <attribute name="Current GC Util Change" value="64.000000"/>
  <attribute name="GC Util currently" value="64" />
  <attribute name="CPU Util currently" value="15597145521570" />
<exclusive-end id="1288" timestamp="2019-06-17T07:19:47.652" durationms="6.227" />

<exclusive-start id="1289" timestamp="2019-06-17T07:19:47.686" intervalms="40.127">
  <response-info timems="0.039" idlems="0.039" threads="0" lastid="0000000000D29500" lastname="Thread-8" />
</exclusive-start>
<allocation-taxation id="1290" taxation-threshold="69206016" timestamp="2019-06-17T07:19:47.686" intervalms="40.134" />
<cycle-start id="1291" type="partial gc" contextid="0" timestamp="2019-06-17T07:19:47.686" intervalms="40.133" />
<gc-start id="1292" type="partial gc" contextid="1291" timestamp="2019-06-17T07:19:47.687">
  <mem-info id="1293" free="81788928" total="251658240" percent="32">
    <mem type="eden" free="0" total="69206016" percent="0" />
    <arraylet-primitive objects="2" leaves="2" largest="1" />
    <remembered-set count="54272" freebytes="9828352" totalbytes="10045440" percent="97" regionsoverflowed="0" regionsstable="2" regionsrebuilding="0"/>
  </mem-info>
</gc-start>
<allocation-stats totalBytes="69196728" >
  <allocated-bytes non-tlh="0" tlh="69196728" arrayletleaf="0"/>
  <largest-consumer threadName="Thread-8" threadId="0000000000D29500" bytes="26382984" />
</allocation-stats>
<gc-op id="1294" type="copy forward" timems="4.197" contextid="1291" timestamp="2019-06-17T07:19:47.692">
  <memory-copied type="eden" objects="11457" bytes="414064" bytesdiscarded="0" />
  <memory-copied type="other" objects="18707" bytes="586344" bytesdiscarded="0" />
  <memory-cardclean objects="14552" bytes="727368" />
  <regions eden="66" other="3" />
  <remembered-set-cleared processed="47915" cleared="1460" durationms="0.547" />
  <stringconstants candidates="4597" cleared="0"  />
</gc-op>
<gc-op id="1295" type="classunload" timems="0.002" contextid="1291" timestamp="2019-06-17T07:19:47.692">
  <classunload-info classloadercandidates="8" classloadersunloaded="0" classesunloaded="0" anonymousclassesunloaded="0" quiescems="0.000" setupms="0.002" scanms="0.000" postms="0.000" />
</gc-op>
<heap-resize id="1296" type="expand" space="default" amount="3145728" count="1" timems="0.073" reason="excessive time being spent in gc" timestamp="2019-06-17T07:19:47.692" />
<gc-end id="1297" type="partial gc" contextid="1291" durationms="5.460" usertimems="4.000" systemtimems="0.000" timestamp="2019-06-17T07:19:47.692" activeThreads="1">
  <mem-info id="1298" free="153092096" total="254803968" percent="60">
    <mem type="eden" free="634512" total="1048576" percent="60" />
    <arraylet-primitive objects="2" leaves="2" largest="1" />
    <remembered-set count="56160" freebytes="9946368" totalbytes="10171008" percent="97" regionsoverflowed="0" regionsstable="2" regionsrebuilding="0"/>
  </mem-info>
</gc-end>
<cycle-end id="1299" type="partial gc" contextid="1291" timestamp="2019-06-17T07:19:47.692" />
  <attribute name="elasticGC enabled" value="1" />
  <attribute name= "numThreadsSpecified" value="1" />
  <attribute name="heapSize specified" value="0" />
  <attribute name="Current GC Util" value="64" />
  <attribute name= "Current Time Running" value="3206" />
  <attribute name ="GC Interval" value="0" />
  <attribute name="ProportionalT" value="66.000000" />
  <attribute name="ProportionalI" value="66.000000" />
  <attribute name="ProportionalH" value="66.000000" />
  <attribute name="Current Error" value="44.000000" />
  <attribute name="IntegralT" value="0.000000" />
  <attribute name="IntegralI" value="0.000000" />
  <attribute name="IntegralH" value="0.000000" />
  <attribute name="DerivativeT" value="inf" />
  <attribute name="DerivativeI" value="inf" />
  <attribute name="DerivativeH" value="inf" />
  <attribute name="Loop Time for DT" value="0.000000" />
  <attribute name="Output H" value="8388608"/>
  <attribute name="Output I" value="200"/>
  <attribute name="Output T" value="1"/>
  <attribute name="Target GC Util Change" value ="20.000000" />
  <attribute name="Current GC Util Change" value="64.000000"/>
  <attribute name="GC Util currently" value="64" />
  <attribute name="CPU Util currently" value="19904381687597" />
<exclusive-end id="1300" timestamp="2019-06-17T07:19:47.693" durationms="6.549" />

<exclusive-start id="1301" timestamp="2019-06-17T07:19:47.729" intervalms="42.770">
  <response-info timems="0.042" idlems="0.042" threads="0" lastid="0000000000D29500" lastname="Thread-8" />
</exclusive-start>
<allocation-taxation id="1302" taxation-threshold="69206016" timestamp="2019-06-17T07:19:47.729" intervalms="42.768" />
<cycle-start id="1303" type="partial gc" contextid="0" timestamp="2019-06-17T07:19:47.729" intervalms="42.743" />
<gc-start id="1304" type="partial gc" contextid="1303" timestamp="2019-06-17T07:19:47.729">
  <mem-info id="1305" free="83886080" total="254803968" percent="32">
    <mem type="eden" free="0" total="69206016" percent="0" />
    <arraylet-primitive objects="2" leaves="2" largest="1" />
    <remembered-set count="56032" freebytes="9946880" totalbytes="10171008" percent="97" regionsoverflowed="0" regionsstable="2" regionsrebuilding="0"/>
  </mem-info>
</gc-start>
<allocation-stats totalBytes="69196672" >
  <allocated-bytes non-tlh="0" tlh="69196672" arrayletleaf="0"/>
  <largest-consumer threadName="Thread-8" threadId="0000000000D29500" bytes="22762696" />
</allocation-stats>
<gc-op id="1306" type="copy forward" timems="4.735" contextid="1303" timestamp="2019-06-17T07:19:47.735">
  <memory-copied type="eden" objects="20611" bytes="908416" bytesdiscarded="0" />
  <memory-copied type="other" objects="16881" bytes="542520" bytesdiscarded="0" />
  <memory-cardclean objects="12026" bytes="594816" />
  <regions eden="66" other="3" />
  <remembered-set-cleared processed="48873" cleared="1774" durationms="0.586" />
  <stringconstants candidates="4597" cleared="0"  />
</gc-op>
<gc-op id="1307" type="classunload" timems="0.003" contextid="1303" timestamp="2019-06-17T07:19:47.735">
  <classunload-info classloadercandidates="8" classloadersunloaded="0" classesunloaded="0" anonymousclassesunloaded="0" quiescems="0.000" setupms="0.002" scanms="0.000" postms="0.000" />
</gc-op>
<heap-resize id="1308" type="expand" space="default" amount="2097152" count="1" timems="0.075" reason="excessive time being spent in gc" timestamp="2019-06-17T07:19:47.735" />
<gc-end id="1309" type="partial gc" contextid="1303" durationms="6.078" usertimems="4.000" systemtimems="0.000" timestamp="2019-06-17T07:19:47.736" activeThreads="1">
  <mem-info id="1310" free="154140672" total="256901120" percent="60">
    <mem type="eden" free="140160" total="1048576" percent="13" />
    <arraylet-primitive objects="2" leaves="2" largest="1" />
    <remembered-set count="56928" freebytes="10027008" totalbytes="10254720" percent="97" regionsoverflowed="0" regionsstable="2" regionsrebuilding="0"/>
  </mem-info>
</gc-end>
<cycle-end id="1311" type="partial gc" contextid="1303" timestamp="2019-06-17T07:19:47.736" />
  <attribute name="elasticGC enabled" value="1" />
  <attribute name= "numThreadsSpecified" value="1" />
  <attribute name="heapSize specified" value="0" />
  <attribute name="Current GC Util" value="63" />
  <attribute name= "Current Time Running" value="3249" />
  <attribute name ="GC Interval" value="0" />
  <attribute name="ProportionalT" value="64.500000" />
  <attribute name="ProportionalI" value="64.500000" />
  <attribute name="ProportionalH" value="64.500000" />
  <attribute name="Current Error" value="43.000000" />
  <attribute name="IntegralT" value="0.000000" />
  <attribute name="IntegralI" value="0.000000" />
  <attribute name="IntegralH" value="0.000000" />
  <attribute name="DerivativeT" value="inf" />
  <attribute name="DerivativeI" value="inf" />
  <attribute name="DerivativeH" value="inf" />
  <attribute name="Loop Time for DT" value="0.000000" />
  <attribute name="Output H" value="8388608"/>
  <attribute name="Output I" value="200"/>
  <attribute name="Output T" value="1"/>
  <attribute name="Target GC Util Change" value ="20.000000" />
  <attribute name="Current GC Util Change" value="63.000000"/>
  <attribute name="GC Util currently" value="63" />
  <attribute name="CPU Util currently" value="18135752129787" />
<exclusive-end id="1312" timestamp="2019-06-17T07:19:47.736" durationms="7.141" />

<exclusive-start id="1313" timestamp="2019-06-17T07:19:47.772" intervalms="42.616">
  <response-info timems="0.051" idlems="0.028" threads="1" lastid="0000000000D21D00" lastname="Thread-9" />
</exclusive-start>
<allocation-taxation id="1314" taxation-threshold="70254592" timestamp="2019-06-17T07:19:47.772" intervalms="42.606" />
<cycle-start id="1315" type="partial gc" contextid="0" timestamp="2019-06-17T07:19:47.772" intervalms="42.652" />
<gc-start id="1316" type="partial gc" contextid="1315" timestamp="2019-06-17T07:19:47.772">
  <mem-info id="1317" free="83886080" total="256901120" percent="32">
    <mem type="eden" free="0" total="70254592" percent="0" />
    <arraylet-primitive objects="2" leaves="2" largest="1" />
    <remembered-set count="56576" freebytes="10028416" totalbytes="10254720" percent="97" regionsoverflowed="0" regionsstable="2" regionsrebuilding="0"/>
  </mem-info>
</gc-start>
<allocation-stats totalBytes="70245696" >
  <allocated-bytes non-tlh="0" tlh="70245696" arrayletleaf="0"/>
  <largest-consumer threadName="Thread-8" threadId="0000000000D29500" bytes="21500984" />
</allocation-stats>
<gc-op id="1318" type="copy forward" timems="4.471" contextid="1315" timestamp="2019-06-17T07:19:47.777">
  <memory-copied type="eden" objects="4338" bytes="105952" bytesdiscarded="0" />
  <memory-copied type="other" objects="32369" bytes="1326360" bytesdiscarded="0" />
  <memory-cardclean objects="7435" bytes="370872" />
  <regions eden="67" other="4" />
  <remembered-set-cleared processed="49564" cleared="2463" durationms="0.593" />
  <stringconstants candidates="4597" cleared="0"  />
</gc-op>
<gc-op id="1319" type="classunload" timems="0.003" contextid="1315" timestamp="2019-06-17T07:19:47.777">
  <classunload-info classloadercandidates="8" classloadersunloaded="0" classesunloaded="0" anonymousclassesunloaded="0" quiescems="0.000" setupms="0.003" scanms="0.000" postms="0.000" />
</gc-op>
<gc-end id="1320" type="partial gc" contextid="1315" durationms="5.605" usertimems="8.000" systemtimems="0.000" timestamp="2019-06-17T07:19:47.778" activeThreads="1">
  <mem-info id="1321" free="154140672" total="256901120" percent="60">
    <mem type="eden" free="942624" total="1048576" percent="89" />
    <arraylet-primitive objects="2" leaves="2" largest="1" />
    <remembered-set count="56448" freebytes="10028928" totalbytes="10254720" percent="97" regionsoverflowed="0" regionsstable="2" regionsrebuilding="0"/>
  </mem-info>
</gc-end>
<cycle-end id="1322" type="partial gc" contextid="1315" timestamp="2019-06-17T07:19:47.778" />
  <attribute name="elasticGC enabled" value="1" />
  <attribute name= "numThreadsSpecified" value="1" />
  <attribute name="heapSize specified" value="0" />
  <attribute name="Current GC Util" value="58" />
  <attribute name= "Current Time Running" value="3292" />
  <attribute name ="GC Interval" value="0" />
  <attribute name="ProportionalT" value="57.000000" />
  <attribute name="ProportionalI" value="57.000000" />
  <attribute name="ProportionalH" value="57.000000" />
  <attribute name="Current Error" value="38.000000" />
  <attribute name="IntegralT" value="0.000000" />
  <attribute name="IntegralI" value="0.000000" />
  <attribute name="IntegralH" value="0.000000" />
  <attribute name="DerivativeT" value="inf" />
  <attribute name="DerivativeI" value="inf" />
  <attribute name="DerivativeH" value="inf" />
  <attribute name="Loop Time for DT" value="0.000000" />
  <attribute name="Output H" value="8388608"/>
  <attribute name="Output I" value="200"/>
  <attribute name="Output T" value="1"/>
  <attribute name="Target GC Util Change" value ="20.000000" />
  <attribute name="Current GC Util Change" value="58.000000"/>
  <attribute name="GC Util currently" value="58" />
  <attribute name="CPU Util currently" value="17515747021039" />
<exclusive-end id="1323" timestamp="2019-06-17T07:19:47.778" durationms="6.656" />

<exclusive-start id="1324" timestamp="2019-06-17T07:19:47.814" intervalms="42.880">
  <response-info timems="0.038" idlems="0.038" threads="0" lastid="0000000000D2D100" lastname="Thread-7" />
</exclusive-start>
<allocation-taxation id="1325" taxation-threshold="70254592" timestamp="2019-06-17T07:19:47.815" intervalms="42.885" />
<cycle-start id="1326" type="partial gc" contextid="0" timestamp="2019-06-17T07:19:47.815" intervalms="42.863" />
<gc-start id="1327" type="partial gc" contextid="1326" timestamp="2019-06-17T07:19:47.815">
  <mem-info id="1328" free="83886080" total="256901120" percent="32">
    <mem type="eden" free="0" total="70254592" percent="0" />
    <arraylet-primitive objects="2" leaves="2" largest="1" />
    <remembered-set count="56448" freebytes="10028928" totalbytes="10254720" percent="97" regionsoverflowed="0" regionsstable="2" regionsrebuilding="0"/>
  </mem-info>
</gc-start>
<allocation-stats totalBytes="70244744" >
  <allocated-bytes non-tlh="0" tlh="70244744" arrayletleaf="0"/>
  <largest-consumer threadName="Thread-8" threadId="0000000000D29500" bytes="22590304" />
</allocation-stats>
<gc-op id="1329" type="copy forward" timems="2.750" contextid="1326" timestamp="2019-06-17T07:19:47.818">
  <memory-copied type="eden" objects="3794" bytes="92792" bytesdiscarded="7072" />
  <memory-copied type="other" objects="36363" bytes="1422216" bytesdiscarded="105552" />
  <memory-cardclean objects="7435" bytes="370872" />
  <regions eden="67" other="5" />
  <remembered-set-cleared processed="48753" cleared="2630" durationms="0.272" />
  <stringconstants candidates="4597" cleared="0"  />
</gc-op>
<gc-op id="1330" type="classunload" timems="0.002" contextid="1326" timestamp="2019-06-17T07:19:47.819">
  <classunload-info classloadercandidates="8" classloadersunloaded="0" classesunloaded="0" anonymousclassesunloaded="0" quiescems="0.000" setupms="0.002" scanms="0.000" postms="0.000" />
</gc-op>
<gc-end id="1331" type="partial gc" contextid="1326" durationms="3.663" usertimems="8.000" systemtimems="0.000" timestamp="2019-06-17T07:19:47.819" activeThreads="4">
  <mem-info id="1332" free="154140672" total="256901120" percent="60">
    <mem type="eden" free="948712" total="1048576" percent="90" />
    <arraylet-primitive objects="2" leaves="2" largest="1" />
    <remembered-set count="55424" freebytes="10033024" totalbytes="10254720" percent="97" regionsoverflowed="0" regionsstable="2" regionsrebuilding="0"/>
  </mem-info>
</gc-end>
<cycle-end id="1333" type="partial gc" contextid="1326" timestamp="2019-06-17T07:19:47.819" />
  <attribute name="elasticGC enabled" value="1" />
  <attribute name= "numThreadsSpecified" value="4" />
  <attribute name="heapSize specified" value="0" />
  <attribute name="Current GC Util" value="71" />
  <attribute name= "Current Time Running" value="3335" />
  <attribute name ="GC Interval" value="0" />
  <attribute name="ProportionalT" value="76.500000" />
  <attribute name="ProportionalI" value="76.500000" />
  <attribute name="ProportionalH" value="76.500000" />
  <attribute name="Current Error" value="51.000000" />
  <attribute name="IntegralT" value="51.000000" />
  <attribute name="IntegralI" value="51.000000" />
  <attribute name="IntegralH" value="51.000000" />
  <attribute name="DerivativeT" value="76.500000" />
  <attribute name="DerivativeI" value="76.500000" />
  <attribute name="DerivativeH" value="76.500000" />
  <attribute name="Loop Time for DT" value="1.000000" />
  <attribute name="Output H" value="8388608"/>
  <attribute name="Output I" value="208"/>
  <attribute name="Output T" value="4"/>
  <attribute name="Target GC Util Change" value ="20.000000" />
  <attribute name="Current GC Util Change" value="71.000000"/>
  <attribute name="GC Util currently" value="71" />
  <attribute name="CPU Util currently" value="19319360899234" />
<exclusive-end id="1334" timestamp="2019-06-17T07:19:47.819" durationms="4.566" />

<exclusive-start id="1335" timestamp="2019-06-17T07:19:47.862" intervalms="47.230">
  <response-info timems="0.046" idlems="0.025" threads="1" lastid="0000000000D29500" lastname="Thread-8" />
</exclusive-start>
<allocation-taxation id="1336" taxation-threshold="70254592" timestamp="2019-06-17T07:19:47.862" intervalms="47.255" />
<cycle-start id="1337" type="partial gc" contextid="0" timestamp="2019-06-17T07:19:47.862" intervalms="47.279" />
<gc-start id="1338" type="partial gc" contextid="1337" timestamp="2019-06-17T07:19:47.862">
  <mem-info id="1339" free="83886080" total="256901120" percent="32">
    <mem type="eden" free="0" total="70254592" percent="0" />
    <arraylet-primitive objects="2" leaves="2" largest="1" />
    <remembered-set count="54944" freebytes="10034944" totalbytes="10254720" percent="97" regionsoverflowed="0" regionsstable="2" regionsrebuilding="0"/>
  </mem-info>
</gc-start>
<allocation-stats totalBytes="70245112" >
  <allocated-bytes non-tlh="0" tlh="70245112" arrayletleaf="0"/>
  <largest-consumer threadName="Thread-7" threadId="0000000000D2D100" bytes="28709232" />
</allocation-stats>
<gc-op id="1340" type="copy forward" timems="4.156" contextid="1337" timestamp="2019-06-17T07:19:47.867">
  <memory-copied type="eden" objects="7338" bytes="315160" bytesdiscarded="0" />
  <memory-copied type="other" objects="28782" bytes="1102896" bytesdiscarded="0" />
  <memory-cardclean objects="4029" bytes="207384" />
  <regions eden="67" other="5" />
  <remembered-set-cleared processed="48588" cleared="2825" durationms="0.565" />
  <stringconstants candidates="4597" cleared="0"  />
</gc-op>
<gc-op id="1341" type="classunload" timems="0.002" contextid="1337" timestamp="2019-06-17T07:19:47.867">
  <classunload-info classloadercandidates="8" classloadersunloaded="0" classesunloaded="0" anonymousclassesunloaded="0" quiescems="0.000" setupms="0.002" scanms="0.000" postms="0.000" />
</gc-op>
<gc-end id="1342" type="partial gc" contextid="1337" durationms="5.304" usertimems="8.000" systemtimems="0.000" timestamp="2019-06-17T07:19:47.868" activeThreads="1">
  <mem-info id="1343" free="154140672" total="256901120" percent="60">
    <mem type="eden" free="733416" total="1048576" percent="69" />
    <arraylet-primitive objects="2" leaves="2" largest="1" />
    <remembered-set count="54624" freebytes="10036224" totalbytes="10254720" percent="97" regionsoverflowed="0" regionsstable="2" regionsrebuilding="0"/>
  </mem-info>
</gc-end>
<cycle-end id="1344" type="partial gc" contextid="1337" timestamp="2019-06-17T07:19:47.868" />
  <attribute name="elasticGC enabled" value="1" />
  <attribute name= "numThreadsSpecified" value="1" />
  <attribute name="heapSize specified" value="0" />
  <attribute name="Current GC Util" value="53" />
  <attribute name= "Current Time Running" value="3382" />
  <attribute name ="GC Interval" value="0" />
  <attribute name="ProportionalT" value="49.500000" />
  <attribute name="ProportionalI" value="49.500000" />
  <attribute name="ProportionalH" value="49.500000" />
  <attribute name="Current Error" value="33.000000" />
  <attribute name="IntegralT" value="0.000000" />
  <attribute name="IntegralI" value="0.000000" />
  <attribute name="IntegralH" value="0.000000" />
  <attribute name="DerivativeT" value="inf" />
  <attribute name="DerivativeI" value="inf" />
  <attribute name="DerivativeH" value="inf" />
  <attribute name="Loop Time for DT" value="0.000000" />
  <attribute name="Output H" value="8388608"/>
  <attribute name="Output I" value="200"/>
  <attribute name="Output T" value="1"/>
  <attribute name="Target GC Util Change" value ="20.000000" />
  <attribute name="Current GC Util Change" value="53.000000"/>
  <attribute name="GC Util currently" value="53" />
  <attribute name="CPU Util currently" value="17961566179754" />
<exclusive-end id="1345" timestamp="2019-06-17T07:19:47.868" durationms="6.523" />

<exclusive-start id="1346" timestamp="2019-06-17T07:19:47.904" intervalms="42.397">
  <response-info timems="0.101" idlems="0.101" threads="0" lastid="0000000000D25900" lastname="Thread-10" />
</exclusive-start>
<allocation-taxation id="1347" taxation-threshold="70254592" timestamp="2019-06-17T07:19:47.904" intervalms="42.409" />
<cycle-start id="1348" type="partial gc" contextid="0" timestamp="2019-06-17T07:19:47.904" intervalms="42.388" />
<gc-start id="1349" type="partial gc" contextid="1348" timestamp="2019-06-17T07:19:47.905">
  <mem-info id="1350" free="83886080" total="256901120" percent="32">
    <mem type="eden" free="0" total="70254592" percent="0" />
    <arraylet-primitive objects="2" leaves="2" largest="1" />
    <remembered-set count="54208" freebytes="10037888" totalbytes="10254720" percent="97" regionsoverflowed="0" regionsstable="2" regionsrebuilding="0"/>
  </mem-info>
</gc-start>
<allocation-stats totalBytes="70245504" >
  <allocated-bytes non-tlh="0" tlh="70245504" arrayletleaf="0"/>
  <largest-consumer threadName="Thread-10" threadId="0000000000D25900" bytes="24511472" />
</allocation-stats>
<gc-op id="1351" type="copy forward" timems="2.539" contextid="1348" timestamp="2019-06-17T07:19:47.908">
  <memory-copied type="eden" objects="17449" bytes="695096" bytesdiscarded="47512" />
  <memory-copied type="other" objects="6747" bytes="161928" bytesdiscarded="3384" />
  <memory-cardclean objects="9580" bytes="522744" />
  <regions eden="67" other="3" />
  <remembered-set-cleared processed="48155" cleared="866" durationms="0.248" />
  <stringconstants candidates="4597" cleared="0"  />
</gc-op>
<gc-op id="1352" type="classunload" timems="0.002" contextid="1348" timestamp="2019-06-17T07:19:47.908">
  <classunload-info classloadercandidates="8" classloadersunloaded="0" classesunloaded="0" anonymousclassesunloaded="0" quiescems="0.000" setupms="0.002" scanms="0.000" postms="0.000" />
</gc-op>
<gc-end id="1353" type="partial gc" contextid="1348" durationms="3.585" usertimems="8.000" systemtimems="0.000" timestamp="2019-06-17T07:19:47.908" activeThreads="4">
  <mem-info id="1354" free="153092096" total="256901120" percent="59">
    <mem type="eden" free="305968" total="1048576" percent="29" />
    <arraylet-primitive objects="2" leaves="2" largest="1" />
    <remembered-set count="54592" freebytes="10036352" totalbytes="10254720" percent="97" regionsoverflowed="0" regionsstable="2" regionsrebuilding="0"/>
  </mem-info>
</gc-end>
<cycle-end id="1355" type="partial gc" contextid="1348" timestamp="2019-06-17T07:19:47.908" />
  <attribute name="elasticGC enabled" value="1" />
  <attribute name= "numThreadsSpecified" value="4" />
  <attribute name="heapSize specified" value="0" />
  <attribute name="Current GC Util" value="60" />
  <attribute name= "Current Time Running" value="3425" />
  <attribute name ="GC Interval" value="0" />
  <attribute name="ProportionalT" value="60.000000" />
  <attribute name="ProportionalI" value="60.000000" />
  <attribute name="ProportionalH" value="60.000000" />
  <attribute name="Current Error" value="40.000000" />
  <attribute name="IntegralT" value="40.000000" />
  <attribute name="IntegralI" value="40.000000" />
  <attribute name="IntegralH" value="40.000000" />
  <attribute name="DerivativeT" value="60.000000" />
  <attribute name="DerivativeI" value="60.000000" />
  <attribute name="DerivativeH" value="60.000000" />
  <attribute name="Loop Time for DT" value="1.000000" />
  <attribute name="Output H" value="8388608"/>
  <attribute name="Output I" value="200"/>
  <attribute name="Output T" value="4"/>
  <attribute name="Target GC Util Change" value ="20.000000" />
  <attribute name="Current GC Util Change" value="60.000000"/>
  <attribute name="GC Util currently" value="60" />
  <attribute name="CPU Util currently" value="18031373289766" />
<exclusive-end id="1356" timestamp="2019-06-17T07:19:47.909" durationms="4.499" />

<exclusive-start id="1357" timestamp="2019-06-17T07:19:47.946" intervalms="42.116">
  <response-info timems="0.037" idlems="0.037" threads="0" lastid="0000000000D25900" lastname="Thread-10" />
</exclusive-start>
<allocation-taxation id="1358" taxation-threshold="70254592" timestamp="2019-06-17T07:19:47.946" intervalms="42.060" />
<cycle-start id="1359" type="partial gc" contextid="0" timestamp="2019-06-17T07:19:47.946" intervalms="42.052" />
<gc-start id="1360" type="partial gc" contextid="1359" timestamp="2019-06-17T07:19:47.947">
  <mem-info id="1361" free="82837504" total="256901120" percent="32">
    <mem type="eden" free="0" total="70254592" percent="0" />
    <arraylet-primitive objects="2" leaves="2" largest="1" />
    <remembered-set count="54592" freebytes="10036352" totalbytes="10254720" percent="97" regionsoverflowed="0" regionsstable="2" regionsrebuilding="0"/>
  </mem-info>
</gc-start>
<allocation-stats totalBytes="70245144" >
  <allocated-bytes non-tlh="0" tlh="70245144" arrayletleaf="0"/>
  <largest-consumer threadName="Thread-7" threadId="0000000000D2D100" bytes="23303240" />
</allocation-stats>
<gc-op id="1362" type="copy forward" timems="3.595" contextid="1359" timestamp="2019-06-17T07:19:47.951">
  <memory-copied type="eden" objects="18907" bytes="867352" bytesdiscarded="0" />
  <memory-copied type="other" objects="6299" bytes="151176" bytesdiscarded="0" />
  <memory-cardclean objects="8958" bytes="439464" />
  <regions eden="67" other="4" />
  <remembered-set-cleared processed="48935" cleared="4661" durationms="0.570" />
  <stringconstants candidates="4597" cleared="0"  />
</gc-op>
<gc-op id="1363" type="classunload" timems="0.002" contextid="1359" timestamp="2019-06-17T07:19:47.951">
  <classunload-info classloadercandidates="8" classloadersunloaded="0" classesunloaded="0" anonymousclassesunloaded="0" quiescems="0.000" setupms="0.002" scanms="0.000" postms="0.000" />
</gc-op>
<gc-end id="1364" type="partial gc" contextid="1359" durationms="4.701" usertimems="8.000" systemtimems="0.000" timestamp="2019-06-17T07:19:47.951" activeThreads="1">
  <mem-info id="1365" free="153092096" total="256901120" percent="59">
    <mem type="eden" free="181224" total="1048576" percent="17" />
    <arraylet-primitive objects="2" leaves="2" largest="1" />
    <remembered-set count="51936" freebytes="10046976" totalbytes="10254720" percent="97" regionsoverflowed="0" regionsstable="2" regionsrebuilding="0"/>
  </mem-info>
</gc-end>
<cycle-end id="1366" type="partial gc" contextid="1359" timestamp="2019-06-17T07:19:47.952" />
  <attribute name="elasticGC enabled" value="1" />
  <attribute name= "numThreadsSpecified" value="1" />
  <attribute name="heapSize specified" value="0" />
  <attribute name="Current GC Util" value="61" />
  <attribute name= "Current Time Running" value="3466" />
  <attribute name ="GC Interval" value="0" />
  <attribute name="ProportionalT" value="61.500000" />
  <attribute name="ProportionalI" value="61.500000" />
  <attribute name="ProportionalH" value="61.500000" />
  <attribute name="Current Error" value="41.000000" />
  <attribute name="IntegralT" value="0.000000" />
  <attribute name="IntegralI" value="0.000000" />
  <attribute name="IntegralH" value="0.000000" />
  <attribute name="DerivativeT" value="inf" />
  <attribute name="DerivativeI" value="inf" />
  <attribute name="DerivativeH" value="inf" />
  <attribute name="Loop Time for DT" value="0.000000" />
  <attribute name="Output H" value="8388608"/>
  <attribute name="Output I" value="200"/>
  <attribute name="Output T" value="1"/>
  <attribute name="Target GC Util Change" value ="20.000000" />
  <attribute name="Current GC Util Change" value="61.000000"/>
  <attribute name="GC Util currently" value="61" />
  <attribute name="CPU Util currently" value="19240531366285" />
<exclusive-end id="1367" timestamp="2019-06-17T07:19:47.952" durationms="5.664" />

<exclusive-start id="1368" timestamp="2019-06-17T07:19:47.999" intervalms="53.125">
  <response-info timems="0.220" idlems="0.220" threads="0" lastid="0000000000D2D100" lastname="Thread-7" />
</exclusive-start>
<allocation-taxation id="1369" taxation-threshold="70254592" timestamp="2019-06-17T07:19:47.999" intervalms="53.153" />
<cycle-start id="1370" type="partial gc" contextid="0" timestamp="2019-06-17T07:19:48.000" intervalms="53.123" />
<gc-start id="1371" type="partial gc" contextid="1370" timestamp="2019-06-17T07:19:48.000">
  <mem-info id="1372" free="82837504" total="256901120" percent="32">
    <mem type="eden" free="0" total="70254592" percent="0" />
    <arraylet-primitive objects="2" leaves="2" largest="1" />
    <remembered-set count="51456" freebytes="10048896" totalbytes="10254720" percent="97" regionsoverflowed="0" regionsstable="2" regionsrebuilding="0"/>
  </mem-info>
</gc-start>
<allocation-stats totalBytes="70244752" >
  <allocated-bytes non-tlh="0" tlh="70244752" arrayletleaf="0"/>
  <largest-consumer threadName="Thread-7" threadId="0000000000D2D100" bytes="22963096" />
</allocation-stats>
<gc-op id="1373" type="copy forward" timems="2.577" contextid="1370" timestamp="2019-06-17T07:19:48.003">
  <memory-copied type="eden" objects="13936" bytes="610816" bytesdiscarded="59680" />
  <memory-copied type="other" objects="16623" bytes="673704" bytesdiscarded="26008" />
  <memory-cardclean objects="6847" bytes="342624" />
  <regions eden="67" other="3" />
  <remembered-set-cleared processed="45830" cleared="959" durationms="0.249" />
  <stringconstants candidates="4597" cleared="0"  />
</gc-op>
<gc-op id="1374" type="classunload" timems="0.002" contextid="1370" timestamp="2019-06-17T07:19:48.003">
  <classunload-info classloadercandidates="8" classloadersunloaded="0" classesunloaded="0" anonymousclassesunloaded="0" quiescems="0.000" setupms="0.002" scanms="0.000" postms="0.000" />
</gc-op>
<gc-end id="1375" type="partial gc" contextid="1370" durationms="3.478" usertimems="4.000" systemtimems="0.000" timestamp="2019-06-17T07:19:48.003" activeThreads="4">
  <mem-info id="1376" free="152043520" total="256901120" percent="59">
    <mem type="eden" free="378080" total="1048576" percent="36" />
    <arraylet-primitive objects="2" leaves="2" largest="1" />
    <remembered-set count="52096" freebytes="10046336" totalbytes="10254720" percent="97" regionsoverflowed="0" regionsstable="2" regionsrebuilding="0"/>
  </mem-info>
</gc-end>
<cycle-end id="1377" type="partial gc" contextid="1370" timestamp="2019-06-17T07:19:48.003" />
  <attribute name="elasticGC enabled" value="1" />
  <attribute name= "numThreadsSpecified" value="4" />
  <attribute name="heapSize specified" value="0" />
  <attribute name="Current GC Util" value="54" />
  <attribute name= "Current Time Running" value="3520" />
  <attribute name ="GC Interval" value="0" />
  <attribute name="ProportionalT" value="51.000000" />
  <attribute name="ProportionalI" value="51.000000" />
  <attribute name="ProportionalH" value="51.000000" />
  <attribute name="Current Error" value="34.000000" />
  <attribute name="IntegralT" value="34.000000" />
  <attribute name="IntegralI" value="34.000000" />
  <attribute name="IntegralH" value="34.000000" />
  <attribute name="DerivativeT" value="51.000000" />
  <attribute name="DerivativeI" value="51.000000" />
  <attribute name="DerivativeH" value="51.000000" />
  <attribute name="Loop Time for DT" value="1.000000" />
  <attribute name="Output H" value="8388608"/>
  <attribute name="Output I" value="200"/>
  <attribute name="Output T" value="4"/>
  <attribute name="Target GC Util Change" value ="20.000000" />
  <attribute name="Current GC Util Change" value="54.000000"/>
  <attribute name="GC Util currently" value="54" />
  <attribute name="CPU Util currently" value="17974447423270" />
<exclusive-end id="1378" timestamp="2019-06-17T07:19:48.004" durationms="4.374" />

<exclusive-start id="1379" timestamp="2019-06-17T07:19:48.055" intervalms="56.208">
  <response-info timems="0.211" idlems="0.192" threads="1" lastid="0000000000D29500" lastname="Thread-8" />
</exclusive-start>
<allocation-taxation id="1380" taxation-threshold="70254592" timestamp="2019-06-17T07:19:48.056" intervalms="56.178" />
<cycle-start id="1381" type="partial gc" contextid="0" timestamp="2019-06-17T07:19:48.056" intervalms="56.228" />
<gc-start id="1382" type="partial gc" contextid="1381" timestamp="2019-06-17T07:19:48.056">
  <mem-info id="1383" free="81788928" total="256901120" percent="31">
    <mem type="eden" free="0" total="70254592" percent="0" />
    <arraylet-primitive objects="2" leaves="2" largest="1" />
    <remembered-set count="51840" freebytes="10047360" totalbytes="10254720" percent="97" regionsoverflowed="0" regionsstable="2" regionsrebuilding="0"/>
  </mem-info>
</gc-start>
<allocation-stats totalBytes="70244696" >
  <allocated-bytes non-tlh="0" tlh="70244696" arrayletleaf="0"/>
  <largest-consumer threadName="Thread-10" threadId="0000000000D25900" bytes="24101600" />
</allocation-stats>
<gc-op id="1384" type="copy forward" timems="4.433" contextid="1381" timestamp="2019-06-17T07:19:48.061">
  <memory-copied type="eden" objects="5030" bytes="122160" bytesdiscarded="0" />
  <memory-copied type="other" objects="30241" bytes="1275288" bytesdiscarded="0" />
  <memory-cardclean objects="6616" bytes="331560" />
  <regions eden="67" other="4" />
  <remembered-set-cleared processed="46150" cleared="1279" durationms="0.597" />
  <stringconstants candidates="4597" cleared="0"  />
</gc-op>
<gc-op id="1385" type="classunload" timems="0.002" contextid="1381" timestamp="2019-06-17T07:19:48.061">
  <classunload-info classloadercandidates="8" classloadersunloaded="0" classesunloaded="0" anonymousclassesunloaded="0" quiescems="0.000" setupms="0.002" scanms="0.000" postms="0.000" />
</gc-op>
<gc-end id="1386" type="partial gc" contextid="1381" durationms="5.615" usertimems="12.000" systemtimems="0.000" timestamp="2019-06-17T07:19:48.062" activeThreads="1">
  <mem-info id="1387" free="150994944" total="256901120" percent="58">
    <mem type="eden" free="926416" total="1048576" percent="88" />
    <arraylet-primitive objects="2" leaves="2" largest="1" />
    <remembered-set count="53536" freebytes="10040576" totalbytes="10254720" percent="97" regionsoverflowed="0" regionsstable="2" regionsrebuilding="0"/>
  </mem-info>
</gc-end>
<cycle-end id="1388" type="partial gc" contextid="1381" timestamp="2019-06-17T07:19:48.062" />
  <attribute name="elasticGC enabled" value="1" />
  <attribute name= "numThreadsSpecified" value="1" />
  <attribute name="heapSize specified" value="0" />
  <attribute name="Current GC Util" value="48" />
  <attribute name= "Current Time Running" value="3576" />
  <attribute name ="GC Interval" value="0" />
  <attribute name="ProportionalT" value="42.000000" />
  <attribute name="ProportionalI" value="42.000000" />
  <attribute name="ProportionalH" value="42.000000" />
  <attribute name="Current Error" value="28.000000" />
  <attribute name="IntegralT" value="0.000000" />
  <attribute name="IntegralI" value="0.000000" />
  <attribute name="IntegralH" value="0.000000" />
  <attribute name="DerivativeT" value="inf" />
  <attribute name="DerivativeI" value="inf" />
  <attribute name="DerivativeH" value="inf" />
  <attribute name="Loop Time for DT" value="0.000000" />
  <attribute name="Output H" value="8388608"/>
  <attribute name="Output I" value="200"/>
  <attribute name="Output T" value="1"/>
  <attribute name="Target GC Util Change" value ="20.000000" />
  <attribute name="Current GC Util Change" value="48.000000"/>
  <attribute name="GC Util currently" value="48" />
  <attribute name="CPU Util currently" value="18098173187523" />
<exclusive-end id="1389" timestamp="2019-06-17T07:19:48.062" durationms="6.648" />

<exclusive-start id="1390" timestamp="2019-06-17T07:19:48.115" intervalms="59.169">
  <response-info timems="0.210" idlems="0.189" threads="1" lastid="0000000000D21D00" lastname="Thread-9" />
</exclusive-start>
<allocation-taxation id="1391" taxation-threshold="70254592" timestamp="2019-06-17T07:19:48.115" intervalms="59.209" />
<cycle-start id="1392" type="partial gc" contextid="0" timestamp="2019-06-17T07:19:48.115" intervalms="59.210" />
<gc-start id="1393" type="partial gc" contextid="1392" timestamp="2019-06-17T07:19:48.115">
  <mem-info id="1394" free="80740352" total="256901120" percent="31">
    <mem type="eden" free="0" total="70254592" percent="0" />
    <arraylet-primitive objects="2" leaves="2" largest="1" />
    <remembered-set count="53152" freebytes="10042112" totalbytes="10254720" percent="97" regionsoverflowed="0" regionsstable="2" regionsrebuilding="0"/>
  </mem-info>
</gc-start>
<allocation-stats totalBytes="70244784" >
  <allocated-bytes non-tlh="0" tlh="70244784" arrayletleaf="0"/>
  <largest-consumer threadName="Thread-10" threadId="0000000000D25900" bytes="24589024" />
</allocation-stats>
<gc-op id="1395" type="copy forward" timems="4.003" contextid="1392" timestamp="2019-06-17T07:19:48.120">
  <memory-copied type="eden" objects="7423" bytes="316968" bytesdiscarded="0" />
  <memory-copied type="other" objects="25419" bytes="1022184" bytesdiscarded="0" />
  <memory-cardclean objects="4752" bytes="242088" />
  <regions eden="67" other="4" />
  <remembered-set-cleared processed="46814" cleared="1408" durationms="0.567" />
  <stringconstants candidates="4597" cleared="0"  />
</gc-op>
<gc-op id="1396" type="classunload" timems="0.002" contextid="1392" timestamp="2019-06-17T07:19:48.120">
  <classunload-info classloadercandidates="8" classloadersunloaded="0" classesunloaded="0" anonymousclassesunloaded="0" quiescems="0.000" setupms="0.002" scanms="0.000" postms="0.000" />
</gc-op>
<gc-end id="1397" type="partial gc" contextid="1392" durationms="5.044" usertimems="4.000" systemtimems="0.000" timestamp="2019-06-17T07:19:48.120" activeThreads="1">
  <mem-info id="1398" free="149946368" total="256901120" percent="58">
    <mem type="eden" free="731608" total="1048576" percent="69" />
    <arraylet-primitive objects="2" leaves="2" largest="1" />
    <remembered-set count="53536" freebytes="10040576" totalbytes="10254720" percent="97" regionsoverflowed="0" regionsstable="2" regionsrebuilding="0"/>
  </mem-info>
</gc-end>
<cycle-end id="1399" type="partial gc" contextid="1392" timestamp="2019-06-17T07:19:48.121" />
  <attribute name="elasticGC enabled" value="1" />
  <attribute name= "numThreadsSpecified" value="1" />
  <attribute name="heapSize specified" value="0" />
  <attribute name="Current GC Util" value="68" />
  <attribute name= "Current Time Running" value="3635" />
  <attribute name ="GC Interval" value="0" />
  <attribute name="ProportionalT" value="72.000000" />
  <attribute name="ProportionalI" value="72.000000" />
  <attribute name="ProportionalH" value="72.000000" />
  <attribute name="Current Error" value="48.000000" />
  <attribute name="IntegralT" value="0.000000" />
  <attribute name="IntegralI" value="0.000000" />
  <attribute name="IntegralH" value="0.000000" />
  <attribute name="DerivativeT" value="inf" />
  <attribute name="DerivativeI" value="inf" />
  <attribute name="DerivativeH" value="inf" />
  <attribute name="Loop Time for DT" value="0.000000" />
  <attribute name="Output H" value="8388608"/>
  <attribute name="Output I" value="200"/>
  <attribute name="Output T" value="1"/>
  <attribute name="Target GC Util Change" value ="20.000000" />
  <attribute name="Current GC Util Change" value="68.000000"/>
  <attribute name="GC Util currently" value="68" />
  <attribute name="CPU Util currently" value="19653885659769" />
<exclusive-end id="1400" timestamp="2019-06-17T07:19:48.121" durationms="6.201" />

<exclusive-start id="1401" timestamp="2019-06-17T07:19:48.172" intervalms="57.484">
  <response-info timems="0.042" idlems="0.042" threads="0" lastid="0000000000D25900" lastname="Thread-10" />
</exclusive-start>
<allocation-taxation id="1402" taxation-threshold="70254592" timestamp="2019-06-17T07:19:48.172" intervalms="57.468" />
<cycle-start id="1403" type="partial gc" contextid="0" timestamp="2019-06-17T07:19:48.172" intervalms="57.447" />
<gc-start id="1404" type="partial gc" contextid="1403" timestamp="2019-06-17T07:19:48.173">
  <mem-info id="1405" free="79691776" total="256901120" percent="31">
    <mem type="eden" free="0" total="70254592" percent="0" />
    <arraylet-primitive objects="2" leaves="2" largest="1" />
    <remembered-set count="53344" freebytes="10041344" totalbytes="10254720" percent="97" regionsoverflowed="0" regionsstable="2" regionsrebuilding="0"/>
  </mem-info>
</gc-start>
<allocation-stats totalBytes="70244968" >
  <allocated-bytes non-tlh="0" tlh="70244968" arrayletleaf="0"/>
  <largest-consumer threadName="Thread-7" threadId="0000000000D2D100" bytes="26161688" />
</allocation-stats>
<gc-op id="1406" type="copy forward" timems="3.466" contextid="1403" timestamp="2019-06-17T07:19:48.177">
  <memory-copied type="eden" objects="4493" bytes="109032" bytesdiscarded="0" />
  <memory-copied type="other" objects="17688" bytes="699264" bytesdiscarded="0" />
  <memory-cardclean objects="8296" bytes="446064" />
  <regions eden="67" other="3" />
  <remembered-set-cleared processed="47401" cleared="898" durationms="0.560" />
  <stringconstants candidates="4597" cleared="0"  />
</gc-op>
<gc-op id="1407" type="classunload" timems="0.002" contextid="1403" timestamp="2019-06-17T07:19:48.177">
  <classunload-info classloadercandidates="8" classloadersunloaded="0" classesunloaded="0" anonymousclassesunloaded="0" quiescems="0.000" setupms="0.002" scanms="0.000" postms="0.000" />
</gc-op>
<gc-end id="1408" type="partial gc" contextid="1403" durationms="4.517" usertimems="8.000" systemtimems="0.000" timestamp="2019-06-17T07:19:48.177" activeThreads="1">
  <mem-info id="1409" free="148897792" total="256901120" percent="57">
    <mem type="eden" free="939544" total="1048576" percent="89" />
    <arraylet-primitive objects="2" leaves="2" largest="1" />
    <remembered-set count="55136" freebytes="10034176" totalbytes="10254720" percent="97" regionsoverflowed="0" regionsstable="2" regionsrebuilding="0"/>
  </mem-info>
</gc-end>
<cycle-end id="1410" type="partial gc" contextid="1403" timestamp="2019-06-17T07:19:48.177" />
  <attribute name="elasticGC enabled" value="1" />
  <attribute name= "numThreadsSpecified" value="1" />
  <attribute name="heapSize specified" value="0" />
  <attribute name="Current GC Util" value="70" />
  <attribute name= "Current Time Running" value="3692" />
  <attribute name ="GC Interval" value="0" />
  <attribute name="ProportionalT" value="75.000000" />
  <attribute name="ProportionalI" value="75.000000" />
  <attribute name="ProportionalH" value="75.000000" />
  <attribute name="Current Error" value="50.000000" />
  <attribute name="IntegralT" value="0.000000" />
  <attribute name="IntegralI" value="0.000000" />
  <attribute name="IntegralH" value="0.000000" />
  <attribute name="DerivativeT" value="inf" />
  <attribute name="DerivativeI" value="inf" />
  <attribute name="DerivativeH" value="inf" />
  <attribute name="Loop Time for DT" value="0.000000" />
  <attribute name="Output H" value="8388608"/>
  <attribute name="Output I" value="200"/>
  <attribute name="Output T" value="1"/>
  <attribute name="Target GC Util Change" value ="20.000000" />
  <attribute name="Current GC Util Change" value="70.000000"/>
  <attribute name="GC Util currently" value="70" />
  <attribute name="CPU Util currently" value="18291630971391" />
<exclusive-end id="1411" timestamp="2019-06-17T07:19:48.178" durationms="5.575" />

<exclusive-start id="1412" timestamp="2019-06-17T07:19:48.224" intervalms="52.277">
  <response-info timems="0.037" idlems="0.037" threads="0" lastid="0000000000D25900" lastname="Thread-10" />
</exclusive-start>
<allocation-taxation id="1413" taxation-threshold="70254592" timestamp="2019-06-17T07:19:48.225" intervalms="52.318" />
<cycle-start id="1414" type="partial gc" contextid="0" timestamp="2019-06-17T07:19:48.225" intervalms="52.317" />
<gc-start id="1415" type="partial gc" contextid="1414" timestamp="2019-06-17T07:19:48.225">
  <mem-info id="1416" free="78643200" total="256901120" percent="30">
    <mem type="eden" free="0" total="70254592" percent="0" />
    <arraylet-primitive objects="2" leaves="2" largest="1" />
    <remembered-set count="54784" freebytes="10035584" totalbytes="10254720" percent="97" regionsoverflowed="0" regionsstable="2" regionsrebuilding="0"/>
  </mem-info>
</gc-start>
<allocation-stats totalBytes="70244104" >
  <allocated-bytes non-tlh="0" tlh="70244104" arrayletleaf="0"/>
  <largest-consumer threadName="Thread-7" threadId="0000000000D2D100" bytes="22729440" />
</allocation-stats>
<gc-op id="1417" type="copy forward" timems="3.482" contextid="1414" timestamp="2019-06-17T07:19:48.229">
  <memory-copied type="eden" objects="14537" bytes="624968" bytesdiscarded="0" />
  <memory-copied type="other" objects="7345" bytes="176280" bytesdiscarded="0" />
  <memory-cardclean objects="10905" bytes="548208" />
  <regions eden="67" other="4" />
  <remembered-set-cleared processed="48130" cleared="2358" durationms="0.568" />
  <stringconstants candidates="4597" cleared="0"  />
</gc-op>
<gc-op id="1418" type="classunload" timems="0.003" contextid="1414" timestamp="2019-06-17T07:19:48.229">
  <classunload-info classloadercandidates="8" classloadersunloaded="0" classesunloaded="0" anonymousclassesunloaded="0" quiescems="0.000" setupms="0.003" scanms="0.000" postms="0.000" />
</gc-op>
<gc-end id="1419" type="partial gc" contextid="1414" durationms="4.639" usertimems="8.000" systemtimems="4.000" timestamp="2019-06-17T07:19:48.230" activeThreads="1">
  <mem-info id="1420" free="148897792" total="256901120" percent="57">
    <mem type="eden" free="423608" total="1048576" percent="40" />
    <arraylet-primitive objects="2" leaves="2" largest="1" />
    <remembered-set count="53824" freebytes="10039424" totalbytes="10254720" percent="97" regionsoverflowed="0" regionsstable="2" regionsrebuilding="0"/>
  </mem-info>
</gc-end>
<cycle-end id="1421" type="partial gc" contextid="1414" timestamp="2019-06-17T07:19:48.230" />
  <attribute name="elasticGC enabled" value="1" />
  <attribute name= "numThreadsSpecified" value="1" />
  <attribute name="heapSize specified" value="0" />
  <attribute name="Current GC Util" value="61" />
  <attribute name= "Current Time Running" value="3745" />
  <attribute name ="GC Interval" value="0" />
  <attribute name="ProportionalT" value="61.500000" />
  <attribute name="ProportionalI" value="61.500000" />
  <attribute name="ProportionalH" value="61.500000" />
  <attribute name="Current Error" value="41.000000" />
  <attribute name="IntegralT" value="0.000000" />
  <attribute name="IntegralI" value="0.000000" />
  <attribute name="IntegralH" value="0.000000" />
  <attribute name="DerivativeT" value="inf" />
  <attribute name="DerivativeI" value="inf" />
  <attribute name="DerivativeH" value="inf" />
  <attribute name="Loop Time for DT" value="0.000000" />
  <attribute name="Output H" value="8388608"/>
  <attribute name="Output I" value="200"/>
  <attribute name="Output T" value="1"/>
  <attribute name="Target GC Util Change" value ="20.000000" />
  <attribute name="Current GC Util Change" value="61.000000"/>
  <attribute name="GC Util currently" value="61" />
  <attribute name="CPU Util currently" value="15717066721615" />
<exclusive-end id="1422" timestamp="2019-06-17T07:19:48.230" durationms="5.676" />

<exclusive-start id="1423" timestamp="2019-06-17T07:19:48.276" intervalms="51.730">
  <response-info timems="0.036" idlems="0.036" threads="0" lastid="0000000000D29500" lastname="Thread-8" />
</exclusive-start>
<allocation-taxation id="1424" taxation-threshold="70254592" timestamp="2019-06-17T07:19:48.276" intervalms="51.706" />
<cycle-start id="1425" type="partial gc" contextid="0" timestamp="2019-06-17T07:19:48.277" intervalms="51.738" />
<gc-start id="1426" type="partial gc" contextid="1425" timestamp="2019-06-17T07:19:48.277">
  <mem-info id="1427" free="78643200" total="256901120" percent="30">
    <mem type="eden" free="0" total="70254592" percent="0" />
    <arraylet-primitive objects="2" leaves="2" largest="1" />
    <remembered-set count="53728" freebytes="10039808" totalbytes="10254720" percent="97" regionsoverflowed="0" regionsstable="2" regionsrebuilding="0"/>
  </mem-info>
</gc-start>
<allocation-stats totalBytes="70244368" >
  <allocated-bytes non-tlh="0" tlh="70244368" arrayletleaf="0"/>
  <largest-consumer threadName="Thread-10" threadId="0000000000D25900" bytes="26661048" />
</allocation-stats>
<gc-op id="1428" type="copy forward" timems="2.512" contextid="1425" timestamp="2019-06-17T07:19:48.280">
  <memory-copied type="eden" objects="5142" bytes="124336" bytesdiscarded="11880" />
  <memory-copied type="other" objects="19075" bytes="732552" bytesdiscarded="22920" />
  <memory-cardclean objects="10112" bytes="491256" />
  <regions eden="67" other="4" />
  <remembered-set-cleared processed="47501" cleared="2281" durationms="0.251" />
  <stringconstants candidates="4597" cleared="0"  />
</gc-op>
<gc-op id="1429" type="classunload" timems="0.002" contextid="1425" timestamp="2019-06-17T07:19:48.280">
  <classunload-info classloadercandidates="8" classloadersunloaded="0" classesunloaded="0" anonymousclassesunloaded="0" quiescems="0.000" setupms="0.002" scanms="0.000" postms="0.000" />
</gc-op>
<gc-end id="1430" type="partial gc" contextid="1425" durationms="3.570" usertimems="4.000" systemtimems="0.000" timestamp="2019-06-17T07:19:48.280" activeThreads="4">
  <mem-info id="1431" free="148897792" total="256901120" percent="57">
    <mem type="eden" free="912360" total="1048576" percent="87" />
    <arraylet-primitive objects="2" leaves="2" largest="1" />
    <remembered-set count="52832" freebytes="10043392" totalbytes="10254720" percent="97" regionsoverflowed="0" regionsstable="2" regionsrebuilding="0"/>
  </mem-info>
</gc-end>
<cycle-end id="1432" type="partial gc" contextid="1425" timestamp="2019-06-17T07:19:48.280" />
  <attribute name="elasticGC enabled" value="1" />
  <attribute name= "numThreadsSpecified" value="4" />
  <attribute name="heapSize specified" value="0" />
  <attribute name="Current GC Util" value="65" />
  <attribute name= "Current Time Running" value="3797" />
  <attribute name ="GC Interval" value="0" />
  <attribute name="ProportionalT" value="67.500000" />
  <attribute name="ProportionalI" value="67.500000" />
  <attribute name="ProportionalH" value="67.500000" />
  <attribute name="Current Error" value="45.000000" />
  <attribute name="IntegralT" value="45.000000" />
  <attribute name="IntegralI" value="45.000000" />
  <attribute name="IntegralH" value="45.000000" />
  <attribute name="DerivativeT" value="67.500000" />
  <attribute name="DerivativeI" value="67.500000" />
  <attribute name="DerivativeH" value="67.500000" />
  <attribute name="Loop Time for DT" value="1.000000" />
  <attribute name="Output H" value="8388608"/>
  <attribute name="Output I" value="200"/>
  <attribute name="Output T" value="4"/>
  <attribute name="Target GC Util Change" value ="20.000000" />
  <attribute name="Current GC Util Change" value="65.000000"/>
  <attribute name="GC Util currently" value="65" />
  <attribute name="CPU Util currently" value="17829831821084" />
<exclusive-end id="1433" timestamp="2019-06-17T07:19:48.281" durationms="4.628" />

<exclusive-start id="1434" timestamp="2019-06-17T07:19:48.322" intervalms="46.170">
  <response-info timems="0.215" idlems="0.192" threads="1" lastid="0000000000D2D100" lastname="Thread-7" />
</exclusive-start>
<allocation-taxation id="1435" taxation-threshold="70254592" timestamp="2019-06-17T07:19:48.322" intervalms="46.152" />
<cycle-start id="1436" type="partial gc" contextid="0" timestamp="2019-06-17T07:19:48.323" intervalms="46.126" />
<gc-start id="1437" type="partial gc" contextid="1436" timestamp="2019-06-17T07:19:48.323">
  <mem-info id="1438" free="78643200" total="256901120" percent="30">
    <mem type="eden" free="0" total="70254592" percent="0" />
    <arraylet-primitive objects="2" leaves="2" largest="1" />
    <remembered-set count="52512" freebytes="10044672" totalbytes="10254720" percent="97" regionsoverflowed="0" regionsstable="2" regionsrebuilding="0"/>
  </mem-info>
</gc-start>
<allocation-stats totalBytes="70243880" >
  <allocated-bytes non-tlh="0" tlh="70243880" arrayletleaf="0"/>
  <largest-consumer threadName="Thread-8" threadId="0000000000D29500" bytes="24584632" />
</allocation-stats>
<gc-op id="1439" type="copy forward" timems="2.575" contextid="1436" timestamp="2019-06-17T07:19:48.326">
  <memory-copied type="eden" objects="16362" bytes="669176" bytesdiscarded="43568" />
  <memory-copied type="other" objects="14853" bytes="493848" bytesdiscarded="10432" />
  <memory-cardclean objects="11160" bytes="545616" />
  <regions eden="67" other="4" />
  <remembered-set-cleared processed="46842" cleared="1734" durationms="0.250" />
  <stringconstants candidates="4597" cleared="0"  />
</gc-op>
<gc-op id="1440" type="classunload" timems="0.003" contextid="1436" timestamp="2019-06-17T07:19:48.326">
  <classunload-info classloadercandidates="8" classloadersunloaded="0" classesunloaded="0" anonymousclassesunloaded="0" quiescems="0.000" setupms="0.003" scanms="0.000" postms="0.000" />
</gc-op>
<gc-end id="1441" type="partial gc" contextid="1436" durationms="3.574" usertimems="12.000" systemtimems="0.000" timestamp="2019-06-17T07:19:48.326" activeThreads="4">
  <mem-info id="1442" free="147849216" total="256901120" percent="57">
    <mem type="eden" free="335832" total="1048576" percent="32" />
    <arraylet-primitive objects="2" leaves="2" largest="1" />
    <remembered-set count="53728" freebytes="10039808" totalbytes="10254720" percent="97" regionsoverflowed="0" regionsstable="2" regionsrebuilding="0"/>
  </mem-info>
</gc-end>
<cycle-end id="1443" type="partial gc" contextid="1436" timestamp="2019-06-17T07:19:48.327" />
  <attribute name="elasticGC enabled" value="1" />
  <attribute name= "numThreadsSpecified" value="4" />
  <attribute name="heapSize specified" value="0" />
  <attribute name="Current GC Util" value="62" />
  <attribute name= "Current Time Running" value="3843" />
  <attribute name ="GC Interval" value="0" />
  <attribute name="ProportionalT" value="63.000000" />
  <attribute name="ProportionalI" value="63.000000" />
  <attribute name="ProportionalH" value="63.000000" />
  <attribute name="Current Error" value="42.000000" />
  <attribute name="IntegralT" value="42.000000" />
  <attribute name="IntegralI" value="42.000000" />
  <attribute name="IntegralH" value="42.000000" />
  <attribute name="DerivativeT" value="63.000000" />
  <attribute name="DerivativeI" value="63.000000" />
  <attribute name="DerivativeH" value="63.000000" />
  <attribute name="Loop Time for DT" value="1.000000" />
  <attribute name="Output H" value="8388608"/>
  <attribute name="Output I" value="200"/>
  <attribute name="Output T" value="4"/>
  <attribute name="Target GC Util Change" value ="20.000000" />
  <attribute name="Current GC Util Change" value="62.000000"/>
  <attribute name="GC Util currently" value="62" />
  <attribute name="CPU Util currently" value="18522687017234" />
<exclusive-end id="1444" timestamp="2019-06-17T07:19:48.327" durationms="4.466" />

<exclusive-start id="1445" timestamp="2019-06-17T07:19:48.371" intervalms="48.252">
  <response-info timems="0.029" idlems="0.029" threads="0" lastid="0000000000D29500" lastname="Thread-8" />
</exclusive-start>
<allocation-taxation id="1446" taxation-threshold="70254592" timestamp="2019-06-17T07:19:48.371" intervalms="48.255" />
<cycle-start id="1447" type="partial gc" contextid="0" timestamp="2019-06-17T07:19:48.371" intervalms="48.272" />
<gc-start id="1448" type="partial gc" contextid="1447" timestamp="2019-06-17T07:19:48.371">
  <mem-info id="1449" free="77594624" total="256901120" percent="30">
    <mem type="eden" free="0" total="70254592" percent="0" />
    <arraylet-primitive objects="2" leaves="2" largest="1" />
    <remembered-set count="53472" freebytes="10040832" totalbytes="10254720" percent="97" regionsoverflowed="0" regionsstable="2" regionsrebuilding="0"/>
  </mem-info>
</gc-start>
<allocation-stats totalBytes="70244992" >
  <allocated-bytes non-tlh="0" tlh="70244992" arrayletleaf="0"/>
  <largest-consumer threadName="Thread-9" threadId="0000000000D21D00" bytes="27398416" />
</allocation-stats>
<gc-op id="1450" type="copy forward" timems="4.402" contextid="1447" timestamp="2019-06-17T07:19:48.376">
  <memory-copied type="eden" objects="10441" bytes="389592" bytesdiscarded="0" />
  <memory-copied type="other" objects="26120" bytes="1039008" bytesdiscarded="0" />
  <memory-cardclean objects="6675" bytes="334344" />
  <regions eden="67" other="3" />
  <remembered-set-cleared processed="47782" cleared="1522" durationms="0.588" />
  <stringconstants candidates="4597" cleared="0"  />
</gc-op>
<gc-op id="1451" type="classunload" timems="0.003" contextid="1447" timestamp="2019-06-17T07:19:48.376">
  <classunload-info classloadercandidates="8" classloadersunloaded="0" classesunloaded="0" anonymousclassesunloaded="0" quiescems="0.000" setupms="0.003" scanms="0.000" postms="0.000" />
</gc-op>
<gc-op id="1452" type="compact" timems="1.270" contextid="1447" timestamp="2019-06-17T07:19:48.378">
  <compact-info movecount="0" movebytes="0" />
  <remembered-set-cleared processed="97778" cleared="1522" durationms="0.588" />
</gc-op>
<gc-end id="1453" type="partial gc" contextid="1447" durationms="6.994" usertimems="12.000" systemtimems="0.000" timestamp="2019-06-17T07:19:48.378" activeThreads="4">
  <mem-info id="1454" free="146800640" total="256901120" percent="57">
    <mem type="eden" free="658984" total="1048576" percent="62" />
    <arraylet-primitive objects="2" leaves="2" largest="1" />
    <remembered-set count="53216" freebytes="10041856" totalbytes="10254720" percent="97" regionsoverflowed="0" regionsstable="2" regionsrebuilding="0"/>
  </mem-info>
</gc-end>
<cycle-end id="1455" type="partial gc" contextid="1447" timestamp="2019-06-17T07:19:48.378" />
  <attribute name="elasticGC enabled" value="1" />
  <attribute name= "numThreadsSpecified" value="4" />
  <attribute name="heapSize specified" value="0" />
  <attribute name="Current GC Util" value="0" />
  <attribute name= "Current Time Running" value="3896" />
  <attribute name ="GC Interval" value="0" />
  <attribute name="ProportionalT" value="-30.000000" />
  <attribute name="ProportionalI" value="-30.000000" />
  <attribute name="ProportionalH" value="-30.000000" />
  <attribute name="Current Error" value="-20.000000" />
  <attribute name="IntegralT" value="-100.000000" />
  <attribute name="IntegralI" value="-100.000000" />
  <attribute name="IntegralH" value="-100.000000" />
  <attribute name="DerivativeT" value="-18.600000" />
  <attribute name="DerivativeI" value="-18.600000" />
  <attribute name="DerivativeH" value="-18.600000" />
  <attribute name="Loop Time for DT" value="5.000000" />
  <attribute name="Output H" value="2091843584"/>
  <attribute name="Output I" value="200"/>
  <attribute name="Output T" value="4"/>
  <attribute name="Target GC Util Change" value ="20.000000" />
  <attribute name="Current GC Util Change" value="0.000000"/>
  <attribute name="GC Util currently" value="0" />
  <attribute name="CPU Util currently" value="963764420866" />
<exclusive-end id="1456" timestamp="2019-06-17T07:19:48.379" durationms="8.073" />

<exclusive-start id="1457" timestamp="2019-06-17T07:19:48.417" intervalms="46.603">
  <response-info timems="1.812" idlems="0.924" threads="1" lastid="0000000000D2D100" lastname="Thread-7" />
</exclusive-start>
<allocation-taxation id="1458" taxation-threshold="70254592" timestamp="2019-06-17T07:19:48.417" intervalms="46.605" />
<cycle-start id="1459" type="partial gc" contextid="0" timestamp="2019-06-17T07:19:48.418" intervalms="46.650" />
<gc-start id="1460" type="partial gc" contextid="1459" timestamp="2019-06-17T07:19:48.418">
  <mem-info id="1461" free="76546048" total="256901120" percent="29">
    <mem type="eden" free="0" total="70254592" percent="0" />
    <arraylet-primitive objects="2" leaves="2" largest="1" />
    <remembered-set count="53216" freebytes="10041856" totalbytes="10254720" percent="97" regionsoverflowed="0" regionsstable="2" regionsrebuilding="0"/>
  </mem-info>
</gc-start>
<allocation-stats totalBytes="70244184" >
  <allocated-bytes non-tlh="0" tlh="70244184" arrayletleaf="0"/>
  <largest-consumer threadName="Thread-9" threadId="0000000000D21D00" bytes="26161352" />
</allocation-stats>
<gc-op id="1462" type="copy forward" timems="4.284" contextid="1459" timestamp="2019-06-17T07:19:48.423">
  <memory-copied type="eden" objects="14766" bytes="630624" bytesdiscarded="0" />
  <memory-copied type="other" objects="20275" bytes="761352" bytesdiscarded="0" />
  <memory-cardclean objects="6673" bytes="334296" />
  <regions eden="67" other="4" />
  <remembered-set-cleared processed="48074" cleared="1804" durationms="0.575" />
  <stringconstants candidates="4597" cleared="0"  />
</gc-op>
<gc-op id="1463" type="classunload" timems="0.002" contextid="1459" timestamp="2019-06-17T07:19:48.423">
  <classunload-info classloadercandidates="8" classloadersunloaded="0" classesunloaded="0" anonymousclassesunloaded="0" quiescems="0.000" setupms="0.002" scanms="0.000" postms="0.000" />
</gc-op>
<gc-op id="1464" type="compact" timems="1.235" contextid="1459" timestamp="2019-06-17T07:19:48.425">
  <compact-info movecount="0" movebytes="0" />
  <remembered-set-cleared processed="97597" cleared="1804" durationms="0.575" />
</gc-op>
<gc-end id="1465" type="partial gc" contextid="1459" durationms="6.951" usertimems="8.000" systemtimems="0.000" timestamp="2019-06-17T07:19:48.425" activeThreads="4">
  <mem-info id="1466" free="145752064" total="256901120" percent="56">
    <mem type="eden" free="417952" total="1048576" percent="39" />
    <arraylet-primitive objects="2" leaves="2" largest="1" />
    <remembered-set count="52800" freebytes="10043520" totalbytes="10254720" percent="97" regionsoverflowed="0" regionsstable="2" regionsrebuilding="0"/>
  </mem-info>
</gc-end>
<cycle-end id="1467" type="partial gc" contextid="1459" timestamp="2019-06-17T07:19:48.425" />
  <attribute name="elasticGC enabled" value="1" />
  <attribute name= "numThreadsSpecified" value="4" />
  <attribute name="heapSize specified" value="0" />
  <attribute name="Current GC Util" value="0" />
  <attribute name= "Current Time Running" value="3942" />
  <attribute name ="GC Interval" value="0" />
  <attribute name="ProportionalT" value="-30.000000" />
  <attribute name="ProportionalI" value="-30.000000" />
  <attribute name="ProportionalH" value="-30.000000" />
  <attribute name="Current Error" value="-20.000000" />
  <attribute name="IntegralT" value="-80.000000" />
  <attribute name="IntegralI" value="-80.000000" />
  <attribute name="IntegralH" value="-80.000000" />
  <attribute name="DerivativeT" value="-18.375000" />
  <attribute name="DerivativeI" value="-18.375000" />
  <attribute name="DerivativeH" value="-18.375000" />
  <attribute name="Loop Time for DT" value="4.000000" />
  <attribute name="Output H" value="2091843584"/>
  <attribute name="Output I" value="200"/>
  <attribute name="Output T" value="4"/>
  <attribute name="Target GC Util Change" value ="20.000000" />
  <attribute name="Current GC Util Change" value="0.000000"/>
  <attribute name="GC Util currently" value="0" />
  <attribute name="CPU Util currently" value="982840047021" />
<exclusive-end id="1468" timestamp="2019-06-17T07:19:48.425" durationms="8.047" />

<exclusive-start id="1469" timestamp="2019-06-17T07:19:48.465" intervalms="47.484">
  <response-info timems="0.066" idlems="0.041" threads="1" lastid="0000000000D29500" lastname="Thread-8" />
</exclusive-start>
<allocation-taxation id="1470" taxation-threshold="70254592" timestamp="2019-06-17T07:19:48.465" intervalms="47.420" />
<cycle-start id="1471" type="partial gc" contextid="0" timestamp="2019-06-17T07:19:48.465" intervalms="47.279" />
<gc-start id="1472" type="partial gc" contextid="1471" timestamp="2019-06-17T07:19:48.465">
  <mem-info id="1473" free="75497472" total="256901120" percent="29">
    <mem type="eden" free="0" total="70254592" percent="0" />
    <arraylet-primitive objects="2" leaves="2" largest="1" />
    <remembered-set count="52800" freebytes="10043520" totalbytes="10254720" percent="97" regionsoverflowed="0" regionsstable="2" regionsrebuilding="0"/>
  </mem-info>
</gc-start>
<allocation-stats totalBytes="70244064" >
  <allocated-bytes non-tlh="0" tlh="70244064" arrayletleaf="0"/>
  <largest-consumer threadName="Thread-10" threadId="0000000000D25900" bytes="28966664" />
</allocation-stats>
<gc-op id="1474" type="copy forward" timems="2.276" contextid="1471" timestamp="2019-06-17T07:19:48.468">
  <memory-copied type="eden" objects="13060" bytes="589248" bytesdiscarded="28160" />
  <memory-copied type="other" objects="17153" bytes="686424" bytesdiscarded="28128" />
  <memory-cardclean objects="2736" bytes="141264" />
  <regions eden="67" other="4" />
  <remembered-set-cleared processed="48587" cleared="3613" durationms="0.266" />
  <stringconstants candidates="4597" cleared="0"  />
</gc-op>
<gc-op id="1475" type="classunload" timems="0.003" contextid="1471" timestamp="2019-06-17T07:19:48.468">
  <classunload-info classloadercandidates="8" classloadersunloaded="0" classesunloaded="0" anonymousclassesunloaded="0" quiescems="0.000" setupms="0.003" scanms="0.000" postms="0.000" />
</gc-op>
<gc-op id="1476" type="compact" timems="0.991" contextid="1471" timestamp="2019-06-17T07:19:48.469">
  <compact-info movecount="0" movebytes="0" />
  <remembered-set-cleared processed="95620" cleared="3613" durationms="0.266" />
</gc-op>
<heap-resize id="1477" type="expand" space="default" amount="20971520" count="1" timems="0.169" reason="excessive time being spent in gc" timestamp="2019-06-17T07:19:48.470" />
<gc-end id="1478" type="partial gc" contextid="1471" durationms="4.697" usertimems="4.000" systemtimems="8.000" timestamp="2019-06-17T07:19:48.470" activeThreads="4">
  <mem-info id="1479" free="166723584" total="277872640" percent="60">
    <mem type="eden" free="431168" total="1048576" percent="41" />
    <arraylet-primitive objects="2" leaves="2" largest="1" />
    <remembered-set count="50464" freebytes="10889984" totalbytes="11091840" percent="98" regionsoverflowed="0" regionsstable="2" regionsrebuilding="0"/>
  </mem-info>
</gc-end>
<cycle-end id="1480" type="partial gc" contextid="1471" timestamp="2019-06-17T07:19:48.470" />
  <attribute name="elasticGC enabled" value="1" />
  <attribute name= "numThreadsSpecified" value="4" />
  <attribute name="heapSize specified" value="0" />
  <attribute name="Current GC Util" value="135" />
  <attribute name= "Current Time Running" value="3987" />
  <attribute name ="GC Interval" value="0" />
  <attribute name="ProportionalT" value="172.500000" />
  <attribute name="ProportionalI" value="172.500000" />
  <attribute name="ProportionalH" value="172.500000" />
  <attribute name="Current Error" value="115.000000" />
  <attribute name="IntegralT" value="230.000000" />
  <attribute name="IntegralI" value="230.000000" />
  <attribute name="IntegralH" value="230.000000" />
  <attribute name="DerivativeT" value="58.500000" />
  <attribute name="DerivativeI" value="58.500000" />
  <attribute name="DerivativeH" value="58.500000" />
  <attribute name="Loop Time for DT" value="2.000000" />
  <attribute name="Output H" value="8388608"/>
  <attribute name="Output I" value="464"/>
  <attribute name="Output T" value="4"/>
  <attribute name="Target GC Util Change" value ="20.000000" />
  <attribute name="Current GC Util Change" value="135.000000"/>
  <attribute name="GC Util currently" value="135" />
  <attribute name="CPU Util currently" value="1823813619605" />
<exclusive-end id="1481" timestamp="2019-06-17T07:19:48.470" durationms="5.563" />

<exclusive-start id="1482" timestamp="2019-06-17T07:19:48.515" intervalms="50.826">
  <response-info timems="0.061" idlems="0.061" threads="0" lastid="0000000000D25900" lastname="Thread-10" />
</exclusive-start>
<allocation-taxation id="1483" taxation-threshold="75497472" timestamp="2019-06-17T07:19:48.516" intervalms="50.830" />
<cycle-start id="1484" type="partial gc" contextid="0" timestamp="2019-06-17T07:19:48.516" intervalms="50.873" />
<gc-start id="1485" type="partial gc" contextid="1484" timestamp="2019-06-17T07:19:48.516">
  <mem-info id="1486" free="91226112" total="277872640" percent="32">
    <mem type="eden" free="0" total="75497472" percent="0" />
    <arraylet-primitive objects="2" leaves="2" largest="1" />
    <remembered-set count="50464" freebytes="10889984" totalbytes="11091840" percent="98" regionsoverflowed="0" regionsstable="2" regionsrebuilding="0"/>
  </mem-info>
</gc-start>
<allocation-stats totalBytes="75485888" >
  <allocated-bytes non-tlh="0" tlh="75485888" arrayletleaf="0"/>
  <largest-consumer threadName="Thread-10" threadId="0000000000D25900" bytes="30600640" />
</allocation-stats>
<gc-op id="1487" type="copy forward" timems="4.077" contextid="1484" timestamp="2019-06-17T07:19:48.521">
  <memory-copied type="eden" objects="11831" bytes="422216" bytesdiscarded="0" />
  <memory-copied type="other" objects="15489" bytes="646488" bytesdiscarded="0" />
  <memory-cardclean objects="4189" bytes="225960" />
  <regions eden="72" other="3" />
  <remembered-set-cleared processed="46433" cleared="865" durationms="0.590" />
  <stringconstants candidates="4597" cleared="0"  />
</gc-op>
<gc-op id="1488" type="classunload" timems="0.003" contextid="1484" timestamp="2019-06-17T07:19:48.521">
  <classunload-info classloadercandidates="8" classloadersunloaded="0" classesunloaded="0" anonymousclassesunloaded="0" quiescems="0.000" setupms="0.003" scanms="0.000" postms="0.000" />
</gc-op>
<heap-resize id="1489" type="expand" space="default" amount="3145728" count="1" timems="0.073" reason="excessive time being spent in gc" timestamp="2019-06-17T07:19:48.521" />
<gc-end id="1490" type="partial gc" contextid="1484" durationms="5.286" usertimems="12.000" systemtimems="4.000" timestamp="2019-06-17T07:19:48.521" activeThreads="1">
  <mem-info id="1491" free="168820736" total="281018368" percent="60">
    <mem type="eden" free="626360" total="1048576" percent="59" />
    <arraylet-primitive objects="2" leaves="2" largest="1" />
    <remembered-set count="51392" freebytes="11011840" totalbytes="11217408" percent="98" regionsoverflowed="0" regionsstable="2" regionsrebuilding="0"/>
  </mem-info>
</gc-end>
<cycle-end id="1492" type="partial gc" contextid="1484" timestamp="2019-06-17T07:19:48.521" />
  <attribute name="elasticGC enabled" value="1" />
  <attribute name= "numThreadsSpecified" value="1" />
  <attribute name="heapSize specified" value="0" />
  <attribute name="Current GC Util" value="57" />
  <attribute name= "Current Time Running" value="4036" />
  <attribute name ="GC Interval" value="0" />
  <attribute name="ProportionalT" value="55.500000" />
  <attribute name="ProportionalI" value="55.500000" />
  <attribute name="ProportionalH" value="55.500000" />
  <attribute name="Current Error" value="37.000000" />
  <attribute name="IntegralT" value="0.000000" />
  <attribute name="IntegralI" value="0.000000" />
  <attribute name="IntegralH" value="0.000000" />
  <attribute name="DerivativeT" value="inf" />
  <attribute name="DerivativeI" value="inf" />
  <attribute name="DerivativeH" value="inf" />
  <attribute name="Loop Time for DT" value="0.000000" />
  <attribute name="Output H" value="8388608"/>
  <attribute name="Output I" value="200"/>
  <attribute name="Output T" value="1"/>
  <attribute name="Target GC Util Change" value ="20.000000" />
  <attribute name="Current GC Util Change" value="57.000000"/>
  <attribute name="GC Util currently" value="57" />
  <attribute name="CPU Util currently" value="18953562251979" />
<exclusive-end id="1493" timestamp="2019-06-17T07:19:48.522" durationms="6.139" />

<exclusive-start id="1494" timestamp="2019-06-17T07:19:48.556" intervalms="40.899">
  <response-info timems="0.037" idlems="0.037" threads="0" lastid="0000000000D21D00" lastname="Thread-9" />
</exclusive-start>
<allocation-taxation id="1495" taxation-threshold="76546048" timestamp="2019-06-17T07:19:48.557" intervalms="40.962" />
<cycle-start id="1496" type="partial gc" contextid="0" timestamp="2019-06-17T07:19:48.557" intervalms="40.985" />
<gc-start id="1497" type="partial gc" contextid="1496" timestamp="2019-06-17T07:19:48.557">
  <mem-info id="1498" free="92274688" total="281018368" percent="32">
    <mem type="eden" free="0" total="76546048" percent="0" />
    <arraylet-primitive objects="2" leaves="2" largest="1" />
    <remembered-set count="51360" freebytes="11011968" totalbytes="11217408" percent="98" regionsoverflowed="0" regionsstable="2" regionsrebuilding="0"/>
  </mem-info>
</gc-start>
<allocation-stats totalBytes="76534776" >
  <allocated-bytes non-tlh="0" tlh="76534776" arrayletleaf="0"/>
  <largest-consumer threadName="Thread-7" threadId="0000000000D2D100" bytes="21460080" />
</allocation-stats>
<gc-op id="1499" type="copy forward" timems="4.172" contextid="1496" timestamp="2019-06-17T07:19:48.562">
  <memory-copied type="eden" objects="22881" bytes="962432" bytesdiscarded="0" />
  <memory-copied type="other" objects="10310" bytes="384816" bytesdiscarded="0" />
  <memory-cardclean objects="4841" bytes="242136" />
  <regions eden="73" other="5" />
  <remembered-set-cleared processed="46831" cleared="2427" durationms="0.575" />
  <stringconstants candidates="4597" cleared="0"  />
</gc-op>
<gc-op id="1500" type="classunload" timems="0.002" contextid="1496" timestamp="2019-06-17T07:19:48.562">
  <classunload-info classloadercandidates="8" classloadersunloaded="0" classesunloaded="0" anonymousclassesunloaded="0" quiescems="0.000" setupms="0.002" scanms="0.000" postms="0.000" />
</gc-op>
<gc-end id="1501" type="partial gc" contextid="1496" durationms="5.324" usertimems="12.000" systemtimems="0.000" timestamp="2019-06-17T07:19:48.562" activeThreads="1">
  <mem-info id="1502" free="168820736" total="281018368" percent="60">
    <mem type="eden" free="86144" total="1048576" percent="8" />
    <arraylet-primitive objects="2" leaves="2" largest="1" />
    <remembered-set count="50432" freebytes="11015680" totalbytes="11217408" percent="98" regionsoverflowed="0" regionsstable="2" regionsrebuilding="0"/>
  </mem-info>
</gc-end>
<cycle-end id="1503" type="partial gc" contextid="1496" timestamp="2019-06-17T07:19:48.562" />
  <attribute name="elasticGC enabled" value="1" />
  <attribute name= "numThreadsSpecified" value="1" />
  <attribute name="heapSize specified" value="0" />
  <attribute name="Current GC Util" value="59" />
  <attribute name= "Current Time Running" value="4077" />
  <attribute name ="GC Interval" value="0" />
  <attribute name="ProportionalT" value="58.500000" />
  <attribute name="ProportionalI" value="58.500000" />
  <attribute name="ProportionalH" value="58.500000" />
  <attribute name="Current Error" value="39.000000" />
  <attribute name="IntegralT" value="0.000000" />
  <attribute name="IntegralI" value="0.000000" />
  <attribute name="IntegralH" value="0.000000" />
  <attribute name="DerivativeT" value="inf" />
  <attribute name="DerivativeI" value="inf" />
  <attribute name="DerivativeH" value="inf" />
  <attribute name="Loop Time for DT" value="0.000000" />
  <attribute name="Output H" value="8388608"/>
  <attribute name="Output I" value="200"/>
  <attribute name="Output T" value="1"/>
  <attribute name="Target GC Util Change" value ="20.000000" />
  <attribute name="Current GC Util Change" value="59.000000"/>
  <attribute name="GC Util currently" value="59" />
  <attribute name="CPU Util currently" value="19080917366416" />
<exclusive-end id="1504" timestamp="2019-06-17T07:19:48.563" durationms="6.354" />

<exclusive-start id="1505" timestamp="2019-06-17T07:19:48.601" intervalms="44.994">
  <response-info timems="0.047" idlems="0.047" threads="0" lastid="0000000000D21D00" lastname="Thread-9" />
</exclusive-start>
<allocation-taxation id="1506" taxation-threshold="76546048" timestamp="2019-06-17T07:19:48.602" intervalms="44.992" />
<cycle-start id="1507" type="partial gc" contextid="0" timestamp="2019-06-17T07:19:48.602" intervalms="45.022" />
<gc-start id="1508" type="partial gc" contextid="1507" timestamp="2019-06-17T07:19:48.602">
  <mem-info id="1509" free="92274688" total="281018368" percent="32">
    <mem type="eden" free="0" total="76546048" percent="0" />
    <arraylet-primitive objects="2" leaves="2" largest="1" />
    <remembered-set count="50368" freebytes="11015936" totalbytes="11217408" percent="98" regionsoverflowed="0" regionsstable="2" regionsrebuilding="0"/>
  </mem-info>
</gc-start>
<allocation-stats totalBytes="76534560" >
  <allocated-bytes non-tlh="0" tlh="76534560" arrayletleaf="0"/>
  <largest-consumer threadName="Thread-7" threadId="0000000000D2D100" bytes="23917176" />
</allocation-stats>
<gc-op id="1510" type="copy forward" timems="2.409" contextid="1507" timestamp="2019-06-17T07:19:48.605">
  <memory-copied type="eden" objects="14160" bytes="478248" bytesdiscarded="50192" />
  <memory-copied type="other" objects="17170" bytes="686832" bytesdiscarded="53008" />
  <memory-cardclean objects="5682" bytes="297624" />
  <regions eden="73" other="4" />
  <remembered-set-cleared processed="46109" cleared="1961" durationms="0.255" />
  <stringconstants candidates="4597" cleared="0"  />
</gc-op>
<gc-op id="1511" type="classunload" timems="0.003" contextid="1507" timestamp="2019-06-17T07:19:48.605">
  <classunload-info classloadercandidates="8" classloadersunloaded="0" classesunloaded="0" anonymousclassesunloaded="0" quiescems="0.000" setupms="0.003" scanms="0.000" postms="0.000" />
</gc-op>
<gc-end id="1512" type="partial gc" contextid="1507" durationms="3.315" usertimems="8.000" systemtimems="0.000" timestamp="2019-06-17T07:19:48.605" activeThreads="4">
  <mem-info id="1513" free="168820736" total="281018368" percent="60">
    <mem type="eden" free="520136" total="1048576" percent="49" />
    <arraylet-primitive objects="2" leaves="2" largest="1" />
    <remembered-set count="51392" freebytes="11011840" totalbytes="11217408" percent="98" regionsoverflowed="0" regionsstable="2" regionsrebuilding="0"/>
  </mem-info>
</gc-end>
<cycle-end id="1514" type="partial gc" contextid="1507" timestamp="2019-06-17T07:19:48.605" />
  <attribute name="elasticGC enabled" value="1" />
  <attribute name= "numThreadsSpecified" value="4" />
  <attribute name="heapSize specified" value="0" />
  <attribute name="Current GC Util" value="66" />
  <attribute name= "Current Time Running" value="4122" />
  <attribute name ="GC Interval" value="0" />
  <attribute name="ProportionalT" value="69.000000" />
  <attribute name="ProportionalI" value="69.000000" />
  <attribute name="ProportionalH" value="69.000000" />
  <attribute name="Current Error" value="46.000000" />
  <attribute name="IntegralT" value="46.000000" />
  <attribute name="IntegralI" value="46.000000" />
  <attribute name="IntegralH" value="46.000000" />
  <attribute name="DerivativeT" value="69.000000" />
  <attribute name="DerivativeI" value="69.000000" />
  <attribute name="DerivativeH" value="69.000000" />
  <attribute name="Loop Time for DT" value="1.000000" />
  <attribute name="Output H" value="8388608"/>
  <attribute name="Output I" value="200"/>
  <attribute name="Output T" value="4"/>
  <attribute name="Target GC Util Change" value ="20.000000" />
  <attribute name="Current GC Util Change" value="66.000000"/>
  <attribute name="GC Util currently" value="66" />
  <attribute name="CPU Util currently" value="20342592220914" />
<exclusive-end id="1515" timestamp="2019-06-17T07:19:48.606" durationms="4.205" />

<exclusive-start id="1516" timestamp="2019-06-17T07:19:48.654" intervalms="52.632">
  <response-info timems="1.522" idlems="0.765" threads="1" lastid="0000000000D29500" lastname="Thread-8" />
</exclusive-start>
<allocation-taxation id="1517" taxation-threshold="76546048" timestamp="2019-06-17T07:19:48.654" intervalms="52.635" />
<cycle-start id="1518" type="partial gc" contextid="0" timestamp="2019-06-17T07:19:48.654" intervalms="52.617" />
<gc-start id="1519" type="partial gc" contextid="1518" timestamp="2019-06-17T07:19:48.655">
  <mem-info id="1520" free="92274688" total="281018368" percent="32">
    <mem type="eden" free="0" total="76546048" percent="0" />
    <arraylet-primitive objects="2" leaves="2" largest="1" />
    <remembered-set count="51008" freebytes="11013376" totalbytes="11217408" percent="98" regionsoverflowed="0" regionsstable="2" regionsrebuilding="0"/>
  </mem-info>
</gc-start>
<allocation-stats totalBytes="76534864" >
  <allocated-bytes non-tlh="0" tlh="76534864" arrayletleaf="0"/>
  <largest-consumer threadName="Thread-7" threadId="0000000000D2D100" bytes="24998216" />
</allocation-stats>
<gc-op id="1521" type="copy forward" timems="4.099" contextid="1518" timestamp="2019-06-17T07:19:48.659">
  <memory-copied type="eden" objects="26064" bytes="1176048" bytesdiscarded="8" />
  <memory-copied type="other" objects="5763" bytes="138312" bytesdiscarded="0" />
  <memory-cardclean objects="6350" bytes="314712" />
  <regions eden="73" other="4" />
  <remembered-set-cleared processed="45439" cleared="1335" durationms="0.571" />
  <stringconstants candidates="4597" cleared="0"  />
</gc-op>
<gc-op id="1522" type="classunload" timems="0.003" contextid="1518" timestamp="2019-06-17T07:19:48.660">
  <classunload-info classloadercandidates="8" classloadersunloaded="0" classesunloaded="0" anonymousclassesunloaded="0" quiescems="0.000" setupms="0.002" scanms="0.000" postms="0.000" />
</gc-op>
<gc-end id="1523" type="partial gc" contextid="1518" durationms="5.246" usertimems="8.000" systemtimems="0.000" timestamp="2019-06-17T07:19:48.660" activeThreads="1">
  <mem-info id="1524" free="166723584" total="281018368" percent="59">
    <mem type="eden" free="921096" total="2097152" percent="43" />
    <arraylet-primitive objects="2" leaves="2" largest="1" />
    <remembered-set count="50496" freebytes="11015424" totalbytes="11217408" percent="98" regionsoverflowed="0" regionsstable="2" regionsrebuilding="0"/>
  </mem-info>
</gc-end>
<cycle-end id="1525" type="partial gc" contextid="1518" timestamp="2019-06-17T07:19:48.660" />
  <attribute name="elasticGC enabled" value="1" />
  <attribute name= "numThreadsSpecified" value="1" />
  <attribute name="heapSize specified" value="0" />
  <attribute name="Current GC Util" value="55" />
  <attribute name= "Current Time Running" value="4174" />
  <attribute name ="GC Interval" value="0" />
  <attribute name="ProportionalT" value="52.500000" />
  <attribute name="ProportionalI" value="52.500000" />
  <attribute name="ProportionalH" value="52.500000" />
  <attribute name="Current Error" value="35.000000" />
  <attribute name="IntegralT" value="0.000000" />
  <attribute name="IntegralI" value="0.000000" />
  <attribute name="IntegralH" value="0.000000" />
  <attribute name="DerivativeT" value="inf" />
  <attribute name="DerivativeI" value="inf" />
  <attribute name="DerivativeH" value="inf" />
  <attribute name="Loop Time for DT" value="0.000000" />
  <attribute name="Output H" value="8388608"/>
  <attribute name="Output I" value="200"/>
  <attribute name="Output T" value="1"/>
  <attribute name="Target GC Util Change" value ="20.000000" />
  <attribute name="Current GC Util Change" value="55.000000"/>
  <attribute name="GC Util currently" value="55" />
  <attribute name="CPU Util currently" value="19810328528929" />
<exclusive-end id="1526" timestamp="2019-06-17T07:19:48.660" durationms="6.307" />

<exclusive-start id="1527" timestamp="2019-06-17T07:19:48.710" intervalms="56.481">
  <response-info timems="0.066" idlems="0.066" threads="0" lastid="0000000000D25900" lastname="Thread-10" />
</exclusive-start>
<allocation-taxation id="1528" taxation-threshold="76546048" timestamp="2019-06-17T07:19:48.711" intervalms="56.483" />
<cycle-start id="1529" type="partial gc" contextid="0" timestamp="2019-06-17T07:19:48.711" intervalms="56.498" />
<gc-start id="1530" type="partial gc" contextid="1529" timestamp="2019-06-17T07:19:48.711">
  <mem-info id="1531" free="90177536" total="281018368" percent="32">
    <mem type="eden" free="0" total="76546048" percent="0" />
    <arraylet-primitive objects="2" leaves="2" largest="1" />
    <remembered-set count="50368" freebytes="11015936" totalbytes="11217408" percent="98" regionsoverflowed="0" regionsstable="2" regionsrebuilding="0"/>
  </mem-info>
</gc-start>
<allocation-stats totalBytes="76535656" >
  <allocated-bytes non-tlh="0" tlh="76535656" arrayletleaf="0"/>
  <largest-consumer threadName="Thread-9" threadId="0000000000D21D00" bytes="27332856" />
</allocation-stats>
<gc-op id="1532" type="copy forward" timems="4.066" contextid="1529" timestamp="2019-06-17T07:19:48.716">
  <memory-copied type="eden" objects="17017" bytes="684760" bytesdiscarded="0" />
  <memory-copied type="other" objects="18066" bytes="708336" bytesdiscarded="0" />
  <memory-cardclean objects="4783" bytes="239520" />
  <regions eden="73" other="4" />
  <remembered-set-cleared processed="45588" cleared="1034" durationms="0.572" />
  <stringconstants candidates="4597" cleared="0"  />
</gc-op>
<gc-op id="1533" type="classunload" timems="0.002" contextid="1529" timestamp="2019-06-17T07:19:48.716">
  <classunload-info classloadercandidates="8" classloadersunloaded="0" classesunloaded="0" anonymousclassesunloaded="0" quiescems="0.000" setupms="0.002" scanms="0.000" postms="0.000" />
</gc-op>
<gc-end id="1534" type="partial gc" contextid="1529" durationms="5.218" usertimems="4.000" systemtimems="0.000" timestamp="2019-06-17T07:19:48.716" activeThreads="1">
  <mem-info id="1535" free="166723584" total="281018368" percent="59">
    <mem type="eden" free="363816" total="1048576" percent="34" />
    <arraylet-primitive objects="2" leaves="2" largest="1" />
    <remembered-set count="50976" freebytes="11013504" totalbytes="11217408" percent="98" regionsoverflowed="0" regionsstable="2" regionsrebuilding="0"/>
  </mem-info>
</gc-end>
<cycle-end id="1536" type="partial gc" contextid="1529" timestamp="2019-06-17T07:19:48.717" />
  <attribute name="elasticGC enabled" value="1" />
  <attribute name= "numThreadsSpecified" value="1" />
  <attribute name="heapSize specified" value="0" />
  <attribute name="Current GC Util" value="60" />
  <attribute name= "Current Time Running" value="4231" />
  <attribute name ="GC Interval" value="0" />
  <attribute name="ProportionalT" value="60.000000" />
  <attribute name="ProportionalI" value="60.000000" />
  <attribute name="ProportionalH" value="60.000000" />
  <attribute name="Current Error" value="40.000000" />
  <attribute name="IntegralT" value="0.000000" />
  <attribute name="IntegralI" value="0.000000" />
  <attribute name="IntegralH" value="0.000000" />
  <attribute name="DerivativeT" value="inf" />
  <attribute name="DerivativeI" value="inf" />
  <attribute name="DerivativeH" value="inf" />
  <attribute name="Loop Time for DT" value="0.000000" />
  <attribute name="Output H" value="8388608"/>
  <attribute name="Output I" value="200"/>
  <attribute name="Output T" value="1"/>
  <attribute name="Target GC Util Change" value ="20.000000" />
  <attribute name="Current GC Util Change" value="60.000000"/>
  <attribute name="GC Util currently" value="60" />
  <attribute name="CPU Util currently" value="19415091077690" />
<exclusive-end id="1537" timestamp="2019-06-17T07:19:48.717" durationms="6.310" />

<exclusive-start id="1538" timestamp="2019-06-17T07:19:48.765" intervalms="54.258">
  <response-info timems="0.040" idlems="0.040" threads="0" lastid="0000000000D29500" lastname="Thread-8" />
</exclusive-start>
<allocation-taxation id="1539" taxation-threshold="76546048" timestamp="2019-06-17T07:19:48.765" intervalms="54.258" />
<cycle-start id="1540" type="partial gc" contextid="0" timestamp="2019-06-17T07:19:48.765" intervalms="54.234" />
<gc-start id="1541" type="partial gc" contextid="1540" timestamp="2019-06-17T07:19:48.765">
  <mem-info id="1542" free="90177536" total="281018368" percent="32">
    <mem type="eden" free="0" total="76546048" percent="0" />
    <arraylet-primitive objects="2" leaves="2" largest="1" />
    <remembered-set count="50688" freebytes="11014656" totalbytes="11217408" percent="98" regionsoverflowed="0" regionsstable="2" regionsrebuilding="0"/>
  </mem-info>
</gc-start>
<allocation-stats totalBytes="76535712" >
  <allocated-bytes non-tlh="0" tlh="76535712" arrayletleaf="0"/>
  <largest-consumer threadName="Thread-7" threadId="0000000000D2D100" bytes="24863464" />
</allocation-stats>
<gc-op id="1543" type="copy forward" timems="3.734" contextid="1540" timestamp="2019-06-17T07:19:48.770">
  <memory-copied type="eden" objects="18988" bytes="869136" bytesdiscarded="0" />
  <memory-copied type="other" objects="12807" bytes="444744" bytesdiscarded="0" />
  <memory-cardclean objects="4783" bytes="239520" />
  <regions eden="73" other="4" />
  <remembered-set-cleared processed="45841" cleared="1287" durationms="0.559" />
  <stringconstants candidates="4597" cleared="0"  />
</gc-op>
<gc-op id="1544" type="classunload" timems="0.003" contextid="1540" timestamp="2019-06-17T07:19:48.770">
  <classunload-info classloadercandidates="8" classloadersunloaded="0" classesunloaded="0" anonymousclassesunloaded="0" quiescems="0.000" setupms="0.002" scanms="0.000" postms="0.000" />
</gc-op>
<gc-end id="1545" type="partial gc" contextid="1540" durationms="4.848" usertimems="4.000" systemtimems="0.000" timestamp="2019-06-17T07:19:48.770" activeThreads="1">
  <mem-info id="1546" free="165675008" total="281018368" percent="58">
    <mem type="eden" free="179440" total="1048576" percent="17" />
    <arraylet-primitive objects="2" leaves="2" largest="1" />
    <remembered-set count="50976" freebytes="11013504" totalbytes="11217408" percent="98" regionsoverflowed="0" regionsstable="2" regionsrebuilding="0"/>
  </mem-info>
</gc-end>
<cycle-end id="1547" type="partial gc" contextid="1540" timestamp="2019-06-17T07:19:48.770" />
  <attribute name="elasticGC enabled" value="1" />
  <attribute name= "numThreadsSpecified" value="1" />
  <attribute name="heapSize specified" value="0" />
  <attribute name="Current GC Util" value="62" />
  <attribute name= "Current Time Running" value="4285" />
  <attribute name ="GC Interval" value="0" />
  <attribute name="ProportionalT" value="63.000000" />
  <attribute name="ProportionalI" value="63.000000" />
  <attribute name="ProportionalH" value="63.000000" />
  <attribute name="Current Error" value="42.000000" />
  <attribute name="IntegralT" value="0.000000" />
  <attribute name="IntegralI" value="0.000000" />
  <attribute name="IntegralH" value="0.000000" />
  <attribute name="DerivativeT" value="inf" />
  <attribute name="DerivativeI" value="inf" />
  <attribute name="DerivativeH" value="inf" />
  <attribute name="Loop Time for DT" value="0.000000" />
  <attribute name="Output H" value="8388608"/>
  <attribute name="Output I" value="200"/>
  <attribute name="Output T" value="1"/>
  <attribute name="Target GC Util Change" value ="20.000000" />
  <attribute name="Current GC Util Change" value="62.000000"/>
  <attribute name="GC Util currently" value="62" />
  <attribute name="CPU Util currently" value="20004103456907" />
<exclusive-end id="1548" timestamp="2019-06-17T07:19:48.771" durationms="5.942" />

<exclusive-start id="1549" timestamp="2019-06-17T07:19:48.819" intervalms="53.996">
  <response-info timems="0.107" idlems="0.061" threads="1" lastid="0000000000D2D100" lastname="Thread-7" />
</exclusive-start>
<allocation-taxation id="1550" taxation-threshold="76546048" timestamp="2019-06-17T07:19:48.819" intervalms="54.000" />
<cycle-start id="1551" type="partial gc" contextid="0" timestamp="2019-06-17T07:19:48.819" intervalms="53.974" />
<gc-start id="1552" type="partial gc" contextid="1551" timestamp="2019-06-17T07:19:48.819">
  <mem-info id="1553" free="89128960" total="281018368" percent="31">
    <mem type="eden" free="0" total="76546048" percent="0" />
    <arraylet-primitive objects="2" leaves="2" largest="1" />
    <remembered-set count="50528" freebytes="11015296" totalbytes="11217408" percent="98" regionsoverflowed="0" regionsstable="2" regionsrebuilding="0"/>
  </mem-info>
</gc-start>
<allocation-stats totalBytes="76535960" >
  <allocated-bytes non-tlh="0" tlh="76535960" arrayletleaf="0"/>
  <largest-consumer threadName="Thread-8" threadId="0000000000D29500" bytes="27988208" />
</allocation-stats>
<gc-op id="1554" type="copy forward" timems="3.650" contextid="1551" timestamp="2019-06-17T07:19:48.824">
  <memory-copied type="eden" objects="17560" bytes="697832" bytesdiscarded="0" />
  <memory-copied type="other" objects="13278" bytes="593424" bytesdiscarded="0" />
  <memory-cardclean objects="1234" bytes="65112" />
  <regions eden="73" other="5" />
  <remembered-set-cleared processed="46008" cleared="3752" durationms="0.570" />
  <stringconstants candidates="4597" cleared="0"  />
</gc-op>
<gc-op id="1555" type="classunload" timems="0.002" contextid="1551" timestamp="2019-06-17T07:19:48.824">
  <classunload-info classloadercandidates="8" classloadersunloaded="0" classesunloaded="0" anonymousclassesunloaded="0" quiescems="0.000" setupms="0.002" scanms="0.000" postms="0.000" />
</gc-op>
<gc-end id="1556" type="partial gc" contextid="1551" durationms="4.716" usertimems="4.000" systemtimems="0.000" timestamp="2019-06-17T07:19:48.824" activeThreads="1">
  <mem-info id="1557" free="167772160" total="281018368" percent="59">
    <mem type="eden" free="350744" total="1048576" percent="33" />
    <arraylet-primitive objects="2" leaves="2" largest="1" />
    <remembered-set count="47616" freebytes="11026944" totalbytes="11217408" percent="98" regionsoverflowed="0" regionsstable="2" regionsrebuilding="0"/>
  </mem-info>
</gc-end>
<cycle-end id="1558" type="partial gc" contextid="1551" timestamp="2019-06-17T07:19:48.824" />
  <attribute name="elasticGC enabled" value="1" />
  <attribute name= "numThreadsSpecified" value="1" />
  <attribute name="heapSize specified" value="0" />
  <attribute name="Current GC Util" value="56" />
  <attribute name= "Current Time Running" value="4339" />
  <attribute name ="GC Interval" value="0" />
  <attribute name="ProportionalT" value="54.000000" />
  <attribute name="ProportionalI" value="54.000000" />
  <attribute name="ProportionalH" value="54.000000" />
  <attribute name="Current Error" value="36.000000" />
  <attribute name="IntegralT" value="0.000000" />
  <attribute name="IntegralI" value="0.000000" />
  <attribute name="IntegralH" value="0.000000" />
  <attribute name="DerivativeT" value="inf" />
  <attribute name="DerivativeI" value="inf" />
  <attribute name="DerivativeH" value="inf" />
  <attribute name="Loop Time for DT" value="0.000000" />
  <attribute name="Output H" value="8388608"/>
  <attribute name="Output I" value="200"/>
  <attribute name="Output T" value="1"/>
  <attribute name="Target GC Util Change" value ="20.000000" />
  <attribute name="Current GC Util Change" value="56.000000"/>
  <attribute name="GC Util currently" value="56" />
  <attribute name="CPU Util currently" value="19168156741209" />
<exclusive-end id="1559" timestamp="2019-06-17T07:19:48.824" durationms="5.670" />

<exclusive-start id="1560" timestamp="2019-06-17T07:19:48.867" intervalms="48.566">
  <response-info timems="0.038" idlems="0.038" threads="0" lastid="0000000000D2D100" lastname="Thread-7" />
</exclusive-start>
<allocation-taxation id="1561" taxation-threshold="76546048" timestamp="2019-06-17T07:19:48.867" intervalms="48.539" />
<cycle-start id="1562" type="partial gc" contextid="0" timestamp="2019-06-17T07:19:48.868" intervalms="48.538" />
<gc-start id="1563" type="partial gc" contextid="1562" timestamp="2019-06-17T07:19:48.868">
  <mem-info id="1564" free="91226112" total="281018368" percent="32">
    <mem type="eden" free="0" total="76546048" percent="0" />
    <arraylet-primitive objects="2" leaves="2" largest="1" />
    <remembered-set count="47424" freebytes="11027712" totalbytes="11217408" percent="98" regionsoverflowed="0" regionsstable="2" regionsrebuilding="0"/>
  </mem-info>
</gc-start>
<allocation-stats totalBytes="76535648" >
  <allocated-bytes non-tlh="0" tlh="76535648" arrayletleaf="0"/>
  <largest-consumer threadName="Thread-10" threadId="0000000000D25900" bytes="23556856" />
</allocation-stats>
<gc-op id="1565" type="copy forward" timems="2.383" contextid="1562" timestamp="2019-06-17T07:19:48.871">
  <memory-copied type="eden" objects="19275" bytes="738672" bytesdiscarded="68272" />
  <memory-copied type="other" objects="15044" bytes="635808" bytesdiscarded="32184" />
  <memory-cardclean objects="2641" bytes="132648" />
  <regions eden="73" other="4" />
  <remembered-set-cleared processed="42775" cleared="846" durationms="0.246" />
  <stringconstants candidates="4597" cleared="0"  />
</gc-op>
<gc-op id="1566" type="classunload" timems="0.003" contextid="1562" timestamp="2019-06-17T07:19:48.871">
  <classunload-info classloadercandidates="8" classloadersunloaded="0" classesunloaded="0" anonymousclassesunloaded="0" quiescems="0.000" setupms="0.002" scanms="0.000" postms="0.000" />
</gc-op>
<gc-end id="1567" type="partial gc" contextid="1562" durationms="3.371" usertimems="4.000" systemtimems="0.000" timestamp="2019-06-17T07:19:48.871" activeThreads="4">
  <mem-info id="1568" free="165675008" total="281018368" percent="58">
    <mem type="eden" free="1290208" total="2097152" percent="61" />
    <arraylet-primitive objects="2" leaves="2" largest="1" />
    <remembered-set count="48128" freebytes="11024896" totalbytes="11217408" percent="98" regionsoverflowed="0" regionsstable="2" regionsrebuilding="0"/>
  </mem-info>
</gc-end>
<cycle-end id="1569" type="partial gc" contextid="1562" timestamp="2019-06-17T07:19:48.871" />
  <attribute name="elasticGC enabled" value="1" />
  <attribute name= "numThreadsSpecified" value="4" />
  <attribute name="heapSize specified" value="0" />
  <attribute name="Current GC Util" value="68" />
  <attribute name= "Current Time Running" value="4388" />
  <attribute name ="GC Interval" value="0" />
  <attribute name="ProportionalT" value="72.000000" />
  <attribute name="ProportionalI" value="72.000000" />
  <attribute name="ProportionalH" value="72.000000" />
  <attribute name="Current Error" value="48.000000" />
  <attribute name="IntegralT" value="48.000000" />
  <attribute name="IntegralI" value="48.000000" />
  <attribute name="IntegralH" value="48.000000" />
  <attribute name="DerivativeT" value="72.000000" />
  <attribute name="DerivativeI" value="72.000000" />
  <attribute name="DerivativeH" value="72.000000" />
  <attribute name="Loop Time for DT" value="1.000000" />
  <attribute name="Output H" value="8388608"/>
  <attribute name="Output I" value="200"/>
  <attribute name="Output T" value="4"/>
  <attribute name="Target GC Util Change" value ="20.000000" />
  <attribute name="Current GC Util Change" value="68.000000"/>
  <attribute name="GC Util currently" value="68" />
  <attribute name="CPU Util currently" value="18899577879615" />
<exclusive-end id="1570" timestamp="2019-06-17T07:19:48.872" durationms="4.326" />

<exclusive-start id="1571" timestamp="2019-06-17T07:19:48.906" intervalms="38.264">
  <response-info timems="0.037" idlems="0.037" threads="0" lastid="0000000000D29500" lastname="Thread-8" />
</exclusive-start>
<allocation-taxation id="1572" taxation-threshold="76546048" timestamp="2019-06-17T07:19:48.906" intervalms="38.232" />
<cycle-start id="1573" type="partial gc" contextid="0" timestamp="2019-06-17T07:19:48.906" intervalms="38.256" />
<gc-start id="1574" type="partial gc" contextid="1573" timestamp="2019-06-17T07:19:48.906">
  <mem-info id="1575" free="89128960" total="281018368" percent="31">
    <mem type="eden" free="0" total="76546048" percent="0" />
    <arraylet-primitive objects="2" leaves="2" largest="1" />
    <remembered-set count="47712" freebytes="11026560" totalbytes="11217408" percent="98" regionsoverflowed="0" regionsstable="2" regionsrebuilding="0"/>
  </mem-info>
</gc-start>
<allocation-stats totalBytes="76534992" >
  <allocated-bytes non-tlh="0" tlh="76534992" arrayletleaf="0"/>
  <largest-consumer threadName="Thread-9" threadId="0000000000D21D00" bytes="19846224" />
</allocation-stats>
<gc-op id="1576" type="copy forward" timems="3.534" contextid="1573" timestamp="2019-06-17T07:19:48.910">
  <memory-copied type="eden" objects="18352" bytes="853944" bytesdiscarded="0" />
  <memory-copied type="other" objects="9164" bytes="357312" bytesdiscarded="0" />
  <memory-cardclean objects="2641" bytes="132648" />
  <regions eden="73" other="6" />
  <remembered-set-cleared processed="42900" cleared="971" durationms="0.546" />
  <stringconstants candidates="4597" cleared="0"  />
</gc-op>
<gc-op id="1577" type="classunload" timems="0.002" contextid="1573" timestamp="2019-06-17T07:19:48.911">
  <classunload-info classloadercandidates="8" classloadersunloaded="0" classesunloaded="0" anonymousclassesunloaded="0" quiescems="0.000" setupms="0.002" scanms="0.000" postms="0.000" />
</gc-op>
<gc-end id="1578" type="partial gc" contextid="1573" durationms="4.775" usertimems="4.000" systemtimems="0.000" timestamp="2019-06-17T07:19:48.911" activeThreads="1">
  <mem-info id="1579" free="166723584" total="281018368" percent="59">
    <mem type="eden" free="194632" total="1048576" percent="18" />
    <arraylet-primitive objects="2" leaves="2" largest="1" />
    <remembered-set count="47168" freebytes="11028736" totalbytes="11217408" percent="98" regionsoverflowed="0" regionsstable="2" regionsrebuilding="0"/>
  </mem-info>
</gc-end>
<cycle-end id="1580" type="partial gc" contextid="1573" timestamp="2019-06-17T07:19:48.911" />
  <attribute name="elasticGC enabled" value="1" />
  <attribute name= "numThreadsSpecified" value="1" />
  <attribute name="heapSize specified" value="0" />
  <attribute name="Current GC Util" value="58" />
  <attribute name= "Current Time Running" value="4426" />
  <attribute name ="GC Interval" value="0" />
  <attribute name="ProportionalT" value="57.000000" />
  <attribute name="ProportionalI" value="57.000000" />
  <attribute name="ProportionalH" value="57.000000" />
  <attribute name="Current Error" value="38.000000" />
  <attribute name="IntegralT" value="0.000000" />
  <attribute name="IntegralI" value="0.000000" />
  <attribute name="IntegralH" value="0.000000" />
  <attribute name="DerivativeT" value="inf" />
  <attribute name="DerivativeI" value="inf" />
  <attribute name="DerivativeH" value="inf" />
  <attribute name="Loop Time for DT" value="0.000000" />
  <attribute name="Output H" value="8388608"/>
  <attribute name="Output I" value="200"/>
  <attribute name="Output T" value="1"/>
  <attribute name="Target GC Util Change" value ="20.000000" />
  <attribute name="Current GC Util Change" value="58.000000"/>
  <attribute name="GC Util currently" value="58" />
  <attribute name="CPU Util currently" value="16161846747226" />
<exclusive-end id="1581" timestamp="2019-06-17T07:19:48.911" durationms="5.850" />

<exclusive-start id="1582" timestamp="2019-06-17T07:19:48.943" intervalms="37.476">
  <response-info timems="0.066" idlems="0.066" threads="0" lastid="0000000000D25900" lastname="Thread-10" />
</exclusive-start>
<allocation-taxation id="1583" taxation-threshold="76546048" timestamp="2019-06-17T07:19:48.943" intervalms="37.520" />
<cycle-start id="1584" type="partial gc" contextid="0" timestamp="2019-06-17T07:19:48.943" intervalms="37.532" />
<gc-start id="1585" type="partial gc" contextid="1584" timestamp="2019-06-17T07:19:48.944">
  <mem-info id="1586" free="90177536" total="281018368" percent="32">
    <mem type="eden" free="0" total="76546048" percent="0" />
    <arraylet-primitive objects="2" leaves="2" largest="1" />
    <remembered-set count="47168" freebytes="11028736" totalbytes="11217408" percent="98" regionsoverflowed="0" regionsstable="2" regionsrebuilding="0"/>
  </mem-info>
</gc-start>
<allocation-stats totalBytes="76535048" >
  <allocated-bytes non-tlh="0" tlh="76535048" arrayletleaf="0"/>
  <largest-consumer threadName="Thread-7" threadId="0000000000D2D100" bytes="24494424" />
</allocation-stats>
<gc-op id="1587" type="copy forward" timems="2.132" contextid="1584" timestamp="2019-06-17T07:19:48.947">
  <memory-copied type="eden" objects="11235" bytes="407728" bytesdiscarded="40848" />
  <memory-copied type="other" objects="18736" bytes="861792" bytesdiscarded="24728" />
  <memory-cardclean objects="18" bytes="2688" />
  <regions eden="73" other="3" />
  <remembered-set-cleared processed="43147" cleared="569" durationms="0.249" />
  <stringconstants candidates="4597" cleared="0"  />
</gc-op>
<gc-op id="1588" type="classunload" timems="0.002" contextid="1584" timestamp="2019-06-17T07:19:48.947">
  <classunload-info classloadercandidates="8" classloadersunloaded="0" classesunloaded="0" anonymousclassesunloaded="0" quiescems="0.000" setupms="0.002" scanms="0.000" postms="0.000" />
</gc-op>
<gc-end id="1589" type="partial gc" contextid="1584" durationms="3.108" usertimems="8.000" systemtimems="0.000" timestamp="2019-06-17T07:19:48.947" activeThreads="4">
  <mem-info id="1590" free="165675008" total="281018368" percent="58">
    <mem type="eden" free="600000" total="1048576" percent="57" />
    <arraylet-primitive objects="2" leaves="2" largest="1" />
    <remembered-set count="48832" freebytes="11022080" totalbytes="11217408" percent="98" regionsoverflowed="0" regionsstable="2" regionsrebuilding="0"/>
  </mem-info>
</gc-end>
<cycle-end id="1591" type="partial gc" contextid="1584" timestamp="2019-06-17T07:19:48.947" />
  <attribute name="elasticGC enabled" value="1" />
  <attribute name= "numThreadsSpecified" value="4" />
  <attribute name="heapSize specified" value="0" />
  <attribute name="Current GC Util" value="64" />
  <attribute name= "Current Time Running" value="4464" />
  <attribute name ="GC Interval" value="0" />
  <attribute name="ProportionalT" value="66.000000" />
  <attribute name="ProportionalI" value="66.000000" />
  <attribute name="ProportionalH" value="66.000000" />
  <attribute name="Current Error" value="44.000000" />
  <attribute name="IntegralT" value="44.000000" />
  <attribute name="IntegralI" value="44.000000" />
  <attribute name="IntegralH" value="44.000000" />
  <attribute name="DerivativeT" value="66.000000" />
  <attribute name="DerivativeI" value="66.000000" />
  <attribute name="DerivativeH" value="66.000000" />
  <attribute name="Loop Time for DT" value="1.000000" />
  <attribute name="Output H" value="8388608"/>
  <attribute name="Output I" value="200"/>
  <attribute name="Output T" value="4"/>
  <attribute name="Target GC Util Change" value ="20.000000" />
  <attribute name="Current GC Util Change" value="64.000000"/>
  <attribute name="GC Util currently" value="64" />
  <attribute name="CPU Util currently" value="19603091132205" />
<exclusive-end id="1592" timestamp="2019-06-17T07:19:48.947" durationms="4.039" />

<exclusive-start id="1593" timestamp="2019-06-17T07:19:48.979" intervalms="36.351">
  <response-info timems="0.028" idlems="0.028" threads="0" lastid="0000000000D25900" lastname="Thread-10" />
</exclusive-start>
<allocation-taxation id="1594" taxation-threshold="76546048" timestamp="2019-06-17T07:19:48.980" intervalms="36.296" />
<cycle-start id="1595" type="partial gc" contextid="0" timestamp="2019-06-17T07:19:48.980" intervalms="36.301" />
<gc-start id="1596" type="partial gc" contextid="1595" timestamp="2019-06-17T07:19:48.980">
  <mem-info id="1597" free="89128960" total="281018368" percent="31">
    <mem type="eden" free="0" total="76546048" percent="0" />
    <arraylet-primitive objects="2" leaves="2" largest="1" />
    <remembered-set count="48480" freebytes="11023488" totalbytes="11217408" percent="98" regionsoverflowed="0" regionsstable="2" regionsrebuilding="0"/>
  </mem-info>
</gc-start>
<allocation-stats totalBytes="76535360" >
  <allocated-bytes non-tlh="0" tlh="76535360" arrayletleaf="0"/>
  <largest-consumer threadName="Thread-7" threadId="0000000000D2D100" bytes="21214096" />
</allocation-stats>
<gc-op id="1598" type="copy forward" timems="1.898" contextid="1595" timestamp="2019-06-17T07:19:48.982">
  <memory-copied type="eden" objects="19145" bytes="873120" bytesdiscarded="50728" />
  <memory-copied type="other" objects="7155" bytes="309096" bytesdiscarded="75424" />
  <memory-cardclean objects="18" bytes="2688" />
  <regions eden="73" other="4" />
  <remembered-set-cleared processed="43481" cleared="903" durationms="0.207" />
  <stringconstants candidates="4597" cleared="0"  />
</gc-op>
<gc-op id="1599" type="classunload" timems="0.002" contextid="1595" timestamp="2019-06-17T07:19:48.983">
  <classunload-info classloadercandidates="8" classloadersunloaded="0" classesunloaded="0" anonymousclassesunloaded="0" quiescems="0.000" setupms="0.002" scanms="0.000" postms="0.000" />
</gc-op>
<gc-end id="1600" type="partial gc" contextid="1595" durationms="2.778" usertimems="4.000" systemtimems="0.000" timestamp="2019-06-17T07:19:48.983" activeThreads="4">
  <mem-info id="1601" free="164626432" total="281018368" percent="58">
    <mem type="eden" free="124728" total="1048576" percent="11" />
    <arraylet-primitive objects="2" leaves="2" largest="1" />
    <remembered-set count="48320" freebytes="11024128" totalbytes="11217408" percent="98" regionsoverflowed="0" regionsstable="2" regionsrebuilding="0"/>
  </mem-info>
</gc-end>
<cycle-end id="1602" type="partial gc" contextid="1595" timestamp="2019-06-17T07:19:48.983" />
  <attribute name="elasticGC enabled" value="1" />
  <attribute name= "numThreadsSpecified" value="4" />
  <attribute name="heapSize specified" value="0" />
  <attribute name="Current GC Util" value="80" />
  <attribute name= "Current Time Running" value="4500" />
  <attribute name ="GC Interval" value="0" />
  <attribute name="ProportionalT" value="90.000000" />
  <attribute name="ProportionalI" value="90.000000" />
  <attribute name="ProportionalH" value="90.000000" />
  <attribute name="Current Error" value="60.000000" />
  <attribute name="IntegralT" value="60.000000" />
  <attribute name="IntegralI" value="60.000000" />
  <attribute name="IntegralH" value="60.000000" />
  <attribute name="DerivativeT" value="90.000000" />
  <attribute name="DerivativeI" value="90.000000" />
  <attribute name="DerivativeH" value="90.000000" />
  <attribute name="Loop Time for DT" value="1.000000" />
  <attribute name="Output H" value="8388608"/>
  <attribute name="Output I" value="240"/>
  <attribute name="Output T" value="4"/>
  <attribute name="Target GC Util Change" value ="20.000000" />
  <attribute name="Current GC Util Change" value="80.000000"/>
  <attribute name="GC Util currently" value="80" />
  <attribute name="CPU Util currently" value="21965430183872" />
<exclusive-end id="1603" timestamp="2019-06-17T07:19:48.983" durationms="3.537" />

<exclusive-start id="1604" timestamp="2019-06-17T07:19:49.015" intervalms="35.395">
  <response-info timems="0.030" idlems="0.030" threads="0" lastid="0000000000D29500" lastname="Thread-8" />
</exclusive-start>
<allocation-taxation id="1605" taxation-threshold="76546048" timestamp="2019-06-17T07:19:49.015" intervalms="35.473" />
<cycle-start id="1606" type="partial gc" contextid="0" timestamp="2019-06-17T07:19:49.015" intervalms="35.518" />
<gc-start id="1607" type="partial gc" contextid="1606" timestamp="2019-06-17T07:19:49.015">
  <mem-info id="1608" free="88080384" total="281018368" percent="31">
    <mem type="eden" free="0" total="76546048" percent="0" />
    <arraylet-primitive objects="2" leaves="2" largest="1" />
    <remembered-set count="48064" freebytes="11025152" totalbytes="11217408" percent="98" regionsoverflowed="0" regionsstable="2" regionsrebuilding="0"/>
  </mem-info>
</gc-start>
<allocation-stats totalBytes="76535208" >
  <allocated-bytes non-tlh="0" tlh="76535208" arrayletleaf="0"/>
  <largest-consumer threadName="Thread-9" threadId="0000000000D21D00" bytes="22725624" />
</allocation-stats>
<gc-op id="1609" type="copy forward" timems="3.517" contextid="1606" timestamp="2019-06-17T07:19:49.020">
  <memory-copied type="eden" objects="13640" bytes="466336" bytesdiscarded="0" />
  <memory-copied type="other" objects="12935" bytes="585192" bytesdiscarded="0" />
  <memory-cardclean objects="4133" bytes="219120" />
  <regions eden="73" other="4" />
  <remembered-set-cleared processed="43282" cleared="3167" durationms="0.552" />
  <stringconstants candidates="4597" cleared="0"  />
</gc-op>
<gc-op id="1610" type="classunload" timems="0.003" contextid="1606" timestamp="2019-06-17T07:19:49.020">
  <classunload-info classloadercandidates="8" classloadersunloaded="0" classesunloaded="0" anonymousclassesunloaded="0" quiescems="0.000" setupms="0.002" scanms="0.000" postms="0.000" />
</gc-op>
<gc-end id="1611" type="partial gc" contextid="1606" durationms="4.652" usertimems="4.000" systemtimems="0.000" timestamp="2019-06-17T07:19:49.020" activeThreads="1">
  <mem-info id="1612" free="164626432" total="281018368" percent="58">
    <mem type="eden" free="582240" total="1048576" percent="55" />
    <arraylet-primitive objects="2" leaves="2" largest="1" />
    <remembered-set count="46112" freebytes="11032960" totalbytes="11217408" percent="98" regionsoverflowed="0" regionsstable="2" regionsrebuilding="0"/>
  </mem-info>
</gc-end>
<cycle-end id="1613" type="partial gc" contextid="1606" timestamp="2019-06-17T07:19:49.020" />
  <attribute name="elasticGC enabled" value="1" />
  <attribute name= "numThreadsSpecified" value="1" />
  <attribute name="heapSize specified" value="0" />
  <attribute name="Current GC Util" value="61" />
  <attribute name= "Current Time Running" value="4535" />
  <attribute name ="GC Interval" value="0" />
  <attribute name="ProportionalT" value="61.500000" />
  <attribute name="ProportionalI" value="61.500000" />
  <attribute name="ProportionalH" value="61.500000" />
  <attribute name="Current Error" value="41.000000" />
  <attribute name="IntegralT" value="0.000000" />
  <attribute name="IntegralI" value="0.000000" />
  <attribute name="IntegralH" value="0.000000" />
  <attribute name="DerivativeT" value="inf" />
  <attribute name="DerivativeI" value="inf" />
  <attribute name="DerivativeH" value="inf" />
  <attribute name="Loop Time for DT" value="0.000000" />
  <attribute name="Output H" value="8388608"/>
  <attribute name="Output I" value="200"/>
  <attribute name="Output T" value="1"/>
  <attribute name="Target GC Util Change" value ="20.000000" />
  <attribute name="Current GC Util Change" value="61.000000"/>
  <attribute name="GC Util currently" value="61" />
  <attribute name="CPU Util currently" value="19174213657428" />
<exclusive-end id="1614" timestamp="2019-06-17T07:19:49.021" durationms="5.850" />

<exclusive-start id="1615" timestamp="2019-06-17T07:19:49.052" intervalms="37.574">
  <response-info timems="0.213" idlems="0.213" threads="0" lastid="0000000000D2D100" lastname="Thread-7" />
</exclusive-start>
<allocation-taxation id="1616" taxation-threshold="76546048" timestamp="2019-06-17T07:19:49.053" intervalms="37.536" />
<cycle-start id="1617" type="partial gc" contextid="0" timestamp="2019-06-17T07:19:49.053" intervalms="37.500" />
<gc-start id="1618" type="partial gc" contextid="1617" timestamp="2019-06-17T07:19:49.053">
  <mem-info id="1619" free="88080384" total="281018368" percent="31">
    <mem type="eden" free="0" total="76546048" percent="0" />
    <arraylet-primitive objects="2" leaves="2" largest="1" />
    <remembered-set count="45984" freebytes="11033472" totalbytes="11217408" percent="98" regionsoverflowed="0" regionsstable="2" regionsrebuilding="0"/>
  </mem-info>
</gc-start>
<allocation-stats totalBytes="76536128" >
  <allocated-bytes non-tlh="0" tlh="76536128" arrayletleaf="0"/>
  <largest-consumer threadName="Thread-8" threadId="0000000000D29500" bytes="21886264" />
</allocation-stats>
<gc-op id="1620" type="copy forward" timems="3.898" contextid="1617" timestamp="2019-06-17T07:19:49.058">
  <memory-copied type="eden" objects="16291" bytes="667032" bytesdiscarded="0" />
  <memory-copied type="other" objects="17433" bytes="693144" bytesdiscarded="0" />
  <memory-cardclean objects="3943" bytes="195048" />
  <regions eden="73" other="4" />
  <remembered-set-cleared processed="40991" cleared="878" durationms="0.532" />
  <stringconstants candidates="4597" cleared="0"  />
</gc-op>
<gc-op id="1621" type="classunload" timems="0.002" contextid="1617" timestamp="2019-06-17T07:19:49.058">
  <classunload-info classloadercandidates="8" classloadersunloaded="0" classesunloaded="0" anonymousclassesunloaded="0" quiescems="0.000" setupms="0.002" scanms="0.000" postms="0.000" />
</gc-op>
<gc-end id="1622" type="partial gc" contextid="1617" durationms="4.979" usertimems="0.000" systemtimems="4.000" timestamp="2019-06-17T07:19:49.058" activeThreads="1">
  <mem-info id="1623" free="163577856" total="281018368" percent="58">
    <mem type="eden" free="381544" total="1048576" percent="36" />
    <arraylet-primitive objects="2" leaves="2" largest="1" />
    <remembered-set count="46624" freebytes="11030912" totalbytes="11217408" percent="98" regionsoverflowed="0" regionsstable="2" regionsrebuilding="0"/>
  </mem-info>
</gc-end>
<cycle-end id="1624" type="partial gc" contextid="1617" timestamp="2019-06-17T07:19:49.058" />
  <attribute name="elasticGC enabled" value="1" />
  <attribute name= "numThreadsSpecified" value="1" />
  <attribute name="heapSize specified" value="0" />
  <attribute name="Current GC Util" value="75" />
  <attribute name= "Current Time Running" value="4573" />
  <attribute name ="GC Interval" value="0" />
  <attribute name="ProportionalT" value="82.500000" />
  <attribute name="ProportionalI" value="82.500000" />
  <attribute name="ProportionalH" value="82.500000" />
  <attribute name="Current Error" value="55.000000" />
  <attribute name="IntegralT" value="0.000000" />
  <attribute name="IntegralI" value="0.000000" />
  <attribute name="IntegralH" value="0.000000" />
  <attribute name="DerivativeT" value="inf" />
  <attribute name="DerivativeI" value="inf" />
  <attribute name="DerivativeH" value="inf" />
  <attribute name="Loop Time for DT" value="0.000000" />
  <attribute name="Output H" value="8388608"/>
  <attribute name="Output I" value="200"/>
  <attribute name="Output T" value="1"/>
  <attribute name="Target GC Util Change" value ="20.000000" />
  <attribute name="Current GC Util Change" value="75.000000"/>
  <attribute name="GC Util currently" value="75" />
  <attribute name="CPU Util currently" value="19274305574966" />
<exclusive-end id="1625" timestamp="2019-06-17T07:19:49.058" durationms="6.098" />

<exclusive-start id="1626" timestamp="2019-06-17T07:19:49.088" intervalms="35.182">
  <response-info timems="0.035" idlems="0.035" threads="0" lastid="0000000000D21D00" lastname="Thread-9" />
</exclusive-start>
<allocation-taxation id="1627" taxation-threshold="76546048" timestamp="2019-06-17T07:19:49.088" intervalms="35.195" />
<cycle-start id="1628" type="partial gc" contextid="0" timestamp="2019-06-17T07:19:49.088" intervalms="35.209" />
<gc-start id="1629" type="partial gc" contextid="1628" timestamp="2019-06-17T07:19:49.088">
  <mem-info id="1630" free="87031808" total="281018368" percent="30">
    <mem type="eden" free="0" total="76546048" percent="0" />
    <arraylet-primitive objects="2" leaves="2" largest="1" />
    <remembered-set count="46560" freebytes="11031168" totalbytes="11217408" percent="98" regionsoverflowed="0" regionsstable="2" regionsrebuilding="0"/>
  </mem-info>
</gc-start>
<allocation-stats totalBytes="76536192" >
  <allocated-bytes non-tlh="0" tlh="76536192" arrayletleaf="0"/>
  <largest-consumer threadName="Thread-8" threadId="0000000000D29500" bytes="24999000" />
</allocation-stats>
<gc-op id="1631" type="copy forward" timems="4.029" contextid="1628" timestamp="2019-06-17T07:19:49.093">
  <memory-copied type="eden" objects="11730" bytes="420824" bytesdiscarded="0" />
  <memory-copied type="other" objects="23050" bytes="965328" bytesdiscarded="0" />
  <memory-cardclean objects="2820" bytes="141240" />
  <regions eden="73" other="4" />
  <remembered-set-cleared processed="41386" cleared="2166" durationms="0.562" />
  <stringconstants candidates="4597" cleared="0"  />
</gc-op>
<gc-op id="1632" type="classunload" timems="0.002" contextid="1628" timestamp="2019-06-17T07:19:49.093">
  <classunload-info classloadercandidates="8" classloadersunloaded="0" classesunloaded="0" anonymousclassesunloaded="0" quiescems="0.000" setupms="0.002" scanms="0.000" postms="0.000" />
</gc-op>
<heap-resize id="1633" type="expand" space="default" amount="12582912" count="1" timems="0.133" reason="excessive time being spent in gc" timestamp="2019-06-17T07:19:49.093" />
<gc-end id="1634" type="partial gc" contextid="1628" durationms="5.452" usertimems="4.000" systemtimems="0.000" timestamp="2019-06-17T07:19:49.094" activeThreads="1">
  <mem-info id="1635" free="176160768" total="293601280" percent="60">
    <mem type="eden" free="627752" total="1048576" percent="59" />
    <arraylet-primitive objects="2" leaves="2" largest="1" />
    <remembered-set count="46496" freebytes="11533696" totalbytes="11719680" percent="98" regionsoverflowed="0" regionsstable="2" regionsrebuilding="0"/>
  </mem-info>
</gc-end>
<cycle-end id="1636" type="partial gc" contextid="1628" timestamp="2019-06-17T07:19:49.094" />
  <attribute name="elasticGC enabled" value="1" />
  <attribute name= "numThreadsSpecified" value="1" />
  <attribute name="heapSize specified" value="0" />
  <attribute name="Current GC Util" value="80" />
  <attribute name= "Current Time Running" value="4608" />
  <attribute name ="GC Interval" value="0" />
  <attribute name="ProportionalT" value="90.000000" />
  <attribute name="ProportionalI" value="90.000000" />
  <attribute name="ProportionalH" value="90.000000" />
  <attribute name="Current Error" value="60.000000" />
  <attribute name="IntegralT" value="0.000000" />
  <attribute name="IntegralI" value="0.000000" />
  <attribute name="IntegralH" value="0.000000" />
  <attribute name="DerivativeT" value="inf" />
  <attribute name="DerivativeI" value="inf" />
  <attribute name="DerivativeH" value="inf" />
  <attribute name="Loop Time for DT" value="0.000000" />
  <attribute name="Output H" value="8388608"/>
  <attribute name="Output I" value="200"/>
  <attribute name="Output T" value="1"/>
  <attribute name="Target GC Util Change" value ="20.000000" />
  <attribute name="Current GC Util Change" value="80.000000"/>
  <attribute name="GC Util currently" value="80" />
  <attribute name="CPU Util currently" value="20032431107003" />
<exclusive-end id="1637" timestamp="2019-06-17T07:19:49.094" durationms="6.546" />

<exclusive-start id="1638" timestamp="2019-06-17T07:19:49.129" intervalms="41.381">
  <response-info timems="0.035" idlems="0.035" threads="0" lastid="0000000000D21D00" lastname="Thread-9" />
</exclusive-start>
<allocation-taxation id="1639" taxation-threshold="79691776" timestamp="2019-06-17T07:19:49.129" intervalms="41.379" />
<cycle-start id="1640" type="partial gc" contextid="0" timestamp="2019-06-17T07:19:49.129" intervalms="41.401" />
<gc-start id="1641" type="partial gc" contextid="1640" timestamp="2019-06-17T07:19:49.130">
  <mem-info id="1642" free="96468992" total="293601280" percent="32">
    <mem type="eden" free="0" total="79691776" percent="0" />
    <arraylet-primitive objects="2" leaves="2" largest="1" />
    <remembered-set count="46048" freebytes="11535488" totalbytes="11719680" percent="98" regionsoverflowed="0" regionsstable="2" regionsrebuilding="0"/>
  </mem-info>
</gc-start>
<allocation-stats totalBytes="79681408" >
  <allocated-bytes non-tlh="0" tlh="79681408" arrayletleaf="0"/>
  <largest-consumer threadName="Thread-9" threadId="0000000000D21D00" bytes="22725912" />
</allocation-stats>
<gc-op id="1643" type="copy forward" timems="4.083" contextid="1640" timestamp="2019-06-17T07:19:49.134">
  <memory-copied type="eden" objects="14813" bytes="631688" bytesdiscarded="0" />
  <memory-copied type="other" objects="16762" bytes="677040" bytesdiscarded="0" />
  <memory-cardclean objects="2820" bytes="141240" />
  <regions eden="76" other="4" />
  <remembered-set-cleared processed="40339" cleared="1119" durationms="0.559" />
  <stringconstants candidates="4597" cleared="0"  />
</gc-op>
<gc-op id="1644" type="classunload" timems="0.002" contextid="1640" timestamp="2019-06-17T07:19:49.135">
  <classunload-info classloadercandidates="8" classloadersunloaded="0" classesunloaded="0" anonymousclassesunloaded="0" quiescems="0.000" setupms="0.002" scanms="0.000" postms="0.000" />
</gc-op>
<heap-resize id="1645" type="expand" space="default" amount="3145728" count="1" timems="0.081" reason="excessive time being spent in gc" timestamp="2019-06-17T07:19:49.135" />
<gc-end id="1646" type="partial gc" contextid="1640" durationms="5.453" usertimems="4.000" systemtimems="0.000" timestamp="2019-06-17T07:19:49.135" activeThreads="1">
  <mem-info id="1647" free="178257920" total="296747008" percent="60">
    <mem type="eden" free="416888" total="1048576" percent="39" />
    <arraylet-primitive objects="2" leaves="2" largest="1" />
    <remembered-set count="46272" freebytes="11660160" totalbytes="11845248" percent="98" regionsoverflowed="0" regionsstable="2" regionsrebuilding="0"/>
  </mem-info>
</gc-end>
<cycle-end id="1648" type="partial gc" contextid="1640" timestamp="2019-06-17T07:19:49.135" />
  <attribute name="elasticGC enabled" value="1" />
  <attribute name= "numThreadsSpecified" value="1" />
  <attribute name="heapSize specified" value="0" />
  <attribute name="Current GC Util" value="65" />
  <attribute name= "Current Time Running" value="4649" />
  <attribute name ="GC Interval" value="0" />
  <attribute name="ProportionalT" value="67.500000" />
  <attribute name="ProportionalI" value="67.500000" />
  <attribute name="ProportionalH" value="67.500000" />
  <attribute name="Current Error" value="45.000000" />
  <attribute name="IntegralT" value="0.000000" />
  <attribute name="IntegralI" value="0.000000" />
  <attribute name="IntegralH" value="0.000000" />
  <attribute name="DerivativeT" value="inf" />
  <attribute name="DerivativeI" value="inf" />
  <attribute name="DerivativeH" value="inf" />
  <attribute name="Loop Time for DT" value="0.000000" />
  <attribute name="Output H" value="8388608"/>
  <attribute name="Output I" value="200"/>
  <attribute name="Output T" value="1"/>
  <attribute name="Target GC Util Change" value ="20.000000" />
  <attribute name="Current GC Util Change" value="65.000000"/>
  <attribute name="GC Util currently" value="65" />
  <attribute name="CPU Util currently" value="17244395741112" />
<exclusive-end id="1649" timestamp="2019-06-17T07:19:49.135" durationms="6.550" />

<exclusive-start id="1650" timestamp="2019-06-17T07:19:49.169" intervalms="40.020">
  <response-info timems="0.032" idlems="0.032" threads="0" lastid="0000000000D2D100" lastname="Thread-7" />
</exclusive-start>
<allocation-taxation id="1651" taxation-threshold="79691776" timestamp="2019-06-17T07:19:49.169" intervalms="39.963" />
<cycle-start id="1652" type="partial gc" contextid="0" timestamp="2019-06-17T07:19:49.169" intervalms="39.974" />
<gc-start id="1653" type="partial gc" contextid="1652" timestamp="2019-06-17T07:19:49.170">
  <mem-info id="1654" free="98566144" total="296747008" percent="33">
    <mem type="eden" free="0" total="79691776" percent="0" />
    <arraylet-primitive objects="2" leaves="2" largest="1" />
    <remembered-set count="46240" freebytes="11660288" totalbytes="11845248" percent="98" regionsoverflowed="0" regionsstable="2" regionsrebuilding="0"/>
  </mem-info>
</gc-start>
<allocation-stats totalBytes="79681280" >
  <allocated-bytes non-tlh="0" tlh="79681280" arrayletleaf="0"/>
  <largest-consumer threadName="Thread-7" threadId="0000000000D2D100" bytes="21210128" />
</allocation-stats>
<gc-op id="1655" type="copy forward" timems="4.167" contextid="1652" timestamp="2019-06-17T07:19:49.175">
  <memory-copied type="eden" objects="14641" bytes="490072" bytesdiscarded="0" />
  <memory-copied type="other" objects="21454" bytes="927024" bytesdiscarded="0" />
  <memory-cardclean objects="2104" bytes="106872" />
  <regions eden="76" other="4" />
  <remembered-set-cleared processed="40255" cleared="821" durationms="0.545" />
  <stringconstants candidates="4597" cleared="0"  />
</gc-op>
<gc-op id="1656" type="classunload" timems="0.003" contextid="1652" timestamp="2019-06-17T07:19:49.175">
  <classunload-info classloadercandidates="8" classloadersunloaded="0" classesunloaded="0" anonymousclassesunloaded="0" quiescems="0.000" setupms="0.002" scanms="0.000" postms="0.000" />
</gc-op>
<heap-resize id="1657" type="expand" space="default" amount="2097152" count="1" timems="0.066" reason="excessive time being spent in gc" timestamp="2019-06-17T07:19:49.175" />
<gc-end id="1658" type="partial gc" contextid="1652" durationms="5.682" usertimems="4.000" systemtimems="0.000" timestamp="2019-06-17T07:19:49.175" activeThreads="1">
  <mem-info id="1659" free="179306496" total="298844160" percent="60">
    <mem type="eden" free="558504" total="1048576" percent="53" />
    <arraylet-primitive objects="2" leaves="2" largest="1" />
    <remembered-set count="47040" freebytes="11740800" totalbytes="11928960" percent="98" regionsoverflowed="0" regionsstable="2" regionsrebuilding="0"/>
  </mem-info>
</gc-end>
<cycle-end id="1660" type="partial gc" contextid="1652" timestamp="2019-06-17T07:19:49.175" />
  <attribute name="elasticGC enabled" value="1" />
  <attribute name= "numThreadsSpecified" value="1" />
  <attribute name="heapSize specified" value="0" />
  <attribute name="Current GC Util" value="69" />
  <attribute name= "Current Time Running" value="4689" />
  <attribute name ="GC Interval" value="0" />
  <attribute name="ProportionalT" value="73.500000" />
  <attribute name="ProportionalI" value="73.500000" />
  <attribute name="ProportionalH" value="73.500000" />
  <attribute name="Current Error" value="49.000000" />
  <attribute name="IntegralT" value="0.000000" />
  <attribute name="IntegralI" value="0.000000" />
  <attribute name="IntegralH" value="0.000000" />
  <attribute name="DerivativeT" value="inf" />
  <attribute name="DerivativeI" value="inf" />
  <attribute name="DerivativeH" value="inf" />
  <attribute name="Loop Time for DT" value="0.000000" />
  <attribute name="Output H" value="8388608"/>
  <attribute name="Output I" value="200"/>
  <attribute name="Output T" value="1"/>
  <attribute name="Target GC Util Change" value ="20.000000" />
  <attribute name="Current GC Util Change" value="69.000000"/>
  <attribute name="GC Util currently" value="69" />
  <attribute name="CPU Util currently" value="17887231391300" />
<exclusive-end id="1661" timestamp="2019-06-17T07:19:49.176" durationms="6.776" />

<exclusive-start id="1662" timestamp="2019-06-17T07:19:49.211" intervalms="42.543">
  <response-info timems="0.032" idlems="0.032" threads="0" lastid="0000000000D29500" lastname="Thread-8" />
</exclusive-start>
<allocation-taxation id="1663" taxation-threshold="80740352" timestamp="2019-06-17T07:19:49.212" intervalms="42.638" />
<cycle-start id="1664" type="partial gc" contextid="0" timestamp="2019-06-17T07:19:49.212" intervalms="42.551" />
<gc-start id="1665" type="partial gc" contextid="1664" timestamp="2019-06-17T07:19:49.212">
  <mem-info id="1666" free="98566144" total="298844160" percent="32">
    <mem type="eden" free="0" total="80740352" percent="0" />
    <arraylet-primitive objects="2" leaves="2" largest="1" />
    <remembered-set count="46944" freebytes="11741184" totalbytes="11928960" percent="98" regionsoverflowed="0" regionsstable="2" regionsrebuilding="0"/>
  </mem-info>
</gc-start>
<allocation-stats totalBytes="80729648" >
  <allocated-bytes non-tlh="0" tlh="80729648" arrayletleaf="0"/>
  <largest-consumer threadName="Thread-10" threadId="0000000000D25900" bytes="21615712" />
</allocation-stats>
<gc-op id="1667" type="copy forward" timems="3.444" contextid="1664" timestamp="2019-06-17T07:19:49.216">
  <memory-copied type="eden" objects="18902" bytes="867928" bytesdiscarded="0" />
  <memory-copied type="other" objects="6283" bytes="288168" bytesdiscarded="0" />
  <memory-cardclean objects="141" bytes="12648" />
  <regions eden="77" other="4" />
  <remembered-set-cleared processed="40671" cleared="834" durationms="0.568" />
  <stringconstants candidates="4597" cleared="0"  />
</gc-op>
<gc-op id="1668" type="classunload" timems="0.003" contextid="1664" timestamp="2019-06-17T07:19:49.217">
  <classunload-info classloadercandidates="8" classloadersunloaded="0" classesunloaded="0" anonymousclassesunloaded="0" quiescems="0.000" setupms="0.002" scanms="0.000" postms="0.000" />
</gc-op>
<gc-end id="1669" type="partial gc" contextid="1664" durationms="4.806" usertimems="4.000" systemtimems="0.000" timestamp="2019-06-17T07:19:49.217" activeThreads="1">
  <mem-info id="1670" free="180355072" total="298844160" percent="60">
    <mem type="eden" free="180648" total="1048576" percent="17" />
    <arraylet-primitive objects="2" leaves="2" largest="1" />
    <remembered-set count="45920" freebytes="11745280" totalbytes="11928960" percent="98" regionsoverflowed="0" regionsstable="2" regionsrebuilding="0"/>
  </mem-info>
</gc-end>
<cycle-end id="1671" type="partial gc" contextid="1664" timestamp="2019-06-17T07:19:49.217" />
  <attribute name="elasticGC enabled" value="1" />
  <attribute name= "numThreadsSpecified" value="1" />
  <attribute name="heapSize specified" value="0" />
  <attribute name="Current GC Util" value="87" />
  <attribute name= "Current Time Running" value="4732" />
  <attribute name ="GC Interval" value="0" />
  <attribute name="ProportionalT" value="100.500000" />
  <attribute name="ProportionalI" value="100.500000" />
  <attribute name="ProportionalH" value="100.500000" />
  <attribute name="Current Error" value="67.000000" />
  <attribute name="IntegralT" value="0.000000" />
  <attribute name="IntegralI" value="0.000000" />
  <attribute name="IntegralH" value="0.000000" />
  <attribute name="DerivativeT" value="inf" />
  <attribute name="DerivativeI" value="inf" />
  <attribute name="DerivativeH" value="inf" />
  <attribute name="Loop Time for DT" value="0.000000" />
  <attribute name="Output H" value="8388608"/>
  <attribute name="Output I" value="200"/>
  <attribute name="Output T" value="1"/>
  <attribute name="Target GC Util Change" value ="20.000000" />
  <attribute name="Current GC Util Change" value="87.000000"/>
  <attribute name="GC Util currently" value="87" />
  <attribute name="CPU Util currently" value="15123306619244" />
<exclusive-end id="1672" timestamp="2019-06-17T07:19:49.217" durationms="5.955" />

<exclusive-start id="1673" timestamp="2019-06-17T07:19:49.247" intervalms="35.829">
  <response-info timems="0.411" idlems="0.411" threads="0" lastid="0000000000D2D100" lastname="Thread-7" />
</exclusive-start>
<allocation-taxation id="1674" taxation-threshold="80740352" timestamp="2019-06-17T07:19:49.247" intervalms="35.733" />
<cycle-start id="1675" type="partial gc" contextid="0" timestamp="2019-06-17T07:19:49.248" intervalms="35.701" />
<gc-start id="1676" type="partial gc" contextid="1675" timestamp="2019-06-17T07:19:49.248">
  <mem-info id="1677" free="99614720" total="298844160" percent="33">
    <mem type="eden" free="0" total="80740352" percent="0" />
    <arraylet-primitive objects="2" leaves="2" largest="1" />
    <remembered-set count="45632" freebytes="11746432" totalbytes="11928960" percent="98" regionsoverflowed="0" regionsstable="2" regionsrebuilding="0"/>
  </mem-info>
</gc-start>
<allocation-stats totalBytes="80729128" >
  <allocated-bytes non-tlh="0" tlh="80729128" arrayletleaf="0"/>
  <largest-consumer threadName="Thread-10" threadId="0000000000D25900" bytes="25403744" />
</allocation-stats>
<gc-op id="1678" type="copy forward" timems="3.822" contextid="1675" timestamp="2019-06-17T07:19:49.252">
  <memory-copied type="eden" objects="10881" bytes="400600" bytesdiscarded="0" />
  <memory-copied type="other" objects="19963" bytes="891240" bytesdiscarded="0" />
  <memory-cardclean objects="2104" bytes="106872" />
  <regions eden="77" other="4" />
  <remembered-set-cleared processed="40201" cleared="767" durationms="0.556" />
  <stringconstants candidates="4597" cleared="0"  />
</gc-op>
<gc-op id="1679" type="classunload" timems="0.002" contextid="1675" timestamp="2019-06-17T07:19:49.252">
  <classunload-info classloadercandidates="8" classloadersunloaded="0" classesunloaded="0" anonymousclassesunloaded="0" quiescems="0.000" setupms="0.002" scanms="0.000" postms="0.000" />
</gc-op>
<gc-end id="1680" type="partial gc" contextid="1675" durationms="4.743" usertimems="8.000" systemtimems="0.000" timestamp="2019-06-17T07:19:49.252" activeThreads="1">
  <mem-info id="1681" free="179306496" total="298844160" percent="60">
    <mem type="eden" free="647976" total="1048576" percent="61" />
    <arraylet-primitive objects="2" leaves="2" largest="1" />
    <remembered-set count="46528" freebytes="11742848" totalbytes="11928960" percent="98" regionsoverflowed="0" regionsstable="2" regionsrebuilding="0"/>
  </mem-info>
</gc-end>
<cycle-end id="1682" type="partial gc" contextid="1675" timestamp="2019-06-17T07:19:49.253" />
  <attribute name="elasticGC enabled" value="1" />
  <attribute name= "numThreadsSpecified" value="1" />
  <attribute name="heapSize specified" value="0" />
  <attribute name="Current GC Util" value="90" />
  <attribute name= "Current Time Running" value="4767" />
  <attribute name ="GC Interval" value="0" />
  <attribute name="ProportionalT" value="105.000000" />
  <attribute name="ProportionalI" value="105.000000" />
  <attribute name="ProportionalH" value="105.000000" />
  <attribute name="Current Error" value="70.000000" />
  <attribute name="IntegralT" value="0.000000" />
  <attribute name="IntegralI" value="0.000000" />
  <attribute name="IntegralH" value="0.000000" />
  <attribute name="DerivativeT" value="inf" />
  <attribute name="DerivativeI" value="inf" />
  <attribute name="DerivativeH" value="inf" />
  <attribute name="Loop Time for DT" value="0.000000" />
  <attribute name="Output H" value="8388608"/>
  <attribute name="Output I" value="200"/>
  <attribute name="Output T" value="1"/>
  <attribute name="Target GC Util Change" value ="20.000000" />
  <attribute name="Current GC Util Change" value="90.000000"/>
  <attribute name="GC Util currently" value="90" />
  <attribute name="CPU Util currently" value="23564838361631" />
<exclusive-end id="1683" timestamp="2019-06-17T07:19:49.253" durationms="5.671" />

<exclusive-start id="1684" timestamp="2019-06-17T07:19:49.289" intervalms="41.337">
  <response-info timems="0.261" idlems="0.261" threads="0" lastid="0000000000D25900" lastname="Thread-10" />
</exclusive-start>
<allocation-taxation id="1685" taxation-threshold="80740352" timestamp="2019-06-17T07:19:49.289" intervalms="41.363" />
<cycle-start id="1686" type="partial gc" contextid="0" timestamp="2019-06-17T07:19:49.289" intervalms="41.410" />
<gc-start id="1687" type="partial gc" contextid="1686" timestamp="2019-06-17T07:19:49.289">
  <mem-info id="1688" free="98566144" total="298844160" percent="32">
    <mem type="eden" free="0" total="80740352" percent="0" />
    <arraylet-primitive objects="2" leaves="2" largest="1" />
    <remembered-set count="46464" freebytes="11743104" totalbytes="11928960" percent="98" regionsoverflowed="0" regionsstable="2" regionsrebuilding="0"/>
  </mem-info>
</gc-start>
<allocation-stats totalBytes="80730464" >
  <allocated-bytes non-tlh="0" tlh="80730464" arrayletleaf="0"/>
  <largest-consumer threadName="Thread-9" threadId="0000000000D21D00" bytes="23749616" />
</allocation-stats>
<gc-op id="1689" type="copy forward" timems="3.907" contextid="1686" timestamp="2019-06-17T07:19:49.294">
  <memory-copied type="eden" objects="11958" bytes="426304" bytesdiscarded="0" />
  <memory-copied type="other" objects="20263" bytes="898440" bytesdiscarded="0" />
  <memory-cardclean objects="141" bytes="12648" />
  <regions eden="77" other="5" />
  <remembered-set-cleared processed="40570" cleared="1777" durationms="0.548" />
  <stringconstants candidates="4597" cleared="0"  />
</gc-op>
<gc-op id="1690" type="classunload" timems="0.003" contextid="1686" timestamp="2019-06-17T07:19:49.294">
  <classunload-info classloadercandidates="8" classloadersunloaded="0" classesunloaded="0" anonymousclassesunloaded="0" quiescems="0.000" setupms="0.002" scanms="0.000" postms="0.000" />
</gc-op>
<gc-end id="1691" type="partial gc" contextid="1686" durationms="5.102" usertimems="0.000" systemtimems="4.000" timestamp="2019-06-17T07:19:49.294" activeThreads="1">
  <mem-info id="1692" free="179306496" total="298844160" percent="60">
    <mem type="eden" free="622272" total="1048576" percent="59" />
    <arraylet-primitive objects="2" leaves="2" largest="1" />
    <remembered-set count="46368" freebytes="11743488" totalbytes="11928960" percent="98" regionsoverflowed="0" regionsstable="2" regionsrebuilding="0"/>
  </mem-info>
</gc-end>
<cycle-end id="1693" type="partial gc" contextid="1686" timestamp="2019-06-17T07:19:49.294" />
  <attribute name="elasticGC enabled" value="1" />
  <attribute name= "numThreadsSpecified" value="1" />
  <attribute name="heapSize specified" value="0" />
  <attribute name="Current GC Util" value="76" />
  <attribute name= "Current Time Running" value="4809" />
  <attribute name ="GC Interval" value="0" />
  <attribute name="ProportionalT" value="84.000000" />
  <attribute name="ProportionalI" value="84.000000" />
  <attribute name="ProportionalH" value="84.000000" />
  <attribute name="Current Error" value="56.000000" />
  <attribute name="IntegralT" value="0.000000" />
  <attribute name="IntegralI" value="0.000000" />
  <attribute name="IntegralH" value="0.000000" />
  <attribute name="DerivativeT" value="inf" />
  <attribute name="DerivativeI" value="inf" />
  <attribute name="DerivativeH" value="inf" />
  <attribute name="Loop Time for DT" value="0.000000" />
  <attribute name="Output H" value="8388608"/>
  <attribute name="Output I" value="200"/>
  <attribute name="Output T" value="1"/>
  <attribute name="Target GC Util Change" value ="20.000000" />
  <attribute name="Current GC Util Change" value="76.000000"/>
  <attribute name="GC Util currently" value="76" />
  <attribute name="CPU Util currently" value="18678128645352" />
<exclusive-end id="1694" timestamp="2019-06-17T07:19:49.295" durationms="6.043" />

<exclusive-start id="1695" timestamp="2019-06-17T07:19:49.324" intervalms="35.185">
  <response-info timems="0.033" idlems="0.033" threads="0" lastid="0000000000D21D00" lastname="Thread-9" />
</exclusive-start>
<allocation-taxation id="1696" taxation-threshold="80740352" timestamp="2019-06-17T07:19:49.324" intervalms="35.223" />
<cycle-start id="1697" type="partial gc" contextid="0" timestamp="2019-06-17T07:19:49.324" intervalms="35.252" />
<gc-start id="1698" type="partial gc" contextid="1697" timestamp="2019-06-17T07:19:49.324">
  <mem-info id="1699" free="98566144" total="298844160" percent="32">
    <mem type="eden" free="0" total="80740352" percent="0" />
    <arraylet-primitive objects="2" leaves="2" largest="1" />
    <remembered-set count="45952" freebytes="11745152" totalbytes="11928960" percent="98" regionsoverflowed="0" regionsstable="2" regionsrebuilding="0"/>
  </mem-info>
</gc-start>
<allocation-stats totalBytes="80730488" >
  <allocated-bytes non-tlh="0" tlh="80730488" arrayletleaf="0"/>
  <largest-consumer threadName="Thread-10" threadId="0000000000D25900" bytes="24356096" />
</allocation-stats>
<gc-op id="1700" type="copy forward" timems="3.074" contextid="1697" timestamp="2019-06-17T07:19:49.328">
  <memory-copied type="eden" objects="17607" bytes="836400" bytesdiscarded="0" />
  <memory-copied type="other" objects="5492" bytes="269184" bytesdiscarded="0" />
  <memory-cardclean objects="18" bytes="2688" />
  <regions eden="77" other="4" />
  <remembered-set-cleared processed="39708" cleared="880" durationms="0.544" />
  <stringconstants candidates="4597" cleared="0"  />
</gc-op>
<gc-op id="1701" type="classunload" timems="0.002" contextid="1697" timestamp="2019-06-17T07:19:49.328">
  <classunload-info classloadercandidates="8" classloadersunloaded="0" classesunloaded="0" anonymousclassesunloaded="0" quiescems="0.000" setupms="0.002" scanms="0.000" postms="0.000" />
</gc-op>
<gc-end id="1702" type="partial gc" contextid="1697" durationms="4.150" usertimems="0.000" systemtimems="4.000" timestamp="2019-06-17T07:19:49.329" activeThreads="1">
  <mem-info id="1703" free="181403648" total="298844160" percent="60">
    <mem type="eden" free="212176" total="1048576" percent="20" />
    <arraylet-primitive objects="2" leaves="2" largest="1" />
    <remembered-set count="44864" freebytes="11749504" totalbytes="11928960" percent="98" regionsoverflowed="0" regionsstable="2" regionsrebuilding="0"/>
  </mem-info>
</gc-end>
<cycle-end id="1704" type="partial gc" contextid="1697" timestamp="2019-06-17T07:19:49.329" />
  <attribute name="elasticGC enabled" value="1" />
  <attribute name= "numThreadsSpecified" value="1" />
  <attribute name="heapSize specified" value="0" />
  <attribute name="Current GC Util" value="85" />
  <attribute name= "Current Time Running" value="4844" />
  <attribute name ="GC Interval" value="0" />
  <attribute name="ProportionalT" value="97.500000" />
  <attribute name="ProportionalI" value="97.500000" />
  <attribute name="ProportionalH" value="97.500000" />
  <attribute name="Current Error" value="65.000000" />
  <attribute name="IntegralT" value="0.000000" />
  <attribute name="IntegralI" value="0.000000" />
  <attribute name="IntegralH" value="0.000000" />
  <attribute name="DerivativeT" value="inf" />
  <attribute name="DerivativeI" value="inf" />
  <attribute name="DerivativeH" value="inf" />
  <attribute name="Loop Time for DT" value="0.000000" />
  <attribute name="Output H" value="8388608"/>
  <attribute name="Output I" value="200"/>
  <attribute name="Output T" value="1"/>
  <attribute name="Target GC Util Change" value ="20.000000" />
  <attribute name="Current GC Util Change" value="85.000000"/>
  <attribute name="GC Util currently" value="85" />
  <attribute name="CPU Util currently" value="19649614807225" />
<exclusive-end id="1705" timestamp="2019-06-17T07:19:49.329" durationms="5.294" />

<exclusive-start id="1706" timestamp="2019-06-17T07:19:49.353" intervalms="28.753">
  <response-info timems="0.032" idlems="0.032" threads="0" lastid="0000000000D21D00" lastname="Thread-9" />
</exclusive-start>
<allocation-taxation id="1707" taxation-threshold="80740352" timestamp="2019-06-17T07:19:49.353" intervalms="28.760" />
<cycle-start id="1708" type="partial gc" contextid="0" timestamp="2019-06-17T07:19:49.353" intervalms="28.802" />
<gc-start id="1709" type="partial gc" contextid="1708" timestamp="2019-06-17T07:19:49.353">
  <mem-info id="1710" free="100663296" total="298844160" percent="33">
    <mem type="eden" free="0" total="80740352" percent="0" />
    <arraylet-primitive objects="2" leaves="2" largest="1" />
    <remembered-set count="44480" freebytes="11751040" totalbytes="11928960" percent="98" regionsoverflowed="0" regionsstable="2" regionsrebuilding="0"/>
  </mem-info>
</gc-start>
<allocation-stats totalBytes="80731008" >
  <allocated-bytes non-tlh="0" tlh="80731008" arrayletleaf="0"/>
  <largest-consumer threadName="Thread-9" threadId="0000000000D21D00" bytes="23926320" />
</allocation-stats>
<gc-op id="1711" type="copy forward" timems="3.936" contextid="1708" timestamp="2019-06-17T07:19:49.358">
  <memory-copied type="eden" objects="5784" bytes="140152" bytesdiscarded="0" />
  <memory-copied type="other" objects="25476" bytes="1160928" bytesdiscarded="0" />
  <memory-cardclean objects="2104" bytes="106872" />
  <regions eden="77" other="4" />
  <remembered-set-cleared processed="39002" cleared="612" durationms="0.549" />
  <stringconstants candidates="4597" cleared="0"  />
</gc-op>
<gc-op id="1712" type="classunload" timems="0.002" contextid="1708" timestamp="2019-06-17T07:19:49.358">
  <classunload-info classloadercandidates="8" classloadersunloaded="0" classesunloaded="0" anonymousclassesunloaded="0" quiescems="0.000" setupms="0.002" scanms="0.000" postms="0.000" />
</gc-op>
<gc-end id="1713" type="partial gc" contextid="1708" durationms="5.195" usertimems="4.000" systemtimems="0.000" timestamp="2019-06-17T07:19:49.359" activeThreads="1">
  <mem-info id="1714" free="180355072" total="298844160" percent="60">
    <mem type="eden" free="908424" total="1048576" percent="86" />
    <arraylet-primitive objects="2" leaves="2" largest="1" />
    <remembered-set count="46176" freebytes="11744256" totalbytes="11928960" percent="98" regionsoverflowed="0" regionsstable="2" regionsrebuilding="0"/>
  </mem-info>
</gc-end>
<cycle-end id="1715" type="partial gc" contextid="1708" timestamp="2019-06-17T07:19:49.359" />
  <attribute name="elasticGC enabled" value="1" />
  <attribute name= "numThreadsSpecified" value="1" />
  <attribute name="heapSize specified" value="0" />
  <attribute name="Current GC Util" value="72" />
  <attribute name= "Current Time Running" value="4873" />
  <attribute name ="GC Interval" value="0" />
  <attribute name="ProportionalT" value="78.000000" />
  <attribute name="ProportionalI" value="78.000000" />
  <attribute name="ProportionalH" value="78.000000" />
  <attribute name="Current Error" value="52.000000" />
  <attribute name="IntegralT" value="0.000000" />
  <attribute name="IntegralI" value="0.000000" />
  <attribute name="IntegralH" value="0.000000" />
  <attribute name="DerivativeT" value="inf" />
  <attribute name="DerivativeI" value="inf" />
  <attribute name="DerivativeH" value="inf" />
  <attribute name="Loop Time for DT" value="0.000000" />
  <attribute name="Output H" value="8388608"/>
  <attribute name="Output I" value="200"/>
  <attribute name="Output T" value="1"/>
  <attribute name="Target GC Util Change" value ="20.000000" />
  <attribute name="Current GC Util Change" value="72.000000"/>
  <attribute name="GC Util currently" value="72" />
  <attribute name="CPU Util currently" value="18015172514015" />
<exclusive-end id="1716" timestamp="2019-06-17T07:19:49.359" durationms="6.432" />

<exclusive-start id="1717" timestamp="2019-06-17T07:19:49.382" intervalms="29.233">
  <response-info timems="0.033" idlems="0.033" threads="0" lastid="0000000000D21D00" lastname="Thread-9" />
</exclusive-start>
<allocation-taxation id="1718" taxation-threshold="80740352" timestamp="2019-06-17T07:19:49.382" intervalms="29.227" />
<cycle-start id="1719" type="partial gc" contextid="0" timestamp="2019-06-17T07:19:49.382" intervalms="29.234" />
<gc-start id="1720" type="partial gc" contextid="1719" timestamp="2019-06-17T07:19:49.383">
  <mem-info id="1721" free="99614720" total="298844160" percent="33">
    <mem type="eden" free="0" total="80740352" percent="0" />
    <arraylet-primitive objects="2" leaves="2" largest="1" />
    <remembered-set count="45920" freebytes="11745280" totalbytes="11928960" percent="98" regionsoverflowed="0" regionsstable="2" regionsrebuilding="0"/>
  </mem-info>
</gc-start>
<allocation-stats totalBytes="80731864" >
  <allocated-bytes non-tlh="0" tlh="80731864" arrayletleaf="0"/>
  <largest-consumer threadName="Thread-9" threadId="0000000000D21D00" bytes="23586424" />
</allocation-stats>
<gc-op id="1722" type="copy forward" timems="4.165" contextid="1719" timestamp="2019-06-17T07:19:49.388">
  <memory-copied type="eden" objects="5561" bytes="135136" bytesdiscarded="0" />
  <memory-copied type="other" objects="29419" bytes="1255560" bytesdiscarded="0" />
  <memory-cardclean objects="141" bytes="12648" />
  <regions eden="77" other="5" />
  <remembered-set-cleared processed="39639" cleared="1985" durationms="0.557" />
  <stringconstants candidates="4597" cleared="0"  />
</gc-op>
<gc-op id="1723" type="classunload" timems="0.002" contextid="1719" timestamp="2019-06-17T07:19:49.388">
  <classunload-info classloadercandidates="8" classloadersunloaded="0" classesunloaded="0" anonymousclassesunloaded="0" quiescems="0.000" setupms="0.002" scanms="0.000" postms="0.000" />
</gc-op>
<gc-end id="1724" type="partial gc" contextid="1719" durationms="5.349" usertimems="4.000" systemtimems="0.000" timestamp="2019-06-17T07:19:49.388" activeThreads="1">
  <mem-info id="1725" free="180355072" total="298844160" percent="60">
    <mem type="eden" free="913440" total="1048576" percent="87" />
    <arraylet-primitive objects="2" leaves="2" largest="1" />
    <remembered-set count="46368" freebytes="11743488" totalbytes="11928960" percent="98" regionsoverflowed="0" regionsstable="2" regionsrebuilding="0"/>
  </mem-info>
</gc-end>
<cycle-end id="1726" type="partial gc" contextid="1719" timestamp="2019-06-17T07:19:49.388" />
  <attribute name="elasticGC enabled" value="1" />
  <attribute name= "numThreadsSpecified" value="1" />
  <attribute name="heapSize specified" value="0" />
  <attribute name="Current GC Util" value="71" />
  <attribute name= "Current Time Running" value="4902" />
  <attribute name ="GC Interval" value="0" />
  <attribute name="ProportionalT" value="76.500000" />
  <attribute name="ProportionalI" value="76.500000" />
  <attribute name="ProportionalH" value="76.500000" />
  <attribute name="Current Error" value="51.000000" />
  <attribute name="IntegralT" value="0.000000" />
  <attribute name="IntegralI" value="0.000000" />
  <attribute name="IntegralH" value="0.000000" />
  <attribute name="DerivativeT" value="inf" />
  <attribute name="DerivativeI" value="inf" />
  <attribute name="DerivativeH" value="inf" />
  <attribute name="Loop Time for DT" value="0.000000" />
  <attribute name="Output H" value="8388608"/>
  <attribute name="Output I" value="200"/>
  <attribute name="Output T" value="1"/>
  <attribute name="Target GC Util Change" value ="20.000000" />
  <attribute name="Current GC Util Change" value="71.000000"/>
  <attribute name="GC Util currently" value="71" />
  <attribute name="CPU Util currently" value="18270760025677" />
<exclusive-end id="1727" timestamp="2019-06-17T07:19:49.388" durationms="6.486" />

<exclusive-start id="1728" timestamp="2019-06-17T07:19:49.410" intervalms="28.661">
  <response-info timems="0.031" idlems="0.031" threads="0" lastid="0000000000D25900" lastname="Thread-10" />
</exclusive-start>
<allocation-taxation id="1729" taxation-threshold="80740352" timestamp="2019-06-17T07:19:49.411" intervalms="28.650" />
<cycle-start id="1730" type="partial gc" contextid="0" timestamp="2019-06-17T07:19:49.411" intervalms="28.595" />
<gc-start id="1731" type="partial gc" contextid="1730" timestamp="2019-06-17T07:19:49.411">
  <mem-info id="1732" free="99614720" total="298844160" percent="33">
    <mem type="eden" free="0" total="80740352" percent="0" />
    <arraylet-primitive objects="2" leaves="2" largest="1" />
    <remembered-set count="45888" freebytes="11745408" totalbytes="11928960" percent="98" regionsoverflowed="0" regionsstable="2" regionsrebuilding="0"/>
  </mem-info>
</gc-start>
<allocation-stats totalBytes="80732360" >
  <allocated-bytes non-tlh="0" tlh="80732360" arrayletleaf="0"/>
  <largest-consumer threadName="Thread-10" threadId="0000000000D25900" bytes="23164912" />
</allocation-stats>
<gc-op id="1733" type="copy forward" timems="3.393" contextid="1730" timestamp="2019-06-17T07:19:49.415">
  <memory-copied type="eden" objects="19445" bytes="880288" bytesdiscarded="0" />
  <memory-copied type="other" objects="6285" bytes="288216" bytesdiscarded="0" />
  <memory-cardclean objects="18" bytes="2688" />
  <regions eden="77" other="4" />
  <remembered-set-cleared processed="38880" cleared="1191" durationms="0.545" />
  <stringconstants candidates="4597" cleared="0"  />
</gc-op>
<gc-op id="1734" type="classunload" timems="0.002" contextid="1730" timestamp="2019-06-17T07:19:49.415">
  <classunload-info classloadercandidates="8" classloadersunloaded="0" classesunloaded="0" anonymousclassesunloaded="0" quiescems="0.000" setupms="0.002" scanms="0.000" postms="0.000" />
</gc-op>
<gc-end id="1735" type="partial gc" contextid="1730" durationms="4.516" usertimems="4.000" systemtimems="0.000" timestamp="2019-06-17T07:19:49.416" activeThreads="1">
  <mem-info id="1736" free="180355072" total="298844160" percent="60">
    <mem type="eden" free="168288" total="1048576" percent="16" />
    <arraylet-primitive objects="2" leaves="2" largest="1" />
    <remembered-set count="43872" freebytes="11753472" totalbytes="11928960" percent="98" regionsoverflowed="0" regionsstable="2" regionsrebuilding="0"/>
  </mem-info>
</gc-end>
<cycle-end id="1737" type="partial gc" contextid="1730" timestamp="2019-06-17T07:19:49.416" />
  <attribute name="elasticGC enabled" value="1" />
  <attribute name= "numThreadsSpecified" value="1" />
  <attribute name="heapSize specified" value="0" />
  <attribute name="Current GC Util" value="79" />
  <attribute name= "Current Time Running" value="4931" />
  <attribute name ="GC Interval" value="0" />
  <attribute name="ProportionalT" value="88.500000" />
  <attribute name="ProportionalI" value="88.500000" />
  <attribute name="ProportionalH" value="88.500000" />
  <attribute name="Current Error" value="59.000000" />
  <attribute name="IntegralT" value="0.000000" />
  <attribute name="IntegralI" value="0.000000" />
  <attribute name="IntegralH" value="0.000000" />
  <attribute name="DerivativeT" value="inf" />
  <attribute name="DerivativeI" value="inf" />
  <attribute name="DerivativeH" value="inf" />
  <attribute name="Loop Time for DT" value="0.000000" />
  <attribute name="Output H" value="8388608"/>
  <attribute name="Output I" value="200"/>
  <attribute name="Output T" value="1"/>
  <attribute name="Target GC Util Change" value ="20.000000" />
  <attribute name="Current GC Util Change" value="79.000000"/>
  <attribute name="GC Util currently" value="79" />
  <attribute name="CPU Util currently" value="19317014105168" />
<exclusive-end id="1738" timestamp="2019-06-17T07:19:49.416" durationms="5.511" />

<exclusive-start id="1739" timestamp="2019-06-17T07:19:49.440" intervalms="29.348">
  <response-info timems="0.029" idlems="0.029" threads="0" lastid="0000000000D21D00" lastname="Thread-9" />
</exclusive-start>
<allocation-taxation id="1740" taxation-threshold="80740352" timestamp="2019-06-17T07:19:49.440" intervalms="29.349" />
<cycle-start id="1741" type="partial gc" contextid="0" timestamp="2019-06-17T07:19:49.440" intervalms="29.365" />
<gc-start id="1742" type="partial gc" contextid="1741" timestamp="2019-06-17T07:19:49.440">
  <mem-info id="1743" free="99614720" total="298844160" percent="33">
    <mem type="eden" free="0" total="80740352" percent="0" />
    <arraylet-primitive objects="2" leaves="2" largest="1" />
    <remembered-set count="43872" freebytes="11753472" totalbytes="11928960" percent="98" regionsoverflowed="0" regionsstable="2" regionsrebuilding="0"/>
  </mem-info>
</gc-start>
<allocation-stats totalBytes="80731448" >
  <allocated-bytes non-tlh="0" tlh="80731448" arrayletleaf="0"/>
  <largest-consumer threadName="Thread-10" threadId="0000000000D25900" bytes="24848048" />
</allocation-stats>
<gc-op id="1744" type="copy forward" timems="3.322" contextid="1741" timestamp="2019-06-17T07:19:49.445">
  <memory-copied type="eden" objects="9916" bytes="377040" bytesdiscarded="0" />
  <memory-copied type="other" objects="14130" bytes="613872" bytesdiscarded="0" />
  <memory-cardclean objects="3580" bytes="192672" />
  <regions eden="77" other="3" />
  <remembered-set-cleared processed="38291" cleared="602" durationms="0.524" />
  <stringconstants candidates="4597" cleared="0"  />
</gc-op>
<gc-op id="1745" type="classunload" timems="0.002" contextid="1741" timestamp="2019-06-17T07:19:49.445">
  <classunload-info classloadercandidates="8" classloadersunloaded="0" classesunloaded="0" anonymousclassesunloaded="0" quiescems="0.000" setupms="0.002" scanms="0.000" postms="0.000" />
</gc-op>
<gc-end id="1746" type="partial gc" contextid="1741" durationms="4.428" usertimems="4.000" systemtimems="0.000" timestamp="2019-06-17T07:19:49.445" activeThreads="1">
  <mem-info id="1747" free="179306496" total="298844160" percent="60">
    <mem type="eden" free="671536" total="1048576" percent="64" />
    <arraylet-primitive objects="2" leaves="2" largest="1" />
    <remembered-set count="44896" freebytes="11749376" totalbytes="11928960" percent="98" regionsoverflowed="0" regionsstable="2" regionsrebuilding="0"/>
  </mem-info>
</gc-end>
<cycle-end id="1748" type="partial gc" contextid="1741" timestamp="2019-06-17T07:19:49.445" />
  <attribute name="elasticGC enabled" value="1" />
  <attribute name= "numThreadsSpecified" value="1" />
  <attribute name="heapSize specified" value="0" />
  <attribute name="Current GC Util" value="88" />
  <attribute name= "Current Time Running" value="4960" />
  <attribute name ="GC Interval" value="0" />
  <attribute name="ProportionalT" value="102.000000" />
  <attribute name="ProportionalI" value="102.000000" />
  <attribute name="ProportionalH" value="102.000000" />
  <attribute name="Current Error" value="68.000000" />
  <attribute name="IntegralT" value="0.000000" />
  <attribute name="IntegralI" value="0.000000" />
  <attribute name="IntegralH" value="0.000000" />
  <attribute name="DerivativeT" value="inf" />
  <attribute name="DerivativeI" value="inf" />
  <attribute name="DerivativeH" value="inf" />
  <attribute name="Loop Time for DT" value="0.000000" />
  <attribute name="Output H" value="8388608"/>
  <attribute name="Output I" value="200"/>
  <attribute name="Output T" value="1"/>
  <attribute name="Target GC Util Change" value ="20.000000" />
  <attribute name="Current GC Util Change" value="88.000000"/>
  <attribute name="GC Util currently" value="88" />
  <attribute name="CPU Util currently" value="18344382331826" />
<exclusive-end id="1749" timestamp="2019-06-17T07:19:49.445" durationms="5.556" />

<exclusive-start id="1750" timestamp="2019-06-17T07:19:49.471" intervalms="31.301">
  <response-info timems="0.049" idlems="0.049" threads="0" lastid="0000000000D29500" lastname="Thread-8" />
</exclusive-start>
<allocation-taxation id="1751" taxation-threshold="80740352" timestamp="2019-06-17T07:19:49.471" intervalms="31.271" />
<cycle-start id="1752" type="partial gc" contextid="0" timestamp="2019-06-17T07:19:49.471" intervalms="31.266" />
<gc-start id="1753" type="partial gc" contextid="1752" timestamp="2019-06-17T07:19:49.472">
  <mem-info id="1754" free="98566144" total="298844160" percent="32">
    <mem type="eden" free="0" total="80740352" percent="0" />
    <arraylet-primitive objects="2" leaves="2" largest="1" />
    <remembered-set count="44704" freebytes="11750144" totalbytes="11928960" percent="98" regionsoverflowed="0" regionsstable="2" regionsrebuilding="0"/>
  </mem-info>
</gc-start>
<allocation-stats totalBytes="80731168" >
  <allocated-bytes non-tlh="0" tlh="80731168" arrayletleaf="0"/>
  <largest-consumer threadName="Thread-10" threadId="0000000000D25900" bytes="21186368" />
</allocation-stats>
<gc-op id="1755" type="copy forward" timems="2.061" contextid="1752" timestamp="2019-06-17T07:19:49.475">
  <memory-copied type="eden" objects="9582" bytes="368776" bytesdiscarded="22392" />
  <memory-copied type="other" objects="15205" bytes="639672" bytesdiscarded="4584" />
  <memory-cardclean objects="4415" bytes="213744" />
  <regions eden="77" other="4" />
  <remembered-set-cleared processed="38540" cleared="851" durationms="0.234" />
  <stringconstants candidates="4597" cleared="0"  />
</gc-op>
<gc-op id="1756" type="classunload" timems="0.002" contextid="1752" timestamp="2019-06-17T07:19:49.475">
  <classunload-info classloadercandidates="8" classloadersunloaded="0" classesunloaded="0" anonymousclassesunloaded="0" quiescems="0.000" setupms="0.002" scanms="0.000" postms="0.000" />
</gc-op>
<heap-resize id="1757" type="expand" space="default" amount="3145728" count="1" timems="0.083" reason="excessive time being spent in gc" timestamp="2019-06-17T07:19:49.475" />
<gc-end id="1758" type="partial gc" contextid="1752" durationms="3.315" usertimems="4.000" systemtimems="0.000" timestamp="2019-06-17T07:19:49.475" activeThreads="4">
  <mem-info id="1759" free="181403648" total="301989888" percent="60">
    <mem type="eden" free="657408" total="1048576" percent="62" />
    <arraylet-primitive objects="2" leaves="2" largest="1" />
    <remembered-set count="44096" freebytes="11878144" totalbytes="12054528" percent="98" regionsoverflowed="0" regionsstable="2" regionsrebuilding="0"/>
  </mem-info>
</gc-end>
<cycle-end id="1760" type="partial gc" contextid="1752" timestamp="2019-06-17T07:19:49.475" />
  <attribute name="elasticGC enabled" value="1" />
  <attribute name= "numThreadsSpecified" value="4" />
  <attribute name="heapSize specified" value="0" />
  <attribute name="Current GC Util" value="64" />
  <attribute name= "Current Time Running" value="4992" />
  <attribute name ="GC Interval" value="0" />
  <attribute name="ProportionalT" value="66.000000" />
  <attribute name="ProportionalI" value="66.000000" />
  <attribute name="ProportionalH" value="66.000000" />
  <attribute name="Current Error" value="44.000000" />
  <attribute name="IntegralT" value="44.000000" />
  <attribute name="IntegralI" value="44.000000" />
  <attribute name="IntegralH" value="44.000000" />
  <attribute name="DerivativeT" value="66.000000" />
  <attribute name="DerivativeI" value="66.000000" />
  <attribute name="DerivativeH" value="66.000000" />
  <attribute name="Loop Time for DT" value="1.000000" />
  <attribute name="Output H" value="8388608"/>
  <attribute name="Output I" value="200"/>
  <attribute name="Output T" value="4"/>
  <attribute name="Target GC Util Change" value ="20.000000" />
  <attribute name="Current GC Util Change" value="64.000000"/>
  <attribute name="GC Util currently" value="64" />
  <attribute name="CPU Util currently" value="15310686658005" />
<exclusive-end id="1761" timestamp="2019-06-17T07:19:49.475" durationms="4.272" />

<exclusive-start id="1762" timestamp="2019-06-17T07:19:49.503" intervalms="31.560">
  <response-info timems="0.030" idlems="0.030" threads="0" lastid="0000000000D2D100" lastname="Thread-7" />
</exclusive-start>
<allocation-taxation id="1763" taxation-threshold="81788928" timestamp="2019-06-17T07:19:49.503" intervalms="31.581" />
<cycle-start id="1764" type="partial gc" contextid="0" timestamp="2019-06-17T07:19:49.503" intervalms="31.600" />
<gc-start id="1765" type="partial gc" contextid="1764" timestamp="2019-06-17T07:19:49.503">
  <mem-info id="1766" free="99614720" total="301989888" percent="32">
    <mem type="eden" free="0" total="81788928" percent="0" />
    <arraylet-primitive objects="2" leaves="2" largest="1" />
    <remembered-set count="43616" freebytes="11880064" totalbytes="12054528" percent="98" regionsoverflowed="0" regionsstable="2" regionsrebuilding="0"/>
  </mem-info>
</gc-start>
<allocation-stats totalBytes="81778760" >
  <allocated-bytes non-tlh="0" tlh="81778760" arrayletleaf="0"/>
  <largest-consumer threadName="Thread-7" threadId="0000000000D2D100" bytes="23409856" />
</allocation-stats>
<gc-op id="1767" type="copy forward" timems="4.081" contextid="1764" timestamp="2019-06-17T07:19:49.508">
  <memory-copied type="eden" objects="16314" bytes="668336" bytesdiscarded="0" />
  <memory-copied type="other" objects="15264" bytes="641088" bytesdiscarded="0" />
  <memory-cardclean objects="4526" bytes="223104" />
  <regions eden="78" other="4" />
  <remembered-set-cleared processed="38719" cleared="988" durationms="0.554" />
  <stringconstants candidates="4597" cleared="0"  />
</gc-op>
<gc-op id="1768" type="classunload" timems="0.002" contextid="1764" timestamp="2019-06-17T07:19:49.508">
  <classunload-info classloadercandidates="8" classloadersunloaded="0" classesunloaded="0" anonymousclassesunloaded="0" quiescems="0.000" setupms="0.002" scanms="0.000" postms="0.000" />
</gc-op>
<heap-resize id="1769" type="expand" space="default" amount="2097152" count="1" timems="0.076" reason="excessive time being spent in gc" timestamp="2019-06-17T07:19:49.509" />
<gc-end id="1770" type="partial gc" contextid="1764" durationms="5.508" usertimems="4.000" systemtimems="0.000" timestamp="2019-06-17T07:19:49.509" activeThreads="1">
  <mem-info id="1771" free="182452224" total="304087040" percent="60">
    <mem type="eden" free="380240" total="1048576" percent="36" />
    <arraylet-primitive objects="2" leaves="2" largest="1" />
    <remembered-set count="44544" freebytes="11960064" totalbytes="12138240" percent="98" regionsoverflowed="0" regionsstable="2" regionsrebuilding="0"/>
  </mem-info>
</gc-end>
<cycle-end id="1772" type="partial gc" contextid="1764" timestamp="2019-06-17T07:19:49.509" />
  <attribute name="elasticGC enabled" value="1" />
  <attribute name= "numThreadsSpecified" value="1" />
  <attribute name="heapSize specified" value="0" />
  <attribute name="Current GC Util" value="72" />
  <attribute name= "Current Time Running" value="5023" />
  <attribute name ="GC Interval" value="0" />
  <attribute name="ProportionalT" value="78.000000" />
  <attribute name="ProportionalI" value="78.000000" />
  <attribute name="ProportionalH" value="78.000000" />
  <attribute name="Current Error" value="52.000000" />
  <attribute name="IntegralT" value="0.000000" />
  <attribute name="IntegralI" value="0.000000" />
  <attribute name="IntegralH" value="0.000000" />
  <attribute name="DerivativeT" value="inf" />
  <attribute name="DerivativeI" value="inf" />
  <attribute name="DerivativeH" value="inf" />
  <attribute name="Loop Time for DT" value="0.000000" />
  <attribute name="Output H" value="8388608"/>
  <attribute name="Output I" value="200"/>
  <attribute name="Output T" value="1"/>
  <attribute name="Target GC Util Change" value ="20.000000" />
  <attribute name="Current GC Util Change" value="72.000000"/>
  <attribute name="GC Util currently" value="72" />
  <attribute name="CPU Util currently" value="18670113218660" />
<exclusive-end id="1773" timestamp="2019-06-17T07:19:49.509" durationms="6.742" />

<exclusive-start id="1774" timestamp="2019-06-17T07:19:49.537" intervalms="34.510">
  <response-info timems="0.044" idlems="0.044" threads="0" lastid="0000000000D25900" lastname="Thread-10" />
</exclusive-start>
<allocation-taxation id="1775" taxation-threshold="81788928" timestamp="2019-06-17T07:19:49.537" intervalms="34.517" />
<cycle-start id="1776" type="partial gc" contextid="0" timestamp="2019-06-17T07:19:49.537" intervalms="34.430" />
<gc-start id="1777" type="partial gc" contextid="1776" timestamp="2019-06-17T07:19:49.538">
  <mem-info id="1778" free="100663296" total="304087040" percent="33">
    <mem type="eden" free="0" total="81788928" percent="0" />
    <arraylet-primitive objects="2" leaves="2" largest="1" />
    <remembered-set count="44448" freebytes="11960448" totalbytes="12138240" percent="98" regionsoverflowed="0" regionsstable="2" regionsrebuilding="0"/>
  </mem-info>
</gc-start>
<allocation-stats totalBytes="81778584" >
  <allocated-bytes non-tlh="0" tlh="81778584" arrayletleaf="0"/>
  <largest-consumer threadName="Thread-7" threadId="0000000000D2D100" bytes="24244736" />
</allocation-stats>
<gc-op id="1779" type="copy forward" timems="4.061" contextid="1776" timestamp="2019-06-17T07:19:49.542">
  <memory-copied type="eden" objects="9690" bytes="371504" bytesdiscarded="0" />
  <memory-copied type="other" objects="24131" bytes="991272" bytesdiscarded="0" />
  <memory-cardclean objects="3930" bytes="194520" />
  <regions eden="78" other="4" />
  <remembered-set-cleared processed="38997" cleared="1101" durationms="0.534" />
  <stringconstants candidates="4597" cleared="0"  />
</gc-op>
<gc-op id="1780" type="classunload" timems="0.002" contextid="1776" timestamp="2019-06-17T07:19:49.543">
  <classunload-info classloadercandidates="8" classloadersunloaded="0" classesunloaded="0" anonymousclassesunloaded="0" quiescems="0.000" setupms="0.002" scanms="0.000" postms="0.000" />
</gc-op>
<heap-resize id="1781" type="expand" space="default" amount="3145728" count="1" timems="0.072" reason="excessive time being spent in gc" timestamp="2019-06-17T07:19:49.543" />
<gc-end id="1782" type="partial gc" contextid="1776" durationms="5.409" usertimems="4.000" systemtimems="0.000" timestamp="2019-06-17T07:19:49.543" activeThreads="1">
  <mem-info id="1783" free="184549376" total="307232768" percent="60">
    <mem type="eden" free="677072" total="1048576" percent="64" />
    <arraylet-primitive objects="2" leaves="2" largest="1" />
    <remembered-set count="45248" freebytes="12082816" totalbytes="12263808" percent="98" regionsoverflowed="0" regionsstable="2" regionsrebuilding="0"/>
  </mem-info>
</gc-end>
<cycle-end id="1784" type="partial gc" contextid="1776" timestamp="2019-06-17T07:19:49.543" />
  <attribute name="elasticGC enabled" value="1" />
  <attribute name= "numThreadsSpecified" value="1" />
  <attribute name="heapSize specified" value="0" />
  <attribute name="Current GC Util" value="71" />
  <attribute name= "Current Time Running" value="5057" />
  <attribute name ="GC Interval" value="0" />
  <attribute name="ProportionalT" value="76.500000" />
  <attribute name="ProportionalI" value="76.500000" />
  <attribute name="ProportionalH" value="76.500000" />
  <attribute name="Current Error" value="51.000000" />
  <attribute name="IntegralT" value="0.000000" />
  <attribute name="IntegralI" value="0.000000" />
  <attribute name="IntegralH" value="0.000000" />
  <attribute name="DerivativeT" value="inf" />
  <attribute name="DerivativeI" value="inf" />
  <attribute name="DerivativeH" value="inf" />
  <attribute name="Loop Time for DT" value="0.000000" />
  <attribute name="Output H" value="8388608"/>
  <attribute name="Output I" value="200"/>
  <attribute name="Output T" value="1"/>
  <attribute name="Target GC Util Change" value ="20.000000" />
  <attribute name="Current GC Util Change" value="71.000000"/>
  <attribute name="GC Util currently" value="71" />
  <attribute name="CPU Util currently" value="19079101731353" />
<exclusive-end id="1785" timestamp="2019-06-17T07:19:49.543" durationms="6.293" />

<exclusive-start id="1786" timestamp="2019-06-17T07:19:49.575" intervalms="37.699">
  <response-info timems="0.203" idlems="0.203" threads="0" lastid="0000000000D2D100" lastname="Thread-7" />
</exclusive-start>
<allocation-taxation id="1787" taxation-threshold="82837504" timestamp="2019-06-17T07:19:49.575" intervalms="37.695" />
<cycle-start id="1788" type="partial gc" contextid="0" timestamp="2019-06-17T07:19:49.575" intervalms="37.702" />
<gc-start id="1789" type="partial gc" contextid="1788" timestamp="2019-06-17T07:19:49.575">
  <mem-info id="1790" free="101711872" total="307232768" percent="33">
    <mem type="eden" free="0" total="82837504" percent="0" />
    <arraylet-primitive objects="2" leaves="2" largest="1" />
    <remembered-set count="45248" freebytes="12082816" totalbytes="12263808" percent="98" regionsoverflowed="0" regionsstable="2" regionsrebuilding="0"/>
  </mem-info>
</gc-start>
<allocation-stats totalBytes="82827328" >
  <allocated-bytes non-tlh="0" tlh="82827328" arrayletleaf="0"/>
  <largest-consumer threadName="Thread-8" threadId="0000000000D29500" bytes="22509112" />
</allocation-stats>
<gc-op id="1791" type="copy forward" timems="4.291" contextid="1788" timestamp="2019-06-17T07:19:49.581">
  <memory-copied type="eden" objects="15667" bytes="652568" bytesdiscarded="0" />
  <memory-copied type="other" objects="20304" bytes="762048" bytesdiscarded="0" />
  <memory-cardclean objects="7706" bytes="398688" />
  <regions eden="79" other="4" />
  <remembered-set-cleared processed="39317" cleared="1202" durationms="0.538" />
  <stringconstants candidates="4597" cleared="0"  />
</gc-op>
<gc-op id="1792" type="classunload" timems="0.002" contextid="1788" timestamp="2019-06-17T07:19:49.581">
  <classunload-info classloadercandidates="8" classloadersunloaded="0" classesunloaded="0" anonymousclassesunloaded="0" quiescems="0.000" setupms="0.002" scanms="0.000" postms="0.000" />
</gc-op>
<heap-resize id="1793" type="expand" space="default" amount="2097152" count="1" timems="0.065" reason="excessive time being spent in gc" timestamp="2019-06-17T07:19:49.581" />
<gc-end id="1794" type="partial gc" contextid="1788" durationms="5.709" usertimems="4.000" systemtimems="0.000" timestamp="2019-06-17T07:19:49.581" activeThreads="1">
  <mem-info id="1795" free="185597952" total="309329920" percent="60">
    <mem type="eden" free="396008" total="1048576" percent="37" />
    <arraylet-primitive objects="2" leaves="2" largest="1" />
    <remembered-set count="45984" freebytes="12163584" totalbytes="12347520" percent="98" regionsoverflowed="0" regionsstable="2" regionsrebuilding="0"/>
  </mem-info>
</gc-end>
<cycle-end id="1796" type="partial gc" contextid="1788" timestamp="2019-06-17T07:19:49.581" />
  <attribute name="elasticGC enabled" value="1" />
  <attribute name= "numThreadsSpecified" value="1" />
  <attribute name="heapSize specified" value="0" />
  <attribute name="Current GC Util" value="96" />
  <attribute name= "Current Time Running" value="5095" />
  <attribute name ="GC Interval" value="0" />
  <attribute name="ProportionalT" value="114.000000" />
  <attribute name="ProportionalI" value="114.000000" />
  <attribute name="ProportionalH" value="114.000000" />
  <attribute name="Current Error" value="76.000000" />
  <attribute name="IntegralT" value="0.000000" />
  <attribute name="IntegralI" value="0.000000" />
  <attribute name="IntegralH" value="0.000000" />
  <attribute name="DerivativeT" value="inf" />
  <attribute name="DerivativeI" value="inf" />
  <attribute name="DerivativeH" value="inf" />
  <attribute name="Loop Time for DT" value="0.000000" />
  <attribute name="Output H" value="8388608"/>
  <attribute name="Output I" value="200"/>
  <attribute name="Output T" value="1"/>
  <attribute name="Target GC Util Change" value ="20.000000" />
  <attribute name="Current GC Util Change" value="96.000000"/>
  <attribute name="GC Util currently" value="96" />
  <attribute name="CPU Util currently" value="19234913811371" />
<exclusive-end id="1797" timestamp="2019-06-17T07:19:49.582" durationms="6.782" />

<exclusive-start id="1798" timestamp="2019-06-17T07:19:49.616" intervalms="41.574">
  <response-info timems="0.033" idlems="0.033" threads="0" lastid="0000000000D21D00" lastname="Thread-9" />
</exclusive-start>
<allocation-taxation id="1799" taxation-threshold="82837504" timestamp="2019-06-17T07:19:49.617" intervalms="41.590" />
<cycle-start id="1800" type="partial gc" contextid="0" timestamp="2019-06-17T07:19:49.617" intervalms="41.577" />
<gc-start id="1801" type="partial gc" contextid="1800" timestamp="2019-06-17T07:19:49.617">
  <mem-info id="1802" free="102760448" total="309329920" percent="33">
    <mem type="eden" free="0" total="82837504" percent="0" />
    <arraylet-primitive objects="2" leaves="2" largest="1" />
    <remembered-set count="45504" freebytes="12165504" totalbytes="12347520" percent="98" regionsoverflowed="0" regionsstable="2" regionsrebuilding="0"/>
  </mem-info>
</gc-start>
<allocation-stats totalBytes="82826376" >
  <allocated-bytes non-tlh="0" tlh="82826376" arrayletleaf="0"/>
  <largest-consumer threadName="Thread-9" threadId="0000000000D21D00" bytes="22041392" />
</allocation-stats>
<gc-op id="1803" type="copy forward" timems="4.093" contextid="1800" timestamp="2019-06-17T07:19:49.622">
  <memory-copied type="eden" objects="9659" bytes="371408" bytesdiscarded="0" />
  <memory-copied type="other" objects="23565" bytes="977688" bytesdiscarded="0" />
  <memory-cardclean objects="6185" bytes="306816" />
  <regions eden="79" other="5" />
  <remembered-set-cleared processed="39687" cleared="2342" durationms="0.541" />
  <stringconstants candidates="4597" cleared="0"  />
</gc-op>
<gc-op id="1804" type="classunload" timems="0.002" contextid="1800" timestamp="2019-06-17T07:19:49.622">
  <classunload-info classloadercandidates="8" classloadersunloaded="0" classesunloaded="0" anonymousclassesunloaded="0" quiescems="0.000" setupms="0.002" scanms="0.000" postms="0.000" />
</gc-op>
<gc-end id="1805" type="partial gc" contextid="1800" durationms="5.160" usertimems="0.000" systemtimems="4.000" timestamp="2019-06-17T07:19:49.622" activeThreads="1">
  <mem-info id="1806" free="185597952" total="309329920" percent="60">
    <mem type="eden" free="677168" total="1048576" percent="64" />
    <arraylet-primitive objects="2" leaves="2" largest="1" />
    <remembered-set count="44544" freebytes="12169344" totalbytes="12347520" percent="98" regionsoverflowed="0" regionsstable="2" regionsrebuilding="0"/>
  </mem-info>
</gc-end>
<cycle-end id="1807" type="partial gc" contextid="1800" timestamp="2019-06-17T07:19:49.622" />
  <attribute name="elasticGC enabled" value="1" />
  <attribute name= "numThreadsSpecified" value="1" />
  <attribute name="heapSize specified" value="0" />
  <attribute name="Current GC Util" value="71" />
  <attribute name= "Current Time Running" value="5137" />
  <attribute name ="GC Interval" value="0" />
  <attribute name="ProportionalT" value="76.500000" />
  <attribute name="ProportionalI" value="76.500000" />
  <attribute name="ProportionalH" value="76.500000" />
  <attribute name="Current Error" value="51.000000" />
  <attribute name="IntegralT" value="0.000000" />
  <attribute name="IntegralI" value="0.000000" />
  <attribute name="IntegralH" value="0.000000" />
  <attribute name="DerivativeT" value="inf" />
  <attribute name="DerivativeI" value="inf" />
  <attribute name="DerivativeH" value="inf" />
  <attribute name="Loop Time for DT" value="0.000000" />
  <attribute name="Output H" value="8388608"/>
  <attribute name="Output I" value="200"/>
  <attribute name="Output T" value="1"/>
  <attribute name="Target GC Util Change" value ="20.000000" />
  <attribute name="Current GC Util Change" value="71.000000"/>
  <attribute name="GC Util currently" value="71" />
  <attribute name="CPU Util currently" value="18650557272355" />
<exclusive-end id="1808" timestamp="2019-06-17T07:19:49.623" durationms="6.183" />

<exclusive-start id="1809" timestamp="2019-06-17T07:19:49.656" intervalms="39.388">
  <response-info timems="0.030" idlems="0.030" threads="0" lastid="0000000000D2D100" lastname="Thread-7" />
</exclusive-start>
<allocation-taxation id="1810" taxation-threshold="82837504" timestamp="2019-06-17T07:19:49.656" intervalms="39.371" />
<cycle-start id="1811" type="partial gc" contextid="0" timestamp="2019-06-17T07:19:49.656" intervalms="39.475" />
<gc-start id="1812" type="partial gc" contextid="1811" timestamp="2019-06-17T07:19:49.657">
  <mem-info id="1813" free="102760448" total="309329920" percent="33">
    <mem type="eden" free="0" total="82837504" percent="0" />
    <arraylet-primitive objects="2" leaves="2" largest="1" />
    <remembered-set count="44448" freebytes="12169728" totalbytes="12347520" percent="98" regionsoverflowed="0" regionsstable="2" regionsrebuilding="0"/>
  </mem-info>
</gc-start>
<allocation-stats totalBytes="82827008" >
  <allocated-bytes non-tlh="0" tlh="82827008" arrayletleaf="0"/>
  <largest-consumer threadName="Thread-10" threadId="0000000000D25900" bytes="21808544" />
</allocation-stats>
<gc-op id="1814" type="copy forward" timems="3.571" contextid="1811" timestamp="2019-06-17T07:19:49.661">
  <memory-copied type="eden" objects="17652" bytes="836816" bytesdiscarded="0" />
  <memory-copied type="other" objects="10836" bytes="397440" bytesdiscarded="0" />
  <memory-cardclean objects="4448" bytes="223440" />
  <regions eden="79" other="4" />
  <remembered-set-cleared processed="38951" cleared="1167" durationms="0.540" />
  <stringconstants candidates="4597" cleared="0"  />
</gc-op>
<gc-op id="1815" type="classunload" timems="0.002" contextid="1811" timestamp="2019-06-17T07:19:49.661">
  <classunload-info classloadercandidates="8" classloadersunloaded="0" classesunloaded="0" anonymousclassesunloaded="0" quiescems="0.000" setupms="0.002" scanms="0.000" postms="0.000" />
</gc-op>
<heap-resize id="1816" type="expand" space="default" amount="3145728" count="1" timems="0.077" reason="excessive time being spent in gc" timestamp="2019-06-17T07:19:49.661" />
<gc-end id="1817" type="partial gc" contextid="1811" durationms="4.901" usertimems="4.000" systemtimems="0.000" timestamp="2019-06-17T07:19:49.661" activeThreads="1">
  <mem-info id="1818" free="187695104" total="312475648" percent="60">
    <mem type="eden" free="211760" total="1048576" percent="20" />
    <arraylet-primitive objects="2" leaves="2" largest="1" />
    <remembered-set count="45024" freebytes="12292992" totalbytes="12473088" percent="98" regionsoverflowed="0" regionsstable="2" regionsrebuilding="0"/>
  </mem-info>
</gc-end>
<cycle-end id="1819" type="partial gc" contextid="1811" timestamp="2019-06-17T07:19:49.662" />
  <attribute name="elasticGC enabled" value="1" />
  <attribute name= "numThreadsSpecified" value="1" />
  <attribute name="heapSize specified" value="0" />
  <attribute name="Current GC Util" value="101" />
  <attribute name= "Current Time Running" value="5176" />
  <attribute name ="GC Interval" value="0" />
  <attribute name="ProportionalT" value="121.500000" />
  <attribute name="ProportionalI" value="121.500000" />
  <attribute name="ProportionalH" value="121.500000" />
  <attribute name="Current Error" value="81.000000" />
  <attribute name="IntegralT" value="0.000000" />
  <attribute name="IntegralI" value="0.000000" />
  <attribute name="IntegralH" value="0.000000" />
  <attribute name="DerivativeT" value="inf" />
  <attribute name="DerivativeI" value="inf" />
  <attribute name="DerivativeH" value="inf" />
  <attribute name="Loop Time for DT" value="0.000000" />
  <attribute name="Output H" value="8388608"/>
  <attribute name="Output I" value="200"/>
  <attribute name="Output T" value="1"/>
  <attribute name="Target GC Util Change" value ="20.000000" />
  <attribute name="Current GC Util Change" value="101.000000"/>
  <attribute name="GC Util currently" value="101" />
  <attribute name="CPU Util currently" value="20630711055263" />
<exclusive-end id="1820" timestamp="2019-06-17T07:19:49.662" durationms="6.087" />

<exclusive-start id="1821" timestamp="2019-06-17T07:19:49.697" intervalms="40.920">
  <response-info timems="0.031" idlems="0.031" threads="0" lastid="0000000000D25900" lastname="Thread-10" />
</exclusive-start>
<allocation-taxation id="1822" taxation-threshold="83886080" timestamp="2019-06-17T07:19:49.697" intervalms="40.881" />
<cycle-start id="1823" type="partial gc" contextid="0" timestamp="2019-06-17T07:19:49.697" intervalms="40.781" />
<gc-start id="1824" type="partial gc" contextid="1823" timestamp="2019-06-17T07:19:49.697">
  <mem-info id="1825" free="103809024" total="312475648" percent="33">
    <mem type="eden" free="0" total="83886080" percent="0" />
    <arraylet-primitive objects="2" leaves="2" largest="1" />
    <remembered-set count="44704" freebytes="12294272" totalbytes="12473088" percent="98" regionsoverflowed="0" regionsstable="2" regionsrebuilding="0"/>
  </mem-info>
</gc-start>
<allocation-stats totalBytes="83875024" >
  <allocated-bytes non-tlh="0" tlh="83875024" arrayletleaf="0"/>
  <largest-consumer threadName="Thread-9" threadId="0000000000D21D00" bytes="21271848" />
</allocation-stats>
<gc-op id="1826" type="copy forward" timems="3.803" contextid="1823" timestamp="2019-06-17T07:19:49.702">
  <memory-copied type="eden" objects="5466" bytes="132856" bytesdiscarded="0" />
  <memory-copied type="other" objects="24878" bytes="1146576" bytesdiscarded="0" />
  <memory-cardclean objects="1341" bytes="70248" />
  <regions eden="80" other="3" />
  <remembered-set-cleared processed="39194" cleared="584" durationms="0.548" />
  <stringconstants candidates="4597" cleared="0"  />
</gc-op>
<gc-op id="1827" type="classunload" timems="0.002" contextid="1823" timestamp="2019-06-17T07:19:49.702">
  <classunload-info classloadercandidates="8" classloadersunloaded="0" classesunloaded="0" anonymousclassesunloaded="0" quiescems="0.000" setupms="0.002" scanms="0.000" postms="0.000" />
</gc-op>
<heap-resize id="1828" type="expand" space="default" amount="2097152" count="1" timems="0.067" reason="excessive time being spent in gc" timestamp="2019-06-17T07:19:49.702" />
<gc-end id="1829" type="partial gc" contextid="1823" durationms="5.068" usertimems="4.000" systemtimems="0.000" timestamp="2019-06-17T07:19:49.702" activeThreads="1">
  <mem-info id="1830" free="188743680" total="314572800" percent="60">
    <mem type="eden" free="915720" total="1048576" percent="87" />
    <arraylet-primitive objects="2" leaves="2" largest="1" />
    <remembered-set count="46368" freebytes="12371328" totalbytes="12556800" percent="98" regionsoverflowed="0" regionsstable="2" regionsrebuilding="0"/>
  </mem-info>
</gc-end>
<cycle-end id="1831" type="partial gc" contextid="1823" timestamp="2019-06-17T07:19:49.702" />
  <attribute name="elasticGC enabled" value="1" />
  <attribute name= "numThreadsSpecified" value="1" />
  <attribute name="heapSize specified" value="0" />
  <attribute name="Current GC Util" value="82" />
  <attribute name= "Current Time Running" value="5217" />
  <attribute name ="GC Interval" value="0" />
  <attribute name="ProportionalT" value="93.000000" />
  <attribute name="ProportionalI" value="93.000000" />
  <attribute name="ProportionalH" value="93.000000" />
  <attribute name="Current Error" value="62.000000" />
  <attribute name="IntegralT" value="0.000000" />
  <attribute name="IntegralI" value="0.000000" />
  <attribute name="IntegralH" value="0.000000" />
  <attribute name="DerivativeT" value="inf" />
  <attribute name="DerivativeI" value="inf" />
  <attribute name="DerivativeH" value="inf" />
  <attribute name="Loop Time for DT" value="0.000000" />
  <attribute name="Output H" value="8388608"/>
  <attribute name="Output I" value="200"/>
  <attribute name="Output T" value="1"/>
  <attribute name="Target GC Util Change" value ="20.000000" />
  <attribute name="Current GC Util Change" value="82.000000"/>
  <attribute name="GC Util currently" value="82" />
  <attribute name="CPU Util currently" value="17233505214374" />
<exclusive-end id="1832" timestamp="2019-06-17T07:19:49.703" durationms="5.944" />

<exclusive-start id="1833" timestamp="2019-06-17T07:19:49.738" intervalms="40.866">
  <response-info timems="0.039" idlems="0.039" threads="0" lastid="0000000000D21D00" lastname="Thread-9" />
</exclusive-start>
<allocation-taxation id="1834" taxation-threshold="84934656" timestamp="2019-06-17T07:19:49.738" intervalms="40.876" />
<cycle-start id="1835" type="partial gc" contextid="0" timestamp="2019-06-17T07:19:49.738" intervalms="40.857" />
<gc-start id="1836" type="partial gc" contextid="1835" timestamp="2019-06-17T07:19:49.738">
  <mem-info id="1837" free="103809024" total="314572800" percent="33">
    <mem type="eden" free="0" total="84934656" percent="0" />
    <arraylet-primitive objects="2" leaves="2" largest="1" />
    <remembered-set count="45888" freebytes="12373248" totalbytes="12556800" percent="98" regionsoverflowed="0" regionsstable="2" regionsrebuilding="0"/>
  </mem-info>
</gc-start>
<allocation-stats totalBytes="84923352" >
  <allocated-bytes non-tlh="0" tlh="84923352" arrayletleaf="0"/>
  <largest-consumer threadName="Thread-10" threadId="0000000000D25900" bytes="21722272" />
</allocation-stats>
<gc-op id="1838" type="copy forward" timems="4.231" contextid="1835" timestamp="2019-06-17T07:19:49.743">
  <memory-copied type="eden" objects="5001" bytes="121984" bytesdiscarded="0" />
  <memory-copied type="other" objects="30095" bytes="1271784" bytesdiscarded="0" />
  <memory-cardclean objects="1341" bytes="70248" />
  <regions eden="81" other="4" />
  <remembered-set-cleared processed="39560" cleared="950" durationms="0.553" />
  <stringconstants candidates="4597" cleared="0"  />
</gc-op>
<gc-op id="1839" type="classunload" timems="0.002" contextid="1835" timestamp="2019-06-17T07:19:49.743">
  <classunload-info classloadercandidates="8" classloadersunloaded="0" classesunloaded="0" anonymousclassesunloaded="0" quiescems="0.000" setupms="0.002" scanms="0.000" postms="0.000" />
</gc-op>
<heap-resize id="1840" type="expand" space="default" amount="3145728" count="1" timems="0.074" reason="excessive time being spent in gc" timestamp="2019-06-17T07:19:49.744" />
<gc-end id="1841" type="partial gc" contextid="1835" durationms="5.623" usertimems="4.000" systemtimems="0.000" timestamp="2019-06-17T07:19:49.744" activeThreads="1">
  <mem-info id="1842" free="190840832" total="317718528" percent="60">
    <mem type="eden" free="926592" total="1048576" percent="88" />
    <arraylet-primitive objects="2" leaves="2" largest="1" />
    <remembered-set count="47392" freebytes="12492800" totalbytes="12682368" percent="98" regionsoverflowed="0" regionsstable="2" regionsrebuilding="0"/>
  </mem-info>
</gc-end>
<cycle-end id="1843" type="partial gc" contextid="1835" timestamp="2019-06-17T07:19:49.744" />
  <attribute name="elasticGC enabled" value="1" />
  <attribute name= "numThreadsSpecified" value="1" />
  <attribute name="heapSize specified" value="0" />
  <attribute name="Current GC Util" value="68" />
  <attribute name= "Current Time Running" value="5258" />
  <attribute name ="GC Interval" value="0" />
  <attribute name="ProportionalT" value="72.000000" />
  <attribute name="ProportionalI" value="72.000000" />
  <attribute name="ProportionalH" value="72.000000" />
  <attribute name="Current Error" value="48.000000" />
  <attribute name="IntegralT" value="0.000000" />
  <attribute name="IntegralI" value="0.000000" />
  <attribute name="IntegralH" value="0.000000" />
  <attribute name="DerivativeT" value="inf" />
  <attribute name="DerivativeI" value="inf" />
  <attribute name="DerivativeH" value="inf" />
  <attribute name="Loop Time for DT" value="0.000000" />
  <attribute name="Output H" value="8388608"/>
  <attribute name="Output I" value="200"/>
  <attribute name="Output T" value="1"/>
  <attribute name="Target GC Util Change" value ="20.000000" />
  <attribute name="Current GC Util Change" value="68.000000"/>
  <attribute name="GC Util currently" value="68" />
  <attribute name="CPU Util currently" value="18032007801530" />
<exclusive-end id="1844" timestamp="2019-06-17T07:19:49.744" durationms="6.595" />

<exclusive-start id="1845" timestamp="2019-06-17T07:19:49.779" intervalms="41.858">
  <response-info timems="0.048" idlems="0.048" threads="0" lastid="0000000000D25900" lastname="Thread-10" />
</exclusive-start>
<allocation-taxation id="1846" taxation-threshold="84934656" timestamp="2019-06-17T07:19:49.780" intervalms="41.934" />
<cycle-start id="1847" type="partial gc" contextid="0" timestamp="2019-06-17T07:19:49.780" intervalms="42.003" />
<gc-start id="1848" type="partial gc" contextid="1847" timestamp="2019-06-17T07:19:49.780">
  <mem-info id="1849" free="105906176" total="317718528" percent="33">
    <mem type="eden" free="0" total="84934656" percent="0" />
    <arraylet-primitive objects="2" leaves="2" largest="1" />
    <remembered-set count="46944" freebytes="12494592" totalbytes="12682368" percent="98" regionsoverflowed="0" regionsstable="2" regionsrebuilding="0"/>
  </mem-info>
</gc-start>
<allocation-stats totalBytes="84923992" >
  <allocated-bytes non-tlh="0" tlh="84923992" arrayletleaf="0"/>
  <largest-consumer threadName="Thread-10" threadId="0000000000D25900" bytes="22070448" />
</allocation-stats>
<gc-op id="1850" type="copy forward" timems="3.707" contextid="1847" timestamp="2019-06-17T07:19:49.785">
  <memory-copied type="eden" objects="15535" bytes="649128" bytesdiscarded="0" />
  <memory-copied type="other" objects="15209" bytes="639768" bytesdiscarded="0" />
  <memory-cardclean objects="18" bytes="2688" />
  <regions eden="81" other="4" />
  <remembered-set-cleared processed="40030" cleared="1093" durationms="0.573" />
  <stringconstants candidates="4597" cleared="0"  />
</gc-op>
<gc-op id="1851" type="classunload" timems="0.002" contextid="1847" timestamp="2019-06-17T07:19:49.785">
  <classunload-info classloadercandidates="8" classloadersunloaded="0" classesunloaded="0" anonymousclassesunloaded="0" quiescems="0.000" setupms="0.002" scanms="0.000" postms="0.000" />
</gc-op>
<heap-resize id="1852" type="expand" space="default" amount="2097152" count="1" timems="0.068" reason="excessive time being spent in gc" timestamp="2019-06-17T07:19:49.785" />
<gc-end id="1853" type="partial gc" contextid="1847" durationms="5.071" usertimems="4.000" systemtimems="0.000" timestamp="2019-06-17T07:19:49.785" activeThreads="1">
  <mem-info id="1854" free="191889408" total="319815680" percent="60">
    <mem type="eden" free="399448" total="1048576" percent="38" />
    <arraylet-primitive objects="2" leaves="2" largest="1" />
    <remembered-set count="46208" freebytes="12581248" totalbytes="12766080" percent="98" regionsoverflowed="0" regionsstable="2" regionsrebuilding="0"/>
  </mem-info>
</gc-end>
<cycle-end id="1855" type="partial gc" contextid="1847" timestamp="2019-06-17T07:19:49.785" />
  <attribute name="elasticGC enabled" value="1" />
  <attribute name= "numThreadsSpecified" value="1" />
  <attribute name="heapSize specified" value="0" />
  <attribute name="Current GC Util" value="76" />
  <attribute name= "Current Time Running" value="5300" />
  <attribute name ="GC Interval" value="0" />
  <attribute name="ProportionalT" value="84.000000" />
  <attribute name="ProportionalI" value="84.000000" />
  <attribute name="ProportionalH" value="84.000000" />
  <attribute name="Current Error" value="56.000000" />
  <attribute name="IntegralT" value="0.000000" />
  <attribute name="IntegralI" value="0.000000" />
  <attribute name="IntegralH" value="0.000000" />
  <attribute name="DerivativeT" value="inf" />
  <attribute name="DerivativeI" value="inf" />
  <attribute name="DerivativeH" value="inf" />
  <attribute name="Loop Time for DT" value="0.000000" />
  <attribute name="Output H" value="8388608"/>
  <attribute name="Output I" value="200"/>
  <attribute name="Output T" value="1"/>
  <attribute name="Target GC Util Change" value ="20.000000" />
  <attribute name="Current GC Util Change" value="76.000000"/>
  <attribute name="GC Util currently" value="76" />
  <attribute name="CPU Util currently" value="19256036690441" />
<exclusive-end id="1856" timestamp="2019-06-17T07:19:49.786" durationms="6.048" />

<exclusive-start id="1857" timestamp="2019-06-17T07:19:49.822" intervalms="42.941">
  <response-info timems="0.031" idlems="0.031" threads="0" lastid="0000000000D2D100" lastname="Thread-7" />
</exclusive-start>
<allocation-taxation id="1858" taxation-threshold="85983232" timestamp="2019-06-17T07:19:49.823" intervalms="42.858" />
<cycle-start id="1859" type="partial gc" contextid="0" timestamp="2019-06-17T07:19:49.823" intervalms="42.807" />
<gc-start id="1860" type="partial gc" contextid="1859" timestamp="2019-06-17T07:19:49.823">
  <mem-info id="1861" free="105906176" total="319815680" percent="33">
    <mem type="eden" free="0" total="85983232" percent="0" />
    <arraylet-primitive objects="2" leaves="2" largest="1" />
    <remembered-set count="46112" freebytes="12581632" totalbytes="12766080" percent="98" regionsoverflowed="0" regionsstable="2" regionsrebuilding="0"/>
  </mem-info>
</gc-start>
<allocation-stats totalBytes="85971664" >
  <allocated-bytes non-tlh="0" tlh="85971664" arrayletleaf="0"/>
  <largest-consumer threadName="Thread-10" threadId="0000000000D25900" bytes="23589664" />
</allocation-stats>
<gc-op id="1862" type="copy forward" timems="2.156" contextid="1859" timestamp="2019-06-17T07:19:49.826">
  <memory-copied type="eden" objects="10922" bytes="401312" bytesdiscarded="46160" />
  <memory-copied type="other" objects="11432" bytes="411744" bytesdiscarded="16952" />
  <memory-cardclean objects="7696" bytes="409152" />
  <regions eden="82" other="3" />
  <remembered-set-cleared processed="39936" cleared="804" durationms="0.220" />
  <stringconstants candidates="4597" cleared="0"  />
</gc-op>
<gc-op id="1863" type="classunload" timems="0.002" contextid="1859" timestamp="2019-06-17T07:19:49.826">
  <classunload-info classloadercandidates="8" classloadersunloaded="0" classesunloaded="0" anonymousclassesunloaded="0" quiescems="0.000" setupms="0.002" scanms="0.000" postms="0.000" />
</gc-op>
<heap-resize id="1864" type="expand" space="default" amount="3145728" count="1" timems="0.072" reason="excessive time being spent in gc" timestamp="2019-06-17T07:19:49.826" />
<gc-end id="1865" type="partial gc" contextid="1859" durationms="3.193" usertimems="8.000" systemtimems="0.000" timestamp="2019-06-17T07:19:49.826" activeThreads="4">
  <mem-info id="1866" free="193986560" total="322961408" percent="60">
    <mem type="eden" free="601104" total="1048576" percent="57" />
    <arraylet-primitive objects="2" leaves="2" largest="1" />
    <remembered-set count="46016" freebytes="12707584" totalbytes="12891648" percent="98" regionsoverflowed="0" regionsstable="2" regionsrebuilding="0"/>
  </mem-info>
</gc-end>
<cycle-end id="1867" type="partial gc" contextid="1859" timestamp="2019-06-17T07:19:49.826" />
  <attribute name="elasticGC enabled" value="1" />
  <attribute name= "numThreadsSpecified" value="4" />
  <attribute name="heapSize specified" value="0" />
  <attribute name="Current GC Util" value="91" />
  <attribute name= "Current Time Running" value="5343" />
  <attribute name ="GC Interval" value="0" />
  <attribute name="ProportionalT" value="106.500000" />
  <attribute name="ProportionalI" value="106.500000" />
  <attribute name="ProportionalH" value="106.500000" />
  <attribute name="Current Error" value="71.000000" />
  <attribute name="IntegralT" value="71.000000" />
  <attribute name="IntegralI" value="71.000000" />
  <attribute name="IntegralH" value="71.000000" />
  <attribute name="DerivativeT" value="106.500000" />
  <attribute name="DerivativeI" value="106.500000" />
  <attribute name="DerivativeH" value="106.500000" />
  <attribute name="Loop Time for DT" value="1.000000" />
  <attribute name="Output H" value="8388608"/>
  <attribute name="Output I" value="288"/>
  <attribute name="Output T" value="4"/>
  <attribute name="Target GC Util Change" value ="20.000000" />
  <attribute name="Current GC Util Change" value="91.000000"/>
  <attribute name="GC Util currently" value="91" />
  <attribute name="CPU Util currently" value="20371437383954" />
<exclusive-end id="1868" timestamp="2019-06-17T07:19:49.827" durationms="4.107" />

<exclusive-start id="1869" timestamp="2019-06-17T07:19:49.861" intervalms="38.776">
  <response-info timems="0.030" idlems="0.030" threads="0" lastid="0000000000D2D100" lastname="Thread-7" />
</exclusive-start>
<allocation-taxation id="1870" taxation-threshold="85983232" timestamp="2019-06-17T07:19:49.861" intervalms="38.823" />
<cycle-start id="1871" type="partial gc" contextid="0" timestamp="2019-06-17T07:19:49.862" intervalms="38.873" />
<gc-start id="1872" type="partial gc" contextid="1871" timestamp="2019-06-17T07:19:49.862">
  <mem-info id="1873" free="108003328" total="322961408" percent="33">
    <mem type="eden" free="0" total="85983232" percent="0" />
    <arraylet-primitive objects="2" leaves="2" largest="1" />
    <remembered-set count="45632" freebytes="12709120" totalbytes="12891648" percent="98" regionsoverflowed="0" regionsstable="2" regionsrebuilding="0"/>
  </mem-info>
</gc-start>
<allocation-stats totalBytes="85972288" >
  <allocated-bytes non-tlh="0" tlh="85972288" arrayletleaf="0"/>
  <largest-consumer threadName="Thread-10" threadId="0000000000D25900" bytes="22574408" />
</allocation-stats>
<gc-op id="1874" type="copy forward" timems="2.158" contextid="1871" timestamp="2019-06-17T07:19:49.865">
  <memory-copied type="eden" objects="20409" bytes="903736" bytesdiscarded="69392" />
  <memory-copied type="other" objects="6504" bytes="156096" bytesdiscarded="7192" />
  <memory-cardclean objects="8428" bytes="410232" />
  <regions eden="82" other="4" />
  <remembered-set-cleared processed="40171" cleared="1089" durationms="0.220" />
  <stringconstants candidates="4597" cleared="0"  />
</gc-op>
<gc-op id="1875" type="classunload" timems="0.002" contextid="1871" timestamp="2019-06-17T07:19:49.865">
  <classunload-info classloadercandidates="8" classloadersunloaded="0" classesunloaded="0" anonymousclassesunloaded="0" quiescems="0.000" setupms="0.002" scanms="0.000" postms="0.000" />
</gc-op>
<heap-resize id="1876" type="expand" space="default" amount="2097152" count="1" timems="0.067" reason="excessive time being spent in gc" timestamp="2019-06-17T07:19:49.865" />
<gc-end id="1877" type="partial gc" contextid="1871" durationms="3.251" usertimems="8.000" systemtimems="0.000" timestamp="2019-06-17T07:19:49.865" activeThreads="4">
  <mem-info id="1878" free="195035136" total="325058560" percent="60">
    <mem type="eden" free="75448" total="1048576" percent="7" />
    <arraylet-primitive objects="2" leaves="2" largest="1" />
    <remembered-set count="45952" freebytes="12791552" totalbytes="12975360" percent="98" regionsoverflowed="0" regionsstable="2" regionsrebuilding="0"/>
  </mem-info>
</gc-end>
<cycle-end id="1879" type="partial gc" contextid="1871" timestamp="2019-06-17T07:19:49.865" />
  <attribute name="elasticGC enabled" value="1" />
  <attribute name= "numThreadsSpecified" value="4" />
  <attribute name="heapSize specified" value="0" />
  <attribute name="Current GC Util" value="62" />
  <attribute name= "Current Time Running" value="5382" />
  <attribute name ="GC Interval" value="0" />
  <attribute name="ProportionalT" value="63.000000" />
  <attribute name="ProportionalI" value="63.000000" />
  <attribute name="ProportionalH" value="63.000000" />
  <attribute name="Current Error" value="42.000000" />
  <attribute name="IntegralT" value="42.000000" />
  <attribute name="IntegralI" value="42.000000" />
  <attribute name="IntegralH" value="42.000000" />
  <attribute name="DerivativeT" value="63.000000" />
  <attribute name="DerivativeI" value="63.000000" />
  <attribute name="DerivativeH" value="63.000000" />
  <attribute name="Loop Time for DT" value="1.000000" />
  <attribute name="Output H" value="8388608"/>
  <attribute name="Output I" value="200"/>
  <attribute name="Output T" value="4"/>
  <attribute name="Target GC Util Change" value ="20.000000" />
  <attribute name="Current GC Util Change" value="62.000000"/>
  <attribute name="GC Util currently" value="62" />
  <attribute name="CPU Util currently" value="18119576898769" />
<exclusive-end id="1880" timestamp="2019-06-17T07:19:49.865" durationms="4.198" />

<exclusive-start id="1881" timestamp="2019-06-17T07:19:49.896" intervalms="34.565">
  <response-info timems="0.032" idlems="0.032" threads="0" lastid="0000000000D2D100" lastname="Thread-7" />
</exclusive-start>
<allocation-taxation id="1882" taxation-threshold="87031808" timestamp="2019-06-17T07:19:49.896" intervalms="34.518" />
<cycle-start id="1883" type="partial gc" contextid="0" timestamp="2019-06-17T07:19:49.896" intervalms="34.437" />
<gc-start id="1884" type="partial gc" contextid="1883" timestamp="2019-06-17T07:19:49.896">
  <mem-info id="1885" free="108003328" total="325058560" percent="33">
    <mem type="eden" free="0" total="87031808" percent="0" />
    <arraylet-primitive objects="2" leaves="2" largest="1" />
    <remembered-set count="45536" freebytes="12793216" totalbytes="12975360" percent="98" regionsoverflowed="0" regionsstable="2" regionsrebuilding="0"/>
  </mem-info>
</gc-start>
<allocation-stats totalBytes="87020976" >
  <allocated-bytes non-tlh="0" tlh="87020976" arrayletleaf="0"/>
  <largest-consumer threadName="Thread-10" threadId="0000000000D25900" bytes="22291584" />
</allocation-stats>
<gc-op id="1886" type="copy forward" timems="3.952" contextid="1883" timestamp="2019-06-17T07:19:49.901">
  <memory-copied type="eden" objects="28766" bytes="1241472" bytesdiscarded="0" />
  <memory-copied type="other" objects="4802" bytes="115248" bytesdiscarded="0" />
  <memory-cardclean objects="4939" bytes="246912" />
  <regions eden="83" other="3" />
  <remembered-set-cleared processed="40629" cleared="758" durationms="0.588" />
  <stringconstants candidates="4597" cleared="0"  />
</gc-op>
<gc-op id="1887" type="classunload" timems="0.002" contextid="1883" timestamp="2019-06-17T07:19:49.901">
  <classunload-info classloadercandidates="8" classloadersunloaded="0" classesunloaded="0" anonymousclassesunloaded="0" quiescems="0.000" setupms="0.002" scanms="0.000" postms="0.000" />
</gc-op>
<gc-end id="1888" type="partial gc" contextid="1883" durationms="5.058" usertimems="4.000" systemtimems="0.000" timestamp="2019-06-17T07:19:49.901" activeThreads="1">
  <mem-info id="1889" free="192937984" total="325058560" percent="59">
    <mem type="eden" free="855680" total="2097152" percent="40" />
    <arraylet-primitive objects="2" leaves="2" largest="1" />
    <remembered-set count="46496" freebytes="12789376" totalbytes="12975360" percent="98" regionsoverflowed="0" regionsstable="2" regionsrebuilding="0"/>
  </mem-info>
</gc-end>
<cycle-end id="1890" type="partial gc" contextid="1883" timestamp="2019-06-17T07:19:49.901" />
  <attribute name="elasticGC enabled" value="1" />
  <attribute name= "numThreadsSpecified" value="1" />
  <attribute name="heapSize specified" value="0" />
  <attribute name="Current GC Util" value="73" />
  <attribute name= "Current Time Running" value="5416" />
  <attribute name ="GC Interval" value="0" />
  <attribute name="ProportionalT" value="79.500000" />
  <attribute name="ProportionalI" value="79.500000" />
  <attribute name="ProportionalH" value="79.500000" />
  <attribute name="Current Error" value="53.000000" />
  <attribute name="IntegralT" value="0.000000" />
  <attribute name="IntegralI" value="0.000000" />
  <attribute name="IntegralH" value="0.000000" />
  <attribute name="DerivativeT" value="inf" />
  <attribute name="DerivativeI" value="inf" />
  <attribute name="DerivativeH" value="inf" />
  <attribute name="Loop Time for DT" value="0.000000" />
  <attribute name="Output H" value="8388608"/>
  <attribute name="Output I" value="200"/>
  <attribute name="Output T" value="1"/>
  <attribute name="Target GC Util Change" value ="20.000000" />
  <attribute name="Current GC Util Change" value="73.000000"/>
  <attribute name="GC Util currently" value="73" />
  <attribute name="CPU Util currently" value="21236351052888" />
<exclusive-end id="1891" timestamp="2019-06-17T07:19:49.902" durationms="6.023" />

<exclusive-start id="1892" timestamp="2019-06-17T07:19:49.932" intervalms="36.125">
  <response-info timems="0.034" idlems="0.034" threads="0" lastid="0000000000D21D00" lastname="Thread-9" />
</exclusive-start>
<allocation-taxation id="1893" taxation-threshold="87031808" timestamp="2019-06-17T07:19:49.932" intervalms="36.179" />
<cycle-start id="1894" type="partial gc" contextid="0" timestamp="2019-06-17T07:19:49.932" intervalms="36.251" />
<gc-start id="1895" type="partial gc" contextid="1894" timestamp="2019-06-17T07:19:49.933">
  <mem-info id="1896" free="105906176" total="325058560" percent="32">
    <mem type="eden" free="0" total="87031808" percent="0" />
    <arraylet-primitive objects="2" leaves="2" largest="1" />
    <remembered-set count="46016" freebytes="12791296" totalbytes="12975360" percent="98" regionsoverflowed="0" regionsstable="2" regionsrebuilding="0"/>
  </mem-info>
</gc-start>
<allocation-stats totalBytes="87020008" >
  <allocated-bytes non-tlh="0" tlh="87020008" arrayletleaf="0"/>
  <largest-consumer threadName="Thread-10" threadId="0000000000D25900" bytes="22099152" />
</allocation-stats>
<gc-op id="1897" type="copy forward" timems="3.827" contextid="1894" timestamp="2019-06-17T07:19:49.937">
  <memory-copied type="eden" objects="28849" bytes="1243088" bytesdiscarded="0" />
  <memory-copied type="other" objects="4406" bytes="105744" bytesdiscarded="0" />
  <memory-cardclean objects="3429" bytes="174528" />
  <regions eden="83" other="4" />
  <remembered-set-cleared processed="41035" cleared="762" durationms="0.570" />
  <stringconstants candidates="4597" cleared="0"  />
</gc-op>
<gc-op id="1898" type="classunload" timems="0.002" contextid="1894" timestamp="2019-06-17T07:19:49.937">
  <classunload-info classloadercandidates="8" classloadersunloaded="0" classesunloaded="0" anonymousclassesunloaded="0" quiescems="0.000" setupms="0.002" scanms="0.000" postms="0.000" />
</gc-op>
<gc-end id="1899" type="partial gc" contextid="1894" durationms="5.010" usertimems="0.000" systemtimems="4.000" timestamp="2019-06-17T07:19:49.938" activeThreads="1">
  <mem-info id="1900" free="191889408" total="325058560" percent="59">
    <mem type="eden" free="854064" total="2097152" percent="40" />
    <arraylet-primitive objects="2" leaves="2" largest="1" />
    <remembered-set count="46624" freebytes="12788864" totalbytes="12975360" percent="98" regionsoverflowed="0" regionsstable="2" regionsrebuilding="0"/>
  </mem-info>
</gc-end>
<cycle-end id="1901" type="partial gc" contextid="1894" timestamp="2019-06-17T07:19:49.938" />
  <attribute name="elasticGC enabled" value="1" />
  <attribute name= "numThreadsSpecified" value="1" />
  <attribute name="heapSize specified" value="0" />
  <attribute name="Current GC Util" value="73" />
  <attribute name= "Current Time Running" value="5452" />
  <attribute name ="GC Interval" value="0" />
  <attribute name="ProportionalT" value="79.500000" />
  <attribute name="ProportionalI" value="79.500000" />
  <attribute name="ProportionalH" value="79.500000" />
  <attribute name="Current Error" value="53.000000" />
  <attribute name="IntegralT" value="0.000000" />
  <attribute name="IntegralI" value="0.000000" />
  <attribute name="IntegralH" value="0.000000" />
  <attribute name="DerivativeT" value="inf" />
  <attribute name="DerivativeI" value="inf" />
  <attribute name="DerivativeH" value="inf" />
  <attribute name="Loop Time for DT" value="0.000000" />
  <attribute name="Output H" value="8388608"/>
  <attribute name="Output I" value="200"/>
  <attribute name="Output T" value="1"/>
  <attribute name="Target GC Util Change" value ="20.000000" />
  <attribute name="Current GC Util Change" value="73.000000"/>
  <attribute name="GC Util currently" value="73" />
  <attribute name="CPU Util currently" value="19412312397734" />
<exclusive-end id="1902" timestamp="2019-06-17T07:19:49.938" durationms="6.089" />

<exclusive-start id="1903" timestamp="2019-06-17T07:19:49.971" intervalms="38.962">
  <response-info timems="0.027" idlems="0.027" threads="0" lastid="0000000000D2D100" lastname="Thread-7" />
</exclusive-start>
<allocation-taxation id="1904" taxation-threshold="87031808" timestamp="2019-06-17T07:19:49.971" intervalms="39.134" />
<cycle-start id="1905" type="partial gc" contextid="0" timestamp="2019-06-17T07:19:49.971" intervalms="39.176" />
<gc-start id="1906" type="partial gc" contextid="1905" timestamp="2019-06-17T07:19:49.972">
  <mem-info id="1907" free="104857600" total="325058560" percent="32">
    <mem type="eden" free="0" total="87031808" percent="0" />
    <arraylet-primitive objects="2" leaves="2" largest="1" />
    <remembered-set count="46368" freebytes="12789888" totalbytes="12975360" percent="98" regionsoverflowed="0" regionsstable="2" regionsrebuilding="0"/>
  </mem-info>
</gc-start>
<allocation-stats totalBytes="87021008" >
  <allocated-bytes non-tlh="0" tlh="87021008" arrayletleaf="0"/>
  <largest-consumer threadName="Thread-10" threadId="0000000000D25900" bytes="22230392" />
</allocation-stats>
<gc-op id="1908" type="copy forward" timems="2.142" contextid="1905" timestamp="2019-06-17T07:19:49.975">
  <memory-copied type="eden" objects="31970" bytes="1318048" bytesdiscarded="42216" />
  <memory-copied type="other" objects="2879" bytes="69096" bytesdiscarded="2736" />
  <memory-cardclean objects="1673" bytes="90240" />
  <regions eden="83" other="4" />
  <remembered-set-cleared processed="41396" cleared="662" durationms="0.248" />
  <stringconstants candidates="4597" cleared="0"  />
</gc-op>
<gc-op id="1909" type="classunload" timems="0.003" contextid="1905" timestamp="2019-06-17T07:19:49.975">
  <classunload-info classloadercandidates="8" classloadersunloaded="0" classesunloaded="0" anonymousclassesunloaded="0" quiescems="0.000" setupms="0.003" scanms="0.000" postms="0.000" />
</gc-op>
<heap-resize id="1910" type="expand" space="default" amount="8388608" count="1" timems="0.118" reason="excessive time being spent in gc" timestamp="2019-06-17T07:19:49.975" />
<gc-end id="1911" type="partial gc" contextid="1905" durationms="3.489" usertimems="4.000" systemtimems="0.000" timestamp="2019-06-17T07:19:49.975" activeThreads="4">
  <mem-info id="1912" free="200278016" total="333447168" percent="60">
    <mem type="eden" free="736888" total="2097152" percent="35" />
    <arraylet-primitive objects="2" leaves="2" largest="1" />
    <remembered-set count="46656" freebytes="13123584" totalbytes="13310208" percent="98" regionsoverflowed="0" regionsstable="2" regionsrebuilding="0"/>
  </mem-info>
</gc-end>
<cycle-end id="1913" type="partial gc" contextid="1905" timestamp="2019-06-17T07:19:49.975" />
  <attribute name="elasticGC enabled" value="1" />
  <attribute name= "numThreadsSpecified" value="4" />
  <attribute name="heapSize specified" value="0" />
  <attribute name="Current GC Util" value="72" />
  <attribute name= "Current Time Running" value="5492" />
  <attribute name ="GC Interval" value="0" />
  <attribute name="ProportionalT" value="78.000000" />
  <attribute name="ProportionalI" value="78.000000" />
  <attribute name="ProportionalH" value="78.000000" />
  <attribute name="Current Error" value="52.000000" />
  <attribute name="IntegralT" value="52.000000" />
  <attribute name="IntegralI" value="52.000000" />
  <attribute name="IntegralH" value="52.000000" />
  <attribute name="DerivativeT" value="78.000000" />
  <attribute name="DerivativeI" value="78.000000" />
  <attribute name="DerivativeH" value="78.000000" />
  <attribute name="Loop Time for DT" value="1.000000" />
  <attribute name="Output H" value="8388608"/>
  <attribute name="Output I" value="208"/>
  <attribute name="Output T" value="4"/>
  <attribute name="Target GC Util Change" value ="20.000000" />
  <attribute name="Current GC Util Change" value="72.000000"/>
  <attribute name="GC Util currently" value="72" />
  <attribute name="CPU Util currently" value="18642037967315" />
<exclusive-end id="1914" timestamp="2019-06-17T07:19:49.976" durationms="4.838" />

<exclusive-start id="1915" timestamp="2019-06-17T07:19:50.016" intervalms="45.106">
  <response-info timems="0.031" idlems="0.031" threads="0" lastid="0000000000D25900" lastname="Thread-10" />
</exclusive-start>
<allocation-taxation id="1916" taxation-threshold="89128960" timestamp="2019-06-17T07:19:50.016" intervalms="44.927" />
<cycle-start id="1917" type="partial gc" contextid="0" timestamp="2019-06-17T07:19:50.016" intervalms="44.896" />
<gc-start id="1918" type="partial gc" contextid="1917" timestamp="2019-06-17T07:19:50.017">
  <mem-info id="1919" free="111149056" total="333447168" percent="33">
    <mem type="eden" free="0" total="89128960" percent="0" />
    <arraylet-primitive objects="2" leaves="2" largest="1" />
    <remembered-set count="46176" freebytes="13125504" totalbytes="13310208" percent="98" regionsoverflowed="0" regionsstable="2" regionsrebuilding="0"/>
  </mem-info>
</gc-start>
<allocation-stats totalBytes="89117184" >
  <allocated-bytes non-tlh="0" tlh="89117184" arrayletleaf="0"/>
  <largest-consumer threadName="Thread-9" threadId="0000000000D21D00" bytes="24699712" />
</allocation-stats>
<gc-op id="1920" type="copy forward" timems="3.551" contextid="1917" timestamp="2019-06-17T07:19:50.021">
  <memory-copied type="eden" objects="25599" bytes="1165040" bytesdiscarded="32" />
  <memory-copied type="other" objects="2879" bytes="69096" bytesdiscarded="0" />
  <memory-cardclean objects="1673" bytes="90240" />
  <regions eden="85" other="5" />
  <remembered-set-cleared processed="41475" cleared="1962" durationms="0.579" />
  <stringconstants candidates="4597" cleared="0"  />
</gc-op>
<gc-op id="1921" type="classunload" timems="0.002" contextid="1917" timestamp="2019-06-17T07:19:50.021">
  <classunload-info classloadercandidates="8" classloadersunloaded="0" classesunloaded="0" anonymousclassesunloaded="0" quiescems="0.000" setupms="0.002" scanms="0.000" postms="0.000" />
</gc-op>
<gc-end id="1922" type="partial gc" contextid="1917" durationms="4.663" usertimems="4.000" systemtimems="0.000" timestamp="2019-06-17T07:19:50.021" activeThreads="1">
  <mem-info id="1923" free="201326592" total="333447168" percent="60">
    <mem type="eden" free="932080" total="2097152" percent="44" />
    <arraylet-primitive objects="2" leaves="2" largest="1" />
    <remembered-set count="44928" freebytes="13130496" totalbytes="13310208" percent="98" regionsoverflowed="0" regionsstable="2" regionsrebuilding="0"/>
  </mem-info>
</gc-end>
<cycle-end id="1924" type="partial gc" contextid="1917" timestamp="2019-06-17T07:19:50.021" />
  <attribute name="elasticGC enabled" value="1" />
  <attribute name= "numThreadsSpecified" value="1" />
  <attribute name="heapSize specified" value="0" />
  <attribute name="Current GC Util" value="74" />
  <attribute name= "Current Time Running" value="5536" />
  <attribute name ="GC Interval" value="0" />
  <attribute name="ProportionalT" value="81.000000" />
  <attribute name="ProportionalI" value="81.000000" />
  <attribute name="ProportionalH" value="81.000000" />
  <attribute name="Current Error" value="54.000000" />
  <attribute name="IntegralT" value="0.000000" />
  <attribute name="IntegralI" value="0.000000" />
  <attribute name="IntegralH" value="0.000000" />
  <attribute name="DerivativeT" value="inf" />
  <attribute name="DerivativeI" value="inf" />
  <attribute name="DerivativeH" value="inf" />
  <attribute name="Loop Time for DT" value="0.000000" />
  <attribute name="Output H" value="8388608"/>
  <attribute name="Output I" value="200"/>
  <attribute name="Output T" value="1"/>
  <attribute name="Target GC Util Change" value ="20.000000" />
  <attribute name="Current GC Util Change" value="74.000000"/>
  <attribute name="GC Util currently" value="74" />
  <attribute name="CPU Util currently" value="19544603442418" />
<exclusive-end id="1925" timestamp="2019-06-17T07:19:50.022" durationms="5.642" />

<exclusive-start id="1926" timestamp="2019-06-17T07:19:50.062" intervalms="45.709">
  <response-info timems="0.030" idlems="0.030" threads="0" lastid="0000000000D25900" lastname="Thread-10" />
</exclusive-start>
<allocation-taxation id="1927" taxation-threshold="89128960" timestamp="2019-06-17T07:19:50.062" intervalms="45.705" />
<cycle-start id="1928" type="partial gc" contextid="0" timestamp="2019-06-17T07:19:50.062" intervalms="45.691" />
<gc-start id="1929" type="partial gc" contextid="1928" timestamp="2019-06-17T07:19:50.062">
  <mem-info id="1930" free="112197632" total="333447168" percent="33">
    <mem type="eden" free="0" total="89128960" percent="0" />
    <arraylet-primitive objects="2" leaves="2" largest="1" />
    <remembered-set count="44544" freebytes="13132032" totalbytes="13310208" percent="98" regionsoverflowed="0" regionsstable="2" regionsrebuilding="0"/>
  </mem-info>
</gc-start>
<allocation-stats totalBytes="89116864" >
  <allocated-bytes non-tlh="0" tlh="89116864" arrayletleaf="0"/>
  <largest-consumer threadName="Thread-7" threadId="0000000000D2D100" bytes="26972656" />
</allocation-stats>
<gc-op id="1931" type="copy forward" timems="3.569" contextid="1928" timestamp="2019-06-17T07:19:50.066">
  <memory-copied type="eden" objects="15586" bytes="650384" bytesdiscarded="0" />
  <memory-copied type="other" objects="14198" bytes="615504" bytesdiscarded="0" />
  <memory-cardclean objects="1673" bytes="90240" />
  <regions eden="85" other="4" />
  <remembered-set-cleared processed="40176" cleared="663" durationms="0.572" />
  <stringconstants candidates="4597" cleared="0"  />
</gc-op>
<gc-op id="1932" type="classunload" timems="0.002" contextid="1928" timestamp="2019-06-17T07:19:50.067">
  <classunload-info classloadercandidates="8" classloadersunloaded="0" classesunloaded="0" anonymousclassesunloaded="0" quiescems="0.000" setupms="0.002" scanms="0.000" postms="0.000" />
</gc-op>
<gc-end id="1933" type="partial gc" contextid="1928" durationms="4.613" usertimems="4.000" systemtimems="0.000" timestamp="2019-06-17T07:19:50.067" activeThreads="1">
  <mem-info id="1934" free="201326592" total="333447168" percent="60">
    <mem type="eden" free="398192" total="1048576" percent="37" />
    <arraylet-primitive objects="2" leaves="2" largest="1" />
    <remembered-set count="44928" freebytes="13130496" totalbytes="13310208" percent="98" regionsoverflowed="0" regionsstable="2" regionsrebuilding="0"/>
  </mem-info>
</gc-end>
<cycle-end id="1935" type="partial gc" contextid="1928" timestamp="2019-06-17T07:19:50.067" />
  <attribute name="elasticGC enabled" value="1" />
  <attribute name= "numThreadsSpecified" value="1" />
  <attribute name="heapSize specified" value="0" />
  <attribute name="Current GC Util" value="73" />
  <attribute name= "Current Time Running" value="5582" />
  <attribute name ="GC Interval" value="0" />
  <attribute name="ProportionalT" value="79.500000" />
  <attribute name="ProportionalI" value="79.500000" />
  <attribute name="ProportionalH" value="79.500000" />
  <attribute name="Current Error" value="53.000000" />
  <attribute name="IntegralT" value="0.000000" />
  <attribute name="IntegralI" value="0.000000" />
  <attribute name="IntegralH" value="0.000000" />
  <attribute name="DerivativeT" value="inf" />
  <attribute name="DerivativeI" value="inf" />
  <attribute name="DerivativeH" value="inf" />
  <attribute name="Loop Time for DT" value="0.000000" />
  <attribute name="Output H" value="8388608"/>
  <attribute name="Output I" value="200"/>
  <attribute name="Output T" value="1"/>
  <attribute name="Target GC Util Change" value ="20.000000" />
  <attribute name="Current GC Util Change" value="73.000000"/>
  <attribute name="GC Util currently" value="73" />
  <attribute name="CPU Util currently" value="18534076545058" />
<exclusive-end id="1936" timestamp="2019-06-17T07:19:50.067" durationms="5.562" />

<exclusive-start id="1937" timestamp="2019-06-17T07:19:50.104" intervalms="42.788">
  <response-info timems="0.033" idlems="0.033" threads="0" lastid="0000000000D25900" lastname="Thread-10" />
</exclusive-start>
<allocation-taxation id="1938" taxation-threshold="89128960" timestamp="2019-06-17T07:19:50.105" intervalms="42.798" />
<cycle-start id="1939" type="partial gc" contextid="0" timestamp="2019-06-17T07:19:50.105" intervalms="42.769" />
<gc-start id="1940" type="partial gc" contextid="1939" timestamp="2019-06-17T07:19:50.105">
  <mem-info id="1941" free="112197632" total="333447168" percent="33">
    <mem type="eden" free="0" total="89128960" percent="0" />
    <arraylet-primitive objects="2" leaves="2" largest="1" />
    <remembered-set count="44800" freebytes="13131008" totalbytes="13310208" percent="98" regionsoverflowed="0" regionsstable="2" regionsrebuilding="0"/>
  </mem-info>
</gc-start>
<allocation-stats totalBytes="89117096" >
  <allocated-bytes non-tlh="0" tlh="89117096" arrayletleaf="0"/>
  <largest-consumer threadName="Thread-9" threadId="0000000000D21D00" bytes="26104592" />
</allocation-stats>
<gc-op id="1942" type="copy forward" timems="3.352" contextid="1939" timestamp="2019-06-17T07:19:50.109">
  <memory-copied type="eden" objects="18121" bytes="793496" bytesdiscarded="0" />
  <memory-copied type="other" objects="9270" bytes="359856" bytesdiscarded="0" />
  <memory-cardclean objects="1673" bytes="90240" />
  <regions eden="85" other="4" />
  <remembered-set-cleared processed="40338" cleared="825" durationms="0.568" />
  <stringconstants candidates="4597" cleared="0"  />
</gc-op>
<gc-op id="1943" type="classunload" timems="0.002" contextid="1939" timestamp="2019-06-17T07:19:50.109">
  <classunload-info classloadercandidates="8" classloadersunloaded="0" classesunloaded="0" anonymousclassesunloaded="0" quiescems="0.000" setupms="0.002" scanms="0.000" postms="0.000" />
</gc-op>
<gc-end id="1944" type="partial gc" contextid="1939" durationms="4.320" usertimems="0.000" systemtimems="4.000" timestamp="2019-06-17T07:19:50.109" activeThreads="1">
  <mem-info id="1945" free="200278016" total="333447168" percent="60">
    <mem type="eden" free="255080" total="1048576" percent="24" />
    <arraylet-primitive objects="2" leaves="2" largest="1" />
    <remembered-set count="44928" freebytes="13130496" totalbytes="13310208" percent="98" regionsoverflowed="0" regionsstable="2" regionsrebuilding="0"/>
  </mem-info>
</gc-end>
<cycle-end id="1946" type="partial gc" contextid="1939" timestamp="2019-06-17T07:19:50.110" />
  <attribute name="elasticGC enabled" value="1" />
  <attribute name= "numThreadsSpecified" value="1" />
  <attribute name="heapSize specified" value="0" />
  <attribute name="Current GC Util" value="71" />
  <attribute name= "Current Time Running" value="5625" />
  <attribute name ="GC Interval" value="0" />
  <attribute name="ProportionalT" value="76.500000" />
  <attribute name="ProportionalI" value="76.500000" />
  <attribute name="ProportionalH" value="76.500000" />
  <attribute name="Current Error" value="51.000000" />
  <attribute name="IntegralT" value="0.000000" />
  <attribute name="IntegralI" value="0.000000" />
  <attribute name="IntegralH" value="0.000000" />
  <attribute name="DerivativeT" value="inf" />
  <attribute name="DerivativeI" value="inf" />
  <attribute name="DerivativeH" value="inf" />
  <attribute name="Loop Time for DT" value="0.000000" />
  <attribute name="Output H" value="8388608"/>
  <attribute name="Output I" value="200"/>
  <attribute name="Output T" value="1"/>
  <attribute name="Target GC Util Change" value ="20.000000" />
  <attribute name="Current GC Util Change" value="71.000000"/>
  <attribute name="GC Util currently" value="71" />
  <attribute name="CPU Util currently" value="19212716559711" />
<exclusive-end id="1947" timestamp="2019-06-17T07:19:50.110" durationms="5.285" />

<exclusive-start id="1948" timestamp="2019-06-17T07:19:50.142" intervalms="37.834">
  <response-info timems="0.034" idlems="0.034" threads="0" lastid="0000000000D29500" lastname="Thread-8" />
</exclusive-start>
<allocation-taxation id="1949" taxation-threshold="89128960" timestamp="2019-06-17T07:19:50.143" intervalms="37.873" />
<cycle-start id="1950" type="partial gc" contextid="0" timestamp="2019-06-17T07:19:50.143" intervalms="37.946" />
<gc-start id="1951" type="partial gc" contextid="1950" timestamp="2019-06-17T07:19:50.143">
  <mem-info id="1952" free="111149056" total="333447168" percent="33">
    <mem type="eden" free="0" total="89128960" percent="0" />
    <arraylet-primitive objects="2" leaves="2" largest="1" />
    <remembered-set count="44640" freebytes="13131648" totalbytes="13310208" percent="98" regionsoverflowed="0" regionsstable="2" regionsrebuilding="0"/>
  </mem-info>
</gc-start>
<allocation-stats totalBytes="89116648" >
  <allocated-bytes non-tlh="0" tlh="89116648" arrayletleaf="0"/>
  <largest-consumer threadName="Thread-10" threadId="0000000000D25900" bytes="24392608" />
</allocation-stats>
<gc-op id="1953" type="copy forward" timems="4.038" contextid="1950" timestamp="2019-06-17T07:19:50.148">
  <memory-copied type="eden" objects="20470" bytes="684376" bytesdiscarded="0" />
  <memory-copied type="other" objects="15009" bytes="718224" bytesdiscarded="0" />
  <memory-cardclean objects="18" bytes="2688" />
  <regions eden="85" other="3" />
  <remembered-set-cleared processed="40459" cleared="463" durationms="0.585" />
  <stringconstants candidates="4597" cleared="0"  />
</gc-op>
<gc-op id="1954" type="classunload" timems="0.002" contextid="1950" timestamp="2019-06-17T07:19:50.148">
  <classunload-info classloadercandidates="8" classloadersunloaded="0" classesunloaded="0" anonymousclassesunloaded="0" quiescems="0.000" setupms="0.002" scanms="0.000" postms="0.000" />
</gc-op>
<gc-end id="1955" type="partial gc" contextid="1950" durationms="5.202" usertimems="4.000" systemtimems="0.000" timestamp="2019-06-17T07:19:50.148" activeThreads="1">
  <mem-info id="1956" free="199229440" total="333447168" percent="59">
    <mem type="eden" free="364200" total="1048576" percent="34" />
    <arraylet-primitive objects="2" leaves="2" largest="1" />
    <remembered-set count="46432" freebytes="13124480" totalbytes="13310208" percent="98" regionsoverflowed="0" regionsstable="2" regionsrebuilding="0"/>
  </mem-info>
</gc-end>
<cycle-end id="1957" type="partial gc" contextid="1950" timestamp="2019-06-17T07:19:50.148" />
  <attribute name="elasticGC enabled" value="1" />
  <attribute name= "numThreadsSpecified" value="1" />
  <attribute name="heapSize specified" value="0" />
  <attribute name="Current GC Util" value="82" />
  <attribute name= "Current Time Running" value="5663" />
  <attribute name ="GC Interval" value="0" />
  <attribute name="ProportionalT" value="93.000000" />
  <attribute name="ProportionalI" value="93.000000" />
  <attribute name="ProportionalH" value="93.000000" />
  <attribute name="Current Error" value="62.000000" />
  <attribute name="IntegralT" value="0.000000" />
  <attribute name="IntegralI" value="0.000000" />
  <attribute name="IntegralH" value="0.000000" />
  <attribute name="DerivativeT" value="inf" />
  <attribute name="DerivativeI" value="inf" />
  <attribute name="DerivativeH" value="inf" />
  <attribute name="Loop Time for DT" value="0.000000" />
  <attribute name="Output H" value="8388608"/>
  <attribute name="Output I" value="200"/>
  <attribute name="Output T" value="1"/>
  <attribute name="Target GC Util Change" value ="20.000000" />
  <attribute name="Current GC Util Change" value="82.000000"/>
  <attribute name="GC Util currently" value="82" />
  <attribute name="CPU Util currently" value="19577293521751" />
<exclusive-end id="1958" timestamp="2019-06-17T07:19:50.149" durationms="6.380" />

<exclusive-start id="1959" timestamp="2019-06-17T07:19:50.181" intervalms="38.875">
  <response-info timems="0.034" idlems="0.034" threads="0" lastid="0000000000D25900" lastname="Thread-10" />
</exclusive-start>
<allocation-taxation id="1960" taxation-threshold="89128960" timestamp="2019-06-17T07:19:50.181" intervalms="38.891" />
<cycle-start id="1961" type="partial gc" contextid="0" timestamp="2019-06-17T07:19:50.182" intervalms="38.807" />
<gc-start id="1962" type="partial gc" contextid="1961" timestamp="2019-06-17T07:19:50.182">
  <mem-info id="1963" free="110100480" total="333447168" percent="33">
    <mem type="eden" free="0" total="89128960" percent="0" />
    <arraylet-primitive objects="2" leaves="2" largest="1" />
    <remembered-set count="45952" freebytes="13126400" totalbytes="13310208" percent="98" regionsoverflowed="0" regionsstable="2" regionsrebuilding="0"/>
  </mem-info>
</gc-start>
<allocation-stats totalBytes="89116656" >
  <allocated-bytes non-tlh="0" tlh="89116656" arrayletleaf="0"/>
  <largest-consumer threadName="Thread-10" threadId="0000000000D25900" bytes="23294800" />
</allocation-stats>
<gc-op id="1964" type="copy forward" timems="2.024" contextid="1961" timestamp="2019-06-17T07:19:50.184">
  <memory-copied type="eden" objects="28072" bytes="1224336" bytesdiscarded="120144" />
  <memory-copied type="other" objects="0" bytes="0" bytesdiscarded="0" />
  <memory-cardclean objects="18" bytes="2688" />
  <regions eden="85" other="4" />
  <remembered-set-cleared processed="40855" cleared="859" durationms="0.215" />
  <stringconstants candidates="4597" cleared="0"  />
</gc-op>
<gc-op id="1965" type="classunload" timems="0.003" contextid="1961" timestamp="2019-06-17T07:19:50.185">
  <classunload-info classloadercandidates="8" classloadersunloaded="0" classesunloaded="0" anonymousclassesunloaded="0" quiescems="0.000" setupms="0.002" scanms="0.000" postms="0.000" />
</gc-op>
<gc-end id="1966" type="partial gc" contextid="1961" durationms="2.943" usertimems="8.000" systemtimems="0.000" timestamp="2019-06-17T07:19:50.185" activeThreads="4">
  <mem-info id="1967" free="201326592" total="333447168" percent="60">
    <mem type="eden" free="752672" total="2097152" percent="35" />
    <arraylet-primitive objects="2" leaves="2" largest="1" />
    <remembered-set count="44896" freebytes="13130624" totalbytes="13310208" percent="98" regionsoverflowed="0" regionsstable="2" regionsrebuilding="0"/>
  </mem-info>
</gc-end>
<cycle-end id="1968" type="partial gc" contextid="1961" timestamp="2019-06-17T07:19:50.185" />
  <attribute name="elasticGC enabled" value="1" />
  <attribute name= "numThreadsSpecified" value="4" />
  <attribute name="heapSize specified" value="0" />
  <attribute name="Current GC Util" value="88" />
  <attribute name= "Current Time Running" value="5702" />
  <attribute name ="GC Interval" value="0" />
  <attribute name="ProportionalT" value="102.000000" />
  <attribute name="ProportionalI" value="102.000000" />
  <attribute name="ProportionalH" value="102.000000" />
  <attribute name="Current Error" value="68.000000" />
  <attribute name="IntegralT" value="68.000000" />
  <attribute name="IntegralI" value="68.000000" />
  <attribute name="IntegralH" value="68.000000" />
  <attribute name="DerivativeT" value="102.000000" />
  <attribute name="DerivativeI" value="102.000000" />
  <attribute name="DerivativeH" value="102.000000" />
  <attribute name="Loop Time for DT" value="1.000000" />
  <attribute name="Output H" value="8388608"/>
  <attribute name="Output I" value="272"/>
  <attribute name="Output T" value="4"/>
  <attribute name="Target GC Util Change" value ="20.000000" />
  <attribute name="Current GC Util Change" value="88.000000"/>
  <attribute name="GC Util currently" value="88" />
  <attribute name="CPU Util currently" value="19127213730613" />
<exclusive-end id="1969" timestamp="2019-06-17T07:19:50.185" durationms="3.779" />

<exclusive-start id="1970" timestamp="2019-06-17T07:19:50.217" intervalms="35.802">
  <response-info timems="0.038" idlems="0.038" threads="0" lastid="0000000000D2D100" lastname="Thread-7" />
</exclusive-start>
<allocation-taxation id="1971" taxation-threshold="89128960" timestamp="2019-06-17T07:19:50.217" intervalms="35.702" />
<cycle-start id="1972" type="partial gc" contextid="0" timestamp="2019-06-17T07:19:50.217" intervalms="35.761" />
<gc-start id="1973" type="partial gc" contextid="1972" timestamp="2019-06-17T07:19:50.218">
  <mem-info id="1974" free="112197632" total="333447168" percent="33">
    <mem type="eden" free="0" total="89128960" percent="0" />
    <arraylet-primitive objects="2" leaves="2" largest="1" />
    <remembered-set count="44704" freebytes="13131392" totalbytes="13310208" percent="98" regionsoverflowed="0" regionsstable="2" regionsrebuilding="0"/>
  </mem-info>
</gc-start>
<allocation-stats totalBytes="89117112" >
  <allocated-bytes non-tlh="0" tlh="89117112" arrayletleaf="0"/>
  <largest-consumer threadName="Thread-7" threadId="0000000000D2D100" bytes="23151632" />
</allocation-stats>
<gc-op id="1975" type="copy forward" timems="3.473" contextid="1972" timestamp="2019-06-17T07:19:50.222">
  <memory-copied type="eden" objects="26648" bytes="1189464" bytesdiscarded="40" />
  <memory-copied type="other" objects="2879" bytes="69096" bytesdiscarded="0" />
  <memory-cardclean objects="1673" bytes="90240" />
  <regions eden="85" other="4" />
  <remembered-set-cleared processed="40218" cleared="705" durationms="0.613" />
  <stringconstants candidates="4597" cleared="0"  />
</gc-op>
<gc-op id="1976" type="classunload" timems="0.002" contextid="1972" timestamp="2019-06-17T07:19:50.222">
  <classunload-info classloadercandidates="8" classloadersunloaded="0" classesunloaded="0" anonymousclassesunloaded="0" quiescems="0.000" setupms="0.002" scanms="0.000" postms="0.000" />
</gc-op>
<gc-end id="1977" type="partial gc" contextid="1972" durationms="4.578" usertimems="4.000" systemtimems="0.000" timestamp="2019-06-17T07:19:50.222" activeThreads="1">
  <mem-info id="1978" free="201326592" total="333447168" percent="60">
    <mem type="eden" free="907648" total="2097152" percent="43" />
    <arraylet-primitive objects="2" leaves="2" largest="1" />
    <remembered-set count="44256" freebytes="13133184" totalbytes="13310208" percent="98" regionsoverflowed="0" regionsstable="2" regionsrebuilding="0"/>
  </mem-info>
</gc-end>
<cycle-end id="1979" type="partial gc" contextid="1972" timestamp="2019-06-17T07:19:50.222" />
  <attribute name="elasticGC enabled" value="1" />
  <attribute name= "numThreadsSpecified" value="1" />
  <attribute name="heapSize specified" value="0" />
  <attribute name="Current GC Util" value="64" />
  <attribute name= "Current Time Running" value="5737" />
  <attribute name ="GC Interval" value="0" />
  <attribute name="ProportionalT" value="66.000000" />
  <attribute name="ProportionalI" value="66.000000" />
  <attribute name="ProportionalH" value="66.000000" />
  <attribute name="Current Error" value="44.000000" />
  <attribute name="IntegralT" value="0.000000" />
  <attribute name="IntegralI" value="0.000000" />
  <attribute name="IntegralH" value="0.000000" />
  <attribute name="DerivativeT" value="inf" />
  <attribute name="DerivativeI" value="inf" />
  <attribute name="DerivativeH" value="inf" />
  <attribute name="Loop Time for DT" value="0.000000" />
  <attribute name="Output H" value="8388608"/>
  <attribute name="Output I" value="200"/>
  <attribute name="Output T" value="1"/>
  <attribute name="Target GC Util Change" value ="20.000000" />
  <attribute name="Current GC Util Change" value="64.000000"/>
  <attribute name="GC Util currently" value="64" />
  <attribute name="CPU Util currently" value="19370320873539" />
<exclusive-end id="1980" timestamp="2019-06-17T07:19:50.223" durationms="5.697" />

<exclusive-start id="1981" timestamp="2019-06-17T07:19:50.253" intervalms="36.507">
  <response-info timems="0.029" idlems="0.029" threads="0" lastid="0000000000D21D00" lastname="Thread-9" />
</exclusive-start>
<allocation-taxation id="1982" taxation-threshold="89128960" timestamp="2019-06-17T07:19:50.254" intervalms="36.546" />
<cycle-start id="1983" type="partial gc" contextid="0" timestamp="2019-06-17T07:19:50.254" intervalms="36.563" />
<gc-start id="1984" type="partial gc" contextid="1983" timestamp="2019-06-17T07:19:50.254">
  <mem-info id="1985" free="112197632" total="333447168" percent="33">
    <mem type="eden" free="0" total="89128960" percent="0" />
    <arraylet-primitive objects="2" leaves="2" largest="1" />
    <remembered-set count="44224" freebytes="13133312" totalbytes="13310208" percent="98" regionsoverflowed="0" regionsstable="2" regionsrebuilding="0"/>
  </mem-info>
</gc-start>
<allocation-stats totalBytes="89116568" >
  <allocated-bytes non-tlh="0" tlh="89116568" arrayletleaf="0"/>
  <largest-consumer threadName="Thread-7" threadId="0000000000D2D100" bytes="23126744" />
</allocation-stats>
<gc-op id="1986" type="copy forward" timems="4.068" contextid="1983" timestamp="2019-06-17T07:19:50.259">
  <memory-copied type="eden" objects="32800" bytes="1337352" bytesdiscarded="40" />
  <memory-copied type="other" objects="2879" bytes="69096" bytesdiscarded="0" />
  <memory-cardclean objects="1673" bytes="90240" />
  <regions eden="85" other="4" />
  <remembered-set-cleared processed="40070" cleared="557" durationms="0.576" />
  <stringconstants candidates="4597" cleared="0"  />
</gc-op>
<gc-op id="1987" type="classunload" timems="0.002" contextid="1983" timestamp="2019-06-17T07:19:50.259">
  <classunload-info classloadercandidates="8" classloadersunloaded="0" classesunloaded="0" anonymousclassesunloaded="0" quiescems="0.000" setupms="0.002" scanms="0.000" postms="0.000" />
</gc-op>
<gc-end id="1988" type="partial gc" contextid="1983" durationms="5.268" usertimems="4.000" systemtimems="0.000" timestamp="2019-06-17T07:19:50.259" activeThreads="1">
  <mem-info id="1989" free="201326592" total="333447168" percent="60">
    <mem type="eden" free="759760" total="2097152" percent="36" />
    <arraylet-primitive objects="2" leaves="2" largest="1" />
    <remembered-set count="45280" freebytes="13129088" totalbytes="13310208" percent="98" regionsoverflowed="0" regionsstable="2" regionsrebuilding="0"/>
  </mem-info>
</gc-end>
<cycle-end id="1990" type="partial gc" contextid="1983" timestamp="2019-06-17T07:19:50.260" />
  <attribute name="elasticGC enabled" value="1" />
  <attribute name= "numThreadsSpecified" value="1" />
  <attribute name="heapSize specified" value="0" />
  <attribute name="Current GC Util" value="71" />
  <attribute name= "Current Time Running" value="5774" />
  <attribute name ="GC Interval" value="0" />
  <attribute name="ProportionalT" value="76.500000" />
  <attribute name="ProportionalI" value="76.500000" />
  <attribute name="ProportionalH" value="76.500000" />
  <attribute name="Current Error" value="51.000000" />
  <attribute name="IntegralT" value="0.000000" />
  <attribute name="IntegralI" value="0.000000" />
  <attribute name="IntegralH" value="0.000000" />
  <attribute name="DerivativeT" value="inf" />
  <attribute name="DerivativeI" value="inf" />
  <attribute name="DerivativeH" value="inf" />
  <attribute name="Loop Time for DT" value="0.000000" />
  <attribute name="Output H" value="8388608"/>
  <attribute name="Output I" value="200"/>
  <attribute name="Output T" value="1"/>
  <attribute name="Target GC Util Change" value ="20.000000" />
  <attribute name="Current GC Util Change" value="71.000000"/>
  <attribute name="GC Util currently" value="71" />
  <attribute name="CPU Util currently" value="19238203672928" />
<exclusive-end id="1991" timestamp="2019-06-17T07:19:50.260" durationms="6.289" />

<exclusive-start id="1992" timestamp="2019-06-17T07:19:50.289" intervalms="35.267">
  <response-info timems="0.039" idlems="0.039" threads="0" lastid="0000000000D29500" lastname="Thread-8" />
</exclusive-start>
<allocation-taxation id="1993" taxation-threshold="89128960" timestamp="2019-06-17T07:19:50.289" intervalms="35.308" />
<cycle-start id="1994" type="partial gc" contextid="0" timestamp="2019-06-17T07:19:50.289" intervalms="35.306" />
<gc-start id="1995" type="partial gc" contextid="1994" timestamp="2019-06-17T07:19:50.290">
  <mem-info id="1996" free="112197632" total="333447168" percent="33">
    <mem type="eden" free="0" total="89128960" percent="0" />
    <arraylet-primitive objects="2" leaves="2" largest="1" />
    <remembered-set count="44928" freebytes="13130496" totalbytes="13310208" percent="98" regionsoverflowed="0" regionsstable="2" regionsrebuilding="0"/>
  </mem-info>
</gc-start>
<allocation-stats totalBytes="89117448" >
  <allocated-bytes non-tlh="0" tlh="89117448" arrayletleaf="0"/>
  <largest-consumer threadName="Thread-9" threadId="0000000000D21D00" bytes="22377624" />
</allocation-stats>
<gc-op id="1997" type="copy forward" timems="4.136" contextid="1994" timestamp="2019-06-17T07:19:50.295">
  <memory-copied type="eden" objects="18538" bytes="721136" bytesdiscarded="0" />
  <memory-copied type="other" objects="15990" bytes="658512" bytesdiscarded="0" />
  <memory-cardclean objects="1673" bytes="90240" />
  <regions eden="85" other="5" />
  <remembered-set-cleared processed="40371" cleared="1970" durationms="0.593" />
  <stringconstants candidates="4597" cleared="0"  />
</gc-op>
<gc-op id="1998" type="classunload" timems="0.002" contextid="1994" timestamp="2019-06-17T07:19:50.295">
  <classunload-info classloadercandidates="8" classloadersunloaded="0" classesunloaded="0" anonymousclassesunloaded="0" quiescems="0.000" setupms="0.002" scanms="0.000" postms="0.000" />
</gc-op>
<gc-end id="1999" type="partial gc" contextid="1994" durationms="5.451" usertimems="4.000" systemtimems="0.000" timestamp="2019-06-17T07:19:50.295" activeThreads="1">
  <mem-info id="2000" free="202375168" total="333447168" percent="60">
    <mem type="eden" free="327440" total="1048576" percent="31" />
    <arraylet-primitive objects="2" leaves="2" largest="1" />
    <remembered-set count="44064" freebytes="13133952" totalbytes="13310208" percent="98" regionsoverflowed="0" regionsstable="2" regionsrebuilding="0"/>
  </mem-info>
</gc-end>
<cycle-end id="2001" type="partial gc" contextid="1994" timestamp="2019-06-17T07:19:50.295" />
  <attribute name="elasticGC enabled" value="1" />
  <attribute name= "numThreadsSpecified" value="1" />
  <attribute name="heapSize specified" value="0" />
  <attribute name="Current GC Util" value="67" />
  <attribute name= "Current Time Running" value="5809" />
  <attribute name ="GC Interval" value="0" />
  <attribute name="ProportionalT" value="70.500000" />
  <attribute name="ProportionalI" value="70.500000" />
  <attribute name="ProportionalH" value="70.500000" />
  <attribute name="Current Error" value="47.000000" />
  <attribute name="IntegralT" value="0.000000" />
  <attribute name="IntegralI" value="0.000000" />
  <attribute name="IntegralH" value="0.000000" />
  <attribute name="DerivativeT" value="inf" />
  <attribute name="DerivativeI" value="inf" />
  <attribute name="DerivativeH" value="inf" />
  <attribute name="Loop Time for DT" value="0.000000" />
  <attribute name="Output H" value="8388608"/>
  <attribute name="Output I" value="200"/>
  <attribute name="Output T" value="1"/>
  <attribute name="Target GC Util Change" value ="20.000000" />
  <attribute name="Current GC Util Change" value="67.000000"/>
  <attribute name="GC Util currently" value="67" />
  <attribute name="CPU Util currently" value="18042801728214" />
<exclusive-end id="2002" timestamp="2019-06-17T07:19:50.296" durationms="6.839" />

<exclusive-start id="2003" timestamp="2019-06-17T07:19:50.327" intervalms="38.345">
  <response-info timems="0.045" idlems="0.045" threads="0" lastid="0000000000D25900" lastname="Thread-10" />
</exclusive-start>
<allocation-taxation id="2004" taxation-threshold="89128960" timestamp="2019-06-17T07:19:50.327" intervalms="38.286" />
<cycle-start id="2005" type="partial gc" contextid="0" timestamp="2019-06-17T07:19:50.327" intervalms="38.265" />
<gc-start id="2006" type="partial gc" contextid="2005" timestamp="2019-06-17T07:19:50.328">
  <mem-info id="2007" free="113246208" total="333447168" percent="33">
    <mem type="eden" free="0" total="89128960" percent="0" />
    <arraylet-primitive objects="2" leaves="2" largest="1" />
    <remembered-set count="43840" freebytes="13134848" totalbytes="13310208" percent="98" regionsoverflowed="0" regionsstable="2" regionsrebuilding="0"/>
  </mem-info>
</gc-start>
<allocation-stats totalBytes="89117472" >
  <allocated-bytes non-tlh="0" tlh="89117472" arrayletleaf="0"/>
  <largest-consumer threadName="Thread-9" threadId="0000000000D21D00" bytes="24548336" />
</allocation-stats>
<gc-op id="2008" type="copy forward" timems="3.869" contextid="2005" timestamp="2019-06-17T07:19:50.332">
  <memory-copied type="eden" objects="25509" bytes="1025880" bytesdiscarded="0" />
  <memory-copied type="other" objects="7756" bytes="323520" bytesdiscarded="0" />
  <memory-cardclean objects="1673" bytes="90240" />
  <regions eden="85" other="4" />
  <remembered-set-cleared processed="39441" cleared="1040" durationms="0.577" />
  <stringconstants candidates="4597" cleared="0"  />
</gc-op>
<gc-op id="2009" type="classunload" timems="0.002" contextid="2005" timestamp="2019-06-17T07:19:50.332">
  <classunload-info classloadercandidates="8" classloadersunloaded="0" classesunloaded="0" anonymousclassesunloaded="0" quiescems="0.000" setupms="0.002" scanms="0.000" postms="0.000" />
</gc-op>
<gc-end id="2010" type="partial gc" contextid="2005" durationms="5.004" usertimems="4.000" systemtimems="0.000" timestamp="2019-06-17T07:19:50.333" activeThreads="1">
  <mem-info id="2011" free="202375168" total="333447168" percent="60">
    <mem type="eden" free="22696" total="1048576" percent="2" />
    <arraylet-primitive objects="2" leaves="2" largest="1" />
    <remembered-set count="43552" freebytes="13136000" totalbytes="13310208" percent="98" regionsoverflowed="0" regionsstable="2" regionsrebuilding="0"/>
  </mem-info>
</gc-end>
<cycle-end id="2012" type="partial gc" contextid="2005" timestamp="2019-06-17T07:19:50.333" />
  <attribute name="elasticGC enabled" value="1" />
  <attribute name= "numThreadsSpecified" value="1" />
  <attribute name="heapSize specified" value="0" />
  <attribute name="Current GC Util" value="95" />
  <attribute name= "Current Time Running" value="5847" />
  <attribute name ="GC Interval" value="0" />
  <attribute name="ProportionalT" value="112.500000" />
  <attribute name="ProportionalI" value="112.500000" />
  <attribute name="ProportionalH" value="112.500000" />
  <attribute name="Current Error" value="75.000000" />
  <attribute name="IntegralT" value="0.000000" />
  <attribute name="IntegralI" value="0.000000" />
  <attribute name="IntegralH" value="0.000000" />
  <attribute name="DerivativeT" value="inf" />
  <attribute name="DerivativeI" value="inf" />
  <attribute name="DerivativeH" value="inf" />
  <attribute name="Loop Time for DT" value="0.000000" />
  <attribute name="Output H" value="8388608"/>
  <attribute name="Output I" value="200"/>
  <attribute name="Output T" value="1"/>
  <attribute name="Target GC Util Change" value ="20.000000" />
  <attribute name="Current GC Util Change" value="95.000000"/>
  <attribute name="GC Util currently" value="95" />
  <attribute name="CPU Util currently" value="20479543456229" />
<exclusive-end id="2013" timestamp="2019-06-17T07:19:50.333" durationms="6.008" />

</verbosegc>

