<?xml version="1.0" ?>

<verbosegc xmlns="http://www.ibm.com/j9/verbosegc" version="10b4217_CMPRSS">

<initialized id="1" timestamp="2019-06-17T07:20:09.830">
  <attribute name="gcPolicy" value="-Xgcpolicy:balanced" />
  <attribute name="elasticGC enabled" value="1" />
  <attribute name= "numThreadsSpecified" value="0" />
  <attribute name="heapSize specified" value="0" />
  <attribute name="Current GC Util" value="0" />
  <attribute name= "Current Time Running" value="0" />
  <attribute name ="GC Interval" value="0" />
  <attribute name="ProportionalT" value="0.000000" />
  <attribute name="ProportionalI" value="0.000000" />
  <attribute name="ProportionalH" value="0.000000" />
  <attribute name="IntegralT" value="0.000000" />
  <attribute name="IntegralI" value="0.000000" />
  <attribute name="IntegralH" value="0.000000" />
  <attribute name="DerivativeT" value="0.000000" />
  <attribute name="DerivativeI" value="0.000000" />
  <attribute name="DerivativeH" value="0.000000" />
  <attribute name="Target GC Util Change" value ="0.000000" />
  <attribute name="Current GC Util Change" value="0.000000"/>
  <attribute name="Current Error" value="0.000000" />
  <attribute name="Loop Time for DT" value="0.000000" />
  <attribute name="Output H" value="0"/>
  <attribute name="Output I" value="0"/>
  <attribute name="Output T" value="0"/>
  <attribute name="GC Util currently" value="0" />
  <attribute name="CPU Util currently" value="0" />
  <attribute name="maxHeapSize" value="0x7cb00000" />
  <attribute name="initialHeapSize" value="0x800000" />
  <attribute name="compressedRefs" value="true" />
  <attribute name="compressedRefsDisplacement" value="0x0" />
  <attribute name="compressedRefsShift" value="0x0" />
  <attribute name="pageSize" value="0x1000" />
  <attribute name="pageType" value="not used" />
  <attribute name="requestedPageSize" value="0x1000" />
  <attribute name="requestedPageType" value="not used" />
  <attribute name="gcthreads" value="4" />
  <attribute name="packetListSplit" value="4" />
  <attribute name="cacheListSplit" value="4" />
  <attribute name="splitFreeListSplitAmount" value="1" />
  <attribute name="numaNodes" value="0" />
  <region>
    <attribute name="regionSize" value="1048576" />
    <attribute name="regionCount" value="1995" />
    <attribute name="arrayletLeafSize" value="1048576" />
  </region>
  <system>
    <attribute name="physicalMemory" value="8370958336" />
    <attribute name="numCPUs" value="4" />
    <attribute name="architecture" value="amd64" />
    <attribute name="os" value="Linux" />
    <attribute name="osVersion" value="4.4.0-150-generic" />
  </system>
  <vmargs>
    <vmarg name="-Xoptionsfile=/vagrant/jdk/lib/options.default" />
    <vmarg name="-Xlockword:mode=default,noLockword=java/lang/String,noLockword=java/util/MapEntry,noLockword=java/util/HashMap$Entry,noLockword..." />
    <vmarg name="-Xjcl:jclse29" />
    <vmarg name="-Dcom.ibm.oti.vm.bootstrap.library.path=/vagrant/jdk/lib/compressedrefs:/vagrant/jdk/lib" />
    <vmarg name="-Dsun.boot.library.path=/vagrant/jdk/lib/compressedrefs:/vagrant/jdk/lib" />
    <vmarg name="-Djava.library.path=/vagrant/jdk/lib/compressedrefs:/vagrant/jdk/lib:/usr/lib64:/usr/lib" />
    <vmarg name="-Djava.home=/vagrant/jdk" />
    <vmarg name="-Duser.dir=/vagrant" />
    <vmarg name="-Xgcpolicy:balanced" />
    <vmarg name="-Xgcelastic" />
    <vmarg name="-Xcheck:gc:::elasticGC" />
    <vmarg name="-verbose:gc" />
    <vmarg name="-Xloggc:jdk1.5-1-1.5-large-BAL-4CORE-elasticverbose16sunflow.txt" />
    <vmarg name="-Djava.class.path=dacapo-9.12-MR1-bach.jar" />
    <vmarg name="-Dsun.java.command=dacapo-9.12-MR1-bach.jar sunflow --size=large" />
    <vmarg name="-Dsun.java.launcher=SUN_STANDARD" />
    <vmarg name="-Dsun.java.launcher.pid=14453" />
  </vmargs>
</initialized>

<exclusive-start id="2" timestamp="2019-06-17T07:20:10.634" intervalms="803.796">
  <response-info timems="0.051" idlems="0.051" threads="0" lastid="0000000001756700" lastname="main" />
</exclusive-start>
<allocation-taxation id="3" taxation-threshold="8388608" timestamp="2019-06-17T07:20:10.634" intervalms="804.236" />
<cycle-start id="4" type="partial gc" contextid="0" timestamp="2019-06-17T07:20:10.634" intervalms="804.661" />
<gc-start id="5" type="partial gc" contextid="4" timestamp="2019-06-17T07:20:10.635">
  <mem-info id="6" free="0" total="8388608" percent="0">
    <mem type="eden" free="32" total="8388608" percent="0" />
    <arraylet-primitive objects="1" leaves="1" largest="1" />
    <remembered-set count="0" freebytes="334848" totalbytes="334848" percent="100" regionsoverflowed="0" regionsstable="0" regionsrebuilding="0"/>
  </mem-info>
</gc-start>
<allocation-stats totalBytes="8381064" >
  <allocated-bytes non-tlh="1288440" tlh="6044048" arrayletleaf="1048576"/>
  <largest-consumer threadName="main" threadId="0000000001756700" bytes="8301624" />
</allocation-stats>
<gc-op id="7" type="mark" timems="3.434" contextid="4" timestamp="2019-06-17T07:20:10.639">
  <trace-info objectcount="30322" scancount="23649" scanbytes="765976" />
  <remembered-set-cleared processed="0" cleared="0" durationms="0.089" />
  <finalization candidates="125" enqueued="1" />
  <ownableSynchronizers candidates="3" cleared="0" />
  <references type="soft" candidates="132" cleared="0" enqueued="0" dynamicThreshold="32" maxThreshold="32" />
  <references type="weak" candidates="1325" cleared="568" enqueued="478" />
  <references type="phantom" candidates="107" cleared="42" enqueued="42" />
  <stringconstants candidates="3958" cleared="0"  />
  <warning details="Mark for calibration purposes" />
</gc-op>
<gc-op id="8" type="classunload" timems="0.048" contextid="4" timestamp="2019-06-17T07:20:10.639">
  <classunload-info classloadercandidates="7" classloadersunloaded="0" classesunloaded="0" anonymousclassesunloaded="0" quiescems="0.000" setupms="0.048" scanms="0.000" postms="0.000" />
</gc-op>
<gc-op id="9" type="sweep" timems="2.353" contextid="4" timestamp="2019-06-17T07:20:10.642" />
<gc-op id="10" type="compact" timems="8.256" contextid="4" timestamp="2019-06-17T07:20:10.651">
  <compact-info movecount="30322" movebytes="2124792" />
  <remembered-set-cleared processed="0" cleared="0" durationms="0.089" />
</gc-op>
<heap-resize id="11" type="expand" space="default" amount="1048576" count="1" timems="0.065" reason="insufficient free space following gc" timestamp="2019-06-17T07:20:10.652" />
<gc-end id="12" type="partial gc" contextid="4" durationms="17.380" usertimems="12.000" systemtimems="4.000" timestamp="2019-06-17T07:20:10.652" activeThreads="4">
  <mem-info id="13" free="5242880" total="9437184" percent="55">
    <mem type="eden" free="707960" total="4194304" percent="16" />
    <arraylet-primitive objects="1" leaves="1" largest="1" />
    <pending-finalizers system="1" default="0" reference="520" classloader="0" />
    <remembered-set count="2048" freebytes="368512" totalbytes="376704" percent="97" regionsoverflowed="0" regionsstable="0" regionsrebuilding="0"/>
  </mem-info>
</gc-end>
<cycle-end id="14" type="partial gc" contextid="4" timestamp="2019-06-17T07:20:10.652" />
  <attribute name="elasticGC enabled" value="1" />
  <attribute name= "numThreadsSpecified" value="4" />
  <attribute name="heapSize specified" value="0" />
  <attribute name="Current GC Util" value="62" />
  <attribute name= "Current Time Running" value="692" />
  <attribute name ="GC Interval" value="0" />
  <attribute name="ProportionalT" value="63.000000" />
  <attribute name="ProportionalI" value="63.000000" />
  <attribute name="ProportionalH" value="63.000000" />
  <attribute name="Current Error" value="42.000000" />
  <attribute name="IntegralT" value="-13654.000000" />
  <attribute name="IntegralI" value="-13654.000000" />
  <attribute name="IntegralH" value="-13654.000000" />
  <attribute name="DerivativeT" value="21.000000" />
  <attribute name="DerivativeI" value="21.000000" />
  <attribute name="DerivativeH" value="21.000000" />
  <attribute name="Loop Time for DT" value="3.000000" />
  <attribute name="Output H" value="2091843584"/>
  <attribute name="Output I" value="200"/>
  <attribute name="Output T" value="4"/>
  <attribute name="Target GC Util Change" value ="20.000000" />
  <attribute name="Current GC Util Change" value="62.000000"/>
  <attribute name="GC Util currently" value="62" />
  <attribute name="CPU Util currently" value="62" />
<exclusive-end id="15" timestamp="2019-06-17T07:20:10.652" durationms="18.928" />

<exclusive-start id="16" timestamp="2019-06-17T07:20:10.670" intervalms="36.566">
  <response-info timems="0.071" idlems="0.071" threads="0" lastid="0000000001756700" lastname="main" />
</exclusive-start>
<sys-start reason="explicit" id="17" timestamp="2019-06-17T07:20:10.670" intervalms="840.477" />
<cycle-start id="18" type="global garbage collect" contextid="0" timestamp="2019-06-17T07:20:10.670" intervalms="840.747" />
<gc-start id="19" type="global garbage collect" contextid="18" timestamp="2019-06-17T07:20:10.671">
  <mem-info id="20" free="1572864" total="9437184" percent="16">
    <mem type="eden" free="524288" total="4194304" percent="12" />
    <arraylet-primitive objects="2" leaves="2" largest="1" />
    <remembered-set count="2048" freebytes="368512" totalbytes="376704" percent="97" regionsoverflowed="0" regionsstable="0" regionsrebuilding="0"/>
  </mem-info>
</gc-start>
<allocation-stats totalBytes="3669608" >
  <allocated-bytes non-tlh="88" tlh="2620944" arrayletleaf="1048576"/>
  <largest-consumer threadName="main" threadId="0000000001756700" bytes="3653536" />
</allocation-stats>
<gc-op id="21" type="global mark" timems="3.518" contextid="18" timestamp="2019-06-17T07:20:10.674">
  <trace-info objectcount="29370" scancount="22849" scanbytes="751680" />
  <finalization candidates="124" enqueued="0" />
  <ownableSynchronizers candidates="3" cleared="0" />
  <references type="soft" candidates="132" cleared="0" enqueued="0" dynamicThreshold="17" maxThreshold="32" />
  <references type="weak" candidates="759" cleared="2" enqueued="2" />
  <references type="phantom" candidates="64" cleared="0" enqueued="0" />
  <stringconstants candidates="3958" cleared="0"  />
</gc-op>
<gc-op id="22" type="classunload" timems="0.002" contextid="18" timestamp="2019-06-17T07:20:10.674">
  <classunload-info classloadercandidates="7" classloadersunloaded="0" classesunloaded="0" anonymousclassesunloaded="0" quiescems="0.000" setupms="0.002" scanms="0.000" postms="0.000" />
</gc-op>
<gc-op id="23" type="sweep" timems="1.022" contextid="18" timestamp="2019-06-17T07:20:10.676" />
<gc-op id="24" type="compact" timems="4.526" contextid="18" timestamp="2019-06-17T07:20:10.680">
  <compact-info movecount="29370" movebytes="1298664" />
  <remembered-set-cleared processed="2599" cleared="2599" durationms="0.053" />
</gc-op>
<gc-end id="25" type="global garbage collect" contextid="18" durationms="10.215" usertimems="12.000" systemtimems="0.000" timestamp="2019-06-17T07:20:10.681" activeThreads="4">
  <mem-info id="26" free="4194304" total="9437184" percent="44">
    <arraylet-primitive objects="2" leaves="2" largest="1" />
    <pending-finalizers system="0" default="0" reference="2" classloader="0" />
    <remembered-set count="2048" freebytes="368512" totalbytes="376704" percent="97" regionsoverflowed="0" regionsstable="0" regionsrebuilding="0"/>
  </mem-info>
</gc-end>
<cycle-end id="27" type="global garbage collect" contextid="18" timestamp="2019-06-17T07:20:10.681" />
  <attribute name="elasticGC enabled" value="1" />
  <attribute name= "numThreadsSpecified" value="4" />
  <attribute name="heapSize specified" value="0" />
  <attribute name="Current GC Util" value="93" />
  <attribute name= "Current Time Running" value="725" />
  <attribute name ="GC Interval" value="0" />
  <attribute name="ProportionalT" value="109.500000" />
  <attribute name="ProportionalI" value="109.500000" />
  <attribute name="ProportionalH" value="109.500000" />
  <attribute name="Current Error" value="73.000000" />
  <attribute name="IntegralT" value="73.000000" />
  <attribute name="IntegralI" value="73.000000" />
  <attribute name="IntegralH" value="73.000000" />
  <attribute name="DerivativeT" value="-31.500000" />
  <attribute name="DerivativeI" value="-31.500000" />
  <attribute name="DerivativeH" value="-31.500000" />
  <attribute name="Loop Time for DT" value="1.000000" />
  <attribute name="Output H" value="8388608"/>
  <attribute name="Output I" value="200"/>
  <attribute name="Output T" value="4"/>
  <attribute name="Target GC Util Change" value ="20.000000" />
  <attribute name="Current GC Util Change" value="93.000000"/>
  <attribute name="GC Util currently" value="93" />
  <attribute name="CPU Util currently" value="3708231127227" />
<sys-end id="28" timestamp="2019-06-17T07:20:10.681" />
<exclusive-end id="29" timestamp="2019-06-17T07:20:10.681" durationms="11.326" />

<exclusive-start id="30" timestamp="2019-06-17T07:20:10.855" intervalms="184.902">
  <response-info timems="0.067" idlems="0.067" threads="0" lastid="0000000001AA7D00" lastname="Thread-3" />
</exclusive-start>
<allocation-taxation id="31" taxation-threshold="4194304" timestamp="2019-06-17T07:20:10.855" intervalms="221.207" />
<cycle-start id="32" type="partial gc" contextid="0" timestamp="2019-06-17T07:20:10.855" intervalms="220.955" />
<gc-start id="33" type="partial gc" contextid="32" timestamp="2019-06-17T07:20:10.856">
  <mem-info id="34" free="0" total="9437184" percent="0">
    <mem type="eden" free="0" total="4194304" percent="0" />
    <arraylet-primitive objects="2" leaves="2" largest="1" />
    <remembered-set count="1600" freebytes="370304" totalbytes="376704" percent="98" regionsoverflowed="0" regionsstable="0" regionsrebuilding="0"/>
  </mem-info>
</gc-start>
<allocation-stats totalBytes="4179480" >
  <allocated-bytes non-tlh="489880" tlh="3689600" arrayletleaf="0"/>
  <largest-consumer threadName="main" threadId="0000000001756700" bytes="3032456" />
</allocation-stats>
<gc-op id="35" type="mark" timems="1.768" contextid="32" timestamp="2019-06-17T07:20:10.858">
  <trace-info objectcount="11060" scancount="7686" scanbytes="228256" />
  <cardclean-info objects="489" bytes="21948" />
  <remembered-set-cleared processed="684" cleared="39" durationms="0.056" />
  <references type="soft" candidates="17" cleared="0" enqueued="0" dynamicThreshold="14" maxThreshold="32" />
  <references type="weak" candidates="45" cleared="29" enqueued="28" />
  <references type="phantom" candidates="2" cleared="0" enqueued="0" />
  <stringconstants candidates="4509" cleared="1"  />
  <warning details="Mark invoked due to insufficient free space for Copy-Forward" />
</gc-op>
<gc-op id="36" type="classunload" timems="0.002" contextid="32" timestamp="2019-06-17T07:20:10.858">
  <classunload-info classloadercandidates="8" classloadersunloaded="0" classesunloaded="0" anonymousclassesunloaded="0" quiescems="0.000" setupms="0.002" scanms="0.000" postms="0.000" />
</gc-op>
<gc-op id="37" type="sweep" timems="0.307" contextid="32" timestamp="2019-06-17T07:20:10.858" />
<gc-op id="38" type="compact" timems="1.731" contextid="32" timestamp="2019-06-17T07:20:10.860">
  <compact-info movecount="11041" movebytes="1582792" />
  <remembered-set-cleared processed="2726" cleared="1426" durationms="0.059" />
</gc-op>
<heap-resize id="39" type="expand" space="default" amount="4194304" count="1" timems="0.075" reason="insufficient free space following gc" timestamp="2019-06-17T07:20:10.861" />
<gc-end id="40" type="partial gc" contextid="32" durationms="5.409" usertimems="4.000" systemtimems="4.000" timestamp="2019-06-17T07:20:10.861" activeThreads="4">
  <mem-info id="41" free="6291456" total="13631488" percent="46">
    <mem type="eden" free="512720" total="2097152" percent="24" />
    <arraylet-primitive objects="2" leaves="2" largest="1" />
    <pending-finalizers system="0" default="0" reference="28" classloader="0" />
    <remembered-set count="2400" freebytes="534528" totalbytes="544128" percent="98" regionsoverflowed="0" regionsstable="0" regionsrebuilding="0"/>
  </mem-info>
</gc-end>
<cycle-end id="42" type="partial gc" contextid="32" timestamp="2019-06-17T07:20:10.861" />
  <attribute name="elasticGC enabled" value="1" />
  <attribute name= "numThreadsSpecified" value="4" />
  <attribute name="heapSize specified" value="0" />
  <attribute name="Current GC Util" value="28" />
  <attribute name= "Current Time Running" value="908" />
  <attribute name ="GC Interval" value="0" />
  <attribute name="ProportionalT" value="12.000000" />
  <attribute name="ProportionalI" value="12.000000" />
  <attribute name="ProportionalH" value="12.000000" />
  <attribute name="Current Error" value="8.000000" />
  <attribute name="IntegralT" value="0.000000" />
  <attribute name="IntegralI" value="0.000000" />
  <attribute name="IntegralH" value="0.000000" />
  <attribute name="DerivativeT" value="-inf" />
  <attribute name="DerivativeI" value="-inf" />
  <attribute name="DerivativeH" value="-inf" />
  <attribute name="Loop Time for DT" value="0.000000" />
  <attribute name="Output H" value="2091843584"/>
  <attribute name="Output I" value="200"/>
  <attribute name="Output T" value="4"/>
  <attribute name="Target GC Util Change" value ="20.000000" />
  <attribute name="Current GC Util Change" value="28.000000"/>
  <attribute name="GC Util currently" value="28" />
  <attribute name="CPU Util currently" value="8213826988064" />
<exclusive-end id="43" timestamp="2019-06-17T07:20:10.861" durationms="6.536" />

<exclusive-start id="44" timestamp="2019-06-17T07:20:10.954" intervalms="99.186">
  <response-info timems="0.028" idlems="0.028" threads="0" lastid="0000000001AAF500" lastname="Thread-5" />
</exclusive-start>
<allocation-taxation id="45" taxation-threshold="3145728" timestamp="2019-06-17T07:20:10.954" intervalms="99.172" />
<cycle-start id="46" type="global mark phase" contextid="0" timestamp="2019-06-17T07:20:10.954" intervalms="1124.775" />
<gc-start id="47" type="global mark phase" contextid="46" timestamp="2019-06-17T07:20:10.954">
  <mem-info id="48" free="3145728" total="13631488" percent="23">
    <remembered-set count="1920" freebytes="536448" totalbytes="544128" percent="98" regionsoverflowed="0" regionsstable="0" regionsrebuilding="0"/>
  </mem-info>
</gc-start>
<gc-op id="49" type="mark increment" timems="0.673" contextid="46" timestamp="2019-06-17T07:20:10.955">
  <trace-info objectcount="165" scancount="0" scanbytes="0" />
</gc-op>
<gc-end id="50" type="global mark phase" contextid="46" durationms="0.866" usertimems="0.000" systemtimems="0.000" timestamp="2019-06-17T07:20:10.955" activeThreads="4">
  <mem-info id="51" free="3145728" total="13631488" percent="23">
    <remembered-set count="1920" freebytes="536448" totalbytes="544128" percent="98" regionsoverflowed="0" regionsstable="0" regionsrebuilding="0"/>
  </mem-info>
</gc-end>
<concurrent-start id="52" type="GMP work packet processing" contextid="46" timestamp="2019-06-17T07:20:10.955">
  <concurrent-mark-start scanTarget="18446744073709551615" />
</concurrent-start>
<exclusive-end id="53" timestamp="2019-06-17T07:20:10.956" durationms="1.482" />

<concurrent-end id="54" type="GMP work packet processing" contextid="46" timestamp="2019-06-17T07:20:10.958">
  <concurrent-mark-end bytesScanned="1187876" reasonForTermination="Completed all work in GC phase" />
</concurrent-end>

<exclusive-start id="55" timestamp="2019-06-17T07:20:10.963" intervalms="9.375">
  <response-info timems="0.060" idlems="0.060" threads="0" lastid="0000000001AAF500" lastname="Thread-5" />
</exclusive-start>
<allocation-taxation id="56" taxation-threshold="3145728" timestamp="2019-06-17T07:20:10.964" intervalms="9.330" />
<cycle-start id="57" type="partial gc" contextid="0" timestamp="2019-06-17T07:20:10.964" intervalms="108.440" />
<gc-start id="58" type="partial gc" contextid="57" timestamp="2019-06-17T07:20:10.964">
  <mem-info id="59" free="0" total="13631488" percent="0">
    <mem type="eden" free="0" total="6291456" percent="0" />
    <arraylet-primitive objects="2" leaves="2" largest="1" />
    <remembered-set count="1920" freebytes="536448" totalbytes="544128" percent="98" regionsoverflowed="0" regionsstable="0" regionsrebuilding="0"/>
  </mem-info>
</gc-start>
<allocation-stats totalBytes="6261440" >
  <allocated-bytes non-tlh="818648" tlh="5442792" arrayletleaf="0"/>
  <largest-consumer threadName="Thread-5" threadId="0000000001AAF500" bytes="3138168" />
</allocation-stats>
<gc-op id="60" type="mark" timems="1.338" contextid="57" timestamp="2019-06-17T07:20:10.966">
  <trace-info objectcount="14646" scancount="11789" scanbytes="438840" />
  <cardclean-info objects="128" bytes="9844" />
  <remembered-set-cleared processed="1234" cleared="580" durationms="0.058" />
  <references type="soft" candidates="17" cleared="0" enqueued="0" dynamicThreshold="7" maxThreshold="32" />
  <references type="weak" candidates="16" cleared="0" enqueued="0" />
  <references type="phantom" candidates="2" cleared="0" enqueued="0" />
  <stringconstants candidates="4533" cleared="0"  />
  <warning details="Mark invoked due to insufficient free space for Copy-Forward" />
</gc-op>
<gc-op id="61" type="classunload" timems="0.002" contextid="57" timestamp="2019-06-17T07:20:10.966">
  <classunload-info classloadercandidates="8" classloadersunloaded="0" classesunloaded="0" anonymousclassesunloaded="0" quiescems="0.000" setupms="0.002" scanms="0.000" postms="0.000" />
</gc-op>
<gc-op id="62" type="sweep" timems="0.496" contextid="57" timestamp="2019-06-17T07:20:10.967" />
<gc-op id="63" type="compact" timems="2.132" contextid="57" timestamp="2019-06-17T07:20:10.969">
  <compact-info movecount="14604" movebytes="1338256" />
  <remembered-set-cleared processed="3165" cleared="1854" durationms="0.058" />
</gc-op>
<gc-end id="64" type="partial gc" contextid="57" durationms="5.457" usertimems="8.000" systemtimems="0.000" timestamp="2019-06-17T07:20:10.969" activeThreads="1">
  <mem-info id="65" free="6291456" total="13631488" percent="46">
    <mem type="eden" free="404536" total="1048576" percent="38" />
    <arraylet-primitive objects="2" leaves="2" largest="1" />
    <remembered-set count="2272" freebytes="535040" totalbytes="544128" percent="98" regionsoverflowed="0" regionsstable="0" regionsrebuilding="0"/>
  </mem-info>
</gc-end>
<cycle-end id="66" type="partial gc" contextid="57" timestamp="2019-06-17T07:20:10.969" />
  <attribute name="elasticGC enabled" value="1" />
  <attribute name= "numThreadsSpecified" value="1" />
  <attribute name="heapSize specified" value="0" />
  <attribute name="Current GC Util" value="26" />
  <attribute name= "Current Time Running" value="1016" />
  <attribute name ="GC Interval" value="0" />
  <attribute name="ProportionalT" value="9.000000" />
  <attribute name="ProportionalI" value="9.000000" />
  <attribute name="ProportionalH" value="9.000000" />
  <attribute name="Current Error" value="6.000000" />
  <attribute name="IntegralT" value="0.000000" />
  <attribute name="IntegralI" value="0.000000" />
  <attribute name="IntegralH" value="0.000000" />
  <attribute name="DerivativeT" value="inf" />
  <attribute name="DerivativeI" value="inf" />
  <attribute name="DerivativeH" value="inf" />
  <attribute name="Loop Time for DT" value="0.000000" />
  <attribute name="Output H" value="8388608"/>
  <attribute name="Output I" value="200"/>
  <attribute name="Output T" value="1"/>
  <attribute name="Target GC Util Change" value ="20.000000" />
  <attribute name="Current GC Util Change" value="26.000000"/>
  <attribute name="GC Util currently" value="26" />
  <attribute name="CPU Util currently" value="6109560971412" />
<exclusive-end id="67" timestamp="2019-06-17T07:20:10.970" durationms="6.334" />

<exclusive-start id="68" timestamp="2019-06-17T07:20:10.999" intervalms="35.966">
  <response-info timems="0.042" idlems="0.023" threads="1" lastid="0000000001AB3100" lastname="Thread-8" />
</exclusive-start>
<allocation-taxation id="69" taxation-threshold="3145728" timestamp="2019-06-17T07:20:10.999" intervalms="35.971" />
<gc-start id="70" type="global mark phase" contextid="46" timestamp="2019-06-17T07:20:11.000">
  <mem-info id="71" free="3145728" total="13631488" percent="23">
    <remembered-set count="1888" freebytes="536576" totalbytes="544128" percent="98" regionsoverflowed="0" regionsstable="0" regionsrebuilding="0"/>
  </mem-info>
</gc-start>
<gc-op id="72" type="mark increment" timems="1.620" contextid="46" timestamp="2019-06-17T07:20:11.001">
  <trace-info objectcount="34595" scancount="31676" scanbytes="1467688" />
  <cardclean-info objects="482" bytes="21940" />
  <finalization candidates="124" enqueued="0" />
  <ownableSynchronizers candidates="3" cleared="0" />
  <references type="soft" candidates="149" cleared="0" enqueued="0" dynamicThreshold="14" maxThreshold="32" />
  <references type="weak" candidates="773" cleared="0" enqueued="0" />
  <references type="phantom" candidates="66" cleared="2" enqueued="2" />
  <stringconstants candidates="4596" cleared="0"  />
</gc-op>
<gc-op id="73" type="classunload" timems="0.004" contextid="46" timestamp="2019-06-17T07:20:11.001">
  <classunload-info classloadercandidates="8" classloadersunloaded="0" classesunloaded="0" anonymousclassesunloaded="0" quiescems="0.000" setupms="0.004" scanms="0.000" postms="0.000" />
</gc-op>
<gc-end id="74" type="global mark phase" contextid="46" durationms="2.044" usertimems="0.000" systemtimems="0.000" timestamp="2019-06-17T07:20:11.002" activeThreads="1">
  <mem-info id="75" free="3145728" total="13631488" percent="23">
    <pending-finalizers system="0" default="0" reference="2" classloader="0" />
    <remembered-set count="1888" freebytes="536576" totalbytes="544128" percent="98" regionsoverflowed="0" regionsstable="0" regionsrebuilding="0"/>
  </mem-info>
</gc-end>
<cycle-end id="76" type="global mark phase" contextid="46" timestamp="2019-06-17T07:20:11.002" />
  <attribute name="elasticGC enabled" value="1" />
  <attribute name= "numThreadsSpecified" value="1" />
  <attribute name="heapSize specified" value="0" />
  <attribute name="Current GC Util" value="91" />
  <attribute name= "Current Time Running" value="1050" />
  <attribute name ="GC Interval" value="0" />
  <attribute name="ProportionalT" value="106.500000" />
  <attribute name="ProportionalI" value="106.500000" />
  <attribute name="ProportionalH" value="106.500000" />
  <attribute name="Current Error" value="71.000000" />
  <attribute name="IntegralT" value="0.000000" />
  <attribute name="IntegralI" value="0.000000" />
  <attribute name="IntegralH" value="0.000000" />
  <attribute name="DerivativeT" value="inf" />
  <attribute name="DerivativeI" value="inf" />
  <attribute name="DerivativeH" value="inf" />
  <attribute name="Loop Time for DT" value="0.000000" />
  <attribute name="Output H" value="8388608"/>
  <attribute name="Output I" value="200"/>
  <attribute name="Output T" value="1"/>
  <attribute name="Target GC Util Change" value ="20.000000" />
  <attribute name="Current GC Util Change" value="91.000000"/>
  <attribute name="GC Util currently" value="91" />
  <attribute name="CPU Util currently" value="5768465182925" />
<exclusive-end id="77" timestamp="2019-06-17T07:20:11.002" durationms="2.628" />

<exclusive-start id="78" timestamp="2019-06-17T07:20:11.029" intervalms="29.186">
  <response-info timems="0.039" idlems="0.022" threads="1" lastid="0000000001AA7D00" lastname="Thread-9" />
</exclusive-start>
<allocation-taxation id="79" taxation-threshold="3145728" timestamp="2019-06-17T07:20:11.029" intervalms="29.175" />
<cycle-start id="80" type="partial gc" contextid="0" timestamp="2019-06-17T07:20:11.029" intervalms="65.172" />
<gc-start id="81" type="partial gc" contextid="80" timestamp="2019-06-17T07:20:11.029">
  <mem-info id="82" free="0" total="13631488" percent="0">
    <mem type="eden" free="0" total="6291456" percent="0" />
    <arraylet-primitive objects="2" leaves="2" largest="1" />
    <remembered-set count="1888" freebytes="536576" totalbytes="544128" percent="98" regionsoverflowed="0" regionsstable="0" regionsrebuilding="0"/>
  </mem-info>
</gc-start>
<allocation-stats totalBytes="6283696" >
  <allocated-bytes non-tlh="536120" tlh="5747576" arrayletleaf="0"/>
  <largest-consumer threadName="Thread-7" threadId="0000000001AAB900" bytes="1326824" />
</allocation-stats>
<gc-op id="83" type="sweep" timems="0.466" contextid="80" timestamp="2019-06-17T07:20:11.030" />
<gc-op id="84" type="mark" timems="1.438" contextid="80" timestamp="2019-06-17T07:20:11.032">
  <trace-info objectcount="25949" scancount="25704" scanbytes="1286392" />
  <cardclean-info objects="286" bytes="10728" />
  <remembered-set-cleared processed="1258" cleared="54" durationms="0.063" />
  <stringconstants candidates="4596" cleared="0"  />
  <warning details="Mark invoked due to insufficient free space for Copy-Forward" />
</gc-op>
<gc-op id="85" type="classunload" timems="0.002" contextid="80" timestamp="2019-06-17T07:20:11.032">
  <classunload-info classloadercandidates="8" classloadersunloaded="0" classesunloaded="0" anonymousclassesunloaded="0" quiescems="0.000" setupms="0.002" scanms="0.000" postms="0.000" />
</gc-op>
<gc-op id="86" type="sweep" timems="0.343" contextid="80" timestamp="2019-06-17T07:20:11.032" />
<gc-op id="87" type="compact" timems="2.577" contextid="80" timestamp="2019-06-17T07:20:11.035">
  <compact-info movecount="23476" movebytes="1795032" />
  <remembered-set-cleared processed="2646" cleared="220" durationms="0.063" />
</gc-op>
<heap-resize id="88" type="expand" space="default" amount="2097152" count="1" timems="0.066" reason="insufficient free space following gc" timestamp="2019-06-17T07:20:11.035" />
<gc-end id="89" type="partial gc" contextid="80" durationms="6.537" usertimems="8.000" systemtimems="0.000" timestamp="2019-06-17T07:20:11.036" activeThreads="4">
  <mem-info id="90" free="6291456" total="15728640" percent="40">
    <mem type="eden" free="699336" total="2097152" percent="33" />
    <arraylet-primitive objects="2" leaves="2" largest="1" />
    <remembered-set count="3552" freebytes="613632" totalbytes="627840" percent="97" regionsoverflowed="0" regionsstable="0" regionsrebuilding="0"/>
  </mem-info>
</gc-end>
<cycle-end id="91" type="partial gc" contextid="80" timestamp="2019-06-17T07:20:11.036" />
  <attribute name="elasticGC enabled" value="1" />
  <attribute name= "numThreadsSpecified" value="4" />
  <attribute name="heapSize specified" value="0" />
  <attribute name="Current GC Util" value="26" />
  <attribute name= "Current Time Running" value="1082" />
  <attribute name ="GC Interval" value="0" />
  <attribute name="ProportionalT" value="9.000000" />
  <attribute name="ProportionalI" value="9.000000" />
  <attribute name="ProportionalH" value="9.000000" />
  <attribute name="Current Error" value="6.000000" />
  <attribute name="IntegralT" value="6.000000" />
  <attribute name="IntegralI" value="6.000000" />
  <attribute name="IntegralH" value="6.000000" />
  <attribute name="DerivativeT" value="-139.500000" />
  <attribute name="DerivativeI" value="-139.500000" />
  <attribute name="DerivativeH" value="-139.500000" />
  <attribute name="Loop Time for DT" value="1.000000" />
  <attribute name="Output H" value="2091843584"/>
  <attribute name="Output I" value="200"/>
  <attribute name="Output T" value="4"/>
  <attribute name="Target GC Util Change" value ="20.000000" />
  <attribute name="Current GC Util Change" value="26.000000"/>
  <attribute name="GC Util currently" value="26" />
  <attribute name="CPU Util currently" value="7773412877508" />
<exclusive-end id="92" timestamp="2019-06-17T07:20:11.036" durationms="7.412" />

<exclusive-start id="93" timestamp="2019-06-17T07:20:11.059" intervalms="30.721">
  <response-info timems="0.033" idlems="0.033" threads="0" lastid="0000000001AB3100" lastname="Thread-8" />
</exclusive-start>
<allocation-taxation id="94" taxation-threshold="6291456" timestamp="2019-06-17T07:20:11.059" intervalms="30.780" />
<cycle-start id="95" type="partial gc" contextid="0" timestamp="2019-06-17T07:20:11.060" intervalms="30.802" />
<gc-start id="96" type="partial gc" contextid="95" timestamp="2019-06-17T07:20:11.060">
  <mem-info id="97" free="0" total="15728640" percent="0">
    <mem type="eden" free="0" total="7340032" percent="0" />
    <arraylet-primitive objects="2" leaves="2" largest="1" />
    <remembered-set count="3232" freebytes="614912" totalbytes="627840" percent="97" regionsoverflowed="0" regionsstable="0" regionsrebuilding="0"/>
  </mem-info>
</gc-start>
<allocation-stats totalBytes="6290368" >
  <allocated-bytes non-tlh="0" tlh="6290368" arrayletleaf="0"/>
  <largest-consumer threadName="Thread-7" threadId="0000000001AAB900" bytes="2698848" />
</allocation-stats>
<gc-op id="98" type="mark" timems="1.632" contextid="95" timestamp="2019-06-17T07:20:11.062">
  <trace-info objectcount="24525" scancount="24439" scanbytes="1141208" />
  <cardclean-info objects="35" bytes="2108" />
  <remembered-set-cleared processed="1392" cleared="145" durationms="0.073" />
  <stringconstants candidates="4596" cleared="0"  />
  <warning details="Mark invoked due to insufficient free space for Copy-Forward" />
</gc-op>
<gc-op id="99" type="classunload" timems="0.003" contextid="95" timestamp="2019-06-17T07:20:11.062">
  <classunload-info classloadercandidates="8" classloadersunloaded="0" classesunloaded="0" anonymousclassesunloaded="0" quiescems="0.000" setupms="0.002" scanms="0.000" postms="0.000" />
</gc-op>
<gc-op id="100" type="sweep" timems="0.380" contextid="95" timestamp="2019-06-17T07:20:11.063" />
<gc-op id="101" type="compact" timems="2.445" contextid="95" timestamp="2019-06-17T07:20:11.065">
  <compact-info movecount="17241" movebytes="1124872" />
  <remembered-set-cleared processed="2878" cleared="423" durationms="0.073" />
</gc-op>
<heap-resize id="102" type="expand" space="default" amount="1048576" count="1" timems="0.055" reason="insufficient free space following gc" timestamp="2019-06-17T07:20:11.066" />
<gc-end id="103" type="partial gc" contextid="95" durationms="5.979" usertimems="8.000" systemtimems="0.000" timestamp="2019-06-17T07:20:11.066" activeThreads="4">
  <mem-info id="104" free="6291456" total="16777216" percent="37">
    <mem type="eden" free="1678656" total="2097152" percent="80" />
    <arraylet-primitive objects="2" leaves="2" largest="1" />
    <remembered-set count="3520" freebytes="655616" totalbytes="669696" percent="97" regionsoverflowed="0" regionsstable="0" regionsrebuilding="0"/>
  </mem-info>
</gc-end>
<cycle-end id="105" type="partial gc" contextid="95" timestamp="2019-06-17T07:20:11.066" />
  <attribute name="elasticGC enabled" value="1" />
  <attribute name= "numThreadsSpecified" value="4" />
  <attribute name="heapSize specified" value="0" />
  <attribute name="Current GC Util" value="22" />
  <attribute name= "Current Time Running" value="1112" />
  <attribute name ="GC Interval" value="0" />
  <attribute name="ProportionalT" value="3.000000" />
  <attribute name="ProportionalI" value="3.000000" />
  <attribute name="ProportionalH" value="3.000000" />
  <attribute name="Current Error" value="2.000000" />
  <attribute name="IntegralT" value="0.000000" />
  <attribute name="IntegralI" value="0.000000" />
  <attribute name="IntegralH" value="0.000000" />
  <attribute name="DerivativeT" value="-inf" />
  <attribute name="DerivativeI" value="-inf" />
  <attribute name="DerivativeH" value="-inf" />
  <attribute name="Loop Time for DT" value="0.000000" />
  <attribute name="Output H" value="2091843584"/>
  <attribute name="Output I" value="200"/>
  <attribute name="Output T" value="4"/>
  <attribute name="Target GC Util Change" value ="20.000000" />
  <attribute name="Current GC Util Change" value="22.000000"/>
  <attribute name="GC Util currently" value="22" />
  <attribute name="CPU Util currently" value="7341485107741" />
<exclusive-end id="106" timestamp="2019-06-17T07:20:11.066" durationms="6.981" />

<exclusive-start id="107" timestamp="2019-06-17T07:20:11.086" intervalms="26.834">
  <response-info timems="0.045" idlems="0.025" threads="1" lastid="0000000001AAF500" lastname="Thread-10" />
</exclusive-start>
<allocation-taxation id="108" taxation-threshold="6291456" timestamp="2019-06-17T07:20:11.086" intervalms="26.843" />
<cycle-start id="109" type="partial gc" contextid="0" timestamp="2019-06-17T07:20:11.086" intervalms="26.856" />
<gc-start id="110" type="partial gc" contextid="109" timestamp="2019-06-17T07:20:11.087">
  <mem-info id="111" free="0" total="16777216" percent="0">
    <mem type="eden" free="0" total="6291456" percent="0" />
    <arraylet-primitive objects="2" leaves="2" largest="1" />
    <remembered-set count="3520" freebytes="655616" totalbytes="669696" percent="97" regionsoverflowed="0" regionsstable="0" regionsrebuilding="0"/>
  </mem-info>
</gc-start>
<allocation-stats totalBytes="6290488" >
  <allocated-bytes non-tlh="0" tlh="6290488" arrayletleaf="0"/>
  <largest-consumer threadName="Thread-7" threadId="0000000001AAB900" bytes="2686592" />
</allocation-stats>
<gc-op id="112" type="mark" timems="1.184" contextid="109" timestamp="2019-06-17T07:20:11.088">
  <trace-info objectcount="5665" scancount="5665" scanbytes="137320" />
  <cardclean-info objects="7382" bytes="355584" />
  <remembered-set-cleared processed="1656" cleared="240" durationms="0.075" />
  <stringconstants candidates="4596" cleared="0"  />
  <warning details="Mark invoked due to insufficient free space for Copy-Forward" />
</gc-op>
<gc-op id="113" type="classunload" timems="0.003" contextid="109" timestamp="2019-06-17T07:20:11.088">
  <classunload-info classloadercandidates="8" classloadersunloaded="0" classesunloaded="0" anonymousclassesunloaded="0" quiescems="0.000" setupms="0.003" scanms="0.000" postms="0.000" />
</gc-op>
<gc-op id="114" type="sweep" timems="0.336" contextid="109" timestamp="2019-06-17T07:20:11.089" />
<gc-op id="115" type="compact" timems="1.328" contextid="109" timestamp="2019-06-17T07:20:11.091">
  <compact-info movecount="3801" movebytes="92584" />
  <remembered-set-cleared processed="3396" cleared="560" durationms="0.075" />
</gc-op>
<heap-resize id="116" type="expand" space="default" amount="2097152" count="1" timems="0.063" reason="insufficient free space following gc" timestamp="2019-06-17T07:20:11.091" />
<gc-end id="117" type="partial gc" contextid="109" durationms="4.367" usertimems="4.000" systemtimems="0.000" timestamp="2019-06-17T07:20:11.091" activeThreads="4">
  <mem-info id="118" free="7340032" total="18874368" percent="38">
    <mem type="eden" free="980448" total="1048576" percent="93" />
    <arraylet-primitive objects="2" leaves="2" largest="1" />
    <remembered-set count="4896" freebytes="733824" totalbytes="753408" percent="97" regionsoverflowed="0" regionsstable="0" regionsrebuilding="0"/>
  </mem-info>
</gc-end>
<cycle-end id="119" type="partial gc" contextid="109" timestamp="2019-06-17T07:20:11.091" />
  <attribute name="elasticGC enabled" value="1" />
  <attribute name= "numThreadsSpecified" value="4" />
  <attribute name="heapSize specified" value="0" />
  <attribute name="Current GC Util" value="25" />
  <attribute name= "Current Time Running" value="1139" />
  <attribute name ="GC Interval" value="0" />
  <attribute name="ProportionalT" value="7.500000" />
  <attribute name="ProportionalI" value="7.500000" />
  <attribute name="ProportionalH" value="7.500000" />
  <attribute name="Current Error" value="5.000000" />
  <attribute name="IntegralT" value="5.000000" />
  <attribute name="IntegralI" value="5.000000" />
  <attribute name="IntegralH" value="5.000000" />
  <attribute name="DerivativeT" value="-112.500000" />
  <attribute name="DerivativeI" value="-112.500000" />
  <attribute name="DerivativeH" value="-112.500000" />
  <attribute name="Loop Time for DT" value="1.000000" />
  <attribute name="Output H" value="2091843584"/>
  <attribute name="Output I" value="200"/>
  <attribute name="Output T" value="4"/>
  <attribute name="Target GC Util Change" value ="20.000000" />
  <attribute name="Current GC Util Change" value="25.000000"/>
  <attribute name="GC Util currently" value="25" />
  <attribute name="CPU Util currently" value="8376765819631" />
<exclusive-end id="120" timestamp="2019-06-17T07:20:11.092" durationms="5.402" />

<exclusive-start id="121" timestamp="2019-06-17T07:20:11.106" intervalms="19.778">
  <response-info timems="0.210" idlems="0.189" threads="1" lastid="0000000001AA7D00" lastname="Thread-9" />
</exclusive-start>
<allocation-taxation id="122" taxation-threshold="7340032" timestamp="2019-06-17T07:20:11.106" intervalms="19.814" />
<cycle-start id="123" type="partial gc" contextid="0" timestamp="2019-06-17T07:20:11.106" intervalms="19.807" />
<gc-start id="124" type="partial gc" contextid="123" timestamp="2019-06-17T07:20:11.107">
  <mem-info id="125" free="0" total="18874368" percent="0">
    <mem type="eden" free="0" total="7340032" percent="0" />
    <arraylet-primitive objects="2" leaves="2" largest="1" />
    <remembered-set count="4480" freebytes="735488" totalbytes="753408" percent="97" regionsoverflowed="0" regionsstable="0" regionsrebuilding="0"/>
  </mem-info>
</gc-start>
<allocation-stats totalBytes="7338872" >
  <allocated-bytes non-tlh="0" tlh="7338872" arrayletleaf="0"/>
  <largest-consumer threadName="Thread-7" threadId="0000000001AAB900" bytes="2588344" />
</allocation-stats>
<gc-op id="126" type="mark" timems="1.078" contextid="123" timestamp="2019-06-17T07:20:11.108">
  <trace-info objectcount="5219" scancount="5219" scanbytes="126192" />
  <cardclean-info objects="7508" bytes="361608" />
  <remembered-set-cleared processed="2250" cleared="391" durationms="0.073" />
  <stringconstants candidates="4596" cleared="0"  />
  <warning details="Mark invoked due to insufficient free space for Copy-Forward" />
</gc-op>
<gc-op id="127" type="classunload" timems="0.002" contextid="123" timestamp="2019-06-17T07:20:11.108">
  <classunload-info classloadercandidates="8" classloadersunloaded="0" classesunloaded="0" anonymousclassesunloaded="0" quiescems="0.000" setupms="0.002" scanms="0.000" postms="0.000" />
</gc-op>
<gc-op id="128" type="sweep" timems="0.384" contextid="123" timestamp="2019-06-17T07:20:11.109" />
<gc-op id="129" type="compact" timems="1.361" contextid="123" timestamp="2019-06-17T07:20:11.110">
  <compact-info movecount="5219" movebytes="126192" />
  <remembered-set-cleared processed="4573" cleared="852" durationms="0.073" />
</gc-op>
<heap-resize id="130" type="expand" space="default" amount="1048576" count="1" timems="0.055" reason="insufficient free space following gc" timestamp="2019-06-17T07:20:11.111" />
<gc-end id="131" type="partial gc" contextid="123" durationms="4.425" usertimems="8.000" systemtimems="0.000" timestamp="2019-06-17T07:20:11.111" activeThreads="4">
  <mem-info id="132" free="7340032" total="19922944" percent="36">
    <mem type="eden" free="982816" total="1048576" percent="93" />
    <arraylet-primitive objects="2" leaves="2" largest="1" />
    <remembered-set count="4960" freebytes="775424" totalbytes="795264" percent="97" regionsoverflowed="0" regionsstable="0" regionsrebuilding="0"/>
  </mem-info>
</gc-end>
<cycle-end id="133" type="partial gc" contextid="123" timestamp="2019-06-17T07:20:11.111" />
  <attribute name="elasticGC enabled" value="1" />
  <attribute name= "numThreadsSpecified" value="4" />
  <attribute name="heapSize specified" value="0" />
  <attribute name="Current GC Util" value="26" />
  <attribute name= "Current Time Running" value="1159" />
  <attribute name ="GC Interval" value="0" />
  <attribute name="ProportionalT" value="9.000000" />
  <attribute name="ProportionalI" value="9.000000" />
  <attribute name="ProportionalH" value="9.000000" />
  <attribute name="Current Error" value="6.000000" />
  <attribute name="IntegralT" value="6.000000" />
  <attribute name="IntegralI" value="6.000000" />
  <attribute name="IntegralH" value="6.000000" />
  <attribute name="DerivativeT" value="-123.000000" />
  <attribute name="DerivativeI" value="-123.000000" />
  <attribute name="DerivativeH" value="-123.000000" />
  <attribute name="Loop Time for DT" value="1.000000" />
  <attribute name="Output H" value="2091843584"/>
  <attribute name="Output I" value="200"/>
  <attribute name="Output T" value="4"/>
  <attribute name="Target GC Util Change" value ="20.000000" />
  <attribute name="Current GC Util Change" value="26.000000"/>
  <attribute name="GC Util currently" value="26" />
  <attribute name="CPU Util currently" value="7155736332401" />
<exclusive-end id="134" timestamp="2019-06-17T07:20:11.111" durationms="5.479" />

<exclusive-start id="135" timestamp="2019-06-17T07:20:11.122" intervalms="16.487">
  <response-info timems="0.362" idlems="0.362" threads="0" lastid="0000000001AA7D00" lastname="Thread-9" />
</exclusive-start>
<allocation-taxation id="136" taxation-threshold="7340032" timestamp="2019-06-17T07:20:11.123" intervalms="16.435" />
<cycle-start id="137" type="partial gc" contextid="0" timestamp="2019-06-17T07:20:11.123" intervalms="16.381" />
<gc-start id="138" type="partial gc" contextid="137" timestamp="2019-06-17T07:20:11.123">
  <mem-info id="139" free="0" total="19922944" percent="0">
    <mem type="eden" free="0" total="7340032" percent="0" />
    <arraylet-primitive objects="2" leaves="2" largest="1" />
    <remembered-set count="4480" freebytes="777344" totalbytes="795264" percent="97" regionsoverflowed="0" regionsstable="0" regionsrebuilding="0"/>
  </mem-info>
</gc-start>
<allocation-stats totalBytes="7339064" >
  <allocated-bytes non-tlh="0" tlh="7339064" arrayletleaf="0"/>
  <largest-consumer threadName="Thread-8" threadId="0000000001AB3100" bytes="2432672" />
</allocation-stats>
<gc-op id="140" type="mark" timems="1.006" contextid="137" timestamp="2019-06-17T07:20:11.124">
  <trace-info objectcount="4793" scancount="4793" scanbytes="116344" />
  <cardclean-info objects="6988" bytes="336704" />
  <remembered-set-cleared processed="2826" cleared="524" durationms="0.093" />
  <stringconstants candidates="4596" cleared="0"  />
  <warning details="Mark invoked due to insufficient free space for Copy-Forward" />
</gc-op>
<gc-op id="141" type="classunload" timems="0.002" contextid="137" timestamp="2019-06-17T07:20:11.124">
  <classunload-info classloadercandidates="8" classloadersunloaded="0" classesunloaded="0" anonymousclassesunloaded="0" quiescems="0.000" setupms="0.002" scanms="0.000" postms="0.000" />
</gc-op>
<gc-op id="142" type="sweep" timems="0.336" contextid="137" timestamp="2019-06-17T07:20:11.125" />
<gc-op id="143" type="compact" timems="1.449" contextid="137" timestamp="2019-06-17T07:20:11.127">
  <compact-info movecount="4764" movebytes="115648" />
  <remembered-set-cleared processed="5724" cleared="1114" durationms="0.093" />
</gc-op>
<heap-resize id="144" type="expand" space="default" amount="2097152" count="1" timems="0.061" reason="insufficient free space following gc" timestamp="2019-06-17T07:20:11.127" />
<gc-end id="145" type="partial gc" contextid="137" durationms="4.189" usertimems="0.000" systemtimems="4.000" timestamp="2019-06-17T07:20:11.127" activeThreads="4">
  <mem-info id="146" free="8388608" total="22020096" percent="38">
    <mem type="eden" free="993024" total="1048576" percent="94" />
    <arraylet-primitive objects="2" leaves="2" largest="1" />
    <remembered-set count="4960" freebytes="859136" totalbytes="878976" percent="97" regionsoverflowed="0" regionsstable="0" regionsrebuilding="0"/>
  </mem-info>
</gc-end>
<cycle-end id="147" type="partial gc" contextid="137" timestamp="2019-06-17T07:20:11.127" />
  <attribute name="elasticGC enabled" value="1" />
  <attribute name= "numThreadsSpecified" value="4" />
  <attribute name="heapSize specified" value="0" />
  <attribute name="Current GC Util" value="29" />
  <attribute name= "Current Time Running" value="1175" />
  <attribute name ="GC Interval" value="0" />
  <attribute name="ProportionalT" value="13.500000" />
  <attribute name="ProportionalI" value="13.500000" />
  <attribute name="ProportionalH" value="13.500000" />
  <attribute name="Current Error" value="9.000000" />
  <attribute name="IntegralT" value="9.000000" />
  <attribute name="IntegralI" value="9.000000" />
  <attribute name="IntegralH" value="9.000000" />
  <attribute name="DerivativeT" value="13.500000" />
  <attribute name="DerivativeI" value="13.500000" />
  <attribute name="DerivativeH" value="13.500000" />
  <attribute name="Loop Time for DT" value="1.000000" />
  <attribute name="Output H" value="8388608"/>
  <attribute name="Output I" value="200"/>
  <attribute name="Output T" value="4"/>
  <attribute name="Target GC Util Change" value ="20.000000" />
  <attribute name="Current GC Util Change" value="29.000000"/>
  <attribute name="GC Util currently" value="29" />
  <attribute name="CPU Util currently" value="8621037392903" />
<exclusive-end id="148" timestamp="2019-06-17T07:20:11.127" durationms="5.085" />

<exclusive-start id="149" timestamp="2019-06-17T07:20:11.142" intervalms="19.450">
  <response-info timems="0.042" idlems="0.023" threads="1" lastid="0000000001AA7D00" lastname="Thread-9" />
</exclusive-start>
<allocation-taxation id="150" taxation-threshold="8388608" timestamp="2019-06-17T07:20:11.142" intervalms="19.501" />
<cycle-start id="151" type="partial gc" contextid="0" timestamp="2019-06-17T07:20:11.142" intervalms="19.549" />
<gc-start id="152" type="partial gc" contextid="151" timestamp="2019-06-17T07:20:11.142">
  <mem-info id="153" free="0" total="22020096" percent="0">
    <mem type="eden" free="0" total="8388608" percent="0" />
    <arraylet-primitive objects="2" leaves="2" largest="1" />
    <remembered-set count="4960" freebytes="859136" totalbytes="878976" percent="97" regionsoverflowed="0" regionsstable="0" regionsrebuilding="0"/>
  </mem-info>
</gc-start>
<allocation-stats totalBytes="8387512" >
  <allocated-bytes non-tlh="256" tlh="8387256" arrayletleaf="0"/>
  <largest-consumer threadName="Thread-8" threadId="0000000001AB3100" bytes="3907120" />
</allocation-stats>
<gc-op id="154" type="mark" timems="1.172" contextid="151" timestamp="2019-06-17T07:20:11.144">
  <trace-info objectcount="5307" scancount="5293" scanbytes="128824" />
  <cardclean-info objects="6728" bytes="327268" />
  <remembered-set-cleared processed="3420" cleared="565" durationms="0.096" />
  <stringconstants candidates="4597" cleared="0"  />
  <warning details="Mark invoked due to insufficient free space for Copy-Forward" />
</gc-op>
<gc-op id="155" type="classunload" timems="0.002" contextid="151" timestamp="2019-06-17T07:20:11.144">
  <classunload-info classloadercandidates="8" classloadersunloaded="0" classesunloaded="0" anonymousclassesunloaded="0" quiescems="0.000" setupms="0.002" scanms="0.000" postms="0.000" />
</gc-op>
<gc-op id="156" type="sweep" timems="0.376" contextid="151" timestamp="2019-06-17T07:20:11.145" />
<gc-op id="157" type="compact" timems="1.538" contextid="151" timestamp="2019-06-17T07:20:11.147">
  <compact-info movecount="5287" movebytes="140864" />
  <remembered-set-cleared processed="6890" cleared="1169" durationms="0.096" />
</gc-op>
<heap-resize id="158" type="expand" space="default" amount="1048576" count="1" timems="0.055" reason="insufficient free space following gc" timestamp="2019-06-17T07:20:11.147" />
<gc-end id="159" type="partial gc" contextid="151" durationms="4.594" usertimems="0.000" systemtimems="4.000" timestamp="2019-06-17T07:20:11.147" activeThreads="4">
  <mem-info id="160" free="8388608" total="23068672" percent="36">
    <mem type="eden" free="955400" total="1048576" percent="91" />
    <arraylet-primitive objects="2" leaves="2" largest="1" />
    <remembered-set count="6432" freebytes="895104" totalbytes="920832" percent="97" regionsoverflowed="0" regionsstable="0" regionsrebuilding="0"/>
  </mem-info>
</gc-end>
<cycle-end id="161" type="partial gc" contextid="151" timestamp="2019-06-17T07:20:11.147" />
  <attribute name="elasticGC enabled" value="1" />
  <attribute name= "numThreadsSpecified" value="4" />
  <attribute name="heapSize specified" value="0" />
  <attribute name="Current GC Util" value="27" />
  <attribute name= "Current Time Running" value="1195" />
  <attribute name ="GC Interval" value="0" />
  <attribute name="ProportionalT" value="10.500000" />
  <attribute name="ProportionalI" value="10.500000" />
  <attribute name="ProportionalH" value="10.500000" />
  <attribute name="Current Error" value="7.000000" />
  <attribute name="IntegralT" value="7.000000" />
  <attribute name="IntegralI" value="7.000000" />
  <attribute name="IntegralH" value="7.000000" />
  <attribute name="DerivativeT" value="10.500000" />
  <attribute name="DerivativeI" value="10.500000" />
  <attribute name="DerivativeH" value="10.500000" />
  <attribute name="Loop Time for DT" value="1.000000" />
  <attribute name="Output H" value="8388608"/>
  <attribute name="Output I" value="200"/>
  <attribute name="Output T" value="4"/>
  <attribute name="Target GC Util Change" value ="20.000000" />
  <attribute name="Current GC Util Change" value="27.000000"/>
  <attribute name="GC Util currently" value="27" />
  <attribute name="CPU Util currently" value="7804313677293" />
<exclusive-end id="162" timestamp="2019-06-17T07:20:11.147" durationms="5.679" />

<exclusive-start id="163" timestamp="2019-06-17T07:20:11.159" intervalms="17.287">
  <response-info timems="0.036" idlems="0.036" threads="0" lastid="0000000001AAB900" lastname="Thread-7" />
</exclusive-start>
<allocation-taxation id="164" taxation-threshold="8388608" timestamp="2019-06-17T07:20:11.159" intervalms="17.304" />
<cycle-start id="165" type="partial gc" contextid="0" timestamp="2019-06-17T07:20:11.160" intervalms="17.353" />
<gc-start id="166" type="partial gc" contextid="165" timestamp="2019-06-17T07:20:11.160">
  <mem-info id="167" free="0" total="23068672" percent="0">
    <mem type="eden" free="0" total="8388608" percent="0" />
    <arraylet-primitive objects="2" leaves="2" largest="1" />
    <remembered-set count="5984" freebytes="896896" totalbytes="920832" percent="97" regionsoverflowed="0" regionsstable="0" regionsrebuilding="0"/>
  </mem-info>
</gc-start>
<allocation-stats totalBytes="8387232" >
  <allocated-bytes non-tlh="0" tlh="8387232" arrayletleaf="0"/>
  <largest-consumer threadName="Thread-8" threadId="0000000001AB3100" bytes="3591624" />
</allocation-stats>
<gc-op id="168" type="mark" timems="1.373" contextid="165" timestamp="2019-06-17T07:20:11.162">
  <trace-info objectcount="10170" scancount="10148" scanbytes="383084" />
  <cardclean-info objects="5831" bytes="289520" />
  <remembered-set-cleared processed="3882" cleared="562" durationms="0.111" />
  <stringconstants candidates="4597" cleared="0"  />
  <warning details="Mark invoked due to insufficient free space for Copy-Forward" />
</gc-op>
<gc-op id="169" type="classunload" timems="0.002" contextid="165" timestamp="2019-06-17T07:20:11.162">
  <classunload-info classloadercandidates="8" classloadersunloaded="0" classesunloaded="0" anonymousclassesunloaded="0" quiescems="0.000" setupms="0.002" scanms="0.000" postms="0.000" />
</gc-op>
<gc-op id="170" type="sweep" timems="0.525" contextid="165" timestamp="2019-06-17T07:20:11.163" />
<gc-op id="171" type="compact" timems="1.896" contextid="165" timestamp="2019-06-17T07:20:11.165">
  <compact-info movecount="10069" movebytes="401440" />
  <remembered-set-cleared processed="7835" cleared="1190" durationms="0.111" />
</gc-op>
<heap-resize id="172" type="expand" space="default" amount="1048576" count="1" timems="0.056" reason="insufficient free space following gc" timestamp="2019-06-17T07:20:11.165" />
<gc-end id="173" type="partial gc" contextid="165" durationms="5.587" usertimems="4.000" systemtimems="0.000" timestamp="2019-06-17T07:20:11.165" activeThreads="4">
  <mem-info id="174" free="8388608" total="24117248" percent="34">
    <mem type="eden" free="732104" total="1048576" percent="69" />
    <arraylet-primitive objects="2" leaves="2" largest="1" />
    <remembered-set count="6464" freebytes="936832" totalbytes="962688" percent="97" regionsoverflowed="0" regionsstable="0" regionsrebuilding="0"/>
  </mem-info>
</gc-end>
<cycle-end id="175" type="partial gc" contextid="165" timestamp="2019-06-17T07:20:11.166" />
  <attribute name="elasticGC enabled" value="1" />
  <attribute name= "numThreadsSpecified" value="4" />
  <attribute name="heapSize specified" value="0" />
  <attribute name="Current GC Util" value="22" />
  <attribute name= "Current Time Running" value="1213" />
  <attribute name ="GC Interval" value="0" />
  <attribute name="ProportionalT" value="3.000000" />
  <attribute name="ProportionalI" value="3.000000" />
  <attribute name="ProportionalH" value="3.000000" />
  <attribute name="Current Error" value="2.000000" />
  <attribute name="IntegralT" value="2.000000" />
  <attribute name="IntegralI" value="2.000000" />
  <attribute name="IntegralH" value="2.000000" />
  <attribute name="DerivativeT" value="3.000000" />
  <attribute name="DerivativeI" value="3.000000" />
  <attribute name="DerivativeH" value="3.000000" />
  <attribute name="Loop Time for DT" value="1.000000" />
  <attribute name="Output H" value="8388608"/>
  <attribute name="Output I" value="200"/>
  <attribute name="Output T" value="4"/>
  <attribute name="Target GC Util Change" value ="20.000000" />
  <attribute name="Current GC Util Change" value="22.000000"/>
  <attribute name="GC Util currently" value="22" />
  <attribute name="CPU Util currently" value="5692638340393" />
<exclusive-end id="176" timestamp="2019-06-17T07:20:11.166" durationms="6.793" />

<exclusive-start id="177" timestamp="2019-06-17T07:20:11.176" intervalms="16.618">
  <response-info timems="0.218" idlems="0.135" threads="1" lastid="0000000001AA7D00" lastname="Thread-9" />
</exclusive-start>
<allocation-taxation id="178" taxation-threshold="8388608" timestamp="2019-06-17T07:20:11.176" intervalms="16.552" />
<cycle-start id="179" type="partial gc" contextid="0" timestamp="2019-06-17T07:20:11.176" intervalms="16.540" />
<gc-start id="180" type="partial gc" contextid="179" timestamp="2019-06-17T07:20:11.176">
  <mem-info id="181" free="0" total="24117248" percent="0">
    <mem type="eden" free="0" total="8388608" percent="0" />
    <arraylet-primitive objects="2" leaves="2" largest="1" />
    <remembered-set count="5984" freebytes="938752" totalbytes="962688" percent="97" regionsoverflowed="0" regionsstable="0" regionsrebuilding="0"/>
  </mem-info>
</gc-start>
<allocation-stats totalBytes="8387448" >
  <allocated-bytes non-tlh="0" tlh="8387448" arrayletleaf="0"/>
  <largest-consumer threadName="Thread-8" threadId="0000000001AB3100" bytes="3149424" />
</allocation-stats>
<gc-op id="182" type="mark" timems="1.308" contextid="179" timestamp="2019-06-17T07:20:11.178">
  <trace-info objectcount="14514" scancount="14506" scanbytes="624368" />
  <cardclean-info objects="4139" bytes="204104" />
  <remembered-set-cleared processed="4384" cleared="472" durationms="0.124" />
  <stringconstants candidates="4597" cleared="0"  />
  <warning details="Mark invoked due to insufficient free space for Copy-Forward" />
</gc-op>
<gc-op id="183" type="classunload" timems="0.003" contextid="179" timestamp="2019-06-17T07:20:11.178">
  <classunload-info classloadercandidates="8" classloadersunloaded="0" classesunloaded="0" anonymousclassesunloaded="0" quiescems="0.000" setupms="0.002" scanms="0.000" postms="0.000" />
</gc-op>
<gc-op id="184" type="sweep" timems="0.518" contextid="179" timestamp="2019-06-17T07:20:11.179" />
<gc-op id="185" type="compact" timems="2.011" contextid="179" timestamp="2019-06-17T07:20:11.181">
  <compact-info movecount="14255" movebytes="626416" />
  <remembered-set-cleared processed="8862" cleared="1033" durationms="0.124" />
</gc-op>
<heap-resize id="186" type="expand" space="default" amount="2097152" count="1" timems="0.069" reason="insufficient free space following gc" timestamp="2019-06-17T07:20:11.182" />
<gc-end id="187" type="partial gc" contextid="179" durationms="5.602" usertimems="8.000" systemtimems="0.000" timestamp="2019-06-17T07:20:11.182" activeThreads="4">
  <mem-info id="188" free="9437184" total="26214400" percent="36">
    <mem type="eden" free="727264" total="1048576" percent="69" />
    <arraylet-primitive objects="2" leaves="2" largest="1" />
    <remembered-set count="6752" freebytes="1019392" totalbytes="1046400" percent="97" regionsoverflowed="0" regionsstable="0" regionsrebuilding="0"/>
  </mem-info>
</gc-end>
<cycle-end id="189" type="partial gc" contextid="179" timestamp="2019-06-17T07:20:11.182" />
  <attribute name="elasticGC enabled" value="1" />
  <attribute name= "numThreadsSpecified" value="4" />
  <attribute name="heapSize specified" value="0" />
  <attribute name="Current GC Util" value="22" />
  <attribute name= "Current Time Running" value="1229" />
  <attribute name ="GC Interval" value="0" />
  <attribute name="ProportionalT" value="3.000000" />
  <attribute name="ProportionalI" value="3.000000" />
  <attribute name="ProportionalH" value="3.000000" />
  <attribute name="Current Error" value="2.000000" />
  <attribute name="IntegralT" value="2.000000" />
  <attribute name="IntegralI" value="2.000000" />
  <attribute name="IntegralH" value="2.000000" />
  <attribute name="DerivativeT" value="3.000000" />
  <attribute name="DerivativeI" value="3.000000" />
  <attribute name="DerivativeH" value="3.000000" />
  <attribute name="Loop Time for DT" value="1.000000" />
  <attribute name="Output H" value="8388608"/>
  <attribute name="Output I" value="200"/>
  <attribute name="Output T" value="4"/>
  <attribute name="Target GC Util Change" value ="20.000000" />
  <attribute name="Current GC Util Change" value="22.000000"/>
  <attribute name="GC Util currently" value="22" />
  <attribute name="CPU Util currently" value="5632531692894" />
<exclusive-end id="190" timestamp="2019-06-17T07:20:11.182" durationms="6.628" />

<exclusive-start id="191" timestamp="2019-06-17T07:20:11.193" intervalms="17.761">
  <response-info timems="0.026" idlems="0.026" threads="0" lastid="0000000001AAB900" lastname="Thread-7" />
</exclusive-start>
<allocation-taxation id="192" taxation-threshold="9437184" timestamp="2019-06-17T07:20:11.194" intervalms="17.730" />
<cycle-start id="193" type="partial gc" contextid="0" timestamp="2019-06-17T07:20:11.194" intervalms="17.668" />
<gc-start id="194" type="partial gc" contextid="193" timestamp="2019-06-17T07:20:11.194">
  <mem-info id="195" free="0" total="26214400" percent="0">
    <mem type="eden" free="0" total="9437184" percent="0" />
    <arraylet-primitive objects="2" leaves="2" largest="1" />
    <remembered-set count="6528" freebytes="1020288" totalbytes="1046400" percent="97" regionsoverflowed="0" regionsstable="0" regionsrebuilding="0"/>
  </mem-info>
</gc-start>
<allocation-stats totalBytes="9435776" >
  <allocated-bytes non-tlh="0" tlh="9435776" arrayletleaf="0"/>
  <largest-consumer threadName="Thread-8" threadId="0000000001AB3100" bytes="3018288" />
</allocation-stats>
<gc-op id="196" type="mark" timems="1.183" contextid="193" timestamp="2019-06-17T07:20:11.196">
  <trace-info objectcount="10655" scancount="10655" scanbytes="394380" />
  <cardclean-info objects="4206" bytes="207280" />
  <remembered-set-cleared processed="4830" cleared="338" durationms="0.113" />
  <stringconstants candidates="4597" cleared="0"  />
  <warning details="Mark invoked due to insufficient free space for Copy-Forward" />
</gc-op>
<gc-op id="197" type="classunload" timems="0.002" contextid="193" timestamp="2019-06-17T07:20:11.196">
  <classunload-info classloadercandidates="8" classloadersunloaded="0" classesunloaded="0" anonymousclassesunloaded="0" quiescems="0.000" setupms="0.002" scanms="0.000" postms="0.000" />
</gc-op>
<gc-op id="198" type="sweep" timems="0.466" contextid="193" timestamp="2019-06-17T07:20:11.196" />
<gc-op id="199" type="compact" timems="1.881" contextid="193" timestamp="2019-06-17T07:20:11.198">
  <compact-info movecount="10361" movebytes="387328" />
  <remembered-set-cleared processed="9757" cleared="767" durationms="0.113" />
</gc-op>
<heap-resize id="200" type="expand" space="default" amount="1048576" count="1" timems="0.064" reason="insufficient free space following gc" timestamp="2019-06-17T07:20:11.199" />
<gc-end id="201" type="partial gc" contextid="193" durationms="5.026" usertimems="8.000" systemtimems="0.000" timestamp="2019-06-17T07:20:11.199" activeThreads="4">
  <mem-info id="202" free="9437184" total="27262976" percent="34">
    <mem type="eden" free="969960" total="1048576" percent="92" />
    <arraylet-primitive objects="2" leaves="2" largest="1" />
    <remembered-set count="7904" freebytes="1056640" totalbytes="1088256" percent="97" regionsoverflowed="0" regionsstable="0" regionsrebuilding="0"/>
  </mem-info>
</gc-end>
<cycle-end id="203" type="partial gc" contextid="193" timestamp="2019-06-17T07:20:11.199" />
  <attribute name="elasticGC enabled" value="1" />
  <attribute name= "numThreadsSpecified" value="4" />
  <attribute name="heapSize specified" value="0" />
  <attribute name="Current GC Util" value="21" />
  <attribute name= "Current Time Running" value="1246" />
  <attribute name ="GC Interval" value="0" />
  <attribute name="ProportionalT" value="1.500000" />
  <attribute name="ProportionalI" value="1.500000" />
  <attribute name="ProportionalH" value="1.500000" />
  <attribute name="Current Error" value="1.000000" />
  <attribute name="IntegralT" value="1.000000" />
  <attribute name="IntegralI" value="1.000000" />
  <attribute name="IntegralH" value="1.000000" />
  <attribute name="DerivativeT" value="1.500000" />
  <attribute name="DerivativeI" value="1.500000" />
  <attribute name="DerivativeH" value="1.500000" />
  <attribute name="Loop Time for DT" value="1.000000" />
  <attribute name="Output H" value="8388608"/>
  <attribute name="Output I" value="200"/>
  <attribute name="Output T" value="4"/>
  <attribute name="Target GC Util Change" value ="20.000000" />
  <attribute name="Current GC Util Change" value="21.000000"/>
  <attribute name="GC Util currently" value="21" />
  <attribute name="CPU Util currently" value="6478260831235" />
<exclusive-end id="204" timestamp="2019-06-17T07:20:11.199" durationms="5.919" />

<exclusive-start id="205" timestamp="2019-06-17T07:20:11.207" intervalms="13.771">
  <response-info timems="0.025" idlems="0.024" threads="1" lastid="0000000001AA7D00" lastname="Thread-9" />
</exclusive-start>
<allocation-taxation id="206" taxation-threshold="9437184" timestamp="2019-06-17T07:20:11.207" intervalms="13.776" />
<cycle-start id="207" type="partial gc" contextid="0" timestamp="2019-06-17T07:20:11.207" intervalms="13.724" />
<gc-start id="208" type="partial gc" contextid="207" timestamp="2019-06-17T07:20:11.208">
  <mem-info id="209" free="0" total="27262976" percent="0">
    <mem type="eden" free="0" total="9437184" percent="0" />
    <arraylet-primitive objects="2" leaves="2" largest="1" />
    <remembered-set count="7424" freebytes="1058560" totalbytes="1088256" percent="97" regionsoverflowed="0" regionsstable="0" regionsrebuilding="0"/>
  </mem-info>
</gc-start>
<allocation-stats totalBytes="9435680" >
  <allocated-bytes non-tlh="0" tlh="9435680" arrayletleaf="0"/>
  <largest-consumer threadName="Thread-7" threadId="0000000001AAB900" bytes="2379440" />
</allocation-stats>
<gc-op id="210" type="mark" timems="1.546" contextid="207" timestamp="2019-06-17T07:20:11.210">
  <trace-info objectcount="6365" scancount="6365" scanbytes="154288" />
  <cardclean-info objects="8342" bytes="400912" />
  <remembered-set-cleared processed="5245" cleared="494" durationms="0.097" />
  <stringconstants candidates="4597" cleared="0"  />
  <warning details="Mark invoked due to insufficient free space for Copy-Forward" />
</gc-op>
<gc-op id="211" type="classunload" timems="0.002" contextid="207" timestamp="2019-06-17T07:20:11.210">
  <classunload-info classloadercandidates="8" classloadersunloaded="0" classesunloaded="0" anonymousclassesunloaded="0" quiescems="0.000" setupms="0.002" scanms="0.000" postms="0.000" />
</gc-op>
<gc-op id="212" type="sweep" timems="0.437" contextid="207" timestamp="2019-06-17T07:20:11.211" />
<gc-op id="213" type="compact" timems="1.645" contextid="207" timestamp="2019-06-17T07:20:11.213">
  <compact-info movecount="6249" movebytes="151504" />
  <remembered-set-cleared processed="10594" cleared="1085" durationms="0.097" />
</gc-op>
<heap-resize id="214" type="expand" space="default" amount="2097152" count="1" timems="0.068" reason="insufficient free space following gc" timestamp="2019-06-17T07:20:11.213" />
<gc-end id="215" type="partial gc" contextid="207" durationms="5.399" usertimems="0.000" systemtimems="4.000" timestamp="2019-06-17T07:20:11.213" activeThreads="4">
  <mem-info id="216" free="10485760" total="29360128" percent="35">
    <mem type="eden" free="965640" total="1048576" percent="92" />
    <arraylet-primitive objects="2" leaves="2" largest="1" />
    <remembered-set count="8704" freebytes="1137152" totalbytes="1171968" percent="97" regionsoverflowed="0" regionsstable="0" regionsrebuilding="0"/>
  </mem-info>
</gc-end>
<cycle-end id="217" type="partial gc" contextid="207" timestamp="2019-06-17T07:20:11.213" />
  <attribute name="elasticGC enabled" value="1" />
  <attribute name= "numThreadsSpecified" value="4" />
  <attribute name="heapSize specified" value="0" />
  <attribute name="Current GC Util" value="17" />
  <attribute name= "Current Time Running" value="1260" />
  <attribute name ="GC Interval" value="0" />
  <attribute name="ProportionalT" value="-4.500000" />
  <attribute name="ProportionalI" value="-4.500000" />
  <attribute name="ProportionalH" value="-4.500000" />
  <attribute name="Current Error" value="-3.000000" />
  <attribute name="IntegralT" value="0.000000" />
  <attribute name="IntegralI" value="0.000000" />
  <attribute name="IntegralH" value="0.000000" />
  <attribute name="DerivativeT" value="-inf" />
  <attribute name="DerivativeI" value="-inf" />
  <attribute name="DerivativeH" value="-inf" />
  <attribute name="Loop Time for DT" value="0.000000" />
  <attribute name="Output H" value="2091843584"/>
  <attribute name="Output I" value="200"/>
  <attribute name="Output T" value="4"/>
  <attribute name="Target GC Util Change" value ="20.000000" />
  <attribute name="Current GC Util Change" value="17.000000"/>
  <attribute name="GC Util currently" value="17" />
  <attribute name="CPU Util currently" value="6381622686500" />
<exclusive-end id="218" timestamp="2019-06-17T07:20:11.214" durationms="6.282" />

<exclusive-start id="219" timestamp="2019-06-17T07:20:11.228" intervalms="20.685">
  <response-info timems="0.032" idlems="0.032" threads="0" lastid="0000000001AA7D00" lastname="Thread-9" />
</exclusive-start>
<allocation-taxation id="220" taxation-threshold="10485760" timestamp="2019-06-17T07:20:11.228" intervalms="20.706" />
<cycle-start id="221" type="partial gc" contextid="0" timestamp="2019-06-17T07:20:11.228" intervalms="20.779" />
<gc-start id="222" type="partial gc" contextid="221" timestamp="2019-06-17T07:20:11.229">
  <mem-info id="223" free="0" total="29360128" percent="0">
    <mem type="eden" free="0" total="10485760" percent="0" />
    <arraylet-primitive objects="2" leaves="2" largest="1" />
    <remembered-set count="8256" freebytes="1138944" totalbytes="1171968" percent="97" regionsoverflowed="0" regionsstable="0" regionsrebuilding="0"/>
  </mem-info>
</gc-start>
<allocation-stats totalBytes="10484376" >
  <allocated-bytes non-tlh="0" tlh="10484376" arrayletleaf="0"/>
  <largest-consumer threadName="Thread-7" threadId="0000000001AAB900" bytes="3841592" />
</allocation-stats>
<gc-op id="224" type="mark" timems="1.590" contextid="221" timestamp="2019-06-17T07:20:11.231">
  <trace-info objectcount="13659" scancount="13659" scanbytes="466092" />
  <cardclean-info objects="9120" bytes="445096" />
  <remembered-set-cleared processed="5902" cleared="657" durationms="0.116" />
  <stringconstants candidates="4597" cleared="0"  />
  <warning details="Mark invoked due to insufficient free space for Copy-Forward" />
</gc-op>
<gc-op id="225" type="classunload" timems="0.002" contextid="221" timestamp="2019-06-17T07:20:11.231">
  <classunload-info classloadercandidates="8" classloadersunloaded="0" classesunloaded="0" anonymousclassesunloaded="0" quiescems="0.000" setupms="0.002" scanms="0.000" postms="0.000" />
</gc-op>
<gc-op id="226" type="sweep" timems="0.376" contextid="221" timestamp="2019-06-17T07:20:11.231" />
<gc-op id="227" type="compact" timems="1.914" contextid="221" timestamp="2019-06-17T07:20:11.233">
  <compact-info movecount="13463" movebytes="461392" />
  <remembered-set-cleared processed="11932" cleared="1438" durationms="0.116" />
</gc-op>
<heap-resize id="228" type="expand" space="default" amount="1048576" count="1" timems="0.056" reason="insufficient free space following gc" timestamp="2019-06-17T07:20:11.234" />
<gc-end id="229" type="partial gc" contextid="221" durationms="5.401" usertimems="0.000" systemtimems="4.000" timestamp="2019-06-17T07:20:11.234" activeThreads="4">
  <mem-info id="230" free="10485760" total="30408704" percent="34">
    <mem type="eden" free="656424" total="1048576" percent="62" />
    <arraylet-primitive objects="2" leaves="2" largest="1" />
    <remembered-set count="8672" freebytes="1179136" totalbytes="1213824" percent="97" regionsoverflowed="0" regionsstable="0" regionsrebuilding="0"/>
  </mem-info>
</gc-end>
<cycle-end id="231" type="partial gc" contextid="221" timestamp="2019-06-17T07:20:11.234" />
  <attribute name="elasticGC enabled" value="1" />
  <attribute name= "numThreadsSpecified" value="4" />
  <attribute name="heapSize specified" value="0" />
  <attribute name="Current GC Util" value="23" />
  <attribute name= "Current Time Running" value="1281" />
  <attribute name ="GC Interval" value="0" />
  <attribute name="ProportionalT" value="4.500000" />
  <attribute name="ProportionalI" value="4.500000" />
  <attribute name="ProportionalH" value="4.500000" />
  <attribute name="Current Error" value="3.000000" />
  <attribute name="IntegralT" value="3.000000" />
  <attribute name="IntegralI" value="3.000000" />
  <attribute name="IntegralH" value="3.000000" />
  <attribute name="DerivativeT" value="-75.000000" />
  <attribute name="DerivativeI" value="-75.000000" />
  <attribute name="DerivativeH" value="-75.000000" />
  <attribute name="Loop Time for DT" value="1.000000" />
  <attribute name="Output H" value="2091843584"/>
  <attribute name="Output I" value="200"/>
  <attribute name="Output T" value="4"/>
  <attribute name="Target GC Util Change" value ="20.000000" />
  <attribute name="Current GC Util Change" value="23.000000"/>
  <attribute name="GC Util currently" value="23" />
  <attribute name="CPU Util currently" value="7185628412689" />
<exclusive-end id="232" timestamp="2019-06-17T07:20:11.234" durationms="6.467" />

<exclusive-start id="233" timestamp="2019-06-17T07:20:11.246" intervalms="17.865">
  <response-info timems="0.101" idlems="0.101" threads="0" lastid="0000000001AB3100" lastname="Thread-8" />
</exclusive-start>
<allocation-taxation id="234" taxation-threshold="10485760" timestamp="2019-06-17T07:20:11.246" intervalms="17.902" />
<cycle-start id="235" type="partial gc" contextid="0" timestamp="2019-06-17T07:20:11.246" intervalms="18.004" />
<gc-start id="236" type="partial gc" contextid="235" timestamp="2019-06-17T07:20:11.247">
  <mem-info id="237" free="0" total="30408704" percent="0">
    <mem type="eden" free="0" total="10485760" percent="0" />
    <arraylet-primitive objects="2" leaves="2" largest="1" />
    <remembered-set count="8384" freebytes="1180288" totalbytes="1213824" percent="97" regionsoverflowed="0" regionsstable="0" regionsrebuilding="0"/>
  </mem-info>
</gc-start>
<allocation-stats totalBytes="10484344" >
  <allocated-bytes non-tlh="0" tlh="10484344" arrayletleaf="0"/>
  <largest-consumer threadName="Thread-7" threadId="0000000001AAB900" bytes="3739168" />
</allocation-stats>
<gc-op id="238" type="mark" timems="4.521" contextid="235" timestamp="2019-06-17T07:20:11.252">
  <trace-info objectcount="24576" scancount="24576" scanbytes="1002588" />
  <cardclean-info objects="6152" bytes="308680" />
  <remembered-set-cleared processed="6570" cleared="746" durationms="0.263" />
  <stringconstants candidates="4597" cleared="0"  />
  <warning details="Mark invoked due to insufficient free space for Copy-Forward" />
</gc-op>
<gc-op id="239" type="classunload" timems="0.003" contextid="235" timestamp="2019-06-17T07:20:11.252">
  <classunload-info classloadercandidates="8" classloadersunloaded="0" classesunloaded="0" anonymousclassesunloaded="0" quiescems="0.000" setupms="0.003" scanms="0.000" postms="0.000" />
</gc-op>
<gc-op id="240" type="sweep" timems="1.414" contextid="235" timestamp="2019-06-17T07:20:11.253" />
<gc-op id="241" type="compact" timems="4.827" contextid="235" timestamp="2019-06-17T07:20:11.259">
  <compact-info movecount="24502" movebytes="1000824" />
  <remembered-set-cleared processed="13263" cleared="1608" durationms="0.263" />
</gc-op>
<heap-resize id="242" type="expand" space="default" amount="2097152" count="1" timems="0.059" reason="insufficient free space following gc" timestamp="2019-06-17T07:20:11.259" />
<gc-end id="243" type="partial gc" contextid="235" durationms="12.493" usertimems="16.000" systemtimems="0.000" timestamp="2019-06-17T07:20:11.259" activeThreads="4">
  <mem-info id="244" free="11534336" total="32505856" percent="35">
    <mem type="eden" free="433024" total="1048576" percent="41" />
    <arraylet-primitive objects="2" leaves="2" largest="1" />
    <remembered-set count="9312" freebytes="1260288" totalbytes="1297536" percent="97" regionsoverflowed="0" regionsstable="0" regionsrebuilding="0"/>
  </mem-info>
</gc-end>
<cycle-end id="245" type="partial gc" contextid="235" timestamp="2019-06-17T07:20:11.259" />
  <attribute name="elasticGC enabled" value="1" />
  <attribute name= "numThreadsSpecified" value="4" />
  <attribute name="heapSize specified" value="0" />
  <attribute name="Current GC Util" value="102" />
  <attribute name= "Current Time Running" value="1303" />
  <attribute name ="GC Interval" value="0" />
  <attribute name="ProportionalT" value="123.000000" />
  <attribute name="ProportionalI" value="123.000000" />
  <attribute name="ProportionalH" value="123.000000" />
  <attribute name="Current Error" value="82.000000" />
  <attribute name="IntegralT" value="164.000000" />
  <attribute name="IntegralI" value="164.000000" />
  <attribute name="IntegralH" value="164.000000" />
  <attribute name="DerivativeT" value="-18.000000" />
  <attribute name="DerivativeI" value="-18.000000" />
  <attribute name="DerivativeH" value="-18.000000" />
  <attribute name="Loop Time for DT" value="2.000000" />
  <attribute name="Output H" value="8388608"/>
  <attribute name="Output I" value="272"/>
  <attribute name="Output T" value="4"/>
  <attribute name="Target GC Util Change" value ="20.000000" />
  <attribute name="Current GC Util Change" value="102.000000"/>
  <attribute name="GC Util currently" value="102" />
  <attribute name="CPU Util currently" value="2762509271708" />
<exclusive-end id="246" timestamp="2019-06-17T07:20:11.259" durationms="13.648" />

<exclusive-start id="247" timestamp="2019-06-17T07:20:11.273" intervalms="27.079">
  <response-info timems="0.108" idlems="0.108" threads="0" lastid="0000000001AB3100" lastname="Thread-8" />
</exclusive-start>
<allocation-taxation id="248" taxation-threshold="11534336" timestamp="2019-06-17T07:20:11.273" intervalms="27.090" />
<cycle-start id="249" type="partial gc" contextid="0" timestamp="2019-06-17T07:20:11.273" intervalms="27.049" />
<gc-start id="250" type="partial gc" contextid="249" timestamp="2019-06-17T07:20:11.274">
  <mem-info id="251" free="0" total="32505856" percent="0">
    <mem type="eden" free="0" total="11534336" percent="0" />
    <arraylet-primitive objects="2" leaves="2" largest="1" />
    <remembered-set count="9056" freebytes="1261312" totalbytes="1297536" percent="97" regionsoverflowed="0" regionsstable="0" regionsrebuilding="0"/>
  </mem-info>
</gc-start>
<allocation-stats totalBytes="11532864" >
  <allocated-bytes non-tlh="0" tlh="11532864" arrayletleaf="0"/>
  <largest-consumer threadName="Thread-8" threadId="0000000001AB3100" bytes="4292104" />
</allocation-stats>
<gc-op id="252" type="mark" timems="4.289" contextid="249" timestamp="2019-06-17T07:20:11.279">
  <trace-info objectcount="18527" scancount="18527" scanbytes="720944" />
  <cardclean-info objects="5348" bytes="265304" />
  <remembered-set-cleared processed="7246" cleared="525" durationms="0.307" />
  <stringconstants candidates="4597" cleared="0"  />
  <warning details="Mark invoked due to insufficient free space for Copy-Forward" />
</gc-op>
<gc-op id="253" type="classunload" timems="0.002" contextid="249" timestamp="2019-06-17T07:20:11.279">
  <classunload-info classloadercandidates="8" classloadersunloaded="0" classesunloaded="0" anonymousclassesunloaded="0" quiescems="0.000" setupms="0.002" scanms="0.000" postms="0.000" />
</gc-op>
<gc-op id="254" type="sweep" timems="1.438" contextid="249" timestamp="2019-06-17T07:20:11.281" />
<gc-op id="255" type="compact" timems="5.402" contextid="249" timestamp="2019-06-17T07:20:11.286">
  <compact-info movecount="18473" movebytes="719656" />
  <remembered-set-cleared processed="14618" cleared="1173" durationms="0.307" />
</gc-op>
<heap-resize id="256" type="expand" space="default" amount="1048576" count="1" timems="0.063" reason="insufficient free space following gc" timestamp="2019-06-17T07:20:11.287" />
<gc-end id="257" type="partial gc" contextid="249" durationms="13.236" usertimems="20.000" systemtimems="0.000" timestamp="2019-06-17T07:20:11.287" activeThreads="4">
  <mem-info id="258" free="11534336" total="33554432" percent="34">
    <mem type="eden" free="942408" total="1048576" percent="89" />
    <arraylet-primitive objects="2" leaves="2" largest="1" />
    <remembered-set count="9760" freebytes="1300352" totalbytes="1339392" percent="97" regionsoverflowed="0" regionsstable="0" regionsrebuilding="0"/>
  </mem-info>
</gc-end>
<cycle-end id="259" type="partial gc" contextid="249" timestamp="2019-06-17T07:20:11.287" />
  <attribute name="elasticGC enabled" value="1" />
  <attribute name= "numThreadsSpecified" value="4" />
  <attribute name="heapSize specified" value="0" />
  <attribute name="Current GC Util" value="99" />
  <attribute name= "Current Time Running" value="1330" />
  <attribute name ="GC Interval" value="0" />
  <attribute name="ProportionalT" value="118.500000" />
  <attribute name="ProportionalI" value="118.500000" />
  <attribute name="ProportionalH" value="118.500000" />
  <attribute name="Current Error" value="79.000000" />
  <attribute name="IntegralT" value="79.000000" />
  <attribute name="IntegralI" value="79.000000" />
  <attribute name="IntegralH" value="79.000000" />
  <attribute name="DerivativeT" value="-36.000000" />
  <attribute name="DerivativeI" value="-36.000000" />
  <attribute name="DerivativeH" value="-36.000000" />
  <attribute name="Loop Time for DT" value="1.000000" />
  <attribute name="Output H" value="8388608"/>
  <attribute name="Output I" value="200"/>
  <attribute name="Output T" value="4"/>
  <attribute name="Target GC Util Change" value ="20.000000" />
  <attribute name="Current GC Util Change" value="99.000000"/>
  <attribute name="GC Util currently" value="99" />
  <attribute name="CPU Util currently" value="2665934823002" />
<exclusive-end id="260" timestamp="2019-06-17T07:20:11.287" durationms="14.327" />

<exclusive-start id="261" timestamp="2019-06-17T07:20:11.299" intervalms="25.900">
  <response-info timems="0.066" idlems="0.046" threads="1" lastid="0000000001AA7D00" lastname="Thread-9" />
</exclusive-start>
<allocation-taxation id="262" taxation-threshold="11534336" timestamp="2019-06-17T07:20:11.299" intervalms="25.908" />
<cycle-start id="263" type="partial gc" contextid="0" timestamp="2019-06-17T07:20:11.299" intervalms="25.908" />
<gc-start id="264" type="partial gc" contextid="263" timestamp="2019-06-17T07:20:11.299">
  <mem-info id="265" free="0" total="33554432" percent="0">
    <mem type="eden" free="0" total="11534336" percent="0" />
    <arraylet-primitive objects="2" leaves="2" largest="1" />
    <remembered-set count="9664" freebytes="1300736" totalbytes="1339392" percent="97" regionsoverflowed="0" regionsstable="0" regionsrebuilding="0"/>
  </mem-info>
</gc-start>
<allocation-stats totalBytes="11532696" >
  <allocated-bytes non-tlh="0" tlh="11532696" arrayletleaf="0"/>
  <largest-consumer threadName="Thread-8" threadId="0000000001AB3100" bytes="3939840" />
</allocation-stats>
<gc-op id="266" type="mark" timems="3.947" contextid="263" timestamp="2019-06-17T07:20:11.304">
  <trace-info objectcount="13335" scancount="13335" scanbytes="458708" />
  <cardclean-info objects="9030" bytes="437456" />
  <remembered-set-cleared processed="7725" cleared="424" durationms="0.314" />
  <stringconstants candidates="4597" cleared="0"  />
  <warning details="Mark invoked due to insufficient free space for Copy-Forward" />
</gc-op>
<gc-op id="267" type="classunload" timems="0.002" contextid="263" timestamp="2019-06-17T07:20:11.304">
  <classunload-info classloadercandidates="8" classloadersunloaded="0" classesunloaded="0" anonymousclassesunloaded="0" quiescems="0.000" setupms="0.002" scanms="0.000" postms="0.000" />
</gc-op>
<gc-op id="268" type="sweep" timems="1.559" contextid="263" timestamp="2019-06-17T07:20:11.306" />
<gc-op id="269" type="compact" timems="2.905" contextid="263" timestamp="2019-06-17T07:20:11.309">
  <compact-info movecount="9894" movebytes="375744" />
  <remembered-set-cleared processed="15587" cleared="980" durationms="0.314" />
</gc-op>
<heap-resize id="270" type="expand" space="default" amount="1048576" count="1" timems="0.065" reason="insufficient free space following gc" timestamp="2019-06-17T07:20:11.310" />
<gc-end id="271" type="partial gc" contextid="263" durationms="10.354" usertimems="4.000" systemtimems="8.000" timestamp="2019-06-17T07:20:11.310" activeThreads="4">
  <mem-info id="272" free="11534336" total="34603008" percent="33">
    <mem type="eden" free="691480" total="1048576" percent="65" />
    <arraylet-primitive objects="2" leaves="2" largest="1" />
    <remembered-set count="10496" freebytes="1339264" totalbytes="1381248" percent="96" regionsoverflowed="0" regionsstable="0" regionsrebuilding="0"/>
  </mem-info>
</gc-end>
<cycle-end id="273" type="partial gc" contextid="263" timestamp="2019-06-17T07:20:11.310" />
  <attribute name="elasticGC enabled" value="1" />
  <attribute name= "numThreadsSpecified" value="4" />
  <attribute name="heapSize specified" value="0" />
  <attribute name="Current GC Util" value="93" />
  <attribute name= "Current Time Running" value="1356" />
  <attribute name ="GC Interval" value="0" />
  <attribute name="ProportionalT" value="109.500000" />
  <attribute name="ProportionalI" value="109.500000" />
  <attribute name="ProportionalH" value="109.500000" />
  <attribute name="Current Error" value="73.000000" />
  <attribute name="IntegralT" value="146.000000" />
  <attribute name="IntegralI" value="146.000000" />
  <attribute name="IntegralH" value="146.000000" />
  <attribute name="DerivativeT" value="-17.250000" />
  <attribute name="DerivativeI" value="-17.250000" />
  <attribute name="DerivativeH" value="-17.250000" />
  <attribute name="Loop Time for DT" value="2.000000" />
  <attribute name="Output H" value="8388608"/>
  <attribute name="Output I" value="240"/>
  <attribute name="Output T" value="4"/>
  <attribute name="Target GC Util Change" value ="20.000000" />
  <attribute name="Current GC Util Change" value="93.000000"/>
  <attribute name="GC Util currently" value="93" />
  <attribute name="CPU Util currently" value="2500849226649" />
<exclusive-end id="274" timestamp="2019-06-17T07:20:11.310" durationms="11.381" />

<exclusive-start id="275" timestamp="2019-06-17T07:20:11.321" intervalms="22.478">
  <response-info timems="0.030" idlems="0.030" threads="0" lastid="0000000001AA7D00" lastname="Thread-9" />
</exclusive-start>
<allocation-taxation id="276" taxation-threshold="11534336" timestamp="2019-06-17T07:20:11.321" intervalms="22.416" />
<cycle-start id="277" type="partial gc" contextid="0" timestamp="2019-06-17T07:20:11.322" intervalms="22.351" />
<gc-start id="278" type="partial gc" contextid="277" timestamp="2019-06-17T07:20:11.322">
  <mem-info id="279" free="0" total="34603008" percent="0">
    <mem type="eden" free="0" total="11534336" percent="0" />
    <arraylet-primitive objects="2" leaves="2" largest="1" />
    <remembered-set count="10496" freebytes="1339264" totalbytes="1381248" percent="96" regionsoverflowed="0" regionsstable="0" regionsrebuilding="0"/>
  </mem-info>
</gc-start>
<allocation-stats totalBytes="11532992" >
  <allocated-bytes non-tlh="0" tlh="11532992" arrayletleaf="0"/>
  <largest-consumer threadName="Thread-10" threadId="0000000001AAF500" bytes="4025904" />
</allocation-stats>
<gc-op id="280" type="mark" timems="1.535" contextid="277" timestamp="2019-06-17T07:20:11.324">
  <trace-info objectcount="18838" scancount="18838" scanbytes="728392" />
  <cardclean-info objects="6575" bytes="323984" />
  <remembered-set-cleared processed="8466" cleared="567" durationms="0.125" />
  <stringconstants candidates="4597" cleared="0"  />
  <warning details="Mark invoked due to insufficient free space for Copy-Forward" />
</gc-op>
<gc-op id="281" type="classunload" timems="0.003" contextid="277" timestamp="2019-06-17T07:20:11.324">
  <classunload-info classloadercandidates="8" classloadersunloaded="0" classesunloaded="0" anonymousclassesunloaded="0" quiescems="0.000" setupms="0.002" scanms="0.000" postms="0.000" />
</gc-op>
<gc-op id="282" type="sweep" timems="0.343" contextid="277" timestamp="2019-06-17T07:20:11.324" />
<gc-op id="283" type="compact" timems="2.066" contextid="277" timestamp="2019-06-17T07:20:11.327">
  <compact-info movecount="13696" movebytes="467616" />
  <remembered-set-cleared processed="17052" cleared="1245" durationms="0.125" />
</gc-op>
<heap-resize id="284" type="expand" space="default" amount="2097152" count="1" timems="0.060" reason="insufficient free space following gc" timestamp="2019-06-17T07:20:11.327" />
<gc-end id="285" type="partial gc" contextid="277" durationms="5.337" usertimems="8.000" systemtimems="0.000" timestamp="2019-06-17T07:20:11.327" activeThreads="4">
  <mem-info id="286" free="12582912" total="36700160" percent="34">
    <mem type="eden" free="672232" total="1048576" percent="64" />
    <arraylet-primitive objects="2" leaves="2" largest="1" />
    <remembered-set count="11136" freebytes="1420416" totalbytes="1464960" percent="96" regionsoverflowed="0" regionsstable="0" regionsrebuilding="0"/>
  </mem-info>
</gc-end>
<cycle-end id="287" type="partial gc" contextid="277" timestamp="2019-06-17T07:20:11.327" />
  <attribute name="elasticGC enabled" value="1" />
  <attribute name= "numThreadsSpecified" value="4" />
  <attribute name="heapSize specified" value="0" />
  <attribute name="Current GC Util" value="26" />
  <attribute name= "Current Time Running" value="1374" />
  <attribute name ="GC Interval" value="0" />
  <attribute name="ProportionalT" value="9.000000" />
  <attribute name="ProportionalI" value="9.000000" />
  <attribute name="ProportionalH" value="9.000000" />
  <attribute name="Current Error" value="6.000000" />
  <attribute name="IntegralT" value="6.000000" />
  <attribute name="IntegralI" value="6.000000" />
  <attribute name="IntegralH" value="6.000000" />
  <attribute name="DerivativeT" value="-120.000000" />
  <attribute name="DerivativeI" value="-120.000000" />
  <attribute name="DerivativeH" value="-120.000000" />
  <attribute name="Loop Time for DT" value="1.000000" />
  <attribute name="Output H" value="2091843584"/>
  <attribute name="Output I" value="200"/>
  <attribute name="Output T" value="4"/>
  <attribute name="Target GC Util Change" value ="20.000000" />
  <attribute name="Current GC Util Change" value="26.000000"/>
  <attribute name="GC Util currently" value="26" />
  <attribute name="CPU Util currently" value="8288049110758" />
<exclusive-end id="288" timestamp="2019-06-17T07:20:11.328" durationms="6.246" />

<exclusive-start id="289" timestamp="2019-06-17T07:20:11.337" intervalms="15.479">
  <response-info timems="0.023" idlems="0.023" threads="0" lastid="0000000001AAB900" lastname="Thread-7" />
</exclusive-start>
<allocation-taxation id="290" taxation-threshold="12582912" timestamp="2019-06-17T07:20:11.337" intervalms="15.470" />
<cycle-start id="291" type="partial gc" contextid="0" timestamp="2019-06-17T07:20:11.337" intervalms="15.494" />
<gc-start id="292" type="partial gc" contextid="291" timestamp="2019-06-17T07:20:11.337">
  <mem-info id="293" free="0" total="36700160" percent="0">
    <mem type="eden" free="0" total="12582912" percent="0" />
    <arraylet-primitive objects="2" leaves="2" largest="1" />
    <remembered-set count="11136" freebytes="1420416" totalbytes="1464960" percent="96" regionsoverflowed="0" regionsstable="0" regionsrebuilding="0"/>
  </mem-info>
</gc-start>
<allocation-stats totalBytes="12581256" >
  <allocated-bytes non-tlh="0" tlh="12581256" arrayletleaf="0"/>
  <largest-consumer threadName="Thread-10" threadId="0000000001AAF500" bytes="3509816" />
</allocation-stats>
<gc-op id="294" type="mark" timems="1.297" contextid="291" timestamp="2019-06-17T07:20:11.339">
  <trace-info objectcount="12965" scancount="12965" scanbytes="449532" />
  <cardclean-info objects="7812" bytes="383488" />
  <remembered-set-cleared processed="9063" cleared="591" durationms="0.143" />
  <stringconstants candidates="4597" cleared="0"  />
  <warning details="Mark invoked due to insufficient free space for Copy-Forward" />
</gc-op>
<gc-op id="295" type="classunload" timems="0.002" contextid="291" timestamp="2019-06-17T07:20:11.339">
  <classunload-info classloadercandidates="8" classloadersunloaded="0" classesunloaded="0" anonymousclassesunloaded="0" quiescems="0.000" setupms="0.002" scanms="0.000" postms="0.000" />
</gc-op>
<gc-op id="296" type="sweep" timems="0.364" contextid="291" timestamp="2019-06-17T07:20:11.340" />
<gc-op id="297" type="compact" timems="2.178" contextid="291" timestamp="2019-06-17T07:20:11.342">
  <compact-info movecount="6134" movebytes="148216" />
  <remembered-set-cleared processed="18259" cleared="1309" durationms="0.143" />
</gc-op>
<heap-resize id="298" type="expand" space="default" amount="1048576" count="1" timems="0.052" reason="insufficient free space following gc" timestamp="2019-06-17T07:20:11.342" />
<gc-end id="299" type="partial gc" contextid="291" durationms="5.259" usertimems="8.000" systemtimems="0.000" timestamp="2019-06-17T07:20:11.342" activeThreads="1">
  <mem-info id="300" free="12582912" total="37748736" percent="33">
    <mem type="eden" free="966312" total="1048576" percent="92" />
    <arraylet-primitive objects="2" leaves="2" largest="1" />
    <remembered-set count="12000" freebytes="1458816" totalbytes="1506816" percent="96" regionsoverflowed="0" regionsstable="0" regionsrebuilding="0"/>
  </mem-info>
</gc-end>
<cycle-end id="301" type="partial gc" contextid="291" timestamp="2019-06-17T07:20:11.343" />
  <attribute name="elasticGC enabled" value="1" />
  <attribute name= "numThreadsSpecified" value="1" />
  <attribute name="heapSize specified" value="0" />
  <attribute name="Current GC Util" value="24" />
  <attribute name= "Current Time Running" value="1389" />
  <attribute name ="GC Interval" value="0" />
  <attribute name="ProportionalT" value="6.000000" />
  <attribute name="ProportionalI" value="6.000000" />
  <attribute name="ProportionalH" value="6.000000" />
  <attribute name="Current Error" value="4.000000" />
  <attribute name="IntegralT" value="0.000000" />
  <attribute name="IntegralI" value="0.000000" />
  <attribute name="IntegralH" value="0.000000" />
  <attribute name="DerivativeT" value="inf" />
  <attribute name="DerivativeI" value="inf" />
  <attribute name="DerivativeH" value="inf" />
  <attribute name="Loop Time for DT" value="0.000000" />
  <attribute name="Output H" value="8388608"/>
  <attribute name="Output I" value="200"/>
  <attribute name="Output T" value="1"/>
  <attribute name="Target GC Util Change" value ="20.000000" />
  <attribute name="Current GC Util Change" value="24.000000"/>
  <attribute name="GC Util currently" value="24" />
  <attribute name="CPU Util currently" value="7904816943329" />
<exclusive-end id="302" timestamp="2019-06-17T07:20:11.343" durationms="6.163" />

<exclusive-start id="303" timestamp="2019-06-17T07:20:11.351" intervalms="14.730">
  <response-info timems="0.024" idlems="0.024" threads="0" lastid="0000000001AB3100" lastname="Thread-8" />
</exclusive-start>
<allocation-taxation id="304" taxation-threshold="12582912" timestamp="2019-06-17T07:20:11.352" intervalms="14.738" />
<cycle-start id="305" type="partial gc" contextid="0" timestamp="2019-06-17T07:20:11.352" intervalms="14.728" />
<gc-start id="306" type="partial gc" contextid="305" timestamp="2019-06-17T07:20:11.352">
  <mem-info id="307" free="0" total="37748736" percent="0">
    <mem type="eden" free="0" total="12582912" percent="0" />
    <arraylet-primitive objects="2" leaves="2" largest="1" />
    <remembered-set count="11808" freebytes="1459584" totalbytes="1506816" percent="96" regionsoverflowed="0" regionsstable="0" regionsrebuilding="0"/>
  </mem-info>
</gc-start>
<allocation-stats totalBytes="12581208" >
  <allocated-bytes non-tlh="0" tlh="12581208" arrayletleaf="0"/>
  <largest-consumer threadName="Thread-10" threadId="0000000001AAF500" bytes="3378752" />
</allocation-stats>
<gc-op id="308" type="mark" timems="1.236" contextid="305" timestamp="2019-06-17T07:20:11.354">
  <trace-info objectcount="10111" scancount="10111" scanbytes="381604" />
  <cardclean-info objects="6215" bytes="302896" />
  <remembered-set-cleared processed="9764" cleared="563" durationms="0.157" />
  <stringconstants candidates="4597" cleared="0"  />
  <warning details="Mark invoked due to insufficient free space for Copy-Forward" />
</gc-op>
<gc-op id="309" type="classunload" timems="0.003" contextid="305" timestamp="2019-06-17T07:20:11.354">
  <classunload-info classloadercandidates="8" classloadersunloaded="0" classesunloaded="0" anonymousclassesunloaded="0" quiescems="0.000" setupms="0.002" scanms="0.000" postms="0.000" />
</gc-op>
<gc-op id="310" type="sweep" timems="0.536" contextid="305" timestamp="2019-06-17T07:20:11.355" />
<gc-op id="311" type="compact" timems="1.956" contextid="305" timestamp="2019-06-17T07:20:11.357">
  <compact-info movecount="9724" movebytes="372320" />
  <remembered-set-cleared processed="19655" cleared="1245" durationms="0.157" />
</gc-op>
<heap-resize id="312" type="expand" space="default" amount="2097152" count="1" timems="0.071" reason="insufficient free space following gc" timestamp="2019-06-17T07:20:11.357" />
<gc-end id="313" type="partial gc" contextid="305" durationms="5.472" usertimems="4.000" systemtimems="0.000" timestamp="2019-06-17T07:20:11.357" activeThreads="4">
  <mem-info id="314" free="13631488" total="39845888" percent="34">
    <mem type="eden" free="743528" total="1048576" percent="70" />
    <arraylet-primitive objects="2" leaves="2" largest="1" />
    <remembered-set count="12640" freebytes="1539968" totalbytes="1590528" percent="96" regionsoverflowed="0" regionsstable="0" regionsrebuilding="0"/>
  </mem-info>
</gc-end>
<cycle-end id="315" type="partial gc" contextid="305" timestamp="2019-06-17T07:20:11.358" />
  <attribute name="elasticGC enabled" value="1" />
  <attribute name= "numThreadsSpecified" value="4" />
  <attribute name="heapSize specified" value="0" />
  <attribute name="Current GC Util" value="22" />
  <attribute name= "Current Time Running" value="1404" />
  <attribute name ="GC Interval" value="0" />
  <attribute name="ProportionalT" value="3.000000" />
  <attribute name="ProportionalI" value="3.000000" />
  <attribute name="ProportionalH" value="3.000000" />
  <attribute name="Current Error" value="2.000000" />
  <attribute name="IntegralT" value="2.000000" />
  <attribute name="IntegralI" value="2.000000" />
  <attribute name="IntegralH" value="2.000000" />
  <attribute name="DerivativeT" value="3.000000" />
  <attribute name="DerivativeI" value="3.000000" />
  <attribute name="DerivativeH" value="3.000000" />
  <attribute name="Loop Time for DT" value="1.000000" />
  <attribute name="Output H" value="8388608"/>
  <attribute name="Output I" value="200"/>
  <attribute name="Output T" value="4"/>
  <attribute name="Target GC Util Change" value ="20.000000" />
  <attribute name="Current GC Util Change" value="22.000000"/>
  <attribute name="GC Util currently" value="22" />
  <attribute name="CPU Util currently" value="5634437915863" />
<exclusive-end id="316" timestamp="2019-06-17T07:20:11.358" durationms="6.451" />

<exclusive-start id="317" timestamp="2019-06-17T07:20:11.367" intervalms="15.969">
  <response-info timems="0.028" idlems="0.028" threads="0" lastid="0000000001AAF500" lastname="Thread-10" />
</exclusive-start>
<allocation-taxation id="318" taxation-threshold="13631488" timestamp="2019-06-17T07:20:11.368" intervalms="15.957" />
<cycle-start id="319" type="partial gc" contextid="0" timestamp="2019-06-17T07:20:11.368" intervalms="16.097" />
<gc-start id="320" type="partial gc" contextid="319" timestamp="2019-06-17T07:20:11.368">
  <mem-info id="321" free="0" total="39845888" percent="0">
    <mem type="eden" free="0" total="13631488" percent="0" />
    <arraylet-primitive objects="2" leaves="2" largest="1" />
    <remembered-set count="12288" freebytes="1541376" totalbytes="1590528" percent="96" regionsoverflowed="0" regionsstable="0" regionsrebuilding="0"/>
  </mem-info>
</gc-start>
<allocation-stats totalBytes="13629872" >
  <allocated-bytes non-tlh="0" tlh="13629872" arrayletleaf="0"/>
  <largest-consumer threadName="Thread-10" threadId="0000000001AAF500" bytes="3767928" />
</allocation-stats>
<gc-op id="322" type="mark" timems="1.622" contextid="319" timestamp="2019-06-17T07:20:11.370">
  <trace-info objectcount="8284" scancount="8284" scanbytes="337276" />
  <cardclean-info objects="4413" bytes="217096" />
  <remembered-set-cleared processed="10380" cleared="425" durationms="0.124" />
  <stringconstants candidates="4597" cleared="0"  />
  <warning details="Mark invoked due to insufficient free space for Copy-Forward" />
</gc-op>
<gc-op id="323" type="classunload" timems="0.002" contextid="319" timestamp="2019-06-17T07:20:11.370">
  <classunload-info classloadercandidates="8" classloadersunloaded="0" classesunloaded="0" anonymousclassesunloaded="0" quiescems="0.000" setupms="0.002" scanms="0.000" postms="0.000" />
</gc-op>
<gc-op id="324" type="sweep" timems="0.400" contextid="319" timestamp="2019-06-17T07:20:11.371" />
<gc-op id="325" type="compact" timems="1.725" contextid="319" timestamp="2019-06-17T07:20:11.373">
  <compact-info movecount="8198" movebytes="335216" />
  <remembered-set-cleared processed="20880" cleared="963" durationms="0.124" />
</gc-op>
<heap-resize id="326" type="expand" space="default" amount="1048576" count="1" timems="0.063" reason="insufficient free space following gc" timestamp="2019-06-17T07:20:11.373" />
<gc-end id="327" type="partial gc" contextid="319" durationms="5.442" usertimems="4.000" systemtimems="0.000" timestamp="2019-06-17T07:20:11.374" activeThreads="4">
  <mem-info id="328" free="13631488" total="40894464" percent="33">
    <mem type="eden" free="1007048" total="1048576" percent="96" />
    <arraylet-primitive objects="2" leaves="2" largest="1" />
    <remembered-set count="13408" freebytes="1578752" totalbytes="1632384" percent="96" regionsoverflowed="0" regionsstable="0" regionsrebuilding="0"/>
  </mem-info>
</gc-end>
<cycle-end id="329" type="partial gc" contextid="319" timestamp="2019-06-17T07:20:11.374" />
  <attribute name="elasticGC enabled" value="1" />
  <attribute name= "numThreadsSpecified" value="4" />
  <attribute name="heapSize specified" value="0" />
  <attribute name="Current GC Util" value="21" />
  <attribute name= "Current Time Running" value="1421" />
  <attribute name ="GC Interval" value="0" />
  <attribute name="ProportionalT" value="1.500000" />
  <attribute name="ProportionalI" value="1.500000" />
  <attribute name="ProportionalH" value="1.500000" />
  <attribute name="Current Error" value="1.000000" />
  <attribute name="IntegralT" value="1.000000" />
  <attribute name="IntegralI" value="1.000000" />
  <attribute name="IntegralH" value="1.000000" />
  <attribute name="DerivativeT" value="-60.000000" />
  <attribute name="DerivativeI" value="-60.000000" />
  <attribute name="DerivativeH" value="-60.000000" />
  <attribute name="Loop Time for DT" value="1.000000" />
  <attribute name="Output H" value="2091843584"/>
  <attribute name="Output I" value="200"/>
  <attribute name="Output T" value="4"/>
  <attribute name="Target GC Util Change" value ="20.000000" />
  <attribute name="Current GC Util Change" value="21.000000"/>
  <attribute name="GC Util currently" value="21" />
  <attribute name="CPU Util currently" value="6656552234221" />
<exclusive-end id="330" timestamp="2019-06-17T07:20:11.374" durationms="6.430" />

<exclusive-start id="331" timestamp="2019-06-17T07:20:11.383" intervalms="15.822">
  <response-info timems="0.021" idlems="0.021" threads="0" lastid="0000000001AAB900" lastname="Thread-7" />
</exclusive-start>
<allocation-taxation id="332" taxation-threshold="13631488" timestamp="2019-06-17T07:20:11.383" intervalms="15.824" />
<cycle-start id="333" type="partial gc" contextid="0" timestamp="2019-06-17T07:20:11.384" intervalms="15.708" />
<gc-start id="334" type="partial gc" contextid="333" timestamp="2019-06-17T07:20:11.384">
  <mem-info id="335" free="0" total="40894464" percent="0">
    <mem type="eden" free="0" total="13631488" percent="0" />
    <arraylet-primitive objects="2" leaves="2" largest="1" />
    <remembered-set count="13184" freebytes="1579648" totalbytes="1632384" percent="96" regionsoverflowed="0" regionsstable="0" regionsrebuilding="0"/>
  </mem-info>
</gc-start>
<allocation-stats totalBytes="13629800" >
  <allocated-bytes non-tlh="0" tlh="13629800" arrayletleaf="0"/>
  <largest-consumer threadName="Thread-10" threadId="0000000001AAF500" bytes="3599936" />
</allocation-stats>
<gc-op id="336" type="mark" timems="1.415" contextid="333" timestamp="2019-06-17T07:20:11.386">
  <trace-info objectcount="4460" scancount="4460" scanbytes="108608" />
  <cardclean-info objects="6560" bytes="316216" />
  <remembered-set-cleared processed="10843" cleared="554" durationms="0.104" />
  <stringconstants candidates="4597" cleared="0"  />
  <warning details="Mark invoked due to insufficient free space for Copy-Forward" />
</gc-op>
<gc-op id="337" type="classunload" timems="0.003" contextid="333" timestamp="2019-06-17T07:20:11.386">
  <classunload-info classloadercandidates="8" classloadersunloaded="0" classesunloaded="0" anonymousclassesunloaded="0" quiescems="0.000" setupms="0.003" scanms="0.000" postms="0.000" />
</gc-op>
<gc-op id="338" type="sweep" timems="0.473" contextid="333" timestamp="2019-06-17T07:20:11.386" />
<gc-op id="339" type="compact" timems="1.569" contextid="333" timestamp="2019-06-17T07:20:11.388">
  <compact-info movecount="4266" movebytes="103952" />
  <remembered-set-cleared processed="21809" cleared="1224" durationms="0.109" />
</gc-op>
<heap-resize id="340" type="expand" space="default" amount="2097152" count="1" timems="0.070" reason="insufficient free space following gc" timestamp="2019-06-17T07:20:11.389" />
<gc-end id="341" type="partial gc" contextid="333" durationms="5.064" usertimems="4.000" systemtimems="0.000" timestamp="2019-06-17T07:20:11.389" activeThreads="4">
  <mem-info id="342" free="14680064" total="42991616" percent="34">
    <mem type="eden" free="975608" total="1048576" percent="93" />
    <arraylet-primitive objects="2" leaves="2" largest="1" />
    <remembered-set count="13760" freebytes="1661056" totalbytes="1716096" percent="96" regionsoverflowed="0" regionsstable="0" regionsrebuilding="0"/>
  </mem-info>
</gc-end>
<cycle-end id="343" type="partial gc" contextid="333" timestamp="2019-06-17T07:20:11.389" />
  <attribute name="elasticGC enabled" value="1" />
  <attribute name= "numThreadsSpecified" value="4" />
  <attribute name="heapSize specified" value="0" />
  <attribute name="Current GC Util" value="23" />
  <attribute name= "Current Time Running" value="1436" />
  <attribute name ="GC Interval" value="0" />
  <attribute name="ProportionalT" value="4.500000" />
  <attribute name="ProportionalI" value="4.500000" />
  <attribute name="ProportionalH" value="4.500000" />
  <attribute name="Current Error" value="3.000000" />
  <attribute name="IntegralT" value="3.000000" />
  <attribute name="IntegralI" value="3.000000" />
  <attribute name="IntegralH" value="3.000000" />
  <attribute name="DerivativeT" value="-66.000000" />
  <attribute name="DerivativeI" value="-66.000000" />
  <attribute name="DerivativeH" value="-66.000000" />
  <attribute name="Loop Time for DT" value="1.000000" />
  <attribute name="Output H" value="2091843584"/>
  <attribute name="Output I" value="200"/>
  <attribute name="Output T" value="4"/>
  <attribute name="Target GC Util Change" value ="20.000000" />
  <attribute name="Current GC Util Change" value="23.000000"/>
  <attribute name="GC Util currently" value="23" />
  <attribute name="CPU Util currently" value="6123050918148" />
<exclusive-end id="344" timestamp="2019-06-17T07:20:11.389" durationms="5.973" />

<exclusive-start id="345" timestamp="2019-06-17T07:20:11.399" intervalms="16.085">
  <response-info timems="0.025" idlems="0.025" threads="0" lastid="0000000001AB3100" lastname="Thread-8" />
</exclusive-start>
<allocation-taxation id="346" taxation-threshold="14680064" timestamp="2019-06-17T07:20:11.400" intervalms="16.135" />
<cycle-start id="347" type="partial gc" contextid="0" timestamp="2019-06-17T07:20:11.400" intervalms="16.142" />
<gc-start id="348" type="partial gc" contextid="347" timestamp="2019-06-17T07:20:11.400">
  <mem-info id="349" free="0" total="42991616" percent="0">
    <mem type="eden" free="0" total="14680064" percent="0" />
    <arraylet-primitive objects="2" leaves="2" largest="1" />
    <remembered-set count="13632" freebytes="1661568" totalbytes="1716096" percent="96" regionsoverflowed="0" regionsstable="0" regionsrebuilding="0"/>
  </mem-info>
</gc-start>
<allocation-stats totalBytes="14678088" >
  <allocated-bytes non-tlh="0" tlh="14678088" arrayletleaf="0"/>
  <largest-consumer threadName="Thread-7" threadId="0000000001AAB900" bytes="3935656" />
</allocation-stats>
<gc-op id="350" type="mark" timems="1.782" contextid="347" timestamp="2019-06-17T07:20:11.402">
  <trace-info objectcount="14607" scancount="14607" scanbytes="489228" />
  <cardclean-info objects="12512" bytes="605376" />
  <remembered-set-cleared processed="10867" cleared="1384" durationms="0.188" />
  <stringconstants candidates="4597" cleared="0"  />
  <warning details="Mark invoked due to insufficient free space for Copy-Forward" />
</gc-op>
<gc-op id="351" type="classunload" timems="0.002" contextid="347" timestamp="2019-06-17T07:20:11.403">
  <classunload-info classloadercandidates="8" classloadersunloaded="0" classesunloaded="0" anonymousclassesunloaded="0" quiescems="0.000" setupms="0.002" scanms="0.000" postms="0.000" />
</gc-op>
<gc-op id="352" type="sweep" timems="0.524" contextid="347" timestamp="2019-06-17T07:20:11.403" />
<gc-op id="353" type="compact" timems="2.070" contextid="347" timestamp="2019-06-17T07:20:11.406">
  <compact-info movecount="9329" movebytes="362560" />
  <remembered-set-cleared processed="21892" cleared="2920" durationms="0.188" />
</gc-op>
<heap-resize id="354" type="expand" space="default" amount="1048576" count="1" timems="0.065" reason="insufficient free space following gc" timestamp="2019-06-17T07:20:11.406" />
<gc-end id="355" type="partial gc" contextid="347" durationms="6.080" usertimems="8.000" systemtimems="0.000" timestamp="2019-06-17T07:20:11.406" activeThreads="4">
  <mem-info id="356" free="14680064" total="44040192" percent="33">
    <mem type="eden" free="692400" total="1048576" percent="66" />
    <arraylet-primitive objects="2" leaves="2" largest="1" />
    <remembered-set count="14848" freebytes="1698560" totalbytes="1757952" percent="96" regionsoverflowed="0" regionsstable="0" regionsrebuilding="0"/>
  </mem-info>
</gc-end>
<cycle-end id="357" type="partial gc" contextid="347" timestamp="2019-06-17T07:20:11.406" />
  <attribute name="elasticGC enabled" value="1" />
  <attribute name= "numThreadsSpecified" value="4" />
  <attribute name="heapSize specified" value="0" />
  <attribute name="Current GC Util" value="23" />
  <attribute name= "Current Time Running" value="1453" />
  <attribute name ="GC Interval" value="0" />
  <attribute name="ProportionalT" value="4.500000" />
  <attribute name="ProportionalI" value="4.500000" />
  <attribute name="ProportionalH" value="4.500000" />
  <attribute name="Current Error" value="3.000000" />
  <attribute name="IntegralT" value="3.000000" />
  <attribute name="IntegralI" value="3.000000" />
  <attribute name="IntegralH" value="3.000000" />
  <attribute name="DerivativeT" value="4.500000" />
  <attribute name="DerivativeI" value="4.500000" />
  <attribute name="DerivativeH" value="4.500000" />
  <attribute name="Loop Time for DT" value="1.000000" />
  <attribute name="Output H" value="8388608"/>
  <attribute name="Output I" value="200"/>
  <attribute name="Output T" value="4"/>
  <attribute name="Target GC Util Change" value ="20.000000" />
  <attribute name="Current GC Util Change" value="23.000000"/>
  <attribute name="GC Util currently" value="23" />
  <attribute name="CPU Util currently" value="5803578547192" />
<exclusive-end id="358" timestamp="2019-06-17T07:20:11.407" durationms="7.256" />

<exclusive-start id="359" timestamp="2019-06-17T07:20:11.418" intervalms="18.498">
  <response-info timems="0.040" idlems="0.024" threads="1" lastid="0000000001AA7D00" lastname="Thread-9" />
</exclusive-start>
<allocation-taxation id="360" taxation-threshold="14680064" timestamp="2019-06-17T07:20:11.418" intervalms="18.508" />
<cycle-start id="361" type="partial gc" contextid="0" timestamp="2019-06-17T07:20:11.418" intervalms="18.510" />
<gc-start id="362" type="partial gc" contextid="361" timestamp="2019-06-17T07:20:11.418">
  <mem-info id="363" free="0" total="44040192" percent="0">
    <mem type="eden" free="0" total="14680064" percent="0" />
    <arraylet-primitive objects="2" leaves="2" largest="1" />
    <remembered-set count="14592" freebytes="1699584" totalbytes="1757952" percent="96" regionsoverflowed="0" regionsstable="0" regionsrebuilding="0"/>
  </mem-info>
</gc-start>
<allocation-stats totalBytes="14678288" >
  <allocated-bytes non-tlh="0" tlh="14678288" arrayletleaf="0"/>
  <largest-consumer threadName="Thread-9" threadId="0000000001AA7D00" bytes="4263480" />
</allocation-stats>
<gc-op id="364" type="mark" timems="1.907" contextid="361" timestamp="2019-06-17T07:20:11.421">
  <trace-info objectcount="19693" scancount="19693" scanbytes="748688" />
  <cardclean-info objects="11434" bytes="557632" />
  <remembered-set-cleared processed="11520" cleared="1498" durationms="0.133" />
  <stringconstants candidates="4597" cleared="0"  />
  <warning details="Mark invoked due to insufficient free space for Copy-Forward" />
</gc-op>
<gc-op id="365" type="classunload" timems="0.002" contextid="361" timestamp="2019-06-17T07:20:11.421">
  <classunload-info classloadercandidates="8" classloadersunloaded="0" classesunloaded="0" anonymousclassesunloaded="0" quiescems="0.000" setupms="0.002" scanms="0.000" postms="0.000" />
</gc-op>
<gc-op id="366" type="sweep" timems="0.480" contextid="361" timestamp="2019-06-17T07:20:11.422" />
<gc-op id="367" type="compact" timems="2.363" contextid="361" timestamp="2019-06-17T07:20:11.425">
  <compact-info movecount="13839" movebytes="608200" />
  <remembered-set-cleared processed="23152" cleared="3101" durationms="0.133" />
</gc-op>
<heap-resize id="368" type="expand" space="default" amount="1048576" count="1" timems="0.066" reason="insufficient free space following gc" timestamp="2019-06-17T07:20:11.425" />
<gc-end id="369" type="partial gc" contextid="361" durationms="6.634" usertimems="8.000" systemtimems="0.000" timestamp="2019-06-17T07:20:11.425" activeThreads="4">
  <mem-info id="370" free="14680064" total="45088768" percent="32">
    <mem type="eden" free="709656" total="1048576" percent="67" />
    <arraylet-primitive objects="2" leaves="2" largest="1" />
    <remembered-set count="15008" freebytes="1739776" totalbytes="1799808" percent="96" regionsoverflowed="0" regionsstable="0" regionsrebuilding="0"/>
  </mem-info>
</gc-end>
<cycle-end id="371" type="partial gc" contextid="361" timestamp="2019-06-17T07:20:11.425" />
  <attribute name="elasticGC enabled" value="1" />
  <attribute name= "numThreadsSpecified" value="4" />
  <attribute name="heapSize specified" value="0" />
  <attribute name="Current GC Util" value="20" />
  <attribute name= "Current Time Running" value="1472" />
  <attribute name ="GC Interval" value="0" />
  <attribute name="ProportionalT" value="0.000000" />
  <attribute name="ProportionalI" value="0.000000" />
  <attribute name="ProportionalH" value="0.000000" />
  <attribute name="Current Error" value="0.000000" />
  <attribute name="IntegralT" value="0.000000" />
  <attribute name="IntegralI" value="0.000000" />
  <attribute name="IntegralH" value="0.000000" />
  <attribute name="DerivativeT" value="-75.000000" />
  <attribute name="DerivativeI" value="-75.000000" />
  <attribute name="DerivativeH" value="-75.000000" />
  <attribute name="Loop Time for DT" value="1.000000" />
  <attribute name="Output H" value="2091843584"/>
  <attribute name="Output I" value="200"/>
  <attribute name="Output T" value="4"/>
  <attribute name="Target GC Util Change" value ="20.000000" />
  <attribute name="Current GC Util Change" value="20.000000"/>
  <attribute name="GC Util currently" value="20" />
  <attribute name="CPU Util currently" value="6378551026470" />
<exclusive-end id="372" timestamp="2019-06-17T07:20:11.426" durationms="7.707" />

<exclusive-start id="373" timestamp="2019-06-17T07:20:11.438" intervalms="19.708">
  <response-info timems="0.029" idlems="0.029" threads="0" lastid="0000000001AB3100" lastname="Thread-8" />
</exclusive-start>
<allocation-taxation id="374" taxation-threshold="14680064" timestamp="2019-06-17T07:20:11.438" intervalms="19.642" />
<cycle-start id="375" type="partial gc" contextid="0" timestamp="2019-06-17T07:20:11.438" intervalms="19.586" />
<gc-start id="376" type="partial gc" contextid="375" timestamp="2019-06-17T07:20:11.438">
  <mem-info id="377" free="0" total="45088768" percent="0">
    <mem type="eden" free="0" total="14680064" percent="0" />
    <arraylet-primitive objects="2" leaves="2" largest="1" />
    <remembered-set count="14912" freebytes="1740160" totalbytes="1799808" percent="96" regionsoverflowed="0" regionsstable="0" regionsrebuilding="0"/>
  </mem-info>
</gc-start>
<allocation-stats totalBytes="14678128" >
  <allocated-bytes non-tlh="0" tlh="14678128" arrayletleaf="0"/>
  <largest-consumer threadName="Thread-10" threadId="0000000001AAF500" bytes="5217648" />
</allocation-stats>
<gc-op id="378" type="mark" timems="1.741" contextid="375" timestamp="2019-06-17T07:20:11.440">
  <trace-info objectcount="18063" scancount="18063" scanbytes="745380" />
  <cardclean-info objects="6901" bytes="402016" />
  <remembered-set-cleared processed="12506" cleared="2414" durationms="0.143" />
  <stringconstants candidates="4597" cleared="0"  />
  <warning details="Mark invoked due to insufficient free space for Copy-Forward" />
</gc-op>
<gc-op id="379" type="classunload" timems="0.002" contextid="375" timestamp="2019-06-17T07:20:11.440">
  <classunload-info classloadercandidates="8" classloadersunloaded="0" classesunloaded="0" anonymousclassesunloaded="0" quiescems="0.000" setupms="0.002" scanms="0.000" postms="0.000" />
</gc-op>
<gc-op id="380" type="sweep" timems="0.394" contextid="375" timestamp="2019-06-17T07:20:11.441" />
<gc-op id="381" type="compact" timems="1.883" contextid="375" timestamp="2019-06-17T07:20:11.443">
  <compact-info movecount="2637" movebytes="64128" />
  <remembered-set-cleared processed="25158" cleared="4967" durationms="0.143" />
</gc-op>
<heap-resize id="382" type="expand" space="default" amount="2097152" count="1" timems="0.063" reason="insufficient free space following gc" timestamp="2019-06-17T07:20:11.443" />
<gc-end id="383" type="partial gc" contextid="375" durationms="5.468" usertimems="8.000" systemtimems="0.000" timestamp="2019-06-17T07:20:11.444" activeThreads="4">
  <mem-info id="384" free="15728640" total="47185920" percent="33">
    <mem type="eden" free="989944" total="1048576" percent="94" />
    <arraylet-primitive objects="2" leaves="2" largest="1" />
    <remembered-set count="15808" freebytes="1820288" totalbytes="1883520" percent="96" regionsoverflowed="0" regionsstable="0" regionsrebuilding="0"/>
  </mem-info>
</gc-end>
<cycle-end id="385" type="partial gc" contextid="375" timestamp="2019-06-17T07:20:11.444" />
  <attribute name="elasticGC enabled" value="1" />
  <attribute name= "numThreadsSpecified" value="4" />
  <attribute name="heapSize specified" value="0" />
  <attribute name="Current GC Util" value="21" />
  <attribute name= "Current Time Running" value="1491" />
  <attribute name ="GC Interval" value="0" />
  <attribute name="ProportionalT" value="1.500000" />
  <attribute name="ProportionalI" value="1.500000" />
  <attribute name="ProportionalH" value="1.500000" />
  <attribute name="Current Error" value="1.000000" />
  <attribute name="IntegralT" value="1.000000" />
  <attribute name="IntegralI" value="1.000000" />
  <attribute name="IntegralH" value="1.000000" />
  <attribute name="DerivativeT" value="-87.000000" />
  <attribute name="DerivativeI" value="-87.000000" />
  <attribute name="DerivativeH" value="-87.000000" />
  <attribute name="Loop Time for DT" value="1.000000" />
  <attribute name="Output H" value="2091843584"/>
  <attribute name="Output I" value="200"/>
  <attribute name="Output T" value="4"/>
  <attribute name="Target GC Util Change" value ="20.000000" />
  <attribute name="Current GC Util Change" value="21.000000"/>
  <attribute name="GC Util currently" value="21" />
  <attribute name="CPU Util currently" value="7250235056587" />
<exclusive-end id="386" timestamp="2019-06-17T07:20:11.444" durationms="6.287" />

<exclusive-start id="387" timestamp="2019-06-17T07:20:11.453" intervalms="15.037">
  <response-info timems="0.034" idlems="0.034" threads="0" lastid="0000000001AA7D00" lastname="Thread-9" />
</exclusive-start>
<allocation-taxation id="388" taxation-threshold="15728640" timestamp="2019-06-17T07:20:11.453" intervalms="14.969" />
<cycle-start id="389" type="partial gc" contextid="0" timestamp="2019-06-17T07:20:11.453" intervalms="14.891" />
<gc-start id="390" type="partial gc" contextid="389" timestamp="2019-06-17T07:20:11.453">
  <mem-info id="391" free="0" total="47185920" percent="0">
    <mem type="eden" free="0" total="15728640" percent="0" />
    <arraylet-primitive objects="2" leaves="2" largest="1" />
    <remembered-set count="15808" freebytes="1820288" totalbytes="1883520" percent="96" regionsoverflowed="0" regionsstable="0" regionsrebuilding="0"/>
  </mem-info>
</gc-start>
<allocation-stats totalBytes="15726376" >
  <allocated-bytes non-tlh="0" tlh="15726376" arrayletleaf="0"/>
  <largest-consumer threadName="Thread-10" threadId="0000000001AAF500" bytes="4160920" />
</allocation-stats>
<gc-op id="392" type="mark" timems="1.448" contextid="389" timestamp="2019-06-17T07:20:11.455">
  <trace-info objectcount="4897" scancount="4897" scanbytes="118824" />
  <cardclean-info objects="7104" bytes="341208" />
  <remembered-set-cleared processed="13218" cleared="534" durationms="0.136" />
  <stringconstants candidates="4597" cleared="0"  />
  <warning details="Mark invoked due to insufficient free space for Copy-Forward" />
</gc-op>
<gc-op id="393" type="classunload" timems="0.002" contextid="389" timestamp="2019-06-17T07:20:11.455">
  <classunload-info classloadercandidates="8" classloadersunloaded="0" classesunloaded="0" anonymousclassesunloaded="0" quiescems="0.000" setupms="0.002" scanms="0.000" postms="0.000" />
</gc-op>
<gc-op id="394" type="sweep" timems="0.445" contextid="389" timestamp="2019-06-17T07:20:11.456" />
<gc-op id="395" type="compact" timems="2.129" contextid="389" timestamp="2019-06-17T07:20:11.458">
  <compact-info movecount="6372" movebytes="240568" />
  <remembered-set-cleared processed="25771" cleared="1668" durationms="0.136" />
</gc-op>
<heap-resize id="396" type="expand" space="default" amount="1048576" count="1" timems="0.054" reason="insufficient free space following gc" timestamp="2019-06-17T07:20:11.458" />
<gc-end id="397" type="partial gc" contextid="389" durationms="5.357" usertimems="8.000" systemtimems="0.000" timestamp="2019-06-17T07:20:11.458" activeThreads="4">
  <mem-info id="398" free="15728640" total="48234496" percent="32">
    <mem type="eden" free="983848" total="1048576" percent="93" />
    <arraylet-primitive objects="2" leaves="2" largest="1" />
    <remembered-set count="17088" freebytes="1857024" totalbytes="1925376" percent="96" regionsoverflowed="0" regionsstable="0" regionsrebuilding="0"/>
  </mem-info>
</gc-end>
<cycle-end id="399" type="partial gc" contextid="389" timestamp="2019-06-17T07:20:11.458" />
  <attribute name="elasticGC enabled" value="1" />
  <attribute name= "numThreadsSpecified" value="4" />
  <attribute name="heapSize specified" value="0" />
  <attribute name="Current GC Util" value="22" />
  <attribute name= "Current Time Running" value="1505" />
  <attribute name ="GC Interval" value="0" />
  <attribute name="ProportionalT" value="3.000000" />
  <attribute name="ProportionalI" value="3.000000" />
  <attribute name="ProportionalH" value="3.000000" />
  <attribute name="Current Error" value="2.000000" />
  <attribute name="IntegralT" value="0.000000" />
  <attribute name="IntegralI" value="0.000000" />
  <attribute name="IntegralH" value="0.000000" />
  <attribute name="DerivativeT" value="-inf" />
  <attribute name="DerivativeI" value="-inf" />
  <attribute name="DerivativeH" value="-inf" />
  <attribute name="Loop Time for DT" value="0.000000" />
  <attribute name="Output H" value="2091843584"/>
  <attribute name="Output I" value="200"/>
  <attribute name="Output T" value="4"/>
  <attribute name="Target GC Util Change" value ="20.000000" />
  <attribute name="Current GC Util Change" value="22.000000"/>
  <attribute name="GC Util currently" value="22" />
  <attribute name="CPU Util currently" value="7389136993871" />
<exclusive-end id="400" timestamp="2019-06-17T07:20:11.459" durationms="5.989" />

<exclusive-start id="401" timestamp="2019-06-17T07:20:11.467" intervalms="14.729">
  <response-info timems="0.031" idlems="0.031" threads="0" lastid="0000000001AA7D00" lastname="Thread-9" />
</exclusive-start>
<allocation-taxation id="402" taxation-threshold="15728640" timestamp="2019-06-17T07:20:11.467" intervalms="14.722" />
<cycle-start id="403" type="partial gc" contextid="0" timestamp="2019-06-17T07:20:11.467" intervalms="14.727" />
<gc-start id="404" type="partial gc" contextid="403" timestamp="2019-06-17T07:20:11.468">
  <mem-info id="405" free="0" total="48234496" percent="0">
    <mem type="eden" free="0" total="15728640" percent="0" />
    <arraylet-primitive objects="2" leaves="2" largest="1" />
    <remembered-set count="16672" freebytes="1858688" totalbytes="1925376" percent="96" regionsoverflowed="0" regionsstable="0" regionsrebuilding="0"/>
  </mem-info>
</gc-start>
<allocation-stats totalBytes="15726432" >
  <allocated-bytes non-tlh="0" tlh="15726432" arrayletleaf="0"/>
  <largest-consumer threadName="Thread-9" threadId="0000000001AA7D00" bytes="4296120" />
</allocation-stats>
<gc-op id="406" type="mark" timems="1.379" contextid="403" timestamp="2019-06-17T07:20:11.469">
  <trace-info objectcount="10871" scancount="10871" scanbytes="399076" />
  <cardclean-info objects="7331" bytes="355912" />
  <remembered-set-cleared processed="13507" cleared="623" durationms="0.122" />
  <stringconstants candidates="4597" cleared="0"  />
  <warning details="Mark invoked due to insufficient free space for Copy-Forward" />
</gc-op>
<gc-op id="407" type="classunload" timems="0.002" contextid="403" timestamp="2019-06-17T07:20:11.470">
  <classunload-info classloadercandidates="8" classloadersunloaded="0" classesunloaded="0" anonymousclassesunloaded="0" quiescems="0.000" setupms="0.002" scanms="0.000" postms="0.000" />
</gc-op>
<gc-op id="408" type="sweep" timems="0.427" contextid="403" timestamp="2019-06-17T07:20:11.470" />
<gc-op id="409" type="compact" timems="3.241" contextid="403" timestamp="2019-06-17T07:20:11.473">
  <compact-info movecount="20273" movebytes="850832" />
  <remembered-set-cleared processed="24495" cleared="5703" durationms="0.144" />
</gc-op>
<heap-resize id="410" type="expand" space="default" amount="2097152" count="1" timems="0.073" reason="insufficient free space following gc" timestamp="2019-06-17T07:20:11.474" />
<gc-end id="411" type="partial gc" contextid="403" durationms="6.392" usertimems="12.000" systemtimems="0.000" timestamp="2019-06-17T07:20:11.474" activeThreads="4">
  <mem-info id="412" free="16777216" total="50331648" percent="33">
    <mem type="eden" free="706952" total="1048576" percent="67" />
    <arraylet-primitive objects="2" leaves="2" largest="1" />
    <remembered-set count="17216" freebytes="1940224" totalbytes="2009088" percent="96" regionsoverflowed="0" regionsstable="0" regionsrebuilding="0"/>
  </mem-info>
</gc-end>
<cycle-end id="413" type="partial gc" contextid="403" timestamp="2019-06-17T07:20:11.474" />
  <attribute name="elasticGC enabled" value="1" />
  <attribute name= "numThreadsSpecified" value="4" />
  <attribute name="heapSize specified" value="0" />
  <attribute name="Current GC Util" value="23" />
  <attribute name= "Current Time Running" value="1520" />
  <attribute name ="GC Interval" value="0" />
  <attribute name="ProportionalT" value="4.500000" />
  <attribute name="ProportionalI" value="4.500000" />
  <attribute name="ProportionalH" value="4.500000" />
  <attribute name="Current Error" value="3.000000" />
  <attribute name="IntegralT" value="3.000000" />
  <attribute name="IntegralI" value="3.000000" />
  <attribute name="IntegralH" value="3.000000" />
  <attribute name="DerivativeT" value="-78.000000" />
  <attribute name="DerivativeI" value="-78.000000" />
  <attribute name="DerivativeH" value="-78.000000" />
  <attribute name="Loop Time for DT" value="1.000000" />
  <attribute name="Output H" value="2091843584"/>
  <attribute name="Output I" value="200"/>
  <attribute name="Output T" value="4"/>
  <attribute name="Target GC Util Change" value ="20.000000" />
  <attribute name="Current GC Util Change" value="23.000000"/>
  <attribute name="GC Util currently" value="23" />
  <attribute name="CPU Util currently" value="7585558844766" />
<exclusive-end id="414" timestamp="2019-06-17T07:20:11.474" durationms="7.133" />

<exclusive-start id="415" timestamp="2019-06-17T07:20:11.487" intervalms="19.235">
  <response-info timems="0.051" idlems="0.051" threads="0" lastid="0000000001AA7D00" lastname="Thread-9" />
</exclusive-start>
<allocation-taxation id="416" taxation-threshold="16777216" timestamp="2019-06-17T07:20:11.487" intervalms="19.343" />
<cycle-start id="417" type="partial gc" contextid="0" timestamp="2019-06-17T07:20:11.487" intervalms="19.471" />
<gc-start id="418" type="partial gc" contextid="417" timestamp="2019-06-17T07:20:11.487">
  <mem-info id="419" free="0" total="50331648" percent="0">
    <mem type="eden" free="0" total="16777216" percent="0" />
    <arraylet-primitive objects="2" leaves="2" largest="1" />
    <remembered-set count="17152" freebytes="1940480" totalbytes="2009088" percent="96" regionsoverflowed="0" regionsstable="0" regionsrebuilding="0"/>
  </mem-info>
</gc-start>
<allocation-stats totalBytes="16775072" >
  <allocated-bytes non-tlh="0" tlh="16775072" arrayletleaf="0"/>
  <largest-consumer threadName="Thread-9" threadId="0000000001AA7D00" bytes="5758128" />
</allocation-stats>
<gc-op id="420" type="mark" timems="1.771" contextid="417" timestamp="2019-06-17T07:20:11.490">
  <trace-info objectcount="18420" scancount="18420" scanbytes="717648" />
  <cardclean-info objects="5041" bytes="250456" />
  <remembered-set-cleared processed="14089" cleared="602" durationms="0.149" />
  <stringconstants candidates="4597" cleared="0"  />
  <warning details="Mark invoked due to insufficient free space for Copy-Forward" />
</gc-op>
<gc-op id="421" type="classunload" timems="0.003" contextid="417" timestamp="2019-06-17T07:20:11.490">
  <classunload-info classloadercandidates="8" classloadersunloaded="0" classesunloaded="0" anonymousclassesunloaded="0" quiescems="0.000" setupms="0.002" scanms="0.000" postms="0.000" />
</gc-op>
<gc-op id="422" type="sweep" timems="0.527" contextid="417" timestamp="2019-06-17T07:20:11.491" />
<gc-op id="423" type="compact" timems="2.322" contextid="417" timestamp="2019-06-17T07:20:11.493">
  <compact-info movecount="17704" movebytes="700472" />
  <remembered-set-cleared processed="28346" cleared="1366" durationms="0.149" />
</gc-op>
<heap-resize id="424" type="expand" space="default" amount="1048576" count="1" timems="0.066" reason="insufficient free space following gc" timestamp="2019-06-17T07:20:11.494" />
<gc-end id="425" type="partial gc" contextid="417" durationms="6.463" usertimems="4.000" systemtimems="4.000" timestamp="2019-06-17T07:20:11.494" activeThreads="4">
  <mem-info id="426" free="16777216" total="51380224" percent="32">
    <mem type="eden" free="668744" total="1048576" percent="63" />
    <arraylet-primitive objects="2" leaves="2" largest="1" />
    <remembered-set count="17248" freebytes="1981952" totalbytes="2050944" percent="96" regionsoverflowed="0" regionsstable="0" regionsrebuilding="0"/>
  </mem-info>
</gc-end>
<cycle-end id="427" type="partial gc" contextid="417" timestamp="2019-06-17T07:20:11.494" />
  <attribute name="elasticGC enabled" value="1" />
  <attribute name= "numThreadsSpecified" value="4" />
  <attribute name="heapSize specified" value="0" />
  <attribute name="Current GC Util" value="22" />
  <attribute name= "Current Time Running" value="1540" />
  <attribute name ="GC Interval" value="0" />
  <attribute name="ProportionalT" value="3.000000" />
  <attribute name="ProportionalI" value="3.000000" />
  <attribute name="ProportionalH" value="3.000000" />
  <attribute name="Current Error" value="2.000000" />
  <attribute name="IntegralT" value="2.000000" />
  <attribute name="IntegralI" value="2.000000" />
  <attribute name="IntegralH" value="2.000000" />
  <attribute name="DerivativeT" value="-79.500000" />
  <attribute name="DerivativeI" value="-79.500000" />
  <attribute name="DerivativeH" value="-79.500000" />
  <attribute name="Loop Time for DT" value="1.000000" />
  <attribute name="Output H" value="2091843584"/>
  <attribute name="Output I" value="200"/>
  <attribute name="Output T" value="4"/>
  <attribute name="Target GC Util Change" value ="20.000000" />
  <attribute name="Current GC Util Change" value="22.000000"/>
  <attribute name="GC Util currently" value="22" />
  <attribute name="CPU Util currently" value="5712382062982" />
<exclusive-end id="428" timestamp="2019-06-17T07:20:11.494" durationms="7.675" />

<exclusive-start id="429" timestamp="2019-06-17T07:20:11.503" intervalms="16.804">
  <response-info timems="0.022" idlems="0.022" threads="0" lastid="0000000001AAB900" lastname="Thread-7" />
</exclusive-start>
<allocation-taxation id="430" taxation-threshold="16777216" timestamp="2019-06-17T07:20:11.504" intervalms="16.797" />
<cycle-start id="431" type="partial gc" contextid="0" timestamp="2019-06-17T07:20:11.504" intervalms="16.756" />
<gc-start id="432" type="partial gc" contextid="431" timestamp="2019-06-17T07:20:11.504">
  <mem-info id="433" free="0" total="51380224" percent="0">
    <mem type="eden" free="0" total="16777216" percent="0" />
    <arraylet-primitive objects="2" leaves="2" largest="1" />
    <remembered-set count="17088" freebytes="1982592" totalbytes="2050944" percent="96" regionsoverflowed="0" regionsstable="0" regionsrebuilding="0"/>
  </mem-info>
</gc-start>
<allocation-stats totalBytes="16775192" >
  <allocated-bytes non-tlh="0" tlh="16775192" arrayletleaf="0"/>
  <largest-consumer threadName="Thread-9" threadId="0000000001AA7D00" bytes="4402616" />
</allocation-stats>
<gc-op id="434" type="mark" timems="1.459" contextid="431" timestamp="2019-06-17T07:20:11.506">
  <trace-info objectcount="14848" scancount="14848" scanbytes="494468" />
  <cardclean-info objects="6882" bytes="335728" />
  <remembered-set-cleared processed="14697" cleared="576" durationms="0.134" />
  <stringconstants candidates="4597" cleared="0"  />
  <warning details="Mark invoked due to insufficient free space for Copy-Forward" />
</gc-op>
<gc-op id="435" type="classunload" timems="0.002" contextid="431" timestamp="2019-06-17T07:20:11.506">
  <classunload-info classloadercandidates="8" classloadersunloaded="0" classesunloaded="0" anonymousclassesunloaded="0" quiescems="0.000" setupms="0.002" scanms="0.000" postms="0.000" />
</gc-op>
<gc-op id="436" type="sweep" timems="0.466" contextid="431" timestamp="2019-06-17T07:20:11.507" />
<gc-op id="437" type="compact" timems="2.170" contextid="431" timestamp="2019-06-17T07:20:11.509">
  <compact-info movecount="14685" movebytes="490560" />
  <remembered-set-cleared processed="29549" cleared="1300" durationms="0.134" />
</gc-op>
<heap-resize id="438" type="expand" space="default" amount="2097152" count="1" timems="0.070" reason="insufficient free space following gc" timestamp="2019-06-17T07:20:11.509" />
<gc-end id="439" type="partial gc" contextid="431" durationms="5.750" usertimems="4.000" systemtimems="0.000" timestamp="2019-06-17T07:20:11.510" activeThreads="4">
  <mem-info id="440" free="17825792" total="53477376" percent="33">
    <mem type="eden" free="929992" total="1048576" percent="88" />
    <arraylet-primitive objects="2" leaves="2" largest="1" />
    <remembered-set count="17888" freebytes="2063104" totalbytes="2134656" percent="96" regionsoverflowed="0" regionsstable="0" regionsrebuilding="0"/>
  </mem-info>
</gc-end>
<cycle-end id="441" type="partial gc" contextid="431" timestamp="2019-06-17T07:20:11.510" />
  <attribute name="elasticGC enabled" value="1" />
  <attribute name= "numThreadsSpecified" value="4" />
  <attribute name="heapSize specified" value="0" />
  <attribute name="Current GC Util" value="20" />
  <attribute name= "Current Time Running" value="1556" />
  <attribute name ="GC Interval" value="0" />
  <attribute name="ProportionalT" value="0.000000" />
  <attribute name="ProportionalI" value="0.000000" />
  <attribute name="ProportionalH" value="0.000000" />
  <attribute name="Current Error" value="0.000000" />
  <attribute name="IntegralT" value="0.000000" />
  <attribute name="IntegralI" value="0.000000" />
  <attribute name="IntegralH" value="0.000000" />
  <attribute name="DerivativeT" value="-inf" />
  <attribute name="DerivativeI" value="-inf" />
  <attribute name="DerivativeH" value="-inf" />
  <attribute name="Loop Time for DT" value="0.000000" />
  <attribute name="Output H" value="2091843584"/>
  <attribute name="Output I" value="200"/>
  <attribute name="Output T" value="4"/>
  <attribute name="Target GC Util Change" value ="20.000000" />
  <attribute name="Current GC Util Change" value="20.000000"/>
  <attribute name="GC Util currently" value="20" />
  <attribute name="CPU Util currently" value="6182042186862" />
<exclusive-end id="442" timestamp="2019-06-17T07:20:11.510" durationms="6.708" />

<exclusive-start id="443" timestamp="2019-06-17T07:20:11.523" intervalms="19.623">
  <response-info timems="0.041" idlems="0.041" threads="0" lastid="0000000001AAB900" lastname="Thread-7" />
</exclusive-start>
<allocation-taxation id="444" taxation-threshold="17825792" timestamp="2019-06-17T07:20:11.523" intervalms="19.625" />
<cycle-start id="445" type="partial gc" contextid="0" timestamp="2019-06-17T07:20:11.523" intervalms="19.652" />
<gc-start id="446" type="partial gc" contextid="445" timestamp="2019-06-17T07:20:11.524">
  <mem-info id="447" free="0" total="53477376" percent="0">
    <mem type="eden" free="0" total="17825792" percent="0" />
    <arraylet-primitive objects="2" leaves="2" largest="1" />
    <remembered-set count="17824" freebytes="2063360" totalbytes="2134656" percent="96" regionsoverflowed="0" regionsstable="0" regionsrebuilding="0"/>
  </mem-info>
</gc-start>
<allocation-stats totalBytes="17823624" >
  <allocated-bytes non-tlh="0" tlh="17823624" arrayletleaf="0"/>
  <largest-consumer threadName="Thread-9" threadId="0000000001AA7D00" bytes="6225200" />
</allocation-stats>
<gc-op id="448" type="mark" timems="1.785" contextid="445" timestamp="2019-06-17T07:20:11.526">
  <trace-info objectcount="22281" scancount="22281" scanbytes="810216" />
  <cardclean-info objects="9539" bytes="465640" />
  <remembered-set-cleared processed="15269" cleared="575" durationms="0.147" />
  <stringconstants candidates="4597" cleared="0"  />
  <warning details="Mark invoked due to insufficient free space for Copy-Forward" />
</gc-op>
<gc-op id="449" type="classunload" timems="0.002" contextid="445" timestamp="2019-06-17T07:20:11.526">
  <classunload-info classloadercandidates="8" classloadersunloaded="0" classesunloaded="0" anonymousclassesunloaded="0" quiescems="0.000" setupms="0.002" scanms="0.000" postms="0.000" />
</gc-op>
<gc-op id="450" type="sweep" timems="0.400" contextid="445" timestamp="2019-06-17T07:20:11.527" />
<gc-op id="451" type="compact" timems="2.446" contextid="445" timestamp="2019-06-17T07:20:11.529">
  <compact-info movecount="19550" movebytes="744680" />
  <remembered-set-cleared processed="30749" cleared="1355" durationms="0.147" />
</gc-op>
<heap-resize id="452" type="expand" space="default" amount="1048576" count="1" timems="0.054" reason="insufficient free space following gc" timestamp="2019-06-17T07:20:11.530" />
<gc-end id="453" type="partial gc" contextid="445" durationms="6.174" usertimems="16.000" systemtimems="0.000" timestamp="2019-06-17T07:20:11.530" activeThreads="4">
  <mem-info id="454" free="17825792" total="54525952" percent="32">
    <mem type="eden" free="355528" total="1048576" percent="33" />
    <arraylet-primitive objects="2" leaves="2" largest="1" />
    <remembered-set count="18976" freebytes="2100608" totalbytes="2176512" percent="96" regionsoverflowed="0" regionsstable="0" regionsrebuilding="0"/>
  </mem-info>
</gc-end>
<cycle-end id="455" type="partial gc" contextid="445" timestamp="2019-06-17T07:20:11.530" />
  <attribute name="elasticGC enabled" value="1" />
  <attribute name= "numThreadsSpecified" value="4" />
  <attribute name="heapSize specified" value="0" />
  <attribute name="Current GC Util" value="28" />
  <attribute name= "Current Time Running" value="1576" />
  <attribute name ="GC Interval" value="0" />
  <attribute name="ProportionalT" value="12.000000" />
  <attribute name="ProportionalI" value="12.000000" />
  <attribute name="ProportionalH" value="12.000000" />
  <attribute name="Current Error" value="8.000000" />
  <attribute name="IntegralT" value="0.000000" />
  <attribute name="IntegralI" value="0.000000" />
  <attribute name="IntegralH" value="0.000000" />
  <attribute name="DerivativeT" value="-inf" />
  <attribute name="DerivativeI" value="-inf" />
  <attribute name="DerivativeH" value="-inf" />
  <attribute name="Loop Time for DT" value="0.000000" />
  <attribute name="Output H" value="2091843584"/>
  <attribute name="Output I" value="200"/>
  <attribute name="Output T" value="4"/>
  <attribute name="Target GC Util Change" value ="20.000000" />
  <attribute name="Current GC Util Change" value="28.000000"/>
  <attribute name="GC Util currently" value="28" />
  <attribute name="CPU Util currently" value="7477047714675" />
<exclusive-end id="456" timestamp="2019-06-17T07:20:11.530" durationms="7.227" />

<exclusive-start id="457" timestamp="2019-06-17T07:20:11.540" intervalms="17.002">
  <response-info timems="0.029" idlems="0.029" threads="0" lastid="0000000001AA7D00" lastname="Thread-9" />
</exclusive-start>
<allocation-taxation id="458" taxation-threshold="17825792" timestamp="2019-06-17T07:20:11.540" intervalms="16.986" />
<cycle-start id="459" type="partial gc" contextid="0" timestamp="2019-06-17T07:20:11.540" intervalms="16.957" />
<gc-start id="460" type="partial gc" contextid="459" timestamp="2019-06-17T07:20:11.540">
  <mem-info id="461" free="0" total="54525952" percent="0">
    <mem type="eden" free="0" total="17825792" percent="0" />
    <arraylet-primitive objects="2" leaves="2" largest="1" />
    <remembered-set count="18944" freebytes="2100736" totalbytes="2176512" percent="96" regionsoverflowed="0" regionsstable="0" regionsrebuilding="0"/>
  </mem-info>
</gc-start>
<allocation-stats totalBytes="17823472" >
  <allocated-bytes non-tlh="0" tlh="17823472" arrayletleaf="0"/>
  <largest-consumer threadName="Thread-10" threadId="0000000001AAF500" bytes="4742624" />
</allocation-stats>
<gc-op id="462" type="mark" timems="1.681" contextid="459" timestamp="2019-06-17T07:20:11.543">
  <trace-info objectcount="14347" scancount="14347" scanbytes="486228" />
  <cardclean-info objects="6122" bytes="303000" />
  <remembered-set-cleared processed="16214" cleared="735" durationms="0.138" />
  <stringconstants candidates="4597" cleared="0"  />
  <warning details="Mark invoked due to insufficient free space for Copy-Forward" />
</gc-op>
<gc-op id="463" type="classunload" timems="0.002" contextid="459" timestamp="2019-06-17T07:20:11.543">
  <classunload-info classloadercandidates="8" classloadersunloaded="0" classesunloaded="0" anonymousclassesunloaded="0" quiescems="0.000" setupms="0.002" scanms="0.000" postms="0.000" />
</gc-op>
<gc-op id="464" type="sweep" timems="0.441" contextid="459" timestamp="2019-06-17T07:20:11.543" />
<gc-op id="465" type="compact" timems="2.188" contextid="459" timestamp="2019-06-17T07:20:11.546">
  <compact-info movecount="14347" movebytes="486232" />
  <remembered-set-cleared processed="32465" cleared="1500" durationms="0.138" />
</gc-op>
<heap-resize id="466" type="expand" space="default" amount="1048576" count="1" timems="0.055" reason="insufficient free space following gc" timestamp="2019-06-17T07:20:11.546" />
<gc-end id="467" type="partial gc" contextid="459" durationms="5.840" usertimems="8.000" systemtimems="4.000" timestamp="2019-06-17T07:20:11.546" activeThreads="4">
  <mem-info id="468" free="17825792" total="55574528" percent="32">
    <mem type="eden" free="947832" total="1048576" percent="90" />
    <arraylet-primitive objects="2" leaves="2" largest="1" />
    <remembered-set count="20352" freebytes="2136960" totalbytes="2218368" percent="96" regionsoverflowed="0" regionsstable="0" regionsrebuilding="0"/>
  </mem-info>
</gc-end>
<cycle-end id="469" type="partial gc" contextid="459" timestamp="2019-06-17T07:20:11.546" />
  <attribute name="elasticGC enabled" value="1" />
  <attribute name= "numThreadsSpecified" value="4" />
  <attribute name="heapSize specified" value="0" />
  <attribute name="Current GC Util" value="21" />
  <attribute name= "Current Time Running" value="1593" />
  <attribute name ="GC Interval" value="0" />
  <attribute name="ProportionalT" value="1.500000" />
  <attribute name="ProportionalI" value="1.500000" />
  <attribute name="ProportionalH" value="1.500000" />
  <attribute name="Current Error" value="1.000000" />
  <attribute name="IntegralT" value="1.000000" />
  <attribute name="IntegralI" value="1.000000" />
  <attribute name="IntegralH" value="1.000000" />
  <attribute name="DerivativeT" value="-72.000000" />
  <attribute name="DerivativeI" value="-72.000000" />
  <attribute name="DerivativeH" value="-72.000000" />
  <attribute name="Loop Time for DT" value="1.000000" />
  <attribute name="Output H" value="2091843584"/>
  <attribute name="Output I" value="200"/>
  <attribute name="Output T" value="4"/>
  <attribute name="Target GC Util Change" value ="20.000000" />
  <attribute name="Current GC Util Change" value="21.000000"/>
  <attribute name="GC Util currently" value="21" />
  <attribute name="CPU Util currently" value="6625947569565" />
<exclusive-end id="470" timestamp="2019-06-17T07:20:11.547" durationms="6.795" />

<exclusive-start id="471" timestamp="2019-06-17T07:20:11.557" intervalms="16.680">
  <response-info timems="0.032" idlems="0.032" threads="0" lastid="0000000001AAF500" lastname="Thread-10" />
</exclusive-start>
<allocation-taxation id="472" taxation-threshold="17825792" timestamp="2019-06-17T07:20:11.557" intervalms="16.673" />
<cycle-start id="473" type="partial gc" contextid="0" timestamp="2019-06-17T07:20:11.557" intervalms="16.669" />
<gc-start id="474" type="partial gc" contextid="473" timestamp="2019-06-17T07:20:11.557">
  <mem-info id="475" free="0" total="55574528" percent="0">
    <mem type="eden" free="0" total="17825792" percent="0" />
    <arraylet-primitive objects="2" leaves="2" largest="1" />
    <remembered-set count="20000" freebytes="2138368" totalbytes="2218368" percent="96" regionsoverflowed="0" regionsstable="0" regionsrebuilding="0"/>
  </mem-info>
</gc-start>
<allocation-stats totalBytes="17823472" >
  <allocated-bytes non-tlh="0" tlh="17823472" arrayletleaf="0"/>
  <largest-consumer threadName="Thread-9" threadId="0000000001AA7D00" bytes="4640376" />
</allocation-stats>
<gc-op id="476" type="mark" timems="1.662" contextid="473" timestamp="2019-06-17T07:20:11.559">
  <trace-info objectcount="20297" scancount="20297" scanbytes="765108" />
  <cardclean-info objects="7592" bytes="389936" />
  <remembered-set-cleared processed="16716" cleared="470" durationms="0.206" />
  <stringconstants candidates="4597" cleared="0"  />
  <warning details="Mark invoked due to insufficient free space for Copy-Forward" />
</gc-op>
<gc-op id="477" type="classunload" timems="0.002" contextid="473" timestamp="2019-06-17T07:20:11.559">
  <classunload-info classloadercandidates="8" classloadersunloaded="0" classesunloaded="0" anonymousclassesunloaded="0" quiescems="0.000" setupms="0.002" scanms="0.000" postms="0.000" />
</gc-op>
<gc-op id="478" type="sweep" timems="0.411" contextid="473" timestamp="2019-06-17T07:20:11.560" />
<gc-op id="479" type="compact" timems="2.280" contextid="473" timestamp="2019-06-17T07:20:11.562">
  <compact-info movecount="19396" movebytes="740832" />
  <remembered-set-cleared processed="33645" cleared="1147" durationms="0.206" />
</gc-op>
<heap-resize id="480" type="expand" space="default" amount="2097152" count="1" timems="0.061" reason="insufficient free space following gc" timestamp="2019-06-17T07:20:11.563" />
<gc-end id="481" type="partial gc" contextid="473" durationms="5.898" usertimems="4.000" systemtimems="0.000" timestamp="2019-06-17T07:20:11.563" activeThreads="4">
  <mem-info id="482" free="18874368" total="57671680" percent="32">
    <mem type="eden" free="385416" total="1048576" percent="36" />
    <arraylet-primitive objects="2" leaves="2" largest="1" />
    <remembered-set count="20672" freebytes="2219392" totalbytes="2302080" percent="96" regionsoverflowed="0" regionsstable="0" regionsrebuilding="0"/>
  </mem-info>
</gc-end>
<cycle-end id="483" type="partial gc" contextid="473" timestamp="2019-06-17T07:20:11.563" />
  <attribute name="elasticGC enabled" value="1" />
  <attribute name= "numThreadsSpecified" value="4" />
  <attribute name="heapSize specified" value="0" />
  <attribute name="Current GC Util" value="22" />
  <attribute name= "Current Time Running" value="1610" />
  <attribute name ="GC Interval" value="0" />
  <attribute name="ProportionalT" value="3.000000" />
  <attribute name="ProportionalI" value="3.000000" />
  <attribute name="ProportionalH" value="3.000000" />
  <attribute name="Current Error" value="2.000000" />
  <attribute name="IntegralT" value="2.000000" />
  <attribute name="IntegralI" value="2.000000" />
  <attribute name="IntegralH" value="2.000000" />
  <attribute name="DerivativeT" value="3.000000" />
  <attribute name="DerivativeI" value="3.000000" />
  <attribute name="DerivativeH" value="3.000000" />
  <attribute name="Loop Time for DT" value="1.000000" />
  <attribute name="Output H" value="8388608"/>
  <attribute name="Output I" value="200"/>
  <attribute name="Output T" value="4"/>
  <attribute name="Target GC Util Change" value ="20.000000" />
  <attribute name="Current GC Util Change" value="22.000000"/>
  <attribute name="GC Util currently" value="22" />
  <attribute name="CPU Util currently" value="7374874484369" />
<exclusive-end id="484" timestamp="2019-06-17T07:20:11.563" durationms="6.692" />

<exclusive-start id="485" timestamp="2019-06-17T07:20:11.574" intervalms="17.354">
  <response-info timems="0.202" idlems="0.202" threads="0" lastid="0000000001AAB900" lastname="Thread-7" />
</exclusive-start>
<allocation-taxation id="486" taxation-threshold="18874368" timestamp="2019-06-17T07:20:11.574" intervalms="17.390" />
<cycle-start id="487" type="partial gc" contextid="0" timestamp="2019-06-17T07:20:11.574" intervalms="17.416" />
<gc-start id="488" type="partial gc" contextid="487" timestamp="2019-06-17T07:20:11.575">
  <mem-info id="489" free="0" total="57671680" percent="0">
    <mem type="eden" free="0" total="18874368" percent="0" />
    <arraylet-primitive objects="2" leaves="2" largest="1" />
    <remembered-set count="20576" freebytes="2219776" totalbytes="2302080" percent="96" regionsoverflowed="0" regionsstable="0" regionsrebuilding="0"/>
  </mem-info>
</gc-start>
<allocation-stats totalBytes="18872288" >
  <allocated-bytes non-tlh="0" tlh="18872288" arrayletleaf="0"/>
  <largest-consumer threadName="Thread-9" threadId="0000000001AA7D00" bytes="5725536" />
</allocation-stats>
<gc-op id="490" type="mark" timems="1.836" contextid="487" timestamp="2019-06-17T07:20:11.577">
  <trace-info objectcount="28603" scancount="28603" scanbytes="1101792" />
  <cardclean-info objects="5455" bytes="287416" />
  <remembered-set-cleared processed="17423" cleared="701" durationms="0.158" />
  <stringconstants candidates="4597" cleared="0"  />
  <warning details="Mark invoked due to insufficient free space for Copy-Forward" />
</gc-op>
<gc-op id="491" type="classunload" timems="0.002" contextid="487" timestamp="2019-06-17T07:20:11.577">
  <classunload-info classloadercandidates="8" classloadersunloaded="0" classesunloaded="0" anonymousclassesunloaded="0" quiescems="0.000" setupms="0.002" scanms="0.000" postms="0.000" />
</gc-op>
<gc-op id="492" type="sweep" timems="0.483" contextid="487" timestamp="2019-06-17T07:20:11.578" />
<gc-op id="493" type="compact" timems="2.841" contextid="487" timestamp="2019-06-17T07:20:11.581">
  <compact-info movecount="26958" movebytes="1059664" />
  <remembered-set-cleared processed="35087" cleared="1636" durationms="0.158" />
</gc-op>
<heap-resize id="494" type="expand" space="default" amount="1048576" count="1" timems="0.055" reason="insufficient free space following gc" timestamp="2019-06-17T07:20:11.581" />
<gc-end id="495" type="partial gc" contextid="487" durationms="6.785" usertimems="8.000" systemtimems="0.000" timestamp="2019-06-17T07:20:11.581" activeThreads="4">
  <mem-info id="496" free="18874368" total="58720256" percent="32">
    <mem type="eden" free="610728" total="1048576" percent="58" />
    <arraylet-primitive objects="2" leaves="2" largest="1" />
    <remembered-set count="21792" freebytes="2256768" totalbytes="2343936" percent="96" regionsoverflowed="0" regionsstable="0" regionsrebuilding="0"/>
  </mem-info>
</gc-end>
<cycle-end id="497" type="partial gc" contextid="487" timestamp="2019-06-17T07:20:11.582" />
  <attribute name="elasticGC enabled" value="1" />
  <attribute name= "numThreadsSpecified" value="4" />
  <attribute name="heapSize specified" value="0" />
  <attribute name="Current GC Util" value="23" />
  <attribute name= "Current Time Running" value="1628" />
  <attribute name ="GC Interval" value="0" />
  <attribute name="ProportionalT" value="4.500000" />
  <attribute name="ProportionalI" value="4.500000" />
  <attribute name="ProportionalH" value="4.500000" />
  <attribute name="Current Error" value="3.000000" />
  <attribute name="IntegralT" value="3.000000" />
  <attribute name="IntegralI" value="3.000000" />
  <attribute name="IntegralH" value="3.000000" />
  <attribute name="DerivativeT" value="-82.500000" />
  <attribute name="DerivativeI" value="-82.500000" />
  <attribute name="DerivativeH" value="-82.500000" />
  <attribute name="Loop Time for DT" value="1.000000" />
  <attribute name="Output H" value="2091843584"/>
  <attribute name="Output I" value="200"/>
  <attribute name="Output T" value="4"/>
  <attribute name="Target GC Util Change" value ="20.000000" />
  <attribute name="Current GC Util Change" value="23.000000"/>
  <attribute name="GC Util currently" value="23" />
  <attribute name="CPU Util currently" value="6577139051859" />
<exclusive-end id="498" timestamp="2019-06-17T07:20:11.582" durationms="7.851" />

<exclusive-start id="499" timestamp="2019-06-17T07:20:11.591" intervalms="17.355">
  <response-info timems="0.022" idlems="0.022" threads="0" lastid="0000000001AA7D00" lastname="Thread-9" />
</exclusive-start>
<allocation-taxation id="500" taxation-threshold="18874368" timestamp="2019-06-17T07:20:11.592" intervalms="17.332" />
<cycle-start id="501" type="partial gc" contextid="0" timestamp="2019-06-17T07:20:11.592" intervalms="17.304" />
<gc-start id="502" type="partial gc" contextid="501" timestamp="2019-06-17T07:20:11.592">
  <mem-info id="503" free="0" total="58720256" percent="0">
    <mem type="eden" free="0" total="18874368" percent="0" />
    <arraylet-primitive objects="2" leaves="2" largest="1" />
    <remembered-set count="21600" freebytes="2257536" totalbytes="2343936" percent="96" regionsoverflowed="0" regionsstable="0" regionsrebuilding="0"/>
  </mem-info>
</gc-start>
<allocation-stats totalBytes="18871992" >
  <allocated-bytes non-tlh="0" tlh="18871992" arrayletleaf="0"/>
  <largest-consumer threadName="Thread-9" threadId="0000000001AA7D00" bytes="5045592" />
</allocation-stats>
<gc-op id="504" type="mark" timems="1.944" contextid="501" timestamp="2019-06-17T07:20:11.594">
  <trace-info objectcount="34889" scancount="34889" scanbytes="1387200" />
  <cardclean-info objects="5283" bytes="266320" />
  <remembered-set-cleared processed="17667" cleared="940" durationms="0.181" />
  <stringconstants candidates="4597" cleared="0"  />
  <warning details="Mark invoked due to insufficient free space for Copy-Forward" />
</gc-op>
<gc-op id="505" type="classunload" timems="0.003" contextid="501" timestamp="2019-06-17T07:20:11.594">
  <classunload-info classloadercandidates="8" classloadersunloaded="0" classesunloaded="0" anonymousclassesunloaded="0" quiescems="0.000" setupms="0.002" scanms="0.000" postms="0.000" />
</gc-op>
<gc-op id="506" type="sweep" timems="0.499" contextid="501" timestamp="2019-06-17T07:20:11.595" />
<gc-op id="507" type="compact" timems="3.012" contextid="501" timestamp="2019-06-17T07:20:11.598">
  <compact-info movecount="34889" movebytes="1387216" />
  <remembered-set-cleared processed="35449" cleared="1988" durationms="0.181" />
</gc-op>
<heap-resize id="508" type="expand" space="default" amount="2097152" count="1" timems="0.061" reason="insufficient free space following gc" timestamp="2019-06-17T07:20:11.599" />
<gc-end id="509" type="partial gc" contextid="501" durationms="7.105" usertimems="12.000" systemtimems="0.000" timestamp="2019-06-17T07:20:11.599" activeThreads="4">
  <mem-info id="510" free="19922944" total="60817408" percent="32">
    <mem type="eden" free="84984" total="1048576" percent="8" />
    <arraylet-primitive objects="2" leaves="2" largest="1" />
    <remembered-set count="21344" freebytes="2342272" totalbytes="2427648" percent="96" regionsoverflowed="0" regionsstable="0" regionsrebuilding="0"/>
  </mem-info>
</gc-end>
<cycle-end id="511" type="partial gc" contextid="501" timestamp="2019-06-17T07:20:11.599" />
  <attribute name="elasticGC enabled" value="1" />
  <attribute name= "numThreadsSpecified" value="4" />
  <attribute name="heapSize specified" value="0" />
  <attribute name="Current GC Util" value="25" />
  <attribute name= "Current Time Running" value="1645" />
  <attribute name ="GC Interval" value="0" />
  <attribute name="ProportionalT" value="7.500000" />
  <attribute name="ProportionalI" value="7.500000" />
  <attribute name="ProportionalH" value="7.500000" />
  <attribute name="Current Error" value="5.000000" />
  <attribute name="IntegralT" value="5.000000" />
  <attribute name="IntegralI" value="5.000000" />
  <attribute name="IntegralH" value="5.000000" />
  <attribute name="DerivativeT" value="-73.500000" />
  <attribute name="DerivativeI" value="-73.500000" />
  <attribute name="DerivativeH" value="-73.500000" />
  <attribute name="Loop Time for DT" value="1.000000" />
  <attribute name="Output H" value="2091843584"/>
  <attribute name="Output I" value="200"/>
  <attribute name="Output T" value="4"/>
  <attribute name="Target GC Util Change" value ="20.000000" />
  <attribute name="Current GC Util Change" value="25.000000"/>
  <attribute name="GC Util currently" value="25" />
  <attribute name="CPU Util currently" value="6114599549497" />
<exclusive-end id="512" timestamp="2019-06-17T07:20:11.599" durationms="8.037" />

<exclusive-start id="513" timestamp="2019-06-17T07:20:11.612" intervalms="20.840">
  <response-info timems="0.020" idlems="0.020" threads="0" lastid="0000000001AAF500" lastname="Thread-10" />
</exclusive-start>
<allocation-taxation id="514" taxation-threshold="19922944" timestamp="2019-06-17T07:20:11.612" intervalms="20.830" />
<cycle-start id="515" type="partial gc" contextid="0" timestamp="2019-06-17T07:20:11.613" intervalms="20.827" />
<gc-start id="516" type="partial gc" contextid="515" timestamp="2019-06-17T07:20:11.613">
  <mem-info id="517" free="0" total="60817408" percent="0">
    <mem type="eden" free="0" total="19922944" percent="0" />
    <arraylet-primitive objects="2" leaves="2" largest="1" />
    <remembered-set count="21152" freebytes="2343040" totalbytes="2427648" percent="96" regionsoverflowed="0" regionsstable="0" regionsrebuilding="0"/>
  </mem-info>
</gc-start>
<allocation-stats totalBytes="19920368" >
  <allocated-bytes non-tlh="0" tlh="19920368" arrayletleaf="0"/>
  <largest-consumer threadName="Thread-9" threadId="0000000001AA7D00" bytes="6229216" />
</allocation-stats>
<gc-op id="518" type="mark" timems="2.073" contextid="515" timestamp="2019-06-17T07:20:11.615">
  <trace-info objectcount="36854" scancount="36854" scanbytes="1434992" />
  <cardclean-info objects="8314" bytes="412312" />
  <remembered-set-cleared processed="17982" cleared="1027" durationms="0.149" />
  <stringconstants candidates="4597" cleared="0"  />
  <warning details="Mark invoked due to insufficient free space for Copy-Forward" />
</gc-op>
<gc-op id="519" type="classunload" timems="0.002" contextid="515" timestamp="2019-06-17T07:20:11.615">
  <classunload-info classloadercandidates="8" classloadersunloaded="0" classesunloaded="0" anonymousclassesunloaded="0" quiescems="0.000" setupms="0.002" scanms="0.000" postms="0.000" />
</gc-op>
<gc-op id="520" type="sweep" timems="0.394" contextid="515" timestamp="2019-06-17T07:20:11.616" />
<gc-op id="521" type="compact" timems="3.021" contextid="515" timestamp="2019-06-17T07:20:11.619">
  <compact-info movecount="32919" movebytes="1340568" />
  <remembered-set-cleared processed="36111" cleared="2188" durationms="0.149" />
</gc-op>
<heap-resize id="522" type="expand" space="default" amount="1048576" count="1" timems="0.055" reason="insufficient free space following gc" timestamp="2019-06-17T07:20:11.619" />
<gc-end id="523" type="partial gc" contextid="515" durationms="6.865" usertimems="12.000" systemtimems="0.000" timestamp="2019-06-17T07:20:11.620" activeThreads="4">
  <mem-info id="524" free="19922944" total="61865984" percent="32">
    <mem type="eden" free="323296" total="1048576" percent="30" />
    <arraylet-primitive objects="2" leaves="2" largest="1" />
    <remembered-set count="22688" freebytes="2378752" totalbytes="2469504" percent="96" regionsoverflowed="0" regionsstable="0" regionsrebuilding="0"/>
  </mem-info>
</gc-end>
<cycle-end id="525" type="partial gc" contextid="515" timestamp="2019-06-17T07:20:11.620" />
  <attribute name="elasticGC enabled" value="1" />
  <attribute name= "numThreadsSpecified" value="4" />
  <attribute name="heapSize specified" value="0" />
  <attribute name="Current GC Util" value="28" />
  <attribute name= "Current Time Running" value="1666" />
  <attribute name ="GC Interval" value="0" />
  <attribute name="ProportionalT" value="12.000000" />
  <attribute name="ProportionalI" value="12.000000" />
  <attribute name="ProportionalH" value="12.000000" />
  <attribute name="Current Error" value="8.000000" />
  <attribute name="IntegralT" value="8.000000" />
  <attribute name="IntegralI" value="8.000000" />
  <attribute name="IntegralH" value="8.000000" />
  <attribute name="DerivativeT" value="-79.500000" />
  <attribute name="DerivativeI" value="-79.500000" />
  <attribute name="DerivativeH" value="-79.500000" />
  <attribute name="Loop Time for DT" value="1.000000" />
  <attribute name="Output H" value="2091843584"/>
  <attribute name="Output I" value="200"/>
  <attribute name="Output T" value="4"/>
  <attribute name="Target GC Util Change" value ="20.000000" />
  <attribute name="Current GC Util Change" value="28.000000"/>
  <attribute name="GC Util currently" value="28" />
  <attribute name="CPU Util currently" value="7510742479600" />
<exclusive-end id="526" timestamp="2019-06-17T07:20:11.620" durationms="7.650" />

<exclusive-start id="527" timestamp="2019-06-17T07:20:11.631" intervalms="18.574">
  <response-info timems="0.028" idlems="0.028" threads="0" lastid="0000000001AA7D00" lastname="Thread-9" />
</exclusive-start>
<allocation-taxation id="528" taxation-threshold="19922944" timestamp="2019-06-17T07:20:11.631" intervalms="18.581" />
<cycle-start id="529" type="partial gc" contextid="0" timestamp="2019-06-17T07:20:11.631" intervalms="18.583" />
<gc-start id="530" type="partial gc" contextid="529" timestamp="2019-06-17T07:20:11.631">
  <mem-info id="531" free="0" total="61865984" percent="0">
    <mem type="eden" free="0" total="19922944" percent="0" />
    <arraylet-primitive objects="2" leaves="2" largest="1" />
    <remembered-set count="22496" freebytes="2379520" totalbytes="2469504" percent="96" regionsoverflowed="0" regionsstable="0" regionsrebuilding="0"/>
  </mem-info>
</gc-start>
<allocation-stats totalBytes="19920384" >
  <allocated-bytes non-tlh="0" tlh="19920384" arrayletleaf="0"/>
  <largest-consumer threadName="Thread-9" threadId="0000000001AA7D00" bytes="5213648" />
</allocation-stats>
<gc-op id="532" type="mark" timems="1.952" contextid="529" timestamp="2019-06-17T07:20:11.634">
  <trace-info objectcount="29649" scancount="29649" scanbytes="1262112" />
  <cardclean-info objects="3507" bytes="177784" />
  <remembered-set-cleared processed="18591" cleared="557" durationms="0.153" />
  <stringconstants candidates="4597" cleared="0"  />
  <warning details="Mark invoked due to insufficient free space for Copy-Forward" />
</gc-op>
<gc-op id="533" type="classunload" timems="0.002" contextid="529" timestamp="2019-06-17T07:20:11.634">
  <classunload-info classloadercandidates="8" classloadersunloaded="0" classesunloaded="0" anonymousclassesunloaded="0" quiescems="0.000" setupms="0.002" scanms="0.000" postms="0.000" />
</gc-op>
<gc-op id="534" type="sweep" timems="0.426" contextid="529" timestamp="2019-06-17T07:20:11.634" />
<gc-op id="535" type="compact" timems="2.780" contextid="529" timestamp="2019-06-17T07:20:11.637">
  <compact-info movecount="29630" movebytes="1261672" />
  <remembered-set-cleared processed="37145" cleared="1070" durationms="0.153" />
</gc-op>
<heap-resize id="536" type="expand" space="default" amount="2097152" count="1" timems="0.072" reason="insufficient free space following gc" timestamp="2019-06-17T07:20:11.638" />
<gc-end id="537" type="partial gc" contextid="529" durationms="6.702" usertimems="4.000" systemtimems="4.000" timestamp="2019-06-17T07:20:11.638" activeThreads="4">
  <mem-info id="538" free="20971520" total="63963136" percent="32">
    <mem type="eden" free="432912" total="1048576" percent="41" />
    <arraylet-primitive objects="2" leaves="2" largest="1" />
    <remembered-set count="22304" freebytes="2464000" totalbytes="2553216" percent="96" regionsoverflowed="0" regionsstable="0" regionsrebuilding="0"/>
  </mem-info>
</gc-end>
<cycle-end id="539" type="partial gc" contextid="529" timestamp="2019-06-17T07:20:11.638" />
  <attribute name="elasticGC enabled" value="1" />
  <attribute name= "numThreadsSpecified" value="4" />
  <attribute name="heapSize specified" value="0" />
  <attribute name="Current GC Util" value="25" />
  <attribute name= "Current Time Running" value="1684" />
  <attribute name ="GC Interval" value="0" />
  <attribute name="ProportionalT" value="7.500000" />
  <attribute name="ProportionalI" value="7.500000" />
  <attribute name="ProportionalH" value="7.500000" />
  <attribute name="Current Error" value="5.000000" />
  <attribute name="IntegralT" value="5.000000" />
  <attribute name="IntegralI" value="5.000000" />
  <attribute name="IntegralH" value="5.000000" />
  <attribute name="DerivativeT" value="-73.500000" />
  <attribute name="DerivativeI" value="-73.500000" />
  <attribute name="DerivativeH" value="-73.500000" />
  <attribute name="Loop Time for DT" value="1.000000" />
  <attribute name="Output H" value="2091843584"/>
  <attribute name="Output I" value="200"/>
  <attribute name="Output T" value="4"/>
  <attribute name="Target GC Util Change" value ="20.000000" />
  <attribute name="Current GC Util Change" value="25.000000"/>
  <attribute name="GC Util currently" value="25" />
  <attribute name="CPU Util currently" value="6869364467745" />
<exclusive-end id="540" timestamp="2019-06-17T07:20:11.638" durationms="7.661" />

<exclusive-start id="541" timestamp="2019-06-17T07:20:11.650" intervalms="19.002">
  <response-info timems="0.032" idlems="0.032" threads="0" lastid="0000000001AA7D00" lastname="Thread-9" />
</exclusive-start>
<allocation-taxation id="542" taxation-threshold="20971520" timestamp="2019-06-17T07:20:11.650" intervalms="18.984" />
<cycle-start id="543" type="partial gc" contextid="0" timestamp="2019-06-17T07:20:11.650" intervalms="19.005" />
<gc-start id="544" type="partial gc" contextid="543" timestamp="2019-06-17T07:20:11.650">
  <mem-info id="545" free="0" total="63963136" percent="0">
    <mem type="eden" free="0" total="20971520" percent="0" />
    <arraylet-primitive objects="2" leaves="2" largest="1" />
    <remembered-set count="21952" freebytes="2465408" totalbytes="2553216" percent="96" regionsoverflowed="0" regionsstable="0" regionsrebuilding="0"/>
  </mem-info>
</gc-start>
<allocation-stats totalBytes="20968960" >
  <allocated-bytes non-tlh="0" tlh="20968960" arrayletleaf="0"/>
  <largest-consumer threadName="Thread-9" threadId="0000000001AA7D00" bytes="5594488" />
</allocation-stats>
<gc-op id="546" type="mark" timems="1.736" contextid="543" timestamp="2019-06-17T07:20:11.653">
  <trace-info objectcount="33681" scancount="33681" scanbytes="1359008" />
  <cardclean-info objects="1200" bytes="62992" />
  <remembered-set-cleared processed="18857" cleared="397" durationms="0.144" />
  <stringconstants candidates="4597" cleared="0"  />
  <warning details="Mark invoked due to insufficient free space for Copy-Forward" />
</gc-op>
<gc-op id="547" type="classunload" timems="0.003" contextid="543" timestamp="2019-06-17T07:20:11.653">
  <classunload-info classloadercandidates="8" classloadersunloaded="0" classesunloaded="0" anonymousclassesunloaded="0" quiescems="0.000" setupms="0.003" scanms="0.000" postms="0.000" />
</gc-op>
<gc-op id="548" type="sweep" timems="0.424" contextid="543" timestamp="2019-06-17T07:20:11.653" />
<gc-op id="549" type="compact" timems="2.825" contextid="543" timestamp="2019-06-17T07:20:11.656">
  <compact-info movecount="19994" movebytes="755784" />
  <remembered-set-cleared processed="37949" cleared="1023" durationms="0.144" />
</gc-op>
<heap-resize id="550" type="expand" space="default" amount="1048576" count="1" timems="0.054" reason="insufficient free space following gc" timestamp="2019-06-17T07:20:11.656" />
<gc-end id="551" type="partial gc" contextid="543" durationms="6.345" usertimems="8.000" systemtimems="0.000" timestamp="2019-06-17T07:20:11.657" activeThreads="4">
  <mem-info id="552" free="20971520" total="65011712" percent="32">
    <mem type="eden" free="868960" total="1048576" percent="82" />
    <arraylet-primitive objects="2" leaves="2" largest="1" />
    <remembered-set count="23232" freebytes="2502144" totalbytes="2595072" percent="96" regionsoverflowed="0" regionsstable="0" regionsrebuilding="0"/>
  </mem-info>
</gc-end>
<cycle-end id="553" type="partial gc" contextid="543" timestamp="2019-06-17T07:20:11.657" />
  <attribute name="elasticGC enabled" value="1" />
  <attribute name= "numThreadsSpecified" value="4" />
  <attribute name="heapSize specified" value="0" />
  <attribute name="Current GC Util" value="28" />
  <attribute name= "Current Time Running" value="1703" />
  <attribute name ="GC Interval" value="0" />
  <attribute name="ProportionalT" value="12.000000" />
  <attribute name="ProportionalI" value="12.000000" />
  <attribute name="ProportionalH" value="12.000000" />
  <attribute name="Current Error" value="8.000000" />
  <attribute name="IntegralT" value="8.000000" />
  <attribute name="IntegralI" value="8.000000" />
  <attribute name="IntegralH" value="8.000000" />
  <attribute name="DerivativeT" value="-78.000000" />
  <attribute name="DerivativeI" value="-78.000000" />
  <attribute name="DerivativeH" value="-78.000000" />
  <attribute name="Loop Time for DT" value="1.000000" />
  <attribute name="Output H" value="2091843584"/>
  <attribute name="Output I" value="200"/>
  <attribute name="Output T" value="4"/>
  <attribute name="Target GC Util Change" value ="20.000000" />
  <attribute name="Current GC Util Change" value="28.000000"/>
  <attribute name="GC Util currently" value="28" />
  <attribute name="CPU Util currently" value="7234142096827" />
<exclusive-end id="554" timestamp="2019-06-17T07:20:11.657" durationms="7.276" />

<exclusive-start id="555" timestamp="2019-06-17T07:20:11.668" intervalms="17.994">
  <response-info timems="0.023" idlems="0.023" threads="0" lastid="0000000001AA7D00" lastname="Thread-9" />
</exclusive-start>
<allocation-taxation id="556" taxation-threshold="20971520" timestamp="2019-06-17T07:20:11.668" intervalms="18.017" />
<cycle-start id="557" type="partial gc" contextid="0" timestamp="2019-06-17T07:20:11.668" intervalms="17.998" />
<gc-start id="558" type="partial gc" contextid="557" timestamp="2019-06-17T07:20:11.668">
  <mem-info id="559" free="0" total="65011712" percent="0">
    <mem type="eden" free="0" total="20971520" percent="0" />
    <arraylet-primitive objects="2" leaves="2" largest="1" />
    <remembered-set count="22880" freebytes="2503552" totalbytes="2595072" percent="96" regionsoverflowed="0" regionsstable="0" regionsrebuilding="0"/>
  </mem-info>
</gc-start>
<allocation-stats totalBytes="20968936" >
  <allocated-bytes non-tlh="0" tlh="20968936" arrayletleaf="0"/>
  <largest-consumer threadName="Thread-7" threadId="0000000001AAB900" bytes="5434760" />
</allocation-stats>
<gc-op id="560" type="mark" timems="1.946" contextid="557" timestamp="2019-06-17T07:20:11.671">
  <trace-info objectcount="24785" scancount="24785" scanbytes="870504" />
  <cardclean-info objects="12799" bytes="626656" />
  <remembered-set-cleared processed="19533" cleared="478" durationms="0.234" />
  <stringconstants candidates="4597" cleared="0"  />
  <warning details="Mark invoked due to insufficient free space for Copy-Forward" />
</gc-op>
<gc-op id="561" type="classunload" timems="0.003" contextid="557" timestamp="2019-06-17T07:20:11.671">
  <classunload-info classloadercandidates="8" classloadersunloaded="0" classesunloaded="0" anonymousclassesunloaded="0" quiescems="0.000" setupms="0.002" scanms="0.000" postms="0.000" />
</gc-op>
<gc-op id="562" type="sweep" timems="0.441" contextid="557" timestamp="2019-06-17T07:20:11.671" />
<gc-op id="563" type="compact" timems="2.624" contextid="557" timestamp="2019-06-17T07:20:11.674">
  <compact-info movecount="18208" movebytes="712664" />
  <remembered-set-cleared processed="39289" cleared="1173" durationms="0.234" />
</gc-op>
<heap-resize id="564" type="expand" space="default" amount="1048576" count="1" timems="0.055" reason="insufficient free space following gc" timestamp="2019-06-17T07:20:11.675" />
<gc-end id="565" type="partial gc" contextid="557" durationms="6.472" usertimems="8.000" systemtimems="0.000" timestamp="2019-06-17T07:20:11.675" activeThreads="4">
  <mem-info id="566" free="20971520" total="66060288" percent="31">
    <mem type="eden" free="351320" total="1048576" percent="33" />
    <arraylet-primitive objects="2" leaves="2" largest="1" />
    <remembered-set count="24384" freebytes="2539392" totalbytes="2636928" percent="96" regionsoverflowed="0" regionsstable="0" regionsrebuilding="0"/>
  </mem-info>
</gc-end>
<cycle-end id="567" type="partial gc" contextid="557" timestamp="2019-06-17T07:20:11.675" />
  <attribute name="elasticGC enabled" value="1" />
  <attribute name= "numThreadsSpecified" value="4" />
  <attribute name="heapSize specified" value="0" />
  <attribute name="Current GC Util" value="25" />
  <attribute name= "Current Time Running" value="1721" />
  <attribute name ="GC Interval" value="0" />
  <attribute name="ProportionalT" value="7.500000" />
  <attribute name="ProportionalI" value="7.500000" />
  <attribute name="ProportionalH" value="7.500000" />
  <attribute name="Current Error" value="5.000000" />
  <attribute name="IntegralT" value="5.000000" />
  <attribute name="IntegralI" value="5.000000" />
  <attribute name="IntegralH" value="5.000000" />
  <attribute name="DerivativeT" value="7.500000" />
  <attribute name="DerivativeI" value="7.500000" />
  <attribute name="DerivativeH" value="7.500000" />
  <attribute name="Loop Time for DT" value="1.000000" />
  <attribute name="Output H" value="8388608"/>
  <attribute name="Output I" value="200"/>
  <attribute name="Output T" value="4"/>
  <attribute name="Target GC Util Change" value ="20.000000" />
  <attribute name="Current GC Util Change" value="25.000000"/>
  <attribute name="GC Util currently" value="25" />
  <attribute name="CPU Util currently" value="6601826377799" />
<exclusive-end id="568" timestamp="2019-06-17T07:20:11.675" durationms="7.371" />

<exclusive-start id="569" timestamp="2019-06-17T07:20:11.688" intervalms="19.809">
  <response-info timems="0.432" idlems="0.432" threads="0" lastid="0000000001AA7D00" lastname="Thread-9" />
</exclusive-start>
<allocation-taxation id="570" taxation-threshold="20971520" timestamp="2019-06-17T07:20:11.688" intervalms="19.757" />
<cycle-start id="571" type="partial gc" contextid="0" timestamp="2019-06-17T07:20:11.688" intervalms="19.706" />
<gc-start id="572" type="partial gc" contextid="571" timestamp="2019-06-17T07:20:11.688">
  <mem-info id="573" free="0" total="66060288" percent="0">
    <mem type="eden" free="0" total="20971520" percent="0" />
    <arraylet-primitive objects="2" leaves="2" largest="1" />
    <remembered-set count="24128" freebytes="2540416" totalbytes="2636928" percent="96" regionsoverflowed="0" regionsstable="0" regionsrebuilding="0"/>
  </mem-info>
</gc-start>
<allocation-stats totalBytes="20968808" >
  <allocated-bytes non-tlh="0" tlh="20968808" arrayletleaf="0"/>
  <largest-consumer threadName="Thread-7" threadId="0000000001AAB900" bytes="6114552" />
</allocation-stats>
<gc-op id="574" type="mark" timems="1.740" contextid="571" timestamp="2019-06-17T07:20:11.690">
  <trace-info objectcount="18214" scancount="18214" scanbytes="713248" />
  <cardclean-info objects="7413" bytes="365176" />
  <remembered-set-cleared processed="20720" cleared="632" durationms="0.182" />
  <stringconstants candidates="4597" cleared="0"  />
  <warning details="Mark invoked due to insufficient free space for Copy-Forward" />
</gc-op>
<gc-op id="575" type="classunload" timems="0.002" contextid="571" timestamp="2019-06-17T07:20:11.690">
  <classunload-info classloadercandidates="8" classloadersunloaded="0" classesunloaded="0" anonymousclassesunloaded="0" quiescems="0.000" setupms="0.002" scanms="0.000" postms="0.000" />
</gc-op>
<gc-op id="576" type="sweep" timems="0.394" contextid="571" timestamp="2019-06-17T07:20:11.691" />
<gc-op id="577" type="compact" timems="2.397" contextid="571" timestamp="2019-06-17T07:20:11.693">
  <compact-info movecount="18139" movebytes="711456" />
  <remembered-set-cleared processed="41503" cleared="1320" durationms="0.182" />
</gc-op>
<heap-resize id="578" type="expand" space="default" amount="2097152" count="1" timems="0.062" reason="insufficient free space following gc" timestamp="2019-06-17T07:20:11.694" />
<gc-end id="579" type="partial gc" contextid="571" durationms="5.908" usertimems="8.000" systemtimems="0.000" timestamp="2019-06-17T07:20:11.694" activeThreads="4">
  <mem-info id="580" free="22020096" total="68157440" percent="32">
    <mem type="eden" free="725200" total="1048576" percent="69" />
    <arraylet-primitive objects="2" leaves="2" largest="1" />
    <remembered-set count="24928" freebytes="2620928" totalbytes="2720640" percent="96" regionsoverflowed="0" regionsstable="0" regionsrebuilding="0"/>
  </mem-info>
</gc-end>
<cycle-end id="581" type="partial gc" contextid="571" timestamp="2019-06-17T07:20:11.694" />
  <attribute name="elasticGC enabled" value="1" />
  <attribute name= "numThreadsSpecified" value="4" />
  <attribute name="heapSize specified" value="0" />
  <attribute name="Current GC Util" value="29" />
  <attribute name= "Current Time Running" value="1740" />
  <attribute name ="GC Interval" value="0" />
  <attribute name="ProportionalT" value="13.500000" />
  <attribute name="ProportionalI" value="13.500000" />
  <attribute name="ProportionalH" value="13.500000" />
  <attribute name="Current Error" value="9.000000" />
  <attribute name="IntegralT" value="0.000000" />
  <attribute name="IntegralI" value="0.000000" />
  <attribute name="IntegralH" value="0.000000" />
  <attribute name="DerivativeT" value="-inf" />
  <attribute name="DerivativeI" value="-inf" />
  <attribute name="DerivativeH" value="-inf" />
  <attribute name="Loop Time for DT" value="0.000000" />
  <attribute name="Output H" value="2091843584"/>
  <attribute name="Output I" value="200"/>
  <attribute name="Output T" value="4"/>
  <attribute name="Target GC Util Change" value ="20.000000" />
  <attribute name="Current GC Util Change" value="29.000000"/>
  <attribute name="GC Util currently" value="29" />
  <attribute name="CPU Util currently" value="7946250621175" />
<exclusive-end id="582" timestamp="2019-06-17T07:20:11.694" durationms="6.677" />

<exclusive-start id="583" timestamp="2019-06-17T07:20:11.710" intervalms="22.654">
  <response-info timems="0.278" idlems="0.165" threads="1" lastid="0000000001AB3100" lastname="Thread-8" />
</exclusive-start>
<allocation-taxation id="584" taxation-threshold="22020096" timestamp="2019-06-17T07:20:11.710" intervalms="22.750" />
<cycle-start id="585" type="partial gc" contextid="0" timestamp="2019-06-17T07:20:11.711" intervalms="22.849" />
<gc-start id="586" type="partial gc" contextid="585" timestamp="2019-06-17T07:20:11.711">
  <mem-info id="587" free="0" total="68157440" percent="0">
    <mem type="eden" free="0" total="22020096" percent="0" />
    <arraylet-primitive objects="2" leaves="2" largest="1" />
    <remembered-set count="24512" freebytes="2622592" totalbytes="2720640" percent="96" regionsoverflowed="0" regionsstable="0" regionsrebuilding="0"/>
  </mem-info>
</gc-start>
<allocation-stats totalBytes="22017216" >
  <allocated-bytes non-tlh="0" tlh="22017216" arrayletleaf="0"/>
  <largest-consumer threadName="Thread-9" threadId="0000000001AA7D00" bytes="8305640" />
</allocation-stats>
<gc-op id="588" type="mark" timems="1.742" contextid="585" timestamp="2019-06-17T07:20:11.713">
  <trace-info objectcount="19062" scancount="19062" scanbytes="732888" />
  <cardclean-info objects="5468" bytes="267328" />
  <remembered-set-cleared processed="21390" cleared="393" durationms="0.269" />
  <stringconstants candidates="4597" cleared="0"  />
  <warning details="Mark invoked due to insufficient free space for Copy-Forward" />
</gc-op>
<gc-op id="589" type="classunload" timems="0.002" contextid="585" timestamp="2019-06-17T07:20:11.713">
  <classunload-info classloadercandidates="8" classloadersunloaded="0" classesunloaded="0" anonymousclassesunloaded="0" quiescems="0.000" setupms="0.002" scanms="0.000" postms="0.000" />
</gc-op>
<gc-op id="590" type="sweep" timems="0.550" contextid="585" timestamp="2019-06-17T07:20:11.714" />
<gc-op id="591" type="compact" timems="2.401" contextid="585" timestamp="2019-06-17T07:20:11.717">
  <compact-info movecount="18658" movebytes="723200" />
  <remembered-set-cleared processed="43004" cleared="1003" durationms="0.269" />
</gc-op>
<heap-resize id="592" type="expand" space="default" amount="1048576" count="1" timems="0.054" reason="insufficient free space following gc" timestamp="2019-06-17T07:20:11.717" />
<gc-end id="593" type="partial gc" contextid="585" durationms="6.383" usertimems="8.000" systemtimems="0.000" timestamp="2019-06-17T07:20:11.717" activeThreads="4">
  <mem-info id="594" free="22020096" total="69206016" percent="31">
    <mem type="eden" free="631184" total="1048576" percent="60" />
    <arraylet-primitive objects="2" leaves="2" largest="1" />
    <remembered-set count="25376" freebytes="2660992" totalbytes="2762496" percent="96" regionsoverflowed="0" regionsstable="0" regionsrebuilding="0"/>
  </mem-info>
</gc-end>
<cycle-end id="595" type="partial gc" contextid="585" timestamp="2019-06-17T07:20:11.717" />
  <attribute name="elasticGC enabled" value="1" />
  <attribute name= "numThreadsSpecified" value="4" />
  <attribute name="heapSize specified" value="0" />
  <attribute name="Current GC Util" value="26" />
  <attribute name= "Current Time Running" value="1764" />
  <attribute name ="GC Interval" value="0" />
  <attribute name="ProportionalT" value="9.000000" />
  <attribute name="ProportionalI" value="9.000000" />
  <attribute name="ProportionalH" value="9.000000" />
  <attribute name="Current Error" value="6.000000" />
  <attribute name="IntegralT" value="6.000000" />
  <attribute name="IntegralI" value="6.000000" />
  <attribute name="IntegralH" value="6.000000" />
  <attribute name="DerivativeT" value="9.000000" />
  <attribute name="DerivativeI" value="9.000000" />
  <attribute name="DerivativeH" value="9.000000" />
  <attribute name="Loop Time for DT" value="1.000000" />
  <attribute name="Output H" value="8388608"/>
  <attribute name="Output I" value="200"/>
  <attribute name="Output T" value="4"/>
  <attribute name="Target GC Util Change" value ="20.000000" />
  <attribute name="Current GC Util Change" value="26.000000"/>
  <attribute name="GC Util currently" value="26" />
  <attribute name="CPU Util currently" value="5715086290224" />
<exclusive-end id="596" timestamp="2019-06-17T07:20:11.718" durationms="7.506" />

<exclusive-start id="597" timestamp="2019-06-17T07:20:11.730" intervalms="19.552">
  <response-info timems="0.371" idlems="0.371" threads="0" lastid="0000000001AA7D00" lastname="Thread-9" />
</exclusive-start>
<allocation-taxation id="598" taxation-threshold="22020096" timestamp="2019-06-17T07:20:11.730" intervalms="19.521" />
<cycle-start id="599" type="partial gc" contextid="0" timestamp="2019-06-17T07:20:11.730" intervalms="19.483" />
<gc-start id="600" type="partial gc" contextid="599" timestamp="2019-06-17T07:20:11.730">
  <mem-info id="601" free="0" total="69206016" percent="0">
    <mem type="eden" free="0" total="22020096" percent="0" />
    <arraylet-primitive objects="2" leaves="2" largest="1" />
    <remembered-set count="24992" freebytes="2662528" totalbytes="2762496" percent="96" regionsoverflowed="0" regionsstable="0" regionsrebuilding="0"/>
  </mem-info>
</gc-start>
<allocation-stats totalBytes="22017488" >
  <allocated-bytes non-tlh="0" tlh="22017488" arrayletleaf="0"/>
  <largest-consumer threadName="Thread-9" threadId="0000000001AA7D00" bytes="6438184" />
</allocation-stats>
<gc-op id="602" type="mark" timems="1.702" contextid="599" timestamp="2019-06-17T07:20:11.733">
  <trace-info objectcount="19073" scancount="19073" scanbytes="733504" />
  <cardclean-info objects="6489" bytes="320344" />
  <remembered-set-cleared processed="22064" cleared="570" durationms="0.262" />
  <stringconstants candidates="4597" cleared="0"  />
  <warning details="Mark invoked due to insufficient free space for Copy-Forward" />
</gc-op>
<gc-op id="603" type="classunload" timems="0.002" contextid="599" timestamp="2019-06-17T07:20:11.733">
  <classunload-info classloadercandidates="8" classloadersunloaded="0" classesunloaded="0" anonymousclassesunloaded="0" quiescems="0.000" setupms="0.002" scanms="0.000" postms="0.000" />
</gc-op>
<gc-op id="604" type="sweep" timems="0.502" contextid="599" timestamp="2019-06-17T07:20:11.733" />
<gc-op id="605" type="compact" timems="2.244" contextid="599" timestamp="2019-06-17T07:20:11.736">
  <compact-info movecount="19073" movebytes="733512" />
  <remembered-set-cleared processed="44226" cleared="1231" durationms="0.262" />
</gc-op>
<heap-resize id="606" type="expand" space="default" amount="2097152" count="1" timems="0.060" reason="insufficient free space following gc" timestamp="2019-06-17T07:20:11.736" />
<gc-end id="607" type="partial gc" contextid="599" durationms="5.963" usertimems="4.000" systemtimems="4.000" timestamp="2019-06-17T07:20:11.736" activeThreads="4">
  <mem-info id="608" free="23068672" total="71303168" percent="32">
    <mem type="eden" free="395584" total="1048576" percent="37" />
    <arraylet-primitive objects="2" leaves="2" largest="1" />
    <remembered-set count="26432" freebytes="2740480" totalbytes="2846208" percent="96" regionsoverflowed="0" regionsstable="0" regionsrebuilding="0"/>
  </mem-info>
</gc-end>
<cycle-end id="609" type="partial gc" contextid="599" timestamp="2019-06-17T07:20:11.736" />
  <attribute name="elasticGC enabled" value="1" />
  <attribute name= "numThreadsSpecified" value="4" />
  <attribute name="heapSize specified" value="0" />
  <attribute name="Current GC Util" value="26" />
  <attribute name= "Current Time Running" value="1783" />
  <attribute name ="GC Interval" value="0" />
  <attribute name="ProportionalT" value="9.000000" />
  <attribute name="ProportionalI" value="9.000000" />
  <attribute name="ProportionalH" value="9.000000" />
  <attribute name="Current Error" value="6.000000" />
  <attribute name="IntegralT" value="6.000000" />
  <attribute name="IntegralI" value="6.000000" />
  <attribute name="IntegralH" value="6.000000" />
  <attribute name="DerivativeT" value="9.000000" />
  <attribute name="DerivativeI" value="9.000000" />
  <attribute name="DerivativeH" value="9.000000" />
  <attribute name="Loop Time for DT" value="1.000000" />
  <attribute name="Output H" value="8388608"/>
  <attribute name="Output I" value="200"/>
  <attribute name="Output T" value="4"/>
  <attribute name="Target GC Util Change" value ="20.000000" />
  <attribute name="Current GC Util Change" value="26.000000"/>
  <attribute name="GC Util currently" value="26" />
  <attribute name="CPU Util currently" value="6100904628060" />
<exclusive-end id="610" timestamp="2019-06-17T07:20:11.737" durationms="6.919" />

<exclusive-start id="611" timestamp="2019-06-17T07:20:11.749" intervalms="19.690">
  <response-info timems="0.449" idlems="0.449" threads="0" lastid="0000000001AB3100" lastname="Thread-8" />
</exclusive-start>
<allocation-taxation id="612" taxation-threshold="23068672" timestamp="2019-06-17T07:20:11.750" intervalms="19.630" />
<cycle-start id="613" type="partial gc" contextid="0" timestamp="2019-06-17T07:20:11.750" intervalms="19.634" />
<gc-start id="614" type="partial gc" contextid="613" timestamp="2019-06-17T07:20:11.750">
  <mem-info id="615" free="0" total="71303168" percent="0">
    <mem type="eden" free="0" total="23068672" percent="0" />
    <arraylet-primitive objects="2" leaves="2" largest="1" />
    <remembered-set count="26080" freebytes="2741888" totalbytes="2846208" percent="96" regionsoverflowed="0" regionsstable="0" regionsrebuilding="0"/>
  </mem-info>
</gc-start>
<allocation-stats totalBytes="23065808" >
  <allocated-bytes non-tlh="0" tlh="23065808" arrayletleaf="0"/>
  <largest-consumer threadName="Thread-9" threadId="0000000001AA7D00" bytes="6917200" />
</allocation-stats>
<gc-op id="616" type="mark" timems="1.573" contextid="613" timestamp="2019-06-17T07:20:11.752">
  <trace-info objectcount="17369" scancount="17369" scanbytes="693168" />
  <cardclean-info objects="5767" bytes="281824" />
  <remembered-set-cleared processed="22625" cleared="599" durationms="0.186" />
  <stringconstants candidates="4597" cleared="0"  />
  <warning details="Mark invoked due to insufficient free space for Copy-Forward" />
</gc-op>
<gc-op id="617" type="classunload" timems="0.003" contextid="613" timestamp="2019-06-17T07:20:11.752">
  <classunload-info classloadercandidates="8" classloadersunloaded="0" classesunloaded="0" anonymousclassesunloaded="0" quiescems="0.000" setupms="0.002" scanms="0.000" postms="0.000" />
</gc-op>
<gc-op id="618" type="sweep" timems="0.412" contextid="613" timestamp="2019-06-17T07:20:11.753" />
<gc-op id="619" type="compact" timems="2.428" contextid="613" timestamp="2019-06-17T07:20:11.756">
  <compact-info movecount="17305" movebytes="691640" />
  <remembered-set-cleared processed="45336" cleared="1278" durationms="0.186" />
</gc-op>
<heap-resize id="620" type="expand" space="default" amount="1048576" count="1" timems="0.057" reason="insufficient free space following gc" timestamp="2019-06-17T07:20:11.756" />
<gc-end id="621" type="partial gc" contextid="613" durationms="6.050" usertimems="4.000" systemtimems="4.000" timestamp="2019-06-17T07:20:11.756" activeThreads="4">
  <mem-info id="622" free="23068672" total="72351744" percent="31">
    <mem type="eden" free="710648" total="1048576" percent="67" />
    <arraylet-primitive objects="2" leaves="2" largest="1" />
    <remembered-set count="26560" freebytes="2781824" totalbytes="2888064" percent="96" regionsoverflowed="0" regionsstable="0" regionsrebuilding="0"/>
  </mem-info>
</gc-end>
<cycle-end id="623" type="partial gc" contextid="613" timestamp="2019-06-17T07:20:11.756" />
  <attribute name="elasticGC enabled" value="1" />
  <attribute name= "numThreadsSpecified" value="4" />
  <attribute name="heapSize specified" value="0" />
  <attribute name="Current GC Util" value="26" />
  <attribute name= "Current Time Running" value="1803" />
  <attribute name ="GC Interval" value="0" />
  <attribute name="ProportionalT" value="9.000000" />
  <attribute name="ProportionalI" value="9.000000" />
  <attribute name="ProportionalH" value="9.000000" />
  <attribute name="Current Error" value="6.000000" />
  <attribute name="IntegralT" value="6.000000" />
  <attribute name="IntegralI" value="6.000000" />
  <attribute name="IntegralH" value="6.000000" />
  <attribute name="DerivativeT" value="-69.000000" />
  <attribute name="DerivativeI" value="-69.000000" />
  <attribute name="DerivativeH" value="-69.000000" />
  <attribute name="Loop Time for DT" value="1.000000" />
  <attribute name="Output H" value="2091843584"/>
  <attribute name="Output I" value="200"/>
  <attribute name="Output T" value="4"/>
  <attribute name="Target GC Util Change" value ="20.000000" />
  <attribute name="Current GC Util Change" value="26.000000"/>
  <attribute name="GC Util currently" value="26" />
  <attribute name="CPU Util currently" value="6864681266195" />
<exclusive-end id="624" timestamp="2019-06-17T07:20:11.756" durationms="6.900" />

<exclusive-start id="625" timestamp="2019-06-17T07:20:11.771" intervalms="21.958">
  <response-info timems="0.222" idlems="0.222" threads="0" lastid="0000000001AA7D00" lastname="Thread-9" />
</exclusive-start>
<allocation-taxation id="626" taxation-threshold="23068672" timestamp="2019-06-17T07:20:11.772" intervalms="21.997" />
<cycle-start id="627" type="partial gc" contextid="0" timestamp="2019-06-17T07:20:11.772" intervalms="21.976" />
<gc-start id="628" type="partial gc" contextid="627" timestamp="2019-06-17T07:20:11.772">
  <mem-info id="629" free="0" total="72351744" percent="0">
    <mem type="eden" free="0" total="23068672" percent="0" />
    <arraylet-primitive objects="2" leaves="2" largest="1" />
    <remembered-set count="26368" freebytes="2782592" totalbytes="2888064" percent="96" regionsoverflowed="0" regionsstable="0" regionsrebuilding="0"/>
  </mem-info>
</gc-start>
<allocation-stats totalBytes="23065800" >
  <allocated-bytes non-tlh="0" tlh="23065800" arrayletleaf="0"/>
  <largest-consumer threadName="Thread-7" threadId="0000000001AAB900" bytes="7109792" />
</allocation-stats>
<gc-op id="630" type="mark" timems="1.606" contextid="627" timestamp="2019-06-17T07:20:11.774">
  <trace-info objectcount="11720" scancount="11720" scanbytes="419708" />
  <cardclean-info objects="7282" bytes="350872" />
  <remembered-set-cleared processed="23130" cleared="381" durationms="0.275" />
  <stringconstants candidates="4597" cleared="0"  />
  <warning details="Mark invoked due to insufficient free space for Copy-Forward" />
</gc-op>
<gc-op id="631" type="classunload" timems="0.002" contextid="627" timestamp="2019-06-17T07:20:11.774">
  <classunload-info classloadercandidates="8" classloadersunloaded="0" classesunloaded="0" anonymousclassesunloaded="0" quiescems="0.000" setupms="0.002" scanms="0.000" postms="0.000" />
</gc-op>
<gc-op id="632" type="sweep" timems="0.409" contextid="627" timestamp="2019-06-17T07:20:11.775" />
<gc-op id="633" type="compact" timems="2.502" contextid="627" timestamp="2019-06-17T07:20:11.777">
  <compact-info movecount="11109" movebytes="373344" />
  <remembered-set-cleared processed="46445" cleared="940" durationms="0.275" />
</gc-op>
<heap-resize id="634" type="expand" space="default" amount="2097152" count="1" timems="0.060" reason="insufficient free space following gc" timestamp="2019-06-17T07:20:11.778" />
<gc-end id="635" type="partial gc" contextid="627" durationms="5.829" usertimems="8.000" systemtimems="0.000" timestamp="2019-06-17T07:20:11.778" activeThreads="1">
  <mem-info id="636" free="24117248" total="74448896" percent="32">
    <mem type="eden" free="957616" total="1048576" percent="91" />
    <arraylet-primitive objects="2" leaves="2" largest="1" />
    <remembered-set count="27552" freebytes="2861568" totalbytes="2971776" percent="96" regionsoverflowed="0" regionsstable="0" regionsrebuilding="0"/>
  </mem-info>
</gc-end>
<cycle-end id="637" type="partial gc" contextid="627" timestamp="2019-06-17T07:20:11.778" />
  <attribute name="elasticGC enabled" value="1" />
  <attribute name= "numThreadsSpecified" value="1" />
  <attribute name="heapSize specified" value="0" />
  <attribute name="Current GC Util" value="32" />
  <attribute name= "Current Time Running" value="1824" />
  <attribute name ="GC Interval" value="0" />
  <attribute name="ProportionalT" value="18.000000" />
  <attribute name="ProportionalI" value="18.000000" />
  <attribute name="ProportionalH" value="18.000000" />
  <attribute name="Current Error" value="12.000000" />
  <attribute name="IntegralT" value="0.000000" />
  <attribute name="IntegralI" value="0.000000" />
  <attribute name="IntegralH" value="0.000000" />
  <attribute name="DerivativeT" value="inf" />
  <attribute name="DerivativeI" value="inf" />
  <attribute name="DerivativeH" value="inf" />
  <attribute name="Loop Time for DT" value="0.000000" />
  <attribute name="Output H" value="8388608"/>
  <attribute name="Output I" value="200"/>
  <attribute name="Output T" value="1"/>
  <attribute name="Target GC Util Change" value ="20.000000" />
  <attribute name="Current GC Util Change" value="32.000000"/>
  <attribute name="GC Util currently" value="32" />
  <attribute name="CPU Util currently" value="7850506793553" />
<exclusive-end id="638" timestamp="2019-06-17T07:20:11.778" durationms="6.758" />

<exclusive-start id="639" timestamp="2019-06-17T07:20:11.794" intervalms="22.402">
  <response-info timems="0.052" idlems="0.052" threads="0" lastid="0000000001AAF500" lastname="Thread-10" />
</exclusive-start>
<allocation-taxation id="640" taxation-threshold="24117248" timestamp="2019-06-17T07:20:11.794" intervalms="22.401" />
<cycle-start id="641" type="partial gc" contextid="0" timestamp="2019-06-17T07:20:11.794" intervalms="22.406" />
<gc-start id="642" type="partial gc" contextid="641" timestamp="2019-06-17T07:20:11.794">
  <mem-info id="643" free="0" total="74448896" percent="0">
    <mem type="eden" free="0" total="24117248" percent="0" />
    <arraylet-primitive objects="2" leaves="2" largest="1" />
    <remembered-set count="27232" freebytes="2862848" totalbytes="2971776" percent="96" regionsoverflowed="0" regionsstable="0" regionsrebuilding="0"/>
  </mem-info>
</gc-start>
<allocation-stats totalBytes="24114240" >
  <allocated-bytes non-tlh="0" tlh="24114240" arrayletleaf="0"/>
  <largest-consumer threadName="Thread-7" threadId="0000000001AAB900" bytes="8375440" />
</allocation-stats>
<gc-op id="644" type="mark" timems="1.793" contextid="641" timestamp="2019-06-17T07:20:11.797">
  <trace-info objectcount="15021" scancount="15021" scanbytes="499004" />
  <cardclean-info objects="9771" bytes="473440" />
  <remembered-set-cleared processed="23812" cleared="622" durationms="0.289" />
  <stringconstants candidates="4597" cleared="0"  />
  <warning details="Mark invoked due to insufficient free space for Copy-Forward" />
</gc-op>
<gc-op id="645" type="classunload" timems="0.002" contextid="641" timestamp="2019-06-17T07:20:11.797">
  <classunload-info classloadercandidates="8" classloadersunloaded="0" classesunloaded="0" anonymousclassesunloaded="0" quiescems="0.000" setupms="0.002" scanms="0.000" postms="0.000" />
</gc-op>
<gc-op id="646" type="sweep" timems="0.433" contextid="641" timestamp="2019-06-17T07:20:11.797" />
<gc-op id="647" type="compact" timems="2.266" contextid="641" timestamp="2019-06-17T07:20:11.800">
  <compact-info movecount="14769" movebytes="492960" />
  <remembered-set-cleared processed="47836" cleared="1449" durationms="0.289" />
</gc-op>
<heap-resize id="648" type="expand" space="default" amount="1048576" count="1" timems="0.055" reason="insufficient free space following gc" timestamp="2019-06-17T07:20:11.800" />
<gc-end id="649" type="partial gc" contextid="641" durationms="5.928" usertimems="12.000" systemtimems="0.000" timestamp="2019-06-17T07:20:11.800" activeThreads="4">
  <mem-info id="650" free="24117248" total="75497472" percent="31">
    <mem type="eden" free="634960" total="1048576" percent="60" />
    <arraylet-primitive objects="2" leaves="2" largest="1" />
    <remembered-set count="28320" freebytes="2900352" totalbytes="3013632" percent="96" regionsoverflowed="0" regionsstable="0" regionsrebuilding="0"/>
  </mem-info>
</gc-end>
<cycle-end id="651" type="partial gc" contextid="641" timestamp="2019-06-17T07:20:11.800" />
  <attribute name="elasticGC enabled" value="1" />
  <attribute name= "numThreadsSpecified" value="4" />
  <attribute name="heapSize specified" value="0" />
  <attribute name="Current GC Util" value="33" />
  <attribute name= "Current Time Running" value="1847" />
  <attribute name ="GC Interval" value="0" />
  <attribute name="ProportionalT" value="19.500000" />
  <attribute name="ProportionalI" value="19.500000" />
  <attribute name="ProportionalH" value="19.500000" />
  <attribute name="Current Error" value="13.000000" />
  <attribute name="IntegralT" value="13.000000" />
  <attribute name="IntegralI" value="13.000000" />
  <attribute name="IntegralH" value="13.000000" />
  <attribute name="DerivativeT" value="19.500000" />
  <attribute name="DerivativeI" value="19.500000" />
  <attribute name="DerivativeH" value="19.500000" />
  <attribute name="Loop Time for DT" value="1.000000" />
  <attribute name="Output H" value="8388608"/>
  <attribute name="Output I" value="200"/>
  <attribute name="Output T" value="4"/>
  <attribute name="Target GC Util Change" value ="20.000000" />
  <attribute name="Current GC Util Change" value="33.000000"/>
  <attribute name="GC Util currently" value="33" />
  <attribute name="CPU Util currently" value="7536235073817" />
<exclusive-end id="652" timestamp="2019-06-17T07:20:11.801" durationms="6.767" />

<exclusive-start id="653" timestamp="2019-06-17T07:20:11.815" intervalms="21.503">
  <response-info timems="0.843" idlems="0.450" threads="1" lastid="0000000001AA7D00" lastname="Thread-9" />
</exclusive-start>
<allocation-taxation id="654" taxation-threshold="24117248" timestamp="2019-06-17T07:20:11.816" intervalms="21.549" />
<cycle-start id="655" type="partial gc" contextid="0" timestamp="2019-06-17T07:20:11.816" intervalms="21.609" />
<gc-start id="656" type="partial gc" contextid="655" timestamp="2019-06-17T07:20:11.816">
  <mem-info id="657" free="0" total="75497472" percent="0">
    <mem type="eden" free="0" total="24117248" percent="0" />
    <arraylet-primitive objects="2" leaves="2" largest="1" />
    <remembered-set count="27904" freebytes="2902016" totalbytes="3013632" percent="96" regionsoverflowed="0" regionsstable="0" regionsrebuilding="0"/>
  </mem-info>
</gc-start>
<allocation-stats totalBytes="24114288" >
  <allocated-bytes non-tlh="0" tlh="24114288" arrayletleaf="0"/>
  <largest-consumer threadName="Thread-7" threadId="0000000001AAB900" bytes="7281768" />
</allocation-stats>
<gc-op id="658" type="mark" timems="2.179" contextid="655" timestamp="2019-06-17T07:20:11.819">
  <trace-info objectcount="26010" scancount="26010" scanbytes="1037332" />
  <cardclean-info objects="8156" bytes="404008" />
  <remembered-set-cleared processed="24635" cleared="775" durationms="0.209" />
  <stringconstants candidates="4597" cleared="0"  />
  <warning details="Mark invoked due to insufficient free space for Copy-Forward" />
</gc-op>
<gc-op id="659" type="classunload" timems="0.003" contextid="655" timestamp="2019-06-17T07:20:11.819">
  <classunload-info classloadercandidates="8" classloadersunloaded="0" classesunloaded="0" anonymousclassesunloaded="0" quiescems="0.000" setupms="0.003" scanms="0.000" postms="0.000" />
</gc-op>
<gc-op id="660" type="sweep" timems="0.488" contextid="655" timestamp="2019-06-17T07:20:11.820" />
<gc-op id="661" type="compact" timems="2.689" contextid="655" timestamp="2019-06-17T07:20:11.823">
  <compact-info movecount="25958" movebytes="1036096" />
  <remembered-set-cleared processed="49397" cleared="1671" durationms="0.209" />
</gc-op>
<heap-resize id="662" type="expand" space="default" amount="1048576" count="1" timems="0.068" reason="insufficient free space following gc" timestamp="2019-06-17T07:20:11.823" />
<gc-end id="663" type="partial gc" contextid="655" durationms="7.115" usertimems="8.000" systemtimems="0.000" timestamp="2019-06-17T07:20:11.823" activeThreads="4">
  <mem-info id="664" free="24117248" total="76546048" percent="31">
    <mem type="eden" free="126384" total="1048576" percent="12" />
    <arraylet-primitive objects="2" leaves="2" largest="1" />
    <remembered-set count="29088" freebytes="2939136" totalbytes="3055488" percent="96" regionsoverflowed="0" regionsstable="0" regionsrebuilding="0"/>
  </mem-info>
</gc-end>
<cycle-end id="665" type="partial gc" contextid="655" timestamp="2019-06-17T07:20:11.823" />
  <attribute name="elasticGC enabled" value="1" />
  <attribute name= "numThreadsSpecified" value="4" />
  <attribute name="heapSize specified" value="0" />
  <attribute name="Current GC Util" value="25" />
  <attribute name= "Current Time Running" value="1869" />
  <attribute name ="GC Interval" value="0" />
  <attribute name="ProportionalT" value="7.500000" />
  <attribute name="ProportionalI" value="7.500000" />
  <attribute name="ProportionalH" value="7.500000" />
  <attribute name="Current Error" value="5.000000" />
  <attribute name="IntegralT" value="0.000000" />
  <attribute name="IntegralI" value="0.000000" />
  <attribute name="IntegralH" value="0.000000" />
  <attribute name="DerivativeT" value="-inf" />
  <attribute name="DerivativeI" value="-inf" />
  <attribute name="DerivativeH" value="-inf" />
  <attribute name="Loop Time for DT" value="0.000000" />
  <attribute name="Output H" value="2091843584"/>
  <attribute name="Output I" value="200"/>
  <attribute name="Output T" value="4"/>
  <attribute name="Target GC Util Change" value ="20.000000" />
  <attribute name="Current GC Util Change" value="25.000000"/>
  <attribute name="GC Util currently" value="25" />
  <attribute name="CPU Util currently" value="5913069914662" />
<exclusive-end id="666" timestamp="2019-06-17T07:20:11.824" durationms="8.260" />

<exclusive-start id="667" timestamp="2019-06-17T07:20:11.840" intervalms="24.647">
  <response-info timems="0.248" idlems="0.248" threads="0" lastid="0000000001AB3100" lastname="Thread-8" />
</exclusive-start>
<allocation-taxation id="668" taxation-threshold="24117248" timestamp="2019-06-17T07:20:11.840" intervalms="24.556" />
<cycle-start id="669" type="partial gc" contextid="0" timestamp="2019-06-17T07:20:11.840" intervalms="24.470" />
<gc-start id="670" type="partial gc" contextid="669" timestamp="2019-06-17T07:20:11.840">
  <mem-info id="671" free="0" total="76546048" percent="0">
    <mem type="eden" free="0" total="24117248" percent="0" />
    <arraylet-primitive objects="2" leaves="2" largest="1" />
    <remembered-set count="28992" freebytes="2939520" totalbytes="3055488" percent="96" regionsoverflowed="0" regionsstable="0" regionsrebuilding="0"/>
  </mem-info>
</gc-start>
<allocation-stats totalBytes="24114072" >
  <allocated-bytes non-tlh="0" tlh="24114072" arrayletleaf="0"/>
  <largest-consumer threadName="Thread-8" threadId="0000000001AB3100" bytes="7240864" />
</allocation-stats>
<gc-op id="672" type="mark" timems="1.965" contextid="669" timestamp="2019-06-17T07:20:11.843">
  <trace-info objectcount="25221" scancount="25221" scanbytes="1018732" />
  <cardclean-info objects="4096" bytes="206056" />
  <remembered-set-cleared processed="25394" cleared="556" durationms="0.318" />
  <stringconstants candidates="4597" cleared="0"  />
  <warning details="Mark invoked due to insufficient free space for Copy-Forward" />
</gc-op>
<gc-op id="673" type="classunload" timems="0.002" contextid="669" timestamp="2019-06-17T07:20:11.843">
  <classunload-info classloadercandidates="8" classloadersunloaded="0" classesunloaded="0" anonymousclassesunloaded="0" quiescems="0.000" setupms="0.002" scanms="0.000" postms="0.000" />
</gc-op>
<gc-op id="674" type="sweep" timems="0.505" contextid="669" timestamp="2019-06-17T07:20:11.844" />
<gc-op id="675" type="compact" timems="3.537" contextid="669" timestamp="2019-06-17T07:20:11.847">
  <compact-info movecount="25221" movebytes="1018744" />
  <remembered-set-cleared processed="50965" cleared="1283" durationms="0.318" />
</gc-op>
<heap-resize id="676" type="expand" space="default" amount="2097152" count="1" timems="0.063" reason="insufficient free space following gc" timestamp="2019-06-17T07:20:11.848" />
<gc-end id="677" type="partial gc" contextid="669" durationms="7.275" usertimems="8.000" systemtimems="0.000" timestamp="2019-06-17T07:20:11.848" activeThreads="1">
  <mem-info id="678" free="25165824" total="78643200" percent="32">
    <mem type="eden" free="634464" total="1048576" percent="60" />
    <arraylet-primitive objects="2" leaves="2" largest="1" />
    <remembered-set count="30080" freebytes="3018880" totalbytes="3139200" percent="96" regionsoverflowed="0" regionsstable="0" regionsrebuilding="0"/>
  </mem-info>
</gc-end>
<cycle-end id="679" type="partial gc" contextid="669" timestamp="2019-06-17T07:20:11.848" />
  <attribute name="elasticGC enabled" value="1" />
  <attribute name= "numThreadsSpecified" value="1" />
  <attribute name="heapSize specified" value="0" />
  <attribute name="Current GC Util" value="27" />
  <attribute name= "Current Time Running" value="1893" />
  <attribute name ="GC Interval" value="0" />
  <attribute name="ProportionalT" value="10.500000" />
  <attribute name="ProportionalI" value="10.500000" />
  <attribute name="ProportionalH" value="10.500000" />
  <attribute name="Current Error" value="7.000000" />
  <attribute name="IntegralT" value="0.000000" />
  <attribute name="IntegralI" value="0.000000" />
  <attribute name="IntegralH" value="0.000000" />
  <attribute name="DerivativeT" value="inf" />
  <attribute name="DerivativeI" value="inf" />
  <attribute name="DerivativeH" value="inf" />
  <attribute name="Loop Time for DT" value="0.000000" />
  <attribute name="Output H" value="8388608"/>
  <attribute name="Output I" value="200"/>
  <attribute name="Output T" value="1"/>
  <attribute name="Target GC Util Change" value ="20.000000" />
  <attribute name="Current GC Util Change" value="27.000000"/>
  <attribute name="GC Util currently" value="27" />
  <attribute name="CPU Util currently" value="6701084000628" />
<exclusive-end id="680" timestamp="2019-06-17T07:20:11.848" durationms="8.180" />

<exclusive-start id="681" timestamp="2019-06-17T07:20:11.873" intervalms="33.191">
  <response-info timems="7.133" idlems="3.569" threads="1" lastid="0000000001AA7D00" lastname="Thread-9" />
</exclusive-start>
<allocation-taxation id="682" taxation-threshold="25165824" timestamp="2019-06-17T07:20:11.873" intervalms="33.319" />
<cycle-start id="683" type="partial gc" contextid="0" timestamp="2019-06-17T07:20:11.874" intervalms="33.380" />
<gc-start id="684" type="partial gc" contextid="683" timestamp="2019-06-17T07:20:11.874">
  <mem-info id="685" free="0" total="78643200" percent="0">
    <mem type="eden" free="0" total="25165824" percent="0" />
    <arraylet-primitive objects="2" leaves="2" largest="1" />
    <remembered-set count="29920" freebytes="3019520" totalbytes="3139200" percent="96" regionsoverflowed="0" regionsstable="0" regionsrebuilding="0"/>
  </mem-info>
</gc-start>
<allocation-stats totalBytes="25163040" >
  <allocated-bytes non-tlh="0" tlh="25163040" arrayletleaf="0"/>
  <largest-consumer threadName="Thread-7" threadId="0000000001AAB900" bytes="7175312" />
</allocation-stats>
<gc-op id="686" type="mark" timems="2.482" contextid="683" timestamp="2019-06-17T07:20:11.877">
  <trace-info objectcount="30800" scancount="30800" scanbytes="1152276" />
  <cardclean-info objects="10530" bytes="513280" />
  <remembered-set-cleared processed="25920" cleared="441" durationms="0.328" />
  <stringconstants candidates="4597" cleared="0"  />
  <warning details="Mark invoked due to insufficient free space for Copy-Forward" />
</gc-op>
<gc-op id="687" type="classunload" timems="0.002" contextid="683" timestamp="2019-06-17T07:20:11.877">
  <classunload-info classloadercandidates="8" classloadersunloaded="0" classesunloaded="0" anonymousclassesunloaded="0" quiescems="0.000" setupms="0.002" scanms="0.000" postms="0.000" />
</gc-op>
<gc-op id="688" type="sweep" timems="0.549" contextid="683" timestamp="2019-06-17T07:20:11.878" />
<gc-op id="689" type="compact" timems="3.236" contextid="683" timestamp="2019-06-17T07:20:11.881">
  <compact-info movecount="30334" movebytes="1141104" />
  <remembered-set-cleared processed="52149" cleared="1184" durationms="0.328" />
</gc-op>
<heap-resize id="690" type="expand" space="default" amount="1048576" count="1" timems="0.066" reason="insufficient free space following gc" timestamp="2019-06-17T07:20:11.882" />
<gc-end id="691" type="partial gc" contextid="683" durationms="7.829" usertimems="4.000" systemtimems="12.000" timestamp="2019-06-17T07:20:11.882" activeThreads="4">
  <mem-info id="692" free="25165824" total="79691776" percent="31">
    <mem type="eden" free="303088" total="1048576" percent="28" />
    <arraylet-primitive objects="2" leaves="2" largest="1" />
    <remembered-set count="30752" freebytes="3058048" totalbytes="3181056" percent="96" regionsoverflowed="0" regionsstable="0" regionsrebuilding="0"/>
  </mem-info>
</gc-end>
<cycle-end id="693" type="partial gc" contextid="683" timestamp="2019-06-17T07:20:11.882" />
  <attribute name="elasticGC enabled" value="1" />
  <attribute name= "numThreadsSpecified" value="4" />
  <attribute name="heapSize specified" value="0" />
  <attribute name="Current GC Util" value="24" />
  <attribute name= "Current Time Running" value="1928" />
  <attribute name ="GC Interval" value="0" />
  <attribute name="ProportionalT" value="6.000000" />
  <attribute name="ProportionalI" value="6.000000" />
  <attribute name="ProportionalH" value="6.000000" />
  <attribute name="Current Error" value="4.000000" />
  <attribute name="IntegralT" value="4.000000" />
  <attribute name="IntegralI" value="4.000000" />
  <attribute name="IntegralH" value="4.000000" />
  <attribute name="DerivativeT" value="6.000000" />
  <attribute name="DerivativeI" value="6.000000" />
  <attribute name="DerivativeH" value="6.000000" />
  <attribute name="Loop Time for DT" value="1.000000" />
  <attribute name="Output H" value="8388608"/>
  <attribute name="Output I" value="200"/>
  <attribute name="Output T" value="4"/>
  <attribute name="Target GC Util Change" value ="20.000000" />
  <attribute name="Current GC Util Change" value="24.000000"/>
  <attribute name="GC Util currently" value="24" />
  <attribute name="CPU Util currently" value="5795395550173" />
<exclusive-end id="694" timestamp="2019-06-17T07:20:11.882" durationms="8.842" />

<exclusive-start id="695" timestamp="2019-06-17T07:20:11.909" intervalms="35.850">
  <response-info timems="0.032" idlems="0.032" threads="0" lastid="0000000001AAB900" lastname="Thread-7" />
</exclusive-start>
<allocation-taxation id="696" taxation-threshold="25165824" timestamp="2019-06-17T07:20:11.909" intervalms="35.721" />
<cycle-start id="697" type="partial gc" contextid="0" timestamp="2019-06-17T07:20:11.909" intervalms="35.685" />
<gc-start id="698" type="partial gc" contextid="697" timestamp="2019-06-17T07:20:11.910">
  <mem-info id="699" free="0" total="79691776" percent="0">
    <mem type="eden" free="0" total="25165824" percent="0" />
    <arraylet-primitive objects="2" leaves="2" largest="1" />
    <remembered-set count="30560" freebytes="3058816" totalbytes="3181056" percent="96" regionsoverflowed="0" regionsstable="0" regionsrebuilding="0"/>
  </mem-info>
</gc-start>
<allocation-stats totalBytes="25162464" >
  <allocated-bytes non-tlh="0" tlh="25162464" arrayletleaf="0"/>
  <largest-consumer threadName="Thread-7" threadId="0000000001AAB900" bytes="8092776" />
</allocation-stats>
<gc-op id="700" type="mark" timems="1.965" contextid="697" timestamp="2019-06-17T07:20:11.912">
  <trace-info objectcount="23862" scancount="23862" scanbytes="985740" />
  <cardclean-info objects="7402" bytes="368680" />
  <remembered-set-cleared processed="26642" cleared="1803" durationms="0.224" />
  <stringconstants candidates="4597" cleared="0"  />
  <warning details="Mark invoked due to insufficient free space for Copy-Forward" />
</gc-op>
<gc-op id="701" type="classunload" timems="0.002" contextid="697" timestamp="2019-06-17T07:20:11.912">
  <classunload-info classloadercandidates="8" classloadersunloaded="0" classesunloaded="0" anonymousclassesunloaded="0" quiescems="0.000" setupms="0.002" scanms="0.000" postms="0.000" />
</gc-op>
<gc-op id="702" type="sweep" timems="0.426" contextid="697" timestamp="2019-06-17T07:20:11.913" />
<gc-op id="703" type="compact" timems="2.617" contextid="697" timestamp="2019-06-17T07:20:11.916">
  <compact-info movecount="23846" movebytes="985368" />
  <remembered-set-cleared processed="52459" cleared="2774" durationms="0.224" />
</gc-op>
<heap-resize id="704" type="expand" space="default" amount="2097152" count="1" timems="0.062" reason="insufficient free space following gc" timestamp="2019-06-17T07:20:11.916" />
<gc-end id="705" type="partial gc" contextid="697" durationms="6.512" usertimems="8.000" systemtimems="4.000" timestamp="2019-06-17T07:20:11.916" activeThreads="4">
  <mem-info id="706" free="26214400" total="81788928" percent="32">
    <mem type="eden" free="473128" total="1048576" percent="45" />
    <arraylet-primitive objects="2" leaves="2" largest="1" />
    <remembered-set count="30592" freebytes="3142400" totalbytes="3264768" percent="96" regionsoverflowed="0" regionsstable="0" regionsrebuilding="0"/>
  </mem-info>
</gc-end>
<cycle-end id="707" type="partial gc" contextid="697" timestamp="2019-06-17T07:20:11.916" />
  <attribute name="elasticGC enabled" value="1" />
  <attribute name= "numThreadsSpecified" value="4" />
  <attribute name="heapSize specified" value="0" />
  <attribute name="Current GC Util" value="26" />
  <attribute name= "Current Time Running" value="1962" />
  <attribute name ="GC Interval" value="0" />
  <attribute name="ProportionalT" value="9.000000" />
  <attribute name="ProportionalI" value="9.000000" />
  <attribute name="ProportionalH" value="9.000000" />
  <attribute name="Current Error" value="6.000000" />
  <attribute name="IntegralT" value="0.000000" />
  <attribute name="IntegralI" value="0.000000" />
  <attribute name="IntegralH" value="0.000000" />
  <attribute name="DerivativeT" value="-inf" />
  <attribute name="DerivativeI" value="-inf" />
  <attribute name="DerivativeH" value="-inf" />
  <attribute name="Loop Time for DT" value="0.000000" />
  <attribute name="Output H" value="2091843584"/>
  <attribute name="Output I" value="200"/>
  <attribute name="Output T" value="4"/>
  <attribute name="Target GC Util Change" value ="20.000000" />
  <attribute name="Current GC Util Change" value="26.000000"/>
  <attribute name="GC Util currently" value="26" />
  <attribute name="CPU Util currently" value="6822959384604" />
<exclusive-end id="708" timestamp="2019-06-17T07:20:11.917" durationms="7.490" />

<exclusive-start id="709" timestamp="2019-06-17T07:20:11.946" intervalms="37.090">
  <response-info timems="0.054" idlems="0.054" threads="0" lastid="0000000001AA7D00" lastname="Thread-9" />
</exclusive-start>
<allocation-taxation id="710" taxation-threshold="26214400" timestamp="2019-06-17T07:20:11.946" intervalms="37.130" />
<cycle-start id="711" type="partial gc" contextid="0" timestamp="2019-06-17T07:20:11.946" intervalms="37.095" />
<gc-start id="712" type="partial gc" contextid="711" timestamp="2019-06-17T07:20:11.947">
  <mem-info id="713" free="0" total="81788928" percent="0">
    <mem type="eden" free="0" total="26214400" percent="0" />
    <arraylet-primitive objects="2" leaves="2" largest="1" />
    <remembered-set count="30240" freebytes="3143808" totalbytes="3264768" percent="96" regionsoverflowed="0" regionsstable="0" regionsrebuilding="0"/>
  </mem-info>
</gc-start>
<allocation-stats totalBytes="26211168" >
  <allocated-bytes non-tlh="0" tlh="26211168" arrayletleaf="0"/>
  <largest-consumer threadName="Thread-8" threadId="0000000001AB3100" bytes="8735744" />
</allocation-stats>
<gc-op id="714" type="mark" timems="1.771" contextid="711" timestamp="2019-06-17T07:20:11.949">
  <trace-info objectcount="17391" scancount="17391" scanbytes="693280" />
  <cardclean-info objects="5764" bytes="281032" />
  <remembered-set-cleared processed="26470" cleared="372" durationms="0.229" />
  <stringconstants candidates="4597" cleared="0"  />
  <warning details="Mark invoked due to insufficient free space for Copy-Forward" />
</gc-op>
<gc-op id="715" type="classunload" timems="0.002" contextid="711" timestamp="2019-06-17T07:20:11.949">
  <classunload-info classloadercandidates="8" classloadersunloaded="0" classesunloaded="0" anonymousclassesunloaded="0" quiescems="0.000" setupms="0.002" scanms="0.000" postms="0.000" />
</gc-op>
<gc-op id="716" type="sweep" timems="0.488" contextid="711" timestamp="2019-06-17T07:20:11.950" />
<gc-op id="717" type="compact" timems="2.542" contextid="711" timestamp="2019-06-17T07:20:11.952">
  <compact-info movecount="16948" movebytes="682656" />
  <remembered-set-cleared processed="53170" cleared="967" durationms="0.229" />
</gc-op>
<heap-resize id="718" type="expand" space="default" amount="1048576" count="1" timems="0.057" reason="insufficient free space following gc" timestamp="2019-06-17T07:20:11.953" />
<gc-end id="719" type="partial gc" contextid="711" durationms="6.341" usertimems="12.000" systemtimems="0.000" timestamp="2019-06-17T07:20:11.953" activeThreads="4">
  <mem-info id="720" free="26214400" total="82837504" percent="31">
    <mem type="eden" free="925528" total="1048576" percent="88" />
    <arraylet-primitive objects="2" leaves="2" largest="1" />
    <remembered-set count="30976" freebytes="3182720" totalbytes="3306624" percent="96" regionsoverflowed="0" regionsstable="0" regionsrebuilding="0"/>
  </mem-info>
</gc-end>
<cycle-end id="721" type="partial gc" contextid="711" timestamp="2019-06-17T07:20:11.953" />
  <attribute name="elasticGC enabled" value="1" />
  <attribute name= "numThreadsSpecified" value="4" />
  <attribute name="heapSize specified" value="0" />
  <attribute name="Current GC Util" value="24" />
  <attribute name= "Current Time Running" value="1999" />
  <attribute name ="GC Interval" value="0" />
  <attribute name="ProportionalT" value="6.000000" />
  <attribute name="ProportionalI" value="6.000000" />
  <attribute name="ProportionalH" value="6.000000" />
  <attribute name="Current Error" value="4.000000" />
  <attribute name="IntegralT" value="0.000000" />
  <attribute name="IntegralI" value="0.000000" />
  <attribute name="IntegralH" value="0.000000" />
  <attribute name="DerivativeT" value="-inf" />
  <attribute name="DerivativeI" value="-inf" />
  <attribute name="DerivativeH" value="-inf" />
  <attribute name="Loop Time for DT" value="0.000000" />
  <attribute name="Output H" value="2091843584"/>
  <attribute name="Output I" value="200"/>
  <attribute name="Output T" value="4"/>
  <attribute name="Target GC Util Change" value ="20.000000" />
  <attribute name="Current GC Util Change" value="24.000000"/>
  <attribute name="GC Util currently" value="24" />
  <attribute name="CPU Util currently" value="6213811727734" />
<exclusive-end id="722" timestamp="2019-06-17T07:20:11.953" durationms="7.163" />

<exclusive-start id="723" timestamp="2019-06-17T07:20:11.983" intervalms="36.391">
  <response-info timems="0.028" idlems="0.028" threads="0" lastid="0000000001AAB900" lastname="Thread-7" />
</exclusive-start>
<allocation-taxation id="724" taxation-threshold="26214400" timestamp="2019-06-17T07:20:11.983" intervalms="36.341" />
<cycle-start id="725" type="partial gc" contextid="0" timestamp="2019-06-17T07:20:11.983" intervalms="36.310" />
<gc-start id="726" type="partial gc" contextid="725" timestamp="2019-06-17T07:20:11.983">
  <mem-info id="727" free="0" total="82837504" percent="0">
    <mem type="eden" free="0" total="26214400" percent="0" />
    <arraylet-primitive objects="2" leaves="2" largest="1" />
    <remembered-set count="30688" freebytes="3183872" totalbytes="3306624" percent="96" regionsoverflowed="0" regionsstable="0" regionsrebuilding="0"/>
  </mem-info>
</gc-start>
<allocation-stats totalBytes="26211248" >
  <allocated-bytes non-tlh="0" tlh="26211248" arrayletleaf="0"/>
  <largest-consumer threadName="Thread-9" threadId="0000000001AA7D00" bytes="8485920" />
</allocation-stats>
<gc-op id="728" type="mark" timems="2.014" contextid="725" timestamp="2019-06-17T07:20:11.985">
  <trace-info objectcount="19183" scancount="19182" scanbytes="698520" />
  <cardclean-info objects="10345" bytes="504668" />
  <remembered-set-cleared processed="27052" cleared="558" durationms="0.319" />
  <stringconstants candidates="4597" cleared="0"  />
  <warning details="Mark invoked due to insufficient free space for Copy-Forward" />
</gc-op>
<gc-op id="729" type="classunload" timems="0.002" contextid="725" timestamp="2019-06-17T07:20:11.986">
  <classunload-info classloadercandidates="8" classloadersunloaded="0" classesunloaded="0" anonymousclassesunloaded="0" quiescems="0.000" setupms="0.002" scanms="0.000" postms="0.000" />
</gc-op>
<gc-op id="730" type="sweep" timems="0.498" contextid="725" timestamp="2019-06-17T07:20:11.986" />
<gc-op id="731" type="compact" timems="2.741" contextid="725" timestamp="2019-06-17T07:20:11.989">
  <compact-info movecount="18568" movebytes="683808" />
  <remembered-set-cleared processed="54370" cleared="1374" durationms="0.319" />
</gc-op>
<heap-resize id="732" type="expand" space="default" amount="2097152" count="1" timems="0.075" reason="insufficient free space following gc" timestamp="2019-06-17T07:20:11.989" />
<gc-end id="733" type="partial gc" contextid="725" durationms="6.706" usertimems="12.000" systemtimems="0.000" timestamp="2019-06-17T07:20:11.990" activeThreads="4">
  <mem-info id="734" free="27262976" total="84934656" percent="32">
    <mem type="eden" free="466120" total="1048576" percent="44" />
    <arraylet-primitive objects="2" leaves="2" largest="1" />
    <remembered-set count="32416" freebytes="3260672" totalbytes="3390336" percent="96" regionsoverflowed="0" regionsstable="0" regionsrebuilding="0"/>
  </mem-info>
</gc-end>
<cycle-end id="735" type="partial gc" contextid="725" timestamp="2019-06-17T07:20:11.990" />
  <attribute name="elasticGC enabled" value="1" />
  <attribute name= "numThreadsSpecified" value="4" />
  <attribute name="heapSize specified" value="0" />
  <attribute name="Current GC Util" value="27" />
  <attribute name= "Current Time Running" value="2036" />
  <attribute name ="GC Interval" value="0" />
  <attribute name="ProportionalT" value="10.500000" />
  <attribute name="ProportionalI" value="10.500000" />
  <attribute name="ProportionalH" value="10.500000" />
  <attribute name="Current Error" value="7.000000" />
  <attribute name="IntegralT" value="7.000000" />
  <attribute name="IntegralI" value="7.000000" />
  <attribute name="IntegralH" value="7.000000" />
  <attribute name="DerivativeT" value="10.500000" />
  <attribute name="DerivativeI" value="10.500000" />
  <attribute name="DerivativeH" value="10.500000" />
  <attribute name="Loop Time for DT" value="1.000000" />
  <attribute name="Output H" value="8388608"/>
  <attribute name="Output I" value="200"/>
  <attribute name="Output T" value="4"/>
  <attribute name="Target GC Util Change" value ="20.000000" />
  <attribute name="Current GC Util Change" value="27.000000"/>
  <attribute name="GC Util currently" value="27" />
  <attribute name="CPU Util currently" value="6736508913285" />
<exclusive-end id="736" timestamp="2019-06-17T07:20:11.990" durationms="7.497" />

<exclusive-start id="737" timestamp="2019-06-17T07:20:12.018" intervalms="35.875">
  <response-info timems="0.028" idlems="0.028" threads="0" lastid="0000000001AAB900" lastname="Thread-7" />
</exclusive-start>
<allocation-taxation id="738" taxation-threshold="27262976" timestamp="2019-06-17T07:20:12.019" intervalms="35.919" />
<cycle-start id="739" type="partial gc" contextid="0" timestamp="2019-06-17T07:20:12.019" intervalms="35.958" />
<gc-start id="740" type="partial gc" contextid="739" timestamp="2019-06-17T07:20:12.019">
  <mem-info id="741" free="0" total="84934656" percent="0">
    <mem type="eden" free="0" total="27262976" percent="0" />
    <arraylet-primitive objects="2" leaves="2" largest="1" />
    <remembered-set count="31968" freebytes="3262464" totalbytes="3390336" percent="96" regionsoverflowed="0" regionsstable="0" regionsrebuilding="0"/>
  </mem-info>
</gc-start>
<allocation-stats totalBytes="27259928" >
  <allocated-bytes non-tlh="0" tlh="27259928" arrayletleaf="0"/>
  <largest-consumer threadName="Thread-7" threadId="0000000001AAB900" bytes="9489368" />
</allocation-stats>
<gc-op id="742" type="mark" timems="2.052" contextid="739" timestamp="2019-06-17T07:20:12.022">
  <trace-info objectcount="19148" scancount="19147" scanbytes="735664" />
  <cardclean-info objects="7411" bytes="360864" />
  <remembered-set-cleared processed="27949" cleared="654" durationms="0.355" />
  <stringconstants candidates="4597" cleared="0"  />
  <warning details="Mark invoked due to insufficient free space for Copy-Forward" />
</gc-op>
<gc-op id="743" type="classunload" timems="0.003" contextid="739" timestamp="2019-06-17T07:20:12.022">
  <classunload-info classloadercandidates="8" classloadersunloaded="0" classesunloaded="0" anonymousclassesunloaded="0" quiescems="0.000" setupms="0.003" scanms="0.000" postms="0.000" />
</gc-op>
<gc-op id="744" type="sweep" timems="0.507" contextid="739" timestamp="2019-06-17T07:20:12.022" />
<gc-op id="745" type="compact" timems="2.836" contextid="739" timestamp="2019-06-17T07:20:12.025">
  <compact-info movecount="19001" movebytes="732184" />
  <remembered-set-cleared processed="56159" cleared="1562" durationms="0.355" />
</gc-op>
<heap-resize id="746" type="expand" space="default" amount="1048576" count="1" timems="0.065" reason="insufficient free space following gc" timestamp="2019-06-17T07:20:12.026" />
<gc-end id="747" type="partial gc" contextid="739" durationms="7.035" usertimems="8.000" systemtimems="4.000" timestamp="2019-06-17T07:20:12.026" activeThreads="4">
  <mem-info id="748" free="27262976" total="85983232" percent="31">
    <mem type="eden" free="893976" total="1048576" percent="85" />
    <arraylet-primitive objects="2" leaves="2" largest="1" />
    <remembered-set count="32800" freebytes="3300992" totalbytes="3432192" percent="96" regionsoverflowed="0" regionsstable="0" regionsrebuilding="0"/>
  </mem-info>
</gc-end>
<cycle-end id="749" type="partial gc" contextid="739" timestamp="2019-06-17T07:20:12.026" />
  <attribute name="elasticGC enabled" value="1" />
  <attribute name= "numThreadsSpecified" value="4" />
  <attribute name="heapSize specified" value="0" />
  <attribute name="Current GC Util" value="27" />
  <attribute name= "Current Time Running" value="2072" />
  <attribute name ="GC Interval" value="0" />
  <attribute name="ProportionalT" value="10.500000" />
  <attribute name="ProportionalI" value="10.500000" />
  <attribute name="ProportionalH" value="10.500000" />
  <attribute name="Current Error" value="7.000000" />
  <attribute name="IntegralT" value="7.000000" />
  <attribute name="IntegralI" value="7.000000" />
  <attribute name="IntegralH" value="7.000000" />
  <attribute name="DerivativeT" value="10.500000" />
  <attribute name="DerivativeI" value="10.500000" />
  <attribute name="DerivativeH" value="10.500000" />
  <attribute name="Loop Time for DT" value="1.000000" />
  <attribute name="Output H" value="8388608"/>
  <attribute name="Output I" value="200"/>
  <attribute name="Output T" value="4"/>
  <attribute name="Target GC Util Change" value ="20.000000" />
  <attribute name="Current GC Util Change" value="27.000000"/>
  <attribute name="GC Util currently" value="27" />
  <attribute name="CPU Util currently" value="6339348712890" />
<exclusive-end id="750" timestamp="2019-06-17T07:20:12.026" durationms="7.848" />

<exclusive-start id="751" timestamp="2019-06-17T07:20:12.057" intervalms="38.793">
  <response-info timems="0.050" idlems="0.027" threads="1" lastid="0000000001AB3100" lastname="Thread-8" />
</exclusive-start>
<allocation-taxation id="752" taxation-threshold="27262976" timestamp="2019-06-17T07:20:12.057" intervalms="38.803" />
<cycle-start id="753" type="partial gc" contextid="0" timestamp="2019-06-17T07:20:12.058" intervalms="38.862" />
<gc-start id="754" type="partial gc" contextid="753" timestamp="2019-06-17T07:20:12.058">
  <mem-info id="755" free="0" total="85983232" percent="0">
    <mem type="eden" free="0" total="27262976" percent="0" />
    <arraylet-primitive objects="2" leaves="2" largest="1" />
    <remembered-set count="32352" freebytes="3302784" totalbytes="3432192" percent="96" regionsoverflowed="0" regionsstable="0" regionsrebuilding="0"/>
  </mem-info>
</gc-start>
<allocation-stats totalBytes="27259400" >
  <allocated-bytes non-tlh="0" tlh="27259400" arrayletleaf="0"/>
  <largest-consumer threadName="Thread-7" threadId="0000000001AAB900" bytes="9276352" />
</allocation-stats>
<gc-op id="756" type="mark" timems="2.010" contextid="753" timestamp="2019-06-17T07:20:12.060">
  <trace-info objectcount="12756" scancount="12756" scanbytes="346572" />
  <cardclean-info objects="11959" bytes="599824" />
  <remembered-set-cleared processed="28397" cleared="1791" durationms="0.356" />
  <stringconstants candidates="4597" cleared="0"  />
  <warning details="Mark invoked due to insufficient free space for Copy-Forward" />
</gc-op>
<gc-op id="757" type="classunload" timems="0.003" contextid="753" timestamp="2019-06-17T07:20:12.061">
  <classunload-info classloadercandidates="8" classloadersunloaded="0" classesunloaded="0" anonymousclassesunloaded="0" quiescems="0.000" setupms="0.003" scanms="0.000" postms="0.000" />
</gc-op>
<gc-op id="758" type="sweep" timems="0.593" contextid="753" timestamp="2019-06-17T07:20:12.061" />
<gc-op id="759" type="compact" timems="2.589" contextid="753" timestamp="2019-06-17T07:20:12.064">
  <compact-info movecount="12717" movebytes="342976" />
  <remembered-set-cleared processed="56278" cleared="3059" durationms="0.356" />
</gc-op>
<heap-resize id="760" type="expand" space="default" amount="1048576" count="1" timems="0.067" reason="insufficient free space following gc" timestamp="2019-06-17T07:20:12.065" />
<gc-end id="761" type="partial gc" contextid="753" durationms="7.096" usertimems="4.000" systemtimems="4.000" timestamp="2019-06-17T07:20:12.065" activeThreads="4">
  <mem-info id="762" free="27262976" total="87031808" percent="31">
    <mem type="eden" free="964008" total="1048576" percent="91" />
    <arraylet-primitive objects="2" leaves="2" largest="1" />
    <remembered-set count="32576" freebytes="3343744" totalbytes="3474048" percent="96" regionsoverflowed="0" regionsstable="0" regionsrebuilding="0"/>
  </mem-info>
</gc-end>
<cycle-end id="763" type="partial gc" contextid="753" timestamp="2019-06-17T07:20:12.065" />
  <attribute name="elasticGC enabled" value="1" />
  <attribute name= "numThreadsSpecified" value="4" />
  <attribute name="heapSize specified" value="0" />
  <attribute name="Current GC Util" value="30" />
  <attribute name= "Current Time Running" value="2111" />
  <attribute name ="GC Interval" value="0" />
  <attribute name="ProportionalT" value="15.000000" />
  <attribute name="ProportionalI" value="15.000000" />
  <attribute name="ProportionalH" value="15.000000" />
  <attribute name="Current Error" value="10.000000" />
  <attribute name="IntegralT" value="10.000000" />
  <attribute name="IntegralI" value="10.000000" />
  <attribute name="IntegralH" value="10.000000" />
  <attribute name="DerivativeT" value="15.000000" />
  <attribute name="DerivativeI" value="15.000000" />
  <attribute name="DerivativeH" value="15.000000" />
  <attribute name="Loop Time for DT" value="1.000000" />
  <attribute name="Output H" value="8388608"/>
  <attribute name="Output I" value="200"/>
  <attribute name="Output T" value="4"/>
  <attribute name="Target GC Util Change" value ="20.000000" />
  <attribute name="Current GC Util Change" value="30.000000"/>
  <attribute name="GC Util currently" value="30" />
  <attribute name="CPU Util currently" value="5238647319396" />
<exclusive-end id="764" timestamp="2019-06-17T07:20:12.065" durationms="8.110" />

<exclusive-start id="765" timestamp="2019-06-17T07:20:12.091" intervalms="33.403">
  <response-info timems="0.041" idlems="0.041" threads="0" lastid="0000000001AA7D00" lastname="Thread-9" />
</exclusive-start>
<allocation-taxation id="766" taxation-threshold="27262976" timestamp="2019-06-17T07:20:12.091" intervalms="33.495" />
<cycle-start id="767" type="partial gc" contextid="0" timestamp="2019-06-17T07:20:12.091" intervalms="33.505" />
<gc-start id="768" type="partial gc" contextid="767" timestamp="2019-06-17T07:20:12.091">
  <mem-info id="769" free="0" total="87031808" percent="0">
    <mem type="eden" free="0" total="27262976" percent="0" />
    <arraylet-primitive objects="2" leaves="2" largest="1" />
    <remembered-set count="32480" freebytes="3344128" totalbytes="3474048" percent="96" regionsoverflowed="0" regionsstable="0" regionsrebuilding="0"/>
  </mem-info>
</gc-start>
<allocation-stats totalBytes="27259608" >
  <allocated-bytes non-tlh="0" tlh="27259608" arrayletleaf="0"/>
  <largest-consumer threadName="Thread-8" threadId="0000000001AB3100" bytes="10173208" />
</allocation-stats>
<gc-op id="770" type="mark" timems="2.001" contextid="767" timestamp="2019-06-17T07:20:12.094">
  <trace-info objectcount="11659" scancount="11659" scanbytes="280496" />
  <cardclean-info objects="13722" bytes="668008" />
  <remembered-set-cleared processed="28395" cleared="1215" durationms="0.345" />
  <stringconstants candidates="4597" cleared="0"  />
  <warning details="Mark invoked due to insufficient free space for Copy-Forward" />
</gc-op>
<gc-op id="771" type="classunload" timems="0.003" contextid="767" timestamp="2019-06-17T07:20:12.094">
  <classunload-info classloadercandidates="8" classloadersunloaded="0" classesunloaded="0" anonymousclassesunloaded="0" quiescems="0.000" setupms="0.003" scanms="0.000" postms="0.000" />
</gc-op>
<gc-op id="772" type="sweep" timems="0.506" contextid="767" timestamp="2019-06-17T07:20:12.095" />
<gc-op id="773" type="compact" timems="2.743" contextid="767" timestamp="2019-06-17T07:20:12.098">
  <compact-info movecount="6912" movebytes="166568" />
  <remembered-set-cleared processed="57008" cleared="2642" durationms="0.345" />
</gc-op>
<heap-resize id="774" type="expand" space="default" amount="2097152" count="1" timems="0.064" reason="insufficient free space following gc" timestamp="2019-06-17T07:20:12.098" />
<gc-end id="775" type="partial gc" contextid="767" durationms="6.834" usertimems="12.000" systemtimems="0.000" timestamp="2019-06-17T07:20:12.098" activeThreads="1">
  <mem-info id="776" free="28311552" total="89128960" percent="31">
    <mem type="eden" free="960512" total="1048576" percent="91" />
    <arraylet-primitive objects="2" leaves="2" largest="1" />
    <remembered-set count="33216" freebytes="3424896" totalbytes="3557760" percent="96" regionsoverflowed="0" regionsstable="0" regionsrebuilding="0"/>
  </mem-info>
</gc-end>
<cycle-end id="777" type="partial gc" contextid="767" timestamp="2019-06-17T07:20:12.098" />
  <attribute name="elasticGC enabled" value="1" />
  <attribute name= "numThreadsSpecified" value="1" />
  <attribute name="heapSize specified" value="0" />
  <attribute name="Current GC Util" value="26" />
  <attribute name= "Current Time Running" value="2144" />
  <attribute name ="GC Interval" value="0" />
  <attribute name="ProportionalT" value="9.000000" />
  <attribute name="ProportionalI" value="9.000000" />
  <attribute name="ProportionalH" value="9.000000" />
  <attribute name="Current Error" value="6.000000" />
  <attribute name="IntegralT" value="0.000000" />
  <attribute name="IntegralI" value="0.000000" />
  <attribute name="IntegralH" value="0.000000" />
  <attribute name="DerivativeT" value="inf" />
  <attribute name="DerivativeI" value="inf" />
  <attribute name="DerivativeH" value="inf" />
  <attribute name="Loop Time for DT" value="0.000000" />
  <attribute name="Output H" value="8388608"/>
  <attribute name="Output I" value="200"/>
  <attribute name="Output T" value="1"/>
  <attribute name="Target GC Util Change" value ="20.000000" />
  <attribute name="Current GC Util Change" value="26.000000"/>
  <attribute name="GC Util currently" value="26" />
  <attribute name="CPU Util currently" value="6388031471038" />
<exclusive-end id="778" timestamp="2019-06-17T07:20:12.099" durationms="7.953" />

<exclusive-start id="779" timestamp="2019-06-17T07:20:12.123" intervalms="32.038">
  <response-info timems="0.069" idlems="0.069" threads="0" lastid="0000000001AB3100" lastname="Thread-8" />
</exclusive-start>
<allocation-taxation id="780" taxation-threshold="28311552" timestamp="2019-06-17T07:20:12.123" intervalms="31.949" />
<cycle-start id="781" type="partial gc" contextid="0" timestamp="2019-06-17T07:20:12.123" intervalms="31.913" />
<gc-start id="782" type="partial gc" contextid="781" timestamp="2019-06-17T07:20:12.123">
  <mem-info id="783" free="0" total="89128960" percent="0">
    <mem type="eden" free="0" total="28311552" percent="0" />
    <arraylet-primitive objects="2" leaves="2" largest="1" />
    <remembered-set count="33216" freebytes="3424896" totalbytes="3557760" percent="96" regionsoverflowed="0" regionsstable="0" regionsrebuilding="0"/>
  </mem-info>
</gc-start>
<allocation-stats totalBytes="28308152" >
  <allocated-bytes non-tlh="0" tlh="28308152" arrayletleaf="0"/>
  <largest-consumer threadName="Thread-9" threadId="0000000001AA7D00" bytes="9030648" />
</allocation-stats>
<gc-op id="784" type="mark" timems="1.857" contextid="781" timestamp="2019-06-17T07:20:12.126">
  <trace-info objectcount="12684" scancount="12684" scanbytes="443260" />
  <cardclean-info objects="8955" bytes="433912" />
  <remembered-set-cleared processed="29656" cleared="764" durationms="0.362" />
  <stringconstants candidates="4597" cleared="0"  />
  <warning details="Mark invoked due to insufficient free space for Copy-Forward" />
</gc-op>
<gc-op id="785" type="classunload" timems="0.002" contextid="781" timestamp="2019-06-17T07:20:12.126">
  <classunload-info classloadercandidates="8" classloadersunloaded="0" classesunloaded="0" anonymousclassesunloaded="0" quiescems="0.000" setupms="0.002" scanms="0.000" postms="0.000" />
</gc-op>
<gc-op id="786" type="sweep" timems="0.529" contextid="781" timestamp="2019-06-17T07:20:12.126" />
<gc-op id="787" type="compact" timems="2.535" contextid="781" timestamp="2019-06-17T07:20:12.129">
  <compact-info movecount="12625" movebytes="441848" />
  <remembered-set-cleared processed="59529" cleared="1738" durationms="0.362" />
</gc-op>
<heap-resize id="788" type="expand" space="default" amount="1048576" count="1" timems="0.065" reason="insufficient free space following gc" timestamp="2019-06-17T07:20:12.130" />
<gc-end id="789" type="partial gc" contextid="781" durationms="6.657" usertimems="0.000" systemtimems="4.000" timestamp="2019-06-17T07:20:12.130" activeThreads="4">
  <mem-info id="790" free="28311552" total="90177536" percent="31">
    <mem type="eden" free="689600" total="1048576" percent="65" />
    <arraylet-primitive objects="2" leaves="2" largest="1" />
    <remembered-set count="34400" freebytes="3462016" totalbytes="3599616" percent="96" regionsoverflowed="0" regionsstable="0" regionsrebuilding="0"/>
  </mem-info>
</gc-end>
<cycle-end id="791" type="partial gc" contextid="781" timestamp="2019-06-17T07:20:12.130" />
  <attribute name="elasticGC enabled" value="1" />
  <attribute name= "numThreadsSpecified" value="4" />
  <attribute name="heapSize specified" value="0" />
  <attribute name="Current GC Util" value="24" />
  <attribute name= "Current Time Running" value="2176" />
  <attribute name ="GC Interval" value="0" />
  <attribute name="ProportionalT" value="6.000000" />
  <attribute name="ProportionalI" value="6.000000" />
  <attribute name="ProportionalH" value="6.000000" />
  <attribute name="Current Error" value="4.000000" />
  <attribute name="IntegralT" value="4.000000" />
  <attribute name="IntegralI" value="4.000000" />
  <attribute name="IntegralH" value="4.000000" />
  <attribute name="DerivativeT" value="6.000000" />
  <attribute name="DerivativeI" value="6.000000" />
  <attribute name="DerivativeH" value="6.000000" />
  <attribute name="Loop Time for DT" value="1.000000" />
  <attribute name="Output H" value="8388608"/>
  <attribute name="Output I" value="200"/>
  <attribute name="Output T" value="4"/>
  <attribute name="Target GC Util Change" value ="20.000000" />
  <attribute name="Current GC Util Change" value="24.000000"/>
  <attribute name="GC Util currently" value="24" />
  <attribute name="CPU Util currently" value="5874953829802" />
<exclusive-end id="792" timestamp="2019-06-17T07:20:12.130" durationms="7.653" />

<exclusive-start id="793" timestamp="2019-06-17T07:20:12.151" intervalms="28.854">
  <response-info timems="0.034" idlems="0.019" threads="1" lastid="0000000001AAF500" lastname="Thread-10" />
</exclusive-start>
<allocation-taxation id="794" taxation-threshold="28311552" timestamp="2019-06-17T07:20:12.152" intervalms="28.848" />
<cycle-start id="795" type="partial gc" contextid="0" timestamp="2019-06-17T07:20:12.152" intervalms="28.861" />
<gc-start id="796" type="partial gc" contextid="795" timestamp="2019-06-17T07:20:12.152">
  <mem-info id="797" free="0" total="90177536" percent="0">
    <mem type="eden" free="0" total="28311552" percent="0" />
    <arraylet-primitive objects="2" leaves="2" largest="1" />
    <remembered-set count="34112" freebytes="3463168" totalbytes="3599616" percent="96" regionsoverflowed="0" regionsstable="0" regionsrebuilding="0"/>
  </mem-info>
</gc-start>
<allocation-stats totalBytes="28307976" >
  <allocated-bytes non-tlh="0" tlh="28307976" arrayletleaf="0"/>
  <largest-consumer threadName="Thread-8" threadId="0000000001AB3100" bytes="11479520" />
</allocation-stats>
<gc-op id="798" type="mark" timems="2.120" contextid="795" timestamp="2019-06-17T07:20:12.155">
  <trace-info objectcount="19111" scancount="19111" scanbytes="734512" />
  <cardclean-info objects="6370" bytes="314224" />
  <remembered-set-cleared processed="30494" cleared="807" durationms="0.389" />
  <stringconstants candidates="4597" cleared="0"  />
  <warning details="Mark invoked due to insufficient free space for Copy-Forward" />
</gc-op>
<gc-op id="799" type="classunload" timems="0.003" contextid="795" timestamp="2019-06-17T07:20:12.155">
  <classunload-info classloadercandidates="8" classloadersunloaded="0" classesunloaded="0" anonymousclassesunloaded="0" quiescems="0.000" setupms="0.002" scanms="0.000" postms="0.000" />
</gc-op>
<gc-op id="800" type="sweep" timems="0.542" contextid="795" timestamp="2019-06-17T07:20:12.156" />
<gc-op id="801" type="compact" timems="2.620" contextid="795" timestamp="2019-06-17T07:20:12.159">
  <compact-info movecount="12292" movebytes="433488" />
  <remembered-set-cleared processed="61251" cleared="1871" durationms="0.389" />
</gc-op>
<heap-resize id="802" type="expand" space="default" amount="2097152" count="1" timems="0.063" reason="insufficient free space following gc" timestamp="2019-06-17T07:20:12.159" />
<gc-end id="803" type="partial gc" contextid="795" durationms="7.159" usertimems="8.000" systemtimems="0.000" timestamp="2019-06-17T07:20:12.159" activeThreads="4">
  <mem-info id="804" free="29360128" total="92274688" percent="31">
    <mem type="eden" free="664336" total="1048576" percent="63" />
    <arraylet-primitive objects="2" leaves="2" largest="1" />
    <remembered-set count="35776" freebytes="3540224" totalbytes="3683328" percent="96" regionsoverflowed="0" regionsstable="0" regionsrebuilding="0"/>
  </mem-info>
</gc-end>
<cycle-end id="805" type="partial gc" contextid="795" timestamp="2019-06-17T07:20:12.159" />
  <attribute name="elasticGC enabled" value="1" />
  <attribute name= "numThreadsSpecified" value="4" />
  <attribute name="heapSize specified" value="0" />
  <attribute name="Current GC Util" value="28" />
  <attribute name= "Current Time Running" value="2206" />
  <attribute name ="GC Interval" value="0" />
  <attribute name="ProportionalT" value="12.000000" />
  <attribute name="ProportionalI" value="12.000000" />
  <attribute name="ProportionalH" value="12.000000" />
  <attribute name="Current Error" value="8.000000" />
  <attribute name="IntegralT" value="8.000000" />
  <attribute name="IntegralI" value="8.000000" />
  <attribute name="IntegralH" value="8.000000" />
  <attribute name="DerivativeT" value="12.000000" />
  <attribute name="DerivativeI" value="12.000000" />
  <attribute name="DerivativeH" value="12.000000" />
  <attribute name="Loop Time for DT" value="1.000000" />
  <attribute name="Output H" value="8388608"/>
  <attribute name="Output I" value="200"/>
  <attribute name="Output T" value="4"/>
  <attribute name="Target GC Util Change" value ="20.000000" />
  <attribute name="Current GC Util Change" value="28.000000"/>
  <attribute name="GC Util currently" value="28" />
  <attribute name="CPU Util currently" value="5474389588225" />
<exclusive-end id="806" timestamp="2019-06-17T07:20:12.160" durationms="8.163" />

<exclusive-start id="807" timestamp="2019-06-17T07:20:12.182" intervalms="30.982">
  <response-info timems="0.234" idlems="0.234" threads="0" lastid="0000000001AAF500" lastname="Thread-10" />
</exclusive-start>
<allocation-taxation id="808" taxation-threshold="29360128" timestamp="2019-06-17T07:20:12.183" intervalms="30.990" />
<cycle-start id="809" type="partial gc" contextid="0" timestamp="2019-06-17T07:20:12.183" intervalms="31.000" />
<gc-start id="810" type="partial gc" contextid="809" timestamp="2019-06-17T07:20:12.183">
  <mem-info id="811" free="0" total="92274688" percent="0">
    <mem type="eden" free="0" total="29360128" percent="0" />
    <arraylet-primitive objects="2" leaves="2" largest="1" />
    <remembered-set count="35424" freebytes="3541632" totalbytes="3683328" percent="96" regionsoverflowed="0" regionsstable="0" regionsrebuilding="0"/>
  </mem-info>
</gc-start>
<allocation-stats totalBytes="29356344" >
  <allocated-bytes non-tlh="0" tlh="29356344" arrayletleaf="0"/>
  <largest-consumer threadName="Thread-8" threadId="0000000001AB3100" bytes="10914472" />
</allocation-stats>
<gc-op id="812" type="mark" timems="2.145" contextid="809" timestamp="2019-06-17T07:20:12.186">
  <trace-info objectcount="17313" scancount="17308" scanbytes="553524" />
  <cardclean-info objects="7654" bytes="380152" />
  <remembered-set-cleared processed="31277" cleared="798" durationms="0.387" />
  <stringconstants candidates="4597" cleared="0"  />
  <warning details="Mark invoked due to insufficient free space for Copy-Forward" />
</gc-op>
<gc-op id="813" type="classunload" timems="0.002" contextid="809" timestamp="2019-06-17T07:20:12.186">
  <classunload-info classloadercandidates="8" classloadersunloaded="0" classesunloaded="0" anonymousclassesunloaded="0" quiescems="0.000" setupms="0.002" scanms="0.000" postms="0.000" />
</gc-op>
<gc-op id="814" type="sweep" timems="0.564" contextid="809" timestamp="2019-06-17T07:20:12.187" />
<gc-op id="815" type="compact" timems="3.400" contextid="809" timestamp="2019-06-17T07:20:12.190">
  <compact-info movecount="17211" movebytes="551200" />
  <remembered-set-cleared processed="62806" cleared="1841" durationms="0.387" />
</gc-op>
<heap-resize id="816" type="expand" space="default" amount="3145728" count="1" timems="0.078" reason="insufficient free space following gc" timestamp="2019-06-17T07:20:12.191" />
<gc-end id="817" type="partial gc" contextid="809" durationms="7.752" usertimems="16.000" systemtimems="0.000" timestamp="2019-06-17T07:20:12.191" activeThreads="1">
  <mem-info id="818" free="31457280" total="95420416" percent="32">
    <mem type="eden" free="873072" total="1048576" percent="83" />
    <arraylet-primitive objects="2" leaves="2" largest="1" />
    <remembered-set count="36640" freebytes="3662336" totalbytes="3808896" percent="96" regionsoverflowed="0" regionsstable="0" regionsrebuilding="0"/>
  </mem-info>
</gc-end>
<cycle-end id="819" type="partial gc" contextid="809" timestamp="2019-06-17T07:20:12.191" />
  <attribute name="elasticGC enabled" value="1" />
  <attribute name= "numThreadsSpecified" value="1" />
  <attribute name="heapSize specified" value="0" />
  <attribute name="Current GC Util" value="25" />
  <attribute name= "Current Time Running" value="2236" />
  <attribute name ="GC Interval" value="0" />
  <attribute name="ProportionalT" value="7.500000" />
  <attribute name="ProportionalI" value="7.500000" />
  <attribute name="ProportionalH" value="7.500000" />
  <attribute name="Current Error" value="5.000000" />
  <attribute name="IntegralT" value="0.000000" />
  <attribute name="IntegralI" value="0.000000" />
  <attribute name="IntegralH" value="0.000000" />
  <attribute name="DerivativeT" value="inf" />
  <attribute name="DerivativeI" value="inf" />
  <attribute name="DerivativeH" value="inf" />
  <attribute name="Loop Time for DT" value="0.000000" />
  <attribute name="Output H" value="8388608"/>
  <attribute name="Output I" value="200"/>
  <attribute name="Output T" value="1"/>
  <attribute name="Target GC Util Change" value ="20.000000" />
  <attribute name="Current GC Util Change" value="25.000000"/>
  <attribute name="GC Util currently" value="25" />
  <attribute name="CPU Util currently" value="5685577975148" />
<exclusive-end id="820" timestamp="2019-06-17T07:20:12.191" durationms="8.653" />

<exclusive-start id="821" timestamp="2019-06-17T07:20:12.217" intervalms="34.226">
  <response-info timems="0.139" idlems="0.139" threads="0" lastid="0000000001AB3100" lastname="Thread-8" />
</exclusive-start>
<allocation-taxation id="822" taxation-threshold="30408704" timestamp="2019-06-17T07:20:12.217" intervalms="34.245" />
<cycle-start id="823" type="partial gc" contextid="0" timestamp="2019-06-17T07:20:12.217" intervalms="34.250" />
<gc-start id="824" type="partial gc" contextid="823" timestamp="2019-06-17T07:20:12.217">
  <mem-info id="825" free="1048576" total="95420416" percent="1">
    <mem type="eden" free="0" total="30408704" percent="0" />
    <arraylet-primitive objects="2" leaves="2" largest="1" />
    <remembered-set count="36416" freebytes="3663232" totalbytes="3808896" percent="96" regionsoverflowed="0" regionsstable="0" regionsrebuilding="0"/>
  </mem-info>
</gc-start>
<allocation-stats totalBytes="30405048" >
  <allocated-bytes non-tlh="0" tlh="30405048" arrayletleaf="0"/>
  <largest-consumer threadName="Thread-8" threadId="0000000001AB3100" bytes="12245536" />
</allocation-stats>
<gc-op id="826" type="copy forward" timems="4.216" contextid="823" timestamp="2019-06-17T07:20:12.223">
  <memory-copied type="eden" objects="23352" bytes="973888" bytesdiscarded="54592" />
  <memory-copied type="other" objects="7117" bytes="170808" bytesdiscarded="5072" />
  <memory-cardclean objects="8931" bytes="441424" />
  <regions eden="29" other="1" />
  <remembered-set-cleared processed="32028" cleared="859" durationms="0.241" />
  <stringconstants candidates="4597" cleared="0"  />
  <heap-resize type="expand" space="default" amount="1048576" count="1" timems="0.085" reason="continue current collection" />
</gc-op>
<gc-op id="827" type="classunload" timems="0.003" contextid="823" timestamp="2019-06-17T07:20:12.223">
  <classunload-info classloadercandidates="8" classloadersunloaded="0" classesunloaded="0" anonymousclassesunloaded="0" quiescems="0.000" setupms="0.003" scanms="0.000" postms="0.000" />
</gc-op>
<heap-resize id="828" type="expand" space="default" amount="16777216" count="1" timems="0.148" reason="excessive time being spent in gc" timestamp="2019-06-17T07:20:12.223" />
<gc-end id="829" type="partial gc" contextid="823" durationms="5.666" usertimems="12.000" systemtimems="0.000" timestamp="2019-06-17T07:20:12.223" activeThreads="4">
  <mem-info id="830" free="48234496" total="113246208" percent="42">
    <mem type="eden" free="20096" total="1048576" percent="1" />
    <arraylet-primitive objects="2" leaves="2" largest="1" />
    <remembered-set count="37952" freebytes="4368640" totalbytes="4520448" percent="96" regionsoverflowed="0" regionsstable="0" regionsrebuilding="0"/>
  </mem-info>
</gc-end>
<cycle-end id="831" type="partial gc" contextid="823" timestamp="2019-06-17T07:20:12.223" />
  <attribute name="elasticGC enabled" value="1" />
  <attribute name= "numThreadsSpecified" value="4" />
  <attribute name="heapSize specified" value="0" />
  <attribute name="Current GC Util" value="27" />
  <attribute name= "Current Time Running" value="2268" />
  <attribute name ="GC Interval" value="0" />
  <attribute name="ProportionalT" value="10.500000" />
  <attribute name="ProportionalI" value="10.500000" />
  <attribute name="ProportionalH" value="10.500000" />
  <attribute name="Current Error" value="7.000000" />
  <attribute name="IntegralT" value="7.000000" />
  <attribute name="IntegralI" value="7.000000" />
  <attribute name="IntegralH" value="7.000000" />
  <attribute name="DerivativeT" value="6.000000" />
  <attribute name="DerivativeI" value="6.000000" />
  <attribute name="DerivativeH" value="6.000000" />
  <attribute name="Loop Time for DT" value="1.000000" />
  <attribute name="Output H" value="8388608"/>
  <attribute name="Output I" value="200"/>
  <attribute name="Output T" value="4"/>
  <attribute name="Target GC Util Change" value ="20.000000" />
  <attribute name="Current GC Util Change" value="27.000000"/>
  <attribute name="GC Util currently" value="27" />
  <attribute name="CPU Util currently" value="9061497424052" />
<exclusive-end id="832" timestamp="2019-06-17T07:20:12.223" durationms="6.694" />

<exclusive-start id="833" timestamp="2019-06-17T07:20:12.246" intervalms="29.771">
  <response-info timems="0.032" idlems="0.032" threads="0" lastid="0000000001AA7D00" lastname="Thread-9" />
</exclusive-start>
<allocation-taxation id="834" taxation-threshold="34603008" timestamp="2019-06-17T07:20:12.247" intervalms="29.722" />
<cycle-start id="835" type="partial gc" contextid="0" timestamp="2019-06-17T07:20:12.247" intervalms="29.657" />
<gc-start id="836" type="partial gc" contextid="835" timestamp="2019-06-17T07:20:12.247">
  <mem-info id="837" free="13631488" total="113246208" percent="12">
    <mem type="eden" free="0" total="34603008" percent="0" />
    <arraylet-primitive objects="2" leaves="2" largest="1" />
    <remembered-set count="36768" freebytes="4373376" totalbytes="4520448" percent="96" regionsoverflowed="0" regionsstable="2" regionsrebuilding="0"/>
  </mem-info>
</gc-start>
<allocation-stats totalBytes="34598888" >
  <allocated-bytes non-tlh="0" tlh="34598888" arrayletleaf="0"/>
  <largest-consumer threadName="Thread-8" threadId="0000000001AB3100" bytes="12548672" />
</allocation-stats>
<gc-op id="838" type="copy forward" timems="4.499" contextid="835" timestamp="2019-06-17T07:20:12.252">
  <memory-copied type="eden" objects="16761" bytes="677984" bytesdiscarded="0" />
  <memory-copied type="other" objects="21983" bytes="802344" bytesdiscarded="0" />
  <memory-cardclean objects="9480" bytes="471928" />
  <regions eden="33" other="2" />
  <remembered-set-cleared processed="31716" cleared="1318" durationms="0.378" />
  <stringconstants candidates="4597" cleared="0"  />
</gc-op>
<gc-op id="839" type="classunload" timems="0.002" contextid="835" timestamp="2019-06-17T07:20:12.252">
  <classunload-info classloadercandidates="8" classloadersunloaded="0" classesunloaded="0" anonymousclassesunloaded="0" quiescems="0.000" setupms="0.002" scanms="0.000" postms="0.000" />
</gc-op>
<heap-resize id="840" type="expand" space="default" amount="19922944" count="1" timems="0.157" reason="excessive time being spent in gc" timestamp="2019-06-17T07:20:12.253" />
<gc-end id="841" type="partial gc" contextid="835" durationms="5.812" usertimems="12.000" systemtimems="0.000" timestamp="2019-06-17T07:20:12.253" activeThreads="1">
  <mem-info id="842" free="67108864" total="133169152" percent="50">
    <mem type="eden" free="370592" total="1048576" percent="35" />
    <arraylet-primitive objects="2" leaves="2" largest="1" />
    <remembered-set count="37888" freebytes="5164160" totalbytes="5315712" percent="97" regionsoverflowed="0" regionsstable="2" regionsrebuilding="0"/>
  </mem-info>
</gc-end>
<cycle-end id="843" type="partial gc" contextid="835" timestamp="2019-06-17T07:20:12.253" />
  <attribute name="elasticGC enabled" value="1" />
  <attribute name= "numThreadsSpecified" value="1" />
  <attribute name="heapSize specified" value="0" />
  <attribute name="Current GC Util" value="65" />
  <attribute name= "Current Time Running" value="2297" />
  <attribute name ="GC Interval" value="0" />
  <attribute name="ProportionalT" value="67.500000" />
  <attribute name="ProportionalI" value="67.500000" />
  <attribute name="ProportionalH" value="67.500000" />
  <attribute name="Current Error" value="45.000000" />
  <attribute name="IntegralT" value="0.000000" />
  <attribute name="IntegralI" value="0.000000" />
  <attribute name="IntegralH" value="0.000000" />
  <attribute name="DerivativeT" value="inf" />
  <attribute name="DerivativeI" value="inf" />
  <attribute name="DerivativeH" value="inf" />
  <attribute name="Loop Time for DT" value="0.000000" />
  <attribute name="Output H" value="8388608"/>
  <attribute name="Output I" value="200"/>
  <attribute name="Output T" value="1"/>
  <attribute name="Target GC Util Change" value ="20.000000" />
  <attribute name="Current GC Util Change" value="65.000000"/>
  <attribute name="GC Util currently" value="65" />
  <attribute name="CPU Util currently" value="18512277489524" />
<exclusive-end id="844" timestamp="2019-06-17T07:20:12.253" durationms="6.660" />

<exclusive-start id="845" timestamp="2019-06-17T07:20:12.291" intervalms="44.411">
  <response-info timems="0.067" idlems="0.067" threads="0" lastid="0000000001AA7D00" lastname="Thread-9" />
</exclusive-start>
<allocation-taxation id="846" taxation-threshold="39845888" timestamp="2019-06-17T07:20:12.291" intervalms="44.513" />
<cycle-start id="847" type="partial gc" contextid="0" timestamp="2019-06-17T07:20:12.291" intervalms="44.579" />
<gc-start id="848" type="partial gc" contextid="847" timestamp="2019-06-17T07:20:12.292">
  <mem-info id="849" free="27262976" total="133169152" percent="20">
    <mem type="eden" free="0" total="39845888" percent="0" />
    <arraylet-primitive objects="2" leaves="2" largest="1" />
    <remembered-set count="37472" freebytes="5165824" totalbytes="5315712" percent="97" regionsoverflowed="0" regionsstable="2" regionsrebuilding="0"/>
  </mem-info>
</gc-start>
<allocation-stats totalBytes="39840864" >
  <allocated-bytes non-tlh="0" tlh="39840864" arrayletleaf="0"/>
  <largest-consumer threadName="Thread-10" threadId="0000000001AAF500" bytes="12646688" />
</allocation-stats>
<gc-op id="850" type="copy forward" timems="4.303" contextid="847" timestamp="2019-06-17T07:20:12.297">
  <memory-copied type="eden" objects="10238" bytes="384656" bytesdiscarded="0" />
  <memory-copied type="other" objects="25421" bytes="1022232" bytesdiscarded="0" />
  <memory-cardclean objects="6061" bytes="300376" />
  <regions eden="38" other="3" />
  <remembered-set-cleared processed="32423" cleared="2513" durationms="0.418" />
  <stringconstants candidates="4597" cleared="0"  />
</gc-op>
<gc-op id="851" type="classunload" timems="0.003" contextid="847" timestamp="2019-06-17T07:20:12.297">
  <classunload-info classloadercandidates="8" classloadersunloaded="0" classesunloaded="0" anonymousclassesunloaded="0" quiescems="0.000" setupms="0.002" scanms="0.000" postms="0.000" />
</gc-op>
<heap-resize id="852" type="expand" space="default" amount="23068672" count="1" timems="0.186" reason="excessive time being spent in gc" timestamp="2019-06-17T07:20:12.297" />
<gc-end id="853" type="partial gc" contextid="847" durationms="5.773" usertimems="4.000" systemtimems="0.000" timestamp="2019-06-17T07:20:12.297" activeThreads="1">
  <mem-info id="854" free="89128960" total="156237824" percent="57">
    <mem type="eden" free="663920" total="1048576" percent="63" />
    <arraylet-primitive objects="2" leaves="2" largest="1" />
    <remembered-set count="36768" freebytes="6089472" totalbytes="6236544" percent="97" regionsoverflowed="0" regionsstable="2" regionsrebuilding="0"/>
  </mem-info>
</gc-end>
<cycle-end id="855" type="partial gc" contextid="847" timestamp="2019-06-17T07:20:12.298" />
  <attribute name="elasticGC enabled" value="1" />
  <attribute name= "numThreadsSpecified" value="1" />
  <attribute name="heapSize specified" value="0" />
  <attribute name="Current GC Util" value="62" />
  <attribute name= "Current Time Running" value="2342" />
  <attribute name ="GC Interval" value="0" />
  <attribute name="ProportionalT" value="63.000000" />
  <attribute name="ProportionalI" value="63.000000" />
  <attribute name="ProportionalH" value="63.000000" />
  <attribute name="Current Error" value="42.000000" />
  <attribute name="IntegralT" value="0.000000" />
  <attribute name="IntegralI" value="0.000000" />
  <attribute name="IntegralH" value="0.000000" />
  <attribute name="DerivativeT" value="inf" />
  <attribute name="DerivativeI" value="inf" />
  <attribute name="DerivativeH" value="inf" />
  <attribute name="Loop Time for DT" value="0.000000" />
  <attribute name="Output H" value="8388608"/>
  <attribute name="Output I" value="200"/>
  <attribute name="Output T" value="1"/>
  <attribute name="Target GC Util Change" value ="20.000000" />
  <attribute name="Current GC Util Change" value="62.000000"/>
  <attribute name="GC Util currently" value="62" />
  <attribute name="CPU Util currently" value="16970388140001" />
<exclusive-end id="856" timestamp="2019-06-17T07:20:12.298" durationms="7.008" />

<exclusive-start id="857" timestamp="2019-06-17T07:20:12.328" intervalms="36.773">
  <response-info timems="0.036" idlems="0.036" threads="0" lastid="0000000001AAB900" lastname="Thread-7" />
</exclusive-start>
<allocation-taxation id="858" taxation-threshold="45088768" timestamp="2019-06-17T07:20:12.328" intervalms="36.729" />
<cycle-start id="859" type="partial gc" contextid="0" timestamp="2019-06-17T07:20:12.328" intervalms="36.704" />
<gc-start id="860" type="partial gc" contextid="859" timestamp="2019-06-17T07:20:12.328">
  <mem-info id="861" free="44040192" total="156237824" percent="28">
    <mem type="eden" free="0" total="45088768" percent="0" />
    <arraylet-primitive objects="2" leaves="2" largest="1" />
    <remembered-set count="36736" freebytes="6089600" totalbytes="6236544" percent="97" regionsoverflowed="0" regionsstable="2" regionsrebuilding="0"/>
  </mem-info>
</gc-start>
<allocation-stats totalBytes="45082144" >
  <allocated-bytes non-tlh="0" tlh="45082144" arrayletleaf="0"/>
  <largest-consumer threadName="Thread-9" threadId="0000000001AA7D00" bytes="17225232" />
</allocation-stats>
<gc-op id="862" type="copy forward" timems="4.276" contextid="859" timestamp="2019-06-17T07:20:12.333">
  <memory-copied type="eden" objects="20081" bytes="758048" bytesdiscarded="0" />
  <memory-copied type="other" objects="18106" bytes="709296" bytesdiscarded="0" />
  <memory-cardclean objects="5287" bytes="281848" />
  <regions eden="43" other="2" />
  <remembered-set-cleared processed="31809" cleared="801" durationms="0.391" />
  <stringconstants candidates="4597" cleared="0"  />
</gc-op>
<gc-op id="863" type="classunload" timems="0.002" contextid="859" timestamp="2019-06-17T07:20:12.333">
  <classunload-info classloadercandidates="8" classloadersunloaded="0" classesunloaded="0" anonymousclassesunloaded="0" quiescems="0.000" setupms="0.002" scanms="0.000" postms="0.000" />
</gc-op>
<heap-resize id="864" type="expand" space="default" amount="14680064" count="1" timems="0.136" reason="excessive time being spent in gc" timestamp="2019-06-17T07:20:12.334" />
<gc-end id="865" type="partial gc" contextid="859" durationms="5.631" usertimems="4.000" systemtimems="0.000" timestamp="2019-06-17T07:20:12.334" activeThreads="1">
  <mem-info id="866" free="102760448" total="170917888" percent="60">
    <mem type="eden" free="290528" total="1048576" percent="27" />
    <arraylet-primitive objects="2" leaves="2" largest="1" />
    <remembered-set count="38080" freebytes="6670208" totalbytes="6822528" percent="97" regionsoverflowed="0" regionsstable="2" regionsrebuilding="0"/>
  </mem-info>
</gc-end>
<cycle-end id="867" type="partial gc" contextid="859" timestamp="2019-06-17T07:20:12.334" />
  <attribute name="elasticGC enabled" value="1" />
  <attribute name= "numThreadsSpecified" value="1" />
  <attribute name="heapSize specified" value="0" />
  <attribute name="Current GC Util" value="73" />
  <attribute name= "Current Time Running" value="2378" />
  <attribute name ="GC Interval" value="0" />
  <attribute name="ProportionalT" value="79.500000" />
  <attribute name="ProportionalI" value="79.500000" />
  <attribute name="ProportionalH" value="79.500000" />
  <attribute name="Current Error" value="53.000000" />
  <attribute name="IntegralT" value="0.000000" />
  <attribute name="IntegralI" value="0.000000" />
  <attribute name="IntegralH" value="0.000000" />
  <attribute name="DerivativeT" value="inf" />
  <attribute name="DerivativeI" value="inf" />
  <attribute name="DerivativeH" value="inf" />
  <attribute name="Loop Time for DT" value="0.000000" />
  <attribute name="Output H" value="8388608"/>
  <attribute name="Output I" value="200"/>
  <attribute name="Output T" value="1"/>
  <attribute name="Target GC Util Change" value ="20.000000" />
  <attribute name="Current GC Util Change" value="73.000000"/>
  <attribute name="GC Util currently" value="73" />
  <attribute name="CPU Util currently" value="17939487089113" />
<exclusive-end id="868" timestamp="2019-06-17T07:20:12.334" durationms="6.673" />

<exclusive-start id="869" timestamp="2019-06-17T07:20:12.364" intervalms="36.540">
  <response-info timems="0.065" idlems="0.065" threads="0" lastid="0000000001AB3100" lastname="Thread-8" />
</exclusive-start>
<allocation-taxation id="870" taxation-threshold="49283072" timestamp="2019-06-17T07:20:12.364" intervalms="36.535" />
<cycle-start id="871" type="partial gc" contextid="0" timestamp="2019-06-17T07:20:12.365" intervalms="36.587" />
<gc-start id="872" type="partial gc" contextid="871" timestamp="2019-06-17T07:20:12.365">
  <mem-info id="873" free="53477376" total="170917888" percent="31">
    <mem type="eden" free="0" total="49283072" percent="0" />
    <arraylet-primitive objects="2" leaves="2" largest="1" />
    <remembered-set count="37728" freebytes="6671616" totalbytes="6822528" percent="97" regionsoverflowed="0" regionsstable="2" regionsrebuilding="0"/>
  </mem-info>
</gc-start>
<allocation-stats totalBytes="49276408" >
  <allocated-bytes non-tlh="0" tlh="49276408" arrayletleaf="0"/>
  <largest-consumer threadName="Thread-7" threadId="0000000001AAB900" bytes="17094464" />
</allocation-stats>
<gc-op id="874" type="copy forward" timems="3.575" contextid="871" timestamp="2019-06-17T07:20:12.369">
  <memory-copied type="eden" objects="17852" bytes="704712" bytesdiscarded="0" />
  <memory-copied type="other" objects="10614" bytes="392112" bytesdiscarded="0" />
  <memory-cardclean objects="4926" bytes="260848" />
  <regions eden="47" other="2" />
  <remembered-set-cleared processed="32411" cleared="698" durationms="0.389" />
  <stringconstants candidates="4597" cleared="0"  />
</gc-op>
<gc-op id="875" type="classunload" timems="0.003" contextid="871" timestamp="2019-06-17T07:20:12.369">
  <classunload-info classloadercandidates="8" classloadersunloaded="0" classesunloaded="0" anonymousclassesunloaded="0" quiescems="0.000" setupms="0.003" scanms="0.000" postms="0.000" />
</gc-op>
<heap-resize id="876" type="expand" space="default" amount="2097152" count="1" timems="0.063" reason="excessive time being spent in gc" timestamp="2019-06-17T07:20:12.370" />
<gc-end id="877" type="partial gc" contextid="871" durationms="5.034" usertimems="8.000" systemtimems="0.000" timestamp="2019-06-17T07:20:12.370" activeThreads="1">
  <mem-info id="878" free="103809024" total="173015040" percent="60">
    <mem type="eden" free="343864" total="1048576" percent="32" />
    <arraylet-primitive objects="2" leaves="2" largest="1" />
    <remembered-set count="38624" freebytes="6751744" totalbytes="6906240" percent="97" regionsoverflowed="0" regionsstable="2" regionsrebuilding="0"/>
  </mem-info>
</gc-end>
<cycle-end id="879" type="partial gc" contextid="871" timestamp="2019-06-17T07:20:12.370" />
  <attribute name="elasticGC enabled" value="1" />
  <attribute name= "numThreadsSpecified" value="1" />
  <attribute name="heapSize specified" value="0" />
  <attribute name="Current GC Util" value="63" />
  <attribute name= "Current Time Running" value="2415" />
  <attribute name ="GC Interval" value="0" />
  <attribute name="ProportionalT" value="64.500000" />
  <attribute name="ProportionalI" value="64.500000" />
  <attribute name="ProportionalH" value="64.500000" />
  <attribute name="Current Error" value="43.000000" />
  <attribute name="IntegralT" value="0.000000" />
  <attribute name="IntegralI" value="0.000000" />
  <attribute name="IntegralH" value="0.000000" />
  <attribute name="DerivativeT" value="inf" />
  <attribute name="DerivativeI" value="inf" />
  <attribute name="DerivativeH" value="inf" />
  <attribute name="Loop Time for DT" value="0.000000" />
  <attribute name="Output H" value="8388608"/>
  <attribute name="Output I" value="200"/>
  <attribute name="Output T" value="1"/>
  <attribute name="Target GC Util Change" value ="20.000000" />
  <attribute name="Current GC Util Change" value="63.000000"/>
  <attribute name="GC Util currently" value="63" />
  <attribute name="CPU Util currently" value="17154783007619" />
<exclusive-end id="880" timestamp="2019-06-17T07:20:12.370" durationms="6.208" />

<exclusive-start id="881" timestamp="2019-06-17T07:20:12.401" intervalms="36.585">
  <response-info timems="0.066" idlems="0.066" threads="0" lastid="0000000001AA7D00" lastname="Thread-9" />
</exclusive-start>
<allocation-taxation id="882" taxation-threshold="49283072" timestamp="2019-06-17T07:20:12.401" intervalms="36.581" />
<cycle-start id="883" type="partial gc" contextid="0" timestamp="2019-06-17T07:20:12.401" intervalms="36.488" />
<gc-start id="884" type="partial gc" contextid="883" timestamp="2019-06-17T07:20:12.401">
  <mem-info id="885" free="54525952" total="173015040" percent="31">
    <mem type="eden" free="0" total="49283072" percent="0" />
    <arraylet-primitive objects="2" leaves="2" largest="1" />
    <remembered-set count="38496" freebytes="6752256" totalbytes="6906240" percent="97" regionsoverflowed="0" regionsstable="2" regionsrebuilding="0"/>
  </mem-info>
</gc-start>
<allocation-stats totalBytes="49276408" >
  <allocated-bytes non-tlh="0" tlh="49276408" arrayletleaf="0"/>
  <largest-consumer threadName="Thread-9" threadId="0000000001AA7D00" bytes="16320264" />
</allocation-stats>
<gc-op id="886" type="copy forward" timems="4.125" contextid="883" timestamp="2019-06-17T07:20:12.406">
  <memory-copied type="eden" objects="32091" bytes="1320872" bytesdiscarded="8" />
  <memory-copied type="other" objects="5421" bytes="130104" bytesdiscarded="0" />
  <memory-cardclean objects="7433" bytes="388792" />
  <regions eden="47" other="2" />
  <remembered-set-cleared processed="32899" cleared="608" durationms="0.391" />
  <stringconstants candidates="4597" cleared="0"  />
</gc-op>
<gc-op id="887" type="classunload" timems="0.003" contextid="883" timestamp="2019-06-17T07:20:12.406">
  <classunload-info classloadercandidates="8" classloadersunloaded="0" classesunloaded="0" anonymousclassesunloaded="0" quiescems="0.000" setupms="0.002" scanms="0.000" postms="0.000" />
</gc-op>
<heap-resize id="888" type="expand" space="default" amount="5242880" count="1" timems="0.083" reason="excessive time being spent in gc" timestamp="2019-06-17T07:20:12.406" />
<gc-end id="889" type="partial gc" contextid="883" durationms="5.307" usertimems="12.000" systemtimems="0.000" timestamp="2019-06-17T07:20:12.407" activeThreads="1">
  <mem-info id="890" free="106954752" total="178257920" percent="60">
    <mem type="eden" free="776272" total="2097152" percent="37" />
    <arraylet-primitive objects="2" leaves="2" largest="1" />
    <remembered-set count="39744" freebytes="6956544" totalbytes="7115520" percent="97" regionsoverflowed="0" regionsstable="2" regionsrebuilding="0"/>
  </mem-info>
</gc-end>
<cycle-end id="891" type="partial gc" contextid="883" timestamp="2019-06-17T07:20:12.407" />
  <attribute name="elasticGC enabled" value="1" />
  <attribute name= "numThreadsSpecified" value="1" />
  <attribute name="heapSize specified" value="0" />
  <attribute name="Current GC Util" value="66" />
  <attribute name= "Current Time Running" value="2451" />
  <attribute name ="GC Interval" value="0" />
  <attribute name="ProportionalT" value="69.000000" />
  <attribute name="ProportionalI" value="69.000000" />
  <attribute name="ProportionalH" value="69.000000" />
  <attribute name="Current Error" value="46.000000" />
  <attribute name="IntegralT" value="0.000000" />
  <attribute name="IntegralI" value="0.000000" />
  <attribute name="IntegralH" value="0.000000" />
  <attribute name="DerivativeT" value="inf" />
  <attribute name="DerivativeI" value="inf" />
  <attribute name="DerivativeH" value="inf" />
  <attribute name="Loop Time for DT" value="0.000000" />
  <attribute name="Output H" value="8388608"/>
  <attribute name="Output I" value="200"/>
  <attribute name="Output T" value="1"/>
  <attribute name="Target GC Util Change" value ="20.000000" />
  <attribute name="Current GC Util Change" value="66.000000"/>
  <attribute name="GC Util currently" value="66" />
  <attribute name="CPU Util currently" value="18762555356760" />
<exclusive-end id="892" timestamp="2019-06-17T07:20:12.407" durationms="6.157" />

<exclusive-start id="893" timestamp="2019-06-17T07:20:12.438" intervalms="37.715">
  <response-info timems="0.033" idlems="0.033" threads="0" lastid="0000000001AA7D00" lastname="Thread-9" />
</exclusive-start>
<allocation-taxation id="894" taxation-threshold="50331648" timestamp="2019-06-17T07:20:12.439" intervalms="37.718" />
<cycle-start id="895" type="partial gc" contextid="0" timestamp="2019-06-17T07:20:12.439" intervalms="37.718" />
<gc-start id="896" type="partial gc" contextid="895" timestamp="2019-06-17T07:20:12.439">
  <mem-info id="897" free="56623104" total="178257920" percent="31">
    <mem type="eden" free="0" total="50331648" percent="0" />
    <arraylet-primitive objects="2" leaves="2" largest="1" />
    <remembered-set count="39552" freebytes="6957312" totalbytes="7115520" percent="97" regionsoverflowed="0" regionsstable="2" regionsrebuilding="0"/>
  </mem-info>
</gc-start>
<allocation-stats totalBytes="50324848" >
  <allocated-bytes non-tlh="0" tlh="50324848" arrayletleaf="0"/>
  <largest-consumer threadName="Thread-9" threadId="0000000001AA7D00" bytes="17073848" />
</allocation-stats>
<gc-op id="898" type="copy forward" timems="3.022" contextid="895" timestamp="2019-06-17T07:20:12.443">
  <memory-copied type="eden" objects="18168" bytes="853272" bytesdiscarded="0" />
  <memory-copied type="other" objects="7122" bytes="170928" bytesdiscarded="0" />
  <memory-cardclean objects="6055" bytes="300088" />
  <regions eden="48" other="3" />
  <remembered-set-cleared processed="33393" cleared="856" durationms="0.393" />
  <stringconstants candidates="4597" cleared="0"  />
</gc-op>
<gc-op id="899" type="classunload" timems="0.003" contextid="895" timestamp="2019-06-17T07:20:12.443">
  <classunload-info classloadercandidates="8" classloadersunloaded="0" classesunloaded="0" anonymousclassesunloaded="0" quiescems="0.000" setupms="0.002" scanms="0.000" postms="0.000" />
</gc-op>
<gc-end id="900" type="partial gc" contextid="895" durationms="3.958" usertimems="8.000" systemtimems="0.000" timestamp="2019-06-17T07:20:12.443" activeThreads="1">
  <mem-info id="901" free="106954752" total="178257920" percent="60">
    <mem type="eden" free="195304" total="1048576" percent="18" />
    <arraylet-primitive objects="2" leaves="2" largest="1" />
    <remembered-set count="38976" freebytes="6959616" totalbytes="7115520" percent="97" regionsoverflowed="0" regionsstable="2" regionsrebuilding="0"/>
  </mem-info>
</gc-end>
<cycle-end id="902" type="partial gc" contextid="895" timestamp="2019-06-17T07:20:12.443" />
  <attribute name="elasticGC enabled" value="1" />
  <attribute name= "numThreadsSpecified" value="1" />
  <attribute name="heapSize specified" value="0" />
  <attribute name="Current GC Util" value="59" />
  <attribute name= "Current Time Running" value="2489" />
  <attribute name ="GC Interval" value="0" />
  <attribute name="ProportionalT" value="58.500000" />
  <attribute name="ProportionalI" value="58.500000" />
  <attribute name="ProportionalH" value="58.500000" />
  <attribute name="Current Error" value="39.000000" />
  <attribute name="IntegralT" value="0.000000" />
  <attribute name="IntegralI" value="0.000000" />
  <attribute name="IntegralH" value="0.000000" />
  <attribute name="DerivativeT" value="inf" />
  <attribute name="DerivativeI" value="inf" />
  <attribute name="DerivativeH" value="inf" />
  <attribute name="Loop Time for DT" value="0.000000" />
  <attribute name="Output H" value="8388608"/>
  <attribute name="Output I" value="200"/>
  <attribute name="Output T" value="1"/>
  <attribute name="Target GC Util Change" value ="20.000000" />
  <attribute name="Current GC Util Change" value="59.000000"/>
  <attribute name="GC Util currently" value="59" />
  <attribute name="CPU Util currently" value="17021436977691" />
<exclusive-end id="903" timestamp="2019-06-17T07:20:12.443" durationms="4.772" />

<exclusive-start id="904" timestamp="2019-06-17T07:20:12.478" intervalms="39.801">
  <response-info timems="0.030" idlems="0.030" threads="0" lastid="0000000001AAB900" lastname="Thread-7" />
</exclusive-start>
<allocation-taxation id="905" taxation-threshold="50331648" timestamp="2019-06-17T07:20:12.478" intervalms="39.790" />
<cycle-start id="906" type="partial gc" contextid="0" timestamp="2019-06-17T07:20:12.479" intervalms="39.827" />
<gc-start id="907" type="partial gc" contextid="906" timestamp="2019-06-17T07:20:12.479">
  <mem-info id="908" free="56623104" total="178257920" percent="31">
    <mem type="eden" free="0" total="50331648" percent="0" />
    <arraylet-primitive objects="2" leaves="2" largest="1" />
    <remembered-set count="38880" freebytes="6960000" totalbytes="7115520" percent="97" regionsoverflowed="0" regionsstable="2" regionsrebuilding="0"/>
  </mem-info>
</gc-start>
<allocation-stats totalBytes="50324984" >
  <allocated-bytes non-tlh="0" tlh="50324984" arrayletleaf="0"/>
  <largest-consumer threadName="Thread-8" threadId="0000000001AB3100" bytes="18294384" />
</allocation-stats>
<gc-op id="909" type="copy forward" timems="3.667" contextid="906" timestamp="2019-06-17T07:20:12.483">
  <memory-copied type="eden" objects="11861" bytes="423392" bytesdiscarded="0" />
  <memory-copied type="other" objects="21149" bytes="919704" bytesdiscarded="0" />
  <memory-cardclean objects="3160" bytes="161128" />
  <regions eden="48" other="2" />
  <remembered-set-cleared processed="33643" cleared="536" durationms="0.402" />
  <stringconstants candidates="4597" cleared="0"  />
</gc-op>
<gc-op id="910" type="classunload" timems="0.002" contextid="906" timestamp="2019-06-17T07:20:12.483">
  <classunload-info classloadercandidates="8" classloadersunloaded="0" classesunloaded="0" anonymousclassesunloaded="0" quiescems="0.000" setupms="0.002" scanms="0.000" postms="0.000" />
</gc-op>
<heap-resize id="911" type="expand" space="default" amount="3145728" count="1" timems="0.079" reason="excessive time being spent in gc" timestamp="2019-06-17T07:20:12.483" />
<gc-end id="912" type="partial gc" contextid="906" durationms="4.736" usertimems="8.000" systemtimems="0.000" timestamp="2019-06-17T07:20:12.484" activeThreads="1">
  <mem-info id="913" free="109051904" total="181403648" percent="60">
    <mem type="eden" free="625184" total="1048576" percent="59" />
    <arraylet-primitive objects="2" leaves="2" largest="1" />
    <remembered-set count="40544" freebytes="7078912" totalbytes="7241088" percent="97" regionsoverflowed="0" regionsstable="2" regionsrebuilding="0"/>
  </mem-info>
</gc-end>
<cycle-end id="914" type="partial gc" contextid="906" timestamp="2019-06-17T07:20:12.484" />
  <attribute name="elasticGC enabled" value="1" />
  <attribute name= "numThreadsSpecified" value="1" />
  <attribute name="heapSize specified" value="0" />
  <attribute name="Current GC Util" value="66" />
  <attribute name= "Current Time Running" value="2529" />
  <attribute name ="GC Interval" value="0" />
  <attribute name="ProportionalT" value="69.000000" />
  <attribute name="ProportionalI" value="69.000000" />
  <attribute name="ProportionalH" value="69.000000" />
  <attribute name="Current Error" value="46.000000" />
  <attribute name="IntegralT" value="0.000000" />
  <attribute name="IntegralI" value="0.000000" />
  <attribute name="IntegralH" value="0.000000" />
  <attribute name="DerivativeT" value="inf" />
  <attribute name="DerivativeI" value="inf" />
  <attribute name="DerivativeH" value="inf" />
  <attribute name="Loop Time for DT" value="0.000000" />
  <attribute name="Output H" value="8388608"/>
  <attribute name="Output I" value="200"/>
  <attribute name="Output T" value="1"/>
  <attribute name="Target GC Util Change" value ="20.000000" />
  <attribute name="Current GC Util Change" value="66.000000"/>
  <attribute name="GC Util currently" value="66" />
  <attribute name="CPU Util currently" value="21091731524089" />
<exclusive-end id="915" timestamp="2019-06-17T07:20:12.484" durationms="5.570" />

<exclusive-start id="916" timestamp="2019-06-17T07:20:12.521" intervalms="43.082">
  <response-info timems="0.039" idlems="0.039" threads="0" lastid="0000000001AAF500" lastname="Thread-10" />
</exclusive-start>
<allocation-taxation id="917" taxation-threshold="51380224" timestamp="2019-06-17T07:20:12.522" intervalms="43.191" />
<cycle-start id="918" type="partial gc" contextid="0" timestamp="2019-06-17T07:20:12.522" intervalms="43.222" />
<gc-start id="919" type="partial gc" contextid="918" timestamp="2019-06-17T07:20:12.522">
  <mem-info id="920" free="57671680" total="181403648" percent="31">
    <mem type="eden" free="0" total="51380224" percent="0" />
    <arraylet-primitive objects="2" leaves="2" largest="1" />
    <remembered-set count="40096" freebytes="7080704" totalbytes="7241088" percent="97" regionsoverflowed="0" regionsstable="2" regionsrebuilding="0"/>
  </mem-info>
</gc-start>
<allocation-stats totalBytes="51373336" >
  <allocated-bytes non-tlh="0" tlh="51373336" arrayletleaf="0"/>
  <largest-consumer threadName="Thread-7" threadId="0000000001AAB900" bytes="16299728" />
</allocation-stats>
<gc-op id="921" type="copy forward" timems="3.808" contextid="918" timestamp="2019-06-17T07:20:12.527">
  <memory-copied type="eden" objects="7205" bytes="311808" bytesdiscarded="0" />
  <memory-copied type="other" objects="24070" bytes="989808" bytesdiscarded="0" />
  <memory-cardclean objects="3160" bytes="161128" />
  <regions eden="49" other="3" />
  <remembered-set-cleared processed="34061" cleared="954" durationms="0.428" />
  <stringconstants candidates="4597" cleared="0"  />
</gc-op>
<gc-op id="922" type="classunload" timems="0.002" contextid="918" timestamp="2019-06-17T07:20:12.527">
  <classunload-info classloadercandidates="8" classloadersunloaded="0" classesunloaded="0" anonymousclassesunloaded="0" quiescems="0.000" setupms="0.002" scanms="0.000" postms="0.000" />
</gc-op>
<heap-resize id="923" type="expand" space="default" amount="2097152" count="1" timems="0.073" reason="excessive time being spent in gc" timestamp="2019-06-17T07:20:12.527" />
<gc-end id="924" type="partial gc" contextid="918" durationms="5.231" usertimems="4.000" systemtimems="0.000" timestamp="2019-06-17T07:20:12.527" activeThreads="1">
  <mem-info id="925" free="110100480" total="183500800" percent="60">
    <mem type="eden" free="736768" total="1048576" percent="70" />
    <arraylet-primitive objects="2" leaves="2" largest="1" />
    <remembered-set count="40544" freebytes="7162624" totalbytes="7324800" percent="97" regionsoverflowed="0" regionsstable="2" regionsrebuilding="0"/>
  </mem-info>
</gc-end>
<cycle-end id="926" type="partial gc" contextid="918" timestamp="2019-06-17T07:20:12.528" />
  <attribute name="elasticGC enabled" value="1" />
  <attribute name= "numThreadsSpecified" value="1" />
  <attribute name="heapSize specified" value="0" />
  <attribute name="Current GC Util" value="57" />
  <attribute name= "Current Time Running" value="2572" />
  <attribute name ="GC Interval" value="0" />
  <attribute name="ProportionalT" value="55.500000" />
  <attribute name="ProportionalI" value="55.500000" />
  <attribute name="ProportionalH" value="55.500000" />
  <attribute name="Current Error" value="37.000000" />
  <attribute name="IntegralT" value="0.000000" />
  <attribute name="IntegralI" value="0.000000" />
  <attribute name="IntegralH" value="0.000000" />
  <attribute name="DerivativeT" value="inf" />
  <attribute name="DerivativeI" value="inf" />
  <attribute name="DerivativeH" value="inf" />
  <attribute name="Loop Time for DT" value="0.000000" />
  <attribute name="Output H" value="8388608"/>
  <attribute name="Output I" value="200"/>
  <attribute name="Output T" value="1"/>
  <attribute name="Target GC Util Change" value ="20.000000" />
  <attribute name="Current GC Util Change" value="57.000000"/>
  <attribute name="GC Util currently" value="57" />
  <attribute name="CPU Util currently" value="16667579877149" />
<exclusive-end id="927" timestamp="2019-06-17T07:20:12.528" durationms="6.549" />

<exclusive-start id="928" timestamp="2019-06-17T07:20:12.555" intervalms="34.038">
  <response-info timems="0.031" idlems="0.031" threads="0" lastid="0000000001AA7D00" lastname="Thread-9" />
</exclusive-start>
<allocation-taxation id="929" taxation-threshold="52428800" timestamp="2019-06-17T07:20:12.556" intervalms="33.969" />
<cycle-start id="930" type="partial gc" contextid="0" timestamp="2019-06-17T07:20:12.556" intervalms="33.937" />
<gc-start id="931" type="partial gc" contextid="930" timestamp="2019-06-17T07:20:12.556">
  <mem-info id="932" free="57671680" total="183500800" percent="31">
    <mem type="eden" free="0" total="52428800" percent="0" />
    <arraylet-primitive objects="2" leaves="2" largest="1" />
    <remembered-set count="40192" freebytes="7164032" totalbytes="7324800" percent="97" regionsoverflowed="0" regionsstable="2" regionsrebuilding="0"/>
  </mem-info>
</gc-start>
<allocation-stats totalBytes="52421952" >
  <allocated-bytes non-tlh="0" tlh="52421952" arrayletleaf="0"/>
  <largest-consumer threadName="Thread-10" threadId="0000000001AAF500" bytes="13953376" />
</allocation-stats>
<gc-op id="933" type="copy forward" timems="3.313" contextid="930" timestamp="2019-06-17T07:20:12.560">
  <memory-copied type="eden" objects="9379" bytes="363696" bytesdiscarded="0" />
  <memory-copied type="other" objects="15476" bytes="646176" bytesdiscarded="0" />
  <memory-cardclean objects="5078" bytes="286840" />
  <regions eden="50" other="2" />
  <remembered-set-cleared processed="34433" cleared="555" durationms="0.423" />
  <stringconstants candidates="4597" cleared="0"  />
</gc-op>
<gc-op id="934" type="classunload" timems="0.002" contextid="930" timestamp="2019-06-17T07:20:12.560">
  <classunload-info classloadercandidates="8" classloadersunloaded="0" classesunloaded="0" anonymousclassesunloaded="0" quiescems="0.000" setupms="0.002" scanms="0.000" postms="0.000" />
</gc-op>
<heap-resize id="935" type="expand" space="default" amount="3145728" count="1" timems="0.070" reason="excessive time being spent in gc" timestamp="2019-06-17T07:20:12.560" />
<gc-end id="936" type="partial gc" contextid="930" durationms="4.565" usertimems="4.000" systemtimems="0.000" timestamp="2019-06-17T07:20:12.561" activeThreads="1">
  <mem-info id="937" free="112197632" total="186646528" percent="60">
    <mem type="eden" free="684880" total="1048576" percent="65" />
    <arraylet-primitive objects="2" leaves="2" largest="1" />
    <remembered-set count="41344" freebytes="7284992" totalbytes="7450368" percent="97" regionsoverflowed="0" regionsstable="2" regionsrebuilding="0"/>
  </mem-info>
</gc-end>
<cycle-end id="938" type="partial gc" contextid="930" timestamp="2019-06-17T07:20:12.561" />
  <attribute name="elasticGC enabled" value="1" />
  <attribute name= "numThreadsSpecified" value="1" />
  <attribute name="heapSize specified" value="0" />
  <attribute name="Current GC Util" value="64" />
  <attribute name= "Current Time Running" value="2606" />
  <attribute name ="GC Interval" value="0" />
  <attribute name="ProportionalT" value="66.000000" />
  <attribute name="ProportionalI" value="66.000000" />
  <attribute name="ProportionalH" value="66.000000" />
  <attribute name="Current Error" value="44.000000" />
  <attribute name="IntegralT" value="0.000000" />
  <attribute name="IntegralI" value="0.000000" />
  <attribute name="IntegralH" value="0.000000" />
  <attribute name="DerivativeT" value="inf" />
  <attribute name="DerivativeI" value="inf" />
  <attribute name="DerivativeH" value="inf" />
  <attribute name="Loop Time for DT" value="0.000000" />
  <attribute name="Output H" value="8388608"/>
  <attribute name="Output I" value="200"/>
  <attribute name="Output T" value="1"/>
  <attribute name="Target GC Util Change" value ="20.000000" />
  <attribute name="Current GC Util Change" value="64.000000"/>
  <attribute name="GC Util currently" value="64" />
  <attribute name="CPU Util currently" value="18159461344564" />
<exclusive-end id="939" timestamp="2019-06-17T07:20:12.561" durationms="5.564" />

<exclusive-start id="940" timestamp="2019-06-17T07:20:12.592" intervalms="36.097">
  <response-info timems="0.029" idlems="0.029" threads="0" lastid="0000000001AA7D00" lastname="Thread-9" />
</exclusive-start>
<allocation-taxation id="941" taxation-threshold="52428800" timestamp="2019-06-17T07:20:12.592" intervalms="36.118" />
<cycle-start id="942" type="partial gc" contextid="0" timestamp="2019-06-17T07:20:12.592" intervalms="36.130" />
<gc-start id="943" type="partial gc" contextid="942" timestamp="2019-06-17T07:20:12.592">
  <mem-info id="944" free="59768832" total="186646528" percent="32">
    <mem type="eden" free="0" total="52428800" percent="0" />
    <arraylet-primitive objects="2" leaves="2" largest="1" />
    <remembered-set count="40992" freebytes="7286400" totalbytes="7450368" percent="97" regionsoverflowed="0" regionsstable="2" regionsrebuilding="0"/>
  </mem-info>
</gc-start>
<allocation-stats totalBytes="52421944" >
  <allocated-bytes non-tlh="0" tlh="52421944" arrayletleaf="0"/>
  <largest-consumer threadName="Thread-10" threadId="0000000001AAF500" bytes="15513552" />
</allocation-stats>
<gc-op id="945" type="copy forward" timems="3.040" contextid="942" timestamp="2019-06-17T07:20:12.596">
  <memory-copied type="eden" objects="3602" bytes="87760" bytesdiscarded="0" />
  <memory-copied type="other" objects="16029" bytes="659448" bytesdiscarded="0" />
  <memory-cardclean objects="6891" bytes="355168" />
  <regions eden="50" other="2" />
  <remembered-set-cleared processed="35206" cleared="857" durationms="0.424" />
  <stringconstants candidates="4597" cleared="0"  />
</gc-op>
<gc-op id="946" type="classunload" timems="0.002" contextid="942" timestamp="2019-06-17T07:20:12.596">
  <classunload-info classloadercandidates="8" classloadersunloaded="0" classesunloaded="0" anonymousclassesunloaded="0" quiescems="0.000" setupms="0.002" scanms="0.000" postms="0.000" />
</gc-op>
<heap-resize id="947" type="expand" space="default" amount="2097152" count="1" timems="0.064" reason="excessive time being spent in gc" timestamp="2019-06-17T07:20:12.596" />
<gc-end id="948" type="partial gc" contextid="942" durationms="4.253" usertimems="4.000" systemtimems="0.000" timestamp="2019-06-17T07:20:12.596" activeThreads="1">
  <mem-info id="949" free="113246208" total="188743680" percent="60">
    <mem type="eden" free="960816" total="1048576" percent="91" />
    <arraylet-primitive objects="2" leaves="2" largest="1" />
    <remembered-set count="42336" freebytes="7364736" totalbytes="7534080" percent="97" regionsoverflowed="0" regionsstable="2" regionsrebuilding="0"/>
  </mem-info>
</gc-end>
<cycle-end id="950" type="partial gc" contextid="942" timestamp="2019-06-17T07:20:12.597" />
  <attribute name="elasticGC enabled" value="1" />
  <attribute name= "numThreadsSpecified" value="1" />
  <attribute name="heapSize specified" value="0" />
  <attribute name="Current GC Util" value="60" />
  <attribute name= "Current Time Running" value="2642" />
  <attribute name ="GC Interval" value="0" />
  <attribute name="ProportionalT" value="60.000000" />
  <attribute name="ProportionalI" value="60.000000" />
  <attribute name="ProportionalH" value="60.000000" />
  <attribute name="Current Error" value="40.000000" />
  <attribute name="IntegralT" value="0.000000" />
  <attribute name="IntegralI" value="0.000000" />
  <attribute name="IntegralH" value="0.000000" />
  <attribute name="DerivativeT" value="inf" />
  <attribute name="DerivativeI" value="inf" />
  <attribute name="DerivativeH" value="inf" />
  <attribute name="Loop Time for DT" value="0.000000" />
  <attribute name="Output H" value="8388608"/>
  <attribute name="Output I" value="200"/>
  <attribute name="Output T" value="1"/>
  <attribute name="Target GC Util Change" value ="20.000000" />
  <attribute name="Current GC Util Change" value="60.000000"/>
  <attribute name="GC Util currently" value="60" />
  <attribute name="CPU Util currently" value="16250633421940" />
<exclusive-end id="951" timestamp="2019-06-17T07:20:12.597" durationms="5.246" />

<exclusive-start id="952" timestamp="2019-06-17T07:20:12.626" intervalms="34.500">
  <response-info timems="0.030" idlems="0.030" threads="0" lastid="0000000001AA7D00" lastname="Thread-9" />
</exclusive-start>
<allocation-taxation id="953" taxation-threshold="53477376" timestamp="2019-06-17T07:20:12.626" intervalms="34.477" />
<cycle-start id="954" type="partial gc" contextid="0" timestamp="2019-06-17T07:20:12.626" intervalms="34.469" />
<gc-start id="955" type="partial gc" contextid="954" timestamp="2019-06-17T07:20:12.627">
  <mem-info id="956" free="59768832" total="188743680" percent="31">
    <mem type="eden" free="0" total="53477376" percent="0" />
    <arraylet-primitive objects="2" leaves="2" largest="1" />
    <remembered-set count="41888" freebytes="7366528" totalbytes="7534080" percent="97" regionsoverflowed="0" regionsstable="2" regionsrebuilding="0"/>
  </mem-info>
</gc-start>
<allocation-stats totalBytes="53470192" >
  <allocated-bytes non-tlh="0" tlh="53470192" arrayletleaf="0"/>
  <largest-consumer threadName="Thread-10" threadId="0000000001AAF500" bytes="14694448" />
</allocation-stats>
<gc-op id="957" type="copy forward" timems="2.030" contextid="954" timestamp="2019-06-17T07:20:12.629">
  <memory-copied type="eden" objects="7705" bytes="323504" bytesdiscarded="17592" />
  <memory-copied type="other" objects="5987" bytes="143688" bytesdiscarded="15184" />
  <memory-cardclean objects="9532" bytes="481312" />
  <regions eden="51" other="2" />
  <remembered-set-cleared processed="35880" cleared="1008" durationms="0.213" />
  <stringconstants candidates="4597" cleared="0"  />
</gc-op>
<gc-op id="958" type="classunload" timems="0.002" contextid="954" timestamp="2019-06-17T07:20:12.629">
  <classunload-info classloadercandidates="8" classloadersunloaded="0" classesunloaded="0" anonymousclassesunloaded="0" quiescems="0.000" setupms="0.002" scanms="0.000" postms="0.000" />
</gc-op>
<heap-resize id="959" type="expand" space="default" amount="3145728" count="1" timems="0.070" reason="excessive time being spent in gc" timestamp="2019-06-17T07:20:12.630" />
<gc-end id="960" type="partial gc" contextid="954" durationms="3.202" usertimems="8.000" systemtimems="0.000" timestamp="2019-06-17T07:20:12.630" activeThreads="4">
  <mem-info id="961" free="115343360" total="191889408" percent="60">
    <mem type="eden" free="707480" total="1048576" percent="67" />
    <arraylet-primitive objects="2" leaves="2" largest="1" />
    <remembered-set count="40960" freebytes="7495808" totalbytes="7659648" percent="97" regionsoverflowed="0" regionsstable="2" regionsrebuilding="0"/>
  </mem-info>
</gc-end>
<cycle-end id="962" type="partial gc" contextid="954" timestamp="2019-06-17T07:20:12.630" />
  <attribute name="elasticGC enabled" value="1" />
  <attribute name= "numThreadsSpecified" value="4" />
  <attribute name="heapSize specified" value="0" />
  <attribute name="Current GC Util" value="60" />
  <attribute name= "Current Time Running" value="2677" />
  <attribute name ="GC Interval" value="0" />
  <attribute name="ProportionalT" value="60.000000" />
  <attribute name="ProportionalI" value="60.000000" />
  <attribute name="ProportionalH" value="60.000000" />
  <attribute name="Current Error" value="40.000000" />
  <attribute name="IntegralT" value="40.000000" />
  <attribute name="IntegralI" value="40.000000" />
  <attribute name="IntegralH" value="40.000000" />
  <attribute name="DerivativeT" value="60.000000" />
  <attribute name="DerivativeI" value="60.000000" />
  <attribute name="DerivativeH" value="60.000000" />
  <attribute name="Loop Time for DT" value="1.000000" />
  <attribute name="Output H" value="8388608"/>
  <attribute name="Output I" value="200"/>
  <attribute name="Output T" value="4"/>
  <attribute name="Target GC Util Change" value ="20.000000" />
  <attribute name="Current GC Util Change" value="60.000000"/>
  <attribute name="GC Util currently" value="60" />
  <attribute name="CPU Util currently" value="16791076695657" />
<exclusive-end id="963" timestamp="2019-06-17T07:20:12.630" durationms="4.190" />

<exclusive-start id="964" timestamp="2019-06-17T07:20:12.657" intervalms="31.012">
  <response-info timems="0.033" idlems="0.033" threads="0" lastid="0000000001AB3100" lastname="Thread-8" />
</exclusive-start>
<allocation-taxation id="965" taxation-threshold="54525952" timestamp="2019-06-17T07:20:12.657" intervalms="31.001" />
<cycle-start id="966" type="partial gc" contextid="0" timestamp="2019-06-17T07:20:12.657" intervalms="31.003" />
<gc-start id="967" type="partial gc" contextid="966" timestamp="2019-06-17T07:20:12.658">
  <mem-info id="968" free="60817408" total="191889408" percent="31">
    <mem type="eden" free="0" total="54525952" percent="0" />
    <arraylet-primitive objects="2" leaves="2" largest="1" />
    <remembered-set count="40928" freebytes="7495936" totalbytes="7659648" percent="97" regionsoverflowed="0" regionsstable="2" regionsrebuilding="0"/>
  </mem-info>
</gc-start>
<allocation-stats totalBytes="54518696" >
  <allocated-bytes non-tlh="0" tlh="54518696" arrayletleaf="0"/>
  <largest-consumer threadName="Thread-9" threadId="0000000001AA7D00" bytes="14866592" />
</allocation-stats>
<gc-op id="969" type="copy forward" timems="1.931" contextid="966" timestamp="2019-06-17T07:20:12.660">
  <memory-copied type="eden" objects="8400" bytes="340128" bytesdiscarded="30768" />
  <memory-copied type="other" objects="10141" bytes="380760" bytesdiscarded="7704" />
  <memory-cardclean objects="8608" bytes="418360" />
  <regions eden="52" other="2" />
  <remembered-set-cleared processed="36329" cleared="836" durationms="0.202" />
  <stringconstants candidates="4597" cleared="0"  />
</gc-op>
<gc-op id="970" type="classunload" timems="0.002" contextid="966" timestamp="2019-06-17T07:20:12.660">
  <classunload-info classloadercandidates="8" classloadersunloaded="0" classesunloaded="0" anonymousclassesunloaded="0" quiescems="0.000" setupms="0.002" scanms="0.000" postms="0.000" />
</gc-op>
<heap-resize id="971" type="expand" space="default" amount="2097152" count="1" timems="0.063" reason="excessive time being spent in gc" timestamp="2019-06-17T07:20:12.661" />
<gc-end id="972" type="partial gc" contextid="966" durationms="3.082" usertimems="8.000" systemtimems="0.000" timestamp="2019-06-17T07:20:12.661" activeThreads="4">
  <mem-info id="973" free="116391936" total="193986560" percent="60">
    <mem type="eden" free="677680" total="1048576" percent="64" />
    <arraylet-primitive objects="2" leaves="2" largest="1" />
    <remembered-set count="42176" freebytes="7574656" totalbytes="7743360" percent="97" regionsoverflowed="0" regionsstable="2" regionsrebuilding="0"/>
  </mem-info>
</gc-end>
<cycle-end id="974" type="partial gc" contextid="966" timestamp="2019-06-17T07:20:12.661" />
  <attribute name="elasticGC enabled" value="1" />
  <attribute name= "numThreadsSpecified" value="4" />
  <attribute name="heapSize specified" value="0" />
  <attribute name="Current GC Util" value="53" />
  <attribute name= "Current Time Running" value="2708" />
  <attribute name ="GC Interval" value="0" />
  <attribute name="ProportionalT" value="49.500000" />
  <attribute name="ProportionalI" value="49.500000" />
  <attribute name="ProportionalH" value="49.500000" />
  <attribute name="Current Error" value="33.000000" />
  <attribute name="IntegralT" value="33.000000" />
  <attribute name="IntegralI" value="33.000000" />
  <attribute name="IntegralH" value="33.000000" />
  <attribute name="DerivativeT" value="49.500000" />
  <attribute name="DerivativeI" value="49.500000" />
  <attribute name="DerivativeH" value="49.500000" />
  <attribute name="Loop Time for DT" value="1.000000" />
  <attribute name="Output H" value="8388608"/>
  <attribute name="Output I" value="200"/>
  <attribute name="Output T" value="4"/>
  <attribute name="Target GC Util Change" value ="20.000000" />
  <attribute name="Current GC Util Change" value="53.000000"/>
  <attribute name="GC Util currently" value="53" />
  <attribute name="CPU Util currently" value="17800995122550" />
<exclusive-end id="975" timestamp="2019-06-17T07:20:12.661" durationms="4.064" />

<exclusive-start id="976" timestamp="2019-06-17T07:20:12.688" intervalms="31.193">
  <response-info timems="0.059" idlems="0.059" threads="0" lastid="0000000001AAB900" lastname="Thread-7" />
</exclusive-start>
<allocation-taxation id="977" taxation-threshold="54525952" timestamp="2019-06-17T07:20:12.688" intervalms="31.189" />
<cycle-start id="978" type="partial gc" contextid="0" timestamp="2019-06-17T07:20:12.689" intervalms="31.178" />
<gc-start id="979" type="partial gc" contextid="978" timestamp="2019-06-17T07:20:12.689">
  <mem-info id="980" free="61865984" total="193986560" percent="31">
    <mem type="eden" free="0" total="54525952" percent="0" />
    <arraylet-primitive objects="2" leaves="2" largest="1" />
    <remembered-set count="42080" freebytes="7575040" totalbytes="7743360" percent="97" regionsoverflowed="0" regionsstable="2" regionsrebuilding="0"/>
  </mem-info>
</gc-start>
<allocation-stats totalBytes="54518864" >
  <allocated-bytes non-tlh="0" tlh="54518864" arrayletleaf="0"/>
  <largest-consumer threadName="Thread-9" threadId="0000000001AA7D00" bytes="14952480" />
</allocation-stats>
<gc-op id="981" type="copy forward" timems="3.178" contextid="978" timestamp="2019-06-17T07:20:12.693">
  <memory-copied type="eden" objects="2470" bytes="60312" bytesdiscarded="0" />
  <memory-copied type="other" objects="17900" bytes="704352" bytesdiscarded="0" />
  <memory-cardclean objects="10704" bytes="519184" />
  <regions eden="52" other="3" />
  <remembered-set-cleared processed="36769" cleared="3541" durationms="0.430" />
  <stringconstants candidates="4597" cleared="0"  />
</gc-op>
<gc-op id="982" type="classunload" timems="0.002" contextid="978" timestamp="2019-06-17T07:20:12.693">
  <classunload-info classloadercandidates="8" classloadersunloaded="0" classesunloaded="0" anonymousclassesunloaded="0" quiescems="0.000" setupms="0.002" scanms="0.000" postms="0.000" />
</gc-op>
<heap-resize id="983" type="expand" space="default" amount="3145728" count="1" timems="0.069" reason="excessive time being spent in gc" timestamp="2019-06-17T07:20:12.693" />
<gc-end id="984" type="partial gc" contextid="978" durationms="4.417" usertimems="4.000" systemtimems="0.000" timestamp="2019-06-17T07:20:12.693" activeThreads="1">
  <mem-info id="985" free="118489088" total="197132288" percent="60">
    <mem type="eden" free="988264" total="1048576" percent="94" />
    <arraylet-primitive objects="2" leaves="2" largest="1" />
    <remembered-set count="41760" freebytes="7701888" totalbytes="7868928" percent="97" regionsoverflowed="0" regionsstable="2" regionsrebuilding="0"/>
  </mem-info>
</gc-end>
<cycle-end id="986" type="partial gc" contextid="978" timestamp="2019-06-17T07:20:12.693" />
  <attribute name="elasticGC enabled" value="1" />
  <attribute name= "numThreadsSpecified" value="1" />
  <attribute name="heapSize specified" value="0" />
  <attribute name="Current GC Util" value="49" />
  <attribute name= "Current Time Running" value="2739" />
  <attribute name ="GC Interval" value="0" />
  <attribute name="ProportionalT" value="43.500000" />
  <attribute name="ProportionalI" value="43.500000" />
  <attribute name="ProportionalH" value="43.500000" />
  <attribute name="Current Error" value="29.000000" />
  <attribute name="IntegralT" value="0.000000" />
  <attribute name="IntegralI" value="0.000000" />
  <attribute name="IntegralH" value="0.000000" />
  <attribute name="DerivativeT" value="inf" />
  <attribute name="DerivativeI" value="inf" />
  <attribute name="DerivativeH" value="inf" />
  <attribute name="Loop Time for DT" value="0.000000" />
  <attribute name="Output H" value="8388608"/>
  <attribute name="Output I" value="200"/>
  <attribute name="Output T" value="1"/>
  <attribute name="Target GC Util Change" value ="20.000000" />
  <attribute name="Current GC Util Change" value="49.000000"/>
  <attribute name="GC Util currently" value="49" />
  <attribute name="CPU Util currently" value="18083766656733" />
<exclusive-end id="987" timestamp="2019-06-17T07:20:12.694" durationms="5.397" />

<exclusive-start id="988" timestamp="2019-06-17T07:20:12.720" intervalms="32.035">
  <response-info timems="0.025" idlems="0.025" threads="0" lastid="0000000001AAF500" lastname="Thread-10" />
</exclusive-start>
<allocation-taxation id="989" taxation-threshold="55574528" timestamp="2019-06-17T07:20:12.720" intervalms="32.028" />
<cycle-start id="990" type="partial gc" contextid="0" timestamp="2019-06-17T07:20:12.721" intervalms="32.087" />
<gc-start id="991" type="partial gc" contextid="990" timestamp="2019-06-17T07:20:12.721">
  <mem-info id="992" free="62914560" total="197132288" percent="31">
    <mem type="eden" free="0" total="55574528" percent="0" />
    <arraylet-primitive objects="2" leaves="2" largest="1" />
    <remembered-set count="41568" freebytes="7702656" totalbytes="7868928" percent="97" regionsoverflowed="0" regionsstable="2" regionsrebuilding="0"/>
  </mem-info>
</gc-start>
<allocation-stats totalBytes="55566840" >
  <allocated-bytes non-tlh="0" tlh="55566840" arrayletleaf="0"/>
  <largest-consumer threadName="Thread-9" threadId="0000000001AA7D00" bytes="15607624" />
</allocation-stats>
<gc-op id="993" type="copy forward" timems="3.046" contextid="990" timestamp="2019-06-17T07:20:12.725">
  <memory-copied type="eden" objects="9204" bytes="359280" bytesdiscarded="0" />
  <memory-copied type="other" objects="10406" bytes="387120" bytesdiscarded="0" />
  <memory-cardclean objects="7063" bytes="367120" />
  <regions eden="53" other="2" />
  <remembered-set-cleared processed="35700" cleared="1020" durationms="0.447" />
  <stringconstants candidates="4597" cleared="0"  />
</gc-op>
<gc-op id="994" type="classunload" timems="0.002" contextid="990" timestamp="2019-06-17T07:20:12.725">
  <classunload-info classloadercandidates="8" classloadersunloaded="0" classesunloaded="0" anonymousclassesunloaded="0" quiescems="0.000" setupms="0.002" scanms="0.000" postms="0.000" />
</gc-op>
<heap-resize id="995" type="expand" space="default" amount="2097152" count="1" timems="0.073" reason="excessive time being spent in gc" timestamp="2019-06-17T07:20:12.725" />
<gc-end id="996" type="partial gc" contextid="990" durationms="4.512" usertimems="4.000" systemtimems="0.000" timestamp="2019-06-17T07:20:12.725" activeThreads="1">
  <mem-info id="997" free="119537664" total="199229440" percent="60">
    <mem type="eden" free="689296" total="1048576" percent="65" />
    <arraylet-primitive objects="2" leaves="2" largest="1" />
    <remembered-set count="42656" freebytes="7782016" totalbytes="7952640" percent="97" regionsoverflowed="0" regionsstable="2" regionsrebuilding="0"/>
  </mem-info>
</gc-end>
<cycle-end id="998" type="partial gc" contextid="990" timestamp="2019-06-17T07:20:12.726" />
  <attribute name="elasticGC enabled" value="1" />
  <attribute name= "numThreadsSpecified" value="1" />
  <attribute name="heapSize specified" value="0" />
  <attribute name="Current GC Util" value="50" />
  <attribute name= "Current Time Running" value="2771" />
  <attribute name ="GC Interval" value="0" />
  <attribute name="ProportionalT" value="45.000000" />
  <attribute name="ProportionalI" value="45.000000" />
  <attribute name="ProportionalH" value="45.000000" />
  <attribute name="Current Error" value="30.000000" />
  <attribute name="IntegralT" value="0.000000" />
  <attribute name="IntegralI" value="0.000000" />
  <attribute name="IntegralH" value="0.000000" />
  <attribute name="DerivativeT" value="inf" />
  <attribute name="DerivativeI" value="inf" />
  <attribute name="DerivativeH" value="inf" />
  <attribute name="Loop Time for DT" value="0.000000" />
  <attribute name="Output H" value="8388608"/>
  <attribute name="Output I" value="200"/>
  <attribute name="Output T" value="1"/>
  <attribute name="Target GC Util Change" value ="20.000000" />
  <attribute name="Current GC Util Change" value="50.000000"/>
  <attribute name="GC Util currently" value="50" />
  <attribute name="CPU Util currently" value="16415432714777" />
<exclusive-end id="999" timestamp="2019-06-17T07:20:12.726" durationms="5.540" />

<exclusive-start id="1000" timestamp="2019-06-17T07:20:12.753" intervalms="32.664">
  <response-info timems="0.037" idlems="0.037" threads="0" lastid="0000000001AB3100" lastname="Thread-8" />
</exclusive-start>
<allocation-taxation id="1001" taxation-threshold="55574528" timestamp="2019-06-17T07:20:12.753" intervalms="32.676" />
<cycle-start id="1002" type="partial gc" contextid="0" timestamp="2019-06-17T07:20:12.753" intervalms="32.632" />
<gc-start id="1003" type="partial gc" contextid="1002" timestamp="2019-06-17T07:20:12.754">
  <mem-info id="1004" free="63963136" total="199229440" percent="32">
    <mem type="eden" free="0" total="55574528" percent="0" />
    <arraylet-primitive objects="2" leaves="2" largest="1" />
    <remembered-set count="42336" freebytes="7783296" totalbytes="7952640" percent="97" regionsoverflowed="0" regionsstable="2" regionsrebuilding="0"/>
  </mem-info>
</gc-start>
<allocation-stats totalBytes="55567512" >
  <allocated-bytes non-tlh="0" tlh="55567512" arrayletleaf="0"/>
  <largest-consumer threadName="Thread-9" threadId="0000000001AA7D00" bytes="15513576" />
</allocation-stats>
<gc-op id="1005" type="copy forward" timems="2.032" contextid="1002" timestamp="2019-06-17T07:20:12.756">
  <memory-copied type="eden" objects="10157" bytes="382240" bytesdiscarded="55424" />
  <memory-copied type="other" objects="11262" bytes="407664" bytesdiscarded="16960" />
  <memory-cardclean objects="9743" bytes="495448" />
  <regions eden="53" other="2" />
  <remembered-set-cleared processed="36407" cleared="1160" durationms="0.209" />
  <stringconstants candidates="4597" cleared="0"  />
</gc-op>
<gc-op id="1006" type="classunload" timems="0.002" contextid="1002" timestamp="2019-06-17T07:20:12.756">
  <classunload-info classloadercandidates="8" classloadersunloaded="0" classesunloaded="0" anonymousclassesunloaded="0" quiescems="0.000" setupms="0.002" scanms="0.000" postms="0.000" />
</gc-op>
<heap-resize id="1007" type="expand" space="default" amount="3145728" count="1" timems="0.069" reason="excessive time being spent in gc" timestamp="2019-06-17T07:20:12.757" />
<gc-end id="1008" type="partial gc" contextid="1002" durationms="3.304" usertimems="8.000" systemtimems="0.000" timestamp="2019-06-17T07:20:12.757" activeThreads="4">
  <mem-info id="1009" free="121634816" total="202375168" percent="60">
    <mem type="eden" free="610912" total="1048576" percent="58" />
    <arraylet-primitive objects="2" leaves="2" largest="1" />
    <remembered-set count="42912" freebytes="7906560" totalbytes="8078208" percent="97" regionsoverflowed="0" regionsstable="2" regionsrebuilding="0"/>
  </mem-info>
</gc-end>
<cycle-end id="1010" type="partial gc" contextid="1002" timestamp="2019-06-17T07:20:12.757" />
  <attribute name="elasticGC enabled" value="1" />
  <attribute name= "numThreadsSpecified" value="4" />
  <attribute name="heapSize specified" value="0" />
  <attribute name="Current GC Util" value="64" />
  <attribute name= "Current Time Running" value="2804" />
  <attribute name ="GC Interval" value="0" />
  <attribute name="ProportionalT" value="66.000000" />
  <attribute name="ProportionalI" value="66.000000" />
  <attribute name="ProportionalH" value="66.000000" />
  <attribute name="Current Error" value="44.000000" />
  <attribute name="IntegralT" value="44.000000" />
  <attribute name="IntegralI" value="44.000000" />
  <attribute name="IntegralH" value="44.000000" />
  <attribute name="DerivativeT" value="66.000000" />
  <attribute name="DerivativeI" value="66.000000" />
  <attribute name="DerivativeH" value="66.000000" />
  <attribute name="Loop Time for DT" value="1.000000" />
  <attribute name="Output H" value="8388608"/>
  <attribute name="Output I" value="200"/>
  <attribute name="Output T" value="4"/>
  <attribute name="Target GC Util Change" value ="20.000000" />
  <attribute name="Current GC Util Change" value="64.000000"/>
  <attribute name="GC Util currently" value="64" />
  <attribute name="CPU Util currently" value="18526854137491" />
<exclusive-end id="1011" timestamp="2019-06-17T07:20:12.757" durationms="4.304" />

<exclusive-start id="1012" timestamp="2019-06-17T07:20:12.790" intervalms="37.391">
  <response-info timems="0.031" idlems="0.031" threads="0" lastid="0000000001AB3100" lastname="Thread-8" />
</exclusive-start>
<allocation-taxation id="1013" taxation-threshold="56623104" timestamp="2019-06-17T07:20:12.791" intervalms="37.408" />
<cycle-start id="1014" type="partial gc" contextid="0" timestamp="2019-06-17T07:20:12.791" intervalms="37.463" />
<gc-start id="1015" type="partial gc" contextid="1014" timestamp="2019-06-17T07:20:12.791">
  <mem-info id="1016" free="65011712" total="202375168" percent="32">
    <mem type="eden" free="0" total="56623104" percent="0" />
    <arraylet-primitive objects="2" leaves="2" largest="1" />
    <remembered-set count="42624" freebytes="7907712" totalbytes="8078208" percent="97" regionsoverflowed="0" regionsstable="2" regionsrebuilding="0"/>
  </mem-info>
</gc-start>
<allocation-stats totalBytes="56615408" >
  <allocated-bytes non-tlh="0" tlh="56615408" arrayletleaf="0"/>
  <largest-consumer threadName="Thread-9" threadId="0000000001AA7D00" bytes="16951176" />
</allocation-stats>
<gc-op id="1017" type="copy forward" timems="3.719" contextid="1014" timestamp="2019-06-17T07:20:12.796">
  <memory-copied type="eden" objects="4434" bytes="108000" bytesdiscarded="0" />
  <memory-copied type="other" objects="19520" bytes="743256" bytesdiscarded="0" />
  <memory-cardclean objects="9780" bytes="478368" />
  <regions eden="54" other="3" />
  <remembered-set-cleared processed="37122" cleared="3424" durationms="0.451" />
  <stringconstants candidates="4597" cleared="0"  />
</gc-op>
<gc-op id="1018" type="classunload" timems="0.003" contextid="1014" timestamp="2019-06-17T07:20:12.796">
  <classunload-info classloadercandidates="8" classloadersunloaded="0" classesunloaded="0" anonymousclassesunloaded="0" quiescems="0.000" setupms="0.003" scanms="0.000" postms="0.000" />
</gc-op>
<heap-resize id="1019" type="expand" space="default" amount="2097152" count="1" timems="0.065" reason="excessive time being spent in gc" timestamp="2019-06-17T07:20:12.796" />
<gc-end id="1020" type="partial gc" contextid="1014" durationms="5.227" usertimems="4.000" systemtimems="0.000" timestamp="2019-06-17T07:20:12.796" activeThreads="1">
  <mem-info id="1021" free="122683392" total="204472320" percent="60">
    <mem type="eden" free="940576" total="1048576" percent="89" />
    <arraylet-primitive objects="2" leaves="2" largest="1" />
    <remembered-set count="41824" freebytes="7994624" totalbytes="8161920" percent="97" regionsoverflowed="0" regionsstable="2" regionsrebuilding="0"/>
  </mem-info>
</gc-end>
<cycle-end id="1022" type="partial gc" contextid="1014" timestamp="2019-06-17T07:20:12.796" />
  <attribute name="elasticGC enabled" value="1" />
  <attribute name= "numThreadsSpecified" value="1" />
  <attribute name="heapSize specified" value="0" />
  <attribute name="Current GC Util" value="48" />
  <attribute name= "Current Time Running" value="2841" />
  <attribute name ="GC Interval" value="0" />
  <attribute name="ProportionalT" value="42.000000" />
  <attribute name="ProportionalI" value="42.000000" />
  <attribute name="ProportionalH" value="42.000000" />
  <attribute name="Current Error" value="28.000000" />
  <attribute name="IntegralT" value="0.000000" />
  <attribute name="IntegralI" value="0.000000" />
  <attribute name="IntegralH" value="0.000000" />
  <attribute name="DerivativeT" value="inf" />
  <attribute name="DerivativeI" value="inf" />
  <attribute name="DerivativeH" value="inf" />
  <attribute name="Loop Time for DT" value="0.000000" />
  <attribute name="Output H" value="8388608"/>
  <attribute name="Output I" value="200"/>
  <attribute name="Output T" value="1"/>
  <attribute name="Target GC Util Change" value ="20.000000" />
  <attribute name="Current GC Util Change" value="48.000000"/>
  <attribute name="GC Util currently" value="48" />
  <attribute name="CPU Util currently" value="17375836466514" />
<exclusive-end id="1023" timestamp="2019-06-17T07:20:12.797" durationms="6.424" />

<exclusive-start id="1024" timestamp="2019-06-17T07:20:12.826" intervalms="35.279">
  <response-info timems="0.031" idlems="0.031" threads="0" lastid="0000000001AB3100" lastname="Thread-8" />
</exclusive-start>
<allocation-taxation id="1025" taxation-threshold="57671680" timestamp="2019-06-17T07:20:12.826" intervalms="35.272" />
<cycle-start id="1026" type="partial gc" contextid="0" timestamp="2019-06-17T07:20:12.826" intervalms="35.219" />
<gc-start id="1027" type="partial gc" contextid="1026" timestamp="2019-06-17T07:20:12.826">
  <mem-info id="1028" free="65011712" total="204472320" percent="31">
    <mem type="eden" free="0" total="57671680" percent="0" />
    <arraylet-primitive objects="2" leaves="2" largest="1" />
    <remembered-set count="41632" freebytes="7995392" totalbytes="8161920" percent="97" regionsoverflowed="0" regionsstable="2" regionsrebuilding="0"/>
  </mem-info>
</gc-start>
<allocation-stats totalBytes="57664240" >
  <allocated-bytes non-tlh="0" tlh="57664240" arrayletleaf="0"/>
  <largest-consumer threadName="Thread-9" threadId="0000000001AA7D00" bytes="19121928" />
</allocation-stats>
<gc-op id="1029" type="copy forward" timems="4.078" contextid="1026" timestamp="2019-06-17T07:20:12.831">
  <memory-copied type="eden" objects="17780" bytes="702752" bytesdiscarded="0" />
  <memory-copied type="other" objects="14094" bytes="475632" bytesdiscarded="0" />
  <memory-cardclean objects="10563" bytes="539248" />
  <regions eden="55" other="2" />
  <remembered-set-cleared processed="36206" cleared="1263" durationms="0.466" />
  <stringconstants candidates="4597" cleared="0"  />
</gc-op>
<gc-op id="1030" type="classunload" timems="0.003" contextid="1026" timestamp="2019-06-17T07:20:12.831">
  <classunload-info classloadercandidates="8" classloadersunloaded="0" classesunloaded="0" anonymousclassesunloaded="0" quiescems="0.000" setupms="0.003" scanms="0.000" postms="0.000" />
</gc-op>
<heap-resize id="1031" type="expand" space="default" amount="3145728" count="1" timems="0.084" reason="excessive time being spent in gc" timestamp="2019-06-17T07:20:12.832" />
<gc-end id="1032" type="partial gc" contextid="1026" durationms="5.511" usertimems="4.000" systemtimems="0.000" timestamp="2019-06-17T07:20:12.832" activeThreads="1">
  <mem-info id="1033" free="124780544" total="207618048" percent="60">
    <mem type="eden" free="345824" total="1048576" percent="32" />
    <arraylet-primitive objects="2" leaves="2" largest="1" />
    <remembered-set count="42624" freebytes="8116992" totalbytes="8287488" percent="97" regionsoverflowed="0" regionsstable="2" regionsrebuilding="0"/>
  </mem-info>
</gc-end>
<cycle-end id="1034" type="partial gc" contextid="1026" timestamp="2019-06-17T07:20:12.832" />
  <attribute name="elasticGC enabled" value="1" />
  <attribute name= "numThreadsSpecified" value="1" />
  <attribute name="heapSize specified" value="0" />
  <attribute name="Current GC Util" value="48" />
  <attribute name= "Current Time Running" value="2876" />
  <attribute name ="GC Interval" value="0" />
  <attribute name="ProportionalT" value="42.000000" />
  <attribute name="ProportionalI" value="42.000000" />
  <attribute name="ProportionalH" value="42.000000" />
  <attribute name="Current Error" value="28.000000" />
  <attribute name="IntegralT" value="0.000000" />
  <attribute name="IntegralI" value="0.000000" />
  <attribute name="IntegralH" value="0.000000" />
  <attribute name="DerivativeT" value="inf" />
  <attribute name="DerivativeI" value="inf" />
  <attribute name="DerivativeH" value="inf" />
  <attribute name="Loop Time for DT" value="0.000000" />
  <attribute name="Output H" value="8388608"/>
  <attribute name="Output I" value="200"/>
  <attribute name="Output T" value="1"/>
  <attribute name="Target GC Util Change" value ="20.000000" />
  <attribute name="Current GC Util Change" value="48.000000"/>
  <attribute name="GC Util currently" value="48" />
  <attribute name="CPU Util currently" value="13885225333470" />
<exclusive-end id="1035" timestamp="2019-06-17T07:20:12.832" durationms="6.656" />

<exclusive-start id="1036" timestamp="2019-06-17T07:20:12.860" intervalms="33.922">
  <response-info timems="0.029" idlems="0.029" threads="0" lastid="0000000001AA7D00" lastname="Thread-9" />
</exclusive-start>
<allocation-taxation id="1037" taxation-threshold="57671680" timestamp="2019-06-17T07:20:12.860" intervalms="33.902" />
<cycle-start id="1038" type="partial gc" contextid="0" timestamp="2019-06-17T07:20:12.860" intervalms="33.890" />
<gc-start id="1039" type="partial gc" contextid="1038" timestamp="2019-06-17T07:20:12.860">
  <mem-info id="1040" free="67108864" total="207618048" percent="32">
    <mem type="eden" free="0" total="57671680" percent="0" />
    <arraylet-primitive objects="2" leaves="2" largest="1" />
    <remembered-set count="42400" freebytes="8117888" totalbytes="8287488" percent="97" regionsoverflowed="0" regionsstable="2" regionsrebuilding="0"/>
  </mem-info>
</gc-start>
<allocation-stats totalBytes="57663976" >
  <allocated-bytes non-tlh="0" tlh="57663976" arrayletleaf="0"/>
  <largest-consumer threadName="Thread-9" threadId="0000000001AA7D00" bytes="17827368" />
</allocation-stats>
<gc-op id="1041" type="copy forward" timems="3.277" contextid="1038" timestamp="2019-06-17T07:20:12.864">
  <memory-copied type="eden" objects="9131" bytes="357944" bytesdiscarded="0" />
  <memory-copied type="other" objects="12971" bytes="448680" bytesdiscarded="0" />
  <memory-cardclean objects="10793" bytes="546424" />
  <regions eden="55" other="2" />
  <remembered-set-cleared processed="37154" cleared="1193" durationms="0.458" />
  <stringconstants candidates="4597" cleared="0"  />
</gc-op>
<gc-op id="1042" type="classunload" timems="0.002" contextid="1038" timestamp="2019-06-17T07:20:12.864">
  <classunload-info classloadercandidates="8" classloadersunloaded="0" classesunloaded="0" anonymousclassesunloaded="0" quiescems="0.000" setupms="0.002" scanms="0.000" postms="0.000" />
</gc-op>
<heap-resize id="1043" type="expand" space="default" amount="2097152" count="1" timems="0.067" reason="excessive time being spent in gc" timestamp="2019-06-17T07:20:12.865" />
<gc-end id="1044" type="partial gc" contextid="1038" durationms="4.568" usertimems="4.000" systemtimems="0.000" timestamp="2019-06-17T07:20:12.865" activeThreads="1">
  <mem-info id="1045" free="125829120" total="209715200" percent="60">
    <mem type="eden" free="690632" total="1048576" percent="65" />
    <arraylet-primitive objects="2" leaves="2" largest="1" />
    <remembered-set count="43168" freebytes="8198528" totalbytes="8371200" percent="97" regionsoverflowed="0" regionsstable="2" regionsrebuilding="0"/>
  </mem-info>
</gc-end>
<cycle-end id="1046" type="partial gc" contextid="1038" timestamp="2019-06-17T07:20:12.865" />
  <attribute name="elasticGC enabled" value="1" />
  <attribute name= "numThreadsSpecified" value="1" />
  <attribute name="heapSize specified" value="0" />
  <attribute name="Current GC Util" value="54" />
  <attribute name= "Current Time Running" value="2910" />
  <attribute name ="GC Interval" value="0" />
  <attribute name="ProportionalT" value="51.000000" />
  <attribute name="ProportionalI" value="51.000000" />
  <attribute name="ProportionalH" value="51.000000" />
  <attribute name="Current Error" value="34.000000" />
  <attribute name="IntegralT" value="0.000000" />
  <attribute name="IntegralI" value="0.000000" />
  <attribute name="IntegralH" value="0.000000" />
  <attribute name="DerivativeT" value="inf" />
  <attribute name="DerivativeI" value="inf" />
  <attribute name="DerivativeH" value="inf" />
  <attribute name="Loop Time for DT" value="0.000000" />
  <attribute name="Output H" value="8388608"/>
  <attribute name="Output I" value="200"/>
  <attribute name="Output T" value="1"/>
  <attribute name="Target GC Util Change" value ="20.000000" />
  <attribute name="Current GC Util Change" value="54.000000"/>
  <attribute name="GC Util currently" value="54" />
  <attribute name="CPU Util currently" value="16440069175061" />
<exclusive-end id="1047" timestamp="2019-06-17T07:20:12.865" durationms="5.501" />

<exclusive-start id="1048" timestamp="2019-06-17T07:20:12.889" intervalms="29.509">
  <response-info timems="0.058" idlems="0.058" threads="0" lastid="0000000001AAB900" lastname="Thread-7" />
</exclusive-start>
<allocation-taxation id="1049" taxation-threshold="58720256" timestamp="2019-06-17T07:20:12.889" intervalms="29.518" />
<cycle-start id="1050" type="partial gc" contextid="0" timestamp="2019-06-17T07:20:12.889" intervalms="29.582" />
<gc-start id="1051" type="partial gc" contextid="1050" timestamp="2019-06-17T07:20:12.890">
  <mem-info id="1052" free="67108864" total="209715200" percent="32">
    <mem type="eden" free="0" total="58720256" percent="0" />
    <arraylet-primitive objects="2" leaves="2" largest="1" />
    <remembered-set count="43040" freebytes="8199040" totalbytes="8371200" percent="97" regionsoverflowed="0" regionsstable="2" regionsrebuilding="0"/>
  </mem-info>
</gc-start>
<allocation-stats totalBytes="58712808" >
  <allocated-bytes non-tlh="0" tlh="58712808" arrayletleaf="0"/>
  <largest-consumer threadName="Thread-7" threadId="0000000001AAB900" bytes="16091000" />
</allocation-stats>
<gc-op id="1053" type="copy forward" timems="4.165" contextid="1050" timestamp="2019-06-17T07:20:12.895">
  <memory-copied type="eden" objects="16310" bytes="667640" bytesdiscarded="0" />
  <memory-copied type="other" objects="17694" bytes="699408" bytesdiscarded="0" />
  <memory-cardclean objects="8636" bytes="431704" />
  <regions eden="56" other="2" />
  <remembered-set-cleared processed="37962" cleared="1181" durationms="0.450" />
  <stringconstants candidates="4597" cleared="0"  />
</gc-op>
<gc-op id="1054" type="classunload" timems="0.003" contextid="1050" timestamp="2019-06-17T07:20:12.895">
  <classunload-info classloadercandidates="8" classloadersunloaded="0" classesunloaded="0" anonymousclassesunloaded="0" quiescems="0.000" setupms="0.003" scanms="0.000" postms="0.000" />
</gc-op>
<heap-resize id="1055" type="expand" space="default" amount="3145728" count="1" timems="0.074" reason="excessive time being spent in gc" timestamp="2019-06-17T07:20:12.895" />
<gc-end id="1056" type="partial gc" contextid="1050" durationms="5.461" usertimems="8.000" systemtimems="0.000" timestamp="2019-06-17T07:20:12.895" activeThreads="1">
  <mem-info id="1057" free="127926272" total="212860928" percent="60">
    <mem type="eden" free="380936" total="1048576" percent="36" />
    <arraylet-primitive objects="2" leaves="2" largest="1" />
    <remembered-set count="44544" freebytes="8318592" totalbytes="8496768" percent="97" regionsoverflowed="0" regionsstable="2" regionsrebuilding="0"/>
  </mem-info>
</gc-end>
<cycle-end id="1058" type="partial gc" contextid="1050" timestamp="2019-06-17T07:20:12.895" />
  <attribute name="elasticGC enabled" value="1" />
  <attribute name= "numThreadsSpecified" value="1" />
  <attribute name="heapSize specified" value="0" />
  <attribute name="Current GC Util" value="68" />
  <attribute name= "Current Time Running" value="2940" />
  <attribute name ="GC Interval" value="0" />
  <attribute name="ProportionalT" value="72.000000" />
  <attribute name="ProportionalI" value="72.000000" />
  <attribute name="ProportionalH" value="72.000000" />
  <attribute name="Current Error" value="48.000000" />
  <attribute name="IntegralT" value="0.000000" />
  <attribute name="IntegralI" value="0.000000" />
  <attribute name="IntegralH" value="0.000000" />
  <attribute name="DerivativeT" value="inf" />
  <attribute name="DerivativeI" value="inf" />
  <attribute name="DerivativeH" value="inf" />
  <attribute name="Loop Time for DT" value="0.000000" />
  <attribute name="Output H" value="8388608"/>
  <attribute name="Output I" value="200"/>
  <attribute name="Output T" value="1"/>
  <attribute name="Target GC Util Change" value ="20.000000" />
  <attribute name="Current GC Util Change" value="68.000000"/>
  <attribute name="GC Util currently" value="68" />
  <attribute name="CPU Util currently" value="18894776969628" />
<exclusive-end id="1059" timestamp="2019-06-17T07:20:12.896" durationms="6.587" />

<exclusive-start id="1060" timestamp="2019-06-17T07:20:12.921" intervalms="32.136">
  <response-info timems="0.028" idlems="0.028" threads="0" lastid="0000000001AAB900" lastname="Thread-7" />
</exclusive-start>
<allocation-taxation id="1061" taxation-threshold="59768832" timestamp="2019-06-17T07:20:12.921" intervalms="32.139" />
<cycle-start id="1062" type="partial gc" contextid="0" timestamp="2019-06-17T07:20:12.922" intervalms="32.134" />
<gc-start id="1063" type="partial gc" contextid="1062" timestamp="2019-06-17T07:20:12.922">
  <mem-info id="1064" free="68157440" total="212860928" percent="32">
    <mem type="eden" free="0" total="59768832" percent="0" />
    <arraylet-primitive objects="2" leaves="2" largest="1" />
    <remembered-set count="44064" freebytes="8320512" totalbytes="8496768" percent="97" regionsoverflowed="0" regionsstable="2" regionsrebuilding="0"/>
  </mem-info>
</gc-start>
<allocation-stats totalBytes="59760944" >
  <allocated-bytes non-tlh="0" tlh="59760944" arrayletleaf="0"/>
  <largest-consumer threadName="Thread-7" threadId="0000000001AAB900" bytes="16766920" />
</allocation-stats>
<gc-op id="1065" type="copy forward" timems="4.245" contextid="1062" timestamp="2019-06-17T07:20:12.927">
  <memory-copied type="eden" objects="7231" bytes="174784" bytesdiscarded="0" />
  <memory-copied type="other" objects="24878" bytes="1009200" bytesdiscarded="0" />
  <memory-cardclean objects="9427" bytes="480856" />
  <regions eden="57" other="2" />
  <remembered-set-cleared processed="38647" cleared="1130" durationms="0.480" />
  <stringconstants candidates="4597" cleared="0"  />
</gc-op>
<gc-op id="1066" type="classunload" timems="0.003" contextid="1062" timestamp="2019-06-17T07:20:12.927">
  <classunload-info classloadercandidates="8" classloadersunloaded="0" classesunloaded="0" anonymousclassesunloaded="0" quiescems="0.000" setupms="0.002" scanms="0.000" postms="0.000" />
</gc-op>
<heap-resize id="1067" type="expand" space="default" amount="2097152" count="1" timems="0.076" reason="excessive time being spent in gc" timestamp="2019-06-17T07:20:12.927" />
<gc-end id="1068" type="partial gc" contextid="1062" durationms="5.745" usertimems="4.000" systemtimems="0.000" timestamp="2019-06-17T07:20:12.928" activeThreads="1">
  <mem-info id="1069" free="128974848" total="214958080" percent="60">
    <mem type="eden" free="873792" total="1048576" percent="83" />
    <arraylet-primitive objects="2" leaves="2" largest="1" />
    <remembered-set count="45824" freebytes="8397184" totalbytes="8580480" percent="97" regionsoverflowed="0" regionsstable="2" regionsrebuilding="0"/>
  </mem-info>
</gc-end>
<cycle-end id="1070" type="partial gc" contextid="1062" timestamp="2019-06-17T07:20:12.928" />
  <attribute name="elasticGC enabled" value="1" />
  <attribute name= "numThreadsSpecified" value="1" />
  <attribute name="heapSize specified" value="0" />
  <attribute name="Current GC Util" value="49" />
  <attribute name= "Current Time Running" value="2972" />
  <attribute name ="GC Interval" value="0" />
  <attribute name="ProportionalT" value="43.500000" />
  <attribute name="ProportionalI" value="43.500000" />
  <attribute name="ProportionalH" value="43.500000" />
  <attribute name="Current Error" value="29.000000" />
  <attribute name="IntegralT" value="0.000000" />
  <attribute name="IntegralI" value="0.000000" />
  <attribute name="IntegralH" value="0.000000" />
  <attribute name="DerivativeT" value="inf" />
  <attribute name="DerivativeI" value="inf" />
  <attribute name="DerivativeH" value="inf" />
  <attribute name="Loop Time for DT" value="0.000000" />
  <attribute name="Output H" value="8388608"/>
  <attribute name="Output I" value="200"/>
  <attribute name="Output T" value="1"/>
  <attribute name="Target GC Util Change" value ="20.000000" />
  <attribute name="Current GC Util Change" value="49.000000"/>
  <attribute name="GC Util currently" value="49" />
  <attribute name="CPU Util currently" value="15881719297319" />
<exclusive-end id="1071" timestamp="2019-06-17T07:20:12.928" durationms="6.850" />

<exclusive-start id="1072" timestamp="2019-06-17T07:20:12.953" intervalms="31.919">
  <response-info timems="0.036" idlems="0.036" threads="0" lastid="0000000001AAB900" lastname="Thread-7" />
</exclusive-start>
<allocation-taxation id="1073" taxation-threshold="59768832" timestamp="2019-06-17T07:20:12.953" intervalms="31.962" />
<cycle-start id="1074" type="partial gc" contextid="0" timestamp="2019-06-17T07:20:12.954" intervalms="31.962" />
<gc-start id="1075" type="partial gc" contextid="1074" timestamp="2019-06-17T07:20:12.954">
  <mem-info id="1076" free="69206016" total="214958080" percent="32">
    <mem type="eden" free="0" total="59768832" percent="0" />
    <arraylet-primitive objects="2" leaves="2" largest="1" />
    <remembered-set count="45408" freebytes="8398848" totalbytes="8580480" percent="97" regionsoverflowed="0" regionsstable="2" regionsrebuilding="0"/>
  </mem-info>
</gc-start>
<allocation-stats totalBytes="59761096" >
  <allocated-bytes non-tlh="0" tlh="59761096" arrayletleaf="0"/>
  <largest-consumer threadName="Thread-7" threadId="0000000001AAB900" bytes="18339592" />
</allocation-stats>
<gc-op id="1077" type="copy forward" timems="3.281" contextid="1074" timestamp="2019-06-17T07:20:12.958">
  <memory-copied type="eden" objects="8503" bytes="343120" bytesdiscarded="0" />
  <memory-copied type="other" objects="13634" bytes="464592" bytesdiscarded="0" />
  <memory-cardclean objects="10158" bytes="520072" />
  <regions eden="57" other="2" />
  <remembered-set-cleared processed="39565" cleared="1313" durationms="0.487" />
  <stringconstants candidates="4597" cleared="0"  />
</gc-op>
<gc-op id="1078" type="classunload" timems="0.003" contextid="1074" timestamp="2019-06-17T07:20:12.958">
  <classunload-info classloadercandidates="8" classloadersunloaded="0" classesunloaded="0" anonymousclassesunloaded="0" quiescems="0.000" setupms="0.002" scanms="0.000" postms="0.000" />
</gc-op>
<heap-resize id="1079" type="expand" space="default" amount="3145728" count="1" timems="0.070" reason="excessive time being spent in gc" timestamp="2019-06-17T07:20:12.958" />
<gc-end id="1080" type="partial gc" contextid="1074" durationms="4.720" usertimems="4.000" systemtimems="0.000" timestamp="2019-06-17T07:20:12.959" activeThreads="1">
  <mem-info id="1081" free="131072000" total="218103808" percent="60">
    <mem type="eden" free="705456" total="1048576" percent="67" />
    <arraylet-primitive objects="2" leaves="2" largest="1" />
    <remembered-set count="45568" freebytes="8523776" totalbytes="8706048" percent="97" regionsoverflowed="0" regionsstable="2" regionsrebuilding="0"/>
  </mem-info>
</gc-end>
<cycle-end id="1082" type="partial gc" contextid="1074" timestamp="2019-06-17T07:20:12.959" />
  <attribute name="elasticGC enabled" value="1" />
  <attribute name= "numThreadsSpecified" value="1" />
  <attribute name="heapSize specified" value="0" />
  <attribute name="Current GC Util" value="54" />
  <attribute name= "Current Time Running" value="3004" />
  <attribute name ="GC Interval" value="0" />
  <attribute name="ProportionalT" value="51.000000" />
  <attribute name="ProportionalI" value="51.000000" />
  <attribute name="ProportionalH" value="51.000000" />
  <attribute name="Current Error" value="34.000000" />
  <attribute name="IntegralT" value="0.000000" />
  <attribute name="IntegralI" value="0.000000" />
  <attribute name="IntegralH" value="0.000000" />
  <attribute name="DerivativeT" value="inf" />
  <attribute name="DerivativeI" value="inf" />
  <attribute name="DerivativeH" value="inf" />
  <attribute name="Loop Time for DT" value="0.000000" />
  <attribute name="Output H" value="8388608"/>
  <attribute name="Output I" value="200"/>
  <attribute name="Output T" value="1"/>
  <attribute name="Target GC Util Change" value ="20.000000" />
  <attribute name="Current GC Util Change" value="54.000000"/>
  <attribute name="GC Util currently" value="54" />
  <attribute name="CPU Util currently" value="15818310303726" />
<exclusive-end id="1083" timestamp="2019-06-17T07:20:12.959" durationms="5.887" />

<exclusive-start id="1084" timestamp="2019-06-17T07:20:12.983" intervalms="30.360">
  <response-info timems="0.027" idlems="0.027" threads="0" lastid="0000000001AAB900" lastname="Thread-7" />
</exclusive-start>
<allocation-taxation id="1085" taxation-threshold="60817408" timestamp="2019-06-17T07:20:12.984" intervalms="30.304" />
<cycle-start id="1086" type="partial gc" contextid="0" timestamp="2019-06-17T07:20:12.984" intervalms="30.256" />
<gc-start id="1087" type="partial gc" contextid="1086" timestamp="2019-06-17T07:20:12.984">
  <mem-info id="1088" free="70254592" total="218103808" percent="32">
    <mem type="eden" free="0" total="60817408" percent="0" />
    <arraylet-primitive objects="2" leaves="2" largest="1" />
    <remembered-set count="45376" freebytes="8524544" totalbytes="8706048" percent="97" regionsoverflowed="0" regionsstable="2" regionsrebuilding="0"/>
  </mem-info>
</gc-start>
<allocation-stats totalBytes="60809608" >
  <allocated-bytes non-tlh="0" tlh="60809608" arrayletleaf="0"/>
  <largest-consumer threadName="Thread-7" threadId="0000000001AAB900" bytes="18028280" />
</allocation-stats>
<gc-op id="1089" type="copy forward" timems="3.067" contextid="1086" timestamp="2019-06-17T07:20:12.988">
  <memory-copied type="eden" objects="15053" bytes="637496" bytesdiscarded="0" />
  <memory-copied type="other" objects="4572" bytes="109728" bytesdiscarded="0" />
  <memory-cardclean objects="9096" bytes="460344" />
  <regions eden="58" other="2" />
  <remembered-set-cleared processed="40283" cleared="876" durationms="0.486" />
  <stringconstants candidates="4597" cleared="0"  />
</gc-op>
<gc-op id="1090" type="classunload" timems="0.003" contextid="1086" timestamp="2019-06-17T07:20:12.988">
  <classunload-info classloadercandidates="8" classloadersunloaded="0" classesunloaded="0" anonymousclassesunloaded="0" quiescems="0.000" setupms="0.002" scanms="0.000" postms="0.000" />
</gc-op>
<heap-resize id="1091" type="expand" space="default" amount="2097152" count="1" timems="0.064" reason="excessive time being spent in gc" timestamp="2019-06-17T07:20:12.988" />
<gc-end id="1092" type="partial gc" contextid="1086" durationms="4.366" usertimems="4.000" systemtimems="0.000" timestamp="2019-06-17T07:20:12.988" activeThreads="1">
  <mem-info id="1093" free="132120576" total="220200960" percent="60">
    <mem type="eden" free="411080" total="1048576" percent="39" />
    <arraylet-primitive objects="2" leaves="2" largest="1" />
    <remembered-set count="46176" freebytes="8605056" totalbytes="8789760" percent="97" regionsoverflowed="0" regionsstable="2" regionsrebuilding="0"/>
  </mem-info>
</gc-end>
<cycle-end id="1094" type="partial gc" contextid="1086" timestamp="2019-06-17T07:20:12.989" />
  <attribute name="elasticGC enabled" value="1" />
  <attribute name= "numThreadsSpecified" value="1" />
  <attribute name="heapSize specified" value="0" />
  <attribute name="Current GC Util" value="54" />
  <attribute name= "Current Time Running" value="3034" />
  <attribute name ="GC Interval" value="0" />
  <attribute name="ProportionalT" value="51.000000" />
  <attribute name="ProportionalI" value="51.000000" />
  <attribute name="ProportionalH" value="51.000000" />
  <attribute name="Current Error" value="34.000000" />
  <attribute name="IntegralT" value="0.000000" />
  <attribute name="IntegralI" value="0.000000" />
  <attribute name="IntegralH" value="0.000000" />
  <attribute name="DerivativeT" value="inf" />
  <attribute name="DerivativeI" value="inf" />
  <attribute name="DerivativeH" value="inf" />
  <attribute name="Loop Time for DT" value="0.000000" />
  <attribute name="Output H" value="8388608"/>
  <attribute name="Output I" value="200"/>
  <attribute name="Output T" value="1"/>
  <attribute name="Target GC Util Change" value ="20.000000" />
  <attribute name="Current GC Util Change" value="54.000000"/>
  <attribute name="GC Util currently" value="54" />
  <attribute name="CPU Util currently" value="16150470168080" />
<exclusive-end id="1095" timestamp="2019-06-17T07:20:12.989" durationms="5.363" />

<exclusive-start id="1096" timestamp="2019-06-17T07:20:13.012" intervalms="28.912">
  <response-info timems="0.026" idlems="0.026" threads="0" lastid="0000000001AA7D00" lastname="Thread-9" />
</exclusive-start>
<allocation-taxation id="1097" taxation-threshold="60817408" timestamp="2019-06-17T07:20:13.013" intervalms="28.943" />
<cycle-start id="1098" type="partial gc" contextid="0" timestamp="2019-06-17T07:20:13.013" intervalms="28.960" />
<gc-start id="1099" type="partial gc" contextid="1098" timestamp="2019-06-17T07:20:13.013">
  <mem-info id="1100" free="71303168" total="220200960" percent="32">
    <mem type="eden" free="0" total="60817408" percent="0" />
    <arraylet-primitive objects="2" leaves="2" largest="1" />
    <remembered-set count="46144" freebytes="8605184" totalbytes="8789760" percent="97" regionsoverflowed="0" regionsstable="2" regionsrebuilding="0"/>
  </mem-info>
</gc-start>
<allocation-stats totalBytes="60809704" >
  <allocated-bytes non-tlh="0" tlh="60809704" arrayletleaf="0"/>
  <largest-consumer threadName="Thread-9" threadId="0000000001AA7D00" bytes="17209184" />
</allocation-stats>
<gc-op id="1101" type="copy forward" timems="3.661" contextid="1098" timestamp="2019-06-17T07:20:13.017">
  <memory-copied type="eden" objects="12212" bytes="431800" bytesdiscarded="0" />
  <memory-copied type="other" objects="16858" bytes="679368" bytesdiscarded="0" />
  <memory-cardclean objects="7872" bytes="386616" />
  <regions eden="58" other="2" />
  <remembered-set-cleared processed="40985" cleared="1046" durationms="0.475" />
  <stringconstants candidates="4597" cleared="0"  />
</gc-op>
<gc-op id="1102" type="classunload" timems="0.003" contextid="1098" timestamp="2019-06-17T07:20:13.017">
  <classunload-info classloadercandidates="8" classloadersunloaded="0" classesunloaded="0" anonymousclassesunloaded="0" quiescems="0.000" setupms="0.002" scanms="0.000" postms="0.000" />
</gc-op>
<heap-resize id="1103" type="expand" space="default" amount="3145728" count="1" timems="0.070" reason="excessive time being spent in gc" timestamp="2019-06-17T07:20:13.018" />
<gc-end id="1104" type="partial gc" contextid="1098" durationms="4.993" usertimems="8.000" systemtimems="0.000" timestamp="2019-06-17T07:20:13.018" activeThreads="1">
  <mem-info id="1105" free="134217728" total="223346688" percent="60">
    <mem type="eden" free="616776" total="1048576" percent="58" />
    <arraylet-primitive objects="2" leaves="2" largest="1" />
    <remembered-set count="47264" freebytes="8726272" totalbytes="8915328" percent="97" regionsoverflowed="0" regionsstable="2" regionsrebuilding="0"/>
  </mem-info>
</gc-end>
<cycle-end id="1106" type="partial gc" contextid="1098" timestamp="2019-06-17T07:20:13.018" />
  <attribute name="elasticGC enabled" value="1" />
  <attribute name= "numThreadsSpecified" value="1" />
  <attribute name="heapSize specified" value="0" />
  <attribute name="Current GC Util" value="65" />
  <attribute name= "Current Time Running" value="3063" />
  <attribute name ="GC Interval" value="0" />
  <attribute name="ProportionalT" value="67.500000" />
  <attribute name="ProportionalI" value="67.500000" />
  <attribute name="ProportionalH" value="67.500000" />
  <attribute name="Current Error" value="45.000000" />
  <attribute name="IntegralT" value="0.000000" />
  <attribute name="IntegralI" value="0.000000" />
  <attribute name="IntegralH" value="0.000000" />
  <attribute name="DerivativeT" value="inf" />
  <attribute name="DerivativeI" value="inf" />
  <attribute name="DerivativeH" value="inf" />
  <attribute name="Loop Time for DT" value="0.000000" />
  <attribute name="Output H" value="8388608"/>
  <attribute name="Output I" value="200"/>
  <attribute name="Output T" value="1"/>
  <attribute name="Target GC Util Change" value ="20.000000" />
  <attribute name="Current GC Util Change" value="65.000000"/>
  <attribute name="GC Util currently" value="65" />
  <attribute name="CPU Util currently" value="15838846295847" />
<exclusive-end id="1107" timestamp="2019-06-17T07:20:13.018" durationms="6.002" />

<exclusive-start id="1108" timestamp="2019-06-17T07:20:13.042" intervalms="30.095">
  <response-info timems="0.026" idlems="0.026" threads="0" lastid="0000000001AA7D00" lastname="Thread-9" />
</exclusive-start>
<allocation-taxation id="1109" taxation-threshold="61865984" timestamp="2019-06-17T07:20:13.043" intervalms="30.045" />
<cycle-start id="1110" type="partial gc" contextid="0" timestamp="2019-06-17T07:20:13.043" intervalms="30.016" />
<gc-start id="1111" type="partial gc" contextid="1110" timestamp="2019-06-17T07:20:13.043">
  <mem-info id="1112" free="72351744" total="223346688" percent="32">
    <mem type="eden" free="0" total="61865984" percent="0" />
    <arraylet-primitive objects="2" leaves="2" largest="1" />
    <remembered-set count="47104" freebytes="8726912" totalbytes="8915328" percent="97" regionsoverflowed="0" regionsstable="2" regionsrebuilding="0"/>
  </mem-info>
</gc-start>
<allocation-stats totalBytes="61858448" >
  <allocated-bytes non-tlh="0" tlh="61858448" arrayletleaf="0"/>
  <largest-consumer threadName="Thread-9" threadId="0000000001AA7D00" bytes="19916568" />
</allocation-stats>
<gc-op id="1113" type="copy forward" timems="4.083" contextid="1110" timestamp="2019-06-17T07:20:13.048">
  <memory-copied type="eden" objects="9886" bytes="376160" bytesdiscarded="0" />
  <memory-copied type="other" objects="22076" bytes="804600" bytesdiscarded="0" />
  <memory-cardclean objects="9358" bytes="462648" />
  <regions eden="59" other="3" />
  <remembered-set-cleared processed="41411" cleared="2570" durationms="0.483" />
  <stringconstants candidates="4597" cleared="0"  />
</gc-op>
<gc-op id="1114" type="classunload" timems="0.002" contextid="1110" timestamp="2019-06-17T07:20:13.048">
  <classunload-info classloadercandidates="8" classloadersunloaded="0" classesunloaded="0" anonymousclassesunloaded="0" quiescems="0.000" setupms="0.002" scanms="0.000" postms="0.000" />
</gc-op>
<heap-resize id="1115" type="expand" space="default" amount="2097152" count="1" timems="0.064" reason="excessive time being spent in gc" timestamp="2019-06-17T07:20:13.048" />
<gc-end id="1116" type="partial gc" contextid="1110" durationms="5.360" usertimems="4.000" systemtimems="0.000" timestamp="2019-06-17T07:20:13.048" activeThreads="1">
  <mem-info id="1117" free="135266304" total="225443840" percent="60">
    <mem type="eden" free="672416" total="1048576" percent="64" />
    <arraylet-primitive objects="2" leaves="2" largest="1" />
    <remembered-set count="46784" freebytes="8811904" totalbytes="8999040" percent="97" regionsoverflowed="0" regionsstable="2" regionsrebuilding="0"/>
  </mem-info>
</gc-end>
<cycle-end id="1118" type="partial gc" contextid="1110" timestamp="2019-06-17T07:20:13.049" />
  <attribute name="elasticGC enabled" value="1" />
  <attribute name= "numThreadsSpecified" value="1" />
  <attribute name="heapSize specified" value="0" />
  <attribute name="Current GC Util" value="62" />
  <attribute name= "Current Time Running" value="3093" />
  <attribute name ="GC Interval" value="0" />
  <attribute name="ProportionalT" value="63.000000" />
  <attribute name="ProportionalI" value="63.000000" />
  <attribute name="ProportionalH" value="63.000000" />
  <attribute name="Current Error" value="42.000000" />
  <attribute name="IntegralT" value="0.000000" />
  <attribute name="IntegralI" value="0.000000" />
  <attribute name="IntegralH" value="0.000000" />
  <attribute name="DerivativeT" value="inf" />
  <attribute name="DerivativeI" value="inf" />
  <attribute name="DerivativeH" value="inf" />
  <attribute name="Loop Time for DT" value="0.000000" />
  <attribute name="Output H" value="8388608"/>
  <attribute name="Output I" value="200"/>
  <attribute name="Output T" value="1"/>
  <attribute name="Target GC Util Change" value ="20.000000" />
  <attribute name="Current GC Util Change" value="62.000000"/>
  <attribute name="GC Util currently" value="62" />
  <attribute name="CPU Util currently" value="17463017323783" />
<exclusive-end id="1119" timestamp="2019-06-17T07:20:13.049" durationms="6.280" />

<exclusive-start id="1120" timestamp="2019-06-17T07:20:13.077" intervalms="34.727">
  <response-info timems="0.047" idlems="0.047" threads="0" lastid="0000000001AA7D00" lastname="Thread-9" />
</exclusive-start>
<allocation-taxation id="1121" taxation-threshold="62914560" timestamp="2019-06-17T07:20:13.077" intervalms="34.741" />
<cycle-start id="1122" type="partial gc" contextid="0" timestamp="2019-06-17T07:20:13.077" intervalms="34.704" />
<gc-start id="1123" type="partial gc" contextid="1122" timestamp="2019-06-17T07:20:13.078">
  <mem-info id="1124" free="72351744" total="225443840" percent="32">
    <mem type="eden" free="0" total="62914560" percent="0" />
    <arraylet-primitive objects="2" leaves="2" largest="1" />
    <remembered-set count="46784" freebytes="8811904" totalbytes="8999040" percent="97" regionsoverflowed="0" regionsstable="2" regionsrebuilding="0"/>
  </mem-info>
</gc-start>
<allocation-stats totalBytes="62906648" >
  <allocated-bytes non-tlh="0" tlh="62906648" arrayletleaf="0"/>
  <largest-consumer threadName="Thread-9" threadId="0000000001AA7D00" bytes="22144224" />
</allocation-stats>
<gc-op id="1125" type="copy forward" timems="2.864" contextid="1122" timestamp="2019-06-17T07:20:13.081">
  <memory-copied type="eden" objects="10406" bytes="388600" bytesdiscarded="0" />
  <memory-copied type="other" objects="5596" bytes="134304" bytesdiscarded="0" />
  <memory-cardclean objects="8293" bytes="445480" />
  <regions eden="60" other="2" />
  <remembered-set-cleared processed="41484" cleared="935" durationms="0.492" />
  <stringconstants candidates="4597" cleared="0"  />
</gc-op>
<gc-op id="1126" type="classunload" timems="0.002" contextid="1122" timestamp="2019-06-17T07:20:13.081">
  <classunload-info classloadercandidates="8" classloadersunloaded="0" classesunloaded="0" anonymousclassesunloaded="0" quiescems="0.000" setupms="0.002" scanms="0.000" postms="0.000" />
</gc-op>
<heap-resize id="1127" type="expand" space="default" amount="3145728" count="1" timems="0.071" reason="excessive time being spent in gc" timestamp="2019-06-17T07:20:13.082" />
<gc-end id="1128" type="partial gc" contextid="1122" durationms="4.148" usertimems="4.000" systemtimems="0.000" timestamp="2019-06-17T07:20:13.082" activeThreads="1">
  <mem-info id="1129" free="137363456" total="228589568" percent="60">
    <mem type="eden" free="659976" total="1048576" percent="62" />
    <arraylet-primitive objects="2" leaves="2" largest="1" />
    <remembered-set count="47520" freebytes="8934528" totalbytes="9124608" percent="97" regionsoverflowed="0" regionsstable="2" regionsrebuilding="0"/>
  </mem-info>
</gc-end>
<cycle-end id="1130" type="partial gc" contextid="1122" timestamp="2019-06-17T07:20:13.082" />
  <attribute name="elasticGC enabled" value="1" />
  <attribute name= "numThreadsSpecified" value="1" />
  <attribute name="heapSize specified" value="0" />
  <attribute name="Current GC Util" value="59" />
  <attribute name= "Current Time Running" value="3128" />
  <attribute name ="GC Interval" value="0" />
  <attribute name="ProportionalT" value="58.500000" />
  <attribute name="ProportionalI" value="58.500000" />
  <attribute name="ProportionalH" value="58.500000" />
  <attribute name="Current Error" value="39.000000" />
  <attribute name="IntegralT" value="0.000000" />
  <attribute name="IntegralI" value="0.000000" />
  <attribute name="IntegralH" value="0.000000" />
  <attribute name="DerivativeT" value="inf" />
  <attribute name="DerivativeI" value="inf" />
  <attribute name="DerivativeH" value="inf" />
  <attribute name="Loop Time for DT" value="0.000000" />
  <attribute name="Output H" value="8388608"/>
  <attribute name="Output I" value="200"/>
  <attribute name="Output T" value="1"/>
  <attribute name="Target GC Util Change" value ="20.000000" />
  <attribute name="Current GC Util Change" value="59.000000"/>
  <attribute name="GC Util currently" value="59" />
  <attribute name="CPU Util currently" value="16284144490256" />
<exclusive-end id="1131" timestamp="2019-06-17T07:20:13.082" durationms="5.036" />

<exclusive-start id="1132" timestamp="2019-06-17T07:20:13.110" intervalms="32.392">
  <response-info timems="0.039" idlems="0.039" threads="0" lastid="0000000001AA7D00" lastname="Thread-9" />
</exclusive-start>
<allocation-taxation id="1133" taxation-threshold="62914560" timestamp="2019-06-17T07:20:13.110" intervalms="32.422" />
<cycle-start id="1134" type="partial gc" contextid="0" timestamp="2019-06-17T07:20:13.110" intervalms="32.466" />
<gc-start id="1135" type="partial gc" contextid="1134" timestamp="2019-06-17T07:20:13.110">
  <mem-info id="1136" free="74448896" total="228589568" percent="32">
    <mem type="eden" free="0" total="62914560" percent="0" />
    <arraylet-primitive objects="2" leaves="2" largest="1" />
    <remembered-set count="47296" freebytes="8935424" totalbytes="9124608" percent="97" regionsoverflowed="0" regionsstable="2" regionsrebuilding="0"/>
  </mem-info>
</gc-start>
<allocation-stats totalBytes="62906808" >
  <allocated-bytes non-tlh="0" tlh="62906808" arrayletleaf="0"/>
  <largest-consumer threadName="Thread-9" threadId="0000000001AA7D00" bytes="22353216" />
</allocation-stats>
<gc-op id="1137" type="copy forward" timems="2.760" contextid="1134" timestamp="2019-06-17T07:20:13.114">
  <memory-copied type="eden" objects="10933" bytes="400944" bytesdiscarded="0" />
  <memory-copied type="other" objects="3402" bytes="81648" bytesdiscarded="0" />
  <memory-cardclean objects="7698" bytes="370840" />
  <regions eden="60" other="2" />
  <remembered-set-cleared processed="42157" cleared="825" durationms="0.500" />
  <stringconstants candidates="4597" cleared="0"  />
</gc-op>
<gc-op id="1138" type="classunload" timems="0.002" contextid="1134" timestamp="2019-06-17T07:20:13.114">
  <classunload-info classloadercandidates="8" classloadersunloaded="0" classesunloaded="0" anonymousclassesunloaded="0" quiescems="0.000" setupms="0.002" scanms="0.000" postms="0.000" />
</gc-op>
<heap-resize id="1139" type="expand" space="default" amount="2097152" count="1" timems="0.066" reason="excessive time being spent in gc" timestamp="2019-06-17T07:20:13.114" />
<gc-end id="1140" type="partial gc" contextid="1134" durationms="4.006" usertimems="0.000" systemtimems="4.000" timestamp="2019-06-17T07:20:13.114" activeThreads="1">
  <mem-info id="1141" free="138412032" total="230686720" percent="60">
    <mem type="eden" free="647632" total="1048576" percent="61" />
    <arraylet-primitive objects="2" leaves="2" largest="1" />
    <remembered-set count="48256" freebytes="9015296" totalbytes="9208320" percent="97" regionsoverflowed="0" regionsstable="2" regionsrebuilding="0"/>
  </mem-info>
</gc-end>
<cycle-end id="1142" type="partial gc" contextid="1134" timestamp="2019-06-17T07:20:13.114" />
  <attribute name="elasticGC enabled" value="1" />
  <attribute name= "numThreadsSpecified" value="1" />
  <attribute name="heapSize specified" value="0" />
  <attribute name="Current GC Util" value="61" />
  <attribute name= "Current Time Running" value="3160" />
  <attribute name ="GC Interval" value="0" />
  <attribute name="ProportionalT" value="61.500000" />
  <attribute name="ProportionalI" value="61.500000" />
  <attribute name="ProportionalH" value="61.500000" />
  <attribute name="Current Error" value="41.000000" />
  <attribute name="IntegralT" value="0.000000" />
  <attribute name="IntegralI" value="0.000000" />
  <attribute name="IntegralH" value="0.000000" />
  <attribute name="DerivativeT" value="inf" />
  <attribute name="DerivativeI" value="inf" />
  <attribute name="DerivativeH" value="inf" />
  <attribute name="Loop Time for DT" value="0.000000" />
  <attribute name="Output H" value="8388608"/>
  <attribute name="Output I" value="200"/>
  <attribute name="Output T" value="1"/>
  <attribute name="Target GC Util Change" value ="20.000000" />
  <attribute name="Current GC Util Change" value="61.000000"/>
  <attribute name="GC Util currently" value="61" />
  <attribute name="CPU Util currently" value="15816465759007" />
<exclusive-end id="1143" timestamp="2019-06-17T07:20:13.115" durationms="5.005" />

<exclusive-start id="1144" timestamp="2019-06-17T07:20:13.142" intervalms="32.499">
  <response-info timems="0.202" idlems="0.130" threads="1" lastid="0000000001AB3100" lastname="Thread-8" />
</exclusive-start>
<allocation-taxation id="1145" taxation-threshold="63963136" timestamp="2019-06-17T07:20:13.142" intervalms="32.479" />
<cycle-start id="1146" type="partial gc" contextid="0" timestamp="2019-06-17T07:20:13.142" intervalms="32.461" />
<gc-start id="1147" type="partial gc" contextid="1146" timestamp="2019-06-17T07:20:13.143">
  <mem-info id="1148" free="74448896" total="230686720" percent="32">
    <mem type="eden" free="0" total="63963136" percent="0" />
    <arraylet-primitive objects="2" leaves="2" largest="1" />
    <remembered-set count="47936" freebytes="9016576" totalbytes="9208320" percent="97" regionsoverflowed="0" regionsstable="2" regionsrebuilding="0"/>
  </mem-info>
</gc-start>
<allocation-stats totalBytes="63955704" >
  <allocated-bytes non-tlh="0" tlh="63955704" arrayletleaf="0"/>
  <largest-consumer threadName="Thread-9" threadId="0000000001AA7D00" bytes="22951792" />
</allocation-stats>
<gc-op id="1149" type="copy forward" timems="2.612" contextid="1146" timestamp="2019-06-17T07:20:13.146">
  <memory-copied type="eden" objects="18091" bytes="710288" bytesdiscarded="85960" />
  <memory-copied type="other" objects="3896" bytes="93504" bytesdiscarded="600" />
  <memory-cardclean objects="7687" bytes="374008" />
  <regions eden="61" other="2" />
  <remembered-set-cleared processed="42762" cleared="988" durationms="0.241" />
  <stringconstants candidates="4597" cleared="0"  />
</gc-op>
<gc-op id="1150" type="classunload" timems="0.002" contextid="1146" timestamp="2019-06-17T07:20:13.146">
  <classunload-info classloadercandidates="8" classloadersunloaded="0" classesunloaded="0" anonymousclassesunloaded="0" quiescems="0.000" setupms="0.002" scanms="0.000" postms="0.000" />
</gc-op>
<heap-resize id="1151" type="expand" space="default" amount="3145728" count="1" timems="0.075" reason="excessive time being spent in gc" timestamp="2019-06-17T07:20:13.146" />
<gc-end id="1152" type="partial gc" contextid="1146" durationms="3.772" usertimems="8.000" systemtimems="0.000" timestamp="2019-06-17T07:20:13.146" activeThreads="4">
  <mem-info id="1153" free="140509184" total="233832448" percent="60">
    <mem type="eden" free="252328" total="1048576" percent="24" />
    <arraylet-primitive objects="2" leaves="2" largest="1" />
    <remembered-set count="48832" freebytes="9138560" totalbytes="9333888" percent="97" regionsoverflowed="0" regionsstable="2" regionsrebuilding="0"/>
  </mem-info>
</gc-end>
<cycle-end id="1154" type="partial gc" contextid="1146" timestamp="2019-06-17T07:20:13.147" />
  <attribute name="elasticGC enabled" value="1" />
  <attribute name= "numThreadsSpecified" value="4" />
  <attribute name="heapSize specified" value="0" />
  <attribute name="Current GC Util" value="65" />
  <attribute name= "Current Time Running" value="3193" />
  <attribute name ="GC Interval" value="0" />
  <attribute name="ProportionalT" value="67.500000" />
  <attribute name="ProportionalI" value="67.500000" />
  <attribute name="ProportionalH" value="67.500000" />
  <attribute name="Current Error" value="45.000000" />
  <attribute name="IntegralT" value="45.000000" />
  <attribute name="IntegralI" value="45.000000" />
  <attribute name="IntegralH" value="45.000000" />
  <attribute name="DerivativeT" value="67.500000" />
  <attribute name="DerivativeI" value="67.500000" />
  <attribute name="DerivativeH" value="67.500000" />
  <attribute name="Loop Time for DT" value="1.000000" />
  <attribute name="Output H" value="8388608"/>
  <attribute name="Output I" value="200"/>
  <attribute name="Output T" value="4"/>
  <attribute name="Target GC Util Change" value ="20.000000" />
  <attribute name="Current GC Util Change" value="65.000000"/>
  <attribute name="GC Util currently" value="65" />
  <attribute name="CPU Util currently" value="18021156385140" />
<exclusive-end id="1155" timestamp="2019-06-17T07:20:13.147" durationms="4.696" />

<exclusive-start id="1156" timestamp="2019-06-17T07:20:13.175" intervalms="33.310">
  <response-info timems="0.036" idlems="0.036" threads="0" lastid="0000000001AA7D00" lastname="Thread-9" />
</exclusive-start>
<allocation-taxation id="1157" taxation-threshold="65011712" timestamp="2019-06-17T07:20:13.176" intervalms="33.313" />
<cycle-start id="1158" type="partial gc" contextid="0" timestamp="2019-06-17T07:20:13.176" intervalms="33.300" />
<gc-start id="1159" type="partial gc" contextid="1158" timestamp="2019-06-17T07:20:13.176">
  <mem-info id="1160" free="75497472" total="233832448" percent="32">
    <mem type="eden" free="0" total="65011712" percent="0" />
    <arraylet-primitive objects="2" leaves="2" largest="1" />
    <remembered-set count="48384" freebytes="9140352" totalbytes="9333888" percent="97" regionsoverflowed="0" regionsstable="2" regionsrebuilding="0"/>
  </mem-info>
</gc-start>
<allocation-stats totalBytes="65004144" >
  <allocated-bytes non-tlh="0" tlh="65004144" arrayletleaf="0"/>
  <largest-consumer threadName="Thread-9" threadId="0000000001AA7D00" bytes="23709544" />
</allocation-stats>
<gc-op id="1161" type="copy forward" timems="4.000" contextid="1158" timestamp="2019-06-17T07:20:13.181">
  <memory-copied type="eden" objects="20137" bytes="759328" bytesdiscarded="0" />
  <memory-copied type="other" objects="11062" bytes="402864" bytesdiscarded="0" />
  <memory-cardclean objects="6005" bytes="297616" />
  <regions eden="62" other="2" />
  <remembered-set-cleared processed="43266" cleared="1022" durationms="0.523" />
  <stringconstants candidates="4597" cleared="0"  />
</gc-op>
<gc-op id="1162" type="classunload" timems="0.002" contextid="1158" timestamp="2019-06-17T07:20:13.181">
  <classunload-info classloadercandidates="8" classloadersunloaded="0" classesunloaded="0" anonymousclassesunloaded="0" quiescems="0.000" setupms="0.002" scanms="0.000" postms="0.000" />
</gc-op>
<heap-resize id="1163" type="expand" space="default" amount="2097152" count="1" timems="0.066" reason="excessive time being spent in gc" timestamp="2019-06-17T07:20:13.181" />
<gc-end id="1164" type="partial gc" contextid="1158" durationms="5.170" usertimems="4.000" systemtimems="0.000" timestamp="2019-06-17T07:20:13.181" activeThreads="1">
  <mem-info id="1165" free="141557760" total="235929600" percent="60">
    <mem type="eden" free="289248" total="1048576" percent="27" />
    <arraylet-primitive objects="2" leaves="2" largest="1" />
    <remembered-set count="49600" freebytes="9219200" totalbytes="9417600" percent="97" regionsoverflowed="0" regionsstable="2" regionsrebuilding="0"/>
  </mem-info>
</gc-end>
<cycle-end id="1166" type="partial gc" contextid="1158" timestamp="2019-06-17T07:20:13.181" />
  <attribute name="elasticGC enabled" value="1" />
  <attribute name= "numThreadsSpecified" value="1" />
  <attribute name="heapSize specified" value="0" />
  <attribute name="Current GC Util" value="58" />
  <attribute name= "Current Time Running" value="3226" />
  <attribute name ="GC Interval" value="0" />
  <attribute name="ProportionalT" value="57.000000" />
  <attribute name="ProportionalI" value="57.000000" />
  <attribute name="ProportionalH" value="57.000000" />
  <attribute name="Current Error" value="38.000000" />
  <attribute name="IntegralT" value="0.000000" />
  <attribute name="IntegralI" value="0.000000" />
  <attribute name="IntegralH" value="0.000000" />
  <attribute name="DerivativeT" value="inf" />
  <attribute name="DerivativeI" value="inf" />
  <attribute name="DerivativeH" value="inf" />
  <attribute name="Loop Time for DT" value="0.000000" />
  <attribute name="Output H" value="8388608"/>
  <attribute name="Output I" value="200"/>
  <attribute name="Output T" value="1"/>
  <attribute name="Target GC Util Change" value ="20.000000" />
  <attribute name="Current GC Util Change" value="58.000000"/>
  <attribute name="GC Util currently" value="58" />
  <attribute name="CPU Util currently" value="18919116514849" />
<exclusive-end id="1167" timestamp="2019-06-17T07:20:13.181" durationms="6.112" />

<exclusive-start id="1168" timestamp="2019-06-17T07:20:13.214" intervalms="38.598">
  <response-info timems="0.036" idlems="0.036" threads="0" lastid="0000000001AAB900" lastname="Thread-7" />
</exclusive-start>
<allocation-taxation id="1169" taxation-threshold="65011712" timestamp="2019-06-17T07:20:13.214" intervalms="38.595" />
<cycle-start id="1170" type="partial gc" contextid="0" timestamp="2019-06-17T07:20:13.214" intervalms="38.625" />
<gc-start id="1171" type="partial gc" contextid="1170" timestamp="2019-06-17T07:20:13.215">
  <mem-info id="1172" free="76546048" total="235929600" percent="32">
    <mem type="eden" free="0" total="65011712" percent="0" />
    <arraylet-primitive objects="2" leaves="2" largest="1" />
    <remembered-set count="49120" freebytes="9221120" totalbytes="9417600" percent="97" regionsoverflowed="0" regionsstable="2" regionsrebuilding="0"/>
  </mem-info>
</gc-start>
<allocation-stats totalBytes="65004240" >
  <allocated-bytes non-tlh="0" tlh="65004240" arrayletleaf="0"/>
  <largest-consumer threadName="Thread-7" threadId="0000000001AAB900" bytes="24634832" />
</allocation-stats>
<gc-op id="1173" type="copy forward" timems="2.385" contextid="1170" timestamp="2019-06-17T07:20:13.218">
  <memory-copied type="eden" objects="16175" bytes="801648" bytesdiscarded="55560" />
  <memory-copied type="other" objects="6476" bytes="155424" bytesdiscarded="6136" />
  <memory-cardclean objects="6308" bytes="312232" />
  <regions eden="62" other="4" />
  <remembered-set-cleared processed="43569" cleared="3430" durationms="0.245" />
  <stringconstants candidates="4597" cleared="0"  />
</gc-op>
<gc-op id="1174" type="classunload" timems="0.002" contextid="1170" timestamp="2019-06-17T07:20:13.218">
  <classunload-info classloadercandidates="8" classloadersunloaded="0" classesunloaded="0" anonymousclassesunloaded="0" quiescems="0.000" setupms="0.002" scanms="0.000" postms="0.000" />
</gc-op>
<gc-end id="1175" type="partial gc" contextid="1170" durationms="3.452" usertimems="4.000" systemtimems="0.000" timestamp="2019-06-17T07:20:13.218" activeThreads="4">
  <mem-info id="1176" free="141557760" total="235929600" percent="60">
    <mem type="eden" free="191368" total="1048576" percent="18" />
    <arraylet-primitive objects="2" leaves="2" largest="1" />
    <remembered-set count="47232" freebytes="9228672" totalbytes="9417600" percent="97" regionsoverflowed="0" regionsstable="2" regionsrebuilding="0"/>
  </mem-info>
</gc-end>
<cycle-end id="1177" type="partial gc" contextid="1170" timestamp="2019-06-17T07:20:13.218" />
  <attribute name="elasticGC enabled" value="1" />
  <attribute name= "numThreadsSpecified" value="4" />
  <attribute name="heapSize specified" value="0" />
  <attribute name="Current GC Util" value="62" />
  <attribute name= "Current Time Running" value="3265" />
  <attribute name ="GC Interval" value="0" />
  <attribute name="ProportionalT" value="63.000000" />
  <attribute name="ProportionalI" value="63.000000" />
  <attribute name="ProportionalH" value="63.000000" />
  <attribute name="Current Error" value="42.000000" />
  <attribute name="IntegralT" value="42.000000" />
  <attribute name="IntegralI" value="42.000000" />
  <attribute name="IntegralH" value="42.000000" />
  <attribute name="DerivativeT" value="63.000000" />
  <attribute name="DerivativeI" value="63.000000" />
  <attribute name="DerivativeH" value="63.000000" />
  <attribute name="Loop Time for DT" value="1.000000" />
  <attribute name="Output H" value="8388608"/>
  <attribute name="Output I" value="200"/>
  <attribute name="Output T" value="4"/>
  <attribute name="Target GC Util Change" value ="20.000000" />
  <attribute name="Current GC Util Change" value="62.000000"/>
  <attribute name="GC Util currently" value="62" />
  <attribute name="CPU Util currently" value="17185276012742" />
<exclusive-end id="1178" timestamp="2019-06-17T07:20:13.218" durationms="4.466" />

<exclusive-start id="1179" timestamp="2019-06-17T07:20:13.256" intervalms="41.904">
  <response-info timems="0.038" idlems="0.038" threads="0" lastid="0000000001AA7D00" lastname="Thread-9" />
</exclusive-start>
<allocation-taxation id="1180" taxation-threshold="65011712" timestamp="2019-06-17T07:20:13.256" intervalms="41.906" />
<cycle-start id="1181" type="partial gc" contextid="0" timestamp="2019-06-17T07:20:13.256" intervalms="41.867" />
<gc-start id="1182" type="partial gc" contextid="1181" timestamp="2019-06-17T07:20:13.256">
  <mem-info id="1183" free="76546048" total="235929600" percent="32">
    <mem type="eden" free="0" total="65011712" percent="0" />
    <arraylet-primitive objects="2" leaves="2" largest="1" />
    <remembered-set count="46784" freebytes="9230464" totalbytes="9417600" percent="98" regionsoverflowed="0" regionsstable="2" regionsrebuilding="0"/>
  </mem-info>
</gc-start>
<allocation-stats totalBytes="65003544" >
  <allocated-bytes non-tlh="0" tlh="65003544" arrayletleaf="0"/>
  <largest-consumer threadName="Thread-9" threadId="0000000001AA7D00" bytes="22111464" />
</allocation-stats>
<gc-op id="1184" type="copy forward" timems="2.323" contextid="1181" timestamp="2019-06-17T07:20:13.259">
  <memory-copied type="eden" objects="10308" bytes="386440" bytesdiscarded="32920" />
  <memory-copied type="other" objects="17301" bytes="827352" bytesdiscarded="32312" />
  <memory-cardclean objects="1677" bytes="89944" />
  <regions eden="62" other="2" />
  <remembered-set-cleared processed="41989" cleared="548" durationms="0.230" />
  <stringconstants candidates="4597" cleared="0"  />
</gc-op>
<gc-op id="1185" type="classunload" timems="0.003" contextid="1181" timestamp="2019-06-17T07:20:13.260">
  <classunload-info classloadercandidates="8" classloadersunloaded="0" classesunloaded="0" anonymousclassesunloaded="0" quiescems="0.000" setupms="0.003" scanms="0.000" postms="0.000" />
</gc-op>
<gc-end id="1186" type="partial gc" contextid="1181" durationms="3.416" usertimems="8.000" systemtimems="0.000" timestamp="2019-06-17T07:20:13.260" activeThreads="4">
  <mem-info id="1187" free="140509184" total="235929600" percent="59">
    <mem type="eden" free="629216" total="1048576" percent="60" />
    <arraylet-primitive objects="2" leaves="2" largest="1" />
    <remembered-set count="48064" freebytes="9225344" totalbytes="9417600" percent="97" regionsoverflowed="0" regionsstable="2" regionsrebuilding="0"/>
  </mem-info>
</gc-end>
<cycle-end id="1188" type="partial gc" contextid="1181" timestamp="2019-06-17T07:20:13.260" />
  <attribute name="elasticGC enabled" value="1" />
  <attribute name= "numThreadsSpecified" value="4" />
  <attribute name="heapSize specified" value="0" />
  <attribute name="Current GC Util" value="53" />
  <attribute name= "Current Time Running" value="3307" />
  <attribute name ="GC Interval" value="0" />
  <attribute name="ProportionalT" value="49.500000" />
  <attribute name="ProportionalI" value="49.500000" />
  <attribute name="ProportionalH" value="49.500000" />
  <attribute name="Current Error" value="33.000000" />
  <attribute name="IntegralT" value="33.000000" />
  <attribute name="IntegralI" value="33.000000" />
  <attribute name="IntegralH" value="33.000000" />
  <attribute name="DerivativeT" value="49.500000" />
  <attribute name="DerivativeI" value="49.500000" />
  <attribute name="DerivativeH" value="49.500000" />
  <attribute name="Loop Time for DT" value="1.000000" />
  <attribute name="Output H" value="8388608"/>
  <attribute name="Output I" value="200"/>
  <attribute name="Output T" value="4"/>
  <attribute name="Target GC Util Change" value ="20.000000" />
  <attribute name="Current GC Util Change" value="53.000000"/>
  <attribute name="GC Util currently" value="53" />
  <attribute name="CPU Util currently" value="17437265820698" />
<exclusive-end id="1189" timestamp="2019-06-17T07:20:13.260" durationms="4.340" />

<exclusive-start id="1190" timestamp="2019-06-17T07:20:13.298" intervalms="42.245">
  <response-info timems="0.058" idlems="0.058" threads="0" lastid="0000000001AAB900" lastname="Thread-7" />
</exclusive-start>
<allocation-taxation id="1191" taxation-threshold="65011712" timestamp="2019-06-17T07:20:13.298" intervalms="42.253" />
<cycle-start id="1192" type="partial gc" contextid="0" timestamp="2019-06-17T07:20:13.298" intervalms="42.290" />
<gc-start id="1193" type="partial gc" contextid="1192" timestamp="2019-06-17T07:20:13.299">
  <mem-info id="1194" free="75497472" total="235929600" percent="32">
    <mem type="eden" free="0" total="65011712" percent="0" />
    <arraylet-primitive objects="2" leaves="2" largest="1" />
    <remembered-set count="47936" freebytes="9225856" totalbytes="9417600" percent="97" regionsoverflowed="0" regionsstable="2" regionsrebuilding="0"/>
  </mem-info>
</gc-start>
<allocation-stats totalBytes="65003944" >
  <allocated-bytes non-tlh="0" tlh="65003944" arrayletleaf="0"/>
  <largest-consumer threadName="Thread-9" threadId="0000000001AA7D00" bytes="22406560" />
</allocation-stats>
<gc-op id="1195" type="copy forward" timems="3.829" contextid="1192" timestamp="2019-06-17T07:20:13.303">
  <memory-copied type="eden" objects="4776" bytes="116272" bytesdiscarded="0" />
  <memory-copied type="other" objects="27282" bytes="1204272" bytesdiscarded="0" />
  <memory-cardclean objects="1655" bytes="88888" />
  <regions eden="62" other="3" />
  <remembered-set-cleared processed="42341" cleared="900" durationms="0.511" />
  <stringconstants candidates="4597" cleared="0"  />
</gc-op>
<gc-op id="1196" type="classunload" timems="0.002" contextid="1192" timestamp="2019-06-17T07:20:13.303">
  <classunload-info classloadercandidates="8" classloadersunloaded="0" classesunloaded="0" anonymousclassesunloaded="0" quiescems="0.000" setupms="0.002" scanms="0.000" postms="0.000" />
</gc-op>
<gc-end id="1197" type="partial gc" contextid="1192" durationms="4.871" usertimems="4.000" systemtimems="0.000" timestamp="2019-06-17T07:20:13.304" activeThreads="1">
  <mem-info id="1198" free="139460608" total="235929600" percent="59">
    <mem type="eden" free="932304" total="1048576" percent="88" />
    <arraylet-primitive objects="2" leaves="2" largest="1" />
    <remembered-set count="48864" freebytes="9222144" totalbytes="9417600" percent="97" regionsoverflowed="0" regionsstable="2" regionsrebuilding="0"/>
  </mem-info>
</gc-end>
<cycle-end id="1199" type="partial gc" contextid="1192" timestamp="2019-06-17T07:20:13.304" />
  <attribute name="elasticGC enabled" value="1" />
  <attribute name= "numThreadsSpecified" value="1" />
  <attribute name="heapSize specified" value="0" />
  <attribute name="Current GC Util" value="57" />
  <attribute name= "Current Time Running" value="3349" />
  <attribute name ="GC Interval" value="0" />
  <attribute name="ProportionalT" value="55.500000" />
  <attribute name="ProportionalI" value="55.500000" />
  <attribute name="ProportionalH" value="55.500000" />
  <attribute name="Current Error" value="37.000000" />
  <attribute name="IntegralT" value="0.000000" />
  <attribute name="IntegralI" value="0.000000" />
  <attribute name="IntegralH" value="0.000000" />
  <attribute name="DerivativeT" value="inf" />
  <attribute name="DerivativeI" value="inf" />
  <attribute name="DerivativeH" value="inf" />
  <attribute name="Loop Time for DT" value="0.000000" />
  <attribute name="Output H" value="8388608"/>
  <attribute name="Output I" value="200"/>
  <attribute name="Output T" value="1"/>
  <attribute name="Target GC Util Change" value ="20.000000" />
  <attribute name="Current GC Util Change" value="57.000000"/>
  <attribute name="GC Util currently" value="57" />
  <attribute name="CPU Util currently" value="18143957646786" />
<exclusive-end id="1200" timestamp="2019-06-17T07:20:13.304" durationms="5.974" />

<exclusive-start id="1201" timestamp="2019-06-17T07:20:13.340" intervalms="41.443">
  <response-info timems="0.032" idlems="0.032" threads="0" lastid="0000000001AAB900" lastname="Thread-7" />
</exclusive-start>
<allocation-taxation id="1202" taxation-threshold="65011712" timestamp="2019-06-17T07:20:13.340" intervalms="41.440" />
<cycle-start id="1203" type="partial gc" contextid="0" timestamp="2019-06-17T07:20:13.340" intervalms="41.492" />
<gc-start id="1204" type="partial gc" contextid="1203" timestamp="2019-06-17T07:20:13.340">
  <mem-info id="1205" free="74448896" total="235929600" percent="31">
    <mem type="eden" free="0" total="65011712" percent="0" />
    <arraylet-primitive objects="2" leaves="2" largest="1" />
    <remembered-set count="48736" freebytes="9222656" totalbytes="9417600" percent="97" regionsoverflowed="0" regionsstable="2" regionsrebuilding="0"/>
  </mem-info>
</gc-start>
<allocation-stats totalBytes="65003576" >
  <allocated-bytes non-tlh="0" tlh="65003576" arrayletleaf="0"/>
  <largest-consumer threadName="Thread-9" threadId="0000000001AA7D00" bytes="20739664" />
</allocation-stats>
<gc-op id="1206" type="copy forward" timems="3.210" contextid="1203" timestamp="2019-06-17T07:20:13.344">
  <memory-copied type="eden" objects="10187" bytes="383472" bytesdiscarded="5024" />
  <memory-copied type="other" objects="14433" bytes="483768" bytesdiscarded="22128" />
  <memory-cardclean objects="12903" bytes="685552" />
  <regions eden="62" other="2" />
  <remembered-set-cleared processed="42861" cleared="1056" durationms="0.240" />
  <stringconstants candidates="4597" cleared="0"  />
</gc-op>
<gc-op id="1207" type="classunload" timems="0.002" contextid="1203" timestamp="2019-06-17T07:20:13.345">
  <classunload-info classloadercandidates="8" classloadersunloaded="0" classesunloaded="0" anonymousclassesunloaded="0" quiescems="0.000" setupms="0.002" scanms="0.000" postms="0.000" />
</gc-op>
<gc-end id="1208" type="partial gc" contextid="1203" durationms="4.484" usertimems="4.000" systemtimems="4.000" timestamp="2019-06-17T07:20:13.345" activeThreads="4">
  <mem-info id="1209" free="138412032" total="235929600" percent="58">
    <mem type="eden" free="660080" total="1048576" percent="62" />
    <arraylet-primitive objects="2" leaves="2" largest="1" />
    <remembered-set count="50080" freebytes="9217280" totalbytes="9417600" percent="97" regionsoverflowed="0" regionsstable="2" regionsrebuilding="0"/>
  </mem-info>
</gc-end>
<cycle-end id="1210" type="partial gc" contextid="1203" timestamp="2019-06-17T07:20:13.345" />
  <attribute name="elasticGC enabled" value="1" />
  <attribute name= "numThreadsSpecified" value="4" />
  <attribute name="heapSize specified" value="0" />
  <attribute name="Current GC Util" value="60" />
  <attribute name= "Current Time Running" value="3391" />
  <attribute name ="GC Interval" value="0" />
  <attribute name="ProportionalT" value="60.000000" />
  <attribute name="ProportionalI" value="60.000000" />
  <attribute name="ProportionalH" value="60.000000" />
  <attribute name="Current Error" value="40.000000" />
  <attribute name="IntegralT" value="40.000000" />
  <attribute name="IntegralI" value="40.000000" />
  <attribute name="IntegralH" value="40.000000" />
  <attribute name="DerivativeT" value="60.000000" />
  <attribute name="DerivativeI" value="60.000000" />
  <attribute name="DerivativeH" value="60.000000" />
  <attribute name="Loop Time for DT" value="1.000000" />
  <attribute name="Output H" value="8388608"/>
  <attribute name="Output I" value="200"/>
  <attribute name="Output T" value="4"/>
  <attribute name="Target GC Util Change" value ="20.000000" />
  <attribute name="Current GC Util Change" value="60.000000"/>
  <attribute name="GC Util currently" value="60" />
  <attribute name="CPU Util currently" value="16204666373111" />
<exclusive-end id="1211" timestamp="2019-06-17T07:20:13.345" durationms="5.522" />

<exclusive-start id="1212" timestamp="2019-06-17T07:20:13.375" intervalms="35.429">
  <response-info timems="0.034" idlems="0.034" threads="0" lastid="0000000001AA7D00" lastname="Thread-9" />
</exclusive-start>
<allocation-taxation id="1213" taxation-threshold="65011712" timestamp="2019-06-17T07:20:13.375" intervalms="35.419" />
<cycle-start id="1214" type="partial gc" contextid="0" timestamp="2019-06-17T07:20:13.375" intervalms="35.328" />
<gc-start id="1215" type="partial gc" contextid="1214" timestamp="2019-06-17T07:20:13.376">
  <mem-info id="1216" free="73400320" total="235929600" percent="31">
    <mem type="eden" free="0" total="65011712" percent="0" />
    <arraylet-primitive objects="2" leaves="2" largest="1" />
    <remembered-set count="49632" freebytes="9219072" totalbytes="9417600" percent="97" regionsoverflowed="0" regionsstable="2" regionsrebuilding="0"/>
  </mem-info>
</gc-start>
<allocation-stats totalBytes="65004600" >
  <allocated-bytes non-tlh="0" tlh="65004600" arrayletleaf="0"/>
  <largest-consumer threadName="Thread-7" threadId="0000000001AAB900" bytes="23901560" />
</allocation-stats>
<gc-op id="1217" type="copy forward" timems="2.655" contextid="1214" timestamp="2019-06-17T07:20:13.379">
  <memory-copied type="eden" objects="10886" bytes="400568" bytesdiscarded="26544" />
  <memory-copied type="other" objects="14346" bytes="481680" bytesdiscarded="13088" />
  <memory-cardclean objects="11996" bytes="603832" />
  <regions eden="62" other="2" />
  <remembered-set-cleared processed="43823" cleared="1124" durationms="0.239" />
  <stringconstants candidates="4597" cleared="0"  />
</gc-op>
<gc-op id="1218" type="classunload" timems="0.003" contextid="1214" timestamp="2019-06-17T07:20:13.379">
  <classunload-info classloadercandidates="8" classloadersunloaded="0" classesunloaded="0" anonymousclassesunloaded="0" quiescems="0.000" setupms="0.003" scanms="0.000" postms="0.000" />
</gc-op>
<gc-end id="1219" type="partial gc" contextid="1214" durationms="3.741" usertimems="8.000" systemtimems="0.000" timestamp="2019-06-17T07:20:13.379" activeThreads="4">
  <mem-info id="1220" free="136314880" total="235929600" percent="57">
    <mem type="eden" free="1670040" total="2097152" percent="79" />
    <arraylet-primitive objects="2" leaves="2" largest="1" />
    <remembered-set count="51040" freebytes="9213440" totalbytes="9417600" percent="97" regionsoverflowed="0" regionsstable="2" regionsrebuilding="0"/>
  </mem-info>
</gc-end>
<cycle-end id="1221" type="partial gc" contextid="1214" timestamp="2019-06-17T07:20:13.379" />
  <attribute name="elasticGC enabled" value="1" />
  <attribute name= "numThreadsSpecified" value="4" />
  <attribute name="heapSize specified" value="0" />
  <attribute name="Current GC Util" value="54" />
  <attribute name= "Current Time Running" value="3426" />
  <attribute name ="GC Interval" value="0" />
  <attribute name="ProportionalT" value="51.000000" />
  <attribute name="ProportionalI" value="51.000000" />
  <attribute name="ProportionalH" value="51.000000" />
  <attribute name="Current Error" value="34.000000" />
  <attribute name="IntegralT" value="34.000000" />
  <attribute name="IntegralI" value="34.000000" />
  <attribute name="IntegralH" value="34.000000" />
  <attribute name="DerivativeT" value="51.000000" />
  <attribute name="DerivativeI" value="51.000000" />
  <attribute name="DerivativeH" value="51.000000" />
  <attribute name="Loop Time for DT" value="1.000000" />
  <attribute name="Output H" value="8388608"/>
  <attribute name="Output I" value="200"/>
  <attribute name="Output T" value="4"/>
  <attribute name="Target GC Util Change" value ="20.000000" />
  <attribute name="Current GC Util Change" value="54.000000"/>
  <attribute name="GC Util currently" value="54" />
  <attribute name="CPU Util currently" value="16381728804629" />
<exclusive-end id="1222" timestamp="2019-06-17T07:20:13.380" durationms="4.607" />

<exclusive-start id="1223" timestamp="2019-06-17T07:20:13.411" intervalms="35.931">
  <response-info timems="0.040" idlems="0.040" threads="0" lastid="0000000001AAB900" lastname="Thread-7" />
</exclusive-start>
<allocation-taxation id="1224" taxation-threshold="65011712" timestamp="2019-06-17T07:20:13.411" intervalms="35.934" />
<cycle-start id="1225" type="partial gc" contextid="0" timestamp="2019-06-17T07:20:13.411" intervalms="35.970" />
<gc-start id="1226" type="partial gc" contextid="1225" timestamp="2019-06-17T07:20:13.412">
  <mem-info id="1227" free="71303168" total="235929600" percent="30">
    <mem type="eden" free="0" total="65011712" percent="0" />
    <arraylet-primitive objects="2" leaves="2" largest="1" />
    <remembered-set count="50976" freebytes="9213696" totalbytes="9417600" percent="97" regionsoverflowed="0" regionsstable="2" regionsrebuilding="0"/>
  </mem-info>
</gc-start>
<allocation-stats totalBytes="65004120" >
  <allocated-bytes non-tlh="0" tlh="65004120" arrayletleaf="0"/>
  <largest-consumer threadName="Thread-7" threadId="0000000001AAB900" bytes="22500688" />
</allocation-stats>
<gc-op id="1228" type="copy forward" timems="2.824" contextid="1225" timestamp="2019-06-17T07:20:13.415">
  <memory-copied type="eden" objects="4797" bytes="116752" bytesdiscarded="20104" />
  <memory-copied type="other" objects="20419" bytes="764808" bytesdiscarded="38328" />
  <memory-cardclean objects="9239" bytes="452920" />
  <regions eden="62" other="3" />
  <remembered-set-cleared processed="44874" cleared="1232" durationms="0.256" />
  <stringconstants candidates="4597" cleared="0"  />
</gc-op>
<gc-op id="1229" type="classunload" timems="0.003" contextid="1225" timestamp="2019-06-17T07:20:13.415">
  <classunload-info classloadercandidates="8" classloadersunloaded="0" classesunloaded="0" anonymousclassesunloaded="0" quiescems="0.000" setupms="0.002" scanms="0.000" postms="0.000" />
</gc-op>
<heap-resize id="1230" type="expand" space="default" amount="13631488" count="1" timems="0.130" reason="excessive time being spent in gc" timestamp="2019-06-17T07:20:13.416" />
<gc-end id="1231" type="partial gc" contextid="1225" durationms="4.219" usertimems="4.000" systemtimems="0.000" timestamp="2019-06-17T07:20:13.416" activeThreads="4">
  <mem-info id="1232" free="149946368" total="249561088" percent="60">
    <mem type="eden" free="911720" total="1048576" percent="86" />
    <arraylet-primitive objects="2" leaves="2" largest="1" />
    <remembered-set count="52032" freebytes="9753600" totalbytes="9961728" percent="97" regionsoverflowed="0" regionsstable="2" regionsrebuilding="0"/>
  </mem-info>
</gc-end>
<cycle-end id="1233" type="partial gc" contextid="1225" timestamp="2019-06-17T07:20:13.416" />
  <attribute name="elasticGC enabled" value="1" />
  <attribute name= "numThreadsSpecified" value="4" />
  <attribute name="heapSize specified" value="0" />
  <attribute name="Current GC Util" value="51" />
  <attribute name= "Current Time Running" value="3462" />
  <attribute name ="GC Interval" value="0" />
  <attribute name="ProportionalT" value="46.500000" />
  <attribute name="ProportionalI" value="46.500000" />
  <attribute name="ProportionalH" value="46.500000" />
  <attribute name="Current Error" value="31.000000" />
  <attribute name="IntegralT" value="31.000000" />
  <attribute name="IntegralI" value="31.000000" />
  <attribute name="IntegralH" value="31.000000" />
  <attribute name="DerivativeT" value="46.500000" />
  <attribute name="DerivativeI" value="46.500000" />
  <attribute name="DerivativeH" value="46.500000" />
  <attribute name="Loop Time for DT" value="1.000000" />
  <attribute name="Output H" value="8388608"/>
  <attribute name="Output I" value="200"/>
  <attribute name="Output T" value="4"/>
  <attribute name="Target GC Util Change" value ="20.000000" />
  <attribute name="Current GC Util Change" value="51.000000"/>
  <attribute name="GC Util currently" value="51" />
  <attribute name="CPU Util currently" value="17811307793348" />
<exclusive-end id="1234" timestamp="2019-06-17T07:20:13.416" durationms="5.327" />

<exclusive-start id="1235" timestamp="2019-06-17T07:20:13.451" intervalms="40.519">
  <response-info timems="0.033" idlems="0.033" threads="0" lastid="0000000001AAB900" lastname="Thread-7" />
</exclusive-start>
<allocation-taxation id="1236" taxation-threshold="68157440" timestamp="2019-06-17T07:20:13.452" intervalms="40.564" />
<cycle-start id="1237" type="partial gc" contextid="0" timestamp="2019-06-17T07:20:13.452" intervalms="40.624" />
<gc-start id="1238" type="partial gc" contextid="1237" timestamp="2019-06-17T07:20:13.452">
  <mem-info id="1239" free="81788928" total="249561088" percent="32">
    <mem type="eden" free="0" total="68157440" percent="0" />
    <arraylet-primitive objects="2" leaves="2" largest="1" />
    <remembered-set count="51840" freebytes="9754368" totalbytes="9961728" percent="97" regionsoverflowed="0" regionsstable="2" regionsrebuilding="0"/>
  </mem-info>
</gc-start>
<allocation-stats totalBytes="68149424" >
  <allocated-bytes non-tlh="0" tlh="68149424" arrayletleaf="0"/>
  <largest-consumer threadName="Thread-7" threadId="0000000001AAB900" bytes="21480784" />
</allocation-stats>
<gc-op id="1240" type="copy forward" timems="2.716" contextid="1237" timestamp="2019-06-17T07:20:13.456">
  <memory-copied type="eden" objects="16195" bytes="665192" bytesdiscarded="31992" />
  <memory-copied type="other" objects="15059" bytes="498792" bytesdiscarded="30064" />
  <memory-cardclean objects="11161" bytes="567808" />
  <regions eden="65" other="2" />
  <remembered-set-cleared processed="45827" cleared="1166" durationms="0.251" />
  <stringconstants candidates="4597" cleared="0"  />
</gc-op>
<gc-op id="1241" type="classunload" timems="0.002" contextid="1237" timestamp="2019-06-17T07:20:13.456">
  <classunload-info classloadercandidates="8" classloadersunloaded="0" classesunloaded="0" anonymousclassesunloaded="0" quiescems="0.000" setupms="0.002" scanms="0.000" postms="0.000" />
</gc-op>
<heap-resize id="1242" type="expand" space="default" amount="2097152" count="1" timems="0.068" reason="excessive time being spent in gc" timestamp="2019-06-17T07:20:13.456" />
<gc-end id="1243" type="partial gc" contextid="1237" durationms="4.212" usertimems="8.000" systemtimems="0.000" timestamp="2019-06-17T07:20:13.456" activeThreads="4">
  <mem-info id="1244" free="150994944" total="251658240" percent="60">
    <mem type="eden" free="351392" total="1048576" percent="33" />
    <arraylet-primitive objects="2" leaves="2" largest="1" />
    <remembered-set count="53120" freebytes="9832960" totalbytes="10045440" percent="97" regionsoverflowed="0" regionsstable="2" regionsrebuilding="0"/>
  </mem-info>
</gc-end>
<cycle-end id="1245" type="partial gc" contextid="1237" timestamp="2019-06-17T07:20:13.457" />
  <attribute name="elasticGC enabled" value="1" />
  <attribute name= "numThreadsSpecified" value="4" />
  <attribute name="heapSize specified" value="0" />
  <attribute name="Current GC Util" value="52" />
  <attribute name= "Current Time Running" value="3503" />
  <attribute name ="GC Interval" value="0" />
  <attribute name="ProportionalT" value="48.000000" />
  <attribute name="ProportionalI" value="48.000000" />
  <attribute name="ProportionalH" value="48.000000" />
  <attribute name="Current Error" value="32.000000" />
  <attribute name="IntegralT" value="32.000000" />
  <attribute name="IntegralI" value="32.000000" />
  <attribute name="IntegralH" value="32.000000" />
  <attribute name="DerivativeT" value="48.000000" />
  <attribute name="DerivativeI" value="48.000000" />
  <attribute name="DerivativeH" value="48.000000" />
  <attribute name="Loop Time for DT" value="1.000000" />
  <attribute name="Output H" value="8388608"/>
  <attribute name="Output I" value="200"/>
  <attribute name="Output T" value="4"/>
  <attribute name="Target GC Util Change" value ="20.000000" />
  <attribute name="Current GC Util Change" value="52.000000"/>
  <attribute name="GC Util currently" value="52" />
  <attribute name="CPU Util currently" value="15370083629269" />
<exclusive-end id="1246" timestamp="2019-06-17T07:20:13.457" durationms="5.508" />

<exclusive-start id="1247" timestamp="2019-06-17T07:20:13.494" intervalms="42.521">
  <response-info timems="0.047" idlems="0.026" threads="1" lastid="0000000001AB3100" lastname="Thread-8" />
</exclusive-start>
<allocation-taxation id="1248" taxation-threshold="69206016" timestamp="2019-06-17T07:20:13.494" intervalms="42.481" />
<cycle-start id="1249" type="partial gc" contextid="0" timestamp="2019-06-17T07:20:13.494" intervalms="42.433" />
<gc-start id="1250" type="partial gc" contextid="1249" timestamp="2019-06-17T07:20:13.495">
  <mem-info id="1251" free="81788928" total="251658240" percent="32">
    <mem type="eden" free="0" total="69206016" percent="0" />
    <arraylet-primitive objects="2" leaves="2" largest="1" />
    <remembered-set count="52704" freebytes="9834624" totalbytes="10045440" percent="97" regionsoverflowed="0" regionsstable="2" regionsrebuilding="0"/>
  </mem-info>
</gc-start>
<allocation-stats totalBytes="69197304" >
  <allocated-bytes non-tlh="0" tlh="69197304" arrayletleaf="0"/>
  <largest-consumer threadName="Thread-7" threadId="0000000001AAB900" bytes="21124480" />
</allocation-stats>
<gc-op id="1252" type="copy forward" timems="5.393" contextid="1249" timestamp="2019-06-17T07:20:13.501">
  <memory-copied type="eden" objects="10113" bytes="381792" bytesdiscarded="0" />
  <memory-copied type="other" objects="30921" bytes="1154232" bytesdiscarded="0" />
  <memory-cardclean objects="11798" bytes="583864" />
  <regions eden="66" other="3" />
  <remembered-set-cleared processed="46130" cleared="1577" durationms="0.544" />
  <stringconstants candidates="4597" cleared="0"  />
</gc-op>
<gc-op id="1253" type="classunload" timems="0.005" contextid="1249" timestamp="2019-06-17T07:20:13.501">
  <classunload-info classloadercandidates="8" classloadersunloaded="0" classesunloaded="0" anonymousclassesunloaded="0" quiescems="0.000" setupms="0.005" scanms="0.000" postms="0.000" />
</gc-op>
<gc-end id="1254" type="partial gc" contextid="1249" durationms="6.674" usertimems="12.000" systemtimems="0.000" timestamp="2019-06-17T07:20:13.501" activeThreads="1">
  <mem-info id="1255" free="149946368" total="251658240" percent="59">
    <mem type="eden" free="666784" total="1048576" percent="63" />
    <arraylet-primitive objects="2" leaves="2" largest="1" />
    <remembered-set count="54880" freebytes="9825920" totalbytes="10045440" percent="97" regionsoverflowed="0" regionsstable="2" regionsrebuilding="0"/>
  </mem-info>
</gc-end>
<cycle-end id="1256" type="partial gc" contextid="1249" timestamp="2019-06-17T07:20:13.502" />
  <attribute name="elasticGC enabled" value="1" />
  <attribute name= "numThreadsSpecified" value="1" />
  <attribute name="heapSize specified" value="0" />
  <attribute name="Current GC Util" value="57" />
  <attribute name= "Current Time Running" value="3545" />
  <attribute name ="GC Interval" value="0" />
  <attribute name="ProportionalT" value="55.500000" />
  <attribute name="ProportionalI" value="55.500000" />
  <attribute name="ProportionalH" value="55.500000" />
  <attribute name="Current Error" value="37.000000" />
  <attribute name="IntegralT" value="0.000000" />
  <attribute name="IntegralI" value="0.000000" />
  <attribute name="IntegralH" value="0.000000" />
  <attribute name="DerivativeT" value="inf" />
  <attribute name="DerivativeI" value="inf" />
  <attribute name="DerivativeH" value="inf" />
  <attribute name="Loop Time for DT" value="0.000000" />
  <attribute name="Output H" value="8388608"/>
  <attribute name="Output I" value="200"/>
  <attribute name="Output T" value="1"/>
  <attribute name="Target GC Util Change" value ="20.000000" />
  <attribute name="Current GC Util Change" value="57.000000"/>
  <attribute name="GC Util currently" value="57" />
  <attribute name="CPU Util currently" value="16902219216751" />
<exclusive-end id="1257" timestamp="2019-06-17T07:20:13.502" durationms="7.847" />

<exclusive-start id="1258" timestamp="2019-06-17T07:20:13.538" intervalms="44.314">
  <response-info timems="0.045" idlems="0.045" threads="0" lastid="0000000001AB3100" lastname="Thread-8" />
</exclusive-start>
<allocation-taxation id="1259" taxation-threshold="69206016" timestamp="2019-06-17T07:20:13.539" intervalms="44.389" />
<cycle-start id="1260" type="partial gc" contextid="0" timestamp="2019-06-17T07:20:13.539" intervalms="44.462" />
<gc-start id="1261" type="partial gc" contextid="1260" timestamp="2019-06-17T07:20:13.539">
  <mem-info id="1262" free="80740352" total="251658240" percent="32">
    <mem type="eden" free="0" total="69206016" percent="0" />
    <arraylet-primitive objects="2" leaves="2" largest="1" />
    <remembered-set count="54720" freebytes="9826560" totalbytes="10045440" percent="97" regionsoverflowed="0" regionsstable="2" regionsrebuilding="0"/>
  </mem-info>
</gc-start>
<allocation-stats totalBytes="69197056" >
  <allocated-bytes non-tlh="0" tlh="69197056" arrayletleaf="0"/>
  <largest-consumer threadName="Thread-7" threadId="0000000001AAB900" bytes="22418488" />
</allocation-stats>
<gc-op id="1263" type="copy forward" timems="4.380" contextid="1260" timestamp="2019-06-17T07:20:13.544">
  <memory-copied type="eden" objects="4025" bytes="97936" bytesdiscarded="0" />
  <memory-copied type="other" objects="30173" bytes="1136280" bytesdiscarded="0" />
  <memory-cardclean objects="11921" bytes="604720" />
  <regions eden="66" other="3" />
  <remembered-set-cleared processed="47061" cleared="1629" durationms="0.548" />
  <stringconstants candidates="4597" cleared="0"  />
</gc-op>
<gc-op id="1264" type="classunload" timems="0.003" contextid="1260" timestamp="2019-06-17T07:20:13.545">
  <classunload-info classloadercandidates="8" classloadersunloaded="0" classesunloaded="0" anonymousclassesunloaded="0" quiescems="0.000" setupms="0.003" scanms="0.000" postms="0.000" />
</gc-op>
<heap-resize id="1265" type="expand" space="default" amount="5242880" count="1" timems="0.085" reason="excessive time being spent in gc" timestamp="2019-06-17T07:20:13.545" />
<gc-end id="1266" type="partial gc" contextid="1260" durationms="5.805" usertimems="8.000" systemtimems="0.000" timestamp="2019-06-17T07:20:13.545" activeThreads="1">
  <mem-info id="1267" free="154140672" total="256901120" percent="60">
    <mem type="eden" free="950640" total="1048576" percent="90" />
    <arraylet-primitive objects="2" leaves="2" largest="1" />
    <remembered-set count="55808" freebytes="10031488" totalbytes="10254720" percent="97" regionsoverflowed="0" regionsstable="2" regionsrebuilding="0"/>
  </mem-info>
</gc-end>
<cycle-end id="1268" type="partial gc" contextid="1260" timestamp="2019-06-17T07:20:13.545" />
  <attribute name="elasticGC enabled" value="1" />
  <attribute name= "numThreadsSpecified" value="1" />
  <attribute name="heapSize specified" value="0" />
  <attribute name="Current GC Util" value="61" />
  <attribute name= "Current Time Running" value="3589" />
  <attribute name ="GC Interval" value="0" />
  <attribute name="ProportionalT" value="61.500000" />
  <attribute name="ProportionalI" value="61.500000" />
  <attribute name="ProportionalH" value="61.500000" />
  <attribute name="Current Error" value="41.000000" />
  <attribute name="IntegralT" value="0.000000" />
  <attribute name="IntegralI" value="0.000000" />
  <attribute name="IntegralH" value="0.000000" />
  <attribute name="DerivativeT" value="inf" />
  <attribute name="DerivativeI" value="inf" />
  <attribute name="DerivativeH" value="inf" />
  <attribute name="Loop Time for DT" value="0.000000" />
  <attribute name="Output H" value="8388608"/>
  <attribute name="Output I" value="200"/>
  <attribute name="Output T" value="1"/>
  <attribute name="Target GC Util Change" value ="20.000000" />
  <attribute name="Current GC Util Change" value="61.000000"/>
  <attribute name="GC Util currently" value="61" />
  <attribute name="CPU Util currently" value="19558694932394" />
<exclusive-end id="1269" timestamp="2019-06-17T07:20:13.545" durationms="7.218" />

<exclusive-start id="1270" timestamp="2019-06-17T07:20:13.577" intervalms="38.483">
  <response-info timems="0.044" idlems="0.044" threads="0" lastid="0000000001AA7D00" lastname="Thread-9" />
</exclusive-start>
<allocation-taxation id="1271" taxation-threshold="70254592" timestamp="2019-06-17T07:20:13.577" intervalms="38.438" />
<cycle-start id="1272" type="partial gc" contextid="0" timestamp="2019-06-17T07:20:13.577" intervalms="38.354" />
<gc-start id="1273" type="partial gc" contextid="1272" timestamp="2019-06-17T07:20:13.577">
  <mem-info id="1274" free="83886080" total="256901120" percent="32">
    <mem type="eden" free="0" total="70254592" percent="0" />
    <arraylet-primitive objects="2" leaves="2" largest="1" />
    <remembered-set count="55648" freebytes="10032128" totalbytes="10254720" percent="97" regionsoverflowed="0" regionsstable="2" regionsrebuilding="0"/>
  </mem-info>
</gc-start>
<allocation-stats totalBytes="70245144" >
  <allocated-bytes non-tlh="0" tlh="70245144" arrayletleaf="0"/>
  <largest-consumer threadName="Thread-8" threadId="0000000001AB3100" bytes="26313352" />
</allocation-stats>
<gc-op id="1275" type="copy forward" timems="2.720" contextid="1272" timestamp="2019-06-17T07:20:13.581">
  <memory-copied type="eden" objects="13582" bytes="602168" bytesdiscarded="26880" />
  <memory-copied type="other" objects="22731" bytes="820296" bytesdiscarded="95864" />
  <memory-cardclean objects="7905" bytes="396496" />
  <regions eden="67" other="3" />
  <remembered-set-cleared processed="48051" cleared="1689" durationms="0.269" />
  <stringconstants candidates="4597" cleared="0"  />
</gc-op>
<gc-op id="1276" type="classunload" timems="0.002" contextid="1272" timestamp="2019-06-17T07:20:13.581">
  <classunload-info classloadercandidates="8" classloadersunloaded="0" classesunloaded="0" anonymousclassesunloaded="0" quiescems="0.000" setupms="0.002" scanms="0.000" postms="0.000" />
</gc-op>
<heap-resize id="1277" type="expand" space="default" amount="3145728" count="1" timems="0.084" reason="excessive time being spent in gc" timestamp="2019-06-17T07:20:13.581" />
<gc-end id="1278" type="partial gc" contextid="1272" durationms="4.071" usertimems="8.000" systemtimems="0.000" timestamp="2019-06-17T07:20:13.581" activeThreads="4">
  <mem-info id="1279" free="156237824" total="260046848" percent="60">
    <mem type="eden" free="419528" total="1048576" percent="40" />
    <arraylet-primitive objects="2" leaves="2" largest="1" />
    <remembered-set count="54848" freebytes="10160896" totalbytes="10380288" percent="97" regionsoverflowed="0" regionsstable="2" regionsrebuilding="0"/>
  </mem-info>
</gc-end>
<cycle-end id="1280" type="partial gc" contextid="1272" timestamp="2019-06-17T07:20:13.582" />
  <attribute name="elasticGC enabled" value="1" />
  <attribute name= "numThreadsSpecified" value="4" />
  <attribute name="heapSize specified" value="0" />
  <attribute name="Current GC Util" value="60" />
  <attribute name= "Current Time Running" value="3628" />
  <attribute name ="GC Interval" value="0" />
  <attribute name="ProportionalT" value="60.000000" />
  <attribute name="ProportionalI" value="60.000000" />
  <attribute name="ProportionalH" value="60.000000" />
  <attribute name="Current Error" value="40.000000" />
  <attribute name="IntegralT" value="40.000000" />
  <attribute name="IntegralI" value="40.000000" />
  <attribute name="IntegralH" value="40.000000" />
  <attribute name="DerivativeT" value="60.000000" />
  <attribute name="DerivativeI" value="60.000000" />
  <attribute name="DerivativeH" value="60.000000" />
  <attribute name="Loop Time for DT" value="1.000000" />
  <attribute name="Output H" value="8388608"/>
  <attribute name="Output I" value="200"/>
  <attribute name="Output T" value="4"/>
  <attribute name="Target GC Util Change" value ="20.000000" />
  <attribute name="Current GC Util Change" value="60.000000"/>
  <attribute name="GC Util currently" value="60" />
  <attribute name="CPU Util currently" value="15889544305214" />
<exclusive-end id="1281" timestamp="2019-06-17T07:20:13.582" durationms="5.112" />

<exclusive-start id="1282" timestamp="2019-06-17T07:20:13.614" intervalms="37.298">
  <response-info timems="0.048" idlems="0.048" threads="0" lastid="0000000001AA7D00" lastname="Thread-9" />
</exclusive-start>
<allocation-taxation id="1283" taxation-threshold="71303168" timestamp="2019-06-17T07:20:13.614" intervalms="37.258" />
<cycle-start id="1284" type="partial gc" contextid="0" timestamp="2019-06-17T07:20:13.614" intervalms="37.221" />
<gc-start id="1285" type="partial gc" contextid="1284" timestamp="2019-06-17T07:20:13.615">
  <mem-info id="1286" free="84934656" total="260046848" percent="32">
    <mem type="eden" free="0" total="71303168" percent="0" />
    <arraylet-primitive objects="2" leaves="2" largest="1" />
    <remembered-set count="54816" freebytes="10161024" totalbytes="10380288" percent="97" regionsoverflowed="0" regionsstable="2" regionsrebuilding="0"/>
  </mem-info>
</gc-start>
<allocation-stats totalBytes="71293544" >
  <allocated-bytes non-tlh="0" tlh="71293544" arrayletleaf="0"/>
  <largest-consumer threadName="Thread-8" threadId="0000000001AB3100" bytes="25219688" />
</allocation-stats>
<gc-op id="1287" type="copy forward" timems="2.690" contextid="1284" timestamp="2019-06-17T07:20:13.618">
  <memory-copied type="eden" objects="13303" bytes="458128" bytesdiscarded="51672" />
  <memory-copied type="other" objects="29906" bytes="1129872" bytesdiscarded="67568" />
  <memory-cardclean objects="7663" bytes="385384" />
  <regions eden="68" other="4" />
  <remembered-set-cleared processed="48089" cleared="1727" durationms="0.242" />
  <stringconstants candidates="4597" cleared="0"  />
</gc-op>
<gc-op id="1288" type="classunload" timems="0.003" contextid="1284" timestamp="2019-06-17T07:20:13.618">
  <classunload-info classloadercandidates="8" classloadersunloaded="0" classesunloaded="0" anonymousclassesunloaded="0" quiescems="0.000" setupms="0.003" scanms="0.000" postms="0.000" />
</gc-op>
<heap-resize id="1289" type="expand" space="default" amount="2097152" count="1" timems="0.070" reason="excessive time being spent in gc" timestamp="2019-06-17T07:20:13.618" />
<gc-end id="1290" type="partial gc" contextid="1284" durationms="3.828" usertimems="8.000" systemtimems="4.000" timestamp="2019-06-17T07:20:13.618" activeThreads="4">
  <mem-info id="1291" free="157286400" total="262144000" percent="60">
    <mem type="eden" free="538776" total="1048576" percent="51" />
    <arraylet-primitive objects="2" leaves="2" largest="1" />
    <remembered-set count="56384" freebytes="10238464" totalbytes="10464000" percent="97" regionsoverflowed="0" regionsstable="2" regionsrebuilding="0"/>
  </mem-info>
</gc-end>
<cycle-end id="1292" type="partial gc" contextid="1284" timestamp="2019-06-17T07:20:13.619" />
  <attribute name="elasticGC enabled" value="1" />
  <attribute name= "numThreadsSpecified" value="4" />
  <attribute name="heapSize specified" value="0" />
  <attribute name="Current GC Util" value="50" />
  <attribute name= "Current Time Running" value="3665" />
  <attribute name ="GC Interval" value="0" />
  <attribute name="ProportionalT" value="45.000000" />
  <attribute name="ProportionalI" value="45.000000" />
  <attribute name="ProportionalH" value="45.000000" />
  <attribute name="Current Error" value="30.000000" />
  <attribute name="IntegralT" value="30.000000" />
  <attribute name="IntegralI" value="30.000000" />
  <attribute name="IntegralH" value="30.000000" />
  <attribute name="DerivativeT" value="45.000000" />
  <attribute name="DerivativeI" value="45.000000" />
  <attribute name="DerivativeH" value="45.000000" />
  <attribute name="Loop Time for DT" value="1.000000" />
  <attribute name="Output H" value="8388608"/>
  <attribute name="Output I" value="200"/>
  <attribute name="Output T" value="4"/>
  <attribute name="Target GC Util Change" value ="20.000000" />
  <attribute name="Current GC Util Change" value="50.000000"/>
  <attribute name="GC Util currently" value="50" />
  <attribute name="CPU Util currently" value="18685923831854" />
<exclusive-end id="1293" timestamp="2019-06-17T07:20:13.619" durationms="4.655" />

<exclusive-start id="1294" timestamp="2019-06-17T07:20:13.656" intervalms="41.511">
  <response-info timems="0.039" idlems="0.039" threads="0" lastid="0000000001AB3100" lastname="Thread-8" />
</exclusive-start>
<allocation-taxation id="1295" taxation-threshold="71303168" timestamp="2019-06-17T07:20:13.656" intervalms="41.533" />
<cycle-start id="1296" type="partial gc" contextid="0" timestamp="2019-06-17T07:20:13.656" intervalms="41.550" />
<gc-start id="1297" type="partial gc" contextid="1296" timestamp="2019-06-17T07:20:13.656">
  <mem-info id="1298" free="85983232" total="262144000" percent="32">
    <mem type="eden" free="0" total="71303168" percent="0" />
    <arraylet-primitive objects="2" leaves="2" largest="1" />
    <remembered-set count="56032" freebytes="10239872" totalbytes="10464000" percent="97" regionsoverflowed="0" regionsstable="2" regionsrebuilding="0"/>
  </mem-info>
</gc-start>
<allocation-stats totalBytes="71294256" >
  <allocated-bytes non-tlh="0" tlh="71294256" arrayletleaf="0"/>
  <largest-consumer threadName="Thread-8" threadId="0000000001AB3100" bytes="24728760" />
</allocation-stats>
<gc-op id="1299" type="copy forward" timems="3.297" contextid="1296" timestamp="2019-06-17T07:20:13.660">
  <memory-copied type="eden" objects="15737" bytes="653792" bytesdiscarded="0" />
  <memory-copied type="other" objects="5732" bytes="137568" bytesdiscarded="0" />
  <memory-cardclean objects="8101" bytes="432040" />
  <regions eden="68" other="3" />
  <remembered-set-cleared processed="49592" cleared="1163" durationms="0.579" />
  <stringconstants candidates="4597" cleared="0"  />
</gc-op>
<gc-op id="1300" type="classunload" timems="0.003" contextid="1296" timestamp="2019-06-17T07:20:13.660">
  <classunload-info classloadercandidates="8" classloadersunloaded="0" classesunloaded="0" anonymousclassesunloaded="0" quiescems="0.000" setupms="0.003" scanms="0.000" postms="0.000" />
</gc-op>
<heap-resize id="1301" type="expand" space="default" amount="3145728" count="1" timems="0.075" reason="excessive time being spent in gc" timestamp="2019-06-17T07:20:13.661" />
<gc-end id="1302" type="partial gc" contextid="1296" durationms="4.491" usertimems="8.000" systemtimems="0.000" timestamp="2019-06-17T07:20:13.661" activeThreads="1">
  <mem-info id="1303" free="159383552" total="265289728" percent="60">
    <mem type="eden" free="394784" total="1048576" percent="37" />
    <arraylet-primitive objects="2" leaves="2" largest="1" />
    <remembered-set count="56256" freebytes="10364544" totalbytes="10589568" percent="97" regionsoverflowed="0" regionsstable="2" regionsrebuilding="0"/>
  </mem-info>
</gc-end>
<cycle-end id="1304" type="partial gc" contextid="1296" timestamp="2019-06-17T07:20:13.661" />
  <attribute name="elasticGC enabled" value="1" />
  <attribute name= "numThreadsSpecified" value="1" />
  <attribute name="heapSize specified" value="0" />
  <attribute name="Current GC Util" value="55" />
  <attribute name= "Current Time Running" value="3706" />
  <attribute name ="GC Interval" value="0" />
  <attribute name="ProportionalT" value="52.500000" />
  <attribute name="ProportionalI" value="52.500000" />
  <attribute name="ProportionalH" value="52.500000" />
  <attribute name="Current Error" value="35.000000" />
  <attribute name="IntegralT" value="0.000000" />
  <attribute name="IntegralI" value="0.000000" />
  <attribute name="IntegralH" value="0.000000" />
  <attribute name="DerivativeT" value="inf" />
  <attribute name="DerivativeI" value="inf" />
  <attribute name="DerivativeH" value="inf" />
  <attribute name="Loop Time for DT" value="0.000000" />
  <attribute name="Output H" value="8388608"/>
  <attribute name="Output I" value="200"/>
  <attribute name="Output T" value="1"/>
  <attribute name="Target GC Util Change" value ="20.000000" />
  <attribute name="Current GC Util Change" value="55.000000"/>
  <attribute name="GC Util currently" value="55" />
  <attribute name="CPU Util currently" value="17500525588520" />
<exclusive-end id="1305" timestamp="2019-06-17T07:20:13.661" durationms="5.454" />

<exclusive-start id="1306" timestamp="2019-06-17T07:20:13.707" intervalms="51.823">
  <response-info timems="0.045" idlems="0.045" threads="0" lastid="0000000001AA7D00" lastname="Thread-9" />
</exclusive-start>
<allocation-taxation id="1307" taxation-threshold="72351744" timestamp="2019-06-17T07:20:13.708" intervalms="51.815" />
<cycle-start id="1308" type="partial gc" contextid="0" timestamp="2019-06-17T07:20:13.708" intervalms="51.803" />
<gc-start id="1309" type="partial gc" contextid="1308" timestamp="2019-06-17T07:20:13.708">
  <mem-info id="1310" free="87031808" total="265289728" percent="32">
    <mem type="eden" free="0" total="72351744" percent="0" />
    <arraylet-primitive objects="2" leaves="2" largest="1" />
    <remembered-set count="56096" freebytes="10365184" totalbytes="10589568" percent="97" regionsoverflowed="0" regionsstable="2" regionsrebuilding="0"/>
  </mem-info>
</gc-start>
<allocation-stats totalBytes="72341560" >
  <allocated-bytes non-tlh="0" tlh="72341560" arrayletleaf="0"/>
  <largest-consumer threadName="Thread-8" threadId="0000000001AB3100" bytes="26181992" />
</allocation-stats>
<gc-op id="1311" type="copy forward" timems="4.033" contextid="1308" timestamp="2019-06-17T07:20:13.713">
  <memory-copied type="eden" objects="20505" bytes="905416" bytesdiscarded="0" />
  <memory-copied type="other" objects="10217" bytes="382584" bytesdiscarded="0" />
  <memory-cardclean objects="6722" bytes="335632" />
  <regions eden="69" other="3" />
  <remembered-set-cleared processed="49953" cleared="1049" durationms="0.584" />
  <stringconstants candidates="4597" cleared="0"  />
</gc-op>
<gc-op id="1312" type="classunload" timems="0.002" contextid="1308" timestamp="2019-06-17T07:20:13.713">
  <classunload-info classloadercandidates="8" classloadersunloaded="0" classesunloaded="0" anonymousclassesunloaded="0" quiescems="0.000" setupms="0.002" scanms="0.000" postms="0.000" />
</gc-op>
<gc-end id="1313" type="partial gc" contextid="1308" durationms="5.058" usertimems="0.000" systemtimems="8.000" timestamp="2019-06-17T07:20:13.713" activeThreads="1">
  <mem-info id="1314" free="158334976" total="265289728" percent="59">
    <mem type="eden" free="143160" total="1048576" percent="13" />
    <arraylet-primitive objects="2" leaves="2" largest="1" />
    <remembered-set count="57248" freebytes="10360576" totalbytes="10589568" percent="97" regionsoverflowed="0" regionsstable="2" regionsrebuilding="0"/>
  </mem-info>
</gc-end>
<cycle-end id="1315" type="partial gc" contextid="1308" timestamp="2019-06-17T07:20:13.713" />
  <attribute name="elasticGC enabled" value="1" />
  <attribute name= "numThreadsSpecified" value="1" />
  <attribute name="heapSize specified" value="0" />
  <attribute name="Current GC Util" value="63" />
  <attribute name= "Current Time Running" value="3758" />
  <attribute name ="GC Interval" value="0" />
  <attribute name="ProportionalT" value="64.500000" />
  <attribute name="ProportionalI" value="64.500000" />
  <attribute name="ProportionalH" value="64.500000" />
  <attribute name="Current Error" value="43.000000" />
  <attribute name="IntegralT" value="0.000000" />
  <attribute name="IntegralI" value="0.000000" />
  <attribute name="IntegralH" value="0.000000" />
  <attribute name="DerivativeT" value="inf" />
  <attribute name="DerivativeI" value="inf" />
  <attribute name="DerivativeH" value="inf" />
  <attribute name="Loop Time for DT" value="0.000000" />
  <attribute name="Output H" value="8388608"/>
  <attribute name="Output I" value="200"/>
  <attribute name="Output T" value="1"/>
  <attribute name="Target GC Util Change" value ="20.000000" />
  <attribute name="Current GC Util Change" value="63.000000"/>
  <attribute name="GC Util currently" value="63" />
  <attribute name="CPU Util currently" value="18216127827288" />
<exclusive-end id="1316" timestamp="2019-06-17T07:20:13.713" durationms="5.995" />

<exclusive-start id="1317" timestamp="2019-06-17T07:20:13.764" intervalms="56.522">
  <response-info timems="0.040" idlems="0.040" threads="0" lastid="0000000001AAF500" lastname="Thread-10" />
</exclusive-start>
<allocation-taxation id="1318" taxation-threshold="72351744" timestamp="2019-06-17T07:20:13.764" intervalms="56.525" />
<cycle-start id="1319" type="partial gc" contextid="0" timestamp="2019-06-17T07:20:13.764" intervalms="56.553" />
<gc-start id="1320" type="partial gc" contextid="1319" timestamp="2019-06-17T07:20:13.765">
  <mem-info id="1321" free="85983232" total="265289728" percent="32">
    <mem type="eden" free="0" total="72351744" percent="0" />
    <arraylet-primitive objects="2" leaves="2" largest="1" />
    <remembered-set count="56768" freebytes="10362496" totalbytes="10589568" percent="97" regionsoverflowed="0" regionsstable="2" regionsrebuilding="0"/>
  </mem-info>
</gc-start>
<allocation-stats totalBytes="72341728" >
  <allocated-bytes non-tlh="0" tlh="72341728" arrayletleaf="0"/>
  <largest-consumer threadName="Thread-8" threadId="0000000001AB3100" bytes="25272944" />
</allocation-stats>
<gc-op id="1322" type="copy forward" timems="2.802" contextid="1319" timestamp="2019-06-17T07:20:13.768">
  <memory-copied type="eden" objects="4496" bytes="109384" bytesdiscarded="15552" />
  <memory-copied type="other" objects="34387" bytes="1374792" bytesdiscarded="56824" />
  <memory-cardclean objects="11330" bytes="565456" />
  <regions eden="69" other="4" />
  <remembered-set-cleared processed="49879" cleared="3658" durationms="0.266" />
  <stringconstants candidates="4597" cleared="0"  />
</gc-op>
<gc-op id="1323" type="classunload" timems="0.003" contextid="1319" timestamp="2019-06-17T07:20:13.768">
  <classunload-info classloadercandidates="8" classloadersunloaded="0" classesunloaded="0" anonymousclassesunloaded="0" quiescems="0.000" setupms="0.003" scanms="0.000" postms="0.000" />
</gc-op>
<gc-end id="1324" type="partial gc" contextid="1319" durationms="3.830" usertimems="12.000" systemtimems="0.000" timestamp="2019-06-17T07:20:13.768" activeThreads="4">
  <mem-info id="1325" free="157286400" total="265289728" percent="59">
    <mem type="eden" free="923640" total="1048576" percent="88" />
    <arraylet-primitive objects="2" leaves="2" largest="1" />
    <remembered-set count="55776" freebytes="10366464" totalbytes="10589568" percent="97" regionsoverflowed="0" regionsstable="2" regionsrebuilding="0"/>
  </mem-info>
</gc-end>
<cycle-end id="1326" type="partial gc" contextid="1319" timestamp="2019-06-17T07:20:13.768" />
  <attribute name="elasticGC enabled" value="1" />
  <attribute name= "numThreadsSpecified" value="4" />
  <attribute name="heapSize specified" value="0" />
  <attribute name="Current GC Util" value="53" />
  <attribute name= "Current Time Running" value="3815" />
  <attribute name ="GC Interval" value="0" />
  <attribute name="ProportionalT" value="49.500000" />
  <attribute name="ProportionalI" value="49.500000" />
  <attribute name="ProportionalH" value="49.500000" />
  <attribute name="Current Error" value="33.000000" />
  <attribute name="IntegralT" value="33.000000" />
  <attribute name="IntegralI" value="33.000000" />
  <attribute name="IntegralH" value="33.000000" />
  <attribute name="DerivativeT" value="49.500000" />
  <attribute name="DerivativeI" value="49.500000" />
  <attribute name="DerivativeH" value="49.500000" />
  <attribute name="Loop Time for DT" value="1.000000" />
  <attribute name="Output H" value="8388608"/>
  <attribute name="Output I" value="200"/>
  <attribute name="Output T" value="4"/>
  <attribute name="Target GC Util Change" value ="20.000000" />
  <attribute name="Current GC Util Change" value="53.000000"/>
  <attribute name="GC Util currently" value="53" />
  <attribute name="CPU Util currently" value="14670358899570" />
<exclusive-end id="1327" timestamp="2019-06-17T07:20:13.769" durationms="4.741" />

<exclusive-start id="1328" timestamp="2019-06-17T07:20:13.820" intervalms="56.216">
  <response-info timems="0.032" idlems="0.032" threads="0" lastid="0000000001AA7D00" lastname="Thread-9" />
</exclusive-start>
<allocation-taxation id="1329" taxation-threshold="72351744" timestamp="2019-06-17T07:20:13.820" intervalms="56.201" />
<cycle-start id="1330" type="partial gc" contextid="0" timestamp="2019-06-17T07:20:13.820" intervalms="56.166" />
<gc-start id="1331" type="partial gc" contextid="1330" timestamp="2019-06-17T07:20:13.821">
  <mem-info id="1332" free="84934656" total="265289728" percent="32">
    <mem type="eden" free="0" total="72351744" percent="0" />
    <arraylet-primitive objects="2" leaves="2" largest="1" />
    <remembered-set count="55680" freebytes="10366848" totalbytes="10589568" percent="97" regionsoverflowed="0" regionsstable="2" regionsrebuilding="0"/>
  </mem-info>
</gc-start>
<allocation-stats totalBytes="72341576" >
  <allocated-bytes non-tlh="0" tlh="72341576" arrayletleaf="0"/>
  <largest-consumer threadName="Thread-9" threadId="0000000001AA7D00" bytes="25297440" />
</allocation-stats>
<gc-op id="1333" type="copy forward" timems="2.703" contextid="1330" timestamp="2019-06-17T07:20:13.824">
  <memory-copied type="eden" objects="5155" bytes="125304" bytesdiscarded="1936" />
  <memory-copied type="other" objects="32299" bytes="1324680" bytesdiscarded="57712" />
  <memory-cardclean objects="4597" bytes="230104" />
  <regions eden="69" other="4" />
  <remembered-set-cleared processed="49286" cleared="1424" durationms="0.258" />
  <stringconstants candidates="4597" cleared="0"  />
</gc-op>
<gc-op id="1334" type="classunload" timems="0.002" contextid="1330" timestamp="2019-06-17T07:20:13.824">
  <classunload-info classloadercandidates="8" classloadersunloaded="0" classesunloaded="0" anonymousclassesunloaded="0" quiescems="0.000" setupms="0.002" scanms="0.000" postms="0.000" />
</gc-op>
<gc-end id="1335" type="partial gc" contextid="1330" durationms="3.706" usertimems="4.000" systemtimems="4.000" timestamp="2019-06-17T07:20:13.824" activeThreads="4">
  <mem-info id="1336" free="156237824" total="265289728" percent="58">
    <mem type="eden" free="921336" total="1048576" percent="87" />
    <arraylet-primitive objects="2" leaves="2" largest="1" />
    <remembered-set count="56544" freebytes="10363392" totalbytes="10589568" percent="97" regionsoverflowed="0" regionsstable="2" regionsrebuilding="0"/>
  </mem-info>
</gc-end>
<cycle-end id="1337" type="partial gc" contextid="1330" timestamp="2019-06-17T07:20:13.825" />
  <attribute name="elasticGC enabled" value="1" />
  <attribute name= "numThreadsSpecified" value="4" />
  <attribute name="heapSize specified" value="0" />
  <attribute name="Current GC Util" value="57" />
  <attribute name= "Current Time Running" value="3871" />
  <attribute name ="GC Interval" value="0" />
  <attribute name="ProportionalT" value="55.500000" />
  <attribute name="ProportionalI" value="55.500000" />
  <attribute name="ProportionalH" value="55.500000" />
  <attribute name="Current Error" value="37.000000" />
  <attribute name="IntegralT" value="37.000000" />
  <attribute name="IntegralI" value="37.000000" />
  <attribute name="IntegralH" value="37.000000" />
  <attribute name="DerivativeT" value="55.500000" />
  <attribute name="DerivativeI" value="55.500000" />
  <attribute name="DerivativeH" value="55.500000" />
  <attribute name="Loop Time for DT" value="1.000000" />
  <attribute name="Output H" value="8388608"/>
  <attribute name="Output I" value="200"/>
  <attribute name="Output T" value="4"/>
  <attribute name="Target GC Util Change" value ="20.000000" />
  <attribute name="Current GC Util Change" value="57.000000"/>
  <attribute name="GC Util currently" value="57" />
  <attribute name="CPU Util currently" value="17040179434104" />
<exclusive-end id="1338" timestamp="2019-06-17T07:20:13.825" durationms="4.540" />

<exclusive-start id="1339" timestamp="2019-06-17T07:20:13.870" intervalms="50.241">
  <response-info timems="0.033" idlems="0.033" threads="0" lastid="0000000001AA7D00" lastname="Thread-9" />
</exclusive-start>
<allocation-taxation id="1340" taxation-threshold="72351744" timestamp="2019-06-17T07:20:13.871" intervalms="50.271" />
<cycle-start id="1341" type="partial gc" contextid="0" timestamp="2019-06-17T07:20:13.871" intervalms="50.311" />
<gc-start id="1342" type="partial gc" contextid="1341" timestamp="2019-06-17T07:20:13.871">
  <mem-info id="1343" free="83886080" total="265289728" percent="31">
    <mem type="eden" free="0" total="72351744" percent="0" />
    <arraylet-primitive objects="2" leaves="2" largest="1" />
    <remembered-set count="56448" freebytes="10363776" totalbytes="10589568" percent="97" regionsoverflowed="0" regionsstable="2" regionsrebuilding="0"/>
  </mem-info>
</gc-start>
<allocation-stats totalBytes="72341752" >
  <allocated-bytes non-tlh="0" tlh="72341752" arrayletleaf="0"/>
  <largest-consumer threadName="Thread-9" threadId="0000000001AA7D00" bytes="23012360" />
</allocation-stats>
<gc-op id="1344" type="copy forward" timems="4.230" contextid="1341" timestamp="2019-06-17T07:20:13.876">
  <memory-copied type="eden" objects="8320" bytes="338392" bytesdiscarded="0" />
  <memory-copied type="other" objects="27633" bytes="1075320" bytesdiscarded="0" />
  <memory-cardclean objects="3466" bytes="175816" />
  <regions eden="69" other="4" />
  <remembered-set-cleared processed="49831" cleared="1641" durationms="0.572" />
  <stringconstants candidates="4597" cleared="0"  />
</gc-op>
<gc-op id="1345" type="classunload" timems="0.002" contextid="1341" timestamp="2019-06-17T07:20:13.876">
  <classunload-info classloadercandidates="8" classloadersunloaded="0" classesunloaded="0" anonymousclassesunloaded="0" quiescems="0.000" setupms="0.002" scanms="0.000" postms="0.000" />
</gc-op>
<gc-end id="1346" type="partial gc" contextid="1341" durationms="5.404" usertimems="4.000" systemtimems="0.000" timestamp="2019-06-17T07:20:13.876" activeThreads="1">
  <mem-info id="1347" free="155189248" total="265289728" percent="58">
    <mem type="eden" free="710184" total="1048576" percent="67" />
    <arraylet-primitive objects="2" leaves="2" largest="1" />
    <remembered-set count="57504" freebytes="10359552" totalbytes="10589568" percent="97" regionsoverflowed="0" regionsstable="2" regionsrebuilding="0"/>
  </mem-info>
</gc-end>
<cycle-end id="1348" type="partial gc" contextid="1341" timestamp="2019-06-17T07:20:13.877" />
  <attribute name="elasticGC enabled" value="1" />
  <attribute name= "numThreadsSpecified" value="1" />
  <attribute name="heapSize specified" value="0" />
  <attribute name="Current GC Util" value="67" />
  <attribute name= "Current Time Running" value="3921" />
  <attribute name ="GC Interval" value="0" />
  <attribute name="ProportionalT" value="70.500000" />
  <attribute name="ProportionalI" value="70.500000" />
  <attribute name="ProportionalH" value="70.500000" />
  <attribute name="Current Error" value="47.000000" />
  <attribute name="IntegralT" value="0.000000" />
  <attribute name="IntegralI" value="0.000000" />
  <attribute name="IntegralH" value="0.000000" />
  <attribute name="DerivativeT" value="inf" />
  <attribute name="DerivativeI" value="inf" />
  <attribute name="DerivativeH" value="inf" />
  <attribute name="Loop Time for DT" value="0.000000" />
  <attribute name="Output H" value="8388608"/>
  <attribute name="Output I" value="200"/>
  <attribute name="Output T" value="1"/>
  <attribute name="Target GC Util Change" value ="20.000000" />
  <attribute name="Current GC Util Change" value="67.000000"/>
  <attribute name="GC Util currently" value="67" />
  <attribute name="CPU Util currently" value="17612341703066" />
<exclusive-end id="1349" timestamp="2019-06-17T07:20:13.877" durationms="6.380" />

<exclusive-start id="1350" timestamp="2019-06-17T07:20:13.914" intervalms="43.521">
  <response-info timems="0.034" idlems="0.034" threads="0" lastid="0000000001AAB900" lastname="Thread-7" />
</exclusive-start>
<allocation-taxation id="1351" taxation-threshold="72351744" timestamp="2019-06-17T07:20:13.914" intervalms="43.492" />
<cycle-start id="1352" type="partial gc" contextid="0" timestamp="2019-06-17T07:20:13.914" intervalms="43.487" />
<gc-start id="1353" type="partial gc" contextid="1352" timestamp="2019-06-17T07:20:13.914">
  <mem-info id="1354" free="82837504" total="265289728" percent="31">
    <mem type="eden" free="0" total="72351744" percent="0" />
    <arraylet-primitive objects="2" leaves="2" largest="1" />
    <remembered-set count="57184" freebytes="10360832" totalbytes="10589568" percent="97" regionsoverflowed="0" regionsstable="2" regionsrebuilding="0"/>
  </mem-info>
</gc-start>
<allocation-stats totalBytes="72341304" >
  <allocated-bytes non-tlh="0" tlh="72341304" arrayletleaf="0"/>
  <largest-consumer threadName="Thread-9" threadId="0000000001AA7D00" bytes="24859000" />
</allocation-stats>
<gc-op id="1355" type="copy forward" timems="2.626" contextid="1352" timestamp="2019-06-17T07:20:13.918">
  <memory-copied type="eden" objects="12060" bytes="428368" bytesdiscarded="21408" />
  <memory-copied type="other" objects="16962" bytes="544488" bytesdiscarded="25808" />
  <memory-cardclean objects="14785" bytes="775848" />
  <regions eden="69" other="4" />
  <remembered-set-cleared processed="50151" cleared="3869" durationms="0.263" />
  <stringconstants candidates="4597" cleared="0"  />
</gc-op>
<gc-op id="1356" type="classunload" timems="0.003" contextid="1352" timestamp="2019-06-17T07:20:13.918">
  <classunload-info classloadercandidates="8" classloadersunloaded="0" classesunloaded="0" anonymousclassesunloaded="0" quiescems="0.000" setupms="0.002" scanms="0.000" postms="0.000" />
</gc-op>
<gc-end id="1357" type="partial gc" contextid="1352" durationms="3.657" usertimems="8.000" systemtimems="0.000" timestamp="2019-06-17T07:20:13.918" activeThreads="4">
  <mem-info id="1358" free="153092096" total="265289728" percent="57">
    <mem type="eden" free="1647376" total="2097152" percent="78" />
    <arraylet-primitive objects="2" leaves="2" largest="1" />
    <remembered-set count="56288" freebytes="10364416" totalbytes="10589568" percent="97" regionsoverflowed="0" regionsstable="2" regionsrebuilding="0"/>
  </mem-info>
</gc-end>
<cycle-end id="1359" type="partial gc" contextid="1352" timestamp="2019-06-17T07:20:13.918" />
  <attribute name="elasticGC enabled" value="1" />
  <attribute name= "numThreadsSpecified" value="4" />
  <attribute name="heapSize specified" value="0" />
  <attribute name="Current GC Util" value="58" />
  <attribute name= "Current Time Running" value="3965" />
  <attribute name ="GC Interval" value="0" />
  <attribute name="ProportionalT" value="57.000000" />
  <attribute name="ProportionalI" value="57.000000" />
  <attribute name="ProportionalH" value="57.000000" />
  <attribute name="Current Error" value="38.000000" />
  <attribute name="IntegralT" value="38.000000" />
  <attribute name="IntegralI" value="38.000000" />
  <attribute name="IntegralH" value="38.000000" />
  <attribute name="DerivativeT" value="57.000000" />
  <attribute name="DerivativeI" value="57.000000" />
  <attribute name="DerivativeH" value="57.000000" />
  <attribute name="Loop Time for DT" value="1.000000" />
  <attribute name="Output H" value="8388608"/>
  <attribute name="Output I" value="200"/>
  <attribute name="Output T" value="4"/>
  <attribute name="Target GC Util Change" value ="20.000000" />
  <attribute name="Current GC Util Change" value="58.000000"/>
  <attribute name="GC Util currently" value="58" />
  <attribute name="CPU Util currently" value="17911199148512" />
<exclusive-end id="1360" timestamp="2019-06-17T07:20:13.919" durationms="4.639" />

<exclusive-start id="1361" timestamp="2019-06-17T07:20:13.953" intervalms="39.313">
  <response-info timems="0.585" idlems="0.302" threads="1" lastid="0000000001AB3100" lastname="Thread-8" />
</exclusive-start>
<allocation-taxation id="1362" taxation-threshold="72351744" timestamp="2019-06-17T07:20:13.953" intervalms="39.300" />
<cycle-start id="1363" type="partial gc" contextid="0" timestamp="2019-06-17T07:20:13.953" intervalms="39.266" />
<gc-start id="1364" type="partial gc" contextid="1363" timestamp="2019-06-17T07:20:13.954">
  <mem-info id="1365" free="80740352" total="265289728" percent="30">
    <mem type="eden" free="0" total="72351744" percent="0" />
    <arraylet-primitive objects="2" leaves="2" largest="1" />
    <remembered-set count="55840" freebytes="10366208" totalbytes="10589568" percent="97" regionsoverflowed="0" regionsstable="2" regionsrebuilding="0"/>
  </mem-info>
</gc-start>
<allocation-stats totalBytes="72341296" >
  <allocated-bytes non-tlh="0" tlh="72341296" arrayletleaf="0"/>
  <largest-consumer threadName="Thread-10" threadId="0000000001AAF500" bytes="22196880" />
</allocation-stats>
<gc-op id="1366" type="copy forward" timems="4.664" contextid="1363" timestamp="2019-06-17T07:20:13.959">
  <memory-copied type="eden" objects="19931" bytes="891560" bytesdiscarded="0" />
  <memory-copied type="other" objects="19063" bytes="594888" bytesdiscarded="0" />
  <memory-cardclean objects="12594" bytes="617416" />
  <regions eden="69" other="5" />
  <remembered-set-cleared processed="48725" cleared="1604" durationms="0.560" />
  <stringconstants candidates="4597" cleared="0"  />
</gc-op>
<gc-op id="1367" type="classunload" timems="0.003" contextid="1363" timestamp="2019-06-17T07:20:13.959">
  <classunload-info classloadercandidates="8" classloadersunloaded="0" classesunloaded="0" anonymousclassesunloaded="0" quiescems="0.000" setupms="0.002" scanms="0.000" postms="0.000" />
</gc-op>
<gc-end id="1368" type="partial gc" contextid="1363" durationms="5.704" usertimems="8.000" systemtimems="0.000" timestamp="2019-06-17T07:20:13.959" activeThreads="1">
  <mem-info id="1369" free="153092096" total="265289728" percent="57">
    <mem type="eden" free="157016" total="1048576" percent="14" />
    <arraylet-primitive objects="2" leaves="2" largest="1" />
    <remembered-set count="56320" freebytes="10364288" totalbytes="10589568" percent="97" regionsoverflowed="0" regionsstable="2" regionsrebuilding="0"/>
  </mem-info>
</gc-end>
<cycle-end id="1370" type="partial gc" contextid="1363" timestamp="2019-06-17T07:20:13.960" />
  <attribute name="elasticGC enabled" value="1" />
  <attribute name= "numThreadsSpecified" value="1" />
  <attribute name="heapSize specified" value="0" />
  <attribute name="Current GC Util" value="52" />
  <attribute name= "Current Time Running" value="4004" />
  <attribute name ="GC Interval" value="0" />
  <attribute name="ProportionalT" value="48.000000" />
  <attribute name="ProportionalI" value="48.000000" />
  <attribute name="ProportionalH" value="48.000000" />
  <attribute name="Current Error" value="32.000000" />
  <attribute name="IntegralT" value="0.000000" />
  <attribute name="IntegralI" value="0.000000" />
  <attribute name="IntegralH" value="0.000000" />
  <attribute name="DerivativeT" value="inf" />
  <attribute name="DerivativeI" value="inf" />
  <attribute name="DerivativeH" value="inf" />
  <attribute name="Loop Time for DT" value="0.000000" />
  <attribute name="Output H" value="8388608"/>
  <attribute name="Output I" value="200"/>
  <attribute name="Output T" value="1"/>
  <attribute name="Target GC Util Change" value ="20.000000" />
  <attribute name="Current GC Util Change" value="52.000000"/>
  <attribute name="GC Util currently" value="52" />
  <attribute name="CPU Util currently" value="19122375783541" />
<exclusive-end id="1371" timestamp="2019-06-17T07:20:13.960" durationms="6.589" />

<exclusive-start id="1372" timestamp="2019-06-17T07:20:13.997" intervalms="43.669">
  <response-info timems="0.046" idlems="0.046" threads="0" lastid="0000000001AA7D00" lastname="Thread-9" />
</exclusive-start>
<allocation-taxation id="1373" taxation-threshold="72351744" timestamp="2019-06-17T07:20:13.997" intervalms="43.692" />
<cycle-start id="1374" type="partial gc" contextid="0" timestamp="2019-06-17T07:20:13.997" intervalms="43.691" />
<gc-start id="1375" type="partial gc" contextid="1374" timestamp="2019-06-17T07:20:13.997">
  <mem-info id="1376" free="80740352" total="265289728" percent="30">
    <mem type="eden" free="0" total="72351744" percent="0" />
    <arraylet-primitive objects="2" leaves="2" largest="1" />
    <remembered-set count="56160" freebytes="10364928" totalbytes="10589568" percent="97" regionsoverflowed="0" regionsstable="2" regionsrebuilding="0"/>
  </mem-info>
</gc-start>
<allocation-stats totalBytes="72342056" >
  <allocated-bytes non-tlh="0" tlh="72342056" arrayletleaf="0"/>
  <largest-consumer threadName="Thread-9" threadId="0000000001AA7D00" bytes="26219104" />
</allocation-stats>
<gc-op id="1377" type="copy forward" timems="2.138" contextid="1374" timestamp="2019-06-17T07:20:14.000">
  <memory-copied type="eden" objects="8390" bytes="340440" bytesdiscarded="18600" />
  <memory-copied type="other" objects="23616" bytes="978912" bytesdiscarded="51104" />
  <memory-cardclean objects="7008" bytes="349800" />
  <regions eden="69" other="3" />
  <remembered-set-cleared processed="49799" cleared="1441" durationms="0.216" />
  <stringconstants candidates="4597" cleared="0"  />
</gc-op>
<gc-op id="1378" type="classunload" timems="0.004" contextid="1374" timestamp="2019-06-17T07:20:14.000">
  <classunload-info classloadercandidates="8" classloadersunloaded="0" classesunloaded="0" anonymousclassesunloaded="0" quiescems="0.000" setupms="0.004" scanms="0.000" postms="0.000" />
</gc-op>
<heap-resize id="1379" type="expand" space="default" amount="17825792" count="1" timems="0.155" reason="excessive time being spent in gc" timestamp="2019-06-17T07:20:14.001" />
<gc-end id="1380" type="partial gc" contextid="1374" durationms="3.409" usertimems="8.000" systemtimems="0.000" timestamp="2019-06-17T07:20:14.001" activeThreads="4">
  <mem-info id="1381" free="169869312" total="283115520" percent="60">
    <mem type="eden" free="689536" total="1048576" percent="65" />
    <arraylet-primitive objects="2" leaves="2" largest="1" />
    <remembered-set count="56384" freebytes="11075584" totalbytes="11301120" percent="98" regionsoverflowed="0" regionsstable="2" regionsrebuilding="0"/>
  </mem-info>
</gc-end>
<cycle-end id="1382" type="partial gc" contextid="1374" timestamp="2019-06-17T07:20:14.001" />
  <attribute name="elasticGC enabled" value="1" />
  <attribute name= "numThreadsSpecified" value="4" />
  <attribute name="heapSize specified" value="0" />
  <attribute name="Current GC Util" value="73" />
  <attribute name= "Current Time Running" value="4048" />
  <attribute name ="GC Interval" value="0" />
  <attribute name="ProportionalT" value="79.500000" />
  <attribute name="ProportionalI" value="79.500000" />
  <attribute name="ProportionalH" value="79.500000" />
  <attribute name="Current Error" value="53.000000" />
  <attribute name="IntegralT" value="53.000000" />
  <attribute name="IntegralI" value="53.000000" />
  <attribute name="IntegralH" value="53.000000" />
  <attribute name="DerivativeT" value="79.500000" />
  <attribute name="DerivativeI" value="79.500000" />
  <attribute name="DerivativeH" value="79.500000" />
  <attribute name="Loop Time for DT" value="1.000000" />
  <attribute name="Output H" value="8388608"/>
  <attribute name="Output I" value="216"/>
  <attribute name="Output T" value="4"/>
  <attribute name="Target GC Util Change" value ="20.000000" />
  <attribute name="Current GC Util Change" value="73.000000"/>
  <attribute name="GC Util currently" value="73" />
  <attribute name="CPU Util currently" value="19157884681140" />
<exclusive-end id="1383" timestamp="2019-06-17T07:20:14.001" durationms="4.266" />

<exclusive-start id="1384" timestamp="2019-06-17T07:20:14.039" intervalms="42.405">
  <response-info timems="0.035" idlems="0.035" threads="0" lastid="0000000001AAF500" lastname="Thread-10" />
</exclusive-start>
<allocation-taxation id="1385" taxation-threshold="76546048" timestamp="2019-06-17T07:20:14.040" intervalms="42.488" />
<cycle-start id="1386" type="partial gc" contextid="0" timestamp="2019-06-17T07:20:14.040" intervalms="42.556" />
<gc-start id="1387" type="partial gc" contextid="1386" timestamp="2019-06-17T07:20:14.040">
  <mem-info id="1388" free="93323264" total="283115520" percent="32">
    <mem type="eden" free="0" total="76546048" percent="0" />
    <arraylet-primitive objects="2" leaves="2" largest="1" />
    <remembered-set count="56096" freebytes="11076736" totalbytes="11301120" percent="98" regionsoverflowed="0" regionsstable="2" regionsrebuilding="0"/>
  </mem-info>
</gc-start>
<allocation-stats totalBytes="76535152" >
  <allocated-bytes non-tlh="0" tlh="76535152" arrayletleaf="0"/>
  <largest-consumer threadName="Thread-9" threadId="0000000001AA7D00" bytes="27209976" />
</allocation-stats>
<gc-op id="1389" type="copy forward" timems="2.659" contextid="1386" timestamp="2019-06-17T07:20:14.044">
  <memory-copied type="eden" objects="6571" bytes="159224" bytesdiscarded="14440" />
  <memory-copied type="other" objects="31723" bytes="1310880" bytesdiscarded="51840" />
  <memory-cardclean objects="6993" bytes="349128" />
  <regions eden="73" other="4" />
  <remembered-set-cleared processed="49833" cleared="1475" durationms="0.224" />
  <stringconstants candidates="4597" cleared="0"  />
</gc-op>
<gc-op id="1390" type="classunload" timems="0.002" contextid="1386" timestamp="2019-06-17T07:20:14.044">
  <classunload-info classloadercandidates="8" classloadersunloaded="0" classesunloaded="0" anonymousclassesunloaded="0" quiescems="0.000" setupms="0.002" scanms="0.000" postms="0.000" />
</gc-op>
<gc-end id="1391" type="partial gc" contextid="1386" durationms="3.964" usertimems="8.000" systemtimems="0.000" timestamp="2019-06-17T07:20:14.044" activeThreads="4">
  <mem-info id="1392" free="168820736" total="283115520" percent="59">
    <mem type="eden" free="874912" total="1048576" percent="83" />
    <arraylet-primitive objects="2" leaves="2" largest="1" />
    <remembered-set count="57920" freebytes="11069440" totalbytes="11301120" percent="97" regionsoverflowed="0" regionsstable="2" regionsrebuilding="0"/>
  </mem-info>
</gc-end>
<cycle-end id="1393" type="partial gc" contextid="1386" timestamp="2019-06-17T07:20:14.044" />
  <attribute name="elasticGC enabled" value="1" />
  <attribute name= "numThreadsSpecified" value="4" />
  <attribute name="heapSize specified" value="0" />
  <attribute name="Current GC Util" value="57" />
  <attribute name= "Current Time Running" value="4091" />
  <attribute name ="GC Interval" value="0" />
  <attribute name="ProportionalT" value="55.500000" />
  <attribute name="ProportionalI" value="55.500000" />
  <attribute name="ProportionalH" value="55.500000" />
  <attribute name="Current Error" value="37.000000" />
  <attribute name="IntegralT" value="37.000000" />
  <attribute name="IntegralI" value="37.000000" />
  <attribute name="IntegralH" value="37.000000" />
  <attribute name="DerivativeT" value="55.500000" />
  <attribute name="DerivativeI" value="55.500000" />
  <attribute name="DerivativeH" value="55.500000" />
  <attribute name="Loop Time for DT" value="1.000000" />
  <attribute name="Output H" value="8388608"/>
  <attribute name="Output I" value="200"/>
  <attribute name="Output T" value="4"/>
  <attribute name="Target GC Util Change" value ="20.000000" />
  <attribute name="Current GC Util Change" value="57.000000"/>
  <attribute name="GC Util currently" value="57" />
  <attribute name="CPU Util currently" value="16136229562474" />
<exclusive-end id="1394" timestamp="2019-06-17T07:20:14.044" durationms="5.228" />

<exclusive-start id="1395" timestamp="2019-06-17T07:20:14.076" intervalms="36.379">
  <response-info timems="0.047" idlems="0.047" threads="0" lastid="0000000001AAF500" lastname="Thread-10" />
</exclusive-start>
<allocation-taxation id="1396" taxation-threshold="76546048" timestamp="2019-06-17T07:20:14.076" intervalms="36.273" />
<cycle-start id="1397" type="partial gc" contextid="0" timestamp="2019-06-17T07:20:14.076" intervalms="36.294" />
<gc-start id="1398" type="partial gc" contextid="1397" timestamp="2019-06-17T07:20:14.076">
  <mem-info id="1399" free="92274688" total="283115520" percent="32">
    <mem type="eden" free="0" total="76546048" percent="0" />
    <arraylet-primitive objects="2" leaves="2" largest="1" />
    <remembered-set count="57696" freebytes="11070336" totalbytes="11301120" percent="97" regionsoverflowed="0" regionsstable="2" regionsrebuilding="0"/>
  </mem-info>
</gc-start>
<allocation-stats totalBytes="76534472" >
  <allocated-bytes non-tlh="0" tlh="76534472" arrayletleaf="0"/>
  <largest-consumer threadName="Thread-9" threadId="0000000001AA7D00" bytes="20444176" />
</allocation-stats>
<gc-op id="1400" type="copy forward" timems="2.147" contextid="1397" timestamp="2019-06-17T07:20:14.079">
  <memory-copied type="eden" objects="18776" bytes="863824" bytesdiscarded="77480" />
  <memory-copied type="other" objects="11605" bytes="415920" bytesdiscarded="34112" />
  <memory-cardclean objects="3848" bytes="198168" />
  <regions eden="73" other="4" />
  <remembered-set-cleared processed="50732" cleared="1581" durationms="0.225" />
  <stringconstants candidates="4597" cleared="0"  />
</gc-op>
<gc-op id="1401" type="classunload" timems="0.003" contextid="1397" timestamp="2019-06-17T07:20:14.079">
  <classunload-info classloadercandidates="8" classloadersunloaded="0" classesunloaded="0" anonymousclassesunloaded="0" quiescems="0.000" setupms="0.003" scanms="0.000" postms="0.000" />
</gc-op>
<gc-end id="1402" type="partial gc" contextid="1397" durationms="3.288" usertimems="8.000" systemtimems="0.000" timestamp="2019-06-17T07:20:14.080" activeThreads="4">
  <mem-info id="1403" free="167772160" total="283115520" percent="59">
    <mem type="eden" free="107272" total="1048576" percent="10" />
    <arraylet-primitive objects="2" leaves="2" largest="1" />
    <remembered-set count="56768" freebytes="11074048" totalbytes="11301120" percent="97" regionsoverflowed="0" regionsstable="2" regionsrebuilding="0"/>
  </mem-info>
</gc-end>
<cycle-end id="1404" type="partial gc" contextid="1397" timestamp="2019-06-17T07:20:14.080" />
  <attribute name="elasticGC enabled" value="1" />
  <attribute name= "numThreadsSpecified" value="4" />
  <attribute name="heapSize specified" value="0" />
  <attribute name="Current GC Util" value="64" />
  <attribute name= "Current Time Running" value="4127" />
  <attribute name ="GC Interval" value="0" />
  <attribute name="ProportionalT" value="66.000000" />
  <attribute name="ProportionalI" value="66.000000" />
  <attribute name="ProportionalH" value="66.000000" />
  <attribute name="Current Error" value="44.000000" />
  <attribute name="IntegralT" value="44.000000" />
  <attribute name="IntegralI" value="44.000000" />
  <attribute name="IntegralH" value="44.000000" />
  <attribute name="DerivativeT" value="61.500000" />
  <attribute name="DerivativeI" value="61.500000" />
  <attribute name="DerivativeH" value="61.500000" />
  <attribute name="Loop Time for DT" value="1.000000" />
  <attribute name="Output H" value="8388608"/>
  <attribute name="Output I" value="200"/>
  <attribute name="Output T" value="4"/>
  <attribute name="Target GC Util Change" value ="20.000000" />
  <attribute name="Current GC Util Change" value="64.000000"/>
  <attribute name="GC Util currently" value="64" />
  <attribute name="CPU Util currently" value="18004833369984" />
<exclusive-end id="1405" timestamp="2019-06-17T07:20:14.080" durationms="4.316" />

<exclusive-start id="1406" timestamp="2019-06-17T07:20:14.107" intervalms="31.015">
  <response-info timems="0.035" idlems="0.035" threads="0" lastid="0000000001AB3100" lastname="Thread-8" />
</exclusive-start>
<allocation-taxation id="1407" taxation-threshold="76546048" timestamp="2019-06-17T07:20:14.107" intervalms="31.031" />
<cycle-start id="1408" type="partial gc" contextid="0" timestamp="2019-06-17T07:20:14.107" intervalms="31.047" />
<gc-start id="1409" type="partial gc" contextid="1408" timestamp="2019-06-17T07:20:14.107">
  <mem-info id="1410" free="91226112" total="283115520" percent="32">
    <mem type="eden" free="0" total="76546048" percent="0" />
    <arraylet-primitive objects="2" leaves="2" largest="1" />
    <remembered-set count="56544" freebytes="11074944" totalbytes="11301120" percent="97" regionsoverflowed="0" regionsstable="2" regionsrebuilding="0"/>
  </mem-info>
</gc-start>
<allocation-stats totalBytes="76534656" >
  <allocated-bytes non-tlh="0" tlh="76534656" arrayletleaf="0"/>
  <largest-consumer threadName="Thread-10" threadId="0000000001AAF500" bytes="19768384" />
</allocation-stats>
<gc-op id="1411" type="copy forward" timems="2.449" contextid="1408" timestamp="2019-06-17T07:20:14.111">
  <memory-copied type="eden" objects="16526" bytes="534736" bytesdiscarded="16664" />
  <memory-copied type="other" objects="19644" bytes="883608" bytesdiscarded="13992" />
  <memory-cardclean objects="4777" bytes="253656" />
  <regions eden="73" other="3" />
  <remembered-set-cleared processed="50723" cleared="463" durationms="0.224" />
  <stringconstants candidates="4597" cleared="0"  />
</gc-op>
<gc-op id="1412" type="classunload" timems="0.003" contextid="1408" timestamp="2019-06-17T07:20:14.111">
  <classunload-info classloadercandidates="8" classloadersunloaded="0" classesunloaded="0" anonymousclassesunloaded="0" quiescems="0.000" setupms="0.002" scanms="0.000" postms="0.000" />
</gc-op>
<gc-end id="1413" type="partial gc" contextid="1408" durationms="3.641" usertimems="8.000" systemtimems="0.000" timestamp="2019-06-17T07:20:14.111" activeThreads="4">
  <mem-info id="1414" free="166723584" total="283115520" percent="58">
    <mem type="eden" free="497176" total="1048576" percent="47" />
    <arraylet-primitive objects="2" leaves="2" largest="1" />
    <remembered-set count="58368" freebytes="11067648" totalbytes="11301120" percent="97" regionsoverflowed="0" regionsstable="2" regionsrebuilding="0"/>
  </mem-info>
</gc-end>
<cycle-end id="1415" type="partial gc" contextid="1408" timestamp="2019-06-17T07:20:14.111" />
  <attribute name="elasticGC enabled" value="1" />
  <attribute name= "numThreadsSpecified" value="4" />
  <attribute name="heapSize specified" value="0" />
  <attribute name="Current GC Util" value="71" />
  <attribute name= "Current Time Running" value="4158" />
  <attribute name ="GC Interval" value="0" />
  <attribute name="ProportionalT" value="76.500000" />
  <attribute name="ProportionalI" value="76.500000" />
  <attribute name="ProportionalH" value="76.500000" />
  <attribute name="Current Error" value="51.000000" />
  <attribute name="IntegralT" value="51.000000" />
  <attribute name="IntegralI" value="51.000000" />
  <attribute name="IntegralH" value="51.000000" />
  <attribute name="DerivativeT" value="75.000000" />
  <attribute name="DerivativeI" value="75.000000" />
  <attribute name="DerivativeH" value="75.000000" />
  <attribute name="Loop Time for DT" value="1.000000" />
  <attribute name="Output H" value="8388608"/>
  <attribute name="Output I" value="208"/>
  <attribute name="Output T" value="4"/>
  <attribute name="Target GC Util Change" value ="20.000000" />
  <attribute name="Current GC Util Change" value="71.000000"/>
  <attribute name="GC Util currently" value="71" />
  <attribute name="CPU Util currently" value="18828895257690" />
<exclusive-end id="1416" timestamp="2019-06-17T07:20:14.111" durationms="4.805" />

<exclusive-start id="1417" timestamp="2019-06-17T07:20:14.140" intervalms="32.994">
  <response-info timems="0.030" idlems="0.030" threads="0" lastid="0000000001AA7D00" lastname="Thread-9" />
</exclusive-start>
<allocation-taxation id="1418" taxation-threshold="76546048" timestamp="2019-06-17T07:20:14.140" intervalms="32.977" />
<cycle-start id="1419" type="partial gc" contextid="0" timestamp="2019-06-17T07:20:14.140" intervalms="32.873" />
<gc-start id="1420" type="partial gc" contextid="1419" timestamp="2019-06-17T07:20:14.140">
  <mem-info id="1421" free="90177536" total="283115520" percent="31">
    <mem type="eden" free="0" total="76546048" percent="0" />
    <arraylet-primitive objects="2" leaves="2" largest="1" />
    <remembered-set count="58336" freebytes="11067776" totalbytes="11301120" percent="97" regionsoverflowed="0" regionsstable="2" regionsrebuilding="0"/>
  </mem-info>
</gc-start>
<allocation-stats totalBytes="76535128" >
  <allocated-bytes non-tlh="0" tlh="76535128" arrayletleaf="0"/>
  <largest-consumer threadName="Thread-10" threadId="0000000001AAF500" bytes="19838008" />
</allocation-stats>
<gc-op id="1422" type="copy forward" timems="4.370" contextid="1419" timestamp="2019-06-17T07:20:14.145">
  <memory-copied type="eden" objects="18014" bytes="708104" bytesdiscarded="0" />
  <memory-copied type="other" objects="19045" bytes="731856" bytesdiscarded="0" />
  <memory-cardclean objects="4770" bytes="234312" />
  <regions eden="73" other="4" />
  <remembered-set-cleared processed="51421" cleared="1161" durationms="0.593" />
  <stringconstants candidates="4597" cleared="0"  />
</gc-op>
<gc-op id="1423" type="classunload" timems="0.002" contextid="1419" timestamp="2019-06-17T07:20:14.145">
  <classunload-info classloadercandidates="8" classloadersunloaded="0" classesunloaded="0" anonymousclassesunloaded="0" quiescems="0.000" setupms="0.002" scanms="0.000" postms="0.000" />
</gc-op>
<heap-resize id="1424" type="expand" space="default" amount="10485760" count="1" timems="0.115" reason="excessive time being spent in gc" timestamp="2019-06-17T07:20:14.146" />
<gc-end id="1425" type="partial gc" contextid="1419" durationms="5.703" usertimems="8.000" systemtimems="0.000" timestamp="2019-06-17T07:20:14.146" activeThreads="1">
  <mem-info id="1426" free="176160768" total="293601280" percent="60">
    <mem type="eden" free="340472" total="1048576" percent="32" />
    <arraylet-primitive objects="2" leaves="2" largest="1" />
    <remembered-set count="58624" freebytes="11485184" totalbytes="11719680" percent="97" regionsoverflowed="0" regionsstable="2" regionsrebuilding="0"/>
  </mem-info>
</gc-end>
<cycle-end id="1427" type="partial gc" contextid="1419" timestamp="2019-06-17T07:20:14.146" />
  <attribute name="elasticGC enabled" value="1" />
  <attribute name= "numThreadsSpecified" value="1" />
  <attribute name="heapSize specified" value="0" />
  <attribute name="Current GC Util" value="64" />
  <attribute name= "Current Time Running" value="4190" />
  <attribute name ="GC Interval" value="0" />
  <attribute name="ProportionalT" value="66.000000" />
  <attribute name="ProportionalI" value="66.000000" />
  <attribute name="ProportionalH" value="66.000000" />
  <attribute name="Current Error" value="44.000000" />
  <attribute name="IntegralT" value="0.000000" />
  <attribute name="IntegralI" value="0.000000" />
  <attribute name="IntegralH" value="0.000000" />
  <attribute name="DerivativeT" value="inf" />
  <attribute name="DerivativeI" value="inf" />
  <attribute name="DerivativeH" value="inf" />
  <attribute name="Loop Time for DT" value="0.000000" />
  <attribute name="Output H" value="8388608"/>
  <attribute name="Output I" value="200"/>
  <attribute name="Output T" value="1"/>
  <attribute name="Target GC Util Change" value ="20.000000" />
  <attribute name="Current GC Util Change" value="64.000000"/>
  <attribute name="GC Util currently" value="64" />
  <attribute name="CPU Util currently" value="19266253351329" />
<exclusive-end id="1428" timestamp="2019-06-17T07:20:14.146" durationms="6.584" />

<exclusive-start id="1429" timestamp="2019-06-17T07:20:14.180" intervalms="40.599">
  <response-info timems="0.036" idlems="0.036" threads="0" lastid="0000000001AA7D00" lastname="Thread-9" />
</exclusive-start>
<allocation-taxation id="1430" taxation-threshold="79691776" timestamp="2019-06-17T07:20:14.180" intervalms="40.651" />
<cycle-start id="1431" type="partial gc" contextid="0" timestamp="2019-06-17T07:20:14.181" intervalms="40.651" />
<gc-start id="1432" type="partial gc" contextid="1431" timestamp="2019-06-17T07:20:14.181">
  <mem-info id="1433" free="96468992" total="293601280" percent="32">
    <mem type="eden" free="0" total="79691776" percent="0" />
    <arraylet-primitive objects="2" leaves="2" largest="1" />
    <remembered-set count="58432" freebytes="11485952" totalbytes="11719680" percent="98" regionsoverflowed="0" regionsstable="2" regionsrebuilding="0"/>
  </mem-info>
</gc-start>
<allocation-stats totalBytes="79680416" >
  <allocated-bytes non-tlh="0" tlh="79680416" arrayletleaf="0"/>
  <largest-consumer threadName="Thread-7" threadId="0000000001AAB900" bytes="23298672" />
</allocation-stats>
<gc-op id="1434" type="copy forward" timems="4.744" contextid="1431" timestamp="2019-06-17T07:20:14.186">
  <memory-copied type="eden" objects="20005" bytes="755288" bytesdiscarded="0" />
  <memory-copied type="other" objects="18665" bytes="722712" bytesdiscarded="0" />
  <memory-cardclean objects="4745" bytes="233152" />
  <regions eden="76" other="5" />
  <remembered-set-cleared processed="51580" cleared="4524" durationms="0.597" />
  <stringconstants candidates="4597" cleared="0"  />
</gc-op>
<gc-op id="1435" type="classunload" timems="0.002" contextid="1431" timestamp="2019-06-17T07:20:14.186">
  <classunload-info classloadercandidates="8" classloadersunloaded="0" classesunloaded="0" anonymousclassesunloaded="0" quiescems="0.000" setupms="0.002" scanms="0.000" postms="0.000" />
</gc-op>
<gc-end id="1436" type="partial gc" contextid="1431" durationms="5.746" usertimems="4.000" systemtimems="4.000" timestamp="2019-06-17T07:20:14.187" activeThreads="1">
  <mem-info id="1437" free="176160768" total="293601280" percent="60">
    <mem type="eden" free="293288" total="1048576" percent="27" />
    <arraylet-primitive objects="2" leaves="2" largest="1" />
    <remembered-set count="55936" freebytes="11495936" totalbytes="11719680" percent="98" regionsoverflowed="0" regionsstable="2" regionsrebuilding="0"/>
  </mem-info>
</gc-end>
<cycle-end id="1438" type="partial gc" contextid="1431" timestamp="2019-06-17T07:20:14.187" />
  <attribute name="elasticGC enabled" value="1" />
  <attribute name= "numThreadsSpecified" value="1" />
  <attribute name="heapSize specified" value="0" />
  <attribute name="Current GC Util" value="85" />
  <attribute name= "Current Time Running" value="4231" />
  <attribute name ="GC Interval" value="0" />
  <attribute name="ProportionalT" value="97.500000" />
  <attribute name="ProportionalI" value="97.500000" />
  <attribute name="ProportionalH" value="97.500000" />
  <attribute name="Current Error" value="65.000000" />
  <attribute name="IntegralT" value="0.000000" />
  <attribute name="IntegralI" value="0.000000" />
  <attribute name="IntegralH" value="0.000000" />
  <attribute name="DerivativeT" value="inf" />
  <attribute name="DerivativeI" value="inf" />
  <attribute name="DerivativeH" value="inf" />
  <attribute name="Loop Time for DT" value="0.000000" />
  <attribute name="Output H" value="8388608"/>
  <attribute name="Output I" value="200"/>
  <attribute name="Output T" value="1"/>
  <attribute name="Target GC Util Change" value ="20.000000" />
  <attribute name="Current GC Util Change" value="85.000000"/>
  <attribute name="GC Util currently" value="85" />
  <attribute name="CPU Util currently" value="17678845658199" />
<exclusive-end id="1439" timestamp="2019-06-17T07:20:14.187" durationms="6.736" />

<exclusive-start id="1440" timestamp="2019-06-17T07:20:14.223" intervalms="42.368">
  <response-info timems="0.033" idlems="0.033" threads="0" lastid="0000000001AAB900" lastname="Thread-7" />
</exclusive-start>
<allocation-taxation id="1441" taxation-threshold="79691776" timestamp="2019-06-17T07:20:14.223" intervalms="42.396" />
<cycle-start id="1442" type="partial gc" contextid="0" timestamp="2019-06-17T07:20:14.223" intervalms="42.458" />
<gc-start id="1443" type="partial gc" contextid="1442" timestamp="2019-06-17T07:20:14.223">
  <mem-info id="1444" free="96468992" total="293601280" percent="32">
    <mem type="eden" free="0" total="79691776" percent="0" />
    <arraylet-primitive objects="2" leaves="2" largest="1" />
    <remembered-set count="55744" freebytes="11496704" totalbytes="11719680" percent="98" regionsoverflowed="0" regionsstable="2" regionsrebuilding="0"/>
  </mem-info>
</gc-start>
<allocation-stats totalBytes="79680480" >
  <allocated-bytes non-tlh="0" tlh="79680480" arrayletleaf="0"/>
  <largest-consumer threadName="Thread-9" threadId="0000000001AA7D00" bytes="21201760" />
</allocation-stats>
<gc-op id="1445" type="copy forward" timems="2.354" contextid="1442" timestamp="2019-06-17T07:20:14.227">
  <memory-copied type="eden" objects="20392" bytes="902728" bytesdiscarded="90048" />
  <memory-copied type="other" objects="11514" bytes="413712" bytesdiscarded="29552" />
  <memory-cardclean objects="5645" bytes="299224" />
  <regions eden="76" other="4" />
  <remembered-set-cleared processed="48944" cleared="2407" durationms="0.226" />
  <stringconstants candidates="4597" cleared="0"  />
</gc-op>
<gc-op id="1446" type="classunload" timems="0.003" contextid="1442" timestamp="2019-06-17T07:20:14.227">
  <classunload-info classloadercandidates="8" classloadersunloaded="0" classesunloaded="0" anonymousclassesunloaded="0" quiescems="0.000" setupms="0.003" scanms="0.000" postms="0.000" />
</gc-op>
<gc-end id="1447" type="partial gc" contextid="1442" durationms="3.552" usertimems="4.000" systemtimems="0.000" timestamp="2019-06-17T07:20:14.227" activeThreads="4">
  <mem-info id="1448" free="176160768" total="293601280" percent="60">
    <mem type="eden" free="55800" total="1048576" percent="5" />
    <arraylet-primitive objects="2" leaves="2" largest="1" />
    <remembered-set count="54112" freebytes="11503232" totalbytes="11719680" percent="98" regionsoverflowed="0" regionsstable="2" regionsrebuilding="0"/>
  </mem-info>
</gc-end>
<cycle-end id="1449" type="partial gc" contextid="1442" timestamp="2019-06-17T07:20:14.227" />
  <attribute name="elasticGC enabled" value="1" />
  <attribute name= "numThreadsSpecified" value="4" />
  <attribute name="heapSize specified" value="0" />
  <attribute name="Current GC Util" value="85" />
  <attribute name= "Current Time Running" value="4274" />
  <attribute name ="GC Interval" value="0" />
  <attribute name="ProportionalT" value="97.500000" />
  <attribute name="ProportionalI" value="97.500000" />
  <attribute name="ProportionalH" value="97.500000" />
  <attribute name="Current Error" value="65.000000" />
  <attribute name="IntegralT" value="65.000000" />
  <attribute name="IntegralI" value="65.000000" />
  <attribute name="IntegralH" value="65.000000" />
  <attribute name="DerivativeT" value="97.500000" />
  <attribute name="DerivativeI" value="97.500000" />
  <attribute name="DerivativeH" value="97.500000" />
  <attribute name="Loop Time for DT" value="1.000000" />
  <attribute name="Output H" value="8388608"/>
  <attribute name="Output I" value="264"/>
  <attribute name="Output T" value="4"/>
  <attribute name="Target GC Util Change" value ="20.000000" />
  <attribute name="Current GC Util Change" value="85.000000"/>
  <attribute name="GC Util currently" value="85" />
  <attribute name="CPU Util currently" value="18702140427284" />
<exclusive-end id="1450" timestamp="2019-06-17T07:20:14.227" durationms="4.639" />

<exclusive-start id="1451" timestamp="2019-06-17T07:20:14.263" intervalms="40.743">
  <response-info timems="0.030" idlems="0.030" threads="0" lastid="0000000001AB3100" lastname="Thread-8" />
</exclusive-start>
<allocation-taxation id="1452" taxation-threshold="79691776" timestamp="2019-06-17T07:20:14.264" intervalms="40.689" />
<cycle-start id="1453" type="partial gc" contextid="0" timestamp="2019-06-17T07:20:14.264" intervalms="40.734" />
<gc-start id="1454" type="partial gc" contextid="1453" timestamp="2019-06-17T07:20:14.264">
  <mem-info id="1455" free="96468992" total="293601280" percent="32">
    <mem type="eden" free="0" total="79691776" percent="0" />
    <arraylet-primitive objects="2" leaves="2" largest="1" />
    <remembered-set count="53728" freebytes="11504768" totalbytes="11719680" percent="98" regionsoverflowed="0" regionsstable="2" regionsrebuilding="0"/>
  </mem-info>
</gc-start>
<allocation-stats totalBytes="79681480" >
  <allocated-bytes non-tlh="0" tlh="79681480" arrayletleaf="0"/>
  <largest-consumer threadName="Thread-7" threadId="0000000001AAB900" bytes="21570952" />
</allocation-stats>
<gc-op id="1456" type="copy forward" timems="4.339" contextid="1453" timestamp="2019-06-17T07:20:14.269">
  <memory-copied type="eden" objects="12390" bytes="436272" bytesdiscarded="0" />
  <memory-copied type="other" objects="22936" bytes="962592" bytesdiscarded="0" />
  <memory-cardclean objects="5506" bytes="273736" />
  <regions eden="76" other="4" />
  <remembered-set-cleared processed="47656" cleared="1119" durationms="0.600" />
  <stringconstants candidates="4597" cleared="0"  />
</gc-op>
<gc-op id="1457" type="classunload" timems="0.002" contextid="1453" timestamp="2019-06-17T07:20:14.269">
  <classunload-info classloadercandidates="8" classloadersunloaded="0" classesunloaded="0" anonymousclassesunloaded="0" quiescems="0.000" setupms="0.002" scanms="0.000" postms="0.000" />
</gc-op>
<heap-resize id="1458" type="expand" space="default" amount="3145728" count="1" timems="0.080" reason="excessive time being spent in gc" timestamp="2019-06-17T07:20:14.270" />
<gc-end id="1459" type="partial gc" contextid="1453" durationms="5.799" usertimems="8.000" systemtimems="0.000" timestamp="2019-06-17T07:20:14.270" activeThreads="1">
  <mem-info id="1460" free="178257920" total="296747008" percent="60">
    <mem type="eden" free="612304" total="1048576" percent="58" />
    <arraylet-primitive objects="2" leaves="2" largest="1" />
    <remembered-set count="54560" freebytes="11627008" totalbytes="11845248" percent="98" regionsoverflowed="0" regionsstable="2" regionsrebuilding="0"/>
  </mem-info>
</gc-end>
<cycle-end id="1461" type="partial gc" contextid="1453" timestamp="2019-06-17T07:20:14.270" />
  <attribute name="elasticGC enabled" value="1" />
  <attribute name= "numThreadsSpecified" value="1" />
  <attribute name="heapSize specified" value="0" />
  <attribute name="Current GC Util" value="62" />
  <attribute name= "Current Time Running" value="4314" />
  <attribute name ="GC Interval" value="0" />
  <attribute name="ProportionalT" value="63.000000" />
  <attribute name="ProportionalI" value="63.000000" />
  <attribute name="ProportionalH" value="63.000000" />
  <attribute name="Current Error" value="42.000000" />
  <attribute name="IntegralT" value="0.000000" />
  <attribute name="IntegralI" value="0.000000" />
  <attribute name="IntegralH" value="0.000000" />
  <attribute name="DerivativeT" value="inf" />
  <attribute name="DerivativeI" value="inf" />
  <attribute name="DerivativeH" value="inf" />
  <attribute name="Loop Time for DT" value="0.000000" />
  <attribute name="Output H" value="8388608"/>
  <attribute name="Output I" value="200"/>
  <attribute name="Output T" value="1"/>
  <attribute name="Target GC Util Change" value ="20.000000" />
  <attribute name="Current GC Util Change" value="62.000000"/>
  <attribute name="GC Util currently" value="62" />
  <attribute name="CPU Util currently" value="17387825428304" />
<exclusive-end id="1462" timestamp="2019-06-17T07:20:14.270" durationms="7.041" />

<exclusive-start id="1463" timestamp="2019-06-17T07:20:14.307" intervalms="43.470">
  <response-info timems="0.034" idlems="0.034" threads="0" lastid="0000000001AAB900" lastname="Thread-7" />
</exclusive-start>
<allocation-taxation id="1464" taxation-threshold="79691776" timestamp="2019-06-17T07:20:14.307" intervalms="43.479" />
<cycle-start id="1465" type="partial gc" contextid="0" timestamp="2019-06-17T07:20:14.307" intervalms="43.445" />
<gc-start id="1466" type="partial gc" contextid="1465" timestamp="2019-06-17T07:20:14.307">
  <mem-info id="1467" free="98566144" total="296747008" percent="33">
    <mem type="eden" free="0" total="79691776" percent="0" />
    <arraylet-primitive objects="2" leaves="2" largest="1" />
    <remembered-set count="54336" freebytes="11627904" totalbytes="11845248" percent="98" regionsoverflowed="0" regionsstable="2" regionsrebuilding="0"/>
  </mem-info>
</gc-start>
<allocation-stats totalBytes="79680888" >
  <allocated-bytes non-tlh="0" tlh="79680888" arrayletleaf="0"/>
  <largest-consumer threadName="Thread-7" threadId="0000000001AAB900" bytes="22201336" />
</allocation-stats>
<gc-op id="1468" type="copy forward" timems="3.947" contextid="1465" timestamp="2019-06-17T07:20:14.312">
  <memory-copied type="eden" objects="22084" bytes="943712" bytesdiscarded="0" />
  <memory-copied type="other" objects="10235" bytes="383016" bytesdiscarded="0" />
  <memory-cardclean objects="3739" bytes="184864" />
  <regions eden="76" other="5" />
  <remembered-set-cleared processed="48069" cleared="2002" durationms="0.604" />
  <stringconstants candidates="4597" cleared="0"  />
</gc-op>
<gc-op id="1469" type="classunload" timems="0.003" contextid="1465" timestamp="2019-06-17T07:20:14.312">
  <classunload-info classloadercandidates="8" classloadersunloaded="0" classesunloaded="0" anonymousclassesunloaded="0" quiescems="0.000" setupms="0.002" scanms="0.000" postms="0.000" />
</gc-op>
<gc-end id="1470" type="partial gc" contextid="1465" durationms="5.214" usertimems="4.000" systemtimems="0.000" timestamp="2019-06-17T07:20:14.313" activeThreads="1">
  <mem-info id="1471" free="178257920" total="296747008" percent="60">
    <mem type="eden" free="104864" total="1048576" percent="10" />
    <arraylet-primitive objects="2" leaves="2" largest="1" />
    <remembered-set count="52960" freebytes="11633408" totalbytes="11845248" percent="98" regionsoverflowed="0" regionsstable="2" regionsrebuilding="0"/>
  </mem-info>
</gc-end>
<cycle-end id="1472" type="partial gc" contextid="1465" timestamp="2019-06-17T07:20:14.313" />
  <attribute name="elasticGC enabled" value="1" />
  <attribute name= "numThreadsSpecified" value="1" />
  <attribute name="heapSize specified" value="0" />
  <attribute name="Current GC Util" value="71" />
  <attribute name= "Current Time Running" value="4358" />
  <attribute name ="GC Interval" value="0" />
  <attribute name="ProportionalT" value="76.500000" />
  <attribute name="ProportionalI" value="76.500000" />
  <attribute name="ProportionalH" value="76.500000" />
  <attribute name="Current Error" value="51.000000" />
  <attribute name="IntegralT" value="0.000000" />
  <attribute name="IntegralI" value="0.000000" />
  <attribute name="IntegralH" value="0.000000" />
  <attribute name="DerivativeT" value="inf" />
  <attribute name="DerivativeI" value="inf" />
  <attribute name="DerivativeH" value="inf" />
  <attribute name="Loop Time for DT" value="0.000000" />
  <attribute name="Output H" value="8388608"/>
  <attribute name="Output I" value="200"/>
  <attribute name="Output T" value="1"/>
  <attribute name="Target GC Util Change" value ="20.000000" />
  <attribute name="Current GC Util Change" value="71.000000"/>
  <attribute name="GC Util currently" value="71" />
  <attribute name="CPU Util currently" value="17504245406644" />
<exclusive-end id="1473" timestamp="2019-06-17T07:20:14.313" durationms="6.250" />

<exclusive-start id="1474" timestamp="2019-06-17T07:20:14.351" intervalms="44.264">
  <response-info timems="0.032" idlems="0.032" threads="0" lastid="0000000001AB3100" lastname="Thread-8" />
</exclusive-start>
<allocation-taxation id="1475" taxation-threshold="79691776" timestamp="2019-06-17T07:20:14.351" intervalms="44.267" />
<cycle-start id="1476" type="partial gc" contextid="0" timestamp="2019-06-17T07:20:14.352" intervalms="44.277" />
<gc-start id="1477" type="partial gc" contextid="1476" timestamp="2019-06-17T07:20:14.352">
  <mem-info id="1478" free="98566144" total="296747008" percent="33">
    <mem type="eden" free="0" total="79691776" percent="0" />
    <arraylet-primitive objects="2" leaves="2" largest="1" />
    <remembered-set count="52864" freebytes="11633792" totalbytes="11845248" percent="98" regionsoverflowed="0" regionsstable="2" regionsrebuilding="0"/>
  </mem-info>
</gc-start>
<allocation-stats totalBytes="79681136" >
  <allocated-bytes non-tlh="0" tlh="79681136" arrayletleaf="0"/>
  <largest-consumer threadName="Thread-9" threadId="0000000001AA7D00" bytes="21169312" />
</allocation-stats>
<gc-op id="1479" type="copy forward" timems="3.727" contextid="1476" timestamp="2019-06-17T07:20:14.356">
  <memory-copied type="eden" objects="20306" bytes="900760" bytesdiscarded="0" />
  <memory-copied type="other" objects="8223" bytes="334728" bytesdiscarded="0" />
  <memory-cardclean objects="2853" bytes="142336" />
  <regions eden="76" other="4" />
  <remembered-set-cleared processed="47159" cleared="863" durationms="0.622" />
  <stringconstants candidates="4597" cleared="0"  />
</gc-op>
<gc-op id="1480" type="classunload" timems="0.002" contextid="1476" timestamp="2019-06-17T07:20:14.357">
  <classunload-info classloadercandidates="8" classloadersunloaded="0" classesunloaded="0" anonymousclassesunloaded="0" quiescems="0.000" setupms="0.002" scanms="0.000" postms="0.000" />
</gc-op>
<gc-end id="1481" type="partial gc" contextid="1476" durationms="4.974" usertimems="8.000" systemtimems="0.000" timestamp="2019-06-17T07:20:14.357" activeThreads="1">
  <mem-info id="1482" free="178257920" total="296747008" percent="60">
    <mem type="eden" free="147816" total="1048576" percent="14" />
    <arraylet-primitive objects="2" leaves="2" largest="1" />
    <remembered-set count="52672" freebytes="11634560" totalbytes="11845248" percent="98" regionsoverflowed="0" regionsstable="2" regionsrebuilding="0"/>
  </mem-info>
</gc-end>
<cycle-end id="1483" type="partial gc" contextid="1476" timestamp="2019-06-17T07:20:14.357" />
  <attribute name="elasticGC enabled" value="1" />
  <attribute name= "numThreadsSpecified" value="1" />
  <attribute name="heapSize specified" value="0" />
  <attribute name="Current GC Util" value="69" />
  <attribute name= "Current Time Running" value="4402" />
  <attribute name ="GC Interval" value="0" />
  <attribute name="ProportionalT" value="73.500000" />
  <attribute name="ProportionalI" value="73.500000" />
  <attribute name="ProportionalH" value="73.500000" />
  <attribute name="Current Error" value="49.000000" />
  <attribute name="IntegralT" value="0.000000" />
  <attribute name="IntegralI" value="0.000000" />
  <attribute name="IntegralH" value="0.000000" />
  <attribute name="DerivativeT" value="inf" />
  <attribute name="DerivativeI" value="inf" />
  <attribute name="DerivativeH" value="inf" />
  <attribute name="Loop Time for DT" value="0.000000" />
  <attribute name="Output H" value="8388608"/>
  <attribute name="Output I" value="200"/>
  <attribute name="Output T" value="1"/>
  <attribute name="Target GC Util Change" value ="20.000000" />
  <attribute name="Current GC Util Change" value="69.000000"/>
  <attribute name="GC Util currently" value="69" />
  <attribute name="CPU Util currently" value="16436084862411" />
<exclusive-end id="1484" timestamp="2019-06-17T07:20:14.357" durationms="6.181" />

<exclusive-start id="1485" timestamp="2019-06-17T07:20:14.397" intervalms="45.410">
  <response-info timems="0.034" idlems="0.034" threads="0" lastid="0000000001AA7D00" lastname="Thread-9" />
</exclusive-start>
<allocation-taxation id="1486" taxation-threshold="79691776" timestamp="2019-06-17T07:20:14.397" intervalms="45.408" />
<cycle-start id="1487" type="partial gc" contextid="0" timestamp="2019-06-17T07:20:14.397" intervalms="45.370" />
<gc-start id="1488" type="partial gc" contextid="1487" timestamp="2019-06-17T07:20:14.397">
  <mem-info id="1489" free="98566144" total="296747008" percent="33">
    <mem type="eden" free="0" total="79691776" percent="0" />
    <arraylet-primitive objects="2" leaves="2" largest="1" />
    <remembered-set count="52640" freebytes="11634688" totalbytes="11845248" percent="98" regionsoverflowed="0" regionsstable="2" regionsrebuilding="0"/>
  </mem-info>
</gc-start>
<allocation-stats totalBytes="79681664" >
  <allocated-bytes non-tlh="0" tlh="79681664" arrayletleaf="0"/>
  <largest-consumer threadName="Thread-7" threadId="0000000001AAB900" bytes="22639784" />
</allocation-stats>
<gc-op id="1490" type="copy forward" timems="4.292" contextid="1487" timestamp="2019-06-17T07:20:14.402">
  <memory-copied type="eden" objects="16815" bytes="542544" bytesdiscarded="0" />
  <memory-copied type="other" objects="19241" bytes="873912" bytesdiscarded="0" />
  <memory-cardclean objects="3021" bytes="150400" />
  <regions eden="76" other="4" />
  <remembered-set-cleared processed="47018" cleared="3143" durationms="0.583" />
  <stringconstants candidates="4597" cleared="0"  />
</gc-op>
<gc-op id="1491" type="classunload" timems="0.002" contextid="1487" timestamp="2019-06-17T07:20:14.402">
  <classunload-info classloadercandidates="8" classloadersunloaded="0" classesunloaded="0" anonymousclassesunloaded="0" quiescems="0.000" setupms="0.002" scanms="0.000" postms="0.000" />
</gc-op>
<gc-end id="1492" type="partial gc" contextid="1487" durationms="5.412" usertimems="4.000" systemtimems="0.000" timestamp="2019-06-17T07:20:14.403" activeThreads="1">
  <mem-info id="1493" free="178257920" total="296747008" percent="60">
    <mem type="eden" free="506032" total="1048576" percent="48" />
    <arraylet-primitive objects="2" leaves="2" largest="1" />
    <remembered-set count="51168" freebytes="11640576" totalbytes="11845248" percent="98" regionsoverflowed="0" regionsstable="2" regionsrebuilding="0"/>
  </mem-info>
</gc-end>
<cycle-end id="1494" type="partial gc" contextid="1487" timestamp="2019-06-17T07:20:14.403" />
  <attribute name="elasticGC enabled" value="1" />
  <attribute name= "numThreadsSpecified" value="1" />
  <attribute name="heapSize specified" value="0" />
  <attribute name="Current GC Util" value="87" />
  <attribute name= "Current Time Running" value="4447" />
  <attribute name ="GC Interval" value="0" />
  <attribute name="ProportionalT" value="100.500000" />
  <attribute name="ProportionalI" value="100.500000" />
  <attribute name="ProportionalH" value="100.500000" />
  <attribute name="Current Error" value="67.000000" />
  <attribute name="IntegralT" value="0.000000" />
  <attribute name="IntegralI" value="0.000000" />
  <attribute name="IntegralH" value="0.000000" />
  <attribute name="DerivativeT" value="inf" />
  <attribute name="DerivativeI" value="inf" />
  <attribute name="DerivativeH" value="inf" />
  <attribute name="Loop Time for DT" value="0.000000" />
  <attribute name="Output H" value="8388608"/>
  <attribute name="Output I" value="200"/>
  <attribute name="Output T" value="1"/>
  <attribute name="Target GC Util Change" value ="20.000000" />
  <attribute name="Current GC Util Change" value="87.000000"/>
  <attribute name="GC Util currently" value="87" />
  <attribute name="CPU Util currently" value="20022950672214" />
<exclusive-end id="1495" timestamp="2019-06-17T07:20:14.403" durationms="6.406" />

<exclusive-start id="1496" timestamp="2019-06-17T07:20:14.437" intervalms="40.800">
  <response-info timems="0.031" idlems="0.031" threads="0" lastid="0000000001AAF500" lastname="Thread-10" />
</exclusive-start>
<allocation-taxation id="1497" taxation-threshold="79691776" timestamp="2019-06-17T07:20:14.438" intervalms="40.852" />
<cycle-start id="1498" type="partial gc" contextid="0" timestamp="2019-06-17T07:20:14.438" intervalms="40.868" />
<gc-start id="1499" type="partial gc" contextid="1498" timestamp="2019-06-17T07:20:14.438">
  <mem-info id="1500" free="98566144" total="296747008" percent="33">
    <mem type="eden" free="0" total="79691776" percent="0" />
    <arraylet-primitive objects="2" leaves="2" largest="1" />
    <remembered-set count="51040" freebytes="11641088" totalbytes="11845248" percent="98" regionsoverflowed="0" regionsstable="2" regionsrebuilding="0"/>
  </mem-info>
</gc-start>
<allocation-stats totalBytes="79681016" >
  <allocated-bytes non-tlh="0" tlh="79681016" arrayletleaf="0"/>
  <largest-consumer threadName="Thread-10" threadId="0000000001AAF500" bytes="20874368" />
</allocation-stats>
<gc-op id="1501" type="copy forward" timems="3.455" contextid="1498" timestamp="2019-06-17T07:20:14.442">
  <memory-copied type="eden" objects="17033" bytes="822208" bytesdiscarded="0" />
  <memory-copied type="other" objects="9139" bytes="356712" bytesdiscarded="0" />
  <memory-cardclean objects="2853" bytes="142336" />
  <regions eden="76" other="4" />
  <remembered-set-cleared processed="45009" cleared="1031" durationms="0.585" />
  <stringconstants candidates="4597" cleared="0"  />
</gc-op>
<gc-op id="1502" type="classunload" timems="0.002" contextid="1498" timestamp="2019-06-17T07:20:14.442">
  <classunload-info classloadercandidates="8" classloadersunloaded="0" classesunloaded="0" anonymousclassesunloaded="0" quiescems="0.000" setupms="0.002" scanms="0.000" postms="0.000" />
</gc-op>
<heap-resize id="1503" type="expand" space="default" amount="2097152" count="1" timems="0.069" reason="excessive time being spent in gc" timestamp="2019-06-17T07:20:14.443" />
<gc-end id="1504" type="partial gc" contextid="1498" durationms="4.812" usertimems="8.000" systemtimems="0.000" timestamp="2019-06-17T07:20:14.443" activeThreads="1">
  <mem-info id="1505" free="179306496" total="298844160" percent="60">
    <mem type="eden" free="226368" total="1048576" percent="21" />
    <arraylet-primitive objects="2" leaves="2" largest="1" />
    <remembered-set count="50464" freebytes="11727104" totalbytes="11928960" percent="98" regionsoverflowed="0" regionsstable="2" regionsrebuilding="0"/>
  </mem-info>
</gc-end>
<cycle-end id="1506" type="partial gc" contextid="1498" timestamp="2019-06-17T07:20:14.443" />
  <attribute name="elasticGC enabled" value="1" />
  <attribute name= "numThreadsSpecified" value="1" />
  <attribute name="heapSize specified" value="0" />
  <attribute name="Current GC Util" value="82" />
  <attribute name= "Current Time Running" value="4488" />
  <attribute name ="GC Interval" value="0" />
  <attribute name="ProportionalT" value="93.000000" />
  <attribute name="ProportionalI" value="93.000000" />
  <attribute name="ProportionalH" value="93.000000" />
  <attribute name="Current Error" value="62.000000" />
  <attribute name="IntegralT" value="0.000000" />
  <attribute name="IntegralI" value="0.000000" />
  <attribute name="IntegralH" value="0.000000" />
  <attribute name="DerivativeT" value="inf" />
  <attribute name="DerivativeI" value="inf" />
  <attribute name="DerivativeH" value="inf" />
  <attribute name="Loop Time for DT" value="0.000000" />
  <attribute name="Output H" value="8388608"/>
  <attribute name="Output I" value="200"/>
  <attribute name="Output T" value="1"/>
  <attribute name="Target GC Util Change" value ="20.000000" />
  <attribute name="Current GC Util Change" value="82.000000"/>
  <attribute name="GC Util currently" value="82" />
  <attribute name="CPU Util currently" value="17466985825808" />
<exclusive-end id="1507" timestamp="2019-06-17T07:20:14.443" durationms="5.938" />

<exclusive-start id="1508" timestamp="2019-06-17T07:20:14.478" intervalms="40.392">
  <response-info timems="0.041" idlems="0.041" threads="0" lastid="0000000001AA7D00" lastname="Thread-9" />
</exclusive-start>
<allocation-taxation id="1509" taxation-threshold="80740352" timestamp="2019-06-17T07:20:14.478" intervalms="40.325" />
<cycle-start id="1510" type="partial gc" contextid="0" timestamp="2019-06-17T07:20:14.478" intervalms="40.321" />
<gc-start id="1511" type="partial gc" contextid="1510" timestamp="2019-06-17T07:20:14.478">
  <mem-info id="1512" free="98566144" total="298844160" percent="32">
    <mem type="eden" free="0" total="80740352" percent="0" />
    <arraylet-primitive objects="2" leaves="2" largest="1" />
    <remembered-set count="50400" freebytes="11727360" totalbytes="11928960" percent="98" regionsoverflowed="0" regionsstable="2" regionsrebuilding="0"/>
  </mem-info>
</gc-start>
<allocation-stats totalBytes="80728912" >
  <allocated-bytes non-tlh="0" tlh="80728912" arrayletleaf="0"/>
  <largest-consumer threadName="Thread-7" threadId="0000000001AAB900" bytes="22913560" />
</allocation-stats>
<gc-op id="1513" type="copy forward" timems="3.762" contextid="1510" timestamp="2019-06-17T07:20:14.483">
  <memory-copied type="eden" objects="9755" bytes="372624" bytesdiscarded="0" />
  <memory-copied type="other" objects="19561" bytes="881592" bytesdiscarded="0" />
  <memory-cardclean objects="1579" bytes="81184" />
  <regions eden="77" other="4" />
  <remembered-set-cleared processed="44946" cleared="672" durationms="0.571" />
  <stringconstants candidates="4597" cleared="0"  />
</gc-op>
<gc-op id="1514" type="classunload" timems="0.002" contextid="1510" timestamp="2019-06-17T07:20:14.483">
  <classunload-info classloadercandidates="8" classloadersunloaded="0" classesunloaded="0" anonymousclassesunloaded="0" quiescems="0.000" setupms="0.002" scanms="0.000" postms="0.000" />
</gc-op>
<heap-resize id="1515" type="expand" space="default" amount="3145728" count="1" timems="0.072" reason="excessive time being spent in gc" timestamp="2019-06-17T07:20:14.483" />
<gc-end id="1516" type="partial gc" contextid="1510" durationms="5.002" usertimems="4.000" systemtimems="0.000" timestamp="2019-06-17T07:20:14.483" activeThreads="1">
  <mem-info id="1517" free="181403648" total="301989888" percent="60">
    <mem type="eden" free="675952" total="1048576" percent="64" />
    <arraylet-primitive objects="2" leaves="2" largest="1" />
    <remembered-set count="51776" freebytes="11847424" totalbytes="12054528" percent="98" regionsoverflowed="0" regionsstable="2" regionsrebuilding="0"/>
  </mem-info>
</gc-end>
<cycle-end id="1518" type="partial gc" contextid="1510" timestamp="2019-06-17T07:20:14.483" />
  <attribute name="elasticGC enabled" value="1" />
  <attribute name= "numThreadsSpecified" value="1" />
  <attribute name="heapSize specified" value="0" />
  <attribute name="Current GC Util" value="74" />
  <attribute name= "Current Time Running" value="4528" />
  <attribute name ="GC Interval" value="0" />
  <attribute name="ProportionalT" value="81.000000" />
  <attribute name="ProportionalI" value="81.000000" />
  <attribute name="ProportionalH" value="81.000000" />
  <attribute name="Current Error" value="54.000000" />
  <attribute name="IntegralT" value="0.000000" />
  <attribute name="IntegralI" value="0.000000" />
  <attribute name="IntegralH" value="0.000000" />
  <attribute name="DerivativeT" value="inf" />
  <attribute name="DerivativeI" value="inf" />
  <attribute name="DerivativeH" value="inf" />
  <attribute name="Loop Time for DT" value="0.000000" />
  <attribute name="Output H" value="8388608"/>
  <attribute name="Output I" value="200"/>
  <attribute name="Output T" value="1"/>
  <attribute name="Target GC Util Change" value ="20.000000" />
  <attribute name="Current GC Util Change" value="74.000000"/>
  <attribute name="GC Util currently" value="74" />
  <attribute name="CPU Util currently" value="19019065719916" />
<exclusive-end id="1519" timestamp="2019-06-17T07:20:14.484" durationms="5.972" />

<exclusive-start id="1520" timestamp="2019-06-17T07:20:14.516" intervalms="38.205">
  <response-info timems="0.030" idlems="0.030" threads="0" lastid="0000000001AA7D00" lastname="Thread-9" />
</exclusive-start>
<allocation-taxation id="1521" taxation-threshold="81788928" timestamp="2019-06-17T07:20:14.516" intervalms="38.181" />
<cycle-start id="1522" type="partial gc" contextid="0" timestamp="2019-06-17T07:20:14.516" intervalms="38.162" />
<gc-start id="1523" type="partial gc" contextid="1522" timestamp="2019-06-17T07:20:14.516">
  <mem-info id="1524" free="99614720" total="301989888" percent="32">
    <mem type="eden" free="0" total="81788928" percent="0" />
    <arraylet-primitive objects="2" leaves="2" largest="1" />
    <remembered-set count="51360" freebytes="11849088" totalbytes="12054528" percent="98" regionsoverflowed="0" regionsstable="2" regionsrebuilding="0"/>
  </mem-info>
</gc-start>
<allocation-stats totalBytes="81777264" >
  <allocated-bytes non-tlh="0" tlh="81777264" arrayletleaf="0"/>
  <largest-consumer threadName="Thread-7" threadId="0000000001AAB900" bytes="24834224" />
</allocation-stats>
<gc-op id="1525" type="copy forward" timems="2.023" contextid="1522" timestamp="2019-06-17T07:20:14.519">
  <memory-copied type="eden" objects="17583" bytes="835576" bytesdiscarded="52448" />
  <memory-copied type="other" objects="7032" bytes="306144" bytesdiscarded="22864" />
  <memory-cardclean objects="13" bytes="1960" />
  <regions eden="78" other="4" />
  <remembered-set-cleared processed="45426" cleared="762" durationms="0.235" />
  <stringconstants candidates="4597" cleared="0"  />
</gc-op>
<gc-op id="1526" type="classunload" timems="0.002" contextid="1522" timestamp="2019-06-17T07:20:14.519">
  <classunload-info classloadercandidates="8" classloadersunloaded="0" classesunloaded="0" anonymousclassesunloaded="0" quiescems="0.000" setupms="0.002" scanms="0.000" postms="0.000" />
</gc-op>
<heap-resize id="1527" type="expand" space="default" amount="2097152" count="1" timems="0.068" reason="excessive time being spent in gc" timestamp="2019-06-17T07:20:14.520" />
<gc-end id="1528" type="partial gc" contextid="1522" durationms="3.263" usertimems="4.000" systemtimems="4.000" timestamp="2019-06-17T07:20:14.520" activeThreads="4">
  <mem-info id="1529" free="182452224" total="304087040" percent="60">
    <mem type="eden" free="160552" total="1048576" percent="15" />
    <arraylet-primitive objects="2" leaves="2" largest="1" />
    <remembered-set count="51040" freebytes="11934080" totalbytes="12138240" percent="98" regionsoverflowed="0" regionsstable="2" regionsrebuilding="0"/>
  </mem-info>
</gc-end>
<cycle-end id="1530" type="partial gc" contextid="1522" timestamp="2019-06-17T07:20:14.520" />
  <attribute name="elasticGC enabled" value="1" />
  <attribute name= "numThreadsSpecified" value="4" />
  <attribute name="heapSize specified" value="0" />
  <attribute name="Current GC Util" value="88" />
  <attribute name= "Current Time Running" value="4567" />
  <attribute name ="GC Interval" value="0" />
  <attribute name="ProportionalT" value="102.000000" />
  <attribute name="ProportionalI" value="102.000000" />
  <attribute name="ProportionalH" value="102.000000" />
  <attribute name="Current Error" value="68.000000" />
  <attribute name="IntegralT" value="68.000000" />
  <attribute name="IntegralI" value="68.000000" />
  <attribute name="IntegralH" value="68.000000" />
  <attribute name="DerivativeT" value="102.000000" />
  <attribute name="DerivativeI" value="102.000000" />
  <attribute name="DerivativeH" value="102.000000" />
  <attribute name="Loop Time for DT" value="1.000000" />
  <attribute name="Output H" value="8388608"/>
  <attribute name="Output I" value="272"/>
  <attribute name="Output T" value="4"/>
  <attribute name="Target GC Util Change" value ="20.000000" />
  <attribute name="Current GC Util Change" value="88.000000"/>
  <attribute name="GC Util currently" value="88" />
  <attribute name="CPU Util currently" value="16582177614123" />
<exclusive-end id="1531" timestamp="2019-06-17T07:20:14.520" durationms="4.122" />

<exclusive-start id="1532" timestamp="2019-06-17T07:20:14.554" intervalms="37.841">
  <response-info timems="0.027" idlems="0.027" threads="0" lastid="0000000001AA7D00" lastname="Thread-9" />
</exclusive-start>
<allocation-taxation id="1533" taxation-threshold="81788928" timestamp="2019-06-17T07:20:14.554" intervalms="37.888" />
<cycle-start id="1534" type="partial gc" contextid="0" timestamp="2019-06-17T07:20:14.554" intervalms="37.901" />
<gc-start id="1535" type="partial gc" contextid="1534" timestamp="2019-06-17T07:20:14.554">
  <mem-info id="1536" free="100663296" total="304087040" percent="33">
    <mem type="eden" free="0" total="81788928" percent="0" />
    <arraylet-primitive objects="2" leaves="2" largest="1" />
    <remembered-set count="50624" freebytes="11935744" totalbytes="12138240" percent="98" regionsoverflowed="0" regionsstable="2" regionsrebuilding="0"/>
  </mem-info>
</gc-start>
<allocation-stats totalBytes="81777968" >
  <allocated-bytes non-tlh="0" tlh="81777968" arrayletleaf="0"/>
  <largest-consumer threadName="Thread-10" threadId="0000000001AAF500" bytes="24507416" />
</allocation-stats>
<gc-op id="1537" type="copy forward" timems="3.533" contextid="1534" timestamp="2019-06-17T07:20:14.559">
  <memory-copied type="eden" objects="13436" bytes="461392" bytesdiscarded="0" />
  <memory-copied type="other" objects="12667" bytes="578760" bytesdiscarded="0" />
  <memory-cardclean objects="4064" bytes="215416" />
  <regions eden="78" other="3" />
  <remembered-set-cleared processed="45321" cleared="544" durationms="0.579" />
  <stringconstants candidates="4597" cleared="0"  />
</gc-op>
<gc-op id="1538" type="classunload" timems="0.002" contextid="1534" timestamp="2019-06-17T07:20:14.559">
  <classunload-info classloadercandidates="8" classloadersunloaded="0" classesunloaded="0" anonymousclassesunloaded="0" quiescems="0.000" setupms="0.002" scanms="0.000" postms="0.000" />
</gc-op>
<heap-resize id="1539" type="expand" space="default" amount="3145728" count="1" timems="0.075" reason="excessive time being spent in gc" timestamp="2019-06-17T07:20:14.559" />
<gc-end id="1540" type="partial gc" contextid="1534" durationms="4.769" usertimems="4.000" systemtimems="0.000" timestamp="2019-06-17T07:20:14.559" activeThreads="1">
  <mem-info id="1541" free="184549376" total="307232768" percent="60">
    <mem type="eden" free="587184" total="1048576" percent="55" />
    <arraylet-primitive objects="2" leaves="2" largest="1" />
    <remembered-set count="51648" freebytes="12057216" totalbytes="12263808" percent="98" regionsoverflowed="0" regionsstable="2" regionsrebuilding="0"/>
  </mem-info>
</gc-end>
<cycle-end id="1542" type="partial gc" contextid="1534" timestamp="2019-06-17T07:20:14.559" />
  <attribute name="elasticGC enabled" value="1" />
  <attribute name= "numThreadsSpecified" value="1" />
  <attribute name="heapSize specified" value="0" />
  <attribute name="Current GC Util" value="60" />
  <attribute name= "Current Time Running" value="4604" />
  <attribute name ="GC Interval" value="0" />
  <attribute name="ProportionalT" value="60.000000" />
  <attribute name="ProportionalI" value="60.000000" />
  <attribute name="ProportionalH" value="60.000000" />
  <attribute name="Current Error" value="40.000000" />
  <attribute name="IntegralT" value="0.000000" />
  <attribute name="IntegralI" value="0.000000" />
  <attribute name="IntegralH" value="0.000000" />
  <attribute name="DerivativeT" value="inf" />
  <attribute name="DerivativeI" value="inf" />
  <attribute name="DerivativeH" value="inf" />
  <attribute name="Loop Time for DT" value="0.000000" />
  <attribute name="Output H" value="8388608"/>
  <attribute name="Output I" value="200"/>
  <attribute name="Output T" value="1"/>
  <attribute name="Target GC Util Change" value ="20.000000" />
  <attribute name="Current GC Util Change" value="60.000000"/>
  <attribute name="GC Util currently" value="60" />
  <attribute name="CPU Util currently" value="18632397198844" />
<exclusive-end id="1543" timestamp="2019-06-17T07:20:14.560" durationms="5.789" />

<exclusive-start id="1544" timestamp="2019-06-17T07:20:14.593" intervalms="39.321">
  <response-info timems="0.062" idlems="0.062" threads="0" lastid="0000000001AB3100" lastname="Thread-8" />
</exclusive-start>
<allocation-taxation id="1545" taxation-threshold="82837504" timestamp="2019-06-17T07:20:14.593" intervalms="39.301" />
<cycle-start id="1546" type="partial gc" contextid="0" timestamp="2019-06-17T07:20:14.593" intervalms="39.296" />
<gc-start id="1547" type="partial gc" contextid="1546" timestamp="2019-06-17T07:20:14.594">
  <mem-info id="1548" free="101711872" total="307232768" percent="33">
    <mem type="eden" free="0" total="82837504" percent="0" />
    <arraylet-primitive objects="2" leaves="2" largest="1" />
    <remembered-set count="51552" freebytes="12057600" totalbytes="12263808" percent="98" regionsoverflowed="0" regionsstable="2" regionsrebuilding="0"/>
  </mem-info>
</gc-start>
<allocation-stats totalBytes="82826776" >
  <allocated-bytes non-tlh="0" tlh="82826776" arrayletleaf="0"/>
  <largest-consumer threadName="Thread-10" threadId="0000000001AAF500" bytes="23713000" />
</allocation-stats>
<gc-op id="1549" type="copy forward" timems="4.186" contextid="1546" timestamp="2019-06-17T07:20:14.599">
  <memory-copied type="eden" objects="17458" bytes="695240" bytesdiscarded="0" />
  <memory-copied type="other" objects="17159" bytes="686568" bytesdiscarded="0" />
  <memory-cardclean objects="4402" bytes="216448" />
  <regions eden="79" other="4" />
  <remembered-set-cleared processed="45640" cleared="913" durationms="0.600" />
  <stringconstants candidates="4597" cleared="0"  />
</gc-op>
<gc-op id="1550" type="classunload" timems="0.002" contextid="1546" timestamp="2019-06-17T07:20:14.599">
  <classunload-info classloadercandidates="8" classloadersunloaded="0" classesunloaded="0" anonymousclassesunloaded="0" quiescems="0.000" setupms="0.002" scanms="0.000" postms="0.000" />
</gc-op>
<heap-resize id="1551" type="expand" space="default" amount="2097152" count="1" timems="0.066" reason="excessive time being spent in gc" timestamp="2019-06-17T07:20:14.599" />
<gc-end id="1552" type="partial gc" contextid="1546" durationms="5.562" usertimems="4.000" systemtimems="0.000" timestamp="2019-06-17T07:20:14.599" activeThreads="1">
  <mem-info id="1553" free="185597952" total="309329920" percent="60">
    <mem type="eden" free="353336" total="1048576" percent="33" />
    <arraylet-primitive objects="2" leaves="2" largest="1" />
    <remembered-set count="52640" freebytes="12136960" totalbytes="12347520" percent="98" regionsoverflowed="0" regionsstable="2" regionsrebuilding="0"/>
  </mem-info>
</gc-end>
<cycle-end id="1554" type="partial gc" contextid="1546" timestamp="2019-06-17T07:20:14.599" />
  <attribute name="elasticGC enabled" value="1" />
  <attribute name= "numThreadsSpecified" value="1" />
  <attribute name="heapSize specified" value="0" />
  <attribute name="Current GC Util" value="94" />
  <attribute name= "Current Time Running" value="4644" />
  <attribute name ="GC Interval" value="0" />
  <attribute name="ProportionalT" value="111.000000" />
  <attribute name="ProportionalI" value="111.000000" />
  <attribute name="ProportionalH" value="111.000000" />
  <attribute name="Current Error" value="74.000000" />
  <attribute name="IntegralT" value="0.000000" />
  <attribute name="IntegralI" value="0.000000" />
  <attribute name="IntegralH" value="0.000000" />
  <attribute name="DerivativeT" value="inf" />
  <attribute name="DerivativeI" value="inf" />
  <attribute name="DerivativeH" value="inf" />
  <attribute name="Loop Time for DT" value="0.000000" />
  <attribute name="Output H" value="8388608"/>
  <attribute name="Output I" value="200"/>
  <attribute name="Output T" value="1"/>
  <attribute name="Target GC Util Change" value ="20.000000" />
  <attribute name="Current GC Util Change" value="94.000000"/>
  <attribute name="GC Util currently" value="94" />
  <attribute name="CPU Util currently" value="18447850863723" />
<exclusive-end id="1555" timestamp="2019-06-17T07:20:14.600" durationms="6.621" />

<exclusive-start id="1556" timestamp="2019-06-17T07:20:14.630" intervalms="37.224">
  <response-info timems="0.026" idlems="0.026" threads="0" lastid="0000000001AB3100" lastname="Thread-8" />
</exclusive-start>
<allocation-taxation id="1557" taxation-threshold="82837504" timestamp="2019-06-17T07:20:14.630" intervalms="37.233" />
<cycle-start id="1558" type="partial gc" contextid="0" timestamp="2019-06-17T07:20:14.631" intervalms="37.197" />
<gc-start id="1559" type="partial gc" contextid="1558" timestamp="2019-06-17T07:20:14.631">
  <mem-info id="1560" free="102760448" total="309329920" percent="33">
    <mem type="eden" free="0" total="82837504" percent="0" />
    <arraylet-primitive objects="2" leaves="2" largest="1" />
    <remembered-set count="52288" freebytes="12138368" totalbytes="12347520" percent="98" regionsoverflowed="0" regionsstable="2" regionsrebuilding="0"/>
  </mem-info>
</gc-start>
<allocation-stats totalBytes="82827072" >
  <allocated-bytes non-tlh="0" tlh="82827072" arrayletleaf="0"/>
  <largest-consumer threadName="Thread-8" threadId="0000000001AB3100" bytes="26703072" />
</allocation-stats>
<gc-op id="1561" type="copy forward" timems="3.562" contextid="1558" timestamp="2019-06-17T07:20:14.635">
  <memory-copied type="eden" objects="10252" bytes="384816" bytesdiscarded="0" />
  <memory-copied type="other" objects="17037" bytes="687720" bytesdiscarded="0" />
  <memory-cardclean objects="3566" bytes="176560" />
  <regions eden="79" other="4" />
  <remembered-set-cleared processed="45968" cleared="1045" durationms="0.576" />
  <stringconstants candidates="4597" cleared="0"  />
</gc-op>
<gc-op id="1562" type="classunload" timems="0.002" contextid="1558" timestamp="2019-06-17T07:20:14.635">
  <classunload-info classloadercandidates="8" classloadersunloaded="0" classesunloaded="0" anonymousclassesunloaded="0" quiescems="0.000" setupms="0.002" scanms="0.000" postms="0.000" />
</gc-op>
<heap-resize id="1563" type="expand" space="default" amount="3145728" count="1" timems="0.074" reason="excessive time being spent in gc" timestamp="2019-06-17T07:20:14.636" />
<gc-end id="1564" type="partial gc" contextid="1558" durationms="5.039" usertimems="4.000" systemtimems="0.000" timestamp="2019-06-17T07:20:14.636" activeThreads="1">
  <mem-info id="1565" free="187695104" total="312475648" percent="60">
    <mem type="eden" free="663760" total="1048576" percent="63" />
    <arraylet-primitive objects="2" leaves="2" largest="1" />
    <remembered-set count="52352" freebytes="12263680" totalbytes="12473088" percent="98" regionsoverflowed="0" regionsstable="2" regionsrebuilding="0"/>
  </mem-info>
</gc-end>
<cycle-end id="1566" type="partial gc" contextid="1558" timestamp="2019-06-17T07:20:14.636" />
  <attribute name="elasticGC enabled" value="1" />
  <attribute name= "numThreadsSpecified" value="1" />
  <attribute name="heapSize specified" value="0" />
  <attribute name="Current GC Util" value="78" />
  <attribute name= "Current Time Running" value="4681" />
  <attribute name ="GC Interval" value="0" />
  <attribute name="ProportionalT" value="87.000000" />
  <attribute name="ProportionalI" value="87.000000" />
  <attribute name="ProportionalH" value="87.000000" />
  <attribute name="Current Error" value="58.000000" />
  <attribute name="IntegralT" value="0.000000" />
  <attribute name="IntegralI" value="0.000000" />
  <attribute name="IntegralH" value="0.000000" />
  <attribute name="DerivativeT" value="inf" />
  <attribute name="DerivativeI" value="inf" />
  <attribute name="DerivativeH" value="inf" />
  <attribute name="Loop Time for DT" value="0.000000" />
  <attribute name="Output H" value="8388608"/>
  <attribute name="Output I" value="200"/>
  <attribute name="Output T" value="1"/>
  <attribute name="Target GC Util Change" value ="20.000000" />
  <attribute name="Current GC Util Change" value="78.000000"/>
  <attribute name="GC Util currently" value="78" />
  <attribute name="CPU Util currently" value="17359288710158" />
<exclusive-end id="1567" timestamp="2019-06-17T07:20:14.636" durationms="6.073" />

<exclusive-start id="1568" timestamp="2019-06-17T07:20:14.672" intervalms="41.670">
  <response-info timems="0.032" idlems="0.032" threads="0" lastid="0000000001AAF500" lastname="Thread-10" />
</exclusive-start>
<allocation-taxation id="1569" taxation-threshold="83886080" timestamp="2019-06-17T07:20:14.672" intervalms="41.708" />
<cycle-start id="1570" type="partial gc" contextid="0" timestamp="2019-06-17T07:20:14.672" intervalms="41.785" />
<gc-start id="1571" type="partial gc" contextid="1570" timestamp="2019-06-17T07:20:14.673">
  <mem-info id="1572" free="103809024" total="312475648" percent="33">
    <mem type="eden" free="0" total="83886080" percent="0" />
    <arraylet-primitive objects="2" leaves="2" largest="1" />
    <remembered-set count="52224" freebytes="12264192" totalbytes="12473088" percent="98" regionsoverflowed="0" regionsstable="2" regionsrebuilding="0"/>
  </mem-info>
</gc-start>
<allocation-stats totalBytes="83875280" >
  <allocated-bytes non-tlh="0" tlh="83875280" arrayletleaf="0"/>
  <largest-consumer threadName="Thread-10" threadId="0000000001AAF500" bytes="24139152" />
</allocation-stats>
<gc-op id="1573" type="copy forward" timems="4.090" contextid="1570" timestamp="2019-06-17T07:20:14.678">
  <memory-copied type="eden" objects="14385" bytes="621192" bytesdiscarded="0" />
  <memory-copied type="other" objects="18319" bytes="714408" bytesdiscarded="0" />
  <memory-cardclean objects="4718" bytes="231856" />
  <regions eden="80" other="5" />
  <remembered-set-cleared processed="45848" cleared="3408" durationms="0.610" />
  <stringconstants candidates="4597" cleared="0"  />
</gc-op>
<gc-op id="1574" type="classunload" timems="0.002" contextid="1570" timestamp="2019-06-17T07:20:14.678">
  <classunload-info classloadercandidates="8" classloadersunloaded="0" classesunloaded="0" anonymousclassesunloaded="0" quiescems="0.000" setupms="0.002" scanms="0.000" postms="0.000" />
</gc-op>
<heap-resize id="1575" type="expand" space="default" amount="2097152" count="1" timems="0.068" reason="excessive time being spent in gc" timestamp="2019-06-17T07:20:14.678" />
<gc-end id="1576" type="partial gc" contextid="1570" durationms="5.587" usertimems="4.000" systemtimems="0.000" timestamp="2019-06-17T07:20:14.678" activeThreads="1">
  <mem-info id="1577" free="188743680" total="314572800" percent="60">
    <mem type="eden" free="427384" total="1048576" percent="40" />
    <arraylet-primitive objects="2" leaves="2" largest="1" />
    <remembered-set count="50304" freebytes="12355584" totalbytes="12556800" percent="98" regionsoverflowed="0" regionsstable="2" regionsrebuilding="0"/>
  </mem-info>
</gc-end>
<cycle-end id="1578" type="partial gc" contextid="1570" timestamp="2019-06-17T07:20:14.678" />
  <attribute name="elasticGC enabled" value="1" />
  <attribute name= "numThreadsSpecified" value="1" />
  <attribute name="heapSize specified" value="0" />
  <attribute name="Current GC Util" value="76" />
  <attribute name= "Current Time Running" value="4723" />
  <attribute name ="GC Interval" value="0" />
  <attribute name="ProportionalT" value="84.000000" />
  <attribute name="ProportionalI" value="84.000000" />
  <attribute name="ProportionalH" value="84.000000" />
  <attribute name="Current Error" value="56.000000" />
  <attribute name="IntegralT" value="0.000000" />
  <attribute name="IntegralI" value="0.000000" />
  <attribute name="IntegralH" value="0.000000" />
  <attribute name="DerivativeT" value="inf" />
  <attribute name="DerivativeI" value="inf" />
  <attribute name="DerivativeH" value="inf" />
  <attribute name="Loop Time for DT" value="0.000000" />
  <attribute name="Output H" value="8388608"/>
  <attribute name="Output I" value="200"/>
  <attribute name="Output T" value="1"/>
  <attribute name="Target GC Util Change" value ="20.000000" />
  <attribute name="Current GC Util Change" value="76.000000"/>
  <attribute name="GC Util currently" value="76" />
  <attribute name="CPU Util currently" value="16338606299070" />
<exclusive-end id="1579" timestamp="2019-06-17T07:20:14.679" durationms="6.676" />

<exclusive-start id="1580" timestamp="2019-06-17T07:20:14.713" intervalms="41.510">
  <response-info timems="0.054" idlems="0.054" threads="0" lastid="0000000001AA7D00" lastname="Thread-9" />
</exclusive-start>
<allocation-taxation id="1581" taxation-threshold="84934656" timestamp="2019-06-17T07:20:14.714" intervalms="41.463" />
<cycle-start id="1582" type="partial gc" contextid="0" timestamp="2019-06-17T07:20:14.714" intervalms="41.376" />
<gc-start id="1583" type="partial gc" contextid="1582" timestamp="2019-06-17T07:20:14.714">
  <mem-info id="1584" free="103809024" total="314572800" percent="33">
    <mem type="eden" free="0" total="84934656" percent="0" />
    <arraylet-primitive objects="2" leaves="2" largest="1" />
    <remembered-set count="49920" freebytes="12357120" totalbytes="12556800" percent="98" regionsoverflowed="0" regionsstable="2" regionsrebuilding="0"/>
  </mem-info>
</gc-start>
<allocation-stats totalBytes="84923416" >
  <allocated-bytes non-tlh="0" tlh="84923416" arrayletleaf="0"/>
  <largest-consumer threadName="Thread-9" threadId="0000000001AA7D00" bytes="23024760" />
</allocation-stats>
<gc-op id="1585" type="copy forward" timems="3.973" contextid="1582" timestamp="2019-06-17T07:20:14.719">
  <memory-copied type="eden" objects="17261" bytes="690288" bytesdiscarded="0" />
  <memory-copied type="other" objects="14318" bytes="618384" bytesdiscarded="0" />
  <memory-cardclean objects="2460" bytes="123472" />
  <regions eden="81" other="4" />
  <remembered-set-cleared processed="43962" cleared="915" durationms="0.649" />
  <stringconstants candidates="4597" cleared="0"  />
</gc-op>
<gc-op id="1586" type="classunload" timems="0.003" contextid="1582" timestamp="2019-06-17T07:20:14.719">
  <classunload-info classloadercandidates="8" classloadersunloaded="0" classesunloaded="0" anonymousclassesunloaded="0" quiescems="0.000" setupms="0.003" scanms="0.000" postms="0.000" />
</gc-op>
<gc-end id="1587" type="partial gc" contextid="1582" durationms="4.991" usertimems="4.000" systemtimems="0.000" timestamp="2019-06-17T07:20:14.719" activeThreads="1">
  <mem-info id="1588" free="188743680" total="314572800" percent="60">
    <mem type="eden" free="358288" total="1048576" percent="34" />
    <arraylet-primitive objects="2" leaves="2" largest="1" />
    <remembered-set count="49984" freebytes="12356864" totalbytes="12556800" percent="98" regionsoverflowed="0" regionsstable="2" regionsrebuilding="0"/>
  </mem-info>
</gc-end>
<cycle-end id="1589" type="partial gc" contextid="1582" timestamp="2019-06-17T07:20:14.719" />
  <attribute name="elasticGC enabled" value="1" />
  <attribute name= "numThreadsSpecified" value="1" />
  <attribute name="heapSize specified" value="0" />
  <attribute name="Current GC Util" value="82" />
  <attribute name= "Current Time Running" value="4764" />
  <attribute name ="GC Interval" value="0" />
  <attribute name="ProportionalT" value="93.000000" />
  <attribute name="ProportionalI" value="93.000000" />
  <attribute name="ProportionalH" value="93.000000" />
  <attribute name="Current Error" value="62.000000" />
  <attribute name="IntegralT" value="0.000000" />
  <attribute name="IntegralI" value="0.000000" />
  <attribute name="IntegralH" value="0.000000" />
  <attribute name="DerivativeT" value="inf" />
  <attribute name="DerivativeI" value="inf" />
  <attribute name="DerivativeH" value="inf" />
  <attribute name="Loop Time for DT" value="0.000000" />
  <attribute name="Output H" value="8388608"/>
  <attribute name="Output I" value="200"/>
  <attribute name="Output T" value="1"/>
  <attribute name="Target GC Util Change" value ="20.000000" />
  <attribute name="Current GC Util Change" value="82.000000"/>
  <attribute name="GC Util currently" value="82" />
  <attribute name="CPU Util currently" value="19361131510035" />
<exclusive-end id="1590" timestamp="2019-06-17T07:20:14.719" durationms="5.879" />

<exclusive-start id="1591" timestamp="2019-06-17T07:20:14.756" intervalms="42.409">
  <response-info timems="0.034" idlems="0.034" threads="0" lastid="0000000001AA7D00" lastname="Thread-9" />
</exclusive-start>
<allocation-taxation id="1592" taxation-threshold="84934656" timestamp="2019-06-17T07:20:14.756" intervalms="42.430" />
<cycle-start id="1593" type="partial gc" contextid="0" timestamp="2019-06-17T07:20:14.756" intervalms="42.468" />
<gc-start id="1594" type="partial gc" contextid="1593" timestamp="2019-06-17T07:20:14.756">
  <mem-info id="1595" free="103809024" total="314572800" percent="33">
    <mem type="eden" free="0" total="84934656" percent="0" />
    <arraylet-primitive objects="2" leaves="2" largest="1" />
    <remembered-set count="49920" freebytes="12357120" totalbytes="12556800" percent="98" regionsoverflowed="0" regionsstable="2" regionsrebuilding="0"/>
  </mem-info>
</gc-start>
<allocation-stats totalBytes="84922608" >
  <allocated-bytes non-tlh="0" tlh="84922608" arrayletleaf="0"/>
  <largest-consumer threadName="Thread-8" threadId="0000000001AB3100" bytes="23294704" />
</allocation-stats>
<gc-op id="1596" type="copy forward" timems="2.031" contextid="1593" timestamp="2019-06-17T07:20:14.759">
  <memory-copied type="eden" objects="14818" bytes="632824" bytesdiscarded="86912" />
  <memory-copied type="other" objects="13339" bytes="594888" bytesdiscarded="55888" />
  <memory-cardclean objects="2460" bytes="123472" />
  <regions eden="81" other="4" />
  <remembered-set-cleared processed="43966" cleared="919" durationms="0.219" />
  <stringconstants candidates="4597" cleared="0"  />
</gc-op>
<gc-op id="1597" type="classunload" timems="0.002" contextid="1593" timestamp="2019-06-17T07:20:14.759">
  <classunload-info classloadercandidates="8" classloadersunloaded="0" classesunloaded="0" anonymousclassesunloaded="0" quiescems="0.000" setupms="0.002" scanms="0.000" postms="0.000" />
</gc-op>
<gc-end id="1598" type="partial gc" contextid="1593" durationms="2.983" usertimems="0.000" systemtimems="4.000" timestamp="2019-06-17T07:20:14.759" activeThreads="4">
  <mem-info id="1599" free="188743680" total="314572800" percent="60">
    <mem type="eden" free="328840" total="1048576" percent="31" />
    <arraylet-primitive objects="2" leaves="2" largest="1" />
    <remembered-set count="49536" freebytes="12358656" totalbytes="12556800" percent="98" regionsoverflowed="0" regionsstable="2" regionsrebuilding="0"/>
  </mem-info>
</gc-end>
<cycle-end id="1600" type="partial gc" contextid="1593" timestamp="2019-06-17T07:20:14.760" />
  <attribute name="elasticGC enabled" value="1" />
  <attribute name= "numThreadsSpecified" value="4" />
  <attribute name="heapSize specified" value="0" />
  <attribute name="Current GC Util" value="67" />
  <attribute name= "Current Time Running" value="4807" />
  <attribute name ="GC Interval" value="0" />
  <attribute name="ProportionalT" value="70.500000" />
  <attribute name="ProportionalI" value="70.500000" />
  <attribute name="ProportionalH" value="70.500000" />
  <attribute name="Current Error" value="47.000000" />
  <attribute name="IntegralT" value="47.000000" />
  <attribute name="IntegralI" value="47.000000" />
  <attribute name="IntegralH" value="47.000000" />
  <attribute name="DerivativeT" value="70.500000" />
  <attribute name="DerivativeI" value="70.500000" />
  <attribute name="DerivativeH" value="70.500000" />
  <attribute name="Loop Time for DT" value="1.000000" />
  <attribute name="Output H" value="8388608"/>
  <attribute name="Output I" value="200"/>
  <attribute name="Output T" value="4"/>
  <attribute name="Target GC Util Change" value ="20.000000" />
  <attribute name="Current GC Util Change" value="67.000000"/>
  <attribute name="GC Util currently" value="67" />
  <attribute name="CPU Util currently" value="18503587009863" />
<exclusive-end id="1601" timestamp="2019-06-17T07:20:14.760" durationms="3.859" />

<exclusive-start id="1602" timestamp="2019-06-17T07:20:14.789" intervalms="32.928">
  <response-info timems="0.038" idlems="0.038" threads="0" lastid="0000000001AAF500" lastname="Thread-10" />
</exclusive-start>
<allocation-taxation id="1603" taxation-threshold="84934656" timestamp="2019-06-17T07:20:14.789" intervalms="32.903" />
<cycle-start id="1604" type="partial gc" contextid="0" timestamp="2019-06-17T07:20:14.789" intervalms="32.931" />
<gc-start id="1605" type="partial gc" contextid="1604" timestamp="2019-06-17T07:20:14.789">
  <mem-info id="1606" free="103809024" total="314572800" percent="33">
    <mem type="eden" free="0" total="84934656" percent="0" />
    <arraylet-primitive objects="2" leaves="2" largest="1" />
    <remembered-set count="49312" freebytes="12359552" totalbytes="12556800" percent="98" regionsoverflowed="0" regionsstable="2" regionsrebuilding="0"/>
  </mem-info>
</gc-start>
<allocation-stats totalBytes="84923336" >
  <allocated-bytes non-tlh="0" tlh="84923336" arrayletleaf="0"/>
  <largest-consumer threadName="Thread-7" threadId="0000000001AAB900" bytes="25743592" />
</allocation-stats>
<gc-op id="1607" type="copy forward" timems="2.109" contextid="1604" timestamp="2019-06-17T07:20:14.792">
  <memory-copied type="eden" objects="12725" bytes="582544" bytesdiscarded="77888" />
  <memory-copied type="other" objects="15567" bytes="648360" bytesdiscarded="25920" />
  <memory-cardclean objects="2460" bytes="123472" />
  <regions eden="81" other="4" />
  <remembered-set-cleared processed="43970" cleared="923" durationms="0.217" />
  <stringconstants candidates="4597" cleared="0"  />
</gc-op>
<gc-op id="1608" type="classunload" timems="0.002" contextid="1604" timestamp="2019-06-17T07:20:14.792">
  <classunload-info classloadercandidates="8" classloadersunloaded="0" classesunloaded="0" anonymousclassesunloaded="0" quiescems="0.000" setupms="0.002" scanms="0.000" postms="0.000" />
</gc-op>
<heap-resize id="1609" type="expand" space="default" amount="3145728" count="1" timems="0.076" reason="excessive time being spent in gc" timestamp="2019-06-17T07:20:14.793" />
<gc-end id="1610" type="partial gc" contextid="1604" durationms="3.306" usertimems="8.000" systemtimems="0.000" timestamp="2019-06-17T07:20:14.793" activeThreads="4">
  <mem-info id="1611" free="190840832" total="317718528" percent="60">
    <mem type="eden" free="388144" total="1048576" percent="37" />
    <arraylet-primitive objects="2" leaves="2" largest="1" />
    <remembered-set count="50048" freebytes="12482176" totalbytes="12682368" percent="98" regionsoverflowed="0" regionsstable="2" regionsrebuilding="0"/>
  </mem-info>
</gc-end>
<cycle-end id="1612" type="partial gc" contextid="1604" timestamp="2019-06-17T07:20:14.793" />
  <attribute name="elasticGC enabled" value="1" />
  <attribute name= "numThreadsSpecified" value="4" />
  <attribute name="heapSize specified" value="0" />
  <attribute name="Current GC Util" value="76" />
  <attribute name= "Current Time Running" value="4840" />
  <attribute name ="GC Interval" value="0" />
  <attribute name="ProportionalT" value="84.000000" />
  <attribute name="ProportionalI" value="84.000000" />
  <attribute name="ProportionalH" value="84.000000" />
  <attribute name="Current Error" value="56.000000" />
  <attribute name="IntegralT" value="56.000000" />
  <attribute name="IntegralI" value="56.000000" />
  <attribute name="IntegralH" value="56.000000" />
  <attribute name="DerivativeT" value="84.000000" />
  <attribute name="DerivativeI" value="84.000000" />
  <attribute name="DerivativeH" value="84.000000" />
  <attribute name="Loop Time for DT" value="1.000000" />
  <attribute name="Output H" value="8388608"/>
  <attribute name="Output I" value="224"/>
  <attribute name="Output T" value="4"/>
  <attribute name="Target GC Util Change" value ="20.000000" />
  <attribute name="Current GC Util Change" value="76.000000"/>
  <attribute name="GC Util currently" value="76" />
  <attribute name="CPU Util currently" value="22253412780073" />
<exclusive-end id="1613" timestamp="2019-06-17T07:20:14.793" durationms="4.353" />

<exclusive-start id="1614" timestamp="2019-06-17T07:20:14.827" intervalms="38.597">
  <response-info timems="0.033" idlems="0.033" threads="0" lastid="0000000001AB3100" lastname="Thread-8" />
</exclusive-start>
<allocation-taxation id="1615" taxation-threshold="84934656" timestamp="2019-06-17T07:20:14.828" intervalms="38.597" />
<cycle-start id="1616" type="partial gc" contextid="0" timestamp="2019-06-17T07:20:14.828" intervalms="38.645" />
<gc-start id="1617" type="partial gc" contextid="1616" timestamp="2019-06-17T07:20:14.828">
  <mem-info id="1618" free="105906176" total="317718528" percent="33">
    <mem type="eden" free="0" total="84934656" percent="0" />
    <arraylet-primitive objects="2" leaves="2" largest="1" />
    <remembered-set count="49696" freebytes="12483584" totalbytes="12682368" percent="98" regionsoverflowed="0" regionsstable="2" regionsrebuilding="0"/>
  </mem-info>
</gc-start>
<allocation-stats totalBytes="84924024" >
  <allocated-bytes non-tlh="0" tlh="84924024" arrayletleaf="0"/>
  <largest-consumer threadName="Thread-10" threadId="0000000001AAF500" bytes="23385104" />
</allocation-stats>
<gc-op id="1619" type="copy forward" timems="4.283" contextid="1616" timestamp="2019-06-17T07:20:14.833">
  <memory-copied type="eden" objects="8647" bytes="209584" bytesdiscarded="0" />
  <memory-copied type="other" objects="26345" bytes="1181784" bytesdiscarded="0" />
  <memory-cardclean objects="957" bytes="51328" />
  <regions eden="81" other="4" />
  <remembered-set-cleared processed="44106" cleared="752" durationms="0.601" />
  <stringconstants candidates="4597" cleared="0"  />
</gc-op>
<gc-op id="1620" type="classunload" timems="0.002" contextid="1616" timestamp="2019-06-17T07:20:14.833">
  <classunload-info classloadercandidates="8" classloadersunloaded="0" classesunloaded="0" anonymousclassesunloaded="0" quiescems="0.000" setupms="0.002" scanms="0.000" postms="0.000" />
</gc-op>
<gc-end id="1621" type="partial gc" contextid="1616" durationms="5.605" usertimems="0.000" systemtimems="4.000" timestamp="2019-06-17T07:20:14.834" activeThreads="1">
  <mem-info id="1622" free="189792256" total="317718528" percent="59">
    <mem type="eden" free="838992" total="1048576" percent="80" />
    <arraylet-primitive objects="2" leaves="2" largest="1" />
    <remembered-set count="51616" freebytes="12475904" totalbytes="12682368" percent="98" regionsoverflowed="0" regionsstable="2" regionsrebuilding="0"/>
  </mem-info>
</gc-end>
<cycle-end id="1623" type="partial gc" contextid="1616" timestamp="2019-06-17T07:20:14.834" />
  <attribute name="elasticGC enabled" value="1" />
  <attribute name= "numThreadsSpecified" value="1" />
  <attribute name="heapSize specified" value="0" />
  <attribute name="Current GC Util" value="71" />
  <attribute name= "Current Time Running" value="4878" />
  <attribute name ="GC Interval" value="0" />
  <attribute name="ProportionalT" value="76.500000" />
  <attribute name="ProportionalI" value="76.500000" />
  <attribute name="ProportionalH" value="76.500000" />
  <attribute name="Current Error" value="51.000000" />
  <attribute name="IntegralT" value="0.000000" />
  <attribute name="IntegralI" value="0.000000" />
  <attribute name="IntegralH" value="0.000000" />
  <attribute name="DerivativeT" value="inf" />
  <attribute name="DerivativeI" value="inf" />
  <attribute name="DerivativeH" value="inf" />
  <attribute name="Loop Time for DT" value="0.000000" />
  <attribute name="Output H" value="8388608"/>
  <attribute name="Output I" value="200"/>
  <attribute name="Output T" value="1"/>
  <attribute name="Target GC Util Change" value ="20.000000" />
  <attribute name="Current GC Util Change" value="71.000000"/>
  <attribute name="GC Util currently" value="71" />
  <attribute name="CPU Util currently" value="15830038607442" />
<exclusive-end id="1624" timestamp="2019-06-17T07:20:14.834" durationms="6.752" />

<exclusive-start id="1625" timestamp="2019-06-17T07:20:14.861" intervalms="33.685">
  <response-info timems="0.034" idlems="0.034" threads="1" lastid="0000000001AB3100" lastname="Thread-8" />
</exclusive-start>
<allocation-taxation id="1626" taxation-threshold="84934656" timestamp="2019-06-17T07:20:14.861" intervalms="33.737" />
<cycle-start id="1627" type="partial gc" contextid="0" timestamp="2019-06-17T07:20:14.862" intervalms="33.733" />
<gc-start id="1628" type="partial gc" contextid="1627" timestamp="2019-06-17T07:20:14.862">
  <mem-info id="1629" free="104857600" total="317718528" percent="33">
    <mem type="eden" free="0" total="84934656" percent="0" />
    <arraylet-primitive objects="2" leaves="2" largest="1" />
    <remembered-set count="51136" freebytes="12477824" totalbytes="12682368" percent="98" regionsoverflowed="0" regionsstable="2" regionsrebuilding="0"/>
  </mem-info>
</gc-start>
<allocation-stats totalBytes="84925168" >
  <allocated-bytes non-tlh="0" tlh="84925168" arrayletleaf="0"/>
  <largest-consumer threadName="Thread-7" threadId="0000000001AAB900" bytes="24700616" />
</allocation-stats>
<gc-op id="1630" type="copy forward" timems="3.361" contextid="1627" timestamp="2019-06-17T07:20:14.866">
  <memory-copied type="eden" objects="18807" bytes="865472" bytesdiscarded="0" />
  <memory-copied type="other" objects="6361" bytes="290040" bytesdiscarded="0" />
  <memory-cardclean objects="13" bytes="1960" />
  <regions eden="81" other="5" />
  <remembered-set-cleared processed="44655" cleared="2020" durationms="0.611" />
  <stringconstants candidates="4597" cleared="0"  />
</gc-op>
<gc-op id="1631" type="classunload" timems="0.002" contextid="1627" timestamp="2019-06-17T07:20:14.866">
  <classunload-info classloadercandidates="8" classloadersunloaded="0" classesunloaded="0" anonymousclassesunloaded="0" quiescems="0.000" setupms="0.002" scanms="0.000" postms="0.000" />
</gc-op>
<gc-end id="1632" type="partial gc" contextid="1627" durationms="4.661" usertimems="4.000" systemtimems="0.000" timestamp="2019-06-17T07:20:14.867" activeThreads="1">
  <mem-info id="1633" free="191889408" total="317718528" percent="60">
    <mem type="eden" free="183104" total="1048576" percent="17" />
    <arraylet-primitive objects="2" leaves="2" largest="1" />
    <remembered-set count="48384" freebytes="12488832" totalbytes="12682368" percent="98" regionsoverflowed="0" regionsstable="2" regionsrebuilding="0"/>
  </mem-info>
</gc-end>
<cycle-end id="1634" type="partial gc" contextid="1627" timestamp="2019-06-17T07:20:14.867" />
  <attribute name="elasticGC enabled" value="1" />
  <attribute name= "numThreadsSpecified" value="1" />
  <attribute name="heapSize specified" value="0" />
  <attribute name="Current GC Util" value="78" />
  <attribute name= "Current Time Running" value="4912" />
  <attribute name ="GC Interval" value="0" />
  <attribute name="ProportionalT" value="87.000000" />
  <attribute name="ProportionalI" value="87.000000" />
  <attribute name="ProportionalH" value="87.000000" />
  <attribute name="Current Error" value="58.000000" />
  <attribute name="IntegralT" value="0.000000" />
  <attribute name="IntegralI" value="0.000000" />
  <attribute name="IntegralH" value="0.000000" />
  <attribute name="DerivativeT" value="inf" />
  <attribute name="DerivativeI" value="inf" />
  <attribute name="DerivativeH" value="inf" />
  <attribute name="Loop Time for DT" value="0.000000" />
  <attribute name="Output H" value="8388608"/>
  <attribute name="Output I" value="200"/>
  <attribute name="Output T" value="1"/>
  <attribute name="Target GC Util Change" value ="20.000000" />
  <attribute name="Current GC Util Change" value="78.000000"/>
  <attribute name="GC Util currently" value="78" />
  <attribute name="CPU Util currently" value="16973323704551" />
<exclusive-end id="1635" timestamp="2019-06-17T07:20:14.867" durationms="5.935" />

<exclusive-start id="1636" timestamp="2019-06-17T07:20:14.891" intervalms="29.541">
  <response-info timems="0.032" idlems="0.032" threads="0" lastid="0000000001AAB900" lastname="Thread-7" />
</exclusive-start>
<allocation-taxation id="1637" taxation-threshold="84934656" timestamp="2019-06-17T07:20:14.891" intervalms="29.539" />
<cycle-start id="1638" type="partial gc" contextid="0" timestamp="2019-06-17T07:20:14.891" intervalms="29.532" />
<gc-start id="1639" type="partial gc" contextid="1638" timestamp="2019-06-17T07:20:14.891">
  <mem-info id="1640" free="106954752" total="317718528" percent="33">
    <mem type="eden" free="0" total="84934656" percent="0" />
    <arraylet-primitive objects="2" leaves="2" largest="1" />
    <remembered-set count="48352" freebytes="12488960" totalbytes="12682368" percent="98" regionsoverflowed="0" regionsstable="2" regionsrebuilding="0"/>
  </mem-info>
</gc-start>
<allocation-stats totalBytes="84925584" >
  <allocated-bytes non-tlh="0" tlh="84925584" arrayletleaf="0"/>
  <largest-consumer threadName="Thread-7" threadId="0000000001AAB900" bytes="24581656" />
</allocation-stats>
<gc-op id="1641" type="copy forward" timems="2.124" contextid="1638" timestamp="2019-06-17T07:20:14.894">
  <memory-copied type="eden" objects="6067" bytes="147256" bytesdiscarded="28528" />
  <memory-copied type="other" objects="24802" bytes="1144752" bytesdiscarded="22360" />
  <memory-cardclean objects="13" bytes="1960" />
  <regions eden="81" other="3" />
  <remembered-set-cleared processed="43202" cleared="567" durationms="0.237" />
  <stringconstants candidates="4597" cleared="0"  />
</gc-op>
<gc-op id="1642" type="classunload" timems="0.002" contextid="1638" timestamp="2019-06-17T07:20:14.895">
  <classunload-info classloadercandidates="8" classloadersunloaded="0" classesunloaded="0" anonymousclassesunloaded="0" quiescems="0.000" setupms="0.002" scanms="0.000" postms="0.000" />
</gc-op>
<gc-end id="1643" type="partial gc" contextid="1638" durationms="3.359" usertimems="8.000" systemtimems="0.000" timestamp="2019-06-17T07:20:14.895" activeThreads="4">
  <mem-info id="1644" free="190840832" total="317718528" percent="60">
    <mem type="eden" free="872792" total="1048576" percent="83" />
    <arraylet-primitive objects="2" leaves="2" largest="1" />
    <remembered-set count="49728" freebytes="12483456" totalbytes="12682368" percent="98" regionsoverflowed="0" regionsstable="2" regionsrebuilding="0"/>
  </mem-info>
</gc-end>
<cycle-end id="1645" type="partial gc" contextid="1638" timestamp="2019-06-17T07:20:14.895" />
  <attribute name="elasticGC enabled" value="1" />
  <attribute name= "numThreadsSpecified" value="4" />
  <attribute name="heapSize specified" value="0" />
  <attribute name="Current GC Util" value="74" />
  <attribute name= "Current Time Running" value="4942" />
  <attribute name ="GC Interval" value="0" />
  <attribute name="ProportionalT" value="81.000000" />
  <attribute name="ProportionalI" value="81.000000" />
  <attribute name="ProportionalH" value="81.000000" />
  <attribute name="Current Error" value="54.000000" />
  <attribute name="IntegralT" value="54.000000" />
  <attribute name="IntegralI" value="54.000000" />
  <attribute name="IntegralH" value="54.000000" />
  <attribute name="DerivativeT" value="81.000000" />
  <attribute name="DerivativeI" value="81.000000" />
  <attribute name="DerivativeH" value="81.000000" />
  <attribute name="Loop Time for DT" value="1.000000" />
  <attribute name="Output H" value="8388608"/>
  <attribute name="Output I" value="216"/>
  <attribute name="Output T" value="4"/>
  <attribute name="Target GC Util Change" value ="20.000000" />
  <attribute name="Current GC Util Change" value="74.000000"/>
  <attribute name="GC Util currently" value="74" />
  <attribute name="CPU Util currently" value="18393696567336" />
<exclusive-end id="1646" timestamp="2019-06-17T07:20:14.895" durationms="4.539" />

<exclusive-start id="1647" timestamp="2019-06-17T07:20:14.918" intervalms="27.558">
  <response-info timems="0.033" idlems="0.033" threads="0" lastid="0000000001AAF500" lastname="Thread-10" />
</exclusive-start>
<allocation-taxation id="1648" taxation-threshold="84934656" timestamp="2019-06-17T07:20:14.918" intervalms="27.562" />
<cycle-start id="1649" type="partial gc" contextid="0" timestamp="2019-06-17T07:20:14.919" intervalms="27.591" />
<gc-start id="1650" type="partial gc" contextid="1649" timestamp="2019-06-17T07:20:14.919">
  <mem-info id="1651" free="105906176" total="317718528" percent="33">
    <mem type="eden" free="0" total="84934656" percent="0" />
    <arraylet-primitive objects="2" leaves="2" largest="1" />
    <remembered-set count="49632" freebytes="12483840" totalbytes="12682368" percent="98" regionsoverflowed="0" regionsstable="2" regionsrebuilding="0"/>
  </mem-info>
</gc-start>
<allocation-stats totalBytes="84925824" >
  <allocated-bytes non-tlh="0" tlh="84925824" arrayletleaf="0"/>
  <largest-consumer threadName="Thread-7" threadId="0000000001AAB900" bytes="25011680" />
</allocation-stats>
<gc-op id="1652" type="copy forward" timems="3.359" contextid="1649" timestamp="2019-06-17T07:20:14.923">
  <memory-copied type="eden" objects="12789" bytes="583200" bytesdiscarded="0" />
  <memory-copied type="other" objects="13785" bytes="605592" bytesdiscarded="0" />
  <memory-cardclean objects="13" bytes="1960" />
  <regions eden="81" other="4" />
  <remembered-set-cleared processed="43642" cleared="1007" durationms="0.564" />
  <stringconstants candidates="4597" cleared="0"  />
</gc-op>
<gc-op id="1653" type="classunload" timems="0.003" contextid="1649" timestamp="2019-06-17T07:20:14.923">
  <classunload-info classloadercandidates="8" classloadersunloaded="0" classesunloaded="0" anonymousclassesunloaded="0" quiescems="0.000" setupms="0.003" scanms="0.000" postms="0.000" />
</gc-op>
<gc-end id="1654" type="partial gc" contextid="1649" durationms="4.535" usertimems="4.000" systemtimems="0.000" timestamp="2019-06-17T07:20:14.924" activeThreads="1">
  <mem-info id="1655" free="191889408" total="317718528" percent="60">
    <mem type="eden" free="465376" total="1048576" percent="44" />
    <arraylet-primitive objects="2" leaves="2" largest="1" />
    <remembered-set count="48736" freebytes="12487424" totalbytes="12682368" percent="98" regionsoverflowed="0" regionsstable="2" regionsrebuilding="0"/>
  </mem-info>
</gc-end>
<cycle-end id="1656" type="partial gc" contextid="1649" timestamp="2019-06-17T07:20:14.924" />
  <attribute name="elasticGC enabled" value="1" />
  <attribute name= "numThreadsSpecified" value="1" />
  <attribute name="heapSize specified" value="0" />
  <attribute name="Current GC Util" value="67" />
  <attribute name= "Current Time Running" value="4969" />
  <attribute name ="GC Interval" value="0" />
  <attribute name="ProportionalT" value="70.500000" />
  <attribute name="ProportionalI" value="70.500000" />
  <attribute name="ProportionalH" value="70.500000" />
  <attribute name="Current Error" value="47.000000" />
  <attribute name="IntegralT" value="0.000000" />
  <attribute name="IntegralI" value="0.000000" />
  <attribute name="IntegralH" value="0.000000" />
  <attribute name="DerivativeT" value="inf" />
  <attribute name="DerivativeI" value="inf" />
  <attribute name="DerivativeH" value="inf" />
  <attribute name="Loop Time for DT" value="0.000000" />
  <attribute name="Output H" value="8388608"/>
  <attribute name="Output I" value="200"/>
  <attribute name="Output T" value="1"/>
  <attribute name="Target GC Util Change" value ="20.000000" />
  <attribute name="Current GC Util Change" value="67.000000"/>
  <attribute name="GC Util currently" value="67" />
  <attribute name="CPU Util currently" value="20044272506303" />
<exclusive-end id="1657" timestamp="2019-06-17T07:20:14.924" durationms="5.783" />

<exclusive-start id="1658" timestamp="2019-06-17T07:20:14.947" intervalms="28.668">
  <response-info timems="0.031" idlems="0.031" threads="0" lastid="0000000001AAB900" lastname="Thread-7" />
</exclusive-start>
<allocation-taxation id="1659" taxation-threshold="84934656" timestamp="2019-06-17T07:20:14.947" intervalms="28.693" />
<cycle-start id="1660" type="partial gc" contextid="0" timestamp="2019-06-17T07:20:14.947" intervalms="28.650" />
<gc-start id="1661" type="partial gc" contextid="1660" timestamp="2019-06-17T07:20:14.948">
  <mem-info id="1662" free="106954752" total="317718528" percent="33">
    <mem type="eden" free="0" total="84934656" percent="0" />
    <arraylet-primitive objects="2" leaves="2" largest="1" />
    <remembered-set count="48640" freebytes="12487808" totalbytes="12682368" percent="98" regionsoverflowed="0" regionsstable="2" regionsrebuilding="0"/>
  </mem-info>
</gc-start>
<allocation-stats totalBytes="84925232" >
  <allocated-bytes non-tlh="0" tlh="84925232" arrayletleaf="0"/>
  <largest-consumer threadName="Thread-7" threadId="0000000001AAB900" bytes="24876848" />
</allocation-stats>
<gc-op id="1663" type="copy forward" timems="3.600" contextid="1660" timestamp="2019-06-17T07:20:14.952">
  <memory-copied type="eden" objects="8804" bytes="350080" bytesdiscarded="0" />
  <memory-copied type="other" objects="18191" bytes="848712" bytesdiscarded="0" />
  <memory-cardclean objects="957" bytes="51328" />
  <regions eden="81" other="5" />
  <remembered-set-cleared processed="43185" cleared="1914" durationms="0.608" />
  <stringconstants candidates="4597" cleared="0"  />
</gc-op>
<gc-op id="1664" type="classunload" timems="0.002" contextid="1660" timestamp="2019-06-17T07:20:14.952">
  <classunload-info classloadercandidates="8" classloadersunloaded="0" classesunloaded="0" anonymousclassesunloaded="0" quiescems="0.000" setupms="0.002" scanms="0.000" postms="0.000" />
</gc-op>
<gc-end id="1665" type="partial gc" contextid="1660" durationms="4.994" usertimems="8.000" systemtimems="0.000" timestamp="2019-06-17T07:20:14.953" activeThreads="1">
  <mem-info id="1666" free="191889408" total="317718528" percent="60">
    <mem type="eden" free="698496" total="1048576" percent="66" />
    <arraylet-primitive objects="2" leaves="2" largest="1" />
    <remembered-set count="47776" freebytes="12491264" totalbytes="12682368" percent="98" regionsoverflowed="0" regionsstable="2" regionsrebuilding="0"/>
  </mem-info>
</gc-end>
<cycle-end id="1667" type="partial gc" contextid="1660" timestamp="2019-06-17T07:20:14.953" />
  <attribute name="elasticGC enabled" value="1" />
  <attribute name= "numThreadsSpecified" value="1" />
  <attribute name="heapSize specified" value="0" />
  <attribute name="Current GC Util" value="76" />
  <attribute name= "Current Time Running" value="4998" />
  <attribute name ="GC Interval" value="0" />
  <attribute name="ProportionalT" value="84.000000" />
  <attribute name="ProportionalI" value="84.000000" />
  <attribute name="ProportionalH" value="84.000000" />
  <attribute name="Current Error" value="56.000000" />
  <attribute name="IntegralT" value="0.000000" />
  <attribute name="IntegralI" value="0.000000" />
  <attribute name="IntegralH" value="0.000000" />
  <attribute name="DerivativeT" value="inf" />
  <attribute name="DerivativeI" value="inf" />
  <attribute name="DerivativeH" value="inf" />
  <attribute name="Loop Time for DT" value="0.000000" />
  <attribute name="Output H" value="8388608"/>
  <attribute name="Output I" value="200"/>
  <attribute name="Output T" value="1"/>
  <attribute name="Target GC Util Change" value ="20.000000" />
  <attribute name="Current GC Util Change" value="76.000000"/>
  <attribute name="GC Util currently" value="76" />
  <attribute name="CPU Util currently" value="17163785359070" />
<exclusive-end id="1668" timestamp="2019-06-17T07:20:14.953" durationms="6.272" />

<exclusive-start id="1669" timestamp="2019-06-17T07:20:14.978" intervalms="30.978">
  <response-info timems="0.031" idlems="0.031" threads="0" lastid="0000000001AAF500" lastname="Thread-10" />
</exclusive-start>
<allocation-taxation id="1670" taxation-threshold="84934656" timestamp="2019-06-17T07:20:14.978" intervalms="30.948" />
<cycle-start id="1671" type="partial gc" contextid="0" timestamp="2019-06-17T07:20:14.978" intervalms="31.012" />
<gc-start id="1672" type="partial gc" contextid="1671" timestamp="2019-06-17T07:20:14.979">
  <mem-info id="1673" free="106954752" total="317718528" percent="33">
    <mem type="eden" free="0" total="84934656" percent="0" />
    <arraylet-primitive objects="2" leaves="2" largest="1" />
    <remembered-set count="47552" freebytes="12492160" totalbytes="12682368" percent="98" regionsoverflowed="0" regionsstable="2" regionsrebuilding="0"/>
  </mem-info>
</gc-start>
<allocation-stats totalBytes="84925416" >
  <allocated-bytes non-tlh="0" tlh="84925416" arrayletleaf="0"/>
  <largest-consumer threadName="Thread-7" threadId="0000000001AAB900" bytes="26130048" />
</allocation-stats>
<gc-op id="1674" type="copy forward" timems="3.908" contextid="1671" timestamp="2019-06-17T07:20:14.983">
  <memory-copied type="eden" objects="6723" bytes="163088" bytesdiscarded="0" />
  <memory-copied type="other" objects="25404" bytes="1159200" bytesdiscarded="0" />
  <memory-cardclean objects="13" bytes="1960" />
  <regions eden="81" other="4" />
  <remembered-set-cleared processed="42153" cleared="598" durationms="0.560" />
  <stringconstants candidates="4597" cleared="0"  />
</gc-op>
<gc-op id="1675" type="classunload" timems="0.002" contextid="1671" timestamp="2019-06-17T07:20:14.984">
  <classunload-info classloadercandidates="8" classloadersunloaded="0" classesunloaded="0" anonymousclassesunloaded="0" quiescems="0.000" setupms="0.002" scanms="0.000" postms="0.000" />
</gc-op>
<gc-end id="1676" type="partial gc" contextid="1671" durationms="5.186" usertimems="8.000" systemtimems="0.000" timestamp="2019-06-17T07:20:14.984" activeThreads="1">
  <mem-info id="1677" free="190840832" total="317718528" percent="60">
    <mem type="eden" free="885488" total="1048576" percent="84" />
    <arraylet-primitive objects="2" leaves="2" largest="1" />
    <remembered-set count="49152" freebytes="12485760" totalbytes="12682368" percent="98" regionsoverflowed="0" regionsstable="2" regionsrebuilding="0"/>
  </mem-info>
</gc-end>
<cycle-end id="1678" type="partial gc" contextid="1671" timestamp="2019-06-17T07:20:14.984" />
  <attribute name="elasticGC enabled" value="1" />
  <attribute name= "numThreadsSpecified" value="1" />
  <attribute name="heapSize specified" value="0" />
  <attribute name="Current GC Util" value="82" />
  <attribute name= "Current Time Running" value="5029" />
  <attribute name ="GC Interval" value="0" />
  <attribute name="ProportionalT" value="93.000000" />
  <attribute name="ProportionalI" value="93.000000" />
  <attribute name="ProportionalH" value="93.000000" />
  <attribute name="Current Error" value="62.000000" />
  <attribute name="IntegralT" value="0.000000" />
  <attribute name="IntegralI" value="0.000000" />
  <attribute name="IntegralH" value="0.000000" />
  <attribute name="DerivativeT" value="inf" />
  <attribute name="DerivativeI" value="inf" />
  <attribute name="DerivativeH" value="inf" />
  <attribute name="Loop Time for DT" value="0.000000" />
  <attribute name="Output H" value="8388608"/>
  <attribute name="Output I" value="200"/>
  <attribute name="Output T" value="1"/>
  <attribute name="Target GC Util Change" value ="20.000000" />
  <attribute name="Current GC Util Change" value="82.000000"/>
  <attribute name="GC Util currently" value="82" />
  <attribute name="CPU Util currently" value="17133304837739" />
<exclusive-end id="1679" timestamp="2019-06-17T07:20:14.984" durationms="6.494" />

<exclusive-start id="1680" timestamp="2019-06-17T07:20:15.012" intervalms="33.721">
  <response-info timems="0.032" idlems="0.032" threads="0" lastid="0000000001AB3100" lastname="Thread-8" />
</exclusive-start>
<allocation-taxation id="1681" taxation-threshold="84934656" timestamp="2019-06-17T07:20:15.012" intervalms="33.669" />
<cycle-start id="1682" type="partial gc" contextid="0" timestamp="2019-06-17T07:20:15.012" intervalms="33.592" />
<gc-start id="1683" type="partial gc" contextid="1682" timestamp="2019-06-17T07:20:15.012">
  <mem-info id="1684" free="105906176" total="317718528" percent="33">
    <mem type="eden" free="0" total="84934656" percent="0" />
    <arraylet-primitive objects="2" leaves="2" largest="1" />
    <remembered-set count="48928" freebytes="12486656" totalbytes="12682368" percent="98" regionsoverflowed="0" regionsstable="2" regionsrebuilding="0"/>
  </mem-info>
</gc-start>
<allocation-stats totalBytes="84924776" >
  <allocated-bytes non-tlh="0" tlh="84924776" arrayletleaf="0"/>
  <largest-consumer threadName="Thread-10" threadId="0000000001AAF500" bytes="23557512" />
</allocation-stats>
<gc-op id="1685" type="copy forward" timems="2.173" contextid="1682" timestamp="2019-06-17T07:20:15.015">
  <memory-copied type="eden" objects="18537" bytes="858768" bytesdiscarded="30952" />
  <memory-copied type="other" objects="10145" bytes="380856" bytesdiscarded="26528" />
  <memory-cardclean objects="4683" bytes="248640" />
  <regions eden="81" other="4" />
  <remembered-set-cleared processed="42639" cleared="1083" durationms="0.239" />
  <stringconstants candidates="4597" cleared="0"  />
</gc-op>
<gc-op id="1686" type="classunload" timems="0.002" contextid="1682" timestamp="2019-06-17T07:20:15.016">
  <classunload-info classloadercandidates="8" classloadersunloaded="0" classesunloaded="0" anonymousclassesunloaded="0" quiescems="0.000" setupms="0.002" scanms="0.000" postms="0.000" />
</gc-op>
<heap-resize id="1687" type="expand" space="default" amount="2097152" count="1" timems="0.073" reason="excessive time being spent in gc" timestamp="2019-06-17T07:20:15.016" />
<gc-end id="1688" type="partial gc" contextid="1682" durationms="3.609" usertimems="0.000" systemtimems="4.000" timestamp="2019-06-17T07:20:15.016" activeThreads="4">
  <mem-info id="1689" free="191889408" total="319815680" percent="60">
    <mem type="eden" free="158856" total="1048576" percent="15" />
    <arraylet-primitive objects="2" leaves="2" largest="1" />
    <remembered-set count="49088" freebytes="12569728" totalbytes="12766080" percent="98" regionsoverflowed="0" regionsstable="2" regionsrebuilding="0"/>
  </mem-info>
</gc-end>
<cycle-end id="1690" type="partial gc" contextid="1682" timestamp="2019-06-17T07:20:15.016" />
  <attribute name="elasticGC enabled" value="1" />
  <attribute name= "numThreadsSpecified" value="4" />
  <attribute name="heapSize specified" value="0" />
  <attribute name="Current GC Util" value="81" />
  <attribute name= "Current Time Running" value="5063" />
  <attribute name ="GC Interval" value="0" />
  <attribute name="ProportionalT" value="91.500000" />
  <attribute name="ProportionalI" value="91.500000" />
  <attribute name="ProportionalH" value="91.500000" />
  <attribute name="Current Error" value="61.000000" />
  <attribute name="IntegralT" value="61.000000" />
  <attribute name="IntegralI" value="61.000000" />
  <attribute name="IntegralH" value="61.000000" />
  <attribute name="DerivativeT" value="91.500000" />
  <attribute name="DerivativeI" value="91.500000" />
  <attribute name="DerivativeH" value="91.500000" />
  <attribute name="Loop Time for DT" value="1.000000" />
  <attribute name="Output H" value="8388608"/>
  <attribute name="Output I" value="248"/>
  <attribute name="Output T" value="4"/>
  <attribute name="Target GC Util Change" value ="20.000000" />
  <attribute name="Current GC Util Change" value="81.000000"/>
  <attribute name="GC Util currently" value="81" />
  <attribute name="CPU Util currently" value="14679791936769" />
<exclusive-end id="1691" timestamp="2019-06-17T07:20:15.016" durationms="4.729" />

<exclusive-start id="1692" timestamp="2019-06-17T07:20:15.044" intervalms="32.530">
  <response-info timems="0.029" idlems="0.026" threads="1" lastid="0000000001AAB900" lastname="Thread-7" />
</exclusive-start>
<allocation-taxation id="1693" taxation-threshold="85983232" timestamp="2019-06-17T07:20:15.044" intervalms="32.550" />
<cycle-start id="1694" type="partial gc" contextid="0" timestamp="2019-06-17T07:20:15.044" intervalms="32.551" />
<gc-start id="1695" type="partial gc" contextid="1694" timestamp="2019-06-17T07:20:15.045">
  <mem-info id="1696" free="105906176" total="319815680" percent="33">
    <mem type="eden" free="0" total="85983232" percent="0" />
    <arraylet-primitive objects="2" leaves="2" largest="1" />
    <remembered-set count="48832" freebytes="12570752" totalbytes="12766080" percent="98" regionsoverflowed="0" regionsstable="2" regionsrebuilding="0"/>
  </mem-info>
</gc-start>
<allocation-stats totalBytes="85972656" >
  <allocated-bytes non-tlh="0" tlh="85972656" arrayletleaf="0"/>
  <largest-consumer threadName="Thread-10" threadId="0000000001AAF500" bytes="25694904" />
</allocation-stats>
<gc-op id="1697" type="copy forward" timems="2.273" contextid="1694" timestamp="2019-06-17T07:20:15.048">
  <memory-copied type="eden" objects="8712" bytes="210816" bytesdiscarded="16488" />
  <memory-copied type="other" objects="27747" bytes="1215456" bytesdiscarded="37640" />
  <memory-cardclean objects="4087" bytes="201528" />
  <regions eden="82" other="4" />
  <remembered-set-cleared processed="42516" cleared="873" durationms="0.235" />
  <stringconstants candidates="4597" cleared="0"  />
</gc-op>
<gc-op id="1698" type="classunload" timems="0.002" contextid="1694" timestamp="2019-06-17T07:20:15.048">
  <classunload-info classloadercandidates="8" classloadersunloaded="0" classesunloaded="0" anonymousclassesunloaded="0" quiescems="0.000" setupms="0.002" scanms="0.000" postms="0.000" />
</gc-op>
<heap-resize id="1699" type="expand" space="default" amount="5242880" count="1" timems="0.083" reason="excessive time being spent in gc" timestamp="2019-06-17T07:20:15.048" />
<gc-end id="1700" type="partial gc" contextid="1694" durationms="3.555" usertimems="8.000" systemtimems="0.000" timestamp="2019-06-17T07:20:15.048" activeThreads="4">
  <mem-info id="1701" free="195035136" total="325058560" percent="60">
    <mem type="eden" free="1869848" total="2097152" percent="89" />
    <arraylet-primitive objects="2" leaves="2" largest="1" />
    <remembered-set count="50720" freebytes="12772480" totalbytes="12975360" percent="98" regionsoverflowed="0" regionsstable="2" regionsrebuilding="0"/>
  </mem-info>
</gc-end>
<cycle-end id="1702" type="partial gc" contextid="1694" timestamp="2019-06-17T07:20:15.048" />
  <attribute name="elasticGC enabled" value="1" />
  <attribute name= "numThreadsSpecified" value="4" />
  <attribute name="heapSize specified" value="0" />
  <attribute name="Current GC Util" value="0" />
  <attribute name= "Current Time Running" value="5095" />
  <attribute name ="GC Interval" value="0" />
  <attribute name="ProportionalT" value="-30.000000" />
  <attribute name="ProportionalI" value="-30.000000" />
  <attribute name="ProportionalH" value="-30.000000" />
  <attribute name="Current Error" value="-20.000000" />
  <attribute name="IntegralT" value="0.000000" />
  <attribute name="IntegralI" value="0.000000" />
  <attribute name="IntegralH" value="0.000000" />
  <attribute name="DerivativeT" value="-inf" />
  <attribute name="DerivativeI" value="-inf" />
  <attribute name="DerivativeH" value="-inf" />
  <attribute name="Loop Time for DT" value="0.000000" />
  <attribute name="Output H" value="2091843584"/>
  <attribute name="Output I" value="200"/>
  <attribute name="Output T" value="4"/>
  <attribute name="Target GC Util Change" value ="20.000000" />
  <attribute name="Current GC Util Change" value="0.000000"/>
  <attribute name="GC Util currently" value="0" />
  <attribute name="CPU Util currently" value="25129064932167" />
<exclusive-end id="1703" timestamp="2019-06-17T07:20:15.049" durationms="4.702" />

<exclusive-start id="1704" timestamp="2019-06-17T07:20:15.079" intervalms="35.370">
  <response-info timems="0.035" idlems="0.035" threads="0" lastid="0000000001AB3100" lastname="Thread-8" />
</exclusive-start>
<allocation-taxation id="1705" taxation-threshold="87031808" timestamp="2019-06-17T07:20:15.080" intervalms="35.363" />
<cycle-start id="1706" type="partial gc" contextid="0" timestamp="2019-06-17T07:20:15.080" intervalms="35.294" />
<gc-start id="1707" type="partial gc" contextid="1706" timestamp="2019-06-17T07:20:15.080">
  <mem-info id="1708" free="108003328" total="325058560" percent="33">
    <mem type="eden" free="0" total="87031808" percent="0" />
    <arraylet-primitive objects="2" leaves="2" largest="1" />
    <remembered-set count="50304" freebytes="12774144" totalbytes="12975360" percent="98" regionsoverflowed="0" regionsstable="2" regionsrebuilding="0"/>
  </mem-info>
</gc-start>
<allocation-stats totalBytes="87020752" >
  <allocated-bytes non-tlh="0" tlh="87020752" arrayletleaf="0"/>
  <largest-consumer threadName="Thread-10" threadId="0000000001AAF500" bytes="24269832" />
</allocation-stats>
<gc-op id="1709" type="copy forward" timems="4.476" contextid="1706" timestamp="2019-06-17T07:20:15.085">
  <memory-copied type="eden" objects="22065" bytes="943608" bytesdiscarded="0" />
  <memory-copied type="other" objects="15056" bytes="498744" bytesdiscarded="0" />
  <memory-cardclean objects="7954" bytes="409944" />
  <regions eden="83" other="5" />
  <remembered-set-cleared processed="43154" cleared="1305" durationms="0.588" />
  <stringconstants candidates="4597" cleared="0"  />
</gc-op>
<gc-op id="1710" type="classunload" timems="0.003" contextid="1706" timestamp="2019-06-17T07:20:15.085">
  <classunload-info classloadercandidates="8" classloadersunloaded="0" classesunloaded="0" anonymousclassesunloaded="0" quiescems="0.000" setupms="0.002" scanms="0.000" postms="0.000" />
</gc-op>
<gc-end id="1711" type="partial gc" contextid="1706" durationms="5.717" usertimems="4.000" systemtimems="0.000" timestamp="2019-06-17T07:20:15.086" activeThreads="1">
  <mem-info id="1712" free="195035136" total="325058560" percent="60">
    <mem type="eden" free="104968" total="1048576" percent="10" />
    <arraylet-primitive objects="2" leaves="2" largest="1" />
    <remembered-set count="50400" freebytes="12773760" totalbytes="12975360" percent="98" regionsoverflowed="0" regionsstable="2" regionsrebuilding="0"/>
  </mem-info>
</gc-end>
<cycle-end id="1713" type="partial gc" contextid="1706" timestamp="2019-06-17T07:20:15.086" />
  <attribute name="elasticGC enabled" value="1" />
  <attribute name= "numThreadsSpecified" value="1" />
  <attribute name="heapSize specified" value="0" />
  <attribute name="Current GC Util" value="63" />
  <attribute name= "Current Time Running" value="5130" />
  <attribute name ="GC Interval" value="0" />
  <attribute name="ProportionalT" value="64.500000" />
  <attribute name="ProportionalI" value="64.500000" />
  <attribute name="ProportionalH" value="64.500000" />
  <attribute name="Current Error" value="43.000000" />
  <attribute name="IntegralT" value="0.000000" />
  <attribute name="IntegralI" value="0.000000" />
  <attribute name="IntegralH" value="0.000000" />
  <attribute name="DerivativeT" value="inf" />
  <attribute name="DerivativeI" value="inf" />
  <attribute name="DerivativeH" value="inf" />
  <attribute name="Loop Time for DT" value="0.000000" />
  <attribute name="Output H" value="8388608"/>
  <attribute name="Output I" value="200"/>
  <attribute name="Output T" value="1"/>
  <attribute name="Target GC Util Change" value ="20.000000" />
  <attribute name="Current GC Util Change" value="63.000000"/>
  <attribute name="GC Util currently" value="63" />
  <attribute name="CPU Util currently" value="17761094685402" />
<exclusive-end id="1714" timestamp="2019-06-17T07:20:15.086" durationms="6.733" />

<exclusive-start id="1715" timestamp="2019-06-17T07:20:15.122" intervalms="42.152">
  <response-info timems="0.039" idlems="0.039" threads="0" lastid="0000000001AAF500" lastname="Thread-10" />
</exclusive-start>
<allocation-taxation id="1716" taxation-threshold="87031808" timestamp="2019-06-17T07:20:15.122" intervalms="42.193" />
<cycle-start id="1717" type="partial gc" contextid="0" timestamp="2019-06-17T07:20:15.122" intervalms="42.274" />
<gc-start id="1718" type="partial gc" contextid="1717" timestamp="2019-06-17T07:20:15.122">
  <mem-info id="1719" free="108003328" total="325058560" percent="33">
    <mem type="eden" free="0" total="87031808" percent="0" />
    <arraylet-primitive objects="2" leaves="2" largest="1" />
    <remembered-set count="49952" freebytes="12775552" totalbytes="12975360" percent="98" regionsoverflowed="0" regionsstable="2" regionsrebuilding="0"/>
  </mem-info>
</gc-start>
<allocation-stats totalBytes="87020416" >
  <allocated-bytes non-tlh="0" tlh="87020416" arrayletleaf="0"/>
  <largest-consumer threadName="Thread-9" threadId="0000000001AA7D00" bytes="23385352" />
</allocation-stats>
<gc-op id="1720" type="copy forward" timems="2.126" contextid="1717" timestamp="2019-06-17T07:20:15.125">
  <memory-copied type="eden" objects="13858" bytes="609528" bytesdiscarded="48576" />
  <memory-copied type="other" objects="16686" bytes="675240" bytesdiscarded="47544" />
  <memory-cardclean objects="4703" bytes="235152" />
  <regions eden="83" other="3" />
  <remembered-set-cleared processed="43703" cleared="1112" durationms="0.245" />
  <stringconstants candidates="4597" cleared="0"  />
</gc-op>
<gc-op id="1721" type="classunload" timems="0.002" contextid="1717" timestamp="2019-06-17T07:20:15.125">
  <classunload-info classloadercandidates="8" classloadersunloaded="0" classesunloaded="0" anonymousclassesunloaded="0" quiescems="0.000" setupms="0.002" scanms="0.000" postms="0.000" />
</gc-op>
<heap-resize id="1722" type="expand" space="default" amount="3145728" count="1" timems="0.079" reason="excessive time being spent in gc" timestamp="2019-06-17T07:20:15.126" />
<gc-end id="1723" type="partial gc" contextid="1717" durationms="3.483" usertimems="4.000" systemtimems="0.000" timestamp="2019-06-17T07:20:15.126" activeThreads="4">
  <mem-info id="1724" free="197132288" total="328204288" percent="60">
    <mem type="eden" free="390472" total="1048576" percent="37" />
    <arraylet-primitive objects="2" leaves="2" largest="1" />
    <remembered-set count="50176" freebytes="12900224" totalbytes="13100928" percent="98" regionsoverflowed="0" regionsstable="2" regionsrebuilding="0"/>
  </mem-info>
</gc-end>
<cycle-end id="1725" type="partial gc" contextid="1717" timestamp="2019-06-17T07:20:15.126" />
  <attribute name="elasticGC enabled" value="1" />
  <attribute name= "numThreadsSpecified" value="4" />
  <attribute name="heapSize specified" value="0" />
  <attribute name="Current GC Util" value="81" />
  <attribute name= "Current Time Running" value="5173" />
  <attribute name ="GC Interval" value="0" />
  <attribute name="ProportionalT" value="91.500000" />
  <attribute name="ProportionalI" value="91.500000" />
  <attribute name="ProportionalH" value="91.500000" />
  <attribute name="Current Error" value="61.000000" />
  <attribute name="IntegralT" value="61.000000" />
  <attribute name="IntegralI" value="61.000000" />
  <attribute name="IntegralH" value="61.000000" />
  <attribute name="DerivativeT" value="91.500000" />
  <attribute name="DerivativeI" value="91.500000" />
  <attribute name="DerivativeH" value="91.500000" />
  <attribute name="Loop Time for DT" value="1.000000" />
  <attribute name="Output H" value="8388608"/>
  <attribute name="Output I" value="248"/>
  <attribute name="Output T" value="4"/>
  <attribute name="Target GC Util Change" value ="20.000000" />
  <attribute name="Current GC Util Change" value="81.000000"/>
  <attribute name="GC Util currently" value="81" />
  <attribute name="CPU Util currently" value="17646510046481" />
<exclusive-end id="1726" timestamp="2019-06-17T07:20:15.126" durationms="4.668" />

<exclusive-start id="1727" timestamp="2019-06-17T07:20:15.160" intervalms="38.221">
  <response-info timems="0.032" idlems="0.032" threads="0" lastid="0000000001AB3100" lastname="Thread-8" />
</exclusive-start>
<allocation-taxation id="1728" taxation-threshold="88080384" timestamp="2019-06-17T07:20:15.160" intervalms="38.194" />
<cycle-start id="1729" type="partial gc" contextid="0" timestamp="2019-06-17T07:20:15.160" intervalms="38.193" />
<gc-start id="1730" type="partial gc" contextid="1729" timestamp="2019-06-17T07:20:15.160">
  <mem-info id="1731" free="109051904" total="328204288" percent="33">
    <mem type="eden" free="0" total="88080384" percent="0" />
    <arraylet-primitive objects="2" leaves="2" largest="1" />
    <remembered-set count="49792" freebytes="12901760" totalbytes="13100928" percent="98" regionsoverflowed="0" regionsstable="2" regionsrebuilding="0"/>
  </mem-info>
</gc-start>
<allocation-stats totalBytes="88069208" >
  <allocated-bytes non-tlh="0" tlh="88069208" arrayletleaf="0"/>
  <largest-consumer threadName="Thread-10" threadId="0000000001AAF500" bytes="22508592" />
</allocation-stats>
<gc-op id="1732" type="copy forward" timems="2.057" contextid="1729" timestamp="2019-06-17T07:20:15.163">
  <memory-copied type="eden" objects="17015" bytes="822600" bytesdiscarded="82568" />
  <memory-copied type="other" objects="11103" bytes="403872" bytesdiscarded="22048" />
  <memory-cardclean objects="4703" bytes="235152" />
  <regions eden="84" other="4" />
  <remembered-set-cleared processed="43711" cleared="1120" durationms="0.221" />
  <stringconstants candidates="4597" cleared="0"  />
</gc-op>
<gc-op id="1733" type="classunload" timems="0.003" contextid="1729" timestamp="2019-06-17T07:20:15.163">
  <classunload-info classloadercandidates="8" classloadersunloaded="0" classesunloaded="0" anonymousclassesunloaded="0" quiescems="0.000" setupms="0.002" scanms="0.000" postms="0.000" />
</gc-op>
<heap-resize id="1734" type="expand" space="default" amount="2097152" count="1" timems="0.069" reason="excessive time being spent in gc" timestamp="2019-06-17T07:20:15.164" />
<gc-end id="1735" type="partial gc" contextid="1729" durationms="3.364" usertimems="4.000" systemtimems="0.000" timestamp="2019-06-17T07:20:15.164" activeThreads="4">
  <mem-info id="1736" free="198180864" total="330301440" percent="60">
    <mem type="eden" free="143408" total="1048576" percent="13" />
    <arraylet-primitive objects="2" leaves="2" largest="1" />
    <remembered-set count="49664" freebytes="12985984" totalbytes="13184640" percent="98" regionsoverflowed="0" regionsstable="2" regionsrebuilding="0"/>
  </mem-info>
</gc-end>
<cycle-end id="1737" type="partial gc" contextid="1729" timestamp="2019-06-17T07:20:15.164" />
  <attribute name="elasticGC enabled" value="1" />
  <attribute name= "numThreadsSpecified" value="4" />
  <attribute name="heapSize specified" value="0" />
  <attribute name="Current GC Util" value="73" />
  <attribute name= "Current Time Running" value="5211" />
  <attribute name ="GC Interval" value="0" />
  <attribute name="ProportionalT" value="79.500000" />
  <attribute name="ProportionalI" value="79.500000" />
  <attribute name="ProportionalH" value="79.500000" />
  <attribute name="Current Error" value="53.000000" />
  <attribute name="IntegralT" value="53.000000" />
  <attribute name="IntegralI" value="53.000000" />
  <attribute name="IntegralH" value="53.000000" />
  <attribute name="DerivativeT" value="79.500000" />
  <attribute name="DerivativeI" value="79.500000" />
  <attribute name="DerivativeH" value="79.500000" />
  <attribute name="Loop Time for DT" value="1.000000" />
  <attribute name="Output H" value="8388608"/>
  <attribute name="Output I" value="216"/>
  <attribute name="Output T" value="4"/>
  <attribute name="Target GC Util Change" value ="20.000000" />
  <attribute name="Current GC Util Change" value="73.000000"/>
  <attribute name="GC Util currently" value="73" />
  <attribute name="CPU Util currently" value="17034388743849" />
<exclusive-end id="1738" timestamp="2019-06-17T07:20:15.164" durationms="4.435" />

<exclusive-start id="1739" timestamp="2019-06-17T07:20:15.200" intervalms="40.097">
  <response-info timems="0.036" idlems="0.036" threads="0" lastid="0000000001AAF500" lastname="Thread-10" />
</exclusive-start>
<allocation-taxation id="1740" taxation-threshold="88080384" timestamp="2019-06-17T07:20:15.200" intervalms="40.127" />
<cycle-start id="1741" type="partial gc" contextid="0" timestamp="2019-06-17T07:20:15.200" intervalms="40.073" />
<gc-start id="1742" type="partial gc" contextid="1741" timestamp="2019-06-17T07:20:15.201">
  <mem-info id="1743" free="110100480" total="330301440" percent="33">
    <mem type="eden" free="0" total="88080384" percent="0" />
    <arraylet-primitive objects="2" leaves="2" largest="1" />
    <remembered-set count="49632" freebytes="12986112" totalbytes="13184640" percent="98" regionsoverflowed="0" regionsstable="2" regionsrebuilding="0"/>
  </mem-info>
</gc-start>
<allocation-stats totalBytes="88069416" >
  <allocated-bytes non-tlh="0" tlh="88069416" arrayletleaf="0"/>
  <largest-consumer threadName="Thread-9" threadId="0000000001AA7D00" bytes="23274664" />
</allocation-stats>
<gc-op id="1744" type="copy forward" timems="3.933" contextid="1741" timestamp="2019-06-17T07:20:15.205">
  <memory-copied type="eden" objects="5830" bytes="141832" bytesdiscarded="0" />
  <memory-copied type="other" objects="24995" bytes="1149384" bytesdiscarded="0" />
  <memory-cardclean objects="2418" bytes="121456" />
  <regions eden="84" other="4" />
  <remembered-set-cleared processed="43847" cleared="652" durationms="0.585" />
  <stringconstants candidates="4597" cleared="0"  />
</gc-op>
<gc-op id="1745" type="classunload" timems="0.003" contextid="1741" timestamp="2019-06-17T07:20:15.205">
  <classunload-info classloadercandidates="8" classloadersunloaded="0" classesunloaded="0" anonymousclassesunloaded="0" quiescems="0.000" setupms="0.003" scanms="0.000" postms="0.000" />
</gc-op>
<gc-end id="1746" type="partial gc" contextid="1741" durationms="5.157" usertimems="4.000" systemtimems="0.000" timestamp="2019-06-17T07:20:15.206" activeThreads="1">
  <mem-info id="1747" free="197132288" total="330301440" percent="59">
    <mem type="eden" free="906744" total="1048576" percent="86" />
    <arraylet-primitive objects="2" leaves="2" largest="1" />
    <remembered-set count="50976" freebytes="12980736" totalbytes="13184640" percent="98" regionsoverflowed="0" regionsstable="2" regionsrebuilding="0"/>
  </mem-info>
</gc-end>
<cycle-end id="1748" type="partial gc" contextid="1741" timestamp="2019-06-17T07:20:15.206" />
  <attribute name="elasticGC enabled" value="1" />
  <attribute name= "numThreadsSpecified" value="1" />
  <attribute name="heapSize specified" value="0" />
  <attribute name="Current GC Util" value="68" />
  <attribute name= "Current Time Running" value="5251" />
  <attribute name ="GC Interval" value="0" />
  <attribute name="ProportionalT" value="72.000000" />
  <attribute name="ProportionalI" value="72.000000" />
  <attribute name="ProportionalH" value="72.000000" />
  <attribute name="Current Error" value="48.000000" />
  <attribute name="IntegralT" value="0.000000" />
  <attribute name="IntegralI" value="0.000000" />
  <attribute name="IntegralH" value="0.000000" />
  <attribute name="DerivativeT" value="inf" />
  <attribute name="DerivativeI" value="inf" />
  <attribute name="DerivativeH" value="inf" />
  <attribute name="Loop Time for DT" value="0.000000" />
  <attribute name="Output H" value="8388608"/>
  <attribute name="Output I" value="200"/>
  <attribute name="Output T" value="1"/>
  <attribute name="Target GC Util Change" value ="20.000000" />
  <attribute name="Current GC Util Change" value="68.000000"/>
  <attribute name="GC Util currently" value="68" />
  <attribute name="CPU Util currently" value="18365933874666" />
<exclusive-end id="1749" timestamp="2019-06-17T07:20:15.206" durationms="6.255" />

<exclusive-start id="1750" timestamp="2019-06-17T07:20:15.242" intervalms="42.232">
  <response-info timems="0.249" idlems="0.249" threads="0" lastid="0000000001AB3100" lastname="Thread-8" />
</exclusive-start>
<allocation-taxation id="1751" taxation-threshold="88080384" timestamp="2019-06-17T07:20:15.242" intervalms="42.102" />
<cycle-start id="1752" type="partial gc" contextid="0" timestamp="2019-06-17T07:20:15.242" intervalms="42.106" />
<gc-start id="1753" type="partial gc" contextid="1752" timestamp="2019-06-17T07:20:15.243">
  <mem-info id="1754" free="109051904" total="330301440" percent="33">
    <mem type="eden" free="0" total="88080384" percent="0" />
    <arraylet-primitive objects="2" leaves="2" largest="1" />
    <remembered-set count="50688" freebytes="12981888" totalbytes="13184640" percent="98" regionsoverflowed="0" regionsstable="2" regionsrebuilding="0"/>
  </mem-info>
</gc-start>
<allocation-stats totalBytes="88068568" >
  <allocated-bytes non-tlh="0" tlh="88068568" arrayletleaf="0"/>
  <largest-consumer threadName="Thread-9" threadId="0000000001AA7D00" bytes="22770984" />
</allocation-stats>
<gc-op id="1755" type="copy forward" timems="4.209" contextid="1752" timestamp="2019-06-17T07:20:15.248">
  <memory-copied type="eden" objects="5223" bytes="127520" bytesdiscarded="0" />
  <memory-copied type="other" objects="29606" bytes="1260048" bytesdiscarded="0" />
  <memory-cardclean objects="1508" bytes="77776" />
  <regions eden="84" other="4" />
  <remembered-set-cleared processed="44353" cleared="932" durationms="0.591" />
  <stringconstants candidates="4597" cleared="0"  />
</gc-op>
<gc-op id="1756" type="classunload" timems="0.002" contextid="1752" timestamp="2019-06-17T07:20:15.248">
  <classunload-info classloadercandidates="8" classloadersunloaded="0" classesunloaded="0" anonymousclassesunloaded="0" quiescems="0.000" setupms="0.002" scanms="0.000" postms="0.000" />
</gc-op>
<gc-end id="1757" type="partial gc" contextid="1752" durationms="5.320" usertimems="4.000" systemtimems="0.000" timestamp="2019-06-17T07:20:15.248" activeThreads="1">
  <mem-info id="1758" free="196083712" total="330301440" percent="59">
    <mem type="eden" free="921056" total="1048576" percent="87" />
    <arraylet-primitive objects="2" leaves="2" largest="1" />
    <remembered-set count="52384" freebytes="12975104" totalbytes="13184640" percent="98" regionsoverflowed="0" regionsstable="2" regionsrebuilding="0"/>
  </mem-info>
</gc-end>
<cycle-end id="1759" type="partial gc" contextid="1752" timestamp="2019-06-17T07:20:15.248" />
  <attribute name="elasticGC enabled" value="1" />
  <attribute name= "numThreadsSpecified" value="1" />
  <attribute name="heapSize specified" value="0" />
  <attribute name="Current GC Util" value="78" />
  <attribute name= "Current Time Running" value="5293" />
  <attribute name ="GC Interval" value="0" />
  <attribute name="ProportionalT" value="87.000000" />
  <attribute name="ProportionalI" value="87.000000" />
  <attribute name="ProportionalH" value="87.000000" />
  <attribute name="Current Error" value="58.000000" />
  <attribute name="IntegralT" value="0.000000" />
  <attribute name="IntegralI" value="0.000000" />
  <attribute name="IntegralH" value="0.000000" />
  <attribute name="DerivativeT" value="inf" />
  <attribute name="DerivativeI" value="inf" />
  <attribute name="DerivativeH" value="inf" />
  <attribute name="Loop Time for DT" value="0.000000" />
  <attribute name="Output H" value="8388608"/>
  <attribute name="Output I" value="200"/>
  <attribute name="Output T" value="1"/>
  <attribute name="Target GC Util Change" value ="20.000000" />
  <attribute name="Current GC Util Change" value="78.000000"/>
  <attribute name="GC Util currently" value="78" />
  <attribute name="CPU Util currently" value="20297020358044" />
<exclusive-end id="1760" timestamp="2019-06-17T07:20:15.248" durationms="6.309" />

<exclusive-start id="1761" timestamp="2019-06-17T07:20:15.285" intervalms="42.690">
  <response-info timems="0.039" idlems="0.039" threads="0" lastid="0000000001AAB900" lastname="Thread-7" />
</exclusive-start>
<allocation-taxation id="1762" taxation-threshold="88080384" timestamp="2019-06-17T07:20:15.285" intervalms="42.813" />
<cycle-start id="1763" type="partial gc" contextid="0" timestamp="2019-06-17T07:20:15.285" intervalms="42.894" />
<gc-start id="1764" type="partial gc" contextid="1763" timestamp="2019-06-17T07:20:15.286">
  <mem-info id="1765" free="108003328" total="330301440" percent="32">
    <mem type="eden" free="0" total="88080384" percent="0" />
    <arraylet-primitive objects="2" leaves="2" largest="1" />
    <remembered-set count="51936" freebytes="12976896" totalbytes="13184640" percent="98" regionsoverflowed="0" regionsstable="2" regionsrebuilding="0"/>
  </mem-info>
</gc-start>
<allocation-stats totalBytes="88068624" >
  <allocated-bytes non-tlh="0" tlh="88068624" arrayletleaf="0"/>
  <largest-consumer threadName="Thread-10" threadId="0000000001AAF500" bytes="22954976" />
</allocation-stats>
<gc-op id="1766" type="copy forward" timems="3.867" contextid="1763" timestamp="2019-06-17T07:20:15.290">
  <memory-copied type="eden" objects="15516" bytes="648816" bytesdiscarded="0" />
  <memory-copied type="other" objects="15170" bytes="638832" bytesdiscarded="0" />
  <memory-cardclean objects="13" bytes="1960" />
  <regions eden="84" other="4" />
  <remembered-set-cleared processed="44853" cleared="1062" durationms="0.622" />
  <stringconstants candidates="4597" cleared="0"  />
</gc-op>
<gc-op id="1767" type="classunload" timems="0.002" contextid="1763" timestamp="2019-06-17T07:20:15.291">
  <classunload-info classloadercandidates="8" classloadersunloaded="0" classesunloaded="0" anonymousclassesunloaded="0" quiescems="0.000" setupms="0.002" scanms="0.000" postms="0.000" />
</gc-op>
<heap-resize id="1768" type="expand" space="default" amount="8388608" count="1" timems="0.116" reason="excessive time being spent in gc" timestamp="2019-06-17T07:20:15.291" />
<gc-end id="1769" type="partial gc" contextid="1763" durationms="5.412" usertimems="8.000" systemtimems="0.000" timestamp="2019-06-17T07:20:15.291" activeThreads="1">
  <mem-info id="1770" free="203423744" total="338690048" percent="60">
    <mem type="eden" free="399760" total="1048576" percent="38" />
    <arraylet-primitive objects="2" leaves="2" largest="1" />
    <remembered-set count="51232" freebytes="13314560" totalbytes="13519488" percent="98" regionsoverflowed="0" regionsstable="2" regionsrebuilding="0"/>
  </mem-info>
</gc-end>
<cycle-end id="1771" type="partial gc" contextid="1763" timestamp="2019-06-17T07:20:15.291" />
  <attribute name="elasticGC enabled" value="1" />
  <attribute name= "numThreadsSpecified" value="1" />
  <attribute name="heapSize specified" value="0" />
  <attribute name="Current GC Util" value="83" />
  <attribute name= "Current Time Running" value="5336" />
  <attribute name ="GC Interval" value="0" />
  <attribute name="ProportionalT" value="94.500000" />
  <attribute name="ProportionalI" value="94.500000" />
  <attribute name="ProportionalH" value="94.500000" />
  <attribute name="Current Error" value="63.000000" />
  <attribute name="IntegralT" value="0.000000" />
  <attribute name="IntegralI" value="0.000000" />
  <attribute name="IntegralH" value="0.000000" />
  <attribute name="DerivativeT" value="inf" />
  <attribute name="DerivativeI" value="inf" />
  <attribute name="DerivativeH" value="inf" />
  <attribute name="Loop Time for DT" value="0.000000" />
  <attribute name="Output H" value="8388608"/>
  <attribute name="Output I" value="200"/>
  <attribute name="Output T" value="1"/>
  <attribute name="Target GC Util Change" value ="20.000000" />
  <attribute name="Current GC Util Change" value="83.000000"/>
  <attribute name="GC Util currently" value="83" />
  <attribute name="CPU Util currently" value="16984388161003" />
<exclusive-end id="1772" timestamp="2019-06-17T07:20:15.292" durationms="6.706" />

<exclusive-start id="1773" timestamp="2019-06-17T07:20:15.329" intervalms="44.584">
  <response-info timems="0.212" idlems="0.212" threads="0" lastid="0000000001AB3100" lastname="Thread-8" />
</exclusive-start>
<allocation-taxation id="1774" taxation-threshold="90177536" timestamp="2019-06-17T07:20:15.330" intervalms="44.532" />
<cycle-start id="1775" type="partial gc" contextid="0" timestamp="2019-06-17T07:20:15.330" intervalms="44.516" />
<gc-start id="1776" type="partial gc" contextid="1775" timestamp="2019-06-17T07:20:15.330">
  <mem-info id="1777" free="113246208" total="338690048" percent="33">
    <mem type="eden" free="0" total="90177536" percent="0" />
    <arraylet-primitive objects="2" leaves="2" largest="1" />
    <remembered-set count="51168" freebytes="13314816" totalbytes="13519488" percent="98" regionsoverflowed="0" regionsstable="2" regionsrebuilding="0"/>
  </mem-info>
</gc-start>
<allocation-stats totalBytes="90165688" >
  <allocated-bytes non-tlh="0" tlh="90165688" arrayletleaf="0"/>
  <largest-consumer threadName="Thread-8" threadId="0000000001AB3100" bytes="24458056" />
</allocation-stats>
<gc-op id="1778" type="copy forward" timems="3.643" contextid="1775" timestamp="2019-06-17T07:20:15.335">
  <memory-copied type="eden" objects="11369" bytes="412344" bytesdiscarded="0" />
  <memory-copied type="other" objects="11403" bytes="411048" bytesdiscarded="0" />
  <memory-cardclean objects="7896" bytes="418264" />
  <regions eden="86" other="3" />
  <remembered-set-cleared processed="44782" cleared="810" durationms="0.623" />
  <stringconstants candidates="4597" cleared="0"  />
</gc-op>
<gc-op id="1779" type="classunload" timems="0.003" contextid="1775" timestamp="2019-06-17T07:20:15.335">
  <classunload-info classloadercandidates="8" classloadersunloaded="0" classesunloaded="0" anonymousclassesunloaded="0" quiescems="0.000" setupms="0.002" scanms="0.000" postms="0.000" />
</gc-op>
<heap-resize id="1780" type="expand" space="default" amount="2097152" count="1" timems="0.069" reason="excessive time being spent in gc" timestamp="2019-06-17T07:20:15.335" />
<gc-end id="1781" type="partial gc" contextid="1775" durationms="5.157" usertimems="8.000" systemtimems="0.000" timestamp="2019-06-17T07:20:15.335" activeThreads="1">
  <mem-info id="1782" free="204472320" total="340787200" percent="60">
    <mem type="eden" free="636232" total="1048576" percent="60" />
    <arraylet-primitive objects="2" leaves="2" largest="1" />
    <remembered-set count="51968" freebytes="13395328" totalbytes="13603200" percent="98" regionsoverflowed="0" regionsstable="2" regionsrebuilding="0"/>
  </mem-info>
</gc-end>
<cycle-end id="1783" type="partial gc" contextid="1775" timestamp="2019-06-17T07:20:15.336" />
  <attribute name="elasticGC enabled" value="1" />
  <attribute name= "numThreadsSpecified" value="1" />
  <attribute name="heapSize specified" value="0" />
  <attribute name="Current GC Util" value="74" />
  <attribute name= "Current Time Running" value="5380" />
  <attribute name ="GC Interval" value="0" />
  <attribute name="ProportionalT" value="81.000000" />
  <attribute name="ProportionalI" value="81.000000" />
  <attribute name="ProportionalH" value="81.000000" />
  <attribute name="Current Error" value="54.000000" />
  <attribute name="IntegralT" value="0.000000" />
  <attribute name="IntegralI" value="0.000000" />
  <attribute name="IntegralH" value="0.000000" />
  <attribute name="DerivativeT" value="inf" />
  <attribute name="DerivativeI" value="inf" />
  <attribute name="DerivativeH" value="inf" />
  <attribute name="Loop Time for DT" value="0.000000" />
  <attribute name="Output H" value="8388608"/>
  <attribute name="Output I" value="200"/>
  <attribute name="Output T" value="1"/>
  <attribute name="Target GC Util Change" value ="20.000000" />
  <attribute name="Current GC Util Change" value="74.000000"/>
  <attribute name="GC Util currently" value="74" />
  <attribute name="CPU Util currently" value="16419056214821" />
<exclusive-end id="1784" timestamp="2019-06-17T07:20:15.336" durationms="6.378" />

<exclusive-start id="1785" timestamp="2019-06-17T07:20:15.371" intervalms="41.715">
  <response-info timems="0.033" idlems="0.033" threads="0" lastid="0000000001AAF500" lastname="Thread-10" />
</exclusive-start>
<allocation-taxation id="1786" taxation-threshold="91226112" timestamp="2019-06-17T07:20:15.371" intervalms="41.767" />
<cycle-start id="1787" type="partial gc" contextid="0" timestamp="2019-06-17T07:20:15.372" intervalms="41.703" />
<gc-start id="1788" type="partial gc" contextid="1787" timestamp="2019-06-17T07:20:15.372">
  <mem-info id="1789" free="113246208" total="340787200" percent="33">
    <mem type="eden" free="0" total="91226112" percent="0" />
    <arraylet-primitive objects="2" leaves="2" largest="1" />
    <remembered-set count="51936" freebytes="13395456" totalbytes="13603200" percent="98" regionsoverflowed="0" regionsstable="2" regionsrebuilding="0"/>
  </mem-info>
</gc-start>
<allocation-stats totalBytes="91213888" >
  <allocated-bytes non-tlh="0" tlh="91213888" arrayletleaf="0"/>
  <largest-consumer threadName="Thread-10" threadId="0000000001AAF500" bytes="23798792" />
</allocation-stats>
<gc-op id="1790" type="copy forward" timems="4.262" contextid="1787" timestamp="2019-06-17T07:20:15.377">
  <memory-copied type="eden" objects="27473" bytes="1210288" bytesdiscarded="8" />
  <memory-copied type="other" objects="6704" bytes="160896" bytesdiscarded="0" />
  <memory-cardclean objects="8683" bytes="426016" />
  <regions eden="87" other="4" />
  <remembered-set-cleared processed="45028" cleared="1119" durationms="0.637" />
  <stringconstants candidates="4597" cleared="0"  />
</gc-op>
<gc-op id="1791" type="classunload" timems="0.003" contextid="1787" timestamp="2019-06-17T07:20:15.377">
  <classunload-info classloadercandidates="8" classloadersunloaded="0" classesunloaded="0" anonymousclassesunloaded="0" quiescems="0.000" setupms="0.002" scanms="0.000" postms="0.000" />
</gc-op>
<heap-resize id="1792" type="expand" space="default" amount="5242880" count="1" timems="0.085" reason="excessive time being spent in gc" timestamp="2019-06-17T07:20:15.377" />
<gc-end id="1793" type="partial gc" contextid="1787" durationms="5.816" usertimems="4.000" systemtimems="0.000" timestamp="2019-06-17T07:20:15.378" activeThreads="1">
  <mem-info id="1794" free="207618048" total="346030080" percent="60">
    <mem type="eden" free="886856" total="2097152" percent="42" />
    <arraylet-primitive objects="2" leaves="2" largest="1" />
    <remembered-set count="52384" freebytes="13602944" totalbytes="13812480" percent="98" regionsoverflowed="0" regionsstable="2" regionsrebuilding="0"/>
  </mem-info>
</gc-end>
<cycle-end id="1795" type="partial gc" contextid="1787" timestamp="2019-06-17T07:20:15.378" />
  <attribute name="elasticGC enabled" value="1" />
  <attribute name= "numThreadsSpecified" value="1" />
  <attribute name="heapSize specified" value="0" />
  <attribute name="Current GC Util" value="78" />
  <attribute name= "Current Time Running" value="5422" />
  <attribute name ="GC Interval" value="0" />
  <attribute name="ProportionalT" value="87.000000" />
  <attribute name="ProportionalI" value="87.000000" />
  <attribute name="ProportionalH" value="87.000000" />
  <attribute name="Current Error" value="58.000000" />
  <attribute name="IntegralT" value="0.000000" />
  <attribute name="IntegralI" value="0.000000" />
  <attribute name="IntegralH" value="0.000000" />
  <attribute name="DerivativeT" value="inf" />
  <attribute name="DerivativeI" value="inf" />
  <attribute name="DerivativeH" value="inf" />
  <attribute name="Loop Time for DT" value="0.000000" />
  <attribute name="Output H" value="8388608"/>
  <attribute name="Output I" value="200"/>
  <attribute name="Output T" value="1"/>
  <attribute name="Target GC Util Change" value ="20.000000" />
  <attribute name="Current GC Util Change" value="78.000000"/>
  <attribute name="GC Util currently" value="78" />
  <attribute name="CPU Util currently" value="16679757219788" />
<exclusive-end id="1796" timestamp="2019-06-17T07:20:15.378" durationms="6.957" />

<exclusive-start id="1797" timestamp="2019-06-17T07:20:15.409" intervalms="37.974">
  <response-info timems="0.044" idlems="0.044" threads="0" lastid="0000000001AAF500" lastname="Thread-10" />
</exclusive-start>
<allocation-taxation id="1798" taxation-threshold="92274688" timestamp="2019-06-17T07:20:15.409" intervalms="37.988" />
<cycle-start id="1799" type="partial gc" contextid="0" timestamp="2019-06-17T07:20:15.410" intervalms="38.001" />
<gc-start id="1800" type="partial gc" contextid="1799" timestamp="2019-06-17T07:20:15.410">
  <mem-info id="1801" free="115343360" total="346030080" percent="33">
    <mem type="eden" free="0" total="92274688" percent="0" />
    <arraylet-primitive objects="2" leaves="2" largest="1" />
    <remembered-set count="51936" freebytes="13604736" totalbytes="13812480" percent="98" regionsoverflowed="0" regionsstable="2" regionsrebuilding="0"/>
  </mem-info>
</gc-start>
<allocation-stats totalBytes="92262816" >
  <allocated-bytes non-tlh="0" tlh="92262816" arrayletleaf="0"/>
  <largest-consumer threadName="Thread-10" threadId="0000000001AAF500" bytes="23327624" />
</allocation-stats>
<gc-op id="1802" type="copy forward" timems="4.017" contextid="1799" timestamp="2019-06-17T07:20:15.415">
  <memory-copied type="eden" objects="27632" bytes="1214056" bytesdiscarded="8" />
  <memory-copied type="other" objects="5926" bytes="142224" bytesdiscarded="0" />
  <memory-cardclean objects="4965" bytes="247768" />
  <regions eden="88" other="4" />
  <remembered-set-cleared processed="45552" cleared="815" durationms="0.644" />
  <stringconstants candidates="4597" cleared="0"  />
</gc-op>
<gc-op id="1803" type="classunload" timems="0.002" contextid="1799" timestamp="2019-06-17T07:20:15.415">
  <classunload-info classloadercandidates="8" classloadersunloaded="0" classesunloaded="0" anonymousclassesunloaded="0" quiescems="0.000" setupms="0.002" scanms="0.000" postms="0.000" />
</gc-op>
<heap-resize id="1804" type="expand" space="default" amount="3145728" count="1" timems="0.076" reason="excessive time being spent in gc" timestamp="2019-06-17T07:20:15.415" />
<gc-end id="1805" type="partial gc" contextid="1799" durationms="5.493" usertimems="8.000" systemtimems="0.000" timestamp="2019-06-17T07:20:15.415" activeThreads="1">
  <mem-info id="1806" free="209715200" total="349175808" percent="60">
    <mem type="eden" free="883088" total="2097152" percent="42" />
    <arraylet-primitive objects="2" leaves="2" largest="1" />
    <remembered-set count="52256" freebytes="13729024" totalbytes="13938048" percent="98" regionsoverflowed="0" regionsstable="2" regionsrebuilding="0"/>
  </mem-info>
</gc-end>
<cycle-end id="1807" type="partial gc" contextid="1799" timestamp="2019-06-17T07:20:15.416" />
  <attribute name="elasticGC enabled" value="1" />
  <attribute name= "numThreadsSpecified" value="1" />
  <attribute name="heapSize specified" value="0" />
  <attribute name="Current GC Util" value="68" />
  <attribute name= "Current Time Running" value="5460" />
  <attribute name ="GC Interval" value="0" />
  <attribute name="ProportionalT" value="72.000000" />
  <attribute name="ProportionalI" value="72.000000" />
  <attribute name="ProportionalH" value="72.000000" />
  <attribute name="Current Error" value="48.000000" />
  <attribute name="IntegralT" value="0.000000" />
  <attribute name="IntegralI" value="0.000000" />
  <attribute name="IntegralH" value="0.000000" />
  <attribute name="DerivativeT" value="inf" />
  <attribute name="DerivativeI" value="inf" />
  <attribute name="DerivativeH" value="inf" />
  <attribute name="Loop Time for DT" value="0.000000" />
  <attribute name="Output H" value="8388608"/>
  <attribute name="Output I" value="200"/>
  <attribute name="Output T" value="1"/>
  <attribute name="Target GC Util Change" value ="20.000000" />
  <attribute name="Current GC Util Change" value="68.000000"/>
  <attribute name="GC Util currently" value="68" />
  <attribute name="CPU Util currently" value="17322577960720" />
<exclusive-end id="1808" timestamp="2019-06-17T07:20:15.416" durationms="6.752" />

<exclusive-start id="1809" timestamp="2019-06-17T07:20:15.448" intervalms="38.474">
  <response-info timems="0.033" idlems="0.033" threads="0" lastid="0000000001AAB900" lastname="Thread-7" />
</exclusive-start>
<allocation-taxation id="1810" taxation-threshold="93323264" timestamp="2019-06-17T07:20:15.448" intervalms="38.422" />
<cycle-start id="1811" type="partial gc" contextid="0" timestamp="2019-06-17T07:20:15.448" intervalms="38.474" />
<gc-start id="1812" type="partial gc" contextid="1811" timestamp="2019-06-17T07:20:15.448">
  <mem-info id="1813" free="116391936" total="349175808" percent="33">
    <mem type="eden" free="0" total="93323264" percent="0" />
    <arraylet-primitive objects="2" leaves="2" largest="1" />
    <remembered-set count="52256" freebytes="13729024" totalbytes="13938048" percent="98" regionsoverflowed="0" regionsstable="2" regionsrebuilding="0"/>
  </mem-info>
</gc-start>
<allocation-stats totalBytes="93311040" >
  <allocated-bytes non-tlh="0" tlh="93311040" arrayletleaf="0"/>
  <largest-consumer threadName="Thread-9" threadId="0000000001AA7D00" bytes="24081344" />
</allocation-stats>
<gc-op id="1814" type="copy forward" timems="2.277" contextid="1811" timestamp="2019-06-17T07:20:15.452">
  <memory-copied type="eden" objects="32448" bytes="1329536" bytesdiscarded="26712" />
  <memory-copied type="other" objects="4413" bytes="105912" bytesdiscarded="2248" />
  <memory-cardclean objects="3431" bytes="174136" />
  <regions eden="89" other="4" />
  <remembered-set-cleared processed="45909" cleared="763" durationms="0.234" />
  <stringconstants candidates="4597" cleared="0"  />
</gc-op>
<gc-op id="1815" type="classunload" timems="0.002" contextid="1811" timestamp="2019-06-17T07:20:15.452">
  <classunload-info classloadercandidates="8" classloadersunloaded="0" classesunloaded="0" anonymousclassesunloaded="0" quiescems="0.000" setupms="0.002" scanms="0.000" postms="0.000" />
</gc-op>
<gc-end id="1816" type="partial gc" contextid="1811" durationms="3.555" usertimems="8.000" systemtimems="0.000" timestamp="2019-06-17T07:20:15.452" activeThreads="4">
  <mem-info id="1817" free="209715200" total="349175808" percent="60">
    <mem type="eden" free="740904" total="2097152" percent="35" />
    <arraylet-primitive objects="2" leaves="2" largest="1" />
    <remembered-set count="52384" freebytes="13728512" totalbytes="13938048" percent="98" regionsoverflowed="0" regionsstable="2" regionsrebuilding="0"/>
  </mem-info>
</gc-end>
<cycle-end id="1818" type="partial gc" contextid="1811" timestamp="2019-06-17T07:20:15.452" />
  <attribute name="elasticGC enabled" value="1" />
  <attribute name= "numThreadsSpecified" value="4" />
  <attribute name="heapSize specified" value="0" />
  <attribute name="Current GC Util" value="75" />
  <attribute name= "Current Time Running" value="5499" />
  <attribute name ="GC Interval" value="0" />
  <attribute name="ProportionalT" value="82.500000" />
  <attribute name="ProportionalI" value="82.500000" />
  <attribute name="ProportionalH" value="82.500000" />
  <attribute name="Current Error" value="55.000000" />
  <attribute name="IntegralT" value="55.000000" />
  <attribute name="IntegralI" value="55.000000" />
  <attribute name="IntegralH" value="55.000000" />
  <attribute name="DerivativeT" value="82.500000" />
  <attribute name="DerivativeI" value="82.500000" />
  <attribute name="DerivativeH" value="82.500000" />
  <attribute name="Loop Time for DT" value="1.000000" />
  <attribute name="Output H" value="8388608"/>
  <attribute name="Output I" value="224"/>
  <attribute name="Output T" value="4"/>
  <attribute name="Target GC Util Change" value ="20.000000" />
  <attribute name="Current GC Util Change" value="75.000000"/>
  <attribute name="GC Util currently" value="75" />
  <attribute name="CPU Util currently" value="15701548114386" />
<exclusive-end id="1819" timestamp="2019-06-17T07:20:15.452" durationms="4.704" />

<exclusive-start id="1820" timestamp="2019-06-17T07:20:15.487" intervalms="39.710">
  <response-info timems="0.039" idlems="0.039" threads="0" lastid="0000000001AA7D00" lastname="Thread-9" />
</exclusive-start>
<allocation-taxation id="1821" taxation-threshold="93323264" timestamp="2019-06-17T07:20:15.488" intervalms="39.721" />
<cycle-start id="1822" type="partial gc" contextid="0" timestamp="2019-06-17T07:20:15.488" intervalms="39.659" />
<gc-start id="1823" type="partial gc" contextid="1822" timestamp="2019-06-17T07:20:15.488">
  <mem-info id="1824" free="116391936" total="349175808" percent="33">
    <mem type="eden" free="0" total="93323264" percent="0" />
    <arraylet-primitive objects="2" leaves="2" largest="1" />
    <remembered-set count="52128" freebytes="13729536" totalbytes="13938048" percent="98" regionsoverflowed="0" regionsstable="2" regionsrebuilding="0"/>
  </mem-info>
</gc-start>
<allocation-stats totalBytes="93312080" >
  <allocated-bytes non-tlh="0" tlh="93312080" arrayletleaf="0"/>
  <largest-consumer threadName="Thread-9" threadId="0000000001AA7D00" bytes="23889024" />
</allocation-stats>
<gc-op id="1825" type="copy forward" timems="4.085" contextid="1822" timestamp="2019-06-17T07:20:15.493">
  <memory-copied type="eden" objects="30743" bytes="1288680" bytesdiscarded="16" />
  <memory-copied type="other" objects="4413" bytes="105912" bytesdiscarded="0" />
  <memory-cardclean objects="3431" bytes="174136" />
  <regions eden="89" other="4" />
  <remembered-set-cleared processed="46189" cleared="1043" durationms="0.631" />
  <stringconstants candidates="4597" cleared="0"  />
</gc-op>
<gc-op id="1826" type="classunload" timems="0.002" contextid="1822" timestamp="2019-06-17T07:20:15.493">
  <classunload-info classloadercandidates="8" classloadersunloaded="0" classesunloaded="0" anonymousclassesunloaded="0" quiescems="0.000" setupms="0.002" scanms="0.000" postms="0.000" />
</gc-op>
<gc-end id="1827" type="partial gc" contextid="1822" durationms="5.228" usertimems="4.000" systemtimems="0.000" timestamp="2019-06-17T07:20:15.493" activeThreads="1">
  <mem-info id="1828" free="209715200" total="349175808" percent="60">
    <mem type="eden" free="808456" total="2097152" percent="38" />
    <arraylet-primitive objects="2" leaves="2" largest="1" />
    <remembered-set count="52256" freebytes="13729024" totalbytes="13938048" percent="98" regionsoverflowed="0" regionsstable="2" regionsrebuilding="0"/>
  </mem-info>
</gc-end>
<cycle-end id="1829" type="partial gc" contextid="1822" timestamp="2019-06-17T07:20:15.493" />
  <attribute name="elasticGC enabled" value="1" />
  <attribute name= "numThreadsSpecified" value="1" />
  <attribute name="heapSize specified" value="0" />
  <attribute name="Current GC Util" value="68" />
  <attribute name= "Current Time Running" value="5538" />
  <attribute name ="GC Interval" value="0" />
  <attribute name="ProportionalT" value="72.000000" />
  <attribute name="ProportionalI" value="72.000000" />
  <attribute name="ProportionalH" value="72.000000" />
  <attribute name="Current Error" value="48.000000" />
  <attribute name="IntegralT" value="0.000000" />
  <attribute name="IntegralI" value="0.000000" />
  <attribute name="IntegralH" value="0.000000" />
  <attribute name="DerivativeT" value="inf" />
  <attribute name="DerivativeI" value="inf" />
  <attribute name="DerivativeH" value="inf" />
  <attribute name="Loop Time for DT" value="0.000000" />
  <attribute name="Output H" value="8388608"/>
  <attribute name="Output I" value="200"/>
  <attribute name="Output T" value="1"/>
  <attribute name="Target GC Util Change" value ="20.000000" />
  <attribute name="Current GC Util Change" value="68.000000"/>
  <attribute name="GC Util currently" value="68" />
  <attribute name="CPU Util currently" value="19073656934914" />
<exclusive-end id="1830" timestamp="2019-06-17T07:20:15.494" durationms="6.236" />

<exclusive-start id="1831" timestamp="2019-06-17T07:20:15.536" intervalms="48.394">
  <response-info timems="0.032" idlems="0.032" threads="0" lastid="0000000001AAF500" lastname="Thread-10" />
</exclusive-start>
<allocation-taxation id="1832" taxation-threshold="93323264" timestamp="2019-06-17T07:20:15.536" intervalms="48.427" />
<cycle-start id="1833" type="partial gc" contextid="0" timestamp="2019-06-17T07:20:15.536" intervalms="48.450" />
<gc-start id="1834" type="partial gc" contextid="1833" timestamp="2019-06-17T07:20:15.536">
  <mem-info id="1835" free="116391936" total="349175808" percent="33">
    <mem type="eden" free="0" total="93323264" percent="0" />
    <arraylet-primitive objects="2" leaves="2" largest="1" />
    <remembered-set count="52224" freebytes="13729152" totalbytes="13938048" percent="98" regionsoverflowed="0" regionsstable="2" regionsrebuilding="0"/>
  </mem-info>
</gc-start>
<allocation-stats totalBytes="93311504" >
  <allocated-bytes non-tlh="0" tlh="93311504" arrayletleaf="0"/>
  <largest-consumer threadName="Thread-10" threadId="0000000001AAF500" bytes="27714136" />
</allocation-stats>
<gc-op id="1836" type="copy forward" timems="2.115" contextid="1833" timestamp="2019-06-17T07:20:15.539">
  <memory-copied type="eden" objects="27151" bytes="1202616" bytesdiscarded="66960" />
  <memory-copied type="other" objects="4413" bytes="105912" bytesdiscarded="2240" />
  <memory-cardclean objects="3431" bytes="174136" />
  <regions eden="89" other="4" />
  <remembered-set-cleared processed="46080" cleared="934" durationms="0.231" />
  <stringconstants candidates="4597" cleared="0"  />
</gc-op>
<gc-op id="1837" type="classunload" timems="0.002" contextid="1833" timestamp="2019-06-17T07:20:15.539">
  <classunload-info classloadercandidates="8" classloadersunloaded="0" classesunloaded="0" anonymousclassesunloaded="0" quiescems="0.000" setupms="0.002" scanms="0.000" postms="0.000" />
</gc-op>
<gc-end id="1838" type="partial gc" contextid="1833" durationms="3.278" usertimems="8.000" systemtimems="0.000" timestamp="2019-06-17T07:20:15.540" activeThreads="4">
  <mem-info id="1839" free="209715200" total="349175808" percent="60">
    <mem type="eden" free="827576" total="2097152" percent="39" />
    <arraylet-primitive objects="2" leaves="2" largest="1" />
    <remembered-set count="52384" freebytes="13728512" totalbytes="13938048" percent="98" regionsoverflowed="0" regionsstable="2" regionsrebuilding="0"/>
  </mem-info>
</gc-end>
<cycle-end id="1840" type="partial gc" contextid="1833" timestamp="2019-06-17T07:20:15.540" />
  <attribute name="elasticGC enabled" value="1" />
  <attribute name= "numThreadsSpecified" value="4" />
  <attribute name="heapSize specified" value="0" />
  <attribute name="Current GC Util" value="81" />
  <attribute name= "Current Time Running" value="5587" />
  <attribute name ="GC Interval" value="0" />
  <attribute name="ProportionalT" value="91.500000" />
  <attribute name="ProportionalI" value="91.500000" />
  <attribute name="ProportionalH" value="91.500000" />
  <attribute name="Current Error" value="61.000000" />
  <attribute name="IntegralT" value="61.000000" />
  <attribute name="IntegralI" value="61.000000" />
  <attribute name="IntegralH" value="61.000000" />
  <attribute name="DerivativeT" value="91.500000" />
  <attribute name="DerivativeI" value="91.500000" />
  <attribute name="DerivativeH" value="91.500000" />
  <attribute name="Loop Time for DT" value="1.000000" />
  <attribute name="Output H" value="8388608"/>
  <attribute name="Output I" value="248"/>
  <attribute name="Output T" value="4"/>
  <attribute name="Target GC Util Change" value ="20.000000" />
  <attribute name="Current GC Util Change" value="81.000000"/>
  <attribute name="GC Util currently" value="81" />
  <attribute name="CPU Util currently" value="16031557741391" />
<exclusive-end id="1841" timestamp="2019-06-17T07:20:15.540" durationms="4.288" />

<exclusive-start id="1842" timestamp="2019-06-17T07:20:15.580" intervalms="44.238">
  <response-info timems="0.032" idlems="0.032" threads="0" lastid="0000000001AAB900" lastname="Thread-7" />
</exclusive-start>
<allocation-taxation id="1843" taxation-threshold="93323264" timestamp="2019-06-17T07:20:15.580" intervalms="44.230" />
<cycle-start id="1844" type="partial gc" contextid="0" timestamp="2019-06-17T07:20:15.580" intervalms="44.289" />
<gc-start id="1845" type="partial gc" contextid="1844" timestamp="2019-06-17T07:20:15.581">
  <mem-info id="1846" free="116391936" total="349175808" percent="33">
    <mem type="eden" free="0" total="93323264" percent="0" />
    <arraylet-primitive objects="2" leaves="2" largest="1" />
    <remembered-set count="51968" freebytes="13730176" totalbytes="13938048" percent="98" regionsoverflowed="0" regionsstable="2" regionsrebuilding="0"/>
  </mem-info>
</gc-start>
<allocation-stats totalBytes="93310816" >
  <allocated-bytes non-tlh="0" tlh="93310816" arrayletleaf="0"/>
  <largest-consumer threadName="Thread-10" threadId="0000000001AAF500" bytes="28119840" />
</allocation-stats>
<gc-op id="1847" type="copy forward" timems="3.850" contextid="1844" timestamp="2019-06-17T07:20:15.585">
  <memory-copied type="eden" objects="15193" bytes="640768" bytesdiscarded="0" />
  <memory-copied type="other" objects="16246" bytes="664656" bytesdiscarded="0" />
  <memory-cardclean objects="3431" bytes="174136" />
  <regions eden="89" other="4" />
  <remembered-set-cleared processed="46076" cleared="930" durationms="0.611" />
  <stringconstants candidates="4597" cleared="0"  />
</gc-op>
<gc-op id="1848" type="classunload" timems="0.002" contextid="1844" timestamp="2019-06-17T07:20:15.586">
  <classunload-info classloadercandidates="8" classloadersunloaded="0" classesunloaded="0" anonymousclassesunloaded="0" quiescems="0.000" setupms="0.002" scanms="0.000" postms="0.000" />
</gc-op>
<gc-end id="1849" type="partial gc" contextid="1844" durationms="5.040" usertimems="0.000" systemtimems="4.000" timestamp="2019-06-17T07:20:15.586" activeThreads="1">
  <mem-info id="1850" free="209715200" total="349175808" percent="60">
    <mem type="eden" free="407808" total="1048576" percent="38" />
    <arraylet-primitive objects="2" leaves="2" largest="1" />
    <remembered-set count="52480" freebytes="13728128" totalbytes="13938048" percent="98" regionsoverflowed="0" regionsstable="2" regionsrebuilding="0"/>
  </mem-info>
</gc-end>
<cycle-end id="1851" type="partial gc" contextid="1844" timestamp="2019-06-17T07:20:15.586" />
  <attribute name="elasticGC enabled" value="1" />
  <attribute name= "numThreadsSpecified" value="1" />
  <attribute name="heapSize specified" value="0" />
  <attribute name="Current GC Util" value="61" />
  <attribute name= "Current Time Running" value="5631" />
  <attribute name ="GC Interval" value="0" />
  <attribute name="ProportionalT" value="61.500000" />
  <attribute name="ProportionalI" value="61.500000" />
  <attribute name="ProportionalH" value="61.500000" />
  <attribute name="Current Error" value="41.000000" />
  <attribute name="IntegralT" value="0.000000" />
  <attribute name="IntegralI" value="0.000000" />
  <attribute name="IntegralH" value="0.000000" />
  <attribute name="DerivativeT" value="inf" />
  <attribute name="DerivativeI" value="inf" />
  <attribute name="DerivativeH" value="inf" />
  <attribute name="Loop Time for DT" value="0.000000" />
  <attribute name="Output H" value="8388608"/>
  <attribute name="Output I" value="200"/>
  <attribute name="Output T" value="1"/>
  <attribute name="Target GC Util Change" value ="20.000000" />
  <attribute name="Current GC Util Change" value="61.000000"/>
  <attribute name="GC Util currently" value="61" />
  <attribute name="CPU Util currently" value="20375037529339" />
<exclusive-end id="1852" timestamp="2019-06-17T07:20:15.586" durationms="6.294" />

<exclusive-start id="1853" timestamp="2019-06-17T07:20:15.622" intervalms="42.379">
  <response-info timems="0.030" idlems="0.030" threads="0" lastid="0000000001AAF500" lastname="Thread-10" />
</exclusive-start>
<allocation-taxation id="1854" taxation-threshold="93323264" timestamp="2019-06-17T07:20:15.623" intervalms="42.343" />
<cycle-start id="1855" type="partial gc" contextid="0" timestamp="2019-06-17T07:20:15.623" intervalms="42.367" />
<gc-start id="1856" type="partial gc" contextid="1855" timestamp="2019-06-17T07:20:15.623">
  <mem-info id="1857" free="116391936" total="349175808" percent="33">
    <mem type="eden" free="0" total="93323264" percent="0" />
    <arraylet-primitive objects="2" leaves="2" largest="1" />
    <remembered-set count="52352" freebytes="13728640" totalbytes="13938048" percent="98" regionsoverflowed="0" regionsstable="2" regionsrebuilding="0"/>
  </mem-info>
</gc-start>
<allocation-stats totalBytes="93310832" >
  <allocated-bytes non-tlh="0" tlh="93310832" arrayletleaf="0"/>
  <largest-consumer threadName="Thread-10" threadId="0000000001AAF500" bytes="27501008" />
</allocation-stats>
<gc-op id="1858" type="copy forward" timems="3.968" contextid="1855" timestamp="2019-06-17T07:20:15.628">
  <memory-copied type="eden" objects="21650" bytes="932984" bytesdiscarded="0" />
  <memory-copied type="other" objects="11034" bytes="402192" bytesdiscarded="0" />
  <memory-cardclean objects="3431" bytes="174136" />
  <regions eden="89" other="4" />
  <remembered-set-cleared processed="46182" cleared="1036" durationms="0.615" />
  <stringconstants candidates="4597" cleared="0"  />
</gc-op>
<gc-op id="1859" type="classunload" timems="0.002" contextid="1855" timestamp="2019-06-17T07:20:15.628">
  <classunload-info classloadercandidates="8" classloadersunloaded="0" classesunloaded="0" anonymousclassesunloaded="0" quiescems="0.000" setupms="0.002" scanms="0.000" postms="0.000" />
</gc-op>
<gc-end id="1860" type="partial gc" contextid="1855" durationms="5.222" usertimems="4.000" systemtimems="0.000" timestamp="2019-06-17T07:20:15.628" activeThreads="1">
  <mem-info id="1861" free="208666624" total="349175808" percent="59">
    <mem type="eden" free="115592" total="1048576" percent="11" />
    <arraylet-primitive objects="2" leaves="2" largest="1" />
    <remembered-set count="52480" freebytes="13728128" totalbytes="13938048" percent="98" regionsoverflowed="0" regionsstable="2" regionsrebuilding="0"/>
  </mem-info>
</gc-end>
<cycle-end id="1862" type="partial gc" contextid="1855" timestamp="2019-06-17T07:20:15.628" />
  <attribute name="elasticGC enabled" value="1" />
  <attribute name= "numThreadsSpecified" value="1" />
  <attribute name="heapSize specified" value="0" />
  <attribute name="Current GC Util" value="85" />
  <attribute name= "Current Time Running" value="5673" />
  <attribute name ="GC Interval" value="0" />
  <attribute name="ProportionalT" value="97.500000" />
  <attribute name="ProportionalI" value="97.500000" />
  <attribute name="ProportionalH" value="97.500000" />
  <attribute name="Current Error" value="65.000000" />
  <attribute name="IntegralT" value="0.000000" />
  <attribute name="IntegralI" value="0.000000" />
  <attribute name="IntegralH" value="0.000000" />
  <attribute name="DerivativeT" value="inf" />
  <attribute name="DerivativeI" value="inf" />
  <attribute name="DerivativeH" value="inf" />
  <attribute name="Loop Time for DT" value="0.000000" />
  <attribute name="Output H" value="8388608"/>
  <attribute name="Output I" value="200"/>
  <attribute name="Output T" value="1"/>
  <attribute name="Target GC Util Change" value ="20.000000" />
  <attribute name="Current GC Util Change" value="85.000000"/>
  <attribute name="GC Util currently" value="85" />
  <attribute name="CPU Util currently" value="17723415926271" />
<exclusive-end id="1863" timestamp="2019-06-17T07:20:15.629" durationms="6.442" />

<exclusive-start id="1864" timestamp="2019-06-17T07:20:15.662" intervalms="39.325">
  <response-info timems="0.031" idlems="0.031" threads="0" lastid="0000000001AA7D00" lastname="Thread-9" />
</exclusive-start>
<allocation-taxation id="1865" taxation-threshold="93323264" timestamp="2019-06-17T07:20:15.662" intervalms="39.344" />
<cycle-start id="1866" type="partial gc" contextid="0" timestamp="2019-06-17T07:20:15.662" intervalms="39.236" />
<gc-start id="1867" type="partial gc" contextid="1866" timestamp="2019-06-17T07:20:15.662">
  <mem-info id="1868" free="115343360" total="349175808" percent="33">
    <mem type="eden" free="0" total="93323264" percent="0" />
    <arraylet-primitive objects="2" leaves="2" largest="1" />
    <remembered-set count="52320" freebytes="13728768" totalbytes="13938048" percent="98" regionsoverflowed="0" regionsstable="2" regionsrebuilding="0"/>
  </mem-info>
</gc-start>
<allocation-stats totalBytes="93311312" >
  <allocated-bytes non-tlh="0" tlh="93311312" arrayletleaf="0"/>
  <largest-consumer threadName="Thread-7" threadId="0000000001AAB900" bytes="24998752" />
</allocation-stats>
<gc-op id="1869" type="copy forward" timems="3.062" contextid="1866" timestamp="2019-06-17T07:20:15.666">
  <memory-copied type="eden" objects="23382" bytes="1111768" bytesdiscarded="24" />
  <memory-copied type="other" objects="0" bytes="0" bytesdiscarded="0" />
  <memory-cardclean objects="13" bytes="1960" />
  <regions eden="89" other="3" />
  <remembered-set-cleared processed="46681" cleared="592" durationms="0.624" />
  <stringconstants candidates="4597" cleared="0"  />
</gc-op>
<gc-op id="1870" type="classunload" timems="0.002" contextid="1866" timestamp="2019-06-17T07:20:15.666">
  <classunload-info classloadercandidates="8" classloadersunloaded="0" classesunloaded="0" anonymousclassesunloaded="0" quiescems="0.000" setupms="0.002" scanms="0.000" postms="0.000" />
</gc-op>
<gc-end id="1871" type="partial gc" contextid="1866" durationms="4.160" usertimems="4.000" systemtimems="0.000" timestamp="2019-06-17T07:20:15.666" activeThreads="1">
  <mem-info id="1872" free="209715200" total="349175808" percent="60">
    <mem type="eden" free="985360" total="2097152" percent="46" />
    <arraylet-primitive objects="2" leaves="2" largest="1" />
    <remembered-set count="51904" freebytes="13730432" totalbytes="13938048" percent="98" regionsoverflowed="0" regionsstable="2" regionsrebuilding="0"/>
  </mem-info>
</gc-end>
<cycle-end id="1873" type="partial gc" contextid="1866" timestamp="2019-06-17T07:20:15.667" />
  <attribute name="elasticGC enabled" value="1" />
  <attribute name= "numThreadsSpecified" value="1" />
  <attribute name="heapSize specified" value="0" />
  <attribute name="Current GC Util" value="74" />
  <attribute name= "Current Time Running" value="5712" />
  <attribute name ="GC Interval" value="0" />
  <attribute name="ProportionalT" value="81.000000" />
  <attribute name="ProportionalI" value="81.000000" />
  <attribute name="ProportionalH" value="81.000000" />
  <attribute name="Current Error" value="54.000000" />
  <attribute name="IntegralT" value="0.000000" />
  <attribute name="IntegralI" value="0.000000" />
  <attribute name="IntegralH" value="0.000000" />
  <attribute name="DerivativeT" value="inf" />
  <attribute name="DerivativeI" value="inf" />
  <attribute name="DerivativeH" value="inf" />
  <attribute name="Loop Time for DT" value="0.000000" />
  <attribute name="Output H" value="8388608"/>
  <attribute name="Output I" value="200"/>
  <attribute name="Output T" value="1"/>
  <attribute name="Target GC Util Change" value ="20.000000" />
  <attribute name="Current GC Util Change" value="74.000000"/>
  <attribute name="GC Util currently" value="74" />
  <attribute name="CPU Util currently" value="19576296271402" />
<exclusive-end id="1874" timestamp="2019-06-17T07:20:15.667" durationms="5.159" />

<exclusive-start id="1875" timestamp="2019-06-17T07:20:15.700" intervalms="38.094">
  <response-info timems="0.032" idlems="0.032" threads="0" lastid="0000000001AA7D00" lastname="Thread-9" />
</exclusive-start>
<allocation-taxation id="1876" taxation-threshold="93323264" timestamp="2019-06-17T07:20:15.700" intervalms="38.077" />
<cycle-start id="1877" type="partial gc" contextid="0" timestamp="2019-06-17T07:20:15.700" intervalms="38.054" />
<gc-start id="1878" type="partial gc" contextid="1877" timestamp="2019-06-17T07:20:15.700">
  <mem-info id="1879" free="116391936" total="349175808" percent="33">
    <mem type="eden" free="0" total="93323264" percent="0" />
    <arraylet-primitive objects="2" leaves="2" largest="1" />
    <remembered-set count="51648" freebytes="13731456" totalbytes="13938048" percent="98" regionsoverflowed="0" regionsstable="2" regionsrebuilding="0"/>
  </mem-info>
</gc-start>
<allocation-stats totalBytes="93310424" >
  <allocated-bytes non-tlh="0" tlh="93310424" arrayletleaf="0"/>
  <largest-consumer threadName="Thread-7" threadId="0000000001AAB900" bytes="23540568" />
</allocation-stats>
<gc-op id="1880" type="copy forward" timems="4.182" contextid="1877" timestamp="2019-06-17T07:20:15.705">
  <memory-copied type="eden" objects="20002" bytes="755568" bytesdiscarded="0" />
  <memory-copied type="other" objects="15435" bytes="645192" bytesdiscarded="0" />
  <memory-cardclean objects="3431" bytes="174136" />
  <regions eden="89" other="4" />
  <remembered-set-cleared processed="45830" cleared="684" durationms="0.616" />
  <stringconstants candidates="4597" cleared="0"  />
</gc-op>
<gc-op id="1881" type="classunload" timems="0.002" contextid="1877" timestamp="2019-06-17T07:20:15.705">
  <classunload-info classloadercandidates="8" classloadersunloaded="0" classesunloaded="0" anonymousclassesunloaded="0" quiescems="0.000" setupms="0.002" scanms="0.000" postms="0.000" />
</gc-op>
<gc-end id="1882" type="partial gc" contextid="1877" durationms="5.190" usertimems="4.000" systemtimems="0.000" timestamp="2019-06-17T07:20:15.705" activeThreads="1">
  <mem-info id="1883" free="209715200" total="349175808" percent="60">
    <mem type="eden" free="293008" total="1048576" percent="27" />
    <arraylet-primitive objects="2" leaves="2" largest="1" />
    <remembered-set count="52992" freebytes="13726080" totalbytes="13938048" percent="98" regionsoverflowed="0" regionsstable="2" regionsrebuilding="0"/>
  </mem-info>
</gc-end>
<cycle-end id="1884" type="partial gc" contextid="1877" timestamp="2019-06-17T07:20:15.706" />
  <attribute name="elasticGC enabled" value="1" />
  <attribute name= "numThreadsSpecified" value="1" />
  <attribute name="heapSize specified" value="0" />
  <attribute name="Current GC Util" value="101" />
  <attribute name= "Current Time Running" value="5750" />
  <attribute name ="GC Interval" value="0" />
  <attribute name="ProportionalT" value="121.500000" />
  <attribute name="ProportionalI" value="121.500000" />
  <attribute name="ProportionalH" value="121.500000" />
  <attribute name="Current Error" value="81.000000" />
  <attribute name="IntegralT" value="0.000000" />
  <attribute name="IntegralI" value="0.000000" />
  <attribute name="IntegralH" value="0.000000" />
  <attribute name="DerivativeT" value="inf" />
  <attribute name="DerivativeI" value="inf" />
  <attribute name="DerivativeH" value="inf" />
  <attribute name="Loop Time for DT" value="0.000000" />
  <attribute name="Output H" value="8388608"/>
  <attribute name="Output I" value="200"/>
  <attribute name="Output T" value="1"/>
  <attribute name="Target GC Util Change" value ="20.000000" />
  <attribute name="Current GC Util Change" value="101.000000"/>
  <attribute name="GC Util currently" value="101" />
  <attribute name="CPU Util currently" value="20636250113120" />
<exclusive-end id="1885" timestamp="2019-06-17T07:20:15.706" durationms="6.128" />

<exclusive-start id="1886" timestamp="2019-06-17T07:20:15.738" intervalms="38.302">
  <response-info timems="0.047" idlems="0.047" threads="0" lastid="0000000001AAF500" lastname="Thread-10" />
</exclusive-start>
<allocation-taxation id="1887" taxation-threshold="93323264" timestamp="2019-06-17T07:20:15.738" intervalms="38.281" />
<cycle-start id="1888" type="partial gc" contextid="0" timestamp="2019-06-17T07:20:15.738" intervalms="38.346" />
<gc-start id="1889" type="partial gc" contextid="1888" timestamp="2019-06-17T07:20:15.739">
  <mem-info id="1890" free="116391936" total="349175808" percent="33">
    <mem type="eden" free="0" total="93323264" percent="0" />
    <arraylet-primitive objects="2" leaves="2" largest="1" />
    <remembered-set count="52768" freebytes="13726976" totalbytes="13938048" percent="98" regionsoverflowed="0" regionsstable="2" regionsrebuilding="0"/>
  </mem-info>
</gc-start>
<allocation-stats totalBytes="93310272" >
  <allocated-bytes non-tlh="0" tlh="93310272" arrayletleaf="0"/>
  <largest-consumer threadName="Thread-9" threadId="0000000001AA7D00" bytes="23557040" />
</allocation-stats>
<gc-op id="1891" type="copy forward" timems="3.578" contextid="1888" timestamp="2019-06-17T07:20:15.743">
  <memory-copied type="eden" objects="24924" bytes="1148432" bytesdiscarded="8" />
  <memory-copied type="other" objects="4413" bytes="105912" bytesdiscarded="0" />
  <memory-cardclean objects="3431" bytes="174136" />
  <regions eden="89" other="4" />
  <remembered-set-cleared processed="46216" cleared="1070" durationms="0.615" />
  <stringconstants candidates="4597" cleared="0"  />
</gc-op>
<gc-op id="1892" type="classunload" timems="0.003" contextid="1888" timestamp="2019-06-17T07:20:15.743">
  <classunload-info classloadercandidates="8" classloadersunloaded="0" classesunloaded="0" anonymousclassesunloaded="0" quiescems="0.000" setupms="0.002" scanms="0.000" postms="0.000" />
</gc-op>
<gc-end id="1893" type="partial gc" contextid="1888" durationms="4.746" usertimems="8.000" systemtimems="0.000" timestamp="2019-06-17T07:20:15.743" activeThreads="1">
  <mem-info id="1894" free="209715200" total="349175808" percent="60">
    <mem type="eden" free="948712" total="2097152" percent="45" />
    <arraylet-primitive objects="2" leaves="2" largest="1" />
    <remembered-set count="51968" freebytes="13730176" totalbytes="13938048" percent="98" regionsoverflowed="0" regionsstable="2" regionsrebuilding="0"/>
  </mem-info>
</gc-end>
<cycle-end id="1895" type="partial gc" contextid="1888" timestamp="2019-06-17T07:20:15.744" />
  <attribute name="elasticGC enabled" value="1" />
  <attribute name= "numThreadsSpecified" value="1" />
  <attribute name="heapSize specified" value="0" />
  <attribute name="Current GC Util" value="105" />
  <attribute name= "Current Time Running" value="5789" />
  <attribute name ="GC Interval" value="0" />
  <attribute name="ProportionalT" value="127.500000" />
  <attribute name="ProportionalI" value="127.500000" />
  <attribute name="ProportionalH" value="127.500000" />
  <attribute name="Current Error" value="85.000000" />
  <attribute name="IntegralT" value="0.000000" />
  <attribute name="IntegralI" value="0.000000" />
  <attribute name="IntegralH" value="0.000000" />
  <attribute name="DerivativeT" value="inf" />
  <attribute name="DerivativeI" value="inf" />
  <attribute name="DerivativeH" value="inf" />
  <attribute name="Loop Time for DT" value="0.000000" />
  <attribute name="Output H" value="8388608"/>
  <attribute name="Output I" value="200"/>
  <attribute name="Output T" value="1"/>
  <attribute name="Target GC Util Change" value ="20.000000" />
  <attribute name="Current GC Util Change" value="105.000000"/>
  <attribute name="GC Util currently" value="105" />
  <attribute name="CPU Util currently" value="19760077785514" />
<exclusive-end id="1896" timestamp="2019-06-17T07:20:15.744" durationms="5.853" />

<exclusive-start id="1897" timestamp="2019-06-17T07:20:15.774" intervalms="35.774">
  <response-info timems="0.040" idlems="0.040" threads="0" lastid="0000000001AAB900" lastname="Thread-7" />
</exclusive-start>
<allocation-taxation id="1898" taxation-threshold="93323264" timestamp="2019-06-17T07:20:15.774" intervalms="35.851" />
<cycle-start id="1899" type="partial gc" contextid="0" timestamp="2019-06-17T07:20:15.774" intervalms="35.860" />
<gc-start id="1900" type="partial gc" contextid="1899" timestamp="2019-06-17T07:20:15.775">
  <mem-info id="1901" free="116391936" total="349175808" percent="33">
    <mem type="eden" free="0" total="93323264" percent="0" />
    <arraylet-primitive objects="2" leaves="2" largest="1" />
    <remembered-set count="51840" freebytes="13730688" totalbytes="13938048" percent="98" regionsoverflowed="0" regionsstable="2" regionsrebuilding="0"/>
  </mem-info>
</gc-start>
<allocation-stats totalBytes="93310680" >
  <allocated-bytes non-tlh="0" tlh="93310680" arrayletleaf="0"/>
  <largest-consumer threadName="Thread-9" threadId="0000000001AA7D00" bytes="24372096" />
</allocation-stats>
<gc-op id="1902" type="copy forward" timems="1.994" contextid="1899" timestamp="2019-06-17T07:20:15.777">
  <memory-copied type="eden" objects="19895" bytes="753544" bytesdiscarded="54784" />
  <memory-copied type="other" objects="15149" bytes="638328" bytesdiscarded="32184" />
  <memory-cardclean objects="3431" bytes="174136" />
  <regions eden="89" other="4" />
  <remembered-set-cleared processed="45895" cleared="749" durationms="0.242" />
  <stringconstants candidates="4597" cleared="0"  />
</gc-op>
<gc-op id="1903" type="classunload" timems="0.002" contextid="1899" timestamp="2019-06-17T07:20:15.777">
  <classunload-info classloadercandidates="8" classloadersunloaded="0" classesunloaded="0" anonymousclassesunloaded="0" quiescems="0.000" setupms="0.002" scanms="0.000" postms="0.000" />
</gc-op>
<gc-end id="1904" type="partial gc" contextid="1899" durationms="3.055" usertimems="8.000" systemtimems="0.000" timestamp="2019-06-17T07:20:15.778" activeThreads="4">
  <mem-info id="1905" free="209715200" total="349175808" percent="60">
    <mem type="eden" free="240248" total="1048576" percent="22" />
    <arraylet-primitive objects="2" leaves="2" largest="1" />
    <remembered-set count="52384" freebytes="13728512" totalbytes="13938048" percent="98" regionsoverflowed="0" regionsstable="2" regionsrebuilding="0"/>
  </mem-info>
</gc-end>
<cycle-end id="1906" type="partial gc" contextid="1899" timestamp="2019-06-17T07:20:15.778" />
  <attribute name="elasticGC enabled" value="1" />
  <attribute name= "numThreadsSpecified" value="4" />
  <attribute name="heapSize specified" value="0" />
  <attribute name="Current GC Util" value="81" />
  <attribute name= "Current Time Running" value="5825" />
  <attribute name ="GC Interval" value="0" />
  <attribute name="ProportionalT" value="91.500000" />
  <attribute name="ProportionalI" value="91.500000" />
  <attribute name="ProportionalH" value="91.500000" />
  <attribute name="Current Error" value="61.000000" />
  <attribute name="IntegralT" value="61.000000" />
  <attribute name="IntegralI" value="61.000000" />
  <attribute name="IntegralH" value="61.000000" />
  <attribute name="DerivativeT" value="91.500000" />
  <attribute name="DerivativeI" value="91.500000" />
  <attribute name="DerivativeH" value="91.500000" />
  <attribute name="Loop Time for DT" value="1.000000" />
  <attribute name="Output H" value="8388608"/>
  <attribute name="Output I" value="248"/>
  <attribute name="Output T" value="4"/>
  <attribute name="Target GC Util Change" value ="20.000000" />
  <attribute name="Current GC Util Change" value="81.000000"/>
  <attribute name="GC Util currently" value="81" />
  <attribute name="CPU Util currently" value="20292019016374" />
<exclusive-end id="1907" timestamp="2019-06-17T07:20:15.778" durationms="4.221" />

<exclusive-start id="1908" timestamp="2019-06-17T07:20:15.807" intervalms="33.507">
  <response-info timems="0.033" idlems="0.033" threads="0" lastid="0000000001AAB900" lastname="Thread-7" />
</exclusive-start>
<allocation-taxation id="1909" taxation-threshold="93323264" timestamp="2019-06-17T07:20:15.808" intervalms="33.483" />
<cycle-start id="1910" type="partial gc" contextid="0" timestamp="2019-06-17T07:20:15.808" intervalms="33.496" />
<gc-start id="1911" type="partial gc" contextid="1910" timestamp="2019-06-17T07:20:15.808">
  <mem-info id="1912" free="116391936" total="349175808" percent="33">
    <mem type="eden" free="0" total="93323264" percent="0" />
    <arraylet-primitive objects="2" leaves="2" largest="1" />
    <remembered-set count="52256" freebytes="13729024" totalbytes="13938048" percent="98" regionsoverflowed="0" regionsstable="2" regionsrebuilding="0"/>
  </mem-info>
</gc-start>
<allocation-stats totalBytes="93310920" >
  <allocated-bytes non-tlh="0" tlh="93310920" arrayletleaf="0"/>
  <largest-consumer threadName="Thread-10" threadId="0000000001AAF500" bytes="24080864" />
</allocation-stats>
<gc-op id="1913" type="copy forward" timems="1.976" contextid="1910" timestamp="2019-06-17T07:20:15.811">
  <memory-copied type="eden" objects="21665" bytes="933272" bytesdiscarded="69976" />
  <memory-copied type="other" objects="12094" bytes="427632" bytesdiscarded="18368" />
  <memory-cardclean objects="3431" bytes="174136" />
  <regions eden="89" other="4" />
  <remembered-set-cleared processed="46271" cleared="1125" durationms="0.229" />
  <stringconstants candidates="4597" cleared="0"  />
</gc-op>
<gc-op id="1914" type="classunload" timems="0.003" contextid="1910" timestamp="2019-06-17T07:20:15.811">
  <classunload-info classloadercandidates="8" classloadersunloaded="0" classesunloaded="0" anonymousclassesunloaded="0" quiescems="0.000" setupms="0.003" scanms="0.000" postms="0.000" />
</gc-op>
<heap-resize id="1915" type="expand" space="default" amount="2097152" count="1" timems="0.076" reason="excessive time being spent in gc" timestamp="2019-06-17T07:20:15.811" />
<gc-end id="1916" type="partial gc" contextid="1910" durationms="3.187" usertimems="4.000" systemtimems="4.000" timestamp="2019-06-17T07:20:15.811" activeThreads="4">
  <mem-info id="1917" free="210763776" total="351272960" percent="60">
    <mem type="eden" free="45328" total="1048576" percent="4" />
    <arraylet-primitive objects="2" leaves="2" largest="1" />
    <remembered-set count="52896" freebytes="13810176" totalbytes="14021760" percent="98" regionsoverflowed="0" regionsstable="2" regionsrebuilding="0"/>
  </mem-info>
</gc-end>
<cycle-end id="1918" type="partial gc" contextid="1910" timestamp="2019-06-17T07:20:15.811" />
  <attribute name="elasticGC enabled" value="1" />
  <attribute name= "numThreadsSpecified" value="4" />
  <attribute name="heapSize specified" value="0" />
  <attribute name="Current GC Util" value="0" />
  <attribute name= "Current Time Running" value="5858" />
  <attribute name ="GC Interval" value="0" />
  <attribute name="ProportionalT" value="-30.000000" />
  <attribute name="ProportionalI" value="-30.000000" />
  <attribute name="ProportionalH" value="-30.000000" />
  <attribute name="Current Error" value="-20.000000" />
  <attribute name="IntegralT" value="0.000000" />
  <attribute name="IntegralI" value="0.000000" />
  <attribute name="IntegralH" value="0.000000" />
  <attribute name="DerivativeT" value="-inf" />
  <attribute name="DerivativeI" value="-inf" />
  <attribute name="DerivativeH" value="-inf" />
  <attribute name="Loop Time for DT" value="0.000000" />
  <attribute name="Output H" value="2091843584"/>
  <attribute name="Output I" value="200"/>
  <attribute name="Output T" value="4"/>
  <attribute name="Target GC Util Change" value ="20.000000" />
  <attribute name="Current GC Util Change" value="0.000000"/>
  <attribute name="GC Util currently" value="0" />
  <attribute name="CPU Util currently" value="28226574654362" />
<exclusive-end id="1919" timestamp="2019-06-17T07:20:15.812" durationms="4.324" />

<exclusive-start id="1920" timestamp="2019-06-17T07:20:15.845" intervalms="37.959">
  <response-info timems="0.053" idlems="0.053" threads="0" lastid="0000000001AAF500" lastname="Thread-10" />
</exclusive-start>
<allocation-taxation id="1921" taxation-threshold="93323264" timestamp="2019-06-17T07:20:15.846" intervalms="37.977" />
<cycle-start id="1922" type="partial gc" contextid="0" timestamp="2019-06-17T07:20:15.846" intervalms="37.969" />
<gc-start id="1923" type="partial gc" contextid="1922" timestamp="2019-06-17T07:20:15.846">
  <mem-info id="1924" free="117440512" total="351272960" percent="33">
    <mem type="eden" free="0" total="93323264" percent="0" />
    <arraylet-primitive objects="2" leaves="2" largest="1" />
    <remembered-set count="52448" freebytes="13811968" totalbytes="14021760" percent="98" regionsoverflowed="0" regionsstable="2" regionsrebuilding="0"/>
  </mem-info>
</gc-start>
<allocation-stats totalBytes="93310840" >
  <allocated-bytes non-tlh="0" tlh="93310840" arrayletleaf="0"/>
  <largest-consumer threadName="Thread-10" threadId="0000000001AAF500" bytes="26644896" />
</allocation-stats>
<gc-op id="1925" type="copy forward" timems="2.854" contextid="1922" timestamp="2019-06-17T07:20:15.850">
  <memory-copied type="eden" objects="15728" bytes="652720" bytesdiscarded="0" />
  <memory-copied type="other" objects="2903" bytes="69672" bytesdiscarded="0" />
  <memory-cardclean objects="1845" bytes="98008" />
  <regions eden="89" other="4" />
  <remembered-set-cleared processed="46471" cleared="895" durationms="0.630" />
  <stringconstants candidates="4597" cleared="0"  />
</gc-op>
<gc-op id="1926" type="classunload" timems="0.003" contextid="1922" timestamp="2019-06-17T07:20:15.850">
  <classunload-info classloadercandidates="8" classloadersunloaded="0" classesunloaded="0" anonymousclassesunloaded="0" quiescems="0.000" setupms="0.002" scanms="0.000" postms="0.000" />
</gc-op>
<gc-end id="1927" type="partial gc" contextid="1922" durationms="4.097" usertimems="0.000" systemtimems="0.000" timestamp="2019-06-17T07:20:15.850" activeThreads="1">
  <mem-info id="1928" free="212860928" total="351272960" percent="60">
    <mem type="eden" free="395856" total="1048576" percent="37" />
    <arraylet-primitive objects="2" leaves="2" largest="1" />
    <remembered-set count="51680" freebytes="13815040" totalbytes="14021760" percent="98" regionsoverflowed="0" regionsstable="2" regionsrebuilding="0"/>
  </mem-info>
</gc-end>
<cycle-end id="1929" type="partial gc" contextid="1922" timestamp="2019-06-17T07:20:15.850" />
  <attribute name="elasticGC enabled" value="1" />
  <attribute name= "numThreadsSpecified" value="1" />
  <attribute name="heapSize specified" value="0" />
  <attribute name="Current GC Util" value="63" />
  <attribute name= "Current Time Running" value="5896" />
  <attribute name ="GC Interval" value="0" />
  <attribute name="ProportionalT" value="64.500000" />
  <attribute name="ProportionalI" value="64.500000" />
  <attribute name="ProportionalH" value="64.500000" />
  <attribute name="Current Error" value="43.000000" />
  <attribute name="IntegralT" value="0.000000" />
  <attribute name="IntegralI" value="0.000000" />
  <attribute name="IntegralH" value="0.000000" />
  <attribute name="DerivativeT" value="inf" />
  <attribute name="DerivativeI" value="inf" />
  <attribute name="DerivativeH" value="inf" />
  <attribute name="Loop Time for DT" value="0.000000" />
  <attribute name="Output H" value="8388608"/>
  <attribute name="Output I" value="200"/>
  <attribute name="Output T" value="1"/>
  <attribute name="Target GC Util Change" value ="20.000000" />
  <attribute name="Current GC Util Change" value="63.000000"/>
  <attribute name="GC Util currently" value="63" />
  <attribute name="CPU Util currently" value="18084475755399" />
<exclusive-end id="1930" timestamp="2019-06-17T07:20:15.851" durationms="5.338" />

</verbosegc>

