<?xml version="1.0" ?>

<verbosegc xmlns="http://www.ibm.com/j9/verbosegc" version="10b4217_CMPRSS">

<initialized id="1" timestamp="2019-06-14T19:08:54.925">
  <attribute name="gcPolicy" value="-Xgcpolicy:gencon" />
  <attribute name="elasticGC enabled" value="1" />
  <attribute name= "numThreadsSpecified" value="0" />
  <attribute name="heapSize specified" value="0" />
  <attribute name="Current GC Util" value="0" />
  <attribute name= "Current Time Running" value="0" />
  <attribute name ="GC Interval" value="0" />
  <attribute name="ProportionalT" value="0.000000" />
  <attribute name="ProportionalI" value="0.000000" />
  <attribute name="ProportionalH" value="0.000000" />
  <attribute name="IntegralT" value="0.000000" />
  <attribute name="IntegralI" value="0.000000" />
  <attribute name="IntegralH" value="0.000000" />
  <attribute name="DerivativeT" value="0.000000" />
  <attribute name="DerivativeI" value="0.000000" />
  <attribute name="DerivativeH" value="0.000000" />
  <attribute name="Target GC Util Change" value ="0.000000" />
  <attribute name="Current GC Util Change" value="0.000000"/>
  <attribute name="Current Error" value="0.000000" />
  <attribute name="Loop Time for DT" value="0.000000" />
  <attribute name="Output H" value="0"/>
  <attribute name="Output I" value="0"/>
  <attribute name="Output T" value="0"/>
  <attribute name="GC Util currently" value="0" />
  <attribute name="CPU Util currently" value="0" />
  <attribute name="maxHeapSize" value="0x7cbc0000" />
  <attribute name="initialHeapSize" value="0x800000" />
  <attribute name="compressedRefs" value="true" />
  <attribute name="compressedRefsDisplacement" value="0x0" />
  <attribute name="compressedRefsShift" value="0x0" />
  <attribute name="pageSize" value="0x1000" />
  <attribute name="pageType" value="not used" />
  <attribute name="requestedPageSize" value="0x1000" />
  <attribute name="requestedPageType" value="not used" />
  <attribute name="gcthreads" value="4" />
  <attribute name="gcthreads Concurrent Mark" value="1" />
  <attribute name="packetListSplit" value="4" />
  <attribute name="cacheListSplit" value="4" />
  <attribute name="splitFreeListSplitAmount" value="1" />
  <attribute name="numaNodes" value="0" />
  <system>
    <attribute name="physicalMemory" value="8370962432" />
    <attribute name="numCPUs" value="4" />
    <attribute name="architecture" value="amd64" />
    <attribute name="os" value="Linux" />
    <attribute name="osVersion" value="4.4.0-148-generic" />
  </system>
  <vmargs>
    <vmarg name="-Xoptionsfile=/vagrant/jdk/lib/options.default" />
    <vmarg name="-Xlockword:mode=default,noLockword=java/lang/String,noLockword=java/util/MapEntry,noLockword=java/util/HashMap$Entry,noLockword..." />
    <vmarg name="-Xjcl:jclse29" />
    <vmarg name="-Dcom.ibm.oti.vm.bootstrap.library.path=/vagrant/jdk/lib/compressedrefs:/vagrant/jdk/lib" />
    <vmarg name="-Dsun.boot.library.path=/vagrant/jdk/lib/compressedrefs:/vagrant/jdk/lib" />
    <vmarg name="-Djava.library.path=/vagrant/jdk/lib/compressedrefs:/vagrant/jdk/lib:/usr/lib64:/usr/lib" />
    <vmarg name="-Djava.home=/vagrant/jdk" />
    <vmarg name="-Duser.dir=/vagrant" />
    <vmarg name="-verbose:gc" />
    <vmarg name="-Xgcelastic" />
    <vmarg name="-Xcheck:gc:::elasticGC" />
    <vmarg name="-Xloggc:default-jdk0.5-1-0.5-verbose4sunflow.txt" />
    <vmarg name="-Djava.class.path=dacapo-9.12-MR1-bach.jar" />
    <vmarg name="-Dsun.java.command=dacapo-9.12-MR1-bach.jar sunflow --size=default" />
    <vmarg name="-Dsun.java.launcher=SUN_STANDARD" />
    <vmarg name="-Dsun.java.launcher.pid=10199" />
  </vmargs>
</initialized>

<exclusive-start id="2" timestamp="2019-06-14T19:08:55.106" intervalms="181.795">
  <response-info timems="0.021" idlems="0.021" threads="0" lastid="0000000001361700" lastname="main" />
</exclusive-start>
<af-start id="3" threadId="0000000001362088" totalBytesRequested="7176" timestamp="2019-06-14T19:08:55.107" intervalms="182.027" type="nursery" />
<cycle-start id="4" type="scavenge" contextid="0" timestamp="2019-06-14T19:08:55.107" intervalms="182.495" />
<gc-start id="5" type="scavenge" contextid="4" timestamp="2019-06-14T19:08:55.112">
  <mem-info id="6" free="6062624" total="8388608" percent="72">
    <mem type="nursery" free="0" total="2097152" percent="0">
      <mem type="allocate" free="0" total="1048576" percent="0" />
      <mem type="survivor" free="0" total="1048576" percent="0" />
    </mem>
    <mem type="tenure" free="6062624" total="6291456" percent="96">
      <mem type="soa" free="5748256" total="5977088" percent="96" />
      <mem type="loa" free="314368" total="314368" percent="100" />
    </mem>
    <remembered-set count="3161" />
  </mem-info>
</gc-start>
<allocation-stats totalBytes="1275536" >
  <allocated-bytes non-tlh="344784" tlh="930752" />
  <largest-consumer threadName="main" threadId="0000000001361700" bytes="1198976" />
</allocation-stats>
<gc-op id="7" type="scavenge" timems="2.157" contextid="4" timestamp="2019-06-14T19:08:55.115">
  <scavenger-info tenureage="2" tenuremask="fffc" tiltratio="50" />
  <memory-copied type="nursery" objects="10578" bytes="479616" bytesdiscarded="218864" />
  <finalization candidates="11" enqueued="0" />
  <references type="soft" candidates="62" cleared="0" enqueued="0" dynamicThreshold="32" maxThreshold="32" />
  <references type="weak" candidates="309" cleared="177" enqueued="141" />
  <references type="phantom" candidates="25" cleared="6" enqueued="6" />
</gc-op>
<gc-end id="8" type="scavenge" contextid="4" durationms="5.692" usertimems="4.000" systemtimems="0.000" timestamp="2019-06-14T19:08:55.118" activeThreads="4">
  <mem-info id="9" free="6410624" total="8388608" percent="76">
    <mem type="nursery" free="348000" total="2097152" percent="16">
      <mem type="allocate" free="348000" total="1048576" percent="33" />
      <mem type="survivor" free="0" total="1048576" percent="0" />
    </mem>
    <mem type="tenure" free="6062624" total="6291456" percent="96">
      <mem type="soa" free="5748256" total="5977088" percent="96" />
      <mem type="loa" free="314368" total="314368" percent="100" />
    </mem>
    <pending-finalizers system="0" default="0" reference="147" classloader="0" />
    <remembered-set count="3161" />
  </mem-info>
</gc-end>
<cycle-end id="10" type="scavenge" contextid="4" timestamp="2019-06-14T19:08:55.118" />
  <attribute name="elasticGC enabled" value="1" />
  <attribute name= "numThreadsSpecified" value="0" />
  <attribute name="heapSize specified" value="0" />
  <attribute name="Current GC Util" value="0" />
  <attribute name= "Current Time Running" value="74" />
  <attribute name ="GC Interval" value="1" />
  <attribute name="ProportionalT" value="0.000000" />
  <attribute name="ProportionalI" value="0.000000" />
  <attribute name="ProportionalH" value="0.000000" />
  <attribute name="Current Error" value="0.000000" />
  <attribute name="IntegralT" value="0.000000" />
  <attribute name="IntegralI" value="0.000000" />
  <attribute name="IntegralH" value="0.000000" />
  <attribute name="DerivativeT" value="0.000000" />
  <attribute name="DerivativeI" value="0.000000" />
  <attribute name="DerivativeH" value="0.000000" />
  <attribute name="Loop Time for DT" value="0.000000" />
  <attribute name="Output H" value="0"/>
  <attribute name="Output I" value="0"/>
  <attribute name="Output T" value="0"/>
  <attribute name="Target GC Util Change" value ="20.000000" />
  <attribute name="Current GC Util Change" value="0.000000"/>
  <attribute name="GC Util currently" value="0" />
  <attribute name="CPU Util currently" value="33" />
<allocation-satisfied id="11" threadId="0000000001361700" bytesRequested="7176" />
<af-end id="12" timestamp="2019-06-14T19:08:55.118" threadId="0000000001362088" success="true" from="nursery"/>
<exclusive-end id="13" timestamp="2019-06-14T19:08:55.118" durationms="11.989" />

<exclusive-start id="14" timestamp="2019-06-14T19:08:55.134" intervalms="27.297">
  <response-info timems="0.068" idlems="0.068" threads="0" lastid="0000000001361700" lastname="main" />
</exclusive-start>
<af-start id="15" threadId="0000000001362088" totalBytesRequested="104" timestamp="2019-06-14T19:08:55.134" intervalms="27.214" type="nursery" />
<cycle-start id="16" type="scavenge" contextid="0" timestamp="2019-06-14T19:08:55.134" intervalms="26.894" />
<gc-start id="17" type="scavenge" contextid="16" timestamp="2019-06-14T19:08:55.138">
  <mem-info id="18" free="6054976" total="8388608" percent="72">
    <mem type="nursery" free="0" total="2097152" percent="0">
      <mem type="allocate" free="0" total="1048576" percent="0" />
      <mem type="survivor" free="0" total="1048576" percent="0" />
    </mem>
    <mem type="tenure" free="6054976" total="6291456" percent="96">
      <mem type="soa" free="5740608" total="5977088" percent="96" />
      <mem type="loa" free="314368" total="314368" percent="100" />
    </mem>
    <remembered-set count="3261" />
  </mem-info>
</gc-start>
<allocation-stats totalBytes="354544" >
  <allocated-bytes non-tlh="14824" tlh="339720" />
  <largest-consumer threadName="main" threadId="0000000001361700" bytes="342568" />
</allocation-stats>
<gc-op id="19" type="scavenge" timems="0.756" contextid="16" timestamp="2019-06-14T19:08:55.139">
  <scavenger-info tenureage="5" tenuremask="7fe0" tiltratio="50" />
  <memory-copied type="nursery" objects="10880" bytes="483968" bytesdiscarded="133232" />
  <finalization candidates="11" enqueued="0" />
  <references type="soft" candidates="62" cleared="0" enqueued="0" dynamicThreshold="32" maxThreshold="32" />
  <references type="weak" candidates="235" cleared="91" enqueued="88" />
  <references type="phantom" candidates="35" cleared="11" enqueued="11" />
</gc-op>
<gc-end id="20" type="scavenge" contextid="16" durationms="4.568" usertimems="8.000" systemtimems="0.000" timestamp="2019-06-14T19:08:55.143" activeThreads="4">
  <mem-info id="21" free="6484896" total="8388608" percent="77">
    <mem type="nursery" free="429920" total="2097152" percent="20">
      <mem type="allocate" free="429920" total="1048576" percent="41" />
      <mem type="survivor" free="0" total="1048576" percent="0" />
    </mem>
    <mem type="tenure" free="6054976" total="6291456" percent="96">
      <mem type="soa" free="5740608" total="5977088" percent="96" />
      <mem type="loa" free="314368" total="314368" percent="100" />
    </mem>
    <pending-finalizers system="0" default="0" reference="99" classloader="0" />
    <remembered-set count="3261" />
  </mem-info>
</gc-end>
<cycle-end id="22" type="scavenge" contextid="16" timestamp="2019-06-14T19:08:55.143" />
  <attribute name="elasticGC enabled" value="1" />
  <attribute name= "numThreadsSpecified" value="0" />
  <attribute name="heapSize specified" value="0" />
  <attribute name="Current GC Util" value="44" />
  <attribute name= "Current Time Running" value="100" />
  <attribute name ="GC Interval" value="1" />
  <attribute name="ProportionalT" value="0.000000" />
  <attribute name="ProportionalI" value="0.000000" />
  <attribute name="ProportionalH" value="0.000000" />
  <attribute name="Current Error" value="0.000000" />
  <attribute name="IntegralT" value="0.000000" />
  <attribute name="IntegralI" value="0.000000" />
  <attribute name="IntegralH" value="0.000000" />
  <attribute name="DerivativeT" value="0.000000" />
  <attribute name="DerivativeI" value="0.000000" />
  <attribute name="DerivativeH" value="0.000000" />
  <attribute name="Loop Time for DT" value="74.000000" />
  <attribute name="Output H" value="0"/>
  <attribute name="Output I" value="0"/>
  <attribute name="Output T" value="0"/>
  <attribute name="Target GC Util Change" value ="20.000000" />
  <attribute name="Current GC Util Change" value="44.000000"/>
  <attribute name="GC Util currently" value="44" />
  <attribute name="CPU Util currently" value="8" />
<allocation-satisfied id="23" threadId="0000000001361700" bytesRequested="104" />
<af-end id="24" timestamp="2019-06-14T19:08:55.143" threadId="0000000001362088" success="true" from="nursery"/>
<exclusive-end id="25" timestamp="2019-06-14T19:08:55.143" durationms="9.468" />

<exclusive-start id="26" timestamp="2019-06-14T19:08:55.157" intervalms="23.164">
  <response-info timems="0.029" idlems="0.029" threads="0" lastid="0000000001361700" lastname="main" />
</exclusive-start>
<af-start id="27" threadId="0000000001362088" totalBytesRequested="8184" timestamp="2019-06-14T19:08:55.157" intervalms="23.106" type="nursery" />
<cycle-start id="28" type="scavenge" contextid="0" timestamp="2019-06-14T19:08:55.157" intervalms="23.057" />
<gc-start id="29" type="scavenge" contextid="28" timestamp="2019-06-14T19:08:55.161">
  <mem-info id="30" free="6052896" total="8388608" percent="72">
    <mem type="nursery" free="0" total="2097152" percent="0">
      <mem type="allocate" free="0" total="1048576" percent="0" />
      <mem type="survivor" free="0" total="1048576" percent="0" />
    </mem>
    <mem type="tenure" free="6052896" total="6291456" percent="96">
      <mem type="soa" free="5738528" total="5977088" percent="96" />
      <mem type="loa" free="314368" total="314368" percent="100" />
    </mem>
    <remembered-set count="3286" />
  </mem-info>
</gc-start>
<allocation-stats totalBytes="408488" >
  <allocated-bytes non-tlh="2184" tlh="406304" />
  <largest-consumer threadName="main" threadId="0000000001361700" bytes="400296" />
</allocation-stats>
<gc-op id="31" type="scavenge" timems="0.805" contextid="28" timestamp="2019-06-14T19:08:55.162">
  <scavenger-info tenureage="4" tenuremask="7ff0" tiltratio="50" />
  <memory-copied type="nursery" objects="10918" bytes="504768" bytesdiscarded="32952" />
  <finalization candidates="11" enqueued="0" />
  <references type="soft" candidates="62" cleared="0" enqueued="0" dynamicThreshold="32" maxThreshold="32" />
  <references type="weak" candidates="223" cleared="75" enqueued="75" />
  <references type="phantom" candidates="37" cleared="10" enqueued="10" />
</gc-op>
<gc-end id="32" type="scavenge" contextid="28" durationms="0.991" usertimems="4.000" systemtimems="0.000" timestamp="2019-06-14T19:08:55.162" activeThreads="4">
  <mem-info id="33" free="6562288" total="8388608" percent="78">
    <mem type="nursery" free="509392" total="2097152" percent="24">
      <mem type="allocate" free="509392" total="1048576" percent="48" />
      <mem type="survivor" free="0" total="1048576" percent="0" />
    </mem>
    <mem type="tenure" free="6052896" total="6291456" percent="96">
      <mem type="soa" free="5738528" total="5977088" percent="96" />
      <mem type="loa" free="314368" total="314368" percent="100" />
    </mem>
    <pending-finalizers system="0" default="0" reference="85" classloader="0" />
    <remembered-set count="1016" />
  </mem-info>
</gc-end>
<cycle-end id="34" type="scavenge" contextid="28" timestamp="2019-06-14T19:08:55.162" />
  <attribute name="elasticGC enabled" value="1" />
  <attribute name= "numThreadsSpecified" value="4" />
  <attribute name="heapSize specified" value="0" />
  <attribute name="Current GC Util" value="36" />
  <attribute name= "Current Time Running" value="123" />
  <attribute name ="GC Interval" value="376" />
  <attribute name="ProportionalT" value="8.000000" />
  <attribute name="ProportionalI" value="8.000000" />
  <attribute name="ProportionalH" value="8.000000" />
  <attribute name="Current Error" value="16.000000" />
  <attribute name="IntegralT" value="368.000000" />
  <attribute name="IntegralI" value="368.000000" />
  <attribute name="IntegralH" value="368.000000" />
  <attribute name="DerivativeT" value="0.347826" />
  <attribute name="DerivativeI" value="0.347826" />
  <attribute name="DerivativeH" value="0.347826" />
  <attribute name="Loop Time for DT" value="23.000000" />
  <attribute name="Output H" value="8388608"/>
  <attribute name="Output I" value="376"/>
  <attribute name="Output T" value="4"/>
  <attribute name="Target GC Util Change" value ="20.000000" />
  <attribute name="Current GC Util Change" value="36.000000"/>
  <attribute name="GC Util currently" value="36" />
  <attribute name="CPU Util currently" value="0" />
<allocation-satisfied id="35" threadId="0000000001361700" bytesRequested="8184" />
<af-end id="36" timestamp="2019-06-14T19:08:55.162" threadId="0000000001362088" success="true" from="nursery"/>
<exclusive-end id="37" timestamp="2019-06-14T19:08:55.162" durationms="5.232" />

<exclusive-start id="38" timestamp="2019-06-14T19:08:55.225" intervalms="68.031">
  <response-info timems="0.026" idlems="0.026" threads="0" lastid="0000000001361700" lastname="main" />
</exclusive-start>
<af-start id="39" threadId="0000000001362088" totalBytesRequested="3080" timestamp="2019-06-14T19:08:55.225" intervalms="68.017" type="nursery" />
<cycle-start id="40" type="scavenge" contextid="0" timestamp="2019-06-14T19:08:55.225" intervalms="68.017" />
<gc-start id="41" type="scavenge" contextid="40" timestamp="2019-06-14T19:08:55.225">
  <mem-info id="42" free="6047304" total="8388608" percent="72">
    <mem type="nursery" free="0" total="2097152" percent="0">
      <mem type="allocate" free="0" total="1048576" percent="0" />
      <mem type="survivor" free="0" total="1048576" percent="0" />
    </mem>
    <mem type="tenure" free="6047304" total="6291456" percent="96">
      <mem type="soa" free="5732936" total="5977088" percent="95" />
      <mem type="loa" free="314368" total="314368" percent="100" />
    </mem>
    <remembered-set count="1106" />
  </mem-info>
</gc-start>
<allocation-stats totalBytes="490168" >
  <allocated-bytes non-tlh="13776" tlh="476392" />
  <largest-consumer threadName="main" threadId="0000000001361700" bytes="490168" />
</allocation-stats>
<gc-op id="43" type="scavenge" timems="1.071" contextid="40" timestamp="2019-06-14T19:08:55.226">
  <scavenger-info tenureage="3" tenuremask="fff8" tiltratio="50" />
  <memory-copied type="nursery" objects="803" bytes="136344" bytesdiscarded="93592" />
  <memory-copied type="tenure" objects="10289" bytes="460040" bytesdiscarded="192" />
  <finalization candidates="14" enqueued="1" />
  <references type="soft" candidates="2" cleared="0" enqueued="0" dynamicThreshold="32" maxThreshold="32" />
  <references type="weak" candidates="76" cleared="60" enqueued="60" />
  <references type="phantom" candidates="25" cleared="12" enqueued="12" />
</gc-op>
<gc-end id="44" type="scavenge" contextid="40" durationms="1.249" usertimems="0.000" systemtimems="0.000" timestamp="2019-06-14T19:08:55.226" activeThreads="4">
  <mem-info id="45" free="6308400" total="8388608" percent="75">
    <mem type="nursery" free="818560" total="2097152" percent="39">
      <mem type="allocate" free="818560" total="1048576" percent="78" />
      <mem type="survivor" free="0" total="1048576" percent="0" />
    </mem>
    <mem type="tenure" free="5489840" total="6291456" percent="87">
      <mem type="soa" free="5175472" total="5977088" percent="86" />
      <mem type="loa" free="314368" total="314368" percent="100" />
    </mem>
    <pending-finalizers system="1" default="0" reference="72" classloader="0" />
    <remembered-set count="222" />
  </mem-info>
</gc-end>
<cycle-end id="46" type="scavenge" contextid="40" timestamp="2019-06-14T19:08:55.226" />
  <attribute name="elasticGC enabled" value="1" />
  <attribute name= "numThreadsSpecified" value="4" />
  <attribute name="heapSize specified" value="0" />
  <attribute name="Current GC Util" value="7" />
  <attribute name= "Current Time Running" value="187" />
  <attribute name ="GC Interval" value="200" />
  <attribute name="ProportionalT" value="-6.500000" />
  <attribute name="ProportionalI" value="-6.500000" />
  <attribute name="ProportionalH" value="-6.500000" />
  <attribute name="Current Error" value="-13.000000" />
  <attribute name="IntegralT" value="-464.000000" />
  <attribute name="IntegralI" value="-464.000000" />
  <attribute name="IntegralH" value="-464.000000" />
  <attribute name="DerivativeT" value="-0.226562" />
  <attribute name="DerivativeI" value="-0.226562" />
  <attribute name="DerivativeH" value="-0.226562" />
  <attribute name="Loop Time for DT" value="64.000000" />
  <attribute name="Output H" value="2092630016"/>
  <attribute name="Output I" value="200"/>
  <attribute name="Output T" value="4"/>
  <attribute name="Target GC Util Change" value ="20.000000" />
  <attribute name="Current GC Util Change" value="7.000000"/>
  <attribute name="GC Util currently" value="7" />
  <attribute name="CPU Util currently" value="71692154480" />
<allocation-satisfied id="47" threadId="0000000001361700" bytesRequested="3080" />
<af-end id="48" timestamp="2019-06-14T19:08:55.227" threadId="0000000001362088" success="true" from="nursery"/>
<exclusive-end id="49" timestamp="2019-06-14T19:08:55.227" durationms="1.785" />

<exclusive-start id="50" timestamp="2019-06-14T19:08:55.298" intervalms="72.698">
  <response-info timems="0.059" idlems="0.059" threads="0" lastid="0000000001361700" lastname="main" />
</exclusive-start>
<af-start id="51" threadId="0000000001362088" totalBytesRequested="72" timestamp="2019-06-14T19:08:55.298" intervalms="72.756" type="nursery" />
<cycle-start id="52" type="scavenge" contextid="0" timestamp="2019-06-14T19:08:55.298" intervalms="72.772" />
<gc-start id="53" type="scavenge" contextid="52" timestamp="2019-06-14T19:08:55.298">
  <mem-info id="54" free="5404720" total="8388608" percent="64">
    <mem type="nursery" free="0" total="2097152" percent="0">
      <mem type="allocate" free="0" total="1048576" percent="0" />
      <mem type="survivor" free="0" total="1048576" percent="0" />
    </mem>
    <mem type="tenure" free="5404720" total="6291456" percent="85">
      <mem type="soa" free="5090352" total="5977088" percent="85" />
      <mem type="loa" free="314368" total="314368" percent="100" />
    </mem>
    <remembered-set count="1633" />
  </mem-info>
</gc-start>
<allocation-stats totalBytes="903112" >
  <allocated-bytes non-tlh="209928" tlh="693184" />
  <largest-consumer threadName="main" threadId="0000000001361700" bytes="899016" />
</allocation-stats>
<gc-op id="55" type="scavenge" timems="0.763" contextid="52" timestamp="2019-06-14T19:08:55.299">
  <scavenger-info tenureage="3" tenuremask="fff8" tiltratio="50" />
  <memory-copied type="nursery" objects="6196" bytes="320104" bytesdiscarded="111120" />
  <memory-copied type="tenure" objects="294" bytes="14784" bytesdiscarded="8" />
  <finalization candidates="46" enqueued="0" />
  <ownableSynchronizers candidates="1" cleared="0" />
  <references type="soft" candidates="46" cleared="0" enqueued="0" dynamicThreshold="32" maxThreshold="32" />
  <references type="weak" candidates="675" cleared="272" enqueued="188" />
  <references type="phantom" candidates="11" cleared="2" enqueued="2" />
</gc-op>
<gc-end id="56" type="scavenge" contextid="52" durationms="1.067" usertimems="0.000" systemtimems="0.000" timestamp="2019-06-14T19:08:55.299" activeThreads="4">
  <mem-info id="57" free="5842832" total="8388608" percent="69">
    <mem type="nursery" free="617056" total="2097152" percent="29">
      <mem type="allocate" free="617056" total="1048576" percent="58" />
      <mem type="survivor" free="0" total="1048576" percent="0" />
    </mem>
    <mem type="tenure" free="5225776" total="6291456" percent="83">
      <mem type="soa" free="4911408" total="5977088" percent="82" />
      <mem type="loa" free="314368" total="314368" percent="100" />
    </mem>
    <pending-finalizers system="0" default="0" reference="190" classloader="0" />
    <remembered-set count="1587" />
  </mem-info>
</gc-end>
<cycle-end id="58" type="scavenge" contextid="52" timestamp="2019-06-14T19:08:55.299" />
  <attribute name="elasticGC enabled" value="1" />
  <attribute name= "numThreadsSpecified" value="4" />
  <attribute name="heapSize specified" value="0" />
  <attribute name="Current GC Util" value="2" />
  <attribute name= "Current Time Running" value="260" />
  <attribute name ="GC Interval" value="200" />
  <attribute name="ProportionalT" value="-9.000000" />
  <attribute name="ProportionalI" value="-9.000000" />
  <attribute name="ProportionalH" value="-9.000000" />
  <attribute name="Current Error" value="-18.000000" />
  <attribute name="IntegralT" value="-1778.000000" />
  <attribute name="IntegralI" value="-1778.000000" />
  <attribute name="IntegralH" value="-1778.000000" />
  <attribute name="DerivativeT" value="-0.123288" />
  <attribute name="DerivativeI" value="-0.123288" />
  <attribute name="DerivativeH" value="-0.123288" />
  <attribute name="Loop Time for DT" value="73.000000" />
  <attribute name="Output H" value="2092630016"/>
  <attribute name="Output I" value="200"/>
  <attribute name="Output T" value="4"/>
  <attribute name="Target GC Util Change" value ="20.000000" />
  <attribute name="Current GC Util Change" value="2.000000"/>
  <attribute name="GC Util currently" value="2" />
  <attribute name="CPU Util currently" value="18" />
<allocation-satisfied id="59" threadId="0000000001361700" bytesRequested="72" />
<af-end id="60" timestamp="2019-06-14T19:08:55.299" threadId="0000000001362088" success="true" from="nursery"/>
<exclusive-end id="61" timestamp="2019-06-14T19:08:55.299" durationms="1.689" />

<exclusive-start id="62" timestamp="2019-06-14T19:08:55.380" intervalms="82.315">
  <response-info timems="0.025" idlems="0.025" threads="0" lastid="0000000001361700" lastname="main" />
</exclusive-start>
<af-start id="63" threadId="0000000001362088" totalBytesRequested="196616" timestamp="2019-06-14T19:08:55.380" intervalms="82.266" type="nursery" />
<cycle-start id="64" type="scavenge" contextid="0" timestamp="2019-06-14T19:08:55.380" intervalms="82.212" />
<gc-start id="65" type="scavenge" contextid="64" timestamp="2019-06-14T19:08:55.380">
  <mem-info id="66" free="5163784" total="8388608" percent="61">
    <mem type="nursery" free="6680" total="2097152" percent="0">
      <mem type="allocate" free="6680" total="1048576" percent="0" />
      <mem type="survivor" free="0" total="1048576" percent="0" />
    </mem>
    <mem type="tenure" free="5157104" total="6291456" percent="81">
      <mem type="soa" free="4842736" total="5977088" percent="81" />
      <mem type="loa" free="314368" total="314368" percent="100" />
    </mem>
    <remembered-set count="2540" />
  </mem-info>
</gc-start>
<allocation-stats totalBytes="678056" >
  <allocated-bytes non-tlh="68744" tlh="609312" />
  <largest-consumer threadName="main" threadId="0000000001361700" bytes="666224" />
</allocation-stats>
<gc-op id="67" type="scavenge" timems="0.916" contextid="64" timestamp="2019-06-14T19:08:55.381">
  <scavenger-info tenureage="2" tenuremask="fffc" tiltratio="50" />
  <memory-copied type="nursery" objects="9126" bytes="389888" bytesdiscarded="97264" />
  <memory-copied type="tenure" objects="293" bytes="89376" bytesdiscarded="0" />
  <finalization candidates="113" enqueued="0" />
  <ownableSynchronizers candidates="3" cleared="0" />
  <references type="soft" candidates="67" cleared="0" enqueued="0" dynamicThreshold="32" maxThreshold="32" />
  <references type="weak" candidates="617" cleared="27" enqueued="13" />
  <references type="phantom" candidates="10" cleared="0" enqueued="0" />
</gc-op>
<gc-end id="68" type="scavenge" contextid="64" durationms="1.097" usertimems="0.000" systemtimems="0.000" timestamp="2019-06-14T19:08:55.381" activeThreads="4">
  <mem-info id="69" free="5717968" total="8388608" percent="68">
    <mem type="nursery" free="560864" total="2097152" percent="26">
      <mem type="allocate" free="560864" total="1048576" percent="53" />
      <mem type="survivor" free="0" total="1048576" percent="0" />
    </mem>
    <mem type="tenure" free="5157104" total="6291456" percent="81">
      <mem type="soa" free="4842736" total="5977088" percent="81" />
      <mem type="loa" free="314368" total="314368" percent="100" />
    </mem>
    <pending-finalizers system="0" default="0" reference="13" classloader="0" />
    <remembered-set count="2432" />
  </mem-info>
</gc-end>
<cycle-end id="70" type="scavenge" contextid="64" timestamp="2019-06-14T19:08:55.381" />
  <attribute name="elasticGC enabled" value="1" />
  <attribute name= "numThreadsSpecified" value="4" />
  <attribute name="heapSize specified" value="0" />
  <attribute name="Current GC Util" value="1" />
  <attribute name= "Current Time Running" value="342" />
  <attribute name ="GC Interval" value="200" />
  <attribute name="ProportionalT" value="-9.500000" />
  <attribute name="ProportionalI" value="-9.500000" />
  <attribute name="ProportionalH" value="-9.500000" />
  <attribute name="Current Error" value="-19.000000" />
  <attribute name="IntegralT" value="-3336.000000" />
  <attribute name="IntegralI" value="-3336.000000" />
  <attribute name="IntegralH" value="-3336.000000" />
  <attribute name="DerivativeT" value="-0.115854" />
  <attribute name="DerivativeI" value="-0.115854" />
  <attribute name="DerivativeH" value="-0.115854" />
  <attribute name="Loop Time for DT" value="82.000000" />
  <attribute name="Output H" value="2092630016"/>
  <attribute name="Output I" value="200"/>
  <attribute name="Output T" value="4"/>
  <attribute name="Target GC Util Change" value ="20.000000" />
  <attribute name="Current GC Util Change" value="1.000000"/>
  <attribute name="GC Util currently" value="1" />
  <attribute name="CPU Util currently" value="21" />
<allocation-satisfied id="71" threadId="0000000001361700" bytesRequested="196616" />
<af-end id="72" timestamp="2019-06-14T19:08:55.381" threadId="0000000001362088" success="true" from="nursery"/>
<exclusive-end id="73" timestamp="2019-06-14T19:08:55.381" durationms="1.573" />

<exclusive-start id="74" timestamp="2019-06-14T19:08:55.395" intervalms="15.047">
  <response-info timems="0.069" idlems="0.069" threads="0" lastid="0000000001361700" lastname="main" />
</exclusive-start>
<af-start id="75" threadId="0000000001362088" totalBytesRequested="262152" timestamp="2019-06-14T19:08:55.395" intervalms="15.115" type="nursery" />
<cycle-start id="76" type="scavenge" contextid="0" timestamp="2019-06-14T19:08:55.395" intervalms="15.201" />
<gc-start id="77" type="scavenge" contextid="76" timestamp="2019-06-14T19:08:55.395">
  <mem-info id="78" free="5245424" total="8388608" percent="62">
    <mem type="nursery" free="89816" total="2097152" percent="4">
      <mem type="allocate" free="89816" total="1048576" percent="8" />
      <mem type="survivor" free="0" total="1048576" percent="0" />
    </mem>
    <mem type="tenure" free="5155608" total="6291456" percent="81">
      <mem type="soa" free="4841240" total="5977088" percent="80" />
      <mem type="loa" free="314368" total="314368" percent="100" />
    </mem>
    <remembered-set count="2451" />
  </mem-info>
</gc-start>
<allocation-stats totalBytes="471032" >
  <allocated-bytes non-tlh="198112" tlh="272920" />
  <largest-consumer threadName="main" threadId="0000000001361700" bytes="462840" />
</allocation-stats>
<gc-op id="79" type="scavenge" timems="0.770" contextid="76" timestamp="2019-06-14T19:08:55.396">
  <scavenger-info tenureage="1" tenuremask="7ffe" tiltratio="50" />
  <memory-copied type="nursery" objects="26" bytes="202248" bytesdiscarded="72688" />
  <memory-copied type="tenure" objects="9045" bytes="351232" bytesdiscarded="88" />
  <finalization candidates="111" enqueued="0" />
  <ownableSynchronizers candidates="3" cleared="0" />
  <references type="weak" candidates="1" cleared="1" enqueued="1" />
</gc-op>
<gc-end id="80" type="scavenge" contextid="76" durationms="1.218" usertimems="0.000" systemtimems="0.000" timestamp="2019-06-14T19:08:55.397" activeThreads="4">
  <mem-info id="81" free="5640960" total="8388608" percent="67">
    <mem type="nursery" free="904696" total="2097152" percent="43">
      <mem type="allocate" free="904696" total="1179648" percent="76" />
      <mem type="survivor" free="0" total="917504" percent="0" />
    </mem>
    <mem type="tenure" free="4736264" total="6291456" percent="75">
      <mem type="soa" free="4421896" total="5977088" percent="73" />
      <mem type="loa" free="314368" total="314368" percent="100" />
    </mem>
    <pending-finalizers system="0" default="0" reference="1" classloader="0" />
    <remembered-set count="1018" />
  </mem-info>
</gc-end>
<cycle-end id="82" type="scavenge" contextid="76" timestamp="2019-06-14T19:08:55.397" />
  <attribute name="elasticGC enabled" value="1" />
  <attribute name= "numThreadsSpecified" value="4" />
  <attribute name="heapSize specified" value="0" />
  <attribute name="Current GC Util" value="10" />
  <attribute name= "Current Time Running" value="357" />
  <attribute name ="GC Interval" value="200" />
  <attribute name="ProportionalT" value="-5.000000" />
  <attribute name="ProportionalI" value="-5.000000" />
  <attribute name="ProportionalH" value="-5.000000" />
  <attribute name="Current Error" value="-10.000000" />
  <attribute name="IntegralT" value="-3486.000000" />
  <attribute name="IntegralI" value="-3486.000000" />
  <attribute name="IntegralH" value="-3486.000000" />
  <attribute name="DerivativeT" value="-0.333333" />
  <attribute name="DerivativeI" value="-0.333333" />
  <attribute name="DerivativeH" value="-0.333333" />
  <attribute name="Loop Time for DT" value="15.000000" />
  <attribute name="Output H" value="2092630016"/>
  <attribute name="Output I" value="200"/>
  <attribute name="Output T" value="4"/>
  <attribute name="Target GC Util Change" value ="20.000000" />
  <attribute name="Current GC Util Change" value="10.000000"/>
  <attribute name="GC Util currently" value="10" />
  <attribute name="CPU Util currently" value="298232285476" />
<allocation-satisfied id="83" threadId="0000000001361700" bytesRequested="262152" />
<af-end id="84" timestamp="2019-06-14T19:08:55.397" threadId="0000000001362088" success="true" from="nursery"/>
<exclusive-end id="85" timestamp="2019-06-14T19:08:55.397" durationms="1.905" />

<exclusive-start id="86" timestamp="2019-06-14T19:08:55.418" intervalms="23.508">
  <response-info timems="0.077" idlems="0.077" threads="0" lastid="0000000001361700" lastname="main" />
</exclusive-start>
<af-start id="87" threadId="0000000001362088" totalBytesRequested="16" timestamp="2019-06-14T19:08:55.419" intervalms="23.509" type="nursery" />
<cycle-start id="88" type="scavenge" contextid="0" timestamp="2019-06-14T19:08:55.419" intervalms="23.496" />
<gc-start id="89" type="scavenge" contextid="88" timestamp="2019-06-14T19:08:55.419">
  <mem-info id="90" free="4736264" total="8388608" percent="56">
    <mem type="nursery" free="0" total="2097152" percent="0">
      <mem type="allocate" free="0" total="1179648" percent="0" />
      <mem type="survivor" free="0" total="917504" percent="0" />
    </mem>
    <mem type="tenure" free="4736264" total="6291456" percent="75">
      <mem type="soa" free="4421896" total="5977088" percent="73" />
      <mem type="loa" free="314368" total="314368" percent="100" />
    </mem>
    <remembered-set count="1018" />
  </mem-info>
</gc-start>
<allocation-stats totalBytes="904696" >
  <allocated-bytes non-tlh="262152" tlh="642544" />
  <largest-consumer threadName="main" threadId="0000000001361700" bytes="904696" />
</allocation-stats>
<gc-op id="91" type="scavenge" timems="0.311" contextid="88" timestamp="2019-06-14T19:08:55.419">
  <scavenger-info tenureage="1" tenuremask="7ffe" tiltratio="56" />
  <memory-copied type="nursery" objects="1" bytes="262152" bytesdiscarded="0" />
  <memory-copied type="tenure" objects="22" bytes="202112" bytesdiscarded="0" />
</gc-op>
<gc-end id="92" type="scavenge" contextid="88" durationms="0.677" usertimems="0.000" systemtimems="0.000" timestamp="2019-06-14T19:08:55.419" activeThreads="4">
  <mem-info id="93" free="5522680" total="8388608" percent="65">
    <mem type="nursery" free="983032" total="2097152" percent="46">
      <mem type="allocate" free="983032" total="1245184" percent="78" />
      <mem type="survivor" free="0" total="851968" percent="0" />
    </mem>
    <mem type="tenure" free="4539648" total="6291456" percent="72">
      <mem type="soa" free="4225280" total="5977088" percent="70" />
      <mem type="loa" free="314368" total="314368" percent="100" />
    </mem>
    <remembered-set count="82" />
  </mem-info>
</gc-end>
<cycle-end id="94" type="scavenge" contextid="88" timestamp="2019-06-14T19:08:55.420" />
  <attribute name="elasticGC enabled" value="1" />
  <attribute name= "numThreadsSpecified" value="4" />
  <attribute name="heapSize specified" value="0" />
  <attribute name="Current GC Util" value="6" />
  <attribute name= "Current Time Running" value="381" />
  <attribute name ="GC Interval" value="200" />
  <attribute name="ProportionalT" value="-7.000000" />
  <attribute name="ProportionalI" value="-7.000000" />
  <attribute name="ProportionalH" value="-7.000000" />
  <attribute name="Current Error" value="-14.000000" />
  <attribute name="IntegralT" value="-336.000000" />
  <attribute name="IntegralI" value="-336.000000" />
  <attribute name="IntegralH" value="-336.000000" />
  <attribute name="DerivativeT" value="-0.291667" />
  <attribute name="DerivativeI" value="-0.291667" />
  <attribute name="DerivativeH" value="-0.291667" />
  <attribute name="Loop Time for DT" value="24.000000" />
  <attribute name="Output H" value="2092630016"/>
  <attribute name="Output I" value="200"/>
  <attribute name="Output T" value="4"/>
  <attribute name="Target GC Util Change" value ="20.000000" />
  <attribute name="Current GC Util Change" value="6.000000"/>
  <attribute name="GC Util currently" value="6" />
  <attribute name="CPU Util currently" value="196584709945" />
<allocation-satisfied id="95" threadId="0000000001361700" bytesRequested="16" />
<af-end id="96" timestamp="2019-06-14T19:08:55.420" threadId="0000000001362088" success="true" from="nursery"/>
<exclusive-end id="97" timestamp="2019-06-14T19:08:55.420" durationms="1.368" />

<exclusive-start id="98" timestamp="2019-06-14T19:08:55.426" intervalms="7.738">
  <response-info timems="0.085" idlems="0.085" threads="0" lastid="0000000001361700" lastname="main" />
</exclusive-start>
<sys-start reason="explicit" id="99" timestamp="2019-06-14T19:08:55.426" intervalms="501.722" />
<cycle-start id="100" type="global" contextid="0" timestamp="2019-06-14T19:08:55.427" intervalms="502.210" />
<gc-start id="101" type="global" contextid="100" timestamp="2019-06-14T19:08:55.427">
  <mem-info id="102" free="4789488" total="8388608" percent="57">
    <mem type="nursery" free="249840" total="2097152" percent="11">
      <mem type="allocate" free="249840" total="1245184" percent="20" />
      <mem type="survivor" free="0" total="851968" percent="0" />
    </mem>
    <mem type="tenure" free="4539648" total="6291456" percent="72">
      <mem type="soa" free="4225280" total="5977088" percent="70" />
      <mem type="loa" free="314368" total="314368" percent="100" />
    </mem>
    <remembered-set count="86" />
  </mem-info>
</gc-start>
<allocation-stats totalBytes="733192" >
  <allocated-bytes non-tlh="262168" tlh="471024" />
  <largest-consumer threadName="main" threadId="0000000001361700" bytes="733192" />
</allocation-stats>
<gc-op id="103" type="mark" timems="1.584" contextid="100" timestamp="2019-06-14T19:08:55.429">
  <trace-info objectcount="29276" scancount="23463" scanbytes="763348" />
  <finalization candidates="124" enqueued="0" />
  <ownableSynchronizers candidates="3" cleared="0" />
  <references type="soft" candidates="131" cleared="0" enqueued="0" dynamicThreshold="32" maxThreshold="32" />
  <references type="weak" candidates="735" cleared="56" enqueued="29" />
  <references type="phantom" candidates="37" cleared="1" enqueued="1" />
  <stringconstants candidates="3958" cleared="0"  />
</gc-op>
<gc-op id="104" type="classunload" timems="0.068" contextid="100" timestamp="2019-06-14T19:08:55.429">
  <classunload-info classloadercandidates="7" classloadersunloaded="0" classesunloaded="0" anonymousclassesunloaded="0" quiescems="0.000" setupms="0.067" scanms="0.001" postms="0.000" />
</gc-op>
<gc-op id="105" type="sweep" timems="0.405" contextid="100" timestamp="2019-06-14T19:08:55.429" />
<mem-info id="106" free="5692392" total="8388608" percent="67">
  <mem type="nursery" free="720576" total="2097152" percent="34">
    <mem type="allocate" free="720576" total="1245184" percent="57" />
    <mem type="survivor" free="0" total="851968" percent="0" />
  </mem>
  <mem type="tenure" free="4971816" total="6291456" percent="79" micro-fragmented="17324" macro-fragmented="0">
    <mem type="soa" free="4657448" total="5977088" percent="77" />
    <mem type="loa" free="314368" total="314368" percent="100" />
  </mem>
  <pending-finalizers system="0" default="0" reference="30" classloader="0" />
  <remembered-set count="83" />
</mem-info>
<gc-op id="107" type="compact" timems="6.085" contextid="100" timestamp="2019-06-14T19:08:55.435">
  <compact-info movecount="24854" movebytes="1649416" reason="compact to aid heap contraction" />
</gc-op>
<gc-end id="108" type="global" contextid="100" durationms="9.316" usertimems="4.000" systemtimems="8.000" timestamp="2019-06-14T19:08:55.436" activeThreads="4">
  <mem-info id="109" free="5703504" total="8388608" percent="67">
    <mem type="nursery" free="720656" total="2097152" percent="34">
      <mem type="allocate" free="720656" total="1245184" percent="57" />
      <mem type="survivor" free="0" total="851968" percent="0" />
    </mem>
    <mem type="tenure" free="4982848" total="6291456" percent="79">
      <mem type="soa" free="4668480" total="5977088" percent="78" />
      <mem type="loa" free="314368" total="314368" percent="100" />
    </mem>
    <pending-finalizers system="0" default="0" reference="30" classloader="0" />
    <remembered-set count="83" />
  </mem-info>
</gc-end>
<cycle-end id="110" type="global" contextid="100" timestamp="2019-06-14T19:08:55.436" />
  <attribute name="elasticGC enabled" value="1" />
  <attribute name= "numThreadsSpecified" value="4" />
  <attribute name="heapSize specified" value="8388608" />
  <attribute name="Current GC Util" value="27" />
  <attribute name= "Current Time Running" value="397" />
  <attribute name ="GC Interval" value="200" />
  <attribute name="ProportionalT" value="3.500000" />
  <attribute name="ProportionalI" value="3.500000" />
  <attribute name="ProportionalH" value="3.500000" />
  <attribute name="Current Error" value="7.000000" />
  <attribute name="IntegralT" value="42.000000" />
  <attribute name="IntegralI" value="42.000000" />
  <attribute name="IntegralH" value="42.000000" />
  <attribute name="DerivativeT" value="0.583333" />
  <attribute name="DerivativeI" value="0.583333" />
  <attribute name="DerivativeH" value="0.583333" />
  <attribute name="Loop Time for DT" value="6.000000" />
  <attribute name="Output H" value="8388608"/>
  <attribute name="Output I" value="200"/>
  <attribute name="Output T" value="4"/>
  <attribute name="Target GC Util Change" value ="20.000000" />
  <attribute name="Current GC Util Change" value="27.000000"/>
  <attribute name="GC Util currently" value="27" />
  <attribute name="CPU Util currently" value="739487643495" />
<sys-end id="111" timestamp="2019-06-14T19:08:55.436" />
<exclusive-end id="112" timestamp="2019-06-14T19:08:55.436" durationms="10.283" />

<exclusive-start id="113" timestamp="2019-06-14T19:08:55.452" intervalms="25.501">
  <response-info timems="0.039" idlems="0.039" threads="0" lastid="0000000001361700" lastname="main" />
</exclusive-start>
<af-start id="114" threadId="0000000001362088" totalBytesRequested="128" timestamp="2019-06-14T19:08:55.452" intervalms="33.165" type="nursery" />
<cycle-start id="115" type="scavenge" contextid="0" timestamp="2019-06-14T19:08:55.452" intervalms="33.094" />
<gc-start id="116" type="scavenge" contextid="115" timestamp="2019-06-14T19:08:55.452">
  <mem-info id="117" free="4980712" total="8388608" percent="59">
    <mem type="nursery" free="0" total="2097152" percent="0">
      <mem type="allocate" free="0" total="1245184" percent="0" />
      <mem type="survivor" free="0" total="851968" percent="0" />
    </mem>
    <mem type="tenure" free="4980712" total="6291456" percent="79">
      <mem type="soa" free="4666344" total="5977088" percent="78" />
      <mem type="loa" free="314368" total="314368" percent="100" />
    </mem>
    <remembered-set count="164" />
  </mem-info>
</gc-start>
<allocation-stats totalBytes="722280" >
  <allocated-bytes non-tlh="167224" tlh="555056" />
  <largest-consumer threadName="main" threadId="0000000001361700" bytes="718184" />
</allocation-stats>
<gc-op id="118" type="scavenge" timems="0.424" contextid="115" timestamp="2019-06-14T19:08:55.452">
  <scavenger-info tenureage="1" tenuremask="7ffe" tiltratio="59" />
  <memory-copied type="nursery" objects="4209" bytes="553360" bytesdiscarded="110112" />
  <memory-copied type="tenure" objects="1" bytes="262152" bytesdiscarded="0" />
  <ownableSynchronizers candidates="6" cleared="6" />
  <references type="soft" candidates="3" cleared="0" enqueued="0" dynamicThreshold="25" maxThreshold="32" />
  <references type="weak" candidates="20" cleared="11" enqueued="9" />
  <references type="phantom" candidates="2" cleared="0" enqueued="0" />
</gc-op>
<gc-end id="119" type="scavenge" contextid="115" durationms="0.702" usertimems="0.000" systemtimems="0.000" timestamp="2019-06-14T19:08:55.453" activeThreads="4">
  <mem-info id="120" free="5234696" total="8388608" percent="62">
    <mem type="nursery" free="516136" total="2097152" percent="24">
      <mem type="allocate" free="516136" total="1179648" percent="43" />
      <mem type="survivor" free="0" total="917504" percent="0" />
    </mem>
    <mem type="tenure" free="4718560" total="6291456" percent="74">
      <mem type="soa" free="4404192" total="5977088" percent="73" />
      <mem type="loa" free="314368" total="314368" percent="100" />
    </mem>
    <pending-finalizers system="0" default="0" reference="9" classloader="0" />
    <remembered-set count="142" />
  </mem-info>
</gc-end>
<cycle-end id="121" type="scavenge" contextid="115" timestamp="2019-06-14T19:08:55.453" />
  <attribute name="elasticGC enabled" value="1" />
  <attribute name= "numThreadsSpecified" value="4" />
  <attribute name="heapSize specified" value="8388608" />
  <attribute name="Current GC Util" value="46" />
  <attribute name= "Current Time Running" value="414" />
  <attribute name ="GC Interval" value="456" />
  <attribute name="ProportionalT" value="13.000000" />
  <attribute name="ProportionalI" value="13.000000" />
  <attribute name="ProportionalH" value="13.000000" />
  <attribute name="Current Error" value="26.000000" />
  <attribute name="IntegralT" value="442.000000" />
  <attribute name="IntegralI" value="442.000000" />
  <attribute name="IntegralH" value="442.000000" />
  <attribute name="DerivativeT" value="0.558824" />
  <attribute name="DerivativeI" value="0.558824" />
  <attribute name="DerivativeH" value="0.558824" />
  <attribute name="Loop Time for DT" value="17.000000" />
  <attribute name="Output H" value="8388608"/>
  <attribute name="Output I" value="456"/>
  <attribute name="Output T" value="4"/>
  <attribute name="Target GC Util Change" value ="20.000000" />
  <attribute name="Current GC Util Change" value="46.000000"/>
  <attribute name="GC Util currently" value="46" />
  <attribute name="CPU Util currently" value="280385061876" />
<allocation-satisfied id="122" threadId="0000000001361700" bytesRequested="128" />
<af-end id="123" timestamp="2019-06-14T19:08:55.453" threadId="0000000001362088" success="true" from="nursery"/>
<exclusive-end id="124" timestamp="2019-06-14T19:08:55.453" durationms="1.167" />

<exclusive-start id="125" timestamp="2019-06-14T19:08:55.485" intervalms="33.241">
  <response-info timems="0.082" idlems="0.082" threads="0" lastid="0000000001361700" lastname="main" />
</exclusive-start>
<af-start id="126" threadId="0000000001362088" totalBytesRequested="56" timestamp="2019-06-14T19:08:55.485" intervalms="33.279" type="nursery" />
<cycle-start id="127" type="scavenge" contextid="0" timestamp="2019-06-14T19:08:55.485" intervalms="33.327" />
<gc-start id="128" type="scavenge" contextid="127" timestamp="2019-06-14T19:08:55.485">
  <mem-info id="129" free="4702464" total="8388608" percent="56">
    <mem type="nursery" free="0" total="2097152" percent="0">
      <mem type="allocate" free="0" total="1179648" percent="0" />
      <mem type="survivor" free="0" total="917504" percent="0" />
    </mem>
    <mem type="tenure" free="4702464" total="6291456" percent="74">
      <mem type="soa" free="4388096" total="5977088" percent="73" />
      <mem type="loa" free="314368" total="314368" percent="100" />
    </mem>
    <remembered-set count="395" />
  </mem-info>
</gc-start>
<allocation-stats totalBytes="531992" >
  <allocated-bytes non-tlh="16224" tlh="515768" />
  <largest-consumer threadName="main" threadId="0000000001361700" bytes="527896" />
</allocation-stats>
<gc-op id="130" type="scavenge" timems="0.749" contextid="127" timestamp="2019-06-14T19:08:55.486">
  <scavenger-info tenureage="1" tenuremask="7ffe" tiltratio="56" />
  <memory-copied type="nursery" objects="6858" bytes="275408" bytesdiscarded="51728" />
  <memory-copied type="tenure" objects="4178" bytes="552120" bytesdiscarded="120" />
  <references type="soft" candidates="9" cleared="0" enqueued="0" dynamicThreshold="25" maxThreshold="32" />
  <references type="weak" candidates="4" cleared="0" enqueued="0" />
</gc-op>
<gc-end id="131" type="scavenge" contextid="127" durationms="1.148" usertimems="0.000" systemtimems="0.000" timestamp="2019-06-14T19:08:55.486" activeThreads="4">
  <mem-info id="132" free="5006696" total="8388608" percent="59">
    <mem type="nursery" free="918016" total="2097152" percent="43">
      <mem type="allocate" free="918016" total="1245184" percent="73" />
      <mem type="survivor" free="0" total="851968" percent="0" />
    </mem>
    <mem type="tenure" free="4088680" total="6291456" percent="64">
      <mem type="soa" free="3774312" total="5977088" percent="63" />
      <mem type="loa" free="314368" total="314368" percent="100" />
    </mem>
    <remembered-set count="385" />
  </mem-info>
</gc-end>
<cycle-end id="133" type="scavenge" contextid="127" timestamp="2019-06-14T19:08:55.486" />
  <attribute name="elasticGC enabled" value="1" />
  <attribute name= "numThreadsSpecified" value="4" />
  <attribute name="heapSize specified" value="8388608" />
  <attribute name="Current GC Util" value="2" />
  <attribute name= "Current Time Running" value="447" />
  <attribute name ="GC Interval" value="200" />
  <attribute name="ProportionalT" value="-9.000000" />
  <attribute name="ProportionalI" value="-9.000000" />
  <attribute name="ProportionalH" value="-9.000000" />
  <attribute name="Current Error" value="-18.000000" />
  <attribute name="IntegralT" value="-594.000000" />
  <attribute name="IntegralI" value="-594.000000" />
  <attribute name="IntegralH" value="-594.000000" />
  <attribute name="DerivativeT" value="-0.666667" />
  <attribute name="DerivativeI" value="-0.666667" />
  <attribute name="DerivativeH" value="-0.666667" />
  <attribute name="Loop Time for DT" value="33.000000" />
  <attribute name="Output H" value="2092630016"/>
  <attribute name="Output I" value="200"/>
  <attribute name="Output T" value="4"/>
  <attribute name="Target GC Util Change" value ="20.000000" />
  <attribute name="Current GC Util Change" value="2.000000"/>
  <attribute name="GC Util currently" value="2" />
  <attribute name="CPU Util currently" value="137883063198" />
<allocation-satisfied id="134" threadId="0000000001361700" bytesRequested="56" />
<af-end id="135" timestamp="2019-06-14T19:08:55.487" threadId="0000000001362088" success="true" from="nursery"/>
<exclusive-end id="136" timestamp="2019-06-14T19:08:55.487" durationms="1.888" />

<exclusive-start id="137" timestamp="2019-06-14T19:08:55.561" intervalms="76.355">
  <response-info timems="0.072" idlems="0.072" threads="0" lastid="0000000001361700" lastname="main" />
</exclusive-start>
<af-start id="138" threadId="0000000001362088" totalBytesRequested="168" timestamp="2019-06-14T19:08:55.561" intervalms="76.373" type="nursery" />
<cycle-start id="139" type="scavenge" contextid="0" timestamp="2019-06-14T19:08:55.561" intervalms="76.352" />
<gc-start id="140" type="scavenge" contextid="139" timestamp="2019-06-14T19:08:55.562">
  <mem-info id="141" free="4063632" total="8388608" percent="48">
    <mem type="nursery" free="0" total="2097152" percent="0">
      <mem type="allocate" free="0" total="1245184" percent="0" />
      <mem type="survivor" free="0" total="851968" percent="0" />
    </mem>
    <mem type="tenure" free="4063632" total="6291456" percent="64">
      <mem type="soa" free="3749264" total="5977088" percent="62" />
      <mem type="loa" free="314368" total="314368" percent="100" />
    </mem>
    <remembered-set count="728" />
  </mem-info>
</gc-start>
<allocation-stats totalBytes="942248" >
  <allocated-bytes non-tlh="209424" tlh="732824" />
  <largest-consumer threadName="main" threadId="0000000001361700" bytes="942248" />
</allocation-stats>
<gc-op id="142" type="scavenge" timems="0.620" contextid="139" timestamp="2019-06-14T19:08:55.562">
  <scavenger-info tenureage="1" tenuremask="7ffe" tiltratio="59" />
  <memory-copied type="nursery" objects="1879" bytes="115392" bytesdiscarded="67720" />
  <memory-copied type="tenure" objects="4159" bytes="178744" bytesdiscarded="64" />
  <references type="soft" candidates="1" cleared="0" enqueued="0" dynamicThreshold="25" maxThreshold="32" />
  <references type="weak" candidates="13" cleared="11" enqueued="11" />
</gc-op>
<gc-end id="143" type="scavenge" contextid="139" durationms="0.823" usertimems="0.000" systemtimems="0.000" timestamp="2019-06-14T19:08:55.562" activeThreads="4">
  <mem-info id="144" free="4995328" total="8388608" percent="59">
    <mem type="nursery" free="1127536" total="2097152" percent="53">
      <mem type="allocate" free="1127536" total="1310720" percent="86" />
      <mem type="survivor" free="0" total="786432" percent="0" />
    </mem>
    <mem type="tenure" free="3867792" total="6291456" percent="61">
      <mem type="soa" free="3553424" total="5977088" percent="59" />
      <mem type="loa" free="314368" total="314368" percent="100" />
    </mem>
    <pending-finalizers system="0" default="0" reference="11" classloader="0" />
    <remembered-set count="676" />
  </mem-info>
</gc-end>
<cycle-end id="145" type="scavenge" contextid="139" timestamp="2019-06-14T19:08:55.562" />
  <attribute name="elasticGC enabled" value="1" />
  <attribute name= "numThreadsSpecified" value="4" />
  <attribute name="heapSize specified" value="8388608" />
  <attribute name="Current GC Util" value="1" />
  <attribute name= "Current Time Running" value="523" />
  <attribute name ="GC Interval" value="200" />
  <attribute name="ProportionalT" value="-9.500000" />
  <attribute name="ProportionalI" value="-9.500000" />
  <attribute name="ProportionalH" value="-9.500000" />
  <attribute name="Current Error" value="-19.000000" />
  <attribute name="IntegralT" value="-1444.000000" />
  <attribute name="IntegralI" value="-1444.000000" />
  <attribute name="IntegralH" value="-1444.000000" />
  <attribute name="DerivativeT" value="-0.125000" />
  <attribute name="DerivativeI" value="-0.125000" />
  <attribute name="DerivativeH" value="-0.125000" />
  <attribute name="Loop Time for DT" value="76.000000" />
  <attribute name="Output H" value="2092630016"/>
  <attribute name="Output I" value="200"/>
  <attribute name="Output T" value="4"/>
  <attribute name="Target GC Util Change" value ="20.000000" />
  <attribute name="Current GC Util Change" value="1.000000"/>
  <attribute name="GC Util currently" value="1" />
  <attribute name="CPU Util currently" value="18" />
<allocation-satisfied id="146" threadId="0000000001361700" bytesRequested="168" />
<af-end id="147" timestamp="2019-06-14T19:08:55.563" threadId="0000000001362088" success="true" from="nursery"/>
<exclusive-end id="148" timestamp="2019-06-14T19:08:55.563" durationms="1.371" />

<exclusive-start id="149" timestamp="2019-06-14T19:08:55.585" intervalms="23.493">
  <response-info timems="0.027" idlems="0.027" threads="0" lastid="00000000016B2D00" lastname="Thread-3" />
</exclusive-start>
<af-start id="150" threadId="00000000016B3688" totalBytesRequested="432" timestamp="2019-06-14T19:08:55.585" intervalms="23.433" type="nursery" />
<cycle-start id="151" type="scavenge" contextid="0" timestamp="2019-06-14T19:08:55.585" intervalms="23.408" />
<gc-start id="152" type="scavenge" contextid="151" timestamp="2019-06-14T19:08:55.585">
  <mem-info id="153" free="3850536" total="8388608" percent="45">
    <mem type="nursery" free="0" total="2097152" percent="0">
      <mem type="allocate" free="0" total="1310720" percent="0" />
      <mem type="survivor" free="0" total="786432" percent="0" />
    </mem>
    <mem type="tenure" free="3850536" total="6291456" percent="61">
      <mem type="soa" free="3536168" total="5977088" percent="59" />
      <mem type="loa" free="314368" total="314368" percent="100" />
    </mem>
    <remembered-set count="926" />
  </mem-info>
</gc-start>
<allocation-stats totalBytes="1134184" >
  <allocated-bytes non-tlh="234544" tlh="899640" />
  <largest-consumer threadName="main" threadId="0000000001361700" bytes="846056" />
</allocation-stats>
<gc-op id="154" type="scavenge" timems="0.430" contextid="151" timestamp="2019-06-14T19:08:55.585">
  <scavenger-info tenureage="2" tenuremask="7ffc" tiltratio="62" />
  <memory-copied type="nursery" objects="3572" bytes="428728" bytesdiscarded="97008" />
  <references type="soft" candidates="5" cleared="0" enqueued="0" dynamicThreshold="25" maxThreshold="32" />
  <references type="weak" candidates="13" cleared="9" enqueued="9" />
</gc-op>
<gc-end id="155" type="scavenge" contextid="151" durationms="0.619" usertimems="0.000" systemtimems="4.000" timestamp="2019-06-14T19:08:55.586" activeThreads="4">
  <mem-info id="156" free="4635376" total="8388608" percent="55">
    <mem type="nursery" free="784840" total="2097152" percent="37">
      <mem type="allocate" free="784840" total="1310720" percent="59" />
      <mem type="survivor" free="0" total="786432" percent="0" />
    </mem>
    <mem type="tenure" free="3850536" total="6291456" percent="61">
      <mem type="soa" free="3536168" total="5977088" percent="59" />
      <mem type="loa" free="314368" total="314368" percent="100" />
    </mem>
    <pending-finalizers system="0" default="0" reference="9" classloader="0" />
    <remembered-set count="667" />
  </mem-info>
</gc-end>
<cycle-end id="157" type="scavenge" contextid="151" timestamp="2019-06-14T19:08:55.586" />
  <attribute name="elasticGC enabled" value="1" />
  <attribute name= "numThreadsSpecified" value="4" />
  <attribute name="heapSize specified" value="8388608" />
  <attribute name="Current GC Util" value="4" />
  <attribute name= "Current Time Running" value="547" />
  <attribute name ="GC Interval" value="200" />
  <attribute name="ProportionalT" value="-8.000000" />
  <attribute name="ProportionalI" value="-8.000000" />
  <attribute name="ProportionalH" value="-8.000000" />
  <attribute name="Current Error" value="-16.000000" />
  <attribute name="IntegralT" value="-384.000000" />
  <attribute name="IntegralI" value="-384.000000" />
  <attribute name="IntegralH" value="-384.000000" />
  <attribute name="DerivativeT" value="-0.333333" />
  <attribute name="DerivativeI" value="-0.333333" />
  <attribute name="DerivativeH" value="-0.333333" />
  <attribute name="Loop Time for DT" value="24.000000" />
  <attribute name="Output H" value="2092630016"/>
  <attribute name="Output I" value="200"/>
  <attribute name="Output T" value="4"/>
  <attribute name="Target GC Util Change" value ="20.000000" />
  <attribute name="Current GC Util Change" value="4.000000"/>
  <attribute name="GC Util currently" value="4" />
  <attribute name="CPU Util currently" value="197373631414" />
<allocation-satisfied id="158" threadId="00000000016B2D00" bytesRequested="432" />
<af-end id="159" timestamp="2019-06-14T19:08:55.586" threadId="00000000016B3688" success="true" from="nursery"/>
<exclusive-end id="160" timestamp="2019-06-14T19:08:55.586" durationms="1.059" />

<exclusive-start id="161" timestamp="2019-06-14T19:08:55.602" intervalms="16.819">
  <response-info timems="0.276" idlems="0.276" threads="0" lastid="00000000016B2D00" lastname="Thread-3" />
</exclusive-start>
<af-start id="162" threadId="00000000016B3688" totalBytesRequested="2520" timestamp="2019-06-14T19:08:55.602" intervalms="16.883" type="nursery" />
<cycle-start id="163" type="scavenge" contextid="0" timestamp="2019-06-14T19:08:55.602" intervalms="16.951" />
<gc-start id="164" type="scavenge" contextid="163" timestamp="2019-06-14T19:08:55.602">
  <mem-info id="165" free="3850536" total="8388608" percent="45">
    <mem type="nursery" free="0" total="2097152" percent="0">
      <mem type="allocate" free="0" total="1310720" percent="0" />
      <mem type="survivor" free="0" total="786432" percent="0" />
    </mem>
    <mem type="tenure" free="3850536" total="6291456" percent="61">
      <mem type="soa" free="3536168" total="5977088" percent="59" />
      <mem type="loa" free="314368" total="314368" percent="100" />
    </mem>
    <remembered-set count="667" />
  </mem-info>
</gc-start>
<allocation-stats totalBytes="768384" >
  <allocated-bytes non-tlh="432" tlh="767952" />
  <largest-consumer threadName="Thread-3" threadId="00000000016B2D00" bytes="768384" />
</allocation-stats>
<gc-op id="166" type="scavenge" timems="0.529" contextid="163" timestamp="2019-06-14T19:08:55.603">
  <scavenger-info tenureage="1" tenuremask="7ffe" tiltratio="62" />
  <memory-copied type="nursery" objects="522" bytes="768384" bytesdiscarded="496" />
  <memory-copied type="tenure" objects="3536" bytes="427592" bytesdiscarded="1160" />
</gc-op>
<gc-end id="167" type="scavenge" contextid="163" durationms="0.834" usertimems="0.000" systemtimems="0.000" timestamp="2019-06-14T19:08:55.603" activeThreads="4">
  <mem-info id="168" free="3687840" total="8388608" percent="43">
    <mem type="nursery" free="279696" total="2097152" percent="13">
      <mem type="allocate" free="279696" total="1048576" percent="26" />
      <mem type="survivor" free="0" total="1048576" percent="0" />
    </mem>
    <mem type="tenure" free="3408144" total="6291456" percent="54">
      <mem type="soa" free="3093776" total="5977088" percent="51" />
      <mem type="loa" free="314368" total="314368" percent="100" />
    </mem>
    <remembered-set count="327" />
  </mem-info>
</gc-end>
<cycle-end id="169" type="scavenge" contextid="163" timestamp="2019-06-14T19:08:55.603" />
  <attribute name="elasticGC enabled" value="1" />
  <attribute name= "numThreadsSpecified" value="4" />
  <attribute name="heapSize specified" value="8388608" />
  <attribute name="Current GC Util" value="4" />
  <attribute name= "Current Time Running" value="564" />
  <attribute name ="GC Interval" value="200" />
  <attribute name="ProportionalT" value="-8.000000" />
  <attribute name="ProportionalI" value="-8.000000" />
  <attribute name="ProportionalH" value="-8.000000" />
  <attribute name="Current Error" value="-16.000000" />
  <attribute name="IntegralT" value="-272.000000" />
  <attribute name="IntegralI" value="-272.000000" />
  <attribute name="IntegralH" value="-272.000000" />
  <attribute name="DerivativeT" value="-0.470588" />
  <attribute name="DerivativeI" value="-0.470588" />
  <attribute name="DerivativeH" value="-0.470588" />
  <attribute name="Loop Time for DT" value="17.000000" />
  <attribute name="Output H" value="2092630016"/>
  <attribute name="Output I" value="200"/>
  <attribute name="Output T" value="4"/>
  <attribute name="Target GC Util Change" value ="20.000000" />
  <attribute name="Current GC Util Change" value="4.000000"/>
  <attribute name="GC Util currently" value="4" />
  <attribute name="CPU Util currently" value="269099205388" />
<allocation-satisfied id="170" threadId="00000000016B2D00" bytesRequested="2520" />
<af-end id="171" timestamp="2019-06-14T19:08:55.603" threadId="00000000016B3688" success="true" from="nursery"/>
<exclusive-end id="172" timestamp="2019-06-14T19:08:55.603" durationms="1.506" />

<exclusive-start id="173" timestamp="2019-06-14T19:08:55.606" intervalms="4.362">
  <response-info timems="0.024" idlems="0.024" threads="0" lastid="00000000016B2D00" lastname="Thread-3" />
</exclusive-start>
<af-start id="174" threadId="00000000016B3688" totalBytesRequested="1040" timestamp="2019-06-14T19:08:55.606" intervalms="4.283" type="nursery" />
<cycle-start id="175" type="scavenge" contextid="0" timestamp="2019-06-14T19:08:55.606" intervalms="4.247" />
<gc-start id="176" type="scavenge" contextid="175" timestamp="2019-06-14T19:08:55.606">
  <mem-info id="177" free="3408144" total="8388608" percent="40">
    <mem type="nursery" free="0" total="2097152" percent="0">
      <mem type="allocate" free="0" total="1048576" percent="0" />
      <mem type="survivor" free="0" total="1048576" percent="0" />
    </mem>
    <mem type="tenure" free="3408144" total="6291456" percent="54">
      <mem type="soa" free="3093776" total="5977088" percent="51" />
      <mem type="loa" free="314368" total="314368" percent="100" />
    </mem>
    <remembered-set count="328" />
  </mem-info>
</gc-start>
<allocation-stats totalBytes="276256" >
  <allocated-bytes non-tlh="2520" tlh="273736" />
  <largest-consumer threadName="Thread-3" threadId="00000000016B2D00" bytes="276256" />
</allocation-stats>
<gc-op id="178" type="scavenge" timems="0.622" contextid="175" timestamp="2019-06-14T19:08:55.607">
  <scavenger-info tenureage="1" tenuremask="7ffe" tiltratio="50" />
  <memory-copied type="nursery" objects="147" bytes="276256" bytesdiscarded="14200" />
  <memory-copied type="tenure" objects="522" bytes="768384" bytesdiscarded="584" />
</gc-op>
<gc-end id="179" type="scavenge" contextid="175" durationms="0.830" usertimems="0.000" systemtimems="0.000" timestamp="2019-06-14T19:08:55.607" activeThreads="4">
  <mem-info id="180" free="3405448" total="8388608" percent="40">
    <mem type="nursery" free="758120" total="2097152" percent="36">
      <mem type="allocate" free="758120" total="1048576" percent="72" />
      <mem type="survivor" free="0" total="1048576" percent="0" />
    </mem>
    <mem type="tenure" free="2647328" total="6291456" percent="42">
      <mem type="soa" free="2332960" total="5977088" percent="39" />
      <mem type="loa" free="314368" total="314368" percent="100" />
    </mem>
    <remembered-set count="91" />
  </mem-info>
</gc-end>
<cycle-end id="181" type="scavenge" contextid="175" timestamp="2019-06-14T19:08:55.607" />
  <attribute name="elasticGC enabled" value="1" />
  <attribute name= "numThreadsSpecified" value="4" />
  <attribute name="heapSize specified" value="8388608" />
  <attribute name="Current GC Util" value="24" />
  <attribute name= "Current Time Running" value="568" />
  <attribute name ="GC Interval" value="200" />
  <attribute name="ProportionalT" value="2.000000" />
  <attribute name="ProportionalI" value="2.000000" />
  <attribute name="ProportionalH" value="2.000000" />
  <attribute name="Current Error" value="4.000000" />
  <attribute name="IntegralT" value="16.000000" />
  <attribute name="IntegralI" value="16.000000" />
  <attribute name="IntegralH" value="16.000000" />
  <attribute name="DerivativeT" value="0.500000" />
  <attribute name="DerivativeI" value="0.500000" />
  <attribute name="DerivativeH" value="0.500000" />
  <attribute name="Loop Time for DT" value="4.000000" />
  <attribute name="Output H" value="8388608"/>
  <attribute name="Output I" value="200"/>
  <attribute name="Output T" value="4"/>
  <attribute name="Target GC Util Change" value ="20.000000" />
  <attribute name="Current GC Util Change" value="24.000000"/>
  <attribute name="GC Util currently" value="24" />
  <attribute name="CPU Util currently" value="1132251405770" />
<allocation-satisfied id="182" threadId="00000000016B2D00" bytesRequested="1040" />
<af-end id="183" timestamp="2019-06-14T19:08:55.607" threadId="00000000016B3688" success="true" from="nursery"/>
<exclusive-end id="184" timestamp="2019-06-14T19:08:55.607" durationms="1.333" />

<exclusive-start id="185" timestamp="2019-06-14T19:08:55.629" intervalms="23.477">
  <response-info timems="0.082" idlems="0.082" threads="0" lastid="00000000016BA500" lastname="Thread-5" />
</exclusive-start>
<af-start id="186" threadId="00000000016BAE88" totalBytesRequested="24" timestamp="2019-06-14T19:08:55.630" intervalms="23.554" type="nursery" />
<cycle-start id="187" type="scavenge" contextid="0" timestamp="2019-06-14T19:08:55.630" intervalms="23.585" />
<gc-start id="188" type="scavenge" contextid="187" timestamp="2019-06-14T19:08:55.630">
  <mem-info id="189" free="2645136" total="8388608" percent="31">
    <mem type="nursery" free="0" total="2097152" percent="0">
      <mem type="allocate" free="0" total="1048576" percent="0" />
      <mem type="survivor" free="0" total="1048576" percent="0" />
    </mem>
    <mem type="tenure" free="2645136" total="6291456" percent="42">
      <mem type="soa" free="2330768" total="5977088" percent="38" />
      <mem type="loa" free="314368" total="314368" percent="100" />
    </mem>
    <remembered-set count="130" />
  </mem-info>
</gc-start>
<allocation-stats totalBytes="751496" >
  <allocated-bytes non-tlh="188952" tlh="562544" />
  <largest-consumer threadName="Thread-5" threadId="00000000016BA500" bytes="416760" />
</allocation-stats>
<gc-op id="190" type="scavenge" timems="0.344" contextid="187" timestamp="2019-06-14T19:08:55.630">
  <scavenger-info tenureage="1" tenuremask="7ffe" tiltratio="50" />
  <memory-copied type="nursery" objects="1010" bytes="335984" bytesdiscarded="201528" />
  <memory-copied type="tenure" objects="147" bytes="276256" bytesdiscarded="0" />
</gc-op>
<gc-end id="191" type="scavenge" contextid="187" durationms="0.720" usertimems="0.000" systemtimems="0.000" timestamp="2019-06-14T19:08:55.630" activeThreads="4">
  <mem-info id="192" free="2943912" total="8388608" percent="35">
    <mem type="nursery" free="576600" total="2097152" percent="27">
      <mem type="allocate" free="576600" total="1114112" percent="51" />
      <mem type="survivor" free="0" total="983040" percent="0" />
    </mem>
    <mem type="tenure" free="2367312" total="6291456" percent="37">
      <mem type="soa" free="2052944" total="5977088" percent="34" />
      <mem type="loa" free="314368" total="314368" percent="100" />
    </mem>
    <remembered-set count="125" />
  </mem-info>
</gc-end>
<cycle-end id="193" type="scavenge" contextid="187" timestamp="2019-06-14T19:08:55.631" />
  <attribute name="elasticGC enabled" value="1" />
  <attribute name= "numThreadsSpecified" value="4" />
  <attribute name="heapSize specified" value="8388608" />
  <attribute name="Current GC Util" value="5" />
  <attribute name= "Current Time Running" value="592" />
  <attribute name ="GC Interval" value="200" />
  <attribute name="ProportionalT" value="-7.500000" />
  <attribute name="ProportionalI" value="-7.500000" />
  <attribute name="ProportionalH" value="-7.500000" />
  <attribute name="Current Error" value="-15.000000" />
  <attribute name="IntegralT" value="-360.000000" />
  <attribute name="IntegralI" value="-360.000000" />
  <attribute name="IntegralH" value="-360.000000" />
  <attribute name="DerivativeT" value="-0.395833" />
  <attribute name="DerivativeI" value="-0.395833" />
  <attribute name="DerivativeH" value="-0.395833" />
  <attribute name="Loop Time for DT" value="24.000000" />
  <attribute name="Output H" value="2092630016"/>
  <attribute name="Output I" value="200"/>
  <attribute name="Output T" value="4"/>
  <attribute name="Target GC Util Change" value ="20.000000" />
  <attribute name="Current GC Util Change" value="5.000000"/>
  <attribute name="GC Util currently" value="5" />
  <attribute name="CPU Util currently" value="193867314576" />
<allocation-satisfied id="194" threadId="00000000016BA500" bytesRequested="24" />
<af-end id="195" timestamp="2019-06-14T19:08:55.631" threadId="00000000016BAE88" success="true" from="nursery"/>
<exclusive-end id="196" timestamp="2019-06-14T19:08:55.631" durationms="1.361" />

<exclusive-start id="197" timestamp="2019-06-14T19:08:55.643" intervalms="13.653">
  <response-info timems="0.197" idlems="0.104" threads="1" lastid="00000000016BA500" lastname="Thread-5" />
</exclusive-start>
<af-start id="198" threadId="00000000016B7288" totalBytesRequested="196616" timestamp="2019-06-14T19:08:55.643" intervalms="13.641" type="nursery" />
<cycle-start id="199" type="scavenge" contextid="0" timestamp="2019-06-14T19:08:55.643" intervalms="13.636" />
<gc-start id="200" type="scavenge" contextid="199" timestamp="2019-06-14T19:08:55.643">
  <mem-info id="201" free="2452136" total="8388608" percent="29">
    <mem type="nursery" free="85056" total="2097152" percent="4">
      <mem type="allocate" free="85056" total="1114112" percent="7" />
      <mem type="survivor" free="0" total="983040" percent="0" />
    </mem>
    <mem type="tenure" free="2367080" total="6291456" percent="37">
      <mem type="soa" free="2052712" total="5977088" percent="34" />
      <mem type="loa" free="314368" total="314368" percent="100" />
    </mem>
    <remembered-set count="128" />
  </mem-info>
</gc-start>
<allocation-stats totalBytes="491632" >
  <allocated-bytes non-tlh="256" tlh="491376" />
  <largest-consumer threadName="Thread-5" threadId="00000000016BA500" bytes="471016" />
</allocation-stats>
<gc-op id="202" type="scavenge" timems="0.521" contextid="199" timestamp="2019-06-14T19:08:55.644">
  <scavenger-info tenureage="1" tenuremask="7ffe" tiltratio="53" />
  <memory-copied type="nursery" objects="3209" bytes="153888" bytesdiscarded="117216" />
  <memory-copied type="tenure" objects="998" bytes="335720" bytesdiscarded="40" />
</gc-op>
<gc-end id="203" type="scavenge" contextid="199" durationms="0.880" usertimems="0.000" systemtimems="0.000" timestamp="2019-06-14T19:08:55.644" activeThreads="4">
  <mem-info id="204" free="2843952" total="8388608" percent="33">
    <mem type="nursery" free="974080" total="2097152" percent="46">
      <mem type="allocate" free="974080" total="1245184" percent="78" />
      <mem type="survivor" free="0" total="851968" percent="0" />
    </mem>
    <mem type="tenure" free="1869872" total="6291456" percent="29">
      <mem type="soa" free="1555504" total="5977088" percent="26" />
      <mem type="loa" free="314368" total="314368" percent="100" />
    </mem>
    <remembered-set count="133" />
  </mem-info>
</gc-end>
<cycle-end id="205" type="scavenge" contextid="199" timestamp="2019-06-14T19:08:55.644" />
  <attribute name="elasticGC enabled" value="1" />
  <attribute name= "numThreadsSpecified" value="4" />
  <attribute name="heapSize specified" value="8388608" />
  <attribute name="Current GC Util" value="5" />
  <attribute name= "Current Time Running" value="605" />
  <attribute name ="GC Interval" value="200" />
  <attribute name="ProportionalT" value="-7.500000" />
  <attribute name="ProportionalI" value="-7.500000" />
  <attribute name="ProportionalH" value="-7.500000" />
  <attribute name="Current Error" value="-15.000000" />
  <attribute name="IntegralT" value="-195.000000" />
  <attribute name="IntegralI" value="-195.000000" />
  <attribute name="IntegralH" value="-195.000000" />
  <attribute name="DerivativeT" value="-0.576923" />
  <attribute name="DerivativeI" value="-0.576923" />
  <attribute name="DerivativeH" value="-0.576923" />
  <attribute name="Loop Time for DT" value="13.000000" />
  <attribute name="Output H" value="2092630016"/>
  <attribute name="Output I" value="200"/>
  <attribute name="Output T" value="4"/>
  <attribute name="Target GC Util Change" value ="20.000000" />
  <attribute name="Current GC Util Change" value="5.000000"/>
  <attribute name="GC Util currently" value="5" />
  <attribute name="CPU Util currently" value="338598662464" />
<allocation-satisfied id="206" threadId="00000000016B6900" bytesRequested="196616" />
<af-end id="207" timestamp="2019-06-14T19:08:55.644" threadId="00000000016B7288" success="true" from="nursery"/>
<exclusive-end id="208" timestamp="2019-06-14T19:08:55.645" durationms="1.518" />

<exclusive-start id="209" timestamp="2019-06-14T19:08:55.688" intervalms="45.368">
  <response-info timems="0.093" idlems="0.093" threads="0" lastid="00000000016B6900" lastname="Thread-4" />
</exclusive-start>
<af-start id="210" threadId="00000000016B7288" totalBytesRequested="440" timestamp="2019-06-14T19:08:55.689" intervalms="45.366" type="nursery" />
<cycle-start id="211" type="scavenge" contextid="0" timestamp="2019-06-14T19:08:55.689" intervalms="45.352" />
<gc-start id="212" type="scavenge" contextid="211" timestamp="2019-06-14T19:08:55.689">
  <mem-info id="213" free="1869872" total="8388608" percent="22">
    <mem type="nursery" free="0" total="2097152" percent="0">
      <mem type="allocate" free="0" total="1245184" percent="0" />
      <mem type="survivor" free="0" total="851968" percent="0" />
    </mem>
    <mem type="tenure" free="1869872" total="6291456" percent="29">
      <mem type="soa" free="1555504" total="5977088" percent="26" />
      <mem type="loa" free="314368" total="314368" percent="100" />
    </mem>
    <remembered-set count="133" />
  </mem-info>
</gc-start>
<allocation-stats totalBytes="972640" >
  <allocated-bytes non-tlh="743592" tlh="229048" />
  <largest-consumer threadName="Thread-4" threadId="00000000016B6900" bytes="972640" />
</allocation-stats>
<gc-op id="214" type="scavenge" timems="0.413" contextid="211" timestamp="2019-06-14T19:08:55.689">
  <scavenger-info tenureage="1" tenuremask="7ffe" tiltratio="59" />
  <memory-copied type="nursery" objects="30" bytes="195840" bytesdiscarded="21520" />
  <memory-copied type="tenure" objects="3208" bytes="153864" bytesdiscarded="0" />
</gc-op>
<gc-end id="215" type="scavenge" contextid="211" durationms="0.720" usertimems="0.000" systemtimems="0.000" timestamp="2019-06-14T19:08:55.689" activeThreads="4">
  <mem-info id="216" free="2958880" total="8388608" percent="35">
    <mem type="nursery" free="1158896" total="2097152" percent="55">
      <mem type="allocate" free="1158896" total="1376256" percent="84" />
      <mem type="survivor" free="0" total="720896" percent="0" />
    </mem>
    <mem type="tenure" free="1799984" total="6291456" percent="28">
      <mem type="soa" free="1485616" total="5977088" percent="24" />
      <mem type="loa" free="314368" total="314368" percent="100" />
    </mem>
    <remembered-set count="104" />
  </mem-info>
</gc-end>
<cycle-end id="217" type="scavenge" contextid="211" timestamp="2019-06-14T19:08:55.690" />
  <attribute name="elasticGC enabled" value="1" />
  <attribute name= "numThreadsSpecified" value="4" />
  <attribute name="heapSize specified" value="8388608" />
  <attribute name="Current GC Util" value="1" />
  <attribute name= "Current Time Running" value="651" />
  <attribute name ="GC Interval" value="200" />
  <attribute name="ProportionalT" value="-9.500000" />
  <attribute name="ProportionalI" value="-9.500000" />
  <attribute name="ProportionalH" value="-9.500000" />
  <attribute name="Current Error" value="-19.000000" />
  <attribute name="IntegralT" value="-874.000000" />
  <attribute name="IntegralI" value="-874.000000" />
  <attribute name="IntegralH" value="-874.000000" />
  <attribute name="DerivativeT" value="-0.206522" />
  <attribute name="DerivativeI" value="-0.206522" />
  <attribute name="DerivativeH" value="-0.206522" />
  <attribute name="Loop Time for DT" value="46.000000" />
  <attribute name="Output H" value="2092630016"/>
  <attribute name="Output I" value="200"/>
  <attribute name="Output T" value="4"/>
  <attribute name="Target GC Util Change" value ="20.000000" />
  <attribute name="Current GC Util Change" value="1.000000"/>
  <attribute name="GC Util currently" value="1" />
  <attribute name="CPU Util currently" value="10" />
<allocation-satisfied id="218" threadId="00000000016B6900" bytesRequested="440" />
<af-end id="219" timestamp="2019-06-14T19:08:55.690" threadId="00000000016B7288" success="true" from="nursery"/>
<exclusive-end id="220" timestamp="2019-06-14T19:08:55.690" durationms="1.315" />

<exclusive-start id="221" timestamp="2019-06-14T19:08:55.715" intervalms="26.394">
  <response-info timems="0.070" idlems="0.070" threads="0" lastid="00000000016B6900" lastname="Thread-4" />
</exclusive-start>
<af-start id="222" threadId="00000000016B7288" totalBytesRequested="5144" timestamp="2019-06-14T19:08:55.715" intervalms="26.398" type="nursery" />
<cycle-start id="223" type="scavenge" contextid="0" timestamp="2019-06-14T19:08:55.715" intervalms="26.398" />
<gc-start id="224" type="scavenge" contextid="223" timestamp="2019-06-14T19:08:55.715">
  <mem-info id="225" free="1799984" total="8388608" percent="21">
    <mem type="nursery" free="0" total="2097152" percent="0">
      <mem type="allocate" free="0" total="1376256" percent="0" />
      <mem type="survivor" free="0" total="720896" percent="0" />
    </mem>
    <mem type="tenure" free="1799984" total="6291456" percent="28">
      <mem type="soa" free="1485616" total="5977088" percent="24" />
      <mem type="loa" free="314368" total="314368" percent="100" />
    </mem>
    <remembered-set count="104" />
  </mem-info>
</gc-start>
<allocation-stats totalBytes="1155112" >
  <allocated-bytes non-tlh="440" tlh="1154672" />
  <largest-consumer threadName="Thread-4" threadId="00000000016B6900" bytes="1155112" />
</allocation-stats>
<gc-op id="226" type="scavenge" timems="0.293" contextid="223" timestamp="2019-06-14T19:08:55.716">
  <scavenger-info tenureage="1" tenuremask="7ffe" tiltratio="65" />
  <memory-copied type="nursery" objects="15" bytes="75992" bytesdiscarded="7824" />
  <memory-copied type="tenure" objects="9" bytes="99488" bytesdiscarded="0" />
</gc-op>
<gc-end id="227" type="scavenge" contextid="223" durationms="0.615" usertimems="4.000" systemtimems="0.000" timestamp="2019-06-14T19:08:55.716" activeThreads="4">
  <mem-info id="228" free="3059696" total="8388608" percent="36">
    <mem type="nursery" free="1357976" total="2097152" percent="64">
      <mem type="allocate" free="1357976" total="1441792" percent="94" />
      <mem type="survivor" free="0" total="655360" percent="0" />
    </mem>
    <mem type="tenure" free="1701720" total="6291456" percent="27">
      <mem type="soa" free="1387352" total="5977088" percent="23" />
      <mem type="loa" free="314368" total="314368" percent="100" />
    </mem>
    <remembered-set count="110" />
  </mem-info>
</gc-end>
<cycle-end id="229" type="scavenge" contextid="223" timestamp="2019-06-14T19:08:55.716" />
  <attribute name="elasticGC enabled" value="1" />
  <attribute name= "numThreadsSpecified" value="4" />
  <attribute name="heapSize specified" value="8388608" />
  <attribute name="Current GC Util" value="3" />
  <attribute name= "Current Time Running" value="677" />
  <attribute name ="GC Interval" value="200" />
  <attribute name="ProportionalT" value="-8.500000" />
  <attribute name="ProportionalI" value="-8.500000" />
  <attribute name="ProportionalH" value="-8.500000" />
  <attribute name="Current Error" value="-17.000000" />
  <attribute name="IntegralT" value="-442.000000" />
  <attribute name="IntegralI" value="-442.000000" />
  <attribute name="IntegralH" value="-442.000000" />
  <attribute name="DerivativeT" value="-0.326923" />
  <attribute name="DerivativeI" value="-0.326923" />
  <attribute name="DerivativeH" value="-0.326923" />
  <attribute name="Loop Time for DT" value="26.000000" />
  <attribute name="Output H" value="2092630016"/>
  <attribute name="Output I" value="200"/>
  <attribute name="Output T" value="4"/>
  <attribute name="Target GC Util Change" value ="20.000000" />
  <attribute name="Current GC Util Change" value="3.000000"/>
  <attribute name="GC Util currently" value="3" />
  <attribute name="CPU Util currently" value="174519580329" />
<allocation-satisfied id="230" threadId="00000000016B6900" bytesRequested="5144" />
<af-end id="231" timestamp="2019-06-14T19:08:55.716" threadId="00000000016B7288" success="true" from="nursery"/>
<exclusive-end id="232" timestamp="2019-06-14T19:08:55.716" durationms="1.215" />

<exclusive-start id="233" timestamp="2019-06-14T19:08:55.719" intervalms="3.969">
  <response-info timems="0.024" idlems="0.024" threads="0" lastid="00000000016B6900" lastname="Thread-4" />
</exclusive-start>
<af-start id="234" threadId="00000000016B7288" totalBytesRequested="1496" timestamp="2019-06-14T19:08:55.719" intervalms="3.949" type="nursery" />
<cycle-start id="235" type="scavenge" contextid="0" timestamp="2019-06-14T19:08:55.719" intervalms="3.944" />
<gc-start id="236" type="scavenge" contextid="235" timestamp="2019-06-14T19:08:55.719">
  <mem-info id="237" free="1701720" total="8388608" percent="20">
    <mem type="nursery" free="0" total="2097152" percent="0">
      <mem type="allocate" free="0" total="1441792" percent="0" />
      <mem type="survivor" free="0" total="655360" percent="0" />
    </mem>
    <mem type="tenure" free="1701720" total="6291456" percent="27">
      <mem type="soa" free="1387352" total="5977088" percent="23" />
      <mem type="loa" free="314368" total="314368" percent="100" />
    </mem>
    <remembered-set count="110" />
  </mem-info>
</gc-start>
<allocation-stats totalBytes="1350856" >
  <allocated-bytes non-tlh="5144" tlh="1345712" />
  <largest-consumer threadName="Thread-4" threadId="00000000016B6900" bytes="1350856" />
</allocation-stats>
<gc-op id="238" type="scavenge" timems="0.208" contextid="235" timestamp="2019-06-14T19:08:55.719">
  <scavenger-info tenureage="2" tenuremask="7ffc" tiltratio="68" />
  <memory-copied type="nursery" objects="21" bytes="152624" bytesdiscarded="28424" />
</gc-op>
<gc-end id="239" type="scavenge" contextid="235" durationms="0.516" usertimems="0.000" systemtimems="0.000" timestamp="2019-06-14T19:08:55.720" activeThreads="4">
  <mem-info id="240" free="3028000" total="8388608" percent="36">
    <mem type="nursery" free="1326280" total="2097152" percent="63">
      <mem type="allocate" free="1326280" total="1507328" percent="87" />
      <mem type="survivor" free="0" total="589824" percent="0" />
    </mem>
    <mem type="tenure" free="1701720" total="6291456" percent="27">
      <mem type="soa" free="1387352" total="5977088" percent="23" />
      <mem type="loa" free="314368" total="314368" percent="100" />
    </mem>
    <remembered-set count="110" />
  </mem-info>
</gc-end>
<cycle-end id="241" type="scavenge" contextid="235" timestamp="2019-06-14T19:08:55.720" />
  <attribute name="elasticGC enabled" value="1" />
  <attribute name= "numThreadsSpecified" value="4" />
  <attribute name="heapSize specified" value="8388608" />
  <attribute name="Current GC Util" value="15" />
  <attribute name= "Current Time Running" value="681" />
  <attribute name ="GC Interval" value="200" />
  <attribute name="ProportionalT" value="-2.500000" />
  <attribute name="ProportionalI" value="-2.500000" />
  <attribute name="ProportionalH" value="-2.500000" />
  <attribute name="Current Error" value="-5.000000" />
  <attribute name="IntegralT" value="-20.000000" />
  <attribute name="IntegralI" value="-20.000000" />
  <attribute name="IntegralH" value="-20.000000" />
  <attribute name="DerivativeT" value="-0.625000" />
  <attribute name="DerivativeI" value="-0.625000" />
  <attribute name="DerivativeH" value="-0.625000" />
  <attribute name="Loop Time for DT" value="4.000000" />
  <attribute name="Output H" value="2092630016"/>
  <attribute name="Output I" value="200"/>
  <attribute name="Output T" value="4"/>
  <attribute name="Target GC Util Change" value ="20.000000" />
  <attribute name="Current GC Util Change" value="15.000000"/>
  <attribute name="GC Util currently" value="15" />
  <attribute name="CPU Util currently" value="1182108956525" />
<allocation-satisfied id="242" threadId="00000000016B6900" bytesRequested="1496" />
<af-end id="243" timestamp="2019-06-14T19:08:55.720" threadId="00000000016B7288" success="true" from="nursery"/>
<exclusive-end id="244" timestamp="2019-06-14T19:08:55.720" durationms="1.077" />

<exclusive-start id="245" timestamp="2019-06-14T19:08:55.722" intervalms="3.566">
  <response-info timems="0.053" idlems="0.053" threads="0" lastid="00000000016B6900" lastname="Thread-4" />
</exclusive-start>
<af-start id="246" threadId="00000000016B7288" totalBytesRequested="344" timestamp="2019-06-14T19:08:55.722" intervalms="3.573" type="nursery" />
<cycle-start id="247" type="scavenge" contextid="0" timestamp="2019-06-14T19:08:55.723" intervalms="3.589" />
<gc-start id="248" type="scavenge" contextid="247" timestamp="2019-06-14T19:08:55.723">
  <mem-info id="249" free="1701720" total="8388608" percent="20">
    <mem type="nursery" free="0" total="2097152" percent="0">
      <mem type="allocate" free="0" total="1507328" percent="0" />
      <mem type="survivor" free="0" total="589824" percent="0" />
    </mem>
    <mem type="tenure" free="1701720" total="6291456" percent="27">
      <mem type="soa" free="1387352" total="5977088" percent="23" />
      <mem type="loa" free="314368" total="314368" percent="100" />
    </mem>
    <remembered-set count="110" />
  </mem-info>
</gc-start>
<allocation-stats totalBytes="1323176" >
  <allocated-bytes non-tlh="1496" tlh="1321680" />
  <largest-consumer threadName="Thread-4" threadId="00000000016B6900" bytes="1323176" />
</allocation-stats>
<gc-op id="250" type="scavenge" timems="0.285" contextid="247" timestamp="2019-06-14T19:08:55.723">
  <scavenger-info tenureage="2" tenuremask="7ffc" tiltratio="71" />
  <memory-copied type="nursery" objects="37" bytes="132416" bytesdiscarded="30464" />
</gc-op>
<gc-end id="251" type="scavenge" contextid="247" durationms="0.693" usertimems="0.000" systemtimems="4.000" timestamp="2019-06-14T19:08:55.723" activeThreads="4">
  <mem-info id="252" free="3111704" total="8388608" percent="37">
    <mem type="nursery" free="1409984" total="2097152" percent="67">
      <mem type="allocate" free="1409984" total="1572864" percent="89" />
      <mem type="survivor" free="0" total="524288" percent="0" />
    </mem>
    <mem type="tenure" free="1701720" total="6291456" percent="27">
      <mem type="soa" free="1387352" total="5977088" percent="23" />
      <mem type="loa" free="314368" total="314368" percent="100" />
    </mem>
    <remembered-set count="109" />
  </mem-info>
</gc-end>
<cycle-end id="253" type="scavenge" contextid="247" timestamp="2019-06-14T19:08:55.723" />
  <attribute name="elasticGC enabled" value="1" />
  <attribute name= "numThreadsSpecified" value="4" />
  <attribute name="heapSize specified" value="8388608" />
  <attribute name="Current GC Util" value="12" />
  <attribute name= "Current Time Running" value="685" />
  <attribute name ="GC Interval" value="200" />
  <attribute name="ProportionalT" value="-4.000000" />
  <attribute name="ProportionalI" value="-4.000000" />
  <attribute name="ProportionalH" value="-4.000000" />
  <attribute name="Current Error" value="-8.000000" />
  <attribute name="IntegralT" value="-32.000000" />
  <attribute name="IntegralI" value="-32.000000" />
  <attribute name="IntegralH" value="-32.000000" />
  <attribute name="DerivativeT" value="-1.000000" />
  <attribute name="DerivativeI" value="-1.000000" />
  <attribute name="DerivativeH" value="-1.000000" />
  <attribute name="Loop Time for DT" value="4.000000" />
  <attribute name="Output H" value="2092630016"/>
  <attribute name="Output I" value="200"/>
  <attribute name="Output T" value="4"/>
  <attribute name="Target GC Util Change" value ="20.000000" />
  <attribute name="Current GC Util Change" value="12.000000"/>
  <attribute name="GC Util currently" value="12" />
  <attribute name="CPU Util currently" value="1255517019133" />
<allocation-satisfied id="254" threadId="00000000016B6900" bytesRequested="344" />
<af-end id="255" timestamp="2019-06-14T19:08:55.724" threadId="00000000016B7288" success="true" from="nursery"/>
<exclusive-end id="256" timestamp="2019-06-14T19:08:55.724" durationms="1.350" />

<exclusive-start id="257" timestamp="2019-06-14T19:08:55.734" intervalms="11.913">
  <response-info timems="0.060" idlems="0.060" threads="0" lastid="0000000001361700" lastname="main" />
</exclusive-start>
<af-start id="258" threadId="0000000001362088" totalBytesRequested="1032" timestamp="2019-06-14T19:08:55.734" intervalms="11.955" type="nursery" />
<cycle-start id="259" type="scavenge" contextid="0" timestamp="2019-06-14T19:08:55.735" intervalms="11.980" />
<gc-start id="260" type="scavenge" contextid="259" timestamp="2019-06-14T19:08:55.735">
  <mem-info id="261" free="1697896" total="8388608" percent="20">
    <mem type="nursery" free="0" total="2097152" percent="0">
      <mem type="allocate" free="0" total="1572864" percent="0" />
      <mem type="survivor" free="0" total="524288" percent="0" />
    </mem>
    <mem type="tenure" free="1697896" total="6291456" percent="26">
      <mem type="soa" free="1383528" total="5977088" percent="23" />
      <mem type="loa" free="314368" total="314368" percent="100" />
    </mem>
    <remembered-set count="175" />
  </mem-info>
</gc-start>
<allocation-stats totalBytes="1395608" >
  <allocated-bytes non-tlh="143640" tlh="1251968" />
  <largest-consumer threadName="main" threadId="0000000001361700" bytes="52296" />
</allocation-stats>
<gc-op id="262" type="scavenge" timems="0.212" contextid="259" timestamp="2019-06-14T19:08:55.735">
  <scavenger-info tenureage="3" tenuremask="7ff8" tiltratio="75" />
  <memory-copied type="nursery" objects="494" bytes="113664" bytesdiscarded="25288" />
</gc-op>
<gc-end id="263" type="scavenge" contextid="259" durationms="0.537" usertimems="0.000" systemtimems="0.000" timestamp="2019-06-14T19:08:55.735" activeThreads="4">
  <mem-info id="264" free="3197336" total="8388608" percent="38">
    <mem type="nursery" free="1499440" total="2097152" percent="71">
      <mem type="allocate" free="1499440" total="1638400" percent="91" />
      <mem type="survivor" free="0" total="458752" percent="0" />
    </mem>
    <mem type="tenure" free="1697896" total="6291456" percent="26">
      <mem type="soa" free="1383528" total="5977088" percent="23" />
      <mem type="loa" free="314368" total="314368" percent="100" />
    </mem>
    <remembered-set count="169" />
  </mem-info>
</gc-end>
<cycle-end id="265" type="scavenge" contextid="259" timestamp="2019-06-14T19:08:55.735" />
  <attribute name="elasticGC enabled" value="1" />
  <attribute name= "numThreadsSpecified" value="4" />
  <attribute name="heapSize specified" value="8388608" />
  <attribute name="Current GC Util" value="3" />
  <attribute name= "Current Time Running" value="697" />
  <attribute name ="GC Interval" value="200" />
  <attribute name="ProportionalT" value="-8.500000" />
  <attribute name="ProportionalI" value="-8.500000" />
  <attribute name="ProportionalH" value="-8.500000" />
  <attribute name="Current Error" value="-17.000000" />
  <attribute name="IntegralT" value="-204.000000" />
  <attribute name="IntegralI" value="-204.000000" />
  <attribute name="IntegralH" value="-204.000000" />
  <attribute name="DerivativeT" value="-0.708333" />
  <attribute name="DerivativeI" value="-0.708333" />
  <attribute name="DerivativeH" value="-0.708333" />
  <attribute name="Loop Time for DT" value="12.000000" />
  <attribute name="Output H" value="2092630016"/>
  <attribute name="Output I" value="200"/>
  <attribute name="Output T" value="4"/>
  <attribute name="Target GC Util Change" value ="20.000000" />
  <attribute name="Current GC Util Change" value="3.000000"/>
  <attribute name="GC Util currently" value="3" />
  <attribute name="CPU Util currently" value="384575794325" />
<allocation-satisfied id="266" threadId="0000000001361700" bytesRequested="1032" />
<af-end id="267" timestamp="2019-06-14T19:08:55.735" threadId="0000000001362088" success="true" from="nursery"/>
<exclusive-end id="268" timestamp="2019-06-14T19:08:55.735" durationms="1.259" />

<exclusive-start id="269" timestamp="2019-06-14T19:08:55.753" intervalms="18.469">
  <response-info timems="0.290" idlems="0.229" threads="1" lastid="00000000016BE100" lastname="Thread-9" />
</exclusive-start>
<af-start id="270" threadId="00000000016B3688" totalBytesRequested="48" timestamp="2019-06-14T19:08:55.753" intervalms="18.390" type="nursery" />
<cycle-start id="271" type="scavenge" contextid="0" timestamp="2019-06-14T19:08:55.753" intervalms="18.336" />
<gc-start id="272" type="scavenge" contextid="271" timestamp="2019-06-14T19:08:55.753">
  <mem-info id="273" free="1695896" total="8388608" percent="20">
    <mem type="nursery" free="0" total="2097152" percent="0">
      <mem type="allocate" free="0" total="1638400" percent="0" />
      <mem type="survivor" free="0" total="458752" percent="0" />
    </mem>
    <mem type="tenure" free="1695896" total="6291456" percent="26">
      <mem type="soa" free="1381528" total="5977088" percent="23" />
      <mem type="loa" free="314368" total="314368" percent="100" />
    </mem>
    <remembered-set count="198" />
  </mem-info>
</gc-start>
<allocation-stats totalBytes="1499072" >
  <allocated-bytes non-tlh="296376" tlh="1202696" />
  <largest-consumer threadName="Thread-8" threadId="00000000016B6900" bytes="508080" />
</allocation-stats>
<gc-op id="274" type="scavenge" timems="2.501" contextid="271" timestamp="2019-06-14T19:08:55.756">
  <scavenger-info tenureage="4" tenuremask="7ff0" tiltratio="78" />
  <memory-copied type="nursery" objects="3767" bytes="458056" bytesdiscarded="656" />
  <memory-copied type="tenure" objects="12976" bytes="730304" bytesdiscarded="40" />
  <copy-failed type="nursery" objects="12976" bytes="730304" />
</gc-op>
<heap-resize id="275" type="expand" space="nursery" amount="131072" count="1" timems="0.076" reason="excessive time being spent scavenging" timestamp="2019-06-14T19:08:55.756" />
<gc-end id="276" type="scavenge" contextid="271" durationms="3.009" usertimems="4.000" systemtimems="0.000" timestamp="2019-06-14T19:08:55.756" activeThreads="4">
  <mem-info id="277" free="1586056" total="8519680" percent="18">
    <mem type="nursery" free="655360" total="2228224" percent="29">
      <mem type="allocate" free="655360" total="1114112" percent="58" />
      <mem type="survivor" free="0" total="1114112" percent="0" />
    </mem>
    <mem type="tenure" free="930696" total="6291456" percent="14">
      <mem type="soa" free="616328" total="5977088" percent="10" />
      <mem type="loa" free="314368" total="314368" percent="100" />
    </mem>
    <remembered-set count="152" />
  </mem-info>
</gc-end>
<cycle-end id="278" type="scavenge" contextid="271" timestamp="2019-06-14T19:08:55.756" />
  <attribute name="elasticGC enabled" value="1" />
  <attribute name= "numThreadsSpecified" value="4" />
  <attribute name="heapSize specified" value="8388608" />
  <attribute name="Current GC Util" value="2" />
  <attribute name= "Current Time Running" value="715" />
  <attribute name ="GC Interval" value="200" />
  <attribute name="ProportionalT" value="-9.000000" />
  <attribute name="ProportionalI" value="-9.000000" />
  <attribute name="ProportionalH" value="-9.000000" />
  <attribute name="Current Error" value="-18.000000" />
  <attribute name="IntegralT" value="-324.000000" />
  <attribute name="IntegralI" value="-324.000000" />
  <attribute name="IntegralH" value="-324.000000" />
  <attribute name="DerivativeT" value="-0.500000" />
  <attribute name="DerivativeI" value="-0.500000" />
  <attribute name="DerivativeH" value="-0.500000" />
  <attribute name="Loop Time for DT" value="18.000000" />
  <attribute name="Output H" value="2092630016"/>
  <attribute name="Output I" value="200"/>
  <attribute name="Output T" value="4"/>
  <attribute name="Target GC Util Change" value ="20.000000" />
  <attribute name="Current GC Util Change" value="2.000000"/>
  <attribute name="GC Util currently" value="2" />
  <attribute name="CPU Util currently" value="254927013790" />
<allocation-satisfied id="279" threadId="00000000016B2D00" bytesRequested="48" />
<af-end id="280" timestamp="2019-06-14T19:08:55.756" threadId="00000000016B3688" success="true" from="nursery"/>
<exclusive-end id="281" timestamp="2019-06-14T19:08:55.756" durationms="3.600" />

<exclusive-start id="282" timestamp="2019-06-14T19:08:55.775" intervalms="22.067">
  <response-info timems="0.027" idlems="0.027" threads="0" lastid="00000000016B6900" lastname="Thread-8" />
</exclusive-start>
<af-start id="283" threadId="00000000016B7288" totalBytesRequested="24" timestamp="2019-06-14T19:08:55.775" intervalms="22.089" type="nursery" />
<cycle-start id="284" type="scavenge" contextid="0" timestamp="2019-06-14T19:08:55.775" intervalms="22.066" />
<gc-start id="285" type="scavenge" contextid="284" timestamp="2019-06-14T19:08:55.775">
  <mem-info id="286" free="930696" total="8519680" percent="10">
    <mem type="nursery" free="0" total="2228224" percent="0">
      <mem type="allocate" free="0" total="1114112" percent="0" />
      <mem type="survivor" free="0" total="1114112" percent="0" />
    </mem>
    <mem type="tenure" free="930696" total="6291456" percent="14">
      <mem type="soa" free="616328" total="5977088" percent="10" />
      <mem type="loa" free="314368" total="314368" percent="100" />
    </mem>
    <remembered-set count="211" />
  </mem-info>
</gc-start>
<allocation-stats totalBytes="655176" >
  <allocated-bytes non-tlh="48" tlh="655128" />
  <largest-consumer threadName="Thread-10" threadId="00000000016B2D00" bytes="388960" />
</allocation-stats>
<gc-op id="287" type="scavenge" timems="0.661" contextid="284" timestamp="2019-06-14T19:08:55.776">
  <scavenger-info tenureage="2" tenuremask="7ffc" tiltratio="50" />
  <memory-copied type="nursery" objects="7007" bytes="521864" bytesdiscarded="136264" />
  <memory-copied type="tenure" objects="492" bytes="113552" bytesdiscarded="0" />
</gc-op>
<gc-end id="288" type="scavenge" contextid="284" durationms="0.884" usertimems="0.000" systemtimems="0.000" timestamp="2019-06-14T19:08:55.776" activeThreads="4">
  <mem-info id="289" free="1247688" total="8519680" percent="14">
    <mem type="nursery" free="455952" total="2228224" percent="20">
      <mem type="allocate" free="455952" total="1114112" percent="40" />
      <mem type="survivor" free="0" total="1114112" percent="0" />
    </mem>
    <mem type="tenure" free="791736" total="6291456" percent="12">
      <mem type="soa" free="477368" total="5977088" percent="7" />
      <mem type="loa" free="314368" total="314368" percent="100" />
    </mem>
    <remembered-set count="154" />
  </mem-info>
</gc-end>
<cycle-end id="290" type="scavenge" contextid="284" timestamp="2019-06-14T19:08:55.776" />
  <attribute name="elasticGC enabled" value="1" />
  <attribute name= "numThreadsSpecified" value="4" />
  <attribute name="heapSize specified" value="8388608" />
  <attribute name="Current GC Util" value="12" />
  <attribute name= "Current Time Running" value="737" />
  <attribute name ="GC Interval" value="200" />
  <attribute name="ProportionalT" value="-4.000000" />
  <attribute name="ProportionalI" value="-4.000000" />
  <attribute name="ProportionalH" value="-4.000000" />
  <attribute name="Current Error" value="-8.000000" />
  <attribute name="IntegralT" value="-176.000000" />
  <attribute name="IntegralI" value="-176.000000" />
  <attribute name="IntegralH" value="-176.000000" />
  <attribute name="DerivativeT" value="-0.181818" />
  <attribute name="DerivativeI" value="-0.181818" />
  <attribute name="DerivativeH" value="-0.181818" />
  <attribute name="Loop Time for DT" value="22.000000" />
  <attribute name="Output H" value="2092630016"/>
  <attribute name="Output I" value="200"/>
  <attribute name="Output T" value="4"/>
  <attribute name="Target GC Util Change" value ="20.000000" />
  <attribute name="Current GC Util Change" value="12.000000"/>
  <attribute name="GC Util currently" value="12" />
  <attribute name="CPU Util currently" value="208664520757" />
<allocation-satisfied id="291" threadId="00000000016B6900" bytesRequested="24" />
<af-end id="292" timestamp="2019-06-14T19:08:55.776" threadId="00000000016B7288" success="true" from="nursery"/>
<exclusive-end id="293" timestamp="2019-06-14T19:08:55.776" durationms="1.378" />

<exclusive-start id="294" timestamp="2019-06-14T19:08:55.782" intervalms="6.985">
  <response-info timems="0.054" idlems="0.054" threads="0" lastid="00000000016B6900" lastname="Thread-8" />
</exclusive-start>
<af-start id="295" threadId="00000000016B7288" totalBytesRequested="40" timestamp="2019-06-14T19:08:55.782" intervalms="6.963" type="nursery" />
<cycle-start id="296" type="scavenge" contextid="0" timestamp="2019-06-14T19:08:55.782" intervalms="6.961" />
<gc-start id="297" type="scavenge" contextid="296" timestamp="2019-06-14T19:08:55.782">
  <mem-info id="298" free="791736" total="8519680" percent="9">
    <mem type="nursery" free="0" total="2228224" percent="0">
      <mem type="allocate" free="0" total="1114112" percent="0" />
      <mem type="survivor" free="0" total="1114112" percent="0" />
    </mem>
    <mem type="tenure" free="791736" total="6291456" percent="12">
      <mem type="soa" free="477368" total="5977088" percent="7" />
      <mem type="loa" free="314368" total="314368" percent="100" />
    </mem>
    <remembered-set count="235" />
  </mem-info>
</gc-start>
<allocation-stats totalBytes="455760" >
  <allocated-bytes non-tlh="24" tlh="455736" />
  <largest-consumer threadName="Thread-7" threadId="00000000016BA500" bytes="229256" />
</allocation-stats>
<gc-op id="299" type="scavenge" timems="0.816" contextid="296" timestamp="2019-06-14T19:08:55.783">
  <scavenger-info tenureage="2" tenuremask="7ffc" tiltratio="50" />
  <memory-copied type="nursery" objects="4091" bytes="187024" bytesdiscarded="114800" />
  <memory-copied type="tenure" objects="3046" bytes="337816" bytesdiscarded="192" />
</gc-op>
<heap-resize id="300" type="expand" space="nursery" amount="262144" count="1" timems="0.024" reason="excessive time being spent scavenging" timestamp="2019-06-14T19:08:55.783" />
<gc-end id="301" type="scavenge" contextid="296" durationms="1.105" usertimems="0.000" systemtimems="0.000" timestamp="2019-06-14T19:08:55.783" activeThreads="1">
  <mem-info id="302" free="1386552" total="8781824" percent="15">
    <mem type="nursery" free="943360" total="2490368" percent="37">
      <mem type="allocate" free="943360" total="1245184" percent="75" />
      <mem type="survivor" free="0" total="1245184" percent="0" />
    </mem>
    <mem type="tenure" free="443192" total="6291456" percent="7">
      <mem type="soa" free="128824" total="5977088" percent="2" />
      <mem type="loa" free="314368" total="314368" percent="100" />
    </mem>
    <remembered-set count="326" />
  </mem-info>
</gc-end>
<cycle-end id="303" type="scavenge" contextid="296" timestamp="2019-06-14T19:08:55.783" />
  <attribute name="elasticGC enabled" value="1" />
  <attribute name= "numThreadsSpecified" value="1" />
  <attribute name="heapSize specified" value="8388608" />
  <attribute name="Current GC Util" value="20" />
  <attribute name= "Current Time Running" value="744" />
  <attribute name ="GC Interval" value="200" />
  <attribute name="ProportionalT" value="0.000000" />
  <attribute name="ProportionalI" value="0.000000" />
  <attribute name="ProportionalH" value="0.000000" />
  <attribute name="Current Error" value="0.000000" />
  <attribute name="IntegralT" value="0.000000" />
  <attribute name="IntegralI" value="0.000000" />
  <attribute name="IntegralH" value="0.000000" />
  <attribute name="DerivativeT" value="0.000000" />
  <attribute name="DerivativeI" value="0.000000" />
  <attribute name="DerivativeH" value="0.000000" />
  <attribute name="Loop Time for DT" value="7.000000" />
  <attribute name="Output H" value="8388608"/>
  <attribute name="Output I" value="200"/>
  <attribute name="Output T" value="1"/>
  <attribute name="Target GC Util Change" value ="20.000000" />
  <attribute name="Current GC Util Change" value="20.000000"/>
  <attribute name="GC Util currently" value="20" />
  <attribute name="CPU Util currently" value="663126017688" />
<allocation-satisfied id="304" threadId="00000000016B6900" bytesRequested="40" />
<af-end id="305" timestamp="2019-06-14T19:08:55.783" threadId="00000000016B7288" success="true" from="nursery"/>
<exclusive-end id="306" timestamp="2019-06-14T19:08:55.783" durationms="1.556" />

<concurrent-kickoff id="307" timestamp="2019-06-14T19:08:55.790">
  <kickoff reason="threshold reached" targetBytes="1867303" thresholdFreeBytes="258111"  remainingFree="242944" tenureFreeBytes="443192" nurseryFreeBytes="242944" />
</concurrent-kickoff>
<exclusive-start id="308" timestamp="2019-06-14T19:08:55.790" intervalms="8.156">
  <response-info timems="0.215" idlems="0.191" threads="1" lastid="00000000016BE100" lastname="Thread-9" />
</exclusive-start>
<cycle-start id="309" type="global" contextid="0" timestamp="2019-06-14T19:08:55.790" intervalms="363.221" />
<exclusive-end id="310" timestamp="2019-06-14T19:08:55.790" durationms="0.093" />

<exclusive-start id="311" timestamp="2019-06-14T19:08:55.795" intervalms="4.608">
  <response-info timems="0.034" idlems="0.019" threads="1" lastid="00000000016B2D00" lastname="Thread-10" />
</exclusive-start>
<concurrent-collection-start id="312" timestamp="2019-06-14T19:08:55.795" intervalms="870.058" >
  <concurrent-trace-info reason="card cleaning threshold reached" tracedByMutators="393468" tracedByHelpers="1403736" cardsCleaned="18" workStackOverflowCount="0" />
</concurrent-collection-start>
<gc-start id="313" type="global" contextid="309" timestamp="2019-06-14T19:08:55.795">
  <mem-info id="314" free="443192" total="8781824" percent="5">
    <mem type="nursery" free="0" total="2490368" percent="0">
      <mem type="allocate" free="0" total="1245184" percent="0" />
      <mem type="survivor" free="0" total="1245184" percent="0" />
    </mem>
    <mem type="tenure" free="443192" total="6291456" percent="7">
      <mem type="soa" free="128824" total="5977088" percent="2" />
      <mem type="loa" free="314368" total="314368" percent="100" />
    </mem>
    <remembered-set count="568" />
  </mem-info>
</gc-start>
<allocation-stats totalBytes="943040" >
  <allocated-bytes non-tlh="40" tlh="943000" />
  <largest-consumer threadName="Thread-8" threadId="00000000016B6900" bytes="470936" />
</allocation-stats>
<gc-op id="315" type="rs-scan" timems="1.365" contextid="309" timestamp="2019-06-14T19:08:55.796">
  <scan objectsFound="457" bytesTraced="274276" workStackOverflowCount="0" />
</gc-op>
<gc-op id="316" type="card-cleaning" timems="1.204" contextid="309" timestamp="2019-06-14T19:08:55.797">
  <card-cleaning cardsCleaned="16" bytesTraced="13224" workStackOverflowCount="0" />
</gc-op>
<gc-op id="317" type="mark" timems="5.577" contextid="309" timestamp="2019-06-14T19:08:55.803">
  <trace-info objectcount="5452" scancount="5419" scanbytes="269556" />
  <finalization candidates="124" enqueued="0" />
  <ownableSynchronizers candidates="3" cleared="0" />
  <references type="soft" candidates="148" cleared="0" enqueued="0" dynamicThreshold="25" maxThreshold="32" />
  <references type="weak" candidates="695" cleared="2" enqueued="1" />
  <references type="phantom" candidates="38" cleared="2" enqueued="2" />
  <stringconstants candidates="4597" cleared="1"  />
</gc-op>
<gc-op id="318" type="sweep" timems="1.707" contextid="309" timestamp="2019-06-14T19:08:55.805" />
<mem-info id="319" free="3329536" total="8781824" percent="37">
  <mem type="nursery" free="1041440" total="2490368" percent="41">
    <mem type="allocate" free="1041440" total="1245184" percent="83" />
    <mem type="survivor" free="0" total="1245184" percent="0" />
  </mem>
  <mem type="tenure" free="2288096" total="6291456" percent="36" micro-fragmented="1545" macro-fragmented="0">
    <mem type="soa" free="1973728" total="5977088" percent="33" />
    <mem type="loa" free="314368" total="314368" percent="100" />
  </mem>
  <pending-finalizers system="0" default="0" reference="3" classloader="0" />
  <remembered-set count="568" />
</mem-info>
<gc-op id="320" type="compact" timems="15.302" contextid="309" timestamp="2019-06-14T19:08:55.820">
  <compact-info movecount="58313" movebytes="3939624" reason="compact to aid heap contraction" />
</gc-op>
<heap-resize id="321" type="contract" space="tenure" amount="262144" count="1" timems="0.114" reason="heap reconfiguration" timestamp="2019-06-14T19:08:55.821" />
<gc-end id="322" type="global" contextid="309" durationms="26.822" usertimems="28.000" systemtimems="0.000" timestamp="2019-06-14T19:08:55.821" activeThreads="4">
  <mem-info id="323" free="3034752" total="8519680" percent="35">
    <mem type="nursery" free="1052784" total="2490368" percent="42">
      <mem type="allocate" free="1052784" total="1245184" percent="84" />
      <mem type="survivor" free="0" total="1245184" percent="0" />
    </mem>
    <mem type="tenure" free="1981968" total="6029312" percent="32">
      <mem type="soa" free="1733136" total="5728256" percent="30" />
      <mem type="loa" free="248832" total="301056" percent="82" />
    </mem>
    <pending-finalizers system="0" default="0" reference="3" classloader="0" />
    <remembered-set count="568" />
  </mem-info>
</gc-end>
<cycle-end id="324" type="global" contextid="309" timestamp="2019-06-14T19:08:55.822" />
  <attribute name="elasticGC enabled" value="1" />
  <attribute name= "numThreadsSpecified" value="4" />
  <attribute name="heapSize specified" value="8781824" />
  <attribute name="Current GC Util" value="95" />
  <attribute name= "Current Time Running" value="782" />
  <attribute name ="GC Interval" value="200" />
  <attribute name="ProportionalT" value="37.500000" />
  <attribute name="ProportionalI" value="37.500000" />
  <attribute name="ProportionalH" value="37.500000" />
  <attribute name="Current Error" value="75.000000" />
  <attribute name="IntegralT" value="1125.000000" />
  <attribute name="IntegralI" value="1125.000000" />
  <attribute name="IntegralH" value="1125.000000" />
  <attribute name="DerivativeT" value="0.200000" />
  <attribute name="DerivativeI" value="0.200000" />
  <attribute name="DerivativeH" value="0.200000" />
  <attribute name="Loop Time for DT" value="15.000000" />
  <attribute name="Output H" value="8388608"/>
  <attribute name="Output I" value="1168"/>
  <attribute name="Output T" value="4"/>
  <attribute name="Target GC Util Change" value ="20.000000" />
  <attribute name="Current GC Util Change" value="95.000000"/>
  <attribute name="GC Util currently" value="95" />
  <attribute name="CPU Util currently" value="299615931216" />
<concurrent-collection-end id="325" timestamp="2019-06-14T19:08:55.822" />
<exclusive-end id="326" timestamp="2019-06-14T19:08:55.822" durationms="27.233" />

<exclusive-start id="327" timestamp="2019-06-14T19:08:55.832" intervalms="37.850">
  <response-info timems="0.064" idlems="0.064" threads="0" lastid="00000000016B2D00" lastname="Thread-10" />
</exclusive-start>
<af-start id="328" threadId="00000000016B3688" totalBytesRequested="40" timestamp="2019-06-14T19:08:55.832" intervalms="50.594" type="nursery" />
<cycle-start id="329" type="scavenge" contextid="0" timestamp="2019-06-14T19:08:55.832" intervalms="50.575" />
<gc-start id="330" type="scavenge" contextid="329" timestamp="2019-06-14T19:08:55.833">
  <mem-info id="331" free="1981968" total="8519680" percent="23">
    <mem type="nursery" free="0" total="2490368" percent="0">
      <mem type="allocate" free="0" total="1245184" percent="0" />
      <mem type="survivor" free="0" total="1245184" percent="0" />
    </mem>
    <mem type="tenure" free="1981968" total="6029312" percent="32">
      <mem type="soa" free="1733136" total="5728256" percent="30" />
      <mem type="loa" free="248832" total="301056" percent="82" />
    </mem>
    <pending-finalizers system="0" default="0" reference="3" classloader="0" />
    <remembered-set count="907" />
  </mem-info>
</gc-start>
<allocation-stats totalBytes="1052528" >
  <allocated-bytes non-tlh="0" tlh="1052528" />
  <largest-consumer threadName="Thread-8" threadId="00000000016B6900" bytes="552848" />
</allocation-stats>
<gc-op id="332" type="scavenge" timems="2.453" contextid="329" timestamp="2019-06-14T19:08:55.835">
  <scavenger-info tenureage="2" tenuremask="7ffc" tiltratio="50" />
  <memory-copied type="nursery" objects="943" bytes="23768" bytesdiscarded="76840" />
  <memory-copied type="tenure" objects="3721" bytes="176976" bytesdiscarded="0" />
  <ownableSynchronizers candidates="6" cleared="6" />
</gc-op>
<gc-end id="333" type="scavenge" contextid="329" durationms="2.610" usertimems="4.000" systemtimems="0.000" timestamp="2019-06-14T19:08:55.835" activeThreads="4">
  <mem-info id="334" free="2794000" total="8519680" percent="32">
    <mem type="nursery" free="1144576" total="2490368" percent="45">
      <mem type="allocate" free="1144576" total="1245184" percent="91" />
      <mem type="survivor" free="0" total="1245184" percent="0" />
    </mem>
    <mem type="tenure" free="1649424" total="6029312" percent="27">
      <mem type="soa" free="1400592" total="5728256" percent="24" />
      <mem type="loa" free="248832" total="301056" percent="82" />
    </mem>
    <pending-finalizers system="0" default="0" reference="3" classloader="0" />
    <remembered-set count="840" />
  </mem-info>
</gc-end>
<cycle-end id="335" type="scavenge" contextid="329" timestamp="2019-06-14T19:08:55.835" />
  <attribute name="elasticGC enabled" value="1" />
  <attribute name= "numThreadsSpecified" value="4" />
  <attribute name="heapSize specified" value="8781824" />
  <attribute name="Current GC Util" value="19" />
  <attribute name= "Current Time Running" value="794" />
  <attribute name ="GC Interval" value="200" />
  <attribute name="ProportionalT" value="-0.500000" />
  <attribute name="ProportionalI" value="-0.500000" />
  <attribute name="ProportionalH" value="-0.500000" />
  <attribute name="Current Error" value="-1.000000" />
  <attribute name="IntegralT" value="-12.000000" />
  <attribute name="IntegralI" value="-12.000000" />
  <attribute name="IntegralH" value="-12.000000" />
  <attribute name="DerivativeT" value="-3.166667" />
  <attribute name="DerivativeI" value="-3.166667" />
  <attribute name="DerivativeH" value="-3.166667" />
  <attribute name="Loop Time for DT" value="12.000000" />
  <attribute name="Output H" value="2092630016"/>
  <attribute name="Output I" value="200"/>
  <attribute name="Output T" value="4"/>
  <attribute name="Target GC Util Change" value ="20.000000" />
  <attribute name="Current GC Util Change" value="19.000000"/>
  <attribute name="GC Util currently" value="19" />
  <attribute name="CPU Util currently" value="381898407531" />
<allocation-satisfied id="336" threadId="00000000016B2D00" bytesRequested="40" />
<af-end id="337" timestamp="2019-06-14T19:08:55.835" threadId="00000000016B3688" success="true" from="nursery"/>
<exclusive-end id="338" timestamp="2019-06-14T19:08:55.835" durationms="2.951" />

<exclusive-start id="339" timestamp="2019-06-14T19:08:55.844" intervalms="11.260">
  <response-info timems="0.033" idlems="0.018" threads="1" lastid="00000000016B6900" lastname="Thread-8" />
</exclusive-start>
<af-start id="340" threadId="00000000016BEA88" totalBytesRequested="24" timestamp="2019-06-14T19:08:55.844" intervalms="11.288" type="nursery" />
<cycle-start id="341" type="scavenge" contextid="0" timestamp="2019-06-14T19:08:55.844" intervalms="11.309" />
<gc-start id="342" type="scavenge" contextid="341" timestamp="2019-06-14T19:08:55.844">
  <mem-info id="343" free="1649424" total="8519680" percent="19">
    <mem type="nursery" free="0" total="2490368" percent="0">
      <mem type="allocate" free="0" total="1245184" percent="0" />
      <mem type="survivor" free="0" total="1245184" percent="0" />
    </mem>
    <mem type="tenure" free="1649424" total="6029312" percent="27">
      <mem type="soa" free="1400592" total="5728256" percent="24" />
      <mem type="loa" free="248832" total="301056" percent="82" />
    </mem>
    <remembered-set count="1242" />
  </mem-info>
</gc-start>
<allocation-stats totalBytes="1144056" >
  <allocated-bytes non-tlh="40" tlh="1144016" />
  <largest-consumer threadName="Thread-10" threadId="00000000016B2D00" bytes="478968" />
</allocation-stats>
<gc-op id="344" type="scavenge" timems="0.261" contextid="341" timestamp="2019-06-14T19:08:55.844">
  <scavenger-info tenureage="3" tenuremask="fff8" tiltratio="50" />
  <memory-copied type="nursery" objects="1310" bytes="32416" bytesdiscarded="199520" />
</gc-op>
<gc-end id="345" type="scavenge" contextid="341" durationms="0.462" usertimems="0.000" systemtimems="0.000" timestamp="2019-06-14T19:08:55.844" activeThreads="4">
  <mem-info id="346" free="2662672" total="8519680" percent="31">
    <mem type="nursery" free="1013248" total="2490368" percent="40">
      <mem type="allocate" free="1013248" total="1245184" percent="81" />
      <mem type="survivor" free="0" total="1245184" percent="0" />
    </mem>
    <mem type="tenure" free="1649424" total="6029312" percent="27">
      <mem type="soa" free="1400592" total="5728256" percent="24" />
      <mem type="loa" free="248832" total="301056" percent="82" />
    </mem>
    <remembered-set count="1235" />
  </mem-info>
</gc-end>
<cycle-end id="347" type="scavenge" contextid="341" timestamp="2019-06-14T19:08:55.844" />
  <attribute name="elasticGC enabled" value="1" />
  <attribute name= "numThreadsSpecified" value="4" />
  <attribute name="heapSize specified" value="8781824" />
  <attribute name="Current GC Util" value="23" />
  <attribute name= "Current Time Running" value="806" />
  <attribute name ="GC Interval" value="200" />
  <attribute name="ProportionalT" value="1.500000" />
  <attribute name="ProportionalI" value="1.500000" />
  <attribute name="ProportionalH" value="1.500000" />
  <attribute name="Current Error" value="3.000000" />
  <attribute name="IntegralT" value="36.000000" />
  <attribute name="IntegralI" value="36.000000" />
  <attribute name="IntegralH" value="36.000000" />
  <attribute name="DerivativeT" value="0.125000" />
  <attribute name="DerivativeI" value="0.125000" />
  <attribute name="DerivativeH" value="0.125000" />
  <attribute name="Loop Time for DT" value="12.000000" />
  <attribute name="Output H" value="8388608"/>
  <attribute name="Output I" value="200"/>
  <attribute name="Output T" value="4"/>
  <attribute name="Target GC Util Change" value ="20.000000" />
  <attribute name="Current GC Util Change" value="23.000000"/>
  <attribute name="GC Util currently" value="23" />
  <attribute name="CPU Util currently" value="405654107002" />
<allocation-satisfied id="348" threadId="00000000016BE100" bytesRequested="24" />
<af-end id="349" timestamp="2019-06-14T19:08:55.845" threadId="00000000016BEA88" success="true" from="nursery"/>
<exclusive-end id="350" timestamp="2019-06-14T19:08:55.845" durationms="0.941" />

<exclusive-start id="351" timestamp="2019-06-14T19:08:55.850" intervalms="6.772">
  <response-info timems="0.030" idlems="0.017" threads="1" lastid="00000000016BE100" lastname="Thread-9" />
</exclusive-start>
<af-start id="352" threadId="00000000016B7288" totalBytesRequested="24" timestamp="2019-06-14T19:08:55.850" intervalms="6.761" type="nursery" />
<cycle-start id="353" type="scavenge" contextid="0" timestamp="2019-06-14T19:08:55.851" intervalms="6.757" />
<gc-start id="354" type="scavenge" contextid="353" timestamp="2019-06-14T19:08:55.851">
  <mem-info id="355" free="1649424" total="8519680" percent="19">
    <mem type="nursery" free="0" total="2490368" percent="0">
      <mem type="allocate" free="0" total="1245184" percent="0" />
      <mem type="survivor" free="0" total="1245184" percent="0" />
    </mem>
    <mem type="tenure" free="1649424" total="6029312" percent="27">
      <mem type="soa" free="1400592" total="5728256" percent="24" />
      <mem type="loa" free="248832" total="301056" percent="82" />
    </mem>
    <remembered-set count="1463" />
  </mem-info>
</gc-start>
<allocation-stats totalBytes="1012960" >
  <allocated-bytes non-tlh="24" tlh="1012936" />
  <largest-consumer threadName="Thread-10" threadId="00000000016B2D00" bytes="376744" />
</allocation-stats>
<gc-op id="356" type="scavenge" timems="0.423" contextid="353" timestamp="2019-06-14T19:08:55.851">
  <scavenger-info tenureage="3" tenuremask="fff8" tiltratio="50" />
  <memory-copied type="nursery" objects="1344" bytes="33104" bytesdiscarded="198832" />
  <memory-copied type="tenure" objects="163" bytes="3912" bytesdiscarded="0" />
</gc-op>
<gc-end id="357" type="scavenge" contextid="353" durationms="0.621" usertimems="4.000" systemtimems="0.000" timestamp="2019-06-14T19:08:55.851" activeThreads="4">
  <mem-info id="358" free="2727952" total="8519680" percent="32">
    <mem type="nursery" free="1209856" total="2490368" percent="48">
      <mem type="allocate" free="1209856" total="1441792" percent="83" />
      <mem type="survivor" free="0" total="1048576" percent="0" />
    </mem>
    <mem type="tenure" free="1518096" total="6029312" percent="25">
      <mem type="soa" free="1269264" total="5728256" percent="22" />
      <mem type="loa" free="248832" total="301056" percent="82" />
    </mem>
    <remembered-set count="1296" />
  </mem-info>
</gc-end>
<cycle-end id="359" type="scavenge" contextid="353" timestamp="2019-06-14T19:08:55.851" />
  <attribute name="elasticGC enabled" value="1" />
  <attribute name= "numThreadsSpecified" value="4" />
  <attribute name="heapSize specified" value="8781824" />
  <attribute name="Current GC Util" value="9" />
  <attribute name= "Current Time Running" value="813" />
  <attribute name ="GC Interval" value="200" />
  <attribute name="ProportionalT" value="-5.500000" />
  <attribute name="ProportionalI" value="-5.500000" />
  <attribute name="ProportionalH" value="-5.500000" />
  <attribute name="Current Error" value="-11.000000" />
  <attribute name="IntegralT" value="-77.000000" />
  <attribute name="IntegralI" value="-77.000000" />
  <attribute name="IntegralH" value="-77.000000" />
  <attribute name="DerivativeT" value="-1.000000" />
  <attribute name="DerivativeI" value="-1.000000" />
  <attribute name="DerivativeH" value="-1.000000" />
  <attribute name="Loop Time for DT" value="7.000000" />
  <attribute name="Output H" value="2092630016"/>
  <attribute name="Output I" value="200"/>
  <attribute name="Output T" value="4"/>
  <attribute name="Target GC Util Change" value ="20.000000" />
  <attribute name="Current GC Util Change" value="9.000000"/>
  <attribute name="GC Util currently" value="9" />
  <attribute name="CPU Util currently" value="683599913916" />
<allocation-satisfied id="360" threadId="00000000016B6900" bytesRequested="24" />
<af-end id="361" timestamp="2019-06-14T19:08:55.851" threadId="00000000016B7288" success="true" from="nursery"/>
<exclusive-end id="362" timestamp="2019-06-14T19:08:55.851" durationms="1.066" />

<exclusive-start id="363" timestamp="2019-06-14T19:08:55.860" intervalms="9.295">
  <response-info timems="0.028" idlems="0.028" threads="0" lastid="00000000016BA500" lastname="Thread-7" />
</exclusive-start>
<af-start id="364" threadId="00000000016BAE88" totalBytesRequested="24" timestamp="2019-06-14T19:08:55.860" intervalms="9.340" type="nursery" />
<cycle-start id="365" type="scavenge" contextid="0" timestamp="2019-06-14T19:08:55.860" intervalms="9.391" />
<gc-start id="366" type="scavenge" contextid="365" timestamp="2019-06-14T19:08:55.860">
  <mem-info id="367" free="1518096" total="8519680" percent="17">
    <mem type="nursery" free="0" total="2490368" percent="0">
      <mem type="allocate" free="0" total="1441792" percent="0" />
      <mem type="survivor" free="0" total="1048576" percent="0" />
    </mem>
    <mem type="tenure" free="1518096" total="6029312" percent="25">
      <mem type="soa" free="1269264" total="5728256" percent="22" />
      <mem type="loa" free="248832" total="301056" percent="82" />
    </mem>
    <remembered-set count="1546" />
  </mem-info>
</gc-start>
<allocation-stats totalBytes="1209424" >
  <allocated-bytes non-tlh="24" tlh="1209400" />
  <largest-consumer threadName="Thread-10" threadId="00000000016B2D00" bytes="511912" />
</allocation-stats>
<gc-op id="368" type="scavenge" timems="0.254" contextid="365" timestamp="2019-06-14T19:08:55.861">
  <scavenger-info tenureage="5" tenuremask="ffe0" tiltratio="57" />
  <memory-copied type="nursery" objects="1699" bytes="42072" bytesdiscarded="290472" />
</gc-op>
<gc-end id="369" type="scavenge" contextid="365" durationms="0.648" usertimems="0.000" systemtimems="0.000" timestamp="2019-06-14T19:08:55.861" activeThreads="4">
  <mem-info id="370" free="2823952" total="8519680" percent="33">
    <mem type="nursery" free="1305856" total="2490368" percent="52">
      <mem type="allocate" free="1305856" total="1638400" percent="79" />
      <mem type="survivor" free="0" total="851968" percent="0" />
    </mem>
    <mem type="tenure" free="1518096" total="6029312" percent="25">
      <mem type="soa" free="1269264" total="5728256" percent="22" />
      <mem type="loa" free="248832" total="301056" percent="82" />
    </mem>
    <remembered-set count="1543" />
  </mem-info>
</gc-end>
<cycle-end id="371" type="scavenge" contextid="365" timestamp="2019-06-14T19:08:55.861" />
  <attribute name="elasticGC enabled" value="1" />
  <attribute name= "numThreadsSpecified" value="4" />
  <attribute name="heapSize specified" value="8781824" />
  <attribute name="Current GC Util" value="9" />
  <attribute name= "Current Time Running" value="822" />
  <attribute name ="GC Interval" value="200" />
  <attribute name="ProportionalT" value="-5.500000" />
  <attribute name="ProportionalI" value="-5.500000" />
  <attribute name="ProportionalH" value="-5.500000" />
  <attribute name="Current Error" value="-11.000000" />
  <attribute name="IntegralT" value="-99.000000" />
  <attribute name="IntegralI" value="-99.000000" />
  <attribute name="IntegralH" value="-99.000000" />
  <attribute name="DerivativeT" value="-0.611111" />
  <attribute name="DerivativeI" value="-0.611111" />
  <attribute name="DerivativeH" value="-0.611111" />
  <attribute name="Loop Time for DT" value="9.000000" />
  <attribute name="Output H" value="2092630016"/>
  <attribute name="Output I" value="200"/>
  <attribute name="Output T" value="4"/>
  <attribute name="Target GC Util Change" value ="20.000000" />
  <attribute name="Current GC Util Change" value="9.000000"/>
  <attribute name="GC Util currently" value="9" />
  <attribute name="CPU Util currently" value="481820336813" />
<allocation-satisfied id="372" threadId="00000000016BA500" bytesRequested="24" />
<af-end id="373" timestamp="2019-06-14T19:08:55.861" threadId="00000000016BAE88" success="true" from="nursery"/>
<exclusive-end id="374" timestamp="2019-06-14T19:08:55.861" durationms="1.398" />

<exclusive-start id="375" timestamp="2019-06-14T19:08:55.869" intervalms="9.097">
  <response-info timems="0.195" idlems="0.177" threads="2" lastid="00000000016B6900" lastname="Thread-8" />
</exclusive-start>
<af-start id="376" threadId="00000000016BEA88" totalBytesRequested="40" timestamp="2019-06-14T19:08:55.869" intervalms="9.058" type="nursery" />
<cycle-start id="377" type="scavenge" contextid="0" timestamp="2019-06-14T19:08:55.869" intervalms="9.009" />
<gc-start id="378" type="scavenge" contextid="377" timestamp="2019-06-14T19:08:55.869">
  <mem-info id="379" free="1518096" total="8519680" percent="17">
    <mem type="nursery" free="0" total="2490368" percent="0">
      <mem type="allocate" free="0" total="1638400" percent="0" />
      <mem type="survivor" free="0" total="851968" percent="0" />
    </mem>
    <mem type="tenure" free="1518096" total="6029312" percent="25">
      <mem type="soa" free="1269264" total="5728256" percent="22" />
      <mem type="loa" free="248832" total="301056" percent="82" />
    </mem>
    <remembered-set count="1932" />
  </mem-info>
</gc-start>
<allocation-stats totalBytes="1305344" >
  <allocated-bytes non-tlh="24" tlh="1305320" />
  <largest-consumer threadName="Thread-10" threadId="00000000016B2D00" bytes="458632" />
</allocation-stats>
<gc-op id="380" type="scavenge" timems="0.471" contextid="377" timestamp="2019-06-14T19:08:55.870">
  <scavenger-info tenureage="3" tenuremask="fff8" tiltratio="65" />
  <memory-copied type="nursery" objects="1090" bytes="27344" bytesdiscarded="173872" />
  <memory-copied type="tenure" objects="980" bytes="23520" bytesdiscarded="0" />
</gc-op>
<gc-end id="381" type="scavenge" contextid="377" durationms="0.674" usertimems="0.000" systemtimems="0.000" timestamp="2019-06-14T19:08:55.870" activeThreads="4">
  <mem-info id="382" free="2985744" total="8519680" percent="35">
    <mem type="nursery" free="1568256" total="2490368" percent="62">
      <mem type="allocate" free="1568256" total="1769472" percent="88" />
      <mem type="survivor" free="0" total="720896" percent="0" />
    </mem>
    <mem type="tenure" free="1417488" total="6029312" percent="23">
      <mem type="soa" free="1168656" total="5728256" percent="20" />
      <mem type="loa" free="248832" total="301056" percent="82" />
    </mem>
    <remembered-set count="952" />
  </mem-info>
</gc-end>
<cycle-end id="383" type="scavenge" contextid="377" timestamp="2019-06-14T19:08:55.870" />
  <attribute name="elasticGC enabled" value="1" />
  <attribute name= "numThreadsSpecified" value="4" />
  <attribute name="heapSize specified" value="8781824" />
  <attribute name="Current GC Util" value="8" />
  <attribute name= "Current Time Running" value="831" />
  <attribute name ="GC Interval" value="200" />
  <attribute name="ProportionalT" value="-6.000000" />
  <attribute name="ProportionalI" value="-6.000000" />
  <attribute name="ProportionalH" value="-6.000000" />
  <attribute name="Current Error" value="-12.000000" />
  <attribute name="IntegralT" value="-108.000000" />
  <attribute name="IntegralI" value="-108.000000" />
  <attribute name="IntegralH" value="-108.000000" />
  <attribute name="DerivativeT" value="-0.666667" />
  <attribute name="DerivativeI" value="-0.666667" />
  <attribute name="DerivativeH" value="-0.666667" />
  <attribute name="Loop Time for DT" value="9.000000" />
  <attribute name="Output H" value="2092630016"/>
  <attribute name="Output I" value="200"/>
  <attribute name="Output T" value="4"/>
  <attribute name="Target GC Util Change" value ="20.000000" />
  <attribute name="Current GC Util Change" value="8.000000"/>
  <attribute name="GC Util currently" value="8" />
  <attribute name="CPU Util currently" value="522233997502" />
<allocation-satisfied id="384" threadId="00000000016BE100" bytesRequested="40" />
<af-end id="385" timestamp="2019-06-14T19:08:55.870" threadId="00000000016BEA88" success="true" from="nursery"/>
<exclusive-end id="386" timestamp="2019-06-14T19:08:55.870" durationms="1.132" />

<exclusive-start id="387" timestamp="2019-06-14T19:08:55.879" intervalms="9.714">
  <response-info timems="0.029" idlems="0.016" threads="1" lastid="00000000016BE100" lastname="Thread-9" />
</exclusive-start>
<af-start id="388" threadId="00000000016B7288" totalBytesRequested="40" timestamp="2019-06-14T19:08:55.879" intervalms="9.717" type="nursery" />
<cycle-start id="389" type="scavenge" contextid="0" timestamp="2019-06-14T19:08:55.879" intervalms="9.716" />
<gc-start id="390" type="scavenge" contextid="389" timestamp="2019-06-14T19:08:55.879">
  <mem-info id="391" free="1417488" total="8519680" percent="16">
    <mem type="nursery" free="0" total="2490368" percent="0">
      <mem type="allocate" free="0" total="1769472" percent="0" />
      <mem type="survivor" free="0" total="720896" percent="0" />
    </mem>
    <mem type="tenure" free="1417488" total="6029312" percent="23">
      <mem type="soa" free="1168656" total="5728256" percent="20" />
      <mem type="loa" free="248832" total="301056" percent="82" />
    </mem>
    <remembered-set count="1429" />
  </mem-info>
</gc-start>
<allocation-stats totalBytes="1567856" >
  <allocated-bytes non-tlh="40" tlh="1567816" />
  <largest-consumer threadName="Thread-10" threadId="00000000016B2D00" bytes="552816" />
</allocation-stats>
<gc-op id="392" type="scavenge" timems="0.451" contextid="389" timestamp="2019-06-14T19:08:55.879">
  <scavenger-info tenureage="3" tenuremask="ffc8" tiltratio="71" />
  <memory-copied type="nursery" objects="1423" bytes="35704" bytesdiscarded="196232" />
  <memory-copied type="tenure" objects="226" bytes="5424" bytesdiscarded="0" />
</gc-op>
<gc-end id="393" type="scavenge" contextid="389" durationms="0.651" usertimems="0.000" systemtimems="0.000" timestamp="2019-06-14T19:08:55.879" activeThreads="4">
  <mem-info id="394" free="3086096" total="8519680" percent="36">
    <mem type="nursery" free="1668608" total="2490368" percent="67">
      <mem type="allocate" free="1668608" total="1900544" percent="87" />
      <mem type="survivor" free="0" total="589824" percent="0" />
    </mem>
    <mem type="tenure" free="1417488" total="6029312" percent="23">
      <mem type="soa" free="1168656" total="5728256" percent="20" />
      <mem type="loa" free="248832" total="301056" percent="82" />
    </mem>
    <remembered-set count="1203" />
  </mem-info>
</gc-end>
<cycle-end id="395" type="scavenge" contextid="389" timestamp="2019-06-14T19:08:55.879" />
  <attribute name="elasticGC enabled" value="1" />
  <attribute name= "numThreadsSpecified" value="4" />
  <attribute name="heapSize specified" value="8781824" />
  <attribute name="Current GC Util" value="10" />
  <attribute name= "Current Time Running" value="841" />
  <attribute name ="GC Interval" value="200" />
  <attribute name="ProportionalT" value="-5.000000" />
  <attribute name="ProportionalI" value="-5.000000" />
  <attribute name="ProportionalH" value="-5.000000" />
  <attribute name="Current Error" value="-10.000000" />
  <attribute name="IntegralT" value="-100.000000" />
  <attribute name="IntegralI" value="-100.000000" />
  <attribute name="IntegralH" value="-100.000000" />
  <attribute name="DerivativeT" value="-0.500000" />
  <attribute name="DerivativeI" value="-0.500000" />
  <attribute name="DerivativeH" value="-0.500000" />
  <attribute name="Loop Time for DT" value="10.000000" />
  <attribute name="Output H" value="2092630016"/>
  <attribute name="Output I" value="200"/>
  <attribute name="Output T" value="4"/>
  <attribute name="Target GC Util Change" value ="20.000000" />
  <attribute name="Current GC Util Change" value="10.000000"/>
  <attribute name="GC Util currently" value="10" />
  <attribute name="CPU Util currently" value="474610325458" />
<allocation-satisfied id="396" threadId="00000000016B6900" bytesRequested="40" />
<af-end id="397" timestamp="2019-06-14T19:08:55.880" threadId="00000000016B7288" success="true" from="nursery"/>
<exclusive-end id="398" timestamp="2019-06-14T19:08:55.880" durationms="1.118" />

<exclusive-start id="399" timestamp="2019-06-14T19:08:55.889" intervalms="10.466">
  <response-info timems="0.026" idlems="0.026" threads="0" lastid="00000000016BA500" lastname="Thread-7" />
</exclusive-start>
<af-start id="400" threadId="00000000016BAE88" totalBytesRequested="40" timestamp="2019-06-14T19:08:55.889" intervalms="10.475" type="nursery" />
<cycle-start id="401" type="scavenge" contextid="0" timestamp="2019-06-14T19:08:55.889" intervalms="10.477" />
<gc-start id="402" type="scavenge" contextid="401" timestamp="2019-06-14T19:08:55.889">
  <mem-info id="403" free="1417488" total="8519680" percent="16">
    <mem type="nursery" free="0" total="2490368" percent="0">
      <mem type="allocate" free="0" total="1900544" percent="0" />
      <mem type="survivor" free="0" total="589824" percent="0" />
    </mem>
    <mem type="tenure" free="1417488" total="6029312" percent="23">
      <mem type="soa" free="1168656" total="5728256" percent="20" />
      <mem type="loa" free="248832" total="301056" percent="82" />
    </mem>
    <remembered-set count="1706" />
  </mem-info>
</gc-start>
<allocation-stats totalBytes="1668088" >
  <allocated-bytes non-tlh="40" tlh="1668048" />
  <largest-consumer threadName="Thread-10" threadId="00000000016B2D00" bytes="562560" />
</allocation-stats>
<gc-op id="404" type="scavenge" timems="0.294" contextid="401" timestamp="2019-06-14T19:08:55.890">
  <scavenger-info tenureage="3" tenuremask="ffe8" tiltratio="76" />
  <memory-copied type="nursery" objects="1517" bytes="37280" bytesdiscarded="295264" />
  <memory-copied type="tenure" objects="253" bytes="6072" bytesdiscarded="0" />
</gc-op>
<gc-end id="405" type="scavenge" contextid="401" durationms="0.555" usertimems="0.000" systemtimems="0.000" timestamp="2019-06-14T19:08:55.890" activeThreads="4">
  <mem-info id="406" free="2985232" total="8519680" percent="35">
    <mem type="nursery" free="1699072" total="2490368" percent="68">
      <mem type="allocate" free="1699072" total="2031616" percent="83" />
      <mem type="survivor" free="0" total="458752" percent="0" />
    </mem>
    <mem type="tenure" free="1286160" total="6029312" percent="21">
      <mem type="soa" free="1037328" total="5728256" percent="18" />
      <mem type="loa" free="248832" total="301056" percent="82" />
    </mem>
    <remembered-set count="1453" />
  </mem-info>
</gc-end>
<cycle-end id="407" type="scavenge" contextid="401" timestamp="2019-06-14T19:08:55.890" />
  <attribute name="elasticGC enabled" value="1" />
  <attribute name= "numThreadsSpecified" value="4" />
  <attribute name="heapSize specified" value="8781824" />
  <attribute name="Current GC Util" value="9" />
  <attribute name= "Current Time Running" value="851" />
  <attribute name ="GC Interval" value="200" />
  <attribute name="ProportionalT" value="-5.500000" />
  <attribute name="ProportionalI" value="-5.500000" />
  <attribute name="ProportionalH" value="-5.500000" />
  <attribute name="Current Error" value="-11.000000" />
  <attribute name="IntegralT" value="-110.000000" />
  <attribute name="IntegralI" value="-110.000000" />
  <attribute name="IntegralH" value="-110.000000" />
  <attribute name="DerivativeT" value="-0.550000" />
  <attribute name="DerivativeI" value="-0.550000" />
  <attribute name="DerivativeH" value="-0.550000" />
  <attribute name="Loop Time for DT" value="10.000000" />
  <attribute name="Output H" value="2092630016"/>
  <attribute name="Output I" value="200"/>
  <attribute name="Output T" value="4"/>
  <attribute name="Target GC Util Change" value ="20.000000" />
  <attribute name="Current GC Util Change" value="9.000000"/>
  <attribute name="GC Util currently" value="9" />
  <attribute name="CPU Util currently" value="437975894786" />
<allocation-satisfied id="408" threadId="00000000016BA500" bytesRequested="40" />
<af-end id="409" timestamp="2019-06-14T19:08:55.890" threadId="00000000016BAE88" success="true" from="nursery"/>
<exclusive-end id="410" timestamp="2019-06-14T19:08:55.890" durationms="1.072" />

<exclusive-start id="411" timestamp="2019-06-14T19:08:55.894" intervalms="4.863">
  <response-info timems="0.034" idlems="0.019" threads="1" lastid="00000000016B6900" lastname="Thread-8" />
</exclusive-start>
<af-start id="412" threadId="00000000016BEA88" totalBytesRequested="40" timestamp="2019-06-14T19:08:55.894" intervalms="4.850" type="nursery" />
<cycle-start id="413" type="scavenge" contextid="0" timestamp="2019-06-14T19:08:55.894" intervalms="4.847" />
<gc-start id="414" type="scavenge" contextid="413" timestamp="2019-06-14T19:08:55.894">
  <mem-info id="415" free="1286160" total="8519680" percent="15">
    <mem type="nursery" free="0" total="2490368" percent="0">
      <mem type="allocate" free="0" total="2031616" percent="0" />
      <mem type="survivor" free="0" total="458752" percent="0" />
    </mem>
    <mem type="tenure" free="1286160" total="6029312" percent="21">
      <mem type="soa" free="1037328" total="5728256" percent="18" />
      <mem type="loa" free="248832" total="301056" percent="82" />
    </mem>
    <remembered-set count="1694" />
  </mem-info>
</gc-start>
<allocation-stats totalBytes="1698752" >
  <allocated-bytes non-tlh="40" tlh="1698712" />
  <largest-consumer threadName="Thread-10" threadId="00000000016B2D00" bytes="593800" />
</allocation-stats>
<gc-op id="416" type="scavenge" timems="0.458" contextid="413" timestamp="2019-06-14T19:08:55.895">
  <scavenger-info tenureage="3" tenuremask="ffe8" tiltratio="81" />
  <memory-copied type="nursery" objects="1524" bytes="38128" bytesdiscarded="163088" />
  <memory-copied type="tenure" objects="388" bytes="9312" bytesdiscarded="0" />
</gc-op>
<gc-end id="417" type="scavenge" contextid="413" durationms="0.657" usertimems="0.000" systemtimems="0.000" timestamp="2019-06-14T19:08:55.895" activeThreads="4">
  <mem-info id="418" free="3182096" total="8519680" percent="37">
    <mem type="nursery" free="1895936" total="2490368" percent="76">
      <mem type="allocate" free="1895936" total="2097152" percent="90" />
      <mem type="survivor" free="0" total="393216" percent="0" />
    </mem>
    <mem type="tenure" free="1286160" total="6029312" percent="21">
      <mem type="soa" free="1037328" total="5728256" percent="18" />
      <mem type="loa" free="248832" total="301056" percent="82" />
    </mem>
    <remembered-set count="1305" />
  </mem-info>
</gc-end>
<cycle-end id="419" type="scavenge" contextid="413" timestamp="2019-06-14T19:08:55.895" />
  <attribute name="elasticGC enabled" value="1" />
  <attribute name= "numThreadsSpecified" value="4" />
  <attribute name="heapSize specified" value="8781824" />
  <attribute name="Current GC Util" value="15" />
  <attribute name= "Current Time Running" value="856" />
  <attribute name ="GC Interval" value="200" />
  <attribute name="ProportionalT" value="-2.500000" />
  <attribute name="ProportionalI" value="-2.500000" />
  <attribute name="ProportionalH" value="-2.500000" />
  <attribute name="Current Error" value="-5.000000" />
  <attribute name="IntegralT" value="-25.000000" />
  <attribute name="IntegralI" value="-25.000000" />
  <attribute name="IntegralH" value="-25.000000" />
  <attribute name="DerivativeT" value="-0.500000" />
  <attribute name="DerivativeI" value="-0.500000" />
  <attribute name="DerivativeH" value="-0.500000" />
  <attribute name="Loop Time for DT" value="5.000000" />
  <attribute name="Output H" value="2092630016"/>
  <attribute name="Output I" value="200"/>
  <attribute name="Output T" value="4"/>
  <attribute name="Target GC Util Change" value ="20.000000" />
  <attribute name="Current GC Util Change" value="15.000000"/>
  <attribute name="GC Util currently" value="15" />
  <attribute name="CPU Util currently" value="961875880906" />
<allocation-satisfied id="420" threadId="00000000016BE100" bytesRequested="40" />
<af-end id="421" timestamp="2019-06-14T19:08:55.895" threadId="00000000016BEA88" success="true" from="nursery"/>
<exclusive-end id="422" timestamp="2019-06-14T19:08:55.895" durationms="1.115" />

<exclusive-start id="423" timestamp="2019-06-14T19:08:55.899" intervalms="5.466">
  <response-info timems="0.037" idlems="0.020" threads="1" lastid="00000000016BE100" lastname="Thread-9" />
</exclusive-start>
<af-start id="424" threadId="00000000016B7288" totalBytesRequested="40" timestamp="2019-06-14T19:08:55.899" intervalms="5.467" type="nursery" />
<cycle-start id="425" type="scavenge" contextid="0" timestamp="2019-06-14T19:08:55.899" intervalms="5.468" />
<gc-start id="426" type="scavenge" contextid="425" timestamp="2019-06-14T19:08:55.900">
  <mem-info id="427" free="1286160" total="8519680" percent="15">
    <mem type="nursery" free="0" total="2490368" percent="0">
      <mem type="allocate" free="0" total="2097152" percent="0" />
      <mem type="survivor" free="0" total="393216" percent="0" />
    </mem>
    <mem type="tenure" free="1286160" total="6029312" percent="21">
      <mem type="soa" free="1037328" total="5728256" percent="18" />
      <mem type="loa" free="248832" total="301056" percent="82" />
    </mem>
    <remembered-set count="1895" />
  </mem-info>
</gc-start>
<allocation-stats totalBytes="1895584" >
  <allocated-bytes non-tlh="40" tlh="1895544" />
  <largest-consumer threadName="Thread-10" threadId="00000000016B2D00" bytes="675760" />
</allocation-stats>
<gc-op id="428" type="scavenge" timems="0.448" contextid="425" timestamp="2019-06-14T19:08:55.900">
  <scavenger-info tenureage="3" tenuremask="ffe8" tiltratio="84" />
  <memory-copied type="nursery" objects="1639" bytes="40896" bytesdiscarded="191040" />
  <memory-copied type="tenure" objects="478" bytes="11472" bytesdiscarded="0" />
</gc-op>
<gc-end id="429" type="scavenge" contextid="425" durationms="0.652" usertimems="0.000" systemtimems="0.000" timestamp="2019-06-14T19:08:55.900" activeThreads="4">
  <mem-info id="430" free="3216912" total="8519680" percent="37">
    <mem type="nursery" free="1930752" total="2490368" percent="77">
      <mem type="allocate" free="1930752" total="2162688" percent="89" />
      <mem type="survivor" free="0" total="327680" percent="0" />
    </mem>
    <mem type="tenure" free="1286160" total="6029312" percent="21">
      <mem type="soa" free="1037328" total="5728256" percent="18" />
      <mem type="loa" free="248832" total="301056" percent="82" />
    </mem>
    <remembered-set count="1417" />
  </mem-info>
</gc-end>
<cycle-end id="431" type="scavenge" contextid="425" timestamp="2019-06-14T19:08:55.900" />
  <attribute name="elasticGC enabled" value="1" />
  <attribute name= "numThreadsSpecified" value="4" />
  <attribute name="heapSize specified" value="8781824" />
  <attribute name="Current GC Util" value="18" />
  <attribute name= "Current Time Running" value="861" />
  <attribute name ="GC Interval" value="200" />
  <attribute name="ProportionalT" value="-1.000000" />
  <attribute name="ProportionalI" value="-1.000000" />
  <attribute name="ProportionalH" value="-1.000000" />
  <attribute name="Current Error" value="-2.000000" />
  <attribute name="IntegralT" value="-10.000000" />
  <attribute name="IntegralI" value="-10.000000" />
  <attribute name="IntegralH" value="-10.000000" />
  <attribute name="DerivativeT" value="-0.200000" />
  <attribute name="DerivativeI" value="-0.200000" />
  <attribute name="DerivativeH" value="-0.200000" />
  <attribute name="Loop Time for DT" value="5.000000" />
  <attribute name="Output H" value="2092630016"/>
  <attribute name="Output I" value="200"/>
  <attribute name="Output T" value="4"/>
  <attribute name="Target GC Util Change" value ="20.000000" />
  <attribute name="Current GC Util Change" value="18.000000"/>
  <attribute name="GC Util currently" value="18" />
  <attribute name="CPU Util currently" value="843216819952" />
<allocation-satisfied id="432" threadId="00000000016B6900" bytesRequested="40" />
<af-end id="433" timestamp="2019-06-14T19:08:55.900" threadId="00000000016B7288" success="true" from="nursery"/>
<exclusive-end id="434" timestamp="2019-06-14T19:08:55.900" durationms="1.110" />

<exclusive-start id="435" timestamp="2019-06-14T19:08:55.906" intervalms="6.960">
  <response-info timems="0.029" idlems="0.029" threads="0" lastid="00000000016BA500" lastname="Thread-7" />
</exclusive-start>
<af-start id="436" threadId="00000000016BAE88" totalBytesRequested="24" timestamp="2019-06-14T19:08:55.906" intervalms="6.955" type="nursery" />
<cycle-start id="437" type="scavenge" contextid="0" timestamp="2019-06-14T19:08:55.906" intervalms="6.954" />
<gc-start id="438" type="scavenge" contextid="437" timestamp="2019-06-14T19:08:55.906">
  <mem-info id="439" free="1286160" total="8519680" percent="15">
    <mem type="nursery" free="0" total="2490368" percent="0">
      <mem type="allocate" free="0" total="2162688" percent="0" />
      <mem type="survivor" free="0" total="327680" percent="0" />
    </mem>
    <mem type="tenure" free="1286160" total="6029312" percent="21">
      <mem type="soa" free="1037328" total="5728256" percent="18" />
      <mem type="loa" free="248832" total="301056" percent="82" />
    </mem>
    <remembered-set count="1755" />
  </mem-info>
</gc-start>
<allocation-stats totalBytes="1930272" >
  <allocated-bytes non-tlh="40" tlh="1930232" />
  <largest-consumer threadName="Thread-9" threadId="00000000016BE100" bytes="902400" />
</allocation-stats>
<gc-op id="440" type="scavenge" timems="0.268" contextid="437" timestamp="2019-06-14T19:08:55.907">
  <scavenger-info tenureage="3" tenuremask="ffe8" tiltratio="86" />
  <memory-copied type="nursery" objects="1360" bytes="33680" bytesdiscarded="294000" />
  <memory-copied type="tenure" objects="499" bytes="11976" bytesdiscarded="0" />
</gc-op>
<gc-end id="441" type="scavenge" contextid="437" durationms="0.451" usertimems="0.000" systemtimems="0.000" timestamp="2019-06-14T19:08:55.907" activeThreads="4">
  <mem-info id="442" free="3186704" total="8519680" percent="37">
    <mem type="nursery" free="1900544" total="2490368" percent="76">
      <mem type="allocate" free="1900544" total="2228224" percent="85" />
      <mem type="survivor" free="0" total="262144" percent="0" />
    </mem>
    <mem type="tenure" free="1286160" total="6029312" percent="21">
      <mem type="soa" free="1037328" total="5728256" percent="18" />
      <mem type="loa" free="248832" total="301056" percent="82" />
    </mem>
    <remembered-set count="1256" />
  </mem-info>
</gc-end>
<cycle-end id="443" type="scavenge" contextid="437" timestamp="2019-06-14T19:08:55.907" />
  <attribute name="elasticGC enabled" value="1" />
  <attribute name= "numThreadsSpecified" value="4" />
  <attribute name="heapSize specified" value="8781824" />
  <attribute name="Current GC Util" value="14" />
  <attribute name= "Current Time Running" value="868" />
  <attribute name ="GC Interval" value="200" />
  <attribute name="ProportionalT" value="-3.000000" />
  <attribute name="ProportionalI" value="-3.000000" />
  <attribute name="ProportionalH" value="-3.000000" />
  <attribute name="Current Error" value="-6.000000" />
  <attribute name="IntegralT" value="-42.000000" />
  <attribute name="IntegralI" value="-42.000000" />
  <attribute name="IntegralH" value="-42.000000" />
  <attribute name="DerivativeT" value="-0.428571" />
  <attribute name="DerivativeI" value="-0.428571" />
  <attribute name="DerivativeH" value="-0.428571" />
  <attribute name="Loop Time for DT" value="7.000000" />
  <attribute name="Output H" value="2092630016"/>
  <attribute name="Output I" value="200"/>
  <attribute name="Output T" value="4"/>
  <attribute name="Target GC Util Change" value ="20.000000" />
  <attribute name="Current GC Util Change" value="14.000000"/>
  <attribute name="GC Util currently" value="14" />
  <attribute name="CPU Util currently" value="663941425250" />
<allocation-satisfied id="444" threadId="00000000016BA500" bytesRequested="24" />
<af-end id="445" timestamp="2019-06-14T19:08:55.907" threadId="00000000016BAE88" success="true" from="nursery"/>
<exclusive-end id="446" timestamp="2019-06-14T19:08:55.907" durationms="0.885" />

<exclusive-start id="447" timestamp="2019-06-14T19:08:55.910" intervalms="3.852">
  <response-info timems="0.029" idlems="0.029" threads="0" lastid="00000000016B2D00" lastname="Thread-10" />
</exclusive-start>
<af-start id="448" threadId="00000000016B3688" totalBytesRequested="40" timestamp="2019-06-14T19:08:55.910" intervalms="3.843" type="nursery" />
<cycle-start id="449" type="scavenge" contextid="0" timestamp="2019-06-14T19:08:55.910" intervalms="3.832" />
<gc-start id="450" type="scavenge" contextid="449" timestamp="2019-06-14T19:08:55.910">
  <mem-info id="451" free="1286160" total="8519680" percent="15">
    <mem type="nursery" free="0" total="2490368" percent="0">
      <mem type="allocate" free="0" total="2228224" percent="0" />
      <mem type="survivor" free="0" total="262144" percent="0" />
    </mem>
    <mem type="tenure" free="1286160" total="6029312" percent="21">
      <mem type="soa" free="1037328" total="5728256" percent="18" />
      <mem type="loa" free="248832" total="301056" percent="82" />
    </mem>
    <remembered-set count="1695" />
  </mem-info>
</gc-start>
<allocation-stats totalBytes="1900096" >
  <allocated-bytes non-tlh="24" tlh="1900072" />
  <largest-consumer threadName="Thread-9" threadId="00000000016BE100" bytes="634720" />
</allocation-stats>
<gc-op id="452" type="scavenge" timems="1.720" contextid="449" timestamp="2019-06-14T19:08:55.912">
  <scavenger-info tenureage="3" tenuremask="ffe8" tiltratio="89" />
  <memory-copied type="nursery" objects="1526" bytes="37568" bytesdiscarded="224576" />
  <memory-copied type="tenure" objects="245" bytes="5880" bytesdiscarded="0" />
</gc-op>
<heap-resize id="453" type="expand" space="nursery" amount="524288" count="1" timems="0.065" reason="excessive time being spent scavenging" timestamp="2019-06-14T19:08:55.912" />
<gc-end id="454" type="scavenge" contextid="449" durationms="2.185" usertimems="4.000" systemtimems="0.000" timestamp="2019-06-14T19:08:55.912" activeThreads="4">
  <mem-info id="455" free="3710992" total="9043968" percent="41">
    <mem type="nursery" free="2424832" total="3014656" percent="80">
      <mem type="allocate" free="2424832" total="2686976" percent="90" />
      <mem type="survivor" free="0" total="327680" percent="0" />
    </mem>
    <mem type="tenure" free="1286160" total="6029312" percent="21">
      <mem type="soa" free="1037328" total="5728256" percent="18" />
      <mem type="loa" free="248832" total="301056" percent="82" />
    </mem>
    <remembered-set count="1450" />
  </mem-info>
</gc-end>
<cycle-end id="456" type="scavenge" contextid="449" timestamp="2019-06-14T19:08:55.913" />
  <attribute name="elasticGC enabled" value="1" />
  <attribute name= "numThreadsSpecified" value="4" />
  <attribute name="heapSize specified" value="8781824" />
  <attribute name="Current GC Util" value="17" />
  <attribute name= "Current Time Running" value="872" />
  <attribute name ="GC Interval" value="200" />
  <attribute name="ProportionalT" value="-1.500000" />
  <attribute name="ProportionalI" value="-1.500000" />
  <attribute name="ProportionalH" value="-1.500000" />
  <attribute name="Current Error" value="-3.000000" />
  <attribute name="IntegralT" value="-12.000000" />
  <attribute name="IntegralI" value="-12.000000" />
  <attribute name="IntegralH" value="-12.000000" />
  <attribute name="DerivativeT" value="-0.375000" />
  <attribute name="DerivativeI" value="-0.375000" />
  <attribute name="DerivativeH" value="-0.375000" />
  <attribute name="Loop Time for DT" value="4.000000" />
  <attribute name="Output H" value="2092630016"/>
  <attribute name="Output I" value="200"/>
  <attribute name="Output T" value="4"/>
  <attribute name="Target GC Util Change" value ="20.000000" />
  <attribute name="Current GC Util Change" value="17.000000"/>
  <attribute name="GC Util currently" value="17" />
  <attribute name="CPU Util currently" value="1212404812127" />
<allocation-satisfied id="457" threadId="00000000016B2D00" bytesRequested="40" />
<af-end id="458" timestamp="2019-06-14T19:08:55.913" threadId="00000000016B3688" success="true" from="nursery"/>
<exclusive-end id="459" timestamp="2019-06-14T19:08:55.913" durationms="2.590" />

<exclusive-start id="460" timestamp="2019-06-14T19:08:55.916" intervalms="5.826">
  <response-info timems="0.092" idlems="0.055" threads="1" lastid="00000000016B6900" lastname="Thread-8" />
</exclusive-start>
<af-start id="461" threadId="00000000016BEA88" totalBytesRequested="40" timestamp="2019-06-14T19:08:55.916" intervalms="5.837" type="nursery" />
<cycle-start id="462" type="scavenge" contextid="0" timestamp="2019-06-14T19:08:55.916" intervalms="5.848" />
<gc-start id="463" type="scavenge" contextid="462" timestamp="2019-06-14T19:08:55.916">
  <mem-info id="464" free="1286160" total="9043968" percent="14">
    <mem type="nursery" free="0" total="3014656" percent="0">
      <mem type="allocate" free="0" total="2686976" percent="0" />
      <mem type="survivor" free="0" total="327680" percent="0" />
    </mem>
    <mem type="tenure" free="1286160" total="6029312" percent="21">
      <mem type="soa" free="1037328" total="5728256" percent="18" />
      <mem type="loa" free="248832" total="301056" percent="82" />
    </mem>
    <remembered-set count="1779" />
  </mem-info>
</gc-start>
<allocation-stats totalBytes="2424192" >
  <allocated-bytes non-tlh="40" tlh="2424152" />
  <largest-consumer threadName="Thread-10" threadId="00000000016B2D00" bytes="1077008" />
</allocation-stats>
<gc-op id="465" type="scavenge" timems="0.586" contextid="462" timestamp="2019-06-14T19:08:55.917">
  <scavenger-info tenureage="3" tenuremask="ffe8" tiltratio="89" />
  <memory-copied type="nursery" objects="1240" bytes="30552" bytesdiscarded="201384" />
  <memory-copied type="tenure" objects="590" bytes="14160" bytesdiscarded="0" />
</gc-op>
<gc-end id="466" type="scavenge" contextid="462" durationms="0.784" usertimems="0.000" systemtimems="0.000" timestamp="2019-06-14T19:08:55.917" activeThreads="4">
  <mem-info id="467" free="3741200" total="9043968" percent="41">
    <mem type="nursery" free="2455040" total="3014656" percent="81">
      <mem type="allocate" free="2455040" total="2686976" percent="91" />
      <mem type="survivor" free="0" total="327680" percent="0" />
    </mem>
    <mem type="tenure" free="1286160" total="6029312" percent="21">
      <mem type="soa" free="1037328" total="5728256" percent="18" />
      <mem type="loa" free="248832" total="301056" percent="82" />
    </mem>
    <remembered-set count="1189" />
  </mem-info>
</gc-end>
<cycle-end id="468" type="scavenge" contextid="462" timestamp="2019-06-14T19:08:55.917" />
  <attribute name="elasticGC enabled" value="1" />
  <attribute name= "numThreadsSpecified" value="4" />
  <attribute name="heapSize specified" value="8781824" />
  <attribute name="Current GC Util" value="46" />
  <attribute name= "Current Time Running" value="878" />
  <attribute name ="GC Interval" value="200" />
  <attribute name="ProportionalT" value="13.000000" />
  <attribute name="ProportionalI" value="13.000000" />
  <attribute name="ProportionalH" value="13.000000" />
  <attribute name="Current Error" value="26.000000" />
  <attribute name="IntegralT" value="156.000000" />
  <attribute name="IntegralI" value="156.000000" />
  <attribute name="IntegralH" value="156.000000" />
  <attribute name="DerivativeT" value="2.166667" />
  <attribute name="DerivativeI" value="2.166667" />
  <attribute name="DerivativeH" value="2.166667" />
  <attribute name="Loop Time for DT" value="6.000000" />
  <attribute name="Output H" value="8388608"/>
  <attribute name="Output I" value="200"/>
  <attribute name="Output T" value="4"/>
  <attribute name="Target GC Util Change" value ="20.000000" />
  <attribute name="Current GC Util Change" value="46.000000"/>
  <attribute name="GC Util currently" value="46" />
  <attribute name="CPU Util currently" value="784093918168" />
<allocation-satisfied id="469" threadId="00000000016BE100" bytesRequested="40" />
<af-end id="470" timestamp="2019-06-14T19:08:55.917" threadId="00000000016BEA88" success="true" from="nursery"/>
<exclusive-end id="471" timestamp="2019-06-14T19:08:55.917" durationms="1.243" />

<exclusive-start id="472" timestamp="2019-06-14T19:08:55.920" intervalms="4.375">
  <response-info timems="0.027" idlems="0.027" threads="0" lastid="00000000016BA500" lastname="Thread-7" />
</exclusive-start>
<af-start id="473" threadId="00000000016BAE88" totalBytesRequested="24" timestamp="2019-06-14T19:08:55.920" intervalms="4.444" type="nursery" />
<cycle-start id="474" type="scavenge" contextid="0" timestamp="2019-06-14T19:08:55.921" intervalms="4.450" />
<gc-start id="475" type="scavenge" contextid="474" timestamp="2019-06-14T19:08:55.921">
  <mem-info id="476" free="1286160" total="9043968" percent="14">
    <mem type="nursery" free="0" total="3014656" percent="0">
      <mem type="allocate" free="0" total="2686976" percent="0" />
      <mem type="survivor" free="0" total="327680" percent="0" />
    </mem>
    <mem type="tenure" free="1286160" total="6029312" percent="21">
      <mem type="soa" free="1037328" total="5728256" percent="18" />
      <mem type="loa" free="248832" total="301056" percent="82" />
    </mem>
    <remembered-set count="1655" />
  </mem-info>
</gc-start>
<allocation-stats totalBytes="2454328" >
  <allocated-bytes non-tlh="40" tlh="2454288" />
  <largest-consumer threadName="Thread-10" threadId="00000000016B2D00" bytes="824568" />
</allocation-stats>
<gc-op id="477" type="scavenge" timems="0.264" contextid="474" timestamp="2019-06-14T19:08:55.921">
  <scavenger-info tenureage="5" tenuremask="ffe0" tiltratio="89" />
  <memory-copied type="nursery" objects="1825" bytes="45160" bytesdiscarded="282520" />
</gc-op>
<gc-end id="478" type="scavenge" contextid="474" durationms="0.544" usertimems="0.000" systemtimems="0.000" timestamp="2019-06-14T19:08:55.921" activeThreads="4">
  <mem-info id="479" free="3645456" total="9043968" percent="40">
    <mem type="nursery" free="2359296" total="3014656" percent="78">
      <mem type="allocate" free="2359296" total="2686976" percent="87" />
      <mem type="survivor" free="0" total="327680" percent="0" />
    </mem>
    <mem type="tenure" free="1286160" total="6029312" percent="21">
      <mem type="soa" free="1037328" total="5728256" percent="18" />
      <mem type="loa" free="248832" total="301056" percent="82" />
    </mem>
    <remembered-set count="1655" />
  </mem-info>
</gc-end>
<cycle-end id="480" type="scavenge" contextid="474" timestamp="2019-06-14T19:08:55.921" />
  <attribute name="elasticGC enabled" value="1" />
  <attribute name= "numThreadsSpecified" value="4" />
  <attribute name="heapSize specified" value="8781824" />
  <attribute name="Current GC Util" value="28" />
  <attribute name= "Current Time Running" value="883" />
  <attribute name ="GC Interval" value="200" />
  <attribute name="ProportionalT" value="4.000000" />
  <attribute name="ProportionalI" value="4.000000" />
  <attribute name="ProportionalH" value="4.000000" />
  <attribute name="Current Error" value="8.000000" />
  <attribute name="IntegralT" value="40.000000" />
  <attribute name="IntegralI" value="40.000000" />
  <attribute name="IntegralH" value="40.000000" />
  <attribute name="DerivativeT" value="-1.800000" />
  <attribute name="DerivativeI" value="-1.800000" />
  <attribute name="DerivativeH" value="-1.800000" />
  <attribute name="Loop Time for DT" value="5.000000" />
  <attribute name="Output H" value="8388608"/>
  <attribute name="Output I" value="200"/>
  <attribute name="Output T" value="4"/>
  <attribute name="Target GC Util Change" value ="20.000000" />
  <attribute name="Current GC Util Change" value="28.000000"/>
  <attribute name="GC Util currently" value="28" />
  <attribute name="CPU Util currently" value="1018730952208" />
<allocation-satisfied id="481" threadId="00000000016BA500" bytesRequested="24" />
<af-end id="482" timestamp="2019-06-14T19:08:55.921" threadId="00000000016BAE88" success="true" from="nursery"/>
<exclusive-end id="483" timestamp="2019-06-14T19:08:55.921" durationms="1.136" />

<exclusive-start id="484" timestamp="2019-06-14T19:08:55.925" intervalms="4.350">
  <response-info timems="0.023" idlems="0.023" threads="0" lastid="00000000016B6900" lastname="Thread-8" />
</exclusive-start>
<af-start id="485" threadId="00000000016B7288" totalBytesRequested="40" timestamp="2019-06-14T19:08:55.925" intervalms="4.521" type="nursery" />
<cycle-start id="486" type="scavenge" contextid="0" timestamp="2019-06-14T19:08:55.925" intervalms="4.510" />
<gc-start id="487" type="scavenge" contextid="486" timestamp="2019-06-14T19:08:55.925">
  <mem-info id="488" free="1286160" total="9043968" percent="14">
    <mem type="nursery" free="0" total="3014656" percent="0">
      <mem type="allocate" free="0" total="2686976" percent="0" />
      <mem type="survivor" free="0" total="327680" percent="0" />
    </mem>
    <mem type="tenure" free="1286160" total="6029312" percent="21">
      <mem type="soa" free="1037328" total="5728256" percent="18" />
      <mem type="loa" free="248832" total="301056" percent="82" />
    </mem>
    <remembered-set count="2118" />
  </mem-info>
</gc-start>
<allocation-stats totalBytes="2358736" >
  <allocated-bytes non-tlh="24" tlh="2358712" />
  <largest-consumer threadName="Thread-10" threadId="00000000016B2D00" bytes="778104" />
</allocation-stats>
<gc-op id="489" type="scavenge" timems="0.340" contextid="486" timestamp="2019-06-14T19:08:55.926">
  <scavenger-info tenureage="3" tenuremask="fff8" tiltratio="89" />
  <memory-copied type="nursery" objects="1439" bytes="35576" bytesdiscarded="292104" />
  <memory-copied type="tenure" objects="771" bytes="18504" bytesdiscarded="0" />
</gc-op>
<gc-end id="490" type="scavenge" contextid="486" durationms="0.610" usertimems="0.000" systemtimems="0.000" timestamp="2019-06-14T19:08:55.926" activeThreads="4">
  <mem-info id="491" free="3645456" total="9043968" percent="40">
    <mem type="nursery" free="2359296" total="3014656" percent="78">
      <mem type="allocate" free="2359296" total="2686976" percent="87" />
      <mem type="survivor" free="0" total="327680" percent="0" />
    </mem>
    <mem type="tenure" free="1286160" total="6029312" percent="21">
      <mem type="soa" free="1037328" total="5728256" percent="18" />
      <mem type="loa" free="248832" total="301056" percent="82" />
    </mem>
    <remembered-set count="1347" />
  </mem-info>
</gc-end>
<cycle-end id="492" type="scavenge" contextid="486" timestamp="2019-06-14T19:08:55.926" />
  <attribute name="elasticGC enabled" value="1" />
  <attribute name= "numThreadsSpecified" value="4" />
  <attribute name="heapSize specified" value="8781824" />
  <attribute name="Current GC Util" value="14" />
  <attribute name= "Current Time Running" value="887" />
  <attribute name ="GC Interval" value="200" />
  <attribute name="ProportionalT" value="-3.000000" />
  <attribute name="ProportionalI" value="-3.000000" />
  <attribute name="ProportionalH" value="-3.000000" />
  <attribute name="Current Error" value="-6.000000" />
  <attribute name="IntegralT" value="-24.000000" />
  <attribute name="IntegralI" value="-24.000000" />
  <attribute name="IntegralH" value="-24.000000" />
  <attribute name="DerivativeT" value="-1.750000" />
  <attribute name="DerivativeI" value="-1.750000" />
  <attribute name="DerivativeH" value="-1.750000" />
  <attribute name="Loop Time for DT" value="4.000000" />
  <attribute name="Output H" value="2092630016"/>
  <attribute name="Output I" value="200"/>
  <attribute name="Output T" value="4"/>
  <attribute name="Target GC Util Change" value ="20.000000" />
  <attribute name="Current GC Util Change" value="14.000000"/>
  <attribute name="GC Util currently" value="14" />
  <attribute name="CPU Util currently" value="994444792948" />
<allocation-satisfied id="493" threadId="00000000016B6900" bytesRequested="40" />
<af-end id="494" timestamp="2019-06-14T19:08:55.926" threadId="00000000016B7288" success="true" from="nursery"/>
<exclusive-end id="495" timestamp="2019-06-14T19:08:55.926" durationms="1.450" />

<exclusive-start id="496" timestamp="2019-06-14T19:08:55.930" intervalms="4.899">
  <response-info timems="0.027" idlems="0.027" threads="0" lastid="00000000016B2D00" lastname="Thread-10" />
</exclusive-start>
<af-start id="497" threadId="00000000016B3688" totalBytesRequested="24" timestamp="2019-06-14T19:08:55.930" intervalms="4.647" type="nursery" />
<cycle-start id="498" type="scavenge" contextid="0" timestamp="2019-06-14T19:08:55.930" intervalms="4.642" />
<gc-start id="499" type="scavenge" contextid="498" timestamp="2019-06-14T19:08:55.930">
  <mem-info id="500" free="1286160" total="9043968" percent="14">
    <mem type="nursery" free="0" total="3014656" percent="0">
      <mem type="allocate" free="0" total="2686976" percent="0" />
      <mem type="survivor" free="0" total="327680" percent="0" />
    </mem>
    <mem type="tenure" free="1286160" total="6029312" percent="21">
      <mem type="soa" free="1037328" total="5728256" percent="18" />
      <mem type="loa" free="248832" total="301056" percent="82" />
    </mem>
    <remembered-set count="1893" />
  </mem-info>
</gc-start>
<allocation-stats totalBytes="2358728" >
  <allocated-bytes non-tlh="40" tlh="2358688" />
  <largest-consumer threadName="Thread-9" threadId="00000000016BE100" bytes="810832" />
</allocation-stats>
<gc-op id="501" type="scavenge" timems="1.689" contextid="498" timestamp="2019-06-14T19:08:55.932">
  <scavenger-info tenureage="14" tenuremask="4000" tiltratio="89" />
  <memory-copied type="nursery" objects="1959" bytes="47928" bytesdiscarded="279752" />
</gc-op>
<heap-resize id="502" type="expand" space="nursery" amount="655360" count="1" timems="0.014" reason="excessive time being spent scavenging" timestamp="2019-06-14T19:08:55.932" />
<gc-end id="503" type="scavenge" contextid="498" durationms="2.128" usertimems="4.000" systemtimems="0.000" timestamp="2019-06-14T19:08:55.932" activeThreads="4">
  <mem-info id="504" free="4235280" total="9699328" percent="43">
    <mem type="nursery" free="2949120" total="3670016" percent="80">
      <mem type="allocate" free="2949120" total="3276800" percent="90" />
      <mem type="survivor" free="0" total="393216" percent="0" />
    </mem>
    <mem type="tenure" free="1286160" total="6029312" percent="21">
      <mem type="soa" free="1037328" total="5728256" percent="18" />
      <mem type="loa" free="248832" total="301056" percent="82" />
    </mem>
    <remembered-set count="1893" />
  </mem-info>
</gc-end>
<cycle-end id="505" type="scavenge" contextid="498" timestamp="2019-06-14T19:08:55.932" />
  <attribute name="elasticGC enabled" value="1" />
  <attribute name= "numThreadsSpecified" value="4" />
  <attribute name="heapSize specified" value="8781824" />
  <attribute name="Current GC Util" value="16" />
  <attribute name= "Current Time Running" value="892" />
  <attribute name ="GC Interval" value="200" />
  <attribute name="ProportionalT" value="-2.000000" />
  <attribute name="ProportionalI" value="-2.000000" />
  <attribute name="ProportionalH" value="-2.000000" />
  <attribute name="Current Error" value="-4.000000" />
  <attribute name="IntegralT" value="-20.000000" />
  <attribute name="IntegralI" value="-20.000000" />
  <attribute name="IntegralH" value="-20.000000" />
  <attribute name="DerivativeT" value="-0.400000" />
  <attribute name="DerivativeI" value="-0.400000" />
  <attribute name="DerivativeH" value="-0.400000" />
  <attribute name="Loop Time for DT" value="5.000000" />
  <attribute name="Output H" value="2092630016"/>
  <attribute name="Output I" value="200"/>
  <attribute name="Output T" value="4"/>
  <attribute name="Target GC Util Change" value ="20.000000" />
  <attribute name="Current GC Util Change" value="16.000000"/>
  <attribute name="GC Util currently" value="16" />
  <attribute name="CPU Util currently" value="1046605487155" />
<allocation-satisfied id="506" threadId="00000000016B2D00" bytesRequested="24" />
<af-end id="507" timestamp="2019-06-14T19:08:55.932" threadId="00000000016B3688" success="true" from="nursery"/>
<exclusive-end id="508" timestamp="2019-06-14T19:08:55.932" durationms="2.558" />

<exclusive-start id="509" timestamp="2019-06-14T19:08:55.937" intervalms="7.736">
  <response-info timems="0.027" idlems="0.027" threads="0" lastid="00000000016BE100" lastname="Thread-9" />
</exclusive-start>
<af-start id="510" threadId="00000000016BEA88" totalBytesRequested="40" timestamp="2019-06-14T19:08:55.937" intervalms="7.769" type="nursery" />
<cycle-start id="511" type="scavenge" contextid="0" timestamp="2019-06-14T19:08:55.937" intervalms="7.784" />
<gc-start id="512" type="scavenge" contextid="511" timestamp="2019-06-14T19:08:55.938">
  <mem-info id="513" free="1286160" total="9699328" percent="13">
    <mem type="nursery" free="0" total="3670016" percent="0">
      <mem type="allocate" free="0" total="3276800" percent="0" />
      <mem type="survivor" free="0" total="393216" percent="0" />
    </mem>
    <mem type="tenure" free="1286160" total="6029312" percent="21">
      <mem type="soa" free="1037328" total="5728256" percent="18" />
      <mem type="loa" free="248832" total="301056" percent="82" />
    </mem>
    <remembered-set count="2259" />
  </mem-info>
</gc-start>
<allocation-stats totalBytes="2948624" >
  <allocated-bytes non-tlh="24" tlh="2948600" />
  <largest-consumer threadName="Thread-10" threadId="00000000016B2D00" bytes="1634112" />
</allocation-stats>
<gc-op id="514" type="scavenge" timems="0.458" contextid="511" timestamp="2019-06-14T19:08:55.938">
  <scavenger-info tenureage="4" tenuremask="4010" tiltratio="89" />
  <memory-copied type="nursery" objects="2084" bytes="51312" bytesdiscarded="88464" />
  <memory-copied type="tenure" objects="332" bytes="7968" bytesdiscarded="0" />
</gc-op>
<gc-end id="515" type="scavenge" contextid="511" durationms="0.657" usertimems="0.000" systemtimems="0.000" timestamp="2019-06-14T19:08:55.938" activeThreads="4">
  <mem-info id="516" free="4423184" total="9699328" percent="45">
    <mem type="nursery" free="3137024" total="3670016" percent="85">
      <mem type="allocate" free="3137024" total="3276800" percent="95" />
      <mem type="survivor" free="0" total="393216" percent="0" />
    </mem>
    <mem type="tenure" free="1286160" total="6029312" percent="21">
      <mem type="soa" free="1037328" total="5728256" percent="18" />
      <mem type="loa" free="248832" total="301056" percent="82" />
    </mem>
    <remembered-set count="1927" />
  </mem-info>
</gc-end>
<cycle-end id="517" type="scavenge" contextid="511" timestamp="2019-06-14T19:08:55.938" />
  <attribute name="elasticGC enabled" value="1" />
  <attribute name= "numThreadsSpecified" value="4" />
  <attribute name="heapSize specified" value="8781824" />
  <attribute name="Current GC Util" value="31" />
  <attribute name= "Current Time Running" value="899" />
  <attribute name ="GC Interval" value="200" />
  <attribute name="ProportionalT" value="5.500000" />
  <attribute name="ProportionalI" value="5.500000" />
  <attribute name="ProportionalH" value="5.500000" />
  <attribute name="Current Error" value="11.000000" />
  <attribute name="IntegralT" value="77.000000" />
  <attribute name="IntegralI" value="77.000000" />
  <attribute name="IntegralH" value="77.000000" />
  <attribute name="DerivativeT" value="0.785714" />
  <attribute name="DerivativeI" value="0.785714" />
  <attribute name="DerivativeH" value="0.785714" />
  <attribute name="Loop Time for DT" value="7.000000" />
  <attribute name="Output H" value="8388608"/>
  <attribute name="Output I" value="200"/>
  <attribute name="Output T" value="4"/>
  <attribute name="Target GC Util Change" value ="20.000000" />
  <attribute name="Current GC Util Change" value="31.000000"/>
  <attribute name="GC Util currently" value="31" />
  <attribute name="CPU Util currently" value="590120567887" />
<allocation-satisfied id="518" threadId="00000000016BE100" bytesRequested="40" />
<af-end id="519" timestamp="2019-06-14T19:08:55.938" threadId="00000000016BEA88" success="true" from="nursery"/>
<exclusive-end id="520" timestamp="2019-06-14T19:08:55.938" durationms="1.142" />

<exclusive-start id="521" timestamp="2019-06-14T19:08:55.944" intervalms="6.531">
  <response-info timems="1.215" idlems="1.187" threads="1" lastid="00000000016B6900" lastname="Thread-8" />
</exclusive-start>
<af-start id="522" threadId="00000000016BAE88" totalBytesRequested="40" timestamp="2019-06-14T19:08:55.944" intervalms="6.569" type="nursery" />
<cycle-start id="523" type="scavenge" contextid="0" timestamp="2019-06-14T19:08:55.944" intervalms="6.569" />
<gc-start id="524" type="scavenge" contextid="523" timestamp="2019-06-14T19:08:55.944">
  <mem-info id="525" free="1286160" total="9699328" percent="13">
    <mem type="nursery" free="0" total="3670016" percent="0">
      <mem type="allocate" free="0" total="3276800" percent="0" />
      <mem type="survivor" free="0" total="393216" percent="0" />
    </mem>
    <mem type="tenure" free="1286160" total="6029312" percent="21">
      <mem type="soa" free="1037328" total="5728256" percent="18" />
      <mem type="loa" free="248832" total="301056" percent="82" />
    </mem>
    <remembered-set count="2527" />
  </mem-info>
</gc-start>
<allocation-stats totalBytes="3136424" >
  <allocated-bytes non-tlh="40" tlh="3136384" />
  <largest-consumer threadName="Thread-10" threadId="00000000016B2D00" bytes="1113464" />
</allocation-stats>
<gc-op id="526" type="scavenge" timems="0.376" contextid="523" timestamp="2019-06-14T19:08:55.945">
  <scavenger-info tenureage="3" tenuremask="4018" tiltratio="89" />
  <memory-copied type="nursery" objects="1686" bytes="41448" bytesdiscarded="291096" />
  <memory-copied type="tenure" objects="926" bytes="22224" bytesdiscarded="0" />
</gc-op>
<gc-end id="527" type="scavenge" contextid="523" durationms="0.822" usertimems="0.000" systemtimems="0.000" timestamp="2019-06-14T19:08:55.945" activeThreads="4">
  <mem-info id="528" free="4230416" total="9699328" percent="43">
    <mem type="nursery" free="2944256" total="3670016" percent="80">
      <mem type="allocate" free="2944256" total="3276800" percent="89" />
      <mem type="survivor" free="0" total="393216" percent="0" />
    </mem>
    <mem type="tenure" free="1286160" total="6029312" percent="21">
      <mem type="soa" free="1037328" total="5728256" percent="18" />
      <mem type="loa" free="248832" total="301056" percent="82" />
    </mem>
    <remembered-set count="1601" />
  </mem-info>
</gc-end>
<cycle-end id="529" type="scavenge" contextid="523" timestamp="2019-06-14T19:08:55.945" />
  <attribute name="elasticGC enabled" value="1" />
  <attribute name= "numThreadsSpecified" value="4" />
  <attribute name="heapSize specified" value="8781824" />
  <attribute name="Current GC Util" value="15" />
  <attribute name= "Current Time Running" value="906" />
  <attribute name ="GC Interval" value="200" />
  <attribute name="ProportionalT" value="-2.500000" />
  <attribute name="ProportionalI" value="-2.500000" />
  <attribute name="ProportionalH" value="-2.500000" />
  <attribute name="Current Error" value="-5.000000" />
  <attribute name="IntegralT" value="-35.000000" />
  <attribute name="IntegralI" value="-35.000000" />
  <attribute name="IntegralH" value="-35.000000" />
  <attribute name="DerivativeT" value="-1.142857" />
  <attribute name="DerivativeI" value="-1.142857" />
  <attribute name="DerivativeH" value="-1.142857" />
  <attribute name="Loop Time for DT" value="7.000000" />
  <attribute name="Output H" value="2092630016"/>
  <attribute name="Output I" value="200"/>
  <attribute name="Output T" value="4"/>
  <attribute name="Target GC Util Change" value ="20.000000" />
  <attribute name="Current GC Util Change" value="15.000000"/>
  <attribute name="GC Util currently" value="15" />
  <attribute name="CPU Util currently" value="673653352583" />
<allocation-satisfied id="530" threadId="00000000016BA500" bytesRequested="40" />
<af-end id="531" timestamp="2019-06-14T19:08:55.945" threadId="00000000016BAE88" success="true" from="nursery"/>
<exclusive-end id="532" timestamp="2019-06-14T19:08:55.945" durationms="1.443" />

<exclusive-start id="533" timestamp="2019-06-14T19:08:55.949" intervalms="5.376">
  <response-info timems="0.057" idlems="0.038" threads="1" lastid="00000000016BA500" lastname="Thread-7" />
</exclusive-start>
<af-start id="534" threadId="00000000016BEA88" totalBytesRequested="40" timestamp="2019-06-14T19:08:55.949" intervalms="5.326" type="nursery" />
<cycle-start id="535" type="scavenge" contextid="0" timestamp="2019-06-14T19:08:55.949" intervalms="5.333" />
<gc-start id="536" type="scavenge" contextid="535" timestamp="2019-06-14T19:08:55.949">
  <mem-info id="537" free="1286160" total="9699328" percent="13">
    <mem type="nursery" free="0" total="3670016" percent="0">
      <mem type="allocate" free="0" total="3276800" percent="0" />
      <mem type="survivor" free="0" total="393216" percent="0" />
    </mem>
    <mem type="tenure" free="1286160" total="6029312" percent="21">
      <mem type="soa" free="1037328" total="5728256" percent="18" />
      <mem type="loa" free="248832" total="301056" percent="82" />
    </mem>
    <remembered-set count="2105" />
  </mem-info>
</gc-start>
<allocation-stats totalBytes="2943632" >
  <allocated-bytes non-tlh="40" tlh="2943592" />
  <largest-consumer threadName="Thread-10" threadId="00000000016B2D00" bytes="1007400" />
</allocation-stats>
<gc-op id="538" type="scavenge" timems="0.613" contextid="535" timestamp="2019-06-14T19:08:55.950">
  <scavenger-info tenureage="3" tenuremask="4008" tiltratio="89" />
  <memory-copied type="nursery" objects="1723" bytes="42656" bytesdiscarded="66400" />
  <memory-copied type="tenure" objects="544" bytes="13056" bytesdiscarded="0" />
</gc-op>
<gc-end id="539" type="scavenge" contextid="535" durationms="0.814" usertimems="0.000" systemtimems="0.000" timestamp="2019-06-14T19:08:55.950" activeThreads="4">
  <mem-info id="540" free="4453904" total="9699328" percent="45">
    <mem type="nursery" free="3167744" total="3670016" percent="86">
      <mem type="allocate" free="3167744" total="3276800" percent="96" />
      <mem type="survivor" free="0" total="393216" percent="0" />
    </mem>
    <mem type="tenure" free="1286160" total="6029312" percent="21">
      <mem type="soa" free="1037328" total="5728256" percent="18" />
      <mem type="loa" free="248832" total="301056" percent="82" />
    </mem>
    <remembered-set count="1561" />
  </mem-info>
</gc-end>
<cycle-end id="541" type="scavenge" contextid="535" timestamp="2019-06-14T19:08:55.950" />
  <attribute name="elasticGC enabled" value="1" />
  <attribute name= "numThreadsSpecified" value="4" />
  <attribute name="heapSize specified" value="8781824" />
  <attribute name="Current GC Util" value="15" />
  <attribute name= "Current Time Running" value="911" />
  <attribute name ="GC Interval" value="200" />
  <attribute name="ProportionalT" value="-2.500000" />
  <attribute name="ProportionalI" value="-2.500000" />
  <attribute name="ProportionalH" value="-2.500000" />
  <attribute name="Current Error" value="-5.000000" />
  <attribute name="IntegralT" value="-25.000000" />
  <attribute name="IntegralI" value="-25.000000" />
  <attribute name="IntegralH" value="-25.000000" />
  <attribute name="DerivativeT" value="-0.500000" />
  <attribute name="DerivativeI" value="-0.500000" />
  <attribute name="DerivativeH" value="-0.500000" />
  <attribute name="Loop Time for DT" value="5.000000" />
  <attribute name="Output H" value="2092630016"/>
  <attribute name="Output I" value="200"/>
  <attribute name="Output T" value="4"/>
  <attribute name="Target GC Util Change" value ="20.000000" />
  <attribute name="Current GC Util Change" value="15.000000"/>
  <attribute name="GC Util currently" value="15" />
  <attribute name="CPU Util currently" value="911332678845" />
<allocation-satisfied id="542" threadId="00000000016BE100" bytesRequested="40" />
<af-end id="543" timestamp="2019-06-14T19:08:55.950" threadId="00000000016BEA88" success="true" from="nursery"/>
<exclusive-end id="544" timestamp="2019-06-14T19:08:55.950" durationms="1.284" />

<exclusive-start id="545" timestamp="2019-06-14T19:08:55.954" intervalms="5.189">
  <response-info timems="0.026" idlems="0.026" threads="0" lastid="00000000016BA500" lastname="Thread-7" />
</exclusive-start>
<af-start id="546" threadId="00000000016BAE88" totalBytesRequested="40" timestamp="2019-06-14T19:08:55.954" intervalms="5.188" type="nursery" />
<cycle-start id="547" type="scavenge" contextid="0" timestamp="2019-06-14T19:08:55.955" intervalms="5.180" />
<gc-start id="548" type="scavenge" contextid="547" timestamp="2019-06-14T19:08:55.955">
  <mem-info id="549" free="1286160" total="9699328" percent="13">
    <mem type="nursery" free="0" total="3670016" percent="0">
      <mem type="allocate" free="0" total="3276800" percent="0" />
      <mem type="survivor" free="0" total="393216" percent="0" />
    </mem>
    <mem type="tenure" free="1286160" total="6029312" percent="21">
      <mem type="soa" free="1037328" total="5728256" percent="18" />
      <mem type="loa" free="248832" total="301056" percent="82" />
    </mem>
    <remembered-set count="1860" />
  </mem-info>
</gc-start>
<allocation-stats totalBytes="3167160" >
  <allocated-bytes non-tlh="40" tlh="3167120" />
  <largest-consumer threadName="Thread-10" threadId="00000000016B2D00" bytes="1408888" />
</allocation-stats>
<gc-op id="550" type="scavenge" timems="0.292" contextid="547" timestamp="2019-06-14T19:08:55.955">
  <scavenger-info tenureage="14" tenuremask="4000" tiltratio="89" />
  <memory-copied type="nursery" objects="1992" bytes="48984" bytesdiscarded="283560" />
</gc-op>
<gc-end id="551" type="scavenge" contextid="547" durationms="0.473" usertimems="0.000" systemtimems="0.000" timestamp="2019-06-14T19:08:55.955" activeThreads="4">
  <mem-info id="552" free="4230416" total="9699328" percent="43">
    <mem type="nursery" free="2944256" total="3670016" percent="80">
      <mem type="allocate" free="2944256" total="3276800" percent="89" />
      <mem type="survivor" free="0" total="393216" percent="0" />
    </mem>
    <mem type="tenure" free="1286160" total="6029312" percent="21">
      <mem type="soa" free="1037328" total="5728256" percent="18" />
      <mem type="loa" free="248832" total="301056" percent="82" />
    </mem>
    <remembered-set count="1860" />
  </mem-info>
</gc-end>
<cycle-end id="553" type="scavenge" contextid="547" timestamp="2019-06-14T19:08:55.955" />
  <attribute name="elasticGC enabled" value="1" />
  <attribute name= "numThreadsSpecified" value="4" />
  <attribute name="heapSize specified" value="8781824" />
  <attribute name="Current GC Util" value="25" />
  <attribute name= "Current Time Running" value="917" />
  <attribute name ="GC Interval" value="200" />
  <attribute name="ProportionalT" value="2.500000" />
  <attribute name="ProportionalI" value="2.500000" />
  <attribute name="ProportionalH" value="2.500000" />
  <attribute name="Current Error" value="5.000000" />
  <attribute name="IntegralT" value="30.000000" />
  <attribute name="IntegralI" value="30.000000" />
  <attribute name="IntegralH" value="30.000000" />
  <attribute name="DerivativeT" value="0.416667" />
  <attribute name="DerivativeI" value="0.416667" />
  <attribute name="DerivativeH" value="0.416667" />
  <attribute name="Loop Time for DT" value="6.000000" />
  <attribute name="Output H" value="8388608"/>
  <attribute name="Output I" value="200"/>
  <attribute name="Output T" value="4"/>
  <attribute name="Target GC Util Change" value ="20.000000" />
  <attribute name="Current GC Util Change" value="25.000000"/>
  <attribute name="GC Util currently" value="25" />
  <attribute name="CPU Util currently" value="891327733150" />
<allocation-satisfied id="554" threadId="00000000016BA500" bytesRequested="40" />
<af-end id="555" timestamp="2019-06-14T19:08:55.955" threadId="00000000016BAE88" success="true" from="nursery"/>
<exclusive-end id="556" timestamp="2019-06-14T19:08:55.955" durationms="0.917" />

<exclusive-start id="557" timestamp="2019-06-14T19:08:55.959" intervalms="4.948">
  <response-info timems="0.236" idlems="0.120" threads="1" lastid="00000000016BA500" lastname="Thread-7" />
</exclusive-start>
<af-start id="558" threadId="00000000016B7288" totalBytesRequested="40" timestamp="2019-06-14T19:08:55.959" intervalms="4.937" type="nursery" />
<cycle-start id="559" type="scavenge" contextid="0" timestamp="2019-06-14T19:08:55.959" intervalms="4.928" />
<gc-start id="560" type="scavenge" contextid="559" timestamp="2019-06-14T19:08:55.960">
  <mem-info id="561" free="1286160" total="9699328" percent="13">
    <mem type="nursery" free="0" total="3670016" percent="0">
      <mem type="allocate" free="0" total="3276800" percent="0" />
      <mem type="survivor" free="0" total="393216" percent="0" />
    </mem>
    <mem type="tenure" free="1286160" total="6029312" percent="21">
      <mem type="soa" free="1037328" total="5728256" percent="18" />
      <mem type="loa" free="248832" total="301056" percent="82" />
    </mem>
    <remembered-set count="2237" />
  </mem-info>
</gc-start>
<allocation-stats totalBytes="2943720" >
  <allocated-bytes non-tlh="40" tlh="2943680" />
  <largest-consumer threadName="Thread-10" threadId="00000000016B2D00" bytes="1178680" />
</allocation-stats>
<gc-op id="562" type="scavenge" timems="0.296" contextid="559" timestamp="2019-06-14T19:08:55.960">
  <scavenger-info tenureage="3" tenuremask="4018" tiltratio="89" />
  <memory-copied type="nursery" objects="1497" bytes="37496" bytesdiscarded="355720" />
  <memory-copied type="tenure" objects="968" bytes="23232" bytesdiscarded="0" />
</gc-op>
<gc-end id="563" type="scavenge" contextid="559" durationms="0.478" usertimems="0.000" systemtimems="0.000" timestamp="2019-06-14T19:08:55.960" activeThreads="4">
  <mem-info id="564" free="4169744" total="9699328" percent="42">
    <mem type="nursery" free="2883584" total="3670016" percent="78">
      <mem type="allocate" free="2883584" total="3276800" percent="88" />
      <mem type="survivor" free="0" total="393216" percent="0" />
    </mem>
    <mem type="tenure" free="1286160" total="6029312" percent="21">
      <mem type="soa" free="1037328" total="5728256" percent="18" />
      <mem type="loa" free="248832" total="301056" percent="82" />
    </mem>
    <remembered-set count="1269" />
  </mem-info>
</gc-end>
<cycle-end id="565" type="scavenge" contextid="559" timestamp="2019-06-14T19:08:55.960" />
  <attribute name="elasticGC enabled" value="1" />
  <attribute name= "numThreadsSpecified" value="4" />
  <attribute name="heapSize specified" value="8781824" />
  <attribute name="Current GC Util" value="14" />
  <attribute name= "Current Time Running" value="921" />
  <attribute name ="GC Interval" value="200" />
  <attribute name="ProportionalT" value="-3.000000" />
  <attribute name="ProportionalI" value="-3.000000" />
  <attribute name="ProportionalH" value="-3.000000" />
  <attribute name="Current Error" value="-6.000000" />
  <attribute name="IntegralT" value="-24.000000" />
  <attribute name="IntegralI" value="-24.000000" />
  <attribute name="IntegralH" value="-24.000000" />
  <attribute name="DerivativeT" value="-1.375000" />
  <attribute name="DerivativeI" value="-1.375000" />
  <attribute name="DerivativeH" value="-1.375000" />
  <attribute name="Loop Time for DT" value="4.000000" />
  <attribute name="Output H" value="2092630016"/>
  <attribute name="Output I" value="200"/>
  <attribute name="Output T" value="4"/>
  <attribute name="Target GC Util Change" value ="20.000000" />
  <attribute name="Current GC Util Change" value="14.000000"/>
  <attribute name="GC Util currently" value="14" />
  <attribute name="CPU Util currently" value="936612108342" />
<allocation-satisfied id="566" threadId="00000000016B6900" bytesRequested="40" />
<af-end id="567" timestamp="2019-06-14T19:08:55.960" threadId="00000000016B7288" success="true" from="nursery"/>
<exclusive-end id="568" timestamp="2019-06-14T19:08:55.960" durationms="0.902" />

<exclusive-start id="569" timestamp="2019-06-14T19:08:55.967" intervalms="7.224">
  <response-info timems="1.523" idlems="0.771" threads="1" lastid="00000000016B6900" lastname="Thread-8" />
</exclusive-start>
<af-start id="570" threadId="00000000016BEA88" totalBytesRequested="40" timestamp="2019-06-14T19:08:55.967" intervalms="7.223" type="nursery" />
<cycle-start id="571" type="scavenge" contextid="0" timestamp="2019-06-14T19:08:55.967" intervalms="7.229" />
<gc-start id="572" type="scavenge" contextid="571" timestamp="2019-06-14T19:08:55.967">
  <mem-info id="573" free="1286160" total="9699328" percent="13">
    <mem type="nursery" free="0" total="3670016" percent="0">
      <mem type="allocate" free="0" total="3276800" percent="0" />
      <mem type="survivor" free="0" total="393216" percent="0" />
    </mem>
    <mem type="tenure" free="1286160" total="6029312" percent="21">
      <mem type="soa" free="1037328" total="5728256" percent="18" />
      <mem type="loa" free="248832" total="301056" percent="82" />
    </mem>
    <remembered-set count="1563" />
  </mem-info>
</gc-start>
<allocation-stats totalBytes="2883096" >
  <allocated-bytes non-tlh="40" tlh="2883056" />
  <largest-consumer threadName="Thread-10" threadId="00000000016B2D00" bytes="1306360" />
</allocation-stats>
<gc-op id="574" type="scavenge" timems="0.426" contextid="571" timestamp="2019-06-14T19:08:55.967">
  <scavenger-info tenureage="14" tenuremask="4000" tiltratio="89" />
  <memory-copied type="nursery" objects="1792" bytes="44592" bytesdiscarded="156624" />
</gc-op>
<gc-end id="575" type="scavenge" contextid="571" durationms="0.632" usertimems="0.000" systemtimems="0.000" timestamp="2019-06-14T19:08:55.967" activeThreads="4">
  <mem-info id="576" free="4361744" total="9699328" percent="44">
    <mem type="nursery" free="3075584" total="3670016" percent="83">
      <mem type="allocate" free="3075584" total="3276800" percent="93" />
      <mem type="survivor" free="0" total="393216" percent="0" />
    </mem>
    <mem type="tenure" free="1286160" total="6029312" percent="21">
      <mem type="soa" free="1037328" total="5728256" percent="18" />
      <mem type="loa" free="248832" total="301056" percent="82" />
    </mem>
    <remembered-set count="1563" />
  </mem-info>
</gc-end>
<cycle-end id="577" type="scavenge" contextid="571" timestamp="2019-06-14T19:08:55.967" />
  <attribute name="elasticGC enabled" value="1" />
  <attribute name= "numThreadsSpecified" value="4" />
  <attribute name="heapSize specified" value="8781824" />
  <attribute name="Current GC Util" value="9" />
  <attribute name= "Current Time Running" value="929" />
  <attribute name ="GC Interval" value="200" />
  <attribute name="ProportionalT" value="-5.500000" />
  <attribute name="ProportionalI" value="-5.500000" />
  <attribute name="ProportionalH" value="-5.500000" />
  <attribute name="Current Error" value="-11.000000" />
  <attribute name="IntegralT" value="-88.000000" />
  <attribute name="IntegralI" value="-88.000000" />
  <attribute name="IntegralH" value="-88.000000" />
  <attribute name="DerivativeT" value="-0.687500" />
  <attribute name="DerivativeI" value="-0.687500" />
  <attribute name="DerivativeH" value="-0.687500" />
  <attribute name="Loop Time for DT" value="8.000000" />
  <attribute name="Output H" value="2092630016"/>
  <attribute name="Output I" value="200"/>
  <attribute name="Output T" value="4"/>
  <attribute name="Target GC Util Change" value ="20.000000" />
  <attribute name="Current GC Util Change" value="9.000000"/>
  <attribute name="GC Util currently" value="9" />
  <attribute name="CPU Util currently" value="636280241198" />
<allocation-satisfied id="578" threadId="00000000016BE100" bytesRequested="40" />
<af-end id="579" timestamp="2019-06-14T19:08:55.968" threadId="00000000016BEA88" success="true" from="nursery"/>
<exclusive-end id="580" timestamp="2019-06-14T19:08:55.968" durationms="1.069" />

<exclusive-start id="581" timestamp="2019-06-14T19:08:55.971" intervalms="4.599">
  <response-info timems="0.022" idlems="0.022" threads="0" lastid="00000000016B6900" lastname="Thread-8" />
</exclusive-start>
<af-start id="582" threadId="00000000016B7288" totalBytesRequested="40" timestamp="2019-06-14T19:08:55.971" intervalms="4.603" type="nursery" />
<cycle-start id="583" type="scavenge" contextid="0" timestamp="2019-06-14T19:08:55.971" intervalms="4.598" />
<gc-start id="584" type="scavenge" contextid="583" timestamp="2019-06-14T19:08:55.971">
  <mem-info id="585" free="1286160" total="9699328" percent="13">
    <mem type="nursery" free="0" total="3670016" percent="0">
      <mem type="allocate" free="0" total="3276800" percent="0" />
      <mem type="survivor" free="0" total="393216" percent="0" />
    </mem>
    <mem type="tenure" free="1286160" total="6029312" percent="21">
      <mem type="soa" free="1037328" total="5728256" percent="18" />
      <mem type="loa" free="248832" total="301056" percent="82" />
    </mem>
    <remembered-set count="2097" />
  </mem-info>
</gc-start>
<allocation-stats totalBytes="3075008" >
  <allocated-bytes non-tlh="40" tlh="3074968" />
  <largest-consumer threadName="Thread-10" threadId="00000000016B2D00" bytes="1232736" />
</allocation-stats>
<gc-op id="586" type="scavenge" timems="0.364" contextid="583" timestamp="2019-06-14T19:08:55.972">
  <scavenger-info tenureage="14" tenuremask="4000" tiltratio="89" />
  <memory-copied type="nursery" objects="2193" bytes="53680" bytesdiscarded="24656" />
</gc-op>
<gc-end id="587" type="scavenge" contextid="583" durationms="0.543" usertimems="0.000" systemtimems="0.000" timestamp="2019-06-14T19:08:55.972" activeThreads="1">
  <mem-info id="588" free="4484624" total="9699328" percent="46">
    <mem type="nursery" free="3198464" total="3670016" percent="87">
      <mem type="allocate" free="3198464" total="3276800" percent="97" />
      <mem type="survivor" free="0" total="393216" percent="0" />
    </mem>
    <mem type="tenure" free="1286160" total="6029312" percent="21">
      <mem type="soa" free="1037328" total="5728256" percent="18" />
      <mem type="loa" free="248832" total="301056" percent="82" />
    </mem>
    <remembered-set count="2097" />
  </mem-info>
</gc-end>
<cycle-end id="589" type="scavenge" contextid="583" timestamp="2019-06-14T19:08:55.972" />
  <attribute name="elasticGC enabled" value="1" />
  <attribute name= "numThreadsSpecified" value="1" />
  <attribute name="heapSize specified" value="8781824" />
  <attribute name="Current GC Util" value="20" />
  <attribute name= "Current Time Running" value="933" />
  <attribute name ="GC Interval" value="200" />
  <attribute name="ProportionalT" value="0.000000" />
  <attribute name="ProportionalI" value="0.000000" />
  <attribute name="ProportionalH" value="0.000000" />
  <attribute name="Current Error" value="0.000000" />
  <attribute name="IntegralT" value="0.000000" />
  <attribute name="IntegralI" value="0.000000" />
  <attribute name="IntegralH" value="0.000000" />
  <attribute name="DerivativeT" value="0.000000" />
  <attribute name="DerivativeI" value="0.000000" />
  <attribute name="DerivativeH" value="0.000000" />
  <attribute name="Loop Time for DT" value="4.000000" />
  <attribute name="Output H" value="8388608"/>
  <attribute name="Output I" value="200"/>
  <attribute name="Output T" value="1"/>
  <attribute name="Target GC Util Change" value ="20.000000" />
  <attribute name="Current GC Util Change" value="20.000000"/>
  <attribute name="GC Util currently" value="20" />
  <attribute name="CPU Util currently" value="1008256815970" />
<allocation-satisfied id="590" threadId="00000000016B6900" bytesRequested="40" />
<af-end id="591" timestamp="2019-06-14T19:08:55.972" threadId="00000000016B7288" success="true" from="nursery"/>
<exclusive-end id="592" timestamp="2019-06-14T19:08:55.972" durationms="0.969" />

<exclusive-start id="593" timestamp="2019-06-14T19:08:55.978" intervalms="7.199">
  <response-info timems="0.871" idlems="0.871" threads="0" lastid="00000000016B2D00" lastname="Thread-10" />
</exclusive-start>
<af-start id="594" threadId="00000000016B3688" totalBytesRequested="40" timestamp="2019-06-14T19:08:55.978" intervalms="7.183" type="nursery" />
<cycle-start id="595" type="scavenge" contextid="0" timestamp="2019-06-14T19:08:55.978" intervalms="7.174" />
<gc-start id="596" type="scavenge" contextid="595" timestamp="2019-06-14T19:08:55.979">
  <mem-info id="597" free="1286160" total="9699328" percent="13">
    <mem type="nursery" free="0" total="3670016" percent="0">
      <mem type="allocate" free="0" total="3276800" percent="0" />
      <mem type="survivor" free="0" total="393216" percent="0" />
    </mem>
    <mem type="tenure" free="1286160" total="6029312" percent="21">
      <mem type="soa" free="1037328" total="5728256" percent="18" />
      <mem type="loa" free="248832" total="301056" percent="82" />
    </mem>
    <remembered-set count="2354" />
  </mem-info>
</gc-start>
<allocation-stats totalBytes="3197928" >
  <allocated-bytes non-tlh="40" tlh="3197888" />
  <largest-consumer threadName="Thread-10" threadId="00000000016B2D00" bytes="1666224" />
</allocation-stats>
<gc-op id="598" type="scavenge" timems="1.711" contextid="595" timestamp="2019-06-14T19:08:55.980">
  <scavenger-info tenureage="4" tenuremask="4030" tiltratio="89" />
  <memory-copied type="nursery" objects="1772" bytes="44048" bytesdiscarded="288496" />
  <memory-copied type="tenure" objects="807" bytes="19368" bytesdiscarded="0" />
</gc-op>
<heap-resize id="599" type="expand" space="nursery" amount="524288" count="1" timems="0.015" reason="excessive time being spent scavenging" timestamp="2019-06-14T19:08:55.981" />
<gc-end id="600" type="scavenge" contextid="595" durationms="2.150" usertimems="4.000" systemtimems="0.000" timestamp="2019-06-14T19:08:55.981" activeThreads="4">
  <mem-info id="601" free="4689168" total="10223616" percent="45">
    <mem type="nursery" free="3403008" total="4194304" percent="81">
      <mem type="allocate" free="3403008" total="3735552" percent="91" />
      <mem type="survivor" free="0" total="458752" percent="0" />
    </mem>
    <mem type="tenure" free="1286160" total="6029312" percent="21">
      <mem type="soa" free="1037328" total="5728256" percent="18" />
      <mem type="loa" free="248832" total="301056" percent="82" />
    </mem>
    <remembered-set count="1547" />
  </mem-info>
</gc-end>
<cycle-end id="602" type="scavenge" contextid="595" timestamp="2019-06-14T19:08:55.981" />
  <attribute name="elasticGC enabled" value="1" />
  <attribute name= "numThreadsSpecified" value="4" />
  <attribute name="heapSize specified" value="8781824" />
  <attribute name="Current GC Util" value="8" />
  <attribute name= "Current Time Running" value="940" />
  <attribute name ="GC Interval" value="200" />
  <attribute name="ProportionalT" value="-6.000000" />
  <attribute name="ProportionalI" value="-6.000000" />
  <attribute name="ProportionalH" value="-6.000000" />
  <attribute name="Current Error" value="-12.000000" />
  <attribute name="IntegralT" value="-84.000000" />
  <attribute name="IntegralI" value="-84.000000" />
  <attribute name="IntegralH" value="-84.000000" />
  <attribute name="DerivativeT" value="-0.857143" />
  <attribute name="DerivativeI" value="-0.857143" />
  <attribute name="DerivativeH" value="-0.857143" />
  <attribute name="Loop Time for DT" value="7.000000" />
  <attribute name="Output H" value="2092630016"/>
  <attribute name="Output I" value="200"/>
  <attribute name="Output T" value="4"/>
  <attribute name="Target GC Util Change" value ="20.000000" />
  <attribute name="Current GC Util Change" value="8.000000"/>
  <attribute name="GC Util currently" value="8" />
  <attribute name="CPU Util currently" value="644740999915" />
<allocation-satisfied id="603" threadId="00000000016B2D00" bytesRequested="40" />
<af-end id="604" timestamp="2019-06-14T19:08:55.981" threadId="00000000016B3688" success="true" from="nursery"/>
<exclusive-end id="605" timestamp="2019-06-14T19:08:55.981" durationms="2.578" />

<exclusive-start id="606" timestamp="2019-06-14T19:08:55.985" intervalms="6.640">
  <response-info timems="0.164" idlems="0.067" threads="2" lastid="00000000016B6900" lastname="Thread-8" />
</exclusive-start>
<af-start id="607" threadId="00000000016B3688" totalBytesRequested="40" timestamp="2019-06-14T19:08:55.985" intervalms="6.642" type="nursery" />
<cycle-start id="608" type="scavenge" contextid="0" timestamp="2019-06-14T19:08:55.985" intervalms="6.638" />
<gc-start id="609" type="scavenge" contextid="608" timestamp="2019-06-14T19:08:55.985">
  <mem-info id="610" free="1286160" total="10223616" percent="12">
    <mem type="nursery" free="0" total="4194304" percent="0">
      <mem type="allocate" free="0" total="3735552" percent="0" />
      <mem type="survivor" free="0" total="458752" percent="0" />
    </mem>
    <mem type="tenure" free="1286160" total="6029312" percent="21">
      <mem type="soa" free="1037328" total="5728256" percent="18" />
      <mem type="loa" free="248832" total="301056" percent="82" />
    </mem>
    <remembered-set count="1894" />
  </mem-info>
</gc-start>
<allocation-stats totalBytes="3402280" >
  <allocated-bytes non-tlh="40" tlh="3402240" />
  <largest-consumer threadName="Thread-9" threadId="00000000016BE100" bytes="1056664" />
</allocation-stats>
<gc-op id="611" type="scavenge" timems="1.417" contextid="608" timestamp="2019-06-14T19:08:55.987">
  <scavenger-info tenureage="4" tenuremask="4010" tiltratio="89" />
  <memory-copied type="nursery" objects="1552" bytes="38024" bytesdiscarded="263800" />
  <memory-copied type="tenure" objects="377" bytes="9048" bytesdiscarded="0" />
</gc-op>
<heap-resize id="612" type="expand" space="nursery" amount="393216" count="1" timems="0.011" reason="excessive time being spent scavenging" timestamp="2019-06-14T19:08:55.987" />
<gc-end id="613" type="scavenge" contextid="608" durationms="1.809" usertimems="4.000" systemtimems="0.000" timestamp="2019-06-14T19:08:55.987" activeThreads="4">
  <mem-info id="614" free="5047568" total="10616832" percent="47">
    <mem type="nursery" free="3761408" total="4587520" percent="81">
      <mem type="allocate" free="3761408" total="4063232" percent="92" />
      <mem type="survivor" free="0" total="524288" percent="0" />
    </mem>
    <mem type="tenure" free="1286160" total="6029312" percent="21">
      <mem type="soa" free="1037328" total="5728256" percent="18" />
      <mem type="loa" free="248832" total="301056" percent="82" />
    </mem>
    <remembered-set count="1517" />
  </mem-info>
</gc-end>
<cycle-end id="615" type="scavenge" contextid="608" timestamp="2019-06-14T19:08:55.987" />
  <attribute name="elasticGC enabled" value="1" />
  <attribute name= "numThreadsSpecified" value="4" />
  <attribute name="heapSize specified" value="8781824" />
  <attribute name="Current GC Util" value="38" />
  <attribute name= "Current Time Running" value="947" />
  <attribute name ="GC Interval" value="200" />
  <attribute name="ProportionalT" value="9.000000" />
  <attribute name="ProportionalI" value="9.000000" />
  <attribute name="ProportionalH" value="9.000000" />
  <attribute name="Current Error" value="18.000000" />
  <attribute name="IntegralT" value="126.000000" />
  <attribute name="IntegralI" value="126.000000" />
  <attribute name="IntegralH" value="126.000000" />
  <attribute name="DerivativeT" value="1.285714" />
  <attribute name="DerivativeI" value="1.285714" />
  <attribute name="DerivativeH" value="1.285714" />
  <attribute name="Loop Time for DT" value="7.000000" />
  <attribute name="Output H" value="8388608"/>
  <attribute name="Output I" value="200"/>
  <attribute name="Output T" value="4"/>
  <attribute name="Target GC Util Change" value ="20.000000" />
  <attribute name="Current GC Util Change" value="38.000000"/>
  <attribute name="GC Util currently" value="38" />
  <attribute name="CPU Util currently" value="694705121302" />
<allocation-satisfied id="616" threadId="00000000016B2D00" bytesRequested="40" />
<af-end id="617" timestamp="2019-06-14T19:08:55.987" threadId="00000000016B3688" success="true" from="nursery"/>
<exclusive-end id="618" timestamp="2019-06-14T19:08:55.987" durationms="2.180" />

<exclusive-start id="619" timestamp="2019-06-14T19:08:55.992" intervalms="7.293">
  <response-info timems="0.030" idlems="0.030" threads="0" lastid="00000000016B6900" lastname="Thread-8" />
</exclusive-start>
<af-start id="620" threadId="00000000016B7288" totalBytesRequested="24" timestamp="2019-06-14T19:08:55.992" intervalms="7.352" type="nursery" />
<cycle-start id="621" type="scavenge" contextid="0" timestamp="2019-06-14T19:08:55.992" intervalms="7.386" />
<gc-start id="622" type="scavenge" contextid="621" timestamp="2019-06-14T19:08:55.993">
  <mem-info id="623" free="1286160" total="10616832" percent="12">
    <mem type="nursery" free="0" total="4587520" percent="0">
      <mem type="allocate" free="0" total="4063232" percent="0" />
      <mem type="survivor" free="0" total="524288" percent="0" />
    </mem>
    <mem type="tenure" free="1286160" total="6029312" percent="21">
      <mem type="soa" free="1037328" total="5728256" percent="18" />
      <mem type="loa" free="248832" total="301056" percent="82" />
    </mem>
    <remembered-set count="1998" />
  </mem-info>
</gc-start>
<allocation-stats totalBytes="3760728" >
  <allocated-bytes non-tlh="40" tlh="3760688" />
  <largest-consumer threadName="Thread-10" threadId="00000000016B2D00" bytes="1135712" />
</allocation-stats>
<gc-op id="624" type="scavenge" timems="0.383" contextid="621" timestamp="2019-06-14T19:08:55.993">
  <scavenger-info tenureage="4" tenuremask="4010" tiltratio="88" />
  <memory-copied type="nursery" objects="1717" bytes="41896" bytesdiscarded="421976" />
  <memory-copied type="tenure" objects="296" bytes="7104" bytesdiscarded="0" />
</gc-op>
<gc-end id="625" type="scavenge" contextid="621" durationms="0.608" usertimems="0.000" systemtimems="0.000" timestamp="2019-06-14T19:08:55.993" activeThreads="4">
  <mem-info id="626" free="4951056" total="10616832" percent="46">
    <mem type="nursery" free="3664896" total="4587520" percent="79">
      <mem type="allocate" free="3664896" total="4128768" percent="88" />
      <mem type="survivor" free="0" total="458752" percent="0" />
    </mem>
    <mem type="tenure" free="1286160" total="6029312" percent="21">
      <mem type="soa" free="1037328" total="5728256" percent="18" />
      <mem type="loa" free="248832" total="301056" percent="82" />
    </mem>
    <remembered-set count="1702" />
  </mem-info>
</gc-end>
<cycle-end id="627" type="scavenge" contextid="621" timestamp="2019-06-14T19:08:55.993" />
  <attribute name="elasticGC enabled" value="1" />
  <attribute name= "numThreadsSpecified" value="4" />
  <attribute name="heapSize specified" value="8781824" />
  <attribute name="Current GC Util" value="30" />
  <attribute name= "Current Time Running" value="955" />
  <attribute name ="GC Interval" value="200" />
  <attribute name="ProportionalT" value="5.000000" />
  <attribute name="ProportionalI" value="5.000000" />
  <attribute name="ProportionalH" value="5.000000" />
  <attribute name="Current Error" value="10.000000" />
  <attribute name="IntegralT" value="80.000000" />
  <attribute name="IntegralI" value="80.000000" />
  <attribute name="IntegralH" value="80.000000" />
  <attribute name="DerivativeT" value="-0.500000" />
  <attribute name="DerivativeI" value="-0.500000" />
  <attribute name="DerivativeH" value="-0.500000" />
  <attribute name="Loop Time for DT" value="8.000000" />
  <attribute name="Output H" value="8388608"/>
  <attribute name="Output I" value="200"/>
  <attribute name="Output T" value="4"/>
  <attribute name="Target GC Util Change" value ="20.000000" />
  <attribute name="Current GC Util Change" value="30.000000"/>
  <attribute name="GC Util currently" value="30" />
  <attribute name="CPU Util currently" value="616884334247" />
<allocation-satisfied id="628" threadId="00000000016B6900" bytesRequested="24" />
<af-end id="629" timestamp="2019-06-14T19:08:55.993" threadId="00000000016B7288" success="true" from="nursery"/>
<exclusive-end id="630" timestamp="2019-06-14T19:08:55.994" durationms="1.248" />

<exclusive-start id="631" timestamp="2019-06-14T19:08:55.997" intervalms="4.706">
  <response-info timems="0.029" idlems="0.029" threads="0" lastid="00000000016BE100" lastname="Thread-9" />
</exclusive-start>
<af-start id="632" threadId="00000000016BEA88" totalBytesRequested="24" timestamp="2019-06-14T19:08:55.997" intervalms="4.659" type="nursery" />
<cycle-start id="633" type="scavenge" contextid="0" timestamp="2019-06-14T19:08:55.997" intervalms="4.642" />
<gc-start id="634" type="scavenge" contextid="633" timestamp="2019-06-14T19:08:55.997">
  <mem-info id="635" free="1286160" total="10616832" percent="12">
    <mem type="nursery" free="0" total="4587520" percent="0">
      <mem type="allocate" free="0" total="4128768" percent="0" />
      <mem type="survivor" free="0" total="458752" percent="0" />
    </mem>
    <mem type="tenure" free="1286160" total="6029312" percent="21">
      <mem type="soa" free="1037328" total="5728256" percent="18" />
      <mem type="loa" free="248832" total="301056" percent="82" />
    </mem>
    <remembered-set count="2165" />
  </mem-info>
</gc-start>
<allocation-stats totalBytes="3664312" >
  <allocated-bytes non-tlh="24" tlh="3664288" />
  <largest-consumer threadName="Thread-10" threadId="00000000016B2D00" bytes="1064816" />
</allocation-stats>
<gc-op id="636" type="scavenge" timems="0.465" contextid="633" timestamp="2019-06-14T19:08:55.998">
  <scavenger-info tenureage="4" tenuremask="4010" tiltratio="90" />
  <memory-copied type="nursery" objects="1800" bytes="44512" bytesdiscarded="64544" />
  <memory-copied type="tenure" objects="532" bytes="12768" bytesdiscarded="0" />
</gc-op>
<gc-end id="637" type="scavenge" contextid="633" durationms="0.708" usertimems="4.000" systemtimems="0.000" timestamp="2019-06-14T19:08:55.998" activeThreads="4">
  <mem-info id="638" free="5305872" total="10616832" percent="49">
    <mem type="nursery" free="4019712" total="4587520" percent="87">
      <mem type="allocate" free="4019712" total="4128768" percent="97" />
      <mem type="survivor" free="0" total="458752" percent="0" />
    </mem>
    <mem type="tenure" free="1286160" total="6029312" percent="21">
      <mem type="soa" free="1037328" total="5728256" percent="18" />
      <mem type="loa" free="248832" total="301056" percent="82" />
    </mem>
    <remembered-set count="1633" />
  </mem-info>
</gc-end>
<cycle-end id="639" type="scavenge" contextid="633" timestamp="2019-06-14T19:08:55.998" />
  <attribute name="elasticGC enabled" value="1" />
  <attribute name= "numThreadsSpecified" value="4" />
  <attribute name="heapSize specified" value="8781824" />
  <attribute name="Current GC Util" value="15" />
  <attribute name= "Current Time Running" value="959" />
  <attribute name ="GC Interval" value="200" />
  <attribute name="ProportionalT" value="-2.500000" />
  <attribute name="ProportionalI" value="-2.500000" />
  <attribute name="ProportionalH" value="-2.500000" />
  <attribute name="Current Error" value="-5.000000" />
  <attribute name="IntegralT" value="-20.000000" />
  <attribute name="IntegralI" value="-20.000000" />
  <attribute name="IntegralH" value="-20.000000" />
  <attribute name="DerivativeT" value="-1.875000" />
  <attribute name="DerivativeI" value="-1.875000" />
  <attribute name="DerivativeH" value="-1.875000" />
  <attribute name="Loop Time for DT" value="4.000000" />
  <attribute name="Output H" value="2092630016"/>
  <attribute name="Output I" value="200"/>
  <attribute name="Output T" value="4"/>
  <attribute name="Target GC Util Change" value ="20.000000" />
  <attribute name="Current GC Util Change" value="15.000000"/>
  <attribute name="GC Util currently" value="15" />
  <attribute name="CPU Util currently" value="1000627282413" />
<allocation-satisfied id="640" threadId="00000000016BE100" bytesRequested="24" />
<af-end id="641" timestamp="2019-06-14T19:08:55.998" threadId="00000000016BEA88" success="true" from="nursery"/>
<exclusive-end id="642" timestamp="2019-06-14T19:08:55.998" durationms="1.181" />

<exclusive-start id="643" timestamp="2019-06-14T19:08:56.003" intervalms="6.032">
  <response-info timems="0.065" idlems="0.038" threads="1" lastid="000000000136CB00" lastname="JIT Compilation Thread-2" />
</exclusive-start>
<af-start id="644" threadId="00000000016BAE88" totalBytesRequested="40" timestamp="2019-06-14T19:08:56.003" intervalms="6.039" type="nursery" />
<cycle-start id="645" type="scavenge" contextid="0" timestamp="2019-06-14T19:08:56.003" intervalms="6.038" />
<gc-start id="646" type="scavenge" contextid="645" timestamp="2019-06-14T19:08:56.003">
  <mem-info id="647" free="1286160" total="10616832" percent="12">
    <mem type="nursery" free="0" total="4587520" percent="0">
      <mem type="allocate" free="0" total="4128768" percent="0" />
      <mem type="survivor" free="0" total="458752" percent="0" />
    </mem>
    <mem type="tenure" free="1286160" total="6029312" percent="21">
      <mem type="soa" free="1037328" total="5728256" percent="18" />
      <mem type="loa" free="248832" total="301056" percent="82" />
    </mem>
    <remembered-set count="2172" />
  </mem-info>
</gc-start>
<allocation-stats totalBytes="4018952" >
  <allocated-bytes non-tlh="24" tlh="4018928" />
  <largest-consumer threadName="Thread-10" threadId="00000000016B2D00" bytes="1416920" />
</allocation-stats>
<gc-op id="648" type="scavenge" timems="0.354" contextid="645" timestamp="2019-06-14T19:08:56.004">
  <scavenger-info tenureage="14" tenuremask="4000" tiltratio="90" />
  <memory-copied type="nursery" objects="2633" bytes="64048" bytesdiscarded="268496" />
</gc-op>
<gc-end id="649" type="scavenge" contextid="645" durationms="0.544" usertimems="0.000" systemtimems="0.000" timestamp="2019-06-14T19:08:56.004" activeThreads="4">
  <mem-info id="650" free="5082384" total="10616832" percent="47">
    <mem type="nursery" free="3796224" total="4587520" percent="82">
      <mem type="allocate" free="3796224" total="4128768" percent="91" />
      <mem type="survivor" free="0" total="458752" percent="0" />
    </mem>
    <mem type="tenure" free="1286160" total="6029312" percent="21">
      <mem type="soa" free="1037328" total="5728256" percent="18" />
      <mem type="loa" free="248832" total="301056" percent="82" />
    </mem>
    <remembered-set count="2172" />
  </mem-info>
</gc-end>
<cycle-end id="651" type="scavenge" contextid="645" timestamp="2019-06-14T19:08:56.004" />
  <attribute name="elasticGC enabled" value="1" />
  <attribute name= "numThreadsSpecified" value="4" />
  <attribute name="heapSize specified" value="8781824" />
  <attribute name="Current GC Util" value="16" />
  <attribute name= "Current Time Running" value="965" />
  <attribute name ="GC Interval" value="200" />
  <attribute name="ProportionalT" value="-2.000000" />
  <attribute name="ProportionalI" value="-2.000000" />
  <attribute name="ProportionalH" value="-2.000000" />
  <attribute name="Current Error" value="-4.000000" />
  <attribute name="IntegralT" value="-24.000000" />
  <attribute name="IntegralI" value="-24.000000" />
  <attribute name="IntegralH" value="-24.000000" />
  <attribute name="DerivativeT" value="-0.333333" />
  <attribute name="DerivativeI" value="-0.333333" />
  <attribute name="DerivativeH" value="-0.333333" />
  <attribute name="Loop Time for DT" value="6.000000" />
  <attribute name="Output H" value="2092630016"/>
  <attribute name="Output I" value="200"/>
  <attribute name="Output T" value="4"/>
  <attribute name="Target GC Util Change" value ="20.000000" />
  <attribute name="Current GC Util Change" value="16.000000"/>
  <attribute name="GC Util currently" value="16" />
  <attribute name="CPU Util currently" value="765893753700" />
<allocation-satisfied id="652" threadId="00000000016BA500" bytesRequested="40" />
<af-end id="653" timestamp="2019-06-14T19:08:56.004" threadId="00000000016BAE88" success="true" from="nursery"/>
<exclusive-end id="654" timestamp="2019-06-14T19:08:56.004" durationms="0.983" />

<exclusive-start id="655" timestamp="2019-06-14T19:08:56.008" intervalms="4.624">
  <response-info timems="0.041" idlems="0.041" threads="0" lastid="00000000016BE100" lastname="Thread-9" />
</exclusive-start>
<af-start id="656" threadId="00000000016BEA88" totalBytesRequested="40" timestamp="2019-06-14T19:08:56.008" intervalms="4.616" type="nursery" />
<cycle-start id="657" type="scavenge" contextid="0" timestamp="2019-06-14T19:08:56.008" intervalms="4.619" />
<gc-start id="658" type="scavenge" contextid="657" timestamp="2019-06-14T19:08:56.008">
  <mem-info id="659" free="1285904" total="10616832" percent="12">
    <mem type="nursery" free="0" total="4587520" percent="0">
      <mem type="allocate" free="0" total="4128768" percent="0" />
      <mem type="survivor" free="0" total="458752" percent="0" />
    </mem>
    <mem type="tenure" free="1285904" total="6029312" percent="21">
      <mem type="soa" free="1037072" total="5728256" percent="18" />
      <mem type="loa" free="248832" total="301056" percent="82" />
    </mem>
    <remembered-set count="2498" />
  </mem-info>
</gc-start>
<allocation-stats totalBytes="3795960" >
  <allocated-bytes non-tlh="296" tlh="3795664" />
  <largest-consumer threadName="Thread-7" threadId="00000000016BA500" bytes="1290048" />
</allocation-stats>
<gc-op id="660" type="scavenge" timems="0.505" contextid="657" timestamp="2019-06-14T19:08:56.008">
  <scavenger-info tenureage="4" tenuremask="4030" tiltratio="90" />
  <memory-copied type="nursery" objects="3004" bytes="75136" bytesdiscarded="95360" />
  <memory-copied type="tenure" objects="599" bytes="14376" bytesdiscarded="0" />
</gc-op>
<gc-end id="661" type="scavenge" contextid="657" durationms="0.718" usertimems="0.000" systemtimems="0.000" timestamp="2019-06-14T19:08:56.009" activeThreads="4">
  <mem-info id="662" free="5244176" total="10616832" percent="49">
    <mem type="nursery" free="3958272" total="4587520" percent="86">
      <mem type="allocate" free="3958272" total="4128768" percent="95" />
      <mem type="survivor" free="0" total="458752" percent="0" />
    </mem>
    <mem type="tenure" free="1285904" total="6029312" percent="21">
      <mem type="soa" free="1037072" total="5728256" percent="18" />
      <mem type="loa" free="248832" total="301056" percent="82" />
    </mem>
    <remembered-set count="1895" />
  </mem-info>
</gc-end>
<cycle-end id="663" type="scavenge" contextid="657" timestamp="2019-06-14T19:08:56.009" />
  <attribute name="elasticGC enabled" value="1" />
  <attribute name= "numThreadsSpecified" value="4" />
  <attribute name="heapSize specified" value="8781824" />
  <attribute name="Current GC Util" value="17" />
  <attribute name= "Current Time Running" value="970" />
  <attribute name ="GC Interval" value="200" />
  <attribute name="ProportionalT" value="-1.500000" />
  <attribute name="ProportionalI" value="-1.500000" />
  <attribute name="ProportionalH" value="-1.500000" />
  <attribute name="Current Error" value="-3.000000" />
  <attribute name="IntegralT" value="-15.000000" />
  <attribute name="IntegralI" value="-15.000000" />
  <attribute name="IntegralH" value="-15.000000" />
  <attribute name="DerivativeT" value="-0.300000" />
  <attribute name="DerivativeI" value="-0.300000" />
  <attribute name="DerivativeH" value="-0.300000" />
  <attribute name="Loop Time for DT" value="5.000000" />
  <attribute name="Output H" value="2092630016"/>
  <attribute name="Output I" value="200"/>
  <attribute name="Output T" value="4"/>
  <attribute name="Target GC Util Change" value ="20.000000" />
  <attribute name="Current GC Util Change" value="17.000000"/>
  <attribute name="GC Util currently" value="17" />
  <attribute name="CPU Util currently" value="996226742993" />
<allocation-satisfied id="664" threadId="00000000016BE100" bytesRequested="40" />
<af-end id="665" timestamp="2019-06-14T19:08:56.009" threadId="00000000016BEA88" success="true" from="nursery"/>
<exclusive-end id="666" timestamp="2019-06-14T19:08:56.009" durationms="1.165" />

<exclusive-start id="667" timestamp="2019-06-14T19:08:56.014" intervalms="6.468">
  <response-info timems="0.032" idlems="0.018" threads="1" lastid="00000000016BA500" lastname="Thread-7" />
</exclusive-start>
<af-start id="668" threadId="00000000016BEA88" totalBytesRequested="40" timestamp="2019-06-14T19:08:56.014" intervalms="6.473" type="nursery" />
<cycle-start id="669" type="scavenge" contextid="0" timestamp="2019-06-14T19:08:56.014" intervalms="6.473" />
<gc-start id="670" type="scavenge" contextid="669" timestamp="2019-06-14T19:08:56.014">
  <mem-info id="671" free="1285904" total="10616832" percent="12">
    <mem type="nursery" free="0" total="4587520" percent="0">
      <mem type="allocate" free="0" total="4128768" percent="0" />
      <mem type="survivor" free="0" total="458752" percent="0" />
    </mem>
    <mem type="tenure" free="1285904" total="6029312" percent="21">
      <mem type="soa" free="1037072" total="5728256" percent="18" />
      <mem type="loa" free="248832" total="301056" percent="82" />
    </mem>
    <remembered-set count="2026" />
  </mem-info>
</gc-start>
<allocation-stats totalBytes="3957776" >
  <allocated-bytes non-tlh="40" tlh="3957736" />
  <largest-consumer threadName="Thread-10" threadId="00000000016B2D00" bytes="1859320" />
</allocation-stats>
<gc-op id="672" type="scavenge" timems="0.491" contextid="669" timestamp="2019-06-14T19:08:56.015">
  <scavenger-info tenureage="4" tenuremask="4010" tiltratio="90" />
  <memory-copied type="nursery" objects="2735" bytes="77480" bytesdiscarded="123736" />
  <memory-copied type="tenure" objects="482" bytes="11568" bytesdiscarded="0" />
</gc-op>
<gc-end id="673" type="scavenge" contextid="669" durationms="0.704" usertimems="0.000" systemtimems="0.000" timestamp="2019-06-14T19:08:56.015" activeThreads="4">
  <mem-info id="674" free="5082128" total="10616832" percent="47">
    <mem type="nursery" free="3927552" total="4587520" percent="85">
      <mem type="allocate" free="3927552" total="4128768" percent="95" />
      <mem type="survivor" free="0" total="458752" percent="0" />
    </mem>
    <mem type="tenure" free="1154576" total="6029312" percent="19">
      <mem type="soa" free="905744" total="5728256" percent="15" />
      <mem type="loa" free="248832" total="301056" percent="82" />
    </mem>
    <remembered-set count="1543" />
  </mem-info>
</gc-end>
<cycle-end id="675" type="scavenge" contextid="669" timestamp="2019-06-14T19:08:56.015" />
  <attribute name="elasticGC enabled" value="1" />
  <attribute name= "numThreadsSpecified" value="4" />
  <attribute name="heapSize specified" value="8781824" />
  <attribute name="Current GC Util" value="16" />
  <attribute name= "Current Time Running" value="976" />
  <attribute name ="GC Interval" value="200" />
  <attribute name="ProportionalT" value="-2.000000" />
  <attribute name="ProportionalI" value="-2.000000" />
  <attribute name="ProportionalH" value="-2.000000" />
  <attribute name="Current Error" value="-4.000000" />
  <attribute name="IntegralT" value="-24.000000" />
  <attribute name="IntegralI" value="-24.000000" />
  <attribute name="IntegralH" value="-24.000000" />
  <attribute name="DerivativeT" value="-0.333333" />
  <attribute name="DerivativeI" value="-0.333333" />
  <attribute name="DerivativeH" value="-0.333333" />
  <attribute name="Loop Time for DT" value="6.000000" />
  <attribute name="Output H" value="2092630016"/>
  <attribute name="Output I" value="200"/>
  <attribute name="Output T" value="4"/>
  <attribute name="Target GC Util Change" value ="20.000000" />
  <attribute name="Current GC Util Change" value="16.000000"/>
  <attribute name="GC Util currently" value="16" />
  <attribute name="CPU Util currently" value="712935829973" />
<allocation-satisfied id="676" threadId="00000000016BE100" bytesRequested="40" />
<af-end id="677" timestamp="2019-06-14T19:08:56.015" threadId="00000000016BEA88" success="true" from="nursery"/>
<exclusive-end id="678" timestamp="2019-06-14T19:08:56.015" durationms="1.160" />

<exclusive-start id="679" timestamp="2019-06-14T19:08:56.021" intervalms="6.633">
  <response-info timems="0.033" idlems="0.033" threads="0" lastid="00000000016B2D00" lastname="Thread-10" />
</exclusive-start>
<af-start id="680" threadId="00000000016B3688" totalBytesRequested="40" timestamp="2019-06-14T19:08:56.021" intervalms="6.622" type="nursery" />
<cycle-start id="681" type="scavenge" contextid="0" timestamp="2019-06-14T19:08:56.021" intervalms="6.609" />
<gc-start id="682" type="scavenge" contextid="681" timestamp="2019-06-14T19:08:56.021">
  <mem-info id="683" free="1154576" total="10616832" percent="10">
    <mem type="nursery" free="0" total="4587520" percent="0">
      <mem type="allocate" free="0" total="4128768" percent="0" />
      <mem type="survivor" free="0" total="458752" percent="0" />
    </mem>
    <mem type="tenure" free="1154576" total="6029312" percent="19">
      <mem type="soa" free="905744" total="5728256" percent="15" />
      <mem type="loa" free="248832" total="301056" percent="82" />
    </mem>
    <remembered-set count="1979" />
  </mem-info>
</gc-start>
<allocation-stats totalBytes="3927008" >
  <allocated-bytes non-tlh="40" tlh="3926968" />
  <largest-consumer threadName="Thread-9" threadId="00000000016BE100" bytes="1916168" />
</allocation-stats>
<gc-op id="684" type="scavenge" timems="1.865" contextid="681" timestamp="2019-06-14T19:08:56.023">
  <scavenger-info tenureage="3" tenuremask="4018" tiltratio="90" />
  <memory-copied type="nursery" objects="1649" bytes="59296" bytesdiscarded="284792" />
  <memory-copied type="tenure" objects="1393" bytes="33432" bytesdiscarded="0" />
</gc-op>
<heap-resize id="685" type="expand" space="nursery" amount="655360" count="1" timems="0.013" reason="excessive time being spent scavenging" timestamp="2019-06-14T19:08:56.023" />
<gc-end id="686" type="scavenge" contextid="681" durationms="2.319" usertimems="4.000" systemtimems="0.000" timestamp="2019-06-14T19:08:56.023" activeThreads="4">
  <mem-info id="687" free="5489912" total="11272192" percent="48">
    <mem type="nursery" free="4374504" total="5242880" percent="83">
      <mem type="allocate" free="4374504" total="4718592" percent="92" />
      <mem type="survivor" free="0" total="524288" percent="0" />
    </mem>
    <mem type="tenure" free="1115408" total="6029312" percent="18">
      <mem type="soa" free="866576" total="5728256" percent="15" />
      <mem type="loa" free="248832" total="301056" percent="82" />
    </mem>
    <remembered-set count="975" />
  </mem-info>
</gc-end>
<cycle-end id="688" type="scavenge" contextid="681" timestamp="2019-06-14T19:08:56.023" />
  <attribute name="elasticGC enabled" value="1" />
  <attribute name= "numThreadsSpecified" value="4" />
  <attribute name="heapSize specified" value="8781824" />
  <attribute name="Current GC Util" value="16" />
  <attribute name= "Current Time Running" value="983" />
  <attribute name ="GC Interval" value="200" />
  <attribute name="ProportionalT" value="-2.000000" />
  <attribute name="ProportionalI" value="-2.000000" />
  <attribute name="ProportionalH" value="-2.000000" />
  <attribute name="Current Error" value="-4.000000" />
  <attribute name="IntegralT" value="-28.000000" />
  <attribute name="IntegralI" value="-28.000000" />
  <attribute name="IntegralH" value="-28.000000" />
  <attribute name="DerivativeT" value="-0.285714" />
  <attribute name="DerivativeI" value="-0.285714" />
  <attribute name="DerivativeH" value="-0.285714" />
  <attribute name="Loop Time for DT" value="7.000000" />
  <attribute name="Output H" value="2092630016"/>
  <attribute name="Output I" value="200"/>
  <attribute name="Output T" value="4"/>
  <attribute name="Target GC Util Change" value ="20.000000" />
  <attribute name="Current GC Util Change" value="16.000000"/>
  <attribute name="GC Util currently" value="16" />
  <attribute name="CPU Util currently" value="702554002835" />
<allocation-satisfied id="689" threadId="00000000016B2D00" bytesRequested="40" />
<af-end id="690" timestamp="2019-06-14T19:08:56.024" threadId="00000000016B3688" success="true" from="nursery"/>
<exclusive-end id="691" timestamp="2019-06-14T19:08:56.024" durationms="2.864" />

<exclusive-start id="692" timestamp="2019-06-14T19:08:56.028" intervalms="7.426">
  <response-info timems="0.026" idlems="0.026" threads="0" lastid="00000000016BE100" lastname="Thread-9" />
</exclusive-start>
<af-start id="693" threadId="00000000016BEA88" totalBytesRequested="40" timestamp="2019-06-14T19:08:56.028" intervalms="7.434" type="nursery" />
<cycle-start id="694" type="scavenge" contextid="0" timestamp="2019-06-14T19:08:56.028" intervalms="7.445" />
<gc-start id="695" type="scavenge" contextid="694" timestamp="2019-06-14T19:08:56.028">
  <mem-info id="696" free="1115408" total="11272192" percent="9">
    <mem type="nursery" free="0" total="5242880" percent="0">
      <mem type="allocate" free="0" total="4718592" percent="0" />
      <mem type="survivor" free="0" total="524288" percent="0" />
    </mem>
    <mem type="tenure" free="1115408" total="6029312" percent="18">
      <mem type="soa" free="866576" total="5728256" percent="15" />
      <mem type="loa" free="248832" total="301056" percent="82" />
    </mem>
    <remembered-set count="1360" />
  </mem-info>
</gc-start>
<allocation-stats totalBytes="4373736" >
  <allocated-bytes non-tlh="40" tlh="4373696" />
  <largest-consumer threadName="Thread-10" threadId="00000000016B2D00" bytes="1593104" />
</allocation-stats>
<gc-op id="697" type="scavenge" timems="0.626" contextid="694" timestamp="2019-06-14T19:08:56.029">
  <scavenger-info tenureage="3" tenuremask="4008" tiltratio="90" />
  <memory-copied type="nursery" objects="1134" bytes="47128" bytesdiscarded="154088" />
  <memory-copied type="tenure" objects="958" bytes="25152" bytesdiscarded="0" />
</gc-op>
<gc-end id="698" type="scavenge" contextid="694" durationms="0.837" usertimems="0.000" systemtimems="0.000" timestamp="2019-06-14T19:08:56.029" activeThreads="4">
  <mem-info id="699" free="5501456" total="11272192" percent="48">
    <mem type="nursery" free="4517376" total="5242880" percent="86">
      <mem type="allocate" free="4517376" total="4718592" percent="95" />
      <mem type="survivor" free="0" total="524288" percent="0" />
    </mem>
    <mem type="tenure" free="984080" total="6029312" percent="16">
      <mem type="soa" free="735248" total="5728256" percent="12" />
      <mem type="loa" free="248832" total="301056" percent="82" />
    </mem>
    <remembered-set count="1043" />
  </mem-info>
</gc-end>
<cycle-end id="700" type="scavenge" contextid="694" timestamp="2019-06-14T19:08:56.029" />
  <attribute name="elasticGC enabled" value="1" />
  <attribute name= "numThreadsSpecified" value="4" />
  <attribute name="heapSize specified" value="8781824" />
  <attribute name="Current GC Util" value="33" />
  <attribute name= "Current Time Running" value="990" />
  <attribute name ="GC Interval" value="200" />
  <attribute name="ProportionalT" value="6.500000" />
  <attribute name="ProportionalI" value="6.500000" />
  <attribute name="ProportionalH" value="6.500000" />
  <attribute name="Current Error" value="13.000000" />
  <attribute name="IntegralT" value="91.000000" />
  <attribute name="IntegralI" value="91.000000" />
  <attribute name="IntegralH" value="91.000000" />
  <attribute name="DerivativeT" value="0.928571" />
  <attribute name="DerivativeI" value="0.928571" />
  <attribute name="DerivativeH" value="0.928571" />
  <attribute name="Loop Time for DT" value="7.000000" />
  <attribute name="Output H" value="8388608"/>
  <attribute name="Output I" value="200"/>
  <attribute name="Output T" value="4"/>
  <attribute name="Target GC Util Change" value ="20.000000" />
  <attribute name="Current GC Util Change" value="33.000000"/>
  <attribute name="GC Util currently" value="33" />
  <attribute name="CPU Util currently" value="616159113501" />
<allocation-satisfied id="701" threadId="00000000016BE100" bytesRequested="40" />
<af-end id="702" timestamp="2019-06-14T19:08:56.029" threadId="00000000016BEA88" success="true" from="nursery"/>
<exclusive-end id="703" timestamp="2019-06-14T19:08:56.029" durationms="1.293" />

<exclusive-start id="704" timestamp="2019-06-14T19:08:56.034" intervalms="6.206">
  <response-info timems="0.023" idlems="0.023" threads="0" lastid="00000000016B6900" lastname="Thread-8" />
</exclusive-start>
<af-start id="705" threadId="00000000016B7288" totalBytesRequested="40" timestamp="2019-06-14T19:08:56.035" intervalms="6.260" type="nursery" />
<cycle-start id="706" type="scavenge" contextid="0" timestamp="2019-06-14T19:08:56.035" intervalms="6.276" />
<gc-start id="707" type="scavenge" contextid="706" timestamp="2019-06-14T19:08:56.035">
  <mem-info id="708" free="984080" total="11272192" percent="8">
    <mem type="nursery" free="0" total="5242880" percent="0">
      <mem type="allocate" free="0" total="4718592" percent="0" />
      <mem type="survivor" free="0" total="524288" percent="0" />
    </mem>
    <mem type="tenure" free="984080" total="6029312" percent="16">
      <mem type="soa" free="735248" total="5728256" percent="12" />
      <mem type="loa" free="248832" total="301056" percent="82" />
    </mem>
    <remembered-set count="1413" />
  </mem-info>
</gc-start>
<allocation-stats totalBytes="4516424" >
  <allocated-bytes non-tlh="40" tlh="4516384" />
  <largest-consumer threadName="Thread-9" threadId="00000000016BE100" bytes="1801944" />
</allocation-stats>
<gc-op id="709" type="scavenge" timems="0.360" contextid="706" timestamp="2019-06-14T19:08:56.035">
  <scavenger-info tenureage="3" tenuremask="4008" tiltratio="90" />
  <memory-copied type="nursery" objects="6276" bytes="299672" bytesdiscarded="172648" />
  <memory-copied type="tenure" objects="146" bytes="12016" bytesdiscarded="0" />
</gc-op>
<gc-end id="710" type="scavenge" contextid="706" durationms="0.637" usertimems="4.000" systemtimems="0.000" timestamp="2019-06-14T19:08:56.035" activeThreads="4">
  <mem-info id="711" free="5230352" total="11272192" percent="46">
    <mem type="nursery" free="4246272" total="5242880" percent="80">
      <mem type="allocate" free="4246272" total="4718592" percent="89" />
      <mem type="survivor" free="0" total="524288" percent="0" />
    </mem>
    <mem type="tenure" free="984080" total="6029312" percent="16">
      <mem type="soa" free="735248" total="5728256" percent="12" />
      <mem type="loa" free="248832" total="301056" percent="82" />
    </mem>
    <remembered-set count="1279" />
  </mem-info>
</gc-end>
<cycle-end id="712" type="scavenge" contextid="706" timestamp="2019-06-14T19:08:56.035" />
  <attribute name="elasticGC enabled" value="1" />
  <attribute name= "numThreadsSpecified" value="4" />
  <attribute name="heapSize specified" value="8781824" />
  <attribute name="Current GC Util" value="21" />
  <attribute name= "Current Time Running" value="997" />
  <attribute name ="GC Interval" value="200" />
  <attribute name="ProportionalT" value="0.500000" />
  <attribute name="ProportionalI" value="0.500000" />
  <attribute name="ProportionalH" value="0.500000" />
  <attribute name="Current Error" value="1.000000" />
  <attribute name="IntegralT" value="7.000000" />
  <attribute name="IntegralI" value="7.000000" />
  <attribute name="IntegralH" value="7.000000" />
  <attribute name="DerivativeT" value="-0.857143" />
  <attribute name="DerivativeI" value="-0.857143" />
  <attribute name="DerivativeH" value="-0.857143" />
  <attribute name="Loop Time for DT" value="7.000000" />
  <attribute name="Output H" value="8388608"/>
  <attribute name="Output I" value="200"/>
  <attribute name="Output T" value="4"/>
  <attribute name="Target GC Util Change" value ="20.000000" />
  <attribute name="Current GC Util Change" value="21.000000"/>
  <attribute name="GC Util currently" value="21" />
  <attribute name="CPU Util currently" value="728858505783" />
<allocation-satisfied id="713" threadId="00000000016B6900" bytesRequested="40" />
<af-end id="714" timestamp="2019-06-14T19:08:56.036" threadId="00000000016B7288" success="true" from="nursery"/>
<exclusive-end id="715" timestamp="2019-06-14T19:08:56.036" durationms="1.178" />

<exclusive-start id="716" timestamp="2019-06-14T19:08:56.039" intervalms="4.828">
  <response-info timems="0.037" idlems="0.037" threads="0" lastid="00000000016BA500" lastname="Thread-7" />
</exclusive-start>
<af-start id="717" threadId="00000000016BAE88" totalBytesRequested="40" timestamp="2019-06-14T19:08:56.039" intervalms="4.769" type="nursery" />
<cycle-start id="718" type="scavenge" contextid="0" timestamp="2019-06-14T19:08:56.039" intervalms="4.749" />
<gc-start id="719" type="scavenge" contextid="718" timestamp="2019-06-14T19:08:56.039">
  <mem-info id="720" free="984080" total="11272192" percent="8">
    <mem type="nursery" free="0" total="5242880" percent="0">
      <mem type="allocate" free="0" total="4718592" percent="0" />
      <mem type="survivor" free="0" total="524288" percent="0" />
    </mem>
    <mem type="tenure" free="984080" total="6029312" percent="16">
      <mem type="soa" free="735248" total="5728256" percent="12" />
      <mem type="loa" free="248832" total="301056" percent="82" />
    </mem>
    <remembered-set count="1751" />
  </mem-info>
</gc-start>
<allocation-stats totalBytes="4245560" >
  <allocated-bytes non-tlh="40" tlh="4245520" />
  <largest-consumer threadName="Thread-9" threadId="00000000016BE100" bytes="1481264" />
</allocation-stats>
<gc-op id="721" type="scavenge" timems="0.857" contextid="718" timestamp="2019-06-14T19:08:56.040">
  <scavenger-info tenureage="3" tenuremask="ffe8" tiltratio="90" />
  <memory-copied type="nursery" objects="6314" bytes="292048" bytesdiscarded="32936" />
  <memory-copied type="tenure" objects="436" bytes="18976" bytesdiscarded="0" />
</gc-op>
<heap-resize id="722" type="expand" space="nursery" amount="524288" count="1" timems="0.014" reason="excessive time being spent scavenging" timestamp="2019-06-14T19:08:56.040" />
<gc-end id="723" type="scavenge" contextid="718" durationms="1.113" usertimems="0.000" systemtimems="4.000" timestamp="2019-06-14T19:08:56.041" activeThreads="1">
  <mem-info id="724" free="5836440" total="11796480" percent="49">
    <mem type="nursery" free="4852360" total="5767168" percent="84">
      <mem type="allocate" free="4852360" total="5177344" percent="93" />
      <mem type="survivor" free="0" total="589824" percent="0" />
    </mem>
    <mem type="tenure" free="984080" total="6029312" percent="16">
      <mem type="soa" free="735248" total="5728256" percent="12" />
      <mem type="loa" free="248832" total="301056" percent="82" />
    </mem>
    <remembered-set count="1324" />
  </mem-info>
</gc-end>
<cycle-end id="725" type="scavenge" contextid="718" timestamp="2019-06-14T19:08:56.041" />
  <attribute name="elasticGC enabled" value="1" />
  <attribute name= "numThreadsSpecified" value="1" />
  <attribute name="heapSize specified" value="8781824" />
  <attribute name="Current GC Util" value="20" />
  <attribute name= "Current Time Running" value="1001" />
  <attribute name ="GC Interval" value="200" />
  <attribute name="ProportionalT" value="0.000000" />
  <attribute name="ProportionalI" value="0.000000" />
  <attribute name="ProportionalH" value="0.000000" />
  <attribute name="Current Error" value="0.000000" />
  <attribute name="IntegralT" value="0.000000" />
  <attribute name="IntegralI" value="0.000000" />
  <attribute name="IntegralH" value="0.000000" />
  <attribute name="DerivativeT" value="-0.125000" />
  <attribute name="DerivativeI" value="-0.125000" />
  <attribute name="DerivativeH" value="-0.125000" />
  <attribute name="Loop Time for DT" value="4.000000" />
  <attribute name="Output H" value="8388608"/>
  <attribute name="Output I" value="200"/>
  <attribute name="Output T" value="1"/>
  <attribute name="Target GC Util Change" value ="20.000000" />
  <attribute name="Current GC Util Change" value="20.000000"/>
  <attribute name="GC Util currently" value="20" />
  <attribute name="CPU Util currently" value="983873365966" />
<allocation-satisfied id="726" threadId="00000000016BA500" bytesRequested="40" />
<af-end id="727" timestamp="2019-06-14T19:08:56.041" threadId="00000000016BAE88" success="true" from="nursery"/>
<exclusive-end id="728" timestamp="2019-06-14T19:08:56.041" durationms="1.526" />

<exclusive-start id="729" timestamp="2019-06-14T19:08:56.045" intervalms="5.333">
  <response-info timems="0.033" idlems="0.033" threads="0" lastid="00000000016BA500" lastname="Thread-7" />
</exclusive-start>
<af-start id="730" threadId="00000000016BAE88" totalBytesRequested="40" timestamp="2019-06-14T19:08:56.045" intervalms="5.337" type="nursery" />
<cycle-start id="731" type="scavenge" contextid="0" timestamp="2019-06-14T19:08:56.045" intervalms="5.337" />
<gc-start id="732" type="scavenge" contextid="731" timestamp="2019-06-14T19:08:56.045">
  <mem-info id="733" free="984080" total="11796480" percent="8">
    <mem type="nursery" free="0" total="5767168" percent="0">
      <mem type="allocate" free="0" total="5177344" percent="0" />
      <mem type="survivor" free="0" total="589824" percent="0" />
    </mem>
    <mem type="tenure" free="984080" total="6029312" percent="16">
      <mem type="soa" free="735248" total="5728256" percent="12" />
      <mem type="loa" free="248832" total="301056" percent="82" />
    </mem>
    <remembered-set count="1782" />
  </mem-info>
</gc-start>
<allocation-stats totalBytes="4851576" >
  <allocated-bytes non-tlh="40" tlh="4851536" />
  <largest-consumer threadName="Thread-9" threadId="00000000016BE100" bytes="1666776" />
</allocation-stats>
<gc-op id="734" type="scavenge" timems="1.307" contextid="731" timestamp="2019-06-14T19:08:56.046">
  <scavenger-info tenureage="5" tenuremask="ffe0" tiltratio="89" />
  <memory-copied type="nursery" objects="6708" bytes="301248" bytesdiscarded="104256" />
</gc-op>
<heap-resize id="735" type="expand" space="nursery" amount="655360" count="1" timems="0.013" reason="excessive time being spent scavenging" timestamp="2019-06-14T19:08:56.046" />
<gc-end id="736" type="scavenge" contextid="731" durationms="1.670" usertimems="4.000" systemtimems="0.000" timestamp="2019-06-14T19:08:56.046" activeThreads="4">
  <mem-info id="737" free="6345744" total="12451840" percent="50">
    <mem type="nursery" free="5361664" total="6422528" percent="83">
      <mem type="allocate" free="5361664" total="5767168" percent="92" />
      <mem type="survivor" free="0" total="655360" percent="0" />
    </mem>
    <mem type="tenure" free="984080" total="6029312" percent="16">
      <mem type="soa" free="735248" total="5728256" percent="12" />
      <mem type="loa" free="248832" total="301056" percent="82" />
    </mem>
    <remembered-set count="1782" />
  </mem-info>
</gc-end>
<cycle-end id="738" type="scavenge" contextid="731" timestamp="2019-06-14T19:08:56.047" />
  <attribute name="elasticGC enabled" value="1" />
  <attribute name= "numThreadsSpecified" value="4" />
  <attribute name="heapSize specified" value="8781824" />
  <attribute name="Current GC Util" value="17" />
  <attribute name= "Current Time Running" value="1007" />
  <attribute name ="GC Interval" value="200" />
  <attribute name="ProportionalT" value="-1.500000" />
  <attribute name="ProportionalI" value="-1.500000" />
  <attribute name="ProportionalH" value="-1.500000" />
  <attribute name="Current Error" value="-3.000000" />
  <attribute name="IntegralT" value="-18.000000" />
  <attribute name="IntegralI" value="-18.000000" />
  <attribute name="IntegralH" value="-18.000000" />
  <attribute name="DerivativeT" value="-0.250000" />
  <attribute name="DerivativeI" value="-0.250000" />
  <attribute name="DerivativeH" value="-0.250000" />
  <attribute name="Loop Time for DT" value="6.000000" />
  <attribute name="Output H" value="2092630016"/>
  <attribute name="Output I" value="200"/>
  <attribute name="Output T" value="4"/>
  <attribute name="Target GC Util Change" value ="20.000000" />
  <attribute name="Current GC Util Change" value="17.000000"/>
  <attribute name="GC Util currently" value="17" />
  <attribute name="CPU Util currently" value="864827554557" />
<allocation-satisfied id="739" threadId="00000000016BA500" bytesRequested="40" />
<af-end id="740" timestamp="2019-06-14T19:08:56.047" threadId="00000000016BAE88" success="true" from="nursery"/>
<exclusive-end id="741" timestamp="2019-06-14T19:08:56.047" durationms="2.175" />

<exclusive-start id="742" timestamp="2019-06-14T19:08:56.051" intervalms="6.010">
  <response-info timems="0.029" idlems="0.029" threads="0" lastid="00000000016B2D00" lastname="Thread-10" />
</exclusive-start>
<af-start id="743" threadId="00000000016B3688" totalBytesRequested="24" timestamp="2019-06-14T19:08:56.051" intervalms="6.005" type="nursery" />
<cycle-start id="744" type="scavenge" contextid="0" timestamp="2019-06-14T19:08:56.051" intervalms="5.998" />
<gc-start id="745" type="scavenge" contextid="744" timestamp="2019-06-14T19:08:56.051">
  <mem-info id="746" free="984080" total="12451840" percent="7">
    <mem type="nursery" free="0" total="6422528" percent="0">
      <mem type="allocate" free="0" total="5767168" percent="0" />
      <mem type="survivor" free="0" total="655360" percent="0" />
    </mem>
    <mem type="tenure" free="984080" total="6029312" percent="16">
      <mem type="soa" free="735248" total="5728256" percent="12" />
      <mem type="loa" free="248832" total="301056" percent="82" />
    </mem>
    <remembered-set count="2424" />
  </mem-info>
</gc-start>
<allocation-stats totalBytes="5360792" >
  <allocated-bytes non-tlh="40" tlh="5360752" />
  <largest-consumer threadName="Thread-7" threadId="00000000016BA500" bytes="1724224" />
</allocation-stats>
<gc-op id="747" type="scavenge" timems="1.301" contextid="744" timestamp="2019-06-14T19:08:56.052">
  <scavenger-info tenureage="3" tenuremask="fff8" tiltratio="89" />
  <memory-copied type="nursery" objects="1905" bytes="46760" bytesdiscarded="140632" />
  <memory-copied type="tenure" objects="5652" bytes="275152" bytesdiscarded="32" />
</gc-op>
<heap-resize id="748" type="expand" space="nursery" amount="524288" count="1" timems="0.012" reason="excessive time being spent scavenging" timestamp="2019-06-14T19:08:56.052" />
<gc-end id="749" type="scavenge" contextid="744" durationms="1.723" usertimems="0.000" systemtimems="4.000" timestamp="2019-06-14T19:08:56.052" activeThreads="4">
  <mem-info id="750" free="6882832" total="12976128" percent="53">
    <mem type="nursery" free="6038528" total="6946816" percent="86">
      <mem type="allocate" free="6038528" total="6225920" percent="96" />
      <mem type="survivor" free="0" total="720896" percent="0" />
    </mem>
    <mem type="tenure" free="844304" total="6029312" percent="14">
      <mem type="soa" free="595472" total="5728256" percent="10" />
      <mem type="loa" free="248832" total="301056" percent="82" />
    </mem>
    <remembered-set count="1808" />
  </mem-info>
</gc-end>
<cycle-end id="751" type="scavenge" contextid="744" timestamp="2019-06-14T19:08:56.053" />
  <attribute name="elasticGC enabled" value="1" />
  <attribute name= "numThreadsSpecified" value="4" />
  <attribute name="heapSize specified" value="8781824" />
  <attribute name="Current GC Util" value="58" />
  <attribute name= "Current Time Running" value="1013" />
  <attribute name ="GC Interval" value="256" />
  <attribute name="ProportionalT" value="19.000000" />
  <attribute name="ProportionalI" value="19.000000" />
  <attribute name="ProportionalH" value="19.000000" />
  <attribute name="Current Error" value="38.000000" />
  <attribute name="IntegralT" value="228.000000" />
  <attribute name="IntegralI" value="228.000000" />
  <attribute name="IntegralH" value="228.000000" />
  <attribute name="DerivativeT" value="3.166667" />
  <attribute name="DerivativeI" value="3.166667" />
  <attribute name="DerivativeH" value="3.166667" />
  <attribute name="Loop Time for DT" value="6.000000" />
  <attribute name="Output H" value="8388608"/>
  <attribute name="Output I" value="256"/>
  <attribute name="Output T" value="4"/>
  <attribute name="Target GC Util Change" value ="20.000000" />
  <attribute name="Current GC Util Change" value="58.000000"/>
  <attribute name="GC Util currently" value="58" />
  <attribute name="CPU Util currently" value="771576159596" />
<allocation-satisfied id="752" threadId="00000000016B2D00" bytesRequested="24" />
<af-end id="753" timestamp="2019-06-14T19:08:56.053" threadId="00000000016B3688" success="true" from="nursery"/>
<exclusive-end id="754" timestamp="2019-06-14T19:08:56.053" durationms="2.122" />

<exclusive-start id="755" timestamp="2019-06-14T19:08:56.056" intervalms="5.891">
  <response-info timems="0.064" idlems="0.041" threads="1" lastid="00000000016B6900" lastname="Thread-8" />
</exclusive-start>
<af-start id="756" threadId="00000000016B3688" totalBytesRequested="40" timestamp="2019-06-14T19:08:56.057" intervalms="5.886" type="nursery" />
<cycle-start id="757" type="scavenge" contextid="0" timestamp="2019-06-14T19:08:56.057" intervalms="5.880" />
<gc-start id="758" type="scavenge" contextid="757" timestamp="2019-06-14T19:08:56.057">
  <mem-info id="759" free="844304" total="12976128" percent="6">
    <mem type="nursery" free="0" total="6946816" percent="0">
      <mem type="allocate" free="0" total="6225920" percent="0" />
      <mem type="survivor" free="0" total="720896" percent="0" />
    </mem>
    <mem type="tenure" free="844304" total="6029312" percent="14">
      <mem type="soa" free="595472" total="5728256" percent="10" />
      <mem type="loa" free="248832" total="301056" percent="82" />
    </mem>
    <remembered-set count="2527" />
  </mem-info>
</gc-start>
<allocation-stats totalBytes="6037648" >
  <allocated-bytes non-tlh="24" tlh="6037624" />
  <largest-consumer threadName="Thread-7" threadId="00000000016BA500" bytes="1749816" />
</allocation-stats>
<gc-op id="760" type="scavenge" timems="1.009" contextid="757" timestamp="2019-06-14T19:08:56.058">
  <scavenger-info tenureage="3" tenuremask="ffc8" tiltratio="89" />
  <memory-copied type="nursery" objects="2091" bytes="50992" bytesdiscarded="105680" />
  <memory-copied type="tenure" objects="480" bytes="11520" bytesdiscarded="0" />
</gc-op>
<heap-resize id="761" type="expand" space="nursery" amount="655360" count="1" timems="0.010" reason="excessive time being spent scavenging" timestamp="2019-06-14T19:08:56.058" />
<gc-end id="762" type="scavenge" contextid="757" durationms="1.425" usertimems="0.000" systemtimems="0.000" timestamp="2019-06-14T19:08:56.058" activeThreads="4">
  <mem-info id="763" free="7503376" total="13631488" percent="55">
    <mem type="nursery" free="6659072" total="7602176" percent="87">
      <mem type="allocate" free="6659072" total="6815744" percent="97" />
      <mem type="survivor" free="0" total="786432" percent="0" />
    </mem>
    <mem type="tenure" free="844304" total="6029312" percent="14">
      <mem type="soa" free="595472" total="5728256" percent="10" />
      <mem type="loa" free="248832" total="301056" percent="82" />
    </mem>
    <remembered-set count="2047" />
  </mem-info>
</gc-end>
<cycle-end id="764" type="scavenge" contextid="757" timestamp="2019-06-14T19:08:56.058" />
  <attribute name="elasticGC enabled" value="1" />
  <attribute name= "numThreadsSpecified" value="4" />
  <attribute name="heapSize specified" value="8781824" />
  <attribute name="Current GC Util" value="53" />
  <attribute name= "Current Time Running" value="1019" />
  <attribute name ="GC Interval" value="216" />
  <attribute name="ProportionalT" value="16.500000" />
  <attribute name="ProportionalI" value="16.500000" />
  <attribute name="ProportionalH" value="16.500000" />
  <attribute name="Current Error" value="33.000000" />
  <attribute name="IntegralT" value="198.000000" />
  <attribute name="IntegralI" value="198.000000" />
  <attribute name="IntegralH" value="198.000000" />
  <attribute name="DerivativeT" value="-0.416667" />
  <attribute name="DerivativeI" value="-0.416667" />
  <attribute name="DerivativeH" value="-0.416667" />
  <attribute name="Loop Time for DT" value="6.000000" />
  <attribute name="Output H" value="8388608"/>
  <attribute name="Output I" value="216"/>
  <attribute name="Output T" value="4"/>
  <attribute name="Target GC Util Change" value ="20.000000" />
  <attribute name="Current GC Util Change" value="53.000000"/>
  <attribute name="GC Util currently" value="53" />
  <attribute name="CPU Util currently" value="785162953796" />
<allocation-satisfied id="765" threadId="00000000016B2D00" bytesRequested="40" />
<af-end id="766" timestamp="2019-06-14T19:08:56.058" threadId="00000000016B3688" success="true" from="nursery"/>
<exclusive-end id="767" timestamp="2019-06-14T19:08:56.058" durationms="1.800" />

<exclusive-start id="768" timestamp="2019-06-14T19:08:56.062" intervalms="5.567">
  <response-info timems="0.021" idlems="0.021" threads="0" lastid="00000000016BE100" lastname="Thread-9" />
</exclusive-start>
<af-start id="769" threadId="00000000016BEA88" totalBytesRequested="40" timestamp="2019-06-14T19:08:56.062" intervalms="5.580" type="nursery" />
<cycle-start id="770" type="scavenge" contextid="0" timestamp="2019-06-14T19:08:56.062" intervalms="5.598" />
<gc-start id="771" type="scavenge" contextid="770" timestamp="2019-06-14T19:08:56.062">
  <mem-info id="772" free="844304" total="13631488" percent="6">
    <mem type="nursery" free="0" total="7602176" percent="0">
      <mem type="allocate" free="0" total="6815744" percent="0" />
      <mem type="survivor" free="0" total="786432" percent="0" />
    </mem>
    <mem type="tenure" free="844304" total="6029312" percent="14">
      <mem type="soa" free="595472" total="5728256" percent="10" />
      <mem type="loa" free="248832" total="301056" percent="82" />
    </mem>
    <remembered-set count="3282" />
  </mem-info>
</gc-start>
<allocation-stats totalBytes="6658168" >
  <allocated-bytes non-tlh="40" tlh="6658128" />
  <largest-consumer threadName="Thread-7" threadId="00000000016BA500" bytes="1814296" />
</allocation-stats>
<gc-op id="773" type="scavenge" timems="1.528" contextid="770" timestamp="2019-06-14T19:08:56.064">
  <scavenger-info tenureage="3" tenuremask="ffe8" tiltratio="89" />
  <memory-copied type="nursery" objects="2878" bytes="69896" bytesdiscarded="117496" />
  <memory-copied type="tenure" objects="457" bytes="10968" bytesdiscarded="0" />
</gc-op>
<heap-resize id="774" type="expand" space="nursery" amount="655360" count="1" timems="0.019" reason="excessive time being spent scavenging" timestamp="2019-06-14T19:08:56.064" />
<gc-end id="775" type="scavenge" contextid="770" durationms="1.844" usertimems="4.000" systemtimems="0.000" timestamp="2019-06-14T19:08:56.064" activeThreads="4">
  <mem-info id="776" free="8062480" total="14286848" percent="56">
    <mem type="nursery" free="7218176" total="8257536" percent="87">
      <mem type="allocate" free="7218176" total="7405568" percent="97" />
      <mem type="survivor" free="0" total="851968" percent="0" />
    </mem>
    <mem type="tenure" free="844304" total="6029312" percent="14">
      <mem type="soa" free="595472" total="5728256" percent="10" />
      <mem type="loa" free="248832" total="301056" percent="82" />
    </mem>
    <remembered-set count="2825" />
  </mem-info>
</gc-end>
<cycle-end id="777" type="scavenge" contextid="770" timestamp="2019-06-14T19:08:56.064" />
  <attribute name="elasticGC enabled" value="1" />
  <attribute name= "numThreadsSpecified" value="4" />
  <attribute name="heapSize specified" value="8781824" />
  <attribute name="Current GC Util" value="45" />
  <attribute name= "Current Time Running" value="1024" />
  <attribute name ="GC Interval" value="200" />
  <attribute name="ProportionalT" value="12.500000" />
  <attribute name="ProportionalI" value="12.500000" />
  <attribute name="ProportionalH" value="12.500000" />
  <attribute name="Current Error" value="25.000000" />
  <attribute name="IntegralT" value="125.000000" />
  <attribute name="IntegralI" value="125.000000" />
  <attribute name="IntegralH" value="125.000000" />
  <attribute name="DerivativeT" value="-0.800000" />
  <attribute name="DerivativeI" value="-0.800000" />
  <attribute name="DerivativeH" value="-0.800000" />
  <attribute name="Loop Time for DT" value="5.000000" />
  <attribute name="Output H" value="8388608"/>
  <attribute name="Output I" value="200"/>
  <attribute name="Output T" value="4"/>
  <attribute name="Target GC Util Change" value ="20.000000" />
  <attribute name="Current GC Util Change" value="45.000000"/>
  <attribute name="GC Util currently" value="45" />
  <attribute name="CPU Util currently" value="817313700325" />
<allocation-satisfied id="778" threadId="00000000016BE100" bytesRequested="40" />
<af-end id="779" timestamp="2019-06-14T19:08:56.064" threadId="00000000016BEA88" success="true" from="nursery"/>
<exclusive-end id="780" timestamp="2019-06-14T19:08:56.064" durationms="2.295" />

<exclusive-start id="781" timestamp="2019-06-14T19:08:56.070" intervalms="8.308">
  <response-info timems="0.053" idlems="0.035" threads="1" lastid="000000000136CB00" lastname="JIT Compilation Thread-2" />
</exclusive-start>
<af-start id="782" threadId="00000000016BEA88" totalBytesRequested="40" timestamp="2019-06-14T19:08:56.070" intervalms="8.307" type="nursery" />
<cycle-start id="783" type="scavenge" contextid="0" timestamp="2019-06-14T19:08:56.070" intervalms="8.307" />
<gc-start id="784" type="scavenge" contextid="783" timestamp="2019-06-14T19:08:56.071">
  <mem-info id="785" free="844304" total="14286848" percent="5">
    <mem type="nursery" free="0" total="8257536" percent="0">
      <mem type="allocate" free="0" total="7405568" percent="0" />
      <mem type="survivor" free="0" total="851968" percent="0" />
    </mem>
    <mem type="tenure" free="844304" total="6029312" percent="14">
      <mem type="soa" free="595472" total="5728256" percent="10" />
      <mem type="loa" free="248832" total="301056" percent="82" />
    </mem>
    <remembered-set count="3855" />
  </mem-info>
</gc-start>
<allocation-stats totalBytes="7217312" >
  <allocated-bytes non-tlh="40" tlh="7217272" />
  <largest-consumer threadName="Thread-7" threadId="00000000016BA500" bytes="2719432" />
</allocation-stats>
<gc-op id="786" type="scavenge" timems="1.233" contextid="783" timestamp="2019-06-14T19:08:56.072">
  <scavenger-info tenureage="3" tenuremask="ffe8" tiltratio="89" />
  <memory-copied type="nursery" objects="3852" bytes="93048" bytesdiscarded="133512" />
  <memory-copied type="tenure" objects="782" bytes="18768" bytesdiscarded="0" />
</gc-op>
<heap-resize id="787" type="expand" space="nursery" amount="655360" count="1" timems="0.019" reason="excessive time being spent scavenging" timestamp="2019-06-14T19:08:56.072" />
<gc-end id="788" type="scavenge" contextid="783" durationms="1.514" usertimems="0.000" systemtimems="0.000" timestamp="2019-06-14T19:08:56.072" activeThreads="4">
  <mem-info id="789" free="8613136" total="14942208" percent="57">
    <mem type="nursery" free="7768832" total="8912896" percent="87">
      <mem type="allocate" free="7768832" total="7995392" percent="97" />
      <mem type="survivor" free="0" total="917504" percent="0" />
    </mem>
    <mem type="tenure" free="844304" total="6029312" percent="14">
      <mem type="soa" free="595472" total="5728256" percent="10" />
      <mem type="loa" free="248832" total="301056" percent="82" />
    </mem>
    <remembered-set count="3073" />
  </mem-info>
</gc-end>
<cycle-end id="790" type="scavenge" contextid="783" timestamp="2019-06-14T19:08:56.072" />
  <attribute name="elasticGC enabled" value="1" />
  <attribute name= "numThreadsSpecified" value="4" />
  <attribute name="heapSize specified" value="8781824" />
  <attribute name="Current GC Util" value="42" />
  <attribute name= "Current Time Running" value="1032" />
  <attribute name ="GC Interval" value="200" />
  <attribute name="ProportionalT" value="11.000000" />
  <attribute name="ProportionalI" value="11.000000" />
  <attribute name="ProportionalH" value="11.000000" />
  <attribute name="Current Error" value="22.000000" />
  <attribute name="IntegralT" value="176.000000" />
  <attribute name="IntegralI" value="176.000000" />
  <attribute name="IntegralH" value="176.000000" />
  <attribute name="DerivativeT" value="-0.187500" />
  <attribute name="DerivativeI" value="-0.187500" />
  <attribute name="DerivativeH" value="-0.187500" />
  <attribute name="Loop Time for DT" value="8.000000" />
  <attribute name="Output H" value="8388608"/>
  <attribute name="Output I" value="200"/>
  <attribute name="Output T" value="4"/>
  <attribute name="Target GC Util Change" value ="20.000000" />
  <attribute name="Current GC Util Change" value="42.000000"/>
  <attribute name="GC Util currently" value="42" />
  <attribute name="CPU Util currently" value="554987120881" />
<allocation-satisfied id="791" threadId="00000000016BE100" bytesRequested="40" />
<af-end id="792" timestamp="2019-06-14T19:08:56.072" threadId="00000000016BEA88" success="true" from="nursery"/>
<exclusive-end id="793" timestamp="2019-06-14T19:08:56.072" durationms="1.962" />

<exclusive-start id="794" timestamp="2019-06-14T19:08:56.077" intervalms="6.275">
  <response-info timems="0.027" idlems="0.027" threads="0" lastid="00000000016B2D00" lastname="Thread-10" />
</exclusive-start>
<af-start id="795" threadId="00000000016B3688" totalBytesRequested="40" timestamp="2019-06-14T19:08:56.077" intervalms="6.263" type="nursery" />
<cycle-start id="796" type="scavenge" contextid="0" timestamp="2019-06-14T19:08:56.077" intervalms="6.251" />
<gc-start id="797" type="scavenge" contextid="796" timestamp="2019-06-14T19:08:56.077">
  <mem-info id="798" free="844304" total="14942208" percent="5">
    <mem type="nursery" free="0" total="8912896" percent="0">
      <mem type="allocate" free="0" total="7995392" percent="0" />
      <mem type="survivor" free="0" total="917504" percent="0" />
    </mem>
    <mem type="tenure" free="844304" total="6029312" percent="14">
      <mem type="soa" free="595472" total="5728256" percent="10" />
      <mem type="loa" free="248832" total="301056" percent="82" />
    </mem>
    <remembered-set count="3968" />
  </mem-info>
</gc-start>
<allocation-stats totalBytes="7767688" >
  <allocated-bytes non-tlh="40" tlh="7767648" />
  <largest-consumer threadName="Thread-7" threadId="00000000016BA500" bytes="2064128" />
</allocation-stats>
<gc-op id="799" type="scavenge" timems="1.026" contextid="796" timestamp="2019-06-14T19:08:56.078">
  <scavenger-info tenureage="3" tenuremask="ffe8" tiltratio="89" />
  <memory-copied type="nursery" objects="9498" bytes="366368" bytesdiscarded="162016" />
  <memory-copied type="tenure" objects="721" bytes="17304" bytesdiscarded="8" />
</gc-op>
<heap-resize id="800" type="expand" space="nursery" amount="786432" count="1" timems="0.010" reason="excessive time being spent scavenging" timestamp="2019-06-14T19:08:56.078" />
<gc-end id="801" type="scavenge" contextid="796" durationms="1.454" usertimems="0.000" systemtimems="0.000" timestamp="2019-06-14T19:08:56.078" activeThreads="4">
  <mem-info id="802" free="8927504" total="15728640" percent="56">
    <mem type="nursery" free="8122368" total="9699328" percent="83">
      <mem type="allocate" free="8122368" total="8650752" percent="93" />
      <mem type="survivor" free="0" total="1048576" percent="0" />
    </mem>
    <mem type="tenure" free="805136" total="6029312" percent="13">
      <mem type="soa" free="556304" total="5728256" percent="9" />
      <mem type="loa" free="248832" total="301056" percent="82" />
    </mem>
    <remembered-set count="3247" />
  </mem-info>
</gc-end>
<cycle-end id="803" type="scavenge" contextid="796" timestamp="2019-06-14T19:08:56.078" />
  <attribute name="elasticGC enabled" value="1" />
  <attribute name= "numThreadsSpecified" value="4" />
  <attribute name="heapSize specified" value="8781824" />
  <attribute name="Current GC Util" value="45" />
  <attribute name= "Current Time Running" value="1039" />
  <attribute name ="GC Interval" value="200" />
  <attribute name="ProportionalT" value="12.500000" />
  <attribute name="ProportionalI" value="12.500000" />
  <attribute name="ProportionalH" value="12.500000" />
  <attribute name="Current Error" value="25.000000" />
  <attribute name="IntegralT" value="175.000000" />
  <attribute name="IntegralI" value="175.000000" />
  <attribute name="IntegralH" value="175.000000" />
  <attribute name="DerivativeT" value="0.214286" />
  <attribute name="DerivativeI" value="0.214286" />
  <attribute name="DerivativeH" value="0.214286" />
  <attribute name="Loop Time for DT" value="7.000000" />
  <attribute name="Output H" value="8388608"/>
  <attribute name="Output I" value="200"/>
  <attribute name="Output T" value="4"/>
  <attribute name="Target GC Util Change" value ="20.000000" />
  <attribute name="Current GC Util Change" value="45.000000"/>
  <attribute name="GC Util currently" value="45" />
  <attribute name="CPU Util currently" value="742982552322" />
<allocation-satisfied id="804" threadId="00000000016B2D00" bytesRequested="40" />
<af-end id="805" timestamp="2019-06-14T19:08:56.078" threadId="00000000016B3688" success="true" from="nursery"/>
<exclusive-end id="806" timestamp="2019-06-14T19:08:56.078" durationms="1.847" />

<exclusive-start id="807" timestamp="2019-06-14T19:08:56.084" intervalms="6.950">
  <response-info timems="0.040" idlems="0.040" threads="0" lastid="00000000016BA500" lastname="Thread-7" />
</exclusive-start>
<af-start id="808" threadId="00000000016BAE88" totalBytesRequested="24" timestamp="2019-06-14T19:08:56.084" intervalms="6.938" type="nursery" />
<cycle-start id="809" type="scavenge" contextid="0" timestamp="2019-06-14T19:08:56.084" intervalms="6.952" />
<gc-start id="810" type="scavenge" contextid="809" timestamp="2019-06-14T19:08:56.084">
  <mem-info id="811" free="805136" total="15728640" percent="5">
    <mem type="nursery" free="0" total="9699328" percent="0">
      <mem type="allocate" free="0" total="8650752" percent="0" />
      <mem type="survivor" free="0" total="1048576" percent="0" />
    </mem>
    <mem type="tenure" free="805136" total="6029312" percent="13">
      <mem type="soa" free="556304" total="5728256" percent="9" />
      <mem type="loa" free="248832" total="301056" percent="82" />
    </mem>
    <remembered-set count="4048" />
  </mem-info>
</gc-start>
<allocation-stats totalBytes="8121160" >
  <allocated-bytes non-tlh="40" tlh="8121120" />
  <largest-consumer threadName="Thread-9" threadId="00000000016BE100" bytes="2469480" />
</allocation-stats>
<gc-op id="812" type="scavenge" timems="0.760" contextid="809" timestamp="2019-06-14T19:08:56.085">
  <scavenger-info tenureage="5" tenuremask="ffe0" tiltratio="89" />
  <memory-copied type="nursery" objects="10727" bytes="395336" bytesdiscarded="155320" />
</gc-op>
<gc-end id="813" type="scavenge" contextid="809" durationms="0.946" usertimems="0.000" systemtimems="4.000" timestamp="2019-06-14T19:08:56.085" activeThreads="4">
  <mem-info id="814" free="8970768" total="15728640" percent="57">
    <mem type="nursery" free="8165632" total="9699328" percent="84">
      <mem type="allocate" free="8165632" total="8716288" percent="93" />
      <mem type="survivor" free="0" total="983040" percent="0" />
    </mem>
    <mem type="tenure" free="805136" total="6029312" percent="13">
      <mem type="soa" free="556304" total="5728256" percent="9" />
      <mem type="loa" free="248832" total="301056" percent="82" />
    </mem>
    <remembered-set count="4047" />
  </mem-info>
</gc-end>
<cycle-end id="815" type="scavenge" contextid="809" timestamp="2019-06-14T19:08:56.085" />
  <attribute name="elasticGC enabled" value="1" />
  <attribute name= "numThreadsSpecified" value="4" />
  <attribute name="heapSize specified" value="8781824" />
  <attribute name="Current GC Util" value="34" />
  <attribute name= "Current Time Running" value="1046" />
  <attribute name ="GC Interval" value="200" />
  <attribute name="ProportionalT" value="7.000000" />
  <attribute name="ProportionalI" value="7.000000" />
  <attribute name="ProportionalH" value="7.000000" />
  <attribute name="Current Error" value="14.000000" />
  <attribute name="IntegralT" value="98.000000" />
  <attribute name="IntegralI" value="98.000000" />
  <attribute name="IntegralH" value="98.000000" />
  <attribute name="DerivativeT" value="-0.785714" />
  <attribute name="DerivativeI" value="-0.785714" />
  <attribute name="DerivativeH" value="-0.785714" />
  <attribute name="Loop Time for DT" value="7.000000" />
  <attribute name="Output H" value="8388608"/>
  <attribute name="Output I" value="200"/>
  <attribute name="Output T" value="4"/>
  <attribute name="Target GC Util Change" value ="20.000000" />
  <attribute name="Current GC Util Change" value="34.000000"/>
  <attribute name="GC Util currently" value="34" />
  <attribute name="CPU Util currently" value="659989142834" />
<allocation-satisfied id="816" threadId="00000000016BA500" bytesRequested="24" />
<af-end id="817" timestamp="2019-06-14T19:08:56.085" threadId="00000000016BAE88" success="true" from="nursery"/>
<exclusive-end id="818" timestamp="2019-06-14T19:08:56.085" durationms="1.485" />

<exclusive-start id="819" timestamp="2019-06-14T19:08:56.089" intervalms="5.728">
  <response-info timems="0.021" idlems="0.021" threads="0" lastid="00000000016BA500" lastname="Thread-7" />
</exclusive-start>
<af-start id="820" threadId="00000000016BAE88" totalBytesRequested="40" timestamp="2019-06-14T19:08:56.089" intervalms="5.750" type="nursery" />
<cycle-start id="821" type="scavenge" contextid="0" timestamp="2019-06-14T19:08:56.089" intervalms="5.743" />
<gc-start id="822" type="scavenge" contextid="821" timestamp="2019-06-14T19:08:56.089">
  <mem-info id="823" free="805136" total="15728640" percent="5">
    <mem type="nursery" free="0" total="9699328" percent="0">
      <mem type="allocate" free="0" total="8716288" percent="0" />
      <mem type="survivor" free="0" total="983040" percent="0" />
    </mem>
    <mem type="tenure" free="805136" total="6029312" percent="13">
      <mem type="soa" free="556304" total="5728256" percent="9" />
      <mem type="loa" free="248832" total="301056" percent="82" />
    </mem>
    <remembered-set count="4912" />
  </mem-info>
</gc-start>
<allocation-stats totalBytes="8164560" >
  <allocated-bytes non-tlh="24" tlh="8164536" />
  <largest-consumer threadName="Thread-7" threadId="00000000016BA500" bytes="2088688" />
</allocation-stats>
<gc-op id="824" type="scavenge" timems="0.896" contextid="821" timestamp="2019-06-14T19:08:56.090">
  <scavenger-info tenureage="3" tenuremask="fff8" tiltratio="89" />
  <memory-copied type="nursery" objects="9100" bytes="356672" bytesdiscarded="163264" />
  <memory-copied type="tenure" objects="3030" bytes="72720" bytesdiscarded="0" />
</gc-op>
<heap-resize id="825" type="expand" space="nursery" amount="917504" count="1" timems="0.013" reason="excessive time being spent scavenging" timestamp="2019-06-14T19:08:56.091" />
<gc-end id="826" type="scavenge" contextid="821" durationms="1.153" usertimems="4.000" systemtimems="0.000" timestamp="2019-06-14T19:08:56.091" activeThreads="4">
  <mem-info id="827" free="9718032" total="16646144" percent="58">
    <mem type="nursery" free="8982784" total="10616832" percent="84">
      <mem type="allocate" free="8982784" total="9502720" percent="94" />
      <mem type="survivor" free="0" total="1114112" percent="0" />
    </mem>
    <mem type="tenure" free="735248" total="6029312" percent="12">
      <mem type="soa" free="486416" total="5728256" percent="8" />
      <mem type="loa" free="248832" total="301056" percent="82" />
    </mem>
    <remembered-set count="2647" />
  </mem-info>
</gc-end>
<cycle-end id="828" type="scavenge" contextid="821" timestamp="2019-06-14T19:08:56.091" />
  <attribute name="elasticGC enabled" value="1" />
  <attribute name= "numThreadsSpecified" value="4" />
  <attribute name="heapSize specified" value="8781824" />
  <attribute name="Current GC Util" value="35" />
  <attribute name= "Current Time Running" value="1051" />
  <attribute name ="GC Interval" value="200" />
  <attribute name="ProportionalT" value="7.500000" />
  <attribute name="ProportionalI" value="7.500000" />
  <attribute name="ProportionalH" value="7.500000" />
  <attribute name="Current Error" value="15.000000" />
  <attribute name="IntegralT" value="75.000000" />
  <attribute name="IntegralI" value="75.000000" />
  <attribute name="IntegralH" value="75.000000" />
  <attribute name="DerivativeT" value="0.100000" />
  <attribute name="DerivativeI" value="0.100000" />
  <attribute name="DerivativeH" value="0.100000" />
  <attribute name="Loop Time for DT" value="5.000000" />
  <attribute name="Output H" value="8388608"/>
  <attribute name="Output I" value="200"/>
  <attribute name="Output T" value="4"/>
  <attribute name="Target GC Util Change" value ="20.000000" />
  <attribute name="Current GC Util Change" value="35.000000"/>
  <attribute name="GC Util currently" value="35" />
  <attribute name="CPU Util currently" value="804052690187" />
<allocation-satisfied id="829" threadId="00000000016BA500" bytesRequested="40" />
<af-end id="830" timestamp="2019-06-14T19:08:56.091" threadId="00000000016BAE88" success="true" from="nursery"/>
<exclusive-end id="831" timestamp="2019-06-14T19:08:56.091" durationms="1.565" />

<exclusive-start id="832" timestamp="2019-06-14T19:08:56.096" intervalms="6.495">
  <response-info timems="0.021" idlems="0.019" threads="1" lastid="00000000016B6900" lastname="Thread-8" />
</exclusive-start>
<af-start id="833" threadId="00000000016BEA88" totalBytesRequested="40" timestamp="2019-06-14T19:08:56.096" intervalms="6.497" type="nursery" />
<cycle-start id="834" type="scavenge" contextid="0" timestamp="2019-06-14T19:08:56.096" intervalms="6.502" />
<gc-start id="835" type="scavenge" contextid="834" timestamp="2019-06-14T19:08:56.096">
  <mem-info id="836" free="735248" total="16646144" percent="4">
    <mem type="nursery" free="0" total="10616832" percent="0">
      <mem type="allocate" free="0" total="9502720" percent="0" />
      <mem type="survivor" free="0" total="1114112" percent="0" />
    </mem>
    <mem type="tenure" free="735248" total="6029312" percent="12">
      <mem type="soa" free="486416" total="5728256" percent="8" />
      <mem type="loa" free="248832" total="301056" percent="82" />
    </mem>
    <remembered-set count="3902" />
  </mem-info>
</gc-start>
<allocation-stats totalBytes="8981640" >
  <allocated-bytes non-tlh="40" tlh="8981600" />
  <largest-consumer threadName="Thread-7" threadId="00000000016BA500" bytes="2383456" />
</allocation-stats>
<gc-op id="837" type="scavenge" timems="1.617" contextid="834" timestamp="2019-06-14T19:08:56.098">
  <scavenger-info tenureage="3" tenuremask="ffc8" tiltratio="89" />
  <memory-copied type="nursery" objects="4946" bytes="119472" bytesdiscarded="137808" />
  <memory-copied type="tenure" objects="6282" bytes="288144" bytesdiscarded="0" />
</gc-op>
<heap-resize id="838" type="expand" space="nursery" amount="786432" count="1" timems="0.018" reason="excessive time being spent scavenging" timestamp="2019-06-14T19:08:56.098" />
<gc-end id="839" type="scavenge" contextid="834" durationms="1.980" usertimems="4.000" systemtimems="0.000" timestamp="2019-06-14T19:08:56.098" activeThreads="4">
  <mem-info id="840" free="10356496" total="17432576" percent="59">
    <mem type="nursery" free="9900800" total="11403264" percent="86">
      <mem type="allocate" free="9900800" total="10158080" percent="97" />
      <mem type="survivor" free="0" total="1245184" percent="0" />
    </mem>
    <mem type="tenure" free="455696" total="6029312" percent="7">
      <mem type="soa" free="206864" total="5728256" percent="3" />
      <mem type="loa" free="248832" total="301056" percent="82" />
    </mem>
    <remembered-set count="4916" />
  </mem-info>
</gc-end>
<cycle-end id="841" type="scavenge" contextid="834" timestamp="2019-06-14T19:08:56.098" />
  <attribute name="elasticGC enabled" value="1" />
  <attribute name= "numThreadsSpecified" value="4" />
  <attribute name="heapSize specified" value="8781824" />
  <attribute name="Current GC Util" value="37" />
  <attribute name= "Current Time Running" value="1058" />
  <attribute name ="GC Interval" value="200" />
  <attribute name="ProportionalT" value="8.500000" />
  <attribute name="ProportionalI" value="8.500000" />
  <attribute name="ProportionalH" value="8.500000" />
  <attribute name="Current Error" value="17.000000" />
  <attribute name="IntegralT" value="119.000000" />
  <attribute name="IntegralI" value="119.000000" />
  <attribute name="IntegralH" value="119.000000" />
  <attribute name="DerivativeT" value="0.142857" />
  <attribute name="DerivativeI" value="0.142857" />
  <attribute name="DerivativeH" value="0.142857" />
  <attribute name="Loop Time for DT" value="7.000000" />
  <attribute name="Output H" value="8388608"/>
  <attribute name="Output I" value="200"/>
  <attribute name="Output T" value="4"/>
  <attribute name="Target GC Util Change" value ="20.000000" />
  <attribute name="Current GC Util Change" value="37.000000"/>
  <attribute name="GC Util currently" value="37" />
  <attribute name="CPU Util currently" value="708055526801" />
<allocation-satisfied id="842" threadId="00000000016BE100" bytesRequested="40" />
<af-end id="843" timestamp="2019-06-14T19:08:56.098" threadId="00000000016BEA88" success="true" from="nursery"/>
<exclusive-end id="844" timestamp="2019-06-14T19:08:56.098" durationms="2.429" />

<exclusive-start id="845" timestamp="2019-06-14T19:08:56.105" intervalms="9.328">
  <response-info timems="0.019" idlems="0.019" threads="0" lastid="00000000016BE100" lastname="Thread-9" />
</exclusive-start>
<af-start id="846" threadId="00000000016BEA88" totalBytesRequested="40" timestamp="2019-06-14T19:08:56.105" intervalms="9.331" type="nursery" />
<cycle-start id="847" type="scavenge" contextid="0" timestamp="2019-06-14T19:08:56.105" intervalms="9.331" />
<gc-start id="848" type="scavenge" contextid="847" timestamp="2019-06-14T19:08:56.105">
  <mem-info id="849" free="455696" total="17432576" percent="2">
    <mem type="nursery" free="0" total="11403264" percent="0">
      <mem type="allocate" free="0" total="10158080" percent="0" />
      <mem type="survivor" free="0" total="1245184" percent="0" />
    </mem>
    <mem type="tenure" free="455696" total="6029312" percent="7">
      <mem type="soa" free="206864" total="5728256" percent="3" />
      <mem type="loa" free="248832" total="301056" percent="82" />
    </mem>
    <remembered-set count="6930" />
  </mem-info>
</gc-start>
<allocation-stats totalBytes="9899648" >
  <allocated-bytes non-tlh="40" tlh="9899608" />
  <largest-consumer threadName="Thread-10" threadId="00000000016B2D00" bytes="2981536" />
</allocation-stats>
<gc-op id="850" type="scavenge" timems="1.047" contextid="847" timestamp="2019-06-14T19:08:56.106">
  <scavenger-info tenureage="3" tenuremask="ffe8" tiltratio="89" />
  <memory-copied type="nursery" objects="12343" bytes="434248" bytesdiscarded="120512" />
  <memory-copied type="tenure" objects="1350" bytes="32400" bytesdiscarded="0" />
</gc-op>
<heap-resize id="851" type="expand" space="nursery" amount="655360" count="1" timems="0.019" reason="excessive time being spent scavenging" timestamp="2019-06-14T19:08:56.107" />
<gc-end id="852" type="scavenge" contextid="847" durationms="1.325" usertimems="4.000" systemtimems="0.000" timestamp="2019-06-14T19:08:56.107" activeThreads="4">
  <mem-info id="853" free="10714376" total="18087936" percent="59">
    <mem type="nursery" free="10258680" total="12058624" percent="85">
      <mem type="allocate" free="10258680" total="10813440" percent="94" />
      <mem type="survivor" free="0" total="1245184" percent="0" />
    </mem>
    <mem type="tenure" free="455696" total="6029312" percent="7">
      <mem type="soa" free="206864" total="5728256" percent="3" />
      <mem type="loa" free="248832" total="301056" percent="82" />
    </mem>
    <remembered-set count="5567" />
  </mem-info>
</gc-end>
<cycle-end id="854" type="scavenge" contextid="847" timestamp="2019-06-14T19:08:56.107" />
  <attribute name="elasticGC enabled" value="1" />
  <attribute name= "numThreadsSpecified" value="4" />
  <attribute name="heapSize specified" value="8781824" />
  <attribute name="Current GC Util" value="45" />
  <attribute name= "Current Time Running" value="1067" />
  <attribute name ="GC Interval" value="240" />
  <attribute name="ProportionalT" value="12.500000" />
  <attribute name="ProportionalI" value="12.500000" />
  <attribute name="ProportionalH" value="12.500000" />
  <attribute name="Current Error" value="25.000000" />
  <attribute name="IntegralT" value="225.000000" />
  <attribute name="IntegralI" value="225.000000" />
  <attribute name="IntegralH" value="225.000000" />
  <attribute name="DerivativeT" value="0.444444" />
  <attribute name="DerivativeI" value="0.444444" />
  <attribute name="DerivativeH" value="0.444444" />
  <attribute name="Loop Time for DT" value="9.000000" />
  <attribute name="Output H" value="8388608"/>
  <attribute name="Output I" value="240"/>
  <attribute name="Output T" value="4"/>
  <attribute name="Target GC Util Change" value ="20.000000" />
  <attribute name="Current GC Util Change" value="45.000000"/>
  <attribute name="GC Util currently" value="45" />
  <attribute name="CPU Util currently" value="493616745086" />
<allocation-satisfied id="855" threadId="00000000016BE100" bytesRequested="40" />
<af-end id="856" timestamp="2019-06-14T19:08:56.107" threadId="00000000016BEA88" success="true" from="nursery"/>
<exclusive-end id="857" timestamp="2019-06-14T19:08:56.107" durationms="1.791" />

<exclusive-start id="858" timestamp="2019-06-14T19:08:56.113" intervalms="7.519">
  <response-info timems="0.022" idlems="0.022" threads="0" lastid="00000000016B2D00" lastname="Thread-10" />
</exclusive-start>
<af-start id="859" threadId="00000000016B3688" totalBytesRequested="40" timestamp="2019-06-14T19:08:56.113" intervalms="7.505" type="nursery" />
<cycle-start id="860" type="scavenge" contextid="0" timestamp="2019-06-14T19:08:56.113" intervalms="7.495" />
<gc-start id="861" type="scavenge" contextid="860" timestamp="2019-06-14T19:08:56.113">
  <mem-info id="862" free="455696" total="18087936" percent="2">
    <mem type="nursery" free="0" total="12058624" percent="0">
      <mem type="allocate" free="0" total="10813440" percent="0" />
      <mem type="survivor" free="0" total="1245184" percent="0" />
    </mem>
    <mem type="tenure" free="455696" total="6029312" percent="7">
      <mem type="soa" free="206864" total="5728256" percent="3" />
      <mem type="loa" free="248832" total="301056" percent="82" />
    </mem>
    <remembered-set count="7477" />
  </mem-info>
</gc-start>
<allocation-stats totalBytes="10257464" >
  <allocated-bytes non-tlh="40" tlh="10257424" />
  <largest-consumer threadName="Thread-7" threadId="00000000016BA500" bytes="2791248" />
</allocation-stats>
<gc-op id="863" type="scavenge" timems="1.070" contextid="860" timestamp="2019-06-14T19:08:56.114">
  <scavenger-info tenureage="3" tenuremask="ffe8" tiltratio="89" />
  <memory-copied type="nursery" objects="18460" bytes="718848" bytesdiscarded="225792" />
  <memory-copied type="tenure" objects="1300" bytes="31200" bytesdiscarded="0" />
</gc-op>
<heap-resize id="864" type="expand" space="nursery" amount="786432" count="1" timems="0.012" reason="excessive time being spent scavenging" timestamp="2019-06-14T19:08:56.114" />
<gc-end id="865" type="scavenge" contextid="860" durationms="1.457" usertimems="4.000" systemtimems="0.000" timestamp="2019-06-14T19:08:56.114" activeThreads="4">
  <mem-info id="866" free="10979856" total="18874368" percent="58">
    <mem type="nursery" free="10524160" total="12845056" percent="81">
      <mem type="allocate" free="10524160" total="11468800" percent="91" />
      <mem type="survivor" free="0" total="1376256" percent="0" />
    </mem>
    <mem type="tenure" free="455696" total="6029312" percent="7">
      <mem type="soa" free="206864" total="5728256" percent="3" />
      <mem type="loa" free="248832" total="301056" percent="82" />
    </mem>
    <remembered-set count="6161" />
  </mem-info>
</gc-end>
<cycle-end id="867" type="scavenge" contextid="860" timestamp="2019-06-14T19:08:56.114" />
  <attribute name="elasticGC enabled" value="1" />
  <attribute name= "numThreadsSpecified" value="4" />
  <attribute name="heapSize specified" value="8781824" />
  <attribute name="Current GC Util" value="38" />
  <attribute name= "Current Time Running" value="1075" />
  <attribute name ="GC Interval" value="200" />
  <attribute name="ProportionalT" value="9.000000" />
  <attribute name="ProportionalI" value="9.000000" />
  <attribute name="ProportionalH" value="9.000000" />
  <attribute name="Current Error" value="18.000000" />
  <attribute name="IntegralT" value="144.000000" />
  <attribute name="IntegralI" value="144.000000" />
  <attribute name="IntegralH" value="144.000000" />
  <attribute name="DerivativeT" value="-0.437500" />
  <attribute name="DerivativeI" value="-0.437500" />
  <attribute name="DerivativeH" value="-0.437500" />
  <attribute name="Loop Time for DT" value="8.000000" />
  <attribute name="Output H" value="8388608"/>
  <attribute name="Output I" value="200"/>
  <attribute name="Output T" value="4"/>
  <attribute name="Target GC Util Change" value ="20.000000" />
  <attribute name="Current GC Util Change" value="38.000000"/>
  <attribute name="GC Util currently" value="38" />
  <attribute name="CPU Util currently" value="619422003835" />
<allocation-satisfied id="868" threadId="00000000016B2D00" bytesRequested="40" />
<af-end id="869" timestamp="2019-06-14T19:08:56.115" threadId="00000000016B3688" success="true" from="nursery"/>
<exclusive-end id="870" timestamp="2019-06-14T19:08:56.115" durationms="1.932" />

<exclusive-start id="871" timestamp="2019-06-14T19:08:56.120" intervalms="7.349">
  <response-info timems="0.029" idlems="0.029" threads="0" lastid="00000000016BE100" lastname="Thread-9" />
</exclusive-start>
<af-start id="872" threadId="00000000016BEA88" totalBytesRequested="40" timestamp="2019-06-14T19:08:56.120" intervalms="7.360" type="nursery" />
<cycle-start id="873" type="scavenge" contextid="0" timestamp="2019-06-14T19:08:56.120" intervalms="7.372" />
<gc-start id="874" type="scavenge" contextid="873" timestamp="2019-06-14T19:08:56.120">
  <mem-info id="875" free="455696" total="18874368" percent="2">
    <mem type="nursery" free="0" total="12845056" percent="0">
      <mem type="allocate" free="0" total="11468800" percent="0" />
      <mem type="survivor" free="0" total="1376256" percent="0" />
    </mem>
    <mem type="tenure" free="455696" total="6029312" percent="7">
      <mem type="soa" free="206864" total="5728256" percent="3" />
      <mem type="loa" free="248832" total="301056" percent="82" />
    </mem>
    <remembered-set count="6465" />
  </mem-info>
</gc-start>
<allocation-stats totalBytes="10522904" >
  <allocated-bytes non-tlh="40" tlh="10522864" />
  <largest-consumer threadName="Thread-10" threadId="00000000016B2D00" bytes="2719456" />
</allocation-stats>
<gc-op id="876" type="scavenge" timems="1.847" contextid="873" timestamp="2019-06-14T19:08:56.122">
  <scavenger-info tenureage="2" tenuremask="ffec" tiltratio="89" />
  <memory-copied type="nursery" objects="23631" bytes="1025464" bytesdiscarded="100280" />
  <memory-copied type="tenure" objects="8250" bytes="290328" bytesdiscarded="8" />
  <copy-failed type="tenure" objects="2689" bytes="109584" />
</gc-op>
<heap-resize id="877" type="expand" space="nursery" amount="1572864" count="1" timems="0.019" reason="excessive time being spent scavenging" timestamp="2019-06-14T19:08:56.122" />
<gc-end id="878" type="scavenge" contextid="873" durationms="2.123" usertimems="4.000" systemtimems="0.000" timestamp="2019-06-14T19:08:56.122" activeThreads="4">
  <mem-info id="879" free="11968144" total="20447232" percent="58">
    <mem type="nursery" free="11719312" total="14417920" percent="81">
      <mem type="allocate" free="11719312" total="12845056" percent="91" />
      <mem type="survivor" free="0" total="1572864" percent="0" />
    </mem>
    <mem type="tenure" free="248832" total="6029312" percent="4">
      <mem type="soa" free="0" total="5728256" percent="0" />
      <mem type="loa" free="248832" total="301056" percent="82" />
    </mem>
    <remembered-set count="3468" />
  </mem-info>
</gc-end>
<cycle-end id="880" type="scavenge" contextid="873" timestamp="2019-06-14T19:08:56.122" />
  <attribute name="elasticGC enabled" value="1" />
  <attribute name= "numThreadsSpecified" value="4" />
  <attribute name="heapSize specified" value="8781824" />
  <attribute name="Current GC Util" value="40" />
  <attribute name= "Current Time Running" value="1082" />
  <attribute name ="GC Interval" value="200" />
  <attribute name="ProportionalT" value="10.000000" />
  <attribute name="ProportionalI" value="10.000000" />
  <attribute name="ProportionalH" value="10.000000" />
  <attribute name="Current Error" value="20.000000" />
  <attribute name="IntegralT" value="140.000000" />
  <attribute name="IntegralI" value="140.000000" />
  <attribute name="IntegralH" value="140.000000" />
  <attribute name="DerivativeT" value="0.142857" />
  <attribute name="DerivativeI" value="0.142857" />
  <attribute name="DerivativeH" value="0.142857" />
  <attribute name="Loop Time for DT" value="7.000000" />
  <attribute name="Output H" value="8388608"/>
  <attribute name="Output I" value="200"/>
  <attribute name="Output T" value="4"/>
  <attribute name="Target GC Util Change" value ="20.000000" />
  <attribute name="Current GC Util Change" value="40.000000"/>
  <attribute name="GC Util currently" value="40" />
  <attribute name="CPU Util currently" value="622890293608" />
<allocation-satisfied id="881" threadId="00000000016BE100" bytesRequested="40" />
<af-end id="882" timestamp="2019-06-14T19:08:56.122" threadId="00000000016BEA88" success="true" from="nursery"/>
<exclusive-end id="883" timestamp="2019-06-14T19:08:56.123" durationms="2.572" />

<concurrent-kickoff id="884" timestamp="2019-06-14T19:08:56.129">
  <kickoff reason="next scavenge will percolate" targetBytes="1770370" thresholdFreeBytes="244446"  remainingFree="131728" tenureFreeBytes="248832" nurseryFreeBytes="131728" />
</concurrent-kickoff>
<exclusive-start id="885" timestamp="2019-06-14T19:08:56.129" intervalms="9.485">
  <response-info timems="0.033" idlems="0.033" threads="0" lastid="00000000016B2D00" lastname="Thread-10" />
</exclusive-start>
<cycle-start id="886" type="global" contextid="0" timestamp="2019-06-14T19:08:56.130" intervalms="339.572" />
<exclusive-end id="887" timestamp="2019-06-14T19:08:56.130" durationms="0.138" />

<exclusive-start id="888" timestamp="2019-06-14T19:08:56.130" intervalms="0.412">
  <response-info timems="0.036" idlems="0.036" threads="0" lastid="00000000016BA500" lastname="Thread-7" />
</exclusive-start>
<af-start id="889" threadId="00000000016BAE88" totalBytesRequested="40" timestamp="2019-06-14T19:08:56.130" intervalms="9.907" type="nursery" />
<percolate-collect id="890" from="nursery" to="global" reason="failed tenure threshold reached" timestamp="2019-06-14T19:08:56.130"/>
<concurrent-aborted id="891" timestamp="2019-06-14T19:08:56.130">
  <reason value="insufficient progress made" />
</concurrent-aborted>
<cycle-end id="892" type="global" contextid="886" timestamp="2019-06-14T19:08:56.130" />
  <attribute name="elasticGC enabled" value="1" />
  <attribute name= "numThreadsSpecified" value="4" />
  <attribute name="heapSize specified" value="8781824" />
  <attribute name="Current GC Util" value="40" />
  <attribute name= "Current Time Running" value="1082" />
  <attribute name ="GC Interval" value="200" />
  <attribute name="ProportionalT" value="10.000000" />
  <attribute name="ProportionalI" value="10.000000" />
  <attribute name="ProportionalH" value="10.000000" />
  <attribute name="Current Error" value="20.000000" />
  <attribute name="IntegralT" value="140.000000" />
  <attribute name="IntegralI" value="140.000000" />
  <attribute name="IntegralH" value="140.000000" />
  <attribute name="DerivativeT" value="0.142857" />
  <attribute name="DerivativeI" value="0.142857" />
  <attribute name="DerivativeH" value="0.142857" />
  <attribute name="Loop Time for DT" value="7.000000" />
  <attribute name="Output H" value="8388608"/>
  <attribute name="Output I" value="200"/>
  <attribute name="Output T" value="4"/>
  <attribute name="Target GC Util Change" value ="20.000000" />
  <attribute name="Current GC Util Change" value="40.000000"/>
  <attribute name="GC Util currently" value="40" />
  <attribute name="CPU Util currently" value="622890293608" />
<cycle-start id="893" type="global" contextid="0" timestamp="2019-06-14T19:08:56.130" intervalms="0.757" />
<gc-start id="894" type="global" contextid="893" timestamp="2019-06-14T19:08:56.130">
  <mem-info id="895" free="248832" total="20447232" percent="1">
    <mem type="nursery" free="0" total="14417920" percent="0">
      <mem type="allocate" free="0" total="12845056" percent="0" />
      <mem type="survivor" free="0" total="1572864" percent="0" />
    </mem>
    <mem type="tenure" free="248832" total="6029312" percent="4">
      <mem type="soa" free="0" total="5728256" percent="0" />
      <mem type="loa" free="248832" total="301056" percent="82" />
    </mem>
    <remembered-set count="3734" />
  </mem-info>
</gc-start>
<allocation-stats totalBytes="11717696" >
  <allocated-bytes non-tlh="40" tlh="11717656" />
  <largest-consumer threadName="Thread-9" threadId="00000000016BE100" bytes="3244232" />
</allocation-stats>
<gc-op id="896" type="mark" timems="2.190" contextid="893" timestamp="2019-06-14T19:08:56.133">
  <trace-info objectcount="67845" scancount="59415" scanbytes="2328744" />
  <finalization candidates="124" enqueued="0" />
  <ownableSynchronizers candidates="3" cleared="0" />
  <references type="soft" candidates="148" cleared="0" enqueued="0" dynamicThreshold="10" maxThreshold="32" />
  <references type="weak" candidates="693" cleared="0" enqueued="0" />
  <references type="phantom" candidates="36" cleared="0" enqueued="0" />
  <stringconstants candidates="4597" cleared="0"  />
</gc-op>
<gc-op id="897" type="sweep" timems="0.638" contextid="893" timestamp="2019-06-14T19:08:56.133" />
<mem-info id="898" free="14554656" total="20447232" percent="71">
  <mem type="nursery" free="11872640" total="14417920" percent="82">
    <mem type="allocate" free="11872640" total="12845056" percent="92" />
    <mem type="survivor" free="0" total="1572864" percent="0" />
  </mem>
  <mem type="tenure" free="2682016" total="6029312" percent="44" micro-fragmented="0" macro-fragmented="0">
    <mem type="soa" free="2380960" total="5728256" percent="41" />
    <mem type="loa" free="301056" total="301056" percent="100" />
  </mem>
  <remembered-set count="804" />
</mem-info>
<gc-op id="899" type="compact" timems="8.425" contextid="893" timestamp="2019-06-14T19:08:56.142">
  <compact-info movecount="52479" movebytes="3615968" reason="compact to aid heap contraction" />
</gc-op>
<heap-resize id="900" type="contract" space="tenure" amount="262144" count="1" timems="0.087" reason="heap reconfiguration" timestamp="2019-06-14T19:08:56.142" />
<gc-end id="901" type="global" contextid="893" durationms="12.203" usertimems="24.000" systemtimems="0.000" timestamp="2019-06-14T19:08:56.143" activeThreads="4">
  <mem-info id="902" free="14276256" total="20185088" percent="70">
    <mem type="nursery" free="11894312" total="14417920" percent="82">
      <mem type="allocate" free="11894312" total="12845056" percent="92" />
      <mem type="survivor" free="0" total="1572864" percent="0" />
    </mem>
    <mem type="tenure" free="2381944" total="5767168" percent="41">
      <mem type="soa" free="2133112" total="5479424" percent="38" />
      <mem type="loa" free="248832" total="287744" percent="86" />
    </mem>
    <remembered-set count="804" />
  </mem-info>
</gc-end>
<cycle-end id="903" type="global" contextid="893" timestamp="2019-06-14T19:08:56.143" />
  <attribute name="elasticGC enabled" value="1" />
  <attribute name= "numThreadsSpecified" value="4" />
  <attribute name="heapSize specified" value="20447232" />
  <attribute name="Current GC Util" value="83" />
  <attribute name= "Current Time Running" value="1104" />
  <attribute name ="GC Interval" value="200" />
  <attribute name="ProportionalT" value="31.500000" />
  <attribute name="ProportionalI" value="31.500000" />
  <attribute name="ProportionalH" value="31.500000" />
  <attribute name="Current Error" value="63.000000" />
  <attribute name="IntegralT" value="567.000000" />
  <attribute name="IntegralI" value="567.000000" />
  <attribute name="IntegralH" value="567.000000" />
  <attribute name="DerivativeT" value="-4.722222" />
  <attribute name="DerivativeI" value="-4.722222" />
  <attribute name="DerivativeH" value="-4.722222" />
  <attribute name="Loop Time for DT" value="9.000000" />
  <attribute name="Output H" value="8388608"/>
  <attribute name="Output I" value="600"/>
  <attribute name="Output T" value="4"/>
  <attribute name="Target GC Util Change" value ="20.000000" />
  <attribute name="Current GC Util Change" value="83.000000"/>
  <attribute name="GC Util currently" value="83" />
  <attribute name="CPU Util currently" value="538440587001" />
<allocation-satisfied id="904" threadId="00000000016BA500" bytesRequested="40" />
<af-end id="905" timestamp="2019-06-14T19:08:56.143" threadId="00000000016BAE88" success="true" from="nursery"/>
<exclusive-end id="906" timestamp="2019-06-14T19:08:56.143" durationms="13.010" />

<exclusive-start id="907" timestamp="2019-06-14T19:08:56.150" intervalms="19.779">
  <response-info timems="0.023" idlems="0.023" threads="0" lastid="00000000016BA500" lastname="Thread-7" />
</exclusive-start>
<af-start id="908" threadId="00000000016BAE88" totalBytesRequested="40" timestamp="2019-06-14T19:08:56.150" intervalms="19.765" type="nursery" />
<cycle-start id="909" type="scavenge" contextid="0" timestamp="2019-06-14T19:08:56.150" intervalms="29.666" />
<gc-start id="910" type="scavenge" contextid="909" timestamp="2019-06-14T19:08:56.150">
  <mem-info id="911" free="2381944" total="20185088" percent="11">
    <mem type="nursery" free="0" total="14417920" percent="0">
      <mem type="allocate" free="0" total="12845056" percent="0" />
      <mem type="survivor" free="0" total="1572864" percent="0" />
    </mem>
    <mem type="tenure" free="2381944" total="5767168" percent="41">
      <mem type="soa" free="2133112" total="5479424" percent="38" />
      <mem type="loa" free="248832" total="287744" percent="86" />
    </mem>
    <remembered-set count="1147" />
  </mem-info>
</gc-start>
<allocation-stats totalBytes="11892600" >
  <allocated-bytes non-tlh="40" tlh="11892560" />
  <largest-consumer threadName="Thread-7" threadId="00000000016BA500" bytes="3243600" />
</allocation-stats>
<gc-op id="912" type="scavenge" timems="1.190" contextid="909" timestamp="2019-06-14T19:08:56.151">
  <scavenger-info tenureage="3" tenuremask="fff8" tiltratio="89" />
  <memory-copied type="nursery" objects="20709" bytes="910176" bytesdiscarded="135072" />
  <memory-copied type="tenure" objects="1965" bytes="92208" bytesdiscarded="0" />
  <ownableSynchronizers candidates="6" cleared="6" />
</gc-op>
<gc-end id="913" type="scavenge" contextid="909" durationms="1.386" usertimems="4.000" systemtimems="0.000" timestamp="2019-06-14T19:08:56.151" activeThreads="4">
  <mem-info id="914" free="14063992" total="20185088" percent="69">
    <mem type="nursery" free="11930880" total="14417920" percent="82">
      <mem type="allocate" free="11930880" total="12976128" percent="91" />
      <mem type="survivor" free="0" total="1441792" percent="0" />
    </mem>
    <mem type="tenure" free="2133112" total="5767168" percent="36">
      <mem type="soa" free="1884280" total="5479424" percent="34" />
      <mem type="loa" free="248832" total="287744" percent="86" />
    </mem>
    <remembered-set count="1733" />
  </mem-info>
</gc-end>
<cycle-end id="915" type="scavenge" contextid="909" timestamp="2019-06-14T19:08:56.151" />
  <attribute name="elasticGC enabled" value="1" />
  <attribute name= "numThreadsSpecified" value="4" />
  <attribute name="heapSize specified" value="20447232" />
  <attribute name="Current GC Util" value="186" />
  <attribute name= "Current Time Running" value="1112" />
  <attribute name ="GC Interval" value="1424" />
  <attribute name="ProportionalT" value="83.000000" />
  <attribute name="ProportionalI" value="83.000000" />
  <attribute name="ProportionalH" value="83.000000" />
  <attribute name="Current Error" value="166.000000" />
  <attribute name="IntegralT" value="1328.000000" />
  <attribute name="IntegralI" value="1328.000000" />
  <attribute name="IntegralH" value="1328.000000" />
  <attribute name="DerivativeT" value="6.437500" />
  <attribute name="DerivativeI" value="6.437500" />
  <attribute name="DerivativeH" value="6.437500" />
  <attribute name="Loop Time for DT" value="8.000000" />
  <attribute name="Output H" value="8388608"/>
  <attribute name="Output I" value="1424"/>
  <attribute name="Output T" value="4"/>
  <attribute name="Target GC Util Change" value ="20.000000" />
  <attribute name="Current GC Util Change" value="186.000000"/>
  <attribute name="GC Util currently" value="186" />
  <attribute name="CPU Util currently" value="585890662006" />
<allocation-satisfied id="916" threadId="00000000016BA500" bytesRequested="40" />
<af-end id="917" timestamp="2019-06-14T19:08:56.151" threadId="00000000016BAE88" success="true" from="nursery"/>
<exclusive-end id="918" timestamp="2019-06-14T19:08:56.151" durationms="1.806" />

<exclusive-start id="919" timestamp="2019-06-14T19:08:56.158" intervalms="8.728">
  <response-info timems="0.026" idlems="0.026" threads="0" lastid="00000000016B2D00" lastname="Thread-10" />
</exclusive-start>
<af-start id="920" threadId="00000000016B3688" totalBytesRequested="40" timestamp="2019-06-14T19:08:56.158" intervalms="8.730" type="nursery" />
<cycle-start id="921" type="scavenge" contextid="0" timestamp="2019-06-14T19:08:56.159" intervalms="8.726" />
<gc-start id="922" type="scavenge" contextid="921" timestamp="2019-06-14T19:08:56.159">
  <mem-info id="923" free="2133112" total="20185088" percent="10">
    <mem type="nursery" free="0" total="14417920" percent="0">
      <mem type="allocate" free="0" total="12976128" percent="0" />
      <mem type="survivor" free="0" total="1441792" percent="0" />
    </mem>
    <mem type="tenure" free="2133112" total="5767168" percent="36">
      <mem type="soa" free="1884280" total="5479424" percent="34" />
      <mem type="loa" free="248832" total="287744" percent="86" />
    </mem>
    <remembered-set count="2112" />
  </mem-info>
</gc-start>
<allocation-stats totalBytes="11929216" >
  <allocated-bytes non-tlh="40" tlh="11929176" />
  <largest-consumer threadName="Thread-7" threadId="00000000016BA500" bytes="3374560" />
</allocation-stats>
<gc-op id="924" type="scavenge" timems="1.138" contextid="921" timestamp="2019-06-14T19:08:56.160">
  <scavenger-info tenureage="6" tenuremask="ffc0" tiltratio="90" />
  <memory-copied type="nursery" objects="22911" bytes="963440" bytesdiscarded="143248" />
</gc-op>
<heap-resize id="925" type="expand" space="nursery" amount="917504" count="1" timems="0.014" reason="excessive time being spent scavenging" timestamp="2019-06-14T19:08:56.160" />
<gc-end id="926" type="scavenge" contextid="921" durationms="1.528" usertimems="4.000" systemtimems="0.000" timestamp="2019-06-14T19:08:56.160" activeThreads="4">
  <mem-info id="927" free="14788984" total="21102592" percent="70">
    <mem type="nursery" free="12655872" total="15335424" percent="82">
      <mem type="allocate" free="12655872" total="13762560" percent="91" />
      <mem type="survivor" free="0" total="1572864" percent="0" />
    </mem>
    <mem type="tenure" free="2133112" total="5767168" percent="36">
      <mem type="soa" free="1884280" total="5479424" percent="34" />
      <mem type="loa" free="248832" total="287744" percent="86" />
    </mem>
    <remembered-set count="2112" />
  </mem-info>
</gc-end>
<cycle-end id="928" type="scavenge" contextid="921" timestamp="2019-06-14T19:08:56.160" />
  <attribute name="elasticGC enabled" value="1" />
  <attribute name= "numThreadsSpecified" value="4" />
  <attribute name="heapSize specified" value="20447232" />
  <attribute name="Current GC Util" value="37" />
  <attribute name= "Current Time Running" value="1120" />
  <attribute name ="GC Interval" value="200" />
  <attribute name="ProportionalT" value="8.500000" />
  <attribute name="ProportionalI" value="8.500000" />
  <attribute name="ProportionalH" value="8.500000" />
  <attribute name="Current Error" value="17.000000" />
  <attribute name="IntegralT" value="136.000000" />
  <attribute name="IntegralI" value="136.000000" />
  <attribute name="IntegralH" value="136.000000" />
  <attribute name="DerivativeT" value="-9.312500" />
  <attribute name="DerivativeI" value="-9.312500" />
  <attribute name="DerivativeH" value="-9.312500" />
  <attribute name="Loop Time for DT" value="8.000000" />
  <attribute name="Output H" value="8388608"/>
  <attribute name="Output I" value="200"/>
  <attribute name="Output T" value="4"/>
  <attribute name="Target GC Util Change" value ="20.000000" />
  <attribute name="Current GC Util Change" value="37.000000"/>
  <attribute name="GC Util currently" value="37" />
  <attribute name="CPU Util currently" value="530173978839" />
<allocation-satisfied id="929" threadId="00000000016B2D00" bytesRequested="40" />
<af-end id="930" timestamp="2019-06-14T19:08:56.160" threadId="00000000016B3688" success="true" from="nursery"/>
<exclusive-end id="931" timestamp="2019-06-14T19:08:56.160" durationms="1.887" />

<exclusive-start id="932" timestamp="2019-06-14T19:08:56.167" intervalms="9.046">
  <response-info timems="0.023" idlems="0.023" threads="0" lastid="00000000016BA500" lastname="Thread-7" />
</exclusive-start>
<af-start id="933" threadId="00000000016BAE88" totalBytesRequested="40" timestamp="2019-06-14T19:08:56.167" intervalms="9.039" type="nursery" />
<cycle-start id="934" type="scavenge" contextid="0" timestamp="2019-06-14T19:08:56.168" intervalms="9.039" />
<gc-start id="935" type="scavenge" contextid="934" timestamp="2019-06-14T19:08:56.168">
  <mem-info id="936" free="2133112" total="21102592" percent="10">
    <mem type="nursery" free="0" total="15335424" percent="0">
      <mem type="allocate" free="0" total="13762560" percent="0" />
      <mem type="survivor" free="0" total="1572864" percent="0" />
    </mem>
    <mem type="tenure" free="2133112" total="5767168" percent="36">
      <mem type="soa" free="1884280" total="5479424" percent="34" />
      <mem type="loa" free="248832" total="287744" percent="86" />
    </mem>
    <remembered-set count="2589" />
  </mem-info>
</gc-start>
<allocation-stats totalBytes="12654256" >
  <allocated-bytes non-tlh="40" tlh="12654216" />
  <largest-consumer threadName="Thread-7" threadId="00000000016BA500" bytes="3431952" />
</allocation-stats>
<gc-op id="937" type="scavenge" timems="1.448" contextid="934" timestamp="2019-06-14T19:08:56.169">
  <scavenger-info tenureage="3" tenuremask="fff8" tiltratio="89" />
  <memory-copied type="nursery" objects="8870" bytes="214448" bytesdiscarded="196432" />
  <memory-copied type="tenure" objects="16339" bytes="804264" bytesdiscarded="72" />
</gc-op>
<heap-resize id="938" type="expand" space="nursery" amount="786432" count="1" timems="0.011" reason="excessive time being spent scavenging" timestamp="2019-06-14T19:08:56.169" />
<gc-end id="939" type="scavenge" contextid="934" durationms="1.708" usertimems="4.000" systemtimems="0.000" timestamp="2019-06-14T19:08:56.169" activeThreads="4">
  <mem-info id="940" free="15352184" total="21889024" percent="70">
    <mem type="nursery" free="14007040" total="16121856" percent="86">
      <mem type="allocate" free="14007040" total="14417920" percent="97" />
      <mem type="survivor" free="0" total="1703936" percent="0" />
    </mem>
    <mem type="tenure" free="1345144" total="5767168" percent="23">
      <mem type="soa" free="1096312" total="5479424" percent="20" />
      <mem type="loa" free="248832" total="287744" percent="86" />
    </mem>
    <remembered-set count="8645" />
  </mem-info>
</gc-end>
<cycle-end id="941" type="scavenge" contextid="934" timestamp="2019-06-14T19:08:56.169" />
  <attribute name="elasticGC enabled" value="1" />
  <attribute name= "numThreadsSpecified" value="4" />
  <attribute name="heapSize specified" value="20447232" />
  <attribute name="Current GC Util" value="33" />
  <attribute name= "Current Time Running" value="1130" />
  <attribute name ="GC Interval" value="200" />
  <attribute name="ProportionalT" value="6.500000" />
  <attribute name="ProportionalI" value="6.500000" />
  <attribute name="ProportionalH" value="6.500000" />
  <attribute name="Current Error" value="13.000000" />
  <attribute name="IntegralT" value="130.000000" />
  <attribute name="IntegralI" value="130.000000" />
  <attribute name="IntegralH" value="130.000000" />
  <attribute name="DerivativeT" value="-0.200000" />
  <attribute name="DerivativeI" value="-0.200000" />
  <attribute name="DerivativeH" value="-0.200000" />
  <attribute name="Loop Time for DT" value="10.000000" />
  <attribute name="Output H" value="8388608"/>
  <attribute name="Output I" value="200"/>
  <attribute name="Output T" value="4"/>
  <attribute name="Target GC Util Change" value ="20.000000" />
  <attribute name="Current GC Util Change" value="33.000000"/>
  <attribute name="GC Util currently" value="33" />
  <attribute name="CPU Util currently" value="509663377574" />
<allocation-satisfied id="942" threadId="00000000016BA500" bytesRequested="40" />
<af-end id="943" timestamp="2019-06-14T19:08:56.169" threadId="00000000016BAE88" success="true" from="nursery"/>
<exclusive-end id="944" timestamp="2019-06-14T19:08:56.170" durationms="2.099" />

<exclusive-start id="945" timestamp="2019-06-14T19:08:56.178" intervalms="10.105">
  <response-info timems="0.023" idlems="0.023" threads="0" lastid="00000000016BA500" lastname="Thread-7" />
</exclusive-start>
<af-start id="946" threadId="00000000016BAE88" totalBytesRequested="40" timestamp="2019-06-14T19:08:56.178" intervalms="10.110" type="nursery" />
<cycle-start id="947" type="scavenge" contextid="0" timestamp="2019-06-14T19:08:56.178" intervalms="10.113" />
<gc-start id="948" type="scavenge" contextid="947" timestamp="2019-06-14T19:08:56.178">
  <mem-info id="949" free="1345144" total="21889024" percent="6">
    <mem type="nursery" free="0" total="16121856" percent="0">
      <mem type="allocate" free="0" total="14417920" percent="0" />
      <mem type="survivor" free="0" total="1703936" percent="0" />
    </mem>
    <mem type="tenure" free="1345144" total="5767168" percent="23">
      <mem type="soa" free="1096312" total="5479424" percent="20" />
      <mem type="loa" free="248832" total="287744" percent="86" />
    </mem>
    <remembered-set count="11406" />
  </mem-info>
</gc-start>
<allocation-stats totalBytes="14005296" >
  <allocated-bytes non-tlh="40" tlh="14005256" />
  <largest-consumer threadName="Thread-7" threadId="00000000016BA500" bytes="3898920" />
</allocation-stats>
<gc-op id="950" type="scavenge" timems="1.609" contextid="947" timestamp="2019-06-14T19:08:56.179">
  <scavenger-info tenureage="3" tenuremask="ffc8" tiltratio="89" />
  <memory-copied type="nursery" objects="7372" bytes="178184" bytesdiscarded="109816" />
  <memory-copied type="tenure" objects="4192" bytes="100608" bytesdiscarded="0" />
</gc-op>
<heap-resize id="951" type="expand" space="nursery" amount="786432" count="1" timems="0.011" reason="excessive time being spent scavenging" timestamp="2019-06-14T19:08:56.180" />
<gc-end id="952" type="scavenge" contextid="947" durationms="1.949" usertimems="4.000" systemtimems="0.000" timestamp="2019-06-14T19:08:56.180" activeThreads="4">
  <mem-info id="953" free="16056184" total="22675456" percent="70">
    <mem type="nursery" free="14850816" total="16908288" percent="87">
      <mem type="allocate" free="14850816" total="15138816" percent="98" />
      <mem type="survivor" free="0" total="1769472" percent="0" />
    </mem>
    <mem type="tenure" free="1205368" total="5767168" percent="20">
      <mem type="soa" free="956536" total="5479424" percent="17" />
      <mem type="loa" free="248832" total="287744" percent="86" />
    </mem>
    <remembered-set count="7214" />
  </mem-info>
</gc-end>
<cycle-end id="954" type="scavenge" contextid="947" timestamp="2019-06-14T19:08:56.180" />
  <attribute name="elasticGC enabled" value="1" />
  <attribute name= "numThreadsSpecified" value="4" />
  <attribute name="heapSize specified" value="20447232" />
  <attribute name="Current GC Util" value="40" />
  <attribute name= "Current Time Running" value="1140" />
  <attribute name ="GC Interval" value="216" />
  <attribute name="ProportionalT" value="10.000000" />
  <attribute name="ProportionalI" value="10.000000" />
  <attribute name="ProportionalH" value="10.000000" />
  <attribute name="Current Error" value="20.000000" />
  <attribute name="IntegralT" value="200.000000" />
  <attribute name="IntegralI" value="200.000000" />
  <attribute name="IntegralH" value="200.000000" />
  <attribute name="DerivativeT" value="0.350000" />
  <attribute name="DerivativeI" value="0.350000" />
  <attribute name="DerivativeH" value="0.350000" />
  <attribute name="Loop Time for DT" value="10.000000" />
  <attribute name="Output H" value="8388608"/>
  <attribute name="Output I" value="216"/>
  <attribute name="Output T" value="4"/>
  <attribute name="Target GC Util Change" value ="20.000000" />
  <attribute name="Current GC Util Change" value="40.000000"/>
  <attribute name="GC Util currently" value="40" />
  <attribute name="CPU Util currently" value="455331434556" />
<allocation-satisfied id="955" threadId="00000000016BA500" bytesRequested="40" />
<af-end id="956" timestamp="2019-06-14T19:08:56.180" threadId="00000000016BAE88" success="true" from="nursery"/>
<exclusive-end id="957" timestamp="2019-06-14T19:08:56.180" durationms="2.374" />

<exclusive-start id="958" timestamp="2019-06-14T19:08:56.189" intervalms="11.065">
  <response-info timems="0.023" idlems="0.023" threads="0" lastid="00000000016BA500" lastname="Thread-7" />
</exclusive-start>
<af-start id="959" threadId="00000000016BAE88" totalBytesRequested="40" timestamp="2019-06-14T19:08:56.189" intervalms="11.065" type="nursery" />
<cycle-start id="960" type="scavenge" contextid="0" timestamp="2019-06-14T19:08:56.189" intervalms="11.074" />
<gc-start id="961" type="scavenge" contextid="960" timestamp="2019-06-14T19:08:56.189">
  <mem-info id="962" free="1205368" total="22675456" percent="5">
    <mem type="nursery" free="0" total="16908288" percent="0">
      <mem type="allocate" free="0" total="15138816" percent="0" />
      <mem type="survivor" free="0" total="1769472" percent="0" />
    </mem>
    <mem type="tenure" free="1205368" total="5767168" percent="20">
      <mem type="soa" free="956536" total="5479424" percent="17" />
      <mem type="loa" free="248832" total="287744" percent="86" />
    </mem>
    <remembered-set count="9898" />
  </mem-info>
</gc-start>
<allocation-stats totalBytes="14848968" >
  <allocated-bytes non-tlh="40" tlh="14848928" />
  <largest-consumer threadName="Thread-7" threadId="00000000016BA500" bytes="4161072" />
</allocation-stats>
<gc-op id="963" type="scavenge" timems="0.832" contextid="960" timestamp="2019-06-14T19:08:56.190">
  <scavenger-info tenureage="3" tenuremask="ffe8" tiltratio="89" />
  <memory-copied type="nursery" objects="8372" bytes="202096" bytesdiscarded="348560" />
  <memory-copied type="tenure" objects="2086" bytes="50064" bytesdiscarded="0" />
</gc-op>
<heap-resize id="964" type="expand" space="nursery" amount="786432" count="1" timems="0.011" reason="excessive time being spent scavenging" timestamp="2019-06-14T19:08:56.190" />
<gc-end id="965" type="scavenge" contextid="960" durationms="1.099" usertimems="0.000" systemtimems="0.000" timestamp="2019-06-14T19:08:56.190" activeThreads="4">
  <mem-info id="966" free="16514424" total="23461888" percent="70">
    <mem type="nursery" free="15309056" total="17694720" percent="86">
      <mem type="allocate" free="15309056" total="15859712" percent="96" />
      <mem type="survivor" free="0" total="1835008" percent="0" />
    </mem>
    <mem type="tenure" free="1205368" total="5767168" percent="20">
      <mem type="soa" free="956536" total="5479424" percent="17" />
      <mem type="loa" free="248832" total="287744" percent="86" />
    </mem>
    <remembered-set count="7812" />
  </mem-info>
</gc-end>
<cycle-end id="967" type="scavenge" contextid="960" timestamp="2019-06-14T19:08:56.190" />
  <attribute name="elasticGC enabled" value="1" />
  <attribute name= "numThreadsSpecified" value="4" />
  <attribute name="heapSize specified" value="20447232" />
  <attribute name="Current GC Util" value="32" />
  <attribute name= "Current Time Running" value="1151" />
  <attribute name ="GC Interval" value="200" />
  <attribute name="ProportionalT" value="6.000000" />
  <attribute name="ProportionalI" value="6.000000" />
  <attribute name="ProportionalH" value="6.000000" />
  <attribute name="Current Error" value="12.000000" />
  <attribute name="IntegralT" value="132.000000" />
  <attribute name="IntegralI" value="132.000000" />
  <attribute name="IntegralH" value="132.000000" />
  <attribute name="DerivativeT" value="-0.363636" />
  <attribute name="DerivativeI" value="-0.363636" />
  <attribute name="DerivativeH" value="-0.363636" />
  <attribute name="Loop Time for DT" value="11.000000" />
  <attribute name="Output H" value="8388608"/>
  <attribute name="Output I" value="200"/>
  <attribute name="Output T" value="4"/>
  <attribute name="Target GC Util Change" value ="20.000000" />
  <attribute name="Current GC Util Change" value="32.000000"/>
  <attribute name="GC Util currently" value="32" />
  <attribute name="CPU Util currently" value="416788164114" />
<allocation-satisfied id="968" threadId="00000000016BA500" bytesRequested="40" />
<af-end id="969" timestamp="2019-06-14T19:08:56.190" threadId="00000000016BAE88" success="true" from="nursery"/>
<exclusive-end id="970" timestamp="2019-06-14T19:08:56.190" durationms="1.547" />

<exclusive-start id="971" timestamp="2019-06-14T19:08:56.199" intervalms="10.331">
  <response-info timems="0.033" idlems="0.033" threads="0" lastid="00000000016BA500" lastname="Thread-7" />
</exclusive-start>
<af-start id="972" threadId="00000000016BAE88" totalBytesRequested="40" timestamp="2019-06-14T19:08:56.199" intervalms="10.333" type="nursery" />
<cycle-start id="973" type="scavenge" contextid="0" timestamp="2019-06-14T19:08:56.199" intervalms="10.326" />
<gc-start id="974" type="scavenge" contextid="973" timestamp="2019-06-14T19:08:56.199">
  <mem-info id="975" free="1205368" total="23461888" percent="5">
    <mem type="nursery" free="0" total="17694720" percent="0">
      <mem type="allocate" free="0" total="15859712" percent="0" />
      <mem type="survivor" free="0" total="1835008" percent="0" />
    </mem>
    <mem type="tenure" free="1205368" total="5767168" percent="20">
      <mem type="soa" free="956536" total="5479424" percent="17" />
      <mem type="loa" free="248832" total="287744" percent="86" />
    </mem>
    <remembered-set count="9273" />
  </mem-info>
</gc-start>
<allocation-stats totalBytes="15307112" >
  <allocated-bytes non-tlh="40" tlh="15307072" />
  <largest-consumer threadName="Thread-7" threadId="00000000016BA500" bytes="4265536" />
</allocation-stats>
<gc-op id="976" type="scavenge" timems="1.233" contextid="973" timestamp="2019-06-14T19:08:56.200">
  <scavenger-info tenureage="3" tenuremask="ffe8" tiltratio="89" />
  <memory-copied type="nursery" objects="19355" bytes="740696" bytesdiscarded="203944" />
  <memory-copied type="tenure" objects="2281" bytes="54744" bytesdiscarded="0" />
</gc-op>
<heap-resize id="977" type="expand" space="nursery" amount="786432" count="1" timems="0.010" reason="excessive time being spent scavenging" timestamp="2019-06-14T19:08:56.201" />
<gc-end id="978" type="scavenge" contextid="973" durationms="1.482" usertimems="4.000" systemtimems="0.000" timestamp="2019-06-14T19:08:56.201" activeThreads="4">
  <mem-info id="979" free="16710008" total="24248320" percent="68">
    <mem type="nursery" free="15635968" total="18481152" percent="84">
      <mem type="allocate" free="15635968" total="16580608" percent="94" />
      <mem type="survivor" free="0" total="1900544" percent="0" />
    </mem>
    <mem type="tenure" free="1074040" total="5767168" percent="18">
      <mem type="soa" free="825208" total="5479424" percent="15" />
      <mem type="loa" free="248832" total="287744" percent="86" />
    </mem>
    <remembered-set count="6992" />
  </mem-info>
</gc-end>
<cycle-end id="980" type="scavenge" contextid="973" timestamp="2019-06-14T19:08:56.201" />
  <attribute name="elasticGC enabled" value="1" />
  <attribute name= "numThreadsSpecified" value="4" />
  <attribute name="heapSize specified" value="20447232" />
  <attribute name="Current GC Util" value="21" />
  <attribute name= "Current Time Running" value="1161" />
  <attribute name ="GC Interval" value="200" />
  <attribute name="ProportionalT" value="0.500000" />
  <attribute name="ProportionalI" value="0.500000" />
  <attribute name="ProportionalH" value="0.500000" />
  <attribute name="Current Error" value="1.000000" />
  <attribute name="IntegralT" value="10.000000" />
  <attribute name="IntegralI" value="10.000000" />
  <attribute name="IntegralH" value="10.000000" />
  <attribute name="DerivativeT" value="-0.550000" />
  <attribute name="DerivativeI" value="-0.550000" />
  <attribute name="DerivativeH" value="-0.550000" />
  <attribute name="Loop Time for DT" value="10.000000" />
  <attribute name="Output H" value="8388608"/>
  <attribute name="Output I" value="200"/>
  <attribute name="Output T" value="4"/>
  <attribute name="Target GC Util Change" value ="20.000000" />
  <attribute name="Current GC Util Change" value="21.000000"/>
  <attribute name="GC Util currently" value="21" />
  <attribute name="CPU Util currently" value="446574631773" />
<allocation-satisfied id="981" threadId="00000000016BA500" bytesRequested="40" />
<af-end id="982" timestamp="2019-06-14T19:08:56.201" threadId="00000000016BAE88" success="true" from="nursery"/>
<exclusive-end id="983" timestamp="2019-06-14T19:08:56.201" durationms="1.898" />

<exclusive-start id="984" timestamp="2019-06-14T19:08:56.210" intervalms="11.132">
  <response-info timems="0.024" idlems="0.024" threads="0" lastid="00000000016BE100" lastname="Thread-9" />
</exclusive-start>
<af-start id="985" threadId="00000000016BEA88" totalBytesRequested="40" timestamp="2019-06-14T19:08:56.210" intervalms="11.154" type="nursery" />
<cycle-start id="986" type="scavenge" contextid="0" timestamp="2019-06-14T19:08:56.210" intervalms="11.159" />
<gc-start id="987" type="scavenge" contextid="986" timestamp="2019-06-14T19:08:56.210">
  <mem-info id="988" free="1074040" total="24248320" percent="4">
    <mem type="nursery" free="0" total="18481152" percent="0">
      <mem type="allocate" free="0" total="16580608" percent="0" />
      <mem type="survivor" free="0" total="1900544" percent="0" />
    </mem>
    <mem type="tenure" free="1074040" total="5767168" percent="18">
      <mem type="soa" free="825208" total="5479424" percent="15" />
      <mem type="loa" free="248832" total="287744" percent="86" />
    </mem>
    <remembered-set count="8171" />
  </mem-info>
</gc-start>
<allocation-stats totalBytes="15633856" >
  <allocated-bytes non-tlh="40" tlh="15633816" />
  <largest-consumer threadName="Thread-7" threadId="00000000016BA500" bytes="4292000" />
</allocation-stats>
<gc-op id="989" type="scavenge" timems="1.414" contextid="986" timestamp="2019-06-14T19:08:56.212">
  <scavenger-info tenureage="3" tenuremask="ffe8" tiltratio="89" />
  <memory-copied type="nursery" objects="24762" bytes="1007704" bytesdiscarded="57488" />
  <memory-copied type="tenure" objects="2761" bytes="66264" bytesdiscarded="0" />
</gc-op>
<heap-resize id="990" type="expand" space="nursery" amount="786432" count="1" timems="0.022" reason="excessive time being spent scavenging" timestamp="2019-06-14T19:08:56.212" />
<gc-end id="991" type="scavenge" contextid="986" durationms="1.693" usertimems="4.000" systemtimems="0.000" timestamp="2019-06-14T19:08:56.212" activeThreads="4">
  <mem-info id="992" free="17205648" total="25034752" percent="68">
    <mem type="nursery" free="16170776" total="19267584" percent="83">
      <mem type="allocate" free="16170776" total="17235968" percent="93" />
      <mem type="survivor" free="0" total="2031616" percent="0" />
    </mem>
    <mem type="tenure" free="1034872" total="5767168" percent="17">
      <mem type="soa" free="786040" total="5479424" percent="14" />
      <mem type="loa" free="248832" total="287744" percent="86" />
    </mem>
    <remembered-set count="5408" />
  </mem-info>
</gc-end>
<cycle-end id="993" type="scavenge" contextid="986" timestamp="2019-06-14T19:08:56.212" />
  <attribute name="elasticGC enabled" value="1" />
  <attribute name= "numThreadsSpecified" value="4" />
  <attribute name="heapSize specified" value="20447232" />
  <attribute name="Current GC Util" value="30" />
  <attribute name= "Current Time Running" value="1172" />
  <attribute name ="GC Interval" value="200" />
  <attribute name="ProportionalT" value="5.000000" />
  <attribute name="ProportionalI" value="5.000000" />
  <attribute name="ProportionalH" value="5.000000" />
  <attribute name="Current Error" value="10.000000" />
  <attribute name="IntegralT" value="110.000000" />
  <attribute name="IntegralI" value="110.000000" />
  <attribute name="IntegralH" value="110.000000" />
  <attribute name="DerivativeT" value="0.409091" />
  <attribute name="DerivativeI" value="0.409091" />
  <attribute name="DerivativeH" value="0.409091" />
  <attribute name="Loop Time for DT" value="11.000000" />
  <attribute name="Output H" value="8388608"/>
  <attribute name="Output I" value="200"/>
  <attribute name="Output T" value="4"/>
  <attribute name="Target GC Util Change" value ="20.000000" />
  <attribute name="Current GC Util Change" value="30.000000"/>
  <attribute name="GC Util currently" value="30" />
  <attribute name="CPU Util currently" value="412522872933" />
<allocation-satisfied id="994" threadId="00000000016BE100" bytesRequested="40" />
<af-end id="995" timestamp="2019-06-14T19:08:56.212" threadId="00000000016BEA88" success="true" from="nursery"/>
<exclusive-end id="996" timestamp="2019-06-14T19:08:56.212" durationms="2.165" />

<exclusive-start id="997" timestamp="2019-06-14T19:08:56.222" intervalms="12.127">
  <response-info timems="0.022" idlems="0.022" threads="0" lastid="00000000016B6900" lastname="Thread-8" />
</exclusive-start>
<af-start id="998" threadId="00000000016B7288" totalBytesRequested="40" timestamp="2019-06-14T19:08:56.222" intervalms="12.117" type="nursery" />
<cycle-start id="999" type="scavenge" contextid="0" timestamp="2019-06-14T19:08:56.222" intervalms="12.157" />
<gc-start id="1000" type="scavenge" contextid="999" timestamp="2019-06-14T19:08:56.222">
  <mem-info id="1001" free="1034872" total="25034752" percent="4">
    <mem type="nursery" free="0" total="19267584" percent="0">
      <mem type="allocate" free="0" total="17235968" percent="0" />
      <mem type="survivor" free="0" total="2031616" percent="0" />
    </mem>
    <mem type="tenure" free="1034872" total="5767168" percent="17">
      <mem type="soa" free="786040" total="5479424" percent="14" />
      <mem type="loa" free="248832" total="287744" percent="86" />
    </mem>
    <remembered-set count="5664" />
  </mem-info>
</gc-start>
<allocation-stats totalBytes="16168752" >
  <allocated-bytes non-tlh="40" tlh="16168712" />
  <largest-consumer threadName="Thread-7" threadId="00000000016BA500" bytes="4554344" />
</allocation-stats>
<gc-op id="1002" type="scavenge" timems="0.820" contextid="999" timestamp="2019-06-14T19:08:56.223">
  <scavenger-info tenureage="3" tenuremask="4008" tiltratio="89" />
  <memory-copied type="nursery" objects="30797" bytes="1289880" bytesdiscarded="268776" />
  <memory-copied type="tenure" objects="3096" bytes="74304" bytesdiscarded="0" />
</gc-op>
<heap-resize id="1003" type="expand" space="nursery" amount="786432" count="1" timems="0.011" reason="excessive time being spent scavenging" timestamp="2019-06-14T19:08:56.223" />
<gc-end id="1004" type="scavenge" contextid="999" durationms="1.098" usertimems="0.000" systemtimems="0.000" timestamp="2019-06-14T19:08:56.224" activeThreads="4">
  <mem-info id="1005" free="17223416" total="25821184" percent="66">
    <mem type="nursery" free="16398208" total="20054016" percent="81">
      <mem type="allocate" free="16398208" total="17956864" percent="91" />
      <mem type="survivor" free="0" total="2097152" percent="0" />
    </mem>
    <mem type="tenure" free="825208" total="5767168" percent="14">
      <mem type="soa" free="576376" total="5479424" percent="10" />
      <mem type="loa" free="248832" total="287744" percent="86" />
    </mem>
    <remembered-set count="2978" />
  </mem-info>
</gc-end>
<cycle-end id="1006" type="scavenge" contextid="999" timestamp="2019-06-14T19:08:56.224" />
  <attribute name="elasticGC enabled" value="1" />
  <attribute name= "numThreadsSpecified" value="4" />
  <attribute name="heapSize specified" value="20447232" />
  <attribute name="Current GC Util" value="29" />
  <attribute name= "Current Time Running" value="1184" />
  <attribute name ="GC Interval" value="200" />
  <attribute name="ProportionalT" value="4.500000" />
  <attribute name="ProportionalI" value="4.500000" />
  <attribute name="ProportionalH" value="4.500000" />
  <attribute name="Current Error" value="9.000000" />
  <attribute name="IntegralT" value="108.000000" />
  <attribute name="IntegralI" value="108.000000" />
  <attribute name="IntegralH" value="108.000000" />
  <attribute name="DerivativeT" value="-0.041667" />
  <attribute name="DerivativeI" value="-0.041667" />
  <attribute name="DerivativeH" value="-0.041667" />
  <attribute name="Loop Time for DT" value="12.000000" />
  <attribute name="Output H" value="8388608"/>
  <attribute name="Output I" value="200"/>
  <attribute name="Output T" value="4"/>
  <attribute name="Target GC Util Change" value ="20.000000" />
  <attribute name="Current GC Util Change" value="29.000000"/>
  <attribute name="GC Util currently" value="29" />
  <attribute name="CPU Util currently" value="379182204342" />
<allocation-satisfied id="1007" threadId="00000000016B6900" bytesRequested="40" />
<af-end id="1008" timestamp="2019-06-14T19:08:56.224" threadId="00000000016B7288" success="true" from="nursery"/>
<exclusive-end id="1009" timestamp="2019-06-14T19:08:56.224" durationms="1.605" />

<exclusive-start id="1010" timestamp="2019-06-14T19:08:56.233" intervalms="11.270">
  <response-info timems="0.021" idlems="0.021" threads="0" lastid="00000000016B6900" lastname="Thread-8" />
</exclusive-start>
<af-start id="1011" threadId="00000000016B7288" totalBytesRequested="40" timestamp="2019-06-14T19:08:56.234" intervalms="11.256" type="nursery" />
<cycle-start id="1012" type="scavenge" contextid="0" timestamp="2019-06-14T19:08:56.234" intervalms="11.208" />
<gc-start id="1013" type="scavenge" contextid="1012" timestamp="2019-06-14T19:08:56.234">
  <mem-info id="1014" free="825208" total="25821184" percent="3">
    <mem type="nursery" free="0" total="20054016" percent="0">
      <mem type="allocate" free="0" total="17956864" percent="0" />
      <mem type="survivor" free="0" total="2097152" percent="0" />
    </mem>
    <mem type="tenure" free="825208" total="5767168" percent="14">
      <mem type="soa" free="576376" total="5479424" percent="10" />
      <mem type="loa" free="248832" total="287744" percent="86" />
    </mem>
    <remembered-set count="2978" />
  </mem-info>
</gc-start>
<allocation-stats totalBytes="16396192" >
  <allocated-bytes non-tlh="40" tlh="16396152" />
  <largest-consumer threadName="Thread-7" threadId="00000000016BA500" bytes="4685200" />
</allocation-stats>
<gc-op id="1015" type="scavenge" timems="0.785" contextid="1012" timestamp="2019-06-14T19:08:56.235">
  <scavenger-info tenureage="3" tenuremask="4008" tiltratio="89" />
  <memory-copied type="nursery" objects="20526" bytes="768840" bytesdiscarded="287016" />
  <memory-copied type="tenure" objects="13225" bytes="592152" bytesdiscarded="24" />
</gc-op>
<gc-end id="1016" type="scavenge" contextid="1012" durationms="0.972" usertimems="0.000" systemtimems="4.000" timestamp="2019-06-14T19:08:56.235" activeThreads="4">
  <mem-info id="1017" free="17358600" total="25821184" percent="67">
    <mem type="nursery" free="16966544" total="20054016" percent="84">
      <mem type="allocate" free="16966544" total="18022400" percent="94" />
      <mem type="survivor" free="0" total="2031616" percent="0" />
    </mem>
    <mem type="tenure" free="392056" total="5767168" percent="6">
      <mem type="soa" free="143224" total="5479424" percent="2" />
      <mem type="loa" free="248832" total="287744" percent="86" />
    </mem>
    <remembered-set count="4722" />
  </mem-info>
</gc-end>
<cycle-end id="1018" type="scavenge" contextid="1012" timestamp="2019-06-14T19:08:56.235" />
  <attribute name="elasticGC enabled" value="1" />
  <attribute name= "numThreadsSpecified" value="4" />
  <attribute name="heapSize specified" value="20447232" />
  <attribute name="Current GC Util" value="27" />
  <attribute name= "Current Time Running" value="1196" />
  <attribute name ="GC Interval" value="200" />
  <attribute name="ProportionalT" value="3.500000" />
  <attribute name="ProportionalI" value="3.500000" />
  <attribute name="ProportionalH" value="3.500000" />
  <attribute name="Current Error" value="7.000000" />
  <attribute name="IntegralT" value="84.000000" />
  <attribute name="IntegralI" value="84.000000" />
  <attribute name="IntegralH" value="84.000000" />
  <attribute name="DerivativeT" value="-0.083333" />
  <attribute name="DerivativeI" value="-0.083333" />
  <attribute name="DerivativeH" value="-0.083333" />
  <attribute name="Loop Time for DT" value="12.000000" />
  <attribute name="Output H" value="8388608"/>
  <attribute name="Output I" value="200"/>
  <attribute name="Output T" value="4"/>
  <attribute name="Target GC Util Change" value ="20.000000" />
  <attribute name="Current GC Util Change" value="27.000000"/>
  <attribute name="GC Util currently" value="27" />
  <attribute name="CPU Util currently" value="412474538472" />
<allocation-satisfied id="1019" threadId="00000000016B6900" bytesRequested="40" />
<af-end id="1020" timestamp="2019-06-14T19:08:56.235" threadId="00000000016B7288" success="true" from="nursery"/>
<exclusive-end id="1021" timestamp="2019-06-14T19:08:56.235" durationms="1.396" />

<concurrent-kickoff id="1022" timestamp="2019-06-14T19:08:56.244">
  <kickoff reason="threshold reached" targetBytes="1693397" thresholdFreeBytes="235501"  remainingFree="123792" tenureFreeBytes="392056" nurseryFreeBytes="123792" />
</concurrent-kickoff>
<exclusive-start id="1023" timestamp="2019-06-14T19:08:56.244" intervalms="10.917">
  <response-info timems="0.054" idlems="0.054" threads="0" lastid="00000000016BA500" lastname="Thread-7" />
</exclusive-start>
<cycle-start id="1024" type="global" contextid="0" timestamp="2019-06-14T19:08:56.244" intervalms="114.143" />
<exclusive-end id="1025" timestamp="2019-06-14T19:08:56.244" durationms="0.121" />

<exclusive-start id="1026" timestamp="2019-06-14T19:08:56.245" intervalms="0.209">
  <response-info timems="0.025" idlems="0.025" threads="0" lastid="00000000016B6900" lastname="Thread-8" />
</exclusive-start>
<af-start id="1027" threadId="00000000016B7288" totalBytesRequested="40" timestamp="2019-06-14T19:08:56.245" intervalms="11.116" type="nursery" />
<cycle-start id="1028" type="scavenge" contextid="0" timestamp="2019-06-14T19:08:56.245" intervalms="11.115" />
<gc-start id="1029" type="scavenge" contextid="1028" timestamp="2019-06-14T19:08:56.245">
  <mem-info id="1030" free="392056" total="25821184" percent="1">
    <mem type="nursery" free="0" total="20054016" percent="0">
      <mem type="allocate" free="0" total="18022400" percent="0" />
      <mem type="survivor" free="0" total="2031616" percent="0" />
    </mem>
    <mem type="tenure" free="392056" total="5767168" percent="6">
      <mem type="soa" free="143224" total="5479424" percent="2" />
      <mem type="loa" free="248832" total="287744" percent="86" />
    </mem>
    <remembered-set count="5540" />
  </mem-info>
</gc-start>
<allocation-stats totalBytes="16964168" >
  <allocated-bytes non-tlh="40" tlh="16964128" />
  <largest-consumer threadName="Thread-7" threadId="00000000016BA500" bytes="5202112" />
</allocation-stats>
<gc-op id="1031" type="scavenge" timems="0.572" contextid="1028" timestamp="2019-06-14T19:08:56.245">
  <scavenger-info tenureage="3" tenuremask="4008" tiltratio="89" />
  <memory-copied type="nursery" objects="16953" bytes="597776" bytesdiscarded="184816" />
  <memory-copied type="tenure" objects="5578" bytes="219264" bytesdiscarded="0" />
  <copy-failed type="tenure" objects="2620" bytes="114864" />
</gc-op>
<gc-end id="1032" type="scavenge" contextid="1028" durationms="0.762" usertimems="4.000" systemtimems="0.000" timestamp="2019-06-14T19:08:56.246" activeThreads="4">
  <mem-info id="1033" free="17488640" total="25821184" percent="67">
    <mem type="nursery" free="17239808" total="20054016" percent="85">
      <mem type="allocate" free="17239808" total="18022400" percent="95" />
      <mem type="survivor" free="0" total="2031616" percent="0" />
    </mem>
    <mem type="tenure" free="248832" total="5767168" percent="4">
      <mem type="soa" free="0" total="5479424" percent="0" />
      <mem type="loa" free="248832" total="287744" percent="86" />
    </mem>
    <remembered-set count="4574" />
  </mem-info>
</gc-end>
<cycle-end id="1034" type="scavenge" contextid="1028" timestamp="2019-06-14T19:08:56.246" />
  <attribute name="elasticGC enabled" value="1" />
  <attribute name= "numThreadsSpecified" value="4" />
  <attribute name="heapSize specified" value="20447232" />
  <attribute name="Current GC Util" value="27" />
  <attribute name= "Current Time Running" value="1207" />
  <attribute name ="GC Interval" value="200" />
  <attribute name="ProportionalT" value="3.500000" />
  <attribute name="ProportionalI" value="3.500000" />
  <attribute name="ProportionalH" value="3.500000" />
  <attribute name="Current Error" value="7.000000" />
  <attribute name="IntegralT" value="77.000000" />
  <attribute name="IntegralI" value="77.000000" />
  <attribute name="IntegralH" value="77.000000" />
  <attribute name="DerivativeT" value="0.000000" />
  <attribute name="DerivativeI" value="0.000000" />
  <attribute name="DerivativeH" value="0.000000" />
  <attribute name="Loop Time for DT" value="11.000000" />
  <attribute name="Output H" value="8388608"/>
  <attribute name="Output I" value="200"/>
  <attribute name="Output T" value="4"/>
  <attribute name="Target GC Util Change" value ="20.000000" />
  <attribute name="Current GC Util Change" value="27.000000"/>
  <attribute name="GC Util currently" value="27" />
  <attribute name="CPU Util currently" value="414857405472" />
<allocation-satisfied id="1035" threadId="00000000016B6900" bytesRequested="40" />
<af-end id="1036" timestamp="2019-06-14T19:08:56.246" threadId="00000000016B7288" success="true" from="nursery"/>
<exclusive-end id="1037" timestamp="2019-06-14T19:08:56.246" durationms="1.178" />

<exclusive-start id="1038" timestamp="2019-06-14T19:08:56.258" intervalms="13.007">
  <response-info timems="0.034" idlems="0.032" threads="1" lastid="00000000016BA500" lastname="Thread-7" />
</exclusive-start>
<af-start id="1039" threadId="00000000016BEA88" totalBytesRequested="40" timestamp="2019-06-14T19:08:56.258" intervalms="13.036" type="nursery" />
<percolate-collect id="1040" from="nursery" to="global" reason="failed tenure threshold reached" timestamp="2019-06-14T19:08:56.258"/>
<gc-start id="1041" type="global" contextid="1024" timestamp="2019-06-14T19:08:56.258">
  <mem-info id="1042" free="248832" total="25821184" percent="0">
    <mem type="nursery" free="0" total="20054016" percent="0">
      <mem type="allocate" free="0" total="18022400" percent="0" />
      <mem type="survivor" free="0" total="2031616" percent="0" />
    </mem>
    <mem type="tenure" free="248832" total="5767168" percent="4">
      <mem type="soa" free="0" total="5479424" percent="0" />
      <mem type="loa" free="248832" total="287744" percent="86" />
    </mem>
    <remembered-set count="5509" />
  </mem-info>
</gc-start>
<allocation-stats totalBytes="17237600" >
  <allocated-bytes non-tlh="40" tlh="17237560" />
  <largest-consumer threadName="Thread-7" threadId="00000000016BA500" bytes="5733816" />
</allocation-stats>
<concurrent-halted id="1043" timestamp="2019-06-14T19:08:56.258">
  <halted state="Class scanning incomplete" status="clean trace" />
  <traced bytesTarget="1693397" bytesTotal="1389908" bytesByMutator="1031580" bytesByHelper="358328" percent="82" />
  <cards cleaned="0" thresholdBytes="92773" />
</concurrent-halted>
<gc-op id="1044" type="tracing" timems="0.298" contextid="1024" timestamp="2019-06-14T19:08:56.258">
  <trace bytesTraced="58908" workStackOverflowCount="0" />
</gc-op>
<gc-op id="1045" type="rs-scan" timems="0.561" contextid="1024" timestamp="2019-06-14T19:08:56.259">
  <scan objectsFound="3427" bytesTraced="297736" workStackOverflowCount="0" />
</gc-op>
<gc-op id="1046" type="card-cleaning" timems="0.354" contextid="1024" timestamp="2019-06-14T19:08:56.259">
  <card-cleaning cardsCleaned="248" bytesTraced="332200" workStackOverflowCount="0" />
</gc-op>
<gc-op id="1047" type="mark" timems="1.539" contextid="1024" timestamp="2019-06-14T19:08:56.261">
  <trace-info objectcount="26315" scancount="22344" scanbytes="788940" />
  <finalization candidates="124" enqueued="0" />
  <ownableSynchronizers candidates="3" cleared="0" />
  <references type="soft" candidates="148" cleared="0" enqueued="0" dynamicThreshold="13" maxThreshold="32" />
  <references type="weak" candidates="693" cleared="0" enqueued="0" />
  <references type="phantom" candidates="36" cleared="0" enqueued="0" />
  <stringconstants candidates="4597" cleared="0"  />
</gc-op>
<gc-op id="1048" type="sweep" timems="0.729" contextid="1024" timestamp="2019-06-14T19:08:56.262" />
<mem-info id="1049" free="19300240" total="25821184" percent="74">
  <mem type="nursery" free="17412400" total="20054016" percent="86">
    <mem type="allocate" free="17412400" total="18022400" percent="96" />
    <mem type="survivor" free="0" total="2031616" percent="0" />
  </mem>
  <mem type="tenure" free="1887840" total="5767168" percent="32" micro-fragmented="0" macro-fragmented="0">
    <mem type="soa" free="1600096" total="5479424" percent="29" />
    <mem type="loa" free="287744" total="287744" percent="100" />
  </mem>
  <remembered-set count="5252" />
</mem-info>
<gc-op id="1050" type="compact" timems="5.201" contextid="1024" timestamp="2019-06-14T19:08:56.267">
  <compact-info movecount="29444" movebytes="1257424" reason="compact to aid heap contraction" />
</gc-op>
<heap-resize id="1051" type="contract" space="tenure" amount="262144" count="1" timems="0.085" reason="heap reconfiguration" timestamp="2019-06-14T19:08:56.268" />
<gc-end id="1052" type="global" contextid="1024" durationms="9.810" usertimems="16.000" systemtimems="0.000" timestamp="2019-06-14T19:08:56.268" activeThreads="4">
  <mem-info id="1053" free="19027376" total="25559040" percent="74">
    <mem type="nursery" free="17427280" total="20054016" percent="86">
      <mem type="allocate" free="17427280" total="18022400" percent="96" />
      <mem type="survivor" free="0" total="2031616" percent="0" />
    </mem>
    <mem type="tenure" free="1600096" total="5505024" percent="29">
      <mem type="soa" free="1351264" total="5230592" percent="25" />
      <mem type="loa" free="248832" total="274432" percent="90" />
    </mem>
    <remembered-set count="5252" />
  </mem-info>
</gc-end>
<cycle-end id="1054" type="global" contextid="1024" timestamp="2019-06-14T19:08:56.268" />
  <attribute name="elasticGC enabled" value="1" />
  <attribute name= "numThreadsSpecified" value="4" />
  <attribute name="heapSize specified" value="25821184" />
  <attribute name="Current GC Util" value="95" />
  <attribute name= "Current Time Running" value="1229" />
  <attribute name ="GC Interval" value="200" />
  <attribute name="ProportionalT" value="37.500000" />
  <attribute name="ProportionalI" value="37.500000" />
  <attribute name="ProportionalH" value="37.500000" />
  <attribute name="Current Error" value="75.000000" />
  <attribute name="IntegralT" value="375.000000" />
  <attribute name="IntegralI" value="375.000000" />
  <attribute name="IntegralH" value="375.000000" />
  <attribute name="DerivativeT" value="-9.500000" />
  <attribute name="DerivativeI" value="-9.500000" />
  <attribute name="DerivativeH" value="-9.500000" />
  <attribute name="Loop Time for DT" value="5.000000" />
  <attribute name="Output H" value="8388608"/>
  <attribute name="Output I" value="408"/>
  <attribute name="Output T" value="4"/>
  <attribute name="Target GC Util Change" value ="20.000000" />
  <attribute name="Current GC Util Change" value="95.000000"/>
  <attribute name="GC Util currently" value="95" />
  <attribute name="CPU Util currently" value="868024885474" />
<allocation-satisfied id="1055" threadId="00000000016BE100" bytesRequested="40" />
<af-end id="1056" timestamp="2019-06-14T19:08:56.268" threadId="00000000016BEA88" success="true" from="nursery"/>
<exclusive-end id="1057" timestamp="2019-06-14T19:08:56.268" durationms="10.475" />

<exclusive-start id="1058" timestamp="2019-06-14T19:08:56.278" intervalms="20.472">
  <response-info timems="0.026" idlems="0.026" threads="0" lastid="00000000016B2D00" lastname="Thread-10" />
</exclusive-start>
<af-start id="1059" threadId="00000000016B3688" totalBytesRequested="40" timestamp="2019-06-14T19:08:56.278" intervalms="20.450" type="nursery" />
<cycle-start id="1060" type="scavenge" contextid="0" timestamp="2019-06-14T19:08:56.278" intervalms="33.485" />
<gc-start id="1061" type="scavenge" contextid="1060" timestamp="2019-06-14T19:08:56.278">
  <mem-info id="1062" free="1600096" total="25559040" percent="6">
    <mem type="nursery" free="0" total="20054016" percent="0">
      <mem type="allocate" free="0" total="18022400" percent="0" />
      <mem type="survivor" free="0" total="2031616" percent="0" />
    </mem>
    <mem type="tenure" free="1600096" total="5505024" percent="29">
      <mem type="soa" free="1351264" total="5230592" percent="25" />
      <mem type="loa" free="248832" total="274432" percent="90" />
    </mem>
    <remembered-set count="6185" />
  </mem-info>
</gc-start>
<allocation-stats totalBytes="17425152" >
  <allocated-bytes non-tlh="40" tlh="17425112" />
  <largest-consumer threadName="Thread-7" threadId="00000000016BA500" bytes="5209392" />
</allocation-stats>
<gc-op id="1063" type="scavenge" timems="1.650" contextid="1060" timestamp="2019-06-14T19:08:56.280">
  <scavenger-info tenureage="3" tenuremask="4018" tiltratio="89" />
  <memory-copied type="nursery" objects="9336" bytes="224720" bytesdiscarded="233776" />
  <memory-copied type="tenure" objects="10024" bytes="429936" bytesdiscarded="48" />
  <ownableSynchronizers candidates="6" cleared="6" />
</gc-op>
<gc-end id="1064" type="scavenge" contextid="1060" durationms="1.999" usertimems="4.000" systemtimems="0.000" timestamp="2019-06-14T19:08:56.280" activeThreads="4">
  <mem-info id="1065" free="18613344" total="25559040" percent="72">
    <mem type="nursery" free="17563904" total="20054016" percent="87">
      <mem type="allocate" free="17563904" total="18022400" percent="97" />
      <mem type="survivor" free="0" total="2031616" percent="0" />
    </mem>
    <mem type="tenure" free="1049440" total="5505024" percent="19">
      <mem type="soa" free="800608" total="5230592" percent="15" />
      <mem type="loa" free="248832" total="274432" percent="90" />
    </mem>
    <remembered-set count="9317" />
  </mem-info>
</gc-end>
<cycle-end id="1066" type="scavenge" contextid="1060" timestamp="2019-06-14T19:08:56.280" />
  <attribute name="elasticGC enabled" value="1" />
  <attribute name= "numThreadsSpecified" value="4" />
  <attribute name="heapSize specified" value="25821184" />
  <attribute name="Current GC Util" value="89" />
  <attribute name= "Current Time Running" value="1240" />
  <attribute name ="GC Interval" value="800" />
  <attribute name="ProportionalT" value="34.500000" />
  <attribute name="ProportionalI" value="34.500000" />
  <attribute name="ProportionalH" value="34.500000" />
  <attribute name="Current Error" value="69.000000" />
  <attribute name="IntegralT" value="759.000000" />
  <attribute name="IntegralI" value="759.000000" />
  <attribute name="IntegralH" value="759.000000" />
  <attribute name="DerivativeT" value="-0.272727" />
  <attribute name="DerivativeI" value="-0.272727" />
  <attribute name="DerivativeH" value="-0.272727" />
  <attribute name="Loop Time for DT" value="11.000000" />
  <attribute name="Output H" value="8388608"/>
  <attribute name="Output I" value="800"/>
  <attribute name="Output T" value="4"/>
  <attribute name="Target GC Util Change" value ="20.000000" />
  <attribute name="Current GC Util Change" value="89.000000"/>
  <attribute name="GC Util currently" value="89" />
  <attribute name="CPU Util currently" value="413289137395" />
<allocation-satisfied id="1067" threadId="00000000016B2D00" bytesRequested="40" />
<af-end id="1068" timestamp="2019-06-14T19:08:56.281" threadId="00000000016B3688" success="true" from="nursery"/>
<exclusive-end id="1069" timestamp="2019-06-14T19:08:56.281" durationms="2.484" />

<exclusive-start id="1070" timestamp="2019-06-14T19:08:56.291" intervalms="13.330">
  <response-info timems="0.032" idlems="0.032" threads="0" lastid="00000000016BE100" lastname="Thread-9" />
</exclusive-start>
<af-start id="1071" threadId="00000000016BEA88" totalBytesRequested="40" timestamp="2019-06-14T19:08:56.291" intervalms="13.340" type="nursery" />
<cycle-start id="1072" type="scavenge" contextid="0" timestamp="2019-06-14T19:08:56.292" intervalms="13.356" />
<gc-start id="1073" type="scavenge" contextid="1072" timestamp="2019-06-14T19:08:56.292">
  <mem-info id="1074" free="1049440" total="25559040" percent="4">
    <mem type="nursery" free="0" total="20054016" percent="0">
      <mem type="allocate" free="0" total="18022400" percent="0" />
      <mem type="survivor" free="0" total="2031616" percent="0" />
    </mem>
    <mem type="tenure" free="1049440" total="5505024" percent="19">
      <mem type="soa" free="800608" total="5230592" percent="15" />
      <mem type="loa" free="248832" total="274432" percent="90" />
    </mem>
    <remembered-set count="10598" />
  </mem-info>
</gc-start>
<allocation-stats totalBytes="17561976" >
  <allocated-bytes non-tlh="40" tlh="17561936" />
  <largest-consumer threadName="Thread-7" threadId="00000000016BA500" bytes="5340720" />
</allocation-stats>
<gc-op id="1075" type="scavenge" timems="0.985" contextid="1072" timestamp="2019-06-14T19:08:56.293">
  <scavenger-info tenureage="3" tenuremask="4008" tiltratio="89" />
  <memory-copied type="nursery" objects="15823" bytes="518608" bytesdiscarded="101936" />
  <memory-copied type="tenure" objects="2900" bytes="69600" bytesdiscarded="0" />
</gc-op>
<heap-resize id="1076" type="expand" space="nursery" amount="786432" count="1" timems="0.021" reason="excessive time being spent scavenging" timestamp="2019-06-14T19:08:56.293" />
<gc-end id="1077" type="scavenge" contextid="1072" durationms="1.277" usertimems="4.000" systemtimems="0.000" timestamp="2019-06-14T19:08:56.293" activeThreads="4">
  <mem-info id="1078" free="19067488" total="26345472" percent="72">
    <mem type="nursery" free="18057216" total="20840448" percent="86">
      <mem type="allocate" free="18057216" total="18677760" percent="96" />
      <mem type="survivor" free="0" total="2162688" percent="0" />
    </mem>
    <mem type="tenure" free="1010272" total="5505024" percent="18">
      <mem type="soa" free="761440" total="5230592" percent="14" />
      <mem type="loa" free="248832" total="274432" percent="90" />
    </mem>
    <remembered-set count="7698" />
  </mem-info>
</gc-end>
<cycle-end id="1079" type="scavenge" contextid="1072" timestamp="2019-06-14T19:08:56.293" />
  <attribute name="elasticGC enabled" value="1" />
  <attribute name= "numThreadsSpecified" value="4" />
  <attribute name="heapSize specified" value="25821184" />
  <attribute name="Current GC Util" value="31" />
  <attribute name= "Current Time Running" value="1254" />
  <attribute name ="GC Interval" value="200" />
  <attribute name="ProportionalT" value="5.500000" />
  <attribute name="ProportionalI" value="5.500000" />
  <attribute name="ProportionalH" value="5.500000" />
  <attribute name="Current Error" value="11.000000" />
  <attribute name="IntegralT" value="154.000000" />
  <attribute name="IntegralI" value="154.000000" />
  <attribute name="IntegralH" value="154.000000" />
  <attribute name="DerivativeT" value="-2.071429" />
  <attribute name="DerivativeI" value="-2.071429" />
  <attribute name="DerivativeH" value="-2.071429" />
  <attribute name="Loop Time for DT" value="14.000000" />
  <attribute name="Output H" value="8388608"/>
  <attribute name="Output I" value="200"/>
  <attribute name="Output T" value="4"/>
  <attribute name="Target GC Util Change" value ="20.000000" />
  <attribute name="Current GC Util Change" value="31.000000"/>
  <attribute name="GC Util currently" value="31" />
  <attribute name="CPU Util currently" value="344135461088" />
<allocation-satisfied id="1080" threadId="00000000016BE100" bytesRequested="40" />
<af-end id="1081" timestamp="2019-06-14T19:08:56.293" threadId="00000000016BEA88" success="true" from="nursery"/>
<exclusive-end id="1082" timestamp="2019-06-14T19:08:56.293" durationms="1.735" />

<exclusive-start id="1083" timestamp="2019-06-14T19:08:56.305" intervalms="13.880">
  <response-info timems="0.173" idlems="0.173" threads="0" lastid="00000000016BA500" lastname="Thread-7" />
</exclusive-start>
<af-start id="1084" threadId="00000000016BAE88" totalBytesRequested="24" timestamp="2019-06-14T19:08:56.305" intervalms="13.867" type="nursery" />
<cycle-start id="1085" type="scavenge" contextid="0" timestamp="2019-06-14T19:08:56.305" intervalms="13.854" />
<gc-start id="1086" type="scavenge" contextid="1085" timestamp="2019-06-14T19:08:56.305">
  <mem-info id="1087" free="1010272" total="26345472" percent="3">
    <mem type="nursery" free="0" total="20840448" percent="0">
      <mem type="allocate" free="0" total="18677760" percent="0" />
      <mem type="survivor" free="0" total="2162688" percent="0" />
    </mem>
    <mem type="tenure" free="1010272" total="5505024" percent="18">
      <mem type="soa" free="761440" total="5230592" percent="14" />
      <mem type="loa" free="248832" total="274432" percent="90" />
    </mem>
    <remembered-set count="9007" />
  </mem-info>
</gc-start>
<allocation-stats totalBytes="18055064" >
  <allocated-bytes non-tlh="40" tlh="18055024" />
  <largest-consumer threadName="Thread-9" threadId="00000000016BE100" bytes="5340544" />
</allocation-stats>
<gc-op id="1088" type="scavenge" timems="1.177" contextid="1085" timestamp="2019-06-14T19:08:56.307">
  <scavenger-info tenureage="14" tenuremask="4000" tiltratio="89" />
  <memory-copied type="nursery" objects="20675" bytes="634552" bytesdiscarded="95048" />
</gc-op>
<gc-end id="1089" type="scavenge" contextid="1085" durationms="1.444" usertimems="0.000" systemtimems="0.000" timestamp="2019-06-14T19:08:56.307" activeThreads="4">
  <mem-info id="1090" free="19023968" total="26345472" percent="72">
    <mem type="nursery" free="18013696" total="20840448" percent="86">
      <mem type="allocate" free="18013696" total="18743296" percent="96" />
      <mem type="survivor" free="0" total="2097152" percent="0" />
    </mem>
    <mem type="tenure" free="1010272" total="5505024" percent="18">
      <mem type="soa" free="761440" total="5230592" percent="14" />
      <mem type="loa" free="248832" total="274432" percent="90" />
    </mem>
    <remembered-set count="9006" />
  </mem-info>
</gc-end>
<cycle-end id="1091" type="scavenge" contextid="1085" timestamp="2019-06-14T19:08:56.307" />
  <attribute name="elasticGC enabled" value="1" />
  <attribute name= "numThreadsSpecified" value="4" />
  <attribute name="heapSize specified" value="25821184" />
  <attribute name="Current GC Util" value="19" />
  <attribute name= "Current Time Running" value="1267" />
  <attribute name ="GC Interval" value="200" />
  <attribute name="ProportionalT" value="-0.500000" />
  <attribute name="ProportionalI" value="-0.500000" />
  <attribute name="ProportionalH" value="-0.500000" />
  <attribute name="Current Error" value="-1.000000" />
  <attribute name="IntegralT" value="-13.000000" />
  <attribute name="IntegralI" value="-13.000000" />
  <attribute name="IntegralH" value="-13.000000" />
  <attribute name="DerivativeT" value="-0.461538" />
  <attribute name="DerivativeI" value="-0.461538" />
  <attribute name="DerivativeH" value="-0.461538" />
  <attribute name="Loop Time for DT" value="13.000000" />
  <attribute name="Output H" value="2092630016"/>
  <attribute name="Output I" value="200"/>
  <attribute name="Output T" value="4"/>
  <attribute name="Target GC Util Change" value ="20.000000" />
  <attribute name="Current GC Util Change" value="19.000000"/>
  <attribute name="GC Util currently" value="19" />
  <attribute name="CPU Util currently" value="332468846847" />
<allocation-satisfied id="1092" threadId="00000000016BA500" bytesRequested="24" />
<af-end id="1093" timestamp="2019-06-14T19:08:56.307" threadId="00000000016BAE88" success="true" from="nursery"/>
<exclusive-end id="1094" timestamp="2019-06-14T19:08:56.307" durationms="1.994" />

<exclusive-start id="1095" timestamp="2019-06-14T19:08:56.319" intervalms="13.958">
  <response-info timems="0.226" idlems="0.226" threads="0" lastid="00000000016BA500" lastname="Thread-7" />
</exclusive-start>
<af-start id="1096" threadId="00000000016BAE88" totalBytesRequested="40" timestamp="2019-06-14T19:08:56.319" intervalms="13.950" type="nursery" />
<cycle-start id="1097" type="scavenge" contextid="0" timestamp="2019-06-14T19:08:56.319" intervalms="13.926" />
<gc-start id="1098" type="scavenge" contextid="1097" timestamp="2019-06-14T19:08:56.319">
  <mem-info id="1099" free="1010272" total="26345472" percent="3">
    <mem type="nursery" free="0" total="20840448" percent="0">
      <mem type="allocate" free="0" total="18743296" percent="0" />
      <mem type="survivor" free="0" total="2097152" percent="0" />
    </mem>
    <mem type="tenure" free="1010272" total="5505024" percent="18">
      <mem type="soa" free="761440" total="5230592" percent="14" />
      <mem type="loa" free="248832" total="274432" percent="90" />
    </mem>
    <remembered-set count="9780" />
  </mem-info>
</gc-start>
<allocation-stats totalBytes="18011416" >
  <allocated-bytes non-tlh="24" tlh="18011392" />
  <largest-consumer threadName="Thread-9" threadId="00000000016BE100" bytes="5462856" />
</allocation-stats>
<gc-op id="1100" type="scavenge" timems="1.917" contextid="1097" timestamp="2019-06-14T19:08:56.321">
  <scavenger-info tenureage="3" tenuremask="4018" tiltratio="89" />
  <memory-copied type="nursery" objects="19576" bytes="745816" bytesdiscarded="19880" />
  <memory-copied type="tenure" objects="6319" bytes="151656" bytesdiscarded="0" />
</gc-op>
<heap-resize id="1101" type="expand" space="nursery" amount="1703936" count="1" timems="0.015" reason="excessive time being spent scavenging" timestamp="2019-06-14T19:08:56.321" />
<gc-end id="1102" type="scavenge" contextid="1097" durationms="2.171" usertimems="4.000" systemtimems="0.000" timestamp="2019-06-14T19:08:56.322" activeThreads="1">
  <mem-info id="1103" free="20316256" total="28049408" percent="72">
    <mem type="nursery" free="19484928" total="22544384" percent="86">
      <mem type="allocate" free="19484928" total="20250624" percent="96" />
      <mem type="survivor" free="0" total="2293760" percent="0" />
    </mem>
    <mem type="tenure" free="831328" total="5505024" percent="15">
      <mem type="soa" free="582496" total="5230592" percent="11" />
      <mem type="loa" free="248832" total="274432" percent="90" />
    </mem>
    <remembered-set count="3461" />
  </mem-info>
</gc-end>
<cycle-end id="1104" type="scavenge" contextid="1097" timestamp="2019-06-14T19:08:56.322" />
  <attribute name="elasticGC enabled" value="1" />
  <attribute name= "numThreadsSpecified" value="1" />
  <attribute name="heapSize specified" value="25821184" />
  <attribute name="Current GC Util" value="20" />
  <attribute name= "Current Time Running" value="1281" />
  <attribute name ="GC Interval" value="200" />
  <attribute name="ProportionalT" value="0.000000" />
  <attribute name="ProportionalI" value="0.000000" />
  <attribute name="ProportionalH" value="0.000000" />
  <attribute name="Current Error" value="0.000000" />
  <attribute name="IntegralT" value="0.000000" />
  <attribute name="IntegralI" value="0.000000" />
  <attribute name="IntegralH" value="0.000000" />
  <attribute name="DerivativeT" value="0.000000" />
  <attribute name="DerivativeI" value="0.000000" />
  <attribute name="DerivativeH" value="0.000000" />
  <attribute name="Loop Time for DT" value="14.000000" />
  <attribute name="Output H" value="8388608"/>
  <attribute name="Output I" value="200"/>
  <attribute name="Output T" value="1"/>
  <attribute name="Target GC Util Change" value ="20.000000" />
  <attribute name="Current GC Util Change" value="20.000000"/>
  <attribute name="GC Util currently" value="20" />
  <attribute name="CPU Util currently" value="333080377221" />
<allocation-satisfied id="1105" threadId="00000000016BA500" bytesRequested="40" />
<af-end id="1106" timestamp="2019-06-14T19:08:56.322" threadId="00000000016BAE88" success="true" from="nursery"/>
<exclusive-end id="1107" timestamp="2019-06-14T19:08:56.322" durationms="2.520" />

<exclusive-start id="1108" timestamp="2019-06-14T19:08:56.336" intervalms="16.801">
  <response-info timems="0.145" idlems="0.145" threads="0" lastid="00000000016B6900" lastname="Thread-8" />
</exclusive-start>
<af-start id="1109" threadId="00000000016B7288" totalBytesRequested="40" timestamp="2019-06-14T19:08:56.336" intervalms="16.894" type="nursery" />
<cycle-start id="1110" type="scavenge" contextid="0" timestamp="2019-06-14T19:08:56.336" intervalms="16.950" />
<gc-start id="1111" type="scavenge" contextid="1110" timestamp="2019-06-14T19:08:56.337">
  <mem-info id="1112" free="831328" total="28049408" percent="2">
    <mem type="nursery" free="0" total="22544384" percent="0">
      <mem type="allocate" free="0" total="20250624" percent="0" />
      <mem type="survivor" free="0" total="2293760" percent="0" />
    </mem>
    <mem type="tenure" free="831328" total="5505024" percent="15">
      <mem type="soa" free="582496" total="5230592" percent="11" />
      <mem type="loa" free="248832" total="274432" percent="90" />
    </mem>
    <remembered-set count="4453" />
  </mem-info>
</gc-start>
<allocation-stats totalBytes="19482552" >
  <allocated-bytes non-tlh="40" tlh="19482512" />
  <largest-consumer threadName="Thread-9" threadId="00000000016BE100" bytes="5078456" />
</allocation-stats>
<gc-op id="1113" type="scavenge" timems="0.703" contextid="1110" timestamp="2019-06-14T19:08:56.337">
  <scavenger-info tenureage="14" tenuremask="4000" tiltratio="89" />
  <memory-copied type="nursery" objects="22800" bytes="823024" bytesdiscarded="188288" />
</gc-op>
<gc-end id="1114" type="scavenge" contextid="1110" durationms="0.964" usertimems="4.000" systemtimems="0.000" timestamp="2019-06-14T19:08:56.338" activeThreads="4">
  <mem-info id="1115" free="20070640" total="28049408" percent="71">
    <mem type="nursery" free="19239312" total="22544384" percent="85">
      <mem type="allocate" free="19239312" total="20250624" percent="95" />
      <mem type="survivor" free="0" total="2293760" percent="0" />
    </mem>
    <mem type="tenure" free="831328" total="5505024" percent="15">
      <mem type="soa" free="582496" total="5230592" percent="11" />
      <mem type="loa" free="248832" total="274432" percent="90" />
    </mem>
    <remembered-set count="4452" />
  </mem-info>
</gc-end>
<cycle-end id="1116" type="scavenge" contextid="1110" timestamp="2019-06-14T19:08:56.338" />
  <attribute name="elasticGC enabled" value="1" />
  <attribute name= "numThreadsSpecified" value="4" />
  <attribute name="heapSize specified" value="25821184" />
  <attribute name="Current GC Util" value="11" />
  <attribute name= "Current Time Running" value="1299" />
  <attribute name ="GC Interval" value="200" />
  <attribute name="ProportionalT" value="-4.500000" />
  <attribute name="ProportionalI" value="-4.500000" />
  <attribute name="ProportionalH" value="-4.500000" />
  <attribute name="Current Error" value="-9.000000" />
  <attribute name="IntegralT" value="-162.000000" />
  <attribute name="IntegralI" value="-162.000000" />
  <attribute name="IntegralH" value="-162.000000" />
  <attribute name="DerivativeT" value="-0.250000" />
  <attribute name="DerivativeI" value="-0.250000" />
  <attribute name="DerivativeH" value="-0.250000" />
  <attribute name="Loop Time for DT" value="18.000000" />
  <attribute name="Output H" value="2092630016"/>
  <attribute name="Output I" value="200"/>
  <attribute name="Output T" value="4"/>
  <attribute name="Target GC Util Change" value ="20.000000" />
  <attribute name="Current GC Util Change" value="11.000000"/>
  <attribute name="GC Util currently" value="11" />
  <attribute name="CPU Util currently" value="266697533706" />
<allocation-satisfied id="1117" threadId="00000000016B6900" bytesRequested="40" />
<af-end id="1118" timestamp="2019-06-14T19:08:56.338" threadId="00000000016B7288" success="true" from="nursery"/>
<exclusive-end id="1119" timestamp="2019-06-14T19:08:56.338" durationms="2.221" />

<exclusive-start id="1120" timestamp="2019-06-14T19:08:56.352" intervalms="15.525">
  <response-info timems="0.136" idlems="0.136" threads="0" lastid="00000000016B6900" lastname="Thread-8" />
</exclusive-start>
<af-start id="1121" threadId="00000000016B7288" totalBytesRequested="24" timestamp="2019-06-14T19:08:56.352" intervalms="15.437" type="nursery" />
<cycle-start id="1122" type="scavenge" contextid="0" timestamp="2019-06-14T19:08:56.352" intervalms="15.413" />
<gc-start id="1123" type="scavenge" contextid="1122" timestamp="2019-06-14T19:08:56.352">
  <mem-info id="1124" free="831328" total="28049408" percent="2">
    <mem type="nursery" free="0" total="22544384" percent="0">
      <mem type="allocate" free="0" total="20250624" percent="0" />
      <mem type="survivor" free="0" total="2293760" percent="0" />
    </mem>
    <mem type="tenure" free="831328" total="5505024" percent="15">
      <mem type="soa" free="582496" total="5230592" percent="11" />
      <mem type="loa" free="248832" total="274432" percent="90" />
    </mem>
    <remembered-set count="4995" />
  </mem-info>
</gc-start>
<allocation-stats totalBytes="19236952" >
  <allocated-bytes non-tlh="40" tlh="19236912" />
  <largest-consumer threadName="Thread-10" threadId="00000000016B2D00" bytes="5467496" />
</allocation-stats>
<gc-op id="1125" type="scavenge" timems="0.733" contextid="1122" timestamp="2019-06-14T19:08:56.353">
  <scavenger-info tenureage="3" tenuremask="4018" tiltratio="89" />
  <memory-copied type="nursery" objects="27915" bytes="1220432" bytesdiscarded="153088" />
  <memory-copied type="tenure" objects="3624" bytes="86976" bytesdiscarded="0" />
</gc-op>
<gc-end id="1126" type="scavenge" contextid="1122" durationms="1.773" usertimems="4.000" systemtimems="0.000" timestamp="2019-06-14T19:08:56.354" activeThreads="4">
  <mem-info id="1127" free="19498768" total="28049408" percent="69">
    <mem type="nursery" free="18877104" total="22544384" percent="83">
      <mem type="allocate" free="18877104" total="20250624" percent="93" />
      <mem type="survivor" free="0" total="2293760" percent="0" />
    </mem>
    <mem type="tenure" free="621664" total="5505024" percent="11">
      <mem type="soa" free="372832" total="5230592" percent="7" />
      <mem type="loa" free="248832" total="274432" percent="90" />
    </mem>
    <remembered-set count="2394" />
  </mem-info>
</gc-end>
<cycle-end id="1128" type="scavenge" contextid="1122" timestamp="2019-06-14T19:08:56.354" />
  <attribute name="elasticGC enabled" value="1" />
  <attribute name= "numThreadsSpecified" value="4" />
  <attribute name="heapSize specified" value="25821184" />
  <attribute name="Current GC Util" value="16" />
  <attribute name= "Current Time Running" value="1315" />
  <attribute name ="GC Interval" value="200" />
  <attribute name="ProportionalT" value="-2.000000" />
  <attribute name="ProportionalI" value="-2.000000" />
  <attribute name="ProportionalH" value="-2.000000" />
  <attribute name="Current Error" value="-4.000000" />
  <attribute name="IntegralT" value="-64.000000" />
  <attribute name="IntegralI" value="-64.000000" />
  <attribute name="IntegralH" value="-64.000000" />
  <attribute name="DerivativeT" value="-0.125000" />
  <attribute name="DerivativeI" value="-0.125000" />
  <attribute name="DerivativeH" value="-0.125000" />
  <attribute name="Loop Time for DT" value="16.000000" />
  <attribute name="Output H" value="2092630016"/>
  <attribute name="Output I" value="200"/>
  <attribute name="Output T" value="4"/>
  <attribute name="Target GC Util Change" value ="20.000000" />
  <attribute name="Current GC Util Change" value="16.000000"/>
  <attribute name="GC Util currently" value="16" />
  <attribute name="CPU Util currently" value="288726208951" />
<allocation-satisfied id="1129" threadId="00000000016B6900" bytesRequested="24" />
<af-end id="1130" timestamp="2019-06-14T19:08:56.354" threadId="00000000016B7288" success="true" from="nursery"/>
<exclusive-end id="1131" timestamp="2019-06-14T19:08:56.354" durationms="2.286" />

<exclusive-start id="1132" timestamp="2019-06-14T19:08:56.367" intervalms="15.772">
  <response-info timems="0.210" idlems="0.210" threads="0" lastid="00000000016B6900" lastname="Thread-8" />
</exclusive-start>
<af-start id="1133" threadId="00000000016B7288" totalBytesRequested="40" timestamp="2019-06-14T19:08:56.367" intervalms="15.854" type="nursery" />
<cycle-start id="1134" type="scavenge" contextid="0" timestamp="2019-06-14T19:08:56.368" intervalms="15.865" />
<gc-start id="1135" type="scavenge" contextid="1134" timestamp="2019-06-14T19:08:56.368">
  <mem-info id="1136" free="621664" total="28049408" percent="2">
    <mem type="nursery" free="0" total="22544384" percent="0">
      <mem type="allocate" free="0" total="20250624" percent="0" />
      <mem type="survivor" free="0" total="2293760" percent="0" />
    </mem>
    <mem type="tenure" free="621664" total="5505024" percent="11">
      <mem type="soa" free="372832" total="5230592" percent="7" />
      <mem type="loa" free="248832" total="274432" percent="90" />
    </mem>
    <remembered-set count="2394" />
  </mem-info>
</gc-start>
<allocation-stats totalBytes="18874544" >
  <allocated-bytes non-tlh="24" tlh="18874520" />
  <largest-consumer threadName="Thread-8" threadId="00000000016B6900" bytes="4949992" />
</allocation-stats>
<gc-op id="1137" type="scavenge" timems="0.651" contextid="1134" timestamp="2019-06-14T19:08:56.368">
  <scavenger-info tenureage="14" tenuremask="4000" tiltratio="89" />
  <memory-copied type="nursery" objects="30426" bytes="1281048" bytesdiscarded="247128" />
</gc-op>
<gc-end id="1138" type="scavenge" contextid="1134" durationms="0.904" usertimems="4.000" systemtimems="0.000" timestamp="2019-06-14T19:08:56.369" activeThreads="4">
  <mem-info id="1139" free="19344112" total="28049408" percent="68">
    <mem type="nursery" free="18722448" total="22544384" percent="83">
      <mem type="allocate" free="18722448" total="20250624" percent="92" />
      <mem type="survivor" free="0" total="2293760" percent="0" />
    </mem>
    <mem type="tenure" free="621664" total="5505024" percent="11">
      <mem type="soa" free="372832" total="5230592" percent="7" />
      <mem type="loa" free="248832" total="274432" percent="90" />
    </mem>
    <remembered-set count="2392" />
  </mem-info>
</gc-end>
<cycle-end id="1140" type="scavenge" contextid="1134" timestamp="2019-06-14T19:08:56.369" />
  <attribute name="elasticGC enabled" value="1" />
  <attribute name= "numThreadsSpecified" value="4" />
  <attribute name="heapSize specified" value="25821184" />
  <attribute name="Current GC Util" value="18" />
  <attribute name= "Current Time Running" value="1330" />
  <attribute name ="GC Interval" value="200" />
  <attribute name="ProportionalT" value="-1.000000" />
  <attribute name="ProportionalI" value="-1.000000" />
  <attribute name="ProportionalH" value="-1.000000" />
  <attribute name="Current Error" value="-2.000000" />
  <attribute name="IntegralT" value="-30.000000" />
  <attribute name="IntegralI" value="-30.000000" />
  <attribute name="IntegralH" value="-30.000000" />
  <attribute name="DerivativeT" value="-0.066667" />
  <attribute name="DerivativeI" value="-0.066667" />
  <attribute name="DerivativeH" value="-0.066667" />
  <attribute name="Loop Time for DT" value="15.000000" />
  <attribute name="Output H" value="2092630016"/>
  <attribute name="Output I" value="200"/>
  <attribute name="Output T" value="4"/>
  <attribute name="Target GC Util Change" value ="20.000000" />
  <attribute name="Current GC Util Change" value="18.000000"/>
  <attribute name="GC Util currently" value="18" />
  <attribute name="CPU Util currently" value="305839282790" />
<allocation-satisfied id="1141" threadId="00000000016B6900" bytesRequested="40" />
<af-end id="1142" timestamp="2019-06-14T19:08:56.369" threadId="00000000016B7288" success="true" from="nursery"/>
<exclusive-end id="1143" timestamp="2019-06-14T19:08:56.369" durationms="1.436" />

<exclusive-start id="1144" timestamp="2019-06-14T19:08:56.407" intervalms="39.449">
  <response-info timems="0.103" idlems="0.103" threads="0" lastid="00000000016B6900" lastname="Thread-8" />
</exclusive-start>
<af-start id="1145" threadId="00000000016B7288" totalBytesRequested="40" timestamp="2019-06-14T19:08:56.407" intervalms="39.441" type="nursery" />
<cycle-start id="1146" type="scavenge" contextid="0" timestamp="2019-06-14T19:08:56.407" intervalms="39.444" />
<gc-start id="1147" type="scavenge" contextid="1146" timestamp="2019-06-14T19:08:56.407">
  <mem-info id="1148" free="621664" total="28049408" percent="2">
    <mem type="nursery" free="0" total="22544384" percent="0">
      <mem type="allocate" free="0" total="20250624" percent="0" />
      <mem type="survivor" free="0" total="2293760" percent="0" />
    </mem>
    <mem type="tenure" free="621664" total="5505024" percent="11">
      <mem type="soa" free="372832" total="5230592" percent="7" />
      <mem type="loa" free="248832" total="274432" percent="90" />
    </mem>
    <remembered-set count="2392" />
  </mem-info>
</gc-start>
<allocation-stats totalBytes="18720136" >
  <allocated-bytes non-tlh="40" tlh="18720096" />
  <largest-consumer threadName="Thread-10" threadId="00000000016B2D00" bytes="6388904" />
</allocation-stats>
<gc-op id="1149" type="scavenge" timems="5.064" contextid="1146" timestamp="2019-06-14T19:08:56.412">
  <scavenger-info tenureage="2" tenuremask="401c" tiltratio="89" />
  <memory-copied type="nursery" objects="4039" bytes="98496" bytesdiscarded="111168" />
  <memory-copied type="tenure" objects="27746" bytes="1215408" bytesdiscarded="152" />
  <heap-resize type="expand" space="tenure" amount="655360" count="10" timems="2.893" reason="continue current collection" />
</gc-op>
<heap-resize id="1150" type="expand" space="nursery" amount="1441792" count="1" timems="0.014" reason="excessive time being spent scavenging" timestamp="2019-06-14T19:08:56.413" />
<gc-end id="1151" type="scavenge" contextid="1146" durationms="5.601" usertimems="8.000" systemtimems="0.000" timestamp="2019-06-14T19:08:56.413" activeThreads="4">
  <mem-info id="1152" free="21286144" total="30146560" percent="70">
    <mem type="nursery" free="21286144" total="23986176" percent="88">
      <mem type="allocate" free="21286144" total="21495808" percent="99" />
      <mem type="survivor" free="0" total="2490368" percent="0" />
    </mem>
    <mem type="tenure" free="0" total="6160384" percent="0">
      <mem type="soa" free="0" total="5853184" percent="0" />
      <mem type="loa" free="0" total="307200" percent="0" />
    </mem>
    <remembered-set count="3815" />
  </mem-info>
</gc-end>
<cycle-end id="1153" type="scavenge" contextid="1146" timestamp="2019-06-14T19:08:56.413" />
  <attribute name="elasticGC enabled" value="1" />
  <attribute name= "numThreadsSpecified" value="4" />
  <attribute name="heapSize specified" value="25821184" />
  <attribute name="Current GC Util" value="6" />
  <attribute name= "Current Time Running" value="1369" />
  <attribute name ="GC Interval" value="200" />
  <attribute name="ProportionalT" value="-7.000000" />
  <attribute name="ProportionalI" value="-7.000000" />
  <attribute name="ProportionalH" value="-7.000000" />
  <attribute name="Current Error" value="-14.000000" />
  <attribute name="IntegralT" value="-546.000000" />
  <attribute name="IntegralI" value="-546.000000" />
  <attribute name="IntegralH" value="-546.000000" />
  <attribute name="DerivativeT" value="-0.179487" />
  <attribute name="DerivativeI" value="-0.179487" />
  <attribute name="DerivativeH" value="-0.179487" />
  <attribute name="Loop Time for DT" value="39.000000" />
  <attribute name="Output H" value="2092630016"/>
  <attribute name="Output I" value="200"/>
  <attribute name="Output T" value="4"/>
  <attribute name="Target GC Util Change" value ="20.000000" />
  <attribute name="Current GC Util Change" value="6.000000"/>
  <attribute name="GC Util currently" value="6" />
  <attribute name="CPU Util currently" value="116741416265" />
<allocation-satisfied id="1154" threadId="00000000016B6900" bytesRequested="40" />
<af-end id="1155" timestamp="2019-06-14T19:08:56.413" threadId="00000000016B7288" success="true" from="nursery"/>
<exclusive-end id="1156" timestamp="2019-06-14T19:08:56.413" durationms="6.439" />

<concurrent-kickoff id="1157" timestamp="2019-06-14T19:08:56.459">
  <kickoff reason="threshold reached" targetBytes="1802055" thresholdFreeBytes="251329"  remainingFree="240896" tenureFreeBytes="0" nurseryFreeBytes="240896" />
</concurrent-kickoff>
<exclusive-start id="1158" timestamp="2019-06-14T19:08:56.459" intervalms="52.666">
  <response-info timems="0.069" idlems="0.041" threads="1" lastid="00000000016BA500" lastname="Thread-7" />
</exclusive-start>
<cycle-start id="1159" type="global" contextid="0" timestamp="2019-06-14T19:08:56.459" intervalms="215.059" />
<exclusive-end id="1160" timestamp="2019-06-14T19:08:56.460" durationms="0.093" />

<exclusive-start id="1161" timestamp="2019-06-14T19:08:56.461" intervalms="1.799">
  <response-info timems="0.026" idlems="0.026" threads="0" lastid="00000000016BE100" lastname="Thread-9" />
</exclusive-start>
<af-start id="1162" threadId="00000000016BEA88" totalBytesRequested="40" timestamp="2019-06-14T19:08:56.461" intervalms="54.447" type="nursery" />
<cycle-start id="1163" type="scavenge" contextid="0" timestamp="2019-06-14T19:08:56.461" intervalms="54.446" />
<gc-start id="1164" type="scavenge" contextid="1163" timestamp="2019-06-14T19:08:56.462">
  <mem-info id="1165" free="0" total="30146560" percent="0">
    <mem type="nursery" free="0" total="23986176" percent="0">
      <mem type="allocate" free="0" total="21495808" percent="0" />
      <mem type="survivor" free="0" total="2490368" percent="0" />
    </mem>
    <mem type="tenure" free="0" total="6160384" percent="0">
      <mem type="soa" free="0" total="5853184" percent="0" />
      <mem type="loa" free="0" total="307200" percent="0" />
    </mem>
    <remembered-set count="5236" />
  </mem-info>
</gc-start>
<allocation-stats totalBytes="21283688" >
  <allocated-bytes non-tlh="40" tlh="21283648" />
  <largest-consumer threadName="Thread-10" threadId="00000000016B2D00" bytes="7175456" />
</allocation-stats>
<gc-op id="1166" type="scavenge" timems="1.264" contextid="1163" timestamp="2019-06-14T19:08:56.463">
  <scavenger-info tenureage="14" tenuremask="4000" tiltratio="89" />
  <memory-copied type="nursery" objects="5441" bytes="132056" bytesdiscarded="102952" />
</gc-op>
<gc-end id="1167" type="scavenge" contextid="1163" durationms="1.517" usertimems="4.000" systemtimems="0.000" timestamp="2019-06-14T19:08:56.463" activeThreads="4">
  <mem-info id="1168" free="21326336" total="30146560" percent="70">
    <mem type="nursery" free="21326336" total="23986176" percent="88">
      <mem type="allocate" free="21326336" total="21561344" percent="98" />
      <mem type="survivor" free="0" total="2424832" percent="0" />
    </mem>
    <mem type="tenure" free="0" total="6160384" percent="0">
      <mem type="soa" free="0" total="5853184" percent="0" />
      <mem type="loa" free="0" total="307200" percent="0" />
    </mem>
    <remembered-set count="5236" />
  </mem-info>
</gc-end>
<cycle-end id="1169" type="scavenge" contextid="1163" timestamp="2019-06-14T19:08:56.463" />
  <attribute name="elasticGC enabled" value="1" />
  <attribute name= "numThreadsSpecified" value="4" />
  <attribute name="heapSize specified" value="25821184" />
  <attribute name="Current GC Util" value="8" />
  <attribute name= "Current Time Running" value="1423" />
  <attribute name ="GC Interval" value="200" />
  <attribute name="ProportionalT" value="-6.000000" />
  <attribute name="ProportionalI" value="-6.000000" />
  <attribute name="ProportionalH" value="-6.000000" />
  <attribute name="Current Error" value="-12.000000" />
  <attribute name="IntegralT" value="-648.000000" />
  <attribute name="IntegralI" value="-648.000000" />
  <attribute name="IntegralH" value="-648.000000" />
  <attribute name="DerivativeT" value="-0.111111" />
  <attribute name="DerivativeI" value="-0.111111" />
  <attribute name="DerivativeH" value="-0.111111" />
  <attribute name="Loop Time for DT" value="54.000000" />
  <attribute name="Output H" value="2092630016"/>
  <attribute name="Output I" value="200"/>
  <attribute name="Output T" value="4"/>
  <attribute name="Target GC Util Change" value ="20.000000" />
  <attribute name="Current GC Util Change" value="8.000000"/>
  <attribute name="GC Util currently" value="8" />
  <attribute name="CPU Util currently" value="84830846236" />
<allocation-satisfied id="1170" threadId="00000000016BE100" bytesRequested="40" />
<af-end id="1171" timestamp="2019-06-14T19:08:56.463" threadId="00000000016BEA88" success="true" from="nursery"/>
<exclusive-end id="1172" timestamp="2019-06-14T19:08:56.463" durationms="2.100" />

<exclusive-start id="1173" timestamp="2019-06-14T19:08:56.492" intervalms="30.884">
  <response-info timems="0.030" idlems="0.030" threads="0" lastid="00000000016BE100" lastname="Thread-9" />
</exclusive-start>
<af-start id="1174" threadId="00000000016BEA88" totalBytesRequested="40" timestamp="2019-06-14T19:08:56.492" intervalms="30.876" type="nursery" />
<percolate-collect id="1175" from="nursery" to="global" reason="concurrent mark exhausted" timestamp="2019-06-14T19:08:56.492"/>
<gc-start id="1176" type="global" contextid="1159" timestamp="2019-06-14T19:08:56.492">
  <mem-info id="1177" free="0" total="30146560" percent="0">
    <mem type="nursery" free="0" total="23986176" percent="0">
      <mem type="allocate" free="0" total="21561344" percent="0" />
      <mem type="survivor" free="0" total="2424832" percent="0" />
    </mem>
    <mem type="tenure" free="0" total="6160384" percent="0">
      <mem type="soa" free="0" total="5853184" percent="0" />
      <mem type="loa" free="0" total="307200" percent="0" />
    </mem>
    <remembered-set count="6615" />
  </mem-info>
</gc-start>
<allocation-stats totalBytes="21323776" >
  <allocated-bytes non-tlh="40" tlh="21323736" />
  <largest-consumer threadName="Thread-10" threadId="00000000016B2D00" bytes="6519984" />
</allocation-stats>
<concurrent-halted id="1178" timestamp="2019-06-14T19:08:56.493">
  <halted state="Complete" status="exhausted" />
  <traced bytesTarget="1802055" bytesTotal="2470056" bytesByMutator="460972" bytesByHelper="2009084" percent="137" />
  <cards cleaned="342" thresholdBytes="99008" />
</concurrent-halted>
<gc-op id="1179" type="rs-scan" timems="0.672" contextid="1159" timestamp="2019-06-14T19:08:56.493">
  <scan objectsFound="6570" bytesTraced="555192" workStackOverflowCount="0" />
</gc-op>
<gc-op id="1180" type="card-cleaning" timems="0.413" contextid="1159" timestamp="2019-06-14T19:08:56.494">
  <card-cleaning cardsCleaned="3" bytesTraced="12528" workStackOverflowCount="0" />
</gc-op>
<gc-op id="1181" type="mark" timems="0.899" contextid="1159" timestamp="2019-06-14T19:08:56.495">
  <trace-info objectcount="563" scancount="531" scanbytes="14544" />
  <finalization candidates="124" enqueued="0" />
  <ownableSynchronizers candidates="3" cleared="0" />
  <references type="soft" candidates="148" cleared="0" enqueued="0" dynamicThreshold="9" maxThreshold="32" />
  <references type="weak" candidates="693" cleared="0" enqueued="0" />
  <references type="phantom" candidates="36" cleared="0" enqueued="0" />
  <stringconstants candidates="4597" cleared="0"  />
</gc-op>
<gc-op id="1182" type="sweep" timems="0.623" contextid="1159" timestamp="2019-06-14T19:08:56.495" />
<mem-info id="1183" free="23259864" total="30146560" percent="77">
  <mem type="nursery" free="21384544" total="23986176" percent="89">
    <mem type="allocate" free="21384544" total="21561344" percent="99" />
    <mem type="survivor" free="0" total="2424832" percent="0" />
  </mem>
  <mem type="tenure" free="1875320" total="6160384" percent="30" micro-fragmented="0" macro-fragmented="0">
    <mem type="soa" free="1763400" total="5853184" percent="30" />
    <mem type="loa" free="111920" total="307200" percent="36" />
  </mem>
  <remembered-set count="6615" />
</mem-info>
<gc-op id="1184" type="compact" timems="6.317" contextid="1159" timestamp="2019-06-14T19:08:56.502">
  <compact-info movecount="29119" movebytes="1249648" reason="compact to aid heap contraction" />
</gc-op>
<heap-resize id="1185" type="contract" space="tenure" amount="262144" count="1" timems="0.087" reason="heap reconfiguration" timestamp="2019-06-14T19:08:56.502" />
<gc-end id="1186" type="global" contextid="1159" durationms="9.946" usertimems="20.000" systemtimems="0.000" timestamp="2019-06-14T19:08:56.502" activeThreads="4">
  <mem-info id="1187" free="22980304" total="29884416" percent="76">
    <mem type="nursery" free="21397912" total="23986176" percent="89">
      <mem type="allocate" free="21397912" total="21561344" percent="99" />
      <mem type="survivor" free="0" total="2424832" percent="0" />
    </mem>
    <mem type="tenure" free="1582392" total="5898240" percent="26">
      <mem type="soa" free="1332536" total="5603328" percent="23" />
      <mem type="loa" free="249856" total="294912" percent="84" />
    </mem>
    <remembered-set count="6615" />
  </mem-info>
</gc-end>
<cycle-end id="1188" type="global" contextid="1159" timestamp="2019-06-14T19:08:56.502" />
  <attribute name="elasticGC enabled" value="1" />
  <attribute name= "numThreadsSpecified" value="4" />
  <attribute name="heapSize specified" value="30146560" />
  <attribute name="Current GC Util" value="68" />
  <attribute name= "Current Time Running" value="1464" />
  <attribute name ="GC Interval" value="200" />
  <attribute name="ProportionalT" value="24.000000" />
  <attribute name="ProportionalI" value="24.000000" />
  <attribute name="ProportionalH" value="24.000000" />
  <attribute name="Current Error" value="48.000000" />
  <attribute name="IntegralT" value="336.000000" />
  <attribute name="IntegralI" value="336.000000" />
  <attribute name="IntegralH" value="336.000000" />
  <attribute name="DerivativeT" value="-6.357143" />
  <attribute name="DerivativeI" value="-6.357143" />
  <attribute name="DerivativeH" value="-6.357143" />
  <attribute name="Loop Time for DT" value="7.000000" />
  <attribute name="Output H" value="8388608"/>
  <attribute name="Output I" value="360"/>
  <attribute name="Output T" value="4"/>
  <attribute name="Target GC Util Change" value ="20.000000" />
  <attribute name="Current GC Util Change" value="68.000000"/>
  <attribute name="GC Util currently" value="68" />
  <attribute name="CPU Util currently" value="715975794832" />
<allocation-satisfied id="1189" threadId="00000000016BE100" bytesRequested="40" />
<af-end id="1190" timestamp="2019-06-14T19:08:56.503" threadId="00000000016BEA88" success="true" from="nursery"/>
<exclusive-end id="1191" timestamp="2019-06-14T19:08:56.503" durationms="10.553" />

<exclusive-start id="1192" timestamp="2019-06-14T19:08:56.526" intervalms="34.088">
  <response-info timems="0.048" idlems="0.048" threads="0" lastid="00000000016B6900" lastname="Thread-8" />
</exclusive-start>
<af-start id="1193" threadId="00000000016B7288" totalBytesRequested="40" timestamp="2019-06-14T19:08:56.526" intervalms="34.094" type="nursery" />
<cycle-start id="1194" type="scavenge" contextid="0" timestamp="2019-06-14T19:08:56.526" intervalms="64.960" />
<gc-start id="1195" type="scavenge" contextid="1194" timestamp="2019-06-14T19:08:56.526">
  <mem-info id="1196" free="1582392" total="29884416" percent="5">
    <mem type="nursery" free="0" total="23986176" percent="0">
      <mem type="allocate" free="0" total="21561344" percent="0" />
      <mem type="survivor" free="0" total="2424832" percent="0" />
    </mem>
    <mem type="tenure" free="1582392" total="5898240" percent="26">
      <mem type="soa" free="1332536" total="5603328" percent="23" />
      <mem type="loa" free="249856" total="294912" percent="84" />
    </mem>
    <remembered-set count="7881" />
  </mem-info>
</gc-start>
<allocation-stats totalBytes="21395304" >
  <allocated-bytes non-tlh="40" tlh="21395264" />
  <largest-consumer threadName="Thread-10" threadId="00000000016B2D00" bytes="7306304" />
</allocation-stats>
<gc-op id="1197" type="scavenge" timems="0.424" contextid="1194" timestamp="2019-06-14T19:08:56.527">
  <scavenger-info tenureage="3" tenuremask="4008" tiltratio="89" />
  <memory-copied type="nursery" objects="5639" bytes="136640" bytesdiscarded="190528" />
  <memory-copied type="tenure" objects="2403" bytes="57672" bytesdiscarded="0" />
  <ownableSynchronizers candidates="6" cleared="6" />
</gc-op>
<gc-end id="1198" type="scavenge" contextid="1194" durationms="0.763" usertimems="0.000" systemtimems="0.000" timestamp="2019-06-14T19:08:56.527" activeThreads="4">
  <mem-info id="1199" free="22738232" total="29884416" percent="76">
    <mem type="nursery" free="21234176" total="23986176" percent="88">
      <mem type="allocate" free="21234176" total="21561344" percent="98" />
      <mem type="survivor" free="0" total="2424832" percent="0" />
    </mem>
    <mem type="tenure" free="1504056" total="5898240" percent="25">
      <mem type="soa" free="1254200" total="5603328" percent="22" />
      <mem type="loa" free="249856" total="294912" percent="84" />
    </mem>
    <remembered-set count="5478" />
  </mem-info>
</gc-end>
<cycle-end id="1200" type="scavenge" contextid="1194" timestamp="2019-06-14T19:08:56.527" />
  <attribute name="elasticGC enabled" value="1" />
  <attribute name= "numThreadsSpecified" value="4" />
  <attribute name="heapSize specified" value="30146560" />
  <attribute name="Current GC Util" value="46" />
  <attribute name= "Current Time Running" value="1488" />
  <attribute name ="GC Interval" value="640" />
  <attribute name="ProportionalT" value="13.000000" />
  <attribute name="ProportionalI" value="13.000000" />
  <attribute name="ProportionalH" value="13.000000" />
  <attribute name="Current Error" value="26.000000" />
  <attribute name="IntegralT" value="624.000000" />
  <attribute name="IntegralI" value="624.000000" />
  <attribute name="IntegralH" value="624.000000" />
  <attribute name="DerivativeT" value="-0.458333" />
  <attribute name="DerivativeI" value="-0.458333" />
  <attribute name="DerivativeH" value="-0.458333" />
  <attribute name="Loop Time for DT" value="24.000000" />
  <attribute name="Output H" value="8388608"/>
  <attribute name="Output I" value="640"/>
  <attribute name="Output T" value="4"/>
  <attribute name="Target GC Util Change" value ="20.000000" />
  <attribute name="Current GC Util Change" value="46.000000"/>
  <attribute name="GC Util currently" value="46" />
  <attribute name="CPU Util currently" value="186458865971" />
<allocation-satisfied id="1201" threadId="00000000016B6900" bytesRequested="40" />
<af-end id="1202" timestamp="2019-06-14T19:08:56.528" threadId="00000000016B7288" success="true" from="nursery"/>
<exclusive-end id="1203" timestamp="2019-06-14T19:08:56.528" durationms="1.342" />

<exclusive-start id="1204" timestamp="2019-06-14T19:08:56.551" intervalms="24.670">
  <response-info timems="0.024" idlems="0.024" threads="0" lastid="00000000016B6900" lastname="Thread-8" />
</exclusive-start>
<af-start id="1205" threadId="00000000016B7288" totalBytesRequested="40" timestamp="2019-06-14T19:08:56.551" intervalms="24.645" type="nursery" />
<cycle-start id="1206" type="scavenge" contextid="0" timestamp="2019-06-14T19:08:56.551" intervalms="24.640" />
<gc-start id="1207" type="scavenge" contextid="1206" timestamp="2019-06-14T19:08:56.551">
  <mem-info id="1208" free="1504056" total="29884416" percent="5">
    <mem type="nursery" free="0" total="23986176" percent="0">
      <mem type="allocate" free="0" total="21561344" percent="0" />
      <mem type="survivor" free="0" total="2424832" percent="0" />
    </mem>
    <mem type="tenure" free="1504056" total="5898240" percent="25">
      <mem type="soa" free="1254200" total="5603328" percent="22" />
      <mem type="loa" free="249856" total="294912" percent="84" />
    </mem>
    <remembered-set count="6701" />
  </mem-info>
</gc-start>
<allocation-stats totalBytes="21231688" >
  <allocated-bytes non-tlh="40" tlh="21231648" />
  <largest-consumer threadName="Thread-8" threadId="00000000016B6900" bytes="7568504" />
</allocation-stats>
<gc-op id="1209" type="scavenge" timems="0.417" contextid="1206" timestamp="2019-06-14T19:08:56.552">
  <scavenger-info tenureage="3" tenuremask="4008" tiltratio="89" />
  <memory-copied type="nursery" objects="5581" bytes="135400" bytesdiscarded="314648" />
  <memory-copied type="tenure" objects="1306" bytes="31344" bytesdiscarded="0" />
</gc-op>
<gc-end id="1210" type="scavenge" contextid="1206" durationms="0.615" usertimems="4.000" systemtimems="0.000" timestamp="2019-06-14T19:08:56.552" activeThreads="4">
  <mem-info id="1211" free="22484024" total="29884416" percent="75">
    <mem type="nursery" free="21111296" total="23986176" percent="88">
      <mem type="allocate" free="21111296" total="21561344" percent="97" />
      <mem type="survivor" free="0" total="2424832" percent="0" />
    </mem>
    <mem type="tenure" free="1372728" total="5898240" percent="23">
      <mem type="soa" free="1122872" total="5603328" percent="20" />
      <mem type="loa" free="249856" total="294912" percent="84" />
    </mem>
    <remembered-set count="5395" />
  </mem-info>
</gc-end>
<cycle-end id="1212" type="scavenge" contextid="1206" timestamp="2019-06-14T19:08:56.552" />
  <attribute name="elasticGC enabled" value="1" />
  <attribute name= "numThreadsSpecified" value="4" />
  <attribute name="heapSize specified" value="30146560" />
  <attribute name="Current GC Util" value="5" />
  <attribute name= "Current Time Running" value="1513" />
  <attribute name ="GC Interval" value="200" />
  <attribute name="ProportionalT" value="-7.500000" />
  <attribute name="ProportionalI" value="-7.500000" />
  <attribute name="ProportionalH" value="-7.500000" />
  <attribute name="Current Error" value="-15.000000" />
  <attribute name="IntegralT" value="-375.000000" />
  <attribute name="IntegralI" value="-375.000000" />
  <attribute name="IntegralH" value="-375.000000" />
  <attribute name="DerivativeT" value="-0.820000" />
  <attribute name="DerivativeI" value="-0.820000" />
  <attribute name="DerivativeH" value="-0.820000" />
  <attribute name="Loop Time for DT" value="25.000000" />
  <attribute name="Output H" value="2092630016"/>
  <attribute name="Output I" value="200"/>
  <attribute name="Output T" value="4"/>
  <attribute name="Target GC Util Change" value ="20.000000" />
  <attribute name="Current GC Util Change" value="5.000000"/>
  <attribute name="GC Util currently" value="5" />
  <attribute name="CPU Util currently" value="187755367465" />
<allocation-satisfied id="1213" threadId="00000000016B6900" bytesRequested="40" />
<af-end id="1214" timestamp="2019-06-14T19:08:56.552" threadId="00000000016B7288" success="true" from="nursery"/>
<exclusive-end id="1215" timestamp="2019-06-14T19:08:56.552" durationms="1.083" />

<exclusive-start id="1216" timestamp="2019-06-14T19:08:56.573" intervalms="22.461">
  <response-info timems="0.027" idlems="0.027" threads="0" lastid="00000000016BE100" lastname="Thread-9" />
</exclusive-start>
<af-start id="1217" threadId="00000000016BEA88" totalBytesRequested="24" timestamp="2019-06-14T19:08:56.573" intervalms="22.468" type="nursery" />
<cycle-start id="1218" type="scavenge" contextid="0" timestamp="2019-06-14T19:08:56.574" intervalms="22.472" />
<gc-start id="1219" type="scavenge" contextid="1218" timestamp="2019-06-14T19:08:56.574">
  <mem-info id="1220" free="1372728" total="29884416" percent="4">
    <mem type="nursery" free="0" total="23986176" percent="0">
      <mem type="allocate" free="0" total="21561344" percent="0" />
      <mem type="survivor" free="0" total="2424832" percent="0" />
    </mem>
    <mem type="tenure" free="1372728" total="5898240" percent="23">
      <mem type="soa" free="1122872" total="5603328" percent="20" />
      <mem type="loa" free="249856" total="294912" percent="84" />
    </mem>
    <remembered-set count="6594" />
  </mem-info>
</gc-start>
<allocation-stats totalBytes="21108936" >
  <allocated-bytes non-tlh="40" tlh="21108896" />
  <largest-consumer threadName="Thread-9" threadId="00000000016BE100" bytes="8232568" />
</allocation-stats>
<gc-op id="1221" type="scavenge" timems="1.018" contextid="1218" timestamp="2019-06-14T19:08:56.575">
  <scavenger-info tenureage="3" tenuremask="ffe8" tiltratio="89" />
  <memory-copied type="nursery" objects="12115" bytes="429560" bytesdiscarded="221704" />
  <memory-copied type="tenure" objects="1423" bytes="34152" bytesdiscarded="0" />
</gc-op>
<gc-end id="1222" type="scavenge" contextid="1218" durationms="1.237" usertimems="4.000" systemtimems="0.000" timestamp="2019-06-14T19:08:56.575" activeThreads="4">
  <mem-info id="1223" free="22112312" total="29884416" percent="73">
    <mem type="nursery" free="20910080" total="23986176" percent="87">
      <mem type="allocate" free="20910080" total="21561344" percent="96" />
      <mem type="survivor" free="0" total="2424832" percent="0" />
    </mem>
    <mem type="tenure" free="1202232" total="5898240" percent="20">
      <mem type="soa" free="952376" total="5603328" percent="16" />
      <mem type="loa" free="249856" total="294912" percent="84" />
    </mem>
    <remembered-set count="5171" />
  </mem-info>
</gc-end>
<cycle-end id="1224" type="scavenge" contextid="1218" timestamp="2019-06-14T19:08:56.575" />
  <attribute name="elasticGC enabled" value="1" />
  <attribute name= "numThreadsSpecified" value="4" />
  <attribute name="heapSize specified" value="30146560" />
  <attribute name="Current GC Util" value="5" />
  <attribute name= "Current Time Running" value="1536" />
  <attribute name ="GC Interval" value="200" />
  <attribute name="ProportionalT" value="-7.500000" />
  <attribute name="ProportionalI" value="-7.500000" />
  <attribute name="ProportionalH" value="-7.500000" />
  <attribute name="Current Error" value="-15.000000" />
  <attribute name="IntegralT" value="-345.000000" />
  <attribute name="IntegralI" value="-345.000000" />
  <attribute name="IntegralH" value="-345.000000" />
  <attribute name="DerivativeT" value="-0.326087" />
  <attribute name="DerivativeI" value="-0.326087" />
  <attribute name="DerivativeH" value="-0.326087" />
  <attribute name="Loop Time for DT" value="23.000000" />
  <attribute name="Output H" value="2092630016"/>
  <attribute name="Output I" value="200"/>
  <attribute name="Output T" value="4"/>
  <attribute name="Target GC Util Change" value ="20.000000" />
  <attribute name="Current GC Util Change" value="5.000000"/>
  <attribute name="GC Util currently" value="5" />
  <attribute name="CPU Util currently" value="205065425883" />
<allocation-satisfied id="1225" threadId="00000000016BE100" bytesRequested="24" />
<af-end id="1226" timestamp="2019-06-14T19:08:56.575" threadId="00000000016BEA88" success="true" from="nursery"/>
<exclusive-end id="1227" timestamp="2019-06-14T19:08:56.575" durationms="1.745" />

<exclusive-start id="1228" timestamp="2019-06-14T19:08:56.595" intervalms="22.073">
  <response-info timems="0.034" idlems="0.034" threads="0" lastid="00000000016BE100" lastname="Thread-9" />
</exclusive-start>
<af-start id="1229" threadId="00000000016BEA88" totalBytesRequested="40" timestamp="2019-06-14T19:08:56.596" intervalms="22.080" type="nursery" />
<cycle-start id="1230" type="scavenge" contextid="0" timestamp="2019-06-14T19:08:56.596" intervalms="22.088" />
<gc-start id="1231" type="scavenge" contextid="1230" timestamp="2019-06-14T19:08:56.596">
  <mem-info id="1232" free="1202232" total="29884416" percent="4">
    <mem type="nursery" free="0" total="23986176" percent="0">
      <mem type="allocate" free="0" total="21561344" percent="0" />
      <mem type="survivor" free="0" total="2424832" percent="0" />
    </mem>
    <mem type="tenure" free="1202232" total="5898240" percent="20">
      <mem type="soa" free="952376" total="5603328" percent="16" />
      <mem type="loa" free="249856" total="294912" percent="84" />
    </mem>
    <remembered-set count="6069" />
  </mem-info>
</gc-start>
<allocation-stats totalBytes="20907184" >
  <allocated-bytes non-tlh="24" tlh="20907160" />
  <largest-consumer threadName="Thread-9" threadId="00000000016BE100" bytes="9141032" />
</allocation-stats>
<gc-op id="1233" type="scavenge" timems="1.499" contextid="1230" timestamp="2019-06-14T19:08:56.597">
  <scavenger-info tenureage="3" tenuremask="ffe8" tiltratio="89" />
  <memory-copied type="nursery" objects="11980" bytes="426480" bytesdiscarded="88080" />
  <memory-copied type="tenure" objects="2651" bytes="63624" bytesdiscarded="0" />
</gc-op>
<gc-end id="1234" type="scavenge" contextid="1230" durationms="1.725" usertimems="4.000" systemtimems="0.000" timestamp="2019-06-14T19:08:56.597" activeThreads="4">
  <mem-info id="1235" free="22209848" total="29884416" percent="74">
    <mem type="nursery" free="21046784" total="23986176" percent="87">
      <mem type="allocate" free="21046784" total="21561344" percent="97" />
      <mem type="survivor" free="0" total="2424832" percent="0" />
    </mem>
    <mem type="tenure" free="1163064" total="5898240" percent="19">
      <mem type="soa" free="913208" total="5603328" percent="16" />
      <mem type="loa" free="249856" total="294912" percent="84" />
    </mem>
    <remembered-set count="3417" />
  </mem-info>
</gc-end>
<cycle-end id="1236" type="scavenge" contextid="1230" timestamp="2019-06-14T19:08:56.597" />
  <attribute name="elasticGC enabled" value="1" />
  <attribute name= "numThreadsSpecified" value="4" />
  <attribute name="heapSize specified" value="30146560" />
  <attribute name="Current GC Util" value="11" />
  <attribute name= "Current Time Running" value="1558" />
  <attribute name ="GC Interval" value="200" />
  <attribute name="ProportionalT" value="-4.500000" />
  <attribute name="ProportionalI" value="-4.500000" />
  <attribute name="ProportionalH" value="-4.500000" />
  <attribute name="Current Error" value="-9.000000" />
  <attribute name="IntegralT" value="-198.000000" />
  <attribute name="IntegralI" value="-198.000000" />
  <attribute name="IntegralH" value="-198.000000" />
  <attribute name="DerivativeT" value="-0.204545" />
  <attribute name="DerivativeI" value="-0.204545" />
  <attribute name="DerivativeH" value="-0.204545" />
  <attribute name="Loop Time for DT" value="22.000000" />
  <attribute name="Output H" value="2092630016"/>
  <attribute name="Output I" value="200"/>
  <attribute name="Output T" value="4"/>
  <attribute name="Target GC Util Change" value ="20.000000" />
  <attribute name="Current GC Util Change" value="11.000000"/>
  <attribute name="GC Util currently" value="11" />
  <attribute name="CPU Util currently" value="208832543113" />
<allocation-satisfied id="1237" threadId="00000000016BE100" bytesRequested="40" />
<af-end id="1238" timestamp="2019-06-14T19:08:56.598" threadId="00000000016BEA88" success="true" from="nursery"/>
<exclusive-end id="1239" timestamp="2019-06-14T19:08:56.598" durationms="2.291" />

<exclusive-start id="1240" timestamp="2019-06-14T19:08:56.615" intervalms="20.047">
  <response-info timems="0.026" idlems="0.026" threads="0" lastid="00000000016BE100" lastname="Thread-9" />
</exclusive-start>
<af-start id="1241" threadId="00000000016BEA88" totalBytesRequested="40" timestamp="2019-06-14T19:08:56.616" intervalms="20.045" type="nursery" />
<cycle-start id="1242" type="scavenge" contextid="0" timestamp="2019-06-14T19:08:56.616" intervalms="20.040" />
<gc-start id="1243" type="scavenge" contextid="1242" timestamp="2019-06-14T19:08:56.616">
  <mem-info id="1244" free="1163064" total="29884416" percent="3">
    <mem type="nursery" free="0" total="23986176" percent="0">
      <mem type="allocate" free="0" total="21561344" percent="0" />
      <mem type="survivor" free="0" total="2424832" percent="0" />
    </mem>
    <mem type="tenure" free="1163064" total="5898240" percent="19">
      <mem type="soa" free="913208" total="5603328" percent="16" />
      <mem type="loa" free="249856" total="294912" percent="84" />
    </mem>
    <remembered-set count="4318" />
  </mem-info>
</gc-start>
<allocation-stats totalBytes="21044376" >
  <allocated-bytes non-tlh="40" tlh="21044336" />
  <largest-consumer threadName="Thread-9" threadId="00000000016BE100" bytes="7643832" />
</allocation-stats>
<gc-op id="1245" type="scavenge" timems="1.982" contextid="1242" timestamp="2019-06-14T19:08:56.618">
  <scavenger-info tenureage="3" tenuremask="ffe8" tiltratio="89" />
  <memory-copied type="nursery" objects="12000" bytes="426800" bytesdiscarded="149200" />
  <memory-copied type="tenure" objects="1227" bytes="29448" bytesdiscarded="0" />
</gc-op>
<heap-resize id="1246" type="expand" space="nursery" amount="1310720" count="1" timems="0.025" reason="excessive time being spent scavenging" timestamp="2019-06-14T19:08:56.618" />
<gc-end id="1247" type="scavenge" contextid="1242" durationms="2.367" usertimems="4.000" systemtimems="0.000" timestamp="2019-06-14T19:08:56.618" activeThreads="4">
  <mem-info id="1248" free="23288888" total="31195136" percent="74">
    <mem type="nursery" free="22164992" total="25296896" percent="87">
      <mem type="allocate" free="22164992" total="22740992" percent="97" />
      <mem type="survivor" free="0" total="2555904" percent="0" />
    </mem>
    <mem type="tenure" free="1123896" total="5898240" percent="19">
      <mem type="soa" free="874040" total="5603328" percent="15" />
      <mem type="loa" free="249856" total="294912" percent="84" />
    </mem>
    <remembered-set count="3091" />
  </mem-info>
</gc-end>
<cycle-end id="1249" type="scavenge" contextid="1242" timestamp="2019-06-14T19:08:56.618" />
  <attribute name="elasticGC enabled" value="1" />
  <attribute name= "numThreadsSpecified" value="4" />
  <attribute name="heapSize specified" value="30146560" />
  <attribute name="Current GC Util" value="17" />
  <attribute name= "Current Time Running" value="1578" />
  <attribute name ="GC Interval" value="200" />
  <attribute name="ProportionalT" value="-1.500000" />
  <attribute name="ProportionalI" value="-1.500000" />
  <attribute name="ProportionalH" value="-1.500000" />
  <attribute name="Current Error" value="-3.000000" />
  <attribute name="IntegralT" value="-60.000000" />
  <attribute name="IntegralI" value="-60.000000" />
  <attribute name="IntegralH" value="-60.000000" />
  <attribute name="DerivativeT" value="-0.075000" />
  <attribute name="DerivativeI" value="-0.075000" />
  <attribute name="DerivativeH" value="-0.075000" />
  <attribute name="Loop Time for DT" value="20.000000" />
  <attribute name="Output H" value="2092630016"/>
  <attribute name="Output I" value="200"/>
  <attribute name="Output T" value="4"/>
  <attribute name="Target GC Util Change" value ="20.000000" />
  <attribute name="Current GC Util Change" value="17.000000"/>
  <attribute name="GC Util currently" value="17" />
  <attribute name="CPU Util currently" value="230098011480" />
<allocation-satisfied id="1250" threadId="00000000016BE100" bytesRequested="40" />
<af-end id="1251" timestamp="2019-06-14T19:08:56.618" threadId="00000000016BEA88" success="true" from="nursery"/>
<exclusive-end id="1252" timestamp="2019-06-14T19:08:56.618" durationms="2.936" />

<exclusive-start id="1253" timestamp="2019-06-14T19:08:56.634" intervalms="18.124">
  <response-info timems="0.034" idlems="0.034" threads="0" lastid="00000000016BA500" lastname="Thread-7" />
</exclusive-start>
<af-start id="1254" threadId="00000000016BAE88" totalBytesRequested="40" timestamp="2019-06-14T19:08:56.634" intervalms="18.109" type="nursery" />
<cycle-start id="1255" type="scavenge" contextid="0" timestamp="2019-06-14T19:08:56.634" intervalms="18.088" />
<gc-start id="1256" type="scavenge" contextid="1255" timestamp="2019-06-14T19:08:56.634">
  <mem-info id="1257" free="1123896" total="31195136" percent="3">
    <mem type="nursery" free="0" total="25296896" percent="0">
      <mem type="allocate" free="0" total="22740992" percent="0" />
      <mem type="survivor" free="0" total="2555904" percent="0" />
    </mem>
    <mem type="tenure" free="1123896" total="5898240" percent="19">
      <mem type="soa" free="874040" total="5603328" percent="15" />
      <mem type="loa" free="249856" total="294912" percent="84" />
    </mem>
    <remembered-set count="4217" />
  </mem-info>
</gc-start>
<allocation-stats totalBytes="22162232" >
  <allocated-bytes non-tlh="40" tlh="22162192" />
  <largest-consumer threadName="Thread-9" threadId="00000000016BE100" bytes="6913320" />
</allocation-stats>
<gc-op id="1258" type="scavenge" timems="1.185" contextid="1255" timestamp="2019-06-14T19:08:56.635">
  <scavenger-info tenureage="3" tenuremask="ffe8" tiltratio="89" />
  <memory-copied type="nursery" objects="6368" bytes="153448" bytesdiscarded="165272" />
  <memory-copied type="tenure" objects="7958" bytes="328368" bytesdiscarded="24" />
</gc-op>
<gc-end id="1259" type="scavenge" contextid="1255" durationms="1.719" usertimems="4.000" systemtimems="0.000" timestamp="2019-06-14T19:08:56.636" activeThreads="4">
  <mem-info id="1260" free="23235896" total="31195136" percent="74">
    <mem type="nursery" free="22422272" total="25296896" percent="88">
      <mem type="allocate" free="22422272" total="22740992" percent="98" />
      <mem type="survivor" free="0" total="2555904" percent="0" />
    </mem>
    <mem type="tenure" free="813624" total="5898240" percent="13">
      <mem type="soa" free="563768" total="5603328" percent="10" />
      <mem type="loa" free="249856" total="294912" percent="84" />
    </mem>
    <remembered-set count="5329" />
  </mem-info>
</gc-end>
<cycle-end id="1261" type="scavenge" contextid="1255" timestamp="2019-06-14T19:08:56.636" />
  <attribute name="elasticGC enabled" value="1" />
  <attribute name= "numThreadsSpecified" value="4" />
  <attribute name="heapSize specified" value="30146560" />
  <attribute name="Current GC Util" value="24" />
  <attribute name= "Current Time Running" value="1596" />
  <attribute name ="GC Interval" value="200" />
  <attribute name="ProportionalT" value="2.000000" />
  <attribute name="ProportionalI" value="2.000000" />
  <attribute name="ProportionalH" value="2.000000" />
  <attribute name="Current Error" value="4.000000" />
  <attribute name="IntegralT" value="72.000000" />
  <attribute name="IntegralI" value="72.000000" />
  <attribute name="IntegralH" value="72.000000" />
  <attribute name="DerivativeT" value="0.111111" />
  <attribute name="DerivativeI" value="0.111111" />
  <attribute name="DerivativeH" value="0.111111" />
  <attribute name="Loop Time for DT" value="18.000000" />
  <attribute name="Output H" value="8388608"/>
  <attribute name="Output I" value="200"/>
  <attribute name="Output T" value="4"/>
  <attribute name="Target GC Util Change" value ="20.000000" />
  <attribute name="Current GC Util Change" value="24.000000"/>
  <attribute name="GC Util currently" value="24" />
  <attribute name="CPU Util currently" value="255765231711" />
<allocation-satisfied id="1262" threadId="00000000016BA500" bytesRequested="40" />
<af-end id="1263" timestamp="2019-06-14T19:08:56.636" threadId="00000000016BAE88" success="true" from="nursery"/>
<exclusive-end id="1264" timestamp="2019-06-14T19:08:56.636" durationms="2.133" />

<exclusive-start id="1265" timestamp="2019-06-14T19:08:56.653" intervalms="19.634">
  <response-info timems="0.030" idlems="0.029" threads="1" lastid="00000000016BE100" lastname="Thread-9" />
</exclusive-start>
<af-start id="1266" threadId="00000000016B7288" totalBytesRequested="40" timestamp="2019-06-14T19:08:56.653" intervalms="19.655" type="nursery" />
<cycle-start id="1267" type="scavenge" contextid="0" timestamp="2019-06-14T19:08:56.653" intervalms="19.668" />
<gc-start id="1268" type="scavenge" contextid="1267" timestamp="2019-06-14T19:08:56.653">
  <mem-info id="1269" free="813624" total="31195136" percent="2">
    <mem type="nursery" free="0" total="25296896" percent="0">
      <mem type="allocate" free="0" total="22740992" percent="0" />
      <mem type="survivor" free="0" total="2555904" percent="0" />
    </mem>
    <mem type="tenure" free="813624" total="5898240" percent="13">
      <mem type="soa" free="563768" total="5603328" percent="10" />
      <mem type="loa" free="249856" total="294912" percent="84" />
    </mem>
    <remembered-set count="6641" />
  </mem-info>
</gc-start>
<allocation-stats totalBytes="22419664" >
  <allocated-bytes non-tlh="40" tlh="22419624" />
  <largest-consumer threadName="Thread-9" threadId="00000000016BE100" bytes="8354976" />
</allocation-stats>
<gc-op id="1270" type="scavenge" timems="1.084" contextid="1267" timestamp="2019-06-14T19:08:56.655">
  <scavenger-info tenureage="3" tenuremask="ffe8" tiltratio="89" />
  <memory-copied type="nursery" objects="11875" bytes="423328" bytesdiscarded="197216" />
  <memory-copied type="tenure" objects="2464" bytes="59136" bytesdiscarded="0" />
</gc-op>
<gc-end id="1271" type="scavenge" contextid="1267" durationms="1.348" usertimems="4.000" systemtimems="0.000" timestamp="2019-06-14T19:08:56.655" activeThreads="4">
  <mem-info id="1272" free="22894904" total="31195136" percent="73">
    <mem type="nursery" free="22120448" total="25296896" percent="87">
      <mem type="allocate" free="22120448" total="22740992" percent="97" />
      <mem type="survivor" free="0" total="2555904" percent="0" />
    </mem>
    <mem type="tenure" free="774456" total="5898240" percent="13">
      <mem type="soa" free="524600" total="5603328" percent="9" />
      <mem type="loa" free="249856" total="294912" percent="84" />
    </mem>
    <remembered-set count="4177" />
  </mem-info>
</gc-end>
<cycle-end id="1273" type="scavenge" contextid="1267" timestamp="2019-06-14T19:08:56.655" />
  <attribute name="elasticGC enabled" value="1" />
  <attribute name= "numThreadsSpecified" value="4" />
  <attribute name="heapSize specified" value="30146560" />
  <attribute name="Current GC Util" value="16" />
  <attribute name= "Current Time Running" value="1615" />
  <attribute name ="GC Interval" value="200" />
  <attribute name="ProportionalT" value="-2.000000" />
  <attribute name="ProportionalI" value="-2.000000" />
  <attribute name="ProportionalH" value="-2.000000" />
  <attribute name="Current Error" value="-4.000000" />
  <attribute name="IntegralT" value="-76.000000" />
  <attribute name="IntegralI" value="-76.000000" />
  <attribute name="IntegralH" value="-76.000000" />
  <attribute name="DerivativeT" value="-0.210526" />
  <attribute name="DerivativeI" value="-0.210526" />
  <attribute name="DerivativeH" value="-0.210526" />
  <attribute name="Loop Time for DT" value="19.000000" />
  <attribute name="Output H" value="2092630016"/>
  <attribute name="Output I" value="200"/>
  <attribute name="Output T" value="4"/>
  <attribute name="Target GC Util Change" value ="20.000000" />
  <attribute name="Current GC Util Change" value="16.000000"/>
  <attribute name="GC Util currently" value="16" />
  <attribute name="CPU Util currently" value="234026395943" />
<allocation-satisfied id="1274" threadId="00000000016B6900" bytesRequested="40" />
<af-end id="1275" timestamp="2019-06-14T19:08:56.655" threadId="00000000016B7288" success="true" from="nursery"/>
<exclusive-end id="1276" timestamp="2019-06-14T19:08:56.655" durationms="2.084" />

<exclusive-start id="1277" timestamp="2019-06-14T19:08:56.666" intervalms="12.555">
  <response-info timems="0.026" idlems="0.026" threads="0" lastid="00000000016BE100" lastname="Thread-9" />
</exclusive-start>
<af-start id="1278" threadId="00000000016BEA88" totalBytesRequested="40" timestamp="2019-06-14T19:08:56.666" intervalms="12.530" type="nursery" />
<cycle-start id="1279" type="scavenge" contextid="0" timestamp="2019-06-14T19:08:56.666" intervalms="12.533" />
<gc-start id="1280" type="scavenge" contextid="1279" timestamp="2019-06-14T19:08:56.666">
  <mem-info id="1281" free="774456" total="31195136" percent="2">
    <mem type="nursery" free="0" total="25296896" percent="0">
      <mem type="allocate" free="0" total="22740992" percent="0" />
      <mem type="survivor" free="0" total="2555904" percent="0" />
    </mem>
    <mem type="tenure" free="774456" total="5898240" percent="13">
      <mem type="soa" free="524600" total="5603328" percent="9" />
      <mem type="loa" free="249856" total="294912" percent="84" />
    </mem>
    <remembered-set count="4758" />
  </mem-info>
</gc-start>
<allocation-stats totalBytes="22118008" >
  <allocated-bytes non-tlh="40" tlh="22117968" />
  <largest-consumer threadName="Thread-10" threadId="00000000016B2D00" bytes="6882520" />
</allocation-stats>
<gc-op id="1282" type="scavenge" timems="1.154" contextid="1279" timestamp="2019-06-14T19:08:56.667">
  <scavenger-info tenureage="3" tenuremask="ffe8" tiltratio="89" />
  <memory-copied type="nursery" objects="19605" bytes="746704" bytesdiscarded="54944" />
  <memory-copied type="tenure" objects="1310" bytes="31440" bytesdiscarded="0" />
</gc-op>
<heap-resize id="1283" type="expand" space="nursery" amount="1310720" count="1" timems="0.016" reason="excessive time being spent scavenging" timestamp="2019-06-14T19:08:56.667" />
<gc-end id="1284" type="scavenge" contextid="1279" durationms="1.503" usertimems="4.000" systemtimems="0.000" timestamp="2019-06-14T19:08:56.668" activeThreads="4">
  <mem-info id="1285" free="23854280" total="32505856" percent="73">
    <mem type="nursery" free="23118992" total="26607616" percent="86">
      <mem type="allocate" free="23118992" total="23920640" percent="96" />
      <mem type="survivor" free="0" total="2686976" percent="0" />
    </mem>
    <mem type="tenure" free="735288" total="5898240" percent="12">
      <mem type="soa" free="485432" total="5603328" percent="8" />
      <mem type="loa" free="249856" total="294912" percent="84" />
    </mem>
    <remembered-set count="3447" />
  </mem-info>
</gc-end>
<cycle-end id="1286" type="scavenge" contextid="1279" timestamp="2019-06-14T19:08:56.668" />
  <attribute name="elasticGC enabled" value="1" />
  <attribute name= "numThreadsSpecified" value="4" />
  <attribute name="heapSize specified" value="30146560" />
  <attribute name="Current GC Util" value="22" />
  <attribute name= "Current Time Running" value="1628" />
  <attribute name ="GC Interval" value="200" />
  <attribute name="ProportionalT" value="1.000000" />
  <attribute name="ProportionalI" value="1.000000" />
  <attribute name="ProportionalH" value="1.000000" />
  <attribute name="Current Error" value="2.000000" />
  <attribute name="IntegralT" value="26.000000" />
  <attribute name="IntegralI" value="26.000000" />
  <attribute name="IntegralH" value="26.000000" />
  <attribute name="DerivativeT" value="0.076923" />
  <attribute name="DerivativeI" value="0.076923" />
  <attribute name="DerivativeH" value="0.076923" />
  <attribute name="Loop Time for DT" value="13.000000" />
  <attribute name="Output H" value="8388608"/>
  <attribute name="Output I" value="200"/>
  <attribute name="Output T" value="4"/>
  <attribute name="Target GC Util Change" value ="20.000000" />
  <attribute name="Current GC Util Change" value="22.000000"/>
  <attribute name="GC Util currently" value="22" />
  <attribute name="CPU Util currently" value="364637612083" />
<allocation-satisfied id="1287" threadId="00000000016BE100" bytesRequested="40" />
<af-end id="1288" timestamp="2019-06-14T19:08:56.668" threadId="00000000016BEA88" success="true" from="nursery"/>
<exclusive-end id="1289" timestamp="2019-06-14T19:08:56.668" durationms="2.095" />

<exclusive-start id="1290" timestamp="2019-06-14T19:08:56.679" intervalms="13.343">
  <response-info timems="0.025" idlems="0.024" threads="1" lastid="00000000016B2D00" lastname="Thread-10" />
</exclusive-start>
<af-start id="1291" threadId="00000000016BEA88" totalBytesRequested="24" timestamp="2019-06-14T19:08:56.679" intervalms="13.330" type="nursery" />
<cycle-start id="1292" type="scavenge" contextid="0" timestamp="2019-06-14T19:08:56.679" intervalms="13.323" />
<gc-start id="1293" type="scavenge" contextid="1292" timestamp="2019-06-14T19:08:56.679">
  <mem-info id="1294" free="735288" total="32505856" percent="2">
    <mem type="nursery" free="0" total="26607616" percent="0">
      <mem type="allocate" free="0" total="23920640" percent="0" />
      <mem type="survivor" free="0" total="2686976" percent="0" />
    </mem>
    <mem type="tenure" free="735288" total="5898240" percent="12">
      <mem type="soa" free="485432" total="5603328" percent="8" />
      <mem type="loa" free="249856" total="294912" percent="84" />
    </mem>
    <remembered-set count="4042" />
  </mem-info>
</gc-start>
<allocation-stats totalBytes="23116232" >
  <allocated-bytes non-tlh="40" tlh="23116192" />
  <largest-consumer threadName="Thread-8" threadId="00000000016B6900" bytes="7094360" />
</allocation-stats>
<gc-op id="1295" type="scavenge" timems="1.659" contextid="1292" timestamp="2019-06-14T19:08:56.681">
  <scavenger-info tenureage="3" tenuremask="ffe8" tiltratio="89" />
  <memory-copied type="nursery" objects="15531" bytes="648520" bytesdiscarded="111800" />
  <memory-copied type="tenure" objects="2467" bytes="59208" bytesdiscarded="0" />
</gc-op>
<gc-end id="1296" type="scavenge" contextid="1292" durationms="1.874" usertimems="4.000" systemtimems="0.000" timestamp="2019-06-14T19:08:56.681" activeThreads="4">
  <mem-info id="1297" free="23856440" total="32505856" percent="73">
    <mem type="nursery" free="23160320" total="26607616" percent="87">
      <mem type="allocate" free="23160320" total="23920640" percent="96" />
      <mem type="survivor" free="0" total="2686976" percent="0" />
    </mem>
    <mem type="tenure" free="696120" total="5898240" percent="11">
      <mem type="soa" free="446264" total="5603328" percent="7" />
      <mem type="loa" free="249856" total="294912" percent="84" />
    </mem>
    <remembered-set count="2597" />
  </mem-info>
</gc-end>
<cycle-end id="1298" type="scavenge" contextid="1292" timestamp="2019-06-14T19:08:56.681" />
  <attribute name="elasticGC enabled" value="1" />
  <attribute name= "numThreadsSpecified" value="4" />
  <attribute name="heapSize specified" value="30146560" />
  <attribute name="Current GC Util" value="23" />
  <attribute name= "Current Time Running" value="1641" />
  <attribute name ="GC Interval" value="200" />
  <attribute name="ProportionalT" value="1.500000" />
  <attribute name="ProportionalI" value="1.500000" />
  <attribute name="ProportionalH" value="1.500000" />
  <attribute name="Current Error" value="3.000000" />
  <attribute name="IntegralT" value="39.000000" />
  <attribute name="IntegralI" value="39.000000" />
  <attribute name="IntegralH" value="39.000000" />
  <attribute name="DerivativeT" value="0.038462" />
  <attribute name="DerivativeI" value="0.038462" />
  <attribute name="DerivativeH" value="0.038462" />
  <attribute name="Loop Time for DT" value="13.000000" />
  <attribute name="Output H" value="8388608"/>
  <attribute name="Output I" value="200"/>
  <attribute name="Output T" value="4"/>
  <attribute name="Target GC Util Change" value ="20.000000" />
  <attribute name="Current GC Util Change" value="23.000000"/>
  <attribute name="GC Util currently" value="23" />
  <attribute name="CPU Util currently" value="349231385825" />
<allocation-satisfied id="1299" threadId="00000000016BE100" bytesRequested="24" />
<af-end id="1300" timestamp="2019-06-14T19:08:56.681" threadId="00000000016BEA88" success="true" from="nursery"/>
<exclusive-end id="1301" timestamp="2019-06-14T19:08:56.681" durationms="2.322" />

<exclusive-start id="1302" timestamp="2019-06-14T19:08:56.694" intervalms="14.581">
  <response-info timems="0.024" idlems="0.024" threads="0" lastid="00000000016B6900" lastname="Thread-8" />
</exclusive-start>
<af-start id="1303" threadId="00000000016B7288" totalBytesRequested="24" timestamp="2019-06-14T19:08:56.694" intervalms="14.593" type="nursery" />
<cycle-start id="1304" type="scavenge" contextid="0" timestamp="2019-06-14T19:08:56.694" intervalms="15.018" />
<gc-start id="1305" type="scavenge" contextid="1304" timestamp="2019-06-14T19:08:56.694">
  <mem-info id="1306" free="696120" total="32505856" percent="2">
    <mem type="nursery" free="0" total="26607616" percent="0">
      <mem type="allocate" free="0" total="23920640" percent="0" />
      <mem type="survivor" free="0" total="2686976" percent="0" />
    </mem>
    <mem type="tenure" free="696120" total="5898240" percent="11">
      <mem type="soa" free="446264" total="5603328" percent="7" />
      <mem type="loa" free="249856" total="294912" percent="84" />
    </mem>
    <remembered-set count="3259" />
  </mem-info>
</gc-start>
<allocation-stats totalBytes="23157624" >
  <allocated-bytes non-tlh="24" tlh="23157600" />
  <largest-consumer threadName="Thread-10" threadId="00000000016B2D00" bytes="7660048" />
</allocation-stats>
<gc-op id="1307" type="scavenge" timems="1.232" contextid="1304" timestamp="2019-06-14T19:08:56.696">
  <scavenger-info tenureage="5" tenuremask="ffe0" tiltratio="89" />
  <memory-copied type="nursery" objects="18077" bytes="710272" bytesdiscarded="133760" />
</gc-op>
<heap-resize id="1308" type="expand" space="nursery" amount="1179648" count="1" timems="0.014" reason="excessive time being spent scavenging" timestamp="2019-06-14T19:08:56.696" />
<gc-end id="1309" type="scavenge" contextid="1304" durationms="1.717" usertimems="0.000" systemtimems="0.000" timestamp="2019-06-14T19:08:56.696" activeThreads="4">
  <mem-info id="1310" free="24821304" total="33685504" percent="73">
    <mem type="nursery" free="24125184" total="27787264" percent="86">
      <mem type="allocate" free="24125184" total="24969216" percent="96" />
      <mem type="survivor" free="0" total="2818048" percent="0" />
    </mem>
    <mem type="tenure" free="696120" total="5898240" percent="11">
      <mem type="soa" free="446264" total="5603328" percent="7" />
      <mem type="loa" free="249856" total="294912" percent="84" />
    </mem>
    <remembered-set count="3259" />
  </mem-info>
</gc-end>
<cycle-end id="1311" type="scavenge" contextid="1304" timestamp="2019-06-14T19:08:56.696" />
  <attribute name="elasticGC enabled" value="1" />
  <attribute name= "numThreadsSpecified" value="4" />
  <attribute name="heapSize specified" value="30146560" />
  <attribute name="Current GC Util" value="24" />
  <attribute name= "Current Time Running" value="1656" />
  <attribute name ="GC Interval" value="200" />
  <attribute name="ProportionalT" value="2.000000" />
  <attribute name="ProportionalI" value="2.000000" />
  <attribute name="ProportionalH" value="2.000000" />
  <attribute name="Current Error" value="4.000000" />
  <attribute name="IntegralT" value="60.000000" />
  <attribute name="IntegralI" value="60.000000" />
  <attribute name="IntegralH" value="60.000000" />
  <attribute name="DerivativeT" value="0.033333" />
  <attribute name="DerivativeI" value="0.033333" />
  <attribute name="DerivativeH" value="0.033333" />
  <attribute name="Loop Time for DT" value="15.000000" />
  <attribute name="Output H" value="8388608"/>
  <attribute name="Output I" value="200"/>
  <attribute name="Output T" value="4"/>
  <attribute name="Target GC Util Change" value ="20.000000" />
  <attribute name="Current GC Util Change" value="24.000000"/>
  <attribute name="GC Util currently" value="24" />
  <attribute name="CPU Util currently" value="303698779571" />
<allocation-satisfied id="1312" threadId="00000000016B6900" bytesRequested="24" />
<af-end id="1313" timestamp="2019-06-14T19:08:56.696" threadId="00000000016B7288" success="true" from="nursery"/>
<exclusive-end id="1314" timestamp="2019-06-14T19:08:56.696" durationms="2.625" />

<exclusive-start id="1315" timestamp="2019-06-14T19:08:56.707" intervalms="13.540">
  <response-info timems="0.023" idlems="0.023" threads="0" lastid="00000000016BA500" lastname="Thread-7" />
</exclusive-start>
<af-start id="1316" threadId="00000000016BAE88" totalBytesRequested="40" timestamp="2019-06-14T19:08:56.707" intervalms="13.561" type="nursery" />
<cycle-start id="1317" type="scavenge" contextid="0" timestamp="2019-06-14T19:08:56.707" intervalms="13.166" />
<gc-start id="1318" type="scavenge" contextid="1317" timestamp="2019-06-14T19:08:56.708">
  <mem-info id="1319" free="696120" total="33685504" percent="2">
    <mem type="nursery" free="0" total="27787264" percent="0">
      <mem type="allocate" free="0" total="24969216" percent="0" />
      <mem type="survivor" free="0" total="2818048" percent="0" />
    </mem>
    <mem type="tenure" free="696120" total="5898240" percent="11">
      <mem type="soa" free="446264" total="5603328" percent="7" />
      <mem type="loa" free="249856" total="294912" percent="84" />
    </mem>
    <remembered-set count="4121" />
  </mem-info>
</gc-start>
<allocation-stats totalBytes="24122160" >
  <allocated-bytes non-tlh="24" tlh="24122136" />
  <largest-consumer threadName="Thread-9" threadId="00000000016BE100" bytes="7044312" />
</allocation-stats>
<gc-op id="1320" type="scavenge" timems="1.390" contextid="1317" timestamp="2019-06-14T19:08:56.709">
  <scavenger-info tenureage="3" tenuremask="fff8" tiltratio="89" />
  <memory-copied type="nursery" objects="18606" bytes="859984" bytesdiscarded="95264" />
  <memory-copied type="tenure" objects="2937" bytes="70488" bytesdiscarded="0" />
</gc-op>
<gc-end id="1321" type="scavenge" contextid="1317" durationms="1.840" usertimems="4.000" systemtimems="0.000" timestamp="2019-06-14T19:08:56.709" activeThreads="4">
  <mem-info id="1322" free="24670920" total="33685504" percent="73">
    <mem type="nursery" free="24013968" total="27787264" percent="86">
      <mem type="allocate" free="24013968" total="24969216" percent="96" />
      <mem type="survivor" free="0" total="2818048" percent="0" />
    </mem>
    <mem type="tenure" free="656952" total="5898240" percent="11">
      <mem type="soa" free="407096" total="5603328" percent="7" />
      <mem type="loa" free="249856" total="294912" percent="84" />
    </mem>
    <remembered-set count="2207" />
  </mem-info>
</gc-end>
<cycle-end id="1323" type="scavenge" contextid="1317" timestamp="2019-06-14T19:08:56.709" />
  <attribute name="elasticGC enabled" value="1" />
  <attribute name= "numThreadsSpecified" value="4" />
  <attribute name="heapSize specified" value="30146560" />
  <attribute name="Current GC Util" value="22" />
  <attribute name= "Current Time Running" value="1670" />
  <attribute name ="GC Interval" value="200" />
  <attribute name="ProportionalT" value="1.000000" />
  <attribute name="ProportionalI" value="1.000000" />
  <attribute name="ProportionalH" value="1.000000" />
  <attribute name="Current Error" value="2.000000" />
  <attribute name="IntegralT" value="28.000000" />
  <attribute name="IntegralI" value="28.000000" />
  <attribute name="IntegralH" value="28.000000" />
  <attribute name="DerivativeT" value="-0.071429" />
  <attribute name="DerivativeI" value="-0.071429" />
  <attribute name="DerivativeH" value="-0.071429" />
  <attribute name="Loop Time for DT" value="14.000000" />
  <attribute name="Output H" value="8388608"/>
  <attribute name="Output I" value="200"/>
  <attribute name="Output T" value="4"/>
  <attribute name="Target GC Util Change" value ="20.000000" />
  <attribute name="Current GC Util Change" value="22.000000"/>
  <attribute name="GC Util currently" value="22" />
  <attribute name="CPU Util currently" value="351956150187" />
<allocation-satisfied id="1324" threadId="00000000016BA500" bytesRequested="40" />
<af-end id="1325" timestamp="2019-06-14T19:08:56.710" threadId="00000000016BAE88" success="true" from="nursery"/>
<exclusive-end id="1326" timestamp="2019-06-14T19:08:56.710" durationms="2.386" />

<exclusive-start id="1327" timestamp="2019-06-14T19:08:56.721" intervalms="13.572">
  <response-info timems="0.024" idlems="0.024" threads="0" lastid="00000000016B2D00" lastname="Thread-10" />
</exclusive-start>
<af-start id="1328" threadId="00000000016B3688" totalBytesRequested="40" timestamp="2019-06-14T19:08:56.721" intervalms="13.590" type="nursery" />
<cycle-start id="1329" type="scavenge" contextid="0" timestamp="2019-06-14T19:08:56.721" intervalms="13.620" />
<gc-start id="1330" type="scavenge" contextid="1329" timestamp="2019-06-14T19:08:56.721">
  <mem-info id="1331" free="656952" total="33685504" percent="1">
    <mem type="nursery" free="0" total="27787264" percent="0">
      <mem type="allocate" free="0" total="24969216" percent="0" />
      <mem type="survivor" free="0" total="2818048" percent="0" />
    </mem>
    <mem type="tenure" free="656952" total="5898240" percent="11">
      <mem type="soa" free="407096" total="5603328" percent="7" />
      <mem type="loa" free="249856" total="294912" percent="84" />
    </mem>
    <remembered-set count="2265" />
  </mem-info>
</gc-start>
<allocation-stats totalBytes="24010920" >
  <allocated-bytes non-tlh="40" tlh="24010880" />
  <largest-consumer threadName="Thread-9" threadId="00000000016BE100" bytes="7175280" />
</allocation-stats>
<gc-op id="1332" type="scavenge" timems="0.748" contextid="1329" timestamp="2019-06-14T19:08:56.722">
  <scavenger-info tenureage="6" tenuremask="ffc0" tiltratio="89" />
  <memory-copied type="nursery" objects="27848" bytes="1219528" bytesdiscarded="172088" />
</gc-op>
<heap-resize id="1333" type="expand" space="nursery" amount="1441792" count="1" timems="0.014" reason="excessive time being spent scavenging" timestamp="2019-06-14T19:08:56.722" />
<gc-end id="1334" type="scavenge" contextid="1329" durationms="1.251" usertimems="4.000" systemtimems="0.000" timestamp="2019-06-14T19:08:56.722" activeThreads="4">
  <mem-info id="1335" free="25479736" total="35127296" percent="72">
    <mem type="nursery" free="24822784" total="29229056" percent="84">
      <mem type="allocate" free="24822784" total="26214400" percent="94" />
      <mem type="survivor" free="0" total="3014656" percent="0" />
    </mem>
    <mem type="tenure" free="656952" total="5898240" percent="11">
      <mem type="soa" free="407096" total="5603328" percent="7" />
      <mem type="loa" free="249856" total="294912" percent="84" />
    </mem>
    <remembered-set count="2264" />
  </mem-info>
</gc-end>
<cycle-end id="1336" type="scavenge" contextid="1329" timestamp="2019-06-14T19:08:56.723" />
  <attribute name="elasticGC enabled" value="1" />
  <attribute name= "numThreadsSpecified" value="4" />
  <attribute name="heapSize specified" value="30146560" />
  <attribute name="Current GC Util" value="26" />
  <attribute name= "Current Time Running" value="1683" />
  <attribute name ="GC Interval" value="200" />
  <attribute name="ProportionalT" value="3.000000" />
  <attribute name="ProportionalI" value="3.000000" />
  <attribute name="ProportionalH" value="3.000000" />
  <attribute name="Current Error" value="6.000000" />
  <attribute name="IntegralT" value="78.000000" />
  <attribute name="IntegralI" value="78.000000" />
  <attribute name="IntegralH" value="78.000000" />
  <attribute name="DerivativeT" value="0.153846" />
  <attribute name="DerivativeI" value="0.153846" />
  <attribute name="DerivativeH" value="0.153846" />
  <attribute name="Loop Time for DT" value="13.000000" />
  <attribute name="Output H" value="8388608"/>
  <attribute name="Output I" value="200"/>
  <attribute name="Output T" value="4"/>
  <attribute name="Target GC Util Change" value ="20.000000" />
  <attribute name="Current GC Util Change" value="26.000000"/>
  <attribute name="GC Util currently" value="26" />
  <attribute name="CPU Util currently" value="337629322885" />
<allocation-satisfied id="1337" threadId="00000000016B2D00" bytesRequested="40" />
<af-end id="1338" timestamp="2019-06-14T19:08:56.723" threadId="00000000016B3688" success="true" from="nursery"/>
<exclusive-end id="1339" timestamp="2019-06-14T19:08:56.723" durationms="1.867" />

<exclusive-start id="1340" timestamp="2019-06-14T19:08:56.735" intervalms="13.942">
  <response-info timems="0.033" idlems="0.033" threads="0" lastid="00000000016BA500" lastname="Thread-7" />
</exclusive-start>
<af-start id="1341" threadId="00000000016BAE88" totalBytesRequested="40" timestamp="2019-06-14T19:08:56.735" intervalms="13.921" type="nursery" />
<cycle-start id="1342" type="scavenge" contextid="0" timestamp="2019-06-14T19:08:56.735" intervalms="13.894" />
<gc-start id="1343" type="scavenge" contextid="1342" timestamp="2019-06-14T19:08:56.735">
  <mem-info id="1344" free="656952" total="35127296" percent="1">
    <mem type="nursery" free="0" total="29229056" percent="0">
      <mem type="allocate" free="0" total="26214400" percent="0" />
      <mem type="survivor" free="0" total="3014656" percent="0" />
    </mem>
    <mem type="tenure" free="656952" total="5898240" percent="11">
      <mem type="soa" free="407096" total="5603328" percent="7" />
      <mem type="loa" free="249856" total="294912" percent="84" />
    </mem>
    <remembered-set count="2264" />
  </mem-info>
</gc-start>
<allocation-stats totalBytes="24819936" >
  <allocated-bytes non-tlh="40" tlh="24819896" />
  <largest-consumer threadName="Thread-9" threadId="00000000016BE100" bytes="7371856" />
</allocation-stats>
<gc-op id="1345" type="scavenge" timems="1.561" contextid="1342" timestamp="2019-06-14T19:08:56.737">
  <scavenger-info tenureage="3" tenuremask="4018" tiltratio="89" />
  <memory-copied type="nursery" objects="26308" bytes="1045032" bytesdiscarded="100824" />
  <memory-copied type="tenure" objects="6355" bytes="289896" bytesdiscarded="48" />
</gc-op>
<gc-end id="1346" type="scavenge" contextid="1342" durationms="2.000" usertimems="4.000" systemtimems="0.000" timestamp="2019-06-14T19:08:56.737" activeThreads="4">
  <mem-info id="1347" free="25524272" total="35127296" percent="72">
    <mem type="nursery" free="25134080" total="29229056" percent="85">
      <mem type="allocate" free="25134080" total="26279936" percent="95" />
      <mem type="survivor" free="0" total="2949120" percent="0" />
    </mem>
    <mem type="tenure" free="390192" total="5898240" percent="6">
      <mem type="soa" free="140336" total="5603328" percent="2" />
      <mem type="loa" free="249856" total="294912" percent="84" />
    </mem>
    <remembered-set count="2019" />
  </mem-info>
</gc-end>
<cycle-end id="1348" type="scavenge" contextid="1342" timestamp="2019-06-14T19:08:56.737" />
  <attribute name="elasticGC enabled" value="1" />
  <attribute name= "numThreadsSpecified" value="4" />
  <attribute name="heapSize specified" value="30146560" />
  <attribute name="Current GC Util" value="18" />
  <attribute name= "Current Time Running" value="1697" />
  <attribute name ="GC Interval" value="200" />
  <attribute name="ProportionalT" value="-1.000000" />
  <attribute name="ProportionalI" value="-1.000000" />
  <attribute name="ProportionalH" value="-1.000000" />
  <attribute name="Current Error" value="-2.000000" />
  <attribute name="IntegralT" value="-28.000000" />
  <attribute name="IntegralI" value="-28.000000" />
  <attribute name="IntegralH" value="-28.000000" />
  <attribute name="DerivativeT" value="-0.285714" />
  <attribute name="DerivativeI" value="-0.285714" />
  <attribute name="DerivativeH" value="-0.285714" />
  <attribute name="Loop Time for DT" value="14.000000" />
  <attribute name="Output H" value="2092630016"/>
  <attribute name="Output I" value="200"/>
  <attribute name="Output T" value="4"/>
  <attribute name="Target GC Util Change" value ="20.000000" />
  <attribute name="Current GC Util Change" value="18.000000"/>
  <attribute name="GC Util currently" value="18" />
  <attribute name="CPU Util currently" value="333552149239" />
<allocation-satisfied id="1349" threadId="00000000016BA500" bytesRequested="40" />
<af-end id="1350" timestamp="2019-06-14T19:08:56.737" threadId="00000000016BAE88" success="true" from="nursery"/>
<exclusive-end id="1351" timestamp="2019-06-14T19:08:56.737" durationms="2.595" />

<concurrent-kickoff id="1352" timestamp="2019-06-14T19:08:56.750">
  <kickoff reason="threshold reached" targetBytes="1854996" thresholdFreeBytes="260879"  remainingFree="230360" tenureFreeBytes="390192" nurseryFreeBytes="230360" />
</concurrent-kickoff>
<exclusive-start id="1353" timestamp="2019-06-14T19:08:56.750" intervalms="15.599">
  <response-info timems="0.100" idlems="0.058" threads="1" lastid="00000000016B2D00" lastname="Thread-10" />
</exclusive-start>
<cycle-start id="1354" type="global" contextid="0" timestamp="2019-06-14T19:08:56.750" intervalms="290.945" />
<exclusive-end id="1355" timestamp="2019-06-14T19:08:56.751" durationms="0.164" />

<exclusive-start id="1356" timestamp="2019-06-14T19:08:56.751" intervalms="0.367">
  <response-info timems="0.020" idlems="0.020" threads="0" lastid="00000000016B6900" lastname="Thread-8" />
</exclusive-start>
<af-start id="1357" threadId="00000000016B7288" totalBytesRequested="40" timestamp="2019-06-14T19:08:56.751" intervalms="15.965" type="nursery" />
<cycle-start id="1358" type="scavenge" contextid="0" timestamp="2019-06-14T19:08:56.751" intervalms="15.966" />
<gc-start id="1359" type="scavenge" contextid="1358" timestamp="2019-06-14T19:08:56.751">
  <mem-info id="1360" free="390192" total="35127296" percent="1">
    <mem type="nursery" free="0" total="29229056" percent="0">
      <mem type="allocate" free="0" total="26279936" percent="0" />
      <mem type="survivor" free="0" total="2949120" percent="0" />
    </mem>
    <mem type="tenure" free="390192" total="5898240" percent="6">
      <mem type="soa" free="140336" total="5603328" percent="2" />
      <mem type="loa" free="249856" total="294912" percent="84" />
    </mem>
    <remembered-set count="2432" />
  </mem-info>
</gc-start>
<allocation-stats totalBytes="25131184" >
  <allocated-bytes non-tlh="40" tlh="25131144" />
  <largest-consumer threadName="Thread-9" threadId="00000000016BE100" bytes="7667928" />
</allocation-stats>
<gc-op id="1361" type="scavenge" timems="1.466" contextid="1358" timestamp="2019-06-14T19:08:56.753">
  <scavenger-info tenureage="3" tenuremask="4008" tiltratio="89" />
  <memory-copied type="nursery" objects="16359" bytes="683672" bytesdiscarded="59752" />
  <memory-copied type="tenure" objects="4406" bytes="228096" bytesdiscarded="32" />
  <copy-failed type="tenure" objects="2808" bytes="82416" />
</gc-op>
<heap-resize id="1362" type="expand" space="nursery" amount="1179648" count="1" timems="0.017" reason="excessive time being spent scavenging" timestamp="2019-06-14T19:08:56.753" />
<gc-end id="1363" type="scavenge" contextid="1358" durationms="1.853" usertimems="4.000" systemtimems="0.000" timestamp="2019-06-14T19:08:56.753" activeThreads="4">
  <mem-info id="1364" free="26834944" total="36306944" percent="73">
    <mem type="nursery" free="26585088" total="30408704" percent="87">
      <mem type="allocate" free="26585088" total="27328512" percent="97" />
      <mem type="survivor" free="0" total="3080192" percent="0" />
    </mem>
    <mem type="tenure" free="249856" total="5898240" percent="4">
      <mem type="soa" free="0" total="5603328" percent="0" />
      <mem type="loa" free="249856" total="294912" percent="84" />
    </mem>
    <remembered-set count="3607" />
  </mem-info>
</gc-end>
<cycle-end id="1365" type="scavenge" contextid="1358" timestamp="2019-06-14T19:08:56.753" />
  <attribute name="elasticGC enabled" value="1" />
  <attribute name= "numThreadsSpecified" value="4" />
  <attribute name="heapSize specified" value="30146560" />
  <attribute name="Current GC Util" value="27" />
  <attribute name= "Current Time Running" value="1713" />
  <attribute name ="GC Interval" value="200" />
  <attribute name="ProportionalT" value="3.500000" />
  <attribute name="ProportionalI" value="3.500000" />
  <attribute name="ProportionalH" value="3.500000" />
  <attribute name="Current Error" value="7.000000" />
  <attribute name="IntegralT" value="112.000000" />
  <attribute name="IntegralI" value="112.000000" />
  <attribute name="IntegralH" value="112.000000" />
  <attribute name="DerivativeT" value="0.218750" />
  <attribute name="DerivativeI" value="0.218750" />
  <attribute name="DerivativeH" value="0.218750" />
  <attribute name="Loop Time for DT" value="16.000000" />
  <attribute name="Output H" value="8388608"/>
  <attribute name="Output I" value="200"/>
  <attribute name="Output T" value="4"/>
  <attribute name="Target GC Util Change" value ="20.000000" />
  <attribute name="Current GC Util Change" value="27.000000"/>
  <attribute name="GC Util currently" value="27" />
  <attribute name="CPU Util currently" value="289052006051" />
<allocation-satisfied id="1366" threadId="00000000016B6900" bytesRequested="40" />
<af-end id="1367" timestamp="2019-06-14T19:08:56.753" threadId="00000000016B7288" success="true" from="nursery"/>
<exclusive-end id="1368" timestamp="2019-06-14T19:08:56.753" durationms="2.455" />

<exclusive-start id="1369" timestamp="2019-06-14T19:08:56.774" intervalms="23.562">
  <response-info timems="0.030" idlems="0.030" threads="0" lastid="00000000016BE100" lastname="Thread-9" />
</exclusive-start>
<af-start id="1370" threadId="00000000016BEA88" totalBytesRequested="40" timestamp="2019-06-14T19:08:56.774" intervalms="23.611" type="nursery" />
<percolate-collect id="1371" from="nursery" to="global" reason="failed tenure threshold reached" timestamp="2019-06-14T19:08:56.775"/>
<gc-start id="1372" type="global" contextid="1354" timestamp="2019-06-14T19:08:56.775">
  <mem-info id="1373" free="249856" total="36306944" percent="0">
    <mem type="nursery" free="0" total="30408704" percent="0">
      <mem type="allocate" free="0" total="27328512" percent="0" />
      <mem type="survivor" free="0" total="3080192" percent="0" />
    </mem>
    <mem type="tenure" free="249856" total="5898240" percent="4">
      <mem type="soa" free="0" total="5603328" percent="0" />
      <mem type="loa" free="249856" total="294912" percent="84" />
    </mem>
    <remembered-set count="4515" />
  </mem-info>
</gc-start>
<allocation-stats totalBytes="26581424" >
  <allocated-bytes non-tlh="40" tlh="26581384" />
  <largest-consumer threadName="Thread-9" threadId="00000000016BE100" bytes="9534184" />
</allocation-stats>
<concurrent-halted id="1374" timestamp="2019-06-14T19:08:56.775">
  <halted state="Complete" status="clean trace" />
  <traced bytesTarget="1844068" bytesTotal="1685892" bytesByMutator="942852" bytesByHelper="743040" percent="91" />
  <cards cleaned="0" thresholdBytes="102770" />
</concurrent-halted>
<gc-op id="1375" type="rs-scan" timems="0.465" contextid="1354" timestamp="2019-06-14T19:08:56.775">
  <scan objectsFound="2021" bytesTraced="168884" workStackOverflowCount="0" />
</gc-op>
<gc-op id="1376" type="card-cleaning" timems="0.526" contextid="1354" timestamp="2019-06-14T19:08:56.776">
  <card-cleaning cardsCleaned="208" bytesTraced="213848" workStackOverflowCount="0" />
</gc-op>
<gc-op id="1377" type="mark" timems="1.524" contextid="1354" timestamp="2019-06-14T19:08:56.778">
  <trace-info objectcount="11340" scancount="11308" scanbytes="548040" />
  <finalization candidates="124" enqueued="0" />
  <ownableSynchronizers candidates="3" cleared="0" />
  <references type="soft" candidates="148" cleared="0" enqueued="0" dynamicThreshold="8" maxThreshold="32" />
  <references type="weak" candidates="693" cleared="0" enqueued="0" />
  <references type="phantom" candidates="36" cleared="0" enqueued="0" />
  <stringconstants candidates="4597" cleared="0"  />
</gc-op>
<gc-op id="1378" type="sweep" timems="0.859" contextid="1354" timestamp="2019-06-14T19:08:56.779" />
<mem-info id="1379" free="28845728" total="36306944" percent="79">
  <mem type="nursery" free="26619872" total="30408704" percent="87">
    <mem type="allocate" free="26619872" total="27328512" percent="97" />
    <mem type="survivor" free="0" total="3080192" percent="0" />
  </mem>
  <mem type="tenure" free="2225856" total="5898240" percent="37" micro-fragmented="0" macro-fragmented="0">
    <mem type="soa" free="1930944" total="5603328" percent="34" />
    <mem type="loa" free="294912" total="294912" percent="100" />
  </mem>
  <remembered-set count="3590" />
</mem-info>
<gc-op id="1380" type="compact" timems="5.407" contextid="1354" timestamp="2019-06-14T19:08:56.784">
  <compact-info movecount="24928" movebytes="1149168" reason="compact to aid heap contraction" />
</gc-op>
<heap-resize id="1381" type="contract" space="tenure" amount="262144" count="1" timems="0.080" reason="heap reconfiguration" timestamp="2019-06-14T19:08:56.785" />
<gc-end id="1382" type="global" contextid="1354" durationms="10.369" usertimems="16.000" systemtimems="4.000" timestamp="2019-06-14T19:08:56.785" activeThreads="4">
  <mem-info id="1383" free="28598096" total="36044800" percent="79">
    <mem type="nursery" free="26667096" total="30408704" percent="87">
      <mem type="allocate" free="26667096" total="27328512" percent="97" />
      <mem type="survivor" free="0" total="3080192" percent="0" />
    </mem>
    <mem type="tenure" free="1931000" total="5636096" percent="34">
      <mem type="soa" free="1682168" total="5354496" percent="31" />
      <mem type="loa" free="248832" total="281600" percent="88" />
    </mem>
    <remembered-set count="3590" />
  </mem-info>
</gc-end>
<cycle-end id="1384" type="global" contextid="1354" timestamp="2019-06-14T19:08:56.785" />
  <attribute name="elasticGC enabled" value="1" />
  <attribute name= "numThreadsSpecified" value="4" />
  <attribute name="heapSize specified" value="36306944" />
  <attribute name="Current GC Util" value="117" />
  <attribute name= "Current Time Running" value="1746" />
  <attribute name ="GC Interval" value="200" />
  <attribute name="ProportionalT" value="48.500000" />
  <attribute name="ProportionalI" value="48.500000" />
  <attribute name="ProportionalH" value="48.500000" />
  <attribute name="Current Error" value="97.000000" />
  <attribute name="IntegralT" value="485.000000" />
  <attribute name="IntegralI" value="485.000000" />
  <attribute name="IntegralH" value="485.000000" />
  <attribute name="DerivativeT" value="-1.500000" />
  <attribute name="DerivativeI" value="-1.500000" />
  <attribute name="DerivativeH" value="-1.500000" />
  <attribute name="Loop Time for DT" value="5.000000" />
  <attribute name="Output H" value="8388608"/>
  <attribute name="Output I" value="536"/>
  <attribute name="Output T" value="4"/>
  <attribute name="Target GC Util Change" value ="20.000000" />
  <attribute name="Current GC Util Change" value="117.000000"/>
  <attribute name="GC Util currently" value="117" />
  <attribute name="CPU Util currently" value="828861813630" />
<allocation-satisfied id="1385" threadId="00000000016BE100" bytesRequested="40" />
<af-end id="1386" timestamp="2019-06-14T19:08:56.785" threadId="00000000016BEA88" success="true" from="nursery"/>
<exclusive-end id="1387" timestamp="2019-06-14T19:08:56.786" durationms="11.244" />

<exclusive-start id="1388" timestamp="2019-06-14T19:08:56.810" intervalms="36.009">
  <response-info timems="0.027" idlems="0.027" threads="0" lastid="00000000016BE100" lastname="Thread-9" />
</exclusive-start>
<af-start id="1389" threadId="00000000016BEA88" totalBytesRequested="40" timestamp="2019-06-14T19:08:56.810" intervalms="36.043" type="nursery" />
<cycle-start id="1390" type="scavenge" contextid="0" timestamp="2019-06-14T19:08:56.811" intervalms="59.713" />
<gc-start id="1391" type="scavenge" contextid="1390" timestamp="2019-06-14T19:08:56.811">
  <mem-info id="1392" free="1931000" total="36044800" percent="5">
    <mem type="nursery" free="0" total="30408704" percent="0">
      <mem type="allocate" free="0" total="27328512" percent="0" />
      <mem type="survivor" free="0" total="3080192" percent="0" />
    </mem>
    <mem type="tenure" free="1931000" total="5636096" percent="34">
      <mem type="soa" free="1682168" total="5354496" percent="31" />
      <mem type="loa" free="248832" total="281600" percent="88" />
    </mem>
    <remembered-set count="4695" />
  </mem-info>
</gc-start>
<allocation-stats totalBytes="26663840" >
  <allocated-bytes non-tlh="40" tlh="26663800" />
  <largest-consumer threadName="Thread-9" threadId="00000000016BE100" bytes="10713832" />
</allocation-stats>
<gc-op id="1393" type="scavenge" timems="1.130" contextid="1390" timestamp="2019-06-14T19:08:56.812">
  <scavenger-info tenureage="14" tenuremask="4000" tiltratio="89" />
  <memory-copied type="nursery" objects="17362" bytes="707896" bytesdiscarded="136136" />
  <ownableSynchronizers candidates="6" cleared="6" />
</gc-op>
<gc-end id="1394" type="scavenge" contextid="1390" durationms="1.559" usertimems="4.000" systemtimems="0.000" timestamp="2019-06-14T19:08:56.812" activeThreads="4">
  <mem-info id="1395" free="28415480" total="36044800" percent="78">
    <mem type="nursery" free="26484480" total="30408704" percent="87">
      <mem type="allocate" free="26484480" total="27328512" percent="96" />
      <mem type="survivor" free="0" total="3080192" percent="0" />
    </mem>
    <mem type="tenure" free="1931000" total="5636096" percent="34">
      <mem type="soa" free="1682168" total="5354496" percent="31" />
      <mem type="loa" free="248832" total="281600" percent="88" />
    </mem>
    <remembered-set count="4695" />
  </mem-info>
</gc-end>
<cycle-end id="1396" type="scavenge" contextid="1390" timestamp="2019-06-14T19:08:56.812" />
  <attribute name="elasticGC enabled" value="1" />
  <attribute name= "numThreadsSpecified" value="4" />
  <attribute name="heapSize specified" value="36306944" />
  <attribute name="Current GC Util" value="33" />
  <attribute name= "Current Time Running" value="1773" />
  <attribute name ="GC Interval" value="360" />
  <attribute name="ProportionalT" value="6.500000" />
  <attribute name="ProportionalI" value="6.500000" />
  <attribute name="ProportionalH" value="6.500000" />
  <attribute name="Current Error" value="13.000000" />
  <attribute name="IntegralT" value="351.000000" />
  <attribute name="IntegralI" value="351.000000" />
  <attribute name="IntegralH" value="351.000000" />
  <attribute name="DerivativeT" value="-1.555556" />
  <attribute name="DerivativeI" value="-1.555556" />
  <attribute name="DerivativeH" value="-1.555556" />
  <attribute name="Loop Time for DT" value="27.000000" />
  <attribute name="Output H" value="8388608"/>
  <attribute name="Output I" value="360"/>
  <attribute name="Output T" value="4"/>
  <attribute name="Target GC Util Change" value ="20.000000" />
  <attribute name="Current GC Util Change" value="33.000000"/>
  <attribute name="GC Util currently" value="33" />
  <attribute name="CPU Util currently" value="173975296529" />
<allocation-satisfied id="1397" threadId="00000000016BE100" bytesRequested="40" />
<af-end id="1398" timestamp="2019-06-14T19:08:56.813" threadId="00000000016BEA88" success="true" from="nursery"/>
<exclusive-end id="1399" timestamp="2019-06-14T19:08:56.813" durationms="2.343" />

<exclusive-start id="1400" timestamp="2019-06-14T19:08:56.833" intervalms="22.751">
  <response-info timems="0.034" idlems="0.034" threads="0" lastid="00000000016B6900" lastname="Thread-8" />
</exclusive-start>
<af-start id="1401" threadId="00000000016B7288" totalBytesRequested="40" timestamp="2019-06-14T19:08:56.833" intervalms="22.688" type="nursery" />
<cycle-start id="1402" type="scavenge" contextid="0" timestamp="2019-06-14T19:08:56.833" intervalms="22.625" />
<gc-start id="1403" type="scavenge" contextid="1402" timestamp="2019-06-14T19:08:56.833">
  <mem-info id="1404" free="1931000" total="36044800" percent="5">
    <mem type="nursery" free="0" total="30408704" percent="0">
      <mem type="allocate" free="0" total="27328512" percent="0" />
      <mem type="survivor" free="0" total="3080192" percent="0" />
    </mem>
    <mem type="tenure" free="1931000" total="5636096" percent="34">
      <mem type="soa" free="1682168" total="5354496" percent="31" />
      <mem type="loa" free="248832" total="281600" percent="88" />
    </mem>
    <remembered-set count="5702" />
  </mem-info>
</gc-start>
<allocation-stats totalBytes="26481400" >
  <allocated-bytes non-tlh="40" tlh="26481360" />
  <largest-consumer threadName="Thread-8" threadId="00000000016B6900" bytes="10852888" />
</allocation-stats>
<gc-op id="1405" type="scavenge" timems="1.245" contextid="1402" timestamp="2019-06-14T19:08:56.835">
  <scavenger-info tenureage="14" tenuremask="4000" tiltratio="89" />
  <memory-copied type="nursery" objects="19250" bytes="753248" bytesdiscarded="129952" />
</gc-op>
<gc-end id="1406" type="scavenge" contextid="1402" durationms="1.683" usertimems="0.000" systemtimems="0.000" timestamp="2019-06-14T19:08:56.835" activeThreads="4">
  <mem-info id="1407" free="28376312" total="36044800" percent="78">
    <mem type="nursery" free="26445312" total="30408704" percent="86">
      <mem type="allocate" free="26445312" total="27328512" percent="96" />
      <mem type="survivor" free="0" total="3080192" percent="0" />
    </mem>
    <mem type="tenure" free="1931000" total="5636096" percent="34">
      <mem type="soa" free="1682168" total="5354496" percent="31" />
      <mem type="loa" free="248832" total="281600" percent="88" />
    </mem>
    <remembered-set count="5702" />
  </mem-info>
</gc-end>
<cycle-end id="1408" type="scavenge" contextid="1402" timestamp="2019-06-14T19:08:56.835" />
  <attribute name="elasticGC enabled" value="1" />
  <attribute name= "numThreadsSpecified" value="4" />
  <attribute name="heapSize specified" value="36306944" />
  <attribute name="Current GC Util" value="12" />
  <attribute name= "Current Time Running" value="1795" />
  <attribute name ="GC Interval" value="200" />
  <attribute name="ProportionalT" value="-4.000000" />
  <attribute name="ProportionalI" value="-4.000000" />
  <attribute name="ProportionalH" value="-4.000000" />
  <attribute name="Current Error" value="-8.000000" />
  <attribute name="IntegralT" value="-176.000000" />
  <attribute name="IntegralI" value="-176.000000" />
  <attribute name="IntegralH" value="-176.000000" />
  <attribute name="DerivativeT" value="-0.477273" />
  <attribute name="DerivativeI" value="-0.477273" />
  <attribute name="DerivativeH" value="-0.477273" />
  <attribute name="Loop Time for DT" value="22.000000" />
  <attribute name="Output H" value="2092630016"/>
  <attribute name="Output I" value="200"/>
  <attribute name="Output T" value="4"/>
  <attribute name="Target GC Util Change" value ="20.000000" />
  <attribute name="Current GC Util Change" value="12.000000"/>
  <attribute name="GC Util currently" value="12" />
  <attribute name="CPU Util currently" value="205448205678" />
<allocation-satisfied id="1409" threadId="00000000016B6900" bytesRequested="40" />
<af-end id="1410" timestamp="2019-06-14T19:08:56.835" threadId="00000000016B7288" success="true" from="nursery"/>
<exclusive-end id="1411" timestamp="2019-06-14T19:08:56.835" durationms="2.339" />

<exclusive-start id="1412" timestamp="2019-06-14T19:08:56.855" intervalms="21.473">
  <response-info timems="0.031" idlems="0.031" threads="0" lastid="00000000016B6900" lastname="Thread-8" />
</exclusive-start>
<af-start id="1413" threadId="00000000016B7288" totalBytesRequested="40" timestamp="2019-06-14T19:08:56.855" intervalms="21.466" type="nursery" />
<cycle-start id="1414" type="scavenge" contextid="0" timestamp="2019-06-14T19:08:56.855" intervalms="21.467" />
<gc-start id="1415" type="scavenge" contextid="1414" timestamp="2019-06-14T19:08:56.855">
  <mem-info id="1416" free="1931000" total="36044800" percent="5">
    <mem type="nursery" free="0" total="30408704" percent="0">
      <mem type="allocate" free="0" total="27328512" percent="0" />
      <mem type="survivor" free="0" total="3080192" percent="0" />
    </mem>
    <mem type="tenure" free="1931000" total="5636096" percent="34">
      <mem type="soa" free="1682168" total="5354496" percent="31" />
      <mem type="loa" free="248832" total="281600" percent="88" />
    </mem>
    <remembered-set count="6658" />
  </mem-info>
</gc-start>
<allocation-stats totalBytes="26442008" >
  <allocated-bytes non-tlh="40" tlh="26441968" />
  <largest-consumer threadName="Thread-8" threadId="00000000016B6900" bytes="11500152" />
</allocation-stats>
<gc-op id="1417" type="scavenge" timems="1.665" contextid="1414" timestamp="2019-06-14T19:08:56.857">
  <scavenger-info tenureage="3" tenuremask="4008" tiltratio="89" />
  <memory-copied type="nursery" objects="10346" bytes="264832" bytesdiscarded="137600" />
  <memory-copied type="tenure" objects="10665" bytes="530712" bytesdiscarded="24" />
</gc-op>
<heap-resize id="1418" type="expand" space="nursery" amount="1441792" count="1" timems="0.016" reason="excessive time being spent scavenging" timestamp="2019-06-14T19:08:56.857" />
<gc-end id="1419" type="scavenge" contextid="1414" durationms="2.205" usertimems="4.000" systemtimems="0.000" timestamp="2019-06-14T19:08:56.857" activeThreads="4">
  <mem-info id="1420" free="29266680" total="37486592" percent="78">
    <mem type="nursery" free="28171264" total="31850496" percent="88">
      <mem type="allocate" free="28171264" total="28573696" percent="98" />
      <mem type="survivor" free="0" total="3276800" percent="0" />
    </mem>
    <mem type="tenure" free="1095416" total="5636096" percent="19">
      <mem type="soa" free="846584" total="5354496" percent="15" />
      <mem type="loa" free="248832" total="281600" percent="88" />
    </mem>
    <remembered-set count="9119" />
  </mem-info>
</gc-end>
<cycle-end id="1421" type="scavenge" contextid="1414" timestamp="2019-06-14T19:08:56.857" />
  <attribute name="elasticGC enabled" value="1" />
  <attribute name= "numThreadsSpecified" value="4" />
  <attribute name="heapSize specified" value="36306944" />
  <attribute name="Current GC Util" value="13" />
  <attribute name= "Current Time Running" value="1817" />
  <attribute name ="GC Interval" value="200" />
  <attribute name="ProportionalT" value="-3.500000" />
  <attribute name="ProportionalI" value="-3.500000" />
  <attribute name="ProportionalH" value="-3.500000" />
  <attribute name="Current Error" value="-7.000000" />
  <attribute name="IntegralT" value="-154.000000" />
  <attribute name="IntegralI" value="-154.000000" />
  <attribute name="IntegralH" value="-154.000000" />
  <attribute name="DerivativeT" value="-0.159091" />
  <attribute name="DerivativeI" value="-0.159091" />
  <attribute name="DerivativeH" value="-0.159091" />
  <attribute name="Loop Time for DT" value="22.000000" />
  <attribute name="Output H" value="2092630016"/>
  <attribute name="Output I" value="200"/>
  <attribute name="Output T" value="4"/>
  <attribute name="Target GC Util Change" value ="20.000000" />
  <attribute name="Current GC Util Change" value="13.000000"/>
  <attribute name="GC Util currently" value="13" />
  <attribute name="CPU Util currently" value="214790047356" />
<allocation-satisfied id="1422" threadId="00000000016B6900" bytesRequested="40" />
<af-end id="1423" timestamp="2019-06-14T19:08:56.857" threadId="00000000016B7288" success="true" from="nursery"/>
<exclusive-end id="1424" timestamp="2019-06-14T19:08:56.857" durationms="2.786" />

<exclusive-start id="1425" timestamp="2019-06-14T19:08:56.884" intervalms="29.024">
  <response-info timems="0.057" idlems="0.057" threads="0" lastid="00000000016B6900" lastname="Thread-8" />
</exclusive-start>
<af-start id="1426" threadId="00000000016B7288" totalBytesRequested="40" timestamp="2019-06-14T19:08:56.884" intervalms="29.071" type="nursery" />
<cycle-start id="1427" type="scavenge" contextid="0" timestamp="2019-06-14T19:08:56.884" intervalms="29.074" />
<gc-start id="1428" type="scavenge" contextid="1427" timestamp="2019-06-14T19:08:56.884">
  <mem-info id="1429" free="1095416" total="37486592" percent="2">
    <mem type="nursery" free="0" total="31850496" percent="0">
      <mem type="allocate" free="0" total="28573696" percent="0" />
      <mem type="survivor" free="0" total="3276800" percent="0" />
    </mem>
    <mem type="tenure" free="1095416" total="5636096" percent="19">
      <mem type="soa" free="846584" total="5354496" percent="15" />
      <mem type="loa" free="248832" total="281600" percent="88" />
    </mem>
    <remembered-set count="10935" />
  </mem-info>
</gc-start>
<allocation-stats totalBytes="28168120" >
  <allocated-bytes non-tlh="40" tlh="28168080" />
  <largest-consumer threadName="Thread-8" threadId="00000000016B6900" bytes="12670720" />
</allocation-stats>
<gc-op id="1430" type="scavenge" timems="1.559" contextid="1427" timestamp="2019-06-14T19:08:56.886">
  <scavenger-info tenureage="3" tenuremask="40a8" tiltratio="89" />
  <memory-copied type="nursery" objects="6700" bytes="162568" bytesdiscarded="116984" />
  <memory-copied type="tenure" objects="5587" bytes="149112" bytesdiscarded="0" />
</gc-op>
<gc-end id="1431" type="scavenge" contextid="1427" durationms="2.028" usertimems="4.000" systemtimems="0.000" timestamp="2019-06-14T19:08:56.886" activeThreads="4">
  <mem-info id="1432" free="29415928" total="37486592" percent="78">
    <mem type="nursery" free="28359680" total="31850496" percent="89">
      <mem type="allocate" free="28359680" total="28639232" percent="99" />
      <mem type="survivor" free="0" total="3211264" percent="0" />
    </mem>
    <mem type="tenure" free="1056248" total="5636096" percent="18">
      <mem type="soa" free="807416" total="5354496" percent="15" />
      <mem type="loa" free="248832" total="281600" percent="88" />
    </mem>
    <remembered-set count="6452" />
  </mem-info>
</gc-end>
<cycle-end id="1433" type="scavenge" contextid="1427" timestamp="2019-06-14T19:08:56.886" />
  <attribute name="elasticGC enabled" value="1" />
  <attribute name= "numThreadsSpecified" value="4" />
  <attribute name="heapSize specified" value="36306944" />
  <attribute name="Current GC Util" value="13" />
  <attribute name= "Current Time Running" value="1846" />
  <attribute name ="GC Interval" value="200" />
  <attribute name="ProportionalT" value="-3.500000" />
  <attribute name="ProportionalI" value="-3.500000" />
  <attribute name="ProportionalH" value="-3.500000" />
  <attribute name="Current Error" value="-7.000000" />
  <attribute name="IntegralT" value="-203.000000" />
  <attribute name="IntegralI" value="-203.000000" />
  <attribute name="IntegralH" value="-203.000000" />
  <attribute name="DerivativeT" value="-0.120690" />
  <attribute name="DerivativeI" value="-0.120690" />
  <attribute name="DerivativeH" value="-0.120690" />
  <attribute name="Loop Time for DT" value="29.000000" />
  <attribute name="Output H" value="2092630016"/>
  <attribute name="Output I" value="200"/>
  <attribute name="Output T" value="4"/>
  <attribute name="Target GC Util Change" value ="20.000000" />
  <attribute name="Current GC Util Change" value="13.000000"/>
  <attribute name="GC Util currently" value="13" />
  <attribute name="CPU Util currently" value="158510753039" />
<allocation-satisfied id="1434" threadId="00000000016B6900" bytesRequested="40" />
<af-end id="1435" timestamp="2019-06-14T19:08:56.886" threadId="00000000016B7288" success="true" from="nursery"/>
<exclusive-end id="1436" timestamp="2019-06-14T19:08:56.886" durationms="2.743" />

<exclusive-start id="1437" timestamp="2019-06-14T19:08:56.910" intervalms="26.963">
  <response-info timems="0.029" idlems="0.029" threads="0" lastid="00000000016B6900" lastname="Thread-8" />
</exclusive-start>
<af-start id="1438" threadId="00000000016B7288" totalBytesRequested="24" timestamp="2019-06-14T19:08:56.911" intervalms="26.871" type="nursery" />
<cycle-start id="1439" type="scavenge" contextid="0" timestamp="2019-06-14T19:08:56.911" intervalms="26.829" />
<gc-start id="1440" type="scavenge" contextid="1439" timestamp="2019-06-14T19:08:56.911">
  <mem-info id="1441" free="1056248" total="37486592" percent="2">
    <mem type="nursery" free="0" total="31850496" percent="0">
      <mem type="allocate" free="0" total="28639232" percent="0" />
      <mem type="survivor" free="0" total="3211264" percent="0" />
    </mem>
    <mem type="tenure" free="1056248" total="5636096" percent="18">
      <mem type="soa" free="807416" total="5354496" percent="15" />
      <mem type="loa" free="248832" total="281600" percent="88" />
    </mem>
    <remembered-set count="7781" />
  </mem-info>
</gc-start>
<allocation-stats totalBytes="28356224" >
  <allocated-bytes non-tlh="40" tlh="28356184" />
  <largest-consumer threadName="Thread-8" threadId="00000000016B6900" bytes="12024520" />
</allocation-stats>
<gc-op id="1442" type="scavenge" timems="1.085" contextid="1439" timestamp="2019-06-14T19:08:56.912">
  <scavenger-info tenureage="3" tenuremask="4088" tiltratio="89" />
  <memory-copied type="nursery" objects="12569" bytes="439816" bytesdiscarded="180728" />
  <memory-copied type="tenure" objects="2706" bytes="64944" bytesdiscarded="0" />
</gc-op>
<gc-end id="1443" type="scavenge" contextid="1439" durationms="1.413" usertimems="4.000" systemtimems="0.000" timestamp="2019-06-14T19:08:56.912" activeThreads="4">
  <mem-info id="1444" free="29074936" total="37486592" percent="77">
    <mem type="nursery" free="28018688" total="31850496" percent="87">
      <mem type="allocate" free="28018688" total="28639232" percent="97" />
      <mem type="survivor" free="0" total="3211264" percent="0" />
    </mem>
    <mem type="tenure" free="1056248" total="5636096" percent="18">
      <mem type="soa" free="807416" total="5354496" percent="15" />
      <mem type="loa" free="248832" total="281600" percent="88" />
    </mem>
    <remembered-set count="5075" />
  </mem-info>
</gc-end>
<cycle-end id="1445" type="scavenge" contextid="1439" timestamp="2019-06-14T19:08:56.912" />
  <attribute name="elasticGC enabled" value="1" />
  <attribute name= "numThreadsSpecified" value="4" />
  <attribute name="heapSize specified" value="36306944" />
  <attribute name="Current GC Util" value="14" />
  <attribute name= "Current Time Running" value="1873" />
  <attribute name ="GC Interval" value="200" />
  <attribute name="ProportionalT" value="-3.000000" />
  <attribute name="ProportionalI" value="-3.000000" />
  <attribute name="ProportionalH" value="-3.000000" />
  <attribute name="Current Error" value="-6.000000" />
  <attribute name="IntegralT" value="-162.000000" />
  <attribute name="IntegralI" value="-162.000000" />
  <attribute name="IntegralH" value="-162.000000" />
  <attribute name="DerivativeT" value="-0.111111" />
  <attribute name="DerivativeI" value="-0.111111" />
  <attribute name="DerivativeH" value="-0.111111" />
  <attribute name="Loop Time for DT" value="27.000000" />
  <attribute name="Output H" value="2092630016"/>
  <attribute name="Output I" value="200"/>
  <attribute name="Output T" value="4"/>
  <attribute name="Target GC Util Change" value ="20.000000" />
  <attribute name="Current GC Util Change" value="14.000000"/>
  <attribute name="GC Util currently" value="14" />
  <attribute name="CPU Util currently" value="172773688731" />
<allocation-satisfied id="1446" threadId="00000000016B6900" bytesRequested="24" />
<af-end id="1447" timestamp="2019-06-14T19:08:56.912" threadId="00000000016B7288" success="true" from="nursery"/>
<exclusive-end id="1448" timestamp="2019-06-14T19:08:56.912" durationms="1.904" />

<exclusive-start id="1449" timestamp="2019-06-14T19:08:56.935" intervalms="24.667">
  <response-info timems="0.036" idlems="0.036" threads="0" lastid="00000000016BE100" lastname="Thread-9" />
</exclusive-start>
<af-start id="1450" threadId="00000000016BEA88" totalBytesRequested="40" timestamp="2019-06-14T19:08:56.935" intervalms="24.731" type="nursery" />
<cycle-start id="1451" type="scavenge" contextid="0" timestamp="2019-06-14T19:08:56.935" intervalms="24.778" />
<gc-start id="1452" type="scavenge" contextid="1451" timestamp="2019-06-14T19:08:56.936">
  <mem-info id="1453" free="1056248" total="37486592" percent="2">
    <mem type="nursery" free="0" total="31850496" percent="0">
      <mem type="allocate" free="0" total="28639232" percent="0" />
      <mem type="survivor" free="0" total="3211264" percent="0" />
    </mem>
    <mem type="tenure" free="1056248" total="5636096" percent="18">
      <mem type="soa" free="807416" total="5354496" percent="15" />
      <mem type="loa" free="248832" total="281600" percent="88" />
    </mem>
    <remembered-set count="5554" />
  </mem-info>
</gc-start>
<allocation-stats totalBytes="28015176" >
  <allocated-bytes non-tlh="24" tlh="28015152" />
  <largest-consumer threadName="Thread-9" threadId="00000000016BE100" bytes="11025088" />
</allocation-stats>
<gc-op id="1454" type="scavenge" timems="0.938" contextid="1451" timestamp="2019-06-14T19:08:56.937">
  <scavenger-info tenureage="14" tenuremask="4000" tiltratio="89" />
  <memory-copied type="nursery" objects="21066" bytes="781496" bytesdiscarded="101704" />
</gc-op>
<gc-end id="1455" type="scavenge" contextid="1451" durationms="1.316" usertimems="4.000" systemtimems="0.000" timestamp="2019-06-14T19:08:56.937" activeThreads="4">
  <mem-info id="1456" free="28812280" total="37486592" percent="76">
    <mem type="nursery" free="27756032" total="31850496" percent="87">
      <mem type="allocate" free="27756032" total="28639232" percent="96" />
      <mem type="survivor" free="0" total="3211264" percent="0" />
    </mem>
    <mem type="tenure" free="1056248" total="5636096" percent="18">
      <mem type="soa" free="807416" total="5354496" percent="15" />
      <mem type="loa" free="248832" total="281600" percent="88" />
    </mem>
    <remembered-set count="5553" />
  </mem-info>
</gc-end>
<cycle-end id="1457" type="scavenge" contextid="1451" timestamp="2019-06-14T19:08:56.937" />
  <attribute name="elasticGC enabled" value="1" />
  <attribute name= "numThreadsSpecified" value="4" />
  <attribute name="heapSize specified" value="36306944" />
  <attribute name="Current GC Util" value="11" />
  <attribute name= "Current Time Running" value="1898" />
  <attribute name ="GC Interval" value="200" />
  <attribute name="ProportionalT" value="-4.500000" />
  <attribute name="ProportionalI" value="-4.500000" />
  <attribute name="ProportionalH" value="-4.500000" />
  <attribute name="Current Error" value="-9.000000" />
  <attribute name="IntegralT" value="-225.000000" />
  <attribute name="IntegralI" value="-225.000000" />
  <attribute name="IntegralH" value="-225.000000" />
  <attribute name="DerivativeT" value="-0.180000" />
  <attribute name="DerivativeI" value="-0.180000" />
  <attribute name="DerivativeH" value="-0.180000" />
  <attribute name="Loop Time for DT" value="25.000000" />
  <attribute name="Output H" value="2092630016"/>
  <attribute name="Output I" value="200"/>
  <attribute name="Output T" value="4"/>
  <attribute name="Target GC Util Change" value ="20.000000" />
  <attribute name="Current GC Util Change" value="11.000000"/>
  <attribute name="GC Util currently" value="11" />
  <attribute name="CPU Util currently" value="184535401148" />
<allocation-satisfied id="1458" threadId="00000000016BE100" bytesRequested="40" />
<af-end id="1459" timestamp="2019-06-14T19:08:56.937" threadId="00000000016BEA88" success="true" from="nursery"/>
<exclusive-end id="1460" timestamp="2019-06-14T19:08:56.937" durationms="1.948" />

<exclusive-start id="1461" timestamp="2019-06-14T19:08:56.959" intervalms="23.346">
  <response-info timems="0.027" idlems="0.027" threads="0" lastid="00000000016B6900" lastname="Thread-8" />
</exclusive-start>
<af-start id="1462" threadId="00000000016B7288" totalBytesRequested="40" timestamp="2019-06-14T19:08:56.959" intervalms="23.376" type="nursery" />
<cycle-start id="1463" type="scavenge" contextid="0" timestamp="2019-06-14T19:08:56.959" intervalms="23.438" />
<gc-start id="1464" type="scavenge" contextid="1463" timestamp="2019-06-14T19:08:56.959">
  <mem-info id="1465" free="1056248" total="37486592" percent="2">
    <mem type="nursery" free="0" total="31850496" percent="0">
      <mem type="allocate" free="0" total="28639232" percent="0" />
      <mem type="survivor" free="0" total="3211264" percent="0" />
    </mem>
    <mem type="tenure" free="1056248" total="5636096" percent="18">
      <mem type="soa" free="807416" total="5354496" percent="15" />
      <mem type="loa" free="248832" total="281600" percent="88" />
    </mem>
    <remembered-set count="6393" />
  </mem-info>
</gc-start>
<allocation-stats totalBytes="27752600" >
  <allocated-bytes non-tlh="40" tlh="27752560" />
  <largest-consumer threadName="Thread-9" threadId="00000000016BE100" bytes="9109960" />
</allocation-stats>
<gc-op id="1466" type="scavenge" timems="1.633" contextid="1463" timestamp="2019-06-14T19:08:56.961">
  <scavenger-info tenureage="4" tenuremask="4010" tiltratio="89" />
  <memory-copied type="nursery" objects="21907" bytes="801936" bytesdiscarded="78048" />
  <memory-copied type="tenure" objects="1764" bytes="42336" bytesdiscarded="0" />
</gc-op>
<heap-resize id="1467" type="expand" space="nursery" amount="1572864" count="1" timems="0.016" reason="excessive time being spent scavenging" timestamp="2019-06-14T19:08:56.961" />
<gc-end id="1468" type="scavenge" contextid="1463" durationms="2.176" usertimems="4.000" systemtimems="0.000" timestamp="2019-06-14T19:08:56.961" activeThreads="4">
  <mem-info id="1469" free="30152584" total="39059456" percent="77">
    <mem type="nursery" free="29135504" total="33423360" percent="87">
      <mem type="allocate" free="29135504" total="30015488" percent="97" />
      <mem type="survivor" free="0" total="3407872" percent="0" />
    </mem>
    <mem type="tenure" free="1017080" total="5636096" percent="18">
      <mem type="soa" free="768248" total="5354496" percent="14" />
      <mem type="loa" free="248832" total="281600" percent="88" />
    </mem>
    <remembered-set count="4628" />
  </mem-info>
</gc-end>
<cycle-end id="1470" type="scavenge" contextid="1463" timestamp="2019-06-14T19:08:56.961" />
  <attribute name="elasticGC enabled" value="1" />
  <attribute name= "numThreadsSpecified" value="4" />
  <attribute name="heapSize specified" value="36306944" />
  <attribute name="Current GC Util" value="10" />
  <attribute name= "Current Time Running" value="1921" />
  <attribute name ="GC Interval" value="200" />
  <attribute name="ProportionalT" value="-5.000000" />
  <attribute name="ProportionalI" value="-5.000000" />
  <attribute name="ProportionalH" value="-5.000000" />
  <attribute name="Current Error" value="-10.000000" />
  <attribute name="IntegralT" value="-230.000000" />
  <attribute name="IntegralI" value="-230.000000" />
  <attribute name="IntegralH" value="-230.000000" />
  <attribute name="DerivativeT" value="-0.217391" />
  <attribute name="DerivativeI" value="-0.217391" />
  <attribute name="DerivativeH" value="-0.217391" />
  <attribute name="Loop Time for DT" value="23.000000" />
  <attribute name="Output H" value="2092630016"/>
  <attribute name="Output I" value="200"/>
  <attribute name="Output T" value="4"/>
  <attribute name="Target GC Util Change" value ="20.000000" />
  <attribute name="Current GC Util Change" value="10.000000"/>
  <attribute name="GC Util currently" value="10" />
  <attribute name="CPU Util currently" value="197552191286" />
<allocation-satisfied id="1471" threadId="00000000016B6900" bytesRequested="40" />
<af-end id="1472" timestamp="2019-06-14T19:08:56.961" threadId="00000000016B7288" success="true" from="nursery"/>
<exclusive-end id="1473" timestamp="2019-06-14T19:08:56.961" durationms="2.888" />

<exclusive-start id="1474" timestamp="2019-06-14T19:08:56.981" intervalms="22.610">
  <response-info timems="0.030" idlems="0.030" threads="0" lastid="00000000016B6900" lastname="Thread-8" />
</exclusive-start>
<af-start id="1475" threadId="00000000016B7288" totalBytesRequested="40" timestamp="2019-06-14T19:08:56.981" intervalms="22.560" type="nursery" />
<cycle-start id="1476" type="scavenge" contextid="0" timestamp="2019-06-14T19:08:56.981" intervalms="22.480" />
<gc-start id="1477" type="scavenge" contextid="1476" timestamp="2019-06-14T19:08:56.981">
  <mem-info id="1478" free="1017080" total="39059456" percent="2">
    <mem type="nursery" free="0" total="33423360" percent="0">
      <mem type="allocate" free="0" total="30015488" percent="0" />
      <mem type="survivor" free="0" total="3407872" percent="0" />
    </mem>
    <mem type="tenure" free="1017080" total="5636096" percent="18">
      <mem type="soa" free="768248" total="5354496" percent="14" />
      <mem type="loa" free="248832" total="281600" percent="88" />
    </mem>
    <remembered-set count="5636" />
  </mem-info>
</gc-start>
<allocation-stats totalBytes="29132056" >
  <allocated-bytes non-tlh="40" tlh="29132016" />
  <largest-consumer threadName="Thread-9" threadId="00000000016BE100" bytes="9129528" />
</allocation-stats>
<gc-op id="1479" type="scavenge" timems="1.662" contextid="1476" timestamp="2019-06-14T19:08:56.983">
  <scavenger-info tenureage="3" tenuremask="4018" tiltratio="89" />
  <memory-copied type="nursery" objects="13989" bytes="474512" bytesdiscarded="246640" />
  <memory-copied type="tenure" objects="10668" bytes="393408" bytesdiscarded="24" />
</gc-op>
<heap-resize id="1480" type="expand" space="nursery" amount="1310720" count="1" timems="0.014" reason="excessive time being spent scavenging" timestamp="2019-06-14T19:08:56.983" />
<gc-end id="1481" type="scavenge" contextid="1476" durationms="2.141" usertimems="4.000" systemtimems="0.000" timestamp="2019-06-14T19:08:56.984" activeThreads="4">
  <mem-info id="1482" free="31084280" total="40370176" percent="76">
    <mem type="nursery" free="30539520" total="34734080" percent="87">
      <mem type="allocate" free="30539520" total="31260672" percent="97" />
      <mem type="survivor" free="0" total="3473408" percent="0" />
    </mem>
    <mem type="tenure" free="544760" total="5636096" percent="9">
      <mem type="soa" free="295928" total="5354496" percent="5" />
      <mem type="loa" free="248832" total="281600" percent="88" />
    </mem>
    <remembered-set count="5215" />
  </mem-info>
</gc-end>
<cycle-end id="1483" type="scavenge" contextid="1476" timestamp="2019-06-14T19:08:56.984" />
  <attribute name="elasticGC enabled" value="1" />
  <attribute name= "numThreadsSpecified" value="4" />
  <attribute name="heapSize specified" value="36306944" />
  <attribute name="Current GC Util" value="16" />
  <attribute name= "Current Time Running" value="1943" />
  <attribute name ="GC Interval" value="200" />
  <attribute name="ProportionalT" value="-2.000000" />
  <attribute name="ProportionalI" value="-2.000000" />
  <attribute name="ProportionalH" value="-2.000000" />
  <attribute name="Current Error" value="-4.000000" />
  <attribute name="IntegralT" value="-88.000000" />
  <attribute name="IntegralI" value="-88.000000" />
  <attribute name="IntegralH" value="-88.000000" />
  <attribute name="DerivativeT" value="-0.090909" />
  <attribute name="DerivativeI" value="-0.090909" />
  <attribute name="DerivativeH" value="-0.090909" />
  <attribute name="Loop Time for DT" value="22.000000" />
  <attribute name="Output H" value="2092630016"/>
  <attribute name="Output I" value="200"/>
  <attribute name="Output T" value="4"/>
  <attribute name="Target GC Util Change" value ="20.000000" />
  <attribute name="Current GC Util Change" value="16.000000"/>
  <attribute name="GC Util currently" value="16" />
  <attribute name="CPU Util currently" value="205968077301" />
<allocation-satisfied id="1484" threadId="00000000016B6900" bytesRequested="40" />
<af-end id="1485" timestamp="2019-06-14T19:08:56.984" threadId="00000000016B7288" success="true" from="nursery"/>
<exclusive-end id="1486" timestamp="2019-06-14T19:08:56.984" durationms="2.819" />

<concurrent-kickoff id="1487" timestamp="2019-06-14T19:08:57.009">
  <kickoff reason="threshold reached" targetBytes="1781415" thresholdFreeBytes="252312"  remainingFree="196352" tenureFreeBytes="544760" nurseryFreeBytes="196352" />
</concurrent-kickoff>
<exclusive-start id="1488" timestamp="2019-06-14T19:08:57.010" intervalms="28.592">
  <response-info timems="0.212" idlems="0.196" threads="2" lastid="00000000016BA500" lastname="Thread-7" />
</exclusive-start>
<cycle-start id="1489" type="global" contextid="0" timestamp="2019-06-14T19:08:57.010" intervalms="259.385" />
<exclusive-end id="1490" timestamp="2019-06-14T19:08:57.010" durationms="0.173" />

<exclusive-start id="1491" timestamp="2019-06-14T19:08:57.010" intervalms="0.504">
  <response-info timems="0.016" idlems="0.016" threads="0" lastid="00000000016B2D00" lastname="Thread-10" />
</exclusive-start>
<af-start id="1492" threadId="00000000016B3688" totalBytesRequested="40" timestamp="2019-06-14T19:08:57.010" intervalms="29.088" type="nursery" />
<cycle-start id="1493" type="scavenge" contextid="0" timestamp="2019-06-14T19:08:57.010" intervalms="29.105" />
<gc-start id="1494" type="scavenge" contextid="1493" timestamp="2019-06-14T19:08:57.011">
  <mem-info id="1495" free="544760" total="40370176" percent="1">
    <mem type="nursery" free="0" total="34734080" percent="0">
      <mem type="allocate" free="0" total="31260672" percent="0" />
      <mem type="survivor" free="0" total="3473408" percent="0" />
    </mem>
    <mem type="tenure" free="544760" total="5636096" percent="9">
      <mem type="soa" free="295928" total="5354496" percent="5" />
      <mem type="loa" free="248832" total="281600" percent="88" />
    </mem>
    <remembered-set count="6539" />
  </mem-info>
</gc-start>
<allocation-stats totalBytes="30535440" >
  <allocated-bytes non-tlh="40" tlh="30535400" />
  <largest-consumer threadName="Thread-9" threadId="00000000016BE100" bytes="11762128" />
</allocation-stats>
<gc-op id="1496" type="scavenge" timems="0.551" contextid="1493" timestamp="2019-06-14T19:08:57.011">
  <scavenger-info tenureage="3" tenuremask="4008" tiltratio="90" />
  <memory-copied type="nursery" objects="10175" bytes="382984" bytesdiscarded="215288" />
  <memory-copied type="tenure" objects="2200" bytes="52800" bytesdiscarded="0" />
</gc-op>
<gc-end id="1497" type="scavenge" contextid="1493" durationms="0.884" usertimems="0.000" systemtimems="0.000" timestamp="2019-06-14T19:08:57.011" activeThreads="4">
  <mem-info id="1498" free="31167992" total="40370176" percent="77">
    <mem type="nursery" free="30662400" total="34734080" percent="88">
      <mem type="allocate" free="30662400" total="31260672" percent="98" />
      <mem type="survivor" free="0" total="3473408" percent="0" />
    </mem>
    <mem type="tenure" free="505592" total="5636096" percent="8">
      <mem type="soa" free="256760" total="5354496" percent="4" />
      <mem type="loa" free="248832" total="281600" percent="88" />
    </mem>
    <remembered-set count="4339" />
  </mem-info>
</gc-end>
<cycle-end id="1499" type="scavenge" contextid="1493" timestamp="2019-06-14T19:08:57.012" />
  <attribute name="elasticGC enabled" value="1" />
  <attribute name= "numThreadsSpecified" value="4" />
  <attribute name="heapSize specified" value="36306944" />
  <attribute name="Current GC Util" value="14" />
  <attribute name= "Current Time Running" value="1973" />
  <attribute name ="GC Interval" value="200" />
  <attribute name="ProportionalT" value="-3.000000" />
  <attribute name="ProportionalI" value="-3.000000" />
  <attribute name="ProportionalH" value="-3.000000" />
  <attribute name="Current Error" value="-6.000000" />
  <attribute name="IntegralT" value="-180.000000" />
  <attribute name="IntegralI" value="-180.000000" />
  <attribute name="IntegralH" value="-180.000000" />
  <attribute name="DerivativeT" value="-0.100000" />
  <attribute name="DerivativeI" value="-0.100000" />
  <attribute name="DerivativeH" value="-0.100000" />
  <attribute name="Loop Time for DT" value="30.000000" />
  <attribute name="Output H" value="2092630016"/>
  <attribute name="Output I" value="200"/>
  <attribute name="Output T" value="4"/>
  <attribute name="Target GC Util Change" value ="20.000000" />
  <attribute name="Current GC Util Change" value="14.000000"/>
  <attribute name="GC Util currently" value="14" />
  <attribute name="CPU Util currently" value="157412452263" />
<allocation-satisfied id="1500" threadId="00000000016B2D00" bytesRequested="40" />
<af-end id="1501" timestamp="2019-06-14T19:08:57.012" threadId="00000000016B3688" success="true" from="nursery"/>
<exclusive-end id="1502" timestamp="2019-06-14T19:08:57.012" durationms="1.613" />

<exclusive-start id="1503" timestamp="2019-06-14T19:08:57.037" intervalms="26.626">
  <response-info timems="0.023" idlems="0.023" threads="0" lastid="00000000016BE100" lastname="Thread-9" />
</exclusive-start>
<af-start id="1504" threadId="00000000016BEA88" totalBytesRequested="40" timestamp="2019-06-14T19:08:57.037" intervalms="26.644" type="nursery" />
<cycle-start id="1505" type="scavenge" contextid="0" timestamp="2019-06-14T19:08:57.037" intervalms="26.641" />
<gc-start id="1506" type="scavenge" contextid="1505" timestamp="2019-06-14T19:08:57.037">
  <mem-info id="1507" free="505592" total="40370176" percent="1">
    <mem type="nursery" free="0" total="34734080" percent="0">
      <mem type="allocate" free="0" total="31260672" percent="0" />
      <mem type="survivor" free="0" total="3473408" percent="0" />
    </mem>
    <mem type="tenure" free="505592" total="5636096" percent="8">
      <mem type="soa" free="256760" total="5354496" percent="4" />
      <mem type="loa" free="248832" total="281600" percent="88" />
    </mem>
    <remembered-set count="5411" />
  </mem-info>
</gc-start>
<allocation-stats totalBytes="30658552" >
  <allocated-bytes non-tlh="40" tlh="30658512" />
  <largest-consumer threadName="Thread-9" threadId="00000000016BE100" bytes="8485768" />
</allocation-stats>
<gc-op id="1508" type="scavenge" timems="1.383" contextid="1505" timestamp="2019-06-14T19:08:57.039">
  <scavenger-info tenureage="14" tenuremask="4000" tiltratio="90" />
  <memory-copied type="nursery" objects="19289" bytes="738864" bytesdiscarded="141120" />
</gc-op>
<gc-end id="1509" type="scavenge" contextid="1505" durationms="1.782" usertimems="4.000" systemtimems="0.000" timestamp="2019-06-14T19:08:57.039" activeThreads="4">
  <mem-info id="1510" free="30886280" total="40370176" percent="76">
    <mem type="nursery" free="30380688" total="34734080" percent="87">
      <mem type="allocate" free="30380688" total="31260672" percent="97" />
      <mem type="survivor" free="0" total="3473408" percent="0" />
    </mem>
    <mem type="tenure" free="505592" total="5636096" percent="8">
      <mem type="soa" free="256760" total="5354496" percent="4" />
      <mem type="loa" free="248832" total="281600" percent="88" />
    </mem>
    <remembered-set count="5411" />
  </mem-info>
</gc-end>
<cycle-end id="1511" type="scavenge" contextid="1505" timestamp="2019-06-14T19:08:57.039" />
  <attribute name="elasticGC enabled" value="1" />
  <attribute name= "numThreadsSpecified" value="4" />
  <attribute name="heapSize specified" value="36306944" />
  <attribute name="Current GC Util" value="6" />
  <attribute name= "Current Time Running" value="1999" />
  <attribute name ="GC Interval" value="200" />
  <attribute name="ProportionalT" value="-7.000000" />
  <attribute name="ProportionalI" value="-7.000000" />
  <attribute name="ProportionalH" value="-7.000000" />
  <attribute name="Current Error" value="-14.000000" />
  <attribute name="IntegralT" value="-364.000000" />
  <attribute name="IntegralI" value="-364.000000" />
  <attribute name="IntegralH" value="-364.000000" />
  <attribute name="DerivativeT" value="-0.269231" />
  <attribute name="DerivativeI" value="-0.269231" />
  <attribute name="DerivativeH" value="-0.269231" />
  <attribute name="Loop Time for DT" value="26.000000" />
  <attribute name="Output H" value="2092630016"/>
  <attribute name="Output I" value="200"/>
  <attribute name="Output T" value="4"/>
  <attribute name="Target GC Util Change" value ="20.000000" />
  <attribute name="Current GC Util Change" value="6.000000"/>
  <attribute name="GC Util currently" value="6" />
  <attribute name="CPU Util currently" value="172790940573" />
<allocation-satisfied id="1512" threadId="00000000016BE100" bytesRequested="40" />
<af-end id="1513" timestamp="2019-06-14T19:08:57.039" threadId="00000000016BEA88" success="true" from="nursery"/>
<exclusive-end id="1514" timestamp="2019-06-14T19:08:57.039" durationms="2.451" />

<exclusive-start id="1515" timestamp="2019-06-14T19:08:57.040" intervalms="2.744">
  <response-info timems="0.044" idlems="0.044" threads="0" lastid="00000000016BA500" lastname="Thread-7" />
</exclusive-start>
<concurrent-collection-start id="1516" timestamp="2019-06-14T19:08:57.040" intervalms="1245.076" >
  <concurrent-trace-info reason="card cleaning threshold reached" tracedByMutators="1116292" tracedByHelpers="1173144" cardsCleaned="276" workStackOverflowCount="0" />
</concurrent-collection-start>
<gc-start id="1517" type="global" contextid="1489" timestamp="2019-06-14T19:08:57.040">
  <mem-info id="1518" free="30624096" total="40370176" percent="75">
    <mem type="nursery" free="30118504" total="34734080" percent="86">
      <mem type="allocate" free="30118504" total="31260672" percent="96" />
      <mem type="survivor" free="0" total="3473408" percent="0" />
    </mem>
    <mem type="tenure" free="505592" total="5636096" percent="8">
      <mem type="soa" free="256760" total="5354496" percent="4" />
      <mem type="loa" free="248832" total="281600" percent="88" />
    </mem>
    <remembered-set count="5411" />
  </mem-info>
</gc-start>
<allocation-stats totalBytes="262184" >
  <allocated-bytes non-tlh="40" tlh="262144" />
  <largest-consumer threadName="Thread-9" threadId="00000000016BE100" bytes="65576" />
</allocation-stats>
<gc-op id="1519" type="rs-scan" timems="0.774" contextid="1489" timestamp="2019-06-14T19:08:57.041">
  <scan objectsFound="5371" bytesTraced="480540" workStackOverflowCount="0" />
</gc-op>
<gc-op id="1520" type="card-cleaning" timems="0.252" contextid="1489" timestamp="2019-06-14T19:08:57.041">
  <card-cleaning cardsCleaned="3" bytesTraced="2336" workStackOverflowCount="0" />
</gc-op>
<gc-op id="1521" type="mark" timems="1.289" contextid="1489" timestamp="2019-06-14T19:08:57.042">
  <trace-info objectcount="13291" scancount="13259" scanbytes="594792" />
  <finalization candidates="124" enqueued="0" />
  <ownableSynchronizers candidates="3" cleared="0" />
  <references type="soft" candidates="148" cleared="0" enqueued="0" dynamicThreshold="10" maxThreshold="32" />
  <references type="weak" candidates="693" cleared="0" enqueued="0" />
  <references type="phantom" candidates="36" cleared="0" enqueued="0" />
  <stringconstants candidates="4597" cleared="0"  />
</gc-op>
<gc-op id="1522" type="sweep" timems="0.697" contextid="1489" timestamp="2019-06-14T19:08:57.043" />
<mem-info id="1523" free="31984696" total="40370176" percent="79">
  <mem type="nursery" free="30516792" total="34734080" percent="87">
    <mem type="allocate" free="30516792" total="31260672" percent="97" />
    <mem type="survivor" free="0" total="3473408" percent="0" />
  </mem>
  <mem type="tenure" free="1467904" total="5636096" percent="26" micro-fragmented="47711" macro-fragmented="0">
    <mem type="soa" free="1186304" total="5354496" percent="22" />
    <mem type="loa" free="281600" total="281600" percent="100" />
  </mem>
  <remembered-set count="5411" />
</mem-info>
<gc-op id="1524" type="compact" timems="7.252" contextid="1489" timestamp="2019-06-14T19:08:57.051">
  <compact-info movecount="41301" movebytes="1679424" reason="compact to aid heap contraction" />
</gc-op>
<heap-resize id="1525" type="contract" space="tenure" amount="262144" count="1" timems="0.080" reason="heap reconfiguration" timestamp="2019-06-14T19:08:57.051" />
<gc-end id="1526" type="global" contextid="1489" durationms="11.469" usertimems="12.000" systemtimems="8.000" timestamp="2019-06-14T19:08:57.051" activeThreads="4">
  <mem-info id="1527" free="31751168" total="40108032" percent="79">
    <mem type="nursery" free="30521256" total="34734080" percent="87">
      <mem type="allocate" free="30521256" total="31260672" percent="97" />
      <mem type="survivor" free="0" total="3473408" percent="0" />
    </mem>
    <mem type="tenure" free="1229912" total="5373952" percent="22">
      <mem type="soa" free="981080" total="5105664" percent="19" />
      <mem type="loa" free="248832" total="268288" percent="92" />
    </mem>
    <remembered-set count="5411" />
  </mem-info>
</gc-end>
<cycle-end id="1528" type="global" contextid="1489" timestamp="2019-06-14T19:08:57.051" />
  <attribute name="elasticGC enabled" value="1" />
  <attribute name= "numThreadsSpecified" value="4" />
  <attribute name="heapSize specified" value="40370176" />
  <attribute name="Current GC Util" value="89" />
  <attribute name= "Current Time Running" value="2013" />
  <attribute name ="GC Interval" value="200" />
  <attribute name="ProportionalT" value="34.500000" />
  <attribute name="ProportionalI" value="34.500000" />
  <attribute name="ProportionalH" value="34.500000" />
  <attribute name="Current Error" value="69.000000" />
  <attribute name="IntegralT" value="552.000000" />
  <attribute name="IntegralI" value="552.000000" />
  <attribute name="IntegralH" value="552.000000" />
  <attribute name="DerivativeT" value="-7.125000" />
  <attribute name="DerivativeI" value="-7.125000" />
  <attribute name="DerivativeH" value="-7.125000" />
  <attribute name="Loop Time for DT" value="8.000000" />
  <attribute name="Output H" value="8388608"/>
  <attribute name="Output I" value="584"/>
  <attribute name="Output T" value="4"/>
  <attribute name="Target GC Util Change" value ="20.000000" />
  <attribute name="Current GC Util Change" value="89.000000"/>
  <attribute name="GC Util currently" value="89" />
  <attribute name="CPU Util currently" value="621494892517" />
<concurrent-collection-end id="1529" timestamp="2019-06-14T19:08:57.051" />
<exclusive-end id="1530" timestamp="2019-06-14T19:08:57.052" durationms="11.981" />

<exclusive-start id="1531" timestamp="2019-06-14T19:08:57.074" intervalms="33.995">
  <response-info timems="0.037" idlems="0.037" threads="0" lastid="00000000016BE100" lastname="Thread-9" />
</exclusive-start>
<af-start id="1532" threadId="00000000016BEA88" totalBytesRequested="40" timestamp="2019-06-14T19:08:57.074" intervalms="36.739" type="nursery" />
<cycle-start id="1533" type="scavenge" contextid="0" timestamp="2019-06-14T19:08:57.074" intervalms="36.707" />
<gc-start id="1534" type="scavenge" contextid="1533" timestamp="2019-06-14T19:08:57.074">
  <mem-info id="1535" free="1229912" total="40108032" percent="3">
    <mem type="nursery" free="0" total="34734080" percent="0">
      <mem type="allocate" free="0" total="31260672" percent="0" />
      <mem type="survivor" free="0" total="3473408" percent="0" />
    </mem>
    <mem type="tenure" free="1229912" total="5373952" percent="22">
      <mem type="soa" free="981080" total="5105664" percent="19" />
      <mem type="loa" free="248832" total="268288" percent="92" />
    </mem>
    <remembered-set count="5889" />
  </mem-info>
</gc-start>
<allocation-stats totalBytes="30516824" >
  <allocated-bytes non-tlh="0" tlh="30516824" />
  <largest-consumer threadName="Thread-9" threadId="00000000016BE100" bytes="8436632" />
</allocation-stats>
<gc-op id="1536" type="scavenge" timems="1.518" contextid="1533" timestamp="2019-06-14T19:08:57.076">
  <scavenger-info tenureage="14" tenuremask="4000" tiltratio="90" />
  <memory-copied type="nursery" objects="28191" bytes="1090208" bytesdiscarded="79936" />
  <ownableSynchronizers candidates="6" cleared="6" />
</gc-op>
<gc-end id="1537" type="scavenge" contextid="1533" durationms="1.894" usertimems="4.000" systemtimems="0.000" timestamp="2019-06-14T19:08:57.076" activeThreads="4">
  <mem-info id="1538" free="31320440" total="40108032" percent="78">
    <mem type="nursery" free="30090528" total="34734080" percent="86">
      <mem type="allocate" free="30090528" total="31260672" percent="96" />
      <mem type="survivor" free="0" total="3473408" percent="0" />
    </mem>
    <mem type="tenure" free="1229912" total="5373952" percent="22">
      <mem type="soa" free="981080" total="5105664" percent="19" />
      <mem type="loa" free="248832" total="268288" percent="92" />
    </mem>
    <remembered-set count="5888" />
  </mem-info>
</gc-end>
<cycle-end id="1539" type="scavenge" contextid="1533" timestamp="2019-06-14T19:08:57.076" />
  <attribute name="elasticGC enabled" value="1" />
  <attribute name= "numThreadsSpecified" value="4" />
  <attribute name="heapSize specified" value="40370176" />
  <attribute name="Current GC Util" value="32" />
  <attribute name= "Current Time Running" value="2036" />
  <attribute name ="GC Interval" value="280" />
  <attribute name="ProportionalT" value="6.000000" />
  <attribute name="ProportionalI" value="6.000000" />
  <attribute name="ProportionalH" value="6.000000" />
  <attribute name="Current Error" value="12.000000" />
  <attribute name="IntegralT" value="276.000000" />
  <attribute name="IntegralI" value="276.000000" />
  <attribute name="IntegralH" value="276.000000" />
  <attribute name="DerivativeT" value="-1.239130" />
  <attribute name="DerivativeI" value="-1.239130" />
  <attribute name="DerivativeH" value="-1.239130" />
  <attribute name="Loop Time for DT" value="23.000000" />
  <attribute name="Output H" value="8388608"/>
  <attribute name="Output I" value="280"/>
  <attribute name="Output T" value="4"/>
  <attribute name="Target GC Util Change" value ="20.000000" />
  <attribute name="Current GC Util Change" value="32.000000"/>
  <attribute name="GC Util currently" value="32" />
  <attribute name="CPU Util currently" value="197479126794" />
<allocation-satisfied id="1540" threadId="00000000016BE100" bytesRequested="40" />
<af-end id="1541" timestamp="2019-06-14T19:08:57.076" threadId="00000000016BEA88" success="true" from="nursery"/>
<exclusive-end id="1542" timestamp="2019-06-14T19:08:57.076" durationms="2.568" />

<exclusive-start id="1543" timestamp="2019-06-14T19:08:57.098" intervalms="24.508">
  <response-info timems="0.022" idlems="0.022" threads="0" lastid="00000000016B6900" lastname="Thread-8" />
</exclusive-start>
<af-start id="1544" threadId="00000000016B7288" totalBytesRequested="40" timestamp="2019-06-14T19:08:57.098" intervalms="24.490" type="nursery" />
<cycle-start id="1545" type="scavenge" contextid="0" timestamp="2019-06-14T19:08:57.098" intervalms="24.518" />
<gc-start id="1546" type="scavenge" contextid="1545" timestamp="2019-06-14T19:08:57.098">
  <mem-info id="1547" free="1229912" total="40108032" percent="3">
    <mem type="nursery" free="0" total="34734080" percent="0">
      <mem type="allocate" free="0" total="31260672" percent="0" />
      <mem type="survivor" free="0" total="3473408" percent="0" />
    </mem>
    <mem type="tenure" free="1229912" total="5373952" percent="22">
      <mem type="soa" free="981080" total="5105664" percent="19" />
      <mem type="loa" free="248832" total="268288" percent="92" />
    </mem>
    <remembered-set count="6320" />
  </mem-info>
</gc-start>
<allocation-stats totalBytes="30086840" >
  <allocated-bytes non-tlh="40" tlh="30086800" />
  <largest-consumer threadName="Thread-10" threadId="00000000016B2D00" bytes="8354720" />
</allocation-stats>
<gc-op id="1548" type="scavenge" timems="2.050" contextid="1545" timestamp="2019-06-14T19:08:57.101">
  <scavenger-info tenureage="3" tenuremask="4008" tiltratio="90" />
  <memory-copied type="nursery" objects="24083" bytes="854080" bytesdiscarded="157232" />
  <memory-copied type="tenure" objects="6983" bytes="304968" bytesdiscarded="24" />
</gc-op>
<heap-resize id="1549" type="expand" space="nursery" amount="1310720" count="1" timems="0.015" reason="excessive time being spent scavenging" timestamp="2019-06-14T19:08:57.101" />
<gc-end id="1550" type="scavenge" contextid="1545" durationms="2.580" usertimems="0.000" systemtimems="4.000" timestamp="2019-06-14T19:08:57.101" activeThreads="4">
  <mem-info id="1551" free="32178152" total="41418752" percent="77">
    <mem type="nursery" free="31429008" total="36044800" percent="87">
      <mem type="allocate" free="31429008" total="32440320" percent="96" />
      <mem type="survivor" free="0" total="3604480" percent="0" />
    </mem>
    <mem type="tenure" free="749144" total="5373952" percent="13">
      <mem type="soa" free="500312" total="5105664" percent="9" />
      <mem type="loa" free="248832" total="268288" percent="92" />
    </mem>
    <remembered-set count="8831" />
  </mem-info>
</gc-end>
<cycle-end id="1552" type="scavenge" contextid="1545" timestamp="2019-06-14T19:08:57.101" />
  <attribute name="elasticGC enabled" value="1" />
  <attribute name= "numThreadsSpecified" value="4" />
  <attribute name="heapSize specified" value="40370176" />
  <attribute name="Current GC Util" value="16" />
  <attribute name= "Current Time Running" value="2060" />
  <attribute name ="GC Interval" value="200" />
  <attribute name="ProportionalT" value="-2.000000" />
  <attribute name="ProportionalI" value="-2.000000" />
  <attribute name="ProportionalH" value="-2.000000" />
  <attribute name="Current Error" value="-4.000000" />
  <attribute name="IntegralT" value="-96.000000" />
  <attribute name="IntegralI" value="-96.000000" />
  <attribute name="IntegralH" value="-96.000000" />
  <attribute name="DerivativeT" value="-0.333333" />
  <attribute name="DerivativeI" value="-0.333333" />
  <attribute name="DerivativeH" value="-0.333333" />
  <attribute name="Loop Time for DT" value="24.000000" />
  <attribute name="Output H" value="2092630016"/>
  <attribute name="Output I" value="200"/>
  <attribute name="Output T" value="4"/>
  <attribute name="Target GC Util Change" value ="20.000000" />
  <attribute name="Current GC Util Change" value="16.000000"/>
  <attribute name="GC Util currently" value="16" />
  <attribute name="CPU Util currently" value="188606037769" />
<allocation-satisfied id="1553" threadId="00000000016B6900" bytesRequested="40" />
<af-end id="1554" timestamp="2019-06-14T19:08:57.101" threadId="00000000016B7288" success="true" from="nursery"/>
<exclusive-end id="1555" timestamp="2019-06-14T19:08:57.101" durationms="3.131" />

<exclusive-start id="1556" timestamp="2019-06-14T19:08:57.123" intervalms="24.667">
  <response-info timems="0.021" idlems="0.021" threads="0" lastid="00000000016BE100" lastname="Thread-9" />
</exclusive-start>
<af-start id="1557" threadId="00000000016BEA88" totalBytesRequested="40" timestamp="2019-06-14T19:08:57.123" intervalms="24.696" type="nursery" />
<cycle-start id="1558" type="scavenge" contextid="0" timestamp="2019-06-14T19:08:57.123" intervalms="24.705" />
<gc-start id="1559" type="scavenge" contextid="1558" timestamp="2019-06-14T19:08:57.123">
  <mem-info id="1560" free="749144" total="41418752" percent="1">
    <mem type="nursery" free="0" total="36044800" percent="0">
      <mem type="allocate" free="0" total="32440320" percent="0" />
      <mem type="survivor" free="0" total="3604480" percent="0" />
    </mem>
    <mem type="tenure" free="749144" total="5373952" percent="13">
      <mem type="soa" free="500312" total="5105664" percent="9" />
      <mem type="loa" free="248832" total="268288" percent="92" />
    </mem>
    <remembered-set count="9202" />
  </mem-info>
</gc-start>
<allocation-stats totalBytes="31425264" >
  <allocated-bytes non-tlh="40" tlh="31425224" />
  <largest-consumer threadName="Thread-9" threadId="00000000016BE100" bytes="8113288" />
</allocation-stats>
<gc-op id="1561" type="scavenge" timems="1.816" contextid="1558" timestamp="2019-06-14T19:08:57.125">
  <scavenger-info tenureage="3" tenuremask="4068" tiltratio="90" />
  <memory-copied type="nursery" objects="29188" bytes="1113744" bytesdiscarded="120816" />
  <memory-copied type="tenure" objects="12089" bytes="427512" bytesdiscarded="0" />
</gc-op>
<gc-end id="1562" type="scavenge" contextid="1558" durationms="2.185" usertimems="8.000" systemtimems="0.000" timestamp="2019-06-14T19:08:57.125" activeThreads="4">
  <mem-info id="1563" free="31482584" total="41418752" percent="76">
    <mem type="nursery" free="31205760" total="36044800" percent="86">
      <mem type="allocate" free="31205760" total="32440320" percent="96" />
      <mem type="survivor" free="0" total="3604480" percent="0" />
    </mem>
    <mem type="tenure" free="276824" total="5373952" percent="5">
      <mem type="soa" free="27992" total="5105664" percent="0" />
      <mem type="loa" free="248832" total="268288" percent="92" />
    </mem>
    <remembered-set count="5951" />
  </mem-info>
</gc-end>
<cycle-end id="1564" type="scavenge" contextid="1558" timestamp="2019-06-14T19:08:57.125" />
  <attribute name="elasticGC enabled" value="1" />
  <attribute name= "numThreadsSpecified" value="4" />
  <attribute name="heapSize specified" value="40370176" />
  <attribute name="Current GC Util" value="19" />
  <attribute name= "Current Time Running" value="2085" />
  <attribute name ="GC Interval" value="200" />
  <attribute name="ProportionalT" value="-0.500000" />
  <attribute name="ProportionalI" value="-0.500000" />
  <attribute name="ProportionalH" value="-0.500000" />
  <attribute name="Current Error" value="-1.000000" />
  <attribute name="IntegralT" value="-25.000000" />
  <attribute name="IntegralI" value="-25.000000" />
  <attribute name="IntegralH" value="-25.000000" />
  <attribute name="DerivativeT" value="-0.020000" />
  <attribute name="DerivativeI" value="-0.020000" />
  <attribute name="DerivativeH" value="-0.020000" />
  <attribute name="Loop Time for DT" value="25.000000" />
  <attribute name="Output H" value="2092630016"/>
  <attribute name="Output I" value="200"/>
  <attribute name="Output T" value="4"/>
  <attribute name="Target GC Util Change" value ="20.000000" />
  <attribute name="Current GC Util Change" value="19.000000"/>
  <attribute name="GC Util currently" value="19" />
  <attribute name="CPU Util currently" value="186205940994" />
<allocation-satisfied id="1565" threadId="00000000016BE100" bytesRequested="40" />
<af-end id="1566" timestamp="2019-06-14T19:08:57.126" threadId="00000000016BEA88" success="true" from="nursery"/>
<exclusive-end id="1567" timestamp="2019-06-14T19:08:57.126" durationms="2.803" />

<concurrent-kickoff id="1568" timestamp="2019-06-14T19:08:57.146">
  <kickoff reason="threshold reached" targetBytes="1792599" thresholdFreeBytes="254868"  remainingFree="141656" tenureFreeBytes="276824" nurseryFreeBytes="141656" />
</concurrent-kickoff>
<exclusive-start id="1569" timestamp="2019-06-14T19:08:57.147" intervalms="23.762">
  <response-info timems="0.023" idlems="0.023" threads="0" lastid="00000000016BA500" lastname="Thread-7" />
</exclusive-start>
<cycle-start id="1570" type="global" contextid="0" timestamp="2019-06-14T19:08:57.147" intervalms="136.826" />
<exclusive-end id="1571" timestamp="2019-06-14T19:08:57.147" durationms="0.273" />

<exclusive-start id="1572" timestamp="2019-06-14T19:08:57.147" intervalms="0.740">
  <response-info timems="0.027" idlems="0.027" threads="0" lastid="00000000016BE100" lastname="Thread-9" />
</exclusive-start>
<af-start id="1573" threadId="00000000016BEA88" totalBytesRequested="24" timestamp="2019-06-14T19:08:57.147" intervalms="24.485" type="nursery" />
<cycle-start id="1574" type="scavenge" contextid="0" timestamp="2019-06-14T19:08:57.148" intervalms="24.570" />
<gc-start id="1575" type="scavenge" contextid="1574" timestamp="2019-06-14T19:08:57.148">
  <mem-info id="1576" free="276824" total="41418752" percent="0">
    <mem type="nursery" free="0" total="36044800" percent="0">
      <mem type="allocate" free="0" total="32440320" percent="0" />
      <mem type="survivor" free="0" total="3604480" percent="0" />
    </mem>
    <mem type="tenure" free="276824" total="5373952" percent="5">
      <mem type="soa" free="27992" total="5105664" percent="0" />
      <mem type="loa" free="248832" total="268288" percent="92" />
    </mem>
    <remembered-set count="7325" />
  </mem-info>
</gc-start>
<allocation-stats totalBytes="31201960" >
  <allocated-bytes non-tlh="40" tlh="31201920" />
  <largest-consumer threadName="Thread-8" threadId="00000000016B6900" bytes="8223744" />
</allocation-stats>
<gc-op id="1577" type="scavenge" timems="1.315" contextid="1574" timestamp="2019-06-14T19:08:57.149">
  <scavenger-info tenureage="3" tenuremask="4008" tiltratio="90" />
  <memory-copied type="nursery" objects="26078" bytes="1039392" bytesdiscarded="32304" />
  <memory-copied type="tenure" objects="3297" bytes="79128" bytesdiscarded="8" />
  <heap-resize type="expand" space="tenure" amount="65536" count="1" timems="0.013" reason="continue current collection" />
</gc-op>
<gc-end id="1578" type="scavenge" contextid="1574" durationms="1.681" usertimems="4.000" systemtimems="0.000" timestamp="2019-06-14T19:08:57.149" activeThreads="4">
  <mem-info id="1579" free="31620528" total="41484288" percent="76">
    <mem type="nursery" free="31368624" total="36044800" percent="87">
      <mem type="allocate" free="31368624" total="32440320" percent="96" />
      <mem type="survivor" free="0" total="3604480" percent="0" />
    </mem>
    <mem type="tenure" free="251904" total="5439488" percent="4">
      <mem type="soa" free="0" total="5168128" percent="0" />
      <mem type="loa" free="251904" total="271360" percent="92" />
    </mem>
    <remembered-set count="5049" />
  </mem-info>
</gc-end>
<cycle-end id="1580" type="scavenge" contextid="1574" timestamp="2019-06-14T19:08:57.150" />
  <attribute name="elasticGC enabled" value="1" />
  <attribute name= "numThreadsSpecified" value="4" />
  <attribute name="heapSize specified" value="40370176" />
  <attribute name="Current GC Util" value="19" />
  <attribute name= "Current Time Running" value="2110" />
  <attribute name ="GC Interval" value="200" />
  <attribute name="ProportionalT" value="-0.500000" />
  <attribute name="ProportionalI" value="-0.500000" />
  <attribute name="ProportionalH" value="-0.500000" />
  <attribute name="Current Error" value="-1.000000" />
  <attribute name="IntegralT" value="-25.000000" />
  <attribute name="IntegralI" value="-25.000000" />
  <attribute name="IntegralH" value="-25.000000" />
  <attribute name="DerivativeT" value="-0.020000" />
  <attribute name="DerivativeI" value="-0.020000" />
  <attribute name="DerivativeH" value="-0.020000" />
  <attribute name="Loop Time for DT" value="25.000000" />
  <attribute name="Output H" value="2092630016"/>
  <attribute name="Output I" value="200"/>
  <attribute name="Output T" value="4"/>
  <attribute name="Target GC Util Change" value ="20.000000" />
  <attribute name="Current GC Util Change" value="19.000000"/>
  <attribute name="GC Util currently" value="19" />
  <attribute name="CPU Util currently" value="186867537152" />
<allocation-satisfied id="1581" threadId="00000000016BE100" bytesRequested="24" />
<af-end id="1582" timestamp="2019-06-14T19:08:57.150" threadId="00000000016BEA88" success="true" from="nursery"/>
<exclusive-end id="1583" timestamp="2019-06-14T19:08:57.150" durationms="2.448" />

<exclusive-start id="1584" timestamp="2019-06-14T19:08:57.177" intervalms="30.147">
  <response-info timems="0.048" idlems="0.026" threads="1" lastid="00000000016BA500" lastname="Thread-7" />
</exclusive-start>
<concurrent-collection-start id="1585" timestamp="2019-06-14T19:08:57.178" intervalms="137.932" >
  <concurrent-trace-info reason="card cleaning threshold reached" tracedByMutators="773572" tracedByHelpers="760268" cardsCleaned="130" workStackOverflowCount="0" />
</concurrent-collection-start>
<gc-start id="1586" type="global" contextid="1570" timestamp="2019-06-14T19:08:57.178">
  <mem-info id="1587" free="251904" total="41484288" percent="0">
    <mem type="nursery" free="0" total="36044800" percent="0">
      <mem type="allocate" free="0" total="32440320" percent="0" />
      <mem type="survivor" free="0" total="3604480" percent="0" />
    </mem>
    <mem type="tenure" free="251904" total="5439488" percent="4">
      <mem type="soa" free="0" total="5168128" percent="0" />
      <mem type="loa" free="251904" total="271360" percent="92" />
    </mem>
    <remembered-set count="5386" />
  </mem-info>
</gc-start>
<allocation-stats totalBytes="31365368" >
  <allocated-bytes non-tlh="24" tlh="31365344" />
  <largest-consumer threadName="Thread-10" threadId="00000000016B2D00" bytes="10232176" />
</allocation-stats>
<gc-op id="1588" type="rs-scan" timems="0.437" contextid="1570" timestamp="2019-06-14T19:08:57.178">
  <scan objectsFound="3715" bytesTraced="312372" workStackOverflowCount="0" />
</gc-op>
<gc-op id="1589" type="card-cleaning" timems="0.189" contextid="1570" timestamp="2019-06-14T19:08:57.179">
  <card-cleaning cardsCleaned="2" bytesTraced="4800" workStackOverflowCount="0" />
</gc-op>
<gc-op id="1590" type="mark" timems="0.779" contextid="1570" timestamp="2019-06-14T19:08:57.180">
  <trace-info objectcount="26033" scancount="26001" scanbytes="1175904" />
  <finalization candidates="124" enqueued="0" />
  <ownableSynchronizers candidates="3" cleared="0" />
  <references type="soft" candidates="148" cleared="47" enqueued="44" dynamicThreshold="7" maxThreshold="32" />
  <references type="weak" candidates="693" cleared="0" enqueued="0" />
  <references type="phantom" candidates="36" cleared="0" enqueued="0" />
  <stringconstants candidates="4597" cleared="0"  />
</gc-op>
<gc-op id="1591" type="sweep" timems="0.302" contextid="1570" timestamp="2019-06-14T19:08:57.180" />
<mem-info id="1592" free="33124368" total="41484288" percent="79">
  <mem type="nursery" free="31133344" total="36044800" percent="86">
    <mem type="allocate" free="31133344" total="32440320" percent="95" />
    <mem type="survivor" free="0" total="3604480" percent="0" />
  </mem>
  <mem type="tenure" free="1991024" total="5439488" percent="36" micro-fragmented="2311" macro-fragmented="0">
    <mem type="soa" free="1719664" total="5168128" percent="33" />
    <mem type="loa" free="271360" total="271360" percent="100" />
  </mem>
  <pending-finalizers system="0" default="0" reference="44" classloader="0" />
  <remembered-set count="3750" />
</mem-info>
<gc-op id="1593" type="compact" timems="8.460" contextid="1570" timestamp="2019-06-14T19:08:57.189">
  <compact-info movecount="72221" movebytes="4408976" reason="compact to aid heap contraction" />
</gc-op>
<heap-resize id="1594" type="contract" space="tenure" amount="262144" count="1" timems="0.090" reason="heap reconfiguration" timestamp="2019-06-14T19:08:57.189" />
<gc-end id="1595" type="global" contextid="1570" durationms="11.399" usertimems="20.000" systemtimems="0.000" timestamp="2019-06-14T19:08:57.189" activeThreads="4">
  <mem-info id="1596" free="32884752" total="41222144" percent="79">
    <mem type="nursery" free="31160216" total="36044800" percent="86">
      <mem type="allocate" free="31160216" total="32440320" percent="96" />
      <mem type="survivor" free="0" total="3604480" percent="0" />
    </mem>
    <mem type="tenure" free="1724536" total="5177344" percent="33">
      <mem type="soa" free="1475704" total="4919296" percent="29" />
      <mem type="loa" free="248832" total="258048" percent="96" />
    </mem>
    <pending-finalizers system="0" default="0" reference="44" classloader="0" />
    <remembered-set count="3750" />
  </mem-info>
</gc-end>
<cycle-end id="1597" type="global" contextid="1570" timestamp="2019-06-14T19:08:57.189" />
  <attribute name="elasticGC enabled" value="1" />
  <attribute name= "numThreadsSpecified" value="4" />
  <attribute name="heapSize specified" value="41484288" />
  <attribute name="Current GC Util" value="54" />
  <attribute name= "Current Time Running" value="2151" />
  <attribute name ="GC Interval" value="200" />
  <attribute name="ProportionalT" value="17.000000" />
  <attribute name="ProportionalI" value="17.000000" />
  <attribute name="ProportionalH" value="17.000000" />
  <attribute name="Current Error" value="34.000000" />
  <attribute name="IntegralT" value="306.000000" />
  <attribute name="IntegralI" value="306.000000" />
  <attribute name="IntegralH" value="306.000000" />
  <attribute name="DerivativeT" value="1.888889" />
  <attribute name="DerivativeI" value="1.888889" />
  <attribute name="DerivativeH" value="1.888889" />
  <attribute name="Loop Time for DT" value="9.000000" />
  <attribute name="Output H" value="8388608"/>
  <attribute name="Output I" value="328"/>
  <attribute name="Output T" value="4"/>
  <attribute name="Target GC Util Change" value ="20.000000" />
  <attribute name="Current GC Util Change" value="54.000000"/>
  <attribute name="GC Util currently" value="54" />
  <attribute name="CPU Util currently" value="536441853438" />
<concurrent-collection-end id="1598" timestamp="2019-06-14T19:08:57.189" />
<exclusive-end id="1599" timestamp="2019-06-14T19:08:57.189" durationms="12.040" />

<exclusive-start id="1600" timestamp="2019-06-14T19:08:57.218" intervalms="40.811">
  <response-info timems="0.031" idlems="0.031" threads="0" lastid="00000000016BA500" lastname="Thread-7" />
</exclusive-start>
<af-start id="1601" threadId="00000000016BAE88" totalBytesRequested="40" timestamp="2019-06-14T19:08:57.218" intervalms="71.016" type="nursery" />
<cycle-start id="1602" type="scavenge" contextid="0" timestamp="2019-06-14T19:08:57.219" intervalms="70.969" />
<gc-start id="1603" type="scavenge" contextid="1602" timestamp="2019-06-14T19:08:57.219">
  <mem-info id="1604" free="1724536" total="41222144" percent="4">
    <mem type="nursery" free="0" total="36044800" percent="0">
      <mem type="allocate" free="0" total="32440320" percent="0" />
      <mem type="survivor" free="0" total="3604480" percent="0" />
    </mem>
    <mem type="tenure" free="1724536" total="5177344" percent="33">
      <mem type="soa" free="1475704" total="4919296" percent="29" />
      <mem type="loa" free="248832" total="258048" percent="96" />
    </mem>
    <remembered-set count="3796" />
  </mem-info>
</gc-start>
<allocation-stats totalBytes="31156880" >
  <allocated-bytes non-tlh="0" tlh="31156880" />
  <largest-consumer threadName="Thread-8" threadId="00000000016B6900" bytes="10189696" />
</allocation-stats>
<gc-op id="1605" type="scavenge" timems="0.809" contextid="1602" timestamp="2019-06-14T19:08:57.220">
  <scavenger-info tenureage="14" tenuremask="4000" tiltratio="90" />
  <memory-copied type="nursery" objects="37386" bytes="1448936" bytesdiscarded="198904" />
  <ownableSynchronizers candidates="6" cleared="6" />
</gc-op>
<gc-end id="1606" type="scavenge" contextid="1602" durationms="1.198" usertimems="0.000" systemtimems="4.000" timestamp="2019-06-14T19:08:57.220" activeThreads="4">
  <mem-info id="1607" free="32517016" total="41222144" percent="78">
    <mem type="nursery" free="30792480" total="36044800" percent="85">
      <mem type="allocate" free="30792480" total="32440320" percent="94" />
      <mem type="survivor" free="0" total="3604480" percent="0" />
    </mem>
    <mem type="tenure" free="1724536" total="5177344" percent="33">
      <mem type="soa" free="1475704" total="4919296" percent="29" />
      <mem type="loa" free="248832" total="258048" percent="96" />
    </mem>
    <remembered-set count="3796" />
  </mem-info>
</gc-end>
<cycle-end id="1608" type="scavenge" contextid="1602" timestamp="2019-06-14T19:08:57.220" />
  <attribute name="elasticGC enabled" value="1" />
  <attribute name= "numThreadsSpecified" value="4" />
  <attribute name="heapSize specified" value="41484288" />
  <attribute name="Current GC Util" value="33" />
  <attribute name= "Current Time Running" value="2181" />
  <attribute name ="GC Interval" value="400" />
  <attribute name="ProportionalT" value="6.500000" />
  <attribute name="ProportionalI" value="6.500000" />
  <attribute name="ProportionalH" value="6.500000" />
  <attribute name="Current Error" value="13.000000" />
  <attribute name="IntegralT" value="390.000000" />
  <attribute name="IntegralI" value="390.000000" />
  <attribute name="IntegralH" value="390.000000" />
  <attribute name="DerivativeT" value="-0.350000" />
  <attribute name="DerivativeI" value="-0.350000" />
  <attribute name="DerivativeH" value="-0.350000" />
  <attribute name="Loop Time for DT" value="30.000000" />
  <attribute name="Output H" value="8388608"/>
  <attribute name="Output I" value="400"/>
  <attribute name="Output T" value="4"/>
  <attribute name="Target GC Util Change" value ="20.000000" />
  <attribute name="Current GC Util Change" value="33.000000"/>
  <attribute name="GC Util currently" value="33" />
  <attribute name="CPU Util currently" value="152803777739" />
<allocation-satisfied id="1609" threadId="00000000016BA500" bytesRequested="40" />
<af-end id="1610" timestamp="2019-06-14T19:08:57.220" threadId="00000000016BAE88" success="true" from="nursery"/>
<exclusive-end id="1611" timestamp="2019-06-14T19:08:57.220" durationms="2.116" />

<exclusive-start id="1612" timestamp="2019-06-14T19:08:57.246" intervalms="27.923">
  <response-info timems="0.030" idlems="0.030" threads="0" lastid="00000000016BA500" lastname="Thread-7" />
</exclusive-start>
<af-start id="1613" threadId="00000000016BAE88" totalBytesRequested="40" timestamp="2019-06-14T19:08:57.246" intervalms="27.887" type="nursery" />
<cycle-start id="1614" type="scavenge" contextid="0" timestamp="2019-06-14T19:08:57.246" intervalms="27.850" />
<gc-start id="1615" type="scavenge" contextid="1614" timestamp="2019-06-14T19:08:57.246">
  <mem-info id="1616" free="1724536" total="41222144" percent="4">
    <mem type="nursery" free="0" total="36044800" percent="0">
      <mem type="allocate" free="0" total="32440320" percent="0" />
      <mem type="survivor" free="0" total="3604480" percent="0" />
    </mem>
    <mem type="tenure" free="1724536" total="5177344" percent="33">
      <mem type="soa" free="1475704" total="4919296" percent="29" />
      <mem type="loa" free="248832" total="258048" percent="96" />
    </mem>
    <remembered-set count="3796" />
  </mem-info>
</gc-start>
<allocation-stats totalBytes="30788856" >
  <allocated-bytes non-tlh="40" tlh="30788816" />
  <largest-consumer threadName="Thread-8" threadId="00000000016B6900" bytes="9918032" />
</allocation-stats>
<gc-op id="1617" type="scavenge" timems="0.790" contextid="1614" timestamp="2019-06-14T19:08:57.248">
  <scavenger-info tenureage="14" tenuremask="4000" tiltratio="90" />
  <memory-copied type="nursery" objects="36779" bytes="1434744" bytesdiscarded="98664" />
</gc-op>
<gc-end id="1618" type="scavenge" contextid="1614" durationms="1.206" usertimems="4.000" systemtimems="0.000" timestamp="2019-06-14T19:08:57.248" activeThreads="4">
  <mem-info id="1619" free="32631448" total="41222144" percent="79">
    <mem type="nursery" free="30906912" total="36044800" percent="85">
      <mem type="allocate" free="30906912" total="32440320" percent="95" />
      <mem type="survivor" free="0" total="3604480" percent="0" />
    </mem>
    <mem type="tenure" free="1724536" total="5177344" percent="33">
      <mem type="soa" free="1475704" total="4919296" percent="29" />
      <mem type="loa" free="248832" total="258048" percent="96" />
    </mem>
    <remembered-set count="3795" />
  </mem-info>
</gc-end>
<cycle-end id="1620" type="scavenge" contextid="1614" timestamp="2019-06-14T19:08:57.248" />
  <attribute name="elasticGC enabled" value="1" />
  <attribute name= "numThreadsSpecified" value="4" />
  <attribute name="heapSize specified" value="41484288" />
  <attribute name="Current GC Util" value="10" />
  <attribute name= "Current Time Running" value="2209" />
  <attribute name ="GC Interval" value="200" />
  <attribute name="ProportionalT" value="-5.000000" />
  <attribute name="ProportionalI" value="-5.000000" />
  <attribute name="ProportionalH" value="-5.000000" />
  <attribute name="Current Error" value="-10.000000" />
  <attribute name="IntegralT" value="-280.000000" />
  <attribute name="IntegralI" value="-280.000000" />
  <attribute name="IntegralH" value="-280.000000" />
  <attribute name="DerivativeT" value="-0.410714" />
  <attribute name="DerivativeI" value="-0.410714" />
  <attribute name="DerivativeH" value="-0.410714" />
  <attribute name="Loop Time for DT" value="28.000000" />
  <attribute name="Output H" value="2092630016"/>
  <attribute name="Output I" value="200"/>
  <attribute name="Output T" value="4"/>
  <attribute name="Target GC Util Change" value ="20.000000" />
  <attribute name="Current GC Util Change" value="10.000000"/>
  <attribute name="GC Util currently" value="10" />
  <attribute name="CPU Util currently" value="165560218427" />
<allocation-satisfied id="1621" threadId="00000000016BA500" bytesRequested="40" />
<af-end id="1622" timestamp="2019-06-14T19:08:57.248" threadId="00000000016BAE88" success="true" from="nursery"/>
<exclusive-end id="1623" timestamp="2019-06-14T19:08:57.248" durationms="1.888" />

<exclusive-start id="1624" timestamp="2019-06-14T19:08:57.274" intervalms="28.095">
  <response-info timems="0.039" idlems="0.039" threads="0" lastid="00000000016BE100" lastname="Thread-9" />
</exclusive-start>
<af-start id="1625" threadId="00000000016BEA88" totalBytesRequested="40" timestamp="2019-06-14T19:08:57.274" intervalms="28.125" type="nursery" />
<cycle-start id="1626" type="scavenge" contextid="0" timestamp="2019-06-14T19:08:57.275" intervalms="28.127" />
<gc-start id="1627" type="scavenge" contextid="1626" timestamp="2019-06-14T19:08:57.275">
  <mem-info id="1628" free="1724536" total="41222144" percent="4">
    <mem type="nursery" free="0" total="36044800" percent="0">
      <mem type="allocate" free="0" total="32440320" percent="0" />
      <mem type="survivor" free="0" total="3604480" percent="0" />
    </mem>
    <mem type="tenure" free="1724536" total="5177344" percent="33">
      <mem type="soa" free="1475704" total="4919296" percent="29" />
      <mem type="loa" free="248832" total="258048" percent="96" />
    </mem>
    <remembered-set count="3795" />
  </mem-info>
</gc-start>
<allocation-stats totalBytes="30903568" >
  <allocated-bytes non-tlh="40" tlh="30903528" />
  <largest-consumer threadName="Thread-7" threadId="00000000016BA500" bytes="9796664" />
</allocation-stats>
<gc-op id="1629" type="scavenge" timems="1.809" contextid="1626" timestamp="2019-06-14T19:08:57.277">
  <scavenger-info tenureage="14" tenuremask="4000" tiltratio="90" />
  <memory-copied type="nursery" objects="35209" bytes="1397600" bytesdiscarded="65920" />
</gc-op>
<heap-resize id="1630" type="expand" space="nursery" amount="1572864" count="1" timems="0.026" reason="excessive time being spent scavenging" timestamp="2019-06-14T19:08:57.277" />
<gc-end id="1631" type="scavenge" contextid="1626" durationms="2.399" usertimems="4.000" systemtimems="0.000" timestamp="2019-06-14T19:08:57.277" activeThreads="4">
  <mem-info id="1632" free="34077592" total="42795008" percent="79">
    <mem type="nursery" free="32353056" total="37617664" percent="86">
      <mem type="allocate" free="32353056" total="33816576" percent="95" />
      <mem type="survivor" free="0" total="3801088" percent="0" />
    </mem>
    <mem type="tenure" free="1724536" total="5177344" percent="33">
      <mem type="soa" free="1475704" total="4919296" percent="29" />
      <mem type="loa" free="248832" total="258048" percent="96" />
    </mem>
    <remembered-set count="3751" />
  </mem-info>
</gc-end>
<cycle-end id="1633" type="scavenge" contextid="1626" timestamp="2019-06-14T19:08:57.277" />
  <attribute name="elasticGC enabled" value="1" />
  <attribute name= "numThreadsSpecified" value="4" />
  <attribute name="heapSize specified" value="41484288" />
  <attribute name="Current GC Util" value="10" />
  <attribute name= "Current Time Running" value="2237" />
  <attribute name ="GC Interval" value="200" />
  <attribute name="ProportionalT" value="-5.000000" />
  <attribute name="ProportionalI" value="-5.000000" />
  <attribute name="ProportionalH" value="-5.000000" />
  <attribute name="Current Error" value="-10.000000" />
  <attribute name="IntegralT" value="-280.000000" />
  <attribute name="IntegralI" value="-280.000000" />
  <attribute name="IntegralH" value="-280.000000" />
  <attribute name="DerivativeT" value="-0.178571" />
  <attribute name="DerivativeI" value="-0.178571" />
  <attribute name="DerivativeH" value="-0.178571" />
  <attribute name="Loop Time for DT" value="28.000000" />
  <attribute name="Output H" value="2092630016"/>
  <attribute name="Output I" value="200"/>
  <attribute name="Output T" value="4"/>
  <attribute name="Target GC Util Change" value ="20.000000" />
  <attribute name="Current GC Util Change" value="10.000000"/>
  <attribute name="GC Util currently" value="10" />
  <attribute name="CPU Util currently" value="163839654350" />
<allocation-satisfied id="1634" threadId="00000000016BE100" bytesRequested="40" />
<af-end id="1635" timestamp="2019-06-14T19:08:57.277" threadId="00000000016BEA88" success="true" from="nursery"/>
<exclusive-end id="1636" timestamp="2019-06-14T19:08:57.278" durationms="3.337" />

<exclusive-start id="1637" timestamp="2019-06-14T19:08:57.298" intervalms="23.807">
  <response-info timems="0.039" idlems="0.039" threads="0" lastid="00000000016BE100" lastname="Thread-9" />
</exclusive-start>
<af-start id="1638" threadId="00000000016BEA88" totalBytesRequested="40" timestamp="2019-06-14T19:08:57.298" intervalms="23.789" type="nursery" />
<cycle-start id="1639" type="scavenge" contextid="0" timestamp="2019-06-14T19:08:57.298" intervalms="23.781" />
<gc-start id="1640" type="scavenge" contextid="1639" timestamp="2019-06-14T19:08:57.298">
  <mem-info id="1641" free="1724536" total="42795008" percent="4">
    <mem type="nursery" free="0" total="37617664" percent="0">
      <mem type="allocate" free="0" total="33816576" percent="0" />
      <mem type="survivor" free="0" total="3801088" percent="0" />
    </mem>
    <mem type="tenure" free="1724536" total="5177344" percent="33">
      <mem type="soa" free="1475704" total="4919296" percent="29" />
      <mem type="loa" free="248832" total="258048" percent="96" />
    </mem>
    <remembered-set count="3751" />
  </mem-info>
</gc-start>
<allocation-stats totalBytes="32349600" >
  <allocated-bytes non-tlh="40" tlh="32349560" />
  <largest-consumer threadName="Thread-9" threadId="00000000016BE100" bytes="10598136" />
</allocation-stats>
<gc-op id="1642" type="scavenge" timems="1.335" contextid="1639" timestamp="2019-06-14T19:08:57.300">
  <scavenger-info tenureage="5" tenuremask="4020" tiltratio="89" />
  <memory-copied type="nursery" objects="31190" bytes="1301240" bytesdiscarded="83944" />
  <memory-copied type="tenure" objects="1205" bytes="28920" bytesdiscarded="0" />
</gc-op>
<gc-end id="1643" type="scavenge" contextid="1639" durationms="1.666" usertimems="4.000" systemtimems="0.000" timestamp="2019-06-14T19:08:57.300" activeThreads="4">
  <mem-info id="1644" free="33985432" total="42795008" percent="79">
    <mem type="nursery" free="32431392" total="37617664" percent="86">
      <mem type="allocate" free="32431392" total="33816576" percent="95" />
      <mem type="survivor" free="0" total="3801088" percent="0" />
    </mem>
    <mem type="tenure" free="1554040" total="5177344" percent="30">
      <mem type="soa" free="1305208" total="4919296" percent="26" />
      <mem type="loa" free="248832" total="258048" percent="96" />
    </mem>
    <remembered-set count="2546" />
  </mem-info>
</gc-end>
<cycle-end id="1645" type="scavenge" contextid="1639" timestamp="2019-06-14T19:08:57.300" />
  <attribute name="elasticGC enabled" value="1" />
  <attribute name= "numThreadsSpecified" value="4" />
  <attribute name="heapSize specified" value="41484288" />
  <attribute name="Current GC Util" value="19" />
  <attribute name= "Current Time Running" value="2260" />
  <attribute name ="GC Interval" value="200" />
  <attribute name="ProportionalT" value="-0.500000" />
  <attribute name="ProportionalI" value="-0.500000" />
  <attribute name="ProportionalH" value="-0.500000" />
  <attribute name="Current Error" value="-1.000000" />
  <attribute name="IntegralT" value="-23.000000" />
  <attribute name="IntegralI" value="-23.000000" />
  <attribute name="IntegralH" value="-23.000000" />
  <attribute name="DerivativeT" value="-0.021739" />
  <attribute name="DerivativeI" value="-0.021739" />
  <attribute name="DerivativeH" value="-0.021739" />
  <attribute name="Loop Time for DT" value="23.000000" />
  <attribute name="Output H" value="2092630016"/>
  <attribute name="Output I" value="200"/>
  <attribute name="Output T" value="4"/>
  <attribute name="Target GC Util Change" value ="20.000000" />
  <attribute name="Current GC Util Change" value="19.000000"/>
  <attribute name="GC Util currently" value="19" />
  <attribute name="CPU Util currently" value="194862480736" />
<allocation-satisfied id="1646" threadId="00000000016BE100" bytesRequested="40" />
<af-end id="1647" timestamp="2019-06-14T19:08:57.301" threadId="00000000016BEA88" success="true" from="nursery"/>
<exclusive-end id="1648" timestamp="2019-06-14T19:08:57.301" durationms="2.581" />

<exclusive-start id="1649" timestamp="2019-06-14T19:08:57.322" intervalms="23.977">
  <response-info timems="0.058" idlems="0.031" threads="1" lastid="00000000016BA500" lastname="Thread-7" />
</exclusive-start>
<af-start id="1650" threadId="00000000016B3688" totalBytesRequested="40" timestamp="2019-06-14T19:08:57.322" intervalms="23.992" type="nursery" />
<cycle-start id="1651" type="scavenge" contextid="0" timestamp="2019-06-14T19:08:57.322" intervalms="24.107" />
<gc-start id="1652" type="scavenge" contextid="1651" timestamp="2019-06-14T19:08:57.323">
  <mem-info id="1653" free="1554040" total="42795008" percent="3">
    <mem type="nursery" free="0" total="37617664" percent="0">
      <mem type="allocate" free="0" total="33816576" percent="0" />
      <mem type="survivor" free="0" total="3801088" percent="0" />
    </mem>
    <mem type="tenure" free="1554040" total="5177344" percent="30">
      <mem type="soa" free="1305208" total="4919296" percent="26" />
      <mem type="loa" free="248832" total="258048" percent="96" />
    </mem>
    <remembered-set count="2546" />
  </mem-info>
</gc-start>
<allocation-stats totalBytes="32428624" >
  <allocated-bytes non-tlh="40" tlh="32428584" />
  <largest-consumer threadName="Thread-9" threadId="00000000016BE100" bytes="12549304" />
</allocation-stats>
<gc-op id="1654" type="scavenge" timems="1.003" contextid="1651" timestamp="2019-06-14T19:08:57.324">
  <scavenger-info tenureage="14" tenuremask="4000" tiltratio="89" />
  <memory-copied type="nursery" objects="28331" bytes="1232144" bytesdiscarded="214480" />
</gc-op>
<gc-end id="1655" type="scavenge" contextid="1651" durationms="1.436" usertimems="4.000" systemtimems="0.000" timestamp="2019-06-14T19:08:57.324" activeThreads="4">
  <mem-info id="1656" free="33923992" total="42795008" percent="79">
    <mem type="nursery" free="32369952" total="37617664" percent="86">
      <mem type="allocate" free="32369952" total="33816576" percent="95" />
      <mem type="survivor" free="0" total="3801088" percent="0" />
    </mem>
    <mem type="tenure" free="1554040" total="5177344" percent="30">
      <mem type="soa" free="1305208" total="4919296" percent="26" />
      <mem type="loa" free="248832" total="258048" percent="96" />
    </mem>
    <remembered-set count="2546" />
  </mem-info>
</gc-end>
<cycle-end id="1657" type="scavenge" contextid="1651" timestamp="2019-06-14T19:08:57.324" />
  <attribute name="elasticGC enabled" value="1" />
  <attribute name= "numThreadsSpecified" value="4" />
  <attribute name="heapSize specified" value="41484288" />
  <attribute name="Current GC Util" value="14" />
  <attribute name= "Current Time Running" value="2285" />
  <attribute name ="GC Interval" value="200" />
  <attribute name="ProportionalT" value="-3.000000" />
  <attribute name="ProportionalI" value="-3.000000" />
  <attribute name="ProportionalH" value="-3.000000" />
  <attribute name="Current Error" value="-6.000000" />
  <attribute name="IntegralT" value="-150.000000" />
  <attribute name="IntegralI" value="-150.000000" />
  <attribute name="IntegralH" value="-150.000000" />
  <attribute name="DerivativeT" value="-0.120000" />
  <attribute name="DerivativeI" value="-0.120000" />
  <attribute name="DerivativeH" value="-0.120000" />
  <attribute name="Loop Time for DT" value="25.000000" />
  <attribute name="Output H" value="2092630016"/>
  <attribute name="Output I" value="200"/>
  <attribute name="Output T" value="4"/>
  <attribute name="Target GC Util Change" value ="20.000000" />
  <attribute name="Current GC Util Change" value="14.000000"/>
  <attribute name="GC Util currently" value="14" />
  <attribute name="CPU Util currently" value="190414229064" />
<allocation-satisfied id="1658" threadId="00000000016B2D00" bytesRequested="40" />
<af-end id="1659" timestamp="2019-06-14T19:08:57.324" threadId="00000000016B3688" success="true" from="nursery"/>
<exclusive-end id="1660" timestamp="2019-06-14T19:08:57.324" durationms="2.254" />

<exclusive-start id="1661" timestamp="2019-06-14T19:08:57.344" intervalms="22.383">
  <response-info timems="0.038" idlems="0.038" threads="0" lastid="00000000016B6900" lastname="Thread-8" />
</exclusive-start>
<af-start id="1662" threadId="00000000016B7288" totalBytesRequested="40" timestamp="2019-06-14T19:08:57.345" intervalms="22.318" type="nursery" />
<cycle-start id="1663" type="scavenge" contextid="0" timestamp="2019-06-14T19:08:57.345" intervalms="22.162" />
<gc-start id="1664" type="scavenge" contextid="1663" timestamp="2019-06-14T19:08:57.345">
  <mem-info id="1665" free="1554040" total="42795008" percent="3">
    <mem type="nursery" free="0" total="37617664" percent="0">
      <mem type="allocate" free="0" total="33816576" percent="0" />
      <mem type="survivor" free="0" total="3801088" percent="0" />
    </mem>
    <mem type="tenure" free="1554040" total="5177344" percent="30">
      <mem type="soa" free="1305208" total="4919296" percent="26" />
      <mem type="loa" free="248832" total="258048" percent="96" />
    </mem>
    <remembered-set count="2546" />
  </mem-info>
</gc-start>
<allocation-stats totalBytes="32364368" >
  <allocated-bytes non-tlh="40" tlh="32364328" />
  <largest-consumer threadName="Thread-9" threadId="00000000016BE100" bytes="12155120" />
</allocation-stats>
<gc-op id="1666" type="scavenge" timems="1.418" contextid="1663" timestamp="2019-06-14T19:08:57.346">
  <scavenger-info tenureage="14" tenuremask="4000" tiltratio="89" />
  <memory-copied type="nursery" objects="30316" bytes="1279632" bytesdiscarded="67440" />
</gc-op>
<gc-end id="1667" type="scavenge" contextid="1663" durationms="1.738" usertimems="4.000" systemtimems="0.000" timestamp="2019-06-14T19:08:57.346" activeThreads="4">
  <mem-info id="1668" free="34023544" total="42795008" percent="79">
    <mem type="nursery" free="32469504" total="37617664" percent="86">
      <mem type="allocate" free="32469504" total="33816576" percent="96" />
      <mem type="survivor" free="0" total="3801088" percent="0" />
    </mem>
    <mem type="tenure" free="1554040" total="5177344" percent="30">
      <mem type="soa" free="1305208" total="4919296" percent="26" />
      <mem type="loa" free="248832" total="258048" percent="96" />
    </mem>
    <remembered-set count="2546" />
  </mem-info>
</gc-end>
<cycle-end id="1669" type="scavenge" contextid="1663" timestamp="2019-06-14T19:08:57.346" />
  <attribute name="elasticGC enabled" value="1" />
  <attribute name= "numThreadsSpecified" value="4" />
  <attribute name="heapSize specified" value="41484288" />
  <attribute name="Current GC Util" value="15" />
  <attribute name= "Current Time Running" value="2307" />
  <attribute name ="GC Interval" value="200" />
  <attribute name="ProportionalT" value="-2.500000" />
  <attribute name="ProportionalI" value="-2.500000" />
  <attribute name="ProportionalH" value="-2.500000" />
  <attribute name="Current Error" value="-5.000000" />
  <attribute name="IntegralT" value="-110.000000" />
  <attribute name="IntegralI" value="-110.000000" />
  <attribute name="IntegralH" value="-110.000000" />
  <attribute name="DerivativeT" value="-0.113636" />
  <attribute name="DerivativeI" value="-0.113636" />
  <attribute name="DerivativeH" value="-0.113636" />
  <attribute name="Loop Time for DT" value="22.000000" />
  <attribute name="Output H" value="2092630016"/>
  <attribute name="Output I" value="200"/>
  <attribute name="Output T" value="4"/>
  <attribute name="Target GC Util Change" value ="20.000000" />
  <attribute name="Current GC Util Change" value="15.000000"/>
  <attribute name="GC Util currently" value="15" />
  <attribute name="CPU Util currently" value="210471256733" />
<allocation-satisfied id="1670" threadId="00000000016B6900" bytesRequested="40" />
<af-end id="1671" timestamp="2019-06-14T19:08:57.347" threadId="00000000016B7288" success="true" from="nursery"/>
<exclusive-end id="1672" timestamp="2019-06-14T19:08:57.347" durationms="2.154" />

<exclusive-start id="1673" timestamp="2019-06-14T19:08:57.365" intervalms="21.072">
  <response-info timems="0.065" idlems="0.065" threads="0" lastid="00000000016B2D00" lastname="Thread-10" />
</exclusive-start>
<af-start id="1674" threadId="00000000016B3688" totalBytesRequested="40" timestamp="2019-06-14T19:08:57.366" intervalms="21.091" type="nursery" />
<cycle-start id="1675" type="scavenge" contextid="0" timestamp="2019-06-14T19:08:57.366" intervalms="21.103" />
<gc-start id="1676" type="scavenge" contextid="1675" timestamp="2019-06-14T19:08:57.366">
  <mem-info id="1677" free="1554040" total="42795008" percent="3">
    <mem type="nursery" free="0" total="37617664" percent="0">
      <mem type="allocate" free="0" total="33816576" percent="0" />
      <mem type="survivor" free="0" total="3801088" percent="0" />
    </mem>
    <mem type="tenure" free="1554040" total="5177344" percent="30">
      <mem type="soa" free="1305208" total="4919296" percent="26" />
      <mem type="loa" free="248832" total="258048" percent="96" />
    </mem>
    <remembered-set count="2546" />
  </mem-info>
</gc-start>
<allocation-stats totalBytes="32467288" >
  <allocated-bytes non-tlh="40" tlh="32467248" />
  <largest-consumer threadName="Thread-9" threadId="00000000016BE100" bytes="12156136" />
</allocation-stats>
<gc-op id="1678" type="scavenge" timems="0.865" contextid="1675" timestamp="2019-06-14T19:08:57.367">
  <scavenger-info tenureage="3" tenuremask="4238" tiltratio="89" />
  <memory-copied type="nursery" objects="13390" bytes="461880" bytesdiscarded="250824" />
  <memory-copied type="tenure" objects="18796" bytes="863232" bytesdiscarded="96" />
</gc-op>
<gc-end id="1679" type="scavenge" contextid="1675" durationms="1.072" usertimems="0.000" systemtimems="0.000" timestamp="2019-06-14T19:08:57.367" activeThreads="4">
  <mem-info id="1680" free="33621112" total="42795008" percent="78">
    <mem type="nursery" free="33103872" total="37617664" percent="88">
      <mem type="allocate" free="33103872" total="33816576" percent="97" />
      <mem type="survivor" free="0" total="3801088" percent="0" />
    </mem>
    <mem type="tenure" free="517240" total="5177344" percent="9">
      <mem type="soa" free="268408" total="4919296" percent="5" />
      <mem type="loa" free="248832" total="258048" percent="96" />
    </mem>
    <remembered-set count="6431" />
  </mem-info>
</gc-end>
<cycle-end id="1681" type="scavenge" contextid="1675" timestamp="2019-06-14T19:08:57.367" />
  <attribute name="elasticGC enabled" value="1" />
  <attribute name= "numThreadsSpecified" value="4" />
  <attribute name="heapSize specified" value="41484288" />
  <attribute name="Current GC Util" value="16" />
  <attribute name= "Current Time Running" value="2328" />
  <attribute name ="GC Interval" value="200" />
  <attribute name="ProportionalT" value="-2.000000" />
  <attribute name="ProportionalI" value="-2.000000" />
  <attribute name="ProportionalH" value="-2.000000" />
  <attribute name="Current Error" value="-4.000000" />
  <attribute name="IntegralT" value="-84.000000" />
  <attribute name="IntegralI" value="-84.000000" />
  <attribute name="IntegralH" value="-84.000000" />
  <attribute name="DerivativeT" value="-0.095238" />
  <attribute name="DerivativeI" value="-0.095238" />
  <attribute name="DerivativeH" value="-0.095238" />
  <attribute name="Loop Time for DT" value="21.000000" />
  <attribute name="Output H" value="2092630016"/>
  <attribute name="Output I" value="200"/>
  <attribute name="Output T" value="4"/>
  <attribute name="Target GC Util Change" value ="20.000000" />
  <attribute name="Current GC Util Change" value="16.000000"/>
  <attribute name="GC Util currently" value="16" />
  <attribute name="CPU Util currently" value="218058569194" />
<allocation-satisfied id="1682" threadId="00000000016B2D00" bytesRequested="40" />
<af-end id="1683" timestamp="2019-06-14T19:08:57.367" threadId="00000000016B3688" success="true" from="nursery"/>
<exclusive-end id="1684" timestamp="2019-06-14T19:08:57.367" durationms="1.598" />

<concurrent-kickoff id="1685" timestamp="2019-06-14T19:08:57.389">
  <kickoff reason="threshold reached" targetBytes="1669566" thresholdFreeBytes="239065"  remainingFree="204760" tenureFreeBytes="517240" nurseryFreeBytes="204760" />
</concurrent-kickoff>
<exclusive-start id="1686" timestamp="2019-06-14T19:08:57.389" intervalms="23.360">
  <response-info timems="0.128" idlems="0.095" threads="1" lastid="00000000016BA500" lastname="Thread-7" />
</exclusive-start>
<cycle-start id="1687" type="global" contextid="0" timestamp="2019-06-14T19:08:57.389" intervalms="242.320" />
<exclusive-end id="1688" timestamp="2019-06-14T19:08:57.389" durationms="0.274" />

<exclusive-start id="1689" timestamp="2019-06-14T19:08:57.389" intervalms="0.630">
  <response-info timems="0.019" idlems="0.019" threads="0" lastid="00000000016B6900" lastname="Thread-8" />
</exclusive-start>
<af-start id="1690" threadId="00000000016B7288" totalBytesRequested="40" timestamp="2019-06-14T19:08:57.390" intervalms="24.040" type="nursery" />
<cycle-start id="1691" type="scavenge" contextid="0" timestamp="2019-06-14T19:08:57.390" intervalms="24.126" />
<gc-start id="1692" type="scavenge" contextid="1691" timestamp="2019-06-14T19:08:57.390">
  <mem-info id="1693" free="517240" total="42795008" percent="1">
    <mem type="nursery" free="0" total="37617664" percent="0">
      <mem type="allocate" free="0" total="33816576" percent="0" />
      <mem type="survivor" free="0" total="3801088" percent="0" />
    </mem>
    <mem type="tenure" free="517240" total="5177344" percent="9">
      <mem type="soa" free="268408" total="4919296" percent="5" />
      <mem type="loa" free="248832" total="258048" percent="96" />
    </mem>
    <remembered-set count="8264" />
  </mem-info>
</gc-start>
<allocation-stats totalBytes="33101696" >
  <allocated-bytes non-tlh="40" tlh="33101656" />
  <largest-consumer threadName="Thread-7" threadId="00000000016BA500" bytes="11107520" />
</allocation-stats>
<gc-op id="1694" type="scavenge" timems="1.806" contextid="1691" timestamp="2019-06-14T19:08:57.392">
  <scavenger-info tenureage="3" tenuremask="4108" tiltratio="89" />
  <memory-copied type="nursery" objects="7263" bytes="176600" bytesdiscarded="159016" />
  <memory-copied type="tenure" objects="7879" bytes="326472" bytesdiscarded="24" />
</gc-op>
<heap-resize id="1695" type="expand" space="nursery" amount="1835008" count="1" timems="0.023" reason="excessive time being spent scavenging" timestamp="2019-06-14T19:08:57.392" />
<gc-end id="1696" type="scavenge" contextid="1691" durationms="2.117" usertimems="4.000" systemtimems="0.000" timestamp="2019-06-14T19:08:57.392" activeThreads="4">
  <mem-info id="1697" free="35368192" total="44630016" percent="79">
    <mem type="nursery" free="35119360" total="39452672" percent="89">
      <mem type="allocate" free="35119360" total="35454976" percent="99" />
      <mem type="survivor" free="0" total="3997696" percent="0" />
    </mem>
    <mem type="tenure" free="248832" total="5177344" percent="4">
      <mem type="soa" free="0" total="4919296" percent="0" />
      <mem type="loa" free="248832" total="258048" percent="96" />
    </mem>
    <remembered-set count="6116" />
  </mem-info>
</gc-end>
<cycle-end id="1698" type="scavenge" contextid="1691" timestamp="2019-06-14T19:08:57.392" />
  <attribute name="elasticGC enabled" value="1" />
  <attribute name= "numThreadsSpecified" value="4" />
  <attribute name="heapSize specified" value="41484288" />
  <attribute name="Current GC Util" value="12" />
  <attribute name= "Current Time Running" value="2352" />
  <attribute name ="GC Interval" value="200" />
  <attribute name="ProportionalT" value="-4.000000" />
  <attribute name="ProportionalI" value="-4.000000" />
  <attribute name="ProportionalH" value="-4.000000" />
  <attribute name="Current Error" value="-8.000000" />
  <attribute name="IntegralT" value="-192.000000" />
  <attribute name="IntegralI" value="-192.000000" />
  <attribute name="IntegralH" value="-192.000000" />
  <attribute name="DerivativeT" value="-0.166667" />
  <attribute name="DerivativeI" value="-0.166667" />
  <attribute name="DerivativeH" value="-0.166667" />
  <attribute name="Loop Time for DT" value="24.000000" />
  <attribute name="Output H" value="2092630016"/>
  <attribute name="Output I" value="200"/>
  <attribute name="Output T" value="4"/>
  <attribute name="Target GC Util Change" value ="20.000000" />
  <attribute name="Current GC Util Change" value="12.000000"/>
  <attribute name="GC Util currently" value="12" />
  <attribute name="CPU Util currently" value="191128909747" />
<allocation-satisfied id="1699" threadId="00000000016B6900" bytesRequested="40" />
<af-end id="1700" timestamp="2019-06-14T19:08:57.392" threadId="00000000016B7288" success="true" from="nursery"/>
<exclusive-end id="1701" timestamp="2019-06-14T19:08:57.392" durationms="2.990" />

<exclusive-start id="1702" timestamp="2019-06-14T19:08:57.409" intervalms="19.359">
  <response-info timems="0.025" idlems="0.025" threads="0" lastid="00000000016BE100" lastname="Thread-9" />
</exclusive-start>
<af-start id="1703" threadId="00000000016BEA88" totalBytesRequested="40" timestamp="2019-06-14T19:08:57.409" intervalms="19.343" type="nursery" />
<cycle-start id="1704" type="scavenge" contextid="0" timestamp="2019-06-14T19:08:57.409" intervalms="19.322" />
<gc-start id="1705" type="scavenge" contextid="1704" timestamp="2019-06-14T19:08:57.409">
  <mem-info id="1706" free="248832" total="44630016" percent="0">
    <mem type="nursery" free="0" total="39452672" percent="0">
      <mem type="allocate" free="0" total="35454976" percent="0" />
      <mem type="survivor" free="0" total="3997696" percent="0" />
    </mem>
    <mem type="tenure" free="248832" total="5177344" percent="4">
      <mem type="soa" free="0" total="4919296" percent="0" />
      <mem type="loa" free="248832" total="258048" percent="96" />
    </mem>
    <remembered-set count="8839" />
  </mem-info>
</gc-start>
<allocation-stats totalBytes="35117288" >
  <allocated-bytes non-tlh="40" tlh="35117248" />
  <largest-consumer threadName="Thread-8" threadId="00000000016B6900" bytes="11304136" />
</allocation-stats>
<gc-op id="1707" type="scavenge" timems="1.635" contextid="1704" timestamp="2019-06-14T19:08:57.411">
  <scavenger-info tenureage="8" tenuremask="4100" tiltratio="89" />
  <memory-copied type="nursery" objects="9013" bytes="217928" bytesdiscarded="218296" />
  <memory-copied type="tenure" objects="1010" bytes="25232" bytesdiscarded="16" />
  <copy-failed type="tenure" objects="354" bytes="8496" />
</gc-op>
<heap-resize id="1708" type="expand" space="nursery" amount="1835008" count="1" timems="0.030" reason="excessive time being spent scavenging" timestamp="2019-06-14T19:08:57.411" />
<gc-end id="1709" type="scavenge" contextid="1704" durationms="2.263" usertimems="0.000" systemtimems="0.000" timestamp="2019-06-14T19:08:57.412" activeThreads="4">
  <mem-info id="1710" free="36905984" total="46465024" percent="79">
    <mem type="nursery" free="36657152" total="41287680" percent="88">
      <mem type="allocate" free="36657152" total="37093376" percent="98" />
      <mem type="survivor" free="0" total="4194304" percent="0" />
    </mem>
    <mem type="tenure" free="248832" total="5177344" percent="4">
      <mem type="soa" free="0" total="4919296" percent="0" />
      <mem type="loa" free="248832" total="258048" percent="96" />
    </mem>
    <remembered-set count="8750" />
  </mem-info>
</gc-end>
<cycle-end id="1711" type="scavenge" contextid="1704" timestamp="2019-06-14T19:08:57.412" />
  <attribute name="elasticGC enabled" value="1" />
  <attribute name= "numThreadsSpecified" value="4" />
  <attribute name="heapSize specified" value="41484288" />
  <attribute name="Current GC Util" value="21" />
  <attribute name= "Current Time Running" value="2371" />
  <attribute name ="GC Interval" value="200" />
  <attribute name="ProportionalT" value="0.500000" />
  <attribute name="ProportionalI" value="0.500000" />
  <attribute name="ProportionalH" value="0.500000" />
  <attribute name="Current Error" value="1.000000" />
  <attribute name="IntegralT" value="19.000000" />
  <attribute name="IntegralI" value="19.000000" />
  <attribute name="IntegralH" value="19.000000" />
  <attribute name="DerivativeT" value="0.026316" />
  <attribute name="DerivativeI" value="0.026316" />
  <attribute name="DerivativeH" value="0.026316" />
  <attribute name="Loop Time for DT" value="19.000000" />
  <attribute name="Output H" value="8388608"/>
  <attribute name="Output I" value="200"/>
  <attribute name="Output T" value="4"/>
  <attribute name="Target GC Util Change" value ="20.000000" />
  <attribute name="Current GC Util Change" value="21.000000"/>
  <attribute name="GC Util currently" value="21" />
  <attribute name="CPU Util currently" value="235880175971" />
<allocation-satisfied id="1712" threadId="00000000016BE100" bytesRequested="40" />
<af-end id="1713" timestamp="2019-06-14T19:08:57.412" threadId="00000000016BEA88" success="true" from="nursery"/>
<exclusive-end id="1714" timestamp="2019-06-14T19:08:57.412" durationms="3.123" />

<exclusive-start id="1715" timestamp="2019-06-14T19:08:57.412" intervalms="3.494">
  <response-info timems="0.093" idlems="0.059" threads="2" lastid="00000000016BE100" lastname="Thread-9" />
</exclusive-start>
<concurrent-collection-start id="1716" timestamp="2019-06-14T19:08:57.412" intervalms="234.827" >
  <concurrent-trace-info reason="card cleaning threshold reached" tracedByMutators="1687700" tracedByHelpers="908512" cardsCleaned="527" workStackOverflowCount="0" />
</concurrent-collection-start>
<gc-start id="1717" type="global" contextid="1687" timestamp="2019-06-14T19:08:57.412">
  <mem-info id="1718" free="36643800" total="46465024" percent="78">
    <mem type="nursery" free="36394968" total="41287680" percent="88">
      <mem type="allocate" free="36394968" total="37093376" percent="98" />
      <mem type="survivor" free="0" total="4194304" percent="0" />
    </mem>
    <mem type="tenure" free="248832" total="5177344" percent="4">
      <mem type="soa" free="0" total="4919296" percent="0" />
      <mem type="loa" free="248832" total="258048" percent="96" />
    </mem>
    <remembered-set count="8750" />
  </mem-info>
</gc-start>
<allocation-stats totalBytes="262184" >
  <allocated-bytes non-tlh="40" tlh="262144" />
  <largest-consumer threadName="Thread-9" threadId="00000000016BE100" bytes="65576" />
</allocation-stats>
<gc-op id="1719" type="rs-scan" timems="0.683" contextid="1687" timestamp="2019-06-14T19:08:57.413">
  <scan objectsFound="8465" bytesTraced="702392" workStackOverflowCount="0" />
</gc-op>
<gc-op id="1720" type="card-cleaning" timems="0.254" contextid="1687" timestamp="2019-06-14T19:08:57.414">
  <card-cleaning cardsCleaned="1" bytesTraced="664" workStackOverflowCount="0" />
</gc-op>
<gc-op id="1721" type="mark" timems="1.416" contextid="1687" timestamp="2019-06-14T19:08:57.415">
  <trace-info objectcount="584" scancount="552" scanbytes="15392" />
  <finalization candidates="124" enqueued="0" />
  <ownableSynchronizers candidates="3" cleared="0" />
  <references type="soft" candidates="101" cleared="0" enqueued="0" dynamicThreshold="10" maxThreshold="32" />
  <references type="weak" candidates="693" cleared="0" enqueued="0" />
  <references type="phantom" candidates="36" cleared="0" enqueued="0" />
  <stringconstants candidates="4597" cleared="0"  />
</gc-op>
<gc-op id="1722" type="sweep" timems="0.727" contextid="1687" timestamp="2019-06-14T19:08:57.416" />
<mem-info id="1723" free="37754200" total="46465024" percent="81">
  <mem type="nursery" free="36883760" total="41287680" percent="89">
    <mem type="allocate" free="36883760" total="37093376" percent="99" />
    <mem type="survivor" free="0" total="4194304" percent="0" />
  </mem>
  <mem type="tenure" free="870440" total="5177344" percent="16" micro-fragmented="2818" macro-fragmented="0">
    <mem type="soa" free="612392" total="4919296" percent="12" />
    <mem type="loa" free="258048" total="258048" percent="100" />
  </mem>
  <remembered-set count="8498" />
</mem-info>
<gc-op id="1724" type="compact" timems="14.178" contextid="1687" timestamp="2019-06-14T19:08:57.430">
  <compact-info movecount="71106" movebytes="4264376" reason="compact to aid heap contraction" />
</gc-op>
<heap-resize id="1725" type="contract" space="tenure" amount="196608" count="1" timems="0.079" reason="heap reconfiguration" timestamp="2019-06-14T19:08:57.431" />
<gc-end id="1726" type="global" contextid="1687" durationms="18.454" usertimems="24.000" systemtimems="0.000" timestamp="2019-06-14T19:08:57.431" activeThreads="4">
  <mem-info id="1727" free="37504808" total="46268416" percent="81">
    <mem type="nursery" free="36883904" total="41287680" percent="89">
      <mem type="allocate" free="36883904" total="37093376" percent="99" />
      <mem type="survivor" free="0" total="4194304" percent="0" />
    </mem>
    <mem type="tenure" free="620904" total="4980736" percent="12">
      <mem type="soa" free="433512" total="4731904" percent="9" />
      <mem type="loa" free="187392" total="248832" percent="75" />
    </mem>
    <remembered-set count="8498" />
  </mem-info>
</gc-end>
<cycle-end id="1728" type="global" contextid="1687" timestamp="2019-06-14T19:08:57.431" />
  <attribute name="elasticGC enabled" value="1" />
  <attribute name= "numThreadsSpecified" value="4" />
  <attribute name="heapSize specified" value="46465024" />
  <attribute name="Current GC Util" value="39" />
  <attribute name= "Current Time Running" value="2392" />
  <attribute name ="GC Interval" value="200" />
  <attribute name="ProportionalT" value="9.500000" />
  <attribute name="ProportionalI" value="9.500000" />
  <attribute name="ProportionalH" value="9.500000" />
  <attribute name="Current Error" value="19.000000" />
  <attribute name="IntegralT" value="266.000000" />
  <attribute name="IntegralI" value="266.000000" />
  <attribute name="IntegralH" value="266.000000" />
  <attribute name="DerivativeT" value="-4.321429" />
  <attribute name="DerivativeI" value="-4.321429" />
  <attribute name="DerivativeH" value="-4.321429" />
  <attribute name="Loop Time for DT" value="14.000000" />
  <attribute name="Output H" value="8388608"/>
  <attribute name="Output I" value="272"/>
  <attribute name="Output T" value="4"/>
  <attribute name="Target GC Util Change" value ="20.000000" />
  <attribute name="Current GC Util Change" value="39.000000"/>
  <attribute name="GC Util currently" value="39" />
  <attribute name="CPU Util currently" value="321771336907" />
<concurrent-collection-end id="1729" timestamp="2019-06-14T19:08:57.431" />
<exclusive-end id="1730" timestamp="2019-06-14T19:08:57.431" durationms="18.967" />

<exclusive-start id="1731" timestamp="2019-06-14T19:08:57.448" intervalms="35.270">
  <response-info timems="0.303" idlems="0.178" threads="1" lastid="00000000016BA500" lastname="Thread-7" />
</exclusive-start>
<af-start id="1732" threadId="00000000016BEA88" totalBytesRequested="40" timestamp="2019-06-14T19:08:57.448" intervalms="38.775" type="nursery" />
<cycle-start id="1733" type="scavenge" contextid="0" timestamp="2019-06-14T19:08:57.448" intervalms="38.783" />
<gc-start id="1734" type="scavenge" contextid="1733" timestamp="2019-06-14T19:08:57.448">
  <mem-info id="1735" free="620904" total="46268416" percent="1">
    <mem type="nursery" free="0" total="41287680" percent="0">
      <mem type="allocate" free="0" total="37093376" percent="0" />
      <mem type="survivor" free="0" total="4194304" percent="0" />
    </mem>
    <mem type="tenure" free="620904" total="4980736" percent="12">
      <mem type="soa" free="433512" total="4731904" percent="9" />
      <mem type="loa" free="187392" total="248832" percent="75" />
    </mem>
    <remembered-set count="10108" />
  </mem-info>
</gc-start>
<allocation-stats totalBytes="36878560" >
  <allocated-bytes non-tlh="0" tlh="36878560" />
  <largest-consumer threadName="Thread-8" threadId="00000000016B6900" bytes="11974872" />
</allocation-stats>
<gc-op id="1736" type="scavenge" timems="1.785" contextid="1733" timestamp="2019-06-14T19:08:57.450">
  <scavenger-info tenureage="14" tenuremask="4000" tiltratio="89" />
  <memory-copied type="nursery" objects="18073" bytes="572384" bytesdiscarded="157216" />
  <ownableSynchronizers candidates="6" cleared="6" />
</gc-op>
<gc-end id="1737" type="scavenge" contextid="1733" durationms="2.266" usertimems="0.000" systemtimems="4.000" timestamp="2019-06-14T19:08:57.450" activeThreads="4">
  <mem-info id="1738" free="37050216" total="46268416" percent="80">
    <mem type="nursery" free="36429312" total="41287680" percent="88">
      <mem type="allocate" free="36429312" total="37158912" percent="98" />
      <mem type="survivor" free="0" total="4128768" percent="0" />
    </mem>
    <mem type="tenure" free="620904" total="4980736" percent="12">
      <mem type="soa" free="433512" total="4731904" percent="9" />
      <mem type="loa" free="187392" total="248832" percent="75" />
    </mem>
    <remembered-set count="10108" />
  </mem-info>
</gc-end>
<cycle-end id="1739" type="scavenge" contextid="1733" timestamp="2019-06-14T19:08:57.450" />
  <attribute name="elasticGC enabled" value="1" />
  <attribute name= "numThreadsSpecified" value="4" />
  <attribute name="heapSize specified" value="46465024" />
  <attribute name="Current GC Util" value="74" />
  <attribute name= "Current Time Running" value="2410" />
  <attribute name ="GC Interval" value="1000" />
  <attribute name="ProportionalT" value="27.000000" />
  <attribute name="ProportionalI" value="27.000000" />
  <attribute name="ProportionalH" value="27.000000" />
  <attribute name="Current Error" value="54.000000" />
  <attribute name="IntegralT" value="972.000000" />
  <attribute name="IntegralI" value="972.000000" />
  <attribute name="IntegralH" value="972.000000" />
  <attribute name="DerivativeT" value="0.972222" />
  <attribute name="DerivativeI" value="0.972222" />
  <attribute name="DerivativeH" value="0.972222" />
  <attribute name="Loop Time for DT" value="18.000000" />
  <attribute name="Output H" value="8388608"/>
  <attribute name="Output I" value="1000"/>
  <attribute name="Output T" value="4"/>
  <attribute name="Target GC Util Change" value ="20.000000" />
  <attribute name="Current GC Util Change" value="74.000000"/>
  <attribute name="GC Util currently" value="74" />
  <attribute name="CPU Util currently" value="257260948721" />
<allocation-satisfied id="1740" threadId="00000000016BE100" bytesRequested="40" />
<af-end id="1741" timestamp="2019-06-14T19:08:57.451" threadId="00000000016BEA88" success="true" from="nursery"/>
<exclusive-end id="1742" timestamp="2019-06-14T19:08:57.451" durationms="3.196" />

<exclusive-start id="1743" timestamp="2019-06-14T19:08:57.469" intervalms="21.638">
  <response-info timems="0.039" idlems="0.039" threads="0" lastid="00000000016BE100" lastname="Thread-9" />
</exclusive-start>
<af-start id="1744" threadId="00000000016BEA88" totalBytesRequested="24" timestamp="2019-06-14T19:08:57.469" intervalms="21.627" type="nursery" />
<cycle-start id="1745" type="scavenge" contextid="0" timestamp="2019-06-14T19:08:57.469" intervalms="21.597" />
<gc-start id="1746" type="scavenge" contextid="1745" timestamp="2019-06-14T19:08:57.470">
  <mem-info id="1747" free="620904" total="46268416" percent="1">
    <mem type="nursery" free="0" total="41287680" percent="0">
      <mem type="allocate" free="0" total="37158912" percent="0" />
      <mem type="survivor" free="0" total="4128768" percent="0" />
    </mem>
    <mem type="tenure" free="620904" total="4980736" percent="12">
      <mem type="soa" free="433512" total="4731904" percent="9" />
      <mem type="loa" free="187392" total="248832" percent="75" />
    </mem>
    <remembered-set count="11958" />
  </mem-info>
</gc-start>
<allocation-stats totalBytes="36426736" >
  <allocated-bytes non-tlh="40" tlh="36426696" />
  <largest-consumer threadName="Thread-10" threadId="00000000016B2D00" bytes="11369736" />
</allocation-stats>
<gc-op id="1748" type="scavenge" timems="1.437" contextid="1745" timestamp="2019-06-14T19:08:57.471">
  <scavenger-info tenureage="5" tenuremask="4020" tiltratio="90" />
  <memory-copied type="nursery" objects="23477" bytes="839912" bytesdiscarded="104728" />
  <memory-copied type="tenure" objects="1996" bytes="47904" bytesdiscarded="0" />
</gc-op>
<gc-end id="1749" type="scavenge" contextid="1745" durationms="1.790" usertimems="0.000" systemtimems="0.000" timestamp="2019-06-14T19:08:57.471" activeThreads="4">
  <mem-info id="1750" free="36717672" total="46268416" percent="79">
    <mem type="nursery" free="36214272" total="41287680" percent="87">
      <mem type="allocate" free="36214272" total="37158912" percent="97" />
      <mem type="survivor" free="0" total="4128768" percent="0" />
    </mem>
    <mem type="tenure" free="503400" total="4980736" percent="10">
      <mem type="soa" free="316008" total="4731904" percent="6" />
      <mem type="loa" free="187392" total="248832" percent="75" />
    </mem>
    <remembered-set count="9961" />
  </mem-info>
</gc-end>
<cycle-end id="1751" type="scavenge" contextid="1745" timestamp="2019-06-14T19:08:57.472" />
  <attribute name="elasticGC enabled" value="1" />
  <attribute name= "numThreadsSpecified" value="4" />
  <attribute name="heapSize specified" value="46465024" />
  <attribute name="Current GC Util" value="19" />
  <attribute name= "Current Time Running" value="2432" />
  <attribute name ="GC Interval" value="200" />
  <attribute name="ProportionalT" value="-0.500000" />
  <attribute name="ProportionalI" value="-0.500000" />
  <attribute name="ProportionalH" value="-0.500000" />
  <attribute name="Current Error" value="-1.000000" />
  <attribute name="IntegralT" value="-22.000000" />
  <attribute name="IntegralI" value="-22.000000" />
  <attribute name="IntegralH" value="-22.000000" />
  <attribute name="DerivativeT" value="-1.250000" />
  <attribute name="DerivativeI" value="-1.250000" />
  <attribute name="DerivativeH" value="-1.250000" />
  <attribute name="Loop Time for DT" value="22.000000" />
  <attribute name="Output H" value="2092630016"/>
  <attribute name="Output I" value="200"/>
  <attribute name="Output T" value="4"/>
  <attribute name="Target GC Util Change" value ="20.000000" />
  <attribute name="Current GC Util Change" value="19.000000"/>
  <attribute name="GC Util currently" value="19" />
  <attribute name="CPU Util currently" value="215442857847" />
<allocation-satisfied id="1752" threadId="00000000016BE100" bytesRequested="24" />
<af-end id="1753" timestamp="2019-06-14T19:08:57.472" threadId="00000000016BEA88" success="true" from="nursery"/>
<exclusive-end id="1754" timestamp="2019-06-14T19:08:57.472" durationms="2.741" />

<exclusive-start id="1755" timestamp="2019-06-14T19:08:57.488" intervalms="18.678">
  <response-info timems="0.048" idlems="0.048" threads="0" lastid="00000000016BA500" lastname="Thread-7" />
</exclusive-start>
<af-start id="1756" threadId="00000000016BAE88" totalBytesRequested="40" timestamp="2019-06-14T19:08:57.488" intervalms="18.657" type="nursery" />
<cycle-start id="1757" type="scavenge" contextid="0" timestamp="2019-06-14T19:08:57.488" intervalms="18.737" />
<gc-start id="1758" type="scavenge" contextid="1757" timestamp="2019-06-14T19:08:57.488">
  <mem-info id="1759" free="503400" total="46268416" percent="1">
    <mem type="nursery" free="0" total="41287680" percent="0">
      <mem type="allocate" free="0" total="37158912" percent="0" />
      <mem type="survivor" free="0" total="4128768" percent="0" />
    </mem>
    <mem type="tenure" free="503400" total="4980736" percent="10">
      <mem type="soa" free="316008" total="4731904" percent="6" />
      <mem type="loa" free="187392" total="248832" percent="75" />
    </mem>
    <remembered-set count="11354" />
  </mem-info>
</gc-start>
<allocation-stats totalBytes="36210056" >
  <allocated-bytes non-tlh="24" tlh="36210032" />
  <largest-consumer threadName="Thread-10" threadId="00000000016B2D00" bytes="10058776" />
</allocation-stats>
<gc-op id="1760" type="scavenge" timems="0.835" contextid="1757" timestamp="2019-06-14T19:08:57.489">
  <scavenger-info tenureage="5" tenuremask="4020" tiltratio="90" />
  <memory-copied type="nursery" objects="30329" bytes="1142056" bytesdiscarded="406232" />
  <memory-copied type="tenure" objects="1767" bytes="42408" bytesdiscarded="0" />
</gc-op>
<gc-end id="1761" type="scavenge" contextid="1757" durationms="1.261" usertimems="4.000" systemtimems="0.000" timestamp="2019-06-14T19:08:57.490" activeThreads="4">
  <mem-info id="1762" free="36013416" total="46268416" percent="77">
    <mem type="nursery" free="35610624" total="41287680" percent="86">
      <mem type="allocate" free="35610624" total="37158912" percent="95" />
      <mem type="survivor" free="0" total="4128768" percent="0" />
    </mem>
    <mem type="tenure" free="402792" total="4980736" percent="8">
      <mem type="soa" free="215400" total="4731904" percent="4" />
      <mem type="loa" free="187392" total="248832" percent="75" />
    </mem>
    <remembered-set count="9586" />
  </mem-info>
</gc-end>
<cycle-end id="1763" type="scavenge" contextid="1757" timestamp="2019-06-14T19:08:57.490" />
  <attribute name="elasticGC enabled" value="1" />
  <attribute name= "numThreadsSpecified" value="4" />
  <attribute name="heapSize specified" value="46465024" />
  <attribute name="Current GC Util" value="19" />
  <attribute name= "Current Time Running" value="2450" />
  <attribute name ="GC Interval" value="200" />
  <attribute name="ProportionalT" value="-0.500000" />
  <attribute name="ProportionalI" value="-0.500000" />
  <attribute name="ProportionalH" value="-0.500000" />
  <attribute name="Current Error" value="-1.000000" />
  <attribute name="IntegralT" value="-18.000000" />
  <attribute name="IntegralI" value="-18.000000" />
  <attribute name="IntegralH" value="-18.000000" />
  <attribute name="DerivativeT" value="-0.027778" />
  <attribute name="DerivativeI" value="-0.027778" />
  <attribute name="DerivativeH" value="-0.027778" />
  <attribute name="Loop Time for DT" value="18.000000" />
  <attribute name="Output H" value="2092630016"/>
  <attribute name="Output I" value="200"/>
  <attribute name="Output T" value="4"/>
  <attribute name="Target GC Util Change" value ="20.000000" />
  <attribute name="Current GC Util Change" value="19.000000"/>
  <attribute name="GC Util currently" value="19" />
  <attribute name="CPU Util currently" value="244131408572" />
<allocation-satisfied id="1764" threadId="00000000016BA500" bytesRequested="40" />
<af-end id="1765" timestamp="2019-06-14T19:08:57.490" threadId="00000000016BAE88" success="true" from="nursery"/>
<exclusive-end id="1766" timestamp="2019-06-14T19:08:57.490" durationms="2.058" />

<concurrent-kickoff id="1767" timestamp="2019-06-14T19:08:57.507">
  <kickoff reason="threshold reached" targetBytes="1774514" thresholdFreeBytes="254723"  remainingFree="221184" tenureFreeBytes="402792" nurseryFreeBytes="221184" />
</concurrent-kickoff>
<exclusive-start id="1768" timestamp="2019-06-14T19:08:57.507" intervalms="19.408">
  <response-info timems="0.040" idlems="0.040" threads="0" lastid="00000000016B6900" lastname="Thread-8" />
</exclusive-start>
<cycle-start id="1769" type="global" contextid="0" timestamp="2019-06-14T19:08:57.507" intervalms="118.449" />
<exclusive-end id="1770" timestamp="2019-06-14T19:08:57.507" durationms="0.184" />

<exclusive-start id="1771" timestamp="2019-06-14T19:08:57.508" intervalms="0.424">
  <response-info timems="0.020" idlems="0.020" threads="0" lastid="00000000016BA500" lastname="Thread-7" />
</exclusive-start>
<af-start id="1772" threadId="00000000016BAE88" totalBytesRequested="40" timestamp="2019-06-14T19:08:57.508" intervalms="19.803" type="nursery" />
<cycle-start id="1773" type="scavenge" contextid="0" timestamp="2019-06-14T19:08:57.508" intervalms="19.749" />
<gc-start id="1774" type="scavenge" contextid="1773" timestamp="2019-06-14T19:08:57.508">
  <mem-info id="1775" free="402792" total="46268416" percent="0">
    <mem type="nursery" free="0" total="41287680" percent="0">
      <mem type="allocate" free="0" total="37158912" percent="0" />
      <mem type="survivor" free="0" total="4128768" percent="0" />
    </mem>
    <mem type="tenure" free="402792" total="4980736" percent="8">
      <mem type="soa" free="215400" total="4731904" percent="4" />
      <mem type="loa" free="187392" total="248832" percent="75" />
    </mem>
    <remembered-set count="9869" />
  </mem-info>
</gc-start>
<allocation-stats totalBytes="35607120" >
  <allocated-bytes non-tlh="40" tlh="35607080" />
  <largest-consumer threadName="Thread-8" threadId="00000000016B6900" bytes="9665632" />
</allocation-stats>
<gc-op id="1776" type="scavenge" timems="1.007" contextid="1773" timestamp="2019-06-14T19:08:57.509">
  <scavenger-info tenureage="3" tenuremask="4038" tiltratio="90" />
  <memory-copied type="nursery" objects="24629" bytes="1005000" bytesdiscarded="163128" />
  <memory-copied type="tenure" objects="14094" bytes="475632" bytesdiscarded="80" />
  <heap-resize type="expand" space="tenure" amount="327680" count="5" timems="0.046" reason="continue current collection" />
</gc-op>
<gc-end id="1777" type="scavenge" contextid="1773" durationms="1.365" usertimems="4.000" systemtimems="0.000" timestamp="2019-06-14T19:08:57.509" activeThreads="4">
  <mem-info id="1778" free="35990784" total="46596096" percent="77">
    <mem type="nursery" free="35990784" total="41287680" percent="87">
      <mem type="allocate" free="35990784" total="37158912" percent="96" />
      <mem type="survivor" free="0" total="4128768" percent="0" />
    </mem>
    <mem type="tenure" free="0" total="5308416" percent="0">
      <mem type="soa" free="0" total="5043200" percent="0" />
      <mem type="loa" free="0" total="265216" percent="0" />
    </mem>
    <remembered-set count="4850" />
  </mem-info>
</gc-end>
<cycle-end id="1779" type="scavenge" contextid="1773" timestamp="2019-06-14T19:08:57.510" />
  <attribute name="elasticGC enabled" value="1" />
  <attribute name= "numThreadsSpecified" value="4" />
  <attribute name="heapSize specified" value="46465024" />
  <attribute name="Current GC Util" value="14" />
  <attribute name= "Current Time Running" value="2470" />
  <attribute name ="GC Interval" value="200" />
  <attribute name="ProportionalT" value="-3.000000" />
  <attribute name="ProportionalI" value="-3.000000" />
  <attribute name="ProportionalH" value="-3.000000" />
  <attribute name="Current Error" value="-6.000000" />
  <attribute name="IntegralT" value="-120.000000" />
  <attribute name="IntegralI" value="-120.000000" />
  <attribute name="IntegralH" value="-120.000000" />
  <attribute name="DerivativeT" value="-0.150000" />
  <attribute name="DerivativeI" value="-0.150000" />
  <attribute name="DerivativeH" value="-0.150000" />
  <attribute name="Loop Time for DT" value="20.000000" />
  <attribute name="Output H" value="2092630016"/>
  <attribute name="Output I" value="200"/>
  <attribute name="Output T" value="4"/>
  <attribute name="Target GC Util Change" value ="20.000000" />
  <attribute name="Current GC Util Change" value="14.000000"/>
  <attribute name="GC Util currently" value="14" />
  <attribute name="CPU Util currently" value="234353168004" />
<allocation-satisfied id="1780" threadId="00000000016BA500" bytesRequested="40" />
<af-end id="1781" timestamp="2019-06-14T19:08:57.510" threadId="00000000016BAE88" success="true" from="nursery"/>
<exclusive-end id="1782" timestamp="2019-06-14T19:08:57.510" durationms="2.043" />

<exclusive-start id="1783" timestamp="2019-06-14T19:08:57.532" intervalms="23.937">
  <response-info timems="0.577" idlems="0.296" threads="1" lastid="00000000016B6900" lastname="Thread-8" />
</exclusive-start>
<af-start id="1784" threadId="00000000016BAE88" totalBytesRequested="24" timestamp="2019-06-14T19:08:57.532" intervalms="23.969" type="nursery" />
<cycle-start id="1785" type="scavenge" contextid="0" timestamp="2019-06-14T19:08:57.532" intervalms="23.931" />
<gc-start id="1786" type="scavenge" contextid="1785" timestamp="2019-06-14T19:08:57.532">
  <mem-info id="1787" free="0" total="46596096" percent="0">
    <mem type="nursery" free="0" total="41287680" percent="0">
      <mem type="allocate" free="0" total="37158912" percent="0" />
      <mem type="survivor" free="0" total="4128768" percent="0" />
    </mem>
    <mem type="tenure" free="0" total="5308416" percent="0">
      <mem type="soa" free="0" total="5043200" percent="0" />
      <mem type="loa" free="0" total="265216" percent="0" />
    </mem>
    <remembered-set count="5145" />
  </mem-info>
</gc-start>
<allocation-stats totalBytes="35987120" >
  <allocated-bytes non-tlh="40" tlh="35987080" />
  <largest-consumer threadName="Thread-7" threadId="00000000016BA500" bytes="10058648" />
</allocation-stats>
<gc-op id="1788" type="scavenge" timems="0.866" contextid="1785" timestamp="2019-06-14T19:08:57.533">
  <scavenger-info tenureage="3" tenuremask="4008" tiltratio="90" />
  <memory-copied type="nursery" objects="19460" bytes="743440" bytesdiscarded="263528" />
  <memory-copied type="tenure" objects="7317" bytes="312984" bytesdiscarded="104" />
  <heap-resize type="expand" space="tenure" amount="327680" count="5" timems="0.058" reason="continue current collection" />
</gc-op>
<gc-end id="1789" type="scavenge" contextid="1785" durationms="1.221" usertimems="0.000" systemtimems="4.000" timestamp="2019-06-14T19:08:57.533" activeThreads="4">
  <mem-info id="1790" free="36151944" total="46923776" percent="77">
    <mem type="nursery" free="36151944" total="41287680" percent="87">
      <mem type="allocate" free="36151944" total="37158912" percent="97" />
      <mem type="survivor" free="0" total="4128768" percent="0" />
    </mem>
    <mem type="tenure" free="0" total="5636096" percent="0">
      <mem type="soa" free="0" total="5354496" percent="0" />
      <mem type="loa" free="0" total="281600" percent="0" />
    </mem>
    <remembered-set count="4168" />
  </mem-info>
</gc-end>
<cycle-end id="1791" type="scavenge" contextid="1785" timestamp="2019-06-14T19:08:57.533" />
  <attribute name="elasticGC enabled" value="1" />
  <attribute name= "numThreadsSpecified" value="4" />
  <attribute name="heapSize specified" value="46465024" />
  <attribute name="Current GC Util" value="15" />
  <attribute name= "Current Time Running" value="2494" />
  <attribute name ="GC Interval" value="200" />
  <attribute name="ProportionalT" value="-2.500000" />
  <attribute name="ProportionalI" value="-2.500000" />
  <attribute name="ProportionalH" value="-2.500000" />
  <attribute name="Current Error" value="-5.000000" />
  <attribute name="IntegralT" value="-120.000000" />
  <attribute name="IntegralI" value="-120.000000" />
  <attribute name="IntegralH" value="-120.000000" />
  <attribute name="DerivativeT" value="-0.104167" />
  <attribute name="DerivativeI" value="-0.104167" />
  <attribute name="DerivativeH" value="-0.104167" />
  <attribute name="Loop Time for DT" value="24.000000" />
  <attribute name="Output H" value="2092630016"/>
  <attribute name="Output I" value="200"/>
  <attribute name="Output T" value="4"/>
  <attribute name="Target GC Util Change" value ="20.000000" />
  <attribute name="Current GC Util Change" value="15.000000"/>
  <attribute name="GC Util currently" value="15" />
  <attribute name="CPU Util currently" value="192639444395" />
<allocation-satisfied id="1792" threadId="00000000016BA500" bytesRequested="24" />
<af-end id="1793" timestamp="2019-06-14T19:08:57.534" threadId="00000000016BAE88" success="true" from="nursery"/>
<exclusive-end id="1794" timestamp="2019-06-14T19:08:57.534" durationms="2.819" />

<exclusive-start id="1795" timestamp="2019-06-14T19:08:57.535" intervalms="3.412">
  <response-info timems="0.039" idlems="0.039" threads="0" lastid="00000000016BE100" lastname="Thread-9" />
</exclusive-start>
<concurrent-collection-start id="1796" timestamp="2019-06-14T19:08:57.535" intervalms="122.834" >
  <concurrent-trace-info reason="card cleaning threshold reached" tracedByMutators="666544" tracedByHelpers="441808" cardsCleaned="98" workStackOverflowCount="0" />
</concurrent-collection-start>
<gc-start id="1797" type="global" contextid="1769" timestamp="2019-06-14T19:08:57.535">
  <mem-info id="1798" free="35820144" total="46923776" percent="76">
    <mem type="nursery" free="35820144" total="41287680" percent="86">
      <mem type="allocate" free="35820144" total="37158912" percent="96" />
      <mem type="survivor" free="0" total="4128768" percent="0" />
    </mem>
    <mem type="tenure" free="0" total="5636096" percent="0">
      <mem type="soa" free="0" total="5354496" percent="0" />
      <mem type="loa" free="0" total="281600" percent="0" />
    </mem>
    <remembered-set count="4169" />
  </mem-info>
</gc-start>
<allocation-stats totalBytes="331792" >
  <allocated-bytes non-tlh="24" tlh="331768" />
  <largest-consumer threadName="Thread-9" threadId="00000000016BE100" bytes="135160" />
</allocation-stats>
<gc-op id="1799" type="rs-scan" timems="0.525" contextid="1769" timestamp="2019-06-14T19:08:57.536">
  <scan objectsFound="40" bytesTraced="3872" workStackOverflowCount="0" />
</gc-op>
<gc-op id="1800" type="card-cleaning" timems="0.432" contextid="1769" timestamp="2019-06-14T19:08:57.537">
  <card-cleaning cardsCleaned="4" bytesTraced="1328" workStackOverflowCount="0" />
</gc-op>
<gc-op id="1801" type="mark" timems="1.414" contextid="1769" timestamp="2019-06-14T19:08:57.538">
  <trace-info objectcount="27340" scancount="27308" scanbytes="1207184" />
  <finalization candidates="124" enqueued="0" />
  <ownableSynchronizers candidates="3" cleared="0" />
  <references type="soft" candidates="101" cleared="17" enqueued="14" dynamicThreshold="3" maxThreshold="32" />
  <references type="weak" candidates="693" cleared="0" enqueued="0" />
  <references type="phantom" candidates="36" cleared="0" enqueued="0" />
  <stringconstants candidates="4597" cleared="0"  />
</gc-op>
<gc-op id="1802" type="sweep" timems="0.555" contextid="1769" timestamp="2019-06-14T19:08:57.539" />
<mem-info id="1803" free="38398728" total="46923776" percent="81">
  <mem type="nursery" free="36494144" total="41287680" percent="88">
    <mem type="allocate" free="36494144" total="37158912" percent="98" />
    <mem type="survivor" free="0" total="4128768" percent="0" />
  </mem>
  <mem type="tenure" free="1904584" total="5636096" percent="33" micro-fragmented="0" macro-fragmented="0">
    <mem type="soa" free="1904584" total="5354496" percent="35" />
    <mem type="loa" free="0" total="281600" percent="0" />
  </mem>
  <pending-finalizers system="0" default="0" reference="14" classloader="0" />
  <remembered-set count="2486" />
</mem-info>
<gc-op id="1804" type="compact" timems="9.483" contextid="1769" timestamp="2019-06-14T19:08:57.549">
  <compact-info movecount="58088" movebytes="3856024" reason="compact to aid heap contraction" />
</gc-op>
<heap-resize id="1805" type="contract" space="tenure" amount="262144" count="1" timems="0.077" reason="heap reconfiguration" timestamp="2019-06-14T19:08:57.549" />
<gc-end id="1806" type="global" contextid="1769" durationms="13.771" usertimems="20.000" systemtimems="4.000" timestamp="2019-06-14T19:08:57.549" activeThreads="4">
  <mem-info id="1807" free="38301320" total="46661632" percent="82">
    <mem type="nursery" free="36505152" total="41287680" percent="88">
      <mem type="allocate" free="36505152" total="37158912" percent="98" />
      <mem type="survivor" free="0" total="4128768" percent="0" />
    </mem>
    <mem type="tenure" free="1796168" total="5373952" percent="33">
      <mem type="soa" free="1547336" total="5105664" percent="30" />
      <mem type="loa" free="248832" total="268288" percent="92" />
    </mem>
    <pending-finalizers system="0" default="0" reference="14" classloader="0" />
    <remembered-set count="2486" />
  </mem-info>
</gc-end>
<cycle-end id="1808" type="global" contextid="1769" timestamp="2019-06-14T19:08:57.549" />
  <attribute name="elasticGC enabled" value="1" />
  <attribute name= "numThreadsSpecified" value="4" />
  <attribute name="heapSize specified" value="46923776" />
  <attribute name="Current GC Util" value="67" />
  <attribute name= "Current Time Running" value="2511" />
  <attribute name ="GC Interval" value="200" />
  <attribute name="ProportionalT" value="23.500000" />
  <attribute name="ProportionalI" value="23.500000" />
  <attribute name="ProportionalH" value="23.500000" />
  <attribute name="Current Error" value="47.000000" />
  <attribute name="IntegralT" value="470.000000" />
  <attribute name="IntegralI" value="470.000000" />
  <attribute name="IntegralH" value="470.000000" />
  <attribute name="DerivativeT" value="-3.900000" />
  <attribute name="DerivativeI" value="-3.900000" />
  <attribute name="DerivativeH" value="-3.900000" />
  <attribute name="Loop Time for DT" value="10.000000" />
  <attribute name="Output H" value="8388608"/>
  <attribute name="Output I" value="496"/>
  <attribute name="Output T" value="4"/>
  <attribute name="Target GC Util Change" value ="20.000000" />
  <attribute name="Current GC Util Change" value="67.000000"/>
  <attribute name="GC Util currently" value="67" />
  <attribute name="CPU Util currently" value="479262783521" />
<concurrent-collection-end id="1809" timestamp="2019-06-14T19:08:57.549" />
<exclusive-end id="1810" timestamp="2019-06-14T19:08:57.550" durationms="14.473" />

<exclusive-start id="1811" timestamp="2019-06-14T19:08:57.574" intervalms="38.464">
  <response-info timems="0.028" idlems="0.028" threads="0" lastid="00000000016B6900" lastname="Thread-8" />
</exclusive-start>
<af-start id="1812" threadId="00000000016B7288" totalBytesRequested="24" timestamp="2019-06-14T19:08:57.574" intervalms="41.871" type="nursery" />
<cycle-start id="1813" type="scavenge" contextid="0" timestamp="2019-06-14T19:08:57.574" intervalms="41.873" />
<gc-start id="1814" type="scavenge" contextid="1813" timestamp="2019-06-14T19:08:57.574">
  <mem-info id="1815" free="1796168" total="46661632" percent="3">
    <mem type="nursery" free="0" total="41287680" percent="0">
      <mem type="allocate" free="0" total="37158912" percent="0" />
      <mem type="survivor" free="0" total="4128768" percent="0" />
    </mem>
    <mem type="tenure" free="1796168" total="5373952" percent="33">
      <mem type="soa" free="1547336" total="5105664" percent="30" />
      <mem type="loa" free="248832" total="268288" percent="92" />
    </mem>
    <remembered-set count="3292" />
  </mem-info>
</gc-start>
<allocation-stats totalBytes="36499960" >
  <allocated-bytes non-tlh="0" tlh="36499960" />
  <largest-consumer threadName="Thread-9" threadId="00000000016BE100" bytes="11712968" />
</allocation-stats>
<gc-op id="1816" type="scavenge" timems="1.414" contextid="1813" timestamp="2019-06-14T19:08:57.575">
  <scavenger-info tenureage="3" tenuremask="4008" tiltratio="90" />
  <memory-copied type="nursery" objects="12657" bytes="443352" bytesdiscarded="146472" />
  <memory-copied type="tenure" objects="6144" bytes="284832" bytesdiscarded="0" />
  <ownableSynchronizers candidates="6" cleared="6" />
</gc-op>
<gc-end id="1817" type="scavenge" contextid="1813" durationms="1.827" usertimems="4.000" systemtimems="0.000" timestamp="2019-06-14T19:08:57.576" activeThreads="4">
  <mem-info id="1818" free="37853768" total="46661632" percent="81">
    <mem type="nursery" free="36569088" total="41287680" percent="88">
      <mem type="allocate" free="36569088" total="37158912" percent="98" />
      <mem type="survivor" free="0" total="4128768" percent="0" />
    </mem>
    <mem type="tenure" free="1284680" total="5373952" percent="23">
      <mem type="soa" free="1035848" total="5105664" percent="20" />
      <mem type="loa" free="248832" total="268288" percent="92" />
    </mem>
    <remembered-set count="4097" />
  </mem-info>
</gc-end>
<cycle-end id="1819" type="scavenge" contextid="1813" timestamp="2019-06-14T19:08:57.576" />
  <attribute name="elasticGC enabled" value="1" />
  <attribute name= "numThreadsSpecified" value="4" />
  <attribute name="heapSize specified" value="46923776" />
  <attribute name="Current GC Util" value="35" />
  <attribute name= "Current Time Running" value="2536" />
  <attribute name ="GC Interval" value="384" />
  <attribute name="ProportionalT" value="7.500000" />
  <attribute name="ProportionalI" value="7.500000" />
  <attribute name="ProportionalH" value="7.500000" />
  <attribute name="Current Error" value="15.000000" />
  <attribute name="IntegralT" value="375.000000" />
  <attribute name="IntegralI" value="375.000000" />
  <attribute name="IntegralH" value="375.000000" />
  <attribute name="DerivativeT" value="-0.640000" />
  <attribute name="DerivativeI" value="-0.640000" />
  <attribute name="DerivativeH" value="-0.640000" />
  <attribute name="Loop Time for DT" value="25.000000" />
  <attribute name="Output H" value="8388608"/>
  <attribute name="Output I" value="384"/>
  <attribute name="Output T" value="4"/>
  <attribute name="Target GC Util Change" value ="20.000000" />
  <attribute name="Current GC Util Change" value="35.000000"/>
  <attribute name="GC Util currently" value="35" />
  <attribute name="CPU Util currently" value="182507232289" />
<allocation-satisfied id="1820" threadId="00000000016B6900" bytesRequested="24" />
<af-end id="1821" timestamp="2019-06-14T19:08:57.576" threadId="00000000016B7288" success="true" from="nursery"/>
<exclusive-end id="1822" timestamp="2019-06-14T19:08:57.576" durationms="2.540" />

<exclusive-start id="1823" timestamp="2019-06-14T19:08:57.594" intervalms="20.727">
  <response-info timems="0.026" idlems="0.026" threads="0" lastid="00000000016B6900" lastname="Thread-8" />
</exclusive-start>
<af-start id="1824" threadId="00000000016B7288" totalBytesRequested="24" timestamp="2019-06-14T19:08:57.594" intervalms="20.709" type="nursery" />
<cycle-start id="1825" type="scavenge" contextid="0" timestamp="2019-06-14T19:08:57.594" intervalms="20.705" />
<gc-start id="1826" type="scavenge" contextid="1825" timestamp="2019-06-14T19:08:57.595">
  <mem-info id="1827" free="1284680" total="46661632" percent="2">
    <mem type="nursery" free="0" total="41287680" percent="0">
      <mem type="allocate" free="0" total="37158912" percent="0" />
      <mem type="survivor" free="0" total="4128768" percent="0" />
    </mem>
    <mem type="tenure" free="1284680" total="5373952" percent="23">
      <mem type="soa" free="1035848" total="5105664" percent="20" />
      <mem type="loa" free="248832" total="268288" percent="92" />
    </mem>
    <remembered-set count="5446" />
  </mem-info>
</gc-start>
<allocation-stats totalBytes="36564680" >
  <allocated-bytes non-tlh="24" tlh="36564656" />
  <largest-consumer threadName="Thread-10" threadId="00000000016B2D00" bytes="9927608" />
</allocation-stats>
<gc-op id="1828" type="scavenge" timems="1.105" contextid="1825" timestamp="2019-06-14T19:08:57.596">
  <scavenger-info tenureage="14" tenuremask="4000" tiltratio="90" />
  <memory-copied type="nursery" objects="14297" bytes="482512" bytesdiscarded="168752" />
</gc-op>
<gc-end id="1829" type="scavenge" contextid="1825" durationms="1.535" usertimems="0.000" systemtimems="4.000" timestamp="2019-06-14T19:08:57.596" activeThreads="4">
  <mem-info id="1830" free="37792328" total="46661632" percent="80">
    <mem type="nursery" free="36507648" total="41287680" percent="88">
      <mem type="allocate" free="36507648" total="37158912" percent="98" />
      <mem type="survivor" free="0" total="4128768" percent="0" />
    </mem>
    <mem type="tenure" free="1284680" total="5373952" percent="23">
      <mem type="soa" free="1035848" total="5105664" percent="20" />
      <mem type="loa" free="248832" total="268288" percent="92" />
    </mem>
    <remembered-set count="5446" />
  </mem-info>
</gc-end>
<cycle-end id="1831" type="scavenge" contextid="1825" timestamp="2019-06-14T19:08:57.596" />
  <attribute name="elasticGC enabled" value="1" />
  <attribute name= "numThreadsSpecified" value="4" />
  <attribute name="heapSize specified" value="46923776" />
  <attribute name="Current GC Util" value="17" />
  <attribute name= "Current Time Running" value="2557" />
  <attribute name ="GC Interval" value="200" />
  <attribute name="ProportionalT" value="-1.500000" />
  <attribute name="ProportionalI" value="-1.500000" />
  <attribute name="ProportionalH" value="-1.500000" />
  <attribute name="Current Error" value="-3.000000" />
  <attribute name="IntegralT" value="-63.000000" />
  <attribute name="IntegralI" value="-63.000000" />
  <attribute name="IntegralH" value="-63.000000" />
  <attribute name="DerivativeT" value="-0.428571" />
  <attribute name="DerivativeI" value="-0.428571" />
  <attribute name="DerivativeH" value="-0.428571" />
  <attribute name="Loop Time for DT" value="21.000000" />
  <attribute name="Output H" value="2092630016"/>
  <attribute name="Output I" value="200"/>
  <attribute name="Output T" value="4"/>
  <attribute name="Target GC Util Change" value ="20.000000" />
  <attribute name="Current GC Util Change" value="17.000000"/>
  <attribute name="GC Util currently" value="17" />
  <attribute name="CPU Util currently" value="222388784369" />
<allocation-satisfied id="1832" threadId="00000000016B6900" bytesRequested="24" />
<af-end id="1833" timestamp="2019-06-14T19:08:57.596" threadId="00000000016B7288" success="true" from="nursery"/>
<exclusive-end id="1834" timestamp="2019-06-14T19:08:57.596" durationms="2.150" />

<exclusive-start id="1835" timestamp="2019-06-14T19:08:57.613" intervalms="18.664">
  <response-info timems="0.023" idlems="0.023" threads="0" lastid="00000000016BE100" lastname="Thread-9" />
</exclusive-start>
<af-start id="1836" threadId="00000000016BEA88" totalBytesRequested="40" timestamp="2019-06-14T19:08:57.613" intervalms="18.674" type="nursery" />
<cycle-start id="1837" type="scavenge" contextid="0" timestamp="2019-06-14T19:08:57.613" intervalms="18.675" />
<gc-start id="1838" type="scavenge" contextid="1837" timestamp="2019-06-14T19:08:57.613">
  <mem-info id="1839" free="1284680" total="46661632" percent="2">
    <mem type="nursery" free="0" total="41287680" percent="0">
      <mem type="allocate" free="0" total="37158912" percent="0" />
      <mem type="survivor" free="0" total="4128768" percent="0" />
    </mem>
    <mem type="tenure" free="1284680" total="5373952" percent="23">
      <mem type="soa" free="1035848" total="5105664" percent="20" />
      <mem type="loa" free="248832" total="268288" percent="92" />
    </mem>
    <remembered-set count="9729" />
  </mem-info>
</gc-start>
<allocation-stats totalBytes="36503088" >
  <allocated-bytes non-tlh="24" tlh="36503064" />
  <largest-consumer threadName="Thread-8" threadId="00000000016B6900" bytes="10189568" />
</allocation-stats>
<gc-op id="1840" type="scavenge" timems="1.770" contextid="1837" timestamp="2019-06-14T19:08:57.615">
  <scavenger-info tenureage="14" tenuremask="4000" tiltratio="90" />
  <memory-copied type="nursery" objects="33186" bytes="1210232" bytesdiscarded="75400" />
</gc-op>
<heap-resize id="1841" type="expand" space="nursery" amount="2621440" count="1" timems="0.028" reason="excessive time being spent scavenging" timestamp="2019-06-14T19:08:57.615" />
<gc-end id="1842" type="scavenge" contextid="1837" durationms="2.315" usertimems="4.000" systemtimems="0.000" timestamp="2019-06-14T19:08:57.616" activeThreads="4">
  <mem-info id="1843" free="39517256" total="49283072" percent="80">
    <mem type="nursery" free="38232576" total="43909120" percent="87">
      <mem type="allocate" free="38232576" total="39518208" percent="96" />
      <mem type="survivor" free="0" total="4390912" percent="0" />
    </mem>
    <mem type="tenure" free="1284680" total="5373952" percent="23">
      <mem type="soa" free="1035848" total="5105664" percent="20" />
      <mem type="loa" free="248832" total="268288" percent="92" />
    </mem>
    <remembered-set count="9715" />
  </mem-info>
</gc-end>
<cycle-end id="1844" type="scavenge" contextid="1837" timestamp="2019-06-14T19:08:57.616" />
  <attribute name="elasticGC enabled" value="1" />
  <attribute name= "numThreadsSpecified" value="4" />
  <attribute name="heapSize specified" value="46923776" />
  <attribute name="Current GC Util" value="15" />
  <attribute name= "Current Time Running" value="2575" />
  <attribute name ="GC Interval" value="200" />
  <attribute name="ProportionalT" value="-2.500000" />
  <attribute name="ProportionalI" value="-2.500000" />
  <attribute name="ProportionalH" value="-2.500000" />
  <attribute name="Current Error" value="-5.000000" />
  <attribute name="IntegralT" value="-90.000000" />
  <attribute name="IntegralI" value="-90.000000" />
  <attribute name="IntegralH" value="-90.000000" />
  <attribute name="DerivativeT" value="-0.138889" />
  <attribute name="DerivativeI" value="-0.138889" />
  <attribute name="DerivativeH" value="-0.138889" />
  <attribute name="Loop Time for DT" value="18.000000" />
  <attribute name="Output H" value="2092630016"/>
  <attribute name="Output I" value="200"/>
  <attribute name="Output T" value="4"/>
  <attribute name="Target GC Util Change" value ="20.000000" />
  <attribute name="Current GC Util Change" value="15.000000"/>
  <attribute name="GC Util currently" value="15" />
  <attribute name="CPU Util currently" value="246255455782" />
<allocation-satisfied id="1845" threadId="00000000016BE100" bytesRequested="40" />
<af-end id="1846" timestamp="2019-06-14T19:08:57.616" threadId="00000000016BEA88" success="true" from="nursery"/>
<exclusive-end id="1847" timestamp="2019-06-14T19:08:57.616" durationms="3.035" />

<exclusive-start id="1848" timestamp="2019-06-14T19:08:57.634" intervalms="21.092">
  <response-info timems="0.029" idlems="0.029" threads="0" lastid="00000000016BE100" lastname="Thread-9" />
</exclusive-start>
<af-start id="1849" threadId="00000000016BEA88" totalBytesRequested="24" timestamp="2019-06-14T19:08:57.634" intervalms="21.110" type="nursery" />
<cycle-start id="1850" type="scavenge" contextid="0" timestamp="2019-06-14T19:08:57.634" intervalms="21.149" />
<gc-start id="1851" type="scavenge" contextid="1850" timestamp="2019-06-14T19:08:57.634">
  <mem-info id="1852" free="1284680" total="49283072" percent="2">
    <mem type="nursery" free="0" total="43909120" percent="0">
      <mem type="allocate" free="0" total="39518208" percent="0" />
      <mem type="survivor" free="0" total="4390912" percent="0" />
    </mem>
    <mem type="tenure" free="1284680" total="5373952" percent="23">
      <mem type="soa" free="1035848" total="5105664" percent="20" />
      <mem type="loa" free="248832" total="268288" percent="92" />
    </mem>
    <remembered-set count="10203" />
  </mem-info>
</gc-start>
<allocation-stats totalBytes="38227664" >
  <allocated-bytes non-tlh="40" tlh="38227624" />
  <largest-consumer threadName="Thread-7" threadId="00000000016BA500" bytes="10050800" />
</allocation-stats>
<gc-op id="1853" type="scavenge" timems="1.569" contextid="1850" timestamp="2019-06-14T19:08:57.636">
  <scavenger-info tenureage="3" tenuremask="4038" tiltratio="90" />
  <memory-copied type="nursery" objects="29537" bytes="1122552" bytesdiscarded="216072" />
  <memory-copied type="tenure" objects="3991" bytes="96280" bytesdiscarded="0" />
</gc-op>
<gc-end id="1854" type="scavenge" contextid="1850" durationms="1.930" usertimems="4.000" systemtimems="0.000" timestamp="2019-06-14T19:08:57.636" activeThreads="4">
  <mem-info id="1855" free="39385928" total="49283072" percent="79">
    <mem type="nursery" free="38179584" total="43909120" percent="86">
      <mem type="allocate" free="38179584" total="39518208" percent="96" />
      <mem type="survivor" free="0" total="4390912" percent="0" />
    </mem>
    <mem type="tenure" free="1206344" total="5373952" percent="22">
      <mem type="soa" free="957512" total="5105664" percent="18" />
      <mem type="loa" free="248832" total="268288" percent="92" />
    </mem>
    <remembered-set count="6210" />
  </mem-info>
</gc-end>
<cycle-end id="1856" type="scavenge" contextid="1850" timestamp="2019-06-14T19:08:57.636" />
  <attribute name="elasticGC enabled" value="1" />
  <attribute name= "numThreadsSpecified" value="4" />
  <attribute name="heapSize specified" value="46923776" />
  <attribute name="Current GC Util" value="21" />
  <attribute name= "Current Time Running" value="2596" />
  <attribute name ="GC Interval" value="200" />
  <attribute name="ProportionalT" value="0.500000" />
  <attribute name="ProportionalI" value="0.500000" />
  <attribute name="ProportionalH" value="0.500000" />
  <attribute name="Current Error" value="1.000000" />
  <attribute name="IntegralT" value="21.000000" />
  <attribute name="IntegralI" value="21.000000" />
  <attribute name="IntegralH" value="21.000000" />
  <attribute name="DerivativeT" value="0.023810" />
  <attribute name="DerivativeI" value="0.023810" />
  <attribute name="DerivativeH" value="0.023810" />
  <attribute name="Loop Time for DT" value="21.000000" />
  <attribute name="Output H" value="8388608"/>
  <attribute name="Output I" value="200"/>
  <attribute name="Output T" value="4"/>
  <attribute name="Target GC Util Change" value ="20.000000" />
  <attribute name="Current GC Util Change" value="21.000000"/>
  <attribute name="GC Util currently" value="21" />
  <attribute name="CPU Util currently" value="217753614953" />
<allocation-satisfied id="1857" threadId="00000000016BE100" bytesRequested="24" />
<af-end id="1858" timestamp="2019-06-14T19:08:57.637" threadId="00000000016BEA88" success="true" from="nursery"/>
<exclusive-end id="1859" timestamp="2019-06-14T19:08:57.637" durationms="2.827" />

<exclusive-start id="1860" timestamp="2019-06-14T19:08:57.656" intervalms="22.132">
  <response-info timems="0.024" idlems="0.024" threads="0" lastid="00000000016BE100" lastname="Thread-9" />
</exclusive-start>
<af-start id="1861" threadId="00000000016BEA88" totalBytesRequested="24" timestamp="2019-06-14T19:08:57.656" intervalms="22.198" type="nursery" />
<cycle-start id="1862" type="scavenge" contextid="0" timestamp="2019-06-14T19:08:57.657" intervalms="22.204" />
<gc-start id="1863" type="scavenge" contextid="1862" timestamp="2019-06-14T19:08:57.657">
  <mem-info id="1864" free="1206344" total="49283072" percent="2">
    <mem type="nursery" free="0" total="43909120" percent="0">
      <mem type="allocate" free="0" total="39518208" percent="0" />
      <mem type="survivor" free="0" total="4390912" percent="0" />
    </mem>
    <mem type="tenure" free="1206344" total="5373952" percent="22">
      <mem type="soa" free="957512" total="5105664" percent="18" />
      <mem type="loa" free="248832" total="268288" percent="92" />
    </mem>
    <remembered-set count="6628" />
  </mem-info>
</gc-start>
<allocation-stats totalBytes="38174584" >
  <allocated-bytes non-tlh="24" tlh="38174560" />
  <largest-consumer threadName="Thread-7" threadId="00000000016BA500" bytes="10844744" />
</allocation-stats>
<gc-op id="1865" type="scavenge" timems="1.246" contextid="1862" timestamp="2019-06-14T19:08:57.658">
  <scavenger-info tenureage="3" tenuremask="4008" tiltratio="90" />
  <memory-copied type="nursery" objects="30282" bytes="1140432" bytesdiscarded="160800" />
  <memory-copied type="tenure" objects="1353" bytes="32472" bytesdiscarded="0" />
</gc-op>
<gc-end id="1866" type="scavenge" contextid="1862" durationms="1.665" usertimems="4.000" systemtimems="0.000" timestamp="2019-06-14T19:08:57.658" activeThreads="4">
  <mem-info id="1867" free="39384152" total="49283072" percent="79">
    <mem type="nursery" free="38216976" total="43909120" percent="87">
      <mem type="allocate" free="38216976" total="39518208" percent="96" />
      <mem type="survivor" free="0" total="4390912" percent="0" />
    </mem>
    <mem type="tenure" free="1167176" total="5373952" percent="21">
      <mem type="soa" free="918344" total="5105664" percent="17" />
      <mem type="loa" free="248832" total="268288" percent="92" />
    </mem>
    <remembered-set count="5275" />
  </mem-info>
</gc-end>
<cycle-end id="1868" type="scavenge" contextid="1862" timestamp="2019-06-14T19:08:57.658" />
  <attribute name="elasticGC enabled" value="1" />
  <attribute name= "numThreadsSpecified" value="4" />
  <attribute name="heapSize specified" value="46923776" />
  <attribute name="Current GC Util" value="18" />
  <attribute name= "Current Time Running" value="2619" />
  <attribute name ="GC Interval" value="200" />
  <attribute name="ProportionalT" value="-1.000000" />
  <attribute name="ProportionalI" value="-1.000000" />
  <attribute name="ProportionalH" value="-1.000000" />
  <attribute name="Current Error" value="-2.000000" />
  <attribute name="IntegralT" value="-46.000000" />
  <attribute name="IntegralI" value="-46.000000" />
  <attribute name="IntegralH" value="-46.000000" />
  <attribute name="DerivativeT" value="-0.065217" />
  <attribute name="DerivativeI" value="-0.065217" />
  <attribute name="DerivativeH" value="-0.065217" />
  <attribute name="Loop Time for DT" value="23.000000" />
  <attribute name="Output H" value="2092630016"/>
  <attribute name="Output I" value="200"/>
  <attribute name="Output T" value="4"/>
  <attribute name="Target GC Util Change" value ="20.000000" />
  <attribute name="Current GC Util Change" value="18.000000"/>
  <attribute name="GC Util currently" value="18" />
  <attribute name="CPU Util currently" value="206868520745" />
<allocation-satisfied id="1869" threadId="00000000016BE100" bytesRequested="24" />
<af-end id="1870" timestamp="2019-06-14T19:08:57.659" threadId="00000000016BEA88" success="true" from="nursery"/>
<exclusive-end id="1871" timestamp="2019-06-14T19:08:57.659" durationms="2.425" />

<exclusive-start id="1872" timestamp="2019-06-14T19:08:57.687" intervalms="30.683">
  <response-info timems="0.049" idlems="0.027" threads="1" lastid="00000000016B2D00" lastname="Thread-10" />
</exclusive-start>
<af-start id="1873" threadId="00000000016BAE88" totalBytesRequested="40" timestamp="2019-06-14T19:08:57.687" intervalms="30.649" type="nursery" />
<cycle-start id="1874" type="scavenge" contextid="0" timestamp="2019-06-14T19:08:57.687" intervalms="30.687" />
<gc-start id="1875" type="scavenge" contextid="1874" timestamp="2019-06-14T19:08:57.687">
  <mem-info id="1876" free="1167176" total="49283072" percent="2">
    <mem type="nursery" free="0" total="43909120" percent="0">
      <mem type="allocate" free="0" total="39518208" percent="0" />
      <mem type="survivor" free="0" total="4390912" percent="0" />
    </mem>
    <mem type="tenure" free="1167176" total="5373952" percent="21">
      <mem type="soa" free="918344" total="5105664" percent="17" />
      <mem type="loa" free="248832" total="268288" percent="92" />
    </mem>
    <remembered-set count="5844" />
  </mem-info>
</gc-start>
<allocation-stats totalBytes="38210160" >
  <allocated-bytes non-tlh="24" tlh="38210136" />
  <largest-consumer threadName="Thread-9" threadId="00000000016BE100" bytes="12885000" />
</allocation-stats>
<gc-op id="1877" type="scavenge" timems="0.734" contextid="1874" timestamp="2019-06-14T19:08:57.688">
  <scavenger-info tenureage="3" tenuremask="4008" tiltratio="90" />
  <memory-copied type="nursery" objects="20608" bytes="908512" bytesdiscarded="119840" />
  <memory-copied type="tenure" objects="6334" bytes="152016" bytesdiscarded="8" />
</gc-op>
<gc-end id="1878" type="scavenge" contextid="1874" durationms="1.127" usertimems="4.000" systemtimems="0.000" timestamp="2019-06-14T19:08:57.688" activeThreads="4">
  <mem-info id="1879" free="39346760" total="49283072" percent="79">
    <mem type="nursery" free="38489856" total="43909120" percent="87">
      <mem type="allocate" free="38489856" total="39518208" percent="97" />
      <mem type="survivor" free="0" total="4390912" percent="0" />
    </mem>
    <mem type="tenure" free="856904" total="5373952" percent="15">
      <mem type="soa" free="608072" total="5105664" percent="11" />
      <mem type="loa" free="248832" total="268288" percent="92" />
    </mem>
    <remembered-set count="1556" />
  </mem-info>
</gc-end>
<cycle-end id="1880" type="scavenge" contextid="1874" timestamp="2019-06-14T19:08:57.689" />
  <attribute name="elasticGC enabled" value="1" />
  <attribute name= "numThreadsSpecified" value="4" />
  <attribute name="heapSize specified" value="46923776" />
  <attribute name="Current GC Util" value="11" />
  <attribute name= "Current Time Running" value="2649" />
  <attribute name ="GC Interval" value="200" />
  <attribute name="ProportionalT" value="-4.500000" />
  <attribute name="ProportionalI" value="-4.500000" />
  <attribute name="ProportionalH" value="-4.500000" />
  <attribute name="Current Error" value="-9.000000" />
  <attribute name="IntegralT" value="-270.000000" />
  <attribute name="IntegralI" value="-270.000000" />
  <attribute name="IntegralH" value="-270.000000" />
  <attribute name="DerivativeT" value="-0.150000" />
  <attribute name="DerivativeI" value="-0.150000" />
  <attribute name="DerivativeH" value="-0.150000" />
  <attribute name="Loop Time for DT" value="30.000000" />
  <attribute name="Output H" value="2092630016"/>
  <attribute name="Output I" value="200"/>
  <attribute name="Output T" value="4"/>
  <attribute name="Target GC Util Change" value ="20.000000" />
  <attribute name="Current GC Util Change" value="11.000000"/>
  <attribute name="GC Util currently" value="11" />
  <attribute name="CPU Util currently" value="150288190601" />
<allocation-satisfied id="1881" threadId="00000000016BA500" bytesRequested="40" />
<af-end id="1882" timestamp="2019-06-14T19:08:57.689" threadId="00000000016BAE88" success="true" from="nursery"/>
<exclusive-end id="1883" timestamp="2019-06-14T19:08:57.689" durationms="2.030" />

<exclusive-start id="1884" timestamp="2019-06-14T19:08:57.712" intervalms="25.610">
  <response-info timems="0.064" idlems="0.064" threads="0" lastid="00000000016BE100" lastname="Thread-9" />
</exclusive-start>
<af-start id="1885" threadId="00000000016BEA88" totalBytesRequested="40" timestamp="2019-06-14T19:08:57.713" intervalms="25.592" type="nursery" />
<cycle-start id="1886" type="scavenge" contextid="0" timestamp="2019-06-14T19:08:57.713" intervalms="25.478" />
<gc-start id="1887" type="scavenge" contextid="1886" timestamp="2019-06-14T19:08:57.713">
  <mem-info id="1888" free="856904" total="49283072" percent="1">
    <mem type="nursery" free="0" total="43909120" percent="0">
      <mem type="allocate" free="0" total="39518208" percent="0" />
      <mem type="survivor" free="0" total="4390912" percent="0" />
    </mem>
    <mem type="tenure" free="856904" total="5373952" percent="15">
      <mem type="soa" free="608072" total="5105664" percent="11" />
      <mem type="loa" free="248832" total="268288" percent="92" />
    </mem>
    <remembered-set count="1620" />
  </mem-info>
</gc-start>
<allocation-stats totalBytes="38489064" >
  <allocated-bytes non-tlh="40" tlh="38489024" />
  <largest-consumer threadName="Thread-9" threadId="00000000016BE100" bytes="15302360" />
</allocation-stats>
<gc-op id="1889" type="scavenge" timems="1.495" contextid="1886" timestamp="2019-06-14T19:08:57.714">
  <scavenger-info tenureage="14" tenuremask="4000" tiltratio="90" />
  <memory-copied type="nursery" objects="24439" bytes="1137064" bytesdiscarded="114632" />
</gc-op>
<gc-end id="1890" type="scavenge" contextid="1886" durationms="1.877" usertimems="4.000" systemtimems="0.000" timestamp="2019-06-14T19:08:57.715" activeThreads="4">
  <mem-info id="1891" free="39123416" total="49283072" percent="79">
    <mem type="nursery" free="38266512" total="43909120" percent="87">
      <mem type="allocate" free="38266512" total="39518208" percent="96" />
      <mem type="survivor" free="0" total="4390912" percent="0" />
    </mem>
    <mem type="tenure" free="856904" total="5373952" percent="15">
      <mem type="soa" free="608072" total="5105664" percent="11" />
      <mem type="loa" free="248832" total="268288" percent="92" />
    </mem>
    <remembered-set count="1620" />
  </mem-info>
</gc-end>
<cycle-end id="1892" type="scavenge" contextid="1886" timestamp="2019-06-14T19:08:57.715" />
  <attribute name="elasticGC enabled" value="1" />
  <attribute name= "numThreadsSpecified" value="4" />
  <attribute name="heapSize specified" value="46923776" />
  <attribute name="Current GC Util" value="10" />
  <attribute name= "Current Time Running" value="2675" />
  <attribute name ="GC Interval" value="200" />
  <attribute name="ProportionalT" value="-5.000000" />
  <attribute name="ProportionalI" value="-5.000000" />
  <attribute name="ProportionalH" value="-5.000000" />
  <attribute name="Current Error" value="-10.000000" />
  <attribute name="IntegralT" value="-260.000000" />
  <attribute name="IntegralI" value="-260.000000" />
  <attribute name="IntegralH" value="-260.000000" />
  <attribute name="DerivativeT" value="-0.192308" />
  <attribute name="DerivativeI" value="-0.192308" />
  <attribute name="DerivativeH" value="-0.192308" />
  <attribute name="Loop Time for DT" value="26.000000" />
  <attribute name="Output H" value="2092630016"/>
  <attribute name="Output I" value="200"/>
  <attribute name="Output T" value="4"/>
  <attribute name="Target GC Util Change" value ="20.000000" />
  <attribute name="Current GC Util Change" value="10.000000"/>
  <attribute name="GC Util currently" value="10" />
  <attribute name="CPU Util currently" value="181665661622" />
<allocation-satisfied id="1893" threadId="00000000016BE100" bytesRequested="40" />
<af-end id="1894" timestamp="2019-06-14T19:08:57.715" threadId="00000000016BEA88" success="true" from="nursery"/>
<exclusive-end id="1895" timestamp="2019-06-14T19:08:57.715" durationms="2.522" />

<exclusive-start id="1896" timestamp="2019-06-14T19:08:57.732" intervalms="19.413">
  <response-info timems="0.026" idlems="0.026" threads="0" lastid="00000000016BE100" lastname="Thread-9" />
</exclusive-start>
<af-start id="1897" threadId="00000000016BEA88" totalBytesRequested="40" timestamp="2019-06-14T19:08:57.732" intervalms="19.397" type="nursery" />
<cycle-start id="1898" type="scavenge" contextid="0" timestamp="2019-06-14T19:08:57.732" intervalms="19.487" />
<gc-start id="1899" type="scavenge" contextid="1898" timestamp="2019-06-14T19:08:57.732">
  <mem-info id="1900" free="856904" total="49283072" percent="1">
    <mem type="nursery" free="0" total="43909120" percent="0">
      <mem type="allocate" free="0" total="39518208" percent="0" />
      <mem type="survivor" free="0" total="4390912" percent="0" />
    </mem>
    <mem type="tenure" free="856904" total="5373952" percent="15">
      <mem type="soa" free="608072" total="5105664" percent="11" />
      <mem type="loa" free="248832" total="268288" percent="92" />
    </mem>
    <remembered-set count="1620" />
  </mem-info>
</gc-start>
<allocation-stats totalBytes="38262736" >
  <allocated-bytes non-tlh="40" tlh="38262696" />
  <largest-consumer threadName="Thread-9" threadId="00000000016BE100" bytes="11631488" />
</allocation-stats>
<gc-op id="1901" type="scavenge" timems="1.412" contextid="1898" timestamp="2019-06-14T19:08:57.734">
  <scavenger-info tenureage="3" tenuremask="4008" tiltratio="90" />
  <memory-copied type="nursery" objects="24582" bytes="1003408" bytesdiscarded="30176" />
  <memory-copied type="tenure" objects="5394" bytes="266832" bytesdiscarded="24" />
</gc-op>
<gc-end id="1902" type="scavenge" contextid="1898" durationms="1.794" usertimems="4.000" systemtimems="0.000" timestamp="2019-06-14T19:08:57.734" activeThreads="4">
  <mem-info id="1903" free="39078872" total="49283072" percent="79">
    <mem type="nursery" free="38484624" total="43909120" percent="87">
      <mem type="allocate" free="38484624" total="39518208" percent="97" />
      <mem type="survivor" free="0" total="4390912" percent="0" />
    </mem>
    <mem type="tenure" free="594248" total="5373952" percent="11">
      <mem type="soa" free="345416" total="5105664" percent="6" />
      <mem type="loa" free="248832" total="268288" percent="92" />
    </mem>
    <remembered-set count="2620" />
  </mem-info>
</gc-end>
<cycle-end id="1904" type="scavenge" contextid="1898" timestamp="2019-06-14T19:08:57.734" />
  <attribute name="elasticGC enabled" value="1" />
  <attribute name= "numThreadsSpecified" value="4" />
  <attribute name="heapSize specified" value="46923776" />
  <attribute name="Current GC Util" value="18" />
  <attribute name= "Current Time Running" value="2694" />
  <attribute name ="GC Interval" value="200" />
  <attribute name="ProportionalT" value="-1.000000" />
  <attribute name="ProportionalI" value="-1.000000" />
  <attribute name="ProportionalH" value="-1.000000" />
  <attribute name="Current Error" value="-2.000000" />
  <attribute name="IntegralT" value="-38.000000" />
  <attribute name="IntegralI" value="-38.000000" />
  <attribute name="IntegralH" value="-38.000000" />
  <attribute name="DerivativeT" value="-0.052632" />
  <attribute name="DerivativeI" value="-0.052632" />
  <attribute name="DerivativeH" value="-0.052632" />
  <attribute name="Loop Time for DT" value="19.000000" />
  <attribute name="Output H" value="2092630016"/>
  <attribute name="Output I" value="200"/>
  <attribute name="Output T" value="4"/>
  <attribute name="Target GC Util Change" value ="20.000000" />
  <attribute name="Current GC Util Change" value="18.000000"/>
  <attribute name="GC Util currently" value="18" />
  <attribute name="CPU Util currently" value="235847810222" />
<allocation-satisfied id="1905" threadId="00000000016BE100" bytesRequested="40" />
<af-end id="1906" timestamp="2019-06-14T19:08:57.734" threadId="00000000016BEA88" success="true" from="nursery"/>
<exclusive-end id="1907" timestamp="2019-06-14T19:08:57.735" durationms="2.753" />

<exclusive-start id="1908" timestamp="2019-06-14T19:08:57.750" intervalms="18.373">
  <response-info timems="0.037" idlems="0.037" threads="0" lastid="00000000016BA500" lastname="Thread-7" />
</exclusive-start>
<af-start id="1909" threadId="00000000016BAE88" totalBytesRequested="24" timestamp="2019-06-14T19:08:57.750" intervalms="18.428" type="nursery" />
<cycle-start id="1910" type="scavenge" contextid="0" timestamp="2019-06-14T19:08:57.751" intervalms="18.418" />
<gc-start id="1911" type="scavenge" contextid="1910" timestamp="2019-06-14T19:08:57.751">
  <mem-info id="1912" free="594248" total="49283072" percent="1">
    <mem type="nursery" free="0" total="43909120" percent="0">
      <mem type="allocate" free="0" total="39518208" percent="0" />
      <mem type="survivor" free="0" total="4390912" percent="0" />
    </mem>
    <mem type="tenure" free="594248" total="5373952" percent="11">
      <mem type="soa" free="345416" total="5105664" percent="6" />
      <mem type="loa" free="248832" total="268288" percent="92" />
    </mem>
    <remembered-set count="4372" />
  </mem-info>
</gc-start>
<allocation-stats totalBytes="38484080" >
  <allocated-bytes non-tlh="40" tlh="38484040" />
  <largest-consumer threadName="Thread-9" threadId="00000000016BE100" bytes="10715072" />
</allocation-stats>
<gc-op id="1913" type="scavenge" timems="2.101" contextid="1910" timestamp="2019-06-14T19:08:57.753">
  <scavenger-info tenureage="2" tenuremask="4004" tiltratio="90" />
  <memory-copied type="nursery" objects="17336" bytes="621856" bytesdiscarded="90848" />
  <memory-copied type="tenure" objects="9519" bytes="436008" bytesdiscarded="56" />
  <copy-failed type="tenure" objects="2863" bytes="135912" />
</gc-op>
<heap-resize id="1914" type="expand" space="nursery" amount="2752512" count="1" timems="0.016" reason="excessive time being spent scavenging" timestamp="2019-06-14T19:08:57.753" />
<gc-end id="1915" type="scavenge" contextid="1910" durationms="2.446" usertimems="0.000" systemtimems="0.000" timestamp="2019-06-14T19:08:57.753" activeThreads="1">
  <mem-info id="1916" free="41479168" total="52035584" percent="79">
    <mem type="nursery" free="41230336" total="46661632" percent="88">
      <mem type="allocate" free="41230336" total="41943040" percent="98" />
      <mem type="survivor" free="0" total="4718592" percent="0" />
    </mem>
    <mem type="tenure" free="248832" total="5373952" percent="4">
      <mem type="soa" free="0" total="5105664" percent="0" />
      <mem type="loa" free="248832" total="268288" percent="92" />
    </mem>
    <remembered-set count="7206" />
  </mem-info>
</gc-end>
<cycle-end id="1917" type="scavenge" contextid="1910" timestamp="2019-06-14T19:08:57.753" />
  <attribute name="elasticGC enabled" value="1" />
  <attribute name= "numThreadsSpecified" value="1" />
  <attribute name="heapSize specified" value="46923776" />
  <attribute name="Current GC Util" value="20" />
  <attribute name= "Current Time Running" value="2713" />
  <attribute name ="GC Interval" value="200" />
  <attribute name="ProportionalT" value="0.000000" />
  <attribute name="ProportionalI" value="0.000000" />
  <attribute name="ProportionalH" value="0.000000" />
  <attribute name="Current Error" value="0.000000" />
  <attribute name="IntegralT" value="0.000000" />
  <attribute name="IntegralI" value="0.000000" />
  <attribute name="IntegralH" value="0.000000" />
  <attribute name="DerivativeT" value="0.000000" />
  <attribute name="DerivativeI" value="0.000000" />
  <attribute name="DerivativeH" value="0.000000" />
  <attribute name="Loop Time for DT" value="19.000000" />
  <attribute name="Output H" value="8388608"/>
  <attribute name="Output I" value="200"/>
  <attribute name="Output T" value="1"/>
  <attribute name="Target GC Util Change" value ="20.000000" />
  <attribute name="Current GC Util Change" value="20.000000"/>
  <attribute name="GC Util currently" value="20" />
  <attribute name="CPU Util currently" value="253284172388" />
<allocation-satisfied id="1918" threadId="00000000016BA500" bytesRequested="24" />
<af-end id="1919" timestamp="2019-06-14T19:08:57.753" threadId="00000000016BAE88" success="true" from="nursery"/>
<exclusive-end id="1920" timestamp="2019-06-14T19:08:57.753" durationms="3.097" />

<concurrent-kickoff id="1921" timestamp="2019-06-14T19:08:57.769">
  <kickoff reason="next scavenge will percolate" targetBytes="1713086" thresholdFreeBytes="241121"  remainingFree="204800" tenureFreeBytes="248832" nurseryFreeBytes="204800" />
</concurrent-kickoff>
<exclusive-start id="1922" timestamp="2019-06-14T19:08:57.769" intervalms="18.870">
  <response-info timems="0.036" idlems="0.036" threads="0" lastid="00000000016BE100" lastname="Thread-9" />
</exclusive-start>
<af-start id="1923" threadId="00000000016BEA88" totalBytesRequested="24" timestamp="2019-06-14T19:08:57.769" intervalms="18.794" type="nursery" />
<percolate-collect id="1924" from="nursery" to="global" reason="failed tenure threshold reached" timestamp="2019-06-14T19:08:57.769"/>
<concurrent-aborted id="1925" timestamp="2019-06-14T19:08:57.769">
  <reason value="insufficient progress made" />
</concurrent-aborted>
<cycle-end id="1926" type="global" contextid="1769" timestamp="2019-06-14T19:08:57.770" />
  <attribute name="elasticGC enabled" value="1" />
  <attribute name= "numThreadsSpecified" value="1" />
  <attribute name="heapSize specified" value="46923776" />
  <attribute name="Current GC Util" value="20" />
  <attribute name= "Current Time Running" value="2713" />
  <attribute name ="GC Interval" value="200" />
  <attribute name="ProportionalT" value="0.000000" />
  <attribute name="ProportionalI" value="0.000000" />
  <attribute name="ProportionalH" value="0.000000" />
  <attribute name="Current Error" value="0.000000" />
  <attribute name="IntegralT" value="0.000000" />
  <attribute name="IntegralI" value="0.000000" />
  <attribute name="IntegralH" value="0.000000" />
  <attribute name="DerivativeT" value="0.000000" />
  <attribute name="DerivativeI" value="0.000000" />
  <attribute name="DerivativeH" value="0.000000" />
  <attribute name="Loop Time for DT" value="19.000000" />
  <attribute name="Output H" value="8388608"/>
  <attribute name="Output I" value="200"/>
  <attribute name="Output T" value="1"/>
  <attribute name="Target GC Util Change" value ="20.000000" />
  <attribute name="Current GC Util Change" value="20.000000"/>
  <attribute name="GC Util currently" value="20" />
  <attribute name="CPU Util currently" value="253284172388" />
<cycle-start id="1927" type="global" contextid="0" timestamp="2019-06-14T19:08:57.770" intervalms="262.291" />
<gc-start id="1928" type="global" contextid="1927" timestamp="2019-06-14T19:08:57.770">
  <mem-info id="1929" free="248832" total="52035584" percent="0">
    <mem type="nursery" free="0" total="46661632" percent="0">
      <mem type="allocate" free="0" total="41943040" percent="0" />
      <mem type="survivor" free="0" total="4718592" percent="0" />
    </mem>
    <mem type="tenure" free="248832" total="5373952" percent="4">
      <mem type="soa" free="0" total="5105664" percent="0" />
      <mem type="loa" free="248832" total="268288" percent="92" />
    </mem>
    <remembered-set count="9923" />
  </mem-info>
</gc-start>
<allocation-stats totalBytes="41224688" >
  <allocated-bytes non-tlh="24" tlh="41224664" />
  <largest-consumer threadName="Thread-9" threadId="00000000016BE100" bytes="10975800" />
</allocation-stats>
<gc-op id="1930" type="mark" timems="2.648" contextid="1927" timestamp="2019-06-14T19:08:57.773">
  <trace-info objectcount="68398" scancount="60819" scanbytes="2347936" />
  <finalization candidates="124" enqueued="0" />
  <ownableSynchronizers candidates="3" cleared="0" />
  <references type="soft" candidates="84" cleared="0" enqueued="0" dynamicThreshold="10" maxThreshold="32" />
  <references type="weak" candidates="693" cleared="0" enqueued="0" />
  <references type="phantom" candidates="36" cleared="0" enqueued="0" />
  <stringconstants candidates="4597" cleared="0"  />
</gc-op>
<gc-op id="1931" type="sweep" timems="0.708" contextid="1927" timestamp="2019-06-14T19:08:57.773" />
<mem-info id="1932" free="42754912" total="52035584" percent="82">
  <mem type="nursery" free="40512256" total="46661632" percent="86">
    <mem type="allocate" free="40512256" total="41943040" percent="96" />
    <mem type="survivor" free="0" total="4718592" percent="0" />
  </mem>
  <mem type="tenure" free="2242656" total="5373952" percent="41" micro-fragmented="774" macro-fragmented="0">
    <mem type="soa" free="1974368" total="5105664" percent="38" />
    <mem type="loa" free="268288" total="268288" percent="100" />
  </mem>
  <remembered-set count="1253" />
</mem-info>
<gc-op id="1933" type="compact" timems="9.283" contextid="1927" timestamp="2019-06-14T19:08:57.783">
  <compact-info movecount="62430" movebytes="3994712" reason="compact to aid heap contraction" />
</gc-op>
<heap-resize id="1934" type="contract" space="tenure" amount="262144" count="1" timems="0.062" reason="heap reconfiguration" timestamp="2019-06-14T19:08:57.783" />
<gc-end id="1935" type="global" contextid="1927" durationms="13.690" usertimems="24.000" systemtimems="0.000" timestamp="2019-06-14T19:08:57.784" activeThreads="4">
  <mem-info id="1936" free="42803408" total="51773440" percent="82">
    <mem type="nursery" free="40826320" total="46661632" percent="87">
      <mem type="allocate" free="40826320" total="41943040" percent="97" />
      <mem type="survivor" free="0" total="4718592" percent="0" />
    </mem>
    <mem type="tenure" free="1977088" total="5111808" percent="38">
      <mem type="soa" free="1728256" total="4856832" percent="35" />
      <mem type="loa" free="248832" total="254976" percent="97" />
    </mem>
    <remembered-set count="1253" />
  </mem-info>
</gc-end>
<cycle-end id="1937" type="global" contextid="1927" timestamp="2019-06-14T19:08:57.784" />
  <attribute name="elasticGC enabled" value="1" />
  <attribute name= "numThreadsSpecified" value="4" />
  <attribute name="heapSize specified" value="52035584" />
  <attribute name="Current GC Util" value="82" />
  <attribute name= "Current Time Running" value="2745" />
  <attribute name ="GC Interval" value="200" />
  <attribute name="ProportionalT" value="31.000000" />
  <attribute name="ProportionalI" value="31.000000" />
  <attribute name="ProportionalH" value="31.000000" />
  <attribute name="Current Error" value="62.000000" />
  <attribute name="IntegralT" value="620.000000" />
  <attribute name="IntegralI" value="620.000000" />
  <attribute name="IntegralH" value="620.000000" />
  <attribute name="DerivativeT" value="-4.900000" />
  <attribute name="DerivativeI" value="-4.900000" />
  <attribute name="DerivativeH" value="-4.900000" />
  <attribute name="Loop Time for DT" value="10.000000" />
  <attribute name="Output H" value="8388608"/>
  <attribute name="Output I" value="648"/>
  <attribute name="Output T" value="4"/>
  <attribute name="Target GC Util Change" value ="20.000000" />
  <attribute name="Current GC Util Change" value="82.000000"/>
  <attribute name="GC Util currently" value="82" />
  <attribute name="CPU Util currently" value="489275625885" />
<allocation-satisfied id="1938" threadId="00000000016BE100" bytesRequested="24" />
<af-end id="1939" timestamp="2019-06-14T19:08:57.784" threadId="00000000016BEA88" success="true" from="nursery"/>
<exclusive-end id="1940" timestamp="2019-06-14T19:08:57.784" durationms="14.825" />

<exclusive-start id="1941" timestamp="2019-06-14T19:08:57.800" intervalms="30.405">
  <response-info timems="0.037" idlems="0.037" threads="0" lastid="00000000016B6900" lastname="Thread-8" />
</exclusive-start>
<af-start id="1942" threadId="00000000016B7288" totalBytesRequested="40" timestamp="2019-06-14T19:08:57.800" intervalms="30.434" type="nursery" />
<cycle-start id="1943" type="scavenge" contextid="0" timestamp="2019-06-14T19:08:57.800" intervalms="49.219" />
<gc-start id="1944" type="scavenge" contextid="1943" timestamp="2019-06-14T19:08:57.800">
  <mem-info id="1945" free="1977088" total="51773440" percent="3">
    <mem type="nursery" free="0" total="46661632" percent="0">
      <mem type="allocate" free="0" total="41943040" percent="0" />
      <mem type="survivor" free="0" total="4718592" percent="0" />
    </mem>
    <mem type="tenure" free="1977088" total="5111808" percent="38">
      <mem type="soa" free="1728256" total="4856832" percent="35" />
      <mem type="loa" free="248832" total="254976" percent="97" />
    </mem>
    <remembered-set count="1701" />
  </mem-info>
</gc-start>
<allocation-stats totalBytes="40817912" >
  <allocated-bytes non-tlh="24" tlh="40817888" />
  <largest-consumer threadName="Thread-9" threadId="00000000016BE100" bytes="10975088" />
</allocation-stats>
<gc-op id="1946" type="scavenge" timems="1.540" contextid="1943" timestamp="2019-06-14T19:08:57.802">
  <scavenger-info tenureage="14" tenuremask="4000" tiltratio="89" />
  <memory-copied type="nursery" objects="28672" bytes="1168536" bytesdiscarded="86376" />
  <ownableSynchronizers candidates="6" cleared="6" />
</gc-op>
<gc-end id="1947" type="scavenge" contextid="1943" durationms="1.991" usertimems="4.000" systemtimems="0.000" timestamp="2019-06-14T19:08:57.802" activeThreads="4">
  <mem-info id="1948" free="42665216" total="51773440" percent="82">
    <mem type="nursery" free="40688128" total="46661632" percent="87">
      <mem type="allocate" free="40688128" total="41943040" percent="97" />
      <mem type="survivor" free="0" total="4718592" percent="0" />
    </mem>
    <mem type="tenure" free="1977088" total="5111808" percent="38">
      <mem type="soa" free="1728256" total="4856832" percent="35" />
      <mem type="loa" free="248832" total="254976" percent="97" />
    </mem>
    <remembered-set count="1701" />
  </mem-info>
</gc-end>
<cycle-end id="1949" type="scavenge" contextid="1943" timestamp="2019-06-14T19:08:57.802" />
  <attribute name="elasticGC enabled" value="1" />
  <attribute name= "numThreadsSpecified" value="4" />
  <attribute name="heapSize specified" value="52035584" />
  <attribute name="Current GC Util" value="94" />
  <attribute name= "Current Time Running" value="2762" />
  <attribute name ="GC Interval" value="1296" />
  <attribute name="ProportionalT" value="37.000000" />
  <attribute name="ProportionalI" value="37.000000" />
  <attribute name="ProportionalH" value="37.000000" />
  <attribute name="Current Error" value="74.000000" />
  <attribute name="IntegralT" value="1258.000000" />
  <attribute name="IntegralI" value="1258.000000" />
  <attribute name="IntegralH" value="1258.000000" />
  <attribute name="DerivativeT" value="0.352941" />
  <attribute name="DerivativeI" value="0.352941" />
  <attribute name="DerivativeH" value="0.352941" />
  <attribute name="Loop Time for DT" value="17.000000" />
  <attribute name="Output H" value="8388608"/>
  <attribute name="Output I" value="1296"/>
  <attribute name="Output T" value="4"/>
  <attribute name="Target GC Util Change" value ="20.000000" />
  <attribute name="Current GC Util Change" value="94.000000"/>
  <attribute name="GC Util currently" value="94" />
  <attribute name="CPU Util currently" value="270648919939" />
<allocation-satisfied id="1950" threadId="00000000016B6900" bytesRequested="40" />
<af-end id="1951" timestamp="2019-06-14T19:08:57.802" threadId="00000000016B7288" success="true" from="nursery"/>
<exclusive-end id="1952" timestamp="2019-06-14T19:08:57.802" durationms="2.656" />

<exclusive-start id="1953" timestamp="2019-06-14T19:08:57.817" intervalms="17.536">
  <response-info timems="0.029" idlems="0.029" threads="0" lastid="00000000016BA500" lastname="Thread-7" />
</exclusive-start>
<af-start id="1954" threadId="00000000016BAE88" totalBytesRequested="40" timestamp="2019-06-14T19:08:57.817" intervalms="17.542" type="nursery" />
<cycle-start id="1955" type="scavenge" contextid="0" timestamp="2019-06-14T19:08:57.817" intervalms="17.504" />
<gc-start id="1956" type="scavenge" contextid="1955" timestamp="2019-06-14T19:08:57.817">
  <mem-info id="1957" free="1977088" total="51773440" percent="3">
    <mem type="nursery" free="0" total="46661632" percent="0">
      <mem type="allocate" free="0" total="41943040" percent="0" />
      <mem type="survivor" free="0" total="4718592" percent="0" />
    </mem>
    <mem type="tenure" free="1977088" total="5111808" percent="38">
      <mem type="soa" free="1728256" total="4856832" percent="35" />
      <mem type="loa" free="248832" total="254976" percent="97" />
    </mem>
    <remembered-set count="2037" />
  </mem-info>
</gc-start>
<allocation-stats totalBytes="40687272" >
  <allocated-bytes non-tlh="40" tlh="40687232" />
  <largest-consumer threadName="Thread-8" threadId="00000000016B6900" bytes="10714984" />
</allocation-stats>
<gc-op id="1958" type="scavenge" timems="0.843" contextid="1955" timestamp="2019-06-14T19:08:57.819">
  <scavenger-info tenureage="14" tenuremask="4000" tiltratio="89" />
  <memory-copied type="nursery" objects="29271" bytes="1182984" bytesdiscarded="186360" />
</gc-op>
<gc-end id="1959" type="scavenge" contextid="1955" durationms="1.267" usertimems="4.000" systemtimems="0.000" timestamp="2019-06-14T19:08:57.819" activeThreads="4">
  <mem-info id="1960" free="42550784" total="51773440" percent="82">
    <mem type="nursery" free="40573696" total="46661632" percent="86">
      <mem type="allocate" free="40573696" total="41943040" percent="96" />
      <mem type="survivor" free="0" total="4718592" percent="0" />
    </mem>
    <mem type="tenure" free="1977088" total="5111808" percent="38">
      <mem type="soa" free="1728256" total="4856832" percent="35" />
      <mem type="loa" free="248832" total="254976" percent="97" />
    </mem>
    <remembered-set count="2037" />
  </mem-info>
</gc-end>
<cycle-end id="1961" type="scavenge" contextid="1955" timestamp="2019-06-14T19:08:57.819" />
  <attribute name="elasticGC enabled" value="1" />
  <attribute name= "numThreadsSpecified" value="4" />
  <attribute name="heapSize specified" value="52035584" />
  <attribute name="Current GC Util" value="22" />
  <attribute name= "Current Time Running" value="2780" />
  <attribute name ="GC Interval" value="200" />
  <attribute name="ProportionalT" value="1.000000" />
  <attribute name="ProportionalI" value="1.000000" />
  <attribute name="ProportionalH" value="1.000000" />
  <attribute name="Current Error" value="2.000000" />
  <attribute name="IntegralT" value="36.000000" />
  <attribute name="IntegralI" value="36.000000" />
  <attribute name="IntegralH" value="36.000000" />
  <attribute name="DerivativeT" value="-2.000000" />
  <attribute name="DerivativeI" value="-2.000000" />
  <attribute name="DerivativeH" value="-2.000000" />
  <attribute name="Loop Time for DT" value="18.000000" />
  <attribute name="Output H" value="8388608"/>
  <attribute name="Output I" value="200"/>
  <attribute name="Output T" value="4"/>
  <attribute name="Target GC Util Change" value ="20.000000" />
  <attribute name="Current GC Util Change" value="22.000000"/>
  <attribute name="GC Util currently" value="22" />
  <attribute name="CPU Util currently" value="262542674899" />
<allocation-satisfied id="1962" threadId="00000000016BA500" bytesRequested="40" />
<af-end id="1963" timestamp="2019-06-14T19:08:57.819" threadId="00000000016BAE88" success="true" from="nursery"/>
<exclusive-end id="1964" timestamp="2019-06-14T19:08:57.819" durationms="1.971" />

<exclusive-start id="1965" timestamp="2019-06-14T19:08:57.839" intervalms="21.588">
  <response-info timems="0.061" idlems="0.061" threads="0" lastid="00000000016BA500" lastname="Thread-7" />
</exclusive-start>
<af-start id="1966" threadId="00000000016BAE88" totalBytesRequested="24" timestamp="2019-06-14T19:08:57.839" intervalms="21.588" type="nursery" />
<cycle-start id="1967" type="scavenge" contextid="0" timestamp="2019-06-14T19:08:57.839" intervalms="21.628" />
<gc-start id="1968" type="scavenge" contextid="1967" timestamp="2019-06-14T19:08:57.839">
  <mem-info id="1969" free="1977088" total="51773440" percent="3">
    <mem type="nursery" free="0" total="46661632" percent="0">
      <mem type="allocate" free="0" total="41943040" percent="0" />
      <mem type="survivor" free="0" total="4718592" percent="0" />
    </mem>
    <mem type="tenure" free="1977088" total="5111808" percent="38">
      <mem type="soa" free="1728256" total="4856832" percent="35" />
      <mem type="loa" free="248832" total="254976" percent="97" />
    </mem>
    <remembered-set count="2038" />
  </mem-info>
</gc-start>
<allocation-stats totalBytes="40573512" >
  <allocated-bytes non-tlh="40" tlh="40573472" />
  <largest-consumer threadName="Thread-9" threadId="00000000016BE100" bytes="14162552" />
</allocation-stats>
<gc-op id="1970" type="scavenge" timems="0.684" contextid="1967" timestamp="2019-06-14T19:08:57.840">
  <scavenger-info tenureage="14" tenuremask="4000" tiltratio="89" />
  <memory-copied type="nursery" objects="22364" bytes="879272" bytesdiscarded="196696" />
</gc-op>
<gc-end id="1971" type="scavenge" contextid="1967" durationms="1.071" usertimems="0.000" systemtimems="0.000" timestamp="2019-06-14T19:08:57.840" activeThreads="4">
  <mem-info id="1972" free="42844160" total="51773440" percent="82">
    <mem type="nursery" free="40867072" total="46661632" percent="87">
      <mem type="allocate" free="40867072" total="41943040" percent="97" />
      <mem type="survivor" free="0" total="4718592" percent="0" />
    </mem>
    <mem type="tenure" free="1977088" total="5111808" percent="38">
      <mem type="soa" free="1728256" total="4856832" percent="35" />
      <mem type="loa" free="248832" total="254976" percent="97" />
    </mem>
    <remembered-set count="2034" />
  </mem-info>
</gc-end>
<cycle-end id="1973" type="scavenge" contextid="1967" timestamp="2019-06-14T19:08:57.840" />
  <attribute name="elasticGC enabled" value="1" />
  <attribute name= "numThreadsSpecified" value="4" />
  <attribute name="heapSize specified" value="52035584" />
  <attribute name="Current GC Util" value="12" />
  <attribute name= "Current Time Running" value="2801" />
  <attribute name ="GC Interval" value="200" />
  <attribute name="ProportionalT" value="-4.000000" />
  <attribute name="ProportionalI" value="-4.000000" />
  <attribute name="ProportionalH" value="-4.000000" />
  <attribute name="Current Error" value="-8.000000" />
  <attribute name="IntegralT" value="-168.000000" />
  <attribute name="IntegralI" value="-168.000000" />
  <attribute name="IntegralH" value="-168.000000" />
  <attribute name="DerivativeT" value="-0.238095" />
  <attribute name="DerivativeI" value="-0.238095" />
  <attribute name="DerivativeH" value="-0.238095" />
  <attribute name="Loop Time for DT" value="21.000000" />
  <attribute name="Output H" value="2092630016"/>
  <attribute name="Output I" value="200"/>
  <attribute name="Output T" value="4"/>
  <attribute name="Target GC Util Change" value ="20.000000" />
  <attribute name="Current GC Util Change" value="12.000000"/>
  <attribute name="GC Util currently" value="12" />
  <attribute name="CPU Util currently" value="212886276398" />
<allocation-satisfied id="1974" threadId="00000000016BA500" bytesRequested="24" />
<af-end id="1975" timestamp="2019-06-14T19:08:57.840" threadId="00000000016BAE88" success="true" from="nursery"/>
<exclusive-end id="1976" timestamp="2019-06-14T19:08:57.840" durationms="1.846" />

</verbosegc>

