<?xml version="1.0" ?>

<verbosegc xmlns="http://www.ibm.com/j9/verbosegc" version="08cc62e_CMPRSS">

<initialized id="1" timestamp="2019-08-02T20:11:43.326">
  <attribute name="gcPolicy" value="-Xgcpolicy:optavgpause" />
  <attribute name="elasticGC enabled" value="1" />
  <attribute name= "numThreadsSpecified" value="0" />
  <attribute name="heapSize specified" value="0" />
  <attribute name= "numCores" value="0" />
  <attribute name ="GC Interval" value="0" />
  <attribute name="GC Util Range Max" value="0" />
  <attribute name="Current GC Util" value="0" />
  <attribute name= "Current Time Running" value="0" />
  <attribute name="maxHeapSize" value="0x7cba0000" />
  <attribute name="initialHeapSize" value="0x800000" />
  <attribute name="compressedRefs" value="true" />
  <attribute name="compressedRefsDisplacement" value="0x0" />
  <attribute name="compressedRefsShift" value="0x0" />
  <attribute name="pageSize" value="0x1000" />
  <attribute name="pageType" value="not used" />
  <attribute name="requestedPageSize" value="0x1000" />
  <attribute name="requestedPageType" value="not used" />
  <attribute name="gcthreads" value="8" />
  <attribute name="packetListSplit" value="8" />
  <attribute name="cacheListSplit" value="8" />
  <attribute name="splitFreeListSplitAmount" value="1" />
  <attribute name="numaNodes" value="0" />
  <system>
    <attribute name="physicalMemory" value="8370401280" />
    <attribute name="numCPUs" value="8" />
    <attribute name="architecture" value="amd64" />
    <attribute name="os" value="Linux" />
    <attribute name="osVersion" value="4.4.0-154-generic" />
  </system>
  <vmargs>
    <vmarg name="-Xoptionsfile=/vagrant/jdk/lib/options.default" />
    <vmarg name="-Xlockword:mode=default,noLockword=java/lang/String,noLockword=java/util/MapEntry,noLockword=java/util/HashMap$Entry,noLockword..." />
    <vmarg name="-Xjcl:jclse29" />
    <vmarg name="-Dcom.ibm.oti.vm.bootstrap.library.path=/vagrant/jdk/lib/compressedrefs:/vagrant/jdk/lib" />
    <vmarg name="-Dsun.boot.library.path=/vagrant/jdk/lib/compressedrefs:/vagrant/jdk/lib" />
    <vmarg name="-Djava.library.path=/vagrant/jdk/lib/compressedrefs:/vagrant/jdk/lib:/usr/lib64:/usr/lib" />
    <vmarg name="-Djava.home=/vagrant/jdk" />
    <vmarg name="-Duser.dir=/vagrant" />
    <vmarg name="-Xgcpolicy:optavgpause" />
    <vmarg name="-Xgcelastic" />
    <vmarg name="-Xcheck:gc:::elasticGC" />
    <vmarg name="-verbose:gc" />
    <vmarg name="-Xloggc:jdkB-small-OAP-8core-verbose14pmd.txt" />
    <vmarg name="-Djava.class.path=dacapo-9.12-MR1-bach.jar" />
    <vmarg name="-Dsun.java.command=dacapo-9.12-MR1-bach.jar pmd --size=small" />
    <vmarg name="-Dsun.java.launcher=SUN_STANDARD" />
    <vmarg name="-Dsun.java.launcher.pid=16425" />
  </vmargs>
</initialized>

<exclusive-start id="2" timestamp="2019-08-02T20:11:44.144" intervalms="818.355">
  <response-info timems="0.018" idlems="0.018" threads="0" lastid="0000000000E47A00" lastname="main" />
</exclusive-start>
<sys-start reason="explicit" id="3" timestamp="2019-08-02T20:11:44.144" intervalms="818.637" />
<cycle-start id="4" type="global" contextid="0" timestamp="2019-08-02T20:11:44.145" intervalms="819.004" />
<gc-start id="5" type="global" contextid="4" timestamp="2019-08-02T20:11:44.145">
  <mem-info id="6" free="1481176" total="8388608" percent="17">
    <mem type="tenure" free="1481176" total="8388608" percent="17">
      <mem type="soa" free="1062360" total="7969792" percent="13" />
      <mem type="loa" free="418816" total="418816" percent="100" />
    </mem>
  </mem-info>
</gc-start>
<allocation-stats totalBytes="6898536" >
  <allocated-bytes non-tlh="460328" tlh="6438208" />
  <largest-consumer threadName="main" threadId="0000000000E47A00" bytes="6805392" />
</allocation-stats>
<gc-op id="7" type="mark" timems="1.856" contextid="4" timestamp="2019-08-02T20:11:44.147">
  <trace-info objectcount="20002" scancount="16576" scanbytes="533828" />
  <finalization candidates="46" enqueued="1" />
  <ownableSynchronizers candidates="4" cleared="3" />
  <references type="soft" candidates="66" cleared="0" enqueued="0" dynamicThreshold="32" maxThreshold="32" />
  <references type="weak" candidates="911" cleared="529" enqueued="452" />
  <references type="phantom" candidates="125" cleared="44" enqueued="44" />
  <stringconstants candidates="2485" cleared="0"  />
</gc-op>
<gc-op id="8" type="classunload" timems="0.047" contextid="4" timestamp="2019-08-02T20:11:44.147">
  <classunload-info classloadercandidates="6" classloadersunloaded="0" classesunloaded="0" anonymousclassesunloaded="0" quiescems="0.000" setupms="0.047" scanms="0.000" postms="0.000" />
</gc-op>
<gc-op id="9" type="sweep" timems="0.581" contextid="4" timestamp="2019-08-02T20:11:44.148" />
<gc-end id="10" type="global" contextid="4" durationms="3.647" usertimems="0.000" systemtimems="4.000" timestamp="2019-08-02T20:11:44.148" activeThreads="8">
  <mem-info id="11" free="6774184" total="8388608" percent="80">
    <mem type="tenure" free="6774184" total="8388608" percent="80" micro-fragmented="270007">
      <mem type="soa" free="6355368" total="7969792" percent="79" />
      <mem type="loa" free="418816" total="418816" percent="100" />
    </mem>
    <pending-finalizers system="1" default="0" reference="496" classloader="0" />
  </mem-info>
</gc-end>
<cycle-end id="12" type="global" contextid="4" timestamp="2019-08-02T20:11:44.148" />
  <attribute name="elasticGC enabled" value="1" />
  <attribute name= "numThreadsSpecified" value="0" />
  <attribute name="heapSize specified" value="0" />
  <attribute name= "numCores" value="8" />
  <attribute name ="GC Interval" value="0" />
  <attribute name ="Control flow" value="2" />
  <attribute name="GC Util Range Max" value="92" />
  <attribute name="Current GC Util" value="27" />
  <attribute name= "Current Time Running" value="2" />
<sys-end id="13" timestamp="2019-08-02T20:11:44.148" />
<exclusive-end id="14" timestamp="2019-08-02T20:11:44.149" durationms="4.651" />

<exclusive-start id="15" timestamp="2019-08-02T20:11:44.369" intervalms="224.740">
  <response-info timems="0.063" idlems="0.063" threads="0" lastid="0000000000E47A00" lastname="main" />
</exclusive-start>
<af-start id="16" threadId="0000000000E48388" totalBytesRequested="88" timestamp="2019-08-02T20:11:44.369" intervalms="1043.261" />
<cycle-start id="17" type="global" contextid="0" timestamp="2019-08-02T20:11:44.369" intervalms="224.397" />
<gc-start id="18" type="global" contextid="17" timestamp="2019-08-02T20:11:44.369">
  <mem-info id="19" free="418816" total="8388608" percent="4">
    <mem type="tenure" free="418816" total="8388608" percent="4">
      <mem type="soa" free="0" total="7969792" percent="0" />
      <mem type="loa" free="418816" total="418816" percent="100" />
    </mem>
  </mem-info>
</gc-start>
<allocation-stats totalBytes="6289800" >
  <allocated-bytes non-tlh="741352" tlh="5548448" />
  <largest-consumer threadName="main" threadId="0000000000E47A00" bytes="6279656" />
</allocation-stats>
<gc-op id="20" type="mark" timems="1.073" contextid="17" timestamp="2019-08-02T20:11:44.370">
  <trace-info objectcount="23777" scancount="19210" scanbytes="629932" />
  <finalization candidates="50" enqueued="0" />
  <ownableSynchronizers candidates="1" cleared="0" />
  <references type="soft" candidates="69" cleared="0" enqueued="0" dynamicThreshold="25" maxThreshold="32" />
  <references type="weak" candidates="550" cleared="85" enqueued="80" />
  <references type="phantom" candidates="88" cleared="5" enqueued="5" />
  <stringconstants candidates="3393" cleared="4"  />
</gc-op>
<gc-op id="21" type="sweep" timems="0.199" contextid="17" timestamp="2019-08-02T20:11:44.371" />
<gc-end id="22" type="global" contextid="17" durationms="2.170" usertimems="4.000" systemtimems="0.000" timestamp="2019-08-02T20:11:44.371" activeThreads="8">
  <mem-info id="23" free="6348832" total="8388608" percent="75">
    <mem type="tenure" free="6348832" total="8388608" percent="75" micro-fragmented="316427">
      <mem type="soa" free="6076600" total="7969792" percent="76" />
      <mem type="loa" free="272232" total="418816" percent="65" />
    </mem>
    <pending-finalizers system="0" default="0" reference="85" classloader="0" />
  </mem-info>
</gc-end>
<cycle-end id="24" type="global" contextid="17" timestamp="2019-08-02T20:11:44.371" />
  <attribute name="elasticGC enabled" value="1" />
  <attribute name= "numThreadsSpecified" value="0" />
  <attribute name="heapSize specified" value="0" />
  <attribute name= "numCores" value="8" />
  <attribute name ="GC Interval" value="0" />
  <attribute name ="Control flow" value="2" />
  <attribute name="GC Util Range Max" value="92" />
  <attribute name="Current GC Util" value="23" />
  <attribute name= "Current Time Running" value="225" />
<allocation-satisfied id="25" threadId="0000000000E47A00" bytesRequested="88" />
<af-end id="26" timestamp="2019-08-02T20:11:44.372" threadId="0000000000E48388" success="true" />
<exclusive-end id="27" timestamp="2019-08-02T20:11:44.372" durationms="3.222" />

<concurrent-kickoff id="28" timestamp="2019-08-02T20:11:44.558">
  <kickoff reason="threshold reached" targetBytes="2489738" thresholdFreeBytes="343258" remainingFree="317736" tenureFreeBytes="317736" />
</concurrent-kickoff>
<exclusive-start id="29" timestamp="2019-08-02T20:11:44.558" intervalms="189.677">
  <response-info timems="0.031" idlems="0.031" threads="0" lastid="0000000000E47A00" lastname="main" />
</exclusive-start>
<cycle-start id="30" type="global" contextid="0" timestamp="2019-08-02T20:11:44.558" intervalms="189.426" />
<exclusive-end id="31" timestamp="2019-08-02T20:11:44.558" durationms="0.104" />

<exclusive-start id="32" timestamp="2019-08-02T20:11:44.570" intervalms="11.700">
  <response-info timems="0.045" idlems="0.045" threads="0" lastid="0000000000E47A00" lastname="main" />
</exclusive-start>
<af-start id="33" threadId="0000000000E48388" totalBytesRequested="88" timestamp="2019-08-02T20:11:44.570" intervalms="201.323" />
<gc-start id="34" type="global" contextid="30" timestamp="2019-08-02T20:11:44.570">
  <mem-info id="35" free="271416" total="8388608" percent="3">
    <mem type="tenure" free="271416" total="8388608" percent="3">
      <mem type="soa" free="0" total="7969792" percent="0" />
      <mem type="loa" free="271416" total="418816" percent="64" />
    </mem>
  </mem-info>
</gc-start>
<allocation-stats totalBytes="6139928" >
  <allocated-bytes non-tlh="1158976" tlh="4980952" />
  <largest-consumer threadName="main" threadId="0000000000E47A00" bytes="790104" />
</allocation-stats>
<concurrent-halted id="36" timestamp="2019-08-02T20:11:44.570">
  <halted state="Complete" status="trace only" />
  <traced bytesTarget="2489738" bytesTotal="544832" bytesByMutator="6176" bytesByHelper="538656" percent="21" />
  <cards cleaned="0" thresholdBytes="135222" />
</concurrent-halted>
<gc-op id="37" type="card-cleaning" timems="0.375" contextid="30" timestamp="2019-08-02T20:11:44.571">
  <card-cleaning cardsCleaned="46" bytesTraced="27424" workStackOverflowCount="0" />
</gc-op>
<gc-op id="38" type="mark" timems="1.189" contextid="30" timestamp="2019-08-02T20:11:44.572">
  <trace-info objectcount="11601" scancount="8975" scanbytes="269752" />
  <finalization candidates="54" enqueued="0" />
  <ownableSynchronizers candidates="5" cleared="4" />
  <references type="soft" candidates="198" cleared="0" enqueued="0" dynamicThreshold="24" maxThreshold="32" />
  <references type="weak" candidates="938" cleared="259" enqueued="184" />
  <references type="phantom" candidates="90" cleared="6" enqueued="6" />
  <stringconstants candidates="4948" cleared="4"  />
</gc-op>
<gc-op id="39" type="classunload" timems="0.002" contextid="30" timestamp="2019-08-02T20:11:44.572">
  <classunload-info classloadercandidates="8" classloadersunloaded="0" classesunloaded="0" anonymousclassesunloaded="0" quiescems="0.000" setupms="0.002" scanms="0.000" postms="0.000" />
</gc-op>
<gc-op id="40" type="sweep" timems="0.227" contextid="30" timestamp="2019-08-02T20:11:44.572" />
<gc-end id="41" type="global" contextid="30" durationms="2.668" usertimems="4.000" systemtimems="0.000" timestamp="2019-08-02T20:11:44.573" activeThreads="8">
  <mem-info id="42" free="5989616" total="8388608" percent="71">
    <mem type="tenure" free="5989616" total="8388608" percent="71" micro-fragmented="358770">
      <mem type="soa" free="5644088" total="7969792" percent="70" />
      <mem type="loa" free="345528" total="418816" percent="82" />
    </mem>
    <pending-finalizers system="0" default="0" reference="190" classloader="0" />
  </mem-info>
</gc-end>
<cycle-end id="43" type="global" contextid="30" timestamp="2019-08-02T20:11:44.573" />
  <attribute name="elasticGC enabled" value="1" />
  <attribute name= "numThreadsSpecified" value="0" />
  <attribute name="heapSize specified" value="0" />
  <attribute name= "numCores" value="8" />
  <attribute name ="GC Interval" value="0" />
  <attribute name ="Control flow" value="2" />
  <attribute name="GC Util Range Max" value="92" />
  <attribute name="Current GC Util" value="19" />
  <attribute name= "Current Time Running" value="427" />
<allocation-satisfied id="44" threadId="0000000000E47A00" bytesRequested="88" />
<af-end id="45" timestamp="2019-08-02T20:11:44.573" threadId="0000000000E48388" success="true" />
<exclusive-end id="46" timestamp="2019-08-02T20:11:44.573" durationms="3.376" />

</verbosegc>

