<?xml version="1.0" ?>

<verbosegc xmlns="http://www.ibm.com/j9/verbosegc" version="10b4217_CMPRSS">

<initialized id="1" timestamp="2019-06-16T02:03:21.674">
  <attribute name="gcPolicy" value="-Xgcpolicy:balanced" />
  <attribute name="elasticGC enabled" value="1" />
  <attribute name= "numThreadsSpecified" value="0" />
  <attribute name="heapSize specified" value="0" />
  <attribute name="Current GC Util" value="0" />
  <attribute name= "Current Time Running" value="0" />
  <attribute name ="GC Interval" value="0" />
  <attribute name="ProportionalT" value="0.000000" />
  <attribute name="ProportionalI" value="0.000000" />
  <attribute name="ProportionalH" value="0.000000" />
  <attribute name="IntegralT" value="0.000000" />
  <attribute name="IntegralI" value="0.000000" />
  <attribute name="IntegralH" value="0.000000" />
  <attribute name="DerivativeT" value="0.000000" />
  <attribute name="DerivativeI" value="0.000000" />
  <attribute name="DerivativeH" value="0.000000" />
  <attribute name="Target GC Util Change" value ="0.000000" />
  <attribute name="Current GC Util Change" value="0.000000"/>
  <attribute name="Current Error" value="0.000000" />
  <attribute name="Loop Time for DT" value="0.000000" />
  <attribute name="Output H" value="0"/>
  <attribute name="Output I" value="0"/>
  <attribute name="Output T" value="0"/>
  <attribute name="GC Util currently" value="0" />
  <attribute name="CPU Util currently" value="0" />
  <attribute name="maxHeapSize" value="0x7cb00000" />
  <attribute name="initialHeapSize" value="0x800000" />
  <attribute name="compressedRefs" value="true" />
  <attribute name="compressedRefsDisplacement" value="0x0" />
  <attribute name="compressedRefsShift" value="0x0" />
  <attribute name="pageSize" value="0x1000" />
  <attribute name="pageType" value="not used" />
  <attribute name="requestedPageSize" value="0x1000" />
  <attribute name="requestedPageType" value="not used" />
  <attribute name="gcthreads" value="4" />
  <attribute name="packetListSplit" value="4" />
  <attribute name="cacheListSplit" value="4" />
  <attribute name="splitFreeListSplitAmount" value="1" />
  <attribute name="numaNodes" value="0" />
  <region>
    <attribute name="regionSize" value="1048576" />
    <attribute name="regionCount" value="1995" />
    <attribute name="arrayletLeafSize" value="1048576" />
  </region>
  <system>
    <attribute name="physicalMemory" value="8370958336" />
    <attribute name="numCPUs" value="4" />
    <attribute name="architecture" value="amd64" />
    <attribute name="os" value="Linux" />
    <attribute name="osVersion" value="4.4.0-150-generic" />
  </system>
  <vmargs>
    <vmarg name="-Xoptionsfile=/vagrant/jdk/lib/options.default" />
    <vmarg name="-Xlockword:mode=default,noLockword=java/lang/String,noLockword=java/util/MapEntry,noLockword=java/util/HashMap$Entry,noLockword..." />
    <vmarg name="-Xjcl:jclse29" />
    <vmarg name="-Dcom.ibm.oti.vm.bootstrap.library.path=/vagrant/jdk/lib/compressedrefs:/vagrant/jdk/lib" />
    <vmarg name="-Dsun.boot.library.path=/vagrant/jdk/lib/compressedrefs:/vagrant/jdk/lib" />
    <vmarg name="-Djava.library.path=/vagrant/jdk/lib/compressedrefs:/vagrant/jdk/lib:/usr/lib64:/usr/lib" />
    <vmarg name="-Djava.home=/vagrant/jdk" />
    <vmarg name="-Duser.dir=/vagrant" />
    <vmarg name="-Xgcpolicy:balanced" />
    <vmarg name="-Xgcelastic" />
    <vmarg name="-Xcheck:gc:::elasticGC" />
    <vmarg name="-verbose:gc" />
    <vmarg name="-Xloggc:jdk1.5-1-1-default-BAL-4CORE-elasticverbose4xalan.txt" />
    <vmarg name="-Djava.class.path=dacapo-9.12-MR1-bach.jar" />
    <vmarg name="-Dsun.java.command=dacapo-9.12-MR1-bach.jar xalan --size=default" />
    <vmarg name="-Dsun.java.launcher=SUN_STANDARD" />
    <vmarg name="-Dsun.java.launcher.pid=23032" />
  </vmargs>
</initialized>

<exclusive-start id="2" timestamp="2019-06-16T02:03:23.066" intervalms="1392.083">
  <response-info timems="0.024" idlems="0.024" threads="0" lastid="00000000021CB700" lastname="main" />
</exclusive-start>
<allocation-taxation id="3" taxation-threshold="8388608" timestamp="2019-06-16T02:03:23.066" intervalms="1392.313" />
<cycle-start id="4" type="partial gc" contextid="0" timestamp="2019-06-16T02:03:23.066" intervalms="1392.729" />
<gc-start id="5" type="partial gc" contextid="4" timestamp="2019-06-16T02:03:23.067">
  <mem-info id="6" free="0" total="8388608" percent="0">
    <mem type="eden" free="80" total="8388608" percent="0" />
    <remembered-set count="0" freebytes="334848" totalbytes="334848" percent="100" regionsoverflowed="0" regionsstable="0" regionsrebuilding="0"/>
  </mem-info>
</gc-start>
<allocation-stats totalBytes="8376336" >
  <allocated-bytes non-tlh="706664" tlh="7669672" arrayletleaf="0"/>
  <largest-consumer threadName="main" threadId="00000000021CB700" bytes="8301080" />
</allocation-stats>
<gc-op id="7" type="mark" timems="2.643" contextid="4" timestamp="2019-06-16T02:03:23.070">
  <trace-info objectcount="21834" scancount="17124" scanbytes="570176" />
  <remembered-set-cleared processed="0" cleared="0" durationms="0.170" />
  <finalization candidates="15" enqueued="1" />
  <references type="soft" candidates="74" cleared="0" enqueued="0" dynamicThreshold="32" maxThreshold="32" />
  <references type="weak" candidates="580" cleared="437" enqueued="398" />
  <references type="phantom" candidates="127" cleared="44" enqueued="44" />
  <stringconstants candidates="2981" cleared="0"  />
  <warning details="Mark for calibration purposes" />
</gc-op>
<gc-op id="8" type="classunload" timems="0.050" contextid="4" timestamp="2019-06-16T02:03:23.070">
  <classunload-info classloadercandidates="6" classloadersunloaded="0" classesunloaded="0" anonymousclassesunloaded="0" quiescems="0.000" setupms="0.050" scanms="0.000" postms="0.000" />
</gc-op>
<gc-op id="9" type="sweep" timems="0.477" contextid="4" timestamp="2019-06-16T02:03:23.071" />
<gc-op id="10" type="compact" timems="4.008" contextid="4" timestamp="2019-06-16T02:03:23.075">
  <compact-info movecount="21800" movebytes="1517184" />
  <remembered-set-cleared processed="0" cleared="0" durationms="0.170" />
</gc-op>
<gc-end id="11" type="partial gc" contextid="4" durationms="9.446" usertimems="12.000" systemtimems="0.000" timestamp="2019-06-16T02:03:23.076" activeThreads="4">
  <mem-info id="12" free="6291456" total="8388608" percent="75">
    <mem type="eden" free="577896" total="2097152" percent="27" />
    <pending-finalizers system="1" default="0" reference="442" classloader="0" />
    <remembered-set count="2560" freebytes="324608" totalbytes="334848" percent="96" regionsoverflowed="0" regionsstable="0" regionsrebuilding="0"/>
  </mem-info>
</gc-end>
<cycle-end id="13" type="partial gc" contextid="4" timestamp="2019-06-16T02:03:23.076" />
  <attribute name="elasticGC enabled" value="1" />
  <attribute name= "numThreadsSpecified" value="4" />
  <attribute name="heapSize specified" value="0" />
  <attribute name="Current GC Util" value="39" />
  <attribute name= "Current Time Running" value="1241" />
  <attribute name ="GC Interval" value="0" />
  <attribute name="ProportionalT" value="28.500000" />
  <attribute name="ProportionalI" value="28.500000" />
  <attribute name="ProportionalH" value="28.500000" />
  <attribute name="Current Error" value="19.000000" />
  <attribute name="IntegralT" value="-24365.000000" />
  <attribute name="IntegralI" value="-24365.000000" />
  <attribute name="IntegralH" value="-24365.000000" />
  <attribute name="DerivativeT" value="-62.000000" />
  <attribute name="DerivativeI" value="-62.000000" />
  <attribute name="DerivativeH" value="-62.000000" />
  <attribute name="Loop Time for DT" value="1.000000" />
  <attribute name="Output H" value="2091843584"/>
  <attribute name="Output I" value="200"/>
  <attribute name="Output T" value="4"/>
  <attribute name="Target GC Util Change" value ="20.000000" />
  <attribute name="Current GC Util Change" value="39.000000"/>
  <attribute name="GC Util currently" value="39" />
  <attribute name="CPU Util currently" value="5550684155559" />
<exclusive-end id="14" timestamp="2019-06-16T02:03:23.076" durationms="10.742" />

<exclusive-start id="15" timestamp="2019-06-16T02:03:23.280" intervalms="214.445">
  <response-info timems="0.083" idlems="0.083" threads="0" lastid="00000000021CB700" lastname="main" />
</exclusive-start>
<sys-start reason="explicit" id="16" timestamp="2019-06-16T02:03:23.280" intervalms="1606.828" />
<cycle-start id="17" type="global garbage collect" contextid="0" timestamp="2019-06-16T02:03:23.285" intervalms="1611.339" />
<gc-start id="18" type="global garbage collect" contextid="17" timestamp="2019-06-16T02:03:23.285">
  <mem-info id="19" free="643512" total="8388608" percent="7">
    <mem type="eden" free="643512" total="6291456" percent="10" />
    <remembered-set count="2304" freebytes="325632" totalbytes="334848" percent="97" regionsoverflowed="0" regionsstable="0" regionsrebuilding="0"/>
  </mem-info>
</gc-start>
<allocation-stats totalBytes="5609560" >
  <allocated-bytes non-tlh="192896" tlh="5416664" arrayletleaf="0"/>
  <largest-consumer threadName="main" threadId="00000000021CB700" bytes="5585248" />
</allocation-stats>
<gc-op id="20" type="global mark" timems="3.034" contextid="17" timestamp="2019-06-16T02:03:23.295">
  <trace-info objectcount="29688" scancount="23259" scanbytes="871696" />
  <finalization candidates="15" enqueued="0" />
  <references type="soft" candidates="133" cleared="0" enqueued="0" dynamicThreshold="24" maxThreshold="32" />
  <references type="weak" candidates="174" cleared="28" enqueued="28" />
  <references type="phantom" candidates="85" cleared="2" enqueued="2" />
  <stringconstants candidates="3535" cleared="22"  />
</gc-op>
<gc-op id="21" type="classunload" timems="0.002" contextid="17" timestamp="2019-06-16T02:03:23.295">
  <classunload-info classloadercandidates="19" classloadersunloaded="0" classesunloaded="0" anonymousclassesunloaded="0" quiescems="0.000" setupms="0.002" scanms="0.000" postms="0.000" />
</gc-op>
<gc-op id="22" type="sweep" timems="0.363" contextid="17" timestamp="2019-06-16T02:03:23.296" />
<gc-op id="23" type="compact" timems="3.226" contextid="17" timestamp="2019-06-16T02:03:23.299">
  <compact-info movecount="23298" movebytes="1724736" />
  <remembered-set-cleared processed="8777" cleared="8777" durationms="0.078" />
</gc-op>
<gc-end id="24" type="global garbage collect" contextid="17" durationms="14.344" usertimems="8.000" systemtimems="4.000" timestamp="2019-06-16T02:03:23.300" activeThreads="4">
  <mem-info id="25" free="5242880" total="8388608" percent="62">
    <pending-finalizers system="0" default="0" reference="30" classloader="0" />
    <remembered-set count="3072" freebytes="322560" totalbytes="334848" percent="96" regionsoverflowed="0" regionsstable="0" regionsrebuilding="0"/>
  </mem-info>
</gc-end>
<cycle-end id="26" type="global garbage collect" contextid="17" timestamp="2019-06-16T02:03:23.300" />
  <attribute name="elasticGC enabled" value="1" />
  <attribute name= "numThreadsSpecified" value="4" />
  <attribute name="heapSize specified" value="0" />
  <attribute name="Current GC Util" value="25" />
  <attribute name= "Current Time Running" value="1465" />
  <attribute name ="GC Interval" value="0" />
  <attribute name="ProportionalT" value="7.500000" />
  <attribute name="ProportionalI" value="7.500000" />
  <attribute name="ProportionalH" value="7.500000" />
  <attribute name="Current Error" value="5.000000" />
  <attribute name="IntegralT" value="0.000000" />
  <attribute name="IntegralI" value="0.000000" />
  <attribute name="IntegralH" value="0.000000" />
  <attribute name="DerivativeT" value="-inf" />
  <attribute name="DerivativeI" value="-inf" />
  <attribute name="DerivativeH" value="-inf" />
  <attribute name="Loop Time for DT" value="0.000000" />
  <attribute name="Output H" value="2091843584"/>
  <attribute name="Output I" value="200"/>
  <attribute name="Output T" value="4"/>
  <attribute name="Target GC Util Change" value ="20.000000" />
  <attribute name="Current GC Util Change" value="25.000000"/>
  <attribute name="GC Util currently" value="25" />
  <attribute name="CPU Util currently" value="7243823431646" />
<sys-end id="27" timestamp="2019-06-16T02:03:23.300" />
<exclusive-end id="28" timestamp="2019-06-16T02:03:23.300" durationms="20.000" />

<exclusive-start id="29" timestamp="2019-06-16T02:03:23.506" intervalms="226.084">
  <response-info timems="0.055" idlems="0.036" threads="1" lastid="0000000002507D00" lastname="Thread-6" />
</exclusive-start>
<allocation-taxation id="30" taxation-threshold="5242880" timestamp="2019-06-16T02:03:23.506" intervalms="440.414" />
<cycle-start id="31" type="partial gc" contextid="0" timestamp="2019-06-16T02:03:23.506" intervalms="440.104" />
<gc-start id="32" type="partial gc" contextid="31" timestamp="2019-06-16T02:03:23.507">
  <mem-info id="33" free="0" total="8388608" percent="0">
    <mem type="eden" free="0" total="5242880" percent="0" />
    <remembered-set count="3072" freebytes="322560" totalbytes="334848" percent="96" regionsoverflowed="0" regionsstable="0" regionsrebuilding="0"/>
  </mem-info>
</gc-start>
<allocation-stats totalBytes="5212584" >
  <allocated-bytes non-tlh="297624" tlh="4914960" arrayletleaf="0"/>
  <largest-consumer threadName="Thread-3" threadId="00000000024FC900" bytes="1496976" />
</allocation-stats>
<gc-op id="34" type="mark" timems="1.833" contextid="31" timestamp="2019-06-16T02:03:23.509">
  <trace-info objectcount="13176" scancount="10414" scanbytes="790216" />
  <cardclean-info objects="1144" bytes="50568" />
  <remembered-set-cleared processed="2311" cleared="166" durationms="0.069" />
  <finalization candidates="13" enqueued="3" />
  <references type="soft" candidates="31" cleared="0" enqueued="0" dynamicThreshold="20" maxThreshold="32" />
  <references type="weak" candidates="153" cleared="31" enqueued="30" />
  <references type="phantom" candidates="16" cleared="0" enqueued="0" />
  <stringconstants candidates="3939" cleared="0"  />
  <warning details="Mark invoked due to insufficient free space for Copy-Forward" />
</gc-op>
<gc-op id="35" type="classunload" timems="0.258" contextid="31" timestamp="2019-06-16T02:03:23.509">
  <classunload-info classloadercandidates="19" classloadersunloaded="0" classesunloaded="4" anonymousclassesunloaded="4" quiescems="0.000" setupms="0.251" scanms="0.004" postms="0.003" />
</gc-op>
<gc-op id="36" type="sweep" timems="0.439" contextid="31" timestamp="2019-06-16T02:03:23.510" />
<gc-op id="37" type="compact" timems="2.078" contextid="31" timestamp="2019-06-16T02:03:23.512">
  <compact-info movecount="13176" movebytes="1356192" />
  <remembered-set-cleared processed="6046" cleared="1722" durationms="0.069" />
</gc-op>
<heap-resize id="38" type="expand" space="default" amount="1048576" count="1" timems="0.057" reason="insufficient free space following gc" timestamp="2019-06-16T02:03:23.513" />
<gc-end id="39" type="partial gc" contextid="31" durationms="6.156" usertimems="4.000" systemtimems="4.000" timestamp="2019-06-16T02:03:23.513" activeThreads="4">
  <mem-info id="40" free="4194304" total="9437184" percent="44">
    <mem type="eden" free="740848" total="2097152" percent="35" />
    <pending-finalizers system="3" default="0" reference="30" classloader="0" />
    <remembered-set count="4352" freebytes="359296" totalbytes="376704" percent="95" regionsoverflowed="0" regionsstable="0" regionsrebuilding="0"/>
  </mem-info>
</gc-end>
<cycle-end id="41" type="partial gc" contextid="31" timestamp="2019-06-16T02:03:23.513" />
  <attribute name="elasticGC enabled" value="1" />
  <attribute name= "numThreadsSpecified" value="4" />
  <attribute name="heapSize specified" value="0" />
  <attribute name="Current GC Util" value="21" />
  <attribute name= "Current Time Running" value="1680" />
  <attribute name ="GC Interval" value="0" />
  <attribute name="ProportionalT" value="1.500000" />
  <attribute name="ProportionalI" value="1.500000" />
  <attribute name="ProportionalH" value="1.500000" />
  <attribute name="Current Error" value="1.000000" />
  <attribute name="IntegralT" value="1.000000" />
  <attribute name="IntegralI" value="1.000000" />
  <attribute name="IntegralH" value="1.000000" />
  <attribute name="DerivativeT" value="1.000000" />
  <attribute name="DerivativeI" value="1.000000" />
  <attribute name="DerivativeH" value="1.000000" />
  <attribute name="Loop Time for DT" value="1.000000" />
  <attribute name="Output H" value="8388608"/>
  <attribute name="Output I" value="200"/>
  <attribute name="Output T" value="4"/>
  <attribute name="Target GC Util Change" value ="20.000000" />
  <attribute name="Current GC Util Change" value="21.000000"/>
  <attribute name="GC Util currently" value="21" />
  <attribute name="CPU Util currently" value="6739235804504" />
<exclusive-end id="42" timestamp="2019-06-16T02:03:23.513" durationms="6.998" />

<exclusive-start id="43" timestamp="2019-06-16T02:03:23.581" intervalms="74.569">
  <response-info timems="0.029" idlems="0.029" threads="0" lastid="00000000024FC900" lastname="Thread-3" />
</exclusive-start>
<allocation-taxation id="44" taxation-threshold="2097152" timestamp="2019-06-16T02:03:23.581" intervalms="74.532" />
<cycle-start id="45" type="global mark phase" contextid="0" timestamp="2019-06-16T02:03:23.581" intervalms="1907.330" />
<gc-start id="46" type="global mark phase" contextid="45" timestamp="2019-06-16T02:03:23.581">
  <mem-info id="47" free="2097152" total="9437184" percent="22">
    <remembered-set count="4352" freebytes="359296" totalbytes="376704" percent="95" regionsoverflowed="0" regionsstable="0" regionsrebuilding="0"/>
  </mem-info>
</gc-start>
<gc-op id="48" type="mark increment" timems="0.519" contextid="45" timestamp="2019-06-16T02:03:23.581">
  <trace-info objectcount="209" scancount="0" scanbytes="0" />
</gc-op>
<gc-end id="49" type="global mark phase" contextid="45" durationms="0.630" usertimems="0.000" systemtimems="0.000" timestamp="2019-06-16T02:03:23.582" activeThreads="4">
  <mem-info id="50" free="2097152" total="9437184" percent="22">
    <remembered-set count="4352" freebytes="359296" totalbytes="376704" percent="95" regionsoverflowed="0" regionsstable="0" regionsrebuilding="0"/>
  </mem-info>
</gc-end>
<concurrent-start id="51" type="GMP work packet processing" contextid="45" timestamp="2019-06-16T02:03:23.582">
  <concurrent-mark-start scanTarget="18446744073709551615" />
</concurrent-start>
<concurrent-end id="52" type="GMP work packet processing" contextid="45" timestamp="2019-06-16T02:03:23.584">
  <concurrent-mark-end bytesScanned="1553200" reasonForTermination="Completed all work in GC phase" />
</concurrent-end>

<exclusive-end id="53" timestamp="2019-06-16T02:03:23.584" durationms="3.685" />

<exclusive-start id="54" timestamp="2019-06-16T02:03:23.623" intervalms="42.091">
  <response-info timems="0.192" idlems="0.106" threads="1" lastid="0000000002500500" lastname="Thread-4" />
</exclusive-start>
<allocation-taxation id="55" taxation-threshold="2097152" timestamp="2019-06-16T02:03:23.623" intervalms="42.086" />
<cycle-start id="56" type="partial gc" contextid="0" timestamp="2019-06-16T02:03:23.623" intervalms="116.579" />
<gc-start id="57" type="partial gc" contextid="56" timestamp="2019-06-16T02:03:23.623">
  <mem-info id="58" free="0" total="9437184" percent="0">
    <mem type="eden" free="0" total="4194304" percent="0" />
    <remembered-set count="4352" freebytes="359296" totalbytes="376704" percent="95" regionsoverflowed="0" regionsstable="0" regionsrebuilding="0"/>
  </mem-info>
</gc-start>
<allocation-stats totalBytes="4151192" >
  <allocated-bytes non-tlh="1264" tlh="4149928" arrayletleaf="0"/>
  <largest-consumer threadName="Thread-3" threadId="00000000024FC900" bytes="1131288" />
</allocation-stats>
<gc-op id="59" type="mark" timems="1.671" contextid="56" timestamp="2019-06-16T02:03:23.625">
  <trace-info objectcount="12186" scancount="9713" scanbytes="795480" />
  <cardclean-info objects="1060" bytes="57744" />
  <remembered-set-cleared processed="3044" cleared="982" durationms="0.068" />
  <finalization candidates="10" enqueued="0" />
  <references type="soft" candidates="31" cleared="0" enqueued="0" dynamicThreshold="7" maxThreshold="32" />
  <references type="weak" candidates="123" cleared="1" enqueued="1" />
  <references type="phantom" candidates="16" cleared="0" enqueued="0" />
  <stringconstants candidates="3959" cleared="0"  />
  <warning details="Mark invoked due to insufficient free space for Copy-Forward" />
</gc-op>
<gc-op id="60" type="classunload" timems="0.002" contextid="56" timestamp="2019-06-16T02:03:23.625">
  <classunload-info classloadercandidates="20" classloadersunloaded="0" classesunloaded="0" anonymousclassesunloaded="0" quiescems="0.000" setupms="0.002" scanms="0.000" postms="0.000" />
</gc-op>
<gc-op id="61" type="sweep" timems="0.488" contextid="56" timestamp="2019-06-16T02:03:23.626" />
<gc-op id="62" type="compact" timems="2.091" contextid="56" timestamp="2019-06-16T02:03:23.628">
  <compact-info movecount="12186" movebytes="1458480" />
  <remembered-set-cleared processed="6875" cleared="2747" durationms="0.068" />
</gc-op>
<gc-end id="63" type="partial gc" contextid="56" durationms="5.458" usertimems="4.000" systemtimems="0.000" timestamp="2019-06-16T02:03:23.629" activeThreads="4">
  <mem-info id="64" free="4194304" total="9437184" percent="44">
    <mem type="eden" free="38816" total="1048576" percent="3" />
    <pending-finalizers system="0" default="0" reference="1" classloader="0" />
    <remembered-set count="4800" freebytes="357504" totalbytes="376704" percent="94" regionsoverflowed="0" regionsstable="0" regionsrebuilding="0"/>
  </mem-info>
</gc-end>
<cycle-end id="65" type="partial gc" contextid="56" timestamp="2019-06-16T02:03:23.629" />
  <attribute name="elasticGC enabled" value="1" />
  <attribute name= "numThreadsSpecified" value="4" />
  <attribute name="heapSize specified" value="0" />
  <attribute name="Current GC Util" value="23" />
  <attribute name= "Current Time Running" value="1796" />
  <attribute name ="GC Interval" value="0" />
  <attribute name="ProportionalT" value="4.500000" />
  <attribute name="ProportionalI" value="4.500000" />
  <attribute name="ProportionalH" value="4.500000" />
  <attribute name="Current Error" value="3.000000" />
  <attribute name="IntegralT" value="3.000000" />
  <attribute name="IntegralI" value="3.000000" />
  <attribute name="IntegralH" value="3.000000" />
  <attribute name="DerivativeT" value="3.000000" />
  <attribute name="DerivativeI" value="3.000000" />
  <attribute name="DerivativeH" value="3.000000" />
  <attribute name="Loop Time for DT" value="1.000000" />
  <attribute name="Output H" value="8388608"/>
  <attribute name="Output I" value="200"/>
  <attribute name="Output T" value="4"/>
  <attribute name="Target GC Util Change" value ="20.000000" />
  <attribute name="Current GC Util Change" value="23.000000"/>
  <attribute name="GC Util currently" value="23" />
  <attribute name="CPU Util currently" value="6440461501617" />
<exclusive-end id="66" timestamp="2019-06-16T02:03:23.629" durationms="6.215" />

<exclusive-start id="67" timestamp="2019-06-16T02:03:23.679" intervalms="56.478">
  <response-info timems="0.156" idlems="0.086" threads="1" lastid="0000000002500500" lastname="Thread-4" />
</exclusive-start>
<allocation-taxation id="68" taxation-threshold="2097152" timestamp="2019-06-16T02:03:23.679" intervalms="56.472" />
<gc-start id="69" type="global mark phase" contextid="45" timestamp="2019-06-16T02:03:23.679">
  <mem-info id="70" free="2097152" total="9437184" percent="22">
    <remembered-set count="4384" freebytes="359168" totalbytes="376704" percent="95" regionsoverflowed="0" regionsstable="0" regionsrebuilding="0"/>
  </mem-info>
</gc-start>
<gc-op id="71" type="mark increment" timems="2.068" contextid="45" timestamp="2019-06-16T02:03:23.682">
  <trace-info objectcount="12276" scancount="9769" scanbytes="799576" />
  <cardclean-info objects="1663" bytes="79572" />
  <finalization candidates="25" enqueued="0" />
  <references type="soft" candidates="164" cleared="0" enqueued="0" dynamicThreshold="14" maxThreshold="32" />
  <references type="weak" candidates="268" cleared="0" enqueued="0" />
  <references type="phantom" candidates="99" cleared="2" enqueued="2" />
  <stringconstants candidates="3961" cleared="0"  />
</gc-op>
<gc-op id="72" type="classunload" timems="0.003" contextid="45" timestamp="2019-06-16T02:03:23.682">
  <classunload-info classloadercandidates="20" classloadersunloaded="0" classesunloaded="0" anonymousclassesunloaded="0" quiescems="0.000" setupms="0.003" scanms="0.000" postms="0.000" />
</gc-op>
<gc-end id="73" type="global mark phase" contextid="45" durationms="2.399" usertimems="0.000" systemtimems="4.000" timestamp="2019-06-16T02:03:23.682" activeThreads="4">
  <mem-info id="74" free="2097152" total="9437184" percent="22">
    <pending-finalizers system="0" default="0" reference="2" classloader="0" />
    <remembered-set count="4384" freebytes="359168" totalbytes="376704" percent="95" regionsoverflowed="0" regionsstable="0" regionsrebuilding="0"/>
  </mem-info>
</gc-end>
<cycle-end id="75" type="global mark phase" contextid="45" timestamp="2019-06-16T02:03:23.682" />
  <attribute name="elasticGC enabled" value="1" />
  <attribute name= "numThreadsSpecified" value="4" />
  <attribute name="heapSize specified" value="0" />
  <attribute name="Current GC Util" value="0" />
  <attribute name= "Current Time Running" value="1850" />
  <attribute name ="GC Interval" value="0" />
  <attribute name="ProportionalT" value="-30.000000" />
  <attribute name="ProportionalI" value="-30.000000" />
  <attribute name="ProportionalH" value="-30.000000" />
  <attribute name="Current Error" value="-20.000000" />
  <attribute name="IntegralT" value="-20.000000" />
  <attribute name="IntegralI" value="-20.000000" />
  <attribute name="IntegralH" value="-20.000000" />
  <attribute name="DerivativeT" value="-82.000000" />
  <attribute name="DerivativeI" value="-82.000000" />
  <attribute name="DerivativeH" value="-82.000000" />
  <attribute name="Loop Time for DT" value="1.000000" />
  <attribute name="Output H" value="2091843584"/>
  <attribute name="Output I" value="200"/>
  <attribute name="Output T" value="4"/>
  <attribute name="Target GC Util Change" value ="20.000000" />
  <attribute name="Current GC Util Change" value="0.000000"/>
  <attribute name="GC Util currently" value="0" />
  <attribute name="CPU Util currently" value="5445469004181" />
<exclusive-end id="76" timestamp="2019-06-16T02:03:23.682" durationms="2.890" />

<exclusive-start id="77" timestamp="2019-06-16T02:03:23.716" intervalms="36.457">
  <response-info timems="0.035" idlems="0.035" threads="0" lastid="00000000024FC900" lastname="Thread-3" />
</exclusive-start>
<allocation-taxation id="78" taxation-threshold="2097152" timestamp="2019-06-16T02:03:23.716" intervalms="36.470" />
<cycle-start id="79" type="partial gc" contextid="0" timestamp="2019-06-16T02:03:23.716" intervalms="92.946" />
<gc-start id="80" type="partial gc" contextid="79" timestamp="2019-06-16T02:03:23.716">
  <mem-info id="81" free="0" total="9437184" percent="0">
    <mem type="eden" free="0" total="4194304" percent="0" />
    <remembered-set count="4384" freebytes="359168" totalbytes="376704" percent="95" regionsoverflowed="0" regionsstable="0" regionsrebuilding="0"/>
  </mem-info>
</gc-start>
<allocation-stats totalBytes="4125576" >
  <allocated-bytes non-tlh="360" tlh="4125216" arrayletleaf="0"/>
  <largest-consumer threadName="Thread-4" threadId="0000000002500500" bytes="862488" />
</allocation-stats>
<gc-op id="82" type="sweep" timems="0.404" contextid="79" timestamp="2019-06-16T02:03:23.717" />
<gc-op id="83" type="mark" timems="1.212" contextid="79" timestamp="2019-06-16T02:03:23.718">
  <trace-info objectcount="2192" scancount="1764" scanbytes="349104" />
  <cardclean-info objects="1256" bytes="58924" />
  <remembered-set-cleared processed="3365" cleared="797" durationms="0.065" />
  <references type="phantom" candidates="1" cleared="0" enqueued="0" />
  <stringconstants candidates="3963" cleared="0"  />
  <warning details="Mark invoked due to insufficient free space for Copy-Forward" />
</gc-op>
<gc-op id="84" type="classunload" timems="0.002" contextid="79" timestamp="2019-06-16T02:03:23.718">
  <classunload-info classloadercandidates="20" classloadersunloaded="0" classesunloaded="0" anonymousclassesunloaded="0" quiescems="0.000" setupms="0.002" scanms="0.000" postms="0.000" />
</gc-op>
<gc-op id="85" type="sweep" timems="0.331" contextid="79" timestamp="2019-06-16T02:03:23.719" />
<gc-op id="86" type="compact" timems="1.164" contextid="79" timestamp="2019-06-16T02:03:23.720">
  <compact-info movecount="2191" movebytes="735072" />
  <remembered-set-cleared processed="6805" cleared="1587" durationms="0.065" />
</gc-op>
<heap-resize id="87" type="expand" space="default" amount="3145728" count="1" timems="0.066" reason="insufficient free space following gc" timestamp="2019-06-16T02:03:23.720" />
<gc-end id="88" type="partial gc" contextid="79" durationms="4.558" usertimems="0.000" systemtimems="4.000" timestamp="2019-06-16T02:03:23.721" activeThreads="4">
  <mem-info id="89" free="6291456" total="12582912" percent="50">
    <mem type="eden" free="339872" total="1048576" percent="32" />
    <remembered-set count="4992" freebytes="482304" totalbytes="502272" percent="96" regionsoverflowed="0" regionsstable="0" regionsrebuilding="0"/>
  </mem-info>
</gc-end>
<cycle-end id="90" type="partial gc" contextid="79" timestamp="2019-06-16T02:03:23.721" />
  <attribute name="elasticGC enabled" value="1" />
  <attribute name= "numThreadsSpecified" value="4" />
  <attribute name="heapSize specified" value="0" />
  <attribute name="Current GC Util" value="21" />
  <attribute name= "Current Time Running" value="1888" />
  <attribute name ="GC Interval" value="0" />
  <attribute name="ProportionalT" value="1.500000" />
  <attribute name="ProportionalI" value="1.500000" />
  <attribute name="ProportionalH" value="1.500000" />
  <attribute name="Current Error" value="1.000000" />
  <attribute name="IntegralT" value="0.000000" />
  <attribute name="IntegralI" value="0.000000" />
  <attribute name="IntegralH" value="0.000000" />
  <attribute name="DerivativeT" value="-inf" />
  <attribute name="DerivativeI" value="-inf" />
  <attribute name="DerivativeH" value="-inf" />
  <attribute name="Loop Time for DT" value="0.000000" />
  <attribute name="Output H" value="2091843584"/>
  <attribute name="Output I" value="200"/>
  <attribute name="Output T" value="4"/>
  <attribute name="Target GC Util Change" value ="20.000000" />
  <attribute name="Current GC Util Change" value="21.000000"/>
  <attribute name="GC Util currently" value="21" />
  <attribute name="CPU Util currently" value="8455959854406" />
<exclusive-end id="91" timestamp="2019-06-16T02:03:23.721" durationms="5.241" />

<exclusive-start id="92" timestamp="2019-06-16T02:03:23.809" intervalms="93.303">
  <response-info timems="0.036" idlems="0.036" threads="0" lastid="0000000002500500" lastname="Thread-4" />
</exclusive-start>
<allocation-taxation id="93" taxation-threshold="6291456" timestamp="2019-06-16T02:03:23.809" intervalms="93.303" />
<cycle-start id="94" type="partial gc" contextid="0" timestamp="2019-06-16T02:03:23.809" intervalms="93.312" />
<gc-start id="95" type="partial gc" contextid="94" timestamp="2019-06-16T02:03:23.809">
  <mem-info id="96" free="0" total="12582912" percent="0">
    <mem type="eden" free="0" total="6291456" percent="0" />
    <remembered-set count="4640" freebytes="483712" totalbytes="502272" percent="96" regionsoverflowed="0" regionsstable="0" regionsrebuilding="0"/>
  </mem-info>
</gc-start>
<allocation-stats totalBytes="6286160" >
  <allocated-bytes non-tlh="65552" tlh="6220608" arrayletleaf="0"/>
  <largest-consumer threadName="Thread-5" threadId="0000000002504100" bytes="2005616" />
</allocation-stats>
<gc-op id="97" type="mark" timems="0.956" contextid="94" timestamp="2019-06-16T02:03:23.811">
  <trace-info objectcount="2892" scancount="2255" scanbytes="426760" />
  <cardclean-info objects="1124" bytes="55216" />
  <remembered-set-cleared processed="3366" cleared="547" durationms="0.077" />
  <stringconstants candidates="3963" cleared="0"  />
  <warning details="Mark invoked due to insufficient free space for Copy-Forward" />
</gc-op>
<gc-op id="98" type="classunload" timems="0.001" contextid="94" timestamp="2019-06-16T02:03:23.811">
  <classunload-info classloadercandidates="20" classloadersunloaded="0" classesunloaded="0" anonymousclassesunloaded="0" quiescems="0.000" setupms="0.001" scanms="0.000" postms="0.000" />
</gc-op>
<gc-op id="99" type="sweep" timems="0.345" contextid="94" timestamp="2019-06-16T02:03:23.811" />
<gc-op id="100" type="compact" timems="2.558" contextid="94" timestamp="2019-06-16T02:03:23.814">
  <compact-info movecount="8493" movebytes="1327408" />
  <remembered-set-cleared processed="5550" cleared="2280" durationms="0.077" />
</gc-op>
<heap-resize id="101" type="expand" space="default" amount="1048576" count="1" timems="0.055" reason="insufficient free space following gc" timestamp="2019-06-16T02:03:23.814" />
<gc-end id="102" type="partial gc" contextid="94" durationms="5.157" usertimems="8.000" systemtimems="0.000" timestamp="2019-06-16T02:03:23.815" activeThreads="4">
  <mem-info id="103" free="6291456" total="13631488" percent="46">
    <mem type="eden" free="0" total="1048576" percent="0" />
    <remembered-set count="4704" freebytes="525312" totalbytes="544128" percent="96" regionsoverflowed="0" regionsstable="0" regionsrebuilding="0"/>
  </mem-info>
</gc-end>
<cycle-end id="104" type="partial gc" contextid="94" timestamp="2019-06-16T02:03:23.815" />
  <attribute name="elasticGC enabled" value="1" />
  <attribute name= "numThreadsSpecified" value="4" />
  <attribute name="heapSize specified" value="0" />
  <attribute name="Current GC Util" value="21" />
  <attribute name= "Current Time Running" value="1981" />
  <attribute name ="GC Interval" value="0" />
  <attribute name="ProportionalT" value="1.500000" />
  <attribute name="ProportionalI" value="1.500000" />
  <attribute name="ProportionalH" value="1.500000" />
  <attribute name="Current Error" value="1.000000" />
  <attribute name="IntegralT" value="1.000000" />
  <attribute name="IntegralI" value="1.000000" />
  <attribute name="IntegralH" value="1.000000" />
  <attribute name="DerivativeT" value="1.000000" />
  <attribute name="DerivativeI" value="1.000000" />
  <attribute name="DerivativeH" value="1.000000" />
  <attribute name="Loop Time for DT" value="1.000000" />
  <attribute name="Output H" value="8388608"/>
  <attribute name="Output I" value="200"/>
  <attribute name="Output T" value="4"/>
  <attribute name="Target GC Util Change" value ="20.000000" />
  <attribute name="Current GC Util Change" value="21.000000"/>
  <attribute name="GC Util currently" value="21" />
  <attribute name="CPU Util currently" value="7793670029856" />
<exclusive-end id="105" timestamp="2019-06-16T02:03:23.815" durationms="5.828" />

<exclusive-start id="106" timestamp="2019-06-16T02:03:23.886" intervalms="76.843">
  <response-info timems="0.024" idlems="0.024" threads="0" lastid="00000000024FC900" lastname="Thread-3" />
</exclusive-start>
<allocation-taxation id="107" taxation-threshold="6291456" timestamp="2019-06-16T02:03:23.886" intervalms="76.842" />
<cycle-start id="108" type="partial gc" contextid="0" timestamp="2019-06-16T02:03:23.886" intervalms="76.829" />
<gc-start id="109" type="partial gc" contextid="108" timestamp="2019-06-16T02:03:23.886">
  <mem-info id="110" free="0" total="13631488" percent="0">
    <mem type="eden" free="0" total="6291456" percent="0" />
    <remembered-set count="4512" freebytes="526080" totalbytes="544128" percent="96" regionsoverflowed="0" regionsstable="0" regionsrebuilding="0"/>
  </mem-info>
</gc-start>
<allocation-stats totalBytes="6237592" >
  <allocated-bytes non-tlh="0" tlh="6237592" arrayletleaf="0"/>
  <largest-consumer threadName="Thread-3" threadId="00000000024FC900" bytes="2006552" />
</allocation-stats>
<gc-op id="111" type="mark" timems="0.875" contextid="108" timestamp="2019-06-16T02:03:23.888">
  <trace-info objectcount="2481" scancount="2009" scanbytes="416268" />
  <cardclean-info objects="1107" bytes="55688" />
  <remembered-set-cleared processed="3492" cleared="738" durationms="0.081" />
  <references type="phantom" candidates="1" cleared="0" enqueued="0" />
  <stringconstants candidates="3963" cleared="0"  />
  <warning details="Mark invoked due to insufficient free space for Copy-Forward" />
</gc-op>
<gc-op id="112" type="classunload" timems="0.002" contextid="108" timestamp="2019-06-16T02:03:23.888">
  <classunload-info classloadercandidates="20" classloadersunloaded="0" classesunloaded="0" anonymousclassesunloaded="0" quiescems="0.000" setupms="0.002" scanms="0.000" postms="0.000" />
</gc-op>
<gc-op id="113" type="sweep" timems="0.318" contextid="108" timestamp="2019-06-16T02:03:23.888" />
<gc-op id="114" type="compact" timems="1.220" contextid="108" timestamp="2019-06-16T02:03:23.889">
  <compact-info movecount="2467" movebytes="933280" />
  <remembered-set-cleared processed="7129" cleared="1443" durationms="0.081" />
</gc-op>
<heap-resize id="115" type="expand" space="default" amount="2097152" count="1" timems="0.059" reason="insufficient free space following gc" timestamp="2019-06-16T02:03:23.890" />
<gc-end id="116" type="partial gc" contextid="108" durationms="3.697" usertimems="4.000" systemtimems="0.000" timestamp="2019-06-16T02:03:23.890" activeThreads="1">
  <mem-info id="117" free="7340032" total="15728640" percent="46">
    <mem type="eden" free="121288" total="1048576" percent="11" />
    <remembered-set count="4896" freebytes="608256" totalbytes="627840" percent="96" regionsoverflowed="0" regionsstable="0" regionsrebuilding="0"/>
  </mem-info>
</gc-end>
<cycle-end id="118" type="partial gc" contextid="108" timestamp="2019-06-16T02:03:23.890" />
  <attribute name="elasticGC enabled" value="1" />
  <attribute name= "numThreadsSpecified" value="1" />
  <attribute name="heapSize specified" value="0" />
  <attribute name="Current GC Util" value="20" />
  <attribute name= "Current Time Running" value="2058" />
  <attribute name ="GC Interval" value="0" />
  <attribute name="ProportionalT" value="0.000000" />
  <attribute name="ProportionalI" value="0.000000" />
  <attribute name="ProportionalH" value="0.000000" />
  <attribute name="Current Error" value="0.000000" />
  <attribute name="IntegralT" value="0.000000" />
  <attribute name="IntegralI" value="0.000000" />
  <attribute name="IntegralH" value="0.000000" />
  <attribute name="DerivativeT" value="0.000000" />
  <attribute name="DerivativeI" value="0.000000" />
  <attribute name="DerivativeH" value="0.000000" />
  <attribute name="Loop Time for DT" value="1.000000" />
  <attribute name="Output H" value="8388608"/>
  <attribute name="Output I" value="200"/>
  <attribute name="Output T" value="1"/>
  <attribute name="Target GC Util Change" value ="20.000000" />
  <attribute name="Current GC Util Change" value="20.000000"/>
  <attribute name="GC Util currently" value="20" />
  <attribute name="CPU Util currently" value="8358576946460" />
<exclusive-end id="119" timestamp="2019-06-16T02:03:23.890" durationms="4.370" />

<exclusive-start id="120" timestamp="2019-06-16T02:03:23.970" intervalms="83.863">
  <response-info timems="0.035" idlems="0.035" threads="0" lastid="0000000002504100" lastname="Thread-5" />
</exclusive-start>
<allocation-taxation id="121" taxation-threshold="7340032" timestamp="2019-06-16T02:03:23.970" intervalms="83.865" />
<cycle-start id="122" type="partial gc" contextid="0" timestamp="2019-06-16T02:03:23.970" intervalms="83.865" />
<gc-start id="123" type="partial gc" contextid="122" timestamp="2019-06-16T02:03:23.970">
  <mem-info id="124" free="0" total="15728640" percent="0">
    <mem type="eden" free="0" total="7340032" percent="0" />
    <remembered-set count="4480" freebytes="609920" totalbytes="627840" percent="97" regionsoverflowed="0" regionsstable="0" regionsrebuilding="0"/>
  </mem-info>
</gc-start>
<allocation-stats totalBytes="7316304" >
  <allocated-bytes non-tlh="0" tlh="7316304" arrayletleaf="0"/>
  <largest-consumer threadName="Thread-3" threadId="00000000024FC900" bytes="2727968" />
</allocation-stats>
<gc-op id="125" type="mark" timems="0.849" contextid="122" timestamp="2019-06-16T02:03:23.971">
  <trace-info objectcount="2108" scancount="1668" scanbytes="335728" />
  <cardclean-info objects="1128" bytes="56912" />
  <remembered-set-cleared processed="3511" cleared="689" durationms="0.083" />
  <references type="weak" candidates="1" cleared="0" enqueued="0" />
  <references type="phantom" candidates="1" cleared="0" enqueued="0" />
  <stringconstants candidates="3963" cleared="0"  />
  <warning details="Mark invoked due to insufficient free space for Copy-Forward" />
</gc-op>
<gc-op id="126" type="classunload" timems="0.002" contextid="122" timestamp="2019-06-16T02:03:23.971">
  <classunload-info classloadercandidates="20" classloadersunloaded="0" classesunloaded="0" anonymousclassesunloaded="0" quiescems="0.000" setupms="0.002" scanms="0.000" postms="0.000" />
</gc-op>
<gc-op id="127" type="sweep" timems="0.328" contextid="122" timestamp="2019-06-16T02:03:23.972" />
<gc-op id="128" type="compact" timems="1.210" contextid="122" timestamp="2019-06-16T02:03:23.973">
  <compact-info movecount="2108" movebytes="835488" />
  <remembered-set-cleared processed="7190" cleared="1346" durationms="0.083" />
</gc-op>
<heap-resize id="129" type="expand" space="default" amount="1048576" count="1" timems="0.052" reason="insufficient free space following gc" timestamp="2019-06-16T02:03:23.974" />
<gc-end id="130" type="partial gc" contextid="122" durationms="3.631" usertimems="4.000" systemtimems="0.000" timestamp="2019-06-16T02:03:23.974" activeThreads="1">
  <mem-info id="131" free="7340032" total="16777216" percent="43">
    <mem type="eden" free="215552" total="1048576" percent="20" />
    <remembered-set count="4992" freebytes="649728" totalbytes="669696" percent="97" regionsoverflowed="0" regionsstable="0" regionsrebuilding="0"/>
  </mem-info>
</gc-end>
<cycle-end id="132" type="partial gc" contextid="122" timestamp="2019-06-16T02:03:23.974" />
  <attribute name="elasticGC enabled" value="1" />
  <attribute name= "numThreadsSpecified" value="1" />
  <attribute name="heapSize specified" value="0" />
  <attribute name="Current GC Util" value="23" />
  <attribute name= "Current Time Running" value="2141" />
  <attribute name ="GC Interval" value="0" />
  <attribute name="ProportionalT" value="4.500000" />
  <attribute name="ProportionalI" value="4.500000" />
  <attribute name="ProportionalH" value="4.500000" />
  <attribute name="Current Error" value="3.000000" />
  <attribute name="IntegralT" value="0.000000" />
  <attribute name="IntegralI" value="0.000000" />
  <attribute name="IntegralH" value="0.000000" />
  <attribute name="DerivativeT" value="inf" />
  <attribute name="DerivativeI" value="inf" />
  <attribute name="DerivativeH" value="inf" />
  <attribute name="Loop Time for DT" value="0.000000" />
  <attribute name="Output H" value="8388608"/>
  <attribute name="Output I" value="200"/>
  <attribute name="Output T" value="1"/>
  <attribute name="Target GC Util Change" value ="20.000000" />
  <attribute name="Current GC Util Change" value="23.000000"/>
  <attribute name="GC Util currently" value="23" />
  <attribute name="CPU Util currently" value="8704086248716" />
<exclusive-end id="133" timestamp="2019-06-16T02:03:23.974" durationms="4.289" />

<exclusive-start id="134" timestamp="2019-06-16T02:03:24.048" intervalms="78.054">
  <response-info timems="0.054" idlems="0.054" threads="0" lastid="00000000024FC900" lastname="Thread-3" />
</exclusive-start>
<allocation-taxation id="135" taxation-threshold="7340032" timestamp="2019-06-16T02:03:24.048" intervalms="78.054" />
<cycle-start id="136" type="partial gc" contextid="0" timestamp="2019-06-16T02:03:24.048" intervalms="78.060" />
<gc-start id="137" type="partial gc" contextid="136" timestamp="2019-06-16T02:03:24.048">
  <mem-info id="138" free="0" total="16777216" percent="0">
    <mem type="eden" free="0" total="7340032" percent="0" />
    <remembered-set count="4544" freebytes="651520" totalbytes="669696" percent="97" regionsoverflowed="0" regionsstable="0" regionsrebuilding="0"/>
  </mem-info>
</gc-start>
<allocation-stats totalBytes="7285280" >
  <allocated-bytes non-tlh="32784" tlh="7252496" arrayletleaf="0"/>
  <largest-consumer threadName="Thread-5" threadId="0000000002504100" bytes="2644776" />
</allocation-stats>
<gc-op id="139" type="mark" timems="0.923" contextid="136" timestamp="2019-06-16T02:03:24.050">
  <trace-info objectcount="2720" scancount="2163" scanbytes="424468" />
  <cardclean-info objects="1137" bytes="57576" />
  <remembered-set-cleared processed="3552" cleared="683" durationms="0.087" />
  <stringconstants candidates="3963" cleared="0"  />
  <warning details="Mark invoked due to insufficient free space for Copy-Forward" />
</gc-op>
<gc-op id="140" type="classunload" timems="0.002" contextid="136" timestamp="2019-06-16T02:03:24.050">
  <classunload-info classloadercandidates="20" classloadersunloaded="0" classesunloaded="0" anonymousclassesunloaded="0" quiescems="0.000" setupms="0.001" scanms="0.000" postms="0.000" />
</gc-op>
<gc-op id="141" type="sweep" timems="0.416" contextid="136" timestamp="2019-06-16T02:03:24.050" />
<gc-op id="142" type="compact" timems="1.310" contextid="136" timestamp="2019-06-16T02:03:24.052">
  <compact-info movecount="2720" movebytes="1027680" />
  <remembered-set-cleared processed="7414" cleared="1472" durationms="0.087" />
</gc-op>
<heap-resize id="143" type="expand" space="default" amount="2097152" count="1" timems="0.060" reason="insufficient free space following gc" timestamp="2019-06-16T02:03:24.052" />
<gc-end id="144" type="partial gc" contextid="136" durationms="3.915" usertimems="0.000" systemtimems="0.000" timestamp="2019-06-16T02:03:24.052" activeThreads="1">
  <mem-info id="145" free="8388608" total="18874368" percent="44">
    <mem type="eden" free="22368" total="1048576" percent="2" />
    <remembered-set count="5024" freebytes="733312" totalbytes="753408" percent="97" regionsoverflowed="0" regionsstable="0" regionsrebuilding="0"/>
  </mem-info>
</gc-end>
<cycle-end id="146" type="partial gc" contextid="136" timestamp="2019-06-16T02:03:24.052" />
  <attribute name="elasticGC enabled" value="1" />
  <attribute name= "numThreadsSpecified" value="1" />
  <attribute name="heapSize specified" value="0" />
  <attribute name="Current GC Util" value="20" />
  <attribute name= "Current Time Running" value="2220" />
  <attribute name ="GC Interval" value="0" />
  <attribute name="ProportionalT" value="0.000000" />
  <attribute name="ProportionalI" value="0.000000" />
  <attribute name="ProportionalH" value="0.000000" />
  <attribute name="Current Error" value="0.000000" />
  <attribute name="IntegralT" value="0.000000" />
  <attribute name="IntegralI" value="0.000000" />
  <attribute name="IntegralH" value="0.000000" />
  <attribute name="DerivativeT" value="0.000000" />
  <attribute name="DerivativeI" value="0.000000" />
  <attribute name="DerivativeH" value="0.000000" />
  <attribute name="Loop Time for DT" value="1.000000" />
  <attribute name="Output H" value="8388608"/>
  <attribute name="Output I" value="200"/>
  <attribute name="Output T" value="1"/>
  <attribute name="Target GC Util Change" value ="20.000000" />
  <attribute name="Current GC Util Change" value="20.000000"/>
  <attribute name="GC Util currently" value="20" />
  <attribute name="CPU Util currently" value="7875173783155" />
<exclusive-end id="147" timestamp="2019-06-16T02:03:24.053" durationms="4.706" />

<exclusive-start id="148" timestamp="2019-06-16T02:03:24.152" intervalms="103.937">
  <response-info timems="0.035" idlems="0.035" threads="0" lastid="00000000024FC900" lastname="Thread-3" />
</exclusive-start>
<allocation-taxation id="149" taxation-threshold="8388608" timestamp="2019-06-16T02:03:24.152" intervalms="103.942" />
<cycle-start id="150" type="partial gc" contextid="0" timestamp="2019-06-16T02:03:24.152" intervalms="103.938" />
<gc-start id="151" type="partial gc" contextid="150" timestamp="2019-06-16T02:03:24.152">
  <mem-info id="152" free="0" total="18874368" percent="0">
    <mem type="eden" free="0" total="8388608" percent="0" />
    <remembered-set count="4704" freebytes="734592" totalbytes="753408" percent="97" regionsoverflowed="0" regionsstable="0" regionsrebuilding="0"/>
  </mem-info>
</gc-start>
<allocation-stats totalBytes="8345480" >
  <allocated-bytes non-tlh="40984" tlh="8304496" arrayletleaf="0"/>
  <largest-consumer threadName="Thread-5" threadId="0000000002504100" bytes="3107328" />
</allocation-stats>
<gc-op id="153" type="mark" timems="0.843" contextid="150" timestamp="2019-06-16T02:03:24.153">
  <trace-info objectcount="1986" scancount="1603" scanbytes="334552" />
  <cardclean-info objects="1116" bytes="56120" />
  <remembered-set-cleared processed="3688" cleared="752" durationms="0.090" />
  <stringconstants candidates="3963" cleared="0"  />
  <warning details="Mark invoked due to insufficient free space for Copy-Forward" />
</gc-op>
<gc-op id="154" type="classunload" timems="0.002" contextid="150" timestamp="2019-06-16T02:03:24.153">
  <classunload-info classloadercandidates="20" classloadersunloaded="0" classesunloaded="0" anonymousclassesunloaded="0" quiescems="0.000" setupms="0.002" scanms="0.000" postms="0.000" />
</gc-op>
<gc-op id="155" type="sweep" timems="0.460" contextid="150" timestamp="2019-06-16T02:03:24.154" />
<gc-op id="156" type="compact" timems="1.122" contextid="150" timestamp="2019-06-16T02:03:24.155">
  <compact-info movecount="1986" movebytes="740952" />
  <remembered-set-cleared processed="7382" cleared="1292" durationms="0.090" />
</gc-op>
<heap-resize id="157" type="expand" space="default" amount="1048576" count="1" timems="0.054" reason="insufficient free space following gc" timestamp="2019-06-16T02:03:24.156" />
<gc-end id="158" type="partial gc" contextid="150" durationms="3.692" usertimems="0.000" systemtimems="0.000" timestamp="2019-06-16T02:03:24.156" activeThreads="1">
  <mem-info id="159" free="8388608" total="19922944" percent="42">
    <mem type="eden" free="308592" total="1048576" percent="29" />
    <remembered-set count="4640" freebytes="776704" totalbytes="795264" percent="97" regionsoverflowed="0" regionsstable="0" regionsrebuilding="0"/>
  </mem-info>
</gc-end>
<cycle-end id="160" type="partial gc" contextid="150" timestamp="2019-06-16T02:03:24.156" />
  <attribute name="elasticGC enabled" value="1" />
  <attribute name= "numThreadsSpecified" value="1" />
  <attribute name="heapSize specified" value="0" />
  <attribute name="Current GC Util" value="24" />
  <attribute name= "Current Time Running" value="2323" />
  <attribute name ="GC Interval" value="0" />
  <attribute name="ProportionalT" value="6.000000" />
  <attribute name="ProportionalI" value="6.000000" />
  <attribute name="ProportionalH" value="6.000000" />
  <attribute name="Current Error" value="4.000000" />
  <attribute name="IntegralT" value="0.000000" />
  <attribute name="IntegralI" value="0.000000" />
  <attribute name="IntegralH" value="0.000000" />
  <attribute name="DerivativeT" value="inf" />
  <attribute name="DerivativeI" value="inf" />
  <attribute name="DerivativeH" value="inf" />
  <attribute name="Loop Time for DT" value="0.000000" />
  <attribute name="Output H" value="8388608"/>
  <attribute name="Output I" value="200"/>
  <attribute name="Output T" value="1"/>
  <attribute name="Target GC Util Change" value ="20.000000" />
  <attribute name="Current GC Util Change" value="24.000000"/>
  <attribute name="GC Util currently" value="24" />
  <attribute name="CPU Util currently" value="7354996885192" />
<exclusive-end id="161" timestamp="2019-06-16T02:03:24.156" durationms="4.407" />

<exclusive-start id="162" timestamp="2019-06-16T02:03:24.258" intervalms="106.448">
  <response-info timems="0.047" idlems="0.047" threads="0" lastid="0000000002504100" lastname="Thread-5" />
</exclusive-start>
<allocation-taxation id="163" taxation-threshold="8388608" timestamp="2019-06-16T02:03:24.258" intervalms="106.449" />
<cycle-start id="164" type="partial gc" contextid="0" timestamp="2019-06-16T02:03:24.258" intervalms="106.458" />
<gc-start id="165" type="partial gc" contextid="164" timestamp="2019-06-16T02:03:24.259">
  <mem-info id="166" free="0" total="19922944" percent="0">
    <mem type="eden" free="0" total="8388608" percent="0" />
    <remembered-set count="4608" freebytes="776832" totalbytes="795264" percent="97" regionsoverflowed="0" regionsstable="0" regionsrebuilding="0"/>
  </mem-info>
</gc-start>
<allocation-stats totalBytes="8365448" >
  <allocated-bytes non-tlh="32776" tlh="8332672" arrayletleaf="0"/>
  <largest-consumer threadName="Thread-6" threadId="0000000002507D00" bytes="3340928" />
</allocation-stats>
<gc-op id="167" type="mark" timems="0.903" contextid="164" timestamp="2019-06-16T02:03:24.260">
  <trace-info objectcount="2830" scancount="2229" scanbytes="425868" />
  <cardclean-info objects="1159" bytes="58816" />
  <remembered-set-cleared processed="3600" cleared="633" durationms="0.089" />
  <stringconstants candidates="3963" cleared="0"  />
  <warning details="Mark invoked due to insufficient free space for Copy-Forward" />
</gc-op>
<gc-op id="168" type="classunload" timems="0.001" contextid="164" timestamp="2019-06-16T02:03:24.260">
  <classunload-info classloadercandidates="20" classloadersunloaded="0" classesunloaded="0" anonymousclassesunloaded="0" quiescems="0.000" setupms="0.001" scanms="0.000" postms="0.000" />
</gc-op>
<gc-op id="169" type="sweep" timems="0.412" contextid="164" timestamp="2019-06-16T02:03:24.260" />
<gc-op id="170" type="compact" timems="1.439" contextid="164" timestamp="2019-06-16T02:03:24.262">
  <compact-info movecount="2830" movebytes="1068048" />
  <remembered-set-cleared processed="7586" cleared="1425" durationms="0.089" />
</gc-op>
<heap-resize id="171" type="expand" space="default" amount="3145728" count="1" timems="0.068" reason="insufficient free space following gc" timestamp="2019-06-16T02:03:24.262" />
<gc-end id="172" type="partial gc" contextid="164" durationms="4.001" usertimems="4.000" systemtimems="0.000" timestamp="2019-06-16T02:03:24.263" activeThreads="4">
  <mem-info id="173" free="9437184" total="23068672" percent="40">
    <mem type="eden" free="1029016" total="2097152" percent="49" />
    <remembered-set count="5280" freebytes="899712" totalbytes="920832" percent="97" regionsoverflowed="0" regionsstable="0" regionsrebuilding="0"/>
  </mem-info>
</gc-end>
<cycle-end id="174" type="partial gc" contextid="164" timestamp="2019-06-16T02:03:24.263" />
  <attribute name="elasticGC enabled" value="1" />
  <attribute name= "numThreadsSpecified" value="4" />
  <attribute name="heapSize specified" value="0" />
  <attribute name="Current GC Util" value="22" />
  <attribute name= "Current Time Running" value="2430" />
  <attribute name ="GC Interval" value="0" />
  <attribute name="ProportionalT" value="3.000000" />
  <attribute name="ProportionalI" value="3.000000" />
  <attribute name="ProportionalH" value="3.000000" />
  <attribute name="Current Error" value="2.000000" />
  <attribute name="IntegralT" value="2.000000" />
  <attribute name="IntegralI" value="2.000000" />
  <attribute name="IntegralH" value="2.000000" />
  <attribute name="DerivativeT" value="2.000000" />
  <attribute name="DerivativeI" value="2.000000" />
  <attribute name="DerivativeH" value="2.000000" />
  <attribute name="Loop Time for DT" value="1.000000" />
  <attribute name="Output H" value="8388608"/>
  <attribute name="Output I" value="200"/>
  <attribute name="Output T" value="4"/>
  <attribute name="Target GC Util Change" value ="20.000000" />
  <attribute name="Current GC Util Change" value="22.000000"/>
  <attribute name="GC Util currently" value="22" />
  <attribute name="CPU Util currently" value="7538686650588" />
<exclusive-end id="175" timestamp="2019-06-16T02:03:24.263" durationms="4.647" />

<exclusive-start id="176" timestamp="2019-06-16T02:03:24.386" intervalms="127.713">
  <response-info timems="0.028" idlems="0.028" threads="0" lastid="00000000024FC900" lastname="Thread-3" />
</exclusive-start>
<allocation-taxation id="177" taxation-threshold="9437184" timestamp="2019-06-16T02:03:24.386" intervalms="127.726" />
<cycle-start id="178" type="partial gc" contextid="0" timestamp="2019-06-16T02:03:24.386" intervalms="127.719" />
<gc-start id="179" type="partial gc" contextid="178" timestamp="2019-06-16T02:03:24.386">
  <mem-info id="180" free="0" total="23068672" percent="0">
    <mem type="eden" free="0" total="9437184" percent="0" />
    <remembered-set count="5056" freebytes="900608" totalbytes="920832" percent="97" regionsoverflowed="0" regionsstable="0" regionsrebuilding="0"/>
  </mem-info>
</gc-start>
<allocation-stats totalBytes="9366696" >
  <allocated-bytes non-tlh="65552" tlh="9301144" arrayletleaf="0"/>
  <largest-consumer threadName="Thread-3" threadId="00000000024FC900" bytes="3137960" />
</allocation-stats>
<gc-op id="181" type="mark" timems="0.920" contextid="178" timestamp="2019-06-16T02:03:24.388">
  <trace-info objectcount="2789" scancount="2187" scanbytes="424152" />
  <cardclean-info objects="1166" bytes="58460" />
  <remembered-set-cleared processed="3844" cleared="828" durationms="0.100" />
  <stringconstants candidates="3963" cleared="0"  />
  <warning details="Mark invoked due to insufficient free space for Copy-Forward" />
</gc-op>
<gc-op id="182" type="classunload" timems="0.002" contextid="178" timestamp="2019-06-16T02:03:24.388">
  <classunload-info classloadercandidates="20" classloadersunloaded="0" classesunloaded="0" anonymousclassesunloaded="0" quiescems="0.000" setupms="0.002" scanms="0.000" postms="0.000" />
</gc-op>
<gc-op id="183" type="sweep" timems="0.347" contextid="178" timestamp="2019-06-16T02:03:24.388" />
<gc-op id="184" type="compact" timems="1.390" contextid="178" timestamp="2019-06-16T02:03:24.390">
  <compact-info movecount="2789" movebytes="1049224" />
  <remembered-set-cleared processed="7839" cleared="1573" durationms="0.100" />
</gc-op>
<gc-end id="185" type="partial gc" contextid="178" durationms="3.765" usertimems="4.000" systemtimems="0.000" timestamp="2019-06-16T02:03:24.390" activeThreads="4">
  <mem-info id="186" free="9437184" total="23068672" percent="40">
    <mem type="eden" free="2120" total="1048576" percent="0" />
    <remembered-set count="5504" freebytes="898816" totalbytes="920832" percent="97" regionsoverflowed="0" regionsstable="0" regionsrebuilding="0"/>
  </mem-info>
</gc-end>
<cycle-end id="187" type="partial gc" contextid="178" timestamp="2019-06-16T02:03:24.390" />
  <attribute name="elasticGC enabled" value="1" />
  <attribute name= "numThreadsSpecified" value="4" />
  <attribute name="heapSize specified" value="0" />
  <attribute name="Current GC Util" value="23" />
  <attribute name= "Current Time Running" value="2558" />
  <attribute name ="GC Interval" value="0" />
  <attribute name="ProportionalT" value="4.500000" />
  <attribute name="ProportionalI" value="4.500000" />
  <attribute name="ProportionalH" value="4.500000" />
  <attribute name="Current Error" value="3.000000" />
  <attribute name="IntegralT" value="3.000000" />
  <attribute name="IntegralI" value="3.000000" />
  <attribute name="IntegralH" value="3.000000" />
  <attribute name="DerivativeT" value="3.000000" />
  <attribute name="DerivativeI" value="3.000000" />
  <attribute name="DerivativeH" value="3.000000" />
  <attribute name="Loop Time for DT" value="1.000000" />
  <attribute name="Output H" value="8388608"/>
  <attribute name="Output I" value="200"/>
  <attribute name="Output T" value="4"/>
  <attribute name="Target GC Util Change" value ="20.000000" />
  <attribute name="Current GC Util Change" value="23.000000"/>
  <attribute name="GC Util currently" value="23" />
  <attribute name="CPU Util currently" value="8315742051578" />
<exclusive-end id="188" timestamp="2019-06-16T02:03:24.390" durationms="4.496" />

<exclusive-start id="189" timestamp="2019-06-16T02:03:24.496" intervalms="109.654">
  <response-info timems="0.104" idlems="0.104" threads="0" lastid="0000000002504100" lastname="Thread-5" />
</exclusive-start>
<allocation-taxation id="190" taxation-threshold="9437184" timestamp="2019-06-16T02:03:24.496" intervalms="109.635" />
<cycle-start id="191" type="partial gc" contextid="0" timestamp="2019-06-16T02:03:24.496" intervalms="109.633" />
<gc-start id="192" type="partial gc" contextid="191" timestamp="2019-06-16T02:03:24.496">
  <mem-info id="193" free="0" total="23068672" percent="0">
    <mem type="eden" free="0" total="9437184" percent="0" />
    <remembered-set count="5216" freebytes="899968" totalbytes="920832" percent="97" regionsoverflowed="0" regionsstable="0" regionsrebuilding="0"/>
  </mem-info>
</gc-start>
<allocation-stats totalBytes="9393952" >
  <allocated-bytes non-tlh="0" tlh="9393952" arrayletleaf="0"/>
  <largest-consumer threadName="Thread-3" threadId="00000000024FC900" bytes="2913368" />
</allocation-stats>
<gc-op id="194" type="mark" timems="1.040" contextid="191" timestamp="2019-06-16T02:03:24.497">
  <trace-info objectcount="2130" scancount="1662" scanbytes="333456" />
  <cardclean-info objects="1127" bytes="56812" />
  <remembered-set-cleared processed="3839" cleared="754" durationms="0.074" />
  <stringconstants candidates="3963" cleared="0"  />
  <warning details="Mark invoked due to insufficient free space for Copy-Forward" />
</gc-op>
<gc-op id="195" type="classunload" timems="0.002" contextid="191" timestamp="2019-06-16T02:03:24.497">
  <classunload-info classloadercandidates="20" classloadersunloaded="0" classesunloaded="0" anonymousclassesunloaded="0" quiescems="0.000" setupms="0.001" scanms="0.000" postms="0.000" />
</gc-op>
<gc-op id="196" type="sweep" timems="0.327" contextid="191" timestamp="2019-06-16T02:03:24.498" />
<gc-op id="197" type="compact" timems="1.082" contextid="191" timestamp="2019-06-16T02:03:24.499">
  <compact-info movecount="2119" movebytes="816008" />
  <remembered-set-cleared processed="7713" cleared="1299" durationms="0.074" />
</gc-op>
<gc-end id="198" type="partial gc" contextid="191" durationms="3.452" usertimems="0.000" systemtimems="4.000" timestamp="2019-06-16T02:03:24.499" activeThreads="4">
  <mem-info id="199" free="8388608" total="23068672" percent="36">
    <mem type="eden" free="232712" total="1048576" percent="22" />
    <remembered-set count="5856" freebytes="897408" totalbytes="920832" percent="97" regionsoverflowed="0" regionsstable="0" regionsrebuilding="0"/>
  </mem-info>
</gc-end>
<cycle-end id="200" type="partial gc" contextid="191" timestamp="2019-06-16T02:03:24.500" />
  <attribute name="elasticGC enabled" value="1" />
  <attribute name= "numThreadsSpecified" value="4" />
  <attribute name="heapSize specified" value="0" />
  <attribute name="Current GC Util" value="35" />
  <attribute name= "Current Time Running" value="2667" />
  <attribute name ="GC Interval" value="0" />
  <attribute name="ProportionalT" value="22.500000" />
  <attribute name="ProportionalI" value="22.500000" />
  <attribute name="ProportionalH" value="22.500000" />
  <attribute name="Current Error" value="15.000000" />
  <attribute name="IntegralT" value="0.000000" />
  <attribute name="IntegralI" value="0.000000" />
  <attribute name="IntegralH" value="0.000000" />
  <attribute name="DerivativeT" value="-inf" />
  <attribute name="DerivativeI" value="-inf" />
  <attribute name="DerivativeH" value="-inf" />
  <attribute name="Loop Time for DT" value="0.000000" />
  <attribute name="Output H" value="2091843584"/>
  <attribute name="Output I" value="200"/>
  <attribute name="Output T" value="4"/>
  <attribute name="Target GC Util Change" value ="20.000000" />
  <attribute name="Current GC Util Change" value="35.000000"/>
  <attribute name="GC Util currently" value="35" />
  <attribute name="CPU Util currently" value="9372507370520" />
<exclusive-end id="201" timestamp="2019-06-16T02:03:24.500" durationms="4.131" />

<exclusive-start id="202" timestamp="2019-06-16T02:03:24.591" intervalms="95.562">
  <response-info timems="0.057" idlems="0.057" threads="0" lastid="0000000002507D00" lastname="Thread-6" />
</exclusive-start>
<allocation-taxation id="203" taxation-threshold="8388608" timestamp="2019-06-16T02:03:24.591" intervalms="95.562" />
<cycle-start id="204" type="partial gc" contextid="0" timestamp="2019-06-16T02:03:24.591" intervalms="95.563" />
<gc-start id="205" type="partial gc" contextid="204" timestamp="2019-06-16T02:03:24.591">
  <mem-info id="206" free="0" total="23068672" percent="0">
    <mem type="eden" free="0" total="8388608" percent="0" />
    <remembered-set count="5728" freebytes="897920" totalbytes="920832" percent="97" regionsoverflowed="0" regionsstable="0" regionsrebuilding="0"/>
  </mem-info>
</gc-start>
<allocation-stats totalBytes="8383400" >
  <allocated-bytes non-tlh="32776" tlh="8350624" arrayletleaf="0"/>
  <largest-consumer threadName="Thread-6" threadId="0000000002507D00" bytes="2902784" />
</allocation-stats>
<gc-op id="207" type="mark" timems="0.900" contextid="204" timestamp="2019-06-16T02:03:24.593">
  <trace-info objectcount="2170" scancount="1730" scanbytes="338384" />
  <cardclean-info objects="1126" bytes="56568" />
  <remembered-set-cleared processed="3796" cleared="657" durationms="0.101" />
  <stringconstants candidates="3963" cleared="0"  />
  <warning details="Mark invoked due to insufficient free space for Copy-Forward" />
</gc-op>
<gc-op id="208" type="classunload" timems="0.002" contextid="204" timestamp="2019-06-16T02:03:24.593">
  <classunload-info classloadercandidates="20" classloadersunloaded="0" classesunloaded="0" anonymousclassesunloaded="0" quiescems="0.000" setupms="0.002" scanms="0.000" postms="0.000" />
</gc-op>
<gc-op id="209" type="sweep" timems="0.382" contextid="204" timestamp="2019-06-16T02:03:24.593" />
<gc-op id="210" type="compact" timems="1.097" contextid="204" timestamp="2019-06-16T02:03:24.595">
  <compact-info movecount="2170" movebytes="798136" />
  <remembered-set-cleared processed="7789" cleared="1267" durationms="0.101" />
</gc-op>
<heap-resize id="211" type="expand" space="default" amount="3145728" count="1" timems="0.085" reason="insufficient free space following gc" timestamp="2019-06-16T02:03:24.595" />
<gc-end id="212" type="partial gc" contextid="204" durationms="3.606" usertimems="4.000" systemtimems="0.000" timestamp="2019-06-16T02:03:24.595" activeThreads="4">
  <mem-info id="213" free="10485760" total="26214400" percent="40">
    <mem type="eden" free="250584" total="1048576" percent="23" />
    <remembered-set count="6368" freebytes="1020928" totalbytes="1046400" percent="97" regionsoverflowed="0" regionsstable="0" regionsrebuilding="0"/>
  </mem-info>
</gc-end>
<cycle-end id="214" type="partial gc" contextid="204" timestamp="2019-06-16T02:03:24.595" />
  <attribute name="elasticGC enabled" value="1" />
  <attribute name= "numThreadsSpecified" value="4" />
  <attribute name="heapSize specified" value="0" />
  <attribute name="Current GC Util" value="31" />
  <attribute name= "Current Time Running" value="2763" />
  <attribute name ="GC Interval" value="0" />
  <attribute name="ProportionalT" value="16.500000" />
  <attribute name="ProportionalI" value="16.500000" />
  <attribute name="ProportionalH" value="16.500000" />
  <attribute name="Current Error" value="11.000000" />
  <attribute name="IntegralT" value="11.000000" />
  <attribute name="IntegralI" value="11.000000" />
  <attribute name="IntegralH" value="11.000000" />
  <attribute name="DerivativeT" value="11.000000" />
  <attribute name="DerivativeI" value="11.000000" />
  <attribute name="DerivativeH" value="11.000000" />
  <attribute name="Loop Time for DT" value="1.000000" />
  <attribute name="Output H" value="8388608"/>
  <attribute name="Output I" value="200"/>
  <attribute name="Output T" value="4"/>
  <attribute name="Target GC Util Change" value ="20.000000" />
  <attribute name="Current GC Util Change" value="31.000000"/>
  <attribute name="GC Util currently" value="31" />
  <attribute name="CPU Util currently" value="8229216808792" />
<exclusive-end id="215" timestamp="2019-06-16T02:03:24.596" durationms="4.488" />

<exclusive-start id="216" timestamp="2019-06-16T02:03:24.730" intervalms="138.381">
  <response-info timems="0.054" idlems="0.054" threads="0" lastid="00000000024FC900" lastname="Thread-3" />
</exclusive-start>
<allocation-taxation id="217" taxation-threshold="10485760" timestamp="2019-06-16T02:03:24.730" intervalms="138.428" />
<cycle-start id="218" type="partial gc" contextid="0" timestamp="2019-06-16T02:03:24.730" intervalms="138.436" />
<gc-start id="219" type="partial gc" contextid="218" timestamp="2019-06-16T02:03:24.730">
  <mem-info id="220" free="0" total="26214400" percent="0">
    <mem type="eden" free="0" total="10485760" percent="0" />
    <remembered-set count="5984" freebytes="1022464" totalbytes="1046400" percent="97" regionsoverflowed="0" regionsstable="0" regionsrebuilding="0"/>
  </mem-info>
</gc-start>
<allocation-stats totalBytes="10431920" >
  <allocated-bytes non-tlh="0" tlh="10431920" arrayletleaf="0"/>
  <largest-consumer threadName="Thread-6" threadId="0000000002507D00" bytes="2734096" />
</allocation-stats>
<gc-op id="221" type="mark" timems="1.036" contextid="218" timestamp="2019-06-16T02:03:24.732">
  <trace-info objectcount="2467" scancount="1982" scanbytes="412688" />
  <cardclean-info objects="1102" bytes="55608" />
  <remembered-set-cleared processed="3890" cleared="699" durationms="0.116" />
  <references type="phantom" candidates="1" cleared="0" enqueued="0" />
  <stringconstants candidates="3963" cleared="0"  />
  <warning details="Mark invoked due to insufficient free space for Copy-Forward" />
</gc-op>
<gc-op id="222" type="classunload" timems="0.002" contextid="218" timestamp="2019-06-16T02:03:24.732">
  <classunload-info classloadercandidates="20" classloadersunloaded="0" classesunloaded="0" anonymousclassesunloaded="0" quiescems="0.000" setupms="0.001" scanms="0.000" postms="0.000" />
</gc-op>
<gc-op id="223" type="sweep" timems="0.518" contextid="218" timestamp="2019-06-16T02:03:24.732" />
<gc-op id="224" type="compact" timems="1.260" contextid="218" timestamp="2019-06-16T02:03:24.734">
  <compact-info movecount="2467" movebytes="994688" />
  <remembered-set-cleared processed="7965" cleared="1354" durationms="0.116" />
</gc-op>
<heap-resize id="225" type="expand" space="default" amount="1048576" count="1" timems="0.063" reason="insufficient free space following gc" timestamp="2019-06-16T02:03:24.734" />
<gc-end id="226" type="partial gc" contextid="218" durationms="4.513" usertimems="4.000" systemtimems="4.000" timestamp="2019-06-16T02:03:24.734" activeThreads="4">
  <mem-info id="227" free="10485760" total="27262976" percent="38">
    <mem type="eden" free="54136" total="1048576" percent="5" />
    <remembered-set count="6432" freebytes="1062528" totalbytes="1088256" percent="97" regionsoverflowed="0" regionsstable="0" regionsrebuilding="0"/>
  </mem-info>
</gc-end>
<cycle-end id="228" type="partial gc" contextid="218" timestamp="2019-06-16T02:03:24.735" />
  <attribute name="elasticGC enabled" value="1" />
  <attribute name= "numThreadsSpecified" value="4" />
  <attribute name="heapSize specified" value="0" />
  <attribute name="Current GC Util" value="28" />
  <attribute name= "Current Time Running" value="2902" />
  <attribute name ="GC Interval" value="0" />
  <attribute name="ProportionalT" value="12.000000" />
  <attribute name="ProportionalI" value="12.000000" />
  <attribute name="ProportionalH" value="12.000000" />
  <attribute name="Current Error" value="8.000000" />
  <attribute name="IntegralT" value="8.000000" />
  <attribute name="IntegralI" value="8.000000" />
  <attribute name="IntegralH" value="8.000000" />
  <attribute name="DerivativeT" value="8.000000" />
  <attribute name="DerivativeI" value="8.000000" />
  <attribute name="DerivativeH" value="8.000000" />
  <attribute name="Loop Time for DT" value="1.000000" />
  <attribute name="Output H" value="8388608"/>
  <attribute name="Output I" value="200"/>
  <attribute name="Output T" value="4"/>
  <attribute name="Target GC Util Change" value ="20.000000" />
  <attribute name="Current GC Util Change" value="28.000000"/>
  <attribute name="GC Util currently" value="28" />
  <attribute name="CPU Util currently" value="5703099591398" />
<exclusive-end id="229" timestamp="2019-06-16T02:03:24.735" durationms="5.321" />

<exclusive-start id="230" timestamp="2019-06-16T02:03:24.850" intervalms="120.351">
  <response-info timems="0.049" idlems="0.049" threads="0" lastid="0000000002500500" lastname="Thread-4" />
</exclusive-start>
<allocation-taxation id="231" taxation-threshold="10485760" timestamp="2019-06-16T02:03:24.850" intervalms="120.308" />
<cycle-start id="232" type="partial gc" contextid="0" timestamp="2019-06-16T02:03:24.850" intervalms="120.308" />
<gc-start id="233" type="partial gc" contextid="232" timestamp="2019-06-16T02:03:24.850">
  <mem-info id="234" free="0" total="27262976" percent="0">
    <mem type="eden" free="0" total="10485760" percent="0" />
    <remembered-set count="6080" freebytes="1063936" totalbytes="1088256" percent="97" regionsoverflowed="0" regionsstable="0" regionsrebuilding="0"/>
  </mem-info>
</gc-start>
<allocation-stats totalBytes="10464040" >
  <allocated-bytes non-tlh="32776" tlh="10431264" arrayletleaf="0"/>
  <largest-consumer threadName="Thread-3" threadId="00000000024FC900" bytes="4425776" />
</allocation-stats>
<gc-op id="235" type="mark" timems="1.022" contextid="232" timestamp="2019-06-16T02:03:24.852">
  <trace-info objectcount="2140" scancount="1690" scanbytes="369740" />
  <cardclean-info objects="1106" bytes="55752" />
  <remembered-set-cleared processed="3953" cleared="723" durationms="0.123" />
  <stringconstants candidates="3963" cleared="0"  />
  <warning details="Mark invoked due to insufficient free space for Copy-Forward" />
</gc-op>
<gc-op id="236" type="classunload" timems="0.002" contextid="232" timestamp="2019-06-16T02:03:24.852">
  <classunload-info classloadercandidates="20" classloadersunloaded="0" classesunloaded="0" anonymousclassesunloaded="0" quiescems="0.000" setupms="0.002" scanms="0.000" postms="0.000" />
</gc-op>
<gc-op id="237" type="sweep" timems="0.471" contextid="232" timestamp="2019-06-16T02:03:24.852" />
<gc-op id="238" type="compact" timems="1.077" contextid="232" timestamp="2019-06-16T02:03:24.854">
  <compact-info movecount="2140" movebytes="923632" />
  <remembered-set-cleared processed="8023" cleared="1317" durationms="0.123" />
</gc-op>
<heap-resize id="239" type="expand" space="default" amount="2097152" count="1" timems="0.071" reason="insufficient free space following gc" timestamp="2019-06-16T02:03:24.854" />
<gc-end id="240" type="partial gc" contextid="232" durationms="3.995" usertimems="4.000" systemtimems="0.000" timestamp="2019-06-16T02:03:24.854" activeThreads="4">
  <mem-info id="241" free="11534336" total="29360128" percent="39">
    <mem type="eden" free="125088" total="1048576" percent="11" />
    <remembered-set count="6496" freebytes="1145984" totalbytes="1171968" percent="97" regionsoverflowed="0" regionsstable="0" regionsrebuilding="0"/>
  </mem-info>
</gc-end>
<cycle-end id="242" type="partial gc" contextid="232" timestamp="2019-06-16T02:03:24.855" />
  <attribute name="elasticGC enabled" value="1" />
  <attribute name= "numThreadsSpecified" value="4" />
  <attribute name="heapSize specified" value="0" />
  <attribute name="Current GC Util" value="24" />
  <attribute name= "Current Time Running" value="3022" />
  <attribute name ="GC Interval" value="0" />
  <attribute name="ProportionalT" value="6.000000" />
  <attribute name="ProportionalI" value="6.000000" />
  <attribute name="ProportionalH" value="6.000000" />
  <attribute name="Current Error" value="4.000000" />
  <attribute name="IntegralT" value="4.000000" />
  <attribute name="IntegralI" value="4.000000" />
  <attribute name="IntegralH" value="4.000000" />
  <attribute name="DerivativeT" value="4.000000" />
  <attribute name="DerivativeI" value="4.000000" />
  <attribute name="DerivativeH" value="4.000000" />
  <attribute name="Loop Time for DT" value="1.000000" />
  <attribute name="Output H" value="8388608"/>
  <attribute name="Output I" value="200"/>
  <attribute name="Output T" value="4"/>
  <attribute name="Target GC Util Change" value ="20.000000" />
  <attribute name="Current GC Util Change" value="24.000000"/>
  <attribute name="GC Util currently" value="24" />
  <attribute name="CPU Util currently" value="6389208562928" />
<exclusive-end id="243" timestamp="2019-06-16T02:03:24.855" durationms="4.908" />

<exclusive-start id="244" timestamp="2019-06-16T02:03:24.976" intervalms="126.014">
  <response-info timems="0.046" idlems="0.046" threads="0" lastid="0000000002500500" lastname="Thread-4" />
</exclusive-start>
<allocation-taxation id="245" taxation-threshold="11534336" timestamp="2019-06-16T02:03:24.976" intervalms="126.017" />
<cycle-start id="246" type="partial gc" contextid="0" timestamp="2019-06-16T02:03:24.976" intervalms="126.011" />
<gc-start id="247" type="partial gc" contextid="246" timestamp="2019-06-16T02:03:24.976">
  <mem-info id="248" free="0" total="29360128" percent="0">
    <mem type="eden" free="0" total="11534336" percent="0" />
    <remembered-set count="6112" freebytes="1147520" totalbytes="1171968" percent="97" regionsoverflowed="0" regionsstable="0" regionsrebuilding="0"/>
  </mem-info>
</gc-start>
<allocation-stats totalBytes="11506128" >
  <allocated-bytes non-tlh="0" tlh="11506128" arrayletleaf="0"/>
  <largest-consumer threadName="Thread-3" threadId="00000000024FC900" bytes="2922240" />
</allocation-stats>
<gc-op id="249" type="mark" timems="0.957" contextid="246" timestamp="2019-06-16T02:03:24.978">
  <trace-info objectcount="1349" scancount="1103" scanbytes="280624" />
  <cardclean-info objects="1126" bytes="56628" />
  <remembered-set-cleared processed="3959" cleared="693" durationms="0.120" />
  <stringconstants candidates="3963" cleared="0"  />
  <warning details="Mark invoked due to insufficient free space for Copy-Forward" />
</gc-op>
<gc-op id="250" type="classunload" timems="0.002" contextid="246" timestamp="2019-06-16T02:03:24.978">
  <classunload-info classloadercandidates="20" classloadersunloaded="0" classesunloaded="0" anonymousclassesunloaded="0" quiescems="0.000" setupms="0.002" scanms="0.000" postms="0.000" />
</gc-op>
<gc-op id="251" type="sweep" timems="0.476" contextid="246" timestamp="2019-06-16T02:03:24.978" />
<gc-op id="252" type="compact" timems="1.085" contextid="246" timestamp="2019-06-16T02:03:24.980">
  <compact-info movecount="1349" movebytes="641088" />
  <remembered-set-cleared processed="7872" cleared="1086" durationms="0.120" />
</gc-op>
<heap-resize id="253" type="expand" space="default" amount="1048576" count="1" timems="0.065" reason="insufficient free space following gc" timestamp="2019-06-16T02:03:24.980" />
<gc-end id="254" type="partial gc" contextid="246" durationms="3.752" usertimems="4.000" systemtimems="0.000" timestamp="2019-06-16T02:03:24.980" activeThreads="4">
  <mem-info id="255" free="11534336" total="30408704" percent="37">
    <mem type="eden" free="407632" total="1048576" percent="38" />
    <remembered-set count="6016" freebytes="1189760" totalbytes="1213824" percent="98" regionsoverflowed="0" regionsstable="0" regionsrebuilding="0"/>
  </mem-info>
</gc-end>
<cycle-end id="256" type="partial gc" contextid="246" timestamp="2019-06-16T02:03:24.980" />
  <attribute name="elasticGC enabled" value="1" />
  <attribute name= "numThreadsSpecified" value="4" />
  <attribute name="heapSize specified" value="0" />
  <attribute name="Current GC Util" value="26" />
  <attribute name= "Current Time Running" value="3148" />
  <attribute name ="GC Interval" value="0" />
  <attribute name="ProportionalT" value="9.000000" />
  <attribute name="ProportionalI" value="9.000000" />
  <attribute name="ProportionalH" value="9.000000" />
  <attribute name="Current Error" value="6.000000" />
  <attribute name="IntegralT" value="6.000000" />
  <attribute name="IntegralI" value="6.000000" />
  <attribute name="IntegralH" value="6.000000" />
  <attribute name="DerivativeT" value="6.000000" />
  <attribute name="DerivativeI" value="6.000000" />
  <attribute name="DerivativeH" value="6.000000" />
  <attribute name="Loop Time for DT" value="1.000000" />
  <attribute name="Output H" value="8388608"/>
  <attribute name="Output I" value="200"/>
  <attribute name="Output T" value="4"/>
  <attribute name="Target GC Util Change" value ="20.000000" />
  <attribute name="Current GC Util Change" value="26.000000"/>
  <attribute name="GC Util currently" value="26" />
  <attribute name="CPU Util currently" value="6762885502848" />
<exclusive-end id="257" timestamp="2019-06-16T02:03:24.980" durationms="4.583" />

<exclusive-start id="258" timestamp="2019-06-16T02:03:25.098" intervalms="121.906">
  <response-info timems="0.036" idlems="0.019" threads="1" lastid="0000000002507D00" lastname="Thread-6" />
</exclusive-start>
<allocation-taxation id="259" taxation-threshold="11534336" timestamp="2019-06-16T02:03:25.098" intervalms="121.906" />
<cycle-start id="260" type="partial gc" contextid="0" timestamp="2019-06-16T02:03:25.098" intervalms="121.911" />
<gc-start id="261" type="partial gc" contextid="260" timestamp="2019-06-16T02:03:25.098">
  <mem-info id="262" free="0" total="30408704" percent="0">
    <mem type="eden" free="0" total="11534336" percent="0" />
    <remembered-set count="5632" freebytes="1191296" totalbytes="1213824" percent="98" regionsoverflowed="0" regionsstable="0" regionsrebuilding="0"/>
  </mem-info>
</gc-start>
<allocation-stats totalBytes="11489504" >
  <allocated-bytes non-tlh="0" tlh="11489504" arrayletleaf="0"/>
  <largest-consumer threadName="Thread-5" threadId="0000000002504100" bytes="3291512" />
</allocation-stats>
<gc-op id="263" type="mark" timems="0.930" contextid="260" timestamp="2019-06-16T02:03:25.100">
  <trace-info objectcount="1564" scancount="1203" scanbytes="266392" />
  <cardclean-info objects="1135" bytes="56900" />
  <remembered-set-cleared processed="3862" cleared="564" durationms="0.121" />
  <references type="weak" candidates="1" cleared="0" enqueued="0" />
  <references type="phantom" candidates="1" cleared="0" enqueued="0" />
  <stringconstants candidates="3963" cleared="0"  />
  <warning details="Mark invoked due to insufficient free space for Copy-Forward" />
</gc-op>
<gc-op id="264" type="classunload" timems="0.002" contextid="260" timestamp="2019-06-16T02:03:25.100">
  <classunload-info classloadercandidates="20" classloadersunloaded="0" classesunloaded="0" anonymousclassesunloaded="0" quiescems="0.000" setupms="0.002" scanms="0.000" postms="0.000" />
</gc-op>
<gc-op id="265" type="sweep" timems="0.472" contextid="260" timestamp="2019-06-16T02:03:25.100" />
<gc-op id="266" type="compact" timems="1.266" contextid="260" timestamp="2019-06-16T02:03:25.102">
  <compact-info movecount="1564" movebytes="736816" />
  <remembered-set-cleared processed="7863" cleared="1003" durationms="0.121" />
</gc-op>
<heap-resize id="267" type="expand" space="default" amount="2097152" count="1" timems="0.069" reason="insufficient free space following gc" timestamp="2019-06-16T02:03:25.102" />
<gc-end id="268" type="partial gc" contextid="260" durationms="4.154" usertimems="4.000" systemtimems="4.000" timestamp="2019-06-16T02:03:25.102" activeThreads="4">
  <mem-info id="269" free="12582912" total="32505856" percent="38">
    <mem type="eden" free="312096" total="1048576" percent="29" />
    <remembered-set count="6080" freebytes="1273216" totalbytes="1297536" percent="98" regionsoverflowed="0" regionsstable="0" regionsrebuilding="0"/>
  </mem-info>
</gc-end>
<cycle-end id="270" type="partial gc" contextid="260" timestamp="2019-06-16T02:03:25.103" />
  <attribute name="elasticGC enabled" value="1" />
  <attribute name= "numThreadsSpecified" value="4" />
  <attribute name="heapSize specified" value="0" />
  <attribute name="Current GC Util" value="25" />
  <attribute name= "Current Time Running" value="3270" />
  <attribute name ="GC Interval" value="0" />
  <attribute name="ProportionalT" value="7.500000" />
  <attribute name="ProportionalI" value="7.500000" />
  <attribute name="ProportionalH" value="7.500000" />
  <attribute name="Current Error" value="5.000000" />
  <attribute name="IntegralT" value="5.000000" />
  <attribute name="IntegralI" value="5.000000" />
  <attribute name="IntegralH" value="5.000000" />
  <attribute name="DerivativeT" value="5.000000" />
  <attribute name="DerivativeI" value="5.000000" />
  <attribute name="DerivativeH" value="5.000000" />
  <attribute name="Loop Time for DT" value="1.000000" />
  <attribute name="Output H" value="8388608"/>
  <attribute name="Output I" value="200"/>
  <attribute name="Output T" value="4"/>
  <attribute name="Target GC Util Change" value ="20.000000" />
  <attribute name="Current GC Util Change" value="25.000000"/>
  <attribute name="GC Util currently" value="25" />
  <attribute name="CPU Util currently" value="6257511718046" />
<exclusive-end id="271" timestamp="2019-06-16T02:03:25.103" durationms="4.925" />

<exclusive-start id="272" timestamp="2019-06-16T02:03:25.213" intervalms="115.685">
  <response-info timems="0.195" idlems="0.105" threads="1" lastid="00000000024FC900" lastname="Thread-3" />
</exclusive-start>
<allocation-taxation id="273" taxation-threshold="12582912" timestamp="2019-06-16T02:03:25.214" intervalms="115.684" />
<cycle-start id="274" type="partial gc" contextid="0" timestamp="2019-06-16T02:03:25.214" intervalms="115.676" />
<gc-start id="275" type="partial gc" contextid="274" timestamp="2019-06-16T02:03:25.214">
  <mem-info id="276" free="0" total="32505856" percent="0">
    <mem type="eden" free="0" total="12582912" percent="0" />
    <remembered-set count="5728" freebytes="1274624" totalbytes="1297536" percent="98" regionsoverflowed="0" regionsstable="0" regionsrebuilding="0"/>
  </mem-info>
</gc-start>
<allocation-stats totalBytes="12509040" >
  <allocated-bytes non-tlh="8200" tlh="12500840" arrayletleaf="0"/>
  <largest-consumer threadName="Thread-5" threadId="0000000002504100" bytes="4118240" />
</allocation-stats>
<gc-op id="277" type="mark" timems="1.285" contextid="274" timestamp="2019-06-16T02:03:25.216">
  <trace-info objectcount="964" scancount="743" scanbytes="180332" />
  <cardclean-info objects="1124" bytes="56312" />
  <remembered-set-cleared processed="3940" cleared="592" durationms="0.081" />
  <references type="weak" candidates="1" cleared="0" enqueued="0" />
  <references type="phantom" candidates="1" cleared="0" enqueued="0" />
  <stringconstants candidates="3963" cleared="0"  />
  <warning details="Mark invoked due to insufficient free space for Copy-Forward" />
</gc-op>
<gc-op id="278" type="classunload" timems="0.002" contextid="274" timestamp="2019-06-16T02:03:25.216">
  <classunload-info classloadercandidates="20" classloadersunloaded="0" classesunloaded="0" anonymousclassesunloaded="0" quiescems="0.000" setupms="0.002" scanms="0.000" postms="0.000" />
</gc-op>
<gc-op id="279" type="sweep" timems="0.460" contextid="274" timestamp="2019-06-16T02:03:25.216" />
<gc-op id="280" type="compact" timems="1.187" contextid="274" timestamp="2019-06-16T02:03:25.218">
  <compact-info movecount="964" movebytes="423824" />
  <remembered-set-cleared processed="7824" cleared="867" durationms="0.081" />
</gc-op>
<gc-end id="281" type="partial gc" contextid="274" durationms="4.171" usertimems="4.000" systemtimems="0.000" timestamp="2019-06-16T02:03:25.218" activeThreads="4">
  <mem-info id="282" free="12582912" total="32505856" percent="38">
    <mem type="eden" free="624752" total="1048576" percent="59" />
    <remembered-set count="6304" freebytes="1272320" totalbytes="1297536" percent="98" regionsoverflowed="0" regionsstable="0" regionsrebuilding="0"/>
  </mem-info>
</gc-end>
<cycle-end id="283" type="partial gc" contextid="274" timestamp="2019-06-16T02:03:25.218" />
  <attribute name="elasticGC enabled" value="1" />
  <attribute name= "numThreadsSpecified" value="4" />
  <attribute name="heapSize specified" value="0" />
  <attribute name="Current GC Util" value="24" />
  <attribute name= "Current Time Running" value="3386" />
  <attribute name ="GC Interval" value="0" />
  <attribute name="ProportionalT" value="6.000000" />
  <attribute name="ProportionalI" value="6.000000" />
  <attribute name="ProportionalH" value="6.000000" />
  <attribute name="Current Error" value="4.000000" />
  <attribute name="IntegralT" value="4.000000" />
  <attribute name="IntegralI" value="4.000000" />
  <attribute name="IntegralH" value="4.000000" />
  <attribute name="DerivativeT" value="-53.000000" />
  <attribute name="DerivativeI" value="-53.000000" />
  <attribute name="DerivativeH" value="-53.000000" />
  <attribute name="Loop Time for DT" value="1.000000" />
  <attribute name="Output H" value="2091843584"/>
  <attribute name="Output I" value="200"/>
  <attribute name="Output T" value="4"/>
  <attribute name="Target GC Util Change" value ="20.000000" />
  <attribute name="Current GC Util Change" value="24.000000"/>
  <attribute name="GC Util currently" value="24" />
  <attribute name="CPU Util currently" value="6716298642027" />
<exclusive-end id="284" timestamp="2019-06-16T02:03:25.218" durationms="4.878" />

<exclusive-start id="285" timestamp="2019-06-16T02:03:25.329" intervalms="115.521">
  <response-info timems="0.038" idlems="0.038" threads="0" lastid="0000000002507D00" lastname="Thread-6" />
</exclusive-start>
<allocation-taxation id="286" taxation-threshold="12582912" timestamp="2019-06-16T02:03:25.329" intervalms="115.519" />
<cycle-start id="287" type="partial gc" contextid="0" timestamp="2019-06-16T02:03:25.329" intervalms="115.528" />
<gc-start id="288" type="partial gc" contextid="287" timestamp="2019-06-16T02:03:25.329">
  <mem-info id="289" free="0" total="32505856" percent="0">
    <mem type="eden" free="0" total="12582912" percent="0" />
    <remembered-set count="5824" freebytes="1274240" totalbytes="1297536" percent="98" regionsoverflowed="0" regionsstable="0" regionsrebuilding="0"/>
  </mem-info>
</gc-start>
<allocation-stats totalBytes="12575016" >
  <allocated-bytes non-tlh="0" tlh="12575016" arrayletleaf="0"/>
  <largest-consumer threadName="Thread-4" threadId="0000000002500500" bytes="3877120" />
</allocation-stats>
<gc-op id="290" type="mark" timems="0.984" contextid="287" timestamp="2019-06-16T02:03:25.331">
  <trace-info objectcount="1941" scancount="1566" scanbytes="350252" />
  <cardclean-info objects="1124" bytes="56312" />
  <remembered-set-cleared processed="3875" cleared="488" durationms="0.123" />
  <stringconstants candidates="3963" cleared="0"  />
  <warning details="Mark invoked due to insufficient free space for Copy-Forward" />
</gc-op>
<gc-op id="291" type="classunload" timems="0.002" contextid="287" timestamp="2019-06-16T02:03:25.331">
  <classunload-info classloadercandidates="20" classloadersunloaded="0" classesunloaded="0" anonymousclassesunloaded="0" quiescems="0.000" setupms="0.002" scanms="0.000" postms="0.000" />
</gc-op>
<gc-op id="292" type="sweep" timems="0.475" contextid="287" timestamp="2019-06-16T02:03:25.332" />
<gc-op id="293" type="compact" timems="1.123" contextid="287" timestamp="2019-06-16T02:03:25.333">
  <compact-info movecount="1928" movebytes="837184" />
  <remembered-set-cleared processed="8063" cleared="1036" durationms="0.123" />
</gc-op>
<heap-resize id="294" type="expand" space="default" amount="1048576" count="1" timems="0.062" reason="insufficient free space following gc" timestamp="2019-06-16T02:03:25.333" />
<gc-end id="295" type="partial gc" contextid="287" durationms="3.967" usertimems="8.000" systemtimems="0.000" timestamp="2019-06-16T02:03:25.333" activeThreads="4">
  <mem-info id="296" free="12582912" total="33554432" percent="37">
    <mem type="eden" free="206760" total="1048576" percent="19" />
    <remembered-set count="6176" freebytes="1314688" totalbytes="1339392" percent="98" regionsoverflowed="0" regionsstable="0" regionsrebuilding="0"/>
  </mem-info>
</gc-end>
<cycle-end id="297" type="partial gc" contextid="287" timestamp="2019-06-16T02:03:25.334" />
  <attribute name="elasticGC enabled" value="1" />
  <attribute name= "numThreadsSpecified" value="4" />
  <attribute name="heapSize specified" value="0" />
  <attribute name="Current GC Util" value="26" />
  <attribute name= "Current Time Running" value="3501" />
  <attribute name ="GC Interval" value="0" />
  <attribute name="ProportionalT" value="9.000000" />
  <attribute name="ProportionalI" value="9.000000" />
  <attribute name="ProportionalH" value="9.000000" />
  <attribute name="Current Error" value="6.000000" />
  <attribute name="IntegralT" value="6.000000" />
  <attribute name="IntegralI" value="6.000000" />
  <attribute name="IntegralH" value="6.000000" />
  <attribute name="DerivativeT" value="6.000000" />
  <attribute name="DerivativeI" value="6.000000" />
  <attribute name="DerivativeH" value="6.000000" />
  <attribute name="Loop Time for DT" value="1.000000" />
  <attribute name="Output H" value="8388608"/>
  <attribute name="Output I" value="200"/>
  <attribute name="Output T" value="4"/>
  <attribute name="Target GC Util Change" value ="20.000000" />
  <attribute name="Current GC Util Change" value="26.000000"/>
  <attribute name="GC Util currently" value="26" />
  <attribute name="CPU Util currently" value="6503374617844" />
<exclusive-end id="298" timestamp="2019-06-16T02:03:25.334" durationms="4.881" />

<exclusive-start id="299" timestamp="2019-06-16T02:03:25.467" intervalms="138.446">
  <response-info timems="0.051" idlems="0.051" threads="0" lastid="0000000002507D00" lastname="Thread-6" />
</exclusive-start>
<allocation-taxation id="300" taxation-threshold="12582912" timestamp="2019-06-16T02:03:25.468" intervalms="138.449" />
<cycle-start id="301" type="partial gc" contextid="0" timestamp="2019-06-16T02:03:25.468" intervalms="138.448" />
<gc-start id="302" type="partial gc" contextid="301" timestamp="2019-06-16T02:03:25.468">
  <mem-info id="303" free="0" total="33554432" percent="0">
    <mem type="eden" free="0" total="12582912" percent="0" />
    <remembered-set count="5792" freebytes="1316224" totalbytes="1339392" percent="98" regionsoverflowed="0" regionsstable="0" regionsrebuilding="0"/>
  </mem-info>
</gc-start>
<allocation-stats totalBytes="12547296" >
  <allocated-bytes non-tlh="16392" tlh="12530904" arrayletleaf="0"/>
  <largest-consumer threadName="Thread-5" threadId="0000000002504100" bytes="4942632" />
</allocation-stats>
<gc-op id="304" type="mark" timems="1.117" contextid="301" timestamp="2019-06-16T02:03:25.469">
  <trace-info objectcount="1604" scancount="1237" scanbytes="283956" />
  <cardclean-info objects="1103" bytes="55664" />
  <remembered-set-cleared processed="4084" cleared="638" durationms="0.086" />
  <stringconstants candidates="3963" cleared="0"  />
  <warning details="Mark invoked due to insufficient free space for Copy-Forward" />
</gc-op>
<gc-op id="305" type="classunload" timems="0.002" contextid="301" timestamp="2019-06-16T02:03:25.469">
  <classunload-info classloadercandidates="20" classloadersunloaded="0" classesunloaded="0" anonymousclassesunloaded="0" quiescems="0.000" setupms="0.002" scanms="0.000" postms="0.000" />
</gc-op>
<gc-op id="306" type="sweep" timems="0.335" contextid="301" timestamp="2019-06-16T02:03:25.470" />
<gc-op id="307" type="compact" timems="0.947" contextid="301" timestamp="2019-06-16T02:03:25.471">
  <compact-info movecount="1604" movebytes="730840" />
  <remembered-set-cleared processed="8212" cleared="1077" durationms="0.086" />
</gc-op>
<heap-resize id="308" type="expand" space="default" amount="1048576" count="1" timems="0.063" reason="insufficient free space following gc" timestamp="2019-06-16T02:03:25.471" />
<gc-end id="309" type="partial gc" contextid="301" durationms="3.777" usertimems="4.000" systemtimems="0.000" timestamp="2019-06-16T02:03:25.472" activeThreads="4">
  <mem-info id="310" free="12582912" total="34603008" percent="36">
    <mem type="eden" free="317880" total="1048576" percent="30" />
    <remembered-set count="6368" freebytes="1355776" totalbytes="1381248" percent="98" regionsoverflowed="0" regionsstable="0" regionsrebuilding="0"/>
  </mem-info>
</gc-end>
<cycle-end id="311" type="partial gc" contextid="301" timestamp="2019-06-16T02:03:25.472" />
  <attribute name="elasticGC enabled" value="1" />
  <attribute name= "numThreadsSpecified" value="4" />
  <attribute name="heapSize specified" value="0" />
  <attribute name="Current GC Util" value="27" />
  <attribute name= "Current Time Running" value="3639" />
  <attribute name ="GC Interval" value="0" />
  <attribute name="ProportionalT" value="10.500000" />
  <attribute name="ProportionalI" value="10.500000" />
  <attribute name="ProportionalH" value="10.500000" />
  <attribute name="Current Error" value="7.000000" />
  <attribute name="IntegralT" value="0.000000" />
  <attribute name="IntegralI" value="0.000000" />
  <attribute name="IntegralH" value="0.000000" />
  <attribute name="DerivativeT" value="-inf" />
  <attribute name="DerivativeI" value="-inf" />
  <attribute name="DerivativeH" value="-inf" />
  <attribute name="Loop Time for DT" value="0.000000" />
  <attribute name="Output H" value="2091843584"/>
  <attribute name="Output I" value="200"/>
  <attribute name="Output T" value="4"/>
  <attribute name="Target GC Util Change" value ="20.000000" />
  <attribute name="Current GC Util Change" value="27.000000"/>
  <attribute name="GC Util currently" value="27" />
  <attribute name="CPU Util currently" value="8095776138997" />
<exclusive-end id="312" timestamp="2019-06-16T02:03:25.472" durationms="4.581" />

<exclusive-start id="313" timestamp="2019-06-16T02:03:25.599" intervalms="132.044">
  <response-info timems="0.060" idlems="0.060" threads="0" lastid="0000000002504100" lastname="Thread-5" />
</exclusive-start>
<allocation-taxation id="314" taxation-threshold="12582912" timestamp="2019-06-16T02:03:25.600" intervalms="132.044" />
<cycle-start id="315" type="partial gc" contextid="0" timestamp="2019-06-16T02:03:25.600" intervalms="132.038" />
<gc-start id="316" type="partial gc" contextid="315" timestamp="2019-06-16T02:03:25.600">
  <mem-info id="317" free="0" total="34603008" percent="0">
    <mem type="eden" free="0" total="12582912" percent="0" />
    <remembered-set count="6112" freebytes="1356800" totalbytes="1381248" percent="98" regionsoverflowed="0" regionsstable="0" regionsrebuilding="0"/>
  </mem-info>
</gc-start>
<allocation-stats totalBytes="12529136" >
  <allocated-bytes non-tlh="0" tlh="12529136" arrayletleaf="0"/>
  <largest-consumer threadName="Thread-5" threadId="0000000002504100" bytes="4835544" />
</allocation-stats>
<gc-op id="318" type="mark" timems="1.079" contextid="315" timestamp="2019-06-16T02:03:25.601">
  <trace-info objectcount="2607" scancount="2084" scanbytes="419784" />
  <cardclean-info objects="1117" bytes="56152" />
  <remembered-set-cleared processed="4078" cleared="600" durationms="0.092" />
  <references type="weak" candidates="1" cleared="0" enqueued="0" />
  <references type="phantom" candidates="1" cleared="0" enqueued="0" />
  <stringconstants candidates="3963" cleared="0"  />
  <warning details="Mark invoked due to insufficient free space for Copy-Forward" />
</gc-op>
<gc-op id="319" type="classunload" timems="0.003" contextid="315" timestamp="2019-06-16T02:03:25.601">
  <classunload-info classloadercandidates="20" classloadersunloaded="0" classesunloaded="0" anonymousclassesunloaded="0" quiescems="0.000" setupms="0.003" scanms="0.000" postms="0.000" />
</gc-op>
<gc-op id="320" type="sweep" timems="0.346" contextid="315" timestamp="2019-06-16T02:03:25.602" />
<gc-op id="321" type="compact" timems="1.071" contextid="315" timestamp="2019-06-16T02:03:25.603">
  <compact-info movecount="2607" movebytes="1052384" />
  <remembered-set-cleared processed="8492" cleared="1286" durationms="0.092" />
</gc-op>
<heap-resize id="322" type="expand" space="default" amount="3145728" count="1" timems="0.074" reason="insufficient free space following gc" timestamp="2019-06-16T02:03:25.604" />
<gc-end id="323" type="partial gc" contextid="315" durationms="3.788" usertimems="8.000" systemtimems="0.000" timestamp="2019-06-16T02:03:25.604" activeThreads="4">
  <mem-info id="324" free="13631488" total="37748736" percent="36">
    <mem type="eden" free="1044480" total="2097152" percent="49" />
    <remembered-set count="6400" freebytes="1481216" totalbytes="1506816" percent="98" regionsoverflowed="0" regionsstable="0" regionsrebuilding="0"/>
  </mem-info>
</gc-end>
<cycle-end id="325" type="partial gc" contextid="315" timestamp="2019-06-16T02:03:25.604" />
  <attribute name="elasticGC enabled" value="1" />
  <attribute name= "numThreadsSpecified" value="4" />
  <attribute name="heapSize specified" value="0" />
  <attribute name="Current GC Util" value="28" />
  <attribute name= "Current Time Running" value="3771" />
  <attribute name ="GC Interval" value="0" />
  <attribute name="ProportionalT" value="12.000000" />
  <attribute name="ProportionalI" value="12.000000" />
  <attribute name="ProportionalH" value="12.000000" />
  <attribute name="Current Error" value="8.000000" />
  <attribute name="IntegralT" value="0.000000" />
  <attribute name="IntegralI" value="0.000000" />
  <attribute name="IntegralH" value="0.000000" />
  <attribute name="DerivativeT" value="-inf" />
  <attribute name="DerivativeI" value="-inf" />
  <attribute name="DerivativeH" value="-inf" />
  <attribute name="Loop Time for DT" value="0.000000" />
  <attribute name="Output H" value="2091843584"/>
  <attribute name="Output I" value="200"/>
  <attribute name="Output T" value="4"/>
  <attribute name="Target GC Util Change" value ="20.000000" />
  <attribute name="Current GC Util Change" value="28.000000"/>
  <attribute name="GC Util currently" value="28" />
  <attribute name="CPU Util currently" value="8463346581216" />
<exclusive-end id="326" timestamp="2019-06-16T02:03:25.604" durationms="4.629" />

<exclusive-start id="327" timestamp="2019-06-16T02:03:25.748" intervalms="148.904">
  <response-info timems="0.055" idlems="0.030" threads="1" lastid="00000000024FC900" lastname="Thread-3" />
</exclusive-start>
<allocation-taxation id="328" taxation-threshold="13631488" timestamp="2019-06-16T02:03:25.748" intervalms="148.903" />
<cycle-start id="329" type="partial gc" contextid="0" timestamp="2019-06-16T02:03:25.749" intervalms="148.909" />
<gc-start id="330" type="partial gc" contextid="329" timestamp="2019-06-16T02:03:25.749">
  <mem-info id="331" free="0" total="37748736" percent="0">
    <mem type="eden" free="0" total="13631488" percent="0" />
    <remembered-set count="6208" freebytes="1481984" totalbytes="1506816" percent="98" regionsoverflowed="0" regionsstable="0" regionsrebuilding="0"/>
  </mem-info>
</gc-start>
<allocation-stats totalBytes="13595912" >
  <allocated-bytes non-tlh="32784" tlh="13563128" arrayletleaf="0"/>
  <largest-consumer threadName="Thread-5" threadId="0000000002504100" bytes="4790496" />
</allocation-stats>
<gc-op id="332" type="mark" timems="1.053" contextid="329" timestamp="2019-06-16T02:03:25.750">
  <trace-info objectcount="1076" scancount="884" scanbytes="218480" />
  <cardclean-info objects="1140" bytes="57552" />
  <remembered-set-cleared processed="4273" cleared="770" durationms="0.087" />
  <references type="phantom" candidates="1" cleared="0" enqueued="0" />
  <stringconstants candidates="3963" cleared="0"  />
  <warning details="Mark invoked due to insufficient free space for Copy-Forward" />
</gc-op>
<gc-op id="333" type="classunload" timems="0.002" contextid="329" timestamp="2019-06-16T02:03:25.750">
  <classunload-info classloadercandidates="20" classloadersunloaded="0" classesunloaded="0" anonymousclassesunloaded="0" quiescems="0.000" setupms="0.002" scanms="0.000" postms="0.000" />
</gc-op>
<gc-op id="334" type="sweep" timems="0.362" contextid="329" timestamp="2019-06-16T02:03:25.751" />
<gc-op id="335" type="compact" timems="0.931" contextid="329" timestamp="2019-06-16T02:03:25.752">
  <compact-info movecount="1076" movebytes="475592" />
  <remembered-set-cleared processed="8351" cleared="1080" durationms="0.087" />
</gc-op>
<gc-end id="336" type="partial gc" contextid="329" durationms="3.500" usertimems="0.000" systemtimems="8.000" timestamp="2019-06-16T02:03:25.752" activeThreads="4">
  <mem-info id="337" free="13631488" total="37748736" percent="36">
    <mem type="eden" free="573272" total="1048576" percent="54" />
    <remembered-set count="6496" freebytes="1480832" totalbytes="1506816" percent="98" regionsoverflowed="0" regionsstable="0" regionsrebuilding="0"/>
  </mem-info>
</gc-end>
<cycle-end id="338" type="partial gc" contextid="329" timestamp="2019-06-16T02:03:25.752" />
  <attribute name="elasticGC enabled" value="1" />
  <attribute name= "numThreadsSpecified" value="4" />
  <attribute name="heapSize specified" value="0" />
  <attribute name="Current GC Util" value="25" />
  <attribute name= "Current Time Running" value="3920" />
  <attribute name ="GC Interval" value="0" />
  <attribute name="ProportionalT" value="7.500000" />
  <attribute name="ProportionalI" value="7.500000" />
  <attribute name="ProportionalH" value="7.500000" />
  <attribute name="Current Error" value="5.000000" />
  <attribute name="IntegralT" value="0.000000" />
  <attribute name="IntegralI" value="0.000000" />
  <attribute name="IntegralH" value="0.000000" />
  <attribute name="DerivativeT" value="-inf" />
  <attribute name="DerivativeI" value="-inf" />
  <attribute name="DerivativeH" value="-inf" />
  <attribute name="Loop Time for DT" value="0.000000" />
  <attribute name="Output H" value="2091843584"/>
  <attribute name="Output I" value="200"/>
  <attribute name="Output T" value="4"/>
  <attribute name="Target GC Util Change" value ="20.000000" />
  <attribute name="Current GC Util Change" value="25.000000"/>
  <attribute name="GC Util currently" value="25" />
  <attribute name="CPU Util currently" value="7531029259512" />
<exclusive-end id="339" timestamp="2019-06-16T02:03:25.753" durationms="4.237" />

<exclusive-start id="340" timestamp="2019-06-16T02:03:25.887" intervalms="138.610">
  <response-info timems="0.140" idlems="0.078" threads="1" lastid="00000000024FC900" lastname="Thread-3" />
</exclusive-start>
<allocation-taxation id="341" taxation-threshold="13631488" timestamp="2019-06-16T02:03:25.887" intervalms="138.660" />
<cycle-start id="342" type="partial gc" contextid="0" timestamp="2019-06-16T02:03:25.887" intervalms="138.702" />
<gc-start id="343" type="partial gc" contextid="342" timestamp="2019-06-16T02:03:25.888">
  <mem-info id="344" free="0" total="37748736" percent="0">
    <mem type="eden" free="0" total="13631488" percent="0" />
    <remembered-set count="6272" freebytes="1481728" totalbytes="1506816" percent="98" regionsoverflowed="0" regionsstable="0" regionsrebuilding="0"/>
  </mem-info>
</gc-start>
<allocation-stats totalBytes="13626744" >
  <allocated-bytes non-tlh="32776" tlh="13593968" arrayletleaf="0"/>
  <largest-consumer threadName="Thread-5" threadId="0000000002504100" bytes="4471928" />
</allocation-stats>
<gc-op id="345" type="mark" timems="1.116" contextid="342" timestamp="2019-06-16T02:03:25.889">
  <trace-info objectcount="2725" scancount="2150" scanbytes="420792" />
  <cardclean-info objects="1116" bytes="56216" />
  <remembered-set-cleared processed="4048" cleared="481" durationms="0.134" />
  <stringconstants candidates="3963" cleared="0"  />
  <warning details="Mark invoked due to insufficient free space for Copy-Forward" />
</gc-op>
<gc-op id="346" type="classunload" timems="0.001" contextid="342" timestamp="2019-06-16T02:03:25.889">
  <classunload-info classloadercandidates="20" classloadersunloaded="0" classesunloaded="0" anonymousclassesunloaded="0" quiescems="0.000" setupms="0.001" scanms="0.000" postms="0.000" />
</gc-op>
<gc-op id="347" type="sweep" timems="0.601" contextid="342" timestamp="2019-06-16T02:03:25.890" />
<gc-op id="348" type="compact" timems="1.412" contextid="342" timestamp="2019-06-16T02:03:25.892">
  <compact-info movecount="2719" movebytes="1036168" />
  <remembered-set-cleared processed="8565" cleared="1185" durationms="0.134" />
</gc-op>
<gc-end id="349" type="partial gc" contextid="342" durationms="4.694" usertimems="8.000" systemtimems="0.000" timestamp="2019-06-16T02:03:25.892" activeThreads="4">
  <mem-info id="350" free="12582912" total="37748736" percent="33">
    <mem type="eden" free="5776" total="1048576" percent="0" />
    <remembered-set count="6272" freebytes="1481728" totalbytes="1506816" percent="98" regionsoverflowed="0" regionsstable="0" regionsrebuilding="0"/>
  </mem-info>
</gc-end>
<cycle-end id="351" type="partial gc" contextid="342" timestamp="2019-06-16T02:03:25.892" />
  <attribute name="elasticGC enabled" value="1" />
  <attribute name= "numThreadsSpecified" value="4" />
  <attribute name="heapSize specified" value="0" />
  <attribute name="Current GC Util" value="26" />
  <attribute name= "Current Time Running" value="4060" />
  <attribute name ="GC Interval" value="0" />
  <attribute name="ProportionalT" value="9.000000" />
  <attribute name="ProportionalI" value="9.000000" />
  <attribute name="ProportionalH" value="9.000000" />
  <attribute name="Current Error" value="6.000000" />
  <attribute name="IntegralT" value="6.000000" />
  <attribute name="IntegralI" value="6.000000" />
  <attribute name="IntegralH" value="6.000000" />
  <attribute name="DerivativeT" value="6.000000" />
  <attribute name="DerivativeI" value="6.000000" />
  <attribute name="DerivativeH" value="6.000000" />
  <attribute name="Loop Time for DT" value="1.000000" />
  <attribute name="Output H" value="8388608"/>
  <attribute name="Output I" value="200"/>
  <attribute name="Output T" value="4"/>
  <attribute name="Target GC Util Change" value ="20.000000" />
  <attribute name="Current GC Util Change" value="26.000000"/>
  <attribute name="GC Util currently" value="26" />
  <attribute name="CPU Util currently" value="5152485769019" />
<exclusive-end id="352" timestamp="2019-06-16T02:03:25.893" durationms="5.651" />

<exclusive-start id="353" timestamp="2019-06-16T02:03:25.997" intervalms="110.271">
  <response-info timems="0.039" idlems="0.039" threads="0" lastid="0000000002504100" lastname="Thread-5" />
</exclusive-start>
<allocation-taxation id="354" taxation-threshold="12582912" timestamp="2019-06-16T02:03:25.997" intervalms="110.221" />
<cycle-start id="355" type="partial gc" contextid="0" timestamp="2019-06-16T02:03:25.997" intervalms="110.173" />
<gc-start id="356" type="partial gc" contextid="355" timestamp="2019-06-16T02:03:25.998">
  <mem-info id="357" free="0" total="37748736" percent="0">
    <mem type="eden" free="0" total="12582912" percent="0" />
    <remembered-set count="5952" freebytes="1483008" totalbytes="1506816" percent="98" regionsoverflowed="0" regionsstable="0" regionsrebuilding="0"/>
  </mem-info>
</gc-start>
<allocation-stats totalBytes="12543704" >
  <allocated-bytes non-tlh="0" tlh="12543704" arrayletleaf="0"/>
  <largest-consumer threadName="Thread-3" threadId="00000000024FC900" bytes="3958520" />
</allocation-stats>
<gc-op id="358" type="mark" timems="1.080" contextid="355" timestamp="2019-06-16T02:03:25.999">
  <trace-info objectcount="2536" scancount="2052" scanbytes="419416" />
  <cardclean-info objects="1136" bytes="57272" />
  <remembered-set-cleared processed="4374" cleared="769" durationms="0.140" />
  <references type="weak" candidates="1" cleared="0" enqueued="0" />
  <references type="phantom" candidates="1" cleared="0" enqueued="0" />
  <stringconstants candidates="3963" cleared="0"  />
  <warning details="Mark invoked due to insufficient free space for Copy-Forward" />
</gc-op>
<gc-op id="359" type="classunload" timems="0.002" contextid="355" timestamp="2019-06-16T02:03:25.999">
  <classunload-info classloadercandidates="20" classloadersunloaded="0" classesunloaded="0" anonymousclassesunloaded="0" quiescems="0.000" setupms="0.002" scanms="0.000" postms="0.000" />
</gc-op>
<gc-op id="360" type="sweep" timems="0.476" contextid="355" timestamp="2019-06-16T02:03:26.000" />
<gc-op id="361" type="compact" timems="1.361" contextid="355" timestamp="2019-06-16T02:03:26.002">
  <compact-info movecount="2535" movebytes="1000448" />
  <remembered-set-cleared processed="8940" cleared="1493" durationms="0.140" />
</gc-op>
<heap-resize id="362" type="expand" space="default" amount="3145728" count="1" timems="0.076" reason="insufficient free space following gc" timestamp="2019-06-16T02:03:26.002" />
<gc-end id="363" type="partial gc" contextid="355" durationms="4.397" usertimems="4.000" systemtimems="0.000" timestamp="2019-06-16T02:03:26.002" activeThreads="1">
  <mem-info id="364" free="14680064" total="40894464" percent="35">
    <mem type="eden" free="16048" total="1048576" percent="1" />
    <remembered-set count="6272" freebytes="1607296" totalbytes="1632384" percent="98" regionsoverflowed="0" regionsstable="0" regionsrebuilding="0"/>
  </mem-info>
</gc-end>
<cycle-end id="365" type="partial gc" contextid="355" timestamp="2019-06-16T02:03:26.002" />
  <attribute name="elasticGC enabled" value="1" />
  <attribute name= "numThreadsSpecified" value="1" />
  <attribute name="heapSize specified" value="0" />
  <attribute name="Current GC Util" value="27" />
  <attribute name= "Current Time Running" value="4169" />
  <attribute name ="GC Interval" value="0" />
  <attribute name="ProportionalT" value="10.500000" />
  <attribute name="ProportionalI" value="10.500000" />
  <attribute name="ProportionalH" value="10.500000" />
  <attribute name="Current Error" value="7.000000" />
  <attribute name="IntegralT" value="0.000000" />
  <attribute name="IntegralI" value="0.000000" />
  <attribute name="IntegralH" value="0.000000" />
  <attribute name="DerivativeT" value="inf" />
  <attribute name="DerivativeI" value="inf" />
  <attribute name="DerivativeH" value="inf" />
  <attribute name="Loop Time for DT" value="0.000000" />
  <attribute name="Output H" value="8388608"/>
  <attribute name="Output I" value="200"/>
  <attribute name="Output T" value="1"/>
  <attribute name="Target GC Util Change" value ="20.000000" />
  <attribute name="Current GC Util Change" value="27.000000"/>
  <attribute name="GC Util currently" value="27" />
  <attribute name="CPU Util currently" value="6234788507096" />
<exclusive-end id="366" timestamp="2019-06-16T02:03:26.002" durationms="5.228" />

<exclusive-start id="367" timestamp="2019-06-16T02:03:26.130" intervalms="133.034">
  <response-info timems="0.034" idlems="0.034" threads="0" lastid="0000000002500500" lastname="Thread-4" />
</exclusive-start>
<allocation-taxation id="368" taxation-threshold="14680064" timestamp="2019-06-16T02:03:26.130" intervalms="133.036" />
<cycle-start id="369" type="partial gc" contextid="0" timestamp="2019-06-16T02:03:26.130" intervalms="133.034" />
<gc-start id="370" type="partial gc" contextid="369" timestamp="2019-06-16T02:03:26.131">
  <mem-info id="371" free="0" total="40894464" percent="0">
    <mem type="eden" free="16048" total="15728640" percent="0" />
    <remembered-set count="5888" freebytes="1608832" totalbytes="1632384" percent="98" regionsoverflowed="0" regionsstable="0" regionsrebuilding="0"/>
  </mem-info>
</gc-start>
<allocation-stats totalBytes="14628712" >
  <allocated-bytes non-tlh="32776" tlh="14595936" arrayletleaf="0"/>
  <largest-consumer threadName="Thread-5" threadId="0000000002504100" bytes="4516896" />
</allocation-stats>
<gc-op id="372" type="mark" timems="0.986" contextid="369" timestamp="2019-06-16T02:03:26.132">
  <trace-info objectcount="2202" scancount="1733" scanbytes="403664" />
  <cardclean-info objects="1178" bytes="59332" />
  <remembered-set-cleared processed="4401" cleared="794" durationms="0.128" />
  <references type="phantom" candidates="1" cleared="0" enqueued="0" />
  <stringconstants candidates="3963" cleared="0"  />
  <warning details="Mark invoked due to insufficient free space for Copy-Forward" />
</gc-op>
<gc-op id="373" type="classunload" timems="0.002" contextid="369" timestamp="2019-06-16T02:03:26.132">
  <classunload-info classloadercandidates="20" classloadersunloaded="0" classesunloaded="0" anonymousclassesunloaded="0" quiescems="0.000" setupms="0.002" scanms="0.000" postms="0.000" />
</gc-op>
<gc-op id="374" type="sweep" timems="0.437" contextid="369" timestamp="2019-06-16T02:03:26.133" />
<gc-op id="375" type="compact" timems="1.287" contextid="369" timestamp="2019-06-16T02:03:26.134">
  <compact-info movecount="2158" movebytes="894088" />
  <remembered-set-cleared processed="8865" cleared="1404" durationms="0.128" />
</gc-op>
<gc-end id="376" type="partial gc" contextid="369" durationms="3.809" usertimems="4.000" systemtimems="0.000" timestamp="2019-06-16T02:03:26.134" activeThreads="1">
  <mem-info id="377" free="14680064" total="40894464" percent="35">
    <mem type="eden" free="154536" total="1048576" percent="14" />
    <remembered-set count="6080" freebytes="1608064" totalbytes="1632384" percent="98" regionsoverflowed="0" regionsstable="0" regionsrebuilding="0"/>
  </mem-info>
</gc-end>
<cycle-end id="378" type="partial gc" contextid="369" timestamp="2019-06-16T02:03:26.135" />
  <attribute name="elasticGC enabled" value="1" />
  <attribute name= "numThreadsSpecified" value="1" />
  <attribute name="heapSize specified" value="0" />
  <attribute name="Current GC Util" value="29" />
  <attribute name= "Current Time Running" value="4302" />
  <attribute name ="GC Interval" value="0" />
  <attribute name="ProportionalT" value="13.500000" />
  <attribute name="ProportionalI" value="13.500000" />
  <attribute name="ProportionalH" value="13.500000" />
  <attribute name="Current Error" value="9.000000" />
  <attribute name="IntegralT" value="0.000000" />
  <attribute name="IntegralI" value="0.000000" />
  <attribute name="IntegralH" value="0.000000" />
  <attribute name="DerivativeT" value="inf" />
  <attribute name="DerivativeI" value="inf" />
  <attribute name="DerivativeH" value="inf" />
  <attribute name="Loop Time for DT" value="0.000000" />
  <attribute name="Output H" value="8388608"/>
  <attribute name="Output I" value="200"/>
  <attribute name="Output T" value="1"/>
  <attribute name="Target GC Util Change" value ="20.000000" />
  <attribute name="Current GC Util Change" value="29.000000"/>
  <attribute name="GC Util currently" value="29" />
  <attribute name="CPU Util currently" value="7320612952482" />
<exclusive-end id="379" timestamp="2019-06-16T02:03:26.135" durationms="4.553" />

<exclusive-start id="380" timestamp="2019-06-16T02:03:26.277" intervalms="146.974">
  <response-info timems="0.036" idlems="0.036" threads="0" lastid="0000000002500500" lastname="Thread-4" />
</exclusive-start>
<allocation-taxation id="381" taxation-threshold="14680064" timestamp="2019-06-16T02:03:26.277" intervalms="146.978" />
<cycle-start id="382" type="partial gc" contextid="0" timestamp="2019-06-16T02:03:26.277" intervalms="146.980" />
<gc-start id="383" type="partial gc" contextid="382" timestamp="2019-06-16T02:03:26.278">
  <mem-info id="384" free="0" total="40894464" percent="0">
    <mem type="eden" free="0" total="14680064" percent="0" />
    <remembered-set count="5728" freebytes="1609472" totalbytes="1632384" percent="98" regionsoverflowed="0" regionsstable="0" regionsrebuilding="0"/>
  </mem-info>
</gc-start>
<allocation-stats totalBytes="14676136" >
  <allocated-bytes non-tlh="0" tlh="14676136" arrayletleaf="0"/>
  <largest-consumer threadName="Thread-5" threadId="0000000002504100" bytes="4815520" />
</allocation-stats>
<gc-op id="385" type="mark" timems="1.094" contextid="382" timestamp="2019-06-16T02:03:26.279">
  <trace-info objectcount="2585" scancount="2083" scanbytes="420080" />
  <cardclean-info objects="1136" bytes="57032" />
  <remembered-set-cleared processed="4373" cleared="680" durationms="0.138" />
  <stringconstants candidates="3963" cleared="0"  />
  <warning details="Mark invoked due to insufficient free space for Copy-Forward" />
</gc-op>
<gc-op id="386" type="classunload" timems="0.002" contextid="382" timestamp="2019-06-16T02:03:26.279">
  <classunload-info classloadercandidates="20" classloadersunloaded="0" classesunloaded="0" anonymousclassesunloaded="0" quiescems="0.000" setupms="0.002" scanms="0.000" postms="0.000" />
</gc-op>
<gc-op id="387" type="sweep" timems="0.462" contextid="382" timestamp="2019-06-16T02:03:26.280" />
<gc-op id="388" type="compact" timems="1.686" contextid="382" timestamp="2019-06-16T02:03:26.282">
  <compact-info movecount="5656" movebytes="1151520" />
  <remembered-set-cleared processed="8615" cleared="1961" durationms="0.138" />
</gc-op>
<gc-end id="389" type="partial gc" contextid="382" durationms="4.592" usertimems="8.000" systemtimems="0.000" timestamp="2019-06-16T02:03:26.282" activeThreads="4">
  <mem-info id="390" free="14680064" total="40894464" percent="35">
    <mem type="eden" free="15944" total="1048576" percent="1" />
    <remembered-set count="6112" freebytes="1607936" totalbytes="1632384" percent="98" regionsoverflowed="0" regionsstable="0" regionsrebuilding="0"/>
  </mem-info>
</gc-end>
<cycle-end id="391" type="partial gc" contextid="382" timestamp="2019-06-16T02:03:26.282" />
  <attribute name="elasticGC enabled" value="1" />
  <attribute name= "numThreadsSpecified" value="4" />
  <attribute name="heapSize specified" value="0" />
  <attribute name="Current GC Util" value="27" />
  <attribute name= "Current Time Running" value="4450" />
  <attribute name ="GC Interval" value="0" />
  <attribute name="ProportionalT" value="10.500000" />
  <attribute name="ProportionalI" value="10.500000" />
  <attribute name="ProportionalH" value="10.500000" />
  <attribute name="Current Error" value="7.000000" />
  <attribute name="IntegralT" value="7.000000" />
  <attribute name="IntegralI" value="7.000000" />
  <attribute name="IntegralH" value="7.000000" />
  <attribute name="DerivativeT" value="7.000000" />
  <attribute name="DerivativeI" value="7.000000" />
  <attribute name="DerivativeH" value="7.000000" />
  <attribute name="Loop Time for DT" value="1.000000" />
  <attribute name="Output H" value="8388608"/>
  <attribute name="Output I" value="200"/>
  <attribute name="Output T" value="4"/>
  <attribute name="Target GC Util Change" value ="20.000000" />
  <attribute name="Current GC Util Change" value="27.000000"/>
  <attribute name="GC Util currently" value="27" />
  <attribute name="CPU Util currently" value="6238794925333" />
<exclusive-end id="392" timestamp="2019-06-16T02:03:26.283" durationms="5.348" />

<exclusive-start id="393" timestamp="2019-06-16T02:03:26.395" intervalms="117.718">
  <response-info timems="0.029" idlems="0.029" threads="0" lastid="0000000002500500" lastname="Thread-4" />
</exclusive-start>
<allocation-taxation id="394" taxation-threshold="14680064" timestamp="2019-06-16T02:03:26.395" intervalms="117.710" />
<cycle-start id="395" type="partial gc" contextid="0" timestamp="2019-06-16T02:03:26.395" intervalms="117.708" />
<gc-start id="396" type="partial gc" contextid="395" timestamp="2019-06-16T02:03:26.395">
  <mem-info id="397" free="0" total="40894464" percent="0">
    <mem type="eden" free="0" total="14680064" percent="0" />
    <remembered-set count="5984" freebytes="1608448" totalbytes="1632384" percent="98" regionsoverflowed="0" regionsstable="0" regionsrebuilding="0"/>
  </mem-info>
</gc-start>
<allocation-stats totalBytes="14634696" >
  <allocated-bytes non-tlh="57368" tlh="14577328" arrayletleaf="0"/>
  <largest-consumer threadName="Thread-5" threadId="0000000002504100" bytes="4540424" />
</allocation-stats>
<gc-op id="398" type="mark" timems="1.017" contextid="395" timestamp="2019-06-16T02:03:26.397">
  <trace-info objectcount="2065" scancount="1631" scanbytes="352108" />
  <cardclean-info objects="1173" bytes="58964" />
  <remembered-set-cleared processed="4295" cleared="812" durationms="0.140" />
  <stringconstants candidates="3963" cleared="0"  />
  <warning details="Mark invoked due to insufficient free space for Copy-Forward" />
</gc-op>
<gc-op id="399" type="classunload" timems="0.002" contextid="395" timestamp="2019-06-16T02:03:26.397">
  <classunload-info classloadercandidates="20" classloadersunloaded="0" classesunloaded="0" anonymousclassesunloaded="0" quiescems="0.000" setupms="0.002" scanms="0.000" postms="0.000" />
</gc-op>
<gc-op id="400" type="sweep" timems="0.492" contextid="395" timestamp="2019-06-16T02:03:26.398" />
<gc-op id="401" type="compact" timems="2.297" contextid="395" timestamp="2019-06-16T02:03:26.400">
  <compact-info movecount="11298" movebytes="1412408" />
  <remembered-set-cleared processed="8080" cleared="3455" durationms="0.140" />
</gc-op>
<gc-end id="402" type="partial gc" contextid="395" durationms="5.051" usertimems="0.000" systemtimems="4.000" timestamp="2019-06-16T02:03:26.400" activeThreads="4">
  <mem-info id="403" free="14680064" total="40894464" percent="35">
    <mem type="eden" free="187752" total="1048576" percent="17" />
    <remembered-set count="6080" freebytes="1608064" totalbytes="1632384" percent="98" regionsoverflowed="0" regionsstable="0" regionsrebuilding="0"/>
  </mem-info>
</gc-end>
<cycle-end id="404" type="partial gc" contextid="395" timestamp="2019-06-16T02:03:26.401" />
  <attribute name="elasticGC enabled" value="1" />
  <attribute name= "numThreadsSpecified" value="4" />
  <attribute name="heapSize specified" value="0" />
  <attribute name="Current GC Util" value="27" />
  <attribute name= "Current Time Running" value="4567" />
  <attribute name ="GC Interval" value="0" />
  <attribute name="ProportionalT" value="10.500000" />
  <attribute name="ProportionalI" value="10.500000" />
  <attribute name="ProportionalH" value="10.500000" />
  <attribute name="Current Error" value="7.000000" />
  <attribute name="IntegralT" value="7.000000" />
  <attribute name="IntegralI" value="7.000000" />
  <attribute name="IntegralH" value="7.000000" />
  <attribute name="DerivativeT" value="7.000000" />
  <attribute name="DerivativeI" value="7.000000" />
  <attribute name="DerivativeH" value="7.000000" />
  <attribute name="Loop Time for DT" value="1.000000" />
  <attribute name="Output H" value="8388608"/>
  <attribute name="Output I" value="200"/>
  <attribute name="Output T" value="4"/>
  <attribute name="Target GC Util Change" value ="20.000000" />
  <attribute name="Current GC Util Change" value="27.000000"/>
  <attribute name="GC Util currently" value="27" />
  <attribute name="CPU Util currently" value="6431963981167" />
<exclusive-end id="405" timestamp="2019-06-16T02:03:26.401" durationms="5.854" />

<exclusive-start id="406" timestamp="2019-06-16T02:03:26.524" intervalms="128.943">
  <response-info timems="0.043" idlems="0.043" threads="0" lastid="00000000024FC900" lastname="Thread-3" />
</exclusive-start>
<allocation-taxation id="407" taxation-threshold="14680064" timestamp="2019-06-16T02:03:26.524" intervalms="128.941" />
<cycle-start id="408" type="partial gc" contextid="0" timestamp="2019-06-16T02:03:26.524" intervalms="128.947" />
<gc-start id="409" type="partial gc" contextid="408" timestamp="2019-06-16T02:03:26.524">
  <mem-info id="410" free="0" total="40894464" percent="0">
    <mem type="eden" free="0" total="14680064" percent="0" />
    <remembered-set count="5824" freebytes="1609088" totalbytes="1632384" percent="98" regionsoverflowed="0" regionsstable="0" regionsrebuilding="0"/>
  </mem-info>
</gc-start>
<allocation-stats totalBytes="14674280" >
  <allocated-bytes non-tlh="8200" tlh="14666080" arrayletleaf="0"/>
  <largest-consumer threadName="Thread-6" threadId="0000000002507D00" bytes="4832328" />
</allocation-stats>
<gc-op id="411" type="mark" timems="1.063" contextid="408" timestamp="2019-06-16T02:03:26.526">
  <trace-info objectcount="2648" scancount="2108" scanbytes="419988" />
  <cardclean-info objects="1137" bytes="57000" />
  <remembered-set-cleared processed="3385" cleared="588" durationms="0.133" />
  <stringconstants candidates="3963" cleared="0"  />
  <warning details="Mark invoked due to insufficient free space for Copy-Forward" />
</gc-op>
<gc-op id="412" type="classunload" timems="0.002" contextid="408" timestamp="2019-06-16T02:03:26.526">
  <classunload-info classloadercandidates="20" classloadersunloaded="0" classesunloaded="0" anonymousclassesunloaded="0" quiescems="0.000" setupms="0.002" scanms="0.000" postms="0.000" />
</gc-op>
<gc-op id="413" type="sweep" timems="0.463" contextid="408" timestamp="2019-06-16T02:03:26.527" />
<gc-op id="414" type="compact" timems="1.086" contextid="408" timestamp="2019-06-16T02:03:26.528">
  <compact-info movecount="2648" movebytes="1046000" />
  <remembered-set-cleared processed="7091" cleared="1288" durationms="0.133" />
</gc-op>
<gc-end id="415" type="partial gc" contextid="408" durationms="3.724" usertimems="8.000" systemtimems="0.000" timestamp="2019-06-16T02:03:26.528" activeThreads="4">
  <mem-info id="416" free="14680064" total="40894464" percent="35">
    <mem type="eden" free="3392" total="1048576" percent="0" />
    <remembered-set count="5472" freebytes="1610496" totalbytes="1632384" percent="98" regionsoverflowed="0" regionsstable="0" regionsrebuilding="0"/>
  </mem-info>
</gc-end>
<cycle-end id="417" type="partial gc" contextid="408" timestamp="2019-06-16T02:03:26.528" />
  <attribute name="elasticGC enabled" value="1" />
  <attribute name= "numThreadsSpecified" value="4" />
  <attribute name="heapSize specified" value="0" />
  <attribute name="Current GC Util" value="27" />
  <attribute name= "Current Time Running" value="4696" />
  <attribute name ="GC Interval" value="0" />
  <attribute name="ProportionalT" value="10.500000" />
  <attribute name="ProportionalI" value="10.500000" />
  <attribute name="ProportionalH" value="10.500000" />
  <attribute name="Current Error" value="7.000000" />
  <attribute name="IntegralT" value="7.000000" />
  <attribute name="IntegralI" value="7.000000" />
  <attribute name="IntegralH" value="7.000000" />
  <attribute name="DerivativeT" value="7.000000" />
  <attribute name="DerivativeI" value="7.000000" />
  <attribute name="DerivativeH" value="7.000000" />
  <attribute name="Loop Time for DT" value="1.000000" />
  <attribute name="Output H" value="8388608"/>
  <attribute name="Output I" value="200"/>
  <attribute name="Output T" value="4"/>
  <attribute name="Target GC Util Change" value ="20.000000" />
  <attribute name="Current GC Util Change" value="27.000000"/>
  <attribute name="GC Util currently" value="27" />
  <attribute name="CPU Util currently" value="6884839802389" />
<exclusive-end id="418" timestamp="2019-06-16T02:03:26.528" durationms="4.565" />

<exclusive-start id="419" timestamp="2019-06-16T02:03:26.661" intervalms="137.032">
  <response-info timems="0.035" idlems="0.035" threads="0" lastid="0000000002504100" lastname="Thread-5" />
</exclusive-start>
<allocation-taxation id="420" taxation-threshold="14680064" timestamp="2019-06-16T02:03:26.661" intervalms="137.040" />
<cycle-start id="421" type="partial gc" contextid="0" timestamp="2019-06-16T02:03:26.661" intervalms="137.046" />
<gc-start id="422" type="partial gc" contextid="421" timestamp="2019-06-16T02:03:26.661">
  <mem-info id="423" free="0" total="40894464" percent="0">
    <mem type="eden" free="0" total="14680064" percent="0" />
    <remembered-set count="5120" freebytes="1611904" totalbytes="1632384" percent="98" regionsoverflowed="0" regionsstable="0" regionsrebuilding="0"/>
  </mem-info>
</gc-start>
<allocation-stats totalBytes="14578520" >
  <allocated-bytes non-tlh="0" tlh="14578520" arrayletleaf="0"/>
  <largest-consumer threadName="Thread-6" threadId="0000000002507D00" bytes="3933280" />
</allocation-stats>
<gc-op id="424" type="mark" timems="1.040" contextid="421" timestamp="2019-06-16T02:03:26.663">
  <trace-info objectcount="1856" scancount="1526" scanbytes="330280" />
  <cardclean-info objects="1167" bytes="58904" />
  <remembered-set-cleared processed="3552" cleared="738" durationms="0.133" />
  <references type="weak" candidates="1" cleared="0" enqueued="0" />
  <references type="phantom" candidates="2" cleared="0" enqueued="0" />
  <stringconstants candidates="3963" cleared="0"  />
  <warning details="Mark invoked due to insufficient free space for Copy-Forward" />
</gc-op>
<gc-op id="425" type="classunload" timems="0.003" contextid="421" timestamp="2019-06-16T02:03:26.663">
  <classunload-info classloadercandidates="20" classloadersunloaded="0" classesunloaded="0" anonymousclassesunloaded="0" quiescems="0.000" setupms="0.002" scanms="0.000" postms="0.000" />
</gc-op>
<gc-op id="426" type="sweep" timems="0.484" contextid="421" timestamp="2019-06-16T02:03:26.664" />
<gc-op id="427" type="compact" timems="1.204" contextid="421" timestamp="2019-06-16T02:03:26.665">
  <compact-info movecount="1849" movebytes="741184" />
  <remembered-set-cleared processed="7114" cleared="1283" durationms="0.133" />
</gc-op>
<gc-end id="428" type="partial gc" contextid="421" durationms="4.073" usertimems="4.000" systemtimems="0.000" timestamp="2019-06-16T02:03:26.665" activeThreads="4">
  <mem-info id="429" free="14680064" total="40894464" percent="35">
    <mem type="eden" free="307392" total="1048576" percent="29" />
    <remembered-set count="5984" freebytes="1608448" totalbytes="1632384" percent="98" regionsoverflowed="0" regionsstable="0" regionsrebuilding="0"/>
  </mem-info>
</gc-end>
<cycle-end id="430" type="partial gc" contextid="421" timestamp="2019-06-16T02:03:26.666" />
  <attribute name="elasticGC enabled" value="1" />
  <attribute name= "numThreadsSpecified" value="4" />
  <attribute name="heapSize specified" value="0" />
  <attribute name="Current GC Util" value="26" />
  <attribute name= "Current Time Running" value="4833" />
  <attribute name ="GC Interval" value="0" />
  <attribute name="ProportionalT" value="9.000000" />
  <attribute name="ProportionalI" value="9.000000" />
  <attribute name="ProportionalH" value="9.000000" />
  <attribute name="Current Error" value="6.000000" />
  <attribute name="IntegralT" value="6.000000" />
  <attribute name="IntegralI" value="6.000000" />
  <attribute name="IntegralH" value="6.000000" />
  <attribute name="DerivativeT" value="6.000000" />
  <attribute name="DerivativeI" value="6.000000" />
  <attribute name="DerivativeH" value="6.000000" />
  <attribute name="Loop Time for DT" value="1.000000" />
  <attribute name="Output H" value="8388608"/>
  <attribute name="Output I" value="200"/>
  <attribute name="Output T" value="4"/>
  <attribute name="Target GC Util Change" value ="20.000000" />
  <attribute name="Current GC Util Change" value="26.000000"/>
  <attribute name="GC Util currently" value="26" />
  <attribute name="CPU Util currently" value="6039637511146" />
<exclusive-end id="431" timestamp="2019-06-16T02:03:26.666" durationms="4.863" />

<exclusive-start id="432" timestamp="2019-06-16T02:03:26.788" intervalms="127.313">
  <response-info timems="0.033" idlems="0.033" threads="0" lastid="0000000002504100" lastname="Thread-5" />
</exclusive-start>
<allocation-taxation id="433" taxation-threshold="14680064" timestamp="2019-06-16T02:03:26.788" intervalms="127.309" />
<cycle-start id="434" type="partial gc" contextid="0" timestamp="2019-06-16T02:03:26.788" intervalms="127.300" />
<gc-start id="435" type="partial gc" contextid="434" timestamp="2019-06-16T02:03:26.789">
  <mem-info id="436" free="0" total="40894464" percent="0">
    <mem type="eden" free="0" total="14680064" percent="0" />
    <remembered-set count="5504" freebytes="1610368" totalbytes="1632384" percent="98" regionsoverflowed="0" regionsstable="0" regionsrebuilding="0"/>
  </mem-info>
</gc-start>
<allocation-stats totalBytes="14648552" >
  <allocated-bytes non-tlh="81944" tlh="14566608" arrayletleaf="0"/>
  <largest-consumer threadName="Thread-5" threadId="0000000002504100" bytes="4345288" />
</allocation-stats>
<gc-op id="437" type="mark" timems="0.930" contextid="434" timestamp="2019-06-16T02:03:26.790">
  <trace-info objectcount="1837" scancount="1503" scanbytes="362332" />
  <cardclean-info objects="1189" bytes="59420" />
  <remembered-set-cleared processed="3457" cleared="610" durationms="0.123" />
  <references type="phantom" candidates="1" cleared="0" enqueued="0" />
  <stringconstants candidates="3963" cleared="0"  />
  <warning details="Mark invoked due to insufficient free space for Copy-Forward" />
</gc-op>
<gc-op id="438" type="classunload" timems="0.002" contextid="434" timestamp="2019-06-16T02:03:26.790">
  <classunload-info classloadercandidates="20" classloadersunloaded="0" classesunloaded="0" anonymousclassesunloaded="0" quiescems="0.000" setupms="0.001" scanms="0.000" postms="0.000" />
</gc-op>
<gc-op id="439" type="sweep" timems="0.308" contextid="434" timestamp="2019-06-16T02:03:26.791" />
<gc-op id="440" type="compact" timems="0.999" contextid="434" timestamp="2019-06-16T02:03:26.792">
  <compact-info movecount="1832" movebytes="814872" />
  <remembered-set-cleared processed="7020" cleared="1098" durationms="0.123" />
</gc-op>
<heap-resize id="441" type="expand" space="default" amount="2097152" count="1" timems="0.064" reason="insufficient free space following gc" timestamp="2019-06-16T02:03:26.792" />
<gc-end id="442" type="partial gc" contextid="434" durationms="3.574" usertimems="8.000" systemtimems="0.000" timestamp="2019-06-16T02:03:26.792" activeThreads="4">
  <mem-info id="443" free="15728640" total="42991616" percent="36">
    <mem type="eden" free="233952" total="1048576" percent="22" />
    <remembered-set count="6112" freebytes="1691648" totalbytes="1716096" percent="98" regionsoverflowed="0" regionsstable="0" regionsrebuilding="0"/>
  </mem-info>
</gc-end>
<cycle-end id="444" type="partial gc" contextid="434" timestamp="2019-06-16T02:03:26.792" />
  <attribute name="elasticGC enabled" value="1" />
  <attribute name= "numThreadsSpecified" value="4" />
  <attribute name="heapSize specified" value="0" />
  <attribute name="Current GC Util" value="31" />
  <attribute name= "Current Time Running" value="4960" />
  <attribute name ="GC Interval" value="0" />
  <attribute name="ProportionalT" value="16.500000" />
  <attribute name="ProportionalI" value="16.500000" />
  <attribute name="ProportionalH" value="16.500000" />
  <attribute name="Current Error" value="11.000000" />
  <attribute name="IntegralT" value="11.000000" />
  <attribute name="IntegralI" value="11.000000" />
  <attribute name="IntegralH" value="11.000000" />
  <attribute name="DerivativeT" value="11.000000" />
  <attribute name="DerivativeI" value="11.000000" />
  <attribute name="DerivativeH" value="11.000000" />
  <attribute name="Loop Time for DT" value="1.000000" />
  <attribute name="Output H" value="8388608"/>
  <attribute name="Output I" value="200"/>
  <attribute name="Output T" value="4"/>
  <attribute name="Target GC Util Change" value ="20.000000" />
  <attribute name="Current GC Util Change" value="31.000000"/>
  <attribute name="GC Util currently" value="31" />
  <attribute name="CPU Util currently" value="8937272074870" />
<exclusive-end id="445" timestamp="2019-06-16T02:03:26.793" durationms="4.422" />

<exclusive-start id="446" timestamp="2019-06-16T02:03:26.924" intervalms="135.610">
  <response-info timems="0.034" idlems="0.034" threads="0" lastid="0000000002500500" lastname="Thread-4" />
</exclusive-start>
<allocation-taxation id="447" taxation-threshold="15728640" timestamp="2019-06-16T02:03:26.924" intervalms="135.643" />
<cycle-start id="448" type="partial gc" contextid="0" timestamp="2019-06-16T02:03:26.924" intervalms="135.647" />
<gc-start id="449" type="partial gc" contextid="448" timestamp="2019-06-16T02:03:26.924">
  <mem-info id="450" free="0" total="42991616" percent="0">
    <mem type="eden" free="0" total="15728640" percent="0" />
    <remembered-set count="5792" freebytes="1692928" totalbytes="1716096" percent="98" regionsoverflowed="0" regionsstable="0" regionsrebuilding="0"/>
  </mem-info>
</gc-start>
<allocation-stats totalBytes="15720200" >
  <allocated-bytes non-tlh="49168" tlh="15671032" arrayletleaf="0"/>
  <largest-consumer threadName="Thread-5" threadId="0000000002504100" bytes="6316496" />
</allocation-stats>
<gc-op id="451" type="mark" timems="0.976" contextid="448" timestamp="2019-06-16T02:03:26.926">
  <trace-info objectcount="1822" scancount="1536" scanbytes="331300" />
  <cardclean-info objects="1168" bytes="58824" />
  <remembered-set-cleared processed="3486" cleared="586" durationms="0.124" />
  <references type="weak" candidates="1" cleared="0" enqueued="0" />
  <references type="phantom" candidates="1" cleared="0" enqueued="0" />
  <stringconstants candidates="3963" cleared="0"  />
  <warning details="Mark invoked due to insufficient free space for Copy-Forward" />
</gc-op>
<gc-op id="452" type="classunload" timems="0.001" contextid="448" timestamp="2019-06-16T02:03:26.926">
  <classunload-info classloadercandidates="20" classloadersunloaded="0" classesunloaded="0" anonymousclassesunloaded="0" quiescems="0.000" setupms="0.001" scanms="0.000" postms="0.000" />
</gc-op>
<gc-op id="453" type="sweep" timems="0.330" contextid="448" timestamp="2019-06-16T02:03:26.926" />
<gc-op id="454" type="compact" timems="1.001" contextid="448" timestamp="2019-06-16T02:03:26.927">
  <compact-info movecount="1821" movebytes="675296" />
  <remembered-set-cleared processed="7124" cleared="1100" durationms="0.124" />
</gc-op>
<gc-end id="455" type="partial gc" contextid="448" durationms="3.443" usertimems="4.000" systemtimems="0.000" timestamp="2019-06-16T02:03:26.928" activeThreads="4">
  <mem-info id="456" free="15728640" total="42991616" percent="36">
    <mem type="eden" free="373280" total="1048576" percent="35" />
    <remembered-set count="5664" freebytes="1693440" totalbytes="1716096" percent="98" regionsoverflowed="0" regionsstable="0" regionsrebuilding="0"/>
  </mem-info>
</gc-end>
<cycle-end id="457" type="partial gc" contextid="448" timestamp="2019-06-16T02:03:26.928" />
  <attribute name="elasticGC enabled" value="1" />
  <attribute name= "numThreadsSpecified" value="4" />
  <attribute name="heapSize specified" value="0" />
  <attribute name="Current GC Util" value="31" />
  <attribute name= "Current Time Running" value="5096" />
  <attribute name ="GC Interval" value="0" />
  <attribute name="ProportionalT" value="16.500000" />
  <attribute name="ProportionalI" value="16.500000" />
  <attribute name="ProportionalH" value="16.500000" />
  <attribute name="Current Error" value="11.000000" />
  <attribute name="IntegralT" value="11.000000" />
  <attribute name="IntegralI" value="11.000000" />
  <attribute name="IntegralH" value="11.000000" />
  <attribute name="DerivativeT" value="11.000000" />
  <attribute name="DerivativeI" value="11.000000" />
  <attribute name="DerivativeH" value="11.000000" />
  <attribute name="Loop Time for DT" value="1.000000" />
  <attribute name="Output H" value="8388608"/>
  <attribute name="Output I" value="200"/>
  <attribute name="Output T" value="4"/>
  <attribute name="Target GC Util Change" value ="20.000000" />
  <attribute name="Current GC Util Change" value="31.000000"/>
  <attribute name="GC Util currently" value="31" />
  <attribute name="CPU Util currently" value="8588509412525" />
<exclusive-end id="458" timestamp="2019-06-16T02:03:26.928" durationms="4.216" />

<exclusive-start id="459" timestamp="2019-06-16T02:03:27.045" intervalms="121.303">
  <response-info timems="0.055" idlems="0.055" threads="0" lastid="0000000002507D00" lastname="Thread-6" />
</exclusive-start>
<allocation-taxation id="460" taxation-threshold="15728640" timestamp="2019-06-16T02:03:27.045" intervalms="121.256" />
<cycle-start id="461" type="partial gc" contextid="0" timestamp="2019-06-16T02:03:27.045" intervalms="121.245" />
<gc-start id="462" type="partial gc" contextid="461" timestamp="2019-06-16T02:03:27.046">
  <mem-info id="463" free="0" total="42991616" percent="0">
    <mem type="eden" free="0" total="15728640" percent="0" />
    <remembered-set count="5376" freebytes="1694592" totalbytes="1716096" percent="98" regionsoverflowed="0" regionsstable="0" regionsrebuilding="0"/>
  </mem-info>
</gc-start>
<allocation-stats totalBytes="15645768" >
  <allocated-bytes non-tlh="49168" tlh="15596600" arrayletleaf="0"/>
  <largest-consumer threadName="Thread-5" threadId="0000000002504100" bytes="5380920" />
</allocation-stats>
<gc-op id="464" type="mark" timems="0.961" contextid="461" timestamp="2019-06-16T02:03:27.047">
  <trace-info objectcount="2190" scancount="1825" scanbytes="407812" />
  <cardclean-info objects="1169" bytes="58680" />
  <remembered-set-cleared processed="3539" cleared="593" durationms="0.126" />
  <references type="phantom" candidates="1" cleared="0" enqueued="0" />
  <stringconstants candidates="3963" cleared="0"  />
  <warning details="Mark invoked due to insufficient free space for Copy-Forward" />
</gc-op>
<gc-op id="465" type="classunload" timems="0.002" contextid="461" timestamp="2019-06-16T02:03:27.047">
  <classunload-info classloadercandidates="20" classloadersunloaded="0" classesunloaded="0" anonymousclassesunloaded="0" quiescems="0.000" setupms="0.002" scanms="0.000" postms="0.000" />
</gc-op>
<gc-op id="466" type="sweep" timems="0.352" contextid="461" timestamp="2019-06-16T02:03:27.047" />
<gc-op id="467" type="compact" timems="0.998" contextid="461" timestamp="2019-06-16T02:03:27.049">
  <compact-info movecount="2190" movebytes="870288" />
  <remembered-set-cleared processed="7263" cleared="1158" durationms="0.126" />
</gc-op>
<heap-resize id="468" type="expand" space="default" amount="1048576" count="1" timems="0.053" reason="insufficient free space following gc" timestamp="2019-06-16T02:03:27.049" />
<gc-end id="469" type="partial gc" contextid="461" durationms="3.572" usertimems="4.000" systemtimems="0.000" timestamp="2019-06-16T02:03:27.049" activeThreads="4">
  <mem-info id="470" free="15728640" total="44040192" percent="35">
    <mem type="eden" free="178576" total="1048576" percent="17" />
    <remembered-set count="5664" freebytes="1735296" totalbytes="1757952" percent="98" regionsoverflowed="0" regionsstable="0" regionsrebuilding="0"/>
  </mem-info>
</gc-end>
<cycle-end id="471" type="partial gc" contextid="461" timestamp="2019-06-16T02:03:27.049" />
  <attribute name="elasticGC enabled" value="1" />
  <attribute name= "numThreadsSpecified" value="4" />
  <attribute name="heapSize specified" value="0" />
  <attribute name="Current GC Util" value="31" />
  <attribute name= "Current Time Running" value="5217" />
  <attribute name ="GC Interval" value="0" />
  <attribute name="ProportionalT" value="16.500000" />
  <attribute name="ProportionalI" value="16.500000" />
  <attribute name="ProportionalH" value="16.500000" />
  <attribute name="Current Error" value="11.000000" />
  <attribute name="IntegralT" value="11.000000" />
  <attribute name="IntegralI" value="11.000000" />
  <attribute name="IntegralH" value="11.000000" />
  <attribute name="DerivativeT" value="11.000000" />
  <attribute name="DerivativeI" value="11.000000" />
  <attribute name="DerivativeH" value="11.000000" />
  <attribute name="Loop Time for DT" value="1.000000" />
  <attribute name="Output H" value="8388608"/>
  <attribute name="Output I" value="200"/>
  <attribute name="Output T" value="4"/>
  <attribute name="Target GC Util Change" value ="20.000000" />
  <attribute name="Current GC Util Change" value="31.000000"/>
  <attribute name="GC Util currently" value="31" />
  <attribute name="CPU Util currently" value="8686969062405" />
<exclusive-end id="472" timestamp="2019-06-16T02:03:27.050" durationms="4.366" />

<exclusive-start id="473" timestamp="2019-06-16T02:03:27.181" intervalms="135.601">
  <response-info timems="0.136" idlems="0.056" threads="2" lastid="00000000024FC900" lastname="Thread-3" />
</exclusive-start>
<allocation-taxation id="474" taxation-threshold="15728640" timestamp="2019-06-16T02:03:27.181" intervalms="135.612" />
<cycle-start id="475" type="partial gc" contextid="0" timestamp="2019-06-16T02:03:27.181" intervalms="135.619" />
<gc-start id="476" type="partial gc" contextid="475" timestamp="2019-06-16T02:03:27.181">
  <mem-info id="477" free="0" total="44040192" percent="0">
    <mem type="eden" free="0" total="15728640" percent="0" />
    <remembered-set count="5408" freebytes="1736320" totalbytes="1757952" percent="98" regionsoverflowed="0" regionsstable="0" regionsrebuilding="0"/>
  </mem-info>
</gc-start>
<allocation-stats totalBytes="15650296" >
  <allocated-bytes non-tlh="8200" tlh="15642096" arrayletleaf="0"/>
  <largest-consumer threadName="Thread-5" threadId="0000000002504100" bytes="4986936" />
</allocation-stats>
<gc-op id="478" type="mark" timems="0.897" contextid="475" timestamp="2019-06-16T02:03:27.182">
  <trace-info objectcount="1349" scancount="1135" scanbytes="380272" />
  <cardclean-info objects="1172" bytes="58952" />
  <remembered-set-cleared processed="3605" cleared="627" durationms="0.125" />
  <references type="phantom" candidates="2" cleared="0" enqueued="0" />
  <stringconstants candidates="3963" cleared="0"  />
  <warning details="Mark invoked due to insufficient free space for Copy-Forward" />
</gc-op>
<gc-op id="479" type="classunload" timems="0.001" contextid="475" timestamp="2019-06-16T02:03:27.183">
  <classunload-info classloadercandidates="20" classloadersunloaded="0" classesunloaded="0" anonymousclassesunloaded="0" quiescems="0.000" setupms="0.001" scanms="0.000" postms="0.000" />
</gc-op>
<gc-op id="480" type="sweep" timems="0.357" contextid="475" timestamp="2019-06-16T02:03:27.183" />
<gc-op id="481" type="compact" timems="0.970" contextid="475" timestamp="2019-06-16T02:03:27.184">
  <compact-info movecount="1349" movebytes="707872" />
  <remembered-set-cleared processed="7198" cleared="1009" durationms="0.125" />
</gc-op>
<heap-resize id="482" type="expand" space="default" amount="1048576" count="1" timems="0.053" reason="insufficient free space following gc" timestamp="2019-06-16T02:03:27.185" />
<gc-end id="483" type="partial gc" contextid="475" durationms="3.519" usertimems="4.000" systemtimems="0.000" timestamp="2019-06-16T02:03:27.185" activeThreads="4">
  <mem-info id="484" free="15728640" total="45088768" percent="34">
    <mem type="eden" free="341136" total="1048576" percent="32" />
    <remembered-set count="5760" freebytes="1776768" totalbytes="1799808" percent="98" regionsoverflowed="0" regionsstable="0" regionsrebuilding="0"/>
  </mem-info>
</gc-end>
<cycle-end id="485" type="partial gc" contextid="475" timestamp="2019-06-16T02:03:27.185" />
  <attribute name="elasticGC enabled" value="1" />
  <attribute name= "numThreadsSpecified" value="4" />
  <attribute name="heapSize specified" value="0" />
  <attribute name="Current GC Util" value="32" />
  <attribute name= "Current Time Running" value="5353" />
  <attribute name ="GC Interval" value="0" />
  <attribute name="ProportionalT" value="18.000000" />
  <attribute name="ProportionalI" value="18.000000" />
  <attribute name="ProportionalH" value="18.000000" />
  <attribute name="Current Error" value="12.000000" />
  <attribute name="IntegralT" value="12.000000" />
  <attribute name="IntegralI" value="12.000000" />
  <attribute name="IntegralH" value="12.000000" />
  <attribute name="DerivativeT" value="12.000000" />
  <attribute name="DerivativeI" value="12.000000" />
  <attribute name="DerivativeH" value="12.000000" />
  <attribute name="Loop Time for DT" value="1.000000" />
  <attribute name="Output H" value="8388608"/>
  <attribute name="Output I" value="200"/>
  <attribute name="Output T" value="4"/>
  <attribute name="Target GC Util Change" value ="20.000000" />
  <attribute name="Current GC Util Change" value="32.000000"/>
  <attribute name="GC Util currently" value="32" />
  <attribute name="CPU Util currently" value="8004676100839" />
<exclusive-end id="486" timestamp="2019-06-16T02:03:27.185" durationms="4.254" />

<exclusive-start id="487" timestamp="2019-06-16T02:03:27.311" intervalms="130.498">
  <response-info timems="0.092" idlems="0.053" threads="1" lastid="0000000002500500" lastname="Thread-4" />
</exclusive-start>
<allocation-taxation id="488" taxation-threshold="15728640" timestamp="2019-06-16T02:03:27.311" intervalms="130.494" />
<cycle-start id="489" type="partial gc" contextid="0" timestamp="2019-06-16T02:03:27.311" intervalms="130.488" />
<gc-start id="490" type="partial gc" contextid="489" timestamp="2019-06-16T02:03:27.312">
  <mem-info id="491" free="0" total="45088768" percent="0">
    <mem type="eden" free="0" total="15728640" percent="0" />
    <remembered-set count="5376" freebytes="1778304" totalbytes="1799808" percent="98" regionsoverflowed="0" regionsstable="0" regionsrebuilding="0"/>
  </mem-info>
</gc-start>
<allocation-stats totalBytes="15706936" >
  <allocated-bytes non-tlh="16392" tlh="15690544" arrayletleaf="0"/>
  <largest-consumer threadName="Thread-5" threadId="0000000002504100" bytes="5969184" />
</allocation-stats>
<gc-op id="492" type="mark" timems="1.031" contextid="489" timestamp="2019-06-16T02:03:27.313">
  <trace-info objectcount="2193" scancount="1722" scanbytes="403408" />
  <cardclean-info objects="1167" bytes="58384" />
  <remembered-set-cleared processed="3550" cleared="524" durationms="0.129" />
  <stringconstants candidates="3963" cleared="0"  />
  <warning details="Mark invoked due to insufficient free space for Copy-Forward" />
</gc-op>
<gc-op id="493" type="classunload" timems="0.002" contextid="489" timestamp="2019-06-16T02:03:27.313">
  <classunload-info classloadercandidates="20" classloadersunloaded="0" classesunloaded="0" anonymousclassesunloaded="0" quiescems="0.000" setupms="0.002" scanms="0.000" postms="0.000" />
</gc-op>
<gc-op id="494" type="sweep" timems="0.470" contextid="489" timestamp="2019-06-16T02:03:27.314" />
<gc-op id="495" type="compact" timems="1.279" contextid="489" timestamp="2019-06-16T02:03:27.315">
  <compact-info movecount="2189" movebytes="971712" />
  <remembered-set-cleared processed="7392" cleared="1128" durationms="0.129" />
</gc-op>
<heap-resize id="496" type="expand" space="default" amount="2097152" count="1" timems="0.060" reason="insufficient free space following gc" timestamp="2019-06-16T02:03:27.315" />
<gc-end id="497" type="partial gc" contextid="489" durationms="3.924" usertimems="4.000" systemtimems="0.000" timestamp="2019-06-16T02:03:27.316" activeThreads="1">
  <mem-info id="498" free="16777216" total="47185920" percent="35">
    <mem type="eden" free="77008" total="1048576" percent="7" />
    <remembered-set count="6048" freebytes="1859328" totalbytes="1883520" percent="98" regionsoverflowed="0" regionsstable="0" regionsrebuilding="0"/>
  </mem-info>
</gc-end>
<cycle-end id="499" type="partial gc" contextid="489" timestamp="2019-06-16T02:03:27.316" />
  <attribute name="elasticGC enabled" value="1" />
  <attribute name= "numThreadsSpecified" value="1" />
  <attribute name="heapSize specified" value="0" />
  <attribute name="Current GC Util" value="27" />
  <attribute name= "Current Time Running" value="5483" />
  <attribute name ="GC Interval" value="0" />
  <attribute name="ProportionalT" value="10.500000" />
  <attribute name="ProportionalI" value="10.500000" />
  <attribute name="ProportionalH" value="10.500000" />
  <attribute name="Current Error" value="7.000000" />
  <attribute name="IntegralT" value="0.000000" />
  <attribute name="IntegralI" value="0.000000" />
  <attribute name="IntegralH" value="0.000000" />
  <attribute name="DerivativeT" value="inf" />
  <attribute name="DerivativeI" value="inf" />
  <attribute name="DerivativeH" value="inf" />
  <attribute name="Loop Time for DT" value="0.000000" />
  <attribute name="Output H" value="8388608"/>
  <attribute name="Output I" value="200"/>
  <attribute name="Output T" value="1"/>
  <attribute name="Target GC Util Change" value ="20.000000" />
  <attribute name="Current GC Util Change" value="27.000000"/>
  <attribute name="GC Util currently" value="27" />
  <attribute name="CPU Util currently" value="7071847337384" />
<exclusive-end id="500" timestamp="2019-06-16T02:03:27.316" durationms="4.786" />

<exclusive-start id="501" timestamp="2019-06-16T02:03:27.453" intervalms="141.389">
  <response-info timems="0.057" idlems="0.057" threads="0" lastid="00000000024FC900" lastname="Thread-3" />
</exclusive-start>
<allocation-taxation id="502" taxation-threshold="16777216" timestamp="2019-06-16T02:03:27.453" intervalms="141.396" />
<cycle-start id="503" type="partial gc" contextid="0" timestamp="2019-06-16T02:03:27.453" intervalms="141.585" />
<gc-start id="504" type="partial gc" contextid="503" timestamp="2019-06-16T02:03:27.453">
  <mem-info id="505" free="0" total="47185920" percent="0">
    <mem type="eden" free="0" total="16777216" percent="0" />
    <remembered-set count="5632" freebytes="1860992" totalbytes="1883520" percent="98" regionsoverflowed="0" regionsstable="0" regionsrebuilding="0"/>
  </mem-info>
</gc-start>
<allocation-stats totalBytes="16696160" >
  <allocated-bytes non-tlh="0" tlh="16696160" arrayletleaf="0"/>
  <largest-consumer threadName="Thread-6" threadId="0000000002507D00" bytes="4410168" />
</allocation-stats>
<gc-op id="506" type="mark" timems="0.959" contextid="503" timestamp="2019-06-16T02:03:27.455">
  <trace-info objectcount="1645" scancount="1382" scanbytes="390196" />
  <cardclean-info objects="1165" bytes="58416" />
  <remembered-set-cleared processed="3734" cleared="669" durationms="0.132" />
  <references type="phantom" candidates="1" cleared="0" enqueued="0" />
  <stringconstants candidates="3963" cleared="0"  />
  <warning details="Mark invoked due to insufficient free space for Copy-Forward" />
</gc-op>
<gc-op id="507" type="classunload" timems="0.002" contextid="503" timestamp="2019-06-16T02:03:27.455">
  <classunload-info classloadercandidates="20" classloadersunloaded="0" classesunloaded="0" anonymousclassesunloaded="0" quiescems="0.000" setupms="0.002" scanms="0.000" postms="0.000" />
</gc-op>
<gc-op id="508" type="sweep" timems="0.422" contextid="503" timestamp="2019-06-16T02:03:27.455" />
<gc-op id="509" type="compact" timems="0.957" contextid="503" timestamp="2019-06-16T02:03:27.456">
  <compact-info movecount="1645" movebytes="809680" />
  <remembered-set-cleared processed="7451" cleared="1088" durationms="0.132" />
</gc-op>
<gc-end id="510" type="partial gc" contextid="503" durationms="3.364" usertimems="4.000" systemtimems="0.000" timestamp="2019-06-16T02:03:27.457" activeThreads="4">
  <mem-info id="511" free="17825792" total="47185920" percent="37">
    <mem type="eden" free="238896" total="1048576" percent="22" />
    <remembered-set count="5856" freebytes="1860096" totalbytes="1883520" percent="98" regionsoverflowed="0" regionsstable="0" regionsrebuilding="0"/>
  </mem-info>
</gc-end>
<cycle-end id="512" type="partial gc" contextid="503" timestamp="2019-06-16T02:03:27.457" />
  <attribute name="elasticGC enabled" value="1" />
  <attribute name= "numThreadsSpecified" value="4" />
  <attribute name="heapSize specified" value="0" />
  <attribute name="Current GC Util" value="29" />
  <attribute name= "Current Time Running" value="5625" />
  <attribute name ="GC Interval" value="0" />
  <attribute name="ProportionalT" value="13.500000" />
  <attribute name="ProportionalI" value="13.500000" />
  <attribute name="ProportionalH" value="13.500000" />
  <attribute name="Current Error" value="9.000000" />
  <attribute name="IntegralT" value="9.000000" />
  <attribute name="IntegralI" value="9.000000" />
  <attribute name="IntegralH" value="9.000000" />
  <attribute name="DerivativeT" value="9.000000" />
  <attribute name="DerivativeI" value="9.000000" />
  <attribute name="DerivativeH" value="9.000000" />
  <attribute name="Loop Time for DT" value="1.000000" />
  <attribute name="Output H" value="8388608"/>
  <attribute name="Output I" value="200"/>
  <attribute name="Output T" value="4"/>
  <attribute name="Target GC Util Change" value ="20.000000" />
  <attribute name="Current GC Util Change" value="29.000000"/>
  <attribute name="GC Util currently" value="29" />
  <attribute name="CPU Util currently" value="7726151946334" />
<exclusive-end id="513" timestamp="2019-06-16T02:03:27.457" durationms="4.346" />

<exclusive-start id="514" timestamp="2019-06-16T02:03:27.600" intervalms="147.721">
  <response-info timems="0.046" idlems="0.046" threads="0" lastid="0000000002504100" lastname="Thread-5" />
</exclusive-start>
<allocation-taxation id="515" taxation-threshold="17825792" timestamp="2019-06-16T02:03:27.600" intervalms="147.720" />
<cycle-start id="516" type="partial gc" contextid="0" timestamp="2019-06-16T02:03:27.601" intervalms="147.537" />
<gc-start id="517" type="partial gc" contextid="516" timestamp="2019-06-16T02:03:27.601">
  <mem-info id="518" free="0" total="47185920" percent="0">
    <mem type="eden" free="0" total="17825792" percent="0" />
    <remembered-set count="5440" freebytes="1861760" totalbytes="1883520" percent="98" regionsoverflowed="0" regionsstable="0" regionsrebuilding="0"/>
  </mem-info>
</gc-start>
<allocation-stats totalBytes="17758000" >
  <allocated-bytes non-tlh="0" tlh="17758000" arrayletleaf="0"/>
  <largest-consumer threadName="Thread-5" threadId="0000000002504100" bytes="6369344" />
</allocation-stats>
<gc-op id="519" type="mark" timems="0.976" contextid="516" timestamp="2019-06-16T02:03:27.602">
  <trace-info objectcount="1979" scancount="1587" scanbytes="332568" />
  <cardclean-info objects="1156" bytes="58120" />
  <remembered-set-cleared processed="3637" cleared="536" durationms="0.134" />
  <references type="weak" candidates="1" cleared="0" enqueued="0" />
  <references type="phantom" candidates="1" cleared="0" enqueued="0" />
  <stringconstants candidates="3963" cleared="0"  />
  <warning details="Mark invoked due to insufficient free space for Copy-Forward" />
</gc-op>
<gc-op id="520" type="classunload" timems="0.002" contextid="516" timestamp="2019-06-16T02:03:27.602">
  <classunload-info classloadercandidates="20" classloadersunloaded="0" classesunloaded="0" anonymousclassesunloaded="0" quiescems="0.000" setupms="0.001" scanms="0.000" postms="0.000" />
</gc-op>
<gc-op id="521" type="sweep" timems="0.368" contextid="516" timestamp="2019-06-16T02:03:27.603" />
<gc-op id="522" type="compact" timems="1.249" contextid="516" timestamp="2019-06-16T02:03:27.604">
  <compact-info movecount="1975" movebytes="824848" />
  <remembered-set-cleared processed="7504" cleared="1086" durationms="0.134" />
</gc-op>
<gc-end id="523" type="partial gc" contextid="516" durationms="3.677" usertimems="4.000" systemtimems="0.000" timestamp="2019-06-16T02:03:27.604" activeThreads="1">
  <mem-info id="524" free="16777216" total="47185920" percent="35">
    <mem type="eden" free="223872" total="1048576" percent="21" />
    <remembered-set count="6080" freebytes="1859200" totalbytes="1883520" percent="98" regionsoverflowed="0" regionsstable="0" regionsrebuilding="0"/>
  </mem-info>
</gc-end>
<cycle-end id="525" type="partial gc" contextid="516" timestamp="2019-06-16T02:03:27.605" />
  <attribute name="elasticGC enabled" value="1" />
  <attribute name= "numThreadsSpecified" value="1" />
  <attribute name="heapSize specified" value="0" />
  <attribute name="Current GC Util" value="34" />
  <attribute name= "Current Time Running" value="5772" />
  <attribute name ="GC Interval" value="0" />
  <attribute name="ProportionalT" value="21.000000" />
  <attribute name="ProportionalI" value="21.000000" />
  <attribute name="ProportionalH" value="21.000000" />
  <attribute name="Current Error" value="14.000000" />
  <attribute name="IntegralT" value="0.000000" />
  <attribute name="IntegralI" value="0.000000" />
  <attribute name="IntegralH" value="0.000000" />
  <attribute name="DerivativeT" value="inf" />
  <attribute name="DerivativeI" value="inf" />
  <attribute name="DerivativeH" value="inf" />
  <attribute name="Loop Time for DT" value="0.000000" />
  <attribute name="Output H" value="8388608"/>
  <attribute name="Output I" value="200"/>
  <attribute name="Output T" value="1"/>
  <attribute name="Target GC Util Change" value ="20.000000" />
  <attribute name="Current GC Util Change" value="34.000000"/>
  <attribute name="GC Util currently" value="34" />
  <attribute name="CPU Util currently" value="8460924295232" />
<exclusive-end id="526" timestamp="2019-06-16T02:03:27.605" durationms="4.419" />

<exclusive-start id="527" timestamp="2019-06-16T02:03:27.742" intervalms="141.556">
  <response-info timems="0.042" idlems="0.042" threads="0" lastid="0000000002504100" lastname="Thread-5" />
</exclusive-start>
<allocation-taxation id="528" taxation-threshold="16777216" timestamp="2019-06-16T02:03:27.742" intervalms="141.550" />
<cycle-start id="529" type="partial gc" contextid="0" timestamp="2019-06-16T02:03:27.742" intervalms="141.549" />
<gc-start id="530" type="partial gc" contextid="529" timestamp="2019-06-16T02:03:27.742">
  <mem-info id="531" free="0" total="47185920" percent="0">
    <mem type="eden" free="223872" total="17825792" percent="1" />
    <remembered-set count="5600" freebytes="1861120" totalbytes="1883520" percent="98" regionsoverflowed="0" regionsstable="0" regionsrebuilding="0"/>
  </mem-info>
</gc-start>
<allocation-stats totalBytes="16730936" >
  <allocated-bytes non-tlh="0" tlh="16730936" arrayletleaf="0"/>
  <largest-consumer threadName="Thread-5" threadId="0000000002504100" bytes="6730000" />
</allocation-stats>
<gc-op id="532" type="mark" timems="1.037" contextid="529" timestamp="2019-06-16T02:03:27.744">
  <trace-info objectcount="2526" scancount="2034" scanbytes="417280" />
  <cardclean-info objects="1164" bytes="58424" />
  <remembered-set-cleared processed="3763" cleared="622" durationms="0.139" />
  <references type="phantom" candidates="1" cleared="0" enqueued="0" />
  <stringconstants candidates="3963" cleared="0"  />
  <warning details="Mark invoked due to insufficient free space for Copy-Forward" />
</gc-op>
<gc-op id="533" type="classunload" timems="0.002" contextid="529" timestamp="2019-06-16T02:03:27.744">
  <classunload-info classloadercandidates="20" classloadersunloaded="0" classesunloaded="0" anonymousclassesunloaded="0" quiescems="0.000" setupms="0.002" scanms="0.000" postms="0.000" />
</gc-op>
<gc-op id="534" type="sweep" timems="0.522" contextid="529" timestamp="2019-06-16T02:03:27.744" />
<gc-op id="535" type="compact" timems="1.148" contextid="529" timestamp="2019-06-16T02:03:27.746">
  <compact-info movecount="2526" movebytes="1013064" />
  <remembered-set-cleared processed="7786" cleared="1302" durationms="0.139" />
</gc-op>
<gc-end id="536" type="partial gc" contextid="529" durationms="3.832" usertimems="4.000" systemtimems="0.000" timestamp="2019-06-16T02:03:27.746" activeThreads="4">
  <mem-info id="537" free="16777216" total="47185920" percent="35">
    <mem type="eden" free="35512" total="1048576" percent="3" />
    <remembered-set count="5888" freebytes="1859968" totalbytes="1883520" percent="98" regionsoverflowed="0" regionsstable="0" regionsrebuilding="0"/>
  </mem-info>
</gc-end>
<cycle-end id="538" type="partial gc" contextid="529" timestamp="2019-06-16T02:03:27.746" />
  <attribute name="elasticGC enabled" value="1" />
  <attribute name= "numThreadsSpecified" value="4" />
  <attribute name="heapSize specified" value="0" />
  <attribute name="Current GC Util" value="28" />
  <attribute name= "Current Time Running" value="5914" />
  <attribute name ="GC Interval" value="0" />
  <attribute name="ProportionalT" value="12.000000" />
  <attribute name="ProportionalI" value="12.000000" />
  <attribute name="ProportionalH" value="12.000000" />
  <attribute name="Current Error" value="8.000000" />
  <attribute name="IntegralT" value="8.000000" />
  <attribute name="IntegralI" value="8.000000" />
  <attribute name="IntegralH" value="8.000000" />
  <attribute name="DerivativeT" value="8.000000" />
  <attribute name="DerivativeI" value="8.000000" />
  <attribute name="DerivativeH" value="8.000000" />
  <attribute name="Loop Time for DT" value="1.000000" />
  <attribute name="Output H" value="8388608"/>
  <attribute name="Output I" value="200"/>
  <attribute name="Output T" value="4"/>
  <attribute name="Target GC Util Change" value ="20.000000" />
  <attribute name="Current GC Util Change" value="28.000000"/>
  <attribute name="GC Util currently" value="28" />
  <attribute name="CPU Util currently" value="6218495503674" />
<exclusive-end id="539" timestamp="2019-06-16T02:03:27.747" durationms="4.703" />

<exclusive-start id="540" timestamp="2019-06-16T02:03:27.886" intervalms="144.276">
  <response-info timems="0.051" idlems="0.051" threads="0" lastid="0000000002500500" lastname="Thread-4" />
</exclusive-start>
<allocation-taxation id="541" taxation-threshold="16777216" timestamp="2019-06-16T02:03:27.886" intervalms="144.266" />
<cycle-start id="542" type="partial gc" contextid="0" timestamp="2019-06-16T02:03:27.886" intervalms="144.260" />
<gc-start id="543" type="partial gc" contextid="542" timestamp="2019-06-16T02:03:27.887">
  <mem-info id="544" free="0" total="47185920" percent="0">
    <mem type="eden" free="0" total="16777216" percent="0" />
    <remembered-set count="5664" freebytes="1860864" totalbytes="1883520" percent="98" regionsoverflowed="0" regionsstable="0" regionsrebuilding="0"/>
  </mem-info>
</gc-start>
<allocation-stats totalBytes="16726376" >
  <allocated-bytes non-tlh="8200" tlh="16718176" arrayletleaf="0"/>
  <largest-consumer threadName="Thread-5" threadId="0000000002504100" bytes="5776056" />
</allocation-stats>
<gc-op id="545" type="mark" timems="1.035" contextid="542" timestamp="2019-06-16T02:03:27.888">
  <trace-info objectcount="2735" scancount="2154" scanbytes="420644" />
  <cardclean-info objects="1171" bytes="58584" />
  <remembered-set-cleared processed="3884" cleared="707" durationms="0.137" />
  <stringconstants candidates="3963" cleared="0"  />
  <warning details="Mark invoked due to insufficient free space for Copy-Forward" />
</gc-op>
<gc-op id="546" type="classunload" timems="0.002" contextid="542" timestamp="2019-06-16T02:03:27.888">
  <classunload-info classloadercandidates="20" classloadersunloaded="0" classesunloaded="0" anonymousclassesunloaded="0" quiescems="0.000" setupms="0.001" scanms="0.000" postms="0.000" />
</gc-op>
<gc-op id="547" type="sweep" timems="0.496" contextid="542" timestamp="2019-06-16T02:03:27.889" />
<gc-op id="548" type="compact" timems="1.313" contextid="542" timestamp="2019-06-16T02:03:27.890">
  <compact-info movecount="2731" movebytes="1043664" />
  <remembered-set-cleared processed="7975" cleared="1399" durationms="0.137" />
</gc-op>
<gc-end id="549" type="partial gc" contextid="542" durationms="4.070" usertimems="0.000" systemtimems="4.000" timestamp="2019-06-16T02:03:27.891" activeThreads="1">
  <mem-info id="550" free="15728640" total="47185920" percent="33">
    <mem type="eden" free="5056" total="1048576" percent="0" />
    <remembered-set count="6112" freebytes="1859072" totalbytes="1883520" percent="98" regionsoverflowed="0" regionsstable="0" regionsrebuilding="0"/>
  </mem-info>
</gc-end>
<cycle-end id="551" type="partial gc" contextid="542" timestamp="2019-06-16T02:03:27.891" />
  <attribute name="elasticGC enabled" value="1" />
  <attribute name= "numThreadsSpecified" value="1" />
  <attribute name="heapSize specified" value="0" />
  <attribute name="Current GC Util" value="31" />
  <attribute name= "Current Time Running" value="6058" />
  <attribute name ="GC Interval" value="0" />
  <attribute name="ProportionalT" value="16.500000" />
  <attribute name="ProportionalI" value="16.500000" />
  <attribute name="ProportionalH" value="16.500000" />
  <attribute name="Current Error" value="11.000000" />
  <attribute name="IntegralT" value="0.000000" />
  <attribute name="IntegralI" value="0.000000" />
  <attribute name="IntegralH" value="0.000000" />
  <attribute name="DerivativeT" value="inf" />
  <attribute name="DerivativeI" value="inf" />
  <attribute name="DerivativeH" value="inf" />
  <attribute name="Loop Time for DT" value="0.000000" />
  <attribute name="Output H" value="8388608"/>
  <attribute name="Output I" value="200"/>
  <attribute name="Output T" value="1"/>
  <attribute name="Target GC Util Change" value ="20.000000" />
  <attribute name="Current GC Util Change" value="31.000000"/>
  <attribute name="GC Util currently" value="31" />
  <attribute name="CPU Util currently" value="6090116638369" />
<exclusive-end id="552" timestamp="2019-06-16T02:03:27.891" durationms="5.141" />

<exclusive-start id="553" timestamp="2019-06-16T02:03:28.013" intervalms="126.593">
  <response-info timems="0.034" idlems="0.034" threads="0" lastid="0000000002504100" lastname="Thread-5" />
</exclusive-start>
<allocation-taxation id="554" taxation-threshold="15728640" timestamp="2019-06-16T02:03:28.013" intervalms="126.612" />
<cycle-start id="555" type="partial gc" contextid="0" timestamp="2019-06-16T02:03:28.013" intervalms="126.618" />
<gc-start id="556" type="partial gc" contextid="555" timestamp="2019-06-16T02:03:28.013">
  <mem-info id="557" free="0" total="47185920" percent="0">
    <mem type="eden" free="5056" total="16777216" percent="0" />
    <remembered-set count="5696" freebytes="1860736" totalbytes="1883520" percent="98" regionsoverflowed="0" regionsstable="0" regionsrebuilding="0"/>
  </mem-info>
</gc-start>
<allocation-stats totalBytes="15652384" >
  <allocated-bytes non-tlh="0" tlh="15652384" arrayletleaf="0"/>
  <largest-consumer threadName="Thread-5" threadId="0000000002504100" bytes="4976648" />
</allocation-stats>
<gc-op id="558" type="mark" timems="0.975" contextid="555" timestamp="2019-06-16T02:03:28.015">
  <trace-info objectcount="2050" scancount="1654" scanbytes="368220" />
  <cardclean-info objects="1164" bytes="58280" />
  <remembered-set-cleared processed="3938" cleared="717" durationms="0.139" />
  <stringconstants candidates="3963" cleared="0"  />
  <warning details="Mark invoked due to insufficient free space for Copy-Forward" />
</gc-op>
<gc-op id="559" type="classunload" timems="0.002" contextid="555" timestamp="2019-06-16T02:03:28.015">
  <classunload-info classloadercandidates="20" classloadersunloaded="0" classesunloaded="0" anonymousclassesunloaded="0" quiescems="0.000" setupms="0.002" scanms="0.000" postms="0.000" />
</gc-op>
<gc-op id="560" type="sweep" timems="0.345" contextid="555" timestamp="2019-06-16T02:03:28.015" />
<gc-op id="561" type="compact" timems="1.085" contextid="555" timestamp="2019-06-16T02:03:28.017">
  <compact-info movecount="2050" movebytes="848720" />
  <remembered-set-cleared processed="7921" cleared="1249" durationms="0.139" />
</gc-op>
<heap-resize id="562" type="expand" space="default" amount="3145728" count="1" timems="0.068" reason="insufficient free space following gc" timestamp="2019-06-16T02:03:28.017" />
<gc-end id="563" type="partial gc" contextid="555" durationms="3.855" usertimems="4.000" systemtimems="4.000" timestamp="2019-06-16T02:03:28.017" activeThreads="4">
  <mem-info id="564" free="17825792" total="50331648" percent="35">
    <mem type="eden" free="1248432" total="2097152" percent="59" />
    <remembered-set count="6016" freebytes="1985024" totalbytes="2009088" percent="98" regionsoverflowed="0" regionsstable="0" regionsrebuilding="0"/>
  </mem-info>
</gc-end>
<cycle-end id="565" type="partial gc" contextid="555" timestamp="2019-06-16T02:03:28.017" />
  <attribute name="elasticGC enabled" value="1" />
  <attribute name= "numThreadsSpecified" value="4" />
  <attribute name="heapSize specified" value="0" />
  <attribute name="Current GC Util" value="31" />
  <attribute name= "Current Time Running" value="6185" />
  <attribute name ="GC Interval" value="0" />
  <attribute name="ProportionalT" value="16.500000" />
  <attribute name="ProportionalI" value="16.500000" />
  <attribute name="ProportionalH" value="16.500000" />
  <attribute name="Current Error" value="11.000000" />
  <attribute name="IntegralT" value="11.000000" />
  <attribute name="IntegralI" value="11.000000" />
  <attribute name="IntegralH" value="11.000000" />
  <attribute name="DerivativeT" value="11.000000" />
  <attribute name="DerivativeI" value="11.000000" />
  <attribute name="DerivativeH" value="11.000000" />
  <attribute name="Loop Time for DT" value="1.000000" />
  <attribute name="Output H" value="8388608"/>
  <attribute name="Output I" value="200"/>
  <attribute name="Output T" value="4"/>
  <attribute name="Target GC Util Change" value ="20.000000" />
  <attribute name="Current GC Util Change" value="31.000000"/>
  <attribute name="GC Util currently" value="31" />
  <attribute name="CPU Util currently" value="7601763777480" />
<exclusive-end id="566" timestamp="2019-06-16T02:03:28.017" durationms="4.617" />

<exclusive-start id="567" timestamp="2019-06-16T02:03:28.147" intervalms="134.464">
  <response-info timems="0.035" idlems="0.035" threads="0" lastid="00000000024FC900" lastname="Thread-3" />
</exclusive-start>
<allocation-taxation id="568" taxation-threshold="17825792" timestamp="2019-06-16T02:03:28.147" intervalms="134.463" />
<cycle-start id="569" type="partial gc" contextid="0" timestamp="2019-06-16T02:03:28.147" intervalms="134.469" />
<gc-start id="570" type="partial gc" contextid="569" timestamp="2019-06-16T02:03:28.148">
  <mem-info id="571" free="0" total="50331648" percent="0">
    <mem type="eden" free="0" total="17825792" percent="0" />
    <remembered-set count="5696" freebytes="1986304" totalbytes="2009088" percent="98" regionsoverflowed="0" regionsstable="0" regionsrebuilding="0"/>
  </mem-info>
</gc-start>
<allocation-stats totalBytes="17794536" >
  <allocated-bytes non-tlh="0" tlh="17794536" arrayletleaf="0"/>
  <largest-consumer threadName="Thread-5" threadId="0000000002504100" bytes="5352520" />
</allocation-stats>
<gc-op id="572" type="mark" timems="0.990" contextid="569" timestamp="2019-06-16T02:03:28.149">
  <trace-info objectcount="2190" scancount="1722" scanbytes="370852" />
  <cardclean-info objects="1167" bytes="58416" />
  <remembered-set-cleared processed="3897" cleared="640" durationms="0.144" />
  <stringconstants candidates="3963" cleared="0"  />
  <warning details="Mark invoked due to insufficient free space for Copy-Forward" />
</gc-op>
<gc-op id="573" type="classunload" timems="0.002" contextid="569" timestamp="2019-06-16T02:03:28.149">
  <classunload-info classloadercandidates="20" classloadersunloaded="0" classesunloaded="0" anonymousclassesunloaded="0" quiescems="0.000" setupms="0.002" scanms="0.000" postms="0.000" />
</gc-op>
<gc-op id="574" type="sweep" timems="0.549" contextid="569" timestamp="2019-06-16T02:03:28.150" />
<gc-op id="575" type="compact" timems="1.283" contextid="569" timestamp="2019-06-16T02:03:28.151">
  <compact-info movecount="2190" movebytes="939808" />
  <remembered-set-cleared processed="7971" cleared="1238" durationms="0.144" />
</gc-op>
<heap-resize id="576" type="expand" space="default" amount="1048576" count="1" timems="0.052" reason="insufficient free space following gc" timestamp="2019-06-16T02:03:28.152" />
<gc-end id="577" type="partial gc" contextid="569" durationms="4.294" usertimems="4.000" systemtimems="0.000" timestamp="2019-06-16T02:03:28.152" activeThreads="1">
  <mem-info id="578" free="17825792" total="51380224" percent="34">
    <mem type="eden" free="108912" total="1048576" percent="10" />
    <remembered-set count="6144" freebytes="2026368" totalbytes="2050944" percent="98" regionsoverflowed="0" regionsstable="0" regionsrebuilding="0"/>
  </mem-info>
</gc-end>
<cycle-end id="579" type="partial gc" contextid="569" timestamp="2019-06-16T02:03:28.152" />
  <attribute name="elasticGC enabled" value="1" />
  <attribute name= "numThreadsSpecified" value="1" />
  <attribute name="heapSize specified" value="0" />
  <attribute name="Current GC Util" value="25" />
  <attribute name= "Current Time Running" value="6319" />
  <attribute name ="GC Interval" value="0" />
  <attribute name="ProportionalT" value="7.500000" />
  <attribute name="ProportionalI" value="7.500000" />
  <attribute name="ProportionalH" value="7.500000" />
  <attribute name="Current Error" value="5.000000" />
  <attribute name="IntegralT" value="0.000000" />
  <attribute name="IntegralI" value="0.000000" />
  <attribute name="IntegralH" value="0.000000" />
  <attribute name="DerivativeT" value="inf" />
  <attribute name="DerivativeI" value="inf" />
  <attribute name="DerivativeH" value="inf" />
  <attribute name="Loop Time for DT" value="0.000000" />
  <attribute name="Output H" value="8388608"/>
  <attribute name="Output I" value="200"/>
  <attribute name="Output T" value="1"/>
  <attribute name="Target GC Util Change" value ="20.000000" />
  <attribute name="Current GC Util Change" value="25.000000"/>
  <attribute name="GC Util currently" value="25" />
  <attribute name="CPU Util currently" value="5942029077114" />
<exclusive-end id="580" timestamp="2019-06-16T02:03:28.153" durationms="5.272" />

<exclusive-start id="581" timestamp="2019-06-16T02:03:28.285" intervalms="138.124">
  <response-info timems="0.187" idlems="0.102" threads="1" lastid="0000000002504100" lastname="Thread-5" />
</exclusive-start>
<allocation-taxation id="582" taxation-threshold="17825792" timestamp="2019-06-16T02:03:28.285" intervalms="138.116" />
<cycle-start id="583" type="partial gc" contextid="0" timestamp="2019-06-16T02:03:28.286" intervalms="138.110" />
<gc-start id="584" type="partial gc" contextid="583" timestamp="2019-06-16T02:03:28.286">
  <mem-info id="585" free="0" total="51380224" percent="0">
    <mem type="eden" free="0" total="17825792" percent="0" />
    <remembered-set count="5696" freebytes="2028160" totalbytes="2050944" percent="98" regionsoverflowed="0" regionsstable="0" regionsrebuilding="0"/>
  </mem-info>
</gc-start>
<allocation-stats totalBytes="17774264" >
  <allocated-bytes non-tlh="0" tlh="17774264" arrayletleaf="0"/>
  <largest-consumer threadName="Thread-4" threadId="0000000002500500" bytes="6379408" />
</allocation-stats>
<gc-op id="586" type="mark" timems="0.998" contextid="583" timestamp="2019-06-16T02:03:28.287">
  <trace-info objectcount="1920" scancount="1565" scanbytes="366012" />
  <cardclean-info objects="1157" bytes="58112" />
  <remembered-set-cleared processed="3961" cleared="657" durationms="0.140" />
  <stringconstants candidates="3963" cleared="0"  />
  <warning details="Mark invoked due to insufficient free space for Copy-Forward" />
</gc-op>
<gc-op id="587" type="classunload" timems="0.015" contextid="583" timestamp="2019-06-16T02:03:28.287">
  <classunload-info classloadercandidates="20" classloadersunloaded="0" classesunloaded="0" anonymousclassesunloaded="0" quiescems="0.000" setupms="0.015" scanms="0.000" postms="0.000" />
</gc-op>
<gc-op id="588" type="sweep" timems="0.485" contextid="583" timestamp="2019-06-16T02:03:28.288" />
<gc-op id="589" type="compact" timems="1.407" contextid="583" timestamp="2019-06-16T02:03:28.290">
  <compact-info movecount="1920" movebytes="847048" />
  <remembered-set-cleared processed="7998" cleared="1175" durationms="0.140" />
</gc-op>
<gc-end id="590" type="partial gc" contextid="583" durationms="4.198" usertimems="4.000" systemtimems="0.000" timestamp="2019-06-16T02:03:28.290" activeThreads="4">
  <mem-info id="591" free="17825792" total="51380224" percent="34">
    <mem type="eden" free="201672" total="1048576" percent="19" />
    <remembered-set count="6560" freebytes="2024704" totalbytes="2050944" percent="98" regionsoverflowed="0" regionsstable="0" regionsrebuilding="0"/>
  </mem-info>
</gc-end>
<cycle-end id="592" type="partial gc" contextid="583" timestamp="2019-06-16T02:03:28.290" />
  <attribute name="elasticGC enabled" value="1" />
  <attribute name= "numThreadsSpecified" value="4" />
  <attribute name="heapSize specified" value="0" />
  <attribute name="Current GC Util" value="27" />
  <attribute name= "Current Time Running" value="6458" />
  <attribute name ="GC Interval" value="0" />
  <attribute name="ProportionalT" value="10.500000" />
  <attribute name="ProportionalI" value="10.500000" />
  <attribute name="ProportionalH" value="10.500000" />
  <attribute name="Current Error" value="7.000000" />
  <attribute name="IntegralT" value="7.000000" />
  <attribute name="IntegralI" value="7.000000" />
  <attribute name="IntegralH" value="7.000000" />
  <attribute name="DerivativeT" value="7.000000" />
  <attribute name="DerivativeI" value="7.000000" />
  <attribute name="DerivativeH" value="7.000000" />
  <attribute name="Loop Time for DT" value="1.000000" />
  <attribute name="Output H" value="8388608"/>
  <attribute name="Output I" value="200"/>
  <attribute name="Output T" value="4"/>
  <attribute name="Target GC Util Change" value ="20.000000" />
  <attribute name="Current GC Util Change" value="27.000000"/>
  <attribute name="GC Util currently" value="27" />
  <attribute name="CPU Util currently" value="6490560479502" />
<exclusive-end id="593" timestamp="2019-06-16T02:03:28.290" durationms="4.915" />

<exclusive-start id="594" timestamp="2019-06-16T02:03:28.412" intervalms="126.284">
  <response-info timems="0.036" idlems="0.036" threads="0" lastid="00000000024FC900" lastname="Thread-3" />
</exclusive-start>
<allocation-taxation id="595" taxation-threshold="17825792" timestamp="2019-06-16T02:03:28.412" intervalms="126.287" />
<cycle-start id="596" type="partial gc" contextid="0" timestamp="2019-06-16T02:03:28.412" intervalms="126.289" />
<gc-start id="597" type="partial gc" contextid="596" timestamp="2019-06-16T02:03:28.412">
  <mem-info id="598" free="0" total="51380224" percent="0">
    <mem type="eden" free="0" total="17825792" percent="0" />
    <remembered-set count="6208" freebytes="2026112" totalbytes="2050944" percent="98" regionsoverflowed="0" regionsstable="0" regionsrebuilding="0"/>
  </mem-info>
</gc-start>
<allocation-stats totalBytes="17709424" >
  <allocated-bytes non-tlh="0" tlh="17709424" arrayletleaf="0"/>
  <largest-consumer threadName="Thread-3" threadId="00000000024FC900" bytes="6165856" />
</allocation-stats>
<gc-op id="599" type="mark" timems="1.048" contextid="596" timestamp="2019-06-16T02:03:28.413">
  <trace-info objectcount="2239" scancount="1878" scanbytes="413052" />
  <cardclean-info objects="1177" bytes="58928" />
  <remembered-set-cleared processed="3944" cleared="604" durationms="0.142" />
  <references type="weak" candidates="1" cleared="0" enqueued="0" />
  <references type="phantom" candidates="2" cleared="0" enqueued="0" />
  <stringconstants candidates="3963" cleared="0"  />
  <warning details="Mark invoked due to insufficient free space for Copy-Forward" />
</gc-op>
<gc-op id="600" type="classunload" timems="0.015" contextid="596" timestamp="2019-06-16T02:03:28.414">
  <classunload-info classloadercandidates="20" classloadersunloaded="0" classesunloaded="0" anonymousclassesunloaded="0" quiescems="0.000" setupms="0.015" scanms="0.000" postms="0.000" />
</gc-op>
<gc-op id="601" type="sweep" timems="0.474" contextid="596" timestamp="2019-06-16T02:03:28.414" />
<gc-op id="602" type="compact" timems="1.281" contextid="596" timestamp="2019-06-16T02:03:28.416">
  <compact-info movecount="2239" movebytes="919608" />
  <remembered-set-cleared processed="8095" cleared="1191" durationms="0.142" />
</gc-op>
<heap-resize id="603" type="expand" space="default" amount="2097152" count="1" timems="0.060" reason="insufficient free space following gc" timestamp="2019-06-16T02:03:28.416" />
<gc-end id="604" type="partial gc" contextid="596" durationms="4.236" usertimems="4.000" systemtimems="0.000" timestamp="2019-06-16T02:03:28.416" activeThreads="4">
  <mem-info id="605" free="18874368" total="53477376" percent="35">
    <mem type="eden" free="129256" total="1048576" percent="12" />
    <remembered-set count="6080" freebytes="2110336" totalbytes="2134656" percent="98" regionsoverflowed="0" regionsstable="0" regionsrebuilding="0"/>
  </mem-info>
</gc-end>
<cycle-end id="606" type="partial gc" contextid="596" timestamp="2019-06-16T02:03:28.417" />
  <attribute name="elasticGC enabled" value="1" />
  <attribute name= "numThreadsSpecified" value="4" />
  <attribute name="heapSize specified" value="0" />
  <attribute name="Current GC Util" value="27" />
  <attribute name= "Current Time Running" value="6584" />
  <attribute name ="GC Interval" value="0" />
  <attribute name="ProportionalT" value="10.500000" />
  <attribute name="ProportionalI" value="10.500000" />
  <attribute name="ProportionalH" value="10.500000" />
  <attribute name="Current Error" value="7.000000" />
  <attribute name="IntegralT" value="7.000000" />
  <attribute name="IntegralI" value="7.000000" />
  <attribute name="IntegralH" value="7.000000" />
  <attribute name="DerivativeT" value="7.000000" />
  <attribute name="DerivativeI" value="7.000000" />
  <attribute name="DerivativeH" value="7.000000" />
  <attribute name="Loop Time for DT" value="1.000000" />
  <attribute name="Output H" value="8388608"/>
  <attribute name="Output I" value="200"/>
  <attribute name="Output T" value="4"/>
  <attribute name="Target GC Util Change" value ="20.000000" />
  <attribute name="Current GC Util Change" value="27.000000"/>
  <attribute name="GC Util currently" value="27" />
  <attribute name="CPU Util currently" value="6670378167473" />
<exclusive-end id="607" timestamp="2019-06-16T02:03:28.417" durationms="5.218" />

<exclusive-start id="608" timestamp="2019-06-16T02:03:28.542" intervalms="130.214">
  <response-info timems="0.031" idlems="0.031" threads="0" lastid="0000000002500500" lastname="Thread-4" />
</exclusive-start>
<allocation-taxation id="609" taxation-threshold="18874368" timestamp="2019-06-16T02:03:28.542" intervalms="130.215" />
<cycle-start id="610" type="partial gc" contextid="0" timestamp="2019-06-16T02:03:28.542" intervalms="130.213" />
<gc-start id="611" type="partial gc" contextid="610" timestamp="2019-06-16T02:03:28.542">
  <mem-info id="612" free="0" total="53477376" percent="0">
    <mem type="eden" free="0" total="18874368" percent="0" />
    <remembered-set count="5728" freebytes="2111744" totalbytes="2134656" percent="98" regionsoverflowed="0" regionsstable="0" regionsrebuilding="0"/>
  </mem-info>
</gc-start>
<allocation-stats totalBytes="18846000" >
  <allocated-bytes non-tlh="65552" tlh="18780448" arrayletleaf="0"/>
  <largest-consumer threadName="Thread-4" threadId="0000000002500500" bytes="7586832" />
</allocation-stats>
<gc-op id="613" type="mark" timems="1.024" contextid="610" timestamp="2019-06-16T02:03:28.544">
  <trace-info objectcount="2079" scancount="1668" scanbytes="402996" />
  <cardclean-info objects="1168" bytes="58544" />
  <remembered-set-cleared processed="4019" cleared="638" durationms="0.151" />
  <references type="phantom" candidates="1" cleared="0" enqueued="0" />
  <stringconstants candidates="3963" cleared="0"  />
  <warning details="Mark invoked due to insufficient free space for Copy-Forward" />
</gc-op>
<gc-op id="614" type="classunload" timems="0.002" contextid="610" timestamp="2019-06-16T02:03:28.544">
  <classunload-info classloadercandidates="20" classloadersunloaded="0" classesunloaded="0" anonymousclassesunloaded="0" quiescems="0.000" setupms="0.002" scanms="0.000" postms="0.000" />
</gc-op>
<gc-op id="615" type="sweep" timems="0.442" contextid="610" timestamp="2019-06-16T02:03:28.544" />
<gc-op id="616" type="compact" timems="1.327" contextid="610" timestamp="2019-06-16T02:03:28.546">
  <compact-info movecount="2079" movebytes="942560" />
  <remembered-set-cleared processed="8199" cleared="1209" durationms="0.151" />
</gc-op>
<heap-resize id="617" type="expand" space="default" amount="1048576" count="1" timems="0.051" reason="insufficient free space following gc" timestamp="2019-06-16T02:03:28.546" />
<gc-end id="618" type="partial gc" contextid="610" durationms="4.172" usertimems="4.000" systemtimems="4.000" timestamp="2019-06-16T02:03:28.546" activeThreads="4">
  <mem-info id="619" free="18874368" total="54525952" percent="34">
    <mem type="eden" free="106160" total="1048576" percent="10" />
    <remembered-set count="6624" freebytes="2150016" totalbytes="2176512" percent="98" regionsoverflowed="0" regionsstable="0" regionsrebuilding="0"/>
  </mem-info>
</gc-end>
<cycle-end id="620" type="partial gc" contextid="610" timestamp="2019-06-16T02:03:28.547" />
  <attribute name="elasticGC enabled" value="1" />
  <attribute name= "numThreadsSpecified" value="4" />
  <attribute name="heapSize specified" value="0" />
  <attribute name="Current GC Util" value="30" />
  <attribute name= "Current Time Running" value="6714" />
  <attribute name ="GC Interval" value="0" />
  <attribute name="ProportionalT" value="15.000000" />
  <attribute name="ProportionalI" value="15.000000" />
  <attribute name="ProportionalH" value="15.000000" />
  <attribute name="Current Error" value="10.000000" />
  <attribute name="IntegralT" value="10.000000" />
  <attribute name="IntegralI" value="10.000000" />
  <attribute name="IntegralH" value="10.000000" />
  <attribute name="DerivativeT" value="10.000000" />
  <attribute name="DerivativeI" value="10.000000" />
  <attribute name="DerivativeH" value="10.000000" />
  <attribute name="Loop Time for DT" value="1.000000" />
  <attribute name="Output H" value="8388608"/>
  <attribute name="Output I" value="200"/>
  <attribute name="Output T" value="4"/>
  <attribute name="Target GC Util Change" value ="20.000000" />
  <attribute name="Current GC Util Change" value="30.000000"/>
  <attribute name="GC Util currently" value="30" />
  <attribute name="CPU Util currently" value="6897020728000" />
<exclusive-end id="621" timestamp="2019-06-16T02:03:28.547" durationms="4.844" />

<exclusive-start id="622" timestamp="2019-06-16T02:03:28.688" intervalms="146.477">
  <response-info timems="0.038" idlems="0.038" threads="0" lastid="00000000024FC900" lastname="Thread-3" />
</exclusive-start>
<allocation-taxation id="623" taxation-threshold="18874368" timestamp="2019-06-16T02:03:28.688" intervalms="146.481" />
<cycle-start id="624" type="partial gc" contextid="0" timestamp="2019-06-16T02:03:28.689" intervalms="146.487" />
<gc-start id="625" type="partial gc" contextid="624" timestamp="2019-06-16T02:03:28.689">
  <mem-info id="626" free="0" total="54525952" percent="0">
    <mem type="eden" free="0" total="18874368" percent="0" />
    <remembered-set count="6368" freebytes="2151040" totalbytes="2176512" percent="98" regionsoverflowed="0" regionsstable="0" regionsrebuilding="0"/>
  </mem-info>
</gc-start>
<allocation-stats totalBytes="18844376" >
  <allocated-bytes non-tlh="32776" tlh="18811600" arrayletleaf="0"/>
  <largest-consumer threadName="Thread-4" threadId="0000000002500500" bytes="6635152" />
</allocation-stats>
<gc-op id="627" type="mark" timems="1.008" contextid="624" timestamp="2019-06-16T02:03:28.690">
  <trace-info objectcount="2419" scancount="1990" scanbytes="416868" />
  <cardclean-info objects="1182" bytes="59376" />
  <remembered-set-cleared processed="4069" cleared="655" durationms="0.145" />
  <references type="weak" candidates="1" cleared="0" enqueued="0" />
  <references type="phantom" candidates="1" cleared="0" enqueued="0" />
  <stringconstants candidates="3963" cleared="0"  />
  <warning details="Mark invoked due to insufficient free space for Copy-Forward" />
</gc-op>
<gc-op id="628" type="classunload" timems="0.002" contextid="624" timestamp="2019-06-16T02:03:28.690">
  <classunload-info classloadercandidates="20" classloadersunloaded="0" classesunloaded="0" anonymousclassesunloaded="0" quiescems="0.000" setupms="0.002" scanms="0.000" postms="0.000" />
</gc-op>
<gc-op id="629" type="sweep" timems="0.446" contextid="624" timestamp="2019-06-16T02:03:28.691" />
<gc-op id="630" type="compact" timems="1.292" contextid="624" timestamp="2019-06-16T02:03:28.692">
  <compact-info movecount="2419" movebytes="955280" />
  <remembered-set-cleared processed="8358" cleared="1306" durationms="0.145" />
</gc-op>
<heap-resize id="631" type="expand" space="default" amount="1048576" count="1" timems="0.055" reason="insufficient free space following gc" timestamp="2019-06-16T02:03:28.693" />
<gc-end id="632" type="partial gc" contextid="624" durationms="4.180" usertimems="0.000" systemtimems="4.000" timestamp="2019-06-16T02:03:28.693" activeThreads="1">
  <mem-info id="633" free="18874368" total="55574528" percent="33">
    <mem type="eden" free="93440" total="1048576" percent="8" />
    <remembered-set count="6784" freebytes="2191232" totalbytes="2218368" percent="98" regionsoverflowed="0" regionsstable="0" regionsrebuilding="0"/>
  </mem-info>
</gc-end>
<cycle-end id="634" type="partial gc" contextid="624" timestamp="2019-06-16T02:03:28.693" />
  <attribute name="elasticGC enabled" value="1" />
  <attribute name= "numThreadsSpecified" value="1" />
  <attribute name="heapSize specified" value="0" />
  <attribute name="Current GC Util" value="29" />
  <attribute name= "Current Time Running" value="6860" />
  <attribute name ="GC Interval" value="0" />
  <attribute name="ProportionalT" value="13.500000" />
  <attribute name="ProportionalI" value="13.500000" />
  <attribute name="ProportionalH" value="13.500000" />
  <attribute name="Current Error" value="9.000000" />
  <attribute name="IntegralT" value="0.000000" />
  <attribute name="IntegralI" value="0.000000" />
  <attribute name="IntegralH" value="0.000000" />
  <attribute name="DerivativeT" value="inf" />
  <attribute name="DerivativeI" value="inf" />
  <attribute name="DerivativeH" value="inf" />
  <attribute name="Loop Time for DT" value="0.000000" />
  <attribute name="Output H" value="8388608"/>
  <attribute name="Output I" value="200"/>
  <attribute name="Output T" value="1"/>
  <attribute name="Target GC Util Change" value ="20.000000" />
  <attribute name="Current GC Util Change" value="29.000000"/>
  <attribute name="GC Util currently" value="29" />
  <attribute name="CPU Util currently" value="6704289049291" />
<exclusive-end id="635" timestamp="2019-06-16T02:03:28.693" durationms="5.057" />

<exclusive-start id="636" timestamp="2019-06-16T02:03:28.823" intervalms="134.399">
  <response-info timems="0.027" idlems="0.027" threads="0" lastid="0000000002507D00" lastname="Thread-6" />
</exclusive-start>
<allocation-taxation id="637" taxation-threshold="18874368" timestamp="2019-06-16T02:03:28.823" intervalms="134.783" />
<cycle-start id="638" type="partial gc" contextid="0" timestamp="2019-06-16T02:03:28.823" intervalms="134.818" />
<gc-start id="639" type="partial gc" contextid="638" timestamp="2019-06-16T02:03:28.824">
  <mem-info id="640" free="0" total="55574528" percent="0">
    <mem type="eden" free="0" total="18874368" percent="0" />
    <remembered-set count="6336" freebytes="2193024" totalbytes="2218368" percent="98" regionsoverflowed="0" regionsstable="0" regionsrebuilding="0"/>
  </mem-info>
</gc-start>
<allocation-stats totalBytes="18782376" >
  <allocated-bytes non-tlh="0" tlh="18782376" arrayletleaf="0"/>
  <largest-consumer threadName="Thread-4" threadId="0000000002500500" bytes="6501136" />
</allocation-stats>
<gc-op id="641" type="mark" timems="0.897" contextid="638" timestamp="2019-06-16T02:03:28.825">
  <trace-info objectcount="978" scancount="778" scanbytes="333164" />
  <cardclean-info objects="1166" bytes="58400" />
  <remembered-set-cleared processed="4152" cleared="692" durationms="0.148" />
  <stringconstants candidates="3963" cleared="0"  />
  <warning details="Mark invoked due to insufficient free space for Copy-Forward" />
</gc-op>
<gc-op id="642" type="classunload" timems="0.001" contextid="638" timestamp="2019-06-16T02:03:28.825">
  <classunload-info classloadercandidates="20" classloadersunloaded="0" classesunloaded="0" anonymousclassesunloaded="0" quiescems="0.000" setupms="0.001" scanms="0.000" postms="0.000" />
</gc-op>
<gc-op id="643" type="sweep" timems="0.491" contextid="638" timestamp="2019-06-16T02:03:28.826" />
<gc-op id="644" type="compact" timems="1.157" contextid="638" timestamp="2019-06-16T02:03:28.827">
  <compact-info movecount="978" movebytes="682856" />
  <remembered-set-cleared processed="8115" cleared="957" durationms="0.148" />
</gc-op>
<heap-resize id="645" type="expand" space="default" amount="2097152" count="1" timems="0.059" reason="insufficient free space following gc" timestamp="2019-06-16T02:03:28.828" />
<gc-end id="646" type="partial gc" contextid="638" durationms="4.113" usertimems="0.000" systemtimems="4.000" timestamp="2019-06-16T02:03:28.828" activeThreads="1">
  <mem-info id="647" free="19922944" total="57671680" percent="34">
    <mem type="eden" free="365976" total="1048576" percent="34" />
    <remembered-set count="6304" freebytes="2276864" totalbytes="2302080" percent="98" regionsoverflowed="0" regionsstable="0" regionsrebuilding="0"/>
  </mem-info>
</gc-end>
<cycle-end id="648" type="partial gc" contextid="638" timestamp="2019-06-16T02:03:28.828" />
  <attribute name="elasticGC enabled" value="1" />
  <attribute name= "numThreadsSpecified" value="1" />
  <attribute name="heapSize specified" value="0" />
  <attribute name="Current GC Util" value="27" />
  <attribute name= "Current Time Running" value="6995" />
  <attribute name ="GC Interval" value="0" />
  <attribute name="ProportionalT" value="10.500000" />
  <attribute name="ProportionalI" value="10.500000" />
  <attribute name="ProportionalH" value="10.500000" />
  <attribute name="Current Error" value="7.000000" />
  <attribute name="IntegralT" value="0.000000" />
  <attribute name="IntegralI" value="0.000000" />
  <attribute name="IntegralH" value="0.000000" />
  <attribute name="DerivativeT" value="inf" />
  <attribute name="DerivativeI" value="inf" />
  <attribute name="DerivativeH" value="inf" />
  <attribute name="Loop Time for DT" value="0.000000" />
  <attribute name="Output H" value="8388608"/>
  <attribute name="Output I" value="200"/>
  <attribute name="Output T" value="1"/>
  <attribute name="Target GC Util Change" value ="20.000000" />
  <attribute name="Current GC Util Change" value="27.000000"/>
  <attribute name="GC Util currently" value="27" />
  <attribute name="CPU Util currently" value="6160142569885" />
<exclusive-end id="649" timestamp="2019-06-16T02:03:28.828" durationms="5.510" />

<exclusive-start id="650" timestamp="2019-06-16T02:03:28.971" intervalms="148.293">
  <response-info timems="0.037" idlems="0.037" threads="0" lastid="0000000002500500" lastname="Thread-4" />
</exclusive-start>
<allocation-taxation id="651" taxation-threshold="19922944" timestamp="2019-06-16T02:03:28.971" intervalms="147.907" />
<cycle-start id="652" type="partial gc" contextid="0" timestamp="2019-06-16T02:03:28.971" intervalms="147.868" />
<gc-start id="653" type="partial gc" contextid="652" timestamp="2019-06-16T02:03:28.971">
  <mem-info id="654" free="0" total="57671680" percent="0">
    <mem type="eden" free="0" total="19922944" percent="0" />
    <remembered-set count="6208" freebytes="2277248" totalbytes="2302080" percent="98" regionsoverflowed="0" regionsstable="0" regionsrebuilding="0"/>
  </mem-info>
</gc-start>
<allocation-stats totalBytes="19912544" >
  <allocated-bytes non-tlh="49168" tlh="19863376" arrayletleaf="0"/>
  <largest-consumer threadName="Thread-4" threadId="0000000002500500" bytes="6993960" />
</allocation-stats>
<gc-op id="655" type="mark" timems="1.010" contextid="652" timestamp="2019-06-16T02:03:28.973">
  <trace-info objectcount="2040" scancount="1637" scanbytes="332864" />
  <cardclean-info objects="1175" bytes="58688" />
  <remembered-set-cleared processed="3954" cleared="452" durationms="0.149" />
  <stringconstants candidates="3963" cleared="0"  />
  <warning details="Mark invoked due to insufficient free space for Copy-Forward" />
</gc-op>
<gc-op id="656" type="classunload" timems="0.002" contextid="652" timestamp="2019-06-16T02:03:28.973">
  <classunload-info classloadercandidates="20" classloadersunloaded="0" classesunloaded="0" anonymousclassesunloaded="0" quiescems="0.000" setupms="0.002" scanms="0.000" postms="0.000" />
</gc-op>
<gc-op id="657" type="sweep" timems="0.495" contextid="652" timestamp="2019-06-16T02:03:28.974" />
<gc-op id="658" type="compact" timems="1.473" contextid="652" timestamp="2019-06-16T02:03:28.975">
  <compact-info movecount="2035" movebytes="757992" />
  <remembered-set-cleared processed="8217" cleared="999" durationms="0.149" />
</gc-op>
<gc-end id="659" type="partial gc" contextid="652" durationms="4.210" usertimems="4.000" systemtimems="0.000" timestamp="2019-06-16T02:03:28.976" activeThreads="4">
  <mem-info id="660" free="18874368" total="57671680" percent="32">
    <mem type="eden" free="290728" total="1048576" percent="27" />
    <remembered-set count="6208" freebytes="2277248" totalbytes="2302080" percent="98" regionsoverflowed="0" regionsstable="0" regionsrebuilding="0"/>
  </mem-info>
</gc-end>
<cycle-end id="661" type="partial gc" contextid="652" timestamp="2019-06-16T02:03:28.976" />
  <attribute name="elasticGC enabled" value="1" />
  <attribute name= "numThreadsSpecified" value="4" />
  <attribute name="heapSize specified" value="0" />
  <attribute name="Current GC Util" value="26" />
  <attribute name= "Current Time Running" value="7143" />
  <attribute name ="GC Interval" value="0" />
  <attribute name="ProportionalT" value="9.000000" />
  <attribute name="ProportionalI" value="9.000000" />
  <attribute name="ProportionalH" value="9.000000" />
  <attribute name="Current Error" value="6.000000" />
  <attribute name="IntegralT" value="6.000000" />
  <attribute name="IntegralI" value="6.000000" />
  <attribute name="IntegralH" value="6.000000" />
  <attribute name="DerivativeT" value="6.000000" />
  <attribute name="DerivativeI" value="6.000000" />
  <attribute name="DerivativeH" value="6.000000" />
  <attribute name="Loop Time for DT" value="1.000000" />
  <attribute name="Output H" value="8388608"/>
  <attribute name="Output I" value="200"/>
  <attribute name="Output T" value="4"/>
  <attribute name="Target GC Util Change" value ="20.000000" />
  <attribute name="Current GC Util Change" value="26.000000"/>
  <attribute name="GC Util currently" value="26" />
  <attribute name="CPU Util currently" value="6258496789683" />
<exclusive-end id="662" timestamp="2019-06-16T02:03:28.976" durationms="4.936" />

<exclusive-start id="663" timestamp="2019-06-16T02:03:29.112" intervalms="140.492">
  <response-info timems="0.033" idlems="0.033" threads="0" lastid="0000000002507D00" lastname="Thread-6" />
</exclusive-start>
<allocation-taxation id="664" taxation-threshold="18874368" timestamp="2019-06-16T02:03:29.112" intervalms="140.654" />
<cycle-start id="665" type="partial gc" contextid="0" timestamp="2019-06-16T02:03:29.112" intervalms="140.652" />
<gc-start id="666" type="partial gc" contextid="665" timestamp="2019-06-16T02:03:29.112">
  <mem-info id="667" free="0" total="57671680" percent="0">
    <mem type="eden" free="0" total="18874368" percent="0" />
    <remembered-set count="5952" freebytes="2278272" totalbytes="2302080" percent="98" regionsoverflowed="0" regionsstable="0" regionsrebuilding="0"/>
  </mem-info>
</gc-start>
<allocation-stats totalBytes="18834800" >
  <allocated-bytes non-tlh="65560" tlh="18769240" arrayletleaf="0"/>
  <largest-consumer threadName="Thread-4" threadId="0000000002500500" bytes="6719760" />
</allocation-stats>
<gc-op id="668" type="mark" timems="1.045" contextid="665" timestamp="2019-06-16T02:03:29.114">
  <trace-info objectcount="2234" scancount="1752" scanbytes="404452" />
  <cardclean-info objects="1204" bytes="59792" />
  <remembered-set-cleared processed="4175" cleared="643" durationms="0.158" />
  <stringconstants candidates="3963" cleared="0"  />
  <warning details="Mark invoked due to insufficient free space for Copy-Forward" />
</gc-op>
<gc-op id="669" type="classunload" timems="0.002" contextid="665" timestamp="2019-06-16T02:03:29.114">
  <classunload-info classloadercandidates="20" classloadersunloaded="0" classesunloaded="0" anonymousclassesunloaded="0" quiescems="0.000" setupms="0.002" scanms="0.000" postms="0.000" />
</gc-op>
<gc-op id="670" type="sweep" timems="0.502" contextid="665" timestamp="2019-06-16T02:03:29.114" />
<gc-op id="671" type="compact" timems="1.077" contextid="665" timestamp="2019-06-16T02:03:29.116">
  <compact-info movecount="2234" movebytes="969264" />
  <remembered-set-cleared processed="8547" cleared="1252" durationms="0.158" />
</gc-op>
<heap-resize id="672" type="expand" space="default" amount="1048576" count="1" timems="0.053" reason="insufficient free space following gc" timestamp="2019-06-16T02:03:29.116" />
<gc-end id="673" type="partial gc" contextid="665" durationms="4.060" usertimems="8.000" systemtimems="0.000" timestamp="2019-06-16T02:03:29.116" activeThreads="4">
  <mem-info id="674" free="18874368" total="58720256" percent="32">
    <mem type="eden" free="79456" total="1048576" percent="7" />
    <remembered-set count="6272" freebytes="2318848" totalbytes="2343936" percent="98" regionsoverflowed="0" regionsstable="0" regionsrebuilding="0"/>
  </mem-info>
</gc-end>
<cycle-end id="675" type="partial gc" contextid="665" timestamp="2019-06-16T02:03:29.116" />
  <attribute name="elasticGC enabled" value="1" />
  <attribute name= "numThreadsSpecified" value="4" />
  <attribute name="heapSize specified" value="0" />
  <attribute name="Current GC Util" value="24" />
  <attribute name= "Current Time Running" value="7284" />
  <attribute name ="GC Interval" value="0" />
  <attribute name="ProportionalT" value="6.000000" />
  <attribute name="ProportionalI" value="6.000000" />
  <attribute name="ProportionalH" value="6.000000" />
  <attribute name="Current Error" value="4.000000" />
  <attribute name="IntegralT" value="4.000000" />
  <attribute name="IntegralI" value="4.000000" />
  <attribute name="IntegralH" value="4.000000" />
  <attribute name="DerivativeT" value="4.000000" />
  <attribute name="DerivativeI" value="4.000000" />
  <attribute name="DerivativeH" value="4.000000" />
  <attribute name="Loop Time for DT" value="1.000000" />
  <attribute name="Output H" value="8388608"/>
  <attribute name="Output I" value="200"/>
  <attribute name="Output T" value="4"/>
  <attribute name="Target GC Util Change" value ="20.000000" />
  <attribute name="Current GC Util Change" value="24.000000"/>
  <attribute name="GC Util currently" value="24" />
  <attribute name="CPU Util currently" value="6261887482416" />
<exclusive-end id="676" timestamp="2019-06-16T02:03:29.117" durationms="5.195" />

<exclusive-start id="677" timestamp="2019-06-16T02:03:29.246" intervalms="134.878">
  <response-info timems="0.088" idlems="0.063" threads="2" lastid="00000000024FC900" lastname="Thread-3" />
</exclusive-start>
<allocation-taxation id="678" taxation-threshold="18874368" timestamp="2019-06-16T02:03:29.247" intervalms="134.706" />
<cycle-start id="679" type="partial gc" contextid="0" timestamp="2019-06-16T02:03:29.247" intervalms="134.705" />
<gc-start id="680" type="partial gc" contextid="679" timestamp="2019-06-16T02:03:29.247">
  <mem-info id="681" free="0" total="58720256" percent="0">
    <mem type="eden" free="0" total="18874368" percent="0" />
    <remembered-set count="5920" freebytes="2320256" totalbytes="2343936" percent="98" regionsoverflowed="0" regionsstable="0" regionsrebuilding="0"/>
  </mem-info>
</gc-start>
<allocation-stats totalBytes="18853496" >
  <allocated-bytes non-tlh="16392" tlh="18837104" arrayletleaf="0"/>
  <largest-consumer threadName="Thread-4" threadId="0000000002500500" bytes="5986536" />
</allocation-stats>
<gc-op id="682" type="mark" timems="1.016" contextid="679" timestamp="2019-06-16T02:03:29.248">
  <trace-info objectcount="2203" scancount="1735" scanbytes="371176" />
  <cardclean-info objects="1192" bytes="59328" />
  <remembered-set-cleared processed="4264" cleared="689" durationms="0.094" />
  <stringconstants candidates="3963" cleared="0"  />
  <warning details="Mark invoked due to insufficient free space for Copy-Forward" />
</gc-op>
<gc-op id="683" type="classunload" timems="0.002" contextid="679" timestamp="2019-06-16T02:03:29.248">
  <classunload-info classloadercandidates="20" classloadersunloaded="0" classesunloaded="0" anonymousclassesunloaded="0" quiescems="0.000" setupms="0.002" scanms="0.000" postms="0.000" />
</gc-op>
<gc-op id="684" type="sweep" timems="0.332" contextid="679" timestamp="2019-06-16T02:03:29.249" />
<gc-op id="685" type="compact" timems="1.115" contextid="679" timestamp="2019-06-16T02:03:29.250">
  <compact-info movecount="2203" movebytes="914368" />
  <remembered-set-cleared processed="8672" cleared="1297" durationms="0.094" />
</gc-op>
<heap-resize id="686" type="expand" space="default" amount="2097152" count="1" timems="0.061" reason="insufficient free space following gc" timestamp="2019-06-16T02:03:29.250" />
<gc-end id="687" type="partial gc" contextid="679" durationms="3.748" usertimems="8.000" systemtimems="0.000" timestamp="2019-06-16T02:03:29.251" activeThreads="4">
  <mem-info id="688" free="19922944" total="60817408" percent="32">
    <mem type="eden" free="134456" total="1048576" percent="12" />
    <remembered-set count="6400" freebytes="2402048" totalbytes="2427648" percent="98" regionsoverflowed="0" regionsstable="0" regionsrebuilding="0"/>
  </mem-info>
</gc-end>
<cycle-end id="689" type="partial gc" contextid="679" timestamp="2019-06-16T02:03:29.251" />
  <attribute name="elasticGC enabled" value="1" />
  <attribute name= "numThreadsSpecified" value="4" />
  <attribute name="heapSize specified" value="0" />
  <attribute name="Current GC Util" value="28" />
  <attribute name= "Current Time Running" value="7418" />
  <attribute name ="GC Interval" value="0" />
  <attribute name="ProportionalT" value="12.000000" />
  <attribute name="ProportionalI" value="12.000000" />
  <attribute name="ProportionalH" value="12.000000" />
  <attribute name="Current Error" value="8.000000" />
  <attribute name="IntegralT" value="0.000000" />
  <attribute name="IntegralI" value="0.000000" />
  <attribute name="IntegralH" value="0.000000" />
  <attribute name="DerivativeT" value="-inf" />
  <attribute name="DerivativeI" value="-inf" />
  <attribute name="DerivativeH" value="-inf" />
  <attribute name="Loop Time for DT" value="0.000000" />
  <attribute name="Output H" value="2091843584"/>
  <attribute name="Output I" value="200"/>
  <attribute name="Output T" value="4"/>
  <attribute name="Target GC Util Change" value ="20.000000" />
  <attribute name="Current GC Util Change" value="28.000000"/>
  <attribute name="GC Util currently" value="28" />
  <attribute name="CPU Util currently" value="8358531488224" />
<exclusive-end id="690" timestamp="2019-06-16T02:03:29.251" durationms="4.453" />

<exclusive-start id="691" timestamp="2019-06-16T02:03:29.388" intervalms="141.120">
  <response-info timems="0.183" idlems="0.099" threads="1" lastid="0000000002504100" lastname="Thread-5" />
</exclusive-start>
<allocation-taxation id="692" taxation-threshold="19922944" timestamp="2019-06-16T02:03:29.388" intervalms="141.132" />
<cycle-start id="693" type="partial gc" contextid="0" timestamp="2019-06-16T02:03:29.388" intervalms="141.132" />
<gc-start id="694" type="partial gc" contextid="693" timestamp="2019-06-16T02:03:29.388">
  <mem-info id="695" free="0" total="60817408" percent="0">
    <mem type="eden" free="0" total="19922944" percent="0" />
    <remembered-set count="6144" freebytes="2403072" totalbytes="2427648" percent="98" regionsoverflowed="0" regionsstable="0" regionsrebuilding="0"/>
  </mem-info>
</gc-start>
<allocation-stats totalBytes="19852544" >
  <allocated-bytes non-tlh="40976" tlh="19811568" arrayletleaf="0"/>
  <largest-consumer threadName="Thread-4" threadId="0000000002500500" bytes="6778992" />
</allocation-stats>
<gc-op id="696" type="mark" timems="1.163" contextid="693" timestamp="2019-06-16T02:03:29.390">
  <trace-info objectcount="1438" scancount="1147" scanbytes="313556" />
  <cardclean-info objects="1201" bytes="59712" />
  <remembered-set-cleared processed="4313" cleared="697" durationms="0.107" />
  <references type="phantom" candidates="2" cleared="0" enqueued="0" />
  <stringconstants candidates="3963" cleared="0"  />
  <warning details="Mark invoked due to insufficient free space for Copy-Forward" />
</gc-op>
<gc-op id="697" type="classunload" timems="0.003" contextid="693" timestamp="2019-06-16T02:03:29.390">
  <classunload-info classloadercandidates="20" classloadersunloaded="0" classesunloaded="0" anonymousclassesunloaded="0" quiescems="0.000" setupms="0.001" scanms="0.000" postms="0.000" />
</gc-op>
<gc-op id="698" type="sweep" timems="0.380" contextid="693" timestamp="2019-06-16T02:03:29.390" />
<gc-op id="699" type="compact" timems="1.086" contextid="693" timestamp="2019-06-16T02:03:29.391">
  <compact-info movecount="1436" movebytes="660608" />
  <remembered-set-cleared processed="8520" cleared="1045" durationms="0.107" />
</gc-op>
<heap-resize id="700" type="expand" space="default" amount="3145728" count="1" timems="0.064" reason="insufficient free space following gc" timestamp="2019-06-16T02:03:29.392" />
<gc-end id="701" type="partial gc" contextid="693" durationms="3.901" usertimems="8.000" systemtimems="0.000" timestamp="2019-06-16T02:03:29.392" activeThreads="4">
  <mem-info id="702" free="22020096" total="63963136" percent="34">
    <mem type="eden" free="388112" total="1048576" percent="37" />
    <remembered-set count="6560" freebytes="2526976" totalbytes="2553216" percent="98" regionsoverflowed="0" regionsstable="0" regionsrebuilding="0"/>
  </mem-info>
</gc-end>
<cycle-end id="703" type="partial gc" contextid="693" timestamp="2019-06-16T02:03:29.392" />
  <attribute name="elasticGC enabled" value="1" />
  <attribute name= "numThreadsSpecified" value="4" />
  <attribute name="heapSize specified" value="0" />
  <attribute name="Current GC Util" value="30" />
  <attribute name= "Current Time Running" value="7560" />
  <attribute name ="GC Interval" value="0" />
  <attribute name="ProportionalT" value="15.000000" />
  <attribute name="ProportionalI" value="15.000000" />
  <attribute name="ProportionalH" value="15.000000" />
  <attribute name="Current Error" value="10.000000" />
  <attribute name="IntegralT" value="10.000000" />
  <attribute name="IntegralI" value="10.000000" />
  <attribute name="IntegralH" value="10.000000" />
  <attribute name="DerivativeT" value="-88.000000" />
  <attribute name="DerivativeI" value="-88.000000" />
  <attribute name="DerivativeH" value="-88.000000" />
  <attribute name="Loop Time for DT" value="1.000000" />
  <attribute name="Output H" value="2091843584"/>
  <attribute name="Output I" value="200"/>
  <attribute name="Output T" value="4"/>
  <attribute name="Target GC Util Change" value ="20.000000" />
  <attribute name="Current GC Util Change" value="30.000000"/>
  <attribute name="GC Util currently" value="30" />
  <attribute name="CPU Util currently" value="7958372757403" />
<exclusive-end id="704" timestamp="2019-06-16T02:03:29.392" durationms="4.681" />

<exclusive-start id="705" timestamp="2019-06-16T02:03:29.542" intervalms="154.856">
  <response-info timems="0.031" idlems="0.031" threads="0" lastid="0000000002500500" lastname="Thread-4" />
</exclusive-start>
<allocation-taxation id="706" taxation-threshold="22020096" timestamp="2019-06-16T02:03:29.543" intervalms="154.851" />
<cycle-start id="707" type="partial gc" contextid="0" timestamp="2019-06-16T02:03:29.543" intervalms="154.852" />
<gc-start id="708" type="partial gc" contextid="707" timestamp="2019-06-16T02:03:29.543">
  <mem-info id="709" free="0" total="63963136" percent="0">
    <mem type="eden" free="0" total="22020096" percent="0" />
    <remembered-set count="6112" freebytes="2528768" totalbytes="2553216" percent="99" regionsoverflowed="0" regionsstable="0" regionsrebuilding="0"/>
  </mem-info>
</gc-start>
<allocation-stats totalBytes="21956304" >
  <allocated-bytes non-tlh="32776" tlh="21923528" arrayletleaf="0"/>
  <largest-consumer threadName="Thread-5" threadId="0000000002504100" bytes="6227584" />
</allocation-stats>
<gc-op id="710" type="mark" timems="1.002" contextid="707" timestamp="2019-06-16T02:03:29.544">
  <trace-info objectcount="1523" scancount="1195" scanbytes="250520" />
  <cardclean-info objects="1177" bytes="58920" />
  <remembered-set-cleared processed="4186" cleared="525" durationms="0.162" />
  <stringconstants candidates="3963" cleared="0"  />
  <warning details="Mark invoked due to insufficient free space for Copy-Forward" />
</gc-op>
<gc-op id="711" type="classunload" timems="0.002" contextid="707" timestamp="2019-06-16T02:03:29.544">
  <classunload-info classloadercandidates="20" classloadersunloaded="0" classesunloaded="0" anonymousclassesunloaded="0" quiescems="0.000" setupms="0.002" scanms="0.000" postms="0.000" />
</gc-op>
<gc-op id="712" type="sweep" timems="0.370" contextid="707" timestamp="2019-06-16T02:03:29.545" />
<gc-op id="713" type="compact" timems="1.166" contextid="707" timestamp="2019-06-16T02:03:29.546">
  <compact-info movecount="1523" movebytes="631808" />
  <remembered-set-cleared processed="8519" cleared="982" durationms="0.162" />
</gc-op>
<heap-resize id="714" type="expand" space="default" amount="1048576" count="1" timems="0.051" reason="insufficient free space following gc" timestamp="2019-06-16T02:03:29.546" />
<gc-end id="715" type="partial gc" contextid="707" durationms="3.725" usertimems="4.000" systemtimems="0.000" timestamp="2019-06-16T02:03:29.546" activeThreads="1">
  <mem-info id="716" free="22020096" total="65011712" percent="33">
    <mem type="eden" free="417016" total="1048576" percent="39" />
    <remembered-set count="6464" freebytes="2569216" totalbytes="2595072" percent="99" regionsoverflowed="0" regionsstable="0" regionsrebuilding="0"/>
  </mem-info>
</gc-end>
<cycle-end id="717" type="partial gc" contextid="707" timestamp="2019-06-16T02:03:29.547" />
  <attribute name="elasticGC enabled" value="1" />
  <attribute name= "numThreadsSpecified" value="1" />
  <attribute name="heapSize specified" value="0" />
  <attribute name="Current GC Util" value="31" />
  <attribute name= "Current Time Running" value="7714" />
  <attribute name ="GC Interval" value="0" />
  <attribute name="ProportionalT" value="16.500000" />
  <attribute name="ProportionalI" value="16.500000" />
  <attribute name="ProportionalH" value="16.500000" />
  <attribute name="Current Error" value="11.000000" />
  <attribute name="IntegralT" value="0.000000" />
  <attribute name="IntegralI" value="0.000000" />
  <attribute name="IntegralH" value="0.000000" />
  <attribute name="DerivativeT" value="inf" />
  <attribute name="DerivativeI" value="inf" />
  <attribute name="DerivativeH" value="inf" />
  <attribute name="Loop Time for DT" value="0.000000" />
  <attribute name="Output H" value="8388608"/>
  <attribute name="Output I" value="200"/>
  <attribute name="Output T" value="1"/>
  <attribute name="Target GC Util Change" value ="20.000000" />
  <attribute name="Current GC Util Change" value="31.000000"/>
  <attribute name="GC Util currently" value="31" />
  <attribute name="CPU Util currently" value="8562389782083" />
<exclusive-end id="718" timestamp="2019-06-16T02:03:29.547" durationms="4.377" />

<exclusive-start id="719" timestamp="2019-06-16T02:03:29.703" intervalms="160.198">
  <response-info timems="0.034" idlems="0.034" threads="0" lastid="0000000002504100" lastname="Thread-5" />
</exclusive-start>
<allocation-taxation id="720" taxation-threshold="22020096" timestamp="2019-06-16T02:03:29.703" intervalms="160.201" />
<cycle-start id="721" type="partial gc" contextid="0" timestamp="2019-06-16T02:03:29.703" intervalms="160.208" />
<gc-start id="722" type="partial gc" contextid="721" timestamp="2019-06-16T02:03:29.703">
  <mem-info id="723" free="0" total="65011712" percent="0">
    <mem type="eden" free="0" total="22020096" percent="0" />
    <remembered-set count="6048" freebytes="2570880" totalbytes="2595072" percent="99" regionsoverflowed="0" regionsstable="0" regionsrebuilding="0"/>
  </mem-info>
</gc-start>
<allocation-stats totalBytes="22008368" >
  <allocated-bytes non-tlh="16392" tlh="21991976" arrayletleaf="0"/>
  <largest-consumer threadName="Thread-4" threadId="0000000002500500" bytes="7651432" />
</allocation-stats>
<gc-op id="724" type="mark" timems="1.096" contextid="721" timestamp="2019-06-16T02:03:29.705">
  <trace-info objectcount="2649" scancount="2141" scanbytes="420376" />
  <cardclean-info objects="1180" bytes="59072" />
  <remembered-set-cleared processed="4259" cleared="559" durationms="0.161" />
  <stringconstants candidates="3963" cleared="0"  />
  <warning details="Mark invoked due to insufficient free space for Copy-Forward" />
</gc-op>
<gc-op id="725" type="classunload" timems="0.001" contextid="721" timestamp="2019-06-16T02:03:29.705">
  <classunload-info classloadercandidates="20" classloadersunloaded="0" classesunloaded="0" anonymousclassesunloaded="0" quiescems="0.000" setupms="0.001" scanms="0.000" postms="0.000" />
</gc-op>
<gc-op id="726" type="sweep" timems="0.316" contextid="721" timestamp="2019-06-16T02:03:29.705" />
<gc-op id="727" type="compact" timems="1.276" contextid="721" timestamp="2019-06-16T02:03:29.707">
  <compact-info movecount="2644" movebytes="972040" />
  <remembered-set-cleared processed="8903" cleared="1283" durationms="0.161" />
</gc-op>
<gc-end id="728" type="partial gc" contextid="721" durationms="3.790" usertimems="4.000" systemtimems="0.000" timestamp="2019-06-16T02:03:29.707" activeThreads="4">
  <mem-info id="729" free="22020096" total="65011712" percent="33">
    <mem type="eden" free="76536" total="1048576" percent="7" />
    <remembered-set count="6368" freebytes="2569600" totalbytes="2595072" percent="99" regionsoverflowed="0" regionsstable="0" regionsrebuilding="0"/>
  </mem-info>
</gc-end>
<cycle-end id="730" type="partial gc" contextid="721" timestamp="2019-06-16T02:03:29.707" />
  <attribute name="elasticGC enabled" value="1" />
  <attribute name= "numThreadsSpecified" value="4" />
  <attribute name="heapSize specified" value="0" />
  <attribute name="Current GC Util" value="30" />
  <attribute name= "Current Time Running" value="7875" />
  <attribute name ="GC Interval" value="0" />
  <attribute name="ProportionalT" value="15.000000" />
  <attribute name="ProportionalI" value="15.000000" />
  <attribute name="ProportionalH" value="15.000000" />
  <attribute name="Current Error" value="10.000000" />
  <attribute name="IntegralT" value="10.000000" />
  <attribute name="IntegralI" value="10.000000" />
  <attribute name="IntegralH" value="10.000000" />
  <attribute name="DerivativeT" value="10.000000" />
  <attribute name="DerivativeI" value="10.000000" />
  <attribute name="DerivativeH" value="10.000000" />
  <attribute name="Loop Time for DT" value="1.000000" />
  <attribute name="Output H" value="8388608"/>
  <attribute name="Output I" value="200"/>
  <attribute name="Output T" value="4"/>
  <attribute name="Target GC Util Change" value ="20.000000" />
  <attribute name="Current GC Util Change" value="30.000000"/>
  <attribute name="GC Util currently" value="30" />
  <attribute name="CPU Util currently" value="8450877327044" />
<exclusive-end id="731" timestamp="2019-06-16T02:03:29.707" durationms="4.521" />

<exclusive-start id="732" timestamp="2019-06-16T02:03:29.859" intervalms="156.703">
  <response-info timems="0.052" idlems="0.052" threads="0" lastid="0000000002507D00" lastname="Thread-6" />
</exclusive-start>
<allocation-taxation id="733" taxation-threshold="22020096" timestamp="2019-06-16T02:03:29.859" intervalms="156.710" />
<cycle-start id="734" type="partial gc" contextid="0" timestamp="2019-06-16T02:03:29.859" intervalms="156.699" />
<gc-start id="735" type="partial gc" contextid="734" timestamp="2019-06-16T02:03:29.860">
  <mem-info id="736" free="0" total="65011712" percent="0">
    <mem type="eden" free="0" total="22020096" percent="0" />
    <remembered-set count="6336" freebytes="2569728" totalbytes="2595072" percent="99" regionsoverflowed="0" regionsstable="0" regionsrebuilding="0"/>
  </mem-info>
</gc-start>
<allocation-stats totalBytes="21958096" >
  <allocated-bytes non-tlh="8200" tlh="21949896" arrayletleaf="0"/>
  <largest-consumer threadName="Thread-4" threadId="0000000002500500" bytes="7743704" />
</allocation-stats>
<gc-op id="737" type="mark" timems="1.066" contextid="734" timestamp="2019-06-16T02:03:29.861">
  <trace-info objectcount="2317" scancount="1911" scanbytes="413592" />
  <cardclean-info objects="1193" bytes="59704" />
  <remembered-set-cleared processed="4512" cleared="778" durationms="0.166" />
  <references type="phantom" candidates="1" cleared="0" enqueued="0" />
  <stringconstants candidates="3963" cleared="0"  />
  <warning details="Mark invoked due to insufficient free space for Copy-Forward" />
</gc-op>
<gc-op id="738" type="classunload" timems="0.001" contextid="734" timestamp="2019-06-16T02:03:29.861">
  <classunload-info classloadercandidates="20" classloadersunloaded="0" classesunloaded="0" anonymousclassesunloaded="0" quiescems="0.000" setupms="0.001" scanms="0.000" postms="0.000" />
</gc-op>
<gc-op id="739" type="sweep" timems="0.430" contextid="734" timestamp="2019-06-16T02:03:29.862" />
<gc-op id="740" type="compact" timems="1.287" contextid="734" timestamp="2019-06-16T02:03:29.863">
  <compact-info movecount="2286" movebytes="937144" />
  <remembered-set-cleared processed="9072" cleared="1364" durationms="0.166" />
</gc-op>
<heap-resize id="741" type="expand" space="default" amount="1048576" count="1" timems="0.052" reason="insufficient free space following gc" timestamp="2019-06-16T02:03:29.864" />
<gc-end id="742" type="partial gc" contextid="734" durationms="4.113" usertimems="4.000" systemtimems="0.000" timestamp="2019-06-16T02:03:29.864" activeThreads="1">
  <mem-info id="743" free="22020096" total="66060288" percent="33">
    <mem type="eden" free="100968" total="1048576" percent="9" />
    <remembered-set count="6560" freebytes="2610688" totalbytes="2636928" percent="99" regionsoverflowed="0" regionsstable="0" regionsrebuilding="0"/>
  </mem-info>
</gc-end>
<cycle-end id="744" type="partial gc" contextid="734" timestamp="2019-06-16T02:03:29.864" />
  <attribute name="elasticGC enabled" value="1" />
  <attribute name= "numThreadsSpecified" value="1" />
  <attribute name="heapSize specified" value="0" />
  <attribute name="Current GC Util" value="31" />
  <attribute name= "Current Time Running" value="8031" />
  <attribute name ="GC Interval" value="0" />
  <attribute name="ProportionalT" value="16.500000" />
  <attribute name="ProportionalI" value="16.500000" />
  <attribute name="ProportionalH" value="16.500000" />
  <attribute name="Current Error" value="11.000000" />
  <attribute name="IntegralT" value="0.000000" />
  <attribute name="IntegralI" value="0.000000" />
  <attribute name="IntegralH" value="0.000000" />
  <attribute name="DerivativeT" value="inf" />
  <attribute name="DerivativeI" value="inf" />
  <attribute name="DerivativeH" value="inf" />
  <attribute name="Loop Time for DT" value="0.000000" />
  <attribute name="Output H" value="8388608"/>
  <attribute name="Output I" value="200"/>
  <attribute name="Output T" value="1"/>
  <attribute name="Target GC Util Change" value ="20.000000" />
  <attribute name="Current GC Util Change" value="31.000000"/>
  <attribute name="GC Util currently" value="31" />
  <attribute name="CPU Util currently" value="7182685017549" />
<exclusive-end id="745" timestamp="2019-06-16T02:03:29.864" durationms="5.056" />

<exclusive-start id="746" timestamp="2019-06-16T02:03:30.016" intervalms="156.935">
  <response-info timems="0.037" idlems="0.037" threads="0" lastid="0000000002500500" lastname="Thread-4" />
</exclusive-start>
<allocation-taxation id="747" taxation-threshold="22020096" timestamp="2019-06-16T02:03:30.016" intervalms="156.926" />
<cycle-start id="748" type="partial gc" contextid="0" timestamp="2019-06-16T02:03:30.016" intervalms="156.930" />
<gc-start id="749" type="partial gc" contextid="748" timestamp="2019-06-16T02:03:30.017">
  <mem-info id="750" free="0" total="66060288" percent="0">
    <mem type="eden" free="100968" total="23068672" percent="0" />
    <remembered-set count="6144" freebytes="2612352" totalbytes="2636928" percent="99" regionsoverflowed="0" regionsstable="0" regionsrebuilding="0"/>
  </mem-info>
</gc-start>
<allocation-stats totalBytes="22011928" >
  <allocated-bytes non-tlh="16400" tlh="21995528" arrayletleaf="0"/>
  <largest-consumer threadName="Thread-5" threadId="0000000002504100" bytes="6621184" />
</allocation-stats>
<gc-op id="751" type="mark" timems="1.093" contextid="748" timestamp="2019-06-16T02:03:30.018">
  <trace-info objectcount="2494" scancount="2049" scanbytes="419624" />
  <cardclean-info objects="1172" bytes="58984" />
  <remembered-set-cleared processed="4442" cleared="654" durationms="0.165" />
  <references type="weak" candidates="1" cleared="0" enqueued="0" />
  <references type="phantom" candidates="1" cleared="0" enqueued="0" />
  <stringconstants candidates="3963" cleared="0"  />
  <warning details="Mark invoked due to insufficient free space for Copy-Forward" />
</gc-op>
<gc-op id="752" type="classunload" timems="0.002" contextid="748" timestamp="2019-06-16T02:03:30.018">
  <classunload-info classloadercandidates="20" classloadersunloaded="0" classesunloaded="0" anonymousclassesunloaded="0" quiescems="0.000" setupms="0.002" scanms="0.000" postms="0.000" />
</gc-op>
<gc-op id="753" type="sweep" timems="0.346" contextid="748" timestamp="2019-06-16T02:03:30.019" />
<gc-op id="754" type="compact" timems="1.278" contextid="748" timestamp="2019-06-16T02:03:30.020">
  <compact-info movecount="2489" movebytes="983608" />
  <remembered-set-cleared processed="9150" cleared="1356" durationms="0.165" />
</gc-op>
<gc-end id="755" type="partial gc" contextid="748" durationms="3.864" usertimems="4.000" systemtimems="0.000" timestamp="2019-06-16T02:03:30.020" activeThreads="1">
  <mem-info id="756" free="20971520" total="66060288" percent="31">
    <mem type="eden" free="1113544" total="2097152" percent="53" />
    <remembered-set count="6592" freebytes="2610560" totalbytes="2636928" percent="99" regionsoverflowed="0" regionsstable="0" regionsrebuilding="0"/>
  </mem-info>
</gc-end>
<cycle-end id="757" type="partial gc" contextid="748" timestamp="2019-06-16T02:03:30.021" />
  <attribute name="elasticGC enabled" value="1" />
  <attribute name= "numThreadsSpecified" value="1" />
  <attribute name="heapSize specified" value="0" />
  <attribute name="Current GC Util" value="32" />
  <attribute name= "Current Time Running" value="8188" />
  <attribute name ="GC Interval" value="0" />
  <attribute name="ProportionalT" value="18.000000" />
  <attribute name="ProportionalI" value="18.000000" />
  <attribute name="ProportionalH" value="18.000000" />
  <attribute name="Current Error" value="12.000000" />
  <attribute name="IntegralT" value="0.000000" />
  <attribute name="IntegralI" value="0.000000" />
  <attribute name="IntegralH" value="0.000000" />
  <attribute name="DerivativeT" value="inf" />
  <attribute name="DerivativeI" value="inf" />
  <attribute name="DerivativeH" value="inf" />
  <attribute name="Loop Time for DT" value="0.000000" />
  <attribute name="Output H" value="8388608"/>
  <attribute name="Output I" value="200"/>
  <attribute name="Output T" value="1"/>
  <attribute name="Target GC Util Change" value ="20.000000" />
  <attribute name="Current GC Util Change" value="32.000000"/>
  <attribute name="GC Util currently" value="32" />
  <attribute name="CPU Util currently" value="8076847383287" />
<exclusive-end id="758" timestamp="2019-06-16T02:03:30.021" durationms="4.604" />

<exclusive-start id="759" timestamp="2019-06-16T02:03:30.161" intervalms="144.997">
  <response-info timems="0.049" idlems="0.049" threads="0" lastid="0000000002504100" lastname="Thread-5" />
</exclusive-start>
<allocation-taxation id="760" taxation-threshold="20971520" timestamp="2019-06-16T02:03:30.161" intervalms="145.001" />
<cycle-start id="761" type="partial gc" contextid="0" timestamp="2019-06-16T02:03:30.161" intervalms="145.006" />
<gc-start id="762" type="partial gc" contextid="761" timestamp="2019-06-16T02:03:30.162">
  <mem-info id="763" free="0" total="66060288" percent="0">
    <mem type="eden" free="0" total="20971520" percent="0" />
    <remembered-set count="6304" freebytes="2611712" totalbytes="2636928" percent="99" regionsoverflowed="0" regionsstable="0" regionsrebuilding="0"/>
  </mem-info>
</gc-start>
<allocation-stats totalBytes="20963408" >
  <allocated-bytes non-tlh="65552" tlh="20897856" arrayletleaf="0"/>
  <largest-consumer threadName="Thread-4" threadId="0000000002500500" bytes="7149912" />
</allocation-stats>
<gc-op id="764" type="mark" timems="1.086" contextid="761" timestamp="2019-06-16T02:03:30.163">
  <trace-info objectcount="2654" scancount="2122" scanbytes="419960" />
  <cardclean-info objects="1191" bytes="59944" />
  <remembered-set-cleared processed="4551" cleared="726" durationms="0.170" />
  <stringconstants candidates="3963" cleared="0"  />
  <warning details="Mark invoked due to insufficient free space for Copy-Forward" />
</gc-op>
<gc-op id="765" type="classunload" timems="0.001" contextid="761" timestamp="2019-06-16T02:03:30.163">
  <classunload-info classloadercandidates="20" classloadersunloaded="0" classesunloaded="0" anonymousclassesunloaded="0" quiescems="0.000" setupms="0.001" scanms="0.000" postms="0.000" />
</gc-op>
<gc-op id="766" type="sweep" timems="0.343" contextid="761" timestamp="2019-06-16T02:03:30.164" />
<gc-op id="767" type="compact" timems="1.425" contextid="761" timestamp="2019-06-16T02:03:30.165">
  <compact-info movecount="2654" movebytes="1022328" />
  <remembered-set-cleared processed="9340" cleared="1449" durationms="0.170" />
</gc-op>
<heap-resize id="768" type="expand" space="default" amount="2097152" count="1" timems="0.059" reason="insufficient free space following gc" timestamp="2019-06-16T02:03:30.166" />
<gc-end id="769" type="partial gc" contextid="761" durationms="4.276" usertimems="4.000" systemtimems="0.000" timestamp="2019-06-16T02:03:30.166" activeThreads="1">
  <mem-info id="770" free="22020096" total="68157440" percent="32">
    <mem type="eden" free="26392" total="1048576" percent="2" />
    <remembered-set count="6752" freebytes="2693632" totalbytes="2720640" percent="99" regionsoverflowed="0" regionsstable="0" regionsrebuilding="0"/>
  </mem-info>
</gc-end>
<cycle-end id="771" type="partial gc" contextid="761" timestamp="2019-06-16T02:03:30.166" />
  <attribute name="elasticGC enabled" value="1" />
  <attribute name= "numThreadsSpecified" value="1" />
  <attribute name="heapSize specified" value="0" />
  <attribute name="Current GC Util" value="32" />
  <attribute name= "Current Time Running" value="8333" />
  <attribute name ="GC Interval" value="0" />
  <attribute name="ProportionalT" value="18.000000" />
  <attribute name="ProportionalI" value="18.000000" />
  <attribute name="ProportionalH" value="18.000000" />
  <attribute name="Current Error" value="12.000000" />
  <attribute name="IntegralT" value="0.000000" />
  <attribute name="IntegralI" value="0.000000" />
  <attribute name="IntegralH" value="0.000000" />
  <attribute name="DerivativeT" value="inf" />
  <attribute name="DerivativeI" value="inf" />
  <attribute name="DerivativeH" value="inf" />
  <attribute name="Loop Time for DT" value="0.000000" />
  <attribute name="Output H" value="8388608"/>
  <attribute name="Output I" value="200"/>
  <attribute name="Output T" value="1"/>
  <attribute name="Target GC Util Change" value ="20.000000" />
  <attribute name="Current GC Util Change" value="32.000000"/>
  <attribute name="GC Util currently" value="32" />
  <attribute name="CPU Util currently" value="7937456452751" />
<exclusive-end id="772" timestamp="2019-06-16T02:03:30.166" durationms="4.889" />

<exclusive-start id="773" timestamp="2019-06-16T02:03:30.323" intervalms="161.927">
  <response-info timems="0.032" idlems="0.032" threads="0" lastid="0000000002504100" lastname="Thread-5" />
</exclusive-start>
<allocation-taxation id="774" taxation-threshold="22020096" timestamp="2019-06-16T02:03:30.323" intervalms="161.926" />
<cycle-start id="775" type="partial gc" contextid="0" timestamp="2019-06-16T02:03:30.323" intervalms="161.925" />
<gc-start id="776" type="partial gc" contextid="775" timestamp="2019-06-16T02:03:30.324">
  <mem-info id="777" free="0" total="68157440" percent="0">
    <mem type="eden" free="26392" total="23068672" percent="0" />
    <remembered-set count="6400" freebytes="2695040" totalbytes="2720640" percent="99" regionsoverflowed="0" regionsstable="0" regionsrebuilding="0"/>
  </mem-info>
</gc-start>
<allocation-stats totalBytes="21975544" >
  <allocated-bytes non-tlh="32776" tlh="21942768" arrayletleaf="0"/>
  <largest-consumer threadName="Thread-4" threadId="0000000002500500" bytes="8670728" />
</allocation-stats>
<gc-op id="778" type="mark" timems="1.091" contextid="775" timestamp="2019-06-16T02:03:30.325">
  <trace-info objectcount="2208" scancount="1741" scanbytes="404388" />
  <cardclean-info objects="1190" bytes="59816" />
  <remembered-set-cleared processed="4643" cleared="779" durationms="0.176" />
  <references type="phantom" candidates="1" cleared="0" enqueued="0" />
  <stringconstants candidates="3963" cleared="0"  />
  <warning details="Mark invoked due to insufficient free space for Copy-Forward" />
</gc-op>
<gc-op id="779" type="classunload" timems="0.002" contextid="775" timestamp="2019-06-16T02:03:30.325">
  <classunload-info classloadercandidates="20" classloadersunloaded="0" classesunloaded="0" anonymousclassesunloaded="0" quiescems="0.000" setupms="0.002" scanms="0.000" postms="0.000" />
</gc-op>
<gc-op id="780" type="sweep" timems="0.487" contextid="775" timestamp="2019-06-16T02:03:30.326" />
<gc-op id="781" type="compact" timems="1.345" contextid="775" timestamp="2019-06-16T02:03:30.327">
  <compact-info movecount="2208" movebytes="960024" />
  <remembered-set-cleared processed="9350" cleared="1406" durationms="0.176" />
</gc-op>
<heap-resize id="782" type="expand" space="default" amount="3145728" count="1" timems="0.062" reason="insufficient free space following gc" timestamp="2019-06-16T02:03:30.328" />
<gc-end id="783" type="partial gc" contextid="775" durationms="4.252" usertimems="4.000" systemtimems="0.000" timestamp="2019-06-16T02:03:30.328" activeThreads="1">
  <mem-info id="784" free="24117248" total="71303168" percent="33">
    <mem type="eden" free="1137128" total="2097152" percent="54" />
    <remembered-set count="6688" freebytes="2819456" totalbytes="2846208" percent="99" regionsoverflowed="0" regionsstable="0" regionsrebuilding="0"/>
  </mem-info>
</gc-end>
<cycle-end id="785" type="partial gc" contextid="775" timestamp="2019-06-16T02:03:30.328" />
  <attribute name="elasticGC enabled" value="1" />
  <attribute name= "numThreadsSpecified" value="1" />
  <attribute name="heapSize specified" value="0" />
  <attribute name="Current GC Util" value="31" />
  <attribute name= "Current Time Running" value="8495" />
  <attribute name ="GC Interval" value="0" />
  <attribute name="ProportionalT" value="16.500000" />
  <attribute name="ProportionalI" value="16.500000" />
  <attribute name="ProportionalH" value="16.500000" />
  <attribute name="Current Error" value="11.000000" />
  <attribute name="IntegralT" value="0.000000" />
  <attribute name="IntegralI" value="0.000000" />
  <attribute name="IntegralH" value="0.000000" />
  <attribute name="DerivativeT" value="inf" />
  <attribute name="DerivativeI" value="inf" />
  <attribute name="DerivativeH" value="inf" />
  <attribute name="Loop Time for DT" value="0.000000" />
  <attribute name="Output H" value="8388608"/>
  <attribute name="Output I" value="200"/>
  <attribute name="Output T" value="1"/>
  <attribute name="Target GC Util Change" value ="20.000000" />
  <attribute name="Current GC Util Change" value="31.000000"/>
  <attribute name="GC Util currently" value="31" />
  <attribute name="CPU Util currently" value="6468084465736" />
<exclusive-end id="786" timestamp="2019-06-16T02:03:30.328" durationms="5.298" />

<exclusive-start id="787" timestamp="2019-06-16T02:03:30.496" intervalms="172.735">
  <response-info timems="0.036" idlems="0.036" threads="0" lastid="0000000002500500" lastname="Thread-4" />
</exclusive-start>
<allocation-taxation id="788" taxation-threshold="24117248" timestamp="2019-06-16T02:03:30.496" intervalms="172.733" />
<cycle-start id="789" type="partial gc" contextid="0" timestamp="2019-06-16T02:03:30.496" intervalms="172.728" />
<gc-start id="790" type="partial gc" contextid="789" timestamp="2019-06-16T02:03:30.496">
  <mem-info id="791" free="0" total="71303168" percent="0">
    <mem type="eden" free="0" total="24117248" percent="0" />
    <remembered-set count="6400" freebytes="2820608" totalbytes="2846208" percent="99" regionsoverflowed="0" regionsstable="0" regionsrebuilding="0"/>
  </mem-info>
</gc-start>
<allocation-stats totalBytes="24108848" >
  <allocated-bytes non-tlh="0" tlh="24108848" arrayletleaf="0"/>
  <largest-consumer threadName="Thread-5" threadId="0000000002504100" bytes="8083264" />
</allocation-stats>
<gc-op id="792" type="mark" timems="1.102" contextid="789" timestamp="2019-06-16T02:03:30.498">
  <trace-info objectcount="2775" scancount="2207" scanbytes="422784" />
  <cardclean-info objects="1199" bytes="60200" />
  <remembered-set-cleared processed="4591" cleared="685" durationms="0.175" />
  <stringconstants candidates="3963" cleared="0"  />
  <warning details="Mark invoked due to insufficient free space for Copy-Forward" />
</gc-op>
<gc-op id="793" type="classunload" timems="0.002" contextid="789" timestamp="2019-06-16T02:03:30.498">
  <classunload-info classloadercandidates="20" classloadersunloaded="0" classesunloaded="0" anonymousclassesunloaded="0" quiescems="0.000" setupms="0.002" scanms="0.000" postms="0.000" />
</gc-op>
<gc-op id="794" type="sweep" timems="0.441" contextid="789" timestamp="2019-06-16T02:03:30.498" />
<gc-op id="795" type="compact" timems="1.141" contextid="789" timestamp="2019-06-16T02:03:30.500">
  <compact-info movecount="2775" movebytes="1035984" />
  <remembered-set-cleared processed="9497" cleared="1446" durationms="0.175" />
</gc-op>
<gc-end id="796" type="partial gc" contextid="789" durationms="3.759" usertimems="4.000" systemtimems="0.000" timestamp="2019-06-16T02:03:30.500" activeThreads="4">
  <mem-info id="797" free="23068672" total="71303168" percent="32">
    <mem type="eden" free="12736" total="1048576" percent="1" />
    <remembered-set count="7232" freebytes="2817280" totalbytes="2846208" percent="98" regionsoverflowed="0" regionsstable="0" regionsrebuilding="0"/>
  </mem-info>
</gc-end>
<cycle-end id="798" type="partial gc" contextid="789" timestamp="2019-06-16T02:03:30.500" />
  <attribute name="elasticGC enabled" value="1" />
  <attribute name= "numThreadsSpecified" value="4" />
  <attribute name="heapSize specified" value="0" />
  <attribute name="Current GC Util" value="32" />
  <attribute name= "Current Time Running" value="8668" />
  <attribute name ="GC Interval" value="0" />
  <attribute name="ProportionalT" value="18.000000" />
  <attribute name="ProportionalI" value="18.000000" />
  <attribute name="ProportionalH" value="18.000000" />
  <attribute name="Current Error" value="12.000000" />
  <attribute name="IntegralT" value="12.000000" />
  <attribute name="IntegralI" value="12.000000" />
  <attribute name="IntegralH" value="12.000000" />
  <attribute name="DerivativeT" value="12.000000" />
  <attribute name="DerivativeI" value="12.000000" />
  <attribute name="DerivativeH" value="12.000000" />
  <attribute name="Loop Time for DT" value="1.000000" />
  <attribute name="Output H" value="8388608"/>
  <attribute name="Output I" value="200"/>
  <attribute name="Output T" value="4"/>
  <attribute name="Target GC Util Change" value ="20.000000" />
  <attribute name="Current GC Util Change" value="32.000000"/>
  <attribute name="GC Util currently" value="32" />
  <attribute name="CPU Util currently" value="7574370885622" />
<exclusive-end id="799" timestamp="2019-06-16T02:03:30.500" durationms="4.507" />

<exclusive-start id="800" timestamp="2019-06-16T02:03:30.666" intervalms="169.736">
  <response-info timems="0.028" idlems="0.028" threads="0" lastid="00000000024FC900" lastname="Thread-3" />
</exclusive-start>
<allocation-taxation id="801" taxation-threshold="23068672" timestamp="2019-06-16T02:03:30.666" intervalms="169.736" />
<cycle-start id="802" type="partial gc" contextid="0" timestamp="2019-06-16T02:03:30.666" intervalms="169.737" />
<gc-start id="803" type="partial gc" contextid="802" timestamp="2019-06-16T02:03:30.666">
  <mem-info id="804" free="0" total="71303168" percent="0">
    <mem type="eden" free="0" total="23068672" percent="0" />
    <remembered-set count="6944" freebytes="2818432" totalbytes="2846208" percent="99" regionsoverflowed="0" regionsstable="0" regionsrebuilding="0"/>
  </mem-info>
</gc-start>
<allocation-stats totalBytes="23018696" >
  <allocated-bytes non-tlh="49168" tlh="22969528" arrayletleaf="0"/>
  <largest-consumer threadName="Thread-3" threadId="00000000024FC900" bytes="6299216" />
</allocation-stats>
<gc-op id="805" type="mark" timems="1.058" contextid="802" timestamp="2019-06-16T02:03:30.667">
  <trace-info objectcount="1924" scancount="1543" scanbytes="330072" />
  <cardclean-info objects="1202" bytes="60344" />
  <remembered-set-cleared processed="4756" cleared="810" durationms="0.179" />
  <references type="weak" candidates="1" cleared="0" enqueued="0" />
  <references type="phantom" candidates="2" cleared="0" enqueued="0" />
  <stringconstants candidates="3963" cleared="0"  />
  <warning details="Mark invoked due to insufficient free space for Copy-Forward" />
</gc-op>
<gc-op id="806" type="classunload" timems="0.002" contextid="802" timestamp="2019-06-16T02:03:30.668">
  <classunload-info classloadercandidates="20" classloadersunloaded="0" classesunloaded="0" anonymousclassesunloaded="0" quiescems="0.000" setupms="0.002" scanms="0.000" postms="0.000" />
</gc-op>
<gc-op id="807" type="sweep" timems="0.398" contextid="802" timestamp="2019-06-16T02:03:30.668" />
<gc-op id="808" type="compact" timems="1.136" contextid="802" timestamp="2019-06-16T02:03:30.669">
  <compact-info movecount="1924" movebytes="799824" />
  <remembered-set-cleared processed="9457" cleared="1312" durationms="0.179" />
</gc-op>
<heap-resize id="809" type="expand" space="default" amount="1048576" count="1" timems="0.065" reason="insufficient free space following gc" timestamp="2019-06-16T02:03:30.670" />
<gc-end id="810" type="partial gc" contextid="802" durationms="3.947" usertimems="4.000" systemtimems="0.000" timestamp="2019-06-16T02:03:30.670" activeThreads="4">
  <mem-info id="811" free="24117248" total="72351744" percent="33">
    <mem type="eden" free="248752" total="1048576" percent="23" />
    <remembered-set count="6944" freebytes="2860288" totalbytes="2888064" percent="99" regionsoverflowed="0" regionsstable="0" regionsrebuilding="0"/>
  </mem-info>
</gc-end>
<cycle-end id="812" type="partial gc" contextid="802" timestamp="2019-06-16T02:03:30.670" />
  <attribute name="elasticGC enabled" value="1" />
  <attribute name= "numThreadsSpecified" value="4" />
  <attribute name="heapSize specified" value="0" />
  <attribute name="Current GC Util" value="26" />
  <attribute name= "Current Time Running" value="8838" />
  <attribute name ="GC Interval" value="0" />
  <attribute name="ProportionalT" value="9.000000" />
  <attribute name="ProportionalI" value="9.000000" />
  <attribute name="ProportionalH" value="9.000000" />
  <attribute name="Current Error" value="6.000000" />
  <attribute name="IntegralT" value="6.000000" />
  <attribute name="IntegralI" value="6.000000" />
  <attribute name="IntegralH" value="6.000000" />
  <attribute name="DerivativeT" value="6.000000" />
  <attribute name="DerivativeI" value="6.000000" />
  <attribute name="DerivativeH" value="6.000000" />
  <attribute name="Loop Time for DT" value="1.000000" />
  <attribute name="Output H" value="8388608"/>
  <attribute name="Output I" value="200"/>
  <attribute name="Output T" value="4"/>
  <attribute name="Target GC Util Change" value ="20.000000" />
  <attribute name="Current GC Util Change" value="26.000000"/>
  <attribute name="GC Util currently" value="26" />
  <attribute name="CPU Util currently" value="7209330263689" />
<exclusive-end id="813" timestamp="2019-06-16T02:03:30.671" durationms="4.861" />

<exclusive-start id="814" timestamp="2019-06-16T02:03:30.849" intervalms="182.852">
  <response-info timems="0.051" idlems="0.051" threads="0" lastid="0000000002507D00" lastname="Thread-6" />
</exclusive-start>
<allocation-taxation id="815" taxation-threshold="24117248" timestamp="2019-06-16T02:03:30.849" intervalms="182.839" />
<cycle-start id="816" type="partial gc" contextid="0" timestamp="2019-06-16T02:03:30.849" intervalms="182.832" />
<gc-start id="817" type="partial gc" contextid="816" timestamp="2019-06-16T02:03:30.849">
  <mem-info id="818" free="0" total="72351744" percent="0">
    <mem type="eden" free="0" total="24117248" percent="0" />
    <remembered-set count="6592" freebytes="2861696" totalbytes="2888064" percent="99" regionsoverflowed="0" regionsstable="0" regionsrebuilding="0"/>
  </mem-info>
</gc-start>
<allocation-stats totalBytes="24035264" >
  <allocated-bytes non-tlh="0" tlh="24035264" arrayletleaf="0"/>
  <largest-consumer threadName="Thread-4" threadId="0000000002500500" bytes="7976008" />
</allocation-stats>
<gc-op id="819" type="mark" timems="1.115" contextid="816" timestamp="2019-06-16T02:03:30.850">
  <trace-info objectcount="2704" scancount="2160" scanbytes="420984" />
  <cardclean-info objects="1192" bytes="59904" />
  <remembered-set-cleared processed="4605" cleared="617" durationms="0.103" />
  <stringconstants candidates="3963" cleared="0"  />
  <warning details="Mark invoked due to insufficient free space for Copy-Forward" />
</gc-op>
<gc-op id="820" type="classunload" timems="0.002" contextid="816" timestamp="2019-06-16T02:03:30.850">
  <classunload-info classloadercandidates="20" classloadersunloaded="0" classesunloaded="0" anonymousclassesunloaded="0" quiescems="0.000" setupms="0.002" scanms="0.000" postms="0.000" />
</gc-op>
<gc-op id="821" type="sweep" timems="0.361" contextid="816" timestamp="2019-06-16T02:03:30.851" />
<gc-op id="822" type="compact" timems="1.151" contextid="816" timestamp="2019-06-16T02:03:30.852">
  <compact-info movecount="2704" movebytes="978552" />
  <remembered-set-cleared processed="9517" cleared="1317" durationms="0.103" />
</gc-op>
<gc-end id="823" type="partial gc" contextid="816" durationms="3.834" usertimems="0.000" systemtimems="4.000" timestamp="2019-06-16T02:03:30.853" activeThreads="4">
  <mem-info id="824" free="23068672" total="72351744" percent="31">
    <mem type="eden" free="70168" total="1048576" percent="6" />
    <remembered-set count="7072" freebytes="2859776" totalbytes="2888064" percent="99" regionsoverflowed="0" regionsstable="0" regionsrebuilding="0"/>
  </mem-info>
</gc-end>
<cycle-end id="825" type="partial gc" contextid="816" timestamp="2019-06-16T02:03:30.853" />
  <attribute name="elasticGC enabled" value="1" />
  <attribute name= "numThreadsSpecified" value="4" />
  <attribute name="heapSize specified" value="0" />
  <attribute name="Current GC Util" value="31" />
  <attribute name= "Current Time Running" value="9020" />
  <attribute name ="GC Interval" value="0" />
  <attribute name="ProportionalT" value="16.500000" />
  <attribute name="ProportionalI" value="16.500000" />
  <attribute name="ProportionalH" value="16.500000" />
  <attribute name="Current Error" value="11.000000" />
  <attribute name="IntegralT" value="0.000000" />
  <attribute name="IntegralI" value="0.000000" />
  <attribute name="IntegralH" value="0.000000" />
  <attribute name="DerivativeT" value="-inf" />
  <attribute name="DerivativeI" value="-inf" />
  <attribute name="DerivativeH" value="-inf" />
  <attribute name="Loop Time for DT" value="0.000000" />
  <attribute name="Output H" value="2091843584"/>
  <attribute name="Output I" value="200"/>
  <attribute name="Output T" value="4"/>
  <attribute name="Target GC Util Change" value ="20.000000" />
  <attribute name="Current GC Util Change" value="31.000000"/>
  <attribute name="GC Util currently" value="31" />
  <attribute name="CPU Util currently" value="7566107062958" />
<exclusive-end id="826" timestamp="2019-06-16T02:03:30.853" durationms="4.892" />

<exclusive-start id="827" timestamp="2019-06-16T02:03:31.009" intervalms="160.066">
  <response-info timems="0.040" idlems="0.040" threads="0" lastid="0000000002500500" lastname="Thread-4" />
</exclusive-start>
<allocation-taxation id="828" taxation-threshold="23068672" timestamp="2019-06-16T02:03:31.009" intervalms="160.079" />
<cycle-start id="829" type="partial gc" contextid="0" timestamp="2019-06-16T02:03:31.009" intervalms="160.086" />
<gc-start id="830" type="partial gc" contextid="829" timestamp="2019-06-16T02:03:31.009">
  <mem-info id="831" free="0" total="72351744" percent="0">
    <mem type="eden" free="0" total="23068672" percent="0" />
    <remembered-set count="6848" freebytes="2860672" totalbytes="2888064" percent="99" regionsoverflowed="0" regionsstable="0" regionsrebuilding="0"/>
  </mem-info>
</gc-start>
<allocation-stats totalBytes="23041464" >
  <allocated-bytes non-tlh="32776" tlh="23008688" arrayletleaf="0"/>
  <largest-consumer threadName="Thread-4" threadId="0000000002500500" bytes="6574776" />
</allocation-stats>
<gc-op id="832" type="mark" timems="1.251" contextid="829" timestamp="2019-06-16T02:03:31.011">
  <trace-info objectcount="2083" scancount="1667" scanbytes="402860" />
  <cardclean-info objects="1180" bytes="59440" />
  <remembered-set-cleared processed="4758" cleared="720" durationms="0.118" />
  <references type="phantom" candidates="1" cleared="0" enqueued="0" />
  <stringconstants candidates="3963" cleared="0"  />
  <warning details="Mark invoked due to insufficient free space for Copy-Forward" />
</gc-op>
<gc-op id="833" type="classunload" timems="0.002" contextid="829" timestamp="2019-06-16T02:03:31.011">
  <classunload-info classloadercandidates="20" classloadersunloaded="0" classesunloaded="0" anonymousclassesunloaded="0" quiescems="0.000" setupms="0.002" scanms="0.000" postms="0.000" />
</gc-op>
<gc-op id="834" type="sweep" timems="0.347" contextid="829" timestamp="2019-06-16T02:03:31.011" />
<gc-op id="835" type="compact" timems="1.113" contextid="829" timestamp="2019-06-16T02:03:31.012">
  <compact-info movecount="2083" movebytes="942688" />
  <remembered-set-cleared processed="9595" cleared="1297" durationms="0.118" />
</gc-op>
<heap-resize id="836" type="expand" space="default" amount="3145728" count="1" timems="0.064" reason="insufficient free space following gc" timestamp="2019-06-16T02:03:31.013" />
<gc-end id="837" type="partial gc" contextid="829" durationms="4.020" usertimems="4.000" systemtimems="0.000" timestamp="2019-06-16T02:03:31.013" activeThreads="4">
  <mem-info id="838" free="25165824" total="75497472" percent="33">
    <mem type="eden" free="106136" total="1048576" percent="10" />
    <remembered-set count="7200" freebytes="2984832" totalbytes="3013632" percent="99" regionsoverflowed="0" regionsstable="0" regionsrebuilding="0"/>
  </mem-info>
</gc-end>
<cycle-end id="839" type="partial gc" contextid="829" timestamp="2019-06-16T02:03:31.013" />
  <attribute name="elasticGC enabled" value="1" />
  <attribute name= "numThreadsSpecified" value="4" />
  <attribute name="heapSize specified" value="0" />
  <attribute name="Current GC Util" value="32" />
  <attribute name= "Current Time Running" value="9181" />
  <attribute name ="GC Interval" value="0" />
  <attribute name="ProportionalT" value="18.000000" />
  <attribute name="ProportionalI" value="18.000000" />
  <attribute name="ProportionalH" value="18.000000" />
  <attribute name="Current Error" value="12.000000" />
  <attribute name="IntegralT" value="12.000000" />
  <attribute name="IntegralI" value="12.000000" />
  <attribute name="IntegralH" value="12.000000" />
  <attribute name="DerivativeT" value="-69.000000" />
  <attribute name="DerivativeI" value="-69.000000" />
  <attribute name="DerivativeH" value="-69.000000" />
  <attribute name="Loop Time for DT" value="1.000000" />
  <attribute name="Output H" value="2091843584"/>
  <attribute name="Output I" value="200"/>
  <attribute name="Output T" value="4"/>
  <attribute name="Target GC Util Change" value ="20.000000" />
  <attribute name="Current GC Util Change" value="32.000000"/>
  <attribute name="GC Util currently" value="32" />
  <attribute name="CPU Util currently" value="8133327238365" />
<exclusive-end id="840" timestamp="2019-06-16T02:03:31.013" durationms="4.779" />

<exclusive-start id="841" timestamp="2019-06-16T02:03:31.177" intervalms="168.061">
  <response-info timems="0.063" idlems="0.063" threads="0" lastid="0000000002507D00" lastname="Thread-6" />
</exclusive-start>
<allocation-taxation id="842" taxation-threshold="25165824" timestamp="2019-06-16T02:03:31.177" intervalms="168.050" />
<cycle-start id="843" type="partial gc" contextid="0" timestamp="2019-06-16T02:03:31.177" intervalms="168.044" />
<gc-start id="844" type="partial gc" contextid="843" timestamp="2019-06-16T02:03:31.177">
  <mem-info id="845" free="0" total="75497472" percent="0">
    <mem type="eden" free="0" total="25165824" percent="0" />
    <remembered-set count="6880" freebytes="2986112" totalbytes="3013632" percent="99" regionsoverflowed="0" regionsstable="0" regionsrebuilding="0"/>
  </mem-info>
</gc-start>
<allocation-stats totalBytes="25123832" >
  <allocated-bytes non-tlh="32776" tlh="25091056" arrayletleaf="0"/>
  <largest-consumer threadName="Thread-3" threadId="00000000024FC900" bytes="7419272" />
</allocation-stats>
<gc-op id="846" type="mark" timems="1.108" contextid="843" timestamp="2019-06-16T02:03:31.179">
  <trace-info objectcount="2603" scancount="2099" scanbytes="421988" />
  <cardclean-info objects="1178" bytes="59288" />
  <remembered-set-cleared processed="4736" cleared="664" durationms="0.181" />
  <stringconstants candidates="3963" cleared="0"  />
  <warning details="Mark invoked due to insufficient free space for Copy-Forward" />
</gc-op>
<gc-op id="847" type="classunload" timems="0.002" contextid="843" timestamp="2019-06-16T02:03:31.179">
  <classunload-info classloadercandidates="20" classloadersunloaded="0" classesunloaded="0" anonymousclassesunloaded="0" quiescems="0.000" setupms="0.002" scanms="0.000" postms="0.000" />
</gc-op>
<gc-op id="848" type="sweep" timems="0.425" contextid="843" timestamp="2019-06-16T02:03:31.179" />
<gc-op id="849" type="compact" timems="1.039" contextid="843" timestamp="2019-06-16T02:03:31.180">
  <compact-info movecount="2603" movebytes="1017920" />
  <remembered-set-cleared processed="9726" cleared="1353" durationms="0.181" />
</gc-op>
<heap-resize id="850" type="expand" space="default" amount="1048576" count="1" timems="0.053" reason="insufficient free space following gc" timestamp="2019-06-16T02:03:31.181" />
<gc-end id="851" type="partial gc" contextid="843" durationms="3.892" usertimems="4.000" systemtimems="4.000" timestamp="2019-06-16T02:03:31.181" activeThreads="4">
  <mem-info id="852" free="25165824" total="76546048" percent="32">
    <mem type="eden" free="30944" total="1048576" percent="2" />
    <remembered-set count="7520" freebytes="3025408" totalbytes="3055488" percent="99" regionsoverflowed="0" regionsstable="0" regionsrebuilding="0"/>
  </mem-info>
</gc-end>
<cycle-end id="853" type="partial gc" contextid="843" timestamp="2019-06-16T02:03:31.181" />
  <attribute name="elasticGC enabled" value="1" />
  <attribute name= "numThreadsSpecified" value="4" />
  <attribute name="heapSize specified" value="0" />
  <attribute name="Current GC Util" value="28" />
  <attribute name= "Current Time Running" value="9349" />
  <attribute name ="GC Interval" value="0" />
  <attribute name="ProportionalT" value="12.000000" />
  <attribute name="ProportionalI" value="12.000000" />
  <attribute name="ProportionalH" value="12.000000" />
  <attribute name="Current Error" value="8.000000" />
  <attribute name="IntegralT" value="8.000000" />
  <attribute name="IntegralI" value="8.000000" />
  <attribute name="IntegralH" value="8.000000" />
  <attribute name="DerivativeT" value="8.000000" />
  <attribute name="DerivativeI" value="8.000000" />
  <attribute name="DerivativeH" value="8.000000" />
  <attribute name="Loop Time for DT" value="1.000000" />
  <attribute name="Output H" value="8388608"/>
  <attribute name="Output I" value="200"/>
  <attribute name="Output T" value="4"/>
  <attribute name="Target GC Util Change" value ="20.000000" />
  <attribute name="Current GC Util Change" value="28.000000"/>
  <attribute name="GC Util currently" value="28" />
  <attribute name="CPU Util currently" value="7255995825220" />
<exclusive-end id="854" timestamp="2019-06-16T02:03:31.182" durationms="4.909" />

<exclusive-start id="855" timestamp="2019-06-16T02:03:31.374" intervalms="197.434">
  <response-info timems="0.043" idlems="0.043" threads="0" lastid="0000000002504100" lastname="Thread-5" />
</exclusive-start>
<allocation-taxation id="856" taxation-threshold="25165824" timestamp="2019-06-16T02:03:31.374" intervalms="197.460" />
<cycle-start id="857" type="partial gc" contextid="0" timestamp="2019-06-16T02:03:31.374" intervalms="197.477" />
<gc-start id="858" type="partial gc" contextid="857" timestamp="2019-06-16T02:03:31.374">
  <mem-info id="859" free="0" total="76546048" percent="0">
    <mem type="eden" free="0" total="25165824" percent="0" />
    <remembered-set count="7168" freebytes="3026816" totalbytes="3055488" percent="99" regionsoverflowed="0" regionsstable="0" regionsrebuilding="0"/>
  </mem-info>
</gc-start>
<allocation-stats totalBytes="25117976" >
  <allocated-bytes non-tlh="32776" tlh="25085200" arrayletleaf="0"/>
  <largest-consumer threadName="Thread-5" threadId="0000000002504100" bytes="7791120" />
</allocation-stats>
<gc-op id="860" type="mark" timems="1.048" contextid="857" timestamp="2019-06-16T02:03:31.376">
  <trace-info objectcount="2081" scancount="1661" scanbytes="317100" />
  <cardclean-info objects="1196" bytes="60144" />
  <remembered-set-cleared processed="4850" cleared="740" durationms="0.186" />
  <stringconstants candidates="3963" cleared="0"  />
  <warning details="Mark invoked due to insufficient free space for Copy-Forward" />
</gc-op>
<gc-op id="861" type="classunload" timems="0.002" contextid="857" timestamp="2019-06-16T02:03:31.376">
  <classunload-info classloadercandidates="20" classloadersunloaded="0" classesunloaded="0" anonymousclassesunloaded="0" quiescems="0.000" setupms="0.002" scanms="0.000" postms="0.000" />
</gc-op>
<gc-op id="862" type="sweep" timems="0.392" contextid="857" timestamp="2019-06-16T02:03:31.377" />
<gc-op id="863" type="compact" timems="1.039" contextid="857" timestamp="2019-06-16T02:03:31.378">
  <compact-info movecount="2081" movebytes="769872" />
  <remembered-set-cleared processed="9783" cleared="1320" durationms="0.186" />
</gc-op>
<heap-resize id="864" type="expand" space="default" amount="2097152" count="1" timems="0.059" reason="insufficient free space following gc" timestamp="2019-06-16T02:03:31.378" />
<gc-end id="865" type="partial gc" contextid="857" durationms="3.693" usertimems="4.000" systemtimems="0.000" timestamp="2019-06-16T02:03:31.378" activeThreads="4">
  <mem-info id="866" free="26214400" total="78643200" percent="33">
    <mem type="eden" free="278848" total="1048576" percent="26" />
    <remembered-set count="7040" freebytes="3111040" totalbytes="3139200" percent="99" regionsoverflowed="0" regionsstable="0" regionsrebuilding="0"/>
  </mem-info>
</gc-end>
<cycle-end id="867" type="partial gc" contextid="857" timestamp="2019-06-16T02:03:31.378" />
  <attribute name="elasticGC enabled" value="1" />
  <attribute name= "numThreadsSpecified" value="4" />
  <attribute name="heapSize specified" value="0" />
  <attribute name="Current GC Util" value="27" />
  <attribute name= "Current Time Running" value="9546" />
  <attribute name ="GC Interval" value="0" />
  <attribute name="ProportionalT" value="10.500000" />
  <attribute name="ProportionalI" value="10.500000" />
  <attribute name="ProportionalH" value="10.500000" />
  <attribute name="Current Error" value="7.000000" />
  <attribute name="IntegralT" value="7.000000" />
  <attribute name="IntegralI" value="7.000000" />
  <attribute name="IntegralH" value="7.000000" />
  <attribute name="DerivativeT" value="7.000000" />
  <attribute name="DerivativeI" value="7.000000" />
  <attribute name="DerivativeH" value="7.000000" />
  <attribute name="Loop Time for DT" value="1.000000" />
  <attribute name="Output H" value="8388608"/>
  <attribute name="Output I" value="200"/>
  <attribute name="Output T" value="4"/>
  <attribute name="Target GC Util Change" value ="20.000000" />
  <attribute name="Current GC Util Change" value="27.000000"/>
  <attribute name="GC Util currently" value="27" />
  <attribute name="CPU Util currently" value="7743041803028" />
<exclusive-end id="868" timestamp="2019-06-16T02:03:31.378" durationms="4.370" />

</verbosegc>

