<?xml version="1.0" ?>

<verbosegc xmlns="http://www.ibm.com/j9/verbosegc" version="10b4217_CMPRSS">

<initialized id="1" timestamp="2019-06-15T06:43:50.345">
  <attribute name="gcPolicy" value="-Xgcpolicy:optavgpause" />
  <attribute name="elasticGC enabled" value="1" />
  <attribute name= "numThreadsSpecified" value="0" />
  <attribute name="heapSize specified" value="0" />
  <attribute name="Current GC Util" value="0" />
  <attribute name= "Current Time Running" value="0" />
  <attribute name ="GC Interval" value="0" />
  <attribute name="ProportionalT" value="0.000000" />
  <attribute name="ProportionalI" value="0.000000" />
  <attribute name="ProportionalH" value="0.000000" />
  <attribute name="IntegralT" value="0.000000" />
  <attribute name="IntegralI" value="0.000000" />
  <attribute name="IntegralH" value="0.000000" />
  <attribute name="DerivativeT" value="0.000000" />
  <attribute name="DerivativeI" value="0.000000" />
  <attribute name="DerivativeH" value="0.000000" />
  <attribute name="Target GC Util Change" value ="0.000000" />
  <attribute name="Current GC Util Change" value="0.000000"/>
  <attribute name="Current Error" value="0.000000" />
  <attribute name="Loop Time for DT" value="0.000000" />
  <attribute name="Output H" value="0"/>
  <attribute name="Output I" value="0"/>
  <attribute name="Output T" value="0"/>
  <attribute name="GC Util currently" value="0" />
  <attribute name="CPU Util currently" value="0" />
  <attribute name="maxHeapSize" value="0x7cbc0000" />
  <attribute name="initialHeapSize" value="0x800000" />
  <attribute name="compressedRefs" value="true" />
  <attribute name="compressedRefsDisplacement" value="0x0" />
  <attribute name="compressedRefsShift" value="0x0" />
  <attribute name="pageSize" value="0x1000" />
  <attribute name="pageType" value="not used" />
  <attribute name="requestedPageSize" value="0x1000" />
  <attribute name="requestedPageType" value="not used" />
  <attribute name="gcthreads" value="4" />
  <attribute name="packetListSplit" value="4" />
  <attribute name="cacheListSplit" value="4" />
  <attribute name="splitFreeListSplitAmount" value="1" />
  <attribute name="numaNodes" value="0" />
  <system>
    <attribute name="physicalMemory" value="8370962432" />
    <attribute name="numCPUs" value="4" />
    <attribute name="architecture" value="amd64" />
    <attribute name="os" value="Linux" />
    <attribute name="osVersion" value="4.4.0-148-generic" />
  </system>
  <vmargs>
    <vmarg name="-Xoptionsfile=/vagrant/jdk/lib/options.default" />
    <vmarg name="-Xlockword:mode=default,noLockword=java/lang/String,noLockword=java/util/MapEntry,noLockword=java/util/HashMap$Entry,noLockword..." />
    <vmarg name="-Xjcl:jclse29" />
    <vmarg name="-Dcom.ibm.oti.vm.bootstrap.library.path=/vagrant/jdk/lib/compressedrefs:/vagrant/jdk/lib" />
    <vmarg name="-Dsun.boot.library.path=/vagrant/jdk/lib/compressedrefs:/vagrant/jdk/lib" />
    <vmarg name="-Djava.library.path=/vagrant/jdk/lib/compressedrefs:/vagrant/jdk/lib:/usr/lib64:/usr/lib" />
    <vmarg name="-Djava.home=/vagrant/jdk" />
    <vmarg name="-Duser.dir=/vagrant" />
    <vmarg name="-Xgcpolicy:optavgpause" />
    <vmarg name="-Xgcelastic" />
    <vmarg name="-Xcheck:gc:::elasticGC" />
    <vmarg name="-verbose:gc" />
    <vmarg name="-Xloggc:large-OPTAVGPAUSE-jdk0.5-1-1.5-verbose13sunflow.txt" />
    <vmarg name="-Djava.class.path=dacapo-9.12-MR1-bach.jar" />
    <vmarg name="-Dsun.java.command=dacapo-9.12-MR1-bach.jar sunflow --size=large" />
    <vmarg name="-Dsun.java.launcher=SUN_STANDARD" />
    <vmarg name="-Dsun.java.launcher.pid=22476" />
  </vmargs>
</initialized>

<exclusive-start id="2" timestamp="2019-06-15T06:43:50.830" intervalms="484.439">
  <response-info timems="0.022" idlems="0.022" threads="0" lastid="0000000002392700" lastname="main" />
</exclusive-start>
<af-start id="3" threadId="0000000002393088" totalBytesRequested="16" timestamp="2019-06-15T06:43:50.830" intervalms="484.688" />
<cycle-start id="4" type="global" contextid="0" timestamp="2019-06-15T06:43:50.830" intervalms="485.027" />
<gc-start id="5" type="global" contextid="4" timestamp="2019-06-15T06:43:50.831">
  <mem-info id="6" free="418816" total="8388608" percent="4">
    <mem type="tenure" free="418816" total="8388608" percent="4">
      <mem type="soa" free="0" total="7969792" percent="0" />
      <mem type="loa" free="418816" total="418816" percent="100" />
    </mem>
  </mem-info>
</gc-start>
<allocation-stats totalBytes="7965304" >
  <allocated-bytes non-tlh="2337024" tlh="5628280" />
  <largest-consumer threadName="main" threadId="0000000002392700" bytes="7887992" />
</allocation-stats>
<gc-op id="7" type="mark" timems="2.062" contextid="4" timestamp="2019-06-15T06:43:50.833">
  <trace-info objectcount="30244" scancount="24274" scanbytes="765396" />
  <finalization candidates="125" enqueued="1" />
  <ownableSynchronizers candidates="3" cleared="0" />
  <references type="soft" candidates="131" cleared="0" enqueued="0" dynamicThreshold="32" maxThreshold="32" />
  <references type="weak" candidates="1321" cleared="568" enqueued="478" />
  <references type="phantom" candidates="106" cleared="42" enqueued="42" />
  <stringconstants candidates="3958" cleared="0"  />
</gc-op>
<gc-op id="8" type="classunload" timems="0.044" contextid="4" timestamp="2019-06-15T06:43:50.833">
  <classunload-info classloadercandidates="7" classloadersunloaded="0" classesunloaded="0" anonymousclassesunloaded="0" quiescems="0.000" setupms="0.044" scanms="0.000" postms="0.000" />
</gc-op>
<gc-op id="9" type="sweep" timems="1.982" contextid="4" timestamp="2019-06-15T06:43:50.835" />
<mem-info id="10" free="4708672" total="8388608" percent="56">
  <mem type="tenure" free="4708672" total="8388608" percent="56" micro-fragmented="361432">
    <mem type="soa" free="4289856" total="7969792" percent="53" />
    <mem type="loa" free="418816" total="418816" percent="100" />
  </mem>
  <pending-finalizers system="1" default="0" reference="520" classloader="0" />
</mem-info>
<gc-op id="11" type="compact" timems="6.437" contextid="4" timestamp="2019-06-15T06:43:50.842">
  <compact-info movecount="30243" movebytes="3170328" reason="compact to aid heap contraction" />
</gc-op>
<heap-resize id="12" type="expand" space="tenure" amount="2084241408" count="1" timems="0.214" reason="satisfy allocation request" timestamp="2019-06-15T06:43:50.842" />
<gc-end id="13" type="global" contextid="4" durationms="11.841" usertimems="8.000" systemtimems="8.000" timestamp="2019-06-15T06:43:50.842" activeThreads="4">
  <mem-info id="14" free="2089394064" total="2092630016" percent="99">
    <mem type="tenure" free="2089394064" total="2092630016" percent="99">
      <mem type="soa" free="1984762768" total="1987998720" percent="99" />
      <mem type="loa" free="104631296" total="104631296" percent="100" />
    </mem>
    <pending-finalizers system="1" default="0" reference="520" classloader="0" />
  </mem-info>
</gc-end>
<cycle-end id="15" type="global" contextid="4" timestamp="2019-06-15T06:43:50.843" />
  <attribute name="elasticGC enabled" value="1" />
  <attribute name= "numThreadsSpecified" value="4" />
  <attribute name="heapSize specified" value="8388608" />
  <attribute name="Current GC Util" value="32" />
  <attribute name= "Current Time Running" value="380" />
  <attribute name ="GC Interval" value="0" />
  <attribute name="ProportionalT" value="6.000000" />
  <attribute name="ProportionalI" value="6.000000" />
  <attribute name="ProportionalH" value="6.000000" />
  <attribute name="Current Error" value="12.000000" />
  <attribute name="IntegralT" value="-7212.000000" />
  <attribute name="IntegralI" value="-7212.000000" />
  <attribute name="IntegralH" value="-7212.000000" />
  <attribute name="DerivativeT" value="2.571429" />
  <attribute name="DerivativeI" value="2.571429" />
  <attribute name="DerivativeH" value="2.571429" />
  <attribute name="Loop Time for DT" value="7.000000" />
  <attribute name="Output H" value="2092630016"/>
  <attribute name="Output I" value="200"/>
  <attribute name="Output T" value="4"/>
  <attribute name="Target GC Util Change" value ="20.000000" />
  <attribute name="Current GC Util Change" value="32.000000"/>
  <attribute name="GC Util currently" value="32" />
  <attribute name="CPU Util currently" value="706796175856" />
<allocation-satisfied id="16" threadId="0000000002392700" bytesRequested="16" />
<af-end id="17" timestamp="2019-06-15T06:43:50.843" threadId="0000000002393088" success="true" />
<exclusive-end id="18" timestamp="2019-06-15T06:43:50.843" durationms="12.982" />

<exclusive-start id="19" timestamp="2019-06-15T06:43:50.862" intervalms="32.236">
  <response-info timems="0.076" idlems="0.076" threads="0" lastid="0000000002392700" lastname="main" />
</exclusive-start>
<sys-start reason="explicit" id="20" timestamp="2019-06-15T06:43:50.862" intervalms="516.781" />
<cycle-start id="21" type="global" contextid="0" timestamp="2019-06-15T06:43:50.862" intervalms="31.860" />
<gc-start id="22" type="global" contextid="21" timestamp="2019-06-15T06:43:50.862">
  <mem-info id="23" free="2085412656" total="2092630016" percent="99">
    <mem type="tenure" free="2085412656" total="2092630016" percent="99">
      <mem type="soa" free="1980781360" total="1987998720" percent="99" />
      <mem type="loa" free="104631296" total="104631296" percent="100" />
    </mem>
  </mem-info>
</gc-start>
<allocation-stats totalBytes="4046544" >
  <allocated-bytes non-tlh="1048672" tlh="2997872" />
  <largest-consumer threadName="main" threadId="0000000002392700" bytes="4030472" />
</allocation-stats>
<gc-op id="24" type="mark" timems="9.062" contextid="21" timestamp="2019-06-15T06:43:50.872">
  <trace-info objectcount="29302" scancount="23480" scanbytes="751100" />
  <finalization candidates="124" enqueued="0" />
  <ownableSynchronizers candidates="3" cleared="0" />
  <references type="soft" candidates="131" cleared="0" enqueued="0" dynamicThreshold="31" maxThreshold="32" />
  <references type="weak" candidates="755" cleared="2" enqueued="2" />
  <references type="phantom" candidates="63" cleared="0" enqueued="0" />
  <stringconstants candidates="3958" cleared="0"  />
</gc-op>
<gc-op id="25" type="classunload" timems="0.003" contextid="21" timestamp="2019-06-15T06:43:50.872">
  <classunload-info classloadercandidates="7" classloadersunloaded="0" classesunloaded="0" anonymousclassesunloaded="0" quiescems="0.000" setupms="0.003" scanms="0.000" postms="0.000" />
</gc-op>
<gc-op id="26" type="sweep" timems="1.840" contextid="21" timestamp="2019-06-15T06:43:50.874" />
<mem-info id="27" free="2089207296" total="2092630016" percent="99">
  <mem type="tenure" free="2089207296" total="2092630016" percent="99" micro-fragmented="0">
    <mem type="soa" free="1984576000" total="1987998720" percent="99" />
    <mem type="loa" free="104631296" total="104631296" percent="100" />
  </mem>
  <pending-finalizers system="0" default="0" reference="2" classloader="0" />
</mem-info>
<gc-op id="28" type="compact" timems="12.930" contextid="21" timestamp="2019-06-15T06:43:50.887">
  <compact-info movecount="18206" movebytes="2917584" reason="compact to aid heap contraction" />
</gc-op>
<gc-end id="29" type="global" contextid="21" durationms="24.725" usertimems="40.000" systemtimems="0.000" timestamp="2019-06-15T06:43:50.887" activeThreads="4">
  <mem-info id="30" free="2089236736" total="2092630016" percent="99">
    <mem type="tenure" free="2089236736" total="2092630016" percent="99">
      <mem type="soa" free="1984605440" total="1987998720" percent="99" />
      <mem type="loa" free="104631296" total="104631296" percent="100" />
    </mem>
    <pending-finalizers system="0" default="0" reference="2" classloader="0" />
  </mem-info>
</gc-end>
<cycle-end id="31" type="global" contextid="21" timestamp="2019-06-15T06:43:50.887" />
  <attribute name="elasticGC enabled" value="1" />
  <attribute name= "numThreadsSpecified" value="4" />
  <attribute name="heapSize specified" value="2092630016" />
  <attribute name="Current GC Util" value="103" />
  <attribute name= "Current Time Running" value="425" />
  <attribute name ="GC Interval" value="0" />
  <attribute name="ProportionalT" value="41.500000" />
  <attribute name="ProportionalI" value="41.500000" />
  <attribute name="ProportionalH" value="41.500000" />
  <attribute name="Current Error" value="83.000000" />
  <attribute name="IntegralT" value="1079.000000" />
  <attribute name="IntegralI" value="1079.000000" />
  <attribute name="IntegralH" value="1079.000000" />
  <attribute name="DerivativeT" value="9.576923" />
  <attribute name="DerivativeI" value="9.576923" />
  <attribute name="DerivativeH" value="9.576923" />
  <attribute name="Loop Time for DT" value="13.000000" />
  <attribute name="Output H" value="8388608"/>
  <attribute name="Output I" value="1136"/>
  <attribute name="Output T" value="4"/>
  <attribute name="Target GC Util Change" value ="20.000000" />
  <attribute name="Current GC Util Change" value="103.000000"/>
  <attribute name="GC Util currently" value="103" />
  <attribute name="CPU Util currently" value="352736731028" />
<sys-end id="32" timestamp="2019-06-15T06:43:50.887" />
<exclusive-end id="33" timestamp="2019-06-15T06:43:50.887" durationms="25.392" />

<exclusive-start id="34" timestamp="2019-06-15T06:43:52.724" intervalms="1862.225">
  <response-info timems="0.051" idlems="0.029" threads="1" lastid="00000000026EB500" lastname="Thread-9" />
</exclusive-start>
<af-start id="35" threadId="00000000026E8288" totalBytesRequested="40" timestamp="2019-06-15T06:43:52.724" intervalms="1894.364" />
<cycle-start id="36" type="global" contextid="0" timestamp="2019-06-15T06:43:52.725" intervalms="1862.233" />
<gc-start id="37" type="global" contextid="36" timestamp="2019-06-15T06:43:52.725">
  <mem-info id="38" free="104631296" total="2092630016" percent="4">
    <mem type="tenure" free="104631296" total="2092630016" percent="4">
      <mem type="soa" free="0" total="1987998720" percent="0" />
      <mem type="loa" free="104631296" total="104631296" percent="100" />
    </mem>
  </mem-info>
</gc-start>
<allocation-stats totalBytes="1984262800" >
  <allocated-bytes non-tlh="1646088" tlh="1982616712" />
  <largest-consumer threadName="Thread-7" threadId="00000000026E3D00" bytes="526072968" />
</allocation-stats>
<gc-op id="39" type="mark" timems="3.028" contextid="36" timestamp="2019-06-15T06:43:52.728">
  <trace-info objectcount="70839" scancount="62388" scanbytes="2385976" />
  <finalization candidates="124" enqueued="0" />
  <ownableSynchronizers candidates="3" cleared="0" />
  <references type="soft" candidates="148" cleared="0" enqueued="0" dynamicThreshold="31" maxThreshold="32" />
  <references type="weak" candidates="798" cleared="29" enqueued="28" />
  <references type="phantom" candidates="65" cleared="2" enqueued="2" />
  <stringconstants candidates="4598" cleared="1"  />
</gc-op>
<gc-op id="40" type="sweep" timems="332.065" contextid="36" timestamp="2019-06-15T06:43:53.060" />
<mem-info id="41" free="2085744688" total="2092630016" percent="99">
  <mem type="tenure" free="2085744688" total="2092630016" percent="99" micro-fragmented="927109">
    <mem type="soa" free="1981113392" total="1987998720" percent="99" />
    <mem type="loa" free="104631296" total="104631296" percent="100" />
  </mem>
  <pending-finalizers system="0" default="0" reference="30" classloader="0" />
</mem-info>
<gc-op id="42" type="compact" timems="16.921" contextid="36" timestamp="2019-06-15T06:43:53.077">
  <compact-info movecount="70216" movebytes="5913952" reason="compact to aid heap contraction" />
</gc-op>
<gc-end id="43" type="global" contextid="36" durationms="352.979" usertimems="352.000" systemtimems="20.000" timestamp="2019-06-15T06:43:53.078" activeThreads="4">
  <mem-info id="44" free="2086634888" total="2092630016" percent="99">
    <mem type="tenure" free="2086634888" total="2092630016" percent="99">
      <mem type="soa" free="1982003592" total="1987998720" percent="99" />
      <mem type="loa" free="104631296" total="104631296" percent="100" />
    </mem>
    <pending-finalizers system="0" default="0" reference="30" classloader="0" />
  </mem-info>
</gc-end>
<cycle-end id="45" type="global" contextid="36" timestamp="2019-06-15T06:43:53.078" />
  <attribute name="elasticGC enabled" value="1" />
  <attribute name= "numThreadsSpecified" value="4" />
  <attribute name="heapSize specified" value="2092630016" />
  <attribute name="Current GC Util" value="127" />
  <attribute name= "Current Time Running" value="2615" />
  <attribute name ="GC Interval" value="0" />
  <attribute name="ProportionalT" value="53.500000" />
  <attribute name="ProportionalI" value="53.500000" />
  <attribute name="ProportionalH" value="53.500000" />
  <attribute name="Current Error" value="107.000000" />
  <attribute name="IntegralT" value="1819.000000" />
  <attribute name="IntegralI" value="1819.000000" />
  <attribute name="IntegralH" value="1819.000000" />
  <attribute name="DerivativeT" value="9.441176" />
  <attribute name="DerivativeI" value="9.441176" />
  <attribute name="DerivativeH" value="9.441176" />
  <attribute name="Loop Time for DT" value="17.000000" />
  <attribute name="Output H" value="8388608"/>
  <attribute name="Output I" value="1888"/>
  <attribute name="Output T" value="4"/>
  <attribute name="Target GC Util Change" value ="20.000000" />
  <attribute name="Current GC Util Change" value="127.000000"/>
  <attribute name="GC Util currently" value="127" />
  <attribute name="CPU Util currently" value="270957655335" />
<allocation-satisfied id="46" threadId="00000000026E7900" bytesRequested="40" />
<af-end id="47" timestamp="2019-06-15T06:43:53.078" threadId="00000000026E8288" success="true" />
<exclusive-end id="48" timestamp="2019-06-15T06:43:53.078" durationms="353.781" />

<exclusive-start id="49" timestamp="2019-06-15T06:43:54.071" intervalms="1347.102">
  <response-info timems="0.040" idlems="0.040" threads="0" lastid="00000000026E3D00" lastname="Thread-7" />
</exclusive-start>
<af-start id="50" threadId="00000000026E4688" totalBytesRequested="24" timestamp="2019-06-15T06:43:54.072" intervalms="1347.152" />
<cycle-start id="51" type="global" contextid="0" timestamp="2019-06-15T06:43:54.072" intervalms="1347.193" />
<gc-start id="52" type="global" contextid="51" timestamp="2019-06-15T06:43:54.072">
  <mem-info id="53" free="104631296" total="2092630016" percent="4">
    <mem type="tenure" free="104631296" total="2092630016" percent="4">
      <mem type="soa" free="0" total="1987998720" percent="0" />
      <mem type="loa" free="104631296" total="104631296" percent="100" />
    </mem>
  </mem-info>
</gc-start>
<allocation-stats totalBytes="1981940576" >
  <allocated-bytes non-tlh="0" tlh="1981940576" />
  <largest-consumer threadName="Thread-10" threadId="00000000026E7900" bytes="598327384" />
</allocation-stats>
<gc-op id="54" type="mark" timems="4.083" contextid="51" timestamp="2019-06-15T06:43:54.076">
  <trace-info objectcount="72067" scancount="63650" scanbytes="2416096" />
  <finalization candidates="124" enqueued="0" />
  <ownableSynchronizers candidates="3" cleared="0" />
  <references type="soft" candidates="148" cleared="0" enqueued="0" dynamicThreshold="31" maxThreshold="32" />
  <references type="weak" candidates="769" cleared="0" enqueued="0" />
  <references type="phantom" candidates="63" cleared="0" enqueued="0" />
  <stringconstants candidates="4597" cleared="0"  />
</gc-op>
<gc-op id="55" type="sweep" timems="338.764" contextid="51" timestamp="2019-06-15T06:43:54.415" />
<mem-info id="56" free="2086418872" total="2092630016" percent="99">
  <mem type="tenure" free="2086418872" total="2092630016" percent="99" micro-fragmented="148565">
    <mem type="soa" free="1981787576" total="1987998720" percent="99" />
    <mem type="loa" free="104631296" total="104631296" percent="100" />
  </mem>
</mem-info>
<gc-op id="57" type="compact" timems="9.913" contextid="51" timestamp="2019-06-15T06:43:54.425">
  <compact-info movecount="50245" movebytes="4670712" reason="compact to aid heap contraction" />
</gc-op>
<gc-end id="58" type="global" contextid="51" durationms="353.798" usertimems="368.000" systemtimems="20.000" timestamp="2019-06-15T06:43:54.426" activeThreads="4">
  <mem-info id="59" free="2086606160" total="2092630016" percent="99">
    <mem type="tenure" free="2086606160" total="2092630016" percent="99">
      <mem type="soa" free="1981974864" total="1987998720" percent="99" />
      <mem type="loa" free="104631296" total="104631296" percent="100" />
    </mem>
  </mem-info>
</gc-end>
<cycle-end id="60" type="global" contextid="51" timestamp="2019-06-15T06:43:54.426" />
  <attribute name="elasticGC enabled" value="1" />
  <attribute name= "numThreadsSpecified" value="4" />
  <attribute name="heapSize specified" value="2092630016" />
  <attribute name="Current GC Util" value="126" />
  <attribute name= "Current Time Running" value="3963" />
  <attribute name ="GC Interval" value="0" />
  <attribute name="ProportionalT" value="53.000000" />
  <attribute name="ProportionalI" value="53.000000" />
  <attribute name="ProportionalH" value="53.000000" />
  <attribute name="Current Error" value="106.000000" />
  <attribute name="IntegralT" value="1060.000000" />
  <attribute name="IntegralI" value="1060.000000" />
  <attribute name="IntegralH" value="1060.000000" />
  <attribute name="DerivativeT" value="15.900000" />
  <attribute name="DerivativeI" value="15.900000" />
  <attribute name="DerivativeH" value="15.900000" />
  <attribute name="Loop Time for DT" value="10.000000" />
  <attribute name="Output H" value="8388608"/>
  <attribute name="Output I" value="1128"/>
  <attribute name="Output T" value="4"/>
  <attribute name="Target GC Util Change" value ="20.000000" />
  <attribute name="Current GC Util Change" value="126.000000"/>
  <attribute name="GC Util currently" value="126" />
  <attribute name="CPU Util currently" value="460865351355" />
<allocation-satisfied id="61" threadId="00000000026E3D00" bytesRequested="24" />
<af-end id="62" timestamp="2019-06-15T06:43:54.426" threadId="00000000026E4688" success="true" />
<exclusive-end id="63" timestamp="2019-06-15T06:43:54.426" durationms="354.734" />

<exclusive-start id="64" timestamp="2019-06-15T06:43:55.313" intervalms="1241.423">
  <response-info timems="0.036" idlems="0.036" threads="0" lastid="00000000026E7900" lastname="Thread-10" />
</exclusive-start>
<af-start id="65" threadId="00000000026E8288" totalBytesRequested="40" timestamp="2019-06-15T06:43:55.313" intervalms="1241.493" />
<cycle-start id="66" type="global" contextid="0" timestamp="2019-06-15T06:43:55.313" intervalms="1241.509" />
<gc-start id="67" type="global" contextid="66" timestamp="2019-06-15T06:43:55.313">
  <mem-info id="68" free="104631296" total="2092630016" percent="4">
    <mem type="tenure" free="104631296" total="2092630016" percent="4">
      <mem type="soa" free="0" total="1987998720" percent="0" />
      <mem type="loa" free="104631296" total="104631296" percent="100" />
    </mem>
  </mem-info>
</gc-start>
<allocation-stats totalBytes="1981679488" >
  <allocated-bytes non-tlh="0" tlh="1981679488" />
  <largest-consumer threadName="Thread-7" threadId="00000000026E3D00" bytes="523111368" />
</allocation-stats>
<gc-op id="69" type="mark" timems="3.118" contextid="66" timestamp="2019-06-15T06:43:55.317">
  <trace-info objectcount="71625" scancount="63194" scanbytes="2406056" />
  <finalization candidates="124" enqueued="0" />
  <ownableSynchronizers candidates="3" cleared="0" />
  <references type="soft" candidates="148" cleared="0" enqueued="0" dynamicThreshold="31" maxThreshold="32" />
  <references type="weak" candidates="769" cleared="0" enqueued="0" />
  <references type="phantom" candidates="63" cleared="0" enqueued="0" />
  <stringconstants candidates="4597" cleared="0"  />
</gc-op>
<gc-op id="70" type="sweep" timems="383.889" contextid="66" timestamp="2019-06-15T06:43:55.701" />
<mem-info id="71" free="2086470744" total="2092630016" percent="99">
  <mem type="tenure" free="2086470744" total="2092630016" percent="99" micro-fragmented="44651">
    <mem type="soa" free="1981839448" total="1987998720" percent="99" />
    <mem type="loa" free="104631296" total="104631296" percent="100" />
  </mem>
</mem-info>
<gc-op id="72" type="compact" timems="8.966" contextid="66" timestamp="2019-06-15T06:43:55.710">
  <compact-info movecount="32184" movebytes="1732664" reason="compact to aid heap contraction" />
</gc-op>
<gc-end id="73" type="global" contextid="66" durationms="397.079" usertimems="408.000" systemtimems="8.000" timestamp="2019-06-15T06:43:55.710" activeThreads="4">
  <mem-info id="74" free="2086616200" total="2092630016" percent="99">
    <mem type="tenure" free="2086616200" total="2092630016" percent="99">
      <mem type="soa" free="1981984904" total="1987998720" percent="99" />
      <mem type="loa" free="104631296" total="104631296" percent="100" />
    </mem>
  </mem-info>
</gc-end>
<cycle-end id="75" type="global" contextid="66" timestamp="2019-06-15T06:43:55.711" />
  <attribute name="elasticGC enabled" value="1" />
  <attribute name= "numThreadsSpecified" value="4" />
  <attribute name="heapSize specified" value="2092630016" />
  <attribute name="Current GC Util" value="144" />
  <attribute name= "Current Time Running" value="5248" />
  <attribute name ="GC Interval" value="0" />
  <attribute name="ProportionalT" value="62.000000" />
  <attribute name="ProportionalI" value="62.000000" />
  <attribute name="ProportionalH" value="62.000000" />
  <attribute name="Current Error" value="124.000000" />
  <attribute name="IntegralT" value="1116.000000" />
  <attribute name="IntegralI" value="1116.000000" />
  <attribute name="IntegralH" value="1116.000000" />
  <attribute name="DerivativeT" value="20.666667" />
  <attribute name="DerivativeI" value="20.666667" />
  <attribute name="DerivativeH" value="20.666667" />
  <attribute name="Loop Time for DT" value="9.000000" />
  <attribute name="Output H" value="8388608"/>
  <attribute name="Output I" value="1200"/>
  <attribute name="Output T" value="4"/>
  <attribute name="Target GC Util Change" value ="20.000000" />
  <attribute name="Current GC Util Change" value="144.000000"/>
  <attribute name="GC Util currently" value="144" />
  <attribute name="CPU Util currently" value="502172216790" />
<allocation-satisfied id="76" threadId="00000000026E7900" bytesRequested="40" />
<af-end id="77" timestamp="2019-06-15T06:43:55.711" threadId="00000000026E8288" success="true" />
<exclusive-end id="78" timestamp="2019-06-15T06:43:55.711" durationms="398.288" />

<exclusive-start id="79" timestamp="2019-06-15T06:43:56.451" intervalms="1137.779">
  <response-info timems="0.033" idlems="0.033" threads="0" lastid="00000000026E3D00" lastname="Thread-7" />
</exclusive-start>
<af-start id="80" threadId="00000000026E4688" totalBytesRequested="40" timestamp="2019-06-15T06:43:56.451" intervalms="1137.692" />
<cycle-start id="81" type="global" contextid="0" timestamp="2019-06-15T06:43:56.451" intervalms="1137.638" />
<gc-start id="82" type="global" contextid="81" timestamp="2019-06-15T06:43:56.451">
  <mem-info id="83" free="104631296" total="2092630016" percent="4">
    <mem type="tenure" free="104631296" total="2092630016" percent="4">
      <mem type="soa" free="0" total="1987998720" percent="0" />
      <mem type="loa" free="104631296" total="104631296" percent="100" />
    </mem>
  </mem-info>
</gc-start>
<allocation-stats totalBytes="1981899128" >
  <allocated-bytes non-tlh="0" tlh="1981899128" />
  <largest-consumer threadName="Thread-10" threadId="00000000026E7900" bytes="507945968" />
</allocation-stats>
<gc-op id="84" type="mark" timems="3.026" contextid="81" timestamp="2019-06-15T06:43:56.454">
  <trace-info objectcount="75734" scancount="67315" scanbytes="2504128" />
  <finalization candidates="124" enqueued="0" />
  <ownableSynchronizers candidates="3" cleared="0" />
  <references type="soft" candidates="148" cleared="0" enqueued="0" dynamicThreshold="31" maxThreshold="32" />
  <references type="weak" candidates="769" cleared="0" enqueued="0" />
  <references type="phantom" candidates="63" cleared="0" enqueued="0" />
  <stringconstants candidates="4597" cleared="0"  />
</gc-op>
<gc-op id="85" type="sweep" timems="405.715" contextid="81" timestamp="2019-06-15T06:43:56.860" />
<mem-info id="86" free="2086474480" total="2092630016" percent="99">
  <mem type="tenure" free="2086474480" total="2092630016" percent="99" micro-fragmented="20309">
    <mem type="soa" free="1981843184" total="1987998720" percent="99" />
    <mem type="loa" free="104631296" total="104631296" percent="100" />
  </mem>
</mem-info>
<gc-op id="87" type="compact" timems="5.149" contextid="81" timestamp="2019-06-15T06:43:56.866">
  <compact-info movecount="29318" movebytes="1184376" reason="compact to aid heap contraction" />
</gc-op>
<gc-end id="88" type="global" contextid="81" durationms="415.036" usertimems="424.000" systemtimems="4.000" timestamp="2019-06-15T06:43:56.866" activeThreads="4">
  <mem-info id="89" free="2086518128" total="2092630016" percent="99">
    <mem type="tenure" free="2086518128" total="2092630016" percent="99">
      <mem type="soa" free="1981886832" total="1987998720" percent="99" />
      <mem type="loa" free="104631296" total="104631296" percent="100" />
    </mem>
  </mem-info>
</gc-end>
<cycle-end id="90" type="global" contextid="81" timestamp="2019-06-15T06:43:56.866" />
  <attribute name="elasticGC enabled" value="1" />
  <attribute name= "numThreadsSpecified" value="4" />
  <attribute name="heapSize specified" value="2092630016" />
  <attribute name="Current GC Util" value="147" />
  <attribute name= "Current Time Running" value="6403" />
  <attribute name ="GC Interval" value="0" />
  <attribute name="ProportionalT" value="63.500000" />
  <attribute name="ProportionalI" value="63.500000" />
  <attribute name="ProportionalH" value="63.500000" />
  <attribute name="Current Error" value="127.000000" />
  <attribute name="IntegralT" value="635.000000" />
  <attribute name="IntegralI" value="635.000000" />
  <attribute name="IntegralH" value="635.000000" />
  <attribute name="DerivativeT" value="38.100000" />
  <attribute name="DerivativeI" value="38.100000" />
  <attribute name="DerivativeH" value="38.100000" />
  <attribute name="Loop Time for DT" value="5.000000" />
  <attribute name="Output H" value="8388608"/>
  <attribute name="Output I" value="736"/>
  <attribute name="Output T" value="4"/>
  <attribute name="Target GC Util Change" value ="20.000000" />
  <attribute name="Current GC Util Change" value="147.000000"/>
  <attribute name="GC Util currently" value="147" />
  <attribute name="CPU Util currently" value="863919966173" />
<allocation-satisfied id="91" threadId="00000000026E3D00" bytesRequested="40" />
<af-end id="92" timestamp="2019-06-15T06:43:56.866" threadId="00000000026E4688" success="true" />
<exclusive-end id="93" timestamp="2019-06-15T06:43:56.866" durationms="415.889" />

</verbosegc>

