<?xml version="1.0" ?>

<verbosegc xmlns="http://www.ibm.com/j9/verbosegc" version="10b4217_CMPRSS">

<initialized id="1" timestamp="2019-06-14T22:19:29.932">
  <attribute name="gcPolicy" value="-Xgcpolicy:optthruput" />
  <attribute name="elasticGC enabled" value="1" />
  <attribute name= "numThreadsSpecified" value="0" />
  <attribute name="heapSize specified" value="0" />
  <attribute name="Current GC Util" value="0" />
  <attribute name= "Current Time Running" value="0" />
  <attribute name ="GC Interval" value="0" />
  <attribute name="ProportionalT" value="0.000000" />
  <attribute name="ProportionalI" value="0.000000" />
  <attribute name="ProportionalH" value="0.000000" />
  <attribute name="IntegralT" value="0.000000" />
  <attribute name="IntegralI" value="0.000000" />
  <attribute name="IntegralH" value="0.000000" />
  <attribute name="DerivativeT" value="0.000000" />
  <attribute name="DerivativeI" value="0.000000" />
  <attribute name="DerivativeH" value="0.000000" />
  <attribute name="Target GC Util Change" value ="0.000000" />
  <attribute name="Current GC Util Change" value="0.000000"/>
  <attribute name="Current Error" value="0.000000" />
  <attribute name="Loop Time for DT" value="0.000000" />
  <attribute name="Output H" value="0"/>
  <attribute name="Output I" value="0"/>
  <attribute name="Output T" value="0"/>
  <attribute name="GC Util currently" value="0" />
  <attribute name="CPU Util currently" value="0" />
  <attribute name="maxHeapSize" value="0x7cbc0000" />
  <attribute name="initialHeapSize" value="0x800000" />
  <attribute name="compressedRefs" value="true" />
  <attribute name="compressedRefsDisplacement" value="0x0" />
  <attribute name="compressedRefsShift" value="0x0" />
  <attribute name="pageSize" value="0x1000" />
  <attribute name="pageType" value="not used" />
  <attribute name="requestedPageSize" value="0x1000" />
  <attribute name="requestedPageType" value="not used" />
  <attribute name="gcthreads" value="4" />
  <attribute name="packetListSplit" value="4" />
  <attribute name="cacheListSplit" value="4" />
  <attribute name="splitFreeListSplitAmount" value="1" />
  <attribute name="numaNodes" value="0" />
  <system>
    <attribute name="physicalMemory" value="8370958336" />
    <attribute name="numCPUs" value="4" />
    <attribute name="architecture" value="amd64" />
    <attribute name="os" value="Linux" />
    <attribute name="osVersion" value="4.4.0-150-generic" />
  </system>
  <vmargs>
    <vmarg name="-Xoptionsfile=/vagrant/jdk/lib/options.default" />
    <vmarg name="-Xlockword:mode=default,noLockword=java/lang/String,noLockword=java/util/MapEntry,noLockword=java/util/HashMap$Entry,noLockword..." />
    <vmarg name="-Xjcl:jclse29" />
    <vmarg name="-Dcom.ibm.oti.vm.bootstrap.library.path=/vagrant/jdk/lib/compressedrefs:/vagrant/jdk/lib" />
    <vmarg name="-Dsun.boot.library.path=/vagrant/jdk/lib/compressedrefs:/vagrant/jdk/lib" />
    <vmarg name="-Djava.library.path=/vagrant/jdk/lib/compressedrefs:/vagrant/jdk/lib:/usr/lib64:/usr/lib" />
    <vmarg name="-Djava.home=/vagrant/jdk" />
    <vmarg name="-Duser.dir=/vagrant" />
    <vmarg name="-Xgcpolicy:optthruput" />
    <vmarg name="-Xgcelastic" />
    <vmarg name="-Xcheck:gc:::elasticGC" />
    <vmarg name="-verbose:gc" />
    <vmarg name="-Xloggc:jdk0.5-1-1-small-OTT-4CORE-elasticverbose11jython.txt" />
    <vmarg name="-Djava.class.path=dacapo-9.12-MR1-bach.jar" />
    <vmarg name="-Dsun.java.command=dacapo-9.12-MR1-bach.jar jython --size=small" />
    <vmarg name="-Dsun.java.launcher=SUN_STANDARD" />
    <vmarg name="-Dsun.java.launcher.pid=9262" />
  </vmargs>
</initialized>

<exclusive-start id="2" timestamp="2019-06-14T22:19:57.781" intervalms="27849.175">
  <response-info timems="0.188" idlems="0.188" threads="0" lastid="000000000257C700" lastname="main" />
</exclusive-start>
<af-start id="3" threadId="000000000257D088" totalBytesRequested="2056" timestamp="2019-06-14T22:19:57.783" intervalms="27851.358" />
<cycle-start id="4" type="global" contextid="0" timestamp="2019-06-14T22:19:57.786" intervalms="27853.897" />
<gc-start id="5" type="global" contextid="4" timestamp="2019-06-14T22:19:57.788">
  <mem-info id="6" free="418816" total="8388608" percent="4">
    <mem type="tenure" free="418816" total="8388608" percent="4">
      <mem type="soa" free="0" total="7969792" percent="0" />
      <mem type="loa" free="418816" total="418816" percent="100" />
    </mem>
  </mem-info>
</gc-start>
<allocation-stats totalBytes="7879528" >
  <allocated-bytes non-tlh="357688" tlh="7521840" />
  <largest-consumer threadName="main" threadId="000000000257C700" bytes="7809304" />
</allocation-stats>
<gc-op id="7" type="mark" timems="12.119" contextid="4" timestamp="2019-06-14T22:19:57.802">
  <trace-info objectcount="17668" scancount="14617" scanbytes="460792" />
  <finalization candidates="14" enqueued="1" />
  <references type="soft" candidates="63" cleared="0" enqueued="0" dynamicThreshold="32" maxThreshold="32" />
  <references type="weak" candidates="544" cleared="401" enqueued="362" />
  <references type="phantom" candidates="105" cleared="44" enqueued="44" />
  <stringconstants candidates="2406" cleared="0"  />
</gc-op>
<gc-op id="8" type="classunload" timems="0.509" contextid="4" timestamp="2019-06-14T22:19:57.803">
  <classunload-info classloadercandidates="5" classloadersunloaded="0" classesunloaded="0" anonymousclassesunloaded="0" quiescems="0.000" setupms="0.508" scanms="0.000" postms="0.001" />
</gc-op>
<gc-op id="9" type="sweep" timems="3.812" contextid="4" timestamp="2019-06-14T22:19:57.807" />
<mem-info id="10" free="7187584" total="8388608" percent="85">
  <mem type="tenure" free="7187584" total="8388608" percent="85" micro-fragmented="207619" macro-fragmented="0">
    <mem type="soa" free="6768768" total="7969792" percent="84" />
    <mem type="loa" free="418816" total="418816" percent="100" />
  </mem>
  <pending-finalizers system="1" default="0" reference="406" classloader="0" />
</mem-info>
<gc-op id="11" type="compact" timems="20.876" contextid="4" timestamp="2019-06-14T22:19:57.832">
  <compact-info movecount="17667" movebytes="963208" reason="compact to aid heap contraction" />
</gc-op>
<heap-resize id="12" type="expand" space="tenure" amount="2084241408" count="1" timems="0.254" reason="satisfy allocation request" timestamp="2019-06-14T22:19:57.834" />
<gc-end id="13" type="global" contextid="4" durationms="46.218" usertimems="48.000" systemtimems="4.000" timestamp="2019-06-14T22:19:57.834" activeThreads="4">
  <mem-info id="14" free="2091601184" total="2092630016" percent="99">
    <mem type="tenure" free="2091601184" total="2092630016" percent="99">
      <mem type="soa" free="1986969888" total="1987998720" percent="99" />
      <mem type="loa" free="104631296" total="104631296" percent="100" />
    </mem>
    <pending-finalizers system="1" default="0" reference="406" classloader="0" />
  </mem-info>
</gc-end>
<cycle-end id="15" type="global" contextid="4" timestamp="2019-06-14T22:19:57.834" />
  <attribute name="elasticGC enabled" value="1" />
  <attribute name= "numThreadsSpecified" value="4" />
  <attribute name="heapSize specified" value="8388608" />
  <attribute name="Current GC Util" value="40" />
  <attribute name= "Current Time Running" value="27787" />
  <attribute name ="GC Interval" value="0" />
  <attribute name="ProportionalT" value="10.000000" />
  <attribute name="ProportionalI" value="10.000000" />
  <attribute name="ProportionalH" value="10.000000" />
  <attribute name="Current Error" value="20.000000" />
  <attribute name="IntegralT" value="-553871.000000" />
  <attribute name="IntegralI" value="-553871.000000" />
  <attribute name="IntegralH" value="-553871.000000" />
  <attribute name="DerivativeT" value="0.952381" />
  <attribute name="DerivativeI" value="0.952381" />
  <attribute name="DerivativeH" value="0.952381" />
  <attribute name="Loop Time for DT" value="21.000000" />
  <attribute name="Output H" value="2092630016"/>
  <attribute name="Output I" value="200"/>
  <attribute name="Output T" value="4"/>
  <attribute name="Target GC Util Change" value ="20.000000" />
  <attribute name="Current GC Util Change" value="40.000000"/>
  <attribute name="GC Util currently" value="40" />
  <attribute name="CPU Util currently" value="12" />
<allocation-satisfied id="16" threadId="000000000257C700" bytesRequested="2056" />
<af-end id="17" timestamp="2019-06-14T22:19:57.835" threadId="000000000257D088" success="true" />
<exclusive-end id="18" timestamp="2019-06-14T22:19:57.835" durationms="54.240" />

<exclusive-start id="19" timestamp="2019-06-14T22:20:19.009" intervalms="21228.659">
  <response-info timems="0.018" idlems="0.018" threads="0" lastid="000000000257C700" lastname="main" />
</exclusive-start>
<sys-start reason="explicit" id="20" timestamp="2019-06-14T22:20:19.010" intervalms="49077.949" />
<cycle-start id="21" type="global" contextid="0" timestamp="2019-06-14T22:20:19.010" intervalms="21224.160" />
<gc-start id="22" type="global" contextid="21" timestamp="2019-06-14T22:20:19.010">
  <mem-info id="23" free="2021705368" total="2092630016" percent="96">
    <mem type="tenure" free="2021705368" total="2092630016" percent="96">
      <mem type="soa" free="1917074072" total="1987998720" percent="96" />
      <mem type="loa" free="104631296" total="104631296" percent="100" />
    </mem>
  </mem-info>
</gc-start>
<allocation-stats totalBytes="69920848" >
  <allocated-bytes non-tlh="3483272" tlh="66437576" />
  <largest-consumer threadName="main" threadId="000000000257C700" bytes="69842784" />
</allocation-stats>
<gc-op id="24" type="mark" timems="8.717" contextid="21" timestamp="2019-06-14T22:20:19.019">
  <trace-info objectcount="75375" scancount="62951" scanbytes="2108676" />
  <finalization candidates="80" enqueued="1" />
  <ownableSynchronizers candidates="23" cleared="0" />
  <references type="soft" candidates="1639" cleared="0" enqueued="0" dynamicThreshold="31" maxThreshold="32" />
  <references type="weak" candidates="5225" cleared="732" enqueued="568" />
  <references type="phantom" candidates="113" cleared="14" enqueued="14" />
  <stringconstants candidates="8669" cleared="15"  />
</gc-op>
<gc-op id="25" type="classunload" timems="0.429" contextid="21" timestamp="2019-06-14T22:20:19.019">
  <classunload-info classloadercandidates="17" classloadersunloaded="1" classesunloaded="1" anonymousclassesunloaded="0" quiescems="0.000" setupms="0.419" scanms="0.008" postms="0.002" />
</gc-op>
<gc-op id="26" type="sweep" timems="1.555" contextid="21" timestamp="2019-06-14T22:20:19.021" />
<mem-info id="27" free="2087404968" total="2092630016" percent="99">
  <mem type="tenure" free="2087404968" total="2092630016" percent="99" micro-fragmented="771981" macro-fragmented="1048672">
    <mem type="soa" free="1982773672" total="1987998720" percent="99" />
    <mem type="loa" free="104631296" total="104631296" percent="100" />
  </mem>
  <pending-finalizers system="1" default="0" reference="582" classloader="0" />
</mem-info>
<gc-op id="28" type="compact" timems="15.012" contextid="21" timestamp="2019-06-14T22:20:19.036">
  <compact-info movecount="74707" movebytes="4252632" reason="compact to aid heap contraction" />
</gc-op>
<gc-end id="29" type="global" contextid="21" durationms="26.850" usertimems="52.000" systemtimems="0.000" timestamp="2019-06-14T22:20:19.037" activeThreads="4">
  <mem-info id="30" free="2088358840" total="2092630016" percent="99">
    <mem type="tenure" free="2088358840" total="2092630016" percent="99">
      <mem type="soa" free="1983727544" total="1987998720" percent="99" />
      <mem type="loa" free="104631296" total="104631296" percent="100" />
    </mem>
    <pending-finalizers system="1" default="0" reference="582" classloader="0" />
  </mem-info>
</gc-end>
<cycle-end id="31" type="global" contextid="21" timestamp="2019-06-14T22:20:19.037" />
  <attribute name="elasticGC enabled" value="1" />
  <attribute name= "numThreadsSpecified" value="4" />
  <attribute name="heapSize specified" value="2092630016" />
  <attribute name="Current GC Util" value="155" />
  <attribute name= "Current Time Running" value="48991" />
  <attribute name ="GC Interval" value="0" />
  <attribute name="ProportionalT" value="67.500000" />
  <attribute name="ProportionalI" value="67.500000" />
  <attribute name="ProportionalH" value="67.500000" />
  <attribute name="Current Error" value="135.000000" />
  <attribute name="IntegralT" value="2025.000000" />
  <attribute name="IntegralI" value="2025.000000" />
  <attribute name="IntegralH" value="2025.000000" />
  <attribute name="DerivativeT" value="1.466667" />
  <attribute name="DerivativeI" value="1.466667" />
  <attribute name="DerivativeH" value="1.466667" />
  <attribute name="Loop Time for DT" value="15.000000" />
  <attribute name="Output H" value="8388608"/>
  <attribute name="Output I" value="2096"/>
  <attribute name="Output T" value="4"/>
  <attribute name="Target GC Util Change" value ="20.000000" />
  <attribute name="Current GC Util Change" value="155.000000"/>
  <attribute name="GC Util currently" value="155" />
  <attribute name="CPU Util currently" value="304076385659" />
<sys-end id="32" timestamp="2019-06-14T22:20:19.037" />
<exclusive-end id="33" timestamp="2019-06-14T22:20:19.037" durationms="27.671" />

</verbosegc>

