<?xml version="1.0" ?>

<verbosegc xmlns="http://www.ibm.com/j9/verbosegc" version="10b4217_CMPRSS">

<initialized id="1" timestamp="2019-06-17T07:01:01.597">
  <attribute name="gcPolicy" value="-Xgcpolicy:balanced" />
  <attribute name="elasticGC enabled" value="1" />
  <attribute name= "numThreadsSpecified" value="0" />
  <attribute name="heapSize specified" value="0" />
  <attribute name="Current GC Util" value="0" />
  <attribute name= "Current Time Running" value="0" />
  <attribute name ="GC Interval" value="0" />
  <attribute name="ProportionalT" value="0.000000" />
  <attribute name="ProportionalI" value="0.000000" />
  <attribute name="ProportionalH" value="0.000000" />
  <attribute name="IntegralT" value="0.000000" />
  <attribute name="IntegralI" value="0.000000" />
  <attribute name="IntegralH" value="0.000000" />
  <attribute name="DerivativeT" value="0.000000" />
  <attribute name="DerivativeI" value="0.000000" />
  <attribute name="DerivativeH" value="0.000000" />
  <attribute name="Target GC Util Change" value ="0.000000" />
  <attribute name="Current GC Util Change" value="0.000000"/>
  <attribute name="Current Error" value="0.000000" />
  <attribute name="Loop Time for DT" value="0.000000" />
  <attribute name="Output H" value="0"/>
  <attribute name="Output I" value="0"/>
  <attribute name="Output T" value="0"/>
  <attribute name="GC Util currently" value="0" />
  <attribute name="CPU Util currently" value="0" />
  <attribute name="maxHeapSize" value="0x7cb00000" />
  <attribute name="initialHeapSize" value="0x800000" />
  <attribute name="compressedRefs" value="true" />
  <attribute name="compressedRefsDisplacement" value="0x0" />
  <attribute name="compressedRefsShift" value="0x0" />
  <attribute name="pageSize" value="0x1000" />
  <attribute name="pageType" value="not used" />
  <attribute name="requestedPageSize" value="0x1000" />
  <attribute name="requestedPageType" value="not used" />
  <attribute name="gcthreads" value="4" />
  <attribute name="packetListSplit" value="4" />
  <attribute name="cacheListSplit" value="4" />
  <attribute name="splitFreeListSplitAmount" value="1" />
  <attribute name="numaNodes" value="0" />
  <region>
    <attribute name="regionSize" value="1048576" />
    <attribute name="regionCount" value="1995" />
    <attribute name="arrayletLeafSize" value="1048576" />
  </region>
  <system>
    <attribute name="physicalMemory" value="8370962432" />
    <attribute name="numCPUs" value="4" />
    <attribute name="architecture" value="amd64" />
    <attribute name="os" value="Linux" />
    <attribute name="osVersion" value="4.4.0-148-generic" />
  </system>
  <vmargs>
    <vmarg name="-Xoptionsfile=/vagrant/jdk/lib/options.default" />
    <vmarg name="-Xlockword:mode=default,noLockword=java/lang/String,noLockword=java/util/MapEntry,noLockword=java/util/HashMap$Entry,noLockword..." />
    <vmarg name="-Xjcl:jclse29" />
    <vmarg name="-Dcom.ibm.oti.vm.bootstrap.library.path=/vagrant/jdk/lib/compressedrefs:/vagrant/jdk/lib" />
    <vmarg name="-Dsun.boot.library.path=/vagrant/jdk/lib/compressedrefs:/vagrant/jdk/lib" />
    <vmarg name="-Djava.library.path=/vagrant/jdk/lib/compressedrefs:/vagrant/jdk/lib:/usr/lib64:/usr/lib" />
    <vmarg name="-Djava.home=/vagrant/jdk" />
    <vmarg name="-Duser.dir=/vagrant" />
    <vmarg name="-Xgcpolicy:balanced" />
    <vmarg name="-Xgcelastic" />
    <vmarg name="-Xcheck:gc:::elasticGC" />
    <vmarg name="-verbose:gc" />
    <vmarg name="-Xloggc:default-Balanced-jdk-1-1-1-verbose4sunflow.txt" />
    <vmarg name="-Djava.class.path=dacapo-9.12-MR1-bach.jar" />
    <vmarg name="-Dsun.java.command=dacapo-9.12-MR1-bach.jar sunflow --size=default" />
    <vmarg name="-Dsun.java.launcher=SUN_STANDARD" />
    <vmarg name="-Dsun.java.launcher.pid=23626" />
  </vmargs>
</initialized>

<exclusive-start id="2" timestamp="2019-06-17T07:01:02.062" intervalms="464.355">
  <response-info timems="0.039" idlems="0.039" threads="0" lastid="0000000001E04700" lastname="main" />
</exclusive-start>
<sys-start reason="explicit" id="3" timestamp="2019-06-17T07:01:02.062" intervalms="464.722" />
<cycle-start id="4" type="global garbage collect" contextid="0" timestamp="2019-06-17T07:01:02.062" intervalms="465.039" />
<gc-start id="5" type="global garbage collect" contextid="4" timestamp="2019-06-17T07:01:02.063">
  <mem-info id="6" free="2228216" total="8388608" percent="26">
    <mem type="eden" free="131088" total="6291456" percent="2" />
    <remembered-set count="0" freebytes="334848" totalbytes="334848" percent="100" regionsoverflowed="0" regionsstable="0" regionsrebuilding="0"/>
  </mem-info>
</gc-start>
<allocation-stats totalBytes="6157504" >
  <allocated-bytes non-tlh="1222832" tlh="4934672" arrayletleaf="0"/>
  <largest-consumer threadName="main" threadId="0000000001E04700" bytes="6079968" />
</allocation-stats>
<gc-op id="7" type="global mark" timems="4.357" contextid="4" timestamp="2019-06-17T07:01:02.068">
  <trace-info objectcount="30297" scancount="23629" scanbytes="765108" />
  <finalization candidates="125" enqueued="1" />
  <ownableSynchronizers candidates="3" cleared="0" />
  <references type="soft" candidates="131" cleared="0" enqueued="0" dynamicThreshold="32" maxThreshold="32" />
  <references type="weak" candidates="1322" cleared="569" enqueued="479" />
  <references type="phantom" candidates="106" cleared="42" enqueued="42" />
  <stringconstants candidates="3958" cleared="0"  />
</gc-op>
<gc-op id="8" type="classunload" timems="0.122" contextid="4" timestamp="2019-06-17T07:01:02.068">
  <classunload-info classloadercandidates="7" classloadersunloaded="0" classesunloaded="0" anonymousclassesunloaded="0" quiescems="0.000" setupms="0.121" scanms="0.000" postms="0.000" />
</gc-op>
<gc-op id="9" type="sweep" timems="0.736" contextid="4" timestamp="2019-06-17T07:01:02.069" />
<gc-op id="10" type="compact" timems="6.355" contextid="4" timestamp="2019-06-17T07:01:02.076">
  <compact-info movecount="30297" movebytes="1861664" />
  <remembered-set-cleared processed="3465" cleared="3465" durationms="0.126" />
</gc-op>
<gc-end id="11" type="global garbage collect" contextid="4" durationms="13.990" usertimems="8.000" systemtimems="8.000" timestamp="2019-06-17T07:01:02.077" activeThreads="4">
  <mem-info id="12" free="6291456" total="8388608" percent="75">
    <pending-finalizers system="1" default="0" reference="521" classloader="0" />
    <remembered-set count="2048" freebytes="326656" totalbytes="334848" percent="97" regionsoverflowed="0" regionsstable="0" regionsrebuilding="0"/>
  </mem-info>
</gc-end>
<cycle-end id="13" type="global garbage collect" contextid="4" timestamp="2019-06-17T07:01:02.077" />
  <attribute name="elasticGC enabled" value="1" />
  <attribute name= "numThreadsSpecified" value="4" />
  <attribute name="heapSize specified" value="0" />
  <attribute name="Current GC Util" value="27" />
  <attribute name= "Current Time Running" value="358" />
  <attribute name ="GC Interval" value="0" />
  <attribute name="ProportionalT" value="7.000000" />
  <attribute name="ProportionalI" value="7.000000" />
  <attribute name="ProportionalH" value="7.000000" />
  <attribute name="Current Error" value="7.000000" />
  <attribute name="IntegralT" value="-6659.000000" />
  <attribute name="IntegralI" value="-6659.000000" />
  <attribute name="IntegralH" value="-6659.000000" />
  <attribute name="DerivativeT" value="-52.000000" />
  <attribute name="DerivativeI" value="-52.000000" />
  <attribute name="DerivativeH" value="-52.000000" />
  <attribute name="Loop Time for DT" value="1.000000" />
  <attribute name="Output H" value="2091843584"/>
  <attribute name="Output I" value="200"/>
  <attribute name="Output T" value="4"/>
  <attribute name="Target GC Util Change" value ="20.000000" />
  <attribute name="Current GC Util Change" value="27.000000"/>
  <attribute name="GC Util currently" value="27" />
  <attribute name="CPU Util currently" value="4458341366994" />
<sys-end id="14" timestamp="2019-06-17T07:01:02.077" />
<exclusive-end id="15" timestamp="2019-06-17T07:01:02.077" durationms="15.536" />

<exclusive-start id="16" timestamp="2019-06-17T07:01:02.309" intervalms="247.664">
  <response-info timems="0.107" idlems="0.107" threads="0" lastid="000000000215D500" lastname="Thread-5" />
</exclusive-start>
<allocation-taxation id="17" taxation-threshold="6291456" timestamp="2019-06-17T07:01:02.310" intervalms="712.262" />
<cycle-start id="18" type="partial gc" contextid="0" timestamp="2019-06-17T07:01:02.310" intervalms="712.488" />
<gc-start id="19" type="partial gc" contextid="18" timestamp="2019-06-17T07:01:02.310">
  <mem-info id="20" free="0" total="8388608" percent="0">
    <mem type="eden" free="0" total="6291456" percent="0" />
    <remembered-set count="1984" freebytes="326912" totalbytes="334848" percent="97" regionsoverflowed="0" regionsstable="0" regionsrebuilding="0"/>
  </mem-info>
</gc-start>
<allocation-stats totalBytes="6256792" >
  <allocated-bytes non-tlh="1312912" tlh="4943880" arrayletleaf="0"/>
  <largest-consumer threadName="main" threadId="0000000001E04700" bytes="3015232" />
</allocation-stats>
<gc-op id="21" type="mark" timems="2.535" contextid="18" timestamp="2019-06-17T07:01:02.314">
  <trace-info objectcount="14746" scancount="11865" scanbytes="447544" />
  <cardclean-info objects="1370" bytes="50444" />
  <remembered-set-cleared processed="713" cleared="53" durationms="0.067" />
  <references type="soft" candidates="17" cleared="0" enqueued="0" dynamicThreshold="24" maxThreshold="32" />
  <references type="weak" candidates="45" cleared="29" enqueued="28" />
  <references type="phantom" candidates="2" cleared="0" enqueued="0" />
  <stringconstants candidates="4534" cleared="1"  />
  <warning details="Mark invoked due to insufficient free space for Copy-Forward" />
</gc-op>
<gc-op id="22" type="classunload" timems="0.002" contextid="18" timestamp="2019-06-17T07:01:02.314">
  <classunload-info classloadercandidates="8" classloadersunloaded="0" classesunloaded="0" anonymousclassesunloaded="0" quiescems="0.000" setupms="0.001" scanms="0.000" postms="0.000" />
</gc-op>
<gc-op id="23" type="sweep" timems="0.484" contextid="18" timestamp="2019-06-17T07:01:02.314" />
<gc-op id="24" type="compact" timems="2.025" contextid="18" timestamp="2019-06-17T07:01:02.317">
  <compact-info movecount="14746" movebytes="1470744" />
  <remembered-set-cleared processed="2823" cleared="1485" durationms="0.067" />
</gc-op>
<heap-resize id="25" type="expand" space="default" amount="1048576" count="1" timems="0.063" reason="insufficient free space following gc" timestamp="2019-06-17T07:01:02.317" />
<gc-end id="26" type="partial gc" contextid="18" durationms="7.418" usertimems="4.000" systemtimems="4.000" timestamp="2019-06-17T07:01:02.318" activeThreads="4">
  <mem-info id="27" free="5242880" total="9437184" percent="55">
    <mem type="eden" free="611928" total="2097152" percent="29" />
    <pending-finalizers system="0" default="0" reference="28" classloader="0" />
    <remembered-set count="2880" freebytes="365184" totalbytes="376704" percent="96" regionsoverflowed="0" regionsstable="0" regionsrebuilding="0"/>
  </mem-info>
</gc-end>
<cycle-end id="28" type="partial gc" contextid="18" timestamp="2019-06-17T07:01:02.318" />
  <attribute name="elasticGC enabled" value="1" />
  <attribute name= "numThreadsSpecified" value="4" />
  <attribute name="heapSize specified" value="0" />
  <attribute name="Current GC Util" value="22" />
  <attribute name= "Current Time Running" value="603" />
  <attribute name ="GC Interval" value="0" />
  <attribute name="ProportionalT" value="2.000000" />
  <attribute name="ProportionalI" value="2.000000" />
  <attribute name="ProportionalH" value="2.000000" />
  <attribute name="Current Error" value="2.000000" />
  <attribute name="IntegralT" value="2.000000" />
  <attribute name="IntegralI" value="2.000000" />
  <attribute name="IntegralH" value="2.000000" />
  <attribute name="DerivativeT" value="2.000000" />
  <attribute name="DerivativeI" value="2.000000" />
  <attribute name="DerivativeH" value="2.000000" />
  <attribute name="Loop Time for DT" value="1.000000" />
  <attribute name="Output H" value="8388608"/>
  <attribute name="Output I" value="200"/>
  <attribute name="Output T" value="4"/>
  <attribute name="Target GC Util Change" value ="20.000000" />
  <attribute name="Current GC Util Change" value="22.000000"/>
  <attribute name="GC Util currently" value="22" />
  <attribute name="CPU Util currently" value="5494033252586" />
<exclusive-end id="29" timestamp="2019-06-17T07:01:02.318" durationms="8.587" />

<exclusive-start id="30" timestamp="2019-06-17T07:01:02.350" intervalms="40.391">
  <response-info timems="0.088" idlems="0.088" threads="0" lastid="000000000215D500" lastname="Thread-5" />
</exclusive-start>
<allocation-taxation id="31" taxation-threshold="2097152" timestamp="2019-06-17T07:01:02.350" intervalms="40.295" />
<cycle-start id="32" type="global mark phase" contextid="0" timestamp="2019-06-17T07:01:02.350" intervalms="752.736" />
<gc-start id="33" type="global mark phase" contextid="32" timestamp="2019-06-17T07:01:02.350">
  <mem-info id="34" free="3145728" total="9437184" percent="33">
    <remembered-set count="2400" freebytes="367104" totalbytes="376704" percent="97" regionsoverflowed="0" regionsstable="0" regionsrebuilding="0"/>
  </mem-info>
</gc-start>
<gc-op id="35" type="mark increment" timems="1.057" contextid="32" timestamp="2019-06-17T07:01:02.351">
  <trace-info objectcount="163" scancount="0" scanbytes="0" />
</gc-op>
<gc-end id="36" type="global mark phase" contextid="32" durationms="1.255" usertimems="4.000" systemtimems="0.000" timestamp="2019-06-17T07:01:02.352" activeThreads="4">
  <mem-info id="37" free="3145728" total="9437184" percent="33">
    <remembered-set count="2400" freebytes="367104" totalbytes="376704" percent="97" regionsoverflowed="0" regionsstable="0" regionsrebuilding="0"/>
  </mem-info>
</gc-end>
<concurrent-start id="38" type="GMP work packet processing" contextid="32" timestamp="2019-06-17T07:01:02.352">
  <concurrent-mark-start scanTarget="18446744073709551615" />
</concurrent-start>
<exclusive-end id="39" timestamp="2019-06-17T07:01:02.352" durationms="2.008" />

<concurrent-end id="40" type="GMP work packet processing" contextid="32" timestamp="2019-06-17T07:01:02.354">
  <concurrent-mark-end bytesScanned="1187152" reasonForTermination="Completed all work in GC phase" />
</concurrent-end>

<exclusive-start id="41" timestamp="2019-06-17T07:01:02.361" intervalms="10.981">
  <response-info timems="0.033" idlems="0.033" threads="0" lastid="000000000215D500" lastname="Thread-5" />
</exclusive-start>
<allocation-taxation id="42" taxation-threshold="2097152" timestamp="2019-06-17T07:01:02.361" intervalms="10.947" />
<cycle-start id="43" type="partial gc" contextid="0" timestamp="2019-06-17T07:01:02.361" intervalms="51.184" />
<gc-start id="44" type="partial gc" contextid="43" timestamp="2019-06-17T07:01:02.361">
  <mem-info id="45" free="1048576" total="9437184" percent="11">
    <mem type="eden" free="0" total="4194304" percent="0" />
    <remembered-set count="2400" freebytes="367104" totalbytes="376704" percent="97" regionsoverflowed="0" regionsstable="0" regionsrebuilding="0"/>
  </mem-info>
</gc-start>
<allocation-stats totalBytes="4157224" >
  <allocated-bytes non-tlh="49208" tlh="4108016" arrayletleaf="0"/>
  <largest-consumer threadName="Thread-5" threadId="000000000215D500" bytes="2093128" />
</allocation-stats>
<gc-op id="46" type="copy forward" timems="5.215" contextid="43" timestamp="2019-06-17T07:01:02.368">
  <memory-copied type="eden" objects="23" bytes="128600" bytesdiscarded="0" />
  <memory-copied type="other" objects="14636" bytes="1221360" bytesdiscarded="40" />
  <memory-cardclean objects="130" bytes="9608" />
  <regions eden="4" other="2" />
  <remembered-set-cleared processed="1328" cleared="648" durationms="0.060" />
  <references type="soft" candidates="17" cleared="0" enqueued="0" dynamicThreshold="10" maxThreshold="32" />
  <references type="weak" candidates="16" cleared="0" enqueued="0" />
  <references type="phantom" candidates="2" cleared="0" enqueued="0" />
  <stringconstants candidates="4533" cleared="0"  />
  <heap-resize type="expand" space="default" amount="2097152" count="2" timems="0.123" reason="continue current collection" />
</gc-op>
<gc-op id="47" type="classunload" timems="0.002" contextid="43" timestamp="2019-06-17T07:01:02.368">
  <classunload-info classloadercandidates="8" classloadersunloaded="0" classesunloaded="0" anonymousclassesunloaded="0" quiescems="0.000" setupms="0.002" scanms="0.000" postms="0.000" />
</gc-op>
<gc-op id="48" type="compact" timems="1.295" contextid="43" timestamp="2019-06-17T07:01:02.369">
  <compact-info movecount="0" movebytes="0" />
  <remembered-set-cleared processed="2524" cleared="648" durationms="0.060" />
</gc-op>
<gc-end id="49" type="partial gc" contextid="43" durationms="8.249" usertimems="0.000" systemtimems="4.000" timestamp="2019-06-17T07:01:02.370" activeThreads="4">
  <mem-info id="50" free="6291456" total="11534336" percent="54">
    <mem type="eden" free="919976" total="1048576" percent="87" />
    <remembered-set count="2432" freebytes="450688" totalbytes="460416" percent="97" regionsoverflowed="0" regionsstable="0" regionsrebuilding="0"/>
  </mem-info>
</gc-end>
<cycle-end id="51" type="partial gc" contextid="43" timestamp="2019-06-17T07:01:02.370" />
  <attribute name="elasticGC enabled" value="1" />
  <attribute name= "numThreadsSpecified" value="4" />
  <attribute name="heapSize specified" value="0" />
  <attribute name="Current GC Util" value="0" />
  <attribute name= "Current Time Running" value="656" />
  <attribute name ="GC Interval" value="0" />
  <attribute name="ProportionalT" value="-20.000000" />
  <attribute name="ProportionalI" value="-20.000000" />
  <attribute name="ProportionalH" value="-20.000000" />
  <attribute name="Current Error" value="-20.000000" />
  <attribute name="IntegralT" value="-120.000000" />
  <attribute name="IntegralI" value="-120.000000" />
  <attribute name="IntegralH" value="-120.000000" />
  <attribute name="DerivativeT" value="-9.833333" />
  <attribute name="DerivativeI" value="-9.833333" />
  <attribute name="DerivativeH" value="-9.833333" />
  <attribute name="Loop Time for DT" value="6.000000" />
  <attribute name="Output H" value="2091843584"/>
  <attribute name="Output I" value="200"/>
  <attribute name="Output T" value="4"/>
  <attribute name="Target GC Util Change" value ="20.000000" />
  <attribute name="Current GC Util Change" value="0.000000"/>
  <attribute name="GC Util currently" value="0" />
  <attribute name="CPU Util currently" value="845193207771" />
<exclusive-end id="52" timestamp="2019-06-17T07:01:02.370" durationms="9.241" />

<exclusive-start id="53" timestamp="2019-06-17T07:01:02.403" intervalms="42.475">
  <response-info timems="0.085" idlems="0.085" threads="0" lastid="0000000002161100" lastname="Thread-9" />
</exclusive-start>
<allocation-taxation id="54" taxation-threshold="3145728" timestamp="2019-06-17T07:01:02.403" intervalms="42.540" />
<gc-start id="55" type="global mark phase" contextid="32" timestamp="2019-06-17T07:01:02.404">
  <mem-info id="56" free="3145728" total="11534336" percent="27">
    <remembered-set count="1536" freebytes="454272" totalbytes="460416" percent="98" regionsoverflowed="0" regionsstable="1" regionsrebuilding="0"/>
  </mem-info>
</gc-start>
<gc-op id="57" type="mark increment" timems="2.912" contextid="32" timestamp="2019-06-17T07:01:02.407">
  <trace-info objectcount="20555" scancount="20470" scanbytes="1046644" />
  <cardclean-info objects="719" bytes="31080" />
  <finalization candidates="124" enqueued="0" />
  <ownableSynchronizers candidates="3" cleared="0" />
  <references type="soft" candidates="148" cleared="0" enqueued="0" dynamicThreshold="17" maxThreshold="32" />
  <references type="weak" candidates="769" cleared="0" enqueued="0" />
  <references type="phantom" candidates="65" cleared="2" enqueued="2" />
  <stringconstants candidates="4596" cleared="0"  />
</gc-op>
<gc-op id="58" type="classunload" timems="0.004" contextid="32" timestamp="2019-06-17T07:01:02.407">
  <classunload-info classloadercandidates="8" classloadersunloaded="0" classesunloaded="0" anonymousclassesunloaded="0" quiescems="0.000" setupms="0.004" scanms="0.000" postms="0.000" />
</gc-op>
<gc-end id="59" type="global mark phase" contextid="32" durationms="3.381" usertimems="4.000" systemtimems="0.000" timestamp="2019-06-17T07:01:02.407" activeThreads="4">
  <mem-info id="60" free="3145728" total="11534336" percent="27">
    <pending-finalizers system="0" default="0" reference="2" classloader="0" />
    <remembered-set count="1536" freebytes="454272" totalbytes="460416" percent="98" regionsoverflowed="0" regionsstable="1" regionsrebuilding="0"/>
  </mem-info>
</gc-end>
<cycle-end id="61" type="global mark phase" contextid="32" timestamp="2019-06-17T07:01:02.407" />
  <attribute name="elasticGC enabled" value="1" />
  <attribute name= "numThreadsSpecified" value="4" />
  <attribute name="heapSize specified" value="0" />
  <attribute name="Current GC Util" value="0" />
  <attribute name= "Current Time Running" value="693" />
  <attribute name ="GC Interval" value="0" />
  <attribute name="ProportionalT" value="-20.000000" />
  <attribute name="ProportionalI" value="-20.000000" />
  <attribute name="ProportionalH" value="-20.000000" />
  <attribute name="Current Error" value="-20.000000" />
  <attribute name="IntegralT" value="-20.000000" />
  <attribute name="IntegralI" value="-20.000000" />
  <attribute name="IntegralH" value="-20.000000" />
  <attribute name="DerivativeT" value="-111.000000" />
  <attribute name="DerivativeI" value="-111.000000" />
  <attribute name="DerivativeH" value="-111.000000" />
  <attribute name="Loop Time for DT" value="1.000000" />
  <attribute name="Output H" value="2091843584"/>
  <attribute name="Output I" value="200"/>
  <attribute name="Output T" value="4"/>
  <attribute name="Target GC Util Change" value ="20.000000" />
  <attribute name="Current GC Util Change" value="0.000000"/>
  <attribute name="GC Util currently" value="0" />
  <attribute name="CPU Util currently" value="5230970106707" />
<exclusive-end id="62" timestamp="2019-06-17T07:01:02.407" durationms="4.127" />

<exclusive-start id="63" timestamp="2019-06-17T07:01:02.450" intervalms="46.976">
  <response-info timems="0.044" idlems="0.024" threads="1" lastid="0000000002161100" lastname="Thread-9" />
</exclusive-start>
<allocation-taxation id="64" taxation-threshold="3145728" timestamp="2019-06-17T07:01:02.450" intervalms="46.939" />
<cycle-start id="65" type="partial gc" contextid="0" timestamp="2019-06-17T07:01:02.451" intervalms="89.580" />
<gc-start id="66" type="partial gc" contextid="65" timestamp="2019-06-17T07:01:02.451">
  <mem-info id="67" free="0" total="11534336" percent="0">
    <mem type="eden" free="919976" total="7340032" percent="12" />
    <remembered-set count="1536" freebytes="454272" totalbytes="460416" percent="98" regionsoverflowed="0" regionsstable="1" regionsrebuilding="0"/>
  </mem-info>
</gc-start>
<allocation-stats totalBytes="6284656" >
  <allocated-bytes non-tlh="560424" tlh="5724232" arrayletleaf="0"/>
  <largest-consumer threadName="Thread-8" threadId="0000000002155D00" bytes="1105856" />
</allocation-stats>
<gc-op id="68" type="sweep" timems="0.468" contextid="65" timestamp="2019-06-17T07:01:02.452" />
<gc-op id="69" type="copy forward" timems="2.814" contextid="65" timestamp="2019-06-17T07:01:02.455">
  <memory-copied type="eden" objects="551" bytes="13240" bytesdiscarded="0" />
  <memory-copied type="other" objects="20313" bytes="1363024" bytesdiscarded="24" />
  <memory-cardclean objects="282" bytes="12920" />
  <memory-traced type="eden" objects="381" bytes="9688" />
  <memory-traced type="other" objects="0" bytes="0" />
  <regions eden="3" other="3" evacuated="5" marked="1" />
  <remembered-set-cleared processed="361" cleared="29" durationms="0.051" />
  <stringconstants candidates="4596" cleared="0"  />
  <heap-resize type="expand" space="default" amount="1048576" count="1" timems="0.059" reason="continue current collection" />
</gc-op>
<gc-op id="70" type="classunload" timems="0.003" contextid="65" timestamp="2019-06-17T07:01:02.455">
  <classunload-info classloadercandidates="8" classloadersunloaded="0" classesunloaded="0" anonymousclassesunloaded="0" quiescems="0.000" setupms="0.003" scanms="0.000" postms="0.000" />
</gc-op>
<gc-op id="71" type="compact" timems="1.607" contextid="65" timestamp="2019-06-17T07:01:02.457">
  <compact-info movecount="381" movebytes="9688" />
  <remembered-set-cleared processed="999" cleared="101" durationms="0.055" />
</gc-op>
<heap-resize id="72" type="expand" space="default" amount="3145728" count="1" timems="0.063" reason="excessive time being spent in gc" timestamp="2019-06-17T07:01:02.457" />
<gc-end id="73" type="partial gc" contextid="65" durationms="6.572" usertimems="12.000" systemtimems="0.000" timestamp="2019-06-17T07:01:02.457" activeThreads="4">
  <mem-info id="74" free="8388608" total="15728640" percent="53">
    <mem type="eden" free="1759712" total="3145728" percent="55" />
    <remembered-set count="2784" freebytes="616704" totalbytes="627840" percent="98" regionsoverflowed="0" regionsstable="1" regionsrebuilding="0"/>
  </mem-info>
</gc-end>
<cycle-end id="75" type="partial gc" contextid="65" timestamp="2019-06-17T07:01:02.458" />
  <attribute name="elasticGC enabled" value="1" />
  <attribute name= "numThreadsSpecified" value="4" />
  <attribute name="heapSize specified" value="0" />
  <attribute name="Current GC Util" value="0" />
  <attribute name= "Current Time Running" value="743" />
  <attribute name ="GC Interval" value="0" />
  <attribute name="ProportionalT" value="-20.000000" />
  <attribute name="ProportionalI" value="-20.000000" />
  <attribute name="ProportionalH" value="-20.000000" />
  <attribute name="Current Error" value="-20.000000" />
  <attribute name="IntegralT" value="-60.000000" />
  <attribute name="IntegralI" value="-60.000000" />
  <attribute name="IntegralH" value="-60.000000" />
  <attribute name="DerivativeT" value="-14.000000" />
  <attribute name="DerivativeI" value="-14.000000" />
  <attribute name="DerivativeH" value="-14.000000" />
  <attribute name="Loop Time for DT" value="3.000000" />
  <attribute name="Output H" value="2091843584"/>
  <attribute name="Output I" value="200"/>
  <attribute name="Output T" value="4"/>
  <attribute name="Target GC Util Change" value ="20.000000" />
  <attribute name="Current GC Util Change" value="0.000000"/>
  <attribute name="GC Util currently" value="0" />
  <attribute name="CPU Util currently" value="1431843110481" />
<exclusive-end id="76" timestamp="2019-06-17T07:01:02.458" durationms="7.712" />

<exclusive-start id="77" timestamp="2019-06-17T07:01:02.487" intervalms="36.804">
  <response-info timems="0.250" idlems="0.208" threads="1" lastid="000000000215D500" lastname="Thread-10" />
</exclusive-start>
<allocation-taxation id="78" taxation-threshold="8388608" timestamp="2019-06-17T07:01:02.487" intervalms="36.911" />
<cycle-start id="79" type="partial gc" contextid="0" timestamp="2019-06-17T07:01:02.488" intervalms="36.864" />
<gc-start id="80" type="partial gc" contextid="79" timestamp="2019-06-17T07:01:02.488">
  <mem-info id="81" free="0" total="15728640" percent="0">
    <mem type="eden" free="1038888" total="9437184" percent="11" />
    <remembered-set count="2336" freebytes="618496" totalbytes="627840" percent="98" regionsoverflowed="0" regionsstable="1" regionsrebuilding="0"/>
  </mem-info>
</gc-start>
<allocation-stats totalBytes="8386952" >
  <allocated-bytes non-tlh="0" tlh="8386952" arrayletleaf="0"/>
  <largest-consumer threadName="Thread-10" threadId="000000000215D500" bytes="2530792" />
</allocation-stats>
<gc-op id="82" type="mark" timems="1.752" contextid="79" timestamp="2019-06-17T07:01:02.490">
  <trace-info objectcount="23673" scancount="23588" scanbytes="1121044" />
  <cardclean-info objects="39" bytes="2620" />
  <remembered-set-cleared processed="464" cleared="117" durationms="0.080" />
  <stringconstants candidates="4596" cleared="0"  />
  <warning details="Mark invoked due to insufficient free space for Copy-Forward" />
</gc-op>
<gc-op id="83" type="classunload" timems="0.002" contextid="79" timestamp="2019-06-17T07:01:02.490">
  <classunload-info classloadercandidates="8" classloadersunloaded="0" classesunloaded="0" anonymousclassesunloaded="0" quiescems="0.000" setupms="0.002" scanms="0.000" postms="0.000" />
</gc-op>
<gc-op id="84" type="sweep" timems="0.574" contextid="79" timestamp="2019-06-17T07:01:02.491" />
<gc-op id="85" type="compact" timems="2.661" contextid="79" timestamp="2019-06-17T07:01:02.494">
  <compact-info movecount="23396" movebytes="1437968" />
  <remembered-set-cleared processed="1060" cleared="366" durationms="0.080" />
</gc-op>
<heap-resize id="86" type="expand" space="default" amount="3145728" count="1" timems="0.075" reason="excessive time being spent in gc" timestamp="2019-06-17T07:01:02.494" />
<gc-end id="87" type="partial gc" contextid="79" durationms="6.713" usertimems="8.000" systemtimems="0.000" timestamp="2019-06-17T07:01:02.495" activeThreads="4">
  <mem-info id="88" free="11534336" total="18874368" percent="61">
    <mem type="eden" free="987232" total="2097152" percent="47" />
    <remembered-set count="2560" freebytes="743168" totalbytes="753408" percent="98" regionsoverflowed="0" regionsstable="1" regionsrebuilding="0"/>
  </mem-info>
</gc-end>
<cycle-end id="89" type="partial gc" contextid="79" timestamp="2019-06-17T07:01:02.495" />
  <attribute name="elasticGC enabled" value="1" />
  <attribute name= "numThreadsSpecified" value="4" />
  <attribute name="heapSize specified" value="0" />
  <attribute name="Current GC Util" value="21" />
  <attribute name= "Current Time Running" value="779" />
  <attribute name ="GC Interval" value="0" />
  <attribute name="ProportionalT" value="1.000000" />
  <attribute name="ProportionalI" value="1.000000" />
  <attribute name="ProportionalH" value="1.000000" />
  <attribute name="Current Error" value="1.000000" />
  <attribute name="IntegralT" value="1.000000" />
  <attribute name="IntegralI" value="1.000000" />
  <attribute name="IntegralH" value="1.000000" />
  <attribute name="DerivativeT" value="-50.000000" />
  <attribute name="DerivativeI" value="-50.000000" />
  <attribute name="DerivativeH" value="-50.000000" />
  <attribute name="Loop Time for DT" value="1.000000" />
  <attribute name="Output H" value="2091843584"/>
  <attribute name="Output I" value="200"/>
  <attribute name="Output T" value="4"/>
  <attribute name="Target GC Util Change" value ="20.000000" />
  <attribute name="Current GC Util Change" value="21.000000"/>
  <attribute name="GC Util currently" value="21" />
  <attribute name="CPU Util currently" value="5435962800723" />
<exclusive-end id="90" timestamp="2019-06-17T07:01:02.495" durationms="8.025" />

<exclusive-start id="91" timestamp="2019-06-17T07:01:02.510" intervalms="22.860">
  <response-info timems="0.031" idlems="0.031" threads="0" lastid="0000000002159900" lastname="Thread-7" />
</exclusive-start>
<allocation-taxation id="92" taxation-threshold="11534336" timestamp="2019-06-17T07:01:02.510" intervalms="22.824" />
<cycle-start id="93" type="partial gc" contextid="0" timestamp="2019-06-17T07:01:02.510" intervalms="22.798" />
<gc-start id="94" type="partial gc" contextid="93" timestamp="2019-06-17T07:01:02.511">
  <mem-info id="95" free="0" total="18874368" percent="0">
    <mem type="eden" free="0" total="11534336" percent="0" />
    <remembered-set count="2240" freebytes="744448" totalbytes="753408" percent="98" regionsoverflowed="0" regionsstable="1" regionsrebuilding="0"/>
  </mem-info>
</gc-start>
<allocation-stats totalBytes="11532688" >
  <allocated-bytes non-tlh="0" tlh="11532688" arrayletleaf="0"/>
  <largest-consumer threadName="Thread-10" threadId="000000000215D500" bytes="3538456" />
</allocation-stats>
<gc-op id="96" type="mark" timems="1.036" contextid="93" timestamp="2019-06-17T07:01:02.512">
  <trace-info objectcount="5723" scancount="5723" scanbytes="138792" />
  <cardclean-info objects="7340" bytes="356848" />
  <remembered-set-cleared processed="665" cleared="212" durationms="0.064" />
  <stringconstants candidates="4596" cleared="0"  />
  <warning details="Mark invoked due to insufficient free space for Copy-Forward" />
</gc-op>
<gc-op id="97" type="classunload" timems="0.002" contextid="93" timestamp="2019-06-17T07:01:02.512">
  <classunload-info classloadercandidates="8" classloadersunloaded="0" classesunloaded="0" anonymousclassesunloaded="0" quiescems="0.000" setupms="0.002" scanms="0.000" postms="0.000" />
</gc-op>
<gc-op id="98" type="sweep" timems="0.449" contextid="93" timestamp="2019-06-17T07:01:02.513" />
<gc-op id="99" type="compact" timems="1.647" contextid="93" timestamp="2019-06-17T07:01:02.515">
  <compact-info movecount="4931" movebytes="119784" />
  <remembered-set-cleared processed="1448" cleared="537" durationms="0.064" />
</gc-op>
<heap-resize id="100" type="expand" space="default" amount="2097152" count="1" timems="0.058" reason="excessive time being spent in gc" timestamp="2019-06-17T07:01:02.515" />
<gc-end id="101" type="partial gc" contextid="93" durationms="4.676" usertimems="4.000" systemtimems="0.000" timestamp="2019-06-17T07:01:02.515" activeThreads="4">
  <mem-info id="102" free="12582912" total="20971520" percent="60">
    <mem type="eden" free="966424" total="1048576" percent="92" />
    <remembered-set count="2752" freebytes="826112" totalbytes="837120" percent="98" regionsoverflowed="0" regionsstable="1" regionsrebuilding="0"/>
  </mem-info>
</gc-end>
<cycle-end id="103" type="partial gc" contextid="93" timestamp="2019-06-17T07:01:02.515" />
  <attribute name="elasticGC enabled" value="1" />
  <attribute name= "numThreadsSpecified" value="4" />
  <attribute name="heapSize specified" value="0" />
  <attribute name="Current GC Util" value="23" />
  <attribute name= "Current Time Running" value="801" />
  <attribute name ="GC Interval" value="0" />
  <attribute name="ProportionalT" value="3.000000" />
  <attribute name="ProportionalI" value="3.000000" />
  <attribute name="ProportionalH" value="3.000000" />
  <attribute name="Current Error" value="3.000000" />
  <attribute name="IntegralT" value="3.000000" />
  <attribute name="IntegralI" value="3.000000" />
  <attribute name="IntegralH" value="3.000000" />
  <attribute name="DerivativeT" value="3.000000" />
  <attribute name="DerivativeI" value="3.000000" />
  <attribute name="DerivativeH" value="3.000000" />
  <attribute name="Loop Time for DT" value="1.000000" />
  <attribute name="Output H" value="8388608"/>
  <attribute name="Output I" value="200"/>
  <attribute name="Output T" value="4"/>
  <attribute name="Target GC Util Change" value ="20.000000" />
  <attribute name="Current GC Util Change" value="23.000000"/>
  <attribute name="GC Util currently" value="23" />
  <attribute name="CPU Util currently" value="7049104078019" />
<exclusive-end id="104" timestamp="2019-06-17T07:01:02.516" durationms="5.799" />

<exclusive-start id="105" timestamp="2019-06-17T07:01:02.528" intervalms="17.660">
  <response-info timems="0.036" idlems="0.036" threads="0" lastid="000000000215D500" lastname="Thread-10" />
</exclusive-start>
<allocation-taxation id="106" taxation-threshold="11534336" timestamp="2019-06-17T07:01:02.528" intervalms="17.606" />
<cycle-start id="107" type="partial gc" contextid="0" timestamp="2019-06-17T07:01:02.528" intervalms="17.561" />
<gc-start id="108" type="partial gc" contextid="107" timestamp="2019-06-17T07:01:02.528">
  <mem-info id="109" free="1048576" total="20971520" percent="5">
    <mem type="eden" free="0" total="11534336" percent="0" />
    <remembered-set count="2592" freebytes="826752" totalbytes="837120" percent="98" regionsoverflowed="0" regionsstable="1" regionsrebuilding="0"/>
  </mem-info>
</gc-start>
<allocation-stats totalBytes="11532824" >
  <allocated-bytes non-tlh="0" tlh="11532824" arrayletleaf="0"/>
  <largest-consumer threadName="Thread-10" threadId="000000000215D500" bytes="3350192" />
</allocation-stats>
<gc-op id="110" type="copy forward" timems="1.373" contextid="107" timestamp="2019-06-17T07:01:02.530">
  <memory-copied type="eden" objects="2463" bytes="59944" bytesdiscarded="0" />
  <memory-copied type="other" objects="3075" bytes="73800" bytesdiscarded="0" />
  <memory-cardclean objects="7914" bytes="385024" />
  <regions eden="11" other="1" />
  <remembered-set-cleared processed="1240" cleared="475" durationms="0.066" />
  <stringconstants candidates="4596" cleared="0"  />
  <heap-resize type="expand" space="default" amount="1048576" count="1" timems="0.050" reason="continue current collection" />
</gc-op>
<gc-op id="111" type="classunload" timems="0.001" contextid="107" timestamp="2019-06-17T07:01:02.530">
  <classunload-info classloadercandidates="8" classloadersunloaded="0" classesunloaded="0" anonymousclassesunloaded="0" quiescems="0.000" setupms="0.001" scanms="0.000" postms="0.000" />
</gc-op>
<heap-resize id="112" type="expand" space="default" amount="2097152" count="1" timems="0.056" reason="excessive time being spent in gc" timestamp="2019-06-17T07:01:02.530" />
<gc-end id="113" type="partial gc" contextid="107" durationms="2.550" usertimems="4.000" systemtimems="0.000" timestamp="2019-06-17T07:01:02.531" activeThreads="1">
  <mem-info id="114" free="14680064" total="24117248" percent="60">
    <mem type="eden" free="988632" total="1048576" percent="94" />
    <remembered-set count="3616" freebytes="948224" totalbytes="962688" percent="98" regionsoverflowed="0" regionsstable="1" regionsrebuilding="0"/>
  </mem-info>
</gc-end>
<cycle-end id="115" type="partial gc" contextid="107" timestamp="2019-06-17T07:01:02.531" />
  <attribute name="elasticGC enabled" value="1" />
  <attribute name= "numThreadsSpecified" value="1" />
  <attribute name="heapSize specified" value="0" />
  <attribute name="Current GC Util" value="44" />
  <attribute name= "Current Time Running" value="816" />
  <attribute name ="GC Interval" value="0" />
  <attribute name="ProportionalT" value="24.000000" />
  <attribute name="ProportionalI" value="24.000000" />
  <attribute name="ProportionalH" value="24.000000" />
  <attribute name="Current Error" value="24.000000" />
  <attribute name="IntegralT" value="0.000000" />
  <attribute name="IntegralI" value="0.000000" />
  <attribute name="IntegralH" value="0.000000" />
  <attribute name="DerivativeT" value="inf" />
  <attribute name="DerivativeI" value="inf" />
  <attribute name="DerivativeH" value="inf" />
  <attribute name="Loop Time for DT" value="0.000000" />
  <attribute name="Output H" value="8388608"/>
  <attribute name="Output I" value="200"/>
  <attribute name="Output T" value="1"/>
  <attribute name="Target GC Util Change" value ="20.000000" />
  <attribute name="Current GC Util Change" value="44.000000"/>
  <attribute name="GC Util currently" value="44" />
  <attribute name="CPU Util currently" value="20031039005485" />
<exclusive-end id="116" timestamp="2019-06-17T07:01:02.531" durationms="3.519" />

<exclusive-start id="117" timestamp="2019-06-17T07:01:02.552" intervalms="24.291">
  <response-info timems="0.081" idlems="0.081" threads="0" lastid="000000000215D500" lastname="Thread-10" />
</exclusive-start>
<allocation-taxation id="118" taxation-threshold="12582912" timestamp="2019-06-17T07:01:02.552" intervalms="24.367" />
<cycle-start id="119" type="partial gc" contextid="0" timestamp="2019-06-17T07:01:02.552" intervalms="24.345" />
<gc-start id="120" type="partial gc" contextid="119" timestamp="2019-06-17T07:01:02.552">
  <mem-info id="121" free="2097152" total="24117248" percent="8">
    <mem type="eden" free="0" total="12582912" percent="0" />
    <remembered-set count="3232" freebytes="949760" totalbytes="962688" percent="98" regionsoverflowed="0" regionsstable="1" regionsrebuilding="0"/>
  </mem-info>
</gc-start>
<allocation-stats totalBytes="12581424" >
  <allocated-bytes non-tlh="256" tlh="12581168" arrayletleaf="0"/>
  <largest-consumer threadName="Thread-10" threadId="000000000215D500" bytes="5832072" />
</allocation-stats>
<gc-op id="122" type="copy forward" timems="1.405" contextid="119" timestamp="2019-06-17T07:01:02.555">
  <memory-copied type="eden" objects="2273" bytes="61920" bytesdiscarded="0" />
  <memory-copied type="other" objects="2313" bytes="55512" bytesdiscarded="0" />
  <memory-cardclean objects="5821" bytes="287960" />
  <regions eden="12" other="1" />
  <remembered-set-cleared processed="1893" cleared="617" durationms="0.076" />
  <stringconstants candidates="4597" cleared="0"  />
</gc-op>
<gc-op id="123" type="classunload" timems="0.002" contextid="119" timestamp="2019-06-17T07:01:02.555">
  <classunload-info classloadercandidates="8" classloadersunloaded="0" classesunloaded="0" anonymousclassesunloaded="0" quiescems="0.000" setupms="0.002" scanms="0.000" postms="0.000" />
</gc-op>
<heap-resize id="124" type="expand" space="default" amount="2097152" count="1" timems="0.058" reason="excessive time being spent in gc" timestamp="2019-06-17T07:01:02.555" />
<gc-end id="125" type="partial gc" contextid="119" durationms="2.639" usertimems="0.000" systemtimems="4.000" timestamp="2019-06-17T07:01:02.555" activeThreads="1">
  <mem-info id="126" free="15728640" total="26214400" percent="60">
    <mem type="eden" free="986656" total="1048576" percent="94" />
    <remembered-set count="3616" freebytes="1031936" totalbytes="1046400" percent="98" regionsoverflowed="0" regionsstable="1" regionsrebuilding="0"/>
  </mem-info>
</gc-end>
<cycle-end id="127" type="partial gc" contextid="119" timestamp="2019-06-17T07:01:02.555" />
  <attribute name="elasticGC enabled" value="1" />
  <attribute name= "numThreadsSpecified" value="1" />
  <attribute name="heapSize specified" value="0" />
  <attribute name="Current GC Util" value="38" />
  <attribute name= "Current Time Running" value="841" />
  <attribute name ="GC Interval" value="0" />
  <attribute name="ProportionalT" value="18.000000" />
  <attribute name="ProportionalI" value="18.000000" />
  <attribute name="ProportionalH" value="18.000000" />
  <attribute name="Current Error" value="18.000000" />
  <attribute name="IntegralT" value="0.000000" />
  <attribute name="IntegralI" value="0.000000" />
  <attribute name="IntegralH" value="0.000000" />
  <attribute name="DerivativeT" value="inf" />
  <attribute name="DerivativeI" value="inf" />
  <attribute name="DerivativeH" value="inf" />
  <attribute name="Loop Time for DT" value="0.000000" />
  <attribute name="Output H" value="8388608"/>
  <attribute name="Output I" value="200"/>
  <attribute name="Output T" value="1"/>
  <attribute name="Target GC Util Change" value ="20.000000" />
  <attribute name="Current GC Util Change" value="38.000000"/>
  <attribute name="GC Util currently" value="38" />
  <attribute name="CPU Util currently" value="16682774250124" />
<exclusive-end id="128" timestamp="2019-06-17T07:01:02.556" durationms="3.664" />

<exclusive-start id="129" timestamp="2019-06-17T07:01:02.575" intervalms="23.226">
  <response-info timems="0.032" idlems="0.032" threads="0" lastid="0000000002161100" lastname="Thread-9" />
</exclusive-start>
<allocation-taxation id="130" taxation-threshold="13631488" timestamp="2019-06-17T07:01:02.575" intervalms="23.173" />
<cycle-start id="131" type="partial gc" contextid="0" timestamp="2019-06-17T07:01:02.575" intervalms="23.120" />
<gc-start id="132" type="partial gc" contextid="131" timestamp="2019-06-17T07:01:02.575">
  <mem-info id="133" free="2097152" total="26214400" percent="8">
    <mem type="eden" free="0" total="13631488" percent="0" />
    <remembered-set count="3584" freebytes="1032064" totalbytes="1046400" percent="98" regionsoverflowed="0" regionsstable="1" regionsrebuilding="0"/>
  </mem-info>
</gc-start>
<allocation-stats totalBytes="13629584" >
  <allocated-bytes non-tlh="0" tlh="13629584" arrayletleaf="0"/>
  <largest-consumer threadName="Thread-10" threadId="000000000215D500" bytes="5311784" />
</allocation-stats>
<gc-op id="134" type="copy forward" timems="1.283" contextid="131" timestamp="2019-06-17T07:01:02.577">
  <memory-copied type="eden" objects="1628" bytes="54752" bytesdiscarded="0" />
  <memory-copied type="other" objects="2130" bytes="57696" bytesdiscarded="0" />
  <memory-cardclean objects="5147" bytes="255304" />
  <regions eden="13" other="1" />
  <remembered-set-cleared processed="2446" cleared="609" durationms="0.080" />
  <stringconstants candidates="4597" cleared="0"  />
</gc-op>
<gc-op id="135" type="classunload" timems="0.002" contextid="131" timestamp="2019-06-17T07:01:02.577">
  <classunload-info classloadercandidates="8" classloadersunloaded="0" classesunloaded="0" anonymousclassesunloaded="0" quiescems="0.000" setupms="0.001" scanms="0.000" postms="0.000" />
</gc-op>
<heap-resize id="136" type="expand" space="default" amount="3145728" count="1" timems="0.065" reason="excessive time being spent in gc" timestamp="2019-06-17T07:01:02.578" />
<gc-end id="137" type="partial gc" contextid="131" durationms="2.321" usertimems="0.000" systemtimems="0.000" timestamp="2019-06-17T07:01:02.578" activeThreads="1">
  <mem-info id="138" free="17825792" total="29360128" percent="60">
    <mem type="eden" free="993824" total="1048576" percent="94" />
    <remembered-set count="4192" freebytes="1155200" totalbytes="1171968" percent="98" regionsoverflowed="0" regionsstable="1" regionsrebuilding="0"/>
  </mem-info>
</gc-end>
<cycle-end id="139" type="partial gc" contextid="131" timestamp="2019-06-17T07:01:02.578" />
  <attribute name="elasticGC enabled" value="1" />
  <attribute name= "numThreadsSpecified" value="1" />
  <attribute name="heapSize specified" value="0" />
  <attribute name="Current GC Util" value="45" />
  <attribute name= "Current Time Running" value="864" />
  <attribute name ="GC Interval" value="0" />
  <attribute name="ProportionalT" value="25.000000" />
  <attribute name="ProportionalI" value="25.000000" />
  <attribute name="ProportionalH" value="25.000000" />
  <attribute name="Current Error" value="25.000000" />
  <attribute name="IntegralT" value="0.000000" />
  <attribute name="IntegralI" value="0.000000" />
  <attribute name="IntegralH" value="0.000000" />
  <attribute name="DerivativeT" value="inf" />
  <attribute name="DerivativeI" value="inf" />
  <attribute name="DerivativeH" value="inf" />
  <attribute name="Loop Time for DT" value="0.000000" />
  <attribute name="Output H" value="8388608"/>
  <attribute name="Output I" value="200"/>
  <attribute name="Output T" value="1"/>
  <attribute name="Target GC Util Change" value ="20.000000" />
  <attribute name="Current GC Util Change" value="45.000000"/>
  <attribute name="GC Util currently" value="45" />
  <attribute name="CPU Util currently" value="18894002904753" />
<exclusive-end id="140" timestamp="2019-06-17T07:01:02.578" durationms="3.079" />

<exclusive-start id="141" timestamp="2019-06-17T07:01:02.599" intervalms="24.037">
  <response-info timems="0.044" idlems="0.044" threads="0" lastid="0000000002159900" lastname="Thread-7" />
</exclusive-start>
<allocation-taxation id="142" taxation-threshold="13631488" timestamp="2019-06-17T07:01:02.599" intervalms="24.002" />
<cycle-start id="143" type="partial gc" contextid="0" timestamp="2019-06-17T07:01:02.599" intervalms="24.054" />
<gc-start id="144" type="partial gc" contextid="143" timestamp="2019-06-17T07:01:02.600">
  <mem-info id="145" free="4194304" total="29360128" percent="14">
    <mem type="eden" free="0" total="13631488" percent="0" />
    <remembered-set count="4032" freebytes="1155840" totalbytes="1171968" percent="98" regionsoverflowed="0" regionsstable="1" regionsrebuilding="0"/>
  </mem-info>
</gc-start>
<allocation-stats totalBytes="13629680" >
  <allocated-bytes non-tlh="0" tlh="13629680" arrayletleaf="0"/>
  <largest-consumer threadName="Thread-7" threadId="0000000002159900" bytes="4369776" />
</allocation-stats>
<gc-op id="146" type="copy forward" timems="1.366" contextid="143" timestamp="2019-06-17T07:01:02.602">
  <memory-copied type="eden" objects="6196" bytes="287136" bytesdiscarded="0" />
  <memory-copied type="other" objects="1473" bytes="50248" bytesdiscarded="0" />
  <memory-cardclean objects="4081" bytes="201096" />
  <regions eden="13" other="1" />
  <remembered-set-cleared processed="2840" cleared="471" durationms="0.083" />
  <stringconstants candidates="4597" cleared="0"  />
</gc-op>
<gc-op id="147" type="classunload" timems="0.003" contextid="143" timestamp="2019-06-17T07:01:02.602">
  <classunload-info classloadercandidates="8" classloadersunloaded="0" classesunloaded="0" anonymousclassesunloaded="0" quiescems="0.000" setupms="0.002" scanms="0.000" postms="0.000" />
</gc-op>
<heap-resize id="148" type="expand" space="default" amount="2097152" count="1" timems="0.060" reason="excessive time being spent in gc" timestamp="2019-06-17T07:01:02.602" />
<gc-end id="149" type="partial gc" contextid="143" durationms="2.599" usertimems="0.000" systemtimems="4.000" timestamp="2019-06-17T07:01:02.602" activeThreads="1">
  <mem-info id="150" free="18874368" total="31457280" percent="60">
    <mem type="eden" free="761440" total="1048576" percent="72" />
    <remembered-set count="4736" freebytes="1236736" totalbytes="1255680" percent="98" regionsoverflowed="0" regionsstable="1" regionsrebuilding="0"/>
  </mem-info>
</gc-end>
<cycle-end id="151" type="partial gc" contextid="143" timestamp="2019-06-17T07:01:02.602" />
  <attribute name="elasticGC enabled" value="1" />
  <attribute name= "numThreadsSpecified" value="1" />
  <attribute name="heapSize specified" value="0" />
  <attribute name="Current GC Util" value="43" />
  <attribute name= "Current Time Running" value="888" />
  <attribute name ="GC Interval" value="0" />
  <attribute name="ProportionalT" value="23.000000" />
  <attribute name="ProportionalI" value="23.000000" />
  <attribute name="ProportionalH" value="23.000000" />
  <attribute name="Current Error" value="23.000000" />
  <attribute name="IntegralT" value="0.000000" />
  <attribute name="IntegralI" value="0.000000" />
  <attribute name="IntegralH" value="0.000000" />
  <attribute name="DerivativeT" value="inf" />
  <attribute name="DerivativeI" value="inf" />
  <attribute name="DerivativeH" value="inf" />
  <attribute name="Loop Time for DT" value="0.000000" />
  <attribute name="Output H" value="8388608"/>
  <attribute name="Output I" value="200"/>
  <attribute name="Output T" value="1"/>
  <attribute name="Target GC Util Change" value ="20.000000" />
  <attribute name="Current GC Util Change" value="43.000000"/>
  <attribute name="GC Util currently" value="43" />
  <attribute name="CPU Util currently" value="15341144200406" />
<exclusive-end id="152" timestamp="2019-06-17T07:01:02.603" durationms="3.517" />

<exclusive-start id="153" timestamp="2019-06-17T07:01:02.620" intervalms="21.121">
  <response-info timems="0.033" idlems="0.033" threads="0" lastid="000000000215D500" lastname="Thread-10" />
</exclusive-start>
<allocation-taxation id="154" taxation-threshold="14680064" timestamp="2019-06-17T07:01:02.620" intervalms="21.138" />
<cycle-start id="155" type="partial gc" contextid="0" timestamp="2019-06-17T07:01:02.621" intervalms="21.224" />
<gc-start id="156" type="partial gc" contextid="155" timestamp="2019-06-17T07:01:02.621">
  <mem-info id="157" free="4194304" total="31457280" percent="13">
    <mem type="eden" free="0" total="14680064" percent="0" />
    <remembered-set count="4384" freebytes="1238144" totalbytes="1255680" percent="98" regionsoverflowed="0" regionsstable="1" regionsrebuilding="0"/>
  </mem-info>
</gc-start>
<allocation-stats totalBytes="14678032" >
  <allocated-bytes non-tlh="0" tlh="14678032" arrayletleaf="0"/>
  <largest-consumer threadName="Thread-7" threadId="0000000002159900" bytes="5098784" />
</allocation-stats>
<gc-op id="158" type="copy forward" timems="1.790" contextid="155" timestamp="2019-06-17T07:01:02.623">
  <memory-copied type="eden" objects="1824" bytes="44832" bytesdiscarded="0" />
  <memory-copied type="other" objects="9457" bytes="454816" bytesdiscarded="0" />
  <memory-cardclean objects="4928" bytes="205328" />
  <regions eden="14" other="2" />
  <remembered-set-cleared processed="3223" cleared="548" durationms="0.086" />
  <references type="soft" candidates="2" cleared="0" enqueued="0" dynamicThreshold="19" maxThreshold="32" />
  <references type="weak" candidates="3" cleared="0" enqueued="0" />
  <stringconstants candidates="4597" cleared="0"  />
</gc-op>
<gc-op id="159" type="classunload" timems="0.003" contextid="155" timestamp="2019-06-17T07:01:02.624">
  <classunload-info classloadercandidates="8" classloadersunloaded="0" classesunloaded="0" anonymousclassesunloaded="0" quiescems="0.000" setupms="0.002" scanms="0.000" postms="0.000" />
</gc-op>
<heap-resize id="160" type="expand" space="default" amount="3145728" count="1" timems="0.066" reason="excessive time being spent in gc" timestamp="2019-06-17T07:01:02.624" />
<gc-end id="161" type="partial gc" contextid="155" durationms="3.124" usertimems="4.000" systemtimems="0.000" timestamp="2019-06-17T07:01:02.624" activeThreads="1">
  <mem-info id="162" free="20971520" total="34603008" percent="60">
    <mem type="eden" free="1003744" total="1048576" percent="95" />
    <remembered-set count="5056" freebytes="1361024" totalbytes="1381248" percent="98" regionsoverflowed="0" regionsstable="1" regionsrebuilding="0"/>
  </mem-info>
</gc-end>
<cycle-end id="163" type="partial gc" contextid="155" timestamp="2019-06-17T07:01:02.624" />
  <attribute name="elasticGC enabled" value="1" />
  <attribute name= "numThreadsSpecified" value="1" />
  <attribute name="heapSize specified" value="0" />
  <attribute name="Current GC Util" value="41" />
  <attribute name= "Current Time Running" value="909" />
  <attribute name ="GC Interval" value="0" />
  <attribute name="ProportionalT" value="21.000000" />
  <attribute name="ProportionalI" value="21.000000" />
  <attribute name="ProportionalH" value="21.000000" />
  <attribute name="Current Error" value="21.000000" />
  <attribute name="IntegralT" value="0.000000" />
  <attribute name="IntegralI" value="0.000000" />
  <attribute name="IntegralH" value="0.000000" />
  <attribute name="DerivativeT" value="inf" />
  <attribute name="DerivativeI" value="inf" />
  <attribute name="DerivativeH" value="inf" />
  <attribute name="Loop Time for DT" value="0.000000" />
  <attribute name="Output H" value="8388608"/>
  <attribute name="Output I" value="200"/>
  <attribute name="Output T" value="1"/>
  <attribute name="Target GC Util Change" value ="20.000000" />
  <attribute name="Current GC Util Change" value="41.000000"/>
  <attribute name="GC Util currently" value="41" />
  <attribute name="CPU Util currently" value="15414007302696" />
<exclusive-end id="164" timestamp="2019-06-17T07:01:02.624" durationms="4.201" />

<exclusive-start id="165" timestamp="2019-06-17T07:01:02.636" intervalms="15.450">
  <response-info timems="0.034" idlems="0.034" threads="0" lastid="0000000002161100" lastname="Thread-9" />
</exclusive-start>
<allocation-taxation id="166" taxation-threshold="15728640" timestamp="2019-06-17T07:01:02.636" intervalms="15.385" />
<cycle-start id="167" type="partial gc" contextid="0" timestamp="2019-06-17T07:01:02.636" intervalms="15.281" />
<gc-start id="168" type="partial gc" contextid="167" timestamp="2019-06-17T07:01:02.636">
  <mem-info id="169" free="5242880" total="34603008" percent="15">
    <mem type="eden" free="0" total="15728640" percent="0" />
    <remembered-set count="4896" freebytes="1361664" totalbytes="1381248" percent="98" regionsoverflowed="0" regionsstable="1" regionsrebuilding="0"/>
  </mem-info>
</gc-start>
<allocation-stats totalBytes="15726424" >
  <allocated-bytes non-tlh="0" tlh="15726424" arrayletleaf="0"/>
  <largest-consumer threadName="Thread-9" threadId="0000000002161100" bytes="4578624" />
</allocation-stats>
<gc-op id="170" type="copy forward" timems="1.185" contextid="167" timestamp="2019-06-17T07:01:02.638">
  <memory-copied type="eden" objects="2218" bytes="54528" bytesdiscarded="0" />
  <memory-copied type="other" objects="1627" bytes="39048" bytesdiscarded="0" />
  <memory-cardclean objects="5990" bytes="311728" />
  <regions eden="15" other="1" />
  <remembered-set-cleared processed="3601" cleared="533" durationms="0.093" />
  <stringconstants candidates="4597" cleared="0"  />
</gc-op>
<gc-op id="171" type="classunload" timems="0.002" contextid="167" timestamp="2019-06-17T07:01:02.638">
  <classunload-info classloadercandidates="8" classloadersunloaded="0" classesunloaded="0" anonymousclassesunloaded="0" quiescems="0.000" setupms="0.002" scanms="0.000" postms="0.000" />
</gc-op>
<heap-resize id="172" type="expand" space="default" amount="2097152" count="1" timems="0.057" reason="excessive time being spent in gc" timestamp="2019-06-17T07:01:02.638" />
<gc-end id="173" type="partial gc" contextid="167" durationms="2.168" usertimems="4.000" systemtimems="0.000" timestamp="2019-06-17T07:01:02.638" activeThreads="1">
  <mem-info id="174" free="22020096" total="36700160" percent="60">
    <mem type="eden" free="994048" total="1048576" percent="94" />
    <remembered-set count="5472" freebytes="1443072" totalbytes="1464960" percent="98" regionsoverflowed="0" regionsstable="1" regionsrebuilding="0"/>
  </mem-info>
</gc-end>
<cycle-end id="175" type="partial gc" contextid="167" timestamp="2019-06-17T07:01:02.638" />
  <attribute name="elasticGC enabled" value="1" />
  <attribute name= "numThreadsSpecified" value="1" />
  <attribute name="heapSize specified" value="0" />
  <attribute name="Current GC Util" value="45" />
  <attribute name= "Current Time Running" value="924" />
  <attribute name ="GC Interval" value="0" />
  <attribute name="ProportionalT" value="25.000000" />
  <attribute name="ProportionalI" value="25.000000" />
  <attribute name="ProportionalH" value="25.000000" />
  <attribute name="Current Error" value="25.000000" />
  <attribute name="IntegralT" value="0.000000" />
  <attribute name="IntegralI" value="0.000000" />
  <attribute name="IntegralH" value="0.000000" />
  <attribute name="DerivativeT" value="inf" />
  <attribute name="DerivativeI" value="inf" />
  <attribute name="DerivativeH" value="inf" />
  <attribute name="Loop Time for DT" value="0.000000" />
  <attribute name="Output H" value="8388608"/>
  <attribute name="Output I" value="200"/>
  <attribute name="Output T" value="1"/>
  <attribute name="Target GC Util Change" value ="20.000000" />
  <attribute name="Current GC Util Change" value="45.000000"/>
  <attribute name="GC Util currently" value="45" />
  <attribute name="CPU Util currently" value="20574014913200" />
<exclusive-end id="176" timestamp="2019-06-17T07:01:02.639" durationms="2.827" />

<exclusive-start id="177" timestamp="2019-06-17T07:01:02.652" intervalms="15.942">
  <response-info timems="0.029" idlems="0.029" threads="0" lastid="000000000215D500" lastname="Thread-10" />
</exclusive-start>
<allocation-taxation id="178" taxation-threshold="15728640" timestamp="2019-06-17T07:01:02.652" intervalms="16.060" />
<cycle-start id="179" type="partial gc" contextid="0" timestamp="2019-06-17T07:01:02.652" intervalms="16.086" />
<gc-start id="180" type="partial gc" contextid="179" timestamp="2019-06-17T07:01:02.652">
  <mem-info id="181" free="6291456" total="36700160" percent="17">
    <mem type="eden" free="0" total="15728640" percent="0" />
    <remembered-set count="5440" freebytes="1443200" totalbytes="1464960" percent="98" regionsoverflowed="0" regionsstable="1" regionsrebuilding="0"/>
  </mem-info>
</gc-start>
<allocation-stats totalBytes="15726712" >
  <allocated-bytes non-tlh="0" tlh="15726712" arrayletleaf="0"/>
  <largest-consumer threadName="Thread-9" threadId="0000000002161100" bytes="5672360" />
</allocation-stats>
<gc-op id="182" type="copy forward" timems="1.675" contextid="179" timestamp="2019-06-17T07:01:02.654">
  <memory-copied type="eden" objects="2582" bytes="62528" bytesdiscarded="2632" />
  <memory-copied type="other" objects="1976" bytes="47424" bytesdiscarded="928" />
  <memory-cardclean objects="7215" bytes="351448" />
  <regions eden="15" other="1" />
  <remembered-set-cleared processed="4099" cleared="624" durationms="0.083" />
  <stringconstants candidates="4597" cleared="0"  />
</gc-op>
<gc-op id="183" type="classunload" timems="0.003" contextid="179" timestamp="2019-06-17T07:01:02.655">
  <classunload-info classloadercandidates="8" classloadersunloaded="0" classesunloaded="0" anonymousclassesunloaded="0" quiescems="0.000" setupms="0.002" scanms="0.000" postms="0.000" />
</gc-op>
<heap-resize id="184" type="expand" space="default" amount="3145728" count="1" timems="0.068" reason="excessive time being spent in gc" timestamp="2019-06-17T07:01:02.655" />
<gc-end id="185" type="partial gc" contextid="179" durationms="2.818" usertimems="4.000" systemtimems="0.000" timestamp="2019-06-17T07:01:02.655" activeThreads="4">
  <mem-info id="186" free="24117248" total="39845888" percent="60">
    <mem type="eden" free="983416" total="1048576" percent="93" />
    <remembered-set count="6464" freebytes="1564672" totalbytes="1590528" percent="98" regionsoverflowed="0" regionsstable="1" regionsrebuilding="0"/>
  </mem-info>
</gc-end>
<cycle-end id="187" type="partial gc" contextid="179" timestamp="2019-06-17T07:01:02.655" />
  <attribute name="elasticGC enabled" value="1" />
  <attribute name= "numThreadsSpecified" value="4" />
  <attribute name="heapSize specified" value="0" />
  <attribute name="Current GC Util" value="43" />
  <attribute name= "Current Time Running" value="941" />
  <attribute name ="GC Interval" value="0" />
  <attribute name="ProportionalT" value="23.000000" />
  <attribute name="ProportionalI" value="23.000000" />
  <attribute name="ProportionalH" value="23.000000" />
  <attribute name="Current Error" value="23.000000" />
  <attribute name="IntegralT" value="23.000000" />
  <attribute name="IntegralI" value="23.000000" />
  <attribute name="IntegralH" value="23.000000" />
  <attribute name="DerivativeT" value="23.000000" />
  <attribute name="DerivativeI" value="23.000000" />
  <attribute name="DerivativeH" value="23.000000" />
  <attribute name="Loop Time for DT" value="1.000000" />
  <attribute name="Output H" value="8388608"/>
  <attribute name="Output I" value="200"/>
  <attribute name="Output T" value="4"/>
  <attribute name="Target GC Util Change" value ="20.000000" />
  <attribute name="Current GC Util Change" value="43.000000"/>
  <attribute name="GC Util currently" value="43" />
  <attribute name="CPU Util currently" value="18796356294096" />
<exclusive-end id="188" timestamp="2019-06-17T07:01:02.655" durationms="3.844" />

<exclusive-start id="189" timestamp="2019-06-17T07:01:02.665" intervalms="13.373">
  <response-info timems="0.026" idlems="0.026" threads="0" lastid="0000000002159900" lastname="Thread-7" />
</exclusive-start>
<allocation-taxation id="190" taxation-threshold="16777216" timestamp="2019-06-17T07:01:02.665" intervalms="13.343" />
<cycle-start id="191" type="partial gc" contextid="0" timestamp="2019-06-17T07:01:02.665" intervalms="13.296" />
<gc-start id="192" type="partial gc" contextid="191" timestamp="2019-06-17T07:01:02.665">
  <mem-info id="193" free="7340032" total="39845888" percent="18">
    <mem type="eden" free="0" total="16777216" percent="0" />
    <remembered-set count="6304" freebytes="1565312" totalbytes="1590528" percent="98" regionsoverflowed="0" regionsstable="1" regionsrebuilding="0"/>
  </mem-info>
</gc-start>
<allocation-stats totalBytes="16775160" >
  <allocated-bytes non-tlh="0" tlh="16775160" arrayletleaf="0"/>
  <largest-consumer threadName="Thread-9" threadId="0000000002161100" bytes="4357616" />
</allocation-stats>
<gc-op id="194" type="copy forward" timems="1.953" contextid="191" timestamp="2019-06-17T07:01:02.668">
  <memory-copied type="eden" objects="3287" bytes="79800" bytesdiscarded="3872" />
  <memory-copied type="other" objects="2527" bytes="60648" bytesdiscarded="1872" />
  <memory-cardclean objects="8338" bytes="405424" />
  <regions eden="16" other="1" />
  <remembered-set-cleared processed="4662" cleared="748" durationms="0.088" />
  <stringconstants candidates="4597" cleared="0"  />
</gc-op>
<gc-op id="195" type="classunload" timems="0.002" contextid="191" timestamp="2019-06-17T07:01:02.668">
  <classunload-info classloadercandidates="8" classloadersunloaded="0" classesunloaded="0" anonymousclassesunloaded="0" quiescems="0.000" setupms="0.002" scanms="0.000" postms="0.000" />
</gc-op>
<heap-resize id="196" type="expand" space="default" amount="2097152" count="1" timems="0.067" reason="excessive time being spent in gc" timestamp="2019-06-17T07:01:02.668" />
<gc-end id="197" type="partial gc" contextid="191" durationms="3.044" usertimems="4.000" systemtimems="0.000" timestamp="2019-06-17T07:01:02.668" activeThreads="4">
  <mem-info id="198" free="25165824" total="41943040" percent="60">
    <mem type="eden" free="964904" total="1048576" percent="92" />
    <remembered-set count="6880" freebytes="1646720" totalbytes="1674240" percent="98" regionsoverflowed="0" regionsstable="1" regionsrebuilding="0"/>
  </mem-info>
</gc-end>
<cycle-end id="199" type="partial gc" contextid="191" timestamp="2019-06-17T07:01:02.669" />
  <attribute name="elasticGC enabled" value="1" />
  <attribute name= "numThreadsSpecified" value="4" />
  <attribute name="heapSize specified" value="0" />
  <attribute name="Current GC Util" value="36" />
  <attribute name= "Current Time Running" value="954" />
  <attribute name ="GC Interval" value="0" />
  <attribute name="ProportionalT" value="16.000000" />
  <attribute name="ProportionalI" value="16.000000" />
  <attribute name="ProportionalH" value="16.000000" />
  <attribute name="Current Error" value="16.000000" />
  <attribute name="IntegralT" value="16.000000" />
  <attribute name="IntegralI" value="16.000000" />
  <attribute name="IntegralH" value="16.000000" />
  <attribute name="DerivativeT" value="11.000000" />
  <attribute name="DerivativeI" value="11.000000" />
  <attribute name="DerivativeH" value="11.000000" />
  <attribute name="Loop Time for DT" value="1.000000" />
  <attribute name="Output H" value="8388608"/>
  <attribute name="Output I" value="200"/>
  <attribute name="Output T" value="4"/>
  <attribute name="Target GC Util Change" value ="20.000000" />
  <attribute name="Current GC Util Change" value="36.000000"/>
  <attribute name="GC Util currently" value="36" />
  <attribute name="CPU Util currently" value="17798109754789" />
<exclusive-end id="200" timestamp="2019-06-17T07:01:02.669" durationms="3.815" />

<exclusive-start id="201" timestamp="2019-06-17T07:01:02.682" intervalms="16.697">
  <response-info timems="0.048" idlems="0.026" threads="1" lastid="0000000002155D00" lastname="Thread-8" />
</exclusive-start>
<allocation-taxation id="202" taxation-threshold="16777216" timestamp="2019-06-17T07:01:02.682" intervalms="16.647" />
<cycle-start id="203" type="partial gc" contextid="0" timestamp="2019-06-17T07:01:02.682" intervalms="16.694" />
<gc-start id="204" type="partial gc" contextid="203" timestamp="2019-06-17T07:01:02.682">
  <mem-info id="205" free="8388608" total="41943040" percent="20">
    <mem type="eden" free="0" total="16777216" percent="0" />
    <remembered-set count="6752" freebytes="1647232" totalbytes="1674240" percent="98" regionsoverflowed="0" regionsstable="1" regionsrebuilding="0"/>
  </mem-info>
</gc-start>
<allocation-stats totalBytes="16774928" >
  <allocated-bytes non-tlh="0" tlh="16774928" arrayletleaf="0"/>
  <largest-consumer threadName="Thread-7" threadId="0000000002159900" bytes="5995832" />
</allocation-stats>
<gc-op id="206" type="copy forward" timems="2.181" contextid="203" timestamp="2019-06-17T07:01:02.685">
  <memory-copied type="eden" objects="9221" bytes="359360" bytesdiscarded="14472" />
  <memory-copied type="other" objects="3138" bytes="75312" bytesdiscarded="1400" />
  <memory-cardclean objects="7424" bytes="369056" />
  <regions eden="16" other="1" />
  <remembered-set-cleared processed="5278" cleared="877" durationms="0.100" />
  <stringconstants candidates="4597" cleared="0"  />
</gc-op>
<gc-op id="207" type="classunload" timems="0.002" contextid="203" timestamp="2019-06-17T07:01:02.685">
  <classunload-info classloadercandidates="8" classloadersunloaded="0" classesunloaded="0" anonymousclassesunloaded="0" quiescems="0.000" setupms="0.002" scanms="0.000" postms="0.000" />
</gc-op>
<heap-resize id="208" type="expand" space="default" amount="5242880" count="1" timems="0.085" reason="excessive time being spent in gc" timestamp="2019-06-17T07:01:02.685" />
<gc-end id="209" type="partial gc" contextid="203" durationms="3.271" usertimems="4.000" systemtimems="0.000" timestamp="2019-06-17T07:01:02.685" activeThreads="4">
  <mem-info id="210" free="28311552" total="47185920" percent="60">
    <mem type="eden" free="1723320" total="2097152" percent="82" />
    <remembered-set count="8000" freebytes="1851520" totalbytes="1883520" percent="98" regionsoverflowed="0" regionsstable="1" regionsrebuilding="0"/>
  </mem-info>
</gc-end>
<cycle-end id="211" type="partial gc" contextid="203" timestamp="2019-06-17T07:01:02.686" />
  <attribute name="elasticGC enabled" value="1" />
  <attribute name= "numThreadsSpecified" value="4" />
  <attribute name="heapSize specified" value="0" />
  <attribute name="Current GC Util" value="0" />
  <attribute name= "Current Time Running" value="971" />
  <attribute name ="GC Interval" value="0" />
  <attribute name="ProportionalT" value="-20.000000" />
  <attribute name="ProportionalI" value="-20.000000" />
  <attribute name="ProportionalH" value="-20.000000" />
  <attribute name="Current Error" value="-20.000000" />
  <attribute name="IntegralT" value="-20.000000" />
  <attribute name="IntegralI" value="-20.000000" />
  <attribute name="IntegralH" value="-20.000000" />
  <attribute name="DerivativeT" value="-20.000000" />
  <attribute name="DerivativeI" value="-20.000000" />
  <attribute name="DerivativeH" value="-20.000000" />
  <attribute name="Loop Time for DT" value="1.000000" />
  <attribute name="Output H" value="2091843584"/>
  <attribute name="Output I" value="200"/>
  <attribute name="Output T" value="4"/>
  <attribute name="Target GC Util Change" value ="20.000000" />
  <attribute name="Current GC Util Change" value="0.000000"/>
  <attribute name="GC Util currently" value="0" />
  <attribute name="CPU Util currently" value="30371410052401" />
<exclusive-end id="212" timestamp="2019-06-17T07:01:02.686" durationms="4.062" />

<exclusive-start id="213" timestamp="2019-06-17T07:01:02.702" intervalms="20.528">
  <response-info timems="0.240" idlems="0.203" threads="1" lastid="0000000002159900" lastname="Thread-7" />
</exclusive-start>
<allocation-taxation id="214" taxation-threshold="18874368" timestamp="2019-06-17T07:01:02.702" intervalms="20.540" />
<cycle-start id="215" type="partial gc" contextid="0" timestamp="2019-06-17T07:01:02.703" intervalms="20.556" />
<gc-start id="216" type="partial gc" contextid="215" timestamp="2019-06-17T07:01:02.703">
  <mem-info id="217" free="9437184" total="47185920" percent="20">
    <mem type="eden" free="0" total="18874368" percent="0" />
    <remembered-set count="7904" freebytes="1851904" totalbytes="1883520" percent="98" regionsoverflowed="0" regionsstable="1" regionsrebuilding="0"/>
  </mem-info>
</gc-start>
<allocation-stats totalBytes="18871832" >
  <allocated-bytes non-tlh="0" tlh="18871832" arrayletleaf="0"/>
  <largest-consumer threadName="Thread-9" threadId="0000000002161100" bytes="6970552" />
</allocation-stats>
<gc-op id="218" type="copy forward" timems="2.840" contextid="215" timestamp="2019-06-17T07:01:02.706">
  <memory-copied type="eden" objects="15664" bytes="651472" bytesdiscarded="0" />
  <memory-copied type="other" objects="9118" bytes="356208" bytesdiscarded="0" />
  <memory-cardclean objects="4172" bytes="217168" />
  <regions eden="18" other="2" />
  <remembered-set-cleared processed="5957" cleared="762" durationms="0.118" />
  <stringconstants candidates="4597" cleared="0"  />
</gc-op>
<gc-op id="219" type="classunload" timems="0.002" contextid="215" timestamp="2019-06-17T07:01:02.706">
  <classunload-info classloadercandidates="8" classloadersunloaded="0" classesunloaded="0" anonymousclassesunloaded="0" quiescems="0.000" setupms="0.002" scanms="0.000" postms="0.000" />
</gc-op>
<gc-end id="220" type="partial gc" contextid="215" durationms="3.850" usertimems="0.000" systemtimems="4.000" timestamp="2019-06-17T07:01:02.707" activeThreads="1">
  <mem-info id="221" free="28311552" total="47185920" percent="60">
    <mem type="eden" free="397104" total="1048576" percent="37" />
    <remembered-set count="8576" freebytes="1849216" totalbytes="1883520" percent="98" regionsoverflowed="0" regionsstable="1" regionsrebuilding="0"/>
  </mem-info>
</gc-end>
<cycle-end id="222" type="partial gc" contextid="215" timestamp="2019-06-17T07:01:02.707" />
  <attribute name="elasticGC enabled" value="1" />
  <attribute name= "numThreadsSpecified" value="1" />
  <attribute name="heapSize specified" value="0" />
  <attribute name="Current GC Util" value="37" />
  <attribute name= "Current Time Running" value="991" />
  <attribute name ="GC Interval" value="0" />
  <attribute name="ProportionalT" value="17.000000" />
  <attribute name="ProportionalI" value="17.000000" />
  <attribute name="ProportionalH" value="17.000000" />
  <attribute name="Current Error" value="17.000000" />
  <attribute name="IntegralT" value="0.000000" />
  <attribute name="IntegralI" value="0.000000" />
  <attribute name="IntegralH" value="0.000000" />
  <attribute name="DerivativeT" value="inf" />
  <attribute name="DerivativeI" value="inf" />
  <attribute name="DerivativeH" value="inf" />
  <attribute name="Loop Time for DT" value="0.000000" />
  <attribute name="Output H" value="8388608"/>
  <attribute name="Output I" value="200"/>
  <attribute name="Output T" value="1"/>
  <attribute name="Target GC Util Change" value ="20.000000" />
  <attribute name="Current GC Util Change" value="37.000000"/>
  <attribute name="GC Util currently" value="37" />
  <attribute name="CPU Util currently" value="19591265814832" />
<exclusive-end id="223" timestamp="2019-06-17T07:01:02.707" durationms="4.752" />

<exclusive-start id="224" timestamp="2019-06-17T07:01:02.718" intervalms="16.211">
  <response-info timems="0.024" idlems="0.024" threads="0" lastid="0000000002155D00" lastname="Thread-8" />
</exclusive-start>
<allocation-taxation id="225" taxation-threshold="18874368" timestamp="2019-06-17T07:01:02.719" intervalms="16.214" />
<cycle-start id="226" type="partial gc" contextid="0" timestamp="2019-06-17T07:01:02.719" intervalms="16.238" />
<gc-start id="227" type="partial gc" contextid="226" timestamp="2019-06-17T07:01:02.719">
  <mem-info id="228" free="9437184" total="47185920" percent="20">
    <mem type="eden" free="0" total="18874368" percent="0" />
    <remembered-set count="8320" freebytes="1850240" totalbytes="1883520" percent="98" regionsoverflowed="0" regionsstable="1" regionsrebuilding="0"/>
  </mem-info>
</gc-start>
<allocation-stats totalBytes="18871952" >
  <allocated-bytes non-tlh="0" tlh="18871952" arrayletleaf="0"/>
  <largest-consumer threadName="Thread-9" threadId="0000000002161100" bytes="5053864" />
</allocation-stats>
<gc-op id="229" type="copy forward" timems="2.899" contextid="226" timestamp="2019-06-17T07:01:02.722">
  <memory-copied type="eden" objects="14653" bytes="627672" bytesdiscarded="0" />
  <memory-copied type="other" objects="15512" bytes="647040" bytesdiscarded="0" />
  <memory-cardclean objects="5654" bytes="303712" />
  <regions eden="18" other="1" />
  <remembered-set-cleared processed="6553" cleared="472" durationms="0.131" />
  <stringconstants candidates="4597" cleared="0"  />
</gc-op>
<gc-op id="230" type="classunload" timems="0.001" contextid="226" timestamp="2019-06-17T07:01:02.723">
  <classunload-info classloadercandidates="8" classloadersunloaded="0" classesunloaded="0" anonymousclassesunloaded="0" quiescems="0.000" setupms="0.001" scanms="0.000" postms="0.000" />
</gc-op>
<heap-resize id="231" type="expand" space="default" amount="3145728" count="1" timems="0.066" reason="excessive time being spent in gc" timestamp="2019-06-17T07:01:02.723" />
<gc-end id="232" type="partial gc" contextid="226" durationms="4.062" usertimems="4.000" systemtimems="0.000" timestamp="2019-06-17T07:01:02.723" activeThreads="1">
  <mem-info id="233" free="30408704" total="50331648" percent="60">
    <mem type="eden" free="420904" total="1048576" percent="40" />
    <remembered-set count="8992" freebytes="1973120" totalbytes="2009088" percent="98" regionsoverflowed="0" regionsstable="1" regionsrebuilding="0"/>
  </mem-info>
</gc-end>
<cycle-end id="234" type="partial gc" contextid="226" timestamp="2019-06-17T07:01:02.723" />
  <attribute name="elasticGC enabled" value="1" />
  <attribute name= "numThreadsSpecified" value="1" />
  <attribute name="heapSize specified" value="0" />
  <attribute name="Current GC Util" value="43" />
  <attribute name= "Current Time Running" value="1007" />
  <attribute name ="GC Interval" value="0" />
  <attribute name="ProportionalT" value="23.000000" />
  <attribute name="ProportionalI" value="23.000000" />
  <attribute name="ProportionalH" value="23.000000" />
  <attribute name="Current Error" value="23.000000" />
  <attribute name="IntegralT" value="0.000000" />
  <attribute name="IntegralI" value="0.000000" />
  <attribute name="IntegralH" value="0.000000" />
  <attribute name="DerivativeT" value="inf" />
  <attribute name="DerivativeI" value="inf" />
  <attribute name="DerivativeH" value="inf" />
  <attribute name="Loop Time for DT" value="0.000000" />
  <attribute name="Output H" value="8388608"/>
  <attribute name="Output I" value="200"/>
  <attribute name="Output T" value="1"/>
  <attribute name="Target GC Util Change" value ="20.000000" />
  <attribute name="Current GC Util Change" value="43.000000"/>
  <attribute name="GC Util currently" value="43" />
  <attribute name="CPU Util currently" value="17938231090597" />
<exclusive-end id="235" timestamp="2019-06-17T07:01:02.723" durationms="4.973" />

<exclusive-start id="236" timestamp="2019-06-17T07:01:02.736" intervalms="17.145">
  <response-info timems="0.037" idlems="0.037" threads="0" lastid="0000000002155D00" lastname="Thread-8" />
</exclusive-start>
<allocation-taxation id="237" taxation-threshold="18874368" timestamp="2019-06-17T07:01:02.736" intervalms="17.125" />
<cycle-start id="238" type="partial gc" contextid="0" timestamp="2019-06-17T07:01:02.736" intervalms="17.113" />
<gc-start id="239" type="partial gc" contextid="238" timestamp="2019-06-17T07:01:02.736">
  <mem-info id="240" free="11534336" total="50331648" percent="22">
    <mem type="eden" free="0" total="18874368" percent="0" />
    <remembered-set count="8992" freebytes="1973120" totalbytes="2009088" percent="98" regionsoverflowed="0" regionsstable="1" regionsrebuilding="0"/>
  </mem-info>
</gc-start>
<allocation-stats totalBytes="18872296" >
  <allocated-bytes non-tlh="0" tlh="18872296" arrayletleaf="0"/>
  <largest-consumer threadName="Thread-9" threadId="0000000002161100" bytes="5021152" />
</allocation-stats>
<gc-op id="241" type="copy forward" timems="2.334" contextid="238" timestamp="2019-06-17T07:01:02.739">
  <memory-copied type="eden" objects="3811" bytes="92568" bytesdiscarded="0" />
  <memory-copied type="other" objects="14426" bytes="620976" bytesdiscarded="0" />
  <memory-cardclean objects="5603" bytes="335056" />
  <regions eden="18" other="1" />
  <remembered-set-cleared processed="7169" cleared="357" durationms="0.124" />
  <stringconstants candidates="4597" cleared="0"  />
</gc-op>
<gc-op id="242" type="classunload" timems="0.002" contextid="238" timestamp="2019-06-17T07:01:02.739">
  <classunload-info classloadercandidates="8" classloadersunloaded="0" classesunloaded="0" anonymousclassesunloaded="0" quiescems="0.000" setupms="0.002" scanms="0.000" postms="0.000" />
</gc-op>
<heap-resize id="243" type="expand" space="default" amount="2097152" count="1" timems="0.058" reason="excessive time being spent in gc" timestamp="2019-06-17T07:01:02.739" />
<gc-end id="244" type="partial gc" contextid="238" durationms="3.492" usertimems="4.000" systemtimems="0.000" timestamp="2019-06-17T07:01:02.740" activeThreads="1">
  <mem-info id="245" free="31457280" total="52428800" percent="60">
    <mem type="eden" free="956008" total="1048576" percent="91" />
    <remembered-set count="10208" freebytes="2051968" totalbytes="2092800" percent="98" regionsoverflowed="0" regionsstable="1" regionsrebuilding="0"/>
  </mem-info>
</gc-end>
<cycle-end id="246" type="partial gc" contextid="238" timestamp="2019-06-17T07:01:02.740" />
  <attribute name="elasticGC enabled" value="1" />
  <attribute name= "numThreadsSpecified" value="1" />
  <attribute name="heapSize specified" value="0" />
  <attribute name="Current GC Util" value="42" />
  <attribute name= "Current Time Running" value="1024" />
  <attribute name ="GC Interval" value="0" />
  <attribute name="ProportionalT" value="22.000000" />
  <attribute name="ProportionalI" value="22.000000" />
  <attribute name="ProportionalH" value="22.000000" />
  <attribute name="Current Error" value="22.000000" />
  <attribute name="IntegralT" value="0.000000" />
  <attribute name="IntegralI" value="0.000000" />
  <attribute name="IntegralH" value="0.000000" />
  <attribute name="DerivativeT" value="inf" />
  <attribute name="DerivativeI" value="inf" />
  <attribute name="DerivativeH" value="inf" />
  <attribute name="Loop Time for DT" value="0.000000" />
  <attribute name="Output H" value="8388608"/>
  <attribute name="Output I" value="200"/>
  <attribute name="Output T" value="1"/>
  <attribute name="Target GC Util Change" value ="20.000000" />
  <attribute name="Current GC Util Change" value="42.000000"/>
  <attribute name="GC Util currently" value="42" />
  <attribute name="CPU Util currently" value="16990770923218" />
<exclusive-end id="247" timestamp="2019-06-17T07:01:02.740" durationms="4.357" />

<exclusive-start id="248" timestamp="2019-06-17T07:01:02.752" intervalms="16.610">
  <response-info timems="0.019" idlems="0.019" threads="0" lastid="0000000002159900" lastname="Thread-7" />
</exclusive-start>
<allocation-taxation id="249" taxation-threshold="19922944" timestamp="2019-06-17T07:01:02.752" intervalms="16.642" />
<cycle-start id="250" type="partial gc" contextid="0" timestamp="2019-06-17T07:01:02.753" intervalms="16.642" />
<gc-start id="251" type="partial gc" contextid="250" timestamp="2019-06-17T07:01:02.753">
  <mem-info id="252" free="11534336" total="52428800" percent="22">
    <mem type="eden" free="0" total="19922944" percent="0" />
    <remembered-set count="9792" freebytes="2053632" totalbytes="2092800" percent="98" regionsoverflowed="0" regionsstable="1" regionsrebuilding="0"/>
  </mem-info>
</gc-start>
<allocation-stats totalBytes="19920440" >
  <allocated-bytes non-tlh="0" tlh="19920440" arrayletleaf="0"/>
  <largest-consumer threadName="Thread-7" threadId="0000000002159900" bytes="5303712" />
</allocation-stats>
<gc-op id="253" type="copy forward" timems="1.571" contextid="250" timestamp="2019-06-17T07:01:02.755">
  <memory-copied type="eden" objects="3464" bytes="84496" bytesdiscarded="0" />
  <memory-copied type="other" objects="3607" bytes="86568" bytesdiscarded="0" />
  <memory-cardclean objects="8965" bytes="481384" />
  <regions eden="19" other="1" />
  <remembered-set-cleared processed="7802" cleared="395" durationms="0.124" />
  <stringconstants candidates="4597" cleared="0"  />
</gc-op>
<gc-op id="254" type="classunload" timems="0.001" contextid="250" timestamp="2019-06-17T07:01:02.755">
  <classunload-info classloadercandidates="8" classloadersunloaded="0" classesunloaded="0" anonymousclassesunloaded="0" quiescems="0.000" setupms="0.001" scanms="0.000" postms="0.000" />
</gc-op>
<heap-resize id="255" type="expand" space="default" amount="3145728" count="1" timems="0.066" reason="excessive time being spent in gc" timestamp="2019-06-17T07:01:02.755" />
<gc-end id="256" type="partial gc" contextid="250" durationms="2.626" usertimems="4.000" systemtimems="0.000" timestamp="2019-06-17T07:01:02.755" activeThreads="1">
  <mem-info id="257" free="33554432" total="55574528" percent="60">
    <mem type="eden" free="964080" total="1048576" percent="91" />
    <remembered-set count="10816" freebytes="2175104" totalbytes="2218368" percent="98" regionsoverflowed="0" regionsstable="1" regionsrebuilding="0"/>
  </mem-info>
</gc-end>
<cycle-end id="258" type="partial gc" contextid="250" timestamp="2019-06-17T07:01:02.755" />
  <attribute name="elasticGC enabled" value="1" />
  <attribute name= "numThreadsSpecified" value="1" />
  <attribute name="heapSize specified" value="0" />
  <attribute name="Current GC Util" value="42" />
  <attribute name= "Current Time Running" value="1041" />
  <attribute name ="GC Interval" value="0" />
  <attribute name="ProportionalT" value="22.000000" />
  <attribute name="ProportionalI" value="22.000000" />
  <attribute name="ProportionalH" value="22.000000" />
  <attribute name="Current Error" value="22.000000" />
  <attribute name="IntegralT" value="0.000000" />
  <attribute name="IntegralI" value="0.000000" />
  <attribute name="IntegralH" value="0.000000" />
  <attribute name="DerivativeT" value="inf" />
  <attribute name="DerivativeI" value="inf" />
  <attribute name="DerivativeH" value="inf" />
  <attribute name="Loop Time for DT" value="0.000000" />
  <attribute name="Output H" value="8388608"/>
  <attribute name="Output I" value="200"/>
  <attribute name="Output T" value="1"/>
  <attribute name="Target GC Util Change" value ="20.000000" />
  <attribute name="Current GC Util Change" value="42.000000"/>
  <attribute name="GC Util currently" value="42" />
  <attribute name="CPU Util currently" value="17745102703929" />
<exclusive-end id="259" timestamp="2019-06-17T07:01:02.756" durationms="3.445" />

<exclusive-start id="260" timestamp="2019-06-17T07:01:02.769" intervalms="16.361">
  <response-info timems="0.027" idlems="0.027" threads="0" lastid="0000000002161100" lastname="Thread-9" />
</exclusive-start>
<allocation-taxation id="261" taxation-threshold="20971520" timestamp="2019-06-17T07:01:02.769" intervalms="16.337" />
<cycle-start id="262" type="partial gc" contextid="0" timestamp="2019-06-17T07:01:02.769" intervalms="16.324" />
<gc-start id="263" type="partial gc" contextid="262" timestamp="2019-06-17T07:01:02.769">
  <mem-info id="264" free="12582912" total="55574528" percent="22">
    <mem type="eden" free="0" total="20971520" percent="0" />
    <remembered-set count="10528" freebytes="2176256" totalbytes="2218368" percent="98" regionsoverflowed="0" regionsstable="1" regionsrebuilding="0"/>
  </mem-info>
</gc-start>
<allocation-stats totalBytes="20968568" >
  <allocated-bytes non-tlh="0" tlh="20968568" arrayletleaf="0"/>
  <largest-consumer threadName="Thread-7" threadId="0000000002159900" bytes="5897496" />
</allocation-stats>
<gc-op id="265" type="copy forward" timems="1.610" contextid="262" timestamp="2019-06-17T07:01:02.771">
  <memory-copied type="eden" objects="4096" bytes="99376" bytesdiscarded="0" />
  <memory-copied type="other" objects="3200" bytes="76800" bytesdiscarded="0" />
  <memory-cardclean objects="9802" bytes="475432" />
  <regions eden="20" other="1" />
  <remembered-set-cleared processed="8576" cleared="547" durationms="0.129" />
  <stringconstants candidates="4597" cleared="0"  />
</gc-op>
<gc-op id="266" type="classunload" timems="0.001" contextid="262" timestamp="2019-06-17T07:01:02.771">
  <classunload-info classloadercandidates="8" classloadersunloaded="0" classesunloaded="0" anonymousclassesunloaded="0" quiescems="0.000" setupms="0.001" scanms="0.000" postms="0.000" />
</gc-op>
<heap-resize id="267" type="expand" space="default" amount="2097152" count="1" timems="0.056" reason="excessive time being spent in gc" timestamp="2019-06-17T07:01:02.771" />
<gc-end id="268" type="partial gc" contextid="262" durationms="2.629" usertimems="0.000" systemtimems="0.000" timestamp="2019-06-17T07:01:02.772" activeThreads="1">
  <mem-info id="269" free="34603008" total="57671680" percent="60">
    <mem type="eden" free="949200" total="1048576" percent="90" />
    <remembered-set count="11456" freebytes="2256256" totalbytes="2302080" percent="98" regionsoverflowed="0" regionsstable="1" regionsrebuilding="0"/>
  </mem-info>
</gc-end>
<cycle-end id="270" type="partial gc" contextid="262" timestamp="2019-06-17T07:01:02.772" />
  <attribute name="elasticGC enabled" value="1" />
  <attribute name= "numThreadsSpecified" value="1" />
  <attribute name="heapSize specified" value="0" />
  <attribute name="Current GC Util" value="43" />
  <attribute name= "Current Time Running" value="1057" />
  <attribute name ="GC Interval" value="0" />
  <attribute name="ProportionalT" value="23.000000" />
  <attribute name="ProportionalI" value="23.000000" />
  <attribute name="ProportionalH" value="23.000000" />
  <attribute name="Current Error" value="23.000000" />
  <attribute name="IntegralT" value="0.000000" />
  <attribute name="IntegralI" value="0.000000" />
  <attribute name="IntegralH" value="0.000000" />
  <attribute name="DerivativeT" value="inf" />
  <attribute name="DerivativeI" value="inf" />
  <attribute name="DerivativeH" value="inf" />
  <attribute name="Loop Time for DT" value="0.000000" />
  <attribute name="Output H" value="8388608"/>
  <attribute name="Output I" value="200"/>
  <attribute name="Output T" value="1"/>
  <attribute name="Target GC Util Change" value ="20.000000" />
  <attribute name="Current GC Util Change" value="43.000000"/>
  <attribute name="GC Util currently" value="43" />
  <attribute name="CPU Util currently" value="17809106804563" />
<exclusive-end id="271" timestamp="2019-06-17T07:01:02.772" durationms="3.341" />

<exclusive-start id="272" timestamp="2019-06-17T07:01:02.785" intervalms="16.153">
  <response-info timems="0.031" idlems="0.031" threads="0" lastid="0000000002155D00" lastname="Thread-8" />
</exclusive-start>
<allocation-taxation id="273" taxation-threshold="20971520" timestamp="2019-06-17T07:01:02.785" intervalms="16.167" />
<cycle-start id="274" type="partial gc" contextid="0" timestamp="2019-06-17T07:01:02.785" intervalms="16.102" />
<gc-start id="275" type="partial gc" contextid="274" timestamp="2019-06-17T07:01:02.785">
  <mem-info id="276" free="13631488" total="57671680" percent="23">
    <mem type="eden" free="0" total="20971520" percent="0" />
    <remembered-set count="11296" freebytes="2256896" totalbytes="2302080" percent="98" regionsoverflowed="0" regionsstable="1" regionsrebuilding="0"/>
  </mem-info>
</gc-start>
<allocation-stats totalBytes="20968712" >
  <allocated-bytes non-tlh="0" tlh="20968712" arrayletleaf="0"/>
  <largest-consumer threadName="Thread-7" threadId="0000000002159900" bytes="5647640" />
</allocation-stats>
<gc-op id="277" type="copy forward" timems="2.428" contextid="274" timestamp="2019-06-17T07:01:02.788">
  <memory-copied type="eden" objects="15564" bytes="649568" bytesdiscarded="0" />
  <memory-copied type="other" objects="3917" bytes="94008" bytesdiscarded="0" />
  <memory-cardclean objects="10096" bytes="497152" />
  <regions eden="20" other="1" />
  <remembered-set-cleared processed="9294" cleared="687" durationms="0.136" />
  <stringconstants candidates="4597" cleared="0"  />
</gc-op>
<gc-op id="278" type="classunload" timems="0.001" contextid="274" timestamp="2019-06-17T07:01:02.788">
  <classunload-info classloadercandidates="8" classloadersunloaded="0" classesunloaded="0" anonymousclassesunloaded="0" quiescems="0.000" setupms="0.001" scanms="0.000" postms="0.000" />
</gc-op>
<heap-resize id="279" type="expand" space="default" amount="3145728" count="1" timems="0.069" reason="excessive time being spent in gc" timestamp="2019-06-17T07:01:02.788" />
<gc-end id="280" type="partial gc" contextid="274" durationms="3.474" usertimems="4.000" systemtimems="0.000" timestamp="2019-06-17T07:01:02.789" activeThreads="1">
  <mem-info id="281" free="36700160" total="60817408" percent="60">
    <mem type="eden" free="399008" total="1048576" percent="38" />
    <remembered-set count="12544" freebytes="2377472" totalbytes="2427648" percent="97" regionsoverflowed="0" regionsstable="1" regionsrebuilding="0"/>
  </mem-info>
</gc-end>
<cycle-end id="282" type="partial gc" contextid="274" timestamp="2019-06-17T07:01:02.789" />
  <attribute name="elasticGC enabled" value="1" />
  <attribute name= "numThreadsSpecified" value="1" />
  <attribute name="heapSize specified" value="0" />
  <attribute name="Current GC Util" value="49" />
  <attribute name= "Current Time Running" value="1073" />
  <attribute name ="GC Interval" value="0" />
  <attribute name="ProportionalT" value="29.000000" />
  <attribute name="ProportionalI" value="29.000000" />
  <attribute name="ProportionalH" value="29.000000" />
  <attribute name="Current Error" value="29.000000" />
  <attribute name="IntegralT" value="0.000000" />
  <attribute name="IntegralI" value="0.000000" />
  <attribute name="IntegralH" value="0.000000" />
  <attribute name="DerivativeT" value="inf" />
  <attribute name="DerivativeI" value="inf" />
  <attribute name="DerivativeH" value="inf" />
  <attribute name="Loop Time for DT" value="0.000000" />
  <attribute name="Output H" value="8388608"/>
  <attribute name="Output I" value="200"/>
  <attribute name="Output T" value="1"/>
  <attribute name="Target GC Util Change" value ="20.000000" />
  <attribute name="Current GC Util Change" value="49.000000"/>
  <attribute name="GC Util currently" value="49" />
  <attribute name="CPU Util currently" value="20055430234297" />
<exclusive-end id="283" timestamp="2019-06-17T07:01:02.789" durationms="4.272" />

<exclusive-start id="284" timestamp="2019-06-17T07:01:02.804" intervalms="18.851">
  <response-info timems="0.028" idlems="0.028" threads="0" lastid="000000000215D500" lastname="Thread-10" />
</exclusive-start>
<allocation-taxation id="285" taxation-threshold="22020096" timestamp="2019-06-17T07:01:02.804" intervalms="18.835" />
<cycle-start id="286" type="partial gc" contextid="0" timestamp="2019-06-17T07:01:02.804" intervalms="18.908" />
<gc-start id="287" type="partial gc" contextid="286" timestamp="2019-06-17T07:01:02.804">
  <mem-info id="288" free="14680064" total="60817408" percent="24">
    <mem type="eden" free="0" total="22020096" percent="0" />
    <remembered-set count="12064" freebytes="2379392" totalbytes="2427648" percent="98" regionsoverflowed="0" regionsstable="1" regionsrebuilding="0"/>
  </mem-info>
</gc-start>
<allocation-stats totalBytes="22017336" >
  <allocated-bytes non-tlh="0" tlh="22017336" arrayletleaf="0"/>
  <largest-consumer threadName="Thread-10" threadId="000000000215D500" bytes="5864816" />
</allocation-stats>
<gc-op id="289" type="copy forward" timems="2.936" contextid="286" timestamp="2019-06-17T07:01:02.807">
  <memory-copied type="eden" objects="9322" bytes="362104" bytesdiscarded="0" />
  <memory-copied type="other" objects="15316" bytes="642336" bytesdiscarded="0" />
  <memory-cardclean objects="6927" bytes="349432" />
  <regions eden="21" other="1" />
  <remembered-set-cleared processed="10089" cleared="727" durationms="0.147" />
  <stringconstants candidates="4597" cleared="0"  />
</gc-op>
<gc-op id="290" type="classunload" timems="0.002" contextid="286" timestamp="2019-06-17T07:01:02.808">
  <classunload-info classloadercandidates="8" classloadersunloaded="0" classesunloaded="0" anonymousclassesunloaded="0" quiescems="0.000" setupms="0.002" scanms="0.000" postms="0.000" />
</gc-op>
<heap-resize id="291" type="expand" space="default" amount="2097152" count="1" timems="0.057" reason="excessive time being spent in gc" timestamp="2019-06-17T07:01:02.808" />
<gc-end id="292" type="partial gc" contextid="286" durationms="3.943" usertimems="4.000" systemtimems="0.000" timestamp="2019-06-17T07:01:02.808" activeThreads="1">
  <mem-info id="293" free="37748736" total="62914560" percent="60">
    <mem type="eden" free="686472" total="1048576" percent="65" />
    <remembered-set count="12832" freebytes="2460032" totalbytes="2511360" percent="97" regionsoverflowed="0" regionsstable="1" regionsrebuilding="0"/>
  </mem-info>
</gc-end>
<cycle-end id="294" type="partial gc" contextid="286" timestamp="2019-06-17T07:01:02.808" />
  <attribute name="elasticGC enabled" value="1" />
  <attribute name= "numThreadsSpecified" value="1" />
  <attribute name="heapSize specified" value="0" />
  <attribute name="Current GC Util" value="44" />
  <attribute name= "Current Time Running" value="1092" />
  <attribute name ="GC Interval" value="0" />
  <attribute name="ProportionalT" value="24.000000" />
  <attribute name="ProportionalI" value="24.000000" />
  <attribute name="ProportionalH" value="24.000000" />
  <attribute name="Current Error" value="24.000000" />
  <attribute name="IntegralT" value="0.000000" />
  <attribute name="IntegralI" value="0.000000" />
  <attribute name="IntegralH" value="0.000000" />
  <attribute name="DerivativeT" value="inf" />
  <attribute name="DerivativeI" value="inf" />
  <attribute name="DerivativeH" value="inf" />
  <attribute name="Loop Time for DT" value="0.000000" />
  <attribute name="Output H" value="8388608"/>
  <attribute name="Output I" value="200"/>
  <attribute name="Output T" value="1"/>
  <attribute name="Target GC Util Change" value ="20.000000" />
  <attribute name="Current GC Util Change" value="44.000000"/>
  <attribute name="GC Util currently" value="44" />
  <attribute name="CPU Util currently" value="21378804318715" />
<exclusive-end id="295" timestamp="2019-06-17T07:01:02.808" durationms="4.811" />

<exclusive-start id="296" timestamp="2019-06-17T07:01:02.823" intervalms="19.046">
  <response-info timems="0.031" idlems="0.031" threads="0" lastid="0000000002161100" lastname="Thread-9" />
</exclusive-start>
<allocation-taxation id="297" taxation-threshold="22020096" timestamp="2019-06-17T07:01:02.823" intervalms="19.018" />
<cycle-start id="298" type="partial gc" contextid="0" timestamp="2019-06-17T07:01:02.823" intervalms="18.962" />
<gc-start id="299" type="partial gc" contextid="298" timestamp="2019-06-17T07:01:02.823">
  <mem-info id="300" free="15728640" total="62914560" percent="25">
    <mem type="eden" free="0" total="22020096" percent="0" />
    <remembered-set count="12800" freebytes="2460160" totalbytes="2511360" percent="97" regionsoverflowed="0" regionsstable="1" regionsrebuilding="0"/>
  </mem-info>
</gc-start>
<allocation-stats totalBytes="22017056" >
  <allocated-bytes non-tlh="0" tlh="22017056" arrayletleaf="0"/>
  <largest-consumer threadName="Thread-9" threadId="0000000002161100" bytes="6089904" />
</allocation-stats>
<gc-op id="301" type="copy forward" timems="2.077" contextid="298" timestamp="2019-06-17T07:01:02.825">
  <memory-copied type="eden" objects="10501" bytes="390904" bytesdiscarded="13896" />
  <memory-copied type="other" objects="9160" bytes="357216" bytesdiscarded="12048" />
  <memory-cardclean objects="6233" bytes="354304" />
  <regions eden="21" other="1" />
  <remembered-set-cleared processed="10906" cleared="543" durationms="0.105" />
  <stringconstants candidates="4597" cleared="0"  />
</gc-op>
<gc-op id="302" type="classunload" timems="0.001" contextid="298" timestamp="2019-06-17T07:01:02.826">
  <classunload-info classloadercandidates="8" classloadersunloaded="0" classesunloaded="0" anonymousclassesunloaded="0" quiescems="0.000" setupms="0.001" scanms="0.000" postms="0.000" />
</gc-op>
<heap-resize id="303" type="expand" space="default" amount="5242880" count="1" timems="0.079" reason="excessive time being spent in gc" timestamp="2019-06-17T07:01:02.826" />
<gc-end id="304" type="partial gc" contextid="298" durationms="3.059" usertimems="4.000" systemtimems="0.000" timestamp="2019-06-17T07:01:02.826" activeThreads="4">
  <mem-info id="305" free="40894464" total="68157440" percent="60">
    <mem type="eden" free="1692352" total="2097152" percent="80" />
    <remembered-set count="14144" freebytes="2664064" totalbytes="2720640" percent="97" regionsoverflowed="0" regionsstable="1" regionsrebuilding="0"/>
  </mem-info>
</gc-end>
<cycle-end id="306" type="partial gc" contextid="298" timestamp="2019-06-17T07:01:02.826" />
  <attribute name="elasticGC enabled" value="1" />
  <attribute name= "numThreadsSpecified" value="4" />
  <attribute name="heapSize specified" value="0" />
  <attribute name="Current GC Util" value="0" />
  <attribute name= "Current Time Running" value="1111" />
  <attribute name ="GC Interval" value="0" />
  <attribute name="ProportionalT" value="-20.000000" />
  <attribute name="ProportionalI" value="-20.000000" />
  <attribute name="ProportionalH" value="-20.000000" />
  <attribute name="Current Error" value="-20.000000" />
  <attribute name="IntegralT" value="0.000000" />
  <attribute name="IntegralI" value="0.000000" />
  <attribute name="IntegralH" value="0.000000" />
  <attribute name="DerivativeT" value="-inf" />
  <attribute name="DerivativeI" value="-inf" />
  <attribute name="DerivativeH" value="-inf" />
  <attribute name="Loop Time for DT" value="0.000000" />
  <attribute name="Output H" value="2091843584"/>
  <attribute name="Output I" value="200"/>
  <attribute name="Output T" value="4"/>
  <attribute name="Target GC Util Change" value ="20.000000" />
  <attribute name="Current GC Util Change" value="0.000000"/>
  <attribute name="GC Util currently" value="0" />
  <attribute name="CPU Util currently" value="35952958726974" />
<exclusive-end id="307" timestamp="2019-06-17T07:01:02.826" durationms="3.701" />

<exclusive-start id="308" timestamp="2019-06-17T07:01:02.842" intervalms="19.010">
  <response-info timems="0.021" idlems="0.021" threads="0" lastid="000000000215D500" lastname="Thread-10" />
</exclusive-start>
<allocation-taxation id="309" taxation-threshold="24117248" timestamp="2019-06-17T07:01:02.842" intervalms="18.989" />
<cycle-start id="310" type="partial gc" contextid="0" timestamp="2019-06-17T07:01:02.842" intervalms="18.976" />
<gc-start id="311" type="partial gc" contextid="310" timestamp="2019-06-17T07:01:02.842">
  <mem-info id="312" free="16777216" total="68157440" percent="24">
    <mem type="eden" free="0" total="24117248" percent="0" />
    <remembered-set count="13984" freebytes="2664704" totalbytes="2720640" percent="97" regionsoverflowed="0" regionsstable="1" regionsrebuilding="0"/>
  </mem-info>
</gc-start>
<allocation-stats totalBytes="24114088" >
  <allocated-bytes non-tlh="0" tlh="24114088" arrayletleaf="0"/>
  <largest-consumer threadName="Thread-9" threadId="0000000002161100" bytes="6950024" />
</allocation-stats>
<gc-op id="313" type="copy forward" timems="2.107" contextid="310" timestamp="2019-06-17T07:01:02.845">
  <memory-copied type="eden" objects="3195" bytes="77928" bytesdiscarded="0" />
  <memory-copied type="other" objects="10192" bytes="381984" bytesdiscarded="0" />
  <memory-cardclean objects="7465" bytes="386248" />
  <regions eden="23" other="2" />
  <remembered-set-cleared processed="11634" cleared="644" durationms="0.157" />
  <stringconstants candidates="4597" cleared="0"  />
</gc-op>
<gc-op id="314" type="classunload" timems="0.002" contextid="310" timestamp="2019-06-17T07:01:02.845">
  <classunload-info classloadercandidates="8" classloadersunloaded="0" classesunloaded="0" anonymousclassesunloaded="0" quiescems="0.000" setupms="0.001" scanms="0.000" postms="0.000" />
</gc-op>
<gc-end id="315" type="partial gc" contextid="310" durationms="3.082" usertimems="4.000" systemtimems="0.000" timestamp="2019-06-17T07:01:02.845" activeThreads="1">
  <mem-info id="316" free="40894464" total="68157440" percent="60">
    <mem type="eden" free="970648" total="1048576" percent="92" />
    <remembered-set count="14720" freebytes="2661760" totalbytes="2720640" percent="97" regionsoverflowed="0" regionsstable="1" regionsrebuilding="0"/>
  </mem-info>
</gc-end>
<cycle-end id="317" type="partial gc" contextid="310" timestamp="2019-06-17T07:01:02.845" />
  <attribute name="elasticGC enabled" value="1" />
  <attribute name= "numThreadsSpecified" value="1" />
  <attribute name="heapSize specified" value="0" />
  <attribute name="Current GC Util" value="40" />
  <attribute name= "Current Time Running" value="1130" />
  <attribute name ="GC Interval" value="0" />
  <attribute name="ProportionalT" value="20.000000" />
  <attribute name="ProportionalI" value="20.000000" />
  <attribute name="ProportionalH" value="20.000000" />
  <attribute name="Current Error" value="20.000000" />
  <attribute name="IntegralT" value="0.000000" />
  <attribute name="IntegralI" value="0.000000" />
  <attribute name="IntegralH" value="0.000000" />
  <attribute name="DerivativeT" value="inf" />
  <attribute name="DerivativeI" value="inf" />
  <attribute name="DerivativeH" value="inf" />
  <attribute name="Loop Time for DT" value="0.000000" />
  <attribute name="Output H" value="8388608"/>
  <attribute name="Output I" value="200"/>
  <attribute name="Output T" value="1"/>
  <attribute name="Target GC Util Change" value ="20.000000" />
  <attribute name="Current GC Util Change" value="40.000000"/>
  <attribute name="GC Util currently" value="40" />
  <attribute name="CPU Util currently" value="16323165521522" />
<exclusive-end id="318" timestamp="2019-06-17T07:01:02.845" durationms="3.781" />

<exclusive-start id="319" timestamp="2019-06-17T07:01:02.861" intervalms="19.574">
  <response-info timems="0.031" idlems="0.031" threads="0" lastid="0000000002159900" lastname="Thread-7" />
</exclusive-start>
<allocation-taxation id="320" taxation-threshold="24117248" timestamp="2019-06-17T07:01:02.861" intervalms="19.623" />
<cycle-start id="321" type="partial gc" contextid="0" timestamp="2019-06-17T07:01:02.861" intervalms="19.624" />
<gc-start id="322" type="partial gc" contextid="321" timestamp="2019-06-17T07:01:02.862">
  <mem-info id="323" free="16777216" total="68157440" percent="24">
    <mem type="eden" free="0" total="24117248" percent="0" />
    <remembered-set count="14720" freebytes="2661760" totalbytes="2720640" percent="97" regionsoverflowed="0" regionsstable="1" regionsrebuilding="0"/>
  </mem-info>
</gc-start>
<allocation-stats totalBytes="24114024" >
  <allocated-bytes non-tlh="0" tlh="24114024" arrayletleaf="0"/>
  <largest-consumer threadName="Thread-9" threadId="0000000002161100" bytes="7359496" />
</allocation-stats>
<gc-op id="324" type="copy forward" timems="1.540" contextid="321" timestamp="2019-06-17T07:01:02.864">
  <memory-copied type="eden" objects="2647" bytes="64456" bytesdiscarded="0" />
  <memory-copied type="other" objects="2961" bytes="71064" bytesdiscarded="0" />
  <memory-cardclean objects="7845" bytes="400384" />
  <regions eden="23" other="1" />
  <remembered-set-cleared processed="12435" cleared="555" durationms="0.167" />
  <stringconstants candidates="4597" cleared="0"  />
</gc-op>
<gc-op id="325" type="classunload" timems="0.002" contextid="321" timestamp="2019-06-17T07:01:02.864">
  <classunload-info classloadercandidates="8" classloadersunloaded="0" classesunloaded="0" anonymousclassesunloaded="0" quiescems="0.000" setupms="0.001" scanms="0.000" postms="0.000" />
</gc-op>
<heap-resize id="326" type="expand" space="default" amount="3145728" count="1" timems="0.068" reason="excessive time being spent in gc" timestamp="2019-06-17T07:01:02.864" />
<gc-end id="327" type="partial gc" contextid="321" durationms="2.657" usertimems="0.000" systemtimems="0.000" timestamp="2019-06-17T07:01:02.864" activeThreads="1">
  <mem-info id="328" free="42991616" total="71303168" percent="60">
    <mem type="eden" free="984120" total="1048576" percent="93" />
    <remembered-set count="15616" freebytes="2783744" totalbytes="2846208" percent="97" regionsoverflowed="0" regionsstable="1" regionsrebuilding="0"/>
  </mem-info>
</gc-end>
<cycle-end id="329" type="partial gc" contextid="321" timestamp="2019-06-17T07:01:02.864" />
  <attribute name="elasticGC enabled" value="1" />
  <attribute name= "numThreadsSpecified" value="1" />
  <attribute name="heapSize specified" value="0" />
  <attribute name="Current GC Util" value="45" />
  <attribute name= "Current Time Running" value="1150" />
  <attribute name ="GC Interval" value="0" />
  <attribute name="ProportionalT" value="25.000000" />
  <attribute name="ProportionalI" value="25.000000" />
  <attribute name="ProportionalH" value="25.000000" />
  <attribute name="Current Error" value="25.000000" />
  <attribute name="IntegralT" value="0.000000" />
  <attribute name="IntegralI" value="0.000000" />
  <attribute name="IntegralH" value="0.000000" />
  <attribute name="DerivativeT" value="inf" />
  <attribute name="DerivativeI" value="inf" />
  <attribute name="DerivativeH" value="inf" />
  <attribute name="Loop Time for DT" value="0.000000" />
  <attribute name="Output H" value="8388608"/>
  <attribute name="Output I" value="200"/>
  <attribute name="Output T" value="1"/>
  <attribute name="Target GC Util Change" value ="20.000000" />
  <attribute name="Current GC Util Change" value="45.000000"/>
  <attribute name="GC Util currently" value="45" />
  <attribute name="CPU Util currently" value="20409573572535" />
<exclusive-end id="330" timestamp="2019-06-17T07:01:02.865" durationms="3.446" />

<exclusive-start id="331" timestamp="2019-06-17T07:01:02.880" intervalms="18.852">
  <response-info timems="0.021" idlems="0.021" threads="0" lastid="0000000002159900" lastname="Thread-7" />
</exclusive-start>
<allocation-taxation id="332" taxation-threshold="24117248" timestamp="2019-06-17T07:01:02.880" intervalms="18.856" />
<cycle-start id="333" type="partial gc" contextid="0" timestamp="2019-06-17T07:01:02.880" intervalms="18.876" />
<gc-start id="334" type="partial gc" contextid="333" timestamp="2019-06-17T07:01:02.880">
  <mem-info id="335" free="18874368" total="71303168" percent="26">
    <mem type="eden" free="0" total="24117248" percent="0" />
    <remembered-set count="12160" freebytes="2797568" totalbytes="2846208" percent="98" regionsoverflowed="0" regionsstable="2" regionsrebuilding="0"/>
  </mem-info>
</gc-start>
<allocation-stats totalBytes="24114032" >
  <allocated-bytes non-tlh="0" tlh="24114032" arrayletleaf="0"/>
  <largest-consumer threadName="Thread-7" threadId="0000000002159900" bytes="7527464" />
</allocation-stats>
<gc-op id="336" type="copy forward" timems="1.517" contextid="333" timestamp="2019-06-17T07:01:02.882">
  <memory-copied type="eden" objects="3340" bytes="81712" bytesdiscarded="0" />
  <memory-copied type="other" objects="2469" bytes="59256" bytesdiscarded="0" />
  <memory-cardclean objects="8219" bytes="399304" />
  <regions eden="23" other="1" />
  <remembered-set-cleared processed="9973" cleared="297" durationms="0.149" />
  <stringconstants candidates="4597" cleared="0"  />
</gc-op>
<gc-op id="337" type="classunload" timems="0.002" contextid="333" timestamp="2019-06-17T07:01:02.883">
  <classunload-info classloadercandidates="8" classloadersunloaded="0" classesunloaded="0" anonymousclassesunloaded="0" quiescems="0.000" setupms="0.002" scanms="0.000" postms="0.000" />
</gc-op>
<heap-resize id="338" type="expand" space="default" amount="2097152" count="1" timems="0.058" reason="excessive time being spent in gc" timestamp="2019-06-17T07:01:02.883" />
<gc-end id="339" type="partial gc" contextid="333" durationms="2.532" usertimems="0.000" systemtimems="0.000" timestamp="2019-06-17T07:01:02.883" activeThreads="1">
  <mem-info id="340" free="44040192" total="73400320" percent="60">
    <mem type="eden" free="966864" total="1048576" percent="92" />
    <remembered-set count="12896" freebytes="2878336" totalbytes="2929920" percent="98" regionsoverflowed="0" regionsstable="2" regionsrebuilding="0"/>
  </mem-info>
</gc-end>
<cycle-end id="341" type="partial gc" contextid="333" timestamp="2019-06-17T07:01:02.883" />
  <attribute name="elasticGC enabled" value="1" />
  <attribute name= "numThreadsSpecified" value="1" />
  <attribute name="heapSize specified" value="0" />
  <attribute name="Current GC Util" value="44" />
  <attribute name= "Current Time Running" value="1169" />
  <attribute name ="GC Interval" value="0" />
  <attribute name="ProportionalT" value="24.000000" />
  <attribute name="ProportionalI" value="24.000000" />
  <attribute name="ProportionalH" value="24.000000" />
  <attribute name="Current Error" value="24.000000" />
  <attribute name="IntegralT" value="0.000000" />
  <attribute name="IntegralI" value="0.000000" />
  <attribute name="IntegralH" value="0.000000" />
  <attribute name="DerivativeT" value="inf" />
  <attribute name="DerivativeI" value="inf" />
  <attribute name="DerivativeH" value="inf" />
  <attribute name="Loop Time for DT" value="0.000000" />
  <attribute name="Output H" value="8388608"/>
  <attribute name="Output I" value="200"/>
  <attribute name="Output T" value="1"/>
  <attribute name="Target GC Util Change" value ="20.000000" />
  <attribute name="Current GC Util Change" value="44.000000"/>
  <attribute name="GC Util currently" value="44" />
  <attribute name="CPU Util currently" value="21436043152345" />
<exclusive-end id="342" timestamp="2019-06-17T07:01:02.883" durationms="3.327" />

<exclusive-start id="343" timestamp="2019-06-17T07:01:02.900" intervalms="19.533">
  <response-info timems="0.040" idlems="0.040" threads="0" lastid="0000000002155D00" lastname="Thread-8" />
</exclusive-start>
<allocation-taxation id="344" taxation-threshold="25165824" timestamp="2019-06-17T07:01:02.900" intervalms="19.545" />
<cycle-start id="345" type="partial gc" contextid="0" timestamp="2019-06-17T07:01:02.900" intervalms="19.572" />
<gc-start id="346" type="partial gc" contextid="345" timestamp="2019-06-17T07:01:02.900">
  <mem-info id="347" free="18874368" total="73400320" percent="25">
    <mem type="eden" free="0" total="25165824" percent="0" />
    <remembered-set count="12736" freebytes="2878976" totalbytes="2929920" percent="98" regionsoverflowed="0" regionsstable="2" regionsrebuilding="0"/>
  </mem-info>
</gc-start>
<allocation-stats totalBytes="25162768" >
  <allocated-bytes non-tlh="0" tlh="25162768" arrayletleaf="0"/>
  <largest-consumer threadName="Thread-9" threadId="0000000002161100" bytes="7392344" />
</allocation-stats>
<gc-op id="348" type="copy forward" timems="2.679" contextid="345" timestamp="2019-06-17T07:01:02.903">
  <memory-copied type="eden" objects="18049" bytes="709224" bytesdiscarded="0" />
  <memory-copied type="other" objects="3032" bytes="72768" bytesdiscarded="0" />
  <memory-cardclean objects="7723" bytes="383632" />
  <regions eden="24" other="1" />
  <remembered-set-cleared processed="10468" cleared="318" durationms="0.151" />
  <stringconstants candidates="4597" cleared="0"  />
</gc-op>
<gc-op id="349" type="classunload" timems="0.002" contextid="345" timestamp="2019-06-17T07:01:02.903">
  <classunload-info classloadercandidates="8" classloadersunloaded="0" classesunloaded="0" anonymousclassesunloaded="0" quiescems="0.000" setupms="0.002" scanms="0.000" postms="0.000" />
</gc-op>
<heap-resize id="350" type="expand" space="default" amount="3145728" count="1" timems="0.065" reason="excessive time being spent in gc" timestamp="2019-06-17T07:01:02.904" />
<gc-end id="351" type="partial gc" contextid="345" durationms="3.690" usertimems="0.000" systemtimems="0.000" timestamp="2019-06-17T07:01:02.904" activeThreads="1">
  <mem-info id="352" free="46137344" total="76546048" percent="60">
    <mem type="eden" free="339352" total="1048576" percent="32" />
    <remembered-set count="13344" freebytes="3002112" totalbytes="3055488" percent="98" regionsoverflowed="0" regionsstable="2" regionsrebuilding="0"/>
  </mem-info>
</gc-end>
<cycle-end id="353" type="partial gc" contextid="345" timestamp="2019-06-17T07:01:02.904" />
  <attribute name="elasticGC enabled" value="1" />
  <attribute name= "numThreadsSpecified" value="1" />
  <attribute name="heapSize specified" value="0" />
  <attribute name="Current GC Util" value="44" />
  <attribute name= "Current Time Running" value="1188" />
  <attribute name ="GC Interval" value="0" />
  <attribute name="ProportionalT" value="24.000000" />
  <attribute name="ProportionalI" value="24.000000" />
  <attribute name="ProportionalH" value="24.000000" />
  <attribute name="Current Error" value="24.000000" />
  <attribute name="IntegralT" value="0.000000" />
  <attribute name="IntegralI" value="0.000000" />
  <attribute name="IntegralH" value="0.000000" />
  <attribute name="DerivativeT" value="inf" />
  <attribute name="DerivativeI" value="inf" />
  <attribute name="DerivativeH" value="inf" />
  <attribute name="Loop Time for DT" value="0.000000" />
  <attribute name="Output H" value="8388608"/>
  <attribute name="Output I" value="200"/>
  <attribute name="Output T" value="1"/>
  <attribute name="Target GC Util Change" value ="20.000000" />
  <attribute name="Current GC Util Change" value="44.000000"/>
  <attribute name="GC Util currently" value="44" />
  <attribute name="CPU Util currently" value="21479373905375" />
<exclusive-end id="354" timestamp="2019-06-17T07:01:02.904" durationms="4.504" />

<exclusive-start id="355" timestamp="2019-06-17T07:01:02.923" intervalms="23.733">
  <response-info timems="0.332" idlems="0.332" threads="0" lastid="0000000002155D00" lastname="Thread-8" />
</exclusive-start>
<allocation-taxation id="356" taxation-threshold="26214400" timestamp="2019-06-17T07:01:02.923" intervalms="23.659" />
<cycle-start id="357" type="partial gc" contextid="0" timestamp="2019-06-17T07:01:02.923" intervalms="23.636" />
<gc-start id="358" type="partial gc" contextid="357" timestamp="2019-06-17T07:01:02.924">
  <mem-info id="359" free="19922944" total="76546048" percent="26">
    <mem type="eden" free="0" total="26214400" percent="0" />
    <remembered-set count="13088" freebytes="3003136" totalbytes="3055488" percent="98" regionsoverflowed="0" regionsstable="3" regionsrebuilding="0"/>
  </mem-info>
</gc-start>
<allocation-stats totalBytes="26210992" >
  <allocated-bytes non-tlh="0" tlh="26210992" arrayletleaf="0"/>
  <largest-consumer threadName="Thread-7" threadId="0000000002159900" bytes="6917264" />
</allocation-stats>
<gc-op id="360" type="copy forward" timems="2.628" contextid="357" timestamp="2019-06-17T07:01:02.927">
  <memory-copied type="eden" objects="10585" bytes="392680" bytesdiscarded="0" />
  <memory-copied type="other" objects="10351" bytes="385800" bytesdiscarded="0" />
  <memory-cardclean objects="5449" bytes="274864" />
  <regions eden="25" other="1" />
  <remembered-set-cleared processed="10939" cleared="370" durationms="0.163" />
  <stringconstants candidates="4597" cleared="0"  />
</gc-op>
<gc-op id="361" type="classunload" timems="0.002" contextid="357" timestamp="2019-06-17T07:01:02.927">
  <classunload-info classloadercandidates="8" classloadersunloaded="0" classesunloaded="0" anonymousclassesunloaded="0" quiescems="0.000" setupms="0.002" scanms="0.000" postms="0.000" />
</gc-op>
<heap-resize id="362" type="expand" space="default" amount="2097152" count="1" timems="0.058" reason="excessive time being spent in gc" timestamp="2019-06-17T07:01:02.927" />
<gc-end id="363" type="partial gc" contextid="357" durationms="3.676" usertimems="0.000" systemtimems="4.000" timestamp="2019-06-17T07:01:02.927" activeThreads="1">
  <mem-info id="364" free="47185920" total="78643200" percent="60">
    <mem type="eden" free="655896" total="1048576" percent="62" />
    <remembered-set count="13760" freebytes="3084160" totalbytes="3139200" percent="98" regionsoverflowed="0" regionsstable="3" regionsrebuilding="0"/>
  </mem-info>
</gc-end>
<cycle-end id="365" type="partial gc" contextid="357" timestamp="2019-06-17T07:01:02.927" />
  <attribute name="elasticGC enabled" value="1" />
  <attribute name= "numThreadsSpecified" value="1" />
  <attribute name="heapSize specified" value="0" />
  <attribute name="Current GC Util" value="56" />
  <attribute name= "Current Time Running" value="1212" />
  <attribute name ="GC Interval" value="0" />
  <attribute name="ProportionalT" value="36.000000" />
  <attribute name="ProportionalI" value="36.000000" />
  <attribute name="ProportionalH" value="36.000000" />
  <attribute name="Current Error" value="36.000000" />
  <attribute name="IntegralT" value="0.000000" />
  <attribute name="IntegralI" value="0.000000" />
  <attribute name="IntegralH" value="0.000000" />
  <attribute name="DerivativeT" value="inf" />
  <attribute name="DerivativeI" value="inf" />
  <attribute name="DerivativeH" value="inf" />
  <attribute name="Loop Time for DT" value="0.000000" />
  <attribute name="Output H" value="8388608"/>
  <attribute name="Output I" value="200"/>
  <attribute name="Output T" value="1"/>
  <attribute name="Target GC Util Change" value ="20.000000" />
  <attribute name="Current GC Util Change" value="56.000000"/>
  <attribute name="GC Util currently" value="56" />
  <attribute name="CPU Util currently" value="22647157693857" />
<exclusive-end id="366" timestamp="2019-06-17T07:01:02.928" durationms="4.421" />

<exclusive-start id="367" timestamp="2019-06-17T07:01:02.948" intervalms="24.301">
  <response-info timems="0.254" idlems="0.254" threads="0" lastid="0000000002155D00" lastname="Thread-8" />
</exclusive-start>
<allocation-taxation id="368" taxation-threshold="26214400" timestamp="2019-06-17T07:01:02.948" intervalms="24.301" />
<cycle-start id="369" type="partial gc" contextid="0" timestamp="2019-06-17T07:01:02.948" intervalms="24.265" />
<gc-start id="370" type="partial gc" contextid="369" timestamp="2019-06-17T07:01:02.948">
  <mem-info id="371" free="20971520" total="78643200" percent="26">
    <mem type="eden" free="0" total="26214400" percent="0" />
    <remembered-set count="13696" freebytes="3084416" totalbytes="3139200" percent="98" regionsoverflowed="0" regionsstable="3" regionsrebuilding="0"/>
  </mem-info>
</gc-start>
<allocation-stats totalBytes="26211184" >
  <allocated-bytes non-tlh="0" tlh="26211184" arrayletleaf="0"/>
  <largest-consumer threadName="Thread-8" threadId="0000000002155D00" bytes="8092792" />
</allocation-stats>
<gc-op id="372" type="copy forward" timems="3.355" contextid="369" timestamp="2019-06-17T07:01:02.952">
  <memory-copied type="eden" objects="21737" bytes="935384" bytesdiscarded="0" />
  <memory-copied type="other" objects="10341" bytes="385560" bytesdiscarded="0" />
  <memory-cardclean objects="6771" bytes="360616" />
  <regions eden="25" other="1" />
  <remembered-set-cleared processed="11401" cleared="283" durationms="0.168" />
  <stringconstants candidates="4597" cleared="0"  />
</gc-op>
<gc-op id="373" type="classunload" timems="0.002" contextid="369" timestamp="2019-06-17T07:01:02.952">
  <classunload-info classloadercandidates="8" classloadersunloaded="0" classesunloaded="0" anonymousclassesunloaded="0" quiescems="0.000" setupms="0.002" scanms="0.000" postms="0.000" />
</gc-op>
<heap-resize id="374" type="expand" space="default" amount="3145728" count="1" timems="0.065" reason="excessive time being spent in gc" timestamp="2019-06-17T07:01:02.952" />
<gc-end id="375" type="partial gc" contextid="369" durationms="4.311" usertimems="4.000" systemtimems="4.000" timestamp="2019-06-17T07:01:02.952" activeThreads="1">
  <mem-info id="376" free="49283072" total="81788928" percent="60">
    <mem type="eden" free="113192" total="1048576" percent="10" />
    <remembered-set count="14304" freebytes="3207552" totalbytes="3264768" percent="98" regionsoverflowed="0" regionsstable="3" regionsrebuilding="0"/>
  </mem-info>
</gc-end>
<cycle-end id="377" type="partial gc" contextid="369" timestamp="2019-06-17T07:01:02.952" />
  <attribute name="elasticGC enabled" value="1" />
  <attribute name= "numThreadsSpecified" value="1" />
  <attribute name="heapSize specified" value="0" />
  <attribute name="Current GC Util" value="64" />
  <attribute name= "Current Time Running" value="1236" />
  <attribute name ="GC Interval" value="0" />
  <attribute name="ProportionalT" value="44.000000" />
  <attribute name="ProportionalI" value="44.000000" />
  <attribute name="ProportionalH" value="44.000000" />
  <attribute name="Current Error" value="44.000000" />
  <attribute name="IntegralT" value="0.000000" />
  <attribute name="IntegralI" value="0.000000" />
  <attribute name="IntegralH" value="0.000000" />
  <attribute name="DerivativeT" value="inf" />
  <attribute name="DerivativeI" value="inf" />
  <attribute name="DerivativeH" value="inf" />
  <attribute name="Loop Time for DT" value="0.000000" />
  <attribute name="Output H" value="8388608"/>
  <attribute name="Output I" value="200"/>
  <attribute name="Output T" value="1"/>
  <attribute name="Target GC Util Change" value ="20.000000" />
  <attribute name="Current GC Util Change" value="64.000000"/>
  <attribute name="GC Util currently" value="64" />
  <attribute name="CPU Util currently" value="22830693905419" />
<exclusive-end id="378" timestamp="2019-06-17T07:01:02.953" durationms="4.995" />

<exclusive-start id="379" timestamp="2019-06-17T07:01:02.972" intervalms="24.685">
  <response-info timems="0.301" idlems="0.301" threads="0" lastid="0000000002155D00" lastname="Thread-8" />
</exclusive-start>
<allocation-taxation id="380" taxation-threshold="27262976" timestamp="2019-06-17T07:01:02.972" intervalms="24.687" />
<cycle-start id="381" type="partial gc" contextid="0" timestamp="2019-06-17T07:01:02.972" intervalms="24.714" />
<gc-start id="382" type="partial gc" contextid="381" timestamp="2019-06-17T07:01:02.973">
  <mem-info id="383" free="22020096" total="81788928" percent="26">
    <mem type="eden" free="0" total="27262976" percent="0" />
    <remembered-set count="14080" freebytes="3208448" totalbytes="3264768" percent="98" regionsoverflowed="0" regionsstable="3" regionsrebuilding="0"/>
  </mem-info>
</gc-start>
<allocation-stats totalBytes="27259616" >
  <allocated-bytes non-tlh="0" tlh="27259616" arrayletleaf="0"/>
  <largest-consumer threadName="Thread-8" threadId="0000000002155D00" bytes="7707680" />
</allocation-stats>
<gc-op id="384" type="copy forward" timems="2.795" contextid="381" timestamp="2019-06-17T07:01:02.976">
  <memory-copied type="eden" objects="2069" bytes="51096" bytesdiscarded="0" />
  <memory-copied type="other" objects="21409" bytes="925944" bytesdiscarded="0" />
  <memory-cardclean objects="3683" bytes="213088" />
  <regions eden="26" other="1" />
  <remembered-set-cleared processed="12003" cleared="295" durationms="0.173" />
  <stringconstants candidates="4597" cleared="0"  />
</gc-op>
<gc-op id="385" type="classunload" timems="0.002" contextid="381" timestamp="2019-06-17T07:01:02.976">
  <classunload-info classloadercandidates="8" classloadersunloaded="0" classesunloaded="0" anonymousclassesunloaded="0" quiescems="0.000" setupms="0.002" scanms="0.000" postms="0.000" />
</gc-op>
<heap-resize id="386" type="expand" space="default" amount="2097152" count="1" timems="0.059" reason="excessive time being spent in gc" timestamp="2019-06-17T07:01:02.976" />
<gc-end id="387" type="partial gc" contextid="381" durationms="3.644" usertimems="8.000" systemtimems="0.000" timestamp="2019-06-17T07:01:02.976" activeThreads="1">
  <mem-info id="388" free="50331648" total="83886080" percent="60">
    <mem type="eden" free="997480" total="1048576" percent="95" />
    <remembered-set count="14912" freebytes="3288832" totalbytes="3348480" percent="98" regionsoverflowed="0" regionsstable="3" regionsrebuilding="0"/>
  </mem-info>
</gc-end>
<cycle-end id="389" type="partial gc" contextid="381" timestamp="2019-06-17T07:01:02.976" />
  <attribute name="elasticGC enabled" value="1" />
  <attribute name= "numThreadsSpecified" value="1" />
  <attribute name="heapSize specified" value="0" />
  <attribute name="Current GC Util" value="43" />
  <attribute name= "Current Time Running" value="1261" />
  <attribute name ="GC Interval" value="0" />
  <attribute name="ProportionalT" value="23.000000" />
  <attribute name="ProportionalI" value="23.000000" />
  <attribute name="ProportionalH" value="23.000000" />
  <attribute name="Current Error" value="23.000000" />
  <attribute name="IntegralT" value="0.000000" />
  <attribute name="IntegralI" value="0.000000" />
  <attribute name="IntegralH" value="0.000000" />
  <attribute name="DerivativeT" value="inf" />
  <attribute name="DerivativeI" value="inf" />
  <attribute name="DerivativeH" value="inf" />
  <attribute name="Loop Time for DT" value="0.000000" />
  <attribute name="Output H" value="8388608"/>
  <attribute name="Output I" value="200"/>
  <attribute name="Output T" value="1"/>
  <attribute name="Target GC Util Change" value ="20.000000" />
  <attribute name="Current GC Util Change" value="43.000000"/>
  <attribute name="GC Util currently" value="43" />
  <attribute name="CPU Util currently" value="20458193662126" />
<exclusive-end id="390" timestamp="2019-06-17T07:01:02.976" durationms="4.199" />

<exclusive-start id="391" timestamp="2019-06-17T07:01:02.998" intervalms="25.550">
  <response-info timems="0.043" idlems="0.043" threads="0" lastid="0000000002161100" lastname="Thread-9" />
</exclusive-start>
<allocation-taxation id="392" taxation-threshold="27262976" timestamp="2019-06-17T07:01:02.998" intervalms="25.591" />
<cycle-start id="393" type="partial gc" contextid="0" timestamp="2019-06-17T07:01:02.998" intervalms="25.597" />
<gc-start id="394" type="partial gc" contextid="393" timestamp="2019-06-17T07:01:02.998">
  <mem-info id="395" free="23068672" total="83886080" percent="27">
    <mem type="eden" free="0" total="27262976" percent="0" />
    <remembered-set count="14528" freebytes="3290368" totalbytes="3348480" percent="98" regionsoverflowed="0" regionsstable="3" regionsrebuilding="0"/>
  </mem-info>
</gc-start>
<allocation-stats totalBytes="27259736" >
  <allocated-bytes non-tlh="0" tlh="27259736" arrayletleaf="0"/>
  <largest-consumer threadName="Thread-8" threadId="0000000002155D00" bytes="8944576" />
</allocation-stats>
<gc-op id="396" type="copy forward" timems="1.730" contextid="393" timestamp="2019-06-17T07:01:03.001">
  <memory-copied type="eden" objects="2135" bytes="52712" bytesdiscarded="880" />
  <memory-copied type="other" objects="1775" bytes="42600" bytesdiscarded="520" />
  <memory-cardclean objects="5620" bytes="331984" />
  <regions eden="26" other="1" />
  <remembered-set-cleared processed="12385" cleared="67" durationms="0.123" />
  <stringconstants candidates="4597" cleared="0"  />
</gc-op>
<gc-op id="397" type="classunload" timems="0.002" contextid="393" timestamp="2019-06-17T07:01:03.001">
  <classunload-info classloadercandidates="8" classloadersunloaded="0" classesunloaded="0" anonymousclassesunloaded="0" quiescems="0.000" setupms="0.002" scanms="0.000" postms="0.000" />
</gc-op>
<heap-resize id="398" type="expand" space="default" amount="3145728" count="1" timems="0.066" reason="excessive time being spent in gc" timestamp="2019-06-17T07:01:03.001" />
<gc-end id="399" type="partial gc" contextid="393" durationms="2.714" usertimems="4.000" systemtimems="4.000" timestamp="2019-06-17T07:01:03.001" activeThreads="4">
  <mem-info id="400" free="52428800" total="87031808" percent="60">
    <mem type="eden" free="994984" total="1048576" percent="94" />
    <remembered-set count="15104" freebytes="3413632" totalbytes="3474048" percent="98" regionsoverflowed="0" regionsstable="3" regionsrebuilding="0"/>
  </mem-info>
</gc-end>
<cycle-end id="401" type="partial gc" contextid="393" timestamp="2019-06-17T07:01:03.001" />
  <attribute name="elasticGC enabled" value="1" />
  <attribute name= "numThreadsSpecified" value="4" />
  <attribute name="heapSize specified" value="0" />
  <attribute name="Current GC Util" value="35" />
  <attribute name= "Current Time Running" value="1287" />
  <attribute name ="GC Interval" value="0" />
  <attribute name="ProportionalT" value="15.000000" />
  <attribute name="ProportionalI" value="15.000000" />
  <attribute name="ProportionalH" value="15.000000" />
  <attribute name="Current Error" value="15.000000" />
  <attribute name="IntegralT" value="15.000000" />
  <attribute name="IntegralI" value="15.000000" />
  <attribute name="IntegralH" value="15.000000" />
  <attribute name="DerivativeT" value="15.000000" />
  <attribute name="DerivativeI" value="15.000000" />
  <attribute name="DerivativeH" value="15.000000" />
  <attribute name="Loop Time for DT" value="1.000000" />
  <attribute name="Output H" value="8388608"/>
  <attribute name="Output I" value="200"/>
  <attribute name="Output T" value="4"/>
  <attribute name="Target GC Util Change" value ="20.000000" />
  <attribute name="Current GC Util Change" value="35.000000"/>
  <attribute name="GC Util currently" value="35" />
  <attribute name="CPU Util currently" value="16149904625109" />
<exclusive-end id="402" timestamp="2019-06-17T07:01:03.001" durationms="3.319" />

<exclusive-start id="403" timestamp="2019-06-17T07:01:03.024" intervalms="25.812">
  <response-info timems="0.091" idlems="0.091" threads="0" lastid="0000000002159900" lastname="Thread-7" />
</exclusive-start>
<allocation-taxation id="404" taxation-threshold="28311552" timestamp="2019-06-17T07:01:03.024" intervalms="25.773" />
<cycle-start id="405" type="partial gc" contextid="0" timestamp="2019-06-17T07:01:03.024" intervalms="25.730" />
<gc-start id="406" type="partial gc" contextid="405" timestamp="2019-06-17T07:01:03.024">
  <mem-info id="407" free="24117248" total="87031808" percent="27">
    <mem type="eden" free="0" total="28311552" percent="0" />
    <remembered-set count="14848" freebytes="3414656" totalbytes="3474048" percent="98" regionsoverflowed="0" regionsstable="3" regionsrebuilding="0"/>
  </mem-info>
</gc-start>
<allocation-stats totalBytes="28308272" >
  <allocated-bytes non-tlh="0" tlh="28308272" arrayletleaf="0"/>
  <largest-consumer threadName="Thread-8" threadId="0000000002155D00" bytes="8449128" />
</allocation-stats>
<gc-op id="408" type="copy forward" timems="1.394" contextid="405" timestamp="2019-06-17T07:01:03.026">
  <memory-copied type="eden" objects="1949" bytes="48344" bytesdiscarded="0" />
  <memory-copied type="other" objects="1830" bytes="43920" bytesdiscarded="0" />
  <memory-cardclean objects="6083" bytes="296752" />
  <regions eden="27" other="1" />
  <remembered-set-cleared processed="12820" cleared="290" durationms="0.178" />
  <stringconstants candidates="4597" cleared="0"  />
</gc-op>
<gc-op id="409" type="classunload" timems="0.002" contextid="405" timestamp="2019-06-17T07:01:03.026">
  <classunload-info classloadercandidates="8" classloadersunloaded="0" classesunloaded="0" anonymousclassesunloaded="0" quiescems="0.000" setupms="0.002" scanms="0.000" postms="0.000" />
</gc-op>
<heap-resize id="410" type="expand" space="default" amount="2097152" count="1" timems="0.056" reason="excessive time being spent in gc" timestamp="2019-06-17T07:01:03.026" />
<gc-end id="411" type="partial gc" contextid="405" durationms="2.397" usertimems="4.000" systemtimems="0.000" timestamp="2019-06-17T07:01:03.026" activeThreads="1">
  <mem-info id="412" free="53477376" total="89128960" percent="60">
    <mem type="eden" free="1000232" total="1048576" percent="95" />
    <remembered-set count="15584" freebytes="3495424" totalbytes="3557760" percent="98" regionsoverflowed="0" regionsstable="3" regionsrebuilding="0"/>
  </mem-info>
</gc-end>
<cycle-end id="413" type="partial gc" contextid="405" timestamp="2019-06-17T07:01:03.026" />
  <attribute name="elasticGC enabled" value="1" />
  <attribute name= "numThreadsSpecified" value="1" />
  <attribute name="heapSize specified" value="0" />
  <attribute name="Current GC Util" value="36" />
  <attribute name= "Current Time Running" value="1312" />
  <attribute name ="GC Interval" value="0" />
  <attribute name="ProportionalT" value="16.000000" />
  <attribute name="ProportionalI" value="16.000000" />
  <attribute name="ProportionalH" value="16.000000" />
  <attribute name="Current Error" value="16.000000" />
  <attribute name="IntegralT" value="0.000000" />
  <attribute name="IntegralI" value="0.000000" />
  <attribute name="IntegralH" value="0.000000" />
  <attribute name="DerivativeT" value="inf" />
  <attribute name="DerivativeI" value="inf" />
  <attribute name="DerivativeH" value="inf" />
  <attribute name="Loop Time for DT" value="0.000000" />
  <attribute name="Output H" value="8388608"/>
  <attribute name="Output I" value="200"/>
  <attribute name="Output T" value="1"/>
  <attribute name="Target GC Util Change" value ="20.000000" />
  <attribute name="Current GC Util Change" value="36.000000"/>
  <attribute name="GC Util currently" value="36" />
  <attribute name="CPU Util currently" value="21036410316112" />
<exclusive-end id="414" timestamp="2019-06-17T07:01:03.027" durationms="3.107" />

<exclusive-start id="415" timestamp="2019-06-17T07:01:03.052" intervalms="28.056">
  <response-info timems="0.285" idlems="0.284" threads="1" lastid="0000000002161100" lastname="Thread-9" />
</exclusive-start>
<allocation-taxation id="416" taxation-threshold="28311552" timestamp="2019-06-17T07:01:03.054" intervalms="30.145" />
<cycle-start id="417" type="partial gc" contextid="0" timestamp="2019-06-17T07:01:03.056" intervalms="31.812" />
<gc-start id="418" type="partial gc" contextid="417" timestamp="2019-06-17T07:01:03.056">
  <mem-info id="419" free="25165824" total="89128960" percent="28">
    <mem type="eden" free="0" total="28311552" percent="0" />
    <remembered-set count="15168" freebytes="3497088" totalbytes="3557760" percent="98" regionsoverflowed="0" regionsstable="3" regionsrebuilding="0"/>
  </mem-info>
</gc-start>
<allocation-stats totalBytes="28307896" >
  <allocated-bytes non-tlh="0" tlh="28307896" arrayletleaf="0"/>
  <largest-consumer threadName="Thread-10" threadId="000000000215D500" bytes="8813560" />
</allocation-stats>
<gc-op id="420" type="copy forward" timems="2.036" contextid="417" timestamp="2019-06-17T07:01:03.059">
  <memory-copied type="eden" objects="2149" bytes="53184" bytesdiscarded="856" />
  <memory-copied type="other" objects="1642" bytes="39408" bytesdiscarded="144" />
  <memory-cardclean objects="6010" bytes="293656" />
  <regions eden="27" other="1" />
  <remembered-set-cleared processed="13237" cleared="361" durationms="0.154" />
  <stringconstants candidates="4597" cleared="0"  />
</gc-op>
<gc-op id="421" type="classunload" timems="0.003" contextid="417" timestamp="2019-06-17T07:01:03.059">
  <classunload-info classloadercandidates="8" classloadersunloaded="0" classesunloaded="0" anonymousclassesunloaded="0" quiescems="0.000" setupms="0.003" scanms="0.000" postms="0.000" />
</gc-op>
<gc-end id="422" type="partial gc" contextid="417" durationms="3.230" usertimems="4.000" systemtimems="0.000" timestamp="2019-06-17T07:01:03.059" activeThreads="4">
  <mem-info id="423" free="52428800" total="89128960" percent="58">
    <mem type="eden" free="994536" total="1048576" percent="94" />
    <remembered-set count="15744" freebytes="3494784" totalbytes="3557760" percent="98" regionsoverflowed="0" regionsstable="3" regionsrebuilding="0"/>
  </mem-info>
</gc-end>
<cycle-end id="424" type="partial gc" contextid="417" timestamp="2019-06-17T07:01:03.059" />
  <attribute name="elasticGC enabled" value="1" />
  <attribute name= "numThreadsSpecified" value="4" />
  <attribute name="heapSize specified" value="0" />
  <attribute name="Current GC Util" value="34" />
  <attribute name= "Current Time Running" value="1345" />
  <attribute name ="GC Interval" value="0" />
  <attribute name="ProportionalT" value="14.000000" />
  <attribute name="ProportionalI" value="14.000000" />
  <attribute name="ProportionalH" value="14.000000" />
  <attribute name="Current Error" value="14.000000" />
  <attribute name="IntegralT" value="14.000000" />
  <attribute name="IntegralI" value="14.000000" />
  <attribute name="IntegralH" value="14.000000" />
  <attribute name="DerivativeT" value="14.000000" />
  <attribute name="DerivativeI" value="14.000000" />
  <attribute name="DerivativeH" value="14.000000" />
  <attribute name="Loop Time for DT" value="1.000000" />
  <attribute name="Output H" value="8388608"/>
  <attribute name="Output I" value="200"/>
  <attribute name="Output T" value="4"/>
  <attribute name="Target GC Util Change" value ="20.000000" />
  <attribute name="Current GC Util Change" value="34.000000"/>
  <attribute name="GC Util currently" value="34" />
  <attribute name="CPU Util currently" value="14091810838722" />
<exclusive-end id="425" timestamp="2019-06-17T07:01:03.059" durationms="7.751" />

<exclusive-start id="426" timestamp="2019-06-17T07:01:03.087" intervalms="34.811">
  <response-info timems="0.027" idlems="0.027" threads="0" lastid="0000000002155D00" lastname="Thread-8" />
</exclusive-start>
<allocation-taxation id="427" taxation-threshold="28311552" timestamp="2019-06-17T07:01:03.087" intervalms="32.805" />
<cycle-start id="428" type="partial gc" contextid="0" timestamp="2019-06-17T07:01:03.087" intervalms="31.214" />
<gc-start id="429" type="partial gc" contextid="428" timestamp="2019-06-17T07:01:03.087">
  <mem-info id="430" free="24117248" total="89128960" percent="27">
    <mem type="eden" free="0" total="28311552" percent="0" />
    <remembered-set count="15680" freebytes="3495040" totalbytes="3557760" percent="98" regionsoverflowed="0" regionsstable="3" regionsrebuilding="0"/>
  </mem-info>
</gc-start>
<allocation-stats totalBytes="28308152" >
  <allocated-bytes non-tlh="0" tlh="28308152" arrayletleaf="0"/>
  <largest-consumer threadName="Thread-10" threadId="000000000215D500" bytes="9681752" />
</allocation-stats>
<gc-op id="431" type="copy forward" timems="1.531" contextid="428" timestamp="2019-06-17T07:01:03.089">
  <memory-copied type="eden" objects="2444" bytes="59728" bytesdiscarded="0" />
  <memory-copied type="other" objects="1840" bytes="44160" bytesdiscarded="0" />
  <memory-cardclean objects="6747" bytes="328912" />
  <regions eden="27" other="1" />
  <remembered-set-cleared processed="13640" cleared="367" durationms="0.196" />
  <stringconstants candidates="4597" cleared="0"  />
</gc-op>
<gc-op id="432" type="classunload" timems="0.002" contextid="428" timestamp="2019-06-17T07:01:03.089">
  <classunload-info classloadercandidates="8" classloadersunloaded="0" classesunloaded="0" anonymousclassesunloaded="0" quiescems="0.000" setupms="0.002" scanms="0.000" postms="0.000" />
</gc-op>
<heap-resize id="433" type="expand" space="default" amount="5242880" count="1" timems="0.079" reason="excessive time being spent in gc" timestamp="2019-06-17T07:01:03.089" />
<gc-end id="434" type="partial gc" contextid="428" durationms="2.546" usertimems="8.000" systemtimems="0.000" timestamp="2019-06-17T07:01:03.090" activeThreads="1">
  <mem-info id="435" free="56623104" total="94371840" percent="60">
    <mem type="eden" free="988848" total="1048576" percent="94" />
    <remembered-set count="16320" freebytes="3701760" totalbytes="3767040" percent="98" regionsoverflowed="0" regionsstable="3" regionsrebuilding="0"/>
  </mem-info>
</gc-end>
<cycle-end id="436" type="partial gc" contextid="428" timestamp="2019-06-17T07:01:03.090" />
  <attribute name="elasticGC enabled" value="1" />
  <attribute name= "numThreadsSpecified" value="1" />
  <attribute name="heapSize specified" value="0" />
  <attribute name="Current GC Util" value="38" />
  <attribute name= "Current Time Running" value="1375" />
  <attribute name ="GC Interval" value="0" />
  <attribute name="ProportionalT" value="18.000000" />
  <attribute name="ProportionalI" value="18.000000" />
  <attribute name="ProportionalH" value="18.000000" />
  <attribute name="Current Error" value="18.000000" />
  <attribute name="IntegralT" value="0.000000" />
  <attribute name="IntegralI" value="0.000000" />
  <attribute name="IntegralH" value="0.000000" />
  <attribute name="DerivativeT" value="inf" />
  <attribute name="DerivativeI" value="inf" />
  <attribute name="DerivativeH" value="inf" />
  <attribute name="Loop Time for DT" value="0.000000" />
  <attribute name="Output H" value="8388608"/>
  <attribute name="Output I" value="200"/>
  <attribute name="Output T" value="1"/>
  <attribute name="Target GC Util Change" value ="20.000000" />
  <attribute name="Current GC Util Change" value="38.000000"/>
  <attribute name="GC Util currently" value="38" />
  <attribute name="CPU Util currently" value="18671625112796" />
<exclusive-end id="437" timestamp="2019-06-17T07:01:03.090" durationms="3.419" />

<exclusive-start id="438" timestamp="2019-06-17T07:01:03.113" intervalms="26.636">
  <response-info timems="0.035" idlems="0.035" threads="0" lastid="000000000215D500" lastname="Thread-10" />
</exclusive-start>
<allocation-taxation id="439" taxation-threshold="30408704" timestamp="2019-06-17T07:01:03.113" intervalms="26.614" />
<cycle-start id="440" type="partial gc" contextid="0" timestamp="2019-06-17T07:01:03.113" intervalms="26.564" />
<gc-start id="441" type="partial gc" contextid="440" timestamp="2019-06-17T07:01:03.114">
  <mem-info id="442" free="26214400" total="94371840" percent="27">
    <mem type="eden" free="0" total="30408704" percent="0" />
    <remembered-set count="16064" freebytes="3702784" totalbytes="3767040" percent="98" regionsoverflowed="0" regionsstable="3" regionsrebuilding="0"/>
  </mem-info>
</gc-start>
<allocation-stats totalBytes="30404888" >
  <allocated-bytes non-tlh="0" tlh="30404888" arrayletleaf="0"/>
  <largest-consumer threadName="Thread-10" threadId="000000000215D500" bytes="10279736" />
</allocation-stats>
<gc-op id="443" type="copy forward" timems="2.138" contextid="440" timestamp="2019-06-17T07:01:03.116">
  <memory-copied type="eden" objects="8965" bytes="354096" bytesdiscarded="0" />
  <memory-copied type="other" objects="2250" bytes="54000" bytesdiscarded="0" />
  <memory-cardclean objects="6386" bytes="315664" />
  <regions eden="29" other="1" />
  <remembered-set-cleared processed="14033" cleared="369" durationms="0.200" />
  <stringconstants candidates="4597" cleared="0"  />
</gc-op>
<gc-op id="444" type="classunload" timems="0.002" contextid="440" timestamp="2019-06-17T07:01:03.117">
  <classunload-info classloadercandidates="8" classloadersunloaded="0" classesunloaded="0" anonymousclassesunloaded="0" quiescems="0.000" setupms="0.002" scanms="0.000" postms="0.000" />
</gc-op>
<heap-resize id="445" type="expand" space="default" amount="3145728" count="1" timems="0.066" reason="excessive time being spent in gc" timestamp="2019-06-17T07:01:03.117" />
<gc-end id="446" type="partial gc" contextid="440" durationms="3.397" usertimems="4.000" systemtimems="0.000" timestamp="2019-06-17T07:01:03.117" activeThreads="1">
  <mem-info id="447" free="58720256" total="97517568" percent="60">
    <mem type="eden" free="694480" total="1048576" percent="66" />
    <remembered-set count="16736" freebytes="3825664" totalbytes="3892608" percent="98" regionsoverflowed="0" regionsstable="3" regionsrebuilding="0"/>
  </mem-info>
</gc-end>
<cycle-end id="448" type="partial gc" contextid="440" timestamp="2019-06-17T07:01:03.117" />
  <attribute name="elasticGC enabled" value="1" />
  <attribute name= "numThreadsSpecified" value="1" />
  <attribute name="heapSize specified" value="0" />
  <attribute name="Current GC Util" value="42" />
  <attribute name= "Current Time Running" value="1402" />
  <attribute name ="GC Interval" value="0" />
  <attribute name="ProportionalT" value="22.000000" />
  <attribute name="ProportionalI" value="22.000000" />
  <attribute name="ProportionalH" value="22.000000" />
  <attribute name="Current Error" value="22.000000" />
  <attribute name="IntegralT" value="0.000000" />
  <attribute name="IntegralI" value="0.000000" />
  <attribute name="IntegralH" value="0.000000" />
  <attribute name="DerivativeT" value="inf" />
  <attribute name="DerivativeI" value="inf" />
  <attribute name="DerivativeH" value="inf" />
  <attribute name="Loop Time for DT" value="0.000000" />
  <attribute name="Output H" value="8388608"/>
  <attribute name="Output I" value="200"/>
  <attribute name="Output T" value="1"/>
  <attribute name="Target GC Util Change" value ="20.000000" />
  <attribute name="Current GC Util Change" value="42.000000"/>
  <attribute name="GC Util currently" value="42" />
  <attribute name="CPU Util currently" value="14802727119269" />
<exclusive-end id="449" timestamp="2019-06-17T07:01:03.117" durationms="4.257" />

<exclusive-start id="450" timestamp="2019-06-17T07:01:03.166" intervalms="53.180">
  <response-info timems="0.027" idlems="0.027" threads="0" lastid="0000000002159900" lastname="Thread-7" />
</exclusive-start>
<allocation-taxation id="451" taxation-threshold="30408704" timestamp="2019-06-17T07:01:03.167" intervalms="53.893" />
<cycle-start id="452" type="partial gc" contextid="0" timestamp="2019-06-17T07:01:03.167" intervalms="53.958" />
<gc-start id="453" type="partial gc" contextid="452" timestamp="2019-06-17T07:01:03.168">
  <mem-info id="454" free="28311552" total="97517568" percent="29">
    <mem type="eden" free="0" total="30408704" percent="0" />
    <remembered-set count="16448" freebytes="3826816" totalbytes="3892608" percent="98" regionsoverflowed="0" regionsstable="3" regionsrebuilding="0"/>
  </mem-info>
</gc-start>
<allocation-stats totalBytes="30405312" >
  <allocated-bytes non-tlh="0" tlh="30405312" arrayletleaf="0"/>
  <largest-consumer threadName="Thread-8" threadId="0000000002155D00" bytes="11750168" />
</allocation-stats>
<gc-op id="455" type="copy forward" timems="2.760" contextid="452" timestamp="2019-06-17T07:01:03.171">
  <memory-copied type="eden" objects="11852" bytes="423096" bytesdiscarded="0" />
  <memory-copied type="other" objects="8672" bytes="345504" bytesdiscarded="0" />
  <memory-cardclean objects="4912" bytes="248608" />
  <regions eden="29" other="1" />
  <remembered-set-cleared processed="14504" cleared="386" durationms="0.220" />
  <stringconstants candidates="4597" cleared="0"  />
</gc-op>
<gc-op id="456" type="classunload" timems="0.002" contextid="452" timestamp="2019-06-17T07:01:03.171">
  <classunload-info classloadercandidates="8" classloadersunloaded="0" classesunloaded="0" anonymousclassesunloaded="0" quiescems="0.000" setupms="0.002" scanms="0.000" postms="0.000" />
</gc-op>
<gc-end id="457" type="partial gc" contextid="452" durationms="3.967" usertimems="0.000" systemtimems="4.000" timestamp="2019-06-17T07:01:03.172" activeThreads="1">
  <mem-info id="458" free="57671680" total="97517568" percent="59">
    <mem type="eden" free="625480" total="1048576" percent="59" />
    <remembered-set count="17216" freebytes="3823744" totalbytes="3892608" percent="98" regionsoverflowed="0" regionsstable="3" regionsrebuilding="0"/>
  </mem-info>
</gc-end>
<cycle-end id="459" type="partial gc" contextid="452" timestamp="2019-06-17T07:01:03.172" />
  <attribute name="elasticGC enabled" value="1" />
  <attribute name= "numThreadsSpecified" value="1" />
  <attribute name="heapSize specified" value="0" />
  <attribute name="Current GC Util" value="40" />
  <attribute name= "Current Time Running" value="1456" />
  <attribute name ="GC Interval" value="0" />
  <attribute name="ProportionalT" value="20.000000" />
  <attribute name="ProportionalI" value="20.000000" />
  <attribute name="ProportionalH" value="20.000000" />
  <attribute name="Current Error" value="20.000000" />
  <attribute name="IntegralT" value="0.000000" />
  <attribute name="IntegralI" value="0.000000" />
  <attribute name="IntegralH" value="0.000000" />
  <attribute name="DerivativeT" value="inf" />
  <attribute name="DerivativeI" value="inf" />
  <attribute name="DerivativeH" value="inf" />
  <attribute name="Loop Time for DT" value="0.000000" />
  <attribute name="Output H" value="8388608"/>
  <attribute name="Output I" value="200"/>
  <attribute name="Output T" value="1"/>
  <attribute name="Target GC Util Change" value ="20.000000" />
  <attribute name="Current GC Util Change" value="40.000000"/>
  <attribute name="GC Util currently" value="40" />
  <attribute name="CPU Util currently" value="15233106896118" />
<exclusive-end id="460" timestamp="2019-06-17T07:01:03.172" durationms="5.707" />

<exclusive-start id="461" timestamp="2019-06-17T07:01:03.227" intervalms="60.792">
  <response-info timems="0.040" idlems="0.040" threads="0" lastid="000000000215D500" lastname="Thread-10" />
</exclusive-start>
<allocation-taxation id="462" taxation-threshold="30408704" timestamp="2019-06-17T07:01:03.227" intervalms="60.092" />
<cycle-start id="463" type="partial gc" contextid="0" timestamp="2019-06-17T07:01:03.227" intervalms="60.077" />
<gc-start id="464" type="partial gc" contextid="463" timestamp="2019-06-17T07:01:03.228">
  <mem-info id="465" free="27262976" total="97517568" percent="27">
    <mem type="eden" free="0" total="30408704" percent="0" />
    <remembered-set count="16896" freebytes="3825024" totalbytes="3892608" percent="98" regionsoverflowed="0" regionsstable="3" regionsrebuilding="0"/>
  </mem-info>
</gc-start>
<allocation-stats totalBytes="30404944" >
  <allocated-bytes non-tlh="0" tlh="30404944" arrayletleaf="0"/>
  <largest-consumer threadName="Thread-10" threadId="000000000215D500" bytes="11782792" />
</allocation-stats>
<gc-op id="466" type="copy forward" timems="1.961" contextid="463" timestamp="2019-06-17T07:01:03.230">
  <memory-copied type="eden" objects="6897" bytes="303944" bytesdiscarded="0" />
  <memory-copied type="other" objects="3468" bytes="83232" bytesdiscarded="0" />
  <memory-cardclean objects="5921" bytes="312472" />
  <regions eden="29" other="1" />
  <remembered-set-cleared processed="14879" cleared="274" durationms="0.224" />
  <stringconstants candidates="4597" cleared="0"  />
</gc-op>
<gc-op id="467" type="classunload" timems="0.003" contextid="463" timestamp="2019-06-17T07:01:03.230">
  <classunload-info classloadercandidates="8" classloadersunloaded="0" classesunloaded="0" anonymousclassesunloaded="0" quiescems="0.000" setupms="0.003" scanms="0.000" postms="0.000" />
</gc-op>
<gc-end id="468" type="partial gc" contextid="463" durationms="3.050" usertimems="4.000" systemtimems="0.000" timestamp="2019-06-17T07:01:03.231" activeThreads="1">
  <mem-info id="469" free="56623104" total="97517568" percent="58">
    <mem type="eden" free="744632" total="1048576" percent="71" />
    <remembered-set count="17664" freebytes="3821952" totalbytes="3892608" percent="98" regionsoverflowed="0" regionsstable="3" regionsrebuilding="0"/>
  </mem-info>
</gc-end>
<cycle-end id="470" type="partial gc" contextid="463" timestamp="2019-06-17T07:01:03.231" />
  <attribute name="elasticGC enabled" value="1" />
  <attribute name= "numThreadsSpecified" value="1" />
  <attribute name="heapSize specified" value="0" />
  <attribute name="Current GC Util" value="41" />
  <attribute name= "Current Time Running" value="1516" />
  <attribute name ="GC Interval" value="0" />
  <attribute name="ProportionalT" value="21.000000" />
  <attribute name="ProportionalI" value="21.000000" />
  <attribute name="ProportionalH" value="21.000000" />
  <attribute name="Current Error" value="21.000000" />
  <attribute name="IntegralT" value="0.000000" />
  <attribute name="IntegralI" value="0.000000" />
  <attribute name="IntegralH" value="0.000000" />
  <attribute name="DerivativeT" value="inf" />
  <attribute name="DerivativeI" value="inf" />
  <attribute name="DerivativeH" value="inf" />
  <attribute name="Loop Time for DT" value="0.000000" />
  <attribute name="Output H" value="8388608"/>
  <attribute name="Output I" value="200"/>
  <attribute name="Output T" value="1"/>
  <attribute name="Target GC Util Change" value ="20.000000" />
  <attribute name="Current GC Util Change" value="41.000000"/>
  <attribute name="GC Util currently" value="41" />
  <attribute name="CPU Util currently" value="18084192174252" />
<exclusive-end id="471" timestamp="2019-06-17T07:01:03.231" durationms="3.924" />

<exclusive-start id="472" timestamp="2019-06-17T07:01:03.281" intervalms="54.227">
  <response-info timems="0.030" idlems="0.030" threads="0" lastid="0000000002155D00" lastname="Thread-8" />
</exclusive-start>
<allocation-taxation id="473" taxation-threshold="30408704" timestamp="2019-06-17T07:01:03.281" intervalms="54.220" />
<cycle-start id="474" type="partial gc" contextid="0" timestamp="2019-06-17T07:01:03.282" intervalms="54.234" />
<gc-start id="475" type="partial gc" contextid="474" timestamp="2019-06-17T07:01:03.282">
  <mem-info id="476" free="26214400" total="97517568" percent="26">
    <mem type="eden" free="0" total="30408704" percent="0" />
    <remembered-set count="17216" freebytes="3823744" totalbytes="3892608" percent="98" regionsoverflowed="0" regionsstable="3" regionsrebuilding="0"/>
  </mem-info>
</gc-start>
<allocation-stats totalBytes="30405016" >
  <allocated-bytes non-tlh="0" tlh="30405016" arrayletleaf="0"/>
  <largest-consumer threadName="Thread-10" threadId="000000000215D500" bytes="10599344" />
</allocation-stats>
<gc-op id="477" type="copy forward" timems="2.374" contextid="474" timestamp="2019-06-17T07:01:03.285">
  <memory-copied type="eden" objects="9450" bytes="365504" bytesdiscarded="0" />
  <memory-copied type="other" objects="6696" bytes="298080" bytesdiscarded="0" />
  <memory-cardclean objects="4696" bytes="234160" />
  <regions eden="29" other="1" />
  <remembered-set-cleared processed="15352" cleared="321" durationms="0.214" />
  <stringconstants candidates="4597" cleared="0"  />
</gc-op>
<gc-op id="478" type="classunload" timems="0.002" contextid="474" timestamp="2019-06-17T07:01:03.285">
  <classunload-info classloadercandidates="8" classloadersunloaded="0" classesunloaded="0" anonymousclassesunloaded="0" quiescems="0.000" setupms="0.001" scanms="0.000" postms="0.000" />
</gc-op>
<gc-end id="479" type="partial gc" contextid="474" durationms="3.238" usertimems="4.000" systemtimems="0.000" timestamp="2019-06-17T07:01:03.285" activeThreads="1">
  <mem-info id="480" free="55574528" total="97517568" percent="56">
    <mem type="eden" free="683072" total="1048576" percent="65" />
    <remembered-set count="18112" freebytes="3820160" totalbytes="3892608" percent="98" regionsoverflowed="0" regionsstable="3" regionsrebuilding="0"/>
  </mem-info>
</gc-end>
<cycle-end id="481" type="partial gc" contextid="474" timestamp="2019-06-17T07:01:03.285" />
  <attribute name="elasticGC enabled" value="1" />
  <attribute name= "numThreadsSpecified" value="1" />
  <attribute name="heapSize specified" value="0" />
  <attribute name="Current GC Util" value="43" />
  <attribute name= "Current Time Running" value="1570" />
  <attribute name ="GC Interval" value="0" />
  <attribute name="ProportionalT" value="23.000000" />
  <attribute name="ProportionalI" value="23.000000" />
  <attribute name="ProportionalH" value="23.000000" />
  <attribute name="Current Error" value="23.000000" />
  <attribute name="IntegralT" value="0.000000" />
  <attribute name="IntegralI" value="0.000000" />
  <attribute name="IntegralH" value="0.000000" />
  <attribute name="DerivativeT" value="inf" />
  <attribute name="DerivativeI" value="inf" />
  <attribute name="DerivativeH" value="inf" />
  <attribute name="Loop Time for DT" value="0.000000" />
  <attribute name="Output H" value="8388608"/>
  <attribute name="Output I" value="200"/>
  <attribute name="Output T" value="1"/>
  <attribute name="Target GC Util Change" value ="20.000000" />
  <attribute name="Current GC Util Change" value="43.000000"/>
  <attribute name="GC Util currently" value="43" />
  <attribute name="CPU Util currently" value="20088627784763" />
<exclusive-end id="482" timestamp="2019-06-17T07:01:03.285" durationms="3.942" />

<exclusive-start id="483" timestamp="2019-06-17T07:01:03.343" intervalms="61.210">
  <response-info timems="0.057" idlems="0.037" threads="1" lastid="0000000002159900" lastname="Thread-7" />
</exclusive-start>
<allocation-taxation id="484" taxation-threshold="30408704" timestamp="2019-06-17T07:01:03.343" intervalms="61.186" />
<cycle-start id="485" type="partial gc" contextid="0" timestamp="2019-06-17T07:01:03.343" intervalms="61.139" />
<gc-start id="486" type="partial gc" contextid="485" timestamp="2019-06-17T07:01:03.343">
  <mem-info id="487" free="25165824" total="97517568" percent="25">
    <mem type="eden" free="0" total="30408704" percent="0" />
    <remembered-set count="17856" freebytes="3821184" totalbytes="3892608" percent="98" regionsoverflowed="0" regionsstable="3" regionsrebuilding="0"/>
  </mem-info>
</gc-start>
<allocation-stats totalBytes="30405112" >
  <allocated-bytes non-tlh="0" tlh="30405112" arrayletleaf="0"/>
  <largest-consumer threadName="Thread-8" threadId="0000000002155D00" bytes="9599928" />
</allocation-stats>
<gc-op id="488" type="copy forward" timems="2.159" contextid="485" timestamp="2019-06-17T07:01:03.346">
  <memory-copied type="eden" objects="3023" bytes="73896" bytesdiscarded="0" />
  <memory-copied type="other" objects="9181" bytes="357720" bytesdiscarded="0" />
  <memory-cardclean objects="7840" bytes="404560" />
  <regions eden="29" other="1" />
  <remembered-set-cleared processed="15669" cleared="327" durationms="0.217" />
  <stringconstants candidates="4597" cleared="0"  />
</gc-op>
<gc-op id="489" type="classunload" timems="0.002" contextid="485" timestamp="2019-06-17T07:01:03.346">
  <classunload-info classloadercandidates="8" classloadersunloaded="0" classesunloaded="0" anonymousclassesunloaded="0" quiescems="0.000" setupms="0.002" scanms="0.000" postms="0.000" />
</gc-op>
<gc-end id="490" type="partial gc" contextid="485" durationms="3.186" usertimems="0.000" systemtimems="0.000" timestamp="2019-06-17T07:01:03.346" activeThreads="1">
  <mem-info id="491" free="54525952" total="97517568" percent="55">
    <mem type="eden" free="974680" total="1048576" percent="92" />
    <remembered-set count="18464" freebytes="3818752" totalbytes="3892608" percent="98" regionsoverflowed="0" regionsstable="3" regionsrebuilding="0"/>
  </mem-info>
</gc-end>
<cycle-end id="492" type="partial gc" contextid="485" timestamp="2019-06-17T07:01:03.346" />
  <attribute name="elasticGC enabled" value="1" />
  <attribute name= "numThreadsSpecified" value="1" />
  <attribute name="heapSize specified" value="0" />
  <attribute name="Current GC Util" value="40" />
  <attribute name= "Current Time Running" value="1631" />
  <attribute name ="GC Interval" value="0" />
  <attribute name="ProportionalT" value="20.000000" />
  <attribute name="ProportionalI" value="20.000000" />
  <attribute name="ProportionalH" value="20.000000" />
  <attribute name="Current Error" value="20.000000" />
  <attribute name="IntegralT" value="0.000000" />
  <attribute name="IntegralI" value="0.000000" />
  <attribute name="IntegralH" value="0.000000" />
  <attribute name="DerivativeT" value="inf" />
  <attribute name="DerivativeI" value="inf" />
  <attribute name="DerivativeH" value="inf" />
  <attribute name="Loop Time for DT" value="0.000000" />
  <attribute name="Output H" value="8388608"/>
  <attribute name="Output I" value="200"/>
  <attribute name="Output T" value="1"/>
  <attribute name="Target GC Util Change" value ="20.000000" />
  <attribute name="Current GC Util Change" value="40.000000"/>
  <attribute name="GC Util currently" value="40" />
  <attribute name="CPU Util currently" value="15758959040258" />
<exclusive-end id="493" timestamp="2019-06-17T07:01:03.346" durationms="3.939" />

<exclusive-start id="494" timestamp="2019-06-17T07:01:03.370" intervalms="27.340">
  <response-info timems="0.024" idlems="0.024" threads="0" lastid="0000000002161100" lastname="Thread-9" />
</exclusive-start>
<allocation-taxation id="495" taxation-threshold="30408704" timestamp="2019-06-17T07:01:03.370" intervalms="27.397" />
<cycle-start id="496" type="partial gc" contextid="0" timestamp="2019-06-17T07:01:03.370" intervalms="27.395" />
<gc-start id="497" type="partial gc" contextid="496" timestamp="2019-06-17T07:01:03.370">
  <mem-info id="498" free="24117248" total="97517568" percent="24">
    <mem type="eden" free="0" total="30408704" percent="0" />
    <remembered-set count="18368" freebytes="3819136" totalbytes="3892608" percent="98" regionsoverflowed="0" regionsstable="3" regionsrebuilding="0"/>
  </mem-info>
</gc-start>
<allocation-stats totalBytes="30404920" >
  <allocated-bytes non-tlh="0" tlh="30404920" arrayletleaf="0"/>
  <largest-consumer threadName="Thread-10" threadId="000000000215D500" bytes="10566416" />
</allocation-stats>
<gc-op id="499" type="copy forward" timems="2.036" contextid="496" timestamp="2019-06-17T07:01:03.373">
  <memory-copied type="eden" objects="8431" bytes="341304" bytesdiscarded="0" />
  <memory-copied type="other" objects="2761" bytes="66264" bytesdiscarded="0" />
  <memory-cardclean objects="7110" bytes="373408" />
  <regions eden="29" other="1" />
  <remembered-set-cleared processed="16244" cleared="271" durationms="0.220" />
  <stringconstants candidates="4597" cleared="0"  />
</gc-op>
<gc-op id="500" type="classunload" timems="0.001" contextid="496" timestamp="2019-06-17T07:01:03.373">
  <classunload-info classloadercandidates="8" classloadersunloaded="0" classesunloaded="0" anonymousclassesunloaded="0" quiescems="0.000" setupms="0.001" scanms="0.000" postms="0.000" />
</gc-op>
<gc-end id="501" type="partial gc" contextid="496" durationms="2.890" usertimems="0.000" systemtimems="0.000" timestamp="2019-06-17T07:01:03.373" activeThreads="1">
  <mem-info id="502" free="53477376" total="97517568" percent="54">
    <mem type="eden" free="707272" total="1048576" percent="67" />
    <remembered-set count="19136" freebytes="3816064" totalbytes="3892608" percent="98" regionsoverflowed="0" regionsstable="3" regionsrebuilding="0"/>
  </mem-info>
</gc-end>
<cycle-end id="503" type="partial gc" contextid="496" timestamp="2019-06-17T07:01:03.373" />
  <attribute name="elasticGC enabled" value="1" />
  <attribute name= "numThreadsSpecified" value="1" />
  <attribute name="heapSize specified" value="0" />
  <attribute name="Current GC Util" value="46" />
  <attribute name= "Current Time Running" value="1659" />
  <attribute name ="GC Interval" value="0" />
  <attribute name="ProportionalT" value="26.000000" />
  <attribute name="ProportionalI" value="26.000000" />
  <attribute name="ProportionalH" value="26.000000" />
  <attribute name="Current Error" value="26.000000" />
  <attribute name="IntegralT" value="0.000000" />
  <attribute name="IntegralI" value="0.000000" />
  <attribute name="IntegralH" value="0.000000" />
  <attribute name="DerivativeT" value="inf" />
  <attribute name="DerivativeI" value="inf" />
  <attribute name="DerivativeH" value="inf" />
  <attribute name="Loop Time for DT" value="0.000000" />
  <attribute name="Output H" value="8388608"/>
  <attribute name="Output I" value="200"/>
  <attribute name="Output T" value="1"/>
  <attribute name="Target GC Util Change" value ="20.000000" />
  <attribute name="Current GC Util Change" value="46.000000"/>
  <attribute name="GC Util currently" value="46" />
  <attribute name="CPU Util currently" value="19184662933079" />
<exclusive-end id="504" timestamp="2019-06-17T07:01:03.374" durationms="3.721" />

<exclusive-start id="505" timestamp="2019-06-17T07:01:03.391" intervalms="20.983">
  <response-info timems="0.042" idlems="0.042" threads="0" lastid="000000000215D500" lastname="Thread-10" />
</exclusive-start>
<allocation-taxation id="506" taxation-threshold="30408704" timestamp="2019-06-17T07:01:03.391" intervalms="20.961" />
<cycle-start id="507" type="partial gc" contextid="0" timestamp="2019-06-17T07:01:03.391" intervalms="20.997" />
<gc-start id="508" type="partial gc" contextid="507" timestamp="2019-06-17T07:01:03.391">
  <mem-info id="509" free="23068672" total="97517568" percent="23">
    <mem type="eden" free="0" total="30408704" percent="0" />
    <remembered-set count="18784" freebytes="3817472" totalbytes="3892608" percent="98" regionsoverflowed="0" regionsstable="3" regionsrebuilding="0"/>
  </mem-info>
</gc-start>
<allocation-stats totalBytes="30405304" >
  <allocated-bytes non-tlh="0" tlh="30405304" arrayletleaf="0"/>
  <largest-consumer threadName="Thread-8" threadId="0000000002155D00" bytes="10668728" />
</allocation-stats>
<gc-op id="510" type="copy forward" timems="2.438" contextid="507" timestamp="2019-06-17T07:01:03.395">
  <memory-copied type="eden" objects="8942" bytes="353792" bytesdiscarded="0" />
  <memory-copied type="other" objects="8123" bytes="332328" bytesdiscarded="0" />
  <memory-cardclean objects="4699" bytes="238840" />
  <regions eden="29" other="1" />
  <remembered-set-cleared processed="16751" cleared="330" durationms="0.239" />
  <stringconstants candidates="4597" cleared="0"  />
</gc-op>
<gc-op id="511" type="classunload" timems="0.002" contextid="507" timestamp="2019-06-17T07:01:03.395">
  <classunload-info classloadercandidates="8" classloadersunloaded="0" classesunloaded="0" anonymousclassesunloaded="0" quiescems="0.000" setupms="0.002" scanms="0.000" postms="0.000" />
</gc-op>
<gc-end id="512" type="partial gc" contextid="507" durationms="3.480" usertimems="4.000" systemtimems="0.000" timestamp="2019-06-17T07:01:03.395" activeThreads="1">
  <mem-info id="513" free="52428800" total="97517568" percent="53">
    <mem type="eden" free="694784" total="1048576" percent="66" />
    <remembered-set count="19104" freebytes="3816192" totalbytes="3892608" percent="98" regionsoverflowed="0" regionsstable="3" regionsrebuilding="0"/>
  </mem-info>
</gc-end>
<cycle-end id="514" type="partial gc" contextid="507" timestamp="2019-06-17T07:01:03.395" />
  <attribute name="elasticGC enabled" value="1" />
  <attribute name= "numThreadsSpecified" value="1" />
  <attribute name="heapSize specified" value="0" />
  <attribute name="Current GC Util" value="42" />
  <attribute name= "Current Time Running" value="1680" />
  <attribute name ="GC Interval" value="0" />
  <attribute name="ProportionalT" value="22.000000" />
  <attribute name="ProportionalI" value="22.000000" />
  <attribute name="ProportionalH" value="22.000000" />
  <attribute name="Current Error" value="22.000000" />
  <attribute name="IntegralT" value="0.000000" />
  <attribute name="IntegralI" value="0.000000" />
  <attribute name="IntegralH" value="0.000000" />
  <attribute name="DerivativeT" value="inf" />
  <attribute name="DerivativeI" value="inf" />
  <attribute name="DerivativeH" value="inf" />
  <attribute name="Loop Time for DT" value="0.000000" />
  <attribute name="Output H" value="8388608"/>
  <attribute name="Output I" value="200"/>
  <attribute name="Output T" value="1"/>
  <attribute name="Target GC Util Change" value ="20.000000" />
  <attribute name="Current GC Util Change" value="42.000000"/>
  <attribute name="GC Util currently" value="42" />
  <attribute name="CPU Util currently" value="18084830431135" />
<exclusive-end id="515" timestamp="2019-06-17T07:01:03.395" durationms="4.417" />

<exclusive-start id="516" timestamp="2019-06-17T07:01:03.412" intervalms="20.639">
  <response-info timems="0.035" idlems="0.035" threads="0" lastid="0000000002155D00" lastname="Thread-8" />
</exclusive-start>
<allocation-taxation id="517" taxation-threshold="30408704" timestamp="2019-06-17T07:01:03.412" intervalms="20.675" />
<cycle-start id="518" type="partial gc" contextid="0" timestamp="2019-06-17T07:01:03.412" intervalms="20.691" />
<gc-start id="519" type="partial gc" contextid="518" timestamp="2019-06-17T07:01:03.412">
  <mem-info id="520" free="22020096" total="97517568" percent="22">
    <mem type="eden" free="0" total="30408704" percent="0" />
    <remembered-set count="19104" freebytes="3816192" totalbytes="3892608" percent="98" regionsoverflowed="0" regionsstable="3" regionsrebuilding="0"/>
  </mem-info>
</gc-start>
<allocation-stats totalBytes="30405208" >
  <allocated-bytes non-tlh="0" tlh="30405208" arrayletleaf="0"/>
  <largest-consumer threadName="Thread-10" threadId="000000000215D500" bytes="9726864" />
</allocation-stats>
<gc-op id="521" type="copy forward" timems="1.900" contextid="518" timestamp="2019-06-17T07:01:03.415">
  <memory-copied type="eden" objects="4088" bytes="99688" bytesdiscarded="4664" />
  <memory-copied type="other" objects="8608" bytes="343968" bytesdiscarded="17504" />
  <memory-cardclean objects="4677" bytes="252160" />
  <regions eden="29" other="1" />
  <remembered-set-cleared processed="17190" cleared="232" durationms="0.148" />
  <stringconstants candidates="4597" cleared="0"  />
</gc-op>
<gc-op id="522" type="classunload" timems="0.002" contextid="518" timestamp="2019-06-17T07:01:03.415">
  <classunload-info classloadercandidates="8" classloadersunloaded="0" classesunloaded="0" anonymousclassesunloaded="0" quiescems="0.000" setupms="0.001" scanms="0.000" postms="0.000" />
</gc-op>
<heap-resize id="523" type="expand" space="default" amount="16777216" count="1" timems="0.142" reason="excessive time being spent in gc" timestamp="2019-06-17T07:01:03.415" />
<gc-end id="524" type="partial gc" contextid="518" durationms="3.166" usertimems="4.000" systemtimems="0.000" timestamp="2019-06-17T07:01:03.415" activeThreads="4">
  <mem-info id="525" free="68157440" total="114294784" percent="59">
    <mem type="eden" free="944224" total="1048576" percent="90" />
    <remembered-set count="20512" freebytes="4480256" totalbytes="4562304" percent="98" regionsoverflowed="0" regionsstable="3" regionsrebuilding="0"/>
  </mem-info>
</gc-end>
<cycle-end id="526" type="partial gc" contextid="518" timestamp="2019-06-17T07:01:03.415" />
  <attribute name="elasticGC enabled" value="1" />
  <attribute name= "numThreadsSpecified" value="4" />
  <attribute name="heapSize specified" value="0" />
  <attribute name="Current GC Util" value="41" />
  <attribute name= "Current Time Running" value="1701" />
  <attribute name ="GC Interval" value="0" />
  <attribute name="ProportionalT" value="21.000000" />
  <attribute name="ProportionalI" value="21.000000" />
  <attribute name="ProportionalH" value="21.000000" />
  <attribute name="Current Error" value="21.000000" />
  <attribute name="IntegralT" value="21.000000" />
  <attribute name="IntegralI" value="21.000000" />
  <attribute name="IntegralH" value="21.000000" />
  <attribute name="DerivativeT" value="21.000000" />
  <attribute name="DerivativeI" value="21.000000" />
  <attribute name="DerivativeH" value="21.000000" />
  <attribute name="Loop Time for DT" value="1.000000" />
  <attribute name="Output H" value="8388608"/>
  <attribute name="Output I" value="200"/>
  <attribute name="Output T" value="4"/>
  <attribute name="Target GC Util Change" value ="20.000000" />
  <attribute name="Current GC Util Change" value="41.000000"/>
  <attribute name="GC Util currently" value="41" />
  <attribute name="CPU Util currently" value="17209196330838" />
<exclusive-end id="527" timestamp="2019-06-17T07:01:03.416" durationms="4.117" />

<exclusive-start id="528" timestamp="2019-06-17T07:01:03.439" intervalms="27.680">
  <response-info timems="0.150" idlems="0.086" threads="1" lastid="0000000002159900" lastname="Thread-7" />
</exclusive-start>
<allocation-taxation id="529" taxation-threshold="34603008" timestamp="2019-06-17T07:01:03.439" intervalms="27.654" />
<cycle-start id="530" type="partial gc" contextid="0" timestamp="2019-06-17T07:01:03.440" intervalms="27.648" />
<gc-start id="531" type="partial gc" contextid="530" timestamp="2019-06-17T07:01:03.440">
  <mem-info id="532" free="33554432" total="114294784" percent="29">
    <mem type="eden" free="0" total="34603008" percent="0" />
    <remembered-set count="20288" freebytes="4481152" totalbytes="4562304" percent="98" regionsoverflowed="0" regionsstable="3" regionsrebuilding="0"/>
  </mem-info>
</gc-start>
<allocation-stats totalBytes="34599104" >
  <allocated-bytes non-tlh="0" tlh="34599104" arrayletleaf="0"/>
  <largest-consumer threadName="Thread-9" threadId="0000000002161100" bytes="11893424" />
</allocation-stats>
<gc-op id="533" type="copy forward" timems="2.310" contextid="530" timestamp="2019-06-17T07:01:03.443">
  <memory-copied type="eden" objects="10209" bytes="383496" bytesdiscarded="0" />
  <memory-copied type="other" objects="3690" bytes="88560" bytesdiscarded="0" />
  <memory-cardclean objects="6125" bytes="306832" />
  <regions eden="33" other="2" />
  <remembered-set-cleared processed="17190" cleared="233" durationms="0.230" />
  <stringconstants candidates="4597" cleared="0"  />
</gc-op>
<gc-op id="534" type="classunload" timems="0.002" contextid="530" timestamp="2019-06-17T07:01:03.443">
  <classunload-info classloadercandidates="8" classloadersunloaded="0" classesunloaded="0" anonymousclassesunloaded="0" quiescems="0.000" setupms="0.002" scanms="0.000" postms="0.000" />
</gc-op>
<heap-resize id="535" type="expand" space="default" amount="4194304" count="1" timems="0.071" reason="excessive time being spent in gc" timestamp="2019-06-17T07:01:03.443" />
<gc-end id="536" type="partial gc" contextid="530" durationms="3.554" usertimems="4.000" systemtimems="0.000" timestamp="2019-06-17T07:01:03.443" activeThreads="1">
  <mem-info id="537" free="71303168" total="118489088" percent="60">
    <mem type="eden" free="665080" total="1048576" percent="63" />
    <remembered-set count="20448" freebytes="4647936" totalbytes="4729728" percent="98" regionsoverflowed="0" regionsstable="3" regionsrebuilding="0"/>
  </mem-info>
</gc-end>
<cycle-end id="538" type="partial gc" contextid="530" timestamp="2019-06-17T07:01:03.443" />
  <attribute name="elasticGC enabled" value="1" />
  <attribute name= "numThreadsSpecified" value="1" />
  <attribute name="heapSize specified" value="0" />
  <attribute name="Current GC Util" value="38" />
  <attribute name= "Current Time Running" value="1728" />
  <attribute name ="GC Interval" value="0" />
  <attribute name="ProportionalT" value="18.000000" />
  <attribute name="ProportionalI" value="18.000000" />
  <attribute name="ProportionalH" value="18.000000" />
  <attribute name="Current Error" value="18.000000" />
  <attribute name="IntegralT" value="0.000000" />
  <attribute name="IntegralI" value="0.000000" />
  <attribute name="IntegralH" value="0.000000" />
  <attribute name="DerivativeT" value="inf" />
  <attribute name="DerivativeI" value="inf" />
  <attribute name="DerivativeH" value="inf" />
  <attribute name="Loop Time for DT" value="0.000000" />
  <attribute name="Output H" value="8388608"/>
  <attribute name="Output I" value="200"/>
  <attribute name="Output T" value="1"/>
  <attribute name="Target GC Util Change" value ="20.000000" />
  <attribute name="Current GC Util Change" value="38.000000"/>
  <attribute name="GC Util currently" value="38" />
  <attribute name="CPU Util currently" value="15924385147202" />
<exclusive-end id="539" timestamp="2019-06-17T07:01:03.444" durationms="4.428" />

<exclusive-start id="540" timestamp="2019-06-17T07:01:03.465" intervalms="25.684">
  <response-info timems="0.028" idlems="0.028" threads="0" lastid="000000000215D500" lastname="Thread-10" />
</exclusive-start>
<allocation-taxation id="541" taxation-threshold="35651584" timestamp="2019-06-17T07:01:03.465" intervalms="25.657" />
<cycle-start id="542" type="partial gc" contextid="0" timestamp="2019-06-17T07:01:03.465" intervalms="25.598" />
<gc-start id="543" type="partial gc" contextid="542" timestamp="2019-06-17T07:01:03.465">
  <mem-info id="544" free="35651584" total="118489088" percent="30">
    <mem type="eden" free="0" total="35651584" percent="0" />
    <remembered-set count="20064" freebytes="4649472" totalbytes="4729728" percent="98" regionsoverflowed="0" regionsstable="3" regionsrebuilding="0"/>
  </mem-info>
</gc-start>
<allocation-stats totalBytes="35647568" >
  <allocated-bytes non-tlh="0" tlh="35647568" arrayletleaf="0"/>
  <largest-consumer threadName="Thread-9" threadId="0000000002161100" bytes="11999952" />
</allocation-stats>
<gc-op id="545" type="copy forward" timems="2.379" contextid="542" timestamp="2019-06-17T07:01:03.468">
  <memory-copied type="eden" objects="11763" bytes="558672" bytesdiscarded="0" />
  <memory-copied type="other" objects="4010" bytes="96240" bytesdiscarded="0" />
  <memory-cardclean objects="6014" bytes="297928" />
  <regions eden="34" other="2" />
  <remembered-set-cleared processed="17489" cleared="259" durationms="0.235" />
  <stringconstants candidates="4597" cleared="0"  />
</gc-op>
<gc-op id="546" type="classunload" timems="0.002" contextid="542" timestamp="2019-06-17T07:01:03.468">
  <classunload-info classloadercandidates="8" classloadersunloaded="0" classesunloaded="0" anonymousclassesunloaded="0" quiescems="0.000" setupms="0.002" scanms="0.000" postms="0.000" />
</gc-op>
<heap-resize id="547" type="expand" space="default" amount="2097152" count="1" timems="0.060" reason="excessive time being spent in gc" timestamp="2019-06-17T07:01:03.469" />
<gc-end id="548" type="partial gc" contextid="542" durationms="3.527" usertimems="8.000" systemtimems="0.000" timestamp="2019-06-17T07:01:03.469" activeThreads="1">
  <mem-info id="549" free="72351744" total="120586240" percent="60">
    <mem type="eden" free="489904" total="1048576" percent="46" />
    <remembered-set count="20704" freebytes="4730624" totalbytes="4813440" percent="98" regionsoverflowed="0" regionsstable="3" regionsrebuilding="0"/>
  </mem-info>
</gc-end>
<cycle-end id="550" type="partial gc" contextid="542" timestamp="2019-06-17T07:01:03.469" />
  <attribute name="elasticGC enabled" value="1" />
  <attribute name= "numThreadsSpecified" value="1" />
  <attribute name="heapSize specified" value="0" />
  <attribute name="Current GC Util" value="45" />
  <attribute name= "Current Time Running" value="1754" />
  <attribute name ="GC Interval" value="0" />
  <attribute name="ProportionalT" value="25.000000" />
  <attribute name="ProportionalI" value="25.000000" />
  <attribute name="ProportionalH" value="25.000000" />
  <attribute name="Current Error" value="25.000000" />
  <attribute name="IntegralT" value="0.000000" />
  <attribute name="IntegralI" value="0.000000" />
  <attribute name="IntegralH" value="0.000000" />
  <attribute name="DerivativeT" value="inf" />
  <attribute name="DerivativeI" value="inf" />
  <attribute name="DerivativeH" value="inf" />
  <attribute name="Loop Time for DT" value="0.000000" />
  <attribute name="Output H" value="8388608"/>
  <attribute name="Output I" value="200"/>
  <attribute name="Output T" value="1"/>
  <attribute name="Target GC Util Change" value ="20.000000" />
  <attribute name="Current GC Util Change" value="45.000000"/>
  <attribute name="GC Util currently" value="45" />
  <attribute name="CPU Util currently" value="15554376616120" />
<exclusive-end id="551" timestamp="2019-06-17T07:01:03.469" durationms="4.260" />

<exclusive-start id="552" timestamp="2019-06-17T07:01:03.491" intervalms="26.609">
  <response-info timems="0.053" idlems="0.053" threads="0" lastid="0000000002161100" lastname="Thread-9" />
</exclusive-start>
<allocation-taxation id="553" taxation-threshold="36700160" timestamp="2019-06-17T07:01:03.492" intervalms="26.624" />
<cycle-start id="554" type="partial gc" contextid="0" timestamp="2019-06-17T07:01:03.492" intervalms="26.603" />
<gc-start id="555" type="partial gc" contextid="554" timestamp="2019-06-17T07:01:03.492">
  <mem-info id="556" free="35651584" total="120586240" percent="29">
    <mem type="eden" free="0" total="36700160" percent="0" />
    <remembered-set count="20320" freebytes="4732160" totalbytes="4813440" percent="98" regionsoverflowed="0" regionsstable="3" regionsrebuilding="0"/>
  </mem-info>
</gc-start>
<allocation-stats totalBytes="36695448" >
  <allocated-bytes non-tlh="0" tlh="36695448" arrayletleaf="0"/>
  <largest-consumer threadName="Thread-9" threadId="0000000002161100" bytes="14358784" />
</allocation-stats>
<gc-op id="557" type="copy forward" timems="2.532" contextid="554" timestamp="2019-06-17T07:01:03.495">
  <memory-copied type="eden" objects="2821" bytes="69272" bytesdiscarded="0" />
  <memory-copied type="other" objects="14128" bytes="613824" bytesdiscarded="0" />
  <memory-cardclean objects="5753" bytes="285400" />
  <regions eden="35" other="2" />
  <remembered-set-cleared processed="17809" cleared="218" durationms="0.239" />
  <stringconstants candidates="4597" cleared="0"  />
</gc-op>
<gc-op id="558" type="classunload" timems="0.002" contextid="554" timestamp="2019-06-17T07:01:03.495">
  <classunload-info classloadercandidates="8" classloadersunloaded="0" classesunloaded="0" anonymousclassesunloaded="0" quiescems="0.000" setupms="0.001" scanms="0.000" postms="0.000" />
</gc-op>
<heap-resize id="559" type="expand" space="default" amount="3145728" count="1" timems="0.065" reason="excessive time being spent in gc" timestamp="2019-06-17T07:01:03.495" />
<gc-end id="560" type="partial gc" contextid="554" durationms="3.572" usertimems="4.000" systemtimems="0.000" timestamp="2019-06-17T07:01:03.495" activeThreads="1">
  <mem-info id="561" free="74448896" total="123731968" percent="60">
    <mem type="eden" free="979304" total="1048576" percent="93" />
    <remembered-set count="21120" freebytes="4854528" totalbytes="4939008" percent="98" regionsoverflowed="0" regionsstable="3" regionsrebuilding="0"/>
  </mem-info>
</gc-end>
<cycle-end id="562" type="partial gc" contextid="554" timestamp="2019-06-17T07:01:03.496" />
  <attribute name="elasticGC enabled" value="1" />
  <attribute name= "numThreadsSpecified" value="1" />
  <attribute name="heapSize specified" value="0" />
  <attribute name="Current GC Util" value="45" />
  <attribute name= "Current Time Running" value="1780" />
  <attribute name ="GC Interval" value="0" />
  <attribute name="ProportionalT" value="25.000000" />
  <attribute name="ProportionalI" value="25.000000" />
  <attribute name="ProportionalH" value="25.000000" />
  <attribute name="Current Error" value="25.000000" />
  <attribute name="IntegralT" value="0.000000" />
  <attribute name="IntegralI" value="0.000000" />
  <attribute name="IntegralH" value="0.000000" />
  <attribute name="DerivativeT" value="inf" />
  <attribute name="DerivativeI" value="inf" />
  <attribute name="DerivativeH" value="inf" />
  <attribute name="Loop Time for DT" value="0.000000" />
  <attribute name="Output H" value="8388608"/>
  <attribute name="Output I" value="200"/>
  <attribute name="Output T" value="1"/>
  <attribute name="Target GC Util Change" value ="20.000000" />
  <attribute name="Current GC Util Change" value="45.000000"/>
  <attribute name="GC Util currently" value="45" />
  <attribute name="CPU Util currently" value="20442414310999" />
<exclusive-end id="563" timestamp="2019-06-17T07:01:03.496" durationms="4.162" />

<exclusive-start id="564" timestamp="2019-06-17T07:01:03.521" intervalms="29.490">
  <response-info timems="0.028" idlems="0.028" threads="0" lastid="0000000002161100" lastname="Thread-9" />
</exclusive-start>
<allocation-taxation id="565" taxation-threshold="37748736" timestamp="2019-06-17T07:01:03.521" intervalms="29.456" />
<cycle-start id="566" type="partial gc" contextid="0" timestamp="2019-06-17T07:01:03.521" intervalms="29.460" />
<gc-start id="567" type="partial gc" contextid="566" timestamp="2019-06-17T07:01:03.521">
  <mem-info id="568" free="36700160" total="123731968" percent="29">
    <mem type="eden" free="0" total="37748736" percent="0" />
    <remembered-set count="20832" freebytes="4855680" totalbytes="4939008" percent="98" regionsoverflowed="0" regionsstable="3" regionsrebuilding="0"/>
  </mem-info>
</gc-start>
<allocation-stats totalBytes="37744432" >
  <allocated-bytes non-tlh="0" tlh="37744432" arrayletleaf="0"/>
  <largest-consumer threadName="Thread-9" threadId="0000000002161100" bytes="14088664" />
</allocation-stats>
<gc-op id="569" type="copy forward" timems="2.285" contextid="566" timestamp="2019-06-17T07:01:03.524">
  <memory-copied type="eden" objects="9218" bytes="360056" bytesdiscarded="8984" />
  <memory-copied type="other" objects="13955" bytes="609672" bytesdiscarded="41728" />
  <memory-cardclean objects="4517" bytes="226072" />
  <regions eden="36" other="2" />
  <remembered-set-cleared processed="18116" cleared="190" durationms="0.145" />
  <stringconstants candidates="4597" cleared="0"  />
</gc-op>
<gc-op id="570" type="classunload" timems="0.003" contextid="566" timestamp="2019-06-17T07:01:03.524">
  <classunload-info classloadercandidates="8" classloadersunloaded="0" classesunloaded="0" anonymousclassesunloaded="0" quiescems="0.000" setupms="0.003" scanms="0.000" postms="0.000" />
</gc-op>
<heap-resize id="571" type="expand" space="default" amount="2097152" count="1" timems="0.060" reason="excessive time being spent in gc" timestamp="2019-06-17T07:01:03.524" />
<gc-end id="572" type="partial gc" contextid="566" durationms="3.296" usertimems="4.000" systemtimems="0.000" timestamp="2019-06-17T07:01:03.525" activeThreads="4">
  <mem-info id="573" free="75497472" total="125829120" percent="60">
    <mem type="eden" free="679536" total="1048576" percent="64" />
    <remembered-set count="21504" freebytes="4936704" totalbytes="5022720" percent="98" regionsoverflowed="0" regionsstable="3" regionsrebuilding="0"/>
  </mem-info>
</gc-end>
<cycle-end id="574" type="partial gc" contextid="566" timestamp="2019-06-17T07:01:03.525" />
  <attribute name="elasticGC enabled" value="1" />
  <attribute name= "numThreadsSpecified" value="4" />
  <attribute name="heapSize specified" value="0" />
  <attribute name="Current GC Util" value="41" />
  <attribute name= "Current Time Running" value="1810" />
  <attribute name ="GC Interval" value="0" />
  <attribute name="ProportionalT" value="21.000000" />
  <attribute name="ProportionalI" value="21.000000" />
  <attribute name="ProportionalH" value="21.000000" />
  <attribute name="Current Error" value="21.000000" />
  <attribute name="IntegralT" value="21.000000" />
  <attribute name="IntegralI" value="21.000000" />
  <attribute name="IntegralH" value="21.000000" />
  <attribute name="DerivativeT" value="21.000000" />
  <attribute name="DerivativeI" value="21.000000" />
  <attribute name="DerivativeH" value="21.000000" />
  <attribute name="Loop Time for DT" value="1.000000" />
  <attribute name="Output H" value="8388608"/>
  <attribute name="Output I" value="200"/>
  <attribute name="Output T" value="4"/>
  <attribute name="Target GC Util Change" value ="20.000000" />
  <attribute name="Current GC Util Change" value="41.000000"/>
  <attribute name="GC Util currently" value="41" />
  <attribute name="CPU Util currently" value="21045338240537" />
<exclusive-end id="575" timestamp="2019-06-17T07:01:03.525" durationms="3.911" />

<exclusive-start id="576" timestamp="2019-06-17T07:01:03.552" intervalms="30.869">
  <response-info timems="0.037" idlems="0.037" threads="0" lastid="0000000002155D00" lastname="Thread-8" />
</exclusive-start>
<allocation-taxation id="577" taxation-threshold="37748736" timestamp="2019-06-17T07:01:03.552" intervalms="30.901" />
<cycle-start id="578" type="partial gc" contextid="0" timestamp="2019-06-17T07:01:03.552" intervalms="30.948" />
<gc-start id="579" type="partial gc" contextid="578" timestamp="2019-06-17T07:01:03.552">
  <mem-info id="580" free="37748736" total="125829120" percent="30">
    <mem type="eden" free="0" total="37748736" percent="0" />
    <remembered-set count="21312" freebytes="4937472" totalbytes="5022720" percent="98" regionsoverflowed="0" regionsstable="3" regionsrebuilding="0"/>
  </mem-info>
</gc-start>
<allocation-stats totalBytes="37743968" >
  <allocated-bytes non-tlh="0" tlh="37743968" arrayletleaf="0"/>
  <largest-consumer threadName="Thread-9" threadId="0000000002161100" bytes="12495336" />
</allocation-stats>
<gc-op id="581" type="copy forward" timems="2.230" contextid="578" timestamp="2019-06-17T07:01:03.555">
  <memory-copied type="eden" objects="4129" bytes="100560" bytesdiscarded="2264" />
  <memory-copied type="other" objects="11458" bytes="412368" bytesdiscarded="21792" />
  <memory-cardclean objects="9222" bytes="470896" />
  <regions eden="36" other="2" />
  <remembered-set-cleared processed="18365" cleared="206" durationms="0.147" />
  <stringconstants candidates="4597" cleared="0"  />
</gc-op>
<gc-op id="582" type="classunload" timems="0.002" contextid="578" timestamp="2019-06-17T07:01:03.555">
  <classunload-info classloadercandidates="8" classloadersunloaded="0" classesunloaded="0" anonymousclassesunloaded="0" quiescems="0.000" setupms="0.002" scanms="0.000" postms="0.000" />
</gc-op>
<heap-resize id="583" type="expand" space="default" amount="3145728" count="1" timems="0.065" reason="excessive time being spent in gc" timestamp="2019-06-17T07:01:03.555" />
<gc-end id="584" type="partial gc" contextid="578" durationms="3.254" usertimems="8.000" systemtimems="0.000" timestamp="2019-06-17T07:01:03.556" activeThreads="4">
  <mem-info id="585" free="77594624" total="128974848" percent="60">
    <mem type="eden" free="945752" total="1048576" percent="90" />
    <remembered-set count="22304" freebytes="5059072" totalbytes="5148288" percent="98" regionsoverflowed="0" regionsstable="3" regionsrebuilding="0"/>
  </mem-info>
</gc-end>
<cycle-end id="586" type="partial gc" contextid="578" timestamp="2019-06-17T07:01:03.556" />
  <attribute name="elasticGC enabled" value="1" />
  <attribute name= "numThreadsSpecified" value="4" />
  <attribute name="heapSize specified" value="0" />
  <attribute name="Current GC Util" value="36" />
  <attribute name= "Current Time Running" value="1841" />
  <attribute name ="GC Interval" value="0" />
  <attribute name="ProportionalT" value="16.000000" />
  <attribute name="ProportionalI" value="16.000000" />
  <attribute name="ProportionalH" value="16.000000" />
  <attribute name="Current Error" value="16.000000" />
  <attribute name="IntegralT" value="16.000000" />
  <attribute name="IntegralI" value="16.000000" />
  <attribute name="IntegralH" value="16.000000" />
  <attribute name="DerivativeT" value="16.000000" />
  <attribute name="DerivativeI" value="16.000000" />
  <attribute name="DerivativeH" value="16.000000" />
  <attribute name="Loop Time for DT" value="1.000000" />
  <attribute name="Output H" value="8388608"/>
  <attribute name="Output I" value="200"/>
  <attribute name="Output T" value="4"/>
  <attribute name="Target GC Util Change" value ="20.000000" />
  <attribute name="Current GC Util Change" value="36.000000"/>
  <attribute name="GC Util currently" value="36" />
  <attribute name="CPU Util currently" value="20879734203838" />
<exclusive-end id="587" timestamp="2019-06-17T07:01:03.556" durationms="3.895" />

<exclusive-start id="588" timestamp="2019-06-17T07:01:03.583" intervalms="31.501">
  <response-info timems="0.091" idlems="0.091" threads="0" lastid="0000000002159900" lastname="Thread-7" />
</exclusive-start>
<allocation-taxation id="589" taxation-threshold="38797312" timestamp="2019-06-17T07:01:03.583" intervalms="31.426" />
<cycle-start id="590" type="partial gc" contextid="0" timestamp="2019-06-17T07:01:03.584" intervalms="31.376" />
<gc-start id="591" type="partial gc" contextid="590" timestamp="2019-06-17T07:01:03.584">
  <mem-info id="592" free="38797312" total="128974848" percent="30">
    <mem type="eden" free="0" total="38797312" percent="0" />
    <remembered-set count="21888" freebytes="5060736" totalbytes="5148288" percent="98" regionsoverflowed="0" regionsstable="3" regionsrebuilding="0"/>
  </mem-info>
</gc-start>
<allocation-stats totalBytes="38792840" >
  <allocated-bytes non-tlh="0" tlh="38792840" arrayletleaf="0"/>
  <largest-consumer threadName="Thread-9" threadId="0000000002161100" bytes="12155400" />
</allocation-stats>
<gc-op id="593" type="copy forward" timems="2.596" contextid="590" timestamp="2019-06-17T07:01:03.587">
  <memory-copied type="eden" objects="3139" bytes="77056" bytesdiscarded="0" />
  <memory-copied type="other" objects="12807" bytes="444744" bytesdiscarded="0" />
  <memory-cardclean objects="9190" bytes="454312" />
  <regions eden="37" other="2" />
  <remembered-set-cleared processed="18858" cleared="349" durationms="0.241" />
  <stringconstants candidates="4597" cleared="0"  />
</gc-op>
<gc-op id="594" type="classunload" timems="0.002" contextid="590" timestamp="2019-06-17T07:01:03.587">
  <classunload-info classloadercandidates="8" classloadersunloaded="0" classesunloaded="0" anonymousclassesunloaded="0" quiescems="0.000" setupms="0.002" scanms="0.000" postms="0.000" />
</gc-op>
<gc-end id="595" type="partial gc" contextid="590" durationms="3.401" usertimems="8.000" systemtimems="0.000" timestamp="2019-06-17T07:01:03.587" activeThreads="1">
  <mem-info id="596" free="76546048" total="128974848" percent="59">
    <mem type="eden" free="971520" total="1048576" percent="92" />
    <remembered-set count="22336" freebytes="5058944" totalbytes="5148288" percent="98" regionsoverflowed="0" regionsstable="3" regionsrebuilding="0"/>
  </mem-info>
</gc-end>
<cycle-end id="597" type="partial gc" contextid="590" timestamp="2019-06-17T07:01:03.587" />
  <attribute name="elasticGC enabled" value="1" />
  <attribute name= "numThreadsSpecified" value="1" />
  <attribute name="heapSize specified" value="0" />
  <attribute name="Current GC Util" value="36" />
  <attribute name= "Current Time Running" value="1872" />
  <attribute name ="GC Interval" value="0" />
  <attribute name="ProportionalT" value="16.000000" />
  <attribute name="ProportionalI" value="16.000000" />
  <attribute name="ProportionalH" value="16.000000" />
  <attribute name="Current Error" value="16.000000" />
  <attribute name="IntegralT" value="0.000000" />
  <attribute name="IntegralI" value="0.000000" />
  <attribute name="IntegralH" value="0.000000" />
  <attribute name="DerivativeT" value="inf" />
  <attribute name="DerivativeI" value="inf" />
  <attribute name="DerivativeH" value="inf" />
  <attribute name="Loop Time for DT" value="0.000000" />
  <attribute name="Output H" value="8388608"/>
  <attribute name="Output I" value="200"/>
  <attribute name="Output T" value="1"/>
  <attribute name="Target GC Util Change" value ="20.000000" />
  <attribute name="Current GC Util Change" value="36.000000"/>
  <attribute name="GC Util currently" value="36" />
  <attribute name="CPU Util currently" value="21342987452313" />
<exclusive-end id="598" timestamp="2019-06-17T07:01:03.587" durationms="4.077" />

<exclusive-start id="599" timestamp="2019-06-17T07:01:03.615" intervalms="31.202">
  <response-info timems="0.043" idlems="0.043" threads="0" lastid="0000000002155D00" lastname="Thread-8" />
</exclusive-start>
<allocation-taxation id="600" taxation-threshold="38797312" timestamp="2019-06-17T07:01:03.615" intervalms="31.316" />
<cycle-start id="601" type="partial gc" contextid="0" timestamp="2019-06-17T07:01:03.615" intervalms="31.405" />
<gc-start id="602" type="partial gc" contextid="601" timestamp="2019-06-17T07:01:03.615">
  <mem-info id="603" free="37748736" total="128974848" percent="29">
    <mem type="eden" free="0" total="38797312" percent="0" />
    <remembered-set count="22272" freebytes="5059200" totalbytes="5148288" percent="98" regionsoverflowed="0" regionsstable="3" regionsrebuilding="0"/>
  </mem-info>
</gc-start>
<allocation-stats totalBytes="38792560" >
  <allocated-bytes non-tlh="0" tlh="38792560" arrayletleaf="0"/>
  <largest-consumer threadName="Thread-8" threadId="0000000002155D00" bytes="13314368" />
</allocation-stats>
<gc-op id="604" type="copy forward" timems="1.926" contextid="601" timestamp="2019-06-17T07:01:03.618">
  <memory-copied type="eden" objects="9321" bytes="362648" bytesdiscarded="4616" />
  <memory-copied type="other" objects="6661" bytes="159864" bytesdiscarded="1912" />
  <memory-cardclean objects="11039" bytes="557920" />
  <regions eden="37" other="2" />
  <remembered-set-cleared processed="19367" cleared="306" durationms="0.162" />
  <stringconstants candidates="4597" cleared="0"  />
</gc-op>
<gc-op id="605" type="classunload" timems="0.002" contextid="601" timestamp="2019-06-17T07:01:03.618">
  <classunload-info classloadercandidates="8" classloadersunloaded="0" classesunloaded="0" anonymousclassesunloaded="0" quiescems="0.000" setupms="0.002" scanms="0.000" postms="0.000" />
</gc-op>
<gc-end id="606" type="partial gc" contextid="601" durationms="2.807" usertimems="8.000" systemtimems="0.000" timestamp="2019-06-17T07:01:03.618" activeThreads="4">
  <mem-info id="607" free="75497472" total="128974848" percent="58">
    <mem type="eden" free="681312" total="1048576" percent="64" />
    <remembered-set count="22720" freebytes="5057408" totalbytes="5148288" percent="98" regionsoverflowed="0" regionsstable="3" regionsrebuilding="0"/>
  </mem-info>
</gc-end>
<cycle-end id="608" type="partial gc" contextid="601" timestamp="2019-06-17T07:01:03.618" />
  <attribute name="elasticGC enabled" value="1" />
  <attribute name= "numThreadsSpecified" value="4" />
  <attribute name="heapSize specified" value="0" />
  <attribute name="Current GC Util" value="60" />
  <attribute name= "Current Time Running" value="1904" />
  <attribute name ="GC Interval" value="0" />
  <attribute name="ProportionalT" value="40.000000" />
  <attribute name="ProportionalI" value="40.000000" />
  <attribute name="ProportionalH" value="40.000000" />
  <attribute name="Current Error" value="40.000000" />
  <attribute name="IntegralT" value="40.000000" />
  <attribute name="IntegralI" value="40.000000" />
  <attribute name="IntegralH" value="40.000000" />
  <attribute name="DerivativeT" value="40.000000" />
  <attribute name="DerivativeI" value="40.000000" />
  <attribute name="DerivativeH" value="40.000000" />
  <attribute name="Loop Time for DT" value="1.000000" />
  <attribute name="Output H" value="8388608"/>
  <attribute name="Output I" value="200"/>
  <attribute name="Output T" value="4"/>
  <attribute name="Target GC Util Change" value ="20.000000" />
  <attribute name="Current GC Util Change" value="60.000000"/>
  <attribute name="GC Util currently" value="60" />
  <attribute name="CPU Util currently" value="19440626652674" />
<exclusive-end id="609" timestamp="2019-06-17T07:01:03.618" durationms="3.748" />

<exclusive-start id="610" timestamp="2019-06-17T07:01:03.655" intervalms="40.454">
  <response-info timems="0.338" idlems="0.338" threads="0" lastid="0000000002155D00" lastname="Thread-8" />
</exclusive-start>
<allocation-taxation id="611" taxation-threshold="38797312" timestamp="2019-06-17T07:01:03.655" intervalms="40.442" />
<cycle-start id="612" type="partial gc" contextid="0" timestamp="2019-06-17T07:01:03.655" intervalms="40.459" />
<gc-start id="613" type="partial gc" contextid="612" timestamp="2019-06-17T07:01:03.656">
  <mem-info id="614" free="36700160" total="128974848" percent="28">
    <mem type="eden" free="0" total="38797312" percent="0" />
    <remembered-set count="22688" freebytes="5057536" totalbytes="5148288" percent="98" regionsoverflowed="0" regionsstable="3" regionsrebuilding="0"/>
  </mem-info>
</gc-start>
<allocation-stats totalBytes="38792472" >
  <allocated-bytes non-tlh="0" tlh="38792472" arrayletleaf="0"/>
  <largest-consumer threadName="Thread-8" threadId="0000000002155D00" bytes="12900784" />
</allocation-stats>
<gc-op id="615" type="copy forward" timems="3.136" contextid="612" timestamp="2019-06-17T07:01:03.660">
  <memory-copied type="eden" objects="9814" bytes="373928" bytesdiscarded="0" />
  <memory-copied type="other" objects="11851" bytes="421800" bytesdiscarded="0" />
  <memory-cardclean objects="8466" bytes="419176" />
  <regions eden="37" other="2" />
  <remembered-set-cleared processed="19995" cleared="395" durationms="0.277" />
  <stringconstants candidates="4597" cleared="0"  />
</gc-op>
<gc-op id="616" type="classunload" timems="0.002" contextid="612" timestamp="2019-06-17T07:01:03.660">
  <classunload-info classloadercandidates="8" classloadersunloaded="0" classesunloaded="0" anonymousclassesunloaded="0" quiescems="0.000" setupms="0.002" scanms="0.000" postms="0.000" />
</gc-op>
<gc-end id="617" type="partial gc" contextid="612" durationms="4.206" usertimems="0.000" systemtimems="4.000" timestamp="2019-06-17T07:01:03.660" activeThreads="1">
  <mem-info id="618" free="74448896" total="128974848" percent="57">
    <mem type="eden" free="674648" total="1048576" percent="64" />
    <remembered-set count="23296" freebytes="5055104" totalbytes="5148288" percent="98" regionsoverflowed="0" regionsstable="3" regionsrebuilding="0"/>
  </mem-info>
</gc-end>
<cycle-end id="619" type="partial gc" contextid="612" timestamp="2019-06-17T07:01:03.660" />
  <attribute name="elasticGC enabled" value="1" />
  <attribute name= "numThreadsSpecified" value="1" />
  <attribute name="heapSize specified" value="0" />
  <attribute name="Current GC Util" value="47" />
  <attribute name= "Current Time Running" value="1944" />
  <attribute name ="GC Interval" value="0" />
  <attribute name="ProportionalT" value="27.000000" />
  <attribute name="ProportionalI" value="27.000000" />
  <attribute name="ProportionalH" value="27.000000" />
  <attribute name="Current Error" value="27.000000" />
  <attribute name="IntegralT" value="0.000000" />
  <attribute name="IntegralI" value="0.000000" />
  <attribute name="IntegralH" value="0.000000" />
  <attribute name="DerivativeT" value="inf" />
  <attribute name="DerivativeI" value="inf" />
  <attribute name="DerivativeH" value="inf" />
  <attribute name="Loop Time for DT" value="0.000000" />
  <attribute name="Output H" value="8388608"/>
  <attribute name="Output I" value="200"/>
  <attribute name="Output T" value="1"/>
  <attribute name="Target GC Util Change" value ="20.000000" />
  <attribute name="Current GC Util Change" value="47.000000"/>
  <attribute name="GC Util currently" value="47" />
  <attribute name="CPU Util currently" value="19057735039606" />
<exclusive-end id="620" timestamp="2019-06-17T07:01:03.660" durationms="5.365" />

<exclusive-start id="621" timestamp="2019-06-17T07:01:03.690" intervalms="35.144">
  <response-info timems="0.045" idlems="0.045" threads="0" lastid="0000000002155D00" lastname="Thread-8" />
</exclusive-start>
<allocation-taxation id="622" taxation-threshold="38797312" timestamp="2019-06-17T07:01:03.690" intervalms="35.134" />
<cycle-start id="623" type="partial gc" contextid="0" timestamp="2019-06-17T07:01:03.690" intervalms="35.094" />
<gc-start id="624" type="partial gc" contextid="623" timestamp="2019-06-17T07:01:03.691">
  <mem-info id="625" free="35651584" total="128974848" percent="27">
    <mem type="eden" free="0" total="38797312" percent="0" />
    <remembered-set count="23136" freebytes="5055744" totalbytes="5148288" percent="98" regionsoverflowed="0" regionsstable="3" regionsrebuilding="0"/>
  </mem-info>
</gc-start>
<allocation-stats totalBytes="38792400" >
  <allocated-bytes non-tlh="0" tlh="38792400" arrayletleaf="0"/>
  <largest-consumer threadName="Thread-8" threadId="0000000002155D00" bytes="12646800" />
</allocation-stats>
<gc-op id="626" type="copy forward" timems="3.412" contextid="623" timestamp="2019-06-17T07:01:03.695">
  <memory-copied type="eden" objects="10056" bytes="379536" bytesdiscarded="0" />
  <memory-copied type="other" objects="18698" bytes="723504" bytesdiscarded="0" />
  <memory-cardclean objects="5438" bytes="278008" />
  <regions eden="37" other="2" />
  <remembered-set-cleared processed="20535" cleared="384" durationms="0.288" />
  <stringconstants candidates="4597" cleared="0"  />
</gc-op>
<gc-op id="627" type="classunload" timems="0.002" contextid="623" timestamp="2019-06-17T07:01:03.695">
  <classunload-info classloadercandidates="8" classloadersunloaded="0" classesunloaded="0" anonymousclassesunloaded="0" quiescems="0.000" setupms="0.002" scanms="0.000" postms="0.000" />
</gc-op>
<gc-end id="628" type="partial gc" contextid="623" durationms="4.336" usertimems="4.000" systemtimems="0.000" timestamp="2019-06-17T07:01:03.695" activeThreads="1">
  <mem-info id="629" free="73400320" total="128974848" percent="56">
    <mem type="eden" free="669040" total="1048576" percent="63" />
    <remembered-set count="24352" freebytes="5050880" totalbytes="5148288" percent="98" regionsoverflowed="0" regionsstable="3" regionsrebuilding="0"/>
  </mem-info>
</gc-end>
<cycle-end id="630" type="partial gc" contextid="623" timestamp="2019-06-17T07:01:03.695" />
  <attribute name="elasticGC enabled" value="1" />
  <attribute name= "numThreadsSpecified" value="1" />
  <attribute name="heapSize specified" value="0" />
  <attribute name="Current GC Util" value="80" />
  <attribute name= "Current Time Running" value="1979" />
  <attribute name ="GC Interval" value="0" />
  <attribute name="ProportionalT" value="60.000000" />
  <attribute name="ProportionalI" value="60.000000" />
  <attribute name="ProportionalH" value="60.000000" />
  <attribute name="Current Error" value="60.000000" />
  <attribute name="IntegralT" value="0.000000" />
  <attribute name="IntegralI" value="0.000000" />
  <attribute name="IntegralH" value="0.000000" />
  <attribute name="DerivativeT" value="inf" />
  <attribute name="DerivativeI" value="inf" />
  <attribute name="DerivativeH" value="inf" />
  <attribute name="Loop Time for DT" value="0.000000" />
  <attribute name="Output H" value="8388608"/>
  <attribute name="Output I" value="200"/>
  <attribute name="Output T" value="1"/>
  <attribute name="Target GC Util Change" value ="20.000000" />
  <attribute name="Current GC Util Change" value="80.000000"/>
  <attribute name="GC Util currently" value="80" />
  <attribute name="CPU Util currently" value="25488644916844" />
<exclusive-end id="631" timestamp="2019-06-17T07:01:03.695" durationms="5.333" />

<exclusive-start id="632" timestamp="2019-06-17T07:01:03.728" intervalms="37.377">
  <response-info timems="0.048" idlems="0.048" threads="0" lastid="000000000215D500" lastname="Thread-10" />
</exclusive-start>
<allocation-taxation id="633" taxation-threshold="38797312" timestamp="2019-06-17T07:01:03.728" intervalms="37.351" />
<cycle-start id="634" type="partial gc" contextid="0" timestamp="2019-06-17T07:01:03.728" intervalms="37.314" />
<gc-start id="635" type="partial gc" contextid="634" timestamp="2019-06-17T07:01:03.728">
  <mem-info id="636" free="34603008" total="128974848" percent="26">
    <mem type="eden" free="0" total="38797312" percent="0" />
    <remembered-set count="24160" freebytes="5051648" totalbytes="5148288" percent="98" regionsoverflowed="0" regionsstable="3" regionsrebuilding="0"/>
  </mem-info>
</gc-start>
<allocation-stats totalBytes="38792320" >
  <allocated-bytes non-tlh="0" tlh="38792320" arrayletleaf="0"/>
  <largest-consumer threadName="Thread-10" threadId="000000000215D500" bytes="11262536" />
</allocation-stats>
<gc-op id="637" type="copy forward" timems="3.366" contextid="634" timestamp="2019-06-17T07:01:03.732">
  <memory-copied type="eden" objects="9119" bytes="357544" bytesdiscarded="0" />
  <memory-copied type="other" objects="19575" bytes="744552" bytesdiscarded="0" />
  <memory-cardclean objects="6766" bytes="361072" />
  <regions eden="37" other="2" />
  <remembered-set-cleared processed="20955" cleared="203" durationms="0.271" />
  <stringconstants candidates="4597" cleared="0"  />
</gc-op>
<gc-op id="638" type="classunload" timems="0.002" contextid="634" timestamp="2019-06-17T07:01:03.732">
  <classunload-info classloadercandidates="8" classloadersunloaded="0" classesunloaded="0" anonymousclassesunloaded="0" quiescems="0.000" setupms="0.002" scanms="0.000" postms="0.000" />
</gc-op>
<gc-end id="639" type="partial gc" contextid="634" durationms="4.338" usertimems="4.000" systemtimems="0.000" timestamp="2019-06-17T07:01:03.732" activeThreads="1">
  <mem-info id="640" free="72351744" total="128974848" percent="56">
    <mem type="eden" free="691032" total="1048576" percent="65" />
    <remembered-set count="24928" freebytes="5048576" totalbytes="5148288" percent="98" regionsoverflowed="0" regionsstable="3" regionsrebuilding="0"/>
  </mem-info>
</gc-end>
<cycle-end id="641" type="partial gc" contextid="634" timestamp="2019-06-17T07:01:03.733" />
  <attribute name="elasticGC enabled" value="1" />
  <attribute name= "numThreadsSpecified" value="1" />
  <attribute name="heapSize specified" value="0" />
  <attribute name="Current GC Util" value="55" />
  <attribute name= "Current Time Running" value="2016" />
  <attribute name ="GC Interval" value="0" />
  <attribute name="ProportionalT" value="35.000000" />
  <attribute name="ProportionalI" value="35.000000" />
  <attribute name="ProportionalH" value="35.000000" />
  <attribute name="Current Error" value="35.000000" />
  <attribute name="IntegralT" value="0.000000" />
  <attribute name="IntegralI" value="0.000000" />
  <attribute name="IntegralH" value="0.000000" />
  <attribute name="DerivativeT" value="inf" />
  <attribute name="DerivativeI" value="inf" />
  <attribute name="DerivativeH" value="inf" />
  <attribute name="Loop Time for DT" value="0.000000" />
  <attribute name="Output H" value="8388608"/>
  <attribute name="Output I" value="200"/>
  <attribute name="Output T" value="1"/>
  <attribute name="Target GC Util Change" value ="20.000000" />
  <attribute name="Current GC Util Change" value="55.000000"/>
  <attribute name="GC Util currently" value="55" />
  <attribute name="CPU Util currently" value="19507978059809" />
<exclusive-end id="642" timestamp="2019-06-17T07:01:03.733" durationms="5.242" />

<exclusive-start id="643" timestamp="2019-06-17T07:01:03.771" intervalms="43.565">
  <response-info timems="0.050" idlems="0.050" threads="0" lastid="000000000215D500" lastname="Thread-10" />
</exclusive-start>
<allocation-taxation id="644" taxation-threshold="38797312" timestamp="2019-06-17T07:01:03.771" intervalms="43.565" />
<cycle-start id="645" type="partial gc" contextid="0" timestamp="2019-06-17T07:01:03.771" intervalms="43.585" />
<gc-start id="646" type="partial gc" contextid="645" timestamp="2019-06-17T07:01:03.772">
  <mem-info id="647" free="33554432" total="128974848" percent="26">
    <mem type="eden" free="0" total="38797312" percent="0" />
    <remembered-set count="24672" freebytes="5049600" totalbytes="5148288" percent="98" regionsoverflowed="0" regionsstable="3" regionsrebuilding="0"/>
  </mem-info>
</gc-start>
<allocation-stats totalBytes="38792024" >
  <allocated-bytes non-tlh="0" tlh="38792024" arrayletleaf="0"/>
  <largest-consumer threadName="Thread-9" threadId="0000000002161100" bytes="13552056" />
</allocation-stats>
<gc-op id="648" type="copy forward" timems="3.417" contextid="645" timestamp="2019-06-17T07:01:03.775">
  <memory-copied type="eden" objects="9998" bytes="378784" bytesdiscarded="0" />
  <memory-copied type="other" objects="18790" bytes="725712" bytesdiscarded="0" />
  <memory-cardclean objects="7777" bytes="409360" />
  <regions eden="37" other="2" />
  <remembered-set-cleared processed="21425" cleared="172" durationms="0.278" />
  <stringconstants candidates="4597" cleared="0"  />
</gc-op>
<gc-op id="649" type="classunload" timems="0.003" contextid="645" timestamp="2019-06-17T07:01:03.776">
  <classunload-info classloadercandidates="8" classloadersunloaded="0" classesunloaded="0" anonymousclassesunloaded="0" quiescems="0.000" setupms="0.002" scanms="0.000" postms="0.000" />
</gc-op>
<heap-resize id="650" type="expand" space="default" amount="15728640" count="1" timems="0.136" reason="excessive time being spent in gc" timestamp="2019-06-17T07:01:03.776" />
<gc-end id="651" type="partial gc" contextid="645" durationms="4.554" usertimems="0.000" systemtimems="4.000" timestamp="2019-06-17T07:01:03.776" activeThreads="1">
  <mem-info id="652" free="87031808" total="144703488" percent="60">
    <mem type="eden" free="669792" total="1048576" percent="63" />
    <remembered-set count="26016" freebytes="5672064" totalbytes="5776128" percent="98" regionsoverflowed="0" regionsstable="3" regionsrebuilding="0"/>
  </mem-info>
</gc-end>
<cycle-end id="653" type="partial gc" contextid="645" timestamp="2019-06-17T07:01:03.776" />
  <attribute name="elasticGC enabled" value="1" />
  <attribute name= "numThreadsSpecified" value="1" />
  <attribute name="heapSize specified" value="0" />
  <attribute name="Current GC Util" value="86" />
  <attribute name= "Current Time Running" value="2060" />
  <attribute name ="GC Interval" value="0" />
  <attribute name="ProportionalT" value="66.000000" />
  <attribute name="ProportionalI" value="66.000000" />
  <attribute name="ProportionalH" value="66.000000" />
  <attribute name="Current Error" value="66.000000" />
  <attribute name="IntegralT" value="0.000000" />
  <attribute name="IntegralI" value="0.000000" />
  <attribute name="IntegralH" value="0.000000" />
  <attribute name="DerivativeT" value="inf" />
  <attribute name="DerivativeI" value="inf" />
  <attribute name="DerivativeH" value="inf" />
  <attribute name="Loop Time for DT" value="0.000000" />
  <attribute name="Output H" value="8388608"/>
  <attribute name="Output I" value="200"/>
  <attribute name="Output T" value="1"/>
  <attribute name="Target GC Util Change" value ="20.000000" />
  <attribute name="Current GC Util Change" value="86.000000"/>
  <attribute name="GC Util currently" value="86" />
  <attribute name="CPU Util currently" value="25915045535525" />
<exclusive-end id="654" timestamp="2019-06-17T07:01:03.777" durationms="5.494" />

<exclusive-start id="655" timestamp="2019-06-17T07:01:03.804" intervalms="32.769">
  <response-info timems="0.034" idlems="0.034" threads="0" lastid="0000000002159900" lastname="Thread-7" />
</exclusive-start>
<allocation-taxation id="656" taxation-threshold="42991616" timestamp="2019-06-17T07:01:03.804" intervalms="32.793" />
<cycle-start id="657" type="partial gc" contextid="0" timestamp="2019-06-17T07:01:03.804" intervalms="32.815" />
<gc-start id="658" type="partial gc" contextid="657" timestamp="2019-06-17T07:01:03.804">
  <mem-info id="659" free="44040192" total="144703488" percent="30">
    <mem type="eden" free="0" total="42991616" percent="0" />
    <remembered-set count="25728" freebytes="5673216" totalbytes="5776128" percent="98" regionsoverflowed="0" regionsstable="3" regionsrebuilding="0"/>
  </mem-info>
</gc-start>
<allocation-stats totalBytes="42985968" >
  <allocated-bytes non-tlh="0" tlh="42985968" arrayletleaf="0"/>
  <largest-consumer threadName="Thread-9" threadId="0000000002161100" bytes="11704744" />
</allocation-stats>
<gc-op id="660" type="copy forward" timems="3.753" contextid="657" timestamp="2019-06-17T07:01:03.809">
  <memory-copied type="eden" objects="11002" bytes="402856" bytesdiscarded="0" />
  <memory-copied type="other" objects="18584" bytes="720768" bytesdiscarded="0" />
  <memory-cardclean objects="8860" bytes="461296" />
  <regions eden="41" other="2" />
  <remembered-set-cleared processed="21943" cleared="287" durationms="0.283" />
  <stringconstants candidates="4597" cleared="0"  />
</gc-op>
<gc-op id="661" type="classunload" timems="0.003" contextid="657" timestamp="2019-06-17T07:01:03.809">
  <classunload-info classloadercandidates="8" classloadersunloaded="0" classesunloaded="0" anonymousclassesunloaded="0" quiescems="0.000" setupms="0.002" scanms="0.000" postms="0.000" />
</gc-op>
<heap-resize id="662" type="expand" space="default" amount="2097152" count="1" timems="0.060" reason="excessive time being spent in gc" timestamp="2019-06-17T07:01:03.809" />
<gc-end id="663" type="partial gc" contextid="657" durationms="4.877" usertimems="4.000" systemtimems="0.000" timestamp="2019-06-17T07:01:03.809" activeThreads="1">
  <mem-info id="664" free="88080384" total="146800640" percent="60">
    <mem type="eden" free="645720" total="1048576" percent="61" />
    <remembered-set count="26464" freebytes="5753984" totalbytes="5859840" percent="98" regionsoverflowed="0" regionsstable="3" regionsrebuilding="0"/>
  </mem-info>
</gc-end>
<cycle-end id="665" type="partial gc" contextid="657" timestamp="2019-06-17T07:01:03.809" />
  <attribute name="elasticGC enabled" value="1" />
  <attribute name= "numThreadsSpecified" value="1" />
  <attribute name="heapSize specified" value="0" />
  <attribute name="Current GC Util" value="74" />
  <attribute name= "Current Time Running" value="2093" />
  <attribute name ="GC Interval" value="0" />
  <attribute name="ProportionalT" value="54.000000" />
  <attribute name="ProportionalI" value="54.000000" />
  <attribute name="ProportionalH" value="54.000000" />
  <attribute name="Current Error" value="54.000000" />
  <attribute name="IntegralT" value="0.000000" />
  <attribute name="IntegralI" value="0.000000" />
  <attribute name="IntegralH" value="0.000000" />
  <attribute name="DerivativeT" value="inf" />
  <attribute name="DerivativeI" value="inf" />
  <attribute name="DerivativeH" value="inf" />
  <attribute name="Loop Time for DT" value="0.000000" />
  <attribute name="Output H" value="8388608"/>
  <attribute name="Output I" value="200"/>
  <attribute name="Output T" value="1"/>
  <attribute name="Target GC Util Change" value ="20.000000" />
  <attribute name="Current GC Util Change" value="74.000000"/>
  <attribute name="GC Util currently" value="74" />
  <attribute name="CPU Util currently" value="24770971156468" />
<exclusive-end id="666" timestamp="2019-06-17T07:01:03.810" durationms="5.869" />

<exclusive-start id="667" timestamp="2019-06-17T07:01:03.834" intervalms="30.215">
  <response-info timems="0.043" idlems="0.043" threads="0" lastid="0000000002155D00" lastname="Thread-8" />
</exclusive-start>
<allocation-taxation id="668" taxation-threshold="42991616" timestamp="2019-06-17T07:01:03.834" intervalms="30.206" />
<cycle-start id="669" type="partial gc" contextid="0" timestamp="2019-06-17T07:01:03.834" intervalms="30.179" />
<gc-start id="670" type="partial gc" contextid="669" timestamp="2019-06-17T07:01:03.835">
  <mem-info id="671" free="45088768" total="146800640" percent="30">
    <mem type="eden" free="0" total="42991616" percent="0" />
    <remembered-set count="26464" freebytes="5753984" totalbytes="5859840" percent="98" regionsoverflowed="0" regionsstable="3" regionsrebuilding="0"/>
  </mem-info>
</gc-start>
<allocation-stats totalBytes="42985896" >
  <allocated-bytes non-tlh="0" tlh="42985896" arrayletleaf="0"/>
  <largest-consumer threadName="Thread-7" threadId="0000000002159900" bytes="11270856" />
</allocation-stats>
<gc-op id="672" type="copy forward" timems="3.801" contextid="669" timestamp="2019-06-17T07:01:03.839">
  <memory-copied type="eden" objects="10661" bytes="394720" bytesdiscarded="0" />
  <memory-copied type="other" objects="20455" bytes="765672" bytesdiscarded="0" />
  <memory-cardclean objects="10825" bytes="555592" />
  <regions eden="41" other="2" />
  <remembered-set-cleared processed="22433" cleared="297" durationms="0.299" />
  <stringconstants candidates="4597" cleared="0"  />
</gc-op>
<gc-op id="673" type="classunload" timems="0.002" contextid="669" timestamp="2019-06-17T07:01:03.839">
  <classunload-info classloadercandidates="8" classloadersunloaded="0" classesunloaded="0" anonymousclassesunloaded="0" quiescems="0.000" setupms="0.002" scanms="0.000" postms="0.000" />
</gc-op>
<heap-resize id="674" type="expand" space="default" amount="3145728" count="1" timems="0.075" reason="excessive time being spent in gc" timestamp="2019-06-17T07:01:03.839" />
<gc-end id="675" type="partial gc" contextid="669" durationms="5.019" usertimems="4.000" systemtimems="0.000" timestamp="2019-06-17T07:01:03.840" activeThreads="1">
  <mem-info id="676" free="90177536" total="149946368" percent="60">
    <mem type="eden" free="653856" total="1048576" percent="62" />
    <remembered-set count="27456" freebytes="5875584" totalbytes="5985408" percent="98" regionsoverflowed="0" regionsstable="3" regionsrebuilding="0"/>
  </mem-info>
</gc-end>
<cycle-end id="677" type="partial gc" contextid="669" timestamp="2019-06-17T07:01:03.840" />
  <attribute name="elasticGC enabled" value="1" />
  <attribute name= "numThreadsSpecified" value="1" />
  <attribute name="heapSize specified" value="0" />
  <attribute name="Current GC Util" value="60" />
  <attribute name= "Current Time Running" value="2123" />
  <attribute name ="GC Interval" value="0" />
  <attribute name="ProportionalT" value="40.000000" />
  <attribute name="ProportionalI" value="40.000000" />
  <attribute name="ProportionalH" value="40.000000" />
  <attribute name="Current Error" value="40.000000" />
  <attribute name="IntegralT" value="0.000000" />
  <attribute name="IntegralI" value="0.000000" />
  <attribute name="IntegralH" value="0.000000" />
  <attribute name="DerivativeT" value="inf" />
  <attribute name="DerivativeI" value="inf" />
  <attribute name="DerivativeH" value="inf" />
  <attribute name="Loop Time for DT" value="0.000000" />
  <attribute name="Output H" value="8388608"/>
  <attribute name="Output I" value="200"/>
  <attribute name="Output T" value="1"/>
  <attribute name="Target GC Util Change" value ="20.000000" />
  <attribute name="Current GC Util Change" value="60.000000"/>
  <attribute name="GC Util currently" value="60" />
  <attribute name="CPU Util currently" value="19013733587547" />
<exclusive-end id="678" timestamp="2019-06-17T07:01:03.840" durationms="5.979" />

<exclusive-start id="679" timestamp="2019-06-17T07:01:03.863" intervalms="29.112">
  <response-info timems="0.036" idlems="0.036" threads="0" lastid="000000000215D500" lastname="Thread-10" />
</exclusive-start>
<allocation-taxation id="680" taxation-threshold="44040192" timestamp="2019-06-17T07:01:03.863" intervalms="29.151" />
<cycle-start id="681" type="partial gc" contextid="0" timestamp="2019-06-17T07:01:03.863" intervalms="29.138" />
<gc-start id="682" type="partial gc" contextid="681" timestamp="2019-06-17T07:01:03.864">
  <mem-info id="683" free="46137344" total="149946368" percent="30">
    <mem type="eden" free="0" total="44040192" percent="0" />
    <remembered-set count="27168" freebytes="5876736" totalbytes="5985408" percent="98" regionsoverflowed="0" regionsstable="3" regionsrebuilding="0"/>
  </mem-info>
</gc-start>
<allocation-stats totalBytes="44034264" >
  <allocated-bytes non-tlh="0" tlh="44034264" arrayletleaf="0"/>
  <largest-consumer threadName="Thread-8" threadId="0000000002155D00" bytes="12593608" />
</allocation-stats>
<gc-op id="684" type="copy forward" timems="3.740" contextid="681" timestamp="2019-06-17T07:01:03.868">
  <memory-copied type="eden" objects="9547" bytes="368072" bytesdiscarded="0" />
  <memory-copied type="other" objects="21128" bytes="781824" bytesdiscarded="0" />
  <memory-cardclean objects="10998" bytes="564184" />
  <regions eden="42" other="2" />
  <remembered-set-cleared processed="22945" cleared="302" durationms="0.290" />
  <stringconstants candidates="4597" cleared="0"  />
</gc-op>
<gc-op id="685" type="classunload" timems="0.002" contextid="681" timestamp="2019-06-17T07:01:03.868">
  <classunload-info classloadercandidates="8" classloadersunloaded="0" classesunloaded="0" anonymousclassesunloaded="0" quiescems="0.000" setupms="0.002" scanms="0.000" postms="0.000" />
</gc-op>
<heap-resize id="686" type="expand" space="default" amount="2097152" count="1" timems="0.061" reason="excessive time being spent in gc" timestamp="2019-06-17T07:01:03.868" />
<gc-end id="687" type="partial gc" contextid="681" durationms="4.925" usertimems="4.000" systemtimems="0.000" timestamp="2019-06-17T07:01:03.869" activeThreads="1">
  <mem-info id="688" free="91226112" total="152043520" percent="60">
    <mem type="eden" free="680504" total="1048576" percent="64" />
    <remembered-set count="28672" freebytes="5954432" totalbytes="6069120" percent="98" regionsoverflowed="0" regionsstable="3" regionsrebuilding="0"/>
  </mem-info>
</gc-end>
<cycle-end id="689" type="partial gc" contextid="681" timestamp="2019-06-17T07:01:03.869" />
  <attribute name="elasticGC enabled" value="1" />
  <attribute name= "numThreadsSpecified" value="1" />
  <attribute name="heapSize specified" value="0" />
  <attribute name="Current GC Util" value="69" />
  <attribute name= "Current Time Running" value="2152" />
  <attribute name ="GC Interval" value="0" />
  <attribute name="ProportionalT" value="49.000000" />
  <attribute name="ProportionalI" value="49.000000" />
  <attribute name="ProportionalH" value="49.000000" />
  <attribute name="Current Error" value="49.000000" />
  <attribute name="IntegralT" value="0.000000" />
  <attribute name="IntegralI" value="0.000000" />
  <attribute name="IntegralH" value="0.000000" />
  <attribute name="DerivativeT" value="inf" />
  <attribute name="DerivativeI" value="inf" />
  <attribute name="DerivativeH" value="inf" />
  <attribute name="Loop Time for DT" value="0.000000" />
  <attribute name="Output H" value="8388608"/>
  <attribute name="Output I" value="200"/>
  <attribute name="Output T" value="1"/>
  <attribute name="Target GC Util Change" value ="20.000000" />
  <attribute name="Current GC Util Change" value="69.000000"/>
  <attribute name="GC Util currently" value="69" />
  <attribute name="CPU Util currently" value="20534896618844" />
<exclusive-end id="690" timestamp="2019-06-17T07:01:03.869" durationms="5.840" />

<exclusive-start id="691" timestamp="2019-06-17T07:01:03.891" intervalms="28.029">
  <response-info timems="0.035" idlems="0.035" threads="0" lastid="0000000002161100" lastname="Thread-9" />
</exclusive-start>
<allocation-taxation id="692" taxation-threshold="44040192" timestamp="2019-06-17T07:01:03.891" intervalms="27.958" />
<cycle-start id="693" type="partial gc" contextid="0" timestamp="2019-06-17T07:01:03.891" intervalms="27.964" />
<gc-start id="694" type="partial gc" contextid="693" timestamp="2019-06-17T07:01:03.892">
  <mem-info id="695" free="47185920" total="152043520" percent="31">
    <mem type="eden" free="0" total="44040192" percent="0" />
    <remembered-set count="28448" freebytes="5955328" totalbytes="6069120" percent="98" regionsoverflowed="0" regionsstable="3" regionsrebuilding="0"/>
  </mem-info>
</gc-start>
<allocation-stats totalBytes="44034672" >
  <allocated-bytes non-tlh="0" tlh="44034672" arrayletleaf="0"/>
  <largest-consumer threadName="Thread-8" threadId="0000000002155D00" bytes="12139472" />
</allocation-stats>
<gc-op id="696" type="copy forward" timems="3.776" contextid="693" timestamp="2019-06-17T07:01:03.896">
  <memory-copied type="eden" objects="12920" bytes="449248" bytesdiscarded="0" />
  <memory-copied type="other" objects="19663" bytes="746664" bytesdiscarded="0" />
  <memory-cardclean objects="10882" bytes="558544" />
  <regions eden="42" other="2" />
  <remembered-set-cleared processed="23673" cleared="200" durationms="0.296" />
  <stringconstants candidates="4597" cleared="0"  />
</gc-op>
<gc-op id="697" type="classunload" timems="0.002" contextid="693" timestamp="2019-06-17T07:01:03.896">
  <classunload-info classloadercandidates="8" classloadersunloaded="0" classesunloaded="0" anonymousclassesunloaded="0" quiescems="0.000" setupms="0.002" scanms="0.000" postms="0.000" />
</gc-op>
<heap-resize id="698" type="expand" space="default" amount="3145728" count="1" timems="0.065" reason="excessive time being spent in gc" timestamp="2019-06-17T07:01:03.896" />
<gc-end id="699" type="partial gc" contextid="693" durationms="4.892" usertimems="0.000" systemtimems="4.000" timestamp="2019-06-17T07:01:03.897" activeThreads="1">
  <mem-info id="700" free="93323264" total="155189248" percent="60">
    <mem type="eden" free="599328" total="1048576" percent="57" />
    <remembered-set count="29536" freebytes="6076544" totalbytes="6194688" percent="98" regionsoverflowed="0" regionsstable="3" regionsrebuilding="0"/>
  </mem-info>
</gc-end>
<cycle-end id="701" type="partial gc" contextid="693" timestamp="2019-06-17T07:01:03.897" />
  <attribute name="elasticGC enabled" value="1" />
  <attribute name= "numThreadsSpecified" value="1" />
  <attribute name="heapSize specified" value="0" />
  <attribute name="Current GC Util" value="61" />
  <attribute name= "Current Time Running" value="2180" />
  <attribute name ="GC Interval" value="0" />
  <attribute name="ProportionalT" value="41.000000" />
  <attribute name="ProportionalI" value="41.000000" />
  <attribute name="ProportionalH" value="41.000000" />
  <attribute name="Current Error" value="41.000000" />
  <attribute name="IntegralT" value="0.000000" />
  <attribute name="IntegralI" value="0.000000" />
  <attribute name="IntegralH" value="0.000000" />
  <attribute name="DerivativeT" value="inf" />
  <attribute name="DerivativeI" value="inf" />
  <attribute name="DerivativeH" value="inf" />
  <attribute name="Loop Time for DT" value="0.000000" />
  <attribute name="Output H" value="8388608"/>
  <attribute name="Output I" value="200"/>
  <attribute name="Output T" value="1"/>
  <attribute name="Target GC Util Change" value ="20.000000" />
  <attribute name="Current GC Util Change" value="61.000000"/>
  <attribute name="GC Util currently" value="61" />
  <attribute name="CPU Util currently" value="20570986389511" />
<exclusive-end id="702" timestamp="2019-06-17T07:01:03.897" durationms="5.632" />

<exclusive-start id="703" timestamp="2019-06-17T07:01:03.921" intervalms="29.686">
  <response-info timems="0.026" idlems="0.026" threads="0" lastid="0000000002159900" lastname="Thread-7" />
</exclusive-start>
<allocation-taxation id="704" taxation-threshold="45088768" timestamp="2019-06-17T07:01:03.921" intervalms="29.677" />
<cycle-start id="705" type="partial gc" contextid="0" timestamp="2019-06-17T07:01:03.921" intervalms="29.729" />
<gc-start id="706" type="partial gc" contextid="705" timestamp="2019-06-17T07:01:03.921">
  <mem-info id="707" free="48234496" total="155189248" percent="31">
    <mem type="eden" free="0" total="45088768" percent="0" />
    <remembered-set count="29344" freebytes="6077312" totalbytes="6194688" percent="98" regionsoverflowed="0" regionsstable="3" regionsrebuilding="0"/>
  </mem-info>
</gc-start>
<allocation-stats totalBytes="45083120" >
  <allocated-bytes non-tlh="0" tlh="45083120" arrayletleaf="0"/>
  <largest-consumer threadName="Thread-9" threadId="0000000002161100" bytes="11897160" />
</allocation-stats>
<gc-op id="708" type="copy forward" timems="3.914" contextid="705" timestamp="2019-06-17T07:01:03.926">
  <memory-copied type="eden" objects="10461" bytes="390016" bytesdiscarded="0" />
  <memory-copied type="other" objects="21861" bytes="799416" bytesdiscarded="0" />
  <memory-cardclean objects="10558" bytes="542464" />
  <regions eden="43" other="2" />
  <remembered-set-cleared processed="24359" cleared="275" durationms="0.299" />
  <stringconstants candidates="4597" cleared="0"  />
</gc-op>
<gc-op id="709" type="classunload" timems="0.002" contextid="705" timestamp="2019-06-17T07:01:03.926">
  <classunload-info classloadercandidates="8" classloadersunloaded="0" classesunloaded="0" anonymousclassesunloaded="0" quiescems="0.000" setupms="0.002" scanms="0.000" postms="0.000" />
</gc-op>
<heap-resize id="710" type="expand" space="default" amount="2097152" count="1" timems="0.061" reason="excessive time being spent in gc" timestamp="2019-06-17T07:01:03.926" />
<gc-end id="711" type="partial gc" contextid="705" durationms="5.201" usertimems="4.000" systemtimems="0.000" timestamp="2019-06-17T07:01:03.927" activeThreads="1">
  <mem-info id="712" free="94371840" total="157286400" percent="60">
    <mem type="eden" free="658560" total="1048576" percent="62" />
    <remembered-set count="30144" freebytes="6157824" totalbytes="6278400" percent="98" regionsoverflowed="0" regionsstable="3" regionsrebuilding="0"/>
  </mem-info>
</gc-end>
<cycle-end id="713" type="partial gc" contextid="705" timestamp="2019-06-17T07:01:03.927" />
  <attribute name="elasticGC enabled" value="1" />
  <attribute name= "numThreadsSpecified" value="1" />
  <attribute name="heapSize specified" value="0" />
  <attribute name="Current GC Util" value="63" />
  <attribute name= "Current Time Running" value="2210" />
  <attribute name ="GC Interval" value="0" />
  <attribute name="ProportionalT" value="43.000000" />
  <attribute name="ProportionalI" value="43.000000" />
  <attribute name="ProportionalH" value="43.000000" />
  <attribute name="Current Error" value="43.000000" />
  <attribute name="IntegralT" value="0.000000" />
  <attribute name="IntegralI" value="0.000000" />
  <attribute name="IntegralH" value="0.000000" />
  <attribute name="DerivativeT" value="inf" />
  <attribute name="DerivativeI" value="inf" />
  <attribute name="DerivativeH" value="inf" />
  <attribute name="Loop Time for DT" value="0.000000" />
  <attribute name="Output H" value="8388608"/>
  <attribute name="Output I" value="200"/>
  <attribute name="Output T" value="1"/>
  <attribute name="Target GC Util Change" value ="20.000000" />
  <attribute name="Current GC Util Change" value="63.000000"/>
  <attribute name="GC Util currently" value="63" />
  <attribute name="CPU Util currently" value="16552419009388" />
<exclusive-end id="714" timestamp="2019-06-17T07:01:03.927" durationms="6.125" />

<exclusive-start id="715" timestamp="2019-06-17T07:01:03.953" intervalms="32.104">
  <response-info timems="0.067" idlems="0.067" threads="0" lastid="0000000002161100" lastname="Thread-9" />
</exclusive-start>
<allocation-taxation id="716" taxation-threshold="46137344" timestamp="2019-06-17T07:01:03.953" intervalms="32.170" />
<cycle-start id="717" type="partial gc" contextid="0" timestamp="2019-06-17T07:01:03.953" intervalms="32.169" />
<gc-start id="718" type="partial gc" contextid="717" timestamp="2019-06-17T07:01:03.954">
  <mem-info id="719" free="48234496" total="157286400" percent="30">
    <mem type="eden" free="0" total="46137344" percent="0" />
    <remembered-set count="30016" freebytes="6158336" totalbytes="6278400" percent="98" regionsoverflowed="0" regionsstable="3" regionsrebuilding="0"/>
  </mem-info>
</gc-start>
<allocation-stats totalBytes="46132144" >
  <allocated-bytes non-tlh="0" tlh="46132144" arrayletleaf="0"/>
  <largest-consumer threadName="Thread-8" threadId="0000000002155D00" bytes="15370808" />
</allocation-stats>
<gc-op id="720" type="copy forward" timems="4.424" contextid="717" timestamp="2019-06-17T07:01:03.959">
  <memory-copied type="eden" objects="15461" bytes="647680" bytesdiscarded="0" />
  <memory-copied type="other" objects="22745" bytes="820632" bytesdiscarded="0" />
  <memory-cardclean objects="13129" bytes="670312" />
  <regions eden="44" other="2" />
  <remembered-set-cleared processed="24896" cleared="321" durationms="0.307" />
  <stringconstants candidates="4597" cleared="0"  />
</gc-op>
<gc-op id="721" type="classunload" timems="0.002" contextid="717" timestamp="2019-06-17T07:01:03.959">
  <classunload-info classloadercandidates="8" classloadersunloaded="0" classesunloaded="0" anonymousclassesunloaded="0" quiescems="0.000" setupms="0.002" scanms="0.000" postms="0.000" />
</gc-op>
<heap-resize id="722" type="expand" space="default" amount="3145728" count="1" timems="0.070" reason="excessive time being spent in gc" timestamp="2019-06-17T07:01:03.959" />
<gc-end id="723" type="partial gc" contextid="717" durationms="5.583" usertimems="4.000" systemtimems="0.000" timestamp="2019-06-17T07:01:03.959" activeThreads="1">
  <mem-info id="724" free="96468992" total="160432128" percent="60">
    <mem type="eden" free="400896" total="1048576" percent="38" />
    <remembered-set count="30656" freebytes="6281344" totalbytes="6403968" percent="98" regionsoverflowed="0" regionsstable="3" regionsrebuilding="0"/>
  </mem-info>
</gc-end>
<cycle-end id="725" type="partial gc" contextid="717" timestamp="2019-06-17T07:01:03.959" />
  <attribute name="elasticGC enabled" value="1" />
  <attribute name= "numThreadsSpecified" value="1" />
  <attribute name="heapSize specified" value="0" />
  <attribute name="Current GC Util" value="67" />
  <attribute name= "Current Time Running" value="2242" />
  <attribute name ="GC Interval" value="0" />
  <attribute name="ProportionalT" value="47.000000" />
  <attribute name="ProportionalI" value="47.000000" />
  <attribute name="ProportionalH" value="47.000000" />
  <attribute name="Current Error" value="47.000000" />
  <attribute name="IntegralT" value="0.000000" />
  <attribute name="IntegralI" value="0.000000" />
  <attribute name="IntegralH" value="0.000000" />
  <attribute name="DerivativeT" value="inf" />
  <attribute name="DerivativeI" value="inf" />
  <attribute name="DerivativeH" value="inf" />
  <attribute name="Loop Time for DT" value="0.000000" />
  <attribute name="Output H" value="8388608"/>
  <attribute name="Output I" value="200"/>
  <attribute name="Output T" value="1"/>
  <attribute name="Target GC Util Change" value ="20.000000" />
  <attribute name="Current GC Util Change" value="67.000000"/>
  <attribute name="GC Util currently" value="67" />
  <attribute name="CPU Util currently" value="19070580892141" />
<exclusive-end id="726" timestamp="2019-06-17T07:01:03.959" durationms="6.480" />

<exclusive-start id="727" timestamp="2019-06-17T07:01:03.986" intervalms="33.026">
  <response-info timems="0.029" idlems="0.029" threads="0" lastid="0000000002159900" lastname="Thread-7" />
</exclusive-start>
<allocation-taxation id="728" taxation-threshold="46137344" timestamp="2019-06-17T07:01:03.986" intervalms="33.073" />
<cycle-start id="729" type="partial gc" contextid="0" timestamp="2019-06-17T07:01:03.986" intervalms="33.050" />
<gc-start id="730" type="partial gc" contextid="729" timestamp="2019-06-17T07:01:03.987">
  <mem-info id="731" free="50331648" total="160432128" percent="31">
    <mem type="eden" free="0" total="46137344" percent="0" />
    <remembered-set count="30560" freebytes="6281728" totalbytes="6403968" percent="98" regionsoverflowed="0" regionsstable="3" regionsrebuilding="0"/>
  </mem-info>
</gc-start>
<allocation-stats totalBytes="46133192" >
  <allocated-bytes non-tlh="0" tlh="46133192" arrayletleaf="0"/>
  <largest-consumer threadName="Thread-9" threadId="0000000002161100" bytes="17148792" />
</allocation-stats>
<gc-op id="732" type="copy forward" timems="3.622" contextid="729" timestamp="2019-06-17T07:01:03.991">
  <memory-copied type="eden" objects="2755" bytes="67904" bytesdiscarded="0" />
  <memory-copied type="other" objects="25316" bytes="1019712" bytesdiscarded="0" />
  <memory-cardclean objects="8601" bytes="449176" />
  <regions eden="44" other="2" />
  <remembered-set-cleared processed="25794" cleared="264" durationms="0.334" />
  <stringconstants candidates="4597" cleared="0"  />
</gc-op>
<gc-op id="733" type="classunload" timems="0.002" contextid="729" timestamp="2019-06-17T07:01:03.991">
  <classunload-info classloadercandidates="8" classloadersunloaded="0" classesunloaded="0" anonymousclassesunloaded="0" quiescems="0.000" setupms="0.002" scanms="0.000" postms="0.000" />
</gc-op>
<heap-resize id="734" type="expand" space="default" amount="2097152" count="1" timems="0.071" reason="excessive time being spent in gc" timestamp="2019-06-17T07:01:03.992" />
<gc-end id="735" type="partial gc" contextid="729" durationms="4.985" usertimems="0.000" systemtimems="4.000" timestamp="2019-06-17T07:01:03.992" activeThreads="1">
  <mem-info id="736" free="97517568" total="162529280" percent="60">
    <mem type="eden" free="980672" total="1048576" percent="93" />
    <remembered-set count="31136" freebytes="6363136" totalbytes="6487680" percent="98" regionsoverflowed="0" regionsstable="3" regionsrebuilding="0"/>
  </mem-info>
</gc-end>
<cycle-end id="737" type="partial gc" contextid="729" timestamp="2019-06-17T07:01:03.992" />
  <attribute name="elasticGC enabled" value="1" />
  <attribute name= "numThreadsSpecified" value="1" />
  <attribute name="heapSize specified" value="0" />
  <attribute name="Current GC Util" value="61" />
  <attribute name= "Current Time Running" value="2275" />
  <attribute name ="GC Interval" value="0" />
  <attribute name="ProportionalT" value="41.000000" />
  <attribute name="ProportionalI" value="41.000000" />
  <attribute name="ProportionalH" value="41.000000" />
  <attribute name="Current Error" value="41.000000" />
  <attribute name="IntegralT" value="0.000000" />
  <attribute name="IntegralI" value="0.000000" />
  <attribute name="IntegralH" value="0.000000" />
  <attribute name="DerivativeT" value="inf" />
  <attribute name="DerivativeI" value="inf" />
  <attribute name="DerivativeH" value="inf" />
  <attribute name="Loop Time for DT" value="0.000000" />
  <attribute name="Output H" value="8388608"/>
  <attribute name="Output I" value="200"/>
  <attribute name="Output T" value="1"/>
  <attribute name="Target GC Util Change" value ="20.000000" />
  <attribute name="Current GC Util Change" value="61.000000"/>
  <attribute name="GC Util currently" value="61" />
  <attribute name="CPU Util currently" value="15694281040548" />
<exclusive-end id="738" timestamp="2019-06-17T07:01:03.992" durationms="6.133" />

<exclusive-start id="739" timestamp="2019-06-17T07:01:04.014" intervalms="27.576">
  <response-info timems="0.025" idlems="0.025" threads="0" lastid="0000000002161100" lastname="Thread-9" />
</exclusive-start>
<allocation-taxation id="740" taxation-threshold="47185920" timestamp="2019-06-17T07:01:04.014" intervalms="27.512" />
<cycle-start id="741" type="partial gc" contextid="0" timestamp="2019-06-17T07:01:04.014" intervalms="27.485" />
<gc-start id="742" type="partial gc" contextid="741" timestamp="2019-06-17T07:01:04.014">
  <mem-info id="743" free="50331648" total="162529280" percent="30">
    <mem type="eden" free="0" total="47185920" percent="0" />
    <remembered-set count="31072" freebytes="6363392" totalbytes="6487680" percent="98" regionsoverflowed="0" regionsstable="3" regionsrebuilding="0"/>
  </mem-info>
</gc-start>
<allocation-stats totalBytes="47180608" >
  <allocated-bytes non-tlh="0" tlh="47180608" arrayletleaf="0"/>
  <largest-consumer threadName="Thread-8" threadId="0000000002155D00" bytes="14080528" />
</allocation-stats>
<gc-op id="744" type="copy forward" timems="2.136" contextid="741" timestamp="2019-06-17T07:01:04.017">
  <memory-copied type="eden" objects="2893" bytes="71376" bytesdiscarded="1728" />
  <memory-copied type="other" objects="17634" bytes="697968" bytesdiscarded="50240" />
  <memory-cardclean objects="6940" bytes="365416" />
  <regions eden="45" other="2" />
  <remembered-set-cleared processed="26444" cleared="260" durationms="0.176" />
  <stringconstants candidates="4597" cleared="0"  />
</gc-op>
<gc-op id="745" type="classunload" timems="0.002" contextid="741" timestamp="2019-06-17T07:01:04.017">
  <classunload-info classloadercandidates="8" classloadersunloaded="0" classesunloaded="0" anonymousclassesunloaded="0" quiescems="0.000" setupms="0.002" scanms="0.000" postms="0.000" />
</gc-op>
<heap-resize id="746" type="expand" space="default" amount="5242880" count="1" timems="0.076" reason="excessive time being spent in gc" timestamp="2019-06-17T07:01:04.017" />
<gc-end id="747" type="partial gc" contextid="741" durationms="3.225" usertimems="8.000" systemtimems="0.000" timestamp="2019-06-17T07:01:04.017" activeThreads="4">
  <mem-info id="748" free="100663296" total="167772160" percent="60">
    <mem type="eden" free="2024048" total="2097152" percent="96" />
    <remembered-set count="30656" freebytes="6574336" totalbytes="6696960" percent="98" regionsoverflowed="0" regionsstable="3" regionsrebuilding="0"/>
  </mem-info>
</gc-end>
<cycle-end id="749" type="partial gc" contextid="741" timestamp="2019-06-17T07:01:04.017" />
  <attribute name="elasticGC enabled" value="1" />
  <attribute name= "numThreadsSpecified" value="4" />
  <attribute name="heapSize specified" value="0" />
  <attribute name="Current GC Util" value="74" />
  <attribute name= "Current Time Running" value="2303" />
  <attribute name ="GC Interval" value="0" />
  <attribute name="ProportionalT" value="54.000000" />
  <attribute name="ProportionalI" value="54.000000" />
  <attribute name="ProportionalH" value="54.000000" />
  <attribute name="Current Error" value="54.000000" />
  <attribute name="IntegralT" value="54.000000" />
  <attribute name="IntegralI" value="54.000000" />
  <attribute name="IntegralH" value="54.000000" />
  <attribute name="DerivativeT" value="54.000000" />
  <attribute name="DerivativeI" value="54.000000" />
  <attribute name="DerivativeH" value="54.000000" />
  <attribute name="Loop Time for DT" value="1.000000" />
  <attribute name="Output H" value="8388608"/>
  <attribute name="Output I" value="200"/>
  <attribute name="Output T" value="4"/>
  <attribute name="Target GC Util Change" value ="20.000000" />
  <attribute name="Current GC Util Change" value="74.000000"/>
  <attribute name="GC Util currently" value="74" />
  <attribute name="CPU Util currently" value="20090640627661" />
<exclusive-end id="750" timestamp="2019-06-17T07:01:04.017" durationms="3.876" />

<exclusive-start id="751" timestamp="2019-06-17T07:01:04.038" intervalms="24.208">
  <response-info timems="0.025" idlems="0.025" threads="0" lastid="0000000002161100" lastname="Thread-9" />
</exclusive-start>
<allocation-taxation id="752" taxation-threshold="48234496" timestamp="2019-06-17T07:01:04.038" intervalms="24.173" />
<cycle-start id="753" type="partial gc" contextid="0" timestamp="2019-06-17T07:01:04.038" intervalms="24.170" />
<gc-start id="754" type="partial gc" contextid="753" timestamp="2019-06-17T07:01:04.038">
  <mem-info id="755" free="52428800" total="167772160" percent="31">
    <mem type="eden" free="0" total="48234496" percent="0" />
    <remembered-set count="30560" freebytes="6574720" totalbytes="6696960" percent="98" regionsoverflowed="0" regionsstable="3" regionsrebuilding="0"/>
  </mem-info>
</gc-start>
<allocation-stats totalBytes="48229528" >
  <allocated-bytes non-tlh="0" tlh="48229528" arrayletleaf="0"/>
  <largest-consumer threadName="Thread-9" threadId="0000000002161100" bytes="13888312" />
</allocation-stats>
<gc-op id="756" type="copy forward" timems="2.082" contextid="753" timestamp="2019-06-17T07:01:04.041">
  <memory-copied type="eden" objects="2813" bytes="68792" bytesdiscarded="2624" />
  <memory-copied type="other" objects="5011" bytes="120264" bytesdiscarded="1632" />
  <memory-cardclean objects="9856" bytes="516280" />
  <regions eden="46" other="3" />
  <remembered-set-cleared processed="27006" cleared="154" durationms="0.158" />
  <stringconstants candidates="4597" cleared="0"  />
</gc-op>
<gc-op id="757" type="classunload" timems="0.002" contextid="753" timestamp="2019-06-17T07:01:04.041">
  <classunload-info classloadercandidates="8" classloadersunloaded="0" classesunloaded="0" anonymousclassesunloaded="0" quiescems="0.000" setupms="0.002" scanms="0.000" postms="0.000" />
</gc-op>
<gc-end id="758" type="partial gc" contextid="753" durationms="2.856" usertimems="4.000" systemtimems="0.000" timestamp="2019-06-17T07:01:04.041" activeThreads="4">
  <mem-info id="759" free="100663296" total="167772160" percent="60">
    <mem type="eden" free="977160" total="1048576" percent="93" />
    <remembered-set count="30432" freebytes="6575232" totalbytes="6696960" percent="98" regionsoverflowed="0" regionsstable="3" regionsrebuilding="0"/>
  </mem-info>
</gc-end>
<cycle-end id="760" type="partial gc" contextid="753" timestamp="2019-06-17T07:01:04.041" />
  <attribute name="elasticGC enabled" value="1" />
  <attribute name= "numThreadsSpecified" value="4" />
  <attribute name="heapSize specified" value="0" />
  <attribute name="Current GC Util" value="54" />
  <attribute name= "Current Time Running" value="2327" />
  <attribute name ="GC Interval" value="0" />
  <attribute name="ProportionalT" value="34.000000" />
  <attribute name="ProportionalI" value="34.000000" />
  <attribute name="ProportionalH" value="34.000000" />
  <attribute name="Current Error" value="34.000000" />
  <attribute name="IntegralT" value="34.000000" />
  <attribute name="IntegralI" value="34.000000" />
  <attribute name="IntegralH" value="34.000000" />
  <attribute name="DerivativeT" value="32.000000" />
  <attribute name="DerivativeI" value="32.000000" />
  <attribute name="DerivativeH" value="32.000000" />
  <attribute name="Loop Time for DT" value="1.000000" />
  <attribute name="Output H" value="8388608"/>
  <attribute name="Output I" value="200"/>
  <attribute name="Output T" value="4"/>
  <attribute name="Target GC Util Change" value ="20.000000" />
  <attribute name="Current GC Util Change" value="54.000000"/>
  <attribute name="GC Util currently" value="54" />
  <attribute name="CPU Util currently" value="21547316737678" />
<exclusive-end id="761" timestamp="2019-06-17T07:01:04.041" durationms="3.431" />

<exclusive-start id="762" timestamp="2019-06-17T07:01:04.061" intervalms="22.743">
  <response-info timems="0.027" idlems="0.027" threads="0" lastid="0000000002155D00" lastname="Thread-8" />
</exclusive-start>
<allocation-taxation id="763" taxation-threshold="48234496" timestamp="2019-06-17T07:01:04.061" intervalms="22.763" />
<cycle-start id="764" type="partial gc" contextid="0" timestamp="2019-06-17T07:01:04.061" intervalms="22.790" />
<gc-start id="765" type="partial gc" contextid="764" timestamp="2019-06-17T07:01:04.061">
  <mem-info id="766" free="52428800" total="167772160" percent="31">
    <mem type="eden" free="0" total="48234496" percent="0" />
    <remembered-set count="30400" freebytes="6575360" totalbytes="6696960" percent="98" regionsoverflowed="0" regionsstable="3" regionsrebuilding="0"/>
  </mem-info>
</gc-start>
<allocation-stats totalBytes="48229720" >
  <allocated-bytes non-tlh="0" tlh="48229720" arrayletleaf="0"/>
  <largest-consumer threadName="Thread-9" threadId="0000000002161100" bytes="13208312" />
</allocation-stats>
<gc-op id="767" type="copy forward" timems="2.178" contextid="764" timestamp="2019-06-17T07:01:04.064">
  <memory-copied type="eden" objects="4424" bytes="107968" bytesdiscarded="2936" />
  <memory-copied type="other" objects="5140" bytes="123360" bytesdiscarded="2136" />
  <memory-cardclean objects="12037" bytes="582976" />
  <regions eden="46" other="2" />
  <remembered-set-cleared processed="27506" cleared="351" durationms="0.167" />
  <stringconstants candidates="4597" cleared="0"  />
</gc-op>
<gc-op id="768" type="classunload" timems="0.002" contextid="764" timestamp="2019-06-17T07:01:04.064">
  <classunload-info classloadercandidates="8" classloadersunloaded="0" classesunloaded="0" anonymousclassesunloaded="0" quiescems="0.000" setupms="0.001" scanms="0.000" postms="0.000" />
</gc-op>
<heap-resize id="769" type="expand" space="default" amount="3145728" count="1" timems="0.069" reason="excessive time being spent in gc" timestamp="2019-06-17T07:01:04.064" />
<gc-end id="770" type="partial gc" contextid="764" durationms="3.165" usertimems="8.000" systemtimems="0.000" timestamp="2019-06-17T07:01:04.064" activeThreads="4">
  <mem-info id="771" free="102760448" total="170917888" percent="60">
    <mem type="eden" free="937672" total="1048576" percent="89" />
    <remembered-set count="32352" freebytes="6693120" totalbytes="6822528" percent="98" regionsoverflowed="0" regionsstable="3" regionsrebuilding="0"/>
  </mem-info>
</gc-end>
<cycle-end id="772" type="partial gc" contextid="764" timestamp="2019-06-17T07:01:04.064" />
  <attribute name="elasticGC enabled" value="1" />
  <attribute name= "numThreadsSpecified" value="4" />
  <attribute name="heapSize specified" value="0" />
  <attribute name="Current GC Util" value="0" />
  <attribute name= "Current Time Running" value="2349" />
  <attribute name ="GC Interval" value="0" />
  <attribute name="ProportionalT" value="-20.000000" />
  <attribute name="ProportionalI" value="-20.000000" />
  <attribute name="ProportionalH" value="-20.000000" />
  <attribute name="Current Error" value="-20.000000" />
  <attribute name="IntegralT" value="0.000000" />
  <attribute name="IntegralI" value="0.000000" />
  <attribute name="IntegralH" value="0.000000" />
  <attribute name="DerivativeT" value="-inf" />
  <attribute name="DerivativeI" value="-inf" />
  <attribute name="DerivativeH" value="-inf" />
  <attribute name="Loop Time for DT" value="0.000000" />
  <attribute name="Output H" value="2091843584"/>
  <attribute name="Output I" value="200"/>
  <attribute name="Output T" value="4"/>
  <attribute name="Target GC Util Change" value ="20.000000" />
  <attribute name="Current GC Util Change" value="0.000000"/>
  <attribute name="GC Util currently" value="0" />
  <attribute name="CPU Util currently" value="30806185784798" />
<exclusive-end id="773" timestamp="2019-06-17T07:01:04.065" durationms="3.980" />

<exclusive-start id="774" timestamp="2019-06-17T07:01:04.086" intervalms="25.473">
  <response-info timems="0.034" idlems="0.034" threads="0" lastid="0000000002159900" lastname="Thread-7" />
</exclusive-start>
<allocation-taxation id="775" taxation-threshold="49283072" timestamp="2019-06-17T07:01:04.086" intervalms="25.499" />
<cycle-start id="776" type="partial gc" contextid="0" timestamp="2019-06-17T07:01:04.086" intervalms="25.499" />
<gc-start id="777" type="partial gc" contextid="776" timestamp="2019-06-17T07:01:04.087">
  <mem-info id="778" free="53477376" total="170917888" percent="31">
    <mem type="eden" free="0" total="49283072" percent="0" />
    <remembered-set count="32288" freebytes="6693376" totalbytes="6822528" percent="98" regionsoverflowed="0" regionsstable="3" regionsrebuilding="0"/>
  </mem-info>
</gc-start>
<allocation-stats totalBytes="49278128" >
  <allocated-bytes non-tlh="0" tlh="49278128" arrayletleaf="0"/>
  <largest-consumer threadName="Thread-9" threadId="0000000002161100" bytes="15198600" />
</allocation-stats>
<gc-op id="779" type="copy forward" timems="3.667" contextid="776" timestamp="2019-06-17T07:01:04.091">
  <memory-copied type="eden" objects="21871" bytes="938840" bytesdiscarded="0" />
  <memory-copied type="other" objects="6763" bytes="162312" bytesdiscarded="0" />
  <memory-cardclean objects="12438" bytes="613792" />
  <regions eden="47" other="2" />
  <remembered-set-cleared processed="28013" cleared="458" durationms="0.335" />
  <stringconstants candidates="4597" cleared="0"  />
</gc-op>
<gc-op id="780" type="classunload" timems="0.002" contextid="776" timestamp="2019-06-17T07:01:04.091">
  <classunload-info classloadercandidates="8" classloadersunloaded="0" classesunloaded="0" anonymousclassesunloaded="0" quiescems="0.000" setupms="0.002" scanms="0.000" postms="0.000" />
</gc-op>
<heap-resize id="781" type="expand" space="default" amount="2097152" count="1" timems="0.060" reason="excessive time being spent in gc" timestamp="2019-06-17T07:01:04.091" />
<gc-end id="782" type="partial gc" contextid="776" durationms="4.972" usertimems="4.000" systemtimems="0.000" timestamp="2019-06-17T07:01:04.092" activeThreads="1">
  <mem-info id="783" free="103809024" total="173015040" percent="60">
    <mem type="eden" free="109736" total="1048576" percent="10" />
    <remembered-set count="33120" freebytes="6773760" totalbytes="6906240" percent="98" regionsoverflowed="0" regionsstable="3" regionsrebuilding="0"/>
  </mem-info>
</gc-end>
<cycle-end id="784" type="partial gc" contextid="776" timestamp="2019-06-17T07:01:04.092" />
  <attribute name="elasticGC enabled" value="1" />
  <attribute name= "numThreadsSpecified" value="1" />
  <attribute name="heapSize specified" value="0" />
  <attribute name="Current GC Util" value="49" />
  <attribute name= "Current Time Running" value="2375" />
  <attribute name ="GC Interval" value="0" />
  <attribute name="ProportionalT" value="29.000000" />
  <attribute name="ProportionalI" value="29.000000" />
  <attribute name="ProportionalH" value="29.000000" />
  <attribute name="Current Error" value="29.000000" />
  <attribute name="IntegralT" value="0.000000" />
  <attribute name="IntegralI" value="0.000000" />
  <attribute name="IntegralH" value="0.000000" />
  <attribute name="DerivativeT" value="inf" />
  <attribute name="DerivativeI" value="inf" />
  <attribute name="DerivativeH" value="inf" />
  <attribute name="Loop Time for DT" value="0.000000" />
  <attribute name="Output H" value="8388608"/>
  <attribute name="Output I" value="200"/>
  <attribute name="Output T" value="1"/>
  <attribute name="Target GC Util Change" value ="20.000000" />
  <attribute name="Current GC Util Change" value="49.000000"/>
  <attribute name="GC Util currently" value="49" />
  <attribute name="CPU Util currently" value="17103503311366" />
<exclusive-end id="785" timestamp="2019-06-17T07:01:04.092" durationms="6.002" />

<exclusive-start id="786" timestamp="2019-06-17T07:01:04.119" intervalms="32.911">
  <response-info timems="0.037" idlems="0.037" threads="0" lastid="0000000002161100" lastname="Thread-9" />
</exclusive-start>
<allocation-taxation id="787" taxation-threshold="49283072" timestamp="2019-06-17T07:01:04.119" intervalms="32.918" />
<cycle-start id="788" type="partial gc" contextid="0" timestamp="2019-06-17T07:01:04.119" intervalms="32.855" />
<gc-start id="789" type="partial gc" contextid="788" timestamp="2019-06-17T07:01:04.119">
  <mem-info id="790" free="54525952" total="173015040" percent="31">
    <mem type="eden" free="0" total="49283072" percent="0" />
    <remembered-set count="32736" freebytes="6775296" totalbytes="6906240" percent="98" regionsoverflowed="0" regionsstable="3" regionsrebuilding="0"/>
  </mem-info>
</gc-start>
<allocation-stats totalBytes="49277696" >
  <allocated-bytes non-tlh="0" tlh="49277696" arrayletleaf="0"/>
  <largest-consumer threadName="Thread-9" threadId="0000000002161100" bytes="16091520" />
</allocation-stats>
<gc-op id="791" type="copy forward" timems="3.917" contextid="788" timestamp="2019-06-17T07:01:04.124">
  <memory-copied type="eden" objects="8854" bytes="351920" bytesdiscarded="0" />
  <memory-copied type="other" objects="25692" bytes="1028736" bytesdiscarded="0" />
  <memory-cardclean objects="10215" bytes="511744" />
  <regions eden="47" other="2" />
  <remembered-set-cleared processed="28526" cleared="490" durationms="0.341" />
  <stringconstants candidates="4597" cleared="0"  />
</gc-op>
<gc-op id="792" type="classunload" timems="0.002" contextid="788" timestamp="2019-06-17T07:01:04.124">
  <classunload-info classloadercandidates="8" classloadersunloaded="0" classesunloaded="0" anonymousclassesunloaded="0" quiescems="0.000" setupms="0.002" scanms="0.000" postms="0.000" />
</gc-op>
<heap-resize id="793" type="expand" space="default" amount="3145728" count="1" timems="0.067" reason="excessive time being spent in gc" timestamp="2019-06-17T07:01:04.124" />
<gc-end id="794" type="partial gc" contextid="788" durationms="5.073" usertimems="4.000" systemtimems="0.000" timestamp="2019-06-17T07:01:04.124" activeThreads="1">
  <mem-info id="795" free="105906176" total="176160768" percent="60">
    <mem type="eden" free="696656" total="1048576" percent="66" />
    <remembered-set count="34304" freebytes="6894592" totalbytes="7031808" percent="98" regionsoverflowed="0" regionsstable="3" regionsrebuilding="0"/>
  </mem-info>
</gc-end>
<cycle-end id="796" type="partial gc" contextid="788" timestamp="2019-06-17T07:01:04.125" />
  <attribute name="elasticGC enabled" value="1" />
  <attribute name= "numThreadsSpecified" value="1" />
  <attribute name="heapSize specified" value="0" />
  <attribute name="Current GC Util" value="69" />
  <attribute name= "Current Time Running" value="2408" />
  <attribute name ="GC Interval" value="0" />
  <attribute name="ProportionalT" value="49.000000" />
  <attribute name="ProportionalI" value="49.000000" />
  <attribute name="ProportionalH" value="49.000000" />
  <attribute name="Current Error" value="49.000000" />
  <attribute name="IntegralT" value="0.000000" />
  <attribute name="IntegralI" value="0.000000" />
  <attribute name="IntegralH" value="0.000000" />
  <attribute name="DerivativeT" value="inf" />
  <attribute name="DerivativeI" value="inf" />
  <attribute name="DerivativeH" value="inf" />
  <attribute name="Loop Time for DT" value="0.000000" />
  <attribute name="Output H" value="8388608"/>
  <attribute name="Output I" value="200"/>
  <attribute name="Output T" value="1"/>
  <attribute name="Target GC Util Change" value ="20.000000" />
  <attribute name="Current GC Util Change" value="69.000000"/>
  <attribute name="GC Util currently" value="69" />
  <attribute name="CPU Util currently" value="18915857309215" />
<exclusive-end id="797" timestamp="2019-06-17T07:01:04.125" durationms="5.869" />

<exclusive-start id="798" timestamp="2019-06-17T07:01:04.156" intervalms="36.870">
  <response-info timems="0.057" idlems="0.057" threads="0" lastid="000000000215D500" lastname="Thread-10" />
</exclusive-start>
<allocation-taxation id="799" taxation-threshold="50331648" timestamp="2019-06-17T07:01:04.156" intervalms="36.863" />
<cycle-start id="800" type="partial gc" contextid="0" timestamp="2019-06-17T07:01:04.156" intervalms="36.962" />
<gc-start id="801" type="partial gc" contextid="800" timestamp="2019-06-17T07:01:04.156">
  <mem-info id="802" free="55574528" total="176160768" percent="31">
    <mem type="eden" free="0" total="50331648" percent="0" />
    <remembered-set count="33888" freebytes="6896256" totalbytes="7031808" percent="98" regionsoverflowed="0" regionsstable="3" regionsrebuilding="0"/>
  </mem-info>
</gc-start>
<allocation-stats totalBytes="50325272" >
  <allocated-bytes non-tlh="0" tlh="50325272" arrayletleaf="0"/>
  <largest-consumer threadName="Thread-9" threadId="0000000002161100" bytes="17905760" />
</allocation-stats>
<gc-op id="803" type="copy forward" timems="4.097" contextid="800" timestamp="2019-06-17T07:01:04.161">
  <memory-copied type="eden" objects="4113" bytes="100656" bytesdiscarded="0" />
  <memory-copied type="other" objects="30062" bytes="1270992" bytesdiscarded="0" />
  <memory-cardclean objects="5896" bytes="304432" />
  <regions eden="48" other="2" />
  <remembered-set-cleared processed="29190" cleared="446" durationms="0.350" />
  <stringconstants candidates="4597" cleared="0"  />
</gc-op>
<gc-op id="804" type="classunload" timems="0.002" contextid="800" timestamp="2019-06-17T07:01:04.161">
  <classunload-info classloadercandidates="8" classloadersunloaded="0" classesunloaded="0" anonymousclassesunloaded="0" quiescems="0.000" setupms="0.002" scanms="0.000" postms="0.000" />
</gc-op>
<heap-resize id="805" type="expand" space="default" amount="2097152" count="1" timems="0.064" reason="excessive time being spent in gc" timestamp="2019-06-17T07:01:04.162" />
<gc-end id="806" type="partial gc" contextid="800" durationms="5.391" usertimems="4.000" systemtimems="0.000" timestamp="2019-06-17T07:01:04.162" activeThreads="1">
  <mem-info id="807" free="106954752" total="178257920" percent="60">
    <mem type="eden" free="947920" total="1048576" percent="90" />
    <remembered-set count="34528" freebytes="6977408" totalbytes="7115520" percent="98" regionsoverflowed="0" regionsstable="3" regionsrebuilding="0"/>
  </mem-info>
</gc-end>
<cycle-end id="808" type="partial gc" contextid="800" timestamp="2019-06-17T07:01:04.162" />
  <attribute name="elasticGC enabled" value="1" />
  <attribute name= "numThreadsSpecified" value="1" />
  <attribute name="heapSize specified" value="0" />
  <attribute name="Current GC Util" value="61" />
  <attribute name= "Current Time Running" value="2445" />
  <attribute name ="GC Interval" value="0" />
  <attribute name="ProportionalT" value="41.000000" />
  <attribute name="ProportionalI" value="41.000000" />
  <attribute name="ProportionalH" value="41.000000" />
  <attribute name="Current Error" value="41.000000" />
  <attribute name="IntegralT" value="0.000000" />
  <attribute name="IntegralI" value="0.000000" />
  <attribute name="IntegralH" value="0.000000" />
  <attribute name="DerivativeT" value="inf" />
  <attribute name="DerivativeI" value="inf" />
  <attribute name="DerivativeH" value="inf" />
  <attribute name="Loop Time for DT" value="0.000000" />
  <attribute name="Output H" value="8388608"/>
  <attribute name="Output I" value="200"/>
  <attribute name="Output T" value="1"/>
  <attribute name="Target GC Util Change" value ="20.000000" />
  <attribute name="Current GC Util Change" value="61.000000"/>
  <attribute name="GC Util currently" value="61" />
  <attribute name="CPU Util currently" value="19654220752599" />
<exclusive-end id="809" timestamp="2019-06-17T07:01:04.162" durationms="6.471" />

<exclusive-start id="810" timestamp="2019-06-17T07:01:04.194" intervalms="38.112">
  <response-info timems="0.033" idlems="0.033" threads="0" lastid="0000000002161100" lastname="Thread-9" />
</exclusive-start>
<allocation-taxation id="811" taxation-threshold="50331648" timestamp="2019-06-17T07:01:04.194" intervalms="38.134" />
<cycle-start id="812" type="partial gc" contextid="0" timestamp="2019-06-17T07:01:04.194" intervalms="38.038" />
<gc-start id="813" type="partial gc" contextid="812" timestamp="2019-06-17T07:01:04.194">
  <mem-info id="814" free="56623104" total="178257920" percent="31">
    <mem type="eden" free="0" total="50331648" percent="0" />
    <remembered-set count="34528" freebytes="6977408" totalbytes="7115520" percent="98" regionsoverflowed="0" regionsstable="3" regionsrebuilding="0"/>
  </mem-info>
</gc-start>
<allocation-stats totalBytes="50325568" >
  <allocated-bytes non-tlh="0" tlh="50325568" arrayletleaf="0"/>
  <largest-consumer threadName="Thread-9" threadId="0000000002161100" bytes="17266816" />
</allocation-stats>
<gc-op id="815" type="copy forward" timems="2.568" contextid="812" timestamp="2019-06-17T07:01:04.198">
  <memory-copied type="eden" objects="9289" bytes="361840" bytesdiscarded="0" />
  <memory-copied type="other" objects="4757" bytes="114168" bytesdiscarded="0" />
  <memory-cardclean objects="8710" bytes="484360" />
  <regions eden="48" other="2" />
  <remembered-set-cleared processed="29730" cleared="112" durationms="0.353" />
  <stringconstants candidates="4597" cleared="0"  />
</gc-op>
<gc-op id="816" type="classunload" timems="0.002" contextid="812" timestamp="2019-06-17T07:01:04.198">
  <classunload-info classloadercandidates="8" classloadersunloaded="0" classesunloaded="0" anonymousclassesunloaded="0" quiescems="0.000" setupms="0.002" scanms="0.000" postms="0.000" />
</gc-op>
<heap-resize id="817" type="expand" space="default" amount="3145728" count="1" timems="0.069" reason="excessive time being spent in gc" timestamp="2019-06-17T07:01:04.198" />
<gc-end id="818" type="partial gc" contextid="812" durationms="3.740" usertimems="4.000" systemtimems="0.000" timestamp="2019-06-17T07:01:04.198" activeThreads="1">
  <mem-info id="819" free="109051904" total="181403648" percent="60">
    <mem type="eden" free="686736" total="1048576" percent="65" />
    <remembered-set count="34880" freebytes="7101568" totalbytes="7241088" percent="98" regionsoverflowed="0" regionsstable="3" regionsrebuilding="0"/>
  </mem-info>
</gc-end>
<cycle-end id="820" type="partial gc" contextid="812" timestamp="2019-06-17T07:01:04.198" />
  <attribute name="elasticGC enabled" value="1" />
  <attribute name= "numThreadsSpecified" value="1" />
  <attribute name="heapSize specified" value="0" />
  <attribute name="Current GC Util" value="69" />
  <attribute name= "Current Time Running" value="2483" />
  <attribute name ="GC Interval" value="0" />
  <attribute name="ProportionalT" value="49.000000" />
  <attribute name="ProportionalI" value="49.000000" />
  <attribute name="ProportionalH" value="49.000000" />
  <attribute name="Current Error" value="49.000000" />
  <attribute name="IntegralT" value="0.000000" />
  <attribute name="IntegralI" value="0.000000" />
  <attribute name="IntegralH" value="0.000000" />
  <attribute name="DerivativeT" value="inf" />
  <attribute name="DerivativeI" value="inf" />
  <attribute name="DerivativeH" value="inf" />
  <attribute name="Loop Time for DT" value="0.000000" />
  <attribute name="Output H" value="8388608"/>
  <attribute name="Output I" value="200"/>
  <attribute name="Output T" value="1"/>
  <attribute name="Target GC Util Change" value ="20.000000" />
  <attribute name="Current GC Util Change" value="69.000000"/>
  <attribute name="GC Util currently" value="69" />
  <attribute name="CPU Util currently" value="19439971046629" />
<exclusive-end id="821" timestamp="2019-06-17T07:01:04.198" durationms="4.565" />

<exclusive-start id="822" timestamp="2019-06-17T07:01:04.227" intervalms="33.131">
  <response-info timems="0.042" idlems="0.042" threads="0" lastid="0000000002161100" lastname="Thread-9" />
</exclusive-start>
<allocation-taxation id="823" taxation-threshold="51380224" timestamp="2019-06-17T07:01:04.227" intervalms="33.104" />
<cycle-start id="824" type="partial gc" contextid="0" timestamp="2019-06-17T07:01:04.227" intervalms="33.104" />
<gc-start id="825" type="partial gc" contextid="824" timestamp="2019-06-17T07:01:04.228">
  <mem-info id="826" free="57671680" total="181403648" percent="31">
    <mem type="eden" free="0" total="51380224" percent="0" />
    <remembered-set count="34752" freebytes="7102080" totalbytes="7241088" percent="98" regionsoverflowed="0" regionsstable="3" regionsrebuilding="0"/>
  </mem-info>
</gc-start>
<allocation-stats totalBytes="51373440" >
  <allocated-bytes non-tlh="0" tlh="51373440" arrayletleaf="0"/>
  <largest-consumer threadName="Thread-9" threadId="0000000002161100" bytes="18101952" />
</allocation-stats>
<gc-op id="827" type="copy forward" timems="2.914" contextid="824" timestamp="2019-06-17T07:01:04.231">
  <memory-copied type="eden" objects="16862" bytes="681368" bytesdiscarded="0" />
  <memory-copied type="other" objects="4617" bytes="110808" bytesdiscarded="0" />
  <memory-cardclean objects="7557" bytes="371224" />
  <regions eden="49" other="2" />
  <remembered-set-cleared processed="30202" cleared="187" durationms="0.355" />
  <stringconstants candidates="4597" cleared="0"  />
</gc-op>
<gc-op id="828" type="classunload" timems="0.002" contextid="824" timestamp="2019-06-17T07:01:04.231">
  <classunload-info classloadercandidates="8" classloadersunloaded="0" classesunloaded="0" anonymousclassesunloaded="0" quiescems="0.000" setupms="0.002" scanms="0.000" postms="0.000" />
</gc-op>
<heap-resize id="829" type="expand" space="default" amount="2097152" count="1" timems="0.062" reason="excessive time being spent in gc" timestamp="2019-06-17T07:01:04.231" />
<gc-end id="830" type="partial gc" contextid="824" durationms="4.061" usertimems="4.000" systemtimems="0.000" timestamp="2019-06-17T07:01:04.232" activeThreads="1">
  <mem-info id="831" free="110100480" total="183500800" percent="60">
    <mem type="eden" free="367208" total="1048576" percent="35" />
    <remembered-set count="35264" freebytes="7183744" totalbytes="7324800" percent="98" regionsoverflowed="0" regionsstable="3" regionsrebuilding="0"/>
  </mem-info>
</gc-end>
<cycle-end id="832" type="partial gc" contextid="824" timestamp="2019-06-17T07:01:04.232" />
  <attribute name="elasticGC enabled" value="1" />
  <attribute name= "numThreadsSpecified" value="1" />
  <attribute name="heapSize specified" value="0" />
  <attribute name="Current GC Util" value="68" />
  <attribute name= "Current Time Running" value="2516" />
  <attribute name ="GC Interval" value="0" />
  <attribute name="ProportionalT" value="48.000000" />
  <attribute name="ProportionalI" value="48.000000" />
  <attribute name="ProportionalH" value="48.000000" />
  <attribute name="Current Error" value="48.000000" />
  <attribute name="IntegralT" value="0.000000" />
  <attribute name="IntegralI" value="0.000000" />
  <attribute name="IntegralH" value="0.000000" />
  <attribute name="DerivativeT" value="inf" />
  <attribute name="DerivativeI" value="inf" />
  <attribute name="DerivativeH" value="inf" />
  <attribute name="Loop Time for DT" value="0.000000" />
  <attribute name="Output H" value="8388608"/>
  <attribute name="Output I" value="200"/>
  <attribute name="Output T" value="1"/>
  <attribute name="Target GC Util Change" value ="20.000000" />
  <attribute name="Current GC Util Change" value="68.000000"/>
  <attribute name="GC Util currently" value="68" />
  <attribute name="CPU Util currently" value="18711853587164" />
<exclusive-end id="833" timestamp="2019-06-17T07:01:04.232" durationms="4.931" />

<exclusive-start id="834" timestamp="2019-06-17T07:01:04.259" intervalms="31.727">
  <response-info timems="0.036" idlems="0.036" threads="0" lastid="0000000002155D00" lastname="Thread-8" />
</exclusive-start>
<allocation-taxation id="835" taxation-threshold="52428800" timestamp="2019-06-17T07:01:04.259" intervalms="31.748" />
<cycle-start id="836" type="partial gc" contextid="0" timestamp="2019-06-17T07:01:04.259" intervalms="31.755" />
<gc-start id="837" type="partial gc" contextid="836" timestamp="2019-06-17T07:01:04.259">
  <mem-info id="838" free="57671680" total="183500800" percent="31">
    <mem type="eden" free="0" total="52428800" percent="0" />
    <remembered-set count="35040" freebytes="7184640" totalbytes="7324800" percent="98" regionsoverflowed="0" regionsstable="3" regionsrebuilding="0"/>
  </mem-info>
</gc-start>
<allocation-stats totalBytes="52421672" >
  <allocated-bytes non-tlh="0" tlh="52421672" arrayletleaf="0"/>
  <largest-consumer threadName="Thread-8" threadId="0000000002155D00" bytes="16979712" />
</allocation-stats>
<gc-op id="839" type="copy forward" timems="3.037" contextid="836" timestamp="2019-06-17T07:01:04.263">
  <memory-copied type="eden" objects="9742" bytes="372456" bytesdiscarded="0" />
  <memory-copied type="other" objects="11672" bytes="417504" bytesdiscarded="0" />
  <memory-cardclean objects="6985" bytes="344488" />
  <regions eden="50" other="2" />
  <remembered-set-cleared processed="30547" cleared="259" durationms="0.358" />
  <stringconstants candidates="4597" cleared="0"  />
</gc-op>
<gc-op id="840" type="classunload" timems="0.002" contextid="836" timestamp="2019-06-17T07:01:04.263">
  <classunload-info classloadercandidates="8" classloadersunloaded="0" classesunloaded="0" anonymousclassesunloaded="0" quiescems="0.000" setupms="0.002" scanms="0.000" postms="0.000" />
</gc-op>
<heap-resize id="841" type="expand" space="default" amount="3145728" count="1" timems="0.068" reason="excessive time being spent in gc" timestamp="2019-06-17T07:01:04.263" />
<gc-end id="842" type="partial gc" contextid="836" durationms="4.261" usertimems="4.000" systemtimems="0.000" timestamp="2019-06-17T07:01:04.264" activeThreads="1">
  <mem-info id="843" free="112197632" total="186646528" percent="60">
    <mem type="eden" free="676120" total="1048576" percent="64" />
    <remembered-set count="36032" freebytes="7306240" totalbytes="7450368" percent="98" regionsoverflowed="0" regionsstable="3" regionsrebuilding="0"/>
  </mem-info>
</gc-end>
<cycle-end id="844" type="partial gc" contextid="836" timestamp="2019-06-17T07:01:04.264" />
  <attribute name="elasticGC enabled" value="1" />
  <attribute name= "numThreadsSpecified" value="1" />
  <attribute name="heapSize specified" value="0" />
  <attribute name="Current GC Util" value="67" />
  <attribute name= "Current Time Running" value="2548" />
  <attribute name ="GC Interval" value="0" />
  <attribute name="ProportionalT" value="47.000000" />
  <attribute name="ProportionalI" value="47.000000" />
  <attribute name="ProportionalH" value="47.000000" />
  <attribute name="Current Error" value="47.000000" />
  <attribute name="IntegralT" value="0.000000" />
  <attribute name="IntegralI" value="0.000000" />
  <attribute name="IntegralH" value="0.000000" />
  <attribute name="DerivativeT" value="inf" />
  <attribute name="DerivativeI" value="inf" />
  <attribute name="DerivativeH" value="inf" />
  <attribute name="Loop Time for DT" value="0.000000" />
  <attribute name="Output H" value="8388608"/>
  <attribute name="Output I" value="200"/>
  <attribute name="Output T" value="1"/>
  <attribute name="Target GC Util Change" value ="20.000000" />
  <attribute name="Current GC Util Change" value="67.000000"/>
  <attribute name="GC Util currently" value="67" />
  <attribute name="CPU Util currently" value="18409703722236" />
<exclusive-end id="845" timestamp="2019-06-17T07:01:04.264" durationms="5.210" />

<exclusive-start id="846" timestamp="2019-06-17T07:01:04.296" intervalms="37.258">
  <response-info timems="0.033" idlems="0.033" threads="0" lastid="0000000002161100" lastname="Thread-9" />
</exclusive-start>
<allocation-taxation id="847" taxation-threshold="52428800" timestamp="2019-06-17T07:01:04.296" intervalms="37.281" />
<cycle-start id="848" type="partial gc" contextid="0" timestamp="2019-06-17T07:01:04.296" intervalms="37.311" />
<gc-start id="849" type="partial gc" contextid="848" timestamp="2019-06-17T07:01:04.297">
  <mem-info id="850" free="59768832" total="186646528" percent="32">
    <mem type="eden" free="0" total="52428800" percent="0" />
    <remembered-set count="36032" freebytes="7306240" totalbytes="7450368" percent="98" regionsoverflowed="0" regionsstable="3" regionsrebuilding="0"/>
  </mem-info>
</gc-start>
<allocation-stats totalBytes="52421464" >
  <allocated-bytes non-tlh="0" tlh="52421464" arrayletleaf="0"/>
  <largest-consumer threadName="Thread-8" threadId="0000000002155D00" bytes="18233136" />
</allocation-stats>
<gc-op id="851" type="copy forward" timems="2.372" contextid="848" timestamp="2019-06-17T07:01:04.300">
  <memory-copied type="eden" objects="12068" bytes="566192" bytesdiscarded="0" />
  <memory-copied type="other" objects="3078" bytes="73872" bytesdiscarded="0" />
  <memory-cardclean objects="4668" bytes="233272" />
  <regions eden="50" other="2" />
  <remembered-set-cleared processed="31043" cleared="208" durationms="0.379" />
  <stringconstants candidates="4597" cleared="0"  />
</gc-op>
<gc-op id="852" type="classunload" timems="0.002" contextid="848" timestamp="2019-06-17T07:01:04.300">
  <classunload-info classloadercandidates="8" classloadersunloaded="0" classesunloaded="0" anonymousclassesunloaded="0" quiescems="0.000" setupms="0.002" scanms="0.000" postms="0.000" />
</gc-op>
<heap-resize id="853" type="expand" space="default" amount="2097152" count="1" timems="0.063" reason="excessive time being spent in gc" timestamp="2019-06-17T07:01:04.300" />
<gc-end id="854" type="partial gc" contextid="848" durationms="3.569" usertimems="8.000" systemtimems="0.000" timestamp="2019-06-17T07:01:04.300" activeThreads="1">
  <mem-info id="855" free="113246208" total="188743680" percent="60">
    <mem type="eden" free="482384" total="1048576" percent="46" />
    <remembered-set count="36096" freebytes="7389696" totalbytes="7534080" percent="98" regionsoverflowed="0" regionsstable="3" regionsrebuilding="0"/>
  </mem-info>
</gc-end>
<cycle-end id="856" type="partial gc" contextid="848" timestamp="2019-06-17T07:01:04.300" />
  <attribute name="elasticGC enabled" value="1" />
  <attribute name= "numThreadsSpecified" value="1" />
  <attribute name="heapSize specified" value="0" />
  <attribute name="Current GC Util" value="59" />
  <attribute name= "Current Time Running" value="2585" />
  <attribute name ="GC Interval" value="0" />
  <attribute name="ProportionalT" value="39.000000" />
  <attribute name="ProportionalI" value="39.000000" />
  <attribute name="ProportionalH" value="39.000000" />
  <attribute name="Current Error" value="39.000000" />
  <attribute name="IntegralT" value="0.000000" />
  <attribute name="IntegralI" value="0.000000" />
  <attribute name="IntegralH" value="0.000000" />
  <attribute name="DerivativeT" value="inf" />
  <attribute name="DerivativeI" value="inf" />
  <attribute name="DerivativeH" value="inf" />
  <attribute name="Loop Time for DT" value="0.000000" />
  <attribute name="Output H" value="8388608"/>
  <attribute name="Output I" value="200"/>
  <attribute name="Output T" value="1"/>
  <attribute name="Target GC Util Change" value ="20.000000" />
  <attribute name="Current GC Util Change" value="59.000000"/>
  <attribute name="GC Util currently" value="59" />
  <attribute name="CPU Util currently" value="16361212952120" />
<exclusive-end id="857" timestamp="2019-06-17T07:01:04.301" durationms="4.471" />

<exclusive-start id="858" timestamp="2019-06-17T07:01:04.334" intervalms="38.393">
  <response-info timems="0.043" idlems="0.043" threads="0" lastid="000000000215D500" lastname="Thread-10" />
</exclusive-start>
<allocation-taxation id="859" taxation-threshold="53477376" timestamp="2019-06-17T07:01:04.335" intervalms="38.391" />
<cycle-start id="860" type="partial gc" contextid="0" timestamp="2019-06-17T07:01:04.335" intervalms="38.455" />
<gc-start id="861" type="partial gc" contextid="860" timestamp="2019-06-17T07:01:04.335">
  <mem-info id="862" free="59768832" total="188743680" percent="31">
    <mem type="eden" free="0" total="53477376" percent="0" />
    <remembered-set count="36032" freebytes="7389952" totalbytes="7534080" percent="98" regionsoverflowed="0" regionsstable="3" regionsrebuilding="0"/>
  </mem-info>
</gc-start>
<allocation-stats totalBytes="53470072" >
  <allocated-bytes non-tlh="0" tlh="53470072" arrayletleaf="0"/>
  <largest-consumer threadName="Thread-8" threadId="0000000002155D00" bytes="20030760" />
</allocation-stats>
<gc-op id="863" type="copy forward" timems="2.550" contextid="860" timestamp="2019-06-17T07:01:04.338">
  <memory-copied type="eden" objects="17706" bytes="701488" bytesdiscarded="14280" />
  <memory-copied type="other" objects="7021" bytes="305880" bytesdiscarded="24720" />
  <memory-cardclean objects="5810" bytes="287848" />
  <regions eden="51" other="2" />
  <remembered-set-cleared processed="31320" cleared="245" durationms="0.176" />
  <stringconstants candidates="4597" cleared="0"  />
</gc-op>
<gc-op id="864" type="classunload" timems="0.003" contextid="860" timestamp="2019-06-17T07:01:04.338">
  <classunload-info classloadercandidates="8" classloadersunloaded="0" classesunloaded="0" anonymousclassesunloaded="0" quiescems="0.000" setupms="0.002" scanms="0.000" postms="0.000" />
</gc-op>
<heap-resize id="865" type="expand" space="default" amount="5242880" count="1" timems="0.082" reason="excessive time being spent in gc" timestamp="2019-06-17T07:01:04.339" />
<gc-end id="866" type="partial gc" contextid="860" durationms="3.654" usertimems="4.000" systemtimems="0.000" timestamp="2019-06-17T07:01:04.339" activeThreads="4">
  <mem-info id="867" free="116391936" total="193986560" percent="60">
    <mem type="eden" free="1381384" total="2097152" percent="65" />
    <remembered-set count="35872" freebytes="7599872" totalbytes="7743360" percent="98" regionsoverflowed="0" regionsstable="3" regionsrebuilding="0"/>
  </mem-info>
</gc-end>
<cycle-end id="868" type="partial gc" contextid="860" timestamp="2019-06-17T07:01:04.339" />
  <attribute name="elasticGC enabled" value="1" />
  <attribute name= "numThreadsSpecified" value="4" />
  <attribute name="heapSize specified" value="0" />
  <attribute name="Current GC Util" value="59" />
  <attribute name= "Current Time Running" value="2624" />
  <attribute name ="GC Interval" value="0" />
  <attribute name="ProportionalT" value="39.000000" />
  <attribute name="ProportionalI" value="39.000000" />
  <attribute name="ProportionalH" value="39.000000" />
  <attribute name="Current Error" value="39.000000" />
  <attribute name="IntegralT" value="39.000000" />
  <attribute name="IntegralI" value="39.000000" />
  <attribute name="IntegralH" value="39.000000" />
  <attribute name="DerivativeT" value="39.000000" />
  <attribute name="DerivativeI" value="39.000000" />
  <attribute name="DerivativeH" value="39.000000" />
  <attribute name="Loop Time for DT" value="1.000000" />
  <attribute name="Output H" value="8388608"/>
  <attribute name="Output I" value="200"/>
  <attribute name="Output T" value="4"/>
  <attribute name="Target GC Util Change" value ="20.000000" />
  <attribute name="Current GC Util Change" value="59.000000"/>
  <attribute name="GC Util currently" value="59" />
  <attribute name="CPU Util currently" value="18761944715567" />
<exclusive-end id="869" timestamp="2019-06-17T07:01:04.339" durationms="4.693" />

<exclusive-start id="870" timestamp="2019-06-17T07:01:04.371" intervalms="36.450">
  <response-info timems="0.033" idlems="0.033" threads="0" lastid="0000000002161100" lastname="Thread-9" />
</exclusive-start>
<allocation-taxation id="871" taxation-threshold="54525952" timestamp="2019-06-17T07:01:04.371" intervalms="36.417" />
<cycle-start id="872" type="partial gc" contextid="0" timestamp="2019-06-17T07:01:04.371" intervalms="36.363" />
<gc-start id="873" type="partial gc" contextid="872" timestamp="2019-06-17T07:01:04.371">
  <mem-info id="874" free="61865984" total="193986560" percent="31">
    <mem type="eden" free="0" total="54525952" percent="0" />
    <remembered-set count="35456" freebytes="7601536" totalbytes="7743360" percent="98" regionsoverflowed="0" regionsstable="3" regionsrebuilding="0"/>
  </mem-info>
</gc-start>
<allocation-stats totalBytes="54518560" >
  <allocated-bytes non-tlh="0" tlh="54518560" arrayletleaf="0"/>
  <largest-consumer threadName="Thread-10" threadId="000000000215D500" bytes="17835488" />
</allocation-stats>
<gc-op id="875" type="copy forward" timems="3.332" contextid="872" timestamp="2019-06-17T07:01:04.375">
  <memory-copied type="eden" objects="8635" bytes="346168" bytesdiscarded="0" />
  <memory-copied type="other" objects="15996" bytes="658656" bytesdiscarded="0" />
  <memory-cardclean objects="6509" bytes="321688" />
  <regions eden="52" other="4" />
  <remembered-set-cleared processed="31317" cleared="269" durationms="0.367" />
  <stringconstants candidates="4597" cleared="0"  />
</gc-op>
<gc-op id="876" type="classunload" timems="0.002" contextid="872" timestamp="2019-06-17T07:01:04.376">
  <classunload-info classloadercandidates="8" classloadersunloaded="0" classesunloaded="0" anonymousclassesunloaded="0" quiescems="0.000" setupms="0.001" scanms="0.000" postms="0.000" />
</gc-op>
<gc-end id="877" type="partial gc" contextid="872" durationms="4.414" usertimems="4.000" systemtimems="0.000" timestamp="2019-06-17T07:01:04.376" activeThreads="1">
  <mem-info id="878" free="116391936" total="193986560" percent="60">
    <mem type="eden" free="702408" total="1048576" percent="66" />
    <remembered-set count="36448" freebytes="7597568" totalbytes="7743360" percent="98" regionsoverflowed="0" regionsstable="3" regionsrebuilding="0"/>
  </mem-info>
</gc-end>
<cycle-end id="879" type="partial gc" contextid="872" timestamp="2019-06-17T07:01:04.376" />
  <attribute name="elasticGC enabled" value="1" />
  <attribute name= "numThreadsSpecified" value="1" />
  <attribute name="heapSize specified" value="0" />
  <attribute name="Current GC Util" value="55" />
  <attribute name= "Current Time Running" value="2660" />
  <attribute name ="GC Interval" value="0" />
  <attribute name="ProportionalT" value="35.000000" />
  <attribute name="ProportionalI" value="35.000000" />
  <attribute name="ProportionalH" value="35.000000" />
  <attribute name="Current Error" value="35.000000" />
  <attribute name="IntegralT" value="0.000000" />
  <attribute name="IntegralI" value="0.000000" />
  <attribute name="IntegralH" value="0.000000" />
  <attribute name="DerivativeT" value="inf" />
  <attribute name="DerivativeI" value="inf" />
  <attribute name="DerivativeH" value="inf" />
  <attribute name="Loop Time for DT" value="0.000000" />
  <attribute name="Output H" value="8388608"/>
  <attribute name="Output I" value="200"/>
  <attribute name="Output T" value="1"/>
  <attribute name="Target GC Util Change" value ="20.000000" />
  <attribute name="Current GC Util Change" value="55.000000"/>
  <attribute name="GC Util currently" value="55" />
  <attribute name="CPU Util currently" value="17687456894191" />
<exclusive-end id="880" timestamp="2019-06-17T07:01:04.376" durationms="5.285" />

<exclusive-start id="881" timestamp="2019-06-17T07:01:04.405" intervalms="34.439">
  <response-info timems="0.033" idlems="0.033" threads="0" lastid="0000000002161100" lastname="Thread-9" />
</exclusive-start>
<allocation-taxation id="882" taxation-threshold="54525952" timestamp="2019-06-17T07:01:04.406" intervalms="34.476" />
<cycle-start id="883" type="partial gc" contextid="0" timestamp="2019-06-17T07:01:04.406" intervalms="34.503" />
<gc-start id="884" type="partial gc" contextid="883" timestamp="2019-06-17T07:01:04.406">
  <mem-info id="885" free="61865984" total="193986560" percent="31">
    <mem type="eden" free="0" total="54525952" percent="0" />
    <remembered-set count="36128" freebytes="7598848" totalbytes="7743360" percent="98" regionsoverflowed="0" regionsstable="3" regionsrebuilding="0"/>
  </mem-info>
</gc-start>
<allocation-stats totalBytes="54518232" >
  <allocated-bytes non-tlh="0" tlh="54518232" arrayletleaf="0"/>
  <largest-consumer threadName="Thread-10" threadId="000000000215D500" bytes="18187600" />
</allocation-stats>
<gc-op id="886" type="copy forward" timems="3.851" contextid="883" timestamp="2019-06-17T07:01:04.410">
  <memory-copied type="eden" objects="18920" bytes="729872" bytesdiscarded="0" />
  <memory-copied type="other" objects="16772" bytes="677280" bytesdiscarded="0" />
  <memory-cardclean objects="6040" bytes="303232" />
  <regions eden="52" other="3" />
  <remembered-set-cleared processed="31532" cleared="336" durationms="0.371" />
  <stringconstants candidates="4597" cleared="0"  />
</gc-op>
<gc-op id="887" type="classunload" timems="0.003" contextid="883" timestamp="2019-06-17T07:01:04.411">
  <classunload-info classloadercandidates="8" classloadersunloaded="0" classesunloaded="0" anonymousclassesunloaded="0" quiescems="0.000" setupms="0.003" scanms="0.000" postms="0.000" />
</gc-op>
<gc-end id="888" type="partial gc" contextid="883" durationms="4.913" usertimems="4.000" systemtimems="0.000" timestamp="2019-06-17T07:01:04.411" activeThreads="1">
  <mem-info id="889" free="115343360" total="193986560" percent="59">
    <mem type="eden" free="318704" total="1048576" percent="30" />
    <remembered-set count="37120" freebytes="7594880" totalbytes="7743360" percent="98" regionsoverflowed="0" regionsstable="3" regionsrebuilding="0"/>
  </mem-info>
</gc-end>
<cycle-end id="890" type="partial gc" contextid="883" timestamp="2019-06-17T07:01:04.411" />
  <attribute name="elasticGC enabled" value="1" />
  <attribute name= "numThreadsSpecified" value="1" />
  <attribute name="heapSize specified" value="0" />
  <attribute name="Current GC Util" value="68" />
  <attribute name= "Current Time Running" value="2694" />
  <attribute name ="GC Interval" value="0" />
  <attribute name="ProportionalT" value="48.000000" />
  <attribute name="ProportionalI" value="48.000000" />
  <attribute name="ProportionalH" value="48.000000" />
  <attribute name="Current Error" value="48.000000" />
  <attribute name="IntegralT" value="0.000000" />
  <attribute name="IntegralI" value="0.000000" />
  <attribute name="IntegralH" value="0.000000" />
  <attribute name="DerivativeT" value="inf" />
  <attribute name="DerivativeI" value="inf" />
  <attribute name="DerivativeH" value="inf" />
  <attribute name="Loop Time for DT" value="0.000000" />
  <attribute name="Output H" value="8388608"/>
  <attribute name="Output I" value="200"/>
  <attribute name="Output T" value="1"/>
  <attribute name="Target GC Util Change" value ="20.000000" />
  <attribute name="Current GC Util Change" value="68.000000"/>
  <attribute name="GC Util currently" value="68" />
  <attribute name="CPU Util currently" value="18380940277109" />
<exclusive-end id="891" timestamp="2019-06-17T07:01:04.411" durationms="5.893" />

<exclusive-start id="892" timestamp="2019-06-17T07:01:04.438" intervalms="32.918">
  <response-info timems="0.209" idlems="0.188" threads="1" lastid="0000000002159900" lastname="Thread-7" />
</exclusive-start>
<allocation-taxation id="893" taxation-threshold="54525952" timestamp="2019-06-17T07:01:04.438" intervalms="32.889" />
<cycle-start id="894" type="partial gc" contextid="0" timestamp="2019-06-17T07:01:04.439" intervalms="32.893" />
<gc-start id="895" type="partial gc" contextid="894" timestamp="2019-06-17T07:01:04.439">
  <mem-info id="896" free="60817408" total="193986560" percent="31">
    <mem type="eden" free="0" total="54525952" percent="0" />
    <remembered-set count="36800" freebytes="7596160" totalbytes="7743360" percent="98" regionsoverflowed="0" regionsstable="3" regionsrebuilding="0"/>
  </mem-info>
</gc-start>
<allocation-stats totalBytes="54518600" >
  <allocated-bytes non-tlh="0" tlh="54518600" arrayletleaf="0"/>
  <largest-consumer threadName="Thread-9" threadId="0000000002161100" bytes="18630232" />
</allocation-stats>
<gc-op id="897" type="copy forward" timems="3.179" contextid="894" timestamp="2019-06-17T07:01:04.443">
  <memory-copied type="eden" objects="15062" bytes="637224" bytesdiscarded="0" />
  <memory-copied type="other" objects="10758" bytes="395568" bytesdiscarded="0" />
  <memory-cardclean objects="5814" bytes="307336" />
  <regions eden="52" other="2" />
  <remembered-set-cleared processed="32141" cleared="173" durationms="0.399" />
  <stringconstants candidates="4597" cleared="0"  />
</gc-op>
<gc-op id="898" type="classunload" timems="0.003" contextid="894" timestamp="2019-06-17T07:01:04.443">
  <classunload-info classloadercandidates="8" classloadersunloaded="0" classesunloaded="0" anonymousclassesunloaded="0" quiescems="0.000" setupms="0.002" scanms="0.000" postms="0.000" />
</gc-op>
<heap-resize id="899" type="expand" space="default" amount="5242880" count="1" timems="0.083" reason="excessive time being spent in gc" timestamp="2019-06-17T07:01:04.443" />
<gc-end id="900" type="partial gc" contextid="894" durationms="4.417" usertimems="8.000" systemtimems="0.000" timestamp="2019-06-17T07:01:04.443" activeThreads="1">
  <mem-info id="901" free="119537664" total="199229440" percent="60">
    <mem type="eden" free="411352" total="1048576" percent="39" />
    <remembered-set count="37376" freebytes="7803136" totalbytes="7952640" percent="98" regionsoverflowed="0" regionsstable="3" regionsrebuilding="0"/>
  </mem-info>
</gc-end>
<cycle-end id="902" type="partial gc" contextid="894" timestamp="2019-06-17T07:01:04.443" />
  <attribute name="elasticGC enabled" value="1" />
  <attribute name= "numThreadsSpecified" value="1" />
  <attribute name="heapSize specified" value="0" />
  <attribute name="Current GC Util" value="68" />
  <attribute name= "Current Time Running" value="2727" />
  <attribute name ="GC Interval" value="0" />
  <attribute name="ProportionalT" value="48.000000" />
  <attribute name="ProportionalI" value="48.000000" />
  <attribute name="ProportionalH" value="48.000000" />
  <attribute name="Current Error" value="48.000000" />
  <attribute name="IntegralT" value="0.000000" />
  <attribute name="IntegralI" value="0.000000" />
  <attribute name="IntegralH" value="0.000000" />
  <attribute name="DerivativeT" value="inf" />
  <attribute name="DerivativeI" value="inf" />
  <attribute name="DerivativeH" value="inf" />
  <attribute name="Loop Time for DT" value="0.000000" />
  <attribute name="Output H" value="8388608"/>
  <attribute name="Output I" value="200"/>
  <attribute name="Output T" value="1"/>
  <attribute name="Target GC Util Change" value ="20.000000" />
  <attribute name="Current GC Util Change" value="68.000000"/>
  <attribute name="GC Util currently" value="68" />
  <attribute name="CPU Util currently" value="20252274850259" />
<exclusive-end id="903" timestamp="2019-06-17T07:01:04.444" durationms="5.465" />

<exclusive-start id="904" timestamp="2019-06-17T07:01:04.470" intervalms="32.016">
  <response-info timems="0.041" idlems="0.041" threads="0" lastid="0000000002161100" lastname="Thread-9" />
</exclusive-start>
<allocation-taxation id="905" taxation-threshold="55574528" timestamp="2019-06-17T07:01:04.470" intervalms="32.019" />
<cycle-start id="906" type="partial gc" contextid="0" timestamp="2019-06-17T07:01:04.471" intervalms="31.977" />
<gc-start id="907" type="partial gc" contextid="906" timestamp="2019-06-17T07:01:04.471">
  <mem-info id="908" free="63963136" total="199229440" percent="32">
    <mem type="eden" free="0" total="55574528" percent="0" />
    <remembered-set count="37120" freebytes="7804160" totalbytes="7952640" percent="98" regionsoverflowed="0" regionsstable="3" regionsrebuilding="0"/>
  </mem-info>
</gc-start>
<allocation-stats totalBytes="55566800" >
  <allocated-bytes non-tlh="0" tlh="55566800" arrayletleaf="0"/>
  <largest-consumer threadName="Thread-10" threadId="000000000215D500" bytes="19158640" />
</allocation-stats>
<gc-op id="909" type="copy forward" timems="3.365" contextid="906" timestamp="2019-06-17T07:01:04.475">
  <memory-copied type="eden" objects="4956" bytes="119976" bytesdiscarded="0" />
  <memory-copied type="other" objects="18256" bytes="712896" bytesdiscarded="0" />
  <memory-cardclean objects="8155" bytes="438616" />
  <regions eden="53" other="2" />
  <remembered-set-cleared processed="32481" cleared="234" durationms="0.391" />
  <stringconstants candidates="4597" cleared="0"  />
</gc-op>
<gc-op id="910" type="classunload" timems="0.002" contextid="906" timestamp="2019-06-17T07:01:04.475">
  <classunload-info classloadercandidates="8" classloadersunloaded="0" classesunloaded="0" anonymousclassesunloaded="0" quiescems="0.000" setupms="0.002" scanms="0.000" postms="0.000" />
</gc-op>
<heap-resize id="911" type="expand" space="default" amount="3145728" count="1" timems="0.069" reason="excessive time being spent in gc" timestamp="2019-06-17T07:01:04.475" />
<gc-end id="912" type="partial gc" contextid="906" durationms="4.579" usertimems="8.000" systemtimems="0.000" timestamp="2019-06-17T07:01:04.475" activeThreads="1">
  <mem-info id="913" free="121634816" total="202375168" percent="60">
    <mem type="eden" free="928600" total="1048576" percent="88" />
    <remembered-set count="38208" freebytes="7925376" totalbytes="8078208" percent="98" regionsoverflowed="0" regionsstable="3" regionsrebuilding="0"/>
  </mem-info>
</gc-end>
<cycle-end id="914" type="partial gc" contextid="906" timestamp="2019-06-17T07:01:04.476" />
  <attribute name="elasticGC enabled" value="1" />
  <attribute name= "numThreadsSpecified" value="1" />
  <attribute name="heapSize specified" value="0" />
  <attribute name="Current GC Util" value="64" />
  <attribute name= "Current Time Running" value="2759" />
  <attribute name ="GC Interval" value="0" />
  <attribute name="ProportionalT" value="44.000000" />
  <attribute name="ProportionalI" value="44.000000" />
  <attribute name="ProportionalH" value="44.000000" />
  <attribute name="Current Error" value="44.000000" />
  <attribute name="IntegralT" value="0.000000" />
  <attribute name="IntegralI" value="0.000000" />
  <attribute name="IntegralH" value="0.000000" />
  <attribute name="DerivativeT" value="inf" />
  <attribute name="DerivativeI" value="inf" />
  <attribute name="DerivativeH" value="inf" />
  <attribute name="Loop Time for DT" value="0.000000" />
  <attribute name="Output H" value="8388608"/>
  <attribute name="Output I" value="200"/>
  <attribute name="Output T" value="1"/>
  <attribute name="Target GC Util Change" value ="20.000000" />
  <attribute name="Current GC Util Change" value="64.000000"/>
  <attribute name="GC Util currently" value="64" />
  <attribute name="CPU Util currently" value="19380577803242" />
<exclusive-end id="915" timestamp="2019-06-17T07:01:04.476" durationms="5.427" />

<exclusive-start id="916" timestamp="2019-06-17T07:01:04.503" intervalms="32.505">
  <response-info timems="0.037" idlems="0.037" threads="0" lastid="000000000215D500" lastname="Thread-10" />
</exclusive-start>
<allocation-taxation id="917" taxation-threshold="56623104" timestamp="2019-06-17T07:01:04.503" intervalms="32.529" />
<cycle-start id="918" type="partial gc" contextid="0" timestamp="2019-06-17T07:01:04.503" intervalms="32.554" />
<gc-start id="919" type="partial gc" contextid="918" timestamp="2019-06-17T07:01:04.503">
  <mem-info id="920" free="65011712" total="202375168" percent="32">
    <mem type="eden" free="0" total="56623104" percent="0" />
    <remembered-set count="37856" freebytes="7926784" totalbytes="8078208" percent="98" regionsoverflowed="0" regionsstable="3" regionsrebuilding="0"/>
  </mem-info>
</gc-start>
<allocation-stats totalBytes="56615688" >
  <allocated-bytes non-tlh="0" tlh="56615688" arrayletleaf="0"/>
  <largest-consumer threadName="Thread-9" threadId="0000000002161100" bytes="18863560" />
</allocation-stats>
<gc-op id="921" type="copy forward" timems="4.001" contextid="918" timestamp="2019-06-17T07:01:04.508">
  <memory-copied type="eden" objects="18726" bytes="725368" bytesdiscarded="0" />
  <memory-copied type="other" objects="14186" bytes="477840" bytesdiscarded="0" />
  <memory-cardclean objects="9672" bytes="500152" />
  <regions eden="54" other="3" />
  <remembered-set-cleared processed="32484" cleared="287" durationms="0.387" />
  <stringconstants candidates="4597" cleared="0"  />
</gc-op>
<gc-op id="922" type="classunload" timems="0.002" contextid="918" timestamp="2019-06-17T07:01:04.508">
  <classunload-info classloadercandidates="8" classloadersunloaded="0" classesunloaded="0" anonymousclassesunloaded="0" quiescems="0.000" setupms="0.002" scanms="0.000" postms="0.000" />
</gc-op>
<heap-resize id="923" type="expand" space="default" amount="2097152" count="1" timems="0.064" reason="excessive time being spent in gc" timestamp="2019-06-17T07:01:04.508" />
<gc-end id="924" type="partial gc" contextid="918" durationms="5.250" usertimems="8.000" systemtimems="0.000" timestamp="2019-06-17T07:01:04.509" activeThreads="1">
  <mem-info id="925" free="122683392" total="204472320" percent="60">
    <mem type="eden" free="323208" total="1048576" percent="30" />
    <remembered-set count="38464" freebytes="8008064" totalbytes="8161920" percent="98" regionsoverflowed="0" regionsstable="3" regionsrebuilding="0"/>
  </mem-info>
</gc-end>
<cycle-end id="926" type="partial gc" contextid="918" timestamp="2019-06-17T07:01:04.509" />
  <attribute name="elasticGC enabled" value="1" />
  <attribute name= "numThreadsSpecified" value="1" />
  <attribute name="heapSize specified" value="0" />
  <attribute name="Current GC Util" value="61" />
  <attribute name= "Current Time Running" value="2792" />
  <attribute name ="GC Interval" value="0" />
  <attribute name="ProportionalT" value="41.000000" />
  <attribute name="ProportionalI" value="41.000000" />
  <attribute name="ProportionalH" value="41.000000" />
  <attribute name="Current Error" value="41.000000" />
  <attribute name="IntegralT" value="0.000000" />
  <attribute name="IntegralI" value="0.000000" />
  <attribute name="IntegralH" value="0.000000" />
  <attribute name="DerivativeT" value="inf" />
  <attribute name="DerivativeI" value="inf" />
  <attribute name="DerivativeH" value="inf" />
  <attribute name="Loop Time for DT" value="0.000000" />
  <attribute name="Output H" value="8388608"/>
  <attribute name="Output I" value="200"/>
  <attribute name="Output T" value="1"/>
  <attribute name="Target GC Util Change" value ="20.000000" />
  <attribute name="Current GC Util Change" value="61.000000"/>
  <attribute name="GC Util currently" value="61" />
  <attribute name="CPU Util currently" value="19650954535877" />
<exclusive-end id="927" timestamp="2019-06-17T07:01:04.509" durationms="6.237" />

</verbosegc>

