<?xml version="1.0" ?>

<verbosegc xmlns="http://www.ibm.com/j9/verbosegc" version="10b4217_CMPRSS">

<initialized id="1" timestamp="2019-06-15T02:19:00.839">
  <attribute name="gcPolicy" value="-Xgcpolicy:balanced" />
  <attribute name="elasticGC enabled" value="1" />
  <attribute name= "numThreadsSpecified" value="0" />
  <attribute name="heapSize specified" value="0" />
  <attribute name="Current GC Util" value="0" />
  <attribute name= "Current Time Running" value="0" />
  <attribute name ="GC Interval" value="0" />
  <attribute name="ProportionalT" value="0.000000" />
  <attribute name="ProportionalI" value="0.000000" />
  <attribute name="ProportionalH" value="0.000000" />
  <attribute name="IntegralT" value="0.000000" />
  <attribute name="IntegralI" value="0.000000" />
  <attribute name="IntegralH" value="0.000000" />
  <attribute name="DerivativeT" value="0.000000" />
  <attribute name="DerivativeI" value="0.000000" />
  <attribute name="DerivativeH" value="0.000000" />
  <attribute name="Target GC Util Change" value ="0.000000" />
  <attribute name="Current GC Util Change" value="0.000000"/>
  <attribute name="Current Error" value="0.000000" />
  <attribute name="Loop Time for DT" value="0.000000" />
  <attribute name="Output H" value="0"/>
  <attribute name="Output I" value="0"/>
  <attribute name="Output T" value="0"/>
  <attribute name="GC Util currently" value="0" />
  <attribute name="CPU Util currently" value="0" />
  <attribute name="maxHeapSize" value="0x7cb00000" />
  <attribute name="initialHeapSize" value="0x800000" />
  <attribute name="compressedRefs" value="true" />
  <attribute name="compressedRefsDisplacement" value="0x0" />
  <attribute name="compressedRefsShift" value="0x0" />
  <attribute name="pageSize" value="0x1000" />
  <attribute name="pageType" value="not used" />
  <attribute name="requestedPageSize" value="0x1000" />
  <attribute name="requestedPageType" value="not used" />
  <attribute name="gcthreads" value="4" />
  <attribute name="packetListSplit" value="4" />
  <attribute name="cacheListSplit" value="4" />
  <attribute name="splitFreeListSplitAmount" value="1" />
  <attribute name="numaNodes" value="0" />
  <region>
    <attribute name="regionSize" value="1048576" />
    <attribute name="regionCount" value="1995" />
    <attribute name="arrayletLeafSize" value="1048576" />
  </region>
  <system>
    <attribute name="physicalMemory" value="8370958336" />
    <attribute name="numCPUs" value="4" />
    <attribute name="architecture" value="amd64" />
    <attribute name="os" value="Linux" />
    <attribute name="osVersion" value="4.4.0-150-generic" />
  </system>
  <vmargs>
    <vmarg name="-Xoptionsfile=/vagrant/jdk/lib/options.default" />
    <vmarg name="-Xlockword:mode=default,noLockword=java/lang/String,noLockword=java/util/MapEntry,noLockword=java/util/HashMap$Entry,noLockword..." />
    <vmarg name="-Xjcl:jclse29" />
    <vmarg name="-Dcom.ibm.oti.vm.bootstrap.library.path=/vagrant/jdk/lib/compressedrefs:/vagrant/jdk/lib" />
    <vmarg name="-Dsun.boot.library.path=/vagrant/jdk/lib/compressedrefs:/vagrant/jdk/lib" />
    <vmarg name="-Djava.library.path=/vagrant/jdk/lib/compressedrefs:/vagrant/jdk/lib:/usr/lib64:/usr/lib" />
    <vmarg name="-Djava.home=/vagrant/jdk" />
    <vmarg name="-Duser.dir=/vagrant" />
    <vmarg name="-Xgcpolicy:balanced" />
    <vmarg name="-Xgcelastic" />
    <vmarg name="-Xcheck:gc:::elasticGC" />
    <vmarg name="-verbose:gc" />
    <vmarg name="-Xloggc:jdk0.5-1-1-default-BAL-4CORE-elasticverbose14sunflow.txt" />
    <vmarg name="-Djava.class.path=dacapo-9.12-MR1-bach.jar" />
    <vmarg name="-Dsun.java.command=dacapo-9.12-MR1-bach.jar sunflow --size=default" />
    <vmarg name="-Dsun.java.launcher=SUN_STANDARD" />
    <vmarg name="-Dsun.java.launcher.pid=25237" />
  </vmargs>
</initialized>

<exclusive-start id="2" timestamp="2019-06-15T02:19:01.488" intervalms="648.673">
  <response-info timems="0.060" idlems="0.060" threads="0" lastid="0000000001F8A700" lastname="main" />
</exclusive-start>
<sys-start reason="explicit" id="3" timestamp="2019-06-15T02:19:01.488" intervalms="648.902" />
<cycle-start id="4" type="global garbage collect" contextid="0" timestamp="2019-06-15T02:19:01.488" intervalms="649.190" />
<gc-start id="5" type="global garbage collect" contextid="4" timestamp="2019-06-15T02:19:01.489">
  <mem-info id="6" free="2228216" total="8388608" percent="26">
    <mem type="eden" free="131096" total="6291456" percent="2" />
    <remembered-set count="0" freebytes="334848" totalbytes="334848" percent="100" regionsoverflowed="0" regionsstable="0" regionsrebuilding="0"/>
  </mem-info>
</gc-start>
<allocation-stats totalBytes="6155296" >
  <allocated-bytes non-tlh="1222920" tlh="4932376" arrayletleaf="0"/>
  <largest-consumer threadName="main" threadId="0000000001F8A700" bytes="6077456" />
</allocation-stats>
<gc-op id="7" type="global mark" timems="3.891" contextid="4" timestamp="2019-06-15T02:19:01.493">
  <trace-info objectcount="30316" scancount="23646" scanbytes="765760" />
  <finalization candidates="125" enqueued="1" />
  <ownableSynchronizers candidates="3" cleared="0" />
  <references type="soft" candidates="132" cleared="0" enqueued="0" dynamicThreshold="32" maxThreshold="32" />
  <references type="weak" candidates="1326" cleared="569" enqueued="479" />
  <references type="phantom" candidates="107" cleared="42" enqueued="42" />
  <stringconstants candidates="3958" cleared="0"  />
</gc-op>
<gc-op id="8" type="classunload" timems="0.046" contextid="4" timestamp="2019-06-15T02:19:01.493">
  <classunload-info classloadercandidates="7" classloadersunloaded="0" classesunloaded="0" anonymousclassesunloaded="0" quiescems="0.000" setupms="0.045" scanms="0.000" postms="0.000" />
</gc-op>
<gc-op id="9" type="sweep" timems="0.528" contextid="4" timestamp="2019-06-15T02:19:01.494" />
<gc-op id="10" type="compact" timems="4.087" contextid="4" timestamp="2019-06-15T02:19:01.499">
  <compact-info movecount="30316" movebytes="1862376" />
  <remembered-set-cleared processed="3556" cleared="3556" durationms="0.138" />
</gc-op>
<gc-end id="11" type="global garbage collect" contextid="4" durationms="10.402" usertimems="4.000" systemtimems="8.000" timestamp="2019-06-15T02:19:01.499" activeThreads="4">
  <mem-info id="12" free="6291456" total="8388608" percent="75">
    <pending-finalizers system="1" default="0" reference="521" classloader="0" />
    <remembered-set count="2560" freebytes="324608" totalbytes="334848" percent="96" regionsoverflowed="0" regionsstable="0" regionsrebuilding="0"/>
  </mem-info>
</gc-end>
<cycle-end id="13" type="global garbage collect" contextid="4" timestamp="2019-06-15T02:19:01.500" />
  <attribute name="elasticGC enabled" value="1" />
  <attribute name= "numThreadsSpecified" value="4" />
  <attribute name="heapSize specified" value="0" />
  <attribute name="Current GC Util" value="63" />
  <attribute name= "Current Time Running" value="539" />
  <attribute name ="GC Interval" value="0" />
  <attribute name="ProportionalT" value="21.500000" />
  <attribute name="ProportionalI" value="21.500000" />
  <attribute name="ProportionalH" value="21.500000" />
  <attribute name="Current Error" value="43.000000" />
  <attribute name="IntegralT" value="-10357.000000" />
  <attribute name="IntegralI" value="-10357.000000" />
  <attribute name="IntegralH" value="-10357.000000" />
  <attribute name="DerivativeT" value="-27.000000" />
  <attribute name="DerivativeI" value="-27.000000" />
  <attribute name="DerivativeH" value="-27.000000" />
  <attribute name="Loop Time for DT" value="1.000000" />
  <attribute name="Output H" value="2091843584"/>
  <attribute name="Output I" value="200"/>
  <attribute name="Output T" value="4"/>
  <attribute name="Target GC Util Change" value ="20.000000" />
  <attribute name="Current GC Util Change" value="63.000000"/>
  <attribute name="GC Util currently" value="63" />
  <attribute name="CPU Util currently" value="6076691190720" />
<sys-end id="14" timestamp="2019-06-15T02:19:01.500" />
<exclusive-end id="15" timestamp="2019-06-15T02:19:01.500" durationms="11.774" />

<exclusive-start id="16" timestamp="2019-06-15T02:19:01.741" intervalms="253.412">
  <response-info timems="0.092" idlems="0.092" threads="0" lastid="00000000022E3500" lastname="Thread-5" />
</exclusive-start>
<allocation-taxation id="17" taxation-threshold="6291456" timestamp="2019-06-15T02:19:01.742" intervalms="902.484" />
<cycle-start id="18" type="partial gc" contextid="0" timestamp="2019-06-15T02:19:01.742" intervalms="902.839" />
<gc-start id="19" type="partial gc" contextid="18" timestamp="2019-06-15T02:19:01.742">
  <mem-info id="20" free="0" total="8388608" percent="0">
    <mem type="eden" free="7960" total="6291456" percent="0" />
    <remembered-set count="2336" freebytes="325504" totalbytes="334848" percent="97" regionsoverflowed="0" regionsstable="0" regionsrebuilding="0"/>
  </mem-info>
</gc-start>
<allocation-stats totalBytes="6228744" >
  <allocated-bytes non-tlh="1248472" tlh="4980272" arrayletleaf="0"/>
  <largest-consumer threadName="main" threadId="0000000001F8A700" bytes="2982240" />
</allocation-stats>
<gc-op id="21" type="mark" timems="2.205" contextid="18" timestamp="2019-06-15T02:19:01.746">
  <trace-info objectcount="14751" scancount="11870" scanbytes="447664" />
  <cardclean-info objects="1294" bytes="47780" />
  <remembered-set-cleared processed="1043" cleared="107" durationms="0.068" />
  <references type="soft" candidates="17" cleared="0" enqueued="0" dynamicThreshold="24" maxThreshold="32" />
  <references type="weak" candidates="45" cleared="29" enqueued="28" />
  <references type="phantom" candidates="2" cleared="0" enqueued="0" />
  <stringconstants candidates="4534" cleared="1"  />
  <warning details="Mark invoked due to insufficient free space for Copy-Forward" />
</gc-op>
<gc-op id="22" type="classunload" timems="0.002" contextid="18" timestamp="2019-06-15T02:19:01.746">
  <classunload-info classloadercandidates="8" classloadersunloaded="0" classesunloaded="0" anonymousclassesunloaded="0" quiescems="0.000" setupms="0.002" scanms="0.000" postms="0.000" />
</gc-op>
<gc-op id="23" type="sweep" timems="0.373" contextid="18" timestamp="2019-06-15T02:19:01.746" />
<gc-op id="24" type="compact" timems="2.016" contextid="18" timestamp="2019-06-15T02:19:01.748">
  <compact-info movecount="14749" movebytes="1362304" />
  <remembered-set-cleared processed="3465" cleared="1526" durationms="0.068" />
</gc-op>
<heap-resize id="25" type="expand" space="default" amount="1048576" count="1" timems="0.066" reason="insufficient free space following gc" timestamp="2019-06-15T02:19:01.749" />
<gc-end id="26" type="partial gc" contextid="18" durationms="6.792" usertimems="8.000" systemtimems="4.000" timestamp="2019-06-15T02:19:01.749" activeThreads="4">
  <mem-info id="27" free="5242880" total="9437184" percent="55">
    <mem type="eden" free="626136" total="2097152" percent="29" />
    <pending-finalizers system="0" default="0" reference="28" classloader="0" />
    <remembered-set count="3136" freebytes="364160" totalbytes="376704" percent="96" regionsoverflowed="0" regionsstable="0" regionsrebuilding="0"/>
  </mem-info>
</gc-end>
<cycle-end id="28" type="partial gc" contextid="18" timestamp="2019-06-15T02:19:01.749" />
  <attribute name="elasticGC enabled" value="1" />
  <attribute name= "numThreadsSpecified" value="4" />
  <attribute name="heapSize specified" value="0" />
  <attribute name="Current GC Util" value="24" />
  <attribute name= "Current Time Running" value="791" />
  <attribute name ="GC Interval" value="0" />
  <attribute name="ProportionalT" value="2.000000" />
  <attribute name="ProportionalI" value="2.000000" />
  <attribute name="ProportionalH" value="2.000000" />
  <attribute name="Current Error" value="4.000000" />
  <attribute name="IntegralT" value="4.000000" />
  <attribute name="IntegralI" value="4.000000" />
  <attribute name="IntegralH" value="4.000000" />
  <attribute name="DerivativeT" value="-73.000000" />
  <attribute name="DerivativeI" value="-73.000000" />
  <attribute name="DerivativeH" value="-73.000000" />
  <attribute name="Loop Time for DT" value="1.000000" />
  <attribute name="Output H" value="2091843584"/>
  <attribute name="Output I" value="200"/>
  <attribute name="Output T" value="4"/>
  <attribute name="Target GC Util Change" value ="20.000000" />
  <attribute name="Current GC Util Change" value="24.000000"/>
  <attribute name="GC Util currently" value="24" />
  <attribute name="CPU Util currently" value="7227430401685" />
<exclusive-end id="29" timestamp="2019-06-15T02:19:01.750" durationms="8.347" />

<exclusive-start id="30" timestamp="2019-06-15T02:19:01.796" intervalms="55.045">
  <response-info timems="0.063" idlems="0.063" threads="0" lastid="00000000022E3500" lastname="Thread-5" />
</exclusive-start>
<allocation-taxation id="31" taxation-threshold="2097152" timestamp="2019-06-15T02:19:01.797" intervalms="54.819" />
<cycle-start id="32" type="global mark phase" contextid="0" timestamp="2019-06-15T02:19:01.797" intervalms="957.508" />
<gc-start id="33" type="global mark phase" contextid="32" timestamp="2019-06-15T02:19:01.797">
  <mem-info id="34" free="3145728" total="9437184" percent="33">
    <remembered-set count="2944" freebytes="364928" totalbytes="376704" percent="96" regionsoverflowed="0" regionsstable="0" regionsrebuilding="0"/>
  </mem-info>
</gc-start>
<gc-op id="35" type="mark increment" timems="0.624" contextid="32" timestamp="2019-06-15T02:19:01.798">
  <trace-info objectcount="164" scancount="0" scanbytes="0" />
</gc-op>
<gc-end id="36" type="global mark phase" contextid="32" durationms="0.935" usertimems="0.000" systemtimems="0.000" timestamp="2019-06-15T02:19:01.798" activeThreads="1">
  <mem-info id="37" free="3145728" total="9437184" percent="33">
    <remembered-set count="2944" freebytes="364928" totalbytes="376704" percent="96" regionsoverflowed="0" regionsstable="0" regionsrebuilding="0"/>
  </mem-info>
</gc-end>
<concurrent-start id="38" type="GMP work packet processing" contextid="32" timestamp="2019-06-15T02:19:01.798">
  <concurrent-mark-start scanTarget="18446744073709551615" />
</concurrent-start>
<exclusive-end id="39" timestamp="2019-06-15T02:19:01.798" durationms="1.759" />

<concurrent-end id="40" type="GMP work packet processing" contextid="32" timestamp="2019-06-15T02:19:01.800">
  <concurrent-mark-end bytesScanned="1187876" reasonForTermination="Completed all work in GC phase" />
</concurrent-end>

<exclusive-start id="41" timestamp="2019-06-15T02:19:01.805" intervalms="8.955">
  <response-info timems="0.056" idlems="0.056" threads="0" lastid="00000000022E3500" lastname="Thread-5" />
</exclusive-start>
<allocation-taxation id="42" taxation-threshold="2097152" timestamp="2019-06-15T02:19:01.806" intervalms="8.930" />
<cycle-start id="43" type="partial gc" contextid="0" timestamp="2019-06-15T02:19:01.806" intervalms="63.609" />
<gc-start id="44" type="partial gc" contextid="43" timestamp="2019-06-15T02:19:01.806">
  <mem-info id="45" free="1048576" total="9437184" percent="11">
    <mem type="eden" free="0" total="4194304" percent="0" />
    <remembered-set count="2944" freebytes="364928" totalbytes="376704" percent="96" regionsoverflowed="0" regionsstable="0" regionsrebuilding="0"/>
  </mem-info>
</gc-start>
<allocation-stats totalBytes="4158248" >
  <allocated-bytes non-tlh="58720" tlh="4099528" arrayletleaf="0"/>
  <largest-consumer threadName="Thread-5" threadId="00000000022E3500" bytes="2074056" />
</allocation-stats>
<gc-op id="46" type="copy forward" timems="5.473" contextid="43" timestamp="2019-06-15T02:19:01.813">
  <memory-copied type="eden" objects="18" bytes="133640" bytesdiscarded="0" />
  <memory-copied type="other" objects="14636" bytes="1221360" bytesdiscarded="260896" />
  <memory-cardclean objects="117" bytes="9624" />
  <regions eden="4" other="2" />
  <remembered-set-cleared processed="1635" cleared="630" durationms="0.154" />
  <references type="soft" candidates="17" cleared="0" enqueued="0" dynamicThreshold="10" maxThreshold="32" />
  <references type="weak" candidates="16" cleared="0" enqueued="0" />
  <references type="phantom" candidates="2" cleared="0" enqueued="0" />
  <stringconstants candidates="4533" cleared="0"  />
  <heap-resize type="expand" space="default" amount="2097152" count="2" timems="0.356" reason="continue current collection" />
</gc-op>
<gc-op id="47" type="classunload" timems="0.003" contextid="43" timestamp="2019-06-15T02:19:01.813">
  <classunload-info classloadercandidates="8" classloadersunloaded="0" classesunloaded="0" anonymousclassesunloaded="0" quiescems="0.000" setupms="0.002" scanms="0.000" postms="0.000" />
</gc-op>
<gc-op id="48" type="compact" timems="1.340" contextid="43" timestamp="2019-06-15T02:19:01.814">
  <compact-info movecount="0" movebytes="0" />
  <remembered-set-cleared processed="3132" cleared="630" durationms="0.154" />
</gc-op>
<gc-end id="49" type="partial gc" contextid="43" durationms="8.568" usertimems="12.000" systemtimems="0.000" timestamp="2019-06-15T02:19:01.815" activeThreads="4">
  <mem-info id="50" free="6291456" total="11534336" percent="54">
    <mem type="eden" free="914936" total="1048576" percent="87" />
    <remembered-set count="2240" freebytes="451456" totalbytes="460416" percent="98" regionsoverflowed="0" regionsstable="0" regionsrebuilding="0"/>
  </mem-info>
</gc-end>
<cycle-end id="51" type="partial gc" contextid="43" timestamp="2019-06-15T02:19:01.815" />
  <attribute name="elasticGC enabled" value="1" />
  <attribute name= "numThreadsSpecified" value="4" />
  <attribute name="heapSize specified" value="0" />
  <attribute name="Current GC Util" value="119" />
  <attribute name= "Current Time Running" value="857" />
  <attribute name ="GC Interval" value="0" />
  <attribute name="ProportionalT" value="49.500000" />
  <attribute name="ProportionalI" value="49.500000" />
  <attribute name="ProportionalH" value="49.500000" />
  <attribute name="Current Error" value="99.000000" />
  <attribute name="IntegralT" value="495.000000" />
  <attribute name="IntegralI" value="495.000000" />
  <attribute name="IntegralH" value="495.000000" />
  <attribute name="DerivativeT" value="13.200000" />
  <attribute name="DerivativeI" value="13.200000" />
  <attribute name="DerivativeH" value="13.200000" />
  <attribute name="Loop Time for DT" value="5.000000" />
  <attribute name="Output H" value="8388608"/>
  <attribute name="Output I" value="560"/>
  <attribute name="Output T" value="4"/>
  <attribute name="Target GC Util Change" value ="20.000000" />
  <attribute name="Current GC Util Change" value="119.000000"/>
  <attribute name="GC Util currently" value="119" />
  <attribute name="CPU Util currently" value="808343900127" />
<exclusive-end id="52" timestamp="2019-06-15T02:19:01.815" durationms="9.674" />

<exclusive-start id="53" timestamp="2019-06-15T02:19:01.851" intervalms="45.310">
  <response-info timems="0.105" idlems="0.065" threads="2" lastid="00000000022E7100" lastname="Thread-8" />
</exclusive-start>
<allocation-taxation id="54" taxation-threshold="3145728" timestamp="2019-06-15T02:19:01.851" intervalms="45.322" />
<gc-start id="55" type="global mark phase" contextid="32" timestamp="2019-06-15T02:19:01.851">
  <mem-info id="56" free="3145728" total="11534336" percent="27">
    <remembered-set count="1568" freebytes="454144" totalbytes="460416" percent="98" regionsoverflowed="0" regionsstable="1" regionsrebuilding="0"/>
  </mem-info>
</gc-start>
<gc-op id="57" type="mark increment" timems="2.033" contextid="32" timestamp="2019-06-15T02:19:01.853">
  <trace-info objectcount="20435" scancount="20350" scanbytes="1043340" />
  <cardclean-info objects="716" bytes="31740" />
  <finalization candidates="124" enqueued="0" />
  <ownableSynchronizers candidates="3" cleared="0" />
  <references type="soft" candidates="149" cleared="0" enqueued="0" dynamicThreshold="17" maxThreshold="32" />
  <references type="weak" candidates="773" cleared="0" enqueued="0" />
  <references type="phantom" candidates="66" cleared="2" enqueued="2" />
  <stringconstants candidates="4596" cleared="0"  />
</gc-op>
<gc-op id="58" type="classunload" timems="0.004" contextid="32" timestamp="2019-06-15T02:19:01.853">
  <classunload-info classloadercandidates="8" classloadersunloaded="0" classesunloaded="0" anonymousclassesunloaded="0" quiescems="0.000" setupms="0.004" scanms="0.000" postms="0.000" />
</gc-op>
<gc-end id="59" type="global mark phase" contextid="32" durationms="2.438" usertimems="0.000" systemtimems="4.000" timestamp="2019-06-15T02:19:01.853" activeThreads="4">
  <mem-info id="60" free="3145728" total="11534336" percent="27">
    <pending-finalizers system="0" default="0" reference="2" classloader="0" />
    <remembered-set count="1568" freebytes="454144" totalbytes="460416" percent="98" regionsoverflowed="0" regionsstable="1" regionsrebuilding="0"/>
  </mem-info>
</gc-end>
<cycle-end id="61" type="global mark phase" contextid="32" timestamp="2019-06-15T02:19:01.854" />
  <attribute name="elasticGC enabled" value="1" />
  <attribute name= "numThreadsSpecified" value="4" />
  <attribute name="heapSize specified" value="0" />
  <attribute name="Current GC Util" value="0" />
  <attribute name= "Current Time Running" value="897" />
  <attribute name ="GC Interval" value="0" />
  <attribute name="ProportionalT" value="-10.000000" />
  <attribute name="ProportionalI" value="-10.000000" />
  <attribute name="ProportionalH" value="-10.000000" />
  <attribute name="Current Error" value="-20.000000" />
  <attribute name="IntegralT" value="-20.000000" />
  <attribute name="IntegralI" value="-20.000000" />
  <attribute name="IntegralH" value="-20.000000" />
  <attribute name="DerivativeT" value="-83.000000" />
  <attribute name="DerivativeI" value="-83.000000" />
  <attribute name="DerivativeH" value="-83.000000" />
  <attribute name="Loop Time for DT" value="1.000000" />
  <attribute name="Output H" value="2091843584"/>
  <attribute name="Output I" value="200"/>
  <attribute name="Output T" value="4"/>
  <attribute name="Target GC Util Change" value ="20.000000" />
  <attribute name="Current GC Util Change" value="0.000000"/>
  <attribute name="GC Util currently" value="0" />
  <attribute name="CPU Util currently" value="5716503148033" />
<exclusive-end id="62" timestamp="2019-06-15T02:19:01.854" durationms="3.132" />

<exclusive-start id="63" timestamp="2019-06-15T02:19:01.880" intervalms="29.158">
  <response-info timems="2.997" idlems="2.003" threads="2" lastid="00000000022E7100" lastname="Thread-8" />
</exclusive-start>
<allocation-taxation id="64" taxation-threshold="3145728" timestamp="2019-06-15T02:19:01.880" intervalms="29.181" />
<cycle-start id="65" type="partial gc" contextid="0" timestamp="2019-06-15T02:19:01.880" intervalms="74.422" />
<gc-start id="66" type="partial gc" contextid="65" timestamp="2019-06-15T02:19:01.881">
  <mem-info id="67" free="0" total="11534336" percent="0">
    <mem type="eden" free="0" total="6291456" percent="0" />
    <remembered-set count="1568" freebytes="454144" totalbytes="460416" percent="98" regionsoverflowed="0" regionsstable="1" regionsrebuilding="0"/>
  </mem-info>
</gc-start>
<allocation-stats totalBytes="6241824" >
  <allocated-bytes non-tlh="466984" tlh="5774840" arrayletleaf="0"/>
  <largest-consumer threadName="Thread-7" threadId="00000000022DF900" bytes="1117968" />
</allocation-stats>
<gc-op id="68" type="sweep" timems="0.522" contextid="65" timestamp="2019-06-15T02:19:01.881" />
<gc-op id="69" type="copy forward" timems="2.546" contextid="65" timestamp="2019-06-15T02:19:01.885">
  <memory-copied type="eden" objects="1016" bytes="25648" bytesdiscarded="0" />
  <memory-copied type="other" objects="20271" bytes="1362016" bytesdiscarded="16" />
  <memory-cardclean objects="297" bytes="13768" />
  <regions eden="3" other="2" />
  <remembered-set-cleared processed="918" cleared="31" durationms="0.066" />
  <stringconstants candidates="4596" cleared="0"  />
</gc-op>
<gc-op id="70" type="classunload" timems="0.002" contextid="65" timestamp="2019-06-15T02:19:01.885">
  <classunload-info classloadercandidates="8" classloadersunloaded="0" classesunloaded="0" anonymousclassesunloaded="0" quiescems="0.000" setupms="0.002" scanms="0.000" postms="0.000" />
</gc-op>
<heap-resize id="71" type="expand" space="default" amount="2097152" count="1" timems="0.072" reason="excessive time being spent in gc" timestamp="2019-06-15T02:19:01.885" />
<gc-end id="72" type="partial gc" contextid="65" durationms="4.738" usertimems="4.000" systemtimems="0.000" timestamp="2019-06-15T02:19:01.885" activeThreads="1">
  <mem-info id="73" free="7340032" total="13631488" percent="53">
    <mem type="eden" free="709432" total="2097152" percent="33" />
    <remembered-set count="1984" freebytes="536192" totalbytes="544128" percent="98" regionsoverflowed="0" regionsstable="1" regionsrebuilding="0"/>
  </mem-info>
</gc-end>
<cycle-end id="74" type="partial gc" contextid="65" timestamp="2019-06-15T02:19:01.885" />
  <attribute name="elasticGC enabled" value="1" />
  <attribute name= "numThreadsSpecified" value="1" />
  <attribute name="heapSize specified" value="0" />
  <attribute name="Current GC Util" value="48" />
  <attribute name= "Current Time Running" value="926" />
  <attribute name ="GC Interval" value="0" />
  <attribute name="ProportionalT" value="14.000000" />
  <attribute name="ProportionalI" value="14.000000" />
  <attribute name="ProportionalH" value="14.000000" />
  <attribute name="Current Error" value="28.000000" />
  <attribute name="IntegralT" value="0.000000" />
  <attribute name="IntegralI" value="0.000000" />
  <attribute name="IntegralH" value="0.000000" />
  <attribute name="DerivativeT" value="inf" />
  <attribute name="DerivativeI" value="inf" />
  <attribute name="DerivativeH" value="inf" />
  <attribute name="Loop Time for DT" value="0.000000" />
  <attribute name="Output H" value="8388608"/>
  <attribute name="Output I" value="200"/>
  <attribute name="Output T" value="1"/>
  <attribute name="Target GC Util Change" value ="20.000000" />
  <attribute name="Current GC Util Change" value="48.000000"/>
  <attribute name="GC Util currently" value="48" />
  <attribute name="CPU Util currently" value="17453764500245" />
<exclusive-end id="75" timestamp="2019-06-15T02:19:01.886" durationms="5.926" />

<exclusive-start id="76" timestamp="2019-06-15T02:19:01.906" intervalms="26.366">
  <response-info timems="0.077" idlems="0.077" threads="0" lastid="00000000022DF900" lastname="Thread-7" />
</exclusive-start>
<allocation-taxation id="77" taxation-threshold="7340032" timestamp="2019-06-15T02:19:01.906" intervalms="26.367" />
<cycle-start id="78" type="partial gc" contextid="0" timestamp="2019-06-15T02:19:01.907" intervalms="26.538" />
<gc-start id="79" type="partial gc" contextid="78" timestamp="2019-06-15T02:19:01.907">
  <mem-info id="80" free="0" total="13631488" percent="0">
    <mem type="eden" free="0" total="7340032" percent="0" />
    <remembered-set count="1856" freebytes="536704" totalbytes="544128" percent="98" regionsoverflowed="0" regionsstable="1" regionsrebuilding="0"/>
  </mem-info>
</gc-start>
<allocation-stats totalBytes="7338912" >
  <allocated-bytes non-tlh="0" tlh="7338912" arrayletleaf="0"/>
  <largest-consumer threadName="Thread-7" threadId="00000000022DF900" bytes="3116680" />
</allocation-stats>
<gc-op id="81" type="mark" timems="1.659" contextid="78" timestamp="2019-06-15T02:19:01.909">
  <trace-info objectcount="23385" scancount="23300" scanbytes="1114516" />
  <cardclean-info objects="38" bytes="2572" />
  <remembered-set-cleared processed="1001" cleared="96" durationms="0.067" />
  <stringconstants candidates="4596" cleared="0"  />
  <warning details="Mark invoked due to insufficient free space for Copy-Forward" />
</gc-op>
<gc-op id="82" type="classunload" timems="0.002" contextid="78" timestamp="2019-06-15T02:19:01.909">
  <classunload-info classloadercandidates="8" classloadersunloaded="0" classesunloaded="0" anonymousclassesunloaded="0" quiescems="0.000" setupms="0.001" scanms="0.000" postms="0.000" />
</gc-op>
<gc-op id="83" type="sweep" timems="0.543" contextid="78" timestamp="2019-06-15T02:19:01.910" />
<gc-op id="84" type="compact" timems="2.986" contextid="78" timestamp="2019-06-15T02:19:01.913">
  <compact-info movecount="22412" movebytes="1340120" />
  <remembered-set-cleared processed="2129" cleared="319" durationms="0.067" />
</gc-op>
<heap-resize id="85" type="expand" space="default" amount="3145728" count="1" timems="0.076" reason="excessive time being spent in gc" timestamp="2019-06-15T02:19:01.914" />
<gc-end id="86" type="partial gc" contextid="78" durationms="7.052" usertimems="8.000" systemtimems="0.000" timestamp="2019-06-15T02:19:01.914" activeThreads="4">
  <mem-info id="87" free="9437184" total="16777216" percent="56">
    <mem type="eden" free="991384" total="1048576" percent="94" />
    <remembered-set count="3072" freebytes="657408" totalbytes="669696" percent="98" regionsoverflowed="0" regionsstable="1" regionsrebuilding="0"/>
  </mem-info>
</gc-end>
<cycle-end id="88" type="partial gc" contextid="78" timestamp="2019-06-15T02:19:01.914" />
  <attribute name="elasticGC enabled" value="1" />
  <attribute name= "numThreadsSpecified" value="4" />
  <attribute name="heapSize specified" value="0" />
  <attribute name="Current GC Util" value="22" />
  <attribute name= "Current Time Running" value="955" />
  <attribute name ="GC Interval" value="0" />
  <attribute name="ProportionalT" value="1.000000" />
  <attribute name="ProportionalI" value="1.000000" />
  <attribute name="ProportionalH" value="1.000000" />
  <attribute name="Current Error" value="2.000000" />
  <attribute name="IntegralT" value="2.000000" />
  <attribute name="IntegralI" value="2.000000" />
  <attribute name="IntegralH" value="2.000000" />
  <attribute name="DerivativeT" value="2.000000" />
  <attribute name="DerivativeI" value="2.000000" />
  <attribute name="DerivativeH" value="2.000000" />
  <attribute name="Loop Time for DT" value="1.000000" />
  <attribute name="Output H" value="8388608"/>
  <attribute name="Output I" value="200"/>
  <attribute name="Output T" value="4"/>
  <attribute name="Target GC Util Change" value ="20.000000" />
  <attribute name="Current GC Util Change" value="22.000000"/>
  <attribute name="GC Util currently" value="22" />
  <attribute name="CPU Util currently" value="5484983084162" />
<exclusive-end id="89" timestamp="2019-06-15T02:19:01.914" durationms="8.232" />

<exclusive-start id="90" timestamp="2019-06-15T02:19:01.933" intervalms="26.493">
  <response-info timems="0.039" idlems="0.039" threads="0" lastid="00000000022DF900" lastname="Thread-7" />
</exclusive-start>
<allocation-taxation id="91" taxation-threshold="9437184" timestamp="2019-06-15T02:19:01.933" intervalms="26.457" />
<cycle-start id="92" type="partial gc" contextid="0" timestamp="2019-06-15T02:19:01.933" intervalms="26.290" />
<gc-start id="93" type="partial gc" contextid="92" timestamp="2019-06-15T02:19:01.933">
  <mem-info id="94" free="0" total="16777216" percent="0">
    <mem type="eden" free="0" total="9437184" percent="0" />
    <remembered-set count="2592" freebytes="659328" totalbytes="669696" percent="98" regionsoverflowed="0" regionsstable="1" regionsrebuilding="0"/>
  </mem-info>
</gc-start>
<allocation-stats totalBytes="9435736" >
  <allocated-bytes non-tlh="0" tlh="9435736" arrayletleaf="0"/>
  <largest-consumer threadName="Thread-7" threadId="00000000022DF900" bytes="3669440" />
</allocation-stats>
<gc-op id="95" type="mark" timems="1.047" contextid="92" timestamp="2019-06-15T02:19:01.935">
  <trace-info objectcount="4513" scancount="4513" scanbytes="109632" />
  <cardclean-info objects="5743" bytes="280104" />
  <remembered-set-cleared processed="1161" cleared="166" durationms="0.077" />
  <stringconstants candidates="4596" cleared="0"  />
  <warning details="Mark invoked due to insufficient free space for Copy-Forward" />
</gc-op>
<gc-op id="96" type="classunload" timems="0.003" contextid="92" timestamp="2019-06-15T02:19:01.935">
  <classunload-info classloadercandidates="8" classloadersunloaded="0" classesunloaded="0" anonymousclassesunloaded="0" quiescems="0.000" setupms="0.002" scanms="0.000" postms="0.000" />
</gc-op>
<gc-op id="97" type="sweep" timems="0.374" contextid="92" timestamp="2019-06-15T02:19:01.936" />
<gc-op id="98" type="compact" timems="1.457" contextid="92" timestamp="2019-06-15T02:19:01.937">
  <compact-info movecount="4234" movebytes="102936" />
  <remembered-set-cleared processed="2426" cleared="432" durationms="0.077" />
</gc-op>
<heap-resize id="99" type="expand" space="default" amount="3145728" count="1" timems="0.079" reason="excessive time being spent in gc" timestamp="2019-06-15T02:19:01.938" />
<gc-end id="100" type="partial gc" contextid="92" durationms="4.450" usertimems="4.000" systemtimems="8.000" timestamp="2019-06-15T02:19:01.938" activeThreads="1">
  <mem-info id="101" free="11534336" total="19922944" percent="57">
    <mem type="eden" free="988768" total="1048576" percent="94" />
    <remembered-set count="3552" freebytes="781056" totalbytes="795264" percent="98" regionsoverflowed="0" regionsstable="1" regionsrebuilding="0"/>
  </mem-info>
</gc-end>
<cycle-end id="102" type="partial gc" contextid="92" timestamp="2019-06-15T02:19:01.938" />
  <attribute name="elasticGC enabled" value="1" />
  <attribute name= "numThreadsSpecified" value="1" />
  <attribute name="heapSize specified" value="0" />
  <attribute name="Current GC Util" value="24" />
  <attribute name= "Current Time Running" value="980" />
  <attribute name ="GC Interval" value="0" />
  <attribute name="ProportionalT" value="2.000000" />
  <attribute name="ProportionalI" value="2.000000" />
  <attribute name="ProportionalH" value="2.000000" />
  <attribute name="Current Error" value="4.000000" />
  <attribute name="IntegralT" value="0.000000" />
  <attribute name="IntegralI" value="0.000000" />
  <attribute name="IntegralH" value="0.000000" />
  <attribute name="DerivativeT" value="inf" />
  <attribute name="DerivativeI" value="inf" />
  <attribute name="DerivativeH" value="inf" />
  <attribute name="Loop Time for DT" value="0.000000" />
  <attribute name="Output H" value="8388608"/>
  <attribute name="Output I" value="200"/>
  <attribute name="Output T" value="1"/>
  <attribute name="Target GC Util Change" value ="20.000000" />
  <attribute name="Current GC Util Change" value="24.000000"/>
  <attribute name="GC Util currently" value="24" />
  <attribute name="CPU Util currently" value="7575216935432" />
<exclusive-end id="103" timestamp="2019-06-15T02:19:01.938" durationms="5.449" />

<exclusive-start id="104" timestamp="2019-06-15T02:19:01.962" intervalms="29.350">
  <response-info timems="0.268" idlems="0.268" threads="0" lastid="00000000022E3500" lastname="Thread-9" />
</exclusive-start>
<allocation-taxation id="105" taxation-threshold="11534336" timestamp="2019-06-15T02:19:01.962" intervalms="29.421" />
<cycle-start id="106" type="partial gc" contextid="0" timestamp="2019-06-15T02:19:01.962" intervalms="29.445" />
<gc-start id="107" type="partial gc" contextid="106" timestamp="2019-06-15T02:19:01.963">
  <mem-info id="108" free="0" total="19922944" percent="0">
    <mem type="eden" free="0" total="11534336" percent="0" />
    <remembered-set count="3168" freebytes="782592" totalbytes="795264" percent="98" regionsoverflowed="0" regionsstable="1" regionsrebuilding="0"/>
  </mem-info>
</gc-start>
<allocation-stats totalBytes="11532880" >
  <allocated-bytes non-tlh="0" tlh="11532880" arrayletleaf="0"/>
  <largest-consumer threadName="Thread-7" threadId="00000000022DF900" bytes="5168520" />
</allocation-stats>
<gc-op id="109" type="mark" timems="1.082" contextid="106" timestamp="2019-06-15T02:19:01.964">
  <trace-info objectcount="4291" scancount="4291" scanbytes="104312" />
  <cardclean-info objects="6559" bytes="319216" />
  <remembered-set-cleared processed="1684" cleared="422" durationms="0.082" />
  <stringconstants candidates="4596" cleared="0"  />
  <warning details="Mark invoked due to insufficient free space for Copy-Forward" />
</gc-op>
<gc-op id="110" type="classunload" timems="0.002" contextid="106" timestamp="2019-06-15T02:19:01.965">
  <classunload-info classloadercandidates="8" classloadersunloaded="0" classesunloaded="0" anonymousclassesunloaded="0" quiescems="0.000" setupms="0.002" scanms="0.000" postms="0.000" />
</gc-op>
<gc-op id="111" type="sweep" timems="0.378" contextid="106" timestamp="2019-06-15T02:19:01.965" />
<gc-op id="112" type="compact" timems="1.507" contextid="106" timestamp="2019-06-15T02:19:01.967">
  <compact-info movecount="4157" movebytes="101096" />
  <remembered-set-cleared processed="3463" cleared="932" durationms="0.082" />
</gc-op>
<heap-resize id="113" type="expand" space="default" amount="4194304" count="1" timems="0.093" reason="excessive time being spent in gc" timestamp="2019-06-15T02:19:01.967" />
<gc-end id="114" type="partial gc" contextid="106" durationms="4.669" usertimems="0.000" systemtimems="8.000" timestamp="2019-06-15T02:19:01.967" activeThreads="4">
  <mem-info id="115" free="14680064" total="24117248" percent="60">
    <mem type="eden" free="996416" total="1048576" percent="95" />
    <remembered-set count="3616" freebytes="948224" totalbytes="962688" percent="98" regionsoverflowed="0" regionsstable="1" regionsrebuilding="0"/>
  </mem-info>
</gc-end>
<cycle-end id="116" type="partial gc" contextid="106" timestamp="2019-06-15T02:19:01.968" />
  <attribute name="elasticGC enabled" value="1" />
  <attribute name= "numThreadsSpecified" value="4" />
  <attribute name="heapSize specified" value="0" />
  <attribute name="Current GC Util" value="25" />
  <attribute name= "Current Time Running" value="1010" />
  <attribute name ="GC Interval" value="0" />
  <attribute name="ProportionalT" value="2.500000" />
  <attribute name="ProportionalI" value="2.500000" />
  <attribute name="ProportionalH" value="2.500000" />
  <attribute name="Current Error" value="5.000000" />
  <attribute name="IntegralT" value="5.000000" />
  <attribute name="IntegralI" value="5.000000" />
  <attribute name="IntegralH" value="5.000000" />
  <attribute name="DerivativeT" value="5.000000" />
  <attribute name="DerivativeI" value="5.000000" />
  <attribute name="DerivativeH" value="5.000000" />
  <attribute name="Loop Time for DT" value="1.000000" />
  <attribute name="Output H" value="8388608"/>
  <attribute name="Output I" value="200"/>
  <attribute name="Output T" value="4"/>
  <attribute name="Target GC Util Change" value ="20.000000" />
  <attribute name="Current GC Util Change" value="25.000000"/>
  <attribute name="GC Util currently" value="25" />
  <attribute name="CPU Util currently" value="7468438383446" />
<exclusive-end id="117" timestamp="2019-06-15T02:19:01.968" durationms="5.779" />

<exclusive-start id="118" timestamp="2019-06-15T02:19:02.000" intervalms="37.737">
  <response-info timems="0.041" idlems="0.041" threads="0" lastid="00000000022DBD00" lastname="Thread-10" />
</exclusive-start>
<allocation-taxation id="119" taxation-threshold="12582912" timestamp="2019-06-15T02:19:02.000" intervalms="37.693" />
<cycle-start id="120" type="partial gc" contextid="0" timestamp="2019-06-15T02:19:02.000" intervalms="37.727" />
<gc-start id="121" type="partial gc" contextid="120" timestamp="2019-06-15T02:19:02.001">
  <mem-info id="122" free="2097152" total="24117248" percent="8">
    <mem type="eden" free="0" total="12582912" percent="0" />
    <remembered-set count="3136" freebytes="950144" totalbytes="962688" percent="98" regionsoverflowed="0" regionsstable="1" regionsrebuilding="0"/>
  </mem-info>
</gc-start>
<allocation-stats totalBytes="12581264" >
  <allocated-bytes non-tlh="0" tlh="12581264" arrayletleaf="0"/>
  <largest-consumer threadName="Thread-10" threadId="00000000022DBD00" bytes="4517400" />
</allocation-stats>
<gc-op id="123" type="copy forward" timems="1.548" contextid="120" timestamp="2019-06-15T02:19:02.003">
  <memory-copied type="eden" objects="2194" bytes="53688" bytesdiscarded="2536" />
  <memory-copied type="other" objects="1852" bytes="44448" bytesdiscarded="744" />
  <memory-cardclean objects="6382" bytes="311000" />
  <regions eden="12" other="1" />
  <remembered-set-cleared processed="2212" cleared="501" durationms="0.069" />
  <stringconstants candidates="4596" cleared="0"  />
</gc-op>
<gc-op id="124" type="classunload" timems="0.003" contextid="120" timestamp="2019-06-15T02:19:02.003">
  <classunload-info classloadercandidates="8" classloadersunloaded="0" classesunloaded="0" anonymousclassesunloaded="0" quiescems="0.000" setupms="0.003" scanms="0.000" postms="0.000" />
</gc-op>
<heap-resize id="125" type="expand" space="default" amount="2097152" count="1" timems="0.069" reason="excessive time being spent in gc" timestamp="2019-06-15T02:19:02.003" />
<gc-end id="126" type="partial gc" contextid="120" durationms="2.786" usertimems="4.000" systemtimems="4.000" timestamp="2019-06-15T02:19:02.003" activeThreads="4">
  <mem-info id="127" free="15728640" total="26214400" percent="60">
    <mem type="eden" free="992352" total="1048576" percent="94" />
    <remembered-set count="4096" freebytes="1030016" totalbytes="1046400" percent="98" regionsoverflowed="0" regionsstable="1" regionsrebuilding="0"/>
  </mem-info>
</gc-end>
<cycle-end id="128" type="partial gc" contextid="120" timestamp="2019-06-15T02:19:02.003" />
  <attribute name="elasticGC enabled" value="1" />
  <attribute name= "numThreadsSpecified" value="4" />
  <attribute name="heapSize specified" value="0" />
  <attribute name="Current GC Util" value="47" />
  <attribute name= "Current Time Running" value="1046" />
  <attribute name ="GC Interval" value="0" />
  <attribute name="ProportionalT" value="13.500000" />
  <attribute name="ProportionalI" value="13.500000" />
  <attribute name="ProportionalH" value="13.500000" />
  <attribute name="Current Error" value="27.000000" />
  <attribute name="IntegralT" value="27.000000" />
  <attribute name="IntegralI" value="27.000000" />
  <attribute name="IntegralH" value="27.000000" />
  <attribute name="DerivativeT" value="27.000000" />
  <attribute name="DerivativeI" value="27.000000" />
  <attribute name="DerivativeH" value="27.000000" />
  <attribute name="Loop Time for DT" value="1.000000" />
  <attribute name="Output H" value="8388608"/>
  <attribute name="Output I" value="200"/>
  <attribute name="Output T" value="4"/>
  <attribute name="Target GC Util Change" value ="20.000000" />
  <attribute name="Current GC Util Change" value="47.000000"/>
  <attribute name="GC Util currently" value="47" />
  <attribute name="CPU Util currently" value="20142061063677" />
<exclusive-end id="129" timestamp="2019-06-15T02:19:02.004" durationms="3.914" />

<exclusive-start id="130" timestamp="2019-06-15T02:19:02.023" intervalms="22.920">
  <response-info timems="0.072" idlems="0.072" threads="0" lastid="00000000022DBD00" lastname="Thread-10" />
</exclusive-start>
<allocation-taxation id="131" taxation-threshold="13631488" timestamp="2019-06-15T02:19:02.023" intervalms="22.832" />
<cycle-start id="132" type="partial gc" contextid="0" timestamp="2019-06-15T02:19:02.023" intervalms="22.791" />
<gc-start id="133" type="partial gc" contextid="132" timestamp="2019-06-15T02:19:02.023">
  <mem-info id="134" free="2097152" total="26214400" percent="8">
    <mem type="eden" free="0" total="13631488" percent="0" />
    <remembered-set count="3904" freebytes="1030784" totalbytes="1046400" percent="98" regionsoverflowed="0" regionsstable="1" regionsrebuilding="0"/>
  </mem-info>
</gc-start>
<allocation-stats totalBytes="13629656" >
  <allocated-bytes non-tlh="0" tlh="13629656" arrayletleaf="0"/>
  <largest-consumer threadName="Thread-10" threadId="00000000022DBD00" bytes="5012832" />
</allocation-stats>
<gc-op id="135" type="copy forward" timems="1.333" contextid="132" timestamp="2019-06-15T02:19:02.025">
  <memory-copied type="eden" objects="1982" bytes="48880" bytesdiscarded="0" />
  <memory-copied type="other" objects="2009" bytes="48240" bytesdiscarded="0" />
  <memory-cardclean objects="6365" bytes="310120" />
  <regions eden="13" other="1" />
  <remembered-set-cleared processed="2733" cleared="588" durationms="0.106" />
  <stringconstants candidates="4596" cleared="0"  />
</gc-op>
<gc-op id="136" type="classunload" timems="0.002" contextid="132" timestamp="2019-06-15T02:19:02.025">
  <classunload-info classloadercandidates="8" classloadersunloaded="0" classesunloaded="0" anonymousclassesunloaded="0" quiescems="0.000" setupms="0.002" scanms="0.000" postms="0.000" />
</gc-op>
<heap-resize id="137" type="expand" space="default" amount="3145728" count="1" timems="0.083" reason="excessive time being spent in gc" timestamp="2019-06-15T02:19:02.026" />
<gc-end id="138" type="partial gc" contextid="132" durationms="2.668" usertimems="4.000" systemtimems="0.000" timestamp="2019-06-15T02:19:02.026" activeThreads="1">
  <mem-info id="139" free="17825792" total="29360128" percent="60">
    <mem type="eden" free="999696" total="1048576" percent="95" />
    <remembered-set count="4928" freebytes="1152256" totalbytes="1171968" percent="98" regionsoverflowed="0" regionsstable="1" regionsrebuilding="0"/>
  </mem-info>
</gc-end>
<cycle-end id="140" type="partial gc" contextid="132" timestamp="2019-06-15T02:19:02.026" />
  <attribute name="elasticGC enabled" value="1" />
  <attribute name= "numThreadsSpecified" value="1" />
  <attribute name="heapSize specified" value="0" />
  <attribute name="Current GC Util" value="46" />
  <attribute name= "Current Time Running" value="1068" />
  <attribute name ="GC Interval" value="0" />
  <attribute name="ProportionalT" value="13.000000" />
  <attribute name="ProportionalI" value="13.000000" />
  <attribute name="ProportionalH" value="13.000000" />
  <attribute name="Current Error" value="26.000000" />
  <attribute name="IntegralT" value="0.000000" />
  <attribute name="IntegralI" value="0.000000" />
  <attribute name="IntegralH" value="0.000000" />
  <attribute name="DerivativeT" value="inf" />
  <attribute name="DerivativeI" value="inf" />
  <attribute name="DerivativeH" value="inf" />
  <attribute name="Loop Time for DT" value="0.000000" />
  <attribute name="Output H" value="8388608"/>
  <attribute name="Output I" value="200"/>
  <attribute name="Output T" value="1"/>
  <attribute name="Target GC Util Change" value ="20.000000" />
  <attribute name="Current GC Util Change" value="46.000000"/>
  <attribute name="GC Util currently" value="46" />
  <attribute name="CPU Util currently" value="20810575745500" />
<exclusive-end id="141" timestamp="2019-06-15T02:19:02.026" durationms="3.602" />

<exclusive-start id="142" timestamp="2019-06-15T02:19:02.046" intervalms="23.779">
  <response-info timems="0.070" idlems="0.070" threads="0" lastid="00000000022E3500" lastname="Thread-9" />
</exclusive-start>
<allocation-taxation id="143" taxation-threshold="13631488" timestamp="2019-06-15T02:19:02.047" intervalms="23.962" />
<cycle-start id="144" type="partial gc" contextid="0" timestamp="2019-06-15T02:19:02.047" intervalms="24.031" />
<gc-start id="145" type="partial gc" contextid="144" timestamp="2019-06-15T02:19:02.047">
  <mem-info id="146" free="4194304" total="29360128" percent="14">
    <mem type="eden" free="0" total="13631488" percent="0" />
    <remembered-set count="4480" freebytes="1154048" totalbytes="1171968" percent="98" regionsoverflowed="0" regionsstable="1" regionsrebuilding="0"/>
  </mem-info>
</gc-start>
<allocation-stats totalBytes="13629760" >
  <allocated-bytes non-tlh="0" tlh="13629760" arrayletleaf="0"/>
  <largest-consumer threadName="Thread-10" threadId="00000000022DBD00" bytes="4787600" />
</allocation-stats>
<gc-op id="147" type="copy forward" timems="1.366" contextid="144" timestamp="2019-06-15T02:19:02.049">
  <memory-copied type="eden" objects="2255" bytes="54600" bytesdiscarded="0" />
  <memory-copied type="other" objects="1735" bytes="41640" bytesdiscarded="0" />
  <memory-cardclean objects="5932" bytes="289008" />
  <regions eden="13" other="1" />
  <remembered-set-cleared processed="3257" cleared="669" durationms="0.101" />
  <stringconstants candidates="4596" cleared="0"  />
</gc-op>
<gc-op id="148" type="classunload" timems="0.002" contextid="144" timestamp="2019-06-15T02:19:02.050">
  <classunload-info classloadercandidates="8" classloadersunloaded="0" classesunloaded="0" anonymousclassesunloaded="0" quiescems="0.000" setupms="0.002" scanms="0.000" postms="0.000" />
</gc-op>
<heap-resize id="149" type="expand" space="default" amount="2097152" count="1" timems="0.072" reason="excessive time being spent in gc" timestamp="2019-06-15T02:19:02.050" />
<gc-end id="150" type="partial gc" contextid="144" durationms="2.651" usertimems="4.000" systemtimems="0.000" timestamp="2019-06-15T02:19:02.050" activeThreads="1">
  <mem-info id="151" free="18874368" total="31457280" percent="60">
    <mem type="eden" free="993976" total="1048576" percent="94" />
    <remembered-set count="5344" freebytes="1234304" totalbytes="1255680" percent="98" regionsoverflowed="0" regionsstable="1" regionsrebuilding="0"/>
  </mem-info>
</gc-end>
<cycle-end id="152" type="partial gc" contextid="144" timestamp="2019-06-15T02:19:02.050" />
  <attribute name="elasticGC enabled" value="1" />
  <attribute name= "numThreadsSpecified" value="1" />
  <attribute name="heapSize specified" value="0" />
  <attribute name="Current GC Util" value="50" />
  <attribute name= "Current Time Running" value="1092" />
  <attribute name ="GC Interval" value="0" />
  <attribute name="ProportionalT" value="15.000000" />
  <attribute name="ProportionalI" value="15.000000" />
  <attribute name="ProportionalH" value="15.000000" />
  <attribute name="Current Error" value="30.000000" />
  <attribute name="IntegralT" value="0.000000" />
  <attribute name="IntegralI" value="0.000000" />
  <attribute name="IntegralH" value="0.000000" />
  <attribute name="DerivativeT" value="inf" />
  <attribute name="DerivativeI" value="inf" />
  <attribute name="DerivativeH" value="inf" />
  <attribute name="Loop Time for DT" value="0.000000" />
  <attribute name="Output H" value="8388608"/>
  <attribute name="Output I" value="200"/>
  <attribute name="Output T" value="1"/>
  <attribute name="Target GC Util Change" value ="20.000000" />
  <attribute name="Current GC Util Change" value="50.000000"/>
  <attribute name="GC Util currently" value="50" />
  <attribute name="CPU Util currently" value="20477906674718" />
<exclusive-end id="153" timestamp="2019-06-15T02:19:02.050" durationms="3.911" />

<exclusive-start id="154" timestamp="2019-06-15T02:19:02.072" intervalms="25.701">
  <response-info timems="0.034" idlems="0.034" threads="0" lastid="00000000022DBD00" lastname="Thread-10" />
</exclusive-start>
<allocation-taxation id="155" taxation-threshold="14680064" timestamp="2019-06-15T02:19:02.072" intervalms="25.604" />
<cycle-start id="156" type="partial gc" contextid="0" timestamp="2019-06-15T02:19:02.072" intervalms="25.502" />
<gc-start id="157" type="partial gc" contextid="156" timestamp="2019-06-15T02:19:02.073">
  <mem-info id="158" free="4194304" total="31457280" percent="13">
    <mem type="eden" free="0" total="14680064" percent="0" />
    <remembered-set count="4992" freebytes="1235712" totalbytes="1255680" percent="98" regionsoverflowed="0" regionsstable="1" regionsrebuilding="0"/>
  </mem-info>
</gc-start>
<allocation-stats totalBytes="14678144" >
  <allocated-bytes non-tlh="256" tlh="14677888" arrayletleaf="0"/>
  <largest-consumer threadName="Thread-10" threadId="00000000022DBD00" bytes="5815376" />
</allocation-stats>
<gc-op id="159" type="copy forward" timems="1.642" contextid="156" timestamp="2019-06-15T02:19:02.075">
  <memory-copied type="eden" objects="1398" bytes="49304" bytesdiscarded="0" />
  <memory-copied type="other" objects="4258" bytes="102192" bytesdiscarded="0" />
  <memory-cardclean objects="8098" bytes="392552" />
  <regions eden="14" other="2" />
  <remembered-set-cleared processed="3346" cleared="1080" durationms="0.095" />
  <stringconstants candidates="4597" cleared="0"  />
</gc-op>
<gc-op id="160" type="classunload" timems="0.002" contextid="156" timestamp="2019-06-15T02:19:02.075">
  <classunload-info classloadercandidates="8" classloadersunloaded="0" classesunloaded="0" anonymousclassesunloaded="0" quiescems="0.000" setupms="0.002" scanms="0.000" postms="0.000" />
</gc-op>
<heap-resize id="161" type="expand" space="default" amount="3145728" count="1" timems="0.068" reason="excessive time being spent in gc" timestamp="2019-06-15T02:19:02.075" />
<gc-end id="162" type="partial gc" contextid="156" durationms="2.850" usertimems="0.000" systemtimems="8.000" timestamp="2019-06-15T02:19:02.076" activeThreads="1">
  <mem-info id="163" free="20971520" total="34603008" percent="60">
    <mem type="eden" free="999272" total="1048576" percent="95" />
    <remembered-set count="5952" freebytes="1357440" totalbytes="1381248" percent="98" regionsoverflowed="0" regionsstable="1" regionsrebuilding="0"/>
  </mem-info>
</gc-end>
<cycle-end id="164" type="partial gc" contextid="156" timestamp="2019-06-15T02:19:02.076" />
  <attribute name="elasticGC enabled" value="1" />
  <attribute name= "numThreadsSpecified" value="1" />
  <attribute name="heapSize specified" value="0" />
  <attribute name="Current GC Util" value="56" />
  <attribute name= "Current Time Running" value="1118" />
  <attribute name ="GC Interval" value="0" />
  <attribute name="ProportionalT" value="18.000000" />
  <attribute name="ProportionalI" value="18.000000" />
  <attribute name="ProportionalH" value="18.000000" />
  <attribute name="Current Error" value="36.000000" />
  <attribute name="IntegralT" value="0.000000" />
  <attribute name="IntegralI" value="0.000000" />
  <attribute name="IntegralH" value="0.000000" />
  <attribute name="DerivativeT" value="inf" />
  <attribute name="DerivativeI" value="inf" />
  <attribute name="DerivativeH" value="inf" />
  <attribute name="Loop Time for DT" value="0.000000" />
  <attribute name="Output H" value="8388608"/>
  <attribute name="Output I" value="200"/>
  <attribute name="Output T" value="1"/>
  <attribute name="Target GC Util Change" value ="20.000000" />
  <attribute name="Current GC Util Change" value="56.000000"/>
  <attribute name="GC Util currently" value="56" />
  <attribute name="CPU Util currently" value="18902134287456" />
<exclusive-end id="165" timestamp="2019-06-15T02:19:02.076" durationms="3.867" />

<exclusive-start id="166" timestamp="2019-06-15T02:19:02.101" intervalms="28.352">
  <response-info timems="0.036" idlems="0.036" threads="0" lastid="00000000022DBD00" lastname="Thread-10" />
</exclusive-start>
<allocation-taxation id="167" taxation-threshold="15728640" timestamp="2019-06-15T02:19:02.101" intervalms="28.371" />
<cycle-start id="168" type="partial gc" contextid="0" timestamp="2019-06-15T02:19:02.101" intervalms="28.374" />
<gc-start id="169" type="partial gc" contextid="168" timestamp="2019-06-15T02:19:02.101">
  <mem-info id="170" free="5242880" total="34603008" percent="15">
    <mem type="eden" free="0" total="15728640" percent="0" />
    <remembered-set count="5664" freebytes="1358592" totalbytes="1381248" percent="98" regionsoverflowed="0" regionsstable="1" regionsrebuilding="0"/>
  </mem-info>
</gc-start>
<allocation-stats totalBytes="15726336" >
  <allocated-bytes non-tlh="0" tlh="15726336" arrayletleaf="0"/>
  <largest-consumer threadName="Thread-10" threadId="00000000022DBD00" bytes="7527368" />
</allocation-stats>
<gc-op id="171" type="copy forward" timems="2.020" contextid="168" timestamp="2019-06-15T02:19:02.104">
  <memory-copied type="eden" objects="6441" bytes="299320" bytesdiscarded="0" />
  <memory-copied type="other" objects="5968" bytes="377592" bytesdiscarded="0" />
  <memory-cardclean objects="3062" bytes="189784" />
  <regions eden="15" other="2" />
  <remembered-set-cleared processed="4203" cleared="1120" durationms="0.103" />
  <stringconstants candidates="4597" cleared="0"  />
</gc-op>
<gc-op id="172" type="classunload" timems="0.002" contextid="168" timestamp="2019-06-15T02:19:02.104">
  <classunload-info classloadercandidates="8" classloadersunloaded="0" classesunloaded="0" anonymousclassesunloaded="0" quiescems="0.000" setupms="0.002" scanms="0.000" postms="0.000" />
</gc-op>
<heap-resize id="173" type="expand" space="default" amount="2097152" count="1" timems="0.060" reason="excessive time being spent in gc" timestamp="2019-06-15T02:19:02.104" />
<gc-end id="174" type="partial gc" contextid="168" durationms="3.230" usertimems="4.000" systemtimems="0.000" timestamp="2019-06-15T02:19:02.104" activeThreads="1">
  <mem-info id="175" free="22020096" total="36700160" percent="60">
    <mem type="eden" free="749256" total="1048576" percent="71" />
    <remembered-set count="6432" freebytes="1439232" totalbytes="1464960" percent="98" regionsoverflowed="0" regionsstable="1" regionsrebuilding="0"/>
  </mem-info>
</gc-end>
<cycle-end id="176" type="partial gc" contextid="168" timestamp="2019-06-15T02:19:02.105" />
  <attribute name="elasticGC enabled" value="1" />
  <attribute name= "numThreadsSpecified" value="1" />
  <attribute name="heapSize specified" value="0" />
  <attribute name="Current GC Util" value="62" />
  <attribute name= "Current Time Running" value="1146" />
  <attribute name ="GC Interval" value="0" />
  <attribute name="ProportionalT" value="21.000000" />
  <attribute name="ProportionalI" value="21.000000" />
  <attribute name="ProportionalH" value="21.000000" />
  <attribute name="Current Error" value="42.000000" />
  <attribute name="IntegralT" value="0.000000" />
  <attribute name="IntegralI" value="0.000000" />
  <attribute name="IntegralH" value="0.000000" />
  <attribute name="DerivativeT" value="inf" />
  <attribute name="DerivativeI" value="inf" />
  <attribute name="DerivativeH" value="inf" />
  <attribute name="Loop Time for DT" value="0.000000" />
  <attribute name="Output H" value="8388608"/>
  <attribute name="Output I" value="200"/>
  <attribute name="Output T" value="1"/>
  <attribute name="Target GC Util Change" value ="20.000000" />
  <attribute name="Current GC Util Change" value="62.000000"/>
  <attribute name="GC Util currently" value="62" />
  <attribute name="CPU Util currently" value="20417796466621" />
<exclusive-end id="177" timestamp="2019-06-15T02:19:02.105" durationms="4.212" />

<exclusive-start id="178" timestamp="2019-06-15T02:19:02.124" intervalms="23.283">
  <response-info timems="0.047" idlems="0.025" threads="1" lastid="00000000022E7100" lastname="Thread-8" />
</exclusive-start>
<allocation-taxation id="179" taxation-threshold="15728640" timestamp="2019-06-15T02:19:02.124" intervalms="23.247" />
<cycle-start id="180" type="partial gc" contextid="0" timestamp="2019-06-15T02:19:02.124" intervalms="23.231" />
<gc-start id="181" type="partial gc" contextid="180" timestamp="2019-06-15T02:19:02.124">
  <mem-info id="182" free="6291456" total="36700160" percent="17">
    <mem type="eden" free="0" total="15728640" percent="0" />
    <remembered-set count="6272" freebytes="1439872" totalbytes="1464960" percent="98" regionsoverflowed="0" regionsstable="1" regionsrebuilding="0"/>
  </mem-info>
</gc-start>
<allocation-stats totalBytes="15726528" >
  <allocated-bytes non-tlh="0" tlh="15726528" arrayletleaf="0"/>
  <largest-consumer threadName="Thread-10" threadId="00000000022DBD00" bytes="5995800" />
</allocation-stats>
<gc-op id="183" type="copy forward" timems="2.298" contextid="180" timestamp="2019-06-15T02:19:02.127">
  <memory-copied type="eden" objects="2181" bytes="53416" bytesdiscarded="0" />
  <memory-copied type="other" objects="14324" bytes="686040" bytesdiscarded="0" />
  <memory-cardclean objects="4774" bytes="230032" />
  <regions eden="15" other="2" />
  <remembered-set-cleared processed="4553" cleared="763" durationms="0.104" />
  <references type="soft" candidates="14" cleared="0" enqueued="0" dynamicThreshold="19" maxThreshold="32" />
  <references type="weak" candidates="6" cleared="0" enqueued="0" />
  <stringconstants candidates="4597" cleared="0"  />
</gc-op>
<gc-op id="184" type="classunload" timems="0.002" contextid="180" timestamp="2019-06-15T02:19:02.127">
  <classunload-info classloadercandidates="8" classloadersunloaded="0" classesunloaded="0" anonymousclassesunloaded="0" quiescems="0.000" setupms="0.002" scanms="0.000" postms="0.000" />
</gc-op>
<heap-resize id="185" type="expand" space="default" amount="3145728" count="1" timems="0.067" reason="excessive time being spent in gc" timestamp="2019-06-15T02:19:02.127" />
<gc-end id="186" type="partial gc" contextid="180" durationms="3.282" usertimems="4.000" systemtimems="0.000" timestamp="2019-06-15T02:19:02.128" activeThreads="1">
  <mem-info id="187" free="24117248" total="39845888" percent="60">
    <mem type="eden" free="995160" total="1048576" percent="94" />
    <remembered-set count="7296" freebytes="1561344" totalbytes="1590528" percent="98" regionsoverflowed="0" regionsstable="1" regionsrebuilding="0"/>
  </mem-info>
</gc-end>
<cycle-end id="188" type="partial gc" contextid="180" timestamp="2019-06-15T02:19:02.128" />
  <attribute name="elasticGC enabled" value="1" />
  <attribute name= "numThreadsSpecified" value="1" />
  <attribute name="heapSize specified" value="0" />
  <attribute name="Current GC Util" value="68" />
  <attribute name= "Current Time Running" value="1169" />
  <attribute name ="GC Interval" value="0" />
  <attribute name="ProportionalT" value="24.000000" />
  <attribute name="ProportionalI" value="24.000000" />
  <attribute name="ProportionalH" value="24.000000" />
  <attribute name="Current Error" value="48.000000" />
  <attribute name="IntegralT" value="0.000000" />
  <attribute name="IntegralI" value="0.000000" />
  <attribute name="IntegralH" value="0.000000" />
  <attribute name="DerivativeT" value="inf" />
  <attribute name="DerivativeI" value="inf" />
  <attribute name="DerivativeH" value="inf" />
  <attribute name="Loop Time for DT" value="0.000000" />
  <attribute name="Output H" value="8388608"/>
  <attribute name="Output I" value="200"/>
  <attribute name="Output T" value="1"/>
  <attribute name="Target GC Util Change" value ="20.000000" />
  <attribute name="Current GC Util Change" value="68.000000"/>
  <attribute name="GC Util currently" value="68" />
  <attribute name="CPU Util currently" value="19574468336400" />
<exclusive-end id="189" timestamp="2019-06-15T02:19:02.128" durationms="4.027" />

<exclusive-start id="190" timestamp="2019-06-15T02:19:02.146" intervalms="22.586">
  <response-info timems="0.110" idlems="0.110" threads="0" lastid="00000000022DBD00" lastname="Thread-10" />
</exclusive-start>
<allocation-taxation id="191" taxation-threshold="16777216" timestamp="2019-06-15T02:19:02.147" intervalms="22.546" />
<cycle-start id="192" type="partial gc" contextid="0" timestamp="2019-06-15T02:19:02.147" intervalms="22.535" />
<gc-start id="193" type="partial gc" contextid="192" timestamp="2019-06-15T02:19:02.147">
  <mem-info id="194" free="7340032" total="39845888" percent="18">
    <mem type="eden" free="0" total="16777216" percent="0" />
    <remembered-set count="6880" freebytes="1563008" totalbytes="1590528" percent="98" regionsoverflowed="0" regionsstable="1" regionsrebuilding="0"/>
  </mem-info>
</gc-start>
<allocation-stats totalBytes="16775008" >
  <allocated-bytes non-tlh="0" tlh="16775008" arrayletleaf="0"/>
  <largest-consumer threadName="Thread-10" threadId="00000000022DBD00" bytes="6085784" />
</allocation-stats>
<gc-op id="195" type="copy forward" timems="2.711" contextid="192" timestamp="2019-06-15T02:19:02.150">
  <memory-copied type="eden" objects="2722" bytes="66280" bytesdiscarded="0" />
  <memory-copied type="other" objects="7968" bytes="640752" bytesdiscarded="160" />
  <memory-cardclean objects="13367" bytes="699560" />
  <regions eden="16" other="2" />
  <remembered-set-cleared processed="3969" cleared="1972" durationms="0.114" />
  <references type="soft" candidates="3" cleared="0" enqueued="0" dynamicThreshold="19" maxThreshold="32" />
  <references type="weak" candidates="10" cleared="0" enqueued="0" />
  <references type="phantom" candidates="2" cleared="0" enqueued="0" />
  <stringconstants candidates="4597" cleared="0"  />
</gc-op>
<gc-op id="196" type="classunload" timems="0.002" contextid="192" timestamp="2019-06-15T02:19:02.150">
  <classunload-info classloadercandidates="8" classloadersunloaded="0" classesunloaded="0" anonymousclassesunloaded="0" quiescems="0.000" setupms="0.002" scanms="0.000" postms="0.000" />
</gc-op>
<gc-end id="197" type="partial gc" contextid="192" durationms="3.694" usertimems="8.000" systemtimems="0.000" timestamp="2019-06-15T02:19:02.151" activeThreads="1">
  <mem-info id="198" free="24117248" total="39845888" percent="60">
    <mem type="eden" free="982296" total="1048576" percent="93" />
    <remembered-set count="8576" freebytes="1556224" totalbytes="1590528" percent="97" regionsoverflowed="0" regionsstable="1" regionsrebuilding="0"/>
  </mem-info>
</gc-end>
<cycle-end id="199" type="partial gc" contextid="192" timestamp="2019-06-15T02:19:02.151" />
  <attribute name="elasticGC enabled" value="1" />
  <attribute name= "numThreadsSpecified" value="1" />
  <attribute name="heapSize specified" value="0" />
  <attribute name="Current GC Util" value="71" />
  <attribute name= "Current Time Running" value="1192" />
  <attribute name ="GC Interval" value="0" />
  <attribute name="ProportionalT" value="25.500000" />
  <attribute name="ProportionalI" value="25.500000" />
  <attribute name="ProportionalH" value="25.500000" />
  <attribute name="Current Error" value="51.000000" />
  <attribute name="IntegralT" value="0.000000" />
  <attribute name="IntegralI" value="0.000000" />
  <attribute name="IntegralH" value="0.000000" />
  <attribute name="DerivativeT" value="inf" />
  <attribute name="DerivativeI" value="inf" />
  <attribute name="DerivativeH" value="inf" />
  <attribute name="Loop Time for DT" value="0.000000" />
  <attribute name="Output H" value="8388608"/>
  <attribute name="Output I" value="200"/>
  <attribute name="Output T" value="1"/>
  <attribute name="Target GC Util Change" value ="20.000000" />
  <attribute name="Current GC Util Change" value="71.000000"/>
  <attribute name="GC Util currently" value="71" />
  <attribute name="CPU Util currently" value="19745103063290" />
<exclusive-end id="200" timestamp="2019-06-15T02:19:02.151" durationms="4.551" />

<exclusive-start id="201" timestamp="2019-06-15T02:19:02.170" intervalms="23.759">
  <response-info timems="0.037" idlems="0.037" threads="0" lastid="00000000022DF900" lastname="Thread-7" />
</exclusive-start>
<allocation-taxation id="202" taxation-threshold="16777216" timestamp="2019-06-15T02:19:02.170" intervalms="23.772" />
<cycle-start id="203" type="partial gc" contextid="0" timestamp="2019-06-15T02:19:02.170" intervalms="23.819" />
<gc-start id="204" type="partial gc" contextid="203" timestamp="2019-06-15T02:19:02.171">
  <mem-info id="205" free="7340032" total="39845888" percent="18">
    <mem type="eden" free="0" total="16777216" percent="0" />
    <remembered-set count="8384" freebytes="1556992" totalbytes="1590528" percent="97" regionsoverflowed="0" regionsstable="1" regionsrebuilding="0"/>
  </mem-info>
</gc-start>
<allocation-stats totalBytes="16775216" >
  <allocated-bytes non-tlh="0" tlh="16775216" arrayletleaf="0"/>
  <largest-consumer threadName="Thread-9" threadId="00000000022E3500" bytes="5934424" />
</allocation-stats>
<gc-op id="206" type="copy forward" timems="1.581" contextid="203" timestamp="2019-06-15T02:19:02.173">
  <memory-copied type="eden" objects="15249" bytes="641512" bytesdiscarded="44544" />
  <memory-copied type="other" objects="2556" bytes="61344" bytesdiscarded="3216" />
  <memory-cardclean objects="7741" bytes="383600" />
  <regions eden="16" other="1" />
  <remembered-set-cleared processed="5432" cleared="808" durationms="0.080" />
  <stringconstants candidates="4597" cleared="0"  />
</gc-op>
<gc-op id="207" type="classunload" timems="0.002" contextid="203" timestamp="2019-06-15T02:19:02.173">
  <classunload-info classloadercandidates="8" classloadersunloaded="0" classesunloaded="0" anonymousclassesunloaded="0" quiescems="0.000" setupms="0.002" scanms="0.000" postms="0.000" />
</gc-op>
<heap-resize id="208" type="expand" space="default" amount="2097152" count="1" timems="0.064" reason="excessive time being spent in gc" timestamp="2019-06-15T02:19:02.173" />
<gc-end id="209" type="partial gc" contextid="203" durationms="2.669" usertimems="4.000" systemtimems="0.000" timestamp="2019-06-15T02:19:02.173" activeThreads="4">
  <mem-info id="210" free="25165824" total="41943040" percent="60">
    <mem type="eden" free="362520" total="1048576" percent="34" />
    <remembered-set count="7968" freebytes="1642368" totalbytes="1674240" percent="98" regionsoverflowed="0" regionsstable="1" regionsrebuilding="0"/>
  </mem-info>
</gc-end>
<cycle-end id="211" type="partial gc" contextid="203" timestamp="2019-06-15T02:19:02.174" />
  <attribute name="elasticGC enabled" value="1" />
  <attribute name= "numThreadsSpecified" value="4" />
  <attribute name="heapSize specified" value="0" />
  <attribute name="Current GC Util" value="84" />
  <attribute name= "Current Time Running" value="1216" />
  <attribute name ="GC Interval" value="0" />
  <attribute name="ProportionalT" value="32.000000" />
  <attribute name="ProportionalI" value="32.000000" />
  <attribute name="ProportionalH" value="32.000000" />
  <attribute name="Current Error" value="64.000000" />
  <attribute name="IntegralT" value="64.000000" />
  <attribute name="IntegralI" value="64.000000" />
  <attribute name="IntegralH" value="64.000000" />
  <attribute name="DerivativeT" value="64.000000" />
  <attribute name="DerivativeI" value="64.000000" />
  <attribute name="DerivativeH" value="64.000000" />
  <attribute name="Loop Time for DT" value="1.000000" />
  <attribute name="Output H" value="8388608"/>
  <attribute name="Output I" value="200"/>
  <attribute name="Output T" value="4"/>
  <attribute name="Target GC Util Change" value ="20.000000" />
  <attribute name="Current GC Util Change" value="84.000000"/>
  <attribute name="GC Util currently" value="84" />
  <attribute name="CPU Util currently" value="23324327414879" />
<exclusive-end id="212" timestamp="2019-06-15T02:19:02.174" durationms="3.534" />

<exclusive-start id="213" timestamp="2019-06-15T02:19:02.189" intervalms="18.940">
  <response-info timems="0.147" idlems="0.081" threads="1" lastid="00000000022E7100" lastname="Thread-8" />
</exclusive-start>
<allocation-taxation id="214" taxation-threshold="16777216" timestamp="2019-06-15T02:19:02.189" intervalms="18.955" />
<cycle-start id="215" type="partial gc" contextid="0" timestamp="2019-06-15T02:19:02.189" intervalms="18.916" />
<gc-start id="216" type="partial gc" contextid="215" timestamp="2019-06-15T02:19:02.190">
  <mem-info id="217" free="8388608" total="41943040" percent="20">
    <mem type="eden" free="0" total="16777216" percent="0" />
    <remembered-set count="7936" freebytes="1642496" totalbytes="1674240" percent="98" regionsoverflowed="0" regionsstable="1" regionsrebuilding="0"/>
  </mem-info>
</gc-start>
<allocation-stats totalBytes="16775072" >
  <allocated-bytes non-tlh="0" tlh="16775072" arrayletleaf="0"/>
  <largest-consumer threadName="Thread-7" threadId="00000000022DF900" bytes="4894112" />
</allocation-stats>
<gc-op id="218" type="copy forward" timems="1.971" contextid="215" timestamp="2019-06-15T02:19:02.192">
  <memory-copied type="eden" objects="9654" bytes="370000" bytesdiscarded="80280" />
  <memory-copied type="other" objects="15117" bytes="637560" bytesdiscarded="82008" />
  <memory-cardclean objects="5883" bytes="298984" />
  <regions eden="16" other="1" />
  <remembered-set-cleared processed="6095" cleared="730" durationms="0.102" />
  <stringconstants candidates="4597" cleared="0"  />
</gc-op>
<gc-op id="219" type="classunload" timems="0.002" contextid="215" timestamp="2019-06-15T02:19:02.192">
  <classunload-info classloadercandidates="8" classloadersunloaded="0" classesunloaded="0" anonymousclassesunloaded="0" quiescems="0.000" setupms="0.002" scanms="0.000" postms="0.000" />
</gc-op>
<heap-resize id="220" type="expand" space="default" amount="3145728" count="1" timems="0.066" reason="excessive time being spent in gc" timestamp="2019-06-15T02:19:02.192" />
<gc-end id="221" type="partial gc" contextid="215" durationms="2.982" usertimems="8.000" systemtimems="0.000" timestamp="2019-06-15T02:19:02.193" activeThreads="4">
  <mem-info id="222" free="27262976" total="45088768" percent="60">
    <mem type="eden" free="598296" total="1048576" percent="57" />
    <remembered-set count="9824" freebytes="1760512" totalbytes="1799808" percent="97" regionsoverflowed="0" regionsstable="1" regionsrebuilding="0"/>
  </mem-info>
</gc-end>
<cycle-end id="223" type="partial gc" contextid="215" timestamp="2019-06-15T02:19:02.193" />
  <attribute name="elasticGC enabled" value="1" />
  <attribute name= "numThreadsSpecified" value="4" />
  <attribute name="heapSize specified" value="0" />
  <attribute name="Current GC Util" value="52" />
  <attribute name= "Current Time Running" value="1235" />
  <attribute name ="GC Interval" value="0" />
  <attribute name="ProportionalT" value="16.000000" />
  <attribute name="ProportionalI" value="16.000000" />
  <attribute name="ProportionalH" value="16.000000" />
  <attribute name="Current Error" value="32.000000" />
  <attribute name="IntegralT" value="32.000000" />
  <attribute name="IntegralI" value="32.000000" />
  <attribute name="IntegralH" value="32.000000" />
  <attribute name="DerivativeT" value="27.000000" />
  <attribute name="DerivativeI" value="27.000000" />
  <attribute name="DerivativeH" value="27.000000" />
  <attribute name="Loop Time for DT" value="1.000000" />
  <attribute name="Output H" value="8388608"/>
  <attribute name="Output I" value="200"/>
  <attribute name="Output T" value="4"/>
  <attribute name="Target GC Util Change" value ="20.000000" />
  <attribute name="Current GC Util Change" value="52.000000"/>
  <attribute name="GC Util currently" value="52" />
  <attribute name="CPU Util currently" value="19557782578080" />
<exclusive-end id="224" timestamp="2019-06-15T02:19:02.193" durationms="3.916" />

<exclusive-start id="225" timestamp="2019-06-15T02:19:02.213" intervalms="23.471">
  <response-info timems="0.036" idlems="0.036" threads="0" lastid="00000000022E3500" lastname="Thread-9" />
</exclusive-start>
<allocation-taxation id="226" taxation-threshold="17825792" timestamp="2019-06-15T02:19:02.213" intervalms="23.465" />
<cycle-start id="227" type="partial gc" contextid="0" timestamp="2019-06-15T02:19:02.213" intervalms="23.496" />
<gc-start id="228" type="partial gc" contextid="227" timestamp="2019-06-15T02:19:02.213">
  <mem-info id="229" free="9437184" total="45088768" percent="20">
    <mem type="eden" free="0" total="17825792" percent="0" />
    <remembered-set count="9440" freebytes="1762048" totalbytes="1799808" percent="97" regionsoverflowed="0" regionsstable="1" regionsrebuilding="0"/>
  </mem-info>
</gc-start>
<allocation-stats totalBytes="17823352" >
  <allocated-bytes non-tlh="0" tlh="17823352" arrayletleaf="0"/>
  <largest-consumer threadName="Thread-9" threadId="00000000022E3500" bytes="6282544" />
</allocation-stats>
<gc-op id="230" type="copy forward" timems="3.293" contextid="227" timestamp="2019-06-15T02:19:02.217">
  <memory-copied type="eden" objects="5100" bytes="123296" bytesdiscarded="0" />
  <memory-copied type="other" objects="24597" bytes="1002456" bytesdiscarded="0" />
  <memory-cardclean objects="6468" bytes="327208" />
  <regions eden="17" other="2" />
  <remembered-set-cleared processed="6292" cleared="944" durationms="0.118" />
  <stringconstants candidates="4597" cleared="0"  />
</gc-op>
<gc-op id="231" type="classunload" timems="0.003" contextid="227" timestamp="2019-06-15T02:19:02.217">
  <classunload-info classloadercandidates="8" classloadersunloaded="0" classesunloaded="0" anonymousclassesunloaded="0" quiescems="0.000" setupms="0.002" scanms="0.000" postms="0.000" />
</gc-op>
<heap-resize id="232" type="expand" space="default" amount="2097152" count="1" timems="0.064" reason="excessive time being spent in gc" timestamp="2019-06-15T02:19:02.217" />
<gc-end id="233" type="partial gc" contextid="227" durationms="4.238" usertimems="0.000" systemtimems="8.000" timestamp="2019-06-15T02:19:02.217" activeThreads="1">
  <mem-info id="234" free="28311552" total="47185920" percent="60">
    <mem type="eden" free="925280" total="1048576" percent="88" />
    <remembered-set count="10432" freebytes="1841792" totalbytes="1883520" percent="97" regionsoverflowed="0" regionsstable="1" regionsrebuilding="0"/>
  </mem-info>
</gc-end>
<cycle-end id="235" type="partial gc" contextid="227" timestamp="2019-06-15T02:19:02.217" />
  <attribute name="elasticGC enabled" value="1" />
  <attribute name= "numThreadsSpecified" value="1" />
  <attribute name="heapSize specified" value="0" />
  <attribute name="Current GC Util" value="78" />
  <attribute name= "Current Time Running" value="1258" />
  <attribute name ="GC Interval" value="0" />
  <attribute name="ProportionalT" value="29.000000" />
  <attribute name="ProportionalI" value="29.000000" />
  <attribute name="ProportionalH" value="29.000000" />
  <attribute name="Current Error" value="58.000000" />
  <attribute name="IntegralT" value="0.000000" />
  <attribute name="IntegralI" value="0.000000" />
  <attribute name="IntegralH" value="0.000000" />
  <attribute name="DerivativeT" value="inf" />
  <attribute name="DerivativeI" value="inf" />
  <attribute name="DerivativeH" value="inf" />
  <attribute name="Loop Time for DT" value="0.000000" />
  <attribute name="Output H" value="8388608"/>
  <attribute name="Output I" value="200"/>
  <attribute name="Output T" value="1"/>
  <attribute name="Target GC Util Change" value ="20.000000" />
  <attribute name="Current GC Util Change" value="78.000000"/>
  <attribute name="GC Util currently" value="78" />
  <attribute name="CPU Util currently" value="22596002882069" />
<exclusive-end id="236" timestamp="2019-06-15T02:19:02.218" durationms="5.063" />

<exclusive-start id="237" timestamp="2019-06-15T02:19:02.238" intervalms="25.594">
  <response-info timems="0.034" idlems="0.034" threads="0" lastid="00000000022E7100" lastname="Thread-8" />
</exclusive-start>
<allocation-taxation id="238" taxation-threshold="18874368" timestamp="2019-06-15T02:19:02.238" intervalms="25.592" />
<cycle-start id="239" type="partial gc" contextid="0" timestamp="2019-06-15T02:19:02.238" intervalms="25.564" />
<gc-start id="240" type="partial gc" contextid="239" timestamp="2019-06-15T02:19:02.239">
  <mem-info id="241" free="9437184" total="47185920" percent="20">
    <mem type="eden" free="0" total="18874368" percent="0" />
    <remembered-set count="10240" freebytes="1842560" totalbytes="1883520" percent="97" regionsoverflowed="0" regionsstable="1" regionsrebuilding="0"/>
  </mem-info>
</gc-start>
<allocation-stats totalBytes="18871688" >
  <allocated-bytes non-tlh="0" tlh="18871688" arrayletleaf="0"/>
  <largest-consumer threadName="Thread-9" threadId="00000000022E3500" bytes="6745008" />
</allocation-stats>
<gc-op id="242" type="copy forward" timems="2.446" contextid="239" timestamp="2019-06-15T02:19:02.242">
  <memory-copied type="eden" objects="14291" bytes="619184" bytesdiscarded="0" />
  <memory-copied type="other" objects="4930" bytes="118320" bytesdiscarded="0" />
  <memory-cardclean objects="7767" bytes="423544" />
  <regions eden="18" other="1" />
  <remembered-set-cleared processed="7518" cleared="530" durationms="0.131" />
  <stringconstants candidates="4597" cleared="0"  />
</gc-op>
<gc-op id="243" type="classunload" timems="0.003" contextid="239" timestamp="2019-06-15T02:19:02.242">
  <classunload-info classloadercandidates="8" classloadersunloaded="0" classesunloaded="0" anonymousclassesunloaded="0" quiescems="0.000" setupms="0.002" scanms="0.000" postms="0.000" />
</gc-op>
<heap-resize id="244" type="expand" space="default" amount="3145728" count="1" timems="0.068" reason="excessive time being spent in gc" timestamp="2019-06-15T02:19:02.242" />
<gc-end id="245" type="partial gc" contextid="239" durationms="3.609" usertimems="4.000" systemtimems="0.000" timestamp="2019-06-15T02:19:02.242" activeThreads="1">
  <mem-info id="246" free="30408704" total="50331648" percent="60">
    <mem type="eden" free="429392" total="1048576" percent="40" />
    <remembered-set count="11072" freebytes="1964800" totalbytes="2009088" percent="97" regionsoverflowed="0" regionsstable="1" regionsrebuilding="0"/>
  </mem-info>
</gc-end>
<cycle-end id="247" type="partial gc" contextid="239" timestamp="2019-06-15T02:19:02.242" />
  <attribute name="elasticGC enabled" value="1" />
  <attribute name= "numThreadsSpecified" value="1" />
  <attribute name="heapSize specified" value="0" />
  <attribute name="Current GC Util" value="79" />
  <attribute name= "Current Time Running" value="1284" />
  <attribute name ="GC Interval" value="0" />
  <attribute name="ProportionalT" value="29.500000" />
  <attribute name="ProportionalI" value="29.500000" />
  <attribute name="ProportionalH" value="29.500000" />
  <attribute name="Current Error" value="59.000000" />
  <attribute name="IntegralT" value="0.000000" />
  <attribute name="IntegralI" value="0.000000" />
  <attribute name="IntegralH" value="0.000000" />
  <attribute name="DerivativeT" value="inf" />
  <attribute name="DerivativeI" value="inf" />
  <attribute name="DerivativeH" value="inf" />
  <attribute name="Loop Time for DT" value="0.000000" />
  <attribute name="Output H" value="8388608"/>
  <attribute name="Output I" value="200"/>
  <attribute name="Output T" value="1"/>
  <attribute name="Target GC Util Change" value ="20.000000" />
  <attribute name="Current GC Util Change" value="79.000000"/>
  <attribute name="GC Util currently" value="79" />
  <attribute name="CPU Util currently" value="22696310447304" />
<exclusive-end id="248" timestamp="2019-06-15T02:19:02.243" durationms="4.522" />

<exclusive-start id="249" timestamp="2019-06-15T02:19:02.268" intervalms="29.447">
  <response-info timems="0.038" idlems="0.038" threads="0" lastid="00000000022E7100" lastname="Thread-8" />
</exclusive-start>
<allocation-taxation id="250" taxation-threshold="18874368" timestamp="2019-06-15T02:19:02.268" intervalms="29.489" />
<cycle-start id="251" type="partial gc" contextid="0" timestamp="2019-06-15T02:19:02.268" intervalms="29.491" />
<gc-start id="252" type="partial gc" contextid="251" timestamp="2019-06-15T02:19:02.268">
  <mem-info id="253" free="11534336" total="50331648" percent="22">
    <mem type="eden" free="0" total="18874368" percent="0" />
    <remembered-set count="10752" freebytes="1966080" totalbytes="2009088" percent="97" regionsoverflowed="0" regionsstable="1" regionsrebuilding="0"/>
  </mem-info>
</gc-start>
<allocation-stats totalBytes="18871824" >
  <allocated-bytes non-tlh="0" tlh="18871824" arrayletleaf="0"/>
  <largest-consumer threadName="Thread-8" threadId="00000000022E7100" bytes="6638800" />
</allocation-stats>
<gc-op id="254" type="copy forward" timems="2.353" contextid="251" timestamp="2019-06-15T02:19:02.271">
  <memory-copied type="eden" objects="3743" bytes="91256" bytesdiscarded="0" />
  <memory-copied type="other" objects="14005" bytes="610872" bytesdiscarded="0" />
  <memory-cardclean objects="4668" bytes="236224" />
  <regions eden="18" other="1" />
  <remembered-set-cleared processed="8326" cleared="515" durationms="0.138" />
  <stringconstants candidates="4597" cleared="0"  />
</gc-op>
<gc-op id="255" type="classunload" timems="0.002" contextid="251" timestamp="2019-06-15T02:19:02.271">
  <classunload-info classloadercandidates="8" classloadersunloaded="0" classesunloaded="0" anonymousclassesunloaded="0" quiescems="0.000" setupms="0.002" scanms="0.000" postms="0.000" />
</gc-op>
<heap-resize id="256" type="expand" space="default" amount="2097152" count="1" timems="0.062" reason="excessive time being spent in gc" timestamp="2019-06-15T02:19:02.272" />
<gc-end id="257" type="partial gc" contextid="251" durationms="3.579" usertimems="8.000" systemtimems="0.000" timestamp="2019-06-15T02:19:02.272" activeThreads="1">
  <mem-info id="258" free="31457280" total="52428800" percent="60">
    <mem type="eden" free="957320" total="1048576" percent="91" />
    <remembered-set count="11936" freebytes="2045056" totalbytes="2092800" percent="97" regionsoverflowed="0" regionsstable="1" regionsrebuilding="0"/>
  </mem-info>
</gc-end>
<cycle-end id="259" type="partial gc" contextid="251" timestamp="2019-06-15T02:19:02.272" />
  <attribute name="elasticGC enabled" value="1" />
  <attribute name= "numThreadsSpecified" value="1" />
  <attribute name="heapSize specified" value="0" />
  <attribute name="Current GC Util" value="86" />
  <attribute name= "Current Time Running" value="1313" />
  <attribute name ="GC Interval" value="0" />
  <attribute name="ProportionalT" value="33.000000" />
  <attribute name="ProportionalI" value="33.000000" />
  <attribute name="ProportionalH" value="33.000000" />
  <attribute name="Current Error" value="66.000000" />
  <attribute name="IntegralT" value="0.000000" />
  <attribute name="IntegralI" value="0.000000" />
  <attribute name="IntegralH" value="0.000000" />
  <attribute name="DerivativeT" value="inf" />
  <attribute name="DerivativeI" value="inf" />
  <attribute name="DerivativeH" value="inf" />
  <attribute name="Loop Time for DT" value="0.000000" />
  <attribute name="Output H" value="8388608"/>
  <attribute name="Output I" value="200"/>
  <attribute name="Output T" value="1"/>
  <attribute name="Target GC Util Change" value ="20.000000" />
  <attribute name="Current GC Util Change" value="86.000000"/>
  <attribute name="GC Util currently" value="86" />
  <attribute name="CPU Util currently" value="23196565628358" />
<exclusive-end id="260" timestamp="2019-06-15T02:19:02.272" durationms="4.457" />

<exclusive-start id="261" timestamp="2019-06-15T02:19:02.299" intervalms="31.196">
  <response-info timems="0.032" idlems="0.017" threads="1" lastid="00000000022DBD00" lastname="Thread-10" />
</exclusive-start>
<allocation-taxation id="262" taxation-threshold="19922944" timestamp="2019-06-15T02:19:02.299" intervalms="31.195" />
<cycle-start id="263" type="partial gc" contextid="0" timestamp="2019-06-15T02:19:02.299" intervalms="31.233" />
<gc-start id="264" type="partial gc" contextid="263" timestamp="2019-06-15T02:19:02.299">
  <mem-info id="265" free="11534336" total="52428800" percent="22">
    <mem type="eden" free="0" total="19922944" percent="0" />
    <remembered-set count="11520" freebytes="2046720" totalbytes="2092800" percent="97" regionsoverflowed="0" regionsstable="1" regionsrebuilding="0"/>
  </mem-info>
</gc-start>
<allocation-stats totalBytes="19920480" >
  <allocated-bytes non-tlh="0" tlh="19920480" arrayletleaf="0"/>
  <largest-consumer threadName="Thread-8" threadId="00000000022E7100" bytes="7298208" />
</allocation-stats>
<gc-op id="266" type="copy forward" timems="1.704" contextid="263" timestamp="2019-06-15T02:19:02.302">
  <memory-copied type="eden" objects="4476" bytes="108976" bytesdiscarded="568" />
  <memory-copied type="other" objects="3456" bytes="82944" bytesdiscarded="2688" />
  <memory-cardclean objects="9734" bytes="509536" />
  <regions eden="19" other="1" />
  <remembered-set-cleared processed="8825" cleared="398" durationms="0.101" />
  <stringconstants candidates="4597" cleared="0"  />
</gc-op>
<gc-op id="267" type="classunload" timems="0.002" contextid="263" timestamp="2019-06-15T02:19:02.302">
  <classunload-info classloadercandidates="8" classloadersunloaded="0" classesunloaded="0" anonymousclassesunloaded="0" quiescems="0.000" setupms="0.002" scanms="0.000" postms="0.000" />
</gc-op>
<heap-resize id="268" type="expand" space="default" amount="5242880" count="1" timems="0.079" reason="excessive time being spent in gc" timestamp="2019-06-15T02:19:02.302" />
<gc-end id="269" type="partial gc" contextid="263" durationms="2.903" usertimems="8.000" systemtimems="0.000" timestamp="2019-06-15T02:19:02.302" activeThreads="4">
  <mem-info id="270" free="34603008" total="57671680" percent="60">
    <mem type="eden" free="1987608" total="2097152" percent="94" />
    <remembered-set count="11904" freebytes="2254464" totalbytes="2302080" percent="97" regionsoverflowed="0" regionsstable="1" regionsrebuilding="0"/>
  </mem-info>
</gc-end>
<cycle-end id="271" type="partial gc" contextid="263" timestamp="2019-06-15T02:19:02.302" />
  <attribute name="elasticGC enabled" value="1" />
  <attribute name= "numThreadsSpecified" value="4" />
  <attribute name="heapSize specified" value="0" />
  <attribute name="Current GC Util" value="71" />
  <attribute name= "Current Time Running" value="1345" />
  <attribute name ="GC Interval" value="0" />
  <attribute name="ProportionalT" value="25.500000" />
  <attribute name="ProportionalI" value="25.500000" />
  <attribute name="ProportionalH" value="25.500000" />
  <attribute name="Current Error" value="51.000000" />
  <attribute name="IntegralT" value="51.000000" />
  <attribute name="IntegralI" value="51.000000" />
  <attribute name="IntegralH" value="51.000000" />
  <attribute name="DerivativeT" value="51.000000" />
  <attribute name="DerivativeI" value="51.000000" />
  <attribute name="DerivativeH" value="51.000000" />
  <attribute name="Loop Time for DT" value="1.000000" />
  <attribute name="Output H" value="8388608"/>
  <attribute name="Output I" value="200"/>
  <attribute name="Output T" value="4"/>
  <attribute name="Target GC Util Change" value ="20.000000" />
  <attribute name="Current GC Util Change" value="71.000000"/>
  <attribute name="GC Util currently" value="71" />
  <attribute name="CPU Util currently" value="20025733064342" />
<exclusive-end id="272" timestamp="2019-06-15T02:19:02.303" durationms="3.834" />

<exclusive-start id="273" timestamp="2019-06-15T02:19:02.332" intervalms="33.430">
  <response-info timems="0.033" idlems="0.033" threads="0" lastid="00000000022E3500" lastname="Thread-9" />
</exclusive-start>
<allocation-taxation id="274" taxation-threshold="20971520" timestamp="2019-06-15T02:19:02.332" intervalms="33.441" />
<cycle-start id="275" type="partial gc" contextid="0" timestamp="2019-06-15T02:19:02.333" intervalms="33.454" />
<gc-start id="276" type="partial gc" contextid="275" timestamp="2019-06-15T02:19:02.333">
  <mem-info id="277" free="13631488" total="57671680" percent="23">
    <mem type="eden" free="0" total="20971520" percent="0" />
    <remembered-set count="11808" freebytes="2254848" totalbytes="2302080" percent="97" regionsoverflowed="0" regionsstable="1" regionsrebuilding="0"/>
  </mem-info>
</gc-start>
<allocation-stats totalBytes="20969152" >
  <allocated-bytes non-tlh="0" tlh="20969152" arrayletleaf="0"/>
  <largest-consumer threadName="Thread-10" threadId="00000000022DBD00" bytes="7736488" />
</allocation-stats>
<gc-op id="278" type="copy forward" timems="2.259" contextid="275" timestamp="2019-06-15T02:19:02.336">
  <memory-copied type="eden" objects="9997" bytes="378096" bytesdiscarded="0" />
  <memory-copied type="other" objects="4162" bytes="99888" bytesdiscarded="0" />
  <memory-cardclean objects="10506" bytes="516544" />
  <regions eden="20" other="2" />
  <remembered-set-cleared processed="9592" cleared="653" durationms="0.145" />
  <stringconstants candidates="4597" cleared="0"  />
</gc-op>
<gc-op id="279" type="classunload" timems="0.002" contextid="275" timestamp="2019-06-15T02:19:02.336">
  <classunload-info classloadercandidates="8" classloadersunloaded="0" classesunloaded="0" anonymousclassesunloaded="0" quiescems="0.000" setupms="0.002" scanms="0.000" postms="0.000" />
</gc-op>
<gc-end id="280" type="partial gc" contextid="275" durationms="3.134" usertimems="0.000" systemtimems="8.000" timestamp="2019-06-15T02:19:02.336" activeThreads="1">
  <mem-info id="281" free="34603008" total="57671680" percent="60">
    <mem type="eden" free="670480" total="1048576" percent="63" />
    <remembered-set count="13024" freebytes="2249984" totalbytes="2302080" percent="97" regionsoverflowed="0" regionsstable="1" regionsrebuilding="0"/>
  </mem-info>
</gc-end>
<cycle-end id="282" type="partial gc" contextid="275" timestamp="2019-06-15T02:19:02.336" />
  <attribute name="elasticGC enabled" value="1" />
  <attribute name= "numThreadsSpecified" value="1" />
  <attribute name="heapSize specified" value="0" />
  <attribute name="Current GC Util" value="77" />
  <attribute name= "Current Time Running" value="1378" />
  <attribute name ="GC Interval" value="0" />
  <attribute name="ProportionalT" value="28.500000" />
  <attribute name="ProportionalI" value="28.500000" />
  <attribute name="ProportionalH" value="28.500000" />
  <attribute name="Current Error" value="57.000000" />
  <attribute name="IntegralT" value="0.000000" />
  <attribute name="IntegralI" value="0.000000" />
  <attribute name="IntegralH" value="0.000000" />
  <attribute name="DerivativeT" value="inf" />
  <attribute name="DerivativeI" value="inf" />
  <attribute name="DerivativeH" value="inf" />
  <attribute name="Loop Time for DT" value="0.000000" />
  <attribute name="Output H" value="8388608"/>
  <attribute name="Output I" value="200"/>
  <attribute name="Output T" value="1"/>
  <attribute name="Target GC Util Change" value ="20.000000" />
  <attribute name="Current GC Util Change" value="77.000000"/>
  <attribute name="GC Util currently" value="77" />
  <attribute name="CPU Util currently" value="21305518542220" />
<exclusive-end id="283" timestamp="2019-06-15T02:19:02.336" durationms="4.108" />

<exclusive-start id="284" timestamp="2019-06-15T02:19:02.367" intervalms="34.549">
  <response-info timems="0.036" idlems="0.036" threads="0" lastid="00000000022DF900" lastname="Thread-7" />
</exclusive-start>
<allocation-taxation id="285" taxation-threshold="20971520" timestamp="2019-06-15T02:19:02.367" intervalms="34.589" />
<cycle-start id="286" type="partial gc" contextid="0" timestamp="2019-06-15T02:19:02.367" intervalms="34.625" />
<gc-start id="287" type="partial gc" contextid="286" timestamp="2019-06-15T02:19:02.368">
  <mem-info id="288" free="13631488" total="57671680" percent="23">
    <mem type="eden" free="0" total="20971520" percent="0" />
    <remembered-set count="12608" freebytes="2251648" totalbytes="2302080" percent="97" regionsoverflowed="0" regionsstable="1" regionsrebuilding="0"/>
  </mem-info>
</gc-start>
<allocation-stats totalBytes="20968968" >
  <allocated-bytes non-tlh="0" tlh="20968968" arrayletleaf="0"/>
  <largest-consumer threadName="Thread-9" threadId="00000000022E3500" bytes="8096808" />
</allocation-stats>
<gc-op id="289" type="copy forward" timems="1.608" contextid="286" timestamp="2019-06-15T02:19:02.370">
  <memory-copied type="eden" objects="14721" bytes="629624" bytesdiscarded="76608" />
  <memory-copied type="other" objects="9853" bytes="373848" bytesdiscarded="22248" />
  <memory-cardclean objects="7539" bytes="378232" />
  <regions eden="20" other="1" />
  <remembered-set-cleared processed="10398" cleared="727" durationms="0.091" />
  <stringconstants candidates="4597" cleared="0"  />
</gc-op>
<gc-op id="290" type="classunload" timems="0.002" contextid="286" timestamp="2019-06-15T02:19:02.370">
  <classunload-info classloadercandidates="8" classloadersunloaded="0" classesunloaded="0" anonymousclassesunloaded="0" quiescems="0.000" setupms="0.002" scanms="0.000" postms="0.000" />
</gc-op>
<gc-end id="291" type="partial gc" contextid="286" durationms="2.544" usertimems="8.000" systemtimems="0.000" timestamp="2019-06-15T02:19:02.370" activeThreads="4">
  <mem-info id="292" free="33554432" total="57671680" percent="58">
    <mem type="eden" free="342344" total="1048576" percent="32" />
    <remembered-set count="13728" freebytes="2247168" totalbytes="2302080" percent="97" regionsoverflowed="0" regionsstable="1" regionsrebuilding="0"/>
  </mem-info>
</gc-end>
<cycle-end id="293" type="partial gc" contextid="286" timestamp="2019-06-15T02:19:02.370" />
  <attribute name="elasticGC enabled" value="1" />
  <attribute name= "numThreadsSpecified" value="4" />
  <attribute name="heapSize specified" value="0" />
  <attribute name="Current GC Util" value="83" />
  <attribute name= "Current Time Running" value="1413" />
  <attribute name ="GC Interval" value="0" />
  <attribute name="ProportionalT" value="31.500000" />
  <attribute name="ProportionalI" value="31.500000" />
  <attribute name="ProportionalH" value="31.500000" />
  <attribute name="Current Error" value="63.000000" />
  <attribute name="IntegralT" value="63.000000" />
  <attribute name="IntegralI" value="63.000000" />
  <attribute name="IntegralH" value="63.000000" />
  <attribute name="DerivativeT" value="63.000000" />
  <attribute name="DerivativeI" value="63.000000" />
  <attribute name="DerivativeH" value="63.000000" />
  <attribute name="Loop Time for DT" value="1.000000" />
  <attribute name="Output H" value="8388608"/>
  <attribute name="Output I" value="200"/>
  <attribute name="Output T" value="4"/>
  <attribute name="Target GC Util Change" value ="20.000000" />
  <attribute name="Current GC Util Change" value="83.000000"/>
  <attribute name="GC Util currently" value="83" />
  <attribute name="CPU Util currently" value="22098366544107" />
<exclusive-end id="294" timestamp="2019-06-15T02:19:02.370" durationms="3.573" />

<exclusive-start id="295" timestamp="2019-06-15T02:19:02.404" intervalms="37.640">
  <response-info timems="0.037" idlems="0.037" threads="0" lastid="00000000022DF900" lastname="Thread-7" />
</exclusive-start>
<allocation-taxation id="296" taxation-threshold="20971520" timestamp="2019-06-15T02:19:02.405" intervalms="37.602" />
<cycle-start id="297" type="partial gc" contextid="0" timestamp="2019-06-15T02:19:02.405" intervalms="37.569" />
<gc-start id="298" type="partial gc" contextid="297" timestamp="2019-06-15T02:19:02.405">
  <mem-info id="299" free="12582912" total="57671680" percent="21">
    <mem type="eden" free="0" total="20971520" percent="0" />
    <remembered-set count="13472" freebytes="2248192" totalbytes="2302080" percent="97" regionsoverflowed="0" regionsstable="1" regionsrebuilding="0"/>
  </mem-info>
</gc-start>
<allocation-stats totalBytes="20968960" >
  <allocated-bytes non-tlh="0" tlh="20968960" arrayletleaf="0"/>
  <largest-consumer threadName="Thread-7" threadId="00000000022DF900" bytes="9063296" />
</allocation-stats>
<gc-op id="300" type="copy forward" timems="2.900" contextid="297" timestamp="2019-06-15T02:19:02.409">
  <memory-copied type="eden" objects="10201" bytes="383520" bytesdiscarded="0" />
  <memory-copied type="other" objects="14398" bytes="620304" bytesdiscarded="0" />
  <memory-cardclean objects="5428" bytes="296080" />
  <regions eden="20" other="1" />
  <remembered-set-cleared processed="11230" cleared="621" durationms="0.177" />
  <stringconstants candidates="4597" cleared="0"  />
</gc-op>
<gc-op id="301" type="classunload" timems="0.002" contextid="297" timestamp="2019-06-15T02:19:02.409">
  <classunload-info classloadercandidates="8" classloadersunloaded="0" classesunloaded="0" anonymousclassesunloaded="0" quiescems="0.000" setupms="0.002" scanms="0.000" postms="0.000" />
</gc-op>
<gc-end id="302" type="partial gc" contextid="297" durationms="3.970" usertimems="4.000" systemtimems="4.000" timestamp="2019-06-15T02:19:02.409" activeThreads="1">
  <mem-info id="303" free="32505856" total="57671680" percent="56">
    <mem type="eden" free="665056" total="1048576" percent="63" />
    <remembered-set count="14144" freebytes="2245504" totalbytes="2302080" percent="97" regionsoverflowed="0" regionsstable="1" regionsrebuilding="0"/>
  </mem-info>
</gc-end>
<cycle-end id="304" type="partial gc" contextid="297" timestamp="2019-06-15T02:19:02.409" />
  <attribute name="elasticGC enabled" value="1" />
  <attribute name= "numThreadsSpecified" value="1" />
  <attribute name="heapSize specified" value="0" />
  <attribute name="Current GC Util" value="65" />
  <attribute name= "Current Time Running" value="1450" />
  <attribute name ="GC Interval" value="0" />
  <attribute name="ProportionalT" value="22.500000" />
  <attribute name="ProportionalI" value="22.500000" />
  <attribute name="ProportionalH" value="22.500000" />
  <attribute name="Current Error" value="45.000000" />
  <attribute name="IntegralT" value="0.000000" />
  <attribute name="IntegralI" value="0.000000" />
  <attribute name="IntegralH" value="0.000000" />
  <attribute name="DerivativeT" value="inf" />
  <attribute name="DerivativeI" value="inf" />
  <attribute name="DerivativeH" value="inf" />
  <attribute name="Loop Time for DT" value="0.000000" />
  <attribute name="Output H" value="8388608"/>
  <attribute name="Output I" value="200"/>
  <attribute name="Output T" value="1"/>
  <attribute name="Target GC Util Change" value ="20.000000" />
  <attribute name="Current GC Util Change" value="65.000000"/>
  <attribute name="GC Util currently" value="65" />
  <attribute name="CPU Util currently" value="19786274871151" />
<exclusive-end id="305" timestamp="2019-06-15T02:19:02.409" durationms="5.000" />

<exclusive-start id="306" timestamp="2019-06-15T02:19:02.448" intervalms="43.734">
  <response-info timems="0.037" idlems="0.037" threads="0" lastid="00000000022E3500" lastname="Thread-9" />
</exclusive-start>
<allocation-taxation id="307" taxation-threshold="20971520" timestamp="2019-06-15T02:19:02.448" intervalms="43.748" />
<cycle-start id="308" type="partial gc" contextid="0" timestamp="2019-06-15T02:19:02.449" intervalms="43.767" />
<gc-start id="309" type="partial gc" contextid="308" timestamp="2019-06-15T02:19:02.449">
  <mem-info id="310" free="11534336" total="57671680" percent="20">
    <mem type="eden" free="0" total="20971520" percent="0" />
    <remembered-set count="13952" freebytes="2246272" totalbytes="2302080" percent="97" regionsoverflowed="0" regionsstable="1" regionsrebuilding="0"/>
  </mem-info>
</gc-start>
<allocation-stats totalBytes="20968720" >
  <allocated-bytes non-tlh="0" tlh="20968720" arrayletleaf="0"/>
  <largest-consumer threadName="Thread-7" threadId="00000000022DF900" bytes="8936352" />
</allocation-stats>
<gc-op id="311" type="copy forward" timems="2.163" contextid="308" timestamp="2019-06-15T02:19:02.452">
  <memory-copied type="eden" objects="3510" bytes="85568" bytesdiscarded="0" />
  <memory-copied type="other" objects="9935" bytes="375816" bytesdiscarded="0" />
  <memory-cardclean objects="6963" bytes="380872" />
  <regions eden="20" other="1" />
  <remembered-set-cleared processed="11850" cleared="544" durationms="0.164" />
  <stringconstants candidates="4597" cleared="0"  />
</gc-op>
<gc-op id="312" type="classunload" timems="0.002" contextid="308" timestamp="2019-06-15T02:19:02.452">
  <classunload-info classloadercandidates="8" classloadersunloaded="0" classesunloaded="0" anonymousclassesunloaded="0" quiescems="0.000" setupms="0.002" scanms="0.000" postms="0.000" />
</gc-op>
<gc-end id="313" type="partial gc" contextid="308" durationms="3.177" usertimems="0.000" systemtimems="8.000" timestamp="2019-06-15T02:19:02.452" activeThreads="1">
  <mem-info id="314" free="31457280" total="57671680" percent="54">
    <mem type="eden" free="963008" total="1048576" percent="91" />
    <remembered-set count="14880" freebytes="2242560" totalbytes="2302080" percent="97" regionsoverflowed="0" regionsstable="1" regionsrebuilding="0"/>
  </mem-info>
</gc-end>
<cycle-end id="315" type="partial gc" contextid="308" timestamp="2019-06-15T02:19:02.452" />
  <attribute name="elasticGC enabled" value="1" />
  <attribute name= "numThreadsSpecified" value="1" />
  <attribute name="heapSize specified" value="0" />
  <attribute name="Current GC Util" value="81" />
  <attribute name= "Current Time Running" value="1494" />
  <attribute name ="GC Interval" value="0" />
  <attribute name="ProportionalT" value="30.500000" />
  <attribute name="ProportionalI" value="30.500000" />
  <attribute name="ProportionalH" value="30.500000" />
  <attribute name="Current Error" value="61.000000" />
  <attribute name="IntegralT" value="0.000000" />
  <attribute name="IntegralI" value="0.000000" />
  <attribute name="IntegralH" value="0.000000" />
  <attribute name="DerivativeT" value="inf" />
  <attribute name="DerivativeI" value="inf" />
  <attribute name="DerivativeH" value="inf" />
  <attribute name="Loop Time for DT" value="0.000000" />
  <attribute name="Output H" value="8388608"/>
  <attribute name="Output I" value="200"/>
  <attribute name="Output T" value="1"/>
  <attribute name="Target GC Util Change" value ="20.000000" />
  <attribute name="Current GC Util Change" value="81.000000"/>
  <attribute name="GC Util currently" value="81" />
  <attribute name="CPU Util currently" value="21272988179559" />
<exclusive-end id="316" timestamp="2019-06-15T02:19:02.452" durationms="4.266" />

<exclusive-start id="317" timestamp="2019-06-15T02:19:02.488" intervalms="40.081">
  <response-info timems="0.034" idlems="0.034" threads="0" lastid="00000000022E3500" lastname="Thread-9" />
</exclusive-start>
<allocation-taxation id="318" taxation-threshold="20971520" timestamp="2019-06-15T02:19:02.488" intervalms="40.067" />
<cycle-start id="319" type="partial gc" contextid="0" timestamp="2019-06-15T02:19:02.489" intervalms="40.051" />
<gc-start id="320" type="partial gc" contextid="319" timestamp="2019-06-15T02:19:02.489">
  <mem-info id="321" free="10485760" total="57671680" percent="18">
    <mem type="eden" free="0" total="20971520" percent="0" />
    <remembered-set count="14720" freebytes="2243200" totalbytes="2302080" percent="97" regionsoverflowed="0" regionsstable="1" regionsrebuilding="0"/>
  </mem-info>
</gc-start>
<allocation-stats totalBytes="20968968" >
  <allocated-bytes non-tlh="0" tlh="20968968" arrayletleaf="0"/>
  <largest-consumer threadName="Thread-9" threadId="00000000022E3500" bytes="11008704" />
</allocation-stats>
<gc-op id="322" type="copy forward" timems="1.571" contextid="319" timestamp="2019-06-15T02:19:02.491">
  <memory-copied type="eden" objects="2306" bytes="56640" bytesdiscarded="0" />
  <memory-copied type="other" objects="3224" bytes="77376" bytesdiscarded="0" />
  <memory-cardclean objects="7626" bytes="389632" />
  <regions eden="20" other="1" />
  <remembered-set-cleared processed="12584" cleared="530" durationms="0.170" />
  <stringconstants candidates="4597" cleared="0"  />
</gc-op>
<gc-op id="323" type="classunload" timems="0.002" contextid="319" timestamp="2019-06-15T02:19:02.491">
  <classunload-info classloadercandidates="8" classloadersunloaded="0" classesunloaded="0" anonymousclassesunloaded="0" quiescems="0.000" setupms="0.002" scanms="0.000" postms="0.000" />
</gc-op>
<gc-end id="324" type="partial gc" contextid="319" durationms="2.494" usertimems="4.000" systemtimems="0.000" timestamp="2019-06-15T02:19:02.491" activeThreads="1">
  <mem-info id="325" free="30408704" total="57671680" percent="52">
    <mem type="eden" free="991936" total="1048576" percent="94" />
    <remembered-set count="15648" freebytes="2239488" totalbytes="2302080" percent="97" regionsoverflowed="0" regionsstable="1" regionsrebuilding="0"/>
  </mem-info>
</gc-end>
<cycle-end id="326" type="partial gc" contextid="319" timestamp="2019-06-15T02:19:02.492" />
  <attribute name="elasticGC enabled" value="1" />
  <attribute name= "numThreadsSpecified" value="1" />
  <attribute name="heapSize specified" value="0" />
  <attribute name="Current GC Util" value="95" />
  <attribute name= "Current Time Running" value="1534" />
  <attribute name ="GC Interval" value="0" />
  <attribute name="ProportionalT" value="37.500000" />
  <attribute name="ProportionalI" value="37.500000" />
  <attribute name="ProportionalH" value="37.500000" />
  <attribute name="Current Error" value="75.000000" />
  <attribute name="IntegralT" value="0.000000" />
  <attribute name="IntegralI" value="0.000000" />
  <attribute name="IntegralH" value="0.000000" />
  <attribute name="DerivativeT" value="inf" />
  <attribute name="DerivativeI" value="inf" />
  <attribute name="DerivativeH" value="inf" />
  <attribute name="Loop Time for DT" value="0.000000" />
  <attribute name="Output H" value="8388608"/>
  <attribute name="Output I" value="200"/>
  <attribute name="Output T" value="1"/>
  <attribute name="Target GC Util Change" value ="20.000000" />
  <attribute name="Current GC Util Change" value="95.000000"/>
  <attribute name="GC Util currently" value="95" />
  <attribute name="CPU Util currently" value="24039857249259" />
<exclusive-end id="327" timestamp="2019-06-15T02:19:02.492" durationms="3.502" />

<exclusive-start id="328" timestamp="2019-06-15T02:19:02.529" intervalms="41.108">
  <response-info timems="0.035" idlems="0.035" threads="0" lastid="00000000022E3500" lastname="Thread-9" />
</exclusive-start>
<allocation-taxation id="329" taxation-threshold="20971520" timestamp="2019-06-15T02:19:02.530" intervalms="41.127" />
<cycle-start id="330" type="partial gc" contextid="0" timestamp="2019-06-15T02:19:02.530" intervalms="41.119" />
<gc-start id="331" type="partial gc" contextid="330" timestamp="2019-06-15T02:19:02.530">
  <mem-info id="332" free="9437184" total="57671680" percent="16">
    <mem type="eden" free="0" total="20971520" percent="0" />
    <remembered-set count="15392" freebytes="2240512" totalbytes="2302080" percent="97" regionsoverflowed="0" regionsstable="1" regionsrebuilding="0"/>
  </mem-info>
</gc-start>
<allocation-stats totalBytes="20968776" >
  <allocated-bytes non-tlh="0" tlh="20968776" arrayletleaf="0"/>
  <largest-consumer threadName="Thread-9" threadId="00000000022E3500" bytes="10762976" />
</allocation-stats>
<gc-op id="333" type="copy forward" timems="1.659" contextid="330" timestamp="2019-06-15T02:19:02.532">
  <memory-copied type="eden" objects="2985" bytes="72776" bytesdiscarded="0" />
  <memory-copied type="other" objects="2052" bytes="49248" bytesdiscarded="0" />
  <memory-cardclean objects="7516" bytes="365152" />
  <regions eden="20" other="1" />
  <remembered-set-cleared processed="13358" cleared="698" durationms="0.190" />
  <stringconstants candidates="4597" cleared="0"  />
</gc-op>
<gc-op id="334" type="classunload" timems="0.004" contextid="330" timestamp="2019-06-15T02:19:02.532">
  <classunload-info classloadercandidates="8" classloadersunloaded="0" classesunloaded="0" anonymousclassesunloaded="0" quiescems="0.000" setupms="0.004" scanms="0.000" postms="0.000" />
</gc-op>
<gc-end id="335" type="partial gc" contextid="330" durationms="2.646" usertimems="8.000" systemtimems="0.000" timestamp="2019-06-15T02:19:02.533" activeThreads="1">
  <mem-info id="336" free="29360128" total="57671680" percent="50">
    <mem type="eden" free="975800" total="1048576" percent="93" />
    <remembered-set count="16256" freebytes="2237056" totalbytes="2302080" percent="97" regionsoverflowed="0" regionsstable="1" regionsrebuilding="0"/>
  </mem-info>
</gc-end>
<cycle-end id="337" type="partial gc" contextid="330" timestamp="2019-06-15T02:19:02.533" />
  <attribute name="elasticGC enabled" value="1" />
  <attribute name= "numThreadsSpecified" value="1" />
  <attribute name="heapSize specified" value="0" />
  <attribute name="Current GC Util" value="92" />
  <attribute name= "Current Time Running" value="1575" />
  <attribute name ="GC Interval" value="0" />
  <attribute name="ProportionalT" value="36.000000" />
  <attribute name="ProportionalI" value="36.000000" />
  <attribute name="ProportionalH" value="36.000000" />
  <attribute name="Current Error" value="72.000000" />
  <attribute name="IntegralT" value="0.000000" />
  <attribute name="IntegralI" value="0.000000" />
  <attribute name="IntegralH" value="0.000000" />
  <attribute name="DerivativeT" value="inf" />
  <attribute name="DerivativeI" value="inf" />
  <attribute name="DerivativeH" value="inf" />
  <attribute name="Loop Time for DT" value="0.000000" />
  <attribute name="Output H" value="8388608"/>
  <attribute name="Output I" value="200"/>
  <attribute name="Output T" value="1"/>
  <attribute name="Target GC Util Change" value ="20.000000" />
  <attribute name="Current GC Util Change" value="92.000000"/>
  <attribute name="GC Util currently" value="92" />
  <attribute name="CPU Util currently" value="23745139511402" />
<exclusive-end id="338" timestamp="2019-06-15T02:19:02.533" durationms="3.693" />

<exclusive-start id="339" timestamp="2019-06-15T02:19:02.571" intervalms="42.031">
  <response-info timems="0.036" idlems="0.036" threads="0" lastid="00000000022DBD00" lastname="Thread-10" />
</exclusive-start>
<allocation-taxation id="340" taxation-threshold="20971520" timestamp="2019-06-15T02:19:02.572" intervalms="41.997" />
<cycle-start id="341" type="partial gc" contextid="0" timestamp="2019-06-15T02:19:02.572" intervalms="41.953" />
<gc-start id="342" type="partial gc" contextid="341" timestamp="2019-06-15T02:19:02.572">
  <mem-info id="343" free="8388608" total="57671680" percent="14">
    <mem type="eden" free="0" total="20971520" percent="0" />
    <remembered-set count="16128" freebytes="2237568" totalbytes="2302080" percent="97" regionsoverflowed="0" regionsstable="1" regionsrebuilding="0"/>
  </mem-info>
</gc-start>
<allocation-stats totalBytes="20968616" >
  <allocated-bytes non-tlh="0" tlh="20968616" arrayletleaf="0"/>
  <largest-consumer threadName="Thread-9" threadId="00000000022E3500" bytes="9800336" />
</allocation-stats>
<gc-op id="344" type="copy forward" timems="2.289" contextid="341" timestamp="2019-06-15T02:19:02.575">
  <memory-copied type="eden" objects="12464" bytes="437880" bytesdiscarded="0" />
  <memory-copied type="other" objects="2766" bytes="66384" bytesdiscarded="0" />
  <memory-cardclean objects="7337" bytes="360208" />
  <regions eden="20" other="1" />
  <remembered-set-cleared processed="13986" cleared="813" durationms="0.183" />
  <stringconstants candidates="4597" cleared="0"  />
</gc-op>
<gc-op id="345" type="classunload" timems="0.003" contextid="341" timestamp="2019-06-15T02:19:02.575">
  <classunload-info classloadercandidates="8" classloadersunloaded="0" classesunloaded="0" anonymousclassesunloaded="0" quiescems="0.000" setupms="0.003" scanms="0.000" postms="0.000" />
</gc-op>
<gc-op id="346" type="compact" timems="0.704" contextid="341" timestamp="2019-06-15T02:19:02.576">
  <compact-info movecount="0" movebytes="0" />
  <remembered-set-cleared processed="29155" cleared="813" durationms="0.183" />
</gc-op>
<gc-end id="347" type="partial gc" contextid="341" durationms="4.086" usertimems="12.000" systemtimems="0.000" timestamp="2019-06-15T02:19:02.576" activeThreads="4">
  <mem-info id="348" free="28311552" total="57671680" percent="49">
    <mem type="eden" free="610696" total="1048576" percent="58" />
    <remembered-set count="16832" freebytes="2234752" totalbytes="2302080" percent="97" regionsoverflowed="0" regionsstable="1" regionsrebuilding="0"/>
  </mem-info>
</gc-end>
<cycle-end id="349" type="partial gc" contextid="341" timestamp="2019-06-15T02:19:02.576" />
  <attribute name="elasticGC enabled" value="1" />
  <attribute name= "numThreadsSpecified" value="4" />
  <attribute name="heapSize specified" value="0" />
  <attribute name="Current GC Util" value="0" />
  <attribute name= "Current Time Running" value="1620" />
  <attribute name ="GC Interval" value="0" />
  <attribute name="ProportionalT" value="-10.000000" />
  <attribute name="ProportionalI" value="-10.000000" />
  <attribute name="ProportionalH" value="-10.000000" />
  <attribute name="Current Error" value="-20.000000" />
  <attribute name="IntegralT" value="-60.000000" />
  <attribute name="IntegralI" value="-60.000000" />
  <attribute name="IntegralH" value="-60.000000" />
  <attribute name="DerivativeT" value="-27.333333" />
  <attribute name="DerivativeI" value="-27.333333" />
  <attribute name="DerivativeH" value="-27.333333" />
  <attribute name="Loop Time for DT" value="3.000000" />
  <attribute name="Output H" value="2091843584"/>
  <attribute name="Output I" value="200"/>
  <attribute name="Output T" value="4"/>
  <attribute name="Target GC Util Change" value ="20.000000" />
  <attribute name="Current GC Util Change" value="0.000000"/>
  <attribute name="GC Util currently" value="0" />
  <attribute name="CPU Util currently" value="1758488761808" />
<exclusive-end id="350" timestamp="2019-06-15T02:19:02.576" durationms="4.942" />

<exclusive-start id="351" timestamp="2019-06-15T02:19:02.610" intervalms="38.641">
  <response-info timems="6.965" idlems="3.511" threads="1" lastid="00000000022DF900" lastname="Thread-7" />
</exclusive-start>
<allocation-taxation id="352" taxation-threshold="20971520" timestamp="2019-06-15T02:19:02.610" intervalms="38.714" />
<cycle-start id="353" type="partial gc" contextid="0" timestamp="2019-06-15T02:19:02.610" intervalms="38.821" />
<gc-start id="354" type="partial gc" contextid="353" timestamp="2019-06-15T02:19:02.611">
  <mem-info id="355" free="7340032" total="57671680" percent="12">
    <mem type="eden" free="0" total="20971520" percent="0" />
    <remembered-set count="16256" freebytes="2237056" totalbytes="2302080" percent="97" regionsoverflowed="0" regionsstable="2" regionsrebuilding="0"/>
  </mem-info>
</gc-start>
<allocation-stats totalBytes="20968752" >
  <allocated-bytes non-tlh="0" tlh="20968752" arrayletleaf="0"/>
  <largest-consumer threadName="Thread-10" threadId="00000000022DBD00" bytes="6712368" />
</allocation-stats>
<gc-op id="356" type="copy forward" timems="2.444" contextid="353" timestamp="2019-06-15T02:19:02.614">
  <memory-copied type="eden" objects="15342" bytes="644384" bytesdiscarded="0" />
  <memory-copied type="other" objects="2994" bytes="71856" bytesdiscarded="0" />
  <memory-cardclean objects="5153" bytes="259648" />
  <regions eden="20" other="1" />
  <remembered-set-cleared processed="14716" cleared="699" durationms="0.202" />
  <stringconstants candidates="4597" cleared="0"  />
</gc-op>
<gc-op id="357" type="classunload" timems="0.002" contextid="353" timestamp="2019-06-15T02:19:02.614">
  <classunload-info classloadercandidates="8" classloadersunloaded="0" classesunloaded="0" anonymousclassesunloaded="0" quiescems="0.000" setupms="0.002" scanms="0.000" postms="0.000" />
</gc-op>
<gc-op id="358" type="compact" timems="0.961" contextid="353" timestamp="2019-06-15T02:19:02.616">
  <compact-info movecount="0" movebytes="0" />
  <remembered-set-cleared processed="30185" cleared="699" durationms="0.202" />
</gc-op>
<gc-end id="359" type="partial gc" contextid="353" durationms="4.949" usertimems="8.000" systemtimems="0.000" timestamp="2019-06-15T02:19:02.616" activeThreads="4">
  <mem-info id="360" free="27262976" total="57671680" percent="47">
    <mem type="eden" free="404192" total="1048576" percent="38" />
    <remembered-set count="16160" freebytes="2237440" totalbytes="2302080" percent="97" regionsoverflowed="0" regionsstable="2" regionsrebuilding="0"/>
  </mem-info>
</gc-end>
<cycle-end id="361" type="partial gc" contextid="353" timestamp="2019-06-15T02:19:02.616" />
  <attribute name="elasticGC enabled" value="1" />
  <attribute name= "numThreadsSpecified" value="4" />
  <attribute name="heapSize specified" value="0" />
  <attribute name="Current GC Util" value="0" />
  <attribute name= "Current Time Running" value="1659" />
  <attribute name ="GC Interval" value="0" />
  <attribute name="ProportionalT" value="-10.000000" />
  <attribute name="ProportionalI" value="-10.000000" />
  <attribute name="ProportionalH" value="-10.000000" />
  <attribute name="Current Error" value="-20.000000" />
  <attribute name="IntegralT" value="-60.000000" />
  <attribute name="IntegralI" value="-60.000000" />
  <attribute name="IntegralH" value="-60.000000" />
  <attribute name="DerivativeT" value="-23.666667" />
  <attribute name="DerivativeI" value="-23.666667" />
  <attribute name="DerivativeH" value="-23.666667" />
  <attribute name="Loop Time for DT" value="3.000000" />
  <attribute name="Output H" value="2091843584"/>
  <attribute name="Output I" value="200"/>
  <attribute name="Output T" value="4"/>
  <attribute name="Target GC Util Change" value ="20.000000" />
  <attribute name="Current GC Util Change" value="0.000000"/>
  <attribute name="GC Util currently" value="0" />
  <attribute name="CPU Util currently" value="1602843752116" />
<exclusive-end id="362" timestamp="2019-06-15T02:19:02.616" durationms="6.179" />

<exclusive-start id="363" timestamp="2019-06-15T02:19:02.641" intervalms="31.312">
  <response-info timems="0.151" idlems="0.151" threads="0" lastid="00000000022DF900" lastname="Thread-7" />
</exclusive-start>
<allocation-taxation id="364" taxation-threshold="20971520" timestamp="2019-06-15T02:19:02.642" intervalms="32.210" />
<cycle-start id="365" type="partial gc" contextid="0" timestamp="2019-06-15T02:19:02.643" intervalms="32.200" />
<gc-start id="366" type="partial gc" contextid="365" timestamp="2019-06-15T02:19:02.643">
  <mem-info id="367" free="6291456" total="57671680" percent="10">
    <mem type="eden" free="0" total="20971520" percent="0" />
    <remembered-set count="16160" freebytes="2237440" totalbytes="2302080" percent="97" regionsoverflowed="0" regionsstable="2" regionsrebuilding="0"/>
  </mem-info>
</gc-start>
<allocation-stats totalBytes="20968680" >
  <allocated-bytes non-tlh="0" tlh="20968680" arrayletleaf="0"/>
  <largest-consumer threadName="Thread-10" threadId="00000000022DBD00" bytes="6904960" />
</allocation-stats>
<gc-op id="368" type="copy forward" timems="2.550" contextid="365" timestamp="2019-06-15T02:19:02.646">
  <memory-copied type="eden" objects="3958" bytes="96368" bytesdiscarded="0" />
  <memory-copied type="other" objects="15063" bytes="636264" bytesdiscarded="0" />
  <memory-cardclean objects="3729" bytes="187648" />
  <regions eden="20" other="1" />
  <remembered-set-cleared processed="15227" cleared="523" durationms="0.203" />
  <stringconstants candidates="4597" cleared="0"  />
</gc-op>
<gc-op id="369" type="classunload" timems="0.002" contextid="365" timestamp="2019-06-15T02:19:02.647">
  <classunload-info classloadercandidates="8" classloadersunloaded="0" classesunloaded="0" anonymousclassesunloaded="0" quiescems="0.000" setupms="0.002" scanms="0.000" postms="0.000" />
</gc-op>
<gc-op id="370" type="compact" timems="0.878" contextid="365" timestamp="2019-06-15T02:19:02.648">
  <compact-info movecount="0" movebytes="0" />
  <remembered-set-cleared processed="31516" cleared="523" durationms="0.203" />
</gc-op>
<gc-end id="371" type="partial gc" contextid="365" durationms="4.860" usertimems="4.000" systemtimems="0.000" timestamp="2019-06-15T02:19:02.648" activeThreads="4">
  <mem-info id="372" free="26214400" total="57671680" percent="45">
    <mem type="eden" free="952208" total="1048576" percent="90" />
    <remembered-set count="17472" freebytes="2232192" totalbytes="2302080" percent="96" regionsoverflowed="0" regionsstable="2" regionsrebuilding="0"/>
  </mem-info>
</gc-end>
<cycle-end id="373" type="partial gc" contextid="365" timestamp="2019-06-15T02:19:02.648" />
  <attribute name="elasticGC enabled" value="1" />
  <attribute name= "numThreadsSpecified" value="4" />
  <attribute name="heapSize specified" value="0" />
  <attribute name="Current GC Util" value="0" />
  <attribute name= "Current Time Running" value="1691" />
  <attribute name ="GC Interval" value="0" />
  <attribute name="ProportionalT" value="-10.000000" />
  <attribute name="ProportionalI" value="-10.000000" />
  <attribute name="ProportionalH" value="-10.000000" />
  <attribute name="Current Error" value="-20.000000" />
  <attribute name="IntegralT" value="-60.000000" />
  <attribute name="IntegralI" value="-60.000000" />
  <attribute name="IntegralH" value="-60.000000" />
  <attribute name="DerivativeT" value="-21.333333" />
  <attribute name="DerivativeI" value="-21.333333" />
  <attribute name="DerivativeH" value="-21.333333" />
  <attribute name="Loop Time for DT" value="3.000000" />
  <attribute name="Output H" value="2091843584"/>
  <attribute name="Output I" value="200"/>
  <attribute name="Output T" value="4"/>
  <attribute name="Target GC Util Change" value ="20.000000" />
  <attribute name="Current GC Util Change" value="0.000000"/>
  <attribute name="GC Util currently" value="0" />
  <attribute name="CPU Util currently" value="1551942639839" />
<exclusive-end id="374" timestamp="2019-06-15T02:19:02.648" durationms="7.043" />

<exclusive-start id="375" timestamp="2019-06-15T02:19:02.671" intervalms="29.557">
  <response-info timems="0.132" idlems="0.132" threads="0" lastid="00000000022E3500" lastname="Thread-9" />
</exclusive-start>
<allocation-taxation id="376" taxation-threshold="20971520" timestamp="2019-06-15T02:19:02.671" intervalms="28.602" />
<cycle-start id="377" type="partial gc" contextid="0" timestamp="2019-06-15T02:19:02.671" intervalms="28.544" />
<gc-start id="378" type="partial gc" contextid="377" timestamp="2019-06-15T02:19:02.672">
  <mem-info id="379" free="5242880" total="57671680" percent="9">
    <mem type="eden" free="0" total="20971520" percent="0" />
    <remembered-set count="17472" freebytes="2232192" totalbytes="2302080" percent="96" regionsoverflowed="0" regionsstable="2" regionsrebuilding="0"/>
  </mem-info>
</gc-start>
<allocation-stats totalBytes="20968632" >
  <allocated-bytes non-tlh="0" tlh="20968632" arrayletleaf="0"/>
  <largest-consumer threadName="Thread-10" threadId="00000000022DBD00" bytes="7994384" />
</allocation-stats>
<gc-op id="380" type="copy forward" timems="1.543" contextid="377" timestamp="2019-06-15T02:19:02.674">
  <memory-copied type="eden" objects="2981" bytes="72512" bytesdiscarded="3672" />
  <memory-copied type="other" objects="3682" bytes="88368" bytesdiscarded="528" />
  <memory-cardclean objects="8316" bytes="445648" />
  <regions eden="20" other="1" />
  <remembered-set-cleared processed="15672" cleared="637" durationms="0.112" />
  <stringconstants candidates="4597" cleared="0"  />
</gc-op>
<gc-op id="381" type="classunload" timems="0.003" contextid="377" timestamp="2019-06-15T02:19:02.674">
  <classunload-info classloadercandidates="8" classloadersunloaded="0" classesunloaded="0" anonymousclassesunloaded="0" quiescems="0.000" setupms="0.003" scanms="0.000" postms="0.000" />
</gc-op>
<gc-op id="382" type="compact" timems="0.826" contextid="377" timestamp="2019-06-15T02:19:02.675">
  <compact-info movecount="0" movebytes="0" />
  <remembered-set-cleared processed="32583" cleared="637" durationms="0.112" />
</gc-op>
<heap-resize id="383" type="expand" space="default" amount="10485760" count="1" timems="0.107" reason="excessive time being spent in gc" timestamp="2019-06-15T02:19:02.675" />
<gc-end id="384" type="partial gc" contextid="377" durationms="3.843" usertimems="4.000" systemtimems="4.000" timestamp="2019-06-15T02:19:02.675" activeThreads="4">
  <mem-info id="385" free="35651584" total="68157440" percent="52">
    <mem type="eden" free="972392" total="1048576" percent="92" />
    <remembered-set count="17824" freebytes="2649344" totalbytes="2720640" percent="97" regionsoverflowed="0" regionsstable="2" regionsrebuilding="0"/>
  </mem-info>
</gc-end>
<cycle-end id="386" type="partial gc" contextid="377" timestamp="2019-06-15T02:19:02.676" />
  <attribute name="elasticGC enabled" value="1" />
  <attribute name= "numThreadsSpecified" value="4" />
  <attribute name="heapSize specified" value="0" />
  <attribute name="Current GC Util" value="131" />
  <attribute name= "Current Time Running" value="1719" />
  <attribute name ="GC Interval" value="0" />
  <attribute name="ProportionalT" value="55.500000" />
  <attribute name="ProportionalI" value="55.500000" />
  <attribute name="ProportionalH" value="55.500000" />
  <attribute name="Current Error" value="111.000000" />
  <attribute name="IntegralT" value="222.000000" />
  <attribute name="IntegralI" value="222.000000" />
  <attribute name="IntegralH" value="222.000000" />
  <attribute name="DerivativeT" value="39.000000" />
  <attribute name="DerivativeI" value="39.000000" />
  <attribute name="DerivativeH" value="39.000000" />
  <attribute name="Loop Time for DT" value="2.000000" />
  <attribute name="Output H" value="8388608"/>
  <attribute name="Output I" value="320"/>
  <attribute name="Output T" value="4"/>
  <attribute name="Target GC Util Change" value ="20.000000" />
  <attribute name="Current GC Util Change" value="131.000000"/>
  <attribute name="GC Util currently" value="131" />
  <attribute name="CPU Util currently" value="2515764703829" />
<exclusive-end id="387" timestamp="2019-06-15T02:19:02.676" durationms="4.834" />

<exclusive-start id="388" timestamp="2019-06-15T02:19:02.687" intervalms="15.935">
  <response-info timems="0.026" idlems="0.026" threads="0" lastid="00000000022E7100" lastname="Thread-8" />
</exclusive-start>
<allocation-taxation id="389" taxation-threshold="11534336" timestamp="2019-06-15T02:19:02.687" intervalms="15.892" />
<cycle-start id="390" type="global mark phase" contextid="0" timestamp="2019-06-15T02:19:02.687" intervalms="890.343" />
<gc-start id="391" type="global mark phase" contextid="390" timestamp="2019-06-15T02:19:02.687">
  <mem-info id="392" free="24117248" total="68157440" percent="35">
    <remembered-set count="17824" freebytes="2649344" totalbytes="2720640" percent="97" regionsoverflowed="0" regionsstable="2" regionsrebuilding="0"/>
  </mem-info>
</gc-start>
<gc-op id="393" type="mark increment" timems="0.523" contextid="390" timestamp="2019-06-15T02:19:02.688">
  <trace-info objectcount="230" scancount="0" scanbytes="0" />
</gc-op>
<gc-end id="394" type="global mark phase" contextid="390" durationms="0.731" usertimems="4.000" systemtimems="0.000" timestamp="2019-06-15T02:19:02.688" activeThreads="1">
  <mem-info id="395" free="24117248" total="68157440" percent="35">
    <remembered-set count="17824" freebytes="2649344" totalbytes="2720640" percent="97" regionsoverflowed="0" regionsstable="0" regionsrebuilding="2"/>
  </mem-info>
</gc-end>
<concurrent-start id="396" type="GMP work packet processing" contextid="390" timestamp="2019-06-15T02:19:02.688">
  <concurrent-mark-start scanTarget="2086023" />
</concurrent-start>
<exclusive-end id="397" timestamp="2019-06-15T02:19:02.689" durationms="2.492" />

<concurrent-end id="398" type="GMP work packet processing" contextid="390" timestamp="2019-06-15T02:19:02.689">
  <concurrent-mark-end bytesScanned="2123140" reasonForTermination="Work target met" />
</concurrent-end>

<exclusive-start id="399" timestamp="2019-06-15T02:19:02.697" intervalms="9.682">
  <response-info timems="0.040" idlems="0.040" threads="0" lastid="00000000022E7100" lastname="Thread-8" />
</exclusive-start>
<allocation-taxation id="400" taxation-threshold="11534336" timestamp="2019-06-15T02:19:02.697" intervalms="9.648" />
<cycle-start id="401" type="partial gc" contextid="0" timestamp="2019-06-15T02:19:02.697" intervalms="25.493" />
<gc-start id="402" type="partial gc" contextid="401" timestamp="2019-06-15T02:19:02.697">
  <mem-info id="403" free="12582912" total="68157440" percent="18">
    <mem type="eden" free="0" total="23068672" percent="0" />
    <remembered-set count="20160" freebytes="2640000" totalbytes="2720640" percent="97" regionsoverflowed="0" regionsstable="0" regionsrebuilding="2"/>
  </mem-info>
</gc-start>
<allocation-stats totalBytes="23065720" >
  <allocated-bytes non-tlh="0" tlh="23065720" arrayletleaf="0"/>
  <largest-consumer threadName="Thread-10" threadId="00000000022DBD00" bytes="4062832" />
</allocation-stats>
<gc-op id="404" type="copy forward" timems="3.158" contextid="401" timestamp="2019-06-15T02:19:02.701">
  <memory-copied type="eden" objects="20529" bytes="906192" bytesdiscarded="0" />
  <memory-copied type="other" objects="2791" bytes="66984" bytesdiscarded="0" />
  <memory-cardclean objects="5494" bytes="280336" />
  <regions eden="22" other="1" />
  <remembered-set-cleared processed="17634" cleared="771" durationms="0.214" />
  <stringconstants candidates="4597" cleared="0"  />
</gc-op>
<gc-op id="405" type="classunload" timems="0.002" contextid="401" timestamp="2019-06-15T02:19:02.701">
  <classunload-info classloadercandidates="8" classloadersunloaded="0" classesunloaded="0" anonymousclassesunloaded="0" quiescems="0.000" setupms="0.002" scanms="0.000" postms="0.000" />
</gc-op>
<gc-op id="406" type="compact" timems="0.960" contextid="401" timestamp="2019-06-15T02:19:02.702">
  <compact-info movecount="0" movebytes="0" />
  <remembered-set-cleared processed="36184" cleared="771" durationms="0.214" />
</gc-op>
<heap-resize id="407" type="expand" space="default" amount="12582912" count="1" timems="0.116" reason="excessive time being spent in gc" timestamp="2019-06-15T02:19:02.702" />
<gc-end id="408" type="partial gc" contextid="401" durationms="5.564" usertimems="4.000" systemtimems="0.000" timestamp="2019-06-15T02:19:02.702" activeThreads="4">
  <mem-info id="409" free="47185920" total="80740352" percent="58">
    <mem type="eden" free="142384" total="1048576" percent="13" />
    <remembered-set count="19968" freebytes="3143040" totalbytes="3222912" percent="97" regionsoverflowed="0" regionsstable="0" regionsrebuilding="2"/>
  </mem-info>
</gc-end>
<cycle-end id="410" type="partial gc" contextid="401" timestamp="2019-06-15T02:19:02.703" />
  <attribute name="elasticGC enabled" value="1" />
  <attribute name= "numThreadsSpecified" value="4" />
  <attribute name="heapSize specified" value="0" />
  <attribute name="Current GC Util" value="0" />
  <attribute name= "Current Time Running" value="1745" />
  <attribute name ="GC Interval" value="0" />
  <attribute name="ProportionalT" value="-10.000000" />
  <attribute name="ProportionalI" value="-10.000000" />
  <attribute name="ProportionalH" value="-10.000000" />
  <attribute name="Current Error" value="-20.000000" />
  <attribute name="IntegralT" value="-60.000000" />
  <attribute name="IntegralI" value="-60.000000" />
  <attribute name="IntegralH" value="-60.000000" />
  <attribute name="DerivativeT" value="-22.666667" />
  <attribute name="DerivativeI" value="-22.666667" />
  <attribute name="DerivativeH" value="-22.666667" />
  <attribute name="Loop Time for DT" value="3.000000" />
  <attribute name="Output H" value="2091843584"/>
  <attribute name="Output I" value="200"/>
  <attribute name="Output T" value="4"/>
  <attribute name="Target GC Util Change" value ="20.000000" />
  <attribute name="Current GC Util Change" value="0.000000"/>
  <attribute name="GC Util currently" value="0" />
  <attribute name="CPU Util currently" value="1301861635001" />
<exclusive-end id="411" timestamp="2019-06-15T02:19:02.703" durationms="6.240" />

<exclusive-start id="412" timestamp="2019-06-15T02:19:02.712" intervalms="15.236">
  <response-info timems="0.025" idlems="0.025" threads="0" lastid="00000000022DBD00" lastname="Thread-10" />
</exclusive-start>
<allocation-taxation id="413" taxation-threshold="13631488" timestamp="2019-06-15T02:19:02.712" intervalms="15.321" />
<gc-start id="414" type="global mark phase" contextid="390" timestamp="2019-06-15T02:19:02.712">
  <mem-info id="415" free="33554432" total="80740352" percent="41">
    <remembered-set count="19968" freebytes="3143040" totalbytes="3222912" percent="97" regionsoverflowed="0" regionsstable="0" regionsrebuilding="2"/>
  </mem-info>
</gc-start>
<gc-end id="416" type="global mark phase" contextid="390" durationms="0.132" usertimems="0.000" systemtimems="0.000" timestamp="2019-06-15T02:19:02.712" activeThreads="4">
  <mem-info id="417" free="33554432" total="80740352" percent="41">
    <remembered-set count="19968" freebytes="3143040" totalbytes="3222912" percent="97" regionsoverflowed="0" regionsstable="0" regionsrebuilding="2"/>
  </mem-info>
</gc-end>
<concurrent-start id="418" type="GMP work packet processing" contextid="390" timestamp="2019-06-15T02:19:02.712">
  <concurrent-mark-start scanTarget="1192013" />
</concurrent-start>
<exclusive-end id="419" timestamp="2019-06-15T02:19:02.713" durationms="0.793" />

<concurrent-end id="420" type="GMP work packet processing" contextid="390" timestamp="2019-06-15T02:19:02.713">
  <concurrent-mark-end bytesScanned="155352" reasonForTermination="Completed all work in GC phase" />
</concurrent-end>

<exclusive-start id="421" timestamp="2019-06-15T02:19:02.721" intervalms="9.750">
  <response-info timems="0.027" idlems="0.027" threads="0" lastid="00000000022DBD00" lastname="Thread-10" />
</exclusive-start>
<allocation-taxation id="422" taxation-threshold="13631488" timestamp="2019-06-15T02:19:02.722" intervalms="9.672" />
<cycle-start id="423" type="partial gc" contextid="0" timestamp="2019-06-15T02:19:02.722" intervalms="25.032" />
<gc-start id="424" type="partial gc" contextid="423" timestamp="2019-06-15T02:19:02.722">
  <mem-info id="425" free="19922944" total="80740352" percent="24">
    <mem type="eden" free="0" total="27262976" percent="0" />
    <remembered-set count="20000" freebytes="3142912" totalbytes="3222912" percent="97" regionsoverflowed="0" regionsstable="0" regionsrebuilding="2"/>
  </mem-info>
</gc-start>
<allocation-stats totalBytes="27259472" >
  <allocated-bytes non-tlh="0" tlh="27259472" arrayletleaf="0"/>
  <largest-consumer threadName="Thread-10" threadId="00000000022DBD00" bytes="3931728" />
</allocation-stats>
<gc-op id="426" type="copy forward" timems="2.879" contextid="423" timestamp="2019-06-15T02:19:02.726">
  <memory-copied type="eden" objects="2047" bytes="50568" bytesdiscarded="0" />
  <memory-copied type="other" objects="20235" bytes="897768" bytesdiscarded="0" />
  <memory-cardclean objects="1919" bytes="108856" />
  <regions eden="26" other="1" />
  <remembered-set-cleared processed="18472" cleared="557" durationms="0.239" />
  <stringconstants candidates="4597" cleared="0"  />
</gc-op>
<gc-op id="427" type="classunload" timems="0.003" contextid="423" timestamp="2019-06-15T02:19:02.726">
  <classunload-info classloadercandidates="8" classloadersunloaded="0" classesunloaded="0" anonymousclassesunloaded="0" quiescems="0.000" setupms="0.002" scanms="0.000" postms="0.000" />
</gc-op>
<heap-resize id="428" type="expand" space="default" amount="6291456" count="1" timems="0.082" reason="excessive time being spent in gc" timestamp="2019-06-15T02:19:02.726" />
<gc-end id="429" type="partial gc" contextid="423" durationms="4.207" usertimems="4.000" systemtimems="0.000" timestamp="2019-06-15T02:19:02.726" activeThreads="1">
  <mem-info id="430" free="52428800" total="87031808" percent="60">
    <mem type="eden" free="998008" total="1048576" percent="95" />
    <remembered-set count="20832" freebytes="3390720" totalbytes="3474048" percent="97" regionsoverflowed="0" regionsstable="0" regionsrebuilding="2"/>
  </mem-info>
</gc-end>
<cycle-end id="431" type="partial gc" contextid="423" timestamp="2019-06-15T02:19:02.726" />
  <attribute name="elasticGC enabled" value="1" />
  <attribute name= "numThreadsSpecified" value="1" />
  <attribute name="heapSize specified" value="0" />
  <attribute name="Current GC Util" value="68" />
  <attribute name= "Current Time Running" value="1767" />
  <attribute name ="GC Interval" value="0" />
  <attribute name="ProportionalT" value="24.000000" />
  <attribute name="ProportionalI" value="24.000000" />
  <attribute name="ProportionalH" value="24.000000" />
  <attribute name="Current Error" value="48.000000" />
  <attribute name="IntegralT" value="0.000000" />
  <attribute name="IntegralI" value="0.000000" />
  <attribute name="IntegralH" value="0.000000" />
  <attribute name="DerivativeT" value="inf" />
  <attribute name="DerivativeI" value="inf" />
  <attribute name="DerivativeH" value="inf" />
  <attribute name="Loop Time for DT" value="0.000000" />
  <attribute name="Output H" value="8388608"/>
  <attribute name="Output I" value="200"/>
  <attribute name="Output T" value="1"/>
  <attribute name="Target GC Util Change" value ="20.000000" />
  <attribute name="Current GC Util Change" value="68.000000"/>
  <attribute name="GC Util currently" value="68" />
  <attribute name="CPU Util currently" value="19615598331200" />
<exclusive-end id="432" timestamp="2019-06-15T02:19:02.727" durationms="5.071" />

<exclusive-start id="433" timestamp="2019-06-15T02:19:02.736" intervalms="14.093">
  <response-info timems="0.024" idlems="0.024" threads="0" lastid="00000000022E7100" lastname="Thread-8" />
</exclusive-start>
<allocation-taxation id="434" taxation-threshold="13631488" timestamp="2019-06-15T02:19:02.736" intervalms="14.135" />
<gc-start id="435" type="global mark phase" contextid="390" timestamp="2019-06-15T02:19:02.736">
  <mem-info id="436" free="38797312" total="87031808" percent="44">
    <remembered-set count="20672" freebytes="3391360" totalbytes="3474048" percent="97" regionsoverflowed="0" regionsstable="0" regionsrebuilding="2"/>
  </mem-info>
</gc-start>
<gc-op id="437" type="mark increment" timems="1.062" contextid="390" timestamp="2019-06-15T02:19:02.737">
  <trace-info objectcount="5229" scancount="5229" scanbytes="134524" />
  <cardclean-info objects="9846" bytes="533224" />
  <finalization candidates="124" enqueued="0" />
  <ownableSynchronizers candidates="3" cleared="0" />
  <references type="soft" candidates="149" cleared="0" enqueued="0" dynamicThreshold="19" maxThreshold="32" />
  <references type="weak" candidates="773" cleared="0" enqueued="0" />
  <references type="phantom" candidates="64" cleared="0" enqueued="0" />
  <stringconstants candidates="4597" cleared="0"  />
</gc-op>
<gc-op id="438" type="classunload" timems="0.003" contextid="390" timestamp="2019-06-15T02:19:02.737">
  <classunload-info classloadercandidates="8" classloadersunloaded="0" classesunloaded="0" anonymousclassesunloaded="0" quiescems="0.000" setupms="0.003" scanms="0.000" postms="0.000" />
</gc-op>
<gc-end id="439" type="global mark phase" contextid="390" durationms="1.488" usertimems="0.000" systemtimems="0.000" timestamp="2019-06-15T02:19:02.737" activeThreads="1">
  <mem-info id="440" free="38797312" total="87031808" percent="44">
    <remembered-set count="21184" freebytes="3389312" totalbytes="3474048" percent="97" regionsoverflowed="0" regionsstable="0" regionsrebuilding="0"/>
  </mem-info>
</gc-end>
<cycle-end id="441" type="global mark phase" contextid="390" timestamp="2019-06-15T02:19:02.738" />
  <attribute name="elasticGC enabled" value="1" />
  <attribute name= "numThreadsSpecified" value="1" />
  <attribute name="heapSize specified" value="0" />
  <attribute name="Current GC Util" value="90" />
  <attribute name= "Current Time Running" value="1781" />
  <attribute name ="GC Interval" value="0" />
  <attribute name="ProportionalT" value="35.000000" />
  <attribute name="ProportionalI" value="35.000000" />
  <attribute name="ProportionalH" value="35.000000" />
  <attribute name="Current Error" value="70.000000" />
  <attribute name="IntegralT" value="0.000000" />
  <attribute name="IntegralI" value="0.000000" />
  <attribute name="IntegralH" value="0.000000" />
  <attribute name="DerivativeT" value="inf" />
  <attribute name="DerivativeI" value="inf" />
  <attribute name="DerivativeH" value="inf" />
  <attribute name="Loop Time for DT" value="0.000000" />
  <attribute name="Output H" value="8388608"/>
  <attribute name="Output I" value="200"/>
  <attribute name="Output T" value="1"/>
  <attribute name="Target GC Util Change" value ="20.000000" />
  <attribute name="Current GC Util Change" value="90.000000"/>
  <attribute name="GC Util currently" value="90" />
  <attribute name="CPU Util currently" value="23022285084179" />
<exclusive-end id="442" timestamp="2019-06-15T02:19:02.738" durationms="2.072" />

<exclusive-start id="443" timestamp="2019-06-15T02:19:02.746" intervalms="10.794">
  <response-info timems="0.023" idlems="0.023" threads="0" lastid="00000000022DBD00" lastname="Thread-10" />
</exclusive-start>
<allocation-taxation id="444" taxation-threshold="13631488" timestamp="2019-06-15T02:19:02.747" intervalms="10.749" />
<cycle-start id="445" type="partial gc" contextid="0" timestamp="2019-06-15T02:19:02.747" intervalms="24.865" />
<gc-start id="446" type="partial gc" contextid="445" timestamp="2019-06-15T02:19:02.747">
  <mem-info id="447" free="25165824" total="87031808" percent="28">
    <mem type="eden" free="0" total="27262976" percent="0" />
    <remembered-set count="20576" freebytes="3391744" totalbytes="3474048" percent="97" regionsoverflowed="0" regionsstable="1" regionsrebuilding="0"/>
  </mem-info>
</gc-start>
<allocation-stats totalBytes="27259352" >
  <allocated-bytes non-tlh="0" tlh="27259352" arrayletleaf="0"/>
  <largest-consumer threadName="Thread-10" threadId="00000000022DBD00" bytes="3669424" />
</allocation-stats>
<gc-op id="448" type="sweep" timems="0.480" contextid="445" timestamp="2019-06-15T02:19:02.748" />
<gc-op id="449" type="copy forward" timems="1.527" contextid="445" timestamp="2019-06-15T02:19:02.750">
  <memory-copied type="eden" objects="1252" bytes="31568" bytesdiscarded="370" />
  <memory-copied type="other" objects="2819" bytes="67656" bytesdiscarded="862" />
  <memory-cardclean objects="6057" bytes="348304" />
  <regions eden="13" other="15" />
  <remembered-set-cleared processed="8471" cleared="3618" durationms="0.094" />
  <stringconstants candidates="4597" cleared="0"  />
</gc-op>
<gc-op id="450" type="classunload" timems="0.002" contextid="445" timestamp="2019-06-15T02:19:02.750">
  <classunload-info classloadercandidates="8" classloadersunloaded="0" classesunloaded="0" anonymousclassesunloaded="0" quiescems="0.000" setupms="0.002" scanms="0.000" postms="0.000" />
</gc-op>
<gc-end id="451" type="partial gc" contextid="445" durationms="3.058" usertimems="4.000" systemtimems="0.000" timestamp="2019-06-15T02:19:02.750" activeThreads="4">
  <mem-info id="452" free="71303168" total="87031808" percent="81">
    <mem type="eden" free="2043216" total="2097152" percent="97" />
    <remembered-set count="8352" freebytes="3440640" totalbytes="3474048" percent="99" regionsoverflowed="0" regionsstable="1" regionsrebuilding="0"/>
  </mem-info>
</gc-end>
<cycle-end id="453" type="partial gc" contextid="445" timestamp="2019-06-15T02:19:02.750" />
  <attribute name="elasticGC enabled" value="1" />
  <attribute name= "numThreadsSpecified" value="4" />
  <attribute name="heapSize specified" value="0" />
  <attribute name="Current GC Util" value="0" />
  <attribute name= "Current Time Running" value="1792" />
  <attribute name ="GC Interval" value="0" />
  <attribute name="ProportionalT" value="-10.000000" />
  <attribute name="ProportionalI" value="-10.000000" />
  <attribute name="ProportionalH" value="-10.000000" />
  <attribute name="Current Error" value="-20.000000" />
  <attribute name="IntegralT" value="0.000000" />
  <attribute name="IntegralI" value="0.000000" />
  <attribute name="IntegralH" value="0.000000" />
  <attribute name="DerivativeT" value="-inf" />
  <attribute name="DerivativeI" value="-inf" />
  <attribute name="DerivativeH" value="-inf" />
  <attribute name="Loop Time for DT" value="0.000000" />
  <attribute name="Output H" value="2091843584"/>
  <attribute name="Output I" value="200"/>
  <attribute name="Output T" value="4"/>
  <attribute name="Target GC Util Change" value ="20.000000" />
  <attribute name="Current GC Util Change" value="0.000000"/>
  <attribute name="GC Util currently" value="0" />
  <attribute name="CPU Util currently" value="36975722120492" />
<exclusive-end id="454" timestamp="2019-06-15T02:19:02.750" durationms="3.848" />

<exclusive-start id="455" timestamp="2019-06-15T02:19:02.770" intervalms="23.462">
  <response-info timems="0.023" idlems="0.023" threads="0" lastid="00000000022DBD00" lastname="Thread-10" />
</exclusive-start>
<allocation-taxation id="456" taxation-threshold="28311552" timestamp="2019-06-15T02:19:02.770" intervalms="23.552" />
<cycle-start id="457" type="partial gc" contextid="0" timestamp="2019-06-15T02:19:02.770" intervalms="23.596" />
<gc-start id="458" type="partial gc" contextid="457" timestamp="2019-06-15T02:19:02.770">
  <mem-info id="459" free="42991616" total="87031808" percent="49">
    <mem type="eden" free="1045160" total="29360128" percent="3" />
    <remembered-set count="7872" freebytes="3442560" totalbytes="3474048" percent="99" regionsoverflowed="0" regionsstable="1" regionsrebuilding="0"/>
  </mem-info>
</gc-start>
<allocation-stats totalBytes="28308216" >
  <allocated-bytes non-tlh="0" tlh="28308216" arrayletleaf="0"/>
  <largest-consumer threadName="Thread-10" threadId="00000000022DBD00" bytes="7896240" />
</allocation-stats>
<gc-op id="460" type="copy forward" timems="1.456" contextid="457" timestamp="2019-06-15T02:19:02.773">
  <memory-copied type="eden" objects="1958" bytes="48096" bytesdiscarded="0" />
  <memory-copied type="other" objects="2024" bytes="179328" bytesdiscarded="0" />
  <memory-cardclean objects="6302" bytes="303264" />
  <regions eden="27" other="6" />
  <remembered-set-cleared processed="5045" cleared="1530" durationms="0.105" />
  <stringconstants candidates="4597" cleared="0"  />
</gc-op>
<gc-op id="461" type="classunload" timems="0.002" contextid="457" timestamp="2019-06-15T02:19:02.773">
  <classunload-info classloadercandidates="8" classloadersunloaded="0" classesunloaded="0" anonymousclassesunloaded="0" quiescems="0.000" setupms="0.002" scanms="0.000" postms="0.000" />
</gc-op>
<heap-resize id="462" type="contract" space="default" amount="5242880" count="1" timems="0.071" reason="excess free space following gc" timestamp="2019-06-15T02:19:02.773" />
<gc-end id="463" type="partial gc" contextid="457" durationms="2.615" usertimems="0.000" systemtimems="0.000" timestamp="2019-06-15T02:19:02.773" activeThreads="1">
  <mem-info id="464" free="67108864" total="81788928" percent="82">
    <mem type="eden" free="1000480" total="1048576" percent="95" />
    <remembered-set count="6720" freebytes="3447168" totalbytes="3474048" percent="99" regionsoverflowed="0" regionsstable="1" regionsrebuilding="0"/>
  </mem-info>
</gc-end>
<cycle-end id="465" type="partial gc" contextid="457" timestamp="2019-06-15T02:19:02.773" />
  <attribute name="elasticGC enabled" value="1" />
  <attribute name= "numThreadsSpecified" value="1" />
  <attribute name="heapSize specified" value="0" />
  <attribute name="Current GC Util" value="67" />
  <attribute name= "Current Time Running" value="1815" />
  <attribute name ="GC Interval" value="0" />
  <attribute name="ProportionalT" value="23.500000" />
  <attribute name="ProportionalI" value="23.500000" />
  <attribute name="ProportionalH" value="23.500000" />
  <attribute name="Current Error" value="47.000000" />
  <attribute name="IntegralT" value="0.000000" />
  <attribute name="IntegralI" value="0.000000" />
  <attribute name="IntegralH" value="0.000000" />
  <attribute name="DerivativeT" value="inf" />
  <attribute name="DerivativeI" value="inf" />
  <attribute name="DerivativeH" value="inf" />
  <attribute name="Loop Time for DT" value="0.000000" />
  <attribute name="Output H" value="8388608"/>
  <attribute name="Output I" value="200"/>
  <attribute name="Output T" value="1"/>
  <attribute name="Target GC Util Change" value ="20.000000" />
  <attribute name="Current GC Util Change" value="67.000000"/>
  <attribute name="GC Util currently" value="67" />
  <attribute name="CPU Util currently" value="23473082065690" />
<exclusive-end id="466" timestamp="2019-06-15T02:19:02.774" durationms="3.670" />

<exclusive-start id="467" timestamp="2019-06-15T02:19:02.793" intervalms="23.080">
  <response-info timems="0.037" idlems="0.037" threads="0" lastid="00000000022DF900" lastname="Thread-7" />
</exclusive-start>
<allocation-taxation id="468" taxation-threshold="27262976" timestamp="2019-06-15T02:19:02.793" intervalms="23.010" />
<cycle-start id="469" type="partial gc" contextid="0" timestamp="2019-06-15T02:19:02.793" intervalms="22.975" />
<gc-start id="470" type="partial gc" contextid="469" timestamp="2019-06-15T02:19:02.793">
  <mem-info id="471" free="39845888" total="81788928" percent="48">
    <mem type="eden" free="0" total="27262976" percent="0" />
    <remembered-set count="6560" freebytes="3447808" totalbytes="3474048" percent="99" regionsoverflowed="0" regionsstable="1" regionsrebuilding="0"/>
  </mem-info>
</gc-start>
<allocation-stats totalBytes="27259592" >
  <allocated-bytes non-tlh="0" tlh="27259592" arrayletleaf="0"/>
  <largest-consumer threadName="Thread-7" threadId="00000000022DF900" bytes="7109656" />
</allocation-stats>
<gc-op id="472" type="copy forward" timems="1.698" contextid="469" timestamp="2019-06-15T02:19:02.796">
  <memory-copied type="eden" objects="1997" bytes="49320" bytesdiscarded="2024" />
  <memory-copied type="other" objects="2521" bytes="60504" bytesdiscarded="752" />
  <memory-cardclean objects="7363" bytes="353752" />
  <regions eden="26" other="2" />
  <remembered-set-cleared processed="4513" cleared="1014" durationms="0.091" />
  <stringconstants candidates="4597" cleared="0"  />
</gc-op>
<gc-op id="473" type="classunload" timems="0.002" contextid="469" timestamp="2019-06-15T02:19:02.796">
  <classunload-info classloadercandidates="8" classloadersunloaded="0" classesunloaded="0" anonymousclassesunloaded="0" quiescems="0.000" setupms="0.001" scanms="0.000" postms="0.000" />
</gc-op>
<heap-resize id="474" type="contract" space="default" amount="4194304" count="1" timems="0.052" reason="excess free space following gc" timestamp="2019-06-15T02:19:02.796" />
<gc-end id="475" type="partial gc" contextid="469" durationms="3.024" usertimems="4.000" systemtimems="0.000" timestamp="2019-06-15T02:19:02.796" activeThreads="4">
  <mem-info id="476" free="61865984" total="77594624" percent="79">
    <mem type="eden" free="997232" total="1048576" percent="95" />
    <remembered-set count="6464" freebytes="3238912" totalbytes="3264768" percent="99" regionsoverflowed="0" regionsstable="1" regionsrebuilding="0"/>
  </mem-info>
</gc-end>
<cycle-end id="477" type="partial gc" contextid="469" timestamp="2019-06-15T02:19:02.797" />
  <attribute name="elasticGC enabled" value="1" />
  <attribute name= "numThreadsSpecified" value="4" />
  <attribute name="heapSize specified" value="0" />
  <attribute name="Current GC Util" value="34" />
  <attribute name= "Current Time Running" value="1839" />
  <attribute name ="GC Interval" value="0" />
  <attribute name="ProportionalT" value="7.000000" />
  <attribute name="ProportionalI" value="7.000000" />
  <attribute name="ProportionalH" value="7.000000" />
  <attribute name="Current Error" value="14.000000" />
  <attribute name="IntegralT" value="14.000000" />
  <attribute name="IntegralI" value="14.000000" />
  <attribute name="IntegralH" value="14.000000" />
  <attribute name="DerivativeT" value="14.000000" />
  <attribute name="DerivativeI" value="14.000000" />
  <attribute name="DerivativeH" value="14.000000" />
  <attribute name="Loop Time for DT" value="1.000000" />
  <attribute name="Output H" value="8388608"/>
  <attribute name="Output I" value="200"/>
  <attribute name="Output T" value="4"/>
  <attribute name="Target GC Util Change" value ="20.000000" />
  <attribute name="Current GC Util Change" value="34.000000"/>
  <attribute name="GC Util currently" value="34" />
  <attribute name="CPU Util currently" value="10536396713979" />
<exclusive-end id="478" timestamp="2019-06-15T02:19:02.797" durationms="3.941" />

<exclusive-start id="479" timestamp="2019-06-15T02:19:02.815" intervalms="22.434">
  <response-info timems="0.037" idlems="0.037" threads="0" lastid="00000000022DBD00" lastname="Thread-10" />
</exclusive-start>
<allocation-taxation id="480" taxation-threshold="26214400" timestamp="2019-06-15T02:19:02.816" intervalms="22.501" />
<cycle-start id="481" type="partial gc" contextid="0" timestamp="2019-06-15T02:19:02.816" intervalms="22.564" />
<gc-start id="482" type="partial gc" contextid="481" timestamp="2019-06-15T02:19:02.816">
  <mem-info id="483" free="35651584" total="77594624" percent="45">
    <mem type="eden" free="0" total="26214400" percent="0" />
    <remembered-set count="6464" freebytes="3238912" totalbytes="3264768" percent="99" regionsoverflowed="0" regionsstable="1" regionsrebuilding="0"/>
  </mem-info>
</gc-start>
<allocation-stats totalBytes="26211232" >
  <allocated-bytes non-tlh="0" tlh="26211232" arrayletleaf="0"/>
  <largest-consumer threadName="Thread-9" threadId="00000000022E3500" bytes="6761688" />
</allocation-stats>
<gc-op id="484" type="copy forward" timems="1.661" contextid="481" timestamp="2019-06-15T02:19:02.818">
  <memory-copied type="eden" objects="2071" bytes="51392" bytesdiscarded="0" />
  <memory-copied type="other" objects="7737" bytes="323064" bytesdiscarded="0" />
  <memory-cardclean objects="4741" bytes="228112" />
  <regions eden="25" other="2" />
  <remembered-set-cleared processed="5192" cleared="1492" durationms="0.107" />
  <stringconstants candidates="4597" cleared="0"  />
</gc-op>
<gc-op id="485" type="classunload" timems="0.002" contextid="481" timestamp="2019-06-15T02:19:02.819">
  <classunload-info classloadercandidates="8" classloadersunloaded="0" classesunloaded="0" anonymousclassesunloaded="0" quiescems="0.000" setupms="0.002" scanms="0.000" postms="0.000" />
</gc-op>
<heap-resize id="486" type="contract" space="default" amount="4194304" count="1" timems="0.048" reason="excess free space following gc" timestamp="2019-06-15T02:19:02.819" />
<gc-end id="487" type="partial gc" contextid="481" durationms="3.081" usertimems="4.000" systemtimems="0.000" timestamp="2019-06-15T02:19:02.819" activeThreads="1">
  <mem-info id="488" free="56623104" total="73400320" percent="77">
    <mem type="eden" free="997184" total="1048576" percent="95" />
    <remembered-set count="6560" freebytes="3071104" totalbytes="3097344" percent="99" regionsoverflowed="0" regionsstable="1" regionsrebuilding="0"/>
  </mem-info>
</gc-end>
<cycle-end id="489" type="partial gc" contextid="481" timestamp="2019-06-15T02:19:02.819" />
  <attribute name="elasticGC enabled" value="1" />
  <attribute name= "numThreadsSpecified" value="1" />
  <attribute name="heapSize specified" value="0" />
  <attribute name="Current GC Util" value="32" />
  <attribute name= "Current Time Running" value="1861" />
  <attribute name ="GC Interval" value="0" />
  <attribute name="ProportionalT" value="6.000000" />
  <attribute name="ProportionalI" value="6.000000" />
  <attribute name="ProportionalH" value="6.000000" />
  <attribute name="Current Error" value="12.000000" />
  <attribute name="IntegralT" value="0.000000" />
  <attribute name="IntegralI" value="0.000000" />
  <attribute name="IntegralH" value="0.000000" />
  <attribute name="DerivativeT" value="inf" />
  <attribute name="DerivativeI" value="inf" />
  <attribute name="DerivativeH" value="inf" />
  <attribute name="Loop Time for DT" value="0.000000" />
  <attribute name="Output H" value="8388608"/>
  <attribute name="Output I" value="200"/>
  <attribute name="Output T" value="1"/>
  <attribute name="Target GC Util Change" value ="20.000000" />
  <attribute name="Current GC Util Change" value="32.000000"/>
  <attribute name="GC Util currently" value="32" />
  <attribute name="CPU Util currently" value="10595341624297" />
<exclusive-end id="490" timestamp="2019-06-15T02:19:02.820" durationms="4.149" />

<exclusive-start id="491" timestamp="2019-06-15T02:19:02.839" intervalms="23.546">
  <response-info timems="0.029" idlems="0.029" threads="0" lastid="00000000022DF900" lastname="Thread-7" />
</exclusive-start>
<allocation-taxation id="492" taxation-threshold="25165824" timestamp="2019-06-15T02:19:02.839" intervalms="23.476" />
<cycle-start id="493" type="partial gc" contextid="0" timestamp="2019-06-15T02:19:02.839" intervalms="23.431" />
<gc-start id="494" type="partial gc" contextid="493" timestamp="2019-06-15T02:19:02.839">
  <mem-info id="495" free="31457280" total="73400320" percent="42">
    <mem type="eden" free="0" total="25165824" percent="0" />
    <remembered-set count="6560" freebytes="3071104" totalbytes="3097344" percent="99" regionsoverflowed="0" regionsstable="1" regionsrebuilding="0"/>
  </mem-info>
</gc-start>
<allocation-stats totalBytes="25162800" >
  <allocated-bytes non-tlh="0" tlh="25162800" arrayletleaf="0"/>
  <largest-consumer threadName="Thread-7" threadId="00000000022DF900" bytes="7195728" />
</allocation-stats>
<gc-op id="496" type="copy forward" timems="1.764" contextid="493" timestamp="2019-06-15T02:19:02.842">
  <memory-copied type="eden" objects="2186" bytes="54152" bytesdiscarded="2288" />
  <memory-copied type="other" objects="18834" bytes="864144" bytesdiscarded="31936" />
  <memory-cardclean objects="2343" bytes="132016" />
  <regions eden="24" other="2" />
  <remembered-set-cleared processed="5659" cleared="2695" durationms="0.085" />
  <stringconstants candidates="4597" cleared="0"  />
</gc-op>
<gc-op id="497" type="classunload" timems="0.002" contextid="493" timestamp="2019-06-15T02:19:02.842">
  <classunload-info classloadercandidates="8" classloadersunloaded="0" classesunloaded="0" anonymousclassesunloaded="0" quiescems="0.000" setupms="0.002" scanms="0.000" postms="0.000" />
</gc-op>
<heap-resize id="498" type="contract" space="default" amount="4194304" count="1" timems="0.076" reason="excess free space following gc" timestamp="2019-06-15T02:19:02.842" />
<gc-end id="499" type="partial gc" contextid="493" durationms="3.031" usertimems="8.000" systemtimems="0.000" timestamp="2019-06-15T02:19:02.842" activeThreads="4">
  <mem-info id="500" free="51380224" total="69206016" percent="74">
    <mem type="eden" free="992136" total="1048576" percent="94" />
    <remembered-set count="8448" freebytes="2896128" totalbytes="2929920" percent="98" regionsoverflowed="0" regionsstable="1" regionsrebuilding="0"/>
  </mem-info>
</gc-end>
<cycle-end id="501" type="partial gc" contextid="493" timestamp="2019-06-15T02:19:02.843" />
  <attribute name="elasticGC enabled" value="1" />
  <attribute name= "numThreadsSpecified" value="4" />
  <attribute name="heapSize specified" value="0" />
  <attribute name="Current GC Util" value="41" />
  <attribute name= "Current Time Running" value="1885" />
  <attribute name ="GC Interval" value="0" />
  <attribute name="ProportionalT" value="10.500000" />
  <attribute name="ProportionalI" value="10.500000" />
  <attribute name="ProportionalH" value="10.500000" />
  <attribute name="Current Error" value="21.000000" />
  <attribute name="IntegralT" value="21.000000" />
  <attribute name="IntegralI" value="21.000000" />
  <attribute name="IntegralH" value="21.000000" />
  <attribute name="DerivativeT" value="21.000000" />
  <attribute name="DerivativeI" value="21.000000" />
  <attribute name="DerivativeH" value="21.000000" />
  <attribute name="Loop Time for DT" value="1.000000" />
  <attribute name="Output H" value="8388608"/>
  <attribute name="Output I" value="200"/>
  <attribute name="Output T" value="4"/>
  <attribute name="Target GC Util Change" value ="20.000000" />
  <attribute name="Current GC Util Change" value="41.000000"/>
  <attribute name="GC Util currently" value="41" />
  <attribute name="CPU Util currently" value="11633744226759" />
<exclusive-end id="502" timestamp="2019-06-15T02:19:02.843" durationms="3.914" />

<exclusive-start id="503" timestamp="2019-06-15T02:19:02.861" intervalms="22.417">
  <response-info timems="0.063" idlems="0.063" threads="0" lastid="00000000022E7100" lastname="Thread-8" />
</exclusive-start>
<allocation-taxation id="504" taxation-threshold="24117248" timestamp="2019-06-15T02:19:02.862" intervalms="22.468" />
<cycle-start id="505" type="partial gc" contextid="0" timestamp="2019-06-15T02:19:02.862" intervalms="22.462" />
<gc-start id="506" type="partial gc" contextid="505" timestamp="2019-06-15T02:19:02.862">
  <mem-info id="507" free="27262976" total="69206016" percent="39">
    <mem type="eden" free="0" total="24117248" percent="0" />
    <remembered-set count="8288" freebytes="2896768" totalbytes="2929920" percent="98" regionsoverflowed="0" regionsstable="1" regionsrebuilding="0"/>
  </mem-info>
</gc-start>
<allocation-stats totalBytes="24113680" >
  <allocated-bytes non-tlh="0" tlh="24113680" arrayletleaf="0"/>
  <largest-consumer threadName="Thread-9" threadId="00000000022E3500" bytes="7830016" />
</allocation-stats>
<gc-op id="508" type="copy forward" timems="1.817" contextid="505" timestamp="2019-06-15T02:19:02.864">
  <memory-copied type="eden" objects="8870" bytes="351656" bytesdiscarded="0" />
  <memory-copied type="other" objects="1858" bytes="44592" bytesdiscarded="0" />
  <memory-cardclean objects="5659" bytes="332704" />
  <regions eden="23" other="1" />
  <remembered-set-cleared processed="6327" cleared="804" durationms="0.133" />
  <stringconstants candidates="4597" cleared="0"  />
</gc-op>
<gc-op id="509" type="classunload" timems="0.002" contextid="505" timestamp="2019-06-15T02:19:02.865">
  <classunload-info classloadercandidates="8" classloadersunloaded="0" classesunloaded="0" anonymousclassesunloaded="0" quiescems="0.000" setupms="0.002" scanms="0.000" postms="0.000" />
</gc-op>
<heap-resize id="510" type="contract" space="default" amount="4194304" count="1" timems="0.128" reason="excess free space following gc" timestamp="2019-06-15T02:19:02.865" />
<gc-end id="511" type="partial gc" contextid="505" durationms="3.315" usertimems="4.000" systemtimems="0.000" timestamp="2019-06-15T02:19:02.865" activeThreads="1">
  <mem-info id="512" free="46137344" total="65011712" percent="70">
    <mem type="eden" free="696920" total="1048576" percent="66" />
    <remembered-set count="8128" freebytes="2729984" totalbytes="2762496" percent="98" regionsoverflowed="0" regionsstable="1" regionsrebuilding="0"/>
  </mem-info>
</gc-end>
<cycle-end id="513" type="partial gc" contextid="505" timestamp="2019-06-15T02:19:02.865" />
  <attribute name="elasticGC enabled" value="1" />
  <attribute name= "numThreadsSpecified" value="1" />
  <attribute name="heapSize specified" value="0" />
  <attribute name="Current GC Util" value="36" />
  <attribute name= "Current Time Running" value="1907" />
  <attribute name ="GC Interval" value="0" />
  <attribute name="ProportionalT" value="8.000000" />
  <attribute name="ProportionalI" value="8.000000" />
  <attribute name="ProportionalH" value="8.000000" />
  <attribute name="Current Error" value="16.000000" />
  <attribute name="IntegralT" value="0.000000" />
  <attribute name="IntegralI" value="0.000000" />
  <attribute name="IntegralH" value="0.000000" />
  <attribute name="DerivativeT" value="inf" />
  <attribute name="DerivativeI" value="inf" />
  <attribute name="DerivativeH" value="inf" />
  <attribute name="Loop Time for DT" value="0.000000" />
  <attribute name="Output H" value="8388608"/>
  <attribute name="Output I" value="200"/>
  <attribute name="Output T" value="1"/>
  <attribute name="Target GC Util Change" value ="20.000000" />
  <attribute name="Current GC Util Change" value="36.000000"/>
  <attribute name="GC Util currently" value="36" />
  <attribute name="CPU Util currently" value="11115924945099" />
<exclusive-end id="514" timestamp="2019-06-15T02:19:02.866" durationms="4.244" />

<exclusive-start id="515" timestamp="2019-06-15T02:19:02.880" intervalms="18.565">
  <response-info timems="0.030" idlems="0.030" threads="0" lastid="00000000022DBD00" lastname="Thread-10" />
</exclusive-start>
<allocation-taxation id="516" taxation-threshold="23068672" timestamp="2019-06-15T02:19:02.880" intervalms="18.572" />
<cycle-start id="517" type="partial gc" contextid="0" timestamp="2019-06-15T02:19:02.880" intervalms="18.619" />
<gc-start id="518" type="partial gc" contextid="517" timestamp="2019-06-15T02:19:02.880">
  <mem-info id="519" free="23068672" total="65011712" percent="35">
    <mem type="eden" free="0" total="23068672" percent="0" />
    <remembered-set count="7840" freebytes="2731136" totalbytes="2762496" percent="98" regionsoverflowed="0" regionsstable="1" regionsrebuilding="0"/>
  </mem-info>
</gc-start>
<allocation-stats totalBytes="23065856" >
  <allocated-bytes non-tlh="0" tlh="23065856" arrayletleaf="0"/>
  <largest-consumer threadName="Thread-9" threadId="00000000022E3500" bytes="7769096" />
</allocation-stats>
<gc-op id="520" type="copy forward" timems="1.708" contextid="517" timestamp="2019-06-15T02:19:02.883">
  <memory-copied type="eden" objects="9274" bytes="361480" bytesdiscarded="19584" />
  <memory-copied type="other" objects="8604" bytes="343872" bytesdiscarded="21584" />
  <memory-cardclean objects="4234" bytes="211528" />
  <regions eden="22" other="1" />
  <remembered-set-cleared processed="6949" cleared="776" durationms="0.089" />
  <stringconstants candidates="4597" cleared="0"  />
</gc-op>
<gc-op id="521" type="classunload" timems="0.002" contextid="517" timestamp="2019-06-15T02:19:02.883">
  <classunload-info classloadercandidates="8" classloadersunloaded="0" classesunloaded="0" anonymousclassesunloaded="0" quiescems="0.000" setupms="0.002" scanms="0.000" postms="0.000" />
</gc-op>
<heap-resize id="522" type="contract" space="default" amount="4194304" count="1" timems="0.164" reason="excess free space following gc" timestamp="2019-06-15T02:19:02.883" />
<gc-end id="523" type="partial gc" contextid="517" durationms="3.094" usertimems="4.000" systemtimems="0.000" timestamp="2019-06-15T02:19:02.884" activeThreads="4">
  <mem-info id="524" free="40894464" total="60817408" percent="67">
    <mem type="eden" free="667512" total="1048576" percent="63" />
    <remembered-set count="9824" freebytes="2555776" totalbytes="2595072" percent="98" regionsoverflowed="0" regionsstable="1" regionsrebuilding="0"/>
  </mem-info>
</gc-end>
<cycle-end id="525" type="partial gc" contextid="517" timestamp="2019-06-15T02:19:02.884" />
  <attribute name="elasticGC enabled" value="1" />
  <attribute name= "numThreadsSpecified" value="4" />
  <attribute name="heapSize specified" value="0" />
  <attribute name="Current GC Util" value="50" />
  <attribute name= "Current Time Running" value="1926" />
  <attribute name ="GC Interval" value="0" />
  <attribute name="ProportionalT" value="15.000000" />
  <attribute name="ProportionalI" value="15.000000" />
  <attribute name="ProportionalH" value="15.000000" />
  <attribute name="Current Error" value="30.000000" />
  <attribute name="IntegralT" value="30.000000" />
  <attribute name="IntegralI" value="30.000000" />
  <attribute name="IntegralH" value="30.000000" />
  <attribute name="DerivativeT" value="30.000000" />
  <attribute name="DerivativeI" value="30.000000" />
  <attribute name="DerivativeH" value="30.000000" />
  <attribute name="Loop Time for DT" value="1.000000" />
  <attribute name="Output H" value="8388608"/>
  <attribute name="Output I" value="200"/>
  <attribute name="Output T" value="4"/>
  <attribute name="Target GC Util Change" value ="20.000000" />
  <attribute name="Current GC Util Change" value="50.000000"/>
  <attribute name="GC Util currently" value="50" />
  <attribute name="CPU Util currently" value="11363142703744" />
<exclusive-end id="526" timestamp="2019-06-15T02:19:02.884" durationms="4.097" />

<exclusive-start id="527" timestamp="2019-06-15T02:19:02.890" intervalms="10.448">
  <response-info timems="0.097" idlems="0.071" threads="1" lastid="00000000022DF900" lastname="Thread-7" />
</exclusive-start>
<allocation-taxation id="528" taxation-threshold="10485760" timestamp="2019-06-15T02:19:02.891" intervalms="10.431" />
<cycle-start id="529" type="global mark phase" contextid="0" timestamp="2019-06-15T02:19:02.891" intervalms="203.531" />
<gc-start id="530" type="global mark phase" contextid="529" timestamp="2019-06-15T02:19:02.891">
  <mem-info id="531" free="30408704" total="60817408" percent="50">
    <remembered-set count="9472" freebytes="2557184" totalbytes="2595072" percent="98" regionsoverflowed="0" regionsstable="1" regionsrebuilding="0"/>
  </mem-info>
</gc-start>
<gc-op id="532" type="mark increment" timems="0.634" contextid="529" timestamp="2019-06-15T02:19:02.892">
  <trace-info objectcount="6448" scancount="97" scanbytes="27784" />
</gc-op>
<gc-end id="533" type="global mark phase" contextid="529" durationms="0.789" usertimems="4.000" systemtimems="0.000" timestamp="2019-06-15T02:19:02.892" activeThreads="1">
  <mem-info id="534" free="30408704" total="60817408" percent="50">
    <remembered-set count="9984" freebytes="2555136" totalbytes="2595072" percent="98" regionsoverflowed="0" regionsstable="0" regionsrebuilding="1"/>
  </mem-info>
</gc-end>
<concurrent-start id="535" type="GMP work packet processing" contextid="529" timestamp="2019-06-15T02:19:02.892">
  <concurrent-mark-start scanTarget="1048576" />
</concurrent-start>
<exclusive-end id="536" timestamp="2019-06-15T02:19:02.892" durationms="1.422" />

<concurrent-end id="537" type="GMP work packet processing" contextid="529" timestamp="2019-06-15T02:19:02.894">
  <concurrent-mark-end bytesScanned="1065408" reasonForTermination="Work target met" />
</concurrent-end>

<exclusive-start id="538" timestamp="2019-06-15T02:19:02.899" intervalms="8.293">
  <response-info timems="0.029" idlems="0.029" threads="0" lastid="00000000022DBD00" lastname="Thread-10" />
</exclusive-start>
<allocation-taxation id="539" taxation-threshold="10485760" timestamp="2019-06-15T02:19:02.899" intervalms="8.195" />
<cycle-start id="540" type="partial gc" contextid="0" timestamp="2019-06-15T02:19:02.899" intervalms="18.550" />
<gc-start id="541" type="partial gc" contextid="540" timestamp="2019-06-15T02:19:02.899">
  <mem-info id="542" free="19922944" total="60817408" percent="32">
    <mem type="eden" free="0" total="20971520" percent="0" />
    <remembered-set count="9504" freebytes="2557056" totalbytes="2595072" percent="98" regionsoverflowed="0" regionsstable="0" regionsrebuilding="1"/>
  </mem-info>
</gc-start>
<allocation-stats totalBytes="20968976" >
  <allocated-bytes non-tlh="0" tlh="20968976" arrayletleaf="0"/>
  <largest-consumer threadName="Thread-10" threadId="00000000022DBD00" bytes="4193880" />
</allocation-stats>
<gc-op id="543" type="copy forward" timems="2.835" contextid="540" timestamp="2019-06-15T02:19:02.903">
  <memory-copied type="eden" objects="8396" bytes="340184" bytesdiscarded="0" />
  <memory-copied type="other" objects="12838" bytes="582864" bytesdiscarded="0" />
  <memory-cardclean objects="3911" bytes="206544" />
  <regions eden="20" other="2" />
  <remembered-set-cleared processed="6900" cleared="3819" durationms="0.134" />
  <stringconstants candidates="4597" cleared="0"  />
</gc-op>
<gc-op id="544" type="classunload" timems="0.002" contextid="540" timestamp="2019-06-15T02:19:02.903">
  <classunload-info classloadercandidates="8" classloadersunloaded="0" classesunloaded="0" anonymousclassesunloaded="0" quiescems="0.000" setupms="0.002" scanms="0.000" postms="0.000" />
</gc-op>
<heap-resize id="545" type="contract" space="default" amount="3145728" count="1" timems="0.293" reason="excess free space following gc" timestamp="2019-06-15T02:19:02.903" />
<gc-end id="546" type="partial gc" contextid="540" durationms="4.435" usertimems="8.000" systemtimems="0.000" timestamp="2019-06-15T02:19:02.903" activeThreads="1">
  <mem-info id="547" free="36700160" total="57671680" percent="63">
    <mem type="eden" free="708392" total="1048576" percent="67" />
    <remembered-set count="7040" freebytes="2399488" totalbytes="2427648" percent="98" regionsoverflowed="0" regionsstable="0" regionsrebuilding="1"/>
  </mem-info>
</gc-end>
<cycle-end id="548" type="partial gc" contextid="540" timestamp="2019-06-15T02:19:02.904" />
  <attribute name="elasticGC enabled" value="1" />
  <attribute name= "numThreadsSpecified" value="1" />
  <attribute name="heapSize specified" value="0" />
  <attribute name="Current GC Util" value="42" />
  <attribute name= "Current Time Running" value="1944" />
  <attribute name ="GC Interval" value="0" />
  <attribute name="ProportionalT" value="11.000000" />
  <attribute name="ProportionalI" value="11.000000" />
  <attribute name="ProportionalH" value="11.000000" />
  <attribute name="Current Error" value="22.000000" />
  <attribute name="IntegralT" value="0.000000" />
  <attribute name="IntegralI" value="0.000000" />
  <attribute name="IntegralH" value="0.000000" />
  <attribute name="DerivativeT" value="inf" />
  <attribute name="DerivativeI" value="inf" />
  <attribute name="DerivativeH" value="inf" />
  <attribute name="Loop Time for DT" value="0.000000" />
  <attribute name="Output H" value="8388608"/>
  <attribute name="Output I" value="200"/>
  <attribute name="Output T" value="1"/>
  <attribute name="Target GC Util Change" value ="20.000000" />
  <attribute name="Current GC Util Change" value="42.000000"/>
  <attribute name="GC Util currently" value="42" />
  <attribute name="CPU Util currently" value="11962186369634" />
<exclusive-end id="549" timestamp="2019-06-15T02:19:02.904" durationms="5.203" />

<exclusive-start id="550" timestamp="2019-06-15T02:19:02.909" intervalms="10.419">
  <response-info timems="0.039" idlems="0.039" threads="0" lastid="00000000022DBD00" lastname="Thread-10" />
</exclusive-start>
<allocation-taxation id="551" taxation-threshold="10485760" timestamp="2019-06-15T02:19:02.909" intervalms="10.537" />
<gc-start id="552" type="global mark phase" contextid="529" timestamp="2019-06-15T02:19:02.909">
  <mem-info id="553" free="26214400" total="57671680" percent="45">
    <remembered-set count="6592" freebytes="2401280" totalbytes="2427648" percent="98" regionsoverflowed="0" regionsstable="0" regionsrebuilding="1"/>
  </mem-info>
</gc-start>
<gc-end id="554" type="global mark phase" contextid="529" durationms="0.167" usertimems="0.000" systemtimems="0.000" timestamp="2019-06-15T02:19:02.910" activeThreads="1">
  <mem-info id="555" free="26214400" total="57671680" percent="45">
    <remembered-set count="6592" freebytes="2401280" totalbytes="2427648" percent="98" regionsoverflowed="0" regionsstable="0" regionsrebuilding="1"/>
  </mem-info>
</gc-end>
<concurrent-start id="556" type="GMP work packet processing" contextid="529" timestamp="2019-06-15T02:19:02.910">
  <concurrent-mark-start scanTarget="1048576" />
</concurrent-start>
<exclusive-end id="557" timestamp="2019-06-15T02:19:02.910" durationms="0.874" />

<concurrent-end id="558" type="GMP work packet processing" contextid="529" timestamp="2019-06-15T02:19:02.910">
  <concurrent-mark-end bytesScanned="1076556" reasonForTermination="Work target met" />
</concurrent-end>

<exclusive-start id="559" timestamp="2019-06-15T02:19:02.916" intervalms="7.062">
  <response-info timems="0.084" idlems="0.084" threads="0" lastid="00000000022E3500" lastname="Thread-9" />
</exclusive-start>
<allocation-taxation id="560" taxation-threshold="10485760" timestamp="2019-06-15T02:19:02.916" intervalms="7.022" />
<cycle-start id="561" type="partial gc" contextid="0" timestamp="2019-06-15T02:19:02.916" intervalms="17.547" />
<gc-start id="562" type="partial gc" contextid="561" timestamp="2019-06-15T02:19:02.917">
  <mem-info id="563" free="15728640" total="57671680" percent="27">
    <mem type="eden" free="0" total="20971520" percent="0" />
    <remembered-set count="7616" freebytes="2397184" totalbytes="2427648" percent="98" regionsoverflowed="0" regionsstable="0" regionsrebuilding="1"/>
  </mem-info>
</gc-start>
<allocation-stats totalBytes="20969208" >
  <allocated-bytes non-tlh="0" tlh="20969208" arrayletleaf="0"/>
  <largest-consumer threadName="Thread-8" threadId="00000000022E7100" bytes="3538608" />
</allocation-stats>
<gc-op id="564" type="copy forward" timems="1.914" contextid="561" timestamp="2019-06-15T02:19:02.919">
  <memory-copied type="eden" objects="9113" bytes="357176" bytesdiscarded="36168" />
  <memory-copied type="other" objects="8135" bytes="332616" bytesdiscarded="36928" />
  <memory-cardclean objects="6465" bytes="352360" />
  <regions eden="20" other="1" />
  <remembered-set-cleared processed="5657" cleared="525" durationms="0.108" />
  <stringconstants candidates="4597" cleared="0"  />
</gc-op>
<gc-op id="565" type="classunload" timems="0.003" contextid="561" timestamp="2019-06-15T02:19:02.919">
  <classunload-info classloadercandidates="8" classloadersunloaded="0" classesunloaded="0" anonymousclassesunloaded="0" quiescems="0.000" setupms="0.002" scanms="0.000" postms="0.000" />
</gc-op>
<heap-resize id="566" type="contract" space="default" amount="1048576" count="1" timems="0.122" reason="excess free space following gc" timestamp="2019-06-15T02:19:02.920" />
<gc-end id="567" type="partial gc" contextid="561" durationms="3.228" usertimems="0.000" systemtimems="4.000" timestamp="2019-06-15T02:19:02.920" activeThreads="4">
  <mem-info id="568" free="34603008" total="56623104" percent="61">
    <mem type="eden" free="655232" total="1048576" percent="62" />
    <remembered-set count="8704" freebytes="2267264" totalbytes="2302080" percent="98" regionsoverflowed="0" regionsstable="0" regionsrebuilding="1"/>
  </mem-info>
</gc-end>
<cycle-end id="569" type="partial gc" contextid="561" timestamp="2019-06-15T02:19:02.920" />
  <attribute name="elasticGC enabled" value="1" />
  <attribute name= "numThreadsSpecified" value="4" />
  <attribute name="heapSize specified" value="0" />
  <attribute name="Current GC Util" value="38" />
  <attribute name= "Current Time Running" value="1962" />
  <attribute name ="GC Interval" value="0" />
  <attribute name="ProportionalT" value="9.000000" />
  <attribute name="ProportionalI" value="9.000000" />
  <attribute name="ProportionalH" value="9.000000" />
  <attribute name="Current Error" value="18.000000" />
  <attribute name="IntegralT" value="18.000000" />
  <attribute name="IntegralI" value="18.000000" />
  <attribute name="IntegralH" value="18.000000" />
  <attribute name="DerivativeT" value="18.000000" />
  <attribute name="DerivativeI" value="18.000000" />
  <attribute name="DerivativeH" value="18.000000" />
  <attribute name="Loop Time for DT" value="1.000000" />
  <attribute name="Output H" value="8388608"/>
  <attribute name="Output I" value="200"/>
  <attribute name="Output T" value="4"/>
  <attribute name="Target GC Util Change" value ="20.000000" />
  <attribute name="Current GC Util Change" value="38.000000"/>
  <attribute name="GC Util currently" value="38" />
  <attribute name="CPU Util currently" value="11805855749123" />
<exclusive-end id="570" timestamp="2019-06-15T02:19:02.920" durationms="4.107" />

<exclusive-start id="571" timestamp="2019-06-15T02:19:02.926" intervalms="10.157">
  <response-info timems="0.020" idlems="0.020" threads="0" lastid="00000000022DF900" lastname="Thread-7" />
</exclusive-start>
<allocation-taxation id="572" taxation-threshold="10485760" timestamp="2019-06-15T02:19:02.926" intervalms="10.205" />
<gc-start id="573" type="global mark phase" contextid="529" timestamp="2019-06-15T02:19:02.927">
  <mem-info id="574" free="24117248" total="56623104" percent="42">
    <remembered-set count="8448" freebytes="2268288" totalbytes="2302080" percent="98" regionsoverflowed="0" regionsstable="0" regionsrebuilding="1"/>
  </mem-info>
</gc-start>
<gc-end id="575" type="global mark phase" contextid="529" durationms="0.151" usertimems="0.000" systemtimems="0.000" timestamp="2019-06-15T02:19:02.927" activeThreads="4">
  <mem-info id="576" free="24117248" total="56623104" percent="42">
    <remembered-set count="8448" freebytes="2268288" totalbytes="2302080" percent="98" regionsoverflowed="0" regionsstable="0" regionsrebuilding="1"/>
  </mem-info>
</gc-end>
<concurrent-start id="577" type="GMP work packet processing" contextid="529" timestamp="2019-06-15T02:19:02.927">
  <concurrent-mark-start scanTarget="1432075" />
</concurrent-start>
<exclusive-end id="578" timestamp="2019-06-15T02:19:02.927" durationms="0.803" />

<concurrent-end id="579" type="GMP work packet processing" contextid="529" timestamp="2019-06-15T02:19:02.927">
  <concurrent-mark-end bytesScanned="61460" reasonForTermination="Completed all work in GC phase" />
</concurrent-end>

<exclusive-start id="580" timestamp="2019-06-15T02:19:02.933" intervalms="6.831">
  <response-info timems="0.029" idlems="0.029" threads="0" lastid="00000000022DBD00" lastname="Thread-10" />
</exclusive-start>
<allocation-taxation id="581" taxation-threshold="10485760" timestamp="2019-06-15T02:19:02.933" intervalms="6.746" />
<cycle-start id="582" type="partial gc" contextid="0" timestamp="2019-06-15T02:19:02.933" intervalms="16.955" />
<gc-start id="583" type="partial gc" contextid="582" timestamp="2019-06-15T02:19:02.933">
  <mem-info id="584" free="13631488" total="56623104" percent="24">
    <mem type="eden" free="0" total="20971520" percent="0" />
    <remembered-set count="8448" freebytes="2268288" totalbytes="2302080" percent="98" regionsoverflowed="0" regionsstable="0" regionsrebuilding="1"/>
  </mem-info>
</gc-start>
<allocation-stats totalBytes="20968792" >
  <allocated-bytes non-tlh="0" tlh="20968792" arrayletleaf="0"/>
  <largest-consumer threadName="Thread-7" threadId="00000000022DF900" bytes="3800624" />
</allocation-stats>
<gc-op id="585" type="copy forward" timems="2.018" contextid="582" timestamp="2019-06-15T02:19:02.936">
  <memory-copied type="eden" objects="8232" bytes="336480" bytesdiscarded="43984" />
  <memory-copied type="other" objects="17045" bytes="683832" bytesdiscarded="52976" />
  <memory-cardclean objects="10013" bytes="469336" />
  <regions eden="20" other="2" />
  <remembered-set-cleared processed="4437" cleared="1114" durationms="0.107" />
  <stringconstants candidates="4597" cleared="0"  />
</gc-op>
<gc-op id="586" type="classunload" timems="0.002" contextid="582" timestamp="2019-06-15T02:19:02.936">
  <classunload-info classloadercandidates="8" classloadersunloaded="0" classesunloaded="0" anonymousclassesunloaded="0" quiescems="0.000" setupms="0.002" scanms="0.000" postms="0.000" />
</gc-op>
<heap-resize id="587" type="expand" space="default" amount="1048576" count="1" timems="0.047" reason="excessive time being spent in gc" timestamp="2019-06-15T02:19:02.936" />
<gc-end id="588" type="partial gc" contextid="582" durationms="3.104" usertimems="4.000" systemtimems="0.000" timestamp="2019-06-15T02:19:02.937" activeThreads="4">
  <mem-info id="589" free="34603008" total="57671680" percent="60">
    <mem type="eden" free="668112" total="1048576" percent="63" />
    <remembered-set count="8928" freebytes="2266368" totalbytes="2302080" percent="98" regionsoverflowed="0" regionsstable="0" regionsrebuilding="1"/>
  </mem-info>
</gc-end>
<cycle-end id="590" type="partial gc" contextid="582" timestamp="2019-06-15T02:19:02.937" />
  <attribute name="elasticGC enabled" value="1" />
  <attribute name= "numThreadsSpecified" value="4" />
  <attribute name="heapSize specified" value="0" />
  <attribute name="Current GC Util" value="42" />
  <attribute name= "Current Time Running" value="1979" />
  <attribute name ="GC Interval" value="0" />
  <attribute name="ProportionalT" value="11.000000" />
  <attribute name="ProportionalI" value="11.000000" />
  <attribute name="ProportionalH" value="11.000000" />
  <attribute name="Current Error" value="22.000000" />
  <attribute name="IntegralT" value="22.000000" />
  <attribute name="IntegralI" value="22.000000" />
  <attribute name="IntegralH" value="22.000000" />
  <attribute name="DerivativeT" value="22.000000" />
  <attribute name="DerivativeI" value="22.000000" />
  <attribute name="DerivativeH" value="22.000000" />
  <attribute name="Loop Time for DT" value="1.000000" />
  <attribute name="Output H" value="8388608"/>
  <attribute name="Output I" value="200"/>
  <attribute name="Output T" value="4"/>
  <attribute name="Target GC Util Change" value ="20.000000" />
  <attribute name="Current GC Util Change" value="42.000000"/>
  <attribute name="GC Util currently" value="42" />
  <attribute name="CPU Util currently" value="14293109314153" />
<exclusive-end id="591" timestamp="2019-06-15T02:19:02.937" durationms="3.885" />

<exclusive-start id="592" timestamp="2019-06-15T02:19:02.942" intervalms="9.305">
  <response-info timems="0.022" idlems="0.022" threads="0" lastid="00000000022E7100" lastname="Thread-8" />
</exclusive-start>
<allocation-taxation id="593" taxation-threshold="10485760" timestamp="2019-06-15T02:19:02.943" intervalms="9.344" />
<gc-start id="594" type="global mark phase" contextid="529" timestamp="2019-06-15T02:19:02.943">
  <mem-info id="595" free="24117248" total="57671680" percent="41">
    <remembered-set count="5792" freebytes="2278912" totalbytes="2302080" percent="98" regionsoverflowed="0" regionsstable="2" regionsrebuilding="1"/>
  </mem-info>
</gc-start>
<gc-op id="596" type="mark increment" timems="1.741" contextid="529" timestamp="2019-06-15T02:19:02.945">
  <trace-info objectcount="22518" scancount="22518" scanbytes="962184" />
  <cardclean-info objects="18676" bytes="801964" />
  <finalization candidates="124" enqueued="0" />
  <ownableSynchronizers candidates="3" cleared="0" />
  <references type="soft" candidates="149" cleared="0" enqueued="0" dynamicThreshold="19" maxThreshold="32" />
  <references type="weak" candidates="773" cleared="0" enqueued="0" />
  <references type="phantom" candidates="64" cleared="0" enqueued="0" />
  <stringconstants candidates="4597" cleared="0"  />
</gc-op>
<gc-op id="597" type="classunload" timems="0.001" contextid="529" timestamp="2019-06-15T02:19:02.945">
  <classunload-info classloadercandidates="8" classloadersunloaded="0" classesunloaded="0" anonymousclassesunloaded="0" quiescems="0.000" setupms="0.001" scanms="0.000" postms="0.000" />
</gc-op>
<gc-end id="598" type="global mark phase" contextid="529" durationms="2.064" usertimems="4.000" systemtimems="0.000" timestamp="2019-06-15T02:19:02.945" activeThreads="4">
  <mem-info id="599" free="24117248" total="57671680" percent="41">
    <remembered-set count="5792" freebytes="2278912" totalbytes="2302080" percent="98" regionsoverflowed="0" regionsstable="2" regionsrebuilding="0"/>
  </mem-info>
</gc-end>
<cycle-end id="600" type="global mark phase" contextid="529" timestamp="2019-06-15T02:19:02.945" />
  <attribute name="elasticGC enabled" value="1" />
  <attribute name= "numThreadsSpecified" value="4" />
  <attribute name="heapSize specified" value="0" />
  <attribute name="Current GC Util" value="154" />
  <attribute name= "Current Time Running" value="1988" />
  <attribute name ="GC Interval" value="0" />
  <attribute name="ProportionalT" value="67.000000" />
  <attribute name="ProportionalI" value="67.000000" />
  <attribute name="ProportionalH" value="67.000000" />
  <attribute name="Current Error" value="134.000000" />
  <attribute name="IntegralT" value="0.000000" />
  <attribute name="IntegralI" value="0.000000" />
  <attribute name="IntegralH" value="0.000000" />
  <attribute name="DerivativeT" value="-inf" />
  <attribute name="DerivativeI" value="-inf" />
  <attribute name="DerivativeH" value="-inf" />
  <attribute name="Loop Time for DT" value="0.000000" />
  <attribute name="Output H" value="2091843584"/>
  <attribute name="Output I" value="200"/>
  <attribute name="Output T" value="4"/>
  <attribute name="Target GC Util Change" value ="20.000000" />
  <attribute name="Current GC Util Change" value="154.000000"/>
  <attribute name="GC Util currently" value="154" />
  <attribute name="CPU Util currently" value="11555793357519" />
<exclusive-end id="601" timestamp="2019-06-15T02:19:02.945" durationms="2.661" />

<exclusive-start id="602" timestamp="2019-06-15T02:19:02.951" intervalms="8.421">
  <response-info timems="0.024" idlems="0.024" threads="0" lastid="00000000022E3500" lastname="Thread-9" />
</exclusive-start>
<allocation-taxation id="603" taxation-threshold="10485760" timestamp="2019-06-15T02:19:02.951" intervalms="8.367" />
<cycle-start id="604" type="partial gc" contextid="0" timestamp="2019-06-15T02:19:02.951" intervalms="17.670" />
<gc-start id="605" type="partial gc" contextid="604" timestamp="2019-06-15T02:19:02.951">
  <mem-info id="606" free="13631488" total="57671680" percent="23">
    <mem type="eden" free="0" total="20971520" percent="0" />
    <remembered-set count="5792" freebytes="2278912" totalbytes="2302080" percent="98" regionsoverflowed="0" regionsstable="2" regionsrebuilding="0"/>
  </mem-info>
</gc-start>
<allocation-stats totalBytes="20969048" >
  <allocated-bytes non-tlh="0" tlh="20969048" arrayletleaf="0"/>
  <largest-consumer threadName="Thread-10" threadId="00000000022DBD00" bytes="3538712" />
</allocation-stats>
<gc-op id="607" type="sweep" timems="0.401" contextid="604" timestamp="2019-06-15T02:19:02.952" />
<gc-op id="608" type="copy forward" timems="1.701" contextid="604" timestamp="2019-06-15T02:19:02.954">
  <memory-copied type="eden" objects="1216" bytes="30296" bytesdiscarded="0" />
  <memory-copied type="other" objects="9311" bytes="360840" bytesdiscarded="0" />
  <memory-cardclean objects="6382" bytes="348832" />
  <regions eden="10" other="12" />
  <remembered-set-cleared processed="3379" cleared="953" durationms="0.107" />
  <stringconstants candidates="4597" cleared="0"  />
</gc-op>
<gc-op id="609" type="classunload" timems="0.002" contextid="604" timestamp="2019-06-15T02:19:02.954">
  <classunload-info classloadercandidates="8" classloadersunloaded="0" classesunloaded="0" anonymousclassesunloaded="0" quiescems="0.000" setupms="0.002" scanms="0.000" postms="0.000" />
</gc-op>
<gc-end id="610" type="partial gc" contextid="604" durationms="3.275" usertimems="4.000" systemtimems="0.000" timestamp="2019-06-15T02:19:02.954" activeThreads="1">
  <mem-info id="611" free="36700160" total="57671680" percent="63">
    <mem type="eden" free="992384" total="1048576" percent="94" />
    <remembered-set count="5504" freebytes="2280064" totalbytes="2302080" percent="99" regionsoverflowed="0" regionsstable="2" regionsrebuilding="0"/>
  </mem-info>
</gc-end>
<cycle-end id="612" type="partial gc" contextid="604" timestamp="2019-06-15T02:19:02.955" />
  <attribute name="elasticGC enabled" value="1" />
  <attribute name= "numThreadsSpecified" value="1" />
  <attribute name="heapSize specified" value="0" />
  <attribute name="Current GC Util" value="77" />
  <attribute name= "Current Time Running" value="1997" />
  <attribute name ="GC Interval" value="0" />
  <attribute name="ProportionalT" value="28.500000" />
  <attribute name="ProportionalI" value="28.500000" />
  <attribute name="ProportionalH" value="28.500000" />
  <attribute name="Current Error" value="57.000000" />
  <attribute name="IntegralT" value="0.000000" />
  <attribute name="IntegralI" value="0.000000" />
  <attribute name="IntegralH" value="0.000000" />
  <attribute name="DerivativeT" value="inf" />
  <attribute name="DerivativeI" value="inf" />
  <attribute name="DerivativeH" value="inf" />
  <attribute name="Loop Time for DT" value="0.000000" />
  <attribute name="Output H" value="8388608"/>
  <attribute name="Output I" value="200"/>
  <attribute name="Output T" value="1"/>
  <attribute name="Target GC Util Change" value ="20.000000" />
  <attribute name="Current GC Util Change" value="77.000000"/>
  <attribute name="GC Util currently" value="77" />
  <attribute name="CPU Util currently" value="28113522556082" />
<exclusive-end id="613" timestamp="2019-06-15T02:19:02.955" durationms="4.091" />

<exclusive-start id="614" timestamp="2019-06-15T02:19:02.962" intervalms="10.699">
  <response-info timems="0.167" idlems="0.113" threads="2" lastid="00000000022DBD00" lastname="Thread-10" />
</exclusive-start>
<allocation-taxation id="615" taxation-threshold="10485760" timestamp="2019-06-15T02:19:02.962" intervalms="10.734" />
<cycle-start id="616" type="global mark phase" contextid="0" timestamp="2019-06-15T02:19:02.962" intervalms="71.151" />
<gc-start id="617" type="global mark phase" contextid="616" timestamp="2019-06-15T02:19:02.962">
  <mem-info id="618" free="26214400" total="57671680" percent="45">
    <remembered-set count="5280" freebytes="2280960" totalbytes="2302080" percent="99" regionsoverflowed="0" regionsstable="2" regionsrebuilding="0"/>
  </mem-info>
</gc-start>
<gc-op id="619" type="mark increment" timems="0.563" contextid="616" timestamp="2019-06-15T02:19:02.963">
  <trace-info objectcount="6179" scancount="67" scanbytes="25176" />
</gc-op>
<gc-end id="620" type="global mark phase" contextid="616" durationms="0.754" usertimems="4.000" systemtimems="0.000" timestamp="2019-06-15T02:19:02.963" activeThreads="1">
  <mem-info id="621" free="26214400" total="57671680" percent="45">
    <remembered-set count="5792" freebytes="2278912" totalbytes="2302080" percent="98" regionsoverflowed="0" regionsstable="0" regionsrebuilding="2"/>
  </mem-info>
</gc-end>
<concurrent-start id="622" type="GMP work packet processing" contextid="616" timestamp="2019-06-15T02:19:02.963">
  <concurrent-mark-start scanTarget="1048576" />
</concurrent-start>
<exclusive-end id="623" timestamp="2019-06-15T02:19:02.963" durationms="1.381" />

<concurrent-end id="624" type="GMP work packet processing" contextid="616" timestamp="2019-06-15T02:19:02.964">
  <concurrent-mark-end bytesScanned="1125160" reasonForTermination="Work target met" />
</concurrent-end>

<exclusive-start id="625" timestamp="2019-06-15T02:19:02.969" intervalms="7.658">
  <response-info timems="0.037" idlems="0.037" threads="0" lastid="00000000022DBD00" lastname="Thread-10" />
</exclusive-start>
<allocation-taxation id="626" taxation-threshold="10485760" timestamp="2019-06-15T02:19:02.969" intervalms="7.628" />
<cycle-start id="627" type="partial gc" contextid="0" timestamp="2019-06-15T02:19:02.969" intervalms="18.411" />
<gc-start id="628" type="partial gc" contextid="627" timestamp="2019-06-15T02:19:02.970">
  <mem-info id="629" free="15728640" total="57671680" percent="27">
    <mem type="eden" free="0" total="20971520" percent="0" />
    <remembered-set count="6048" freebytes="2277888" totalbytes="2302080" percent="98" regionsoverflowed="0" regionsstable="0" regionsrebuilding="2"/>
  </mem-info>
</gc-start>
<allocation-stats totalBytes="20968856" >
  <allocated-bytes non-tlh="0" tlh="20968856" arrayletleaf="0"/>
  <largest-consumer threadName="Thread-7" threadId="00000000022DF900" bytes="3288624" />
</allocation-stats>
<gc-op id="630" type="copy forward" timems="1.669" contextid="627" timestamp="2019-06-15T02:19:02.972">
  <memory-copied type="eden" objects="7712" bytes="323592" bytesdiscarded="34048" />
  <memory-copied type="other" objects="3689" bytes="435320" bytesdiscarded="71456" />
  <memory-cardclean objects="6957" bytes="357760" />
  <regions eden="20" other="6" />
  <remembered-set-cleared processed="4311" cleared="607" durationms="0.079" />
  <stringconstants candidates="4597" cleared="0"  />
</gc-op>
<gc-op id="631" type="classunload" timems="0.002" contextid="627" timestamp="2019-06-15T02:19:02.972">
  <classunload-info classloadercandidates="8" classloadersunloaded="0" classesunloaded="0" anonymousclassesunloaded="0" quiescems="0.000" setupms="0.002" scanms="0.000" postms="0.000" />
</gc-op>
<heap-resize id="632" type="contract" space="default" amount="3145728" count="1" timems="0.239" reason="excess free space following gc" timestamp="2019-06-15T02:19:02.972" />
<gc-end id="633" type="partial gc" contextid="627" durationms="2.741" usertimems="8.000" systemtimems="0.000" timestamp="2019-06-15T02:19:02.972" activeThreads="4">
  <mem-info id="634" free="35651584" total="54525952" percent="65">
    <mem type="eden" free="690936" total="1048576" percent="65" />
    <remembered-set count="7168" freebytes="2273408" totalbytes="2302080" percent="98" regionsoverflowed="0" regionsstable="0" regionsrebuilding="2"/>
  </mem-info>
</gc-end>
<cycle-end id="635" type="partial gc" contextid="627" timestamp="2019-06-15T02:19:02.972" />
  <attribute name="elasticGC enabled" value="1" />
  <attribute name= "numThreadsSpecified" value="4" />
  <attribute name="heapSize specified" value="0" />
  <attribute name="Current GC Util" value="70" />
  <attribute name= "Current Time Running" value="2015" />
  <attribute name ="GC Interval" value="0" />
  <attribute name="ProportionalT" value="25.000000" />
  <attribute name="ProportionalI" value="25.000000" />
  <attribute name="ProportionalH" value="25.000000" />
  <attribute name="Current Error" value="50.000000" />
  <attribute name="IntegralT" value="50.000000" />
  <attribute name="IntegralI" value="50.000000" />
  <attribute name="IntegralH" value="50.000000" />
  <attribute name="DerivativeT" value="43.000000" />
  <attribute name="DerivativeI" value="43.000000" />
  <attribute name="DerivativeH" value="43.000000" />
  <attribute name="Loop Time for DT" value="1.000000" />
  <attribute name="Output H" value="8388608"/>
  <attribute name="Output I" value="200"/>
  <attribute name="Output T" value="4"/>
  <attribute name="Target GC Util Change" value ="20.000000" />
  <attribute name="Current GC Util Change" value="70.000000"/>
  <attribute name="GC Util currently" value="70" />
  <attribute name="CPU Util currently" value="26131197589012" />
<exclusive-end id="636" timestamp="2019-06-15T02:19:02.973" durationms="3.413" />

<exclusive-start id="637" timestamp="2019-06-15T02:19:02.979" intervalms="9.728">
  <response-info timems="0.221" idlems="0.137" threads="1" lastid="00000000022E3500" lastname="Thread-9" />
</exclusive-start>
<allocation-taxation id="638" taxation-threshold="9437184" timestamp="2019-06-15T02:19:02.979" intervalms="9.806" />
<gc-start id="639" type="global mark phase" contextid="616" timestamp="2019-06-15T02:19:02.979">
  <mem-info id="640" free="26214400" total="54525952" percent="48">
    <remembered-set count="6784" freebytes="2274944" totalbytes="2302080" percent="98" regionsoverflowed="0" regionsstable="0" regionsrebuilding="2"/>
  </mem-info>
</gc-start>
<gc-end id="641" type="global mark phase" contextid="616" durationms="0.102" usertimems="0.000" systemtimems="0.000" timestamp="2019-06-15T02:19:02.979" activeThreads="4">
  <mem-info id="642" free="26214400" total="54525952" percent="48">
    <remembered-set count="6784" freebytes="2274944" totalbytes="2302080" percent="98" regionsoverflowed="0" regionsstable="0" regionsrebuilding="2"/>
  </mem-info>
</gc-end>
<concurrent-start id="643" type="GMP work packet processing" contextid="616" timestamp="2019-06-15T02:19:02.979">
  <concurrent-mark-start scanTarget="2245119" />
</concurrent-start>
<exclusive-end id="644" timestamp="2019-06-15T02:19:02.980" durationms="0.736" />

<concurrent-end id="645" type="GMP work packet processing" contextid="616" timestamp="2019-06-15T02:19:02.980">
  <concurrent-mark-end bytesScanned="967448" reasonForTermination="Completed all work in GC phase" />
</concurrent-end>

<exclusive-start id="646" timestamp="2019-06-15T02:19:02.986" intervalms="7.047">
  <response-info timems="0.032" idlems="0.032" threads="0" lastid="00000000022DBD00" lastname="Thread-10" />
</exclusive-start>
<allocation-taxation id="647" taxation-threshold="9437184" timestamp="2019-06-15T02:19:02.986" intervalms="7.018" />
<cycle-start id="648" type="partial gc" contextid="0" timestamp="2019-06-15T02:19:02.986" intervalms="16.814" />
<gc-start id="649" type="partial gc" contextid="648" timestamp="2019-06-15T02:19:02.986">
  <mem-info id="650" free="16777216" total="54525952" percent="30">
    <mem type="eden" free="0" total="18874368" percent="0" />
    <remembered-set count="7968" freebytes="2270208" totalbytes="2302080" percent="98" regionsoverflowed="0" regionsstable="0" regionsrebuilding="2"/>
  </mem-info>
</gc-start>
<allocation-stats totalBytes="18871728" >
  <allocated-bytes non-tlh="0" tlh="18871728" arrayletleaf="0"/>
  <largest-consumer threadName="Thread-7" threadId="00000000022DF900" bytes="3145392" />
</allocation-stats>
<gc-op id="651" type="copy forward" timems="1.544" contextid="648" timestamp="2019-06-15T02:19:02.989">
  <memory-copied type="eden" objects="2064" bytes="50712" bytesdiscarded="19792" />
  <memory-copied type="other" objects="7982" bytes="328944" bytesdiscarded="17168" />
  <memory-cardclean objects="5814" bytes="284664" />
  <regions eden="18" other="2" />
  <remembered-set-cleared processed="5857" cleared="1083" durationms="0.104" />
  <stringconstants candidates="4597" cleared="0"  />
</gc-op>
<gc-op id="652" type="classunload" timems="0.002" contextid="648" timestamp="2019-06-15T02:19:02.989">
  <classunload-info classloadercandidates="8" classloadersunloaded="0" classesunloaded="0" anonymousclassesunloaded="0" quiescems="0.000" setupms="0.002" scanms="0.000" postms="0.000" />
</gc-op>
<heap-resize id="653" type="contract" space="default" amount="3145728" count="1" timems="0.215" reason="excess free space following gc" timestamp="2019-06-15T02:19:02.989" />
<gc-end id="654" type="partial gc" contextid="648" durationms="2.908" usertimems="4.000" systemtimems="4.000" timestamp="2019-06-15T02:19:02.989" activeThreads="4">
  <mem-info id="655" free="31457280" total="51380224" percent="61">
    <mem type="eden" free="978072" total="1048576" percent="93" />
    <remembered-set count="8512" freebytes="2142464" totalbytes="2176512" percent="98" regionsoverflowed="0" regionsstable="0" regionsrebuilding="2"/>
  </mem-info>
</gc-end>
<cycle-end id="656" type="partial gc" contextid="648" timestamp="2019-06-15T02:19:02.990" />
  <attribute name="elasticGC enabled" value="1" />
  <attribute name= "numThreadsSpecified" value="4" />
  <attribute name="heapSize specified" value="0" />
  <attribute name="Current GC Util" value="39" />
  <attribute name= "Current Time Running" value="2032" />
  <attribute name ="GC Interval" value="0" />
  <attribute name="ProportionalT" value="9.500000" />
  <attribute name="ProportionalI" value="9.500000" />
  <attribute name="ProportionalH" value="9.500000" />
  <attribute name="Current Error" value="19.000000" />
  <attribute name="IntegralT" value="19.000000" />
  <attribute name="IntegralI" value="19.000000" />
  <attribute name="IntegralH" value="19.000000" />
  <attribute name="DerivativeT" value="19.000000" />
  <attribute name="DerivativeI" value="19.000000" />
  <attribute name="DerivativeH" value="19.000000" />
  <attribute name="Loop Time for DT" value="1.000000" />
  <attribute name="Output H" value="8388608"/>
  <attribute name="Output I" value="200"/>
  <attribute name="Output T" value="4"/>
  <attribute name="Target GC Util Change" value ="20.000000" />
  <attribute name="Current GC Util Change" value="39.000000"/>
  <attribute name="GC Util currently" value="39" />
  <attribute name="CPU Util currently" value="12964261553937" />
<exclusive-end id="657" timestamp="2019-06-15T02:19:02.990" durationms="3.775" />

<exclusive-start id="658" timestamp="2019-06-15T02:19:02.995" intervalms="9.529">
  <response-info timems="0.514" idlems="0.270" threads="1" lastid="00000000022E3500" lastname="Thread-9" />
</exclusive-start>
<allocation-taxation id="659" taxation-threshold="9437184" timestamp="2019-06-15T02:19:02.996" intervalms="9.524" />
<gc-start id="660" type="global mark phase" contextid="616" timestamp="2019-06-15T02:19:02.996">
  <mem-info id="661" free="22020096" total="51380224" percent="42">
    <remembered-set count="8288" freebytes="2143360" totalbytes="2176512" percent="98" regionsoverflowed="0" regionsstable="0" regionsrebuilding="2"/>
  </mem-info>
</gc-start>
<gc-op id="662" type="mark increment" timems="1.370" contextid="616" timestamp="2019-06-15T02:19:02.997">
  <trace-info objectcount="8418" scancount="8418" scanbytes="343704" />
  <cardclean-info objects="5602" bytes="283352" />
  <finalization candidates="124" enqueued="0" />
  <ownableSynchronizers candidates="3" cleared="0" />
  <references type="soft" candidates="149" cleared="0" enqueued="0" dynamicThreshold="19" maxThreshold="32" />
  <references type="weak" candidates="773" cleared="0" enqueued="0" />
  <references type="phantom" candidates="64" cleared="0" enqueued="0" />
  <stringconstants candidates="4597" cleared="0"  />
</gc-op>
<gc-op id="663" type="classunload" timems="0.002" contextid="616" timestamp="2019-06-15T02:19:02.997">
  <classunload-info classloadercandidates="8" classloadersunloaded="0" classesunloaded="0" anonymousclassesunloaded="0" quiescems="0.000" setupms="0.002" scanms="0.000" postms="0.000" />
</gc-op>
<gc-end id="664" type="global mark phase" contextid="616" durationms="1.713" usertimems="4.000" systemtimems="0.000" timestamp="2019-06-15T02:19:02.998" activeThreads="4">
  <mem-info id="665" free="22020096" total="51380224" percent="42">
    <remembered-set count="9312" freebytes="2139264" totalbytes="2176512" percent="98" regionsoverflowed="0" regionsstable="0" regionsrebuilding="0"/>
  </mem-info>
</gc-end>
<cycle-end id="666" type="global mark phase" contextid="616" timestamp="2019-06-15T02:19:02.998" />
  <attribute name="elasticGC enabled" value="1" />
  <attribute name= "numThreadsSpecified" value="4" />
  <attribute name="heapSize specified" value="0" />
  <attribute name="Current GC Util" value="138" />
  <attribute name= "Current Time Running" value="2041" />
  <attribute name ="GC Interval" value="0" />
  <attribute name="ProportionalT" value="59.000000" />
  <attribute name="ProportionalI" value="59.000000" />
  <attribute name="ProportionalH" value="59.000000" />
  <attribute name="Current Error" value="118.000000" />
  <attribute name="IntegralT" value="0.000000" />
  <attribute name="IntegralI" value="0.000000" />
  <attribute name="IntegralH" value="0.000000" />
  <attribute name="DerivativeT" value="-inf" />
  <attribute name="DerivativeI" value="-inf" />
  <attribute name="DerivativeH" value="-inf" />
  <attribute name="Loop Time for DT" value="0.000000" />
  <attribute name="Output H" value="2091843584"/>
  <attribute name="Output I" value="200"/>
  <attribute name="Output T" value="4"/>
  <attribute name="Target GC Util Change" value ="20.000000" />
  <attribute name="Current GC Util Change" value="138.000000"/>
  <attribute name="GC Util currently" value="138" />
  <attribute name="CPU Util currently" value="16705617746423" />
<exclusive-end id="667" timestamp="2019-06-15T02:19:02.998" durationms="2.319" />

<exclusive-start id="668" timestamp="2019-06-15T02:19:03.005" intervalms="9.654">
  <response-info timems="1.418" idlems="0.717" threads="1" lastid="00000000022E3500" lastname="Thread-9" />
</exclusive-start>
<allocation-taxation id="669" taxation-threshold="9437184" timestamp="2019-06-15T02:19:03.005" intervalms="9.570" />
<cycle-start id="670" type="partial gc" contextid="0" timestamp="2019-06-15T02:19:03.005" intervalms="19.050" />
<gc-start id="671" type="partial gc" contextid="670" timestamp="2019-06-15T02:19:03.005">
  <mem-info id="672" free="12582912" total="51380224" percent="24">
    <mem type="eden" free="0" total="18874368" percent="0" />
    <remembered-set count="5856" freebytes="2153088" totalbytes="2176512" percent="98" regionsoverflowed="0" regionsstable="2" regionsrebuilding="0"/>
  </mem-info>
</gc-start>
<allocation-stats totalBytes="18872056" >
  <allocated-bytes non-tlh="0" tlh="18872056" arrayletleaf="0"/>
  <largest-consumer threadName="Thread-7" threadId="00000000022DF900" bytes="3145384" />
</allocation-stats>
<gc-op id="673" type="sweep" timems="0.442" contextid="670" timestamp="2019-06-15T02:19:03.006" />
<gc-op id="674" type="copy forward" timems="1.166" contextid="670" timestamp="2019-06-15T02:19:03.008">
  <memory-copied type="eden" objects="1305" bytes="32872" bytesdiscarded="1420" />
  <memory-copied type="other" objects="3386" bytes="81288" bytesdiscarded="3580" />
  <memory-cardclean objects="8716" bytes="441496" />
  <regions eden="9" other="11" />
  <remembered-set-cleared processed="1782" cleared="850" durationms="0.075" />
  <stringconstants candidates="4597" cleared="0"  />
</gc-op>
<gc-op id="675" type="classunload" timems="0.002" contextid="670" timestamp="2019-06-15T02:19:03.008">
  <classunload-info classloadercandidates="8" classloadersunloaded="0" classesunloaded="0" anonymousclassesunloaded="0" quiescems="0.000" setupms="0.002" scanms="0.000" postms="0.000" />
</gc-op>
<heap-resize id="676" type="contract" space="default" amount="3145728" count="1" timems="0.251" reason="excess free space following gc" timestamp="2019-06-15T02:19:03.008" />
<gc-end id="677" type="partial gc" contextid="670" durationms="3.062" usertimems="4.000" systemtimems="0.000" timestamp="2019-06-15T02:19:03.008" activeThreads="4">
  <mem-info id="678" free="34603008" total="48234496" percent="71">
    <mem type="eden" free="983984" total="1048576" percent="93" />
    <remembered-set count="3712" freebytes="2036096" totalbytes="2050944" percent="99" regionsoverflowed="0" regionsstable="2" regionsrebuilding="0"/>
  </mem-info>
</gc-end>
<cycle-end id="679" type="partial gc" contextid="670" timestamp="2019-06-15T02:19:03.009" />
  <attribute name="elasticGC enabled" value="1" />
  <attribute name= "numThreadsSpecified" value="4" />
  <attribute name="heapSize specified" value="0" />
  <attribute name="Current GC Util" value="43" />
  <attribute name= "Current Time Running" value="2051" />
  <attribute name ="GC Interval" value="0" />
  <attribute name="ProportionalT" value="11.500000" />
  <attribute name="ProportionalI" value="11.500000" />
  <attribute name="ProportionalH" value="11.500000" />
  <attribute name="Current Error" value="23.000000" />
  <attribute name="IntegralT" value="0.000000" />
  <attribute name="IntegralI" value="0.000000" />
  <attribute name="IntegralH" value="0.000000" />
  <attribute name="DerivativeT" value="-inf" />
  <attribute name="DerivativeI" value="-inf" />
  <attribute name="DerivativeH" value="-inf" />
  <attribute name="Loop Time for DT" value="0.000000" />
  <attribute name="Output H" value="2091843584"/>
  <attribute name="Output I" value="200"/>
  <attribute name="Output T" value="4"/>
  <attribute name="Target GC Util Change" value ="20.000000" />
  <attribute name="Current GC Util Change" value="43.000000"/>
  <attribute name="GC Util currently" value="43" />
  <attribute name="CPU Util currently" value="15285465265774" />
<exclusive-end id="680" timestamp="2019-06-15T02:19:03.009" durationms="3.623" />

<exclusive-start id="681" timestamp="2019-06-15T02:19:03.014" intervalms="9.260">
  <response-info timems="0.327" idlems="0.190" threads="1" lastid="00000000022E3500" lastname="Thread-9" />
</exclusive-start>
<allocation-taxation id="682" taxation-threshold="9437184" timestamp="2019-06-15T02:19:03.015" intervalms="9.300" />
<cycle-start id="683" type="global mark phase" contextid="0" timestamp="2019-06-15T02:19:03.015" intervalms="52.813" />
<gc-start id="684" type="global mark phase" contextid="683" timestamp="2019-06-15T02:19:03.015">
  <mem-info id="685" free="25165824" total="48234496" percent="52">
    <remembered-set count="3680" freebytes="2036224" totalbytes="2050944" percent="99" regionsoverflowed="0" regionsstable="2" regionsrebuilding="0"/>
  </mem-info>
</gc-start>
<gc-op id="686" type="mark increment" timems="0.955" contextid="683" timestamp="2019-06-15T02:19:03.016">
  <trace-info objectcount="26899" scancount="19168" scanbytes="861016" />
</gc-op>
<gc-end id="687" type="global mark phase" contextid="683" durationms="1.110" usertimems="0.000" systemtimems="0.000" timestamp="2019-06-15T02:19:03.016" activeThreads="4">
  <mem-info id="688" free="25165824" total="48234496" percent="52">
    <remembered-set count="5216" freebytes="2030080" totalbytes="2050944" percent="98" regionsoverflowed="0" regionsstable="0" regionsrebuilding="2"/>
  </mem-info>
</gc-end>
<concurrent-start id="689" type="GMP work packet processing" contextid="683" timestamp="2019-06-15T02:19:03.016">
  <concurrent-mark-start scanTarget="2788192" />
</concurrent-start>
<exclusive-end id="690" timestamp="2019-06-15T02:19:03.016" durationms="1.615" />

<concurrent-end id="691" type="GMP work packet processing" contextid="683" timestamp="2019-06-15T02:19:03.019">
  <concurrent-mark-end bytesScanned="1623252" reasonForTermination="Completed all work in GC phase" />
</concurrent-end>

<exclusive-start id="692" timestamp="2019-06-15T02:19:03.023" intervalms="8.714">
  <response-info timems="0.027" idlems="0.027" threads="0" lastid="00000000022E3500" lastname="Thread-9" />
</exclusive-start>
<allocation-taxation id="693" taxation-threshold="9437184" timestamp="2019-06-15T02:19:03.023" intervalms="8.679" />
<cycle-start id="694" type="partial gc" contextid="0" timestamp="2019-06-15T02:19:03.023" intervalms="18.026" />
<gc-start id="695" type="partial gc" contextid="694" timestamp="2019-06-15T02:19:03.024">
  <mem-info id="696" free="15728640" total="48234496" percent="32">
    <mem type="eden" free="0" total="18874368" percent="0" />
    <remembered-set count="6432" freebytes="2025216" totalbytes="2050944" percent="98" regionsoverflowed="0" regionsstable="0" regionsrebuilding="2"/>
  </mem-info>
</gc-start>
<allocation-stats totalBytes="18871904" >
  <allocated-bytes non-tlh="0" tlh="18871904" arrayletleaf="0"/>
  <largest-consumer threadName="Thread-10" threadId="00000000022DBD00" bytes="3407536" />
</allocation-stats>
<gc-op id="697" type="copy forward" timems="1.430" contextid="694" timestamp="2019-06-15T02:19:03.026">
  <memory-copied type="eden" objects="3172" bytes="77512" bytesdiscarded="4648" />
  <memory-copied type="other" objects="2972" bytes="71328" bytesdiscarded="3040" />
  <memory-cardclean objects="9578" bytes="461336" />
  <regions eden="18" other="2" />
  <remembered-set-cleared processed="4246" cleared="1296" durationms="0.080" />
  <stringconstants candidates="4597" cleared="0"  />
</gc-op>
<gc-op id="698" type="classunload" timems="0.003" contextid="694" timestamp="2019-06-15T02:19:03.026">
  <classunload-info classloadercandidates="8" classloadersunloaded="0" classesunloaded="0" anonymousclassesunloaded="0" quiescems="0.000" setupms="0.003" scanms="0.000" postms="0.000" />
</gc-op>
<heap-resize id="699" type="contract" space="default" amount="3145728" count="1" timems="0.211" reason="excess free space following gc" timestamp="2019-06-15T02:19:03.026" />
<gc-end id="700" type="partial gc" contextid="694" durationms="2.770" usertimems="4.000" systemtimems="0.000" timestamp="2019-06-15T02:19:03.026" activeThreads="4">
  <mem-info id="701" free="30408704" total="45088768" percent="67">
    <mem type="eden" free="966416" total="1048576" percent="92" />
    <remembered-set count="7488" freebytes="1895424" totalbytes="1925376" percent="98" regionsoverflowed="0" regionsstable="0" regionsrebuilding="2"/>
  </mem-info>
</gc-end>
<cycle-end id="702" type="partial gc" contextid="694" timestamp="2019-06-15T02:19:03.026" />
  <attribute name="elasticGC enabled" value="1" />
  <attribute name= "numThreadsSpecified" value="4" />
  <attribute name="heapSize specified" value="0" />
  <attribute name="Current GC Util" value="50" />
  <attribute name= "Current Time Running" value="2069" />
  <attribute name ="GC Interval" value="0" />
  <attribute name="ProportionalT" value="15.000000" />
  <attribute name="ProportionalI" value="15.000000" />
  <attribute name="ProportionalH" value="15.000000" />
  <attribute name="Current Error" value="30.000000" />
  <attribute name="IntegralT" value="30.000000" />
  <attribute name="IntegralI" value="30.000000" />
  <attribute name="IntegralH" value="30.000000" />
  <attribute name="DerivativeT" value="30.000000" />
  <attribute name="DerivativeI" value="30.000000" />
  <attribute name="DerivativeH" value="30.000000" />
  <attribute name="Loop Time for DT" value="1.000000" />
  <attribute name="Output H" value="8388608"/>
  <attribute name="Output I" value="200"/>
  <attribute name="Output T" value="4"/>
  <attribute name="Target GC Util Change" value ="20.000000" />
  <attribute name="Current GC Util Change" value="50.000000"/>
  <attribute name="GC Util currently" value="50" />
  <attribute name="CPU Util currently" value="14484120442426" />
<exclusive-end id="703" timestamp="2019-06-15T02:19:03.027" durationms="3.580" />

<exclusive-start id="704" timestamp="2019-06-15T02:19:03.031" intervalms="8.325">
  <response-info timems="0.027" idlems="0.027" threads="0" lastid="00000000022E7100" lastname="Thread-8" />
</exclusive-start>
<allocation-taxation id="705" taxation-threshold="8388608" timestamp="2019-06-15T02:19:03.032" intervalms="8.395" />
<gc-start id="706" type="global mark phase" contextid="683" timestamp="2019-06-15T02:19:03.032">
  <mem-info id="707" free="22020096" total="45088768" percent="48">
    <remembered-set count="7264" freebytes="1896320" totalbytes="1925376" percent="98" regionsoverflowed="0" regionsstable="0" regionsrebuilding="2"/>
  </mem-info>
</gc-start>
<gc-op id="708" type="mark increment" timems="1.338" contextid="683" timestamp="2019-06-15T02:19:03.033">
  <trace-info objectcount="8774" scancount="8774" scanbytes="352400" />
  <cardclean-info objects="11000" bytes="540224" />
  <finalization candidates="124" enqueued="0" />
  <ownableSynchronizers candidates="3" cleared="0" />
  <references type="soft" candidates="149" cleared="0" enqueued="0" dynamicThreshold="21" maxThreshold="32" />
  <references type="weak" candidates="773" cleared="0" enqueued="0" />
  <references type="phantom" candidates="64" cleared="0" enqueued="0" />
  <stringconstants candidates="4597" cleared="0"  />
</gc-op>
<gc-op id="709" type="classunload" timems="0.002" contextid="683" timestamp="2019-06-15T02:19:03.033">
  <classunload-info classloadercandidates="8" classloadersunloaded="0" classesunloaded="0" anonymousclassesunloaded="0" quiescems="0.000" setupms="0.002" scanms="0.000" postms="0.000" />
</gc-op>
<gc-end id="710" type="global mark phase" contextid="683" durationms="1.673" usertimems="4.000" systemtimems="0.000" timestamp="2019-06-15T02:19:03.033" activeThreads="4">
  <mem-info id="711" free="22020096" total="45088768" percent="48">
    <remembered-set count="7776" freebytes="1894272" totalbytes="1925376" percent="98" regionsoverflowed="0" regionsstable="0" regionsrebuilding="0"/>
  </mem-info>
</gc-end>
<cycle-end id="712" type="global mark phase" contextid="683" timestamp="2019-06-15T02:19:03.033" />
  <attribute name="elasticGC enabled" value="1" />
  <attribute name= "numThreadsSpecified" value="4" />
  <attribute name="heapSize specified" value="0" />
  <attribute name="Current GC Util" value="145" />
  <attribute name= "Current Time Running" value="2077" />
  <attribute name ="GC Interval" value="0" />
  <attribute name="ProportionalT" value="62.500000" />
  <attribute name="ProportionalI" value="62.500000" />
  <attribute name="ProportionalH" value="62.500000" />
  <attribute name="Current Error" value="125.000000" />
  <attribute name="IntegralT" value="0.000000" />
  <attribute name="IntegralI" value="0.000000" />
  <attribute name="IntegralH" value="0.000000" />
  <attribute name="DerivativeT" value="-inf" />
  <attribute name="DerivativeI" value="-inf" />
  <attribute name="DerivativeH" value="-inf" />
  <attribute name="Loop Time for DT" value="0.000000" />
  <attribute name="Output H" value="2091843584"/>
  <attribute name="Output I" value="200"/>
  <attribute name="Output T" value="4"/>
  <attribute name="Target GC Util Change" value ="20.000000" />
  <attribute name="Current GC Util Change" value="145.000000"/>
  <attribute name="GC Util currently" value="145" />
  <attribute name="CPU Util currently" value="21404305344252" />
<exclusive-end id="713" timestamp="2019-06-15T02:19:03.034" durationms="2.170" />

<exclusive-start id="714" timestamp="2019-06-15T02:19:03.038" intervalms="7.014">
  <response-info timems="0.019" idlems="0.019" threads="0" lastid="00000000022E7100" lastname="Thread-8" />
</exclusive-start>
<allocation-taxation id="715" taxation-threshold="8388608" timestamp="2019-06-15T02:19:03.039" intervalms="6.973" />
<cycle-start id="716" type="partial gc" contextid="0" timestamp="2019-06-15T02:19:03.039" intervalms="15.358" />
<gc-start id="717" type="partial gc" contextid="716" timestamp="2019-06-15T02:19:03.039">
  <mem-info id="718" free="13631488" total="45088768" percent="30">
    <mem type="eden" free="0" total="16777216" percent="0" />
    <remembered-set count="4352" freebytes="1907968" totalbytes="1925376" percent="99" regionsoverflowed="0" regionsstable="2" regionsrebuilding="0"/>
  </mem-info>
</gc-start>
<allocation-stats totalBytes="16775064" >
  <allocated-bytes non-tlh="0" tlh="16775064" arrayletleaf="0"/>
  <largest-consumer threadName="Thread-9" threadId="00000000022E3500" bytes="2490056" />
</allocation-stats>
<gc-op id="719" type="sweep" timems="0.333" contextid="716" timestamp="2019-06-15T02:19:03.039" />
<gc-op id="720" type="copy forward" timems="1.442" contextid="716" timestamp="2019-06-15T02:19:03.041">
  <memory-copied type="eden" objects="1402" bytes="35216" bytesdiscarded="3052" />
  <memory-copied type="other" objects="10181" bytes="381720" bytesdiscarded="17156" />
  <memory-cardclean objects="8697" bytes="423544" />
  <regions eden="8" other="10" />
  <remembered-set-cleared processed="2378" cleared="633" durationms="0.074" />
  <stringconstants candidates="4597" cleared="0"  />
</gc-op>
<gc-op id="721" type="classunload" timems="0.001" contextid="716" timestamp="2019-06-15T02:19:03.041">
  <classunload-info classloadercandidates="8" classloadersunloaded="0" classesunloaded="0" anonymousclassesunloaded="0" quiescems="0.000" setupms="0.001" scanms="0.000" postms="0.000" />
</gc-op>
<heap-resize id="722" type="contract" space="default" amount="3145728" count="1" timems="0.229" reason="excess free space following gc" timestamp="2019-06-15T02:19:03.042" />
<gc-end id="723" type="partial gc" contextid="716" durationms="3.272" usertimems="4.000" systemtimems="0.000" timestamp="2019-06-15T02:19:03.042" activeThreads="4">
  <mem-info id="724" free="26214400" total="41943040" percent="62">
    <mem type="eden" free="690816" total="1048576" percent="65" />
    <remembered-set count="4768" freebytes="1780736" totalbytes="1799808" percent="98" regionsoverflowed="0" regionsstable="2" regionsrebuilding="0"/>
  </mem-info>
</gc-end>
<cycle-end id="725" type="partial gc" contextid="716" timestamp="2019-06-15T02:19:03.042" />
  <attribute name="elasticGC enabled" value="1" />
  <attribute name= "numThreadsSpecified" value="4" />
  <attribute name="heapSize specified" value="0" />
  <attribute name="Current GC Util" value="37" />
  <attribute name= "Current Time Running" value="2084" />
  <attribute name ="GC Interval" value="0" />
  <attribute name="ProportionalT" value="8.500000" />
  <attribute name="ProportionalI" value="8.500000" />
  <attribute name="ProportionalH" value="8.500000" />
  <attribute name="Current Error" value="17.000000" />
  <attribute name="IntegralT" value="0.000000" />
  <attribute name="IntegralI" value="0.000000" />
  <attribute name="IntegralH" value="0.000000" />
  <attribute name="DerivativeT" value="-inf" />
  <attribute name="DerivativeI" value="-inf" />
  <attribute name="DerivativeH" value="-inf" />
  <attribute name="Loop Time for DT" value="0.000000" />
  <attribute name="Output H" value="2091843584"/>
  <attribute name="Output I" value="200"/>
  <attribute name="Output T" value="4"/>
  <attribute name="Target GC Util Change" value ="20.000000" />
  <attribute name="Current GC Util Change" value="37.000000"/>
  <attribute name="GC Util currently" value="37" />
  <attribute name="CPU Util currently" value="14516856729743" />
<exclusive-end id="726" timestamp="2019-06-15T02:19:03.042" durationms="3.957" />

<exclusive-start id="727" timestamp="2019-06-15T02:19:03.050" intervalms="11.100">
  <response-info timems="1.510" idlems="0.763" threads="1" lastid="00000000022E3500" lastname="Thread-9" />
</exclusive-start>
<allocation-taxation id="728" taxation-threshold="8388608" timestamp="2019-06-15T02:19:03.050" intervalms="11.164" />
<cycle-start id="729" type="global mark phase" contextid="0" timestamp="2019-06-15T02:19:03.050" intervalms="35.191" />
<gc-start id="730" type="global mark phase" contextid="729" timestamp="2019-06-15T02:19:03.050">
  <mem-info id="731" free="17825792" total="41943040" percent="42">
    <remembered-set count="4736" freebytes="1780864" totalbytes="1799808" percent="98" regionsoverflowed="0" regionsstable="2" regionsrebuilding="0"/>
  </mem-info>
</gc-start>
<gc-op id="732" type="mark increment" timems="0.733" contextid="729" timestamp="2019-06-15T02:19:03.051">
  <trace-info objectcount="10731" scancount="129" scanbytes="50576" />
</gc-op>
<gc-end id="733" type="global mark phase" contextid="729" durationms="0.881" usertimems="0.000" systemtimems="0.000" timestamp="2019-06-15T02:19:03.051" activeThreads="1">
  <mem-info id="734" free="17825792" total="41943040" percent="42">
    <remembered-set count="5248" freebytes="1778816" totalbytes="1799808" percent="98" regionsoverflowed="0" regionsstable="0" regionsrebuilding="2"/>
  </mem-info>
</gc-end>
<concurrent-start id="735" type="GMP work packet processing" contextid="729" timestamp="2019-06-15T02:19:03.051">
  <concurrent-mark-start scanTarget="1236978" />
</concurrent-start>
<concurrent-end id="736" type="GMP work packet processing" contextid="729" timestamp="2019-06-15T02:19:03.052">
  <concurrent-mark-end bytesScanned="1292828" reasonForTermination="Work target met" />
</concurrent-end>

<exclusive-end id="737" timestamp="2019-06-15T02:19:03.052" durationms="2.183" />

<exclusive-start id="738" timestamp="2019-06-15T02:19:03.059" intervalms="9.602">
  <response-info timems="0.020" idlems="0.020" threads="0" lastid="00000000022E7100" lastname="Thread-8" />
</exclusive-start>
<allocation-taxation id="739" taxation-threshold="8388608" timestamp="2019-06-15T02:19:03.059" intervalms="9.518" />
<cycle-start id="740" type="partial gc" contextid="0" timestamp="2019-06-15T02:19:03.059" intervalms="20.680" />
<gc-start id="741" type="partial gc" contextid="740" timestamp="2019-06-15T02:19:03.060">
  <mem-info id="742" free="9437184" total="41943040" percent="22">
    <mem type="eden" free="0" total="16777216" percent="0" />
    <remembered-set count="6176" freebytes="1775104" totalbytes="1799808" percent="98" regionsoverflowed="0" regionsstable="0" regionsrebuilding="2"/>
  </mem-info>
</gc-start>
<allocation-stats totalBytes="16775168" >
  <allocated-bytes non-tlh="0" tlh="16775168" arrayletleaf="0"/>
  <largest-consumer threadName="Thread-10" threadId="00000000022DBD00" bytes="2883232" />
</allocation-stats>
<gc-op id="743" type="copy forward" timems="1.653" contextid="740" timestamp="2019-06-15T02:19:03.062">
  <memory-copied type="eden" objects="3414" bytes="83624" bytesdiscarded="9584" />
  <memory-copied type="other" objects="8812" bytes="348864" bytesdiscarded="23064" />
  <memory-cardclean objects="8077" bytes="384936" />
  <regions eden="16" other="2" />
  <remembered-set-cleared processed="3960" cleared="1281" durationms="0.082" />
  <stringconstants candidates="4597" cleared="0"  />
</gc-op>
<gc-op id="744" type="classunload" timems="0.002" contextid="740" timestamp="2019-06-15T02:19:03.062">
  <classunload-info classloadercandidates="8" classloadersunloaded="0" classesunloaded="0" anonymousclassesunloaded="0" quiescems="0.000" setupms="0.002" scanms="0.000" postms="0.000" />
</gc-op>
<heap-resize id="745" type="expand" space="default" amount="3145728" count="1" timems="0.053" reason="excessive time being spent in gc" timestamp="2019-06-15T02:19:03.062" />
<gc-end id="746" type="partial gc" contextid="740" durationms="2.691" usertimems="4.000" systemtimems="0.000" timestamp="2019-06-15T02:19:03.062" activeThreads="4">
  <mem-info id="747" free="27262976" total="45088768" percent="60">
    <mem type="eden" free="2003944" total="2097152" percent="95" />
    <remembered-set count="7872" freebytes="1768320" totalbytes="1799808" percent="98" regionsoverflowed="0" regionsstable="0" regionsrebuilding="2"/>
  </mem-info>
</gc-end>
<cycle-end id="748" type="partial gc" contextid="740" timestamp="2019-06-15T02:19:03.062" />
  <attribute name="elasticGC enabled" value="1" />
  <attribute name= "numThreadsSpecified" value="4" />
  <attribute name="heapSize specified" value="0" />
  <attribute name="Current GC Util" value="0" />
  <attribute name= "Current Time Running" value="2105" />
  <attribute name ="GC Interval" value="0" />
  <attribute name="ProportionalT" value="-10.000000" />
  <attribute name="ProportionalI" value="-10.000000" />
  <attribute name="ProportionalH" value="-10.000000" />
  <attribute name="Current Error" value="-20.000000" />
  <attribute name="IntegralT" value="-20.000000" />
  <attribute name="IntegralI" value="-20.000000" />
  <attribute name="IntegralH" value="-20.000000" />
  <attribute name="DerivativeT" value="-21.000000" />
  <attribute name="DerivativeI" value="-21.000000" />
  <attribute name="DerivativeH" value="-21.000000" />
  <attribute name="Loop Time for DT" value="1.000000" />
  <attribute name="Output H" value="2091843584"/>
  <attribute name="Output I" value="200"/>
  <attribute name="Output T" value="4"/>
  <attribute name="Target GC Util Change" value ="20.000000" />
  <attribute name="Current GC Util Change" value="0.000000"/>
  <attribute name="GC Util currently" value="0" />
  <attribute name="CPU Util currently" value="17548606373775" />
<exclusive-end id="749" timestamp="2019-06-15T02:19:03.063" durationms="3.367" />

<exclusive-start id="750" timestamp="2019-06-15T02:19:03.073" intervalms="13.726">
  <response-info timems="0.024" idlems="0.024" threads="0" lastid="00000000022E3500" lastname="Thread-9" />
</exclusive-start>
<allocation-taxation id="751" taxation-threshold="8388608" timestamp="2019-06-15T02:19:03.073" intervalms="13.782" />
<gc-start id="752" type="global mark phase" contextid="729" timestamp="2019-06-15T02:19:03.073">
  <mem-info id="753" free="18874368" total="45088768" percent="41">
    <remembered-set count="7488" freebytes="1769856" totalbytes="1799808" percent="98" regionsoverflowed="0" regionsstable="0" regionsrebuilding="2"/>
  </mem-info>
</gc-start>
<gc-end id="754" type="global mark phase" contextid="729" durationms="0.094" usertimems="0.000" systemtimems="0.000" timestamp="2019-06-15T02:19:03.073" activeThreads="4">
  <mem-info id="755" free="18874368" total="45088768" percent="41">
    <remembered-set count="7488" freebytes="1769856" totalbytes="1799808" percent="98" regionsoverflowed="0" regionsstable="0" regionsrebuilding="2"/>
  </mem-info>
</gc-end>
<concurrent-start id="756" type="GMP work packet processing" contextid="729" timestamp="2019-06-15T02:19:03.073">
  <concurrent-mark-start scanTarget="2473956" />
</concurrent-start>
<exclusive-end id="757" timestamp="2019-06-15T02:19:03.074" durationms="0.641" />

<concurrent-end id="758" type="GMP work packet processing" contextid="729" timestamp="2019-06-15T02:19:03.074">
  <concurrent-mark-end bytesScanned="1240152" reasonForTermination="Completed all work in GC phase" />
</concurrent-end>

<exclusive-start id="759" timestamp="2019-06-15T02:19:03.084" intervalms="11.021">
  <response-info timems="0.025" idlems="0.025" threads="0" lastid="00000000022DBD00" lastname="Thread-10" />
</exclusive-start>
<allocation-taxation id="760" taxation-threshold="8388608" timestamp="2019-06-15T02:19:03.084" intervalms="10.968" />
<cycle-start id="761" type="partial gc" contextid="0" timestamp="2019-06-15T02:19:03.084" intervalms="24.783" />
<gc-start id="762" type="partial gc" contextid="761" timestamp="2019-06-15T02:19:03.084">
  <mem-info id="763" free="10485760" total="45088768" percent="23">
    <mem type="eden" free="0" total="16777216" percent="0" />
    <remembered-set count="8320" freebytes="1766528" totalbytes="1799808" percent="98" regionsoverflowed="0" regionsstable="0" regionsrebuilding="2"/>
  </mem-info>
</gc-start>
<allocation-stats totalBytes="16774992" >
  <allocated-bytes non-tlh="0" tlh="16774992" arrayletleaf="0"/>
  <largest-consumer threadName="Thread-9" threadId="00000000022E3500" bytes="2486024" />
</allocation-stats>
<gc-op id="764" type="copy forward" timems="2.166" contextid="761" timestamp="2019-06-15T02:19:03.087">
  <memory-copied type="eden" objects="8236" bytes="336672" bytesdiscarded="0" />
  <memory-copied type="other" objects="4251" bytes="102024" bytesdiscarded="0" />
  <memory-cardclean objects="8930" bytes="452696" />
  <regions eden="16" other="3" />
  <remembered-set-cleared processed="6077" cleared="1294" durationms="0.136" />
  <stringconstants candidates="4597" cleared="0"  />
</gc-op>
<gc-op id="765" type="classunload" timems="0.002" contextid="761" timestamp="2019-06-15T02:19:03.087">
  <classunload-info classloadercandidates="8" classloadersunloaded="0" classesunloaded="0" anonymousclassesunloaded="0" quiescems="0.000" setupms="0.002" scanms="0.000" postms="0.000" />
</gc-op>
<gc-end id="766" type="partial gc" contextid="761" durationms="3.289" usertimems="4.000" systemtimems="0.000" timestamp="2019-06-15T02:19:03.088" activeThreads="1">
  <mem-info id="767" free="27262976" total="45088768" percent="60">
    <mem type="eden" free="711904" total="1048576" percent="67" />
    <remembered-set count="8672" freebytes="1765120" totalbytes="1799808" percent="98" regionsoverflowed="0" regionsstable="0" regionsrebuilding="2"/>
  </mem-info>
</gc-end>
<cycle-end id="768" type="partial gc" contextid="761" timestamp="2019-06-15T02:19:03.088" />
  <attribute name="elasticGC enabled" value="1" />
  <attribute name= "numThreadsSpecified" value="1" />
  <attribute name="heapSize specified" value="0" />
  <attribute name="Current GC Util" value="54" />
  <attribute name= "Current Time Running" value="2129" />
  <attribute name ="GC Interval" value="0" />
  <attribute name="ProportionalT" value="17.000000" />
  <attribute name="ProportionalI" value="17.000000" />
  <attribute name="ProportionalH" value="17.000000" />
  <attribute name="Current Error" value="34.000000" />
  <attribute name="IntegralT" value="0.000000" />
  <attribute name="IntegralI" value="0.000000" />
  <attribute name="IntegralH" value="0.000000" />
  <attribute name="DerivativeT" value="inf" />
  <attribute name="DerivativeI" value="inf" />
  <attribute name="DerivativeH" value="inf" />
  <attribute name="Loop Time for DT" value="0.000000" />
  <attribute name="Output H" value="8388608"/>
  <attribute name="Output I" value="200"/>
  <attribute name="Output T" value="1"/>
  <attribute name="Target GC Util Change" value ="20.000000" />
  <attribute name="Current GC Util Change" value="54.000000"/>
  <attribute name="GC Util currently" value="54" />
  <attribute name="CPU Util currently" value="19849466119038" />
<exclusive-end id="769" timestamp="2019-06-15T02:19:03.088" durationms="4.196" />

<exclusive-start id="770" timestamp="2019-06-15T02:19:03.093" intervalms="9.310">
  <response-info timems="0.022" idlems="0.022" threads="0" lastid="00000000022DBD00" lastname="Thread-10" />
</exclusive-start>
<allocation-taxation id="771" taxation-threshold="8388608" timestamp="2019-06-15T02:19:03.093" intervalms="9.420" />
<gc-start id="772" type="global mark phase" contextid="729" timestamp="2019-06-15T02:19:03.094">
  <mem-info id="773" free="18874368" total="45088768" percent="41">
    <remembered-set count="8416" freebytes="1766144" totalbytes="1799808" percent="98" regionsoverflowed="0" regionsstable="0" regionsrebuilding="2"/>
  </mem-info>
</gc-start>
<gc-op id="774" type="mark increment" timems="1.445" contextid="729" timestamp="2019-06-15T02:19:03.095">
  <trace-info objectcount="6342" scancount="6342" scanbytes="296540" />
  <cardclean-info objects="18217" bytes="839020" />
  <finalization candidates="124" enqueued="0" />
  <ownableSynchronizers candidates="3" cleared="0" />
  <references type="soft" candidates="149" cleared="0" enqueued="0" dynamicThreshold="19" maxThreshold="32" />
  <references type="weak" candidates="773" cleared="0" enqueued="0" />
  <references type="phantom" candidates="64" cleared="0" enqueued="0" />
  <stringconstants candidates="4597" cleared="0"  />
</gc-op>
<gc-op id="775" type="classunload" timems="0.002" contextid="729" timestamp="2019-06-15T02:19:03.095">
  <classunload-info classloadercandidates="8" classloadersunloaded="0" classesunloaded="0" anonymousclassesunloaded="0" quiescems="0.000" setupms="0.002" scanms="0.000" postms="0.000" />
</gc-op>
<gc-end id="776" type="global mark phase" contextid="729" durationms="1.755" usertimems="4.000" systemtimems="0.000" timestamp="2019-06-15T02:19:03.095" activeThreads="4">
  <mem-info id="777" free="18874368" total="45088768" percent="41">
    <remembered-set count="9440" freebytes="1762048" totalbytes="1799808" percent="97" regionsoverflowed="0" regionsstable="0" regionsrebuilding="0"/>
  </mem-info>
</gc-end>
<cycle-end id="778" type="global mark phase" contextid="729" timestamp="2019-06-15T02:19:03.095" />
  <attribute name="elasticGC enabled" value="1" />
  <attribute name= "numThreadsSpecified" value="4" />
  <attribute name="heapSize specified" value="0" />
  <attribute name="Current GC Util" value="85" />
  <attribute name= "Current Time Running" value="2139" />
  <attribute name ="GC Interval" value="0" />
  <attribute name="ProportionalT" value="32.500000" />
  <attribute name="ProportionalI" value="32.500000" />
  <attribute name="ProportionalH" value="32.500000" />
  <attribute name="Current Error" value="65.000000" />
  <attribute name="IntegralT" value="0.000000" />
  <attribute name="IntegralI" value="0.000000" />
  <attribute name="IntegralH" value="0.000000" />
  <attribute name="DerivativeT" value="-inf" />
  <attribute name="DerivativeI" value="-inf" />
  <attribute name="DerivativeH" value="-inf" />
  <attribute name="Loop Time for DT" value="0.000000" />
  <attribute name="Output H" value="2091843584"/>
  <attribute name="Output I" value="200"/>
  <attribute name="Output T" value="4"/>
  <attribute name="Target GC Util Change" value ="20.000000" />
  <attribute name="Current GC Util Change" value="85.000000"/>
  <attribute name="GC Util currently" value="85" />
  <attribute name="CPU Util currently" value="16487619184905" />
<exclusive-end id="779" timestamp="2019-06-15T02:19:03.095" durationms="2.284" />

<exclusive-start id="780" timestamp="2019-06-15T02:19:03.100" intervalms="7.240">
  <response-info timems="0.205" idlems="0.205" threads="0" lastid="00000000022DF900" lastname="Thread-7" />
</exclusive-start>
<allocation-taxation id="781" taxation-threshold="8388608" timestamp="2019-06-15T02:19:03.101" intervalms="7.130" />
<cycle-start id="782" type="partial gc" contextid="0" timestamp="2019-06-15T02:19:03.101" intervalms="16.529" />
<gc-start id="783" type="partial gc" contextid="782" timestamp="2019-06-15T02:19:03.101">
  <mem-info id="784" free="10485760" total="45088768" percent="23">
    <mem type="eden" free="0" total="16777216" percent="0" />
    <remembered-set count="9344" freebytes="1762432" totalbytes="1799808" percent="97" regionsoverflowed="0" regionsstable="0" regionsrebuilding="0"/>
  </mem-info>
</gc-start>
<allocation-stats totalBytes="16775088" >
  <allocated-bytes non-tlh="0" tlh="16775088" arrayletleaf="0"/>
  <largest-consumer threadName="Thread-9" threadId="00000000022E3500" bytes="2752256" />
</allocation-stats>
<gc-op id="785" type="sweep" timems="0.459" contextid="782" timestamp="2019-06-15T02:19:03.101" />
<gc-op id="786" type="copy forward" timems="1.869" contextid="782" timestamp="2019-06-15T02:19:03.104">
  <memory-copied type="eden" objects="5135" bytes="227968" bytesdiscarded="0" />
  <memory-copied type="other" objects="8723" bytes="346728" bytesdiscarded="0" />
  <memory-cardclean objects="6048" bytes="299744" />
  <regions eden="8" other="10" />
  <remembered-set-cleared processed="7592" cleared="1504" durationms="0.136" />
  <stringconstants candidates="4597" cleared="0"  />
</gc-op>
<gc-op id="787" type="classunload" timems="0.002" contextid="782" timestamp="2019-06-15T02:19:03.104">
  <classunload-info classloadercandidates="8" classloadersunloaded="0" classesunloaded="0" anonymousclassesunloaded="0" quiescems="0.000" setupms="0.002" scanms="0.000" postms="0.000" />
</gc-op>
<heap-resize id="788" type="expand" space="default" amount="2097152" count="1" timems="0.051" reason="excessive time being spent in gc" timestamp="2019-06-15T02:19:03.104" />
<gc-end id="789" type="partial gc" contextid="782" durationms="3.559" usertimems="4.000" systemtimems="0.000" timestamp="2019-06-15T02:19:03.104" activeThreads="1">
  <mem-info id="790" free="28311552" total="47185920" percent="60">
    <mem type="eden" free="809016" total="1048576" percent="77" />
    <remembered-set count="9696" freebytes="1844736" totalbytes="1883520" percent="97" regionsoverflowed="0" regionsstable="0" regionsrebuilding="0"/>
  </mem-info>
</gc-end>
<cycle-end id="791" type="partial gc" contextid="782" timestamp="2019-06-15T02:19:03.104" />
  <attribute name="elasticGC enabled" value="1" />
  <attribute name= "numThreadsSpecified" value="1" />
  <attribute name="heapSize specified" value="0" />
  <attribute name="Current GC Util" value="63" />
  <attribute name= "Current Time Running" value="2146" />
  <attribute name ="GC Interval" value="0" />
  <attribute name="ProportionalT" value="21.500000" />
  <attribute name="ProportionalI" value="21.500000" />
  <attribute name="ProportionalH" value="21.500000" />
  <attribute name="Current Error" value="43.000000" />
  <attribute name="IntegralT" value="0.000000" />
  <attribute name="IntegralI" value="0.000000" />
  <attribute name="IntegralH" value="0.000000" />
  <attribute name="DerivativeT" value="inf" />
  <attribute name="DerivativeI" value="inf" />
  <attribute name="DerivativeH" value="inf" />
  <attribute name="Loop Time for DT" value="0.000000" />
  <attribute name="Output H" value="8388608"/>
  <attribute name="Output I" value="200"/>
  <attribute name="Output T" value="1"/>
  <attribute name="Target GC Util Change" value ="20.000000" />
  <attribute name="Current GC Util Change" value="63.000000"/>
  <attribute name="GC Util currently" value="63" />
  <attribute name="CPU Util currently" value="22883372260574" />
<exclusive-end id="792" timestamp="2019-06-15T02:19:03.105" durationms="4.260" />

<exclusive-start id="793" timestamp="2019-06-15T02:19:03.110" intervalms="9.705">
  <response-info timems="0.022" idlems="0.022" threads="0" lastid="00000000022DBD00" lastname="Thread-10" />
</exclusive-start>
<allocation-taxation id="794" taxation-threshold="9437184" timestamp="2019-06-15T02:19:03.110" intervalms="9.773" />
<cycle-start id="795" type="global mark phase" contextid="0" timestamp="2019-06-15T02:19:03.110" intervalms="60.618" />
<gc-start id="796" type="global mark phase" contextid="795" timestamp="2019-06-15T02:19:03.111">
  <mem-info id="797" free="18874368" total="47185920" percent="40">
    <remembered-set count="9280" freebytes="1846400" totalbytes="1883520" percent="98" regionsoverflowed="0" regionsstable="0" regionsrebuilding="0"/>
  </mem-info>
</gc-start>
<gc-op id="798" type="mark increment" timems="1.192" contextid="795" timestamp="2019-06-15T02:19:03.112">
  <trace-info objectcount="36051" scancount="27188" scanbytes="1246012" />
</gc-op>
<gc-end id="799" type="global mark phase" contextid="795" durationms="1.394" usertimems="0.000" systemtimems="0.000" timestamp="2019-06-15T02:19:03.112" activeThreads="4">
  <mem-info id="800" free="18874368" total="47185920" percent="40">
    <remembered-set count="9280" freebytes="1846400" totalbytes="1883520" percent="98" regionsoverflowed="0" regionsstable="0" regionsrebuilding="0"/>
  </mem-info>
</gc-end>
<concurrent-start id="801" type="GMP work packet processing" contextid="795" timestamp="2019-06-15T02:19:03.112">
  <concurrent-mark-start scanTarget="2589299" />
</concurrent-start>
<exclusive-end id="802" timestamp="2019-06-15T02:19:03.113" durationms="2.376" />

<concurrent-end id="803" type="GMP work packet processing" contextid="795" timestamp="2019-06-15T02:19:03.113">
  <concurrent-mark-end bytesScanned="1147568" reasonForTermination="Completed all work in GC phase" />
</concurrent-end>

<exclusive-start id="804" timestamp="2019-06-15T02:19:03.118" intervalms="8.244">
  <response-info timems="0.023" idlems="0.023" threads="0" lastid="00000000022DBD00" lastname="Thread-10" />
</exclusive-start>
<allocation-taxation id="805" taxation-threshold="9437184" timestamp="2019-06-15T02:19:03.119" intervalms="8.209" />
<cycle-start id="806" type="partial gc" contextid="0" timestamp="2019-06-15T02:19:03.119" intervalms="17.988" />
<gc-start id="807" type="partial gc" contextid="806" timestamp="2019-06-15T02:19:03.119">
  <mem-info id="808" free="9437184" total="47185920" percent="20">
    <mem type="eden" free="0" total="18874368" percent="0" />
    <remembered-set count="9280" freebytes="1846400" totalbytes="1883520" percent="98" regionsoverflowed="0" regionsstable="0" regionsrebuilding="0"/>
  </mem-info>
</gc-start>
<allocation-stats totalBytes="18871984" >
  <allocated-bytes non-tlh="0" tlh="18871984" arrayletleaf="0"/>
  <largest-consumer threadName="Thread-8" threadId="00000000022E7100" bytes="3014352" />
</allocation-stats>
<gc-op id="809" type="copy forward" timems="1.752" contextid="806" timestamp="2019-06-15T02:19:03.121">
  <memory-copied type="eden" objects="2716" bytes="100008" bytesdiscarded="0" />
  <memory-copied type="other" objects="6201" bytes="252480" bytesdiscarded="0" />
  <memory-cardclean objects="6508" bytes="337152" />
  <regions eden="18" other="2" />
  <remembered-set-cleared processed="7315" cleared="1713" durationms="0.142" />
  <stringconstants candidates="4597" cleared="0"  />
</gc-op>
<gc-op id="810" type="classunload" timems="0.002" contextid="806" timestamp="2019-06-15T02:19:03.121">
  <classunload-info classloadercandidates="8" classloadersunloaded="0" classesunloaded="0" anonymousclassesunloaded="0" quiescems="0.000" setupms="0.002" scanms="0.000" postms="0.000" />
</gc-op>
<heap-resize id="811" type="expand" space="default" amount="3145728" count="1" timems="0.052" reason="excessive time being spent in gc" timestamp="2019-06-15T02:19:03.121" />
<gc-end id="812" type="partial gc" contextid="806" durationms="2.780" usertimems="0.000" systemtimems="0.000" timestamp="2019-06-15T02:19:03.122" activeThreads="1">
  <mem-info id="813" free="30408704" total="50331648" percent="60">
    <mem type="eden" free="948568" total="1048576" percent="90" />
    <remembered-set count="9248" freebytes="1972096" totalbytes="2009088" percent="98" regionsoverflowed="0" regionsstable="0" regionsrebuilding="0"/>
  </mem-info>
</gc-end>
<cycle-end id="814" type="partial gc" contextid="806" timestamp="2019-06-15T02:19:03.122" />
  <attribute name="elasticGC enabled" value="1" />
  <attribute name= "numThreadsSpecified" value="1" />
  <attribute name="heapSize specified" value="0" />
  <attribute name="Current GC Util" value="69" />
  <attribute name= "Current Time Running" value="2164" />
  <attribute name ="GC Interval" value="0" />
  <attribute name="ProportionalT" value="24.500000" />
  <attribute name="ProportionalI" value="24.500000" />
  <attribute name="ProportionalH" value="24.500000" />
  <attribute name="Current Error" value="49.000000" />
  <attribute name="IntegralT" value="0.000000" />
  <attribute name="IntegralI" value="0.000000" />
  <attribute name="IntegralH" value="0.000000" />
  <attribute name="DerivativeT" value="inf" />
  <attribute name="DerivativeI" value="inf" />
  <attribute name="DerivativeH" value="inf" />
  <attribute name="Loop Time for DT" value="0.000000" />
  <attribute name="Output H" value="8388608"/>
  <attribute name="Output I" value="200"/>
  <attribute name="Output T" value="1"/>
  <attribute name="Target GC Util Change" value ="20.000000" />
  <attribute name="Current GC Util Change" value="69.000000"/>
  <attribute name="GC Util currently" value="69" />
  <attribute name="CPU Util currently" value="23408979525827" />
<exclusive-end id="815" timestamp="2019-06-15T02:19:03.122" durationms="3.626" />

<exclusive-start id="816" timestamp="2019-06-15T02:19:03.127" intervalms="8.845">
  <response-info timems="0.022" idlems="0.022" threads="0" lastid="00000000022DBD00" lastname="Thread-10" />
</exclusive-start>
<allocation-taxation id="817" taxation-threshold="9437184" timestamp="2019-06-15T02:19:03.127" intervalms="8.893" />
<gc-start id="818" type="global mark phase" contextid="795" timestamp="2019-06-15T02:19:03.128">
  <mem-info id="819" free="20971520" total="50331648" percent="41">
    <remembered-set count="9120" freebytes="1972608" totalbytes="2009088" percent="98" regionsoverflowed="0" regionsstable="0" regionsrebuilding="0"/>
  </mem-info>
</gc-start>
<gc-op id="820" type="mark increment" timems="1.023" contextid="795" timestamp="2019-06-15T02:19:03.129">
  <trace-info objectcount="1462" scancount="1462" scanbytes="36744" />
  <cardclean-info objects="7484" bytes="354164" />
  <finalization candidates="124" enqueued="0" />
  <ownableSynchronizers candidates="3" cleared="0" />
  <references type="soft" candidates="149" cleared="0" enqueued="0" dynamicThreshold="19" maxThreshold="32" />
  <references type="weak" candidates="773" cleared="0" enqueued="0" />
  <references type="phantom" candidates="64" cleared="0" enqueued="0" />
  <stringconstants candidates="4597" cleared="0"  />
</gc-op>
<gc-op id="821" type="classunload" timems="0.002" contextid="795" timestamp="2019-06-15T02:19:03.129">
  <classunload-info classloadercandidates="8" classloadersunloaded="0" classesunloaded="0" anonymousclassesunloaded="0" quiescems="0.000" setupms="0.002" scanms="0.000" postms="0.000" />
</gc-op>
<gc-end id="822" type="global mark phase" contextid="795" durationms="1.351" usertimems="4.000" systemtimems="0.000" timestamp="2019-06-15T02:19:03.129" activeThreads="4">
  <mem-info id="823" free="20971520" total="50331648" percent="41">
    <remembered-set count="9120" freebytes="1972608" totalbytes="2009088" percent="98" regionsoverflowed="0" regionsstable="0" regionsrebuilding="0"/>
  </mem-info>
</gc-end>
<cycle-end id="824" type="global mark phase" contextid="795" timestamp="2019-06-15T02:19:03.129" />
  <attribute name="elasticGC enabled" value="1" />
  <attribute name= "numThreadsSpecified" value="4" />
  <attribute name="heapSize specified" value="0" />
  <attribute name="Current GC Util" value="0" />
  <attribute name= "Current Time Running" value="2173" />
  <attribute name ="GC Interval" value="0" />
  <attribute name="ProportionalT" value="-10.000000" />
  <attribute name="ProportionalI" value="-10.000000" />
  <attribute name="ProportionalH" value="-10.000000" />
  <attribute name="Current Error" value="-20.000000" />
  <attribute name="IntegralT" value="-20.000000" />
  <attribute name="IntegralI" value="-20.000000" />
  <attribute name="IntegralH" value="-20.000000" />
  <attribute name="DerivativeT" value="-152.000000" />
  <attribute name="DerivativeI" value="-152.000000" />
  <attribute name="DerivativeH" value="-152.000000" />
  <attribute name="Loop Time for DT" value="1.000000" />
  <attribute name="Output H" value="2091843584"/>
  <attribute name="Output I" value="200"/>
  <attribute name="Output T" value="4"/>
  <attribute name="Target GC Util Change" value ="20.000000" />
  <attribute name="Current GC Util Change" value="0.000000"/>
  <attribute name="GC Util currently" value="0" />
  <attribute name="CPU Util currently" value="41500360060926" />
<exclusive-end id="825" timestamp="2019-06-15T02:19:03.129" durationms="1.974" />

<exclusive-start id="826" timestamp="2019-06-15T02:19:03.135" intervalms="7.971">
  <response-info timems="0.021" idlems="0.021" threads="0" lastid="00000000022DBD00" lastname="Thread-10" />
</exclusive-start>
<allocation-taxation id="827" taxation-threshold="9437184" timestamp="2019-06-15T02:19:03.135" intervalms="8.000" />
<cycle-start id="828" type="partial gc" contextid="0" timestamp="2019-06-15T02:19:03.136" intervalms="16.928" />
<gc-start id="829" type="partial gc" contextid="828" timestamp="2019-06-15T02:19:03.136">
  <mem-info id="830" free="11534336" total="50331648" percent="22">
    <mem type="eden" free="0" total="18874368" percent="0" />
    <remembered-set count="9120" freebytes="1972608" totalbytes="2009088" percent="98" regionsoverflowed="0" regionsstable="0" regionsrebuilding="0"/>
  </mem-info>
</gc-start>
<allocation-stats totalBytes="18872224" >
  <allocated-bytes non-tlh="0" tlh="18872224" arrayletleaf="0"/>
  <largest-consumer threadName="Thread-8" threadId="00000000022E7100" bytes="3538656" />
</allocation-stats>
<gc-op id="831" type="sweep" timems="0.400" contextid="828" timestamp="2019-06-15T02:19:03.136" />
<gc-op id="832" type="copy forward" timems="1.302" contextid="828" timestamp="2019-06-15T02:19:03.138">
  <memory-copied type="eden" objects="915" bytes="23768" bytesdiscarded="0" />
  <memory-copied type="other" objects="3743" bytes="123576" bytesdiscarded="0" />
  <memory-cardclean objects="6376" bytes="326648" />
  <regions eden="9" other="11" />
  <remembered-set-cleared processed="7089" cleared="3138" durationms="0.123" />
  <stringconstants candidates="4597" cleared="0"  />
</gc-op>
<gc-op id="833" type="classunload" timems="0.001" contextid="828" timestamp="2019-06-15T02:19:03.138">
  <classunload-info classloadercandidates="8" classloadersunloaded="0" classesunloaded="0" anonymousclassesunloaded="0" quiescems="0.000" setupms="0.001" scanms="0.000" postms="0.000" />
</gc-op>
<gc-end id="834" type="partial gc" contextid="828" durationms="2.907" usertimems="0.000" systemtimems="0.000" timestamp="2019-06-15T02:19:03.139" activeThreads="1">
  <mem-info id="835" free="32505856" total="50331648" percent="64">
    <mem type="eden" free="1010984" total="1048576" percent="96" />
    <remembered-set count="7392" freebytes="1979520" totalbytes="2009088" percent="98" regionsoverflowed="0" regionsstable="0" regionsrebuilding="0"/>
  </mem-info>
</gc-end>
<cycle-end id="836" type="partial gc" contextid="828" timestamp="2019-06-15T02:19:03.139" />
  <attribute name="elasticGC enabled" value="1" />
  <attribute name= "numThreadsSpecified" value="1" />
  <attribute name="heapSize specified" value="0" />
  <attribute name="Current GC Util" value="61" />
  <attribute name= "Current Time Running" value="2181" />
  <attribute name ="GC Interval" value="0" />
  <attribute name="ProportionalT" value="20.500000" />
  <attribute name="ProportionalI" value="20.500000" />
  <attribute name="ProportionalH" value="20.500000" />
  <attribute name="Current Error" value="41.000000" />
  <attribute name="IntegralT" value="0.000000" />
  <attribute name="IntegralI" value="0.000000" />
  <attribute name="IntegralH" value="0.000000" />
  <attribute name="DerivativeT" value="inf" />
  <attribute name="DerivativeI" value="inf" />
  <attribute name="DerivativeH" value="inf" />
  <attribute name="Loop Time for DT" value="0.000000" />
  <attribute name="Output H" value="8388608"/>
  <attribute name="Output I" value="200"/>
  <attribute name="Output T" value="1"/>
  <attribute name="Target GC Util Change" value ="20.000000" />
  <attribute name="Current GC Util Change" value="61.000000"/>
  <attribute name="GC Util currently" value="61" />
  <attribute name="CPU Util currently" value="22031750484221" />
<exclusive-end id="837" timestamp="2019-06-15T02:19:03.139" durationms="3.865" />

<exclusive-start id="838" timestamp="2019-06-15T02:19:03.145" intervalms="9.586">
  <response-info timems="0.022" idlems="0.020" threads="1" lastid="00000000022DF900" lastname="Thread-7" />
</exclusive-start>
<allocation-taxation id="839" taxation-threshold="9437184" timestamp="2019-06-15T02:19:03.145" intervalms="9.545" />
<cycle-start id="840" type="global mark phase" contextid="0" timestamp="2019-06-15T02:19:03.145" intervalms="34.636" />
<gc-start id="841" type="global mark phase" contextid="840" timestamp="2019-06-15T02:19:03.145">
  <mem-info id="842" free="23068672" total="50331648" percent="45">
    <remembered-set count="7072" freebytes="1980800" totalbytes="2009088" percent="98" regionsoverflowed="0" regionsstable="0" regionsrebuilding="0"/>
  </mem-info>
</gc-start>
<gc-op id="843" type="mark increment" timems="0.357" contextid="840" timestamp="2019-06-15T02:19:03.146">
  <trace-info objectcount="226" scancount="0" scanbytes="0" />
</gc-op>
<gc-end id="844" type="global mark phase" contextid="840" durationms="0.536" usertimems="0.000" systemtimems="0.000" timestamp="2019-06-15T02:19:03.146" activeThreads="1">
  <mem-info id="845" free="23068672" total="50331648" percent="45">
    <remembered-set count="7072" freebytes="1980800" totalbytes="2009088" percent="98" regionsoverflowed="0" regionsstable="0" regionsrebuilding="0"/>
  </mem-info>
</gc-end>
<concurrent-start id="846" type="GMP work packet processing" contextid="840" timestamp="2019-06-15T02:19:03.146">
  <concurrent-mark-start scanTarget="1048576" />
</concurrent-start>
<concurrent-end id="847" type="GMP work packet processing" contextid="840" timestamp="2019-06-15T02:19:03.147">
  <concurrent-mark-end bytesScanned="1167756" reasonForTermination="Work target met" />
</concurrent-end>

<exclusive-end id="848" timestamp="2019-06-15T02:19:03.147" durationms="1.870" />

<exclusive-start id="849" timestamp="2019-06-15T02:19:03.152" intervalms="7.469">
  <response-info timems="0.023" idlems="0.023" threads="0" lastid="00000000022E7100" lastname="Thread-8" />
</exclusive-start>
<allocation-taxation id="850" taxation-threshold="9437184" timestamp="2019-06-15T02:19:03.152" intervalms="7.436" />
<cycle-start id="851" type="partial gc" contextid="0" timestamp="2019-06-15T02:19:03.153" intervalms="16.933" />
<gc-start id="852" type="partial gc" contextid="851" timestamp="2019-06-15T02:19:03.153">
  <mem-info id="853" free="13631488" total="50331648" percent="27">
    <mem type="eden" free="0" total="18874368" percent="0" />
    <remembered-set count="7072" freebytes="1980800" totalbytes="2009088" percent="98" regionsoverflowed="0" regionsstable="0" regionsrebuilding="0"/>
  </mem-info>
</gc-start>
<allocation-stats totalBytes="18871856" >
  <allocated-bytes non-tlh="0" tlh="18871856" arrayletleaf="0"/>
  <largest-consumer threadName="Thread-8" threadId="00000000022E7100" bytes="3276480" />
</allocation-stats>
<gc-op id="854" type="copy forward" timems="1.548" contextid="851" timestamp="2019-06-15T02:19:03.155">
  <memory-copied type="eden" objects="1445" bytes="35832" bytesdiscarded="8176" />
  <memory-copied type="other" objects="1813" bytes="43512" bytesdiscarded="1952" />
  <memory-cardclean objects="6874" bytes="331664" />
  <regions eden="18" other="2" />
  <remembered-set-cleared processed="5458" cleared="1328" durationms="0.091" />
  <stringconstants candidates="4597" cleared="0"  />
</gc-op>
<gc-op id="855" type="classunload" timems="0.002" contextid="851" timestamp="2019-06-15T02:19:03.155">
  <classunload-info classloadercandidates="8" classloadersunloaded="0" classesunloaded="0" anonymousclassesunloaded="0" quiescems="0.000" setupms="0.002" scanms="0.000" postms="0.000" />
</gc-op>
<heap-resize id="856" type="contract" space="default" amount="1048576" count="1" timems="0.069" reason="excess free space following gc" timestamp="2019-06-15T02:19:03.155" />
<gc-end id="857" type="partial gc" contextid="851" durationms="2.567" usertimems="4.000" systemtimems="0.000" timestamp="2019-06-15T02:19:03.155" activeThreads="4">
  <mem-info id="858" free="30408704" total="49283072" percent="61">
    <mem type="eden" free="1004568" total="1048576" percent="95" />
    <remembered-set count="8192" freebytes="1976320" totalbytes="2009088" percent="98" regionsoverflowed="0" regionsstable="0" regionsrebuilding="0"/>
  </mem-info>
</gc-end>
<cycle-end id="859" type="partial gc" contextid="851" timestamp="2019-06-15T02:19:03.155" />
  <attribute name="elasticGC enabled" value="1" />
  <attribute name= "numThreadsSpecified" value="4" />
  <attribute name="heapSize specified" value="0" />
  <attribute name="Current GC Util" value="67" />
  <attribute name= "Current Time Running" value="2198" />
  <attribute name ="GC Interval" value="0" />
  <attribute name="ProportionalT" value="23.500000" />
  <attribute name="ProportionalI" value="23.500000" />
  <attribute name="ProportionalH" value="23.500000" />
  <attribute name="Current Error" value="47.000000" />
  <attribute name="IntegralT" value="47.000000" />
  <attribute name="IntegralI" value="47.000000" />
  <attribute name="IntegralH" value="47.000000" />
  <attribute name="DerivativeT" value="44.000000" />
  <attribute name="DerivativeI" value="44.000000" />
  <attribute name="DerivativeH" value="44.000000" />
  <attribute name="Loop Time for DT" value="1.000000" />
  <attribute name="Output H" value="8388608"/>
  <attribute name="Output I" value="200"/>
  <attribute name="Output T" value="4"/>
  <attribute name="Target GC Util Change" value ="20.000000" />
  <attribute name="Current GC Util Change" value="67.000000"/>
  <attribute name="GC Util currently" value="67" />
  <attribute name="CPU Util currently" value="21574028992584" />
<exclusive-end id="860" timestamp="2019-06-15T02:19:03.156" durationms="3.267" />

<exclusive-start id="861" timestamp="2019-06-15T02:19:03.161" intervalms="8.852">
  <response-info timems="0.029" idlems="0.029" threads="0" lastid="00000000022DF900" lastname="Thread-7" />
</exclusive-start>
<allocation-taxation id="862" taxation-threshold="9437184" timestamp="2019-06-15T02:19:03.161" intervalms="8.873" />
<gc-start id="863" type="global mark phase" contextid="840" timestamp="2019-06-15T02:19:03.161">
  <mem-info id="864" free="20971520" total="49283072" percent="42">
    <remembered-set count="7744" freebytes="1978112" totalbytes="2009088" percent="98" regionsoverflowed="0" regionsstable="0" regionsrebuilding="0"/>
  </mem-info>
</gc-start>
<gc-end id="865" type="global mark phase" contextid="840" durationms="0.094" usertimems="0.000" systemtimems="0.000" timestamp="2019-06-15T02:19:03.161" activeThreads="4">
  <mem-info id="866" free="20971520" total="49283072" percent="42">
    <remembered-set count="7744" freebytes="1978112" totalbytes="2009088" percent="98" regionsoverflowed="0" regionsstable="0" regionsrebuilding="0"/>
  </mem-info>
</gc-end>
<concurrent-start id="867" type="GMP work packet processing" contextid="840" timestamp="2019-06-15T02:19:03.162">
  <concurrent-mark-start scanTarget="2666538" />
</concurrent-start>
<exclusive-end id="868" timestamp="2019-06-15T02:19:03.162" durationms="0.574" />

<concurrent-end id="869" type="GMP work packet processing" contextid="840" timestamp="2019-06-15T02:19:03.162">
  <concurrent-mark-end bytesScanned="1286504" reasonForTermination="Completed all work in GC phase" />
</concurrent-end>

<exclusive-start id="870" timestamp="2019-06-15T02:19:03.168" intervalms="6.592">
  <response-info timems="0.024" idlems="0.024" threads="0" lastid="00000000022E3500" lastname="Thread-9" />
</exclusive-start>
<allocation-taxation id="871" taxation-threshold="9437184" timestamp="2019-06-15T02:19:03.168" intervalms="6.512" />
<cycle-start id="872" type="partial gc" contextid="0" timestamp="2019-06-15T02:19:03.168" intervalms="15.379" />
<gc-start id="873" type="partial gc" contextid="872" timestamp="2019-06-15T02:19:03.168">
  <mem-info id="874" free="11534336" total="49283072" percent="23">
    <mem type="eden" free="0" total="18874368" percent="0" />
    <remembered-set count="7744" freebytes="1978112" totalbytes="2009088" percent="98" regionsoverflowed="0" regionsstable="0" regionsrebuilding="0"/>
  </mem-info>
</gc-start>
<allocation-stats totalBytes="18872232" >
  <allocated-bytes non-tlh="0" tlh="18872232" arrayletleaf="0"/>
  <largest-consumer threadName="Thread-8" threadId="00000000022E7100" bytes="3407528" />
</allocation-stats>
<gc-op id="875" type="copy forward" timems="1.468" contextid="872" timestamp="2019-06-15T02:19:03.170">
  <memory-copied type="eden" objects="1703" bytes="42288" bytesdiscarded="2296" />
  <memory-copied type="other" objects="1930" bytes="46320" bytesdiscarded="1232" />
  <memory-cardclean objects="7288" bytes="351536" />
  <regions eden="18" other="2" />
  <remembered-set-cleared processed="5834" cleared="1484" durationms="0.084" />
  <stringconstants candidates="4597" cleared="0"  />
</gc-op>
<gc-op id="876" type="classunload" timems="0.002" contextid="872" timestamp="2019-06-15T02:19:03.170">
  <classunload-info classloadercandidates="8" classloadersunloaded="0" classesunloaded="0" anonymousclassesunloaded="0" quiescems="0.000" setupms="0.002" scanms="0.000" postms="0.000" />
</gc-op>
<heap-resize id="877" type="expand" space="default" amount="1048576" count="1" timems="0.046" reason="excessive time being spent in gc" timestamp="2019-06-15T02:19:03.170" />
<gc-end id="878" type="partial gc" contextid="872" durationms="2.532" usertimems="4.000" systemtimems="0.000" timestamp="2019-06-15T02:19:03.171" activeThreads="4">
  <mem-info id="879" free="30408704" total="50331648" percent="60">
    <mem type="eden" free="1003992" total="1048576" percent="95" />
    <remembered-set count="8608" freebytes="1974656" totalbytes="2009088" percent="98" regionsoverflowed="0" regionsstable="0" regionsrebuilding="0"/>
  </mem-info>
</gc-end>
<cycle-end id="880" type="partial gc" contextid="872" timestamp="2019-06-15T02:19:03.171" />
  <attribute name="elasticGC enabled" value="1" />
  <attribute name= "numThreadsSpecified" value="4" />
  <attribute name="heapSize specified" value="0" />
  <attribute name="Current GC Util" value="0" />
  <attribute name= "Current Time Running" value="2213" />
  <attribute name ="GC Interval" value="0" />
  <attribute name="ProportionalT" value="-10.000000" />
  <attribute name="ProportionalI" value="-10.000000" />
  <attribute name="ProportionalH" value="-10.000000" />
  <attribute name="Current Error" value="-20.000000" />
  <attribute name="IntegralT" value="0.000000" />
  <attribute name="IntegralI" value="0.000000" />
  <attribute name="IntegralH" value="0.000000" />
  <attribute name="DerivativeT" value="-inf" />
  <attribute name="DerivativeI" value="-inf" />
  <attribute name="DerivativeH" value="-inf" />
  <attribute name="Loop Time for DT" value="0.000000" />
  <attribute name="Output H" value="2091843584"/>
  <attribute name="Output I" value="200"/>
  <attribute name="Output T" value="4"/>
  <attribute name="Target GC Util Change" value ="20.000000" />
  <attribute name="Current GC Util Change" value="0.000000"/>
  <attribute name="GC Util currently" value="0" />
  <attribute name="CPU Util currently" value="17786577436256" />
<exclusive-end id="881" timestamp="2019-06-15T02:19:03.171" durationms="3.234" />

<exclusive-start id="882" timestamp="2019-06-15T02:19:03.176" intervalms="8.634">
  <response-info timems="0.028" idlems="0.027" threads="1" lastid="00000000022E7100" lastname="Thread-8" />
</exclusive-start>
<allocation-taxation id="883" taxation-threshold="9437184" timestamp="2019-06-15T02:19:03.176" intervalms="8.713" />
<gc-start id="884" type="global mark phase" contextid="840" timestamp="2019-06-15T02:19:03.177">
  <mem-info id="885" free="20971520" total="50331648" percent="41">
    <remembered-set count="8384" freebytes="1975552" totalbytes="2009088" percent="98" regionsoverflowed="0" regionsstable="0" regionsrebuilding="0"/>
  </mem-info>
</gc-start>
<gc-op id="886" type="mark increment" timems="1.379" contextid="840" timestamp="2019-06-15T02:19:03.178">
  <trace-info objectcount="2486" scancount="2486" scanbytes="61088" />
  <cardclean-info objects="11549" bytes="541424" />
  <finalization candidates="124" enqueued="0" />
  <ownableSynchronizers candidates="3" cleared="0" />
  <references type="soft" candidates="149" cleared="0" enqueued="0" dynamicThreshold="19" maxThreshold="32" />
  <references type="weak" candidates="773" cleared="0" enqueued="0" />
  <references type="phantom" candidates="64" cleared="0" enqueued="0" />
  <stringconstants candidates="4597" cleared="0"  />
</gc-op>
<gc-op id="887" type="classunload" timems="0.001" contextid="840" timestamp="2019-06-15T02:19:03.178">
  <classunload-info classloadercandidates="8" classloadersunloaded="0" classesunloaded="0" anonymousclassesunloaded="0" quiescems="0.000" setupms="0.001" scanms="0.000" postms="0.000" />
</gc-op>
<gc-end id="888" type="global mark phase" contextid="840" durationms="1.741" usertimems="4.000" systemtimems="0.000" timestamp="2019-06-15T02:19:03.178" activeThreads="4">
  <mem-info id="889" free="20971520" total="50331648" percent="41">
    <remembered-set count="8384" freebytes="1975552" totalbytes="2009088" percent="98" regionsoverflowed="0" regionsstable="0" regionsrebuilding="0"/>
  </mem-info>
</gc-end>
<cycle-end id="890" type="global mark phase" contextid="840" timestamp="2019-06-15T02:19:03.178" />
  <attribute name="elasticGC enabled" value="1" />
  <attribute name= "numThreadsSpecified" value="4" />
  <attribute name="heapSize specified" value="0" />
  <attribute name="Current GC Util" value="59" />
  <attribute name= "Current Time Running" value="2222" />
  <attribute name ="GC Interval" value="0" />
  <attribute name="ProportionalT" value="19.500000" />
  <attribute name="ProportionalI" value="19.500000" />
  <attribute name="ProportionalH" value="19.500000" />
  <attribute name="Current Error" value="39.000000" />
  <attribute name="IntegralT" value="0.000000" />
  <attribute name="IntegralI" value="0.000000" />
  <attribute name="IntegralH" value="0.000000" />
  <attribute name="DerivativeT" value="-inf" />
  <attribute name="DerivativeI" value="-inf" />
  <attribute name="DerivativeH" value="-inf" />
  <attribute name="Loop Time for DT" value="0.000000" />
  <attribute name="Output H" value="2091843584"/>
  <attribute name="Output I" value="200"/>
  <attribute name="Output T" value="4"/>
  <attribute name="Target GC Util Change" value ="20.000000" />
  <attribute name="Current GC Util Change" value="59.000000"/>
  <attribute name="GC Util currently" value="59" />
  <attribute name="CPU Util currently" value="23985717909229" />
<exclusive-end id="891" timestamp="2019-06-15T02:19:03.179" durationms="2.348" />

<exclusive-start id="892" timestamp="2019-06-15T02:19:03.186" intervalms="9.970">
  <response-info timems="0.035" idlems="0.035" threads="0" lastid="00000000022E7100" lastname="Thread-8" />
</exclusive-start>
<allocation-taxation id="893" taxation-threshold="9437184" timestamp="2019-06-15T02:19:03.186" intervalms="9.944" />
<cycle-start id="894" type="partial gc" contextid="0" timestamp="2019-06-15T02:19:03.187" intervalms="18.698" />
<gc-start id="895" type="partial gc" contextid="894" timestamp="2019-06-15T02:19:03.187">
  <mem-info id="896" free="11534336" total="50331648" percent="22">
    <mem type="eden" free="0" total="18874368" percent="0" />
    <remembered-set count="8384" freebytes="1975552" totalbytes="2009088" percent="98" regionsoverflowed="0" regionsstable="0" regionsrebuilding="0"/>
  </mem-info>
</gc-start>
<allocation-stats totalBytes="18872008" >
  <allocated-bytes non-tlh="0" tlh="18872008" arrayletleaf="0"/>
  <largest-consumer threadName="Thread-8" threadId="00000000022E7100" bytes="4324968" />
</allocation-stats>
<gc-op id="897" type="sweep" timems="0.493" contextid="894" timestamp="2019-06-15T02:19:03.188" />
<gc-op id="898" type="copy forward" timems="1.598" contextid="894" timestamp="2019-06-15T02:19:03.190">
  <memory-copied type="eden" objects="6451" bytes="293192" bytesdiscarded="26109" />
  <memory-copied type="other" objects="3266" bytes="78752" bytesdiscarded="3187" />
  <memory-cardclean objects="7135" bytes="348224" />
  <regions eden="9" other="11" />
  <remembered-set-cleared processed="6083" cleared="1414" durationms="0.103" />
  <stringconstants candidates="4597" cleared="0"  />
</gc-op>
<gc-op id="899" type="classunload" timems="0.002" contextid="894" timestamp="2019-06-15T02:19:03.190">
  <classunload-info classloadercandidates="8" classloadersunloaded="0" classesunloaded="0" anonymousclassesunloaded="0" quiescems="0.000" setupms="0.002" scanms="0.000" postms="0.000" />
</gc-op>
<heap-resize id="900" type="expand" space="default" amount="5242880" count="1" timems="0.057" reason="excessive time being spent in gc" timestamp="2019-06-15T02:19:03.190" />
<gc-end id="901" type="partial gc" contextid="894" durationms="3.395" usertimems="4.000" systemtimems="4.000" timestamp="2019-06-15T02:19:03.190" activeThreads="4">
  <mem-info id="902" free="33554432" total="55574528" percent="60">
    <mem type="eden" free="1760472" total="2097152" percent="83" />
    <remembered-set count="9888" freebytes="2178816" totalbytes="2218368" percent="98" regionsoverflowed="0" regionsstable="0" regionsrebuilding="0"/>
  </mem-info>
</gc-end>
<cycle-end id="903" type="partial gc" contextid="894" timestamp="2019-06-15T02:19:03.190" />
  <attribute name="elasticGC enabled" value="1" />
  <attribute name= "numThreadsSpecified" value="4" />
  <attribute name="heapSize specified" value="0" />
  <attribute name="Current GC Util" value="0" />
  <attribute name= "Current Time Running" value="2233" />
  <attribute name ="GC Interval" value="0" />
  <attribute name="ProportionalT" value="-10.000000" />
  <attribute name="ProportionalI" value="-10.000000" />
  <attribute name="ProportionalH" value="-10.000000" />
  <attribute name="Current Error" value="-20.000000" />
  <attribute name="IntegralT" value="-20.000000" />
  <attribute name="IntegralI" value="-20.000000" />
  <attribute name="IntegralH" value="-20.000000" />
  <attribute name="DerivativeT" value="-44.000000" />
  <attribute name="DerivativeI" value="-44.000000" />
  <attribute name="DerivativeH" value="-44.000000" />
  <attribute name="Loop Time for DT" value="1.000000" />
  <attribute name="Output H" value="2091843584"/>
  <attribute name="Output I" value="200"/>
  <attribute name="Output T" value="4"/>
  <attribute name="Target GC Util Change" value ="20.000000" />
  <attribute name="Current GC Util Change" value="0.000000"/>
  <attribute name="GC Util currently" value="0" />
  <attribute name="CPU Util currently" value="36699129497548" />
<exclusive-end id="904" timestamp="2019-06-15T02:19:03.191" durationms="4.219" />

<exclusive-start id="905" timestamp="2019-06-15T02:19:03.197" intervalms="11.104">
  <response-info timems="0.042" idlems="0.042" threads="0" lastid="00000000022E7100" lastname="Thread-8" />
</exclusive-start>
<allocation-taxation id="906" taxation-threshold="10485760" timestamp="2019-06-15T02:19:03.198" intervalms="11.097" />
<cycle-start id="907" type="global mark phase" contextid="0" timestamp="2019-06-15T02:19:03.198" intervalms="52.559" />
<gc-start id="908" type="global mark phase" contextid="907" timestamp="2019-06-15T02:19:03.198">
  <mem-info id="909" free="23068672" total="55574528" percent="41">
    <remembered-set count="9440" freebytes="2180608" totalbytes="2218368" percent="98" regionsoverflowed="0" regionsstable="0" regionsrebuilding="0"/>
  </mem-info>
</gc-start>
<gc-op id="910" type="mark increment" timems="0.891" contextid="907" timestamp="2019-06-15T02:19:03.199">
  <trace-info objectcount="32726" scancount="19530" scanbytes="910052" />
</gc-op>
<gc-end id="911" type="global mark phase" contextid="907" durationms="1.053" usertimems="4.000" systemtimems="0.000" timestamp="2019-06-15T02:19:03.199" activeThreads="4">
  <mem-info id="912" free="23068672" total="55574528" percent="41">
    <remembered-set count="9440" freebytes="2180608" totalbytes="2218368" percent="98" regionsoverflowed="0" regionsstable="0" regionsrebuilding="0"/>
  </mem-info>
</gc-end>
<concurrent-start id="913" type="GMP work packet processing" contextid="907" timestamp="2019-06-15T02:19:03.199">
  <concurrent-mark-start scanTarget="2741445" />
</concurrent-start>
<exclusive-end id="914" timestamp="2019-06-15T02:19:03.201" durationms="3.908" />

<concurrent-end id="915" type="GMP work packet processing" contextid="907" timestamp="2019-06-15T02:19:03.201">
  <concurrent-mark-end bytesScanned="1524712" reasonForTermination="Completed all work in GC phase" />
</concurrent-end>

<exclusive-start id="916" timestamp="2019-06-15T02:19:03.212" intervalms="14.359">
  <response-info timems="0.065" idlems="0.065" threads="0" lastid="00000000022DF900" lastname="Thread-7" />
</exclusive-start>
<allocation-taxation id="917" taxation-threshold="10485760" timestamp="2019-06-15T02:19:03.212" intervalms="14.403" />
<cycle-start id="918" type="partial gc" contextid="0" timestamp="2019-06-15T02:19:03.212" intervalms="25.552" />
<gc-start id="919" type="partial gc" contextid="918" timestamp="2019-06-15T02:19:03.212">
  <mem-info id="920" free="12582912" total="55574528" percent="22">
    <mem type="eden" free="0" total="20971520" percent="0" />
    <remembered-set count="9440" freebytes="2180608" totalbytes="2218368" percent="98" regionsoverflowed="0" regionsstable="0" regionsrebuilding="0"/>
  </mem-info>
</gc-start>
<allocation-stats totalBytes="20969024" >
  <allocated-bytes non-tlh="0" tlh="20969024" arrayletleaf="0"/>
  <largest-consumer threadName="Thread-7" threadId="00000000022DF900" bytes="4062792" />
</allocation-stats>
<gc-op id="921" type="copy forward" timems="2.548" contextid="918" timestamp="2019-06-15T02:19:03.216">
  <memory-copied type="eden" objects="7887" bytes="327792" bytesdiscarded="0" />
  <memory-copied type="other" objects="7510" bytes="317616" bytesdiscarded="0" />
  <memory-cardclean objects="6649" bytes="328592" />
  <regions eden="20" other="3" />
  <remembered-set-cleared processed="6654" cleared="1479" durationms="0.154" />
  <stringconstants candidates="4597" cleared="0"  />
</gc-op>
<gc-op id="922" type="classunload" timems="0.002" contextid="918" timestamp="2019-06-15T02:19:03.216">
  <classunload-info classloadercandidates="8" classloadersunloaded="0" classesunloaded="0" anonymousclassesunloaded="0" quiescems="0.000" setupms="0.002" scanms="0.000" postms="0.000" />
</gc-op>
<gc-end id="923" type="partial gc" contextid="918" durationms="3.704" usertimems="4.000" systemtimems="0.000" timestamp="2019-06-15T02:19:03.216" activeThreads="1">
  <mem-info id="924" free="33554432" total="55574528" percent="60">
    <mem type="eden" free="720784" total="1048576" percent="68" />
    <remembered-set count="10272" freebytes="2177280" totalbytes="2218368" percent="98" regionsoverflowed="0" regionsstable="0" regionsrebuilding="0"/>
  </mem-info>
</gc-end>
<cycle-end id="925" type="partial gc" contextid="918" timestamp="2019-06-15T02:19:03.216" />
  <attribute name="elasticGC enabled" value="1" />
  <attribute name= "numThreadsSpecified" value="1" />
  <attribute name="heapSize specified" value="0" />
  <attribute name="Current GC Util" value="76" />
  <attribute name= "Current Time Running" value="2257" />
  <attribute name ="GC Interval" value="0" />
  <attribute name="ProportionalT" value="28.000000" />
  <attribute name="ProportionalI" value="28.000000" />
  <attribute name="ProportionalH" value="28.000000" />
  <attribute name="Current Error" value="56.000000" />
  <attribute name="IntegralT" value="0.000000" />
  <attribute name="IntegralI" value="0.000000" />
  <attribute name="IntegralH" value="0.000000" />
  <attribute name="DerivativeT" value="inf" />
  <attribute name="DerivativeI" value="inf" />
  <attribute name="DerivativeH" value="inf" />
  <attribute name="Loop Time for DT" value="0.000000" />
  <attribute name="Output H" value="8388608"/>
  <attribute name="Output I" value="200"/>
  <attribute name="Output T" value="1"/>
  <attribute name="Target GC Util Change" value ="20.000000" />
  <attribute name="Current GC Util Change" value="76.000000"/>
  <attribute name="GC Util currently" value="76" />
  <attribute name="CPU Util currently" value="18772254943686" />
<exclusive-end id="926" timestamp="2019-06-15T02:19:03.217" durationms="4.724" />

<exclusive-start id="927" timestamp="2019-06-15T02:19:03.224" intervalms="12.515">
  <response-info timems="0.113" idlems="0.113" threads="0" lastid="00000000022E7100" lastname="Thread-8" />
</exclusive-start>
<allocation-taxation id="928" taxation-threshold="10485760" timestamp="2019-06-15T02:19:03.224" intervalms="12.514" />
<gc-start id="929" type="global mark phase" contextid="907" timestamp="2019-06-15T02:19:03.225">
  <mem-info id="930" free="23068672" total="55574528" percent="41">
    <remembered-set count="9824" freebytes="2179072" totalbytes="2218368" percent="98" regionsoverflowed="0" regionsstable="0" regionsrebuilding="0"/>
  </mem-info>
</gc-start>
<gc-op id="931" type="mark increment" timems="0.998" contextid="907" timestamp="2019-06-15T02:19:03.226">
  <trace-info objectcount="8237" scancount="8237" scanbytes="338744" />
  <cardclean-info objects="7007" bytes="358472" />
  <finalization candidates="124" enqueued="0" />
  <ownableSynchronizers candidates="3" cleared="0" />
  <references type="soft" candidates="149" cleared="0" enqueued="0" dynamicThreshold="19" maxThreshold="32" />
  <references type="weak" candidates="773" cleared="0" enqueued="0" />
  <references type="phantom" candidates="64" cleared="0" enqueued="0" />
  <stringconstants candidates="4597" cleared="0"  />
</gc-op>
<gc-op id="932" type="classunload" timems="0.002" contextid="907" timestamp="2019-06-15T02:19:03.226">
  <classunload-info classloadercandidates="8" classloadersunloaded="0" classesunloaded="0" anonymousclassesunloaded="0" quiescems="0.000" setupms="0.002" scanms="0.000" postms="0.000" />
</gc-op>
<gc-end id="933" type="global mark phase" contextid="907" durationms="1.459" usertimems="0.000" systemtimems="0.000" timestamp="2019-06-15T02:19:03.226" activeThreads="1">
  <mem-info id="934" free="23068672" total="55574528" percent="41">
    <remembered-set count="9824" freebytes="2179072" totalbytes="2218368" percent="98" regionsoverflowed="0" regionsstable="0" regionsrebuilding="0"/>
  </mem-info>
</gc-end>
<cycle-end id="935" type="global mark phase" contextid="907" timestamp="2019-06-15T02:19:03.226" />
  <attribute name="elasticGC enabled" value="1" />
  <attribute name= "numThreadsSpecified" value="1" />
  <attribute name="heapSize specified" value="0" />
  <attribute name="Current GC Util" value="130" />
  <attribute name= "Current Time Running" value="2270" />
  <attribute name ="GC Interval" value="0" />
  <attribute name="ProportionalT" value="55.000000" />
  <attribute name="ProportionalI" value="55.000000" />
  <attribute name="ProportionalH" value="55.000000" />
  <attribute name="Current Error" value="110.000000" />
  <attribute name="IntegralT" value="0.000000" />
  <attribute name="IntegralI" value="0.000000" />
  <attribute name="IntegralH" value="0.000000" />
  <attribute name="DerivativeT" value="inf" />
  <attribute name="DerivativeI" value="inf" />
  <attribute name="DerivativeH" value="inf" />
  <attribute name="Loop Time for DT" value="0.000000" />
  <attribute name="Output H" value="8388608"/>
  <attribute name="Output I" value="200"/>
  <attribute name="Output T" value="1"/>
  <attribute name="Target GC Util Change" value ="20.000000" />
  <attribute name="Current GC Util Change" value="130.000000"/>
  <attribute name="GC Util currently" value="130" />
  <attribute name="CPU Util currently" value="21018768735120" />
<exclusive-end id="936" timestamp="2019-06-15T02:19:03.227" durationms="2.222" />

<exclusive-start id="937" timestamp="2019-06-15T02:19:03.236" intervalms="11.769">
  <response-info timems="0.081" idlems="0.032" threads="2" lastid="00000000022DF900" lastname="Thread-7" />
</exclusive-start>
<allocation-taxation id="938" taxation-threshold="10485760" timestamp="2019-06-15T02:19:03.236" intervalms="11.739" />
<cycle-start id="939" type="partial gc" contextid="0" timestamp="2019-06-15T02:19:03.236" intervalms="24.225" />
<gc-start id="940" type="partial gc" contextid="939" timestamp="2019-06-15T02:19:03.237">
  <mem-info id="941" free="12582912" total="55574528" percent="22">
    <mem type="eden" free="0" total="20971520" percent="0" />
    <remembered-set count="9824" freebytes="2179072" totalbytes="2218368" percent="98" regionsoverflowed="0" regionsstable="0" regionsrebuilding="0"/>
  </mem-info>
</gc-start>
<allocation-stats totalBytes="20969096" >
  <allocated-bytes non-tlh="0" tlh="20969096" arrayletleaf="0"/>
  <largest-consumer threadName="Thread-8" threadId="00000000022E7100" bytes="4529672" />
</allocation-stats>
<gc-op id="942" type="sweep" timems="0.503" contextid="939" timestamp="2019-06-15T02:19:03.237" />
<gc-op id="943" type="copy forward" timems="1.882" contextid="939" timestamp="2019-06-15T02:19:03.240">
  <memory-copied type="eden" objects="1648" bytes="40712" bytesdiscarded="0" />
  <memory-copied type="other" objects="9435" bytes="363816" bytesdiscarded="0" />
  <memory-cardclean objects="7064" bytes="363848" />
  <regions eden="10" other="12" />
  <remembered-set-cleared processed="7070" cleared="2797" durationms="0.147" />
  <stringconstants candidates="4597" cleared="0"  />
</gc-op>
<gc-op id="944" type="classunload" timems="0.002" contextid="939" timestamp="2019-06-15T02:19:03.240">
  <classunload-info classloadercandidates="8" classloadersunloaded="0" classesunloaded="0" anonymousclassesunloaded="0" quiescems="0.000" setupms="0.002" scanms="0.000" postms="0.000" />
</gc-op>
<gc-end id="945" type="partial gc" contextid="939" durationms="3.820" usertimems="4.000" systemtimems="0.000" timestamp="2019-06-15T02:19:03.240" activeThreads="1">
  <mem-info id="946" free="33554432" total="55574528" percent="60">
    <mem type="eden" free="974480" total="1048576" percent="92" />
    <remembered-set count="8736" freebytes="2183424" totalbytes="2218368" percent="98" regionsoverflowed="0" regionsstable="0" regionsrebuilding="0"/>
  </mem-info>
</gc-end>
<cycle-end id="947" type="partial gc" contextid="939" timestamp="2019-06-15T02:19:03.241" />
  <attribute name="elasticGC enabled" value="1" />
  <attribute name= "numThreadsSpecified" value="1" />
  <attribute name="heapSize specified" value="0" />
  <attribute name="Current GC Util" value="59" />
  <attribute name= "Current Time Running" value="2282" />
  <attribute name ="GC Interval" value="0" />
  <attribute name="ProportionalT" value="19.500000" />
  <attribute name="ProportionalI" value="19.500000" />
  <attribute name="ProportionalH" value="19.500000" />
  <attribute name="Current Error" value="39.000000" />
  <attribute name="IntegralT" value="0.000000" />
  <attribute name="IntegralI" value="0.000000" />
  <attribute name="IntegralH" value="0.000000" />
  <attribute name="DerivativeT" value="inf" />
  <attribute name="DerivativeI" value="inf" />
  <attribute name="DerivativeH" value="inf" />
  <attribute name="Loop Time for DT" value="0.000000" />
  <attribute name="Output H" value="8388608"/>
  <attribute name="Output I" value="200"/>
  <attribute name="Output T" value="1"/>
  <attribute name="Target GC Util Change" value ="20.000000" />
  <attribute name="Current GC Util Change" value="59.000000"/>
  <attribute name="GC Util currently" value="59" />
  <attribute name="CPU Util currently" value="21840081127300" />
<exclusive-end id="948" timestamp="2019-06-15T02:19:03.241" durationms="4.792" />

<exclusive-start id="949" timestamp="2019-06-15T02:19:03.260" intervalms="23.995">
  <response-info timems="0.104" idlems="0.104" threads="0" lastid="00000000022E3500" lastname="Thread-9" />
</exclusive-start>
<allocation-taxation id="950" taxation-threshold="20971520" timestamp="2019-06-15T02:19:03.260" intervalms="24.116" />
<cycle-start id="951" type="partial gc" contextid="0" timestamp="2019-06-15T02:19:03.261" intervalms="24.222" />
<gc-start id="952" type="partial gc" contextid="951" timestamp="2019-06-15T02:19:03.261">
  <mem-info id="953" free="12582912" total="55574528" percent="22">
    <mem type="eden" free="0" total="20971520" percent="0" />
    <remembered-set count="8480" freebytes="2184448" totalbytes="2218368" percent="98" regionsoverflowed="0" regionsstable="0" regionsrebuilding="0"/>
  </mem-info>
</gc-start>
<allocation-stats totalBytes="20968784" >
  <allocated-bytes non-tlh="0" tlh="20968784" arrayletleaf="0"/>
  <largest-consumer threadName="Thread-8" threadId="00000000022E7100" bytes="9349888" />
</allocation-stats>
<gc-op id="954" type="copy forward" timems="1.597" contextid="951" timestamp="2019-06-15T02:19:03.263">
  <memory-copied type="eden" objects="2353" bytes="58224" bytesdiscarded="0" />
  <memory-copied type="other" objects="3195" bytes="76680" bytesdiscarded="0" />
  <memory-cardclean objects="8076" bytes="412424" />
  <regions eden="20" other="2" />
  <remembered-set-cleared processed="5941" cleared="904" durationms="0.138" />
  <stringconstants candidates="4597" cleared="0"  />
</gc-op>
<gc-op id="955" type="classunload" timems="0.002" contextid="951" timestamp="2019-06-15T02:19:03.263">
  <classunload-info classloadercandidates="8" classloadersunloaded="0" classesunloaded="0" anonymousclassesunloaded="0" quiescems="0.000" setupms="0.001" scanms="0.000" postms="0.000" />
</gc-op>
<heap-resize id="956" type="expand" space="default" amount="2097152" count="1" timems="0.065" reason="excessive time being spent in gc" timestamp="2019-06-15T02:19:03.264" />
<gc-end id="957" type="partial gc" contextid="951" durationms="3.013" usertimems="4.000" systemtimems="0.000" timestamp="2019-06-15T02:19:03.264" activeThreads="1">
  <mem-info id="958" free="34603008" total="57671680" percent="60">
    <mem type="eden" free="990352" total="1048576" percent="94" />
    <remembered-set count="9440" freebytes="2264320" totalbytes="2302080" percent="98" regionsoverflowed="0" regionsstable="0" regionsrebuilding="0"/>
  </mem-info>
</gc-end>
<cycle-end id="959" type="partial gc" contextid="951" timestamp="2019-06-15T02:19:03.264" />
  <attribute name="elasticGC enabled" value="1" />
  <attribute name= "numThreadsSpecified" value="1" />
  <attribute name="heapSize specified" value="0" />
  <attribute name="Current GC Util" value="74" />
  <attribute name= "Current Time Running" value="2306" />
  <attribute name ="GC Interval" value="0" />
  <attribute name="ProportionalT" value="27.000000" />
  <attribute name="ProportionalI" value="27.000000" />
  <attribute name="ProportionalH" value="27.000000" />
  <attribute name="Current Error" value="54.000000" />
  <attribute name="IntegralT" value="0.000000" />
  <attribute name="IntegralI" value="0.000000" />
  <attribute name="IntegralH" value="0.000000" />
  <attribute name="DerivativeT" value="inf" />
  <attribute name="DerivativeI" value="inf" />
  <attribute name="DerivativeH" value="inf" />
  <attribute name="Loop Time for DT" value="0.000000" />
  <attribute name="Output H" value="8388608"/>
  <attribute name="Output I" value="200"/>
  <attribute name="Output T" value="1"/>
  <attribute name="Target GC Util Change" value ="20.000000" />
  <attribute name="Current GC Util Change" value="74.000000"/>
  <attribute name="GC Util currently" value="74" />
  <attribute name="CPU Util currently" value="18415584872440" />
<exclusive-end id="960" timestamp="2019-06-15T02:19:03.264" durationms="4.339" />

<exclusive-start id="961" timestamp="2019-06-15T02:19:03.282" intervalms="21.535">
  <response-info timems="0.060" idlems="0.060" threads="0" lastid="00000000022DF900" lastname="Thread-7" />
</exclusive-start>
<allocation-taxation id="962" taxation-threshold="20971520" timestamp="2019-06-15T02:19:03.282" intervalms="21.503" />
<cycle-start id="963" type="partial gc" contextid="0" timestamp="2019-06-15T02:19:03.282" intervalms="21.473" />
<gc-start id="964" type="partial gc" contextid="963" timestamp="2019-06-15T02:19:03.282">
  <mem-info id="965" free="13631488" total="57671680" percent="23">
    <mem type="eden" free="0" total="20971520" percent="0" />
    <remembered-set count="9056" freebytes="2265856" totalbytes="2302080" percent="98" regionsoverflowed="0" regionsstable="0" regionsrebuilding="0"/>
  </mem-info>
</gc-start>
<allocation-stats totalBytes="20968880" >
  <allocated-bytes non-tlh="0" tlh="20968880" arrayletleaf="0"/>
  <largest-consumer threadName="Thread-7" threadId="00000000022DF900" bytes="7633888" />
</allocation-stats>
<gc-op id="966" type="copy forward" timems="1.476" contextid="963" timestamp="2019-06-15T02:19:03.285">
  <memory-copied type="eden" objects="1875" bytes="46144" bytesdiscarded="3032" />
  <memory-copied type="other" objects="2404" bytes="57720" bytesdiscarded="2936" />
  <memory-cardclean objects="7288" bytes="350880" />
  <regions eden="20" other="2" />
  <remembered-set-cleared processed="6612" cleared="990" durationms="0.118" />
  <stringconstants candidates="4597" cleared="0"  />
</gc-op>
<gc-op id="967" type="classunload" timems="0.002" contextid="963" timestamp="2019-06-15T02:19:03.285">
  <classunload-info classloadercandidates="8" classloadersunloaded="0" classesunloaded="0" anonymousclassesunloaded="0" quiescems="0.000" setupms="0.002" scanms="0.000" postms="0.000" />
</gc-op>
<heap-resize id="968" type="expand" space="default" amount="3145728" count="1" timems="0.061" reason="excessive time being spent in gc" timestamp="2019-06-15T02:19:03.285" />
<gc-end id="969" type="partial gc" contextid="963" durationms="2.752" usertimems="4.000" systemtimems="0.000" timestamp="2019-06-15T02:19:03.285" activeThreads="4">
  <mem-info id="970" free="36700160" total="60817408" percent="60">
    <mem type="eden" free="999400" total="1048576" percent="95" />
    <remembered-set count="9440" freebytes="2389888" totalbytes="2427648" percent="98" regionsoverflowed="0" regionsstable="0" regionsrebuilding="0"/>
  </mem-info>
</gc-end>
<cycle-end id="971" type="partial gc" contextid="963" timestamp="2019-06-15T02:19:03.285" />
  <attribute name="elasticGC enabled" value="1" />
  <attribute name= "numThreadsSpecified" value="4" />
  <attribute name="heapSize specified" value="0" />
  <attribute name="Current GC Util" value="80" />
  <attribute name= "Current Time Running" value="2328" />
  <attribute name ="GC Interval" value="0" />
  <attribute name="ProportionalT" value="30.000000" />
  <attribute name="ProportionalI" value="30.000000" />
  <attribute name="ProportionalH" value="30.000000" />
  <attribute name="Current Error" value="60.000000" />
  <attribute name="IntegralT" value="60.000000" />
  <attribute name="IntegralI" value="60.000000" />
  <attribute name="IntegralH" value="60.000000" />
  <attribute name="DerivativeT" value="60.000000" />
  <attribute name="DerivativeI" value="60.000000" />
  <attribute name="DerivativeH" value="60.000000" />
  <attribute name="Loop Time for DT" value="1.000000" />
  <attribute name="Output H" value="8388608"/>
  <attribute name="Output I" value="200"/>
  <attribute name="Output T" value="4"/>
  <attribute name="Target GC Util Change" value ="20.000000" />
  <attribute name="Current GC Util Change" value="80.000000"/>
  <attribute name="GC Util currently" value="80" />
  <attribute name="CPU Util currently" value="18008630088958" />
<exclusive-end id="972" timestamp="2019-06-15T02:19:03.285" durationms="3.869" />

<exclusive-start id="973" timestamp="2019-06-15T02:19:03.302" intervalms="20.715">
  <response-info timems="0.061" idlems="0.061" threads="0" lastid="00000000022E3500" lastname="Thread-9" />
</exclusive-start>
<allocation-taxation id="974" taxation-threshold="22020096" timestamp="2019-06-15T02:19:03.303" intervalms="20.706" />
<cycle-start id="975" type="partial gc" contextid="0" timestamp="2019-06-15T02:19:03.303" intervalms="20.708" />
<gc-start id="976" type="partial gc" contextid="975" timestamp="2019-06-15T02:19:03.303">
  <mem-info id="977" free="14680064" total="60817408" percent="24">
    <mem type="eden" free="0" total="22020096" percent="0" />
    <remembered-set count="9408" freebytes="2390016" totalbytes="2427648" percent="98" regionsoverflowed="0" regionsstable="0" regionsrebuilding="0"/>
  </mem-info>
</gc-start>
<allocation-stats totalBytes="22017256" >
  <allocated-bytes non-tlh="0" tlh="22017256" arrayletleaf="0"/>
  <largest-consumer threadName="Thread-7" threadId="00000000022DF900" bytes="7953488" />
</allocation-stats>
<gc-op id="978" type="copy forward" timems="1.506" contextid="975" timestamp="2019-06-15T02:19:03.305">
  <memory-copied type="eden" objects="2449" bytes="59680" bytesdiscarded="0" />
  <memory-copied type="other" objects="2036" bytes="48864" bytesdiscarded="0" />
  <memory-cardclean objects="7526" bytes="362672" />
  <regions eden="21" other="2" />
  <remembered-set-cleared processed="7202" cleared="997" durationms="0.145" />
  <stringconstants candidates="4597" cleared="0"  />
</gc-op>
<gc-op id="979" type="classunload" timems="0.002" contextid="975" timestamp="2019-06-15T02:19:03.305">
  <classunload-info classloadercandidates="8" classloadersunloaded="0" classesunloaded="0" anonymousclassesunloaded="0" quiescems="0.000" setupms="0.002" scanms="0.000" postms="0.000" />
</gc-op>
<heap-resize id="980" type="expand" space="default" amount="2097152" count="1" timems="0.057" reason="excessive time being spent in gc" timestamp="2019-06-15T02:19:03.306" />
<gc-end id="981" type="partial gc" contextid="975" durationms="2.917" usertimems="0.000" systemtimems="0.000" timestamp="2019-06-15T02:19:03.306" activeThreads="1">
  <mem-info id="982" free="37748736" total="62914560" percent="60">
    <mem type="eden" free="988896" total="1048576" percent="94" />
    <remembered-set count="10240" freebytes="2470400" totalbytes="2511360" percent="98" regionsoverflowed="0" regionsstable="0" regionsrebuilding="0"/>
  </mem-info>
</gc-end>
<cycle-end id="983" type="partial gc" contextid="975" timestamp="2019-06-15T02:19:03.306" />
  <attribute name="elasticGC enabled" value="1" />
  <attribute name= "numThreadsSpecified" value="1" />
  <attribute name="heapSize specified" value="0" />
  <attribute name="Current GC Util" value="74" />
  <attribute name= "Current Time Running" value="2348" />
  <attribute name ="GC Interval" value="0" />
  <attribute name="ProportionalT" value="27.000000" />
  <attribute name="ProportionalI" value="27.000000" />
  <attribute name="ProportionalH" value="27.000000" />
  <attribute name="Current Error" value="54.000000" />
  <attribute name="IntegralT" value="0.000000" />
  <attribute name="IntegralI" value="0.000000" />
  <attribute name="IntegralH" value="0.000000" />
  <attribute name="DerivativeT" value="inf" />
  <attribute name="DerivativeI" value="inf" />
  <attribute name="DerivativeH" value="inf" />
  <attribute name="Loop Time for DT" value="0.000000" />
  <attribute name="Output H" value="8388608"/>
  <attribute name="Output I" value="200"/>
  <attribute name="Output T" value="1"/>
  <attribute name="Target GC Util Change" value ="20.000000" />
  <attribute name="Current GC Util Change" value="74.000000"/>
  <attribute name="GC Util currently" value="74" />
  <attribute name="CPU Util currently" value="18859850200128" />
<exclusive-end id="984" timestamp="2019-06-15T02:19:03.306" durationms="4.083" />

<exclusive-start id="985" timestamp="2019-06-15T02:19:03.323" intervalms="20.920">
  <response-info timems="0.062" idlems="0.062" threads="0" lastid="00000000022E3500" lastname="Thread-9" />
</exclusive-start>
<allocation-taxation id="986" taxation-threshold="22020096" timestamp="2019-06-15T02:19:03.323" intervalms="20.925" />
<cycle-start id="987" type="partial gc" contextid="0" timestamp="2019-06-15T02:19:03.324" intervalms="20.902" />
<gc-start id="988" type="partial gc" contextid="987" timestamp="2019-06-15T02:19:03.324">
  <mem-info id="989" free="15728640" total="62914560" percent="25">
    <mem type="eden" free="0" total="22020096" percent="0" />
    <remembered-set count="9856" freebytes="2471936" totalbytes="2511360" percent="98" regionsoverflowed="0" regionsstable="0" regionsrebuilding="0"/>
  </mem-info>
</gc-start>
<allocation-stats totalBytes="22016832" >
  <allocated-bytes non-tlh="0" tlh="22016832" arrayletleaf="0"/>
  <largest-consumer threadName="Thread-7" threadId="00000000022DF900" bytes="8333992" />
</allocation-stats>
<gc-op id="990" type="copy forward" timems="1.998" contextid="987" timestamp="2019-06-15T02:19:03.327">
  <memory-copied type="eden" objects="9400" bytes="363952" bytesdiscarded="0" />
  <memory-copied type="other" objects="2680" bytes="64320" bytesdiscarded="0" />
  <memory-cardclean objects="8059" bytes="395720" />
  <regions eden="21" other="2" />
  <remembered-set-cleared processed="7769" cleared="1310" durationms="0.152" />
  <stringconstants candidates="4597" cleared="0"  />
</gc-op>
<gc-op id="991" type="classunload" timems="0.002" contextid="987" timestamp="2019-06-15T02:19:03.327">
  <classunload-info classloadercandidates="8" classloadersunloaded="0" classesunloaded="0" anonymousclassesunloaded="0" quiescems="0.000" setupms="0.002" scanms="0.000" postms="0.000" />
</gc-op>
<heap-resize id="992" type="expand" space="default" amount="3145728" count="1" timems="0.060" reason="excessive time being spent in gc" timestamp="2019-06-15T02:19:03.327" />
<gc-end id="993" type="partial gc" contextid="987" durationms="3.282" usertimems="4.000" systemtimems="0.000" timestamp="2019-06-15T02:19:03.327" activeThreads="1">
  <mem-info id="994" free="39845888" total="66060288" percent="60">
    <mem type="eden" free="684624" total="1048576" percent="65" />
    <remembered-set count="10592" freebytes="2594560" totalbytes="2636928" percent="98" regionsoverflowed="0" regionsstable="0" regionsrebuilding="0"/>
  </mem-info>
</gc-end>
<cycle-end id="995" type="partial gc" contextid="987" timestamp="2019-06-15T02:19:03.327" />
  <attribute name="elasticGC enabled" value="1" />
  <attribute name= "numThreadsSpecified" value="1" />
  <attribute name="heapSize specified" value="0" />
  <attribute name="Current GC Util" value="66" />
  <attribute name= "Current Time Running" value="2369" />
  <attribute name ="GC Interval" value="0" />
  <attribute name="ProportionalT" value="23.000000" />
  <attribute name="ProportionalI" value="23.000000" />
  <attribute name="ProportionalH" value="23.000000" />
  <attribute name="Current Error" value="46.000000" />
  <attribute name="IntegralT" value="0.000000" />
  <attribute name="IntegralI" value="0.000000" />
  <attribute name="IntegralH" value="0.000000" />
  <attribute name="DerivativeT" value="inf" />
  <attribute name="DerivativeI" value="inf" />
  <attribute name="DerivativeH" value="inf" />
  <attribute name="Loop Time for DT" value="0.000000" />
  <attribute name="Output H" value="8388608"/>
  <attribute name="Output I" value="200"/>
  <attribute name="Output T" value="1"/>
  <attribute name="Target GC Util Change" value ="20.000000" />
  <attribute name="Current GC Util Change" value="66.000000"/>
  <attribute name="GC Util currently" value="66" />
  <attribute name="CPU Util currently" value="19389215004000" />
<exclusive-end id="996" timestamp="2019-06-15T02:19:03.328" durationms="4.393" />

<exclusive-start id="997" timestamp="2019-06-15T02:19:03.347" intervalms="23.851">
  <response-info timems="0.023" idlems="0.023" threads="0" lastid="00000000022E7100" lastname="Thread-8" />
</exclusive-start>
<allocation-taxation id="998" taxation-threshold="23068672" timestamp="2019-06-15T02:19:03.347" intervalms="23.853" />
<cycle-start id="999" type="partial gc" contextid="0" timestamp="2019-06-15T02:19:03.347" intervalms="23.837" />
<gc-start id="1000" type="partial gc" contextid="999" timestamp="2019-06-15T02:19:03.348">
  <mem-info id="1001" free="16777216" total="66060288" percent="25">
    <mem type="eden" free="0" total="23068672" percent="0" />
    <remembered-set count="10464" freebytes="2595072" totalbytes="2636928" percent="98" regionsoverflowed="0" regionsstable="0" regionsrebuilding="0"/>
  </mem-info>
</gc-start>
<allocation-stats totalBytes="23065672" >
  <allocated-bytes non-tlh="0" tlh="23065672" arrayletleaf="0"/>
  <largest-consumer threadName="Thread-7" threadId="00000000022DF900" bytes="8375272" />
</allocation-stats>
<gc-op id="1002" type="copy forward" timems="2.395" contextid="999" timestamp="2019-06-15T02:19:03.351">
  <memory-copied type="eden" objects="7666" bytes="322520" bytesdiscarded="0" />
  <memory-copied type="other" objects="9664" bytes="369312" bytesdiscarded="0" />
  <memory-cardclean objects="6326" bytes="313472" />
  <regions eden="22" other="2" />
  <remembered-set-cleared processed="8352" cleared="1356" durationms="0.157" />
  <stringconstants candidates="4597" cleared="0"  />
</gc-op>
<gc-op id="1003" type="classunload" timems="0.002" contextid="999" timestamp="2019-06-15T02:19:03.351">
  <classunload-info classloadercandidates="8" classloadersunloaded="0" classesunloaded="0" anonymousclassesunloaded="0" quiescems="0.000" setupms="0.002" scanms="0.000" postms="0.000" />
</gc-op>
<heap-resize id="1004" type="expand" space="default" amount="2097152" count="1" timems="0.058" reason="excessive time being spent in gc" timestamp="2019-06-15T02:19:03.351" />
<gc-end id="1005" type="partial gc" contextid="999" durationms="3.646" usertimems="0.000" systemtimems="0.000" timestamp="2019-06-15T02:19:03.351" activeThreads="1">
  <mem-info id="1006" free="40894464" total="68157440" percent="60">
    <mem type="eden" free="726056" total="1048576" percent="69" />
    <remembered-set count="10976" freebytes="2676736" totalbytes="2720640" percent="98" regionsoverflowed="0" regionsstable="0" regionsrebuilding="0"/>
  </mem-info>
</gc-end>
<cycle-end id="1007" type="partial gc" contextid="999" timestamp="2019-06-15T02:19:03.351" />
  <attribute name="elasticGC enabled" value="1" />
  <attribute name= "numThreadsSpecified" value="1" />
  <attribute name="heapSize specified" value="0" />
  <attribute name="Current GC Util" value="87" />
  <attribute name= "Current Time Running" value="2393" />
  <attribute name ="GC Interval" value="0" />
  <attribute name="ProportionalT" value="33.500000" />
  <attribute name="ProportionalI" value="33.500000" />
  <attribute name="ProportionalH" value="33.500000" />
  <attribute name="Current Error" value="67.000000" />
  <attribute name="IntegralT" value="0.000000" />
  <attribute name="IntegralI" value="0.000000" />
  <attribute name="IntegralH" value="0.000000" />
  <attribute name="DerivativeT" value="inf" />
  <attribute name="DerivativeI" value="inf" />
  <attribute name="DerivativeH" value="inf" />
  <attribute name="Loop Time for DT" value="0.000000" />
  <attribute name="Output H" value="8388608"/>
  <attribute name="Output I" value="200"/>
  <attribute name="Output T" value="1"/>
  <attribute name="Target GC Util Change" value ="20.000000" />
  <attribute name="Current GC Util Change" value="87.000000"/>
  <attribute name="GC Util currently" value="87" />
  <attribute name="CPU Util currently" value="17831348539960" />
<exclusive-end id="1008" timestamp="2019-06-15T02:19:03.352" durationms="4.563" />

<exclusive-start id="1009" timestamp="2019-06-15T02:19:03.368" intervalms="20.964">
  <response-info timems="0.022" idlems="0.022" threads="0" lastid="00000000022DBD00" lastname="Thread-10" />
</exclusive-start>
<allocation-taxation id="1010" taxation-threshold="24117248" timestamp="2019-06-15T02:19:03.368" intervalms="20.909" />
<cycle-start id="1011" type="partial gc" contextid="0" timestamp="2019-06-15T02:19:03.368" intervalms="20.816" />
<gc-start id="1012" type="partial gc" contextid="1011" timestamp="2019-06-15T02:19:03.368">
  <mem-info id="1013" free="16777216" total="68157440" percent="24">
    <mem type="eden" free="0" total="24117248" percent="0" />
    <remembered-set count="10848" freebytes="2677248" totalbytes="2720640" percent="98" regionsoverflowed="0" regionsstable="0" regionsrebuilding="0"/>
  </mem-info>
</gc-start>
<allocation-stats totalBytes="24114048" >
  <allocated-bytes non-tlh="0" tlh="24114048" arrayletleaf="0"/>
  <largest-consumer threadName="Thread-7" threadId="00000000022DF900" bytes="6651160" />
</allocation-stats>
<gc-op id="1014" type="copy forward" timems="1.644" contextid="1011" timestamp="2019-06-15T02:19:03.371">
  <memory-copied type="eden" objects="2595" bytes="63488" bytesdiscarded="20744" />
  <memory-copied type="other" objects="7910" bytes="327216" bytesdiscarded="36624" />
  <memory-cardclean objects="6956" bytes="354368" />
  <regions eden="23" other="2" />
  <remembered-set-cleared processed="8899" cleared="956" durationms="0.101" />
  <stringconstants candidates="4597" cleared="0"  />
</gc-op>
<gc-op id="1015" type="classunload" timems="0.002" contextid="1011" timestamp="2019-06-15T02:19:03.371">
  <classunload-info classloadercandidates="8" classloadersunloaded="0" classesunloaded="0" anonymousclassesunloaded="0" quiescems="0.000" setupms="0.002" scanms="0.000" postms="0.000" />
</gc-op>
<heap-resize id="1016" type="expand" space="default" amount="3145728" count="1" timems="0.065" reason="excessive time being spent in gc" timestamp="2019-06-15T02:19:03.371" />
<gc-end id="1017" type="partial gc" contextid="1011" durationms="2.772" usertimems="4.000" systemtimems="0.000" timestamp="2019-06-15T02:19:03.371" activeThreads="4">
  <mem-info id="1018" free="42991616" total="71303168" percent="60">
    <mem type="eden" free="964344" total="1048576" percent="91" />
    <remembered-set count="12384" freebytes="2796672" totalbytes="2846208" percent="98" regionsoverflowed="0" regionsstable="0" regionsrebuilding="0"/>
  </mem-info>
</gc-end>
<cycle-end id="1019" type="partial gc" contextid="1011" timestamp="2019-06-15T02:19:03.371" />
  <attribute name="elasticGC enabled" value="1" />
  <attribute name= "numThreadsSpecified" value="4" />
  <attribute name="heapSize specified" value="0" />
  <attribute name="Current GC Util" value="79" />
  <attribute name= "Current Time Running" value="2414" />
  <attribute name ="GC Interval" value="0" />
  <attribute name="ProportionalT" value="29.500000" />
  <attribute name="ProportionalI" value="29.500000" />
  <attribute name="ProportionalH" value="29.500000" />
  <attribute name="Current Error" value="59.000000" />
  <attribute name="IntegralT" value="59.000000" />
  <attribute name="IntegralI" value="59.000000" />
  <attribute name="IntegralH" value="59.000000" />
  <attribute name="DerivativeT" value="59.000000" />
  <attribute name="DerivativeI" value="59.000000" />
  <attribute name="DerivativeH" value="59.000000" />
  <attribute name="Loop Time for DT" value="1.000000" />
  <attribute name="Output H" value="8388608"/>
  <attribute name="Output I" value="200"/>
  <attribute name="Output T" value="4"/>
  <attribute name="Target GC Util Change" value ="20.000000" />
  <attribute name="Current GC Util Change" value="79.000000"/>
  <attribute name="GC Util currently" value="79" />
  <attribute name="CPU Util currently" value="19888501274838" />
<exclusive-end id="1020" timestamp="2019-06-15T02:19:03.372" durationms="3.536" />

<exclusive-start id="1021" timestamp="2019-06-15T02:19:03.388" intervalms="19.593">
  <response-info timems="0.022" idlems="0.022" threads="0" lastid="00000000022DF900" lastname="Thread-7" />
</exclusive-start>
<allocation-taxation id="1022" taxation-threshold="24117248" timestamp="2019-06-15T02:19:03.388" intervalms="19.622" />
<cycle-start id="1023" type="partial gc" contextid="0" timestamp="2019-06-15T02:19:03.388" intervalms="19.703" />
<gc-start id="1024" type="partial gc" contextid="1023" timestamp="2019-06-15T02:19:03.388">
  <mem-info id="1025" free="18874368" total="71303168" percent="26">
    <mem type="eden" free="0" total="24117248" percent="0" />
    <remembered-set count="12320" freebytes="2796928" totalbytes="2846208" percent="98" regionsoverflowed="0" regionsstable="0" regionsrebuilding="0"/>
  </mem-info>
</gc-start>
<allocation-stats totalBytes="24114544" >
  <allocated-bytes non-tlh="0" tlh="24114544" arrayletleaf="0"/>
  <largest-consumer threadName="Thread-8" threadId="00000000022E7100" bytes="6524224" />
</allocation-stats>
<gc-op id="1026" type="copy forward" timems="2.000" contextid="1023" timestamp="2019-06-15T02:19:03.391">
  <memory-copied type="eden" objects="8095" bytes="332608" bytesdiscarded="0" />
  <memory-copied type="other" objects="3124" bytes="74976" bytesdiscarded="0" />
  <memory-cardclean objects="9539" bytes="482480" />
  <regions eden="23" other="2" />
  <remembered-set-cleared processed="9315" cleared="1548" durationms="0.160" />
  <stringconstants candidates="4597" cleared="0"  />
</gc-op>
<gc-op id="1027" type="classunload" timems="0.002" contextid="1023" timestamp="2019-06-15T02:19:03.391">
  <classunload-info classloadercandidates="8" classloadersunloaded="0" classesunloaded="0" anonymousclassesunloaded="0" quiescems="0.000" setupms="0.002" scanms="0.000" postms="0.000" />
</gc-op>
<heap-resize id="1028" type="expand" space="default" amount="2097152" count="1" timems="0.052" reason="excessive time being spent in gc" timestamp="2019-06-15T02:19:03.391" />
<gc-end id="1029" type="partial gc" contextid="1023" durationms="3.100" usertimems="0.000" systemtimems="0.000" timestamp="2019-06-15T02:19:03.391" activeThreads="1">
  <mem-info id="1030" free="44040192" total="73400320" percent="60">
    <mem type="eden" free="715968" total="1048576" percent="68" />
    <remembered-set count="13024" freebytes="2877824" totalbytes="2929920" percent="98" regionsoverflowed="0" regionsstable="0" regionsrebuilding="0"/>
  </mem-info>
</gc-end>
<cycle-end id="1031" type="partial gc" contextid="1023" timestamp="2019-06-15T02:19:03.391" />
  <attribute name="elasticGC enabled" value="1" />
  <attribute name= "numThreadsSpecified" value="1" />
  <attribute name="heapSize specified" value="0" />
  <attribute name="Current GC Util" value="59" />
  <attribute name= "Current Time Running" value="2433" />
  <attribute name ="GC Interval" value="0" />
  <attribute name="ProportionalT" value="19.500000" />
  <attribute name="ProportionalI" value="19.500000" />
  <attribute name="ProportionalH" value="19.500000" />
  <attribute name="Current Error" value="39.000000" />
  <attribute name="IntegralT" value="0.000000" />
  <attribute name="IntegralI" value="0.000000" />
  <attribute name="IntegralH" value="0.000000" />
  <attribute name="DerivativeT" value="inf" />
  <attribute name="DerivativeI" value="inf" />
  <attribute name="DerivativeH" value="inf" />
  <attribute name="Loop Time for DT" value="0.000000" />
  <attribute name="Output H" value="8388608"/>
  <attribute name="Output I" value="200"/>
  <attribute name="Output T" value="1"/>
  <attribute name="Target GC Util Change" value ="20.000000" />
  <attribute name="Current GC Util Change" value="59.000000"/>
  <attribute name="GC Util currently" value="59" />
  <attribute name="CPU Util currently" value="24580582629279" />
<exclusive-end id="1032" timestamp="2019-06-15T02:19:03.392" durationms="4.122" />

<exclusive-start id="1033" timestamp="2019-06-15T02:19:03.410" intervalms="22.166">
  <response-info timems="0.023" idlems="0.023" threads="0" lastid="00000000022DF900" lastname="Thread-7" />
</exclusive-start>
<allocation-taxation id="1034" taxation-threshold="25165824" timestamp="2019-06-15T02:19:03.410" intervalms="22.168" />
<cycle-start id="1035" type="partial gc" contextid="0" timestamp="2019-06-15T02:19:03.410" intervalms="22.104" />
<gc-start id="1036" type="partial gc" contextid="1035" timestamp="2019-06-15T02:19:03.410">
  <mem-info id="1037" free="18874368" total="73400320" percent="25">
    <mem type="eden" free="0" total="25165824" percent="0" />
    <remembered-set count="12992" freebytes="2877952" totalbytes="2929920" percent="98" regionsoverflowed="0" regionsstable="0" regionsrebuilding="0"/>
  </mem-info>
</gc-start>
<allocation-stats totalBytes="25162920" >
  <allocated-bytes non-tlh="0" tlh="25162920" arrayletleaf="0"/>
  <largest-consumer threadName="Thread-9" threadId="00000000022E3500" bytes="6995144" />
</allocation-stats>
<gc-op id="1038" type="copy forward" timems="2.018" contextid="1035" timestamp="2019-06-15T02:19:03.413">
  <memory-copied type="eden" objects="2855" bytes="69728" bytesdiscarded="0" />
  <memory-copied type="other" objects="8594" bytes="343632" bytesdiscarded="0" />
  <memory-cardclean objects="8700" bytes="422384" />
  <regions eden="24" other="3" />
  <remembered-set-cleared processed="9947" cleared="3083" durationms="0.164" />
  <stringconstants candidates="4597" cleared="0"  />
</gc-op>
<gc-op id="1039" type="classunload" timems="0.002" contextid="1035" timestamp="2019-06-15T02:19:03.413">
  <classunload-info classloadercandidates="8" classloadersunloaded="0" classesunloaded="0" anonymousclassesunloaded="0" quiescems="0.000" setupms="0.002" scanms="0.000" postms="0.000" />
</gc-op>
<gc-end id="1040" type="partial gc" contextid="1035" durationms="2.907" usertimems="4.000" systemtimems="0.000" timestamp="2019-06-15T02:19:03.413" activeThreads="1">
  <mem-info id="1041" free="44040192" total="73400320" percent="60">
    <mem type="eden" free="978848" total="1048576" percent="93" />
    <remembered-set count="11712" freebytes="2883072" totalbytes="2929920" percent="98" regionsoverflowed="0" regionsstable="0" regionsrebuilding="0"/>
  </mem-info>
</gc-end>
<cycle-end id="1042" type="partial gc" contextid="1035" timestamp="2019-06-15T02:19:03.413" />
  <attribute name="elasticGC enabled" value="1" />
  <attribute name= "numThreadsSpecified" value="1" />
  <attribute name="heapSize specified" value="0" />
  <attribute name="Current GC Util" value="69" />
  <attribute name= "Current Time Running" value="2455" />
  <attribute name ="GC Interval" value="0" />
  <attribute name="ProportionalT" value="24.500000" />
  <attribute name="ProportionalI" value="24.500000" />
  <attribute name="ProportionalH" value="24.500000" />
  <attribute name="Current Error" value="49.000000" />
  <attribute name="IntegralT" value="0.000000" />
  <attribute name="IntegralI" value="0.000000" />
  <attribute name="IntegralH" value="0.000000" />
  <attribute name="DerivativeT" value="inf" />
  <attribute name="DerivativeI" value="inf" />
  <attribute name="DerivativeH" value="inf" />
  <attribute name="Loop Time for DT" value="0.000000" />
  <attribute name="Output H" value="8388608"/>
  <attribute name="Output I" value="200"/>
  <attribute name="Output T" value="1"/>
  <attribute name="Target GC Util Change" value ="20.000000" />
  <attribute name="Current GC Util Change" value="69.000000"/>
  <attribute name="GC Util currently" value="69" />
  <attribute name="CPU Util currently" value="22123279044388" />
<exclusive-end id="1043" timestamp="2019-06-15T02:19:03.414" durationms="3.852" />

<exclusive-start id="1044" timestamp="2019-06-15T02:19:03.431" intervalms="21.248">
  <response-info timems="0.022" idlems="0.022" threads="0" lastid="00000000022DBD00" lastname="Thread-10" />
</exclusive-start>
<allocation-taxation id="1045" taxation-threshold="25165824" timestamp="2019-06-15T02:19:03.431" intervalms="21.228" />
<cycle-start id="1046" type="partial gc" contextid="0" timestamp="2019-06-15T02:19:03.431" intervalms="21.250" />
<gc-start id="1047" type="partial gc" contextid="1046" timestamp="2019-06-15T02:19:03.432">
  <mem-info id="1048" free="18874368" total="73400320" percent="25">
    <mem type="eden" free="0" total="25165824" percent="0" />
    <remembered-set count="11488" freebytes="2883968" totalbytes="2929920" percent="98" regionsoverflowed="0" regionsstable="0" regionsrebuilding="0"/>
  </mem-info>
</gc-start>
<allocation-stats totalBytes="25162952" >
  <allocated-bytes non-tlh="0" tlh="25162952" arrayletleaf="0"/>
  <largest-consumer threadName="Thread-9" threadId="00000000022E3500" bytes="6606000" />
</allocation-stats>
<gc-op id="1049" type="copy forward" timems="1.627" contextid="1046" timestamp="2019-06-15T02:19:03.434">
  <memory-copied type="eden" objects="9939" bytes="377160" bytesdiscarded="26088" />
  <memory-copied type="other" objects="3445" bytes="82680" bytesdiscarded="4416" />
  <memory-cardclean objects="9779" bytes="493760" />
  <regions eden="24" other="2" />
  <remembered-set-cleared processed="8917" cleared="1401" durationms="0.104" />
  <stringconstants candidates="4597" cleared="0"  />
</gc-op>
<gc-op id="1050" type="classunload" timems="0.002" contextid="1046" timestamp="2019-06-15T02:19:03.434">
  <classunload-info classloadercandidates="8" classloadersunloaded="0" classesunloaded="0" anonymousclassesunloaded="0" quiescems="0.000" setupms="0.002" scanms="0.000" postms="0.000" />
</gc-op>
<heap-resize id="1051" type="expand" space="default" amount="3145728" count="1" timems="0.056" reason="excessive time being spent in gc" timestamp="2019-06-15T02:19:03.434" />
<gc-end id="1052" type="partial gc" contextid="1046" durationms="2.695" usertimems="4.000" systemtimems="0.000" timestamp="2019-06-15T02:19:03.434" activeThreads="4">
  <mem-info id="1053" free="46137344" total="76546048" percent="60">
    <mem type="eden" free="645328" total="1048576" percent="61" />
    <remembered-set count="12800" freebytes="3004288" totalbytes="3055488" percent="98" regionsoverflowed="0" regionsstable="0" regionsrebuilding="0"/>
  </mem-info>
</gc-end>
<cycle-end id="1054" type="partial gc" contextid="1046" timestamp="2019-06-15T02:19:03.434" />
  <attribute name="elasticGC enabled" value="1" />
  <attribute name= "numThreadsSpecified" value="4" />
  <attribute name="heapSize specified" value="0" />
  <attribute name="Current GC Util" value="77" />
  <attribute name= "Current Time Running" value="2477" />
  <attribute name ="GC Interval" value="0" />
  <attribute name="ProportionalT" value="28.500000" />
  <attribute name="ProportionalI" value="28.500000" />
  <attribute name="ProportionalH" value="28.500000" />
  <attribute name="Current Error" value="57.000000" />
  <attribute name="IntegralT" value="57.000000" />
  <attribute name="IntegralI" value="57.000000" />
  <attribute name="IntegralH" value="57.000000" />
  <attribute name="DerivativeT" value="57.000000" />
  <attribute name="DerivativeI" value="57.000000" />
  <attribute name="DerivativeH" value="57.000000" />
  <attribute name="Loop Time for DT" value="1.000000" />
  <attribute name="Output H" value="8388608"/>
  <attribute name="Output I" value="200"/>
  <attribute name="Output T" value="4"/>
  <attribute name="Target GC Util Change" value ="20.000000" />
  <attribute name="Current GC Util Change" value="77.000000"/>
  <attribute name="GC Util currently" value="77" />
  <attribute name="CPU Util currently" value="23495924157035" />
<exclusive-end id="1055" timestamp="2019-06-15T02:19:03.435" durationms="3.590" />

<exclusive-start id="1056" timestamp="2019-06-15T02:19:03.452" intervalms="21.406">
  <response-info timems="0.021" idlems="0.021" threads="0" lastid="00000000022E3500" lastname="Thread-9" />
</exclusive-start>
<allocation-taxation id="1057" taxation-threshold="26214400" timestamp="2019-06-15T02:19:03.453" intervalms="21.397" />
<cycle-start id="1058" type="partial gc" contextid="0" timestamp="2019-06-15T02:19:03.453" intervalms="21.406" />
<gc-start id="1059" type="partial gc" contextid="1058" timestamp="2019-06-15T02:19:03.453">
  <mem-info id="1060" free="19922944" total="76546048" percent="26">
    <mem type="eden" free="0" total="26214400" percent="0" />
    <remembered-set count="12576" freebytes="3005184" totalbytes="3055488" percent="98" regionsoverflowed="0" regionsstable="0" regionsrebuilding="0"/>
  </mem-info>
</gc-start>
<allocation-stats totalBytes="26211176" >
  <allocated-bytes non-tlh="0" tlh="26211176" arrayletleaf="0"/>
  <largest-consumer threadName="Thread-10" threadId="00000000022DBD00" bytes="7232632" />
</allocation-stats>
<gc-op id="1061" type="copy forward" timems="2.771" contextid="1058" timestamp="2019-06-15T02:19:03.456">
  <memory-copied type="eden" objects="10304" bytes="385856" bytesdiscarded="0" />
  <memory-copied type="other" objects="11699" bytes="451896" bytesdiscarded="0" />
  <memory-cardclean objects="8716" bytes="446936" />
  <regions eden="25" other="2" />
  <remembered-set-cleared processed="9664" cleared="1612" durationms="0.167" />
  <stringconstants candidates="4597" cleared="0"  />
</gc-op>
<gc-op id="1062" type="classunload" timems="0.002" contextid="1058" timestamp="2019-06-15T02:19:03.456">
  <classunload-info classloadercandidates="8" classloadersunloaded="0" classesunloaded="0" anonymousclassesunloaded="0" quiescems="0.000" setupms="0.002" scanms="0.000" postms="0.000" />
</gc-op>
<heap-resize id="1063" type="expand" space="default" amount="2097152" count="1" timems="0.052" reason="excessive time being spent in gc" timestamp="2019-06-15T02:19:03.457" />
<gc-end id="1064" type="partial gc" contextid="1058" durationms="3.997" usertimems="4.000" systemtimems="0.000" timestamp="2019-06-15T02:19:03.457" activeThreads="1">
  <mem-info id="1065" free="47185920" total="78643200" percent="60">
    <mem type="eden" free="662720" total="1048576" percent="63" />
    <remembered-set count="13472" freebytes="3085312" totalbytes="3139200" percent="98" regionsoverflowed="0" regionsstable="0" regionsrebuilding="0"/>
  </mem-info>
</gc-end>
<cycle-end id="1066" type="partial gc" contextid="1058" timestamp="2019-06-15T02:19:03.457" />
  <attribute name="elasticGC enabled" value="1" />
  <attribute name= "numThreadsSpecified" value="1" />
  <attribute name="heapSize specified" value="0" />
  <attribute name="Current GC Util" value="61" />
  <attribute name= "Current Time Running" value="2498" />
  <attribute name ="GC Interval" value="0" />
  <attribute name="ProportionalT" value="20.500000" />
  <attribute name="ProportionalI" value="20.500000" />
  <attribute name="ProportionalH" value="20.500000" />
  <attribute name="Current Error" value="41.000000" />
  <attribute name="IntegralT" value="0.000000" />
  <attribute name="IntegralI" value="0.000000" />
  <attribute name="IntegralH" value="0.000000" />
  <attribute name="DerivativeT" value="inf" />
  <attribute name="DerivativeI" value="inf" />
  <attribute name="DerivativeH" value="inf" />
  <attribute name="Loop Time for DT" value="0.000000" />
  <attribute name="Output H" value="8388608"/>
  <attribute name="Output I" value="200"/>
  <attribute name="Output T" value="1"/>
  <attribute name="Target GC Util Change" value ="20.000000" />
  <attribute name="Current GC Util Change" value="61.000000"/>
  <attribute name="GC Util currently" value="61" />
  <attribute name="CPU Util currently" value="22744891716336" />
<exclusive-end id="1067" timestamp="2019-06-15T02:19:03.457" durationms="4.816" />

<exclusive-start id="1068" timestamp="2019-06-15T02:19:03.475" intervalms="22.637">
  <response-info timems="0.055" idlems="0.055" threads="0" lastid="00000000022DBD00" lastname="Thread-10" />
</exclusive-start>
<allocation-taxation id="1069" taxation-threshold="26214400" timestamp="2019-06-15T02:19:03.475" intervalms="22.622" />
<cycle-start id="1070" type="partial gc" contextid="0" timestamp="2019-06-15T02:19:03.475" intervalms="22.654" />
<gc-start id="1071" type="partial gc" contextid="1070" timestamp="2019-06-15T02:19:03.476">
  <mem-info id="1072" free="20971520" total="78643200" percent="26">
    <mem type="eden" free="0" total="26214400" percent="0" />
    <remembered-set count="13088" freebytes="3086848" totalbytes="3139200" percent="98" regionsoverflowed="0" regionsstable="0" regionsrebuilding="0"/>
  </mem-info>
</gc-start>
<allocation-stats totalBytes="26211224" >
  <allocated-bytes non-tlh="0" tlh="26211224" arrayletleaf="0"/>
  <largest-consumer threadName="Thread-9" threadId="00000000022E3500" bytes="6909128" />
</allocation-stats>
<gc-op id="1073" type="copy forward" timems="2.627" contextid="1070" timestamp="2019-06-15T02:19:03.479">
  <memory-copied type="eden" objects="9701" bytes="371264" bytesdiscarded="0" />
  <memory-copied type="other" objects="10353" bytes="385848" bytesdiscarded="0" />
  <memory-cardclean objects="8351" bytes="429584" />
  <regions eden="25" other="2" />
  <remembered-set-cleared processed="10522" cleared="1963" durationms="0.183" />
  <stringconstants candidates="4597" cleared="0"  />
</gc-op>
<gc-op id="1074" type="classunload" timems="0.002" contextid="1070" timestamp="2019-06-15T02:19:03.479">
  <classunload-info classloadercandidates="8" classloadersunloaded="0" classesunloaded="0" anonymousclassesunloaded="0" quiescems="0.000" setupms="0.002" scanms="0.000" postms="0.000" />
</gc-op>
<heap-resize id="1075" type="expand" space="default" amount="3145728" count="1" timems="0.065" reason="excessive time being spent in gc" timestamp="2019-06-15T02:19:03.479" />
<gc-end id="1076" type="partial gc" contextid="1070" durationms="3.856" usertimems="4.000" systemtimems="0.000" timestamp="2019-06-15T02:19:03.479" activeThreads="1">
  <mem-info id="1077" free="49283072" total="81788928" percent="60">
    <mem type="eden" free="677312" total="1048576" percent="64" />
    <remembered-set count="12928" freebytes="3213056" totalbytes="3264768" percent="98" regionsoverflowed="0" regionsstable="0" regionsrebuilding="0"/>
  </mem-info>
</gc-end>
<cycle-end id="1078" type="partial gc" contextid="1070" timestamp="2019-06-15T02:19:03.480" />
  <attribute name="elasticGC enabled" value="1" />
  <attribute name= "numThreadsSpecified" value="1" />
  <attribute name="heapSize specified" value="0" />
  <attribute name="Current GC Util" value="63" />
  <attribute name= "Current Time Running" value="2521" />
  <attribute name ="GC Interval" value="0" />
  <attribute name="ProportionalT" value="21.500000" />
  <attribute name="ProportionalI" value="21.500000" />
  <attribute name="ProportionalH" value="21.500000" />
  <attribute name="Current Error" value="43.000000" />
  <attribute name="IntegralT" value="0.000000" />
  <attribute name="IntegralI" value="0.000000" />
  <attribute name="IntegralH" value="0.000000" />
  <attribute name="DerivativeT" value="inf" />
  <attribute name="DerivativeI" value="inf" />
  <attribute name="DerivativeH" value="inf" />
  <attribute name="Loop Time for DT" value="0.000000" />
  <attribute name="Output H" value="8388608"/>
  <attribute name="Output I" value="200"/>
  <attribute name="Output T" value="1"/>
  <attribute name="Target GC Util Change" value ="20.000000" />
  <attribute name="Current GC Util Change" value="63.000000"/>
  <attribute name="GC Util currently" value="63" />
  <attribute name="CPU Util currently" value="18887348094900" />
<exclusive-end id="1079" timestamp="2019-06-15T02:19:03.480" durationms="4.831" />

<exclusive-start id="1080" timestamp="2019-06-15T02:19:03.499" intervalms="23.832">
  <response-info timems="0.023" idlems="0.023" threads="0" lastid="00000000022E7100" lastname="Thread-8" />
</exclusive-start>
<allocation-taxation id="1081" taxation-threshold="27262976" timestamp="2019-06-15T02:19:03.499" intervalms="23.841" />
<cycle-start id="1082" type="partial gc" contextid="0" timestamp="2019-06-15T02:19:03.499" intervalms="23.756" />
<gc-start id="1083" type="partial gc" contextid="1082" timestamp="2019-06-15T02:19:03.499">
  <mem-info id="1084" free="22020096" total="81788928" percent="26">
    <mem type="eden" free="0" total="27262976" percent="0" />
    <remembered-set count="12704" freebytes="3213952" totalbytes="3264768" percent="98" regionsoverflowed="0" regionsstable="0" regionsrebuilding="0"/>
  </mem-info>
</gc-start>
<allocation-stats totalBytes="27259712" >
  <allocated-bytes non-tlh="0" tlh="27259712" arrayletleaf="0"/>
  <largest-consumer threadName="Thread-8" threadId="00000000022E7100" bytes="8559864" />
</allocation-stats>
<gc-op id="1085" type="copy forward" timems="2.962" contextid="1082" timestamp="2019-06-15T02:19:03.503">
  <memory-copied type="eden" objects="13533" bytes="463976" bytesdiscarded="0" />
  <memory-copied type="other" objects="9840" bytes="373536" bytesdiscarded="0" />
  <memory-cardclean objects="8818" bytes="455864" />
  <regions eden="26" other="2" />
  <remembered-set-cleared processed="10163" cleared="2363" durationms="0.186" />
  <stringconstants candidates="4597" cleared="0"  />
</gc-op>
<gc-op id="1086" type="classunload" timems="0.002" contextid="1082" timestamp="2019-06-15T02:19:03.503">
  <classunload-info classloadercandidates="8" classloadersunloaded="0" classesunloaded="0" anonymousclassesunloaded="0" quiescems="0.000" setupms="0.002" scanms="0.000" postms="0.000" />
</gc-op>
<heap-resize id="1087" type="expand" space="default" amount="2097152" count="1" timems="0.061" reason="excessive time being spent in gc" timestamp="2019-06-15T02:19:03.503" />
<gc-end id="1088" type="partial gc" contextid="1082" durationms="4.023" usertimems="0.000" systemtimems="4.000" timestamp="2019-06-15T02:19:03.503" activeThreads="1">
  <mem-info id="1089" free="50331648" total="83886080" percent="60">
    <mem type="eden" free="584600" total="1048576" percent="55" />
    <remembered-set count="12096" freebytes="3300096" totalbytes="3348480" percent="98" regionsoverflowed="0" regionsstable="0" regionsrebuilding="0"/>
  </mem-info>
</gc-end>
<cycle-end id="1090" type="partial gc" contextid="1082" timestamp="2019-06-15T02:19:03.504" />
  <attribute name="elasticGC enabled" value="1" />
  <attribute name= "numThreadsSpecified" value="1" />
  <attribute name="heapSize specified" value="0" />
  <attribute name="Current GC Util" value="86" />
  <attribute name= "Current Time Running" value="2544" />
  <attribute name ="GC Interval" value="0" />
  <attribute name="ProportionalT" value="33.000000" />
  <attribute name="ProportionalI" value="33.000000" />
  <attribute name="ProportionalH" value="33.000000" />
  <attribute name="Current Error" value="66.000000" />
  <attribute name="IntegralT" value="0.000000" />
  <attribute name="IntegralI" value="0.000000" />
  <attribute name="IntegralH" value="0.000000" />
  <attribute name="DerivativeT" value="inf" />
  <attribute name="DerivativeI" value="inf" />
  <attribute name="DerivativeH" value="inf" />
  <attribute name="Loop Time for DT" value="0.000000" />
  <attribute name="Output H" value="8388608"/>
  <attribute name="Output I" value="200"/>
  <attribute name="Output T" value="1"/>
  <attribute name="Target GC Util Change" value ="20.000000" />
  <attribute name="Current GC Util Change" value="86.000000"/>
  <attribute name="GC Util currently" value="86" />
  <attribute name="CPU Util currently" value="24338642651159" />
<exclusive-end id="1091" timestamp="2019-06-15T02:19:03.504" durationms="4.732" />

<exclusive-start id="1092" timestamp="2019-06-15T02:19:03.522" intervalms="23.005">
  <response-info timems="0.047" idlems="0.047" threads="0" lastid="00000000022E3500" lastname="Thread-9" />
</exclusive-start>
<allocation-taxation id="1093" taxation-threshold="27262976" timestamp="2019-06-15T02:19:03.522" intervalms="22.978" />
<cycle-start id="1094" type="partial gc" contextid="0" timestamp="2019-06-15T02:19:03.522" intervalms="22.999" />
<gc-start id="1095" type="partial gc" contextid="1094" timestamp="2019-06-15T02:19:03.522">
  <mem-info id="1096" free="23068672" total="83886080" percent="27">
    <mem type="eden" free="0" total="27262976" percent="0" />
    <remembered-set count="12096" freebytes="3300096" totalbytes="3348480" percent="98" regionsoverflowed="0" regionsstable="0" regionsrebuilding="0"/>
  </mem-info>
</gc-start>
<allocation-stats totalBytes="27259320" >
  <allocated-bytes non-tlh="0" tlh="27259320" arrayletleaf="0"/>
  <largest-consumer threadName="Thread-8" threadId="00000000022E7100" bytes="8932232" />
</allocation-stats>
<gc-op id="1097" type="copy forward" timems="2.637" contextid="1094" timestamp="2019-06-15T02:19:03.526">
  <memory-copied type="eden" objects="17140" bytes="687408" bytesdiscarded="0" />
  <memory-copied type="other" objects="3795" bytes="91080" bytesdiscarded="0" />
  <memory-cardclean objects="7518" bytes="389552" />
  <regions eden="26" other="2" />
  <remembered-set-cleared processed="9774" cleared="2654" durationms="0.186" />
  <stringconstants candidates="4597" cleared="0"  />
</gc-op>
<gc-op id="1098" type="classunload" timems="0.001" contextid="1094" timestamp="2019-06-15T02:19:03.526">
  <classunload-info classloadercandidates="8" classloadersunloaded="0" classesunloaded="0" anonymousclassesunloaded="0" quiescems="0.000" setupms="0.001" scanms="0.000" postms="0.000" />
</gc-op>
<gc-end id="1099" type="partial gc" contextid="1094" durationms="3.588" usertimems="0.000" systemtimems="4.000" timestamp="2019-06-15T02:19:03.526" activeThreads="1">
  <mem-info id="1100" free="50331648" total="83886080" percent="60">
    <mem type="eden" free="361168" total="1048576" percent="34" />
    <remembered-set count="10784" freebytes="3305344" totalbytes="3348480" percent="98" regionsoverflowed="0" regionsstable="0" regionsrebuilding="0"/>
  </mem-info>
</gc-end>
<cycle-end id="1101" type="partial gc" contextid="1094" timestamp="2019-06-15T02:19:03.526" />
  <attribute name="elasticGC enabled" value="1" />
  <attribute name= "numThreadsSpecified" value="1" />
  <attribute name="heapSize specified" value="0" />
  <attribute name="Current GC Util" value="76" />
  <attribute name= "Current Time Running" value="2567" />
  <attribute name ="GC Interval" value="0" />
  <attribute name="ProportionalT" value="28.000000" />
  <attribute name="ProportionalI" value="28.000000" />
  <attribute name="ProportionalH" value="28.000000" />
  <attribute name="Current Error" value="56.000000" />
  <attribute name="IntegralT" value="0.000000" />
  <attribute name="IntegralI" value="0.000000" />
  <attribute name="IntegralH" value="0.000000" />
  <attribute name="DerivativeT" value="inf" />
  <attribute name="DerivativeI" value="inf" />
  <attribute name="DerivativeH" value="inf" />
  <attribute name="Loop Time for DT" value="0.000000" />
  <attribute name="Output H" value="8388608"/>
  <attribute name="Output I" value="200"/>
  <attribute name="Output T" value="1"/>
  <attribute name="Target GC Util Change" value ="20.000000" />
  <attribute name="Current GC Util Change" value="76.000000"/>
  <attribute name="GC Util currently" value="76" />
  <attribute name="CPU Util currently" value="20528132442357" />
<exclusive-end id="1102" timestamp="2019-06-15T02:19:03.526" durationms="4.437" />

<exclusive-start id="1103" timestamp="2019-06-15T02:19:03.545" intervalms="23.338">
  <response-info timems="0.046" idlems="0.046" threads="0" lastid="00000000022DF900" lastname="Thread-7" />
</exclusive-start>
<allocation-taxation id="1104" taxation-threshold="27262976" timestamp="2019-06-15T02:19:03.545" intervalms="23.436" />
<cycle-start id="1105" type="partial gc" contextid="0" timestamp="2019-06-15T02:19:03.546" intervalms="23.504" />
<gc-start id="1106" type="partial gc" contextid="1105" timestamp="2019-06-15T02:19:03.546">
  <mem-info id="1107" free="23068672" total="83886080" percent="27">
    <mem type="eden" free="0" total="27262976" percent="0" />
    <remembered-set count="10624" freebytes="3305984" totalbytes="3348480" percent="98" regionsoverflowed="0" regionsstable="0" regionsrebuilding="0"/>
  </mem-info>
</gc-start>
<allocation-stats totalBytes="27259448" >
  <allocated-bytes non-tlh="0" tlh="27259448" arrayletleaf="0"/>
  <largest-consumer threadName="Thread-8" threadId="00000000022E7100" bytes="9423504" />
</allocation-stats>
<gc-op id="1108" type="copy forward" timems="2.705" contextid="1105" timestamp="2019-06-15T02:19:03.549">
  <memory-copied type="eden" objects="2839" bytes="69376" bytesdiscarded="0" />
  <memory-copied type="other" objects="18433" bytes="717144" bytesdiscarded="0" />
  <memory-cardclean objects="7246" bytes="357368" />
  <regions eden="26" other="2" />
  <remembered-set-cleared processed="8439" cleared="2117" durationms="0.187" />
  <stringconstants candidates="4597" cleared="0"  />
</gc-op>
<gc-op id="1109" type="classunload" timems="0.002" contextid="1105" timestamp="2019-06-15T02:19:03.549">
  <classunload-info classloadercandidates="8" classloadersunloaded="0" classesunloaded="0" anonymousclassesunloaded="0" quiescems="0.000" setupms="0.002" scanms="0.000" postms="0.000" />
</gc-op>
<heap-resize id="1110" type="expand" space="default" amount="3145728" count="1" timems="0.073" reason="excessive time being spent in gc" timestamp="2019-06-15T02:19:03.550" />
<gc-end id="1111" type="partial gc" contextid="1105" durationms="3.851" usertimems="0.000" systemtimems="4.000" timestamp="2019-06-15T02:19:03.550" activeThreads="1">
  <mem-info id="1112" free="52428800" total="87031808" percent="60">
    <mem type="eden" free="979200" total="1048576" percent="93" />
    <remembered-set count="10368" freebytes="3432576" totalbytes="3474048" percent="98" regionsoverflowed="0" regionsstable="0" regionsrebuilding="0"/>
  </mem-info>
</gc-end>
<cycle-end id="1113" type="partial gc" contextid="1105" timestamp="2019-06-15T02:19:03.550" />
  <attribute name="elasticGC enabled" value="1" />
  <attribute name= "numThreadsSpecified" value="1" />
  <attribute name="heapSize specified" value="0" />
  <attribute name="Current GC Util" value="84" />
  <attribute name= "Current Time Running" value="2591" />
  <attribute name ="GC Interval" value="0" />
  <attribute name="ProportionalT" value="32.000000" />
  <attribute name="ProportionalI" value="32.000000" />
  <attribute name="ProportionalH" value="32.000000" />
  <attribute name="Current Error" value="64.000000" />
  <attribute name="IntegralT" value="0.000000" />
  <attribute name="IntegralI" value="0.000000" />
  <attribute name="IntegralH" value="0.000000" />
  <attribute name="DerivativeT" value="inf" />
  <attribute name="DerivativeI" value="inf" />
  <attribute name="DerivativeH" value="inf" />
  <attribute name="Loop Time for DT" value="0.000000" />
  <attribute name="Output H" value="8388608"/>
  <attribute name="Output I" value="200"/>
  <attribute name="Output T" value="1"/>
  <attribute name="Target GC Util Change" value ="20.000000" />
  <attribute name="Current GC Util Change" value="84.000000"/>
  <attribute name="GC Util currently" value="84" />
  <attribute name="CPU Util currently" value="22136128262680" />
<exclusive-end id="1114" timestamp="2019-06-15T02:19:03.550" durationms="5.019" />

<exclusive-start id="1115" timestamp="2019-06-15T02:19:03.573" intervalms="27.785">
  <response-info timems="0.044" idlems="0.024" threads="1" lastid="00000000022E3500" lastname="Thread-9" />
</exclusive-start>
<allocation-taxation id="1116" taxation-threshold="28311552" timestamp="2019-06-15T02:19:03.573" intervalms="27.753" />
<cycle-start id="1117" type="partial gc" contextid="0" timestamp="2019-06-15T02:19:03.573" intervalms="27.762" />
<gc-start id="1118" type="partial gc" contextid="1117" timestamp="2019-06-15T02:19:03.574">
  <mem-info id="1119" free="24117248" total="87031808" percent="27">
    <mem type="eden" free="0" total="28311552" percent="0" />
    <remembered-set count="10176" freebytes="3433344" totalbytes="3474048" percent="98" regionsoverflowed="0" regionsstable="0" regionsrebuilding="0"/>
  </mem-info>
</gc-start>
<allocation-stats totalBytes="28308064" >
  <allocated-bytes non-tlh="0" tlh="28308064" arrayletleaf="0"/>
  <largest-consumer threadName="Thread-8" threadId="00000000022E7100" bytes="10812216" />
</allocation-stats>
<gc-op id="1120" type="copy forward" timems="2.400" contextid="1117" timestamp="2019-06-15T02:19:03.577">
  <memory-copied type="eden" objects="8850" bytes="351600" bytesdiscarded="0" />
  <memory-copied type="other" objects="3965" bytes="441920" bytesdiscarded="384" />
  <memory-cardclean objects="7730" bytes="413664" />
  <regions eden="27" other="3" />
  <remembered-set-cleared processed="8099" cleared="1898" durationms="0.167" />
  <stringconstants candidates="4597" cleared="0"  />
</gc-op>
<gc-op id="1121" type="classunload" timems="0.002" contextid="1117" timestamp="2019-06-15T02:19:03.577">
  <classunload-info classloadercandidates="8" classloadersunloaded="0" classesunloaded="0" anonymousclassesunloaded="0" quiescems="0.000" setupms="0.002" scanms="0.000" postms="0.000" />
</gc-op>
<gc-end id="1122" type="partial gc" contextid="1117" durationms="3.478" usertimems="4.000" systemtimems="0.000" timestamp="2019-06-15T02:19:03.577" activeThreads="1">
  <mem-info id="1123" free="52428800" total="87031808" percent="60">
    <mem type="eden" free="696976" total="1048576" percent="66" />
    <remembered-set count="9664" freebytes="3435392" totalbytes="3474048" percent="98" regionsoverflowed="0" regionsstable="0" regionsrebuilding="0"/>
  </mem-info>
</gc-end>
<cycle-end id="1124" type="partial gc" contextid="1117" timestamp="2019-06-15T02:19:03.577" />
  <attribute name="elasticGC enabled" value="1" />
  <attribute name= "numThreadsSpecified" value="1" />
  <attribute name="heapSize specified" value="0" />
  <attribute name="Current GC Util" value="70" />
  <attribute name= "Current Time Running" value="2619" />
  <attribute name ="GC Interval" value="0" />
  <attribute name="ProportionalT" value="25.000000" />
  <attribute name="ProportionalI" value="25.000000" />
  <attribute name="ProportionalH" value="25.000000" />
  <attribute name="Current Error" value="50.000000" />
  <attribute name="IntegralT" value="0.000000" />
  <attribute name="IntegralI" value="0.000000" />
  <attribute name="IntegralH" value="0.000000" />
  <attribute name="DerivativeT" value="inf" />
  <attribute name="DerivativeI" value="inf" />
  <attribute name="DerivativeH" value="inf" />
  <attribute name="Loop Time for DT" value="0.000000" />
  <attribute name="Output H" value="8388608"/>
  <attribute name="Output I" value="200"/>
  <attribute name="Output T" value="1"/>
  <attribute name="Target GC Util Change" value ="20.000000" />
  <attribute name="Current GC Util Change" value="70.000000"/>
  <attribute name="GC Util currently" value="70" />
  <attribute name="CPU Util currently" value="20902162919481" />
<exclusive-end id="1125" timestamp="2019-06-15T02:19:03.578" durationms="4.632" />

<exclusive-start id="1126" timestamp="2019-06-15T02:19:03.601" intervalms="27.944">
  <response-info timems="0.063" idlems="0.063" threads="0" lastid="00000000022E3500" lastname="Thread-9" />
</exclusive-start>
<allocation-taxation id="1127" taxation-threshold="28311552" timestamp="2019-06-15T02:19:03.601" intervalms="27.903" />
<cycle-start id="1128" type="partial gc" contextid="0" timestamp="2019-06-15T02:19:03.601" intervalms="27.813" />
<gc-start id="1129" type="partial gc" contextid="1128" timestamp="2019-06-15T02:19:03.602">
  <mem-info id="1130" free="24117248" total="87031808" percent="27">
    <mem type="eden" free="0" total="28311552" percent="0" />
    <remembered-set count="9664" freebytes="3435392" totalbytes="3474048" percent="98" regionsoverflowed="0" regionsstable="0" regionsrebuilding="0"/>
  </mem-info>
</gc-start>
<allocation-stats totalBytes="28308144" >
  <allocated-bytes non-tlh="0" tlh="28308144" arrayletleaf="0"/>
  <largest-consumer threadName="Thread-7" threadId="00000000022DF900" bytes="11299584" />
</allocation-stats>
<gc-op id="1131" type="copy forward" timems="2.698" contextid="1128" timestamp="2019-06-15T02:19:03.605">
  <memory-copied type="eden" objects="8752" bytes="349408" bytesdiscarded="23024" />
  <memory-copied type="other" objects="21966" bytes="1165360" bytesdiscarded="116648" />
  <memory-cardclean objects="9632" bytes="500632" />
  <regions eden="27" other="4" />
  <remembered-set-cleared processed="6845" cleared="2947" durationms="0.108" />
  <finalization candidates="10" enqueued="0" />
  <references type="soft" candidates="54" cleared="0" enqueued="0" dynamicThreshold="19" maxThreshold="32" />
  <references type="weak" candidates="129" cleared="0" enqueued="0" />
  <references type="phantom" candidates="13" cleared="0" enqueued="0" />
  <stringconstants candidates="4597" cleared="0"  />
</gc-op>
<gc-op id="1132" type="classunload" timems="0.002" contextid="1128" timestamp="2019-06-15T02:19:03.605">
  <classunload-info classloadercandidates="8" classloadersunloaded="0" classesunloaded="0" anonymousclassesunloaded="0" quiescems="0.000" setupms="0.002" scanms="0.000" postms="0.000" />
</gc-op>
<gc-end id="1133" type="partial gc" contextid="1128" durationms="3.634" usertimems="8.000" systemtimems="0.000" timestamp="2019-06-15T02:19:03.605" activeThreads="4">
  <mem-info id="1134" free="53477376" total="87031808" percent="61">
    <mem type="eden" free="676144" total="1048576" percent="64" />
    <remembered-set count="8928" freebytes="3438336" totalbytes="3474048" percent="98" regionsoverflowed="0" regionsstable="0" regionsrebuilding="0"/>
  </mem-info>
</gc-end>
<cycle-end id="1135" type="partial gc" contextid="1128" timestamp="2019-06-15T02:19:03.605" />
  <attribute name="elasticGC enabled" value="1" />
  <attribute name= "numThreadsSpecified" value="4" />
  <attribute name="heapSize specified" value="0" />
  <attribute name="Current GC Util" value="78" />
  <attribute name= "Current Time Running" value="2647" />
  <attribute name ="GC Interval" value="0" />
  <attribute name="ProportionalT" value="29.000000" />
  <attribute name="ProportionalI" value="29.000000" />
  <attribute name="ProportionalH" value="29.000000" />
  <attribute name="Current Error" value="58.000000" />
  <attribute name="IntegralT" value="58.000000" />
  <attribute name="IntegralI" value="58.000000" />
  <attribute name="IntegralH" value="58.000000" />
  <attribute name="DerivativeT" value="58.000000" />
  <attribute name="DerivativeI" value="58.000000" />
  <attribute name="DerivativeH" value="58.000000" />
  <attribute name="Loop Time for DT" value="1.000000" />
  <attribute name="Output H" value="8388608"/>
  <attribute name="Output I" value="200"/>
  <attribute name="Output T" value="4"/>
  <attribute name="Target GC Util Change" value ="20.000000" />
  <attribute name="Current GC Util Change" value="78.000000"/>
  <attribute name="GC Util currently" value="78" />
  <attribute name="CPU Util currently" value="20974126249754" />
<exclusive-end id="1136" timestamp="2019-06-15T02:19:03.606" durationms="4.563" />

<exclusive-start id="1137" timestamp="2019-06-15T02:19:03.627" intervalms="25.596">
  <response-info timems="0.071" idlems="0.037" threads="1" lastid="00000000022DF900" lastname="Thread-7" />
</exclusive-start>
<allocation-taxation id="1138" taxation-threshold="28311552" timestamp="2019-06-15T02:19:03.627" intervalms="25.697" />
<cycle-start id="1139" type="partial gc" contextid="0" timestamp="2019-06-15T02:19:03.627" intervalms="25.798" />
<gc-start id="1140" type="partial gc" contextid="1139" timestamp="2019-06-15T02:19:03.627">
  <mem-info id="1141" free="25165824" total="87031808" percent="28">
    <mem type="eden" free="0" total="28311552" percent="0" />
    <remembered-set count="8704" freebytes="3439232" totalbytes="3474048" percent="98" regionsoverflowed="0" regionsstable="0" regionsrebuilding="0"/>
  </mem-info>
</gc-start>
<allocation-stats totalBytes="28307928" >
  <allocated-bytes non-tlh="0" tlh="28307928" arrayletleaf="0"/>
  <largest-consumer threadName="Thread-9" threadId="00000000022E3500" bytes="10246784" />
</allocation-stats>
<gc-op id="1142" type="copy forward" timems="2.304" contextid="1139" timestamp="2019-06-15T02:19:03.630">
  <memory-copied type="eden" objects="8614" bytes="345888" bytesdiscarded="0" />
  <memory-copied type="other" objects="8386" bytes="338640" bytesdiscarded="0" />
  <memory-cardclean objects="5926" bytes="312984" />
  <regions eden="27" other="2" />
  <remembered-set-cleared processed="6808" cleared="1748" durationms="0.162" />
  <stringconstants candidates="4597" cleared="0"  />
</gc-op>
<gc-op id="1143" type="classunload" timems="0.002" contextid="1139" timestamp="2019-06-15T02:19:03.630">
  <classunload-info classloadercandidates="8" classloadersunloaded="0" classesunloaded="0" anonymousclassesunloaded="0" quiescems="0.000" setupms="0.002" scanms="0.000" postms="0.000" />
</gc-op>
<gc-end id="1144" type="partial gc" contextid="1139" durationms="3.364" usertimems="0.000" systemtimems="0.000" timestamp="2019-06-15T02:19:03.631" activeThreads="1">
  <mem-info id="1145" free="53477376" total="87031808" percent="61">
    <mem type="eden" free="702688" total="1048576" percent="67" />
    <remembered-set count="8384" freebytes="3440512" totalbytes="3474048" percent="99" regionsoverflowed="0" regionsstable="0" regionsrebuilding="0"/>
  </mem-info>
</gc-end>
<cycle-end id="1146" type="partial gc" contextid="1139" timestamp="2019-06-15T02:19:03.631" />
  <attribute name="elasticGC enabled" value="1" />
  <attribute name= "numThreadsSpecified" value="1" />
  <attribute name="heapSize specified" value="0" />
  <attribute name="Current GC Util" value="64" />
  <attribute name= "Current Time Running" value="2672" />
  <attribute name ="GC Interval" value="0" />
  <attribute name="ProportionalT" value="22.000000" />
  <attribute name="ProportionalI" value="22.000000" />
  <attribute name="ProportionalH" value="22.000000" />
  <attribute name="Current Error" value="44.000000" />
  <attribute name="IntegralT" value="0.000000" />
  <attribute name="IntegralI" value="0.000000" />
  <attribute name="IntegralH" value="0.000000" />
  <attribute name="DerivativeT" value="inf" />
  <attribute name="DerivativeI" value="inf" />
  <attribute name="DerivativeH" value="inf" />
  <attribute name="Loop Time for DT" value="0.000000" />
  <attribute name="Output H" value="8388608"/>
  <attribute name="Output I" value="200"/>
  <attribute name="Output T" value="1"/>
  <attribute name="Target GC Util Change" value ="20.000000" />
  <attribute name="Current GC Util Change" value="64.000000"/>
  <attribute name="GC Util currently" value="64" />
  <attribute name="CPU Util currently" value="20625912995709" />
<exclusive-end id="1147" timestamp="2019-06-15T02:19:03.631" durationms="4.588" />

<exclusive-start id="1148" timestamp="2019-06-15T02:19:03.651" intervalms="24.223">
  <response-info timems="0.037" idlems="0.020" threads="1" lastid="00000000022DBD00" lastname="Thread-10" />
</exclusive-start>
<allocation-taxation id="1149" taxation-threshold="28311552" timestamp="2019-06-15T02:19:03.651" intervalms="24.137" />
<cycle-start id="1150" type="partial gc" contextid="0" timestamp="2019-06-15T02:19:03.651" intervalms="24.070" />
<gc-start id="1151" type="partial gc" contextid="1150" timestamp="2019-06-15T02:19:03.651">
  <mem-info id="1152" free="25165824" total="87031808" percent="28">
    <mem type="eden" free="0" total="28311552" percent="0" />
    <remembered-set count="8192" freebytes="3441280" totalbytes="3474048" percent="99" regionsoverflowed="0" regionsstable="0" regionsrebuilding="0"/>
  </mem-info>
</gc-start>
<allocation-stats totalBytes="28308344" >
  <allocated-bytes non-tlh="0" tlh="28308344" arrayletleaf="0"/>
  <largest-consumer threadName="Thread-9" threadId="00000000022E3500" bytes="11434840" />
</allocation-stats>
<gc-op id="1153" type="copy forward" timems="2.504" contextid="1150" timestamp="2019-06-15T02:19:03.654">
  <memory-copied type="eden" objects="2006" bytes="49640" bytesdiscarded="0" />
  <memory-copied type="other" objects="16986" bytes="682416" bytesdiscarded="0" />
  <memory-cardclean objects="8788" bytes="449976" />
  <regions eden="27" other="2" />
  <remembered-set-cleared processed="6027" cleared="2244" durationms="0.149" />
  <stringconstants candidates="4597" cleared="0"  />
</gc-op>
<gc-op id="1154" type="classunload" timems="0.002" contextid="1150" timestamp="2019-06-15T02:19:03.655">
  <classunload-info classloadercandidates="8" classloadersunloaded="0" classesunloaded="0" anonymousclassesunloaded="0" quiescems="0.000" setupms="0.002" scanms="0.000" postms="0.000" />
</gc-op>
<gc-end id="1155" type="partial gc" contextid="1150" durationms="3.525" usertimems="4.000" systemtimems="0.000" timestamp="2019-06-15T02:19:03.655" activeThreads="1">
  <mem-info id="1156" free="52428800" total="87031808" percent="60">
    <mem type="eden" free="998936" total="1048576" percent="95" />
    <remembered-set count="8608" freebytes="3439616" totalbytes="3474048" percent="99" regionsoverflowed="0" regionsstable="0" regionsrebuilding="0"/>
  </mem-info>
</gc-end>
<cycle-end id="1157" type="partial gc" contextid="1150" timestamp="2019-06-15T02:19:03.655" />
  <attribute name="elasticGC enabled" value="1" />
  <attribute name= "numThreadsSpecified" value="1" />
  <attribute name="heapSize specified" value="0" />
  <attribute name="Current GC Util" value="68" />
  <attribute name= "Current Time Running" value="2696" />
  <attribute name ="GC Interval" value="0" />
  <attribute name="ProportionalT" value="24.000000" />
  <attribute name="ProportionalI" value="24.000000" />
  <attribute name="ProportionalH" value="24.000000" />
  <attribute name="Current Error" value="48.000000" />
  <attribute name="IntegralT" value="0.000000" />
  <attribute name="IntegralI" value="0.000000" />
  <attribute name="IntegralH" value="0.000000" />
  <attribute name="DerivativeT" value="inf" />
  <attribute name="DerivativeI" value="inf" />
  <attribute name="DerivativeH" value="inf" />
  <attribute name="Loop Time for DT" value="0.000000" />
  <attribute name="Output H" value="8388608"/>
  <attribute name="Output I" value="200"/>
  <attribute name="Output T" value="1"/>
  <attribute name="Target GC Util Change" value ="20.000000" />
  <attribute name="Current GC Util Change" value="68.000000"/>
  <attribute name="GC Util currently" value="68" />
  <attribute name="CPU Util currently" value="20349144893343" />
<exclusive-end id="1158" timestamp="2019-06-15T02:19:03.655" durationms="4.485" />

<exclusive-start id="1159" timestamp="2019-06-15T02:19:03.671" intervalms="20.108">
  <response-info timems="0.027" idlems="0.027" threads="0" lastid="00000000022E3500" lastname="Thread-9" />
</exclusive-start>
<allocation-taxation id="1160" taxation-threshold="28311552" timestamp="2019-06-15T02:19:03.671" intervalms="20.125" />
<cycle-start id="1161" type="partial gc" contextid="0" timestamp="2019-06-15T02:19:03.671" intervalms="20.147" />
<gc-start id="1162" type="partial gc" contextid="1161" timestamp="2019-06-15T02:19:03.671">
  <mem-info id="1163" free="24117248" total="87031808" percent="27">
    <mem type="eden" free="0" total="28311552" percent="0" />
    <remembered-set count="8256" freebytes="3441024" totalbytes="3474048" percent="99" regionsoverflowed="0" regionsstable="0" regionsrebuilding="0"/>
  </mem-info>
</gc-start>
<allocation-stats totalBytes="28307816" >
  <allocated-bytes non-tlh="0" tlh="28307816" arrayletleaf="0"/>
  <largest-consumer threadName="Thread-9" threadId="00000000022E3500" bytes="9137064" />
</allocation-stats>
<gc-op id="1164" type="copy forward" timems="1.416" contextid="1161" timestamp="2019-06-15T02:19:03.673">
  <memory-copied type="eden" objects="2281" bytes="56624" bytesdiscarded="0" />
  <memory-copied type="other" objects="1798" bytes="43152" bytesdiscarded="0" />
  <memory-cardclean objects="6214" bytes="337776" />
  <regions eden="27" other="2" />
  <remembered-set-cleared processed="6536" cleared="1693" durationms="0.158" />
  <stringconstants candidates="4597" cleared="0"  />
</gc-op>
<gc-op id="1165" type="classunload" timems="0.002" contextid="1161" timestamp="2019-06-15T02:19:03.674">
  <classunload-info classloadercandidates="8" classloadersunloaded="0" classesunloaded="0" anonymousclassesunloaded="0" quiescems="0.000" setupms="0.002" scanms="0.000" postms="0.000" />
</gc-op>
<gc-end id="1166" type="partial gc" contextid="1161" durationms="2.354" usertimems="0.000" systemtimems="0.000" timestamp="2019-06-15T02:19:03.674" activeThreads="1">
  <mem-info id="1167" free="52428800" total="87031808" percent="60">
    <mem type="eden" free="991952" total="1048576" percent="94" />
    <remembered-set count="8096" freebytes="3441664" totalbytes="3474048" percent="99" regionsoverflowed="0" regionsstable="0" regionsrebuilding="0"/>
  </mem-info>
</gc-end>
<cycle-end id="1168" type="partial gc" contextid="1161" timestamp="2019-06-15T02:19:03.674" />
  <attribute name="elasticGC enabled" value="1" />
  <attribute name= "numThreadsSpecified" value="1" />
  <attribute name="heapSize specified" value="0" />
  <attribute name="Current GC Util" value="77" />
  <attribute name= "Current Time Running" value="2716" />
  <attribute name ="GC Interval" value="0" />
  <attribute name="ProportionalT" value="28.500000" />
  <attribute name="ProportionalI" value="28.500000" />
  <attribute name="ProportionalH" value="28.500000" />
  <attribute name="Current Error" value="57.000000" />
  <attribute name="IntegralT" value="0.000000" />
  <attribute name="IntegralI" value="0.000000" />
  <attribute name="IntegralH" value="0.000000" />
  <attribute name="DerivativeT" value="inf" />
  <attribute name="DerivativeI" value="inf" />
  <attribute name="DerivativeH" value="inf" />
  <attribute name="Loop Time for DT" value="0.000000" />
  <attribute name="Output H" value="8388608"/>
  <attribute name="Output I" value="200"/>
  <attribute name="Output T" value="1"/>
  <attribute name="Target GC Util Change" value ="20.000000" />
  <attribute name="Current GC Util Change" value="77.000000"/>
  <attribute name="GC Util currently" value="77" />
  <attribute name="CPU Util currently" value="21718404487157" />
<exclusive-end id="1169" timestamp="2019-06-15T02:19:03.674" durationms="3.371" />

<exclusive-start id="1170" timestamp="2019-06-15T02:19:03.688" intervalms="17.329">
  <response-info timems="0.026" idlems="0.024" threads="1" lastid="00000000022E7100" lastname="Thread-8" />
</exclusive-start>
<allocation-taxation id="1171" taxation-threshold="28311552" timestamp="2019-06-15T02:19:03.688" intervalms="17.337" />
<cycle-start id="1172" type="partial gc" contextid="0" timestamp="2019-06-15T02:19:03.689" intervalms="17.370" />
<gc-start id="1173" type="partial gc" contextid="1172" timestamp="2019-06-15T02:19:03.689">
  <mem-info id="1174" free="24117248" total="87031808" percent="27">
    <mem type="eden" free="0" total="28311552" percent="0" />
    <remembered-set count="7776" freebytes="3442944" totalbytes="3474048" percent="99" regionsoverflowed="0" regionsstable="0" regionsrebuilding="0"/>
  </mem-info>
</gc-start>
<allocation-stats totalBytes="28308088" >
  <allocated-bytes non-tlh="0" tlh="28308088" arrayletleaf="0"/>
  <largest-consumer threadName="Thread-8" threadId="00000000022E7100" bytes="9476976" />
</allocation-stats>
<gc-op id="1175" type="copy forward" timems="1.472" contextid="1172" timestamp="2019-06-15T02:19:03.691">
  <memory-copied type="eden" objects="2889" bytes="70288" bytesdiscarded="0" />
  <memory-copied type="other" objects="1981" bytes="47544" bytesdiscarded="0" />
  <memory-cardclean objects="7044" bytes="338976" />
  <regions eden="27" other="2" />
  <remembered-set-cleared processed="6056" cleared="1609" durationms="0.153" />
  <stringconstants candidates="4597" cleared="0"  />
</gc-op>
<gc-op id="1176" type="classunload" timems="0.002" contextid="1172" timestamp="2019-06-15T02:19:03.691">
  <classunload-info classloadercandidates="8" classloadersunloaded="0" classesunloaded="0" anonymousclassesunloaded="0" quiescems="0.000" setupms="0.001" scanms="0.000" postms="0.000" />
</gc-op>
<gc-end id="1177" type="partial gc" contextid="1172" durationms="2.506" usertimems="0.000" systemtimems="4.000" timestamp="2019-06-15T02:19:03.691" activeThreads="1">
  <mem-info id="1178" free="52428800" total="87031808" percent="60">
    <mem type="eden" free="978288" total="1048576" percent="93" />
    <remembered-set count="8096" freebytes="3441664" totalbytes="3474048" percent="99" regionsoverflowed="0" regionsstable="0" regionsrebuilding="0"/>
  </mem-info>
</gc-end>
<cycle-end id="1179" type="partial gc" contextid="1172" timestamp="2019-06-15T02:19:03.692" />
  <attribute name="elasticGC enabled" value="1" />
  <attribute name= "numThreadsSpecified" value="1" />
  <attribute name="heapSize specified" value="0" />
  <attribute name="Current GC Util" value="80" />
  <attribute name= "Current Time Running" value="2734" />
  <attribute name ="GC Interval" value="0" />
  <attribute name="ProportionalT" value="30.000000" />
  <attribute name="ProportionalI" value="30.000000" />
  <attribute name="ProportionalH" value="30.000000" />
  <attribute name="Current Error" value="60.000000" />
  <attribute name="IntegralT" value="0.000000" />
  <attribute name="IntegralI" value="0.000000" />
  <attribute name="IntegralH" value="0.000000" />
  <attribute name="DerivativeT" value="inf" />
  <attribute name="DerivativeI" value="inf" />
  <attribute name="DerivativeH" value="inf" />
  <attribute name="Loop Time for DT" value="0.000000" />
  <attribute name="Output H" value="8388608"/>
  <attribute name="Output I" value="200"/>
  <attribute name="Output T" value="1"/>
  <attribute name="Target GC Util Change" value ="20.000000" />
  <attribute name="Current GC Util Change" value="80.000000"/>
  <attribute name="GC Util currently" value="80" />
  <attribute name="CPU Util currently" value="20904721147494" />
<exclusive-end id="1180" timestamp="2019-06-15T02:19:03.692" durationms="3.550" />

<exclusive-start id="1181" timestamp="2019-06-15T02:19:03.704" intervalms="16.059">
  <response-info timems="0.215" idlems="0.215" threads="0" lastid="00000000022DF900" lastname="Thread-7" />
</exclusive-start>
<allocation-taxation id="1182" taxation-threshold="28311552" timestamp="2019-06-15T02:19:03.704" intervalms="16.010" />
<cycle-start id="1183" type="partial gc" contextid="0" timestamp="2019-06-15T02:19:03.705" intervalms="15.979" />
<gc-start id="1184" type="partial gc" contextid="1183" timestamp="2019-06-15T02:19:03.705">
  <mem-info id="1185" free="24117248" total="87031808" percent="27">
    <mem type="eden" free="0" total="28311552" percent="0" />
    <remembered-set count="7968" freebytes="3442176" totalbytes="3474048" percent="99" regionsoverflowed="0" regionsstable="0" regionsrebuilding="0"/>
  </mem-info>
</gc-start>
<allocation-stats totalBytes="28308320" >
  <allocated-bytes non-tlh="0" tlh="28308320" arrayletleaf="0"/>
  <largest-consumer threadName="Thread-8" threadId="00000000022E7100" bytes="8203408" />
</allocation-stats>
<gc-op id="1186" type="copy forward" timems="1.951" contextid="1183" timestamp="2019-06-15T02:19:03.707">
  <memory-copied type="eden" objects="8868" bytes="352088" bytesdiscarded="0" />
  <memory-copied type="other" objects="2710" bytes="65040" bytesdiscarded="0" />
  <memory-cardclean objects="7270" bytes="354264" />
  <regions eden="27" other="2" />
  <remembered-set-cleared processed="5797" cleared="1975" durationms="0.151" />
  <stringconstants candidates="4597" cleared="0"  />
</gc-op>
<gc-op id="1187" type="classunload" timems="0.002" contextid="1183" timestamp="2019-06-15T02:19:03.707">
  <classunload-info classloadercandidates="8" classloadersunloaded="0" classesunloaded="0" anonymousclassesunloaded="0" quiescems="0.000" setupms="0.002" scanms="0.000" postms="0.000" />
</gc-op>
<gc-end id="1188" type="partial gc" contextid="1183" durationms="2.893" usertimems="4.000" systemtimems="0.000" timestamp="2019-06-15T02:19:03.708" activeThreads="1">
  <mem-info id="1189" free="52428800" total="87031808" percent="60">
    <mem type="eden" free="696488" total="1048576" percent="66" />
    <remembered-set count="7456" freebytes="3444224" totalbytes="3474048" percent="99" regionsoverflowed="0" regionsstable="0" regionsrebuilding="0"/>
  </mem-info>
</gc-end>
<cycle-end id="1190" type="partial gc" contextid="1183" timestamp="2019-06-15T02:19:03.708" />
  <attribute name="elasticGC enabled" value="1" />
  <attribute name= "numThreadsSpecified" value="1" />
  <attribute name="heapSize specified" value="0" />
  <attribute name="Current GC Util" value="68" />
  <attribute name= "Current Time Running" value="2750" />
  <attribute name ="GC Interval" value="0" />
  <attribute name="ProportionalT" value="24.000000" />
  <attribute name="ProportionalI" value="24.000000" />
  <attribute name="ProportionalH" value="24.000000" />
  <attribute name="Current Error" value="48.000000" />
  <attribute name="IntegralT" value="0.000000" />
  <attribute name="IntegralI" value="0.000000" />
  <attribute name="IntegralH" value="0.000000" />
  <attribute name="DerivativeT" value="inf" />
  <attribute name="DerivativeI" value="inf" />
  <attribute name="DerivativeH" value="inf" />
  <attribute name="Loop Time for DT" value="0.000000" />
  <attribute name="Output H" value="8388608"/>
  <attribute name="Output I" value="200"/>
  <attribute name="Output T" value="1"/>
  <attribute name="Target GC Util Change" value ="20.000000" />
  <attribute name="Current GC Util Change" value="68.000000"/>
  <attribute name="GC Util currently" value="68" />
  <attribute name="CPU Util currently" value="20739168797984" />
<exclusive-end id="1191" timestamp="2019-06-15T02:19:03.708" durationms="3.712" />

<exclusive-start id="1192" timestamp="2019-06-15T02:19:03.723" intervalms="18.527">
  <response-info timems="0.036" idlems="0.034" threads="1" lastid="00000000022DF900" lastname="Thread-7" />
</exclusive-start>
<allocation-taxation id="1193" taxation-threshold="28311552" timestamp="2019-06-15T02:19:03.723" intervalms="18.626" />
<cycle-start id="1194" type="partial gc" contextid="0" timestamp="2019-06-15T02:19:03.723" intervalms="18.606" />
<gc-start id="1195" type="partial gc" contextid="1194" timestamp="2019-06-15T02:19:03.723">
  <mem-info id="1196" free="24117248" total="87031808" percent="27">
    <mem type="eden" free="0" total="28311552" percent="0" />
    <remembered-set count="7392" freebytes="3444480" totalbytes="3474048" percent="99" regionsoverflowed="0" regionsstable="0" regionsrebuilding="0"/>
  </mem-info>
</gc-start>
<allocation-stats totalBytes="28308440" >
  <allocated-bytes non-tlh="0" tlh="28308440" arrayletleaf="0"/>
  <largest-consumer threadName="Thread-7" threadId="00000000022DF900" bytes="9128944" />
</allocation-stats>
<gc-op id="1197" type="copy forward" timems="1.524" contextid="1194" timestamp="2019-06-15T02:19:03.726">
  <memory-copied type="eden" objects="2802" bytes="68920" bytesdiscarded="23120" />
  <memory-copied type="other" objects="7740" bytes="323136" bytesdiscarded="46664" />
  <memory-cardclean objects="6498" bytes="313200" />
  <regions eden="27" other="2" />
  <remembered-set-cleared processed="5230" cleared="2083" durationms="0.098" />
  <stringconstants candidates="4597" cleared="0"  />
</gc-op>
<gc-op id="1198" type="classunload" timems="0.003" contextid="1194" timestamp="2019-06-15T02:19:03.726">
  <classunload-info classloadercandidates="8" classloadersunloaded="0" classesunloaded="0" anonymousclassesunloaded="0" quiescems="0.000" setupms="0.003" scanms="0.000" postms="0.000" />
</gc-op>
<heap-resize id="1199" type="expand" space="default" amount="2097152" count="1" timems="0.065" reason="excessive time being spent in gc" timestamp="2019-06-15T02:19:03.726" />
<gc-end id="1200" type="partial gc" contextid="1194" durationms="2.596" usertimems="8.000" systemtimems="0.000" timestamp="2019-06-15T02:19:03.726" activeThreads="4">
  <mem-info id="1201" free="53477376" total="89128960" percent="60">
    <mem type="eden" free="956536" total="1048576" percent="91" />
    <remembered-set count="7328" freebytes="3528448" totalbytes="3557760" percent="99" regionsoverflowed="0" regionsstable="0" regionsrebuilding="0"/>
  </mem-info>
</gc-end>
<cycle-end id="1202" type="partial gc" contextid="1194" timestamp="2019-06-15T02:19:03.726" />
  <attribute name="elasticGC enabled" value="1" />
  <attribute name= "numThreadsSpecified" value="4" />
  <attribute name="heapSize specified" value="0" />
  <attribute name="Current GC Util" value="78" />
  <attribute name= "Current Time Running" value="2769" />
  <attribute name ="GC Interval" value="0" />
  <attribute name="ProportionalT" value="29.000000" />
  <attribute name="ProportionalI" value="29.000000" />
  <attribute name="ProportionalH" value="29.000000" />
  <attribute name="Current Error" value="58.000000" />
  <attribute name="IntegralT" value="58.000000" />
  <attribute name="IntegralI" value="58.000000" />
  <attribute name="IntegralH" value="58.000000" />
  <attribute name="DerivativeT" value="58.000000" />
  <attribute name="DerivativeI" value="58.000000" />
  <attribute name="DerivativeH" value="58.000000" />
  <attribute name="Loop Time for DT" value="1.000000" />
  <attribute name="Output H" value="8388608"/>
  <attribute name="Output I" value="200"/>
  <attribute name="Output T" value="4"/>
  <attribute name="Target GC Util Change" value ="20.000000" />
  <attribute name="Current GC Util Change" value="78.000000"/>
  <attribute name="GC Util currently" value="78" />
  <attribute name="CPU Util currently" value="22016604326331" />
<exclusive-end id="1203" timestamp="2019-06-15T02:19:03.726" durationms="3.614" />

<exclusive-start id="1204" timestamp="2019-06-15T02:19:03.741" intervalms="18.486">
  <response-info timems="0.045" idlems="0.025" threads="1" lastid="00000000022DF900" lastname="Thread-7" />
</exclusive-start>
<allocation-taxation id="1205" taxation-threshold="28311552" timestamp="2019-06-15T02:19:03.741" intervalms="18.403" />
<cycle-start id="1206" type="partial gc" contextid="0" timestamp="2019-06-15T02:19:03.742" intervalms="18.394" />
<gc-start id="1207" type="partial gc" contextid="1206" timestamp="2019-06-15T02:19:03.742">
  <mem-info id="1208" free="25165824" total="89128960" percent="28">
    <mem type="eden" free="0" total="28311552" percent="0" />
    <remembered-set count="6464" freebytes="3531904" totalbytes="3557760" percent="99" regionsoverflowed="0" regionsstable="1" regionsrebuilding="0"/>
  </mem-info>
</gc-start>
<allocation-stats totalBytes="28308456" >
  <allocated-bytes non-tlh="0" tlh="28308456" arrayletleaf="0"/>
  <largest-consumer threadName="Thread-8" threadId="00000000022E7100" bytes="7675008" />
</allocation-stats>
<gc-op id="1209" type="copy forward" timems="2.222" contextid="1206" timestamp="2019-06-15T02:19:03.745">
  <memory-copied type="eden" objects="7998" bytes="330944" bytesdiscarded="0" />
  <memory-copied type="other" objects="7972" bytes="328704" bytesdiscarded="0" />
  <memory-cardclean objects="5817" bytes="303120" />
  <regions eden="27" other="2" />
  <remembered-set-cleared processed="4086" cleared="1599" durationms="0.145" />
  <stringconstants candidates="4597" cleared="0"  />
</gc-op>
<gc-op id="1210" type="classunload" timems="0.002" contextid="1206" timestamp="2019-06-15T02:19:03.745">
  <classunload-info classloadercandidates="8" classloadersunloaded="0" classesunloaded="0" anonymousclassesunloaded="0" quiescems="0.000" setupms="0.002" scanms="0.000" postms="0.000" />
</gc-op>
<heap-resize id="1211" type="expand" space="default" amount="3145728" count="1" timems="0.066" reason="excessive time being spent in gc" timestamp="2019-06-15T02:19:03.745" />
<gc-end id="1212" type="partial gc" contextid="1206" durationms="3.358" usertimems="4.000" systemtimems="0.000" timestamp="2019-06-15T02:19:03.745" activeThreads="1">
  <mem-info id="1213" free="55574528" total="92274688" percent="60">
    <mem type="eden" free="717632" total="1048576" percent="68" />
    <remembered-set count="7328" freebytes="3654016" totalbytes="3683328" percent="99" regionsoverflowed="0" regionsstable="1" regionsrebuilding="0"/>
  </mem-info>
</gc-end>
<cycle-end id="1214" type="partial gc" contextid="1206" timestamp="2019-06-15T02:19:03.745" />
  <attribute name="elasticGC enabled" value="1" />
  <attribute name= "numThreadsSpecified" value="1" />
  <attribute name="heapSize specified" value="0" />
  <attribute name="Current GC Util" value="55" />
  <attribute name= "Current Time Running" value="2787" />
  <attribute name ="GC Interval" value="0" />
  <attribute name="ProportionalT" value="17.500000" />
  <attribute name="ProportionalI" value="17.500000" />
  <attribute name="ProportionalH" value="17.500000" />
  <attribute name="Current Error" value="35.000000" />
  <attribute name="IntegralT" value="0.000000" />
  <attribute name="IntegralI" value="0.000000" />
  <attribute name="IntegralH" value="0.000000" />
  <attribute name="DerivativeT" value="inf" />
  <attribute name="DerivativeI" value="inf" />
  <attribute name="DerivativeH" value="inf" />
  <attribute name="Loop Time for DT" value="0.000000" />
  <attribute name="Output H" value="8388608"/>
  <attribute name="Output I" value="200"/>
  <attribute name="Output T" value="1"/>
  <attribute name="Target GC Util Change" value ="20.000000" />
  <attribute name="Current GC Util Change" value="55.000000"/>
  <attribute name="GC Util currently" value="55" />
  <attribute name="CPU Util currently" value="20329230806711" />
<exclusive-end id="1215" timestamp="2019-06-15T02:19:03.746" durationms="4.181" />

<exclusive-start id="1216" timestamp="2019-06-15T02:19:03.763" intervalms="22.119">
  <response-info timems="0.051" idlems="0.051" threads="0" lastid="00000000022DBD00" lastname="Thread-10" />
</exclusive-start>
<allocation-taxation id="1217" taxation-threshold="29360128" timestamp="2019-06-15T02:19:03.764" intervalms="22.150" />
<cycle-start id="1218" type="partial gc" contextid="0" timestamp="2019-06-15T02:19:03.764" intervalms="22.210" />
<gc-start id="1219" type="partial gc" contextid="1218" timestamp="2019-06-15T02:19:03.764">
  <mem-info id="1220" free="26214400" total="92274688" percent="28">
    <mem type="eden" free="0" total="29360128" percent="0" />
    <remembered-set count="7040" freebytes="3655168" totalbytes="3683328" percent="99" regionsoverflowed="0" regionsstable="1" regionsrebuilding="0"/>
  </mem-info>
</gc-start>
<allocation-stats totalBytes="29356472" >
  <allocated-bytes non-tlh="0" tlh="29356472" arrayletleaf="0"/>
  <largest-consumer threadName="Thread-8" threadId="00000000022E7100" bytes="9525984" />
</allocation-stats>
<gc-op id="1221" type="copy forward" timems="2.260" contextid="1218" timestamp="2019-06-15T02:19:03.767">
  <memory-copied type="eden" objects="2110" bytes="52608" bytesdiscarded="0" />
  <memory-copied type="other" objects="12484" bytes="574368" bytesdiscarded="0" />
  <memory-cardclean objects="4371" bytes="230304" />
  <regions eden="28" other="3" />
  <remembered-set-cleared processed="4600" cleared="2601" durationms="0.146" />
  <stringconstants candidates="4597" cleared="0"  />
</gc-op>
<gc-op id="1222" type="classunload" timems="0.002" contextid="1218" timestamp="2019-06-15T02:19:03.767">
  <classunload-info classloadercandidates="8" classloadersunloaded="0" classesunloaded="0" anonymousclassesunloaded="0" quiescems="0.000" setupms="0.002" scanms="0.000" postms="0.000" />
</gc-op>
<heap-resize id="1223" type="expand" space="default" amount="2097152" count="1" timems="0.062" reason="excessive time being spent in gc" timestamp="2019-06-15T02:19:03.767" />
<gc-end id="1224" type="partial gc" contextid="1218" durationms="3.500" usertimems="0.000" systemtimems="4.000" timestamp="2019-06-15T02:19:03.768" activeThreads="1">
  <mem-info id="1225" free="56623104" total="94371840" percent="60">
    <mem type="eden" free="995968" total="1048576" percent="94" />
    <remembered-set count="6656" freebytes="3740416" totalbytes="3767040" percent="99" regionsoverflowed="0" regionsstable="1" regionsrebuilding="0"/>
  </mem-info>
</gc-end>
<cycle-end id="1226" type="partial gc" contextid="1218" timestamp="2019-06-15T02:19:03.768" />
  <attribute name="elasticGC enabled" value="1" />
  <attribute name= "numThreadsSpecified" value="1" />
  <attribute name="heapSize specified" value="0" />
  <attribute name="Current GC Util" value="75" />
  <attribute name= "Current Time Running" value="2809" />
  <attribute name ="GC Interval" value="0" />
  <attribute name="ProportionalT" value="27.500000" />
  <attribute name="ProportionalI" value="27.500000" />
  <attribute name="ProportionalH" value="27.500000" />
  <attribute name="Current Error" value="55.000000" />
  <attribute name="IntegralT" value="0.000000" />
  <attribute name="IntegralI" value="0.000000" />
  <attribute name="IntegralH" value="0.000000" />
  <attribute name="DerivativeT" value="inf" />
  <attribute name="DerivativeI" value="inf" />
  <attribute name="DerivativeH" value="inf" />
  <attribute name="Loop Time for DT" value="0.000000" />
  <attribute name="Output H" value="8388608"/>
  <attribute name="Output I" value="200"/>
  <attribute name="Output T" value="1"/>
  <attribute name="Target GC Util Change" value ="20.000000" />
  <attribute name="Current GC Util Change" value="75.000000"/>
  <attribute name="GC Util currently" value="75" />
  <attribute name="CPU Util currently" value="21099741077846" />
<exclusive-end id="1227" timestamp="2019-06-15T02:19:03.768" durationms="4.555" />

<exclusive-start id="1228" timestamp="2019-06-15T02:19:03.790" intervalms="26.632">
  <response-info timems="0.035" idlems="0.035" threads="0" lastid="00000000022DF900" lastname="Thread-7" />
</exclusive-start>
<allocation-taxation id="1229" taxation-threshold="30408704" timestamp="2019-06-15T02:19:03.790" intervalms="26.610" />
<cycle-start id="1230" type="partial gc" contextid="0" timestamp="2019-06-15T02:19:03.790" intervalms="26.555" />
<gc-start id="1231" type="partial gc" contextid="1230" timestamp="2019-06-15T02:19:03.791">
  <mem-info id="1232" free="26214400" total="94371840" percent="27">
    <mem type="eden" free="0" total="30408704" percent="0" />
    <remembered-set count="6304" freebytes="3741824" totalbytes="3767040" percent="99" regionsoverflowed="0" regionsstable="1" regionsrebuilding="0"/>
  </mem-info>
</gc-start>
<allocation-stats totalBytes="30404896" >
  <allocated-bytes non-tlh="0" tlh="30404896" arrayletleaf="0"/>
  <largest-consumer threadName="Thread-8" threadId="00000000022E7100" bytes="10066888" />
</allocation-stats>
<gc-op id="1233" type="copy forward" timems="1.559" contextid="1230" timestamp="2019-06-15T02:19:03.793">
  <memory-copied type="eden" objects="7843" bytes="326912" bytesdiscarded="24608" />
  <memory-copied type="other" objects="7959" bytes="328392" bytesdiscarded="11152" />
  <memory-cardclean objects="5733" bytes="318600" />
  <regions eden="29" other="2" />
  <remembered-set-cleared processed="3982" cleared="1444" durationms="0.096" />
  <stringconstants candidates="4597" cleared="0"  />
</gc-op>
<gc-op id="1234" type="classunload" timems="0.002" contextid="1230" timestamp="2019-06-15T02:19:03.793">
  <classunload-info classloadercandidates="8" classloadersunloaded="0" classesunloaded="0" anonymousclassesunloaded="0" quiescems="0.000" setupms="0.001" scanms="0.000" postms="0.000" />
</gc-op>
<heap-resize id="1235" type="expand" space="default" amount="3145728" count="1" timems="0.071" reason="excessive time being spent in gc" timestamp="2019-06-15T02:19:03.793" />
<gc-end id="1236" type="partial gc" contextid="1230" durationms="2.577" usertimems="4.000" systemtimems="0.000" timestamp="2019-06-15T02:19:03.793" activeThreads="4">
  <mem-info id="1237" free="58720256" total="97517568" percent="60">
    <mem type="eden" free="697056" total="1048576" percent="66" />
    <remembered-set count="7232" freebytes="3863680" totalbytes="3892608" percent="99" regionsoverflowed="0" regionsstable="1" regionsrebuilding="0"/>
  </mem-info>
</gc-end>
<cycle-end id="1238" type="partial gc" contextid="1230" timestamp="2019-06-15T02:19:03.793" />
  <attribute name="elasticGC enabled" value="1" />
  <attribute name= "numThreadsSpecified" value="4" />
  <attribute name="heapSize specified" value="0" />
  <attribute name="Current GC Util" value="80" />
  <attribute name= "Current Time Running" value="2836" />
  <attribute name ="GC Interval" value="0" />
  <attribute name="ProportionalT" value="30.000000" />
  <attribute name="ProportionalI" value="30.000000" />
  <attribute name="ProportionalH" value="30.000000" />
  <attribute name="Current Error" value="60.000000" />
  <attribute name="IntegralT" value="60.000000" />
  <attribute name="IntegralI" value="60.000000" />
  <attribute name="IntegralH" value="60.000000" />
  <attribute name="DerivativeT" value="60.000000" />
  <attribute name="DerivativeI" value="60.000000" />
  <attribute name="DerivativeH" value="60.000000" />
  <attribute name="Loop Time for DT" value="1.000000" />
  <attribute name="Output H" value="8388608"/>
  <attribute name="Output I" value="200"/>
  <attribute name="Output T" value="4"/>
  <attribute name="Target GC Util Change" value ="20.000000" />
  <attribute name="Current GC Util Change" value="80.000000"/>
  <attribute name="GC Util currently" value="80" />
  <attribute name="CPU Util currently" value="24602613049758" />
<exclusive-end id="1239" timestamp="2019-06-15T02:19:03.793" durationms="3.373" />

<exclusive-start id="1240" timestamp="2019-06-15T02:19:03.813" intervalms="23.206">
  <response-info timems="0.025" idlems="0.025" threads="0" lastid="00000000022E7100" lastname="Thread-8" />
</exclusive-start>
<allocation-taxation id="1241" taxation-threshold="30408704" timestamp="2019-06-15T02:19:03.813" intervalms="23.249" />
<cycle-start id="1242" type="partial gc" contextid="0" timestamp="2019-06-15T02:19:03.814" intervalms="23.265" />
<gc-start id="1243" type="partial gc" contextid="1242" timestamp="2019-06-15T02:19:03.814">
  <mem-info id="1244" free="28311552" total="97517568" percent="29">
    <mem type="eden" free="0" total="30408704" percent="0" />
    <remembered-set count="6816" freebytes="3865344" totalbytes="3892608" percent="99" regionsoverflowed="0" regionsstable="1" regionsrebuilding="0"/>
  </mem-info>
</gc-start>
<allocation-stats totalBytes="30404672" >
  <allocated-bytes non-tlh="0" tlh="30404672" arrayletleaf="0"/>
  <largest-consumer threadName="Thread-7" threadId="00000000022DF900" bytes="11299400" />
</allocation-stats>
<gc-op id="1245" type="copy forward" timems="2.284" contextid="1242" timestamp="2019-06-15T02:19:03.817">
  <memory-copied type="eden" objects="9284" bytes="361752" bytesdiscarded="0" />
  <memory-copied type="other" objects="7620" bytes="320256" bytesdiscarded="0" />
  <memory-cardclean objects="5706" bytes="301296" />
  <regions eden="29" other="1" />
  <remembered-set-cleared processed="4706" cleared="739" durationms="0.166" />
  <stringconstants candidates="4597" cleared="0"  />
</gc-op>
<gc-op id="1246" type="classunload" timems="0.002" contextid="1242" timestamp="2019-06-15T02:19:03.817">
  <classunload-info classloadercandidates="8" classloadersunloaded="0" classesunloaded="0" anonymousclassesunloaded="0" quiescems="0.000" setupms="0.001" scanms="0.000" postms="0.000" />
</gc-op>
<heap-resize id="1247" type="expand" space="default" amount="2097152" count="1" timems="0.065" reason="excessive time being spent in gc" timestamp="2019-06-15T02:19:03.817" />
<gc-end id="1248" type="partial gc" contextid="1242" durationms="3.429" usertimems="0.000" systemtimems="0.000" timestamp="2019-06-15T02:19:03.817" activeThreads="1">
  <mem-info id="1249" free="59768832" total="99614720" percent="60">
    <mem type="eden" free="686824" total="1048576" percent="65" />
    <remembered-set count="7680" freebytes="3945600" totalbytes="3976320" percent="99" regionsoverflowed="0" regionsstable="1" regionsrebuilding="0"/>
  </mem-info>
</gc-end>
<cycle-end id="1250" type="partial gc" contextid="1242" timestamp="2019-06-15T02:19:03.818" />
  <attribute name="elasticGC enabled" value="1" />
  <attribute name= "numThreadsSpecified" value="1" />
  <attribute name="heapSize specified" value="0" />
  <attribute name="Current GC Util" value="66" />
  <attribute name= "Current Time Running" value="2859" />
  <attribute name ="GC Interval" value="0" />
  <attribute name="ProportionalT" value="23.000000" />
  <attribute name="ProportionalI" value="23.000000" />
  <attribute name="ProportionalH" value="23.000000" />
  <attribute name="Current Error" value="46.000000" />
  <attribute name="IntegralT" value="0.000000" />
  <attribute name="IntegralI" value="0.000000" />
  <attribute name="IntegralH" value="0.000000" />
  <attribute name="DerivativeT" value="inf" />
  <attribute name="DerivativeI" value="inf" />
  <attribute name="DerivativeH" value="inf" />
  <attribute name="Loop Time for DT" value="0.000000" />
  <attribute name="Output H" value="8388608"/>
  <attribute name="Output I" value="200"/>
  <attribute name="Output T" value="1"/>
  <attribute name="Target GC Util Change" value ="20.000000" />
  <attribute name="Current GC Util Change" value="66.000000"/>
  <attribute name="GC Util currently" value="66" />
  <attribute name="CPU Util currently" value="19801397219451" />
<exclusive-end id="1251" timestamp="2019-06-15T02:19:03.818" durationms="4.475" />

<exclusive-start id="1252" timestamp="2019-06-15T02:19:03.837" intervalms="23.298">
  <response-info timems="0.039" idlems="0.039" threads="0" lastid="00000000022DBD00" lastname="Thread-10" />
</exclusive-start>
<allocation-taxation id="1253" taxation-threshold="31457280" timestamp="2019-06-15T02:19:03.837" intervalms="23.248" />
<cycle-start id="1254" type="partial gc" contextid="0" timestamp="2019-06-15T02:19:03.837" intervalms="23.230" />
<gc-start id="1255" type="partial gc" contextid="1254" timestamp="2019-06-15T02:19:03.837">
  <mem-info id="1256" free="28311552" total="99614720" percent="28">
    <mem type="eden" free="0" total="31457280" percent="0" />
    <remembered-set count="7360" freebytes="3946880" totalbytes="3976320" percent="99" regionsoverflowed="0" regionsstable="1" regionsrebuilding="0"/>
  </mem-info>
</gc-start>
<allocation-stats totalBytes="31452920" >
  <allocated-bytes non-tlh="0" tlh="31452920" arrayletleaf="0"/>
  <largest-consumer threadName="Thread-8" threadId="00000000022E7100" bytes="11385312" />
</allocation-stats>
<gc-op id="1257" type="copy forward" timems="2.435" contextid="1254" timestamp="2019-06-15T02:19:03.840">
  <memory-copied type="eden" objects="8588" bytes="345400" bytesdiscarded="0" />
  <memory-copied type="other" objects="8997" bytes="353304" bytesdiscarded="0" />
  <memory-cardclean objects="5409" bytes="288048" />
  <regions eden="30" other="1" />
  <remembered-set-cleared processed="5251" cleared="760" durationms="0.164" />
  <stringconstants candidates="4597" cleared="0"  />
</gc-op>
<gc-op id="1258" type="classunload" timems="0.002" contextid="1254" timestamp="2019-06-15T02:19:03.840">
  <classunload-info classloadercandidates="8" classloadersunloaded="0" classesunloaded="0" anonymousclassesunloaded="0" quiescems="0.000" setupms="0.001" scanms="0.000" postms="0.000" />
</gc-op>
<heap-resize id="1259" type="expand" space="default" amount="3145728" count="1" timems="0.068" reason="excessive time being spent in gc" timestamp="2019-06-15T02:19:03.841" />
<gc-end id="1260" type="partial gc" contextid="1254" durationms="3.607" usertimems="0.000" systemtimems="4.000" timestamp="2019-06-15T02:19:03.841" activeThreads="1">
  <mem-info id="1261" free="61865984" total="102760448" percent="60">
    <mem type="eden" free="703176" total="1048576" percent="67" />
    <remembered-set count="8192" freebytes="4069120" totalbytes="4101888" percent="99" regionsoverflowed="0" regionsstable="1" regionsrebuilding="0"/>
  </mem-info>
</gc-end>
<cycle-end id="1262" type="partial gc" contextid="1254" timestamp="2019-06-15T02:19:03.841" />
  <attribute name="elasticGC enabled" value="1" />
  <attribute name= "numThreadsSpecified" value="1" />
  <attribute name="heapSize specified" value="0" />
  <attribute name="Current GC Util" value="76" />
  <attribute name= "Current Time Running" value="2882" />
  <attribute name ="GC Interval" value="0" />
  <attribute name="ProportionalT" value="28.000000" />
  <attribute name="ProportionalI" value="28.000000" />
  <attribute name="ProportionalH" value="28.000000" />
  <attribute name="Current Error" value="56.000000" />
  <attribute name="IntegralT" value="0.000000" />
  <attribute name="IntegralI" value="0.000000" />
  <attribute name="IntegralH" value="0.000000" />
  <attribute name="DerivativeT" value="inf" />
  <attribute name="DerivativeI" value="inf" />
  <attribute name="DerivativeH" value="inf" />
  <attribute name="Loop Time for DT" value="0.000000" />
  <attribute name="Output H" value="8388608"/>
  <attribute name="Output I" value="200"/>
  <attribute name="Output T" value="1"/>
  <attribute name="Target GC Util Change" value ="20.000000" />
  <attribute name="Current GC Util Change" value="76.000000"/>
  <attribute name="GC Util currently" value="76" />
  <attribute name="CPU Util currently" value="20389180478342" />
<exclusive-end id="1263" timestamp="2019-06-15T02:19:03.841" durationms="4.668" />

<exclusive-start id="1264" timestamp="2019-06-15T02:19:03.861" intervalms="24.896">
  <response-info timems="0.203" idlems="0.185" threads="1" lastid="00000000022E3500" lastname="Thread-9" />
</exclusive-start>
<allocation-taxation id="1265" taxation-threshold="32505856" timestamp="2019-06-15T02:19:03.862" intervalms="24.939" />
<cycle-start id="1266" type="partial gc" contextid="0" timestamp="2019-06-15T02:19:03.862" intervalms="24.975" />
<gc-start id="1267" type="partial gc" contextid="1266" timestamp="2019-06-15T02:19:03.862">
  <mem-info id="1268" free="29360128" total="102760448" percent="28">
    <mem type="eden" free="0" total="32505856" percent="0" />
    <remembered-set count="7936" freebytes="4070144" totalbytes="4101888" percent="99" regionsoverflowed="0" regionsstable="1" regionsrebuilding="0"/>
  </mem-info>
</gc-start>
<allocation-stats totalBytes="32501656" >
  <allocated-bytes non-tlh="0" tlh="32501656" arrayletleaf="0"/>
  <largest-consumer threadName="Thread-8" threadId="00000000022E7100" bytes="11962848" />
</allocation-stats>
<gc-op id="1269" type="copy forward" timems="2.695" contextid="1266" timestamp="2019-06-15T02:19:03.866">
  <memory-copied type="eden" objects="8876" bytes="352280" bytesdiscarded="0" />
  <memory-copied type="other" objects="9628" bytes="368448" bytesdiscarded="0" />
  <memory-cardclean objects="8596" bytes="441216" />
  <regions eden="31" other="2" />
  <remembered-set-cleared processed="5556" cleared="1565" durationms="0.181" />
  <stringconstants candidates="4597" cleared="0"  />
</gc-op>
<gc-op id="1270" type="classunload" timems="0.002" contextid="1266" timestamp="2019-06-15T02:19:03.866">
  <classunload-info classloadercandidates="8" classloadersunloaded="0" classesunloaded="0" anonymousclassesunloaded="0" quiescems="0.000" setupms="0.002" scanms="0.000" postms="0.000" />
</gc-op>
<heap-resize id="1271" type="expand" space="default" amount="2097152" count="1" timems="0.063" reason="excessive time being spent in gc" timestamp="2019-06-15T02:19:03.866" />
<gc-end id="1272" type="partial gc" contextid="1266" durationms="3.964" usertimems="4.000" systemtimems="0.000" timestamp="2019-06-15T02:19:03.866" activeThreads="1">
  <mem-info id="1273" free="62914560" total="104857600" percent="60">
    <mem type="eden" free="696296" total="1048576" percent="66" />
    <remembered-set count="9120" freebytes="4149120" totalbytes="4185600" percent="99" regionsoverflowed="0" regionsstable="1" regionsrebuilding="0"/>
  </mem-info>
</gc-end>
<cycle-end id="1274" type="partial gc" contextid="1266" timestamp="2019-06-15T02:19:03.866" />
  <attribute name="elasticGC enabled" value="1" />
  <attribute name= "numThreadsSpecified" value="1" />
  <attribute name="heapSize specified" value="0" />
  <attribute name="Current GC Util" value="71" />
  <attribute name= "Current Time Running" value="2907" />
  <attribute name ="GC Interval" value="0" />
  <attribute name="ProportionalT" value="25.500000" />
  <attribute name="ProportionalI" value="25.500000" />
  <attribute name="ProportionalH" value="25.500000" />
  <attribute name="Current Error" value="51.000000" />
  <attribute name="IntegralT" value="0.000000" />
  <attribute name="IntegralI" value="0.000000" />
  <attribute name="IntegralH" value="0.000000" />
  <attribute name="DerivativeT" value="inf" />
  <attribute name="DerivativeI" value="inf" />
  <attribute name="DerivativeH" value="inf" />
  <attribute name="Loop Time for DT" value="0.000000" />
  <attribute name="Output H" value="8388608"/>
  <attribute name="Output I" value="200"/>
  <attribute name="Output T" value="1"/>
  <attribute name="Target GC Util Change" value ="20.000000" />
  <attribute name="Current GC Util Change" value="71.000000"/>
  <attribute name="GC Util currently" value="71" />
  <attribute name="CPU Util currently" value="18997989701341" />
<exclusive-end id="1275" timestamp="2019-06-15T02:19:03.867" durationms="5.096" />

<exclusive-start id="1276" timestamp="2019-06-15T02:19:03.886" intervalms="24.888">
  <response-info timems="0.048" idlems="0.048" threads="0" lastid="00000000022E7100" lastname="Thread-8" />
</exclusive-start>
<allocation-taxation id="1277" taxation-threshold="32505856" timestamp="2019-06-15T02:19:03.887" intervalms="24.843" />
<cycle-start id="1278" type="partial gc" contextid="0" timestamp="2019-06-15T02:19:03.887" intervalms="24.818" />
<gc-start id="1279" type="partial gc" contextid="1278" timestamp="2019-06-15T02:19:03.887">
  <mem-info id="1280" free="30408704" total="104857600" percent="29">
    <mem type="eden" free="0" total="32505856" percent="0" />
    <remembered-set count="8928" freebytes="4149888" totalbytes="4185600" percent="99" regionsoverflowed="0" regionsstable="1" regionsrebuilding="0"/>
  </mem-info>
</gc-start>
<allocation-stats totalBytes="32501360" >
  <allocated-bytes non-tlh="0" tlh="32501360" arrayletleaf="0"/>
  <largest-consumer threadName="Thread-8" threadId="00000000022E7100" bytes="11979128" />
</allocation-stats>
<gc-op id="1281" type="copy forward" timems="2.504" contextid="1278" timestamp="2019-06-15T02:19:03.890">
  <memory-copied type="eden" objects="15885" bytes="657672" bytesdiscarded="0" />
  <memory-copied type="other" objects="2385" bytes="57240" bytesdiscarded="0" />
  <memory-cardclean objects="7918" bytes="404448" />
  <regions eden="31" other="3" />
  <remembered-set-cleared processed="6192" cleared="3504" durationms="0.189" />
  <stringconstants candidates="4597" cleared="0"  />
</gc-op>
<gc-op id="1282" type="classunload" timems="0.002" contextid="1278" timestamp="2019-06-15T02:19:03.890">
  <classunload-info classloadercandidates="8" classloadersunloaded="0" classesunloaded="0" anonymousclassesunloaded="0" quiescems="0.000" setupms="0.002" scanms="0.000" postms="0.000" />
</gc-op>
<heap-resize id="1283" type="expand" space="default" amount="3145728" count="1" timems="0.069" reason="excessive time being spent in gc" timestamp="2019-06-15T02:19:03.890" />
<gc-end id="1284" type="partial gc" contextid="1278" durationms="3.700" usertimems="4.000" systemtimems="0.000" timestamp="2019-06-15T02:19:03.891" activeThreads="1">
  <mem-info id="1285" free="65011712" total="108003328" percent="60">
    <mem type="eden" free="390904" total="1048576" percent="37" />
    <remembered-set count="7232" freebytes="4282240" totalbytes="4311168" percent="99" regionsoverflowed="0" regionsstable="1" regionsrebuilding="0"/>
  </mem-info>
</gc-end>
<cycle-end id="1286" type="partial gc" contextid="1278" timestamp="2019-06-15T02:19:03.891" />
  <attribute name="elasticGC enabled" value="1" />
  <attribute name= "numThreadsSpecified" value="1" />
  <attribute name="heapSize specified" value="0" />
  <attribute name="Current GC Util" value="77" />
  <attribute name= "Current Time Running" value="2932" />
  <attribute name ="GC Interval" value="0" />
  <attribute name="ProportionalT" value="28.500000" />
  <attribute name="ProportionalI" value="28.500000" />
  <attribute name="ProportionalH" value="28.500000" />
  <attribute name="Current Error" value="57.000000" />
  <attribute name="IntegralT" value="0.000000" />
  <attribute name="IntegralI" value="0.000000" />
  <attribute name="IntegralH" value="0.000000" />
  <attribute name="DerivativeT" value="inf" />
  <attribute name="DerivativeI" value="inf" />
  <attribute name="DerivativeH" value="inf" />
  <attribute name="Loop Time for DT" value="0.000000" />
  <attribute name="Output H" value="8388608"/>
  <attribute name="Output I" value="200"/>
  <attribute name="Output T" value="1"/>
  <attribute name="Target GC Util Change" value ="20.000000" />
  <attribute name="Current GC Util Change" value="77.000000"/>
  <attribute name="GC Util currently" value="77" />
  <attribute name="CPU Util currently" value="21175504205753" />
<exclusive-end id="1287" timestamp="2019-06-15T02:19:03.891" durationms="4.604" />

<exclusive-start id="1288" timestamp="2019-06-15T02:19:03.911" intervalms="24.628">
  <response-info timems="0.035" idlems="0.035" threads="0" lastid="00000000022DBD00" lastname="Thread-10" />
</exclusive-start>
<allocation-taxation id="1289" taxation-threshold="33554432" timestamp="2019-06-15T02:19:03.911" intervalms="24.712" />
<cycle-start id="1290" type="partial gc" contextid="0" timestamp="2019-06-15T02:19:03.911" intervalms="24.735" />
<gc-start id="1291" type="partial gc" contextid="1290" timestamp="2019-06-15T02:19:03.912">
  <mem-info id="1292" free="31457280" total="108003328" percent="29">
    <mem type="eden" free="0" total="33554432" percent="0" />
    <remembered-set count="6880" freebytes="4283648" totalbytes="4311168" percent="99" regionsoverflowed="0" regionsstable="1" regionsrebuilding="0"/>
  </mem-info>
</gc-start>
<allocation-stats totalBytes="33549896" >
  <allocated-bytes non-tlh="0" tlh="33549896" arrayletleaf="0"/>
  <largest-consumer threadName="Thread-8" threadId="00000000022E7100" bytes="12159248" />
</allocation-stats>
<gc-op id="1293" type="copy forward" timems="2.808" contextid="1290" timestamp="2019-06-15T02:19:03.915">
  <memory-copied type="eden" objects="3800" bytes="92872" bytesdiscarded="0" />
  <memory-copied type="other" objects="20565" bytes="905688" bytesdiscarded="0" />
  <memory-cardclean objects="2931" bytes="146232" />
  <regions eden="32" other="3" />
  <remembered-set-cleared processed="4075" cleared="1632" durationms="0.154" />
  <stringconstants candidates="4597" cleared="0"  />
</gc-op>
<gc-op id="1294" type="classunload" timems="0.002" contextid="1290" timestamp="2019-06-15T02:19:03.915">
  <classunload-info classloadercandidates="8" classloadersunloaded="0" classesunloaded="0" anonymousclassesunloaded="0" quiescems="0.000" setupms="0.002" scanms="0.000" postms="0.000" />
</gc-op>
<heap-resize id="1295" type="expand" space="default" amount="2097152" count="1" timems="0.062" reason="excessive time being spent in gc" timestamp="2019-06-15T02:19:03.916" />
<gc-end id="1296" type="partial gc" contextid="1290" durationms="4.011" usertimems="4.000" systemtimems="0.000" timestamp="2019-06-15T02:19:03.916" activeThreads="1">
  <mem-info id="1297" free="66060288" total="110100480" percent="60">
    <mem type="eden" free="955704" total="1048576" percent="91" />
    <remembered-set count="7008" freebytes="4366848" totalbytes="4394880" percent="99" regionsoverflowed="0" regionsstable="1" regionsrebuilding="0"/>
  </mem-info>
</gc-end>
<cycle-end id="1298" type="partial gc" contextid="1290" timestamp="2019-06-15T02:19:03.916" />
  <attribute name="elasticGC enabled" value="1" />
  <attribute name= "numThreadsSpecified" value="1" />
  <attribute name="heapSize specified" value="0" />
  <attribute name="Current GC Util" value="83" />
  <attribute name= "Current Time Running" value="2957" />
  <attribute name ="GC Interval" value="0" />
  <attribute name="ProportionalT" value="31.500000" />
  <attribute name="ProportionalI" value="31.500000" />
  <attribute name="ProportionalH" value="31.500000" />
  <attribute name="Current Error" value="63.000000" />
  <attribute name="IntegralT" value="0.000000" />
  <attribute name="IntegralI" value="0.000000" />
  <attribute name="IntegralH" value="0.000000" />
  <attribute name="DerivativeT" value="inf" />
  <attribute name="DerivativeI" value="inf" />
  <attribute name="DerivativeH" value="inf" />
  <attribute name="Loop Time for DT" value="0.000000" />
  <attribute name="Output H" value="8388608"/>
  <attribute name="Output I" value="200"/>
  <attribute name="Output T" value="1"/>
  <attribute name="Target GC Util Change" value ="20.000000" />
  <attribute name="Current GC Util Change" value="83.000000"/>
  <attribute name="GC Util currently" value="83" />
  <attribute name="CPU Util currently" value="20734320099335" />
<exclusive-end id="1299" timestamp="2019-06-15T02:19:03.916" durationms="5.131" />

<exclusive-start id="1300" timestamp="2019-06-15T02:19:03.938" intervalms="26.583">
  <response-info timems="0.032" idlems="0.032" threads="0" lastid="00000000022DBD00" lastname="Thread-10" />
</exclusive-start>
<allocation-taxation id="1301" taxation-threshold="33554432" timestamp="2019-06-15T02:19:03.938" intervalms="26.546" />
<cycle-start id="1302" type="partial gc" contextid="0" timestamp="2019-06-15T02:19:03.938" intervalms="26.562" />
<gc-start id="1303" type="partial gc" contextid="1302" timestamp="2019-06-15T02:19:03.938">
  <mem-info id="1304" free="32505856" total="110100480" percent="29">
    <mem type="eden" free="0" total="33554432" percent="0" />
    <remembered-set count="6912" freebytes="4367232" totalbytes="4394880" percent="99" regionsoverflowed="0" regionsstable="1" regionsrebuilding="0"/>
  </mem-info>
</gc-start>
<allocation-stats totalBytes="33549776" >
  <allocated-bytes non-tlh="0" tlh="33549776" arrayletleaf="0"/>
  <largest-consumer threadName="Thread-8" threadId="00000000022E7100" bytes="11397688" />
</allocation-stats>
<gc-op id="1305" type="copy forward" timems="2.322" contextid="1302" timestamp="2019-06-15T02:19:03.941">
  <memory-copied type="eden" objects="10547" bytes="392400" bytesdiscarded="0" />
  <memory-copied type="other" objects="8594" bytes="343632" bytesdiscarded="0" />
  <memory-cardclean objects="3787" bytes="201840" />
  <regions eden="32" other="3" />
  <remembered-set-cleared processed="4093" cleared="2106" durationms="0.161" />
  <stringconstants candidates="4597" cleared="0"  />
</gc-op>
<gc-op id="1306" type="classunload" timems="0.002" contextid="1302" timestamp="2019-06-15T02:19:03.941">
  <classunload-info classloadercandidates="8" classloadersunloaded="0" classesunloaded="0" anonymousclassesunloaded="0" quiescems="0.000" setupms="0.002" scanms="0.000" postms="0.000" />
</gc-op>
<gc-end id="1307" type="partial gc" contextid="1302" durationms="3.388" usertimems="8.000" systemtimems="0.000" timestamp="2019-06-15T02:19:03.942" activeThreads="1">
  <mem-info id="1308" free="66060288" total="110100480" percent="60">
    <mem type="eden" free="656176" total="1048576" percent="62" />
    <remembered-set count="6464" freebytes="4369024" totalbytes="4394880" percent="99" regionsoverflowed="0" regionsstable="1" regionsrebuilding="0"/>
  </mem-info>
</gc-end>
<cycle-end id="1309" type="partial gc" contextid="1302" timestamp="2019-06-15T02:19:03.942" />
  <attribute name="elasticGC enabled" value="1" />
  <attribute name= "numThreadsSpecified" value="1" />
  <attribute name="heapSize specified" value="0" />
  <attribute name="Current GC Util" value="71" />
  <attribute name= "Current Time Running" value="2983" />
  <attribute name ="GC Interval" value="0" />
  <attribute name="ProportionalT" value="25.500000" />
  <attribute name="ProportionalI" value="25.500000" />
  <attribute name="ProportionalH" value="25.500000" />
  <attribute name="Current Error" value="51.000000" />
  <attribute name="IntegralT" value="0.000000" />
  <attribute name="IntegralI" value="0.000000" />
  <attribute name="IntegralH" value="0.000000" />
  <attribute name="DerivativeT" value="inf" />
  <attribute name="DerivativeI" value="inf" />
  <attribute name="DerivativeH" value="inf" />
  <attribute name="Loop Time for DT" value="0.000000" />
  <attribute name="Output H" value="8388608"/>
  <attribute name="Output I" value="200"/>
  <attribute name="Output T" value="1"/>
  <attribute name="Target GC Util Change" value ="20.000000" />
  <attribute name="Current GC Util Change" value="71.000000"/>
  <attribute name="GC Util currently" value="71" />
  <attribute name="CPU Util currently" value="20131158309056" />
<exclusive-end id="1310" timestamp="2019-06-15T02:19:03.942" durationms="4.482" />

<exclusive-start id="1311" timestamp="2019-06-15T02:19:03.965" intervalms="27.840">
  <response-info timems="0.071" idlems="0.044" threads="1" lastid="00000000022DF900" lastname="Thread-7" />
</exclusive-start>
<allocation-taxation id="1312" taxation-threshold="33554432" timestamp="2019-06-15T02:19:03.966" intervalms="27.844" />
<cycle-start id="1313" type="partial gc" contextid="0" timestamp="2019-06-15T02:19:03.966" intervalms="27.821" />
<gc-start id="1314" type="partial gc" contextid="1313" timestamp="2019-06-15T02:19:03.966">
  <mem-info id="1315" free="32505856" total="110100480" percent="29">
    <mem type="eden" free="0" total="33554432" percent="0" />
    <remembered-set count="6208" freebytes="4370048" totalbytes="4394880" percent="99" regionsoverflowed="0" regionsstable="1" regionsrebuilding="0"/>
  </mem-info>
</gc-start>
<allocation-stats totalBytes="33550152" >
  <allocated-bytes non-tlh="0" tlh="33550152" arrayletleaf="0"/>
  <largest-consumer threadName="Thread-10" threadId="00000000022DBD00" bytes="12241472" />
</allocation-stats>
<gc-op id="1316" type="copy forward" timems="2.253" contextid="1313" timestamp="2019-06-15T02:19:03.969">
  <memory-copied type="eden" objects="14843" bytes="632584" bytesdiscarded="0" />
  <memory-copied type="other" objects="1582" bytes="37968" bytesdiscarded="0" />
  <memory-cardclean objects="6296" bytes="326376" />
  <regions eden="32" other="1" />
  <remembered-set-cleared processed="3361" cleared="651" durationms="0.161" />
  <stringconstants candidates="4597" cleared="0"  />
</gc-op>
<gc-op id="1317" type="classunload" timems="0.002" contextid="1313" timestamp="2019-06-15T02:19:03.969">
  <classunload-info classloadercandidates="8" classloadersunloaded="0" classesunloaded="0" anonymousclassesunloaded="0" quiescems="0.000" setupms="0.002" scanms="0.000" postms="0.000" />
</gc-op>
<heap-resize id="1318" type="expand" space="default" amount="3145728" count="1" timems="0.072" reason="excessive time being spent in gc" timestamp="2019-06-15T02:19:03.969" />
<gc-end id="1319" type="partial gc" contextid="1313" durationms="3.456" usertimems="0.000" systemtimems="4.000" timestamp="2019-06-15T02:19:03.970" activeThreads="1">
  <mem-info id="1320" free="68157440" total="113246208" percent="60">
    <mem type="eden" free="415992" total="1048576" percent="39" />
    <remembered-set count="7232" freebytes="4491520" totalbytes="4520448" percent="99" regionsoverflowed="0" regionsstable="1" regionsrebuilding="0"/>
  </mem-info>
</gc-end>
<cycle-end id="1321" type="partial gc" contextid="1313" timestamp="2019-06-15T02:19:03.970" />
  <attribute name="elasticGC enabled" value="1" />
  <attribute name= "numThreadsSpecified" value="1" />
  <attribute name="heapSize specified" value="0" />
  <attribute name="Current GC Util" value="88" />
  <attribute name= "Current Time Running" value="3011" />
  <attribute name ="GC Interval" value="0" />
  <attribute name="ProportionalT" value="34.000000" />
  <attribute name="ProportionalI" value="34.000000" />
  <attribute name="ProportionalH" value="34.000000" />
  <attribute name="Current Error" value="68.000000" />
  <attribute name="IntegralT" value="0.000000" />
  <attribute name="IntegralI" value="0.000000" />
  <attribute name="IntegralH" value="0.000000" />
  <attribute name="DerivativeT" value="inf" />
  <attribute name="DerivativeI" value="inf" />
  <attribute name="DerivativeH" value="inf" />
  <attribute name="Loop Time for DT" value="0.000000" />
  <attribute name="Output H" value="8388608"/>
  <attribute name="Output I" value="200"/>
  <attribute name="Output T" value="1"/>
  <attribute name="Target GC Util Change" value ="20.000000" />
  <attribute name="Current GC Util Change" value="88.000000"/>
  <attribute name="GC Util currently" value="88" />
  <attribute name="CPU Util currently" value="21005939672907" />
<exclusive-end id="1322" timestamp="2019-06-15T02:19:03.970" durationms="4.593" />

<exclusive-start id="1323" timestamp="2019-06-15T02:19:03.993" intervalms="27.821">
  <response-info timems="0.226" idlems="0.226" threads="0" lastid="00000000022DBD00" lastname="Thread-10" />
</exclusive-start>
<allocation-taxation id="1324" taxation-threshold="34603008" timestamp="2019-06-15T02:19:03.993" intervalms="27.835" />
<cycle-start id="1325" type="partial gc" contextid="0" timestamp="2019-06-15T02:19:03.994" intervalms="27.884" />
<gc-start id="1326" type="partial gc" contextid="1325" timestamp="2019-06-15T02:19:03.994">
  <mem-info id="1327" free="33554432" total="113246208" percent="29">
    <mem type="eden" free="0" total="34603008" percent="0" />
    <remembered-set count="6816" freebytes="4493184" totalbytes="4520448" percent="99" regionsoverflowed="0" regionsstable="1" regionsrebuilding="0"/>
  </mem-info>
</gc-start>
<allocation-stats totalBytes="34598272" >
  <allocated-bytes non-tlh="0" tlh="34598272" arrayletleaf="0"/>
  <largest-consumer threadName="Thread-9" threadId="00000000022E3500" bytes="13105360" />
</allocation-stats>
<gc-op id="1328" type="copy forward" timems="2.930" contextid="1325" timestamp="2019-06-15T02:19:03.998">
  <memory-copied type="eden" objects="10034" bytes="379880" bytesdiscarded="0" />
  <memory-copied type="other" objects="15499" bytes="646728" bytesdiscarded="0" />
  <memory-cardclean objects="5266" bytes="258312" />
  <regions eden="33" other="3" />
  <remembered-set-cleared processed="3487" cleared="1335" durationms="0.159" />
  <stringconstants candidates="4597" cleared="0"  />
</gc-op>
<gc-op id="1329" type="classunload" timems="0.002" contextid="1325" timestamp="2019-06-15T02:19:03.998">
  <classunload-info classloadercandidates="8" classloadersunloaded="0" classesunloaded="0" anonymousclassesunloaded="0" quiescems="0.000" setupms="0.002" scanms="0.000" postms="0.000" />
</gc-op>
<gc-end id="1330" type="partial gc" contextid="1325" durationms="4.079" usertimems="4.000" systemtimems="0.000" timestamp="2019-06-15T02:19:03.998" activeThreads="1">
  <mem-info id="1331" free="68157440" total="113246208" percent="60">
    <mem type="eden" free="668696" total="1048576" percent="63" />
    <remembered-set count="6624" freebytes="4493952" totalbytes="4520448" percent="99" regionsoverflowed="0" regionsstable="1" regionsrebuilding="0"/>
  </mem-info>
</gc-end>
<cycle-end id="1332" type="partial gc" contextid="1325" timestamp="2019-06-15T02:19:03.998" />
  <attribute name="elasticGC enabled" value="1" />
  <attribute name= "numThreadsSpecified" value="1" />
  <attribute name="heapSize specified" value="0" />
  <attribute name="Current GC Util" value="75" />
  <attribute name= "Current Time Running" value="3039" />
  <attribute name ="GC Interval" value="0" />
  <attribute name="ProportionalT" value="27.500000" />
  <attribute name="ProportionalI" value="27.500000" />
  <attribute name="ProportionalH" value="27.500000" />
  <attribute name="Current Error" value="55.000000" />
  <attribute name="IntegralT" value="0.000000" />
  <attribute name="IntegralI" value="0.000000" />
  <attribute name="IntegralH" value="0.000000" />
  <attribute name="DerivativeT" value="inf" />
  <attribute name="DerivativeI" value="inf" />
  <attribute name="DerivativeH" value="inf" />
  <attribute name="Loop Time for DT" value="0.000000" />
  <attribute name="Output H" value="8388608"/>
  <attribute name="Output I" value="200"/>
  <attribute name="Output T" value="1"/>
  <attribute name="Target GC Util Change" value ="20.000000" />
  <attribute name="Current GC Util Change" value="75.000000"/>
  <attribute name="GC Util currently" value="75" />
  <attribute name="CPU Util currently" value="19588103654049" />
<exclusive-end id="1333" timestamp="2019-06-15T02:19:03.999" durationms="5.264" />

<exclusive-start id="1334" timestamp="2019-06-15T02:19:04.021" intervalms="27.302">
  <response-info timems="0.050" idlems="0.027" threads="1" lastid="00000000022E7100" lastname="Thread-8" />
</exclusive-start>
<allocation-taxation id="1335" taxation-threshold="34603008" timestamp="2019-06-15T02:19:04.021" intervalms="27.270" />
<cycle-start id="1336" type="partial gc" contextid="0" timestamp="2019-06-15T02:19:04.021" intervalms="27.194" />
<gc-start id="1337" type="partial gc" contextid="1336" timestamp="2019-06-15T02:19:04.021">
  <mem-info id="1338" free="33554432" total="113246208" percent="29">
    <mem type="eden" free="0" total="34603008" percent="0" />
    <remembered-set count="6496" freebytes="4494464" totalbytes="4520448" percent="99" regionsoverflowed="0" regionsstable="1" regionsrebuilding="0"/>
  </mem-info>
</gc-start>
<allocation-stats totalBytes="34598208" >
  <allocated-bytes non-tlh="0" tlh="34598208" arrayletleaf="0"/>
  <largest-consumer threadName="Thread-10" threadId="00000000022DBD00" bytes="12200256" />
</allocation-stats>
<gc-op id="1339" type="copy forward" timems="3.027" contextid="1336" timestamp="2019-06-15T02:19:04.025">
  <memory-copied type="eden" objects="18664" bytes="861104" bytesdiscarded="0" />
  <memory-copied type="other" objects="10693" bytes="394008" bytesdiscarded="0" />
  <memory-cardclean objects="5613" bytes="278832" />
  <regions eden="33" other="3" />
  <remembered-set-cleared processed="2941" cleared="824" durationms="0.150" />
  <stringconstants candidates="4597" cleared="0"  />
</gc-op>
<gc-op id="1340" type="classunload" timems="0.002" contextid="1336" timestamp="2019-06-15T02:19:04.025">
  <classunload-info classloadercandidates="8" classloadersunloaded="0" classesunloaded="0" anonymousclassesunloaded="0" quiescems="0.000" setupms="0.001" scanms="0.000" postms="0.000" />
</gc-op>
<heap-resize id="1341" type="expand" space="default" amount="2097152" count="1" timems="0.067" reason="excessive time being spent in gc" timestamp="2019-06-15T02:19:04.025" />
<gc-end id="1342" type="partial gc" contextid="1336" durationms="4.195" usertimems="0.000" systemtimems="8.000" timestamp="2019-06-15T02:19:04.025" activeThreads="1">
  <mem-info id="1343" free="69206016" total="115343360" percent="60">
    <mem type="eden" free="187472" total="1048576" percent="17" />
    <remembered-set count="6816" freebytes="4576896" totalbytes="4604160" percent="99" regionsoverflowed="0" regionsstable="1" regionsrebuilding="0"/>
  </mem-info>
</gc-end>
<cycle-end id="1344" type="partial gc" contextid="1336" timestamp="2019-06-15T02:19:04.025" />
  <attribute name="elasticGC enabled" value="1" />
  <attribute name= "numThreadsSpecified" value="1" />
  <attribute name="heapSize specified" value="0" />
  <attribute name="Current GC Util" value="86" />
  <attribute name= "Current Time Running" value="3066" />
  <attribute name ="GC Interval" value="0" />
  <attribute name="ProportionalT" value="33.000000" />
  <attribute name="ProportionalI" value="33.000000" />
  <attribute name="ProportionalH" value="33.000000" />
  <attribute name="Current Error" value="66.000000" />
  <attribute name="IntegralT" value="0.000000" />
  <attribute name="IntegralI" value="0.000000" />
  <attribute name="IntegralH" value="0.000000" />
  <attribute name="DerivativeT" value="inf" />
  <attribute name="DerivativeI" value="inf" />
  <attribute name="DerivativeH" value="inf" />
  <attribute name="Loop Time for DT" value="0.000000" />
  <attribute name="Output H" value="8388608"/>
  <attribute name="Output I" value="200"/>
  <attribute name="Output T" value="1"/>
  <attribute name="Target GC Util Change" value ="20.000000" />
  <attribute name="Current GC Util Change" value="86.000000"/>
  <attribute name="GC Util currently" value="86" />
  <attribute name="CPU Util currently" value="22734351851771" />
<exclusive-end id="1345" timestamp="2019-06-15T02:19:04.026" durationms="5.117" />

<exclusive-start id="1346" timestamp="2019-06-15T02:19:04.048" intervalms="27.090">
  <response-info timems="0.043" idlems="0.043" threads="0" lastid="00000000022E7100" lastname="Thread-8" />
</exclusive-start>
<allocation-taxation id="1347" taxation-threshold="35651584" timestamp="2019-06-15T02:19:04.048" intervalms="27.044" />
<cycle-start id="1348" type="partial gc" contextid="0" timestamp="2019-06-15T02:19:04.048" intervalms="27.005" />
<gc-start id="1349" type="partial gc" contextid="1348" timestamp="2019-06-15T02:19:04.048">
  <mem-info id="1350" free="33554432" total="115343360" percent="29">
    <mem type="eden" free="0" total="35651584" percent="0" />
    <remembered-set count="6720" freebytes="4577280" totalbytes="4604160" percent="99" regionsoverflowed="0" regionsstable="1" regionsrebuilding="0"/>
  </mem-info>
</gc-start>
<allocation-stats totalBytes="35646672" >
  <allocated-bytes non-tlh="0" tlh="35646672" arrayletleaf="0"/>
  <largest-consumer threadName="Thread-10" threadId="00000000022DBD00" bytes="12892288" />
</allocation-stats>
<gc-op id="1351" type="copy forward" timems="2.264" contextid="1348" timestamp="2019-06-15T02:19:04.051">
  <memory-copied type="eden" objects="8627" bytes="345352" bytesdiscarded="0" />
  <memory-copied type="other" objects="10999" bytes="538728" bytesdiscarded="0" />
  <memory-cardclean objects="946" bytes="65904" />
  <regions eden="34" other="4" />
  <remembered-set-cleared processed="3448" cleared="2098" durationms="0.152" />
  <stringconstants candidates="4597" cleared="0"  />
</gc-op>
<gc-op id="1352" type="classunload" timems="0.002" contextid="1348" timestamp="2019-06-15T02:19:04.051">
  <classunload-info classloadercandidates="8" classloadersunloaded="0" classesunloaded="0" anonymousclassesunloaded="0" quiescems="0.000" setupms="0.001" scanms="0.000" postms="0.000" />
</gc-op>
<gc-end id="1353" type="partial gc" contextid="1348" durationms="3.162" usertimems="4.000" systemtimems="0.000" timestamp="2019-06-15T02:19:04.051" activeThreads="1">
  <mem-info id="1354" free="70254592" total="115343360" percent="60">
    <mem type="eden" free="703224" total="1048576" percent="67" />
    <remembered-set count="5152" freebytes="4583552" totalbytes="4604160" percent="99" regionsoverflowed="0" regionsstable="1" regionsrebuilding="0"/>
  </mem-info>
</gc-end>
<cycle-end id="1355" type="partial gc" contextid="1348" timestamp="2019-06-15T02:19:04.051" />
  <attribute name="elasticGC enabled" value="1" />
  <attribute name= "numThreadsSpecified" value="1" />
  <attribute name="heapSize specified" value="0" />
  <attribute name="Current GC Util" value="70" />
  <attribute name= "Current Time Running" value="3093" />
  <attribute name ="GC Interval" value="0" />
  <attribute name="ProportionalT" value="25.000000" />
  <attribute name="ProportionalI" value="25.000000" />
  <attribute name="ProportionalH" value="25.000000" />
  <attribute name="Current Error" value="50.000000" />
  <attribute name="IntegralT" value="0.000000" />
  <attribute name="IntegralI" value="0.000000" />
  <attribute name="IntegralH" value="0.000000" />
  <attribute name="DerivativeT" value="inf" />
  <attribute name="DerivativeI" value="inf" />
  <attribute name="DerivativeH" value="inf" />
  <attribute name="Loop Time for DT" value="0.000000" />
  <attribute name="Output H" value="8388608"/>
  <attribute name="Output I" value="200"/>
  <attribute name="Output T" value="1"/>
  <attribute name="Target GC Util Change" value ="20.000000" />
  <attribute name="Current GC Util Change" value="70.000000"/>
  <attribute name="GC Util currently" value="70" />
  <attribute name="CPU Util currently" value="20405509718403" />
<exclusive-end id="1356" timestamp="2019-06-15T02:19:04.052" durationms="3.943" />

<exclusive-start id="1357" timestamp="2019-06-15T02:19:04.076" intervalms="28.368">
  <response-info timems="0.058" idlems="0.058" threads="0" lastid="00000000022DBD00" lastname="Thread-10" />
</exclusive-start>
<allocation-taxation id="1358" taxation-threshold="35651584" timestamp="2019-06-15T02:19:04.076" intervalms="28.408" />
<cycle-start id="1359" type="partial gc" contextid="0" timestamp="2019-06-15T02:19:04.076" intervalms="28.505" />
<gc-start id="1360" type="partial gc" contextid="1359" timestamp="2019-06-15T02:19:04.077">
  <mem-info id="1361" free="34603008" total="115343360" percent="30">
    <mem type="eden" free="0" total="35651584" percent="0" />
    <remembered-set count="5152" freebytes="4583552" totalbytes="4604160" percent="99" regionsoverflowed="0" regionsstable="1" regionsrebuilding="0"/>
  </mem-info>
</gc-start>
<allocation-stats totalBytes="35646480" >
  <allocated-bytes non-tlh="0" tlh="35646480" arrayletleaf="0"/>
  <largest-consumer threadName="Thread-10" threadId="00000000022DBD00" bytes="14845880" />
</allocation-stats>
<gc-op id="1362" type="copy forward" timems="2.460" contextid="1359" timestamp="2019-06-15T02:19:04.080">
  <memory-copied type="eden" objects="8285" bytes="337088" bytesdiscarded="0" />
  <memory-copied type="other" objects="13628" bytes="601824" bytesdiscarded="0" />
  <memory-cardclean objects="1860" bytes="90768" />
  <regions eden="34" other="3" />
  <remembered-set-cleared processed="1754" cleared="404" durationms="0.142" />
  <stringconstants candidates="4597" cleared="0"  />
</gc-op>
<gc-op id="1363" type="classunload" timems="0.002" contextid="1359" timestamp="2019-06-15T02:19:04.080">
  <classunload-info classloadercandidates="8" classloadersunloaded="0" classesunloaded="0" anonymousclassesunloaded="0" quiescems="0.000" setupms="0.002" scanms="0.000" postms="0.000" />
</gc-op>
<gc-end id="1364" type="partial gc" contextid="1359" durationms="3.511" usertimems="8.000" systemtimems="0.000" timestamp="2019-06-15T02:19:04.080" activeThreads="1">
  <mem-info id="1365" free="69206016" total="115343360" percent="60">
    <mem type="eden" free="711488" total="1048576" percent="67" />
    <remembered-set count="6112" freebytes="4579712" totalbytes="4604160" percent="99" regionsoverflowed="0" regionsstable="1" regionsrebuilding="0"/>
  </mem-info>
</gc-end>
<cycle-end id="1366" type="partial gc" contextid="1359" timestamp="2019-06-15T02:19:04.080" />
  <attribute name="elasticGC enabled" value="1" />
  <attribute name= "numThreadsSpecified" value="1" />
  <attribute name="heapSize specified" value="0" />
  <attribute name="Current GC Util" value="93" />
  <attribute name= "Current Time Running" value="3122" />
  <attribute name ="GC Interval" value="0" />
  <attribute name="ProportionalT" value="36.500000" />
  <attribute name="ProportionalI" value="36.500000" />
  <attribute name="ProportionalH" value="36.500000" />
  <attribute name="Current Error" value="73.000000" />
  <attribute name="IntegralT" value="0.000000" />
  <attribute name="IntegralI" value="0.000000" />
  <attribute name="IntegralH" value="0.000000" />
  <attribute name="DerivativeT" value="inf" />
  <attribute name="DerivativeI" value="inf" />
  <attribute name="DerivativeH" value="inf" />
  <attribute name="Loop Time for DT" value="0.000000" />
  <attribute name="Output H" value="8388608"/>
  <attribute name="Output I" value="200"/>
  <attribute name="Output T" value="1"/>
  <attribute name="Target GC Util Change" value ="20.000000" />
  <attribute name="Current GC Util Change" value="93.000000"/>
  <attribute name="GC Util currently" value="93" />
  <attribute name="CPU Util currently" value="21438634042639" />
<exclusive-end id="1367" timestamp="2019-06-15T02:19:04.081" durationms="4.595" />

<exclusive-start id="1368" timestamp="2019-06-15T02:19:04.102" intervalms="26.259">
  <response-info timems="0.065" idlems="0.065" threads="0" lastid="00000000022E3500" lastname="Thread-9" />
</exclusive-start>
<allocation-taxation id="1369" taxation-threshold="35651584" timestamp="2019-06-15T02:19:04.103" intervalms="26.332" />
<cycle-start id="1370" type="partial gc" contextid="0" timestamp="2019-06-15T02:19:04.103" intervalms="26.296" />
<gc-start id="1371" type="partial gc" contextid="1370" timestamp="2019-06-15T02:19:04.103">
  <mem-info id="1372" free="33554432" total="115343360" percent="29">
    <mem type="eden" free="0" total="35651584" percent="0" />
    <remembered-set count="6112" freebytes="4579712" totalbytes="4604160" percent="99" regionsoverflowed="0" regionsstable="1" regionsrebuilding="0"/>
  </mem-info>
</gc-start>
<allocation-stats totalBytes="35646520" >
  <allocated-bytes non-tlh="0" tlh="35646520" arrayletleaf="0"/>
  <largest-consumer threadName="Thread-9" threadId="00000000022E3500" bytes="12261560" />
</allocation-stats>
<gc-op id="1373" type="copy forward" timems="2.420" contextid="1370" timestamp="2019-06-15T02:19:04.106">
  <memory-copied type="eden" objects="8654" bytes="346384" bytesdiscarded="0" />
  <memory-copied type="other" objects="9872" bytes="374304" bytesdiscarded="0" />
  <memory-cardclean objects="7211" bytes="385080" />
  <regions eden="34" other="3" />
  <remembered-set-cleared processed="2021" cleared="673" durationms="0.146" />
  <stringconstants candidates="4597" cleared="0"  />
</gc-op>
<gc-op id="1374" type="classunload" timems="0.002" contextid="1370" timestamp="2019-06-15T02:19:04.106">
  <classunload-info classloadercandidates="8" classloadersunloaded="0" classesunloaded="0" anonymousclassesunloaded="0" quiescems="0.000" setupms="0.002" scanms="0.000" postms="0.000" />
</gc-op>
<gc-end id="1375" type="partial gc" contextid="1370" durationms="3.545" usertimems="0.000" systemtimems="0.000" timestamp="2019-06-15T02:19:04.107" activeThreads="1">
  <mem-info id="1376" free="69206016" total="115343360" percent="60">
    <mem type="eden" free="702192" total="1048576" percent="66" />
    <remembered-set count="6624" freebytes="4577664" totalbytes="4604160" percent="99" regionsoverflowed="0" regionsstable="1" regionsrebuilding="0"/>
  </mem-info>
</gc-end>
<cycle-end id="1377" type="partial gc" contextid="1370" timestamp="2019-06-15T02:19:04.107" />
  <attribute name="elasticGC enabled" value="1" />
  <attribute name= "numThreadsSpecified" value="1" />
  <attribute name="heapSize specified" value="0" />
  <attribute name="Current GC Util" value="64" />
  <attribute name= "Current Time Running" value="3148" />
  <attribute name ="GC Interval" value="0" />
  <attribute name="ProportionalT" value="22.000000" />
  <attribute name="ProportionalI" value="22.000000" />
  <attribute name="ProportionalH" value="22.000000" />
  <attribute name="Current Error" value="44.000000" />
  <attribute name="IntegralT" value="0.000000" />
  <attribute name="IntegralI" value="0.000000" />
  <attribute name="IntegralH" value="0.000000" />
  <attribute name="DerivativeT" value="inf" />
  <attribute name="DerivativeI" value="inf" />
  <attribute name="DerivativeH" value="inf" />
  <attribute name="Loop Time for DT" value="0.000000" />
  <attribute name="Output H" value="8388608"/>
  <attribute name="Output I" value="200"/>
  <attribute name="Output T" value="1"/>
  <attribute name="Target GC Util Change" value ="20.000000" />
  <attribute name="Current GC Util Change" value="64.000000"/>
  <attribute name="GC Util currently" value="64" />
  <attribute name="CPU Util currently" value="19462286118493" />
<exclusive-end id="1378" timestamp="2019-06-15T02:19:04.107" durationms="4.766" />

<exclusive-start id="1379" timestamp="2019-06-15T02:19:04.130" intervalms="28.149">
  <response-info timems="0.040" idlems="0.040" threads="0" lastid="00000000022DF900" lastname="Thread-7" />
</exclusive-start>
<allocation-taxation id="1380" taxation-threshold="35651584" timestamp="2019-06-15T02:19:04.131" intervalms="28.116" />
<cycle-start id="1381" type="partial gc" contextid="0" timestamp="2019-06-15T02:19:04.131" intervalms="28.174" />
<gc-start id="1382" type="partial gc" contextid="1381" timestamp="2019-06-15T02:19:04.131">
  <mem-info id="1383" free="33554432" total="115343360" percent="29">
    <mem type="eden" free="0" total="35651584" percent="0" />
    <remembered-set count="6304" freebytes="4578944" totalbytes="4604160" percent="99" regionsoverflowed="0" regionsstable="1" regionsrebuilding="0"/>
  </mem-info>
</gc-start>
<allocation-stats totalBytes="35646488" >
  <allocated-bytes non-tlh="0" tlh="35646488" arrayletleaf="0"/>
  <largest-consumer threadName="Thread-9" threadId="00000000022E3500" bytes="12011752" />
</allocation-stats>
<gc-op id="1384" type="copy forward" timems="3.126" contextid="1381" timestamp="2019-06-15T02:19:04.135">
  <memory-copied type="eden" objects="12885" bytes="447656" bytesdiscarded="0" />
  <memory-copied type="other" objects="15793" bytes="653784" bytesdiscarded="0" />
  <memory-cardclean objects="5983" bytes="292536" />
  <regions eden="34" other="2" />
  <remembered-set-cleared processed="2236" cleared="548" durationms="0.162" />
  <stringconstants candidates="4597" cleared="0"  />
</gc-op>
<gc-op id="1385" type="classunload" timems="0.003" contextid="1381" timestamp="2019-06-15T02:19:04.135">
  <classunload-info classloadercandidates="8" classloadersunloaded="0" classesunloaded="0" anonymousclassesunloaded="0" quiescems="0.000" setupms="0.002" scanms="0.000" postms="0.000" />
</gc-op>
<heap-resize id="1386" type="expand" space="default" amount="3145728" count="1" timems="0.081" reason="excessive time being spent in gc" timestamp="2019-06-15T02:19:04.136" />
<gc-end id="1387" type="partial gc" contextid="1381" durationms="4.611" usertimems="4.000" systemtimems="0.000" timestamp="2019-06-15T02:19:04.136" activeThreads="1">
  <mem-info id="1388" free="71303168" total="118489088" percent="60">
    <mem type="eden" free="600920" total="1048576" percent="57" />
    <remembered-set count="7488" freebytes="4699776" totalbytes="4729728" percent="99" regionsoverflowed="0" regionsstable="1" regionsrebuilding="0"/>
  </mem-info>
</gc-end>
<cycle-end id="1389" type="partial gc" contextid="1381" timestamp="2019-06-15T02:19:04.136" />
  <attribute name="elasticGC enabled" value="1" />
  <attribute name= "numThreadsSpecified" value="1" />
  <attribute name="heapSize specified" value="0" />
  <attribute name="Current GC Util" value="65" />
  <attribute name= "Current Time Running" value="3176" />
  <attribute name ="GC Interval" value="0" />
  <attribute name="ProportionalT" value="22.500000" />
  <attribute name="ProportionalI" value="22.500000" />
  <attribute name="ProportionalH" value="22.500000" />
  <attribute name="Current Error" value="45.000000" />
  <attribute name="IntegralT" value="0.000000" />
  <attribute name="IntegralI" value="0.000000" />
  <attribute name="IntegralH" value="0.000000" />
  <attribute name="DerivativeT" value="inf" />
  <attribute name="DerivativeI" value="inf" />
  <attribute name="DerivativeH" value="inf" />
  <attribute name="Loop Time for DT" value="0.000000" />
  <attribute name="Output H" value="8388608"/>
  <attribute name="Output I" value="200"/>
  <attribute name="Output T" value="1"/>
  <attribute name="Target GC Util Change" value ="20.000000" />
  <attribute name="Current GC Util Change" value="65.000000"/>
  <attribute name="GC Util currently" value="65" />
  <attribute name="CPU Util currently" value="18251670177620" />
<exclusive-end id="1390" timestamp="2019-06-15T02:19:04.136" durationms="5.932" />

<exclusive-start id="1391" timestamp="2019-06-15T02:19:04.155" intervalms="24.422">
  <response-info timems="0.034" idlems="0.034" threads="0" lastid="00000000022DF900" lastname="Thread-7" />
</exclusive-start>
<allocation-taxation id="1392" taxation-threshold="35651584" timestamp="2019-06-15T02:19:04.155" intervalms="24.376" />
<cycle-start id="1393" type="partial gc" contextid="0" timestamp="2019-06-15T02:19:04.155" intervalms="24.303" />
<gc-start id="1394" type="partial gc" contextid="1393" timestamp="2019-06-15T02:19:04.155">
  <mem-info id="1395" free="35651584" total="118489088" percent="30">
    <mem type="eden" free="0" total="35651584" percent="0" />
    <remembered-set count="7104" freebytes="4701312" totalbytes="4729728" percent="99" regionsoverflowed="0" regionsstable="1" regionsrebuilding="0"/>
  </mem-info>
</gc-start>
<allocation-stats totalBytes="35646488" >
  <allocated-bytes non-tlh="0" tlh="35646488" arrayletleaf="0"/>
  <largest-consumer threadName="Thread-8" threadId="00000000022E7100" bytes="11950504" />
</allocation-stats>
<gc-op id="1396" type="copy forward" timems="1.706" contextid="1393" timestamp="2019-06-15T02:19:04.158">
  <memory-copied type="eden" objects="7745" bytes="324792" bytesdiscarded="28416" />
  <memory-copied type="other" objects="14355" bytes="619272" bytesdiscarded="47584" />
  <memory-cardclean objects="2469" bytes="139008" />
  <regions eden="34" other="3" />
  <remembered-set-cleared processed="2779" cleared="1421" durationms="0.105" />
  <stringconstants candidates="4597" cleared="0"  />
</gc-op>
<gc-op id="1397" type="classunload" timems="0.003" contextid="1393" timestamp="2019-06-15T02:19:04.158">
  <classunload-info classloadercandidates="8" classloadersunloaded="0" classesunloaded="0" anonymousclassesunloaded="0" quiescems="0.000" setupms="0.002" scanms="0.000" postms="0.000" />
</gc-op>
<heap-resize id="1398" type="expand" space="default" amount="2097152" count="1" timems="0.070" reason="excessive time being spent in gc" timestamp="2019-06-15T02:19:04.158" />
<gc-end id="1399" type="partial gc" contextid="1393" durationms="2.891" usertimems="0.000" systemtimems="4.000" timestamp="2019-06-15T02:19:04.158" activeThreads="4">
  <mem-info id="1400" free="72351744" total="120586240" percent="60">
    <mem type="eden" free="695368" total="1048576" percent="66" />
    <remembered-set count="4352" freebytes="4796032" totalbytes="4813440" percent="99" regionsoverflowed="0" regionsstable="1" regionsrebuilding="0"/>
  </mem-info>
</gc-end>
<cycle-end id="1401" type="partial gc" contextid="1393" timestamp="2019-06-15T02:19:04.158" />
  <attribute name="elasticGC enabled" value="1" />
  <attribute name= "numThreadsSpecified" value="4" />
  <attribute name="heapSize specified" value="0" />
  <attribute name="Current GC Util" value="74" />
  <attribute name= "Current Time Running" value="3201" />
  <attribute name ="GC Interval" value="0" />
  <attribute name="ProportionalT" value="27.000000" />
  <attribute name="ProportionalI" value="27.000000" />
  <attribute name="ProportionalH" value="27.000000" />
  <attribute name="Current Error" value="54.000000" />
  <attribute name="IntegralT" value="54.000000" />
  <attribute name="IntegralI" value="54.000000" />
  <attribute name="IntegralH" value="54.000000" />
  <attribute name="DerivativeT" value="54.000000" />
  <attribute name="DerivativeI" value="54.000000" />
  <attribute name="DerivativeH" value="54.000000" />
  <attribute name="Loop Time for DT" value="1.000000" />
  <attribute name="Output H" value="8388608"/>
  <attribute name="Output I" value="200"/>
  <attribute name="Output T" value="4"/>
  <attribute name="Target GC Util Change" value ="20.000000" />
  <attribute name="Current GC Util Change" value="74.000000"/>
  <attribute name="GC Util currently" value="74" />
  <attribute name="CPU Util currently" value="19001747056042" />
<exclusive-end id="1402" timestamp="2019-06-15T02:19:04.159" durationms="3.786" />

<exclusive-start id="1403" timestamp="2019-06-15T02:19:04.179" intervalms="23.868">
  <response-info timems="0.034" idlems="0.034" threads="0" lastid="00000000022E3500" lastname="Thread-9" />
</exclusive-start>
<allocation-taxation id="1404" taxation-threshold="36700160" timestamp="2019-06-15T02:19:04.179" intervalms="23.861" />
<cycle-start id="1405" type="partial gc" contextid="0" timestamp="2019-06-15T02:19:04.179" intervalms="23.845" />
<gc-start id="1406" type="partial gc" contextid="1405" timestamp="2019-06-15T02:19:04.179">
  <mem-info id="1407" free="35651584" total="120586240" percent="29">
    <mem type="eden" free="0" total="36700160" percent="0" />
    <remembered-set count="4352" freebytes="4796032" totalbytes="4813440" percent="99" regionsoverflowed="0" regionsstable="1" regionsrebuilding="0"/>
  </mem-info>
</gc-start>
<allocation-stats totalBytes="36694800" >
  <allocated-bytes non-tlh="0" tlh="36694800" arrayletleaf="0"/>
  <largest-consumer threadName="Thread-8" threadId="00000000022E7100" bytes="12900704" />
</allocation-stats>
<gc-op id="1408" type="copy forward" timems="2.216" contextid="1405" timestamp="2019-06-15T02:19:04.182">
  <memory-copied type="eden" objects="3858" bytes="93472" bytesdiscarded="0" />
  <memory-copied type="other" objects="9892" bytes="374784" bytesdiscarded="0" />
  <memory-cardclean objects="8368" bytes="443952" />
  <regions eden="35" other="2" />
  <remembered-set-cleared processed="2644" cleared="682" durationms="0.161" />
  <stringconstants candidates="4597" cleared="0"  />
</gc-op>
<gc-op id="1409" type="classunload" timems="0.002" contextid="1405" timestamp="2019-06-15T02:19:04.182">
  <classunload-info classloadercandidates="8" classloadersunloaded="0" classesunloaded="0" anonymousclassesunloaded="0" quiescems="0.000" setupms="0.002" scanms="0.000" postms="0.000" />
</gc-op>
<heap-resize id="1410" type="expand" space="default" amount="3145728" count="1" timems="0.066" reason="excessive time being spent in gc" timestamp="2019-06-15T02:19:04.182" />
<gc-end id="1411" type="partial gc" contextid="1405" durationms="3.375" usertimems="4.000" systemtimems="0.000" timestamp="2019-06-15T02:19:04.183" activeThreads="1">
  <mem-info id="1412" free="74448896" total="123731968" percent="60">
    <mem type="eden" free="955104" total="1048576" percent="91" />
    <remembered-set count="5184" freebytes="4918272" totalbytes="4939008" percent="99" regionsoverflowed="0" regionsstable="1" regionsrebuilding="0"/>
  </mem-info>
</gc-end>
<cycle-end id="1413" type="partial gc" contextid="1405" timestamp="2019-06-15T02:19:04.183" />
  <attribute name="elasticGC enabled" value="1" />
  <attribute name= "numThreadsSpecified" value="1" />
  <attribute name="heapSize specified" value="0" />
  <attribute name="Current GC Util" value="56" />
  <attribute name= "Current Time Running" value="3224" />
  <attribute name ="GC Interval" value="0" />
  <attribute name="ProportionalT" value="18.000000" />
  <attribute name="ProportionalI" value="18.000000" />
  <attribute name="ProportionalH" value="18.000000" />
  <attribute name="Current Error" value="36.000000" />
  <attribute name="IntegralT" value="0.000000" />
  <attribute name="IntegralI" value="0.000000" />
  <attribute name="IntegralH" value="0.000000" />
  <attribute name="DerivativeT" value="inf" />
  <attribute name="DerivativeI" value="inf" />
  <attribute name="DerivativeH" value="inf" />
  <attribute name="Loop Time for DT" value="0.000000" />
  <attribute name="Output H" value="8388608"/>
  <attribute name="Output I" value="200"/>
  <attribute name="Output T" value="1"/>
  <attribute name="Target GC Util Change" value ="20.000000" />
  <attribute name="Current GC Util Change" value="56.000000"/>
  <attribute name="GC Util currently" value="56" />
  <attribute name="CPU Util currently" value="21115101653664" />
<exclusive-end id="1414" timestamp="2019-06-15T02:19:04.183" durationms="4.335" />

</verbosegc>

