<?xml version="1.0" ?>

<verbosegc xmlns="http://www.ibm.com/j9/verbosegc" version="10b4217_CMPRSS">

<initialized id="1" timestamp="2019-06-15T02:19:08.443">
  <attribute name="gcPolicy" value="-Xgcpolicy:balanced" />
  <attribute name="elasticGC enabled" value="1" />
  <attribute name= "numThreadsSpecified" value="0" />
  <attribute name="heapSize specified" value="0" />
  <attribute name="Current GC Util" value="0" />
  <attribute name= "Current Time Running" value="0" />
  <attribute name ="GC Interval" value="0" />
  <attribute name="ProportionalT" value="0.000000" />
  <attribute name="ProportionalI" value="0.000000" />
  <attribute name="ProportionalH" value="0.000000" />
  <attribute name="IntegralT" value="0.000000" />
  <attribute name="IntegralI" value="0.000000" />
  <attribute name="IntegralH" value="0.000000" />
  <attribute name="DerivativeT" value="0.000000" />
  <attribute name="DerivativeI" value="0.000000" />
  <attribute name="DerivativeH" value="0.000000" />
  <attribute name="Target GC Util Change" value ="0.000000" />
  <attribute name="Current GC Util Change" value="0.000000"/>
  <attribute name="Current Error" value="0.000000" />
  <attribute name="Loop Time for DT" value="0.000000" />
  <attribute name="Output H" value="0"/>
  <attribute name="Output I" value="0"/>
  <attribute name="Output T" value="0"/>
  <attribute name="GC Util currently" value="0" />
  <attribute name="CPU Util currently" value="0" />
  <attribute name="maxHeapSize" value="0x7cb00000" />
  <attribute name="initialHeapSize" value="0x800000" />
  <attribute name="compressedRefs" value="true" />
  <attribute name="compressedRefsDisplacement" value="0x0" />
  <attribute name="compressedRefsShift" value="0x0" />
  <attribute name="pageSize" value="0x1000" />
  <attribute name="pageType" value="not used" />
  <attribute name="requestedPageSize" value="0x1000" />
  <attribute name="requestedPageType" value="not used" />
  <attribute name="gcthreads" value="4" />
  <attribute name="packetListSplit" value="4" />
  <attribute name="cacheListSplit" value="4" />
  <attribute name="splitFreeListSplitAmount" value="1" />
  <attribute name="numaNodes" value="0" />
  <region>
    <attribute name="regionSize" value="1048576" />
    <attribute name="regionCount" value="1995" />
    <attribute name="arrayletLeafSize" value="1048576" />
  </region>
  <system>
    <attribute name="physicalMemory" value="8370958336" />
    <attribute name="numCPUs" value="4" />
    <attribute name="architecture" value="amd64" />
    <attribute name="os" value="Linux" />
    <attribute name="osVersion" value="4.4.0-150-generic" />
  </system>
  <vmargs>
    <vmarg name="-Xoptionsfile=/vagrant/jdk/lib/options.default" />
    <vmarg name="-Xlockword:mode=default,noLockword=java/lang/String,noLockword=java/util/MapEntry,noLockword=java/util/HashMap$Entry,noLockword..." />
    <vmarg name="-Xjcl:jclse29" />
    <vmarg name="-Dcom.ibm.oti.vm.bootstrap.library.path=/vagrant/jdk/lib/compressedrefs:/vagrant/jdk/lib" />
    <vmarg name="-Dsun.boot.library.path=/vagrant/jdk/lib/compressedrefs:/vagrant/jdk/lib" />
    <vmarg name="-Djava.library.path=/vagrant/jdk/lib/compressedrefs:/vagrant/jdk/lib:/usr/lib64:/usr/lib" />
    <vmarg name="-Djava.home=/vagrant/jdk" />
    <vmarg name="-Duser.dir=/vagrant" />
    <vmarg name="-Xgcpolicy:balanced" />
    <vmarg name="-Xgcelastic" />
    <vmarg name="-Xcheck:gc:::elasticGC" />
    <vmarg name="-verbose:gc" />
    <vmarg name="-Xloggc:jdk0.5-1-1-default-BAL-4CORE-elasticverbose16sunflow.txt" />
    <vmarg name="-Djava.class.path=dacapo-9.12-MR1-bach.jar" />
    <vmarg name="-Dsun.java.command=dacapo-9.12-MR1-bach.jar sunflow --size=default" />
    <vmarg name="-Dsun.java.launcher=SUN_STANDARD" />
    <vmarg name="-Dsun.java.launcher.pid=25305" />
  </vmargs>
</initialized>

<exclusive-start id="2" timestamp="2019-06-15T02:19:09.121" intervalms="677.790">
  <response-info timems="0.033" idlems="0.033" threads="0" lastid="0000000001CDF700" lastname="main" />
</exclusive-start>
<sys-start reason="explicit" id="3" timestamp="2019-06-15T02:19:09.121" intervalms="678.003" />
<cycle-start id="4" type="global garbage collect" contextid="0" timestamp="2019-06-15T02:19:09.122" intervalms="678.295" />
<gc-start id="5" type="global garbage collect" contextid="4" timestamp="2019-06-15T02:19:09.122">
  <mem-info id="6" free="2228216" total="8388608" percent="26">
    <mem type="eden" free="131096" total="6291456" percent="2" />
    <remembered-set count="0" freebytes="334848" totalbytes="334848" percent="100" regionsoverflowed="0" regionsstable="0" regionsrebuilding="0"/>
  </mem-info>
</gc-start>
<allocation-stats totalBytes="6155568" >
  <allocated-bytes non-tlh="1222920" tlh="4932648" arrayletleaf="0"/>
  <largest-consumer threadName="main" threadId="0000000001CDF700" bytes="6076984" />
</allocation-stats>
<gc-op id="7" type="global mark" timems="4.230" contextid="4" timestamp="2019-06-15T02:19:09.127">
  <trace-info objectcount="30318" scancount="23648" scanbytes="765792" />
  <finalization candidates="125" enqueued="1" />
  <ownableSynchronizers candidates="3" cleared="0" />
  <references type="soft" candidates="132" cleared="0" enqueued="0" dynamicThreshold="32" maxThreshold="32" />
  <references type="weak" candidates="1326" cleared="569" enqueued="479" />
  <references type="phantom" candidates="107" cleared="42" enqueued="42" />
  <stringconstants candidates="3958" cleared="0"  />
</gc-op>
<gc-op id="8" type="classunload" timems="0.053" contextid="4" timestamp="2019-06-15T02:19:09.127">
  <classunload-info classloadercandidates="7" classloadersunloaded="0" classesunloaded="0" anonymousclassesunloaded="0" quiescems="0.000" setupms="0.053" scanms="0.000" postms="0.000" />
</gc-op>
<gc-op id="9" type="sweep" timems="0.616" contextid="4" timestamp="2019-06-15T02:19:09.128" />
<gc-op id="10" type="compact" timems="4.359" contextid="4" timestamp="2019-06-15T02:19:09.133">
  <compact-info movecount="30318" movebytes="1862408" />
  <remembered-set-cleared processed="3579" cleared="3579" durationms="0.160" />
</gc-op>
<gc-end id="11" type="global garbage collect" contextid="4" durationms="11.063" usertimems="12.000" systemtimems="0.000" timestamp="2019-06-15T02:19:09.133" activeThreads="4">
  <mem-info id="12" free="6291456" total="8388608" percent="75">
    <pending-finalizers system="1" default="0" reference="521" classloader="0" />
    <remembered-set count="2560" freebytes="324608" totalbytes="334848" percent="96" regionsoverflowed="0" regionsstable="0" regionsrebuilding="0"/>
  </mem-info>
</gc-end>
<cycle-end id="13" type="global garbage collect" contextid="4" timestamp="2019-06-15T02:19:09.133" />
  <attribute name="elasticGC enabled" value="1" />
  <attribute name= "numThreadsSpecified" value="4" />
  <attribute name="heapSize specified" value="0" />
  <attribute name="Current GC Util" value="48" />
  <attribute name= "Current Time Running" value="564" />
  <attribute name ="GC Interval" value="0" />
  <attribute name="ProportionalT" value="14.000000" />
  <attribute name="ProportionalI" value="14.000000" />
  <attribute name="ProportionalH" value="14.000000" />
  <attribute name="Current Error" value="28.000000" />
  <attribute name="IntegralT" value="-10797.000000" />
  <attribute name="IntegralI" value="-10797.000000" />
  <attribute name="IntegralH" value="-10797.000000" />
  <attribute name="DerivativeT" value="-39.000000" />
  <attribute name="DerivativeI" value="-39.000000" />
  <attribute name="DerivativeH" value="-39.000000" />
  <attribute name="Loop Time for DT" value="1.000000" />
  <attribute name="Output H" value="2091843584"/>
  <attribute name="Output I" value="200"/>
  <attribute name="Output T" value="4"/>
  <attribute name="Target GC Util Change" value ="20.000000" />
  <attribute name="Current GC Util Change" value="48.000000"/>
  <attribute name="GC Util currently" value="48" />
  <attribute name="CPU Util currently" value="5218238394581" />
<sys-end id="14" timestamp="2019-06-15T02:19:09.133" />
<exclusive-end id="15" timestamp="2019-06-15T02:19:09.133" durationms="12.337" />

<exclusive-start id="16" timestamp="2019-06-15T02:19:09.390" intervalms="269.203">
  <response-info timems="0.073" idlems="0.073" threads="0" lastid="000000000203C100" lastname="Thread-6" />
</exclusive-start>
<allocation-taxation id="17" taxation-threshold="6291456" timestamp="2019-06-15T02:19:09.391" intervalms="947.394" />
<cycle-start id="18" type="partial gc" contextid="0" timestamp="2019-06-15T02:19:09.391" intervalms="947.766" />
<gc-start id="19" type="partial gc" contextid="18" timestamp="2019-06-15T02:19:09.391">
  <mem-info id="20" free="0" total="8388608" percent="0">
    <mem type="eden" free="7960" total="6291456" percent="0" />
    <remembered-set count="2368" freebytes="325376" totalbytes="334848" percent="97" regionsoverflowed="0" regionsstable="0" regionsrebuilding="0"/>
  </mem-info>
</gc-start>
<allocation-stats totalBytes="6219384" >
  <allocated-bytes non-tlh="1210248" tlh="5009136" arrayletleaf="0"/>
  <largest-consumer threadName="main" threadId="0000000001CDF700" bytes="2982240" />
</allocation-stats>
<gc-op id="21" type="mark" timems="2.234" contextid="18" timestamp="2019-06-15T02:19:09.394">
  <trace-info objectcount="14751" scancount="11870" scanbytes="447664" />
  <cardclean-info objects="1315" bytes="48344" />
  <remembered-set-cleared processed="1140" cleared="109" durationms="0.061" />
  <references type="soft" candidates="17" cleared="0" enqueued="0" dynamicThreshold="24" maxThreshold="32" />
  <references type="weak" candidates="45" cleared="29" enqueued="28" />
  <references type="phantom" candidates="2" cleared="0" enqueued="0" />
  <stringconstants candidates="4534" cleared="1"  />
  <warning details="Mark invoked due to insufficient free space for Copy-Forward" />
</gc-op>
<gc-op id="22" type="classunload" timems="0.002" contextid="18" timestamp="2019-06-15T02:19:09.394">
  <classunload-info classloadercandidates="8" classloadersunloaded="0" classesunloaded="0" anonymousclassesunloaded="0" quiescems="0.000" setupms="0.002" scanms="0.000" postms="0.000" />
</gc-op>
<gc-op id="23" type="sweep" timems="0.447" contextid="18" timestamp="2019-06-15T02:19:09.395" />
<gc-op id="24" type="compact" timems="2.065" contextid="18" timestamp="2019-06-15T02:19:09.397">
  <compact-info movecount="14750" movebytes="1416584" />
  <remembered-set-cleared processed="3812" cleared="1683" durationms="0.061" />
</gc-op>
<heap-resize id="25" type="expand" space="default" amount="1048576" count="1" timems="0.056" reason="insufficient free space following gc" timestamp="2019-06-15T02:19:09.398" />
<gc-end id="26" type="partial gc" contextid="18" durationms="6.577" usertimems="0.000" systemtimems="8.000" timestamp="2019-06-15T02:19:09.398" activeThreads="4">
  <mem-info id="27" free="5242880" total="9437184" percent="55">
    <mem type="eden" free="625992" total="2097152" percent="29" />
    <pending-finalizers system="0" default="0" reference="28" classloader="0" />
    <remembered-set count="3264" freebytes="363648" totalbytes="376704" percent="96" regionsoverflowed="0" regionsstable="0" regionsrebuilding="0"/>
  </mem-info>
</gc-end>
<cycle-end id="28" type="partial gc" contextid="18" timestamp="2019-06-15T02:19:09.398" />
  <attribute name="elasticGC enabled" value="1" />
  <attribute name= "numThreadsSpecified" value="4" />
  <attribute name="heapSize specified" value="0" />
  <attribute name="Current GC Util" value="24" />
  <attribute name= "Current Time Running" value="831" />
  <attribute name ="GC Interval" value="0" />
  <attribute name="ProportionalT" value="2.000000" />
  <attribute name="ProportionalI" value="2.000000" />
  <attribute name="ProportionalH" value="2.000000" />
  <attribute name="Current Error" value="4.000000" />
  <attribute name="IntegralT" value="4.000000" />
  <attribute name="IntegralI" value="4.000000" />
  <attribute name="IntegralH" value="4.000000" />
  <attribute name="DerivativeT" value="4.000000" />
  <attribute name="DerivativeI" value="4.000000" />
  <attribute name="DerivativeH" value="4.000000" />
  <attribute name="Loop Time for DT" value="1.000000" />
  <attribute name="Output H" value="8388608"/>
  <attribute name="Output I" value="200"/>
  <attribute name="Output T" value="4"/>
  <attribute name="Target GC Util Change" value ="20.000000" />
  <attribute name="Current GC Util Change" value="24.000000"/>
  <attribute name="GC Util currently" value="24" />
  <attribute name="CPU Util currently" value="6366162094436" />
<exclusive-end id="29" timestamp="2019-06-15T02:19:09.398" durationms="7.908" />

<exclusive-start id="30" timestamp="2019-06-15T02:19:09.438" intervalms="47.529">
  <response-info timems="0.061" idlems="0.061" threads="0" lastid="000000000203C100" lastname="Thread-6" />
</exclusive-start>
<allocation-taxation id="31" taxation-threshold="2097152" timestamp="2019-06-15T02:19:09.438" intervalms="47.309" />
<cycle-start id="32" type="global mark phase" contextid="0" timestamp="2019-06-15T02:19:09.438" intervalms="994.908" />
<gc-start id="33" type="global mark phase" contextid="32" timestamp="2019-06-15T02:19:09.438">
  <mem-info id="34" free="3145728" total="9437184" percent="33">
    <remembered-set count="3136" freebytes="364160" totalbytes="376704" percent="96" regionsoverflowed="0" regionsstable="0" regionsrebuilding="0"/>
  </mem-info>
</gc-start>
<gc-op id="35" type="mark increment" timems="0.865" contextid="32" timestamp="2019-06-15T02:19:09.439">
  <trace-info objectcount="159" scancount="0" scanbytes="0" />
</gc-op>
<gc-end id="36" type="global mark phase" contextid="32" durationms="1.133" usertimems="0.000" systemtimems="0.000" timestamp="2019-06-15T02:19:09.440" activeThreads="1">
  <mem-info id="37" free="3145728" total="9437184" percent="33">
    <remembered-set count="3136" freebytes="364160" totalbytes="376704" percent="96" regionsoverflowed="0" regionsstable="0" regionsrebuilding="0"/>
  </mem-info>
</gc-end>
<concurrent-start id="38" type="GMP work packet processing" contextid="32" timestamp="2019-06-15T02:19:09.440">
  <concurrent-mark-start scanTarget="18446744073709551615" />
</concurrent-start>
<exclusive-end id="39" timestamp="2019-06-15T02:19:09.440" durationms="2.172" />

<concurrent-end id="40" type="GMP work packet processing" contextid="32" timestamp="2019-06-15T02:19:09.442">
  <concurrent-mark-end bytesScanned="1187788" reasonForTermination="Completed all work in GC phase" />
</concurrent-end>

<exclusive-start id="41" timestamp="2019-06-15T02:19:09.447" intervalms="9.428">
  <response-info timems="0.030" idlems="0.030" threads="0" lastid="000000000203C100" lastname="Thread-6" />
</exclusive-start>
<allocation-taxation id="42" taxation-threshold="2097152" timestamp="2019-06-15T02:19:09.448" intervalms="9.434" />
<cycle-start id="43" type="partial gc" contextid="0" timestamp="2019-06-15T02:19:09.448" intervalms="56.572" />
<gc-start id="44" type="partial gc" contextid="43" timestamp="2019-06-15T02:19:09.448">
  <mem-info id="45" free="1048576" total="9437184" percent="11">
    <mem type="eden" free="0" total="4194304" percent="0" />
    <remembered-set count="3136" freebytes="364160" totalbytes="376704" percent="96" regionsoverflowed="0" regionsstable="0" regionsrebuilding="0"/>
  </mem-info>
</gc-start>
<allocation-stats totalBytes="4181696" >
  <allocated-bytes non-tlh="49208" tlh="4132488" arrayletleaf="0"/>
  <largest-consumer threadName="Thread-6" threadId="000000000203C100" bytes="2091440" />
</allocation-stats>
<gc-op id="46" type="copy forward" timems="5.156" contextid="43" timestamp="2019-06-15T02:19:09.454">
  <memory-copied type="eden" objects="9" bytes="127008" bytesdiscarded="0" />
  <memory-copied type="other" objects="14636" bytes="1221360" bytesdiscarded="192456" />
  <memory-cardclean objects="147" bytes="10832" />
  <regions eden="4" other="2" />
  <remembered-set-cleared processed="1774" cleared="675" durationms="0.218" />
  <references type="soft" candidates="17" cleared="0" enqueued="0" dynamicThreshold="10" maxThreshold="32" />
  <references type="weak" candidates="16" cleared="0" enqueued="0" />
  <references type="phantom" candidates="2" cleared="0" enqueued="0" />
  <stringconstants candidates="4533" cleared="0"  />
  <heap-resize type="expand" space="default" amount="2097152" count="2" timems="0.413" reason="continue current collection" />
</gc-op>
<gc-op id="47" type="classunload" timems="0.002" contextid="43" timestamp="2019-06-15T02:19:09.454">
  <classunload-info classloadercandidates="8" classloadersunloaded="0" classesunloaded="0" anonymousclassesunloaded="0" quiescems="0.000" setupms="0.002" scanms="0.000" postms="0.000" />
</gc-op>
<gc-op id="48" type="compact" timems="1.141" contextid="43" timestamp="2019-06-15T02:19:09.456">
  <compact-info movecount="0" movebytes="0" />
  <remembered-set-cleared processed="3399" cleared="675" durationms="0.218" />
</gc-op>
<gc-end id="49" type="partial gc" contextid="43" durationms="7.863" usertimems="4.000" systemtimems="4.000" timestamp="2019-06-15T02:19:09.456" activeThreads="4">
  <mem-info id="50" free="6291456" total="11534336" percent="54">
    <mem type="eden" free="921568" total="1048576" percent="87" />
    <remembered-set count="2368" freebytes="450944" totalbytes="460416" percent="97" regionsoverflowed="0" regionsstable="0" regionsrebuilding="0"/>
  </mem-info>
</gc-end>
<cycle-end id="51" type="partial gc" contextid="43" timestamp="2019-06-15T02:19:09.456" />
  <attribute name="elasticGC enabled" value="1" />
  <attribute name= "numThreadsSpecified" value="4" />
  <attribute name="heapSize specified" value="0" />
  <attribute name="Current GC Util" value="106" />
  <attribute name= "Current Time Running" value="890" />
  <attribute name ="GC Interval" value="0" />
  <attribute name="ProportionalT" value="43.000000" />
  <attribute name="ProportionalI" value="43.000000" />
  <attribute name="ProportionalH" value="43.000000" />
  <attribute name="Current Error" value="86.000000" />
  <attribute name="IntegralT" value="430.000000" />
  <attribute name="IntegralI" value="430.000000" />
  <attribute name="IntegralH" value="430.000000" />
  <attribute name="DerivativeT" value="9.000000" />
  <attribute name="DerivativeI" value="9.000000" />
  <attribute name="DerivativeH" value="9.000000" />
  <attribute name="Loop Time for DT" value="5.000000" />
  <attribute name="Output H" value="8388608"/>
  <attribute name="Output I" value="488"/>
  <attribute name="Output T" value="4"/>
  <attribute name="Target GC Util Change" value ="20.000000" />
  <attribute name="Current GC Util Change" value="106.000000"/>
  <attribute name="GC Util currently" value="106" />
  <attribute name="CPU Util currently" value="848811301296" />
<exclusive-end id="52" timestamp="2019-06-15T02:19:09.456" durationms="8.896" />

<exclusive-start id="53" timestamp="2019-06-15T02:19:09.490" intervalms="42.941">
  <response-info timems="0.221" idlems="0.221" threads="0" lastid="0000000002030D00" lastname="Thread-9" />
</exclusive-start>
<allocation-taxation id="54" taxation-threshold="3145728" timestamp="2019-06-15T02:19:09.490" intervalms="42.884" />
<gc-start id="55" type="global mark phase" contextid="32" timestamp="2019-06-15T02:19:09.491">
  <mem-info id="56" free="3145728" total="11534336" percent="27">
    <remembered-set count="1600" freebytes="454016" totalbytes="460416" percent="98" regionsoverflowed="0" regionsstable="1" regionsrebuilding="0"/>
  </mem-info>
</gc-start>
<gc-op id="57" type="mark increment" timems="1.941" contextid="32" timestamp="2019-06-15T02:19:09.493">
  <trace-info objectcount="19311" scancount="19226" scanbytes="988412" />
  <cardclean-info objects="767" bytes="33792" />
  <finalization candidates="124" enqueued="0" />
  <ownableSynchronizers candidates="3" cleared="0" />
  <references type="soft" candidates="149" cleared="0" enqueued="0" dynamicThreshold="17" maxThreshold="32" />
  <references type="weak" candidates="773" cleared="0" enqueued="0" />
  <references type="phantom" candidates="66" cleared="2" enqueued="2" />
  <stringconstants candidates="4596" cleared="0"  />
</gc-op>
<gc-op id="58" type="classunload" timems="0.005" contextid="32" timestamp="2019-06-15T02:19:09.493">
  <classunload-info classloadercandidates="8" classloadersunloaded="0" classesunloaded="0" anonymousclassesunloaded="0" quiescems="0.000" setupms="0.004" scanms="0.000" postms="0.000" />
</gc-op>
<gc-end id="59" type="global mark phase" contextid="32" durationms="2.369" usertimems="0.000" systemtimems="4.000" timestamp="2019-06-15T02:19:09.493" activeThreads="4">
  <mem-info id="60" free="3145728" total="11534336" percent="27">
    <pending-finalizers system="0" default="0" reference="2" classloader="0" />
    <remembered-set count="1600" freebytes="454016" totalbytes="460416" percent="98" regionsoverflowed="0" regionsstable="1" regionsrebuilding="0"/>
  </mem-info>
</gc-end>
<cycle-end id="61" type="global mark phase" contextid="32" timestamp="2019-06-15T02:19:09.493" />
  <attribute name="elasticGC enabled" value="1" />
  <attribute name= "numThreadsSpecified" value="4" />
  <attribute name="heapSize specified" value="0" />
  <attribute name="Current GC Util" value="0" />
  <attribute name= "Current Time Running" value="928" />
  <attribute name ="GC Interval" value="0" />
  <attribute name="ProportionalT" value="-10.000000" />
  <attribute name="ProportionalI" value="-10.000000" />
  <attribute name="ProportionalH" value="-10.000000" />
  <attribute name="Current Error" value="-20.000000" />
  <attribute name="IntegralT" value="-20.000000" />
  <attribute name="IntegralI" value="-20.000000" />
  <attribute name="IntegralH" value="-20.000000" />
  <attribute name="DerivativeT" value="-78.000000" />
  <attribute name="DerivativeI" value="-78.000000" />
  <attribute name="DerivativeH" value="-78.000000" />
  <attribute name="Loop Time for DT" value="1.000000" />
  <attribute name="Output H" value="2091843584"/>
  <attribute name="Output I" value="200"/>
  <attribute name="Output T" value="4"/>
  <attribute name="Target GC Util Change" value ="20.000000" />
  <attribute name="Current GC Util Change" value="0.000000"/>
  <attribute name="GC Util currently" value="0" />
  <attribute name="CPU Util currently" value="6360358446363" />
<exclusive-end id="62" timestamp="2019-06-15T02:19:09.493" durationms="2.912" />

<exclusive-start id="63" timestamp="2019-06-15T02:19:09.525" intervalms="35.148">
  <response-info timems="0.313" idlems="0.313" threads="0" lastid="000000000203C100" lastname="Thread-10" />
</exclusive-start>
<allocation-taxation id="64" taxation-threshold="3145728" timestamp="2019-06-15T02:19:09.526" intervalms="35.178" />
<cycle-start id="65" type="partial gc" contextid="0" timestamp="2019-06-15T02:19:09.526" intervalms="78.002" />
<gc-start id="66" type="partial gc" contextid="65" timestamp="2019-06-15T02:19:09.526">
  <mem-info id="67" free="0" total="11534336" percent="0">
    <mem type="eden" free="921568" total="7340032" percent="12" />
    <remembered-set count="1600" freebytes="454016" totalbytes="460416" percent="98" regionsoverflowed="0" regionsstable="1" regionsrebuilding="0"/>
  </mem-info>
</gc-start>
<allocation-stats totalBytes="6284392" >
  <allocated-bytes non-tlh="536032" tlh="5748360" arrayletleaf="0"/>
  <largest-consumer threadName="Thread-7" threadId="0000000002038500" bytes="962440" />
</allocation-stats>
<gc-op id="68" type="sweep" timems="0.554" contextid="65" timestamp="2019-06-15T02:19:09.527" />
<gc-op id="69" type="copy forward" timems="2.714" contextid="65" timestamp="2019-06-15T02:19:09.530">
  <memory-copied type="eden" objects="1668" bytes="67776" bytesdiscarded="4801" />
  <memory-copied type="other" objects="19199" bytes="1308544" bytesdiscarded="94287" />
  <memory-cardclean objects="300" bytes="14400" />
  <memory-traced type="eden" objects="380" bytes="9864" />
  <memory-traced type="other" objects="0" bytes="0" />
  <regions eden="3" other="3" evacuated="5" marked="1" />
  <remembered-set-cleared processed="914" cleared="29" durationms="0.064" />
  <stringconstants candidates="4596" cleared="0"  />
  <heap-resize type="expand" space="default" amount="2097152" count="2" timems="0.298" reason="continue current collection" />
</gc-op>
<gc-op id="70" type="classunload" timems="0.003" contextid="65" timestamp="2019-06-15T02:19:09.531">
  <classunload-info classloadercandidates="8" classloadersunloaded="0" classesunloaded="0" anonymousclassesunloaded="0" quiescems="0.000" setupms="0.003" scanms="0.000" postms="0.000" />
</gc-op>
<gc-op id="71" type="sweep" timems="0.473" contextid="65" timestamp="2019-06-15T02:19:09.531" />
<gc-op id="72" type="compact" timems="1.031" contextid="65" timestamp="2019-06-15T02:19:09.533">
  <compact-info movecount="380" movebytes="9864" />
  <remembered-set-cleared processed="1944" cleared="62" durationms="0.067" />
</gc-op>
<heap-resize id="73" type="expand" space="default" amount="3145728" count="1" timems="0.071" reason="excessive time being spent in gc" timestamp="2019-06-15T02:19:09.533" />
<gc-end id="74" type="partial gc" contextid="65" durationms="7.043" usertimems="12.000" systemtimems="0.000" timestamp="2019-06-15T02:19:09.533" activeThreads="4">
  <mem-info id="75" free="8388608" total="16777216" percent="50">
    <mem type="eden" free="2708992" total="4194304" percent="64" />
    <remembered-set count="2336" freebytes="660352" totalbytes="669696" percent="98" regionsoverflowed="0" regionsstable="1" regionsrebuilding="0"/>
  </mem-info>
</gc-end>
<cycle-end id="76" type="partial gc" contextid="65" timestamp="2019-06-15T02:19:09.533" />
  <attribute name="elasticGC enabled" value="1" />
  <attribute name= "numThreadsSpecified" value="4" />
  <attribute name="heapSize specified" value="0" />
  <attribute name="Current GC Util" value="22" />
  <attribute name= "Current Time Running" value="967" />
  <attribute name ="GC Interval" value="0" />
  <attribute name="ProportionalT" value="1.000000" />
  <attribute name="ProportionalI" value="1.000000" />
  <attribute name="ProportionalH" value="1.000000" />
  <attribute name="Current Error" value="2.000000" />
  <attribute name="IntegralT" value="0.000000" />
  <attribute name="IntegralI" value="0.000000" />
  <attribute name="IntegralH" value="0.000000" />
  <attribute name="DerivativeT" value="-inf" />
  <attribute name="DerivativeI" value="-inf" />
  <attribute name="DerivativeH" value="-inf" />
  <attribute name="Loop Time for DT" value="0.000000" />
  <attribute name="Output H" value="2091843584"/>
  <attribute name="Output I" value="200"/>
  <attribute name="Output T" value="4"/>
  <attribute name="Target GC Util Change" value ="20.000000" />
  <attribute name="Current GC Util Change" value="22.000000"/>
  <attribute name="GC Util currently" value="22" />
  <attribute name="CPU Util currently" value="6227951547089" />
<exclusive-end id="77" timestamp="2019-06-15T02:19:09.534" durationms="8.169" />

<exclusive-start id="78" timestamp="2019-06-15T02:19:09.571" intervalms="45.859">
  <response-info timems="0.077" idlems="0.049" threads="1" lastid="0000000002030D00" lastname="Thread-9" />
</exclusive-start>
<allocation-taxation id="79" taxation-threshold="8388608" timestamp="2019-06-15T02:19:09.571" intervalms="45.880" />
<cycle-start id="80" type="partial gc" contextid="0" timestamp="2019-06-15T02:19:09.572" intervalms="46.059" />
<gc-start id="81" type="partial gc" contextid="80" timestamp="2019-06-15T02:19:09.572">
  <mem-info id="82" free="0" total="16777216" percent="0">
    <mem type="eden" free="1038712" total="9437184" percent="11" />
    <remembered-set count="2336" freebytes="660352" totalbytes="669696" percent="98" regionsoverflowed="0" regionsstable="1" regionsrebuilding="0"/>
  </mem-info>
</gc-start>
<allocation-stats totalBytes="8387040" >
  <allocated-bytes non-tlh="0" tlh="8387040" arrayletleaf="0"/>
  <largest-consumer threadName="Thread-7" threadId="0000000002038500" bytes="3194344" />
</allocation-stats>
<gc-op id="83" type="mark" timems="1.605" contextid="80" timestamp="2019-06-15T02:19:09.574">
  <trace-info objectcount="24426" scancount="24341" scanbytes="1139260" />
  <cardclean-info objects="46" bytes="3076" />
  <remembered-set-cleared processed="1011" cleared="110" durationms="0.062" />
  <stringconstants candidates="4596" cleared="0"  />
  <warning details="Mark invoked due to insufficient free space for Copy-Forward" />
</gc-op>
<gc-op id="84" type="classunload" timems="0.002" contextid="80" timestamp="2019-06-15T02:19:09.574">
  <classunload-info classloadercandidates="8" classloadersunloaded="0" classesunloaded="0" anonymousclassesunloaded="0" quiescems="0.000" setupms="0.002" scanms="0.000" postms="0.000" />
</gc-op>
<gc-op id="85" type="sweep" timems="0.457" contextid="80" timestamp="2019-06-15T02:19:09.575" />
<gc-op id="86" type="compact" timems="2.418" contextid="80" timestamp="2019-06-15T02:19:09.578">
  <compact-info movecount="24323" movebytes="1460360" />
  <remembered-set-cleared processed="2162" cleared="360" durationms="0.062" />
</gc-op>
<heap-resize id="87" type="expand" space="default" amount="2097152" count="1" timems="0.063" reason="excessive time being spent in gc" timestamp="2019-06-15T02:19:09.578" />
<gc-end id="88" type="partial gc" contextid="80" durationms="6.069" usertimems="12.000" systemtimems="0.000" timestamp="2019-06-15T02:19:09.578" activeThreads="4">
  <mem-info id="89" free="11534336" total="18874368" percent="61">
    <mem type="eden" free="968032" total="2097152" percent="46" />
    <remembered-set count="2624" freebytes="742912" totalbytes="753408" percent="98" regionsoverflowed="0" regionsstable="1" regionsrebuilding="0"/>
  </mem-info>
</gc-end>
<cycle-end id="90" type="partial gc" contextid="80" timestamp="2019-06-15T02:19:09.578" />
  <attribute name="elasticGC enabled" value="1" />
  <attribute name= "numThreadsSpecified" value="4" />
  <attribute name="heapSize specified" value="0" />
  <attribute name="Current GC Util" value="23" />
  <attribute name= "Current Time Running" value="1011" />
  <attribute name ="GC Interval" value="0" />
  <attribute name="ProportionalT" value="1.500000" />
  <attribute name="ProportionalI" value="1.500000" />
  <attribute name="ProportionalH" value="1.500000" />
  <attribute name="Current Error" value="3.000000" />
  <attribute name="IntegralT" value="3.000000" />
  <attribute name="IntegralI" value="3.000000" />
  <attribute name="IntegralH" value="3.000000" />
  <attribute name="DerivativeT" value="3.000000" />
  <attribute name="DerivativeI" value="3.000000" />
  <attribute name="DerivativeH" value="3.000000" />
  <attribute name="Loop Time for DT" value="1.000000" />
  <attribute name="Output H" value="8388608"/>
  <attribute name="Output I" value="200"/>
  <attribute name="Output T" value="4"/>
  <attribute name="Target GC Util Change" value ="20.000000" />
  <attribute name="Current GC Util Change" value="23.000000"/>
  <attribute name="GC Util currently" value="23" />
  <attribute name="CPU Util currently" value="6408296915774" />
<exclusive-end id="91" timestamp="2019-06-15T02:19:09.579" durationms="7.340" />

<exclusive-start id="92" timestamp="2019-06-15T02:19:09.600" intervalms="28.820">
  <response-info timems="0.178" idlems="0.178" threads="0" lastid="0000000002034900" lastname="Thread-8" />
</exclusive-start>
<allocation-taxation id="93" taxation-threshold="11534336" timestamp="2019-06-15T02:19:09.600" intervalms="28.776" />
<cycle-start id="94" type="partial gc" contextid="0" timestamp="2019-06-15T02:19:09.600" intervalms="28.607" />
<gc-start id="95" type="partial gc" contextid="94" timestamp="2019-06-15T02:19:09.601">
  <mem-info id="96" free="0" total="18874368" percent="0">
    <mem type="eden" free="0" total="11534336" percent="0" />
    <remembered-set count="2624" freebytes="742912" totalbytes="753408" percent="98" regionsoverflowed="0" regionsstable="1" regionsrebuilding="0"/>
  </mem-info>
</gc-start>
<allocation-stats totalBytes="11532776" >
  <allocated-bytes non-tlh="0" tlh="11532776" arrayletleaf="0"/>
  <largest-consumer threadName="Thread-7" threadId="0000000002038500" bytes="3784208" />
</allocation-stats>
<gc-op id="97" type="mark" timems="1.094" contextid="94" timestamp="2019-06-15T02:19:09.603">
  <trace-info objectcount="6333" scancount="6332" scanbytes="155964" />
  <cardclean-info objects="7590" bytes="393784" />
  <remembered-set-cleared processed="1196" cleared="212" durationms="0.066" />
  <stringconstants candidates="4596" cleared="0"  />
  <warning details="Mark invoked due to insufficient free space for Copy-Forward" />
</gc-op>
<gc-op id="98" type="classunload" timems="0.002" contextid="94" timestamp="2019-06-15T02:19:09.603">
  <classunload-info classloadercandidates="8" classloadersunloaded="0" classesunloaded="0" anonymousclassesunloaded="0" quiescems="0.000" setupms="0.002" scanms="0.000" postms="0.000" />
</gc-op>
<gc-op id="99" type="sweep" timems="0.455" contextid="94" timestamp="2019-06-15T02:19:09.603" />
<gc-op id="100" type="compact" timems="1.447" contextid="94" timestamp="2019-06-15T02:19:09.605">
  <compact-info movecount="5290" movebytes="128312" />
  <remembered-set-cleared processed="2523" cleared="550" durationms="0.066" />
</gc-op>
<heap-resize id="101" type="expand" space="default" amount="2097152" count="1" timems="0.060" reason="excessive time being spent in gc" timestamp="2019-06-15T02:19:09.605" />
<gc-end id="102" type="partial gc" contextid="94" durationms="4.898" usertimems="8.000" systemtimems="4.000" timestamp="2019-06-15T02:19:09.606" activeThreads="4">
  <mem-info id="103" free="12582912" total="20971520" percent="60">
    <mem type="eden" free="970472" total="1048576" percent="92" />
    <remembered-set count="2912" freebytes="825472" totalbytes="837120" percent="98" regionsoverflowed="0" regionsstable="1" regionsrebuilding="0"/>
  </mem-info>
</gc-end>
<cycle-end id="104" type="partial gc" contextid="94" timestamp="2019-06-15T02:19:09.606" />
  <attribute name="elasticGC enabled" value="1" />
  <attribute name= "numThreadsSpecified" value="4" />
  <attribute name="heapSize specified" value="0" />
  <attribute name="Current GC Util" value="22" />
  <attribute name= "Current Time Running" value="1040" />
  <attribute name ="GC Interval" value="0" />
  <attribute name="ProportionalT" value="1.000000" />
  <attribute name="ProportionalI" value="1.000000" />
  <attribute name="ProportionalH" value="1.000000" />
  <attribute name="Current Error" value="2.000000" />
  <attribute name="IntegralT" value="2.000000" />
  <attribute name="IntegralI" value="2.000000" />
  <attribute name="IntegralH" value="2.000000" />
  <attribute name="DerivativeT" value="2.000000" />
  <attribute name="DerivativeI" value="2.000000" />
  <attribute name="DerivativeH" value="2.000000" />
  <attribute name="Loop Time for DT" value="1.000000" />
  <attribute name="Output H" value="8388608"/>
  <attribute name="Output I" value="200"/>
  <attribute name="Output T" value="4"/>
  <attribute name="Target GC Util Change" value ="20.000000" />
  <attribute name="Current GC Util Change" value="22.000000"/>
  <attribute name="GC Util currently" value="22" />
  <attribute name="CPU Util currently" value="6405662170243" />
<exclusive-end id="105" timestamp="2019-06-15T02:19:09.606" durationms="5.819" />

<exclusive-start id="106" timestamp="2019-06-15T02:19:09.621" intervalms="20.971">
  <response-info timems="0.073" idlems="0.042" threads="1" lastid="0000000001CE6F00" lastname="JIT Compilation Thread-1" />
</exclusive-start>
<allocation-taxation id="107" taxation-threshold="11534336" timestamp="2019-06-15T02:19:09.621" intervalms="20.993" />
<cycle-start id="108" type="partial gc" contextid="0" timestamp="2019-06-15T02:19:09.621" intervalms="21.047" />
<gc-start id="109" type="partial gc" contextid="108" timestamp="2019-06-15T02:19:09.622">
  <mem-info id="110" free="1048576" total="20971520" percent="5">
    <mem type="eden" free="0" total="11534336" percent="0" />
    <remembered-set count="2912" freebytes="825472" totalbytes="837120" percent="98" regionsoverflowed="0" regionsstable="1" regionsrebuilding="0"/>
  </mem-info>
</gc-start>
<allocation-stats totalBytes="11532928" >
  <allocated-bytes non-tlh="0" tlh="11532928" arrayletleaf="0"/>
  <largest-consumer threadName="Thread-7" threadId="0000000002038500" bytes="3624520" />
</allocation-stats>
<gc-op id="111" type="copy forward" timems="1.357" contextid="108" timestamp="2019-06-15T02:19:09.624">
  <memory-copied type="eden" objects="2086" bytes="51592" bytesdiscarded="0" />
  <memory-copied type="other" objects="2944" bytes="70680" bytesdiscarded="0" />
  <memory-cardclean objects="7211" bytes="359048" />
  <regions eden="11" other="1" />
  <remembered-set-cleared processed="1847" cleared="465" durationms="0.075" />
  <stringconstants candidates="4596" cleared="0"  />
  <heap-resize type="expand" space="default" amount="1048576" count="1" timems="0.054" reason="continue current collection" />
</gc-op>
<gc-op id="112" type="classunload" timems="0.002" contextid="108" timestamp="2019-06-15T02:19:09.624">
  <classunload-info classloadercandidates="8" classloadersunloaded="0" classesunloaded="0" anonymousclassesunloaded="0" quiescems="0.000" setupms="0.002" scanms="0.000" postms="0.000" />
</gc-op>
<heap-resize id="113" type="expand" space="default" amount="2097152" count="1" timems="0.057" reason="excessive time being spent in gc" timestamp="2019-06-15T02:19:09.624" />
<gc-end id="114" type="partial gc" contextid="108" durationms="2.685" usertimems="0.000" systemtimems="0.000" timestamp="2019-06-15T02:19:09.624" activeThreads="1">
  <mem-info id="115" free="14680064" total="24117248" percent="60">
    <mem type="eden" free="996984" total="1048576" percent="95" />
    <remembered-set count="3488" freebytes="948736" totalbytes="962688" percent="98" regionsoverflowed="0" regionsstable="1" regionsrebuilding="0"/>
  </mem-info>
</gc-end>
<cycle-end id="116" type="partial gc" contextid="108" timestamp="2019-06-15T02:19:09.625" />
  <attribute name="elasticGC enabled" value="1" />
  <attribute name= "numThreadsSpecified" value="1" />
  <attribute name="heapSize specified" value="0" />
  <attribute name="Current GC Util" value="43" />
  <attribute name= "Current Time Running" value="1058" />
  <attribute name ="GC Interval" value="0" />
  <attribute name="ProportionalT" value="11.500000" />
  <attribute name="ProportionalI" value="11.500000" />
  <attribute name="ProportionalH" value="11.500000" />
  <attribute name="Current Error" value="23.000000" />
  <attribute name="IntegralT" value="0.000000" />
  <attribute name="IntegralI" value="0.000000" />
  <attribute name="IntegralH" value="0.000000" />
  <attribute name="DerivativeT" value="inf" />
  <attribute name="DerivativeI" value="inf" />
  <attribute name="DerivativeH" value="inf" />
  <attribute name="Loop Time for DT" value="0.000000" />
  <attribute name="Output H" value="8388608"/>
  <attribute name="Output I" value="200"/>
  <attribute name="Output T" value="1"/>
  <attribute name="Target GC Util Change" value ="20.000000" />
  <attribute name="Current GC Util Change" value="43.000000"/>
  <attribute name="GC Util currently" value="43" />
  <attribute name="CPU Util currently" value="16851635644657" />
<exclusive-end id="117" timestamp="2019-06-15T02:19:09.625" durationms="3.796" />

<exclusive-start id="118" timestamp="2019-06-15T02:19:09.644" intervalms="22.668">
  <response-info timems="0.201" idlems="0.201" threads="0" lastid="0000000002030D00" lastname="Thread-9" />
</exclusive-start>
<allocation-taxation id="119" taxation-threshold="12582912" timestamp="2019-06-15T02:19:09.644" intervalms="22.728" />
<cycle-start id="120" type="partial gc" contextid="0" timestamp="2019-06-15T02:19:09.644" intervalms="22.721" />
<gc-start id="121" type="partial gc" contextid="120" timestamp="2019-06-15T02:19:09.644">
  <mem-info id="122" free="2097152" total="24117248" percent="8">
    <mem type="eden" free="0" total="12582912" percent="0" />
    <remembered-set count="3488" freebytes="948736" totalbytes="962688" percent="98" regionsoverflowed="0" regionsstable="1" regionsrebuilding="0"/>
  </mem-info>
</gc-start>
<allocation-stats totalBytes="12581112" >
  <allocated-bytes non-tlh="256" tlh="12580856" arrayletleaf="0"/>
  <largest-consumer threadName="Thread-7" threadId="0000000002038500" bytes="4853080" />
</allocation-stats>
<gc-op id="123" type="copy forward" timems="1.407" contextid="120" timestamp="2019-06-15T02:19:09.647">
  <memory-copied type="eden" objects="2480" bytes="79752" bytesdiscarded="0" />
  <memory-copied type="other" objects="1784" bytes="42816" bytesdiscarded="0" />
  <memory-cardclean objects="5442" bytes="273240" />
  <regions eden="12" other="1" />
  <remembered-set-cleared processed="2409" cleared="542" durationms="0.090" />
  <stringconstants candidates="4597" cleared="0"  />
</gc-op>
<gc-op id="124" type="classunload" timems="0.003" contextid="120" timestamp="2019-06-15T02:19:09.647">
  <classunload-info classloadercandidates="8" classloadersunloaded="0" classesunloaded="0" anonymousclassesunloaded="0" quiescems="0.000" setupms="0.003" scanms="0.000" postms="0.000" />
</gc-op>
<heap-resize id="125" type="expand" space="default" amount="2097152" count="1" timems="0.068" reason="excessive time being spent in gc" timestamp="2019-06-15T02:19:09.647" />
<gc-end id="126" type="partial gc" contextid="120" durationms="2.736" usertimems="0.000" systemtimems="0.000" timestamp="2019-06-15T02:19:09.647" activeThreads="1">
  <mem-info id="127" free="15728640" total="26214400" percent="60">
    <mem type="eden" free="968824" total="1048576" percent="92" />
    <remembered-set count="3968" freebytes="1030528" totalbytes="1046400" percent="98" regionsoverflowed="0" regionsstable="1" regionsrebuilding="0"/>
  </mem-info>
</gc-end>
<cycle-end id="128" type="partial gc" contextid="120" timestamp="2019-06-15T02:19:09.647" />
  <attribute name="elasticGC enabled" value="1" />
  <attribute name= "numThreadsSpecified" value="1" />
  <attribute name="heapSize specified" value="0" />
  <attribute name="Current GC Util" value="49" />
  <attribute name= "Current Time Running" value="1081" />
  <attribute name ="GC Interval" value="0" />
  <attribute name="ProportionalT" value="14.500000" />
  <attribute name="ProportionalI" value="14.500000" />
  <attribute name="ProportionalH" value="14.500000" />
  <attribute name="Current Error" value="29.000000" />
  <attribute name="IntegralT" value="0.000000" />
  <attribute name="IntegralI" value="0.000000" />
  <attribute name="IntegralH" value="0.000000" />
  <attribute name="DerivativeT" value="inf" />
  <attribute name="DerivativeI" value="inf" />
  <attribute name="DerivativeH" value="inf" />
  <attribute name="Loop Time for DT" value="0.000000" />
  <attribute name="Output H" value="8388608"/>
  <attribute name="Output I" value="200"/>
  <attribute name="Output T" value="1"/>
  <attribute name="Target GC Util Change" value ="20.000000" />
  <attribute name="Current GC Util Change" value="49.000000"/>
  <attribute name="GC Util currently" value="49" />
  <attribute name="CPU Util currently" value="15969713713349" />
<exclusive-end id="129" timestamp="2019-06-15T02:19:09.648" durationms="3.910" />

<exclusive-start id="130" timestamp="2019-06-15T02:19:09.667" intervalms="23.129">
  <response-info timems="0.031" idlems="0.031" threads="0" lastid="0000000002030D00" lastname="Thread-9" />
</exclusive-start>
<allocation-taxation id="131" taxation-threshold="13631488" timestamp="2019-06-15T02:19:09.667" intervalms="23.093" />
<cycle-start id="132" type="partial gc" contextid="0" timestamp="2019-06-15T02:19:09.667" intervalms="23.091" />
<gc-start id="133" type="partial gc" contextid="132" timestamp="2019-06-15T02:19:09.668">
  <mem-info id="134" free="2097152" total="26214400" percent="8">
    <mem type="eden" free="0" total="13631488" percent="0" />
    <remembered-set count="3872" freebytes="1030912" totalbytes="1046400" percent="98" regionsoverflowed="0" regionsstable="1" regionsrebuilding="0"/>
  </mem-info>
</gc-start>
<allocation-stats totalBytes="13629424" >
  <allocated-bytes non-tlh="0" tlh="13629424" arrayletleaf="0"/>
  <largest-consumer threadName="Thread-7" threadId="0000000002038500" bytes="5078224" />
</allocation-stats>
<gc-op id="135" type="copy forward" timems="1.769" contextid="132" timestamp="2019-06-15T02:19:09.670">
  <memory-copied type="eden" objects="6589" bytes="298568" bytesdiscarded="0" />
  <memory-copied type="other" objects="2302" bytes="74600" bytesdiscarded="0" />
  <memory-cardclean objects="4231" bytes="215800" />
  <regions eden="13" other="1" />
  <remembered-set-cleared processed="2891" cleared="517" durationms="0.096" />
  <stringconstants candidates="4597" cleared="0"  />
</gc-op>
<gc-op id="136" type="classunload" timems="0.003" contextid="132" timestamp="2019-06-15T02:19:09.670">
  <classunload-info classloadercandidates="8" classloadersunloaded="0" classesunloaded="0" anonymousclassesunloaded="0" quiescems="0.000" setupms="0.003" scanms="0.000" postms="0.000" />
</gc-op>
<heap-resize id="137" type="expand" space="default" amount="3145728" count="1" timems="0.080" reason="excessive time being spent in gc" timestamp="2019-06-15T02:19:09.671" />
<gc-end id="138" type="partial gc" contextid="132" durationms="3.284" usertimems="0.000" systemtimems="0.000" timestamp="2019-06-15T02:19:09.671" activeThreads="1">
  <mem-info id="139" free="17825792" total="29360128" percent="60">
    <mem type="eden" free="750008" total="1048576" percent="71" />
    <remembered-set count="4448" freebytes="1154176" totalbytes="1171968" percent="98" regionsoverflowed="0" regionsstable="1" regionsrebuilding="0"/>
  </mem-info>
</gc-end>
<cycle-end id="140" type="partial gc" contextid="132" timestamp="2019-06-15T02:19:09.671" />
  <attribute name="elasticGC enabled" value="1" />
  <attribute name= "numThreadsSpecified" value="1" />
  <attribute name="heapSize specified" value="0" />
  <attribute name="Current GC Util" value="50" />
  <attribute name= "Current Time Running" value="1104" />
  <attribute name ="GC Interval" value="0" />
  <attribute name="ProportionalT" value="15.000000" />
  <attribute name="ProportionalI" value="15.000000" />
  <attribute name="ProportionalH" value="15.000000" />
  <attribute name="Current Error" value="30.000000" />
  <attribute name="IntegralT" value="0.000000" />
  <attribute name="IntegralI" value="0.000000" />
  <attribute name="IntegralH" value="0.000000" />
  <attribute name="DerivativeT" value="inf" />
  <attribute name="DerivativeI" value="inf" />
  <attribute name="DerivativeH" value="inf" />
  <attribute name="Loop Time for DT" value="0.000000" />
  <attribute name="Output H" value="8388608"/>
  <attribute name="Output I" value="200"/>
  <attribute name="Output T" value="1"/>
  <attribute name="Target GC Util Change" value ="20.000000" />
  <attribute name="Current GC Util Change" value="50.000000"/>
  <attribute name="GC Util currently" value="50" />
  <attribute name="CPU Util currently" value="15333849872774" />
<exclusive-end id="141" timestamp="2019-06-15T02:19:09.671" durationms="4.501" />

<exclusive-start id="142" timestamp="2019-06-15T02:19:09.687" intervalms="20.217">
  <response-info timems="0.410" idlems="0.410" threads="0" lastid="000000000203C100" lastname="Thread-10" />
</exclusive-start>
<allocation-taxation id="143" taxation-threshold="13631488" timestamp="2019-06-15T02:19:09.687" intervalms="20.187" />
<cycle-start id="144" type="partial gc" contextid="0" timestamp="2019-06-15T02:19:09.687" intervalms="20.198" />
<gc-start id="145" type="partial gc" contextid="144" timestamp="2019-06-15T02:19:09.688">
  <mem-info id="146" free="4194304" total="29360128" percent="14">
    <mem type="eden" free="0" total="13631488" percent="0" />
    <remembered-set count="4256" freebytes="1154944" totalbytes="1171968" percent="98" regionsoverflowed="0" regionsstable="1" regionsrebuilding="0"/>
  </mem-info>
</gc-start>
<allocation-stats totalBytes="13629440" >
  <allocated-bytes non-tlh="0" tlh="13629440" arrayletleaf="0"/>
  <largest-consumer threadName="Thread-9" threadId="0000000002030D00" bytes="3792376" />
</allocation-stats>
<gc-op id="147" type="copy forward" timems="1.550" contextid="144" timestamp="2019-06-15T02:19:09.690">
  <memory-copied type="eden" objects="2078" bytes="50656" bytesdiscarded="0" />
  <memory-copied type="other" objects="6414" bytes="293440" bytesdiscarded="0" />
  <memory-cardclean objects="3963" bytes="202832" />
  <regions eden="13" other="1" />
  <remembered-set-cleared processed="3341" cleared="511" durationms="0.099" />
  <stringconstants candidates="4597" cleared="0"  />
</gc-op>
<gc-op id="148" type="classunload" timems="0.003" contextid="144" timestamp="2019-06-15T02:19:09.690">
  <classunload-info classloadercandidates="8" classloadersunloaded="0" classesunloaded="0" anonymousclassesunloaded="0" quiescems="0.000" setupms="0.002" scanms="0.000" postms="0.000" />
</gc-op>
<heap-resize id="149" type="expand" space="default" amount="2097152" count="1" timems="0.070" reason="excessive time being spent in gc" timestamp="2019-06-15T02:19:09.691" />
<gc-end id="150" type="partial gc" contextid="144" durationms="3.038" usertimems="0.000" systemtimems="0.000" timestamp="2019-06-15T02:19:09.691" activeThreads="1">
  <mem-info id="151" free="18874368" total="31457280" percent="60">
    <mem type="eden" free="997920" total="1048576" percent="95" />
    <remembered-set count="4992" freebytes="1235712" totalbytes="1255680" percent="98" regionsoverflowed="0" regionsstable="1" regionsrebuilding="0"/>
  </mem-info>
</gc-end>
<cycle-end id="152" type="partial gc" contextid="144" timestamp="2019-06-15T02:19:09.691" />
  <attribute name="elasticGC enabled" value="1" />
  <attribute name= "numThreadsSpecified" value="1" />
  <attribute name="heapSize specified" value="0" />
  <attribute name="Current GC Util" value="51" />
  <attribute name= "Current Time Running" value="1124" />
  <attribute name ="GC Interval" value="0" />
  <attribute name="ProportionalT" value="15.500000" />
  <attribute name="ProportionalI" value="15.500000" />
  <attribute name="ProportionalH" value="15.500000" />
  <attribute name="Current Error" value="31.000000" />
  <attribute name="IntegralT" value="0.000000" />
  <attribute name="IntegralI" value="0.000000" />
  <attribute name="IntegralH" value="0.000000" />
  <attribute name="DerivativeT" value="inf" />
  <attribute name="DerivativeI" value="inf" />
  <attribute name="DerivativeH" value="inf" />
  <attribute name="Loop Time for DT" value="0.000000" />
  <attribute name="Output H" value="8388608"/>
  <attribute name="Output I" value="200"/>
  <attribute name="Output T" value="1"/>
  <attribute name="Target GC Util Change" value ="20.000000" />
  <attribute name="Current GC Util Change" value="51.000000"/>
  <attribute name="GC Util currently" value="51" />
  <attribute name="CPU Util currently" value="16191410163017" />
<exclusive-end id="153" timestamp="2019-06-15T02:19:09.691" durationms="4.014" />

<exclusive-start id="154" timestamp="2019-06-15T02:19:09.711" intervalms="24.234">
  <response-info timems="0.031" idlems="0.031" threads="0" lastid="0000000002038500" lastname="Thread-7" />
</exclusive-start>
<allocation-taxation id="155" taxation-threshold="14680064" timestamp="2019-06-15T02:19:09.711" intervalms="24.220" />
<cycle-start id="156" type="partial gc" contextid="0" timestamp="2019-06-15T02:19:09.712" intervalms="24.149" />
<gc-start id="157" type="partial gc" contextid="156" timestamp="2019-06-15T02:19:09.712">
  <mem-info id="158" free="4194304" total="31457280" percent="13">
    <mem type="eden" free="0" total="14680064" percent="0" />
    <remembered-set count="4864" freebytes="1236224" totalbytes="1255680" percent="98" regionsoverflowed="0" regionsstable="1" regionsrebuilding="0"/>
  </mem-info>
</gc-start>
<allocation-stats totalBytes="14678128" >
  <allocated-bytes non-tlh="0" tlh="14678128" arrayletleaf="0"/>
  <largest-consumer threadName="Thread-7" threadId="0000000002038500" bytes="4562376" />
</allocation-stats>
<gc-op id="159" type="copy forward" timems="1.782" contextid="156" timestamp="2019-06-15T02:19:09.714">
  <memory-copied type="eden" objects="2284" bytes="56080" bytesdiscarded="0" />
  <memory-copied type="other" objects="5084" bytes="122016" bytesdiscarded="0" />
  <memory-cardclean objects="10551" bytes="557256" />
  <regions eden="14" other="2" />
  <remembered-set-cleared processed="3191" cleared="1051" durationms="0.096" />
  <stringconstants candidates="4597" cleared="0"  />
</gc-op>
<gc-op id="160" type="classunload" timems="0.003" contextid="156" timestamp="2019-06-15T02:19:09.714">
  <classunload-info classloadercandidates="8" classloadersunloaded="0" classesunloaded="0" anonymousclassesunloaded="0" quiescems="0.000" setupms="0.003" scanms="0.000" postms="0.000" />
</gc-op>
<heap-resize id="161" type="expand" space="default" amount="3145728" count="1" timems="0.067" reason="excessive time being spent in gc" timestamp="2019-06-15T02:19:09.715" />
<gc-end id="162" type="partial gc" contextid="156" durationms="2.889" usertimems="8.000" systemtimems="0.000" timestamp="2019-06-15T02:19:09.715" activeThreads="1">
  <mem-info id="163" free="20971520" total="34603008" percent="60">
    <mem type="eden" free="992496" total="1048576" percent="94" />
    <remembered-set count="5248" freebytes="1360256" totalbytes="1381248" percent="98" regionsoverflowed="0" regionsstable="1" regionsrebuilding="0"/>
  </mem-info>
</gc-end>
<cycle-end id="164" type="partial gc" contextid="156" timestamp="2019-06-15T02:19:09.715" />
  <attribute name="elasticGC enabled" value="1" />
  <attribute name= "numThreadsSpecified" value="1" />
  <attribute name="heapSize specified" value="0" />
  <attribute name="Current GC Util" value="50" />
  <attribute name= "Current Time Running" value="1148" />
  <attribute name ="GC Interval" value="0" />
  <attribute name="ProportionalT" value="15.000000" />
  <attribute name="ProportionalI" value="15.000000" />
  <attribute name="ProportionalH" value="15.000000" />
  <attribute name="Current Error" value="30.000000" />
  <attribute name="IntegralT" value="0.000000" />
  <attribute name="IntegralI" value="0.000000" />
  <attribute name="IntegralH" value="0.000000" />
  <attribute name="DerivativeT" value="inf" />
  <attribute name="DerivativeI" value="inf" />
  <attribute name="DerivativeH" value="inf" />
  <attribute name="Loop Time for DT" value="0.000000" />
  <attribute name="Output H" value="8388608"/>
  <attribute name="Output I" value="200"/>
  <attribute name="Output T" value="1"/>
  <attribute name="Target GC Util Change" value ="20.000000" />
  <attribute name="Current GC Util Change" value="50.000000"/>
  <attribute name="GC Util currently" value="50" />
  <attribute name="CPU Util currently" value="17228547902115" />
<exclusive-end id="165" timestamp="2019-06-15T02:19:09.715" durationms="3.707" />

<exclusive-start id="166" timestamp="2019-06-15T02:19:09.742" intervalms="30.671">
  <response-info timems="0.050" idlems="0.050" threads="0" lastid="0000000002038500" lastname="Thread-7" />
</exclusive-start>
<allocation-taxation id="167" taxation-threshold="15728640" timestamp="2019-06-15T02:19:09.742" intervalms="30.691" />
<cycle-start id="168" type="partial gc" contextid="0" timestamp="2019-06-15T02:19:09.742" intervalms="30.686" />
<gc-start id="169" type="partial gc" contextid="168" timestamp="2019-06-15T02:19:09.743">
  <mem-info id="170" free="5242880" total="34603008" percent="15">
    <mem type="eden" free="0" total="15728640" percent="0" />
    <remembered-set count="5248" freebytes="1360256" totalbytes="1381248" percent="98" regionsoverflowed="0" regionsstable="1" regionsrebuilding="0"/>
  </mem-info>
</gc-start>
<allocation-stats totalBytes="15726160" >
  <allocated-bytes non-tlh="0" tlh="15726160" arrayletleaf="0"/>
  <largest-consumer threadName="Thread-7" threadId="0000000002038500" bytes="6855448" />
</allocation-stats>
<gc-op id="171" type="copy forward" timems="2.615" contextid="168" timestamp="2019-06-15T02:19:09.746">
  <memory-copied type="eden" objects="11755" bytes="497232" bytesdiscarded="0" />
  <memory-copied type="other" objects="9057" bytes="402304" bytesdiscarded="0" />
  <memory-cardclean objects="7063" bytes="344248" />
  <regions eden="15" other="2" />
  <remembered-set-cleared processed="4201" cleared="785" durationms="0.108" />
  <references type="soft" candidates="12" cleared="0" enqueued="0" dynamicThreshold="19" maxThreshold="32" />
  <references type="weak" candidates="3" cleared="0" enqueued="0" />
  <stringconstants candidates="4597" cleared="0"  />
</gc-op>
<gc-op id="172" type="classunload" timems="0.004" contextid="168" timestamp="2019-06-15T02:19:09.746">
  <classunload-info classloadercandidates="8" classloadersunloaded="0" classesunloaded="0" anonymousclassesunloaded="0" quiescems="0.000" setupms="0.003" scanms="0.000" postms="0.000" />
</gc-op>
<heap-resize id="173" type="expand" space="default" amount="2097152" count="1" timems="0.130" reason="excessive time being spent in gc" timestamp="2019-06-15T02:19:09.746" />
<gc-end id="174" type="partial gc" contextid="168" durationms="3.699" usertimems="4.000" systemtimems="0.000" timestamp="2019-06-15T02:19:09.746" activeThreads="1">
  <mem-info id="175" free="22020096" total="36700160" percent="60">
    <mem type="eden" free="551344" total="1048576" percent="52" />
    <remembered-set count="5984" freebytes="1441024" totalbytes="1464960" percent="98" regionsoverflowed="0" regionsstable="1" regionsrebuilding="0"/>
  </mem-info>
</gc-end>
<cycle-end id="176" type="partial gc" contextid="168" timestamp="2019-06-15T02:19:09.746" />
  <attribute name="elasticGC enabled" value="1" />
  <attribute name= "numThreadsSpecified" value="1" />
  <attribute name="heapSize specified" value="0" />
  <attribute name="Current GC Util" value="48" />
  <attribute name= "Current Time Running" value="1179" />
  <attribute name ="GC Interval" value="0" />
  <attribute name="ProportionalT" value="14.000000" />
  <attribute name="ProportionalI" value="14.000000" />
  <attribute name="ProportionalH" value="14.000000" />
  <attribute name="Current Error" value="28.000000" />
  <attribute name="IntegralT" value="0.000000" />
  <attribute name="IntegralI" value="0.000000" />
  <attribute name="IntegralH" value="0.000000" />
  <attribute name="DerivativeT" value="inf" />
  <attribute name="DerivativeI" value="inf" />
  <attribute name="DerivativeH" value="inf" />
  <attribute name="Loop Time for DT" value="0.000000" />
  <attribute name="Output H" value="8388608"/>
  <attribute name="Output I" value="200"/>
  <attribute name="Output T" value="1"/>
  <attribute name="Target GC Util Change" value ="20.000000" />
  <attribute name="Current GC Util Change" value="48.000000"/>
  <attribute name="GC Util currently" value="48" />
  <attribute name="CPU Util currently" value="16724641210706" />
<exclusive-end id="177" timestamp="2019-06-15T02:19:09.746" durationms="4.488" />

<exclusive-start id="178" timestamp="2019-06-15T02:19:09.765" intervalms="22.911">
  <response-info timems="0.067" idlems="0.067" threads="0" lastid="0000000002038500" lastname="Thread-7" />
</exclusive-start>
<allocation-taxation id="179" taxation-threshold="15728640" timestamp="2019-06-15T02:19:09.765" intervalms="22.938" />
<cycle-start id="180" type="partial gc" contextid="0" timestamp="2019-06-15T02:19:09.765" intervalms="22.945" />
<gc-start id="181" type="partial gc" contextid="180" timestamp="2019-06-15T02:19:09.765">
  <mem-info id="182" free="6291456" total="36700160" percent="17">
    <mem type="eden" free="0" total="15728640" percent="0" />
    <remembered-set count="5792" freebytes="1441792" totalbytes="1464960" percent="98" regionsoverflowed="0" regionsstable="1" regionsrebuilding="0"/>
  </mem-info>
</gc-start>
<allocation-stats totalBytes="15726720" >
  <allocated-bytes non-tlh="0" tlh="15726720" arrayletleaf="0"/>
  <largest-consumer threadName="Thread-8" threadId="0000000002034900" bytes="5344656" />
</allocation-stats>
<gc-op id="183" type="copy forward" timems="3.053" contextid="180" timestamp="2019-06-15T02:19:09.769">
  <memory-copied type="eden" objects="4851" bytes="177776" bytesdiscarded="0" />
  <memory-copied type="other" objects="20784" bytes="1204192" bytesdiscarded="280" />
  <memory-cardclean objects="3211" bytes="159080" />
  <regions eden="15" other="2" />
  <remembered-set-cleared processed="4695" cleared="2646" durationms="0.105" />
  <stringconstants candidates="4597" cleared="0"  />
</gc-op>
<gc-op id="184" type="classunload" timems="0.002" contextid="180" timestamp="2019-06-15T02:19:09.769">
  <classunload-info classloadercandidates="8" classloadersunloaded="0" classesunloaded="0" anonymousclassesunloaded="0" quiescems="0.000" setupms="0.002" scanms="0.000" postms="0.000" />
</gc-op>
<heap-resize id="185" type="expand" space="default" amount="3145728" count="1" timems="0.067" reason="excessive time being spent in gc" timestamp="2019-06-15T02:19:09.770" />
<gc-end id="186" type="partial gc" contextid="180" durationms="4.195" usertimems="8.000" systemtimems="0.000" timestamp="2019-06-15T02:19:09.770" activeThreads="1">
  <mem-info id="187" free="24117248" total="39845888" percent="60">
    <mem type="eden" free="870800" total="1048576" percent="83" />
    <remembered-set count="5504" freebytes="1568512" totalbytes="1590528" percent="98" regionsoverflowed="0" regionsstable="1" regionsrebuilding="0"/>
  </mem-info>
</gc-end>
<cycle-end id="188" type="partial gc" contextid="180" timestamp="2019-06-15T02:19:09.770" />
  <attribute name="elasticGC enabled" value="1" />
  <attribute name= "numThreadsSpecified" value="1" />
  <attribute name="heapSize specified" value="0" />
  <attribute name="Current GC Util" value="55" />
  <attribute name= "Current Time Running" value="1202" />
  <attribute name ="GC Interval" value="0" />
  <attribute name="ProportionalT" value="17.500000" />
  <attribute name="ProportionalI" value="17.500000" />
  <attribute name="ProportionalH" value="17.500000" />
  <attribute name="Current Error" value="35.000000" />
  <attribute name="IntegralT" value="0.000000" />
  <attribute name="IntegralI" value="0.000000" />
  <attribute name="IntegralH" value="0.000000" />
  <attribute name="DerivativeT" value="inf" />
  <attribute name="DerivativeI" value="inf" />
  <attribute name="DerivativeH" value="inf" />
  <attribute name="Loop Time for DT" value="0.000000" />
  <attribute name="Output H" value="8388608"/>
  <attribute name="Output I" value="200"/>
  <attribute name="Output T" value="1"/>
  <attribute name="Target GC Util Change" value ="20.000000" />
  <attribute name="Current GC Util Change" value="55.000000"/>
  <attribute name="GC Util currently" value="55" />
  <attribute name="CPU Util currently" value="18471865804007" />
<exclusive-end id="189" timestamp="2019-06-15T02:19:09.770" durationms="5.100" />

<exclusive-start id="190" timestamp="2019-06-15T02:19:09.794" intervalms="29.026">
  <response-info timems="0.058" idlems="0.058" threads="0" lastid="0000000002030D00" lastname="Thread-9" />
</exclusive-start>
<allocation-taxation id="191" taxation-threshold="16777216" timestamp="2019-06-15T02:19:09.794" intervalms="28.993" />
<cycle-start id="192" type="partial gc" contextid="0" timestamp="2019-06-15T02:19:09.794" intervalms="28.979" />
<gc-start id="193" type="partial gc" contextid="192" timestamp="2019-06-15T02:19:09.794">
  <mem-info id="194" free="7340032" total="39845888" percent="18">
    <mem type="eden" free="0" total="16777216" percent="0" />
    <remembered-set count="5248" freebytes="1569536" totalbytes="1590528" percent="98" regionsoverflowed="0" regionsstable="1" regionsrebuilding="0"/>
  </mem-info>
</gc-start>
<allocation-stats totalBytes="16775088" >
  <allocated-bytes non-tlh="0" tlh="16775088" arrayletleaf="0"/>
  <largest-consumer threadName="Thread-7" threadId="0000000002038500" bytes="6790416" />
</allocation-stats>
<gc-op id="195" type="copy forward" timems="2.778" contextid="192" timestamp="2019-06-15T02:19:09.798">
  <memory-copied type="eden" objects="3959" bytes="95736" bytesdiscarded="0" />
  <memory-copied type="other" objects="15413" bytes="978024" bytesdiscarded="480" />
  <memory-cardclean objects="5355" bytes="295544" />
  <regions eden="16" other="2" />
  <remembered-set-cleared processed="4383" cleared="2679" durationms="0.100" />
  <stringconstants candidates="4597" cleared="0"  />
</gc-op>
<gc-op id="196" type="classunload" timems="0.003" contextid="192" timestamp="2019-06-15T02:19:09.798">
  <classunload-info classloadercandidates="8" classloadersunloaded="0" classesunloaded="0" anonymousclassesunloaded="0" quiescems="0.000" setupms="0.003" scanms="0.000" postms="0.000" />
</gc-op>
<gc-end id="197" type="partial gc" contextid="192" durationms="3.781" usertimems="8.000" systemtimems="0.000" timestamp="2019-06-15T02:19:09.798" activeThreads="1">
  <mem-info id="198" free="24117248" total="39845888" percent="60">
    <mem type="eden" free="952840" total="1048576" percent="90" />
    <remembered-set count="5248" freebytes="1569536" totalbytes="1590528" percent="98" regionsoverflowed="0" regionsstable="1" regionsrebuilding="0"/>
  </mem-info>
</gc-end>
<cycle-end id="199" type="partial gc" contextid="192" timestamp="2019-06-15T02:19:09.798" />
  <attribute name="elasticGC enabled" value="1" />
  <attribute name= "numThreadsSpecified" value="1" />
  <attribute name="heapSize specified" value="0" />
  <attribute name="Current GC Util" value="48" />
  <attribute name= "Current Time Running" value="1231" />
  <attribute name ="GC Interval" value="0" />
  <attribute name="ProportionalT" value="14.000000" />
  <attribute name="ProportionalI" value="14.000000" />
  <attribute name="ProportionalH" value="14.000000" />
  <attribute name="Current Error" value="28.000000" />
  <attribute name="IntegralT" value="0.000000" />
  <attribute name="IntegralI" value="0.000000" />
  <attribute name="IntegralH" value="0.000000" />
  <attribute name="DerivativeT" value="inf" />
  <attribute name="DerivativeI" value="inf" />
  <attribute name="DerivativeH" value="inf" />
  <attribute name="Loop Time for DT" value="0.000000" />
  <attribute name="Output H" value="8388608"/>
  <attribute name="Output I" value="200"/>
  <attribute name="Output T" value="1"/>
  <attribute name="Target GC Util Change" value ="20.000000" />
  <attribute name="Current GC Util Change" value="48.000000"/>
  <attribute name="GC Util currently" value="48" />
  <attribute name="CPU Util currently" value="16428297697752" />
<exclusive-end id="200" timestamp="2019-06-15T02:19:09.799" durationms="4.620" />

<exclusive-start id="201" timestamp="2019-06-15T02:19:09.820" intervalms="26.002">
  <response-info timems="0.036" idlems="0.036" threads="0" lastid="0000000002034900" lastname="Thread-8" />
</exclusive-start>
<allocation-taxation id="202" taxation-threshold="16777216" timestamp="2019-06-15T02:19:09.820" intervalms="26.010" />
<cycle-start id="203" type="partial gc" contextid="0" timestamp="2019-06-15T02:19:09.820" intervalms="25.997" />
<gc-start id="204" type="partial gc" contextid="203" timestamp="2019-06-15T02:19:09.820">
  <mem-info id="205" free="7340032" total="39845888" percent="18">
    <mem type="eden" free="0" total="16777216" percent="0" />
    <remembered-set count="4832" freebytes="1571200" totalbytes="1590528" percent="98" regionsoverflowed="0" regionsstable="1" regionsrebuilding="0"/>
  </mem-info>
</gc-start>
<allocation-stats totalBytes="16775128" >
  <allocated-bytes non-tlh="0" tlh="16775128" arrayletleaf="0"/>
  <largest-consumer threadName="Thread-8" threadId="0000000002034900" bytes="5729520" />
</allocation-stats>
<gc-op id="206" type="copy forward" timems="3.170" contextid="203" timestamp="2019-06-15T02:19:09.824">
  <memory-copied type="eden" objects="8026" bytes="331368" bytesdiscarded="0" />
  <memory-copied type="other" objects="10836" bytes="723152" bytesdiscarded="376" />
  <memory-cardclean objects="12777" bytes="672328" />
  <regions eden="16" other="2" />
  <remembered-set-cleared processed="2858" cleared="1430" durationms="0.101" />
  <references type="soft" candidates="5" cleared="0" enqueued="0" dynamicThreshold="19" maxThreshold="32" />
  <references type="weak" candidates="13" cleared="0" enqueued="0" />
  <references type="phantom" candidates="2" cleared="0" enqueued="0" />
  <stringconstants candidates="4597" cleared="0"  />
</gc-op>
<gc-op id="207" type="classunload" timems="0.003" contextid="203" timestamp="2019-06-15T02:19:09.824">
  <classunload-info classloadercandidates="8" classloadersunloaded="0" classesunloaded="0" anonymousclassesunloaded="0" quiescems="0.000" setupms="0.003" scanms="0.000" postms="0.000" />
</gc-op>
<gc-end id="208" type="partial gc" contextid="203" durationms="4.122" usertimems="8.000" systemtimems="0.000" timestamp="2019-06-15T02:19:09.825" activeThreads="1">
  <mem-info id="209" free="24117248" total="39845888" percent="60">
    <mem type="eden" free="717208" total="1048576" percent="68" />
    <remembered-set count="5376" freebytes="1569024" totalbytes="1590528" percent="98" regionsoverflowed="0" regionsstable="1" regionsrebuilding="0"/>
  </mem-info>
</gc-end>
<cycle-end id="210" type="partial gc" contextid="203" timestamp="2019-06-15T02:19:09.825" />
  <attribute name="elasticGC enabled" value="1" />
  <attribute name= "numThreadsSpecified" value="1" />
  <attribute name="heapSize specified" value="0" />
  <attribute name="Current GC Util" value="57" />
  <attribute name= "Current Time Running" value="1257" />
  <attribute name ="GC Interval" value="0" />
  <attribute name="ProportionalT" value="18.500000" />
  <attribute name="ProportionalI" value="18.500000" />
  <attribute name="ProportionalH" value="18.500000" />
  <attribute name="Current Error" value="37.000000" />
  <attribute name="IntegralT" value="0.000000" />
  <attribute name="IntegralI" value="0.000000" />
  <attribute name="IntegralH" value="0.000000" />
  <attribute name="DerivativeT" value="inf" />
  <attribute name="DerivativeI" value="inf" />
  <attribute name="DerivativeH" value="inf" />
  <attribute name="Loop Time for DT" value="0.000000" />
  <attribute name="Output H" value="8388608"/>
  <attribute name="Output I" value="200"/>
  <attribute name="Output T" value="1"/>
  <attribute name="Target GC Util Change" value ="20.000000" />
  <attribute name="Current GC Util Change" value="57.000000"/>
  <attribute name="GC Util currently" value="57" />
  <attribute name="CPU Util currently" value="18799421207560" />
<exclusive-end id="211" timestamp="2019-06-15T02:19:09.825" durationms="4.921" />

<exclusive-start id="212" timestamp="2019-06-15T02:19:09.844" intervalms="23.642">
  <response-info timems="0.031" idlems="0.031" threads="0" lastid="0000000002034900" lastname="Thread-8" />
</exclusive-start>
<allocation-taxation id="213" taxation-threshold="16777216" timestamp="2019-06-15T02:19:09.844" intervalms="23.613" />
<cycle-start id="214" type="partial gc" contextid="0" timestamp="2019-06-15T02:19:09.844" intervalms="23.615" />
<gc-start id="215" type="partial gc" contextid="214" timestamp="2019-06-15T02:19:09.844">
  <mem-info id="216" free="7340032" total="39845888" percent="18">
    <mem type="eden" free="0" total="16777216" percent="0" />
    <remembered-set count="5216" freebytes="1569664" totalbytes="1590528" percent="98" regionsoverflowed="0" regionsstable="1" regionsrebuilding="0"/>
  </mem-info>
</gc-start>
<allocation-stats totalBytes="16774816" >
  <allocated-bytes non-tlh="0" tlh="16774816" arrayletleaf="0"/>
  <largest-consumer threadName="Thread-9" threadId="0000000002030D00" bytes="5639288" />
</allocation-stats>
<gc-op id="217" type="copy forward" timems="1.645" contextid="214" timestamp="2019-06-15T02:19:09.846">
  <memory-copied type="eden" objects="2065" bytes="50872" bytesdiscarded="0" />
  <memory-copied type="other" objects="7745" bytes="323256" bytesdiscarded="0" />
  <memory-cardclean objects="5209" bytes="292856" />
  <regions eden="16" other="1" />
  <remembered-set-cleared processed="4395" cleared="700" durationms="0.108" />
  <stringconstants candidates="4597" cleared="0"  />
</gc-op>
<gc-op id="218" type="classunload" timems="0.002" contextid="214" timestamp="2019-06-15T02:19:09.846">
  <classunload-info classloadercandidates="8" classloadersunloaded="0" classesunloaded="0" anonymousclassesunloaded="0" quiescems="0.000" setupms="0.002" scanms="0.000" postms="0.000" />
</gc-op>
<heap-resize id="219" type="expand" space="default" amount="2097152" count="1" timems="0.062" reason="excessive time being spent in gc" timestamp="2019-06-15T02:19:09.847" />
<gc-end id="220" type="partial gc" contextid="214" durationms="2.678" usertimems="4.000" systemtimems="0.000" timestamp="2019-06-15T02:19:09.847" activeThreads="1">
  <mem-info id="221" free="25165824" total="41943040" percent="60">
    <mem type="eden" free="997704" total="1048576" percent="95" />
    <remembered-set count="6144" freebytes="1649664" totalbytes="1674240" percent="98" regionsoverflowed="0" regionsstable="1" regionsrebuilding="0"/>
  </mem-info>
</gc-end>
<cycle-end id="222" type="partial gc" contextid="214" timestamp="2019-06-15T02:19:09.847" />
  <attribute name="elasticGC enabled" value="1" />
  <attribute name= "numThreadsSpecified" value="1" />
  <attribute name="heapSize specified" value="0" />
  <attribute name="Current GC Util" value="54" />
  <attribute name= "Current Time Running" value="1280" />
  <attribute name ="GC Interval" value="0" />
  <attribute name="ProportionalT" value="17.000000" />
  <attribute name="ProportionalI" value="17.000000" />
  <attribute name="ProportionalH" value="17.000000" />
  <attribute name="Current Error" value="34.000000" />
  <attribute name="IntegralT" value="0.000000" />
  <attribute name="IntegralI" value="0.000000" />
  <attribute name="IntegralH" value="0.000000" />
  <attribute name="DerivativeT" value="inf" />
  <attribute name="DerivativeI" value="inf" />
  <attribute name="DerivativeH" value="inf" />
  <attribute name="Loop Time for DT" value="0.000000" />
  <attribute name="Output H" value="8388608"/>
  <attribute name="Output I" value="200"/>
  <attribute name="Output T" value="1"/>
  <attribute name="Target GC Util Change" value ="20.000000" />
  <attribute name="Current GC Util Change" value="54.000000"/>
  <attribute name="GC Util currently" value="54" />
  <attribute name="CPU Util currently" value="19422532076827" />
<exclusive-end id="223" timestamp="2019-06-15T02:19:09.847" durationms="3.347" />

<exclusive-start id="224" timestamp="2019-06-15T02:19:09.867" intervalms="23.061">
  <response-info timems="0.036" idlems="0.036" threads="0" lastid="0000000002034900" lastname="Thread-8" />
</exclusive-start>
<allocation-taxation id="225" taxation-threshold="16777216" timestamp="2019-06-15T02:19:09.867" intervalms="23.050" />
<cycle-start id="226" type="partial gc" contextid="0" timestamp="2019-06-15T02:19:09.867" intervalms="23.055" />
<gc-start id="227" type="partial gc" contextid="226" timestamp="2019-06-15T02:19:09.867">
  <mem-info id="228" free="8388608" total="41943040" percent="20">
    <mem type="eden" free="0" total="16777216" percent="0" />
    <remembered-set count="5728" freebytes="1651328" totalbytes="1674240" percent="98" regionsoverflowed="0" regionsstable="1" regionsrebuilding="0"/>
  </mem-info>
</gc-start>
<allocation-stats totalBytes="16775024" >
  <allocated-bytes non-tlh="0" tlh="16775024" arrayletleaf="0"/>
  <largest-consumer threadName="Thread-8" threadId="0000000002034900" bytes="5762320" />
</allocation-stats>
<gc-op id="229" type="copy forward" timems="1.346" contextid="226" timestamp="2019-06-15T02:19:09.869">
  <memory-copied type="eden" objects="2531" bytes="61568" bytesdiscarded="0" />
  <memory-copied type="other" objects="1813" bytes="43512" bytesdiscarded="0" />
  <memory-cardclean objects="6654" bytes="376688" />
  <regions eden="16" other="1" />
  <remembered-set-cleared processed="4859" cleared="566" durationms="0.109" />
  <stringconstants candidates="4597" cleared="0"  />
</gc-op>
<gc-op id="230" type="classunload" timems="0.003" contextid="226" timestamp="2019-06-15T02:19:09.869">
  <classunload-info classloadercandidates="8" classloadersunloaded="0" classesunloaded="0" anonymousclassesunloaded="0" quiescems="0.000" setupms="0.003" scanms="0.000" postms="0.000" />
</gc-op>
<heap-resize id="231" type="expand" space="default" amount="3145728" count="1" timems="0.066" reason="excessive time being spent in gc" timestamp="2019-06-15T02:19:09.869" />
<gc-end id="232" type="partial gc" contextid="226" durationms="2.270" usertimems="0.000" systemtimems="4.000" timestamp="2019-06-15T02:19:09.869" activeThreads="1">
  <mem-info id="233" free="27262976" total="45088768" percent="60">
    <mem type="eden" free="987008" total="1048576" percent="94" />
    <remembered-set count="6784" freebytes="1772672" totalbytes="1799808" percent="98" regionsoverflowed="0" regionsstable="1" regionsrebuilding="0"/>
  </mem-info>
</gc-end>
<cycle-end id="234" type="partial gc" contextid="226" timestamp="2019-06-15T02:19:09.869" />
  <attribute name="elasticGC enabled" value="1" />
  <attribute name= "numThreadsSpecified" value="1" />
  <attribute name="heapSize specified" value="0" />
  <attribute name="Current GC Util" value="50" />
  <attribute name= "Current Time Running" value="1303" />
  <attribute name ="GC Interval" value="0" />
  <attribute name="ProportionalT" value="15.000000" />
  <attribute name="ProportionalI" value="15.000000" />
  <attribute name="ProportionalH" value="15.000000" />
  <attribute name="Current Error" value="30.000000" />
  <attribute name="IntegralT" value="0.000000" />
  <attribute name="IntegralI" value="0.000000" />
  <attribute name="IntegralH" value="0.000000" />
  <attribute name="DerivativeT" value="inf" />
  <attribute name="DerivativeI" value="inf" />
  <attribute name="DerivativeH" value="inf" />
  <attribute name="Loop Time for DT" value="0.000000" />
  <attribute name="Output H" value="8388608"/>
  <attribute name="Output I" value="200"/>
  <attribute name="Output T" value="1"/>
  <attribute name="Target GC Util Change" value ="20.000000" />
  <attribute name="Current GC Util Change" value="50.000000"/>
  <attribute name="GC Util currently" value="50" />
  <attribute name="CPU Util currently" value="20999626681426" />
<exclusive-end id="235" timestamp="2019-06-15T02:19:09.870" durationms="2.971" />

<exclusive-start id="236" timestamp="2019-06-15T02:19:09.891" intervalms="23.930">
  <response-info timems="0.039" idlems="0.039" threads="0" lastid="0000000002034900" lastname="Thread-8" />
</exclusive-start>
<allocation-taxation id="237" taxation-threshold="17825792" timestamp="2019-06-15T02:19:09.891" intervalms="23.941" />
<cycle-start id="238" type="partial gc" contextid="0" timestamp="2019-06-15T02:19:09.891" intervalms="23.901" />
<gc-start id="239" type="partial gc" contextid="238" timestamp="2019-06-15T02:19:09.891">
  <mem-info id="240" free="9437184" total="45088768" percent="20">
    <mem type="eden" free="0" total="17825792" percent="0" />
    <remembered-set count="6336" freebytes="1774464" totalbytes="1799808" percent="98" regionsoverflowed="0" regionsstable="1" regionsrebuilding="0"/>
  </mem-info>
</gc-start>
<allocation-stats totalBytes="17823488" >
  <allocated-bytes non-tlh="0" tlh="17823488" arrayletleaf="0"/>
  <largest-consumer threadName="Thread-8" threadId="0000000002034900" bytes="6163768" />
</allocation-stats>
<gc-op id="241" type="copy forward" timems="1.436" contextid="238" timestamp="2019-06-15T02:19:09.893">
  <memory-copied type="eden" objects="2802" bytes="68288" bytesdiscarded="0" />
  <memory-copied type="other" objects="2378" bytes="57072" bytesdiscarded="0" />
  <memory-cardclean objects="7725" bytes="409808" />
  <regions eden="17" other="1" />
  <remembered-set-cleared processed="5373" cleared="584" durationms="0.112" />
  <stringconstants candidates="4597" cleared="0"  />
</gc-op>
<gc-op id="242" type="classunload" timems="0.002" contextid="238" timestamp="2019-06-15T02:19:09.893">
  <classunload-info classloadercandidates="8" classloadersunloaded="0" classesunloaded="0" anonymousclassesunloaded="0" quiescems="0.000" setupms="0.002" scanms="0.000" postms="0.000" />
</gc-op>
<heap-resize id="243" type="expand" space="default" amount="2097152" count="1" timems="0.062" reason="excessive time being spent in gc" timestamp="2019-06-15T02:19:09.893" />
<gc-end id="244" type="partial gc" contextid="238" durationms="2.582" usertimems="0.000" systemtimems="0.000" timestamp="2019-06-15T02:19:09.894" activeThreads="1">
  <mem-info id="245" free="28311552" total="47185920" percent="60">
    <mem type="eden" free="980288" total="1048576" percent="93" />
    <remembered-set count="7296" freebytes="1854336" totalbytes="1883520" percent="98" regionsoverflowed="0" regionsstable="1" regionsrebuilding="0"/>
  </mem-info>
</gc-end>
<cycle-end id="246" type="partial gc" contextid="238" timestamp="2019-06-15T02:19:09.894" />
  <attribute name="elasticGC enabled" value="1" />
  <attribute name= "numThreadsSpecified" value="1" />
  <attribute name="heapSize specified" value="0" />
  <attribute name="Current GC Util" value="49" />
  <attribute name= "Current Time Running" value="1327" />
  <attribute name ="GC Interval" value="0" />
  <attribute name="ProportionalT" value="14.500000" />
  <attribute name="ProportionalI" value="14.500000" />
  <attribute name="ProportionalH" value="14.500000" />
  <attribute name="Current Error" value="29.000000" />
  <attribute name="IntegralT" value="0.000000" />
  <attribute name="IntegralI" value="0.000000" />
  <attribute name="IntegralH" value="0.000000" />
  <attribute name="DerivativeT" value="inf" />
  <attribute name="DerivativeI" value="inf" />
  <attribute name="DerivativeH" value="inf" />
  <attribute name="Loop Time for DT" value="0.000000" />
  <attribute name="Output H" value="8388608"/>
  <attribute name="Output I" value="200"/>
  <attribute name="Output T" value="1"/>
  <attribute name="Target GC Util Change" value ="20.000000" />
  <attribute name="Current GC Util Change" value="49.000000"/>
  <attribute name="GC Util currently" value="49" />
  <attribute name="CPU Util currently" value="21510431852693" />
<exclusive-end id="247" timestamp="2019-06-15T02:19:09.894" durationms="3.388" />

<exclusive-start id="248" timestamp="2019-06-15T02:19:09.916" intervalms="25.750">
  <response-info timems="0.034" idlems="0.034" threads="0" lastid="0000000002030D00" lastname="Thread-9" />
</exclusive-start>
<allocation-taxation id="249" taxation-threshold="18874368" timestamp="2019-06-15T02:19:09.916" intervalms="25.764" />
<cycle-start id="250" type="partial gc" contextid="0" timestamp="2019-06-15T02:19:09.917" intervalms="25.821" />
<gc-start id="251" type="partial gc" contextid="250" timestamp="2019-06-15T02:19:09.917">
  <mem-info id="252" free="9437184" total="47185920" percent="20">
    <mem type="eden" free="0" total="18874368" percent="0" />
    <remembered-set count="6976" freebytes="1855616" totalbytes="1883520" percent="98" regionsoverflowed="0" regionsstable="1" regionsrebuilding="0"/>
  </mem-info>
</gc-start>
<allocation-stats totalBytes="18871832" >
  <allocated-bytes non-tlh="0" tlh="18871832" arrayletleaf="0"/>
  <largest-consumer threadName="Thread-8" threadId="0000000002034900" bytes="6606064" />
</allocation-stats>
<gc-op id="253" type="copy forward" timems="1.971" contextid="250" timestamp="2019-06-15T02:19:09.919">
  <memory-copied type="eden" objects="8757" bytes="348600" bytesdiscarded="0" />
  <memory-copied type="other" objects="2615" bytes="62760" bytesdiscarded="0" />
  <memory-cardclean objects="8154" bytes="434120" />
  <regions eden="18" other="1" />
  <remembered-set-cleared processed="5984" cleared="707" durationms="0.120" />
  <stringconstants candidates="4597" cleared="0"  />
</gc-op>
<gc-op id="254" type="classunload" timems="0.002" contextid="250" timestamp="2019-06-15T02:19:09.919">
  <classunload-info classloadercandidates="8" classloadersunloaded="0" classesunloaded="0" anonymousclassesunloaded="0" quiescems="0.000" setupms="0.002" scanms="0.000" postms="0.000" />
</gc-op>
<gc-end id="255" type="partial gc" contextid="250" durationms="2.882" usertimems="4.000" systemtimems="0.000" timestamp="2019-06-15T02:19:09.920" activeThreads="1">
  <mem-info id="256" free="27262976" total="47185920" percent="57">
    <mem type="eden" free="699976" total="1048576" percent="66" />
    <remembered-set count="7840" freebytes="1852160" totalbytes="1883520" percent="98" regionsoverflowed="0" regionsstable="1" regionsrebuilding="0"/>
  </mem-info>
</gc-end>
<cycle-end id="257" type="partial gc" contextid="250" timestamp="2019-06-15T02:19:09.920" />
  <attribute name="elasticGC enabled" value="1" />
  <attribute name= "numThreadsSpecified" value="1" />
  <attribute name="heapSize specified" value="0" />
  <attribute name="Current GC Util" value="50" />
  <attribute name= "Current Time Running" value="1353" />
  <attribute name ="GC Interval" value="0" />
  <attribute name="ProportionalT" value="15.000000" />
  <attribute name="ProportionalI" value="15.000000" />
  <attribute name="ProportionalH" value="15.000000" />
  <attribute name="Current Error" value="30.000000" />
  <attribute name="IntegralT" value="0.000000" />
  <attribute name="IntegralI" value="0.000000" />
  <attribute name="IntegralH" value="0.000000" />
  <attribute name="DerivativeT" value="inf" />
  <attribute name="DerivativeI" value="inf" />
  <attribute name="DerivativeH" value="inf" />
  <attribute name="Loop Time for DT" value="0.000000" />
  <attribute name="Output H" value="8388608"/>
  <attribute name="Output I" value="200"/>
  <attribute name="Output T" value="1"/>
  <attribute name="Target GC Util Change" value ="20.000000" />
  <attribute name="Current GC Util Change" value="50.000000"/>
  <attribute name="GC Util currently" value="50" />
  <attribute name="CPU Util currently" value="19970752099768" />
<exclusive-end id="258" timestamp="2019-06-15T02:19:09.920" durationms="3.680" />

<exclusive-start id="259" timestamp="2019-06-15T02:19:09.943" intervalms="26.469">
  <response-info timems="0.050" idlems="0.050" threads="0" lastid="0000000002034900" lastname="Thread-8" />
</exclusive-start>
<allocation-taxation id="260" taxation-threshold="18874368" timestamp="2019-06-15T02:19:09.943" intervalms="26.437" />
<cycle-start id="261" type="partial gc" contextid="0" timestamp="2019-06-15T02:19:09.943" intervalms="26.417" />
<gc-start id="262" type="partial gc" contextid="261" timestamp="2019-06-15T02:19:09.943">
  <mem-info id="263" free="8388608" total="47185920" percent="17">
    <mem type="eden" free="0" total="18874368" percent="0" />
    <remembered-set count="7648" freebytes="1852928" totalbytes="1883520" percent="98" regionsoverflowed="0" regionsstable="1" regionsrebuilding="0"/>
  </mem-info>
</gc-start>
<allocation-stats totalBytes="18871856" >
  <allocated-bytes non-tlh="0" tlh="18871856" arrayletleaf="0"/>
  <largest-consumer threadName="Thread-8" threadId="0000000002034900" bytes="6569136" />
</allocation-stats>
<gc-op id="264" type="copy forward" timems="2.233" contextid="261" timestamp="2019-06-15T02:19:09.946">
  <memory-copied type="eden" objects="15008" bytes="636400" bytesdiscarded="6912" />
  <memory-copied type="other" objects="8570" bytes="343056" bytesdiscarded="1224" />
  <memory-cardclean objects="7095" bytes="391456" />
  <regions eden="18" other="1" />
  <remembered-set-cleared processed="6606" cleared="873" durationms="0.104" />
  <stringconstants candidates="4597" cleared="0"  />
</gc-op>
<gc-op id="265" type="classunload" timems="0.002" contextid="261" timestamp="2019-06-15T02:19:09.946">
  <classunload-info classloadercandidates="8" classloadersunloaded="0" classesunloaded="0" anonymousclassesunloaded="0" quiescems="0.000" setupms="0.002" scanms="0.000" postms="0.000" />
</gc-op>
<gc-end id="266" type="partial gc" contextid="261" durationms="3.122" usertimems="8.000" systemtimems="0.000" timestamp="2019-06-15T02:19:09.946" activeThreads="4">
  <mem-info id="267" free="26214400" total="47185920" percent="55">
    <mem type="eden" free="405264" total="1048576" percent="38" />
    <remembered-set count="9696" freebytes="1844736" totalbytes="1883520" percent="97" regionsoverflowed="0" regionsstable="1" regionsrebuilding="0"/>
  </mem-info>
</gc-end>
<cycle-end id="268" type="partial gc" contextid="261" timestamp="2019-06-15T02:19:09.946" />
  <attribute name="elasticGC enabled" value="1" />
  <attribute name= "numThreadsSpecified" value="4" />
  <attribute name="heapSize specified" value="0" />
  <attribute name="Current GC Util" value="57" />
  <attribute name= "Current Time Running" value="1380" />
  <attribute name ="GC Interval" value="0" />
  <attribute name="ProportionalT" value="18.500000" />
  <attribute name="ProportionalI" value="18.500000" />
  <attribute name="ProportionalH" value="18.500000" />
  <attribute name="Current Error" value="37.000000" />
  <attribute name="IntegralT" value="37.000000" />
  <attribute name="IntegralI" value="37.000000" />
  <attribute name="IntegralH" value="37.000000" />
  <attribute name="DerivativeT" value="37.000000" />
  <attribute name="DerivativeI" value="37.000000" />
  <attribute name="DerivativeH" value="37.000000" />
  <attribute name="Loop Time for DT" value="1.000000" />
  <attribute name="Output H" value="8388608"/>
  <attribute name="Output I" value="200"/>
  <attribute name="Output T" value="4"/>
  <attribute name="Target GC Util Change" value ="20.000000" />
  <attribute name="Current GC Util Change" value="57.000000"/>
  <attribute name="GC Util currently" value="57" />
  <attribute name="CPU Util currently" value="19069240346089" />
<exclusive-end id="269" timestamp="2019-06-15T02:19:09.947" durationms="3.858" />

<exclusive-start id="270" timestamp="2019-06-15T02:19:09.970" intervalms="27.563">
  <response-info timems="0.033" idlems="0.033" threads="0" lastid="000000000203C100" lastname="Thread-10" />
</exclusive-start>
<allocation-taxation id="271" taxation-threshold="18874368" timestamp="2019-06-15T02:19:09.970" intervalms="27.584" />
<cycle-start id="272" type="partial gc" contextid="0" timestamp="2019-06-15T02:19:09.971" intervalms="27.585" />
<gc-start id="273" type="partial gc" contextid="272" timestamp="2019-06-15T02:19:09.971">
  <mem-info id="274" free="7340032" total="47185920" percent="15">
    <mem type="eden" free="0" total="18874368" percent="0" />
    <remembered-set count="9312" freebytes="1846272" totalbytes="1883520" percent="98" regionsoverflowed="0" regionsstable="1" regionsrebuilding="0"/>
  </mem-info>
</gc-start>
<allocation-stats totalBytes="18872104" >
  <allocated-bytes non-tlh="0" tlh="18872104" arrayletleaf="0"/>
  <largest-consumer threadName="Thread-8" threadId="0000000002034900" bytes="6946008" />
</allocation-stats>
<gc-op id="275" type="copy forward" timems="2.817" contextid="272" timestamp="2019-06-15T02:19:09.974">
  <memory-copied type="eden" objects="9372" bytes="363632" bytesdiscarded="0" />
  <memory-copied type="other" objects="14715" bytes="627912" bytesdiscarded="0" />
  <memory-cardclean objects="5905" bytes="353336" />
  <regions eden="18" other="1" />
  <remembered-set-cleared processed="7308" cleared="808" durationms="0.133" />
  <stringconstants candidates="4597" cleared="0"  />
</gc-op>
<gc-op id="276" type="classunload" timems="0.003" contextid="272" timestamp="2019-06-15T02:19:09.974">
  <classunload-info classloadercandidates="8" classloadersunloaded="0" classesunloaded="0" anonymousclassesunloaded="0" quiescems="0.000" setupms="0.002" scanms="0.000" postms="0.000" />
</gc-op>
<heap-resize id="277" type="expand" space="default" amount="8388608" count="1" timems="0.093" reason="excessive time being spent in gc" timestamp="2019-06-15T02:19:09.975" />
<gc-end id="278" type="partial gc" contextid="272" durationms="3.839" usertimems="8.000" systemtimems="0.000" timestamp="2019-06-15T02:19:09.975" activeThreads="1">
  <mem-info id="279" free="33554432" total="55574528" percent="60">
    <mem type="eden" free="684944" total="1048576" percent="65" />
    <remembered-set count="10304" freebytes="2177152" totalbytes="2218368" percent="98" regionsoverflowed="0" regionsstable="1" regionsrebuilding="0"/>
  </mem-info>
</gc-end>
<cycle-end id="280" type="partial gc" contextid="272" timestamp="2019-06-15T02:19:09.975" />
  <attribute name="elasticGC enabled" value="1" />
  <attribute name= "numThreadsSpecified" value="1" />
  <attribute name="heapSize specified" value="0" />
  <attribute name="Current GC Util" value="44" />
  <attribute name= "Current Time Running" value="1407" />
  <attribute name ="GC Interval" value="0" />
  <attribute name="ProportionalT" value="12.000000" />
  <attribute name="ProportionalI" value="12.000000" />
  <attribute name="ProportionalH" value="12.000000" />
  <attribute name="Current Error" value="24.000000" />
  <attribute name="IntegralT" value="0.000000" />
  <attribute name="IntegralI" value="0.000000" />
  <attribute name="IntegralH" value="0.000000" />
  <attribute name="DerivativeT" value="inf" />
  <attribute name="DerivativeI" value="inf" />
  <attribute name="DerivativeH" value="inf" />
  <attribute name="Loop Time for DT" value="0.000000" />
  <attribute name="Output H" value="8388608"/>
  <attribute name="Output I" value="200"/>
  <attribute name="Output T" value="1"/>
  <attribute name="Target GC Util Change" value ="20.000000" />
  <attribute name="Current GC Util Change" value="44.000000"/>
  <attribute name="GC Util currently" value="44" />
  <attribute name="CPU Util currently" value="23178378186818" />
<exclusive-end id="281" timestamp="2019-06-15T02:19:09.975" durationms="4.620" />

<exclusive-start id="282" timestamp="2019-06-15T02:19:10.002" intervalms="31.756">
  <response-info timems="0.031" idlems="0.031" threads="0" lastid="000000000203C100" lastname="Thread-10" />
</exclusive-start>
<allocation-taxation id="283" taxation-threshold="20971520" timestamp="2019-06-15T02:19:10.002" intervalms="31.772" />
<cycle-start id="284" type="partial gc" contextid="0" timestamp="2019-06-15T02:19:10.002" intervalms="31.783" />
<gc-start id="285" type="partial gc" contextid="284" timestamp="2019-06-15T02:19:10.003">
  <mem-info id="286" free="12582912" total="55574528" percent="22">
    <mem type="eden" free="0" total="20971520" percent="0" />
    <remembered-set count="9856" freebytes="2178944" totalbytes="2218368" percent="98" regionsoverflowed="0" regionsstable="1" regionsrebuilding="0"/>
  </mem-info>
</gc-start>
<allocation-stats totalBytes="20968872" >
  <allocated-bytes non-tlh="0" tlh="20968872" arrayletleaf="0"/>
  <largest-consumer threadName="Thread-8" threadId="0000000002034900" bytes="7572720" />
</allocation-stats>
<gc-op id="287" type="copy forward" timems="2.110" contextid="284" timestamp="2019-06-15T02:19:10.005">
  <memory-copied type="eden" objects="3708" bytes="89808" bytesdiscarded="0" />
  <memory-copied type="other" objects="9108" bytes="355968" bytesdiscarded="0" />
  <memory-cardclean objects="7436" bytes="441608" />
  <regions eden="20" other="1" />
  <remembered-set-cleared processed="8025" cleared="489" durationms="0.135" />
  <stringconstants candidates="4597" cleared="0"  />
</gc-op>
<gc-op id="288" type="classunload" timems="0.002" contextid="284" timestamp="2019-06-15T02:19:10.005">
  <classunload-info classloadercandidates="8" classloadersunloaded="0" classesunloaded="0" anonymousclassesunloaded="0" quiescems="0.000" setupms="0.002" scanms="0.000" postms="0.000" />
</gc-op>
<heap-resize id="289" type="expand" space="default" amount="2097152" count="1" timems="0.060" reason="excessive time being spent in gc" timestamp="2019-06-15T02:19:10.006" />
<gc-end id="290" type="partial gc" contextid="284" durationms="3.123" usertimems="4.000" systemtimems="0.000" timestamp="2019-06-15T02:19:10.006" activeThreads="1">
  <mem-info id="291" free="34603008" total="57671680" percent="60">
    <mem type="eden" free="958768" total="1048576" percent="91" />
    <remembered-set count="10848" freebytes="2258688" totalbytes="2302080" percent="98" regionsoverflowed="0" regionsstable="1" regionsrebuilding="0"/>
  </mem-info>
</gc-end>
<cycle-end id="292" type="partial gc" contextid="284" timestamp="2019-06-15T02:19:10.006" />
  <attribute name="elasticGC enabled" value="1" />
  <attribute name= "numThreadsSpecified" value="1" />
  <attribute name="heapSize specified" value="0" />
  <attribute name="Current GC Util" value="49" />
  <attribute name= "Current Time Running" value="1439" />
  <attribute name ="GC Interval" value="0" />
  <attribute name="ProportionalT" value="14.500000" />
  <attribute name="ProportionalI" value="14.500000" />
  <attribute name="ProportionalH" value="14.500000" />
  <attribute name="Current Error" value="29.000000" />
  <attribute name="IntegralT" value="0.000000" />
  <attribute name="IntegralI" value="0.000000" />
  <attribute name="IntegralH" value="0.000000" />
  <attribute name="DerivativeT" value="inf" />
  <attribute name="DerivativeI" value="inf" />
  <attribute name="DerivativeH" value="inf" />
  <attribute name="Loop Time for DT" value="0.000000" />
  <attribute name="Output H" value="8388608"/>
  <attribute name="Output I" value="200"/>
  <attribute name="Output T" value="1"/>
  <attribute name="Target GC Util Change" value ="20.000000" />
  <attribute name="Current GC Util Change" value="49.000000"/>
  <attribute name="GC Util currently" value="49" />
  <attribute name="CPU Util currently" value="21034971040022" />
<exclusive-end id="293" timestamp="2019-06-15T02:19:10.006" durationms="3.978" />

<exclusive-start id="294" timestamp="2019-06-15T02:19:10.032" intervalms="30.338">
  <response-info timems="0.040" idlems="0.040" threads="0" lastid="000000000203C100" lastname="Thread-10" />
</exclusive-start>
<allocation-taxation id="295" taxation-threshold="20971520" timestamp="2019-06-15T02:19:10.033" intervalms="30.331" />
<cycle-start id="296" type="partial gc" contextid="0" timestamp="2019-06-15T02:19:10.033" intervalms="30.323" />
<gc-start id="297" type="partial gc" contextid="296" timestamp="2019-06-15T02:19:10.033">
  <mem-info id="298" free="13631488" total="57671680" percent="23">
    <mem type="eden" free="0" total="20971520" percent="0" />
    <remembered-set count="10688" freebytes="2259328" totalbytes="2302080" percent="98" regionsoverflowed="0" regionsstable="1" regionsrebuilding="0"/>
  </mem-info>
</gc-start>
<allocation-stats totalBytes="20968744" >
  <allocated-bytes non-tlh="0" tlh="20968744" arrayletleaf="0"/>
  <largest-consumer threadName="Thread-8" threadId="0000000002034900" bytes="7052432" />
</allocation-stats>
<gc-op id="299" type="copy forward" timems="1.681" contextid="296" timestamp="2019-06-15T02:19:10.035">
  <memory-copied type="eden" objects="3312" bytes="80584" bytesdiscarded="0" />
  <memory-copied type="other" objects="3550" bytes="85200" bytesdiscarded="0" />
  <memory-cardclean objects="9260" bytes="501512" />
  <regions eden="20" other="1" />
  <remembered-set-cleared processed="8749" cleared="519" durationms="0.140" />
  <stringconstants candidates="4597" cleared="0"  />
</gc-op>
<gc-op id="300" type="classunload" timems="0.002" contextid="296" timestamp="2019-06-15T02:19:10.035">
  <classunload-info classloadercandidates="8" classloadersunloaded="0" classesunloaded="0" anonymousclassesunloaded="0" quiescems="0.000" setupms="0.002" scanms="0.000" postms="0.000" />
</gc-op>
<heap-resize id="301" type="expand" space="default" amount="3145728" count="1" timems="0.068" reason="excessive time being spent in gc" timestamp="2019-06-15T02:19:10.035" />
<gc-end id="302" type="partial gc" contextid="296" durationms="2.709" usertimems="4.000" systemtimems="0.000" timestamp="2019-06-15T02:19:10.036" activeThreads="1">
  <mem-info id="303" free="36700160" total="60817408" percent="60">
    <mem type="eden" free="967992" total="1048576" percent="92" />
    <remembered-set count="11552" freebytes="2381440" totalbytes="2427648" percent="98" regionsoverflowed="0" regionsstable="1" regionsrebuilding="0"/>
  </mem-info>
</gc-end>
<cycle-end id="304" type="partial gc" contextid="296" timestamp="2019-06-15T02:19:10.036" />
  <attribute name="elasticGC enabled" value="1" />
  <attribute name= "numThreadsSpecified" value="1" />
  <attribute name="heapSize specified" value="0" />
  <attribute name="Current GC Util" value="55" />
  <attribute name= "Current Time Running" value="1469" />
  <attribute name ="GC Interval" value="0" />
  <attribute name="ProportionalT" value="17.500000" />
  <attribute name="ProportionalI" value="17.500000" />
  <attribute name="ProportionalH" value="17.500000" />
  <attribute name="Current Error" value="35.000000" />
  <attribute name="IntegralT" value="0.000000" />
  <attribute name="IntegralI" value="0.000000" />
  <attribute name="IntegralH" value="0.000000" />
  <attribute name="DerivativeT" value="inf" />
  <attribute name="DerivativeI" value="inf" />
  <attribute name="DerivativeH" value="inf" />
  <attribute name="Loop Time for DT" value="0.000000" />
  <attribute name="Output H" value="8388608"/>
  <attribute name="Output I" value="200"/>
  <attribute name="Output T" value="1"/>
  <attribute name="Target GC Util Change" value ="20.000000" />
  <attribute name="Current GC Util Change" value="55.000000"/>
  <attribute name="GC Util currently" value="55" />
  <attribute name="CPU Util currently" value="22512941507350" />
<exclusive-end id="305" timestamp="2019-06-15T02:19:10.036" durationms="3.525" />

<exclusive-start id="306" timestamp="2019-06-15T02:19:10.065" intervalms="32.488">
  <response-info timems="0.059" idlems="0.059" threads="0" lastid="0000000002030D00" lastname="Thread-9" />
</exclusive-start>
<allocation-taxation id="307" taxation-threshold="22020096" timestamp="2019-06-15T02:19:10.065" intervalms="32.493" />
<cycle-start id="308" type="partial gc" contextid="0" timestamp="2019-06-15T02:19:10.065" intervalms="32.524" />
<gc-start id="309" type="partial gc" contextid="308" timestamp="2019-06-15T02:19:10.065">
  <mem-info id="310" free="14680064" total="60817408" percent="24">
    <mem type="eden" free="0" total="22020096" percent="0" />
    <remembered-set count="11456" freebytes="2381824" totalbytes="2427648" percent="98" regionsoverflowed="0" regionsstable="1" regionsrebuilding="0"/>
  </mem-info>
</gc-start>
<allocation-stats totalBytes="22017344" >
  <allocated-bytes non-tlh="0" tlh="22017344" arrayletleaf="0"/>
  <largest-consumer threadName="Thread-8" threadId="0000000002034900" bytes="7478368" />
</allocation-stats>
<gc-op id="311" type="copy forward" timems="1.675" contextid="308" timestamp="2019-06-15T02:19:10.068">
  <memory-copied type="eden" objects="3416" bytes="82880" bytesdiscarded="0" />
  <memory-copied type="other" objects="3098" bytes="74352" bytesdiscarded="0" />
  <memory-cardclean objects="9014" bytes="471704" />
  <regions eden="21" other="1" />
  <remembered-set-cleared processed="9549" cleared="590" durationms="0.147" />
  <stringconstants candidates="4597" cleared="0"  />
</gc-op>
<gc-op id="312" type="classunload" timems="0.002" contextid="308" timestamp="2019-06-15T02:19:10.068">
  <classunload-info classloadercandidates="8" classloadersunloaded="0" classesunloaded="0" anonymousclassesunloaded="0" quiescems="0.000" setupms="0.002" scanms="0.000" postms="0.000" />
</gc-op>
<gc-end id="313" type="partial gc" contextid="308" durationms="2.451" usertimems="4.000" systemtimems="0.000" timestamp="2019-06-15T02:19:10.068" activeThreads="1">
  <mem-info id="314" free="35651584" total="60817408" percent="58">
    <mem type="eden" free="965696" total="1048576" percent="92" />
    <remembered-set count="12320" freebytes="2378368" totalbytes="2427648" percent="97" regionsoverflowed="0" regionsstable="1" regionsrebuilding="0"/>
  </mem-info>
</gc-end>
<cycle-end id="315" type="partial gc" contextid="308" timestamp="2019-06-15T02:19:10.068" />
  <attribute name="elasticGC enabled" value="1" />
  <attribute name= "numThreadsSpecified" value="1" />
  <attribute name="heapSize specified" value="0" />
  <attribute name="Current GC Util" value="48" />
  <attribute name= "Current Time Running" value="1502" />
  <attribute name ="GC Interval" value="0" />
  <attribute name="ProportionalT" value="14.000000" />
  <attribute name="ProportionalI" value="14.000000" />
  <attribute name="ProportionalH" value="14.000000" />
  <attribute name="Current Error" value="28.000000" />
  <attribute name="IntegralT" value="0.000000" />
  <attribute name="IntegralI" value="0.000000" />
  <attribute name="IntegralH" value="0.000000" />
  <attribute name="DerivativeT" value="inf" />
  <attribute name="DerivativeI" value="inf" />
  <attribute name="DerivativeH" value="inf" />
  <attribute name="Loop Time for DT" value="0.000000" />
  <attribute name="Output H" value="8388608"/>
  <attribute name="Output I" value="200"/>
  <attribute name="Output T" value="1"/>
  <attribute name="Target GC Util Change" value ="20.000000" />
  <attribute name="Current GC Util Change" value="48.000000"/>
  <attribute name="GC Util currently" value="48" />
  <attribute name="CPU Util currently" value="21661888149484" />
<exclusive-end id="316" timestamp="2019-06-15T02:19:10.068" durationms="3.263" />

<exclusive-start id="317" timestamp="2019-06-15T02:19:10.100" intervalms="34.734">
  <response-info timems="0.028" idlems="0.028" threads="0" lastid="0000000002030D00" lastname="Thread-9" />
</exclusive-start>
<allocation-taxation id="318" taxation-threshold="22020096" timestamp="2019-06-15T02:19:10.100" intervalms="34.742" />
<cycle-start id="319" type="partial gc" contextid="0" timestamp="2019-06-15T02:19:10.100" intervalms="34.742" />
<gc-start id="320" type="partial gc" contextid="319" timestamp="2019-06-15T02:19:10.100">
  <mem-info id="321" free="13631488" total="60817408" percent="22">
    <mem type="eden" free="0" total="22020096" percent="0" />
    <remembered-set count="12192" freebytes="2378880" totalbytes="2427648" percent="97" regionsoverflowed="0" regionsstable="1" regionsrebuilding="0"/>
  </mem-info>
</gc-start>
<allocation-stats totalBytes="22016744" >
  <allocated-bytes non-tlh="0" tlh="22016744" arrayletleaf="0"/>
  <largest-consumer threadName="Thread-8" threadId="0000000002034900" bytes="7593032" />
</allocation-stats>
<gc-op id="322" type="copy forward" timems="1.829" contextid="319" timestamp="2019-06-15T02:19:10.103">
  <memory-copied type="eden" objects="9318" bytes="362592" bytesdiscarded="15672" />
  <memory-copied type="other" objects="3268" bytes="78432" bytesdiscarded="3880" />
  <memory-cardclean objects="8326" bytes="442568" />
  <regions eden="21" other="1" />
  <remembered-set-cleared processed="10285" cleared="743" durationms="0.114" />
  <stringconstants candidates="4597" cleared="0"  />
</gc-op>
<gc-op id="323" type="classunload" timems="0.003" contextid="319" timestamp="2019-06-15T02:19:10.103">
  <classunload-info classloadercandidates="8" classloadersunloaded="0" classesunloaded="0" anonymousclassesunloaded="0" quiescems="0.000" setupms="0.002" scanms="0.000" postms="0.000" />
</gc-op>
<gc-end id="324" type="partial gc" contextid="319" durationms="2.800" usertimems="8.000" systemtimems="0.000" timestamp="2019-06-15T02:19:10.103" activeThreads="4">
  <mem-info id="325" free="34603008" total="60817408" percent="56">
    <mem type="eden" free="670312" total="1048576" percent="63" />
    <remembered-set count="13696" freebytes="2372864" totalbytes="2427648" percent="97" regionsoverflowed="0" regionsstable="1" regionsrebuilding="0"/>
  </mem-info>
</gc-end>
<cycle-end id="326" type="partial gc" contextid="319" timestamp="2019-06-15T02:19:10.103" />
  <attribute name="elasticGC enabled" value="1" />
  <attribute name= "numThreadsSpecified" value="4" />
  <attribute name="heapSize specified" value="0" />
  <attribute name="Current GC Util" value="54" />
  <attribute name= "Current Time Running" value="1537" />
  <attribute name ="GC Interval" value="0" />
  <attribute name="ProportionalT" value="17.000000" />
  <attribute name="ProportionalI" value="17.000000" />
  <attribute name="ProportionalH" value="17.000000" />
  <attribute name="Current Error" value="34.000000" />
  <attribute name="IntegralT" value="34.000000" />
  <attribute name="IntegralI" value="34.000000" />
  <attribute name="IntegralH" value="34.000000" />
  <attribute name="DerivativeT" value="34.000000" />
  <attribute name="DerivativeI" value="34.000000" />
  <attribute name="DerivativeH" value="34.000000" />
  <attribute name="Loop Time for DT" value="1.000000" />
  <attribute name="Output H" value="8388608"/>
  <attribute name="Output I" value="200"/>
  <attribute name="Output T" value="4"/>
  <attribute name="Target GC Util Change" value ="20.000000" />
  <attribute name="Current GC Util Change" value="54.000000"/>
  <attribute name="GC Util currently" value="54" />
  <attribute name="CPU Util currently" value="19849380700329" />
<exclusive-end id="327" timestamp="2019-06-15T02:19:10.103" durationms="3.619" />

<exclusive-start id="328" timestamp="2019-06-15T02:19:10.132" intervalms="32.451">
  <response-info timems="0.034" idlems="0.034" threads="0" lastid="0000000002030D00" lastname="Thread-9" />
</exclusive-start>
<allocation-taxation id="329" taxation-threshold="22020096" timestamp="2019-06-15T02:19:10.132" intervalms="32.445" />
<cycle-start id="330" type="partial gc" contextid="0" timestamp="2019-06-15T02:19:10.132" intervalms="32.415" />
<gc-start id="331" type="partial gc" contextid="330" timestamp="2019-06-15T02:19:10.133">
  <mem-info id="332" free="12582912" total="60817408" percent="20">
    <mem type="eden" free="0" total="22020096" percent="0" />
    <remembered-set count="13696" freebytes="2372864" totalbytes="2427648" percent="97" regionsoverflowed="0" regionsstable="1" regionsrebuilding="0"/>
  </mem-info>
</gc-start>
<allocation-stats totalBytes="22017432" >
  <allocated-bytes non-tlh="0" tlh="22017432" arrayletleaf="0"/>
  <largest-consumer threadName="Thread-9" threadId="0000000002030D00" bytes="8203160" />
</allocation-stats>
<gc-op id="333" type="copy forward" timems="2.433" contextid="330" timestamp="2019-06-15T02:19:10.136">
  <memory-copied type="eden" objects="9912" bytes="376728" bytesdiscarded="0" />
  <memory-copied type="other" objects="8995" bytes="353256" bytesdiscarded="0" />
  <memory-cardclean objects="5809" bytes="325928" />
  <regions eden="21" other="1" />
  <remembered-set-cleared processed="11038" cleared="770" durationms="0.161" />
  <stringconstants candidates="4597" cleared="0"  />
</gc-op>
<gc-op id="334" type="classunload" timems="0.002" contextid="330" timestamp="2019-06-15T02:19:10.136">
  <classunload-info classloadercandidates="8" classloadersunloaded="0" classesunloaded="0" anonymousclassesunloaded="0" quiescems="0.000" setupms="0.002" scanms="0.000" postms="0.000" />
</gc-op>
<gc-end id="335" type="partial gc" contextid="330" durationms="3.339" usertimems="0.000" systemtimems="4.000" timestamp="2019-06-15T02:19:10.136" activeThreads="1">
  <mem-info id="336" free="33554432" total="60817408" percent="55">
    <mem type="eden" free="671848" total="1048576" percent="64" />
    <remembered-set count="14272" freebytes="2370560" totalbytes="2427648" percent="97" regionsoverflowed="0" regionsstable="1" regionsrebuilding="0"/>
  </mem-info>
</gc-end>
<cycle-end id="337" type="partial gc" contextid="330" timestamp="2019-06-15T02:19:10.136" />
  <attribute name="elasticGC enabled" value="1" />
  <attribute name= "numThreadsSpecified" value="1" />
  <attribute name="heapSize specified" value="0" />
  <attribute name="Current GC Util" value="51" />
  <attribute name= "Current Time Running" value="1569" />
  <attribute name ="GC Interval" value="0" />
  <attribute name="ProportionalT" value="15.500000" />
  <attribute name="ProportionalI" value="15.500000" />
  <attribute name="ProportionalH" value="15.500000" />
  <attribute name="Current Error" value="31.000000" />
  <attribute name="IntegralT" value="0.000000" />
  <attribute name="IntegralI" value="0.000000" />
  <attribute name="IntegralH" value="0.000000" />
  <attribute name="DerivativeT" value="inf" />
  <attribute name="DerivativeI" value="inf" />
  <attribute name="DerivativeH" value="inf" />
  <attribute name="Loop Time for DT" value="0.000000" />
  <attribute name="Output H" value="8388608"/>
  <attribute name="Output I" value="200"/>
  <attribute name="Output T" value="1"/>
  <attribute name="Target GC Util Change" value ="20.000000" />
  <attribute name="Current GC Util Change" value="51.000000"/>
  <attribute name="GC Util currently" value="51" />
  <attribute name="CPU Util currently" value="19221685536200" />
<exclusive-end id="338" timestamp="2019-06-15T02:19:10.136" durationms="4.145" />

<exclusive-start id="339" timestamp="2019-06-15T02:19:10.163" intervalms="30.513">
  <response-info timems="0.038" idlems="0.021" threads="1" lastid="0000000002038500" lastname="Thread-7" />
</exclusive-start>
<allocation-taxation id="340" taxation-threshold="22020096" timestamp="2019-06-15T02:19:10.163" intervalms="30.514" />
<cycle-start id="341" type="partial gc" contextid="0" timestamp="2019-06-15T02:19:10.163" intervalms="30.564" />
<gc-start id="342" type="partial gc" contextid="341" timestamp="2019-06-15T02:19:10.163">
  <mem-info id="343" free="11534336" total="60817408" percent="18">
    <mem type="eden" free="0" total="22020096" percent="0" />
    <remembered-set count="14240" freebytes="2370688" totalbytes="2427648" percent="97" regionsoverflowed="0" regionsstable="1" regionsrebuilding="0"/>
  </mem-info>
</gc-start>
<allocation-stats totalBytes="22017096" >
  <allocated-bytes non-tlh="0" tlh="22017096" arrayletleaf="0"/>
  <largest-consumer threadName="Thread-9" threadId="0000000002030D00" bytes="8301472" />
</allocation-stats>
<gc-op id="344" type="copy forward" timems="2.508" contextid="341" timestamp="2019-06-15T02:19:10.166">
  <memory-copied type="eden" objects="8998" bytes="354624" bytesdiscarded="0" />
  <memory-copied type="other" objects="9582" bytes="367344" bytesdiscarded="0" />
  <memory-cardclean objects="6803" bytes="392312" />
  <regions eden="21" other="1" />
  <remembered-set-cleared processed="11722" cleared="728" durationms="0.166" />
  <stringconstants candidates="4597" cleared="0"  />
</gc-op>
<gc-op id="345" type="classunload" timems="0.003" contextid="341" timestamp="2019-06-15T02:19:10.166">
  <classunload-info classloadercandidates="8" classloadersunloaded="0" classesunloaded="0" anonymousclassesunloaded="0" quiescems="0.000" setupms="0.003" scanms="0.000" postms="0.000" />
</gc-op>
<gc-end id="346" type="partial gc" contextid="341" durationms="3.310" usertimems="4.000" systemtimems="0.000" timestamp="2019-06-15T02:19:10.166" activeThreads="1">
  <mem-info id="347" free="32505856" total="60817408" percent="53">
    <mem type="eden" free="693952" total="1048576" percent="66" />
    <remembered-set count="15008" freebytes="2367616" totalbytes="2427648" percent="97" regionsoverflowed="0" regionsstable="1" regionsrebuilding="0"/>
  </mem-info>
</gc-end>
<cycle-end id="348" type="partial gc" contextid="341" timestamp="2019-06-15T02:19:10.167" />
  <attribute name="elasticGC enabled" value="1" />
  <attribute name= "numThreadsSpecified" value="1" />
  <attribute name="heapSize specified" value="0" />
  <attribute name="Current GC Util" value="57" />
  <attribute name= "Current Time Running" value="1599" />
  <attribute name ="GC Interval" value="0" />
  <attribute name="ProportionalT" value="18.500000" />
  <attribute name="ProportionalI" value="18.500000" />
  <attribute name="ProportionalH" value="18.500000" />
  <attribute name="Current Error" value="37.000000" />
  <attribute name="IntegralT" value="0.000000" />
  <attribute name="IntegralI" value="0.000000" />
  <attribute name="IntegralH" value="0.000000" />
  <attribute name="DerivativeT" value="inf" />
  <attribute name="DerivativeI" value="inf" />
  <attribute name="DerivativeH" value="inf" />
  <attribute name="Loop Time for DT" value="0.000000" />
  <attribute name="Output H" value="8388608"/>
  <attribute name="Output I" value="200"/>
  <attribute name="Output T" value="1"/>
  <attribute name="Target GC Util Change" value ="20.000000" />
  <attribute name="Current GC Util Change" value="57.000000"/>
  <attribute name="GC Util currently" value="57" />
  <attribute name="CPU Util currently" value="20875008557191" />
<exclusive-end id="349" timestamp="2019-06-15T02:19:10.167" durationms="4.170" />

<exclusive-start id="350" timestamp="2019-06-15T02:19:10.194" intervalms="31.371">
  <response-info timems="0.035" idlems="0.035" threads="0" lastid="0000000002030D00" lastname="Thread-9" />
</exclusive-start>
<allocation-taxation id="351" taxation-threshold="22020096" timestamp="2019-06-15T02:19:10.194" intervalms="31.403" />
<cycle-start id="352" type="partial gc" contextid="0" timestamp="2019-06-15T02:19:10.194" intervalms="31.372" />
<gc-start id="353" type="partial gc" contextid="352" timestamp="2019-06-15T02:19:10.195">
  <mem-info id="354" free="10485760" total="60817408" percent="17">
    <mem type="eden" free="0" total="22020096" percent="0" />
    <remembered-set count="14944" freebytes="2367872" totalbytes="2427648" percent="97" regionsoverflowed="0" regionsstable="1" regionsrebuilding="0"/>
  </mem-info>
</gc-start>
<allocation-stats totalBytes="22017416" >
  <allocated-bytes non-tlh="0" tlh="22017416" arrayletleaf="0"/>
  <largest-consumer threadName="Thread-8" threadId="0000000002034900" bytes="7474272" />
</allocation-stats>
<gc-op id="355" type="copy forward" timems="2.292" contextid="352" timestamp="2019-06-15T02:19:10.197">
  <memory-copied type="eden" objects="5977" bytes="144816" bytesdiscarded="0" />
  <memory-copied type="other" objects="8733" bytes="346968" bytesdiscarded="0" />
  <memory-cardclean objects="6404" bytes="369464" />
  <regions eden="21" other="1" />
  <remembered-set-cleared processed="12422" cleared="724" durationms="0.176" />
  <stringconstants candidates="4597" cleared="0"  />
</gc-op>
<gc-op id="356" type="classunload" timems="0.002" contextid="352" timestamp="2019-06-15T02:19:10.198">
  <classunload-info classloadercandidates="8" classloadersunloaded="0" classesunloaded="0" anonymousclassesunloaded="0" quiescems="0.000" setupms="0.002" scanms="0.000" postms="0.000" />
</gc-op>
<gc-end id="357" type="partial gc" contextid="352" durationms="3.241" usertimems="4.000" systemtimems="0.000" timestamp="2019-06-15T02:19:10.198" activeThreads="1">
  <mem-info id="358" free="31457280" total="60817408" percent="51">
    <mem type="eden" free="903760" total="1048576" percent="86" />
    <remembered-set count="16256" freebytes="2362624" totalbytes="2427648" percent="97" regionsoverflowed="0" regionsstable="1" regionsrebuilding="0"/>
  </mem-info>
</gc-end>
<cycle-end id="359" type="partial gc" contextid="352" timestamp="2019-06-15T02:19:10.198" />
  <attribute name="elasticGC enabled" value="1" />
  <attribute name= "numThreadsSpecified" value="1" />
  <attribute name="heapSize specified" value="0" />
  <attribute name="Current GC Util" value="54" />
  <attribute name= "Current Time Running" value="1631" />
  <attribute name ="GC Interval" value="0" />
  <attribute name="ProportionalT" value="17.000000" />
  <attribute name="ProportionalI" value="17.000000" />
  <attribute name="ProportionalH" value="17.000000" />
  <attribute name="Current Error" value="34.000000" />
  <attribute name="IntegralT" value="0.000000" />
  <attribute name="IntegralI" value="0.000000" />
  <attribute name="IntegralH" value="0.000000" />
  <attribute name="DerivativeT" value="inf" />
  <attribute name="DerivativeI" value="inf" />
  <attribute name="DerivativeH" value="inf" />
  <attribute name="Loop Time for DT" value="0.000000" />
  <attribute name="Output H" value="8388608"/>
  <attribute name="Output I" value="200"/>
  <attribute name="Output T" value="1"/>
  <attribute name="Target GC Util Change" value ="20.000000" />
  <attribute name="Current GC Util Change" value="54.000000"/>
  <attribute name="GC Util currently" value="54" />
  <attribute name="CPU Util currently" value="18733973340700" />
<exclusive-end id="360" timestamp="2019-06-15T02:19:10.198" durationms="4.126" />

<exclusive-start id="361" timestamp="2019-06-15T02:19:10.224" intervalms="30.372">
  <response-info timems="0.046" idlems="0.026" threads="1" lastid="000000000203C100" lastname="Thread-10" />
</exclusive-start>
<allocation-taxation id="362" taxation-threshold="22020096" timestamp="2019-06-15T02:19:10.224" intervalms="30.314" />
<cycle-start id="363" type="partial gc" contextid="0" timestamp="2019-06-15T02:19:10.225" intervalms="30.294" />
<gc-start id="364" type="partial gc" contextid="363" timestamp="2019-06-15T02:19:10.225">
  <mem-info id="365" free="9437184" total="60817408" percent="15">
    <mem type="eden" free="0" total="22020096" percent="0" />
    <remembered-set count="16000" freebytes="2363648" totalbytes="2427648" percent="97" regionsoverflowed="0" regionsstable="1" regionsrebuilding="0"/>
  </mem-info>
</gc-start>
<allocation-stats totalBytes="22017240" >
  <allocated-bytes non-tlh="0" tlh="22017240" arrayletleaf="0"/>
  <largest-consumer threadName="Thread-8" threadId="0000000002034900" bytes="7294000" />
</allocation-stats>
<gc-op id="366" type="copy forward" timems="3.232" contextid="363" timestamp="2019-06-15T02:19:10.229">
  <memory-copied type="eden" objects="22910" bytes="963536" bytesdiscarded="0" />
  <memory-copied type="other" objects="5684" bytes="136416" bytesdiscarded="0" />
  <memory-cardclean objects="9318" bytes="516392" />
  <regions eden="21" other="1" />
  <remembered-set-cleared processed="13138" cleared="699" durationms="0.178" />
  <stringconstants candidates="4597" cleared="0"  />
</gc-op>
<gc-op id="367" type="classunload" timems="0.002" contextid="363" timestamp="2019-06-15T02:19:10.229">
  <classunload-info classloadercandidates="8" classloadersunloaded="0" classesunloaded="0" anonymousclassesunloaded="0" quiescems="0.000" setupms="0.002" scanms="0.000" postms="0.000" />
</gc-op>
<gc-end id="368" type="partial gc" contextid="363" durationms="4.300" usertimems="4.000" systemtimems="0.000" timestamp="2019-06-15T02:19:10.229" activeThreads="1">
  <mem-info id="369" free="30408704" total="60817408" percent="50">
    <mem type="eden" free="85040" total="1048576" percent="8" />
    <remembered-set count="16960" freebytes="2359808" totalbytes="2427648" percent="97" regionsoverflowed="0" regionsstable="1" regionsrebuilding="0"/>
  </mem-info>
</gc-end>
<cycle-end id="370" type="partial gc" contextid="363" timestamp="2019-06-15T02:19:10.229" />
  <attribute name="elasticGC enabled" value="1" />
  <attribute name= "numThreadsSpecified" value="1" />
  <attribute name="heapSize specified" value="0" />
  <attribute name="Current GC Util" value="57" />
  <attribute name= "Current Time Running" value="1661" />
  <attribute name ="GC Interval" value="0" />
  <attribute name="ProportionalT" value="18.500000" />
  <attribute name="ProportionalI" value="18.500000" />
  <attribute name="ProportionalH" value="18.500000" />
  <attribute name="Current Error" value="37.000000" />
  <attribute name="IntegralT" value="0.000000" />
  <attribute name="IntegralI" value="0.000000" />
  <attribute name="IntegralH" value="0.000000" />
  <attribute name="DerivativeT" value="inf" />
  <attribute name="DerivativeI" value="inf" />
  <attribute name="DerivativeH" value="inf" />
  <attribute name="Loop Time for DT" value="0.000000" />
  <attribute name="Output H" value="8388608"/>
  <attribute name="Output I" value="200"/>
  <attribute name="Output T" value="1"/>
  <attribute name="Target GC Util Change" value ="20.000000" />
  <attribute name="Current GC Util Change" value="57.000000"/>
  <attribute name="GC Util currently" value="57" />
  <attribute name="CPU Util currently" value="18492012507726" />
<exclusive-end id="371" timestamp="2019-06-15T02:19:10.230" durationms="5.259" />

<exclusive-start id="372" timestamp="2019-06-15T02:19:10.257" intervalms="33.137">
  <response-info timems="0.033" idlems="0.033" threads="0" lastid="0000000002030D00" lastname="Thread-9" />
</exclusive-start>
<allocation-taxation id="373" taxation-threshold="22020096" timestamp="2019-06-15T02:19:10.258" intervalms="33.258" />
<cycle-start id="374" type="partial gc" contextid="0" timestamp="2019-06-15T02:19:10.258" intervalms="33.299" />
<gc-start id="375" type="partial gc" contextid="374" timestamp="2019-06-15T02:19:10.258">
  <mem-info id="376" free="8388608" total="60817408" percent="13">
    <mem type="eden" free="0" total="22020096" percent="0" />
    <remembered-set count="16608" freebytes="2361216" totalbytes="2427648" percent="97" regionsoverflowed="0" regionsstable="1" regionsrebuilding="0"/>
  </mem-info>
</gc-start>
<allocation-stats totalBytes="22017400" >
  <allocated-bytes non-tlh="0" tlh="22017400" arrayletleaf="0"/>
  <largest-consumer threadName="Thread-8" threadId="0000000002034900" bytes="6982856" />
</allocation-stats>
<gc-op id="377" type="copy forward" timems="2.150" contextid="374" timestamp="2019-06-15T02:19:10.261">
  <memory-copied type="eden" objects="7500" bytes="318792" bytesdiscarded="40000" />
  <memory-copied type="other" objects="14547" bytes="623880" bytesdiscarded="33120" />
  <memory-cardclean objects="3979" bytes="242192" />
  <regions eden="21" other="1" />
  <remembered-set-cleared processed="14184" cleared="741" durationms="0.129" />
  <stringconstants candidates="4597" cleared="0"  />
</gc-op>
<gc-op id="378" type="classunload" timems="0.002" contextid="374" timestamp="2019-06-15T02:19:10.261">
  <classunload-info classloadercandidates="8" classloadersunloaded="0" classesunloaded="0" anonymousclassesunloaded="0" quiescems="0.000" setupms="0.002" scanms="0.000" postms="0.000" />
</gc-op>
<heap-resize id="379" type="expand" space="default" amount="10485760" count="1" timems="0.106" reason="excessive time being spent in gc" timestamp="2019-06-15T02:19:10.261" />
<gc-end id="380" type="partial gc" contextid="374" durationms="3.458" usertimems="4.000" systemtimems="0.000" timestamp="2019-06-15T02:19:10.262" activeThreads="4">
  <mem-info id="381" free="39845888" total="71303168" percent="55">
    <mem type="eden" free="689784" total="1048576" percent="65" />
    <remembered-set count="17248" freebytes="2777216" totalbytes="2846208" percent="97" regionsoverflowed="0" regionsstable="1" regionsrebuilding="0"/>
  </mem-info>
</gc-end>
<cycle-end id="382" type="partial gc" contextid="374" timestamp="2019-06-15T02:19:10.262" />
  <attribute name="elasticGC enabled" value="1" />
  <attribute name= "numThreadsSpecified" value="4" />
  <attribute name="heapSize specified" value="0" />
  <attribute name="Current GC Util" value="50" />
  <attribute name= "Current Time Running" value="1695" />
  <attribute name ="GC Interval" value="0" />
  <attribute name="ProportionalT" value="15.000000" />
  <attribute name="ProportionalI" value="15.000000" />
  <attribute name="ProportionalH" value="15.000000" />
  <attribute name="Current Error" value="30.000000" />
  <attribute name="IntegralT" value="30.000000" />
  <attribute name="IntegralI" value="30.000000" />
  <attribute name="IntegralH" value="30.000000" />
  <attribute name="DerivativeT" value="30.000000" />
  <attribute name="DerivativeI" value="30.000000" />
  <attribute name="DerivativeH" value="30.000000" />
  <attribute name="Loop Time for DT" value="1.000000" />
  <attribute name="Output H" value="8388608"/>
  <attribute name="Output I" value="200"/>
  <attribute name="Output T" value="4"/>
  <attribute name="Target GC Util Change" value ="20.000000" />
  <attribute name="Current GC Util Change" value="50.000000"/>
  <attribute name="GC Util currently" value="50" />
  <attribute name="CPU Util currently" value="17834934468668" />
<exclusive-end id="383" timestamp="2019-06-15T02:19:10.262" durationms="4.668" />

<exclusive-start id="384" timestamp="2019-06-15T02:19:10.292" intervalms="34.368">
  <response-info timems="0.032" idlems="0.032" threads="0" lastid="0000000002030D00" lastname="Thread-9" />
</exclusive-start>
<allocation-taxation id="385" taxation-threshold="24117248" timestamp="2019-06-15T02:19:10.292" intervalms="34.356" />
<cycle-start id="386" type="partial gc" contextid="0" timestamp="2019-06-15T02:19:10.292" intervalms="34.374" />
<gc-start id="387" type="partial gc" contextid="386" timestamp="2019-06-15T02:19:10.293">
  <mem-info id="388" free="15728640" total="71303168" percent="22">
    <mem type="eden" free="0" total="24117248" percent="0" />
    <remembered-set count="16960" freebytes="2778368" totalbytes="2846208" percent="97" regionsoverflowed="0" regionsstable="1" regionsrebuilding="0"/>
  </mem-info>
</gc-start>
<allocation-stats totalBytes="24114120" >
  <allocated-bytes non-tlh="0" tlh="24114120" arrayletleaf="0"/>
  <largest-consumer threadName="Thread-8" threadId="0000000002034900" bytes="7936992" />
</allocation-stats>
<gc-op id="389" type="copy forward" timems="2.958" contextid="386" timestamp="2019-06-15T02:19:10.296">
  <memory-copied type="eden" objects="2302" bytes="55712" bytesdiscarded="0" />
  <memory-copied type="other" objects="21746" bytes="934032" bytesdiscarded="0" />
  <memory-cardclean objects="5052" bytes="293384" />
  <regions eden="23" other="2" />
  <remembered-set-cleared processed="14280" cleared="846" durationms="0.184" />
  <stringconstants candidates="4597" cleared="0"  />
</gc-op>
<gc-op id="390" type="classunload" timems="0.002" contextid="386" timestamp="2019-06-15T02:19:10.296">
  <classunload-info classloadercandidates="8" classloadersunloaded="0" classesunloaded="0" anonymousclassesunloaded="0" quiescems="0.000" setupms="0.002" scanms="0.000" postms="0.000" />
</gc-op>
<heap-resize id="391" type="expand" space="default" amount="10485760" count="1" timems="0.104" reason="excessive time being spent in gc" timestamp="2019-06-15T02:19:10.297" />
<gc-end id="392" type="partial gc" contextid="386" durationms="4.179" usertimems="4.000" systemtimems="0.000" timestamp="2019-06-15T02:19:10.297" activeThreads="1">
  <mem-info id="393" free="49283072" total="81788928" percent="60">
    <mem type="eden" free="992864" total="1048576" percent="94" />
    <remembered-set count="17568" freebytes="3194496" totalbytes="3264768" percent="97" regionsoverflowed="0" regionsstable="1" regionsrebuilding="0"/>
  </mem-info>
</gc-end>
<cycle-end id="394" type="partial gc" contextid="386" timestamp="2019-06-15T02:19:10.297" />
  <attribute name="elasticGC enabled" value="1" />
  <attribute name= "numThreadsSpecified" value="1" />
  <attribute name="heapSize specified" value="0" />
  <attribute name="Current GC Util" value="41" />
  <attribute name= "Current Time Running" value="1729" />
  <attribute name ="GC Interval" value="0" />
  <attribute name="ProportionalT" value="10.500000" />
  <attribute name="ProportionalI" value="10.500000" />
  <attribute name="ProportionalH" value="10.500000" />
  <attribute name="Current Error" value="21.000000" />
  <attribute name="IntegralT" value="0.000000" />
  <attribute name="IntegralI" value="0.000000" />
  <attribute name="IntegralH" value="0.000000" />
  <attribute name="DerivativeT" value="inf" />
  <attribute name="DerivativeI" value="inf" />
  <attribute name="DerivativeH" value="inf" />
  <attribute name="Loop Time for DT" value="0.000000" />
  <attribute name="Output H" value="8388608"/>
  <attribute name="Output I" value="200"/>
  <attribute name="Output T" value="1"/>
  <attribute name="Target GC Util Change" value ="20.000000" />
  <attribute name="Current GC Util Change" value="41.000000"/>
  <attribute name="GC Util currently" value="41" />
  <attribute name="CPU Util currently" value="17349035863071" />
<exclusive-end id="395" timestamp="2019-06-15T02:19:10.297" durationms="5.326" />

<exclusive-start id="396" timestamp="2019-06-15T02:19:10.326" intervalms="34.157">
  <response-info timems="0.041" idlems="0.041" threads="0" lastid="0000000002034900" lastname="Thread-8" />
</exclusive-start>
<allocation-taxation id="397" taxation-threshold="27262976" timestamp="2019-06-15T02:19:10.326" intervalms="34.139" />
<cycle-start id="398" type="partial gc" contextid="0" timestamp="2019-06-15T02:19:10.326" intervalms="34.116" />
<gc-start id="399" type="partial gc" contextid="398" timestamp="2019-06-15T02:19:10.327">
  <mem-info id="400" free="22020096" total="81788928" percent="26">
    <mem type="eden" free="0" total="27262976" percent="0" />
    <remembered-set count="17376" freebytes="3195264" totalbytes="3264768" percent="97" regionsoverflowed="0" regionsstable="1" regionsrebuilding="0"/>
  </mem-info>
</gc-start>
<allocation-stats totalBytes="27259808" >
  <allocated-bytes non-tlh="0" tlh="27259808" arrayletleaf="0"/>
  <largest-consumer threadName="Thread-8" threadId="0000000002034900" bytes="8338384" />
</allocation-stats>
<gc-op id="401" type="copy forward" timems="2.197" contextid="398" timestamp="2019-06-15T02:19:10.329">
  <memory-copied type="eden" objects="10265" bytes="384920" bytesdiscarded="0" />
  <memory-copied type="other" objects="2210" bytes="53040" bytesdiscarded="0" />
  <memory-cardclean objects="6365" bytes="386192" />
  <regions eden="26" other="1" />
  <remembered-set-cleared processed="15272" cleared="568" durationms="0.196" />
  <stringconstants candidates="4597" cleared="0"  />
</gc-op>
<gc-op id="402" type="classunload" timems="0.002" contextid="398" timestamp="2019-06-15T02:19:10.330">
  <classunload-info classloadercandidates="8" classloadersunloaded="0" classesunloaded="0" anonymousclassesunloaded="0" quiescems="0.000" setupms="0.002" scanms="0.000" postms="0.000" />
</gc-op>
<heap-resize id="403" type="expand" space="default" amount="2097152" count="1" timems="0.062" reason="excessive time being spent in gc" timestamp="2019-06-15T02:19:10.330" />
<gc-end id="404" type="partial gc" contextid="398" durationms="3.445" usertimems="4.000" systemtimems="0.000" timestamp="2019-06-15T02:19:10.330" activeThreads="1">
  <mem-info id="405" free="50331648" total="83886080" percent="60">
    <mem type="eden" free="663656" total="1048576" percent="63" />
    <remembered-set count="18368" freebytes="3275008" totalbytes="3348480" percent="97" regionsoverflowed="0" regionsstable="1" regionsrebuilding="0"/>
  </mem-info>
</gc-end>
<cycle-end id="406" type="partial gc" contextid="398" timestamp="2019-06-15T02:19:10.330" />
  <attribute name="elasticGC enabled" value="1" />
  <attribute name= "numThreadsSpecified" value="1" />
  <attribute name="heapSize specified" value="0" />
  <attribute name="Current GC Util" value="49" />
  <attribute name= "Current Time Running" value="1763" />
  <attribute name ="GC Interval" value="0" />
  <attribute name="ProportionalT" value="14.500000" />
  <attribute name="ProportionalI" value="14.500000" />
  <attribute name="ProportionalH" value="14.500000" />
  <attribute name="Current Error" value="29.000000" />
  <attribute name="IntegralT" value="0.000000" />
  <attribute name="IntegralI" value="0.000000" />
  <attribute name="IntegralH" value="0.000000" />
  <attribute name="DerivativeT" value="inf" />
  <attribute name="DerivativeI" value="inf" />
  <attribute name="DerivativeH" value="inf" />
  <attribute name="Loop Time for DT" value="0.000000" />
  <attribute name="Output H" value="8388608"/>
  <attribute name="Output I" value="200"/>
  <attribute name="Output T" value="1"/>
  <attribute name="Target GC Util Change" value ="20.000000" />
  <attribute name="Current GC Util Change" value="49.000000"/>
  <attribute name="GC Util currently" value="49" />
  <attribute name="CPU Util currently" value="16347409705417" />
<exclusive-end id="407" timestamp="2019-06-15T02:19:10.331" durationms="4.489" />

<exclusive-start id="408" timestamp="2019-06-15T02:19:10.353" intervalms="26.635">
  <response-info timems="0.045" idlems="0.045" threads="0" lastid="0000000002034900" lastname="Thread-8" />
</exclusive-start>
<allocation-taxation id="409" taxation-threshold="27262976" timestamp="2019-06-15T02:19:10.353" intervalms="26.600" />
<cycle-start id="410" type="partial gc" contextid="0" timestamp="2019-06-15T02:19:10.353" intervalms="26.605" />
<gc-start id="411" type="partial gc" contextid="410" timestamp="2019-06-15T02:19:10.353">
  <mem-info id="412" free="23068672" total="83886080" percent="27">
    <mem type="eden" free="0" total="27262976" percent="0" />
    <remembered-set count="18016" freebytes="3276416" totalbytes="3348480" percent="97" regionsoverflowed="0" regionsstable="1" regionsrebuilding="0"/>
  </mem-info>
</gc-start>
<allocation-stats totalBytes="27259744" >
  <allocated-bytes non-tlh="0" tlh="27259744" arrayletleaf="0"/>
  <largest-consumer threadName="Thread-7" threadId="0000000002038500" bytes="9337936" />
</allocation-stats>
<gc-op id="413" type="copy forward" timems="1.820" contextid="410" timestamp="2019-06-15T02:19:10.356">
  <memory-copied type="eden" objects="1887" bytes="46696" bytesdiscarded="3608" />
  <memory-copied type="other" objects="10007" bytes="377544" bytesdiscarded="5712" />
  <memory-cardclean objects="5347" bytes="299240" />
  <regions eden="26" other="1" />
  <remembered-set-cleared processed="15992" cleared="769" durationms="0.141" />
  <stringconstants candidates="4597" cleared="0"  />
</gc-op>
<gc-op id="414" type="classunload" timems="0.002" contextid="410" timestamp="2019-06-15T02:19:10.356">
  <classunload-info classloadercandidates="8" classloadersunloaded="0" classesunloaded="0" anonymousclassesunloaded="0" quiescems="0.000" setupms="0.002" scanms="0.000" postms="0.000" />
</gc-op>
<heap-resize id="415" type="expand" space="default" amount="3145728" count="1" timems="0.066" reason="excessive time being spent in gc" timestamp="2019-06-15T02:19:10.356" />
<gc-end id="416" type="partial gc" contextid="410" durationms="3.019" usertimems="4.000" systemtimems="0.000" timestamp="2019-06-15T02:19:10.356" activeThreads="4">
  <mem-info id="417" free="52428800" total="87031808" percent="60">
    <mem type="eden" free="998272" total="1048576" percent="95" />
    <remembered-set count="19104" freebytes="3397632" totalbytes="3474048" percent="97" regionsoverflowed="0" regionsstable="1" regionsrebuilding="0"/>
  </mem-info>
</gc-end>
<cycle-end id="418" type="partial gc" contextid="410" timestamp="2019-06-15T02:19:10.356" />
  <attribute name="elasticGC enabled" value="1" />
  <attribute name= "numThreadsSpecified" value="4" />
  <attribute name="heapSize specified" value="0" />
  <attribute name="Current GC Util" value="57" />
  <attribute name= "Current Time Running" value="1790" />
  <attribute name ="GC Interval" value="0" />
  <attribute name="ProportionalT" value="18.500000" />
  <attribute name="ProportionalI" value="18.500000" />
  <attribute name="ProportionalH" value="18.500000" />
  <attribute name="Current Error" value="37.000000" />
  <attribute name="IntegralT" value="37.000000" />
  <attribute name="IntegralI" value="37.000000" />
  <attribute name="IntegralH" value="37.000000" />
  <attribute name="DerivativeT" value="37.000000" />
  <attribute name="DerivativeI" value="37.000000" />
  <attribute name="DerivativeH" value="37.000000" />
  <attribute name="Loop Time for DT" value="1.000000" />
  <attribute name="Output H" value="8388608"/>
  <attribute name="Output I" value="200"/>
  <attribute name="Output T" value="4"/>
  <attribute name="Target GC Util Change" value ="20.000000" />
  <attribute name="Current GC Util Change" value="57.000000"/>
  <attribute name="GC Util currently" value="57" />
  <attribute name="CPU Util currently" value="18672985957311" />
<exclusive-end id="419" timestamp="2019-06-15T02:19:10.357" durationms="3.950" />

<exclusive-start id="420" timestamp="2019-06-15T02:19:10.380" intervalms="26.974">
  <response-info timems="0.033" idlems="0.033" threads="0" lastid="0000000002038500" lastname="Thread-7" />
</exclusive-start>
<allocation-taxation id="421" taxation-threshold="28311552" timestamp="2019-06-15T02:19:10.380" intervalms="26.951" />
<cycle-start id="422" type="partial gc" contextid="0" timestamp="2019-06-15T02:19:10.380" intervalms="26.941" />
<gc-start id="423" type="partial gc" contextid="422" timestamp="2019-06-15T02:19:10.380">
  <mem-info id="424" free="24117248" total="87031808" percent="27">
    <mem type="eden" free="0" total="28311552" percent="0" />
    <remembered-set count="18784" freebytes="3398912" totalbytes="3474048" percent="97" regionsoverflowed="0" regionsstable="1" regionsrebuilding="0"/>
  </mem-info>
</gc-start>
<allocation-stats totalBytes="28307936" >
  <allocated-bytes non-tlh="0" tlh="28307936" arrayletleaf="0"/>
  <largest-consumer threadName="Thread-7" threadId="0000000002038500" bytes="9337680" />
</allocation-stats>
<gc-op id="425" type="copy forward" timems="1.633" contextid="422" timestamp="2019-06-15T02:19:10.382">
  <memory-copied type="eden" objects="1858" bytes="45968" bytesdiscarded="2488" />
  <memory-copied type="other" objects="1605" bytes="38520" bytesdiscarded="336" />
  <memory-cardclean objects="5626" bytes="327488" />
  <regions eden="27" other="1" />
  <remembered-set-cleared processed="16596" cleared="633" durationms="0.139" />
  <stringconstants candidates="4597" cleared="0"  />
</gc-op>
<gc-op id="426" type="classunload" timems="0.002" contextid="422" timestamp="2019-06-15T02:19:10.383">
  <classunload-info classloadercandidates="8" classloadersunloaded="0" classesunloaded="0" anonymousclassesunloaded="0" quiescems="0.000" setupms="0.002" scanms="0.000" postms="0.000" />
</gc-op>
<heap-resize id="427" type="expand" space="default" amount="2097152" count="1" timems="0.058" reason="excessive time being spent in gc" timestamp="2019-06-15T02:19:10.383" />
<gc-end id="428" type="partial gc" contextid="422" durationms="2.856" usertimems="4.000" systemtimems="0.000" timestamp="2019-06-15T02:19:10.383" activeThreads="4">
  <mem-info id="429" free="53477376" total="89128960" percent="60">
    <mem type="eden" free="1000120" total="1048576" percent="95" />
    <remembered-set count="19392" freebytes="3480192" totalbytes="3557760" percent="97" regionsoverflowed="0" regionsstable="1" regionsrebuilding="0"/>
  </mem-info>
</gc-end>
<cycle-end id="430" type="partial gc" contextid="422" timestamp="2019-06-15T02:19:10.383" />
  <attribute name="elasticGC enabled" value="1" />
  <attribute name= "numThreadsSpecified" value="4" />
  <attribute name="heapSize specified" value="0" />
  <attribute name="Current GC Util" value="42" />
  <attribute name= "Current Time Running" value="1817" />
  <attribute name ="GC Interval" value="0" />
  <attribute name="ProportionalT" value="11.000000" />
  <attribute name="ProportionalI" value="11.000000" />
  <attribute name="ProportionalH" value="11.000000" />
  <attribute name="Current Error" value="22.000000" />
  <attribute name="IntegralT" value="22.000000" />
  <attribute name="IntegralI" value="22.000000" />
  <attribute name="IntegralH" value="22.000000" />
  <attribute name="DerivativeT" value="22.000000" />
  <attribute name="DerivativeI" value="22.000000" />
  <attribute name="DerivativeH" value="22.000000" />
  <attribute name="Loop Time for DT" value="1.000000" />
  <attribute name="Output H" value="8388608"/>
  <attribute name="Output I" value="200"/>
  <attribute name="Output T" value="4"/>
  <attribute name="Target GC Util Change" value ="20.000000" />
  <attribute name="Current GC Util Change" value="42.000000"/>
  <attribute name="GC Util currently" value="42" />
  <attribute name="CPU Util currently" value="16946939879689" />
<exclusive-end id="431" timestamp="2019-06-15T02:19:10.383" durationms="3.769" />

<exclusive-start id="432" timestamp="2019-06-15T02:19:10.407" intervalms="27.784">
  <response-info timems="0.027" idlems="0.027" threads="0" lastid="0000000002034900" lastname="Thread-8" />
</exclusive-start>
<allocation-taxation id="433" taxation-threshold="28311552" timestamp="2019-06-15T02:19:10.408" intervalms="27.812" />
<cycle-start id="434" type="partial gc" contextid="0" timestamp="2019-06-15T02:19:10.408" intervalms="27.814" />
<gc-start id="435" type="partial gc" contextid="434" timestamp="2019-06-15T02:19:10.408">
  <mem-info id="436" free="25165824" total="89128960" percent="28">
    <mem type="eden" free="0" total="28311552" percent="0" />
    <remembered-set count="19328" freebytes="3480448" totalbytes="3557760" percent="97" regionsoverflowed="0" regionsstable="1" regionsrebuilding="0"/>
  </mem-info>
</gc-start>
<allocation-stats totalBytes="28308184" >
  <allocated-bytes non-tlh="0" tlh="28308184" arrayletleaf="0"/>
  <largest-consumer threadName="Thread-7" threadId="0000000002038500" bytes="8788968" />
</allocation-stats>
<gc-op id="437" type="copy forward" timems="1.487" contextid="434" timestamp="2019-06-15T02:19:10.410">
  <memory-copied type="eden" objects="2285" bytes="56544" bytesdiscarded="0" />
  <memory-copied type="other" objects="1589" bytes="38136" bytesdiscarded="0" />
  <memory-cardclean objects="6073" bytes="330488" />
  <regions eden="27" other="1" />
  <remembered-set-cleared processed="17160" cleared="738" durationms="0.208" />
  <stringconstants candidates="4597" cleared="0"  />
</gc-op>
<gc-op id="438" type="classunload" timems="0.002" contextid="434" timestamp="2019-06-15T02:19:10.410">
  <classunload-info classloadercandidates="8" classloadersunloaded="0" classesunloaded="0" anonymousclassesunloaded="0" quiescems="0.000" setupms="0.002" scanms="0.000" postms="0.000" />
</gc-op>
<heap-resize id="439" type="expand" space="default" amount="3145728" count="1" timems="0.063" reason="excessive time being spent in gc" timestamp="2019-06-15T02:19:10.410" />
<gc-end id="440" type="partial gc" contextid="434" durationms="2.625" usertimems="0.000" systemtimems="0.000" timestamp="2019-06-15T02:19:10.411" activeThreads="1">
  <mem-info id="441" free="55574528" total="92274688" percent="60">
    <mem type="eden" free="992032" total="1048576" percent="94" />
    <remembered-set count="20128" freebytes="3602816" totalbytes="3683328" percent="97" regionsoverflowed="0" regionsstable="1" regionsrebuilding="0"/>
  </mem-info>
</gc-end>
<cycle-end id="442" type="partial gc" contextid="434" timestamp="2019-06-15T02:19:10.411" />
  <attribute name="elasticGC enabled" value="1" />
  <attribute name= "numThreadsSpecified" value="1" />
  <attribute name="heapSize specified" value="0" />
  <attribute name="Current GC Util" value="39" />
  <attribute name= "Current Time Running" value="1844" />
  <attribute name ="GC Interval" value="0" />
  <attribute name="ProportionalT" value="9.500000" />
  <attribute name="ProportionalI" value="9.500000" />
  <attribute name="ProportionalH" value="9.500000" />
  <attribute name="Current Error" value="19.000000" />
  <attribute name="IntegralT" value="0.000000" />
  <attribute name="IntegralI" value="0.000000" />
  <attribute name="IntegralH" value="0.000000" />
  <attribute name="DerivativeT" value="inf" />
  <attribute name="DerivativeI" value="inf" />
  <attribute name="DerivativeH" value="inf" />
  <attribute name="Loop Time for DT" value="0.000000" />
  <attribute name="Output H" value="8388608"/>
  <attribute name="Output I" value="200"/>
  <attribute name="Output T" value="1"/>
  <attribute name="Target GC Util Change" value ="20.000000" />
  <attribute name="Current GC Util Change" value="39.000000"/>
  <attribute name="GC Util currently" value="39" />
  <attribute name="CPU Util currently" value="17875167696424" />
<exclusive-end id="443" timestamp="2019-06-15T02:19:10.411" durationms="3.542" />

<exclusive-start id="444" timestamp="2019-06-15T02:19:10.435" intervalms="27.502">
  <response-info timems="0.027" idlems="0.027" threads="0" lastid="000000000203C100" lastname="Thread-10" />
</exclusive-start>
<allocation-taxation id="445" taxation-threshold="29360128" timestamp="2019-06-15T02:19:10.435" intervalms="27.454" />
<cycle-start id="446" type="partial gc" contextid="0" timestamp="2019-06-15T02:19:10.435" intervalms="27.418" />
<gc-start id="447" type="partial gc" contextid="446" timestamp="2019-06-15T02:19:10.435">
  <mem-info id="448" free="26214400" total="92274688" percent="28">
    <mem type="eden" free="0" total="29360128" percent="0" />
    <remembered-set count="19840" freebytes="3603968" totalbytes="3683328" percent="97" regionsoverflowed="0" regionsstable="1" regionsrebuilding="0"/>
  </mem-info>
</gc-start>
<allocation-stats totalBytes="29356664" >
  <allocated-bytes non-tlh="0" tlh="29356664" arrayletleaf="0"/>
  <largest-consumer threadName="Thread-8" threadId="0000000002034900" bytes="8961088" />
</allocation-stats>
<gc-op id="449" type="copy forward" timems="1.597" contextid="446" timestamp="2019-06-15T02:19:10.438">
  <memory-copied type="eden" objects="2471" bytes="60552" bytesdiscarded="0" />
  <memory-copied type="other" objects="1944" bytes="46656" bytesdiscarded="0" />
  <memory-cardclean objects="6853" bytes="367976" />
  <regions eden="28" other="1" />
  <remembered-set-cleared processed="17708" cleared="794" durationms="0.216" />
  <stringconstants candidates="4597" cleared="0"  />
</gc-op>
<gc-op id="450" type="classunload" timems="0.003" contextid="446" timestamp="2019-06-15T02:19:10.438">
  <classunload-info classloadercandidates="8" classloadersunloaded="0" classesunloaded="0" anonymousclassesunloaded="0" quiescems="0.000" setupms="0.003" scanms="0.000" postms="0.000" />
</gc-op>
<heap-resize id="451" type="expand" space="default" amount="2097152" count="1" timems="0.060" reason="excessive time being spent in gc" timestamp="2019-06-15T02:19:10.438" />
<gc-end id="452" type="partial gc" contextid="446" durationms="2.672" usertimems="4.000" systemtimems="0.000" timestamp="2019-06-15T02:19:10.438" activeThreads="1">
  <mem-info id="453" free="56623104" total="94371840" percent="60">
    <mem type="eden" free="988024" total="1048576" percent="94" />
    <remembered-set count="20640" freebytes="3684480" totalbytes="3767040" percent="97" regionsoverflowed="0" regionsstable="1" regionsrebuilding="0"/>
  </mem-info>
</gc-end>
<cycle-end id="454" type="partial gc" contextid="446" timestamp="2019-06-15T02:19:10.438" />
  <attribute name="elasticGC enabled" value="1" />
  <attribute name= "numThreadsSpecified" value="1" />
  <attribute name="heapSize specified" value="0" />
  <attribute name="Current GC Util" value="54" />
  <attribute name= "Current Time Running" value="1872" />
  <attribute name ="GC Interval" value="0" />
  <attribute name="ProportionalT" value="17.000000" />
  <attribute name="ProportionalI" value="17.000000" />
  <attribute name="ProportionalH" value="17.000000" />
  <attribute name="Current Error" value="34.000000" />
  <attribute name="IntegralT" value="0.000000" />
  <attribute name="IntegralI" value="0.000000" />
  <attribute name="IntegralH" value="0.000000" />
  <attribute name="DerivativeT" value="inf" />
  <attribute name="DerivativeI" value="inf" />
  <attribute name="DerivativeH" value="inf" />
  <attribute name="Loop Time for DT" value="0.000000" />
  <attribute name="Output H" value="8388608"/>
  <attribute name="Output I" value="200"/>
  <attribute name="Output T" value="1"/>
  <attribute name="Target GC Util Change" value ="20.000000" />
  <attribute name="Current GC Util Change" value="54.000000"/>
  <attribute name="GC Util currently" value="54" />
  <attribute name="CPU Util currently" value="18442539159505" />
<exclusive-end id="455" timestamp="2019-06-15T02:19:10.438" durationms="3.465" />

<exclusive-start id="456" timestamp="2019-06-15T02:19:10.462" intervalms="26.639">
  <response-info timems="0.101" idlems="0.101" threads="0" lastid="0000000002034900" lastname="Thread-8" />
</exclusive-start>
<allocation-taxation id="457" taxation-threshold="30408704" timestamp="2019-06-15T02:19:10.462" intervalms="26.695" />
<cycle-start id="458" type="partial gc" contextid="0" timestamp="2019-06-15T02:19:10.462" intervalms="26.711" />
<gc-start id="459" type="partial gc" contextid="458" timestamp="2019-06-15T02:19:10.462">
  <mem-info id="460" free="26214400" total="94371840" percent="27">
    <mem type="eden" free="0" total="30408704" percent="0" />
    <remembered-set count="20512" freebytes="3684992" totalbytes="3767040" percent="97" regionsoverflowed="0" regionsstable="1" regionsrebuilding="0"/>
  </mem-info>
</gc-start>
<allocation-stats totalBytes="30405136" >
  <allocated-bytes non-tlh="0" tlh="30405136" arrayletleaf="0"/>
  <largest-consumer threadName="Thread-8" threadId="0000000002034900" bytes="10173112" />
</allocation-stats>
<gc-op id="461" type="copy forward" timems="1.923" contextid="458" timestamp="2019-06-15T02:19:10.465">
  <memory-copied type="eden" objects="8990" bytes="354488" bytesdiscarded="11136" />
  <memory-copied type="other" objects="2204" bytes="52896" bytesdiscarded="1192" />
  <memory-cardclean objects="6823" bytes="370256" />
  <regions eden="29" other="1" />
  <remembered-set-cleared processed="18317" cleared="897" durationms="0.154" />
  <stringconstants candidates="4597" cleared="0"  />
</gc-op>
<gc-op id="462" type="classunload" timems="0.002" contextid="458" timestamp="2019-06-15T02:19:10.465">
  <classunload-info classloadercandidates="8" classloadersunloaded="0" classesunloaded="0" anonymousclassesunloaded="0" quiescems="0.000" setupms="0.002" scanms="0.000" postms="0.000" />
</gc-op>
<gc-end id="463" type="partial gc" contextid="458" durationms="3.038" usertimems="0.000" systemtimems="0.000" timestamp="2019-06-15T02:19:10.465" activeThreads="4">
  <mem-info id="464" free="54525952" total="94371840" percent="57">
    <mem type="eden" free="1731528" total="2097152" percent="82" />
    <remembered-set count="22016" freebytes="3678976" totalbytes="3767040" percent="97" regionsoverflowed="0" regionsstable="1" regionsrebuilding="0"/>
  </mem-info>
</gc-end>
<cycle-end id="465" type="partial gc" contextid="458" timestamp="2019-06-15T02:19:10.465" />
  <attribute name="elasticGC enabled" value="1" />
  <attribute name= "numThreadsSpecified" value="4" />
  <attribute name="heapSize specified" value="0" />
  <attribute name="Current GC Util" value="50" />
  <attribute name= "Current Time Running" value="1899" />
  <attribute name ="GC Interval" value="0" />
  <attribute name="ProportionalT" value="15.000000" />
  <attribute name="ProportionalI" value="15.000000" />
  <attribute name="ProportionalH" value="15.000000" />
  <attribute name="Current Error" value="30.000000" />
  <attribute name="IntegralT" value="30.000000" />
  <attribute name="IntegralI" value="30.000000" />
  <attribute name="IntegralH" value="30.000000" />
  <attribute name="DerivativeT" value="30.000000" />
  <attribute name="DerivativeI" value="30.000000" />
  <attribute name="DerivativeH" value="30.000000" />
  <attribute name="Loop Time for DT" value="1.000000" />
  <attribute name="Output H" value="8388608"/>
  <attribute name="Output I" value="200"/>
  <attribute name="Output T" value="4"/>
  <attribute name="Target GC Util Change" value ="20.000000" />
  <attribute name="Current GC Util Change" value="50.000000"/>
  <attribute name="GC Util currently" value="50" />
  <attribute name="CPU Util currently" value="16733987018819" />
<exclusive-end id="466" timestamp="2019-06-15T02:19:10.466" durationms="4.002" />

<exclusive-start id="467" timestamp="2019-06-15T02:19:10.487" intervalms="24.977">
  <response-info timems="0.029" idlems="0.028" threads="1" lastid="000000000203C100" lastname="Thread-10" />
</exclusive-start>
<allocation-taxation id="468" taxation-threshold="30408704" timestamp="2019-06-15T02:19:10.487" intervalms="25.011" />
<cycle-start id="469" type="partial gc" contextid="0" timestamp="2019-06-15T02:19:10.487" intervalms="25.060" />
<gc-start id="470" type="partial gc" contextid="469" timestamp="2019-06-15T02:19:10.487">
  <mem-info id="471" free="24117248" total="94371840" percent="25">
    <mem type="eden" free="0" total="30408704" percent="0" />
    <remembered-set count="21824" freebytes="3679744" totalbytes="3767040" percent="97" regionsoverflowed="0" regionsstable="1" regionsrebuilding="0"/>
  </mem-info>
</gc-start>
<allocation-stats totalBytes="30404864" >
  <allocated-bytes non-tlh="0" tlh="30404864" arrayletleaf="0"/>
  <largest-consumer threadName="Thread-8" threadId="0000000002034900" bytes="11598416" />
</allocation-stats>
<gc-op id="472" type="copy forward" timems="2.056" contextid="469" timestamp="2019-06-15T02:19:10.490">
  <memory-copied type="eden" objects="11312" bytes="409888" bytesdiscarded="42824" />
  <memory-copied type="other" objects="8718" bytes="346608" bytesdiscarded="21136" />
  <memory-cardclean objects="5542" bytes="312968" />
  <regions eden="29" other="2" />
  <remembered-set-cleared processed="18963" cleared="1000" durationms="0.151" />
  <stringconstants candidates="4597" cleared="0"  />
</gc-op>
<gc-op id="473" type="classunload" timems="0.002" contextid="469" timestamp="2019-06-15T02:19:10.490">
  <classunload-info classloadercandidates="8" classloadersunloaded="0" classesunloaded="0" anonymousclassesunloaded="0" quiescems="0.000" setupms="0.002" scanms="0.000" postms="0.000" />
</gc-op>
<heap-resize id="474" type="expand" space="default" amount="5242880" count="1" timems="0.080" reason="excessive time being spent in gc" timestamp="2019-06-15T02:19:10.490" />
<gc-end id="475" type="partial gc" contextid="469" durationms="3.278" usertimems="0.000" systemtimems="4.000" timestamp="2019-06-15T02:19:10.490" activeThreads="4">
  <mem-info id="476" free="59768832" total="99614720" percent="60">
    <mem type="eden" free="595864" total="1048576" percent="56" />
    <remembered-set count="22112" freebytes="3887872" totalbytes="3976320" percent="97" regionsoverflowed="0" regionsstable="1" regionsrebuilding="0"/>
  </mem-info>
</gc-end>
<cycle-end id="477" type="partial gc" contextid="469" timestamp="2019-06-15T02:19:10.491" />
  <attribute name="elasticGC enabled" value="1" />
  <attribute name= "numThreadsSpecified" value="4" />
  <attribute name="heapSize specified" value="0" />
  <attribute name="Current GC Util" value="40" />
  <attribute name= "Current Time Running" value="1924" />
  <attribute name ="GC Interval" value="0" />
  <attribute name="ProportionalT" value="10.000000" />
  <attribute name="ProportionalI" value="10.000000" />
  <attribute name="ProportionalH" value="10.000000" />
  <attribute name="Current Error" value="20.000000" />
  <attribute name="IntegralT" value="20.000000" />
  <attribute name="IntegralI" value="20.000000" />
  <attribute name="IntegralH" value="20.000000" />
  <attribute name="DerivativeT" value="20.000000" />
  <attribute name="DerivativeI" value="20.000000" />
  <attribute name="DerivativeH" value="20.000000" />
  <attribute name="Loop Time for DT" value="1.000000" />
  <attribute name="Output H" value="8388608"/>
  <attribute name="Output I" value="200"/>
  <attribute name="Output T" value="4"/>
  <attribute name="Target GC Util Change" value ="20.000000" />
  <attribute name="Current GC Util Change" value="40.000000"/>
  <attribute name="GC Util currently" value="40" />
  <attribute name="CPU Util currently" value="18519711721936" />
<exclusive-end id="478" timestamp="2019-06-15T02:19:10.491" durationms="4.392" />

<exclusive-start id="479" timestamp="2019-06-15T02:19:10.513" intervalms="26.558">
  <response-info timems="0.042" idlems="0.042" threads="0" lastid="0000000002030D00" lastname="Thread-9" />
</exclusive-start>
<allocation-taxation id="480" taxation-threshold="31457280" timestamp="2019-06-15T02:19:10.513" intervalms="26.498" />
<cycle-start id="481" type="partial gc" contextid="0" timestamp="2019-06-15T02:19:10.513" intervalms="26.447" />
<gc-start id="482" type="partial gc" contextid="481" timestamp="2019-06-15T02:19:10.514">
  <mem-info id="483" free="28311552" total="99614720" percent="28">
    <mem type="eden" free="0" total="31457280" percent="0" />
    <remembered-set count="21888" freebytes="3888768" totalbytes="3976320" percent="97" regionsoverflowed="0" regionsstable="1" regionsrebuilding="0"/>
  </mem-info>
</gc-start>
<allocation-stats totalBytes="31453536" >
  <allocated-bytes non-tlh="0" tlh="31453536" arrayletleaf="0"/>
  <largest-consumer threadName="Thread-7" threadId="0000000002038500" bytes="11819560" />
</allocation-stats>
<gc-op id="484" type="copy forward" timems="2.347" contextid="481" timestamp="2019-06-15T02:19:10.517">
  <memory-copied type="eden" objects="12603" bytes="578624" bytesdiscarded="0" />
  <memory-copied type="other" objects="3786" bytes="90864" bytesdiscarded="0" />
  <memory-cardclean objects="5697" bytes="339128" />
  <regions eden="30" other="1" />
  <remembered-set-cleared processed="19680" cleared="867" durationms="0.240" />
  <stringconstants candidates="4597" cleared="0"  />
</gc-op>
<gc-op id="485" type="classunload" timems="0.003" contextid="481" timestamp="2019-06-15T02:19:10.517">
  <classunload-info classloadercandidates="8" classloadersunloaded="0" classesunloaded="0" anonymousclassesunloaded="0" quiescems="0.000" setupms="0.002" scanms="0.000" postms="0.000" />
</gc-op>
<heap-resize id="486" type="expand" space="default" amount="3145728" count="1" timems="0.065" reason="excessive time being spent in gc" timestamp="2019-06-15T02:19:10.517" />
<gc-end id="487" type="partial gc" contextid="481" durationms="3.635" usertimems="0.000" systemtimems="0.000" timestamp="2019-06-15T02:19:10.517" activeThreads="1">
  <mem-info id="488" free="61865984" total="102760448" percent="60">
    <mem type="eden" free="469952" total="1048576" percent="44" />
    <remembered-set count="22368" freebytes="4012416" totalbytes="4101888" percent="97" regionsoverflowed="0" regionsstable="1" regionsrebuilding="0"/>
  </mem-info>
</gc-end>
<cycle-end id="489" type="partial gc" contextid="481" timestamp="2019-06-15T02:19:10.517" />
  <attribute name="elasticGC enabled" value="1" />
  <attribute name= "numThreadsSpecified" value="1" />
  <attribute name="heapSize specified" value="0" />
  <attribute name="Current GC Util" value="43" />
  <attribute name= "Current Time Running" value="1950" />
  <attribute name ="GC Interval" value="0" />
  <attribute name="ProportionalT" value="11.500000" />
  <attribute name="ProportionalI" value="11.500000" />
  <attribute name="ProportionalH" value="11.500000" />
  <attribute name="Current Error" value="23.000000" />
  <attribute name="IntegralT" value="0.000000" />
  <attribute name="IntegralI" value="0.000000" />
  <attribute name="IntegralH" value="0.000000" />
  <attribute name="DerivativeT" value="inf" />
  <attribute name="DerivativeI" value="inf" />
  <attribute name="DerivativeH" value="inf" />
  <attribute name="Loop Time for DT" value="0.000000" />
  <attribute name="Output H" value="8388608"/>
  <attribute name="Output I" value="200"/>
  <attribute name="Output T" value="1"/>
  <attribute name="Target GC Util Change" value ="20.000000" />
  <attribute name="Current GC Util Change" value="43.000000"/>
  <attribute name="GC Util currently" value="43" />
  <attribute name="CPU Util currently" value="20350222465856" />
<exclusive-end id="490" timestamp="2019-06-15T02:19:10.518" durationms="4.657" />

<exclusive-start id="491" timestamp="2019-06-15T02:19:10.538" intervalms="24.693">
  <response-info timems="0.022" idlems="0.022" threads="0" lastid="0000000002030D00" lastname="Thread-9" />
</exclusive-start>
<allocation-taxation id="492" taxation-threshold="32505856" timestamp="2019-06-15T02:19:10.538" intervalms="24.725" />
<cycle-start id="493" type="partial gc" contextid="0" timestamp="2019-06-15T02:19:10.538" intervalms="24.790" />
<gc-start id="494" type="partial gc" contextid="493" timestamp="2019-06-15T02:19:10.538">
  <mem-info id="495" free="29360128" total="102760448" percent="28">
    <mem type="eden" free="0" total="32505856" percent="0" />
    <remembered-set count="22080" freebytes="4013568" totalbytes="4101888" percent="97" regionsoverflowed="0" regionsstable="1" regionsrebuilding="0"/>
  </mem-info>
</gc-start>
<allocation-stats totalBytes="32501864" >
  <allocated-bytes non-tlh="0" tlh="32501864" arrayletleaf="0"/>
  <largest-consumer threadName="Thread-9" threadId="0000000002030D00" bytes="11778728" />
</allocation-stats>
<gc-op id="496" type="copy forward" timems="2.363" contextid="493" timestamp="2019-06-15T02:19:10.541">
  <memory-copied type="eden" objects="3589" bytes="87576" bytesdiscarded="0" />
  <memory-copied type="other" objects="12311" bytes="570216" bytesdiscarded="0" />
  <memory-cardclean objects="3597" bytes="215480" />
  <regions eden="31" other="1" />
  <remembered-set-cleared processed="20234" cleared="680" durationms="0.240" />
  <stringconstants candidates="4597" cleared="0"  />
</gc-op>
<gc-op id="497" type="classunload" timems="0.002" contextid="493" timestamp="2019-06-15T02:19:10.541">
  <classunload-info classloadercandidates="8" classloadersunloaded="0" classesunloaded="0" anonymousclassesunloaded="0" quiescems="0.000" setupms="0.002" scanms="0.000" postms="0.000" />
</gc-op>
<heap-resize id="498" type="expand" space="default" amount="2097152" count="1" timems="0.059" reason="excessive time being spent in gc" timestamp="2019-06-15T02:19:10.542" />
<gc-end id="499" type="partial gc" contextid="493" durationms="3.504" usertimems="0.000" systemtimems="4.000" timestamp="2019-06-15T02:19:10.542" activeThreads="1">
  <mem-info id="500" free="62914560" total="104857600" percent="60">
    <mem type="eden" free="961000" total="1048576" percent="91" />
    <remembered-set count="23104" freebytes="4093184" totalbytes="4185600" percent="97" regionsoverflowed="0" regionsstable="1" regionsrebuilding="0"/>
  </mem-info>
</gc-end>
<cycle-end id="501" type="partial gc" contextid="493" timestamp="2019-06-15T02:19:10.542" />
  <attribute name="elasticGC enabled" value="1" />
  <attribute name= "numThreadsSpecified" value="1" />
  <attribute name="heapSize specified" value="0" />
  <attribute name="Current GC Util" value="45" />
  <attribute name= "Current Time Running" value="1975" />
  <attribute name ="GC Interval" value="0" />
  <attribute name="ProportionalT" value="12.500000" />
  <attribute name="ProportionalI" value="12.500000" />
  <attribute name="ProportionalH" value="12.500000" />
  <attribute name="Current Error" value="25.000000" />
  <attribute name="IntegralT" value="0.000000" />
  <attribute name="IntegralI" value="0.000000" />
  <attribute name="IntegralH" value="0.000000" />
  <attribute name="DerivativeT" value="inf" />
  <attribute name="DerivativeI" value="inf" />
  <attribute name="DerivativeH" value="inf" />
  <attribute name="Loop Time for DT" value="0.000000" />
  <attribute name="Output H" value="8388608"/>
  <attribute name="Output I" value="200"/>
  <attribute name="Output T" value="1"/>
  <attribute name="Target GC Util Change" value ="20.000000" />
  <attribute name="Current GC Util Change" value="45.000000"/>
  <attribute name="GC Util currently" value="45" />
  <attribute name="CPU Util currently" value="18225558676844" />
<exclusive-end id="502" timestamp="2019-06-15T02:19:10.542" durationms="4.585" />

<exclusive-start id="503" timestamp="2019-06-15T02:19:10.560" intervalms="21.733">
  <response-info timems="0.026" idlems="0.026" threads="0" lastid="0000000002038500" lastname="Thread-7" />
</exclusive-start>
<allocation-taxation id="504" taxation-threshold="32505856" timestamp="2019-06-15T02:19:10.560" intervalms="21.738" />
<cycle-start id="505" type="partial gc" contextid="0" timestamp="2019-06-15T02:19:10.560" intervalms="21.745" />
<gc-start id="506" type="partial gc" contextid="505" timestamp="2019-06-15T02:19:10.560">
  <mem-info id="507" free="30408704" total="104857600" percent="29">
    <mem type="eden" free="0" total="32505856" percent="0" />
    <remembered-set count="22944" freebytes="4093824" totalbytes="4185600" percent="97" regionsoverflowed="0" regionsstable="1" regionsrebuilding="0"/>
  </mem-info>
</gc-start>
<allocation-stats totalBytes="32502072" >
  <allocated-bytes non-tlh="0" tlh="32502072" arrayletleaf="0"/>
  <largest-consumer threadName="Thread-9" threadId="0000000002030D00" bytes="10578688" />
</allocation-stats>
<gc-op id="508" type="copy forward" timems="1.958" contextid="505" timestamp="2019-06-15T02:19:10.563">
  <memory-copied type="eden" objects="4458" bytes="107976" bytesdiscarded="2904" />
  <memory-copied type="other" objects="3290" bytes="78960" bytesdiscarded="1320" />
  <memory-cardclean objects="8733" bytes="499976" />
  <regions eden="31" other="1" />
  <remembered-set-cleared processed="20747" cleared="642" durationms="0.160" />
  <stringconstants candidates="4597" cleared="0"  />
</gc-op>
<gc-op id="509" type="classunload" timems="0.002" contextid="505" timestamp="2019-06-15T02:19:10.563">
  <classunload-info classloadercandidates="8" classloadersunloaded="0" classesunloaded="0" anonymousclassesunloaded="0" quiescems="0.000" setupms="0.002" scanms="0.000" postms="0.000" />
</gc-op>
<heap-resize id="510" type="expand" space="default" amount="3145728" count="1" timems="0.065" reason="excessive time being spent in gc" timestamp="2019-06-15T02:19:10.563" />
<gc-end id="511" type="partial gc" contextid="505" durationms="3.054" usertimems="0.000" systemtimems="4.000" timestamp="2019-06-15T02:19:10.563" activeThreads="4">
  <mem-info id="512" free="65011712" total="108003328" percent="60">
    <mem type="eden" free="937696" total="1048576" percent="89" />
    <remembered-set count="24256" freebytes="4214144" totalbytes="4311168" percent="97" regionsoverflowed="0" regionsstable="1" regionsrebuilding="0"/>
  </mem-info>
</gc-end>
<cycle-end id="513" type="partial gc" contextid="505" timestamp="2019-06-15T02:19:10.563" />
  <attribute name="elasticGC enabled" value="1" />
  <attribute name= "numThreadsSpecified" value="4" />
  <attribute name="heapSize specified" value="0" />
  <attribute name="Current GC Util" value="53" />
  <attribute name= "Current Time Running" value="1997" />
  <attribute name ="GC Interval" value="0" />
  <attribute name="ProportionalT" value="16.500000" />
  <attribute name="ProportionalI" value="16.500000" />
  <attribute name="ProportionalH" value="16.500000" />
  <attribute name="Current Error" value="33.000000" />
  <attribute name="IntegralT" value="33.000000" />
  <attribute name="IntegralI" value="33.000000" />
  <attribute name="IntegralH" value="33.000000" />
  <attribute name="DerivativeT" value="33.000000" />
  <attribute name="DerivativeI" value="33.000000" />
  <attribute name="DerivativeH" value="33.000000" />
  <attribute name="Loop Time for DT" value="1.000000" />
  <attribute name="Output H" value="8388608"/>
  <attribute name="Output I" value="200"/>
  <attribute name="Output T" value="4"/>
  <attribute name="Target GC Util Change" value ="20.000000" />
  <attribute name="Current GC Util Change" value="53.000000"/>
  <attribute name="GC Util currently" value="53" />
  <attribute name="CPU Util currently" value="22207333995385" />
<exclusive-end id="514" timestamp="2019-06-15T02:19:10.564" durationms="4.046" />

<exclusive-start id="515" timestamp="2019-06-15T02:19:10.583" intervalms="23.290">
  <response-info timems="0.020" idlems="0.020" threads="0" lastid="0000000002030D00" lastname="Thread-9" />
</exclusive-start>
<allocation-taxation id="516" taxation-threshold="33554432" timestamp="2019-06-15T02:19:10.583" intervalms="23.262" />
<cycle-start id="517" type="partial gc" contextid="0" timestamp="2019-06-15T02:19:10.583" intervalms="23.244" />
<gc-start id="518" type="partial gc" contextid="517" timestamp="2019-06-15T02:19:10.583">
  <mem-info id="519" free="31457280" total="108003328" percent="29">
    <mem type="eden" free="0" total="33554432" percent="0" />
    <remembered-set count="24256" freebytes="4214144" totalbytes="4311168" percent="97" regionsoverflowed="0" regionsstable="1" regionsrebuilding="0"/>
  </mem-info>
</gc-start>
<allocation-stats totalBytes="33550448" >
  <allocated-bytes non-tlh="0" tlh="33550448" arrayletleaf="0"/>
  <largest-consumer threadName="Thread-8" threadId="0000000002034900" bytes="9092128" />
</allocation-stats>
<gc-op id="520" type="copy forward" timems="2.578" contextid="517" timestamp="2019-06-15T02:19:10.587">
  <memory-copied type="eden" objects="12869" bytes="585336" bytesdiscarded="0" />
  <memory-copied type="other" objects="4263" bytes="102312" bytesdiscarded="0" />
  <memory-cardclean objects="7226" bytes="393592" />
  <regions eden="32" other="1" />
  <remembered-set-cleared processed="21492" cleared="806" durationms="0.242" />
  <stringconstants candidates="4597" cleared="0"  />
</gc-op>
<gc-op id="521" type="classunload" timems="0.002" contextid="517" timestamp="2019-06-15T02:19:10.587">
  <classunload-info classloadercandidates="8" classloadersunloaded="0" classesunloaded="0" anonymousclassesunloaded="0" quiescems="0.000" setupms="0.002" scanms="0.000" postms="0.000" />
</gc-op>
<heap-resize id="522" type="expand" space="default" amount="2097152" count="1" timems="0.060" reason="excessive time being spent in gc" timestamp="2019-06-15T02:19:10.587" />
<gc-end id="523" type="partial gc" contextid="517" durationms="3.808" usertimems="4.000" systemtimems="0.000" timestamp="2019-06-15T02:19:10.587" activeThreads="1">
  <mem-info id="524" free="66060288" total="110100480" percent="60">
    <mem type="eden" free="463240" total="1048576" percent="44" />
    <remembered-set count="24832" freebytes="4295552" totalbytes="4394880" percent="97" regionsoverflowed="0" regionsstable="1" regionsrebuilding="0"/>
  </mem-info>
</gc-end>
<cycle-end id="525" type="partial gc" contextid="517" timestamp="2019-06-15T02:19:10.587" />
  <attribute name="elasticGC enabled" value="1" />
  <attribute name= "numThreadsSpecified" value="1" />
  <attribute name="heapSize specified" value="0" />
  <attribute name="Current GC Util" value="40" />
  <attribute name= "Current Time Running" value="2020" />
  <attribute name ="GC Interval" value="0" />
  <attribute name="ProportionalT" value="10.000000" />
  <attribute name="ProportionalI" value="10.000000" />
  <attribute name="ProportionalH" value="10.000000" />
  <attribute name="Current Error" value="20.000000" />
  <attribute name="IntegralT" value="0.000000" />
  <attribute name="IntegralI" value="0.000000" />
  <attribute name="IntegralH" value="0.000000" />
  <attribute name="DerivativeT" value="inf" />
  <attribute name="DerivativeI" value="inf" />
  <attribute name="DerivativeH" value="inf" />
  <attribute name="Loop Time for DT" value="0.000000" />
  <attribute name="Output H" value="8388608"/>
  <attribute name="Output I" value="200"/>
  <attribute name="Output T" value="1"/>
  <attribute name="Target GC Util Change" value ="20.000000" />
  <attribute name="Current GC Util Change" value="40.000000"/>
  <attribute name="GC Util currently" value="40" />
  <attribute name="CPU Util currently" value="19220403747874" />
<exclusive-end id="526" timestamp="2019-06-15T02:19:10.588" durationms="4.749" />

<exclusive-start id="527" timestamp="2019-06-15T02:19:10.607" intervalms="24.241">
  <response-info timems="0.046" idlems="0.046" threads="0" lastid="0000000002034900" lastname="Thread-8" />
</exclusive-start>
<allocation-taxation id="528" taxation-threshold="33554432" timestamp="2019-06-15T02:19:10.607" intervalms="24.226" />
<cycle-start id="529" type="partial gc" contextid="0" timestamp="2019-06-15T02:19:10.607" intervalms="24.198" />
<gc-start id="530" type="partial gc" contextid="529" timestamp="2019-06-15T02:19:10.608">
  <mem-info id="531" free="32505856" total="110100480" percent="29">
    <mem type="eden" free="0" total="33554432" percent="0" />
    <remembered-set count="24704" freebytes="4296064" totalbytes="4394880" percent="97" regionsoverflowed="0" regionsstable="1" regionsrebuilding="0"/>
  </mem-info>
</gc-start>
<allocation-stats totalBytes="33549680" >
  <allocated-bytes non-tlh="0" tlh="33549680" arrayletleaf="0"/>
  <largest-consumer threadName="Thread-10" threadId="000000000203C100" bytes="12421720" />
</allocation-stats>
<gc-op id="532" type="copy forward" timems="2.898" contextid="529" timestamp="2019-06-15T02:19:10.611">
  <memory-copied type="eden" objects="11983" bytes="426624" bytesdiscarded="0" />
  <memory-copied type="other" objects="12545" bytes="575856" bytesdiscarded="0" />
  <memory-cardclean objects="3683" bytes="223720" />
  <regions eden="32" other="1" />
  <remembered-set-cleared processed="22290" cleared="721" durationms="0.246" />
  <stringconstants candidates="4597" cleared="0"  />
</gc-op>
<gc-op id="533" type="classunload" timems="0.002" contextid="529" timestamp="2019-06-15T02:19:10.611">
  <classunload-info classloadercandidates="8" classloadersunloaded="0" classesunloaded="0" anonymousclassesunloaded="0" quiescems="0.000" setupms="0.002" scanms="0.000" postms="0.000" />
</gc-op>
<heap-resize id="534" type="expand" space="default" amount="3145728" count="1" timems="0.062" reason="excessive time being spent in gc" timestamp="2019-06-15T02:19:10.612" />
<gc-end id="535" type="partial gc" contextid="529" durationms="4.211" usertimems="0.000" systemtimems="4.000" timestamp="2019-06-15T02:19:10.612" activeThreads="1">
  <mem-info id="536" free="68157440" total="113246208" percent="60">
    <mem type="eden" free="621952" total="1048576" percent="59" />
    <remembered-set count="25728" freebytes="4417536" totalbytes="4520448" percent="97" regionsoverflowed="0" regionsstable="1" regionsrebuilding="0"/>
  </mem-info>
</gc-end>
<cycle-end id="537" type="partial gc" contextid="529" timestamp="2019-06-15T02:19:10.612" />
  <attribute name="elasticGC enabled" value="1" />
  <attribute name= "numThreadsSpecified" value="1" />
  <attribute name="heapSize specified" value="0" />
  <attribute name="Current GC Util" value="43" />
  <attribute name= "Current Time Running" value="2044" />
  <attribute name ="GC Interval" value="0" />
  <attribute name="ProportionalT" value="11.500000" />
  <attribute name="ProportionalI" value="11.500000" />
  <attribute name="ProportionalH" value="11.500000" />
  <attribute name="Current Error" value="23.000000" />
  <attribute name="IntegralT" value="0.000000" />
  <attribute name="IntegralI" value="0.000000" />
  <attribute name="IntegralH" value="0.000000" />
  <attribute name="DerivativeT" value="inf" />
  <attribute name="DerivativeI" value="inf" />
  <attribute name="DerivativeH" value="inf" />
  <attribute name="Loop Time for DT" value="0.000000" />
  <attribute name="Output H" value="8388608"/>
  <attribute name="Output I" value="200"/>
  <attribute name="Output T" value="1"/>
  <attribute name="Target GC Util Change" value ="20.000000" />
  <attribute name="Current GC Util Change" value="43.000000"/>
  <attribute name="GC Util currently" value="43" />
  <attribute name="CPU Util currently" value="17469698744481" />
<exclusive-end id="538" timestamp="2019-06-15T02:19:10.612" durationms="5.009" />

<exclusive-start id="539" timestamp="2019-06-15T02:19:10.630" intervalms="22.501">
  <response-info timems="0.021" idlems="0.021" threads="0" lastid="000000000203C100" lastname="Thread-10" />
</exclusive-start>
<allocation-taxation id="540" taxation-threshold="34603008" timestamp="2019-06-15T02:19:10.630" intervalms="22.490" />
<cycle-start id="541" type="partial gc" contextid="0" timestamp="2019-06-15T02:19:10.630" intervalms="22.485" />
<gc-start id="542" type="partial gc" contextid="541" timestamp="2019-06-15T02:19:10.630">
  <mem-info id="543" free="33554432" total="113246208" percent="29">
    <mem type="eden" free="0" total="34603008" percent="0" />
    <remembered-set count="25536" freebytes="4418304" totalbytes="4520448" percent="97" regionsoverflowed="0" regionsstable="1" regionsrebuilding="0"/>
  </mem-info>
</gc-start>
<allocation-stats totalBytes="34599120" >
  <allocated-bytes non-tlh="0" tlh="34599120" arrayletleaf="0"/>
  <largest-consumer threadName="Thread-9" threadId="0000000002030D00" bytes="10275616" />
</allocation-stats>
<gc-op id="544" type="copy forward" timems="2.376" contextid="541" timestamp="2019-06-15T02:19:10.633">
  <memory-copied type="eden" objects="11232" bytes="545720" bytesdiscarded="22464" />
  <memory-copied type="other" objects="9621" bytes="368304" bytesdiscarded="5216" />
  <memory-cardclean objects="4081" bytes="242944" />
  <regions eden="33" other="2" />
  <remembered-set-cleared processed="22559" cleared="990" durationms="0.164" />
  <stringconstants candidates="4597" cleared="0"  />
</gc-op>
<gc-op id="545" type="classunload" timems="0.002" contextid="541" timestamp="2019-06-15T02:19:10.633">
  <classunload-info classloadercandidates="8" classloadersunloaded="0" classesunloaded="0" anonymousclassesunloaded="0" quiescems="0.000" setupms="0.002" scanms="0.000" postms="0.000" />
</gc-op>
<heap-resize id="546" type="expand" space="default" amount="2097152" count="1" timems="0.059" reason="excessive time being spent in gc" timestamp="2019-06-15T02:19:10.634" />
<gc-end id="547" type="partial gc" contextid="541" durationms="3.656" usertimems="4.000" systemtimems="0.000" timestamp="2019-06-15T02:19:10.634" activeThreads="4">
  <mem-info id="548" free="69206016" total="115343360" percent="60">
    <mem type="eden" free="480392" total="1048576" percent="45" />
    <remembered-set count="24800" freebytes="4504960" totalbytes="4604160" percent="97" regionsoverflowed="0" regionsstable="1" regionsrebuilding="0"/>
  </mem-info>
</gc-end>
<cycle-end id="549" type="partial gc" contextid="541" timestamp="2019-06-15T02:19:10.634" />
  <attribute name="elasticGC enabled" value="1" />
  <attribute name= "numThreadsSpecified" value="4" />
  <attribute name="heapSize specified" value="0" />
  <attribute name="Current GC Util" value="47" />
  <attribute name= "Current Time Running" value="2067" />
  <attribute name ="GC Interval" value="0" />
  <attribute name="ProportionalT" value="13.500000" />
  <attribute name="ProportionalI" value="13.500000" />
  <attribute name="ProportionalH" value="13.500000" />
  <attribute name="Current Error" value="27.000000" />
  <attribute name="IntegralT" value="27.000000" />
  <attribute name="IntegralI" value="27.000000" />
  <attribute name="IntegralH" value="27.000000" />
  <attribute name="DerivativeT" value="27.000000" />
  <attribute name="DerivativeI" value="27.000000" />
  <attribute name="DerivativeH" value="27.000000" />
  <attribute name="Loop Time for DT" value="1.000000" />
  <attribute name="Output H" value="8388608"/>
  <attribute name="Output I" value="200"/>
  <attribute name="Output T" value="4"/>
  <attribute name="Target GC Util Change" value ="20.000000" />
  <attribute name="Current GC Util Change" value="47.000000"/>
  <attribute name="GC Util currently" value="47" />
  <attribute name="CPU Util currently" value="15651350288542" />
<exclusive-end id="550" timestamp="2019-06-15T02:19:10.634" durationms="4.562" />

<exclusive-start id="551" timestamp="2019-06-15T02:19:10.655" intervalms="25.559">
  <response-info timems="0.038" idlems="0.021" threads="1" lastid="000000000203C100" lastname="Thread-10" />
</exclusive-start>
<allocation-taxation id="552" taxation-threshold="35651584" timestamp="2019-06-15T02:19:10.655" intervalms="25.549" />
<cycle-start id="553" type="partial gc" contextid="0" timestamp="2019-06-15T02:19:10.655" intervalms="25.538" />
<gc-start id="554" type="partial gc" contextid="553" timestamp="2019-06-15T02:19:10.656">
  <mem-info id="555" free="33554432" total="115343360" percent="29">
    <mem type="eden" free="0" total="35651584" percent="0" />
    <remembered-set count="24704" freebytes="4505344" totalbytes="4604160" percent="97" regionsoverflowed="0" regionsstable="1" regionsrebuilding="0"/>
  </mem-info>
</gc-start>
<allocation-stats totalBytes="35647408" >
  <allocated-bytes non-tlh="0" tlh="35647408" arrayletleaf="0"/>
  <largest-consumer threadName="Thread-9" threadId="0000000002030D00" bytes="11201120" />
</allocation-stats>
<gc-op id="556" type="copy forward" timems="2.454" contextid="553" timestamp="2019-06-15T02:19:10.659">
  <memory-copied type="eden" objects="2677" bytes="65768" bytesdiscarded="0" />
  <memory-copied type="other" objects="12880" bytes="583872" bytesdiscarded="0" />
  <memory-cardclean objects="4873" bytes="295832" />
  <regions eden="34" other="2" />
  <remembered-set-cleared processed="22857" cleared="513" durationms="0.256" />
  <stringconstants candidates="4597" cleared="0"  />
</gc-op>
<gc-op id="557" type="classunload" timems="0.003" contextid="553" timestamp="2019-06-15T02:19:10.659">
  <classunload-info classloadercandidates="8" classloadersunloaded="0" classesunloaded="0" anonymousclassesunloaded="0" quiescems="0.000" setupms="0.002" scanms="0.000" postms="0.000" />
</gc-op>
<heap-resize id="558" type="expand" space="default" amount="3145728" count="1" timems="0.066" reason="excessive time being spent in gc" timestamp="2019-06-15T02:19:10.659" />
<gc-end id="559" type="partial gc" contextid="553" durationms="3.786" usertimems="4.000" systemtimems="0.000" timestamp="2019-06-15T02:19:10.659" activeThreads="1">
  <mem-info id="560" free="71303168" total="118489088" percent="60">
    <mem type="eden" free="982808" total="1048576" percent="93" />
    <remembered-set count="25664" freebytes="4627072" totalbytes="4729728" percent="97" regionsoverflowed="0" regionsstable="1" regionsrebuilding="0"/>
  </mem-info>
</gc-end>
<cycle-end id="561" type="partial gc" contextid="553" timestamp="2019-06-15T02:19:10.660" />
  <attribute name="elasticGC enabled" value="1" />
  <attribute name= "numThreadsSpecified" value="1" />
  <attribute name="heapSize specified" value="0" />
  <attribute name="Current GC Util" value="37" />
  <attribute name= "Current Time Running" value="2092" />
  <attribute name ="GC Interval" value="0" />
  <attribute name="ProportionalT" value="8.500000" />
  <attribute name="ProportionalI" value="8.500000" />
  <attribute name="ProportionalH" value="8.500000" />
  <attribute name="Current Error" value="17.000000" />
  <attribute name="IntegralT" value="0.000000" />
  <attribute name="IntegralI" value="0.000000" />
  <attribute name="IntegralH" value="0.000000" />
  <attribute name="DerivativeT" value="inf" />
  <attribute name="DerivativeI" value="inf" />
  <attribute name="DerivativeH" value="inf" />
  <attribute name="Loop Time for DT" value="0.000000" />
  <attribute name="Output H" value="8388608"/>
  <attribute name="Output I" value="200"/>
  <attribute name="Output T" value="1"/>
  <attribute name="Target GC Util Change" value ="20.000000" />
  <attribute name="Current GC Util Change" value="37.000000"/>
  <attribute name="GC Util currently" value="37" />
  <attribute name="CPU Util currently" value="16425957107777" />
<exclusive-end id="562" timestamp="2019-06-15T02:19:10.660" durationms="4.594" />

<exclusive-start id="563" timestamp="2019-06-15T02:19:10.685" intervalms="29.608">
  <response-info timems="0.085" idlems="0.085" threads="0" lastid="0000000002038500" lastname="Thread-7" />
</exclusive-start>
<allocation-taxation id="564" taxation-threshold="35651584" timestamp="2019-06-15T02:19:10.685" intervalms="29.625" />
<cycle-start id="565" type="partial gc" contextid="0" timestamp="2019-06-15T02:19:10.685" intervalms="29.605" />
<gc-start id="566" type="partial gc" contextid="565" timestamp="2019-06-15T02:19:10.685">
  <mem-info id="567" free="35651584" total="118489088" percent="30">
    <mem type="eden" free="0" total="35651584" percent="0" />
    <remembered-set count="25408" freebytes="4628096" totalbytes="4729728" percent="97" regionsoverflowed="0" regionsstable="1" regionsrebuilding="0"/>
  </mem-info>
</gc-start>
<allocation-stats totalBytes="35647712" >
  <allocated-bytes non-tlh="0" tlh="35647712" arrayletleaf="0"/>
  <largest-consumer threadName="Thread-7" threadId="0000000002038500" bytes="16353624" />
</allocation-stats>
<gc-op id="568" type="copy forward" timems="2.419" contextid="565" timestamp="2019-06-15T02:19:10.688">
  <memory-copied type="eden" objects="2754" bytes="67648" bytesdiscarded="0" />
  <memory-copied type="other" objects="13360" bytes="595392" bytesdiscarded="0" />
  <memory-cardclean objects="5348" bytes="295496" />
  <regions eden="34" other="2" />
  <remembered-set-cleared processed="23354" cleared="707" durationms="0.269" />
  <stringconstants candidates="4597" cleared="0"  />
</gc-op>
<gc-op id="569" type="classunload" timems="0.002" contextid="565" timestamp="2019-06-15T02:19:10.688">
  <classunload-info classloadercandidates="8" classloadersunloaded="0" classesunloaded="0" anonymousclassesunloaded="0" quiescems="0.000" setupms="0.002" scanms="0.000" postms="0.000" />
</gc-op>
<heap-resize id="570" type="expand" space="default" amount="2097152" count="1" timems="0.060" reason="excessive time being spent in gc" timestamp="2019-06-15T02:19:10.689" />
<gc-end id="571" type="partial gc" contextid="565" durationms="3.680" usertimems="0.000" systemtimems="4.000" timestamp="2019-06-15T02:19:10.689" activeThreads="1">
  <mem-info id="572" free="72351744" total="120586240" percent="60">
    <mem type="eden" free="980928" total="1048576" percent="93" />
    <remembered-set count="26528" freebytes="4707328" totalbytes="4813440" percent="97" regionsoverflowed="0" regionsstable="1" regionsrebuilding="0"/>
  </mem-info>
</gc-end>
<cycle-end id="573" type="partial gc" contextid="565" timestamp="2019-06-15T02:19:10.689" />
  <attribute name="elasticGC enabled" value="1" />
  <attribute name= "numThreadsSpecified" value="1" />
  <attribute name="heapSize specified" value="0" />
  <attribute name="Current GC Util" value="48" />
  <attribute name= "Current Time Running" value="2122" />
  <attribute name ="GC Interval" value="0" />
  <attribute name="ProportionalT" value="14.000000" />
  <attribute name="ProportionalI" value="14.000000" />
  <attribute name="ProportionalH" value="14.000000" />
  <attribute name="Current Error" value="28.000000" />
  <attribute name="IntegralT" value="0.000000" />
  <attribute name="IntegralI" value="0.000000" />
  <attribute name="IntegralH" value="0.000000" />
  <attribute name="DerivativeT" value="inf" />
  <attribute name="DerivativeI" value="inf" />
  <attribute name="DerivativeH" value="inf" />
  <attribute name="Loop Time for DT" value="0.000000" />
  <attribute name="Output H" value="8388608"/>
  <attribute name="Output I" value="200"/>
  <attribute name="Output T" value="1"/>
  <attribute name="Target GC Util Change" value ="20.000000" />
  <attribute name="Current GC Util Change" value="48.000000"/>
  <attribute name="GC Util currently" value="48" />
  <attribute name="CPU Util currently" value="17786577446163" />
<exclusive-end id="574" timestamp="2019-06-15T02:19:10.689" durationms="4.667" />

<exclusive-start id="575" timestamp="2019-06-15T02:19:10.713" intervalms="27.808">
  <response-info timems="0.031" idlems="0.031" threads="0" lastid="000000000203C100" lastname="Thread-10" />
</exclusive-start>
<allocation-taxation id="576" taxation-threshold="36700160" timestamp="2019-06-15T02:19:10.713" intervalms="27.874" />
<cycle-start id="577" type="partial gc" contextid="0" timestamp="2019-06-15T02:19:10.713" intervalms="27.973" />
<gc-start id="578" type="partial gc" contextid="577" timestamp="2019-06-15T02:19:10.713">
  <mem-info id="579" free="35651584" total="120586240" percent="29">
    <mem type="eden" free="0" total="36700160" percent="0" />
    <remembered-set count="26144" freebytes="4708864" totalbytes="4813440" percent="97" regionsoverflowed="0" regionsstable="1" regionsrebuilding="0"/>
  </mem-info>
</gc-start>
<allocation-stats totalBytes="36695600" >
  <allocated-bytes non-tlh="0" tlh="36695600" arrayletleaf="0"/>
  <largest-consumer threadName="Thread-7" threadId="0000000002038500" bytes="14403928" />
</allocation-stats>
<gc-op id="580" type="copy forward" timems="2.467" contextid="577" timestamp="2019-06-15T02:19:10.716">
  <memory-copied type="eden" objects="8931" bytes="352600" bytesdiscarded="0" />
  <memory-copied type="other" objects="4815" bytes="115560" bytesdiscarded="0" />
  <memory-cardclean objects="9707" bytes="546512" />
  <regions eden="35" other="2" />
  <remembered-set-cleared processed="23785" cleared="890" durationms="0.271" />
  <stringconstants candidates="4597" cleared="0"  />
</gc-op>
<gc-op id="581" type="classunload" timems="0.003" contextid="577" timestamp="2019-06-15T02:19:10.716">
  <classunload-info classloadercandidates="8" classloadersunloaded="0" classesunloaded="0" anonymousclassesunloaded="0" quiescems="0.000" setupms="0.002" scanms="0.000" postms="0.000" />
</gc-op>
<heap-resize id="582" type="expand" space="default" amount="3145728" count="1" timems="0.064" reason="excessive time being spent in gc" timestamp="2019-06-15T02:19:10.717" />
<gc-end id="583" type="partial gc" contextid="577" durationms="3.701" usertimems="0.000" systemtimems="4.000" timestamp="2019-06-15T02:19:10.717" activeThreads="1">
  <mem-info id="584" free="74448896" total="123731968" percent="60">
    <mem type="eden" free="695976" total="1048576" percent="66" />
    <remembered-set count="27296" freebytes="4829824" totalbytes="4939008" percent="97" regionsoverflowed="0" regionsstable="1" regionsrebuilding="0"/>
  </mem-info>
</gc-end>
<cycle-end id="585" type="partial gc" contextid="577" timestamp="2019-06-15T02:19:10.717" />
  <attribute name="elasticGC enabled" value="1" />
  <attribute name= "numThreadsSpecified" value="1" />
  <attribute name="heapSize specified" value="0" />
  <attribute name="Current GC Util" value="41" />
  <attribute name= "Current Time Running" value="2150" />
  <attribute name ="GC Interval" value="0" />
  <attribute name="ProportionalT" value="10.500000" />
  <attribute name="ProportionalI" value="10.500000" />
  <attribute name="ProportionalH" value="10.500000" />
  <attribute name="Current Error" value="21.000000" />
  <attribute name="IntegralT" value="0.000000" />
  <attribute name="IntegralI" value="0.000000" />
  <attribute name="IntegralH" value="0.000000" />
  <attribute name="DerivativeT" value="inf" />
  <attribute name="DerivativeI" value="inf" />
  <attribute name="DerivativeH" value="inf" />
  <attribute name="Loop Time for DT" value="0.000000" />
  <attribute name="Output H" value="8388608"/>
  <attribute name="Output I" value="200"/>
  <attribute name="Output T" value="1"/>
  <attribute name="Target GC Util Change" value ="20.000000" />
  <attribute name="Current GC Util Change" value="41.000000"/>
  <attribute name="GC Util currently" value="41" />
  <attribute name="CPU Util currently" value="15960815169951" />
<exclusive-end id="586" timestamp="2019-06-15T02:19:10.717" durationms="4.828" />

<exclusive-start id="587" timestamp="2019-06-15T02:19:10.748" intervalms="35.060">
  <response-info timems="0.027" idlems="0.027" threads="0" lastid="0000000002030D00" lastname="Thread-9" />
</exclusive-start>
<allocation-taxation id="588" taxation-threshold="37748736" timestamp="2019-06-15T02:19:10.748" intervalms="35.070" />
<cycle-start id="589" type="partial gc" contextid="0" timestamp="2019-06-15T02:19:10.748" intervalms="35.102" />
<gc-start id="590" type="partial gc" contextid="589" timestamp="2019-06-15T02:19:10.748">
  <mem-info id="591" free="36700160" total="123731968" percent="29">
    <mem type="eden" free="0" total="37748736" percent="0" />
    <remembered-set count="26944" freebytes="4831232" totalbytes="4939008" percent="97" regionsoverflowed="0" regionsstable="1" regionsrebuilding="0"/>
  </mem-info>
</gc-start>
<allocation-stats totalBytes="37744440" >
  <allocated-bytes non-tlh="0" tlh="37744440" arrayletleaf="0"/>
  <largest-consumer threadName="Thread-10" threadId="000000000203C100" bytes="12184288" />
</allocation-stats>
<gc-op id="592" type="copy forward" timems="2.586" contextid="589" timestamp="2019-06-15T02:19:10.752">
  <memory-copied type="eden" objects="3938" bytes="95560" bytesdiscarded="0" />
  <memory-copied type="other" objects="11235" bytes="407016" bytesdiscarded="0" />
  <memory-cardclean objects="9744" bytes="510344" />
  <regions eden="36" other="2" />
  <remembered-set-cleared processed="24499" cleared="1016" durationms="0.280" />
  <stringconstants candidates="4597" cleared="0"  />
</gc-op>
<gc-op id="593" type="classunload" timems="0.002" contextid="589" timestamp="2019-06-15T02:19:10.752">
  <classunload-info classloadercandidates="8" classloadersunloaded="0" classesunloaded="0" anonymousclassesunloaded="0" quiescems="0.000" setupms="0.002" scanms="0.000" postms="0.000" />
</gc-op>
<heap-resize id="594" type="expand" space="default" amount="2097152" count="1" timems="0.060" reason="excessive time being spent in gc" timestamp="2019-06-15T02:19:10.752" />
<gc-end id="595" type="partial gc" contextid="589" durationms="4.007" usertimems="4.000" systemtimems="0.000" timestamp="2019-06-15T02:19:10.752" activeThreads="1">
  <mem-info id="596" free="75497472" total="125829120" percent="60">
    <mem type="eden" free="953016" total="1048576" percent="90" />
    <remembered-set count="27904" freebytes="4911104" totalbytes="5022720" percent="97" regionsoverflowed="0" regionsstable="1" regionsrebuilding="0"/>
  </mem-info>
</gc-end>
<cycle-end id="597" type="partial gc" contextid="589" timestamp="2019-06-15T02:19:10.753" />
  <attribute name="elasticGC enabled" value="1" />
  <attribute name= "numThreadsSpecified" value="1" />
  <attribute name="heapSize specified" value="0" />
  <attribute name="Current GC Util" value="47" />
  <attribute name= "Current Time Running" value="2185" />
  <attribute name ="GC Interval" value="0" />
  <attribute name="ProportionalT" value="13.500000" />
  <attribute name="ProportionalI" value="13.500000" />
  <attribute name="ProportionalH" value="13.500000" />
  <attribute name="Current Error" value="27.000000" />
  <attribute name="IntegralT" value="0.000000" />
  <attribute name="IntegralI" value="0.000000" />
  <attribute name="IntegralH" value="0.000000" />
  <attribute name="DerivativeT" value="inf" />
  <attribute name="DerivativeI" value="inf" />
  <attribute name="DerivativeH" value="inf" />
  <attribute name="Loop Time for DT" value="0.000000" />
  <attribute name="Output H" value="8388608"/>
  <attribute name="Output I" value="200"/>
  <attribute name="Output T" value="1"/>
  <attribute name="Target GC Util Change" value ="20.000000" />
  <attribute name="Current GC Util Change" value="47.000000"/>
  <attribute name="GC Util currently" value="47" />
  <attribute name="CPU Util currently" value="17047864485707" />
<exclusive-end id="598" timestamp="2019-06-15T02:19:10.753" durationms="5.309" />

<exclusive-start id="599" timestamp="2019-06-15T02:19:10.776" intervalms="28.471">
  <response-info timems="0.025" idlems="0.025" threads="0" lastid="0000000002030D00" lastname="Thread-9" />
</exclusive-start>
<allocation-taxation id="600" taxation-threshold="37748736" timestamp="2019-06-15T02:19:10.776" intervalms="28.440" />
<cycle-start id="601" type="partial gc" contextid="0" timestamp="2019-06-15T02:19:10.776" intervalms="28.387" />
<gc-start id="602" type="partial gc" contextid="601" timestamp="2019-06-15T02:19:10.777">
  <mem-info id="603" free="37748736" total="125829120" percent="30">
    <mem type="eden" free="0" total="37748736" percent="0" />
    <remembered-set count="27840" freebytes="4911360" totalbytes="5022720" percent="97" regionsoverflowed="0" regionsstable="1" regionsrebuilding="0"/>
  </mem-info>
</gc-start>
<allocation-stats totalBytes="37744280" >
  <allocated-bytes non-tlh="0" tlh="37744280" arrayletleaf="0"/>
  <largest-consumer threadName="Thread-7" threadId="0000000002038500" bytes="11242064" />
</allocation-stats>
<gc-op id="604" type="copy forward" timems="2.613" contextid="601" timestamp="2019-06-15T02:19:10.780">
  <memory-copied type="eden" objects="3251" bytes="79416" bytesdiscarded="0" />
  <memory-copied type="other" objects="12540" bytes="438336" bytesdiscarded="0" />
  <memory-cardclean objects="9426" bytes="495536" />
  <regions eden="36" other="2" />
  <remembered-set-cleared processed="25280" cleared="1162" durationms="0.289" />
  <stringconstants candidates="4597" cleared="0"  />
</gc-op>
<gc-op id="605" type="classunload" timems="0.002" contextid="601" timestamp="2019-06-15T02:19:10.780">
  <classunload-info classloadercandidates="8" classloadersunloaded="0" classesunloaded="0" anonymousclassesunloaded="0" quiescems="0.000" setupms="0.002" scanms="0.000" postms="0.000" />
</gc-op>
<heap-resize id="606" type="expand" space="default" amount="3145728" count="1" timems="0.073" reason="excessive time being spent in gc" timestamp="2019-06-15T02:19:10.780" />
<gc-end id="607" type="partial gc" contextid="601" durationms="3.962" usertimems="0.000" systemtimems="0.000" timestamp="2019-06-15T02:19:10.781" activeThreads="1">
  <mem-info id="608" free="77594624" total="128974848" percent="60">
    <mem type="eden" free="969160" total="1048576" percent="92" />
    <remembered-set count="29600" freebytes="5029888" totalbytes="5148288" percent="97" regionsoverflowed="0" regionsstable="1" regionsrebuilding="0"/>
  </mem-info>
</gc-end>
<cycle-end id="609" type="partial gc" contextid="601" timestamp="2019-06-15T02:19:10.781" />
  <attribute name="elasticGC enabled" value="1" />
  <attribute name= "numThreadsSpecified" value="1" />
  <attribute name="heapSize specified" value="0" />
  <attribute name="Current GC Util" value="46" />
  <attribute name= "Current Time Running" value="2213" />
  <attribute name ="GC Interval" value="0" />
  <attribute name="ProportionalT" value="13.000000" />
  <attribute name="ProportionalI" value="13.000000" />
  <attribute name="ProportionalH" value="13.000000" />
  <attribute name="Current Error" value="26.000000" />
  <attribute name="IntegralT" value="0.000000" />
  <attribute name="IntegralI" value="0.000000" />
  <attribute name="IntegralH" value="0.000000" />
  <attribute name="DerivativeT" value="inf" />
  <attribute name="DerivativeI" value="inf" />
  <attribute name="DerivativeH" value="inf" />
  <attribute name="Loop Time for DT" value="0.000000" />
  <attribute name="Output H" value="8388608"/>
  <attribute name="Output I" value="200"/>
  <attribute name="Output T" value="1"/>
  <attribute name="Target GC Util Change" value ="20.000000" />
  <attribute name="Current GC Util Change" value="46.000000"/>
  <attribute name="GC Util currently" value="46" />
  <attribute name="CPU Util currently" value="18055517109839" />
<exclusive-end id="610" timestamp="2019-06-15T02:19:10.781" durationms="4.980" />

<exclusive-start id="611" timestamp="2019-06-15T02:19:10.805" intervalms="28.644">
  <response-info timems="0.027" idlems="0.027" threads="0" lastid="000000000203C100" lastname="Thread-10" />
</exclusive-start>
<allocation-taxation id="612" taxation-threshold="38797312" timestamp="2019-06-15T02:19:10.805" intervalms="28.634" />
<cycle-start id="613" type="partial gc" contextid="0" timestamp="2019-06-15T02:19:10.805" intervalms="28.650" />
<gc-start id="614" type="partial gc" contextid="613" timestamp="2019-06-15T02:19:10.805">
  <mem-info id="615" free="38797312" total="128974848" percent="30">
    <mem type="eden" free="0" total="38797312" percent="0" />
    <remembered-set count="29248" freebytes="5031296" totalbytes="5148288" percent="97" regionsoverflowed="0" regionsstable="1" regionsrebuilding="0"/>
  </mem-info>
</gc-start>
<allocation-stats totalBytes="38792656" >
  <allocated-bytes non-tlh="0" tlh="38792656" arrayletleaf="0"/>
  <largest-consumer threadName="Thread-10" threadId="000000000203C100" bytes="11455056" />
</allocation-stats>
<gc-op id="616" type="copy forward" timems="2.573" contextid="613" timestamp="2019-06-15T02:19:10.809">
  <memory-copied type="eden" objects="8780" bytes="349416" bytesdiscarded="0" />
  <memory-copied type="other" objects="6725" bytes="161400" bytesdiscarded="0" />
  <memory-cardclean objects="11135" bytes="596456" />
  <regions eden="37" other="2" />
  <remembered-set-cleared processed="26083" cleared="1106" durationms="0.280" />
  <stringconstants candidates="4597" cleared="0"  />
</gc-op>
<gc-op id="617" type="classunload" timems="0.002" contextid="613" timestamp="2019-06-15T02:19:10.809">
  <classunload-info classloadercandidates="8" classloadersunloaded="0" classesunloaded="0" anonymousclassesunloaded="0" quiescems="0.000" setupms="0.002" scanms="0.000" postms="0.000" />
</gc-op>
<heap-resize id="618" type="expand" space="default" amount="2097152" count="1" timems="0.058" reason="excessive time being spent in gc" timestamp="2019-06-15T02:19:10.809" />
<gc-end id="619" type="partial gc" contextid="613" durationms="3.886" usertimems="4.000" systemtimems="0.000" timestamp="2019-06-15T02:19:10.809" activeThreads="1">
  <mem-info id="620" free="78643200" total="131072000" percent="60">
    <mem type="eden" free="699160" total="1048576" percent="66" />
    <remembered-set count="29984" freebytes="5112064" totalbytes="5232000" percent="97" regionsoverflowed="0" regionsstable="1" regionsrebuilding="0"/>
  </mem-info>
</gc-end>
<cycle-end id="621" type="partial gc" contextid="613" timestamp="2019-06-15T02:19:10.809" />
  <attribute name="elasticGC enabled" value="1" />
  <attribute name= "numThreadsSpecified" value="1" />
  <attribute name="heapSize specified" value="0" />
  <attribute name="Current GC Util" value="40" />
  <attribute name= "Current Time Running" value="2242" />
  <attribute name ="GC Interval" value="0" />
  <attribute name="ProportionalT" value="10.000000" />
  <attribute name="ProportionalI" value="10.000000" />
  <attribute name="ProportionalH" value="10.000000" />
  <attribute name="Current Error" value="20.000000" />
  <attribute name="IntegralT" value="0.000000" />
  <attribute name="IntegralI" value="0.000000" />
  <attribute name="IntegralH" value="0.000000" />
  <attribute name="DerivativeT" value="inf" />
  <attribute name="DerivativeI" value="inf" />
  <attribute name="DerivativeH" value="inf" />
  <attribute name="Loop Time for DT" value="0.000000" />
  <attribute name="Output H" value="8388608"/>
  <attribute name="Output I" value="200"/>
  <attribute name="Output T" value="1"/>
  <attribute name="Target GC Util Change" value ="20.000000" />
  <attribute name="Current GC Util Change" value="40.000000"/>
  <attribute name="GC Util currently" value="40" />
  <attribute name="CPU Util currently" value="17269063030760" />
<exclusive-end id="622" timestamp="2019-06-15T02:19:10.810" durationms="4.897" />

<exclusive-start id="623" timestamp="2019-06-15T02:19:10.834" intervalms="29.417">
  <response-info timems="0.024" idlems="0.024" threads="0" lastid="0000000002034900" lastname="Thread-8" />
</exclusive-start>
<allocation-taxation id="624" taxation-threshold="38797312" timestamp="2019-06-15T02:19:10.834" intervalms="29.392" />
<cycle-start id="625" type="partial gc" contextid="0" timestamp="2019-06-15T02:19:10.834" intervalms="29.332" />
<gc-start id="626" type="partial gc" contextid="625" timestamp="2019-06-15T02:19:10.835">
  <mem-info id="627" free="39845888" total="131072000" percent="30">
    <mem type="eden" free="0" total="38797312" percent="0" />
    <remembered-set count="29920" freebytes="5112320" totalbytes="5232000" percent="97" regionsoverflowed="0" regionsstable="1" regionsrebuilding="0"/>
  </mem-info>
</gc-start>
<allocation-stats totalBytes="38792616" >
  <allocated-bytes non-tlh="0" tlh="38792616" arrayletleaf="0"/>
  <largest-consumer threadName="Thread-10" threadId="000000000203C100" bytes="11819528" />
</allocation-stats>
<gc-op id="628" type="copy forward" timems="2.511" contextid="625" timestamp="2019-06-15T02:19:10.838">
  <memory-copied type="eden" objects="3452" bytes="84224" bytesdiscarded="0" />
  <memory-copied type="other" objects="11575" bytes="415176" bytesdiscarded="0" />
  <memory-cardclean objects="9331" bytes="490808" />
  <regions eden="37" other="2" />
  <remembered-set-cleared processed="26946" cleared="1253" durationms="0.286" />
  <stringconstants candidates="4597" cleared="0"  />
</gc-op>
<gc-op id="629" type="classunload" timems="0.002" contextid="625" timestamp="2019-06-15T02:19:10.838">
  <classunload-info classloadercandidates="8" classloadersunloaded="0" classesunloaded="0" anonymousclassesunloaded="0" quiescems="0.000" setupms="0.002" scanms="0.000" postms="0.000" />
</gc-op>
<heap-resize id="630" type="expand" space="default" amount="3145728" count="1" timems="0.065" reason="excessive time being spent in gc" timestamp="2019-06-15T02:19:10.838" />
<gc-end id="631" type="partial gc" contextid="625" durationms="3.637" usertimems="4.000" systemtimems="0.000" timestamp="2019-06-15T02:19:10.838" activeThreads="1">
  <mem-info id="632" free="80740352" total="134217728" percent="60">
    <mem type="eden" free="964352" total="1048576" percent="91" />
    <remembered-set count="31232" freebytes="5232640" totalbytes="5357568" percent="97" regionsoverflowed="0" regionsstable="1" regionsrebuilding="0"/>
  </mem-info>
</gc-end>
<cycle-end id="633" type="partial gc" contextid="625" timestamp="2019-06-15T02:19:10.838" />
  <attribute name="elasticGC enabled" value="1" />
  <attribute name= "numThreadsSpecified" value="1" />
  <attribute name="heapSize specified" value="0" />
  <attribute name="Current GC Util" value="47" />
  <attribute name= "Current Time Running" value="2271" />
  <attribute name ="GC Interval" value="0" />
  <attribute name="ProportionalT" value="13.500000" />
  <attribute name="ProportionalI" value="13.500000" />
  <attribute name="ProportionalH" value="13.500000" />
  <attribute name="Current Error" value="27.000000" />
  <attribute name="IntegralT" value="0.000000" />
  <attribute name="IntegralI" value="0.000000" />
  <attribute name="IntegralH" value="0.000000" />
  <attribute name="DerivativeT" value="inf" />
  <attribute name="DerivativeI" value="inf" />
  <attribute name="DerivativeH" value="inf" />
  <attribute name="Loop Time for DT" value="0.000000" />
  <attribute name="Output H" value="8388608"/>
  <attribute name="Output I" value="200"/>
  <attribute name="Output T" value="1"/>
  <attribute name="Target GC Util Change" value ="20.000000" />
  <attribute name="Current GC Util Change" value="47.000000"/>
  <attribute name="GC Util currently" value="47" />
  <attribute name="CPU Util currently" value="19708902146300" />
<exclusive-end id="634" timestamp="2019-06-15T02:19:10.839" durationms="4.522" />

<exclusive-start id="635" timestamp="2019-06-15T02:19:10.863" intervalms="28.913">
  <response-info timems="0.034" idlems="0.034" threads="0" lastid="0000000002030D00" lastname="Thread-9" />
</exclusive-start>
<allocation-taxation id="636" taxation-threshold="39845888" timestamp="2019-06-15T02:19:10.863" intervalms="28.939" />
<cycle-start id="637" type="partial gc" contextid="0" timestamp="2019-06-15T02:19:10.863" intervalms="28.991" />
<gc-start id="638" type="partial gc" contextid="637" timestamp="2019-06-15T02:19:10.864">
  <mem-info id="639" free="40894464" total="134217728" percent="30">
    <mem type="eden" free="0" total="39845888" percent="0" />
    <remembered-set count="30784" freebytes="5234432" totalbytes="5357568" percent="97" regionsoverflowed="0" regionsstable="1" regionsrebuilding="0"/>
  </mem-info>
</gc-start>
<allocation-stats totalBytes="39841296" >
  <allocated-bytes non-tlh="0" tlh="39841296" arrayletleaf="0"/>
  <largest-consumer threadName="Thread-10" threadId="000000000203C100" bytes="11889112" />
</allocation-stats>
<gc-op id="640" type="copy forward" timems="3.572" contextid="637" timestamp="2019-06-15T02:19:10.868">
  <memory-copied type="eden" objects="16680" bytes="676168" bytesdiscarded="0" />
  <memory-copied type="other" objects="11790" bytes="420336" bytesdiscarded="0" />
  <memory-cardclean objects="7338" bytes="402944" />
  <regions eden="38" other="2" />
  <remembered-set-cleared processed="27727" cleared="1348" durationms="0.302" />
  <stringconstants candidates="4597" cleared="0"  />
</gc-op>
<gc-op id="641" type="classunload" timems="0.002" contextid="637" timestamp="2019-06-15T02:19:10.868">
  <classunload-info classloadercandidates="8" classloadersunloaded="0" classesunloaded="0" anonymousclassesunloaded="0" quiescems="0.000" setupms="0.002" scanms="0.000" postms="0.000" />
</gc-op>
<heap-resize id="642" type="expand" space="default" amount="2097152" count="1" timems="0.061" reason="excessive time being spent in gc" timestamp="2019-06-15T02:19:10.868" />
<gc-end id="643" type="partial gc" contextid="637" durationms="4.722" usertimems="4.000" systemtimems="0.000" timestamp="2019-06-15T02:19:10.868" activeThreads="1">
  <mem-info id="644" free="81788928" total="136314880" percent="60">
    <mem type="eden" free="372408" total="1048576" percent="35" />
    <remembered-set count="31936" freebytes="5313536" totalbytes="5441280" percent="97" regionsoverflowed="0" regionsstable="1" regionsrebuilding="0"/>
  </mem-info>
</gc-end>
<cycle-end id="645" type="partial gc" contextid="637" timestamp="2019-06-15T02:19:10.869" />
  <attribute name="elasticGC enabled" value="1" />
  <attribute name= "numThreadsSpecified" value="1" />
  <attribute name="heapSize specified" value="0" />
  <attribute name="Current GC Util" value="53" />
  <attribute name= "Current Time Running" value="2300" />
  <attribute name ="GC Interval" value="0" />
  <attribute name="ProportionalT" value="16.500000" />
  <attribute name="ProportionalI" value="16.500000" />
  <attribute name="ProportionalH" value="16.500000" />
  <attribute name="Current Error" value="33.000000" />
  <attribute name="IntegralT" value="0.000000" />
  <attribute name="IntegralI" value="0.000000" />
  <attribute name="IntegralH" value="0.000000" />
  <attribute name="DerivativeT" value="inf" />
  <attribute name="DerivativeI" value="inf" />
  <attribute name="DerivativeH" value="inf" />
  <attribute name="Loop Time for DT" value="0.000000" />
  <attribute name="Output H" value="8388608"/>
  <attribute name="Output I" value="200"/>
  <attribute name="Output T" value="1"/>
  <attribute name="Target GC Util Change" value ="20.000000" />
  <attribute name="Current GC Util Change" value="53.000000"/>
  <attribute name="GC Util currently" value="53" />
  <attribute name="CPU Util currently" value="18461439358232" />
<exclusive-end id="646" timestamp="2019-06-15T02:19:10.869" durationms="5.677" />

<exclusive-start id="647" timestamp="2019-06-15T02:19:10.898" intervalms="34.771">
  <response-info timems="0.023" idlems="0.023" threads="0" lastid="0000000002034900" lastname="Thread-8" />
</exclusive-start>
<allocation-taxation id="648" taxation-threshold="40894464" timestamp="2019-06-15T02:19:10.898" intervalms="34.692" />
<cycle-start id="649" type="partial gc" contextid="0" timestamp="2019-06-15T02:19:10.898" intervalms="34.624" />
<gc-start id="650" type="partial gc" contextid="649" timestamp="2019-06-15T02:19:10.898">
  <mem-info id="651" free="40894464" total="136314880" percent="30">
    <mem type="eden" free="0" total="40894464" percent="0" />
    <remembered-set count="31616" freebytes="5314816" totalbytes="5441280" percent="97" regionsoverflowed="0" regionsstable="1" regionsrebuilding="0"/>
  </mem-info>
</gc-start>
<allocation-stats totalBytes="40889232" >
  <allocated-bytes non-tlh="0" tlh="40889232" arrayletleaf="0"/>
  <largest-consumer threadName="Thread-9" threadId="0000000002030D00" bytes="11745976" />
</allocation-stats>
<gc-op id="652" type="copy forward" timems="4.161" contextid="649" timestamp="2019-06-15T02:19:10.903">
  <memory-copied type="eden" objects="17687" bytes="700664" bytesdiscarded="0" />
  <memory-copied type="other" objects="19665" bytes="746712" bytesdiscarded="0" />
  <memory-cardclean objects="9254" bytes="518000" />
  <regions eden="39" other="2" />
  <remembered-set-cleared processed="28542" cleared="1407" durationms="0.297" />
  <stringconstants candidates="4597" cleared="0"  />
</gc-op>
<gc-op id="653" type="classunload" timems="0.002" contextid="649" timestamp="2019-06-15T02:19:10.903">
  <classunload-info classloadercandidates="8" classloadersunloaded="0" classesunloaded="0" anonymousclassesunloaded="0" quiescems="0.000" setupms="0.002" scanms="0.000" postms="0.000" />
</gc-op>
<heap-resize id="654" type="expand" space="default" amount="3145728" count="1" timems="0.066" reason="excessive time being spent in gc" timestamp="2019-06-15T02:19:10.903" />
<gc-end id="655" type="partial gc" contextid="649" durationms="5.354" usertimems="8.000" systemtimems="0.000" timestamp="2019-06-15T02:19:10.904" activeThreads="1">
  <mem-info id="656" free="83886080" total="139460608" percent="60">
    <mem type="eden" free="347912" total="1048576" percent="33" />
    <remembered-set count="32704" freebytes="5436032" totalbytes="5566848" percent="97" regionsoverflowed="0" regionsstable="1" regionsrebuilding="0"/>
  </mem-info>
</gc-end>
<cycle-end id="657" type="partial gc" contextid="649" timestamp="2019-06-15T02:19:10.904" />
  <attribute name="elasticGC enabled" value="1" />
  <attribute name= "numThreadsSpecified" value="1" />
  <attribute name="heapSize specified" value="0" />
  <attribute name="Current GC Util" value="45" />
  <attribute name= "Current Time Running" value="2335" />
  <attribute name ="GC Interval" value="0" />
  <attribute name="ProportionalT" value="12.500000" />
  <attribute name="ProportionalI" value="12.500000" />
  <attribute name="ProportionalH" value="12.500000" />
  <attribute name="Current Error" value="25.000000" />
  <attribute name="IntegralT" value="0.000000" />
  <attribute name="IntegralI" value="0.000000" />
  <attribute name="IntegralH" value="0.000000" />
  <attribute name="DerivativeT" value="inf" />
  <attribute name="DerivativeI" value="inf" />
  <attribute name="DerivativeH" value="inf" />
  <attribute name="Loop Time for DT" value="0.000000" />
  <attribute name="Output H" value="8388608"/>
  <attribute name="Output I" value="200"/>
  <attribute name="Output T" value="1"/>
  <attribute name="Target GC Util Change" value ="20.000000" />
  <attribute name="Current GC Util Change" value="45.000000"/>
  <attribute name="GC Util currently" value="45" />
  <attribute name="CPU Util currently" value="19167519453576" />
<exclusive-end id="658" timestamp="2019-06-15T02:19:10.904" durationms="6.098" />

<exclusive-start id="659" timestamp="2019-06-15T02:19:10.933" intervalms="34.975">
  <response-info timems="0.035" idlems="0.035" threads="0" lastid="0000000002030D00" lastname="Thread-9" />
</exclusive-start>
<allocation-taxation id="660" taxation-threshold="40894464" timestamp="2019-06-15T02:19:10.933" intervalms="35.069" />
<cycle-start id="661" type="partial gc" contextid="0" timestamp="2019-06-15T02:19:10.933" intervalms="35.083" />
<gc-start id="662" type="partial gc" contextid="661" timestamp="2019-06-15T02:19:10.933">
  <mem-info id="663" free="42991616" total="139460608" percent="30">
    <mem type="eden" free="0" total="40894464" percent="0" />
    <remembered-set count="32640" freebytes="5436288" totalbytes="5566848" percent="97" regionsoverflowed="0" regionsstable="1" regionsrebuilding="0"/>
  </mem-info>
</gc-start>
<allocation-stats totalBytes="40889864" >
  <allocated-bytes non-tlh="0" tlh="40889864" arrayletleaf="0"/>
  <largest-consumer threadName="Thread-10" threadId="000000000203C100" bytes="10713968" />
</allocation-stats>
<gc-op id="664" type="copy forward" timems="3.796" contextid="661" timestamp="2019-06-15T02:19:10.938">
  <memory-copied type="eden" objects="8840" bytes="351120" bytesdiscarded="0" />
  <memory-copied type="other" objects="25333" bytes="1020120" bytesdiscarded="0" />
  <memory-cardclean objects="5413" bytes="315080" />
  <regions eden="39" other="2" />
  <remembered-set-cleared processed="29534" cleared="1419" durationms="0.311" />
  <stringconstants candidates="4597" cleared="0"  />
</gc-op>
<gc-op id="665" type="classunload" timems="0.002" contextid="661" timestamp="2019-06-15T02:19:10.938">
  <classunload-info classloadercandidates="8" classloadersunloaded="0" classesunloaded="0" anonymousclassesunloaded="0" quiescems="0.000" setupms="0.002" scanms="0.000" postms="0.000" />
</gc-op>
<heap-resize id="666" type="expand" space="default" amount="2097152" count="1" timems="0.062" reason="excessive time being spent in gc" timestamp="2019-06-15T02:19:10.938" />
<gc-end id="667" type="partial gc" contextid="661" durationms="5.184" usertimems="8.000" systemtimems="0.000" timestamp="2019-06-15T02:19:10.939" activeThreads="1">
  <mem-info id="668" free="84934656" total="141557760" percent="60">
    <mem type="eden" free="697456" total="1048576" percent="66" />
    <remembered-set count="33216" freebytes="5517696" totalbytes="5650560" percent="97" regionsoverflowed="0" regionsstable="1" regionsrebuilding="0"/>
  </mem-info>
</gc-end>
<cycle-end id="669" type="partial gc" contextid="661" timestamp="2019-06-15T02:19:10.939" />
  <attribute name="elasticGC enabled" value="1" />
  <attribute name= "numThreadsSpecified" value="1" />
  <attribute name="heapSize specified" value="0" />
  <attribute name="Current GC Util" value="46" />
  <attribute name= "Current Time Running" value="2370" />
  <attribute name ="GC Interval" value="0" />
  <attribute name="ProportionalT" value="13.000000" />
  <attribute name="ProportionalI" value="13.000000" />
  <attribute name="ProportionalH" value="13.000000" />
  <attribute name="Current Error" value="26.000000" />
  <attribute name="IntegralT" value="0.000000" />
  <attribute name="IntegralI" value="0.000000" />
  <attribute name="IntegralH" value="0.000000" />
  <attribute name="DerivativeT" value="inf" />
  <attribute name="DerivativeI" value="inf" />
  <attribute name="DerivativeH" value="inf" />
  <attribute name="Loop Time for DT" value="0.000000" />
  <attribute name="Output H" value="8388608"/>
  <attribute name="Output I" value="200"/>
  <attribute name="Output T" value="1"/>
  <attribute name="Target GC Util Change" value ="20.000000" />
  <attribute name="Current GC Util Change" value="46.000000"/>
  <attribute name="GC Util currently" value="46" />
  <attribute name="CPU Util currently" value="16055054667779" />
<exclusive-end id="670" timestamp="2019-06-15T02:19:10.939" durationms="6.176" />

<exclusive-start id="671" timestamp="2019-06-15T02:19:10.975" intervalms="42.650">
  <response-info timems="1.698" idlems="1.698" threads="0" lastid="0000000002038500" lastname="Thread-7" />
</exclusive-start>
<allocation-taxation id="672" taxation-threshold="41943040" timestamp="2019-06-15T02:19:10.976" intervalms="42.604" />
<cycle-start id="673" type="partial gc" contextid="0" timestamp="2019-06-15T02:19:10.976" intervalms="42.667" />
<gc-start id="674" type="partial gc" contextid="673" timestamp="2019-06-15T02:19:10.976">
  <mem-info id="675" free="42991616" total="141557760" percent="30">
    <mem type="eden" free="0" total="41943040" percent="0" />
    <remembered-set count="32928" freebytes="5518848" totalbytes="5650560" percent="97" regionsoverflowed="0" regionsstable="1" regionsrebuilding="0"/>
  </mem-info>
</gc-start>
<allocation-stats totalBytes="41938224" >
  <allocated-bytes non-tlh="0" tlh="41938224" arrayletleaf="0"/>
  <largest-consumer threadName="Thread-8" threadId="0000000002034900" bytes="13601176" />
</allocation-stats>
<gc-op id="676" type="copy forward" timems="2.589" contextid="673" timestamp="2019-06-15T02:19:10.980">
  <memory-copied type="eden" objects="8419" bytes="340752" bytesdiscarded="9800" />
  <memory-copied type="other" objects="17038" bytes="683664" bytesdiscarded="34560" />
  <memory-cardclean objects="4644" bytes="288656" />
  <regions eden="40" other="2" />
  <remembered-set-cleared processed="29972" cleared="885" durationms="0.222" />
  <stringconstants candidates="4597" cleared="0"  />
</gc-op>
<gc-op id="677" type="classunload" timems="0.003" contextid="673" timestamp="2019-06-15T02:19:10.980">
  <classunload-info classloadercandidates="8" classloadersunloaded="0" classesunloaded="0" anonymousclassesunloaded="0" quiescems="0.000" setupms="0.002" scanms="0.000" postms="0.000" />
</gc-op>
<heap-resize id="678" type="expand" space="default" amount="3145728" count="1" timems="0.079" reason="excessive time being spent in gc" timestamp="2019-06-15T02:19:10.980" />
<gc-end id="679" type="partial gc" contextid="673" durationms="4.115" usertimems="4.000" systemtimems="0.000" timestamp="2019-06-15T02:19:10.980" activeThreads="4">
  <mem-info id="680" free="87031808" total="144703488" percent="60">
    <mem type="eden" free="698024" total="1048576" percent="66" />
    <remembered-set count="33632" freebytes="5641600" totalbytes="5776128" percent="97" regionsoverflowed="0" regionsstable="1" regionsrebuilding="0"/>
  </mem-info>
</gc-end>
<cycle-end id="681" type="partial gc" contextid="673" timestamp="2019-06-15T02:19:10.980" />
  <attribute name="elasticGC enabled" value="1" />
  <attribute name= "numThreadsSpecified" value="4" />
  <attribute name="heapSize specified" value="0" />
  <attribute name="Current GC Util" value="43" />
  <attribute name= "Current Time Running" value="2413" />
  <attribute name ="GC Interval" value="0" />
  <attribute name="ProportionalT" value="11.500000" />
  <attribute name="ProportionalI" value="11.500000" />
  <attribute name="ProportionalH" value="11.500000" />
  <attribute name="Current Error" value="23.000000" />
  <attribute name="IntegralT" value="23.000000" />
  <attribute name="IntegralI" value="23.000000" />
  <attribute name="IntegralH" value="23.000000" />
  <attribute name="DerivativeT" value="23.000000" />
  <attribute name="DerivativeI" value="23.000000" />
  <attribute name="DerivativeH" value="23.000000" />
  <attribute name="Loop Time for DT" value="1.000000" />
  <attribute name="Output H" value="8388608"/>
  <attribute name="Output I" value="200"/>
  <attribute name="Output T" value="4"/>
  <attribute name="Target GC Util Change" value ="20.000000" />
  <attribute name="Current GC Util Change" value="43.000000"/>
  <attribute name="GC Util currently" value="43" />
  <attribute name="CPU Util currently" value="14857283730815" />
<exclusive-end id="682" timestamp="2019-06-15T02:19:10.981" durationms="5.241" />

<exclusive-start id="683" timestamp="2019-06-15T02:19:11.017" intervalms="41.870">
  <response-info timems="0.047" idlems="0.047" threads="0" lastid="0000000002034900" lastname="Thread-8" />
</exclusive-start>
<allocation-taxation id="684" taxation-threshold="42991616" timestamp="2019-06-15T02:19:11.017" intervalms="41.867" />
<cycle-start id="685" type="partial gc" contextid="0" timestamp="2019-06-15T02:19:11.018" intervalms="41.762" />
<gc-start id="686" type="partial gc" contextid="685" timestamp="2019-06-15T02:19:11.018">
  <mem-info id="687" free="44040192" total="144703488" percent="30">
    <mem type="eden" free="0" total="42991616" percent="0" />
    <remembered-set count="33216" freebytes="5643264" totalbytes="5776128" percent="97" regionsoverflowed="0" regionsstable="1" regionsrebuilding="0"/>
  </mem-info>
</gc-start>
<allocation-stats totalBytes="42986840" >
  <allocated-bytes non-tlh="0" tlh="42986840" arrayletleaf="0"/>
  <largest-consumer threadName="Thread-8" threadId="0000000002034900" bytes="14805472" />
</allocation-stats>
<gc-op id="688" type="copy forward" timems="2.937" contextid="685" timestamp="2019-06-15T02:19:11.021">
  <memory-copied type="eden" objects="10778" bytes="397416" bytesdiscarded="0" />
  <memory-copied type="other" objects="8574" bytes="343152" bytesdiscarded="0" />
  <memory-cardclean objects="6501" bytes="370088" />
  <regions eden="41" other="2" />
  <remembered-set-cleared processed="30444" cleared="629" durationms="0.332" />
  <stringconstants candidates="4597" cleared="0"  />
</gc-op>
<gc-op id="689" type="classunload" timems="0.002" contextid="685" timestamp="2019-06-15T02:19:11.022">
  <classunload-info classloadercandidates="8" classloadersunloaded="0" classesunloaded="0" anonymousclassesunloaded="0" quiescems="0.000" setupms="0.002" scanms="0.000" postms="0.000" />
</gc-op>
<heap-resize id="690" type="expand" space="default" amount="2097152" count="1" timems="0.062" reason="excessive time being spent in gc" timestamp="2019-06-15T02:19:11.022" />
<gc-end id="691" type="partial gc" contextid="685" durationms="4.232" usertimems="0.000" systemtimems="4.000" timestamp="2019-06-15T02:19:11.022" activeThreads="1">
  <mem-info id="692" free="88080384" total="146800640" percent="60">
    <mem type="eden" free="651160" total="1048576" percent="62" />
    <remembered-set count="33632" freebytes="5725312" totalbytes="5859840" percent="97" regionsoverflowed="0" regionsstable="1" regionsrebuilding="0"/>
  </mem-info>
</gc-end>
<cycle-end id="693" type="partial gc" contextid="685" timestamp="2019-06-15T02:19:11.022" />
  <attribute name="elasticGC enabled" value="1" />
  <attribute name= "numThreadsSpecified" value="1" />
  <attribute name="heapSize specified" value="0" />
  <attribute name="Current GC Util" value="39" />
  <attribute name= "Current Time Running" value="2454" />
  <attribute name ="GC Interval" value="0" />
  <attribute name="ProportionalT" value="9.500000" />
  <attribute name="ProportionalI" value="9.500000" />
  <attribute name="ProportionalH" value="9.500000" />
  <attribute name="Current Error" value="19.000000" />
  <attribute name="IntegralT" value="0.000000" />
  <attribute name="IntegralI" value="0.000000" />
  <attribute name="IntegralH" value="0.000000" />
  <attribute name="DerivativeT" value="inf" />
  <attribute name="DerivativeI" value="inf" />
  <attribute name="DerivativeH" value="inf" />
  <attribute name="Loop Time for DT" value="0.000000" />
  <attribute name="Output H" value="8388608"/>
  <attribute name="Output I" value="200"/>
  <attribute name="Output T" value="1"/>
  <attribute name="Target GC Util Change" value ="20.000000" />
  <attribute name="Current GC Util Change" value="39.000000"/>
  <attribute name="GC Util currently" value="39" />
  <attribute name="CPU Util currently" value="15619755704960" />
<exclusive-end id="694" timestamp="2019-06-15T02:19:11.022" durationms="5.171" />

<exclusive-start id="695" timestamp="2019-06-15T02:19:11.057" intervalms="40.065">
  <response-info timems="0.036" idlems="0.036" threads="0" lastid="0000000002038500" lastname="Thread-7" />
</exclusive-start>
<allocation-taxation id="696" taxation-threshold="42991616" timestamp="2019-06-15T02:19:11.058" intervalms="40.099" />
<cycle-start id="697" type="partial gc" contextid="0" timestamp="2019-06-15T02:19:11.058" intervalms="40.148" />
<gc-start id="698" type="partial gc" contextid="697" timestamp="2019-06-15T02:19:11.058">
  <mem-info id="699" free="45088768" total="146800640" percent="30">
    <mem type="eden" free="0" total="42991616" percent="0" />
    <remembered-set count="33472" freebytes="5725952" totalbytes="5859840" percent="97" regionsoverflowed="0" regionsstable="1" regionsrebuilding="0"/>
  </mem-info>
</gc-start>
<allocation-stats totalBytes="42986816" >
  <allocated-bytes non-tlh="0" tlh="42986816" arrayletleaf="0"/>
  <largest-consumer threadName="Thread-9" threadId="0000000002030D00" bytes="17021176" />
</allocation-stats>
<gc-op id="700" type="copy forward" timems="2.503" contextid="697" timestamp="2019-06-15T02:19:11.061">
  <memory-copied type="eden" objects="18162" bytes="712464" bytesdiscarded="64760" />
  <memory-copied type="other" objects="9286" bytes="360240" bytesdiscarded="6880" />
  <memory-cardclean objects="5372" bytes="300512" />
  <regions eden="41" other="2" />
  <remembered-set-cleared processed="30903" cleared="751" durationms="0.203" />
  <stringconstants candidates="4597" cleared="0"  />
</gc-op>
<gc-op id="701" type="classunload" timems="0.003" contextid="697" timestamp="2019-06-15T02:19:11.061">
  <classunload-info classloadercandidates="8" classloadersunloaded="0" classesunloaded="0" anonymousclassesunloaded="0" quiescems="0.000" setupms="0.003" scanms="0.000" postms="0.000" />
</gc-op>
<gc-end id="702" type="partial gc" contextid="697" durationms="3.615" usertimems="8.000" systemtimems="0.000" timestamp="2019-06-15T02:19:11.062" activeThreads="4">
  <mem-info id="703" free="87031808" total="146800640" percent="59">
    <mem type="eden" free="271352" total="1048576" percent="25" />
    <remembered-set count="34720" freebytes="5720960" totalbytes="5859840" percent="97" regionsoverflowed="0" regionsstable="1" regionsrebuilding="0"/>
  </mem-info>
</gc-end>
<cycle-end id="704" type="partial gc" contextid="697" timestamp="2019-06-15T02:19:11.062" />
  <attribute name="elasticGC enabled" value="1" />
  <attribute name= "numThreadsSpecified" value="4" />
  <attribute name="heapSize specified" value="0" />
  <attribute name="Current GC Util" value="50" />
  <attribute name= "Current Time Running" value="2495" />
  <attribute name ="GC Interval" value="0" />
  <attribute name="ProportionalT" value="15.000000" />
  <attribute name="ProportionalI" value="15.000000" />
  <attribute name="ProportionalH" value="15.000000" />
  <attribute name="Current Error" value="30.000000" />
  <attribute name="IntegralT" value="30.000000" />
  <attribute name="IntegralI" value="30.000000" />
  <attribute name="IntegralH" value="30.000000" />
  <attribute name="DerivativeT" value="30.000000" />
  <attribute name="DerivativeI" value="30.000000" />
  <attribute name="DerivativeH" value="30.000000" />
  <attribute name="Loop Time for DT" value="1.000000" />
  <attribute name="Output H" value="8388608"/>
  <attribute name="Output I" value="200"/>
  <attribute name="Output T" value="4"/>
  <attribute name="Target GC Util Change" value ="20.000000" />
  <attribute name="Current GC Util Change" value="50.000000"/>
  <attribute name="GC Util currently" value="50" />
  <attribute name="CPU Util currently" value="17049692265826" />
<exclusive-end id="705" timestamp="2019-06-15T02:19:11.062" durationms="4.682" />

<exclusive-start id="706" timestamp="2019-06-15T02:19:11.098" intervalms="40.938">
  <response-info timems="0.339" idlems="0.339" threads="0" lastid="000000000203C100" lastname="Thread-10" />
</exclusive-start>
<allocation-taxation id="707" taxation-threshold="42991616" timestamp="2019-06-15T02:19:11.098" intervalms="40.908" />
<cycle-start id="708" type="partial gc" contextid="0" timestamp="2019-06-15T02:19:11.099" intervalms="40.900" />
<gc-start id="709" type="partial gc" contextid="708" timestamp="2019-06-15T02:19:11.099">
  <mem-info id="710" free="44040192" total="146800640" percent="30">
    <mem type="eden" free="0" total="42991616" percent="0" />
    <remembered-set count="34336" freebytes="5722496" totalbytes="5859840" percent="97" regionsoverflowed="0" regionsstable="1" regionsrebuilding="0"/>
  </mem-info>
</gc-start>
<allocation-stats totalBytes="42986832" >
  <allocated-bytes non-tlh="0" tlh="42986832" arrayletleaf="0"/>
  <largest-consumer threadName="Thread-7" threadId="0000000002038500" bytes="14096760" />
</allocation-stats>
<gc-op id="711" type="copy forward" timems="3.833" contextid="708" timestamp="2019-06-15T02:19:11.103">
  <memory-copied type="eden" objects="11246" bytes="409464" bytesdiscarded="0" />
  <memory-copied type="other" objects="20812" bytes="774240" bytesdiscarded="0" />
  <memory-cardclean objects="9352" bytes="514736" />
  <regions eden="41" other="2" />
  <remembered-set-cleared processed="31496" cleared="1028" durationms="0.337" />
  <stringconstants candidates="4597" cleared="0"  />
</gc-op>
<gc-op id="712" type="classunload" timems="0.002" contextid="708" timestamp="2019-06-15T02:19:11.104">
  <classunload-info classloadercandidates="8" classloadersunloaded="0" classesunloaded="0" anonymousclassesunloaded="0" quiescems="0.000" setupms="0.002" scanms="0.000" postms="0.000" />
</gc-op>
<gc-end id="713" type="partial gc" contextid="708" durationms="4.839" usertimems="8.000" systemtimems="0.000" timestamp="2019-06-15T02:19:11.104" activeThreads="1">
  <mem-info id="714" free="85983232" total="146800640" percent="58">
    <mem type="eden" free="639112" total="1048576" percent="60" />
    <remembered-set count="36320" freebytes="5714560" totalbytes="5859840" percent="97" regionsoverflowed="0" regionsstable="1" regionsrebuilding="0"/>
  </mem-info>
</gc-end>
<cycle-end id="715" type="partial gc" contextid="708" timestamp="2019-06-15T02:19:11.104" />
  <attribute name="elasticGC enabled" value="1" />
  <attribute name= "numThreadsSpecified" value="1" />
  <attribute name="heapSize specified" value="0" />
  <attribute name="Current GC Util" value="45" />
  <attribute name= "Current Time Running" value="2535" />
  <attribute name ="GC Interval" value="0" />
  <attribute name="ProportionalT" value="12.500000" />
  <attribute name="ProportionalI" value="12.500000" />
  <attribute name="ProportionalH" value="12.500000" />
  <attribute name="Current Error" value="25.000000" />
  <attribute name="IntegralT" value="0.000000" />
  <attribute name="IntegralI" value="0.000000" />
  <attribute name="IntegralH" value="0.000000" />
  <attribute name="DerivativeT" value="inf" />
  <attribute name="DerivativeI" value="inf" />
  <attribute name="DerivativeH" value="inf" />
  <attribute name="Loop Time for DT" value="0.000000" />
  <attribute name="Output H" value="8388608"/>
  <attribute name="Output I" value="200"/>
  <attribute name="Output T" value="1"/>
  <attribute name="Target GC Util Change" value ="20.000000" />
  <attribute name="Current GC Util Change" value="45.000000"/>
  <attribute name="GC Util currently" value="45" />
  <attribute name="CPU Util currently" value="17250781845751" />
<exclusive-end id="716" timestamp="2019-06-15T02:19:11.104" durationms="5.862" />

<exclusive-start id="717" timestamp="2019-06-15T02:19:11.130" intervalms="31.432">
  <response-info timems="0.032" idlems="0.032" threads="0" lastid="0000000002038500" lastname="Thread-7" />
</exclusive-start>
<allocation-taxation id="718" taxation-threshold="42991616" timestamp="2019-06-15T02:19:11.130" intervalms="31.458" />
<cycle-start id="719" type="partial gc" contextid="0" timestamp="2019-06-15T02:19:11.130" intervalms="31.468" />
<gc-start id="720" type="partial gc" contextid="719" timestamp="2019-06-15T02:19:11.130">
  <mem-info id="721" free="42991616" total="146800640" percent="29">
    <mem type="eden" free="0" total="42991616" percent="0" />
    <remembered-set count="35840" freebytes="5716480" totalbytes="5859840" percent="97" regionsoverflowed="0" regionsstable="1" regionsrebuilding="0"/>
  </mem-info>
</gc-start>
<allocation-stats totalBytes="42986008" >
  <allocated-bytes non-tlh="0" tlh="42986008" arrayletleaf="0"/>
  <largest-consumer threadName="Thread-10" threadId="000000000203C100" bytes="14055720" />
</allocation-stats>
<gc-op id="722" type="copy forward" timems="3.765" contextid="719" timestamp="2019-06-15T02:19:11.135">
  <memory-copied type="eden" objects="13325" bytes="596720" bytesdiscarded="0" />
  <memory-copied type="other" objects="19468" bytes="741984" bytesdiscarded="0" />
  <memory-cardclean objects="6611" bytes="368384" />
  <regions eden="41" other="2" />
  <remembered-set-cleared processed="32301" cleared="1330" durationms="0.344" />
  <stringconstants candidates="4597" cleared="0"  />
</gc-op>
<gc-op id="723" type="classunload" timems="0.003" contextid="719" timestamp="2019-06-15T02:19:11.135">
  <classunload-info classloadercandidates="8" classloadersunloaded="0" classesunloaded="0" anonymousclassesunloaded="0" quiescems="0.000" setupms="0.003" scanms="0.000" postms="0.000" />
</gc-op>
<heap-resize id="724" type="expand" space="default" amount="8388608" count="1" timems="0.096" reason="excessive time being spent in gc" timestamp="2019-06-15T02:19:11.135" />
<gc-end id="725" type="partial gc" contextid="719" durationms="5.054" usertimems="4.000" systemtimems="0.000" timestamp="2019-06-15T02:19:11.135" activeThreads="1">
  <mem-info id="726" free="93323264" total="155189248" percent="60">
    <mem type="eden" free="451856" total="1048576" percent="43" />
    <remembered-set count="36320" freebytes="6049408" totalbytes="6194688" percent="97" regionsoverflowed="0" regionsstable="1" regionsrebuilding="0"/>
  </mem-info>
</gc-end>
<cycle-end id="727" type="partial gc" contextid="719" timestamp="2019-06-15T02:19:11.136" />
  <attribute name="elasticGC enabled" value="1" />
  <attribute name= "numThreadsSpecified" value="1" />
  <attribute name="heapSize specified" value="0" />
  <attribute name="Current GC Util" value="44" />
  <attribute name= "Current Time Running" value="2567" />
  <attribute name ="GC Interval" value="0" />
  <attribute name="ProportionalT" value="12.000000" />
  <attribute name="ProportionalI" value="12.000000" />
  <attribute name="ProportionalH" value="12.000000" />
  <attribute name="Current Error" value="24.000000" />
  <attribute name="IntegralT" value="0.000000" />
  <attribute name="IntegralI" value="0.000000" />
  <attribute name="IntegralH" value="0.000000" />
  <attribute name="DerivativeT" value="inf" />
  <attribute name="DerivativeI" value="inf" />
  <attribute name="DerivativeH" value="inf" />
  <attribute name="Loop Time for DT" value="0.000000" />
  <attribute name="Output H" value="8388608"/>
  <attribute name="Output I" value="200"/>
  <attribute name="Output T" value="1"/>
  <attribute name="Target GC Util Change" value ="20.000000" />
  <attribute name="Current GC Util Change" value="44.000000"/>
  <attribute name="GC Util currently" value="44" />
  <attribute name="CPU Util currently" value="18938851157544" />
<exclusive-end id="728" timestamp="2019-06-15T02:19:11.136" durationms="6.095" />

<exclusive-start id="729" timestamp="2019-06-15T02:19:11.180" intervalms="50.568">
  <response-info timems="0.031" idlems="0.031" threads="0" lastid="0000000002034900" lastname="Thread-8" />
</exclusive-start>
<allocation-taxation id="730" taxation-threshold="45088768" timestamp="2019-06-15T02:19:11.181" intervalms="50.618" />
<cycle-start id="731" type="partial gc" contextid="0" timestamp="2019-06-15T02:19:11.181" intervalms="50.654" />
<gc-start id="732" type="partial gc" contextid="731" timestamp="2019-06-15T02:19:11.181">
  <mem-info id="733" free="48234496" total="155189248" percent="31">
    <mem type="eden" free="0" total="45088768" percent="0" />
    <remembered-set count="36032" freebytes="6050560" totalbytes="6194688" percent="97" regionsoverflowed="0" regionsstable="1" regionsrebuilding="0"/>
  </mem-info>
</gc-start>
<allocation-stats totalBytes="45083416" >
  <allocated-bytes non-tlh="0" tlh="45083416" arrayletleaf="0"/>
  <largest-consumer threadName="Thread-7" threadId="0000000002038500" bytes="14125448" />
</allocation-stats>
<gc-op id="734" type="copy forward" timems="2.648" contextid="731" timestamp="2019-06-15T02:19:11.184">
  <memory-copied type="eden" objects="3344" bytes="82544" bytesdiscarded="6064" />
  <memory-copied type="other" objects="23287" bytes="971016" bytesdiscarded="28264" />
  <memory-cardclean objects="6512" bytes="378728" />
  <regions eden="43" other="2" />
  <remembered-set-cleared processed="32864" cleared="1032" durationms="0.233" />
  <stringconstants candidates="4597" cleared="0"  />
</gc-op>
<gc-op id="735" type="classunload" timems="0.003" contextid="731" timestamp="2019-06-15T02:19:11.185">
  <classunload-info classloadercandidates="8" classloadersunloaded="0" classesunloaded="0" anonymousclassesunloaded="0" quiescems="0.000" setupms="0.003" scanms="0.000" postms="0.000" />
</gc-op>
<heap-resize id="736" type="expand" space="default" amount="2097152" count="1" timems="0.061" reason="excessive time being spent in gc" timestamp="2019-06-15T02:19:11.185" />
<gc-end id="737" type="partial gc" contextid="731" durationms="3.994" usertimems="4.000" systemtimems="0.000" timestamp="2019-06-15T02:19:11.185" activeThreads="4">
  <mem-info id="738" free="94371840" total="157286400" percent="60">
    <mem type="eden" free="959968" total="1048576" percent="91" />
    <remembered-set count="36512" freebytes="6132352" totalbytes="6278400" percent="97" regionsoverflowed="0" regionsstable="1" regionsrebuilding="0"/>
  </mem-info>
</gc-end>
<cycle-end id="739" type="partial gc" contextid="731" timestamp="2019-06-15T02:19:11.185" />
  <attribute name="elasticGC enabled" value="1" />
  <attribute name= "numThreadsSpecified" value="4" />
  <attribute name="heapSize specified" value="0" />
  <attribute name="Current GC Util" value="50" />
  <attribute name= "Current Time Running" value="2618" />
  <attribute name ="GC Interval" value="0" />
  <attribute name="ProportionalT" value="15.000000" />
  <attribute name="ProportionalI" value="15.000000" />
  <attribute name="ProportionalH" value="15.000000" />
  <attribute name="Current Error" value="30.000000" />
  <attribute name="IntegralT" value="30.000000" />
  <attribute name="IntegralI" value="30.000000" />
  <attribute name="IntegralH" value="30.000000" />
  <attribute name="DerivativeT" value="30.000000" />
  <attribute name="DerivativeI" value="30.000000" />
  <attribute name="DerivativeH" value="30.000000" />
  <attribute name="Loop Time for DT" value="1.000000" />
  <attribute name="Output H" value="8388608"/>
  <attribute name="Output I" value="200"/>
  <attribute name="Output T" value="4"/>
  <attribute name="Target GC Util Change" value ="20.000000" />
  <attribute name="Current GC Util Change" value="50.000000"/>
  <attribute name="GC Util currently" value="50" />
  <attribute name="CPU Util currently" value="17734320909014" />
<exclusive-end id="740" timestamp="2019-06-15T02:19:11.186" durationms="5.231" />

<exclusive-start id="741" timestamp="2019-06-15T02:19:11.223" intervalms="42.910">
  <response-info timems="0.048" idlems="0.048" threads="0" lastid="0000000002034900" lastname="Thread-8" />
</exclusive-start>
<allocation-taxation id="742" taxation-threshold="46137344" timestamp="2019-06-15T02:19:11.223" intervalms="42.903" />
<cycle-start id="743" type="partial gc" contextid="0" timestamp="2019-06-15T02:19:11.224" intervalms="42.870" />
<gc-start id="744" type="partial gc" contextid="743" timestamp="2019-06-15T02:19:11.224">
  <mem-info id="745" free="48234496" total="157286400" percent="30">
    <mem type="eden" free="0" total="46137344" percent="0" />
    <remembered-set count="36480" freebytes="6132480" totalbytes="6278400" percent="97" regionsoverflowed="0" regionsstable="1" regionsrebuilding="0"/>
  </mem-info>
</gc-start>
<allocation-stats totalBytes="46131936" >
  <allocated-bytes non-tlh="0" tlh="46131936" arrayletleaf="0"/>
  <largest-consumer threadName="Thread-8" threadId="0000000002034900" bytes="15960080" />
</allocation-stats>
<gc-op id="746" type="copy forward" timems="3.959" contextid="743" timestamp="2019-06-15T02:19:11.229">
  <memory-copied type="eden" objects="4222" bytes="103480" bytesdiscarded="0" />
  <memory-copied type="other" objects="26244" bytes="1041984" bytesdiscarded="0" />
  <memory-cardclean objects="7535" bytes="408824" />
  <regions eden="44" other="3" />
  <remembered-set-cleared processed="33112" cleared="1294" durationms="0.343" />
  <stringconstants candidates="4597" cleared="0"  />
</gc-op>
<gc-op id="747" type="classunload" timems="0.003" contextid="743" timestamp="2019-06-15T02:19:11.229">
  <classunload-info classloadercandidates="8" classloadersunloaded="0" classesunloaded="0" anonymousclassesunloaded="0" quiescems="0.000" setupms="0.002" scanms="0.000" postms="0.000" />
</gc-op>
<heap-resize id="748" type="expand" space="default" amount="3145728" count="1" timems="0.071" reason="excessive time being spent in gc" timestamp="2019-06-15T02:19:11.229" />
<gc-end id="749" type="partial gc" contextid="743" durationms="5.176" usertimems="8.000" systemtimems="0.000" timestamp="2019-06-15T02:19:11.229" activeThreads="1">
  <mem-info id="750" free="96468992" total="160432128" percent="60">
    <mem type="eden" free="945096" total="1048576" percent="90" />
    <remembered-set count="38400" freebytes="6250368" totalbytes="6403968" percent="97" regionsoverflowed="0" regionsstable="1" regionsrebuilding="0"/>
  </mem-info>
</gc-end>
<cycle-end id="751" type="partial gc" contextid="743" timestamp="2019-06-15T02:19:11.229" />
  <attribute name="elasticGC enabled" value="1" />
  <attribute name= "numThreadsSpecified" value="1" />
  <attribute name="heapSize specified" value="0" />
  <attribute name="Current GC Util" value="46" />
  <attribute name= "Current Time Running" value="2660" />
  <attribute name ="GC Interval" value="0" />
  <attribute name="ProportionalT" value="13.000000" />
  <attribute name="ProportionalI" value="13.000000" />
  <attribute name="ProportionalH" value="13.000000" />
  <attribute name="Current Error" value="26.000000" />
  <attribute name="IntegralT" value="0.000000" />
  <attribute name="IntegralI" value="0.000000" />
  <attribute name="IntegralH" value="0.000000" />
  <attribute name="DerivativeT" value="inf" />
  <attribute name="DerivativeI" value="inf" />
  <attribute name="DerivativeH" value="inf" />
  <attribute name="Loop Time for DT" value="0.000000" />
  <attribute name="Output H" value="8388608"/>
  <attribute name="Output I" value="200"/>
  <attribute name="Output T" value="1"/>
  <attribute name="Target GC Util Change" value ="20.000000" />
  <attribute name="Current GC Util Change" value="46.000000"/>
  <attribute name="GC Util currently" value="46" />
  <attribute name="CPU Util currently" value="17606491831814" />
<exclusive-end id="752" timestamp="2019-06-15T02:19:11.229" durationms="6.180" />

<exclusive-start id="753" timestamp="2019-06-15T02:19:11.259" intervalms="35.335">
  <response-info timems="0.030" idlems="0.030" threads="0" lastid="000000000203C100" lastname="Thread-10" />
</exclusive-start>
<allocation-taxation id="754" taxation-threshold="46137344" timestamp="2019-06-15T02:19:11.259" intervalms="35.334" />
<cycle-start id="755" type="partial gc" contextid="0" timestamp="2019-06-15T02:19:11.259" intervalms="35.378" />
<gc-start id="756" type="partial gc" contextid="755" timestamp="2019-06-15T02:19:11.259">
  <mem-info id="757" free="50331648" total="160432128" percent="31">
    <mem type="eden" free="0" total="46137344" percent="0" />
    <remembered-set count="37920" freebytes="6252288" totalbytes="6403968" percent="97" regionsoverflowed="0" regionsstable="1" regionsrebuilding="0"/>
  </mem-info>
</gc-start>
<allocation-stats totalBytes="46132296" >
  <allocated-bytes non-tlh="0" tlh="46132296" arrayletleaf="0"/>
  <largest-consumer threadName="Thread-8" threadId="0000000002034900" bytes="14510408" />
</allocation-stats>
<gc-op id="758" type="copy forward" timems="3.466" contextid="755" timestamp="2019-06-15T02:19:11.263">
  <memory-copied type="eden" objects="16225" bytes="665768" bytesdiscarded="0" />
  <memory-copied type="other" objects="6838" bytes="164112" bytesdiscarded="0" />
  <memory-cardclean objects="12382" bytes="697352" />
  <regions eden="44" other="2" />
  <remembered-set-cleared processed="34204" cleared="1041" durationms="0.393" />
  <stringconstants candidates="4597" cleared="0"  />
</gc-op>
<gc-op id="759" type="classunload" timems="0.002" contextid="755" timestamp="2019-06-15T02:19:11.264">
  <classunload-info classloadercandidates="8" classloadersunloaded="0" classesunloaded="0" anonymousclassesunloaded="0" quiescems="0.000" setupms="0.002" scanms="0.000" postms="0.000" />
</gc-op>
<heap-resize id="760" type="expand" space="default" amount="2097152" count="1" timems="0.063" reason="excessive time being spent in gc" timestamp="2019-06-15T02:19:11.264" />
<gc-end id="761" type="partial gc" contextid="755" durationms="4.723" usertimems="8.000" systemtimems="0.000" timestamp="2019-06-15T02:19:11.264" activeThreads="1">
  <mem-info id="762" free="97517568" total="162529280" percent="60">
    <mem type="eden" free="382808" total="1048576" percent="36" />
    <remembered-set count="39264" freebytes="6330624" totalbytes="6487680" percent="97" regionsoverflowed="0" regionsstable="1" regionsrebuilding="0"/>
  </mem-info>
</gc-end>
<cycle-end id="763" type="partial gc" contextid="755" timestamp="2019-06-15T02:19:11.264" />
  <attribute name="elasticGC enabled" value="1" />
  <attribute name= "numThreadsSpecified" value="1" />
  <attribute name="heapSize specified" value="0" />
  <attribute name="Current GC Util" value="39" />
  <attribute name= "Current Time Running" value="2696" />
  <attribute name ="GC Interval" value="0" />
  <attribute name="ProportionalT" value="9.500000" />
  <attribute name="ProportionalI" value="9.500000" />
  <attribute name="ProportionalH" value="9.500000" />
  <attribute name="Current Error" value="19.000000" />
  <attribute name="IntegralT" value="0.000000" />
  <attribute name="IntegralI" value="0.000000" />
  <attribute name="IntegralH" value="0.000000" />
  <attribute name="DerivativeT" value="inf" />
  <attribute name="DerivativeI" value="inf" />
  <attribute name="DerivativeH" value="inf" />
  <attribute name="Loop Time for DT" value="0.000000" />
  <attribute name="Output H" value="8388608"/>
  <attribute name="Output I" value="200"/>
  <attribute name="Output T" value="1"/>
  <attribute name="Target GC Util Change" value ="20.000000" />
  <attribute name="Current GC Util Change" value="39.000000"/>
  <attribute name="GC Util currently" value="39" />
  <attribute name="CPU Util currently" value="15679713624708" />
<exclusive-end id="764" timestamp="2019-06-15T02:19:11.264" durationms="5.748" />

<exclusive-start id="765" timestamp="2019-06-15T02:19:11.295" intervalms="36.379">
  <response-info timems="0.031" idlems="0.031" threads="0" lastid="0000000002034900" lastname="Thread-8" />
</exclusive-start>
<allocation-taxation id="766" taxation-threshold="47185920" timestamp="2019-06-15T02:19:11.295" intervalms="36.350" />
<cycle-start id="767" type="partial gc" contextid="0" timestamp="2019-06-15T02:19:11.295" intervalms="36.301" />
<gc-start id="768" type="partial gc" contextid="767" timestamp="2019-06-15T02:19:11.295">
  <mem-info id="769" free="50331648" total="162529280" percent="30">
    <mem type="eden" free="0" total="47185920" percent="0" />
    <remembered-set count="38848" freebytes="6332288" totalbytes="6487680" percent="97" regionsoverflowed="0" regionsstable="1" regionsrebuilding="0"/>
  </mem-info>
</gc-start>
<allocation-stats totalBytes="47180216" >
  <allocated-bytes non-tlh="0" tlh="47180216" arrayletleaf="0"/>
  <largest-consumer threadName="Thread-10" threadId="000000000203C100" bytes="15100096" />
</allocation-stats>
<gc-op id="770" type="copy forward" timems="3.918" contextid="767" timestamp="2019-06-15T02:19:11.300">
  <memory-copied type="eden" objects="10113" bytes="382104" bytesdiscarded="0" />
  <memory-copied type="other" objects="19802" bytes="750000" bytesdiscarded="0" />
  <memory-cardclean objects="12027" bytes="628376" />
  <regions eden="45" other="2" />
  <remembered-set-cleared processed="35100" cleared="1320" durationms="0.372" />
  <stringconstants candidates="4597" cleared="0"  />
</gc-op>
<gc-op id="771" type="classunload" timems="0.002" contextid="767" timestamp="2019-06-15T02:19:11.300">
  <classunload-info classloadercandidates="8" classloadersunloaded="0" classesunloaded="0" anonymousclassesunloaded="0" quiescems="0.000" setupms="0.002" scanms="0.000" postms="0.000" />
</gc-op>
<heap-resize id="772" type="expand" space="default" amount="3145728" count="1" timems="0.067" reason="excessive time being spent in gc" timestamp="2019-06-15T02:19:11.300" />
<gc-end id="773" type="partial gc" contextid="767" durationms="5.128" usertimems="8.000" systemtimems="0.000" timestamp="2019-06-15T02:19:11.301" activeThreads="1">
  <mem-info id="774" free="99614720" total="165675008" percent="60">
    <mem type="eden" free="666472" total="1048576" percent="63" />
    <remembered-set count="39872" freebytes="6453760" totalbytes="6613248" percent="97" regionsoverflowed="0" regionsstable="1" regionsrebuilding="0"/>
  </mem-info>
</gc-end>
<cycle-end id="775" type="partial gc" contextid="767" timestamp="2019-06-15T02:19:11.301" />
  <attribute name="elasticGC enabled" value="1" />
  <attribute name= "numThreadsSpecified" value="1" />
  <attribute name="heapSize specified" value="0" />
  <attribute name="Current GC Util" value="47" />
  <attribute name= "Current Time Running" value="2732" />
  <attribute name ="GC Interval" value="0" />
  <attribute name="ProportionalT" value="13.500000" />
  <attribute name="ProportionalI" value="13.500000" />
  <attribute name="ProportionalH" value="13.500000" />
  <attribute name="Current Error" value="27.000000" />
  <attribute name="IntegralT" value="0.000000" />
  <attribute name="IntegralI" value="0.000000" />
  <attribute name="IntegralH" value="0.000000" />
  <attribute name="DerivativeT" value="inf" />
  <attribute name="DerivativeI" value="inf" />
  <attribute name="DerivativeH" value="inf" />
  <attribute name="Loop Time for DT" value="0.000000" />
  <attribute name="Output H" value="8388608"/>
  <attribute name="Output I" value="200"/>
  <attribute name="Output T" value="1"/>
  <attribute name="Target GC Util Change" value ="20.000000" />
  <attribute name="Current GC Util Change" value="47.000000"/>
  <attribute name="GC Util currently" value="47" />
  <attribute name="CPU Util currently" value="18816833528873" />
<exclusive-end id="776" timestamp="2019-06-15T02:19:11.301" durationms="6.134" />

<exclusive-start id="777" timestamp="2019-06-15T02:19:11.339" intervalms="43.954">
  <response-info timems="0.054" idlems="0.054" threads="0" lastid="0000000002034900" lastname="Thread-8" />
</exclusive-start>
<allocation-taxation id="778" taxation-threshold="47185920" timestamp="2019-06-15T02:19:11.339" intervalms="43.963" />
<cycle-start id="779" type="partial gc" contextid="0" timestamp="2019-06-15T02:19:11.339" intervalms="43.984" />
<gc-start id="780" type="partial gc" contextid="779" timestamp="2019-06-15T02:19:11.339">
  <mem-info id="781" free="52428800" total="165675008" percent="31">
    <mem type="eden" free="0" total="47185920" percent="0" />
    <remembered-set count="39776" freebytes="6454144" totalbytes="6613248" percent="97" regionsoverflowed="0" regionsstable="1" regionsrebuilding="0"/>
  </mem-info>
</gc-start>
<allocation-stats totalBytes="47180400" >
  <allocated-bytes non-tlh="0" tlh="47180400" arrayletleaf="0"/>
  <largest-consumer threadName="Thread-8" threadId="0000000002034900" bytes="13634024" />
</allocation-stats>
<gc-op id="782" type="copy forward" timems="3.656" contextid="779" timestamp="2019-06-15T02:19:11.344">
  <memory-copied type="eden" objects="2885" bytes="70760" bytesdiscarded="0" />
  <memory-copied type="other" objects="25707" bytes="1029096" bytesdiscarded="0" />
  <memory-cardclean objects="8682" bytes="467888" />
  <regions eden="45" other="2" />
  <remembered-set-cleared processed="36042" cleared="1337" durationms="0.386" />
  <stringconstants candidates="4597" cleared="0"  />
</gc-op>
<gc-op id="783" type="classunload" timems="0.002" contextid="779" timestamp="2019-06-15T02:19:11.344">
  <classunload-info classloadercandidates="8" classloadersunloaded="0" classesunloaded="0" anonymousclassesunloaded="0" quiescems="0.000" setupms="0.002" scanms="0.000" postms="0.000" />
</gc-op>
<heap-resize id="784" type="expand" space="default" amount="2097152" count="1" timems="0.076" reason="excessive time being spent in gc" timestamp="2019-06-15T02:19:11.344" />
<gc-end id="785" type="partial gc" contextid="779" durationms="4.926" usertimems="8.000" systemtimems="4.000" timestamp="2019-06-15T02:19:11.344" activeThreads="1">
  <mem-info id="786" free="100663296" total="167772160" percent="60">
    <mem type="eden" free="977816" total="1048576" percent="93" />
    <remembered-set count="40832" freebytes="6533632" totalbytes="6696960" percent="97" regionsoverflowed="0" regionsstable="1" regionsrebuilding="0"/>
  </mem-info>
</gc-end>
<cycle-end id="787" type="partial gc" contextid="779" timestamp="2019-06-15T02:19:11.345" />
  <attribute name="elasticGC enabled" value="1" />
  <attribute name= "numThreadsSpecified" value="1" />
  <attribute name="heapSize specified" value="0" />
  <attribute name="Current GC Util" value="43" />
  <attribute name= "Current Time Running" value="2776" />
  <attribute name ="GC Interval" value="0" />
  <attribute name="ProportionalT" value="11.500000" />
  <attribute name="ProportionalI" value="11.500000" />
  <attribute name="ProportionalH" value="11.500000" />
  <attribute name="Current Error" value="23.000000" />
  <attribute name="IntegralT" value="0.000000" />
  <attribute name="IntegralI" value="0.000000" />
  <attribute name="IntegralH" value="0.000000" />
  <attribute name="DerivativeT" value="inf" />
  <attribute name="DerivativeI" value="inf" />
  <attribute name="DerivativeH" value="inf" />
  <attribute name="Loop Time for DT" value="0.000000" />
  <attribute name="Output H" value="8388608"/>
  <attribute name="Output I" value="200"/>
  <attribute name="Output T" value="1"/>
  <attribute name="Target GC Util Change" value ="20.000000" />
  <attribute name="Current GC Util Change" value="43.000000"/>
  <attribute name="GC Util currently" value="43" />
  <attribute name="CPU Util currently" value="19931565986244" />
<exclusive-end id="788" timestamp="2019-06-15T02:19:11.345" durationms="5.965" />

<exclusive-start id="789" timestamp="2019-06-15T02:19:11.383" intervalms="44.134">
  <response-info timems="0.039" idlems="0.039" threads="0" lastid="0000000002034900" lastname="Thread-8" />
</exclusive-start>
<allocation-taxation id="790" taxation-threshold="48234496" timestamp="2019-06-15T02:19:11.383" intervalms="44.169" />
<cycle-start id="791" type="partial gc" contextid="0" timestamp="2019-06-15T02:19:11.383" intervalms="44.144" />
<gc-start id="792" type="partial gc" contextid="791" timestamp="2019-06-15T02:19:11.384">
  <mem-info id="793" free="52428800" total="167772160" percent="31">
    <mem type="eden" free="0" total="48234496" percent="0" />
    <remembered-set count="40576" freebytes="6534656" totalbytes="6696960" percent="97" regionsoverflowed="0" regionsstable="1" regionsrebuilding="0"/>
  </mem-info>
</gc-start>
<allocation-stats totalBytes="48229112" >
  <allocated-bytes non-tlh="0" tlh="48229112" arrayletleaf="0"/>
  <largest-consumer threadName="Thread-8" threadId="0000000002034900" bytes="15853912" />
</allocation-stats>
<gc-op id="794" type="copy forward" timems="3.422" contextid="791" timestamp="2019-06-15T02:19:11.388">
  <memory-copied type="eden" objects="10122" bytes="381856" bytesdiscarded="0" />
  <memory-copied type="other" objects="12435" bytes="435816" bytesdiscarded="0" />
  <memory-cardclean objects="10749" bytes="600896" />
  <regions eden="46" other="2" />
  <remembered-set-cleared processed="36847" cleared="1004" durationms="0.388" />
  <stringconstants candidates="4597" cleared="0"  />
</gc-op>
<gc-op id="795" type="classunload" timems="0.003" contextid="791" timestamp="2019-06-15T02:19:11.388">
  <classunload-info classloadercandidates="8" classloadersunloaded="0" classesunloaded="0" anonymousclassesunloaded="0" quiescems="0.000" setupms="0.003" scanms="0.000" postms="0.000" />
</gc-op>
<heap-resize id="796" type="expand" space="default" amount="3145728" count="1" timems="0.070" reason="excessive time being spent in gc" timestamp="2019-06-15T02:19:11.388" />
<gc-end id="797" type="partial gc" contextid="791" durationms="4.676" usertimems="8.000" systemtimems="0.000" timestamp="2019-06-15T02:19:11.388" activeThreads="1">
  <mem-info id="798" free="102760448" total="170917888" percent="60">
    <mem type="eden" free="666720" total="1048576" percent="63" />
    <remembered-set count="41952" freebytes="6654720" totalbytes="6822528" percent="97" regionsoverflowed="0" regionsstable="1" regionsrebuilding="0"/>
  </mem-info>
</gc-end>
<cycle-end id="799" type="partial gc" contextid="791" timestamp="2019-06-15T02:19:11.389" />
  <attribute name="elasticGC enabled" value="1" />
  <attribute name= "numThreadsSpecified" value="1" />
  <attribute name="heapSize specified" value="0" />
  <attribute name="Current GC Util" value="49" />
  <attribute name= "Current Time Running" value="2820" />
  <attribute name ="GC Interval" value="0" />
  <attribute name="ProportionalT" value="14.500000" />
  <attribute name="ProportionalI" value="14.500000" />
  <attribute name="ProportionalH" value="14.500000" />
  <attribute name="Current Error" value="29.000000" />
  <attribute name="IntegralT" value="0.000000" />
  <attribute name="IntegralI" value="0.000000" />
  <attribute name="IntegralH" value="0.000000" />
  <attribute name="DerivativeT" value="inf" />
  <attribute name="DerivativeI" value="inf" />
  <attribute name="DerivativeH" value="inf" />
  <attribute name="Loop Time for DT" value="0.000000" />
  <attribute name="Output H" value="8388608"/>
  <attribute name="Output I" value="200"/>
  <attribute name="Output T" value="1"/>
  <attribute name="Target GC Util Change" value ="20.000000" />
  <attribute name="Current GC Util Change" value="49.000000"/>
  <attribute name="GC Util currently" value="49" />
  <attribute name="CPU Util currently" value="17132732030264" />
<exclusive-end id="800" timestamp="2019-06-15T02:19:11.389" durationms="5.758" />

<exclusive-start id="801" timestamp="2019-06-15T02:19:11.424" intervalms="41.353">
  <response-info timems="0.041" idlems="0.041" threads="0" lastid="0000000002030D00" lastname="Thread-9" />
</exclusive-start>
<allocation-taxation id="802" taxation-threshold="49283072" timestamp="2019-06-15T02:19:11.425" intervalms="41.319" />
<cycle-start id="803" type="partial gc" contextid="0" timestamp="2019-06-15T02:19:11.425" intervalms="41.332" />
<gc-start id="804" type="partial gc" contextid="803" timestamp="2019-06-15T02:19:11.425">
  <mem-info id="805" free="53477376" total="170917888" percent="31">
    <mem type="eden" free="0" total="49283072" percent="0" />
    <remembered-set count="41472" freebytes="6656640" totalbytes="6822528" percent="97" regionsoverflowed="0" regionsstable="1" regionsrebuilding="0"/>
  </mem-info>
</gc-start>
<allocation-stats totalBytes="49277224" >
  <allocated-bytes non-tlh="0" tlh="49277224" arrayletleaf="0"/>
  <largest-consumer threadName="Thread-8" threadId="0000000002034900" bytes="18229168" />
</allocation-stats>
<gc-op id="806" type="copy forward" timems="3.336" contextid="803" timestamp="2019-06-15T02:19:11.429">
  <memory-copied type="eden" objects="10669" bytes="395120" bytesdiscarded="0" />
  <memory-copied type="other" objects="12502" bytes="437424" bytesdiscarded="0" />
  <memory-cardclean objects="10469" bytes="568472" />
  <regions eden="47" other="2" />
  <remembered-set-cleared processed="37709" cleared="934" durationms="0.391" />
  <stringconstants candidates="4597" cleared="0"  />
</gc-op>
<gc-op id="807" type="classunload" timems="0.002" contextid="803" timestamp="2019-06-15T02:19:11.429">
  <classunload-info classloadercandidates="8" classloadersunloaded="0" classesunloaded="0" anonymousclassesunloaded="0" quiescems="0.000" setupms="0.002" scanms="0.000" postms="0.000" />
</gc-op>
<heap-resize id="808" type="expand" space="default" amount="2097152" count="1" timems="0.064" reason="excessive time being spent in gc" timestamp="2019-06-15T02:19:11.429" />
<gc-end id="809" type="partial gc" contextid="803" durationms="4.509" usertimems="4.000" systemtimems="0.000" timestamp="2019-06-15T02:19:11.429" activeThreads="1">
  <mem-info id="810" free="103809024" total="173015040" percent="60">
    <mem type="eden" free="653456" total="1048576" percent="62" />
    <remembered-set count="42400" freebytes="6736640" totalbytes="6906240" percent="97" regionsoverflowed="0" regionsstable="1" regionsrebuilding="0"/>
  </mem-info>
</gc-end>
<cycle-end id="811" type="partial gc" contextid="803" timestamp="2019-06-15T02:19:11.430" />
  <attribute name="elasticGC enabled" value="1" />
  <attribute name= "numThreadsSpecified" value="1" />
  <attribute name="heapSize specified" value="0" />
  <attribute name="Current GC Util" value="43" />
  <attribute name= "Current Time Running" value="2861" />
  <attribute name ="GC Interval" value="0" />
  <attribute name="ProportionalT" value="11.500000" />
  <attribute name="ProportionalI" value="11.500000" />
  <attribute name="ProportionalH" value="11.500000" />
  <attribute name="Current Error" value="23.000000" />
  <attribute name="IntegralT" value="0.000000" />
  <attribute name="IntegralI" value="0.000000" />
  <attribute name="IntegralH" value="0.000000" />
  <attribute name="DerivativeT" value="inf" />
  <attribute name="DerivativeI" value="inf" />
  <attribute name="DerivativeH" value="inf" />
  <attribute name="Loop Time for DT" value="0.000000" />
  <attribute name="Output H" value="8388608"/>
  <attribute name="Output I" value="200"/>
  <attribute name="Output T" value="1"/>
  <attribute name="Target GC Util Change" value ="20.000000" />
  <attribute name="Current GC Util Change" value="43.000000"/>
  <attribute name="GC Util currently" value="43" />
  <attribute name="CPU Util currently" value="18430525183438" />
<exclusive-end id="812" timestamp="2019-06-15T02:19:11.430" durationms="5.492" />

<exclusive-start id="813" timestamp="2019-06-15T02:19:11.465" intervalms="40.349">
  <response-info timems="0.051" idlems="0.051" threads="0" lastid="0000000002034900" lastname="Thread-8" />
</exclusive-start>
<allocation-taxation id="814" taxation-threshold="49283072" timestamp="2019-06-15T02:19:11.465" intervalms="40.331" />
<cycle-start id="815" type="partial gc" contextid="0" timestamp="2019-06-15T02:19:11.465" intervalms="40.412" />
<gc-start id="816" type="partial gc" contextid="815" timestamp="2019-06-15T02:19:11.465">
  <mem-info id="817" free="54525952" total="173015040" percent="31">
    <mem type="eden" free="0" total="49283072" percent="0" />
    <remembered-set count="42336" freebytes="6736896" totalbytes="6906240" percent="97" regionsoverflowed="0" regionsstable="1" regionsrebuilding="0"/>
  </mem-info>
</gc-start>
<allocation-stats totalBytes="49277208" >
  <allocated-bytes non-tlh="0" tlh="49277208" arrayletleaf="0"/>
  <largest-consumer threadName="Thread-8" threadId="0000000002034900" bytes="18122752" />
</allocation-stats>
<gc-op id="818" type="copy forward" timems="3.337" contextid="815" timestamp="2019-06-15T02:19:11.470">
  <memory-copied type="eden" objects="10132" bytes="381928" bytesdiscarded="0" />
  <memory-copied type="other" objects="14418" bytes="483408" bytesdiscarded="0" />
  <memory-cardclean objects="9749" bytes="514808" />
  <regions eden="47" other="2" />
  <remembered-set-cleared processed="38520" cleared="1137" durationms="0.395" />
  <stringconstants candidates="4597" cleared="0"  />
</gc-op>
<gc-op id="819" type="classunload" timems="0.003" contextid="815" timestamp="2019-06-15T02:19:11.470">
  <classunload-info classloadercandidates="8" classloadersunloaded="0" classesunloaded="0" anonymousclassesunloaded="0" quiescems="0.000" setupms="0.002" scanms="0.000" postms="0.000" />
</gc-op>
<heap-resize id="820" type="expand" space="default" amount="3145728" count="1" timems="0.069" reason="excessive time being spent in gc" timestamp="2019-06-15T02:19:11.470" />
<gc-end id="821" type="partial gc" contextid="815" durationms="4.754" usertimems="4.000" systemtimems="0.000" timestamp="2019-06-15T02:19:11.470" activeThreads="1">
  <mem-info id="822" free="105906176" total="176160768" percent="60">
    <mem type="eden" free="666648" total="1048576" percent="63" />
    <remembered-set count="43552" freebytes="6857600" totalbytes="7031808" percent="97" regionsoverflowed="0" regionsstable="1" regionsrebuilding="0"/>
  </mem-info>
</gc-end>
<cycle-end id="823" type="partial gc" contextid="815" timestamp="2019-06-15T02:19:11.470" />
  <attribute name="elasticGC enabled" value="1" />
  <attribute name= "numThreadsSpecified" value="1" />
  <attribute name="heapSize specified" value="0" />
  <attribute name="Current GC Util" value="50" />
  <attribute name= "Current Time Running" value="2902" />
  <attribute name ="GC Interval" value="0" />
  <attribute name="ProportionalT" value="15.000000" />
  <attribute name="ProportionalI" value="15.000000" />
  <attribute name="ProportionalH" value="15.000000" />
  <attribute name="Current Error" value="30.000000" />
  <attribute name="IntegralT" value="0.000000" />
  <attribute name="IntegralI" value="0.000000" />
  <attribute name="IntegralH" value="0.000000" />
  <attribute name="DerivativeT" value="inf" />
  <attribute name="DerivativeI" value="inf" />
  <attribute name="DerivativeH" value="inf" />
  <attribute name="Loop Time for DT" value="0.000000" />
  <attribute name="Output H" value="8388608"/>
  <attribute name="Output I" value="200"/>
  <attribute name="Output T" value="1"/>
  <attribute name="Target GC Util Change" value ="20.000000" />
  <attribute name="Current GC Util Change" value="50.000000"/>
  <attribute name="GC Util currently" value="50" />
  <attribute name="CPU Util currently" value="16941461323625" />
<exclusive-end id="824" timestamp="2019-06-15T02:19:11.471" durationms="5.915" />

<exclusive-start id="825" timestamp="2019-06-15T02:19:11.508" intervalms="43.121">
  <response-info timems="0.028" idlems="0.028" threads="0" lastid="000000000203C100" lastname="Thread-10" />
</exclusive-start>
<allocation-taxation id="826" taxation-threshold="50331648" timestamp="2019-06-15T02:19:11.508" intervalms="43.108" />
<cycle-start id="827" type="partial gc" contextid="0" timestamp="2019-06-15T02:19:11.508" intervalms="43.024" />
<gc-start id="828" type="partial gc" contextid="827" timestamp="2019-06-15T02:19:11.508">
  <mem-info id="829" free="55574528" total="176160768" percent="31">
    <mem type="eden" free="0" total="50331648" percent="0" />
    <remembered-set count="43104" freebytes="6859392" totalbytes="7031808" percent="97" regionsoverflowed="0" regionsstable="1" regionsrebuilding="0"/>
  </mem-info>
</gc-start>
<allocation-stats totalBytes="50325360" >
  <allocated-bytes non-tlh="0" tlh="50325360" arrayletleaf="0"/>
  <largest-consumer threadName="Thread-8" threadId="0000000002034900" bytes="17274680" />
</allocation-stats>
<gc-op id="830" type="copy forward" timems="3.672" contextid="827" timestamp="2019-06-15T02:19:11.513">
  <memory-copied type="eden" objects="22284" bytes="948224" bytesdiscarded="0" />
  <memory-copied type="other" objects="7315" bytes="175560" bytesdiscarded="0" />
  <memory-cardclean objects="10681" bytes="582536" />
  <regions eden="48" other="2" />
  <remembered-set-cleared processed="39464" cleared="981" durationms="0.403" />
  <stringconstants candidates="4597" cleared="0"  />
</gc-op>
<gc-op id="831" type="classunload" timems="0.003" contextid="827" timestamp="2019-06-15T02:19:11.513">
  <classunload-info classloadercandidates="8" classloadersunloaded="0" classesunloaded="0" anonymousclassesunloaded="0" quiescems="0.000" setupms="0.002" scanms="0.000" postms="0.000" />
</gc-op>
<heap-resize id="832" type="expand" space="default" amount="2097152" count="1" timems="0.065" reason="excessive time being spent in gc" timestamp="2019-06-15T02:19:11.513" />
<gc-end id="833" type="partial gc" contextid="827" durationms="5.065" usertimems="12.000" systemtimems="0.000" timestamp="2019-06-15T02:19:11.513" activeThreads="1">
  <mem-info id="834" free="106954752" total="178257920" percent="60">
    <mem type="eden" free="100352" total="1048576" percent="9" />
    <remembered-set count="44128" freebytes="6939008" totalbytes="7115520" percent="97" regionsoverflowed="0" regionsstable="1" regionsrebuilding="0"/>
  </mem-info>
</gc-end>
<cycle-end id="835" type="partial gc" contextid="827" timestamp="2019-06-15T02:19:11.514" />
  <attribute name="elasticGC enabled" value="1" />
  <attribute name= "numThreadsSpecified" value="1" />
  <attribute name="heapSize specified" value="0" />
  <attribute name="Current GC Util" value="48" />
  <attribute name= "Current Time Running" value="2945" />
  <attribute name ="GC Interval" value="0" />
  <attribute name="ProportionalT" value="14.000000" />
  <attribute name="ProportionalI" value="14.000000" />
  <attribute name="ProportionalH" value="14.000000" />
  <attribute name="Current Error" value="28.000000" />
  <attribute name="IntegralT" value="0.000000" />
  <attribute name="IntegralI" value="0.000000" />
  <attribute name="IntegralH" value="0.000000" />
  <attribute name="DerivativeT" value="inf" />
  <attribute name="DerivativeI" value="inf" />
  <attribute name="DerivativeH" value="inf" />
  <attribute name="Loop Time for DT" value="0.000000" />
  <attribute name="Output H" value="8388608"/>
  <attribute name="Output I" value="200"/>
  <attribute name="Output T" value="1"/>
  <attribute name="Target GC Util Change" value ="20.000000" />
  <attribute name="Current GC Util Change" value="48.000000"/>
  <attribute name="GC Util currently" value="48" />
  <attribute name="CPU Util currently" value="15585759659559" />
<exclusive-end id="836" timestamp="2019-06-15T02:19:11.514" durationms="6.073" />

<exclusive-start id="837" timestamp="2019-06-15T02:19:11.553" intervalms="45.144">
  <response-info timems="0.118" idlems="0.118" threads="0" lastid="0000000002034900" lastname="Thread-8" />
</exclusive-start>
<allocation-taxation id="838" taxation-threshold="50331648" timestamp="2019-06-15T02:19:11.553" intervalms="45.242" />
<cycle-start id="839" type="partial gc" contextid="0" timestamp="2019-06-15T02:19:11.553" intervalms="45.275" />
<gc-start id="840" type="partial gc" contextid="839" timestamp="2019-06-15T02:19:11.554">
  <mem-info id="841" free="56623104" total="178257920" percent="31">
    <mem type="eden" free="0" total="50331648" percent="0" />
    <remembered-set count="43776" freebytes="6940416" totalbytes="7115520" percent="97" regionsoverflowed="0" regionsstable="1" regionsrebuilding="0"/>
  </mem-info>
</gc-start>
<allocation-stats totalBytes="50325968" >
  <allocated-bytes non-tlh="0" tlh="50325968" arrayletleaf="0"/>
  <largest-consumer threadName="Thread-10" threadId="000000000203C100" bytes="20280936" />
</allocation-stats>
<gc-op id="842" type="copy forward" timems="3.946" contextid="839" timestamp="2019-06-15T02:19:11.558">
  <memory-copied type="eden" objects="21095" bytes="919992" bytesdiscarded="0" />
  <memory-copied type="other" objects="12748" bytes="443328" bytesdiscarded="0" />
  <memory-cardclean objects="9324" bytes="498704" />
  <regions eden="48" other="2" />
  <remembered-set-cleared processed="40204" cleared="1175" durationms="0.423" />
  <stringconstants candidates="4597" cleared="0"  />
</gc-op>
<gc-op id="843" type="classunload" timems="0.002" contextid="839" timestamp="2019-06-15T02:19:11.559">
  <classunload-info classloadercandidates="8" classloadersunloaded="0" classesunloaded="0" anonymousclassesunloaded="0" quiescems="0.000" setupms="0.002" scanms="0.000" postms="0.000" />
</gc-op>
<heap-resize id="844" type="expand" space="default" amount="3145728" count="1" timems="0.068" reason="excessive time being spent in gc" timestamp="2019-06-15T02:19:11.559" />
<gc-end id="845" type="partial gc" contextid="839" durationms="5.309" usertimems="4.000" systemtimems="0.000" timestamp="2019-06-15T02:19:11.559" activeThreads="1">
  <mem-info id="846" free="109051904" total="181403648" percent="60">
    <mem type="eden" free="128584" total="1048576" percent="12" />
    <remembered-set count="44704" freebytes="7062272" totalbytes="7241088" percent="97" regionsoverflowed="0" regionsstable="1" regionsrebuilding="0"/>
  </mem-info>
</gc-end>
<cycle-end id="847" type="partial gc" contextid="839" timestamp="2019-06-15T02:19:11.559" />
  <attribute name="elasticGC enabled" value="1" />
  <attribute name= "numThreadsSpecified" value="1" />
  <attribute name="heapSize specified" value="0" />
  <attribute name="Current GC Util" value="49" />
  <attribute name= "Current Time Running" value="2990" />
  <attribute name ="GC Interval" value="0" />
  <attribute name="ProportionalT" value="14.500000" />
  <attribute name="ProportionalI" value="14.500000" />
  <attribute name="ProportionalH" value="14.500000" />
  <attribute name="Current Error" value="29.000000" />
  <attribute name="IntegralT" value="0.000000" />
  <attribute name="IntegralI" value="0.000000" />
  <attribute name="IntegralH" value="0.000000" />
  <attribute name="DerivativeT" value="inf" />
  <attribute name="DerivativeI" value="inf" />
  <attribute name="DerivativeH" value="inf" />
  <attribute name="Loop Time for DT" value="0.000000" />
  <attribute name="Output H" value="8388608"/>
  <attribute name="Output I" value="200"/>
  <attribute name="Output T" value="1"/>
  <attribute name="Target GC Util Change" value ="20.000000" />
  <attribute name="Current GC Util Change" value="49.000000"/>
  <attribute name="GC Util currently" value="49" />
  <attribute name="CPU Util currently" value="17029167984522" />
<exclusive-end id="848" timestamp="2019-06-15T02:19:11.560" durationms="6.564" />

<exclusive-start id="849" timestamp="2019-06-15T02:19:11.593" intervalms="40.466">
  <response-info timems="0.045" idlems="0.045" threads="0" lastid="0000000002038500" lastname="Thread-7" />
</exclusive-start>
<allocation-taxation id="850" taxation-threshold="51380224" timestamp="2019-06-15T02:19:11.594" intervalms="40.380" />
<cycle-start id="851" type="partial gc" contextid="0" timestamp="2019-06-15T02:19:11.594" intervalms="40.305" />
<gc-start id="852" type="partial gc" contextid="851" timestamp="2019-06-15T02:19:11.594">
  <mem-info id="853" free="57671680" total="181403648" percent="31">
    <mem type="eden" free="0" total="51380224" percent="0" />
    <remembered-set count="44288" freebytes="7063936" totalbytes="7241088" percent="97" regionsoverflowed="0" regionsstable="1" regionsrebuilding="0"/>
  </mem-info>
</gc-start>
<allocation-stats totalBytes="51373024" >
  <allocated-bytes non-tlh="0" tlh="51373024" arrayletleaf="0"/>
  <largest-consumer threadName="Thread-8" threadId="0000000002034900" bytes="17700440" />
</allocation-stats>
<gc-op id="854" type="copy forward" timems="4.245" contextid="851" timestamp="2019-06-15T02:19:11.599">
  <memory-copied type="eden" objects="11490" bytes="414136" bytesdiscarded="0" />
  <memory-copied type="other" objects="24522" bytes="1000656" bytesdiscarded="0" />
  <memory-cardclean objects="6464" bytes="361456" />
  <regions eden="49" other="2" />
  <remembered-set-cleared processed="40803" cleared="1084" durationms="0.440" />
  <stringconstants candidates="4597" cleared="0"  />
</gc-op>
<gc-op id="855" type="classunload" timems="0.003" contextid="851" timestamp="2019-06-15T02:19:11.599">
  <classunload-info classloadercandidates="8" classloadersunloaded="0" classesunloaded="0" anonymousclassesunloaded="0" quiescems="0.000" setupms="0.003" scanms="0.000" postms="0.000" />
</gc-op>
<heap-resize id="856" type="expand" space="default" amount="2097152" count="1" timems="0.066" reason="excessive time being spent in gc" timestamp="2019-06-15T02:19:11.600" />
<gc-end id="857" type="partial gc" contextid="851" durationms="5.658" usertimems="4.000" systemtimems="4.000" timestamp="2019-06-15T02:19:11.600" activeThreads="1">
  <mem-info id="858" free="110100480" total="183500800" percent="60">
    <mem type="eden" free="634440" total="1048576" percent="60" />
    <remembered-set count="45792" freebytes="7141632" totalbytes="7324800" percent="97" regionsoverflowed="0" regionsstable="1" regionsrebuilding="0"/>
  </mem-info>
</gc-end>
<cycle-end id="859" type="partial gc" contextid="851" timestamp="2019-06-15T02:19:11.600" />
  <attribute name="elasticGC enabled" value="1" />
  <attribute name= "numThreadsSpecified" value="1" />
  <attribute name="heapSize specified" value="0" />
  <attribute name="Current GC Util" value="42" />
  <attribute name= "Current Time Running" value="3031" />
  <attribute name ="GC Interval" value="0" />
  <attribute name="ProportionalT" value="11.000000" />
  <attribute name="ProportionalI" value="11.000000" />
  <attribute name="ProportionalH" value="11.000000" />
  <attribute name="Current Error" value="22.000000" />
  <attribute name="IntegralT" value="0.000000" />
  <attribute name="IntegralI" value="0.000000" />
  <attribute name="IntegralH" value="0.000000" />
  <attribute name="DerivativeT" value="inf" />
  <attribute name="DerivativeI" value="inf" />
  <attribute name="DerivativeH" value="inf" />
  <attribute name="Loop Time for DT" value="0.000000" />
  <attribute name="Output H" value="8388608"/>
  <attribute name="Output I" value="200"/>
  <attribute name="Output T" value="1"/>
  <attribute name="Target GC Util Change" value ="20.000000" />
  <attribute name="Current GC Util Change" value="42.000000"/>
  <attribute name="GC Util currently" value="42" />
  <attribute name="CPU Util currently" value="17485463217850" />
<exclusive-end id="860" timestamp="2019-06-15T02:19:11.600" durationms="6.877" />

<exclusive-start id="861" timestamp="2019-06-15T02:19:11.630" intervalms="36.723">
  <response-info timems="0.033" idlems="0.033" threads="0" lastid="0000000002034900" lastname="Thread-8" />
</exclusive-start>
<allocation-taxation id="862" taxation-threshold="52428800" timestamp="2019-06-15T02:19:11.630" intervalms="36.783" />
<cycle-start id="863" type="partial gc" contextid="0" timestamp="2019-06-15T02:19:11.631" intervalms="36.880" />
<gc-start id="864" type="partial gc" contextid="863" timestamp="2019-06-15T02:19:11.631">
  <mem-info id="865" free="57671680" total="183500800" percent="31">
    <mem type="eden" free="0" total="52428800" percent="0" />
    <remembered-set count="45472" freebytes="7142912" totalbytes="7324800" percent="97" regionsoverflowed="0" regionsstable="1" regionsrebuilding="0"/>
  </mem-info>
</gc-start>
<allocation-stats totalBytes="52421752" >
  <allocated-bytes non-tlh="0" tlh="52421752" arrayletleaf="0"/>
  <largest-consumer threadName="Thread-7" threadId="0000000002038500" bytes="17970616" />
</allocation-stats>
<gc-op id="866" type="copy forward" timems="3.202" contextid="863" timestamp="2019-06-15T02:19:11.635">
  <memory-copied type="eden" objects="12471" bytes="437504" bytesdiscarded="14248" />
  <memory-copied type="other" objects="27921" bytes="1082256" bytesdiscarded="37680" />
  <memory-cardclean objects="6458" bytes="361312" />
  <regions eden="50" other="3" />
  <remembered-set-cleared processed="41062" cleared="1343" durationms="0.251" />
  <stringconstants candidates="4597" cleared="0"  />
</gc-op>
<gc-op id="867" type="classunload" timems="0.003" contextid="863" timestamp="2019-06-15T02:19:11.635">
  <classunload-info classloadercandidates="8" classloadersunloaded="0" classesunloaded="0" anonymousclassesunloaded="0" quiescems="0.000" setupms="0.003" scanms="0.000" postms="0.000" />
</gc-op>
<heap-resize id="868" type="expand" space="default" amount="3145728" count="1" timems="0.069" reason="excessive time being spent in gc" timestamp="2019-06-15T02:19:11.635" />
<gc-end id="869" type="partial gc" contextid="863" durationms="4.636" usertimems="12.000" systemtimems="0.000" timestamp="2019-06-15T02:19:11.636" activeThreads="4">
  <mem-info id="870" free="112197632" total="186646528" percent="60">
    <mem type="eden" free="596824" total="1048576" percent="56" />
    <remembered-set count="46080" freebytes="7266048" totalbytes="7450368" percent="97" regionsoverflowed="0" regionsstable="1" regionsrebuilding="0"/>
  </mem-info>
</gc-end>
<cycle-end id="871" type="partial gc" contextid="863" timestamp="2019-06-15T02:19:11.636" />
  <attribute name="elasticGC enabled" value="1" />
  <attribute name= "numThreadsSpecified" value="4" />
  <attribute name="heapSize specified" value="0" />
  <attribute name="Current GC Util" value="49" />
  <attribute name= "Current Time Running" value="3068" />
  <attribute name ="GC Interval" value="0" />
  <attribute name="ProportionalT" value="14.500000" />
  <attribute name="ProportionalI" value="14.500000" />
  <attribute name="ProportionalH" value="14.500000" />
  <attribute name="Current Error" value="29.000000" />
  <attribute name="IntegralT" value="29.000000" />
  <attribute name="IntegralI" value="29.000000" />
  <attribute name="IntegralH" value="29.000000" />
  <attribute name="DerivativeT" value="29.000000" />
  <attribute name="DerivativeI" value="29.000000" />
  <attribute name="DerivativeH" value="29.000000" />
  <attribute name="Loop Time for DT" value="1.000000" />
  <attribute name="Output H" value="8388608"/>
  <attribute name="Output I" value="200"/>
  <attribute name="Output T" value="4"/>
  <attribute name="Target GC Util Change" value ="20.000000" />
  <attribute name="Current GC Util Change" value="49.000000"/>
  <attribute name="GC Util currently" value="49" />
  <attribute name="CPU Util currently" value="17006372332119" />
<exclusive-end id="872" timestamp="2019-06-15T02:19:11.636" durationms="5.840" />

<exclusive-start id="873" timestamp="2019-06-15T02:19:11.665" intervalms="34.726">
  <response-info timems="0.028" idlems="0.028" threads="0" lastid="0000000002034900" lastname="Thread-8" />
</exclusive-start>
<allocation-taxation id="874" taxation-threshold="52428800" timestamp="2019-06-15T02:19:11.665" intervalms="34.727" />
<cycle-start id="875" type="partial gc" contextid="0" timestamp="2019-06-15T02:19:11.665" intervalms="34.694" />
<gc-start id="876" type="partial gc" contextid="875" timestamp="2019-06-15T02:19:11.666">
  <mem-info id="877" free="59768832" total="186646528" percent="32">
    <mem type="eden" free="0" total="52428800" percent="0" />
    <remembered-set count="45728" freebytes="7267456" totalbytes="7450368" percent="97" regionsoverflowed="0" regionsstable="1" regionsrebuilding="0"/>
  </mem-info>
</gc-start>
<allocation-stats totalBytes="52421936" >
  <allocated-bytes non-tlh="0" tlh="52421936" arrayletleaf="0"/>
  <largest-consumer threadName="Thread-7" threadId="0000000002038500" bytes="17938088" />
</allocation-stats>
<gc-op id="878" type="copy forward" timems="3.944" contextid="875" timestamp="2019-06-15T02:19:11.670">
  <memory-copied type="eden" objects="24724" bytes="1006656" bytesdiscarded="0" />
  <memory-copied type="other" objects="7217" bytes="173232" bytesdiscarded="0" />
  <memory-cardclean objects="12667" bytes="711328" />
  <regions eden="50" other="2" />
  <remembered-set-cleared processed="42077" cleared="782" durationms="0.433" />
  <stringconstants candidates="4597" cleared="0"  />
</gc-op>
<gc-op id="879" type="classunload" timems="0.003" contextid="875" timestamp="2019-06-15T02:19:11.670">
  <classunload-info classloadercandidates="8" classloadersunloaded="0" classesunloaded="0" anonymousclassesunloaded="0" quiescems="0.000" setupms="0.003" scanms="0.000" postms="0.000" />
</gc-op>
<heap-resize id="880" type="expand" space="default" amount="2097152" count="1" timems="0.065" reason="excessive time being spent in gc" timestamp="2019-06-15T02:19:11.671" />
<gc-end id="881" type="partial gc" contextid="875" durationms="5.160" usertimems="8.000" systemtimems="0.000" timestamp="2019-06-15T02:19:11.671" activeThreads="1">
  <mem-info id="882" free="113246208" total="188743680" percent="60">
    <mem type="eden" free="41920" total="1048576" percent="3" />
    <remembered-set count="46720" freebytes="7347200" totalbytes="7534080" percent="97" regionsoverflowed="0" regionsstable="1" regionsrebuilding="0"/>
  </mem-info>
</gc-end>
<cycle-end id="883" type="partial gc" contextid="875" timestamp="2019-06-15T02:19:11.671" />
  <attribute name="elasticGC enabled" value="1" />
  <attribute name= "numThreadsSpecified" value="1" />
  <attribute name="heapSize specified" value="0" />
  <attribute name="Current GC Util" value="45" />
  <attribute name= "Current Time Running" value="3102" />
  <attribute name ="GC Interval" value="0" />
  <attribute name="ProportionalT" value="12.500000" />
  <attribute name="ProportionalI" value="12.500000" />
  <attribute name="ProportionalH" value="12.500000" />
  <attribute name="Current Error" value="25.000000" />
  <attribute name="IntegralT" value="0.000000" />
  <attribute name="IntegralI" value="0.000000" />
  <attribute name="IntegralH" value="0.000000" />
  <attribute name="DerivativeT" value="inf" />
  <attribute name="DerivativeI" value="inf" />
  <attribute name="DerivativeH" value="inf" />
  <attribute name="Loop Time for DT" value="0.000000" />
  <attribute name="Output H" value="8388608"/>
  <attribute name="Output I" value="200"/>
  <attribute name="Output T" value="1"/>
  <attribute name="Target GC Util Change" value ="20.000000" />
  <attribute name="Current GC Util Change" value="45.000000"/>
  <attribute name="GC Util currently" value="45" />
  <attribute name="CPU Util currently" value="17563644021102" />
<exclusive-end id="884" timestamp="2019-06-15T02:19:11.671" durationms="6.401" />

<exclusive-start id="885" timestamp="2019-06-15T02:19:11.743" intervalms="78.592">
  <response-info timems="0.206" idlems="0.187" threads="1" lastid="000000000203C100" lastname="Thread-10" />
</exclusive-start>
<allocation-taxation id="886" taxation-threshold="53477376" timestamp="2019-06-15T02:19:11.744" intervalms="78.561" />
<cycle-start id="887" type="partial gc" contextid="0" timestamp="2019-06-15T02:19:11.744" intervalms="78.533" />
<gc-start id="888" type="partial gc" contextid="887" timestamp="2019-06-15T02:19:11.744">
  <mem-info id="889" free="59768832" total="188743680" percent="31">
    <mem type="eden" free="0" total="53477376" percent="0" />
    <remembered-set count="46400" freebytes="7348480" totalbytes="7534080" percent="97" regionsoverflowed="0" regionsstable="1" regionsrebuilding="0"/>
  </mem-info>
</gc-start>
<allocation-stats totalBytes="53469568" >
  <allocated-bytes non-tlh="0" tlh="53469568" arrayletleaf="0"/>
  <largest-consumer threadName="Thread-8" threadId="0000000002034900" bytes="18450016" />
</allocation-stats>
<gc-op id="890" type="copy forward" timems="4.660" contextid="887" timestamp="2019-06-15T02:19:11.750">
  <memory-copied type="eden" objects="12371" bytes="435512" bytesdiscarded="0" />
  <memory-copied type="other" objects="28333" bytes="1092120" bytesdiscarded="0" />
  <memory-cardclean objects="10174" bytes="539144" />
  <regions eden="51" other="2" />
  <remembered-set-cleared processed="42845" cleared="1097" durationms="0.466" />
  <stringconstants candidates="4597" cleared="0"  />
</gc-op>
<gc-op id="891" type="classunload" timems="0.002" contextid="887" timestamp="2019-06-15T02:19:11.750">
  <classunload-info classloadercandidates="8" classloadersunloaded="0" classesunloaded="0" anonymousclassesunloaded="0" quiescems="0.000" setupms="0.002" scanms="0.000" postms="0.000" />
</gc-op>
<gc-end id="892" type="partial gc" contextid="887" durationms="5.951" usertimems="4.000" systemtimems="4.000" timestamp="2019-06-15T02:19:11.750" activeThreads="1">
  <mem-info id="893" free="112197632" total="188743680" percent="59">
    <mem type="eden" free="613064" total="1048576" percent="58" />
    <remembered-set count="47680" freebytes="7343360" totalbytes="7534080" percent="97" regionsoverflowed="0" regionsstable="1" regionsrebuilding="0"/>
  </mem-info>
</gc-end>
<cycle-end id="894" type="partial gc" contextid="887" timestamp="2019-06-15T02:19:11.750" />
  <attribute name="elasticGC enabled" value="1" />
  <attribute name= "numThreadsSpecified" value="1" />
  <attribute name="heapSize specified" value="0" />
  <attribute name="Current GC Util" value="43" />
  <attribute name= "Current Time Running" value="3181" />
  <attribute name ="GC Interval" value="0" />
  <attribute name="ProportionalT" value="11.500000" />
  <attribute name="ProportionalI" value="11.500000" />
  <attribute name="ProportionalH" value="11.500000" />
  <attribute name="Current Error" value="23.000000" />
  <attribute name="IntegralT" value="0.000000" />
  <attribute name="IntegralI" value="0.000000" />
  <attribute name="IntegralH" value="0.000000" />
  <attribute name="DerivativeT" value="inf" />
  <attribute name="DerivativeI" value="inf" />
  <attribute name="DerivativeH" value="inf" />
  <attribute name="Loop Time for DT" value="0.000000" />
  <attribute name="Output H" value="8388608"/>
  <attribute name="Output I" value="200"/>
  <attribute name="Output T" value="1"/>
  <attribute name="Target GC Util Change" value ="20.000000" />
  <attribute name="Current GC Util Change" value="43.000000"/>
  <attribute name="GC Util currently" value="43" />
  <attribute name="CPU Util currently" value="14845566019275" />
<exclusive-end id="895" timestamp="2019-06-15T02:19:11.751" durationms="7.064" />

<exclusive-start id="896" timestamp="2019-06-15T02:19:11.840" intervalms="96.046">
  <response-info timems="0.202" idlems="0.202" threads="0" lastid="0000000002034900" lastname="Thread-8" />
</exclusive-start>
<allocation-taxation id="897" taxation-threshold="53477376" timestamp="2019-06-15T02:19:11.840" intervalms="96.072" />
<cycle-start id="898" type="partial gc" contextid="0" timestamp="2019-06-15T02:19:11.840" intervalms="96.080" />
<gc-start id="899" type="partial gc" contextid="898" timestamp="2019-06-15T02:19:11.840">
  <mem-info id="900" free="58720256" total="188743680" percent="31">
    <mem type="eden" free="0" total="53477376" percent="0" />
    <remembered-set count="47552" freebytes="7343872" totalbytes="7534080" percent="97" regionsoverflowed="0" regionsstable="1" regionsrebuilding="0"/>
  </mem-info>
</gc-start>
<allocation-stats totalBytes="53470256" >
  <allocated-bytes non-tlh="0" tlh="53470256" arrayletleaf="0"/>
  <largest-consumer threadName="Thread-8" threadId="0000000002034900" bytes="21624120" />
</allocation-stats>
<gc-op id="901" type="copy forward" timems="3.692" contextid="898" timestamp="2019-06-15T02:19:11.845">
  <memory-copied type="eden" objects="4642" bytes="112192" bytesdiscarded="0" />
  <memory-copied type="other" objects="23493" bytes="838584" bytesdiscarded="0" />
  <memory-cardclean objects="9951" bytes="528848" />
  <regions eden="51" other="3" />
  <remembered-set-cleared processed="43215" cleared="1467" durationms="0.470" />
  <stringconstants candidates="4597" cleared="0"  />
</gc-op>
<gc-op id="902" type="classunload" timems="0.003" contextid="898" timestamp="2019-06-15T02:19:11.845">
  <classunload-info classloadercandidates="8" classloadersunloaded="0" classesunloaded="0" anonymousclassesunloaded="0" quiescems="0.000" setupms="0.003" scanms="0.000" postms="0.000" />
</gc-op>
<gc-end id="903" type="partial gc" contextid="898" durationms="5.016" usertimems="12.000" systemtimems="0.000" timestamp="2019-06-15T02:19:11.845" activeThreads="1">
  <mem-info id="904" free="111149056" total="188743680" percent="58">
    <mem type="eden" free="936384" total="1048576" percent="89" />
    <remembered-set count="47680" freebytes="7343360" totalbytes="7534080" percent="97" regionsoverflowed="0" regionsstable="1" regionsrebuilding="0"/>
  </mem-info>
</gc-end>
<cycle-end id="905" type="partial gc" contextid="898" timestamp="2019-06-15T02:19:11.845" />
  <attribute name="elasticGC enabled" value="1" />
  <attribute name= "numThreadsSpecified" value="1" />
  <attribute name="heapSize specified" value="0" />
  <attribute name="Current GC Util" value="43" />
  <attribute name= "Current Time Running" value="3277" />
  <attribute name ="GC Interval" value="0" />
  <attribute name="ProportionalT" value="11.500000" />
  <attribute name="ProportionalI" value="11.500000" />
  <attribute name="ProportionalH" value="11.500000" />
  <attribute name="Current Error" value="23.000000" />
  <attribute name="IntegralT" value="0.000000" />
  <attribute name="IntegralI" value="0.000000" />
  <attribute name="IntegralH" value="0.000000" />
  <attribute name="DerivativeT" value="inf" />
  <attribute name="DerivativeI" value="inf" />
  <attribute name="DerivativeH" value="inf" />
  <attribute name="Loop Time for DT" value="0.000000" />
  <attribute name="Output H" value="8388608"/>
  <attribute name="Output I" value="200"/>
  <attribute name="Output T" value="1"/>
  <attribute name="Target GC Util Change" value ="20.000000" />
  <attribute name="Current GC Util Change" value="43.000000"/>
  <attribute name="GC Util currently" value="43" />
  <attribute name="CPU Util currently" value="14774983373318" />
<exclusive-end id="906" timestamp="2019-06-15T02:19:11.846" durationms="6.176" />

</verbosegc>

