<?xml version="1.0" ?>

<verbosegc xmlns="http://www.ibm.com/j9/verbosegc" version="25b0271_CMPRSS">

<initialized id="1" timestamp="2019-07-02T22:34:54.087">
  <attribute name="gcPolicy" value="-Xgcpolicy:optavgpause" />
  <attribute name="GC Util" value="0" />
  <attribute name="CPU Util" value="0" />
  <attribute name="Time Running"value="0"/>
  <attribute name="Number of cores"value="0"/>
  <attribute name="maxHeapSize" value="0x7cbc0000" />
  <attribute name="initialHeapSize" value="0x800000" />
  <attribute name="compressedRefs" value="true" />
  <attribute name="compressedRefsDisplacement" value="0x0" />
  <attribute name="compressedRefsShift" value="0x0" />
  <attribute name="pageSize" value="0x1000" />
  <attribute name="pageType" value="not used" />
  <attribute name="requestedPageSize" value="0x1000" />
  <attribute name="requestedPageType" value="not used" />
  <attribute name="gcthreads" value="4" />
  <attribute name="packetListSplit" value="4" />
  <attribute name="cacheListSplit" value="4" />
  <attribute name="splitFreeListSplitAmount" value="1" />
  <attribute name="numaNodes" value="0" />
  <system>
    <attribute name="physicalMemory" value="8370962432" />
    <attribute name="numCPUs" value="4" />
    <attribute name="architecture" value="amd64" />
    <attribute name="os" value="Linux" />
    <attribute name="osVersion" value="4.4.0-148-generic" />
  </system>
  <vmargs>
    <vmarg name="-Xoptionsfile=/vagrant/jdk/lib/options.default" />
    <vmarg name="-Xlockword:mode=default,noLockword=java/lang/String,noLockword=java/util/MapEntry,noLockword=java/util/HashMap$Entry,noLockword..." />
    <vmarg name="-Xjcl:jclse11_29" />
    <vmarg name="-Dcom.ibm.oti.vm.bootstrap.library.path=/vagrant/jdk/lib/compressedrefs:/vagrant/jdk/lib" />
    <vmarg name="-Dsun.boot.library.path=/vagrant/jdk/lib/compressedrefs:/vagrant/jdk/lib" />
    <vmarg name="-Djava.library.path=/vagrant/jdk/lib/compressedrefs:/vagrant/jdk/lib:/usr/lib64:/usr/lib" />
    <vmarg name="-Djava.home=/vagrant/jdk" />
    <vmarg name="-Duser.dir=/vagrant" />
    <vmarg name="-Xgcpolicy:optavgpause" />
    <vmarg name="-verbose:gc" />
    <vmarg name="-Xloggc:large-OPTAVGPAUSE-jdkF-verbose8avrora.txt" />
    <vmarg name="-Djava.class.path=dacapo-9.12-MR1-bach.jar" />
    <vmarg name="-Dsun.java.command=dacapo-9.12-MR1-bach.jar avrora --size=large" />
    <vmarg name="-Dsun.java.launcher=SUN_STANDARD" />
    <vmarg name="-Dsun.java.launcher.pid=25918" />
  </vmargs>
</initialized>

<exclusive-start id="2" timestamp="2019-07-02T22:34:54.858" intervalms="771.483">
  <response-info timems="0.022" idlems="0.022" threads="0" lastid="00000000017A2700" lastname="main" />
</exclusive-start>
<sys-start reason="explicit" id="3" timestamp="2019-07-02T22:34:54.859" intervalms="771.914" />
<cycle-start id="4" type="global" contextid="0" timestamp="2019-07-02T22:34:54.859" intervalms="772.197" />
  <attribute name="GC Util" value="0" />
  <attribute name="CPU Util" value="101" />
  <attribute name="Time Running"value="0"/>
  <attribute name="Number of cores"value="4"/>
<gc-start id="5" type="global" contextid="4" timestamp="2019-07-02T22:34:54.859">
  <mem-info id="6" free="1680056" total="8388608" percent="20">
    <mem type="tenure" free="1680056" total="8388608" percent="20">
      <mem type="soa" free="1261240" total="7969792" percent="15" />
      <mem type="loa" free="418816" total="418816" percent="100" />
    </mem>
  </mem-info>
</gc-start>
<allocation-stats totalBytes="6668184" >
  <allocated-bytes non-tlh="486728" tlh="6181456" />
  <largest-consumer threadName="main" threadId="00000000017A2700" bytes="6592496" />
</allocation-stats>
<gc-op id="7" type="mark" timems="1.531" contextid="4" timestamp="2019-07-02T22:34:54.861">
  <trace-info objectcount="17759" scancount="14664" scanbytes="462320" />
  <finalization candidates="19" enqueued="1" />
  <references type="soft" candidates="66" cleared="0" enqueued="0" dynamicThreshold="32" maxThreshold="32" />
  <references type="weak" candidates="576" cleared="412" enqueued="372" />
  <references type="phantom" candidates="99" cleared="41" enqueued="41" />
  <stringconstants candidates="2443" cleared="0"  />
</gc-op>
<gc-op id="8" type="classunload" timems="0.040" contextid="4" timestamp="2019-07-02T22:34:54.861">
  <classunload-info classloadercandidates="6" classloadersunloaded="0" classesunloaded="0" anonymousclassesunloaded="0" quiescems="0.000" setupms="0.040" scanms="0.000" postms="0.000" />
</gc-op>
<gc-op id="9" type="sweep" timems="0.601" contextid="4" timestamp="2019-07-02T22:34:54.861" />
<gc-end id="10" type="global" contextid="4" durationms="2.615" usertimems="0.000" systemtimems="4.000" timestamp="2019-07-02T22:34:54.862" activeThreads="4">
  <mem-info id="11" free="7119008" total="8388608" percent="84">
    <mem type="tenure" free="7119008" total="8388608" percent="84" micro-fragmented="183966">
      <mem type="soa" free="6700192" total="7969792" percent="84" />
      <mem type="loa" free="418816" total="418816" percent="100" />
    </mem>
    <pending-finalizers system="1" default="0" reference="413" classloader="0" />
  </mem-info>
</gc-end>
<cycle-end id="12" type="global" contextid="4" timestamp="2019-07-02T22:34:54.862">
  <attribute name="GC Util" value="31" />
  <attribute name="CPU Util" value="2730" />
  <attribute name="Time Running"value="671"/>
  <attribute name="Number of cores"value="4"/>
</cycle-end>
<sys-end id="13" timestamp="2019-07-02T22:34:54.862" />
<exclusive-end id="14" timestamp="2019-07-02T22:34:54.862" durationms="3.734" />

<exclusive-start id="15" timestamp="2019-07-02T22:34:56.952" intervalms="2093.670">
  <response-info timems="0.011" idlems="0.011" threads="0" lastid="00000000017A2700" lastname="main" />
</exclusive-start>
<af-start id="16" threadId="00000000017A3088" totalBytesRequested="14272" timestamp="2019-07-02T22:34:56.952" intervalms="2865.330" />
<cycle-start id="17" type="global" contextid="0" timestamp="2019-07-02T22:34:56.952" intervalms="2093.266" />
  <attribute name="GC Util" value="31" />
  <attribute name="CPU Util" value="2730" />
  <attribute name="Time Running"value="671"/>
  <attribute name="Number of cores"value="4"/>
<gc-start id="18" type="global" contextid="17" timestamp="2019-07-02T22:34:56.952">
  <mem-info id="19" free="418816" total="8388608" percent="4">
    <mem type="tenure" free="418816" total="8388608" percent="4">
      <mem type="soa" free="0" total="7969792" percent="0" />
      <mem type="loa" free="418816" total="418816" percent="100" />
    </mem>
  </mem-info>
</gc-start>
<allocation-stats totalBytes="6644008" >
  <allocated-bytes non-tlh="789104" tlh="5854904" />
  <largest-consumer threadName="main" threadId="00000000017A2700" bytes="6637008" />
</allocation-stats>
<gc-op id="20" type="mark" timems="3.830" contextid="17" timestamp="2019-07-02T22:34:56.956">
  <trace-info objectcount="95100" scancount="88777" scanbytes="2659524" />
  <finalization candidates="18" enqueued="0" />
  <references type="soft" candidates="66" cleared="0" enqueued="0" dynamicThreshold="27" maxThreshold="32" />
  <references type="weak" candidates="205" cleared="40" enqueued="40" />
  <references type="phantom" candidates="70" cleared="13" enqueued="13" />
  <stringconstants candidates="3539" cleared="0"  />
</gc-op>
<gc-op id="21" type="sweep" timems="0.342" contextid="17" timestamp="2019-07-02T22:34:56.957" />
<gc-end id="22" type="global" contextid="17" durationms="4.514" usertimems="8.000" systemtimems="0.000" timestamp="2019-07-02T22:34:56.957" activeThreads="4">
  <mem-info id="23" free="3756272" total="8388608" percent="44">
    <mem type="tenure" free="3756272" total="8388608" percent="44" micro-fragmented="675840">
      <mem type="soa" free="3484040" total="7969792" percent="43" />
      <mem type="loa" free="272232" total="418816" percent="65" />
    </mem>
    <pending-finalizers system="0" default="0" reference="53" classloader="0" />
  </mem-info>
</gc-end>
<cycle-end id="24" type="global" contextid="17" timestamp="2019-07-02T22:34:56.957">
  <attribute name="GC Util" value="94" />
  <attribute name="CPU Util" value="80" />
  <attribute name="Time Running"value="2766"/>
  <attribute name="Number of cores"value="4"/>
</cycle-end>
<allocation-satisfied id="25" threadId="00000000017A2700" bytesRequested="14272" />
<af-end id="26" timestamp="2019-07-02T22:34:56.957" threadId="00000000017A3088" success="true" />
<exclusive-end id="27" timestamp="2019-07-02T22:34:56.957" durationms="5.348" />

<exclusive-start id="28" timestamp="2019-07-02T22:34:57.077" intervalms="125.035">
  <response-info timems="0.105" idlems="0.105" threads="0" lastid="00000000017A2700" lastname="main" />
</exclusive-start>
<af-start id="29" threadId="00000000017A3088" totalBytesRequested="61032" timestamp="2019-07-02T22:34:57.077" intervalms="125.050" />
<cycle-start id="30" type="global" contextid="0" timestamp="2019-07-02T22:34:57.077" intervalms="125.196" />
  <attribute name="GC Util" value="3" />
  <attribute name="CPU Util" value="24" />
  <attribute name="Time Running"value="2887"/>
  <attribute name="Number of cores"value="4"/>
<gc-start id="31" type="global" contextid="30" timestamp="2019-07-02T22:34:57.077">
  <mem-info id="32" free="914720" total="8388608" percent="10">
    <mem type="tenure" free="914720" total="8388608" percent="10">
      <mem type="soa" free="495904" total="7969792" percent="6" />
      <mem type="loa" free="418816" total="418816" percent="100" />
    </mem>
  </mem-info>
</gc-start>
<allocation-stats totalBytes="2929688" >
  <allocated-bytes non-tlh="786512" tlh="2143176" />
  <largest-consumer threadName="main" threadId="00000000017A2700" bytes="2929688" />
</allocation-stats>
<gc-op id="33" type="mark" timems="5.243" contextid="30" timestamp="2019-07-02T22:34:57.083">
  <trace-info objectcount="114784" scancount="106948" scanbytes="3602828" />
  <finalization candidates="18" enqueued="0" />
  <references type="soft" candidates="66" cleared="0" enqueued="0" dynamicThreshold="14" maxThreshold="32" />
  <references type="weak" candidates="167" cleared="2" enqueued="2" />
  <references type="phantom" candidates="57" cleared="0" enqueued="0" />
  <stringconstants candidates="3808" cleared="0"  />
</gc-op>
<gc-op id="34" type="sweep" timems="0.353" contextid="30" timestamp="2019-07-02T22:34:57.083" />
<heap-resize id="35" type="expand" space="tenure" amount="1048576" count="1" timems="0.030" reason="insufficient free space following gc" timestamp="2019-07-02T22:34:57.084" />
<gc-end id="36" type="global" contextid="30" durationms="6.207" usertimems="12.000" systemtimems="0.000" timestamp="2019-07-02T22:34:57.084" activeThreads="4">
  <mem-info id="37" free="3475272" total="9437184" percent="36">
    <mem type="tenure" free="3475272" total="9437184" percent="36" micro-fragmented="1116009">
      <mem type="soa" free="3004232" total="8966144" percent="33" />
      <mem type="loa" free="471040" total="471040" percent="100" />
    </mem>
    <pending-finalizers system="0" default="0" reference="2" classloader="0" />
  </mem-info>
</gc-end>
<cycle-end id="38" type="global" contextid="30" timestamp="2019-07-02T22:34:57.084">
  <attribute name="GC Util" value="18" />
  <attribute name="CPU Util" value="73643224713517" />
  <attribute name="Time Running"value="2893"/>
  <attribute name="Number of cores"value="4"/>
</cycle-end>
<allocation-satisfied id="39" threadId="00000000017A2700" bytesRequested="61032" />
<af-end id="40" timestamp="2019-07-02T22:34:57.084" threadId="00000000017A3088" success="true" />
<exclusive-end id="41" timestamp="2019-07-02T22:34:57.084" durationms="7.254" />

<exclusive-start id="42" timestamp="2019-07-02T22:34:57.695" intervalms="618.048">
  <response-info timems="0.547" idlems="0.374" threads="3" lastid="0000000001AB6700" lastname="node-17" />
</exclusive-start>
<af-start id="43" threadId="0000000001AAF888" totalBytesRequested="24" timestamp="2019-07-02T22:34:57.695" intervalms="618.022" />
<cycle-start id="44" type="global" contextid="0" timestamp="2019-07-02T22:34:57.695" intervalms="617.871" />
  <attribute name="GC Util" value="18" />
  <attribute name="CPU Util" value="73643224713517" />
  <attribute name="Time Running"value="2893"/>
  <attribute name="Number of cores"value="4"/>
<gc-start id="45" type="global" contextid="44" timestamp="2019-07-02T22:34:57.695">
  <mem-info id="46" free="471040" total="9437184" percent="4">
    <mem type="tenure" free="471040" total="9437184" percent="4">
      <mem type="soa" free="0" total="8966144" percent="0" />
      <mem type="loa" free="471040" total="471040" percent="100" />
    </mem>
  </mem-info>
</gc-start>
<allocation-stats totalBytes="3044416" >
  <allocated-bytes non-tlh="1161352" tlh="1883064" />
  <largest-consumer threadName="main" threadId="00000000017A2700" bytes="2436352" />
</allocation-stats>
<gc-op id="47" type="mark" timems="3.413" contextid="44" timestamp="2019-07-02T22:34:57.699">
  <trace-info objectcount="145789" scancount="136285" scanbytes="5328300" />
  <finalization candidates="18" enqueued="0" />
  <references type="soft" candidates="66" cleared="0" enqueued="0" dynamicThreshold="11" maxThreshold="32" />
  <references type="weak" candidates="167" cleared="2" enqueued="2" />
  <references type="phantom" candidates="57" cleared="0" enqueued="0" />
  <stringconstants candidates="3822" cleared="0"  />
</gc-op>
<gc-op id="48" type="sweep" timems="0.520" contextid="44" timestamp="2019-07-02T22:34:57.700" />
<heap-resize id="49" type="expand" space="tenure" amount="2621440" count="1" timems="0.024" reason="insufficient free space following gc" timestamp="2019-07-02T22:34:57.700" />
<gc-end id="50" type="global" contextid="44" durationms="4.662" usertimems="12.000" systemtimems="0.000" timestamp="2019-07-02T22:34:57.700" activeThreads="4">
  <mem-info id="51" free="3661680" total="12058624" percent="30">
    <mem type="tenure" free="3661680" total="12058624" percent="30" micro-fragmented="1374554">
      <mem type="soa" free="3059568" total="11456512" percent="26" />
      <mem type="loa" free="602112" total="602112" percent="100" />
    </mem>
    <pending-finalizers system="0" default="0" reference="2" classloader="0" />
  </mem-info>
</gc-end>
<cycle-end id="52" type="global" contextid="44" timestamp="2019-07-02T22:34:57.700">
  <attribute name="GC Util" value="14" />
  <attribute name="CPU Util" value="50391577714620" />
  <attribute name="Time Running"value="3510"/>
  <attribute name="Number of cores"value="4"/>
</cycle-end>
<allocation-satisfied id="53" threadId="0000000001AAEF00" bytesRequested="24" />
<af-end id="54" timestamp="2019-07-02T22:34:57.701" threadId="0000000001AAF888" success="true" />
<exclusive-end id="55" timestamp="2019-07-02T22:34:57.701" durationms="5.727" />

<exclusive-start id="56" timestamp="2019-07-02T22:35:00.323" intervalms="2628.485">
  <response-info timems="0.067" idlems="0.035" threads="1" lastid="0000000001AB2B00" lastname="node-3" />
</exclusive-start>
<af-start id="57" threadId="0000000001AA8088" totalBytesRequested="16" timestamp="2019-07-02T22:35:00.323" intervalms="2628.442" />
<cycle-start id="58" type="global" contextid="0" timestamp="2019-07-02T22:35:00.324" intervalms="2628.436" />
  <attribute name="GC Util" value="14" />
  <attribute name="CPU Util" value="50391577714620" />
  <attribute name="Time Running"value="3510"/>
  <attribute name="Number of cores"value="4"/>
<gc-start id="59" type="global" contextid="58" timestamp="2019-07-02T22:35:00.324">
  <mem-info id="60" free="602112" total="12058624" percent="4">
    <mem type="tenure" free="602112" total="12058624" percent="4">
      <mem type="soa" free="0" total="11456512" percent="0" />
      <mem type="loa" free="602112" total="602112" percent="100" />
    </mem>
  </mem-info>
</gc-start>
<allocation-stats totalBytes="3055440" >
  <allocated-bytes non-tlh="0" tlh="3055440" />
  <largest-consumer threadName="node-0" threadId="0000000001A9FF00" bytes="384512" />
</allocation-stats>
<gc-op id="61" type="mark" timems="4.122" contextid="58" timestamp="2019-07-02T22:35:00.328">
  <trace-info objectcount="145681" scancount="136151" scanbytes="5325132" />
  <finalization candidates="18" enqueued="0" />
  <references type="soft" candidates="66" cleared="0" enqueued="0" dynamicThreshold="9" maxThreshold="32" />
  <references type="weak" candidates="165" cleared="0" enqueued="0" />
  <references type="phantom" candidates="57" cleared="0" enqueued="0" />
  <stringconstants candidates="3822" cleared="0"  />
</gc-op>
<gc-op id="62" type="sweep" timems="1.154" contextid="58" timestamp="2019-07-02T22:35:00.329" />
<gc-end id="63" type="global" contextid="58" durationms="5.626" usertimems="8.000" systemtimems="4.000" timestamp="2019-07-02T22:35:00.329" activeThreads="4">
  <mem-info id="64" free="3663304" total="12058624" percent="30">
    <mem type="tenure" free="3663304" total="12058624" percent="30" micro-fragmented="1357763">
      <mem type="soa" free="3061192" total="11456512" percent="26" />
      <mem type="loa" free="602112" total="602112" percent="100" />
    </mem>
  </mem-info>
</gc-end>
<cycle-end id="65" type="global" contextid="58" timestamp="2019-07-02T22:35:00.330">
  <attribute name="GC Util" value="158" />
  <attribute name="CPU Util" value="22093390777404" />
  <attribute name="Time Running"value="6139"/>
  <attribute name="Number of cores"value="4"/>
</cycle-end>
<allocation-satisfied id="66" threadId="0000000001AA7700" bytesRequested="16" />
<af-end id="67" timestamp="2019-07-02T22:35:00.330" threadId="0000000001AA8088" success="true" />
<exclusive-end id="68" timestamp="2019-07-02T22:35:00.330" durationms="6.634" />

<exclusive-start id="69" timestamp="2019-07-02T22:35:02.979" intervalms="2655.404">
  <response-info timems="0.280" idlems="0.121" threads="2" lastid="0000000001A6B900" lastname="node-4" />
</exclusive-start>
<af-start id="70" threadId="0000000001A6FE88" totalBytesRequested="32" timestamp="2019-07-02T22:35:02.979" intervalms="2655.408" />
<cycle-start id="71" type="global" contextid="0" timestamp="2019-07-02T22:35:02.979" intervalms="2655.355" />
  <attribute name="GC Util" value="158" />
  <attribute name="CPU Util" value="22093390777404" />
  <attribute name="Time Running"value="6139"/>
  <attribute name="Number of cores"value="4"/>
<gc-start id="72" type="global" contextid="71" timestamp="2019-07-02T22:35:02.979">
  <mem-info id="73" free="602112" total="12058624" percent="4">
    <mem type="tenure" free="602112" total="12058624" percent="4">
      <mem type="soa" free="0" total="11456512" percent="0" />
      <mem type="loa" free="602112" total="602112" percent="100" />
    </mem>
  </mem-info>
</gc-start>
<allocation-stats totalBytes="3049280" >
  <allocated-bytes non-tlh="0" tlh="3049280" />
  <largest-consumer threadName="node-3" threadId="0000000001AB2B00" bytes="288096" />
</allocation-stats>
<gc-op id="74" type="mark" timems="4.033" contextid="71" timestamp="2019-07-02T22:35:02.983">
  <trace-info objectcount="145580" scancount="136074" scanbytes="5322404" />
  <finalization candidates="18" enqueued="0" />
  <references type="soft" candidates="66" cleared="0" enqueued="0" dynamicThreshold="9" maxThreshold="32" />
  <references type="weak" candidates="165" cleared="0" enqueued="0" />
  <references type="phantom" candidates="57" cleared="0" enqueued="0" />
  <stringconstants candidates="3822" cleared="0"  />
</gc-op>
<gc-op id="75" type="sweep" timems="1.167" contextid="71" timestamp="2019-07-02T22:35:02.984" />
<gc-end id="76" type="global" contextid="71" durationms="5.578" usertimems="16.000" systemtimems="0.000" timestamp="2019-07-02T22:35:02.985" activeThreads="4">
  <mem-info id="77" free="3668880" total="12058624" percent="30">
    <mem type="tenure" free="3668880" total="12058624" percent="30" micro-fragmented="1396922">
      <mem type="soa" free="3066768" total="11456512" percent="26" />
      <mem type="loa" free="602112" total="602112" percent="100" />
    </mem>
  </mem-info>
</gc-end>
<cycle-end id="78" type="global" contextid="71" timestamp="2019-07-02T22:35:02.985">
  <attribute name="GC Util" value="135" />
  <attribute name="CPU Util" value="20593055251477" />
  <attribute name="Time Running"value="8794"/>
  <attribute name="Number of cores"value="4"/>
</cycle-end>
<allocation-satisfied id="79" threadId="0000000001A6F500" bytesRequested="32" />
<af-end id="80" timestamp="2019-07-02T22:35:02.985" threadId="0000000001A6FE88" success="true" />
<exclusive-end id="81" timestamp="2019-07-02T22:35:02.985" durationms="6.261" />

<exclusive-start id="82" timestamp="2019-07-02T22:35:05.358" intervalms="2379.725">
  <response-info timems="0.032" idlems="0.032" threads="0" lastid="0000000001A7E400" lastname="node-15" />
</exclusive-start>
<af-start id="83" threadId="0000000001A7ED88" totalBytesRequested="720" timestamp="2019-07-02T22:35:05.359" intervalms="2379.694" />
<cycle-start id="84" type="global" contextid="0" timestamp="2019-07-02T22:35:05.359" intervalms="2379.695" />
  <attribute name="GC Util" value="135" />
  <attribute name="CPU Util" value="20593055251477" />
  <attribute name="Time Running"value="8794"/>
  <attribute name="Number of cores"value="4"/>
<gc-start id="85" type="global" contextid="84" timestamp="2019-07-02T22:35:05.359">
  <mem-info id="86" free="602112" total="12058624" percent="4">
    <mem type="tenure" free="602112" total="12058624" percent="4">
      <mem type="soa" free="0" total="11456512" percent="0" />
      <mem type="loa" free="602112" total="602112" percent="100" />
    </mem>
  </mem-info>
</gc-start>
<allocation-stats totalBytes="3057688" >
  <allocated-bytes non-tlh="0" tlh="3057688" />
  <largest-consumer threadName="node-7" threadId="0000000001A64100" bytes="258544" />
</allocation-stats>
<gc-op id="87" type="mark" timems="3.871" contextid="84" timestamp="2019-07-02T22:35:05.363">
  <trace-info objectcount="145549" scancount="136035" scanbytes="5321164" />
  <finalization candidates="18" enqueued="0" />
  <references type="soft" candidates="66" cleared="0" enqueued="0" dynamicThreshold="9" maxThreshold="32" />
  <references type="weak" candidates="165" cleared="0" enqueued="0" />
  <references type="phantom" candidates="57" cleared="0" enqueued="0" />
  <stringconstants candidates="3822" cleared="0"  />
</gc-op>
<gc-op id="88" type="sweep" timems="1.127" contextid="84" timestamp="2019-07-02T22:35:05.364" />
<gc-end id="89" type="global" contextid="84" durationms="5.330" usertimems="12.000" systemtimems="0.000" timestamp="2019-07-02T22:35:05.364" activeThreads="4">
  <mem-info id="90" free="3668168" total="12058624" percent="30">
    <mem type="tenure" free="3668168" total="12058624" percent="30" micro-fragmented="1371577">
      <mem type="soa" free="3066056" total="11456512" percent="26" />
      <mem type="loa" free="602112" total="602112" percent="100" />
    </mem>
  </mem-info>
</gc-end>
<cycle-end id="91" type="global" contextid="84" timestamp="2019-07-02T22:35:05.364">
  <attribute name="GC Util" value="141" />
  <attribute name="CPU Util" value="20853062342558" />
  <attribute name="Time Running"value="11174"/>
  <attribute name="Number of cores"value="4"/>
</cycle-end>
<allocation-satisfied id="92" threadId="0000000001A7E400" bytesRequested="720" />
<af-end id="93" timestamp="2019-07-02T22:35:05.364" threadId="0000000001A7ED88" success="true" />
<exclusive-end id="94" timestamp="2019-07-02T22:35:05.365" durationms="6.066" />

<exclusive-start id="95" timestamp="2019-07-02T22:35:07.510" intervalms="2151.605">
  <response-info timems="0.057" idlems="0.057" threads="0" lastid="0000000001A89800" lastname="node-21" />
</exclusive-start>
<af-start id="96" threadId="0000000001A8A188" totalBytesRequested="24" timestamp="2019-07-02T22:35:07.510" intervalms="2151.619" />
<cycle-start id="97" type="global" contextid="0" timestamp="2019-07-02T22:35:07.510" intervalms="2151.609" />
  <attribute name="GC Util" value="141" />
  <attribute name="CPU Util" value="20853062342558" />
  <attribute name="Time Running"value="11174"/>
  <attribute name="Number of cores"value="4"/>
<gc-start id="98" type="global" contextid="97" timestamp="2019-07-02T22:35:07.510">
  <mem-info id="99" free="602112" total="12058624" percent="4">
    <mem type="tenure" free="602112" total="12058624" percent="4">
      <mem type="soa" free="0" total="11456512" percent="0" />
      <mem type="loa" free="602112" total="602112" percent="100" />
    </mem>
  </mem-info>
</gc-start>
<allocation-stats totalBytes="3059072" >
  <allocated-bytes non-tlh="0" tlh="3059072" />
  <largest-consumer threadName="node-7" threadId="0000000001A64100" bytes="196904" />
</allocation-stats>
<gc-op id="100" type="mark" timems="4.262" contextid="97" timestamp="2019-07-02T22:35:07.515">
  <trace-info objectcount="145494" scancount="135985" scanbytes="5319700" />
  <finalization candidates="18" enqueued="0" />
  <references type="soft" candidates="66" cleared="0" enqueued="0" dynamicThreshold="9" maxThreshold="32" />
  <references type="weak" candidates="165" cleared="0" enqueued="0" />
  <references type="phantom" candidates="57" cleared="0" enqueued="0" />
  <stringconstants candidates="3822" cleared="0"  />
</gc-op>
<gc-op id="101" type="sweep" timems="0.367" contextid="97" timestamp="2019-07-02T22:35:07.515" />
<gc-end id="102" type="global" contextid="97" durationms="5.083" usertimems="12.000" systemtimems="0.000" timestamp="2019-07-02T22:35:07.515" activeThreads="4">
  <mem-info id="103" free="3678784" total="12058624" percent="30">
    <mem type="tenure" free="3678784" total="12058624" percent="30" micro-fragmented="1365969">
      <mem type="soa" free="3076672" total="11456512" percent="26" />
      <mem type="loa" free="602112" total="602112" percent="100" />
    </mem>
  </mem-info>
</gc-end>
<cycle-end id="104" type="global" contextid="97" timestamp="2019-07-02T22:35:07.516">
  <attribute name="GC Util" value="19" />
  <attribute name="CPU Util" value="72550141449794" />
  <attribute name="Time Running"value="13325"/>
  <attribute name="Number of cores"value="4"/>
</cycle-end>
<allocation-satisfied id="105" threadId="0000000001A89800" bytesRequested="24" />
<af-end id="106" timestamp="2019-07-02T22:35:07.516" threadId="0000000001A8A188" success="true" />
<exclusive-end id="107" timestamp="2019-07-02T22:35:07.516" durationms="6.092" />

<exclusive-start id="108" timestamp="2019-07-02T22:35:09.633" intervalms="2122.663">
  <response-info timems="0.037" idlems="0.037" threads="0" lastid="0000000001A58D00" lastname="node-6" />
</exclusive-start>
<af-start id="109" threadId="0000000001A59688" totalBytesRequested="16" timestamp="2019-07-02T22:35:09.633" intervalms="2122.698" />
<cycle-start id="110" type="global" contextid="0" timestamp="2019-07-02T22:35:09.633" intervalms="2122.713" />
  <attribute name="GC Util" value="19" />
  <attribute name="CPU Util" value="72550141449794" />
  <attribute name="Time Running"value="13325"/>
  <attribute name="Number of cores"value="4"/>
<gc-start id="111" type="global" contextid="110" timestamp="2019-07-02T22:35:09.633">
  <mem-info id="112" free="602112" total="12058624" percent="4">
    <mem type="tenure" free="602112" total="12058624" percent="4">
      <mem type="soa" free="0" total="11456512" percent="0" />
      <mem type="loa" free="602112" total="602112" percent="100" />
    </mem>
  </mem-info>
</gc-start>
<allocation-stats totalBytes="3067392" >
  <allocated-bytes non-tlh="0" tlh="3067392" />
  <largest-consumer threadName="node-8" threadId="0000000001AA7700" bytes="184048" />
</allocation-stats>
<gc-op id="113" type="mark" timems="4.683" contextid="110" timestamp="2019-07-02T22:35:09.638">
  <trace-info objectcount="145419" scancount="135921" scanbytes="5318540" />
  <finalization candidates="18" enqueued="0" />
  <references type="soft" candidates="66" cleared="0" enqueued="0" dynamicThreshold="9" maxThreshold="32" />
  <references type="weak" candidates="165" cleared="0" enqueued="0" />
  <references type="phantom" candidates="57" cleared="0" enqueued="0" />
  <stringconstants candidates="3822" cleared="0"  />
</gc-op>
<gc-op id="114" type="sweep" timems="1.165" contextid="110" timestamp="2019-07-02T22:35:09.639" />
<gc-end id="115" type="global" contextid="110" durationms="6.187" usertimems="4.000" systemtimems="8.000" timestamp="2019-07-02T22:35:09.639" activeThreads="4">
  <mem-info id="116" free="3692888" total="12058624" percent="30">
    <mem type="tenure" free="3692888" total="12058624" percent="30" micro-fragmented="1368553">
      <mem type="soa" free="3090776" total="11456512" percent="26" />
      <mem type="loa" free="602112" total="602112" percent="100" />
    </mem>
  </mem-info>
</gc-end>
<cycle-end id="117" type="global" contextid="110" timestamp="2019-07-02T22:35:09.642">
  <attribute name="GC Util" value="167" />
  <attribute name="CPU Util" value="22570318724492" />
  <attribute name="Time Running"value="15449"/>
  <attribute name="Number of cores"value="4"/>
</cycle-end>
<allocation-satisfied id="118" threadId="0000000001A58D00" bytesRequested="16" />
<af-end id="119" timestamp="2019-07-02T22:35:09.642" threadId="0000000001A59688" success="true" />
<exclusive-end id="120" timestamp="2019-07-02T22:35:09.643" durationms="9.798" />

<exclusive-start id="121" timestamp="2019-07-02T22:35:11.708" intervalms="2075.072">
  <response-info timems="0.492" idlems="0.206" threads="5" lastid="0000000001A58D00" lastname="node-6" />
</exclusive-start>
<af-start id="122" threadId="0000000001A8DD88" totalBytesRequested="32" timestamp="2019-07-02T22:35:11.708" intervalms="2075.143" />
<cycle-start id="123" type="global" contextid="0" timestamp="2019-07-02T22:35:11.708" intervalms="2075.284" />
  <attribute name="GC Util" value="167" />
  <attribute name="CPU Util" value="22570318724492" />
  <attribute name="Time Running"value="15449"/>
  <attribute name="Number of cores"value="4"/>
<gc-start id="124" type="global" contextid="123" timestamp="2019-07-02T22:35:11.708">
  <mem-info id="125" free="602112" total="12058624" percent="4">
    <mem type="tenure" free="602112" total="12058624" percent="4">
      <mem type="soa" free="0" total="11456512" percent="0" />
      <mem type="loa" free="602112" total="602112" percent="100" />
    </mem>
  </mem-info>
</gc-start>
<allocation-stats totalBytes="3084560" >
  <allocated-bytes non-tlh="0" tlh="3084560" />
  <largest-consumer threadName="node-3" threadId="0000000001AB2B00" bytes="164448" />
</allocation-stats>
<gc-op id="126" type="mark" timems="4.291" contextid="123" timestamp="2019-07-02T22:35:11.713">
  <trace-info objectcount="145344" scancount="135840" scanbytes="5315792" />
  <finalization candidates="18" enqueued="0" />
  <references type="soft" candidates="66" cleared="20" enqueued="16" dynamicThreshold="9" maxThreshold="32" />
  <references type="weak" candidates="165" cleared="0" enqueued="0" />
  <references type="phantom" candidates="57" cleared="0" enqueued="0" />
  <stringconstants candidates="3822" cleared="0"  />
</gc-op>
<gc-op id="127" type="sweep" timems="1.138" contextid="123" timestamp="2019-07-02T22:35:11.714" />
<gc-end id="128" type="global" contextid="123" durationms="6.128" usertimems="12.000" systemtimems="4.000" timestamp="2019-07-02T22:35:11.715" activeThreads="4">
  <mem-info id="129" free="3690208" total="12058624" percent="30">
    <mem type="tenure" free="3690208" total="12058624" percent="30" micro-fragmented="1382811">
      <mem type="soa" free="3088096" total="11456512" percent="26" />
      <mem type="loa" free="602112" total="602112" percent="100" />
    </mem>
    <pending-finalizers system="0" default="0" reference="16" classloader="0" />
  </mem-info>
</gc-end>
<cycle-end id="130" type="global" contextid="123" timestamp="2019-07-02T22:35:11.715">
  <attribute name="GC Util" value="159" />
  <attribute name="CPU Util" value="22736425452594" />
  <attribute name="Time Running"value="17524"/>
  <attribute name="Number of cores"value="4"/>
</cycle-end>
<allocation-satisfied id="131" threadId="0000000001A8D400" bytesRequested="32" />
<af-end id="132" timestamp="2019-07-02T22:35:11.715" threadId="0000000001A8DD88" success="true" />
<exclusive-end id="133" timestamp="2019-07-02T22:35:11.716" durationms="7.717" />

<exclusive-start id="134" timestamp="2019-07-02T22:35:13.671" intervalms="1963.621">
  <response-info timems="0.042" idlems="0.023" threads="3" lastid="0000000001A6B900" lastname="node-4" />
</exclusive-start>
<af-start id="135" threadId="0000000001AA4488" totalBytesRequested="16" timestamp="2019-07-02T22:35:13.672" intervalms="1963.590" />
<cycle-start id="136" type="global" contextid="0" timestamp="2019-07-02T22:35:13.672" intervalms="1963.499" />
  <attribute name="GC Util" value="159" />
  <attribute name="CPU Util" value="22736425452594" />
  <attribute name="Time Running"value="17524"/>
  <attribute name="Number of cores"value="4"/>
<gc-start id="137" type="global" contextid="136" timestamp="2019-07-02T22:35:13.672">
  <mem-info id="138" free="602112" total="12058624" percent="4">
    <mem type="tenure" free="602112" total="12058624" percent="4">
      <mem type="soa" free="0" total="11456512" percent="0" />
      <mem type="loa" free="602112" total="602112" percent="100" />
    </mem>
  </mem-info>
</gc-start>
<allocation-stats totalBytes="3077008" >
  <allocated-bytes non-tlh="0" tlh="3077008" />
  <largest-consumer threadName="node-8" threadId="0000000001AA7700" bytes="183808" />
</allocation-stats>
<gc-op id="139" type="mark" timems="2.933" contextid="136" timestamp="2019-07-02T22:35:13.675">
  <trace-info objectcount="145260" scancount="135745" scanbytes="5312588" />
  <finalization candidates="18" enqueued="0" />
  <references type="soft" candidates="46" cleared="0" enqueued="0" dynamicThreshold="9" maxThreshold="32" />
  <references type="weak" candidates="165" cleared="0" enqueued="0" />
  <references type="phantom" candidates="57" cleared="0" enqueued="0" />
  <stringconstants candidates="3822" cleared="0"  />
</gc-op>
<gc-op id="140" type="sweep" timems="0.441" contextid="136" timestamp="2019-07-02T22:35:13.676" />
<gc-end id="141" type="global" contextid="136" durationms="3.840" usertimems="12.000" systemtimems="0.000" timestamp="2019-07-02T22:35:13.676" activeThreads="4">
  <mem-info id="142" free="3682520" total="12058624" percent="30">
    <mem type="tenure" free="3682520" total="12058624" percent="30" micro-fragmented="1291011">
      <mem type="soa" free="3080408" total="11456512" percent="26" />
      <mem type="loa" free="602112" total="602112" percent="100" />
    </mem>
  </mem-info>
</gc-end>
<cycle-end id="143" type="global" contextid="136" timestamp="2019-07-02T22:35:13.676">
  <attribute name="GC Util" value="18" />
  <attribute name="CPU Util" value="62418981635072" />
  <attribute name="Time Running"value="19485"/>
  <attribute name="Number of cores"value="4"/>
</cycle-end>
<allocation-satisfied id="144" threadId="0000000001AA3B00" bytesRequested="16" />
<af-end id="145" timestamp="2019-07-02T22:35:13.676" threadId="0000000001AA4488" success="true" />
<exclusive-end id="146" timestamp="2019-07-02T22:35:13.676" durationms="4.915" />

<exclusive-start id="147" timestamp="2019-07-02T22:35:15.853" intervalms="2181.538">
  <response-info timems="0.038" idlems="0.038" threads="0" lastid="0000000001AAB300" lastname="node-13" />
</exclusive-start>
<af-start id="148" threadId="0000000001AABC88" totalBytesRequested="32" timestamp="2019-07-02T22:35:15.853" intervalms="2181.476" />
<cycle-start id="149" type="global" contextid="0" timestamp="2019-07-02T22:35:15.853" intervalms="2181.423" />
  <attribute name="GC Util" value="18" />
  <attribute name="CPU Util" value="62418981635072" />
  <attribute name="Time Running"value="19485"/>
  <attribute name="Number of cores"value="4"/>
<gc-start id="150" type="global" contextid="149" timestamp="2019-07-02T22:35:15.853">
  <mem-info id="151" free="602112" total="12058624" percent="4">
    <mem type="tenure" free="602112" total="12058624" percent="4">
      <mem type="soa" free="0" total="11456512" percent="0" />
      <mem type="loa" free="602112" total="602112" percent="100" />
    </mem>
  </mem-info>
</gc-start>
<allocation-stats totalBytes="3068248" >
  <allocated-bytes non-tlh="13000" tlh="3055248" />
  <largest-consumer threadName="node-10" threadId="0000000001A85C00" bytes="174416" />
</allocation-stats>
<gc-op id="152" type="mark" timems="3.188" contextid="149" timestamp="2019-07-02T22:35:15.857">
  <trace-info objectcount="145208" scancount="135730" scanbytes="5311692" />
  <finalization candidates="18" enqueued="0" />
  <references type="soft" candidates="46" cleared="0" enqueued="0" dynamicThreshold="9" maxThreshold="32" />
  <references type="weak" candidates="165" cleared="0" enqueued="0" />
  <references type="phantom" candidates="57" cleared="0" enqueued="0" />
  <stringconstants candidates="3822" cleared="0"  />
</gc-op>
<gc-op id="153" type="sweep" timems="0.391" contextid="149" timestamp="2019-07-02T22:35:15.857" />
<gc-end id="154" type="global" contextid="149" durationms="3.870" usertimems="8.000" systemtimems="4.000" timestamp="2019-07-02T22:35:15.857" activeThreads="4">
  <mem-info id="155" free="3695784" total="12058624" percent="30">
    <mem type="tenure" free="3695784" total="12058624" percent="30" micro-fragmented="1289474">
      <mem type="soa" free="3093672" total="11456512" percent="27" />
      <mem type="loa" free="602112" total="602112" percent="100" />
    </mem>
  </mem-info>
</gc-end>
<cycle-end id="156" type="global" contextid="149" timestamp="2019-07-02T22:35:15.857">
  <attribute name="GC Util" value="19" />
  <attribute name="CPU Util" value="72904539693377" />
  <attribute name="Time Running"value="21667"/>
  <attribute name="Number of cores"value="4"/>
</cycle-end>
<allocation-satisfied id="157" threadId="0000000001AAB300" bytesRequested="32" />
<af-end id="158" timestamp="2019-07-02T22:35:15.858" threadId="0000000001AABC88" success="true" />
<exclusive-end id="159" timestamp="2019-07-02T22:35:15.858" durationms="4.754" />

<exclusive-start id="160" timestamp="2019-07-02T22:35:17.958" intervalms="2104.570">
  <response-info timems="0.029" idlems="0.029" threads="0" lastid="0000000001AA7700" lastname="node-8" />
</exclusive-start>
<af-start id="161" threadId="0000000001AA8088" totalBytesRequested="720" timestamp="2019-07-02T22:35:17.958" intervalms="2104.533" />
<cycle-start id="162" type="global" contextid="0" timestamp="2019-07-02T22:35:17.958" intervalms="2104.522" />
  <attribute name="GC Util" value="19" />
  <attribute name="CPU Util" value="72904539693377" />
  <attribute name="Time Running"value="21667"/>
  <attribute name="Number of cores"value="4"/>
<gc-start id="163" type="global" contextid="162" timestamp="2019-07-02T22:35:17.958">
  <mem-info id="164" free="602112" total="12058624" percent="4">
    <mem type="tenure" free="602112" total="12058624" percent="4">
      <mem type="soa" free="0" total="11456512" percent="0" />
      <mem type="loa" free="602112" total="602112" percent="100" />
    </mem>
  </mem-info>
</gc-start>
<allocation-stats totalBytes="3084176" >
  <allocated-bytes non-tlh="0" tlh="3084176" />
  <largest-consumer threadName="node-0" threadId="0000000001A9FF00" bytes="217056" />
</allocation-stats>
<gc-op id="165" type="mark" timems="4.136" contextid="162" timestamp="2019-07-02T22:35:17.962">
  <trace-info objectcount="145210" scancount="135679" scanbytes="5311132" />
  <finalization candidates="18" enqueued="0" />
  <references type="soft" candidates="46" cleared="1" enqueued="0" dynamicThreshold="9" maxThreshold="32" />
  <references type="weak" candidates="165" cleared="0" enqueued="0" />
  <references type="phantom" candidates="57" cleared="0" enqueued="0" />
  <stringconstants candidates="3822" cleared="0"  />
</gc-op>
<gc-op id="166" type="sweep" timems="1.004" contextid="162" timestamp="2019-07-02T22:35:17.963" />
<gc-end id="167" type="global" contextid="162" durationms="5.343" usertimems="12.000" systemtimems="4.000" timestamp="2019-07-02T22:35:17.963" activeThreads="4">
  <mem-info id="168" free="3684368" total="12058624" percent="30">
    <mem type="tenure" free="3684368" total="12058624" percent="30" micro-fragmented="1286013">
      <mem type="soa" free="3082256" total="11456512" percent="26" />
      <mem type="loa" free="602112" total="602112" percent="100" />
    </mem>
  </mem-info>
</gc-end>
<cycle-end id="169" type="global" contextid="162" timestamp="2019-07-02T22:35:17.963">
  <attribute name="GC Util" value="171" />
  <attribute name="CPU Util" value="24474915827418" />
  <attribute name="Time Running"value="23773"/>
  <attribute name="Number of cores"value="4"/>
</cycle-end>
<allocation-satisfied id="170" threadId="0000000001AA7700" bytesRequested="720" />
<af-end id="171" timestamp="2019-07-02T22:35:17.963" threadId="0000000001AA8088" success="true" />
<exclusive-end id="172" timestamp="2019-07-02T22:35:17.963" durationms="5.946" />

<exclusive-start id="173" timestamp="2019-07-02T22:35:20.053" intervalms="2095.649">
  <response-info timems="0.367" idlems="0.367" threads="0" lastid="0000000001A73100" lastname="node-25" />
</exclusive-start>
<af-start id="174" threadId="0000000001A73A88" totalBytesRequested="24" timestamp="2019-07-02T22:35:20.054" intervalms="2095.992" />
<cycle-start id="175" type="global" contextid="0" timestamp="2019-07-02T22:35:20.054" intervalms="2095.994" />
  <attribute name="GC Util" value="171" />
  <attribute name="CPU Util" value="24474915827418" />
  <attribute name="Time Running"value="23773"/>
  <attribute name="Number of cores"value="4"/>
<gc-start id="176" type="global" contextid="175" timestamp="2019-07-02T22:35:20.054">
  <mem-info id="177" free="602112" total="12058624" percent="4">
    <mem type="tenure" free="602112" total="12058624" percent="4">
      <mem type="soa" free="0" total="11456512" percent="0" />
      <mem type="loa" free="602112" total="602112" percent="100" />
    </mem>
  </mem-info>
</gc-start>
<allocation-stats totalBytes="3072056" >
  <allocated-bytes non-tlh="0" tlh="3072056" />
  <largest-consumer threadName="node-0" threadId="0000000001A9FF00" bytes="214768" />
</allocation-stats>
<gc-op id="178" type="mark" timems="5.130" contextid="175" timestamp="2019-07-02T22:35:20.059">
  <trace-info objectcount="145145" scancount="135639" scanbytes="5310060" />
  <finalization candidates="18" enqueued="0" />
  <references type="soft" candidates="45" cleared="0" enqueued="0" dynamicThreshold="9" maxThreshold="32" />
  <references type="weak" candidates="165" cleared="0" enqueued="0" />
  <references type="phantom" candidates="57" cleared="0" enqueued="0" />
  <stringconstants candidates="3822" cleared="0"  />
</gc-op>
<gc-op id="179" type="sweep" timems="0.918" contextid="175" timestamp="2019-07-02T22:35:20.060" />
<gc-end id="180" type="global" contextid="175" durationms="6.452" usertimems="12.000" systemtimems="0.000" timestamp="2019-07-02T22:35:20.060" activeThreads="4">
  <mem-info id="181" free="3690240" total="12058624" percent="30">
    <mem type="tenure" free="3690240" total="12058624" percent="30" micro-fragmented="1287164">
      <mem type="soa" free="3088128" total="11456512" percent="26" />
      <mem type="loa" free="602112" total="602112" percent="100" />
    </mem>
  </mem-info>
</gc-end>
<cycle-end id="182" type="global" contextid="175" timestamp="2019-07-02T22:35:20.060">
  <attribute name="GC Util" value="154" />
  <attribute name="CPU Util" value="28431526584487" />
  <attribute name="Time Running"value="25870"/>
  <attribute name="Number of cores"value="4"/>
</cycle-end>
<allocation-satisfied id="183" threadId="0000000001A73100" bytesRequested="24" />
<af-end id="184" timestamp="2019-07-02T22:35:20.061" threadId="0000000001A73A88" success="true" />
<exclusive-end id="185" timestamp="2019-07-02T22:35:20.061" durationms="7.450" />

<exclusive-start id="186" timestamp="2019-07-02T22:35:21.876" intervalms="1822.645">
  <response-info timems="0.033" idlems="0.033" threads="0" lastid="0000000001A91000" lastname="node-16" />
</exclusive-start>
<af-start id="187" threadId="0000000001A91988" totalBytesRequested="32" timestamp="2019-07-02T22:35:21.876" intervalms="1822.326" />
<cycle-start id="188" type="global" contextid="0" timestamp="2019-07-02T22:35:21.876" intervalms="1822.389" />
  <attribute name="GC Util" value="154" />
  <attribute name="CPU Util" value="28431526584487" />
  <attribute name="Time Running"value="25870"/>
  <attribute name="Number of cores"value="4"/>
<gc-start id="189" type="global" contextid="188" timestamp="2019-07-02T22:35:21.876">
  <mem-info id="190" free="602112" total="12058624" percent="4">
    <mem type="tenure" free="602112" total="12058624" percent="4">
      <mem type="soa" free="0" total="11456512" percent="0" />
      <mem type="loa" free="602112" total="602112" percent="100" />
    </mem>
  </mem-info>
</gc-start>
<allocation-stats totalBytes="3077552" >
  <allocated-bytes non-tlh="0" tlh="3077552" />
  <largest-consumer threadName="node-25" threadId="0000000001A73100" bytes="219200" />
</allocation-stats>
<gc-op id="191" type="mark" timems="4.852" contextid="188" timestamp="2019-07-02T22:35:21.881">
  <trace-info objectcount="145142" scancount="135664" scanbytes="5310084" />
  <finalization candidates="18" enqueued="0" />
  <references type="soft" candidates="45" cleared="0" enqueued="0" dynamicThreshold="9" maxThreshold="32" />
  <references type="weak" candidates="165" cleared="0" enqueued="0" />
  <references type="phantom" candidates="57" cleared="0" enqueued="0" />
  <stringconstants candidates="3822" cleared="0"  />
</gc-op>
<gc-op id="192" type="sweep" timems="1.224" contextid="188" timestamp="2019-07-02T22:35:21.883" />
<gc-end id="193" type="global" contextid="188" durationms="6.661" usertimems="16.000" systemtimems="0.000" timestamp="2019-07-02T22:35:21.883" activeThreads="4">
  <mem-info id="194" free="3688264" total="12058624" percent="30">
    <mem type="tenure" free="3688264" total="12058624" percent="30" micro-fragmented="1286269">
      <mem type="soa" free="3086152" total="11456512" percent="26" />
      <mem type="loa" free="602112" total="602112" percent="100" />
    </mem>
  </mem-info>
</gc-end>
<cycle-end id="195" type="global" contextid="188" timestamp="2019-07-02T22:35:21.883">
  <attribute name="GC Util" value="161" />
  <attribute name="CPU Util" value="22141468816227" />
  <attribute name="Time Running"value="27692"/>
  <attribute name="Number of cores"value="4"/>
</cycle-end>
<allocation-satisfied id="196" threadId="0000000001A91000" bytesRequested="32" />
<af-end id="197" timestamp="2019-07-02T22:35:21.883" threadId="0000000001A91988" success="true" />
<exclusive-end id="198" timestamp="2019-07-02T22:35:21.883" durationms="7.579" />

<exclusive-start id="199" timestamp="2019-07-02T22:35:23.616" intervalms="1739.842">
  <response-info timems="0.051" idlems="0.051" threads="0" lastid="0000000001AAEF00" lastname="node-2" />
</exclusive-start>
<af-start id="200" threadId="0000000001AAF888" totalBytesRequested="32" timestamp="2019-07-02T22:35:23.616" intervalms="1739.916" />
<cycle-start id="201" type="global" contextid="0" timestamp="2019-07-02T22:35:23.616" intervalms="1739.879" />
  <attribute name="GC Util" value="161" />
  <attribute name="CPU Util" value="22141468816227" />
  <attribute name="Time Running"value="27692"/>
  <attribute name="Number of cores"value="4"/>
<gc-start id="202" type="global" contextid="201" timestamp="2019-07-02T22:35:23.616">
  <mem-info id="203" free="602112" total="12058624" percent="4">
    <mem type="tenure" free="602112" total="12058624" percent="4">
      <mem type="soa" free="0" total="11456512" percent="0" />
      <mem type="loa" free="602112" total="602112" percent="100" />
    </mem>
  </mem-info>
</gc-start>
<allocation-stats totalBytes="3076720" >
  <allocated-bytes non-tlh="0" tlh="3076720" />
  <largest-consumer threadName="node-12" threadId="0000000001A98800" bytes="219344" />
</allocation-stats>
<heap-resize id="204" type="loa contract" space="tenure" amount="119808" count="1" timems="0.000" reason="contract underutilized loa" timestamp="2019-07-02T22:35:23.616" />
<gc-op id="205" type="mark" timems="2.762" contextid="201" timestamp="2019-07-02T22:35:23.619">
  <trace-info objectcount="145133" scancount="135616" scanbytes="5309380" />
  <finalization candidates="18" enqueued="0" />
  <references type="soft" candidates="45" cleared="0" enqueued="0" dynamicThreshold="9" maxThreshold="32" />
  <references type="weak" candidates="165" cleared="0" enqueued="0" />
  <references type="phantom" candidates="57" cleared="0" enqueued="0" />
  <stringconstants candidates="3822" cleared="0"  />
</gc-op>
<gc-op id="206" type="sweep" timems="0.471" contextid="201" timestamp="2019-07-02T22:35:23.620" />
<heap-resize id="207" type="loa contract" space="tenure" amount="362496" count="1" timems="0.000" reason="contract to meet minimum soa" timestamp="2019-07-02T22:35:23.620" />
<gc-end id="208" type="global" contextid="201" durationms="3.907" usertimems="12.000" systemtimems="0.000" timestamp="2019-07-02T22:35:23.620" activeThreads="4">
  <mem-info id="209" free="3683480" total="12058624" percent="30">
    <mem type="tenure" free="3683480" total="12058624" percent="30" micro-fragmented="1306007">
      <mem type="soa" free="3563672" total="11938816" percent="29" />
      <mem type="loa" free="119808" total="119808" percent="100" />
    </mem>
  </mem-info>
</gc-end>
<cycle-end id="210" type="global" contextid="201" timestamp="2019-07-02T22:35:23.620">
  <attribute name="GC Util" value="21" />
  <attribute name="CPU Util" value="56871906348227" />
  <attribute name="Time Running"value="29430"/>
  <attribute name="Number of cores"value="4"/>
</cycle-end>
<allocation-satisfied id="211" threadId="0000000001AAEF00" bytesRequested="32" />
<af-end id="212" timestamp="2019-07-02T22:35:23.620" threadId="0000000001AAF888" success="true" />
<exclusive-end id="213" timestamp="2019-07-02T22:35:23.620" durationms="4.618" />

<concurrent-kickoff id="214" timestamp="2019-07-02T22:35:25.806">
  <kickoff reason="threshold reached" targetBytes="3578998" thresholdFreeBytes="493433" remainingFree="406944" tenureFreeBytes="406944" />
</concurrent-kickoff>
<exclusive-start id="215" timestamp="2019-07-02T22:35:25.806" intervalms="2190.589">
  <response-info timems="0.037" idlems="0.037" threads="0" lastid="0000000001AAEF00" lastname="node-2" />
</exclusive-start>
<cycle-start id="216" type="global" contextid="0" timestamp="2019-07-02T22:35:25.806" intervalms="2190.370" />
  <attribute name="GC Util" value="21" />
  <attribute name="CPU Util" value="56871906348227" />
  <attribute name="Time Running"value="29430"/>
  <attribute name="Number of cores"value="4"/>
<exclusive-end id="217" timestamp="2019-07-02T22:35:25.806" durationms="0.109" />

<exclusive-start id="218" timestamp="2019-07-02T22:35:25.813" intervalms="7.075">
  <response-info timems="0.028" idlems="0.028" threads="0" lastid="0000000001A5C900" lastname="node-20" />
</exclusive-start>
<af-start id="219" threadId="0000000001A5D288" totalBytesRequested="32" timestamp="2019-07-02T22:35:25.813" intervalms="2197.550" />
<concurrent-aborted id="220" timestamp="2019-07-02T22:35:25.814">
  <reason value="insufficient progress made" />
</concurrent-aborted>
<cycle-end id="221" type="global" contextid="216" timestamp="2019-07-02T22:35:25.814">
  <attribute name="GC Util" value="21" />
  <attribute name="CPU Util" value="56871906348227" />
  <attribute name="Time Running"value="29430"/>
  <attribute name="Number of cores"value="4"/>
</cycle-end>
<cycle-start id="222" type="global" contextid="0" timestamp="2019-07-02T22:35:25.814" intervalms="7.346" />
  <attribute name="GC Util" value="21" />
  <attribute name="CPU Util" value="56871906348227" />
  <attribute name="Time Running"value="29430"/>
  <attribute name="Number of cores"value="4"/>
<gc-start id="223" type="global" contextid="222" timestamp="2019-07-02T22:35:25.814">
  <mem-info id="224" free="119808" total="12058624" percent="0">
    <mem type="tenure" free="119808" total="12058624" percent="0">
      <mem type="soa" free="0" total="11938816" percent="0" />
      <mem type="loa" free="119808" total="119808" percent="100" />
    </mem>
  </mem-info>
</gc-start>
<allocation-stats totalBytes="3553688" >
  <allocated-bytes non-tlh="0" tlh="3553688" />
  <largest-consumer threadName="node-9" threadId="0000000001A82000" bytes="256688" />
</allocation-stats>
<gc-op id="225" type="mark" timems="3.895" contextid="222" timestamp="2019-07-02T22:35:25.818">
  <trace-info objectcount="145067" scancount="135567" scanbytes="5308260" />
  <finalization candidates="18" enqueued="0" />
  <references type="soft" candidates="45" cleared="0" enqueued="0" dynamicThreshold="9" maxThreshold="32" />
  <references type="weak" candidates="165" cleared="0" enqueued="0" />
  <references type="phantom" candidates="57" cleared="0" enqueued="0" />
  <stringconstants candidates="3822" cleared="0"  />
</gc-op>
<gc-op id="226" type="sweep" timems="0.826" contextid="222" timestamp="2019-07-02T22:35:25.819" />
<gc-end id="227" type="global" contextid="222" durationms="5.027" usertimems="12.000" systemtimems="4.000" timestamp="2019-07-02T22:35:25.819" activeThreads="4">
  <mem-info id="228" free="3704320" total="12058624" percent="30">
    <mem type="tenure" free="3704320" total="12058624" percent="30" micro-fragmented="1284735">
      <mem type="soa" free="3585088" total="11938816" percent="30" />
      <mem type="loa" free="119232" total="119808" percent="99" />
    </mem>
  </mem-info>
</gc-end>
<cycle-end id="229" type="global" contextid="222" timestamp="2019-07-02T22:35:25.819">
  <attribute name="GC Util" value="268" />
  <attribute name="CPU Util" value="4681456094434" />
  <attribute name="Time Running"value="31628"/>
  <attribute name="Number of cores"value="4"/>
</cycle-end>
<allocation-satisfied id="230" threadId="0000000001A5C900" bytesRequested="32" />
<af-end id="231" timestamp="2019-07-02T22:35:25.819" threadId="0000000001A5D288" success="true" />
<exclusive-end id="232" timestamp="2019-07-02T22:35:25.819" durationms="5.796" />

<concurrent-kickoff id="233" timestamp="2019-07-02T22:35:27.804">
  <kickoff reason="threshold reached" targetBytes="3578998" thresholdFreeBytes="493433" remainingFree="405840" tenureFreeBytes="405840" />
</concurrent-kickoff>
<exclusive-start id="234" timestamp="2019-07-02T22:35:27.804" intervalms="1990.938">
  <response-info timems="0.076" idlems="0.048" threads="1" lastid="0000000001AA7700" lastname="node-8" />
</exclusive-start>
<cycle-start id="235" type="global" contextid="0" timestamp="2019-07-02T22:35:27.804" intervalms="1990.677" />
  <attribute name="GC Util" value="268" />
  <attribute name="CPU Util" value="4681456094434" />
  <attribute name="Time Running"value="31628"/>
  <attribute name="Number of cores"value="4"/>
<exclusive-end id="236" timestamp="2019-07-02T22:35:27.804" durationms="0.128" />

<exclusive-start id="237" timestamp="2019-07-02T22:35:27.812" intervalms="7.740">
  <response-info timems="0.029" idlems="0.029" threads="0" lastid="0000000001A89800" lastname="node-21" />
</exclusive-start>
<af-start id="238" threadId="0000000001A8A188" totalBytesRequested="24" timestamp="2019-07-02T22:35:27.812" intervalms="1998.693" />
<gc-start id="239" type="global" contextid="235" timestamp="2019-07-02T22:35:27.812">
  <mem-info id="240" free="119808" total="12058624" percent="0">
    <mem type="tenure" free="119808" total="12058624" percent="0">
      <mem type="soa" free="0" total="11938816" percent="0" />
      <mem type="loa" free="119808" total="119808" percent="100" />
    </mem>
  </mem-info>
</gc-start>
<allocation-stats totalBytes="3574600" >
  <allocated-bytes non-tlh="0" tlh="3574600" />
  <largest-consumer threadName="node-5" threadId="0000000001A7A800" bytes="247800" />
</allocation-stats>
<concurrent-halted id="241" timestamp="2019-07-02T22:35:27.813">
  <halted state="Class scanning incomplete" status="clean trace" />
  <traced bytesTarget="3578998" bytesTotal="3151400" bytesByMutator="509324" bytesByHelper="2642076" percent="88" />
  <cards cleaned="135" thresholdBytes="194382" />
</concurrent-halted>
<gc-op id="242" type="card-cleaning" timems="0.518" contextid="235" timestamp="2019-07-02T22:35:27.813">
  <card-cleaning cardsCleaned="32" bytesTraced="122400" workStackOverflowCount="0" />
</gc-op>
<gc-op id="243" type="mark" timems="2.274" contextid="235" timestamp="2019-07-02T22:35:27.816">
  <trace-info objectcount="41690" scancount="44605" scanbytes="2084248" />
  <finalization candidates="18" enqueued="0" />
  <references type="soft" candidates="45" cleared="0" enqueued="0" dynamicThreshold="9" maxThreshold="32" />
  <references type="weak" candidates="165" cleared="0" enqueued="0" />
  <references type="phantom" candidates="57" cleared="0" enqueued="0" />
  <stringconstants candidates="3822" cleared="0"  />
</gc-op>
<gc-op id="244" type="sweep" timems="0.808" contextid="235" timestamp="2019-07-02T22:35:27.817" />
<gc-end id="245" type="global" contextid="235" durationms="4.342" usertimems="8.000" systemtimems="4.000" timestamp="2019-07-02T22:35:27.817" activeThreads="4">
  <mem-info id="246" free="3701224" total="12058624" percent="30">
    <mem type="tenure" free="3701224" total="12058624" percent="30" micro-fragmented="1285374">
      <mem type="soa" free="3581872" total="11938816" percent="30" />
      <mem type="loa" free="119352" total="119808" percent="99" />
    </mem>
  </mem-info>
</gc-end>
<cycle-end id="247" type="global" contextid="235" timestamp="2019-07-02T22:35:27.817">
  <attribute name="GC Util" value="233" />
  <attribute name="CPU Util" value="7625731673706" />
  <attribute name="Time Running"value="33626"/>
  <attribute name="Number of cores"value="4"/>
</cycle-end>
<allocation-satisfied id="248" threadId="0000000001A89800" bytesRequested="24" />
<af-end id="249" timestamp="2019-07-02T22:35:27.817" threadId="0000000001A8A188" success="true" />
<exclusive-end id="250" timestamp="2019-07-02T22:35:27.817" durationms="5.391" />

<concurrent-kickoff id="251" timestamp="2019-07-02T22:35:29.779">
  <kickoff reason="threshold reached" targetBytes="3273800" thresholdFreeBytes="453626" remainingFree="408136" tenureFreeBytes="408136" />
</concurrent-kickoff>
<exclusive-start id="252" timestamp="2019-07-02T22:35:29.779" intervalms="1967.401">
  <response-info timems="0.037" idlems="0.037" threads="0" lastid="0000000001AA7700" lastname="node-8" />
</exclusive-start>
<cycle-start id="253" type="global" contextid="0" timestamp="2019-07-02T22:35:29.780" intervalms="1975.181" />
  <attribute name="GC Util" value="233" />
  <attribute name="CPU Util" value="7625731673706" />
  <attribute name="Time Running"value="33626"/>
  <attribute name="Number of cores"value="4"/>
<exclusive-end id="254" timestamp="2019-07-02T22:35:29.780" durationms="0.162" />

<exclusive-start id="255" timestamp="2019-07-02T22:35:29.788" intervalms="8.600">
  <response-info timems="0.067" idlems="0.035" threads="1" lastid="0000000001AB2B00" lastname="node-3" />
</exclusive-start>
<af-start id="256" threadId="0000000001A95588" totalBytesRequested="24" timestamp="2019-07-02T22:35:29.788" intervalms="1975.986" />
<gc-start id="257" type="global" contextid="253" timestamp="2019-07-02T22:35:29.788">
  <mem-info id="258" free="119808" total="12058624" percent="0">
    <mem type="tenure" free="119808" total="12058624" percent="0">
      <mem type="soa" free="0" total="11938816" percent="0" />
      <mem type="loa" free="119808" total="119808" percent="100" />
    </mem>
  </mem-info>
</gc-start>
<allocation-stats totalBytes="3570864" >
  <allocated-bytes non-tlh="0" tlh="3570864" />
  <largest-consumer threadName="node-15" threadId="0000000001A7E400" bytes="246664" />
</allocation-stats>
<concurrent-halted id="259" timestamp="2019-07-02T22:35:29.789">
  <halted state="Class scanning incomplete" status="clean trace" />
  <traced bytesTarget="3273800" bytesTotal="3160736" bytesByMutator="476392" bytesByHelper="2684344" percent="96" />
  <cards cleaned="171" thresholdBytes="178700" />
</concurrent-halted>
<gc-op id="260" type="card-cleaning" timems="0.829" contextid="253" timestamp="2019-07-02T22:35:29.789">
  <card-cleaning cardsCleaned="173" bytesTraced="141808" workStackOverflowCount="0" />
</gc-op>
<gc-op id="261" type="mark" timems="1.617" contextid="253" timestamp="2019-07-02T22:35:29.791">
  <trace-info objectcount="41281" scancount="44196" scanbytes="2074336" />
  <finalization candidates="18" enqueued="0" />
  <references type="soft" candidates="45" cleared="0" enqueued="0" dynamicThreshold="9" maxThreshold="32" />
  <references type="weak" candidates="165" cleared="0" enqueued="0" />
  <references type="phantom" candidates="57" cleared="0" enqueued="0" />
  <stringconstants candidates="3822" cleared="0"  />
</gc-op>
<gc-op id="262" type="sweep" timems="1.065" contextid="253" timestamp="2019-07-02T22:35:29.792" />
<gc-end id="263" type="global" contextid="253" durationms="3.934" usertimems="8.000" systemtimems="0.000" timestamp="2019-07-02T22:35:29.792" activeThreads="4">
  <mem-info id="264" free="3690768" total="12058624" percent="30">
    <mem type="tenure" free="3690768" total="12058624" percent="30" micro-fragmented="1286780">
      <mem type="soa" free="3570960" total="11938816" percent="29" />
      <mem type="loa" free="119808" total="119808" percent="100" />
    </mem>
  </mem-info>
</gc-end>
<cycle-end id="265" type="global" contextid="253" timestamp="2019-07-02T22:35:29.792">
  <attribute name="GC Util" value="157" />
  <attribute name="CPU Util" value="22666860057780" />
  <attribute name="Time Running"value="35602"/>
  <attribute name="Number of cores"value="4"/>
</cycle-end>
<allocation-satisfied id="266" threadId="0000000001A94C00" bytesRequested="24" />
<af-end id="267" timestamp="2019-07-02T22:35:29.793" threadId="0000000001A95588" success="true" />
<exclusive-end id="268" timestamp="2019-07-02T22:35:29.793" durationms="4.712" />

<concurrent-kickoff id="269" timestamp="2019-07-02T22:35:31.787">
  <kickoff reason="threshold reached" targetBytes="3302544" thresholdFreeBytes="457336" remainingFree="411008" tenureFreeBytes="411008" />
</concurrent-kickoff>
<exclusive-start id="270" timestamp="2019-07-02T22:35:31.788" intervalms="1999.493">
  <response-info timems="0.043" idlems="0.023" threads="1" lastid="0000000001A5C900" lastname="node-20" />
</exclusive-start>
<cycle-start id="271" type="global" contextid="0" timestamp="2019-07-02T22:35:31.788" intervalms="2008.076" />
  <attribute name="GC Util" value="157" />
  <attribute name="CPU Util" value="22666860057780" />
  <attribute name="Time Running"value="35602"/>
  <attribute name="Number of cores"value="4"/>
<exclusive-end id="272" timestamp="2019-07-02T22:35:31.788" durationms="0.182" />

<exclusive-start id="273" timestamp="2019-07-02T22:35:31.797" intervalms="9.667">
  <response-info timems="0.033" idlems="0.033" threads="0" lastid="0000000001AA7700" lastname="node-8" />
</exclusive-start>
<af-start id="274" threadId="0000000001AA8088" totalBytesRequested="24" timestamp="2019-07-02T22:35:31.797" intervalms="2009.181" />
<gc-start id="275" type="global" contextid="271" timestamp="2019-07-02T22:35:31.797">
  <mem-info id="276" free="119808" total="12058624" percent="0">
    <mem type="tenure" free="119808" total="12058624" percent="0">
      <mem type="soa" free="0" total="11938816" percent="0" />
      <mem type="loa" free="119808" total="119808" percent="100" />
    </mem>
  </mem-info>
</gc-start>
<allocation-stats totalBytes="3561424" >
  <allocated-bytes non-tlh="0" tlh="3561424" />
  <largest-consumer threadName="node-5" threadId="0000000001A7A800" bytes="227616" />
</allocation-stats>
<concurrent-halted id="277" timestamp="2019-07-02T22:35:31.797">
  <halted state="Complete" status="trace only" />
  <traced bytesTarget="3302544" bytesTotal="2792112" bytesByMutator="120268" bytesByHelper="2671844" percent="84" />
  <cards cleaned="0" thresholdBytes="180162" />
</concurrent-halted>
<gc-op id="278" type="card-cleaning" timems="1.067" contextid="271" timestamp="2019-07-02T22:35:31.799">
  <card-cleaning cardsCleaned="213" bytesTraced="1240700" workStackOverflowCount="0" />
</gc-op>
<gc-op id="279" type="mark" timems="1.755" contextid="271" timestamp="2019-07-02T22:35:31.800">
  <trace-info objectcount="23666" scancount="25594" scanbytes="1316680" />
  <finalization candidates="18" enqueued="0" />
  <references type="soft" candidates="45" cleared="0" enqueued="0" dynamicThreshold="9" maxThreshold="32" />
  <references type="weak" candidates="165" cleared="0" enqueued="0" />
  <references type="phantom" candidates="57" cleared="0" enqueued="0" />
  <stringconstants candidates="3822" cleared="0"  />
</gc-op>
<gc-op id="280" type="sweep" timems="0.589" contextid="271" timestamp="2019-07-02T22:35:31.801" />
<gc-end id="281" type="global" contextid="271" durationms="3.775" usertimems="8.000" systemtimems="0.000" timestamp="2019-07-02T22:35:31.801" activeThreads="4">
  <mem-info id="282" free="3700656" total="12058624" percent="30">
    <mem type="tenure" free="3700656" total="12058624" percent="30" micro-fragmented="1285502">
      <mem type="soa" free="3581144" total="11938816" percent="29" />
      <mem type="loa" free="119512" total="119808" percent="99" />
    </mem>
  </mem-info>
</gc-end>
<cycle-end id="283" type="global" contextid="271" timestamp="2019-07-02T22:35:31.801">
  <attribute name="GC Util" value="223" />
  <attribute name="CPU Util" value="10194004343266" />
  <attribute name="Time Running"value="37610"/>
  <attribute name="Number of cores"value="4"/>
</cycle-end>
<allocation-satisfied id="284" threadId="0000000001AA7700" bytesRequested="24" />
<af-end id="285" timestamp="2019-07-02T22:35:31.801" threadId="0000000001AA8088" success="true" />
<exclusive-end id="286" timestamp="2019-07-02T22:35:31.802" durationms="4.323" />

<concurrent-kickoff id="287" timestamp="2019-07-02T22:35:33.559">
  <kickoff reason="threshold reached" targetBytes="3931784" thresholdFreeBytes="535428" remainingFree="532352" tenureFreeBytes="532352" />
</concurrent-kickoff>
<exclusive-start id="288" timestamp="2019-07-02T22:35:33.560" intervalms="1762.419">
  <response-info timems="0.075" idlems="0.075" threads="0" lastid="0000000001A5C900" lastname="node-20" />
</exclusive-start>
<cycle-start id="289" type="global" contextid="0" timestamp="2019-07-02T22:35:33.560" intervalms="1772.091" />
  <attribute name="GC Util" value="223" />
  <attribute name="CPU Util" value="10194004343266" />
  <attribute name="Time Running"value="37610"/>
  <attribute name="Number of cores"value="4"/>
<exclusive-end id="290" timestamp="2019-07-02T22:35:33.560" durationms="0.146" />

<exclusive-start id="291" timestamp="2019-07-02T22:35:33.724" intervalms="164.680">
  <response-info timems="0.064" idlems="0.064" threads="0" lastid="0000000001A98800" lastname="node-12" />
</exclusive-start>
<af-start id="292" threadId="0000000001A99188" totalBytesRequested="32" timestamp="2019-07-02T22:35:33.724" intervalms="1927.174" />
<gc-start id="293" type="global" contextid="289" timestamp="2019-07-02T22:35:33.725">
  <mem-info id="294" free="119808" total="12058624" percent="0">
    <mem type="tenure" free="119808" total="12058624" percent="0">
      <mem type="soa" free="0" total="11938816" percent="0" />
      <mem type="loa" free="119808" total="119808" percent="100" />
    </mem>
  </mem-info>
</gc-start>
<allocation-stats totalBytes="3572448" >
  <allocated-bytes non-tlh="0" tlh="3572448" />
  <largest-consumer threadName="node-7" threadId="0000000001A64100" bytes="235040" />
</allocation-stats>
<concurrent-halted id="295" timestamp="2019-07-02T22:35:33.725">
  <halted state="Complete" status="clean trace" />
  <traced bytesTarget="3931784" bytesTotal="3211652" bytesByMutator="56708" bytesByHelper="3154944" percent="81" />
  <cards cleaned="182" thresholdBytes="210926" />
</concurrent-halted>
<gc-op id="296" type="card-cleaning" timems="0.430" contextid="289" timestamp="2019-07-02T22:35:33.725">
  <card-cleaning cardsCleaned="200" bytesTraced="183104" workStackOverflowCount="0" />
</gc-op>
<gc-op id="297" type="mark" timems="1.264" contextid="289" timestamp="2019-07-02T22:35:33.727">
  <trace-info objectcount="39952" scancount="42885" scanbytes="2042672" />
  <finalization candidates="18" enqueued="0" />
  <references type="soft" candidates="45" cleared="0" enqueued="0" dynamicThreshold="9" maxThreshold="32" />
  <references type="weak" candidates="165" cleared="0" enqueued="0" />
  <references type="phantom" candidates="57" cleared="0" enqueued="0" />
  <stringconstants candidates="3822" cleared="0"  />
</gc-op>
<gc-op id="298" type="sweep" timems="0.436" contextid="289" timestamp="2019-07-02T22:35:33.727" />
<gc-end id="299" type="global" contextid="289" durationms="2.802" usertimems="4.000" systemtimems="0.000" timestamp="2019-07-02T22:35:33.728" activeThreads="4">
  <mem-info id="300" free="3663128" total="12058624" percent="30">
    <mem type="tenure" free="3663128" total="12058624" percent="30" micro-fragmented="1285753">
      <mem type="soa" free="3543320" total="11938816" percent="29" />
      <mem type="loa" free="119808" total="119808" percent="100" />
    </mem>
  </mem-info>
</gc-end>
<cycle-end id="301" type="global" contextid="289" timestamp="2019-07-02T22:35:33.728">
  <attribute name="GC Util" value="18" />
  <attribute name="CPU Util" value="60519622484259" />
  <attribute name="Time Running"value="39537"/>
  <attribute name="Number of cores"value="4"/>
</cycle-end>
<allocation-satisfied id="302" threadId="0000000001A98800" bytesRequested="32" />
<af-end id="303" timestamp="2019-07-02T22:35:33.728" threadId="0000000001A99188" success="true" />
<exclusive-end id="304" timestamp="2019-07-02T22:35:33.728" durationms="3.817" />

<concurrent-kickoff id="305" timestamp="2019-07-02T22:35:35.497">
  <kickoff reason="threshold reached" targetBytes="3394756" thresholdFreeBytes="469552" remainingFree="423112" tenureFreeBytes="423112" />
</concurrent-kickoff>
<exclusive-start id="306" timestamp="2019-07-02T22:35:35.497" intervalms="1772.476">
  <response-info timems="0.066" idlems="0.035" threads="1" lastid="0000000001AAB300" lastname="node-13" />
</exclusive-start>
<cycle-start id="307" type="global" contextid="0" timestamp="2019-07-02T22:35:35.497" intervalms="1937.119" />
  <attribute name="GC Util" value="18" />
  <attribute name="CPU Util" value="60519622484259" />
  <attribute name="Time Running"value="39537"/>
  <attribute name="Number of cores"value="4"/>
<exclusive-end id="308" timestamp="2019-07-02T22:35:35.497" durationms="0.123" />

<exclusive-start id="309" timestamp="2019-07-02T22:35:35.504" intervalms="7.158">
  <response-info timems="0.042" idlems="0.042" threads="0" lastid="0000000001A76C00" lastname="node-19" />
</exclusive-start>
<af-start id="310" threadId="0000000001A77588" totalBytesRequested="16" timestamp="2019-07-02T22:35:35.504" intervalms="1779.541" />
<gc-start id="311" type="global" contextid="307" timestamp="2019-07-02T22:35:35.504">
  <mem-info id="312" free="119808" total="12058624" percent="0">
    <mem type="tenure" free="119808" total="12058624" percent="0">
      <mem type="soa" free="0" total="11938816" percent="0" />
      <mem type="loa" free="119808" total="119808" percent="100" />
    </mem>
  </mem-info>
</gc-start>
<allocation-stats totalBytes="3533864" >
  <allocated-bytes non-tlh="0" tlh="3533864" />
  <largest-consumer threadName="node-8" threadId="0000000001AA7700" bytes="225248" />
</allocation-stats>
<concurrent-halted id="313" timestamp="2019-07-02T22:35:35.504">
  <halted state="Class scanning incomplete" status="clean trace" />
  <traced bytesTarget="3394756" bytesTotal="3164612" bytesByMutator="574228" bytesByHelper="2590384" percent="93" />
  <cards cleaned="165" thresholdBytes="184974" />
</concurrent-halted>
<gc-op id="314" type="card-cleaning" timems="0.755" contextid="307" timestamp="2019-07-02T22:35:35.505">
  <card-cleaning cardsCleaned="19" bytesTraced="121184" workStackOverflowCount="0" />
</gc-op>
<gc-op id="315" type="mark" timems="2.744" contextid="307" timestamp="2019-07-02T22:35:35.508">
  <trace-info objectcount="41628" scancount="44534" scanbytes="2082516" />
  <finalization candidates="18" enqueued="0" />
  <references type="soft" candidates="45" cleared="0" enqueued="0" dynamicThreshold="9" maxThreshold="32" />
  <references type="weak" candidates="165" cleared="0" enqueued="0" />
  <references type="phantom" candidates="57" cleared="0" enqueued="0" />
  <stringconstants candidates="3822" cleared="0"  />
</gc-op>
<gc-op id="316" type="sweep" timems="1.074" contextid="307" timestamp="2019-07-02T22:35:35.509" />
<gc-end id="317" type="global" contextid="307" durationms="4.983" usertimems="4.000" systemtimems="8.000" timestamp="2019-07-02T22:35:35.509" activeThreads="4">
  <mem-info id="318" free="3677624" total="12058624" percent="30">
    <mem type="tenure" free="3677624" total="12058624" percent="30" micro-fragmented="1293707">
      <mem type="soa" free="3557816" total="11938816" percent="29" />
      <mem type="loa" free="119808" total="119808" percent="100" />
    </mem>
  </mem-info>
</gc-end>
<cycle-end id="319" type="global" contextid="307" timestamp="2019-07-02T22:35:35.509">
  <attribute name="GC Util" value="147" />
  <attribute name="CPU Util" value="22670063536305" />
  <attribute name="Time Running"value="41319"/>
  <attribute name="Number of cores"value="4"/>
</cycle-end>
<allocation-satisfied id="320" threadId="0000000001A76C00" bytesRequested="16" />
<af-end id="321" timestamp="2019-07-02T22:35:35.509" threadId="0000000001A77588" success="true" />
<exclusive-end id="322" timestamp="2019-07-02T22:35:35.509" durationms="5.343" />

<concurrent-kickoff id="323" timestamp="2019-07-02T22:35:37.416">
  <kickoff reason="threshold reached" targetBytes="3285796" thresholdFreeBytes="455167" remainingFree="419968" tenureFreeBytes="419968" />
</concurrent-kickoff>
<exclusive-start id="324" timestamp="2019-07-02T22:35:37.416" intervalms="1911.839">
  <response-info timems="0.040" idlems="0.022" threads="1" lastid="0000000001A82000" lastname="node-9" />
</exclusive-start>
<cycle-start id="325" type="global" contextid="0" timestamp="2019-07-02T22:35:37.416" intervalms="1918.998" />
  <attribute name="GC Util" value="147" />
  <attribute name="CPU Util" value="22670063536305" />
  <attribute name="Time Running"value="41319"/>
  <attribute name="Number of cores"value="4"/>
<exclusive-end id="326" timestamp="2019-07-02T22:35:37.416" durationms="0.114" />

<exclusive-start id="327" timestamp="2019-07-02T22:35:37.436" intervalms="20.177">
  <response-info timems="0.043" idlems="0.043" threads="0" lastid="0000000001AA7700" lastname="node-8" />
</exclusive-start>
<af-start id="328" threadId="0000000001AA8088" totalBytesRequested="16" timestamp="2019-07-02T22:35:37.436" intervalms="1932.014" />
<gc-start id="329" type="global" contextid="325" timestamp="2019-07-02T22:35:37.436">
  <mem-info id="330" free="119808" total="12058624" percent="0">
    <mem type="tenure" free="119808" total="12058624" percent="0">
      <mem type="soa" free="0" total="11938816" percent="0" />
      <mem type="loa" free="119808" total="119808" percent="100" />
    </mem>
  </mem-info>
</gc-start>
<allocation-stats totalBytes="3549208" >
  <allocated-bytes non-tlh="11352" tlh="3537856" />
  <largest-consumer threadName="node-10" threadId="0000000001A85C00" bytes="214296" />
</allocation-stats>
<concurrent-halted id="331" timestamp="2019-07-02T22:35:37.436">
  <halted state="Tracing incomplete" status="trace only" />
  <traced bytesTarget="3285796" bytesTotal="2730696" bytesByMutator="1063664" bytesByHelper="1667032" percent="83" />
  <cards cleaned="0" thresholdBytes="179307" />
</concurrent-halted>
<gc-op id="332" type="tracing" timems="0.483" contextid="325" timestamp="2019-07-02T22:35:37.437">
  <trace bytesTraced="170672" workStackOverflowCount="0" />
</gc-op>
<gc-op id="333" type="card-cleaning" timems="1.029" contextid="325" timestamp="2019-07-02T22:35:37.438">
  <card-cleaning cardsCleaned="188" bytesTraced="1207268" workStackOverflowCount="0" />
</gc-op>
<gc-op id="334" type="mark" timems="1.586" contextid="325" timestamp="2019-07-02T22:35:37.439">
  <trace-info objectcount="22513" scancount="24209" scanbytes="1234600" />
  <finalization candidates="18" enqueued="0" />
  <references type="soft" candidates="45" cleared="0" enqueued="0" dynamicThreshold="9" maxThreshold="32" />
  <references type="weak" candidates="165" cleared="0" enqueued="0" />
  <references type="phantom" candidates="57" cleared="0" enqueued="0" />
  <stringconstants candidates="3822" cleared="0"  />
</gc-op>
<gc-op id="335" type="sweep" timems="1.042" contextid="325" timestamp="2019-07-02T22:35:37.441" />
<gc-end id="336" type="global" contextid="325" durationms="4.597" usertimems="12.000" systemtimems="0.000" timestamp="2019-07-02T22:35:37.441" activeThreads="4">
  <mem-info id="337" free="3681944" total="12058624" percent="30">
    <mem type="tenure" free="3681944" total="12058624" percent="30" micro-fragmented="1286269">
      <mem type="soa" free="3562136" total="11938816" percent="29" />
      <mem type="loa" free="119808" total="119808" percent="100" />
    </mem>
  </mem-info>
</gc-end>
<cycle-end id="338" type="global" contextid="325" timestamp="2019-07-02T22:35:37.441">
  <attribute name="GC Util" value="179" />
  <attribute name="CPU Util" value="23026768254639" />
  <attribute name="Time Running"value="43250"/>
  <attribute name="Number of cores"value="4"/>
</cycle-end>
<allocation-satisfied id="339" threadId="0000000001AA7700" bytesRequested="16" />
<af-end id="340" timestamp="2019-07-02T22:35:37.441" threadId="0000000001AA8088" success="true" />
<exclusive-end id="341" timestamp="2019-07-02T22:35:37.441" durationms="5.129" />

<concurrent-kickoff id="342" timestamp="2019-07-02T22:35:39.667">
  <kickoff reason="threshold reached" targetBytes="4157079" thresholdFreeBytes="561729" remainingFree="535752" tenureFreeBytes="535752" />
</concurrent-kickoff>
<exclusive-start id="343" timestamp="2019-07-02T22:35:39.667" intervalms="2230.860">
  <response-info timems="0.032" idlems="0.032" threads="0" lastid="0000000001AB2B00" lastname="node-3" />
</exclusive-start>
<cycle-start id="344" type="global" contextid="0" timestamp="2019-07-02T22:35:39.667" intervalms="2251.089" />
  <attribute name="GC Util" value="179" />
  <attribute name="CPU Util" value="23026768254639" />
  <attribute name="Time Running"value="43250"/>
  <attribute name="Number of cores"value="4"/>
<exclusive-end id="345" timestamp="2019-07-02T22:35:39.667" durationms="0.204" />

<exclusive-start id="346" timestamp="2019-07-02T22:35:39.817" intervalms="150.127">
  <response-info timems="0.372" idlems="0.194" threads="1" lastid="0000000001A76C00" lastname="node-19" />
</exclusive-start>
<af-start id="347" threadId="0000000001A7B188" totalBytesRequested="32" timestamp="2019-07-02T22:35:39.817" intervalms="2380.999" />
<gc-start id="348" type="global" contextid="344" timestamp="2019-07-02T22:35:39.817">
  <mem-info id="349" free="119808" total="12058624" percent="0">
    <mem type="tenure" free="119808" total="12058624" percent="0">
      <mem type="soa" free="0" total="11938816" percent="0" />
      <mem type="loa" free="119808" total="119808" percent="100" />
    </mem>
  </mem-info>
</gc-start>
<allocation-stats totalBytes="3551536" >
  <allocated-bytes non-tlh="0" tlh="3551536" />
  <largest-consumer threadName="node-8" threadId="0000000001AA7700" bytes="216784" />
</allocation-stats>
<concurrent-halted id="350" timestamp="2019-07-02T22:35:39.817">
  <halted state="Complete" status="exhausted" />
  <traced bytesTarget="4157079" bytesTotal="3191492" bytesByMutator="296432" bytesByHelper="2895060" percent="76" />
  <cards cleaned="222" thresholdBytes="221287" />
</concurrent-halted>
<gc-op id="351" type="card-cleaning" timems="0.870" contextid="344" timestamp="2019-07-02T22:35:39.818">
  <card-cleaning cardsCleaned="164" bytesTraced="180344" workStackOverflowCount="0" />
</gc-op>
<gc-op id="352" type="mark" timems="1.836" contextid="344" timestamp="2019-07-02T22:35:39.820">
  <trace-info objectcount="39958" scancount="42886" scanbytes="2042920" />
  <finalization candidates="18" enqueued="0" />
  <references type="soft" candidates="45" cleared="0" enqueued="0" dynamicThreshold="9" maxThreshold="32" />
  <references type="weak" candidates="165" cleared="0" enqueued="0" />
  <references type="phantom" candidates="57" cleared="0" enqueued="0" />
  <stringconstants candidates="3822" cleared="0"  />
</gc-op>
<gc-op id="353" type="sweep" timems="1.012" contextid="344" timestamp="2019-07-02T22:35:39.821" />
<gc-end id="354" type="global" contextid="344" durationms="4.174" usertimems="8.000" systemtimems="0.000" timestamp="2019-07-02T22:35:39.821" activeThreads="4">
  <mem-info id="355" free="3691944" total="12058624" percent="30">
    <mem type="tenure" free="3691944" total="12058624" percent="30" micro-fragmented="1287547">
      <mem type="soa" free="3572136" total="11938816" percent="29" />
      <mem type="loa" free="119808" total="119808" percent="100" />
    </mem>
  </mem-info>
</gc-end>
<cycle-end id="356" type="global" contextid="344" timestamp="2019-07-02T22:35:39.821">
  <attribute name="GC Util" value="172" />
  <attribute name="CPU Util" value="24416571318657" />
  <attribute name="Time Running"value="45631"/>
  <attribute name="Number of cores"value="4"/>
</cycle-end>
<allocation-satisfied id="357" threadId="0000000001A7A800" bytesRequested="32" />
<af-end id="358" timestamp="2019-07-02T22:35:39.822" threadId="0000000001A7B188" success="true" />
<exclusive-end id="359" timestamp="2019-07-02T22:35:39.822" durationms="4.808" />

<concurrent-kickoff id="360" timestamp="2019-07-02T22:35:41.840">
  <kickoff reason="threshold reached" targetBytes="3901268" thresholdFreeBytes="530608" remainingFree="529504" tenureFreeBytes="529504" />
</concurrent-kickoff>
<exclusive-start id="361" timestamp="2019-07-02T22:35:41.841" intervalms="2024.414">
  <response-info timems="0.033" idlems="0.033" threads="0" lastid="0000000001A91000" lastname="node-16" />
</exclusive-start>
<cycle-start id="362" type="global" contextid="0" timestamp="2019-07-02T22:35:41.841" intervalms="2174.485" />
  <attribute name="GC Util" value="172" />
  <attribute name="CPU Util" value="24416571318657" />
  <attribute name="Time Running"value="45631"/>
  <attribute name="Number of cores"value="4"/>
<exclusive-end id="363" timestamp="2019-07-02T22:35:41.841" durationms="0.098" />

<exclusive-start id="364" timestamp="2019-07-02T22:35:41.866" intervalms="24.341">
  <response-info timems="0.025" idlems="0.025" threads="0" lastid="0000000001AAEF00" lastname="node-2" />
</exclusive-start>
<af-start id="365" threadId="0000000001AAF888" totalBytesRequested="16" timestamp="2019-07-02T22:35:41.866" intervalms="2048.750" />
<gc-start id="366" type="global" contextid="362" timestamp="2019-07-02T22:35:41.866">
  <mem-info id="367" free="119808" total="12058624" percent="0">
    <mem type="tenure" free="119808" total="12058624" percent="0">
      <mem type="soa" free="0" total="11938816" percent="0" />
      <mem type="loa" free="119808" total="119808" percent="100" />
    </mem>
  </mem-info>
</gc-start>
<allocation-stats totalBytes="3562336" >
  <allocated-bytes non-tlh="0" tlh="3562336" />
  <largest-consumer threadName="node-15" threadId="0000000001A7E400" bytes="239432" />
</allocation-stats>
<concurrent-halted id="368" timestamp="2019-07-02T22:35:41.866">
  <halted state="Complete" status="trace only" />
  <traced bytesTarget="3901268" bytesTotal="2773404" bytesByMutator="129452" bytesByHelper="2643952" percent="71" />
  <cards cleaned="0" thresholdBytes="209027" />
</concurrent-halted>
<gc-op id="369" type="card-cleaning" timems="1.383" contextid="362" timestamp="2019-07-02T22:35:41.867">
  <card-cleaning cardsCleaned="201" bytesTraced="1320940" workStackOverflowCount="0" />
</gc-op>
<gc-op id="370" type="mark" timems="1.555" contextid="362" timestamp="2019-07-02T22:35:41.869">
  <trace-info objectcount="23585" scancount="25353" scanbytes="1265540" />
  <finalization candidates="18" enqueued="0" />
  <references type="soft" candidates="45" cleared="0" enqueued="0" dynamicThreshold="9" maxThreshold="32" />
  <references type="weak" candidates="165" cleared="0" enqueued="0" />
  <references type="phantom" candidates="57" cleared="0" enqueued="0" />
  <stringconstants candidates="3822" cleared="0"  />
</gc-op>
<gc-op id="371" type="sweep" timems="1.040" contextid="362" timestamp="2019-07-02T22:35:41.870" />
<gc-end id="372" type="global" contextid="362" durationms="4.389" usertimems="0.000" systemtimems="8.000" timestamp="2019-07-02T22:35:41.870" activeThreads="4">
  <mem-info id="373" free="3691944" total="12058624" percent="30">
    <mem type="tenure" free="3691944" total="12058624" percent="30" micro-fragmented="1286397">
      <mem type="soa" free="3572136" total="11938816" percent="29" />
      <mem type="loa" free="119808" total="119808" percent="100" />
    </mem>
  </mem-info>
</gc-end>
<cycle-end id="374" type="global" contextid="362" timestamp="2019-07-02T22:35:41.870">
  <attribute name="GC Util" value="168" />
  <attribute name="CPU Util" value="23086191203477" />
  <attribute name="Time Running"value="47680"/>
  <attribute name="Number of cores"value="4"/>
</cycle-end>
<allocation-satisfied id="375" threadId="0000000001AAEF00" bytesRequested="16" />
<af-end id="376" timestamp="2019-07-02T22:35:41.871" threadId="0000000001AAF888" success="true" />
<exclusive-end id="377" timestamp="2019-07-02T22:35:41.871" durationms="5.180" />

<concurrent-kickoff id="378" timestamp="2019-07-02T22:35:43.868">
  <kickoff reason="threshold reached" targetBytes="4219826" thresholdFreeBytes="569761" remainingFree="535704" tenureFreeBytes="535704" />
</concurrent-kickoff>
<exclusive-start id="379" timestamp="2019-07-02T22:35:43.868" intervalms="2002.756">
  <response-info timems="0.033" idlems="0.033" threads="0" lastid="0000000001A64100" lastname="node-7" />
</exclusive-start>
<cycle-start id="380" type="global" contextid="0" timestamp="2019-07-02T22:35:43.868" intervalms="2027.098" />
  <attribute name="GC Util" value="168" />
  <attribute name="CPU Util" value="23086191203477" />
  <attribute name="Time Running"value="47680"/>
  <attribute name="Number of cores"value="4"/>
<exclusive-end id="381" timestamp="2019-07-02T22:35:43.869" durationms="0.106" />

<exclusive-start id="382" timestamp="2019-07-02T22:35:44.015" intervalms="146.215">
  <response-info timems="0.025" idlems="0.025" threads="0" lastid="0000000001A89800" lastname="node-21" />
</exclusive-start>
<concurrent-collection-start id="383" timestamp="2019-07-02T22:35:44.015" intervalms="49928.103" >
  <concurrent-trace-info reason="card cleaning threshold reached" tracedByMutators="428180" tracedByHelpers="2765488" cardsCleaned="228" workStackOverflowCount="0" />
</concurrent-collection-start>
<gc-start id="384" type="global" contextid="380" timestamp="2019-07-02T22:35:44.015">
  <mem-info id="385" free="119808" total="12058624" percent="0">
    <mem type="tenure" free="119808" total="12058624" percent="0">
      <mem type="soa" free="0" total="11938816" percent="0" />
      <mem type="loa" free="119808" total="119808" percent="100" />
    </mem>
  </mem-info>
</gc-start>
<allocation-stats totalBytes="3563144" >
  <allocated-bytes non-tlh="0" tlh="3563144" />
  <largest-consumer threadName="node-1" threadId="0000000001AA3B00" bytes="227968" />
</allocation-stats>
<gc-op id="386" type="card-cleaning" timems="0.265" contextid="380" timestamp="2019-07-02T22:35:44.015">
  <card-cleaning cardsCleaned="155" bytesTraced="141836" workStackOverflowCount="0" />
</gc-op>
<gc-op id="387" type="mark" timems="1.265" contextid="380" timestamp="2019-07-02T22:35:44.016">
  <trace-info objectcount="41363" scancount="44300" scanbytes="2076804" />
  <finalization candidates="18" enqueued="0" />
  <references type="soft" candidates="45" cleared="0" enqueued="0" dynamicThreshold="9" maxThreshold="32" />
  <references type="weak" candidates="165" cleared="0" enqueued="0" />
  <references type="phantom" candidates="57" cleared="0" enqueued="0" />
  <stringconstants candidates="3822" cleared="0"  />
</gc-op>
<gc-op id="388" type="sweep" timems="0.389" contextid="380" timestamp="2019-07-02T22:35:44.017" />
<gc-end id="389" type="global" contextid="380" durationms="2.310" usertimems="0.000" systemtimems="4.000" timestamp="2019-07-02T22:35:44.017" activeThreads="4">
  <mem-info id="390" free="3668576" total="12058624" percent="30">
    <mem type="tenure" free="3668576" total="12058624" percent="30" micro-fragmented="1297031">
      <mem type="soa" free="3548768" total="11938816" percent="29" />
      <mem type="loa" free="119808" total="119808" percent="100" />
    </mem>
  </mem-info>
</gc-end>
<cycle-end id="391" type="global" contextid="380" timestamp="2019-07-02T22:35:44.017">
  <attribute name="GC Util" value="20" />
  <attribute name="CPU Util" value="71577798997199" />
  <attribute name="Time Running"value="49827"/>
  <attribute name="Number of cores"value="4"/>
</cycle-end>
<concurrent-collection-end id="392" timestamp="2019-07-02T22:35:44.017" />
<exclusive-end id="393" timestamp="2019-07-02T22:35:44.018" durationms="2.852" />

<concurrent-kickoff id="394" timestamp="2019-07-02T22:35:45.925">
  <kickoff reason="threshold reached" targetBytes="3951725" thresholdFreeBytes="537130" remainingFree="530368" tenureFreeBytes="530368" />
</concurrent-kickoff>
<exclusive-start id="395" timestamp="2019-07-02T22:35:45.925" intervalms="1910.330">
  <response-info timems="0.034" idlems="0.034" threads="0" lastid="0000000001A60500" lastname="node-24" />
</exclusive-start>
<cycle-start id="396" type="global" contextid="0" timestamp="2019-07-02T22:35:45.925" intervalms="2056.539" />
  <attribute name="GC Util" value="20" />
  <attribute name="CPU Util" value="71577798997199" />
  <attribute name="Time Running"value="49827"/>
  <attribute name="Number of cores"value="4"/>
<exclusive-end id="397" timestamp="2019-07-02T22:35:45.925" durationms="0.090" />

<exclusive-start id="398" timestamp="2019-07-02T22:35:45.933" intervalms="8.104">
  <response-info timems="0.060" idlems="0.054" threads="2" lastid="0000000001A58D00" lastname="node-6" />
</exclusive-start>
<af-start id="399" threadId="0000000001A91988" totalBytesRequested="16" timestamp="2019-07-02T22:35:45.933" intervalms="4067.510" />
<gc-start id="400" type="global" contextid="396" timestamp="2019-07-02T22:35:45.933">
  <mem-info id="401" free="119808" total="12058624" percent="0">
    <mem type="tenure" free="119808" total="12058624" percent="0">
      <mem type="soa" free="0" total="11938816" percent="0" />
      <mem type="loa" free="119808" total="119808" percent="100" />
    </mem>
  </mem-info>
</gc-start>
<allocation-stats totalBytes="3534880" >
  <allocated-bytes non-tlh="0" tlh="3534880" />
  <largest-consumer threadName="node-14" threadId="0000000001A6F500" bytes="230304" />
</allocation-stats>
<concurrent-halted id="402" timestamp="2019-07-02T22:35:45.934">
  <halted state="Tracing incomplete" status="clean trace" />
  <traced bytesTarget="3951725" bytesTotal="2806448" bytesByMutator="29788" bytesByHelper="2776660" percent="71" />
  <cards cleaned="0" thresholdBytes="211596" />
</concurrent-halted>
<gc-op id="403" type="tracing" timems="0.759" contextid="396" timestamp="2019-07-02T22:35:45.935">
  <trace bytesTraced="463724" workStackOverflowCount="0" />
</gc-op>
<gc-op id="404" type="card-cleaning" timems="0.539" contextid="396" timestamp="2019-07-02T22:35:45.935">
  <card-cleaning cardsCleaned="181" bytesTraced="737712" workStackOverflowCount="0" />
</gc-op>
<gc-op id="405" type="mark" timems="1.459" contextid="396" timestamp="2019-07-02T22:35:45.937">
  <trace-info objectcount="26406" scancount="27741" scanbytes="1365936" />
  <finalization candidates="18" enqueued="0" />
  <references type="soft" candidates="45" cleared="0" enqueued="0" dynamicThreshold="9" maxThreshold="32" />
  <references type="weak" candidates="165" cleared="0" enqueued="0" />
  <references type="phantom" candidates="57" cleared="0" enqueued="0" />
  <stringconstants candidates="3822" cleared="0"  />
</gc-op>
<gc-op id="406" type="sweep" timems="0.524" contextid="396" timestamp="2019-07-02T22:35:45.938" />
<gc-end id="407" type="global" contextid="396" durationms="4.304" usertimems="0.000" systemtimems="8.000" timestamp="2019-07-02T22:35:45.938" activeThreads="4">
  <mem-info id="408" free="3687272" total="12058624" percent="30">
    <mem type="tenure" free="3687272" total="12058624" percent="30" micro-fragmented="1286397">
      <mem type="soa" free="3567464" total="11938816" percent="29" />
      <mem type="loa" free="119808" total="119808" percent="100" />
    </mem>
  </mem-info>
</gc-end>
<cycle-end id="409" type="global" contextid="396" timestamp="2019-07-02T22:35:45.938">
  <attribute name="GC Util" value="28" />
  <attribute name="CPU Util" value="51913085945628" />
  <attribute name="Time Running"value="51747"/>
  <attribute name="Number of cores"value="4"/>
</cycle-end>
<allocation-satisfied id="410" threadId="0000000001A91000" bytesRequested="16" />
<af-end id="411" timestamp="2019-07-02T22:35:45.938" threadId="0000000001A91988" success="true" />
<exclusive-end id="412" timestamp="2019-07-02T22:35:45.939" durationms="5.453" />

<concurrent-kickoff id="413" timestamp="2019-07-02T22:35:47.736">
  <kickoff reason="threshold reached" targetBytes="4007884" thresholdFreeBytes="554451" remainingFree="528840" tenureFreeBytes="528840" />
</concurrent-kickoff>
<exclusive-start id="414" timestamp="2019-07-02T22:35:47.736" intervalms="1803.388">
  <response-info timems="0.082" idlems="0.082" threads="0" lastid="0000000001A98800" lastname="node-12" />
</exclusive-start>
<cycle-start id="415" type="global" contextid="0" timestamp="2019-07-02T22:35:47.737" intervalms="1811.490" />
  <attribute name="GC Util" value="28" />
  <attribute name="CPU Util" value="51913085945628" />
  <attribute name="Time Running"value="51747"/>
  <attribute name="Number of cores"value="4"/>
<exclusive-end id="416" timestamp="2019-07-02T22:35:47.737" durationms="0.087" />

<exclusive-start id="417" timestamp="2019-07-02T22:35:47.906" intervalms="169.735">
  <response-info timems="0.058" idlems="0.058" threads="0" lastid="0000000001A64100" lastname="node-7" />
</exclusive-start>
<af-start id="418" threadId="0000000001A64A88" totalBytesRequested="32" timestamp="2019-07-02T22:35:47.906" intervalms="1973.015" />
<gc-start id="419" type="global" contextid="415" timestamp="2019-07-02T22:35:47.906">
  <mem-info id="420" free="119808" total="12058624" percent="0">
    <mem type="tenure" free="119808" total="12058624" percent="0">
      <mem type="soa" free="0" total="11938816" percent="0" />
      <mem type="loa" free="119808" total="119808" percent="100" />
    </mem>
  </mem-info>
</gc-start>
<allocation-stats totalBytes="3555960" >
  <allocated-bytes non-tlh="0" tlh="3555960" />
  <largest-consumer threadName="node-9" threadId="0000000001A82000" bytes="212888" />
</allocation-stats>
<concurrent-halted id="421" timestamp="2019-07-02T22:35:47.906">
  <halted state="Complete" status="clean trace" />
  <traced bytesTarget="4007884" bytesTotal="3207524" bytesByMutator="265508" bytesByHelper="2942016" percent="80" />
  <cards cleaned="253" thresholdBytes="218419" />
</concurrent-halted>
<gc-op id="422" type="card-cleaning" timems="0.743" contextid="415" timestamp="2019-07-02T22:35:47.907">
  <card-cleaning cardsCleaned="149" bytesTraced="140860" workStackOverflowCount="0" />
</gc-op>
<gc-op id="423" type="mark" timems="1.876" contextid="415" timestamp="2019-07-02T22:35:47.909">
  <trace-info objectcount="41365" scancount="44296" scanbytes="2076596" />
  <finalization candidates="18" enqueued="0" />
  <references type="soft" candidates="45" cleared="0" enqueued="0" dynamicThreshold="9" maxThreshold="32" />
  <references type="weak" candidates="165" cleared="0" enqueued="0" />
  <references type="phantom" candidates="57" cleared="0" enqueued="0" />
  <stringconstants candidates="3822" cleared="0"  />
</gc-op>
<gc-op id="424" type="sweep" timems="1.087" contextid="415" timestamp="2019-07-02T22:35:47.910" />
<gc-end id="425" type="global" contextid="415" durationms="4.067" usertimems="8.000" systemtimems="0.000" timestamp="2019-07-02T22:35:47.910" activeThreads="4">
  <mem-info id="426" free="3680408" total="12058624" percent="30">
    <mem type="tenure" free="3680408" total="12058624" percent="30" micro-fragmented="1300763">
      <mem type="soa" free="3560600" total="11938816" percent="29" />
      <mem type="loa" free="119808" total="119808" percent="100" />
    </mem>
  </mem-info>
</gc-end>
<cycle-end id="427" type="global" contextid="415" timestamp="2019-07-02T22:35:47.911">
  <attribute name="GC Util" value="166" />
  <attribute name="CPU Util" value="22308178139921" />
  <attribute name="Time Running"value="53720"/>
  <attribute name="Number of cores"value="4"/>
</cycle-end>
<allocation-satisfied id="428" threadId="0000000001A64100" bytesRequested="32" />
<af-end id="429" timestamp="2019-07-02T22:35:47.911" threadId="0000000001A64A88" success="true" />
<exclusive-end id="430" timestamp="2019-07-02T22:35:47.911" durationms="4.636" />

<concurrent-kickoff id="431" timestamp="2019-07-02T22:35:49.668">
  <kickoff reason="threshold reached" targetBytes="3348384" thresholdFreeBytes="463078" remainingFree="412704" tenureFreeBytes="412704" />
</concurrent-kickoff>
<exclusive-start id="432" timestamp="2019-07-02T22:35:49.668" intervalms="1762.217">
  <response-info timems="0.240" idlems="0.150" threads="2" lastid="0000000001AA3B00" lastname="node-1" />
</exclusive-start>
<cycle-start id="433" type="global" contextid="0" timestamp="2019-07-02T22:35:49.669" intervalms="1932.109" />
  <attribute name="GC Util" value="166" />
  <attribute name="CPU Util" value="22308178139921" />
  <attribute name="Time Running"value="53720"/>
  <attribute name="Number of cores"value="4"/>
<exclusive-end id="434" timestamp="2019-07-02T22:35:49.669" durationms="0.364" />

<exclusive-start id="435" timestamp="2019-07-02T22:35:49.674" intervalms="5.977">
  <response-info timems="0.072" idlems="0.072" threads="0" lastid="0000000001A85C00" lastname="node-10" />
</exclusive-start>
<af-start id="436" threadId="0000000001A86588" totalBytesRequested="504" timestamp="2019-07-02T22:35:49.675" intervalms="1768.221" />
<gc-start id="437" type="global" contextid="433" timestamp="2019-07-02T22:35:49.675">
  <mem-info id="438" free="119808" total="12058624" percent="0">
    <mem type="tenure" free="119808" total="12058624" percent="0">
      <mem type="soa" free="0" total="11938816" percent="0" />
      <mem type="loa" free="119808" total="119808" percent="100" />
    </mem>
  </mem-info>
</gc-start>
<allocation-stats totalBytes="3551768" >
  <allocated-bytes non-tlh="0" tlh="3551768" />
  <largest-consumer threadName="node-11" threadId="0000000001A8D400" bytes="216712" />
</allocation-stats>
<concurrent-halted id="439" timestamp="2019-07-02T22:35:49.675">
  <halted state="Tracing incomplete" status="trace only" />
  <traced bytesTarget="3348384" bytesTotal="3108816" bytesByMutator="44560" bytesByHelper="3064256" percent="92" />
  <cards cleaned="0" thresholdBytes="182424" />
</concurrent-halted>
<gc-op id="440" type="tracing" timems="0.260" contextid="433" timestamp="2019-07-02T22:35:49.675">
  <trace bytesTraced="840" workStackOverflowCount="0" />
</gc-op>
<gc-op id="441" type="card-cleaning" timems="0.371" contextid="433" timestamp="2019-07-02T22:35:49.675">
  <card-cleaning cardsCleaned="23" bytesTraced="36420" workStackOverflowCount="0" />
</gc-op>
<gc-op id="442" type="mark" timems="2.525" contextid="433" timestamp="2019-07-02T22:35:49.678">
  <trace-info objectcount="43070" scancount="45589" scanbytes="2212800" />
  <finalization candidates="18" enqueued="0" />
  <references type="soft" candidates="45" cleared="0" enqueued="0" dynamicThreshold="9" maxThreshold="32" />
  <references type="weak" candidates="165" cleared="0" enqueued="0" />
  <references type="phantom" candidates="57" cleared="0" enqueued="0" />
  <stringconstants candidates="3822" cleared="0"  />
</gc-op>
<gc-op id="443" type="sweep" timems="1.005" contextid="433" timestamp="2019-07-02T22:35:49.679" />
<gc-end id="444" type="global" contextid="433" durationms="4.601" usertimems="0.000" systemtimems="8.000" timestamp="2019-07-02T22:35:49.679" activeThreads="4">
  <mem-info id="445" free="3679712" total="12058624" percent="30">
    <mem type="tenure" free="3679712" total="12058624" percent="30" micro-fragmented="1286655">
      <mem type="soa" free="3559904" total="11938816" percent="29" />
      <mem type="loa" free="119808" total="119808" percent="100" />
    </mem>
  </mem-info>
</gc-end>
<cycle-end id="446" type="global" contextid="433" timestamp="2019-07-02T22:35:49.679">
  <attribute name="GC Util" value="168" />
  <attribute name="CPU Util" value="24397324739765" />
  <attribute name="Time Running"value="55489"/>
  <attribute name="Number of cores"value="4"/>
</cycle-end>
<allocation-satisfied id="447" threadId="0000000001A85C00" bytesRequested="504" />
<af-end id="448" timestamp="2019-07-02T22:35:49.680" threadId="0000000001A86588" success="true" />
<exclusive-end id="449" timestamp="2019-07-02T22:35:49.680" durationms="5.262" />

<concurrent-kickoff id="450" timestamp="2019-07-02T22:35:51.541">
  <kickoff reason="threshold reached" targetBytes="4009241" thresholdFreeBytes="541329" remainingFree="520688" tenureFreeBytes="520688" />
</concurrent-kickoff>
<exclusive-start id="451" timestamp="2019-07-02T22:35:51.542" intervalms="1867.144">
  <response-info timems="0.068" idlems="0.068" threads="0" lastid="0000000001A94C00" lastname="node-23" />
</exclusive-start>
<cycle-start id="452" type="global" contextid="0" timestamp="2019-07-02T22:35:51.542" intervalms="1873.033" />
  <attribute name="GC Util" value="168" />
  <attribute name="CPU Util" value="24397324739765" />
  <attribute name="Time Running"value="55489"/>
  <attribute name="Number of cores"value="4"/>
<exclusive-end id="453" timestamp="2019-07-02T22:35:51.542" durationms="0.202" />

<exclusive-start id="454" timestamp="2019-07-02T22:35:51.714" intervalms="172.127">
  <response-info timems="0.068" idlems="0.068" threads="0" lastid="0000000001AAB300" lastname="node-13" />
</exclusive-start>
<af-start id="455" threadId="0000000001AABC88" totalBytesRequested="32" timestamp="2019-07-02T22:35:51.714" intervalms="2039.278" />
<gc-start id="456" type="global" contextid="452" timestamp="2019-07-02T22:35:51.714">
  <mem-info id="457" free="119808" total="12058624" percent="0">
    <mem type="tenure" free="119808" total="12058624" percent="0">
      <mem type="soa" free="0" total="11938816" percent="0" />
      <mem type="loa" free="119808" total="119808" percent="100" />
    </mem>
  </mem-info>
</gc-start>
<allocation-stats totalBytes="3548480" >
  <allocated-bytes non-tlh="1000" tlh="3547480" />
  <largest-consumer threadName="node-23" threadId="0000000001A94C00" bytes="211032" />
</allocation-stats>
<concurrent-halted id="458" timestamp="2019-07-02T22:35:51.714">
  <halted state="Complete" status="clean trace" />
  <traced bytesTarget="4009241" bytesTotal="3169260" bytesByMutator="493936" bytesByHelper="2675324" percent="79" />
  <cards cleaned="212" thresholdBytes="213250" />
</concurrent-halted>
<gc-op id="459" type="card-cleaning" timems="0.837" contextid="452" timestamp="2019-07-02T22:35:51.715">
  <card-cleaning cardsCleaned="157" bytesTraced="177344" workStackOverflowCount="0" />
</gc-op>
<gc-op id="460" type="mark" timems="2.182" contextid="452" timestamp="2019-07-02T22:35:51.718">
  <trace-info objectcount="40032" scancount="42957" scanbytes="2044576" />
  <finalization candidates="18" enqueued="0" />
  <references type="soft" candidates="45" cleared="0" enqueued="0" dynamicThreshold="9" maxThreshold="32" />
  <references type="weak" candidates="165" cleared="0" enqueued="0" />
  <references type="phantom" candidates="57" cleared="0" enqueued="0" />
  <stringconstants candidates="3822" cleared="0"  />
</gc-op>
<gc-op id="461" type="sweep" timems="0.855" contextid="452" timestamp="2019-07-02T22:35:51.719" />
<gc-end id="462" type="global" contextid="452" durationms="4.753" usertimems="8.000" systemtimems="0.000" timestamp="2019-07-02T22:35:51.719" activeThreads="4">
  <mem-info id="463" free="3684744" total="12058624" percent="30">
    <mem type="tenure" free="3684744" total="12058624" percent="30" micro-fragmented="1293568">
      <mem type="soa" free="3564936" total="11938816" percent="29" />
      <mem type="loa" free="119808" total="119808" percent="100" />
    </mem>
  </mem-info>
</gc-end>
<cycle-end id="464" type="global" contextid="452" timestamp="2019-07-02T22:35:51.719">
  <attribute name="GC Util" value="163" />
  <attribute name="CPU Util" value="31258674402974" />
  <attribute name="Time Running"value="57528"/>
  <attribute name="Number of cores"value="4"/>
</cycle-end>
<allocation-satisfied id="465" threadId="0000000001AAB300" bytesRequested="32" />
<af-end id="466" timestamp="2019-07-02T22:35:51.719" threadId="0000000001AABC88" success="true" />
<exclusive-end id="467" timestamp="2019-07-02T22:35:51.719" durationms="5.601" />

<concurrent-kickoff id="468" timestamp="2019-07-02T22:35:53.355">
  <kickoff reason="threshold reached" targetBytes="3346604" thresholdFreeBytes="463032" remainingFree="407424" tenureFreeBytes="407424" />
</concurrent-kickoff>
<exclusive-start id="469" timestamp="2019-07-02T22:35:53.355" intervalms="1641.807">
  <response-info timems="0.066" idlems="0.066" threads="0" lastid="0000000001AAEF00" lastname="node-2" />
</exclusive-start>
<cycle-start id="470" type="global" contextid="0" timestamp="2019-07-02T22:35:53.356" intervalms="1813.927" />
  <attribute name="GC Util" value="163" />
  <attribute name="CPU Util" value="31258674402974" />
  <attribute name="Time Running"value="57528"/>
  <attribute name="Number of cores"value="4"/>
<exclusive-end id="471" timestamp="2019-07-02T22:35:53.356" durationms="0.262" />

<exclusive-start id="472" timestamp="2019-07-02T22:35:53.364" intervalms="8.486">
  <response-info timems="0.046" idlems="0.046" threads="0" lastid="0000000001AAB300" lastname="node-13" />
</exclusive-start>
<af-start id="473" threadId="0000000001AABC88" totalBytesRequested="16" timestamp="2019-07-02T22:35:53.364" intervalms="1650.269" />
<gc-start id="474" type="global" contextid="470" timestamp="2019-07-02T22:35:53.364">
  <mem-info id="475" free="119808" total="12058624" percent="0">
    <mem type="tenure" free="119808" total="12058624" percent="0">
      <mem type="soa" free="0" total="11938816" percent="0" />
      <mem type="loa" free="119808" total="119808" percent="100" />
    </mem>
  </mem-info>
</gc-start>
<allocation-stats totalBytes="3557688" >
  <allocated-bytes non-tlh="0" tlh="3557688" />
  <largest-consumer threadName="node-5" threadId="0000000001A7A800" bytes="209448" />
</allocation-stats>
<concurrent-halted id="476" timestamp="2019-07-02T22:35:53.364">
  <halted state="Tracing incomplete" status="clean trace" />
  <traced bytesTarget="3346604" bytesTotal="2576924" bytesByMutator="42224" bytesByHelper="2534700" percent="77" />
  <cards cleaned="0" thresholdBytes="182406" />
</concurrent-halted>
<gc-op id="477" type="tracing" timems="0.596" contextid="470" timestamp="2019-07-02T22:35:53.365">
  <trace bytesTraced="267176" workStackOverflowCount="0" />
</gc-op>
<gc-op id="478" type="card-cleaning" timems="1.854" contextid="470" timestamp="2019-07-02T22:35:53.367">
  <card-cleaning cardsCleaned="179" bytesTraced="1282540" workStackOverflowCount="0" />
</gc-op>
<gc-op id="479" type="mark" timems="1.495" contextid="470" timestamp="2019-07-02T22:35:53.368">
  <trace-info objectcount="22418" scancount="24177" scanbytes="1229656" />
  <finalization candidates="18" enqueued="0" />
  <references type="soft" candidates="45" cleared="0" enqueued="0" dynamicThreshold="9" maxThreshold="32" />
  <references type="weak" candidates="165" cleared="0" enqueued="0" />
  <references type="phantom" candidates="57" cleared="0" enqueued="0" />
  <stringconstants candidates="3822" cleared="0"  />
</gc-op>
<gc-op id="480" type="sweep" timems="0.402" contextid="470" timestamp="2019-07-02T22:35:53.369" />
<gc-end id="481" type="global" contextid="470" durationms="4.922" usertimems="8.000" systemtimems="0.000" timestamp="2019-07-02T22:35:53.369" activeThreads="4">
  <mem-info id="482" free="3692520" total="12058624" percent="30">
    <mem type="tenure" free="3692520" total="12058624" percent="30" micro-fragmented="1289216">
      <mem type="soa" free="3572712" total="11938816" percent="29" />
      <mem type="loa" free="119808" total="119808" percent="100" />
    </mem>
  </mem-info>
</gc-end>
<cycle-end id="483" type="global" contextid="470" timestamp="2019-07-02T22:35:53.369">
  <attribute name="GC Util" value="22" />
  <attribute name="CPU Util" value="68881253306396" />
  <attribute name="Time Running"value="59179"/>
  <attribute name="Number of cores"value="4"/>
</cycle-end>
<allocation-satisfied id="484" threadId="0000000001AAB300" bytesRequested="16" />
<af-end id="485" timestamp="2019-07-02T22:35:53.369" threadId="0000000001AABC88" success="true" />
<exclusive-end id="486" timestamp="2019-07-02T22:35:53.369" durationms="5.490" />

<concurrent-kickoff id="487" timestamp="2019-07-02T22:35:55.434">
  <kickoff reason="threshold reached" targetBytes="4126640" thresholdFreeBytes="570788" remainingFree="523304" tenureFreeBytes="523304" />
</concurrent-kickoff>
<exclusive-start id="488" timestamp="2019-07-02T22:35:55.434" intervalms="2070.094">
  <response-info timems="0.037" idlems="0.037" threads="0" lastid="0000000001A6F500" lastname="node-14" />
</exclusive-start>
<cycle-start id="489" type="global" contextid="0" timestamp="2019-07-02T22:35:55.434" intervalms="2078.551" />
  <attribute name="GC Util" value="22" />
  <attribute name="CPU Util" value="68881253306396" />
  <attribute name="Time Running"value="59179"/>
  <attribute name="Number of cores"value="4"/>
<exclusive-end id="490" timestamp="2019-07-02T22:35:55.434" durationms="0.243" />

<exclusive-start id="491" timestamp="2019-07-02T22:35:55.444" intervalms="9.449">
  <response-info timems="0.088" idlems="0.046" threads="1" lastid="0000000001AB2B00" lastname="node-3" />
</exclusive-start>
<af-start id="492" threadId="0000000001A73A88" totalBytesRequested="16" timestamp="2019-07-02T22:35:55.444" intervalms="2079.646" />
<gc-start id="493" type="global" contextid="489" timestamp="2019-07-02T22:35:55.444">
  <mem-info id="494" free="119808" total="12058624" percent="0">
    <mem type="tenure" free="119808" total="12058624" percent="0">
      <mem type="soa" free="0" total="11938816" percent="0" />
      <mem type="loa" free="119808" total="119808" percent="100" />
    </mem>
  </mem-info>
</gc-start>
<allocation-stats totalBytes="3555264" >
  <allocated-bytes non-tlh="0" tlh="3555264" />
  <largest-consumer threadName="node-3" threadId="0000000001AB2B00" bytes="219056" />
</allocation-stats>
<concurrent-halted id="495" timestamp="2019-07-02T22:35:55.444">
  <halted state="Tracing incomplete" status="clean trace" />
  <traced bytesTarget="4126640" bytesTotal="2788188" bytesByMutator="28908" bytesByHelper="2759280" percent="67" />
  <cards cleaned="10" thresholdBytes="224855" />
</concurrent-halted>
<gc-op id="496" type="tracing" timems="0.823" contextid="489" timestamp="2019-07-02T22:35:55.445">
  <trace bytesTraced="326324" workStackOverflowCount="0" />
</gc-op>
<gc-op id="497" type="card-cleaning" timems="1.862" contextid="489" timestamp="2019-07-02T22:35:55.447">
  <card-cleaning cardsCleaned="192" bytesTraced="959800" workStackOverflowCount="0" />
</gc-op>
<gc-op id="498" type="mark" timems="2.553" contextid="489" timestamp="2019-07-02T22:35:55.450">
  <trace-info objectcount="24979" scancount="26869" scanbytes="1301560" />
  <finalization candidates="18" enqueued="0" />
  <references type="soft" candidates="45" cleared="0" enqueued="0" dynamicThreshold="9" maxThreshold="32" />
  <references type="weak" candidates="165" cleared="0" enqueued="0" />
  <references type="phantom" candidates="57" cleared="0" enqueued="0" />
  <stringconstants candidates="3822" cleared="0"  />
</gc-op>
<gc-op id="499" type="sweep" timems="1.253" contextid="489" timestamp="2019-07-02T22:35:55.451" />
<gc-end id="500" type="global" contextid="489" durationms="7.431" usertimems="16.000" systemtimems="0.000" timestamp="2019-07-02T22:35:55.451" activeThreads="4">
  <mem-info id="501" free="3694424" total="12058624" percent="30">
    <mem type="tenure" free="3694424" total="12058624" percent="30" micro-fragmented="1308302">
      <mem type="soa" free="3574616" total="11938816" percent="29" />
      <mem type="loa" free="119808" total="119808" percent="100" />
    </mem>
  </mem-info>
</gc-end>
<cycle-end id="502" type="global" contextid="489" timestamp="2019-07-02T22:35:55.451">
  <attribute name="GC Util" value="160" />
  <attribute name="CPU Util" value="22785544671067" />
  <attribute name="Time Running"value="61261"/>
  <attribute name="Number of cores"value="4"/>
</cycle-end>
<allocation-satisfied id="503" threadId="0000000001A73100" bytesRequested="16" />
<af-end id="504" timestamp="2019-07-02T22:35:55.452" threadId="0000000001A73A88" success="true" />
<exclusive-end id="505" timestamp="2019-07-02T22:35:55.452" durationms="8.315" />

<concurrent-kickoff id="506" timestamp="2019-07-02T22:35:57.347">
  <kickoff reason="threshold reached" targetBytes="4074312" thresholdFreeBytes="563567" remainingFree="520960" tenureFreeBytes="520960" />
</concurrent-kickoff>
<exclusive-start id="507" timestamp="2019-07-02T22:35:57.347" intervalms="1903.251">
  <response-info timems="0.032" idlems="0.032" threads="0" lastid="0000000001AB2B00" lastname="node-3" />
</exclusive-start>
<cycle-start id="508" type="global" contextid="0" timestamp="2019-07-02T22:35:57.347" intervalms="1912.713" />
  <attribute name="GC Util" value="160" />
  <attribute name="CPU Util" value="22785544671067" />
  <attribute name="Time Running"value="61261"/>
  <attribute name="Number of cores"value="4"/>
<exclusive-end id="509" timestamp="2019-07-02T22:35:57.347" durationms="0.160" />

<exclusive-start id="510" timestamp="2019-07-02T22:35:57.358" intervalms="10.801">
  <response-info timems="0.034" idlems="0.018" threads="1" lastid="0000000001A89800" lastname="node-21" />
</exclusive-start>
<af-start id="511" threadId="0000000001A6FE88" totalBytesRequested="24" timestamp="2019-07-02T22:35:57.358" intervalms="1914.004" />
<gc-start id="512" type="global" contextid="508" timestamp="2019-07-02T22:35:57.358">
  <mem-info id="513" free="119808" total="12058624" percent="0">
    <mem type="tenure" free="119808" total="12058624" percent="0">
      <mem type="soa" free="0" total="11938816" percent="0" />
      <mem type="loa" free="119808" total="119808" percent="100" />
    </mem>
  </mem-info>
</gc-start>
<allocation-stats totalBytes="3567824" >
  <allocated-bytes non-tlh="0" tlh="3567824" />
  <largest-consumer threadName="node-8" threadId="0000000001AA7700" bytes="226032" />
</allocation-stats>
<concurrent-halted id="514" timestamp="2019-07-02T22:35:57.358">
  <halted state="Tracing incomplete" status="clean trace" />
  <traced bytesTarget="4074312" bytesTotal="2811588" bytesByMutator="16284" bytesByHelper="2795304" percent="69" />
  <cards cleaned="0" thresholdBytes="222011" />
</concurrent-halted>
<gc-op id="515" type="tracing" timems="1.098" contextid="508" timestamp="2019-07-02T22:35:57.359">
  <trace bytesTraced="2499392" workStackOverflowCount="0" />
</gc-op>
<gc-op id="516" type="card-cleaning" timems="0.159" contextid="508" timestamp="2019-07-02T22:35:57.359">
  <card-cleaning cardsCleaned="257" bytesTraced="52924" workStackOverflowCount="0" />
</gc-op>
<gc-op id="517" type="mark" timems="0.527" contextid="508" timestamp="2019-07-02T22:35:57.360">
  <trace-info objectcount="385" scancount="332" scanbytes="8428" />
  <finalization candidates="18" enqueued="0" />
  <references type="soft" candidates="45" cleared="0" enqueued="0" dynamicThreshold="9" maxThreshold="32" />
  <references type="weak" candidates="165" cleared="0" enqueued="0" />
  <references type="phantom" candidates="57" cleared="0" enqueued="0" />
  <stringconstants candidates="3822" cleared="0"  />
</gc-op>
<gc-op id="518" type="sweep" timems="0.363" contextid="508" timestamp="2019-07-02T22:35:57.360" />
<gc-end id="519" type="global" contextid="508" durationms="2.686" usertimems="4.000" systemtimems="4.000" timestamp="2019-07-02T22:35:57.360" activeThreads="4">
  <mem-info id="520" free="3678928" total="12058624" percent="30">
    <mem type="tenure" free="3678928" total="12058624" percent="30" micro-fragmented="1285885">
      <mem type="soa" free="3559120" total="11938816" percent="29" />
      <mem type="loa" free="119808" total="119808" percent="100" />
    </mem>
  </mem-info>
</gc-end>
<cycle-end id="521" type="global" contextid="508" timestamp="2019-07-02T22:35:57.361">
  <attribute name="GC Util" value="20" />
  <attribute name="CPU Util" value="68480046477213" />
  <attribute name="Time Running"value="63170"/>
  <attribute name="Number of cores"value="4"/>
</cycle-end>
<allocation-satisfied id="522" threadId="0000000001A6F500" bytesRequested="24" />
<af-end id="523" timestamp="2019-07-02T22:35:57.361" threadId="0000000001A6FE88" success="true" />
<exclusive-end id="524" timestamp="2019-07-02T22:35:57.361" durationms="3.145" />

<concurrent-kickoff id="525" timestamp="2019-07-02T22:35:59.251">
  <kickoff reason="threshold reached" targetBytes="5363904" thresholdFreeBytes="740584" remainingFree="720904" tenureFreeBytes="720904" />
</concurrent-kickoff>
<exclusive-start id="526" timestamp="2019-07-02T22:35:59.251" intervalms="1893.363">
  <response-info timems="0.027" idlems="0.027" threads="0" lastid="0000000001AAEF00" lastname="node-2" />
</exclusive-start>
<cycle-start id="527" type="global" contextid="0" timestamp="2019-07-02T22:35:59.251" intervalms="1904.132" />
  <attribute name="GC Util" value="20" />
  <attribute name="CPU Util" value="68480046477213" />
  <attribute name="Time Running"value="63170"/>
  <attribute name="Number of cores"value="4"/>
<exclusive-end id="528" timestamp="2019-07-02T22:35:59.251" durationms="0.118" />

<exclusive-start id="529" timestamp="2019-07-02T22:35:59.438" intervalms="187.512">
  <response-info timems="0.050" idlems="0.050" threads="0" lastid="0000000001A76C00" lastname="node-19" />
</exclusive-start>
<af-start id="530" threadId="0000000001A77588" totalBytesRequested="32" timestamp="2019-07-02T22:35:59.439" intervalms="2080.826" />
<gc-start id="531" type="global" contextid="527" timestamp="2019-07-02T22:35:59.439">
  <mem-info id="532" free="119808" total="12058624" percent="0">
    <mem type="tenure" free="119808" total="12058624" percent="0">
      <mem type="soa" free="0" total="11938816" percent="0" />
      <mem type="loa" free="119808" total="119808" percent="100" />
    </mem>
  </mem-info>
</gc-start>
<allocation-stats totalBytes="3548576" >
  <allocated-bytes non-tlh="11264" tlh="3537312" />
  <largest-consumer threadName="node-23" threadId="0000000001A94C00" bytes="227448" />
</allocation-stats>
<concurrent-halted id="533" timestamp="2019-07-02T22:35:59.439">
  <halted state="Complete" status="trace only" />
  <traced bytesTarget="5363904" bytesTotal="2753504" bytesByMutator="225952" bytesByHelper="2527552" percent="51" />
  <cards cleaned="0" thresholdBytes="291744" />
</concurrent-halted>
<gc-op id="534" type="card-cleaning" timems="1.320" contextid="527" timestamp="2019-07-02T22:35:59.440">
  <card-cleaning cardsCleaned="309" bytesTraced="1332556" workStackOverflowCount="0" />
</gc-op>
<gc-op id="535" type="mark" timems="2.000" contextid="527" timestamp="2019-07-02T22:35:59.442">
  <trace-info objectcount="23723" scancount="25490" scanbytes="1269008" />
  <finalization candidates="18" enqueued="0" />
  <references type="soft" candidates="45" cleared="0" enqueued="0" dynamicThreshold="9" maxThreshold="32" />
  <references type="weak" candidates="165" cleared="0" enqueued="0" />
  <references type="phantom" candidates="57" cleared="0" enqueued="0" />
  <stringconstants candidates="3822" cleared="0"  />
</gc-op>
<gc-op id="536" type="sweep" timems="1.073" contextid="527" timestamp="2019-07-02T22:35:59.443" />
<gc-end id="537" type="global" contextid="527" durationms="4.749" usertimems="12.000" systemtimems="0.000" timestamp="2019-07-02T22:35:59.443" activeThreads="4">
  <mem-info id="538" free="3665920" total="12058624" percent="30">
    <mem type="tenure" free="3665920" total="12058624" percent="30" micro-fragmented="1303962">
      <mem type="soa" free="3546112" total="11938816" percent="29" />
      <mem type="loa" free="119808" total="119808" percent="100" />
    </mem>
  </mem-info>
</gc-end>
<cycle-end id="539" type="global" contextid="527" timestamp="2019-07-02T22:35:59.443">
  <attribute name="GC Util" value="173" />
  <attribute name="CPU Util" value="25233804819459" />
  <attribute name="Time Running"value="65253"/>
  <attribute name="Number of cores"value="4"/>
</cycle-end>
<allocation-satisfied id="540" threadId="0000000001A76C00" bytesRequested="32" />
<af-end id="541" timestamp="2019-07-02T22:35:59.444" threadId="0000000001A77588" success="true" />
<exclusive-end id="542" timestamp="2019-07-02T22:35:59.444" durationms="5.191" />

<concurrent-kickoff id="543" timestamp="2019-07-02T22:36:01.184">
  <kickoff reason="threshold reached" targetBytes="4284938" thresholdFreeBytes="575690" remainingFree="517560" tenureFreeBytes="517560" />
</concurrent-kickoff>
<exclusive-start id="544" timestamp="2019-07-02T22:36:01.184" intervalms="1745.361">
  <response-info timems="0.103" idlems="0.103" threads="0" lastid="0000000001A98800" lastname="node-12" />
</exclusive-start>
<cycle-start id="545" type="global" contextid="0" timestamp="2019-07-02T22:36:01.184" intervalms="1932.960" />
  <attribute name="GC Util" value="173" />
  <attribute name="CPU Util" value="25233804819459" />
  <attribute name="Time Running"value="65253"/>
  <attribute name="Number of cores"value="4"/>
<exclusive-end id="546" timestamp="2019-07-02T22:36:01.184" durationms="0.315" />

<exclusive-start id="547" timestamp="2019-07-02T22:36:01.363" intervalms="178.940">
  <response-info timems="0.045" idlems="0.025" threads="1" lastid="0000000001A60500" lastname="node-24" />
</exclusive-start>
<af-start id="548" threadId="0000000001A8DD88" totalBytesRequested="32" timestamp="2019-07-02T22:36:01.363" intervalms="1924.298" />
<gc-start id="549" type="global" contextid="545" timestamp="2019-07-02T22:36:01.363">
  <mem-info id="550" free="119808" total="12058624" percent="0">
    <mem type="tenure" free="119808" total="12058624" percent="0">
      <mem type="soa" free="0" total="11938816" percent="0" />
      <mem type="loa" free="119808" total="119808" percent="100" />
    </mem>
  </mem-info>
</gc-start>
<allocation-stats totalBytes="3536144" >
  <allocated-bytes non-tlh="0" tlh="3536144" />
  <largest-consumer threadName="node-21" threadId="0000000001A89800" bytes="232024" />
</allocation-stats>
<concurrent-halted id="551" timestamp="2019-07-02T22:36:01.363">
  <halted state="Complete" status="exhausted" />
  <traced bytesTarget="4284938" bytesTotal="3237660" bytesByMutator="269120" bytesByHelper="2968540" percent="75" />
  <cards cleaned="185" thresholdBytes="226786" />
</concurrent-halted>
<gc-op id="552" type="card-cleaning" timems="0.746" contextid="545" timestamp="2019-07-02T22:36:01.364">
  <card-cleaning cardsCleaned="43" bytesTraced="125216" workStackOverflowCount="0" />
</gc-op>
<gc-op id="553" type="mark" timems="2.211" contextid="545" timestamp="2019-07-02T22:36:01.366">
  <trace-info objectcount="39904" scancount="42845" scanbytes="2041680" />
  <finalization candidates="18" enqueued="0" />
  <references type="soft" candidates="45" cleared="0" enqueued="0" dynamicThreshold="9" maxThreshold="32" />
  <references type="weak" candidates="165" cleared="0" enqueued="0" />
  <references type="phantom" candidates="57" cleared="0" enqueued="0" />
  <stringconstants candidates="3822" cleared="0"  />
</gc-op>
<gc-op id="554" type="sweep" timems="1.025" contextid="545" timestamp="2019-07-02T22:36:01.367" />
<gc-end id="555" type="global" contextid="545" durationms="4.389" usertimems="8.000" systemtimems="0.000" timestamp="2019-07-02T22:36:01.367" activeThreads="4">
  <mem-info id="556" free="3697424" total="12058624" percent="30">
    <mem type="tenure" free="3697424" total="12058624" percent="30" micro-fragmented="1284863">
      <mem type="soa" free="3577616" total="11938816" percent="29" />
      <mem type="loa" free="119808" total="119808" percent="100" />
    </mem>
  </mem-info>
</gc-end>
<cycle-end id="557" type="global" contextid="545" timestamp="2019-07-02T22:36:01.367">
  <attribute name="GC Util" value="150" />
  <attribute name="CPU Util" value="23524479389244" />
  <attribute name="Time Running"value="67177"/>
  <attribute name="Number of cores"value="4"/>
</cycle-end>
<allocation-satisfied id="558" threadId="0000000001A8D400" bytesRequested="32" />
<af-end id="559" timestamp="2019-07-02T22:36:01.368" threadId="0000000001A8DD88" success="true" />
<exclusive-end id="560" timestamp="2019-07-02T22:36:01.368" durationms="5.054" />

<concurrent-kickoff id="561" timestamp="2019-07-02T22:36:03.158">
  <kickoff reason="threshold reached" targetBytes="4001388" thresholdFreeBytes="541841" remainingFree="520752" tenureFreeBytes="520752" />
</concurrent-kickoff>
<exclusive-start id="562" timestamp="2019-07-02T22:36:03.158" intervalms="1794.961">
  <response-info timems="0.036" idlems="0.036" threads="0" lastid="0000000001A91000" lastname="node-16" />
</exclusive-start>
<cycle-start id="563" type="global" contextid="0" timestamp="2019-07-02T22:36:03.158" intervalms="1973.815" />
  <attribute name="GC Util" value="150" />
  <attribute name="CPU Util" value="23524479389244" />
  <attribute name="Time Running"value="67177"/>
  <attribute name="Number of cores"value="4"/>
<exclusive-end id="564" timestamp="2019-07-02T22:36:03.158" durationms="0.149" />

<exclusive-start id="565" timestamp="2019-07-02T22:36:03.166" intervalms="8.247">
  <response-info timems="0.092" idlems="0.092" threads="0" lastid="0000000001A82000" lastname="node-9" />
</exclusive-start>
<af-start id="566" threadId="0000000001A82988" totalBytesRequested="16" timestamp="2019-07-02T22:36:03.166" intervalms="1803.280" />
<gc-start id="567" type="global" contextid="563" timestamp="2019-07-02T22:36:03.166">
  <mem-info id="568" free="119808" total="12058624" percent="0">
    <mem type="tenure" free="119808" total="12058624" percent="0">
      <mem type="soa" free="0" total="11938816" percent="0" />
      <mem type="loa" free="119808" total="119808" percent="100" />
    </mem>
  </mem-info>
</gc-start>
<allocation-stats totalBytes="3567976" >
  <allocated-bytes non-tlh="0" tlh="3567976" />
  <largest-consumer threadName="node-23" threadId="0000000001A94C00" bytes="249952" />
</allocation-stats>
<concurrent-halted id="569" timestamp="2019-07-02T22:36:03.166">
  <halted state="Tracing incomplete" status="clean trace" />
  <traced bytesTarget="4001388" bytesTotal="3129144" bytesByMutator="512192" bytesByHelper="2616952" percent="78" />
  <cards cleaned="154" thresholdBytes="213452" />
</concurrent-halted>
<gc-op id="570" type="tracing" timems="0.252" contextid="563" timestamp="2019-07-02T22:36:03.167">
  <trace bytesTraced="118848" workStackOverflowCount="0" />
</gc-op>
<gc-op id="571" type="card-cleaning" timems="0.206" contextid="563" timestamp="2019-07-02T22:36:03.167">
  <card-cleaning cardsCleaned="14" bytesTraced="118832" workStackOverflowCount="0" />
</gc-op>
<gc-op id="572" type="mark" timems="1.407" contextid="563" timestamp="2019-07-02T22:36:03.168">
  <trace-info objectcount="39014" scancount="41675" scanbytes="1993916" />
  <finalization candidates="18" enqueued="0" />
  <references type="soft" candidates="45" cleared="0" enqueued="0" dynamicThreshold="9" maxThreshold="32" />
  <references type="weak" candidates="165" cleared="0" enqueued="0" />
  <references type="phantom" candidates="57" cleared="0" enqueued="0" />
  <stringconstants candidates="3822" cleared="0"  />
</gc-op>
<gc-op id="573" type="sweep" timems="0.447" contextid="563" timestamp="2019-07-02T22:36:03.169" />
<gc-end id="574" type="global" contextid="563" durationms="2.889" usertimems="8.000" systemtimems="0.000" timestamp="2019-07-02T22:36:03.169" activeThreads="4">
  <mem-info id="575" free="3694552" total="12058624" percent="30">
    <mem type="tenure" free="3694552" total="12058624" percent="30" micro-fragmented="1285630">
      <mem type="soa" free="3574744" total="11938816" percent="29" />
      <mem type="loa" free="119808" total="119808" percent="100" />
    </mem>
  </mem-info>
</gc-end>
<cycle-end id="576" type="global" contextid="563" timestamp="2019-07-02T22:36:03.169">
  <attribute name="GC Util" value="19" />
  <attribute name="CPU Util" value="61205154871712" />
  <attribute name="Time Running"value="68979"/>
  <attribute name="Number of cores"value="4"/>
</cycle-end>
<allocation-satisfied id="577" threadId="0000000001A82000" bytesRequested="16" />
<af-end id="578" timestamp="2019-07-02T22:36:03.169" threadId="0000000001A82988" success="true" />
<exclusive-end id="579" timestamp="2019-07-02T22:36:03.170" durationms="3.588" />

<concurrent-kickoff id="580" timestamp="2019-07-02T22:36:04.986">
  <kickoff reason="threshold reached" targetBytes="3366824" thresholdFreeBytes="466321" remainingFree="421432" tenureFreeBytes="421432" />
</concurrent-kickoff>
<exclusive-start id="581" timestamp="2019-07-02T22:36:04.986" intervalms="1820.509">
  <response-info timems="0.046" idlems="0.046" threads="0" lastid="0000000001A64100" lastname="node-7" />
</exclusive-start>
<cycle-start id="582" type="global" contextid="0" timestamp="2019-07-02T22:36:04.987" intervalms="1828.746" />
  <attribute name="GC Util" value="19" />
  <attribute name="CPU Util" value="61205154871712" />
  <attribute name="Time Running"value="68979"/>
  <attribute name="Number of cores"value="4"/>
<exclusive-end id="583" timestamp="2019-07-02T22:36:04.987" durationms="0.098" />

<exclusive-start id="584" timestamp="2019-07-02T22:36:04.995" intervalms="8.722">
  <response-info timems="0.030" idlems="0.030" threads="0" lastid="0000000001A89800" lastname="node-21" />
</exclusive-start>
<concurrent-collection-start id="585" timestamp="2019-07-02T22:36:04.995" intervalms="20980.551" >
  <concurrent-trace-info reason="card cleaning threshold reached" tracedByMutators="496504" tracedByHelpers="2686188" cardsCleaned="160" workStackOverflowCount="0" />
</concurrent-collection-start>
<gc-start id="586" type="global" contextid="582" timestamp="2019-07-02T22:36:04.995">
  <mem-info id="587" free="135008" total="12058624" percent="1">
    <mem type="tenure" free="135008" total="12058624" percent="1">
      <mem type="soa" free="15200" total="11938816" percent="0" />
      <mem type="loa" free="119808" total="119808" percent="100" />
    </mem>
  </mem-info>
</gc-start>
<allocation-stats totalBytes="3553992" >
  <allocated-bytes non-tlh="0" tlh="3553992" />
  <largest-consumer threadName="node-9" threadId="0000000001A82000" bytes="256920" />
</allocation-stats>
<gc-op id="588" type="card-cleaning" timems="0.549" contextid="582" timestamp="2019-07-02T22:36:04.996">
  <card-cleaning cardsCleaned="149" bytesTraced="142100" workStackOverflowCount="0" />
</gc-op>
<gc-op id="589" type="mark" timems="1.972" contextid="582" timestamp="2019-07-02T22:36:04.998">
  <trace-info objectcount="39917" scancount="42842" scanbytes="2041784" />
  <finalization candidates="18" enqueued="0" />
  <references type="soft" candidates="45" cleared="0" enqueued="0" dynamicThreshold="9" maxThreshold="32" />
  <references type="weak" candidates="165" cleared="0" enqueued="0" />
  <references type="phantom" candidates="57" cleared="0" enqueued="0" />
  <stringconstants candidates="3822" cleared="0"  />
</gc-op>
<gc-op id="590" type="sweep" timems="0.812" contextid="582" timestamp="2019-07-02T22:36:04.999" />
<gc-end id="591" type="global" contextid="582" durationms="4.019" usertimems="8.000" systemtimems="0.000" timestamp="2019-07-02T22:36:04.999" activeThreads="4">
  <mem-info id="592" free="3701280" total="12058624" percent="30">
    <mem type="tenure" free="3701280" total="12058624" percent="30" micro-fragmented="1288327">
      <mem type="soa" free="3581472" total="11938816" percent="29" />
      <mem type="loa" free="119808" total="119808" percent="100" />
    </mem>
  </mem-info>
</gc-end>
<cycle-end id="593" type="global" contextid="582" timestamp="2019-07-02T22:36:05.000">
  <attribute name="GC Util" value="169" />
  <attribute name="CPU Util" value="32665119069338" />
  <attribute name="Time Running"value="70809"/>
  <attribute name="Number of cores"value="4"/>
</cycle-end>
<concurrent-collection-end id="594" timestamp="2019-07-02T22:36:05.000" />
<exclusive-end id="595" timestamp="2019-07-02T22:36:05.000" durationms="4.589" />

<concurrent-kickoff id="596" timestamp="2019-07-02T22:36:06.999">
  <kickoff reason="threshold reached" targetBytes="3329932" thresholdFreeBytes="461326" remainingFree="421664" tenureFreeBytes="421664" />
</concurrent-kickoff>
<exclusive-start id="597" timestamp="2019-07-02T22:36:06.999" intervalms="2003.472">
  <response-info timems="0.032" idlems="0.029" threads="1" lastid="0000000001A73100" lastname="node-25" />
</exclusive-start>
<cycle-start id="598" type="global" contextid="0" timestamp="2019-07-02T22:36:06.999" intervalms="2012.197" />
  <attribute name="GC Util" value="169" />
  <attribute name="CPU Util" value="32665119069338" />
  <attribute name="Time Running"value="70809"/>
  <attribute name="Number of cores"value="4"/>
<exclusive-end id="599" timestamp="2019-07-02T22:36:06.999" durationms="0.108" />

<exclusive-start id="600" timestamp="2019-07-02T22:36:07.075" intervalms="76.642">
  <response-info timems="0.026" idlems="0.026" threads="0" lastid="0000000001A64100" lastname="node-7" />
</exclusive-start>
<af-start id="601" threadId="0000000001A64A88" totalBytesRequested="16" timestamp="2019-07-02T22:36:07.075" intervalms="3909.253" />
<concurrent-aborted id="602" timestamp="2019-07-02T22:36:07.075">
  <reason value="insufficient progress made" />
</concurrent-aborted>
<cycle-end id="603" type="global" contextid="598" timestamp="2019-07-02T22:36:07.075">
  <attribute name="GC Util" value="169" />
  <attribute name="CPU Util" value="32665119069338" />
  <attribute name="Time Running"value="70809"/>
  <attribute name="Number of cores"value="4"/>
</cycle-end>
<cycle-start id="604" type="global" contextid="0" timestamp="2019-07-02T22:36:07.075" intervalms="76.783" />
  <attribute name="GC Util" value="169" />
  <attribute name="CPU Util" value="32665119069338" />
  <attribute name="Time Running"value="70809"/>
  <attribute name="Number of cores"value="4"/>
<gc-start id="605" type="global" contextid="604" timestamp="2019-07-02T22:36:07.076">
  <mem-info id="606" free="119808" total="12058624" percent="0">
    <mem type="tenure" free="119808" total="12058624" percent="0">
      <mem type="soa" free="0" total="11938816" percent="0" />
      <mem type="loa" free="119808" total="119808" percent="100" />
    </mem>
  </mem-info>
</gc-start>
<allocation-stats totalBytes="3574080" >
  <allocated-bytes non-tlh="0" tlh="3574080" />
  <largest-consumer threadName="node-13" threadId="0000000001AAB300" bytes="239704" />
</allocation-stats>
<gc-op id="607" type="mark" timems="3.220" contextid="604" timestamp="2019-07-02T22:36:07.079">
  <trace-info objectcount="144575" scancount="135071" scanbytes="5296420" />
  <finalization candidates="18" enqueued="0" />
  <references type="soft" candidates="45" cleared="0" enqueued="0" dynamicThreshold="9" maxThreshold="32" />
  <references type="weak" candidates="165" cleared="0" enqueued="0" />
  <references type="phantom" candidates="57" cleared="0" enqueued="0" />
  <stringconstants candidates="3822" cleared="0"  />
</gc-op>
<gc-op id="608" type="sweep" timems="0.263" contextid="604" timestamp="2019-07-02T22:36:07.079" />
<gc-end id="609" type="global" contextid="604" durationms="3.711" usertimems="8.000" systemtimems="0.000" timestamp="2019-07-02T22:36:07.079" activeThreads="4">
  <mem-info id="610" free="3710352" total="12058624" percent="30">
    <mem type="tenure" free="3710352" total="12058624" percent="30" micro-fragmented="1286147">
      <mem type="soa" free="3590544" total="11938816" percent="30" />
      <mem type="loa" free="119808" total="119808" percent="100" />
    </mem>
  </mem-info>
</gc-end>
<cycle-end id="611" type="global" contextid="604" timestamp="2019-07-02T22:36:07.079">
  <attribute name="GC Util" value="241" />
  <attribute name="CPU Util" value="5633202500756" />
  <attribute name="Time Running"value="72889"/>
  <attribute name="Number of cores"value="4"/>
</cycle-end>
<allocation-satisfied id="612" threadId="0000000001A64100" bytesRequested="16" />
<af-end id="613" timestamp="2019-07-02T22:36:07.080" threadId="0000000001A64A88" success="true" />
<exclusive-end id="614" timestamp="2019-07-02T22:36:07.080" durationms="4.442" />

<concurrent-kickoff id="615" timestamp="2019-07-02T22:36:08.731">
  <kickoff reason="threshold reached" targetBytes="3732320" thresholdFreeBytes="508814" remainingFree="418528" tenureFreeBytes="418528" />
</concurrent-kickoff>
<exclusive-start id="616" timestamp="2019-07-02T22:36:08.731" intervalms="1655.383">
  <response-info timems="0.032" idlems="0.032" threads="0" lastid="0000000001A94C00" lastname="node-23" />
</exclusive-start>
<cycle-start id="617" type="global" contextid="0" timestamp="2019-07-02T22:36:08.731" intervalms="1655.243" />
  <attribute name="GC Util" value="241" />
  <attribute name="CPU Util" value="5633202500756" />
  <attribute name="Time Running"value="72889"/>
  <attribute name="Number of cores"value="4"/>
<exclusive-end id="618" timestamp="2019-07-02T22:36:08.731" durationms="0.105" />

<exclusive-start id="619" timestamp="2019-07-02T22:36:08.737" intervalms="6.751">
  <response-info timems="0.080" idlems="0.080" threads="0" lastid="0000000001A8D400" lastname="node-11" />
</exclusive-start>
<af-start id="620" threadId="0000000001A8DD88" totalBytesRequested="16" timestamp="2019-07-02T22:36:08.738" intervalms="1662.265" />
<gc-start id="621" type="global" contextid="617" timestamp="2019-07-02T22:36:08.738">
  <mem-info id="622" free="119808" total="12058624" percent="0">
    <mem type="tenure" free="119808" total="12058624" percent="0">
      <mem type="soa" free="0" total="11938816" percent="0" />
      <mem type="loa" free="119808" total="119808" percent="100" />
    </mem>
  </mem-info>
</gc-start>
<allocation-stats totalBytes="3585184" >
  <allocated-bytes non-tlh="0" tlh="3585184" />
  <largest-consumer threadName="node-8" threadId="0000000001AA7700" bytes="257544" />
</allocation-stats>
<concurrent-halted id="623" timestamp="2019-07-02T22:36:08.738">
  <halted state="Complete" status="exhausted" />
  <traced bytesTarget="3732320" bytesTotal="3173596" bytesByMutator="571564" bytesByHelper="2602032" percent="85" />
  <cards cleaned="178" thresholdBytes="200441" />
</concurrent-halted>
<gc-op id="624" type="card-cleaning" timems="0.408" contextid="617" timestamp="2019-07-02T22:36:08.739">
  <card-cleaning cardsCleaned="26" bytesTraced="150940" workStackOverflowCount="0" />
</gc-op>
<gc-op id="625" type="mark" timems="1.304" contextid="617" timestamp="2019-07-02T22:36:08.741">
  <trace-info objectcount="40003" scancount="42903" scanbytes="2043320" />
  <finalization candidates="18" enqueued="0" />
  <references type="soft" candidates="45" cleared="0" enqueued="0" dynamicThreshold="9" maxThreshold="32" />
  <references type="weak" candidates="165" cleared="0" enqueued="0" />
  <references type="phantom" candidates="57" cleared="0" enqueued="0" />
  <stringconstants candidates="3822" cleared="0"  />
</gc-op>
<gc-op id="626" type="sweep" timems="0.357" contextid="617" timestamp="2019-07-02T22:36:08.741" />
<gc-end id="627" type="global" contextid="617" durationms="3.052" usertimems="0.000" systemtimems="4.000" timestamp="2019-07-02T22:36:08.741" activeThreads="4">
  <mem-info id="628" free="3690048" total="12058624" percent="30">
    <mem type="tenure" free="3690048" total="12058624" percent="30" micro-fragmented="1284607">
      <mem type="soa" free="3570240" total="11938816" percent="29" />
      <mem type="loa" free="119808" total="119808" percent="100" />
    </mem>
  </mem-info>
</gc-end>
<cycle-end id="629" type="global" contextid="617" timestamp="2019-07-02T22:36:08.741">
  <attribute name="GC Util" value="21" />
  <attribute name="CPU Util" value="70656605872393" />
  <attribute name="Time Running"value="74551"/>
  <attribute name="Number of cores"value="4"/>
</cycle-end>
<allocation-satisfied id="630" threadId="0000000001A8D400" bytesRequested="16" />
<af-end id="631" timestamp="2019-07-02T22:36:08.741" threadId="0000000001A8DD88" success="true" />
<exclusive-end id="632" timestamp="2019-07-02T22:36:08.742" durationms="4.135" />

<concurrent-kickoff id="633" timestamp="2019-07-02T22:36:10.546">
  <kickoff reason="threshold reached" targetBytes="3585603" thresholdFreeBytes="490014" remainingFree="415720" tenureFreeBytes="415720" />
</concurrent-kickoff>
<exclusive-start id="634" timestamp="2019-07-02T22:36:10.546" intervalms="1808.950">
  <response-info timems="0.109" idlems="0.109" threads="0" lastid="0000000001AB2B00" lastname="node-3" />
</exclusive-start>
<cycle-start id="635" type="global" contextid="0" timestamp="2019-07-02T22:36:10.546" intervalms="1815.745" />
  <attribute name="GC Util" value="21" />
  <attribute name="CPU Util" value="70656605872393" />
  <attribute name="Time Running"value="74551"/>
  <attribute name="Number of cores"value="4"/>
<exclusive-end id="636" timestamp="2019-07-02T22:36:10.547" durationms="0.196" />

<exclusive-start id="637" timestamp="2019-07-02T22:36:10.561" intervalms="14.841">
  <response-info timems="0.108" idlems="0.047" threads="2" lastid="0000000001A76C00" lastname="node-19" />
</exclusive-start>
<af-start id="638" threadId="0000000001AA0888" totalBytesRequested="720" timestamp="2019-07-02T22:36:10.561" intervalms="1823.712" />
<gc-start id="639" type="global" contextid="635" timestamp="2019-07-02T22:36:10.561">
  <mem-info id="640" free="119808" total="12058624" percent="0">
    <mem type="tenure" free="119808" total="12058624" percent="0">
      <mem type="soa" free="0" total="11938816" percent="0" />
      <mem type="loa" free="119808" total="119808" percent="100" />
    </mem>
  </mem-info>
</gc-start>
<allocation-stats totalBytes="3559400" >
  <allocated-bytes non-tlh="0" tlh="3559400" />
  <largest-consumer threadName="node-24" threadId="0000000001A60500" bytes="217360" />
</allocation-stats>
<concurrent-halted id="641" timestamp="2019-07-02T22:36:10.562">
  <halted state="Tracing incomplete" status="clean trace" />
  <traced bytesTarget="3585603" bytesTotal="2796048" bytesByMutator="1038924" bytesByHelper="1757124" percent="77" />
  <cards cleaned="10" thresholdBytes="193035" />
</concurrent-halted>
<gc-op id="642" type="tracing" timems="0.655" contextid="635" timestamp="2019-07-02T22:36:10.562">
  <trace bytesTraced="360760" workStackOverflowCount="0" />
</gc-op>
<gc-op id="643" type="card-cleaning" timems="0.383" contextid="635" timestamp="2019-07-02T22:36:10.563">
  <card-cleaning cardsCleaned="172" bytesTraced="757972" workStackOverflowCount="0" />
</gc-op>
<gc-op id="644" type="mark" timems="1.071" contextid="635" timestamp="2019-07-02T22:36:10.564">
  <trace-info objectcount="27094" scancount="28664" scanbytes="1426256" />
  <finalization candidates="18" enqueued="0" />
  <references type="soft" candidates="45" cleared="0" enqueued="0" dynamicThreshold="9" maxThreshold="32" />
  <references type="weak" candidates="165" cleared="0" enqueued="0" />
  <references type="phantom" candidates="57" cleared="0" enqueued="0" />
  <stringconstants candidates="3822" cleared="0"  />
</gc-op>
<gc-op id="645" type="sweep" timems="0.392" contextid="635" timestamp="2019-07-02T22:36:10.565" />
<gc-end id="646" type="global" contextid="635" durationms="3.311" usertimems="4.000" systemtimems="4.000" timestamp="2019-07-02T22:36:10.565" activeThreads="4">
  <mem-info id="647" free="3697568" total="12058624" percent="30">
    <mem type="tenure" free="3697568" total="12058624" percent="30" micro-fragmented="1288070">
      <mem type="soa" free="3577760" total="11938816" percent="29" />
      <mem type="loa" free="119808" total="119808" percent="100" />
    </mem>
  </mem-info>
</gc-end>
<cycle-end id="648" type="global" contextid="635" timestamp="2019-07-02T22:36:10.565">
  <attribute name="GC Util" value="19" />
  <attribute name="CPU Util" value="70002633756009" />
  <attribute name="Time Running"value="76374"/>
  <attribute name="Number of cores"value="4"/>
</cycle-end>
<allocation-satisfied id="649" threadId="0000000001A9FF00" bytesRequested="720" />
<af-end id="650" timestamp="2019-07-02T22:36:10.565" threadId="0000000001AA0888" success="true" />
<exclusive-end id="651" timestamp="2019-07-02T22:36:10.565" durationms="4.055" />

<concurrent-kickoff id="652" timestamp="2019-07-02T22:36:12.373">
  <kickoff reason="threshold reached" targetBytes="3914780" thresholdFreeBytes="540450" remainingFree="534272" tenureFreeBytes="532248" />
</concurrent-kickoff>
<exclusive-start id="653" timestamp="2019-07-02T22:36:12.373" intervalms="1812.171">
  <response-info timems="0.069" idlems="0.046" threads="2" lastid="0000000001A98800" lastname="node-12" />
</exclusive-start>
<cycle-start id="654" type="global" contextid="0" timestamp="2019-07-02T22:36:12.373" intervalms="1826.976" />
  <attribute name="GC Util" value="19" />
  <attribute name="CPU Util" value="70002633756009" />
  <attribute name="Time Running"value="76374"/>
  <attribute name="Number of cores"value="4"/>
<exclusive-end id="655" timestamp="2019-07-02T22:36:12.374" durationms="0.123" />

<exclusive-start id="656" timestamp="2019-07-02T22:36:12.531" intervalms="158.065">
  <response-info timems="0.031" idlems="0.031" threads="0" lastid="0000000001AA3B00" lastname="node-1" />
</exclusive-start>
<af-start id="657" threadId="0000000001AA4488" totalBytesRequested="24" timestamp="2019-07-02T22:36:12.532" intervalms="1970.196" />
<gc-start id="658" type="global" contextid="654" timestamp="2019-07-02T22:36:12.532">
  <mem-info id="659" free="119808" total="12058624" percent="0">
    <mem type="tenure" free="119808" total="12058624" percent="0">
      <mem type="soa" free="0" total="11938816" percent="0" />
      <mem type="loa" free="119808" total="119808" percent="100" />
    </mem>
  </mem-info>
</gc-start>
<allocation-stats totalBytes="3569112" >
  <allocated-bytes non-tlh="0" tlh="3569112" />
  <largest-consumer threadName="node-20" threadId="0000000001A5C900" bytes="229184" />
</allocation-stats>
<concurrent-halted id="660" timestamp="2019-07-02T22:36:12.532">
  <halted state="Tracing incomplete" status="trace only" />
  <traced bytesTarget="3914780" bytesTotal="3147188" bytesByMutator="1048112" bytesByHelper="2099076" percent="80" />
  <cards cleaned="0" thresholdBytes="212904" />
</concurrent-halted>
<gc-op id="661" type="tracing" timems="0.403" contextid="654" timestamp="2019-07-02T22:36:12.532">
  <trace bytesTraced="185008" workStackOverflowCount="0" />
</gc-op>
<gc-op id="662" type="card-cleaning" timems="0.287" contextid="654" timestamp="2019-07-02T22:36:12.533">
  <card-cleaning cardsCleaned="191" bytesTraced="58328" workStackOverflowCount="0" />
</gc-op>
<gc-op id="663" type="mark" timems="2.083" contextid="654" timestamp="2019-07-02T22:36:12.535">
  <trace-info objectcount="39181" scancount="41900" scanbytes="1974152" />
  <finalization candidates="18" enqueued="0" />
  <references type="soft" candidates="45" cleared="0" enqueued="0" dynamicThreshold="9" maxThreshold="32" />
  <references type="weak" candidates="165" cleared="0" enqueued="0" />
  <references type="phantom" candidates="57" cleared="0" enqueued="0" />
  <stringconstants candidates="3822" cleared="0"  />
</gc-op>
<gc-op id="664" type="sweep" timems="1.006" contextid="654" timestamp="2019-07-02T22:36:12.536" />
<gc-end id="665" type="global" contextid="654" durationms="4.514" usertimems="12.000" systemtimems="0.000" timestamp="2019-07-02T22:36:12.536" activeThreads="4">
  <mem-info id="666" free="3687592" total="12058624" percent="30">
    <mem type="tenure" free="3687592" total="12058624" percent="30" micro-fragmented="1286780">
      <mem type="soa" free="3567784" total="11938816" percent="29" />
      <mem type="loa" free="119808" total="119808" percent="100" />
    </mem>
  </mem-info>
</gc-end>
<cycle-end id="667" type="global" contextid="654" timestamp="2019-07-02T22:36:12.536">
  <attribute name="GC Util" value="170" />
  <attribute name="CPU Util" value="24005413601270" />
  <attribute name="Time Running"value="78346"/>
  <attribute name="Number of cores"value="4"/>
</cycle-end>
<allocation-satisfied id="668" threadId="0000000001AA3B00" bytesRequested="24" />
<af-end id="669" timestamp="2019-07-02T22:36:12.537" threadId="0000000001AA4488" success="true" />
<exclusive-end id="670" timestamp="2019-07-02T22:36:12.537" durationms="5.176" />

<concurrent-kickoff id="671" timestamp="2019-07-02T22:36:14.400">
  <kickoff reason="threshold reached" targetBytes="3811077" thresholdFreeBytes="516041" remainingFree="511840" tenureFreeBytes="511840" />
</concurrent-kickoff>
<exclusive-start id="672" timestamp="2019-07-02T22:36:14.400" intervalms="1868.892">
  <response-info timems="0.048" idlems="0.048" threads="0" lastid="0000000001A7E400" lastname="node-15" />
</exclusive-start>
<cycle-start id="673" type="global" contextid="0" timestamp="2019-07-02T22:36:14.400" intervalms="2026.956" />
  <attribute name="GC Util" value="170" />
  <attribute name="CPU Util" value="24005413601270" />
  <attribute name="Time Running"value="78346"/>
  <attribute name="Number of cores"value="4"/>
<exclusive-end id="674" timestamp="2019-07-02T22:36:14.400" durationms="0.119" />

<exclusive-start id="675" timestamp="2019-07-02T22:36:14.411" intervalms="10.319">
  <response-info timems="0.033" idlems="0.033" threads="0" lastid="0000000001AB2B00" lastname="node-3" />
</exclusive-start>
<af-start id="676" threadId="0000000001AB3488" totalBytesRequested="32" timestamp="2019-07-02T22:36:14.411" intervalms="1879.253" />
<gc-start id="677" type="global" contextid="673" timestamp="2019-07-02T22:36:14.411">
  <mem-info id="678" free="119808" total="12058624" percent="0">
    <mem type="tenure" free="119808" total="12058624" percent="0">
      <mem type="soa" free="0" total="11938816" percent="0" />
      <mem type="loa" free="119808" total="119808" percent="100" />
    </mem>
  </mem-info>
</gc-start>
<allocation-stats totalBytes="3559056" >
  <allocated-bytes non-tlh="0" tlh="3559056" />
  <largest-consumer threadName="node-14" threadId="0000000001A6F500" bytes="231264" />
</allocation-stats>
<concurrent-halted id="679" timestamp="2019-07-02T22:36:14.411">
  <halted state="Complete" status="trace only" />
  <traced bytesTarget="3811077" bytesTotal="2775400" bytesByMutator="16552" bytesByHelper="2758848" percent="72" />
  <cards cleaned="0" thresholdBytes="203288" />
</concurrent-halted>
<gc-op id="680" type="card-cleaning" timems="1.429" contextid="673" timestamp="2019-07-02T22:36:14.413">
  <card-cleaning cardsCleaned="201" bytesTraced="1298328" workStackOverflowCount="0" />
</gc-op>
<gc-op id="681" type="mark" timems="1.687" contextid="673" timestamp="2019-07-02T22:36:14.414">
  <trace-info objectcount="23805" scancount="25799" scanbytes="1278296" />
  <finalization candidates="18" enqueued="0" />
  <references type="soft" candidates="45" cleared="0" enqueued="0" dynamicThreshold="9" maxThreshold="32" />
  <references type="weak" candidates="165" cleared="0" enqueued="0" />
  <references type="phantom" candidates="57" cleared="0" enqueued="0" />
  <stringconstants candidates="3822" cleared="0"  />
</gc-op>
<gc-op id="682" type="sweep" timems="0.751" contextid="673" timestamp="2019-07-02T22:36:14.415" />
<gc-end id="683" type="global" contextid="673" durationms="4.520" usertimems="12.000" systemtimems="0.000" timestamp="2019-07-02T22:36:14.415" activeThreads="4">
  <mem-info id="684" free="3704600" total="12058624" percent="30">
    <mem type="tenure" free="3704600" total="12058624" percent="30" micro-fragmented="1300097">
      <mem type="soa" free="3584792" total="11938816" percent="30" />
      <mem type="loa" free="119808" total="119808" percent="100" />
    </mem>
  </mem-info>
</gc-end>
<cycle-end id="685" type="global" contextid="673" timestamp="2019-07-02T22:36:14.416">
  <attribute name="GC Util" value="245" />
  <attribute name="CPU Util" value="10252098318159" />
  <attribute name="Time Running"value="80225"/>
  <attribute name="Number of cores"value="4"/>
</cycle-end>
<allocation-satisfied id="686" threadId="0000000001AB2B00" bytesRequested="32" />
<af-end id="687" timestamp="2019-07-02T22:36:14.416" threadId="0000000001AB3488" success="true" />
<exclusive-end id="688" timestamp="2019-07-02T22:36:14.416" durationms="5.217" />

<concurrent-kickoff id="689" timestamp="2019-07-02T22:36:16.264">
  <kickoff reason="threshold reached" targetBytes="4141236" thresholdFreeBytes="557311" remainingFree="531248" tenureFreeBytes="531248" />
</concurrent-kickoff>
<exclusive-start id="690" timestamp="2019-07-02T22:36:16.265" intervalms="1854.021">
  <response-info timems="0.038" idlems="0.015" threads="2" lastid="0000000001A8D400" lastname="node-11" />
</exclusive-start>
<cycle-start id="691" type="global" contextid="0" timestamp="2019-07-02T22:36:16.265" intervalms="1864.356" />
  <attribute name="GC Util" value="245" />
  <attribute name="CPU Util" value="10252098318159" />
  <attribute name="Time Running"value="80225"/>
  <attribute name="Number of cores"value="4"/>
<exclusive-end id="692" timestamp="2019-07-02T22:36:16.265" durationms="0.169" />

<exclusive-start id="693" timestamp="2019-07-02T22:36:16.287" intervalms="22.070">
  <response-info timems="0.055" idlems="0.055" threads="0" lastid="0000000001A8D400" lastname="node-11" />
</exclusive-start>
<af-start id="694" threadId="0000000001A8DD88" totalBytesRequested="32" timestamp="2019-07-02T22:36:16.287" intervalms="1876.081" />
<gc-start id="695" type="global" contextid="691" timestamp="2019-07-02T22:36:16.287">
  <mem-info id="696" free="119808" total="12058624" percent="0">
    <mem type="tenure" free="119808" total="12058624" percent="0">
      <mem type="soa" free="0" total="11938816" percent="0" />
      <mem type="loa" free="119808" total="119808" percent="100" />
    </mem>
  </mem-info>
</gc-start>
<allocation-stats totalBytes="3575960" >
  <allocated-bytes non-tlh="0" tlh="3575960" />
  <largest-consumer threadName="node-4" threadId="0000000001A6B900" bytes="216040" />
</allocation-stats>
<concurrent-halted id="697" timestamp="2019-07-02T22:36:16.287">
  <halted state="Complete" status="clean trace" />
  <traced bytesTarget="4141236" bytesTotal="3216632" bytesByMutator="175012" bytesByHelper="3041620" percent="77" />
  <cards cleaned="215" thresholdBytes="219546" />
</concurrent-halted>
<gc-op id="698" type="card-cleaning" timems="0.201" contextid="691" timestamp="2019-07-02T22:36:16.287">
  <card-cleaning cardsCleaned="151" bytesTraced="143260" workStackOverflowCount="0" />
</gc-op>
<gc-op id="699" type="mark" timems="1.292" contextid="691" timestamp="2019-07-02T22:36:16.289">
  <trace-info objectcount="40014" scancount="42944" scanbytes="2044300" />
  <finalization candidates="18" enqueued="0" />
  <references type="soft" candidates="45" cleared="0" enqueued="0" dynamicThreshold="9" maxThreshold="32" />
  <references type="weak" candidates="165" cleared="0" enqueued="0" />
  <references type="phantom" candidates="57" cleared="0" enqueued="0" />
  <stringconstants candidates="3822" cleared="0"  />
</gc-op>
<gc-op id="700" type="sweep" timems="0.436" contextid="691" timestamp="2019-07-02T22:36:16.289" />
<gc-end id="701" type="global" contextid="691" durationms="2.360" usertimems="8.000" systemtimems="0.000" timestamp="2019-07-02T22:36:16.289" activeThreads="4">
  <mem-info id="702" free="3691608" total="12058624" percent="30">
    <mem type="tenure" free="3691608" total="12058624" percent="30" micro-fragmented="1287164">
      <mem type="soa" free="3571800" total="11938816" percent="29" />
      <mem type="loa" free="119808" total="119808" percent="100" />
    </mem>
  </mem-info>
</gc-end>
<cycle-end id="703" type="global" contextid="691" timestamp="2019-07-02T22:36:16.290">
  <attribute name="GC Util" value="17" />
  <attribute name="CPU Util" value="68545697887356" />
  <attribute name="Time Running"value="82099"/>
  <attribute name="Number of cores"value="4"/>
</cycle-end>
<allocation-satisfied id="704" threadId="0000000001A8D400" bytesRequested="32" />
<af-end id="705" timestamp="2019-07-02T22:36:16.290" threadId="0000000001A8DD88" success="true" />
<exclusive-end id="706" timestamp="2019-07-02T22:36:16.290" durationms="3.002" />

<concurrent-kickoff id="707" timestamp="2019-07-02T22:36:17.920">
  <kickoff reason="threshold reached" targetBytes="3359892" thresholdFreeBytes="464077" remainingFree="420896" tenureFreeBytes="420896" />
</concurrent-kickoff>
<exclusive-start id="708" timestamp="2019-07-02T22:36:17.920" intervalms="1633.669">
  <response-info timems="0.056" idlems="0.056" threads="0" lastid="0000000001A89800" lastname="node-21" />
</exclusive-start>
<cycle-start id="709" type="global" contextid="0" timestamp="2019-07-02T22:36:17.920" intervalms="1655.722" />
  <attribute name="GC Util" value="17" />
  <attribute name="CPU Util" value="68545697887356" />
  <attribute name="Time Running"value="82099"/>
  <attribute name="Number of cores"value="4"/>
<exclusive-end id="710" timestamp="2019-07-02T22:36:17.921" durationms="0.119" />

<exclusive-start id="711" timestamp="2019-07-02T22:36:17.931" intervalms="10.287">
  <response-info timems="0.223" idlems="0.205" threads="1" lastid="0000000001A64100" lastname="node-7" />
</exclusive-start>
<af-start id="712" threadId="0000000001A7B188" totalBytesRequested="368" timestamp="2019-07-02T22:36:17.931" intervalms="1644.006" />
<gc-start id="713" type="global" contextid="709" timestamp="2019-07-02T22:36:17.931">
  <mem-info id="714" free="119808" total="12058624" percent="0">
    <mem type="tenure" free="119808" total="12058624" percent="0">
      <mem type="soa" free="0" total="11938816" percent="0" />
      <mem type="loa" free="119808" total="119808" percent="100" />
    </mem>
  </mem-info>
</gc-start>
<allocation-stats totalBytes="3564208" >
  <allocated-bytes non-tlh="0" tlh="3564208" />
  <largest-consumer threadName="node-8" threadId="0000000001AA7700" bytes="268848" />
</allocation-stats>
<concurrent-halted id="715" timestamp="2019-07-02T22:36:17.931">
  <halted state="Class scanning incomplete" status="clean trace" />
  <traced bytesTarget="3359892" bytesTotal="3151880" bytesByMutator="589096" bytesByHelper="2562784" percent="93" />
  <cards cleaned="153" thresholdBytes="182817" />
</concurrent-halted>
<gc-op id="716" type="card-cleaning" timems="0.525" contextid="709" timestamp="2019-07-02T22:36:17.932">
  <card-cleaning cardsCleaned="147" bytesTraced="166628" workStackOverflowCount="0" />
</gc-op>
<gc-op id="717" type="mark" timems="2.127" contextid="709" timestamp="2019-07-02T22:36:17.934">
  <trace-info objectcount="39934" scancount="42860" scanbytes="2042192" />
  <finalization candidates="18" enqueued="0" />
  <references type="soft" candidates="45" cleared="0" enqueued="0" dynamicThreshold="9" maxThreshold="32" />
  <references type="weak" candidates="165" cleared="0" enqueued="0" />
  <references type="phantom" candidates="57" cleared="0" enqueued="0" />
  <stringconstants candidates="3822" cleared="0"  />
</gc-op>
<gc-op id="718" type="sweep" timems="0.774" contextid="709" timestamp="2019-07-02T22:36:17.935" />
<gc-end id="719" type="global" contextid="709" durationms="3.915" usertimems="8.000" systemtimems="0.000" timestamp="2019-07-02T22:36:17.935" activeThreads="4">
  <mem-info id="720" free="3707504" total="12058624" percent="30">
    <mem type="tenure" free="3707504" total="12058624" percent="30" micro-fragmented="1379342">
      <mem type="soa" free="3587696" total="11938816" percent="30" />
      <mem type="loa" free="119808" total="119808" percent="100" />
    </mem>
  </mem-info>
</gc-end>
<cycle-end id="721" type="global" contextid="709" timestamp="2019-07-02T22:36:17.935">
  <attribute name="GC Util" value="249" />
  <attribute name="CPU Util" value="8369301533515" />
  <attribute name="Time Running"value="83744"/>
  <attribute name="Number of cores"value="4"/>
</cycle-end>
<allocation-satisfied id="722" threadId="0000000001A7A800" bytesRequested="368" />
<af-end id="723" timestamp="2019-07-02T22:36:17.935" threadId="0000000001A7B188" success="true" />
<exclusive-end id="724" timestamp="2019-07-02T22:36:17.935" durationms="4.491" />

<concurrent-kickoff id="725" timestamp="2019-07-02T22:36:19.967">
  <kickoff reason="threshold reached" targetBytes="3318508" thresholdFreeBytes="458598" remainingFree="404848" tenureFreeBytes="404848" />
</concurrent-kickoff>
<exclusive-start id="726" timestamp="2019-07-02T22:36:19.967" intervalms="2036.151">
  <response-info timems="0.039" idlems="0.021" threads="1" lastid="0000000001AA7700" lastname="node-8" />
</exclusive-start>
<cycle-start id="727" type="global" contextid="0" timestamp="2019-07-02T22:36:19.967" intervalms="2046.453" />
  <attribute name="GC Util" value="249" />
  <attribute name="CPU Util" value="8369301533515" />
  <attribute name="Time Running"value="83744"/>
  <attribute name="Number of cores"value="4"/>
<exclusive-end id="728" timestamp="2019-07-02T22:36:19.967" durationms="0.146" />

<exclusive-start id="729" timestamp="2019-07-02T22:36:19.984" intervalms="16.771">
  <response-info timems="0.067" idlems="0.067" threads="0" lastid="0000000001A94C00" lastname="node-23" />
</exclusive-start>
<af-start id="730" threadId="0000000001A95588" totalBytesRequested="32" timestamp="2019-07-02T22:36:19.984" intervalms="2052.846" />
<gc-start id="731" type="global" contextid="727" timestamp="2019-07-02T22:36:19.984">
  <mem-info id="732" free="119808" total="12058624" percent="0">
    <mem type="tenure" free="119808" total="12058624" percent="0">
      <mem type="soa" free="0" total="11938816" percent="0" />
      <mem type="loa" free="119808" total="119808" percent="100" />
    </mem>
  </mem-info>
</gc-start>
<allocation-stats totalBytes="3572632" >
  <allocated-bytes non-tlh="0" tlh="3572632" />
  <largest-consumer threadName="node-7" threadId="0000000001A64100" bytes="236272" />
</allocation-stats>
<concurrent-halted id="733" timestamp="2019-07-02T22:36:19.984">
  <halted state="Complete" status="trace only" />
  <traced bytesTarget="3318508" bytesTotal="2764600" bytesByMutator="12288" bytesByHelper="2752312" percent="83" />
  <cards cleaned="0" thresholdBytes="180659" />
</concurrent-halted>
<gc-op id="734" type="card-cleaning" timems="1.006" contextid="727" timestamp="2019-07-02T22:36:19.985">
  <card-cleaning cardsCleaned="179" bytesTraced="1318736" workStackOverflowCount="0" />
</gc-op>
<gc-op id="735" type="mark" timems="1.863" contextid="727" timestamp="2019-07-02T22:36:19.987">
  <trace-info objectcount="23627" scancount="25394" scanbytes="1266820" />
  <finalization candidates="18" enqueued="0" />
  <references type="soft" candidates="45" cleared="0" enqueued="0" dynamicThreshold="9" maxThreshold="32" />
  <references type="weak" candidates="165" cleared="0" enqueued="0" />
  <references type="phantom" candidates="57" cleared="0" enqueued="0" />
  <stringconstants candidates="3822" cleared="0"  />
</gc-op>
<gc-op id="736" type="sweep" timems="0.769" contextid="727" timestamp="2019-07-02T22:36:19.988" />
<gc-end id="737" type="global" contextid="727" durationms="4.000" usertimems="8.000" systemtimems="0.000" timestamp="2019-07-02T22:36:19.988" activeThreads="4">
  <mem-info id="738" free="3706048" total="12058624" percent="30">
    <mem type="tenure" free="3706048" total="12058624" percent="30" micro-fragmented="1288327">
      <mem type="soa" free="3586240" total="11938816" percent="30" />
      <mem type="loa" free="119808" total="119808" percent="100" />
    </mem>
  </mem-info>
</gc-end>
<cycle-end id="739" type="global" contextid="727" timestamp="2019-07-02T22:36:19.988">
  <attribute name="GC Util" value="254" />
  <attribute name="CPU Util" value="9570354798476" />
  <attribute name="Time Running"value="85797"/>
  <attribute name="Number of cores"value="4"/>
</cycle-end>
<allocation-satisfied id="740" threadId="0000000001A94C00" bytesRequested="32" />
<af-end id="741" timestamp="2019-07-02T22:36:19.988" threadId="0000000001A95588" success="true" />
<exclusive-end id="742" timestamp="2019-07-02T22:36:19.988" durationms="4.585" />

<concurrent-kickoff id="743" timestamp="2019-07-02T22:36:21.800">
  <kickoff reason="threshold reached" targetBytes="4338648" thresholdFreeBytes="581582" remainingFree="567424" tenureFreeBytes="567424" />
</concurrent-kickoff>
<exclusive-start id="744" timestamp="2019-07-02T22:36:21.801" intervalms="1816.866">
  <response-info timems="0.030" idlems="0.030" threads="0" lastid="0000000001AAEF00" lastname="node-2" />
</exclusive-start>
<cycle-start id="745" type="global" contextid="0" timestamp="2019-07-02T22:36:21.801" intervalms="1833.621" />
  <attribute name="GC Util" value="254" />
  <attribute name="CPU Util" value="9570354798476" />
  <attribute name="Time Running"value="85797"/>
  <attribute name="Number of cores"value="4"/>
<exclusive-end id="746" timestamp="2019-07-02T22:36:21.801" durationms="0.153" />

<exclusive-start id="747" timestamp="2019-07-02T22:36:21.811" intervalms="10.348">
  <response-info timems="0.084" idlems="0.084" threads="0" lastid="0000000001A5C900" lastname="node-20" />
</exclusive-start>
<af-start id="748" threadId="0000000001A5D288" totalBytesRequested="720" timestamp="2019-07-02T22:36:21.811" intervalms="1827.283" />
<gc-start id="749" type="global" contextid="745" timestamp="2019-07-02T22:36:21.811">
  <mem-info id="750" free="119808" total="12058624" percent="0">
    <mem type="tenure" free="119808" total="12058624" percent="0">
      <mem type="soa" free="0" total="11938816" percent="0" />
      <mem type="loa" free="119808" total="119808" percent="100" />
    </mem>
  </mem-info>
</gc-start>
<allocation-stats totalBytes="3577984" >
  <allocated-bytes non-tlh="0" tlh="3577984" />
  <largest-consumer threadName="node-21" threadId="0000000001A89800" bytes="224248" />
</allocation-stats>
<concurrent-halted id="751" timestamp="2019-07-02T22:36:21.812">
  <halted state="Class scanning incomplete" status="trace only" />
  <traced bytesTarget="4338648" bytesTotal="2796092" bytesByMutator="110044" bytesByHelper="2686048" percent="64" />
  <cards cleaned="0" thresholdBytes="229108" />
</concurrent-halted>
<gc-op id="752" type="card-cleaning" timems="1.007" contextid="745" timestamp="2019-07-02T22:36:21.813">
  <card-cleaning cardsCleaned="166" bytesTraced="1234268" workStackOverflowCount="0" />
</gc-op>
<gc-op id="753" type="mark" timems="1.758" contextid="745" timestamp="2019-07-02T22:36:21.814">
  <trace-info objectcount="23719" scancount="25638" scanbytes="1317576" />
  <finalization candidates="18" enqueued="0" />
  <references type="soft" candidates="45" cleared="0" enqueued="0" dynamicThreshold="9" maxThreshold="32" />
  <references type="weak" candidates="165" cleared="0" enqueued="0" />
  <references type="phantom" candidates="57" cleared="0" enqueued="0" />
  <stringconstants candidates="3822" cleared="0"  />
</gc-op>
<gc-op id="754" type="sweep" timems="1.054" contextid="745" timestamp="2019-07-02T22:36:21.816" />
<gc-end id="755" type="global" contextid="745" durationms="4.206" usertimems="12.000" systemtimems="0.000" timestamp="2019-07-02T22:36:21.816" activeThreads="4">
  <mem-info id="756" free="3690016" total="12058624" percent="30">
    <mem type="tenure" free="3690016" total="12058624" percent="30" micro-fragmented="1287814">
      <mem type="soa" free="3570208" total="11938816" percent="29" />
      <mem type="loa" free="119808" total="119808" percent="100" />
    </mem>
  </mem-info>
</gc-end>
<cycle-end id="757" type="global" contextid="745" timestamp="2019-07-02T22:36:21.816">
  <attribute name="GC Util" value="162" />
  <attribute name="CPU Util" value="22953532392854" />
  <attribute name="Time Running"value="87625"/>
  <attribute name="Number of cores"value="4"/>
</cycle-end>
<allocation-satisfied id="758" threadId="0000000001A5C900" bytesRequested="720" />
<af-end id="759" timestamp="2019-07-02T22:36:21.816" threadId="0000000001A5D288" success="true" />
<exclusive-end id="760" timestamp="2019-07-02T22:36:21.816" durationms="5.141" />

<concurrent-kickoff id="761" timestamp="2019-07-02T22:36:23.727">
  <kickoff reason="threshold reached" targetBytes="4537713" thresholdFreeBytes="606629" remainingFree="561648" tenureFreeBytes="561648" />
</concurrent-kickoff>
<exclusive-start id="762" timestamp="2019-07-02T22:36:23.727" intervalms="1916.418">
  <response-info timems="0.042" idlems="0.042" threads="0" lastid="0000000001A76C00" lastname="node-19" />
</exclusive-start>
<cycle-start id="763" type="global" contextid="0" timestamp="2019-07-02T22:36:23.727" intervalms="1926.901" />
  <attribute name="GC Util" value="162" />
  <attribute name="CPU Util" value="22953532392854" />
  <attribute name="Time Running"value="87625"/>
  <attribute name="Number of cores"value="4"/>
<exclusive-end id="764" timestamp="2019-07-02T22:36:23.728" durationms="0.285" />

<exclusive-start id="765" timestamp="2019-07-02T22:36:23.746" intervalms="18.929">
  <response-info timems="0.031" idlems="0.031" threads="0" lastid="0000000001A6B900" lastname="node-4" />
</exclusive-start>
<concurrent-collection-start id="766" timestamp="2019-07-02T22:36:23.746" intervalms="18750.990" >
  <concurrent-trace-info reason="card cleaning threshold reached" tracedByMutators="1844660" tracedByHelpers="1308660" cardsCleaned="19" workStackOverflowCount="0" />
</concurrent-collection-start>
<gc-start id="767" type="global" contextid="763" timestamp="2019-07-02T22:36:23.746">
  <mem-info id="768" free="119808" total="12058624" percent="0">
    <mem type="tenure" free="119808" total="12058624" percent="0">
      <mem type="soa" free="0" total="11938816" percent="0" />
      <mem type="loa" free="119808" total="119808" percent="100" />
    </mem>
  </mem-info>
</gc-start>
<allocation-stats totalBytes="3563256" >
  <allocated-bytes non-tlh="0" tlh="3563256" />
  <largest-consumer threadName="node-9" threadId="0000000001A82000" bytes="230384" />
</allocation-stats>
<gc-op id="769" type="card-cleaning" timems="0.220" contextid="763" timestamp="2019-07-02T22:36:23.747">
  <card-cleaning cardsCleaned="14" bytesTraced="27220" workStackOverflowCount="0" />
</gc-op>
<gc-op id="770" type="mark" timems="1.385" contextid="763" timestamp="2019-07-02T22:36:23.748">
  <trace-info objectcount="40965" scancount="43790" scanbytes="2160872" />
  <finalization candidates="18" enqueued="0" />
  <references type="soft" candidates="45" cleared="0" enqueued="0" dynamicThreshold="9" maxThreshold="32" />
  <references type="weak" candidates="165" cleared="0" enqueued="0" />
  <references type="phantom" candidates="57" cleared="0" enqueued="0" />
  <stringconstants candidates="3822" cleared="0"  />
</gc-op>
<gc-op id="771" type="sweep" timems="0.386" contextid="763" timestamp="2019-07-02T22:36:23.749" />
<gc-end id="772" type="global" contextid="763" durationms="2.331" usertimems="8.000" systemtimems="0.000" timestamp="2019-07-02T22:36:23.749" activeThreads="4">
  <mem-info id="773" free="3698656" total="12058624" percent="30">
    <mem type="tenure" free="3698656" total="12058624" percent="30" micro-fragmented="1314095">
      <mem type="soa" free="3578848" total="11938816" percent="29" />
      <mem type="loa" free="119808" total="119808" percent="100" />
    </mem>
  </mem-info>
</gc-end>
<cycle-end id="774" type="global" contextid="763" timestamp="2019-07-02T22:36:23.749">
  <attribute name="GC Util" value="21" />
  <attribute name="CPU Util" value="70018842106056" />
  <attribute name="Time Running"value="89558"/>
  <attribute name="Number of cores"value="4"/>
</cycle-end>
<concurrent-collection-end id="775" timestamp="2019-07-02T22:36:23.749" />
<exclusive-end id="776" timestamp="2019-07-02T22:36:23.749" durationms="2.660" />

<concurrent-kickoff id="777" timestamp="2019-07-02T22:36:25.751">
  <kickoff reason="threshold reached" targetBytes="4171209" thresholdFreeBytes="561048" remainingFree="560360" tenureFreeBytes="560360" />
</concurrent-kickoff>
<exclusive-start id="778" timestamp="2019-07-02T22:36:25.751" intervalms="2005.196">
  <response-info timems="0.076" idlems="0.043" threads="1" lastid="0000000001A8D400" lastname="node-11" />
</exclusive-start>
<cycle-start id="779" type="global" contextid="0" timestamp="2019-07-02T22:36:25.751" intervalms="2023.997" />
  <attribute name="GC Util" value="21" />
  <attribute name="CPU Util" value="70018842106056" />
  <attribute name="Time Running"value="89558"/>
  <attribute name="Number of cores"value="4"/>
<exclusive-end id="780" timestamp="2019-07-02T22:36:25.752" durationms="0.128" />

<exclusive-start id="781" timestamp="2019-07-02T22:36:25.757" intervalms="5.615">
  <response-info timems="0.035" idlems="0.035" threads="0" lastid="0000000001AA7700" lastname="node-8" />
</exclusive-start>
<concurrent-collection-start id="782" timestamp="2019-07-02T22:36:25.757" intervalms="2010.838" >
  <concurrent-trace-info reason="card cleaning threshold reached" tracedByMutators="1101232" tracedByHelpers="2014440" cardsCleaned="18" workStackOverflowCount="0" />
</concurrent-collection-start>
<gc-start id="783" type="global" contextid="779" timestamp="2019-07-02T22:36:25.757">
  <mem-info id="784" free="160720" total="12058624" percent="1">
    <mem type="tenure" free="160720" total="12058624" percent="1">
      <mem type="soa" free="40912" total="11938816" percent="0" />
      <mem type="loa" free="119808" total="119808" percent="100" />
    </mem>
  </mem-info>
</gc-start>
<allocation-stats totalBytes="3529448" >
  <allocated-bytes non-tlh="0" tlh="3529448" />
  <largest-consumer threadName="node-0" threadId="0000000001A9FF00" bytes="221648" />
</allocation-stats>
<gc-op id="785" type="card-cleaning" timems="0.129" contextid="779" timestamp="2019-07-02T22:36:25.757">
  <card-cleaning cardsCleaned="8" bytesTraced="1144" workStackOverflowCount="0" />
</gc-op>
<gc-op id="786" type="mark" timems="1.463" contextid="779" timestamp="2019-07-02T22:36:25.759">
  <trace-info objectcount="43300" scancount="45831" scanbytes="2214252" />
  <finalization candidates="18" enqueued="0" />
  <references type="soft" candidates="45" cleared="0" enqueued="0" dynamicThreshold="9" maxThreshold="32" />
  <references type="weak" candidates="165" cleared="0" enqueued="0" />
  <references type="phantom" candidates="57" cleared="0" enqueued="0" />
  <stringconstants candidates="3822" cleared="0"  />
</gc-op>
<gc-op id="787" type="sweep" timems="0.352" contextid="779" timestamp="2019-07-02T22:36:25.759" />
<gc-end id="788" type="global" contextid="779" durationms="2.352" usertimems="0.000" systemtimems="4.000" timestamp="2019-07-02T22:36:25.760" activeThreads="4">
  <mem-info id="789" free="3695760" total="12058624" percent="30">
    <mem type="tenure" free="3695760" total="12058624" percent="30" micro-fragmented="1286916">
      <mem type="soa" free="3575952" total="11938816" percent="29" />
      <mem type="loa" free="119808" total="119808" percent="100" />
    </mem>
  </mem-info>
</gc-end>
<cycle-end id="790" type="global" contextid="779" timestamp="2019-07-02T22:36:25.760">
  <attribute name="GC Util" value="21" />
  <attribute name="CPU Util" value="71490972052138" />
  <attribute name="Time Running"value="91569"/>
  <attribute name="Number of cores"value="4"/>
</cycle-end>
<concurrent-collection-end id="791" timestamp="2019-07-02T22:36:25.760" />
<exclusive-end id="792" timestamp="2019-07-02T22:36:25.760" durationms="2.814" />

<concurrent-kickoff id="793" timestamp="2019-07-02T22:36:27.687">
  <kickoff reason="threshold reached" targetBytes="3897317" thresholdFreeBytes="527450" remainingFree="499152" tenureFreeBytes="499152" />
</concurrent-kickoff>
<exclusive-start id="794" timestamp="2019-07-02T22:36:27.687" intervalms="1930.252">
  <response-info timems="0.043" idlems="0.023" threads="1" lastid="0000000001A73100" lastname="node-25" />
</exclusive-start>
<cycle-start id="795" type="global" contextid="0" timestamp="2019-07-02T22:36:27.687" intervalms="1935.851" />
  <attribute name="GC Util" value="21" />
  <attribute name="CPU Util" value="71490972052138" />
  <attribute name="Time Running"value="91569"/>
  <attribute name="Number of cores"value="4"/>
<exclusive-end id="796" timestamp="2019-07-02T22:36:27.687" durationms="0.096" />

<exclusive-start id="797" timestamp="2019-07-02T22:36:27.698" intervalms="10.516">
  <response-info timems="0.028" idlems="0.028" threads="0" lastid="0000000001A8D400" lastname="node-11" />
</exclusive-start>
<af-start id="798" threadId="0000000001A8DD88" totalBytesRequested="32" timestamp="2019-07-02T22:36:27.698" intervalms="5886.887" />
<gc-start id="799" type="global" contextid="795" timestamp="2019-07-02T22:36:27.698">
  <mem-info id="800" free="119808" total="12058624" percent="0">
    <mem type="tenure" free="119808" total="12058624" percent="0">
      <mem type="soa" free="0" total="11938816" percent="0" />
      <mem type="loa" free="119808" total="119808" percent="100" />
    </mem>
  </mem-info>
</gc-start>
<allocation-stats totalBytes="3566080" >
  <allocated-bytes non-tlh="0" tlh="3566080" />
  <largest-consumer threadName="node-21" threadId="0000000001A89800" bytes="228296" />
</allocation-stats>
<concurrent-halted id="801" timestamp="2019-07-02T22:36:27.698">
  <halted state="Complete" status="clean trace" />
  <traced bytesTarget="3897317" bytesTotal="3215440" bytesByMutator="269320" bytesByHelper="2946120" percent="82" />
  <cards cleaned="170" thresholdBytes="207783" />
</concurrent-halted>
<gc-op id="802" type="card-cleaning" timems="0.396" contextid="795" timestamp="2019-07-02T22:36:27.699">
  <card-cleaning cardsCleaned="176" bytesTraced="141480" workStackOverflowCount="0" />
</gc-op>
<gc-op id="803" type="mark" timems="1.858" contextid="795" timestamp="2019-07-02T22:36:27.701">
  <trace-info objectcount="39921" scancount="42841" scanbytes="2041920" />
  <finalization candidates="18" enqueued="0" />
  <references type="soft" candidates="45" cleared="0" enqueued="0" dynamicThreshold="9" maxThreshold="32" />
  <references type="weak" candidates="165" cleared="0" enqueued="0" />
  <references type="phantom" candidates="57" cleared="0" enqueued="0" />
  <stringconstants candidates="3822" cleared="0"  />
</gc-op>
<gc-op id="804" type="sweep" timems="0.670" contextid="795" timestamp="2019-07-02T22:36:27.701" />
<gc-end id="805" type="global" contextid="795" durationms="3.451" usertimems="8.000" systemtimems="0.000" timestamp="2019-07-02T22:36:27.701" activeThreads="4">
  <mem-info id="806" free="3712208" total="12058624" percent="30">
    <mem type="tenure" free="3712208" total="12058624" percent="30" micro-fragmented="1285634">
      <mem type="soa" free="3592400" total="11938816" percent="30" />
      <mem type="loa" free="119808" total="119808" percent="100" />
    </mem>
  </mem-info>
</gc-end>
<cycle-end id="807" type="global" contextid="795" timestamp="2019-07-02T22:36:27.702">
  <attribute name="GC Util" value="253" />
  <attribute name="CPU Util" value="9411656915873" />
  <attribute name="Time Running"value="93511"/>
  <attribute name="Number of cores"value="4"/>
</cycle-end>
<allocation-satisfied id="808" threadId="0000000001A8D400" bytesRequested="32" />
<af-end id="809" timestamp="2019-07-02T22:36:27.702" threadId="0000000001A8DD88" success="true" />
<exclusive-end id="810" timestamp="2019-07-02T22:36:27.702" durationms="4.277" />

<concurrent-kickoff id="811" timestamp="2019-07-02T22:36:29.486">
  <kickoff reason="threshold reached" targetBytes="3356920" thresholdFreeBytes="462303" remainingFree="399976" tenureFreeBytes="399976" />
</concurrent-kickoff>
<exclusive-start id="812" timestamp="2019-07-02T22:36:29.487" intervalms="1789.026">
  <response-info timems="0.064" idlems="0.034" threads="1" lastid="0000000001AA7700" lastname="node-8" />
</exclusive-start>
<cycle-start id="813" type="global" contextid="0" timestamp="2019-07-02T22:36:29.487" intervalms="1799.543" />
  <attribute name="GC Util" value="253" />
  <attribute name="CPU Util" value="9411656915873" />
  <attribute name="Time Running"value="93511"/>
  <attribute name="Number of cores"value="4"/>
<exclusive-end id="814" timestamp="2019-07-02T22:36:29.487" durationms="0.144" />

<exclusive-start id="815" timestamp="2019-07-02T22:36:29.494" intervalms="7.066">
  <response-info timems="0.042" idlems="0.042" threads="0" lastid="0000000001A98800" lastname="node-12" />
</exclusive-start>
<af-start id="816" threadId="0000000001A99188" totalBytesRequested="32" timestamp="2019-07-02T22:36:29.494" intervalms="1796.043" />
<gc-start id="817" type="global" contextid="813" timestamp="2019-07-02T22:36:29.494">
  <mem-info id="818" free="119808" total="12058624" percent="0">
    <mem type="tenure" free="119808" total="12058624" percent="0">
      <mem type="soa" free="0" total="11938816" percent="0" />
      <mem type="loa" free="119808" total="119808" percent="100" />
    </mem>
  </mem-info>
</gc-start>
<allocation-stats totalBytes="3583184" >
  <allocated-bytes non-tlh="0" tlh="3583184" />
  <largest-consumer threadName="node-14" threadId="0000000001A6F500" bytes="235648" />
</allocation-stats>
<concurrent-halted id="819" timestamp="2019-07-02T22:36:29.494">
  <halted state="Class scanning incomplete" status="clean trace" />
  <traced bytesTarget="3356920" bytesTotal="2989356" bytesByMutator="0" bytesByHelper="2989356" percent="89" />
  <cards cleaned="0" thresholdBytes="182119" />
</concurrent-halted>
<gc-op id="820" type="tracing" timems="0.472" contextid="813" timestamp="2019-07-02T22:36:29.495">
  <trace bytesTraced="285452" workStackOverflowCount="0" />
</gc-op>
<gc-op id="821" type="card-cleaning" timems="0.681" contextid="813" timestamp="2019-07-02T22:36:29.496">
  <card-cleaning cardsCleaned="170" bytesTraced="594704" workStackOverflowCount="0" />
</gc-op>
<gc-op id="822" type="mark" timems="2.280" contextid="813" timestamp="2019-07-02T22:36:29.498">
  <trace-info objectcount="26588" scancount="28409" scanbytes="1470912" />
  <finalization candidates="18" enqueued="0" />
  <references type="soft" candidates="45" cleared="0" enqueued="0" dynamicThreshold="9" maxThreshold="32" />
  <references type="weak" candidates="165" cleared="0" enqueued="0" />
  <references type="phantom" candidates="57" cleared="0" enqueued="0" />
  <stringconstants candidates="3822" cleared="0"  />
</gc-op>
<gc-op id="823" type="sweep" timems="0.731" contextid="813" timestamp="2019-07-02T22:36:29.499" />
<gc-end id="824" type="global" contextid="813" durationms="4.892" usertimems="12.000" systemtimems="0.000" timestamp="2019-07-02T22:36:29.499" activeThreads="4">
  <mem-info id="825" free="3714712" total="12058624" percent="30">
    <mem type="tenure" free="3714712" total="12058624" percent="30" micro-fragmented="1286147">
      <mem type="soa" free="3594904" total="11938816" percent="30" />
      <mem type="loa" free="119808" total="119808" percent="100" />
    </mem>
  </mem-info>
</gc-end>
<cycle-end id="826" type="global" contextid="813" timestamp="2019-07-02T22:36:29.499">
  <attribute name="GC Util" value="250" />
  <attribute name="CPU Util" value="7680379859862" />
  <attribute name="Time Running"value="95308"/>
  <attribute name="Number of cores"value="4"/>
</cycle-end>
<allocation-satisfied id="827" threadId="0000000001A98800" bytesRequested="32" />
<af-end id="828" timestamp="2019-07-02T22:36:29.500" threadId="0000000001A99188" success="true" />
<exclusive-end id="829" timestamp="2019-07-02T22:36:29.500" durationms="5.782" />

<concurrent-kickoff id="830" timestamp="2019-07-02T22:36:31.442">
  <kickoff reason="threshold reached" targetBytes="3869512" thresholdFreeBytes="532873" remainingFree="453800" tenureFreeBytes="453800" />
</concurrent-kickoff>
<exclusive-start id="831" timestamp="2019-07-02T22:36:31.442" intervalms="1947.812">
  <response-info timems="0.054" idlems="0.054" threads="0" lastid="0000000001A9FF00" lastname="node-0" />
</exclusive-start>
<cycle-start id="832" type="global" contextid="0" timestamp="2019-07-02T22:36:31.442" intervalms="1954.879" />
  <attribute name="GC Util" value="250" />
  <attribute name="CPU Util" value="7680379859862" />
  <attribute name="Time Running"value="95308"/>
  <attribute name="Number of cores"value="4"/>
<exclusive-end id="833" timestamp="2019-07-02T22:36:31.442" durationms="0.097" />

<exclusive-start id="834" timestamp="2019-07-02T22:36:31.444" intervalms="2.499">
  <response-info timems="0.036" idlems="0.036" threads="0" lastid="0000000001A98800" lastname="node-12" />
</exclusive-start>
<af-start id="835" threadId="0000000001A99188" totalBytesRequested="16" timestamp="2019-07-02T22:36:31.444" intervalms="1950.311" />
<gc-start id="836" type="global" contextid="832" timestamp="2019-07-02T22:36:31.445">
  <mem-info id="837" free="119808" total="12058624" percent="0">
    <mem type="tenure" free="119808" total="12058624" percent="0">
      <mem type="soa" free="0" total="11938816" percent="0" />
      <mem type="loa" free="119808" total="119808" percent="100" />
    </mem>
  </mem-info>
</gc-start>
<allocation-stats totalBytes="3584320" >
  <allocated-bytes non-tlh="0" tlh="3584320" />
  <largest-consumer threadName="node-8" threadId="0000000001AA7700" bytes="256960" />
</allocation-stats>
<concurrent-halted id="838" timestamp="2019-07-02T22:36:31.445">
  <halted state="Class scanning incomplete" status="clean trace" />
  <traced bytesTarget="3869512" bytesTotal="1936716" bytesByMutator="705952" bytesByHelper="1230764" percent="50" />
  <cards cleaned="0" thresholdBytes="209919" />
</concurrent-halted>
<gc-op id="839" type="tracing" timems="1.308" contextid="832" timestamp="2019-07-02T22:36:31.446">
  <trace bytesTraced="2107628" workStackOverflowCount="0" />
</gc-op>
<gc-op id="840" type="card-cleaning" timems="0.263" contextid="832" timestamp="2019-07-02T22:36:31.446">
  <card-cleaning cardsCleaned="12" bytesTraced="24" workStackOverflowCount="0" />
</gc-op>
<gc-op id="841" type="mark" timems="1.863" contextid="832" timestamp="2019-07-02T22:36:31.448">
  <trace-info objectcount="20678" scancount="22697" scanbytes="1260712" />
  <finalization candidates="18" enqueued="0" />
  <references type="soft" candidates="45" cleared="0" enqueued="0" dynamicThreshold="9" maxThreshold="32" />
  <references type="weak" candidates="165" cleared="0" enqueued="0" />
  <references type="phantom" candidates="57" cleared="0" enqueued="0" />
  <stringconstants candidates="3822" cleared="0"  />
</gc-op>
<gc-op id="842" type="sweep" timems="0.806" contextid="832" timestamp="2019-07-02T22:36:31.449" />
<gc-end id="843" type="global" contextid="832" durationms="4.743" usertimems="12.000" systemtimems="0.000" timestamp="2019-07-02T22:36:31.449" activeThreads="4">
  <mem-info id="844" free="3710032" total="12058624" percent="30">
    <mem type="tenure" free="3710032" total="12058624" percent="30" micro-fragmented="1288082">
      <mem type="soa" free="3590224" total="11938816" percent="30" />
      <mem type="loa" free="119808" total="119808" percent="100" />
    </mem>
  </mem-info>
</gc-end>
<cycle-end id="845" type="global" contextid="832" timestamp="2019-07-02T22:36:31.449">
  <attribute name="GC Util" value="245" />
  <attribute name="CPU Util" value="9415485580086" />
  <attribute name="Time Running"value="97258"/>
  <attribute name="Number of cores"value="4"/>
</cycle-end>
<allocation-satisfied id="846" threadId="0000000001A98800" bytesRequested="16" />
<af-end id="847" timestamp="2019-07-02T22:36:31.450" threadId="0000000001A99188" success="true" />
<exclusive-end id="848" timestamp="2019-07-02T22:36:31.450" durationms="5.607" />

<concurrent-kickoff id="849" timestamp="2019-07-02T22:36:33.453">
  <kickoff reason="threshold reached" targetBytes="4044368" thresholdFreeBytes="557195" remainingFree="549960" tenureFreeBytes="549960" />
</concurrent-kickoff>
<exclusive-start id="850" timestamp="2019-07-02T22:36:33.454" intervalms="2009.334">
  <response-info timems="0.053" idlems="0.028" threads="1" lastid="0000000001AAB300" lastname="node-13" />
</exclusive-start>
<cycle-start id="851" type="global" contextid="0" timestamp="2019-07-02T22:36:33.454" intervalms="2011.833" />
  <attribute name="GC Util" value="245" />
  <attribute name="CPU Util" value="9415485580086" />
  <attribute name="Time Running"value="97258"/>
  <attribute name="Number of cores"value="4"/>
<exclusive-end id="852" timestamp="2019-07-02T22:36:33.454" durationms="0.095" />

<exclusive-start id="853" timestamp="2019-07-02T22:36:33.463" intervalms="9.245">
  <response-info timems="0.379" idlems="0.379" threads="0" lastid="0000000001AB2B00" lastname="node-3" />
</exclusive-start>
<af-start id="854" threadId="0000000001AB3488" totalBytesRequested="24" timestamp="2019-07-02T22:36:33.463" intervalms="2018.602" />
<gc-start id="855" type="global" contextid="851" timestamp="2019-07-02T22:36:33.463">
  <mem-info id="856" free="119808" total="12058624" percent="0">
    <mem type="tenure" free="119808" total="12058624" percent="0">
      <mem type="soa" free="0" total="11938816" percent="0" />
      <mem type="loa" free="119808" total="119808" percent="100" />
    </mem>
  </mem-info>
</gc-start>
<allocation-stats totalBytes="3580776" >
  <allocated-bytes non-tlh="0" tlh="3580776" />
  <largest-consumer threadName="node-12" threadId="0000000001A98800" bytes="228704" />
</allocation-stats>
<concurrent-halted id="857" timestamp="2019-07-02T22:36:33.463">
  <halted state="Complete" status="trace only" />
  <traced bytesTarget="4044368" bytesTotal="2774460" bytesByMutator="24664" bytesByHelper="2749796" percent="68" />
  <cards cleaned="0" thresholdBytes="219501" />
</concurrent-halted>
<gc-op id="858" type="card-cleaning" timems="0.936" contextid="851" timestamp="2019-07-02T22:36:33.464">
  <card-cleaning cardsCleaned="180" bytesTraced="1304696" workStackOverflowCount="0" />
</gc-op>
<gc-op id="859" type="mark" timems="2.107" contextid="851" timestamp="2019-07-02T22:36:33.467">
  <trace-info objectcount="23547" scancount="25316" scanbytes="1264908" />
  <finalization candidates="18" enqueued="0" />
  <references type="soft" candidates="45" cleared="0" enqueued="0" dynamicThreshold="9" maxThreshold="32" />
  <references type="weak" candidates="165" cleared="0" enqueued="0" />
  <references type="phantom" candidates="57" cleared="0" enqueued="0" />
  <stringconstants candidates="3822" cleared="0"  />
</gc-op>
<gc-op id="860" type="sweep" timems="0.593" contextid="851" timestamp="2019-07-02T22:36:33.467" />
<gc-end id="861" type="global" contextid="851" durationms="4.203" usertimems="12.000" systemtimems="0.000" timestamp="2019-07-02T22:36:33.467" activeThreads="4">
  <mem-info id="862" free="3719552" total="12058624" percent="30">
    <mem type="tenure" free="3719552" total="12058624" percent="30" micro-fragmented="1356829">
      <mem type="soa" free="3599744" total="11938816" percent="30" />
      <mem type="loa" free="119808" total="119808" percent="100" />
    </mem>
  </mem-info>
</gc-end>
<cycle-end id="863" type="global" contextid="851" timestamp="2019-07-02T22:36:33.468">
  <attribute name="GC Util" value="246" />
  <attribute name="CPU Util" value="8352540333386" />
  <attribute name="Time Running"value="99277"/>
  <attribute name="Number of cores"value="4"/>
</cycle-end>
<allocation-satisfied id="864" threadId="0000000001AB2B00" bytesRequested="24" />
<af-end id="865" timestamp="2019-07-02T22:36:33.468" threadId="0000000001AB3488" success="true" />
<exclusive-end id="866" timestamp="2019-07-02T22:36:33.468" durationms="5.044" />

<concurrent-kickoff id="867" timestamp="2019-07-02T22:36:35.377">
  <kickoff reason="threshold reached" targetBytes="3918730" thresholdFreeBytes="527453" remainingFree="347224" tenureFreeBytes="347224" />
</concurrent-kickoff>
<exclusive-start id="868" timestamp="2019-07-02T22:36:35.377" intervalms="1914.234">
  <response-info timems="0.042" idlems="0.023" threads="1" lastid="0000000001A76C00" lastname="node-19" />
</exclusive-start>
<cycle-start id="869" type="global" contextid="0" timestamp="2019-07-02T22:36:35.377" intervalms="1923.493" />
  <attribute name="GC Util" value="246" />
  <attribute name="CPU Util" value="8352540333386" />
  <attribute name="Time Running"value="99277"/>
  <attribute name="Number of cores"value="4"/>
<exclusive-end id="870" timestamp="2019-07-02T22:36:35.377" durationms="0.130" />

<exclusive-start id="871" timestamp="2019-07-02T22:36:35.383" intervalms="5.667">
  <response-info timems="0.031" idlems="0.031" threads="0" lastid="0000000001A91000" lastname="node-16" />
</exclusive-start>
<af-start id="872" threadId="0000000001A91988" totalBytesRequested="16" timestamp="2019-07-02T22:36:35.383" intervalms="1919.965" />
<concurrent-aborted id="873" timestamp="2019-07-02T22:36:35.383">
  <reason value="insufficient progress made" />
</concurrent-aborted>
<cycle-end id="874" type="global" contextid="869" timestamp="2019-07-02T22:36:35.383">
  <attribute name="GC Util" value="0" />
  <attribute name="CPU Util" value="5" />
  <attribute name="Time Running"value="101193"/>
  <attribute name="Number of cores"value="4"/>
</cycle-end>
<cycle-start id="875" type="global" contextid="0" timestamp="2019-07-02T22:36:35.383" intervalms="6.080" />
  <attribute name="GC Util" value="0" />
  <attribute name="CPU Util" value="5" />
  <attribute name="Time Running"value="101193"/>
  <attribute name="Number of cores"value="4"/>
<gc-start id="876" type="global" contextid="875" timestamp="2019-07-02T22:36:35.383">
  <mem-info id="877" free="119808" total="12058624" percent="0">
    <mem type="tenure" free="119808" total="12058624" percent="0">
      <mem type="soa" free="0" total="11938816" percent="0" />
      <mem type="loa" free="119808" total="119808" percent="100" />
    </mem>
  </mem-info>
</gc-start>
<allocation-stats totalBytes="3591280" >
  <allocated-bytes non-tlh="0" tlh="3591280" />
  <largest-consumer threadName="node-19" threadId="0000000001A76C00" bytes="235160" />
</allocation-stats>
<gc-op id="878" type="mark" timems="2.809" contextid="875" timestamp="2019-07-02T22:36:35.386">
  <trace-info objectcount="144277" scancount="134761" scanbytes="5288780" />
  <finalization candidates="18" enqueued="0" />
  <references type="soft" candidates="45" cleared="0" enqueued="0" dynamicThreshold="9" maxThreshold="32" />
  <references type="weak" candidates="165" cleared="0" enqueued="0" />
  <references type="phantom" candidates="57" cleared="0" enqueued="0" />
  <stringconstants candidates="3822" cleared="0"  />
</gc-op>
<gc-op id="879" type="sweep" timems="0.272" contextid="875" timestamp="2019-07-02T22:36:35.386" />
<gc-end id="880" type="global" contextid="875" durationms="3.343" usertimems="12.000" systemtimems="0.000" timestamp="2019-07-02T22:36:35.387" activeThreads="4">
  <mem-info id="881" free="3701728" total="12058624" percent="30">
    <mem type="tenure" free="3701728" total="12058624" percent="30" micro-fragmented="1314597">
      <mem type="soa" free="3581920" total="11938816" percent="30" />
      <mem type="loa" free="119808" total="119808" percent="100" />
    </mem>
  </mem-info>
</gc-end>
<cycle-end id="882" type="global" contextid="875" timestamp="2019-07-02T22:36:35.387">
  <attribute name="GC Util" value="264" />
  <attribute name="CPU Util" value="6388978408925" />
  <attribute name="Time Running"value="101196"/>
  <attribute name="Number of cores"value="4"/>
</cycle-end>
<allocation-satisfied id="883" threadId="0000000001A91000" bytesRequested="16" />
<af-end id="884" timestamp="2019-07-02T22:36:35.387" threadId="0000000001A91988" success="true" />
<exclusive-end id="885" timestamp="2019-07-02T22:36:35.387" durationms="4.232" />

<concurrent-kickoff id="886" timestamp="2019-07-02T22:36:37.307">
  <kickoff reason="threshold reached" targetBytes="3918730" thresholdFreeBytes="527453" remainingFree="450296" tenureFreeBytes="450296" />
</concurrent-kickoff>
<exclusive-start id="887" timestamp="2019-07-02T22:36:37.308" intervalms="1924.872">
  <response-info timems="0.051" idlems="0.051" threads="0" lastid="0000000001A9FF00" lastname="node-0" />
</exclusive-start>
<cycle-start id="888" type="global" contextid="0" timestamp="2019-07-02T22:36:37.308" intervalms="1924.454" />
  <attribute name="GC Util" value="264" />
  <attribute name="CPU Util" value="6388978408925" />
  <attribute name="Time Running"value="101196"/>
  <attribute name="Number of cores"value="4"/>
<exclusive-end id="889" timestamp="2019-07-02T22:36:37.308" durationms="0.114" />

<exclusive-start id="890" timestamp="2019-07-02T22:36:37.387" intervalms="78.978">
  <response-info timems="0.041" idlems="0.041" threads="0" lastid="0000000001AA7700" lastname="node-8" />
</exclusive-start>
<af-start id="891" threadId="0000000001AA8088" totalBytesRequested="16" timestamp="2019-07-02T22:36:37.387" intervalms="2003.781" />
<gc-start id="892" type="global" contextid="888" timestamp="2019-07-02T22:36:37.387">
  <mem-info id="893" free="119808" total="12058624" percent="0">
    <mem type="tenure" free="119808" total="12058624" percent="0">
      <mem type="soa" free="0" total="11938816" percent="0" />
      <mem type="loa" free="119808" total="119808" percent="100" />
    </mem>
  </mem-info>
</gc-start>
<allocation-stats totalBytes="3570712" >
  <allocated-bytes non-tlh="0" tlh="3570712" />
  <largest-consumer threadName="node-13" threadId="0000000001AAB300" bytes="232032" />
</allocation-stats>
<concurrent-halted id="894" timestamp="2019-07-02T22:36:37.387">
  <halted state="Tracing incomplete" status="clean trace" />
  <traced bytesTarget="3918730" bytesTotal="3074180" bytesByMutator="747608" bytesByHelper="2326572" percent="78" />
  <cards cleaned="24" thresholdBytes="207784" />
</concurrent-halted>
<gc-op id="895" type="tracing" timems="0.350" contextid="888" timestamp="2019-07-02T22:36:37.387">
  <trace bytesTraced="167688" workStackOverflowCount="0" />
</gc-op>
<gc-op id="896" type="card-cleaning" timems="0.518" contextid="888" timestamp="2019-07-02T22:36:37.388">
  <card-cleaning cardsCleaned="82" bytesTraced="55856" workStackOverflowCount="0" />
</gc-op>
<gc-op id="897" type="mark" timems="1.798" contextid="888" timestamp="2019-07-02T22:36:37.390">
  <trace-info objectcount="41595" scancount="43996" scanbytes="2050620" />
  <finalization candidates="18" enqueued="0" />
  <references type="soft" candidates="45" cleared="0" enqueued="0" dynamicThreshold="9" maxThreshold="32" />
  <references type="weak" candidates="165" cleared="0" enqueued="0" />
  <references type="phantom" candidates="57" cleared="0" enqueued="0" />
  <stringconstants candidates="3822" cleared="0"  />
</gc-op>
<gc-op id="898" type="sweep" timems="0.371" contextid="888" timestamp="2019-07-02T22:36:37.390" />
<gc-end id="899" type="global" contextid="888" durationms="3.531" usertimems="8.000" systemtimems="0.000" timestamp="2019-07-02T22:36:37.390" activeThreads="4">
  <mem-info id="900" free="3699096" total="12058624" percent="30">
    <mem type="tenure" free="3699096" total="12058624" percent="30" micro-fragmented="1285634">
      <mem type="soa" free="3579288" total="11938816" percent="29" />
      <mem type="loa" free="119808" total="119808" percent="100" />
    </mem>
  </mem-info>
</gc-end>
<cycle-end id="901" type="global" contextid="888" timestamp="2019-07-02T22:36:37.391">
  <attribute name="GC Util" value="17" />
  <attribute name="CPU Util" value="67826392696466" />
  <attribute name="Time Running"value="103200"/>
  <attribute name="Number of cores"value="4"/>
</cycle-end>
<allocation-satisfied id="902" threadId="0000000001AA7700" bytesRequested="16" />
<af-end id="903" timestamp="2019-07-02T22:36:37.391" threadId="0000000001AA8088" success="true" />
<exclusive-end id="904" timestamp="2019-07-02T22:36:37.391" durationms="4.335" />

<concurrent-kickoff id="905" timestamp="2019-07-02T22:36:39.295">
  <kickoff reason="threshold reached" targetBytes="3297724" thresholdFreeBytes="455098" remainingFree="448248" tenureFreeBytes="448248" />
</concurrent-kickoff>
<exclusive-start id="906" timestamp="2019-07-02T22:36:39.295" intervalms="1908.566">
  <response-info timems="0.044" idlems="0.024" threads="1" lastid="0000000001A58D00" lastname="node-6" />
</exclusive-start>
<cycle-start id="907" type="global" contextid="0" timestamp="2019-07-02T22:36:39.295" intervalms="1987.541" />
  <attribute name="GC Util" value="17" />
  <attribute name="CPU Util" value="67826392696466" />
  <attribute name="Time Running"value="103200"/>
  <attribute name="Number of cores"value="4"/>
<exclusive-end id="908" timestamp="2019-07-02T22:36:39.295" durationms="0.113" />

<exclusive-start id="909" timestamp="2019-07-02T22:36:39.296" intervalms="0.468">
  <response-info timems="0.037" idlems="0.017" threads="3" lastid="0000000001AAB300" lastname="node-13" />
</exclusive-start>
<af-start id="910" threadId="0000000001AA0888" totalBytesRequested="416" timestamp="2019-07-02T22:36:39.296" intervalms="1909.024" />
<gc-start id="911" type="global" contextid="907" timestamp="2019-07-02T22:36:39.296">
  <mem-info id="912" free="119808" total="12058624" percent="0">
    <mem type="tenure" free="119808" total="12058624" percent="0">
      <mem type="soa" free="0" total="11938816" percent="0" />
      <mem type="loa" free="119808" total="119808" percent="100" />
    </mem>
  </mem-info>
</gc-start>
<allocation-stats totalBytes="3572304" >
  <allocated-bytes non-tlh="0" tlh="3572304" />
  <largest-consumer threadName="node-3" threadId="0000000001AB2B00" bytes="227872" />
</allocation-stats>
<concurrent-halted id="913" timestamp="2019-07-02T22:36:39.296">
  <halted state="Tracing incomplete" status="clean trace" />
  <traced bytesTarget="3297724" bytesTotal="0" bytesByMutator="0" bytesByHelper="0" percent="0" />
  <cards cleaned="0" thresholdBytes="179280" />
</concurrent-halted>
<gc-op id="914" type="tracing" timems="2.842" contextid="907" timestamp="2019-07-02T22:36:39.299">
  <trace bytesTraced="4990376" workStackOverflowCount="0" />
</gc-op>
<gc-op id="915" type="card-cleaning" timems="0.423" contextid="907" timestamp="2019-07-02T22:36:39.299">
  <card-cleaning cardsCleaned="37" bytesTraced="5424" workStackOverflowCount="0" />
</gc-op>
<gc-op id="916" type="mark" timems="1.200" contextid="907" timestamp="2019-07-02T22:36:39.301">
  <trace-info objectcount="12201" scancount="9680" scanbytes="296836" />
  <finalization candidates="18" enqueued="0" />
  <references type="soft" candidates="45" cleared="0" enqueued="0" dynamicThreshold="9" maxThreshold="32" />
  <references type="weak" candidates="165" cleared="0" enqueued="0" />
  <references type="phantom" candidates="57" cleared="0" enqueued="0" />
  <stringconstants candidates="3822" cleared="0"  />
</gc-op>
<gc-op id="917" type="sweep" timems="0.552" contextid="907" timestamp="2019-07-02T22:36:39.301" />
<gc-end id="918" type="global" contextid="907" durationms="5.614" usertimems="12.000" systemtimems="0.000" timestamp="2019-07-02T22:36:39.301" activeThreads="4">
  <mem-info id="919" free="3700824" total="12058624" percent="30">
    <mem type="tenure" free="3700824" total="12058624" percent="30" micro-fragmented="1285762">
      <mem type="soa" free="3581016" total="11938816" percent="29" />
      <mem type="loa" free="119808" total="119808" percent="100" />
    </mem>
  </mem-info>
</gc-end>
<cycle-end id="920" type="global" contextid="907" timestamp="2019-07-02T22:36:39.301">
  <attribute name="GC Util" value="159" />
  <attribute name="CPU Util" value="14308142436843" />
  <attribute name="Time Running"value="105111"/>
  <attribute name="Number of cores"value="4"/>
</cycle-end>
<allocation-satisfied id="921" threadId="0000000001A9FF00" bytesRequested="416" />
<af-end id="922" timestamp="2019-07-02T22:36:39.302" threadId="0000000001AA0888" success="true" />
<exclusive-end id="923" timestamp="2019-07-02T22:36:39.302" durationms="6.316" />

<concurrent-kickoff id="924" timestamp="2019-07-02T22:36:41.181">
  <kickoff reason="threshold reached" targetBytes="4995800" thresholdFreeBytes="687925" remainingFree="687816" tenureFreeBytes="687816" />
</concurrent-kickoff>
<exclusive-start id="925" timestamp="2019-07-02T22:36:41.187" intervalms="1891.319">
  <response-info timems="0.036" idlems="0.036" threads="0" lastid="0000000001A6F500" lastname="node-14" />
</exclusive-start>
<cycle-start id="926" type="global" contextid="0" timestamp="2019-07-02T22:36:41.187" intervalms="1891.792" />
  <attribute name="GC Util" value="159" />
  <attribute name="CPU Util" value="14308142436843" />
  <attribute name="Time Running"value="105111"/>
  <attribute name="Number of cores"value="4"/>
<exclusive-end id="927" timestamp="2019-07-02T22:36:41.187" durationms="0.120" />

<exclusive-start id="928" timestamp="2019-07-02T22:36:41.196" intervalms="8.723">
  <response-info timems="0.095" idlems="0.083" threads="1" lastid="0000000001AAEF00" lastname="node-2" />
</exclusive-start>
<af-start id="929" threadId="0000000001A5D288" totalBytesRequested="16" timestamp="2019-07-02T22:36:41.196" intervalms="1900.121" />
<gc-start id="930" type="global" contextid="926" timestamp="2019-07-02T22:36:41.196">
  <mem-info id="931" free="119808" total="12058624" percent="0">
    <mem type="tenure" free="119808" total="12058624" percent="0">
      <mem type="soa" free="0" total="11938816" percent="0" />
      <mem type="loa" free="119808" total="119808" percent="100" />
    </mem>
  </mem-info>
</gc-start>
<allocation-stats totalBytes="3567800" >
  <allocated-bytes non-tlh="0" tlh="3567800" />
  <largest-consumer threadName="node-9" threadId="0000000001A82000" bytes="238600" />
</allocation-stats>
<concurrent-halted id="932" timestamp="2019-07-02T22:36:41.197">
  <halted state="Complete" status="trace only" />
  <traced bytesTarget="4995800" bytesTotal="2887548" bytesByMutator="54836" bytesByHelper="2832712" percent="57" />
  <cards cleaned="0" thresholdBytes="271000" />
</concurrent-halted>
<gc-op id="933" type="card-cleaning" timems="0.898" contextid="926" timestamp="2019-07-02T22:36:41.198">
  <card-cleaning cardsCleaned="225" bytesTraced="820592" workStackOverflowCount="0" />
</gc-op>
<gc-op id="934" type="mark" timems="1.900" contextid="926" timestamp="2019-07-02T22:36:41.200">
  <trace-info objectcount="33674" scancount="35656" scanbytes="1648060" />
  <finalization candidates="18" enqueued="0" />
  <references type="soft" candidates="45" cleared="0" enqueued="0" dynamicThreshold="9" maxThreshold="32" />
  <references type="weak" candidates="165" cleared="0" enqueued="0" />
  <references type="phantom" candidates="57" cleared="0" enqueued="0" />
  <stringconstants candidates="3822" cleared="0"  />
</gc-op>
<gc-op id="935" type="sweep" timems="1.035" contextid="926" timestamp="2019-07-02T22:36:41.201" />
<gc-end id="936" type="global" contextid="926" durationms="4.572" usertimems="12.000" systemtimems="0.000" timestamp="2019-07-02T22:36:41.201" activeThreads="4">
  <mem-info id="937" free="3683776" total="12058624" percent="30">
    <mem type="tenure" free="3683776" total="12058624" percent="30" micro-fragmented="1287301">
      <mem type="soa" free="3563968" total="11938816" percent="29" />
      <mem type="loa" free="119808" total="119808" percent="100" />
    </mem>
  </mem-info>
</gc-end>
<cycle-end id="938" type="global" contextid="926" timestamp="2019-07-02T22:36:41.201">
  <attribute name="GC Util" value="148" />
  <attribute name="CPU Util" value="23010912489928" />
  <attribute name="Time Running"value="107011"/>
  <attribute name="Number of cores"value="4"/>
</cycle-end>
<allocation-satisfied id="939" threadId="0000000001A5C900" bytesRequested="16" />
<af-end id="940" timestamp="2019-07-02T22:36:41.201" threadId="0000000001A5D288" success="true" />
<exclusive-end id="941" timestamp="2019-07-02T22:36:41.201" durationms="5.820" />

<concurrent-kickoff id="942" timestamp="2019-07-02T22:36:43.075">
  <kickoff reason="threshold reached" targetBytes="3448211" thresholdFreeBytes="462799" remainingFree="445072" tenureFreeBytes="445072" />
</concurrent-kickoff>
<exclusive-start id="943" timestamp="2019-07-02T22:36:43.075" intervalms="1879.240">
  <response-info timems="0.035" idlems="0.035" threads="0" lastid="0000000001A60500" lastname="node-24" />
</exclusive-start>
<cycle-start id="944" type="global" contextid="0" timestamp="2019-07-02T22:36:43.075" intervalms="1887.952" />
  <attribute name="GC Util" value="148" />
  <attribute name="CPU Util" value="23010912489928" />
  <attribute name="Time Running"value="107011"/>
  <attribute name="Number of cores"value="4"/>
<exclusive-end id="945" timestamp="2019-07-02T22:36:43.075" durationms="0.100" />

<exclusive-start id="946" timestamp="2019-07-02T22:36:43.082" intervalms="7.144">
  <response-info timems="0.029" idlems="0.029" threads="0" lastid="0000000001A9FF00" lastname="node-0" />
</exclusive-start>
<af-start id="947" threadId="0000000001AA0888" totalBytesRequested="16" timestamp="2019-07-02T22:36:43.082" intervalms="1886.379" />
<gc-start id="948" type="global" contextid="944" timestamp="2019-07-02T22:36:43.082">
  <mem-info id="949" free="119808" total="12058624" percent="0">
    <mem type="tenure" free="119808" total="12058624" percent="0">
      <mem type="soa" free="0" total="11938816" percent="0" />
      <mem type="loa" free="119808" total="119808" percent="100" />
    </mem>
  </mem-info>
</gc-start>
<allocation-stats totalBytes="3555624" >
  <allocated-bytes non-tlh="8000" tlh="3547624" />
  <largest-consumer threadName="node-15" threadId="0000000001A7E400" bytes="232280" />
</allocation-stats>
<concurrent-halted id="950" timestamp="2019-07-02T22:36:43.082">
  <halted state="Class scanning incomplete" status="clean trace" />
  <traced bytesTarget="3448211" bytesTotal="3150116" bytesByMutator="518256" bytesByHelper="2631860" percent="91" />
  <cards cleaned="154" thresholdBytes="182314" />
</concurrent-halted>
<gc-op id="951" type="tracing" timems="0.257" contextid="944" timestamp="2019-07-02T22:36:43.083">
  <trace bytesTraced="1120" workStackOverflowCount="0" />
</gc-op>
<gc-op id="952" type="card-cleaning" timems="0.916" contextid="944" timestamp="2019-07-02T22:36:43.084">
  <card-cleaning cardsCleaned="163" bytesTraced="151852" workStackOverflowCount="0" />
</gc-op>
<gc-op id="953" type="mark" timems="2.232" contextid="944" timestamp="2019-07-02T22:36:43.086">
  <trace-info objectcount="39969" scancount="42873" scanbytes="2050768" />
  <finalization candidates="18" enqueued="0" />
  <references type="soft" candidates="45" cleared="0" enqueued="0" dynamicThreshold="9" maxThreshold="32" />
  <references type="weak" candidates="165" cleared="0" enqueued="0" />
  <references type="phantom" candidates="57" cleared="0" enqueued="0" />
  <stringconstants candidates="3822" cleared="0"  />
</gc-op>
<gc-op id="954" type="sweep" timems="0.826" contextid="944" timestamp="2019-07-02T22:36:43.087" />
<gc-end id="955" type="global" contextid="944" durationms="4.737" usertimems="12.000" systemtimems="0.000" timestamp="2019-07-02T22:36:43.087" activeThreads="4">
  <mem-info id="956" free="3712968" total="12058624" percent="30">
    <mem type="tenure" free="3712968" total="12058624" percent="30" micro-fragmented="1285249">
      <mem type="soa" free="3593160" total="11938816" percent="30" />
      <mem type="loa" free="119808" total="119808" percent="100" />
    </mem>
  </mem-info>
</gc-end>
<cycle-end id="957" type="global" contextid="944" timestamp="2019-07-02T22:36:43.087">
  <attribute name="GC Util" value="257" />
  <attribute name="CPU Util" value="7903008479920" />
  <attribute name="Time Running"value="108896"/>
  <attribute name="Number of cores"value="4"/>
</cycle-end>
<allocation-satisfied id="958" threadId="0000000001A9FF00" bytesRequested="16" />
<af-end id="959" timestamp="2019-07-02T22:36:43.087" threadId="0000000001AA0888" success="true" />
<exclusive-end id="960" timestamp="2019-07-02T22:36:43.087" durationms="5.365" />

<concurrent-kickoff id="961" timestamp="2019-07-02T22:36:45.069">
  <kickoff reason="threshold reached" targetBytes="3303088" thresholdFreeBytes="455741" remainingFree="448096" tenureFreeBytes="448096" />
</concurrent-kickoff>
<exclusive-start id="962" timestamp="2019-07-02T22:36:45.070" intervalms="1987.662">
  <response-info timems="0.174" idlems="0.096" threads="1" lastid="0000000001A64100" lastname="node-7" />
</exclusive-start>
<cycle-start id="963" type="global" contextid="0" timestamp="2019-07-02T22:36:45.070" intervalms="1994.838" />
  <attribute name="GC Util" value="257" />
  <attribute name="CPU Util" value="7903008479920" />
  <attribute name="Time Running"value="108896"/>
  <attribute name="Number of cores"value="4"/>
<exclusive-end id="964" timestamp="2019-07-02T22:36:45.070" durationms="0.155" />

<exclusive-start id="965" timestamp="2019-07-02T22:36:45.077" intervalms="6.903">
  <response-info timems="0.059" idlems="0.059" threads="0" lastid="0000000001A85C00" lastname="node-10" />
</exclusive-start>
<af-start id="966" threadId="0000000001A86588" totalBytesRequested="496" timestamp="2019-07-02T22:36:45.077" intervalms="1994.575" />
<gc-start id="967" type="global" contextid="963" timestamp="2019-07-02T22:36:45.077">
  <mem-info id="968" free="119808" total="12058624" percent="0">
    <mem type="tenure" free="119808" total="12058624" percent="0">
      <mem type="soa" free="0" total="11938816" percent="0" />
      <mem type="loa" free="119808" total="119808" percent="100" />
    </mem>
  </mem-info>
</gc-start>
<allocation-stats totalBytes="3582864" >
  <allocated-bytes non-tlh="0" tlh="3582864" />
  <largest-consumer threadName="node-9" threadId="0000000001A82000" bytes="245992" />
</allocation-stats>
<concurrent-halted id="969" timestamp="2019-07-02T22:36:45.077">
  <halted state="Class scanning incomplete" status="clean trace" />
  <traced bytesTarget="3303088" bytesTotal="3097532" bytesByMutator="0" bytesByHelper="3097532" percent="93" />
  <cards cleaned="0" thresholdBytes="179534" />
</concurrent-halted>
<gc-op id="970" type="tracing" timems="0.258" contextid="963" timestamp="2019-07-02T22:36:45.078">
  <trace bytesTraced="19900" workStackOverflowCount="0" />
</gc-op>
<gc-op id="971" type="card-cleaning" timems="0.304" contextid="963" timestamp="2019-07-02T22:36:45.078">
  <card-cleaning cardsCleaned="20" bytesTraced="20528" workStackOverflowCount="0" />
</gc-op>
<gc-op id="972" type="mark" timems="1.604" contextid="963" timestamp="2019-07-02T22:36:45.080">
  <trace-info objectcount="42251" scancount="44747" scanbytes="2188424" />
  <finalization candidates="18" enqueued="0" />
  <references type="soft" candidates="45" cleared="0" enqueued="0" dynamicThreshold="9" maxThreshold="32" />
  <references type="weak" candidates="165" cleared="0" enqueued="0" />
  <references type="phantom" candidates="57" cleared="0" enqueued="0" />
  <stringconstants candidates="3822" cleared="0"  />
</gc-op>
<gc-op id="973" type="sweep" timems="0.253" contextid="963" timestamp="2019-07-02T22:36:45.080" />
<gc-end id="974" type="global" contextid="963" durationms="3.142" usertimems="0.000" systemtimems="4.000" timestamp="2019-07-02T22:36:45.080" activeThreads="4">
  <mem-info id="975" free="3713504" total="12058624" percent="30">
    <mem type="tenure" free="3713504" total="12058624" percent="30" micro-fragmented="1288211">
      <mem type="soa" free="3593696" total="11938816" percent="30" />
      <mem type="loa" free="119808" total="119808" percent="100" />
    </mem>
  </mem-info>
</gc-end>
<cycle-end id="976" type="global" contextid="963" timestamp="2019-07-02T22:36:45.080">
  <attribute name="GC Util" value="241" />
  <attribute name="CPU Util" value="10754639022027" />
  <attribute name="Time Running"value="110890"/>
  <attribute name="Number of cores"value="4"/>
</cycle-end>
<allocation-satisfied id="977" threadId="0000000001A85C00" bytesRequested="496" />
<af-end id="978" timestamp="2019-07-02T22:36:45.081" threadId="0000000001A86588" success="true" />
<exclusive-end id="979" timestamp="2019-07-02T22:36:45.081" durationms="4.169" />

<concurrent-kickoff id="980" timestamp="2019-07-02T22:36:46.938">
  <kickoff reason="threshold reached" targetBytes="3137960" thresholdFreeBytes="433829" remainingFree="339232" tenureFreeBytes="339232" />
</concurrent-kickoff>
<exclusive-start id="981" timestamp="2019-07-02T22:36:46.938" intervalms="1861.939">
  <response-info timems="0.039" idlems="0.022" threads="1" lastid="0000000001A5C900" lastname="node-20" />
</exclusive-start>
<cycle-start id="982" type="global" contextid="0" timestamp="2019-07-02T22:36:46.939" intervalms="1868.811" />
  <attribute name="GC Util" value="241" />
  <attribute name="CPU Util" value="10754639022027" />
  <attribute name="Time Running"value="110890"/>
  <attribute name="Number of cores"value="4"/>
<exclusive-end id="983" timestamp="2019-07-02T22:36:46.939" durationms="0.105" />

<exclusive-start id="984" timestamp="2019-07-02T22:36:46.956" intervalms="17.776">
  <response-info timems="0.029" idlems="0.029" threads="0" lastid="0000000001A58D00" lastname="node-6" />
</exclusive-start>
<af-start id="985" threadId="0000000001A59688" totalBytesRequested="32" timestamp="2019-07-02T22:36:46.956" intervalms="1879.637" />
<gc-start id="986" type="global" contextid="982" timestamp="2019-07-02T22:36:46.957">
  <mem-info id="987" free="119808" total="12058624" percent="0">
    <mem type="tenure" free="119808" total="12058624" percent="0">
      <mem type="soa" free="0" total="11938816" percent="0" />
      <mem type="loa" free="119808" total="119808" percent="100" />
    </mem>
  </mem-info>
</gc-start>
<allocation-stats totalBytes="3586864" >
  <allocated-bytes non-tlh="0" tlh="3586864" />
  <largest-consumer threadName="node-21" threadId="0000000001A89800" bytes="226904" />
</allocation-stats>
<concurrent-halted id="988" timestamp="2019-07-02T22:36:46.957">
  <halted state="Complete" status="clean trace" />
  <traced bytesTarget="3137960" bytesTotal="3167504" bytesByMutator="134872" bytesByHelper="3032632" percent="100" />
  <cards cleaned="189" thresholdBytes="170902" />
</concurrent-halted>
<gc-op id="989" type="card-cleaning" timems="0.572" contextid="982" timestamp="2019-07-02T22:36:46.957">
  <card-cleaning cardsCleaned="157" bytesTraced="160792" workStackOverflowCount="0" />
</gc-op>
<gc-op id="990" type="mark" timems="1.830" contextid="982" timestamp="2019-07-02T22:36:46.959">
  <trace-info objectcount="40028" scancount="42954" scanbytes="2044528" />
  <finalization candidates="18" enqueued="0" />
  <references type="soft" candidates="45" cleared="0" enqueued="0" dynamicThreshold="9" maxThreshold="32" />
  <references type="weak" candidates="165" cleared="0" enqueued="0" />
  <references type="phantom" candidates="57" cleared="0" enqueued="0" />
  <stringconstants candidates="3822" cleared="0"  />
</gc-op>
<gc-op id="991" type="sweep" timems="0.780" contextid="982" timestamp="2019-07-02T22:36:46.960" />
<gc-end id="992" type="global" contextid="982" durationms="3.495" usertimems="8.000" systemtimems="0.000" timestamp="2019-07-02T22:36:46.960" activeThreads="4">
  <mem-info id="993" free="3711344" total="12058624" percent="30">
    <mem type="tenure" free="3711344" total="12058624" percent="30" micro-fragmented="1286916">
      <mem type="soa" free="3591536" total="11938816" percent="30" />
      <mem type="loa" free="119808" total="119808" percent="100" />
    </mem>
  </mem-info>
</gc-end>
<cycle-end id="994" type="global" contextid="982" timestamp="2019-07-02T22:36:46.960">
  <attribute name="GC Util" value="257" />
  <attribute name="CPU Util" value="9730486017709" />
  <attribute name="Time Running"value="112769"/>
  <attribute name="Number of cores"value="4"/>
</cycle-end>
<allocation-satisfied id="995" threadId="0000000001A58D00" bytesRequested="32" />
<af-end id="996" timestamp="2019-07-02T22:36:46.960" threadId="0000000001A59688" success="true" />
<exclusive-end id="997" timestamp="2019-07-02T22:36:46.960" durationms="4.110" />

<concurrent-kickoff id="998" timestamp="2019-07-02T22:36:48.346">
  <kickoff reason="threshold reached" targetBytes="3328296" thresholdFreeBytes="459182" remainingFree="441128" tenureFreeBytes="441128" />
</concurrent-kickoff>
<exclusive-start id="999" timestamp="2019-07-02T22:36:48.346" intervalms="1390.149">
  <response-info timems="0.050" idlems="0.027" threads="1" lastid="0000000001A85C00" lastname="node-10" />
</exclusive-start>
<cycle-start id="1000" type="global" contextid="0" timestamp="2019-07-02T22:36:48.346" intervalms="1407.922" />
  <attribute name="GC Util" value="257" />
  <attribute name="CPU Util" value="9730486017709" />
  <attribute name="Time Running"value="112769"/>
  <attribute name="Number of cores"value="4"/>
<exclusive-end id="1001" timestamp="2019-07-02T22:36:48.346" durationms="0.096" />

<exclusive-start id="1002" timestamp="2019-07-02T22:36:48.358" intervalms="11.337">
  <response-info timems="0.027" idlems="0.027" threads="0" lastid="0000000001A6B900" lastname="node-4" />
</exclusive-start>
<af-start id="1003" threadId="0000000001A6C288" totalBytesRequested="1008" timestamp="2019-07-02T22:36:48.358" intervalms="1401.487" />
<gc-start id="1004" type="global" contextid="1000" timestamp="2019-07-02T22:36:48.358">
  <mem-info id="1005" free="119808" total="12058624" percent="0">
    <mem type="tenure" free="119808" total="12058624" percent="0">
      <mem type="soa" free="0" total="11938816" percent="0" />
      <mem type="loa" free="119808" total="119808" percent="100" />
    </mem>
  </mem-info>
</gc-start>
<allocation-stats totalBytes="3587256" >
  <allocated-bytes non-tlh="0" tlh="3587256" />
  <largest-consumer threadName="node-23" threadId="0000000001A94C00" bytes="237080" />
</allocation-stats>
<concurrent-halted id="1006" timestamp="2019-07-02T22:36:48.358">
  <halted state="Complete" status="trace only" />
  <traced bytesTarget="3328296" bytesTotal="2799964" bytesByMutator="9896" bytesByHelper="2790068" percent="84" />
  <cards cleaned="0" thresholdBytes="180889" />
</concurrent-halted>
<gc-op id="1007" type="card-cleaning" timems="1.071" contextid="1000" timestamp="2019-07-02T22:36:48.360">
  <card-cleaning cardsCleaned="226" bytesTraced="1148724" workStackOverflowCount="0" />
</gc-op>
<gc-op id="1008" type="mark" timems="1.790" contextid="1000" timestamp="2019-07-02T22:36:48.361">
  <trace-info objectcount="26414" scancount="28061" scanbytes="1400272" />
  <finalization candidates="18" enqueued="0" />
  <references type="soft" candidates="45" cleared="0" enqueued="0" dynamicThreshold="9" maxThreshold="32" />
  <references type="weak" candidates="165" cleared="0" enqueued="0" />
  <references type="phantom" candidates="57" cleared="0" enqueued="0" />
  <stringconstants candidates="3822" cleared="0"  />
</gc-op>
<gc-op id="1009" type="sweep" timems="0.991" contextid="1000" timestamp="2019-07-02T22:36:48.363" />
<gc-end id="1010" type="global" contextid="1000" durationms="4.526" usertimems="4.000" systemtimems="4.000" timestamp="2019-07-02T22:36:48.363" activeThreads="4">
  <mem-info id="1011" free="3691552" total="12058624" percent="30">
    <mem type="tenure" free="3691552" total="12058624" percent="30" micro-fragmented="1297562">
      <mem type="soa" free="3571744" total="11938816" percent="29" />
      <mem type="loa" free="119808" total="119808" percent="100" />
    </mem>
  </mem-info>
</gc-end>
<cycle-end id="1012" type="global" contextid="1000" timestamp="2019-07-02T22:36:48.363">
  <attribute name="GC Util" value="168" />
  <attribute name="CPU Util" value="24403069661830" />
  <attribute name="Time Running"value="114172"/>
  <attribute name="Number of cores"value="4"/>
</cycle-end>
<allocation-satisfied id="1013" threadId="0000000001A6B900" bytesRequested="1008" />
<af-end id="1014" timestamp="2019-07-02T22:36:48.363" threadId="0000000001A6C288" success="true" />
<exclusive-end id="1015" timestamp="2019-07-02T22:36:48.363" durationms="5.453" />

<concurrent-kickoff id="1016" timestamp="2019-07-02T22:36:50.058">
  <kickoff reason="threshold reached" targetBytes="3978498" thresholdFreeBytes="532096" remainingFree="525496" tenureFreeBytes="525496" />
</concurrent-kickoff>
<exclusive-start id="1017" timestamp="2019-07-02T22:36:50.058" intervalms="1700.007">
  <response-info timems="0.075" idlems="0.030" threads="2" lastid="0000000001A7A800" lastname="node-5" />
</exclusive-start>
<cycle-start id="1018" type="global" contextid="0" timestamp="2019-07-02T22:36:50.058" intervalms="1711.427" />
  <attribute name="GC Util" value="168" />
  <attribute name="CPU Util" value="24403069661830" />
  <attribute name="Time Running"value="114172"/>
  <attribute name="Number of cores"value="4"/>
<exclusive-end id="1019" timestamp="2019-07-02T22:36:50.058" durationms="0.267" />

<exclusive-start id="1020" timestamp="2019-07-02T22:36:50.242" intervalms="184.015">
  <response-info timems="0.056" idlems="0.030" threads="1" lastid="0000000001A58D00" lastname="node-6" />
</exclusive-start>
<concurrent-collection-start id="1021" timestamp="2019-07-02T22:36:50.242" intervalms="24484.735" >
  <concurrent-trace-info reason="card cleaning threshold reached" tracedByMutators="862516" tracedByHelpers="2331480" cardsCleaned="381" workStackOverflowCount="0" />
</concurrent-collection-start>
<gc-start id="1022" type="global" contextid="1018" timestamp="2019-07-02T22:36:50.242">
  <mem-info id="1023" free="137168" total="12058624" percent="1">
    <mem type="tenure" free="137168" total="12058624" percent="1">
      <mem type="soa" free="17360" total="11938816" percent="0" />
      <mem type="loa" free="119808" total="119808" percent="100" />
    </mem>
  </mem-info>
</gc-start>
<allocation-stats totalBytes="3541008" >
  <allocated-bytes non-tlh="10080" tlh="3530928" />
  <largest-consumer threadName="node-7" threadId="0000000001A64100" bytes="232968" />
</allocation-stats>
<gc-op id="1024" type="card-cleaning" timems="0.329" contextid="1018" timestamp="2019-07-02T22:36:50.242">
  <card-cleaning cardsCleaned="158" bytesTraced="158408" workStackOverflowCount="0" />
</gc-op>
<gc-op id="1025" type="mark" timems="1.336" contextid="1018" timestamp="2019-07-02T22:36:50.244">
  <trace-info objectcount="40085" scancount="43050" scanbytes="2046472" />
  <finalization candidates="18" enqueued="0" />
  <references type="soft" candidates="45" cleared="0" enqueued="0" dynamicThreshold="9" maxThreshold="32" />
  <references type="weak" candidates="165" cleared="0" enqueued="0" />
  <references type="phantom" candidates="57" cleared="0" enqueued="0" />
  <stringconstants candidates="3822" cleared="0"  />
</gc-op>
<gc-op id="1026" type="sweep" timems="0.286" contextid="1018" timestamp="2019-07-02T22:36:50.244" />
<gc-end id="1027" type="global" contextid="1018" durationms="2.502" usertimems="4.000" systemtimems="4.000" timestamp="2019-07-02T22:36:50.244" activeThreads="4">
  <mem-info id="1028" free="3703944" total="12058624" percent="30">
    <mem type="tenure" free="3703944" total="12058624" percent="30" micro-fragmented="0">
      <mem type="soa" free="3584136" total="11938816" percent="30" />
      <mem type="loa" free="119808" total="119808" percent="100" />
    </mem>
  </mem-info>
</gc-end>
<cycle-end id="1029" type="global" contextid="1018" timestamp="2019-07-02T22:36:50.245">
  <attribute name="GC Util" value="233" />
  <attribute name="CPU Util" value="12752595397037" />
  <attribute name="Time Running"value="116054"/>
  <attribute name="Number of cores"value="4"/>
</cycle-end>
<concurrent-collection-end id="1030" timestamp="2019-07-02T22:36:50.245" />
<exclusive-end id="1031" timestamp="2019-07-02T22:36:50.245" durationms="3.050" />

<concurrent-kickoff id="1032" timestamp="2019-07-02T22:36:51.963">
  <kickoff reason="threshold reached" targetBytes="3748218" thresholdFreeBytes="505425" remainingFree="503704" tenureFreeBytes="503704" />
</concurrent-kickoff>
<exclusive-start id="1033" timestamp="2019-07-02T22:36:51.963" intervalms="1720.888">
  <response-info timems="0.045" idlems="0.018" threads="2" lastid="0000000001A91000" lastname="node-16" />
</exclusive-start>
<cycle-start id="1034" type="global" contextid="0" timestamp="2019-07-02T22:36:51.963" intervalms="1904.824" />
  <attribute name="GC Util" value="233" />
  <attribute name="CPU Util" value="12752595397037" />
  <attribute name="Time Running"value="116054"/>
  <attribute name="Number of cores"value="4"/>
<exclusive-end id="1035" timestamp="2019-07-02T22:36:51.963" durationms="0.149" />

<exclusive-start id="1036" timestamp="2019-07-02T22:36:51.984" intervalms="20.914">
  <response-info timems="0.029" idlems="0.029" threads="0" lastid="0000000001A6F500" lastname="node-14" />
</exclusive-start>
<af-start id="1037" threadId="0000000001A6FE88" totalBytesRequested="24" timestamp="2019-07-02T22:36:51.984" intervalms="3625.829" />
<gc-start id="1038" type="global" contextid="1034" timestamp="2019-07-02T22:36:51.984">
  <mem-info id="1039" free="119808" total="12058624" percent="0">
    <mem type="tenure" free="119808" total="12058624" percent="0">
      <mem type="soa" free="0" total="11938816" percent="0" />
      <mem type="loa" free="119808" total="119808" percent="100" />
    </mem>
  </mem-info>
</gc-start>
<allocation-stats totalBytes="3559768" >
  <allocated-bytes non-tlh="0" tlh="3559768" />
  <largest-consumer threadName="node-19" threadId="0000000001A76C00" bytes="216312" />
</allocation-stats>
<concurrent-halted id="1040" timestamp="2019-07-02T22:36:51.984">
  <halted state="Tracing incomplete" status="clean trace" />
  <traced bytesTarget="3748218" bytesTotal="2994068" bytesByMutator="59276" bytesByHelper="2934792" percent="79" />
  <cards cleaned="98" thresholdBytes="199106" />
</concurrent-halted>
<gc-op id="1041" type="tracing" timems="0.753" contextid="1034" timestamp="2019-07-02T22:36:51.985">
  <trace bytesTraced="765900" workStackOverflowCount="0" />
</gc-op>
<gc-op id="1042" type="card-cleaning" timems="0.214" contextid="1034" timestamp="2019-07-02T22:36:51.985">
  <card-cleaning cardsCleaned="176" bytesTraced="132776" workStackOverflowCount="0" />
</gc-op>
<gc-op id="1043" type="mark" timems="1.037" contextid="1034" timestamp="2019-07-02T22:36:51.986">
  <trace-info objectcount="28330" scancount="30275" scanbytes="1481728" />
  <finalization candidates="18" enqueued="0" />
  <references type="soft" candidates="45" cleared="0" enqueued="0" dynamicThreshold="9" maxThreshold="32" />
  <references type="weak" candidates="165" cleared="0" enqueued="0" />
  <references type="phantom" candidates="57" cleared="0" enqueued="0" />
  <stringconstants candidates="3822" cleared="0"  />
</gc-op>
<gc-op id="1044" type="sweep" timems="0.295" contextid="1034" timestamp="2019-07-02T22:36:51.987" />
<gc-end id="1045" type="global" contextid="1034" durationms="2.952" usertimems="4.000" systemtimems="0.000" timestamp="2019-07-02T22:36:51.987" activeThreads="4">
  <mem-info id="1046" free="3703936" total="12058624" percent="30">
    <mem type="tenure" free="3703936" total="12058624" percent="30" micro-fragmented="1287814">
      <mem type="soa" free="3584128" total="11938816" percent="30" />
      <mem type="loa" free="119808" total="119808" percent="100" />
    </mem>
  </mem-info>
</gc-end>
<cycle-end id="1047" type="global" contextid="1034" timestamp="2019-07-02T22:36:51.987">
  <attribute name="GC Util" value="198" />
  <attribute name="CPU Util" value="16081087408231" />
  <attribute name="Time Running"value="117796"/>
  <attribute name="Number of cores"value="4"/>
</cycle-end>
<allocation-satisfied id="1048" threadId="0000000001A6F500" bytesRequested="24" />
<af-end id="1049" timestamp="2019-07-02T22:36:51.987" threadId="0000000001A6FE88" success="true" />
<exclusive-end id="1050" timestamp="2019-07-02T22:36:51.987" durationms="3.779" />

<concurrent-kickoff id="1051" timestamp="2019-07-02T22:36:53.836">
  <kickoff reason="threshold reached" targetBytes="3892744" thresholdFreeBytes="537246" remainingFree="529440" tenureFreeBytes="529440" />
</concurrent-kickoff>
<exclusive-start id="1052" timestamp="2019-07-02T22:36:53.836" intervalms="1852.570">
  <response-info timems="0.045" idlems="0.045" threads="0" lastid="0000000001A73100" lastname="node-25" />
</exclusive-start>
<cycle-start id="1053" type="global" contextid="0" timestamp="2019-07-02T22:36:53.836" intervalms="1873.491" />
  <attribute name="GC Util" value="198" />
  <attribute name="CPU Util" value="16081087408231" />
  <attribute name="Time Running"value="117796"/>
  <attribute name="Number of cores"value="4"/>
<exclusive-end id="1054" timestamp="2019-07-02T22:36:53.836" durationms="0.122" />

<exclusive-start id="1055" timestamp="2019-07-02T22:36:54.003" intervalms="166.483">
  <response-info timems="0.032" idlems="0.032" threads="0" lastid="0000000001A6F500" lastname="node-14" />
</exclusive-start>
<af-start id="1056" threadId="0000000001A6FE88" totalBytesRequested="24" timestamp="2019-07-02T22:36:54.003" intervalms="2019.038" />
<gc-start id="1057" type="global" contextid="1053" timestamp="2019-07-02T22:36:54.003">
  <mem-info id="1058" free="119808" total="12058624" percent="0">
    <mem type="tenure" free="119808" total="12058624" percent="0">
      <mem type="soa" free="0" total="11938816" percent="0" />
      <mem type="loa" free="119808" total="119808" percent="100" />
    </mem>
  </mem-info>
</gc-start>
<allocation-stats totalBytes="3575464" >
  <allocated-bytes non-tlh="0" tlh="3575464" />
  <largest-consumer threadName="node-8" threadId="0000000001AA7700" bytes="228760" />
</allocation-stats>
<concurrent-halted id="1059" timestamp="2019-07-02T22:36:54.003">
  <halted state="Tracing incomplete" status="clean trace" />
  <traced bytesTarget="3892744" bytesTotal="2968896" bytesByMutator="185224" bytesByHelper="2783672" percent="76" />
  <cards cleaned="247" thresholdBytes="211642" />
</concurrent-halted>
<gc-op id="1060" type="tracing" timems="1.357" contextid="1053" timestamp="2019-07-02T22:36:54.004">
  <trace bytesTraced="797864" workStackOverflowCount="0" />
</gc-op>
<gc-op id="1061" type="card-cleaning" timems="0.388" contextid="1053" timestamp="2019-07-02T22:36:54.005">
  <card-cleaning cardsCleaned="128" bytesTraced="139128" workStackOverflowCount="0" />
</gc-op>
<gc-op id="1062" type="mark" timems="1.682" contextid="1053" timestamp="2019-07-02T22:36:54.007">
  <trace-info objectcount="28282" scancount="30184" scanbytes="1479144" />
  <finalization candidates="18" enqueued="0" />
  <references type="soft" candidates="45" cleared="0" enqueued="0" dynamicThreshold="9" maxThreshold="32" />
  <references type="weak" candidates="165" cleared="0" enqueued="0" />
  <references type="phantom" candidates="57" cleared="0" enqueued="0" />
  <stringconstants candidates="3822" cleared="0"  />
</gc-op>
<gc-op id="1063" type="sweep" timems="0.998" contextid="1053" timestamp="2019-07-02T22:36:54.008" />
<gc-end id="1064" type="global" contextid="1053" durationms="5.233" usertimems="4.000" systemtimems="4.000" timestamp="2019-07-02T22:36:54.008" activeThreads="4">
  <mem-info id="1065" free="3677584" total="12058624" percent="30">
    <mem type="tenure" free="3677584" total="12058624" percent="30" micro-fragmented="1325516">
      <mem type="soa" free="3557776" total="11938816" percent="29" />
      <mem type="loa" free="119808" total="119808" percent="100" />
    </mem>
  </mem-info>
</gc-end>
<cycle-end id="1066" type="global" contextid="1053" timestamp="2019-07-02T22:36:54.008">
  <attribute name="GC Util" value="169" />
  <attribute name="CPU Util" value="24271392876176" />
  <attribute name="Time Running"value="119818"/>
  <attribute name="Number of cores"value="4"/>
</cycle-end>
<allocation-satisfied id="1067" threadId="0000000001A6F500" bytesRequested="24" />
<af-end id="1068" timestamp="2019-07-02T22:36:54.009" threadId="0000000001A6FE88" success="true" />
<exclusive-end id="1069" timestamp="2019-07-02T22:36:54.009" durationms="6.014" />

<concurrent-kickoff id="1070" timestamp="2019-07-02T22:36:55.851">
  <kickoff reason="threshold reached" targetBytes="3905888" thresholdFreeBytes="538814" remainingFree="532600" tenureFreeBytes="532600" />
</concurrent-kickoff>
<exclusive-start id="1071" timestamp="2019-07-02T22:36:55.851" intervalms="1848.364">
  <response-info timems="0.074" idlems="0.074" threads="0" lastid="0000000001AAEF00" lastname="node-2" />
</exclusive-start>
<cycle-start id="1072" type="global" contextid="0" timestamp="2019-07-02T22:36:55.851" intervalms="2014.843" />
  <attribute name="GC Util" value="169" />
  <attribute name="CPU Util" value="24271392876176" />
  <attribute name="Time Running"value="119818"/>
  <attribute name="Number of cores"value="4"/>
<exclusive-end id="1073" timestamp="2019-07-02T22:36:55.851" durationms="0.109" />

<exclusive-start id="1074" timestamp="2019-07-02T22:36:55.875" intervalms="23.780">
  <response-info timems="0.029" idlems="0.029" threads="0" lastid="0000000001A85C00" lastname="node-10" />
</exclusive-start>
<af-start id="1075" threadId="0000000001A86588" totalBytesRequested="32" timestamp="2019-07-02T22:36:55.875" intervalms="1872.142" />
<gc-start id="1076" type="global" contextid="1072" timestamp="2019-07-02T22:36:55.875">
  <mem-info id="1077" free="119808" total="12058624" percent="0">
    <mem type="tenure" free="119808" total="12058624" percent="0">
      <mem type="soa" free="0" total="11938816" percent="0" />
      <mem type="loa" free="119808" total="119808" percent="100" />
    </mem>
  </mem-info>
</gc-start>
<allocation-stats totalBytes="3547664" >
  <allocated-bytes non-tlh="0" tlh="3547664" />
  <largest-consumer threadName="node-8" threadId="0000000001AA7700" bytes="255744" />
</allocation-stats>
<concurrent-halted id="1078" timestamp="2019-07-02T22:36:55.875">
  <halted state="Tracing incomplete" status="trace only" />
  <traced bytesTarget="3905888" bytesTotal="2853012" bytesByMutator="12172" bytesByHelper="2840840" percent="73" />
  <cards cleaned="0" thresholdBytes="212260" />
</concurrent-halted>
<gc-op id="1079" type="tracing" timems="0.264" contextid="1072" timestamp="2019-07-02T22:36:55.875">
  <trace bytesTraced="120" workStackOverflowCount="0" />
</gc-op>
<gc-op id="1080" type="card-cleaning" timems="1.187" contextid="1072" timestamp="2019-07-02T22:36:55.877">
  <card-cleaning cardsCleaned="240" bytesTraced="1143268" workStackOverflowCount="0" />
</gc-op>
<gc-op id="1081" type="mark" timems="1.487" contextid="1072" timestamp="2019-07-02T22:36:55.878">
  <trace-info objectcount="24833" scancount="26997" scanbytes="1348492" />
  <finalization candidates="18" enqueued="0" />
  <references type="soft" candidates="45" cleared="0" enqueued="0" dynamicThreshold="9" maxThreshold="32" />
  <references type="weak" candidates="165" cleared="0" enqueued="0" />
  <references type="phantom" candidates="57" cleared="0" enqueued="0" />
  <stringconstants candidates="3822" cleared="0"  />
</gc-op>
<gc-op id="1082" type="sweep" timems="0.460" contextid="1072" timestamp="2019-07-02T22:36:55.879" />
<gc-end id="1083" type="global" contextid="1072" durationms="3.912" usertimems="12.000" systemtimems="0.000" timestamp="2019-07-02T22:36:55.879" activeThreads="4">
  <mem-info id="1084" free="3720928" total="12058624" percent="30">
    <mem type="tenure" free="3720928" total="12058624" percent="30" micro-fragmented="1390106">
      <mem type="soa" free="3601120" total="11938816" percent="30" />
      <mem type="loa" free="119808" total="119808" percent="100" />
    </mem>
  </mem-info>
</gc-end>
<cycle-end id="1085" type="global" contextid="1072" timestamp="2019-07-02T22:36:55.879">
  <attribute name="GC Util" value="236" />
  <attribute name="CPU Util" value="11591723376915" />
  <attribute name="Time Running"value="121688"/>
  <attribute name="Number of cores"value="4"/>
</cycle-end>
<allocation-satisfied id="1086" threadId="0000000001A85C00" bytesRequested="32" />
<af-end id="1087" timestamp="2019-07-02T22:36:55.879" threadId="0000000001A86588" success="true" />
<exclusive-end id="1088" timestamp="2019-07-02T22:36:55.879" durationms="4.637" />

<concurrent-kickoff id="1089" timestamp="2019-07-02T22:36:57.466">
  <kickoff reason="threshold reached" targetBytes="4019226" thresholdFreeBytes="539486" remainingFree="532544" tenureFreeBytes="532544" />
</concurrent-kickoff>
<exclusive-start id="1090" timestamp="2019-07-02T22:36:57.466" intervalms="1590.981">
  <response-info timems="0.037" idlems="0.037" threads="0" lastid="0000000001A89800" lastname="node-21" />
</exclusive-start>
<cycle-start id="1091" type="global" contextid="0" timestamp="2019-07-02T22:36:57.466" intervalms="1614.758" />
  <attribute name="GC Util" value="236" />
  <attribute name="CPU Util" value="11591723376915" />
  <attribute name="Time Running"value="121688"/>
  <attribute name="Number of cores"value="4"/>
<exclusive-end id="1092" timestamp="2019-07-02T22:36:57.466" durationms="0.106" />

<exclusive-start id="1093" timestamp="2019-07-02T22:36:57.478" intervalms="12.497">
  <response-info timems="0.063" idlems="0.063" threads="0" lastid="0000000001A60500" lastname="node-24" />
</exclusive-start>
<af-start id="1094" threadId="0000000001A60E88" totalBytesRequested="32" timestamp="2019-07-02T22:36:57.478" intervalms="1603.529" />
<gc-start id="1095" type="global" contextid="1091" timestamp="2019-07-02T22:36:57.479">
  <mem-info id="1096" free="119808" total="12058624" percent="0">
    <mem type="tenure" free="119808" total="12058624" percent="0">
      <mem type="soa" free="0" total="11938816" percent="0" />
      <mem type="loa" free="119808" total="119808" percent="100" />
    </mem>
  </mem-info>
</gc-start>
<allocation-stats totalBytes="3596384" >
  <allocated-bytes non-tlh="0" tlh="3596384" />
  <largest-consumer threadName="node-25" threadId="0000000001A73100" bytes="254648" />
</allocation-stats>
<concurrent-halted id="1097" timestamp="2019-07-02T22:36:57.479">
  <halted state="Tracing incomplete" status="clean trace" />
  <traced bytesTarget="4019226" bytesTotal="2858368" bytesByMutator="109588" bytesByHelper="2748780" percent="71" />
  <cards cleaned="10" thresholdBytes="212524" />
</concurrent-halted>
<gc-op id="1098" type="tracing" timems="0.495" contextid="1091" timestamp="2019-07-02T22:36:57.479">
  <trace bytesTraced="166388" workStackOverflowCount="0" />
</gc-op>
<gc-op id="1099" type="card-cleaning" timems="0.867" contextid="1091" timestamp="2019-07-02T22:36:57.480">
  <card-cleaning cardsCleaned="229" bytesTraced="1059988" workStackOverflowCount="0" />
</gc-op>
<gc-op id="1100" type="mark" timems="1.971" contextid="1091" timestamp="2019-07-02T22:36:57.483">
  <trace-info objectcount="23594" scancount="25624" scanbytes="1270984" />
  <finalization candidates="18" enqueued="0" />
  <references type="soft" candidates="45" cleared="0" enqueued="0" dynamicThreshold="9" maxThreshold="32" />
  <references type="weak" candidates="165" cleared="0" enqueued="0" />
  <references type="phantom" candidates="57" cleared="0" enqueued="0" />
  <stringconstants candidates="3822" cleared="0"  />
</gc-op>
<gc-op id="1101" type="sweep" timems="0.864" contextid="1091" timestamp="2019-07-02T22:36:57.484" />
<gc-end id="1102" type="global" contextid="1091" durationms="5.003" usertimems="8.000" systemtimems="0.000" timestamp="2019-07-02T22:36:57.484" activeThreads="4">
  <mem-info id="1103" free="3719744" total="12058624" percent="30">
    <mem type="tenure" free="3719744" total="12058624" percent="30" micro-fragmented="1289474">
      <mem type="soa" free="3599936" total="11938816" percent="30" />
      <mem type="loa" free="119808" total="119808" percent="100" />
    </mem>
  </mem-info>
</gc-end>
<cycle-end id="1104" type="global" contextid="1091" timestamp="2019-07-02T22:36:57.484">
  <attribute name="GC Util" value="219" />
  <attribute name="CPU Util" value="8808597186405" />
  <attribute name="Time Running"value="123293"/>
  <attribute name="Number of cores"value="4"/>
</cycle-end>
<allocation-satisfied id="1105" threadId="0000000001A60500" bytesRequested="32" />
<af-end id="1106" timestamp="2019-07-02T22:36:57.484" threadId="0000000001A60E88" success="true" />
<exclusive-end id="1107" timestamp="2019-07-02T22:36:57.484" durationms="5.963" />

<concurrent-kickoff id="1108" timestamp="2019-07-02T22:36:59.330">
  <kickoff reason="threshold reached" targetBytes="4084744" thresholdFreeBytes="564127" remainingFree="529408" tenureFreeBytes="529408" />
</concurrent-kickoff>
<exclusive-start id="1109" timestamp="2019-07-02T22:36:59.330" intervalms="1851.889">
  <response-info timems="0.032" idlems="0.032" threads="0" lastid="0000000001A73100" lastname="node-25" />
</exclusive-start>
<cycle-start id="1110" type="global" contextid="0" timestamp="2019-07-02T22:36:59.330" intervalms="1864.393" />
  <attribute name="GC Util" value="219" />
  <attribute name="CPU Util" value="8808597186405" />
  <attribute name="Time Running"value="123293"/>
  <attribute name="Number of cores"value="4"/>
<exclusive-end id="1111" timestamp="2019-07-02T22:36:59.330" durationms="0.152" />

<exclusive-start id="1112" timestamp="2019-07-02T22:36:59.511" intervalms="181.081">
  <response-info timems="0.032" idlems="0.032" threads="0" lastid="0000000001A60500" lastname="node-24" />
</exclusive-start>
<af-start id="1113" threadId="0000000001A60E88" totalBytesRequested="32" timestamp="2019-07-02T22:36:59.511" intervalms="2032.933" />
<gc-start id="1114" type="global" contextid="1110" timestamp="2019-07-02T22:36:59.511">
  <mem-info id="1115" free="119808" total="12058624" percent="0">
    <mem type="tenure" free="119808" total="12058624" percent="0">
      <mem type="soa" free="0" total="11938816" percent="0" />
      <mem type="loa" free="119808" total="119808" percent="100" />
    </mem>
  </mem-info>
</gc-start>
<allocation-stats totalBytes="3590128" >
  <allocated-bytes non-tlh="0" tlh="3590128" />
  <largest-consumer threadName="node-10" threadId="0000000001A85C00" bytes="233184" />
</allocation-stats>
<concurrent-halted id="1116" timestamp="2019-07-02T22:36:59.512">
  <halted state="Complete" status="clean trace" />
  <traced bytesTarget="4084744" bytesTotal="3193196" bytesByMutator="376788" bytesByHelper="2816408" percent="78" />
  <cards cleaned="180" thresholdBytes="222231" />
</concurrent-halted>
<gc-op id="1117" type="card-cleaning" timems="0.304" contextid="1110" timestamp="2019-07-02T22:36:59.512">
  <card-cleaning cardsCleaned="182" bytesTraced="157440" workStackOverflowCount="0" />
</gc-op>
<gc-op id="1118" type="mark" timems="1.621" contextid="1110" timestamp="2019-07-02T22:36:59.514">
  <trace-info objectcount="39931" scancount="42849" scanbytes="2042056" />
  <finalization candidates="18" enqueued="0" />
  <references type="soft" candidates="45" cleared="0" enqueued="0" dynamicThreshold="9" maxThreshold="32" />
  <references type="weak" candidates="165" cleared="0" enqueued="0" />
  <references type="phantom" candidates="57" cleared="0" enqueued="0" />
  <stringconstants candidates="3822" cleared="0"  />
</gc-op>
<gc-op id="1119" type="sweep" timems="0.298" contextid="1110" timestamp="2019-07-02T22:36:59.514" />
<gc-end id="1120" type="global" contextid="1110" durationms="2.900" usertimems="4.000" systemtimems="4.000" timestamp="2019-07-02T22:36:59.514" activeThreads="4">
  <mem-info id="1121" free="3715944" total="12058624" percent="30">
    <mem type="tenure" free="3715944" total="12058624" percent="30" micro-fragmented="1287953">
      <mem type="soa" free="3596136" total="11938816" percent="30" />
      <mem type="loa" free="119808" total="119808" percent="100" />
    </mem>
  </mem-info>
</gc-end>
<cycle-end id="1122" type="global" contextid="1110" timestamp="2019-07-02T22:36:59.515">
  <attribute name="GC Util" value="208" />
  <attribute name="CPU Util" value="10692779049456" />
  <attribute name="Time Running"value="125324"/>
  <attribute name="Number of cores"value="4"/>
</cycle-end>
<allocation-satisfied id="1123" threadId="0000000001A60500" bytesRequested="32" />
<af-end id="1124" timestamp="2019-07-02T22:36:59.515" threadId="0000000001A60E88" success="true" />
<exclusive-end id="1125" timestamp="2019-07-02T22:36:59.515" durationms="3.704" />

<concurrent-kickoff id="1126" timestamp="2019-07-02T22:37:01.624">
  <kickoff reason="threshold reached" targetBytes="3350636" thresholdFreeBytes="462847" remainingFree="439232" tenureFreeBytes="439232" />
</concurrent-kickoff>
<exclusive-start id="1127" timestamp="2019-07-02T22:37:01.624" intervalms="2112.882">
  <response-info timems="0.043" idlems="0.043" threads="0" lastid="0000000001A76C00" lastname="node-19" />
</exclusive-start>
<cycle-start id="1128" type="global" contextid="0" timestamp="2019-07-02T22:37:01.624" intervalms="2293.964" />
  <attribute name="GC Util" value="208" />
  <attribute name="CPU Util" value="10692779049456" />
  <attribute name="Time Running"value="125324"/>
  <attribute name="Number of cores"value="4"/>
<exclusive-end id="1129" timestamp="2019-07-02T22:37:01.624" durationms="0.118" />

<exclusive-start id="1130" timestamp="2019-07-02T22:37:01.628" intervalms="4.099">
  <response-info timems="0.028" idlems="0.028" threads="0" lastid="0000000001A60500" lastname="node-24" />
</exclusive-start>
<af-start id="1131" threadId="0000000001A60E88" totalBytesRequested="24" timestamp="2019-07-02T22:37:01.628" intervalms="2116.971" />
<gc-start id="1132" type="global" contextid="1128" timestamp="2019-07-02T22:37:01.629">
  <mem-info id="1133" free="119808" total="12058624" percent="0">
    <mem type="tenure" free="119808" total="12058624" percent="0">
      <mem type="soa" free="0" total="11938816" percent="0" />
      <mem type="loa" free="119808" total="119808" percent="100" />
    </mem>
  </mem-info>
</gc-start>
<allocation-stats totalBytes="3588168" >
  <allocated-bytes non-tlh="0" tlh="3588168" />
  <largest-consumer threadName="node-0" threadId="0000000001A9FF00" bytes="232336" />
</allocation-stats>
<concurrent-halted id="1134" timestamp="2019-07-02T22:37:01.629">
  <halted state="Tracing incomplete" status="clean trace" />
  <traced bytesTarget="3350636" bytesTotal="2805596" bytesByMutator="968428" bytesByHelper="1837168" percent="83" />
  <cards cleaned="0" thresholdBytes="182333" />
</concurrent-halted>
<gc-op id="1135" type="tracing" timems="0.990" contextid="1128" timestamp="2019-07-02T22:37:01.630">
  <trace bytesTraced="1461460" workStackOverflowCount="0" />
</gc-op>
<gc-op id="1136" type="card-cleaning" timems="0.554" contextid="1128" timestamp="2019-07-02T22:37:01.630">
  <card-cleaning cardsCleaned="162" bytesTraced="162660" workStackOverflowCount="0" />
</gc-op>
<gc-op id="1137" type="mark" timems="1.479" contextid="1128" timestamp="2019-07-02T22:37:01.632">
  <trace-info objectcount="16430" scancount="17930" scanbytes="895044" />
  <finalization candidates="18" enqueued="0" />
  <references type="soft" candidates="45" cleared="0" enqueued="0" dynamicThreshold="9" maxThreshold="32" />
  <references type="weak" candidates="165" cleared="0" enqueued="0" />
  <references type="phantom" candidates="57" cleared="0" enqueued="0" />
  <stringconstants candidates="3822" cleared="0"  />
</gc-op>
<gc-op id="1138" type="sweep" timems="0.766" contextid="1128" timestamp="2019-07-02T22:37:01.633" />
<gc-end id="1139" type="global" contextid="1128" durationms="4.361" usertimems="12.000" systemtimems="0.000" timestamp="2019-07-02T22:37:01.633" activeThreads="4">
  <mem-info id="1140" free="3719584" total="12058624" percent="30">
    <mem type="tenure" free="3719584" total="12058624" percent="30" micro-fragmented="1288211">
      <mem type="soa" free="3599776" total="11938816" percent="30" />
      <mem type="loa" free="119808" total="119808" percent="100" />
    </mem>
  </mem-info>
</gc-end>
<cycle-end id="1141" type="global" contextid="1128" timestamp="2019-07-02T22:37:01.633">
  <attribute name="GC Util" value="207" />
  <attribute name="CPU Util" value="11493105106786" />
  <attribute name="Time Running"value="127442"/>
  <attribute name="Number of cores"value="4"/>
</cycle-end>
<allocation-satisfied id="1142" threadId="0000000001A60500" bytesRequested="24" />
<af-end id="1143" timestamp="2019-07-02T22:37:01.633" threadId="0000000001A60E88" success="true" />
<exclusive-end id="1144" timestamp="2019-07-02T22:37:01.633" durationms="5.106" />

<concurrent-kickoff id="1145" timestamp="2019-07-02T22:37:03.169">
  <kickoff reason="threshold reached" targetBytes="4429716" thresholdFreeBytes="611446" remainingFree="608608" tenureFreeBytes="608608" />
</concurrent-kickoff>
<exclusive-start id="1146" timestamp="2019-07-02T22:37:03.169" intervalms="1540.818">
  <response-info timems="0.075" idlems="0.075" threads="0" lastid="0000000001A9FF00" lastname="node-0" />
</exclusive-start>
<cycle-start id="1147" type="global" contextid="0" timestamp="2019-07-02T22:37:03.169" intervalms="1544.954" />
  <attribute name="GC Util" value="207" />
  <attribute name="CPU Util" value="11493105106786" />
  <attribute name="Time Running"value="127442"/>
  <attribute name="Number of cores"value="4"/>
<exclusive-end id="1148" timestamp="2019-07-02T22:37:03.169" durationms="0.153" />

<exclusive-start id="1149" timestamp="2019-07-02T22:37:03.370" intervalms="200.542">
  <response-info timems="0.029" idlems="0.029" threads="0" lastid="0000000001AAB300" lastname="node-13" />
</exclusive-start>
<af-start id="1150" threadId="0000000001AABC88" totalBytesRequested="32" timestamp="2019-07-02T22:37:03.370" intervalms="1741.414" />
<gc-start id="1151" type="global" contextid="1147" timestamp="2019-07-02T22:37:03.370">
  <mem-info id="1152" free="119808" total="12058624" percent="0">
    <mem type="tenure" free="119808" total="12058624" percent="0">
      <mem type="soa" free="0" total="11938816" percent="0" />
      <mem type="loa" free="119808" total="119808" percent="100" />
    </mem>
  </mem-info>
</gc-start>
<allocation-stats totalBytes="3594592" >
  <allocated-bytes non-tlh="0" tlh="3594592" />
  <largest-consumer threadName="node-12" threadId="0000000001A98800" bytes="243712" />
</allocation-stats>
<concurrent-halted id="1153" timestamp="2019-07-02T22:37:03.370">
  <halted state="Complete" status="trace only" />
  <traced bytesTarget="4429716" bytesTotal="2781132" bytesByMutator="16060" bytesByHelper="2765072" percent="62" />
  <cards cleaned="0" thresholdBytes="240872" />
</concurrent-halted>
<gc-op id="1154" type="card-cleaning" timems="1.229" contextid="1147" timestamp="2019-07-02T22:37:03.372">
  <card-cleaning cardsCleaned="253" bytesTraced="1292080" workStackOverflowCount="0" />
</gc-op>
<gc-op id="1155" type="mark" timems="1.189" contextid="1147" timestamp="2019-07-02T22:37:03.373">
  <trace-info objectcount="23705" scancount="25558" scanbytes="1271312" />
  <finalization candidates="18" enqueued="0" />
  <references type="soft" candidates="45" cleared="0" enqueued="0" dynamicThreshold="9" maxThreshold="32" />
  <references type="weak" candidates="165" cleared="0" enqueued="0" />
  <references type="phantom" candidates="57" cleared="0" enqueued="0" />
  <stringconstants candidates="3822" cleared="0"  />
</gc-op>
<gc-op id="1156" type="sweep" timems="0.844" contextid="1147" timestamp="2019-07-02T22:37:03.374" />
<gc-end id="1157" type="global" contextid="1147" durationms="4.068" usertimems="8.000" systemtimems="0.000" timestamp="2019-07-02T22:37:03.374" activeThreads="4">
  <mem-info id="1158" free="3715568" total="12058624" percent="30">
    <mem type="tenure" free="3715568" total="12058624" percent="30" micro-fragmented="1290501">
      <mem type="soa" free="3595760" total="11938816" percent="30" />
      <mem type="loa" free="119808" total="119808" percent="100" />
    </mem>
  </mem-info>
</gc-end>
<cycle-end id="1159" type="global" contextid="1147" timestamp="2019-07-02T22:37:03.374">
  <attribute name="GC Util" value="224" />
  <attribute name="CPU Util" value="13821181541483" />
  <attribute name="Time Running"value="129183"/>
  <attribute name="Number of cores"value="4"/>
</cycle-end>
<allocation-satisfied id="1160" threadId="0000000001AAB300" bytesRequested="32" />
<af-end id="1161" timestamp="2019-07-02T22:37:03.375" threadId="0000000001AABC88" success="true" />
<exclusive-end id="1162" timestamp="2019-07-02T22:37:03.375" durationms="5.192" />

<concurrent-kickoff id="1163" timestamp="2019-07-02T22:37:05.162">
  <kickoff reason="threshold reached" targetBytes="4289809" thresholdFreeBytes="573987" remainingFree="566936" tenureFreeBytes="566936" />
</concurrent-kickoff>
<exclusive-start id="1164" timestamp="2019-07-02T22:37:05.162" intervalms="1792.578">
  <response-info timems="0.032" idlems="0.032" threads="0" lastid="0000000001A58D00" lastname="node-6" />
</exclusive-start>
<cycle-start id="1165" type="global" contextid="0" timestamp="2019-07-02T22:37:05.162" intervalms="1993.082" />
  <attribute name="GC Util" value="224" />
  <attribute name="CPU Util" value="13821181541483" />
  <attribute name="Time Running"value="129183"/>
  <attribute name="Number of cores"value="4"/>
<exclusive-end id="1166" timestamp="2019-07-02T22:37:05.162" durationms="0.120" />

<exclusive-start id="1167" timestamp="2019-07-02T22:37:05.196" intervalms="33.494">
  <response-info timems="0.042" idlems="0.019" threads="2" lastid="0000000001A7E400" lastname="node-15" />
</exclusive-start>
<af-start id="1168" threadId="0000000001A8A188" totalBytesRequested="16" timestamp="2019-07-02T22:37:05.196" intervalms="1826.022" />
<gc-start id="1169" type="global" contextid="1165" timestamp="2019-07-02T22:37:05.196">
  <mem-info id="1170" free="119808" total="12058624" percent="0">
    <mem type="tenure" free="119808" total="12058624" percent="0">
      <mem type="soa" free="0" total="11938816" percent="0" />
      <mem type="loa" free="119808" total="119808" percent="100" />
    </mem>
  </mem-info>
</gc-start>
<allocation-stats totalBytes="3589984" >
  <allocated-bytes non-tlh="0" tlh="3589984" />
  <largest-consumer threadName="node-19" threadId="0000000001A76C00" bytes="249752" />
</allocation-stats>
<concurrent-halted id="1171" timestamp="2019-07-02T22:37:05.196">
  <halted state="Tracing incomplete" status="clean trace" />
  <traced bytesTarget="4289809" bytesTotal="3011156" bytesByMutator="92056" bytesByHelper="2919100" percent="70" />
  <cards cleaned="214" thresholdBytes="226115" />
</concurrent-halted>
<gc-op id="1172" type="tracing" timems="0.745" contextid="1165" timestamp="2019-07-02T22:37:05.197">
  <trace bytesTraced="1781184" workStackOverflowCount="0" />
</gc-op>
<gc-op id="1173" type="card-cleaning" timems="0.166" contextid="1165" timestamp="2019-07-02T22:37:05.197">
  <card-cleaning cardsCleaned="40" bytesTraced="104508" workStackOverflowCount="0" />
</gc-op>
<gc-op id="1174" type="mark" timems="0.602" contextid="1165" timestamp="2019-07-02T22:37:05.198">
  <trace-info objectcount="9702" scancount="9265" scanbytes="471512" />
  <finalization candidates="18" enqueued="0" />
  <references type="soft" candidates="45" cleared="0" enqueued="0" dynamicThreshold="9" maxThreshold="32" />
  <references type="weak" candidates="165" cleared="0" enqueued="0" />
  <references type="phantom" candidates="57" cleared="0" enqueued="0" />
  <stringconstants candidates="3822" cleared="0"  />
</gc-op>
<gc-op id="1175" type="sweep" timems="0.265" contextid="1165" timestamp="2019-07-02T22:37:05.198" />
<gc-end id="1176" type="global" contextid="1165" durationms="2.252" usertimems="4.000" systemtimems="0.000" timestamp="2019-07-02T22:37:05.198" activeThreads="4">
  <mem-info id="1177" free="3710144" total="12058624" percent="30">
    <mem type="tenure" free="3710144" total="12058624" percent="30" micro-fragmented="1288082">
      <mem type="soa" free="3590336" total="11938816" percent="30" />
      <mem type="loa" free="119808" total="119808" percent="100" />
    </mem>
  </mem-info>
</gc-end>
<cycle-end id="1178" type="global" contextid="1165" timestamp="2019-07-02T22:37:05.198">
  <attribute name="GC Util" value="172" />
  <attribute name="CPU Util" value="26583655312383" />
  <attribute name="Time Running"value="131008"/>
  <attribute name="Number of cores"value="4"/>
</cycle-end>
<allocation-satisfied id="1179" threadId="0000000001A89800" bytesRequested="16" />
<af-end id="1180" timestamp="2019-07-02T22:37:05.198" threadId="0000000001A8A188" success="true" />
<exclusive-end id="1181" timestamp="2019-07-02T22:37:05.198" durationms="2.858" />

<concurrent-kickoff id="1182" timestamp="2019-07-02T22:37:07.102">
  <kickoff reason="threshold reached" targetBytes="4896848" thresholdFreeBytes="675611" remainingFree="673400" tenureFreeBytes="673400" />
</concurrent-kickoff>
<exclusive-start id="1183" timestamp="2019-07-02T22:37:07.102" intervalms="1906.692">
  <response-info timems="0.033" idlems="0.033" threads="0" lastid="0000000001A60500" lastname="node-24" />
</exclusive-start>
<cycle-start id="1184" type="global" contextid="0" timestamp="2019-07-02T22:37:07.102" intervalms="1940.195" />
  <attribute name="GC Util" value="172" />
  <attribute name="CPU Util" value="26583655312383" />
  <attribute name="Time Running"value="131008"/>
  <attribute name="Number of cores"value="4"/>
<exclusive-end id="1185" timestamp="2019-07-02T22:37:07.102" durationms="0.127" />

<exclusive-start id="1186" timestamp="2019-07-02T22:37:07.160" intervalms="58.079">
  <response-info timems="0.380" idlems="0.140" threads="2" lastid="0000000001A7A800" lastname="node-5" />
</exclusive-start>
<af-start id="1187" threadId="0000000001A6FE88" totalBytesRequested="24" timestamp="2019-07-02T22:37:07.160" intervalms="1964.772" />
<gc-start id="1188" type="global" contextid="1184" timestamp="2019-07-02T22:37:07.161">
  <mem-info id="1189" free="119808" total="12058624" percent="0">
    <mem type="tenure" free="119808" total="12058624" percent="0">
      <mem type="soa" free="0" total="11938816" percent="0" />
      <mem type="loa" free="119808" total="119808" percent="100" />
    </mem>
  </mem-info>
</gc-start>
<allocation-stats totalBytes="3579912" >
  <allocated-bytes non-tlh="0" tlh="3579912" />
  <largest-consumer threadName="node-7" threadId="0000000001A64100" bytes="240848" />
</allocation-stats>
<concurrent-halted id="1190" timestamp="2019-07-02T22:37:07.161">
  <halted state="Complete" status="trace only" />
  <traced bytesTarget="4896848" bytesTotal="2783372" bytesByMutator="4608" bytesByHelper="2778764" percent="56" />
  <cards cleaned="0" thresholdBytes="266149" />
</concurrent-halted>
<gc-op id="1191" type="card-cleaning" timems="1.073" contextid="1184" timestamp="2019-07-02T22:37:07.162">
  <card-cleaning cardsCleaned="368" bytesTraced="1144848" workStackOverflowCount="0" />
</gc-op>
<gc-op id="1192" type="mark" timems="1.941" contextid="1184" timestamp="2019-07-02T22:37:07.164">
  <trace-info objectcount="27389" scancount="28902" scanbytes="1423544" />
  <finalization candidates="18" enqueued="0" />
  <references type="soft" candidates="45" cleared="0" enqueued="0" dynamicThreshold="9" maxThreshold="32" />
  <references type="weak" candidates="165" cleared="0" enqueued="0" />
  <references type="phantom" candidates="57" cleared="0" enqueued="0" />
  <stringconstants candidates="3822" cleared="0"  />
</gc-op>
<gc-op id="1193" type="sweep" timems="0.921" contextid="1184" timestamp="2019-07-02T22:37:07.165" />
<gc-end id="1194" type="global" contextid="1184" durationms="4.437" usertimems="12.000" systemtimems="0.000" timestamp="2019-07-02T22:37:07.165" activeThreads="4">
  <mem-info id="1195" free="3643912" total="12058624" percent="30">
    <mem type="tenure" free="3643912" total="12058624" percent="30" micro-fragmented="1340269">
      <mem type="soa" free="3524104" total="11938816" percent="29" />
      <mem type="loa" free="119808" total="119808" percent="100" />
    </mem>
  </mem-info>
</gc-end>
<cycle-end id="1196" type="global" contextid="1184" timestamp="2019-07-02T22:37:07.165">
  <attribute name="GC Util" value="154" />
  <attribute name="CPU Util" value="22640292114548" />
  <attribute name="Time Running"value="132975"/>
  <attribute name="Number of cores"value="4"/>
</cycle-end>
<allocation-satisfied id="1197" threadId="0000000001A6F500" bytesRequested="24" />
<af-end id="1198" timestamp="2019-07-02T22:37:07.166" threadId="0000000001A6FE88" success="true" />
<exclusive-end id="1199" timestamp="2019-07-02T22:37:07.166" durationms="5.243" />

<concurrent-kickoff id="1200" timestamp="2019-07-02T22:37:08.997">
  <kickoff reason="threshold reached" targetBytes="4390200" thresholdFreeBytes="586263" remainingFree="586120" tenureFreeBytes="586120" />
</concurrent-kickoff>
<exclusive-start id="1201" timestamp="2019-07-02T22:37:08.998" intervalms="1837.947">
  <response-info timems="0.063" idlems="0.063" threads="0" lastid="0000000001A5C900" lastname="node-20" />
</exclusive-start>
<cycle-start id="1202" type="global" contextid="0" timestamp="2019-07-02T22:37:08.998" intervalms="1896.022" />
  <attribute name="GC Util" value="154" />
  <attribute name="CPU Util" value="22640292114548" />
  <attribute name="Time Running"value="132975"/>
  <attribute name="Number of cores"value="4"/>
<exclusive-end id="1203" timestamp="2019-07-02T22:37:08.999" durationms="0.183" />

<exclusive-start id="1204" timestamp="2019-07-02T22:37:09.006" intervalms="7.563">
  <response-info timems="0.116" idlems="0.114" threads="1" lastid="0000000001A82000" lastname="node-9" />
</exclusive-start>
<af-start id="1205" threadId="0000000001A60E88" totalBytesRequested="16" timestamp="2019-07-02T22:37:09.006" intervalms="1845.574" />
<gc-start id="1206" type="global" contextid="1202" timestamp="2019-07-02T22:37:09.006">
  <mem-info id="1207" free="119808" total="12058624" percent="0">
    <mem type="tenure" free="119808" total="12058624" percent="0">
      <mem type="soa" free="0" total="11938816" percent="0" />
      <mem type="loa" free="119808" total="119808" percent="100" />
    </mem>
  </mem-info>
</gc-start>
<allocation-stats totalBytes="3513072" >
  <allocated-bytes non-tlh="0" tlh="3513072" />
  <largest-consumer threadName="node-15" threadId="0000000001A7E400" bytes="229664" />
</allocation-stats>
<concurrent-halted id="1208" timestamp="2019-07-02T22:37:09.006">
  <halted state="Complete" status="trace only" />
  <traced bytesTarget="4390200" bytesTotal="2816964" bytesByMutator="16672" bytesByHelper="2800292" percent="64" />
  <cards cleaned="0" thresholdBytes="230951" />
</concurrent-halted>
<gc-op id="1209" type="card-cleaning" timems="1.145" contextid="1202" timestamp="2019-07-02T22:37:09.007">
  <card-cleaning cardsCleaned="240" bytesTraced="1178044" workStackOverflowCount="0" />
</gc-op>
<gc-op id="1210" type="mark" timems="1.235" contextid="1202" timestamp="2019-07-02T22:37:09.009">
  <trace-info objectcount="24562" scancount="26508" scanbytes="1343456" />
  <finalization candidates="18" enqueued="0" />
  <references type="soft" candidates="45" cleared="0" enqueued="0" dynamicThreshold="9" maxThreshold="32" />
  <references type="weak" candidates="165" cleared="0" enqueued="0" />
  <references type="phantom" candidates="57" cleared="0" enqueued="0" />
  <stringconstants candidates="3822" cleared="0"  />
</gc-op>
<gc-op id="1211" type="sweep" timems="0.810" contextid="1202" timestamp="2019-07-02T22:37:09.010" />
<gc-end id="1212" type="global" contextid="1202" durationms="3.614" usertimems="8.000" systemtimems="0.000" timestamp="2019-07-02T22:37:09.010" activeThreads="4">
  <mem-info id="1213" free="3710336" total="12058624" percent="30">
    <mem type="tenure" free="3710336" total="12058624" percent="30" micro-fragmented="1355399">
      <mem type="soa" free="3590528" total="11938816" percent="30" />
      <mem type="loa" free="119808" total="119808" percent="100" />
    </mem>
  </mem-info>
</gc-end>
<cycle-end id="1214" type="global" contextid="1202" timestamp="2019-07-02T22:37:09.010">
  <attribute name="GC Util" value="242" />
  <attribute name="CPU Util" value="14174712465295" />
  <attribute name="Time Running"value="134819"/>
  <attribute name="Number of cores"value="4"/>
</cycle-end>
<allocation-satisfied id="1215" threadId="0000000001A60500" bytesRequested="16" />
<af-end id="1216" timestamp="2019-07-02T22:37:09.010" threadId="0000000001A60E88" success="true" />
<exclusive-end id="1217" timestamp="2019-07-02T22:37:09.010" durationms="4.369" />

<concurrent-kickoff id="1218" timestamp="2019-07-02T22:37:10.735">
  <kickoff reason="threshold reached" targetBytes="4560143" thresholdFreeBytes="608070" remainingFree="607424" tenureFreeBytes="607424" />
</concurrent-kickoff>
<exclusive-start id="1219" timestamp="2019-07-02T22:37:10.735" intervalms="1728.789">
  <response-info timems="0.037" idlems="0.037" threads="0" lastid="0000000001A9FF00" lastname="node-0" />
</exclusive-start>
<cycle-start id="1220" type="global" contextid="0" timestamp="2019-07-02T22:37:10.735" intervalms="1736.343" />
  <attribute name="GC Util" value="242" />
  <attribute name="CPU Util" value="14174712465295" />
  <attribute name="Time Running"value="134819"/>
  <attribute name="Number of cores"value="4"/>
<exclusive-end id="1221" timestamp="2019-07-02T22:37:10.735" durationms="0.110" />

<exclusive-start id="1222" timestamp="2019-07-02T22:37:10.748" intervalms="13.497">
  <response-info timems="0.029" idlems="0.029" threads="0" lastid="0000000001A64100" lastname="node-7" />
</exclusive-start>
<af-start id="1223" threadId="0000000001A64A88" totalBytesRequested="24" timestamp="2019-07-02T22:37:10.748" intervalms="1742.241" />
<gc-start id="1224" type="global" contextid="1220" timestamp="2019-07-02T22:37:10.749">
  <mem-info id="1225" free="119808" total="12058624" percent="0">
    <mem type="tenure" free="119808" total="12058624" percent="0">
      <mem type="soa" free="0" total="11938816" percent="0" />
      <mem type="loa" free="119808" total="119808" percent="100" />
    </mem>
  </mem-info>
</gc-start>
<allocation-stats totalBytes="3583584" >
  <allocated-bytes non-tlh="0" tlh="3583584" />
  <largest-consumer threadName="node-25" threadId="0000000001A73100" bytes="227152" />
</allocation-stats>
<concurrent-halted id="1226" timestamp="2019-07-02T22:37:10.749">
  <halted state="Complete" status="trace only" />
  <traced bytesTarget="4560143" bytesTotal="2814860" bytesByMutator="29760" bytesByHelper="2785100" percent="61" />
  <cards cleaned="0" thresholdBytes="239542" />
</concurrent-halted>
<gc-op id="1227" type="card-cleaning" timems="0.935" contextid="1220" timestamp="2019-07-02T22:37:10.750">
  <card-cleaning cardsCleaned="224" bytesTraced="1198036" workStackOverflowCount="0" />
</gc-op>
<gc-op id="1228" type="mark" timems="1.707" contextid="1220" timestamp="2019-07-02T22:37:10.752">
  <trace-info objectcount="24627" scancount="26658" scanbytes="1311348" />
  <finalization candidates="18" enqueued="0" />
  <references type="soft" candidates="45" cleared="0" enqueued="0" dynamicThreshold="9" maxThreshold="32" />
  <references type="weak" candidates="165" cleared="0" enqueued="0" />
  <references type="phantom" candidates="57" cleared="0" enqueued="0" />
  <stringconstants candidates="3822" cleared="0"  />
</gc-op>
<gc-op id="1229" type="sweep" timems="0.576" contextid="1220" timestamp="2019-07-02T22:37:10.752" />
<gc-end id="1230" type="global" contextid="1220" durationms="3.664" usertimems="12.000" systemtimems="0.000" timestamp="2019-07-02T22:37:10.752" activeThreads="4">
  <mem-info id="1231" free="3725840" total="12058624" percent="30">
    <mem type="tenure" free="3725840" total="12058624" percent="30" micro-fragmented="1357495">
      <mem type="soa" free="3606032" total="11938816" percent="30" />
      <mem type="loa" free="119808" total="119808" percent="100" />
    </mem>
  </mem-info>
</gc-end>
<cycle-end id="1232" type="global" contextid="1220" timestamp="2019-07-02T22:37:10.752">
  <attribute name="GC Util" value="243" />
  <attribute name="CPU Util" value="10235453660998" />
  <attribute name="Time Running"value="136562"/>
  <attribute name="Number of cores"value="4"/>
</cycle-end>
<allocation-satisfied id="1233" threadId="0000000001A64100" bytesRequested="24" />
<af-end id="1234" timestamp="2019-07-02T22:37:10.753" threadId="0000000001A64A88" success="true" />
<exclusive-end id="1235" timestamp="2019-07-02T22:37:10.753" durationms="4.527" />

<concurrent-kickoff id="1236" timestamp="2019-07-02T22:37:12.573">
  <kickoff reason="threshold reached" targetBytes="4697957" thresholdFreeBytes="625818" remainingFree="624016" tenureFreeBytes="624016" />
</concurrent-kickoff>
<exclusive-start id="1237" timestamp="2019-07-02T22:37:12.573" intervalms="1825.148">
  <response-info timems="0.052" idlems="0.033" threads="1" lastid="0000000001A9FF00" lastname="node-0" />
</exclusive-start>
<cycle-start id="1238" type="global" contextid="0" timestamp="2019-07-02T22:37:12.573" intervalms="1838.650" />
  <attribute name="GC Util" value="243" />
  <attribute name="CPU Util" value="10235453660998" />
  <attribute name="Time Running"value="136562"/>
  <attribute name="Number of cores"value="4"/>
<exclusive-end id="1239" timestamp="2019-07-02T22:37:12.573" durationms="0.117" />

<exclusive-start id="1240" timestamp="2019-07-02T22:37:12.745" intervalms="172.019">
  <response-info timems="0.529" idlems="0.418" threads="2" lastid="0000000001A5C900" lastname="node-20" />
</exclusive-start>
<af-start id="1241" threadId="0000000001A73A88" totalBytesRequested="248" timestamp="2019-07-02T22:37:12.746" intervalms="1997.232" />
<gc-start id="1242" type="global" contextid="1238" timestamp="2019-07-02T22:37:12.746">
  <mem-info id="1243" free="119808" total="12058624" percent="0">
    <mem type="tenure" free="119808" total="12058624" percent="0">
      <mem type="soa" free="0" total="11938816" percent="0" />
      <mem type="loa" free="119808" total="119808" percent="100" />
    </mem>
  </mem-info>
</gc-start>
<allocation-stats totalBytes="3595056" >
  <allocated-bytes non-tlh="0" tlh="3595056" />
  <largest-consumer threadName="node-20" threadId="0000000001A5C900" bytes="247688" />
</allocation-stats>
<concurrent-halted id="1244" timestamp="2019-07-02T22:37:12.746">
  <halted state="Complete" status="exhausted" />
  <traced bytesTarget="4697957" bytesTotal="3205800" bytesByMutator="429384" bytesByHelper="2776416" percent="68" />
  <cards cleaned="233" thresholdBytes="246534" />
</concurrent-halted>
<gc-op id="1245" type="card-cleaning" timems="0.294" contextid="1238" timestamp="2019-07-02T22:37:12.747">
  <card-cleaning cardsCleaned="17" bytesTraced="120964" workStackOverflowCount="0" />
</gc-op>
<gc-op id="1246" type="mark" timems="1.388" contextid="1238" timestamp="2019-07-02T22:37:12.748">
  <trace-info objectcount="40425" scancount="43346" scanbytes="2053828" />
  <finalization candidates="18" enqueued="0" />
  <references type="soft" candidates="45" cleared="0" enqueued="0" dynamicThreshold="9" maxThreshold="32" />
  <references type="weak" candidates="165" cleared="0" enqueued="0" />
  <references type="phantom" candidates="57" cleared="0" enqueued="0" />
  <stringconstants candidates="3822" cleared="0"  />
</gc-op>
<gc-op id="1247" type="sweep" timems="0.281" contextid="1238" timestamp="2019-07-02T22:37:12.749" />
<gc-end id="1248" type="global" contextid="1238" durationms="3.010" usertimems="4.000" systemtimems="4.000" timestamp="2019-07-02T22:37:12.749" activeThreads="4">
  <mem-info id="1249" free="3705856" total="12058624" percent="30">
    <mem type="tenure" free="3705856" total="12058624" percent="30" micro-fragmented="1313190">
      <mem type="soa" free="3586048" total="11938816" percent="30" />
      <mem type="loa" free="119808" total="119808" percent="100" />
    </mem>
  </mem-info>
</gc-end>
<cycle-end id="1250" type="global" contextid="1238" timestamp="2019-07-02T22:37:12.749">
  <attribute name="GC Util" value="219" />
  <attribute name="CPU Util" value="12249354557873" />
  <attribute name="Time Running"value="138558"/>
  <attribute name="Number of cores"value="4"/>
</cycle-end>
<allocation-satisfied id="1251" threadId="0000000001A73100" bytesRequested="248" />
<af-end id="1252" timestamp="2019-07-02T22:37:12.749" threadId="0000000001A73A88" success="true" />
<exclusive-end id="1253" timestamp="2019-07-02T22:37:12.750" durationms="4.170" />

<concurrent-kickoff id="1254" timestamp="2019-07-02T22:37:14.730">
  <kickoff reason="threshold reached" targetBytes="4298958" thresholdFreeBytes="578062" remainingFree="577400" tenureFreeBytes="577400" />
</concurrent-kickoff>
<exclusive-start id="1255" timestamp="2019-07-02T22:37:14.730" intervalms="1984.692">
  <response-info timems="0.030" idlems="0.030" threads="0" lastid="0000000001A82000" lastname="node-9" />
</exclusive-start>
<cycle-start id="1256" type="global" contextid="0" timestamp="2019-07-02T22:37:14.730" intervalms="2156.839" />
  <attribute name="GC Util" value="219" />
  <attribute name="CPU Util" value="12249354557873" />
  <attribute name="Time Running"value="138558"/>
  <attribute name="Number of cores"value="4"/>
<exclusive-end id="1257" timestamp="2019-07-02T22:37:14.730" durationms="0.256" />

<exclusive-start id="1258" timestamp="2019-07-02T22:37:14.741" intervalms="10.660">
  <response-info timems="0.052" idlems="0.052" threads="0" lastid="0000000001A91000" lastname="node-16" />
</exclusive-start>
<concurrent-collection-start id="1259" timestamp="2019-07-02T22:37:14.741" intervalms="24499.042" >
  <concurrent-trace-info reason="card cleaning threshold reached" tracedByMutators="678256" tracedByHelpers="2486748" cardsCleaned="194" workStackOverflowCount="0" />
</concurrent-collection-start>
<gc-start id="1260" type="global" contextid="1256" timestamp="2019-07-02T22:37:14.741">
  <mem-info id="1261" free="185672" total="12058624" percent="1">
    <mem type="tenure" free="185672" total="12058624" percent="1">
      <mem type="soa" free="65864" total="11938816" percent="0" />
      <mem type="loa" free="119808" total="119808" percent="100" />
    </mem>
  </mem-info>
</gc-start>
<allocation-stats totalBytes="3514600" >
  <allocated-bytes non-tlh="0" tlh="3514600" />
  <largest-consumer threadName="node-23" threadId="0000000001A94C00" bytes="245184" />
</allocation-stats>
<gc-op id="1262" type="card-cleaning" timems="0.304" contextid="1256" timestamp="2019-07-02T22:37:14.742">
  <card-cleaning cardsCleaned="110" bytesTraced="136616" workStackOverflowCount="0" />
</gc-op>
<gc-op id="1263" type="mark" timems="1.511" contextid="1256" timestamp="2019-07-02T22:37:14.744">
  <trace-info objectcount="40353" scancount="43268" scanbytes="2052072" />
  <finalization candidates="18" enqueued="0" />
  <references type="soft" candidates="45" cleared="0" enqueued="0" dynamicThreshold="9" maxThreshold="32" />
  <references type="weak" candidates="165" cleared="0" enqueued="0" />
  <references type="phantom" candidates="57" cleared="0" enqueued="0" />
  <stringconstants candidates="3822" cleared="0"  />
</gc-op>
<gc-op id="1264" type="sweep" timems="0.257" contextid="1256" timestamp="2019-07-02T22:37:14.744" />
<gc-end id="1265" type="global" contextid="1256" durationms="2.699" usertimems="0.000" systemtimems="4.000" timestamp="2019-07-02T22:37:14.744" activeThreads="4">
  <mem-info id="1266" free="3706032" total="12058624" percent="30">
    <mem type="tenure" free="3706032" total="12058624" percent="30" micro-fragmented="0">
      <mem type="soa" free="3586224" total="11938816" percent="30" />
      <mem type="loa" free="119808" total="119808" percent="100" />
    </mem>
  </mem-info>
</gc-end>
<cycle-end id="1267" type="global" contextid="1256" timestamp="2019-07-02T22:37:14.744">
  <attribute name="GC Util" value="206" />
  <attribute name="CPU Util" value="11701675763171" />
  <attribute name="Time Running"value="140554"/>
  <attribute name="Number of cores"value="4"/>
</cycle-end>
<concurrent-collection-end id="1268" timestamp="2019-07-02T22:37:14.744" />
<exclusive-end id="1269" timestamp="2019-07-02T22:37:14.744" durationms="3.413" />

<concurrent-kickoff id="1270" timestamp="2019-07-02T22:37:16.540">
  <kickoff reason="threshold reached" targetBytes="4001156" thresholdFreeBytes="542094" remainingFree="515408" tenureFreeBytes="515408" />
</concurrent-kickoff>
<exclusive-start id="1271" timestamp="2019-07-02T22:37:16.540" intervalms="1799.305">
  <response-info timems="0.039" idlems="0.039" threads="0" lastid="0000000001AA7700" lastname="node-8" />
</exclusive-start>
<cycle-start id="1272" type="global" contextid="0" timestamp="2019-07-02T22:37:16.540" intervalms="1809.887" />
  <attribute name="GC Util" value="206" />
  <attribute name="CPU Util" value="11701675763171" />
  <attribute name="Time Running"value="140554"/>
  <attribute name="Number of cores"value="4"/>
<exclusive-end id="1273" timestamp="2019-07-02T22:37:16.540" durationms="0.224" />

<exclusive-start id="1274" timestamp="2019-07-02T22:37:16.702" intervalms="161.513">
  <response-info timems="0.044" idlems="0.044" threads="0" lastid="0000000001AA3B00" lastname="node-1" />
</exclusive-start>
<af-start id="1275" threadId="0000000001AA4488" totalBytesRequested="32" timestamp="2019-07-02T22:37:16.702" intervalms="3956.155" />
<gc-start id="1276" type="global" contextid="1272" timestamp="2019-07-02T22:37:16.702">
  <mem-info id="1277" free="119808" total="12058624" percent="0">
    <mem type="tenure" free="119808" total="12058624" percent="0">
      <mem type="soa" free="0" total="11938816" percent="0" />
      <mem type="loa" free="119808" total="119808" percent="100" />
    </mem>
  </mem-info>
</gc-start>
<allocation-stats totalBytes="3591928" >
  <allocated-bytes non-tlh="0" tlh="3591928" />
  <largest-consumer threadName="node-20" threadId="0000000001A5C900" bytes="240016" />
</allocation-stats>
<concurrent-halted id="1278" timestamp="2019-07-02T22:37:16.702">
  <halted state="Complete" status="exhausted" />
  <traced bytesTarget="4001156" bytesTotal="3125052" bytesByMutator="184712" bytesByHelper="2940340" percent="78" />
  <cards cleaned="97" thresholdBytes="213552" />
</concurrent-halted>
<gc-op id="1279" type="card-cleaning" timems="0.246" contextid="1272" timestamp="2019-07-02T22:37:16.703">
  <card-cleaning cardsCleaned="175" bytesTraced="241136" workStackOverflowCount="0" />
</gc-op>
<gc-op id="1280" type="mark" timems="1.254" contextid="1272" timestamp="2019-07-02T22:37:16.704">
  <trace-info objectcount="40284" scancount="42974" scanbytes="2003680" />
  <finalization candidates="18" enqueued="0" />
  <references type="soft" candidates="45" cleared="0" enqueued="0" dynamicThreshold="9" maxThreshold="32" />
  <references type="weak" candidates="165" cleared="0" enqueued="0" />
  <references type="phantom" candidates="57" cleared="0" enqueued="0" />
  <stringconstants candidates="3822" cleared="0"  />
</gc-op>
<gc-op id="1281" type="sweep" timems="0.321" contextid="1272" timestamp="2019-07-02T22:37:16.704" />
<gc-end id="1282" type="global" contextid="1272" durationms="2.467" usertimems="0.000" systemtimems="4.000" timestamp="2019-07-02T22:37:16.704" activeThreads="4">
  <mem-info id="1283" free="3709432" total="12058624" percent="30">
    <mem type="tenure" free="3709432" total="12058624" percent="30" micro-fragmented="1284608">
      <mem type="soa" free="3589624" total="11938816" percent="30" />
      <mem type="loa" free="119808" total="119808" percent="100" />
    </mem>
  </mem-info>
</gc-end>
<cycle-end id="1284" type="global" contextid="1272" timestamp="2019-07-02T22:37:16.705">
  <attribute name="GC Util" value="213" />
  <attribute name="CPU Util" value="13845144190836" />
  <attribute name="Time Running"value="142514"/>
  <attribute name="Number of cores"value="4"/>
</cycle-end>
<allocation-satisfied id="1285" threadId="0000000001AA3B00" bytesRequested="32" />
<af-end id="1286" timestamp="2019-07-02T22:37:16.705" threadId="0000000001AA4488" success="true" />
<exclusive-end id="1287" timestamp="2019-07-02T22:37:16.705" durationms="3.486" />

<concurrent-kickoff id="1288" timestamp="2019-07-02T22:37:18.277">
  <kickoff reason="threshold reached" targetBytes="3776067" thresholdFreeBytes="514597" remainingFree="436784" tenureFreeBytes="436784" />
</concurrent-kickoff>
<exclusive-start id="1289" timestamp="2019-07-02T22:37:18.277" intervalms="1575.916">
  <response-info timems="0.047" idlems="0.025" threads="1" lastid="0000000001A98800" lastname="node-12" />
</exclusive-start>
<cycle-start id="1290" type="global" contextid="0" timestamp="2019-07-02T22:37:18.277" intervalms="1737.377" />
  <attribute name="GC Util" value="213" />
  <attribute name="CPU Util" value="13845144190836" />
  <attribute name="Time Running"value="142514"/>
  <attribute name="Number of cores"value="4"/>
<exclusive-end id="1291" timestamp="2019-07-02T22:37:18.278" durationms="0.121" />

<exclusive-start id="1292" timestamp="2019-07-02T22:37:18.284" intervalms="6.472">
  <response-info timems="0.046" idlems="0.019" threads="2" lastid="0000000001A6F500" lastname="node-14" />
</exclusive-start>
<af-start id="1293" threadId="0000000001A8DD88" totalBytesRequested="24" timestamp="2019-07-02T22:37:18.284" intervalms="1582.311" />
<gc-start id="1294" type="global" contextid="1290" timestamp="2019-07-02T22:37:18.284">
  <mem-info id="1295" free="119808" total="12058624" percent="0">
    <mem type="tenure" free="119808" total="12058624" percent="0">
      <mem type="soa" free="0" total="11938816" percent="0" />
      <mem type="loa" free="119808" total="119808" percent="100" />
    </mem>
  </mem-info>
</gc-start>
<allocation-stats totalBytes="3582888" >
  <allocated-bytes non-tlh="0" tlh="3582888" />
  <largest-consumer threadName="node-8" threadId="0000000001AA7700" bytes="233200" />
</allocation-stats>
<concurrent-halted id="1296" timestamp="2019-07-02T22:37:18.284">
  <halted state="Class scanning incomplete" status="clean trace" />
  <traced bytesTarget="3776067" bytesTotal="3164724" bytesByMutator="466864" bytesByHelper="2697860" percent="83" />
  <cards cleaned="139" thresholdBytes="202719" />
</concurrent-halted>
<gc-op id="1297" type="card-cleaning" timems="0.195" contextid="1290" timestamp="2019-07-02T22:37:18.284">
  <card-cleaning cardsCleaned="33" bytesTraced="123044" workStackOverflowCount="0" />
</gc-op>
<gc-op id="1298" type="mark" timems="1.113" contextid="1290" timestamp="2019-07-02T22:37:18.286">
  <trace-info objectcount="39956" scancount="42885" scanbytes="2042896" />
  <finalization candidates="18" enqueued="0" />
  <references type="soft" candidates="45" cleared="0" enqueued="0" dynamicThreshold="9" maxThreshold="32" />
  <references type="weak" candidates="165" cleared="0" enqueued="0" />
  <references type="phantom" candidates="57" cleared="0" enqueued="0" />
  <stringconstants candidates="3822" cleared="0"  />
</gc-op>
<gc-op id="1299" type="sweep" timems="0.311" contextid="1290" timestamp="2019-07-02T22:37:18.286" />
<gc-end id="1300" type="global" contextid="1290" durationms="2.053" usertimems="4.000" systemtimems="0.000" timestamp="2019-07-02T22:37:18.286" activeThreads="4">
  <mem-info id="1301" free="3734136" total="12058624" percent="30">
    <mem type="tenure" free="3734136" total="12058624" percent="30" micro-fragmented="1285252">
      <mem type="soa" free="3614328" total="11938816" percent="30" />
      <mem type="loa" free="119808" total="119808" percent="100" />
    </mem>
  </mem-info>
</gc-end>
<cycle-end id="1302" type="global" contextid="1290" timestamp="2019-07-02T22:37:18.286">
  <attribute name="GC Util" value="228" />
  <attribute name="CPU Util" value="15082156259020" />
  <attribute name="Time Running"value="144096"/>
  <attribute name="Number of cores"value="4"/>
</cycle-end>
<allocation-satisfied id="1303" threadId="0000000001A8D400" bytesRequested="24" />
<af-end id="1304" timestamp="2019-07-02T22:37:18.287" threadId="0000000001A8DD88" success="true" />
<exclusive-end id="1305" timestamp="2019-07-02T22:37:18.287" durationms="2.863" />

<concurrent-kickoff id="1306" timestamp="2019-07-02T22:37:20.048">
  <kickoff reason="threshold reached" targetBytes="3287768" thresholdFreeBytes="455167" remainingFree="415680" tenureFreeBytes="415680" />
</concurrent-kickoff>
<exclusive-start id="1307" timestamp="2019-07-02T22:37:20.048" intervalms="1764.437">
  <response-info timems="0.032" idlems="0.032" threads="0" lastid="0000000001A8D400" lastname="node-11" />
</exclusive-start>
<cycle-start id="1308" type="global" contextid="0" timestamp="2019-07-02T22:37:20.048" intervalms="1770.908" />
  <attribute name="GC Util" value="228" />
  <attribute name="CPU Util" value="15082156259020" />
  <attribute name="Time Running"value="144096"/>
  <attribute name="Number of cores"value="4"/>
<exclusive-end id="1309" timestamp="2019-07-02T22:37:20.048" durationms="0.122" />

<exclusive-start id="1310" timestamp="2019-07-02T22:37:20.051" intervalms="2.693">
  <response-info timems="1.009" idlems="1.009" threads="0" lastid="0000000001A98800" lastname="node-12" />
</exclusive-start>
<af-start id="1311" threadId="0000000001A99188" totalBytesRequested="16" timestamp="2019-07-02T22:37:20.051" intervalms="1767.151" />
<gc-start id="1312" type="global" contextid="1308" timestamp="2019-07-02T22:37:20.051">
  <mem-info id="1313" free="119808" total="12058624" percent="0">
    <mem type="tenure" free="119808" total="12058624" percent="0">
      <mem type="soa" free="0" total="11938816" percent="0" />
      <mem type="loa" free="119808" total="119808" percent="100" />
    </mem>
  </mem-info>
</gc-start>
<allocation-stats totalBytes="3608528" >
  <allocated-bytes non-tlh="0" tlh="3608528" />
  <largest-consumer threadName="node-3" threadId="0000000001AB2B00" bytes="239992" />
</allocation-stats>
<concurrent-halted id="1314" timestamp="2019-07-02T22:37:20.051">
  <halted state="Class scanning incomplete" status="clean trace" />
  <traced bytesTarget="3287768" bytesTotal="3096988" bytesByMutator="1878256" bytesByHelper="1218732" percent="94" />
  <cards cleaned="25" thresholdBytes="179307" />
</concurrent-halted>
<gc-op id="1315" type="tracing" timems="0.147" contextid="1308" timestamp="2019-07-02T22:37:20.052">
  <trace bytesTraced="90512" workStackOverflowCount="0" />
</gc-op>
<gc-op id="1316" type="card-cleaning" timems="0.192" contextid="1308" timestamp="2019-07-02T22:37:20.052">
  <card-cleaning cardsCleaned="4" bytesTraced="112356" workStackOverflowCount="0" />
</gc-op>
<gc-op id="1317" type="mark" timems="1.141" contextid="1308" timestamp="2019-07-02T22:37:20.053">
  <trace-info objectcount="39523" scancount="42232" scanbytes="2000080" />
  <finalization candidates="18" enqueued="0" />
  <references type="soft" candidates="45" cleared="0" enqueued="0" dynamicThreshold="9" maxThreshold="32" />
  <references type="weak" candidates="165" cleared="0" enqueued="0" />
  <references type="phantom" candidates="57" cleared="0" enqueued="0" />
  <stringconstants candidates="3822" cleared="0"  />
</gc-op>
<gc-op id="1318" type="sweep" timems="0.273" contextid="1308" timestamp="2019-07-02T22:37:20.053" />
<gc-end id="1319" type="global" contextid="1308" durationms="2.184" usertimems="0.000" systemtimems="4.000" timestamp="2019-07-02T22:37:20.054" activeThreads="4">
  <mem-info id="1320" free="3716296" total="12058624" percent="30">
    <mem type="tenure" free="3716296" total="12058624" percent="30" micro-fragmented="1285252">
      <mem type="soa" free="3596488" total="11938816" percent="30" />
      <mem type="loa" free="119808" total="119808" percent="100" />
    </mem>
  </mem-info>
</gc-end>
<cycle-end id="1321" type="global" contextid="1308" timestamp="2019-07-02T22:37:20.054">
  <attribute name="GC Util" value="223" />
  <attribute name="CPU Util" value="15099377995084" />
  <attribute name="Time Running"value="145863"/>
  <attribute name="Number of cores"value="4"/>
</cycle-end>
<allocation-satisfied id="1322" threadId="0000000001A98800" bytesRequested="16" />
<af-end id="1323" timestamp="2019-07-02T22:37:20.054" threadId="0000000001A99188" success="true" />
<exclusive-end id="1324" timestamp="2019-07-02T22:37:20.054" durationms="2.764" />

<concurrent-kickoff id="1325" timestamp="2019-07-02T22:37:21.877">
  <kickoff reason="threshold reached" targetBytes="3299856" thresholdFreeBytes="457172" remainingFree="412352" tenureFreeBytes="412352" />
</concurrent-kickoff>
<exclusive-start id="1326" timestamp="2019-07-02T22:37:21.877" intervalms="1826.151">
  <response-info timems="0.068" idlems="0.068" threads="0" lastid="0000000001AA3B00" lastname="node-1" />
</exclusive-start>
<cycle-start id="1327" type="global" contextid="0" timestamp="2019-07-02T22:37:21.877" intervalms="1828.881" />
  <attribute name="GC Util" value="223" />
  <attribute name="CPU Util" value="15099377995084" />
  <attribute name="Time Running"value="145863"/>
  <attribute name="Number of cores"value="4"/>
<exclusive-end id="1328" timestamp="2019-07-02T22:37:21.877" durationms="0.191" />

<exclusive-start id="1329" timestamp="2019-07-02T22:37:22.043" intervalms="165.339">
  <response-info timems="0.097" idlems="0.097" threads="0" lastid="0000000001AA7700" lastname="node-8" />
</exclusive-start>
<af-start id="1330" threadId="0000000001AA8088" totalBytesRequested="32" timestamp="2019-07-02T22:37:22.043" intervalms="1991.473" />
<gc-start id="1331" type="global" contextid="1327" timestamp="2019-07-02T22:37:22.043">
  <mem-info id="1332" free="119808" total="12058624" percent="0">
    <mem type="tenure" free="119808" total="12058624" percent="0">
      <mem type="soa" free="0" total="11938816" percent="0" />
      <mem type="loa" free="119808" total="119808" percent="100" />
    </mem>
  </mem-info>
</gc-start>
<allocation-stats totalBytes="3586392" >
  <allocated-bytes non-tlh="0" tlh="3586392" />
  <largest-consumer threadName="node-11" threadId="0000000001A8D400" bytes="231440" />
</allocation-stats>
<concurrent-halted id="1333" timestamp="2019-07-02T22:37:22.043">
  <halted state="Complete" status="trace only" />
  <traced bytesTarget="3299856" bytesTotal="2782028" bytesByMutator="16036" bytesByHelper="2765992" percent="84" />
  <cards cleaned="0" thresholdBytes="180098" />
</concurrent-halted>
<gc-op id="1334" type="card-cleaning" timems="1.020" contextid="1327" timestamp="2019-07-02T22:37:22.044">
  <card-cleaning cardsCleaned="237" bytesTraced="1154208" workStackOverflowCount="0" />
</gc-op>
<gc-op id="1335" type="mark" timems="1.630" contextid="1327" timestamp="2019-07-02T22:37:22.046">
  <trace-info objectcount="26418" scancount="28048" scanbytes="1399964" />
  <finalization candidates="18" enqueued="0" />
  <references type="soft" candidates="45" cleared="0" enqueued="0" dynamicThreshold="9" maxThreshold="32" />
  <references type="weak" candidates="165" cleared="0" enqueued="0" />
  <references type="phantom" candidates="57" cleared="0" enqueued="0" />
  <stringconstants candidates="3822" cleared="0"  />
</gc-op>
<gc-op id="1336" type="sweep" timems="1.022" contextid="1327" timestamp="2019-07-02T22:37:22.047" />
<gc-end id="1337" type="global" contextid="1327" durationms="4.210" usertimems="12.000" systemtimems="0.000" timestamp="2019-07-02T22:37:22.047" activeThreads="4">
  <mem-info id="1338" free="3697360" total="12058624" percent="30">
    <mem type="tenure" free="3697360" total="12058624" percent="30" micro-fragmented="1296925">
      <mem type="soa" free="3577552" total="11938816" percent="29" />
      <mem type="loa" free="119808" total="119808" percent="100" />
    </mem>
  </mem-info>
</gc-end>
<cycle-end id="1339" type="global" contextid="1327" timestamp="2019-07-02T22:37:22.047">
  <attribute name="GC Util" value="164" />
  <attribute name="CPU Util" value="23951522394254" />
  <attribute name="Time Running"value="147857"/>
  <attribute name="Number of cores"value="4"/>
</cycle-end>
<allocation-satisfied id="1340" threadId="0000000001AA7700" bytesRequested="32" />
<af-end id="1341" timestamp="2019-07-02T22:37:22.047" threadId="0000000001AA8088" success="true" />
<exclusive-end id="1342" timestamp="2019-07-02T22:37:22.048" durationms="5.005" />

<concurrent-kickoff id="1343" timestamp="2019-07-02T22:37:23.704">
  <kickoff reason="threshold reached" targetBytes="4015235" thresholdFreeBytes="543119" remainingFree="507136" tenureFreeBytes="507136" />
</concurrent-kickoff>
<exclusive-start id="1344" timestamp="2019-07-02T22:37:23.704" intervalms="1661.435">
  <response-info timems="0.037" idlems="0.037" threads="0" lastid="0000000001A98800" lastname="node-12" />
</exclusive-start>
<cycle-start id="1345" type="global" contextid="0" timestamp="2019-07-02T22:37:23.704" intervalms="1826.723" />
  <attribute name="GC Util" value="164" />
  <attribute name="CPU Util" value="23951522394254" />
  <attribute name="Time Running"value="147857"/>
  <attribute name="Number of cores"value="4"/>
<exclusive-end id="1346" timestamp="2019-07-02T22:37:23.704" durationms="0.087" />

<exclusive-start id="1347" timestamp="2019-07-02T22:37:23.717" intervalms="13.298">
  <response-info timems="0.031" idlems="0.031" threads="0" lastid="0000000001A58D00" lastname="node-6" />
</exclusive-start>
<af-start id="1348" threadId="0000000001A59688" totalBytesRequested="16" timestamp="2019-07-02T22:37:23.717" intervalms="1674.746" />
<gc-start id="1349" type="global" contextid="1345" timestamp="2019-07-02T22:37:23.717">
  <mem-info id="1350" free="119808" total="12058624" percent="0">
    <mem type="tenure" free="119808" total="12058624" percent="0">
      <mem type="soa" free="0" total="11938816" percent="0" />
      <mem type="loa" free="119808" total="119808" percent="100" />
    </mem>
  </mem-info>
</gc-start>
<allocation-stats totalBytes="3570688" >
  <allocated-bytes non-tlh="0" tlh="3570688" />
  <largest-consumer threadName="node-8" threadId="0000000001AA7700" bytes="242304" />
</allocation-stats>
<concurrent-halted id="1351" timestamp="2019-07-02T22:37:23.718">
  <halted state="Tracing incomplete" status="clean trace" />
  <traced bytesTarget="4015235" bytesTotal="2768308" bytesByMutator="12852" bytesByHelper="2755456" percent="68" />
  <cards cleaned="0" thresholdBytes="213955" />
</concurrent-halted>
<gc-op id="1352" type="tracing" timems="0.936" contextid="1345" timestamp="2019-07-02T22:37:23.718">
  <trace bytesTraced="2215452" workStackOverflowCount="0" />
</gc-op>
<gc-op id="1353" type="card-cleaning" timems="0.161" contextid="1345" timestamp="2019-07-02T22:37:23.719">
  <card-cleaning cardsCleaned="207" bytesTraced="61612" workStackOverflowCount="0" />
</gc-op>
<gc-op id="1354" type="mark" timems="0.741" contextid="1345" timestamp="2019-07-02T22:37:23.720">
  <trace-info objectcount="6208" scancount="6290" scanbytes="296376" />
  <finalization candidates="18" enqueued="0" />
  <references type="soft" candidates="45" cleared="0" enqueued="0" dynamicThreshold="9" maxThreshold="32" />
  <references type="weak" candidates="165" cleared="0" enqueued="0" />
  <references type="phantom" candidates="57" cleared="0" enqueued="0" />
  <stringconstants candidates="3822" cleared="0"  />
</gc-op>
<gc-op id="1355" type="sweep" timems="0.262" contextid="1345" timestamp="2019-07-02T22:37:23.720" />
<gc-end id="1356" type="global" contextid="1345" durationms="2.912" usertimems="4.000" systemtimems="4.000" timestamp="2019-07-02T22:37:23.720" activeThreads="4">
  <mem-info id="1357" free="3712392" total="12058624" percent="30">
    <mem type="tenure" free="3712392" total="12058624" percent="30" micro-fragmented="1288211">
      <mem type="soa" free="3592584" total="11938816" percent="30" />
      <mem type="loa" free="119808" total="119808" percent="100" />
    </mem>
  </mem-info>
</gc-end>
<cycle-end id="1358" type="global" contextid="1345" timestamp="2019-07-02T22:37:23.720">
  <attribute name="GC Util" value="120" />
  <attribute name="CPU Util" value="19108232805111" />
  <attribute name="Time Running"value="149530"/>
  <attribute name="Number of cores"value="4"/>
</cycle-end>
<allocation-satisfied id="1359" threadId="0000000001A58D00" bytesRequested="16" />
<af-end id="1360" timestamp="2019-07-02T22:37:23.721" threadId="0000000001A59688" success="true" />
<exclusive-end id="1361" timestamp="2019-07-02T22:37:23.721" durationms="3.359" />

<concurrent-kickoff id="1362" timestamp="2019-07-02T22:37:25.401">
  <kickoff reason="threshold reached" targetBytes="5045372" thresholdFreeBytes="696748" remainingFree="696048" tenureFreeBytes="696048" />
</concurrent-kickoff>
<exclusive-start id="1363" timestamp="2019-07-02T22:37:25.601" intervalms="1883.891">
  <response-info timems="0.031" idlems="0.031" threads="0" lastid="0000000001A85C00" lastname="node-10" />
</exclusive-start>
<cycle-start id="1364" type="global" contextid="0" timestamp="2019-07-02T22:37:25.601" intervalms="1897.203" />
  <attribute name="GC Util" value="120" />
  <attribute name="CPU Util" value="19108232805111" />
  <attribute name="Time Running"value="149530"/>
  <attribute name="Number of cores"value="4"/>
<exclusive-end id="1365" timestamp="2019-07-02T22:37:25.601" durationms="0.105" />

<exclusive-start id="1366" timestamp="2019-07-02T22:37:25.630" intervalms="28.927">
  <response-info timems="0.040" idlems="0.040" threads="0" lastid="0000000001A98800" lastname="node-12" />
</exclusive-start>
<af-start id="1367" threadId="0000000001A99188" totalBytesRequested="720" timestamp="2019-07-02T22:37:25.630" intervalms="1912.820" />
<gc-start id="1368" type="global" contextid="1364" timestamp="2019-07-02T22:37:25.631">
  <mem-info id="1369" free="119808" total="12058624" percent="0">
    <mem type="tenure" free="119808" total="12058624" percent="0">
      <mem type="soa" free="0" total="11938816" percent="0" />
      <mem type="loa" free="119808" total="119808" percent="100" />
    </mem>
  </mem-info>
</gc-start>
<allocation-stats totalBytes="3586808" >
  <allocated-bytes non-tlh="0" tlh="3586808" />
  <largest-consumer threadName="node-21" threadId="0000000001A89800" bytes="238816" />
</allocation-stats>
<concurrent-halted id="1370" timestamp="2019-07-02T22:37:25.631">
  <halted state="Complete" status="trace only" />
  <traced bytesTarget="5045372" bytesTotal="2799648" bytesByMutator="16064" bytesByHelper="2783584" percent="55" />
  <cards cleaned="0" thresholdBytes="274476" />
</concurrent-halted>
<gc-op id="1371" type="card-cleaning" timems="0.700" contextid="1364" timestamp="2019-07-02T22:37:25.632">
  <card-cleaning cardsCleaned="308" bytesTraced="1139228" workStackOverflowCount="0" />
</gc-op>
<gc-op id="1372" type="mark" timems="1.431" contextid="1364" timestamp="2019-07-02T22:37:25.633">
  <trace-info objectcount="26414" scancount="28050" scanbytes="1400144" />
  <finalization candidates="18" enqueued="0" />
  <references type="soft" candidates="45" cleared="0" enqueued="0" dynamicThreshold="9" maxThreshold="32" />
  <references type="weak" candidates="165" cleared="0" enqueued="0" />
  <references type="phantom" candidates="57" cleared="0" enqueued="0" />
  <stringconstants candidates="3822" cleared="0"  />
</gc-op>
<gc-op id="1373" type="sweep" timems="0.804" contextid="1364" timestamp="2019-07-02T22:37:25.634" />
<gc-end id="1374" type="global" contextid="1364" durationms="3.334" usertimems="8.000" systemtimems="0.000" timestamp="2019-07-02T22:37:25.634" activeThreads="4">
  <mem-info id="1375" free="3704464" total="12058624" percent="30">
    <mem type="tenure" free="3704464" total="12058624" percent="30" micro-fragmented="1294730">
      <mem type="soa" free="3584656" total="11938816" percent="30" />
      <mem type="loa" free="119808" total="119808" percent="100" />
    </mem>
  </mem-info>
</gc-end>
<cycle-end id="1376" type="global" contextid="1364" timestamp="2019-07-02T22:37:25.634">
  <attribute name="GC Util" value="245" />
  <attribute name="CPU Util" value="12307856134155" />
  <attribute name="Time Running"value="151443"/>
  <attribute name="Number of cores"value="4"/>
</cycle-end>
<allocation-satisfied id="1377" threadId="0000000001A98800" bytesRequested="720" />
<af-end id="1378" timestamp="2019-07-02T22:37:25.634" threadId="0000000001A99188" success="true" />
<exclusive-end id="1379" timestamp="2019-07-02T22:37:25.635" durationms="4.465" />

<concurrent-kickoff id="1380" timestamp="2019-07-02T22:37:27.705">
  <kickoff reason="threshold reached" targetBytes="4145566" thresholdFreeBytes="557728" remainingFree="506000" tenureFreeBytes="506000" />
</concurrent-kickoff>
<exclusive-start id="1381" timestamp="2019-07-02T22:37:27.706" intervalms="2075.568">
  <response-info timems="0.062" idlems="0.062" threads="0" lastid="0000000001A91000" lastname="node-16" />
</exclusive-start>
<cycle-start id="1382" type="global" contextid="0" timestamp="2019-07-02T22:37:27.706" intervalms="2104.576" />
  <attribute name="GC Util" value="245" />
  <attribute name="CPU Util" value="12307856134155" />
  <attribute name="Time Running"value="151443"/>
  <attribute name="Number of cores"value="4"/>
<exclusive-end id="1383" timestamp="2019-07-02T22:37:27.706" durationms="0.236" />

<exclusive-start id="1384" timestamp="2019-07-02T22:37:27.721" intervalms="15.815">
  <response-info timems="0.029" idlems="0.029" threads="0" lastid="0000000001A6F500" lastname="node-14" />
</exclusive-start>
<af-start id="1385" threadId="0000000001A6FE88" totalBytesRequested="32" timestamp="2019-07-02T22:37:27.722" intervalms="2091.373" />
<gc-start id="1386" type="global" contextid="1382" timestamp="2019-07-02T22:37:27.722">
  <mem-info id="1387" free="119808" total="12058624" percent="0">
    <mem type="tenure" free="119808" total="12058624" percent="0">
      <mem type="soa" free="0" total="11938816" percent="0" />
      <mem type="loa" free="119808" total="119808" percent="100" />
    </mem>
  </mem-info>
</gc-start>
<allocation-stats totalBytes="3576984" >
  <allocated-bytes non-tlh="0" tlh="3576984" />
  <largest-consumer threadName="node-13" threadId="0000000001AAB300" bytes="245896" />
</allocation-stats>
<concurrent-halted id="1388" timestamp="2019-07-02T22:37:27.722">
  <halted state="Complete" status="trace only" />
  <traced bytesTarget="4145566" bytesTotal="2793168" bytesByMutator="15712" bytesByHelper="2777456" percent="67" />
  <cards cleaned="0" thresholdBytes="219710" />
</concurrent-halted>
<gc-op id="1389" type="card-cleaning" timems="1.067" contextid="1382" timestamp="2019-07-02T22:37:27.723">
  <card-cleaning cardsCleaned="226" bytesTraced="1277396" workStackOverflowCount="0" />
</gc-op>
<gc-op id="1390" type="mark" timems="1.713" contextid="1382" timestamp="2019-07-02T22:37:27.725">
  <trace-info objectcount="23584" scancount="25385" scanbytes="1267428" />
  <finalization candidates="18" enqueued="0" />
  <references type="soft" candidates="45" cleared="0" enqueued="0" dynamicThreshold="9" maxThreshold="32" />
  <references type="weak" candidates="165" cleared="0" enqueued="0" />
  <references type="phantom" candidates="57" cleared="0" enqueued="0" />
  <stringconstants candidates="3822" cleared="0"  />
</gc-op>
<gc-op id="1391" type="sweep" timems="0.848" contextid="1382" timestamp="2019-07-02T22:37:27.726" />
<gc-end id="1392" type="global" contextid="1382" durationms="3.996" usertimems="0.000" systemtimems="12.000" timestamp="2019-07-02T22:37:27.726" activeThreads="4">
  <mem-info id="1393" free="3708088" total="12058624" percent="30">
    <mem type="tenure" free="3708088" total="12058624" percent="30" micro-fragmented="1303073">
      <mem type="soa" free="3588280" total="11938816" percent="30" />
      <mem type="loa" free="119808" total="119808" percent="100" />
    </mem>
  </mem-info>
</gc-end>
<cycle-end id="1394" type="global" contextid="1382" timestamp="2019-07-02T22:37:27.726">
  <attribute name="GC Util" value="253" />
  <attribute name="CPU Util" value="10443490179423" />
  <attribute name="Time Running"value="153535"/>
  <attribute name="Number of cores"value="4"/>
</cycle-end>
<allocation-satisfied id="1395" threadId="0000000001A6F500" bytesRequested="32" />
<af-end id="1396" timestamp="2019-07-02T22:37:27.726" threadId="0000000001A6FE88" success="true" />
<exclusive-end id="1397" timestamp="2019-07-02T22:37:27.726" durationms="4.807" />

<concurrent-kickoff id="1398" timestamp="2019-07-02T22:37:29.435">
  <kickoff reason="threshold reached" targetBytes="4395933" thresholdFreeBytes="589167" remainingFree="583440" tenureFreeBytes="583440" />
</concurrent-kickoff>
<exclusive-start id="1399" timestamp="2019-07-02T22:37:29.435" intervalms="1713.830">
  <response-info timems="0.040" idlems="0.022" threads="1" lastid="0000000001A89800" lastname="node-21" />
</exclusive-start>
<cycle-start id="1400" type="global" contextid="0" timestamp="2019-07-02T22:37:29.435" intervalms="1729.559" />
  <attribute name="GC Util" value="253" />
  <attribute name="CPU Util" value="10443490179423" />
  <attribute name="Time Running"value="153535"/>
  <attribute name="Number of cores"value="4"/>
<exclusive-end id="1401" timestamp="2019-07-02T22:37:29.435" durationms="0.107" />

<exclusive-start id="1402" timestamp="2019-07-02T22:37:29.604" intervalms="169.124">
  <response-info timems="0.029" idlems="0.029" threads="0" lastid="0000000001A64100" lastname="node-7" />
</exclusive-start>
<af-start id="1403" threadId="0000000001A64A88" totalBytesRequested="32" timestamp="2019-07-02T22:37:29.604" intervalms="1882.958" />
<gc-start id="1404" type="global" contextid="1400" timestamp="2019-07-02T22:37:29.605">
  <mem-info id="1405" free="119808" total="12058624" percent="0">
    <mem type="tenure" free="119808" total="12058624" percent="0">
      <mem type="soa" free="0" total="11938816" percent="0" />
      <mem type="loa" free="119808" total="119808" percent="100" />
    </mem>
  </mem-info>
</gc-start>
<allocation-stats totalBytes="3581248" >
  <allocated-bytes non-tlh="0" tlh="3581248" />
  <largest-consumer threadName="node-14" threadId="0000000001A6F500" bytes="226488" />
</allocation-stats>
<concurrent-halted id="1406" timestamp="2019-07-02T22:37:29.605">
  <halted state="Complete" status="trace only" />
  <traced bytesTarget="4395933" bytesTotal="3075324" bytesByMutator="67476" bytesByHelper="3007848" percent="69" />
  <cards cleaned="0" thresholdBytes="232095" />
</concurrent-halted>
<gc-op id="1407" type="card-cleaning" timems="0.405" contextid="1400" timestamp="2019-07-02T22:37:29.605">
  <card-cleaning cardsCleaned="235" bytesTraced="465664" workStackOverflowCount="0" />
</gc-op>
<gc-op id="1408" type="mark" timems="1.234" contextid="1400" timestamp="2019-07-02T22:37:29.607">
  <trace-info objectcount="37242" scancount="39641" scanbytes="1817464" />
  <finalization candidates="18" enqueued="0" />
  <references type="soft" candidates="45" cleared="0" enqueued="0" dynamicThreshold="9" maxThreshold="32" />
  <references type="weak" candidates="165" cleared="0" enqueued="0" />
  <references type="phantom" candidates="57" cleared="0" enqueued="0" />
  <stringconstants candidates="3822" cleared="0"  />
</gc-op>
<gc-op id="1409" type="sweep" timems="0.445" contextid="1400" timestamp="2019-07-02T22:37:29.607" />
<gc-end id="1410" type="global" contextid="1400" durationms="2.766" usertimems="0.000" systemtimems="4.000" timestamp="2019-07-02T22:37:29.607" activeThreads="4">
  <mem-info id="1411" free="3683168" total="12058624" percent="30">
    <mem type="tenure" free="3683168" total="12058624" percent="30" micro-fragmented="1295634">
      <mem type="soa" free="3563360" total="11938816" percent="29" />
      <mem type="loa" free="119808" total="119808" percent="100" />
    </mem>
  </mem-info>
</gc-end>
<cycle-end id="1412" type="global" contextid="1400" timestamp="2019-07-02T22:37:29.608">
  <attribute name="GC Util" value="16" />
  <attribute name="CPU Util" value="66214666712638" />
  <attribute name="Time Running"value="155417"/>
  <attribute name="Number of cores"value="4"/>
</cycle-end>
<allocation-satisfied id="1413" threadId="0000000001A64100" bytesRequested="32" />
<af-end id="1414" timestamp="2019-07-02T22:37:29.608" threadId="0000000001A64A88" success="true" />
<exclusive-end id="1415" timestamp="2019-07-02T22:37:29.608" durationms="3.620" />

<concurrent-kickoff id="1416" timestamp="2019-07-02T22:37:31.220">
  <kickoff reason="threshold reached" targetBytes="4455727" thresholdFreeBytes="595755" remainingFree="591864" tenureFreeBytes="591864" />
</concurrent-kickoff>
<exclusive-start id="1417" timestamp="2019-07-02T22:37:31.220" intervalms="1615.566">
  <response-info timems="0.036" idlems="0.036" threads="0" lastid="0000000001A7A800" lastname="node-5" />
</exclusive-start>
<cycle-start id="1418" type="global" contextid="0" timestamp="2019-07-02T22:37:31.220" intervalms="1784.696" />
  <attribute name="GC Util" value="16" />
  <attribute name="CPU Util" value="66214666712638" />
  <attribute name="Time Running"value="155417"/>
  <attribute name="Number of cores"value="4"/>
<exclusive-end id="1419" timestamp="2019-07-02T22:37:31.220" durationms="0.116" />

<exclusive-start id="1420" timestamp="2019-07-02T22:37:31.228" intervalms="8.306">
  <response-info timems="0.028" idlems="0.028" threads="0" lastid="0000000001A60500" lastname="node-24" />
</exclusive-start>
<af-start id="1421" threadId="0000000001A60E88" totalBytesRequested="32" timestamp="2019-07-02T22:37:31.228" intervalms="1623.861" />
<gc-start id="1422" type="global" contextid="1418" timestamp="2019-07-02T22:37:31.228">
  <mem-info id="1423" free="119808" total="12058624" percent="0">
    <mem type="tenure" free="119808" total="12058624" percent="0">
      <mem type="soa" free="0" total="11938816" percent="0" />
      <mem type="loa" free="119808" total="119808" percent="100" />
    </mem>
  </mem-info>
</gc-start>
<allocation-stats totalBytes="3551376" >
  <allocated-bytes non-tlh="0" tlh="3551376" />
  <largest-consumer threadName="node-7" threadId="0000000001A64100" bytes="268200" />
</allocation-stats>
<concurrent-halted id="1424" timestamp="2019-07-02T22:37:31.229">
  <halted state="Complete" status="clean trace" />
  <traced bytesTarget="4455727" bytesTotal="3175848" bytesByMutator="41996" bytesByHelper="3133852" percent="71" />
  <cards cleaned="207" thresholdBytes="234691" />
</concurrent-halted>
<gc-op id="1425" type="card-cleaning" timems="0.924" contextid="1418" timestamp="2019-07-02T22:37:31.229">
  <card-cleaning cardsCleaned="80" bytesTraced="128812" workStackOverflowCount="0" />
</gc-op>
<gc-op id="1426" type="mark" timems="1.873" contextid="1418" timestamp="2019-07-02T22:37:31.231">
  <trace-info objectcount="39949" scancount="42871" scanbytes="2042524" />
  <finalization candidates="18" enqueued="0" />
  <references type="soft" candidates="45" cleared="0" enqueued="0" dynamicThreshold="9" maxThreshold="32" />
  <references type="weak" candidates="165" cleared="0" enqueued="0" />
  <references type="phantom" candidates="57" cleared="0" enqueued="0" />
  <stringconstants candidates="3822" cleared="0"  />
</gc-op>
<gc-op id="1427" type="sweep" timems="0.575" contextid="1418" timestamp="2019-07-02T22:37:31.232" />
<gc-end id="1428" type="global" contextid="1418" durationms="3.751" usertimems="8.000" systemtimems="0.000" timestamp="2019-07-02T22:37:31.232" activeThreads="4">
  <mem-info id="1429" free="3730592" total="12058624" percent="30">
    <mem type="tenure" free="3730592" total="12058624" percent="30" micro-fragmented="1284995">
      <mem type="soa" free="3610784" total="11938816" percent="30" />
      <mem type="loa" free="119808" total="119808" percent="100" />
    </mem>
  </mem-info>
</gc-end>
<cycle-end id="1430" type="global" contextid="1418" timestamp="2019-07-02T22:37:31.232">
  <attribute name="GC Util" value="248" />
  <attribute name="CPU Util" value="9353526318025" />
  <attribute name="Time Running"value="157041"/>
  <attribute name="Number of cores"value="4"/>
</cycle-end>
<allocation-satisfied id="1431" threadId="0000000001A60500" bytesRequested="32" />
<af-end id="1432" timestamp="2019-07-02T22:37:31.232" threadId="0000000001A60E88" success="true" />
<exclusive-end id="1433" timestamp="2019-07-02T22:37:31.233" durationms="4.242" />

<concurrent-kickoff id="1434" timestamp="2019-07-02T22:37:33.242">
  <kickoff reason="threshold reached" targetBytes="3304660" thresholdFreeBytes="457481" remainingFree="399024" tenureFreeBytes="399024" />
</concurrent-kickoff>
<exclusive-start id="1435" timestamp="2019-07-02T22:37:33.242" intervalms="2013.845">
  <response-info timems="0.084" idlems="0.084" threads="0" lastid="0000000001A60500" lastname="node-24" />
</exclusive-start>
<cycle-start id="1436" type="global" contextid="0" timestamp="2019-07-02T22:37:33.242" intervalms="2022.142" />
  <attribute name="GC Util" value="248" />
  <attribute name="CPU Util" value="9353526318025" />
  <attribute name="Time Running"value="157041"/>
  <attribute name="Number of cores"value="4"/>
<exclusive-end id="1437" timestamp="2019-07-02T22:37:33.242" durationms="0.206" />

<exclusive-start id="1438" timestamp="2019-07-02T22:37:33.251" intervalms="8.481">
  <response-info timems="0.027" idlems="0.027" threads="0" lastid="0000000001AA3B00" lastname="node-1" />
</exclusive-start>
<af-start id="1439" threadId="0000000001AA4488" totalBytesRequested="32" timestamp="2019-07-02T22:37:33.251" intervalms="2022.394" />
<concurrent-aborted id="1440" timestamp="2019-07-02T22:37:33.251">
  <reason value="insufficient progress made" />
</concurrent-aborted>
<cycle-end id="1441" type="global" contextid="1436" timestamp="2019-07-02T22:37:33.251">
  <attribute name="GC Util" value="0" />
  <attribute name="CPU Util" value="9134811222" />
  <attribute name="Time Running"value="159061"/>
  <attribute name="Number of cores"value="4"/>
</cycle-end>
<cycle-start id="1442" type="global" contextid="0" timestamp="2019-07-02T22:37:33.251" intervalms="9.252" />
  <attribute name="GC Util" value="0" />
  <attribute name="CPU Util" value="9134811222" />
  <attribute name="Time Running"value="159061"/>
  <attribute name="Number of cores"value="4"/>
<gc-start id="1443" type="global" contextid="1442" timestamp="2019-07-02T22:37:33.252">
  <mem-info id="1444" free="119808" total="12058624" percent="0">
    <mem type="tenure" free="119808" total="12058624" percent="0">
      <mem type="soa" free="0" total="11938816" percent="0" />
      <mem type="loa" free="119808" total="119808" percent="100" />
    </mem>
  </mem-info>
</gc-start>
<allocation-stats totalBytes="3602528" >
  <allocated-bytes non-tlh="0" tlh="3602528" />
  <largest-consumer threadName="node-15" threadId="0000000001A7E400" bytes="255960" />
</allocation-stats>
<gc-op id="1445" type="mark" timems="3.615" contextid="1442" timestamp="2019-07-02T22:37:33.256">
  <trace-info objectcount="143511" scancount="134010" scanbytes="5270916" />
  <finalization candidates="18" enqueued="0" />
  <references type="soft" candidates="45" cleared="0" enqueued="0" dynamicThreshold="9" maxThreshold="32" />
  <references type="weak" candidates="165" cleared="0" enqueued="0" />
  <references type="phantom" candidates="57" cleared="0" enqueued="0" />
  <stringconstants candidates="3822" cleared="0"  />
</gc-op>
<gc-op id="1446" type="sweep" timems="0.816" contextid="1442" timestamp="2019-07-02T22:37:33.256" />
<gc-end id="1447" type="global" contextid="1442" durationms="4.958" usertimems="12.000" systemtimems="0.000" timestamp="2019-07-02T22:37:33.257" activeThreads="4">
  <mem-info id="1448" free="3737008" total="12058624" percent="30">
    <mem type="tenure" free="3737008" total="12058624" percent="30" micro-fragmented="1288223">
      <mem type="soa" free="3617200" total="11938816" percent="30" />
      <mem type="loa" free="119808" total="119808" percent="100" />
    </mem>
  </mem-info>
</gc-end>
<cycle-end id="1449" type="global" contextid="1442" timestamp="2019-07-02T22:37:33.257">
  <attribute name="GC Util" value="270" />
  <attribute name="CPU Util" value="4914318322184" />
  <attribute name="Time Running"value="159066"/>
  <attribute name="Number of cores"value="4"/>
</cycle-end>
<allocation-satisfied id="1450" threadId="0000000001AA3B00" bytesRequested="32" />
<af-end id="1451" timestamp="2019-07-02T22:37:33.257" threadId="0000000001AA4488" success="true" />
<exclusive-end id="1452" timestamp="2019-07-02T22:37:33.257" durationms="6.370" />

<concurrent-kickoff id="1453" timestamp="2019-07-02T22:37:35.187">
  <kickoff reason="threshold reached" targetBytes="4386141" thresholdFreeBytes="586507" remainingFree="505320" tenureFreeBytes="505320" />
</concurrent-kickoff>
<exclusive-start id="1454" timestamp="2019-07-02T22:37:35.187" intervalms="1936.295">
  <response-info timems="0.062" idlems="0.024" threads="2" lastid="0000000001A9FF00" lastname="node-0" />
</exclusive-start>
<cycle-start id="1455" type="global" contextid="0" timestamp="2019-07-02T22:37:35.187" intervalms="1935.571" />
  <attribute name="GC Util" value="270" />
  <attribute name="CPU Util" value="4914318322184" />
  <attribute name="Time Running"value="159066"/>
  <attribute name="Number of cores"value="4"/>
<exclusive-end id="1456" timestamp="2019-07-02T22:37:35.187" durationms="0.195" />

<exclusive-start id="1457" timestamp="2019-07-02T22:37:35.193" intervalms="6.466">
  <response-info timems="0.030" idlems="0.030" threads="0" lastid="0000000001A91000" lastname="node-16" />
</exclusive-start>
<af-start id="1458" threadId="0000000001A91988" totalBytesRequested="32" timestamp="2019-07-02T22:37:35.193" intervalms="1942.701" />
<gc-start id="1459" type="global" contextid="1455" timestamp="2019-07-02T22:37:35.194">
  <mem-info id="1460" free="119808" total="12058624" percent="0">
    <mem type="tenure" free="119808" total="12058624" percent="0">
      <mem type="soa" free="0" total="11938816" percent="0" />
      <mem type="loa" free="119808" total="119808" percent="100" />
    </mem>
  </mem-info>
</gc-start>
<allocation-stats totalBytes="3607384" >
  <allocated-bytes non-tlh="0" tlh="3607384" />
  <largest-consumer threadName="node-0" threadId="0000000001A9FF00" bytes="230208" />
</allocation-stats>
<concurrent-halted id="1461" timestamp="2019-07-02T22:37:35.194">
  <halted state="Tracing incomplete" status="clean trace" />
  <traced bytesTarget="4386141" bytesTotal="2937176" bytesByMutator="282656" bytesByHelper="2654520" percent="66" />
  <cards cleaned="10" thresholdBytes="231047" />
</concurrent-halted>
<gc-op id="1462" type="tracing" timems="1.553" contextid="1455" timestamp="2019-07-02T22:37:35.196">
  <trace bytesTraced="1845156" workStackOverflowCount="0" />
</gc-op>
<gc-op id="1463" type="card-cleaning" timems="0.958" contextid="1455" timestamp="2019-07-02T22:37:35.197">
  <card-cleaning cardsCleaned="154" bytesTraced="50820" workStackOverflowCount="0" />
</gc-op>
<gc-op id="1464" type="mark" timems="1.737" contextid="1455" timestamp="2019-07-02T22:37:35.199">
  <trace-info objectcount="7720" scancount="8060" scanbytes="490460" />
  <finalization candidates="18" enqueued="0" />
  <references type="soft" candidates="45" cleared="0" enqueued="0" dynamicThreshold="9" maxThreshold="32" />
  <references type="weak" candidates="165" cleared="0" enqueued="0" />
  <references type="phantom" candidates="57" cleared="0" enqueued="0" />
  <stringconstants candidates="3822" cleared="0"  />
</gc-op>
<gc-op id="1465" type="sweep" timems="0.871" contextid="1455" timestamp="2019-07-02T22:37:35.200" />
<gc-end id="1466" type="global" contextid="1455" durationms="6.004" usertimems="8.000" systemtimems="4.000" timestamp="2019-07-02T22:37:35.200" activeThreads="4">
  <mem-info id="1467" free="3739248" total="12058624" percent="31">
    <mem type="tenure" free="3739248" total="12058624" percent="31" micro-fragmented="1287836">
      <mem type="soa" free="3619440" total="11938816" percent="30" />
      <mem type="loa" free="119808" total="119808" percent="100" />
    </mem>
  </mem-info>
</gc-end>
<cycle-end id="1468" type="global" contextid="1455" timestamp="2019-07-02T22:37:35.200">
  <attribute name="GC Util" value="215" />
  <attribute name="CPU Util" value="9769543195709" />
  <attribute name="Time Running"value="161009"/>
  <attribute name="Number of cores"value="4"/>
</cycle-end>
<allocation-satisfied id="1469" threadId="0000000001A91000" bytesRequested="32" />
<af-end id="1470" timestamp="2019-07-02T22:37:35.200" threadId="0000000001A91988" success="true" />
<exclusive-end id="1471" timestamp="2019-07-02T22:37:35.200" durationms="7.025" />

<concurrent-kickoff id="1472" timestamp="2019-07-02T22:37:37.027">
  <kickoff reason="threshold reached" targetBytes="4833152" thresholdFreeBytes="667702" remainingFree="667440" tenureFreeBytes="667440" />
</concurrent-kickoff>
<exclusive-start id="1473" timestamp="2019-07-02T22:37:37.028" intervalms="1834.245">
  <response-info timems="0.035" idlems="0.035" threads="0" lastid="0000000001AAEF00" lastname="node-2" />
</exclusive-start>
<cycle-start id="1474" type="global" contextid="0" timestamp="2019-07-02T22:37:37.028" intervalms="1840.675" />
  <attribute name="GC Util" value="215" />
  <attribute name="CPU Util" value="9769543195709" />
  <attribute name="Time Running"value="161009"/>
  <attribute name="Number of cores"value="4"/>
<exclusive-end id="1475" timestamp="2019-07-02T22:37:37.028" durationms="0.114" />

<exclusive-start id="1476" timestamp="2019-07-02T22:37:37.034" intervalms="6.787">
  <response-info timems="0.399" idlems="0.399" threads="0" lastid="0000000001A98800" lastname="node-12" />
</exclusive-start>
<af-start id="1477" threadId="0000000001A99188" totalBytesRequested="16" timestamp="2019-07-02T22:37:37.035" intervalms="1841.089" />
<gc-start id="1478" type="global" contextid="1474" timestamp="2019-07-02T22:37:37.035">
  <mem-info id="1479" free="119808" total="12058624" percent="0">
    <mem type="tenure" free="119808" total="12058624" percent="0">
      <mem type="soa" free="0" total="11938816" percent="0" />
      <mem type="loa" free="119808" total="119808" percent="100" />
    </mem>
  </mem-info>
</gc-start>
<allocation-stats totalBytes="3604576" >
  <allocated-bytes non-tlh="0" tlh="3604576" />
  <largest-consumer threadName="node-21" threadId="0000000001A89800" bytes="234040" />
</allocation-stats>
<concurrent-halted id="1480" timestamp="2019-07-02T22:37:37.035">
  <halted state="Complete" status="clean trace" />
  <traced bytesTarget="4833152" bytesTotal="3200016" bytesByMutator="278388" bytesByHelper="2921628" percent="66" />
  <cards cleaned="101" thresholdBytes="263034" />
</concurrent-halted>
<gc-op id="1481" type="card-cleaning" timems="0.447" contextid="1474" timestamp="2019-07-02T22:37:37.036">
  <card-cleaning cardsCleaned="20" bytesTraced="35740" workStackOverflowCount="0" />
</gc-op>
<gc-op id="1482" type="mark" timems="1.653" contextid="1474" timestamp="2019-07-02T22:37:37.037">
  <trace-info objectcount="40786" scancount="43641" scanbytes="2132156" />
  <finalization candidates="18" enqueued="0" />
  <references type="soft" candidates="45" cleared="0" enqueued="0" dynamicThreshold="9" maxThreshold="32" />
  <references type="weak" candidates="165" cleared="0" enqueued="0" />
  <references type="phantom" candidates="57" cleared="0" enqueued="0" />
  <stringconstants candidates="3822" cleared="0"  />
</gc-op>
<gc-op id="1483" type="sweep" timems="0.528" contextid="1474" timestamp="2019-07-02T22:37:37.038" />
<gc-end id="1484" type="global" contextid="1474" durationms="3.224" usertimems="8.000" systemtimems="0.000" timestamp="2019-07-02T22:37:37.038" activeThreads="4">
  <mem-info id="1485" free="3719720" total="12058624" percent="30">
    <mem type="tenure" free="3719720" total="12058624" percent="30" micro-fragmented="1288094">
      <mem type="soa" free="3599912" total="11938816" percent="30" />
      <mem type="loa" free="119808" total="119808" percent="100" />
    </mem>
  </mem-info>
</gc-end>
<cycle-end id="1486" type="global" contextid="1474" timestamp="2019-07-02T22:37:37.038">
  <attribute name="GC Util" value="235" />
  <attribute name="CPU Util" value="10498259654036" />
  <attribute name="Time Running"value="162848"/>
  <attribute name="Number of cores"value="4"/>
</cycle-end>
<allocation-satisfied id="1487" threadId="0000000001A98800" bytesRequested="16" />
<af-end id="1488" timestamp="2019-07-02T22:37:37.038" threadId="0000000001A99188" success="true" />
<exclusive-end id="1489" timestamp="2019-07-02T22:37:37.039" durationms="4.172" />

<concurrent-kickoff id="1490" timestamp="2019-07-02T22:37:38.871">
  <kickoff reason="threshold reached" targetBytes="3235756" thresholdFreeBytes="448225" remainingFree="391096" tenureFreeBytes="391096" />
</concurrent-kickoff>
<exclusive-start id="1491" timestamp="2019-07-02T22:37:38.871" intervalms="1836.877">
  <response-info timems="0.082" idlems="0.043" threads="1" lastid="0000000001A73100" lastname="node-25" />
</exclusive-start>
<cycle-start id="1492" type="global" contextid="0" timestamp="2019-07-02T22:37:38.871" intervalms="1843.696" />
  <attribute name="GC Util" value="235" />
  <attribute name="CPU Util" value="10498259654036" />
  <attribute name="Time Running"value="162848"/>
  <attribute name="Number of cores"value="4"/>
<exclusive-end id="1493" timestamp="2019-07-02T22:37:38.871" durationms="0.192" />

<exclusive-start id="1494" timestamp="2019-07-02T22:37:38.878" intervalms="6.868">
  <response-info timems="0.032" idlems="0.032" threads="0" lastid="0000000001A60500" lastname="node-24" />
</exclusive-start>
<af-start id="1495" threadId="0000000001A60E88" totalBytesRequested="24" timestamp="2019-07-02T22:37:38.878" intervalms="1843.819" />
<concurrent-aborted id="1496" timestamp="2019-07-02T22:37:38.879">
  <reason value="insufficient progress made" />
</concurrent-aborted>
<cycle-end id="1497" type="global" contextid="1492" timestamp="2019-07-02T22:37:38.879">
  <attribute name="GC Util" value="0" />
  <attribute name="CPU Util" value="10019771658" />
  <attribute name="Time Running"value="164689"/>
  <attribute name="Number of cores"value="4"/>
</cycle-end>
<cycle-start id="1498" type="global" contextid="0" timestamp="2019-07-02T22:37:38.879" intervalms="7.583" />
  <attribute name="GC Util" value="0" />
  <attribute name="CPU Util" value="10019771658" />
  <attribute name="Time Running"value="164689"/>
  <attribute name="Number of cores"value="4"/>
<gc-start id="1499" type="global" contextid="1498" timestamp="2019-07-02T22:37:38.879">
  <mem-info id="1500" free="119808" total="12058624" percent="0">
    <mem type="tenure" free="119808" total="12058624" percent="0">
      <mem type="soa" free="0" total="11938816" percent="0" />
      <mem type="loa" free="119808" total="119808" percent="100" />
    </mem>
  </mem-info>
</gc-start>
<allocation-stats totalBytes="3589984" >
  <allocated-bytes non-tlh="0" tlh="3589984" />
  <largest-consumer threadName="node-9" threadId="0000000001A82000" bytes="241768" />
</allocation-stats>
<gc-op id="1501" type="mark" timems="2.447" contextid="1498" timestamp="2019-07-02T22:37:38.882">
  <trace-info objectcount="143402" scancount="133925" scanbytes="5268796" />
  <finalization candidates="18" enqueued="0" />
  <references type="soft" candidates="45" cleared="0" enqueued="0" dynamicThreshold="9" maxThreshold="32" />
  <references type="weak" candidates="165" cleared="0" enqueued="0" />
  <references type="phantom" candidates="57" cleared="0" enqueued="0" />
  <stringconstants candidates="3822" cleared="0"  />
</gc-op>
<gc-op id="1502" type="sweep" timems="0.256" contextid="1498" timestamp="2019-07-02T22:37:38.882" />
<gc-end id="1503" type="global" contextid="1498" durationms="3.169" usertimems="0.000" systemtimems="12.000" timestamp="2019-07-02T22:37:38.882" activeThreads="4">
  <mem-info id="1504" free="3742536" total="12058624" percent="31">
    <mem type="tenure" free="3742536" total="12058624" percent="31" micro-fragmented="1288352">
      <mem type="soa" free="3622728" total="11938816" percent="30" />
      <mem type="loa" free="119808" total="119808" percent="100" />
    </mem>
  </mem-info>
</gc-end>
<cycle-end id="1505" type="global" contextid="1498" timestamp="2019-07-02T22:37:38.882">
  <attribute name="GC Util" value="254" />
  <attribute name="CPU Util" value="7229294114719" />
  <attribute name="Time Running"value="164692"/>
  <attribute name="Number of cores"value="4"/>
</cycle-end>
<allocation-satisfied id="1506" threadId="0000000001A60500" bytesRequested="24" />
<af-end id="1507" timestamp="2019-07-02T22:37:38.883" threadId="0000000001A60E88" success="true" />
<exclusive-end id="1508" timestamp="2019-07-02T22:37:38.883" durationms="4.638" />

<concurrent-kickoff id="1509" timestamp="2019-07-02T22:37:40.548">
  <kickoff reason="threshold reached" targetBytes="4208368" thresholdFreeBytes="562884" remainingFree="506560" tenureFreeBytes="506560" />
</concurrent-kickoff>
<exclusive-start id="1510" timestamp="2019-07-02T22:37:40.548" intervalms="1669.609">
  <response-info timems="0.031" idlems="0.031" threads="0" lastid="0000000001A91000" lastname="node-16" />
</exclusive-start>
<cycle-start id="1511" type="global" contextid="0" timestamp="2019-07-02T22:37:40.548" intervalms="1668.899" />
  <attribute name="GC Util" value="254" />
  <attribute name="CPU Util" value="7229294114719" />
  <attribute name="Time Running"value="164692"/>
  <attribute name="Number of cores"value="4"/>
<exclusive-end id="1512" timestamp="2019-07-02T22:37:40.548" durationms="0.197" />

<exclusive-start id="1513" timestamp="2019-07-02T22:37:40.555" intervalms="7.422">
  <response-info timems="0.056" idlems="0.056" threads="0" lastid="0000000001A89800" lastname="node-21" />
</exclusive-start>
<af-start id="1514" threadId="0000000001A8A188" totalBytesRequested="32" timestamp="2019-07-02T22:37:40.555" intervalms="1676.889" />
<gc-start id="1515" type="global" contextid="1511" timestamp="2019-07-02T22:37:40.556">
  <mem-info id="1516" free="119808" total="12058624" percent="0">
    <mem type="tenure" free="119808" total="12058624" percent="0">
      <mem type="soa" free="0" total="11938816" percent="0" />
      <mem type="loa" free="119808" total="119808" percent="100" />
    </mem>
  </mem-info>
</gc-start>
<allocation-stats totalBytes="3617424" >
  <allocated-bytes non-tlh="0" tlh="3617424" />
  <largest-consumer threadName="node-12" threadId="0000000001A98800" bytes="250872" />
</allocation-stats>
<concurrent-halted id="1517" timestamp="2019-07-02T22:37:40.556">
  <halted state="Class scanning incomplete" status="clean trace" />
  <traced bytesTarget="4208368" bytesTotal="3154180" bytesByMutator="504948" bytesByHelper="2649232" percent="74" />
  <cards cleaned="182" thresholdBytes="221742" />
</concurrent-halted>
<gc-op id="1518" type="card-cleaning" timems="0.857" contextid="1511" timestamp="2019-07-02T22:37:40.557">
  <card-cleaning cardsCleaned="24" bytesTraced="121820" workStackOverflowCount="0" />
</gc-op>
<gc-op id="1519" type="mark" timems="1.703" contextid="1511" timestamp="2019-07-02T22:37:40.558">
  <trace-info objectcount="40047" scancount="42976" scanbytes="2044928" />
  <finalization candidates="18" enqueued="0" />
  <references type="soft" candidates="45" cleared="0" enqueued="0" dynamicThreshold="9" maxThreshold="32" />
  <references type="weak" candidates="165" cleared="0" enqueued="0" />
  <references type="phantom" candidates="57" cleared="0" enqueued="0" />
  <stringconstants candidates="3822" cleared="0"  />
</gc-op>
<gc-op id="1520" type="sweep" timems="0.817" contextid="1511" timestamp="2019-07-02T22:37:40.559" />
<gc-end id="1521" type="global" contextid="1511" durationms="3.892" usertimems="8.000" systemtimems="0.000" timestamp="2019-07-02T22:37:40.559" activeThreads="4">
  <mem-info id="1522" free="3737240" total="12058624" percent="30">
    <mem type="tenure" free="3737240" total="12058624" percent="30" micro-fragmented="1288352">
      <mem type="soa" free="3617432" total="11938816" percent="30" />
      <mem type="loa" free="119808" total="119808" percent="100" />
    </mem>
  </mem-info>
</gc-end>
<cycle-end id="1523" type="global" contextid="1511" timestamp="2019-07-02T22:37:40.560">
  <attribute name="GC Util" value="250" />
  <attribute name="CPU Util" value="10268374168537" />
  <attribute name="Time Running"value="166369"/>
  <attribute name="Number of cores"value="4"/>
</cycle-end>
<allocation-satisfied id="1524" threadId="0000000001A89800" bytesRequested="32" />
<af-end id="1525" timestamp="2019-07-02T22:37:40.560" threadId="0000000001A8A188" success="true" />
<exclusive-end id="1526" timestamp="2019-07-02T22:37:40.560" durationms="4.617" />

<concurrent-kickoff id="1527" timestamp="2019-07-02T22:37:42.560">
  <kickoff reason="threshold reached" targetBytes="3276000" thresholdFreeBytes="453667" remainingFree="389936" tenureFreeBytes="389936" />
</concurrent-kickoff>
<exclusive-start id="1528" timestamp="2019-07-02T22:37:42.560" intervalms="2004.891">
  <response-info timems="0.394" idlems="0.205" threads="1" lastid="0000000001A98800" lastname="node-12" />
</exclusive-start>
<cycle-start id="1529" type="global" contextid="0" timestamp="2019-07-02T22:37:42.560" intervalms="2012.274" />
  <attribute name="GC Util" value="250" />
  <attribute name="CPU Util" value="10268374168537" />
  <attribute name="Time Running"value="166369"/>
  <attribute name="Number of cores"value="4"/>
<exclusive-end id="1530" timestamp="2019-07-02T22:37:42.560" durationms="0.117" />

<exclusive-start id="1531" timestamp="2019-07-02T22:37:42.566" intervalms="5.831">
  <response-info timems="0.029" idlems="0.029" threads="0" lastid="0000000001A85C00" lastname="node-10" />
</exclusive-start>
<af-start id="1532" threadId="0000000001A86588" totalBytesRequested="16" timestamp="2019-07-02T22:37:42.566" intervalms="2010.879" />
<gc-start id="1533" type="global" contextid="1529" timestamp="2019-07-02T22:37:42.566">
  <mem-info id="1534" free="119808" total="12058624" percent="0">
    <mem type="tenure" free="119808" total="12058624" percent="0">
      <mem type="soa" free="0" total="11938816" percent="0" />
      <mem type="loa" free="119808" total="119808" percent="100" />
    </mem>
  </mem-info>
</gc-start>
<allocation-stats totalBytes="3608488" >
  <allocated-bytes non-tlh="0" tlh="3608488" />
  <largest-consumer threadName="node-24" threadId="0000000001A60500" bytes="244104" />
</allocation-stats>
<concurrent-halted id="1535" timestamp="2019-07-02T22:37:42.567">
  <halted state="Class scanning incomplete" status="clean trace" />
  <traced bytesTarget="3276000" bytesTotal="2507808" bytesByMutator="7384" bytesByHelper="2500424" percent="76" />
  <cards cleaned="0" thresholdBytes="178717" />
</concurrent-halted>
<gc-op id="1536" type="tracing" timems="1.327" contextid="1529" timestamp="2019-07-02T22:37:42.568">
  <trace bytesTraced="1605824" workStackOverflowCount="0" />
</gc-op>
<gc-op id="1537" type="card-cleaning" timems="0.351" contextid="1529" timestamp="2019-07-02T22:37:42.568">
  <card-cleaning cardsCleaned="159" bytesTraced="83584" workStackOverflowCount="0" />
</gc-op>
<gc-op id="1538" type="mark" timems="1.547" contextid="1529" timestamp="2019-07-02T22:37:42.570">
  <trace-info objectcount="26744" scancount="25047" scanbytes="1107952" />
  <finalization candidates="18" enqueued="0" />
  <references type="soft" candidates="45" cleared="0" enqueued="0" dynamicThreshold="9" maxThreshold="32" />
  <references type="weak" candidates="165" cleared="0" enqueued="0" />
  <references type="phantom" candidates="57" cleared="0" enqueued="0" />
  <stringconstants candidates="3822" cleared="0"  />
</gc-op>
<gc-op id="1539" type="sweep" timems="0.760" contextid="1529" timestamp="2019-07-02T22:37:42.571" />
<gc-end id="1540" type="global" contextid="1529" durationms="4.419" usertimems="12.000" systemtimems="0.000" timestamp="2019-07-02T22:37:42.571" activeThreads="4">
  <mem-info id="1541" free="3728424" total="12058624" percent="30">
    <mem type="tenure" free="3728424" total="12058624" percent="30" micro-fragmented="1285895">
      <mem type="soa" free="3608616" total="11938816" percent="30" />
      <mem type="loa" free="119808" total="119808" percent="100" />
    </mem>
  </mem-info>
</gc-end>
<cycle-end id="1542" type="global" contextid="1529" timestamp="2019-07-02T22:37:42.571">
  <attribute name="GC Util" value="243" />
  <attribute name="CPU Util" value="11343681987898" />
  <attribute name="Time Running"value="168380"/>
  <attribute name="Number of cores"value="4"/>
</cycle-end>
<allocation-satisfied id="1543" threadId="0000000001A85C00" bytesRequested="16" />
<af-end id="1544" timestamp="2019-07-02T22:37:42.571" threadId="0000000001A86588" success="true" />
<exclusive-end id="1545" timestamp="2019-07-02T22:37:42.571" durationms="5.254" />

<concurrent-kickoff id="1546" timestamp="2019-07-02T22:37:44.452">
  <kickoff reason="threshold reached" targetBytes="4197216" thresholdFreeBytes="580298" remainingFree="504448" tenureFreeBytes="504448" />
</concurrent-kickoff>
<exclusive-start id="1547" timestamp="2019-07-02T22:37:44.452" intervalms="1886.128">
  <response-info timems="0.043" idlems="0.023" threads="1" lastid="0000000001A85C00" lastname="node-10" />
</exclusive-start>
<cycle-start id="1548" type="global" contextid="0" timestamp="2019-07-02T22:37:44.452" intervalms="1891.955" />
  <attribute name="GC Util" value="243" />
  <attribute name="CPU Util" value="11343681987898" />
  <attribute name="Time Running"value="168380"/>
  <attribute name="Number of cores"value="4"/>
<exclusive-end id="1549" timestamp="2019-07-02T22:37:44.452" durationms="0.113" />

<exclusive-start id="1550" timestamp="2019-07-02T22:37:44.461" intervalms="8.558">
  <response-info timems="0.063" idlems="0.063" threads="0" lastid="0000000001A6B900" lastname="node-4" />
</exclusive-start>
<af-start id="1551" threadId="0000000001A6C288" totalBytesRequested="32" timestamp="2019-07-02T22:37:44.461" intervalms="1894.531" />
<gc-start id="1552" type="global" contextid="1548" timestamp="2019-07-02T22:37:44.461">
  <mem-info id="1553" free="119808" total="12058624" percent="0">
    <mem type="tenure" free="119808" total="12058624" percent="0">
      <mem type="soa" free="0" total="11938816" percent="0" />
      <mem type="loa" free="119808" total="119808" percent="100" />
    </mem>
  </mem-info>
</gc-start>
<allocation-stats totalBytes="3597456" >
  <allocated-bytes non-tlh="0" tlh="3597456" />
  <largest-consumer threadName="node-13" threadId="0000000001AAB300" bytes="243688" />
</allocation-stats>
<concurrent-halted id="1554" timestamp="2019-07-02T22:37:44.461">
  <halted state="Complete" status="exhausted" />
  <traced bytesTarget="4197216" bytesTotal="3156024" bytesByMutator="472816" bytesByHelper="2683208" percent="75" />
  <cards cleaned="167" thresholdBytes="228602" />
</concurrent-halted>
<gc-op id="1555" type="card-cleaning" timems="0.396" contextid="1548" timestamp="2019-07-02T22:37:44.462">
  <card-cleaning cardsCleaned="185" bytesTraced="141480" workStackOverflowCount="0" />
</gc-op>
<gc-op id="1556" type="mark" timems="1.530" contextid="1548" timestamp="2019-07-02T22:37:44.464">
  <trace-info objectcount="39920" scancount="42839" scanbytes="2041912" />
  <finalization candidates="18" enqueued="0" />
  <references type="soft" candidates="45" cleared="0" enqueued="0" dynamicThreshold="9" maxThreshold="32" />
  <references type="weak" candidates="165" cleared="0" enqueued="0" />
  <references type="phantom" candidates="57" cleared="0" enqueued="0" />
  <stringconstants candidates="3822" cleared="0"  />
</gc-op>
<gc-op id="1557" type="sweep" timems="0.803" contextid="1548" timestamp="2019-07-02T22:37:44.464" />
<gc-end id="1558" type="global" contextid="1548" durationms="3.262" usertimems="4.000" systemtimems="4.000" timestamp="2019-07-02T22:37:44.464" activeThreads="4">
  <mem-info id="1559" free="3730424" total="12058624" percent="30">
    <mem type="tenure" free="3730424" total="12058624" percent="30" micro-fragmented="1284866">
      <mem type="soa" free="3610616" total="11938816" percent="30" />
      <mem type="loa" free="119808" total="119808" percent="100" />
    </mem>
  </mem-info>
</gc-end>
<cycle-end id="1560" type="global" contextid="1548" timestamp="2019-07-02T22:37:44.465">
  <attribute name="GC Util" value="254" />
  <attribute name="CPU Util" value="11604177984661" />
  <attribute name="Time Running"value="170274"/>
  <attribute name="Number of cores"value="4"/>
</cycle-end>
<allocation-satisfied id="1561" threadId="0000000001A6B900" bytesRequested="32" />
<af-end id="1562" timestamp="2019-07-02T22:37:44.465" threadId="0000000001A6C288" success="true" />
<exclusive-end id="1563" timestamp="2019-07-02T22:37:44.465" durationms="4.054" />

<concurrent-kickoff id="1564" timestamp="2019-07-02T22:37:46.096">
  <kickoff reason="threshold reached" targetBytes="3988458" thresholdFreeBytes="547160" remainingFree="419160" tenureFreeBytes="419160" />
</concurrent-kickoff>
<exclusive-start id="1565" timestamp="2019-07-02T22:37:46.096" intervalms="1635.738">
  <response-info timems="0.075" idlems="0.040" threads="1" lastid="0000000001A73100" lastname="node-25" />
</exclusive-start>
<cycle-start id="1566" type="global" contextid="0" timestamp="2019-07-02T22:37:46.096" intervalms="1644.297" />
  <attribute name="GC Util" value="254" />
  <attribute name="CPU Util" value="11604177984661" />
  <attribute name="Time Running"value="170274"/>
  <attribute name="Number of cores"value="4"/>
<exclusive-end id="1567" timestamp="2019-07-02T22:37:46.096" durationms="0.112" />

<exclusive-start id="1568" timestamp="2019-07-02T22:37:46.308" intervalms="211.524">
  <response-info timems="0.070" idlems="0.070" threads="0" lastid="0000000001AB2B00" lastname="node-3" />
</exclusive-start>
<af-start id="1569" threadId="0000000001AB3488" totalBytesRequested="32" timestamp="2019-07-02T22:37:46.308" intervalms="1847.323" />
<concurrent-aborted id="1570" timestamp="2019-07-02T22:37:46.308">
  <reason value="insufficient progress made" />
</concurrent-aborted>
<cycle-end id="1571" type="global" contextid="1566" timestamp="2019-07-02T22:37:46.308">
  <attribute name="GC Util" value="0" />
  <attribute name="CPU Util" value="10000898068" />
  <attribute name="Time Running"value="172118"/>
  <attribute name="Number of cores"value="4"/>
</cycle-end>
<cycle-start id="1572" type="global" contextid="0" timestamp="2019-07-02T22:37:46.309" intervalms="212.126" />
  <attribute name="GC Util" value="0" />
  <attribute name="CPU Util" value="10000898068" />
  <attribute name="Time Running"value="172118"/>
  <attribute name="Number of cores"value="4"/>
<gc-start id="1573" type="global" contextid="1572" timestamp="2019-07-02T22:37:46.309">
  <mem-info id="1574" free="119808" total="12058624" percent="0">
    <mem type="tenure" free="119808" total="12058624" percent="0">
      <mem type="soa" free="0" total="11938816" percent="0" />
      <mem type="loa" free="119808" total="119808" percent="100" />
    </mem>
  </mem-info>
</gc-start>
<allocation-stats totalBytes="3599928" >
  <allocated-bytes non-tlh="0" tlh="3599928" />
  <largest-consumer threadName="node-13" threadId="0000000001AAB300" bytes="260296" />
</allocation-stats>
<gc-op id="1575" type="mark" timems="2.861" contextid="1572" timestamp="2019-07-02T22:37:46.312">
  <trace-info objectcount="143304" scancount="133827" scanbytes="5266444" />
  <finalization candidates="18" enqueued="0" />
  <references type="soft" candidates="45" cleared="0" enqueued="0" dynamicThreshold="9" maxThreshold="32" />
  <references type="weak" candidates="165" cleared="0" enqueued="0" />
  <references type="phantom" candidates="57" cleared="0" enqueued="0" />
  <stringconstants candidates="3822" cleared="0"  />
</gc-op>
<gc-op id="1576" type="sweep" timems="0.272" contextid="1572" timestamp="2019-07-02T22:37:46.312" />
<gc-end id="1577" type="global" contextid="1572" durationms="3.691" usertimems="8.000" systemtimems="0.000" timestamp="2019-07-02T22:37:46.312" activeThreads="4">
  <mem-info id="1578" free="3747648" total="12058624" percent="31">
    <mem type="tenure" free="3747648" total="12058624" percent="31" micro-fragmented="1287062">
      <mem type="soa" free="3627840" total="11938816" percent="30" />
      <mem type="loa" free="119808" total="119808" percent="100" />
    </mem>
  </mem-info>
</gc-end>
<cycle-end id="1579" type="global" contextid="1572" timestamp="2019-07-02T22:37:46.312">
  <attribute name="GC Util" value="255" />
  <attribute name="CPU Util" value="6190517001700" />
  <attribute name="Time Running"value="172122"/>
  <attribute name="Number of cores"value="4"/>
</cycle-end>
<allocation-satisfied id="1580" threadId="0000000001AB2B00" bytesRequested="32" />
<af-end id="1581" timestamp="2019-07-02T22:37:46.313" threadId="0000000001AB3488" success="true" />
<exclusive-end id="1582" timestamp="2019-07-02T22:37:46.313" durationms="4.978" />

<concurrent-kickoff id="1583" timestamp="2019-07-02T22:37:47.971">
  <kickoff reason="threshold reached" targetBytes="3742921" thresholdFreeBytes="500825" remainingFree="420200" tenureFreeBytes="420200" />
</concurrent-kickoff>
<exclusive-start id="1584" timestamp="2019-07-02T22:37:47.971" intervalms="1662.881">
  <response-info timems="0.035" idlems="0.018" threads="1" lastid="0000000001AA7700" lastname="node-8" />
</exclusive-start>
<cycle-start id="1585" type="global" contextid="0" timestamp="2019-07-02T22:37:47.971" intervalms="1662.308" />
  <attribute name="GC Util" value="255" />
  <attribute name="CPU Util" value="6190517001700" />
  <attribute name="Time Running"value="172122"/>
  <attribute name="Number of cores"value="4"/>
<exclusive-end id="1586" timestamp="2019-07-02T22:37:47.971" durationms="0.147" />

<exclusive-start id="1587" timestamp="2019-07-02T22:37:48.144" intervalms="173.571">
  <response-info timems="0.049" idlems="0.049" threads="0" lastid="0000000001A6F500" lastname="node-14" />
</exclusive-start>
<af-start id="1588" threadId="0000000001A6FE88" totalBytesRequested="24" timestamp="2019-07-02T22:37:48.144" intervalms="1836.435" />
<gc-start id="1589" type="global" contextid="1585" timestamp="2019-07-02T22:37:48.145">
  <mem-info id="1590" free="119808" total="12058624" percent="0">
    <mem type="tenure" free="119808" total="12058624" percent="0">
      <mem type="soa" free="0" total="11938816" percent="0" />
      <mem type="loa" free="119808" total="119808" percent="100" />
    </mem>
  </mem-info>
</gc-start>
<allocation-stats totalBytes="3623040" >
  <allocated-bytes non-tlh="0" tlh="3623040" />
  <largest-consumer threadName="node-21" threadId="0000000001A89800" bytes="225792" />
</allocation-stats>
<concurrent-halted id="1591" timestamp="2019-07-02T22:37:48.145">
  <halted state="Class scanning incomplete" status="clean trace" />
  <traced bytesTarget="3742921" bytesTotal="3164448" bytesByMutator="241572" bytesByHelper="2922876" percent="84" />
  <cards cleaned="150" thresholdBytes="197294" />
</concurrent-halted>
<gc-op id="1592" type="card-cleaning" timems="0.770" contextid="1585" timestamp="2019-07-02T22:37:48.146">
  <card-cleaning cardsCleaned="192" bytesTraced="148500" workStackOverflowCount="0" />
</gc-op>
<gc-op id="1593" type="mark" timems="2.014" contextid="1585" timestamp="2019-07-02T22:37:48.148">
  <trace-info objectcount="39930" scancount="42887" scanbytes="2042564" />
  <finalization candidates="18" enqueued="0" />
  <references type="soft" candidates="45" cleared="0" enqueued="0" dynamicThreshold="9" maxThreshold="32" />
  <references type="weak" candidates="165" cleared="0" enqueued="0" />
  <references type="phantom" candidates="57" cleared="0" enqueued="0" />
  <stringconstants candidates="3822" cleared="0"  />
</gc-op>
<gc-op id="1594" type="sweep" timems="0.753" contextid="1585" timestamp="2019-07-02T22:37:48.149" />
<gc-end id="1595" type="global" contextid="1585" durationms="3.930" usertimems="12.000" systemtimems="0.000" timestamp="2019-07-02T22:37:48.149" activeThreads="4">
  <mem-info id="1596" free="3708496" total="12058624" percent="30">
    <mem type="tenure" free="3708496" total="12058624" percent="30" micro-fragmented="1287825">
      <mem type="soa" free="3588688" total="11938816" percent="30" />
      <mem type="loa" free="119808" total="119808" percent="100" />
    </mem>
  </mem-info>
</gc-end>
<cycle-end id="1597" type="global" contextid="1585" timestamp="2019-07-02T22:37:48.149">
  <attribute name="GC Util" value="261" />
  <attribute name="CPU Util" value="8842583808341" />
  <attribute name="Time Running"value="173958"/>
  <attribute name="Number of cores"value="4"/>
</cycle-end>
<allocation-satisfied id="1598" threadId="0000000001A6F500" bytesRequested="24" />
<af-end id="1599" timestamp="2019-07-02T22:37:48.149" threadId="0000000001A6FE88" success="true" />
<exclusive-end id="1600" timestamp="2019-07-02T22:37:48.149" durationms="4.710" />

</verbosegc>

