<?xml version="1.0" ?>

<verbosegc xmlns="http://www.ibm.com/j9/verbosegc" version="25b0271_CMPRSS">

<initialized id="1" timestamp="2019-07-02T19:02:17.820">
  <attribute name="gcPolicy" value="-Xgcpolicy:gencon" />
  <attribute name="GC Util" value="0" />
  <attribute name="CPU Util" value="0" />
  <attribute name="Time Running"value="0"/>
  <attribute name="Number of cores"value="0"/>
  <attribute name="maxHeapSize" value="0x7cbc0000" />
  <attribute name="initialHeapSize" value="0x800000" />
  <attribute name="compressedRefs" value="true" />
  <attribute name="compressedRefsDisplacement" value="0x0" />
  <attribute name="compressedRefsShift" value="0x0" />
  <attribute name="pageSize" value="0x1000" />
  <attribute name="pageType" value="not used" />
  <attribute name="requestedPageSize" value="0x1000" />
  <attribute name="requestedPageType" value="not used" />
  <attribute name="gcthreads" value="4" />
  <attribute name="gcthreads Concurrent Mark" value="1" />
  <attribute name="packetListSplit" value="4" />
  <attribute name="cacheListSplit" value="4" />
  <attribute name="splitFreeListSplitAmount" value="1" />
  <attribute name="numaNodes" value="0" />
  <system>
    <attribute name="physicalMemory" value="8370962432" />
    <attribute name="numCPUs" value="4" />
    <attribute name="architecture" value="amd64" />
    <attribute name="os" value="Linux" />
    <attribute name="osVersion" value="4.4.0-148-generic" />
  </system>
  <vmargs>
    <vmarg name="-Xoptionsfile=/vagrant/jdk/lib/options.default" />
    <vmarg name="-Xlockword:mode=default,noLockword=java/lang/String,noLockword=java/util/MapEntry,noLockword=java/util/HashMap$Entry,noLockword..." />
    <vmarg name="-Xjcl:jclse11_29" />
    <vmarg name="-Dcom.ibm.oti.vm.bootstrap.library.path=/vagrant/jdk/lib/compressedrefs:/vagrant/jdk/lib" />
    <vmarg name="-Dsun.boot.library.path=/vagrant/jdk/lib/compressedrefs:/vagrant/jdk/lib" />
    <vmarg name="-Djava.library.path=/vagrant/jdk/lib/compressedrefs:/vagrant/jdk/lib:/usr/lib64:/usr/lib" />
    <vmarg name="-Djava.home=/vagrant/jdk" />
    <vmarg name="-Duser.dir=/vagrant" />
    <vmarg name="-verbose:gc" />
    <vmarg name="-Xloggc:small-jdkF-verbose14avrora.txt" />
    <vmarg name="-Djava.class.path=dacapo-9.12-MR1-bach.jar" />
    <vmarg name="-Dsun.java.command=dacapo-9.12-MR1-bach.jar avrora --size=small" />
    <vmarg name="-Dsun.java.launcher=SUN_STANDARD" />
    <vmarg name="-Dsun.java.launcher.pid=3930" />
  </vmargs>
</initialized>

<exclusive-start id="2" timestamp="2019-07-02T19:02:17.938" intervalms="117.879">
  <response-info timems="0.022" idlems="0.022" threads="0" lastid="00000000019B5700" lastname="main" />
</exclusive-start>
<af-start id="3" threadId="00000000019B6088" totalBytesRequested="15632" timestamp="2019-07-02T19:02:17.938" intervalms="118.143" type="nursery" />
<cycle-start id="4" type="scavenge" contextid="0" timestamp="2019-07-02T19:02:17.939" intervalms="118.651" />
  <attribute name="GC Util" value="0" />
  <attribute name="CPU Util" value="40" />
  <attribute name="Time Running"value="0"/>
  <attribute name="Number of cores"value="4"/>
<gc-start id="5" type="scavenge" contextid="4" timestamp="2019-07-02T19:02:17.939">
  <mem-info id="6" free="6065704" total="8388608" percent="72">
    <mem type="nursery" free="0" total="2097152" percent="0">
      <mem type="allocate" free="0" total="1048576" percent="0" />
      <mem type="survivor" free="0" total="1048576" percent="0" />
    </mem>
    <mem type="tenure" free="6065704" total="6291456" percent="96">
      <mem type="soa" free="5751336" total="5977088" percent="96" />
      <mem type="loa" free="314368" total="314368" percent="100" />
    </mem>
    <remembered-set count="3122" />
  </mem-info>
</gc-start>
<allocation-stats totalBytes="1259376" >
  <allocated-bytes non-tlh="300120" tlh="959256" />
  <largest-consumer threadName="main" threadId="00000000019B5700" bytes="1183744" />
</allocation-stats>
<gc-op id="7" type="scavenge" timems="2.437" contextid="4" timestamp="2019-07-02T19:02:17.942">
  <scavenger-info tenureage="2" tenuremask="fffc" tiltratio="50" />
  <memory-copied type="nursery" objects="10438" bytes="495616" bytesdiscarded="142392" />
  <finalization candidates="16" enqueued="0" />
  <references type="soft" candidates="62" cleared="0" enqueued="0" dynamicThreshold="32" maxThreshold="32" />
  <references type="weak" candidates="307" cleared="155" enqueued="117" />
  <references type="phantom" candidates="19" cleared="3" enqueued="3" />
</gc-op>
<gc-end id="8" type="scavenge" contextid="4" durationms="3.100" usertimems="0.000" systemtimems="4.000" timestamp="2019-07-02T19:02:17.942" activeThreads="4">
  <mem-info id="9" free="6474184" total="8388608" percent="77">
    <mem type="nursery" free="408480" total="2097152" percent="19">
      <mem type="allocate" free="408480" total="1048576" percent="38" />
      <mem type="survivor" free="0" total="1048576" percent="0" />
    </mem>
    <mem type="tenure" free="6065704" total="6291456" percent="96">
      <mem type="soa" free="5751336" total="5977088" percent="96" />
      <mem type="loa" free="314368" total="314368" percent="100" />
    </mem>
    <pending-finalizers system="0" default="0" reference="120" classloader="0" />
    <remembered-set count="3122" />
  </mem-info>
</gc-end>
<cycle-end id="10" type="scavenge" contextid="4" timestamp="2019-07-02T19:02:17.942">
  <attribute name="GC Util" value="0" />
  <attribute name="CPU Util" value="137" />
  <attribute name="Time Running"value="21"/>
  <attribute name="Number of cores"value="4"/>
</cycle-end>
<allocation-satisfied id="11" threadId="00000000019B5700" bytesRequested="15632" />
<af-end id="12" timestamp="2019-07-02T19:02:17.942" threadId="00000000019B6088" success="true" from="nursery"/>
<exclusive-end id="13" timestamp="2019-07-02T19:02:17.943" durationms="4.690" />

<exclusive-start id="14" timestamp="2019-07-02T19:02:17.966" intervalms="28.389">
  <response-info timems="0.022" idlems="0.022" threads="0" lastid="00000000019B5700" lastname="main" />
</exclusive-start>
<af-start id="15" threadId="00000000019B6088" totalBytesRequested="112" timestamp="2019-07-02T19:02:17.966" intervalms="28.265" type="nursery" />
<cycle-start id="16" type="scavenge" contextid="0" timestamp="2019-07-02T19:02:17.966" intervalms="27.875" />
  <attribute name="GC Util" value="0" />
  <attribute name="CPU Util" value="137" />
  <attribute name="Time Running"value="21"/>
  <attribute name="Number of cores"value="4"/>
<gc-start id="17" type="scavenge" contextid="16" timestamp="2019-07-02T19:02:17.967">
  <mem-info id="18" free="6055824" total="8388608" percent="72">
    <mem type="nursery" free="0" total="2097152" percent="0">
      <mem type="allocate" free="0" total="1048576" percent="0" />
      <mem type="survivor" free="0" total="1048576" percent="0" />
    </mem>
    <mem type="tenure" free="6055824" total="6291456" percent="96">
      <mem type="soa" free="5741456" total="5977088" percent="96" />
      <mem type="loa" free="314368" total="314368" percent="100" />
    </mem>
    <remembered-set count="3259" />
  </mem-info>
</gc-start>
<allocation-stats totalBytes="417624" >
  <allocated-bytes non-tlh="25512" tlh="392112" />
  <largest-consumer threadName="main" threadId="00000000019B5700" bytes="405648" />
</allocation-stats>
<gc-op id="19" type="scavenge" timems="1.008" contextid="16" timestamp="2019-07-02T19:02:17.968">
  <scavenger-info tenureage="9" tenuremask="7e00" tiltratio="50" />
  <memory-copied type="nursery" objects="10922" bytes="485952" bytesdiscarded="143744" />
  <finalization candidates="16" enqueued="0" />
  <references type="soft" candidates="62" cleared="0" enqueued="0" dynamicThreshold="32" maxThreshold="32" />
  <references type="weak" candidates="281" cleared="117" enqueued="114" />
  <references type="phantom" candidates="41" cleared="14" enqueued="14" />
</gc-op>
<gc-end id="20" type="scavenge" contextid="16" durationms="1.370" usertimems="0.000" systemtimems="0.000" timestamp="2019-07-02T19:02:17.968" activeThreads="4">
  <mem-info id="21" free="6473240" total="8388608" percent="77">
    <mem type="nursery" free="417416" total="2097152" percent="19">
      <mem type="allocate" free="417416" total="1048576" percent="39" />
      <mem type="survivor" free="0" total="1048576" percent="0" />
    </mem>
    <mem type="tenure" free="6055824" total="6291456" percent="96">
      <mem type="soa" free="5741456" total="5977088" percent="96" />
      <mem type="loa" free="314368" total="314368" percent="100" />
    </mem>
    <pending-finalizers system="0" default="0" reference="128" classloader="0" />
    <remembered-set count="3259" />
  </mem-info>
</gc-end>
<cycle-end id="22" type="scavenge" contextid="16" timestamp="2019-07-02T19:02:17.968">
  <attribute name="GC Util" value="13" />
  <attribute name="CPU Util" value="95" />
  <attribute name="Time Running"value="49"/>
  <attribute name="Number of cores"value="4"/>
</cycle-end>
<allocation-satisfied id="23" threadId="00000000019B5700" bytesRequested="112" />
<af-end id="24" timestamp="2019-07-02T19:02:17.968" threadId="00000000019B6088" success="true" from="nursery"/>
<exclusive-end id="25" timestamp="2019-07-02T19:02:17.968" durationms="2.028" />

<exclusive-start id="26" timestamp="2019-07-02T19:02:18.143" intervalms="176.510">
  <response-info timems="0.036" idlems="0.036" threads="0" lastid="00000000019B5700" lastname="main" />
</exclusive-start>
<af-start id="27" threadId="00000000019B6088" totalBytesRequested="136" timestamp="2019-07-02T19:02:18.143" intervalms="176.461" type="nursery" />
<cycle-start id="28" type="scavenge" contextid="0" timestamp="2019-07-02T19:02:18.143" intervalms="176.403" />
  <attribute name="GC Util" value="13" />
  <attribute name="CPU Util" value="95" />
  <attribute name="Time Running"value="49"/>
  <attribute name="Number of cores"value="4"/>
<gc-start id="29" type="scavenge" contextid="28" timestamp="2019-07-02T19:02:18.143">
  <mem-info id="30" free="6055736" total="8388608" percent="72">
    <mem type="nursery" free="0" total="2097152" percent="0">
      <mem type="allocate" free="0" total="1048576" percent="0" />
      <mem type="survivor" free="0" total="1048576" percent="0" />
    </mem>
    <mem type="tenure" free="6055736" total="6291456" percent="96">
      <mem type="soa" free="5741368" total="5977088" percent="96" />
      <mem type="loa" free="314368" total="314368" percent="100" />
    </mem>
    <remembered-set count="3260" />
  </mem-info>
</gc-start>
<allocation-stats totalBytes="417120" >
  <allocated-bytes non-tlh="200" tlh="416920" />
  <largest-consumer threadName="main" threadId="00000000019B5700" bytes="408928" />
</allocation-stats>
<gc-op id="31" type="scavenge" timems="0.871" contextid="28" timestamp="2019-07-02T19:02:18.144">
  <scavenger-info tenureage="8" tenuremask="7f00" tiltratio="50" />
  <memory-copied type="nursery" objects="10868" bytes="484920" bytesdiscarded="79040" />
  <finalization candidates="16" enqueued="0" />
  <references type="soft" candidates="62" cleared="0" enqueued="0" dynamicThreshold="32" maxThreshold="32" />
  <references type="weak" candidates="166" cleared="2" enqueued="2" />
  <references type="phantom" candidates="27" cleared="0" enqueued="0" />
</gc-op>
<gc-end id="32" type="scavenge" contextid="28" durationms="1.037" usertimems="0.000" systemtimems="0.000" timestamp="2019-07-02T19:02:18.144" activeThreads="4">
  <mem-info id="33" free="6538896" total="8388608" percent="77">
    <mem type="nursery" free="483160" total="2097152" percent="23">
      <mem type="allocate" free="483160" total="1048576" percent="46" />
      <mem type="survivor" free="0" total="1048576" percent="0" />
    </mem>
    <mem type="tenure" free="6055736" total="6291456" percent="96">
      <mem type="soa" free="5741368" total="5977088" percent="96" />
      <mem type="loa" free="314368" total="314368" percent="100" />
    </mem>
    <pending-finalizers system="0" default="0" reference="2" classloader="0" />
    <remembered-set count="1033" />
  </mem-info>
</gc-end>
<cycle-end id="34" type="scavenge" contextid="28" timestamp="2019-07-02T19:02:18.144">
  <attribute name="GC Util" value="1" />
  <attribute name="CPU Util" value="104" />
  <attribute name="Time Running"value="225"/>
  <attribute name="Number of cores"value="4"/>
</cycle-end>
<allocation-satisfied id="35" threadId="00000000019B5700" bytesRequested="136" />
<af-end id="36" timestamp="2019-07-02T19:02:18.144" threadId="00000000019B6088" success="true" from="nursery"/>
<exclusive-end id="37" timestamp="2019-07-02T19:02:18.144" durationms="1.472" />

<exclusive-start id="38" timestamp="2019-07-02T19:02:18.253" intervalms="110.283">
  <response-info timems="0.026" idlems="0.026" threads="0" lastid="00000000019B5700" lastname="main" />
</exclusive-start>
<af-start id="39" threadId="00000000019B6088" totalBytesRequested="13792" timestamp="2019-07-02T19:02:18.253" intervalms="110.288" type="nursery" />
<cycle-start id="40" type="scavenge" contextid="0" timestamp="2019-07-02T19:02:18.253" intervalms="110.296" />
  <attribute name="GC Util" value="1" />
  <attribute name="CPU Util" value="104" />
  <attribute name="Time Running"value="225"/>
  <attribute name="Number of cores"value="4"/>
<gc-start id="41" type="scavenge" contextid="40" timestamp="2019-07-02T19:02:18.253">
  <mem-info id="42" free="6054192" total="8388608" percent="72">
    <mem type="nursery" free="0" total="2097152" percent="0">
      <mem type="allocate" free="0" total="1048576" percent="0" />
      <mem type="survivor" free="0" total="1048576" percent="0" />
    </mem>
    <mem type="tenure" free="6054192" total="6291456" percent="96">
      <mem type="soa" free="5739824" total="5977088" percent="96" />
      <mem type="loa" free="314368" total="314368" percent="100" />
    </mem>
    <remembered-set count="1052" />
  </mem-info>
</gc-start>
<allocation-stats totalBytes="461984" >
  <allocated-bytes non-tlh="1680" tlh="460304" />
  <largest-consumer threadName="main" threadId="00000000019B5700" bytes="461984" />
</allocation-stats>
<gc-op id="43" type="scavenge" timems="1.062" contextid="40" timestamp="2019-07-02T19:02:18.255">
  <scavenger-info tenureage="3" tenuremask="fff8" tiltratio="50" />
  <memory-copied type="nursery" objects="611" bytes="30944" bytesdiscarded="117264" />
  <memory-copied type="tenure" objects="10228" bytes="457416" bytesdiscarded="208" />
  <finalization candidates="16" enqueued="0" />
  <references type="weak" candidates="80" cleared="63" enqueued="63" />
  <references type="phantom" candidates="22" cleared="8" enqueued="8" />
</gc-op>
<gc-end id="44" type="scavenge" contextid="40" durationms="1.368" usertimems="0.000" systemtimems="0.000" timestamp="2019-07-02T19:02:18.255" activeThreads="4">
  <mem-info id="45" free="6388632" total="8388608" percent="76">
    <mem type="nursery" free="900352" total="2097152" percent="42">
      <mem type="allocate" free="900352" total="1048576" percent="85" />
      <mem type="survivor" free="0" total="1048576" percent="0" />
    </mem>
    <mem type="tenure" free="5488280" total="6291456" percent="87">
      <mem type="soa" free="5173912" total="5977088" percent="86" />
      <mem type="loa" free="314368" total="314368" percent="100" />
    </mem>
    <pending-finalizers system="0" default="0" reference="71" classloader="0" />
    <remembered-set count="133" />
  </mem-info>
</gc-end>
<cycle-end id="46" type="scavenge" contextid="40" timestamp="2019-07-02T19:02:18.255">
  <attribute name="GC Util" value="1" />
  <attribute name="CPU Util" value="111" />
  <attribute name="Time Running"value="336"/>
  <attribute name="Number of cores"value="4"/>
</cycle-end>
<allocation-satisfied id="47" threadId="00000000019B5700" bytesRequested="13792" />
<af-end id="48" timestamp="2019-07-02T19:02:18.255" threadId="00000000019B6088" success="true" from="nursery"/>
<exclusive-end id="49" timestamp="2019-07-02T19:02:18.255" durationms="1.897" />

<exclusive-start id="50" timestamp="2019-07-02T19:02:18.367" intervalms="114.297">
  <response-info timems="0.024" idlems="0.024" threads="0" lastid="00000000019B5700" lastname="main" />
</exclusive-start>
<af-start id="51" threadId="00000000019B6088" totalBytesRequested="2056" timestamp="2019-07-02T19:02:18.367" intervalms="114.281" type="nursery" />
<cycle-start id="52" type="scavenge" contextid="0" timestamp="2019-07-02T19:02:18.367" intervalms="114.274" />
  <attribute name="GC Util" value="1" />
  <attribute name="CPU Util" value="111" />
  <attribute name="Time Running"value="336"/>
  <attribute name="Number of cores"value="4"/>
<gc-start id="53" type="scavenge" contextid="52" timestamp="2019-07-02T19:02:18.368">
  <mem-info id="54" free="5482552" total="8388608" percent="65">
    <mem type="nursery" free="0" total="2097152" percent="0">
      <mem type="allocate" free="0" total="1048576" percent="0" />
      <mem type="survivor" free="0" total="1048576" percent="0" />
    </mem>
    <mem type="tenure" free="5482552" total="6291456" percent="87">
      <mem type="soa" free="5168184" total="5977088" percent="86" />
      <mem type="loa" free="314368" total="314368" percent="100" />
    </mem>
    <remembered-set count="227" />
  </mem-info>
</gc-start>
<allocation-stats totalBytes="873704" >
  <allocated-bytes non-tlh="19520" tlh="854184" />
  <largest-consumer threadName="main" threadId="00000000019B5700" bytes="873704" />
</allocation-stats>
<gc-op id="55" type="scavenge" timems="0.427" contextid="52" timestamp="2019-07-02T19:02:18.368">
  <scavenger-info tenureage="5" tenuremask="ffe0" tiltratio="50" />
  <memory-copied type="nursery" objects="812" bytes="114152" bytesdiscarded="36048" />
  <finalization candidates="3" enqueued="1" />
  <references type="soft" candidates="1" cleared="0" enqueued="0" dynamicThreshold="32" maxThreshold="32" />
  <references type="weak" candidates="79" cleared="63" enqueued="63" />
  <references type="phantom" candidates="29" cleared="12" enqueued="12" />
</gc-op>
<gc-end id="56" type="scavenge" contextid="52" durationms="0.591" usertimems="0.000" systemtimems="0.000" timestamp="2019-07-02T19:02:18.368" activeThreads="4">
  <mem-info id="57" free="6380840" total="8388608" percent="76">
    <mem type="nursery" free="898288" total="2097152" percent="42">
      <mem type="allocate" free="898288" total="1048576" percent="85" />
      <mem type="survivor" free="0" total="1048576" percent="0" />
    </mem>
    <mem type="tenure" free="5482552" total="6291456" percent="87">
      <mem type="soa" free="5168184" total="5977088" percent="86" />
      <mem type="loa" free="314368" total="314368" percent="100" />
    </mem>
    <pending-finalizers system="1" default="0" reference="75" classloader="0" />
    <remembered-set count="224" />
  </mem-info>
</gc-end>
<cycle-end id="58" type="scavenge" contextid="52" timestamp="2019-07-02T19:02:18.368">
  <attribute name="GC Util" value="1" />
  <attribute name="CPU Util" value="123" />
  <attribute name="Time Running"value="450"/>
  <attribute name="Number of cores"value="4"/>
</cycle-end>
<allocation-satisfied id="59" threadId="00000000019B5700" bytesRequested="2056" />
<af-end id="60" timestamp="2019-07-02T19:02:18.368" threadId="00000000019B6088" success="true" from="nursery"/>
<exclusive-end id="61" timestamp="2019-07-02T19:02:18.368" durationms="1.006" />

<exclusive-start id="62" timestamp="2019-07-02T19:02:18.438" intervalms="70.825">
  <response-info timems="0.025" idlems="0.025" threads="0" lastid="00000000019B5700" lastname="main" />
</exclusive-start>
<af-start id="63" threadId="00000000019B6088" totalBytesRequested="2056" timestamp="2019-07-02T19:02:18.438" intervalms="70.823" type="nursery" />
<cycle-start id="64" type="scavenge" contextid="0" timestamp="2019-07-02T19:02:18.438" intervalms="70.820" />
  <attribute name="GC Util" value="1" />
  <attribute name="CPU Util" value="123" />
  <attribute name="Time Running"value="450"/>
  <attribute name="Number of cores"value="4"/>
<gc-start id="65" type="scavenge" contextid="64" timestamp="2019-07-02T19:02:18.438">
  <mem-info id="66" free="5482552" total="8388608" percent="65">
    <mem type="nursery" free="0" total="2097152" percent="0">
      <mem type="allocate" free="0" total="1048576" percent="0" />
      <mem type="survivor" free="0" total="1048576" percent="0" />
    </mem>
    <mem type="tenure" free="5482552" total="6291456" percent="87">
      <mem type="soa" free="5168184" total="5977088" percent="86" />
      <mem type="loa" free="314368" total="314368" percent="100" />
    </mem>
    <remembered-set count="224" />
  </mem-info>
</gc-start>
<allocation-stats totalBytes="887696" >
  <allocated-bytes non-tlh="2056" tlh="885640" />
  <largest-consumer threadName="main" threadId="00000000019B5700" bytes="887696" />
</allocation-stats>
<gc-op id="67" type="scavenge" timems="0.316" contextid="64" timestamp="2019-07-02T19:02:18.439">
  <scavenger-info tenureage="3" tenuremask="fff8" tiltratio="50" />
  <memory-copied type="nursery" objects="301" bytes="81712" bytesdiscarded="21136" />
  <memory-copied type="tenure" objects="332" bytes="18360" bytesdiscarded="0" />
  <finalization candidates="2" enqueued="0" />
  <references type="soft" candidates="1" cleared="0" enqueued="0" dynamicThreshold="32" maxThreshold="32" />
  <references type="weak" candidates="2" cleared="0" enqueued="0" />
  <references type="phantom" candidates="5" cleared="0" enqueued="0" />
</gc-op>
<gc-end id="68" type="scavenge" contextid="64" durationms="0.536" usertimems="4.000" systemtimems="0.000" timestamp="2019-07-02T19:02:18.439" activeThreads="4">
  <mem-info id="69" free="6520104" total="8388608" percent="77">
    <mem type="nursery" free="1076720" total="2097152" percent="51">
      <mem type="allocate" free="1076720" total="1179648" percent="91" />
      <mem type="survivor" free="0" total="917504" percent="0" />
    </mem>
    <mem type="tenure" free="5443384" total="6291456" percent="86">
      <mem type="soa" free="5129016" total="5977088" percent="85" />
      <mem type="loa" free="314368" total="314368" percent="100" />
    </mem>
    <remembered-set count="168" />
  </mem-info>
</gc-end>
<cycle-end id="70" type="scavenge" contextid="64" timestamp="2019-07-02T19:02:18.439">
  <attribute name="GC Util" value="0" />
  <attribute name="CPU Util" value="141" />
  <attribute name="Time Running"value="521"/>
  <attribute name="Number of cores"value="4"/>
</cycle-end>
<allocation-satisfied id="71" threadId="00000000019B5700" bytesRequested="2056" />
<af-end id="72" timestamp="2019-07-02T19:02:18.439" threadId="00000000019B6088" success="true" from="nursery"/>
<exclusive-end id="73" timestamp="2019-07-02T19:02:18.439" durationms="0.940" />

<exclusive-start id="74" timestamp="2019-07-02T19:02:18.515" intervalms="77.219">
  <response-info timems="0.028" idlems="0.028" threads="0" lastid="00000000019B5700" lastname="main" />
</exclusive-start>
<af-start id="75" threadId="00000000019B6088" totalBytesRequested="2056" timestamp="2019-07-02T19:02:18.515" intervalms="77.217" type="nursery" />
<cycle-start id="76" type="scavenge" contextid="0" timestamp="2019-07-02T19:02:18.515" intervalms="77.216" />
  <attribute name="GC Util" value="0" />
  <attribute name="CPU Util" value="141" />
  <attribute name="Time Running"value="521"/>
  <attribute name="Number of cores"value="4"/>
<gc-start id="77" type="scavenge" contextid="76" timestamp="2019-07-02T19:02:18.516">
  <mem-info id="78" free="5443384" total="8388608" percent="64">
    <mem type="nursery" free="0" total="2097152" percent="0">
      <mem type="allocate" free="0" total="1179648" percent="0" />
      <mem type="survivor" free="0" total="917504" percent="0" />
    </mem>
    <mem type="tenure" free="5443384" total="6291456" percent="86">
      <mem type="soa" free="5129016" total="5977088" percent="85" />
      <mem type="loa" free="314368" total="314368" percent="100" />
    </mem>
    <remembered-set count="168" />
  </mem-info>
</gc-start>
<allocation-stats totalBytes="1071560" >
  <allocated-bytes non-tlh="2056" tlh="1069504" />
  <largest-consumer threadName="main" threadId="00000000019B5700" bytes="1071560" />
</allocation-stats>
<gc-op id="79" type="scavenge" timems="0.260" contextid="76" timestamp="2019-07-02T19:02:18.516">
  <scavenger-info tenureage="6" tenuremask="ffc0" tiltratio="56" />
  <memory-copied type="nursery" objects="300" bytes="79656" bytesdiscarded="23192" />
  <finalization candidates="2" enqueued="0" />
  <references type="soft" candidates="1" cleared="0" enqueued="0" dynamicThreshold="32" maxThreshold="32" />
  <references type="weak" candidates="2" cleared="0" enqueued="0" />
  <references type="phantom" candidates="5" cleared="0" enqueued="0" />
</gc-op>
<gc-end id="80" type="scavenge" contextid="76" durationms="0.428" usertimems="0.000" systemtimems="0.000" timestamp="2019-07-02T19:02:18.516" activeThreads="4">
  <mem-info id="81" free="6651176" total="8388608" percent="79">
    <mem type="nursery" free="1207792" total="2097152" percent="57">
      <mem type="allocate" free="1207792" total="1310720" percent="92" />
      <mem type="survivor" free="0" total="786432" percent="0" />
    </mem>
    <mem type="tenure" free="5443384" total="6291456" percent="86">
      <mem type="soa" free="5129016" total="5977088" percent="85" />
      <mem type="loa" free="314368" total="314368" percent="100" />
    </mem>
    <remembered-set count="86" />
  </mem-info>
</gc-end>
<cycle-end id="82" type="scavenge" contextid="76" timestamp="2019-07-02T19:02:18.516">
  <attribute name="GC Util" value="0" />
  <attribute name="CPU Util" value="102" />
  <attribute name="Time Running"value="598"/>
  <attribute name="Number of cores"value="4"/>
</cycle-end>
<allocation-satisfied id="83" threadId="00000000019B5700" bytesRequested="2056" />
<af-end id="84" timestamp="2019-07-02T19:02:18.516" threadId="00000000019B6088" success="true" from="nursery"/>
<exclusive-end id="85" timestamp="2019-07-02T19:02:18.516" durationms="0.829" />

<exclusive-start id="86" timestamp="2019-07-02T19:02:18.604" intervalms="88.601">
  <response-info timems="0.022" idlems="0.022" threads="0" lastid="00000000019B5700" lastname="main" />
</exclusive-start>
<af-start id="87" threadId="00000000019B6088" totalBytesRequested="1080" timestamp="2019-07-02T19:02:18.604" intervalms="88.662" type="nursery" />
<cycle-start id="88" type="scavenge" contextid="0" timestamp="2019-07-02T19:02:18.604" intervalms="88.701" />
  <attribute name="GC Util" value="0" />
  <attribute name="CPU Util" value="102" />
  <attribute name="Time Running"value="598"/>
  <attribute name="Number of cores"value="4"/>
<gc-start id="89" type="scavenge" contextid="88" timestamp="2019-07-02T19:02:18.604">
  <mem-info id="90" free="5439352" total="8388608" percent="64">
    <mem type="nursery" free="0" total="2097152" percent="0">
      <mem type="allocate" free="0" total="1310720" percent="0" />
      <mem type="survivor" free="0" total="786432" percent="0" />
    </mem>
    <mem type="tenure" free="5439352" total="6291456" percent="86">
      <mem type="soa" free="5124984" total="5977088" percent="85" />
      <mem type="loa" free="314368" total="314368" percent="100" />
    </mem>
    <remembered-set count="126" />
  </mem-info>
</gc-start>
<allocation-stats totalBytes="1206424" >
  <allocated-bytes non-tlh="171272" tlh="1035152" />
  <largest-consumer threadName="main" threadId="00000000019B5700" bytes="1206424" />
</allocation-stats>
<gc-op id="91" type="scavenge" timems="0.314" contextid="88" timestamp="2019-07-02T19:02:18.605">
  <scavenger-info tenureage="3" tenuremask="fff8" tiltratio="62" />
  <memory-copied type="nursery" objects="178" bytes="198608" bytesdiscarded="44904" />
  <memory-copied type="tenure" objects="236" bytes="57944" bytesdiscarded="0" />
  <finalization candidates="2" enqueued="0" />
  <references type="soft" candidates="1" cleared="0" enqueued="0" dynamicThreshold="32" maxThreshold="32" />
  <references type="weak" candidates="11" cleared="11" enqueued="11" />
  <references type="phantom" candidates="5" cleared="1" enqueued="1" />
</gc-op>
<gc-end id="92" type="scavenge" contextid="88" durationms="0.540" usertimems="0.000" systemtimems="0.000" timestamp="2019-07-02T19:02:18.605" activeThreads="4">
  <mem-info id="93" free="6637624" total="8388608" percent="79">
    <mem type="nursery" free="1198272" total="2097152" percent="57">
      <mem type="allocate" free="1198272" total="1441792" percent="83" />
      <mem type="survivor" free="0" total="655360" percent="0" />
    </mem>
    <mem type="tenure" free="5439352" total="6291456" percent="86">
      <mem type="soa" free="5124984" total="5977088" percent="85" />
      <mem type="loa" free="314368" total="314368" percent="100" />
    </mem>
    <pending-finalizers system="0" default="0" reference="12" classloader="0" />
    <remembered-set count="109" />
  </mem-info>
</gc-end>
<cycle-end id="94" type="scavenge" contextid="88" timestamp="2019-07-02T19:02:18.605">
  <attribute name="GC Util" value="0" />
  <attribute name="CPU Util" value="111" />
  <attribute name="Time Running"value="687"/>
  <attribute name="Number of cores"value="4"/>
</cycle-end>
<allocation-satisfied id="95" threadId="00000000019B5700" bytesRequested="1080" />
<af-end id="96" timestamp="2019-07-02T19:02:18.605" threadId="00000000019B6088" success="true" from="nursery"/>
<exclusive-end id="97" timestamp="2019-07-02T19:02:18.605" durationms="1.111" />

<exclusive-start id="98" timestamp="2019-07-02T19:02:18.607" intervalms="3.256">
  <response-info timems="0.020" idlems="0.020" threads="0" lastid="00000000019B5700" lastname="main" />
</exclusive-start>
<sys-start reason="explicit" id="99" timestamp="2019-07-02T19:02:18.607" intervalms="787.340" />
<cycle-start id="100" type="global" contextid="0" timestamp="2019-07-02T19:02:18.608" intervalms="787.566" />
  <attribute name="GC Util" value="0" />
  <attribute name="CPU Util" value="111" />
  <attribute name="Time Running"value="687"/>
  <attribute name="Number of cores"value="4"/>
<gc-start id="101" type="global" contextid="100" timestamp="2019-07-02T19:02:18.608">
  <mem-info id="102" free="6563944" total="8388608" percent="78">
    <mem type="nursery" free="1127560" total="2097152" percent="53">
      <mem type="allocate" free="1127560" total="1441792" percent="78" />
      <mem type="survivor" free="0" total="655360" percent="0" />
    </mem>
    <mem type="tenure" free="5436384" total="6291456" percent="86">
      <mem type="soa" free="5122016" total="5977088" percent="85" />
      <mem type="loa" free="314368" total="314368" percent="100" />
    </mem>
    <remembered-set count="150" />
  </mem-info>
</gc-start>
<allocation-stats totalBytes="73680" >
  <allocated-bytes non-tlh="4048" tlh="69632" />
  <largest-consumer threadName="main" threadId="00000000019B5700" bytes="69584" />
</allocation-stats>
<gc-op id="103" type="mark" timems="1.084" contextid="100" timestamp="2019-07-02T19:02:18.609">
  <trace-info objectcount="16836" scancount="13865" scanbytes="445156" />
  <finalization candidates="18" enqueued="0" />
  <references type="soft" candidates="66" cleared="0" enqueued="0" dynamicThreshold="32" maxThreshold="32" />
  <references type="weak" candidates="181" cleared="34" enqueued="25" />
  <references type="phantom" candidates="36" cleared="3" enqueued="3" />
  <stringconstants candidates="2443" cleared="0"  />
</gc-op>
<gc-op id="104" type="classunload" timems="0.136" contextid="100" timestamp="2019-07-02T19:02:18.609">
  <classunload-info classloadercandidates="6" classloadersunloaded="0" classesunloaded="0" anonymousclassesunloaded="0" quiescems="0.000" setupms="0.135" scanms="0.000" postms="0.001" />
</gc-op>
<gc-op id="105" type="sweep" timems="0.321" contextid="100" timestamp="2019-07-02T19:02:18.609" />
<gc-end id="106" type="global" contextid="100" durationms="1.945" usertimems="0.000" systemtimems="0.000" timestamp="2019-07-02T19:02:18.610" activeThreads="4">
  <mem-info id="107" free="6741976" total="8388608" percent="80">
    <mem type="nursery" free="1235960" total="2097152" percent="58">
      <mem type="allocate" free="1235960" total="1441792" percent="85" />
      <mem type="survivor" free="0" total="655360" percent="0" />
    </mem>
    <mem type="tenure" free="5506016" total="6291456" percent="87" micro-fragmented="0" macro-fragmented="0">
      <mem type="soa" free="5191648" total="5977088" percent="86" />
      <mem type="loa" free="314368" total="314368" percent="100" />
    </mem>
    <pending-finalizers system="0" default="0" reference="28" classloader="0" />
    <remembered-set count="147" />
  </mem-info>
</gc-end>
<cycle-end id="108" type="global" contextid="100" timestamp="2019-07-02T19:02:18.610">
  <attribute name="GC Util" value="60" />
  <attribute name="CPU Util" value="12891572226480" />
  <attribute name="Time Running"value="691"/>
  <attribute name="Number of cores"value="4"/>
</cycle-end>
<sys-end id="109" timestamp="2019-07-02T19:02:18.610" />
<exclusive-end id="110" timestamp="2019-07-02T19:02:18.610" durationms="2.584" />

<exclusive-start id="111" timestamp="2019-07-02T19:02:18.654" intervalms="47.136">
  <response-info timems="0.019" idlems="0.019" threads="0" lastid="00000000019B5700" lastname="main" />
</exclusive-start>
<af-start id="112" threadId="00000000019B6088" totalBytesRequested="2832" timestamp="2019-07-02T19:02:18.654" intervalms="50.343" type="nursery" />
<cycle-start id="113" type="scavenge" contextid="0" timestamp="2019-07-02T19:02:18.654" intervalms="50.310" />
  <attribute name="GC Util" value="60" />
  <attribute name="CPU Util" value="12891572226480" />
  <attribute name="Time Running"value="691"/>
  <attribute name="Number of cores"value="4"/>
<gc-start id="114" type="scavenge" contextid="113" timestamp="2019-07-02T19:02:18.655">
  <mem-info id="115" free="5423040" total="8388608" percent="64">
    <mem type="nursery" free="0" total="2097152" percent="0">
      <mem type="allocate" free="0" total="1441792" percent="0" />
      <mem type="survivor" free="0" total="655360" percent="0" />
    </mem>
    <mem type="tenure" free="5423040" total="6291456" percent="86">
      <mem type="soa" free="5108672" total="5977088" percent="85" />
      <mem type="loa" free="314368" total="314368" percent="100" />
    </mem>
    <remembered-set count="807" />
  </mem-info>
</gc-start>
<allocation-stats totalBytes="1313640" >
  <allocated-bytes non-tlh="123936" tlh="1189704" />
  <largest-consumer threadName="main" threadId="00000000019B5700" bytes="1309544" />
</allocation-stats>
<gc-op id="116" type="scavenge" timems="0.375" contextid="113" timestamp="2019-07-02T19:02:18.655">
  <scavenger-info tenureage="3" tenuremask="ffc8" tiltratio="68" />
  <memory-copied type="nursery" objects="2467" bytes="297120" bytesdiscarded="63792" />
  <references type="soft" candidates="3" cleared="0" enqueued="0" dynamicThreshold="28" maxThreshold="32" />
  <references type="weak" candidates="33" cleared="32" enqueued="32" />
  <references type="phantom" candidates="7" cleared="0" enqueued="0" />
</gc-op>
<gc-end id="117" type="scavenge" contextid="113" durationms="0.548" usertimems="0.000" systemtimems="0.000" timestamp="2019-07-02T19:02:18.655" activeThreads="4">
  <mem-info id="118" free="6503808" total="8388608" percent="77">
    <mem type="nursery" free="1080768" total="2097152" percent="51">
      <mem type="allocate" free="1080768" total="1441792" percent="74" />
      <mem type="survivor" free="0" total="655360" percent="0" />
    </mem>
    <mem type="tenure" free="5423040" total="6291456" percent="86">
      <mem type="soa" free="5108672" total="5977088" percent="85" />
      <mem type="loa" free="314368" total="314368" percent="100" />
    </mem>
    <pending-finalizers system="0" default="0" reference="32" classloader="0" />
    <remembered-set count="802" />
  </mem-info>
</gc-end>
<cycle-end id="119" type="scavenge" contextid="113" timestamp="2019-07-02T19:02:18.655">
  <attribute name="GC Util" value="2" />
  <attribute name="CPU Util" value="79" />
  <attribute name="Time Running"value="737"/>
  <attribute name="Number of cores"value="4"/>
</cycle-end>
<allocation-satisfied id="120" threadId="00000000019B5700" bytesRequested="2832" />
<af-end id="121" timestamp="2019-07-02T19:02:18.655" threadId="00000000019B6088" success="true" from="nursery"/>
<exclusive-end id="122" timestamp="2019-07-02T19:02:18.655" durationms="0.970" />

<exclusive-start id="123" timestamp="2019-07-02T19:02:18.703" intervalms="48.941">
  <response-info timems="0.018" idlems="0.018" threads="0" lastid="00000000019B5700" lastname="main" />
</exclusive-start>
<af-start id="124" threadId="00000000019B6088" totalBytesRequested="1808" timestamp="2019-07-02T19:02:18.703" intervalms="48.931" type="nursery" />
<cycle-start id="125" type="scavenge" contextid="0" timestamp="2019-07-02T19:02:18.703" intervalms="48.935" />
  <attribute name="GC Util" value="2" />
  <attribute name="CPU Util" value="79" />
  <attribute name="Time Running"value="737"/>
  <attribute name="Number of cores"value="4"/>
<gc-start id="126" type="scavenge" contextid="125" timestamp="2019-07-02T19:02:18.703">
  <mem-info id="127" free="5403120" total="8388608" percent="64">
    <mem type="nursery" free="0" total="2097152" percent="0">
      <mem type="allocate" free="0" total="1441792" percent="0" />
      <mem type="survivor" free="0" total="655360" percent="0" />
    </mem>
    <mem type="tenure" free="5403120" total="6291456" percent="85">
      <mem type="soa" free="5088752" total="5977088" percent="85" />
      <mem type="loa" free="314368" total="314368" percent="100" />
    </mem>
    <remembered-set count="1017" />
  </mem-info>
</gc-start>
<allocation-stats totalBytes="1096736" >
  <allocated-bytes non-tlh="22752" tlh="1073984" />
  <largest-consumer threadName="main" threadId="00000000019B5700" bytes="1096736" />
</allocation-stats>
<gc-op id="128" type="scavenge" timems="0.412" contextid="125" timestamp="2019-07-02T19:02:18.704">
  <scavenger-info tenureage="3" tenuremask="fff8" tiltratio="68" />
  <memory-copied type="nursery" objects="2484" bytes="354640" bytesdiscarded="22184" />
  <references type="soft" candidates="3" cleared="0" enqueued="0" dynamicThreshold="28" maxThreshold="32" />
  <references type="weak" candidates="3" cleared="1" enqueued="1" />
  <references type="phantom" candidates="8" cleared="0" enqueued="0" />
</gc-op>
<gc-end id="129" type="scavenge" contextid="125" durationms="0.585" usertimems="0.000" systemtimems="0.000" timestamp="2019-07-02T19:02:18.704" activeThreads="4">
  <mem-info id="130" free="6599104" total="8388608" percent="78">
    <mem type="nursery" free="1195984" total="2097152" percent="57">
      <mem type="allocate" free="1195984" total="1572864" percent="76" />
      <mem type="survivor" free="0" total="524288" percent="0" />
    </mem>
    <mem type="tenure" free="5403120" total="6291456" percent="85">
      <mem type="soa" free="5088752" total="5977088" percent="85" />
      <mem type="loa" free="314368" total="314368" percent="100" />
    </mem>
    <pending-finalizers system="0" default="0" reference="1" classloader="0" />
    <remembered-set count="988" />
  </mem-info>
</gc-end>
<cycle-end id="131" type="scavenge" contextid="125" timestamp="2019-07-02T19:02:18.704">
  <attribute name="GC Util" value="1" />
  <attribute name="CPU Util" value="72" />
  <attribute name="Time Running"value="786"/>
  <attribute name="Number of cores"value="4"/>
</cycle-end>
<allocation-satisfied id="132" threadId="00000000019B5700" bytesRequested="1808" />
<af-end id="133" timestamp="2019-07-02T19:02:18.704" threadId="00000000019B6088" success="true" from="nursery"/>
<exclusive-end id="134" timestamp="2019-07-02T19:02:18.704" durationms="1.005" />

<exclusive-start id="135" timestamp="2019-07-02T19:02:19.037" intervalms="333.358">
  <response-info timems="0.021" idlems="0.021" threads="0" lastid="00000000019B5700" lastname="main" />
</exclusive-start>
<af-start id="136" threadId="00000000019B6088" totalBytesRequested="4488" timestamp="2019-07-02T19:02:19.037" intervalms="333.416" type="nursery" />
<cycle-start id="137" type="scavenge" contextid="0" timestamp="2019-07-02T19:02:19.037" intervalms="333.442" />
  <attribute name="GC Util" value="1" />
  <attribute name="CPU Util" value="72" />
  <attribute name="Time Running"value="786"/>
  <attribute name="Number of cores"value="4"/>
<gc-start id="138" type="scavenge" contextid="137" timestamp="2019-07-02T19:02:19.037">
  <mem-info id="139" free="5374656" total="8388608" percent="64">
    <mem type="nursery" free="0" total="2097152" percent="0">
      <mem type="allocate" free="0" total="1572864" percent="0" />
      <mem type="survivor" free="0" total="524288" percent="0" />
    </mem>
    <mem type="tenure" free="5374656" total="6291456" percent="85">
      <mem type="soa" free="5060288" total="5977088" percent="84" />
      <mem type="loa" free="314368" total="314368" percent="100" />
    </mem>
    <remembered-set count="1524" />
  </mem-info>
</gc-start>
<allocation-stats totalBytes="1215840" >
  <allocated-bytes non-tlh="30272" tlh="1185568" />
  <largest-consumer threadName="main" threadId="00000000019B5700" bytes="1215840" />
</allocation-stats>
<gc-op id="140" type="scavenge" timems="1.084" contextid="137" timestamp="2019-07-02T19:02:19.038">
  <scavenger-info tenureage="3" tenuremask="fff8" tiltratio="75" />
  <memory-copied type="nursery" objects="14122" bytes="468808" bytesdiscarded="55400" />
  <memory-copied type="tenure" objects="115" bytes="195680" bytesdiscarded="0" />
  <references type="soft" candidates="2" cleared="0" enqueued="0" dynamicThreshold="28" maxThreshold="32" />
  <references type="weak" candidates="8" cleared="7" enqueued="7" />
  <references type="phantom" candidates="4" cleared="2" enqueued="2" />
</gc-op>
<gc-end id="141" type="scavenge" contextid="137" durationms="1.358" usertimems="0.000" systemtimems="4.000" timestamp="2019-07-02T19:02:19.038" activeThreads="4">
  <mem-info id="142" free="6048640" total="8388608" percent="72">
    <mem type="nursery" free="917504" total="2097152" percent="43">
      <mem type="allocate" free="917504" total="1441792" percent="63" />
      <mem type="survivor" free="0" total="655360" percent="0" />
    </mem>
    <mem type="tenure" free="5131136" total="6291456" percent="81">
      <mem type="soa" free="4816768" total="5977088" percent="80" />
      <mem type="loa" free="314368" total="314368" percent="100" />
    </mem>
    <pending-finalizers system="0" default="0" reference="9" classloader="0" />
    <remembered-set count="924" />
  </mem-info>
</gc-end>
<cycle-end id="143" type="scavenge" contextid="137" timestamp="2019-07-02T19:02:19.038">
  <attribute name="GC Util" value="0" />
  <attribute name="CPU Util" value="100" />
  <attribute name="Time Running"value="1119"/>
  <attribute name="Number of cores"value="4"/>
</cycle-end>
<allocation-satisfied id="144" threadId="00000000019B5700" bytesRequested="4488" />
<af-end id="145" timestamp="2019-07-02T19:02:19.039" threadId="00000000019B6088" success="true" from="nursery"/>
<exclusive-end id="146" timestamp="2019-07-02T19:02:19.039" durationms="1.948" />

<exclusive-start id="147" timestamp="2019-07-02T19:02:19.123" intervalms="86.206">
  <response-info timems="0.010" idlems="0.010" threads="0" lastid="00000000019B5700" lastname="main" />
</exclusive-start>
<af-start id="148" threadId="00000000019B6088" totalBytesRequested="944" timestamp="2019-07-02T19:02:19.123" intervalms="86.160" type="nursery" />
<cycle-start id="149" type="scavenge" contextid="0" timestamp="2019-07-02T19:02:19.123" intervalms="86.126" />
  <attribute name="GC Util" value="0" />
  <attribute name="CPU Util" value="100" />
  <attribute name="Time Running"value="1119"/>
  <attribute name="Number of cores"value="4"/>
<gc-start id="150" type="scavenge" contextid="149" timestamp="2019-07-02T19:02:19.123">
  <mem-info id="151" free="5112976" total="8388608" percent="60">
    <mem type="nursery" free="0" total="2097152" percent="0">
      <mem type="allocate" free="0" total="1441792" percent="0" />
      <mem type="survivor" free="0" total="655360" percent="0" />
    </mem>
    <mem type="tenure" free="5112976" total="6291456" percent="81">
      <mem type="soa" free="4798608" total="5977088" percent="80" />
      <mem type="loa" free="314368" total="314368" percent="100" />
    </mem>
    <remembered-set count="1138" />
  </mem-info>
</gc-start>
<allocation-stats totalBytes="933904" >
  <allocated-bytes non-tlh="69976" tlh="863928" />
  <largest-consumer threadName="main" threadId="00000000019B5700" bytes="933904" />
</allocation-stats>
<gc-op id="152" type="scavenge" timems="0.959" contextid="149" timestamp="2019-07-02T19:02:19.124">
  <scavenger-info tenureage="5" tenuremask="ffe0" tiltratio="68" />
  <memory-copied type="nursery" objects="14935" bytes="541064" bytesdiscarded="114208" />
  <references type="soft" candidates="2" cleared="0" enqueued="0" dynamicThreshold="28" maxThreshold="32" />
  <references type="weak" candidates="3" cleared="2" enqueued="2" />
  <references type="phantom" candidates="2" cleared="0" enqueued="0" />
</gc-op>
<gc-end id="153" type="scavenge" contextid="149" durationms="1.137" usertimems="4.000" systemtimems="0.000" timestamp="2019-07-02T19:02:19.124" activeThreads="4">
  <mem-info id="154" free="5899408" total="8388608" percent="70">
    <mem type="nursery" free="786432" total="2097152" percent="37">
      <mem type="allocate" free="786432" total="1441792" percent="54" />
      <mem type="survivor" free="0" total="655360" percent="0" />
    </mem>
    <mem type="tenure" free="5112976" total="6291456" percent="81">
      <mem type="soa" free="4798608" total="5977088" percent="80" />
      <mem type="loa" free="314368" total="314368" percent="100" />
    </mem>
    <pending-finalizers system="0" default="0" reference="2" classloader="0" />
    <remembered-set count="1014" />
  </mem-info>
</gc-end>
<cycle-end id="155" type="scavenge" contextid="149" timestamp="2019-07-02T19:02:19.124">
  <attribute name="GC Util" value="2" />
  <attribute name="CPU Util" value="2" />
  <attribute name="Time Running"value="1205"/>
  <attribute name="Number of cores"value="4"/>
</cycle-end>
<allocation-satisfied id="156" threadId="00000000019B5700" bytesRequested="944" />
<af-end id="157" timestamp="2019-07-02T19:02:19.124" threadId="00000000019B6088" success="true" from="nursery"/>
<exclusive-end id="158" timestamp="2019-07-02T19:02:19.124" durationms="1.556" />

<exclusive-start id="159" timestamp="2019-07-02T19:02:19.141" intervalms="17.794">
  <response-info timems="0.010" idlems="0.010" threads="0" lastid="00000000019B5700" lastname="main" />
</exclusive-start>
<af-start id="160" threadId="00000000019B6088" totalBytesRequested="3080" timestamp="2019-07-02T19:02:19.141" intervalms="17.765" type="nursery" />
<cycle-start id="161" type="scavenge" contextid="0" timestamp="2019-07-02T19:02:19.141" intervalms="17.760" />
  <attribute name="GC Util" value="2" />
  <attribute name="CPU Util" value="2" />
  <attribute name="Time Running"value="1205"/>
  <attribute name="Number of cores"value="4"/>
<gc-start id="162" type="scavenge" contextid="161" timestamp="2019-07-02T19:02:19.141">
  <mem-info id="163" free="5094632" total="8388608" percent="60">
    <mem type="nursery" free="0" total="2097152" percent="0">
      <mem type="allocate" free="0" total="1441792" percent="0" />
      <mem type="survivor" free="0" total="655360" percent="0" />
    </mem>
    <mem type="tenure" free="5094632" total="6291456" percent="80">
      <mem type="soa" free="4780264" total="5977088" percent="79" />
      <mem type="loa" free="314368" total="314368" percent="100" />
    </mem>
    <remembered-set count="1245" />
  </mem-info>
</gc-start>
<allocation-stats totalBytes="797440" >
  <allocated-bytes non-tlh="19288" tlh="778152" />
  <largest-consumer threadName="main" threadId="00000000019B5700" bytes="797440" />
</allocation-stats>
<gc-op id="164" type="scavenge" timems="1.190" contextid="161" timestamp="2019-07-02T19:02:19.142">
  <scavenger-info tenureage="2" tenuremask="fffc" tiltratio="68" />
  <memory-copied type="nursery" objects="2629" bytes="153512" bytesdiscarded="94048" />
  <memory-copied type="tenure" objects="14039" bytes="465728" bytesdiscarded="48" />
  <references type="weak" candidates="1" cleared="0" enqueued="0" />
  <references type="phantom" candidates="1" cleared="0" enqueued="0" />
</gc-op>
<gc-end id="165" type="scavenge" contextid="161" durationms="1.359" usertimems="4.000" systemtimems="0.000" timestamp="2019-07-02T19:02:19.142" activeThreads="4">
  <mem-info id="166" free="5652256" total="8388608" percent="67">
    <mem type="nursery" free="1194192" total="2097152" percent="56">
      <mem type="allocate" free="1194192" total="1441792" percent="82" />
      <mem type="survivor" free="0" total="655360" percent="0" />
    </mem>
    <mem type="tenure" free="4458064" total="6291456" percent="70">
      <mem type="soa" free="4143696" total="5977088" percent="69" />
      <mem type="loa" free="314368" total="314368" percent="100" />
    </mem>
    <remembered-set count="544" />
  </mem-info>
</gc-end>
<cycle-end id="167" type="scavenge" contextid="161" timestamp="2019-07-02T19:02:19.142">
  <attribute name="GC Util" value="10" />
  <attribute name="CPU Util" value="1039808708605" />
  <attribute name="Time Running"value="1223"/>
  <attribute name="Number of cores"value="4"/>
</cycle-end>
<allocation-satisfied id="168" threadId="00000000019B5700" bytesRequested="3080" />
<af-end id="169" timestamp="2019-07-02T19:02:19.142" threadId="00000000019B6088" success="true" from="nursery"/>
<exclusive-end id="170" timestamp="2019-07-02T19:02:19.142" durationms="1.739" />

<exclusive-start id="171" timestamp="2019-07-02T19:02:19.393" intervalms="252.395">
  <response-info timems="0.026" idlems="0.026" threads="0" lastid="0000000001C73500" lastname="node-2" />
</exclusive-start>
<af-start id="172" threadId="0000000001C73E88" totalBytesRequested="32" timestamp="2019-07-02T19:02:19.393" intervalms="252.404" type="nursery" />
<cycle-start id="173" type="scavenge" contextid="0" timestamp="2019-07-02T19:02:19.393" intervalms="252.403" />
  <attribute name="GC Util" value="10" />
  <attribute name="CPU Util" value="1039808708605" />
  <attribute name="Time Running"value="1223"/>
  <attribute name="Number of cores"value="4"/>
<gc-start id="174" type="scavenge" contextid="173" timestamp="2019-07-02T19:02:19.393">
  <mem-info id="175" free="4451992" total="8388608" percent="53">
    <mem type="nursery" free="0" total="2097152" percent="0">
      <mem type="allocate" free="0" total="1441792" percent="0" />
      <mem type="survivor" free="0" total="655360" percent="0" />
    </mem>
    <mem type="tenure" free="4451992" total="6291456" percent="70">
      <mem type="soa" free="4137624" total="5977088" percent="69" />
      <mem type="loa" free="314368" total="314368" percent="100" />
    </mem>
    <remembered-set count="631" />
  </mem-info>
</gc-start>
<allocation-stats totalBytes="1198816" >
  <allocated-bytes non-tlh="9152" tlh="1189664" />
  <largest-consumer threadName="main" threadId="00000000019B5700" bytes="618048" />
</allocation-stats>
<gc-op id="176" type="scavenge" timems="0.886" contextid="173" timestamp="2019-07-02T19:02:19.394">
  <scavenger-info tenureage="6" tenuremask="ffc0" tiltratio="68" />
  <memory-copied type="nursery" objects="12509" bytes="522000" bytesdiscarded="133296" />
  <references type="weak" candidates="2" cleared="2" enqueued="2" />
</gc-op>
<gc-end id="177" type="scavenge" contextid="173" durationms="1.057" usertimems="4.000" systemtimems="0.000" timestamp="2019-07-02T19:02:19.394" activeThreads="4">
  <mem-info id="178" free="4976280" total="8388608" percent="59">
    <mem type="nursery" free="524288" total="2097152" percent="25">
      <mem type="allocate" free="524288" total="1179648" percent="44" />
      <mem type="survivor" free="0" total="917504" percent="0" />
    </mem>
    <mem type="tenure" free="4451992" total="6291456" percent="70">
      <mem type="soa" free="4137624" total="5977088" percent="69" />
      <mem type="loa" free="314368" total="314368" percent="100" />
    </mem>
    <pending-finalizers system="0" default="0" reference="2" classloader="0" />
    <remembered-set count="443" />
  </mem-info>
</gc-end>
<cycle-end id="179" type="scavenge" contextid="173" timestamp="2019-07-02T19:02:19.394">
  <attribute name="GC Util" value="0" />
  <attribute name="CPU Util" value="74" />
  <attribute name="Time Running"value="1475"/>
  <attribute name="Number of cores"value="4"/>
</cycle-end>
<allocation-satisfied id="180" threadId="0000000001C73500" bytesRequested="32" />
<af-end id="181" timestamp="2019-07-02T19:02:19.395" threadId="0000000001C73E88" success="true" from="nursery"/>
<exclusive-end id="182" timestamp="2019-07-02T19:02:19.395" durationms="1.530" />

<exclusive-start id="183" timestamp="2019-07-02T19:02:19.518" intervalms="124.653">
  <response-info timems="0.058" idlems="0.058" threads="0" lastid="0000000001C6BD00" lastname="node-1" />
</exclusive-start>
<af-start id="184" threadId="0000000001C6C688" totalBytesRequested="16" timestamp="2019-07-02T19:02:19.518" intervalms="124.665" type="nursery" />
<cycle-start id="185" type="scavenge" contextid="0" timestamp="2019-07-02T19:02:19.518" intervalms="124.719" />
  <attribute name="GC Util" value="0" />
  <attribute name="CPU Util" value="74" />
  <attribute name="Time Running"value="1475"/>
  <attribute name="Number of cores"value="4"/>
<gc-start id="186" type="scavenge" contextid="185" timestamp="2019-07-02T19:02:19.518">
  <mem-info id="187" free="4451992" total="8388608" percent="53">
    <mem type="nursery" free="0" total="2097152" percent="0">
      <mem type="allocate" free="0" total="1179648" percent="0" />
      <mem type="survivor" free="0" total="917504" percent="0" />
    </mem>
    <mem type="tenure" free="4451992" total="6291456" percent="70">
      <mem type="soa" free="4137624" total="5977088" percent="69" />
      <mem type="loa" free="314368" total="314368" percent="100" />
    </mem>
    <remembered-set count="443" />
  </mem-info>
</gc-start>
<allocation-stats totalBytes="524176" >
  <allocated-bytes non-tlh="32" tlh="524144" />
  <largest-consumer threadName="node-2" threadId="0000000001C73500" bytes="184320" />
</allocation-stats>
<gc-op id="188" type="scavenge" timems="0.973" contextid="185" timestamp="2019-07-02T19:02:19.519">
  <scavenger-info tenureage="3" tenuremask="fff8" tiltratio="56" />
  <memory-copied type="nursery" objects="17302" bytes="584496" bytesdiscarded="79416" />
  <memory-copied type="tenure" objects="801" bytes="72336" bytesdiscarded="8" />
</gc-op>
<gc-end id="189" type="scavenge" contextid="185" durationms="1.383" usertimems="4.000" systemtimems="0.000" timestamp="2019-07-02T19:02:19.519" activeThreads="4">
  <mem-info id="190" free="4884728" total="8388608" percent="58">
    <mem type="nursery" free="646760" total="2097152" percent="30">
      <mem type="allocate" free="646760" total="1310720" percent="49" />
      <mem type="survivor" free="0" total="786432" percent="0" />
    </mem>
    <mem type="tenure" free="4237968" total="6291456" percent="67">
      <mem type="soa" free="3923600" total="5977088" percent="65" />
      <mem type="loa" free="314368" total="314368" percent="100" />
    </mem>
    <remembered-set count="207" />
  </mem-info>
</gc-end>
<cycle-end id="191" type="scavenge" contextid="185" timestamp="2019-07-02T19:02:19.520">
  <attribute name="GC Util" value="1" />
  <attribute name="CPU Util" value="147584338974" />
  <attribute name="Time Running"value="1600"/>
  <attribute name="Number of cores"value="4"/>
</cycle-end>
<allocation-satisfied id="192" threadId="0000000001C6BD00" bytesRequested="16" />
<af-end id="193" timestamp="2019-07-02T19:02:19.520" threadId="0000000001C6C688" success="true" from="nursery"/>
<exclusive-end id="194" timestamp="2019-07-02T19:02:19.520" durationms="2.067" />

<exclusive-start id="195" timestamp="2019-07-02T19:02:19.708" intervalms="190.053">
  <response-info timems="0.022" idlems="0.022" threads="0" lastid="0000000001C6F900" lastname="node-0" />
</exclusive-start>
<af-start id="196" threadId="0000000001C70288" totalBytesRequested="16" timestamp="2019-07-02T19:02:19.708" intervalms="190.044" type="nursery" />
<cycle-start id="197" type="scavenge" contextid="0" timestamp="2019-07-02T19:02:19.708" intervalms="189.996" />
  <attribute name="GC Util" value="1" />
  <attribute name="CPU Util" value="147584338974" />
  <attribute name="Time Running"value="1600"/>
  <attribute name="Number of cores"value="4"/>
<gc-start id="198" type="scavenge" contextid="197" timestamp="2019-07-02T19:02:19.708">
  <mem-info id="199" free="4237968" total="8388608" percent="50">
    <mem type="nursery" free="0" total="2097152" percent="0">
      <mem type="allocate" free="0" total="1310720" percent="0" />
      <mem type="survivor" free="0" total="786432" percent="0" />
    </mem>
    <mem type="tenure" free="4237968" total="6291456" percent="67">
      <mem type="soa" free="3923600" total="5977088" percent="65" />
      <mem type="loa" free="314368" total="314368" percent="100" />
    </mem>
    <remembered-set count="207" />
  </mem-info>
</gc-start>
<allocation-stats totalBytes="646608" >
  <allocated-bytes non-tlh="16" tlh="646592" />
  <largest-consumer threadName="node-2" threadId="0000000001C73500" bytes="228896" />
</allocation-stats>
<gc-op id="200" type="scavenge" timems="3.175" contextid="197" timestamp="2019-07-02T19:02:19.711">
  <scavenger-info tenureage="2" tenuremask="ffec" tiltratio="62" />
  <memory-copied type="nursery" objects="12151" bytes="292232" bytesdiscarded="9592" />
  <memory-copied type="tenure" objects="11685" bytes="449200" bytesdiscarded="32" />
</gc-op>
<gc-end id="201" type="scavenge" contextid="197" durationms="3.547" usertimems="0.000" systemtimems="4.000" timestamp="2019-07-02T19:02:19.711" activeThreads="4">
  <mem-info id="202" free="4971656" total="8388608" percent="59">
    <mem type="nursery" free="1074432" total="2097152" percent="51">
      <mem type="allocate" free="1074432" total="1376256" percent="78" />
      <mem type="survivor" free="0" total="720896" percent="0" />
    </mem>
    <mem type="tenure" free="3897224" total="6291456" percent="61">
      <mem type="soa" free="3582856" total="5977088" percent="59" />
      <mem type="loa" free="314368" total="314368" percent="100" />
    </mem>
    <remembered-set count="101" />
  </mem-info>
</gc-end>
<cycle-end id="203" type="scavenge" contextid="197" timestamp="2019-07-02T19:02:19.712">
  <attribute name="GC Util" value="0" />
  <attribute name="CPU Util" value="13" />
  <attribute name="Time Running"value="1790"/>
  <attribute name="Number of cores"value="4"/>
</cycle-end>
<allocation-satisfied id="204" threadId="0000000001C6F900" bytesRequested="16" />
<af-end id="205" timestamp="2019-07-02T19:02:19.712" threadId="0000000001C70288" success="true" from="nursery"/>
<exclusive-end id="206" timestamp="2019-07-02T19:02:19.712" durationms="4.457" />

<exclusive-start id="207" timestamp="2019-07-02T19:02:20.022" intervalms="314.443">
  <response-info timems="0.030" idlems="0.030" threads="0" lastid="0000000001C73500" lastname="node-2" />
</exclusive-start>
<af-start id="208" threadId="0000000001C73E88" totalBytesRequested="32" timestamp="2019-07-02T19:02:20.022" intervalms="314.435" type="nursery" />
<cycle-start id="209" type="scavenge" contextid="0" timestamp="2019-07-02T19:02:20.022" intervalms="314.426" />
  <attribute name="GC Util" value="0" />
  <attribute name="CPU Util" value="13" />
  <attribute name="Time Running"value="1790"/>
  <attribute name="Number of cores"value="4"/>
<gc-start id="210" type="scavenge" contextid="209" timestamp="2019-07-02T19:02:20.022">
  <mem-info id="211" free="3897224" total="8388608" percent="46">
    <mem type="nursery" free="0" total="2097152" percent="0">
      <mem type="allocate" free="0" total="1376256" percent="0" />
      <mem type="survivor" free="0" total="720896" percent="0" />
    </mem>
    <mem type="tenure" free="3897224" total="6291456" percent="61">
      <mem type="soa" free="3582856" total="5977088" percent="59" />
      <mem type="loa" free="314368" total="314368" percent="100" />
    </mem>
    <remembered-set count="110" />
  </mem-info>
</gc-start>
<allocation-stats totalBytes="1073744" >
  <allocated-bytes non-tlh="16" tlh="1073728" />
  <largest-consumer threadName="node-0" threadId="0000000001C6F900" bytes="368112" />
</allocation-stats>
<gc-op id="212" type="scavenge" timems="1.303" contextid="209" timestamp="2019-07-02T19:02:20.024">
  <scavenger-info tenureage="2" tenuremask="ffc4" tiltratio="65" />
  <memory-copied type="nursery" objects="17703" bytes="424752" bytesdiscarded="45264" />
  <memory-copied type="tenure" objects="5594" bytes="134256" bytesdiscarded="0" />
</gc-op>
<gc-end id="213" type="scavenge" contextid="209" durationms="1.476" usertimems="0.000" systemtimems="0.000" timestamp="2019-07-02T19:02:20.024" activeThreads="4">
  <mem-info id="214" free="4646792" total="8388608" percent="55">
    <mem type="nursery" free="906240" total="2097152" percent="43">
      <mem type="allocate" free="906240" total="1376256" percent="65" />
      <mem type="survivor" free="0" total="720896" percent="0" />
    </mem>
    <mem type="tenure" free="3740552" total="6291456" percent="59">
      <mem type="soa" free="3426184" total="5977088" percent="57" />
      <mem type="loa" free="314368" total="314368" percent="100" />
    </mem>
    <remembered-set count="100" />
  </mem-info>
</gc-end>
<cycle-end id="215" type="scavenge" contextid="209" timestamp="2019-07-02T19:02:20.024">
  <attribute name="GC Util" value="1" />
  <attribute name="CPU Util" value="22" />
  <attribute name="Time Running"value="2105"/>
  <attribute name="Number of cores"value="4"/>
</cycle-end>
<allocation-satisfied id="216" threadId="0000000001C73500" bytesRequested="32" />
<af-end id="217" timestamp="2019-07-02T19:02:20.024" threadId="0000000001C73E88" success="true" from="nursery"/>
<exclusive-end id="218" timestamp="2019-07-02T19:02:20.024" durationms="2.045" />

<exclusive-start id="219" timestamp="2019-07-02T19:02:20.282" intervalms="260.130">
  <response-info timems="0.037" idlems="0.037" threads="0" lastid="0000000001C73500" lastname="node-2" />
</exclusive-start>
<af-start id="220" threadId="0000000001C73E88" totalBytesRequested="32" timestamp="2019-07-02T19:02:20.282" intervalms="260.130" type="nursery" />
<cycle-start id="221" type="scavenge" contextid="0" timestamp="2019-07-02T19:02:20.282" intervalms="260.131" />
  <attribute name="GC Util" value="1" />
  <attribute name="CPU Util" value="22" />
  <attribute name="Time Running"value="2105"/>
  <attribute name="Number of cores"value="4"/>
<gc-start id="222" type="scavenge" contextid="221" timestamp="2019-07-02T19:02:20.282">
  <mem-info id="223" free="3740552" total="8388608" percent="44">
    <mem type="nursery" free="0" total="2097152" percent="0">
      <mem type="allocate" free="0" total="1376256" percent="0" />
      <mem type="survivor" free="0" total="720896" percent="0" />
    </mem>
    <mem type="tenure" free="3740552" total="6291456" percent="59">
      <mem type="soa" free="3426184" total="5977088" percent="57" />
      <mem type="loa" free="314368" total="314368" percent="100" />
    </mem>
    <remembered-set count="110" />
  </mem-info>
</gc-start>
<allocation-stats totalBytes="906008" >
  <allocated-bytes non-tlh="32" tlh="905976" />
  <largest-consumer threadName="node-1" threadId="0000000001C6BD00" bytes="315296" />
</allocation-stats>
<gc-op id="224" type="scavenge" timems="1.478" contextid="221" timestamp="2019-07-02T19:02:20.284">
  <scavenger-info tenureage="2" tenuremask="7fe4" tiltratio="65" />
  <memory-copied type="nursery" objects="20641" bytes="495264" bytesdiscarded="13920" />
  <memory-copied type="tenure" objects="6534" bytes="156816" bytesdiscarded="0" />
</gc-op>
<gc-end id="225" type="scavenge" contextid="221" durationms="1.653" usertimems="0.000" systemtimems="0.000" timestamp="2019-07-02T19:02:20.284" activeThreads="4">
  <mem-info id="226" free="4450952" total="8388608" percent="53">
    <mem type="nursery" free="867072" total="2097152" percent="41">
      <mem type="allocate" free="867072" total="1376256" percent="63" />
      <mem type="survivor" free="0" total="720896" percent="0" />
    </mem>
    <mem type="tenure" free="3583880" total="6291456" percent="56">
      <mem type="soa" free="3269512" total="5977088" percent="54" />
      <mem type="loa" free="314368" total="314368" percent="100" />
    </mem>
    <remembered-set count="94" />
  </mem-info>
</gc-end>
<cycle-end id="227" type="scavenge" contextid="221" timestamp="2019-07-02T19:02:20.284">
  <attribute name="GC Util" value="0" />
  <attribute name="CPU Util" value="15" />
  <attribute name="Time Running"value="2365"/>
  <attribute name="Number of cores"value="4"/>
</cycle-end>
<allocation-satisfied id="228" threadId="0000000001C73500" bytesRequested="32" />
<af-end id="229" timestamp="2019-07-02T19:02:20.284" threadId="0000000001C73E88" success="true" from="nursery"/>
<exclusive-end id="230" timestamp="2019-07-02T19:02:20.284" durationms="2.126" />

<exclusive-start id="231" timestamp="2019-07-02T19:02:20.511" intervalms="228.400">
  <response-info timems="0.046" idlems="0.046" threads="0" lastid="0000000001C73500" lastname="node-2" />
</exclusive-start>
<af-start id="232" threadId="0000000001C73E88" totalBytesRequested="32" timestamp="2019-07-02T19:02:20.511" intervalms="228.421" type="nursery" />
<cycle-start id="233" type="scavenge" contextid="0" timestamp="2019-07-02T19:02:20.511" intervalms="228.475" />
  <attribute name="GC Util" value="0" />
  <attribute name="CPU Util" value="15" />
  <attribute name="Time Running"value="2365"/>
  <attribute name="Number of cores"value="4"/>
<gc-start id="234" type="scavenge" contextid="233" timestamp="2019-07-02T19:02:20.511">
  <mem-info id="235" free="3583880" total="8388608" percent="42">
    <mem type="nursery" free="0" total="2097152" percent="0">
      <mem type="allocate" free="0" total="1376256" percent="0" />
      <mem type="survivor" free="0" total="720896" percent="0" />
    </mem>
    <mem type="tenure" free="3583880" total="6291456" percent="56">
      <mem type="soa" free="3269512" total="5977088" percent="54" />
      <mem type="loa" free="314368" total="314368" percent="100" />
    </mem>
    <remembered-set count="106" />
  </mem-info>
</gc-start>
<allocation-stats totalBytes="866880" >
  <allocated-bytes non-tlh="32" tlh="866848" />
  <largest-consumer threadName="node-0" threadId="0000000001C6F900" bytes="315360" />
</allocation-stats>
<gc-op id="236" type="scavenge" timems="1.632" contextid="233" timestamp="2019-07-02T19:02:20.513">
  <scavenger-info tenureage="2" tenuremask="7ff4" tiltratio="65" />
  <memory-copied type="nursery" objects="17967" bytes="431088" bytesdiscarded="78096" />
  <memory-copied type="tenure" objects="11154" bytes="267696" bytesdiscarded="0" />
</gc-op>
<gc-end id="237" type="scavenge" contextid="233" durationms="1.970" usertimems="0.000" systemtimems="0.000" timestamp="2019-07-02T19:02:20.513" activeThreads="4">
  <mem-info id="238" free="4242312" total="8388608" percent="50">
    <mem type="nursery" free="932608" total="2097152" percent="44">
      <mem type="allocate" free="932608" total="1441792" percent="64" />
      <mem type="survivor" free="0" total="655360" percent="0" />
    </mem>
    <mem type="tenure" free="3309704" total="6291456" percent="52">
      <mem type="soa" free="2995336" total="5977088" percent="50" />
      <mem type="loa" free="314368" total="314368" percent="100" />
    </mem>
    <remembered-set count="94" />
  </mem-info>
</gc-end>
<cycle-end id="239" type="scavenge" contextid="233" timestamp="2019-07-02T19:02:20.513">
  <attribute name="GC Util" value="0" />
  <attribute name="CPU Util" value="3" />
  <attribute name="Time Running"value="2593"/>
  <attribute name="Number of cores"value="4"/>
</cycle-end>
<allocation-satisfied id="240" threadId="0000000001C73500" bytesRequested="32" />
<af-end id="241" timestamp="2019-07-02T19:02:20.513" threadId="0000000001C73E88" success="true" from="nursery"/>
<exclusive-end id="242" timestamp="2019-07-02T19:02:20.513" durationms="2.595" />

<exclusive-start id="243" timestamp="2019-07-02T19:02:20.763" intervalms="251.861">
  <response-info timems="0.035" idlems="0.035" threads="0" lastid="0000000001C6BD00" lastname="node-1" />
</exclusive-start>
<af-start id="244" threadId="0000000001C6C688" totalBytesRequested="32" timestamp="2019-07-02T19:02:20.763" intervalms="251.877" type="nursery" />
<cycle-start id="245" type="scavenge" contextid="0" timestamp="2019-07-02T19:02:20.763" intervalms="251.856" />
  <attribute name="GC Util" value="0" />
  <attribute name="CPU Util" value="3" />
  <attribute name="Time Running"value="2593"/>
  <attribute name="Number of cores"value="4"/>
<gc-start id="246" type="scavenge" contextid="245" timestamp="2019-07-02T19:02:20.763">
  <mem-info id="247" free="3309704" total="8388608" percent="39">
    <mem type="nursery" free="0" total="2097152" percent="0">
      <mem type="allocate" free="0" total="1441792" percent="0" />
      <mem type="survivor" free="0" total="655360" percent="0" />
    </mem>
    <mem type="tenure" free="3309704" total="6291456" percent="52">
      <mem type="soa" free="2995336" total="5977088" percent="50" />
      <mem type="loa" free="314368" total="314368" percent="100" />
    </mem>
    <remembered-set count="106" />
  </mem-info>
</gc-start>
<allocation-stats totalBytes="931912" >
  <allocated-bytes non-tlh="32" tlh="931880" />
  <largest-consumer threadName="node-2" threadId="0000000001C73500" bytes="330472" />
</allocation-stats>
<gc-op id="248" type="scavenge" timems="1.538" contextid="245" timestamp="2019-07-02T19:02:20.765">
  <scavenger-info tenureage="2" tenuremask="7ff4" tiltratio="68" />
  <memory-copied type="nursery" objects="17902" bytes="429528" bytesdiscarded="1320" />
  <memory-copied type="tenure" objects="9472" bytes="227328" bytesdiscarded="0" />
</gc-op>
<gc-end id="249" type="scavenge" contextid="245" durationms="1.872" usertimems="0.000" systemtimems="0.000" timestamp="2019-07-02T19:02:20.765" activeThreads="4">
  <mem-info id="250" free="4085640" total="8388608" percent="48">
    <mem type="nursery" free="1010944" total="2097152" percent="48">
      <mem type="allocate" free="1010944" total="1441792" percent="70" />
      <mem type="survivor" free="0" total="655360" percent="0" />
    </mem>
    <mem type="tenure" free="3074696" total="6291456" percent="48">
      <mem type="soa" free="2760328" total="5977088" percent="46" />
      <mem type="loa" free="314368" total="314368" percent="100" />
    </mem>
    <remembered-set count="92" />
  </mem-info>
</gc-end>
<cycle-end id="251" type="scavenge" contextid="245" timestamp="2019-07-02T19:02:20.765">
  <attribute name="GC Util" value="0" />
  <attribute name="CPU Util" value="10" />
  <attribute name="Time Running"value="2845"/>
  <attribute name="Number of cores"value="4"/>
</cycle-end>
<allocation-satisfied id="252" threadId="0000000001C6BD00" bytesRequested="32" />
<af-end id="253" timestamp="2019-07-02T19:02:20.765" threadId="0000000001C6C688" success="true" from="nursery"/>
<exclusive-end id="254" timestamp="2019-07-02T19:02:20.765" durationms="2.424" />

<exclusive-start id="255" timestamp="2019-07-02T19:02:21.044" intervalms="281.432">
  <response-info timems="0.038" idlems="0.038" threads="0" lastid="0000000001C73500" lastname="node-2" />
</exclusive-start>
<af-start id="256" threadId="0000000001C73E88" totalBytesRequested="32" timestamp="2019-07-02T19:02:21.044" intervalms="281.400" type="nursery" />
<cycle-start id="257" type="scavenge" contextid="0" timestamp="2019-07-02T19:02:21.044" intervalms="281.368" />
  <attribute name="GC Util" value="0" />
  <attribute name="CPU Util" value="10" />
  <attribute name="Time Running"value="2845"/>
  <attribute name="Number of cores"value="4"/>
<gc-start id="258" type="scavenge" contextid="257" timestamp="2019-07-02T19:02:21.044">
  <mem-info id="259" free="3074696" total="8388608" percent="36">
    <mem type="nursery" free="0" total="2097152" percent="0">
      <mem type="allocate" free="0" total="1441792" percent="0" />
      <mem type="survivor" free="0" total="655360" percent="0" />
    </mem>
    <mem type="tenure" free="3074696" total="6291456" percent="48">
      <mem type="soa" free="2760328" total="5977088" percent="46" />
      <mem type="loa" free="314368" total="314368" percent="100" />
    </mem>
    <remembered-set count="104" />
  </mem-info>
</gc-start>
<allocation-stats totalBytes="1010680" >
  <allocated-bytes non-tlh="32" tlh="1010648" />
  <largest-consumer threadName="node-0" threadId="0000000001C6F900" bytes="376760" />
</allocation-stats>
<gc-op id="260" type="scavenge" timems="1.556" contextid="257" timestamp="2019-07-02T19:02:21.046">
  <scavenger-info tenureage="2" tenuremask="7ff4" tiltratio="68" />
  <memory-copied type="nursery" objects="19759" bytes="474096" bytesdiscarded="35088" />
  <memory-copied type="tenure" objects="8480" bytes="203520" bytesdiscarded="0" />
</gc-op>
<gc-end id="261" type="scavenge" contextid="257" durationms="1.717" usertimems="4.000" systemtimems="0.000" timestamp="2019-07-02T19:02:21.046" activeThreads="4">
  <mem-info id="262" free="3877000" total="8388608" percent="46">
    <mem type="nursery" free="998144" total="2097152" percent="47">
      <mem type="allocate" free="998144" total="1507328" percent="66" />
      <mem type="survivor" free="0" total="589824" percent="0" />
    </mem>
    <mem type="tenure" free="2878856" total="6291456" percent="45">
      <mem type="soa" free="2564488" total="5977088" percent="42" />
      <mem type="loa" free="314368" total="314368" percent="100" />
    </mem>
    <remembered-set count="92" />
  </mem-info>
</gc-end>
<cycle-end id="263" type="scavenge" contextid="257" timestamp="2019-07-02T19:02:21.046">
  <attribute name="GC Util" value="0" />
  <attribute name="CPU Util" value="8" />
  <attribute name="Time Running"value="3126"/>
  <attribute name="Number of cores"value="4"/>
</cycle-end>
<allocation-satisfied id="264" threadId="0000000001C73500" bytesRequested="32" />
<af-end id="265" timestamp="2019-07-02T19:02:21.046" threadId="0000000001C73E88" success="true" from="nursery"/>
<exclusive-end id="266" timestamp="2019-07-02T19:02:21.046" durationms="2.068" />

<exclusive-start id="267" timestamp="2019-07-02T19:02:21.320" intervalms="275.893">
  <response-info timems="0.020" idlems="0.020" threads="0" lastid="0000000001C73500" lastname="node-2" />
</exclusive-start>
<af-start id="268" threadId="0000000001C73E88" totalBytesRequested="32" timestamp="2019-07-02T19:02:21.320" intervalms="275.884" type="nursery" />
<cycle-start id="269" type="scavenge" contextid="0" timestamp="2019-07-02T19:02:21.320" intervalms="275.881" />
  <attribute name="GC Util" value="0" />
  <attribute name="CPU Util" value="8" />
  <attribute name="Time Running"value="3126"/>
  <attribute name="Number of cores"value="4"/>
<gc-start id="270" type="scavenge" contextid="269" timestamp="2019-07-02T19:02:21.320">
  <mem-info id="271" free="2878856" total="8388608" percent="34">
    <mem type="nursery" free="0" total="2097152" percent="0">
      <mem type="allocate" free="0" total="1507328" percent="0" />
      <mem type="survivor" free="0" total="589824" percent="0" />
    </mem>
    <mem type="tenure" free="2878856" total="6291456" percent="45">
      <mem type="soa" free="2564488" total="5977088" percent="42" />
      <mem type="loa" free="314368" total="314368" percent="100" />
    </mem>
    <remembered-set count="104" />
  </mem-info>
</gc-start>
<allocation-stats totalBytes="997984" >
  <allocated-bytes non-tlh="32" tlh="997952" />
  <largest-consumer threadName="node-1" threadId="0000000001C6BD00" bytes="342696" />
</allocation-stats>
<gc-op id="272" type="scavenge" timems="1.644" contextid="269" timestamp="2019-07-02T19:02:21.322">
  <scavenger-info tenureage="2" tenuremask="7ffc" tiltratio="71" />
  <memory-copied type="nursery" objects="20802" bytes="499128" bytesdiscarded="49224" />
  <memory-copied type="tenure" objects="9407" bytes="225768" bytesdiscarded="0" />
</gc-op>
<gc-end id="273" type="scavenge" contextid="269" durationms="1.796" usertimems="4.000" systemtimems="0.000" timestamp="2019-07-02T19:02:21.322" activeThreads="4">
  <mem-info id="274" free="3602824" total="8388608" percent="42">
    <mem type="nursery" free="958976" total="2097152" percent="45">
      <mem type="allocate" free="958976" total="1507328" percent="63" />
      <mem type="survivor" free="0" total="589824" percent="0" />
    </mem>
    <mem type="tenure" free="2643848" total="6291456" percent="42">
      <mem type="soa" free="2329480" total="5977088" percent="38" />
      <mem type="loa" free="314368" total="314368" percent="100" />
    </mem>
    <remembered-set count="93" />
  </mem-info>
</gc-end>
<cycle-end id="275" type="scavenge" contextid="269" timestamp="2019-07-02T19:02:21.322">
  <attribute name="GC Util" value="0" />
  <attribute name="CPU Util" value="66866842023" />
  <attribute name="Time Running"value="3402"/>
  <attribute name="Number of cores"value="4"/>
</cycle-end>
<allocation-satisfied id="276" threadId="0000000001C73500" bytesRequested="32" />
<af-end id="277" timestamp="2019-07-02T19:02:21.322" threadId="0000000001C73E88" success="true" from="nursery"/>
<exclusive-end id="278" timestamp="2019-07-02T19:02:21.322" durationms="2.177" />

<exclusive-start id="279" timestamp="2019-07-02T19:02:21.583" intervalms="263.109">
  <response-info timems="0.032" idlems="0.032" threads="0" lastid="0000000001C6F900" lastname="node-0" />
</exclusive-start>
<af-start id="280" threadId="0000000001C70288" totalBytesRequested="24" timestamp="2019-07-02T19:02:21.583" intervalms="263.111" type="nursery" />
<cycle-start id="281" type="scavenge" contextid="0" timestamp="2019-07-02T19:02:21.583" intervalms="263.110" />
  <attribute name="GC Util" value="0" />
  <attribute name="CPU Util" value="66866842023" />
  <attribute name="Time Running"value="3402"/>
  <attribute name="Number of cores"value="4"/>
<gc-start id="282" type="scavenge" contextid="281" timestamp="2019-07-02T19:02:21.583">
  <mem-info id="283" free="2643848" total="8388608" percent="31">
    <mem type="nursery" free="0" total="2097152" percent="0">
      <mem type="allocate" free="0" total="1507328" percent="0" />
      <mem type="survivor" free="0" total="589824" percent="0" />
    </mem>
    <mem type="tenure" free="2643848" total="6291456" percent="42">
      <mem type="soa" free="2329480" total="5977088" percent="38" />
      <mem type="loa" free="314368" total="314368" percent="100" />
    </mem>
    <remembered-set count="105" />
  </mem-info>
</gc-start>
<allocation-stats totalBytes="958784" >
  <allocated-bytes non-tlh="32" tlh="958752" />
  <largest-consumer threadName="node-1" threadId="0000000001C6BD00" bytes="328120" />
</allocation-stats>
<gc-op id="284" type="scavenge" timems="1.658" contextid="281" timestamp="2019-07-02T19:02:21.585">
  <scavenger-info tenureage="2" tenuremask="7ffc" tiltratio="71" />
  <memory-copied type="nursery" objects="20720" bytes="497160" bytesdiscarded="12024" />
  <memory-copied type="tenure" objects="10337" bytes="248088" bytesdiscarded="0" />
</gc-op>
<gc-end id="285" type="scavenge" contextid="281" durationms="1.822" usertimems="0.000" systemtimems="0.000" timestamp="2019-07-02T19:02:21.585" activeThreads="4">
  <mem-info id="286" free="3367816" total="8388608" percent="40">
    <mem type="nursery" free="998144" total="2097152" percent="47">
      <mem type="allocate" free="998144" total="1507328" percent="66" />
      <mem type="survivor" free="0" total="589824" percent="0" />
    </mem>
    <mem type="tenure" free="2369672" total="6291456" percent="37">
      <mem type="soa" free="2055304" total="5977088" percent="34" />
      <mem type="loa" free="314368" total="314368" percent="100" />
    </mem>
    <remembered-set count="92" />
  </mem-info>
</gc-end>
<cycle-end id="287" type="scavenge" contextid="281" timestamp="2019-07-02T19:02:21.585">
  <attribute name="GC Util" value="0" />
  <attribute name="CPU Util" value="7" />
  <attribute name="Time Running"value="3665"/>
  <attribute name="Number of cores"value="4"/>
</cycle-end>
<allocation-satisfied id="288" threadId="0000000001C6F900" bytesRequested="24" />
<af-end id="289" timestamp="2019-07-02T19:02:21.585" threadId="0000000001C70288" success="true" from="nursery"/>
<exclusive-end id="290" timestamp="2019-07-02T19:02:21.585" durationms="2.257" />

<exclusive-start id="291" timestamp="2019-07-02T19:02:21.851" intervalms="268.041">
  <response-info timems="0.022" idlems="0.022" threads="0" lastid="0000000001C6F900" lastname="node-0" />
</exclusive-start>
<af-start id="292" threadId="0000000001C70288" totalBytesRequested="32" timestamp="2019-07-02T19:02:21.851" intervalms="268.047" type="nursery" />
<cycle-start id="293" type="scavenge" contextid="0" timestamp="2019-07-02T19:02:21.851" intervalms="268.060" />
  <attribute name="GC Util" value="0" />
  <attribute name="CPU Util" value="7" />
  <attribute name="Time Running"value="3665"/>
  <attribute name="Number of cores"value="4"/>
<gc-start id="294" type="scavenge" contextid="293" timestamp="2019-07-02T19:02:21.851">
  <mem-info id="295" free="2369672" total="8388608" percent="28">
    <mem type="nursery" free="0" total="2097152" percent="0">
      <mem type="allocate" free="0" total="1507328" percent="0" />
      <mem type="survivor" free="0" total="589824" percent="0" />
    </mem>
    <mem type="tenure" free="2369672" total="6291456" percent="37">
      <mem type="soa" free="2055304" total="5977088" percent="34" />
      <mem type="loa" free="314368" total="314368" percent="100" />
    </mem>
    <remembered-set count="104" />
  </mem-info>
</gc-start>
<allocation-stats totalBytes="997952" >
  <allocated-bytes non-tlh="24" tlh="997928" />
  <largest-consumer threadName="node-2" threadId="0000000001C73500" bytes="348072" />
</allocation-stats>
<gc-op id="296" type="scavenge" timems="1.700" contextid="293" timestamp="2019-07-02T19:02:21.853">
  <scavenger-info tenureage="1" tenuremask="7ffe" tiltratio="71" />
  <memory-copied type="nursery" objects="10017" bytes="240288" bytesdiscarded="33888" />
  <memory-copied type="tenure" objects="20705" bytes="496920" bytesdiscarded="0" />
</gc-op>
<gc-end id="297" type="scavenge" contextid="293" durationms="1.890" usertimems="4.000" systemtimems="0.000" timestamp="2019-07-02T19:02:21.853" activeThreads="4">
  <mem-info id="298" free="3093640" total="8388608" percent="36">
    <mem type="nursery" free="1233152" total="2097152" percent="58">
      <mem type="allocate" free="1233152" total="1507328" percent="81" />
      <mem type="survivor" free="0" total="589824" percent="0" />
    </mem>
    <mem type="tenure" free="1860488" total="6291456" percent="29">
      <mem type="soa" free="1546120" total="5977088" percent="25" />
      <mem type="loa" free="314368" total="314368" percent="100" />
    </mem>
    <remembered-set count="93" />
  </mem-info>
</gc-end>
<cycle-end id="299" type="scavenge" contextid="293" timestamp="2019-07-02T19:02:21.853">
  <attribute name="GC Util" value="0" />
  <attribute name="CPU Util" value="6" />
  <attribute name="Time Running"value="3933"/>
  <attribute name="Number of cores"value="4"/>
</cycle-end>
<allocation-satisfied id="300" threadId="0000000001C6F900" bytesRequested="32" />
<af-end id="301" timestamp="2019-07-02T19:02:21.853" threadId="0000000001C70288" success="true" from="nursery"/>
<exclusive-end id="302" timestamp="2019-07-02T19:02:21.853" durationms="2.297" />

<exclusive-start id="303" timestamp="2019-07-02T19:02:22.197" intervalms="345.536">
  <response-info timems="0.019" idlems="0.019" threads="0" lastid="0000000001C6BD00" lastname="node-1" />
</exclusive-start>
<af-start id="304" threadId="0000000001C6C688" totalBytesRequested="32" timestamp="2019-07-02T19:02:22.197" intervalms="345.542" type="nursery" />
<cycle-start id="305" type="scavenge" contextid="0" timestamp="2019-07-02T19:02:22.197" intervalms="345.582" />
  <attribute name="GC Util" value="0" />
  <attribute name="CPU Util" value="6" />
  <attribute name="Time Running"value="3933"/>
  <attribute name="Number of cores"value="4"/>
<gc-start id="306" type="scavenge" contextid="305" timestamp="2019-07-02T19:02:22.197">
  <mem-info id="307" free="1860488" total="8388608" percent="22">
    <mem type="nursery" free="0" total="2097152" percent="0">
      <mem type="allocate" free="0" total="1507328" percent="0" />
      <mem type="survivor" free="0" total="589824" percent="0" />
    </mem>
    <mem type="tenure" free="1860488" total="6291456" percent="29">
      <mem type="soa" free="1546120" total="5977088" percent="25" />
      <mem type="loa" free="314368" total="314368" percent="100" />
    </mem>
    <remembered-set count="105" />
  </mem-info>
</gc-start>
<allocation-stats totalBytes="1232944" >
  <allocated-bytes non-tlh="32" tlh="1232912" />
  <largest-consumer threadName="node-0" threadId="0000000001C6F900" bytes="442336" />
</allocation-stats>
<gc-op id="308" type="scavenge" timems="1.370" contextid="305" timestamp="2019-07-02T19:02:22.198">
  <scavenger-info tenureage="1" tenuremask="7ffe" tiltratio="71" />
  <memory-copied type="nursery" objects="12658" bytes="303672" bytesdiscarded="9672" />
  <memory-copied type="tenure" objects="10002" bytes="240048" bytesdiscarded="0" />
</gc-op>
<gc-end id="309" type="scavenge" contextid="305" durationms="1.664" usertimems="0.000" systemtimems="0.000" timestamp="2019-07-02T19:02:22.199" activeThreads="4">
  <mem-info id="310" free="2885000" total="8388608" percent="34">
    <mem type="nursery" free="1259520" total="2097152" percent="60">
      <mem type="allocate" free="1259520" total="1572864" percent="80" />
      <mem type="survivor" free="0" total="524288" percent="0" />
    </mem>
    <mem type="tenure" free="1625480" total="6291456" percent="25">
      <mem type="soa" free="1311112" total="5977088" percent="21" />
      <mem type="loa" free="314368" total="314368" percent="100" />
    </mem>
    <remembered-set count="93" />
  </mem-info>
</gc-end>
<cycle-end id="311" type="scavenge" contextid="305" timestamp="2019-07-02T19:02:22.199">
  <attribute name="GC Util" value="0" />
  <attribute name="CPU Util" value="13" />
  <attribute name="Time Running"value="4279"/>
  <attribute name="Number of cores"value="4"/>
</cycle-end>
<allocation-satisfied id="312" threadId="0000000001C6BD00" bytesRequested="32" />
<af-end id="313" timestamp="2019-07-02T19:02:22.199" threadId="0000000001C6C688" success="true" from="nursery"/>
<exclusive-end id="314" timestamp="2019-07-02T19:02:22.199" durationms="2.335" />

<exclusive-start id="315" timestamp="2019-07-02T19:02:22.591" intervalms="394.905">
  <response-info timems="0.028" idlems="0.028" threads="0" lastid="0000000001C73500" lastname="node-2" />
</exclusive-start>
<af-start id="316" threadId="0000000001C73E88" totalBytesRequested="48" timestamp="2019-07-02T19:02:22.592" intervalms="394.886" type="nursery" />
<cycle-start id="317" type="scavenge" contextid="0" timestamp="2019-07-02T19:02:22.592" intervalms="394.832" />
  <attribute name="GC Util" value="0" />
  <attribute name="CPU Util" value="13" />
  <attribute name="Time Running"value="4279"/>
  <attribute name="Number of cores"value="4"/>
<gc-start id="318" type="scavenge" contextid="317" timestamp="2019-07-02T19:02:22.592">
  <mem-info id="319" free="1625480" total="8388608" percent="19">
    <mem type="nursery" free="0" total="2097152" percent="0">
      <mem type="allocate" free="0" total="1572864" percent="0" />
      <mem type="survivor" free="0" total="524288" percent="0" />
    </mem>
    <mem type="tenure" free="1625480" total="6291456" percent="25">
      <mem type="soa" free="1311112" total="5977088" percent="21" />
      <mem type="loa" free="314368" total="314368" percent="100" />
    </mem>
    <remembered-set count="105" />
  </mem-info>
</gc-start>
<allocation-stats totalBytes="1258880" >
  <allocated-bytes non-tlh="32" tlh="1258848" />
  <largest-consumer threadName="node-1" threadId="0000000001C6BD00" bytes="442360" />
</allocation-stats>
<gc-op id="320" type="scavenge" timems="1.483" contextid="317" timestamp="2019-07-02T19:02:22.593">
  <scavenger-info tenureage="1" tenuremask="7ffe" tiltratio="75" />
  <memory-copied type="nursery" objects="12840" bytes="308664" bytesdiscarded="43848" />
  <memory-copied type="tenure" objects="12643" bytes="303432" bytesdiscarded="0" />
</gc-op>
<gc-end id="321" type="scavenge" contextid="317" durationms="1.629" usertimems="0.000" systemtimems="0.000" timestamp="2019-07-02T19:02:22.593" activeThreads="4">
  <mem-info id="322" free="2571656" total="8388608" percent="30">
    <mem type="nursery" free="1220352" total="2097152" percent="58">
      <mem type="allocate" free="1220352" total="1572864" percent="77" />
      <mem type="survivor" free="0" total="524288" percent="0" />
    </mem>
    <mem type="tenure" free="1351304" total="6291456" percent="21">
      <mem type="soa" free="1036936" total="5977088" percent="17" />
      <mem type="loa" free="314368" total="314368" percent="100" />
    </mem>
    <remembered-set count="94" />
  </mem-info>
</gc-end>
<cycle-end id="323" type="scavenge" contextid="317" timestamp="2019-07-02T19:02:22.593">
  <attribute name="GC Util" value="0" />
  <attribute name="CPU Util" value="11" />
  <attribute name="Time Running"value="4674"/>
  <attribute name="Number of cores"value="4"/>
</cycle-end>
<allocation-satisfied id="324" threadId="0000000001C73500" bytesRequested="48" />
<af-end id="325" timestamp="2019-07-02T19:02:22.593" threadId="0000000001C73E88" success="true" from="nursery"/>
<exclusive-end id="326" timestamp="2019-07-02T19:02:22.593" durationms="1.947" />

<exclusive-start id="327" timestamp="2019-07-02T19:02:22.960" intervalms="368.657">
  <response-info timems="0.033" idlems="0.033" threads="0" lastid="0000000001C73500" lastname="node-2" />
</exclusive-start>
<af-start id="328" threadId="0000000001C73E88" totalBytesRequested="32" timestamp="2019-07-02T19:02:22.960" intervalms="368.663" type="nursery" />
<cycle-start id="329" type="scavenge" contextid="0" timestamp="2019-07-02T19:02:22.960" intervalms="368.666" />
  <attribute name="GC Util" value="0" />
  <attribute name="CPU Util" value="11" />
  <attribute name="Time Running"value="4674"/>
  <attribute name="Number of cores"value="4"/>
<gc-start id="330" type="scavenge" contextid="329" timestamp="2019-07-02T19:02:22.960">
  <mem-info id="331" free="1351304" total="8388608" percent="16">
    <mem type="nursery" free="0" total="2097152" percent="0">
      <mem type="allocate" free="0" total="1572864" percent="0" />
      <mem type="survivor" free="0" total="524288" percent="0" />
    </mem>
    <mem type="tenure" free="1351304" total="6291456" percent="21">
      <mem type="soa" free="1036936" total="5977088" percent="17" />
      <mem type="loa" free="314368" total="314368" percent="100" />
    </mem>
    <remembered-set count="104" />
  </mem-info>
</gc-start>
<allocation-stats totalBytes="1220096" >
  <allocated-bytes non-tlh="48" tlh="1220048" />
  <largest-consumer threadName="node-2" threadId="0000000001C73500" bytes="409552" />
</allocation-stats>
<gc-op id="332" type="scavenge" timems="1.501" contextid="329" timestamp="2019-07-02T19:02:22.962">
  <scavenger-info tenureage="1" tenuremask="7ffe" tiltratio="75" />
  <memory-copied type="nursery" objects="13127" bytes="314928" bytesdiscarded="76752" />
  <memory-copied type="tenure" objects="12819" bytes="307656" bytesdiscarded="0" />
</gc-op>
<gc-end id="333" type="scavenge" contextid="329" durationms="1.652" usertimems="4.000" systemtimems="0.000" timestamp="2019-07-02T19:02:22.962" activeThreads="4">
  <mem-info id="334" free="2284680" total="8388608" percent="27">
    <mem type="nursery" free="1246720" total="2097152" percent="59">
      <mem type="allocate" free="1246720" total="1638400" percent="76" />
      <mem type="survivor" free="0" total="458752" percent="0" />
    </mem>
    <mem type="tenure" free="1037960" total="6291456" percent="16">
      <mem type="soa" free="723592" total="5977088" percent="12" />
      <mem type="loa" free="314368" total="314368" percent="100" />
    </mem>
    <remembered-set count="93" />
  </mem-info>
</gc-end>
<cycle-end id="335" type="scavenge" contextid="329" timestamp="2019-07-02T19:02:22.962">
  <attribute name="GC Util" value="0" />
  <attribute name="CPU Util" value="9" />
  <attribute name="Time Running"value="5043"/>
  <attribute name="Number of cores"value="4"/>
</cycle-end>
<allocation-satisfied id="336" threadId="0000000001C73500" bytesRequested="32" />
<af-end id="337" timestamp="2019-07-02T19:02:22.962" threadId="0000000001C73E88" success="true" from="nursery"/>
<exclusive-end id="338" timestamp="2019-07-02T19:02:22.962" durationms="2.094" />

<exclusive-start id="339" timestamp="2019-07-02T19:02:23.340" intervalms="379.503">
  <response-info timems="0.062" idlems="0.062" threads="0" lastid="0000000001C73500" lastname="node-2" />
</exclusive-start>
<af-start id="340" threadId="0000000001C73E88" totalBytesRequested="32" timestamp="2019-07-02T19:02:23.340" intervalms="379.506" type="nursery" />
<cycle-start id="341" type="scavenge" contextid="0" timestamp="2019-07-02T19:02:23.340" intervalms="379.556" />
  <attribute name="GC Util" value="0" />
  <attribute name="CPU Util" value="9" />
  <attribute name="Time Running"value="5043"/>
  <attribute name="Number of cores"value="4"/>
<gc-start id="342" type="scavenge" contextid="341" timestamp="2019-07-02T19:02:23.340">
  <mem-info id="343" free="1037960" total="8388608" percent="12">
    <mem type="nursery" free="0" total="2097152" percent="0">
      <mem type="allocate" free="0" total="1638400" percent="0" />
      <mem type="survivor" free="0" total="458752" percent="0" />
    </mem>
    <mem type="tenure" free="1037960" total="6291456" percent="16">
      <mem type="soa" free="723592" total="5977088" percent="12" />
      <mem type="loa" free="314368" total="314368" percent="100" />
    </mem>
    <remembered-set count="105" />
  </mem-info>
</gc-start>
<allocation-stats totalBytes="1245968" >
  <allocated-bytes non-tlh="32" tlh="1245936" />
  <largest-consumer threadName="node-0" threadId="0000000001C6F900" bytes="427432" />
</allocation-stats>
<gc-op id="344" type="scavenge" timems="1.523" contextid="341" timestamp="2019-07-02T19:02:23.342">
  <scavenger-info tenureage="1" tenuremask="7ffe" tiltratio="78" />
  <memory-copied type="nursery" objects="13174" bytes="316056" bytesdiscarded="36456" />
  <memory-copied type="tenure" objects="13112" bytes="314688" bytesdiscarded="0" />
</gc-op>
<gc-end id="345" type="scavenge" contextid="341" durationms="1.868" usertimems="4.000" systemtimems="0.000" timestamp="2019-07-02T19:02:23.342" activeThreads="4">
  <mem-info id="346" free="2010504" total="8388608" percent="23">
    <mem type="nursery" free="1285888" total="2097152" percent="61">
      <mem type="allocate" free="1285888" total="1638400" percent="78" />
      <mem type="survivor" free="0" total="458752" percent="0" />
    </mem>
    <mem type="tenure" free="724616" total="6291456" percent="11">
      <mem type="soa" free="410248" total="5977088" percent="6" />
      <mem type="loa" free="314368" total="314368" percent="100" />
    </mem>
    <remembered-set count="92" />
  </mem-info>
</gc-end>
<cycle-end id="347" type="scavenge" contextid="341" timestamp="2019-07-02T19:02:23.342">
  <attribute name="GC Util" value="0" />
  <attribute name="CPU Util" value="13" />
  <attribute name="Time Running"value="5422"/>
  <attribute name="Number of cores"value="4"/>
</cycle-end>
<allocation-satisfied id="348" threadId="0000000001C73500" bytesRequested="32" />
<af-end id="349" timestamp="2019-07-02T19:02:23.342" threadId="0000000001C73E88" success="true" from="nursery"/>
<exclusive-end id="350" timestamp="2019-07-02T19:02:23.342" durationms="2.536" />

<concurrent-kickoff id="351" timestamp="2019-07-02T19:02:23.605">
  <kickoff reason="threshold reached" targetBytes="1867303" thresholdFreeBytes="258006"  remainingFree="253664" tenureFreeBytes="724616" nurseryFreeBytes="253664" />
</concurrent-kickoff>
<exclusive-start id="352" timestamp="2019-07-02T19:02:23.605" intervalms="265.385">
  <response-info timems="0.028" idlems="0.028" threads="0" lastid="0000000001C6BD00" lastname="node-1" />
</exclusive-start>
<cycle-start id="353" type="global" contextid="0" timestamp="2019-07-02T19:02:23.605" intervalms="4997.584" />
  <attribute name="GC Util" value="0" />
  <attribute name="CPU Util" value="13" />
  <attribute name="Time Running"value="5422"/>
  <attribute name="Number of cores"value="4"/>
<exclusive-end id="354" timestamp="2019-07-02T19:02:23.605" durationms="0.150" />

<exclusive-start id="355" timestamp="2019-07-02T19:02:23.713" intervalms="107.794">
  <response-info timems="0.025" idlems="0.025" threads="0" lastid="0000000001C6BD00" lastname="node-1" />
</exclusive-start>
<af-start id="356" threadId="0000000001C6C688" totalBytesRequested="48" timestamp="2019-07-02T19:02:23.713" intervalms="373.183" type="nursery" />
<cycle-start id="357" type="scavenge" contextid="0" timestamp="2019-07-02T19:02:23.713" intervalms="373.146" />
  <attribute name="GC Util" value="0" />
  <attribute name="CPU Util" value="13" />
  <attribute name="Time Running"value="5422"/>
  <attribute name="Number of cores"value="4"/>
<gc-start id="358" type="scavenge" contextid="357" timestamp="2019-07-02T19:02:23.713">
  <mem-info id="359" free="724616" total="8388608" percent="8">
    <mem type="nursery" free="0" total="2097152" percent="0">
      <mem type="allocate" free="0" total="1638400" percent="0" />
      <mem type="survivor" free="0" total="458752" percent="0" />
    </mem>
    <mem type="tenure" free="724616" total="6291456" percent="11">
      <mem type="soa" free="410248" total="5977088" percent="6" />
      <mem type="loa" free="314368" total="314368" percent="100" />
    </mem>
    <remembered-set count="104" />
  </mem-info>
</gc-start>
<allocation-stats totalBytes="1285000" >
  <allocated-bytes non-tlh="32" tlh="1284968" />
  <largest-consumer threadName="node-2" threadId="0000000001C73500" bytes="466624" />
</allocation-stats>
<gc-op id="360" type="scavenge" timems="1.563" contextid="357" timestamp="2019-07-02T19:02:23.715">
  <scavenger-info tenureage="1" tenuremask="7ffe" tiltratio="78" />
  <memory-copied type="nursery" objects="13254" bytes="318824" bytesdiscarded="72856" />
  <memory-copied type="tenure" objects="13159" bytes="315816" bytesdiscarded="0" />
</gc-op>
<gc-end id="361" type="scavenge" contextid="357" durationms="1.990" usertimems="4.000" systemtimems="0.000" timestamp="2019-07-02T19:02:23.715" activeThreads="4">
  <mem-info id="362" free="1657992" total="8388608" percent="19">
    <mem type="nursery" free="1246720" total="2097152" percent="59">
      <mem type="allocate" free="1246720" total="1638400" percent="76" />
      <mem type="survivor" free="0" total="458752" percent="0" />
    </mem>
    <mem type="tenure" free="411272" total="6291456" percent="6" macro-fragmented="0">
      <mem type="soa" free="96904" total="5977088" percent="1" />
      <mem type="loa" free="314368" total="314368" percent="100" />
    </mem>
    <remembered-set count="97" />
  </mem-info>
</gc-end>
<cycle-end id="363" type="scavenge" contextid="357" timestamp="2019-07-02T19:02:23.715">
  <attribute name="GC Util" value="0" />
  <attribute name="CPU Util" value="18" />
  <attribute name="Time Running"value="5795"/>
  <attribute name="Number of cores"value="4"/>
</cycle-end>
<allocation-satisfied id="364" threadId="0000000001C6BD00" bytesRequested="48" />
<af-end id="365" timestamp="2019-07-02T19:02:23.715" threadId="0000000001C6C688" success="true" from="nursery"/>
<exclusive-end id="366" timestamp="2019-07-02T19:02:23.715" durationms="2.576" />

<exclusive-start id="367" timestamp="2019-07-02T19:02:23.716" intervalms="2.780">
  <response-info timems="0.027" idlems="0.027" threads="0" lastid="0000000001C73500" lastname="node-2" />
</exclusive-start>
<concurrent-collection-start id="368" timestamp="2019-07-02T19:02:23.716" intervalms="5895.720" >
  <concurrent-trace-info reason="card cleaning threshold reached" tracedByMutators="419812" tracedByHelpers="763472" cardsCleaned="29" workStackOverflowCount="0" />
</concurrent-collection-start>
<gc-start id="369" type="global" contextid="353" timestamp="2019-07-02T19:02:23.716">
  <mem-info id="370" free="1584216" total="8388608" percent="18">
    <mem type="nursery" free="1172944" total="2097152" percent="55">
      <mem type="allocate" free="1172944" total="1638400" percent="71" />
      <mem type="survivor" free="0" total="458752" percent="0" />
    </mem>
    <mem type="tenure" free="411272" total="6291456" percent="6">
      <mem type="soa" free="96904" total="5977088" percent="1" />
      <mem type="loa" free="314368" total="314368" percent="100" />
    </mem>
    <remembered-set count="97" />
  </mem-info>
</gc-start>
<allocation-stats totalBytes="73776" >
  <allocated-bytes non-tlh="48" tlh="73728" />
  <largest-consumer threadName="node-1" threadId="0000000001C6BD00" bytes="36912" />
</allocation-stats>
<gc-op id="371" type="rs-scan" timems="0.207" contextid="353" timestamp="2019-07-02T19:02:23.716">
  <scan objectsFound="61" bytesTraced="4872" workStackOverflowCount="0" />
</gc-op>
<gc-op id="372" type="card-cleaning" timems="0.126" contextid="353" timestamp="2019-07-02T19:02:23.716">
  <card-cleaning cardsCleaned="1" bytesTraced="992" workStackOverflowCount="0" />
</gc-op>
<gc-op id="373" type="mark" timems="0.676" contextid="353" timestamp="2019-07-02T19:02:23.717">
  <trace-info objectcount="227" scancount="187" scanbytes="5016" />
  <finalization candidates="18" enqueued="0" />
  <references type="soft" candidates="66" cleared="0" enqueued="0" dynamicThreshold="28" maxThreshold="32" />
  <references type="weak" candidates="148" cleared="0" enqueued="0" />
  <references type="phantom" candidates="35" cleared="2" enqueued="2" />
  <stringconstants candidates="3815" cleared="0"  />
</gc-op>
<gc-op id="374" type="sweep" timems="0.165" contextid="353" timestamp="2019-07-02T19:02:23.717" />
<gc-end id="375" type="global" contextid="353" durationms="1.914" usertimems="0.000" systemtimems="0.000" timestamp="2019-07-02T19:02:23.718" activeThreads="4">
  <mem-info id="376" free="5933872" total="8388608" percent="70">
    <mem type="nursery" free="1637296" total="2097152" percent="78">
      <mem type="allocate" free="1637296" total="1638400" percent="99" />
      <mem type="survivor" free="0" total="458752" percent="0" />
    </mem>
    <mem type="tenure" free="4296576" total="6291456" percent="68" micro-fragmented="0" macro-fragmented="1500163">
      <mem type="soa" free="3982208" total="5977088" percent="66" />
      <mem type="loa" free="314368" total="314368" percent="100" />
    </mem>
    <pending-finalizers system="0" default="0" reference="2" classloader="0" />
    <remembered-set count="96" />
  </mem-info>
</gc-end>
<cycle-end id="377" type="global" contextid="353" timestamp="2019-07-02T19:02:23.718">
  <attribute name="GC Util" value="43" />
  <attribute name="CPU Util" value="18300250562649" />
  <attribute name="Time Running"value="5799"/>
  <attribute name="Number of cores"value="4"/>
</cycle-end>
<concurrent-collection-end id="378" timestamp="2019-07-02T19:02:23.718" />
<exclusive-end id="379" timestamp="2019-07-02T19:02:23.718" durationms="2.354" />

<exclusive-start id="380" timestamp="2019-07-02T19:02:24.205" intervalms="489.784">
  <response-info timems="0.023" idlems="0.023" threads="0" lastid="0000000001C6F900" lastname="node-0" />
</exclusive-start>
<af-start id="381" threadId="0000000001C70288" totalBytesRequested="32" timestamp="2019-07-02T19:02:24.205" intervalms="492.580" type="nursery" />
<cycle-start id="382" type="scavenge" contextid="0" timestamp="2019-07-02T19:02:24.206" intervalms="492.585" />
  <attribute name="GC Util" value="43" />
  <attribute name="CPU Util" value="18300250562649" />
  <attribute name="Time Running"value="5799"/>
  <attribute name="Number of cores"value="4"/>
<gc-start id="383" type="scavenge" contextid="382" timestamp="2019-07-02T19:02:24.206">
  <mem-info id="384" free="4296576" total="8388608" percent="51">
    <mem type="nursery" free="0" total="2097152" percent="0">
      <mem type="allocate" free="0" total="1638400" percent="0" />
      <mem type="survivor" free="0" total="458752" percent="0" />
    </mem>
    <mem type="tenure" free="4296576" total="6291456" percent="68">
      <mem type="soa" free="3982208" total="5977088" percent="66" />
      <mem type="loa" free="314368" total="314368" percent="100" />
    </mem>
    <remembered-set count="106" />
  </mem-info>
</gc-start>
<allocation-stats totalBytes="1636504" >
  <allocated-bytes non-tlh="0" tlh="1636504" />
  <largest-consumer threadName="node-2" threadId="0000000001C73500" bytes="561952" />
</allocation-stats>
<gc-op id="385" type="scavenge" timems="0.212" contextid="382" timestamp="2019-07-02T19:02:24.206">
  <scavenger-info tenureage="1" tenuremask="7ffe" tiltratio="78" />
  <memory-copied type="nursery" objects="20" bytes="360" bytesdiscarded="77976" />
</gc-op>
<gc-end id="386" type="scavenge" contextid="382" durationms="0.437" usertimems="0.000" systemtimems="0.000" timestamp="2019-07-02T19:02:24.206" activeThreads="4">
  <mem-info id="387" free="5856640" total="8388608" percent="69">
    <mem type="nursery" free="1560064" total="2097152" percent="74">
      <mem type="allocate" free="1560064" total="1638400" percent="95" />
      <mem type="survivor" free="0" total="458752" percent="0" />
    </mem>
    <mem type="tenure" free="4296576" total="6291456" percent="68" macro-fragmented="2160235">
      <mem type="soa" free="3982208" total="5977088" percent="66" />
      <mem type="loa" free="314368" total="314368" percent="100" />
    </mem>
    <remembered-set count="92" />
  </mem-info>
</gc-end>
<cycle-end id="388" type="scavenge" contextid="382" timestamp="2019-07-02T19:02:24.206">
  <attribute name="GC Util" value="0" />
  <attribute name="CPU Util" value="7" />
  <attribute name="Time Running"value="6288"/>
  <attribute name="Number of cores"value="4"/>
</cycle-end>
<allocation-satisfied id="389" threadId="0000000001C6F900" bytesRequested="32" />
<af-end id="390" timestamp="2019-07-02T19:02:24.206" threadId="0000000001C70288" success="true" from="nursery"/>
<exclusive-end id="391" timestamp="2019-07-02T19:02:24.206" durationms="0.947" />

<exclusive-start id="392" timestamp="2019-07-02T19:02:24.650" intervalms="444.573">
  <response-info timems="0.028" idlems="0.028" threads="0" lastid="0000000001C6F900" lastname="node-0" />
</exclusive-start>
<af-start id="393" threadId="0000000001C70288" totalBytesRequested="32" timestamp="2019-07-02T19:02:24.650" intervalms="444.569" type="nursery" />
<cycle-start id="394" type="scavenge" contextid="0" timestamp="2019-07-02T19:02:24.650" intervalms="444.567" />
  <attribute name="GC Util" value="0" />
  <attribute name="CPU Util" value="7" />
  <attribute name="Time Running"value="6288"/>
  <attribute name="Number of cores"value="4"/>
<gc-start id="395" type="scavenge" contextid="394" timestamp="2019-07-02T19:02:24.650">
  <mem-info id="396" free="4296576" total="8388608" percent="51">
    <mem type="nursery" free="0" total="2097152" percent="0">
      <mem type="allocate" free="0" total="1638400" percent="0" />
      <mem type="survivor" free="0" total="458752" percent="0" />
    </mem>
    <mem type="tenure" free="4296576" total="6291456" percent="68">
      <mem type="soa" free="3982208" total="5977088" percent="66" />
      <mem type="loa" free="314368" total="314368" percent="100" />
    </mem>
    <remembered-set count="104" />
  </mem-info>
</gc-start>
<allocation-stats totalBytes="1559280" >
  <allocated-bytes non-tlh="32" tlh="1559248" />
  <largest-consumer threadName="node-2" threadId="0000000001C73500" bytes="552896" />
</allocation-stats>
<gc-op id="397" type="scavenge" timems="0.176" contextid="394" timestamp="2019-07-02T19:02:24.650">
  <scavenger-info tenureage="2" tenuremask="7ffc" tiltratio="78" />
  <memory-copied type="nursery" objects="18" bytes="312" bytesdiscarded="78024" />
</gc-op>
<gc-end id="398" type="scavenge" contextid="394" durationms="0.516" usertimems="0.000" systemtimems="0.000" timestamp="2019-07-02T19:02:24.651" activeThreads="4">
  <mem-info id="399" free="5987712" total="8388608" percent="71">
    <mem type="nursery" free="1691136" total="2097152" percent="80">
      <mem type="allocate" free="1691136" total="1769472" percent="95" />
      <mem type="survivor" free="0" total="327680" percent="0" />
    </mem>
    <mem type="tenure" free="4296576" total="6291456" percent="68" macro-fragmented="0">
      <mem type="soa" free="3982208" total="5977088" percent="66" />
      <mem type="loa" free="314368" total="314368" percent="100" />
    </mem>
    <remembered-set count="92" />
  </mem-info>
</gc-end>
<cycle-end id="400" type="scavenge" contextid="394" timestamp="2019-07-02T19:02:24.651">
  <attribute name="GC Util" value="0" />
  <attribute name="CPU Util" value="5" />
  <attribute name="Time Running"value="6732"/>
  <attribute name="Number of cores"value="4"/>
</cycle-end>
<allocation-satisfied id="401" threadId="0000000001C6F900" bytesRequested="32" />
<af-end id="402" timestamp="2019-07-02T19:02:24.651" threadId="0000000001C70288" success="true" from="nursery"/>
<exclusive-end id="403" timestamp="2019-07-02T19:02:24.651" durationms="1.041" />

<exclusive-start id="404" timestamp="2019-07-02T19:02:25.129" intervalms="479.256">
  <response-info timems="0.027" idlems="0.027" threads="0" lastid="0000000001C6BD00" lastname="node-1" />
</exclusive-start>
<af-start id="405" threadId="0000000001C6C688" totalBytesRequested="32" timestamp="2019-07-02T19:02:25.129" intervalms="479.247" type="nursery" />
<cycle-start id="406" type="scavenge" contextid="0" timestamp="2019-07-02T19:02:25.129" intervalms="479.243" />
  <attribute name="GC Util" value="0" />
  <attribute name="CPU Util" value="5" />
  <attribute name="Time Running"value="6732"/>
  <attribute name="Number of cores"value="4"/>
<gc-start id="407" type="scavenge" contextid="406" timestamp="2019-07-02T19:02:25.129">
  <mem-info id="408" free="4296576" total="8388608" percent="51">
    <mem type="nursery" free="0" total="2097152" percent="0">
      <mem type="allocate" free="0" total="1769472" percent="0" />
      <mem type="survivor" free="0" total="327680" percent="0" />
    </mem>
    <mem type="tenure" free="4296576" total="6291456" percent="68">
      <mem type="soa" free="3982208" total="5977088" percent="66" />
      <mem type="loa" free="314368" total="314368" percent="100" />
    </mem>
    <remembered-set count="104" />
  </mem-info>
</gc-start>
<allocation-stats totalBytes="1690352" >
  <allocated-bytes non-tlh="32" tlh="1690320" />
  <largest-consumer threadName="node-2" threadId="0000000001C73500" bytes="593368" />
</allocation-stats>
<gc-op id="409" type="scavenge" timems="0.177" contextid="406" timestamp="2019-07-02T19:02:25.130">
  <scavenger-info tenureage="3" tenuremask="7ff8" tiltratio="84" />
  <memory-copied type="nursery" objects="19" bytes="336" bytesdiscarded="38832" />
</gc-op>
<gc-end id="410" type="scavenge" contextid="406" durationms="0.488" usertimems="0.000" systemtimems="0.000" timestamp="2019-07-02T19:02:25.130" activeThreads="4">
  <mem-info id="411" free="6092416" total="8388608" percent="72">
    <mem type="nursery" free="1795840" total="2097152" percent="85">
      <mem type="allocate" free="1795840" total="1835008" percent="97" />
      <mem type="survivor" free="0" total="262144" percent="0" />
    </mem>
    <mem type="tenure" free="4296576" total="6291456" percent="68" macro-fragmented="0">
      <mem type="soa" free="3982208" total="5977088" percent="66" />
      <mem type="loa" free="314368" total="314368" percent="100" />
    </mem>
    <remembered-set count="90" />
  </mem-info>
</gc-end>
<cycle-end id="412" type="scavenge" contextid="406" timestamp="2019-07-02T19:02:25.130">
  <attribute name="GC Util" value="0" />
  <attribute name="CPU Util" value="11" />
  <attribute name="Time Running"value="7212"/>
  <attribute name="Number of cores"value="4"/>
</cycle-end>
<allocation-satisfied id="413" threadId="0000000001C6BD00" bytesRequested="32" />
<af-end id="414" timestamp="2019-07-02T19:02:25.130" threadId="0000000001C6C688" success="true" from="nursery"/>
<exclusive-end id="415" timestamp="2019-07-02T19:02:25.130" durationms="1.003" />

<exclusive-start id="416" timestamp="2019-07-02T19:02:25.660" intervalms="530.932">
  <response-info timems="0.023" idlems="0.023" threads="0" lastid="0000000001C6F900" lastname="node-0" />
</exclusive-start>
<af-start id="417" threadId="0000000001C70288" totalBytesRequested="32" timestamp="2019-07-02T19:02:25.660" intervalms="530.934" type="nursery" />
<cycle-start id="418" type="scavenge" contextid="0" timestamp="2019-07-02T19:02:25.660" intervalms="530.935" />
  <attribute name="GC Util" value="0" />
  <attribute name="CPU Util" value="11" />
  <attribute name="Time Running"value="7212"/>
  <attribute name="Number of cores"value="4"/>
<gc-start id="419" type="scavenge" contextid="418" timestamp="2019-07-02T19:02:25.660">
  <mem-info id="420" free="4296576" total="8388608" percent="51">
    <mem type="nursery" free="0" total="2097152" percent="0">
      <mem type="allocate" free="0" total="1835008" percent="0" />
      <mem type="survivor" free="0" total="262144" percent="0" />
    </mem>
    <mem type="tenure" free="4296576" total="6291456" percent="68">
      <mem type="soa" free="3982208" total="5977088" percent="66" />
      <mem type="loa" free="314368" total="314368" percent="100" />
    </mem>
    <remembered-set count="102" />
  </mem-info>
</gc-start>
<allocation-stats totalBytes="1795568" >
  <allocated-bytes non-tlh="32" tlh="1795536" />
  <largest-consumer threadName="node-2" threadId="0000000001C73500" bytes="607880" />
</allocation-stats>
<gc-op id="421" type="scavenge" timems="0.167" contextid="418" timestamp="2019-07-02T19:02:25.661">
  <scavenger-info tenureage="4" tenuremask="7ff0" tiltratio="87" />
  <memory-copied type="nursery" objects="18" bytes="312" bytesdiscarded="38856" />
</gc-op>
<gc-end id="422" type="scavenge" contextid="418" durationms="0.391" usertimems="0.000" systemtimems="0.000" timestamp="2019-07-02T19:02:25.661" activeThreads="4">
  <mem-info id="423" free="6092416" total="8388608" percent="72">
    <mem type="nursery" free="1795840" total="2097152" percent="85">
      <mem type="allocate" free="1795840" total="1835008" percent="97" />
      <mem type="survivor" free="0" total="262144" percent="0" />
    </mem>
    <mem type="tenure" free="4296576" total="6291456" percent="68" macro-fragmented="3110739">
      <mem type="soa" free="3982208" total="5977088" percent="66" />
      <mem type="loa" free="314368" total="314368" percent="100" />
    </mem>
    <remembered-set count="90" />
  </mem-info>
</gc-end>
<cycle-end id="424" type="scavenge" contextid="418" timestamp="2019-07-02T19:02:25.661">
  <attribute name="GC Util" value="0" />
  <attribute name="CPU Util" value="13" />
  <attribute name="Time Running"value="7743"/>
  <attribute name="Number of cores"value="4"/>
</cycle-end>
<allocation-satisfied id="425" threadId="0000000001C6F900" bytesRequested="32" />
<af-end id="426" timestamp="2019-07-02T19:02:25.661" threadId="0000000001C70288" success="true" from="nursery"/>
<exclusive-end id="427" timestamp="2019-07-02T19:02:25.661" durationms="0.899" />

<exclusive-start id="428" timestamp="2019-07-02T19:02:26.188" intervalms="527.937">
  <response-info timems="0.022" idlems="0.022" threads="0" lastid="0000000001C73500" lastname="node-2" />
</exclusive-start>
<af-start id="429" threadId="0000000001C73E88" totalBytesRequested="32" timestamp="2019-07-02T19:02:26.188" intervalms="527.938" type="nursery" />
<cycle-start id="430" type="scavenge" contextid="0" timestamp="2019-07-02T19:02:26.188" intervalms="527.931" />
  <attribute name="GC Util" value="0" />
  <attribute name="CPU Util" value="13" />
  <attribute name="Time Running"value="7743"/>
  <attribute name="Number of cores"value="4"/>
<gc-start id="431" type="scavenge" contextid="430" timestamp="2019-07-02T19:02:26.188">
  <mem-info id="432" free="4296576" total="8388608" percent="51">
    <mem type="nursery" free="0" total="2097152" percent="0">
      <mem type="allocate" free="0" total="1835008" percent="0" />
      <mem type="survivor" free="0" total="262144" percent="0" />
    </mem>
    <mem type="tenure" free="4296576" total="6291456" percent="68">
      <mem type="soa" free="3982208" total="5977088" percent="66" />
      <mem type="loa" free="314368" total="314368" percent="100" />
    </mem>
    <remembered-set count="102" />
  </mem-info>
</gc-start>
<allocation-stats totalBytes="1795504" >
  <allocated-bytes non-tlh="32" tlh="1795472" />
  <largest-consumer threadName="node-2" threadId="0000000001C73500" bytes="620192" />
</allocation-stats>
<gc-op id="433" type="scavenge" timems="0.183" contextid="430" timestamp="2019-07-02T19:02:26.189">
  <scavenger-info tenureage="5" tenuremask="7fe0" tiltratio="87" />
  <memory-copied type="nursery" objects="18" bytes="312" bytesdiscarded="38856" />
</gc-op>
<gc-end id="434" type="scavenge" contextid="430" durationms="0.548" usertimems="0.000" systemtimems="4.000" timestamp="2019-07-02T19:02:26.189" activeThreads="4">
  <mem-info id="435" free="6092416" total="8388608" percent="72">
    <mem type="nursery" free="1795840" total="2097152" percent="85">
      <mem type="allocate" free="1795840" total="1835008" percent="97" />
      <mem type="survivor" free="0" total="262144" percent="0" />
    </mem>
    <mem type="tenure" free="4296576" total="6291456" percent="68" macro-fragmented="3110739">
      <mem type="soa" free="3982208" total="5977088" percent="66" />
      <mem type="loa" free="314368" total="314368" percent="100" />
    </mem>
    <remembered-set count="90" />
  </mem-info>
</gc-end>
<cycle-end id="436" type="scavenge" contextid="430" timestamp="2019-07-02T19:02:26.189">
  <attribute name="GC Util" value="0" />
  <attribute name="CPU Util" value="8" />
  <attribute name="Time Running"value="8270"/>
  <attribute name="Number of cores"value="4"/>
</cycle-end>
<allocation-satisfied id="437" threadId="0000000001C73500" bytesRequested="32" />
<af-end id="438" timestamp="2019-07-02T19:02:26.189" threadId="0000000001C73E88" success="true" from="nursery"/>
<exclusive-end id="439" timestamp="2019-07-02T19:02:26.189" durationms="0.922" />

</verbosegc>

