<?xml version="1.0" ?>

<verbosegc xmlns="http://www.ibm.com/j9/verbosegc" version="08cc62e_CMPRSS">

<initialized id="1" timestamp="2019-08-02T23:42:23.459">
  <attribute name="gcPolicy" value="-Xgcpolicy:optavgpause" />
  <attribute name="elasticGC enabled" value="1" />
  <attribute name= "numThreadsSpecified" value="0" />
  <attribute name="heapSize specified" value="0" />
  <attribute name= "numCores" value="0" />
  <attribute name ="GC Interval" value="0" />
  <attribute name="GC Util Range Max" value="0" />
  <attribute name="Current GC Util" value="0" />
  <attribute name= "Current Time Running" value="0" />
  <attribute name="maxHeapSize" value="0x7cba0000" />
  <attribute name="initialHeapSize" value="0x800000" />
  <attribute name="compressedRefs" value="true" />
  <attribute name="compressedRefsDisplacement" value="0x0" />
  <attribute name="compressedRefsShift" value="0x0" />
  <attribute name="pageSize" value="0x1000" />
  <attribute name="pageType" value="not used" />
  <attribute name="requestedPageSize" value="0x1000" />
  <attribute name="requestedPageType" value="not used" />
  <attribute name="gcthreads" value="8" />
  <attribute name="packetListSplit" value="8" />
  <attribute name="cacheListSplit" value="8" />
  <attribute name="splitFreeListSplitAmount" value="1" />
  <attribute name="numaNodes" value="0" />
  <system>
    <attribute name="physicalMemory" value="8370401280" />
    <attribute name="numCPUs" value="8" />
    <attribute name="architecture" value="amd64" />
    <attribute name="os" value="Linux" />
    <attribute name="osVersion" value="4.4.0-154-generic" />
  </system>
  <vmargs>
    <vmarg name="-Xoptionsfile=/vagrant/jdk/lib/options.default" />
    <vmarg name="-Xlockword:mode=default,noLockword=java/lang/String,noLockword=java/util/MapEntry,noLockword=java/util/HashMap$Entry,noLockword..." />
    <vmarg name="-Xjcl:jclse29" />
    <vmarg name="-Dcom.ibm.oti.vm.bootstrap.library.path=/vagrant/jdk/lib/compressedrefs:/vagrant/jdk/lib" />
    <vmarg name="-Dsun.boot.library.path=/vagrant/jdk/lib/compressedrefs:/vagrant/jdk/lib" />
    <vmarg name="-Djava.library.path=/vagrant/jdk/lib/compressedrefs:/vagrant/jdk/lib:/usr/lib64:/usr/lib" />
    <vmarg name="-Djava.home=/vagrant/jdk" />
    <vmarg name="-Duser.dir=/vagrant" />
    <vmarg name="-Xgcpolicy:optavgpause" />
    <vmarg name="-Xgcelastic" />
    <vmarg name="-Xcheck:gc:::elasticGC" />
    <vmarg name="-verbose:gc" />
    <vmarg name="-Xloggc:jdkI-small-OAP-8core-verbose6xalan.txt" />
    <vmarg name="-Djava.class.path=dacapo-9.12-MR1-bach.jar" />
    <vmarg name="-Dsun.java.command=dacapo-9.12-MR1-bach.jar xalan --size=small" />
    <vmarg name="-Dsun.java.launcher=SUN_STANDARD" />
    <vmarg name="-Dsun.java.launcher.pid=19961" />
  </vmargs>
</initialized>

<exclusive-start id="2" timestamp="2019-08-02T23:42:23.982" intervalms="522.459">
  <response-info timems="0.058" idlems="0.058" threads="0" lastid="000000000215EA00" lastname="main" />
</exclusive-start>
<af-start id="3" threadId="000000000215F388" totalBytesRequested="88" timestamp="2019-08-02T23:42:23.982" intervalms="522.706" />
<cycle-start id="4" type="global" contextid="0" timestamp="2019-08-02T23:42:23.982" intervalms="522.931" />
<gc-start id="5" type="global" contextid="4" timestamp="2019-08-02T23:42:23.982">
  <mem-info id="6" free="418816" total="8388608" percent="4">
    <mem type="tenure" free="418816" total="8388608" percent="4">
      <mem type="soa" free="0" total="7969792" percent="0" />
      <mem type="loa" free="418816" total="418816" percent="100" />
    </mem>
  </mem-info>
</gc-start>
<allocation-stats totalBytes="7884840" >
  <allocated-bytes non-tlh="758040" tlh="7126800" />
  <largest-consumer threadName="main" threadId="000000000215EA00" bytes="7791888" />
</allocation-stats>
<gc-op id="7" type="mark" timems="2.589" contextid="4" timestamp="2019-08-02T23:42:23.985">
  <trace-info objectcount="21501" scancount="17520" scanbytes="561608" />
  <finalization candidates="15" enqueued="1" />
  <references type="soft" candidates="74" cleared="0" enqueued="0" dynamicThreshold="32" maxThreshold="32" />
  <references type="weak" candidates="575" cleared="432" enqueued="393" />
  <references type="phantom" candidates="127" cleared="44" enqueued="44" />
  <stringconstants candidates="2930" cleared="0"  />
</gc-op>
<gc-op id="8" type="classunload" timems="0.039" contextid="4" timestamp="2019-08-02T23:42:23.985">
  <classunload-info classloadercandidates="6" classloadersunloaded="0" classesunloaded="0" anonymousclassesunloaded="0" quiescems="0.000" setupms="0.038" scanms="0.001" postms="0.000" />
</gc-op>
<gc-op id="9" type="sweep" timems="0.465" contextid="4" timestamp="2019-08-02T23:42:23.986" />
<gc-end id="10" type="global" contextid="4" durationms="4.178" usertimems="4.000" systemtimems="0.000" timestamp="2019-08-02T23:42:23.986" activeThreads="8">
  <mem-info id="11" free="6224400" total="8388608" percent="74">
    <mem type="tenure" free="6224400" total="8388608" percent="74" micro-fragmented="217341">
      <mem type="soa" free="6098752" total="7969792" percent="76" />
      <mem type="loa" free="125648" total="418816" percent="30" />
    </mem>
    <pending-finalizers system="1" default="0" reference="437" classloader="0" />
  </mem-info>
</gc-end>
<cycle-end id="12" type="global" contextid="4" timestamp="2019-08-02T23:42:23.986" />
  <attribute name="elasticGC enabled" value="1" />
  <attribute name= "numThreadsSpecified" value="0" />
  <attribute name="heapSize specified" value="0" />
  <attribute name= "numCores" value="8" />
  <attribute name ="GC Interval" value="0" />
  <attribute name ="Control flow" value="1" />
  <attribute name="GC Util Range Max" value="97" />
  <attribute name="Current GC Util" value="59" />
  <attribute name= "Current Time Running" value="3" />
<allocation-satisfied id="13" threadId="000000000215EA00" bytesRequested="88" />
<af-end id="14" timestamp="2019-08-02T23:42:23.987" threadId="000000000215F388" success="true" />
<exclusive-end id="15" timestamp="2019-08-02T23:42:23.987" durationms="5.118" />

<concurrent-kickoff id="16" timestamp="2019-08-02T23:42:24.172">
  <kickoff reason="threshold reached" targetBytes="2489738" thresholdFreeBytes="343258" remainingFree="311088" tenureFreeBytes="311088" />
</concurrent-kickoff>
<exclusive-start id="17" timestamp="2019-08-02T23:42:24.172" intervalms="190.178">
  <response-info timems="0.072" idlems="0.072" threads="0" lastid="000000000215EA00" lastname="main" />
</exclusive-start>
<cycle-start id="18" type="global" contextid="0" timestamp="2019-08-02T23:42:24.172" intervalms="189.795" />
<exclusive-end id="19" timestamp="2019-08-02T23:42:24.172" durationms="0.168" />

<exclusive-start id="20" timestamp="2019-08-02T23:42:24.188" intervalms="16.102">
  <response-info timems="0.042" idlems="0.042" threads="0" lastid="000000000215EA00" lastname="main" />
</exclusive-start>
<af-start id="21" threadId="000000000215F388" totalBytesRequested="88" timestamp="2019-08-02T23:42:24.188" intervalms="206.161" />
<gc-start id="22" type="global" contextid="18" timestamp="2019-08-02T23:42:24.188">
  <mem-info id="23" free="418816" total="8388608" percent="4">
    <mem type="tenure" free="418816" total="8388608" percent="4">
      <mem type="soa" free="0" total="7969792" percent="0" />
      <mem type="loa" free="418816" total="418816" percent="100" />
    </mem>
  </mem-info>
</gc-start>
<allocation-stats totalBytes="5992192" >
  <allocated-bytes non-tlh="1388256" tlh="4603936" />
  <largest-consumer threadName="main" threadId="000000000215EA00" bytes="5985024" />
</allocation-stats>
<concurrent-halted id="24" timestamp="2019-08-02T23:42:24.188">
  <halted state="Class scanning incomplete" status="clean trace" />
  <traced bytesTarget="2489738" bytesTotal="618176" bytesByMutator="291448" bytesByHelper="326728" percent="24" />
  <cards cleaned="613" thresholdBytes="135222" />
</concurrent-halted>
<gc-op id="25" type="card-cleaning" timems="0.338" contextid="18" timestamp="2019-08-02T23:42:24.189">
  <card-cleaning cardsCleaned="435" bytesTraced="169100" workStackOverflowCount="0" />
</gc-op>
<gc-op id="26" type="mark" timems="1.048" contextid="18" timestamp="2019-08-02T23:42:24.190">
  <trace-info objectcount="4477" scancount="4542" scanbytes="158220" />
  <finalization candidates="15" enqueued="0" />
  <references type="soft" candidates="133" cleared="0" enqueued="0" dynamicThreshold="23" maxThreshold="32" />
  <references type="weak" candidates="175" cleared="30" enqueued="30" />
  <references type="phantom" candidates="85" cleared="2" enqueued="2" />
  <stringconstants candidates="3529" cleared="0"  />
</gc-op>
<gc-op id="27" type="classunload" timems="0.001" contextid="18" timestamp="2019-08-02T23:42:24.190">
  <classunload-info classloadercandidates="19" classloadersunloaded="0" classesunloaded="0" anonymousclassesunloaded="0" quiescems="0.000" setupms="0.001" scanms="0.000" postms="0.000" />
</gc-op>
<gc-op id="28" type="sweep" timems="0.281" contextid="18" timestamp="2019-08-02T23:42:24.190" />
<mem-info id="29" free="5664432" total="8388608" percent="67">
  <mem type="tenure" free="5664432" total="8388608" percent="67" micro-fragmented="521560">
    <mem type="soa" free="5245616" total="7969792" percent="65" />
    <mem type="loa" free="418816" total="418816" percent="100" />
  </mem>
  <pending-finalizers system="0" default="0" reference="32" classloader="0" />
</mem-info>
<gc-op id="30" type="compact" timems="6.082" contextid="18" timestamp="2019-08-02T23:42:24.197">
  <compact-info movecount="30446" movebytes="2017824" reason="no compaction" />
</gc-op>
<gc-end id="31" type="global" contextid="18" durationms="8.655" usertimems="4.000" systemtimems="4.000" timestamp="2019-08-02T23:42:24.197" activeThreads="1">
  <mem-info id="32" free="6370608" total="8388608" percent="75">
    <mem type="tenure" free="6370608" total="8388608" percent="75">
      <mem type="soa" free="5951792" total="7969792" percent="74" />
      <mem type="loa" free="418816" total="418816" percent="100" />
    </mem>
    <pending-finalizers system="0" default="0" reference="32" classloader="0" />
  </mem-info>
</gc-end>
<cycle-end id="33" type="global" contextid="18" timestamp="2019-08-02T23:42:24.197" />
  <attribute name="elasticGC enabled" value="1" />
  <attribute name= "numThreadsSpecified" value="1" />
  <attribute name="heapSize specified" value="8388608" />
  <attribute name= "numCores" value="8" />
  <attribute name ="GC Interval" value="0" />
  <attribute name ="Control flow" value="1" />
  <attribute name="GC Util Range Max" value="97" />
  <attribute name="Current GC Util" value="28" />
  <attribute name= "Current Time Running" value="214" />
<allocation-satisfied id="34" threadId="000000000215EA00" bytesRequested="88" />
<af-end id="35" timestamp="2019-08-02T23:42:24.197" threadId="000000000215F388" success="true" />
<exclusive-end id="36" timestamp="2019-08-02T23:42:24.197" durationms="9.229" />

<exclusive-start id="37" timestamp="2019-08-02T23:42:24.200" intervalms="12.084">
  <response-info timems="0.131" idlems="0.069" threads="4" lastid="000000000249EC00" lastname="Thread-3" />
</exclusive-start>
<sys-start reason="explicit" id="38" timestamp="2019-08-02T23:42:24.200" intervalms="740.886" />
<cycle-start id="39" type="global" contextid="0" timestamp="2019-08-02T23:42:24.200" intervalms="28.208" />
<gc-start id="40" type="global" contextid="39" timestamp="2019-08-02T23:42:24.200">
  <mem-info id="41" free="6267368" total="8388608" percent="74">
    <mem type="tenure" free="6267368" total="8388608" percent="74">
      <mem type="soa" free="5848552" total="7969792" percent="73" />
      <mem type="loa" free="418816" total="418816" percent="100" />
    </mem>
  </mem-info>
</gc-start>
<allocation-stats totalBytes="103192" >
  <allocated-bytes non-tlh="928" tlh="102264" />
  <largest-consumer threadName="main" threadId="000000000215EA00" bytes="66328" />
</allocation-stats>
<gc-op id="42" type="mark" timems="1.690" contextid="39" timestamp="2019-08-02T23:42:24.202">
  <trace-info objectcount="29523" scancount="23900" scanbytes="872696" />
  <finalization candidates="15" enqueued="0" />
  <references type="soft" candidates="133" cleared="0" enqueued="0" dynamicThreshold="24" maxThreshold="32" />
  <references type="weak" candidates="152" cleared="4" enqueued="4" />
  <references type="phantom" candidates="87" cleared="0" enqueued="0" />
  <stringconstants candidates="3535" cleared="22"  />
</gc-op>
<gc-op id="43" type="classunload" timems="0.001" contextid="39" timestamp="2019-08-02T23:42:24.202">
  <classunload-info classloadercandidates="19" classloadersunloaded="0" classesunloaded="0" anonymousclassesunloaded="0" quiescems="0.000" setupms="0.001" scanms="0.000" postms="0.000" />
</gc-op>
<gc-op id="44" type="sweep" timems="0.198" contextid="39" timestamp="2019-08-02T23:42:24.202" />
<mem-info id="45" free="6381856" total="8388608" percent="76">
  <mem type="tenure" free="6381856" total="8388608" percent="76" micro-fragmented="54860">
    <mem type="soa" free="5963040" total="7969792" percent="74" />
    <mem type="loa" free="418816" total="418816" percent="100" />
  </mem>
  <pending-finalizers system="0" default="0" reference="4" classloader="0" />
</mem-info>
<gc-op id="46" type="compact" timems="6.475" contextid="39" timestamp="2019-08-02T23:42:24.209">
  <compact-info movecount="28776" movebytes="1942392" reason="no compaction" />
</gc-op>
<gc-end id="47" type="global" contextid="39" durationms="8.961" usertimems="8.000" systemtimems="0.000" timestamp="2019-08-02T23:42:24.209" activeThreads="8">
  <mem-info id="48" free="6425416" total="8388608" percent="76">
    <mem type="tenure" free="6425416" total="8388608" percent="76">
      <mem type="soa" free="6006600" total="7969792" percent="75" />
      <mem type="loa" free="418816" total="418816" percent="100" />
    </mem>
    <pending-finalizers system="0" default="0" reference="4" classloader="0" />
  </mem-info>
</gc-end>
<cycle-end id="49" type="global" contextid="39" timestamp="2019-08-02T23:42:24.209" />
  <attribute name="elasticGC enabled" value="1" />
  <attribute name= "numThreadsSpecified" value="1" />
  <attribute name="heapSize specified" value="8388608" />
  <attribute name= "numCores" value="8" />
  <attribute name ="GC Interval" value="0" />
  <attribute name ="Control flow" value="1" />
  <attribute name="GC Util Range Max" value="97" />
  <attribute name="Current GC Util" value="26" />
  <attribute name= "Current Time Running" value="226" />
<sys-end id="50" timestamp="2019-08-02T23:42:24.209" />
<exclusive-end id="51" timestamp="2019-08-02T23:42:24.209" durationms="9.352" />

<exclusive-start id="52" timestamp="2019-08-02T23:42:24.340" intervalms="140.115">
  <response-info timems="0.067" idlems="0.067" threads="0" lastid="00000000024B1700" lastname="Thread-8" />
</exclusive-start>
<af-start id="53" threadId="00000000024B2088" totalBytesRequested="88" timestamp="2019-08-02T23:42:24.340" intervalms="152.207" />
<cycle-start id="54" type="global" contextid="0" timestamp="2019-08-02T23:42:24.340" intervalms="140.236" />
<gc-start id="55" type="global" contextid="54" timestamp="2019-08-02T23:42:24.340">
  <mem-info id="56" free="418816" total="8388608" percent="4">
    <mem type="tenure" free="418816" total="8388608" percent="4">
      <mem type="soa" free="0" total="7969792" percent="0" />
      <mem type="loa" free="418816" total="418816" percent="100" />
    </mem>
  </mem-info>
</gc-start>
<allocation-stats totalBytes="5974296" >
  <allocated-bytes non-tlh="474528" tlh="5499768" />
  <largest-consumer threadName="Thread-8" threadId="00000000024B1700" bytes="1388728" />
</allocation-stats>
<gc-op id="57" type="mark" timems="3.519" contextid="54" timestamp="2019-08-02T23:42:24.344">
  <trace-info objectcount="41308" scancount="33080" scanbytes="1941924" />
  <finalization candidates="28" enqueued="3" />
  <references type="soft" candidates="164" cleared="0" enqueued="0" dynamicThreshold="24" maxThreshold="32" />
  <references type="weak" candidates="271" cleared="20" enqueued="20" />
  <references type="phantom" candidates="110" cleared="2" enqueued="2" />
  <stringconstants candidates="3824" cleared="0"  />
</gc-op>
<gc-op id="58" type="classunload" timems="0.216" contextid="54" timestamp="2019-08-02T23:42:24.344">
  <classunload-info classloadercandidates="19" classloadersunloaded="0" classesunloaded="6" anonymousclassesunloaded="6" quiescems="0.000" setupms="0.212" scanms="0.004" postms="0.000" />
</gc-op>
<gc-op id="59" type="sweep" timems="1.052" contextid="54" timestamp="2019-08-02T23:42:24.346" />
<gc-end id="60" type="global" contextid="54" durationms="7.292" usertimems="8.000" systemtimems="0.000" timestamp="2019-08-02T23:42:24.348" activeThreads="2">
  <mem-info id="61" free="4453360" total="8388608" percent="53">
    <mem type="tenure" free="4453360" total="8388608" percent="53" micro-fragmented="231305">
      <mem type="soa" free="4071184" total="7969792" percent="51" />
      <mem type="loa" free="382176" total="418816" percent="91" />
    </mem>
    <pending-finalizers system="3" default="0" reference="22" classloader="0" />
  </mem-info>
</gc-end>
<cycle-end id="62" type="global" contextid="54" timestamp="2019-08-02T23:42:24.348" />
  <attribute name="elasticGC enabled" value="1" />
  <attribute name= "numThreadsSpecified" value="2" />
  <attribute name="heapSize specified" value="8388608" />
  <attribute name= "numCores" value="8" />
  <attribute name ="GC Interval" value="0" />
  <attribute name ="Control flow" value="3" />
  <attribute name="GC Util Range Max" value="97" />
  <attribute name="Current GC Util" value="40" />
  <attribute name= "Current Time Running" value="363" />
<allocation-satisfied id="63" threadId="00000000024B1700" bytesRequested="88" />
<af-end id="64" timestamp="2019-08-02T23:42:24.348" threadId="00000000024B2088" success="true" />
<exclusive-end id="65" timestamp="2019-08-02T23:42:24.348" durationms="8.049" />

<exclusive-start id="66" timestamp="2019-08-02T23:42:24.466" intervalms="125.887">
  <response-info timems="0.078" idlems="0.041" threads="1" lastid="00000000024B8F00" lastname="Thread-10" />
</exclusive-start>
<af-start id="67" threadId="00000000024A6C88" totalBytesRequested="32776" timestamp="2019-08-02T23:42:24.466" intervalms="125.852" />
<cycle-start id="68" type="global" contextid="0" timestamp="2019-08-02T23:42:24.466" intervalms="125.929" />
<gc-start id="69" type="global" contextid="68" timestamp="2019-08-02T23:42:24.466">
  <mem-info id="70" free="418816" total="8388608" percent="4">
    <mem type="tenure" free="418816" total="8388608" percent="4">
      <mem type="soa" free="0" total="7969792" percent="0" />
      <mem type="loa" free="418816" total="418816" percent="100" />
    </mem>
  </mem-info>
</gc-start>
<allocation-stats totalBytes="3935176" >
  <allocated-bytes non-tlh="809440" tlh="3125736" />
  <largest-consumer threadName="Thread-3" threadId="000000000249EC00" bytes="914920" />
</allocation-stats>
<gc-op id="71" type="mark" timems="1.809" contextid="68" timestamp="2019-08-02T23:42:24.468">
  <trace-info objectcount="45558" scancount="36649" scanbytes="2106156" />
  <finalization candidates="25" enqueued="0" />
  <references type="soft" candidates="168" cleared="0" enqueued="0" dynamicThreshold="16" maxThreshold="32" />
  <references type="weak" candidates="293" cleared="13" enqueued="11" />
  <references type="phantom" candidates="101" cleared="0" enqueued="0" />
  <stringconstants candidates="3960" cleared="0"  />
</gc-op>
<gc-op id="72" type="sweep" timems="0.253" contextid="68" timestamp="2019-08-02T23:42:24.469" />
<mem-info id="73" free="3702712" total="8388608" percent="44">
  <mem type="tenure" free="3702712" total="8388608" percent="44" micro-fragmented="242674">
    <mem type="soa" free="3283896" total="7969792" percent="41" />
    <mem type="loa" free="418816" total="418816" percent="100" />
  </mem>
  <pending-finalizers system="0" default="0" reference="11" classloader="0" />
</mem-info>
<gc-op id="74" type="compact" timems="10.101" contextid="68" timestamp="2019-08-02T23:42:24.479">
  <compact-info movecount="44877" movebytes="4306784" reason="no compaction" />
</gc-op>
<gc-end id="75" type="global" contextid="68" durationms="12.914" usertimems="16.000" systemtimems="0.000" timestamp="2019-08-02T23:42:24.479" activeThreads="2">
  <mem-info id="76" free="4030400" total="8388608" percent="48">
    <mem type="tenure" free="4030400" total="8388608" percent="48">
      <mem type="soa" free="3611584" total="7969792" percent="45" />
      <mem type="loa" free="418816" total="418816" percent="100" />
    </mem>
    <pending-finalizers system="0" default="0" reference="11" classloader="0" />
  </mem-info>
</gc-end>
<cycle-end id="77" type="global" contextid="68" timestamp="2019-08-02T23:42:24.479" />
  <attribute name="elasticGC enabled" value="1" />
  <attribute name= "numThreadsSpecified" value="2" />
  <attribute name="heapSize specified" value="8388608" />
  <attribute name= "numCores" value="8" />
  <attribute name ="GC Interval" value="0" />
  <attribute name ="Control flow" value="1" />
  <attribute name="GC Util Range Max" value="97" />
  <attribute name="Current GC Util" value="21" />
  <attribute name= "Current Time Running" value="496" />
<allocation-satisfied id="78" threadId="00000000024A6300" bytesRequested="32776" />
<af-end id="79" timestamp="2019-08-02T23:42:24.480" threadId="00000000024A6C88" success="true" />
<exclusive-end id="80" timestamp="2019-08-02T23:42:24.480" durationms="13.724" />

<exclusive-start id="81" timestamp="2019-08-02T23:42:24.521" intervalms="54.831">
  <response-info timems="0.048" idlems="0.048" threads="0" lastid="00000000024B8F00" lastname="Thread-10" />
</exclusive-start>
<af-start id="82" threadId="00000000024B9888" totalBytesRequested="2056" timestamp="2019-08-02T23:42:24.521" intervalms="54.919" />
<cycle-start id="83" type="global" contextid="0" timestamp="2019-08-02T23:42:24.521" intervalms="54.812" />
<gc-start id="84" type="global" contextid="83" timestamp="2019-08-02T23:42:24.521">
  <mem-info id="85" free="418816" total="8388608" percent="4">
    <mem type="tenure" free="418816" total="8388608" percent="4">
      <mem type="soa" free="0" total="7969792" percent="0" />
      <mem type="loa" free="418816" total="418816" percent="100" />
    </mem>
  </mem-info>
</gc-start>
<allocation-stats totalBytes="3568704" >
  <allocated-bytes non-tlh="32848" tlh="3535856" />
  <largest-consumer threadName="Thread-5" threadId="00000000024A6300" bytes="841856" />
</allocation-stats>
<gc-op id="86" type="mark" timems="1.765" contextid="83" timestamp="2019-08-02T23:42:24.523">
  <trace-info objectcount="43677" scancount="35345" scanbytes="2079524" />
  <finalization candidates="25" enqueued="0" />
  <references type="soft" candidates="168" cleared="0" enqueued="0" dynamicThreshold="15" maxThreshold="32" />
  <references type="weak" candidates="280" cleared="0" enqueued="0" />
  <references type="phantom" candidates="102" cleared="0" enqueued="0" />
  <stringconstants candidates="3962" cleared="0"  />
</gc-op>
<gc-op id="87" type="sweep" timems="0.164" contextid="83" timestamp="2019-08-02T23:42:24.523" />
<gc-end id="88" type="global" contextid="83" durationms="2.666" usertimems="4.000" systemtimems="0.000" timestamp="2019-08-02T23:42:24.524" activeThreads="2">
  <mem-info id="89" free="3873616" total="8388608" percent="46">
    <mem type="tenure" free="3873616" total="8388608" percent="46" micro-fragmented="36858">
      <mem type="soa" free="3478248" total="7969792" percent="43" />
      <mem type="loa" free="395368" total="418816" percent="94" />
    </mem>
  </mem-info>
</gc-end>
<cycle-end id="90" type="global" contextid="83" timestamp="2019-08-02T23:42:24.524" />
  <attribute name="elasticGC enabled" value="1" />
  <attribute name= "numThreadsSpecified" value="2" />
  <attribute name="heapSize specified" value="8388608" />
  <attribute name= "numCores" value="8" />
  <attribute name ="GC Interval" value="0" />
  <attribute name ="Control flow" value="1" />
  <attribute name="GC Util Range Max" value="97" />
  <attribute name="Current GC Util" value="9" />
  <attribute name= "Current Time Running" value="540" />
<allocation-satisfied id="91" threadId="00000000024B8F00" bytesRequested="2056" />
<af-end id="92" timestamp="2019-08-02T23:42:24.524" threadId="00000000024B9888" success="true" />
<exclusive-end id="93" timestamp="2019-08-02T23:42:24.524" durationms="3.242" />

<exclusive-start id="94" timestamp="2019-08-02T23:42:24.587" intervalms="66.580">
  <response-info timems="0.068" idlems="0.068" threads="0" lastid="00000000024A9F00" lastname="Thread-6" />
</exclusive-start>
<af-start id="95" threadId="00000000024AA888" totalBytesRequested="16392" timestamp="2019-08-02T23:42:24.588" intervalms="66.600" />
<cycle-start id="96" type="global" contextid="0" timestamp="2019-08-02T23:42:24.588" intervalms="67.406" />
<gc-start id="97" type="global" contextid="96" timestamp="2019-08-02T23:42:24.588">
  <mem-info id="98" free="421664" total="8388608" percent="5">
    <mem type="tenure" free="421664" total="8388608" percent="5">
      <mem type="soa" free="2848" total="7969792" percent="0" />
      <mem type="loa" free="418816" total="418816" percent="100" />
    </mem>
  </mem-info>
</gc-start>
<allocation-stats totalBytes="3384416" >
  <allocated-bytes non-tlh="430360" tlh="2954056" />
  <largest-consumer threadName="Thread-6" threadId="00000000024A9F00" bytes="641168" />
</allocation-stats>
<gc-op id="99" type="mark" timems="4.759" contextid="96" timestamp="2019-08-02T23:42:24.593">
  <trace-info objectcount="43632" scancount="35263" scanbytes="2025220" />
  <finalization candidates="25" enqueued="0" />
  <references type="soft" candidates="168" cleared="0" enqueued="0" dynamicThreshold="14" maxThreshold="32" />
  <references type="weak" candidates="280" cleared="0" enqueued="0" />
  <references type="phantom" candidates="101" cleared="0" enqueued="0" />
  <stringconstants candidates="3963" cleared="0"  />
</gc-op>
<gc-op id="100" type="sweep" timems="1.855" contextid="96" timestamp="2019-08-02T23:42:24.595" />
<mem-info id="101" free="3928728" total="8388608" percent="46">
  <mem type="tenure" free="3928728" total="8388608" percent="46" micro-fragmented="69287">
    <mem type="soa" free="3509912" total="7969792" percent="44" />
    <mem type="loa" free="418816" total="418816" percent="100" />
  </mem>
</mem-info>
<gc-op id="102" type="compact" timems="7.284" contextid="96" timestamp="2019-08-02T23:42:24.603">
  <compact-info movecount="17607" movebytes="2544104" reason="no compaction" />
</gc-op>
<gc-end id="103" type="global" contextid="96" durationms="14.997" usertimems="20.000" systemtimems="4.000" timestamp="2019-08-02T23:42:24.603" activeThreads="8">
  <mem-info id="104" free="4022048" total="8388608" percent="47">
    <mem type="tenure" free="4022048" total="8388608" percent="47">
      <mem type="soa" free="3603232" total="7969792" percent="45" />
      <mem type="loa" free="418816" total="418816" percent="100" />
    </mem>
  </mem-info>
</gc-end>
<cycle-end id="105" type="global" contextid="96" timestamp="2019-08-02T23:42:24.604" />
  <attribute name="elasticGC enabled" value="1" />
  <attribute name= "numThreadsSpecified" value="1" />
  <attribute name="heapSize specified" value="8388608" />
  <attribute name= "numCores" value="8" />
  <attribute name ="GC Interval" value="0" />
  <attribute name ="Control flow" value="1" />
  <attribute name="GC Util Range Max" value="97" />
  <attribute name="Current GC Util" value="0" />
  <attribute name= "Current Time Running" value="620" />
<allocation-satisfied id="106" threadId="00000000024A9F00" bytesRequested="16392" />
<af-end id="107" timestamp="2019-08-02T23:42:24.604" threadId="00000000024AA888" success="true" />
<exclusive-end id="108" timestamp="2019-08-02T23:42:24.604" durationms="16.688" />

<exclusive-start id="109" timestamp="2019-08-02T23:42:24.672" intervalms="84.262">
  <response-info timems="0.039" idlems="0.039" threads="0" lastid="00000000024B8F00" lastname="Thread-10" />
</exclusive-start>
<af-start id="110" threadId="00000000024B9888" totalBytesRequested="16392" timestamp="2019-08-02T23:42:24.672" intervalms="84.241" />
<cycle-start id="111" type="global" contextid="0" timestamp="2019-08-02T23:42:24.672" intervalms="83.432" />
<gc-start id="112" type="global" contextid="111" timestamp="2019-08-02T23:42:24.672">
  <mem-info id="113" free="418816" total="8388608" percent="4">
    <mem type="tenure" free="418816" total="8388608" percent="4">
      <mem type="soa" free="0" total="7969792" percent="0" />
      <mem type="loa" free="418816" total="418816" percent="100" />
    </mem>
  </mem-info>
</gc-start>
<allocation-stats totalBytes="3545688" >
  <allocated-bytes non-tlh="16392" tlh="3529296" />
  <largest-consumer threadName="Thread-6" threadId="00000000024A9F00" bytes="1049984" />
</allocation-stats>
<gc-op id="114" type="mark" timems="2.681" contextid="111" timestamp="2019-08-02T23:42:24.675">
  <trace-info objectcount="44078" scancount="35550" scanbytes="2017620" />
  <finalization candidates="25" enqueued="0" />
  <references type="soft" candidates="168" cleared="0" enqueued="0" dynamicThreshold="15" maxThreshold="32" />
  <references type="weak" candidates="281" cleared="0" enqueued="0" />
  <references type="phantom" candidates="101" cleared="0" enqueued="0" />
  <stringconstants candidates="3963" cleared="0"  />
</gc-op>
<gc-op id="115" type="sweep" timems="0.166" contextid="111" timestamp="2019-08-02T23:42:24.675" />
<gc-end id="116" type="global" contextid="111" durationms="3.992" usertimems="4.000" systemtimems="0.000" timestamp="2019-08-02T23:42:24.676" activeThreads="1">
  <mem-info id="117" free="3888424" total="8388608" percent="46">
    <mem type="tenure" free="3888424" total="8388608" percent="46" micro-fragmented="29850">
      <mem type="soa" free="3484616" total="7969792" percent="43" />
      <mem type="loa" free="403808" total="418816" percent="96" />
    </mem>
  </mem-info>
</gc-end>
<cycle-end id="118" type="global" contextid="111" timestamp="2019-08-02T23:42:24.676" />
  <attribute name="elasticGC enabled" value="1" />
  <attribute name= "numThreadsSpecified" value="1" />
  <attribute name="heapSize specified" value="8388608" />
  <attribute name= "numCores" value="8" />
  <attribute name ="GC Interval" value="0" />
  <attribute name ="Control flow" value="1" />
  <attribute name="GC Util Range Max" value="97" />
  <attribute name="Current GC Util" value="37" />
  <attribute name= "Current Time Running" value="692" />
<allocation-satisfied id="119" threadId="00000000024B8F00" bytesRequested="16392" />
<af-end id="120" timestamp="2019-08-02T23:42:24.676" threadId="00000000024B9888" success="true" />
<exclusive-end id="121" timestamp="2019-08-02T23:42:24.676" durationms="4.639" />

<exclusive-start id="122" timestamp="2019-08-02T23:42:24.708" intervalms="36.337">
  <response-info timems="0.050" idlems="0.050" threads="0" lastid="000000000249EC00" lastname="Thread-3" />
</exclusive-start>
<af-start id="123" threadId="000000000249F588" totalBytesRequested="16392" timestamp="2019-08-02T23:42:24.708" intervalms="36.261" />
<cycle-start id="124" type="global" contextid="0" timestamp="2019-08-02T23:42:24.708" intervalms="36.325" />
<gc-start id="125" type="global" contextid="124" timestamp="2019-08-02T23:42:24.708">
  <mem-info id="126" free="422616" total="8388608" percent="5">
    <mem type="tenure" free="422616" total="8388608" percent="5">
      <mem type="soa" free="3800" total="7969792" percent="0" />
      <mem type="loa" free="418816" total="418816" percent="100" />
    </mem>
  </mem-info>
</gc-start>
<allocation-stats totalBytes="3305008" >
  <allocated-bytes non-tlh="872864" tlh="2432144" />
  <largest-consumer threadName="Thread-10" threadId="00000000024B8F00" bytes="1064440" />
</allocation-stats>
<gc-op id="127" type="mark" timems="1.640" contextid="124" timestamp="2019-08-02T23:42:24.710">
  <trace-info objectcount="42447" scancount="34332" scanbytes="1986028" />
  <finalization candidates="25" enqueued="0" />
  <references type="soft" candidates="168" cleared="0" enqueued="0" dynamicThreshold="14" maxThreshold="32" />
  <references type="weak" candidates="280" cleared="0" enqueued="0" />
  <references type="phantom" candidates="101" cleared="0" enqueued="0" />
  <stringconstants candidates="3963" cleared="0"  />
</gc-op>
<gc-op id="128" type="sweep" timems="0.256" contextid="124" timestamp="2019-08-02T23:42:24.710" />
<mem-info id="129" free="4156416" total="8388608" percent="49">
  <mem type="tenure" free="4156416" total="8388608" percent="49" micro-fragmented="10283">
    <mem type="soa" free="3737600" total="7969792" percent="46" />
    <mem type="loa" free="418816" total="418816" percent="100" />
  </mem>
</mem-info>
<gc-op id="130" type="compact" timems="6.707" contextid="124" timestamp="2019-08-02T23:42:24.717">
  <compact-info movecount="20441" movebytes="2537024" reason="no compaction" />
</gc-op>
<gc-end id="131" type="global" contextid="124" durationms="9.041" usertimems="20.000" systemtimems="0.000" timestamp="2019-08-02T23:42:24.717" activeThreads="1">
  <mem-info id="132" free="4214472" total="8388608" percent="50">
    <mem type="tenure" free="4214472" total="8388608" percent="50">
      <mem type="soa" free="3795656" total="7969792" percent="47" />
      <mem type="loa" free="418816" total="418816" percent="100" />
    </mem>
  </mem-info>
</gc-end>
<cycle-end id="133" type="global" contextid="124" timestamp="2019-08-02T23:42:24.717" />
  <attribute name="elasticGC enabled" value="1" />
  <attribute name= "numThreadsSpecified" value="1" />
  <attribute name="heapSize specified" value="8388608" />
  <attribute name= "numCores" value="8" />
  <attribute name ="GC Interval" value="0" />
  <attribute name ="Control flow" value="1" />
  <attribute name="GC Util Range Max" value="97" />
  <attribute name="Current GC Util" value="39" />
  <attribute name= "Current Time Running" value="734" />
<allocation-satisfied id="134" threadId="000000000249EC00" bytesRequested="16392" />
<af-end id="135" timestamp="2019-08-02T23:42:24.717" threadId="000000000249F588" success="true" />
<exclusive-end id="136" timestamp="2019-08-02T23:42:24.717" durationms="9.583" />

<exclusive-start id="137" timestamp="2019-08-02T23:42:24.778" intervalms="69.939">
  <response-info timems="0.053" idlems="0.053" threads="0" lastid="00000000024A2800" lastname="Thread-4" />
</exclusive-start>
<af-start id="138" threadId="00000000024A3188" totalBytesRequested="16392" timestamp="2019-08-02T23:42:24.778" intervalms="70.007" />
<cycle-start id="139" type="global" contextid="0" timestamp="2019-08-02T23:42:24.778" intervalms="69.943" />
<gc-start id="140" type="global" contextid="139" timestamp="2019-08-02T23:42:24.778">
  <mem-info id="141" free="418816" total="8388608" percent="4">
    <mem type="tenure" free="418816" total="8388608" percent="4">
      <mem type="soa" free="0" total="7969792" percent="0" />
      <mem type="loa" free="418816" total="418816" percent="100" />
    </mem>
  </mem-info>
</gc-start>
<allocation-stats totalBytes="3734400" >
  <allocated-bytes non-tlh="49168" tlh="3685232" />
  <largest-consumer threadName="Thread-3" threadId="000000000249EC00" bytes="704664" />
</allocation-stats>
<gc-op id="142" type="mark" timems="2.659" contextid="139" timestamp="2019-08-02T23:42:24.781">
  <trace-info objectcount="42710" scancount="34526" scanbytes="1923408" />
  <finalization candidates="25" enqueued="0" />
  <references type="soft" candidates="168" cleared="0" enqueued="0" dynamicThreshold="16" maxThreshold="32" />
  <references type="weak" candidates="282" cleared="0" enqueued="0" />
  <references type="phantom" candidates="102" cleared="0" enqueued="0" />
  <stringconstants candidates="3963" cleared="0"  />
</gc-op>
<gc-op id="143" type="sweep" timems="0.169" contextid="139" timestamp="2019-08-02T23:42:24.781" />
<gc-end id="144" type="global" contextid="139" durationms="3.976" usertimems="4.000" systemtimems="0.000" timestamp="2019-08-02T23:42:24.782" activeThreads="1">
  <mem-info id="145" free="4233832" total="8388608" percent="50">
    <mem type="tenure" free="4233832" total="8388608" percent="50" micro-fragmented="8210">
      <mem type="soa" free="3824616" total="7969792" percent="47" />
      <mem type="loa" free="409216" total="418816" percent="97" />
    </mem>
  </mem-info>
</gc-end>
<cycle-end id="146" type="global" contextid="139" timestamp="2019-08-02T23:42:24.782" />
  <attribute name="elasticGC enabled" value="1" />
  <attribute name= "numThreadsSpecified" value="1" />
  <attribute name="heapSize specified" value="8388608" />
  <attribute name= "numCores" value="8" />
  <attribute name ="GC Interval" value="0" />
  <attribute name ="Control flow" value="1" />
  <attribute name="GC Util Range Max" value="97" />
  <attribute name="Current GC Util" value="45" />
  <attribute name= "Current Time Running" value="798" />
<allocation-satisfied id="147" threadId="00000000024A2800" bytesRequested="16392" />
<af-end id="148" timestamp="2019-08-02T23:42:24.783" threadId="00000000024A3188" success="true" />
<exclusive-end id="149" timestamp="2019-08-02T23:42:24.783" durationms="4.780" />

<exclusive-start id="150" timestamp="2019-08-02T23:42:24.839" intervalms="60.818">
  <response-info timems="0.044" idlems="0.044" threads="0" lastid="00000000024B5300" lastname="Thread-9" />
</exclusive-start>
<af-start id="151" threadId="00000000024B5C88" totalBytesRequested="16392" timestamp="2019-08-02T23:42:24.839" intervalms="60.791" />
<cycle-start id="152" type="global" contextid="0" timestamp="2019-08-02T23:42:24.839" intervalms="60.847" />
<gc-start id="153" type="global" contextid="152" timestamp="2019-08-02T23:42:24.839">
  <mem-info id="154" free="418816" total="8388608" percent="4">
    <mem type="tenure" free="418816" total="8388608" percent="4">
      <mem type="soa" free="0" total="7969792" percent="0" />
      <mem type="loa" free="418816" total="418816" percent="100" />
    </mem>
  </mem-info>
</gc-start>
<allocation-stats totalBytes="3773416" >
  <allocated-bytes non-tlh="983544" tlh="2789872" />
  <largest-consumer threadName="Thread-9" threadId="00000000024B5300" bytes="915472" />
</allocation-stats>
<gc-op id="155" type="mark" timems="1.750" contextid="152" timestamp="2019-08-02T23:42:24.841">
  <trace-info objectcount="43274" scancount="34987" scanbytes="2025940" />
  <finalization candidates="25" enqueued="0" />
  <references type="soft" candidates="168" cleared="0" enqueued="0" dynamicThreshold="16" maxThreshold="32" />
  <references type="weak" candidates="281" cleared="0" enqueued="0" />
  <references type="phantom" candidates="102" cleared="0" enqueued="0" />
  <stringconstants candidates="3963" cleared="0"  />
</gc-op>
<gc-op id="156" type="sweep" timems="0.156" contextid="152" timestamp="2019-08-02T23:42:24.841" />
<gc-end id="157" type="global" contextid="152" durationms="2.657" usertimems="4.000" systemtimems="0.000" timestamp="2019-08-02T23:42:24.842" activeThreads="2">
  <mem-info id="158" free="3980168" total="8388608" percent="47">
    <mem type="tenure" free="3980168" total="8388608" percent="47" micro-fragmented="29925">
      <mem type="soa" free="3569032" total="7969792" percent="44" />
      <mem type="loa" free="411136" total="418816" percent="98" />
    </mem>
  </mem-info>
</gc-end>
<cycle-end id="159" type="global" contextid="152" timestamp="2019-08-02T23:42:24.842" />
  <attribute name="elasticGC enabled" value="1" />
  <attribute name= "numThreadsSpecified" value="2" />
  <attribute name="heapSize specified" value="8388608" />
  <attribute name= "numCores" value="8" />
  <attribute name ="GC Interval" value="0" />
  <attribute name ="Control flow" value="1" />
  <attribute name="GC Util Range Max" value="97" />
  <attribute name="Current GC Util" value="7" />
  <attribute name= "Current Time Running" value="858" />
<allocation-satisfied id="160" threadId="00000000024B5300" bytesRequested="16392" />
<af-end id="161" timestamp="2019-08-02T23:42:24.842" threadId="00000000024B5C88" success="true" />
<exclusive-end id="162" timestamp="2019-08-02T23:42:24.842" durationms="3.245" />

<exclusive-start id="163" timestamp="2019-08-02T23:42:24.887" intervalms="48.783">
  <response-info timems="0.053" idlems="0.053" threads="0" lastid="00000000024B5300" lastname="Thread-9" />
</exclusive-start>
<af-start id="164" threadId="00000000024B5C88" totalBytesRequested="8200" timestamp="2019-08-02T23:42:24.888" intervalms="48.795" />
<cycle-start id="165" type="global" contextid="0" timestamp="2019-08-02T23:42:24.888" intervalms="48.830" />
<gc-start id="166" type="global" contextid="165" timestamp="2019-08-02T23:42:24.888">
  <mem-info id="167" free="418816" total="8388608" percent="4">
    <mem type="tenure" free="418816" total="8388608" percent="4">
      <mem type="soa" free="0" total="7969792" percent="0" />
      <mem type="loa" free="418816" total="418816" percent="100" />
    </mem>
  </mem-info>
</gc-start>
<allocation-stats totalBytes="3509112" >
  <allocated-bytes non-tlh="822656" tlh="2686456" />
  <largest-consumer threadName="Thread-10" threadId="00000000024B8F00" bytes="852440" />
</allocation-stats>
<gc-op id="168" type="mark" timems="2.046" contextid="165" timestamp="2019-08-02T23:42:24.890">
  <trace-info objectcount="43209" scancount="34958" scanbytes="2008784" />
  <finalization candidates="25" enqueued="0" />
  <references type="soft" candidates="168" cleared="0" enqueued="0" dynamicThreshold="15" maxThreshold="32" />
  <references type="weak" candidates="281" cleared="0" enqueued="0" />
  <references type="phantom" candidates="101" cleared="0" enqueued="0" />
  <stringconstants candidates="3963" cleared="0"  />
</gc-op>
<gc-op id="169" type="sweep" timems="0.238" contextid="165" timestamp="2019-08-02T23:42:24.890" />
<mem-info id="170" free="4050736" total="8388608" percent="48">
  <mem type="tenure" free="4050736" total="8388608" percent="48" micro-fragmented="64175">
    <mem type="soa" free="3631920" total="7969792" percent="45" />
    <mem type="loa" free="418816" total="418816" percent="100" />
  </mem>
</mem-info>
<gc-op id="171" type="compact" timems="6.266" contextid="165" timestamp="2019-08-02T23:42:24.897">
  <compact-info movecount="13827" movebytes="2307944" reason="no compaction" />
</gc-op>
<gc-end id="172" type="global" contextid="165" durationms="9.121" usertimems="12.000" systemtimems="0.000" timestamp="2019-08-02T23:42:24.897" activeThreads="2">
  <mem-info id="173" free="4060016" total="8388608" percent="48">
    <mem type="tenure" free="4060016" total="8388608" percent="48">
      <mem type="soa" free="3641200" total="7969792" percent="45" />
      <mem type="loa" free="418816" total="418816" percent="100" />
    </mem>
  </mem-info>
</gc-end>
<cycle-end id="174" type="global" contextid="165" timestamp="2019-08-02T23:42:24.897" />
  <attribute name="elasticGC enabled" value="1" />
  <attribute name= "numThreadsSpecified" value="2" />
  <attribute name="heapSize specified" value="8388608" />
  <attribute name= "numCores" value="8" />
  <attribute name ="GC Interval" value="0" />
  <attribute name ="Control flow" value="1" />
  <attribute name="GC Util Range Max" value="97" />
  <attribute name="Current GC Util" value="47" />
  <attribute name= "Current Time Running" value="914" />
<allocation-satisfied id="175" threadId="00000000024B5300" bytesRequested="8200" />
<af-end id="176" timestamp="2019-08-02T23:42:24.897" threadId="00000000024B5C88" success="true" />
<exclusive-end id="177" timestamp="2019-08-02T23:42:24.897" durationms="9.958" />

<exclusive-start id="178" timestamp="2019-08-02T23:42:24.956" intervalms="68.432">
  <response-info timems="0.157" idlems="0.098" threads="1" lastid="00000000024B8F00" lastname="Thread-10" />
</exclusive-start>
<af-start id="179" threadId="00000000024A3188" totalBytesRequested="8200" timestamp="2019-08-02T23:42:24.956" intervalms="68.356" />
<cycle-start id="180" type="global" contextid="0" timestamp="2019-08-02T23:42:24.956" intervalms="68.262" />
<gc-start id="181" type="global" contextid="180" timestamp="2019-08-02T23:42:24.956">
  <mem-info id="182" free="418816" total="8388608" percent="4">
    <mem type="tenure" free="418816" total="8388608" percent="4">
      <mem type="soa" free="0" total="7969792" percent="0" />
      <mem type="loa" free="418816" total="418816" percent="100" />
    </mem>
  </mem-info>
</gc-start>
<allocation-stats totalBytes="3652456" >
  <allocated-bytes non-tlh="32776" tlh="3619680" />
  <largest-consumer threadName="Thread-4" threadId="00000000024A2800" bytes="610072" />
</allocation-stats>
<gc-op id="183" type="mark" timems="1.547" contextid="180" timestamp="2019-08-02T23:42:24.958">
  <trace-info objectcount="43481" scancount="35147" scanbytes="2011612" />
  <finalization candidates="25" enqueued="0" />
  <references type="soft" candidates="168" cleared="0" enqueued="0" dynamicThreshold="15" maxThreshold="32" />
  <references type="weak" candidates="281" cleared="0" enqueued="0" />
  <references type="phantom" candidates="102" cleared="0" enqueued="0" />
  <stringconstants candidates="3963" cleared="0"  />
</gc-op>
<gc-op id="184" type="sweep" timems="0.240" contextid="180" timestamp="2019-08-02T23:42:24.958" />
<mem-info id="185" free="4007680" total="8388608" percent="47">
  <mem type="tenure" free="4007680" total="8388608" percent="47" micro-fragmented="0">
    <mem type="soa" free="3588864" total="7969792" percent="45" />
    <mem type="loa" free="418816" total="418816" percent="100" />
  </mem>
</mem-info>
<gc-op id="186" type="compact" timems="5.090" contextid="180" timestamp="2019-08-02T23:42:24.963">
  <compact-info movecount="14099" movebytes="2388816" reason="no compaction" />
</gc-op>
<gc-end id="187" type="global" contextid="180" durationms="7.657" usertimems="8.000" systemtimems="0.000" timestamp="2019-08-02T23:42:24.964" activeThreads="8">
  <mem-info id="188" free="3991432" total="8388608" percent="47">
    <mem type="tenure" free="3991432" total="8388608" percent="47">
      <mem type="soa" free="3572616" total="7969792" percent="44" />
      <mem type="loa" free="418816" total="418816" percent="100" />
    </mem>
  </mem-info>
</gc-end>
<cycle-end id="189" type="global" contextid="180" timestamp="2019-08-02T23:42:24.964" />
  <attribute name="elasticGC enabled" value="1" />
  <attribute name= "numThreadsSpecified" value="2" />
  <attribute name="heapSize specified" value="8388608" />
  <attribute name= "numCores" value="8" />
  <attribute name ="GC Interval" value="0" />
  <attribute name ="Control flow" value="3" />
  <attribute name="GC Util Range Max" value="97" />
  <attribute name="Current GC Util" value="24" />
  <attribute name= "Current Time Running" value="981" />
<allocation-satisfied id="190" threadId="00000000024A2800" bytesRequested="8200" />
<af-end id="191" timestamp="2019-08-02T23:42:24.964" threadId="00000000024A3188" success="true" />
<exclusive-end id="192" timestamp="2019-08-02T23:42:24.964" durationms="8.496" />

<exclusive-start id="193" timestamp="2019-08-02T23:42:24.988" intervalms="31.724">
  <response-info timems="0.084" idlems="0.025" threads="5" lastid="000000000249EC00" lastname="Thread-3" />
</exclusive-start>
<af-start id="194" threadId="00000000024AA888" totalBytesRequested="16392" timestamp="2019-08-02T23:42:24.988" intervalms="31.722" />
<cycle-start id="195" type="global" contextid="0" timestamp="2019-08-02T23:42:24.988" intervalms="31.724" />
<gc-start id="196" type="global" contextid="195" timestamp="2019-08-02T23:42:24.988">
  <mem-info id="197" free="418816" total="8388608" percent="4">
    <mem type="tenure" free="418816" total="8388608" percent="4">
      <mem type="soa" free="0" total="7969792" percent="0" />
      <mem type="loa" free="418816" total="418816" percent="100" />
    </mem>
  </mem-info>
</gc-start>
<allocation-stats totalBytes="3474168" >
  <allocated-bytes non-tlh="196656" tlh="3277512" />
  <largest-consumer threadName="Thread-4" threadId="00000000024A2800" bytes="742584" />
</allocation-stats>
<gc-op id="198" type="mark" timems="1.321" contextid="195" timestamp="2019-08-02T23:42:24.989">
  <trace-info objectcount="42879" scancount="34632" scanbytes="2017008" />
  <finalization candidates="25" enqueued="0" />
  <references type="soft" candidates="168" cleared="0" enqueued="0" dynamicThreshold="15" maxThreshold="32" />
  <references type="weak" candidates="280" cleared="0" enqueued="0" />
  <references type="phantom" candidates="102" cleared="0" enqueued="0" />
  <stringconstants candidates="3963" cleared="0"  />
</gc-op>
<gc-op id="199" type="sweep" timems="0.176" contextid="195" timestamp="2019-08-02T23:42:24.989" />
<gc-end id="200" type="global" contextid="195" durationms="2.237" usertimems="4.000" systemtimems="0.000" timestamp="2019-08-02T23:42:24.990" activeThreads="2">
  <mem-info id="201" free="4143504" total="8388608" percent="49">
    <mem type="tenure" free="4143504" total="8388608" percent="49" micro-fragmented="34022">
      <mem type="soa" free="3728616" total="7969792" percent="46" />
      <mem type="loa" free="414888" total="418816" percent="99" />
    </mem>
  </mem-info>
</gc-end>
<cycle-end id="202" type="global" contextid="195" timestamp="2019-08-02T23:42:24.990" />
  <attribute name="elasticGC enabled" value="1" />
  <attribute name= "numThreadsSpecified" value="2" />
  <attribute name="heapSize specified" value="8388608" />
  <attribute name= "numCores" value="8" />
  <attribute name ="GC Interval" value="0" />
  <attribute name ="Control flow" value="3" />
  <attribute name="GC Util Range Max" value="97" />
  <attribute name="Current GC Util" value="28" />
  <attribute name= "Current Time Running" value="1007" />
<allocation-satisfied id="203" threadId="00000000024A9F00" bytesRequested="16392" />
<af-end id="204" timestamp="2019-08-02T23:42:24.990" threadId="00000000024AA888" success="true" />
<exclusive-end id="205" timestamp="2019-08-02T23:42:24.991" durationms="2.938" />

<exclusive-start id="206" timestamp="2019-08-02T23:42:25.072" intervalms="84.690">
  <response-info timems="0.067" idlems="0.067" threads="0" lastid="00000000024A9F00" lastname="Thread-6" />
</exclusive-start>
<af-start id="207" threadId="00000000024AA888" totalBytesRequested="48" timestamp="2019-08-02T23:42:25.072" intervalms="84.707" />
<cycle-start id="208" type="global" contextid="0" timestamp="2019-08-02T23:42:25.073" intervalms="84.838" />
<gc-start id="209" type="global" contextid="208" timestamp="2019-08-02T23:42:25.073">
  <mem-info id="210" free="418816" total="8388608" percent="4">
    <mem type="tenure" free="418816" total="8388608" percent="4">
      <mem type="soa" free="0" total="7969792" percent="0" />
      <mem type="loa" free="418816" total="418816" percent="100" />
    </mem>
  </mem-info>
</gc-start>
<allocation-stats totalBytes="3644008" >
  <allocated-bytes non-tlh="690544" tlh="2953464" />
  <largest-consumer threadName="Thread-3" threadId="000000000249EC00" bytes="883608" />
</allocation-stats>
<gc-op id="211" type="mark" timems="1.625" contextid="208" timestamp="2019-08-02T23:42:25.074">
  <trace-info objectcount="43998" scancount="35596" scanbytes="2097800" />
  <finalization candidates="25" enqueued="0" />
  <references type="soft" candidates="168" cleared="0" enqueued="0" dynamicThreshold="15" maxThreshold="32" />
  <references type="weak" candidates="280" cleared="0" enqueued="0" />
  <references type="phantom" candidates="100" cleared="0" enqueued="0" />
  <stringconstants candidates="3963" cleared="0"  />
</gc-op>
<gc-op id="212" type="sweep" timems="0.163" contextid="208" timestamp="2019-08-02T23:42:25.075" />
<gc-end id="213" type="global" contextid="208" durationms="2.549" usertimems="4.000" systemtimems="0.000" timestamp="2019-08-02T23:42:25.075" activeThreads="2">
  <mem-info id="214" free="3772024" total="8388608" percent="44">
    <mem type="tenure" free="3772024" total="8388608" percent="44" micro-fragmented="61506">
      <mem type="soa" free="3356352" total="7969792" percent="42" />
      <mem type="loa" free="415672" total="418816" percent="99" />
    </mem>
  </mem-info>
</gc-end>
<cycle-end id="215" type="global" contextid="208" timestamp="2019-08-02T23:42:25.075" />
  <attribute name="elasticGC enabled" value="1" />
  <attribute name= "numThreadsSpecified" value="2" />
  <attribute name="heapSize specified" value="8388608" />
  <attribute name= "numCores" value="8" />
  <attribute name ="GC Interval" value="0" />
  <attribute name ="Control flow" value="1" />
  <attribute name="GC Util Range Max" value="97" />
  <attribute name="Current GC Util" value="5" />
  <attribute name= "Current Time Running" value="1092" />
<allocation-satisfied id="216" threadId="00000000024A9F00" bytesRequested="48" />
<af-end id="217" timestamp="2019-08-02T23:42:25.075" threadId="00000000024AA888" success="true" />
<exclusive-end id="218" timestamp="2019-08-02T23:42:25.076" durationms="3.309" />

<exclusive-start id="219" timestamp="2019-08-02T23:42:25.121" intervalms="48.843">
  <response-info timems="0.040" idlems="0.040" threads="0" lastid="000000000249EC00" lastname="Thread-3" />
</exclusive-start>
<af-start id="220" threadId="000000000249F588" totalBytesRequested="16392" timestamp="2019-08-02T23:42:25.121" intervalms="48.914" />
<cycle-start id="221" type="global" contextid="0" timestamp="2019-08-02T23:42:25.121" intervalms="48.881" />
<gc-start id="222" type="global" contextid="221" timestamp="2019-08-02T23:42:25.122">
  <mem-info id="223" free="428680" total="8388608" percent="5">
    <mem type="tenure" free="428680" total="8388608" percent="5">
      <mem type="soa" free="9864" total="7969792" percent="0" />
      <mem type="loa" free="418816" total="418816" percent="100" />
    </mem>
  </mem-info>
</gc-start>
<allocation-stats totalBytes="3274800" >
  <allocated-bytes non-tlh="1215096" tlh="2059704" />
  <largest-consumer threadName="Thread-8" threadId="00000000024B1700" bytes="853440" />
</allocation-stats>
<heap-resize id="224" type="loa contract" space="tenure" amount="83968" count="1" timems="0.000" reason="contract underutilized loa" timestamp="2019-08-02T23:42:25.122" />
<gc-op id="225" type="mark" timems="1.211" contextid="221" timestamp="2019-08-02T23:42:25.123">
  <trace-info objectcount="43205" scancount="34861" scanbytes="2004776" />
  <finalization candidates="25" enqueued="0" />
  <references type="soft" candidates="168" cleared="75" enqueued="73" dynamicThreshold="14" maxThreshold="32" />
  <references type="weak" candidates="281" cleared="0" enqueued="0" />
  <references type="phantom" candidates="101" cleared="0" enqueued="0" />
  <stringconstants candidates="3963" cleared="0"  />
</gc-op>
<gc-op id="226" type="sweep" timems="0.176" contextid="221" timestamp="2019-08-02T23:42:25.123" />
<gc-end id="227" type="global" contextid="221" durationms="2.081" usertimems="4.000" systemtimems="0.000" timestamp="2019-08-02T23:42:25.124" activeThreads="3">
  <mem-info id="228" free="4025136" total="8388608" percent="47">
    <mem type="tenure" free="4025136" total="8388608" percent="47" micro-fragmented="49489">
      <mem type="soa" free="3692296" total="8053760" percent="45" />
      <mem type="loa" free="332840" total="334848" percent="99" />
    </mem>
    <pending-finalizers system="0" default="0" reference="73" classloader="0" />
  </mem-info>
</gc-end>
<cycle-end id="229" type="global" contextid="221" timestamp="2019-08-02T23:42:25.124" />
  <attribute name="elasticGC enabled" value="1" />
  <attribute name= "numThreadsSpecified" value="3" />
  <attribute name="heapSize specified" value="8388608" />
  <attribute name= "numCores" value="8" />
  <attribute name ="GC Interval" value="0" />
  <attribute name ="Control flow" value="1" />
  <attribute name="GC Util Range Max" value="97" />
  <attribute name="Current GC Util" value="53" />
  <attribute name= "Current Time Running" value="1140" />
<allocation-satisfied id="230" threadId="000000000249EC00" bytesRequested="16392" />
<af-end id="231" timestamp="2019-08-02T23:42:25.124" threadId="000000000249F588" success="true" />
<exclusive-end id="232" timestamp="2019-08-02T23:42:25.124" durationms="2.931" />

<exclusive-start id="233" timestamp="2019-08-02T23:42:25.167" intervalms="46.266">
  <response-info timems="0.067" idlems="0.067" threads="0" lastid="00000000024A9F00" lastname="Thread-6" />
</exclusive-start>
<af-start id="234" threadId="00000000024AA888" totalBytesRequested="32776" timestamp="2019-08-02T23:42:25.167" intervalms="46.190" />
<cycle-start id="235" type="global" contextid="0" timestamp="2019-08-02T23:42:25.168" intervalms="46.203" />
<gc-start id="236" type="global" contextid="235" timestamp="2019-08-02T23:42:25.168">
  <mem-info id="237" free="334848" total="8388608" percent="3">
    <mem type="tenure" free="334848" total="8388608" percent="3">
      <mem type="soa" free="0" total="8053760" percent="0" />
      <mem type="loa" free="334848" total="334848" percent="100" />
    </mem>
  </mem-info>
</gc-start>
<allocation-stats totalBytes="3564360" >
  <allocated-bytes non-tlh="908888" tlh="2655472" />
  <largest-consumer threadName="Thread-5" threadId="00000000024A6300" bytes="963296" />
</allocation-stats>
<heap-resize id="238" type="loa contract" space="tenure" amount="83968" count="1" timems="0.000" reason="contract underutilized loa" timestamp="2019-08-02T23:42:25.168" />
<gc-op id="239" type="mark" timems="1.294" contextid="235" timestamp="2019-08-02T23:42:25.169">
  <trace-info objectcount="43481" scancount="35076" scanbytes="2082384" />
  <finalization candidates="25" enqueued="0" />
  <references type="soft" candidates="93" cleared="0" enqueued="0" dynamicThreshold="15" maxThreshold="32" />
  <references type="weak" candidates="280" cleared="0" enqueued="0" />
  <references type="phantom" candidates="100" cleared="0" enqueued="0" />
  <stringconstants candidates="3963" cleared="18"  />
</gc-op>
<gc-op id="240" type="sweep" timems="0.179" contextid="235" timestamp="2019-08-02T23:42:25.169" />
<gc-end id="241" type="global" contextid="235" durationms="2.150" usertimems="4.000" systemtimems="0.000" timestamp="2019-08-02T23:42:25.170" activeThreads="3">
  <mem-info id="242" free="3672304" total="8388608" percent="43">
    <mem type="tenure" free="3672304" total="8388608" percent="43" micro-fragmented="72091">
      <mem type="soa" free="3422624" total="8137728" percent="42" />
      <mem type="loa" free="249680" total="250880" percent="99" />
    </mem>
  </mem-info>
</gc-end>
<cycle-end id="243" type="global" contextid="235" timestamp="2019-08-02T23:42:25.170" />
  <attribute name="elasticGC enabled" value="1" />
  <attribute name= "numThreadsSpecified" value="3" />
  <attribute name="heapSize specified" value="8388608" />
  <attribute name= "numCores" value="8" />
  <attribute name ="GC Interval" value="0" />
  <attribute name ="Control flow" value="3" />
  <attribute name="GC Util Range Max" value="97" />
  <attribute name="Current GC Util" value="22" />
  <attribute name= "Current Time Running" value="1187" />
<allocation-satisfied id="244" threadId="00000000024A9F00" bytesRequested="32776" />
<af-end id="245" timestamp="2019-08-02T23:42:25.170" threadId="00000000024AA888" success="true" />
<exclusive-end id="246" timestamp="2019-08-02T23:42:25.170" durationms="2.902" />

<exclusive-start id="247" timestamp="2019-08-02T23:42:25.211" intervalms="43.882">
  <response-info timems="0.094" idlems="0.094" threads="0" lastid="000000000249EC00" lastname="Thread-3" />
</exclusive-start>
<af-start id="248" threadId="000000000249F588" totalBytesRequested="16" timestamp="2019-08-02T23:42:25.211" intervalms="43.871" />
<cycle-start id="249" type="global" contextid="0" timestamp="2019-08-02T23:42:25.212" intervalms="43.861" />
<gc-start id="250" type="global" contextid="249" timestamp="2019-08-02T23:42:25.212">
  <mem-info id="251" free="250880" total="8388608" percent="2">
    <mem type="tenure" free="250880" total="8388608" percent="2">
      <mem type="soa" free="0" total="8137728" percent="0" />
      <mem type="loa" free="250880" total="250880" percent="100" />
    </mem>
  </mem-info>
</gc-start>
<allocation-stats totalBytes="3376256" >
  <allocated-bytes non-tlh="851472" tlh="2524784" />
  <largest-consumer threadName="Thread-6" threadId="00000000024A9F00" bytes="851256" />
</allocation-stats>
<heap-resize id="252" type="loa contract" space="tenure" amount="83968" count="1" timems="0.000" reason="contract underutilized loa" timestamp="2019-08-02T23:42:25.212" />
<gc-op id="253" type="mark" timems="1.259" contextid="249" timestamp="2019-08-02T23:42:25.213">
  <trace-info objectcount="42235" scancount="34268" scanbytes="2060960" />
  <finalization candidates="25" enqueued="0" />
  <references type="soft" candidates="93" cleared="22" enqueued="20" dynamicThreshold="14" maxThreshold="32" />
  <references type="weak" candidates="281" cleared="0" enqueued="0" />
  <references type="phantom" candidates="102" cleared="0" enqueued="0" />
  <stringconstants candidates="3945" cleared="0"  />
</gc-op>
<gc-op id="254" type="sweep" timems="0.182" contextid="249" timestamp="2019-08-02T23:42:25.213" />
<gc-end id="255" type="global" contextid="249" durationms="2.109" usertimems="4.000" systemtimems="0.000" timestamp="2019-08-02T23:42:25.214" activeThreads="3">
  <mem-info id="256" free="3779824" total="8388608" percent="45">
    <mem type="tenure" free="3779824" total="8388608" percent="45" micro-fragmented="70051">
      <mem type="soa" free="3613552" total="8221696" percent="43" />
      <mem type="loa" free="166272" total="166912" percent="99" />
    </mem>
    <pending-finalizers system="0" default="0" reference="20" classloader="0" />
  </mem-info>
</gc-end>
<cycle-end id="257" type="global" contextid="249" timestamp="2019-08-02T23:42:25.214" />
  <attribute name="elasticGC enabled" value="1" />
  <attribute name= "numThreadsSpecified" value="3" />
  <attribute name="heapSize specified" value="8388608" />
  <attribute name= "numCores" value="8" />
  <attribute name ="GC Interval" value="0" />
  <attribute name ="Control flow" value="1" />
  <attribute name="GC Util Range Max" value="97" />
  <attribute name="Current GC Util" value="24" />
  <attribute name= "Current Time Running" value="1230" />
<allocation-satisfied id="258" threadId="000000000249EC00" bytesRequested="16" />
<af-end id="259" timestamp="2019-08-02T23:42:25.214" threadId="000000000249F588" success="true" />
<exclusive-end id="260" timestamp="2019-08-02T23:42:25.214" durationms="2.693" />

<exclusive-start id="261" timestamp="2019-08-02T23:42:25.270" intervalms="59.046">
  <response-info timems="0.097" idlems="0.097" threads="0" lastid="00000000024B5300" lastname="Thread-9" />
</exclusive-start>
<af-start id="262" threadId="00000000024B5C88" totalBytesRequested="48" timestamp="2019-08-02T23:42:25.270" intervalms="59.048" />
<cycle-start id="263" type="global" contextid="0" timestamp="2019-08-02T23:42:25.271" intervalms="59.052" />
<gc-start id="264" type="global" contextid="263" timestamp="2019-08-02T23:42:25.271">
  <mem-info id="265" free="166912" total="8388608" percent="1">
    <mem type="tenure" free="166912" total="8388608" percent="1">
      <mem type="soa" free="0" total="8221696" percent="0" />
      <mem type="loa" free="166912" total="166912" percent="100" />
    </mem>
  </mem-info>
</gc-start>
<allocation-stats totalBytes="3567448" >
  <allocated-bytes non-tlh="906712" tlh="2660736" />
  <largest-consumer threadName="Thread-4" threadId="00000000024A2800" bytes="910672" />
</allocation-stats>
<heap-resize id="266" type="loa contract" space="tenure" amount="83968" count="1" timems="0.000" reason="contract underutilized loa" timestamp="2019-08-02T23:42:25.271" />
<gc-op id="267" type="mark" timems="1.411" contextid="263" timestamp="2019-08-02T23:42:25.272">
  <trace-info objectcount="41563" scancount="33702" scanbytes="2045776" />
  <finalization candidates="25" enqueued="0" />
  <references type="soft" candidates="71" cleared="6" enqueued="3" dynamicThreshold="14" maxThreshold="32" />
  <references type="weak" candidates="280" cleared="0" enqueued="0" />
  <references type="phantom" candidates="100" cleared="0" enqueued="0" />
  <stringconstants candidates="3945" cleared="1"  />
</gc-op>
<gc-op id="268" type="sweep" timems="0.266" contextid="263" timestamp="2019-08-02T23:42:25.273" />
<mem-info id="269" free="3803736" total="8388608" percent="45">
  <mem type="tenure" free="3803736" total="8388608" percent="45" micro-fragmented="83305">
    <mem type="soa" free="3720792" total="8305664" percent="44" />
    <mem type="loa" free="82944" total="82944" percent="100" />
  </mem>
  <pending-finalizers system="0" default="0" reference="3" classloader="0" />
</mem-info>
<gc-op id="270" type="compact" timems="9.001" contextid="263" timestamp="2019-08-02T23:42:25.282">
  <compact-info movecount="35605" movebytes="4178032" reason="no compaction" />
</gc-op>
<gc-end id="271" type="global" contextid="263" durationms="11.283" usertimems="16.000" systemtimems="0.000" timestamp="2019-08-02T23:42:25.282" activeThreads="3">
  <mem-info id="272" free="3858352" total="8388608" percent="45">
    <mem type="tenure" free="3858352" total="8388608" percent="45">
      <mem type="soa" free="3775408" total="8305664" percent="45" />
      <mem type="loa" free="82944" total="82944" percent="100" />
    </mem>
    <pending-finalizers system="0" default="0" reference="3" classloader="0" />
  </mem-info>
</gc-end>
<cycle-end id="273" type="global" contextid="263" timestamp="2019-08-02T23:42:25.282" />
  <attribute name="elasticGC enabled" value="1" />
  <attribute name= "numThreadsSpecified" value="3" />
  <attribute name="heapSize specified" value="8388608" />
  <attribute name= "numCores" value="8" />
  <attribute name ="GC Interval" value="0" />
  <attribute name ="Control flow" value="3" />
  <attribute name="GC Util Range Max" value="97" />
  <attribute name="Current GC Util" value="25" />
  <attribute name= "Current Time Running" value="1299" />
<allocation-satisfied id="274" threadId="00000000024B5300" bytesRequested="48" />
<af-end id="275" timestamp="2019-08-02T23:42:25.282" threadId="00000000024B5C88" success="true" />
<exclusive-end id="276" timestamp="2019-08-02T23:42:25.282" durationms="12.146" />

<concurrent-kickoff id="277" timestamp="2019-08-02T23:42:25.324">
  <kickoff reason="threshold reached" targetBytes="787276" thresholdFreeBytes="110518" remainingFree="82944" tenureFreeBytes="82944" />
</concurrent-kickoff>
<exclusive-start id="278" timestamp="2019-08-02T23:42:25.325" intervalms="54.343">
  <response-info timems="0.045" idlems="0.045" threads="0" lastid="00000000024B8F00" lastname="Thread-10" />
</exclusive-start>
<cycle-start id="279" type="global" contextid="0" timestamp="2019-08-02T23:42:25.325" intervalms="54.214" />
<exclusive-end id="280" timestamp="2019-08-02T23:42:25.325" durationms="0.181" />

<exclusive-start id="281" timestamp="2019-08-02T23:42:25.326" intervalms="1.321">
  <response-info timems="0.120" idlems="0.120" threads="0" lastid="00000000024A6300" lastname="Thread-5" />
</exclusive-start>
<af-start id="282" threadId="00000000024A6C88" totalBytesRequested="88" timestamp="2019-08-02T23:42:25.326" intervalms="55.654" />
<concurrent-aborted id="283" timestamp="2019-08-02T23:42:25.326">
  <reason value="insufficient progress made" />
</concurrent-aborted>
<cycle-end id="284" type="global" contextid="279" timestamp="2019-08-02T23:42:25.326" />
  <attribute name="elasticGC enabled" value="1" />
  <attribute name= "numThreadsSpecified" value="3" />
  <attribute name="heapSize specified" value="8388608" />
  <attribute name= "numCores" value="8" />
  <attribute name ="GC Interval" value="0" />
  <attribute name ="Control flow" value="3" />
  <attribute name="GC Util Range Max" value="97" />
  <attribute name="Current GC Util" value="25" />
  <attribute name= "Current Time Running" value="1299" />
<cycle-start id="285" type="global" contextid="0" timestamp="2019-08-02T23:42:25.326" intervalms="1.432" />
<gc-start id="286" type="global" contextid="285" timestamp="2019-08-02T23:42:25.326">
  <mem-info id="287" free="82944" total="8388608" percent="0">
    <mem type="tenure" free="82944" total="8388608" percent="0">
      <mem type="soa" free="0" total="8305664" percent="0" />
      <mem type="loa" free="82944" total="82944" percent="100" />
    </mem>
  </mem-info>
</gc-start>
<allocation-stats totalBytes="3761560" >
  <allocated-bytes non-tlh="32776" tlh="3728784" />
  <largest-consumer threadName="Thread-3" threadId="000000000249EC00" bytes="1159000" />
</allocation-stats>
<gc-op id="288" type="mark" timems="3.850" contextid="285" timestamp="2019-08-02T23:42:25.330">
  <trace-info objectcount="41250" scancount="33485" scanbytes="2041176" />
  <finalization candidates="25" enqueued="0" />
  <references type="soft" candidates="65" cleared="0" enqueued="0" dynamicThreshold="14" maxThreshold="32" />
  <references type="weak" candidates="280" cleared="0" enqueued="0" />
  <references type="phantom" candidates="100" cleared="0" enqueued="0" />
  <stringconstants candidates="3944" cleared="0"  />
</gc-op>
<gc-op id="289" type="sweep" timems="1.264" contextid="285" timestamp="2019-08-02T23:42:25.332" />
<mem-info id="290" free="3947920" total="8388608" percent="47">
  <mem type="tenure" free="3947920" total="8388608" percent="47" micro-fragmented="4647">
    <mem type="soa" free="3864976" total="8305664" percent="46" />
    <mem type="loa" free="82944" total="82944" percent="100" />
  </mem>
</mem-info>
<gc-op id="291" type="compact" timems="6.399" contextid="285" timestamp="2019-08-02T23:42:25.338">
  <compact-info movecount="13337" movebytes="2491120" reason="no compaction" />
</gc-op>
<heap-resize id="292" type="expand" space="tenure" amount="65536" count="1" timems="0.147" reason="satisfy allocation request" timestamp="2019-08-02T23:42:25.339" />
<gc-end id="293" type="global" contextid="285" durationms="12.902" usertimems="12.000" systemtimems="4.000" timestamp="2019-08-02T23:42:25.339" activeThreads="8">
  <mem-info id="294" free="4025208" total="8454144" percent="47">
    <mem type="tenure" free="4025208" total="8454144" percent="47">
      <mem type="soa" free="3941240" total="8370176" percent="47" />
      <mem type="loa" free="83968" total="83968" percent="100" />
    </mem>
  </mem-info>
</gc-end>
<cycle-end id="295" type="global" contextid="285" timestamp="2019-08-02T23:42:25.339" />
  <attribute name="elasticGC enabled" value="1" />
  <attribute name= "numThreadsSpecified" value="1" />
  <attribute name="heapSize specified" value="8454144" />
  <attribute name= "numCores" value="8" />
  <attribute name ="GC Interval" value="0" />
  <attribute name ="Control flow" value="3" />
  <attribute name="GC Util Range Max" value="97" />
  <attribute name="Current GC Util" value="0" />
  <attribute name= "Current Time Running" value="1355" />
<allocation-satisfied id="296" threadId="00000000024A6300" bytesRequested="88" />
<af-end id="297" timestamp="2019-08-02T23:42:25.340" threadId="00000000024A6C88" success="true" />
<exclusive-end id="298" timestamp="2019-08-02T23:42:25.340" durationms="13.724" />

<concurrent-kickoff id="299" timestamp="2019-08-02T23:42:25.392">
  <kickoff reason="threshold reached" targetBytes="2156529" thresholdFreeBytes="297677" remainingFree="269168" tenureFreeBytes="269168" />
</concurrent-kickoff>
<exclusive-start id="300" timestamp="2019-08-02T23:42:25.392" intervalms="66.376">
  <response-info timems="0.070" idlems="0.070" threads="0" lastid="00000000024A9F00" lastname="Thread-6" />
</exclusive-start>
<cycle-start id="301" type="global" contextid="0" timestamp="2019-08-02T23:42:25.392" intervalms="66.233" />
<exclusive-end id="302" timestamp="2019-08-02T23:42:25.393" durationms="0.148" />

<exclusive-start id="303" timestamp="2019-08-02T23:42:25.402" intervalms="9.954">
  <response-info timems="0.101" idlems="0.101" threads="0" lastid="00000000024ADB00" lastname="Thread-7" />
</exclusive-start>
<af-start id="304" threadId="00000000024AE488" totalBytesRequested="32776" timestamp="2019-08-02T23:42:25.402" intervalms="76.344" />
<concurrent-aborted id="305" timestamp="2019-08-02T23:42:25.402">
  <reason value="insufficient progress made" />
</concurrent-aborted>
<cycle-end id="306" type="global" contextid="301" timestamp="2019-08-02T23:42:25.403" />
  <attribute name="elasticGC enabled" value="1" />
  <attribute name= "numThreadsSpecified" value="1" />
  <attribute name="heapSize specified" value="8454144" />
  <attribute name= "numCores" value="8" />
  <attribute name ="GC Interval" value="0" />
  <attribute name ="Control flow" value="3" />
  <attribute name="GC Util Range Max" value="97" />
  <attribute name="Current GC Util" value="0" />
  <attribute name= "Current Time Running" value="1355" />
<cycle-start id="307" type="global" contextid="0" timestamp="2019-08-02T23:42:25.403" intervalms="10.110" />
<gc-start id="308" type="global" contextid="307" timestamp="2019-08-02T23:42:25.403">
  <mem-info id="309" free="83968" total="8454144" percent="0">
    <mem type="tenure" free="83968" total="8454144" percent="0">
      <mem type="soa" free="0" total="8370176" percent="0" />
      <mem type="loa" free="83968" total="83968" percent="100" />
    </mem>
  </mem-info>
</gc-start>
<allocation-stats totalBytes="3932304" >
  <allocated-bytes non-tlh="32776" tlh="3899528" />
  <largest-consumer threadName="Thread-5" threadId="00000000024A6300" bytes="937704" />
</allocation-stats>
<gc-op id="310" type="mark" timems="5.301" contextid="307" timestamp="2019-08-02T23:42:25.408">
  <trace-info objectcount="41678" scancount="33829" scanbytes="2051464" />
  <finalization candidates="25" enqueued="0" />
  <references type="soft" candidates="65" cleared="0" enqueued="0" dynamicThreshold="15" maxThreshold="32" />
  <references type="weak" candidates="280" cleared="0" enqueued="0" />
  <references type="phantom" candidates="100" cleared="0" enqueued="0" />
  <stringconstants candidates="3944" cleared="0"  />
</gc-op>
<gc-op id="311" type="sweep" timems="1.936" contextid="307" timestamp="2019-08-02T23:42:25.410" />
<mem-info id="312" free="3926048" total="8454144" percent="46">
  <mem type="tenure" free="3926048" total="8454144" percent="46" micro-fragmented="13378">
    <mem type="soa" free="3842080" total="8370176" percent="45" />
    <mem type="loa" free="83968" total="83968" percent="100" />
  </mem>
</mem-info>
<gc-op id="313" type="compact" timems="6.633" contextid="307" timestamp="2019-08-02T23:42:25.417">
  <compact-info movecount="13765" movebytes="2583400" reason="no compaction" />
</gc-op>
<gc-end id="314" type="global" contextid="307" durationms="15.096" usertimems="20.000" systemtimems="0.000" timestamp="2019-08-02T23:42:25.418" activeThreads="8">
  <mem-info id="315" free="3912448" total="8454144" percent="46">
    <mem type="tenure" free="3912448" total="8454144" percent="46">
      <mem type="soa" free="3828480" total="8370176" percent="45" />
      <mem type="loa" free="83968" total="83968" percent="100" />
    </mem>
  </mem-info>
</gc-end>
<cycle-end id="316" type="global" contextid="307" timestamp="2019-08-02T23:42:25.418" />
  <attribute name="elasticGC enabled" value="1" />
  <attribute name= "numThreadsSpecified" value="1" />
  <attribute name="heapSize specified" value="8454144" />
  <attribute name= "numCores" value="8" />
  <attribute name ="GC Interval" value="0" />
  <attribute name ="Control flow" value="1" />
  <attribute name="GC Util Range Max" value="97" />
  <attribute name="Current GC Util" value="0" />
  <attribute name= "Current Time Running" value="1434" />
<allocation-satisfied id="317" threadId="00000000024ADB00" bytesRequested="32776" />
<af-end id="318" timestamp="2019-08-02T23:42:25.418" threadId="00000000024AE488" success="true" />
<exclusive-end id="319" timestamp="2019-08-02T23:42:25.418" durationms="15.762" />

<concurrent-kickoff id="320" timestamp="2019-08-02T23:42:25.457">
  <kickoff reason="threshold reached" targetBytes="2156529" thresholdFreeBytes="297677" remainingFree="254704" tenureFreeBytes="254704" />
</concurrent-kickoff>
<exclusive-start id="321" timestamp="2019-08-02T23:42:25.457" intervalms="55.047">
  <response-info timems="0.064" idlems="0.064" threads="0" lastid="00000000024B5300" lastname="Thread-9" />
</exclusive-start>
<cycle-start id="322" type="global" contextid="0" timestamp="2019-08-02T23:42:25.457" intervalms="54.894" />
<exclusive-end id="323" timestamp="2019-08-02T23:42:25.458" durationms="0.165" />

<exclusive-start id="324" timestamp="2019-08-02T23:42:25.460" intervalms="3.014">
  <response-info timems="0.043" idlems="0.043" threads="0" lastid="00000000024A2800" lastname="Thread-4" />
</exclusive-start>
<af-start id="325" threadId="00000000024A3188" totalBytesRequested="8200" timestamp="2019-08-02T23:42:25.461" intervalms="58.185" />
<concurrent-aborted id="326" timestamp="2019-08-02T23:42:25.461">
  <reason value="insufficient progress made" />
</concurrent-aborted>
<cycle-end id="327" type="global" contextid="322" timestamp="2019-08-02T23:42:25.461" />
  <attribute name="elasticGC enabled" value="1" />
  <attribute name= "numThreadsSpecified" value="1" />
  <attribute name="heapSize specified" value="8454144" />
  <attribute name= "numCores" value="8" />
  <attribute name ="GC Interval" value="0" />
  <attribute name ="Control flow" value="1" />
  <attribute name="GC Util Range Max" value="97" />
  <attribute name="Current GC Util" value="0" />
  <attribute name= "Current Time Running" value="1434" />
<cycle-start id="328" type="global" contextid="0" timestamp="2019-08-02T23:42:25.461" intervalms="3.294" />
<gc-start id="329" type="global" contextid="328" timestamp="2019-08-02T23:42:25.461">
  <mem-info id="330" free="83968" total="8454144" percent="0">
    <mem type="tenure" free="83968" total="8454144" percent="0">
      <mem type="soa" free="0" total="8370176" percent="0" />
      <mem type="loa" free="83968" total="83968" percent="100" />
    </mem>
  </mem-info>
</gc-start>
<allocation-stats totalBytes="3781304" >
  <allocated-bytes non-tlh="65552" tlh="3715752" />
  <largest-consumer threadName="Thread-5" threadId="00000000024A6300" bytes="933328" />
</allocation-stats>
<gc-op id="331" type="mark" timems="2.553" contextid="328" timestamp="2019-08-02T23:42:25.463">
  <trace-info objectcount="41310" scancount="33495" scanbytes="2039656" />
  <finalization candidates="25" enqueued="0" />
  <references type="soft" candidates="65" cleared="0" enqueued="0" dynamicThreshold="14" maxThreshold="32" />
  <references type="weak" candidates="281" cleared="0" enqueued="0" />
  <references type="phantom" candidates="102" cleared="0" enqueued="0" />
  <stringconstants candidates="3944" cleared="0"  />
</gc-op>
<gc-op id="332" type="sweep" timems="0.254" contextid="328" timestamp="2019-08-02T23:42:25.464" />
<mem-info id="333" free="3980656" total="8454144" percent="47">
  <mem type="tenure" free="3980656" total="8454144" percent="47" micro-fragmented="18228">
    <mem type="soa" free="3896688" total="8370176" percent="46" />
    <mem type="loa" free="83968" total="83968" percent="100" />
  </mem>
</mem-info>
<gc-op id="334" type="compact" timems="5.281" contextid="328" timestamp="2019-08-02T23:42:25.469">
  <compact-info movecount="13397" movebytes="2545824" reason="no compaction" />
</gc-op>
<gc-end id="335" type="global" contextid="328" durationms="8.601" usertimems="12.000" systemtimems="0.000" timestamp="2019-08-02T23:42:25.469" activeThreads="8">
  <mem-info id="336" free="3982792" total="8454144" percent="47">
    <mem type="tenure" free="3982792" total="8454144" percent="47">
      <mem type="soa" free="3898824" total="8370176" percent="46" />
      <mem type="loa" free="83968" total="83968" percent="100" />
    </mem>
  </mem-info>
</gc-end>
<cycle-end id="337" type="global" contextid="328" timestamp="2019-08-02T23:42:25.470" />
  <attribute name="elasticGC enabled" value="1" />
  <attribute name= "numThreadsSpecified" value="2" />
  <attribute name="heapSize specified" value="8454144" />
  <attribute name= "numCores" value="8" />
  <attribute name ="GC Interval" value="0" />
  <attribute name ="Control flow" value="1" />
  <attribute name="GC Util Range Max" value="97" />
  <attribute name="Current GC Util" value="26" />
  <attribute name= "Current Time Running" value="1486" />
<allocation-satisfied id="338" threadId="00000000024A2800" bytesRequested="8200" />
<af-end id="339" timestamp="2019-08-02T23:42:25.470" threadId="00000000024A3188" success="true" />
<exclusive-end id="340" timestamp="2019-08-02T23:42:25.470" durationms="9.457" />

<concurrent-kickoff id="341" timestamp="2019-08-02T23:42:25.511">
  <kickoff reason="threshold reached" targetBytes="2156529" thresholdFreeBytes="297677" remainingFree="259464" tenureFreeBytes="259464" />
</concurrent-kickoff>
<exclusive-start id="342" timestamp="2019-08-02T23:42:25.511" intervalms="50.978">
  <response-info timems="0.041" idlems="0.041" threads="0" lastid="00000000024B1700" lastname="Thread-8" />
</exclusive-start>
<cycle-start id="343" type="global" contextid="0" timestamp="2019-08-02T23:42:25.511" intervalms="50.740" />
<exclusive-end id="344" timestamp="2019-08-02T23:42:25.512" durationms="0.193" />

<exclusive-start id="345" timestamp="2019-08-02T23:42:25.519" intervalms="7.489">
  <response-info timems="0.056" idlems="0.056" threads="0" lastid="00000000024ADB00" lastname="Thread-7" />
</exclusive-start>
<af-start id="346" threadId="00000000024AE488" totalBytesRequested="48" timestamp="2019-08-02T23:42:25.519" intervalms="58.376" />
<concurrent-aborted id="347" timestamp="2019-08-02T23:42:25.519">
  <reason value="insufficient progress made" />
</concurrent-aborted>
<cycle-end id="348" type="global" contextid="343" timestamp="2019-08-02T23:42:25.519" />
  <attribute name="elasticGC enabled" value="1" />
  <attribute name= "numThreadsSpecified" value="2" />
  <attribute name="heapSize specified" value="8454144" />
  <attribute name= "numCores" value="8" />
  <attribute name ="GC Interval" value="0" />
  <attribute name ="Control flow" value="1" />
  <attribute name="GC Util Range Max" value="97" />
  <attribute name="Current GC Util" value="26" />
  <attribute name= "Current Time Running" value="1486" />
<cycle-start id="349" type="global" contextid="0" timestamp="2019-08-02T23:42:25.519" intervalms="7.636" />
<gc-start id="350" type="global" contextid="349" timestamp="2019-08-02T23:42:25.519">
  <mem-info id="351" free="83968" total="8454144" percent="0">
    <mem type="tenure" free="83968" total="8454144" percent="0">
      <mem type="soa" free="0" total="8370176" percent="0" />
      <mem type="loa" free="83968" total="83968" percent="100" />
    </mem>
  </mem-info>
</gc-start>
<allocation-stats totalBytes="3895832" >
  <allocated-bytes non-tlh="245824" tlh="3650008" />
  <largest-consumer threadName="Thread-9" threadId="00000000024B5300" bytes="904320" />
</allocation-stats>
<gc-op id="352" type="mark" timems="4.715" contextid="349" timestamp="2019-08-02T23:42:25.524">
  <trace-info objectcount="41526" scancount="33709" scanbytes="2046036" />
  <finalization candidates="25" enqueued="0" />
  <references type="soft" candidates="65" cleared="0" enqueued="0" dynamicThreshold="15" maxThreshold="32" />
  <references type="weak" candidates="280" cleared="0" enqueued="0" />
  <references type="phantom" candidates="100" cleared="0" enqueued="0" />
  <stringconstants candidates="3944" cleared="0"  />
</gc-op>
<gc-op id="353" type="sweep" timems="1.450" contextid="349" timestamp="2019-08-02T23:42:25.526" />
<mem-info id="354" free="3932584" total="8454144" percent="46">
  <mem type="tenure" free="3932584" total="8454144" percent="46" micro-fragmented="28092">
    <mem type="soa" free="3848616" total="8370176" percent="45" />
    <mem type="loa" free="83968" total="83968" percent="100" />
  </mem>
</mem-info>
<gc-op id="355" type="compact" timems="6.171" contextid="349" timestamp="2019-08-02T23:42:25.532">
  <compact-info movecount="13613" movebytes="2579280" reason="no compaction" />
</gc-op>
<heap-resize id="356" type="expand" space="tenure" amount="65536" count="1" timems="0.017" reason="satisfy allocation request" timestamp="2019-08-02T23:42:25.533" />
<gc-end id="357" type="global" contextid="349" durationms="13.816" usertimems="16.000" systemtimems="0.000" timestamp="2019-08-02T23:42:25.533" activeThreads="8">
  <mem-info id="358" free="3986200" total="8519680" percent="46">
    <mem type="tenure" free="3986200" total="8519680" percent="46">
      <mem type="soa" free="3901208" total="8434688" percent="46" />
      <mem type="loa" free="84992" total="84992" percent="100" />
    </mem>
  </mem-info>
</gc-end>
<cycle-end id="359" type="global" contextid="349" timestamp="2019-08-02T23:42:25.533" />
  <attribute name="elasticGC enabled" value="1" />
  <attribute name= "numThreadsSpecified" value="1" />
  <attribute name="heapSize specified" value="8519680" />
  <attribute name= "numCores" value="8" />
  <attribute name ="GC Interval" value="0" />
  <attribute name ="Control flow" value="3" />
  <attribute name="GC Util Range Max" value="97" />
  <attribute name="Current GC Util" value="0" />
  <attribute name= "Current Time Running" value="1549" />
<allocation-satisfied id="360" threadId="00000000024ADB00" bytesRequested="48" />
<af-end id="361" timestamp="2019-08-02T23:42:25.533" threadId="00000000024AE488" success="true" />
<exclusive-end id="362" timestamp="2019-08-02T23:42:25.534" durationms="14.733" />

<concurrent-kickoff id="363" timestamp="2019-08-02T23:42:25.587">
  <kickoff reason="threshold reached" targetBytes="2173247" thresholdFreeBytes="299985" remainingFree="267016" tenureFreeBytes="267016" />
</concurrent-kickoff>
<exclusive-start id="364" timestamp="2019-08-02T23:42:25.587" intervalms="68.249">
  <response-info timems="0.063" idlems="0.034" threads="1" lastid="00000000024B1700" lastname="Thread-8" />
</exclusive-start>
<cycle-start id="365" type="global" contextid="0" timestamp="2019-08-02T23:42:25.587" intervalms="68.015" />
<exclusive-end id="366" timestamp="2019-08-02T23:42:25.587" durationms="0.106" />

<exclusive-start id="367" timestamp="2019-08-02T23:42:25.591" intervalms="3.694">
  <response-info timems="0.068" idlems="0.068" threads="0" lastid="00000000024ADB00" lastname="Thread-7" />
</exclusive-start>
<af-start id="368" threadId="00000000024AE488" totalBytesRequested="2056" timestamp="2019-08-02T23:42:25.591" intervalms="71.943" />
<concurrent-aborted id="369" timestamp="2019-08-02T23:42:25.591">
  <reason value="insufficient progress made" />
</concurrent-aborted>
<cycle-end id="370" type="global" contextid="365" timestamp="2019-08-02T23:42:25.591" />
  <attribute name="elasticGC enabled" value="1" />
  <attribute name= "numThreadsSpecified" value="1" />
  <attribute name="heapSize specified" value="8519680" />
  <attribute name= "numCores" value="8" />
  <attribute name ="GC Interval" value="0" />
  <attribute name ="Control flow" value="3" />
  <attribute name="GC Util Range Max" value="97" />
  <attribute name="Current GC Util" value="0" />
  <attribute name= "Current Time Running" value="1549" />
<cycle-start id="371" type="global" contextid="0" timestamp="2019-08-02T23:42:25.591" intervalms="3.926" />
<gc-start id="372" type="global" contextid="371" timestamp="2019-08-02T23:42:25.591">
  <mem-info id="373" free="84992" total="8519680" percent="0">
    <mem type="tenure" free="84992" total="8519680" percent="0">
      <mem type="soa" free="0" total="8434688" percent="0" />
      <mem type="loa" free="84992" total="84992" percent="100" />
    </mem>
  </mem-info>
</gc-start>
<allocation-stats totalBytes="3852312" >
  <allocated-bytes non-tlh="65552" tlh="3786760" />
  <largest-consumer threadName="Thread-7" threadId="00000000024ADB00" bytes="767496" />
</allocation-stats>
<gc-op id="374" type="mark" timems="4.480" contextid="371" timestamp="2019-08-02T23:42:25.596">
  <trace-info objectcount="41027" scancount="33262" scanbytes="2030068" />
  <finalization candidates="25" enqueued="0" />
  <references type="soft" candidates="65" cleared="0" enqueued="0" dynamicThreshold="14" maxThreshold="32" />
  <references type="weak" candidates="281" cleared="0" enqueued="0" />
  <references type="phantom" candidates="102" cleared="0" enqueued="0" />
  <stringconstants candidates="3944" cleared="0"  />
</gc-op>
<gc-op id="375" type="sweep" timems="1.257" contextid="371" timestamp="2019-08-02T23:42:25.597" />
<mem-info id="376" free="4124472" total="8519680" percent="48">
  <mem type="tenure" free="4124472" total="8519680" percent="48" micro-fragmented="26761">
    <mem type="soa" free="4039480" total="8434688" percent="47" />
    <mem type="loa" free="84992" total="84992" percent="100" />
  </mem>
</mem-info>
<gc-op id="377" type="compact" timems="6.229" contextid="371" timestamp="2019-08-02T23:42:25.603">
  <compact-info movecount="13114" movebytes="2465680" reason="no compaction" />
</gc-op>
<heap-resize id="378" type="expand" space="tenure" amount="65536" count="1" timems="0.018" reason="satisfy allocation request" timestamp="2019-08-02T23:42:25.604" />
<gc-end id="379" type="global" contextid="371" durationms="13.272" usertimems="32.000" systemtimems="0.000" timestamp="2019-08-02T23:42:25.604" activeThreads="2">
  <mem-info id="380" free="4169432" total="8585216" percent="48">
    <mem type="tenure" free="4169432" total="8585216" percent="48">
      <mem type="soa" free="4084440" total="8500224" percent="48" />
      <mem type="loa" free="84992" total="84992" percent="100" />
    </mem>
  </mem-info>
</gc-end>
<cycle-end id="381" type="global" contextid="371" timestamp="2019-08-02T23:42:25.605" />
  <attribute name="elasticGC enabled" value="1" />
  <attribute name= "numThreadsSpecified" value="2" />
  <attribute name="heapSize specified" value="8585216" />
  <attribute name= "numCores" value="8" />
  <attribute name ="GC Interval" value="0" />
  <attribute name ="Control flow" value="3" />
  <attribute name="GC Util Range Max" value="97" />
  <attribute name="Current GC Util" value="0" />
  <attribute name= "Current Time Running" value="1621" />
<allocation-satisfied id="382" threadId="00000000024ADB00" bytesRequested="2056" />
<af-end id="383" timestamp="2019-08-02T23:42:25.605" threadId="00000000024AE488" success="true" />
<exclusive-end id="384" timestamp="2019-08-02T23:42:25.605" durationms="14.220" />

<concurrent-kickoff id="385" timestamp="2019-08-02T23:42:25.643">
  <kickoff reason="threshold reached" targetBytes="2189965" thresholdFreeBytes="302293" remainingFree="270008" tenureFreeBytes="270008" />
</concurrent-kickoff>
<exclusive-start id="386" timestamp="2019-08-02T23:42:25.644" intervalms="52.877">
  <response-info timems="0.070" idlems="0.036" threads="1" lastid="00000000024ADB00" lastname="Thread-7" />
</exclusive-start>
<cycle-start id="387" type="global" contextid="0" timestamp="2019-08-02T23:42:25.644" intervalms="52.680" />
<exclusive-end id="388" timestamp="2019-08-02T23:42:25.644" durationms="0.140" />

<exclusive-start id="389" timestamp="2019-08-02T23:42:25.647" intervalms="3.433">
  <response-info timems="0.079" idlems="0.079" threads="0" lastid="00000000024ADB00" lastname="Thread-7" />
</exclusive-start>
<af-start id="390" threadId="00000000024AE488" totalBytesRequested="16392" timestamp="2019-08-02T23:42:25.647" intervalms="56.292" />
<concurrent-aborted id="391" timestamp="2019-08-02T23:42:25.647">
  <reason value="insufficient progress made" />
</concurrent-aborted>
<cycle-end id="392" type="global" contextid="387" timestamp="2019-08-02T23:42:25.647" />
  <attribute name="elasticGC enabled" value="1" />
  <attribute name= "numThreadsSpecified" value="2" />
  <attribute name="heapSize specified" value="8585216" />
  <attribute name= "numCores" value="8" />
  <attribute name ="GC Interval" value="0" />
  <attribute name ="Control flow" value="3" />
  <attribute name="GC Util Range Max" value="97" />
  <attribute name="Current GC Util" value="0" />
  <attribute name= "Current Time Running" value="1621" />
<cycle-start id="393" type="global" contextid="0" timestamp="2019-08-02T23:42:25.647" intervalms="3.615" />
<gc-start id="394" type="global" contextid="393" timestamp="2019-08-02T23:42:25.647">
  <mem-info id="395" free="84992" total="8585216" percent="0">
    <mem type="tenure" free="84992" total="8585216" percent="0">
      <mem type="soa" free="0" total="8500224" percent="0" />
      <mem type="loa" free="84992" total="84992" percent="100" />
    </mem>
  </mem-info>
</gc-start>
<allocation-stats totalBytes="3979952" >
  <allocated-bytes non-tlh="131104" tlh="3848848" />
  <largest-consumer threadName="Thread-5" threadId="00000000024A6300" bytes="1247856" />
</allocation-stats>
<gc-op id="396" type="mark" timems="4.509" contextid="393" timestamp="2019-08-02T23:42:25.652">
  <trace-info objectcount="40787" scancount="33052" scanbytes="1974988" />
  <finalization candidates="25" enqueued="0" />
  <references type="soft" candidates="65" cleared="0" enqueued="0" dynamicThreshold="15" maxThreshold="32" />
  <references type="weak" candidates="280" cleared="0" enqueued="0" />
  <references type="phantom" candidates="100" cleared="0" enqueued="0" />
  <stringconstants candidates="3944" cleared="0"  />
</gc-op>
<gc-op id="397" type="sweep" timems="1.617" contextid="393" timestamp="2019-08-02T23:42:25.654" />
<mem-info id="398" free="4299752" total="8585216" percent="50">
  <mem type="tenure" free="4299752" total="8585216" percent="50" micro-fragmented="1026">
    <mem type="soa" free="4214760" total="8500224" percent="49" />
    <mem type="loa" free="84992" total="84992" percent="100" />
  </mem>
</mem-info>
<gc-op id="399" type="compact" timems="6.147" contextid="393" timestamp="2019-08-02T23:42:25.660">
  <compact-info movecount="12874" movebytes="2353240" reason="no compaction" />
</gc-op>
<heap-resize id="400" type="expand" space="tenure" amount="65536" count="1" timems="0.018" reason="satisfy allocation request" timestamp="2019-08-02T23:42:25.661" />
<gc-end id="401" type="global" contextid="393" durationms="13.776" usertimems="12.000" systemtimems="8.000" timestamp="2019-08-02T23:42:25.661" activeThreads="8">
  <mem-info id="402" free="4355600" total="8650752" percent="50">
    <mem type="tenure" free="4355600" total="8650752" percent="50">
      <mem type="soa" free="4269584" total="8564736" percent="49" />
      <mem type="loa" free="86016" total="86016" percent="100" />
    </mem>
  </mem-info>
</gc-end>
<cycle-end id="403" type="global" contextid="393" timestamp="2019-08-02T23:42:25.661" />
  <attribute name="elasticGC enabled" value="1" />
  <attribute name= "numThreadsSpecified" value="1" />
  <attribute name="heapSize specified" value="8650752" />
  <attribute name= "numCores" value="8" />
  <attribute name ="GC Interval" value="0" />
  <attribute name ="Control flow" value="3" />
  <attribute name="GC Util Range Max" value="97" />
  <attribute name="Current GC Util" value="0" />
  <attribute name= "Current Time Running" value="1677" />
<allocation-satisfied id="404" threadId="00000000024ADB00" bytesRequested="16392" />
<af-end id="405" timestamp="2019-08-02T23:42:25.662" threadId="00000000024AE488" success="true" />
<exclusive-end id="406" timestamp="2019-08-02T23:42:25.662" durationms="14.698" />

<concurrent-kickoff id="407" timestamp="2019-08-02T23:42:25.715">
  <kickoff reason="threshold reached" targetBytes="2206681" thresholdFreeBytes="304601" remainingFree="251368" tenureFreeBytes="251368" />
</concurrent-kickoff>
<exclusive-start id="408" timestamp="2019-08-02T23:42:25.715" intervalms="67.891">
  <response-info timems="0.126" idlems="0.071" threads="1" lastid="00000000024A2800" lastname="Thread-4" />
</exclusive-start>
<cycle-start id="409" type="global" contextid="0" timestamp="2019-08-02T23:42:25.715" intervalms="67.675" />
<exclusive-end id="410" timestamp="2019-08-02T23:42:25.715" durationms="0.106" />

<exclusive-start id="411" timestamp="2019-08-02T23:42:25.717" intervalms="1.617">
  <response-info timems="0.065" idlems="0.065" threads="0" lastid="00000000024B1700" lastname="Thread-8" />
</exclusive-start>
<af-start id="412" threadId="00000000024B2088" totalBytesRequested="48" timestamp="2019-08-02T23:42:25.717" intervalms="69.469" />
<concurrent-aborted id="413" timestamp="2019-08-02T23:42:25.717">
  <reason value="insufficient progress made" />
</concurrent-aborted>
<cycle-end id="414" type="global" contextid="409" timestamp="2019-08-02T23:42:25.717" />
  <attribute name="elasticGC enabled" value="1" />
  <attribute name= "numThreadsSpecified" value="1" />
  <attribute name="heapSize specified" value="8650752" />
  <attribute name= "numCores" value="8" />
  <attribute name ="GC Interval" value="0" />
  <attribute name ="Control flow" value="3" />
  <attribute name="GC Util Range Max" value="97" />
  <attribute name="Current GC Util" value="0" />
  <attribute name= "Current Time Running" value="1677" />
<cycle-start id="415" type="global" contextid="0" timestamp="2019-08-02T23:42:25.717" intervalms="1.796" />
<gc-start id="416" type="global" contextid="415" timestamp="2019-08-02T23:42:25.717">
  <mem-info id="417" free="86016" total="8650752" percent="0">
    <mem type="tenure" free="86016" total="8650752" percent="0">
      <mem type="soa" free="0" total="8564736" percent="0" />
      <mem type="loa" free="86016" total="86016" percent="100" />
    </mem>
  </mem-info>
</gc-start>
<allocation-stats totalBytes="4179200" >
  <allocated-bytes non-tlh="163880" tlh="4015320" />
  <largest-consumer threadName="Thread-10" threadId="00000000024B8F00" bytes="886376" />
</allocation-stats>
<gc-op id="418" type="mark" timems="1.411" contextid="415" timestamp="2019-08-02T23:42:25.718">
  <trace-info objectcount="40933" scancount="33193" scanbytes="1994812" />
  <finalization candidates="25" enqueued="0" />
  <references type="soft" candidates="65" cleared="0" enqueued="0" dynamicThreshold="16" maxThreshold="32" />
  <references type="weak" candidates="280" cleared="0" enqueued="0" />
  <references type="phantom" candidates="100" cleared="0" enqueued="0" />
  <stringconstants candidates="3944" cleared="0"  />
</gc-op>
<gc-op id="419" type="sweep" timems="0.133" contextid="415" timestamp="2019-08-02T23:42:25.719" />
<gc-end id="420" type="global" contextid="415" durationms="2.295" usertimems="8.000" systemtimems="0.000" timestamp="2019-08-02T23:42:25.719" activeThreads="2">
  <mem-info id="421" free="4237656" total="8650752" percent="48">
    <mem type="tenure" free="4237656" total="8650752" percent="48" micro-fragmented="45924">
      <mem type="soa" free="4151696" total="8564736" percent="48" />
      <mem type="loa" free="85960" total="86016" percent="99" />
    </mem>
  </mem-info>
</gc-end>
<cycle-end id="422" type="global" contextid="415" timestamp="2019-08-02T23:42:25.719" />
  <attribute name="elasticGC enabled" value="1" />
  <attribute name= "numThreadsSpecified" value="2" />
  <attribute name="heapSize specified" value="8650752" />
  <attribute name= "numCores" value="8" />
  <attribute name ="GC Interval" value="0" />
  <attribute name ="Control flow" value="1" />
  <attribute name="GC Util Range Max" value="97" />
  <attribute name="Current GC Util" value="0" />
  <attribute name= "Current Time Running" value="1736" />
<allocation-satisfied id="423" threadId="00000000024B1700" bytesRequested="48" />
<af-end id="424" timestamp="2019-08-02T23:42:25.720" threadId="00000000024B2088" success="true" />
<exclusive-end id="425" timestamp="2019-08-02T23:42:25.720" durationms="3.071" />

<concurrent-kickoff id="426" timestamp="2019-08-02T23:42:25.771">
  <kickoff reason="threshold reached" targetBytes="2206681" thresholdFreeBytes="304601" remainingFree="300928" tenureFreeBytes="300928" />
</concurrent-kickoff>
<exclusive-start id="427" timestamp="2019-08-02T23:42:25.771" intervalms="54.437">
  <response-info timems="0.097" idlems="0.054" threads="1" lastid="00000000024A6300" lastname="Thread-5" />
</exclusive-start>
<cycle-start id="428" type="global" contextid="0" timestamp="2019-08-02T23:42:25.771" intervalms="54.304" />
<exclusive-end id="429" timestamp="2019-08-02T23:42:25.771" durationms="0.156" />

<exclusive-start id="430" timestamp="2019-08-02T23:42:25.773" intervalms="1.615">
  <response-info timems="0.037" idlems="0.037" threads="0" lastid="00000000024A2800" lastname="Thread-4" />
</exclusive-start>
<af-start id="431" threadId="00000000024A3188" totalBytesRequested="1032" timestamp="2019-08-02T23:42:25.773" intervalms="56.097" />
<gc-start id="432" type="global" contextid="428" timestamp="2019-08-02T23:42:25.773">
  <mem-info id="433" free="86016" total="8650752" percent="0">
    <mem type="tenure" free="86016" total="8650752" percent="0">
      <mem type="soa" free="0" total="8564736" percent="0" />
      <mem type="loa" free="86016" total="86016" percent="100" />
    </mem>
  </mem-info>
</gc-start>
<allocation-stats totalBytes="4197664" >
  <allocated-bytes non-tlh="797096" tlh="3400568" />
  <largest-consumer threadName="Thread-5" threadId="00000000024A6300" bytes="1139856" />
</allocation-stats>
<concurrent-halted id="434" timestamp="2019-08-02T23:42:25.773">
  <halted state="Class scanning incomplete" status="clean trace" />
  <traced bytesTarget="2206681" bytesTotal="968404" bytesByMutator="399124" bytesByHelper="569280" percent="43" />
  <cards cleaned="85" thresholdBytes="119994" />
</concurrent-halted>
<gc-op id="435" type="tracing" timems="0.105" contextid="428" timestamp="2019-08-02T23:42:25.773">
  <trace bytesTraced="53196" workStackOverflowCount="0" />
</gc-op>
<gc-op id="436" type="card-cleaning" timems="0.147" contextid="428" timestamp="2019-08-02T23:42:25.773">
  <card-cleaning cardsCleaned="53" bytesTraced="355824" workStackOverflowCount="0" />
</gc-op>
<gc-op id="437" type="mark" timems="0.933" contextid="428" timestamp="2019-08-02T23:42:25.774">
  <trace-info objectcount="10597" scancount="9910" scanbytes="817572" />
  <finalization candidates="25" enqueued="0" />
  <references type="soft" candidates="65" cleared="0" enqueued="0" dynamicThreshold="15" maxThreshold="32" />
  <references type="weak" candidates="280" cleared="0" enqueued="0" />
  <references type="phantom" candidates="102" cleared="0" enqueued="0" />
  <stringconstants candidates="3944" cleared="0"  />
</gc-op>
<gc-op id="438" type="sweep" timems="0.191" contextid="428" timestamp="2019-08-02T23:42:25.775" />
<gc-end id="439" type="global" contextid="428" durationms="2.356" usertimems="0.000" systemtimems="4.000" timestamp="2019-08-02T23:42:25.775" activeThreads="3">
  <mem-info id="440" free="4071744" total="8650752" percent="47">
    <mem type="tenure" free="4071744" total="8650752" percent="47" micro-fragmented="17945">
      <mem type="soa" free="3985768" total="8564736" percent="46" />
      <mem type="loa" free="85976" total="86016" percent="99" />
    </mem>
  </mem-info>
</gc-end>
<cycle-end id="441" type="global" contextid="428" timestamp="2019-08-02T23:42:25.775" />
  <attribute name="elasticGC enabled" value="1" />
  <attribute name= "numThreadsSpecified" value="3" />
  <attribute name="heapSize specified" value="8650752" />
  <attribute name= "numCores" value="8" />
  <attribute name ="GC Interval" value="0" />
  <attribute name ="Control flow" value="1" />
  <attribute name="GC Util Range Max" value="97" />
  <attribute name="Current GC Util" value="60" />
  <attribute name= "Current Time Running" value="1792" />
<allocation-satisfied id="442" threadId="00000000024A2800" bytesRequested="1032" />
<af-end id="443" timestamp="2019-08-02T23:42:25.776" threadId="00000000024A3188" success="true" />
<exclusive-end id="444" timestamp="2019-08-02T23:42:25.776" durationms="2.992" />

<concurrent-kickoff id="445" timestamp="2019-08-02T23:42:25.832">
  <kickoff reason="threshold reached" targetBytes="1377424" thresholdFreeBytes="191373" remainingFree="175832" tenureFreeBytes="175832" />
</concurrent-kickoff>
<exclusive-start id="446" timestamp="2019-08-02T23:42:25.832" intervalms="59.362">
  <response-info timems="0.052" idlems="0.052" threads="0" lastid="00000000024B1700" lastname="Thread-8" />
</exclusive-start>
<cycle-start id="447" type="global" contextid="0" timestamp="2019-08-02T23:42:25.832" intervalms="61.022" />
<exclusive-end id="448" timestamp="2019-08-02T23:42:25.832" durationms="0.198" />

<exclusive-start id="449" timestamp="2019-08-02T23:42:25.832" intervalms="0.356">
  <response-info timems="0.048" idlems="0.048" threads="0" lastid="00000000024B1700" lastname="Thread-8" />
</exclusive-start>
<af-start id="450" threadId="00000000024B2088" totalBytesRequested="16392" timestamp="2019-08-02T23:42:25.832" intervalms="59.677" />
<concurrent-aborted id="451" timestamp="2019-08-02T23:42:25.833">
  <reason value="insufficient progress made" />
</concurrent-aborted>
<cycle-end id="452" type="global" contextid="447" timestamp="2019-08-02T23:42:25.833" />
  <attribute name="elasticGC enabled" value="1" />
  <attribute name= "numThreadsSpecified" value="4" />
  <attribute name="heapSize specified" value="8650752" />
  <attribute name= "numCores" value="8" />
  <attribute name ="GC Interval" value="0" />
  <attribute name ="Control flow" value="1" />
  <attribute name="GC Util Range Max" value="97" />
  <attribute name="Current GC Util" value="3" />
  <attribute name= "Current Time Running" value="1850" />
<cycle-start id="453" type="global" contextid="0" timestamp="2019-08-02T23:42:25.833" intervalms="0.530" />
<gc-start id="454" type="global" contextid="453" timestamp="2019-08-02T23:42:25.833">
  <mem-info id="455" free="152760" total="8650752" percent="1">
    <mem type="tenure" free="152760" total="8650752" percent="1">
      <mem type="soa" free="66744" total="8564736" percent="0" />
      <mem type="loa" free="86016" total="86016" percent="100" />
    </mem>
  </mem-info>
</gc-start>
<allocation-stats totalBytes="3961976" >
  <allocated-bytes non-tlh="567608" tlh="3394368" />
  <largest-consumer threadName="Thread-5" threadId="00000000024A6300" bytes="975136" />
</allocation-stats>
<gc-op id="456" type="mark" timems="1.571" contextid="453" timestamp="2019-08-02T23:42:25.834">
  <trace-info objectcount="41009" scancount="33224" scanbytes="1979544" />
  <finalization candidates="25" enqueued="0" />
  <references type="soft" candidates="65" cleared="0" enqueued="0" dynamicThreshold="15" maxThreshold="32" />
  <references type="weak" candidates="281" cleared="0" enqueued="0" />
  <references type="phantom" candidates="101" cleared="0" enqueued="0" />
  <stringconstants candidates="3944" cleared="0"  />
</gc-op>
<gc-op id="457" type="sweep" timems="0.163" contextid="453" timestamp="2019-08-02T23:42:25.835" />
<gc-end id="458" type="global" contextid="453" durationms="2.442" usertimems="4.000" systemtimems="0.000" timestamp="2019-08-02T23:42:25.835" activeThreads="4">
  <mem-info id="459" free="4151904" total="8650752" percent="47">
    <mem type="tenure" free="4151904" total="8650752" percent="47" micro-fragmented="16759">
      <mem type="soa" free="4065920" total="8564736" percent="47" />
      <mem type="loa" free="85984" total="86016" percent="99" />
    </mem>
  </mem-info>
</gc-end>
<cycle-end id="460" type="global" contextid="453" timestamp="2019-08-02T23:42:25.835" />
  <attribute name="elasticGC enabled" value="1" />
  <attribute name= "numThreadsSpecified" value="4" />
  <attribute name="heapSize specified" value="8650752" />
  <attribute name= "numCores" value="8" />
  <attribute name ="GC Interval" value="0" />
  <attribute name ="Control flow" value="1" />
  <attribute name="GC Util Range Max" value="97" />
  <attribute name="Current GC Util" value="14" />
  <attribute name= "Current Time Running" value="1852" />
<allocation-satisfied id="461" threadId="00000000024B1700" bytesRequested="16392" />
<af-end id="462" timestamp="2019-08-02T23:42:25.836" threadId="00000000024B2088" success="true" />
<exclusive-end id="463" timestamp="2019-08-02T23:42:25.836" durationms="3.403" />

<concurrent-kickoff id="464" timestamp="2019-08-02T23:42:25.896">
  <kickoff reason="threshold reached" targetBytes="2019804" thresholdFreeBytes="279024" remainingFree="230984" tenureFreeBytes="230984" />
</concurrent-kickoff>
<exclusive-start id="465" timestamp="2019-08-02T23:42:25.897" intervalms="64.479">
  <response-info timems="0.268" idlems="0.235" threads="1" lastid="0000000002166200" lastname="JIT Compilation Thread-1" />
</exclusive-start>
<cycle-start id="466" type="global" contextid="0" timestamp="2019-08-02T23:42:25.897" intervalms="64.216" />
<exclusive-end id="467" timestamp="2019-08-02T23:42:25.897" durationms="0.111" />

<exclusive-start id="468" timestamp="2019-08-02T23:42:25.901" intervalms="4.228">
  <response-info timems="0.130" idlems="0.130" threads="0" lastid="00000000024B1700" lastname="Thread-8" />
</exclusive-start>
<af-start id="469" threadId="00000000024B2088" totalBytesRequested="32776" timestamp="2019-08-02T23:42:25.901" intervalms="68.717" />
<concurrent-aborted id="470" timestamp="2019-08-02T23:42:25.901">
  <reason value="insufficient progress made" />
</concurrent-aborted>
<cycle-end id="471" type="global" contextid="466" timestamp="2019-08-02T23:42:25.901" />
  <attribute name="elasticGC enabled" value="1" />
  <attribute name= "numThreadsSpecified" value="5" />
  <attribute name="heapSize specified" value="8650752" />
  <attribute name= "numCores" value="8" />
  <attribute name ="GC Interval" value="0" />
  <attribute name ="Control flow" value="1" />
  <attribute name="GC Util Range Max" value="97" />
  <attribute name="Current GC Util" value="4" />
  <attribute name= "Current Time Running" value="1918" />
<cycle-start id="472" type="global" contextid="0" timestamp="2019-08-02T23:42:25.901" intervalms="4.523" />
<gc-start id="473" type="global" contextid="472" timestamp="2019-08-02T23:42:25.902">
  <mem-info id="474" free="86016" total="8650752" percent="0">
    <mem type="tenure" free="86016" total="8650752" percent="0">
      <mem type="soa" free="0" total="8564736" percent="0" />
      <mem type="loa" free="86016" total="86016" percent="100" />
    </mem>
  </mem-info>
</gc-start>
<allocation-stats totalBytes="4119568" >
  <allocated-bytes non-tlh="843096" tlh="3276472" />
  <largest-consumer threadName="Thread-7" threadId="00000000024ADB00" bytes="956112" />
</allocation-stats>
<gc-op id="475" type="mark" timems="1.265" contextid="472" timestamp="2019-08-02T23:42:25.903">
  <trace-info objectcount="40939" scancount="33162" scanbytes="1961088" />
  <finalization candidates="25" enqueued="0" />
  <references type="soft" candidates="65" cleared="0" enqueued="0" dynamicThreshold="15" maxThreshold="32" />
  <references type="weak" candidates="281" cleared="0" enqueued="0" />
  <references type="phantom" candidates="101" cleared="0" enqueued="0" />
  <stringconstants candidates="3944" cleared="0"  />
</gc-op>
<gc-op id="476" type="sweep" timems="0.164" contextid="472" timestamp="2019-08-02T23:42:25.903" />
<gc-end id="477" type="global" contextid="472" durationms="2.095" usertimems="4.000" systemtimems="0.000" timestamp="2019-08-02T23:42:25.904" activeThreads="5">
  <mem-info id="478" free="4308088" total="8650752" percent="49">
    <mem type="tenure" free="4308088" total="8650752" percent="49" micro-fragmented="53519">
      <mem type="soa" free="4222096" total="8564736" percent="49" />
      <mem type="loa" free="85992" total="86016" percent="99" />
    </mem>
  </mem-info>
</gc-end>
<cycle-end id="479" type="global" contextid="472" timestamp="2019-08-02T23:42:25.904" />
  <attribute name="elasticGC enabled" value="1" />
  <attribute name= "numThreadsSpecified" value="5" />
  <attribute name="heapSize specified" value="8650752" />
  <attribute name= "numCores" value="8" />
  <attribute name ="GC Interval" value="0" />
  <attribute name ="Control flow" value="1" />
  <attribute name="GC Util Range Max" value="97" />
  <attribute name="Current GC Util" value="66" />
  <attribute name= "Current Time Running" value="1920" />
<allocation-satisfied id="480" threadId="00000000024B1700" bytesRequested="32776" />
<af-end id="481" timestamp="2019-08-02T23:42:25.904" threadId="00000000024B2088" success="true" />
<exclusive-end id="482" timestamp="2019-08-02T23:42:25.904" durationms="2.966" />

<concurrent-kickoff id="483" timestamp="2019-08-02T23:42:25.967">
  <kickoff reason="threshold reached" targetBytes="2019804" thresholdFreeBytes="279024" remainingFree="231320" tenureFreeBytes="231320" />
</concurrent-kickoff>
<exclusive-start id="484" timestamp="2019-08-02T23:42:25.967" intervalms="66.333">
  <response-info timems="0.062" idlems="0.062" threads="0" lastid="00000000024A9F00" lastname="Thread-6" />
</exclusive-start>
<cycle-start id="485" type="global" contextid="0" timestamp="2019-08-02T23:42:25.967" intervalms="66.040" />
<exclusive-end id="486" timestamp="2019-08-02T23:42:25.968" durationms="0.156" />

<exclusive-start id="487" timestamp="2019-08-02T23:42:25.978" intervalms="10.400">
  <response-info timems="0.051" idlems="0.051" threads="0" lastid="000000000215EA00" lastname="main" />
</exclusive-start>
<concurrent-collection-start id="488" timestamp="2019-08-02T23:42:25.978" intervalms="2518.846" >
  <concurrent-trace-info reason="card cleaning threshold reached" tracedByMutators="46532" tracedByHelpers="761108" cardsCleaned="61" workStackOverflowCount="0" />
</concurrent-collection-start>
<gc-start id="489" type="global" contextid="485" timestamp="2019-08-02T23:42:25.978">
  <mem-info id="490" free="104920" total="8650752" percent="1">
    <mem type="tenure" free="104920" total="8650752" percent="1">
      <mem type="soa" free="18904" total="8564736" percent="0" />
      <mem type="loa" free="86016" total="86016" percent="100" />
    </mem>
  </mem-info>
</gc-start>
<allocation-stats totalBytes="4135640" >
  <allocated-bytes non-tlh="740904" tlh="3394736" />
  <largest-consumer threadName="main" threadId="000000000215EA00" bytes="141336" />
</allocation-stats>
<gc-op id="491" type="card-cleaning" timems="0.112" contextid="485" timestamp="2019-08-02T23:42:25.978">
  <card-cleaning cardsCleaned="15" bytesTraced="40492" workStackOverflowCount="0" />
</gc-op>
<gc-op id="492" type="mark" timems="0.717" contextid="485" timestamp="2019-08-02T23:42:25.979">
  <trace-info objectcount="7660" scancount="7279" scanbytes="425800" />
  <finalization candidates="25" enqueued="0" />
  <references type="soft" candidates="58" cleared="0" enqueued="0" dynamicThreshold="15" maxThreshold="32" />
  <references type="weak" candidates="270" cleared="14" enqueued="14" />
  <references type="phantom" candidates="100" cleared="12" enqueued="12" />
  <stringconstants candidates="4083" cleared="25"  />
</gc-op>
<gc-op id="493" type="sweep" timems="0.177" contextid="485" timestamp="2019-08-02T23:42:25.979" />
<gc-end id="494" type="global" contextid="485" durationms="1.618" usertimems="4.000" systemtimems="0.000" timestamp="2019-08-02T23:42:25.980" activeThreads="6">
  <mem-info id="495" free="4210000" total="8650752" percent="48">
    <mem type="tenure" free="4210000" total="8650752" percent="48" micro-fragmented="0">
      <mem type="soa" free="4124000" total="8564736" percent="48" />
      <mem type="loa" free="86000" total="86016" percent="99" />
    </mem>
    <pending-finalizers system="0" default="0" reference="26" classloader="0" />
  </mem-info>
</gc-end>
<cycle-end id="496" type="global" contextid="485" timestamp="2019-08-02T23:42:25.980" />
  <attribute name="elasticGC enabled" value="1" />
  <attribute name= "numThreadsSpecified" value="6" />
  <attribute name="heapSize specified" value="8650752" />
  <attribute name= "numCores" value="8" />
  <attribute name ="GC Interval" value="0" />
  <attribute name ="Control flow" value="1" />
  <attribute name="GC Util Range Max" value="97" />
  <attribute name="Current GC Util" value="65" />
  <attribute name= "Current Time Running" value="1996" />
<concurrent-collection-end id="497" timestamp="2019-08-02T23:42:25.980" />
<exclusive-end id="498" timestamp="2019-08-02T23:42:25.980" durationms="2.067" />

</verbosegc>

