
<?xml version="1.0" ?>

<verbosegc xmlns="http://www.ibm.com/j9/verbosegc" version="10b4217_CMPRSS">

<gc check installed>
<initialized id="1" timestamp="2019-08-10T05:49:52.258">
  <attribute name="gcPolicy" value="-Xgcpolicy:optavgpause" />
  <attribute name="elasticGC enabled" value="1" />
  <attribute name= "numThreadsSpecified" value="0" />
  <attribute name="heapSize specified" value="0" />
  <attribute name="Current GC Util" value="0" />
  <attribute name= "Current Time Running" value="0" />
  <attribute name ="GC Interval" value="0" />
  <attribute name="ProportionalT" value="0.000000" />
  <attribute name="ProportionalI" value="0.000000" />
  <attribute name="ProportionalH" value="0.000000" />
  <attribute name="IntegralT" value="0.000000" />
  <attribute name="IntegralI" value="0.000000" />
  <attribute name="IntegralH" value="0.000000" />
  <attribute name="DerivativeT" value="0.000000" />
  <attribute name="DerivativeI" value="0.000000" />
  <attribute name="DerivativeH" value="0.000000" />
  <attribute name="Target GC Util Change" value ="0.000000" />
  <attribute name="Current GC Util Change" value="0.000000"/>
  <attribute name="Current Error" value="0.000000" />
  <attribute name="Loop Time for DT" value="0.000000" />
  <attribute name="Output H" value="0"/>
  <attribute name="Output I" value="0"/>
  <attribute name="Output T" value="0"/>
  <attribute name="GC Util currently" value="0" />
  <attribute name="CPU Util currently" value="0" />
  <attribute name="maxHeapSize" value="0xfa900000" />
  <attribute name="initialHeapSize" value="0x800000" />
  <attribute name="compressedRefs" value="true" />
  <attribute name="compressedRefsDisplacement" value="0x0" />
  <attribute name="compressedRefsShift" value="0x3" />
  <attribute name="pageSize" value="0x1000" />
  <attribute name="pageType" value="not used" />
  <attribute name="requestedPageSize" value="0x1000" />
  <attribute name="requestedPageType" value="not used" />
  <attribute name="gcthreads" value="16" />
  <attribute name="packetListSplit" value="16" />
  <attribute name="cacheListSplit" value="16" />
  <attribute name="splitFreeListSplitAmount" value="2" />
  <attribute name="numaNodes" value="0" />
  <system>
    <attribute name="physicalMemory" value="16815001600" />
    <attribute name="numCPUs" value="16" />
    <attribute name="architecture" value="amd64" />
    <attribute name="os" value="Linux" />
    <attribute name="osVersion" value="4.15.0" />
  </system>
  <vmargs>
    <vmarg name="-Xoptionsfile=/jdk/lib/options.default" />
    <vmarg name="-Xlockword:mode=default,noLockword=java/lang/String,noLockword=java/util/MapEntry,noLockword=java/util/HashMap$Entry,noLockword..." />
    <vmarg name="-Xjcl:jclse29" />
    <vmarg name="-Dcom.ibm.oti.vm.bootstrap.library.path=/jdk/lib/compressedrefs:/jdk/lib" />
    <vmarg name="-Dsun.boot.library.path=/jdk/lib/compressedrefs:/jdk/lib" />
    <vmarg name="-Djava.library.path=/jdk/lib/compressedrefs:/jdk/lib:/usr/lib64:/usr/lib" />
    <vmarg name="-Djava.home=/jdk" />
    <vmarg name="-Duser.dir=/" />
    <vmarg name="-Xgcelastic" />
    <vmarg name="-Xcheck:gc:::elasticGC" />
    <vmarg name="-Xgcpolicy:optavgpause" />
    <vmarg name="-verbose:gc" />
    <vmarg name="-Djava.class.path=dacapo-9.12-MR1-bach.jar" />
    <vmarg name="-Dsun.java.command=dacapo-9.12-MR1-bach.jar avrora jython pmd sunflow xalan --size=large" />
    <vmarg name="-Dsun.java.launcher=SUN_STANDARD" />
    <vmarg name="-Dsun.java.launcher.pid=1" />
  </vmargs>
</initialized>

<exclusive-start id="2" timestamp="2019-08-10T05:49:52.537" intervalms="279.335">
  <response-info timems="0.016" idlems="0.016" threads="0" lastid="00000000017A7F00" lastname="main" />
</exclusive-start>
<sys-start reason="explicit" id="3" timestamp="2019-08-10T05:49:52.537" intervalms="279.693" />
<cycle-start id="4" type="global" contextid="0" timestamp="2019-08-10T05:49:52.537" intervalms="279.706" />
<gc-start id="5" type="global" contextid="4" timestamp="2019-08-10T05:49:52.537">
  <mem-info id="6" free="2317448" total="8388608" percent="27">
    <mem type="tenure" free="2317448" total="8388608" percent="27">
      <mem type="soa" free="1898632" total="7969792" percent="23" />
      <mem type="loa" free="418816" total="418816" percent="100" />
    </mem>
  </mem-info>
</gc-start>
<allocation-stats totalBytes="6061272" >
  <allocated-bytes non-tlh="455544" tlh="5605728" />
  <largest-consumer threadName="main" threadId="00000000017A7F00" bytes="5976752" />
</allocation-stats>
<gc-op id="7" type="mark" timems="15.693" contextid="4" timestamp="2019-08-10T05:49:52.553">
  <trace-info objectcount="17937" scancount="14823" scanbytes="467780" />
  <finalization candidates="14" enqueued="1" />
  <references type="soft" candidates="66" cleared="0" enqueued="0" dynamicThreshold="32" maxThreshold="32" />
  <references type="weak" candidates="553" cleared="411" enqueued="372" />
  <references type="phantom" candidates="99" cleared="41" enqueued="41" />
  <stringconstants candidates="2455" cleared="0"  />
</gc-op>
<gc-op id="8" type="classunload" timems="0.001" contextid="4" timestamp="2019-08-10T05:49:52.553">
  <classunload-info classloadercandidates="6" classloadersunloaded="0" classesunloaded="0" anonymousclassesunloaded="0" quiescems="0.000" setupms="0.001" scanms="0.000" postms="0.000" />
</gc-op>
<gc-op id="9" type="sweep" timems="0.924" contextid="4" timestamp="2019-08-10T05:49:52.554" />
<mem-info id="10" free="7122456" total="8388608" percent="84">
  <mem type="tenure" free="7122456" total="8388608" percent="84" micro-fragmented="196958">
    <mem type="soa" free="6703640" total="7969792" percent="84" />
    <mem type="loa" free="418816" total="418816" percent="100" />
  </mem>
  <pending-finalizers system="1" default="0" reference="413" classloader="0" />
</mem-info>
<gc-op id="11" type="compact" timems="7.267" contextid="4" timestamp="2019-08-10T05:49:52.561">
  <compact-info movecount="17936" movebytes="1027152" reason="compact to aid heap contraction" />
</gc-op>
<heap-resize id="12" type="expand" space="tenure" amount="4195287040" count="1" timems="0.303" reason="satisfy allocation request" timestamp="2019-08-10T05:49:52.562" />
<gc-end id="13" type="global" contextid="4" durationms="24.589" usertimems="21.928" systemtimems="10.214" timestamp="2019-08-10T05:49:52.562" activeThreads="16">
  <mem-info id="14" free="4202648408" total="4203675648" percent="99">
    <mem type="tenure" free="4202648408" total="4203675648" percent="99">
      <mem type="soa" free="3992465240" total="3993492480" percent="99" />
      <mem type="loa" free="210183168" total="210183168" percent="100" />
    </mem>
    <pending-finalizers system="1" default="0" reference="413" classloader="0" />
  </mem-info>
</gc-end>
<cycle-end id="15" type="global" contextid="4" timestamp="2019-08-10T05:49:52.562" />
  <attribute name="elasticGC enabled" value="1" />
  <attribute name= "numThreadsSpecified" value="16" />
  <attribute name="heapSize specified" value="8388608" />
  <attribute name="Current GC Util" value="102" />
  <attribute name= "Current Time Running" value="209" />
  <attribute name ="GC Interval" value="0" />
  <attribute name="ProportionalT" value="11.000000" />
  <attribute name="ProportionalI" value="11.000000" />
  <attribute name="ProportionalH" value="11.000000" />
  <attribute name="Current Error" value="22.000000" />
  <attribute name="IntegralT" value="-7129.000000" />
  <attribute name="IntegralI" value="-7129.000000" />
  <attribute name="IntegralH" value="-7129.000000" />
  <attribute name="DerivativeT" value="3.142857" />
  <attribute name="DerivativeI" value="3.142857" />
  <attribute name="DerivativeH" value="3.142857" />
  <attribute name="Loop Time for DT" value="7.000000" />
  <attribute name="Output H" value="4203675648"/>
  <attribute name="Output I" value="200"/>
  <attribute name="Output T" value="16"/>
  <attribute name="Target GC Util Change" value ="80.000000" />
  <attribute name="Current GC Util Change" value="102.000000"/>
  <attribute name="GC Util currently" value="102" />
  <attribute name="CPU Util currently" value="4" />
<sys-end id="16" timestamp="2019-08-10T05:49:52.562" />
<exclusive-end id="17" timestamp="2019-08-10T05:49:52.562" durationms="25.045" />

===== DaCapo 9.12-MR1 avrora starting =====
===== DaCapo 9.12-MR1 avrora PASSED in 121175 msec =====
WARNING: An illegal reflective access operation has occurred
WARNING: Illegal reflective access by com.google.common.base.internal.Finalizer (file:/./scratch/jar/guava-r07.jar) to field java.lang.Thread.inheritableThreadLocals
WARNING: Please consider reporting this to the maintainers of com.google.common.base.internal.Finalizer
WARNING: Use --illegal-access=warn to enable warnings of further illegal reflective access operations
WARNING: All illegal access operations will be denied in a future release
<exclusive-start id="18" timestamp="2019-08-10T05:51:56.639" intervalms="124101.691">
  <response-info timems="0.014" idlems="0.014" threads="0" lastid="00000000017A7F00" lastname="main" />
</exclusive-start>
<sys-start reason="explicit" id="19" timestamp="2019-08-10T05:51:56.639" intervalms="124101.395" />
<cycle-start id="20" type="global" contextid="0" timestamp="2019-08-10T05:51:56.639" intervalms="124101.399" />
<gc-start id="21" type="global" contextid="20" timestamp="2019-08-10T05:51:56.639">
  <mem-info id="22" free="3895185192" total="4203675648" percent="92">
    <mem type="tenure" free="3895185192" total="4203675648" percent="92">
      <mem type="soa" free="3685002024" total="3993492480" percent="92" />
      <mem type="loa" free="210183168" total="210183168" percent="100" />
    </mem>
  </mem-info>
</gc-start>
<allocation-stats totalBytes="307311104" >
  <allocated-bytes non-tlh="3769392" tlh="303541712" />
  <largest-consumer threadName="main" threadId="00000000017A7F00" bytes="87140384" />
</allocation-stats>
<gc-op id="23" type="mark" timems="21.567" contextid="20" timestamp="2019-08-10T05:51:56.660">
  <trace-info objectcount="76700" scancount="63866" scanbytes="2130824" />
  <finalization candidates="82" enqueued="2" />
  <ownableSynchronizers candidates="21" cleared="0" />
  <references type="soft" candidates="1641" cleared="0" enqueued="0" dynamicThreshold="31" maxThreshold="32" />
  <references type="weak" candidates="5250" cleared="744" enqueued="580" />
  <references type="phantom" candidates="135" cleared="37" enqueued="37" />
  <stringconstants candidates="10077" cleared="1394"  />
</gc-op>
<gc-op id="24" type="classunload" timems="4.805" contextid="20" timestamp="2019-08-10T05:51:56.665">
  <classunload-info classloadercandidates="18" classloadersunloaded="2" classesunloaded="509" anonymousclassesunloaded="0" quiescems="0.000" setupms="1.666" scanms="3.136" postms="0.003" />
</gc-op>
<gc-op id="25" type="sweep" timems="71.111" contextid="20" timestamp="2019-08-10T05:51:56.736" />
<mem-info id="26" free="4197992216" total="4203675648" percent="99">
  <mem type="tenure" free="4197992216" total="4203675648" percent="99" micro-fragmented="628814">
    <mem type="soa" free="3987809048" total="3993492480" percent="99" />
    <mem type="loa" free="210183168" total="210183168" percent="100" />
  </mem>
  <pending-finalizers system="2" default="0" reference="617" classloader="0" />
</mem-info>
<gc-op id="27" type="compact" timems="29.226" contextid="20" timestamp="2019-08-10T05:51:56.766">
  <compact-info movecount="76026" movebytes="4670152" reason="compact to aid heap contraction" />
</gc-op>
<gc-end id="28" type="global" contextid="20" durationms="127.604" usertimems="232.050" systemtimems="0.000" timestamp="2019-08-10T05:51:56.766" activeThreads="16">
  <mem-info id="29" free="4198986752" total="4203675648" percent="99">
    <mem type="tenure" free="4198986752" total="4203675648" percent="99">
      <mem type="soa" free="3988803584" total="3993492480" percent="99" />
      <mem type="loa" free="210183168" total="210183168" percent="100" />
    </mem>
    <pending-finalizers system="2" default="0" reference="617" classloader="0" />
  </mem-info>
</gc-end>
<cycle-end id="30" type="global" contextid="20" timestamp="2019-08-10T05:51:56.767" />
  <attribute name="elasticGC enabled" value="1" />
  <attribute name= "numThreadsSpecified" value="16" />
  <attribute name="heapSize specified" value="-91291648" />
  <attribute name="Current GC Util" value="252" />
  <attribute name= "Current Time Running" value="124413" />
  <attribute name ="GC Interval" value="0" />
  <attribute name="ProportionalT" value="86.000000" />
  <attribute name="ProportionalI" value="86.000000" />
  <attribute name="ProportionalH" value="86.000000" />
  <attribute name="Current Error" value="172.000000" />
  <attribute name="IntegralT" value="2494.000000" />
  <attribute name="IntegralI" value="2494.000000" />
  <attribute name="IntegralH" value="2494.000000" />
  <attribute name="DerivativeT" value="5.931034" />
  <attribute name="DerivativeI" value="5.931034" />
  <attribute name="DerivativeH" value="5.931034" />
  <attribute name="Loop Time for DT" value="29.000000" />
  <attribute name="Output H" value="8388608"/>
  <attribute name="Output I" value="2592"/>
  <attribute name="Output T" value="16"/>
  <attribute name="Target GC Util Change" value ="80.000000" />
  <attribute name="Current GC Util Change" value="252.000000"/>
  <attribute name="GC Util currently" value="252" />
  <attribute name="CPU Util currently" value="39414400396" />
<sys-end id="31" timestamp="2019-08-10T05:51:56.768" />
<exclusive-end id="32" timestamp="2019-08-10T05:51:56.768" durationms="128.806" />

===== DaCapo 9.12-MR1 jython starting =====
-------------------------------------------------------------------------------
PYBENCH 2.0
-------------------------------------------------------------------------------
* using Python 2.5.2
* system check interval set to maximum: 2147483647
* using timer: time.time

Calibrating tests. Please wait...

Running 4 round(s) of the suite at warp factor 10:

* Round 1 done in 17.317 seconds.
<exclusive-start id="33" timestamp="2019-08-10T05:52:17.561" intervalms="20922.539">
  <response-info timems="0.015" idlems="0.015" threads="0" lastid="00000000017A7F00" lastname="main" />
</exclusive-start>
<af-start id="34" threadId="00000000017A8888" totalBytesRequested="1168" timestamp="2019-08-10T05:52:17.561" intervalms="145303.615" />
<cycle-start id="35" type="global" contextid="0" timestamp="2019-08-10T05:52:17.561" intervalms="20922.524" />
<gc-start id="36" type="global" contextid="35" timestamp="2019-08-10T05:52:17.561">
  <mem-info id="37" free="210183168" total="4203675648" percent="4">
    <mem type="tenure" free="210183168" total="4203675648" percent="4">
      <mem type="soa" free="0" total="3993492480" percent="0" />
      <mem type="loa" free="210183168" total="210183168" percent="100" />
    </mem>
  </mem-info>
</gc-start>
<allocation-stats totalBytes="3984103032" >
  <allocated-bytes non-tlh="14326064" tlh="3969776968" />
  <largest-consumer threadName="main" threadId="00000000017A7F00" bytes="3984074696" />
</allocation-stats>
<gc-op id="38" type="mark" timems="21.652" contextid="35" timestamp="2019-08-10T05:52:17.583">
  <trace-info objectcount="610616" scancount="530573" scanbytes="13694124" />
  <finalization candidates="85" enqueued="5" />
  <ownableSynchronizers candidates="21" cleared="0" />
  <references type="soft" candidates="4868" cleared="0" enqueued="0" dynamicThreshold="31" maxThreshold="32" />
  <references type="weak" candidates="5793" cleared="81" enqueued="72" />
  <references type="phantom" candidates="100" cleared="2" enqueued="2" />
  <stringconstants candidates="13868" cleared="24"  />
</gc-op>
<gc-op id="39" type="classunload" timems="0.540" contextid="35" timestamp="2019-08-10T05:52:17.584">
  <classunload-info classloadercandidates="59" classloadersunloaded="3" classesunloaded="3" anonymousclassesunloaded="0" quiescems="0.000" setupms="0.514" scanms="0.020" postms="0.006" />
</gc-op>
<gc-op id="40" type="sweep" timems="574.822" contextid="35" timestamp="2019-08-10T05:52:18.159" />
<mem-info id="41" free="4173961320" total="4203675648" percent="99">
  <mem type="tenure" free="4173961320" total="4203675648" percent="99" micro-fragmented="1687694">
    <mem type="soa" free="3963778152" total="3993492480" percent="99" />
    <mem type="loa" free="210183168" total="210183168" percent="100" />
  </mem>
  <pending-finalizers system="0" default="5" reference="74" classloader="0" />
</mem-info>
<gc-op id="42" type="compact" timems="43.663" contextid="35" timestamp="2019-08-10T05:52:18.203">
  <compact-info movecount="607178" movebytes="18202168" reason="compact to aid heap contraction" />
</gc-op>
<gc-end id="43" type="global" contextid="35" durationms="641.952" usertimems="1009.923" systemtimems="0.000" timestamp="2019-08-10T05:52:18.203" activeThreads="16">
  <mem-info id="44" free="4185233176" total="4203675648" percent="99">
    <mem type="tenure" free="4185233176" total="4203675648" percent="99">
      <mem type="soa" free="3975050008" total="3993492480" percent="99" />
      <mem type="loa" free="210183168" total="210183168" percent="100" />
    </mem>
    <pending-finalizers system="0" default="5" reference="74" classloader="0" />
  </mem-info>
</gc-end>
<cycle-end id="45" type="global" contextid="35" timestamp="2019-08-10T05:52:18.204" />
  <attribute name="elasticGC enabled" value="1" />
  <attribute name= "numThreadsSpecified" value="16" />
  <attribute name="heapSize specified" value="-91291648" />
  <attribute name="Current GC Util" value="626" />
  <attribute name= "Current Time Running" value="145850" />
  <attribute name ="GC Interval" value="0" />
  <attribute name="ProportionalT" value="273.000000" />
  <attribute name="ProportionalI" value="273.000000" />
  <attribute name="ProportionalH" value="273.000000" />
  <attribute name="Current Error" value="546.000000" />
  <attribute name="IntegralT" value="11739.000000" />
  <attribute name="IntegralI" value="11739.000000" />
  <attribute name="IntegralH" value="11739.000000" />
  <attribute name="DerivativeT" value="12.697674" />
  <attribute name="DerivativeI" value="12.697674" />
  <attribute name="DerivativeH" value="12.697674" />
  <attribute name="Loop Time for DT" value="43.000000" />
  <attribute name="Output H" value="8388608"/>
  <attribute name="Output I" value="4000"/>
  <attribute name="Output T" value="16"/>
  <attribute name="Target GC Util Change" value ="80.000000" />
  <attribute name="Current GC Util Change" value="626.000000"/>
  <attribute name="GC Util currently" value="626" />
  <attribute name="CPU Util currently" value="26396985028" />
<allocation-satisfied id="46" threadId="00000000017A7F00" bytesRequested="1168" />
<af-end id="47" timestamp="2019-08-10T05:52:18.204" threadId="00000000017A8888" success="true" />
<exclusive-end id="48" timestamp="2019-08-10T05:52:18.204" durationms="642.458" />

* Round 2 done in 2.801 seconds.
<exclusive-start id="49" timestamp="2019-08-10T05:52:20.460" intervalms="2898.575">
  <response-info timems="0.025" idlems="0.025" threads="0" lastid="00000000017A7F00" lastname="main" />
</exclusive-start>
<af-start id="50" threadId="00000000017A8888" totalBytesRequested="112" timestamp="2019-08-10T05:52:20.460" intervalms="2898.578" />
<cycle-start id="51" type="global" contextid="0" timestamp="2019-08-10T05:52:20.460" intervalms="2898.579" />
<gc-start id="52" type="global" contextid="51" timestamp="2019-08-10T05:52:20.460">
  <mem-info id="53" free="210183168" total="4203675648" percent="4">
    <mem type="tenure" free="210183168" total="4203675648" percent="4">
      <mem type="soa" free="0" total="3993492480" percent="0" />
      <mem type="loa" free="210183168" total="210183168" percent="100" />
    </mem>
  </mem-info>
</gc-start>
<allocation-stats totalBytes="3970639368" >
  <allocated-bytes non-tlh="120" tlh="3970639248" />
  <largest-consumer threadName="main" threadId="00000000017A7F00" bytes="3970626960" />
</allocation-stats>
<gc-op id="54" type="mark" timems="14.205" contextid="51" timestamp="2019-08-10T05:52:20.474">
  <trace-info objectcount="610405" scancount="530410" scanbytes="13690312" />
  <finalization candidates="80" enqueued="0" />
  <ownableSynchronizers candidates="21" cleared="0" />
  <references type="soft" candidates="4868" cleared="0" enqueued="0" dynamicThreshold="31" maxThreshold="32" />
  <references type="weak" candidates="5770" cleared="14" enqueued="6" />
  <references type="phantom" candidates="98" cleared="1" enqueued="1" />
  <stringconstants candidates="13846" cleared="0"  />
</gc-op>
<gc-op id="55" type="sweep" timems="628.137" contextid="51" timestamp="2019-08-10T05:52:21.103" />
<mem-info id="56" free="4185310424" total="4203675648" percent="99">
  <mem type="tenure" free="4185310424" total="4203675648" percent="99" micro-fragmented="5910">
    <mem type="soa" free="3975127256" total="3993492480" percent="99" />
    <mem type="loa" free="210183168" total="210183168" percent="100" />
  </mem>
  <pending-finalizers system="0" default="0" reference="7" classloader="0" />
</mem-info>
<gc-op id="57" type="compact" timems="48.068" contextid="51" timestamp="2019-08-10T05:52:21.151">
  <compact-info movecount="538514" movebytes="15203552" reason="compact to aid heap contraction" />
</gc-op>
<gc-end id="58" type="global" contextid="51" durationms="691.457" usertimems="958.126" systemtimems="0.000" timestamp="2019-08-10T05:52:21.151" activeThreads="16">
  <mem-info id="59" free="4185270208" total="4203675648" percent="99">
    <mem type="tenure" free="4185270208" total="4203675648" percent="99">
      <mem type="soa" free="3975087040" total="3993492480" percent="99" />
      <mem type="loa" free="210183168" total="210183168" percent="100" />
    </mem>
    <pending-finalizers system="0" default="0" reference="7" classloader="0" />
  </mem-info>
</gc-end>
<cycle-end id="60" type="global" contextid="51" timestamp="2019-08-10T05:52:21.152" />
  <attribute name="elasticGC enabled" value="1" />
  <attribute name= "numThreadsSpecified" value="16" />
  <attribute name="heapSize specified" value="-91291648" />
  <attribute name="Current GC Util" value="422" />
  <attribute name= "Current Time Running" value="148799" />
  <attribute name ="GC Interval" value="0" />
  <attribute name="ProportionalT" value="171.000000" />
  <attribute name="ProportionalI" value="171.000000" />
  <attribute name="ProportionalH" value="171.000000" />
  <attribute name="Current Error" value="342.000000" />
  <attribute name="IntegralT" value="8379.000000" />
  <attribute name="IntegralI" value="8379.000000" />
  <attribute name="IntegralH" value="8379.000000" />
  <attribute name="DerivativeT" value="6.979592" />
  <attribute name="DerivativeI" value="6.979592" />
  <attribute name="DerivativeH" value="6.979592" />
  <attribute name="Loop Time for DT" value="49.000000" />
  <attribute name="Output H" value="8388608"/>
  <attribute name="Output I" value="4000"/>
  <attribute name="Output T" value="16"/>
  <attribute name="Target GC Util Change" value ="80.000000" />
  <attribute name="Current GC Util Change" value="422.000000"/>
  <attribute name="GC Util currently" value="422" />
  <attribute name="CPU Util currently" value="23968682846" />
<allocation-satisfied id="61" threadId="00000000017A7F00" bytesRequested="112" />
<af-end id="62" timestamp="2019-08-10T05:52:21.152" threadId="00000000017A8888" success="true" />
<exclusive-end id="63" timestamp="2019-08-10T05:52:21.152" durationms="691.758" />

* Round 3 done in 2.788 seconds.
<exclusive-start id="64" timestamp="2019-08-10T05:52:24.218" intervalms="3758.121">
  <response-info timems="0.021" idlems="0.021" threads="0" lastid="00000000017A7F00" lastname="main" />
</exclusive-start>
<af-start id="65" threadId="00000000017A8888" totalBytesRequested="584" timestamp="2019-08-10T05:52:24.218" intervalms="3758.117" />
<cycle-start id="66" type="global" contextid="0" timestamp="2019-08-10T05:52:24.218" intervalms="3758.116" />
<gc-start id="67" type="global" contextid="66" timestamp="2019-08-10T05:52:24.218">
  <mem-info id="68" free="210183168" total="4203675648" percent="4">
    <mem type="tenure" free="210183168" total="4203675648" percent="4">
      <mem type="soa" free="0" total="3993492480" percent="0" />
      <mem type="loa" free="210183168" total="210183168" percent="100" />
    </mem>
  </mem-info>
</gc-start>
<allocation-stats totalBytes="3971514656" >
  <allocated-bytes non-tlh="0" tlh="3971514656" />
  <largest-consumer threadName="main" threadId="00000000017A7F00" bytes="3971514656" />
</allocation-stats>
<gc-op id="69" type="mark" timems="13.645" contextid="66" timestamp="2019-08-10T05:52:24.232">
  <trace-info objectcount="610506" scancount="530522" scanbytes="13693152" />
  <finalization candidates="80" enqueued="0" />
  <ownableSynchronizers candidates="21" cleared="0" />
  <references type="soft" candidates="4868" cleared="0" enqueued="0" dynamicThreshold="31" maxThreshold="32" />
  <references type="weak" candidates="5779" cleared="7" enqueued="3" />
  <references type="phantom" candidates="97" cleared="0" enqueued="0" />
  <stringconstants candidates="13846" cleared="0"  />
</gc-op>
<gc-op id="70" type="sweep" timems="722.965" contextid="66" timestamp="2019-08-10T05:52:24.955" />
<mem-info id="71" free="4185317544" total="4203675648" percent="99">
  <mem type="tenure" free="4185317544" total="4203675648" percent="99" micro-fragmented="10758">
    <mem type="soa" free="3975134376" total="3993492480" percent="99" />
    <mem type="loa" free="210183168" total="210183168" percent="100" />
  </mem>
  <pending-finalizers system="0" default="0" reference="3" classloader="0" />
</mem-info>
<gc-op id="72" type="compact" timems="72.890" contextid="66" timestamp="2019-08-10T05:52:25.028">
  <compact-info movecount="328423" movebytes="9022296" reason="compact to aid heap contraction" />
</gc-op>
<gc-end id="73" type="global" contextid="66" durationms="810.664" usertimems="1159.378" systemtimems="0.000" timestamp="2019-08-10T05:52:25.029" activeThreads="16">
  <mem-info id="74" free="4185266896" total="4203675648" percent="99">
    <mem type="tenure" free="4185266896" total="4203675648" percent="99">
      <mem type="soa" free="3975083728" total="3993492480" percent="99" />
      <mem type="loa" free="210183168" total="210183168" percent="100" />
    </mem>
    <pending-finalizers system="0" default="0" reference="3" classloader="0" />
  </mem-info>
</gc-end>
<cycle-end id="75" type="global" contextid="66" timestamp="2019-08-10T05:52:25.029" />
  <attribute name="elasticGC enabled" value="1" />
  <attribute name= "numThreadsSpecified" value="16" />
  <attribute name="heapSize specified" value="-91291648" />
  <attribute name="Current GC Util" value="421" />
  <attribute name= "Current Time Running" value="152676" />
  <attribute name ="GC Interval" value="0" />
  <attribute name="ProportionalT" value="170.500000" />
  <attribute name="ProportionalI" value="170.500000" />
  <attribute name="ProportionalH" value="170.500000" />
  <attribute name="Current Error" value="341.000000" />
  <attribute name="IntegralT" value="12446.500000" />
  <attribute name="IntegralI" value="12446.500000" />
  <attribute name="IntegralH" value="12446.500000" />
  <attribute name="DerivativeT" value="4.671233" />
  <attribute name="DerivativeI" value="4.671233" />
  <attribute name="DerivativeH" value="4.671233" />
  <attribute name="Loop Time for DT" value="73.000000" />
  <attribute name="Output H" value="8388608"/>
  <attribute name="Output I" value="4000"/>
  <attribute name="Output T" value="16"/>
  <attribute name="Target GC Util Change" value ="80.000000" />
  <attribute name="Current GC Util Change" value="421.000000"/>
  <attribute name="GC Util currently" value="421" />
  <attribute name="CPU Util currently" value="15827378326" />
<allocation-satisfied id="76" threadId="00000000017A7F00" bytesRequested="584" />
<af-end id="77" timestamp="2019-08-10T05:52:25.029" threadId="00000000017A8888" success="true" />
<exclusive-end id="78" timestamp="2019-08-10T05:52:25.029" durationms="811.080" />

* Round 4 done in 3.684 seconds.

-------------------------------------------------------------------------------
Benchmark: 2019-08-10 05:51:59
-------------------------------------------------------------------------------

    Rounds: 4
    Warp:   10
    Timer:  time.time

Test                             minimum  average  operation  overhead
-------------------------------------------------------------------------------
          BuiltinFunctionCalls:     15ms     52ms    0.10us    0.000ms
           BuiltinMethodLookup:     37ms     92ms    0.09us    0.000ms
                 CompareFloats:     16ms    126ms    0.10us    0.000ms
         CompareFloatsIntegers:     20ms     97ms    0.11us    0.000ms
               CompareIntegers:     25ms     77ms    0.04us    0.000ms
        CompareInternedStrings:     36ms    101ms    0.07us    0.000ms
                  CompareLongs:     17ms    135ms    0.13us    0.000ms
                CompareStrings:     26ms     90ms    0.09us    0.000ms
                CompareUnicode:     22ms     63ms    0.08us    0.000ms
                 ConcatStrings:     69ms    309ms    0.62us    0.000ms
                 ConcatUnicode:     40ms    108ms    0.36us    0.000ms
               CreateInstances:     34ms     83ms    0.74us    0.000ms
            CreateNewInstances:     50ms    101ms    1.20us    0.000ms
       CreateStringsWithConcat:     41ms    279ms    0.28us    0.000ms
       CreateUnicodeWithConcat:     18ms     45ms    0.11us    0.000ms
                  DictCreation:     29ms    107ms    0.27us    0.000ms
             DictWithFloatKeys:     15ms    139ms    0.15us    0.000ms
           DictWithIntegerKeys:     18ms     59ms    0.05us    0.000ms
            DictWithStringKeys:     19ms    123ms    0.10us    0.000ms
                      ForLoops:     64ms    105ms    4.20us    0.000ms
                    IfThenElse:     22ms    110ms    0.08us    0.000ms
                   ListSlicing:      8ms     29ms    2.05us    0.000ms
                NestedForLoops:     54ms     83ms    0.06us    0.000ms
          NormalClassAttribute:     23ms    114ms    0.09us    0.000ms
       NormalInstanceAttribute:     23ms     66ms    0.06us    0.000ms
           PythonFunctionCalls:     24ms     94ms    0.29us    0.000ms
             PythonMethodCalls:     29ms     96ms    0.43us    0.000ms
                     Recursion:     40ms    200ms    3.99us    0.000ms
                  SecondImport:     34ms     99ms    0.99us    0.000ms
           SecondPackageImport:     34ms     56ms    0.56us    0.000ms
         SecondSubmoduleImport:     52ms     80ms    0.80us    0.000ms
       SimpleComplexArithmetic:     14ms     71ms    0.08us    0.000ms
        SimpleDictManipulation:     24ms    146ms    0.12us    0.000ms
         SimpleFloatArithmetic:     18ms    197ms    0.15us    0.000ms
      SimpleIntFloatArithmetic:     18ms    268ms    0.20us    0.000ms
       SimpleIntegerArithmetic:     18ms     98ms    0.07us    0.000ms
        SimpleListManipulation:     30ms    126ms    0.11us    0.000ms
          SimpleLongArithmetic:     21ms    111ms    0.17us    0.000ms
                    SmallLists:     39ms    104ms    0.15us    0.000ms
                   SmallTuples:     45ms    181ms    0.33us    0.000ms
         SpecialClassAttribute:     23ms     96ms    0.08us    0.000ms
      SpecialInstanceAttribute:     23ms     88ms    0.07us    0.000ms
                StringMappings:     63ms    257ms    1.02us    0.000ms
              StringPredicates:     39ms    140ms    0.20us    0.000ms
                 StringSlicing:     30ms    281ms    0.50us    0.000ms
                     TryExcept:      2ms     17ms    0.01us    0.000ms
                TryRaiseExcept:     80ms    118ms    1.84us    0.000ms
                  TupleSlicing:     19ms     37ms    0.14us    0.000ms
               UnicodeMappings:     97ms    209ms    5.82us    0.000ms
             UnicodePredicates:     40ms    125ms    0.23us    0.000ms
             UnicodeProperties:    318ms    596ms    1.49us    0.000ms
                UnicodeSlicing:     31ms     64ms    0.13us    0.000ms
-------------------------------------------------------------------------------
Totals:                           1946ms   6648ms

===== DaCapo 9.12-MR1 jython PASSED in 29805 msec =====
<exclusive-start id="79" timestamp="2019-08-10T05:52:26.966" intervalms="2747.712">
  <response-info timems="0.082" idlems="0.082" threads="0" lastid="00000000017A7F00" lastname="main" />
</exclusive-start>
<sys-start reason="explicit" id="80" timestamp="2019-08-10T05:52:26.966" intervalms="30326.952" />
<cycle-start id="81" type="global" contextid="0" timestamp="2019-08-10T05:52:26.966" intervalms="2747.739" />
<gc-start id="82" type="global" contextid="81" timestamp="2019-08-10T05:52:26.966">
  <mem-info id="83" free="3248461592" total="4203675648" percent="77">
    <mem type="tenure" free="3248461592" total="4203675648" percent="77">
      <mem type="soa" free="3038278424" total="3993492480" percent="76" />
      <mem type="loa" free="210183168" total="210183168" percent="100" />
    </mem>
  </mem-info>
</gc-start>
<allocation-stats totalBytes="921332880" >
  <allocated-bytes non-tlh="73730608" tlh="847602272" />
  <largest-consumer threadName="main" threadId="00000000017A7F00" bytes="921332880" />
</allocation-stats>
<gc-op id="84" type="mark" timems="55.043" contextid="81" timestamp="2019-08-10T05:52:27.021">
  <trace-info objectcount="611091" scancount="530376" scanbytes="13695548" />
  <finalization candidates="81" enqueued="1" />
  <ownableSynchronizers candidates="24" cleared="3" />
  <references type="soft" candidates="4875" cleared="0" enqueued="0" dynamicThreshold="31" maxThreshold="32" />
  <references type="weak" candidates="5849" cleared="60" enqueued="60" />
  <references type="phantom" candidates="133" cleared="11" enqueued="11" />
  <stringconstants candidates="14264" cleared="8"  />
</gc-op>
<gc-op id="85" type="classunload" timems="0.649" contextid="81" timestamp="2019-08-10T05:52:27.022">
  <classunload-info classloadercandidates="57" classloadersunloaded="2" classesunloaded="2" anonymousclassesunloaded="0" quiescems="0.000" setupms="0.624" scanms="0.020" postms="0.005" />
</gc-op>
<gc-op id="86" type="sweep" timems="288.123" contextid="81" timestamp="2019-08-10T05:52:27.310" />
<mem-info id="87" free="4184679040" total="4203675648" percent="99">
  <mem type="tenure" free="4184679040" total="4203675648" percent="99" micro-fragmented="143449">
    <mem type="soa" free="3974495872" total="3993492480" percent="99" />
    <mem type="loa" free="210183168" total="210183168" percent="100" />
  </mem>
  <pending-finalizers system="1" default="0" reference="71" classloader="0" />
</mem-info>
<gc-op id="88" type="compact" timems="72.507" contextid="81" timestamp="2019-08-10T05:52:27.382">
  <compact-info movecount="502778" movebytes="15248344" reason="compact to aid heap contraction" />
</gc-op>
<gc-end id="89" type="global" contextid="81" durationms="417.046" usertimems="651.237" systemtimems="0.000" timestamp="2019-08-10T05:52:27.383" activeThreads="16">
  <mem-info id="90" free="4184828400" total="4203675648" percent="99">
    <mem type="tenure" free="4184828400" total="4203675648" percent="99">
      <mem type="soa" free="3974645232" total="3993492480" percent="99" />
      <mem type="loa" free="210183168" total="210183168" percent="100" />
    </mem>
    <pending-finalizers system="1" default="0" reference="71" classloader="0" />
  </mem-info>
</gc-end>
<cycle-end id="91" type="global" contextid="81" timestamp="2019-08-10T05:52:27.383" />
  <attribute name="elasticGC enabled" value="1" />
  <attribute name= "numThreadsSpecified" value="16" />
  <attribute name="heapSize specified" value="-91291648" />
  <attribute name="Current GC Util" value="333" />
  <attribute name= "Current Time Running" value="155030" />
  <attribute name ="GC Interval" value="0" />
  <attribute name="ProportionalT" value="126.500000" />
  <attribute name="ProportionalI" value="126.500000" />
  <attribute name="ProportionalH" value="126.500000" />
  <attribute name="Current Error" value="253.000000" />
  <attribute name="IntegralT" value="9108.000000" />
  <attribute name="IntegralI" value="9108.000000" />
  <attribute name="IntegralH" value="9108.000000" />
  <attribute name="DerivativeT" value="3.513889" />
  <attribute name="DerivativeI" value="3.513889" />
  <attribute name="DerivativeH" value="3.513889" />
  <attribute name="Loop Time for DT" value="72.000000" />
  <attribute name="Output H" value="8388608"/>
  <attribute name="Output I" value="4000"/>
  <attribute name="Output T" value="16"/>
  <attribute name="Target GC Util Change" value ="80.000000" />
  <attribute name="Current GC Util Change" value="333.000000"/>
  <attribute name="GC Util currently" value="333" />
  <attribute name="CPU Util currently" value="15892457831" />
<sys-end id="92" timestamp="2019-08-10T05:52:27.383" />
<exclusive-end id="93" timestamp="2019-08-10T05:52:27.383" durationms="417.498" />

===== DaCapo 9.12-MR1 pmd starting =====
===== DaCapo 9.12-MR1 pmd PASSED in 9105 msec =====
Using scaled threading model. 16 processors detected, 16 threads used to drive the workload, in a possible range of [1,512]
<exclusive-start id="94" timestamp="2019-08-10T05:52:36.645" intervalms="9679.058">
  <response-info timems="0.014" idlems="0.014" threads="0" lastid="00000000017A7F00" lastname="main" />
</exclusive-start>
<sys-start reason="explicit" id="95" timestamp="2019-08-10T05:52:36.645" intervalms="9679.054" />
<cycle-start id="96" type="global" contextid="0" timestamp="2019-08-10T05:52:36.645" intervalms="9679.046" />
<gc-start id="97" type="global" contextid="96" timestamp="2019-08-10T05:52:36.645">
  <mem-info id="98" free="3567780544" total="4203675648" percent="84">
    <mem type="tenure" free="3567780544" total="4203675648" percent="84">
      <mem type="soa" free="3357597376" total="3993492480" percent="84" />
      <mem type="loa" free="210183168" total="210183168" percent="100" />
    </mem>
  </mem-info>
</gc-start>
<allocation-stats totalBytes="616764920" >
  <allocated-bytes non-tlh="4045888" tlh="612719032" />
  <largest-consumer threadName="main" threadId="00000000017A7F00" bytes="18242672" />
</allocation-stats>
<gc-op id="99" type="mark" timems="32.176" contextid="96" timestamp="2019-08-10T05:52:36.677">
  <trace-info objectcount="639084" scancount="553675" scanbytes="14439264" />
  <finalization candidates="153" enqueued="2" />
  <ownableSynchronizers candidates="42" cleared="19" />
  <references type="soft" candidates="4909" cleared="0" enqueued="0" dynamicThreshold="31" maxThreshold="32" />
  <references type="weak" candidates="12207" cleared="5938" enqueued="5863" />
  <references type="phantom" candidates="1600" cleared="747" enqueued="747" />
  <stringconstants candidates="16393" cleared="1772"  />
</gc-op>
<gc-op id="100" type="classunload" timems="20.757" contextid="96" timestamp="2019-08-10T05:52:36.698">
  <classunload-info classloadercandidates="61" classloadersunloaded="6" classesunloaded="1008" anonymousclassesunloaded="0" quiescems="0.000" setupms="8.239" scanms="12.510" postms="0.008" />
</gc-op>
<gc-op id="101" type="sweep" timems="118.310" contextid="96" timestamp="2019-08-10T05:52:36.816" />
<mem-info id="102" free="4179186352" total="4203675648" percent="99">
  <mem type="tenure" free="4179186352" total="4203675648" percent="99" micro-fragmented="142145">
    <mem type="soa" free="3969003184" total="3993492480" percent="99" />
    <mem type="loa" free="210183168" total="210183168" percent="100" />
  </mem>
  <pending-finalizers system="2" default="0" reference="6610" classloader="0" />
</mem-info>
<gc-op id="103" type="compact" timems="666.086" contextid="96" timestamp="2019-08-10T05:52:37.482">
  <compact-info movecount="521998" movebytes="20720208" reason="compact to aid heap contraction" />
</gc-op>
<gc-end id="104" type="global" contextid="96" durationms="856.947" usertimems="738.558" systemtimems="354.774" timestamp="2019-08-10T05:52:37.502" activeThreads="16">
  <mem-info id="105" free="4179880384" total="4203675648" percent="99">
    <mem type="tenure" free="4179880384" total="4203675648" percent="99">
      <mem type="soa" free="3969697216" total="3993492480" percent="99" />
      <mem type="loa" free="210183168" total="210183168" percent="100" />
    </mem>
    <pending-finalizers system="2" default="0" reference="6610" classloader="0" />
  </mem-info>
</gc-end>
<cycle-end id="106" type="global" contextid="96" timestamp="2019-08-10T05:52:37.519" />
  <attribute name="elasticGC enabled" value="1" />
  <attribute name= "numThreadsSpecified" value="16" />
  <attribute name="heapSize specified" value="-91291648" />
  <attribute name="Current GC Util" value="93" />
  <attribute name= "Current Time Running" value="165130" />
  <attribute name ="GC Interval" value="0" />
  <attribute name="ProportionalT" value="6.500000" />
  <attribute name="ProportionalI" value="6.500000" />
  <attribute name="ProportionalH" value="6.500000" />
  <attribute name="Current Error" value="13.000000" />
  <attribute name="IntegralT" value="4329.000000" />
  <attribute name="IntegralI" value="4329.000000" />
  <attribute name="IntegralH" value="4329.000000" />
  <attribute name="DerivativeT" value="0.019520" />
  <attribute name="DerivativeI" value="0.019520" />
  <attribute name="DerivativeH" value="0.019520" />
  <attribute name="Loop Time for DT" value="666.000000" />
  <attribute name="Output H" value="8388608"/>
  <attribute name="Output I" value="4000"/>
  <attribute name="Output T" value="16"/>
  <attribute name="Target GC Util Change" value ="80.000000" />
  <attribute name="Current GC Util Change" value="93.000000"/>
  <attribute name="GC Util currently" value="93" />
  <attribute name="CPU Util currently" value="1730679181" />
<sys-end id="107" timestamp="2019-08-10T05:52:37.519" />
<exclusive-end id="108" timestamp="2019-08-10T05:52:37.519" durationms="874.336" />

===== DaCapo 9.12-MR1 sunflow starting =====
<exclusive-start id="109" timestamp="2019-08-10T05:52:45.890" intervalms="9245.548">
  <response-info timems="6.248" idlems="4.980" threads="1" lastid="0000000001A95F00" lastname="Thread-34" />
</exclusive-start>
<af-start id="110" threadId="0000000001A9E088" totalBytesRequested="40" timestamp="2019-08-10T05:52:45.890" intervalms="21672.340" />
<cycle-start id="111" type="global" contextid="0" timestamp="2019-08-10T05:52:45.890" intervalms="9245.564" />
<gc-start id="112" type="global" contextid="111" timestamp="2019-08-10T05:52:45.890">
  <mem-info id="113" free="210183168" total="4203675648" percent="4">
    <mem type="tenure" free="210183168" total="4203675648" percent="4">
      <mem type="soa" free="0" total="3993492480" percent="0" />
      <mem type="loa" free="210183168" total="210183168" percent="100" />
    </mem>
  </mem-info>
</gc-start>
<allocation-stats totalBytes="3969280328" >
  <allocated-bytes non-tlh="3120176" tlh="3966160152" />
  <largest-consumer threadName="Thread-25" threadId="0000000001A92300" bytes="306138256" />
</allocation-stats>
<gc-op id="114" type="mark" timems="16.742" contextid="111" timestamp="2019-08-10T05:52:45.907">
  <trace-info objectcount="753443" scancount="669425" scanbytes="19559336" />
  <finalization candidates="151" enqueued="0" />
  <ownableSynchronizers candidates="23" cleared="0" />
  <references type="soft" candidates="4924" cleared="0" enqueued="0" dynamicThreshold="31" maxThreshold="32" />
  <references type="weak" candidates="6307" cleared="25" enqueued="25" />
  <references type="phantom" candidates="835" cleared="0" enqueued="0" />
  <stringconstants candidates="15175" cleared="2"  />
</gc-op>
<gc-op id="115" type="sweep" timems="440.174" contextid="111" timestamp="2019-08-10T05:52:46.347" />
<mem-info id="116" free="4173919168" total="4203675648" percent="99">
  <mem type="tenure" free="4173919168" total="4203675648" percent="99" micro-fragmented="1058460">
    <mem type="soa" free="3963736000" total="3993492480" percent="99" />
    <mem type="loa" free="210183168" total="210183168" percent="100" />
  </mem>
  <pending-finalizers system="0" default="0" reference="25" classloader="0" />
</mem-info>
<gc-op id="117" type="compact" timems="92.699" contextid="111" timestamp="2019-08-10T05:52:46.440">
  <compact-info movecount="746088" movebytes="27827952" reason="compact to aid heap contraction" />
</gc-op>
<gc-end id="118" type="global" contextid="111" durationms="554.343" usertimems="795.101" systemtimems="0.000" timestamp="2019-08-10T05:52:46.445" activeThreads="16">
  <mem-info id="119" free="4175458272" total="4203675648" percent="99">
    <mem type="tenure" free="4175458272" total="4203675648" percent="99">
      <mem type="soa" free="3965275104" total="3993492480" percent="99" />
      <mem type="loa" free="210183168" total="210183168" percent="100" />
    </mem>
    <pending-finalizers system="0" default="0" reference="25" classloader="0" />
  </mem-info>
</gc-end>
<cycle-end id="120" type="global" contextid="111" timestamp="2019-08-10T05:52:46.445" />
  <attribute name="elasticGC enabled" value="1" />
  <attribute name= "numThreadsSpecified" value="16" />
  <attribute name="heapSize specified" value="-91291648" />
  <attribute name="Current GC Util" value="271" />
  <attribute name= "Current Time Running" value="174088" />
  <attribute name ="GC Interval" value="0" />
  <attribute name="ProportionalT" value="95.500000" />
  <attribute name="ProportionalI" value="95.500000" />
  <attribute name="ProportionalH" value="95.500000" />
  <attribute name="Current Error" value="191.000000" />
  <attribute name="IntegralT" value="8881.500000" />
  <attribute name="IntegralI" value="8881.500000" />
  <attribute name="IntegralH" value="8881.500000" />
  <attribute name="DerivativeT" value="2.053763" />
  <attribute name="DerivativeI" value="2.053763" />
  <attribute name="DerivativeH" value="2.053763" />
  <attribute name="Loop Time for DT" value="93.000000" />
  <attribute name="Output H" value="8388608"/>
  <attribute name="Output I" value="4000"/>
  <attribute name="Output T" value="16"/>
  <attribute name="Target GC Util Change" value ="80.000000" />
  <attribute name="Current GC Util Change" value="271.000000"/>
  <attribute name="GC Util currently" value="271" />
  <attribute name="CPU Util currently" value="12432875403" />
<allocation-satisfied id="121" threadId="0000000001A9D700" bytesRequested="40" />
<af-end id="122" timestamp="2019-08-10T05:52:46.445" threadId="0000000001A9E088" success="true" />
<exclusive-end id="123" timestamp="2019-08-10T05:52:46.445" durationms="555.212" />

<exclusive-start id="124" timestamp="2019-08-10T05:52:52.306" intervalms="6416.200">
  <response-info timems="6.854" idlems="4.184" threads="7" lastid="0000000001A9D700" lastname="Thread-33" />
</exclusive-start>
<af-start id="125" threadId="0000000001A96888" totalBytesRequested="40" timestamp="2019-08-10T05:52:52.307" intervalms="6416.184" />
<cycle-start id="126" type="global" contextid="0" timestamp="2019-08-10T05:52:52.307" intervalms="6416.184" />
<gc-start id="127" type="global" contextid="126" timestamp="2019-08-10T05:52:52.307">
  <mem-info id="128" free="210183168" total="4203675648" percent="4">
    <mem type="tenure" free="210183168" total="4203675648" percent="4">
      <mem type="soa" free="0" total="3993492480" percent="0" />
      <mem type="loa" free="210183168" total="210183168" percent="100" />
    </mem>
  </mem-info>
</gc-start>
<allocation-stats totalBytes="3964866768" >
  <allocated-bytes non-tlh="0" tlh="3964866768" />
  <largest-consumer threadName="Thread-32" threadId="0000000001AC2E00" bytes="316074072" />
</allocation-stats>
<gc-op id="129" type="mark" timems="231.302" contextid="126" timestamp="2019-08-10T05:52:52.538">
  <trace-info objectcount="733022" scancount="649033" scanbytes="18659908" />
  <finalization candidates="151" enqueued="0" />
  <ownableSynchronizers candidates="23" cleared="0" />
  <references type="soft" candidates="4924" cleared="0" enqueued="0" dynamicThreshold="31" maxThreshold="32" />
  <references type="weak" candidates="6282" cleared="0" enqueued="0" />
  <references type="phantom" candidates="835" cleared="0" enqueued="0" />
  <stringconstants candidates="15173" cleared="0"  />
</gc-op>
<gc-op id="130" type="sweep" timems="1508.711" contextid="126" timestamp="2019-08-10T05:52:54.052" />
<mem-info id="131" free="4175632400" total="4203675648" percent="99">
  <mem type="tenure" free="4175632400" total="4203675648" percent="99" micro-fragmented="141194">
    <mem type="soa" free="3965449232" total="3993492480" percent="99" />
    <mem type="loa" free="210183168" total="210183168" percent="100" />
  </mem>
</mem-info>
<gc-op id="132" type="compact" timems="270.920" contextid="126" timestamp="2019-08-10T05:52:54.322">
  <compact-info movecount="341815" movebytes="14021520" reason="compact to aid heap contraction" />
</gc-op>
<gc-end id="133" type="global" contextid="126" durationms="2033.631" usertimems="1651.523" systemtimems="492.615" timestamp="2019-08-10T05:52:54.340" activeThreads="16">
  <mem-info id="134" free="4176468312" total="4203675648" percent="99">
    <mem type="tenure" free="4176468312" total="4203675648" percent="99">
      <mem type="soa" free="3966285144" total="3993492480" percent="99" />
      <mem type="loa" free="210183168" total="210183168" percent="100" />
    </mem>
  </mem-info>
</gc-end>
<cycle-end id="135" type="global" contextid="126" timestamp="2019-08-10T05:52:54.351" />
  <attribute name="elasticGC enabled" value="1" />
  <attribute name= "numThreadsSpecified" value="16" />
  <attribute name="heapSize specified" value="-91291648" />
  <attribute name="Current GC Util" value="155" />
  <attribute name= "Current Time Running" value="181970" />
  <attribute name ="GC Interval" value="0" />
  <attribute name="ProportionalT" value="37.500000" />
  <attribute name="ProportionalI" value="37.500000" />
  <attribute name="ProportionalH" value="37.500000" />
  <attribute name="Current Error" value="75.000000" />
  <attribute name="IntegralT" value="10162.500000" />
  <attribute name="IntegralI" value="10162.500000" />
  <attribute name="IntegralH" value="10162.500000" />
  <attribute name="DerivativeT" value="0.276753" />
  <attribute name="DerivativeI" value="0.276753" />
  <attribute name="DerivativeH" value="0.276753" />
  <attribute name="Loop Time for DT" value="271.000000" />
  <attribute name="Output H" value="8388608"/>
  <attribute name="Output I" value="4000"/>
  <attribute name="Output T" value="16"/>
  <attribute name="Target GC Util Change" value ="80.000000" />
  <attribute name="Current GC Util Change" value="155.000000"/>
  <attribute name="GC Util currently" value="155" />
  <attribute name="CPU Util currently" value="4254944791" />
<allocation-satisfied id="136" threadId="0000000001A95F00" bytesRequested="40" />
<af-end id="137" timestamp="2019-08-10T05:52:54.351" threadId="0000000001A96888" success="true" />
<exclusive-end id="138" timestamp="2019-08-10T05:52:54.368" durationms="2061.053" />

===== DaCapo 9.12-MR1 sunflow PASSED in 17447 msec =====
Using scaled threading model. 16 processors detected, 16 threads used to drive the workload, in a possible range of [1,1000]
<exclusive-start id="139" timestamp="2019-08-10T05:52:56.152" intervalms="3845.190">
  <response-info timems="0.083" idlems="0.083" threads="0" lastid="00000000017A7F00" lastname="main" />
</exclusive-start>
<sys-start reason="explicit" id="140" timestamp="2019-08-10T05:52:56.152" intervalms="19506.943" />
<cycle-start id="141" type="global" contextid="0" timestamp="2019-08-10T05:52:56.152" intervalms="3845.206" />
<gc-start id="142" type="global" contextid="141" timestamp="2019-08-10T05:52:56.152">
  <mem-info id="143" free="3966088744" total="4203675648" percent="94">
    <mem type="tenure" free="3966088744" total="4203675648" percent="94">
      <mem type="soa" free="3755905576" total="3993492480" percent="94" />
      <mem type="loa" free="210183168" total="210183168" percent="100" />
    </mem>
  </mem-info>
</gc-start>
<allocation-stats totalBytes="210388040" >
  <allocated-bytes non-tlh="526064" tlh="209861976" />
  <largest-consumer threadName="main" threadId="00000000017A7F00" bytes="11339552" />
</allocation-stats>
<gc-op id="144" type="mark" timems="367.686" contextid="141" timestamp="2019-08-10T05:52:56.520">
  <trace-info objectcount="642674" scancount="556031" scanbytes="14694976" />
  <finalization candidates="154" enqueued="1" />
  <ownableSynchronizers candidates="23" cleared="1" />
  <references type="soft" candidates="4995" cleared="0" enqueued="0" dynamicThreshold="31" maxThreshold="32" />
  <references type="weak" candidates="6392" cleared="93" enqueued="93" />
  <references type="phantom" candidates="888" cleared="10" enqueued="10" />
  <stringconstants candidates="16167" cleared="22"  />
</gc-op>
<gc-op id="145" type="classunload" timems="0.015" contextid="141" timestamp="2019-08-10T05:52:56.520">
  <classunload-info classloadercandidates="68" classloadersunloaded="0" classesunloaded="0" anonymousclassesunloaded="0" quiescems="0.702" setupms="0.014" scanms="0.001" postms="0.000" />
</gc-op>
<gc-op id="146" type="sweep" timems="205.597" contextid="141" timestamp="2019-08-10T05:52:56.726" />
<mem-info id="147" free="4180268224" total="4203675648" percent="99">
  <mem type="tenure" free="4180268224" total="4203675648" percent="99" micro-fragmented="309614">
    <mem type="soa" free="3970085056" total="3993492480" percent="99" />
    <mem type="loa" free="210183168" total="210183168" percent="100" />
  </mem>
  <pending-finalizers system="1" default="0" reference="103" classloader="0" />
</mem-info>
<gc-op id="148" type="compact" timems="262.510" contextid="141" timestamp="2019-08-10T05:52:56.988">
  <compact-info movecount="489135" movebytes="17466680" reason="compact to aid heap contraction" />
</gc-op>
<gc-end id="149" type="global" contextid="141" durationms="911.675" usertimems="793.440" systemtimems="369.617" timestamp="2019-08-10T05:52:57.064" activeThreads="16">
  <mem-info id="150" free="4180707656" total="4203675648" percent="99">
    <mem type="tenure" free="4180707656" total="4203675648" percent="99">
      <mem type="soa" free="3970524488" total="3993492480" percent="99" />
      <mem type="loa" free="210183168" total="210183168" percent="100" />
    </mem>
    <pending-finalizers system="1" default="0" reference="103" classloader="0" />
  </mem-info>
</gc-end>
<cycle-end id="151" type="global" contextid="141" timestamp="2019-08-10T05:52:57.064" />
  <attribute name="elasticGC enabled" value="1" />
  <attribute name= "numThreadsSpecified" value="16" />
  <attribute name="heapSize specified" value="-91291648" />
  <attribute name="Current GC Util" value="194" />
  <attribute name= "Current Time Running" value="184639" />
  <attribute name ="GC Interval" value="0" />
  <attribute name="ProportionalT" value="57.000000" />
  <attribute name="ProportionalI" value="57.000000" />
  <attribute name="ProportionalH" value="57.000000" />
  <attribute name="Current Error" value="114.000000" />
  <attribute name="IntegralT" value="15105.000000" />
  <attribute name="IntegralI" value="15105.000000" />
  <attribute name="IntegralH" value="15105.000000" />
  <attribute name="DerivativeT" value="0.430189" />
  <attribute name="DerivativeI" value="0.430189" />
  <attribute name="DerivativeH" value="0.430189" />
  <attribute name="Loop Time for DT" value="265.000000" />
  <attribute name="Output H" value="8388608"/>
  <attribute name="Output I" value="4000"/>
  <attribute name="Output T" value="16"/>
  <attribute name="Target GC Util Change" value ="80.000000" />
  <attribute name="Current GC Util Change" value="194.000000"/>
  <attribute name="GC Util currently" value="194" />
  <attribute name="CPU Util currently" value="4344146597" />
<sys-end id="152" timestamp="2019-08-10T05:52:57.064" />
<exclusive-end id="153" timestamp="2019-08-10T05:52:57.064" durationms="912.258" />

===== DaCapo 9.12-MR1 xalan starting =====
<exclusive-start id="154" timestamp="2019-08-10T05:53:11.497" intervalms="15345.092">
  <response-info timems="27.860" idlems="8.425" threads="4" lastid="0000000001AA4F00" lastname="Thread-37" />
</exclusive-start>
<af-start id="155" threadId="0000000001A9A488" totalBytesRequested="16392" timestamp="2019-08-10T05:53:11.497" intervalms="19190.305" />
<cycle-start id="156" type="global" contextid="0" timestamp="2019-08-10T05:53:11.497" intervalms="15345.104" />
<gc-start id="157" type="global" contextid="156" timestamp="2019-08-10T05:53:11.497">
  <mem-info id="158" free="210183168" total="4203675648" percent="4">
    <mem type="tenure" free="210183168" total="4203675648" percent="4">
      <mem type="soa" free="0" total="3993492480" percent="0" />
      <mem type="loa" free="210183168" total="210183168" percent="100" />
    </mem>
  </mem-info>
</gc-start>
<allocation-stats totalBytes="3968850352" >
  <allocated-bytes non-tlh="1495864" tlh="3967354488" />
  <largest-consumer threadName="Thread-44" threadId="0000000001AE0D00" bytes="275299424" />
</allocation-stats>
<gc-op id="159" type="mark" timems="290.903" contextid="156" timestamp="2019-08-10T05:53:11.788">
  <trace-info objectcount="674306" scancount="583323" scanbytes="17014764" />
  <finalization candidates="157" enqueued="3" />
  <ownableSynchronizers candidates="22" cleared="0" />
  <references type="soft" candidates="5020" cleared="0" enqueued="0" dynamicThreshold="31" maxThreshold="32" />
  <references type="weak" candidates="6384" cleared="20" enqueued="19" />
  <references type="phantom" candidates="901" cleared="0" enqueued="0" />
  <stringconstants candidates="16515" cleared="0"  />
</gc-op>
<gc-op id="160" type="sweep" timems="572.547" contextid="156" timestamp="2019-08-10T05:53:12.361" />
<mem-info id="161" free="4175398128" total="4203675648" percent="99">
  <mem type="tenure" free="4175398128" total="4203675648" percent="99" micro-fragmented="272796">
    <mem type="soa" free="3965214960" total="3993492480" percent="99" />
    <mem type="loa" free="210183168" total="210183168" percent="100" />
  </mem>
  <pending-finalizers system="3" default="0" reference="19" classloader="0" />
</mem-info>
<gc-op id="162" type="compact" timems="63.113" contextid="156" timestamp="2019-08-10T05:53:12.424">
  <compact-info movecount="462261" movebytes="21059904" reason="compact to aid heap contraction" />
</gc-op>
<gc-end id="163" type="global" contextid="156" durationms="927.670" usertimems="1050.713" systemtimems="29.268" timestamp="2019-08-10T05:53:12.425" activeThreads="16">
  <mem-info id="164" free="4175945744" total="4203675648" percent="99">
    <mem type="tenure" free="4175945744" total="4203675648" percent="99">
      <mem type="soa" free="3965762576" total="3993492480" percent="99" />
      <mem type="loa" free="210183168" total="210183168" percent="100" />
    </mem>
    <pending-finalizers system="3" default="0" reference="19" classloader="0" />
  </mem-info>
</gc-end>
<cycle-end id="165" type="global" contextid="156" timestamp="2019-08-10T05:53:12.427" />
  <attribute name="elasticGC enabled" value="1" />
  <attribute name= "numThreadsSpecified" value="16" />
  <attribute name="heapSize specified" value="-91291648" />
  <attribute name="Current GC Util" value="254" />
  <attribute name= "Current Time Running" value="200072" />
  <attribute name ="GC Interval" value="0" />
  <attribute name="ProportionalT" value="87.000000" />
  <attribute name="ProportionalI" value="87.000000" />
  <attribute name="ProportionalH" value="87.000000" />
  <attribute name="Current Error" value="174.000000" />
  <attribute name="IntegralT" value="5481.000000" />
  <attribute name="IntegralI" value="5481.000000" />
  <attribute name="IntegralH" value="5481.000000" />
  <attribute name="DerivativeT" value="2.761905" />
  <attribute name="DerivativeI" value="2.761905" />
  <attribute name="DerivativeH" value="2.761905" />
  <attribute name="Loop Time for DT" value="63.000000" />
  <attribute name="Output H" value="8388608"/>
  <attribute name="Output I" value="4000"/>
  <attribute name="Output T" value="16"/>
  <attribute name="Target GC Util Change" value ="80.000000" />
  <attribute name="Current GC Util Change" value="254.000000"/>
  <attribute name="GC Util currently" value="254" />
  <attribute name="CPU Util currently" value="18258335514" />
<allocation-satisfied id="166" threadId="0000000001A99B00" bytesRequested="16392" />
<af-end id="167" timestamp="2019-08-10T05:53:12.427" threadId="0000000001A9A488" success="true" />
<exclusive-end id="168" timestamp="2019-08-10T05:53:12.427" durationms="929.957" />

<exclusive-start id="169" timestamp="2019-08-10T05:53:19.097" intervalms="7600.633">
  <response-info timems="0.096" idlems="0.096" threads="0" lastid="0000000001AB0200" lastname="Thread-38" />
</exclusive-start>
<af-start id="170" threadId="0000000001AB0B88" totalBytesRequested="16392" timestamp="2019-08-10T05:53:19.097" intervalms="7600.614" />
<cycle-start id="171" type="global" contextid="0" timestamp="2019-08-10T05:53:19.097" intervalms="7600.610" />
<gc-start id="172" type="global" contextid="171" timestamp="2019-08-10T05:53:19.098">
  <mem-info id="173" free="210183168" total="4203675648" percent="4">
    <mem type="tenure" free="210183168" total="4203675648" percent="4">
      <mem type="soa" free="0" total="3993492480" percent="0" />
      <mem type="loa" free="210183168" total="210183168" percent="100" />
    </mem>
  </mem-info>
</gc-start>
<allocation-stats totalBytes="3964234880" >
  <allocated-bytes non-tlh="32784" tlh="3964202096" />
  <largest-consumer threadName="Thread-47" threadId="0000000001A99B00" bytes="295293328" />
</allocation-stats>
<gc-op id="174" type="mark" timems="14.765" contextid="171" timestamp="2019-08-10T05:53:19.112">
  <trace-info objectcount="667133" scancount="576089" scanbytes="16831156" />
  <finalization candidates="154" enqueued="0" />
  <ownableSynchronizers candidates="22" cleared="0" />
  <references type="soft" candidates="5020" cleared="0" enqueued="0" dynamicThreshold="31" maxThreshold="32" />
  <references type="weak" candidates="6364" cleared="0" enqueued="0" />
  <references type="phantom" candidates="900" cleared="0" enqueued="0" />
  <stringconstants candidates="16515" cleared="0"  />
</gc-op>
<gc-op id="175" type="sweep" timems="497.911" contextid="171" timestamp="2019-08-10T05:53:19.610" />
<mem-info id="176" free="4175990064" total="4203675648" percent="99">
  <mem type="tenure" free="4175990064" total="4203675648" percent="99" micro-fragmented="33031">
    <mem type="soa" free="3965806896" total="3993492480" percent="99" />
    <mem type="loa" free="210183168" total="210183168" percent="100" />
  </mem>
</mem-info>
<gc-op id="177" type="compact" timems="40.047" contextid="171" timestamp="2019-08-10T05:53:19.650">
  <compact-info movecount="181521" movebytes="10119448" reason="compact to aid heap contraction" />
</gc-op>
<gc-end id="178" type="global" contextid="171" durationms="554.801" usertimems="751.350" systemtimems="0.000" timestamp="2019-08-10T05:53:19.652" activeThreads="16">
  <mem-info id="179" free="4176100560" total="4203675648" percent="99">
    <mem type="tenure" free="4176100560" total="4203675648" percent="99">
      <mem type="soa" free="3965917392" total="3993492480" percent="99" />
      <mem type="loa" free="210183168" total="210183168" percent="100" />
    </mem>
  </mem-info>
</gc-end>
<cycle-end id="180" type="global" contextid="171" timestamp="2019-08-10T05:53:19.654" />
  <attribute name="elasticGC enabled" value="1" />
  <attribute name= "numThreadsSpecified" value="16" />
  <attribute name="heapSize specified" value="-91291648" />
  <attribute name="Current GC Util" value="295" />
  <attribute name= "Current Time Running" value="207298" />
  <attribute name ="GC Interval" value="0" />
  <attribute name="ProportionalT" value="107.500000" />
  <attribute name="ProportionalI" value="107.500000" />
  <attribute name="ProportionalH" value="107.500000" />
  <attribute name="Current Error" value="215.000000" />
  <attribute name="IntegralT" value="4300.000000" />
  <attribute name="IntegralI" value="4300.000000" />
  <attribute name="IntegralH" value="4300.000000" />
  <attribute name="DerivativeT" value="5.375000" />
  <attribute name="DerivativeI" value="5.375000" />
  <attribute name="DerivativeH" value="5.375000" />
  <attribute name="Loop Time for DT" value="40.000000" />
  <attribute name="Output H" value="8388608"/>
  <attribute name="Output I" value="4000"/>
  <attribute name="Output T" value="16"/>
  <attribute name="Target GC Util Change" value ="80.000000" />
  <attribute name="Current GC Util Change" value="295.000000"/>
  <attribute name="GC Util currently" value="295" />
  <attribute name="CPU Util currently" value="28772803714" />
<allocation-satisfied id="181" threadId="0000000001AB0200" bytesRequested="16392" />
<af-end id="182" timestamp="2019-08-10T05:53:19.654" threadId="0000000001AB0B88" success="true" />
<exclusive-end id="183" timestamp="2019-08-10T05:53:19.654" durationms="556.661" />

===== DaCapo 9.12-MR1 xalan PASSED in 23245 msec =====
</verbosegc>

