<?xml version="1.0" ?>

<verbosegc xmlns="http://www.ibm.com/j9/verbosegc" version="10b4217_CMPRSS">

<initialized id="1" timestamp="2019-06-16T20:36:27.273">
  <attribute name="gcPolicy" value="-Xgcpolicy:optavgpause" />
  <attribute name="elasticGC enabled" value="1" />
  <attribute name= "numThreadsSpecified" value="0" />
  <attribute name="heapSize specified" value="0" />
  <attribute name="Current GC Util" value="0" />
  <attribute name= "Current Time Running" value="0" />
  <attribute name ="GC Interval" value="0" />
  <attribute name="ProportionalT" value="0.000000" />
  <attribute name="ProportionalI" value="0.000000" />
  <attribute name="ProportionalH" value="0.000000" />
  <attribute name="IntegralT" value="0.000000" />
  <attribute name="IntegralI" value="0.000000" />
  <attribute name="IntegralH" value="0.000000" />
  <attribute name="DerivativeT" value="0.000000" />
  <attribute name="DerivativeI" value="0.000000" />
  <attribute name="DerivativeH" value="0.000000" />
  <attribute name="Target GC Util Change" value ="0.000000" />
  <attribute name="Current GC Util Change" value="0.000000"/>
  <attribute name="Current Error" value="0.000000" />
  <attribute name="Loop Time for DT" value="0.000000" />
  <attribute name="Output H" value="0"/>
  <attribute name="Output I" value="0"/>
  <attribute name="Output T" value="0"/>
  <attribute name="GC Util currently" value="0" />
  <attribute name="CPU Util currently" value="0" />
  <attribute name="maxHeapSize" value="0x7cbc0000" />
  <attribute name="initialHeapSize" value="0x800000" />
  <attribute name="compressedRefs" value="true" />
  <attribute name="compressedRefsDisplacement" value="0x0" />
  <attribute name="compressedRefsShift" value="0x0" />
  <attribute name="pageSize" value="0x1000" />
  <attribute name="pageType" value="not used" />
  <attribute name="requestedPageSize" value="0x1000" />
  <attribute name="requestedPageType" value="not used" />
  <attribute name="gcthreads" value="4" />
  <attribute name="packetListSplit" value="4" />
  <attribute name="cacheListSplit" value="4" />
  <attribute name="splitFreeListSplitAmount" value="1" />
  <attribute name="numaNodes" value="0" />
  <system>
    <attribute name="physicalMemory" value="8370962432" />
    <attribute name="numCPUs" value="4" />
    <attribute name="architecture" value="amd64" />
    <attribute name="os" value="Linux" />
    <attribute name="osVersion" value="4.4.0-148-generic" />
  </system>
  <vmargs>
    <vmarg name="-Xoptionsfile=/vagrant/jdk/lib/options.default" />
    <vmarg name="-Xlockword:mode=default,noLockword=java/lang/String,noLockword=java/util/MapEntry,noLockword=java/util/HashMap$Entry,noLockword..." />
    <vmarg name="-Xjcl:jclse29" />
    <vmarg name="-Dcom.ibm.oti.vm.bootstrap.library.path=/vagrant/jdk/lib/compressedrefs:/vagrant/jdk/lib" />
    <vmarg name="-Dsun.boot.library.path=/vagrant/jdk/lib/compressedrefs:/vagrant/jdk/lib" />
    <vmarg name="-Djava.library.path=/vagrant/jdk/lib/compressedrefs:/vagrant/jdk/lib:/usr/lib64:/usr/lib" />
    <vmarg name="-Djava.home=/vagrant/jdk" />
    <vmarg name="-Duser.dir=/vagrant" />
    <vmarg name="-Xgcpolicy:optavgpause" />
    <vmarg name="-Xgcelastic" />
    <vmarg name="-Xcheck:gc:::elasticGC" />
    <vmarg name="-verbose:gc" />
    <vmarg name="-Xloggc:large-OPTAVGPAUSE-jdk-1-1-0.5-verbose14pmd.txt" />
    <vmarg name="-Djava.class.path=dacapo-9.12-MR1-bach.jar" />
    <vmarg name="-Dsun.java.command=dacapo-9.12-MR1-bach.jar pmd --size=large" />
    <vmarg name="-Dsun.java.launcher=SUN_STANDARD" />
    <vmarg name="-Dsun.java.launcher.pid=30129" />
  </vmargs>
</initialized>

<exclusive-start id="2" timestamp="2019-06-16T20:36:28.140" intervalms="867.007">
  <response-info timems="0.038" idlems="0.038" threads="0" lastid="000000000122E700" lastname="main" />
</exclusive-start>
<af-start id="3" threadId="000000000122F088" totalBytesRequested="5408" timestamp="2019-06-16T20:36:28.141" intervalms="867.726" />
<cycle-start id="4" type="global" contextid="0" timestamp="2019-06-16T20:36:28.141" intervalms="868.478" />
<gc-start id="5" type="global" contextid="4" timestamp="2019-06-16T20:36:28.142">
  <mem-info id="6" free="418816" total="8388608" percent="4">
    <mem type="tenure" free="418816" total="8388608" percent="4">
      <mem type="soa" free="0" total="7969792" percent="0" />
      <mem type="loa" free="418816" total="418816" percent="100" />
    </mem>
  </mem-info>
</gc-start>
<allocation-stats totalBytes="7925624" >
  <allocated-bytes non-tlh="539056" tlh="7386568" />
  <largest-consumer threadName="main" threadId="000000000122E700" bytes="7849064" />
</allocation-stats>
<gc-op id="7" type="mark" timems="1.748" contextid="4" timestamp="2019-06-16T20:36:28.144">
  <trace-info objectcount="21655" scancount="17679" scanbytes="558832" />
  <finalization candidates="46" enqueued="1" />
  <ownableSynchronizers candidates="4" cleared="3" />
  <references type="soft" candidates="66" cleared="0" enqueued="0" dynamicThreshold="32" maxThreshold="32" />
  <references type="weak" candidates="911" cleared="529" enqueued="452" />
  <references type="phantom" candidates="125" cleared="44" enqueued="44" />
  <stringconstants candidates="2485" cleared="0"  />
</gc-op>
<gc-op id="8" type="classunload" timems="0.116" contextid="4" timestamp="2019-06-16T20:36:28.144">
  <classunload-info classloadercandidates="6" classloadersunloaded="0" classesunloaded="0" anonymousclassesunloaded="0" quiescems="0.000" setupms="0.116" scanms="0.000" postms="0.000" />
</gc-op>
<gc-op id="9" type="sweep" timems="0.808" contextid="4" timestamp="2019-06-16T20:36:28.145" />
<mem-info id="10" free="6580184" total="8388608" percent="78">
  <mem type="tenure" free="6580184" total="8388608" percent="78" micro-fragmented="429433">
    <mem type="soa" free="6161368" total="7969792" percent="77" />
    <mem type="loa" free="418816" total="418816" percent="100" />
  </mem>
  <pending-finalizers system="1" default="0" reference="496" classloader="0" />
</mem-info>
<gc-op id="11" type="compact" timems="4.560" contextid="4" timestamp="2019-06-16T20:36:28.150">
  <compact-info movecount="21654" movebytes="1397664" reason="compact to aid heap contraction" />
</gc-op>
<heap-resize id="12" type="expand" space="tenure" amount="2084241408" count="1" timems="0.293" reason="satisfy allocation request" timestamp="2019-06-16T20:36:28.150" />
<gc-end id="13" type="global" contextid="4" durationms="8.959" usertimems="12.000" systemtimems="0.000" timestamp="2019-06-16T20:36:28.151" activeThreads="4">
  <mem-info id="14" free="2091166728" total="2092630016" percent="99">
    <mem type="tenure" free="2091166728" total="2092630016" percent="99">
      <mem type="soa" free="1986535432" total="1987998720" percent="99" />
      <mem type="loa" free="104631296" total="104631296" percent="100" />
    </mem>
    <pending-finalizers system="1" default="0" reference="496" classloader="0" />
  </mem-info>
</gc-end>
<cycle-end id="15" type="global" contextid="4" timestamp="2019-06-16T20:36:28.151" />
  <attribute name="elasticGC enabled" value="1" />
  <attribute name= "numThreadsSpecified" value="4" />
  <attribute name="heapSize specified" value="8388608" />
  <attribute name="Current GC Util" value="27" />
  <attribute name= "Current Time Running" value="735" />
  <attribute name ="GC Interval" value="0" />
  <attribute name="ProportionalT" value="7.000000" />
  <attribute name="ProportionalI" value="7.000000" />
  <attribute name="ProportionalH" value="7.000000" />
  <attribute name="Current Error" value="7.000000" />
  <attribute name="IntegralT" value="-14379.000000" />
  <attribute name="IntegralI" value="-14379.000000" />
  <attribute name="IntegralH" value="-14379.000000" />
  <attribute name="DerivativeT" value="0.700000" />
  <attribute name="DerivativeI" value="0.700000" />
  <attribute name="DerivativeH" value="0.700000" />
  <attribute name="Loop Time for DT" value="5.000000" />
  <attribute name="Output H" value="2092630016"/>
  <attribute name="Output I" value="200"/>
  <attribute name="Output T" value="4"/>
  <attribute name="Target GC Util Change" value ="20.000000" />
  <attribute name="Current GC Util Change" value="27.000000"/>
  <attribute name="GC Util currently" value="27" />
  <attribute name="CPU Util currently" value="36" />
<allocation-satisfied id="16" threadId="000000000122E700" bytesRequested="5408" />
<af-end id="17" timestamp="2019-06-16T20:36:28.151" threadId="000000000122F088" success="true" />
<exclusive-end id="18" timestamp="2019-06-16T20:36:28.151" durationms="11.144" />

<exclusive-start id="19" timestamp="2019-06-16T20:36:28.203" intervalms="62.950">
  <response-info timems="0.088" idlems="0.088" threads="0" lastid="000000000122E700" lastname="main" />
</exclusive-start>
<sys-start reason="explicit" id="20" timestamp="2019-06-16T20:36:28.203" intervalms="930.179" />
<cycle-start id="21" type="global" contextid="0" timestamp="2019-06-16T20:36:28.203" intervalms="61.768" />
<gc-start id="22" type="global" contextid="21" timestamp="2019-06-16T20:36:28.203">
  <mem-info id="23" free="1914490544" total="2092630016" percent="91">
    <mem type="tenure" free="1914490544" total="2092630016" percent="91">
      <mem type="soa" free="1809859248" total="1987998720" percent="91" />
      <mem type="loa" free="104631296" total="104631296" percent="100" />
    </mem>
  </mem-info>
</gc-start>
<allocation-stats totalBytes="162066336" >
  <allocated-bytes non-tlh="73604440" tlh="88461896" />
  <largest-consumer threadName="main" threadId="000000000122E700" bytes="162050264" />
</allocation-stats>
<gc-op id="24" type="mark" timems="8.399" contextid="21" timestamp="2019-06-16T20:36:28.212">
  <trace-info objectcount="19075" scancount="15791" scanbytes="518084" />
  <finalization candidates="45" enqueued="0" />
  <ownableSynchronizers candidates="1" cleared="0" />
  <references type="soft" candidates="66" cleared="0" enqueued="0" dynamicThreshold="31" maxThreshold="32" />
  <references type="weak" candidates="382" cleared="0" enqueued="0" />
  <references type="phantom" candidates="80" cleared="0" enqueued="0" />
  <stringconstants candidates="2485" cleared="0"  />
</gc-op>
<gc-op id="25" type="classunload" timems="0.001" contextid="21" timestamp="2019-06-16T20:36:28.212">
  <classunload-info classloadercandidates="6" classloadersunloaded="0" classesunloaded="0" anonymousclassesunloaded="0" quiescems="0.000" setupms="0.001" scanms="0.000" postms="0.000" />
</gc-op>
<gc-op id="26" type="sweep" timems="2.216" contextid="21" timestamp="2019-06-16T20:36:28.215" />
<mem-info id="27" free="2091347704" total="2092630016" percent="99">
  <mem type="tenure" free="2091347704" total="2092630016" percent="99" micro-fragmented="27493">
    <mem type="soa" free="1986716408" total="1987998720" percent="99" />
    <mem type="loa" free="104631296" total="104631296" percent="100" />
  </mem>
</mem-info>
<gc-op id="28" type="compact" timems="10.826" contextid="21" timestamp="2019-06-16T20:36:28.226">
  <compact-info movecount="7970" movebytes="779792" reason="compact to aid heap contraction" />
</gc-op>
<gc-end id="29" type="global" contextid="21" durationms="22.654" usertimems="20.000" systemtimems="16.000" timestamp="2019-06-16T20:36:28.226" activeThreads="4">
  <mem-info id="30" free="2091374056" total="2092630016" percent="99">
    <mem type="tenure" free="2091374056" total="2092630016" percent="99">
      <mem type="soa" free="1986742760" total="1987998720" percent="99" />
      <mem type="loa" free="104631296" total="104631296" percent="100" />
    </mem>
  </mem-info>
</gc-end>
<cycle-end id="31" type="global" contextid="21" timestamp="2019-06-16T20:36:28.226" />
  <attribute name="elasticGC enabled" value="1" />
  <attribute name= "numThreadsSpecified" value="4" />
  <attribute name="heapSize specified" value="2092630016" />
  <attribute name="Current GC Util" value="41" />
  <attribute name= "Current Time Running" value="811" />
  <attribute name ="GC Interval" value="0" />
  <attribute name="ProportionalT" value="21.000000" />
  <attribute name="ProportionalI" value="21.000000" />
  <attribute name="ProportionalH" value="21.000000" />
  <attribute name="Current Error" value="21.000000" />
  <attribute name="IntegralT" value="231.000000" />
  <attribute name="IntegralI" value="231.000000" />
  <attribute name="IntegralH" value="231.000000" />
  <attribute name="DerivativeT" value="0.954545" />
  <attribute name="DerivativeI" value="0.954545" />
  <attribute name="DerivativeH" value="0.954545" />
  <attribute name="Loop Time for DT" value="11.000000" />
  <attribute name="Output H" value="8388608"/>
  <attribute name="Output I" value="256"/>
  <attribute name="Output T" value="4"/>
  <attribute name="Target GC Util Change" value ="20.000000" />
  <attribute name="Current GC Util Change" value="41.000000"/>
  <attribute name="GC Util currently" value="41" />
  <attribute name="CPU Util currently" value="419627914116" />
<sys-end id="32" timestamp="2019-06-16T20:36:28.226" />
<exclusive-end id="33" timestamp="2019-06-16T20:36:28.227" durationms="23.570" />

</verbosegc>

