<?xml version="1.0" ?>

<verbosegc xmlns="http://www.ibm.com/j9/verbosegc" version="10b4217_CMPRSS">

<initialized id="1" timestamp="2019-06-15T00:49:53.898">
  <attribute name="gcPolicy" value="-Xgcpolicy:balanced" />
  <attribute name="elasticGC enabled" value="1" />
  <attribute name= "numThreadsSpecified" value="0" />
  <attribute name="heapSize specified" value="0" />
  <attribute name="Current GC Util" value="0" />
  <attribute name= "Current Time Running" value="0" />
  <attribute name ="GC Interval" value="0" />
  <attribute name="ProportionalT" value="0.000000" />
  <attribute name="ProportionalI" value="0.000000" />
  <attribute name="ProportionalH" value="0.000000" />
  <attribute name="IntegralT" value="0.000000" />
  <attribute name="IntegralI" value="0.000000" />
  <attribute name="IntegralH" value="0.000000" />
  <attribute name="DerivativeT" value="0.000000" />
  <attribute name="DerivativeI" value="0.000000" />
  <attribute name="DerivativeH" value="0.000000" />
  <attribute name="Target GC Util Change" value ="0.000000" />
  <attribute name="Current GC Util Change" value="0.000000"/>
  <attribute name="Current Error" value="0.000000" />
  <attribute name="Loop Time for DT" value="0.000000" />
  <attribute name="Output H" value="0"/>
  <attribute name="Output I" value="0"/>
  <attribute name="Output T" value="0"/>
  <attribute name="GC Util currently" value="0" />
  <attribute name="CPU Util currently" value="0" />
  <attribute name="maxHeapSize" value="0x7cb00000" />
  <attribute name="initialHeapSize" value="0x800000" />
  <attribute name="compressedRefs" value="true" />
  <attribute name="compressedRefsDisplacement" value="0x0" />
  <attribute name="compressedRefsShift" value="0x0" />
  <attribute name="pageSize" value="0x1000" />
  <attribute name="pageType" value="not used" />
  <attribute name="requestedPageSize" value="0x1000" />
  <attribute name="requestedPageType" value="not used" />
  <attribute name="gcthreads" value="4" />
  <attribute name="packetListSplit" value="4" />
  <attribute name="cacheListSplit" value="4" />
  <attribute name="splitFreeListSplitAmount" value="1" />
  <attribute name="numaNodes" value="0" />
  <region>
    <attribute name="regionSize" value="1048576" />
    <attribute name="regionCount" value="1995" />
    <attribute name="arrayletLeafSize" value="1048576" />
  </region>
  <system>
    <attribute name="physicalMemory" value="8370962432" />
    <attribute name="numCPUs" value="4" />
    <attribute name="architecture" value="amd64" />
    <attribute name="os" value="Linux" />
    <attribute name="osVersion" value="4.4.0-148-generic" />
  </system>
  <vmargs>
    <vmarg name="-Xoptionsfile=/vagrant/jdk/lib/options.default" />
    <vmarg name="-Xlockword:mode=default,noLockword=java/lang/String,noLockword=java/util/MapEntry,noLockword=java/util/HashMap$Entry,noLockword..." />
    <vmarg name="-Xjcl:jclse29" />
    <vmarg name="-Dcom.ibm.oti.vm.bootstrap.library.path=/vagrant/jdk/lib/compressedrefs:/vagrant/jdk/lib" />
    <vmarg name="-Dsun.boot.library.path=/vagrant/jdk/lib/compressedrefs:/vagrant/jdk/lib" />
    <vmarg name="-Djava.library.path=/vagrant/jdk/lib/compressedrefs:/vagrant/jdk/lib:/usr/lib64:/usr/lib" />
    <vmarg name="-Djava.home=/vagrant/jdk" />
    <vmarg name="-Duser.dir=/vagrant" />
    <vmarg name="-Xgcpolicy:balanced" />
    <vmarg name="-Xgcelastic" />
    <vmarg name="-Xcheck:gc:::elasticGC" />
    <vmarg name="-verbose:gc" />
    <vmarg name="-Xloggc:large-Balanced-jdk0.5-1-0.5-verbose8jython.txt" />
    <vmarg name="-Djava.class.path=dacapo-9.12-MR1-bach.jar" />
    <vmarg name="-Dsun.java.command=dacapo-9.12-MR1-bach.jar jython --size=large" />
    <vmarg name="-Dsun.java.launcher=SUN_STANDARD" />
    <vmarg name="-Dsun.java.launcher.pid=30815" />
  </vmargs>
</initialized>

<exclusive-start id="2" timestamp="2019-06-15T00:49:56.307" intervalms="2408.633">
  <response-info timems="0.025" idlems="0.025" threads="0" lastid="0000000001CEB700" lastname="main" />
</exclusive-start>
<allocation-taxation id="3" taxation-threshold="8388608" timestamp="2019-06-15T00:49:56.307" intervalms="2408.981" />
<cycle-start id="4" type="partial gc" contextid="0" timestamp="2019-06-15T00:49:56.308" intervalms="2409.438" />
<gc-start id="5" type="partial gc" contextid="4" timestamp="2019-06-15T00:49:56.308">
  <mem-info id="6" free="0" total="8388608" percent="0">
    <mem type="eden" free="80" total="8388608" percent="0" />
    <remembered-set count="0" freebytes="334848" totalbytes="334848" percent="100" regionsoverflowed="0" regionsstable="0" regionsrebuilding="0"/>
  </mem-info>
</gc-start>
<allocation-stats totalBytes="8315856" >
  <allocated-bytes non-tlh="357600" tlh="7958256" arrayletleaf="0"/>
  <largest-consumer threadName="main" threadId="0000000001CEB700" bytes="8239288" />
</allocation-stats>
<gc-op id="7" type="mark" timems="2.904" contextid="4" timestamp="2019-06-15T00:49:56.312">
  <trace-info objectcount="17715" scancount="14028" scanbytes="460928" />
  <remembered-set-cleared processed="0" cleared="0" durationms="0.153" />
  <finalization candidates="14" enqueued="1" />
  <references type="soft" candidates="63" cleared="0" enqueued="0" dynamicThreshold="32" maxThreshold="32" />
  <references type="weak" candidates="544" cleared="401" enqueued="362" />
  <references type="phantom" candidates="105" cleared="44" enqueued="44" />
  <stringconstants candidates="2406" cleared="0"  />
  <warning details="Mark for calibration purposes" />
</gc-op>
<gc-op id="8" type="classunload" timems="0.039" contextid="4" timestamp="2019-06-15T00:49:56.312">
  <classunload-info classloadercandidates="5" classloadersunloaded="0" classesunloaded="0" anonymousclassesunloaded="0" quiescems="0.000" setupms="0.039" scanms="0.000" postms="0.000" />
</gc-op>
<gc-op id="9" type="sweep" timems="0.565" contextid="4" timestamp="2019-06-15T00:49:56.313" />
<gc-op id="10" type="compact" timems="5.679" contextid="4" timestamp="2019-06-15T00:49:56.319">
  <compact-info movecount="17714" movebytes="963256" />
  <remembered-set-cleared processed="0" cleared="0" durationms="0.153" />
</gc-op>
<gc-end id="11" type="partial gc" contextid="4" durationms="11.925" usertimems="4.000" systemtimems="8.000" timestamp="2019-06-15T00:49:56.320" activeThreads="4">
  <mem-info id="12" free="7340032" total="8388608" percent="87">
    <mem type="eden" free="85232" total="1048576" percent="8" />
    <pending-finalizers system="1" default="0" reference="406" classloader="0" />
    <remembered-set count="0" freebytes="334848" totalbytes="334848" percent="100" regionsoverflowed="0" regionsstable="0" regionsrebuilding="0"/>
  </mem-info>
</gc-end>
<cycle-end id="13" type="partial gc" contextid="4" timestamp="2019-06-15T00:49:56.320" />
  <attribute name="elasticGC enabled" value="1" />
  <attribute name= "numThreadsSpecified" value="4" />
  <attribute name="heapSize specified" value="0" />
  <attribute name="Current GC Util" value="33" />
  <attribute name= "Current Time Running" value="2261" />
  <attribute name ="GC Interval" value="0" />
  <attribute name="ProportionalT" value="6.500000" />
  <attribute name="ProportionalI" value="6.500000" />
  <attribute name="ProportionalH" value="6.500000" />
  <attribute name="Current Error" value="13.000000" />
  <attribute name="IntegralT" value="-44882.000000" />
  <attribute name="IntegralI" value="-44882.000000" />
  <attribute name="IntegralH" value="-44882.000000" />
  <attribute name="DerivativeT" value="-16.000000" />
  <attribute name="DerivativeI" value="-16.000000" />
  <attribute name="DerivativeH" value="-16.000000" />
  <attribute name="Loop Time for DT" value="1.000000" />
  <attribute name="Output H" value="2091843584"/>
  <attribute name="Output I" value="200"/>
  <attribute name="Output T" value="4"/>
  <attribute name="Target GC Util Change" value ="20.000000" />
  <attribute name="Current GC Util Change" value="33.000000"/>
  <attribute name="GC Util currently" value="33" />
  <attribute name="CPU Util currently" value="4772855813463" />
<exclusive-end id="14" timestamp="2019-06-15T00:49:56.320" durationms="13.448" />

<exclusive-start id="15" timestamp="2019-06-15T00:49:57.062" intervalms="755.104">
  <response-info timems="0.102" idlems="0.102" threads="0" lastid="0000000001CEB700" lastname="main" />
</exclusive-start>
<allocation-taxation id="16" taxation-threshold="7340032" timestamp="2019-06-15T00:49:57.062" intervalms="754.936" />
<cycle-start id="17" type="partial gc" contextid="0" timestamp="2019-06-15T00:49:57.062" intervalms="754.638" />
<gc-start id="18" type="partial gc" contextid="17" timestamp="2019-06-15T00:49:57.063">
  <mem-info id="19" free="0" total="8388608" percent="0">
    <mem type="eden" free="0" total="7340032" percent="0" />
    <remembered-set count="0" freebytes="334848" totalbytes="334848" percent="100" regionsoverflowed="0" regionsstable="0" regionsrebuilding="0"/>
  </mem-info>
</gc-start>
<allocation-stats totalBytes="7330152" >
  <allocated-bytes non-tlh="569856" tlh="6760296" arrayletleaf="0"/>
  <largest-consumer threadName="main" threadId="0000000001CEB700" bytes="7321872" />
</allocation-stats>
<gc-op id="20" type="mark" timems="2.200" contextid="17" timestamp="2019-06-15T00:49:57.066">
  <trace-info objectcount="19024" scancount="15068" scanbytes="511304" />
  <remembered-set-cleared processed="0" cleared="0" durationms="0.048" />
  <finalization candidates="22" enqueued="0" />
  <ownableSynchronizers candidates="16" cleared="0" />
  <references type="soft" candidates="67" cleared="0" enqueued="0" dynamicThreshold="28" maxThreshold="32" />
  <references type="weak" candidates="682" cleared="364" enqueued="256" />
  <references type="phantom" candidates="88" cleared="2" enqueued="2" />
  <stringconstants candidates="2592" cleared="0"  />
  <warning details="Mark invoked due to insufficient free space for Copy-Forward" />
</gc-op>
<gc-op id="21" type="classunload" timems="0.001" contextid="17" timestamp="2019-06-15T00:49:57.066">
  <classunload-info classloadercandidates="6" classloadersunloaded="0" classesunloaded="0" anonymousclassesunloaded="0" quiescems="0.000" setupms="0.001" scanms="0.000" postms="0.000" />
</gc-op>
<gc-op id="22" type="sweep" timems="1.908" contextid="17" timestamp="2019-06-15T00:49:57.068" />
<gc-op id="23" type="compact" timems="7.208" contextid="17" timestamp="2019-06-15T00:49:57.076">
  <compact-info movecount="18356" movebytes="1483672" />
  <remembered-set-cleared processed="0" cleared="0" durationms="0.048" />
</gc-op>
<gc-end id="24" type="partial gc" contextid="17" durationms="13.527" usertimems="12.000" systemtimems="4.000" timestamp="2019-06-15T00:49:57.076" activeThreads="4">
  <mem-info id="25" free="6291456" total="8388608" percent="75">
    <mem type="eden" free="318368" total="1048576" percent="30" />
    <pending-finalizers system="0" default="0" reference="258" classloader="0" />
    <remembered-set count="1024" freebytes="330752" totalbytes="334848" percent="98" regionsoverflowed="0" regionsstable="0" regionsrebuilding="0"/>
  </mem-info>
</gc-end>
<cycle-end id="26" type="partial gc" contextid="17" timestamp="2019-06-15T00:49:57.076" />
  <attribute name="elasticGC enabled" value="1" />
  <attribute name= "numThreadsSpecified" value="4" />
  <attribute name="heapSize specified" value="0" />
  <attribute name="Current GC Util" value="89" />
  <attribute name= "Current Time Running" value="3016" />
  <attribute name ="GC Interval" value="0" />
  <attribute name="ProportionalT" value="34.500000" />
  <attribute name="ProportionalI" value="34.500000" />
  <attribute name="ProportionalH" value="34.500000" />
  <attribute name="Current Error" value="69.000000" />
  <attribute name="IntegralT" value="138.000000" />
  <attribute name="IntegralI" value="138.000000" />
  <attribute name="IntegralH" value="138.000000" />
  <attribute name="DerivativeT" value="17.250000" />
  <attribute name="DerivativeI" value="17.250000" />
  <attribute name="DerivativeH" value="17.250000" />
  <attribute name="Loop Time for DT" value="2.000000" />
  <attribute name="Output H" value="8388608"/>
  <attribute name="Output I" value="200"/>
  <attribute name="Output T" value="4"/>
  <attribute name="Target GC Util Change" value ="20.000000" />
  <attribute name="Current GC Util Change" value="89.000000"/>
  <attribute name="GC Util currently" value="89" />
  <attribute name="CPU Util currently" value="1961131077323" />
<exclusive-end id="27" timestamp="2019-06-15T00:49:57.077" durationms="14.700" />

<exclusive-start id="28" timestamp="2019-06-15T00:49:57.212" intervalms="150.376">
  <response-info timems="0.033" idlems="0.033" threads="0" lastid="0000000001CEB700" lastname="main" />
</exclusive-start>
<allocation-taxation id="29" taxation-threshold="3145728" timestamp="2019-06-15T00:49:57.212" intervalms="150.324" />
<cycle-start id="30" type="global mark phase" contextid="0" timestamp="2019-06-15T00:49:57.213" intervalms="3314.528" />
<gc-start id="31" type="global mark phase" contextid="30" timestamp="2019-06-15T00:49:57.213">
  <mem-info id="32" free="3145728" total="8388608" percent="37">
    <remembered-set count="544" freebytes="332672" totalbytes="334848" percent="99" regionsoverflowed="0" regionsstable="0" regionsrebuilding="0"/>
  </mem-info>
</gc-start>
<gc-op id="33" type="mark increment" timems="1.152" contextid="30" timestamp="2019-06-15T00:49:57.214">
  <trace-info objectcount="131" scancount="0" scanbytes="0" />
</gc-op>
<gc-end id="34" type="global mark phase" contextid="30" durationms="1.289" usertimems="0.000" systemtimems="0.000" timestamp="2019-06-15T00:49:57.214" activeThreads="1">
  <mem-info id="35" free="3145728" total="8388608" percent="37">
    <remembered-set count="544" freebytes="332672" totalbytes="334848" percent="99" regionsoverflowed="0" regionsstable="0" regionsrebuilding="0"/>
  </mem-info>
</gc-end>
<concurrent-start id="36" type="GMP work packet processing" contextid="30" timestamp="2019-06-15T00:49:57.214">
  <concurrent-mark-start scanTarget="18446744073709551615" />
</concurrent-start>
<exclusive-end id="37" timestamp="2019-06-15T00:49:57.214" durationms="2.025" />

<concurrent-end id="38" type="GMP work packet processing" contextid="30" timestamp="2019-06-15T00:49:57.216">
  <concurrent-mark-end bytesScanned="782220" reasonForTermination="Completed all work in GC phase" />
</concurrent-end>

<exclusive-start id="39" timestamp="2019-06-15T00:49:57.311" intervalms="98.726">
  <response-info timems="0.033" idlems="0.033" threads="0" lastid="0000000001CEB700" lastname="main" />
</exclusive-start>
<allocation-taxation id="40" taxation-threshold="3145728" timestamp="2019-06-15T00:49:57.311" intervalms="98.689" />
<cycle-start id="41" type="partial gc" contextid="0" timestamp="2019-06-15T00:49:57.311" intervalms="248.932" />
<gc-start id="42" type="partial gc" contextid="41" timestamp="2019-06-15T00:49:57.311">
  <mem-info id="43" free="0" total="8388608" percent="0">
    <mem type="eden" free="0" total="6291456" percent="0" />
    <remembered-set count="544" freebytes="332672" totalbytes="334848" percent="99" regionsoverflowed="0" regionsstable="0" regionsrebuilding="0"/>
  </mem-info>
</gc-start>
<allocation-stats totalBytes="6287680" >
  <allocated-bytes non-tlh="317624" tlh="5970056" arrayletleaf="0"/>
  <largest-consumer threadName="main" threadId="0000000001CEB700" bytes="3144344" />
</allocation-stats>
<gc-op id="44" type="mark" timems="2.695" contextid="41" timestamp="2019-06-15T00:49:57.314">
  <trace-info objectcount="19609" scancount="15591" scanbytes="520056" />
  <cardclean-info objects="828" bytes="36068" />
  <remembered-set-cleared processed="201" cleared="201" durationms="0.044" />
  <finalization candidates="50" enqueued="1" />
  <ownableSynchronizers candidates="17" cleared="0" />
  <references type="soft" candidates="358" cleared="0" enqueued="0" dynamicThreshold="12" maxThreshold="32" />
  <references type="weak" candidates="1252" cleared="156" enqueued="142" />
  <references type="phantom" candidates="41" cleared="4" enqueued="4" />
  <stringconstants candidates="4540" cleared="0"  />
  <warning details="Mark invoked due to insufficient free space for Copy-Forward" />
</gc-op>
<gc-op id="45" type="classunload" timems="0.002" contextid="41" timestamp="2019-06-15T00:49:57.315">
  <classunload-info classloadercandidates="10" classloadersunloaded="0" classesunloaded="0" anonymousclassesunloaded="0" quiescems="0.000" setupms="0.002" scanms="0.000" postms="0.000" />
</gc-op>
<gc-op id="46" type="sweep" timems="0.334" contextid="41" timestamp="2019-06-15T00:49:57.315" />
<gc-op id="47" type="compact" timems="4.951" contextid="41" timestamp="2019-06-15T00:49:57.320">
  <compact-info movecount="19560" movebytes="1335448" />
  <remembered-set-cleared processed="3187" cleared="3187" durationms="0.053" />
</gc-op>
<heap-resize id="48" type="contract" space="default" amount="1048576" count="1" timems="0.173" reason="insufficient time being spent in gc" timestamp="2019-06-15T00:49:57.321" />
<gc-end id="49" type="partial gc" contextid="41" durationms="9.715" usertimems="4.000" systemtimems="8.000" timestamp="2019-06-15T00:49:57.321" activeThreads="4">
  <mem-info id="50" free="4194304" total="7340032" percent="57">
    <mem type="eden" free="401280" total="1048576" percent="38" />
    <pending-finalizers system="1" default="0" reference="146" classloader="0" />
    <remembered-set count="2560" freebytes="324608" totalbytes="334848" percent="96" regionsoverflowed="0" regionsstable="0" regionsrebuilding="0"/>
  </mem-info>
</gc-end>
<cycle-end id="51" type="partial gc" contextid="41" timestamp="2019-06-15T00:49:57.321" />
  <attribute name="elasticGC enabled" value="1" />
  <attribute name= "numThreadsSpecified" value="4" />
  <attribute name="heapSize specified" value="0" />
  <attribute name="Current GC Util" value="15" />
  <attribute name= "Current Time Running" value="3263" />
  <attribute name ="GC Interval" value="0" />
  <attribute name="ProportionalT" value="-2.500000" />
  <attribute name="ProportionalI" value="-2.500000" />
  <attribute name="ProportionalH" value="-2.500000" />
  <attribute name="Current Error" value="-5.000000" />
  <attribute name="IntegralT" value="-5.000000" />
  <attribute name="IntegralI" value="-5.000000" />
  <attribute name="IntegralH" value="-5.000000" />
  <attribute name="DerivativeT" value="-30.500000" />
  <attribute name="DerivativeI" value="-30.500000" />
  <attribute name="DerivativeH" value="-30.500000" />
  <attribute name="Loop Time for DT" value="1.000000" />
  <attribute name="Output H" value="2091843584"/>
  <attribute name="Output I" value="200"/>
  <attribute name="Output T" value="4"/>
  <attribute name="Target GC Util Change" value ="20.000000" />
  <attribute name="Current GC Util Change" value="15.000000"/>
  <attribute name="GC Util currently" value="15" />
  <attribute name="CPU Util currently" value="8521569645701" />
<exclusive-end id="52" timestamp="2019-06-15T00:49:57.322" durationms="10.579" />

<exclusive-start id="53" timestamp="2019-06-15T00:50:00.402" intervalms="3091.150">
  <response-info timems="0.065" idlems="0.065" threads="0" lastid="0000000001CEB700" lastname="main" />
</exclusive-start>
<allocation-taxation id="54" taxation-threshold="2097152" timestamp="2019-06-15T00:50:00.402" intervalms="3091.156" />
<gc-start id="55" type="global mark phase" contextid="30" timestamp="2019-06-15T00:50:00.402">
  <mem-info id="56" free="2097152" total="7340032" percent="28">
    <remembered-set count="2144" freebytes="326272" totalbytes="334848" percent="97" regionsoverflowed="0" regionsstable="0" regionsrebuilding="0"/>
  </mem-info>
</gc-start>
<gc-op id="57" type="mark increment" timems="4.353" contextid="30" timestamp="2019-06-15T00:50:00.407">
  <trace-info objectcount="22527" scancount="18225" scanbytes="620568" />
  <cardclean-info objects="940" bytes="41568" />
  <finalization candidates="62" enqueued="0" />
  <ownableSynchronizers candidates="17" cleared="0" />
  <references type="soft" candidates="584" cleared="0" enqueued="0" dynamicThreshold="18" maxThreshold="32" />
  <references type="weak" candidates="1410" cleared="7" enqueued="7" />
  <references type="phantom" candidates="96" cleared="2" enqueued="2" />
  <stringconstants candidates="4884" cleared="0"  />
</gc-op>
<gc-op id="58" type="classunload" timems="0.003" contextid="30" timestamp="2019-06-15T00:50:00.407">
  <classunload-info classloadercandidates="10" classloadersunloaded="0" classesunloaded="0" anonymousclassesunloaded="0" quiescems="0.000" setupms="0.003" scanms="0.000" postms="0.000" />
</gc-op>
<gc-end id="59" type="global mark phase" contextid="30" durationms="4.878" usertimems="8.000" systemtimems="0.000" timestamp="2019-06-15T00:50:00.407" activeThreads="4">
  <mem-info id="60" free="2097152" total="7340032" percent="28">
    <pending-finalizers system="0" default="0" reference="9" classloader="0" />
    <remembered-set count="2144" freebytes="326272" totalbytes="334848" percent="97" regionsoverflowed="0" regionsstable="0" regionsrebuilding="0"/>
  </mem-info>
</gc-end>
<cycle-end id="61" type="global mark phase" contextid="30" timestamp="2019-06-15T00:50:00.407" />
  <attribute name="elasticGC enabled" value="1" />
  <attribute name= "numThreadsSpecified" value="4" />
  <attribute name="heapSize specified" value="0" />
  <attribute name="Current GC Util" value="44" />
  <attribute name= "Current Time Running" value="6353" />
  <attribute name ="GC Interval" value="0" />
  <attribute name="ProportionalT" value="12.000000" />
  <attribute name="ProportionalI" value="12.000000" />
  <attribute name="ProportionalH" value="12.000000" />
  <attribute name="Current Error" value="24.000000" />
  <attribute name="IntegralT" value="48.000000" />
  <attribute name="IntegralI" value="48.000000" />
  <attribute name="IntegralH" value="48.000000" />
  <attribute name="DerivativeT" value="-8.500000" />
  <attribute name="DerivativeI" value="-8.500000" />
  <attribute name="DerivativeH" value="-8.500000" />
  <attribute name="Loop Time for DT" value="2.000000" />
  <attribute name="Output H" value="8388608"/>
  <attribute name="Output I" value="200"/>
  <attribute name="Output T" value="4"/>
  <attribute name="Target GC Util Change" value ="20.000000" />
  <attribute name="Current GC Util Change" value="44.000000"/>
  <attribute name="GC Util currently" value="44" />
  <attribute name="CPU Util currently" value="2089346965533" />
<exclusive-end id="62" timestamp="2019-06-15T00:50:00.408" durationms="5.412" />

<exclusive-start id="63" timestamp="2019-06-15T00:50:00.455" intervalms="53.346">
  <response-info timems="0.041" idlems="0.041" threads="0" lastid="0000000001CEB700" lastname="main" />
</exclusive-start>
<allocation-taxation id="64" taxation-threshold="2097152" timestamp="2019-06-15T00:50:00.456" intervalms="53.344" />
<cycle-start id="65" type="partial gc" contextid="0" timestamp="2019-06-15T00:50:00.456" intervalms="3144.514" />
<gc-start id="66" type="partial gc" contextid="65" timestamp="2019-06-15T00:50:00.456">
  <mem-info id="67" free="0" total="7340032" percent="0">
    <mem type="eden" free="0" total="4194304" percent="0" />
    <remembered-set count="2144" freebytes="326272" totalbytes="334848" percent="97" regionsoverflowed="0" regionsstable="0" regionsrebuilding="0"/>
  </mem-info>
</gc-start>
<allocation-stats totalBytes="4138152" >
  <allocated-bytes non-tlh="76248" tlh="4061904" arrayletleaf="0"/>
  <largest-consumer threadName="main" threadId="0000000001CEB700" bytes="2077104" />
</allocation-stats>
<gc-op id="68" type="sweep" timems="1.447" contextid="65" timestamp="2019-06-15T00:50:00.458" />
<gc-op id="69" type="mark" timems="4.258" contextid="65" timestamp="2019-06-15T00:50:00.463">
  <trace-info objectcount="22536" scancount="18049" scanbytes="602828" />
  <cardclean-info objects="653" bytes="33748" />
  <remembered-set-cleared processed="1515" cleared="1394" durationms="0.063" />
  <finalization candidates="43" enqueued="0" />
  <ownableSynchronizers candidates="1" cleared="0" />
  <references type="soft" candidates="562" cleared="0" enqueued="0" dynamicThreshold="9" maxThreshold="32" />
  <references type="weak" candidates="1206" cleared="24" enqueued="24" />
  <references type="phantom" candidates="10" cleared="1" enqueued="1" />
  <stringconstants candidates="5071" cleared="0"  />
  <warning details="Mark invoked due to insufficient free space for Copy-Forward" />
</gc-op>
<gc-op id="70" type="classunload" timems="0.002" contextid="65" timestamp="2019-06-15T00:50:00.463">
  <classunload-info classloadercandidates="10" classloadersunloaded="0" classesunloaded="0" anonymousclassesunloaded="0" quiescems="0.000" setupms="0.001" scanms="0.000" postms="0.000" />
</gc-op>
<gc-op id="71" type="sweep" timems="1.167" contextid="65" timestamp="2019-06-15T00:50:00.464" />
<gc-op id="72" type="compact" timems="6.170" contextid="65" timestamp="2019-06-15T00:50:00.470">
  <compact-info movecount="22081" movebytes="909848" />
  <remembered-set-cleared processed="7148" cleared="6900" durationms="0.070" />
</gc-op>
<heap-resize id="73" type="expand" space="default" amount="1048576" count="1" timems="0.052" reason="insufficient free space following gc" timestamp="2019-06-15T00:50:00.471" />
<gc-end id="74" type="partial gc" contextid="65" durationms="14.991" usertimems="0.000" systemtimems="16.000" timestamp="2019-06-15T00:50:00.471" activeThreads="4">
  <mem-info id="75" free="4194304" total="8388608" percent="50">
    <mem type="eden" free="750600" total="1048576" percent="71" />
    <pending-finalizers system="0" default="0" reference="25" classloader="0" />
    <remembered-set count="3264" freebytes="321792" totalbytes="334848" percent="96" regionsoverflowed="0" regionsstable="0" regionsrebuilding="0"/>
  </mem-info>
</gc-end>
<cycle-end id="76" type="partial gc" contextid="65" timestamp="2019-06-15T00:50:00.471" />
  <attribute name="elasticGC enabled" value="1" />
  <attribute name= "numThreadsSpecified" value="4" />
  <attribute name="heapSize specified" value="0" />
  <attribute name="Current GC Util" value="69" />
  <attribute name= "Current Time Running" value="6412" />
  <attribute name ="GC Interval" value="0" />
  <attribute name="ProportionalT" value="24.500000" />
  <attribute name="ProportionalI" value="24.500000" />
  <attribute name="ProportionalH" value="24.500000" />
  <attribute name="Current Error" value="49.000000" />
  <attribute name="IntegralT" value="49.000000" />
  <attribute name="IntegralI" value="49.000000" />
  <attribute name="IntegralH" value="49.000000" />
  <attribute name="DerivativeT" value="-5.500000" />
  <attribute name="DerivativeI" value="-5.500000" />
  <attribute name="DerivativeH" value="-5.500000" />
  <attribute name="Loop Time for DT" value="1.000000" />
  <attribute name="Output H" value="8388608"/>
  <attribute name="Output I" value="200"/>
  <attribute name="Output T" value="4"/>
  <attribute name="Target GC Util Change" value ="20.000000" />
  <attribute name="Current GC Util Change" value="69.000000"/>
  <attribute name="GC Util currently" value="69" />
  <attribute name="CPU Util currently" value="3439167278020" />
<exclusive-end id="77" timestamp="2019-06-15T00:50:00.471" durationms="15.726" />

<exclusive-start id="78" timestamp="2019-06-15T00:50:00.538" intervalms="82.202">
  <response-info timems="0.066" idlems="0.066" threads="0" lastid="0000000001CEB700" lastname="main" />
</exclusive-start>
<allocation-taxation id="79" taxation-threshold="2097152" timestamp="2019-06-15T00:50:00.538" intervalms="82.201" />
<cycle-start id="80" type="global mark phase" contextid="0" timestamp="2019-06-15T00:50:00.538" intervalms="3325.181" />
<gc-start id="81" type="global mark phase" contextid="80" timestamp="2019-06-15T00:50:00.538">
  <mem-info id="82" free="2097152" total="8388608" percent="25">
    <remembered-set count="2880" freebytes="323328" totalbytes="334848" percent="96" regionsoverflowed="0" regionsstable="0" regionsrebuilding="0"/>
  </mem-info>
</gc-start>
<gc-op id="83" type="mark increment" timems="1.578" contextid="80" timestamp="2019-06-15T00:50:00.540">
  <trace-info objectcount="128" scancount="0" scanbytes="0" />
</gc-op>
<gc-end id="84" type="global mark phase" contextid="80" durationms="1.721" usertimems="4.000" systemtimems="0.000" timestamp="2019-06-15T00:50:00.540" activeThreads="4">
  <mem-info id="85" free="2097152" total="8388608" percent="25">
    <remembered-set count="2880" freebytes="323328" totalbytes="334848" percent="96" regionsoverflowed="0" regionsstable="0" regionsrebuilding="0"/>
  </mem-info>
</gc-end>
<concurrent-start id="86" type="GMP work packet processing" contextid="80" timestamp="2019-06-15T00:50:00.540">
  <concurrent-mark-start scanTarget="18446744073709551615" />
</concurrent-start>
<exclusive-end id="87" timestamp="2019-06-15T00:50:00.540" durationms="2.180" />

<concurrent-end id="88" type="GMP work packet processing" contextid="80" timestamp="2019-06-15T00:50:00.543">
  <concurrent-mark-end bytesScanned="1166704" reasonForTermination="Completed all work in GC phase" />
</concurrent-end>

<exclusive-start id="89" timestamp="2019-06-15T00:50:00.598" intervalms="60.730">
  <response-info timems="0.058" idlems="0.058" threads="0" lastid="0000000001CEB700" lastname="main" />
</exclusive-start>
<allocation-taxation id="90" taxation-threshold="2097152" timestamp="2019-06-15T00:50:00.598" intervalms="60.728" />
<cycle-start id="91" type="partial gc" contextid="0" timestamp="2019-06-15T00:50:00.599" intervalms="142.967" />
<gc-start id="92" type="partial gc" contextid="91" timestamp="2019-06-15T00:50:00.599">
  <mem-info id="93" free="0" total="8388608" percent="0">
    <mem type="eden" free="0" total="4194304" percent="0" />
    <remembered-set count="2880" freebytes="323328" totalbytes="334848" percent="96" regionsoverflowed="0" regionsstable="0" regionsrebuilding="0"/>
  </mem-info>
</gc-start>
<allocation-stats totalBytes="4189192" >
  <allocated-bytes non-tlh="124544" tlh="4064648" arrayletleaf="0"/>
  <largest-consumer threadName="main" threadId="0000000001CEB700" bytes="2096024" />
</allocation-stats>
<gc-op id="94" type="mark" timems="2.124" contextid="91" timestamp="2019-06-15T00:50:00.602">
  <trace-info objectcount="15183" scancount="13083" scanbytes="471744" />
  <cardclean-info objects="1704" bytes="76560" />
  <remembered-set-cleared processed="2434" cleared="1054" durationms="0.068" />
  <finalization candidates="12" enqueued="0" />
  <ownableSynchronizers candidates="2" cleared="0" />
  <references type="soft" candidates="441" cleared="0" enqueued="0" dynamicThreshold="8" maxThreshold="32" />
  <references type="weak" candidates="1892" cleared="434" enqueued="286" />
  <references type="phantom" candidates="3" cleared="1" enqueued="1" />
  <stringconstants candidates="6036" cleared="0"  />
  <warning details="Mark invoked due to insufficient free space for Copy-Forward" />
</gc-op>
<gc-op id="95" type="classunload" timems="0.002" contextid="91" timestamp="2019-06-15T00:50:00.602">
  <classunload-info classloadercandidates="11" classloadersunloaded="0" classesunloaded="0" anonymousclassesunloaded="0" quiescems="0.000" setupms="0.002" scanms="0.000" postms="0.000" />
</gc-op>
<gc-op id="96" type="sweep" timems="0.322" contextid="91" timestamp="2019-06-15T00:50:00.602" />
<gc-op id="97" type="compact" timems="7.147" contextid="91" timestamp="2019-06-15T00:50:00.610">
  <compact-info movecount="14796" movebytes="665088" />
  <remembered-set-cleared processed="12096" cleared="9293" durationms="0.105" />
</gc-op>
<heap-resize id="98" type="expand" space="default" amount="1048576" count="1" timems="0.057" reason="insufficient free space following gc" timestamp="2019-06-15T00:50:00.610" />
<gc-end id="99" type="partial gc" contextid="91" durationms="11.035" usertimems="8.000" systemtimems="0.000" timestamp="2019-06-15T00:50:00.610" activeThreads="4">
  <mem-info id="100" free="4194304" total="9437184" percent="44">
    <mem type="eden" free="607128" total="1048576" percent="57" />
    <pending-finalizers system="0" default="0" reference="287" classloader="0" />
    <remembered-set count="5184" freebytes="355968" totalbytes="376704" percent="94" regionsoverflowed="0" regionsstable="0" regionsrebuilding="0"/>
  </mem-info>
</gc-end>
<cycle-end id="101" type="partial gc" contextid="91" timestamp="2019-06-15T00:50:00.610" />
  <attribute name="elasticGC enabled" value="1" />
  <attribute name= "numThreadsSpecified" value="4" />
  <attribute name="heapSize specified" value="0" />
  <attribute name="Current GC Util" value="16" />
  <attribute name= "Current Time Running" value="6550" />
  <attribute name ="GC Interval" value="0" />
  <attribute name="ProportionalT" value="-2.000000" />
  <attribute name="ProportionalI" value="-2.000000" />
  <attribute name="ProportionalH" value="-2.000000" />
  <attribute name="Current Error" value="-4.000000" />
  <attribute name="IntegralT" value="0.000000" />
  <attribute name="IntegralI" value="0.000000" />
  <attribute name="IntegralH" value="0.000000" />
  <attribute name="DerivativeT" value="-inf" />
  <attribute name="DerivativeI" value="-inf" />
  <attribute name="DerivativeH" value="-inf" />
  <attribute name="Loop Time for DT" value="0.000000" />
  <attribute name="Output H" value="2091843584"/>
  <attribute name="Output I" value="200"/>
  <attribute name="Output T" value="4"/>
  <attribute name="Target GC Util Change" value ="20.000000" />
  <attribute name="Current GC Util Change" value="16.000000"/>
  <attribute name="GC Util currently" value="16" />
  <attribute name="CPU Util currently" value="8291073934400" />
<exclusive-end id="102" timestamp="2019-06-15T00:50:00.610" durationms="11.920" />

<exclusive-start id="103" timestamp="2019-06-15T00:50:00.658" intervalms="59.368">
  <response-info timems="0.055" idlems="0.055" threads="0" lastid="0000000001CEB700" lastname="main" />
</exclusive-start>
<allocation-taxation id="104" taxation-threshold="2097152" timestamp="2019-06-15T00:50:00.658" intervalms="59.386" />
<gc-start id="105" type="global mark phase" contextid="80" timestamp="2019-06-15T00:50:00.658">
  <mem-info id="106" free="2097152" total="9437184" percent="22">
    <remembered-set count="4768" freebytes="357632" totalbytes="376704" percent="94" regionsoverflowed="0" regionsstable="0" regionsrebuilding="0"/>
  </mem-info>
</gc-start>
<gc-op id="107" type="mark increment" timems="2.848" contextid="80" timestamp="2019-06-15T00:50:00.661">
  <trace-info objectcount="17973" scancount="15521" scanbytes="564980" />
  <cardclean-info objects="2400" bytes="107136" />
  <finalization candidates="80" enqueued="0" />
  <ownableSynchronizers candidates="21" cleared="0" />
  <references type="soft" candidates="968" cleared="0" enqueued="0" dynamicThreshold="14" maxThreshold="32" />
  <references type="weak" candidates="3182" cleared="231" enqueued="158" />
  <references type="phantom" candidates="104" cleared="3" enqueued="3" />
  <stringconstants candidates="6222" cleared="0"  />
</gc-op>
<gc-op id="108" type="classunload" timems="0.004" contextid="80" timestamp="2019-06-15T00:50:00.661">
  <classunload-info classloadercandidates="11" classloadersunloaded="0" classesunloaded="0" anonymousclassesunloaded="0" quiescems="0.000" setupms="0.004" scanms="0.000" postms="0.000" />
</gc-op>
<gc-end id="109" type="global mark phase" contextid="80" durationms="3.139" usertimems="4.000" systemtimems="0.000" timestamp="2019-06-15T00:50:00.661" activeThreads="4">
  <mem-info id="110" free="2097152" total="9437184" percent="22">
    <pending-finalizers system="0" default="0" reference="161" classloader="0" />
    <remembered-set count="4768" freebytes="357632" totalbytes="376704" percent="94" regionsoverflowed="0" regionsstable="0" regionsrebuilding="0"/>
  </mem-info>
</gc-end>
<cycle-end id="111" type="global mark phase" contextid="80" timestamp="2019-06-15T00:50:00.661" />
  <attribute name="elasticGC enabled" value="1" />
  <attribute name= "numThreadsSpecified" value="4" />
  <attribute name="heapSize specified" value="0" />
  <attribute name="Current GC Util" value="31" />
  <attribute name= "Current Time Running" value="6608" />
  <attribute name ="GC Interval" value="0" />
  <attribute name="ProportionalT" value="5.500000" />
  <attribute name="ProportionalI" value="5.500000" />
  <attribute name="ProportionalH" value="5.500000" />
  <attribute name="Current Error" value="11.000000" />
  <attribute name="IntegralT" value="11.000000" />
  <attribute name="IntegralI" value="11.000000" />
  <attribute name="IntegralH" value="11.000000" />
  <attribute name="DerivativeT" value="5.500000" />
  <attribute name="DerivativeI" value="5.500000" />
  <attribute name="DerivativeH" value="5.500000" />
  <attribute name="Loop Time for DT" value="1.000000" />
  <attribute name="Output H" value="8388608"/>
  <attribute name="Output I" value="200"/>
  <attribute name="Output T" value="4"/>
  <attribute name="Target GC Util Change" value ="20.000000" />
  <attribute name="Current GC Util Change" value="31.000000"/>
  <attribute name="GC Util currently" value="31" />
  <attribute name="CPU Util currently" value="3717356867172" />
<exclusive-end id="112" timestamp="2019-06-15T00:50:00.661" durationms="3.687" />

<exclusive-start id="113" timestamp="2019-06-15T00:50:00.682" intervalms="24.070">
  <response-info timems="0.063" idlems="0.063" threads="0" lastid="0000000001CEB700" lastname="main" />
</exclusive-start>
<allocation-taxation id="114" taxation-threshold="2097152" timestamp="2019-06-15T00:50:00.682" intervalms="24.066" />
<cycle-start id="115" type="partial gc" contextid="0" timestamp="2019-06-15T00:50:00.682" intervalms="83.423" />
<gc-start id="116" type="partial gc" contextid="115" timestamp="2019-06-15T00:50:00.682">
  <mem-info id="117" free="0" total="9437184" percent="0">
    <mem type="eden" free="368176" total="4194304" percent="8" />
    <remembered-set count="4768" freebytes="357632" totalbytes="376704" percent="94" regionsoverflowed="0" regionsstable="0" regionsrebuilding="0"/>
  </mem-info>
</gc-start>
<allocation-stats totalBytes="3776984" >
  <allocated-bytes non-tlh="1151968" tlh="2625016" arrayletleaf="0"/>
  <largest-consumer threadName="main" threadId="0000000001CEB700" bytes="1762872" />
</allocation-stats>
<gc-op id="118" type="sweep" timems="0.396" contextid="115" timestamp="2019-06-15T00:50:00.683" />
<gc-op id="119" type="mark" timems="1.822" contextid="115" timestamp="2019-06-15T00:50:00.685">
  <trace-info objectcount="13412" scancount="11346" scanbytes="420740" />
  <cardclean-info objects="1342" bytes="72428" />
  <remembered-set-cleared processed="3981" cleared="1774" durationms="0.082" />
  <finalization candidates="15" enqueued="0" />
  <ownableSynchronizers candidates="4" cleared="0" />
  <references type="soft" candidates="339" cleared="0" enqueued="0" dynamicThreshold="7" maxThreshold="32" />
  <references type="weak" candidates="1483" cleared="1" enqueued="1" />
  <references type="phantom" candidates="7" cleared="0" enqueued="0" />
  <stringconstants candidates="6418" cleared="0"  />
  <warning details="Mark invoked due to insufficient free space for Copy-Forward" />
</gc-op>
<gc-op id="120" type="classunload" timems="0.003" contextid="115" timestamp="2019-06-15T00:50:00.685">
  <classunload-info classloadercandidates="11" classloadersunloaded="0" classesunloaded="0" anonymousclassesunloaded="0" quiescems="0.000" setupms="0.002" scanms="0.000" postms="0.000" />
</gc-op>
<gc-op id="121" type="sweep" timems="1.811" contextid="115" timestamp="2019-06-15T00:50:00.687" />
<gc-op id="122" type="compact" timems="6.388" contextid="115" timestamp="2019-06-15T00:50:00.694">
  <compact-info movecount="12490" movebytes="1603936" />
  <remembered-set-cleared processed="12574" cleared="8146" durationms="0.088" />
</gc-op>
<heap-resize id="123" type="expand" space="default" amount="4194304" count="1" timems="0.074" reason="insufficient free space following gc" timestamp="2019-06-15T00:50:00.694" />
<gc-end id="124" type="partial gc" contextid="115" durationms="12.288" usertimems="12.000" systemtimems="0.000" timestamp="2019-06-15T00:50:00.694" activeThreads="4">
  <mem-info id="125" free="6291456" total="13631488" percent="46">
    <mem type="eden" free="849192" total="2097152" percent="40" />
    <pending-finalizers system="0" default="0" reference="1" classloader="0" />
    <remembered-set count="5952" freebytes="520320" totalbytes="544128" percent="95" regionsoverflowed="0" regionsstable="0" regionsrebuilding="0"/>
  </mem-info>
</gc-end>
<cycle-end id="126" type="partial gc" contextid="115" timestamp="2019-06-15T00:50:00.695" />
  <attribute name="elasticGC enabled" value="1" />
  <attribute name= "numThreadsSpecified" value="4" />
  <attribute name="heapSize specified" value="0" />
  <attribute name="Current GC Util" value="79" />
  <attribute name= "Current Time Running" value="6635" />
  <attribute name ="GC Interval" value="0" />
  <attribute name="ProportionalT" value="29.500000" />
  <attribute name="ProportionalI" value="29.500000" />
  <attribute name="ProportionalH" value="29.500000" />
  <attribute name="Current Error" value="59.000000" />
  <attribute name="IntegralT" value="118.000000" />
  <attribute name="IntegralI" value="118.000000" />
  <attribute name="IntegralH" value="118.000000" />
  <attribute name="DerivativeT" value="14.750000" />
  <attribute name="DerivativeI" value="14.750000" />
  <attribute name="DerivativeH" value="14.750000" />
  <attribute name="Loop Time for DT" value="2.000000" />
  <attribute name="Output H" value="8388608"/>
  <attribute name="Output I" value="200"/>
  <attribute name="Output T" value="4"/>
  <attribute name="Target GC Util Change" value ="20.000000" />
  <attribute name="Current GC Util Change" value="79.000000"/>
  <attribute name="GC Util currently" value="79" />
  <attribute name="CPU Util currently" value="2245081013233" />
<exclusive-end id="127" timestamp="2019-06-15T00:50:00.695" durationms="13.114" />

<exclusive-start id="128" timestamp="2019-06-15T00:50:00.785" intervalms="103.669">
  <response-info timems="0.054" idlems="0.054" threads="0" lastid="0000000001CEB700" lastname="main" />
</exclusive-start>
<allocation-taxation id="129" taxation-threshold="3145728" timestamp="2019-06-15T00:50:00.786" intervalms="103.709" />
<cycle-start id="130" type="global mark phase" contextid="0" timestamp="2019-06-15T00:50:00.786" intervalms="247.954" />
<gc-start id="131" type="global mark phase" contextid="130" timestamp="2019-06-15T00:50:00.786">
  <mem-info id="132" free="3145728" total="13631488" percent="23">
    <remembered-set count="5600" freebytes="521728" totalbytes="544128" percent="95" regionsoverflowed="0" regionsstable="0" regionsrebuilding="0"/>
  </mem-info>
</gc-start>
<gc-op id="133" type="mark increment" timems="1.817" contextid="130" timestamp="2019-06-15T00:50:00.788">
  <trace-info objectcount="165" scancount="0" scanbytes="0" />
</gc-op>
<gc-end id="134" type="global mark phase" contextid="130" durationms="2.243" usertimems="0.000" systemtimems="4.000" timestamp="2019-06-15T00:50:00.788" activeThreads="4">
  <mem-info id="135" free="3145728" total="13631488" percent="23">
    <remembered-set count="5600" freebytes="521728" totalbytes="544128" percent="95" regionsoverflowed="0" regionsstable="0" regionsrebuilding="0"/>
  </mem-info>
</gc-end>
<concurrent-start id="136" type="GMP work packet processing" contextid="130" timestamp="2019-06-15T00:50:00.788">
  <concurrent-mark-start scanTarget="18446744073709551615" />
</concurrent-start>
<exclusive-end id="137" timestamp="2019-06-15T00:50:00.788" durationms="2.973" />

<concurrent-end id="138" type="GMP work packet processing" contextid="130" timestamp="2019-06-15T00:50:00.793">
  <concurrent-mark-end bytesScanned="1733424" reasonForTermination="Completed all work in GC phase" />
</concurrent-end>

<exclusive-start id="139" timestamp="2019-06-15T00:50:00.868" intervalms="83.011">
  <response-info timems="0.053" idlems="0.053" threads="0" lastid="0000000001CEB700" lastname="main" />
</exclusive-start>
<allocation-taxation id="140" taxation-threshold="3145728" timestamp="2019-06-15T00:50:00.869" intervalms="83.038" />
<cycle-start id="141" type="partial gc" contextid="0" timestamp="2019-06-15T00:50:00.869" intervalms="186.816" />
<gc-start id="142" type="partial gc" contextid="141" timestamp="2019-06-15T00:50:00.869">
  <mem-info id="143" free="0" total="13631488" percent="0">
    <mem type="eden" free="849192" total="7340032" percent="11" />
    <remembered-set count="5600" freebytes="521728" totalbytes="544128" percent="95" regionsoverflowed="0" regionsstable="0" regionsrebuilding="0"/>
  </mem-info>
</gc-start>
<allocation-stats totalBytes="6265120" >
  <allocated-bytes non-tlh="355648" tlh="5909472" arrayletleaf="0"/>
  <largest-consumer threadName="main" threadId="0000000001CEB700" bytes="3142904" />
</allocation-stats>
<gc-op id="144" type="mark" timems="2.925" contextid="141" timestamp="2019-06-15T00:50:00.873">
  <trace-info objectcount="13656" scancount="10711" scanbytes="448768" />
  <cardclean-info objects="1029" bytes="62020" />
  <remembered-set-cleared processed="4604" cleared="820" durationms="0.090" />
  <finalization candidates="6" enqueued="0" />
  <ownableSynchronizers candidates="2" cleared="0" />
  <references type="soft" candidates="160" cleared="0" enqueued="0" dynamicThreshold="7" maxThreshold="32" />
  <references type="weak" candidates="864" cleared="2" enqueued="2" />
  <references type="phantom" candidates="5" cleared="0" enqueued="0" />
  <stringconstants candidates="7201" cleared="0"  />
  <warning details="Mark invoked due to insufficient free space for Copy-Forward" />
</gc-op>
<gc-op id="145" type="classunload" timems="0.003" contextid="141" timestamp="2019-06-15T00:50:00.873">
  <classunload-info classloadercandidates="11" classloadersunloaded="0" classesunloaded="0" anonymousclassesunloaded="0" quiescems="0.000" setupms="0.002" scanms="0.000" postms="0.000" />
</gc-op>
<gc-op id="146" type="sweep" timems="1.020" contextid="141" timestamp="2019-06-15T00:50:00.875" />
<gc-op id="147" type="compact" timems="4.678" contextid="141" timestamp="2019-06-15T00:50:00.880">
  <compact-info movecount="11141" movebytes="938496" />
  <remembered-set-cleared processed="12858" cleared="5252" durationms="0.094" />
</gc-op>
<gc-end id="148" type="partial gc" contextid="141" durationms="10.724" usertimems="0.000" systemtimems="8.000" timestamp="2019-06-15T00:50:00.880" activeThreads="4">
  <mem-info id="149" free="6291456" total="13631488" percent="46">
    <mem type="eden" free="570480" total="1048576" percent="54" />
    <pending-finalizers system="0" default="0" reference="2" classloader="0" />
    <remembered-set count="7072" freebytes="515840" totalbytes="544128" percent="94" regionsoverflowed="0" regionsstable="0" regionsrebuilding="0"/>
  </mem-info>
</gc-end>
<cycle-end id="150" type="partial gc" contextid="141" timestamp="2019-06-15T00:50:00.880" />
  <attribute name="elasticGC enabled" value="1" />
  <attribute name= "numThreadsSpecified" value="4" />
  <attribute name="heapSize specified" value="0" />
  <attribute name="Current GC Util" value="61" />
  <attribute name= "Current Time Running" value="6823" />
  <attribute name ="GC Interval" value="0" />
  <attribute name="ProportionalT" value="20.500000" />
  <attribute name="ProportionalI" value="20.500000" />
  <attribute name="ProportionalH" value="20.500000" />
  <attribute name="Current Error" value="41.000000" />
  <attribute name="IntegralT" value="82.000000" />
  <attribute name="IntegralI" value="82.000000" />
  <attribute name="IntegralH" value="82.000000" />
  <attribute name="DerivativeT" value="-2.500000" />
  <attribute name="DerivativeI" value="-2.500000" />
  <attribute name="DerivativeH" value="-2.500000" />
  <attribute name="Loop Time for DT" value="2.000000" />
  <attribute name="Output H" value="8388608"/>
  <attribute name="Output I" value="200"/>
  <attribute name="Output T" value="4"/>
  <attribute name="Target GC Util Change" value ="20.000000" />
  <attribute name="Current GC Util Change" value="61.000000"/>
  <attribute name="GC Util currently" value="61" />
  <attribute name="CPU Util currently" value="3605310468022" />
<exclusive-end id="151" timestamp="2019-06-15T00:50:00.880" durationms="11.790" />

<exclusive-start id="152" timestamp="2019-06-15T00:50:00.943" intervalms="74.796">
  <response-info timems="0.057" idlems="0.057" threads="0" lastid="0000000001CEB700" lastname="main" />
</exclusive-start>
<allocation-taxation id="153" taxation-threshold="3145728" timestamp="2019-06-15T00:50:00.943" intervalms="74.758" />
<gc-start id="154" type="global mark phase" contextid="130" timestamp="2019-06-15T00:50:00.944">
  <mem-info id="155" free="3145728" total="13631488" percent="23">
    <remembered-set count="6656" freebytes="517504" totalbytes="544128" percent="95" regionsoverflowed="0" regionsstable="0" regionsrebuilding="0"/>
  </mem-info>
</gc-start>
<gc-op id="156" type="mark increment" timems="6.241" contextid="130" timestamp="2019-06-15T00:50:00.950">
  <trace-info objectcount="17202" scancount="13837" scanbytes="563812" />
  <cardclean-info objects="2031" bytes="104544" />
  <finalization candidates="80" enqueued="0" />
  <ownableSynchronizers candidates="21" cleared="0" />
  <references type="soft" candidates="1022" cleared="0" enqueued="0" dynamicThreshold="14" maxThreshold="32" />
  <references type="weak" candidates="3693" cleared="0" enqueued="0" />
  <references type="phantom" candidates="101" cleared="0" enqueued="0" />
  <stringconstants candidates="7387" cleared="0"  />
</gc-op>
<gc-op id="157" type="classunload" timems="0.004" contextid="130" timestamp="2019-06-15T00:50:00.950">
  <classunload-info classloadercandidates="11" classloadersunloaded="0" classesunloaded="0" anonymousclassesunloaded="0" quiescems="0.000" setupms="0.004" scanms="0.000" postms="0.000" />
</gc-op>
<gc-end id="158" type="global mark phase" contextid="130" durationms="6.701" usertimems="0.000" systemtimems="4.000" timestamp="2019-06-15T00:50:00.950" activeThreads="4">
  <mem-info id="159" free="3145728" total="13631488" percent="23">
    <remembered-set count="6656" freebytes="517504" totalbytes="544128" percent="95" regionsoverflowed="0" regionsstable="0" regionsrebuilding="0"/>
  </mem-info>
</gc-end>
<cycle-end id="160" type="global mark phase" contextid="130" timestamp="2019-06-15T00:50:00.950" />
  <attribute name="elasticGC enabled" value="1" />
  <attribute name= "numThreadsSpecified" value="4" />
  <attribute name="heapSize specified" value="0" />
  <attribute name="Current GC Util" value="46" />
  <attribute name= "Current Time Running" value="6895" />
  <attribute name ="GC Interval" value="0" />
  <attribute name="ProportionalT" value="13.000000" />
  <attribute name="ProportionalI" value="13.000000" />
  <attribute name="ProportionalH" value="13.000000" />
  <attribute name="Current Error" value="26.000000" />
  <attribute name="IntegralT" value="52.000000" />
  <attribute name="IntegralI" value="52.000000" />
  <attribute name="IntegralH" value="52.000000" />
  <attribute name="DerivativeT" value="3.250000" />
  <attribute name="DerivativeI" value="3.250000" />
  <attribute name="DerivativeH" value="3.250000" />
  <attribute name="Loop Time for DT" value="2.000000" />
  <attribute name="Output H" value="8388608"/>
  <attribute name="Output I" value="200"/>
  <attribute name="Output T" value="4"/>
  <attribute name="Target GC Util Change" value ="20.000000" />
  <attribute name="Current GC Util Change" value="46.000000"/>
  <attribute name="GC Util currently" value="46" />
  <attribute name="CPU Util currently" value="2443937708169" />
<exclusive-end id="161" timestamp="2019-06-15T00:50:00.951" durationms="7.258" />

<exclusive-start id="162" timestamp="2019-06-15T00:50:00.990" intervalms="47.105">
  <response-info timems="0.030" idlems="0.030" threads="0" lastid="0000000001CEB700" lastname="main" />
</exclusive-start>
<allocation-taxation id="163" taxation-threshold="3145728" timestamp="2019-06-15T00:50:00.990" intervalms="47.069" />
<cycle-start id="164" type="partial gc" contextid="0" timestamp="2019-06-15T00:50:00.991" intervalms="121.741" />
<gc-start id="165" type="partial gc" contextid="164" timestamp="2019-06-15T00:50:00.991">
  <mem-info id="166" free="0" total="13631488" percent="0">
    <mem type="eden" free="570480" total="7340032" percent="7" />
    <remembered-set count="6656" freebytes="517504" totalbytes="544128" percent="95" regionsoverflowed="0" regionsstable="0" regionsrebuilding="0"/>
  </mem-info>
</gc-start>
<allocation-stats totalBytes="6287128" >
  <allocated-bytes non-tlh="46408" tlh="6240720" arrayletleaf="0"/>
  <largest-consumer threadName="main" threadId="0000000001CEB700" bytes="3143120" />
</allocation-stats>
<gc-op id="167" type="sweep" timems="2.134" contextid="164" timestamp="2019-06-15T00:50:00.993" />
<gc-op id="168" type="mark" timems="4.685" contextid="164" timestamp="2019-06-15T00:50:00.999">
  <trace-info objectcount="17387" scancount="14377" scanbytes="582648" />
  <cardclean-info objects="487" bytes="22964" />
  <remembered-set-cleared processed="5990" cleared="1443" durationms="0.096" />
  <references type="soft" candidates="54" cleared="0" enqueued="0" dynamicThreshold="7" maxThreshold="32" />
  <references type="weak" candidates="890" cleared="0" enqueued="0" />
  <stringconstants candidates="7470" cleared="0"  />
  <warning details="Mark invoked due to insufficient free space for Copy-Forward" />
</gc-op>
<gc-op id="169" type="classunload" timems="0.002" contextid="164" timestamp="2019-06-15T00:50:00.999">
  <classunload-info classloadercandidates="11" classloadersunloaded="0" classesunloaded="0" anonymousclassesunloaded="0" quiescems="0.000" setupms="0.002" scanms="0.000" postms="0.000" />
</gc-op>
<gc-op id="170" type="sweep" timems="1.051" contextid="164" timestamp="2019-06-15T00:50:01.000" />
<gc-op id="171" type="compact" timems="5.238" contextid="164" timestamp="2019-06-15T00:50:01.006">
  <compact-info movecount="16901" movebytes="747504" />
  <remembered-set-cleared processed="15669" cleared="6563" durationms="0.102" />
</gc-op>
<gc-end id="172" type="partial gc" contextid="164" durationms="15.182" usertimems="12.000" systemtimems="0.000" timestamp="2019-06-15T00:50:01.006" activeThreads="4">
  <mem-info id="173" free="5242880" total="13631488" percent="38">
    <mem type="eden" free="1328936" total="2097152" percent="63" />
    <remembered-set count="8448" freebytes="510336" totalbytes="544128" percent="93" regionsoverflowed="0" regionsstable="0" regionsrebuilding="0"/>
  </mem-info>
</gc-end>
<cycle-end id="174" type="partial gc" contextid="164" timestamp="2019-06-15T00:50:01.006" />
  <attribute name="elasticGC enabled" value="1" />
  <attribute name= "numThreadsSpecified" value="4" />
  <attribute name="heapSize specified" value="0" />
  <attribute name="Current GC Util" value="61" />
  <attribute name= "Current Time Running" value="6948" />
  <attribute name ="GC Interval" value="0" />
  <attribute name="ProportionalT" value="20.500000" />
  <attribute name="ProportionalI" value="20.500000" />
  <attribute name="ProportionalH" value="20.500000" />
  <attribute name="Current Error" value="41.000000" />
  <attribute name="IntegralT" value="41.000000" />
  <attribute name="IntegralI" value="41.000000" />
  <attribute name="IntegralH" value="41.000000" />
  <attribute name="DerivativeT" value="-12.500000" />
  <attribute name="DerivativeI" value="-12.500000" />
  <attribute name="DerivativeH" value="-12.500000" />
  <attribute name="Loop Time for DT" value="1.000000" />
  <attribute name="Output H" value="8388608"/>
  <attribute name="Output I" value="200"/>
  <attribute name="Output T" value="4"/>
  <attribute name="Target GC Util Change" value ="20.000000" />
  <attribute name="Current GC Util Change" value="61.000000"/>
  <attribute name="GC Util currently" value="61" />
  <attribute name="CPU Util currently" value="3529769352002" />
<exclusive-end id="175" timestamp="2019-06-15T00:50:01.006" durationms="15.907" />

<exclusive-start id="176" timestamp="2019-06-15T00:50:01.077" intervalms="86.661">
  <response-info timems="0.067" idlems="0.067" threads="0" lastid="0000000001CEB700" lastname="main" />
</exclusive-start>
<allocation-taxation id="177" taxation-threshold="5242880" timestamp="2019-06-15T00:50:01.077" intervalms="86.728" />
<cycle-start id="178" type="partial gc" contextid="0" timestamp="2019-06-15T00:50:01.077" intervalms="86.798" />
<gc-start id="179" type="partial gc" contextid="178" timestamp="2019-06-15T00:50:01.078">
  <mem-info id="180" free="0" total="13631488" percent="0">
    <mem type="eden" free="0" total="5242880" percent="0" />
    <remembered-set count="8032" freebytes="512000" totalbytes="544128" percent="94" regionsoverflowed="0" regionsstable="0" regionsrebuilding="0"/>
  </mem-info>
</gc-start>
<allocation-stats totalBytes="5241120" >
  <allocated-bytes non-tlh="40008" tlh="5201112" arrayletleaf="0"/>
  <largest-consumer threadName="main" threadId="0000000001CEB700" bytes="5241120" />
</allocation-stats>
<gc-op id="181" type="mark" timems="2.394" contextid="178" timestamp="2019-06-15T00:50:01.081">
  <trace-info objectcount="15956" scancount="13552" scanbytes="537316" />
  <cardclean-info objects="3248" bytes="167464" />
  <remembered-set-cleared processed="7330" cleared="1822" durationms="0.112" />
  <references type="soft" candidates="2" cleared="0" enqueued="0" dynamicThreshold="12" maxThreshold="32" />
  <references type="weak" candidates="465" cleared="5" enqueued="5" />
  <stringconstants candidates="7641" cleared="0"  />
  <warning details="Mark invoked due to insufficient free space for Copy-Forward" />
</gc-op>
<gc-op id="182" type="classunload" timems="0.002" contextid="178" timestamp="2019-06-15T00:50:01.081">
  <classunload-info classloadercandidates="11" classloadersunloaded="0" classesunloaded="0" anonymousclassesunloaded="0" quiescems="0.000" setupms="0.002" scanms="0.000" postms="0.000" />
</gc-op>
<gc-op id="183" type="sweep" timems="1.856" contextid="178" timestamp="2019-06-15T00:50:01.083" />
<gc-op id="184" type="compact" timems="6.947" contextid="178" timestamp="2019-06-15T00:50:01.091">
  <compact-info movecount="13561" movebytes="597480" />
  <remembered-set-cleared processed="18070" cleared="7031" durationms="0.112" />
</gc-op>
<heap-resize id="185" type="expand" space="default" amount="2097152" count="1" timems="0.064" reason="insufficient free space following gc" timestamp="2019-06-15T00:50:01.091" />
<gc-end id="186" type="partial gc" contextid="178" durationms="13.341" usertimems="12.000" systemtimems="0.000" timestamp="2019-06-15T00:50:01.091" activeThreads="4">
  <mem-info id="187" free="6291456" total="15728640" percent="40">
    <mem type="eden" free="649736" total="1048576" percent="61" />
    <pending-finalizers system="0" default="0" reference="5" classloader="0" />
    <remembered-set count="9952" freebytes="588032" totalbytes="627840" percent="93" regionsoverflowed="0" regionsstable="0" regionsrebuilding="0"/>
  </mem-info>
</gc-end>
<cycle-end id="188" type="partial gc" contextid="178" timestamp="2019-06-15T00:50:01.091" />
  <attribute name="elasticGC enabled" value="1" />
  <attribute name= "numThreadsSpecified" value="4" />
  <attribute name="heapSize specified" value="0" />
  <attribute name="Current GC Util" value="95" />
  <attribute name= "Current Time Running" value="7031" />
  <attribute name ="GC Interval" value="0" />
  <attribute name="ProportionalT" value="37.500000" />
  <attribute name="ProportionalI" value="37.500000" />
  <attribute name="ProportionalH" value="37.500000" />
  <attribute name="Current Error" value="75.000000" />
  <attribute name="IntegralT" value="150.000000" />
  <attribute name="IntegralI" value="150.000000" />
  <attribute name="IntegralH" value="150.000000" />
  <attribute name="DerivativeT" value="18.750000" />
  <attribute name="DerivativeI" value="18.750000" />
  <attribute name="DerivativeH" value="18.750000" />
  <attribute name="Loop Time for DT" value="2.000000" />
  <attribute name="Output H" value="8388608"/>
  <attribute name="Output I" value="208"/>
  <attribute name="Output T" value="4"/>
  <attribute name="Target GC Util Change" value ="20.000000" />
  <attribute name="Current GC Util Change" value="95.000000"/>
  <attribute name="GC Util currently" value="95" />
  <attribute name="CPU Util currently" value="2180937448602" />
<exclusive-end id="189" timestamp="2019-06-15T00:50:01.091" durationms="14.307" />

<exclusive-start id="190" timestamp="2019-06-15T00:50:01.168" intervalms="90.941">
  <response-info timems="0.035" idlems="0.035" threads="0" lastid="0000000001CEB700" lastname="main" />
</exclusive-start>
<allocation-taxation id="191" taxation-threshold="6291456" timestamp="2019-06-15T00:50:01.168" intervalms="90.942" />
<cycle-start id="192" type="partial gc" contextid="0" timestamp="2019-06-15T00:50:01.168" intervalms="90.912" />
<gc-start id="193" type="partial gc" contextid="192" timestamp="2019-06-15T00:50:01.169">
  <mem-info id="194" free="0" total="15728640" percent="0">
    <mem type="eden" free="0" total="6291456" percent="0" />
    <remembered-set count="9952" freebytes="588032" totalbytes="627840" percent="93" regionsoverflowed="0" regionsstable="0" regionsrebuilding="0"/>
  </mem-info>
</gc-start>
<allocation-stats totalBytes="6290200" >
  <allocated-bytes non-tlh="292136" tlh="5998064" arrayletleaf="0"/>
  <largest-consumer threadName="main" threadId="0000000001CEB700" bytes="6290200" />
</allocation-stats>
<gc-op id="195" type="mark" timems="2.552" contextid="192" timestamp="2019-06-15T00:50:01.172">
  <trace-info objectcount="15137" scancount="13522" scanbytes="583492" />
  <cardclean-info objects="1819" bytes="94820" />
  <remembered-set-cleared processed="8463" cleared="1446" durationms="0.121" />
  <references type="soft" candidates="73" cleared="0" enqueued="0" dynamicThreshold="12" maxThreshold="32" />
  <references type="weak" candidates="184" cleared="0" enqueued="0" />
  <references type="phantom" candidates="1" cleared="0" enqueued="0" />
  <stringconstants candidates="7846" cleared="0"  />
  <warning details="Mark invoked due to insufficient free space for Copy-Forward" />
</gc-op>
<gc-op id="196" type="classunload" timems="0.002" contextid="192" timestamp="2019-06-15T00:50:01.172">
  <classunload-info classloadercandidates="12" classloadersunloaded="0" classesunloaded="0" anonymousclassesunloaded="0" quiescems="0.000" setupms="0.002" scanms="0.000" postms="0.000" />
</gc-op>
<gc-op id="197" type="sweep" timems="1.798" contextid="192" timestamp="2019-06-15T00:50:01.174" />
<gc-op id="198" type="compact" timems="8.391" contextid="192" timestamp="2019-06-15T00:50:01.183">
  <compact-info movecount="15099" movebytes="1019168" />
  <remembered-set-cleared processed="19812" cleared="5746" durationms="0.121" />
</gc-op>
<heap-resize id="199" type="expand" space="default" amount="1048576" count="1" timems="0.054" reason="insufficient free space following gc" timestamp="2019-06-15T00:50:01.183" />
<gc-end id="200" type="partial gc" contextid="192" durationms="14.895" usertimems="16.000" systemtimems="0.000" timestamp="2019-06-15T00:50:01.183" activeThreads="4">
  <mem-info id="201" free="6291456" total="16777216" percent="37">
    <mem type="eden" free="163672" total="1048576" percent="15" />
    <remembered-set count="10688" freebytes="626944" totalbytes="669696" percent="93" regionsoverflowed="0" regionsstable="0" regionsrebuilding="0"/>
  </mem-info>
</gc-end>
<cycle-end id="202" type="partial gc" contextid="192" timestamp="2019-06-15T00:50:01.184" />
  <attribute name="elasticGC enabled" value="1" />
  <attribute name= "numThreadsSpecified" value="4" />
  <attribute name="heapSize specified" value="0" />
  <attribute name="Current GC Util" value="100" />
  <attribute name= "Current Time Running" value="7122" />
  <attribute name ="GC Interval" value="0" />
  <attribute name="ProportionalT" value="40.000000" />
  <attribute name="ProportionalI" value="40.000000" />
  <attribute name="ProportionalH" value="40.000000" />
  <attribute name="Current Error" value="80.000000" />
  <attribute name="IntegralT" value="160.000000" />
  <attribute name="IntegralI" value="160.000000" />
  <attribute name="IntegralH" value="160.000000" />
  <attribute name="DerivativeT" value="20.000000" />
  <attribute name="DerivativeI" value="20.000000" />
  <attribute name="DerivativeH" value="20.000000" />
  <attribute name="Loop Time for DT" value="2.000000" />
  <attribute name="Output H" value="8388608"/>
  <attribute name="Output I" value="224"/>
  <attribute name="Output T" value="4"/>
  <attribute name="Target GC Util Change" value ="20.000000" />
  <attribute name="Current GC Util Change" value="100.000000"/>
  <attribute name="GC Util currently" value="100" />
  <attribute name="CPU Util currently" value="2212396893729" />
<exclusive-end id="203" timestamp="2019-06-15T00:50:01.184" durationms="15.873" />

<exclusive-start id="204" timestamp="2019-06-15T00:50:01.232" intervalms="63.969">
  <response-info timems="0.053" idlems="0.053" threads="0" lastid="0000000001CEB700" lastname="main" />
</exclusive-start>
<allocation-taxation id="205" taxation-threshold="6291456" timestamp="2019-06-15T00:50:01.232" intervalms="64.002" />
<cycle-start id="206" type="partial gc" contextid="0" timestamp="2019-06-15T00:50:01.232" intervalms="64.062" />
<gc-start id="207" type="partial gc" contextid="206" timestamp="2019-06-15T00:50:01.233">
  <mem-info id="208" free="0" total="16777216" percent="0">
    <mem type="eden" free="0" total="6291456" percent="0" />
    <remembered-set count="10688" freebytes="626944" totalbytes="669696" percent="93" regionsoverflowed="0" regionsstable="0" regionsrebuilding="0"/>
  </mem-info>
</gc-start>
<allocation-stats totalBytes="6290504" >
  <allocated-bytes non-tlh="2168" tlh="6288336" arrayletleaf="0"/>
  <largest-consumer threadName="main" threadId="0000000001CEB700" bytes="6290504" />
</allocation-stats>
<gc-op id="209" type="mark" timems="6.591" contextid="206" timestamp="2019-06-15T00:50:01.240">
  <trace-info objectcount="20763" scancount="17978" scanbytes="699112" />
  <cardclean-info objects="405" bytes="32676" />
  <remembered-set-cleared processed="9423" cleared="1267" durationms="0.142" />
  <references type="soft" candidates="71" cleared="0" enqueued="0" dynamicThreshold="12" maxThreshold="32" />
  <references type="weak" candidates="100" cleared="0" enqueued="0" />
  <stringconstants candidates="7862" cleared="0"  />
  <warning details="Mark invoked due to insufficient free space for Copy-Forward" />
</gc-op>
<gc-op id="210" type="classunload" timems="0.002" contextid="206" timestamp="2019-06-15T00:50:01.241">
  <classunload-info classloadercandidates="12" classloadersunloaded="0" classesunloaded="0" anonymousclassesunloaded="0" quiescems="0.000" setupms="0.002" scanms="0.000" postms="0.000" />
</gc-op>
<gc-op id="211" type="sweep" timems="1.951" contextid="206" timestamp="2019-06-15T00:50:01.243" />
<gc-op id="212" type="compact" timems="7.664" contextid="206" timestamp="2019-06-15T00:50:01.251">
  <compact-info movecount="20763" movebytes="964760" />
  <remembered-set-cleared processed="21822" cleared="5493" durationms="0.142" />
</gc-op>
<heap-resize id="213" type="expand" space="default" amount="3145728" count="1" timems="0.077" reason="insufficient free space following gc" timestamp="2019-06-15T00:50:01.251" />
<gc-end id="214" type="partial gc" contextid="206" durationms="18.629" usertimems="4.000" systemtimems="12.000" timestamp="2019-06-15T00:50:01.251" activeThreads="4">
  <mem-info id="215" free="8388608" total="19922944" percent="42">
    <mem type="eden" free="489016" total="1048576" percent="46" />
    <remembered-set count="12320" freebytes="745984" totalbytes="795264" percent="93" regionsoverflowed="0" regionsstable="0" regionsrebuilding="0"/>
  </mem-info>
</gc-end>
<cycle-end id="216" type="partial gc" contextid="206" timestamp="2019-06-15T00:50:01.252" />
  <attribute name="elasticGC enabled" value="1" />
  <attribute name= "numThreadsSpecified" value="4" />
  <attribute name="heapSize specified" value="0" />
  <attribute name="Current GC Util" value="75" />
  <attribute name= "Current Time Running" value="7191" />
  <attribute name ="GC Interval" value="0" />
  <attribute name="ProportionalT" value="27.500000" />
  <attribute name="ProportionalI" value="27.500000" />
  <attribute name="ProportionalH" value="27.500000" />
  <attribute name="Current Error" value="55.000000" />
  <attribute name="IntegralT" value="110.000000" />
  <attribute name="IntegralI" value="110.000000" />
  <attribute name="IntegralH" value="110.000000" />
  <attribute name="DerivativeT" value="-4.000000" />
  <attribute name="DerivativeI" value="-4.000000" />
  <attribute name="DerivativeH" value="-4.000000" />
  <attribute name="Loop Time for DT" value="2.000000" />
  <attribute name="Output H" value="8388608"/>
  <attribute name="Output I" value="200"/>
  <attribute name="Output T" value="4"/>
  <attribute name="Target GC Util Change" value ="20.000000" />
  <attribute name="Current GC Util Change" value="75.000000"/>
  <attribute name="GC Util currently" value="75" />
  <attribute name="CPU Util currently" value="2031972709504" />
<exclusive-end id="217" timestamp="2019-06-15T00:50:01.252" durationms="19.942" />

<exclusive-start id="218" timestamp="2019-06-15T00:50:01.341" intervalms="108.807">
  <response-info timems="0.146" idlems="0.146" threads="0" lastid="0000000001CEB700" lastname="main" />
</exclusive-start>
<allocation-taxation id="219" taxation-threshold="8388608" timestamp="2019-06-15T00:50:01.341" intervalms="108.790" />
<cycle-start id="220" type="partial gc" contextid="0" timestamp="2019-06-15T00:50:01.341" intervalms="108.796" />
<gc-start id="221" type="partial gc" contextid="220" timestamp="2019-06-15T00:50:01.342">
  <mem-info id="222" free="0" total="19922944" percent="0">
    <mem type="eden" free="0" total="8388608" percent="0" />
    <remembered-set count="12160" freebytes="746624" totalbytes="795264" percent="93" regionsoverflowed="0" regionsstable="0" regionsrebuilding="0"/>
  </mem-info>
</gc-start>
<allocation-stats totalBytes="8386536" >
  <allocated-bytes non-tlh="324632" tlh="8061904" arrayletleaf="0"/>
  <largest-consumer threadName="main" threadId="0000000001CEB700" bytes="8386536" />
</allocation-stats>
<gc-op id="223" type="mark" timems="3.457" contextid="220" timestamp="2019-06-15T00:50:01.346">
  <trace-info objectcount="25196" scancount="22649" scanbytes="886252" />
  <cardclean-info objects="1414" bytes="76168" />
  <remembered-set-cleared processed="10939" cleared="1995" durationms="0.161" />
  <references type="soft" candidates="224" cleared="0" enqueued="0" dynamicThreshold="13" maxThreshold="32" />
  <references type="weak" candidates="422" cleared="8" enqueued="7" />
  <references type="phantom" candidates="1" cleared="0" enqueued="0" />
  <stringconstants candidates="8309" cleared="0"  />
  <warning details="Mark invoked due to insufficient free space for Copy-Forward" />
</gc-op>
<gc-op id="224" type="classunload" timems="0.003" contextid="220" timestamp="2019-06-15T00:50:01.346">
  <classunload-info classloadercandidates="14" classloadersunloaded="0" classesunloaded="0" anonymousclassesunloaded="0" quiescems="0.000" setupms="0.003" scanms="0.000" postms="0.000" />
</gc-op>
<gc-op id="225" type="sweep" timems="1.933" contextid="220" timestamp="2019-06-15T00:50:01.349" />
<gc-op id="226" type="compact" timems="9.415" contextid="220" timestamp="2019-06-15T00:50:01.358">
  <compact-info movecount="20449" movebytes="1171584" />
  <remembered-set-cleared processed="27358" cleared="9446" durationms="0.161" />
</gc-op>
<heap-resize id="227" type="expand" space="default" amount="2097152" count="1" timems="0.070" reason="insufficient free space following gc" timestamp="2019-06-15T00:50:01.359" />
<gc-end id="228" type="partial gc" contextid="220" durationms="17.382" usertimems="12.000" systemtimems="4.000" timestamp="2019-06-15T00:50:01.359" activeThreads="4">
  <mem-info id="229" free="8388608" total="22020096" percent="38">
    <mem type="eden" free="1044688" total="2097152" percent="49" />
    <pending-finalizers system="0" default="0" reference="7" classloader="0" />
    <remembered-set count="14176" freebytes="822272" totalbytes="878976" percent="93" regionsoverflowed="0" regionsstable="0" regionsrebuilding="0"/>
  </mem-info>
</gc-end>
<cycle-end id="230" type="partial gc" contextid="220" timestamp="2019-06-15T00:50:01.359" />
  <attribute name="elasticGC enabled" value="1" />
  <attribute name= "numThreadsSpecified" value="4" />
  <attribute name="heapSize specified" value="0" />
  <attribute name="Current GC Util" value="99" />
  <attribute name= "Current Time Running" value="7297" />
  <attribute name ="GC Interval" value="0" />
  <attribute name="ProportionalT" value="39.500000" />
  <attribute name="ProportionalI" value="39.500000" />
  <attribute name="ProportionalH" value="39.500000" />
  <attribute name="Current Error" value="79.000000" />
  <attribute name="IntegralT" value="237.000000" />
  <attribute name="IntegralI" value="237.000000" />
  <attribute name="IntegralH" value="237.000000" />
  <attribute name="DerivativeT" value="13.166667" />
  <attribute name="DerivativeI" value="13.166667" />
  <attribute name="DerivativeH" value="13.166667" />
  <attribute name="Loop Time for DT" value="3.000000" />
  <attribute name="Output H" value="8388608"/>
  <attribute name="Output I" value="296"/>
  <attribute name="Output T" value="4"/>
  <attribute name="Target GC Util Change" value ="20.000000" />
  <attribute name="Current GC Util Change" value="99.000000"/>
  <attribute name="GC Util currently" value="99" />
  <attribute name="CPU Util currently" value="2057329899379" />
<exclusive-end id="231" timestamp="2019-06-15T00:50:01.359" durationms="18.621" />

<exclusive-start id="232" timestamp="2019-06-15T00:50:01.450" intervalms="108.809">
  <response-info timems="0.028" idlems="0.028" threads="0" lastid="0000000001CEB700" lastname="main" />
</exclusive-start>
<sys-start reason="explicit" id="233" timestamp="2019-06-15T00:50:01.450" intervalms="7551.565" />
<cycle-start id="234" type="global garbage collect" contextid="0" timestamp="2019-06-15T00:50:01.450" intervalms="7551.715" />
<gc-start id="235" type="global garbage collect" contextid="234" timestamp="2019-06-15T00:50:01.450">
  <mem-info id="236" free="1631920" total="22020096" percent="7">
    <mem type="eden" free="583344" total="7340032" percent="7" />
    <remembered-set count="14176" freebytes="822272" totalbytes="878976" percent="93" regionsoverflowed="0" regionsstable="0" regionsrebuilding="0"/>
  </mem-info>
</gc-start>
<allocation-stats totalBytes="6755088" >
  <allocated-bytes non-tlh="432448" tlh="6322640" arrayletleaf="0"/>
  <largest-consumer threadName="main" threadId="0000000001CEB700" bytes="6755088" />
</allocation-stats>
<gc-op id="237" type="global mark" timems="11.825" contextid="234" timestamp="2019-06-15T00:50:01.462">
  <trace-info objectcount="74570" scancount="60833" scanbytes="2101244" />
  <finalization candidates="80" enqueued="0" />
  <ownableSynchronizers candidates="21" cleared="0" />
  <references type="soft" candidates="1640" cleared="0" enqueued="0" dynamicThreshold="12" maxThreshold="32" />
  <references type="weak" candidates="4521" cleared="32" enqueued="30" />
  <references type="phantom" candidates="102" cleared="2" enqueued="2" />
  <stringconstants candidates="8680" cleared="15"  />
</gc-op>
<gc-op id="238" type="classunload" timems="0.413" contextid="234" timestamp="2019-06-15T00:50:01.463">
  <classunload-info classloadercandidates="17" classloadersunloaded="1" classesunloaded="1" anonymousclassesunloaded="0" quiescems="0.000" setupms="0.400" scanms="0.008" postms="0.005" />
</gc-op>
<gc-op id="239" type="sweep" timems="1.540" contextid="234" timestamp="2019-06-15T00:50:01.465" />
<gc-op id="240" type="compact" timems="16.047" contextid="234" timestamp="2019-06-15T00:50:01.481">
  <compact-info movecount="72422" movebytes="4166096" />
  <remembered-set-cleared processed="27281" cleared="27281" durationms="0.174" />
</gc-op>
<gc-end id="241" type="global garbage collect" contextid="234" durationms="31.426" usertimems="12.000" systemtimems="20.000" timestamp="2019-06-15T00:50:01.482" activeThreads="4">
  <mem-info id="242" free="8388608" total="22020096" percent="38">
    <pending-finalizers system="0" default="0" reference="32" classloader="0" />
    <remembered-set count="10240" freebytes="838016" totalbytes="878976" percent="95" regionsoverflowed="0" regionsstable="0" regionsrebuilding="0"/>
  </mem-info>
</gc-end>
<cycle-end id="243" type="global garbage collect" contextid="234" timestamp="2019-06-15T00:50:01.482" />
  <attribute name="elasticGC enabled" value="1" />
  <attribute name= "numThreadsSpecified" value="4" />
  <attribute name="heapSize specified" value="0" />
  <attribute name="Current GC Util" value="63" />
  <attribute name= "Current Time Running" value="7413" />
  <attribute name ="GC Interval" value="0" />
  <attribute name="ProportionalT" value="21.500000" />
  <attribute name="ProportionalI" value="21.500000" />
  <attribute name="ProportionalH" value="21.500000" />
  <attribute name="Current Error" value="43.000000" />
  <attribute name="IntegralT" value="86.000000" />
  <attribute name="IntegralI" value="86.000000" />
  <attribute name="IntegralH" value="86.000000" />
  <attribute name="DerivativeT" value="-6.250000" />
  <attribute name="DerivativeI" value="-6.250000" />
  <attribute name="DerivativeH" value="-6.250000" />
  <attribute name="Loop Time for DT" value="2.000000" />
  <attribute name="Output H" value="8388608"/>
  <attribute name="Output I" value="200"/>
  <attribute name="Output T" value="4"/>
  <attribute name="Target GC Util Change" value ="20.000000" />
  <attribute name="Current GC Util Change" value="63.000000"/>
  <attribute name="GC Util currently" value="63" />
  <attribute name="CPU Util currently" value="2541981664506" />
<sys-end id="244" timestamp="2019-06-15T00:50:01.482" />
<exclusive-end id="245" timestamp="2019-06-15T00:50:01.482" durationms="32.558" />

<exclusive-start id="246" timestamp="2019-06-15T00:50:01.546" intervalms="96.298">
  <response-info timems="0.075" idlems="0.075" threads="0" lastid="0000000001CEB700" lastname="main" />
</exclusive-start>
<allocation-taxation id="247" taxation-threshold="8388608" timestamp="2019-06-15T00:50:01.546" intervalms="205.118" />
<cycle-start id="248" type="partial gc" contextid="0" timestamp="2019-06-15T00:50:01.546" intervalms="205.058" />
<gc-start id="249" type="partial gc" contextid="248" timestamp="2019-06-15T00:50:01.547">
  <mem-info id="250" free="0" total="22020096" percent="0">
    <mem type="eden" free="0" total="8388608" percent="0" />
    <remembered-set count="10112" freebytes="838528" totalbytes="878976" percent="95" regionsoverflowed="0" regionsstable="0" regionsrebuilding="0"/>
  </mem-info>
</gc-start>
<allocation-stats totalBytes="8386848" >
  <allocated-bytes non-tlh="529840" tlh="7857008" arrayletleaf="0"/>
  <largest-consumer threadName="main" threadId="0000000001CEB700" bytes="8378600" />
</allocation-stats>
<gc-op id="251" type="mark" timems="10.109" contextid="248" timestamp="2019-06-15T00:50:01.558">
  <trace-info objectcount="17889" scancount="16104" scanbytes="700576" />
  <cardclean-info objects="522" bytes="22480" />
  <remembered-set-cleared processed="9280" cleared="120" durationms="0.152" />
  <references type="soft" candidates="2" cleared="0" enqueued="0" dynamicThreshold="12" maxThreshold="32" />
  <references type="weak" candidates="14" cleared="10" enqueued="10" />
  <references type="phantom" candidates="6" cleared="2" enqueued="2" />
  <stringconstants candidates="8688" cleared="0"  />
  <warning details="Mark invoked due to insufficient free space for Copy-Forward" />
</gc-op>
<gc-op id="252" type="classunload" timems="0.003" contextid="248" timestamp="2019-06-15T00:50:01.558">
  <classunload-info classloadercandidates="16" classloadersunloaded="0" classesunloaded="0" anonymousclassesunloaded="0" quiescems="0.000" setupms="0.003" scanms="0.000" postms="0.000" />
</gc-op>
<gc-op id="253" type="sweep" timems="1.952" contextid="248" timestamp="2019-06-15T00:50:01.560" />
<gc-op id="254" type="compact" timems="7.438" contextid="248" timestamp="2019-06-15T00:50:01.568">
  <compact-info movecount="17889" movebytes="1359576" />
  <remembered-set-cleared processed="21213" cleared="2878" durationms="0.152" />
</gc-op>
<heap-resize id="255" type="expand" space="default" amount="2097152" count="1" timems="0.074" reason="insufficient free space following gc" timestamp="2019-06-15T00:50:01.568" />
<gc-end id="256" type="partial gc" contextid="248" durationms="21.888" usertimems="0.000" systemtimems="20.000" timestamp="2019-06-15T00:50:01.568" activeThreads="4">
  <mem-info id="257" free="8388608" total="24117248" percent="34">
    <mem type="eden" free="737264" total="2097152" percent="35" />
    <pending-finalizers system="0" default="0" reference="12" classloader="0" />
    <remembered-set count="12672" freebytes="912000" totalbytes="962688" percent="94" regionsoverflowed="0" regionsstable="0" regionsrebuilding="0"/>
  </mem-info>
</gc-end>
<cycle-end id="258" type="partial gc" contextid="248" timestamp="2019-06-15T00:50:01.569" />
  <attribute name="elasticGC enabled" value="1" />
  <attribute name= "numThreadsSpecified" value="4" />
  <attribute name="heapSize specified" value="0" />
  <attribute name="Current GC Util" value="76" />
  <attribute name= "Current Time Running" value="7508" />
  <attribute name ="GC Interval" value="0" />
  <attribute name="ProportionalT" value="28.000000" />
  <attribute name="ProportionalI" value="28.000000" />
  <attribute name="ProportionalH" value="28.000000" />
  <attribute name="Current Error" value="56.000000" />
  <attribute name="IntegralT" value="112.000000" />
  <attribute name="IntegralI" value="112.000000" />
  <attribute name="IntegralH" value="112.000000" />
  <attribute name="DerivativeT" value="-3.750000" />
  <attribute name="DerivativeI" value="-3.750000" />
  <attribute name="DerivativeH" value="-3.750000" />
  <attribute name="Loop Time for DT" value="2.000000" />
  <attribute name="Output H" value="8388608"/>
  <attribute name="Output I" value="200"/>
  <attribute name="Output T" value="4"/>
  <attribute name="Target GC Util Change" value ="20.000000" />
  <attribute name="Current GC Util Change" value="76.000000"/>
  <attribute name="GC Util currently" value="76" />
  <attribute name="CPU Util currently" value="2053282119470" />
<exclusive-end id="259" timestamp="2019-06-15T00:50:01.569" durationms="23.080" />

<exclusive-start id="260" timestamp="2019-06-15T00:50:01.649" intervalms="102.992">
  <response-info timems="0.054" idlems="0.054" threads="0" lastid="0000000001CEB700" lastname="main" />
</exclusive-start>
<allocation-taxation id="261" taxation-threshold="8388608" timestamp="2019-06-15T00:50:01.649" intervalms="102.878" />
<cycle-start id="262" type="partial gc" contextid="0" timestamp="2019-06-15T00:50:01.649" intervalms="102.823" />
<gc-start id="263" type="partial gc" contextid="262" timestamp="2019-06-15T00:50:01.649">
  <mem-info id="264" free="0" total="24117248" percent="0">
    <mem type="eden" free="15952" total="8388608" percent="0" />
    <remembered-set count="12672" freebytes="912000" totalbytes="962688" percent="94" regionsoverflowed="0" regionsstable="0" regionsrebuilding="0"/>
  </mem-info>
</gc-start>
<allocation-stats totalBytes="8356304" >
  <allocated-bytes non-tlh="140552" tlh="8215752" arrayletleaf="0"/>
  <largest-consumer threadName="main" threadId="0000000001CEB700" bytes="8356304" />
</allocation-stats>
<gc-op id="265" type="mark" timems="4.964" contextid="262" timestamp="2019-06-15T00:50:01.655">
  <trace-info objectcount="12458" scancount="8418" scanbytes="226232" />
  <cardclean-info objects="781" bytes="42252" />
  <remembered-set-cleared processed="10780" cleared="1803" durationms="0.162" />
  <references type="soft" candidates="59" cleared="0" enqueued="0" dynamicThreshold="11" maxThreshold="32" />
  <references type="weak" candidates="163" cleared="18" enqueued="15" />
  <references type="phantom" candidates="4" cleared="0" enqueued="0" />
  <stringconstants candidates="10895" cleared="12"  />
  <warning details="Mark invoked due to insufficient free space for Copy-Forward" />
</gc-op>
<gc-op id="266" type="classunload" timems="0.003" contextid="262" timestamp="2019-06-15T00:50:01.655">
  <classunload-info classloadercandidates="17" classloadersunloaded="0" classesunloaded="0" anonymousclassesunloaded="0" quiescems="0.000" setupms="0.003" scanms="0.000" postms="0.000" />
</gc-op>
<gc-op id="267" type="sweep" timems="1.141" contextid="262" timestamp="2019-06-15T00:50:01.657" />
<gc-op id="268" type="compact" timems="4.263" contextid="262" timestamp="2019-06-15T00:50:01.661">
  <compact-info movecount="12458" movebytes="784136" />
  <remembered-set-cleared processed="22012" cleared="4016" durationms="0.162" />
</gc-op>
<heap-resize id="269" type="expand" space="default" amount="2097152" count="1" timems="0.070" reason="insufficient free space following gc" timestamp="2019-06-15T00:50:01.662" />
<gc-end id="270" type="partial gc" contextid="262" durationms="12.489" usertimems="12.000" systemtimems="0.000" timestamp="2019-06-15T00:50:01.662" activeThreads="4">
  <mem-info id="271" free="10485760" total="26214400" percent="40">
    <mem type="eden" free="553992" total="1048576" percent="52" />
    <pending-finalizers system="0" default="0" reference="15" classloader="0" />
    <remembered-set count="11936" freebytes="998656" totalbytes="1046400" percent="95" regionsoverflowed="0" regionsstable="0" regionsrebuilding="0"/>
  </mem-info>
</gc-end>
<cycle-end id="272" type="partial gc" contextid="262" timestamp="2019-06-15T00:50:01.662" />
  <attribute name="elasticGC enabled" value="1" />
  <attribute name= "numThreadsSpecified" value="4" />
  <attribute name="heapSize specified" value="0" />
  <attribute name="Current GC Util" value="63" />
  <attribute name= "Current Time Running" value="7605" />
  <attribute name ="GC Interval" value="0" />
  <attribute name="ProportionalT" value="21.500000" />
  <attribute name="ProportionalI" value="21.500000" />
  <attribute name="ProportionalH" value="21.500000" />
  <attribute name="Current Error" value="43.000000" />
  <attribute name="IntegralT" value="86.000000" />
  <attribute name="IntegralI" value="86.000000" />
  <attribute name="IntegralH" value="86.000000" />
  <attribute name="DerivativeT" value="-4.500000" />
  <attribute name="DerivativeI" value="-4.500000" />
  <attribute name="DerivativeH" value="-4.500000" />
  <attribute name="Loop Time for DT" value="2.000000" />
  <attribute name="Output H" value="8388608"/>
  <attribute name="Output I" value="200"/>
  <attribute name="Output T" value="4"/>
  <attribute name="Target GC Util Change" value ="20.000000" />
  <attribute name="Current GC Util Change" value="63.000000"/>
  <attribute name="GC Util currently" value="63" />
  <attribute name="CPU Util currently" value="3316783775616" />
<exclusive-end id="273" timestamp="2019-06-15T00:50:01.662" durationms="13.399" />

<exclusive-start id="274" timestamp="2019-06-15T00:50:01.715" intervalms="66.312">
  <response-info timems="0.121" idlems="0.121" threads="0" lastid="0000000001CEB700" lastname="main" />
</exclusive-start>
<allocation-taxation id="275" taxation-threshold="10485760" timestamp="2019-06-15T00:50:01.715" intervalms="66.422" />
<cycle-start id="276" type="partial gc" contextid="0" timestamp="2019-06-15T00:50:01.716" intervalms="66.508" />
<gc-start id="277" type="partial gc" contextid="276" timestamp="2019-06-15T00:50:01.716">
  <mem-info id="278" free="0" total="26214400" percent="0">
    <mem type="eden" free="0" total="10485760" percent="0" />
    <remembered-set count="11552" freebytes="1000192" totalbytes="1046400" percent="95" regionsoverflowed="0" regionsstable="0" regionsrebuilding="0"/>
  </mem-info>
</gc-start>
<allocation-stats totalBytes="10484568" >
  <allocated-bytes non-tlh="485784" tlh="9998784" arrayletleaf="0"/>
  <largest-consumer threadName="main" threadId="0000000001CEB700" bytes="10480472" />
</allocation-stats>
<gc-op id="279" type="mark" timems="8.801" contextid="276" timestamp="2019-06-15T00:50:01.726">
  <trace-info objectcount="19460" scancount="14758" scanbytes="490912" />
  <cardclean-info objects="436" bytes="38972" />
  <remembered-set-cleared processed="9972" cleared="872" durationms="0.162" />
  <references type="soft" candidates="89" cleared="0" enqueued="0" dynamicThreshold="12" maxThreshold="32" />
  <references type="weak" candidates="152" cleared="2" enqueued="2" />
  <references type="phantom" candidates="1" cleared="0" enqueued="0" />
  <stringconstants candidates="11004" cleared="0"  />
  <warning details="Mark invoked due to insufficient free space for Copy-Forward" />
</gc-op>
<gc-op id="280" type="classunload" timems="0.003" contextid="276" timestamp="2019-06-15T00:50:01.726">
  <classunload-info classloadercandidates="18" classloadersunloaded="0" classesunloaded="0" anonymousclassesunloaded="0" quiescems="0.000" setupms="0.003" scanms="0.000" postms="0.000" />
</gc-op>
<gc-op id="281" type="sweep" timems="1.911" contextid="276" timestamp="2019-06-15T00:50:01.728" />
<gc-op id="282" type="compact" timems="5.999" contextid="276" timestamp="2019-06-15T00:50:01.734">
  <compact-info movecount="18402" movebytes="1015984" />
  <remembered-set-cleared processed="22633" cleared="4425" durationms="0.162" />
</gc-op>
<gc-end id="283" type="partial gc" contextid="276" durationms="18.851" usertimems="20.000" systemtimems="0.000" timestamp="2019-06-15T00:50:01.735" activeThreads="4">
  <mem-info id="284" free="9437184" total="26214400" percent="36">
    <mem type="eden" free="446104" total="1048576" percent="42" />
    <pending-finalizers system="0" default="0" reference="2" classloader="0" />
    <remembered-set count="12512" freebytes="996352" totalbytes="1046400" percent="95" regionsoverflowed="0" regionsstable="0" regionsrebuilding="0"/>
  </mem-info>
</gc-end>
<cycle-end id="285" type="partial gc" contextid="276" timestamp="2019-06-15T00:50:01.735" />
  <attribute name="elasticGC enabled" value="1" />
  <attribute name= "numThreadsSpecified" value="4" />
  <attribute name="heapSize specified" value="0" />
  <attribute name="Current GC Util" value="73" />
  <attribute name= "Current Time Running" value="7676" />
  <attribute name ="GC Interval" value="0" />
  <attribute name="ProportionalT" value="26.500000" />
  <attribute name="ProportionalI" value="26.500000" />
  <attribute name="ProportionalH" value="26.500000" />
  <attribute name="Current Error" value="53.000000" />
  <attribute name="IntegralT" value="106.000000" />
  <attribute name="IntegralI" value="106.000000" />
  <attribute name="IntegralH" value="106.000000" />
  <attribute name="DerivativeT" value="-0.500000" />
  <attribute name="DerivativeI" value="-0.500000" />
  <attribute name="DerivativeH" value="-0.500000" />
  <attribute name="Loop Time for DT" value="2.000000" />
  <attribute name="Output H" value="8388608"/>
  <attribute name="Output I" value="200"/>
  <attribute name="Output T" value="4"/>
  <attribute name="Target GC Util Change" value ="20.000000" />
  <attribute name="Current GC Util Change" value="73.000000"/>
  <attribute name="GC Util currently" value="73" />
  <attribute name="CPU Util currently" value="2080922352006" />
<exclusive-end id="286" timestamp="2019-06-15T00:50:01.735" durationms="20.113" />

<exclusive-start id="287" timestamp="2019-06-15T00:50:01.772" intervalms="57.242">
  <response-info timems="0.079" idlems="0.079" threads="0" lastid="0000000001CEB700" lastname="main" />
</exclusive-start>
<allocation-taxation id="288" taxation-threshold="9437184" timestamp="2019-06-15T00:50:01.773" intervalms="57.246" />
<cycle-start id="289" type="partial gc" contextid="0" timestamp="2019-06-15T00:50:01.773" intervalms="57.298" />
<gc-start id="290" type="partial gc" contextid="289" timestamp="2019-06-15T00:50:01.773">
  <mem-info id="291" free="0" total="26214400" percent="0">
    <mem type="eden" free="0" total="9437184" percent="0" />
    <remembered-set count="12096" freebytes="998016" totalbytes="1046400" percent="95" regionsoverflowed="0" regionsstable="0" regionsrebuilding="0"/>
  </mem-info>
</gc-start>
<allocation-stats totalBytes="9436176" >
  <allocated-bytes non-tlh="217744" tlh="9218432" arrayletleaf="0"/>
  <largest-consumer threadName="main" threadId="0000000001CEB700" bytes="9432080" />
</allocation-stats>
<gc-op id="292" type="mark" timems="5.751" contextid="289" timestamp="2019-06-15T00:50:01.780">
  <trace-info objectcount="12126" scancount="11077" scanbytes="501912" />
  <cardclean-info objects="581" bytes="35612" />
  <remembered-set-cleared processed="10763" cleared="1006" durationms="0.172" />
  <references type="soft" candidates="33" cleared="0" enqueued="0" dynamicThreshold="11" maxThreshold="32" />
  <references type="weak" candidates="26" cleared="0" enqueued="0" />
  <references type="phantom" candidates="1" cleared="0" enqueued="0" />
  <stringconstants candidates="11067" cleared="0"  />
  <warning details="Mark invoked due to insufficient free space for Copy-Forward" />
</gc-op>
<gc-op id="293" type="classunload" timems="0.003" contextid="289" timestamp="2019-06-15T00:50:01.780">
  <classunload-info classloadercandidates="19" classloadersunloaded="0" classesunloaded="0" anonymousclassesunloaded="0" quiescems="0.000" setupms="0.003" scanms="0.000" postms="0.000" />
</gc-op>
<gc-op id="294" type="sweep" timems="1.593" contextid="289" timestamp="2019-06-15T00:50:01.782" />
<gc-op id="295" type="compact" timems="4.370" contextid="289" timestamp="2019-06-15T00:50:01.787">
  <compact-info movecount="11821" movebytes="864968" />
  <remembered-set-cleared processed="22860" cleared="3265" durationms="0.172" />
</gc-op>
<heap-resize id="296" type="expand" space="default" amount="1048576" count="1" timems="0.066" reason="insufficient free space following gc" timestamp="2019-06-15T00:50:01.787" />
<gc-end id="297" type="partial gc" contextid="289" durationms="14.063" usertimems="8.000" systemtimems="4.000" timestamp="2019-06-15T00:50:01.787" activeThreads="4">
  <mem-info id="298" free="9437184" total="27262976" percent="34">
    <mem type="eden" free="223368" total="1048576" percent="21" />
    <remembered-set count="13408" freebytes="1034624" totalbytes="1088256" percent="95" regionsoverflowed="0" regionsstable="0" regionsrebuilding="0"/>
  </mem-info>
</gc-end>
<cycle-end id="299" type="partial gc" contextid="289" timestamp="2019-06-15T00:50:01.787" />
  <attribute name="elasticGC enabled" value="1" />
  <attribute name= "numThreadsSpecified" value="4" />
  <attribute name="heapSize specified" value="0" />
  <attribute name="Current GC Util" value="69" />
  <attribute name= "Current Time Running" value="7730" />
  <attribute name ="GC Interval" value="0" />
  <attribute name="ProportionalT" value="24.500000" />
  <attribute name="ProportionalI" value="24.500000" />
  <attribute name="ProportionalH" value="24.500000" />
  <attribute name="Current Error" value="49.000000" />
  <attribute name="IntegralT" value="98.000000" />
  <attribute name="IntegralI" value="98.000000" />
  <attribute name="IntegralH" value="98.000000" />
  <attribute name="DerivativeT" value="-5.750000" />
  <attribute name="DerivativeI" value="-5.750000" />
  <attribute name="DerivativeH" value="-5.750000" />
  <attribute name="Loop Time for DT" value="2.000000" />
  <attribute name="Output H" value="8388608"/>
  <attribute name="Output I" value="200"/>
  <attribute name="Output T" value="4"/>
  <attribute name="Target GC Util Change" value ="20.000000" />
  <attribute name="Current GC Util Change" value="69.000000"/>
  <attribute name="GC Util currently" value="69" />
  <attribute name="CPU Util currently" value="2428623269648" />
<exclusive-end id="300" timestamp="2019-06-15T00:50:01.788" durationms="15.317" />

<exclusive-start id="301" timestamp="2019-06-15T00:50:01.808" intervalms="35.097">
  <response-info timems="0.063" idlems="0.063" threads="0" lastid="0000000001CEB700" lastname="main" />
</exclusive-start>
<allocation-taxation id="302" taxation-threshold="9437184" timestamp="2019-06-15T00:50:01.808" intervalms="35.061" />
<cycle-start id="303" type="partial gc" contextid="0" timestamp="2019-06-15T00:50:01.808" intervalms="34.998" />
<gc-start id="304" type="partial gc" contextid="303" timestamp="2019-06-15T00:50:01.808">
  <mem-info id="305" free="0" total="27262976" percent="0">
    <mem type="eden" free="223368" total="10485760" percent="2" />
    <remembered-set count="13056" freebytes="1036032" totalbytes="1088256" percent="95" regionsoverflowed="0" regionsstable="0" regionsrebuilding="0"/>
  </mem-info>
</gc-start>
<allocation-stats totalBytes="9436064" >
  <allocated-bytes non-tlh="168" tlh="9435896" arrayletleaf="0"/>
  <largest-consumer threadName="main" threadId="0000000001CEB700" bytes="9436064" />
</allocation-stats>
<gc-op id="306" type="mark" timems="4.970" contextid="303" timestamp="2019-06-15T00:50:01.814">
  <trace-info objectcount="17141" scancount="15298" scanbytes="600788" />
  <cardclean-info objects="163" bytes="10968" />
  <remembered-set-cleared processed="11242" cleared="1105" durationms="0.172" />
  <references type="soft" candidates="1" cleared="0" enqueued="0" dynamicThreshold="11" maxThreshold="32" />
  <references type="weak" candidates="20" cleared="0" enqueued="0" />
  <stringconstants candidates="11068" cleared="0"  />
  <warning details="Mark invoked due to insufficient free space for Copy-Forward" />
</gc-op>
<gc-op id="307" type="classunload" timems="0.008" contextid="303" timestamp="2019-06-15T00:50:01.814">
  <classunload-info classloadercandidates="19" classloadersunloaded="0" classesunloaded="0" anonymousclassesunloaded="0" quiescems="0.000" setupms="0.007" scanms="0.000" postms="0.000" />
</gc-op>
<gc-op id="308" type="sweep" timems="1.112" contextid="303" timestamp="2019-06-15T00:50:01.816" />
<gc-op id="309" type="compact" timems="5.834" contextid="303" timestamp="2019-06-15T00:50:01.822">
  <compact-info movecount="17087" movebytes="746888" />
  <remembered-set-cleared processed="25073" cleared="4786" durationms="0.172" />
</gc-op>
<heap-resize id="310" type="expand" space="default" amount="2097152" count="1" timems="0.072" reason="insufficient free space following gc" timestamp="2019-06-15T00:50:01.822" />
<gc-end id="311" type="partial gc" contextid="303" durationms="14.361" usertimems="8.000" systemtimems="8.000" timestamp="2019-06-15T00:50:01.823" activeThreads="4">
  <mem-info id="312" free="10485760" total="29360128" percent="35">
    <mem type="eden" free="1348240" total="2097152" percent="64" />
    <remembered-set count="14816" freebytes="1112704" totalbytes="1171968" percent="94" regionsoverflowed="0" regionsstable="0" regionsrebuilding="0"/>
  </mem-info>
</gc-end>
<cycle-end id="313" type="partial gc" contextid="303" timestamp="2019-06-15T00:50:01.823" />
  <attribute name="elasticGC enabled" value="1" />
  <attribute name= "numThreadsSpecified" value="4" />
  <attribute name="heapSize specified" value="0" />
  <attribute name="Current GC Util" value="56" />
  <attribute name= "Current Time Running" value="7764" />
  <attribute name ="GC Interval" value="0" />
  <attribute name="ProportionalT" value="18.000000" />
  <attribute name="ProportionalI" value="18.000000" />
  <attribute name="ProportionalH" value="18.000000" />
  <attribute name="Current Error" value="36.000000" />
  <attribute name="IntegralT" value="72.000000" />
  <attribute name="IntegralI" value="72.000000" />
  <attribute name="IntegralH" value="72.000000" />
  <attribute name="DerivativeT" value="-6.750000" />
  <attribute name="DerivativeI" value="-6.750000" />
  <attribute name="DerivativeH" value="-6.750000" />
  <attribute name="Loop Time for DT" value="2.000000" />
  <attribute name="Output H" value="8388608"/>
  <attribute name="Output I" value="200"/>
  <attribute name="Output T" value="4"/>
  <attribute name="Target GC Util Change" value ="20.000000" />
  <attribute name="Current GC Util Change" value="56.000000"/>
  <attribute name="GC Util currently" value="56" />
  <attribute name="CPU Util currently" value="3256550625842" />
<exclusive-end id="314" timestamp="2019-06-15T00:50:01.823" durationms="15.469" />

<exclusive-start id="315" timestamp="2019-06-15T00:50:01.881" intervalms="73.565">
  <response-info timems="0.065" idlems="0.065" threads="0" lastid="0000000001CEB700" lastname="main" />
</exclusive-start>
<allocation-taxation id="316" taxation-threshold="10485760" timestamp="2019-06-15T00:50:01.881" intervalms="73.542" />
<cycle-start id="317" type="partial gc" contextid="0" timestamp="2019-06-15T00:50:01.881" intervalms="73.512" />
<gc-start id="318" type="partial gc" contextid="317" timestamp="2019-06-15T00:50:01.882">
  <mem-info id="319" free="0" total="29360128" percent="0">
    <mem type="eden" free="0" total="10485760" percent="0" />
    <remembered-set count="14496" freebytes="1113984" totalbytes="1171968" percent="95" regionsoverflowed="0" regionsstable="0" regionsrebuilding="0"/>
  </mem-info>
</gc-start>
<allocation-stats totalBytes="10483264" >
  <allocated-bytes non-tlh="482480" tlh="10000784" arrayletleaf="0"/>
  <largest-consumer threadName="main" threadId="0000000001CEB700" bytes="10483264" />
</allocation-stats>
<gc-op id="320" type="mark" timems="2.994" contextid="317" timestamp="2019-06-15T00:50:01.886">
  <trace-info objectcount="21713" scancount="19693" scanbytes="874036" />
  <cardclean-info objects="913" bytes="52832" />
  <remembered-set-cleared processed="12963" cleared="2205" durationms="0.194" />
  <references type="soft" candidates="11" cleared="0" enqueued="0" dynamicThreshold="11" maxThreshold="32" />
  <references type="weak" candidates="207" cleared="0" enqueued="0" />
  <references type="phantom" candidates="1" cleared="0" enqueued="0" />
  <stringconstants candidates="11317" cleared="0"  />
  <warning details="Mark invoked due to insufficient free space for Copy-Forward" />
</gc-op>
<gc-op id="321" type="classunload" timems="0.003" contextid="317" timestamp="2019-06-15T00:50:01.886">
  <classunload-info classloadercandidates="21" classloadersunloaded="0" classesunloaded="0" anonymousclassesunloaded="0" quiescems="0.000" setupms="0.003" scanms="0.000" postms="0.000" />
</gc-op>
<gc-op id="322" type="sweep" timems="1.891" contextid="317" timestamp="2019-06-15T00:50:01.888" />
<gc-op id="323" type="compact" timems="8.739" contextid="317" timestamp="2019-06-15T00:50:01.897">
  <compact-info movecount="14723" movebytes="1019240" />
  <remembered-set-cleared processed="28064" cleared="6506" durationms="0.194" />
</gc-op>
<heap-resize id="324" type="expand" space="default" amount="1048576" count="1" timems="0.067" reason="insufficient free space following gc" timestamp="2019-06-15T00:50:01.897" />
<gc-end id="325" type="partial gc" contextid="317" durationms="15.844" usertimems="8.000" systemtimems="8.000" timestamp="2019-06-15T00:50:01.898" activeThreads="4">
  <mem-info id="326" free="10485760" total="30408704" percent="34">
    <mem type="eden" free="114432" total="1048576" percent="10" />
    <remembered-set count="15616" freebytes="1151360" totalbytes="1213824" percent="94" regionsoverflowed="0" regionsstable="0" regionsrebuilding="0"/>
  </mem-info>
</gc-end>
<cycle-end id="327" type="partial gc" contextid="317" timestamp="2019-06-15T00:50:01.898" />
  <attribute name="elasticGC enabled" value="1" />
  <attribute name= "numThreadsSpecified" value="4" />
  <attribute name="heapSize specified" value="0" />
  <attribute name="Current GC Util" value="92" />
  <attribute name= "Current Time Running" value="7836" />
  <attribute name ="GC Interval" value="0" />
  <attribute name="ProportionalT" value="36.000000" />
  <attribute name="ProportionalI" value="36.000000" />
  <attribute name="ProportionalH" value="36.000000" />
  <attribute name="Current Error" value="72.000000" />
  <attribute name="IntegralT" value="144.000000" />
  <attribute name="IntegralI" value="144.000000" />
  <attribute name="IntegralH" value="144.000000" />
  <attribute name="DerivativeT" value="18.000000" />
  <attribute name="DerivativeI" value="18.000000" />
  <attribute name="DerivativeH" value="18.000000" />
  <attribute name="Loop Time for DT" value="2.000000" />
  <attribute name="Output H" value="8388608"/>
  <attribute name="Output I" value="200"/>
  <attribute name="Output T" value="4"/>
  <attribute name="Target GC Util Change" value ="20.000000" />
  <attribute name="Current GC Util Change" value="92.000000"/>
  <attribute name="GC Util currently" value="92" />
  <attribute name="CPU Util currently" value="2098735581160" />
<exclusive-end id="328" timestamp="2019-06-15T00:50:01.898" durationms="16.941" />

<exclusive-start id="329" timestamp="2019-06-15T00:50:01.919" intervalms="37.822">
  <response-info timems="0.067" idlems="0.067" threads="0" lastid="0000000001CEB700" lastname="main" />
</exclusive-start>
<allocation-taxation id="330" taxation-threshold="10485760" timestamp="2019-06-15T00:50:01.919" intervalms="37.850" />
<cycle-start id="331" type="partial gc" contextid="0" timestamp="2019-06-15T00:50:01.919" intervalms="37.911" />
<gc-start id="332" type="partial gc" contextid="331" timestamp="2019-06-15T00:50:01.920">
  <mem-info id="333" free="0" total="30408704" percent="0">
    <mem type="eden" free="0" total="10485760" percent="0" />
    <remembered-set count="15616" freebytes="1151360" totalbytes="1213824" percent="94" regionsoverflowed="0" regionsstable="0" regionsrebuilding="0"/>
  </mem-info>
</gc-start>
<allocation-stats totalBytes="10484784" >
  <allocated-bytes non-tlh="0" tlh="10484784" arrayletleaf="0"/>
  <largest-consumer threadName="main" threadId="0000000001CEB700" bytes="10484784" />
</allocation-stats>
<gc-op id="334" type="mark" timems="6.643" contextid="331" timestamp="2019-06-15T00:50:01.927">
  <trace-info objectcount="27987" scancount="25210" scanbytes="1078168" />
  <cardclean-info objects="451" bytes="33856" />
  <remembered-set-cleared processed="13591" cleared="1057" durationms="0.197" />
  <references type="soft" candidates="11" cleared="0" enqueued="0" dynamicThreshold="11" maxThreshold="32" />
  <references type="weak" candidates="207" cleared="0" enqueued="0" />
  <references type="phantom" candidates="1" cleared="0" enqueued="0" />
  <stringconstants candidates="11317" cleared="0"  />
  <warning details="Mark invoked due to insufficient free space for Copy-Forward" />
</gc-op>
<gc-op id="335" type="classunload" timems="0.003" contextid="331" timestamp="2019-06-15T00:50:01.928">
  <classunload-info classloadercandidates="21" classloadersunloaded="0" classesunloaded="0" anonymousclassesunloaded="0" quiescems="0.000" setupms="0.003" scanms="0.000" postms="0.000" />
</gc-op>
<gc-op id="336" type="sweep" timems="1.658" contextid="331" timestamp="2019-06-15T00:50:01.930" />
<gc-op id="337" type="compact" timems="8.687" contextid="331" timestamp="2019-06-15T00:50:01.939">
  <compact-info movecount="27156" movebytes="1441312" />
  <remembered-set-cleared processed="31233" cleared="6165" durationms="0.197" />
</gc-op>
<heap-resize id="338" type="expand" space="default" amount="2097152" count="1" timems="0.072" reason="insufficient free space following gc" timestamp="2019-06-15T00:50:01.939" />
<gc-end id="339" type="partial gc" contextid="331" durationms="19.410" usertimems="8.000" systemtimems="12.000" timestamp="2019-06-15T00:50:01.939" activeThreads="4">
  <mem-info id="340" free="11534336" total="32505856" percent="35">
    <mem type="eden" free="479240" total="1048576" percent="45" />
    <remembered-set count="18912" freebytes="1221888" totalbytes="1297536" percent="94" regionsoverflowed="0" regionsstable="0" regionsrebuilding="0"/>
  </mem-info>
</gc-end>
<cycle-end id="341" type="partial gc" contextid="331" timestamp="2019-06-15T00:50:01.939" />
  <attribute name="elasticGC enabled" value="1" />
  <attribute name= "numThreadsSpecified" value="4" />
  <attribute name="heapSize specified" value="0" />
  <attribute name="Current GC Util" value="59" />
  <attribute name= "Current Time Running" value="7878" />
  <attribute name ="GC Interval" value="0" />
  <attribute name="ProportionalT" value="19.500000" />
  <attribute name="ProportionalI" value="19.500000" />
  <attribute name="ProportionalH" value="19.500000" />
  <attribute name="Current Error" value="39.000000" />
  <attribute name="IntegralT" value="78.000000" />
  <attribute name="IntegralI" value="78.000000" />
  <attribute name="IntegralH" value="78.000000" />
  <attribute name="DerivativeT" value="-7.500000" />
  <attribute name="DerivativeI" value="-7.500000" />
  <attribute name="DerivativeH" value="-7.500000" />
  <attribute name="Loop Time for DT" value="2.000000" />
  <attribute name="Output H" value="8388608"/>
  <attribute name="Output I" value="200"/>
  <attribute name="Output T" value="4"/>
  <attribute name="Target GC Util Change" value ="20.000000" />
  <attribute name="Current GC Util Change" value="59.000000"/>
  <attribute name="GC Util currently" value="59" />
  <attribute name="CPU Util currently" value="2353836555850" />
<exclusive-end id="342" timestamp="2019-06-15T00:50:01.940" durationms="20.667" />

<exclusive-start id="343" timestamp="2019-06-15T00:50:02.011" intervalms="91.765">
  <response-info timems="0.026" idlems="0.026" threads="0" lastid="0000000001CEB700" lastname="main" />
</exclusive-start>
<allocation-taxation id="344" taxation-threshold="11534336" timestamp="2019-06-15T00:50:02.011" intervalms="91.725" />
<cycle-start id="345" type="partial gc" contextid="0" timestamp="2019-06-15T00:50:02.011" intervalms="91.657" />
<gc-start id="346" type="partial gc" contextid="345" timestamp="2019-06-15T00:50:02.011">
  <mem-info id="347" free="0" total="32505856" percent="0">
    <mem type="eden" free="0" total="11534336" percent="0" />
    <remembered-set count="18688" freebytes="1222784" totalbytes="1297536" percent="94" regionsoverflowed="0" regionsstable="0" regionsrebuilding="0"/>
  </mem-info>
</gc-start>
<allocation-stats totalBytes="11531840" >
  <allocated-bytes non-tlh="428112" tlh="11103728" arrayletleaf="0"/>
  <largest-consumer threadName="main" threadId="0000000001CEB700" bytes="11531840" />
</allocation-stats>
<gc-op id="348" type="mark" timems="7.151" contextid="345" timestamp="2019-06-15T00:50:02.019">
  <trace-info objectcount="22858" scancount="20445" scanbytes="800176" />
  <cardclean-info objects="4129" bytes="215288" />
  <remembered-set-cleared processed="16497" cleared="3269" durationms="0.205" />
  <references type="soft" candidates="25" cleared="0" enqueued="0" dynamicThreshold="11" maxThreshold="32" />
  <references type="weak" candidates="216" cleared="2" enqueued="2" />
  <references type="phantom" candidates="1" cleared="0" enqueued="0" />
  <stringconstants candidates="11570" cleared="0"  />
  <warning details="Mark invoked due to insufficient free space for Copy-Forward" />
</gc-op>
<gc-op id="349" type="classunload" timems="0.004" contextid="345" timestamp="2019-06-15T00:50:02.019">
  <classunload-info classloadercandidates="23" classloadersunloaded="0" classesunloaded="0" anonymousclassesunloaded="0" quiescems="0.000" setupms="0.004" scanms="0.000" postms="0.000" />
</gc-op>
<gc-op id="350" type="sweep" timems="1.753" contextid="345" timestamp="2019-06-15T00:50:02.021" />
<gc-op id="351" type="compact" timems="8.097" contextid="345" timestamp="2019-06-15T00:50:02.030">
  <compact-info movecount="20987" movebytes="1064264" />
  <remembered-set-cleared processed="37117" cleared="10577" durationms="0.205" />
</gc-op>
<heap-resize id="352" type="expand" space="default" amount="1048576" count="1" timems="0.056" reason="insufficient free space following gc" timestamp="2019-06-15T00:50:02.030" />
<gc-end id="353" type="partial gc" contextid="345" durationms="19.162" usertimems="32.000" systemtimems="0.000" timestamp="2019-06-15T00:50:02.030" activeThreads="4">
  <mem-info id="354" free="11534336" total="33554432" percent="34">
    <mem type="eden" free="476224" total="1048576" percent="45" />
    <pending-finalizers system="0" default="0" reference="2" classloader="0" />
    <remembered-set count="20640" freebytes="1256832" totalbytes="1339392" percent="93" regionsoverflowed="0" regionsstable="0" regionsrebuilding="0"/>
  </mem-info>
</gc-end>
<cycle-end id="355" type="partial gc" contextid="345" timestamp="2019-06-15T00:50:02.030" />
  <attribute name="elasticGC enabled" value="1" />
  <attribute name= "numThreadsSpecified" value="4" />
  <attribute name="heapSize specified" value="0" />
  <attribute name="Current GC Util" value="71" />
  <attribute name= "Current Time Running" value="7969" />
  <attribute name ="GC Interval" value="0" />
  <attribute name="ProportionalT" value="25.500000" />
  <attribute name="ProportionalI" value="25.500000" />
  <attribute name="ProportionalH" value="25.500000" />
  <attribute name="Current Error" value="51.000000" />
  <attribute name="IntegralT" value="102.000000" />
  <attribute name="IntegralI" value="102.000000" />
  <attribute name="IntegralH" value="102.000000" />
  <attribute name="DerivativeT" value="-5.000000" />
  <attribute name="DerivativeI" value="-5.000000" />
  <attribute name="DerivativeH" value="-5.000000" />
  <attribute name="Loop Time for DT" value="2.000000" />
  <attribute name="Output H" value="8388608"/>
  <attribute name="Output I" value="200"/>
  <attribute name="Output T" value="4"/>
  <attribute name="Target GC Util Change" value ="20.000000" />
  <attribute name="Current GC Util Change" value="71.000000"/>
  <attribute name="GC Util currently" value="71" />
  <attribute name="CPU Util currently" value="2226513444382" />
<exclusive-end id="356" timestamp="2019-06-15T00:50:02.031" durationms="20.037" />

<exclusive-start id="357" timestamp="2019-06-15T00:50:02.116" intervalms="105.328">
  <response-info timems="0.065" idlems="0.065" threads="0" lastid="0000000001CEB700" lastname="main" />
</exclusive-start>
<allocation-taxation id="358" taxation-threshold="11534336" timestamp="2019-06-15T00:50:02.116" intervalms="105.349" />
<cycle-start id="359" type="partial gc" contextid="0" timestamp="2019-06-15T00:50:02.116" intervalms="105.360" />
<gc-start id="360" type="partial gc" contextid="359" timestamp="2019-06-15T00:50:02.117">
  <mem-info id="361" free="0" total="33554432" percent="0">
    <mem type="eden" free="0" total="11534336" percent="0" />
    <remembered-set count="20416" freebytes="1257728" totalbytes="1339392" percent="93" regionsoverflowed="0" regionsstable="0" regionsrebuilding="0"/>
  </mem-info>
</gc-start>
<allocation-stats totalBytes="11532200" >
  <allocated-bytes non-tlh="210360" tlh="11321840" arrayletleaf="0"/>
  <largest-consumer threadName="main" threadId="0000000001CEB700" bytes="11528104" />
</allocation-stats>
<gc-op id="362" type="mark" timems="7.605" contextid="359" timestamp="2019-06-15T00:50:02.125">
  <trace-info objectcount="22211" scancount="19627" scanbytes="753948" />
  <cardclean-info objects="1898" bytes="102276" />
  <remembered-set-cleared processed="18443" cleared="2385" durationms="0.246" />
  <finalization candidates="1" enqueued="1" />
  <references type="soft" candidates="25" cleared="0" enqueued="0" dynamicThreshold="11" maxThreshold="32" />
  <references type="weak" candidates="351" cleared="13" enqueued="13" />
  <stringconstants candidates="11667" cleared="0"  />
  <warning details="Mark invoked due to insufficient free space for Copy-Forward" />
</gc-op>
<gc-op id="363" type="classunload" timems="0.003" contextid="359" timestamp="2019-06-15T00:50:02.126">
  <classunload-info classloadercandidates="26" classloadersunloaded="0" classesunloaded="0" anonymousclassesunloaded="0" quiescems="0.000" setupms="0.002" scanms="0.000" postms="0.000" />
</gc-op>
<gc-op id="364" type="sweep" timems="1.873" contextid="359" timestamp="2019-06-15T00:50:02.128" />
<gc-op id="365" type="compact" timems="8.207" contextid="359" timestamp="2019-06-15T00:50:02.136">
  <compact-info movecount="21240" movebytes="906448" />
  <remembered-set-cleared processed="41473" cleared="9287" durationms="0.246" />
</gc-op>
<heap-resize id="366" type="expand" space="default" amount="3145728" count="1" timems="0.080" reason="insufficient free space following gc" timestamp="2019-06-15T00:50:02.137" />
<gc-end id="367" type="partial gc" contextid="359" durationms="20.143" usertimems="12.000" systemtimems="8.000" timestamp="2019-06-15T00:50:02.137" activeThreads="4">
  <mem-info id="368" free="13631488" total="36700160" percent="37">
    <mem type="eden" free="361904" total="1048576" percent="34" />
    <pending-finalizers system="0" default="1" reference="13" classloader="0" />
    <remembered-set count="22464" freebytes="1375104" totalbytes="1464960" percent="93" regionsoverflowed="0" regionsstable="0" regionsrebuilding="0"/>
  </mem-info>
</gc-end>
<cycle-end id="369" type="partial gc" contextid="359" timestamp="2019-06-15T00:50:02.137" />
  <attribute name="elasticGC enabled" value="1" />
  <attribute name= "numThreadsSpecified" value="4" />
  <attribute name="heapSize specified" value="0" />
  <attribute name="Current GC Util" value="69" />
  <attribute name= "Current Time Running" value="8076" />
  <attribute name ="GC Interval" value="0" />
  <attribute name="ProportionalT" value="24.500000" />
  <attribute name="ProportionalI" value="24.500000" />
  <attribute name="ProportionalH" value="24.500000" />
  <attribute name="Current Error" value="49.000000" />
  <attribute name="IntegralT" value="98.000000" />
  <attribute name="IntegralI" value="98.000000" />
  <attribute name="IntegralH" value="98.000000" />
  <attribute name="DerivativeT" value="-4.750000" />
  <attribute name="DerivativeI" value="-4.750000" />
  <attribute name="DerivativeH" value="-4.750000" />
  <attribute name="Loop Time for DT" value="2.000000" />
  <attribute name="Output H" value="8388608"/>
  <attribute name="Output I" value="200"/>
  <attribute name="Output T" value="4"/>
  <attribute name="Target GC Util Change" value ="20.000000" />
  <attribute name="Current GC Util Change" value="69.000000"/>
  <attribute name="GC Util currently" value="69" />
  <attribute name="CPU Util currently" value="2116541637402" />
<exclusive-end id="370" timestamp="2019-06-15T00:50:02.137" durationms="21.270" />

<exclusive-start id="371" timestamp="2019-06-15T00:50:02.204" intervalms="87.764">
  <response-info timems="0.132" idlems="0.132" threads="0" lastid="0000000001CEB700" lastname="main" />
</exclusive-start>
<allocation-taxation id="372" taxation-threshold="13631488" timestamp="2019-06-15T00:50:02.204" intervalms="87.817" />
<cycle-start id="373" type="partial gc" contextid="0" timestamp="2019-06-15T00:50:02.204" intervalms="87.880" />
<gc-start id="374" type="partial gc" contextid="373" timestamp="2019-06-15T00:50:02.205">
  <mem-info id="375" free="0" total="36700160" percent="0">
    <mem type="eden" free="0" total="13631488" percent="0" />
    <remembered-set count="22080" freebytes="1376640" totalbytes="1464960" percent="93" regionsoverflowed="0" regionsstable="0" regionsrebuilding="0"/>
  </mem-info>
</gc-start>
<allocation-stats totalBytes="13628720" >
  <allocated-bytes non-tlh="747752" tlh="12880968" arrayletleaf="0"/>
  <largest-consumer threadName="main" threadId="0000000001CEB700" bytes="13620408" />
</allocation-stats>
<gc-op id="376" type="mark" timems="3.162" contextid="373" timestamp="2019-06-15T00:50:02.209">
  <trace-info objectcount="21686" scancount="19521" scanbytes="839696" />
  <cardclean-info objects="545" bytes="42880" />
  <remembered-set-cleared processed="20716" cleared="2312" durationms="0.257" />
  <references type="soft" candidates="25" cleared="0" enqueued="0" dynamicThreshold="11" maxThreshold="32" />
  <references type="weak" candidates="137" cleared="2" enqueued="2" />
  <references type="phantom" candidates="2" cleared="0" enqueued="0" />
  <stringconstants candidates="11795" cleared="6"  />
  <warning details="Mark invoked due to insufficient free space for Copy-Forward" />
</gc-op>
<gc-op id="377" type="classunload" timems="0.386" contextid="373" timestamp="2019-06-15T00:50:02.209">
  <classunload-info classloadercandidates="28" classloadersunloaded="1" classesunloaded="1" anonymousclassesunloaded="0" quiescems="0.000" setupms="0.373" scanms="0.008" postms="0.005" />
</gc-op>
<gc-op id="378" type="sweep" timems="1.970" contextid="373" timestamp="2019-06-15T00:50:02.212" />
<gc-op id="379" type="compact" timems="9.516" contextid="373" timestamp="2019-06-15T00:50:02.221">
  <compact-info movecount="21685" movebytes="1612520" />
  <remembered-set-cleared processed="43835" cleared="7018" durationms="0.257" />
</gc-op>
<heap-resize id="380" type="expand" space="default" amount="1048576" count="1" timems="0.055" reason="insufficient free space following gc" timestamp="2019-06-15T00:50:02.222" />
<gc-end id="381" type="partial gc" contextid="373" durationms="17.403" usertimems="12.000" systemtimems="4.000" timestamp="2019-06-15T00:50:02.222" activeThreads="4">
  <mem-info id="382" free="12582912" total="37748736" percent="33">
    <mem type="eden" free="338704" total="2097152" percent="16" />
    <pending-finalizers system="0" default="0" reference="2" classloader="0" />
    <remembered-set count="24256" freebytes="1409792" totalbytes="1506816" percent="93" regionsoverflowed="0" regionsstable="0" regionsrebuilding="0"/>
  </mem-info>
</gc-end>
<cycle-end id="383" type="partial gc" contextid="373" timestamp="2019-06-15T00:50:02.222" />
  <attribute name="elasticGC enabled" value="1" />
  <attribute name= "numThreadsSpecified" value="4" />
  <attribute name="heapSize specified" value="0" />
  <attribute name="Current GC Util" value="97" />
  <attribute name= "Current Time Running" value="8160" />
  <attribute name ="GC Interval" value="0" />
  <attribute name="ProportionalT" value="38.500000" />
  <attribute name="ProportionalI" value="38.500000" />
  <attribute name="ProportionalH" value="38.500000" />
  <attribute name="Current Error" value="77.000000" />
  <attribute name="IntegralT" value="231.000000" />
  <attribute name="IntegralI" value="231.000000" />
  <attribute name="IntegralH" value="231.000000" />
  <attribute name="DerivativeT" value="12.833333" />
  <attribute name="DerivativeI" value="12.833333" />
  <attribute name="DerivativeH" value="12.833333" />
  <attribute name="Loop Time for DT" value="3.000000" />
  <attribute name="Output H" value="8388608"/>
  <attribute name="Output I" value="288"/>
  <attribute name="Output T" value="4"/>
  <attribute name="Target GC Util Change" value ="20.000000" />
  <attribute name="Current GC Util Change" value="97.000000"/>
  <attribute name="GC Util currently" value="97" />
  <attribute name="CPU Util currently" value="2027011374141" />
<exclusive-end id="384" timestamp="2019-06-15T00:50:02.222" durationms="18.630" />

<exclusive-start id="385" timestamp="2019-06-15T00:50:02.289" intervalms="84.780">
  <response-info timems="0.052" idlems="0.052" threads="0" lastid="0000000001CEB700" lastname="main" />
</exclusive-start>
<allocation-taxation id="386" taxation-threshold="12582912" timestamp="2019-06-15T00:50:02.289" intervalms="84.662" />
<cycle-start id="387" type="partial gc" contextid="0" timestamp="2019-06-15T00:50:02.289" intervalms="84.547" />
<gc-start id="388" type="partial gc" contextid="387" timestamp="2019-06-15T00:50:02.289">
  <mem-info id="389" free="0" total="37748736" percent="0">
    <mem type="eden" free="0" total="12582912" percent="0" />
    <remembered-set count="24256" freebytes="1409792" totalbytes="1506816" percent="93" regionsoverflowed="0" regionsstable="0" regionsrebuilding="0"/>
  </mem-info>
</gc-start>
<allocation-stats totalBytes="12580176" >
  <allocated-bytes non-tlh="452232" tlh="12127944" arrayletleaf="0"/>
  <largest-consumer threadName="main" threadId="0000000001CEB700" bytes="12580176" />
</allocation-stats>
<gc-op id="390" type="mark" timems="9.854" contextid="387" timestamp="2019-06-15T00:50:02.300">
  <trace-info objectcount="7534" scancount="6785" scanbytes="255036" />
  <cardclean-info objects="554" bytes="37292" />
  <remembered-set-cleared processed="21318" cleared="2390" durationms="0.256" />
  <references type="soft" candidates="115" cleared="0" enqueued="0" dynamicThreshold="10" maxThreshold="32" />
  <references type="weak" candidates="217" cleared="9" enqueued="9" />
  <references type="phantom" candidates="2" cleared="0" enqueued="0" />
  <stringconstants candidates="12248" cleared="3"  />
  <warning details="Mark invoked due to insufficient free space for Copy-Forward" />
</gc-op>
<gc-op id="391" type="classunload" timems="0.339" contextid="387" timestamp="2019-06-15T00:50:02.300">
  <classunload-info classloadercandidates="29" classloadersunloaded="1" classesunloaded="1" anonymousclassesunloaded="0" quiescems="0.000" setupms="0.328" scanms="0.006" postms="0.004" />
</gc-op>
<gc-op id="392" type="sweep" timems="1.864" contextid="387" timestamp="2019-06-15T00:50:02.302" />
<gc-op id="393" type="compact" timems="5.396" contextid="387" timestamp="2019-06-15T00:50:02.308">
  <compact-info movecount="7530" movebytes="815912" />
  <remembered-set-cleared processed="42951" cleared="5065" durationms="0.353" />
</gc-op>
<heap-resize id="394" type="expand" space="default" amount="7340032" count="1" timems="0.103" reason="excessive time being spent in gc" timestamp="2019-06-15T00:50:02.309" />
<gc-end id="395" type="partial gc" contextid="387" durationms="19.724" usertimems="12.000" systemtimems="8.000" timestamp="2019-06-15T00:50:02.309" activeThreads="4">
  <mem-info id="396" free="19922944" total="45088768" percent="44">
    <mem type="eden" free="629464" total="1048576" percent="60" />
    <pending-finalizers system="0" default="0" reference="9" classloader="0" />
    <remembered-set count="22272" freebytes="1710720" totalbytes="1799808" percent="95" regionsoverflowed="0" regionsstable="0" regionsrebuilding="0"/>
  </mem-info>
</gc-end>
<cycle-end id="397" type="partial gc" contextid="387" timestamp="2019-06-15T00:50:02.309" />
  <attribute name="elasticGC enabled" value="1" />
  <attribute name= "numThreadsSpecified" value="4" />
  <attribute name="heapSize specified" value="0" />
  <attribute name="Current GC Util" value="75" />
  <attribute name= "Current Time Running" value="8250" />
  <attribute name ="GC Interval" value="0" />
  <attribute name="ProportionalT" value="27.500000" />
  <attribute name="ProportionalI" value="27.500000" />
  <attribute name="ProportionalH" value="27.500000" />
  <attribute name="Current Error" value="55.000000" />
  <attribute name="IntegralT" value="110.000000" />
  <attribute name="IntegralI" value="110.000000" />
  <attribute name="IntegralH" value="110.000000" />
  <attribute name="DerivativeT" value="-3.000000" />
  <attribute name="DerivativeI" value="-3.000000" />
  <attribute name="DerivativeH" value="-3.000000" />
  <attribute name="Loop Time for DT" value="2.000000" />
  <attribute name="Output H" value="8388608"/>
  <attribute name="Output I" value="200"/>
  <attribute name="Output T" value="4"/>
  <attribute name="Target GC Util Change" value ="20.000000" />
  <attribute name="Current GC Util Change" value="75.000000"/>
  <attribute name="GC Util currently" value="75" />
  <attribute name="CPU Util currently" value="2119837833706" />
<exclusive-end id="398" timestamp="2019-06-15T00:50:02.309" durationms="20.643" />

<exclusive-start id="399" timestamp="2019-06-15T00:50:02.385" intervalms="96.641">
  <response-info timems="0.055" idlems="0.055" threads="0" lastid="0000000001CEB700" lastname="main" />
</exclusive-start>
<allocation-taxation id="400" taxation-threshold="17825792" timestamp="2019-06-15T00:50:02.385" intervalms="96.691" />
<cycle-start id="401" type="partial gc" contextid="0" timestamp="2019-06-15T00:50:02.386" intervalms="96.803" />
<gc-start id="402" type="partial gc" contextid="401" timestamp="2019-06-15T00:50:02.386">
  <mem-info id="403" free="2097152" total="45088768" percent="4">
    <mem type="eden" free="0" total="17825792" percent="0" />
    <remembered-set count="22048" freebytes="1711616" totalbytes="1799808" percent="95" regionsoverflowed="0" regionsstable="0" regionsrebuilding="0"/>
  </mem-info>
</gc-start>
<allocation-stats totalBytes="17821104" >
  <allocated-bytes non-tlh="825448" tlh="16995656" arrayletleaf="0"/>
  <largest-consumer threadName="main" threadId="0000000001CEB700" bytes="17821104" />
</allocation-stats>
<gc-op id="404" type="copy forward" timems="7.784" contextid="401" timestamp="2019-06-15T00:50:02.395">
  <memory-copied type="eden" objects="8284" bytes="602792" bytesdiscarded="66072" />
  <memory-copied type="other" objects="5076" bytes="190776" bytesdiscarded="7840" />
  <memory-cardclean objects="2466" bytes="136096" />
  <regions eden="17" other="2" />
  <remembered-set-cleared processed="20210" cleared="1599" durationms="0.241" />
  <references type="soft" candidates="95" cleared="0" enqueued="0" dynamicThreshold="14" maxThreshold="32" />
  <references type="weak" candidates="393" cleared="0" enqueued="0" />
  <references type="phantom" candidates="1" cleared="0" enqueued="0" />
  <stringconstants candidates="12387" cleared="0"  />
  <heap-resize type="expand" space="default" amount="1048576" count="1" timems="0.276" reason="continue current collection" />
</gc-op>
<gc-op id="405" type="classunload" timems="0.004" contextid="401" timestamp="2019-06-15T00:50:02.395">
  <classunload-info classloadercandidates="34" classloadersunloaded="0" classesunloaded="0" anonymousclassesunloaded="0" quiescems="0.000" setupms="0.004" scanms="0.000" postms="0.000" />
</gc-op>
<heap-resize id="406" type="expand" space="default" amount="8388608" count="1" timems="0.092" reason="excessive time being spent in gc" timestamp="2019-06-15T00:50:02.395" />
<gc-end id="407" type="partial gc" contextid="401" durationms="9.749" usertimems="8.000" systemtimems="0.000" timestamp="2019-06-15T00:50:02.396" activeThreads="4">
  <mem-info id="408" free="28311552" total="54525952" percent="51">
    <mem type="eden" free="379464" total="1048576" percent="36" />
    <remembered-set count="24512" freebytes="2078464" totalbytes="2176512" percent="95" regionsoverflowed="0" regionsstable="0" regionsrebuilding="0"/>
  </mem-info>
</gc-end>
<cycle-end id="409" type="partial gc" contextid="401" timestamp="2019-06-15T00:50:02.396" />
  <attribute name="elasticGC enabled" value="1" />
  <attribute name= "numThreadsSpecified" value="4" />
  <attribute name="heapSize specified" value="0" />
  <attribute name="Current GC Util" value="51" />
  <attribute name= "Current Time Running" value="8335" />
  <attribute name ="GC Interval" value="0" />
  <attribute name="ProportionalT" value="15.500000" />
  <attribute name="ProportionalI" value="15.500000" />
  <attribute name="ProportionalH" value="15.500000" />
  <attribute name="Current Error" value="31.000000" />
  <attribute name="IntegralT" value="31.000000" />
  <attribute name="IntegralI" value="31.000000" />
  <attribute name="IntegralH" value="31.000000" />
  <attribute name="DerivativeT" value="15.500000" />
  <attribute name="DerivativeI" value="15.500000" />
  <attribute name="DerivativeH" value="15.500000" />
  <attribute name="Loop Time for DT" value="1.000000" />
  <attribute name="Output H" value="8388608"/>
  <attribute name="Output I" value="200"/>
  <attribute name="Output T" value="4"/>
  <attribute name="Target GC Util Change" value ="20.000000" />
  <attribute name="Current GC Util Change" value="51.000000"/>
  <attribute name="GC Util currently" value="51" />
  <attribute name="CPU Util currently" value="4040128964091" />
<exclusive-end id="410" timestamp="2019-06-15T00:50:02.396" durationms="10.833" />

<exclusive-start id="411" timestamp="2019-06-15T00:50:02.440" intervalms="55.111">
  <response-info timems="0.070" idlems="0.070" threads="0" lastid="0000000001CEB700" lastname="main" />
</exclusive-start>
<allocation-taxation id="412" taxation-threshold="19922944" timestamp="2019-06-15T00:50:02.440" intervalms="55.119" />
<cycle-start id="413" type="partial gc" contextid="0" timestamp="2019-06-15T00:50:02.441" intervalms="55.054" />
<gc-start id="414" type="partial gc" contextid="413" timestamp="2019-06-15T00:50:02.441">
  <mem-info id="415" free="8388608" total="54525952" percent="15">
    <mem type="eden" free="0" total="19922944" percent="0" />
    <remembered-set count="24064" freebytes="2080256" totalbytes="2176512" percent="95" regionsoverflowed="0" regionsstable="0" regionsrebuilding="0"/>
  </mem-info>
</gc-start>
<allocation-stats totalBytes="19920664" >
  <allocated-bytes non-tlh="406288" tlh="19514376" arrayletleaf="0"/>
  <largest-consumer threadName="main" threadId="0000000001CEB700" bytes="19920664" />
</allocation-stats>
<gc-op id="416" type="copy forward" timems="9.747" contextid="413" timestamp="2019-06-15T00:50:02.452">
  <memory-copied type="eden" objects="18415" bytes="733712" bytesdiscarded="69064" />
  <memory-copied type="other" objects="11090" bytes="531248" bytesdiscarded="30408" />
  <memory-cardclean objects="3089" bytes="150352" />
  <regions eden="19" other="2" />
  <remembered-set-cleared processed="21227" cleared="3715" durationms="0.280" />
  <references type="soft" candidates="41" cleared="0" enqueued="0" dynamicThreshold="16" maxThreshold="32" />
  <references type="weak" candidates="157" cleared="0" enqueued="0" />
  <stringconstants candidates="12470" cleared="0"  />
</gc-op>
<gc-op id="417" type="classunload" timems="0.004" contextid="413" timestamp="2019-06-15T00:50:02.452">
  <classunload-info classloadercandidates="36" classloadersunloaded="0" classesunloaded="0" anonymousclassesunloaded="0" quiescems="0.000" setupms="0.004" scanms="0.000" postms="0.000" />
</gc-op>
<heap-resize id="418" type="expand" space="default" amount="9437184" count="1" timems="0.115" reason="excessive time being spent in gc" timestamp="2019-06-15T00:50:02.452" />
<gc-end id="419" type="partial gc" contextid="413" durationms="11.647" usertimems="8.000" systemtimems="4.000" timestamp="2019-06-15T00:50:02.453" activeThreads="4">
  <mem-info id="420" free="36700160" total="63963136" percent="57">
    <mem type="eden" free="245640" total="1048576" percent="23" />
    <remembered-set count="25600" freebytes="2450816" totalbytes="2553216" percent="95" regionsoverflowed="0" regionsstable="0" regionsrebuilding="0"/>
  </mem-info>
</gc-end>
<cycle-end id="421" type="partial gc" contextid="413" timestamp="2019-06-15T00:50:02.453" />
  <attribute name="elasticGC enabled" value="1" />
  <attribute name= "numThreadsSpecified" value="4" />
  <attribute name="heapSize specified" value="0" />
  <attribute name="Current GC Util" value="74" />
  <attribute name= "Current Time Running" value="8390" />
  <attribute name ="GC Interval" value="0" />
  <attribute name="ProportionalT" value="27.000000" />
  <attribute name="ProportionalI" value="27.000000" />
  <attribute name="ProportionalH" value="27.000000" />
  <attribute name="Current Error" value="54.000000" />
  <attribute name="IntegralT" value="54.000000" />
  <attribute name="IntegralI" value="54.000000" />
  <attribute name="IntegralH" value="54.000000" />
  <attribute name="DerivativeT" value="27.000000" />
  <attribute name="DerivativeI" value="27.000000" />
  <attribute name="DerivativeH" value="27.000000" />
  <attribute name="Loop Time for DT" value="1.000000" />
  <attribute name="Output H" value="8388608"/>
  <attribute name="Output I" value="200"/>
  <attribute name="Output T" value="4"/>
  <attribute name="Target GC Util Change" value ="20.000000" />
  <attribute name="Current GC Util Change" value="74.000000"/>
  <attribute name="GC Util currently" value="74" />
  <attribute name="CPU Util currently" value="6773016545146" />
<exclusive-end id="422" timestamp="2019-06-15T00:50:02.453" durationms="12.761" />

<exclusive-start id="423" timestamp="2019-06-15T00:50:02.509" intervalms="68.686">
  <response-info timems="0.070" idlems="0.070" threads="0" lastid="0000000001CEB700" lastname="main" />
</exclusive-start>
<allocation-taxation id="424" taxation-threshold="23068672" timestamp="2019-06-15T00:50:02.509" intervalms="68.715" />
<cycle-start id="425" type="partial gc" contextid="0" timestamp="2019-06-15T00:50:02.509" intervalms="68.803" />
<gc-start id="426" type="partial gc" contextid="425" timestamp="2019-06-15T00:50:02.510">
  <mem-info id="427" free="13631488" total="63963136" percent="21">
    <mem type="eden" free="0" total="23068672" percent="0" />
    <remembered-set count="25152" freebytes="2452608" totalbytes="2553216" percent="96" regionsoverflowed="0" regionsstable="0" regionsrebuilding="0"/>
  </mem-info>
</gc-start>
<allocation-stats totalBytes="23065664" >
  <allocated-bytes non-tlh="466728" tlh="22598936" arrayletleaf="0"/>
  <largest-consumer threadName="main" threadId="0000000001CEB700" bytes="23065664" />
</allocation-stats>
<gc-op id="428" type="copy forward" timems="8.002" contextid="425" timestamp="2019-06-15T00:50:02.519">
  <memory-copied type="eden" objects="8630" bytes="624680" bytesdiscarded="20696" />
  <memory-copied type="other" objects="5599" bytes="272032" bytesdiscarded="11776" />
  <memory-cardclean objects="4549" bytes="210016" />
  <regions eden="22" other="2" />
  <remembered-set-cleared processed="22117" cleared="5278" durationms="0.300" />
  <references type="soft" candidates="48" cleared="0" enqueued="0" dynamicThreshold="18" maxThreshold="32" />
  <references type="weak" candidates="260" cleared="0" enqueued="0" />
  <references type="phantom" candidates="1" cleared="0" enqueued="0" />
  <stringconstants candidates="12486" cleared="0"  />
</gc-op>
<gc-op id="429" type="classunload" timems="0.004" contextid="425" timestamp="2019-06-15T00:50:02.519">
  <classunload-info classloadercandidates="38" classloadersunloaded="0" classesunloaded="0" anonymousclassesunloaded="0" quiescems="0.000" setupms="0.004" scanms="0.000" postms="0.000" />
</gc-op>
<heap-resize id="430" type="expand" space="default" amount="7340032" count="1" timems="0.091" reason="excessive time being spent in gc" timestamp="2019-06-15T00:50:02.519" />
<gc-end id="431" type="partial gc" contextid="425" durationms="9.884" usertimems="8.000" systemtimems="4.000" timestamp="2019-06-15T00:50:02.520" activeThreads="4">
  <mem-info id="432" free="42991616" total="71303168" percent="60">
    <mem type="eden" free="403120" total="1048576" percent="38" />
    <remembered-set count="23552" freebytes="2752000" totalbytes="2846208" percent="96" regionsoverflowed="0" regionsstable="0" regionsrebuilding="0"/>
  </mem-info>
</gc-end>
<cycle-end id="433" type="partial gc" contextid="425" timestamp="2019-06-15T00:50:02.520" />
  <attribute name="elasticGC enabled" value="1" />
  <attribute name= "numThreadsSpecified" value="4" />
  <attribute name="heapSize specified" value="0" />
  <attribute name="Current GC Util" value="75" />
  <attribute name= "Current Time Running" value="8459" />
  <attribute name ="GC Interval" value="0" />
  <attribute name="ProportionalT" value="27.500000" />
  <attribute name="ProportionalI" value="27.500000" />
  <attribute name="ProportionalH" value="27.500000" />
  <attribute name="Current Error" value="55.000000" />
  <attribute name="IntegralT" value="55.000000" />
  <attribute name="IntegralI" value="55.000000" />
  <attribute name="IntegralH" value="55.000000" />
  <attribute name="DerivativeT" value="27.500000" />
  <attribute name="DerivativeI" value="27.500000" />
  <attribute name="DerivativeH" value="27.500000" />
  <attribute name="Loop Time for DT" value="1.000000" />
  <attribute name="Output H" value="8388608"/>
  <attribute name="Output I" value="200"/>
  <attribute name="Output T" value="4"/>
  <attribute name="Target GC Util Change" value ="20.000000" />
  <attribute name="Current GC Util Change" value="75.000000"/>
  <attribute name="GC Util currently" value="75" />
  <attribute name="CPU Util currently" value="6476450360437" />
<exclusive-end id="434" timestamp="2019-06-15T00:50:02.520" durationms="11.166" />

<exclusive-start id="435" timestamp="2019-06-15T00:50:02.565" intervalms="56.193">
  <response-info timems="0.065" idlems="0.065" threads="0" lastid="0000000001CEB700" lastname="main" />
</exclusive-start>
<allocation-taxation id="436" taxation-threshold="24117248" timestamp="2019-06-15T00:50:02.565" intervalms="56.166" />
<cycle-start id="437" type="partial gc" contextid="0" timestamp="2019-06-15T00:50:02.565" intervalms="56.091" />
<gc-start id="438" type="partial gc" contextid="437" timestamp="2019-06-15T00:50:02.566">
  <mem-info id="439" free="18874368" total="71303168" percent="26">
    <mem type="eden" free="0" total="24117248" percent="0" />
    <remembered-set count="23552" freebytes="2752000" totalbytes="2846208" percent="96" regionsoverflowed="0" regionsstable="0" regionsrebuilding="0"/>
  </mem-info>
</gc-start>
<allocation-stats totalBytes="24113712" >
  <allocated-bytes non-tlh="402496" tlh="23711216" arrayletleaf="0"/>
  <largest-consumer threadName="main" threadId="0000000001CEB700" bytes="24113712" />
</allocation-stats>
<gc-op id="440" type="copy forward" timems="8.798" contextid="437" timestamp="2019-06-15T00:50:02.576">
  <memory-copied type="eden" objects="11735" bytes="786344" bytesdiscarded="0" />
  <memory-copied type="other" objects="1003" bytes="31544" bytesdiscarded="0" />
  <memory-cardclean objects="140" bytes="13032" />
  <regions eden="23" other="1" />
  <remembered-set-cleared processed="21693" cleared="746" durationms="0.269" />
  <references type="soft" candidates="4" cleared="0" enqueued="0" dynamicThreshold="19" maxThreshold="32" />
  <references type="weak" candidates="30" cleared="0" enqueued="0" />
  <references type="phantom" candidates="1" cleared="0" enqueued="0" />
  <stringconstants candidates="12505" cleared="0"  />
</gc-op>
<gc-op id="441" type="classunload" timems="0.004" contextid="437" timestamp="2019-06-15T00:50:02.576">
  <classunload-info classloadercandidates="40" classloadersunloaded="0" classesunloaded="0" anonymousclassesunloaded="0" quiescems="0.000" setupms="0.004" scanms="0.000" postms="0.000" />
</gc-op>
<heap-resize id="442" type="expand" space="default" amount="2097152" count="1" timems="0.075" reason="excessive time being spent in gc" timestamp="2019-06-15T00:50:02.576" />
<gc-end id="443" type="partial gc" contextid="437" durationms="10.724" usertimems="8.000" systemtimems="4.000" timestamp="2019-06-15T00:50:02.577" activeThreads="4">
  <mem-info id="444" free="44040192" total="73400320" percent="60">
    <mem type="eden" free="262152" total="1048576" percent="25" />
    <remembered-set count="24576" freebytes="2831616" totalbytes="2929920" percent="96" regionsoverflowed="0" regionsstable="0" regionsrebuilding="0"/>
  </mem-info>
</gc-end>
<cycle-end id="445" type="partial gc" contextid="437" timestamp="2019-06-15T00:50:02.577" />
  <attribute name="elasticGC enabled" value="1" />
  <attribute name= "numThreadsSpecified" value="4" />
  <attribute name="heapSize specified" value="0" />
  <attribute name="Current GC Util" value="79" />
  <attribute name= "Current Time Running" value="8515" />
  <attribute name ="GC Interval" value="0" />
  <attribute name="ProportionalT" value="29.500000" />
  <attribute name="ProportionalI" value="29.500000" />
  <attribute name="ProportionalH" value="29.500000" />
  <attribute name="Current Error" value="59.000000" />
  <attribute name="IntegralT" value="59.000000" />
  <attribute name="IntegralI" value="59.000000" />
  <attribute name="IntegralH" value="59.000000" />
  <attribute name="DerivativeT" value="29.500000" />
  <attribute name="DerivativeI" value="29.500000" />
  <attribute name="DerivativeH" value="29.500000" />
  <attribute name="Loop Time for DT" value="1.000000" />
  <attribute name="Output H" value="8388608"/>
  <attribute name="Output I" value="200"/>
  <attribute name="Output T" value="4"/>
  <attribute name="Target GC Util Change" value ="20.000000" />
  <attribute name="Current GC Util Change" value="79.000000"/>
  <attribute name="GC Util currently" value="79" />
  <attribute name="CPU Util currently" value="6115321179542" />
<exclusive-end id="446" timestamp="2019-06-15T00:50:02.577" durationms="11.864" />

<exclusive-start id="447" timestamp="2019-06-15T00:50:02.622" intervalms="56.639">
  <response-info timems="0.146" idlems="0.146" threads="0" lastid="0000000001CEB700" lastname="main" />
</exclusive-start>
<allocation-taxation id="448" taxation-threshold="25165824" timestamp="2019-06-15T00:50:02.622" intervalms="56.633" />
<cycle-start id="449" type="partial gc" contextid="0" timestamp="2019-06-15T00:50:02.622" intervalms="56.595" />
<gc-start id="450" type="partial gc" contextid="449" timestamp="2019-06-15T00:50:02.622">
  <mem-info id="451" free="18874368" total="73400320" percent="25">
    <mem type="eden" free="0" total="25165824" percent="0" />
    <remembered-set count="24096" freebytes="2833536" totalbytes="2929920" percent="96" regionsoverflowed="0" regionsstable="0" regionsrebuilding="0"/>
  </mem-info>
</gc-start>
<allocation-stats totalBytes="25162952" >
  <allocated-bytes non-tlh="601736" tlh="24561216" arrayletleaf="0"/>
  <largest-consumer threadName="main" threadId="0000000001CEB700" bytes="25162952" />
</allocation-stats>
<gc-op id="452" type="copy forward" timems="2.615" contextid="449" timestamp="2019-06-15T00:50:02.626">
  <memory-copied type="eden" objects="6959" bytes="538176" bytesdiscarded="0" />
  <memory-copied type="other" objects="494" bytes="18880" bytesdiscarded="0" />
  <memory-cardclean objects="168" bytes="14008" />
  <regions eden="24" other="1" />
  <remembered-set-cleared processed="21822" cleared="592" durationms="0.270" />
  <references type="soft" candidates="5" cleared="0" enqueued="0" dynamicThreshold="19" maxThreshold="32" />
  <references type="weak" candidates="31" cleared="0" enqueued="0" />
  <references type="phantom" candidates="1" cleared="0" enqueued="0" />
  <stringconstants candidates="12532" cleared="0"  />
</gc-op>
<gc-op id="453" type="classunload" timems="0.005" contextid="449" timestamp="2019-06-15T00:50:02.626">
  <classunload-info classloadercandidates="43" classloadersunloaded="0" classesunloaded="0" anonymousclassesunloaded="0" quiescems="0.000" setupms="0.004" scanms="0.000" postms="0.000" />
</gc-op>
<heap-resize id="454" type="expand" space="default" amount="3145728" count="1" timems="0.080" reason="excessive time being spent in gc" timestamp="2019-06-15T00:50:02.627" />
<gc-end id="455" type="partial gc" contextid="449" durationms="4.329" usertimems="8.000" systemtimems="0.000" timestamp="2019-06-15T00:50:02.627" activeThreads="1">
  <mem-info id="456" free="46137344" total="76546048" percent="60">
    <mem type="eden" free="510280" total="1048576" percent="48" />
    <remembered-set count="24544" freebytes="2957312" totalbytes="3055488" percent="96" regionsoverflowed="0" regionsstable="0" regionsrebuilding="0"/>
  </mem-info>
</gc-end>
<cycle-end id="457" type="partial gc" contextid="449" timestamp="2019-06-15T00:50:02.627" />
  <attribute name="elasticGC enabled" value="1" />
  <attribute name= "numThreadsSpecified" value="1" />
  <attribute name="heapSize specified" value="0" />
  <attribute name="Current GC Util" value="77" />
  <attribute name= "Current Time Running" value="8571" />
  <attribute name ="GC Interval" value="0" />
  <attribute name="ProportionalT" value="28.500000" />
  <attribute name="ProportionalI" value="28.500000" />
  <attribute name="ProportionalH" value="28.500000" />
  <attribute name="Current Error" value="57.000000" />
  <attribute name="IntegralT" value="0.000000" />
  <attribute name="IntegralI" value="0.000000" />
  <attribute name="IntegralH" value="0.000000" />
  <attribute name="DerivativeT" value="inf" />
  <attribute name="DerivativeI" value="inf" />
  <attribute name="DerivativeH" value="inf" />
  <attribute name="Loop Time for DT" value="0.000000" />
  <attribute name="Output H" value="8388608"/>
  <attribute name="Output I" value="200"/>
  <attribute name="Output T" value="1"/>
  <attribute name="Target GC Util Change" value ="20.000000" />
  <attribute name="Current GC Util Change" value="77.000000"/>
  <attribute name="GC Util currently" value="77" />
  <attribute name="CPU Util currently" value="5890780668003" />
<exclusive-end id="458" timestamp="2019-06-15T00:50:02.627" durationms="5.248" />

<exclusive-start id="459" timestamp="2019-06-15T00:50:02.674" intervalms="51.695">
  <response-info timems="0.057" idlems="0.057" threads="0" lastid="0000000001CEB700" lastname="main" />
</exclusive-start>
<allocation-taxation id="460" taxation-threshold="26214400" timestamp="2019-06-15T00:50:02.674" intervalms="51.734" />
<cycle-start id="461" type="partial gc" contextid="0" timestamp="2019-06-15T00:50:02.674" intervalms="51.814" />
<gc-start id="462" type="partial gc" contextid="461" timestamp="2019-06-15T00:50:02.674">
  <mem-info id="463" free="19922944" total="76546048" percent="26">
    <mem type="eden" free="0" total="26214400" percent="0" />
    <remembered-set count="24480" freebytes="2957568" totalbytes="3055488" percent="96" regionsoverflowed="0" regionsstable="0" regionsrebuilding="0"/>
  </mem-info>
</gc-start>
<allocation-stats totalBytes="26211256" >
  <allocated-bytes non-tlh="400832" tlh="25810424" arrayletleaf="0"/>
  <largest-consumer threadName="main" threadId="0000000001CEB700" bytes="26211256" />
</allocation-stats>
<gc-op id="464" type="copy forward" timems="12.320" contextid="461" timestamp="2019-06-15T00:50:02.688">
  <memory-copied type="eden" objects="9456" bytes="670608" bytesdiscarded="0" />
  <memory-copied type="other" objects="16034" bytes="582416" bytesdiscarded="0" />
  <memory-cardclean objects="771" bytes="43296" />
  <regions eden="25" other="2" />
  <remembered-set-cleared processed="22035" cleared="3689" durationms="0.274" />
  <references type="soft" candidates="5" cleared="0" enqueued="0" dynamicThreshold="19" maxThreshold="32" />
  <references type="weak" candidates="27" cleared="0" enqueued="0" />
  <references type="phantom" candidates="1" cleared="0" enqueued="0" />
  <stringconstants candidates="12543" cleared="0"  />
</gc-op>
<gc-op id="465" type="classunload" timems="0.004" contextid="461" timestamp="2019-06-15T00:50:02.688">
  <classunload-info classloadercandidates="45" classloadersunloaded="0" classesunloaded="0" anonymousclassesunloaded="0" quiescems="0.000" setupms="0.004" scanms="0.000" postms="0.000" />
</gc-op>
<heap-resize id="466" type="expand" space="default" amount="2097152" count="1" timems="0.071" reason="excessive time being spent in gc" timestamp="2019-06-15T00:50:02.688" />
<gc-end id="467" type="partial gc" contextid="461" durationms="14.208" usertimems="0.000" systemtimems="12.000" timestamp="2019-06-15T00:50:02.688" activeThreads="4">
  <mem-info id="468" free="47185920" total="78643200" percent="60">
    <mem type="eden" free="377888" total="1048576" percent="36" />
    <remembered-set count="23648" freebytes="3044608" totalbytes="3139200" percent="96" regionsoverflowed="0" regionsstable="0" regionsrebuilding="0"/>
  </mem-info>
</gc-end>
<cycle-end id="469" type="partial gc" contextid="461" timestamp="2019-06-15T00:50:02.689" />
  <attribute name="elasticGC enabled" value="1" />
  <attribute name= "numThreadsSpecified" value="4" />
  <attribute name="heapSize specified" value="0" />
  <attribute name="Current GC Util" value="151" />
  <attribute name= "Current Time Running" value="8623" />
  <attribute name ="GC Interval" value="0" />
  <attribute name="ProportionalT" value="65.500000" />
  <attribute name="ProportionalI" value="65.500000" />
  <attribute name="ProportionalH" value="65.500000" />
  <attribute name="Current Error" value="131.000000" />
  <attribute name="IntegralT" value="131.000000" />
  <attribute name="IntegralI" value="131.000000" />
  <attribute name="IntegralH" value="131.000000" />
  <attribute name="DerivativeT" value="65.500000" />
  <attribute name="DerivativeI" value="65.500000" />
  <attribute name="DerivativeH" value="65.500000" />
  <attribute name="Loop Time for DT" value="1.000000" />
  <attribute name="Output H" value="8388608"/>
  <attribute name="Output I" value="264"/>
  <attribute name="Output T" value="4"/>
  <attribute name="Target GC Util Change" value ="20.000000" />
  <attribute name="Current GC Util Change" value="151.000000"/>
  <attribute name="GC Util currently" value="151" />
  <attribute name="CPU Util currently" value="6040808370136" />
<exclusive-end id="470" timestamp="2019-06-15T00:50:02.689" durationms="15.400" />

<exclusive-start id="471" timestamp="2019-06-15T00:50:02.745" intervalms="71.679">
  <response-info timems="0.134" idlems="0.134" threads="0" lastid="0000000001CEB700" lastname="main" />
</exclusive-start>
<allocation-taxation id="472" taxation-threshold="26214400" timestamp="2019-06-15T00:50:02.745" intervalms="71.707" />
<cycle-start id="473" type="partial gc" contextid="0" timestamp="2019-06-15T00:50:02.746" intervalms="71.710" />
<gc-start id="474" type="partial gc" contextid="473" timestamp="2019-06-15T00:50:02.746">
  <mem-info id="475" free="20971520" total="78643200" percent="26">
    <mem type="eden" free="0" total="26214400" percent="0" />
    <remembered-set count="23648" freebytes="3044608" totalbytes="3139200" percent="96" regionsoverflowed="0" regionsstable="0" regionsrebuilding="0"/>
  </mem-info>
</gc-start>
<allocation-stats totalBytes="26210664" >
  <allocated-bytes non-tlh="1002488" tlh="25208176" arrayletleaf="0"/>
  <largest-consumer threadName="main" threadId="0000000001CEB700" bytes="26210664" />
</allocation-stats>
<gc-op id="476" type="copy forward" timems="8.874" contextid="473" timestamp="2019-06-15T00:50:02.756">
  <memory-copied type="eden" objects="12180" bytes="773112" bytesdiscarded="0" />
  <memory-copied type="other" objects="1452" bytes="95160" bytesdiscarded="0" />
  <memory-cardclean objects="1535" bytes="71600" />
  <regions eden="25" other="2" />
  <remembered-set-cleared processed="21371" cleared="1768" durationms="0.292" />
  <references type="soft" candidates="30" cleared="0" enqueued="0" dynamicThreshold="19" maxThreshold="32" />
  <references type="weak" candidates="39" cleared="0" enqueued="0" />
  <references type="phantom" candidates="1" cleared="0" enqueued="0" />
  <stringconstants candidates="12578" cleared="4"  />
</gc-op>
<gc-op id="477" type="classunload" timems="0.401" contextid="473" timestamp="2019-06-15T00:50:02.757">
  <classunload-info classloadercandidates="50" classloadersunloaded="2" classesunloaded="2" anonymousclassesunloaded="0" quiescems="0.000" setupms="0.386" scanms="0.010" postms="0.005" />
</gc-op>
<heap-resize id="478" type="expand" space="default" amount="3145728" count="1" timems="0.077" reason="excessive time being spent in gc" timestamp="2019-06-15T00:50:02.757" />
<gc-end id="479" type="partial gc" contextid="473" durationms="11.336" usertimems="0.000" systemtimems="12.000" timestamp="2019-06-15T00:50:02.757" activeThreads="4">
  <mem-info id="480" free="49283072" total="81788928" percent="60">
    <mem type="eden" free="275360" total="1048576" percent="26" />
    <remembered-set count="24416" freebytes="3167104" totalbytes="3264768" percent="97" regionsoverflowed="0" regionsstable="0" regionsrebuilding="0"/>
  </mem-info>
</gc-end>
<cycle-end id="481" type="partial gc" contextid="473" timestamp="2019-06-15T00:50:02.757" />
  <attribute name="elasticGC enabled" value="1" />
  <attribute name= "numThreadsSpecified" value="4" />
  <attribute name="heapSize specified" value="0" />
  <attribute name="Current GC Util" value="79" />
  <attribute name= "Current Time Running" value="8695" />
  <attribute name ="GC Interval" value="0" />
  <attribute name="ProportionalT" value="29.500000" />
  <attribute name="ProportionalI" value="29.500000" />
  <attribute name="ProportionalH" value="29.500000" />
  <attribute name="Current Error" value="59.000000" />
  <attribute name="IntegralT" value="59.000000" />
  <attribute name="IntegralI" value="59.000000" />
  <attribute name="IntegralH" value="59.000000" />
  <attribute name="DerivativeT" value="29.500000" />
  <attribute name="DerivativeI" value="29.500000" />
  <attribute name="DerivativeH" value="29.500000" />
  <attribute name="Loop Time for DT" value="1.000000" />
  <attribute name="Output H" value="8388608"/>
  <attribute name="Output I" value="200"/>
  <attribute name="Output T" value="4"/>
  <attribute name="Target GC Util Change" value ="20.000000" />
  <attribute name="Current GC Util Change" value="79.000000"/>
  <attribute name="GC Util currently" value="79" />
  <attribute name="CPU Util currently" value="5998761672427" />
<exclusive-end id="482" timestamp="2019-06-15T00:50:02.758" durationms="12.556" />

<exclusive-start id="483" timestamp="2019-06-15T00:50:02.799" intervalms="53.567">
  <response-info timems="0.060" idlems="0.060" threads="0" lastid="0000000001CEB700" lastname="main" />
</exclusive-start>
<allocation-taxation id="484" taxation-threshold="27262976" timestamp="2019-06-15T00:50:02.799" intervalms="53.535" />
<cycle-start id="485" type="partial gc" contextid="0" timestamp="2019-06-15T00:50:02.799" intervalms="53.548" />
<gc-start id="486" type="partial gc" contextid="485" timestamp="2019-06-15T00:50:02.800">
  <mem-info id="487" free="22020096" total="81788928" percent="26">
    <mem type="eden" free="0" total="27262976" percent="0" />
    <remembered-set count="24032" freebytes="3168640" totalbytes="3264768" percent="97" regionsoverflowed="0" regionsstable="0" regionsrebuilding="0"/>
  </mem-info>
</gc-start>
<allocation-stats totalBytes="27259568" >
  <allocated-bytes non-tlh="266728" tlh="26992840" arrayletleaf="0"/>
  <largest-consumer threadName="main" threadId="0000000001CEB700" bytes="27259568" />
</allocation-stats>
<gc-op id="488" type="copy forward" timems="9.676" contextid="485" timestamp="2019-06-15T00:50:02.810">
  <memory-copied type="eden" objects="17672" bytes="733656" bytesdiscarded="0" />
  <memory-copied type="other" objects="6244" bytes="246440" bytesdiscarded="0" />
  <memory-cardclean objects="603" bytes="38136" />
  <regions eden="26" other="2" />
  <remembered-set-cleared processed="21732" cleared="2277" durationms="0.286" />
  <references type="soft" candidates="9" cleared="0" enqueued="0" dynamicThreshold="19" maxThreshold="32" />
  <references type="weak" candidates="104" cleared="0" enqueued="0" />
  <stringconstants candidates="12597" cleared="0"  />
</gc-op>
<gc-op id="489" type="classunload" timems="0.004" contextid="485" timestamp="2019-06-15T00:50:02.811">
  <classunload-info classloadercandidates="49" classloadersunloaded="0" classesunloaded="0" anonymousclassesunloaded="0" quiescems="0.000" setupms="0.003" scanms="0.000" postms="0.000" />
</gc-op>
<heap-resize id="490" type="expand" space="default" amount="2097152" count="1" timems="0.063" reason="excessive time being spent in gc" timestamp="2019-06-15T00:50:02.811" />
<gc-end id="491" type="partial gc" contextid="485" durationms="11.620" usertimems="8.000" systemtimems="4.000" timestamp="2019-06-15T00:50:02.811" activeThreads="4">
  <mem-info id="492" free="50331648" total="83886080" percent="60">
    <mem type="eden" free="314896" total="1048576" percent="30" />
    <remembered-set count="25728" freebytes="3245568" totalbytes="3348480" percent="96" regionsoverflowed="0" regionsstable="0" regionsrebuilding="0"/>
  </mem-info>
</gc-end>
<cycle-end id="493" type="partial gc" contextid="485" timestamp="2019-06-15T00:50:02.811" />
  <attribute name="elasticGC enabled" value="1" />
  <attribute name= "numThreadsSpecified" value="4" />
  <attribute name="heapSize specified" value="0" />
  <attribute name="Current GC Util" value="79" />
  <attribute name= "Current Time Running" value="8749" />
  <attribute name ="GC Interval" value="0" />
  <attribute name="ProportionalT" value="29.500000" />
  <attribute name="ProportionalI" value="29.500000" />
  <attribute name="ProportionalH" value="29.500000" />
  <attribute name="Current Error" value="59.000000" />
  <attribute name="IntegralT" value="59.000000" />
  <attribute name="IntegralI" value="59.000000" />
  <attribute name="IntegralH" value="59.000000" />
  <attribute name="DerivativeT" value="29.500000" />
  <attribute name="DerivativeI" value="29.500000" />
  <attribute name="DerivativeH" value="29.500000" />
  <attribute name="Loop Time for DT" value="1.000000" />
  <attribute name="Output H" value="8388608"/>
  <attribute name="Output I" value="200"/>
  <attribute name="Output T" value="4"/>
  <attribute name="Target GC Util Change" value ="20.000000" />
  <attribute name="Current GC Util Change" value="79.000000"/>
  <attribute name="GC Util currently" value="79" />
  <attribute name="CPU Util currently" value="6017626120942" />
<exclusive-end id="494" timestamp="2019-06-15T00:50:02.812" durationms="12.873" />

<exclusive-start id="495" timestamp="2019-06-15T00:50:02.916" intervalms="117.686">
  <response-info timems="0.056" idlems="0.056" threads="0" lastid="0000000001CEB700" lastname="main" />
</exclusive-start>
<allocation-taxation id="496" taxation-threshold="27262976" timestamp="2019-06-15T00:50:02.917" intervalms="117.669" />
<cycle-start id="497" type="partial gc" contextid="0" timestamp="2019-06-15T00:50:02.917" intervalms="117.595" />
<gc-start id="498" type="partial gc" contextid="497" timestamp="2019-06-15T00:50:02.917">
  <mem-info id="499" free="23068672" total="83886080" percent="27">
    <mem type="eden" free="0" total="27262976" percent="0" />
    <remembered-set count="25280" freebytes="3247360" totalbytes="3348480" percent="96" regionsoverflowed="0" regionsstable="0" regionsrebuilding="0"/>
  </mem-info>
</gc-start>
<allocation-stats totalBytes="27258544" >
  <allocated-bytes non-tlh="964712" tlh="26293832" arrayletleaf="0"/>
  <largest-consumer threadName="main" threadId="0000000001CEB700" bytes="27258544" />
</allocation-stats>
<gc-op id="500" type="copy forward" timems="7.786" contextid="497" timestamp="2019-06-15T00:50:02.926">
  <memory-copied type="eden" objects="11552" bytes="807896" bytesdiscarded="0" />
  <memory-copied type="other" objects="380" bytes="12976" bytesdiscarded="0" />
  <memory-cardclean objects="391" bytes="28224" />
  <regions eden="26" other="1" />
  <remembered-set-cleared processed="22987" cleared="1971" durationms="0.279" />
  <references type="soft" candidates="636" cleared="0" enqueued="0" dynamicThreshold="19" maxThreshold="32" />
  <references type="weak" candidates="91" cleared="0" enqueued="0" />
  <references type="phantom" candidates="1" cleared="0" enqueued="0" />
  <stringconstants candidates="13119" cleared="0"  />
</gc-op>
<gc-op id="501" type="classunload" timems="0.004" contextid="497" timestamp="2019-06-15T00:50:02.926">
  <classunload-info classloadercandidates="53" classloadersunloaded="0" classesunloaded="0" anonymousclassesunloaded="0" quiescems="0.000" setupms="0.004" scanms="0.000" postms="0.000" />
</gc-op>
<heap-resize id="502" type="expand" space="default" amount="3145728" count="1" timems="0.070" reason="excessive time being spent in gc" timestamp="2019-06-15T00:50:02.927" />
<gc-end id="503" type="partial gc" contextid="497" durationms="9.692" usertimems="8.000" systemtimems="0.000" timestamp="2019-06-15T00:50:02.927" activeThreads="4">
  <mem-info id="504" free="52428800" total="87031808" percent="60">
    <mem type="eden" free="240280" total="1048576" percent="22" />
    <remembered-set count="24928" freebytes="3374336" totalbytes="3474048" percent="97" regionsoverflowed="0" regionsstable="0" regionsrebuilding="0"/>
  </mem-info>
</gc-end>
<cycle-end id="505" type="partial gc" contextid="497" timestamp="2019-06-15T00:50:02.927" />
  <attribute name="elasticGC enabled" value="1" />
  <attribute name= "numThreadsSpecified" value="4" />
  <attribute name="heapSize specified" value="0" />
  <attribute name="Current GC Util" value="79" />
  <attribute name= "Current Time Running" value="8866" />
  <attribute name ="GC Interval" value="0" />
  <attribute name="ProportionalT" value="29.500000" />
  <attribute name="ProportionalI" value="29.500000" />
  <attribute name="ProportionalH" value="29.500000" />
  <attribute name="Current Error" value="59.000000" />
  <attribute name="IntegralT" value="59.000000" />
  <attribute name="IntegralI" value="59.000000" />
  <attribute name="IntegralH" value="59.000000" />
  <attribute name="DerivativeT" value="29.500000" />
  <attribute name="DerivativeI" value="29.500000" />
  <attribute name="DerivativeH" value="29.500000" />
  <attribute name="Loop Time for DT" value="1.000000" />
  <attribute name="Output H" value="8388608"/>
  <attribute name="Output I" value="200"/>
  <attribute name="Output T" value="4"/>
  <attribute name="Target GC Util Change" value ="20.000000" />
  <attribute name="Current GC Util Change" value="79.000000"/>
  <attribute name="GC Util currently" value="79" />
  <attribute name="CPU Util currently" value="6159286914683" />
<exclusive-end id="506" timestamp="2019-06-15T00:50:02.927" durationms="10.779" />

<exclusive-start id="507" timestamp="2019-06-15T00:50:03.257" intervalms="340.882">
  <response-info timems="0.036" idlems="0.036" threads="0" lastid="0000000001CEB700" lastname="main" />
</exclusive-start>
<allocation-taxation id="508" taxation-threshold="28311552" timestamp="2019-06-15T00:50:03.258" intervalms="340.970" />
<cycle-start id="509" type="partial gc" contextid="0" timestamp="2019-06-15T00:50:03.258" intervalms="341.016" />
<gc-start id="510" type="partial gc" contextid="509" timestamp="2019-06-15T00:50:03.258">
  <mem-info id="511" free="24117248" total="87031808" percent="27">
    <mem type="eden" free="0" total="28311552" percent="0" />
    <arraylet-primitive objects="1" leaves="1" largest="1" />
    <remembered-set count="24928" freebytes="3374336" totalbytes="3474048" percent="97" regionsoverflowed="0" regionsstable="0" regionsrebuilding="0"/>
  </mem-info>
</gc-start>
<allocation-stats totalBytes="28299480" >
  <allocated-bytes non-tlh="2085128" tlh="25165776" arrayletleaf="1048576"/>
  <largest-consumer threadName="main" threadId="0000000001CEB700" bytes="28299480" />
</allocation-stats>
<gc-op id="512" type="copy forward" timems="4.242" contextid="509" timestamp="2019-06-15T00:50:03.263">
  <memory-copied type="eden" objects="19526" bytes="1452716" bytesdiscarded="8" />
  <memory-copied type="other" objects="7140" bytes="265648" bytesdiscarded="0" />
  <memory-cardclean objects="656" bytes="42512" />
  <regions eden="26" other="1" />
  <remembered-set-cleared processed="22437" cleared="1418" durationms="0.277" />
  <finalization candidates="3" enqueued="2" />
  <references type="soft" candidates="780" cleared="0" enqueued="0" dynamicThreshold="19" maxThreshold="32" />
  <references type="weak" candidates="158" cleared="0" enqueued="0" />
  <references type="phantom" candidates="2" cleared="0" enqueued="0" />
  <stringconstants candidates="13319" cleared="0"  />
</gc-op>
<gc-op id="513" type="classunload" timems="0.005" contextid="509" timestamp="2019-06-15T00:50:03.263">
  <classunload-info classloadercandidates="55" classloadersunloaded="0" classesunloaded="0" anonymousclassesunloaded="0" quiescems="0.000" setupms="0.004" scanms="0.000" postms="0.000" />
</gc-op>
<gc-end id="514" type="partial gc" contextid="509" durationms="5.320" usertimems="0.000" systemtimems="4.000" timestamp="2019-06-15T00:50:03.263" activeThreads="1">
  <mem-info id="515" free="49283072" total="87031808" percent="56">
    <mem type="eden" free="644128" total="3145728" percent="20" />
    <arraylet-primitive objects="1" leaves="1" largest="1" />
    <pending-finalizers system="0" default="2" reference="0" classloader="0" />
    <remembered-set count="27008" freebytes="3366016" totalbytes="3474048" percent="96" regionsoverflowed="0" regionsstable="0" regionsrebuilding="0"/>
  </mem-info>
</gc-end>
<cycle-end id="516" type="partial gc" contextid="509" timestamp="2019-06-15T00:50:03.264" />
  <attribute name="elasticGC enabled" value="1" />
  <attribute name= "numThreadsSpecified" value="1" />
  <attribute name="heapSize specified" value="0" />
  <attribute name="Current GC Util" value="32" />
  <attribute name= "Current Time Running" value="9206" />
  <attribute name ="GC Interval" value="0" />
  <attribute name="ProportionalT" value="6.000000" />
  <attribute name="ProportionalI" value="6.000000" />
  <attribute name="ProportionalH" value="6.000000" />
  <attribute name="Current Error" value="12.000000" />
  <attribute name="IntegralT" value="0.000000" />
  <attribute name="IntegralI" value="0.000000" />
  <attribute name="IntegralH" value="0.000000" />
  <attribute name="DerivativeT" value="inf" />
  <attribute name="DerivativeI" value="inf" />
  <attribute name="DerivativeH" value="inf" />
  <attribute name="Loop Time for DT" value="0.000000" />
  <attribute name="Output H" value="8388608"/>
  <attribute name="Output I" value="200"/>
  <attribute name="Output T" value="1"/>
  <attribute name="Target GC Util Change" value ="20.000000" />
  <attribute name="Current GC Util Change" value="32.000000"/>
  <attribute name="GC Util currently" value="32" />
  <attribute name="CPU Util currently" value="20681690194897" />
<exclusive-end id="517" timestamp="2019-06-15T00:50:03.264" durationms="6.493" />

<exclusive-start id="518" timestamp="2019-06-15T00:50:03.497" intervalms="240.121">
  <response-info timems="0.032" idlems="0.032" threads="0" lastid="0000000001CEB700" lastname="main" />
</exclusive-start>
<allocation-taxation id="519" taxation-threshold="28311552" timestamp="2019-06-15T00:50:03.498" intervalms="240.071" />
<cycle-start id="520" type="partial gc" contextid="0" timestamp="2019-06-15T00:50:03.498" intervalms="240.033" />
<gc-start id="521" type="partial gc" contextid="520" timestamp="2019-06-15T00:50:03.498">
  <mem-info id="522" free="20971520" total="87031808" percent="24">
    <mem type="eden" free="0" total="28311552" percent="0" />
    <arraylet-primitive objects="1" leaves="1" largest="1" />
    <remembered-set count="26944" freebytes="3366272" totalbytes="3474048" percent="96" regionsoverflowed="0" regionsstable="0" regionsrebuilding="0"/>
  </mem-info>
</gc-start>
<allocation-stats totalBytes="28278200" >
  <allocated-bytes non-tlh="0" tlh="28278200" arrayletleaf="0"/>
  <largest-consumer threadName="main" threadId="0000000001CEB700" bytes="28274104" />
</allocation-stats>
<gc-op id="523" type="copy forward" timems="11.225" contextid="520" timestamp="2019-06-15T00:50:03.510">
  <memory-copied type="eden" objects="58199" bytes="1467440" bytesdiscarded="59224" />
  <memory-copied type="other" objects="19083" bytes="1422884" bytesdiscarded="96880" />
  <memory-cardclean objects="215" bytes="23992" />
  <regions eden="27" other="2" />
  <remembered-set-cleared processed="24116" cleared="2106" durationms="0.278" />
  <finalization candidates="1" enqueued="0" />
  <references type="soft" candidates="145" cleared="0" enqueued="0" dynamicThreshold="18" maxThreshold="32" />
  <references type="weak" candidates="85" cleared="0" enqueued="0" />
  <references type="phantom" candidates="2" cleared="0" enqueued="0" />
  <stringconstants candidates="13319" cleared="0"  />
</gc-op>
<gc-op id="524" type="classunload" timems="0.005" contextid="520" timestamp="2019-06-15T00:50:03.510">
  <classunload-info classloadercandidates="55" classloadersunloaded="0" classesunloaded="0" anonymousclassesunloaded="0" quiescems="0.000" setupms="0.005" scanms="0.000" postms="0.000" />
</gc-op>
<gc-end id="525" type="partial gc" contextid="520" durationms="12.579" usertimems="12.000" systemtimems="4.000" timestamp="2019-06-15T00:50:03.511" activeThreads="4">
  <mem-info id="526" free="47185920" total="87031808" percent="54">
    <mem type="eden" free="570488" total="2097152" percent="27" />
    <arraylet-primitive objects="1" leaves="1" largest="1" />
    <remembered-set count="31264" freebytes="3348992" totalbytes="3474048" percent="96" regionsoverflowed="0" regionsstable="0" regionsrebuilding="0"/>
  </mem-info>
</gc-end>
<cycle-end id="527" type="partial gc" contextid="520" timestamp="2019-06-15T00:50:03.511" />
  <attribute name="elasticGC enabled" value="1" />
  <attribute name= "numThreadsSpecified" value="4" />
  <attribute name="heapSize specified" value="0" />
  <attribute name="Current GC Util" value="37" />
  <attribute name= "Current Time Running" value="9447" />
  <attribute name ="GC Interval" value="0" />
  <attribute name="ProportionalT" value="8.500000" />
  <attribute name="ProportionalI" value="8.500000" />
  <attribute name="ProportionalH" value="8.500000" />
  <attribute name="Current Error" value="17.000000" />
  <attribute name="IntegralT" value="17.000000" />
  <attribute name="IntegralI" value="17.000000" />
  <attribute name="IntegralH" value="17.000000" />
  <attribute name="DerivativeT" value="8.500000" />
  <attribute name="DerivativeI" value="8.500000" />
  <attribute name="DerivativeH" value="8.500000" />
  <attribute name="Loop Time for DT" value="1.000000" />
  <attribute name="Output H" value="8388608"/>
  <attribute name="Output I" value="200"/>
  <attribute name="Output T" value="4"/>
  <attribute name="Target GC Util Change" value ="20.000000" />
  <attribute name="Current GC Util Change" value="37.000000"/>
  <attribute name="GC Util currently" value="37" />
  <attribute name="CPU Util currently" value="24734568034275" />
<exclusive-end id="528" timestamp="2019-06-15T00:50:03.511" durationms="13.737" />

<exclusive-start id="529" timestamp="2019-06-15T00:50:03.587" intervalms="89.083">
  <response-info timems="0.069" idlems="0.069" threads="0" lastid="0000000001CEB700" lastname="main" />
</exclusive-start>
<allocation-taxation id="530" taxation-threshold="28311552" timestamp="2019-06-15T00:50:03.587" intervalms="89.147" />
<cycle-start id="531" type="partial gc" contextid="0" timestamp="2019-06-15T00:50:03.587" intervalms="89.251" />
<gc-start id="532" type="partial gc" contextid="531" timestamp="2019-06-15T00:50:03.587">
  <mem-info id="533" free="18874368" total="87031808" percent="21">
    <mem type="eden" free="0" total="28311552" percent="0" />
    <arraylet-primitive objects="1" leaves="1" largest="1" />
    <remembered-set count="30880" freebytes="3350528" totalbytes="3474048" percent="96" regionsoverflowed="0" regionsstable="0" regionsrebuilding="0"/>
  </mem-info>
</gc-start>
<allocation-stats totalBytes="28284424" >
  <allocated-bytes non-tlh="0" tlh="28284424" arrayletleaf="0"/>
  <largest-consumer threadName="main" threadId="0000000001CEB700" bytes="28284424" />
</allocation-stats>
<gc-op id="534" type="copy forward" timems="13.553" contextid="531" timestamp="2019-06-15T00:50:03.602">
  <memory-copied type="eden" objects="57526" bytes="1442632" bytesdiscarded="24" />
  <memory-copied type="other" objects="76719" bytes="2859548" bytesdiscarded="0" />
  <memory-cardclean objects="201" bytes="23544" />
  <regions eden="27" other="4" />
  <remembered-set-cleared processed="26649" cleared="4635" durationms="0.308" />
  <finalization candidates="1" enqueued="0" />
  <references type="soft" candidates="145" cleared="0" enqueued="0" dynamicThreshold="17" maxThreshold="32" />
  <references type="weak" candidates="85" cleared="0" enqueued="0" />
  <references type="phantom" candidates="2" cleared="0" enqueued="0" />
  <stringconstants candidates="13319" cleared="0"  />
</gc-op>
<gc-op id="535" type="classunload" timems="0.008" contextid="531" timestamp="2019-06-15T00:50:03.602">
  <classunload-info classloadercandidates="55" classloadersunloaded="0" classesunloaded="0" anonymousclassesunloaded="0" quiescems="0.000" setupms="0.008" scanms="0.000" postms="0.000" />
</gc-op>
<heap-resize id="536" type="contract" space="default" amount="5242880" count="1" timems="0.060" reason="insufficient time being spent in gc" timestamp="2019-06-15T00:50:03.602" />
<gc-end id="537" type="partial gc" contextid="531" durationms="15.046" usertimems="20.000" systemtimems="0.000" timestamp="2019-06-15T00:50:03.602" activeThreads="1">
  <mem-info id="538" free="39845888" total="81788928" percent="48">
    <mem type="eden" free="654496" total="2097152" percent="31" />
    <arraylet-primitive objects="1" leaves="1" largest="1" />
    <remembered-set count="35328" freebytes="3332736" totalbytes="3474048" percent="95" regionsoverflowed="0" regionsstable="0" regionsrebuilding="0"/>
  </mem-info>
</gc-end>
<cycle-end id="539" type="partial gc" contextid="531" timestamp="2019-06-15T00:50:03.603" />
  <attribute name="elasticGC enabled" value="1" />
  <attribute name= "numThreadsSpecified" value="1" />
  <attribute name="heapSize specified" value="0" />
  <attribute name="Current GC Util" value="49" />
  <attribute name= "Current Time Running" value="9536" />
  <attribute name ="GC Interval" value="0" />
  <attribute name="ProportionalT" value="14.500000" />
  <attribute name="ProportionalI" value="14.500000" />
  <attribute name="ProportionalH" value="14.500000" />
  <attribute name="Current Error" value="29.000000" />
  <attribute name="IntegralT" value="0.000000" />
  <attribute name="IntegralI" value="0.000000" />
  <attribute name="IntegralH" value="0.000000" />
  <attribute name="DerivativeT" value="inf" />
  <attribute name="DerivativeI" value="inf" />
  <attribute name="DerivativeH" value="inf" />
  <attribute name="Loop Time for DT" value="0.000000" />
  <attribute name="Output H" value="8388608"/>
  <attribute name="Output I" value="200"/>
  <attribute name="Output T" value="1"/>
  <attribute name="Target GC Util Change" value ="20.000000" />
  <attribute name="Current GC Util Change" value="49.000000"/>
  <attribute name="GC Util currently" value="49" />
  <attribute name="CPU Util currently" value="21194676179681" />
<exclusive-end id="540" timestamp="2019-06-15T00:50:03.603" durationms="16.469" />

<exclusive-start id="541" timestamp="2019-06-15T00:50:03.657" intervalms="70.557">
  <response-info timems="0.081" idlems="0.081" threads="0" lastid="0000000001CEB700" lastname="main" />
</exclusive-start>
<allocation-taxation id="542" taxation-threshold="27262976" timestamp="2019-06-15T00:50:03.657" intervalms="70.552" />
<cycle-start id="543" type="partial gc" contextid="0" timestamp="2019-06-15T00:50:03.658" intervalms="70.517" />
<gc-start id="544" type="partial gc" contextid="543" timestamp="2019-06-15T00:50:03.658">
  <mem-info id="545" free="12582912" total="81788928" percent="15">
    <mem type="eden" free="0" total="27262976" percent="0" />
    <arraylet-primitive objects="1" leaves="1" largest="1" />
    <remembered-set count="35232" freebytes="3333120" totalbytes="3474048" percent="95" regionsoverflowed="0" regionsstable="0" regionsrebuilding="0"/>
  </mem-info>
</gc-start>
<allocation-stats totalBytes="27237248" >
  <allocated-bytes non-tlh="131088" tlh="27106160" arrayletleaf="0"/>
  <largest-consumer threadName="main" threadId="0000000001CEB700" bytes="27237248" />
</allocation-stats>
<gc-op id="546" type="copy forward" timems="6.813" contextid="543" timestamp="2019-06-15T00:50:03.666">
  <memory-copied type="eden" objects="58754" bytes="1582696" bytesdiscarded="105832" />
  <memory-copied type="other" objects="96266" bytes="2407480" bytesdiscarded="54000" />
  <memory-cardclean objects="6218" bytes="144344" />
  <regions eden="26" other="3" />
  <remembered-set-cleared processed="30470" cleared="6047" durationms="0.183" />
  <references type="weak" candidates="2" cleared="0" enqueued="0" />
  <stringconstants candidates="13319" cleared="0"  />
</gc-op>
<gc-op id="547" type="classunload" timems="0.006" contextid="543" timestamp="2019-06-15T00:50:03.666">
  <classunload-info classloadercandidates="55" classloadersunloaded="0" classesunloaded="0" anonymousclassesunloaded="0" quiescems="0.000" setupms="0.006" scanms="0.000" postms="0.000" />
</gc-op>
<gc-end id="548" type="partial gc" contextid="543" durationms="8.273" usertimems="20.000" systemtimems="0.000" timestamp="2019-06-15T00:50:03.666" activeThreads="4">
  <mem-info id="549" free="37748736" total="81788928" percent="46">
    <mem type="eden" free="408624" total="2097152" percent="19" />
    <arraylet-primitive objects="1" leaves="1" largest="1" />
    <remembered-set count="38240" freebytes="3111808" totalbytes="3264768" percent="95" regionsoverflowed="0" regionsstable="0" regionsrebuilding="0"/>
  </mem-info>
</gc-end>
<cycle-end id="550" type="partial gc" contextid="543" timestamp="2019-06-15T00:50:03.666" />
  <attribute name="elasticGC enabled" value="1" />
  <attribute name= "numThreadsSpecified" value="4" />
  <attribute name="heapSize specified" value="0" />
  <attribute name="Current GC Util" value="47" />
  <attribute name= "Current Time Running" value="9607" />
  <attribute name ="GC Interval" value="0" />
  <attribute name="ProportionalT" value="13.500000" />
  <attribute name="ProportionalI" value="13.500000" />
  <attribute name="ProportionalH" value="13.500000" />
  <attribute name="Current Error" value="27.000000" />
  <attribute name="IntegralT" value="27.000000" />
  <attribute name="IntegralI" value="27.000000" />
  <attribute name="IntegralH" value="27.000000" />
  <attribute name="DerivativeT" value="13.000000" />
  <attribute name="DerivativeI" value="13.000000" />
  <attribute name="DerivativeH" value="13.000000" />
  <attribute name="Loop Time for DT" value="1.000000" />
  <attribute name="Output H" value="8388608"/>
  <attribute name="Output I" value="200"/>
  <attribute name="Output T" value="4"/>
  <attribute name="Target GC Util Change" value ="20.000000" />
  <attribute name="Current GC Util Change" value="47.000000"/>
  <attribute name="GC Util currently" value="47" />
  <attribute name="CPU Util currently" value="8895930597627" />
<exclusive-end id="551" timestamp="2019-06-15T00:50:03.667" durationms="9.572" />

<exclusive-start id="552" timestamp="2019-06-15T00:50:03.693" intervalms="35.933">
  <response-info timems="0.078" idlems="0.078" threads="0" lastid="0000000001CEB700" lastname="main" />
</exclusive-start>
<allocation-taxation id="553" taxation-threshold="13631488" timestamp="2019-06-15T00:50:03.693" intervalms="35.821" />
<cycle-start id="554" type="global mark phase" contextid="0" timestamp="2019-06-15T00:50:03.693" intervalms="2907.574" />
<gc-start id="555" type="global mark phase" contextid="554" timestamp="2019-06-15T00:50:03.694">
  <mem-info id="556" free="24117248" total="81788928" percent="29">
    <remembered-set count="37888" freebytes="3113216" totalbytes="3264768" percent="95" regionsoverflowed="0" regionsstable="0" regionsrebuilding="0"/>
  </mem-info>
</gc-start>
<gc-op id="557" type="mark increment" timems="1.995" contextid="554" timestamp="2019-06-15T00:50:03.696">
  <trace-info objectcount="58217" scancount="37457" scanbytes="1104356" />
</gc-op>
<gc-end id="558" type="global mark phase" contextid="554" durationms="2.237" usertimems="4.000" systemtimems="0.000" timestamp="2019-06-15T00:50:03.696" activeThreads="4">
  <mem-info id="559" free="24117248" total="81788928" percent="29">
    <remembered-set count="37888" freebytes="3113216" totalbytes="3264768" percent="95" regionsoverflowed="0" regionsstable="0" regionsrebuilding="0"/>
  </mem-info>
</gc-end>
<concurrent-start id="560" type="GMP work packet processing" contextid="554" timestamp="2019-06-15T00:50:03.696">
  <concurrent-mark-start scanTarget="2678570" />
</concurrent-start>
<exclusive-end id="561" timestamp="2019-06-15T00:50:03.696" durationms="2.968" />

<concurrent-end id="562" type="GMP work packet processing" contextid="554" timestamp="2019-06-15T00:50:03.698">
  <concurrent-mark-end bytesScanned="2721652" reasonForTermination="Work target met" />
</concurrent-end>

<exclusive-start id="563" timestamp="2019-06-15T00:50:03.722" intervalms="29.228">
  <response-info timems="0.074" idlems="0.074" threads="0" lastid="0000000001CEB700" lastname="main" />
</exclusive-start>
<allocation-taxation id="564" taxation-threshold="13631488" timestamp="2019-06-15T00:50:03.722" intervalms="29.243" />
<cycle-start id="565" type="partial gc" contextid="0" timestamp="2019-06-15T00:50:03.723" intervalms="65.060" />
<gc-start id="566" type="partial gc" contextid="565" timestamp="2019-06-15T00:50:03.723">
  <mem-info id="567" free="10485760" total="81788928" percent="12">
    <mem type="eden" free="0" total="27262976" percent="0" />
    <arraylet-primitive objects="1" leaves="1" largest="1" />
    <remembered-set count="37888" freebytes="3113216" totalbytes="3264768" percent="95" regionsoverflowed="0" regionsstable="0" regionsrebuilding="0"/>
  </mem-info>
</gc-start>
<allocation-stats totalBytes="27233368" >
  <allocated-bytes non-tlh="0" tlh="27233368" arrayletleaf="0"/>
  <largest-consumer threadName="main" threadId="0000000001CEB700" bytes="13617776" />
</allocation-stats>
<gc-op id="568" type="copy forward" timems="12.553" contextid="565" timestamp="2019-06-15T00:50:03.736">
  <memory-copied type="eden" objects="56052" bytes="1383344" bytesdiscarded="40" />
  <memory-copied type="other" objects="65834" bytes="1846088" bytesdiscarded="0" />
  <memory-cardclean objects="6083" bytes="182960" />
  <regions eden="26" other="3" />
  <remembered-set-cleared processed="33763" cleared="5385" durationms="0.386" />
  <references type="soft" candidates="635" cleared="0" enqueued="0" dynamicThreshold="9" maxThreshold="32" />
  <references type="weak" candidates="75" cleared="0" enqueued="0" />
  <stringconstants candidates="13319" cleared="0"  />
</gc-op>
<gc-op id="569" type="classunload" timems="0.004" contextid="565" timestamp="2019-06-15T00:50:03.736">
  <classunload-info classloadercandidates="55" classloadersunloaded="0" classesunloaded="0" anonymousclassesunloaded="0" quiescems="0.000" setupms="0.004" scanms="0.000" postms="0.000" />
</gc-op>
<heap-resize id="570" type="expand" space="default" amount="14680064" count="1" timems="0.130" reason="excessive time being spent in gc" timestamp="2019-06-15T00:50:03.737" />
<gc-end id="571" type="partial gc" contextid="565" durationms="14.141" usertimems="16.000" systemtimems="0.000" timestamp="2019-06-15T00:50:03.737" activeThreads="1">
  <mem-info id="572" free="50331648" total="96468992" percent="52">
    <mem type="eden" free="713768" total="2097152" percent="34" />
    <arraylet-primitive objects="1" leaves="1" largest="1" />
    <remembered-set count="40704" freebytes="3687936" totalbytes="3850752" percent="95" regionsoverflowed="0" regionsstable="0" regionsrebuilding="0"/>
  </mem-info>
</gc-end>
<cycle-end id="573" type="partial gc" contextid="565" timestamp="2019-06-15T00:50:03.737" />
  <attribute name="elasticGC enabled" value="1" />
  <attribute name= "numThreadsSpecified" value="1" />
  <attribute name="heapSize specified" value="0" />
  <attribute name="Current GC Util" value="59" />
  <attribute name= "Current Time Running" value="9671" />
  <attribute name ="GC Interval" value="0" />
  <attribute name="ProportionalT" value="19.500000" />
  <attribute name="ProportionalI" value="19.500000" />
  <attribute name="ProportionalH" value="19.500000" />
  <attribute name="Current Error" value="39.000000" />
  <attribute name="IntegralT" value="0.000000" />
  <attribute name="IntegralI" value="0.000000" />
  <attribute name="IntegralH" value="0.000000" />
  <attribute name="DerivativeT" value="inf" />
  <attribute name="DerivativeI" value="inf" />
  <attribute name="DerivativeH" value="inf" />
  <attribute name="Loop Time for DT" value="0.000000" />
  <attribute name="Output H" value="8388608"/>
  <attribute name="Output I" value="200"/>
  <attribute name="Output T" value="1"/>
  <attribute name="Target GC Util Change" value ="20.000000" />
  <attribute name="Current GC Util Change" value="59.000000"/>
  <attribute name="GC Util currently" value="59" />
  <attribute name="CPU Util currently" value="14890047672934" />
<exclusive-end id="574" timestamp="2019-06-15T00:50:03.738" durationms="15.311" />

<exclusive-start id="575" timestamp="2019-06-15T00:50:03.766" intervalms="43.997">
  <response-info timems="0.080" idlems="0.080" threads="0" lastid="0000000001CEB700" lastname="main" />
</exclusive-start>
<allocation-taxation id="576" taxation-threshold="14680064" timestamp="2019-06-15T00:50:03.766" intervalms="44.033" />
<gc-start id="577" type="global mark phase" contextid="554" timestamp="2019-06-15T00:50:03.767">
  <mem-info id="578" free="35651584" total="96468992" percent="36">
    <remembered-set count="40672" freebytes="3688064" totalbytes="3850752" percent="95" regionsoverflowed="0" regionsstable="0" regionsrebuilding="0"/>
  </mem-info>
</gc-start>
<gc-end id="579" type="global mark phase" contextid="554" durationms="0.161" usertimems="0.000" systemtimems="0.000" timestamp="2019-06-15T00:50:03.767" activeThreads="1">
  <mem-info id="580" free="35651584" total="96468992" percent="36">
    <remembered-set count="40672" freebytes="3688064" totalbytes="3850752" percent="95" regionsoverflowed="0" regionsstable="0" regionsrebuilding="0"/>
  </mem-info>
</gc-end>
<concurrent-start id="581" type="GMP work packet processing" contextid="554" timestamp="2019-06-15T00:50:03.767">
  <concurrent-mark-start scanTarget="1339285" />
</concurrent-start>
<exclusive-end id="582" timestamp="2019-06-15T00:50:03.767" durationms="0.892" />

<concurrent-end id="583" type="GMP work packet processing" contextid="554" timestamp="2019-06-15T00:50:03.769">
  <concurrent-mark-end bytesScanned="1364524" reasonForTermination="Work target met" />
</concurrent-end>

<exclusive-start id="584" timestamp="2019-06-15T00:50:03.795" intervalms="28.906">
  <response-info timems="0.068" idlems="0.068" threads="0" lastid="0000000001CEB700" lastname="main" />
</exclusive-start>
<allocation-taxation id="585" taxation-threshold="14680064" timestamp="2019-06-15T00:50:03.795" intervalms="28.937" />
<cycle-start id="586" type="partial gc" contextid="0" timestamp="2019-06-15T00:50:03.796" intervalms="72.971" />
<gc-start id="587" type="partial gc" contextid="586" timestamp="2019-06-15T00:50:03.796">
  <mem-info id="588" free="20971520" total="96468992" percent="21">
    <mem type="eden" free="262136" total="29360128" percent="0" />
    <arraylet-primitive objects="1" leaves="1" largest="1" />
    <remembered-set count="40672" freebytes="3688064" totalbytes="3850752" percent="95" regionsoverflowed="0" regionsstable="0" regionsrebuilding="0"/>
  </mem-info>
</gc-start>
<allocation-stats totalBytes="29061880" >
  <allocated-bytes non-tlh="131080" tlh="28930800" arrayletleaf="0"/>
  <largest-consumer threadName="main" threadId="0000000001CEB700" bytes="14403816" />
</allocation-stats>
<gc-op id="589" type="copy forward" timems="19.256" contextid="586" timestamp="2019-06-15T00:50:03.816">
  <memory-copied type="eden" objects="58441" bytes="1559520" bytesdiscarded="24" />
  <memory-copied type="other" objects="140605" bytes="3460304" bytesdiscarded="800" />
  <memory-cardclean objects="12609" bytes="493440" />
  <regions eden="28" other="4" />
  <remembered-set-cleared processed="35651" cleared="8198" durationms="0.384" />
  <references type="weak" candidates="2" cleared="0" enqueued="0" />
  <stringconstants candidates="13319" cleared="0"  />
</gc-op>
<gc-op id="590" type="classunload" timems="0.007" contextid="586" timestamp="2019-06-15T00:50:03.816">
  <classunload-info classloadercandidates="55" classloadersunloaded="0" classesunloaded="0" anonymousclassesunloaded="0" quiescems="0.000" setupms="0.007" scanms="0.000" postms="0.000" />
</gc-op>
<heap-resize id="591" type="expand" space="default" amount="16777216" count="1" timems="0.156" reason="excessive time being spent in gc" timestamp="2019-06-15T00:50:03.817" />
<gc-end id="592" type="partial gc" contextid="586" durationms="20.868" usertimems="20.000" systemtimems="0.000" timestamp="2019-06-15T00:50:03.817" activeThreads="1">
  <mem-info id="593" free="65011712" total="113246208" percent="57">
    <mem type="eden" free="537608" total="2097152" percent="25" />
    <arraylet-primitive objects="1" leaves="1" largest="1" />
    <remembered-set count="44704" freebytes="4341632" totalbytes="4520448" percent="96" regionsoverflowed="0" regionsstable="0" regionsrebuilding="0"/>
  </mem-info>
</gc-end>
<cycle-end id="594" type="partial gc" contextid="586" timestamp="2019-06-15T00:50:03.817" />
  <attribute name="elasticGC enabled" value="1" />
  <attribute name= "numThreadsSpecified" value="1" />
  <attribute name="heapSize specified" value="0" />
  <attribute name="Current GC Util" value="59" />
  <attribute name= "Current Time Running" value="9744" />
  <attribute name ="GC Interval" value="0" />
  <attribute name="ProportionalT" value="19.500000" />
  <attribute name="ProportionalI" value="19.500000" />
  <attribute name="ProportionalH" value="19.500000" />
  <attribute name="Current Error" value="39.000000" />
  <attribute name="IntegralT" value="0.000000" />
  <attribute name="IntegralI" value="0.000000" />
  <attribute name="IntegralH" value="0.000000" />
  <attribute name="DerivativeT" value="inf" />
  <attribute name="DerivativeI" value="inf" />
  <attribute name="DerivativeH" value="inf" />
  <attribute name="Loop Time for DT" value="0.000000" />
  <attribute name="Output H" value="8388608"/>
  <attribute name="Output I" value="200"/>
  <attribute name="Output T" value="1"/>
  <attribute name="Target GC Util Change" value ="20.000000" />
  <attribute name="Current GC Util Change" value="59.000000"/>
  <attribute name="GC Util currently" value="59" />
  <attribute name="CPU Util currently" value="15966727963440" />
<exclusive-end id="595" timestamp="2019-06-15T00:50:03.817" durationms="22.107" />

<exclusive-start id="596" timestamp="2019-06-15T00:50:03.851" intervalms="55.862">
  <response-info timems="0.073" idlems="0.073" threads="0" lastid="0000000001CEB700" lastname="main" />
</exclusive-start>
<allocation-taxation id="597" taxation-threshold="16777216" timestamp="2019-06-15T00:50:03.851" intervalms="55.870" />
<gc-start id="598" type="global mark phase" contextid="554" timestamp="2019-06-15T00:50:03.851">
  <mem-info id="599" free="48234496" total="113246208" percent="42">
    <remembered-set count="44288" freebytes="4343296" totalbytes="4520448" percent="96" regionsoverflowed="0" regionsstable="0" regionsrebuilding="0"/>
  </mem-info>
</gc-start>
<gc-end id="600" type="global mark phase" contextid="554" durationms="0.189" usertimems="0.000" systemtimems="0.000" timestamp="2019-06-15T00:50:03.852" activeThreads="1">
  <mem-info id="601" free="48234496" total="113246208" percent="42">
    <remembered-set count="44288" freebytes="4343296" totalbytes="4520448" percent="96" regionsoverflowed="0" regionsstable="0" regionsrebuilding="0"/>
  </mem-info>
</gc-end>
<concurrent-start id="602" type="GMP work packet processing" contextid="554" timestamp="2019-06-15T00:50:03.852">
  <concurrent-mark-start scanTarget="1048576" />
</concurrent-start>
<exclusive-end id="603" timestamp="2019-06-15T00:50:03.852" durationms="0.992" />

<concurrent-end id="604" type="GMP work packet processing" contextid="554" timestamp="2019-06-15T00:50:03.853">
  <concurrent-mark-end bytesScanned="1076408" reasonForTermination="Work target met" />
</concurrent-end>

<exclusive-start id="605" timestamp="2019-06-15T00:50:03.884" intervalms="33.251">
  <response-info timems="0.081" idlems="0.081" threads="0" lastid="0000000001CEB700" lastname="main" />
</exclusive-start>
<allocation-taxation id="606" taxation-threshold="16777216" timestamp="2019-06-15T00:50:03.884" intervalms="33.198" />
<cycle-start id="607" type="partial gc" contextid="0" timestamp="2019-06-15T00:50:03.885" intervalms="89.097" />
<gc-start id="608" type="partial gc" contextid="607" timestamp="2019-06-15T00:50:03.885">
  <mem-info id="609" free="31457280" total="113246208" percent="27">
    <mem type="eden" free="0" total="33554432" percent="0" />
    <arraylet-primitive objects="1" leaves="1" largest="1" />
    <remembered-set count="44288" freebytes="4343296" totalbytes="4520448" percent="96" regionsoverflowed="0" regionsstable="0" regionsrebuilding="0"/>
  </mem-info>
</gc-start>
<allocation-stats totalBytes="33523576" >
  <allocated-bytes non-tlh="131080" tlh="33392496" arrayletleaf="0"/>
  <largest-consumer threadName="main" threadId="0000000001CEB700" bytes="16761320" />
</allocation-stats>
<gc-op id="610" type="copy forward" timems="20.297" contextid="607" timestamp="2019-06-15T00:50:03.906">
  <memory-copied type="eden" objects="71152" bytes="1922720" bytesdiscarded="8" />
  <memory-copied type="other" objects="115849" bytes="3928236" bytesdiscarded="424" />
  <memory-cardclean objects="17693" bytes="594912" />
  <regions eden="32" other="5" />
  <remembered-set-cleared processed="39289" cleared="8589" durationms="0.415" />
  <references type="soft" candidates="145" cleared="0" enqueued="0" dynamicThreshold="13" maxThreshold="32" />
  <references type="weak" candidates="83" cleared="0" enqueued="0" />
  <references type="phantom" candidates="2" cleared="0" enqueued="0" />
  <stringconstants candidates="13319" cleared="0"  />
</gc-op>
<gc-op id="611" type="classunload" timems="0.009" contextid="607" timestamp="2019-06-15T00:50:03.906">
  <classunload-info classloadercandidates="55" classloadersunloaded="0" classesunloaded="0" anonymousclassesunloaded="0" quiescems="0.000" setupms="0.009" scanms="0.000" postms="0.000" />
</gc-op>
<heap-resize id="612" type="expand" space="default" amount="12582912" count="1" timems="0.470" reason="excessive time being spent in gc" timestamp="2019-06-15T00:50:03.907" />
<gc-end id="613" type="partial gc" contextid="607" durationms="22.223" usertimems="20.000" systemtimems="0.000" timestamp="2019-06-15T00:50:03.907" activeThreads="1">
  <mem-info id="614" free="75497472" total="125829120" percent="60">
    <mem type="eden" free="174424" total="2097152" percent="8" />
    <arraylet-primitive objects="1" leaves="1" largest="1" />
    <remembered-set count="50592" freebytes="4820352" totalbytes="5022720" percent="95" regionsoverflowed="0" regionsstable="0" regionsrebuilding="0"/>
  </mem-info>
</gc-end>
<cycle-end id="615" type="partial gc" contextid="607" timestamp="2019-06-15T00:50:03.907" />
  <attribute name="elasticGC enabled" value="1" />
  <attribute name= "numThreadsSpecified" value="1" />
  <attribute name="heapSize specified" value="0" />
  <attribute name="Current GC Util" value="58" />
  <attribute name= "Current Time Running" value="9833" />
  <attribute name ="GC Interval" value="0" />
  <attribute name="ProportionalT" value="19.000000" />
  <attribute name="ProportionalI" value="19.000000" />
  <attribute name="ProportionalH" value="19.000000" />
  <attribute name="Current Error" value="38.000000" />
  <attribute name="IntegralT" value="0.000000" />
  <attribute name="IntegralI" value="0.000000" />
  <attribute name="IntegralH" value="0.000000" />
  <attribute name="DerivativeT" value="inf" />
  <attribute name="DerivativeI" value="inf" />
  <attribute name="DerivativeH" value="inf" />
  <attribute name="Loop Time for DT" value="0.000000" />
  <attribute name="Output H" value="8388608"/>
  <attribute name="Output I" value="200"/>
  <attribute name="Output T" value="1"/>
  <attribute name="Target GC Util Change" value ="20.000000" />
  <attribute name="Current GC Util Change" value="58.000000"/>
  <attribute name="GC Util currently" value="58" />
  <attribute name="CPU Util currently" value="16667700350775" />
<exclusive-end id="616" timestamp="2019-06-15T00:50:03.908" durationms="23.543" />

<exclusive-start id="617" timestamp="2019-06-15T00:50:03.955" intervalms="71.175">
  <response-info timems="0.070" idlems="0.070" threads="0" lastid="0000000001CEB700" lastname="main" />
</exclusive-start>
<allocation-taxation id="618" taxation-threshold="18874368" timestamp="2019-06-15T00:50:03.956" intervalms="71.169" />
<gc-start id="619" type="global mark phase" contextid="554" timestamp="2019-06-15T00:50:03.956">
  <mem-info id="620" free="56623104" total="125829120" percent="45">
    <remembered-set count="50592" freebytes="4820352" totalbytes="5022720" percent="95" regionsoverflowed="0" regionsstable="0" regionsrebuilding="0"/>
  </mem-info>
</gc-start>
<gc-end id="621" type="global mark phase" contextid="554" durationms="0.214" usertimems="0.000" systemtimems="0.000" timestamp="2019-06-15T00:50:03.956" activeThreads="1">
  <mem-info id="622" free="56623104" total="125829120" percent="45">
    <remembered-set count="50592" freebytes="4820352" totalbytes="5022720" percent="95" regionsoverflowed="0" regionsstable="0" regionsrebuilding="0"/>
  </mem-info>
</gc-end>
<concurrent-start id="623" type="GMP work packet processing" contextid="554" timestamp="2019-06-15T00:50:03.956">
  <concurrent-mark-start scanTarget="1339285" />
</concurrent-start>
<exclusive-end id="624" timestamp="2019-06-15T00:50:03.956" durationms="1.035" />

<concurrent-end id="625" type="GMP work packet processing" contextid="554" timestamp="2019-06-15T00:50:03.957">
  <concurrent-mark-end bytesScanned="1368280" reasonForTermination="Work target met" />
</concurrent-end>

<exclusive-start id="626" timestamp="2019-06-15T00:50:04.024" intervalms="68.274">
  <response-info timems="0.075" idlems="0.075" threads="0" lastid="0000000001CEB700" lastname="main" />
</exclusive-start>
<allocation-taxation id="627" taxation-threshold="18874368" timestamp="2019-06-15T00:50:04.024" intervalms="68.340" />
<cycle-start id="628" type="partial gc" contextid="0" timestamp="2019-06-15T00:50:04.024" intervalms="139.462" />
<gc-start id="629" type="partial gc" contextid="628" timestamp="2019-06-15T00:50:04.025">
  <mem-info id="630" free="37748736" total="125829120" percent="30">
    <mem type="eden" free="0" total="37748736" percent="0" />
    <arraylet-primitive objects="2" leaves="2" largest="1" />
    <remembered-set count="50592" freebytes="4820352" totalbytes="5022720" percent="95" regionsoverflowed="0" regionsstable="0" regionsrebuilding="0"/>
  </mem-info>
</gc-start>
<allocation-stats totalBytes="37733096" >
  <allocated-bytes non-tlh="760960" tlh="35923560" arrayletleaf="1048576"/>
  <largest-consumer threadName="main" threadId="0000000001CEB700" bytes="18872464" />
</allocation-stats>
<gc-op id="631" type="copy forward" timems="24.492" contextid="628" timestamp="2019-06-15T00:50:04.050">
  <memory-copied type="eden" objects="82937" bytes="2165108" bytesdiscarded="8" />
  <memory-copied type="other" objects="170182" bytes="4393976" bytesdiscarded="616" />
  <memory-cardclean objects="23216" bytes="702192" />
  <regions eden="35" other="5" />
  <remembered-set-cleared processed="45009" cleared="11969" durationms="0.450" />
  <finalization candidates="1" enqueued="1" />
  <references type="weak" candidates="6" cleared="0" enqueued="0" />
  <stringconstants candidates="13319" cleared="0"  />
</gc-op>
<gc-op id="632" type="classunload" timems="0.009" contextid="628" timestamp="2019-06-15T00:50:04.050">
  <classunload-info classloadercandidates="55" classloadersunloaded="0" classesunloaded="0" anonymousclassesunloaded="0" quiescems="0.000" setupms="0.009" scanms="0.000" postms="0.000" />
</gc-op>
<heap-resize id="633" type="expand" space="default" amount="10485760" count="1" timems="0.121" reason="excessive time being spent in gc" timestamp="2019-06-15T00:50:04.050" />
<gc-end id="634" type="partial gc" contextid="628" durationms="26.129" usertimems="28.000" systemtimems="0.000" timestamp="2019-06-15T00:50:04.051" activeThreads="1">
  <mem-info id="635" free="81788928" total="136314880" percent="60">
    <mem type="eden" free="980584" total="4194304" percent="23" />
    <arraylet-primitive objects="2" leaves="2" largest="1" />
    <pending-finalizers system="0" default="1" reference="0" classloader="0" />
    <remembered-set count="55168" freebytes="5220608" totalbytes="5441280" percent="95" regionsoverflowed="0" regionsstable="0" regionsrebuilding="0"/>
  </mem-info>
</gc-end>
<cycle-end id="636" type="partial gc" contextid="628" timestamp="2019-06-15T00:50:04.051" />
  <attribute name="elasticGC enabled" value="1" />
  <attribute name= "numThreadsSpecified" value="1" />
  <attribute name="heapSize specified" value="0" />
  <attribute name="Current GC Util" value="60" />
  <attribute name= "Current Time Running" value="9973" />
  <attribute name ="GC Interval" value="0" />
  <attribute name="ProportionalT" value="20.000000" />
  <attribute name="ProportionalI" value="20.000000" />
  <attribute name="ProportionalH" value="20.000000" />
  <attribute name="Current Error" value="40.000000" />
  <attribute name="IntegralT" value="0.000000" />
  <attribute name="IntegralI" value="0.000000" />
  <attribute name="IntegralH" value="0.000000" />
  <attribute name="DerivativeT" value="inf" />
  <attribute name="DerivativeI" value="inf" />
  <attribute name="DerivativeH" value="inf" />
  <attribute name="Loop Time for DT" value="0.000000" />
  <attribute name="Output H" value="8388608"/>
  <attribute name="Output I" value="200"/>
  <attribute name="Output T" value="1"/>
  <attribute name="Target GC Util Change" value ="20.000000" />
  <attribute name="Current GC Util Change" value="60.000000"/>
  <attribute name="GC Util currently" value="60" />
  <attribute name="CPU Util currently" value="18872507788761" />
<exclusive-end id="637" timestamp="2019-06-15T00:50:04.051" durationms="27.511" />

<exclusive-start id="638" timestamp="2019-06-15T00:50:04.166" intervalms="142.377">
  <response-info timems="0.050" idlems="0.050" threads="0" lastid="0000000001CEB700" lastname="main" />
</exclusive-start>
<allocation-taxation id="639" taxation-threshold="19922944" timestamp="2019-06-15T00:50:04.166" intervalms="142.332" />
<gc-start id="640" type="global mark phase" contextid="554" timestamp="2019-06-15T00:50:04.166">
  <mem-info id="641" free="61865984" total="136314880" percent="45">
    <remembered-set count="55040" freebytes="5221120" totalbytes="5441280" percent="95" regionsoverflowed="0" regionsstable="0" regionsrebuilding="0"/>
  </mem-info>
</gc-start>
<gc-end id="642" type="global mark phase" contextid="554" durationms="0.146" usertimems="0.000" systemtimems="0.000" timestamp="2019-06-15T00:50:04.167" activeThreads="1">
  <mem-info id="643" free="61865984" total="136314880" percent="45">
    <remembered-set count="55040" freebytes="5221120" totalbytes="5441280" percent="95" regionsoverflowed="0" regionsstable="0" regionsrebuilding="0"/>
  </mem-info>
</gc-end>
<concurrent-start id="644" type="GMP work packet processing" contextid="554" timestamp="2019-06-15T00:50:04.167">
  <concurrent-mark-start scanTarget="1339285" />
</concurrent-start>
<exclusive-end id="645" timestamp="2019-06-15T00:50:04.167" durationms="1.011" />

<concurrent-end id="646" type="GMP work packet processing" contextid="554" timestamp="2019-06-15T00:50:04.180">
  <concurrent-mark-end bytesScanned="1363584" reasonForTermination="Work target met" />
</concurrent-end>

<exclusive-start id="647" timestamp="2019-06-15T00:50:04.280" intervalms="114.246">
  <response-info timems="0.059" idlems="0.059" threads="0" lastid="0000000001CEB700" lastname="main" />
</exclusive-start>
<allocation-taxation id="648" taxation-threshold="19922944" timestamp="2019-06-15T00:50:04.281" intervalms="114.335" />
<cycle-start id="649" type="partial gc" contextid="0" timestamp="2019-06-15T00:50:04.281" intervalms="256.710" />
<gc-start id="650" type="partial gc" contextid="649" timestamp="2019-06-15T00:50:04.281">
  <mem-info id="651" free="41943040" total="136314880" percent="30">
    <mem type="eden" free="0" total="39845888" percent="0" />
    <arraylet-primitive objects="2" leaves="2" largest="1" />
    <remembered-set count="55040" freebytes="5221120" totalbytes="5441280" percent="95" regionsoverflowed="0" regionsstable="0" regionsrebuilding="0"/>
  </mem-info>
</gc-start>
<allocation-stats totalBytes="39843416" >
  <allocated-bytes non-tlh="149376" tlh="39694040" arrayletleaf="0"/>
  <largest-consumer threadName="main" threadId="0000000001CEB700" bytes="19922280" />
</allocation-stats>
<gc-op id="652" type="copy forward" timems="21.901" contextid="649" timestamp="2019-06-15T00:50:04.304">
  <memory-copied type="eden" objects="39255" bytes="1068888" bytesdiscarded="0" />
  <memory-copied type="other" objects="201850" bytes="5055568" bytesdiscarded="672" />
  <memory-cardclean objects="23967" bytes="783376" />
  <regions eden="38" other="6" />
  <remembered-set-cleared processed="47417" cleared="12986" durationms="0.482" />
  <references type="soft" candidates="2139" cleared="0" enqueued="0" dynamicThreshold="14" maxThreshold="32" />
  <references type="weak" candidates="86" cleared="0" enqueued="0" />
  <stringconstants candidates="13778" cleared="5"  />
</gc-op>
<gc-op id="653" type="classunload" timems="0.008" contextid="649" timestamp="2019-06-15T00:50:04.304">
  <classunload-info classloadercandidates="55" classloadersunloaded="0" classesunloaded="0" anonymousclassesunloaded="0" quiescems="0.000" setupms="0.008" scanms="0.000" postms="0.000" />
</gc-op>
<gc-end id="654" type="partial gc" contextid="649" durationms="23.364" usertimems="24.000" systemtimems="0.000" timestamp="2019-06-15T00:50:04.305" activeThreads="1">
  <mem-info id="655" free="81788928" total="136314880" percent="60">
    <mem type="eden" free="1028240" total="2097152" percent="49" />
    <arraylet-primitive objects="1" leaves="1" largest="1" />
    <remembered-set count="56000" freebytes="5217280" totalbytes="5441280" percent="95" regionsoverflowed="0" regionsstable="0" regionsrebuilding="0"/>
  </mem-info>
</gc-end>
<cycle-end id="656" type="partial gc" contextid="649" timestamp="2019-06-15T00:50:04.305" />
  <attribute name="elasticGC enabled" value="1" />
  <attribute name= "numThreadsSpecified" value="1" />
  <attribute name="heapSize specified" value="0" />
  <attribute name="Current GC Util" value="55" />
  <attribute name= "Current Time Running" value="10230" />
  <attribute name ="GC Interval" value="0" />
  <attribute name="ProportionalT" value="17.500000" />
  <attribute name="ProportionalI" value="17.500000" />
  <attribute name="ProportionalH" value="17.500000" />
  <attribute name="Current Error" value="35.000000" />
  <attribute name="IntegralT" value="0.000000" />
  <attribute name="IntegralI" value="0.000000" />
  <attribute name="IntegralH" value="0.000000" />
  <attribute name="DerivativeT" value="inf" />
  <attribute name="DerivativeI" value="inf" />
  <attribute name="DerivativeH" value="inf" />
  <attribute name="Loop Time for DT" value="0.000000" />
  <attribute name="Output H" value="8388608"/>
  <attribute name="Output I" value="200"/>
  <attribute name="Output T" value="1"/>
  <attribute name="Target GC Util Change" value ="20.000000" />
  <attribute name="Current GC Util Change" value="55.000000"/>
  <attribute name="GC Util currently" value="55" />
  <attribute name="CPU Util currently" value="15548974859551" />
<exclusive-end id="657" timestamp="2019-06-15T00:50:04.305" durationms="24.839" />

<exclusive-start id="658" timestamp="2019-06-15T00:50:04.389" intervalms="108.794">
  <response-info timems="0.097" idlems="0.097" threads="0" lastid="0000000001CEB700" lastname="main" />
</exclusive-start>
<allocation-taxation id="659" taxation-threshold="19922944" timestamp="2019-06-15T00:50:04.389" intervalms="108.792" />
<gc-start id="660" type="global mark phase" contextid="554" timestamp="2019-06-15T00:50:04.390">
  <mem-info id="661" free="61865984" total="136314880" percent="45">
    <remembered-set count="55968" freebytes="5217408" totalbytes="5441280" percent="95" regionsoverflowed="0" regionsstable="0" regionsrebuilding="0"/>
  </mem-info>
</gc-start>
<gc-end id="662" type="global mark phase" contextid="554" durationms="0.149" usertimems="0.000" systemtimems="0.000" timestamp="2019-06-15T00:50:04.390" activeThreads="1">
  <mem-info id="663" free="61865984" total="136314880" percent="45">
    <remembered-set count="55968" freebytes="5217408" totalbytes="5441280" percent="95" regionsoverflowed="0" regionsstable="0" regionsrebuilding="0"/>
  </mem-info>
</gc-end>
<concurrent-start id="664" type="GMP work packet processing" contextid="554" timestamp="2019-06-15T00:50:04.390">
  <concurrent-mark-start scanTarget="1674106" />
</concurrent-start>
<exclusive-end id="665" timestamp="2019-06-15T00:50:04.390" durationms="1.011" />

<concurrent-end id="666" type="GMP work packet processing" contextid="554" timestamp="2019-06-15T00:50:04.391">
  <concurrent-mark-end bytesScanned="1201944" reasonForTermination="Completed all work in GC phase" />
</concurrent-end>

<exclusive-start id="667" timestamp="2019-06-15T00:50:05.511" intervalms="1121.720">
  <response-info timems="0.035" idlems="0.035" threads="0" lastid="0000000001CEB700" lastname="main" />
</exclusive-start>
<allocation-taxation id="668" taxation-threshold="19922944" timestamp="2019-06-15T00:50:05.511" intervalms="1121.776" />
<cycle-start id="669" type="partial gc" contextid="0" timestamp="2019-06-15T00:50:05.512" intervalms="1231.193" />
<gc-start id="670" type="partial gc" contextid="669" timestamp="2019-06-15T00:50:05.512">
  <mem-info id="671" free="41943040" total="136314880" percent="30">
    <mem type="eden" free="0" total="39845888" percent="0" />
    <arraylet-primitive objects="1" leaves="1" largest="1" />
    <remembered-set count="55968" freebytes="5217408" totalbytes="5441280" percent="95" regionsoverflowed="0" regionsstable="0" regionsrebuilding="0"/>
  </mem-info>
</gc-start>
<allocation-stats totalBytes="39805360" >
  <allocated-bytes non-tlh="64" tlh="39805296" arrayletleaf="0"/>
  <largest-consumer threadName="main" threadId="0000000001CEB700" bytes="19885432" />
</allocation-stats>
<gc-op id="672" type="copy forward" timems="12.221" contextid="669" timestamp="2019-06-15T00:50:05.526">
  <memory-copied type="eden" objects="81" bytes="3176" bytesdiscarded="0" />
  <memory-copied type="other" objects="122274" bytes="4203572" bytesdiscarded="360" />
  <memory-cardclean objects="20339" bytes="666672" />
  <regions eden="38" other="5" />
  <remembered-set-cleared processed="50141" cleared="10159" durationms="0.506" />
  <references type="soft" candidates="2284" cleared="0" enqueued="0" dynamicThreshold="14" maxThreshold="32" />
  <references type="weak" candidates="163" cleared="0" enqueued="0" />
  <references type="phantom" candidates="2" cleared="0" enqueued="0" />
  <stringconstants candidates="13774" cleared="0"  />
</gc-op>
<gc-op id="673" type="classunload" timems="0.006" contextid="669" timestamp="2019-06-15T00:50:05.526">
  <classunload-info classloadercandidates="55" classloadersunloaded="0" classesunloaded="0" anonymousclassesunloaded="0" quiescems="0.000" setupms="0.005" scanms="0.000" postms="0.000" />
</gc-op>
<heap-resize id="674" type="contract" space="default" amount="7340032" count="1" timems="0.195" reason="insufficient time being spent in gc" timestamp="2019-06-15T00:50:05.526" />
<gc-end id="675" type="partial gc" contextid="669" durationms="14.068" usertimems="12.000" systemtimems="0.000" timestamp="2019-06-15T00:50:05.526" activeThreads="1">
  <mem-info id="676" free="73400320" total="128974848" percent="56">
    <mem type="eden" free="1045400" total="1048576" percent="99" />
    <arraylet-primitive objects="1" leaves="1" largest="1" />
    <remembered-set count="55904" freebytes="5217664" totalbytes="5441280" percent="95" regionsoverflowed="0" regionsstable="0" regionsrebuilding="0"/>
  </mem-info>
</gc-end>
<cycle-end id="677" type="partial gc" contextid="669" timestamp="2019-06-15T00:50:05.527" />
  <attribute name="elasticGC enabled" value="1" />
  <attribute name= "numThreadsSpecified" value="1" />
  <attribute name="heapSize specified" value="0" />
  <attribute name="Current GC Util" value="52" />
  <attribute name= "Current Time Running" value="11461" />
  <attribute name ="GC Interval" value="0" />
  <attribute name="ProportionalT" value="16.000000" />
  <attribute name="ProportionalI" value="16.000000" />
  <attribute name="ProportionalH" value="16.000000" />
  <attribute name="Current Error" value="32.000000" />
  <attribute name="IntegralT" value="0.000000" />
  <attribute name="IntegralI" value="0.000000" />
  <attribute name="IntegralH" value="0.000000" />
  <attribute name="DerivativeT" value="inf" />
  <attribute name="DerivativeI" value="inf" />
  <attribute name="DerivativeH" value="inf" />
  <attribute name="Loop Time for DT" value="0.000000" />
  <attribute name="Output H" value="8388608"/>
  <attribute name="Output I" value="200"/>
  <attribute name="Output T" value="1"/>
  <attribute name="Target GC Util Change" value ="20.000000" />
  <attribute name="Current GC Util Change" value="52.000000"/>
  <attribute name="GC Util currently" value="52" />
  <attribute name="CPU Util currently" value="15199919585069" />
<exclusive-end id="678" timestamp="2019-06-15T00:50:05.527" durationms="16.162" />

<exclusive-start id="679" timestamp="2019-06-15T00:50:05.536" intervalms="25.539">
  <response-info timems="0.052" idlems="0.052" threads="0" lastid="0000000001CEB700" lastname="main" />
</exclusive-start>
<allocation-taxation id="680" taxation-threshold="18874368" timestamp="2019-06-15T00:50:05.537" intervalms="25.402" />
<gc-start id="681" type="global mark phase" contextid="554" timestamp="2019-06-15T00:50:05.537">
  <mem-info id="682" free="54525952" total="128974848" percent="42">
    <remembered-set count="55744" freebytes="5218304" totalbytes="5441280" percent="95" regionsoverflowed="0" regionsstable="0" regionsrebuilding="0"/>
  </mem-info>
</gc-start>
<gc-op id="683" type="mark increment" timems="4.909" contextid="554" timestamp="2019-06-15T00:50:05.542">
  <trace-info objectcount="156024" scancount="143776" scanbytes="3841384" />
  <cardclean-info objects="107100" bytes="2523604" />
  <finalization candidates="81" enqueued="0" />
  <ownableSynchronizers candidates="21" cleared="0" />
  <references type="soft" candidates="4855" cleared="0" enqueued="0" dynamicThreshold="18" maxThreshold="32" />
  <references type="weak" candidates="5617" cleared="29" enqueued="28" />
  <references type="phantom" candidates="105" cleared="3" enqueued="3" />
  <stringconstants candidates="13774" cleared="12"  />
</gc-op>
<gc-op id="684" type="classunload" timems="0.008" contextid="554" timestamp="2019-06-15T00:50:05.542">
  <classunload-info classloadercandidates="55" classloadersunloaded="0" classesunloaded="0" anonymousclassesunloaded="0" quiescems="0.000" setupms="0.007" scanms="0.000" postms="0.000" />
</gc-op>
<gc-end id="685" type="global mark phase" contextid="554" durationms="5.381" usertimems="12.000" systemtimems="0.000" timestamp="2019-06-15T00:50:05.542" activeThreads="4">
  <mem-info id="686" free="54525952" total="128974848" percent="42">
    <pending-finalizers system="0" default="0" reference="31" classloader="0" />
    <remembered-set count="55744" freebytes="5218304" totalbytes="5441280" percent="95" regionsoverflowed="0" regionsstable="0" regionsrebuilding="0"/>
  </mem-info>
</gc-end>
<cycle-end id="687" type="global mark phase" contextid="554" timestamp="2019-06-15T00:50:05.542" />
  <attribute name="elasticGC enabled" value="1" />
  <attribute name= "numThreadsSpecified" value="4" />
  <attribute name="heapSize specified" value="0" />
  <attribute name="Current GC Util" value="173" />
  <attribute name= "Current Time Running" value="11489" />
  <attribute name ="GC Interval" value="0" />
  <attribute name="ProportionalT" value="76.500000" />
  <attribute name="ProportionalI" value="76.500000" />
  <attribute name="ProportionalH" value="76.500000" />
  <attribute name="Current Error" value="153.000000" />
  <attribute name="IntegralT" value="459.000000" />
  <attribute name="IntegralI" value="459.000000" />
  <attribute name="IntegralH" value="459.000000" />
  <attribute name="DerivativeT" value="-0.333333" />
  <attribute name="DerivativeI" value="-0.333333" />
  <attribute name="DerivativeH" value="-0.333333" />
  <attribute name="Loop Time for DT" value="3.000000" />
  <attribute name="Output H" value="8388608"/>
  <attribute name="Output I" value="536"/>
  <attribute name="Output T" value="4"/>
  <attribute name="Target GC Util Change" value ="20.000000" />
  <attribute name="Current GC Util Change" value="173.000000"/>
  <attribute name="GC Util currently" value="173" />
  <attribute name="CPU Util currently" value="2081717019640" />
<exclusive-end id="688" timestamp="2019-06-15T00:50:05.543" durationms="6.163" />

<exclusive-start id="689" timestamp="2019-06-15T00:50:05.552" intervalms="15.637">
  <response-info timems="0.054" idlems="0.054" threads="0" lastid="0000000001CEB700" lastname="main" />
</exclusive-start>
<allocation-taxation id="690" taxation-threshold="18874368" timestamp="2019-06-15T00:50:05.552" intervalms="15.637" />
<cycle-start id="691" type="partial gc" contextid="0" timestamp="2019-06-15T00:50:05.552" intervalms="40.429" />
<gc-start id="692" type="partial gc" contextid="691" timestamp="2019-06-15T00:50:05.553">
  <mem-info id="693" free="35651584" total="128974848" percent="27">
    <mem type="eden" free="0" total="37748736" percent="0" />
    <arraylet-primitive objects="1" leaves="1" largest="1" />
    <remembered-set count="55744" freebytes="5218304" totalbytes="5441280" percent="95" regionsoverflowed="0" regionsstable="0" regionsrebuilding="0"/>
  </mem-info>
</gc-start>
<allocation-stats totalBytes="37608432" >
  <allocated-bytes non-tlh="0" tlh="37608432" arrayletleaf="0"/>
  <largest-consumer threadName="main" threadId="0000000001CEB700" bytes="18801552" />
</allocation-stats>
<gc-op id="694" type="sweep" timems="0.699" contextid="691" timestamp="2019-06-15T00:50:05.554" />
<gc-op id="695" type="copy forward" timems="2.509" contextid="691" timestamp="2019-06-15T00:50:05.557">
  <memory-copied type="eden" objects="0" bytes="0" bytesdiscarded="0" />
  <memory-copied type="other" objects="394" bytes="14144" bytesdiscarded="1776" />
  <memory-cardclean objects="50312" bytes="1705064" />
  <regions eden="18" other="2" />
  <remembered-set-cleared processed="46860" cleared="5023" durationms="0.225" />
  <references type="soft" candidates="2" cleared="0" enqueued="0" dynamicThreshold="13" maxThreshold="32" />
  <references type="weak" candidates="10" cleared="0" enqueued="0" />
  <stringconstants candidates="13762" cleared="0"  />
</gc-op>
<gc-op id="696" type="classunload" timems="0.004" contextid="691" timestamp="2019-06-15T00:50:05.558">
  <classunload-info classloadercandidates="55" classloadersunloaded="0" classesunloaded="0" anonymousclassesunloaded="0" quiescems="0.000" setupms="0.004" scanms="0.000" postms="0.000" />
</gc-op>
<heap-resize id="697" type="contract" space="default" amount="7340032" count="1" timems="0.063" reason="insufficient time being spent in gc" timestamp="2019-06-15T00:50:05.558" />
<gc-end id="698" type="partial gc" contextid="691" durationms="5.215" usertimems="8.000" systemtimems="0.000" timestamp="2019-06-15T00:50:05.558" activeThreads="4">
  <mem-info id="699" free="67108864" total="121634816" percent="55">
    <arraylet-primitive objects="1" leaves="1" largest="1" />
    <remembered-set count="53216" freebytes="4935424" totalbytes="5148288" percent="95" regionsoverflowed="0" regionsstable="0" regionsrebuilding="0"/>
  </mem-info>
</gc-end>
<cycle-end id="700" type="partial gc" contextid="691" timestamp="2019-06-15T00:50:05.558" />
  <attribute name="elasticGC enabled" value="1" />
  <attribute name= "numThreadsSpecified" value="4" />
  <attribute name="heapSize specified" value="0" />
  <attribute name="Current GC Util" value="26" />
  <attribute name= "Current Time Running" value="11503" />
  <attribute name ="GC Interval" value="0" />
  <attribute name="ProportionalT" value="3.000000" />
  <attribute name="ProportionalI" value="3.000000" />
  <attribute name="ProportionalH" value="3.000000" />
  <attribute name="Current Error" value="6.000000" />
  <attribute name="IntegralT" value="6.000000" />
  <attribute name="IntegralI" value="6.000000" />
  <attribute name="IntegralH" value="6.000000" />
  <attribute name="DerivativeT" value="-17.500000" />
  <attribute name="DerivativeI" value="-17.500000" />
  <attribute name="DerivativeH" value="-17.500000" />
  <attribute name="Loop Time for DT" value="1.000000" />
  <attribute name="Output H" value="2091843584"/>
  <attribute name="Output I" value="200"/>
  <attribute name="Output T" value="4"/>
  <attribute name="Target GC Util Change" value ="20.000000" />
  <attribute name="Current GC Util Change" value="26.000000"/>
  <attribute name="GC Util currently" value="26" />
  <attribute name="CPU Util currently" value="8232522106826" />
<exclusive-end id="701" timestamp="2019-06-15T00:50:05.558" durationms="6.457" />

<exclusive-start id="702" timestamp="2019-06-15T00:50:05.576" intervalms="24.359">
  <response-info timems="0.089" idlems="0.089" threads="0" lastid="0000000001CEB700" lastname="main" />
</exclusive-start>
<allocation-taxation id="703" taxation-threshold="36700160" timestamp="2019-06-15T00:50:05.577" intervalms="24.446" />
<cycle-start id="704" type="partial gc" contextid="0" timestamp="2019-06-15T00:50:05.577" intervalms="24.380" />
<gc-start id="705" type="partial gc" contextid="704" timestamp="2019-06-15T00:50:05.577">
  <mem-info id="706" free="30408704" total="121634816" percent="25">
    <mem type="eden" free="0" total="36700160" percent="0" />
    <arraylet-primitive objects="1" leaves="1" largest="1" />
    <remembered-set count="52992" freebytes="4936320" totalbytes="5148288" percent="95" regionsoverflowed="0" regionsstable="0" regionsrebuilding="0"/>
  </mem-info>
</gc-start>
<allocation-stats totalBytes="36574336" >
  <allocated-bytes non-tlh="0" tlh="36574336" arrayletleaf="0"/>
  <largest-consumer threadName="main" threadId="0000000001CEB700" bytes="36574336" />
</allocation-stats>
<gc-op id="707" type="copy forward" timems="3.160" contextid="704" timestamp="2019-06-15T00:50:05.582">
  <memory-copied type="eden" objects="1" bytes="24" bytesdiscarded="0" />
  <memory-copied type="other" objects="9140" bytes="368296" bytesdiscarded="13920" />
  <memory-cardclean objects="32541" bytes="1196976" />
  <regions eden="35" other="11" />
  <remembered-set-cleared processed="43764" cleared="12413" durationms="0.239" />
  <references type="soft" candidates="123" cleared="0" enqueued="0" dynamicThreshold="17" maxThreshold="32" />
  <references type="weak" candidates="735" cleared="0" enqueued="0" />
  <stringconstants candidates="13762" cleared="0"  />
</gc-op>
<gc-op id="708" type="classunload" timems="0.005" contextid="704" timestamp="2019-06-15T00:50:05.582">
  <classunload-info classloadercandidates="55" classloadersunloaded="0" classesunloaded="0" anonymousclassesunloaded="0" quiescems="0.000" setupms="0.004" scanms="0.000" postms="0.000" />
</gc-op>
<gc-end id="709" type="partial gc" contextid="704" durationms="4.723" usertimems="8.000" systemtimems="0.000" timestamp="2019-06-15T00:50:05.582" activeThreads="4">
  <mem-info id="710" free="73400320" total="121634816" percent="60">
    <mem type="eden" free="1048552" total="1048576" percent="99" />
    <arraylet-primitive objects="1" leaves="1" largest="1" />
    <remembered-set count="48672" freebytes="4660608" totalbytes="4855296" percent="95" regionsoverflowed="0" regionsstable="0" regionsrebuilding="0"/>
  </mem-info>
</gc-end>
<cycle-end id="711" type="partial gc" contextid="704" timestamp="2019-06-15T00:50:05.582" />
  <attribute name="elasticGC enabled" value="1" />
  <attribute name= "numThreadsSpecified" value="4" />
  <attribute name="heapSize specified" value="0" />
  <attribute name="Current GC Util" value="30" />
  <attribute name= "Current Time Running" value="11526" />
  <attribute name ="GC Interval" value="0" />
  <attribute name="ProportionalT" value="5.000000" />
  <attribute name="ProportionalI" value="5.000000" />
  <attribute name="ProportionalH" value="5.000000" />
  <attribute name="Current Error" value="10.000000" />
  <attribute name="IntegralT" value="10.000000" />
  <attribute name="IntegralI" value="10.000000" />
  <attribute name="IntegralH" value="10.000000" />
  <attribute name="DerivativeT" value="-1.000000" />
  <attribute name="DerivativeI" value="-1.000000" />
  <attribute name="DerivativeH" value="-1.000000" />
  <attribute name="Loop Time for DT" value="1.000000" />
  <attribute name="Output H" value="8388608"/>
  <attribute name="Output I" value="200"/>
  <attribute name="Output T" value="4"/>
  <attribute name="Target GC Util Change" value ="20.000000" />
  <attribute name="Current GC Util Change" value="30.000000"/>
  <attribute name="GC Util currently" value="30" />
  <attribute name="CPU Util currently" value="7020901241059" />
<exclusive-end id="712" timestamp="2019-06-15T00:50:05.582" durationms="5.949" />

<exclusive-start id="713" timestamp="2019-06-15T00:50:05.600" intervalms="24.078">
  <response-info timems="0.070" idlems="0.070" threads="0" lastid="0000000001CEB700" lastname="main" />
</exclusive-start>
<allocation-taxation id="714" taxation-threshold="36700160" timestamp="2019-06-15T00:50:05.601" intervalms="24.081" />
<cycle-start id="715" type="partial gc" contextid="0" timestamp="2019-06-15T00:50:05.601" intervalms="24.085" />
<gc-start id="716" type="partial gc" contextid="715" timestamp="2019-06-15T00:50:05.601">
  <mem-info id="717" free="36700160" total="121634816" percent="30">
    <mem type="eden" free="1048552" total="37748736" percent="2" />
    <arraylet-primitive objects="1" leaves="1" largest="1" />
    <remembered-set count="48672" freebytes="4660608" totalbytes="4855296" percent="95" regionsoverflowed="0" regionsstable="0" regionsrebuilding="0"/>
  </mem-info>
</gc-start>
<allocation-stats totalBytes="36577552" >
  <allocated-bytes non-tlh="0" tlh="36577552" arrayletleaf="0"/>
  <largest-consumer threadName="main" threadId="0000000001CEB700" bytes="36577552" />
</allocation-stats>
<gc-op id="718" type="copy forward" timems="6.423" contextid="715" timestamp="2019-06-15T00:50:05.609">
  <memory-copied type="eden" objects="1" bytes="24" bytesdiscarded="0" />
  <memory-copied type="other" objects="47951" bytes="1410912" bytesdiscarded="296" />
  <memory-cardclean objects="6200" bytes="252992" />
  <regions eden="35" other="7" />
  <remembered-set-cleared processed="43043" cleared="6459" durationms="0.528" />
  <references type="soft" candidates="2221" cleared="0" enqueued="0" dynamicThreshold="19" maxThreshold="32" />
  <references type="weak" candidates="907" cleared="0" enqueued="0" />
  <stringconstants candidates="13762" cleared="0"  />
</gc-op>
<gc-op id="719" type="classunload" timems="0.005" contextid="715" timestamp="2019-06-15T00:50:05.609">
  <classunload-info classloadercandidates="55" classloadersunloaded="0" classesunloaded="0" anonymousclassesunloaded="0" quiescems="0.000" setupms="0.005" scanms="0.000" postms="0.000" />
</gc-op>
<heap-resize id="720" type="contract" space="default" amount="5242880" count="1" timems="0.058" reason="excess free space following gc" timestamp="2019-06-15T00:50:05.609" />
<gc-end id="721" type="partial gc" contextid="715" durationms="7.870" usertimems="16.000" systemtimems="0.000" timestamp="2019-06-15T00:50:05.609" activeThreads="1">
  <mem-info id="722" free="71303168" total="116391936" percent="61">
    <mem type="eden" free="1048552" total="1048576" percent="99" />
    <arraylet-primitive objects="1" leaves="1" largest="1" />
    <remembered-set count="47232" freebytes="4666368" totalbytes="4855296" percent="96" regionsoverflowed="0" regionsstable="0" regionsrebuilding="0"/>
  </mem-info>
</gc-end>
<cycle-end id="723" type="partial gc" contextid="715" timestamp="2019-06-15T00:50:05.609" />
  <attribute name="elasticGC enabled" value="1" />
  <attribute name= "numThreadsSpecified" value="1" />
  <attribute name="heapSize specified" value="0" />
  <attribute name="Current GC Util" value="53" />
  <attribute name= "Current Time Running" value="11550" />
  <attribute name ="GC Interval" value="0" />
  <attribute name="ProportionalT" value="16.500000" />
  <attribute name="ProportionalI" value="16.500000" />
  <attribute name="ProportionalH" value="16.500000" />
  <attribute name="Current Error" value="33.000000" />
  <attribute name="IntegralT" value="0.000000" />
  <attribute name="IntegralI" value="0.000000" />
  <attribute name="IntegralH" value="0.000000" />
  <attribute name="DerivativeT" value="inf" />
  <attribute name="DerivativeI" value="inf" />
  <attribute name="DerivativeH" value="inf" />
  <attribute name="Loop Time for DT" value="0.000000" />
  <attribute name="Output H" value="8388608"/>
  <attribute name="Output I" value="200"/>
  <attribute name="Output T" value="1"/>
  <attribute name="Target GC Util Change" value ="20.000000" />
  <attribute name="Current GC Util Change" value="53.000000"/>
  <attribute name="GC Util currently" value="53" />
  <attribute name="CPU Util currently" value="15435004236818" />
<exclusive-end id="724" timestamp="2019-06-15T00:50:05.610" durationms="9.186" />

<exclusive-start id="725" timestamp="2019-06-15T00:50:05.627" intervalms="26.820">
  <response-info timems="0.083" idlems="0.083" threads="0" lastid="0000000001CEB700" lastname="main" />
</exclusive-start>
<allocation-taxation id="726" taxation-threshold="35651584" timestamp="2019-06-15T00:50:05.628" intervalms="26.810" />
<cycle-start id="727" type="partial gc" contextid="0" timestamp="2019-06-15T00:50:05.628" intervalms="26.871" />
<gc-start id="728" type="partial gc" contextid="727" timestamp="2019-06-15T00:50:05.628">
  <mem-info id="729" free="35651584" total="116391936" percent="30">
    <mem type="eden" free="1048552" total="36700160" percent="2" />
    <arraylet-primitive objects="1" leaves="1" largest="1" />
    <remembered-set count="46944" freebytes="4667520" totalbytes="4855296" percent="96" regionsoverflowed="0" regionsstable="0" regionsrebuilding="0"/>
  </mem-info>
</gc-start>
<allocation-stats totalBytes="35532384" >
  <allocated-bytes non-tlh="0" tlh="35532384" arrayletleaf="0"/>
  <largest-consumer threadName="main" threadId="0000000001CEB700" bytes="35532384" />
</allocation-stats>
<gc-op id="730" type="copy forward" timems="2.562" contextid="727" timestamp="2019-06-15T00:50:05.632">
  <memory-copied type="eden" objects="1" bytes="24" bytesdiscarded="0" />
  <memory-copied type="other" objects="9854" bytes="351752" bytesdiscarded="14640" />
  <memory-cardclean objects="3859" bytes="156680" />
  <regions eden="34" other="6" />
  <remembered-set-cleared processed="42398" cleared="3744" durationms="0.214" />
  <references type="soft" candidates="438" cleared="0" enqueued="0" dynamicThreshold="19" maxThreshold="32" />
  <references type="weak" candidates="351" cleared="0" enqueued="0" />
  <stringconstants candidates="13762" cleared="0"  />
</gc-op>
<gc-op id="731" type="classunload" timems="0.004" contextid="727" timestamp="2019-06-15T00:50:05.632">
  <classunload-info classloadercandidates="55" classloadersunloaded="0" classesunloaded="0" anonymousclassesunloaded="0" quiescems="0.000" setupms="0.004" scanms="0.000" postms="0.000" />
</gc-op>
<heap-resize id="732" type="contract" space="default" amount="5242880" count="1" timems="0.058" reason="excess free space following gc" timestamp="2019-06-15T00:50:05.632" />
<gc-end id="733" type="partial gc" contextid="727" durationms="4.252" usertimems="4.000" systemtimems="0.000" timestamp="2019-06-15T00:50:05.632" activeThreads="4">
  <mem-info id="734" free="68157440" total="111149056" percent="61">
    <mem type="eden" free="1048552" total="1048576" percent="99" />
    <arraylet-primitive objects="1" leaves="1" largest="1" />
    <remembered-set count="46592" freebytes="4459648" totalbytes="4646016" percent="95" regionsoverflowed="0" regionsstable="0" regionsrebuilding="0"/>
  </mem-info>
</gc-end>
<cycle-end id="735" type="partial gc" contextid="727" timestamp="2019-06-15T00:50:05.633" />
  <attribute name="elasticGC enabled" value="1" />
  <attribute name= "numThreadsSpecified" value="4" />
  <attribute name="heapSize specified" value="0" />
  <attribute name="Current GC Util" value="32" />
  <attribute name= "Current Time Running" value="11577" />
  <attribute name ="GC Interval" value="0" />
  <attribute name="ProportionalT" value="6.000000" />
  <attribute name="ProportionalI" value="6.000000" />
  <attribute name="ProportionalH" value="6.000000" />
  <attribute name="Current Error" value="12.000000" />
  <attribute name="IntegralT" value="12.000000" />
  <attribute name="IntegralI" value="12.000000" />
  <attribute name="IntegralH" value="12.000000" />
  <attribute name="DerivativeT" value="2.000000" />
  <attribute name="DerivativeI" value="2.000000" />
  <attribute name="DerivativeH" value="2.000000" />
  <attribute name="Loop Time for DT" value="1.000000" />
  <attribute name="Output H" value="8388608"/>
  <attribute name="Output I" value="200"/>
  <attribute name="Output T" value="4"/>
  <attribute name="Target GC Util Change" value ="20.000000" />
  <attribute name="Current GC Util Change" value="32.000000"/>
  <attribute name="GC Util currently" value="32" />
  <attribute name="CPU Util currently" value="8047460917223" />
<exclusive-end id="736" timestamp="2019-06-15T00:50:05.633" durationms="5.598" />

<exclusive-start id="737" timestamp="2019-06-15T00:50:05.650" intervalms="22.619">
  <response-info timems="0.091" idlems="0.091" threads="0" lastid="0000000001CEB700" lastname="main" />
</exclusive-start>
<allocation-taxation id="738" taxation-threshold="34603008" timestamp="2019-06-15T00:50:05.650" intervalms="22.631" />
<cycle-start id="739" type="partial gc" contextid="0" timestamp="2019-06-15T00:50:05.650" intervalms="22.639" />
<gc-start id="740" type="partial gc" contextid="739" timestamp="2019-06-15T00:50:05.651">
  <mem-info id="741" free="33554432" total="111149056" percent="30">
    <mem type="eden" free="1048552" total="35651584" percent="2" />
    <arraylet-primitive objects="1" leaves="1" largest="1" />
    <remembered-set count="46496" freebytes="4460032" totalbytes="4646016" percent="95" regionsoverflowed="0" regionsstable="0" regionsrebuilding="0"/>
  </mem-info>
</gc-start>
<allocation-stats totalBytes="34487264" >
  <allocated-bytes non-tlh="0" tlh="34487264" arrayletleaf="0"/>
  <largest-consumer threadName="main" threadId="0000000001CEB700" bytes="34487264" />
</allocation-stats>
<gc-op id="742" type="copy forward" timems="3.691" contextid="739" timestamp="2019-06-15T00:50:05.656">
  <memory-copied type="eden" objects="1" bytes="24" bytesdiscarded="0" />
  <memory-copied type="other" objects="51000" bytes="1529960" bytesdiscarded="65760" />
  <memory-cardclean objects="3426" bytes="116592" />
  <regions eden="33" other="5" />
  <remembered-set-cleared processed="42294" cleared="4591" durationms="0.193" />
  <references type="soft" candidates="2814" cleared="0" enqueued="0" dynamicThreshold="19" maxThreshold="32" />
  <references type="weak" candidates="372" cleared="0" enqueued="0" />
  <stringconstants candidates="13762" cleared="0"  />
</gc-op>
<gc-op id="743" type="classunload" timems="0.004" contextid="739" timestamp="2019-06-15T00:50:05.656">
  <classunload-info classloadercandidates="55" classloadersunloaded="0" classesunloaded="0" anonymousclassesunloaded="0" quiescems="0.000" setupms="0.004" scanms="0.000" postms="0.000" />
</gc-op>
<gc-end id="744" type="partial gc" contextid="739" durationms="5.278" usertimems="12.000" systemtimems="0.000" timestamp="2019-06-15T00:50:05.656" activeThreads="4">
  <mem-info id="745" free="68157440" total="111149056" percent="61">
    <mem type="eden" free="1048552" total="1048576" percent="99" />
    <arraylet-primitive objects="1" leaves="1" largest="1" />
    <remembered-set count="46528" freebytes="4250624" totalbytes="4436736" percent="95" regionsoverflowed="0" regionsstable="0" regionsrebuilding="0"/>
  </mem-info>
</gc-end>
<cycle-end id="746" type="partial gc" contextid="739" timestamp="2019-06-15T00:50:05.656" />
  <attribute name="elasticGC enabled" value="1" />
  <attribute name= "numThreadsSpecified" value="4" />
  <attribute name="heapSize specified" value="0" />
  <attribute name="Current GC Util" value="39" />
  <attribute name= "Current Time Running" value="11600" />
  <attribute name ="GC Interval" value="0" />
  <attribute name="ProportionalT" value="9.500000" />
  <attribute name="ProportionalI" value="9.500000" />
  <attribute name="ProportionalH" value="9.500000" />
  <attribute name="Current Error" value="19.000000" />
  <attribute name="IntegralT" value="19.000000" />
  <attribute name="IntegralI" value="19.000000" />
  <attribute name="IntegralH" value="19.000000" />
  <attribute name="DerivativeT" value="5.500000" />
  <attribute name="DerivativeI" value="5.500000" />
  <attribute name="DerivativeH" value="5.500000" />
  <attribute name="Loop Time for DT" value="1.000000" />
  <attribute name="Output H" value="8388608"/>
  <attribute name="Output I" value="200"/>
  <attribute name="Output T" value="4"/>
  <attribute name="Target GC Util Change" value ="20.000000" />
  <attribute name="Current GC Util Change" value="39.000000"/>
  <attribute name="GC Util currently" value="39" />
  <attribute name="CPU Util currently" value="7782411767766" />
<exclusive-end id="747" timestamp="2019-06-15T00:50:05.657" durationms="6.599" />

<exclusive-start id="748" timestamp="2019-06-15T00:50:05.673" intervalms="23.446">
  <response-info timems="0.181" idlems="0.181" threads="0" lastid="0000000001CEB700" lastname="main" />
</exclusive-start>
<allocation-taxation id="749" taxation-threshold="34603008" timestamp="2019-06-15T00:50:05.674" intervalms="23.387" />
<cycle-start id="750" type="partial gc" contextid="0" timestamp="2019-06-15T00:50:05.674" intervalms="23.354" />
<gc-start id="751" type="partial gc" contextid="750" timestamp="2019-06-15T00:50:05.674">
  <mem-info id="752" free="33554432" total="111149056" percent="30">
    <mem type="eden" free="1048552" total="35651584" percent="2" />
    <arraylet-primitive objects="1" leaves="1" largest="1" />
    <remembered-set count="46272" freebytes="4251648" totalbytes="4436736" percent="95" regionsoverflowed="0" regionsstable="0" regionsrebuilding="0"/>
  </mem-info>
</gc-start>
<allocation-stats totalBytes="34487264" >
  <allocated-bytes non-tlh="0" tlh="34487264" arrayletleaf="0"/>
  <largest-consumer threadName="main" threadId="0000000001CEB700" bytes="34487264" />
</allocation-stats>
<gc-op id="753" type="copy forward" timems="3.029" contextid="750" timestamp="2019-06-15T00:50:05.678">
  <memory-copied type="eden" objects="1" bytes="24" bytesdiscarded="0" />
  <memory-copied type="other" objects="33956" bytes="946200" bytesdiscarded="42600" />
  <memory-cardclean objects="12614" bytes="628664" />
  <regions eden="33" other="5" />
  <remembered-set-cleared processed="41942" cleared="5281" durationms="0.204" />
  <references type="soft" candidates="581" cleared="0" enqueued="0" dynamicThreshold="19" maxThreshold="32" />
  <references type="weak" candidates="345" cleared="0" enqueued="0" />
  <stringconstants candidates="13762" cleared="0"  />
</gc-op>
<gc-op id="754" type="classunload" timems="0.006" contextid="750" timestamp="2019-06-15T00:50:05.678">
  <classunload-info classloadercandidates="55" classloadersunloaded="0" classesunloaded="0" anonymousclassesunloaded="0" quiescems="0.000" setupms="0.006" scanms="0.000" postms="0.000" />
</gc-op>
<heap-resize id="755" type="contract" space="default" amount="3145728" count="1" timems="0.063" reason="excess free space following gc" timestamp="2019-06-15T00:50:05.678" />
<gc-end id="756" type="partial gc" contextid="750" durationms="4.403" usertimems="8.000" systemtimems="0.000" timestamp="2019-06-15T00:50:05.679" activeThreads="4">
  <mem-info id="757" free="66060288" total="108003328" percent="61">
    <mem type="eden" free="1048552" total="1048576" percent="99" />
    <arraylet-primitive objects="1" leaves="1" largest="1" />
    <remembered-set count="46976" freebytes="4248832" totalbytes="4436736" percent="95" regionsoverflowed="0" regionsstable="0" regionsrebuilding="0"/>
  </mem-info>
</gc-end>
<cycle-end id="758" type="partial gc" contextid="750" timestamp="2019-06-15T00:50:05.679" />
  <attribute name="elasticGC enabled" value="1" />
  <attribute name= "numThreadsSpecified" value="4" />
  <attribute name="heapSize specified" value="0" />
  <attribute name="Current GC Util" value="49" />
  <attribute name= "Current Time Running" value="11623" />
  <attribute name ="GC Interval" value="0" />
  <attribute name="ProportionalT" value="14.500000" />
  <attribute name="ProportionalI" value="14.500000" />
  <attribute name="ProportionalH" value="14.500000" />
  <attribute name="Current Error" value="29.000000" />
  <attribute name="IntegralT" value="29.000000" />
  <attribute name="IntegralI" value="29.000000" />
  <attribute name="IntegralH" value="29.000000" />
  <attribute name="DerivativeT" value="5.000000" />
  <attribute name="DerivativeI" value="5.000000" />
  <attribute name="DerivativeH" value="5.000000" />
  <attribute name="Loop Time for DT" value="1.000000" />
  <attribute name="Output H" value="8388608"/>
  <attribute name="Output I" value="200"/>
  <attribute name="Output T" value="4"/>
  <attribute name="Target GC Util Change" value ="20.000000" />
  <attribute name="Current GC Util Change" value="49.000000"/>
  <attribute name="GC Util currently" value="49" />
  <attribute name="CPU Util currently" value="17342446385145" />
<exclusive-end id="759" timestamp="2019-06-15T00:50:05.679" durationms="5.747" />

<exclusive-start id="760" timestamp="2019-06-15T00:50:05.696" intervalms="22.382">
  <response-info timems="0.085" idlems="0.085" threads="0" lastid="0000000001CEB700" lastname="main" />
</exclusive-start>
<allocation-taxation id="761" taxation-threshold="33554432" timestamp="2019-06-15T00:50:05.696" intervalms="22.350" />
<cycle-start id="762" type="partial gc" contextid="0" timestamp="2019-06-15T00:50:05.696" intervalms="22.330" />
<gc-start id="763" type="partial gc" contextid="762" timestamp="2019-06-15T00:50:05.697">
  <mem-info id="764" free="32505856" total="108003328" percent="30">
    <mem type="eden" free="1048552" total="34603008" percent="3" />
    <arraylet-primitive objects="1" leaves="1" largest="1" />
    <remembered-set count="43360" freebytes="4263296" totalbytes="4436736" percent="96" regionsoverflowed="0" regionsstable="1" regionsrebuilding="0"/>
  </mem-info>
</gc-start>
<allocation-stats totalBytes="33442096" >
  <allocated-bytes non-tlh="0" tlh="33442096" arrayletleaf="0"/>
  <largest-consumer threadName="main" threadId="0000000001CEB700" bytes="33442096" />
</allocation-stats>
<gc-op id="765" type="copy forward" timems="3.008" contextid="762" timestamp="2019-06-15T00:50:05.701">
  <memory-copied type="eden" objects="1" bytes="24" bytesdiscarded="0" />
  <memory-copied type="other" objects="35052" bytes="966400" bytesdiscarded="52824" />
  <memory-cardclean objects="12197" bytes="700576" />
  <regions eden="32" other="4" />
  <remembered-set-cleared processed="38472" cleared="5687" durationms="0.213" />
  <finalization candidates="3" enqueued="0" />
  <references type="soft" candidates="208" cleared="0" enqueued="0" dynamicThreshold="19" maxThreshold="32" />
  <references type="weak" candidates="243" cleared="0" enqueued="0" />
  <references type="phantom" candidates="1" cleared="0" enqueued="0" />
  <stringconstants candidates="13762" cleared="0"  />
</gc-op>
<gc-op id="766" type="classunload" timems="0.004" contextid="762" timestamp="2019-06-15T00:50:05.701">
  <classunload-info classloadercandidates="55" classloadersunloaded="0" classesunloaded="0" anonymousclassesunloaded="0" quiescems="0.000" setupms="0.004" scanms="0.000" postms="0.000" />
</gc-op>
<heap-resize id="767" type="contract" space="default" amount="2097152" count="1" timems="0.056" reason="excess free space following gc" timestamp="2019-06-15T00:50:05.701" />
<gc-end id="768" type="partial gc" contextid="762" durationms="4.588" usertimems="8.000" systemtimems="0.000" timestamp="2019-06-15T00:50:05.701" activeThreads="4">
  <mem-info id="769" free="65011712" total="105906176" percent="61">
    <mem type="eden" free="1048552" total="1048576" percent="99" />
    <arraylet-primitive objects="1" leaves="1" largest="1" />
    <remembered-set count="42432" freebytes="4141440" totalbytes="4311168" percent="96" regionsoverflowed="0" regionsstable="1" regionsrebuilding="0"/>
  </mem-info>
</gc-end>
<cycle-end id="770" type="partial gc" contextid="762" timestamp="2019-06-15T00:50:05.701" />
  <attribute name="elasticGC enabled" value="1" />
  <attribute name= "numThreadsSpecified" value="4" />
  <attribute name="heapSize specified" value="0" />
  <attribute name="Current GC Util" value="28" />
  <attribute name= "Current Time Running" value="11645" />
  <attribute name ="GC Interval" value="0" />
  <attribute name="ProportionalT" value="4.000000" />
  <attribute name="ProportionalI" value="4.000000" />
  <attribute name="ProportionalH" value="4.000000" />
  <attribute name="Current Error" value="8.000000" />
  <attribute name="IntegralT" value="0.000000" />
  <attribute name="IntegralI" value="0.000000" />
  <attribute name="IntegralH" value="0.000000" />
  <attribute name="DerivativeT" value="-inf" />
  <attribute name="DerivativeI" value="-inf" />
  <attribute name="DerivativeH" value="-inf" />
  <attribute name="Loop Time for DT" value="0.000000" />
  <attribute name="Output H" value="2091843584"/>
  <attribute name="Output I" value="200"/>
  <attribute name="Output T" value="4"/>
  <attribute name="Target GC Util Change" value ="20.000000" />
  <attribute name="Current GC Util Change" value="28.000000"/>
  <attribute name="GC Util currently" value="28" />
  <attribute name="CPU Util currently" value="8681458027194" />
<exclusive-end id="771" timestamp="2019-06-15T00:50:05.702" durationms="5.827" />

<exclusive-start id="772" timestamp="2019-06-15T00:50:05.718" intervalms="21.944">
  <response-info timems="0.080" idlems="0.080" threads="0" lastid="0000000001CEB700" lastname="main" />
</exclusive-start>
<allocation-taxation id="773" taxation-threshold="32505856" timestamp="2019-06-15T00:50:05.718" intervalms="21.956" />
<cycle-start id="774" type="partial gc" contextid="0" timestamp="2019-06-15T00:50:05.718" intervalms="21.976" />
<gc-start id="775" type="partial gc" contextid="774" timestamp="2019-06-15T00:50:05.719">
  <mem-info id="776" free="32505856" total="105906176" percent="30">
    <mem type="eden" free="1048552" total="33554432" percent="3" />
    <arraylet-primitive objects="1" leaves="1" largest="1" />
    <remembered-set count="42272" freebytes="4142080" totalbytes="4311168" percent="96" regionsoverflowed="0" regionsstable="1" regionsrebuilding="0"/>
  </mem-info>
</gc-start>
<allocation-stats totalBytes="32396976" >
  <allocated-bytes non-tlh="0" tlh="32396976" arrayletleaf="0"/>
  <largest-consumer threadName="main" threadId="0000000001CEB700" bytes="32396976" />
</allocation-stats>
<gc-op id="777" type="copy forward" timems="2.718" contextid="774" timestamp="2019-06-15T00:50:05.722">
  <memory-copied type="eden" objects="1" bytes="24" bytesdiscarded="0" />
  <memory-copied type="other" objects="33977" bytes="1187264" bytesdiscarded="66760" />
  <memory-cardclean objects="6835" bytes="458936" />
  <regions eden="31" other="4" />
  <remembered-set-cleared processed="38990" cleared="3785" durationms="0.199" />
  <finalization candidates="1" enqueued="0" />
  <references type="soft" candidates="146" cleared="0" enqueued="0" dynamicThreshold="19" maxThreshold="32" />
  <references type="weak" candidates="40" cleared="0" enqueued="0" />
  <references type="phantom" candidates="5" cleared="0" enqueued="0" />
  <stringconstants candidates="13762" cleared="0"  />
</gc-op>
<gc-op id="778" type="classunload" timems="0.005" contextid="774" timestamp="2019-06-15T00:50:05.722">
  <classunload-info classloadercandidates="55" classloadersunloaded="0" classesunloaded="0" anonymousclassesunloaded="0" quiescems="0.000" setupms="0.005" scanms="0.000" postms="0.000" />
</gc-op>
<heap-resize id="779" type="contract" space="default" amount="3145728" count="1" timems="0.119" reason="excess free space following gc" timestamp="2019-06-15T00:50:05.723" />
<gc-end id="780" type="partial gc" contextid="774" durationms="4.440" usertimems="8.000" systemtimems="0.000" timestamp="2019-06-15T00:50:05.723" activeThreads="4">
  <mem-info id="781" free="62914560" total="102760448" percent="61">
    <mem type="eden" free="1048552" total="1048576" percent="99" />
    <arraylet-primitive objects="1" leaves="1" largest="1" />
    <remembered-set count="42080" freebytes="4059136" totalbytes="4227456" percent="96" regionsoverflowed="0" regionsstable="1" regionsrebuilding="0"/>
  </mem-info>
</gc-end>
<cycle-end id="782" type="partial gc" contextid="774" timestamp="2019-06-15T00:50:05.723" />
  <attribute name="elasticGC enabled" value="1" />
  <attribute name= "numThreadsSpecified" value="4" />
  <attribute name="heapSize specified" value="0" />
  <attribute name="Current GC Util" value="30" />
  <attribute name= "Current Time Running" value="11667" />
  <attribute name ="GC Interval" value="0" />
  <attribute name="ProportionalT" value="5.000000" />
  <attribute name="ProportionalI" value="5.000000" />
  <attribute name="ProportionalH" value="5.000000" />
  <attribute name="Current Error" value="10.000000" />
  <attribute name="IntegralT" value="0.000000" />
  <attribute name="IntegralI" value="0.000000" />
  <attribute name="IntegralH" value="0.000000" />
  <attribute name="DerivativeT" value="-inf" />
  <attribute name="DerivativeI" value="-inf" />
  <attribute name="DerivativeH" value="-inf" />
  <attribute name="Loop Time for DT" value="0.000000" />
  <attribute name="Output H" value="2091843584"/>
  <attribute name="Output I" value="200"/>
  <attribute name="Output T" value="4"/>
  <attribute name="Target GC Util Change" value ="20.000000" />
  <attribute name="Current GC Util Change" value="30.000000"/>
  <attribute name="GC Util currently" value="30" />
  <attribute name="CPU Util currently" value="8603378156275" />
<exclusive-end id="783" timestamp="2019-06-15T00:50:05.723" durationms="5.732" />

<exclusive-start id="784" timestamp="2019-06-15T00:50:05.739" intervalms="21.677">
  <response-info timems="0.097" idlems="0.097" threads="0" lastid="0000000001CEB700" lastname="main" />
</exclusive-start>
<allocation-taxation id="785" taxation-threshold="32505856" timestamp="2019-06-15T00:50:05.740" intervalms="21.684" />
<cycle-start id="786" type="partial gc" contextid="0" timestamp="2019-06-15T00:50:05.740" intervalms="21.679" />
<gc-start id="787" type="partial gc" contextid="786" timestamp="2019-06-15T00:50:05.740">
  <mem-info id="788" free="30408704" total="102760448" percent="29">
    <mem type="eden" free="1048552" total="33554432" percent="3" />
    <arraylet-primitive objects="1" leaves="1" largest="1" />
    <remembered-set count="41888" freebytes="4059904" totalbytes="4227456" percent="96" regionsoverflowed="0" regionsstable="1" regionsrebuilding="0"/>
  </mem-info>
</gc-start>
<allocation-stats totalBytes="32396976" >
  <allocated-bytes non-tlh="0" tlh="32396976" arrayletleaf="0"/>
  <largest-consumer threadName="main" threadId="0000000001CEB700" bytes="32396976" />
</allocation-stats>
<gc-op id="789" type="copy forward" timems="5.037" contextid="786" timestamp="2019-06-15T00:50:05.746">
  <memory-copied type="eden" objects="1" bytes="24" bytesdiscarded="0" />
  <memory-copied type="other" objects="80944" bytes="2147600" bytesdiscarded="87000" />
  <memory-cardclean objects="42493" bytes="1895560" />
  <regions eden="31" other="4" />
  <remembered-set-cleared processed="35089" cleared="11525" durationms="0.189" />
  <finalization candidates="9" enqueued="0" />
  <ownableSynchronizers candidates="2" cleared="0" />
  <references type="soft" candidates="233" cleared="0" enqueued="0" dynamicThreshold="19" maxThreshold="32" />
  <references type="weak" candidates="991" cleared="0" enqueued="0" />
  <references type="phantom" candidates="1" cleared="0" enqueued="0" />
  <stringconstants candidates="13762" cleared="0"  />
</gc-op>
<gc-op id="790" type="classunload" timems="0.008" contextid="786" timestamp="2019-06-15T00:50:05.747">
  <classunload-info classloadercandidates="55" classloadersunloaded="0" classesunloaded="0" anonymousclassesunloaded="0" quiescems="0.000" setupms="0.008" scanms="0.000" postms="0.000" />
</gc-op>
<heap-resize id="791" type="contract" space="default" amount="3145728" count="1" timems="0.164" reason="excess free space following gc" timestamp="2019-06-15T00:50:05.747" />
<gc-end id="792" type="partial gc" contextid="786" durationms="6.842" usertimems="16.000" systemtimems="0.000" timestamp="2019-06-15T00:50:05.747" activeThreads="4">
  <mem-info id="793" free="60817408" total="99614720" percent="61">
    <mem type="eden" free="1048552" total="1048576" percent="99" />
    <arraylet-primitive objects="1" leaves="1" largest="1" />
    <remembered-set count="42368" freebytes="3932416" totalbytes="4101888" percent="95" regionsoverflowed="0" regionsstable="1" regionsrebuilding="0"/>
  </mem-info>
</gc-end>
<cycle-end id="794" type="partial gc" contextid="786" timestamp="2019-06-15T00:50:05.747" />
  <attribute name="elasticGC enabled" value="1" />
  <attribute name= "numThreadsSpecified" value="4" />
  <attribute name="heapSize specified" value="0" />
  <attribute name="Current GC Util" value="30" />
  <attribute name= "Current Time Running" value="11689" />
  <attribute name ="GC Interval" value="0" />
  <attribute name="ProportionalT" value="5.000000" />
  <attribute name="ProportionalI" value="5.000000" />
  <attribute name="ProportionalH" value="5.000000" />
  <attribute name="Current Error" value="10.000000" />
  <attribute name="IntegralT" value="0.000000" />
  <attribute name="IntegralI" value="0.000000" />
  <attribute name="IntegralH" value="0.000000" />
  <attribute name="DerivativeT" value="-inf" />
  <attribute name="DerivativeI" value="-inf" />
  <attribute name="DerivativeH" value="-inf" />
  <attribute name="Loop Time for DT" value="0.000000" />
  <attribute name="Output H" value="2091843584"/>
  <attribute name="Output I" value="200"/>
  <attribute name="Output T" value="4"/>
  <attribute name="Target GC Util Change" value ="20.000000" />
  <attribute name="Current GC Util Change" value="30.000000"/>
  <attribute name="GC Util currently" value="30" />
  <attribute name="CPU Util currently" value="8677504877513" />
<exclusive-end id="795" timestamp="2019-06-15T00:50:05.747" durationms="8.012" />

<exclusive-start id="796" timestamp="2019-06-15T00:50:05.763" intervalms="23.341">
  <response-info timems="0.180" idlems="0.180" threads="0" lastid="0000000001CEB700" lastname="main" />
</exclusive-start>
<allocation-taxation id="797" taxation-threshold="31457280" timestamp="2019-06-15T00:50:05.763" intervalms="23.292" />
<cycle-start id="798" type="partial gc" contextid="0" timestamp="2019-06-15T00:50:05.763" intervalms="23.270" />
<gc-start id="799" type="partial gc" contextid="798" timestamp="2019-06-15T00:50:05.763">
  <mem-info id="800" free="29360128" total="99614720" percent="29">
    <mem type="eden" free="1048552" total="32505856" percent="3" />
    <arraylet-primitive objects="1" leaves="1" largest="1" />
    <remembered-set count="42368" freebytes="3932416" totalbytes="4101888" percent="95" regionsoverflowed="0" regionsstable="1" regionsrebuilding="0"/>
  </mem-info>
</gc-start>
<allocation-stats totalBytes="31351832" >
  <allocated-bytes non-tlh="0" tlh="31351832" arrayletleaf="0"/>
  <largest-consumer threadName="main" threadId="0000000001CEB700" bytes="31351832" />
</allocation-stats>
<gc-op id="801" type="copy forward" timems="4.336" contextid="798" timestamp="2019-06-15T00:50:05.769">
  <memory-copied type="eden" objects="1" bytes="24" bytesdiscarded="0" />
  <memory-copied type="other" objects="85997" bytes="2518664" bytesdiscarded="152424" />
  <memory-cardclean objects="28360" bytes="1107616" />
  <regions eden="30" other="4" />
  <remembered-set-cleared processed="35909" cleared="7839" durationms="0.177" />
  <finalization candidates="6" enqueued="0" />
  <ownableSynchronizers candidates="2" cleared="0" />
  <references type="soft" candidates="106" cleared="0" enqueued="0" dynamicThreshold="19" maxThreshold="32" />
  <references type="weak" candidates="322" cleared="0" enqueued="0" />
  <references type="phantom" candidates="3" cleared="0" enqueued="0" />
  <stringconstants candidates="13762" cleared="0"  />
</gc-op>
<gc-op id="802" type="classunload" timems="0.005" contextid="798" timestamp="2019-06-15T00:50:05.769">
  <classunload-info classloadercandidates="55" classloadersunloaded="0" classesunloaded="0" anonymousclassesunloaded="0" quiescems="0.000" setupms="0.005" scanms="0.000" postms="0.000" />
</gc-op>
<heap-resize id="803" type="contract" space="default" amount="2097152" count="1" timems="0.203" reason="excess free space following gc" timestamp="2019-06-15T00:50:05.769" />
<gc-end id="804" type="partial gc" contextid="798" durationms="6.014" usertimems="16.000" systemtimems="0.000" timestamp="2019-06-15T00:50:05.769" activeThreads="4">
  <mem-info id="805" free="59768832" total="97517568" percent="61">
    <mem type="eden" free="1048552" total="1048576" percent="99" />
    <arraylet-primitive objects="1" leaves="1" largest="1" />
    <remembered-set count="42208" freebytes="3807488" totalbytes="3976320" percent="95" regionsoverflowed="0" regionsstable="1" regionsrebuilding="0"/>
  </mem-info>
</gc-end>
<cycle-end id="806" type="partial gc" contextid="798" timestamp="2019-06-15T00:50:05.770" />
  <attribute name="elasticGC enabled" value="1" />
  <attribute name= "numThreadsSpecified" value="4" />
  <attribute name="heapSize specified" value="0" />
  <attribute name="Current GC Util" value="32" />
  <attribute name= "Current Time Running" value="11712" />
  <attribute name ="GC Interval" value="0" />
  <attribute name="ProportionalT" value="6.000000" />
  <attribute name="ProportionalI" value="6.000000" />
  <attribute name="ProportionalH" value="6.000000" />
  <attribute name="Current Error" value="12.000000" />
  <attribute name="IntegralT" value="0.000000" />
  <attribute name="IntegralI" value="0.000000" />
  <attribute name="IntegralH" value="0.000000" />
  <attribute name="DerivativeT" value="-inf" />
  <attribute name="DerivativeI" value="-inf" />
  <attribute name="DerivativeH" value="-inf" />
  <attribute name="Loop Time for DT" value="0.000000" />
  <attribute name="Output H" value="2091843584"/>
  <attribute name="Output I" value="200"/>
  <attribute name="Output T" value="4"/>
  <attribute name="Target GC Util Change" value ="20.000000" />
  <attribute name="Current GC Util Change" value="32.000000"/>
  <attribute name="GC Util currently" value="32" />
  <attribute name="CPU Util currently" value="8495150691087" />
<exclusive-end id="807" timestamp="2019-06-15T00:50:05.770" durationms="7.180" />

<exclusive-start id="808" timestamp="2019-06-15T00:50:05.785" intervalms="22.661">
  <response-info timems="0.057" idlems="0.057" threads="0" lastid="0000000001CEB700" lastname="main" />
</exclusive-start>
<allocation-taxation id="809" taxation-threshold="30408704" timestamp="2019-06-15T00:50:05.786" intervalms="22.729" />
<cycle-start id="810" type="partial gc" contextid="0" timestamp="2019-06-15T00:50:05.786" intervalms="22.817" />
<gc-start id="811" type="partial gc" contextid="810" timestamp="2019-06-15T00:50:05.786">
  <mem-info id="812" free="29360128" total="97517568" percent="30">
    <mem type="eden" free="1048552" total="31457280" percent="3" />
    <arraylet-primitive objects="1" leaves="1" largest="1" />
    <remembered-set count="41920" freebytes="3808640" totalbytes="3976320" percent="95" regionsoverflowed="0" regionsstable="1" regionsrebuilding="0"/>
  </mem-info>
</gc-start>
<allocation-stats totalBytes="30306664" >
  <allocated-bytes non-tlh="0" tlh="30306664" arrayletleaf="0"/>
  <largest-consumer threadName="main" threadId="0000000001CEB700" bytes="30306664" />
</allocation-stats>
<gc-op id="813" type="copy forward" timems="9.452" contextid="810" timestamp="2019-06-15T00:50:05.797">
  <memory-copied type="eden" objects="1" bytes="24" bytesdiscarded="0" />
  <memory-copied type="other" objects="88377" bytes="2526616" bytesdiscarded="568" />
  <memory-cardclean objects="16078" bytes="611344" />
  <regions eden="29" other="4" />
  <remembered-set-cleared processed="37558" cleared="6796" durationms="0.421" />
  <references type="soft" candidates="2000" cleared="0" enqueued="0" dynamicThreshold="19" maxThreshold="32" />
  <references type="weak" candidates="211" cleared="0" enqueued="0" />
  <stringconstants candidates="13762" cleared="0"  />
</gc-op>
<gc-op id="814" type="classunload" timems="0.004" contextid="810" timestamp="2019-06-15T00:50:05.797">
  <classunload-info classloadercandidates="55" classloadersunloaded="0" classesunloaded="0" anonymousclassesunloaded="0" quiescems="0.000" setupms="0.004" scanms="0.000" postms="0.000" />
</gc-op>
<heap-resize id="815" type="contract" space="default" amount="3145728" count="1" timems="0.228" reason="excess free space following gc" timestamp="2019-06-15T00:50:05.797" />
<gc-end id="816" type="partial gc" contextid="810" durationms="11.338" usertimems="12.000" systemtimems="0.000" timestamp="2019-06-15T00:50:05.798" activeThreads="1">
  <mem-info id="817" free="57671680" total="94371840" percent="61">
    <mem type="eden" free="1048552" total="1048576" percent="99" />
    <arraylet-primitive objects="1" leaves="1" largest="1" />
    <remembered-set count="40768" freebytes="3729536" totalbytes="3892608" percent="95" regionsoverflowed="0" regionsstable="1" regionsrebuilding="0"/>
  </mem-info>
</gc-end>
<cycle-end id="818" type="partial gc" contextid="810" timestamp="2019-06-15T00:50:05.798" />
  <attribute name="elasticGC enabled" value="1" />
  <attribute name= "numThreadsSpecified" value="1" />
  <attribute name="heapSize specified" value="0" />
  <attribute name="Current GC Util" value="28" />
  <attribute name= "Current Time Running" value="11735" />
  <attribute name ="GC Interval" value="0" />
  <attribute name="ProportionalT" value="4.000000" />
  <attribute name="ProportionalI" value="4.000000" />
  <attribute name="ProportionalH" value="4.000000" />
  <attribute name="Current Error" value="8.000000" />
  <attribute name="IntegralT" value="8.000000" />
  <attribute name="IntegralI" value="8.000000" />
  <attribute name="IntegralH" value="8.000000" />
  <attribute name="DerivativeT" value="-14.000000" />
  <attribute name="DerivativeI" value="-14.000000" />
  <attribute name="DerivativeH" value="-14.000000" />
  <attribute name="Loop Time for DT" value="1.000000" />
  <attribute name="Output H" value="8388608"/>
  <attribute name="Output I" value="200"/>
  <attribute name="Output T" value="1"/>
  <attribute name="Target GC Util Change" value ="20.000000" />
  <attribute name="Current GC Util Change" value="28.000000"/>
  <attribute name="GC Util currently" value="28" />
  <attribute name="CPU Util currently" value="8881368268700" />
<exclusive-end id="819" timestamp="2019-06-15T00:50:05.798" durationms="12.623" />

<exclusive-start id="820" timestamp="2019-06-15T00:50:05.805" intervalms="19.860">
  <response-info timems="0.068" idlems="0.068" threads="0" lastid="0000000001CEB700" lastname="main" />
</exclusive-start>
<allocation-taxation id="821" taxation-threshold="14680064" timestamp="2019-06-15T00:50:05.805" intervalms="19.836" />
<cycle-start id="822" type="global mark phase" contextid="0" timestamp="2019-06-15T00:50:05.806" intervalms="2112.313" />
<gc-start id="823" type="global mark phase" contextid="822" timestamp="2019-06-15T00:50:05.806">
  <mem-info id="824" free="42991616" total="94371840" percent="45">
    <remembered-set count="40768" freebytes="3729536" totalbytes="3892608" percent="95" regionsoverflowed="0" regionsstable="1" regionsrebuilding="0"/>
  </mem-info>
</gc-start>
<gc-op id="825" type="mark increment" timems="0.686" contextid="822" timestamp="2019-06-15T00:50:05.807">
  <trace-info objectcount="166" scancount="0" scanbytes="0" />
</gc-op>
<gc-end id="826" type="global mark phase" contextid="822" durationms="0.984" usertimems="0.000" systemtimems="0.000" timestamp="2019-06-15T00:50:05.807" activeThreads="4">
  <mem-info id="827" free="42991616" total="94371840" percent="45">
    <remembered-set count="40768" freebytes="3729536" totalbytes="3892608" percent="95" regionsoverflowed="0" regionsstable="0" regionsrebuilding="1"/>
  </mem-info>
</gc-end>
<concurrent-start id="828" type="GMP work packet processing" contextid="822" timestamp="2019-06-15T00:50:05.807">
  <concurrent-mark-start scanTarget="2057197" />
</concurrent-start>
<exclusive-end id="829" timestamp="2019-06-15T00:50:05.807" durationms="1.813" />

<concurrent-end id="830" type="GMP work packet processing" contextid="822" timestamp="2019-06-15T00:50:05.809">
  <concurrent-mark-end bytesScanned="2131904" reasonForTermination="Work target met" />
</concurrent-end>

<exclusive-start id="831" timestamp="2019-06-15T00:50:05.814" intervalms="8.961">
  <response-info timems="0.066" idlems="0.066" threads="0" lastid="0000000001CEB700" lastname="main" />
</exclusive-start>
<allocation-taxation id="832" taxation-threshold="14680064" timestamp="2019-06-15T00:50:05.814" intervalms="8.905" />
<cycle-start id="833" type="partial gc" contextid="0" timestamp="2019-06-15T00:50:05.815" intervalms="28.649" />
<gc-start id="834" type="partial gc" contextid="833" timestamp="2019-06-15T00:50:05.815">
  <mem-info id="835" free="28311552" total="94371840" percent="30">
    <mem type="eden" free="1048552" total="30408704" percent="3" />
    <arraylet-primitive objects="1" leaves="1" largest="1" />
    <remembered-set count="42400" freebytes="3723008" totalbytes="3892608" percent="95" regionsoverflowed="0" regionsstable="0" regionsrebuilding="1"/>
  </mem-info>
</gc-start>
<allocation-stats totalBytes="29261544" >
  <allocated-bytes non-tlh="0" tlh="29261544" arrayletleaf="0"/>
  <largest-consumer threadName="main" threadId="0000000001CEB700" bytes="14631992" />
</allocation-stats>
<gc-op id="836" type="copy forward" timems="8.560" contextid="833" timestamp="2019-06-15T00:50:05.824">
  <memory-copied type="eden" objects="1" bytes="24" bytesdiscarded="0" />
  <memory-copied type="other" objects="92521" bytes="2648576" bytesdiscarded="176744" />
  <memory-cardclean objects="183070" bytes="6110000" />
  <regions eden="28" other="4" />
  <remembered-set-cleared processed="22929" cleared="14301" durationms="0.195" />
  <finalization candidates="40" enqueued="0" />
  <ownableSynchronizers candidates="1" cleared="0" />
  <references type="soft" candidates="472" cleared="0" enqueued="0" dynamicThreshold="14" maxThreshold="32" />
  <references type="weak" candidates="1504" cleared="0" enqueued="0" />
  <references type="phantom" candidates="11" cleared="0" enqueued="0" />
  <stringconstants candidates="13762" cleared="0"  />
</gc-op>
<gc-op id="837" type="classunload" timems="0.005" contextid="833" timestamp="2019-06-15T00:50:05.825">
  <classunload-info classloadercandidates="55" classloadersunloaded="0" classesunloaded="0" anonymousclassesunloaded="0" quiescems="0.000" setupms="0.004" scanms="0.000" postms="0.000" />
</gc-op>
<heap-resize id="838" type="contract" space="default" amount="2097152" count="1" timems="0.191" reason="excess free space following gc" timestamp="2019-06-15T00:50:05.825" />
<gc-end id="839" type="partial gc" contextid="833" durationms="10.274" usertimems="20.000" systemtimems="0.000" timestamp="2019-06-15T00:50:05.825" activeThreads="4">
  <mem-info id="840" free="56623104" total="92274688" percent="61">
    <mem type="eden" free="1048552" total="1048576" percent="99" />
    <arraylet-primitive objects="1" leaves="1" largest="1" />
    <remembered-set count="43904" freebytes="3591424" totalbytes="3767040" percent="95" regionsoverflowed="0" regionsstable="0" regionsrebuilding="1"/>
  </mem-info>
</gc-end>
<cycle-end id="841" type="partial gc" contextid="833" timestamp="2019-06-15T00:50:05.825" />
  <attribute name="elasticGC enabled" value="1" />
  <attribute name= "numThreadsSpecified" value="4" />
  <attribute name="heapSize specified" value="0" />
  <attribute name="Current GC Util" value="37" />
  <attribute name= "Current Time Running" value="11764" />
  <attribute name ="GC Interval" value="0" />
  <attribute name="ProportionalT" value="8.500000" />
  <attribute name="ProportionalI" value="8.500000" />
  <attribute name="ProportionalH" value="8.500000" />
  <attribute name="Current Error" value="17.000000" />
  <attribute name="IntegralT" value="17.000000" />
  <attribute name="IntegralI" value="17.000000" />
  <attribute name="IntegralH" value="17.000000" />
  <attribute name="DerivativeT" value="-5.500000" />
  <attribute name="DerivativeI" value="-5.500000" />
  <attribute name="DerivativeH" value="-5.500000" />
  <attribute name="Loop Time for DT" value="1.000000" />
  <attribute name="Output H" value="8388608"/>
  <attribute name="Output I" value="200"/>
  <attribute name="Output T" value="4"/>
  <attribute name="Target GC Util Change" value ="20.000000" />
  <attribute name="Current GC Util Change" value="37.000000"/>
  <attribute name="GC Util currently" value="37" />
  <attribute name="CPU Util currently" value="8439819184592" />
<exclusive-end id="842" timestamp="2019-06-15T00:50:05.826" durationms="11.437" />

<exclusive-start id="843" timestamp="2019-06-15T00:50:05.833" intervalms="18.676">
  <response-info timems="0.072" idlems="0.072" threads="0" lastid="0000000001CEB700" lastname="main" />
</exclusive-start>
<allocation-taxation id="844" taxation-threshold="14680064" timestamp="2019-06-15T00:50:05.833" intervalms="18.704" />
<gc-start id="845" type="global mark phase" contextid="822" timestamp="2019-06-15T00:50:05.833">
  <mem-info id="846" free="41943040" total="92274688" percent="45">
    <remembered-set count="28768" freebytes="3651968" totalbytes="3767040" percent="96" regionsoverflowed="0" regionsstable="1" regionsrebuilding="1"/>
  </mem-info>
</gc-start>
<gc-end id="847" type="global mark phase" contextid="822" durationms="0.167" usertimems="0.000" systemtimems="0.000" timestamp="2019-06-15T00:50:05.833" activeThreads="4">
  <mem-info id="848" free="41943040" total="92274688" percent="45">
    <remembered-set count="28768" freebytes="3651968" totalbytes="3767040" percent="96" regionsoverflowed="0" regionsstable="1" regionsrebuilding="1"/>
  </mem-info>
</gc-end>
<concurrent-start id="849" type="GMP work packet processing" contextid="822" timestamp="2019-06-15T00:50:05.834">
  <concurrent-mark-start scanTarget="2057197" />
</concurrent-start>
<exclusive-end id="850" timestamp="2019-06-15T00:50:05.834" durationms="0.896" />

<concurrent-end id="851" type="GMP work packet processing" contextid="822" timestamp="2019-06-15T00:50:05.835">
  <concurrent-mark-end bytesScanned="2088024" reasonForTermination="Work target met" />
</concurrent-end>

<exclusive-start id="852" timestamp="2019-06-15T00:50:05.841" intervalms="8.105">
  <response-info timems="0.072" idlems="0.072" threads="0" lastid="0000000001CEB700" lastname="main" />
</exclusive-start>
<allocation-taxation id="853" taxation-threshold="14680064" timestamp="2019-06-15T00:50:05.841" intervalms="8.141" />
<cycle-start id="854" type="partial gc" contextid="0" timestamp="2019-06-15T00:50:05.841" intervalms="26.935" />
<gc-start id="855" type="partial gc" contextid="854" timestamp="2019-06-15T00:50:05.842">
  <mem-info id="856" free="27262976" total="92274688" percent="29">
    <mem type="eden" free="1048552" total="30408704" percent="3" />
    <arraylet-primitive objects="1" leaves="1" largest="1" />
    <remembered-set count="29408" freebytes="3649408" totalbytes="3767040" percent="96" regionsoverflowed="0" regionsstable="1" regionsrebuilding="1"/>
  </mem-info>
</gc-start>
<allocation-stats totalBytes="29261544" >
  <allocated-bytes non-tlh="0" tlh="29261544" arrayletleaf="0"/>
  <largest-consumer threadName="main" threadId="0000000001CEB700" bytes="14631992" />
</allocation-stats>
<gc-op id="857" type="copy forward" timems="3.597" contextid="854" timestamp="2019-06-15T00:50:05.846">
  <memory-copied type="eden" objects="1" bytes="24" bytesdiscarded="0" />
  <memory-copied type="other" objects="58837" bytes="1407528" bytesdiscarded="30424" />
  <memory-cardclean objects="13017" bytes="635176" />
  <regions eden="28" other="3" />
  <remembered-set-cleared processed="25757" cleared="4487" durationms="0.166" />
  <stringconstants candidates="13762" cleared="0"  />
</gc-op>
<gc-op id="858" type="classunload" timems="0.004" contextid="854" timestamp="2019-06-15T00:50:05.846">
  <classunload-info classloadercandidates="55" classloadersunloaded="0" classesunloaded="0" anonymousclassesunloaded="0" quiescems="0.000" setupms="0.004" scanms="0.000" postms="0.000" />
</gc-op>
<gc-end id="859" type="partial gc" contextid="854" durationms="4.990" usertimems="8.000" systemtimems="0.000" timestamp="2019-06-15T00:50:05.847" activeThreads="4">
  <mem-info id="860" free="56623104" total="92274688" percent="61">
    <mem type="eden" free="1048552" total="1048576" percent="99" />
    <arraylet-primitive objects="1" leaves="1" largest="1" />
    <remembered-set count="29216" freebytes="3566464" totalbytes="3683328" percent="96" regionsoverflowed="0" regionsstable="1" regionsrebuilding="1"/>
  </mem-info>
</gc-end>
<cycle-end id="861" type="partial gc" contextid="854" timestamp="2019-06-15T00:50:05.847" />
  <attribute name="elasticGC enabled" value="1" />
  <attribute name= "numThreadsSpecified" value="4" />
  <attribute name="heapSize specified" value="0" />
  <attribute name="Current GC Util" value="28" />
  <attribute name= "Current Time Running" value="11790" />
  <attribute name ="GC Interval" value="0" />
  <attribute name="ProportionalT" value="4.000000" />
  <attribute name="ProportionalI" value="4.000000" />
  <attribute name="ProportionalH" value="4.000000" />
  <attribute name="Current Error" value="8.000000" />
  <attribute name="IntegralT" value="0.000000" />
  <attribute name="IntegralI" value="0.000000" />
  <attribute name="IntegralH" value="0.000000" />
  <attribute name="DerivativeT" value="-inf" />
  <attribute name="DerivativeI" value="-inf" />
  <attribute name="DerivativeH" value="-inf" />
  <attribute name="Loop Time for DT" value="0.000000" />
  <attribute name="Output H" value="2091843584"/>
  <attribute name="Output I" value="200"/>
  <attribute name="Output T" value="4"/>
  <attribute name="Target GC Util Change" value ="20.000000" />
  <attribute name="Current GC Util Change" value="28.000000"/>
  <attribute name="GC Util currently" value="28" />
  <attribute name="CPU Util currently" value="9244301093626" />
<exclusive-end id="862" timestamp="2019-06-15T00:50:05.847" durationms="6.269" />

<exclusive-start id="863" timestamp="2019-06-15T00:50:05.854" intervalms="13.489">
  <response-info timems="0.068" idlems="0.068" threads="0" lastid="0000000001CEB700" lastname="main" />
</exclusive-start>
<allocation-taxation id="864" taxation-threshold="14680064" timestamp="2019-06-15T00:50:05.855" intervalms="13.467" />
<gc-start id="865" type="global mark phase" contextid="822" timestamp="2019-06-15T00:50:05.855">
  <mem-info id="866" free="41943040" total="92274688" percent="45">
    <remembered-set count="29216" freebytes="3566464" totalbytes="3683328" percent="96" regionsoverflowed="0" regionsstable="1" regionsrebuilding="1"/>
  </mem-info>
</gc-start>
<gc-end id="867" type="global mark phase" contextid="822" durationms="0.143" usertimems="0.000" systemtimems="0.000" timestamp="2019-06-15T00:50:05.855" activeThreads="4">
  <mem-info id="868" free="41943040" total="92274688" percent="45">
    <remembered-set count="29216" freebytes="3566464" totalbytes="3683328" percent="96" regionsoverflowed="0" regionsstable="1" regionsrebuilding="1"/>
  </mem-info>
</gc-end>
<concurrent-start id="869" type="GMP work packet processing" contextid="822" timestamp="2019-06-15T00:50:05.855">
  <concurrent-mark-start scanTarget="2057197" />
</concurrent-start>
<exclusive-end id="870" timestamp="2019-06-15T00:50:05.855" durationms="0.859" />

<concurrent-end id="871" type="GMP work packet processing" contextid="822" timestamp="2019-06-15T00:50:05.857">
  <concurrent-mark-end bytesScanned="2101512" reasonForTermination="Work target met" />
</concurrent-end>

<exclusive-start id="872" timestamp="2019-06-15T00:50:05.862" intervalms="8.013">
  <response-info timems="0.065" idlems="0.065" threads="0" lastid="0000000001CEB700" lastname="main" />
</exclusive-start>
<allocation-taxation id="873" taxation-threshold="14680064" timestamp="2019-06-15T00:50:05.863" intervalms="8.025" />
<cycle-start id="874" type="partial gc" contextid="0" timestamp="2019-06-15T00:50:05.863" intervalms="21.427" />
<gc-start id="875" type="partial gc" contextid="874" timestamp="2019-06-15T00:50:05.863">
  <mem-info id="876" free="27262976" total="92274688" percent="29">
    <mem type="eden" free="1048552" total="30408704" percent="3" />
    <arraylet-primitive objects="1" leaves="1" largest="1" />
    <remembered-set count="31648" freebytes="3556736" totalbytes="3683328" percent="96" regionsoverflowed="0" regionsstable="1" regionsrebuilding="1"/>
  </mem-info>
</gc-start>
<allocation-stats totalBytes="29261544" >
  <allocated-bytes non-tlh="0" tlh="29261544" arrayletleaf="0"/>
  <largest-consumer threadName="main" threadId="0000000001CEB700" bytes="14631992" />
</allocation-stats>
<gc-op id="877" type="copy forward" timems="4.097" contextid="874" timestamp="2019-06-15T00:50:05.868">
  <memory-copied type="eden" objects="1" bytes="24" bytesdiscarded="0" />
  <memory-copied type="other" objects="81680" bytes="1944400" bytesdiscarded="40808" />
  <memory-cardclean objects="12230" bytes="708864" />
  <regions eden="28" other="3" />
  <remembered-set-cleared processed="28121" cleared="4135" durationms="0.190" />
  <stringconstants candidates="13762" cleared="0"  />
</gc-op>
<gc-op id="878" type="classunload" timems="0.004" contextid="874" timestamp="2019-06-15T00:50:05.868">
  <classunload-info classloadercandidates="55" classloadersunloaded="0" classesunloaded="0" anonymousclassesunloaded="0" quiescems="0.000" setupms="0.004" scanms="0.000" postms="0.000" />
</gc-op>
<gc-end id="879" type="partial gc" contextid="874" durationms="5.182" usertimems="12.000" systemtimems="0.000" timestamp="2019-06-15T00:50:05.868" activeThreads="4">
  <mem-info id="880" free="56623104" total="92274688" percent="61">
    <mem type="eden" free="1048552" total="1048576" percent="99" />
    <arraylet-primitive objects="1" leaves="1" largest="1" />
    <remembered-set count="31456" freebytes="3557504" totalbytes="3683328" percent="96" regionsoverflowed="0" regionsstable="1" regionsrebuilding="1"/>
  </mem-info>
</gc-end>
<cycle-end id="881" type="partial gc" contextid="874" timestamp="2019-06-15T00:50:05.868" />
  <attribute name="elasticGC enabled" value="1" />
  <attribute name= "numThreadsSpecified" value="4" />
  <attribute name="heapSize specified" value="0" />
  <attribute name="Current GC Util" value="49" />
  <attribute name= "Current Time Running" value="11812" />
  <attribute name ="GC Interval" value="0" />
  <attribute name="ProportionalT" value="14.500000" />
  <attribute name="ProportionalI" value="14.500000" />
  <attribute name="ProportionalH" value="14.500000" />
  <attribute name="Current Error" value="29.000000" />
  <attribute name="IntegralT" value="29.000000" />
  <attribute name="IntegralI" value="29.000000" />
  <attribute name="IntegralH" value="29.000000" />
  <attribute name="DerivativeT" value="10.500000" />
  <attribute name="DerivativeI" value="10.500000" />
  <attribute name="DerivativeH" value="10.500000" />
  <attribute name="Loop Time for DT" value="1.000000" />
  <attribute name="Output H" value="8388608"/>
  <attribute name="Output I" value="200"/>
  <attribute name="Output T" value="4"/>
  <attribute name="Target GC Util Change" value ="20.000000" />
  <attribute name="Current GC Util Change" value="49.000000"/>
  <attribute name="GC Util currently" value="49" />
  <attribute name="CPU Util currently" value="18042378210244" />
<exclusive-end id="882" timestamp="2019-06-15T00:50:05.869" durationms="6.234" />

<exclusive-start id="883" timestamp="2019-06-15T00:50:05.876" intervalms="13.479">
  <response-info timems="0.075" idlems="0.075" threads="0" lastid="0000000001CEB700" lastname="main" />
</exclusive-start>
<allocation-taxation id="884" taxation-threshold="14680064" timestamp="2019-06-15T00:50:05.876" intervalms="13.457" />
<gc-start id="885" type="global mark phase" contextid="822" timestamp="2019-06-15T00:50:05.876">
  <mem-info id="886" free="41943040" total="92274688" percent="45">
    <remembered-set count="30880" freebytes="3559808" totalbytes="3683328" percent="96" regionsoverflowed="0" regionsstable="2" regionsrebuilding="1"/>
  </mem-info>
</gc-start>
<gc-end id="887" type="global mark phase" contextid="822" durationms="0.147" usertimems="0.000" systemtimems="0.000" timestamp="2019-06-15T00:50:05.876" activeThreads="4">
  <mem-info id="888" free="41943040" total="92274688" percent="45">
    <remembered-set count="30880" freebytes="3559808" totalbytes="3683328" percent="96" regionsoverflowed="0" regionsstable="2" regionsrebuilding="1"/>
  </mem-info>
</gc-end>
<concurrent-start id="889" type="GMP work packet processing" contextid="822" timestamp="2019-06-15T00:50:05.877">
  <concurrent-mark-start scanTarget="2057197" />
</concurrent-start>
<exclusive-end id="890" timestamp="2019-06-15T00:50:05.877" durationms="0.823" />

<concurrent-end id="891" type="GMP work packet processing" contextid="822" timestamp="2019-06-15T00:50:05.878">
  <concurrent-mark-end bytesScanned="2100824" reasonForTermination="Work target met" />
</concurrent-end>

<exclusive-start id="892" timestamp="2019-06-15T00:50:05.884" intervalms="7.945">
  <response-info timems="0.075" idlems="0.075" threads="0" lastid="0000000001CEB700" lastname="main" />
</exclusive-start>
<allocation-taxation id="893" taxation-threshold="14680064" timestamp="2019-06-15T00:50:05.884" intervalms="7.973" />
<cycle-start id="894" type="partial gc" contextid="0" timestamp="2019-06-15T00:50:05.884" intervalms="21.499" />
<gc-start id="895" type="partial gc" contextid="894" timestamp="2019-06-15T00:50:05.885">
  <mem-info id="896" free="27262976" total="92274688" percent="29">
    <mem type="eden" free="1048552" total="30408704" percent="3" />
    <arraylet-primitive objects="1" leaves="1" largest="1" />
    <remembered-set count="32704" freebytes="3552512" totalbytes="3683328" percent="96" regionsoverflowed="0" regionsstable="2" regionsrebuilding="1"/>
  </mem-info>
</gc-start>
<allocation-stats totalBytes="29261544" >
  <allocated-bytes non-tlh="0" tlh="29261544" arrayletleaf="0"/>
  <largest-consumer threadName="main" threadId="0000000001CEB700" bytes="14632016" />
</allocation-stats>
<gc-op id="897" type="copy forward" timems="5.162" contextid="894" timestamp="2019-06-15T00:50:05.891">
  <memory-copied type="eden" objects="1" bytes="24" bytesdiscarded="0" />
  <memory-copied type="other" objects="40516" bytes="1012888" bytesdiscarded="496" />
  <memory-cardclean objects="11547" bytes="546104" />
  <regions eden="28" other="2" />
  <remembered-set-cleared processed="29515" cleared="3641" durationms="0.350" />
  <stringconstants candidates="13762" cleared="0"  />
</gc-op>
<gc-op id="898" type="classunload" timems="0.004" contextid="894" timestamp="2019-06-15T00:50:05.891">
  <classunload-info classloadercandidates="55" classloadersunloaded="0" classesunloaded="0" anonymousclassesunloaded="0" quiescems="0.000" setupms="0.004" scanms="0.000" postms="0.000" />
</gc-op>
<gc-end id="899" type="partial gc" contextid="894" durationms="6.381" usertimems="8.000" systemtimems="0.000" timestamp="2019-06-15T00:50:05.891" activeThreads="1">
  <mem-info id="900" free="56623104" total="92274688" percent="61">
    <mem type="eden" free="1048552" total="1048576" percent="99" />
    <arraylet-primitive objects="1" leaves="1" largest="1" />
    <remembered-set count="32352" freebytes="3553920" totalbytes="3683328" percent="96" regionsoverflowed="0" regionsstable="2" regionsrebuilding="1"/>
  </mem-info>
</gc-end>
<cycle-end id="901" type="partial gc" contextid="894" timestamp="2019-06-15T00:50:05.891" />
  <attribute name="elasticGC enabled" value="1" />
  <attribute name= "numThreadsSpecified" value="1" />
  <attribute name="heapSize specified" value="0" />
  <attribute name="Current GC Util" value="56" />
  <attribute name= "Current Time Running" value="11833" />
  <attribute name ="GC Interval" value="0" />
  <attribute name="ProportionalT" value="18.000000" />
  <attribute name="ProportionalI" value="18.000000" />
  <attribute name="ProportionalH" value="18.000000" />
  <attribute name="Current Error" value="36.000000" />
  <attribute name="IntegralT" value="0.000000" />
  <attribute name="IntegralI" value="0.000000" />
  <attribute name="IntegralH" value="0.000000" />
  <attribute name="DerivativeT" value="inf" />
  <attribute name="DerivativeI" value="inf" />
  <attribute name="DerivativeH" value="inf" />
  <attribute name="Loop Time for DT" value="0.000000" />
  <attribute name="Output H" value="8388608"/>
  <attribute name="Output I" value="200"/>
  <attribute name="Output T" value="1"/>
  <attribute name="Target GC Util Change" value ="20.000000" />
  <attribute name="Current GC Util Change" value="56.000000"/>
  <attribute name="GC Util currently" value="56" />
  <attribute name="CPU Util currently" value="17630453970552" />
<exclusive-end id="902" timestamp="2019-06-15T00:50:05.891" durationms="7.576" />

<exclusive-start id="903" timestamp="2019-06-15T00:50:05.899" intervalms="14.762">
  <response-info timems="0.074" idlems="0.074" threads="0" lastid="0000000001CEB700" lastname="main" />
</exclusive-start>
<allocation-taxation id="904" taxation-threshold="14680064" timestamp="2019-06-15T00:50:05.899" intervalms="14.768" />
<gc-start id="905" type="global mark phase" contextid="822" timestamp="2019-06-15T00:50:05.899">
  <mem-info id="906" free="41943040" total="92274688" percent="45">
    <remembered-set count="31264" freebytes="3558272" totalbytes="3683328" percent="96" regionsoverflowed="0" regionsstable="3" regionsrebuilding="1"/>
  </mem-info>
</gc-start>
<gc-end id="907" type="global mark phase" contextid="822" durationms="0.189" usertimems="0.000" systemtimems="0.000" timestamp="2019-06-15T00:50:05.899" activeThreads="1">
  <mem-info id="908" free="41943040" total="92274688" percent="45">
    <remembered-set count="31264" freebytes="3558272" totalbytes="3683328" percent="96" regionsoverflowed="0" regionsstable="3" regionsrebuilding="1"/>
  </mem-info>
</gc-end>
<concurrent-start id="909" type="GMP work packet processing" contextid="822" timestamp="2019-06-15T00:50:05.899">
  <concurrent-mark-start scanTarget="1048576" />
</concurrent-start>
<exclusive-end id="910" timestamp="2019-06-15T00:50:05.900" durationms="0.960" />

<concurrent-end id="911" type="GMP work packet processing" contextid="822" timestamp="2019-06-15T00:50:05.900">
  <concurrent-mark-end bytesScanned="1083576" reasonForTermination="Work target met" />
</concurrent-end>

<exclusive-start id="912" timestamp="2019-06-15T00:50:05.907" intervalms="8.111">
  <response-info timems="0.077" idlems="0.077" threads="0" lastid="0000000001CEB700" lastname="main" />
</exclusive-start>
<allocation-taxation id="913" taxation-threshold="14680064" timestamp="2019-06-15T00:50:05.907" intervalms="8.037" />
<cycle-start id="914" type="partial gc" contextid="0" timestamp="2019-06-15T00:50:05.907" intervalms="22.717" />
<gc-start id="915" type="partial gc" contextid="914" timestamp="2019-06-15T00:50:05.907">
  <mem-info id="916" free="27262976" total="92274688" percent="29">
    <mem type="eden" free="1048552" total="30408704" percent="3" />
    <arraylet-primitive objects="1" leaves="1" largest="1" />
    <remembered-set count="31264" freebytes="3558272" totalbytes="3683328" percent="96" regionsoverflowed="0" regionsstable="3" regionsrebuilding="1"/>
  </mem-info>
</gc-start>
<allocation-stats totalBytes="29261544" >
  <allocated-bytes non-tlh="0" tlh="29261544" arrayletleaf="0"/>
  <largest-consumer threadName="main" threadId="0000000001CEB700" bytes="14632016" />
</allocation-stats>
<gc-op id="917" type="copy forward" timems="1.280" contextid="914" timestamp="2019-06-15T00:50:05.909">
  <memory-copied type="eden" objects="1" bytes="24" bytesdiscarded="0" />
  <memory-copied type="other" objects="0" bytes="0" bytesdiscarded="0" />
  <memory-cardclean objects="8" bytes="184" />
  <regions eden="28" other="1" />
  <remembered-set-cleared processed="28966" cleared="1" durationms="0.275" />
  <stringconstants candidates="13762" cleared="0"  />
</gc-op>
<gc-op id="918" type="classunload" timems="0.003" contextid="914" timestamp="2019-06-15T00:50:05.909">
  <classunload-info classloadercandidates="55" classloadersunloaded="0" classesunloaded="0" anonymousclassesunloaded="0" quiescems="0.000" setupms="0.003" scanms="0.000" postms="0.000" />
</gc-op>
<gc-end id="919" type="partial gc" contextid="914" durationms="2.372" usertimems="4.000" systemtimems="0.000" timestamp="2019-06-15T00:50:05.910" activeThreads="1">
  <mem-info id="920" free="56623104" total="92274688" percent="61">
    <mem type="eden" free="1048552" total="1048576" percent="99" />
    <arraylet-primitive objects="1" leaves="1" largest="1" />
    <remembered-set count="31744" freebytes="3556352" totalbytes="3683328" percent="96" regionsoverflowed="0" regionsstable="3" regionsrebuilding="1"/>
  </mem-info>
</gc-end>
<cycle-end id="921" type="partial gc" contextid="914" timestamp="2019-06-15T00:50:05.910" />
  <attribute name="elasticGC enabled" value="1" />
  <attribute name= "numThreadsSpecified" value="1" />
  <attribute name="heapSize specified" value="0" />
  <attribute name="Current GC Util" value="57" />
  <attribute name= "Current Time Running" value="11856" />
  <attribute name ="GC Interval" value="0" />
  <attribute name="ProportionalT" value="18.500000" />
  <attribute name="ProportionalI" value="18.500000" />
  <attribute name="ProportionalH" value="18.500000" />
  <attribute name="Current Error" value="37.000000" />
  <attribute name="IntegralT" value="0.000000" />
  <attribute name="IntegralI" value="0.000000" />
  <attribute name="IntegralH" value="0.000000" />
  <attribute name="DerivativeT" value="inf" />
  <attribute name="DerivativeI" value="inf" />
  <attribute name="DerivativeH" value="inf" />
  <attribute name="Loop Time for DT" value="0.000000" />
  <attribute name="Output H" value="8388608"/>
  <attribute name="Output I" value="200"/>
  <attribute name="Output T" value="1"/>
  <attribute name="Target GC Util Change" value ="20.000000" />
  <attribute name="Current GC Util Change" value="57.000000"/>
  <attribute name="GC Util currently" value="57" />
  <attribute name="CPU Util currently" value="17370535115056" />
<exclusive-end id="922" timestamp="2019-06-15T00:50:05.910" durationms="3.332" />

<exclusive-start id="923" timestamp="2019-06-15T00:50:05.917" intervalms="10.568">
  <response-info timems="0.075" idlems="0.075" threads="0" lastid="0000000001CEB700" lastname="main" />
</exclusive-start>
<allocation-taxation id="924" taxation-threshold="14680064" timestamp="2019-06-15T00:50:05.918" intervalms="10.639" />
<gc-start id="925" type="global mark phase" contextid="822" timestamp="2019-06-15T00:50:05.918">
  <mem-info id="926" free="41943040" total="92274688" percent="45">
    <remembered-set count="30368" freebytes="3561856" totalbytes="3683328" percent="96" regionsoverflowed="0" regionsstable="4" regionsrebuilding="1"/>
  </mem-info>
</gc-start>
<gc-end id="927" type="global mark phase" contextid="822" durationms="0.150" usertimems="0.000" systemtimems="0.000" timestamp="2019-06-15T00:50:05.918" activeThreads="1">
  <mem-info id="928" free="41943040" total="92274688" percent="45">
    <remembered-set count="30368" freebytes="3561856" totalbytes="3683328" percent="96" regionsoverflowed="0" regionsstable="4" regionsrebuilding="1"/>
  </mem-info>
</gc-end>
<concurrent-start id="929" type="GMP work packet processing" contextid="822" timestamp="2019-06-15T00:50:05.918">
  <concurrent-mark-start scanTarget="1048576" />
</concurrent-start>
<exclusive-end id="930" timestamp="2019-06-15T00:50:05.918" durationms="0.875" />

<concurrent-end id="931" type="GMP work packet processing" contextid="822" timestamp="2019-06-15T00:50:05.919">
  <concurrent-mark-end bytesScanned="1084132" reasonForTermination="Work target met" />
</concurrent-end>

<exclusive-start id="932" timestamp="2019-06-15T00:50:05.925" intervalms="8.024">
  <response-info timems="0.074" idlems="0.074" threads="0" lastid="0000000001CEB700" lastname="main" />
</exclusive-start>
<allocation-taxation id="933" taxation-threshold="14680064" timestamp="2019-06-15T00:50:05.925" intervalms="7.951" />
<cycle-start id="934" type="partial gc" contextid="0" timestamp="2019-06-15T00:50:05.926" intervalms="18.600" />
<gc-start id="935" type="partial gc" contextid="934" timestamp="2019-06-15T00:50:05.926">
  <mem-info id="936" free="27262976" total="92274688" percent="29">
    <mem type="eden" free="1048552" total="30408704" percent="3" />
    <arraylet-primitive objects="1" leaves="1" largest="1" />
    <remembered-set count="33536" freebytes="3549184" totalbytes="3683328" percent="96" regionsoverflowed="0" regionsstable="4" regionsrebuilding="1"/>
  </mem-info>
</gc-start>
<allocation-stats totalBytes="29261520" >
  <allocated-bytes non-tlh="0" tlh="29261520" arrayletleaf="0"/>
  <largest-consumer threadName="main" threadId="0000000001CEB700" bytes="14631992" />
</allocation-stats>
<gc-op id="937" type="copy forward" timems="4.717" contextid="934" timestamp="2019-06-15T00:50:05.931">
  <memory-copied type="eden" objects="1" bytes="24" bytesdiscarded="0" />
  <memory-copied type="other" objects="38060" bytes="937792" bytesdiscarded="448" />
  <memory-cardclean objects="6792" bytes="450408" />
  <regions eden="28" other="2" />
  <remembered-set-cleared processed="31087" cleared="2400" durationms="0.344" />
  <stringconstants candidates="13762" cleared="0"  />
</gc-op>
<gc-op id="938" type="classunload" timems="0.003" contextid="934" timestamp="2019-06-15T00:50:05.932">
  <classunload-info classloadercandidates="55" classloadersunloaded="0" classesunloaded="0" anonymousclassesunloaded="0" quiescems="0.000" setupms="0.003" scanms="0.000" postms="0.000" />
</gc-op>
<gc-end id="939" type="partial gc" contextid="934" durationms="5.860" usertimems="4.000" systemtimems="0.000" timestamp="2019-06-15T00:50:05.932" activeThreads="1">
  <mem-info id="940" free="56623104" total="92274688" percent="61">
    <mem type="eden" free="1048552" total="1048576" percent="99" />
    <arraylet-primitive objects="1" leaves="1" largest="1" />
    <remembered-set count="33600" freebytes="3548928" totalbytes="3683328" percent="96" regionsoverflowed="0" regionsstable="4" regionsrebuilding="1"/>
  </mem-info>
</gc-end>
<cycle-end id="941" type="partial gc" contextid="934" timestamp="2019-06-15T00:50:05.932" />
  <attribute name="elasticGC enabled" value="1" />
  <attribute name= "numThreadsSpecified" value="1" />
  <attribute name="heapSize specified" value="0" />
  <attribute name="Current GC Util" value="55" />
  <attribute name= "Current Time Running" value="11874" />
  <attribute name ="GC Interval" value="0" />
  <attribute name="ProportionalT" value="17.500000" />
  <attribute name="ProportionalI" value="17.500000" />
  <attribute name="ProportionalH" value="17.500000" />
  <attribute name="Current Error" value="35.000000" />
  <attribute name="IntegralT" value="0.000000" />
  <attribute name="IntegralI" value="0.000000" />
  <attribute name="IntegralH" value="0.000000" />
  <attribute name="DerivativeT" value="inf" />
  <attribute name="DerivativeI" value="inf" />
  <attribute name="DerivativeH" value="inf" />
  <attribute name="Loop Time for DT" value="0.000000" />
  <attribute name="Output H" value="8388608"/>
  <attribute name="Output I" value="200"/>
  <attribute name="Output T" value="1"/>
  <attribute name="Target GC Util Change" value ="20.000000" />
  <attribute name="Current GC Util Change" value="55.000000"/>
  <attribute name="GC Util currently" value="55" />
  <attribute name="CPU Util currently" value="17663001294824" />
<exclusive-end id="942" timestamp="2019-06-15T00:50:05.932" durationms="6.921" />

<exclusive-start id="943" timestamp="2019-06-15T00:50:05.940" intervalms="14.169">
  <response-info timems="0.074" idlems="0.074" threads="0" lastid="0000000001CEB700" lastname="main" />
</exclusive-start>
<allocation-taxation id="944" taxation-threshold="14680064" timestamp="2019-06-15T00:50:05.940" intervalms="14.232" />
<gc-start id="945" type="global mark phase" contextid="822" timestamp="2019-06-15T00:50:05.940">
  <mem-info id="946" free="41943040" total="92274688" percent="45">
    <remembered-set count="32608" freebytes="3552896" totalbytes="3683328" percent="96" regionsoverflowed="0" regionsstable="5" regionsrebuilding="1"/>
  </mem-info>
</gc-start>
<gc-end id="947" type="global mark phase" contextid="822" durationms="0.129" usertimems="0.000" systemtimems="0.000" timestamp="2019-06-15T00:50:05.940" activeThreads="1">
  <mem-info id="948" free="41943040" total="92274688" percent="45">
    <remembered-set count="32608" freebytes="3552896" totalbytes="3683328" percent="96" regionsoverflowed="0" regionsstable="5" regionsrebuilding="1"/>
  </mem-info>
</gc-end>
<concurrent-start id="949" type="GMP work packet processing" contextid="822" timestamp="2019-06-15T00:50:05.940">
  <concurrent-mark-start scanTarget="1048576" />
</concurrent-start>
<exclusive-end id="950" timestamp="2019-06-15T00:50:05.940" durationms="0.813" />

<concurrent-end id="951" type="GMP work packet processing" contextid="822" timestamp="2019-06-15T00:50:05.941">
  <concurrent-mark-end bytesScanned="1077092" reasonForTermination="Work target met" />
</concurrent-end>

<exclusive-start id="952" timestamp="2019-06-15T00:50:05.947" intervalms="7.944">
  <response-info timems="0.074" idlems="0.074" threads="0" lastid="0000000001CEB700" lastname="main" />
</exclusive-start>
<allocation-taxation id="953" taxation-threshold="14680064" timestamp="2019-06-15T00:50:05.948" intervalms="7.879" />
<cycle-start id="954" type="partial gc" contextid="0" timestamp="2019-06-15T00:50:05.948" intervalms="22.105" />
<gc-start id="955" type="partial gc" contextid="954" timestamp="2019-06-15T00:50:05.948">
  <mem-info id="956" free="27262976" total="92274688" percent="29">
    <mem type="eden" free="1048552" total="30408704" percent="3" />
    <arraylet-primitive objects="1" leaves="1" largest="1" />
    <remembered-set count="32640" freebytes="3552768" totalbytes="3683328" percent="96" regionsoverflowed="0" regionsstable="5" regionsrebuilding="1"/>
  </mem-info>
</gc-start>
<allocation-stats totalBytes="29261544" >
  <allocated-bytes non-tlh="0" tlh="29261544" arrayletleaf="0"/>
  <largest-consumer threadName="main" threadId="0000000001CEB700" bytes="14631992" />
</allocation-stats>
<gc-op id="957" type="copy forward" timems="1.267" contextid="954" timestamp="2019-06-15T00:50:05.950">
  <memory-copied type="eden" objects="1" bytes="24" bytesdiscarded="0" />
  <memory-copied type="other" objects="0" bytes="0" bytesdiscarded="0" />
  <memory-cardclean objects="8" bytes="184" />
  <regions eden="28" other="1" />
  <remembered-set-cleared processed="30923" cleared="1" durationms="0.281" />
  <stringconstants candidates="13762" cleared="0"  />
</gc-op>
<gc-op id="958" type="classunload" timems="0.003" contextid="954" timestamp="2019-06-15T00:50:05.950">
  <classunload-info classloadercandidates="55" classloadersunloaded="0" classesunloaded="0" anonymousclassesunloaded="0" quiescems="0.000" setupms="0.003" scanms="0.000" postms="0.000" />
</gc-op>
<gc-end id="959" type="partial gc" contextid="954" durationms="2.274" usertimems="4.000" systemtimems="0.000" timestamp="2019-06-15T00:50:05.950" activeThreads="1">
  <mem-info id="960" free="56623104" total="92274688" percent="61">
    <mem type="eden" free="1048552" total="1048576" percent="99" />
    <arraylet-primitive objects="1" leaves="1" largest="1" />
    <remembered-set count="33120" freebytes="3550848" totalbytes="3683328" percent="96" regionsoverflowed="0" regionsstable="5" regionsrebuilding="1"/>
  </mem-info>
</gc-end>
<cycle-end id="961" type="partial gc" contextid="954" timestamp="2019-06-15T00:50:05.950" />
  <attribute name="elasticGC enabled" value="1" />
  <attribute name= "numThreadsSpecified" value="1" />
  <attribute name="heapSize specified" value="0" />
  <attribute name="Current GC Util" value="55" />
  <attribute name= "Current Time Running" value="11896" />
  <attribute name ="GC Interval" value="0" />
  <attribute name="ProportionalT" value="17.500000" />
  <attribute name="ProportionalI" value="17.500000" />
  <attribute name="ProportionalH" value="17.500000" />
  <attribute name="Current Error" value="35.000000" />
  <attribute name="IntegralT" value="0.000000" />
  <attribute name="IntegralI" value="0.000000" />
  <attribute name="IntegralH" value="0.000000" />
  <attribute name="DerivativeT" value="inf" />
  <attribute name="DerivativeI" value="inf" />
  <attribute name="DerivativeH" value="inf" />
  <attribute name="Loop Time for DT" value="0.000000" />
  <attribute name="Output H" value="8388608"/>
  <attribute name="Output I" value="200"/>
  <attribute name="Output T" value="1"/>
  <attribute name="Target GC Util Change" value ="20.000000" />
  <attribute name="Current GC Util Change" value="55.000000"/>
  <attribute name="GC Util currently" value="55" />
  <attribute name="CPU Util currently" value="21859854179815" />
<exclusive-end id="962" timestamp="2019-06-15T00:50:05.951" durationms="3.176" />

<exclusive-start id="963" timestamp="2019-06-15T00:50:05.958" intervalms="10.422">
  <response-info timems="0.061" idlems="0.061" threads="0" lastid="0000000001CEB700" lastname="main" />
</exclusive-start>
<allocation-taxation id="964" taxation-threshold="14680064" timestamp="2019-06-15T00:50:05.958" intervalms="10.356" />
<gc-start id="965" type="global mark phase" contextid="822" timestamp="2019-06-15T00:50:05.958">
  <mem-info id="966" free="41943040" total="92274688" percent="45">
    <remembered-set count="31936" freebytes="3555584" totalbytes="3683328" percent="96" regionsoverflowed="0" regionsstable="6" regionsrebuilding="1"/>
  </mem-info>
</gc-start>
<gc-end id="967" type="global mark phase" contextid="822" durationms="0.105" usertimems="0.000" systemtimems="0.000" timestamp="2019-06-15T00:50:05.958" activeThreads="1">
  <mem-info id="968" free="41943040" total="92274688" percent="45">
    <remembered-set count="31936" freebytes="3555584" totalbytes="3683328" percent="96" regionsoverflowed="0" regionsstable="6" regionsrebuilding="1"/>
  </mem-info>
</gc-end>
<concurrent-start id="969" type="GMP work packet processing" contextid="822" timestamp="2019-06-15T00:50:05.958">
  <concurrent-mark-start scanTarget="1048576" />
</concurrent-start>
<exclusive-end id="970" timestamp="2019-06-15T00:50:05.958" durationms="0.544" />

<concurrent-end id="971" type="GMP work packet processing" contextid="822" timestamp="2019-06-15T00:50:05.962">
  <concurrent-mark-end bytesScanned="1064840" reasonForTermination="Work target met" />
</concurrent-end>

<exclusive-start id="972" timestamp="2019-06-15T00:50:05.967" intervalms="8.742">
  <response-info timems="0.067" idlems="0.067" threads="0" lastid="0000000001CEB700" lastname="main" />
</exclusive-start>
<allocation-taxation id="973" taxation-threshold="14680064" timestamp="2019-06-15T00:50:05.967" intervalms="8.889" />
<cycle-start id="974" type="partial gc" contextid="0" timestamp="2019-06-15T00:50:05.967" intervalms="19.338" />
<gc-start id="975" type="partial gc" contextid="974" timestamp="2019-06-15T00:50:05.967">
  <mem-info id="976" free="27262976" total="92274688" percent="29">
    <mem type="eden" free="1048552" total="30408704" percent="3" />
    <arraylet-primitive objects="1" leaves="1" largest="1" />
    <remembered-set count="31936" freebytes="3555584" totalbytes="3683328" percent="96" regionsoverflowed="0" regionsstable="6" regionsrebuilding="1"/>
  </mem-info>
</gc-start>
<allocation-stats totalBytes="29253144" >
  <allocated-bytes non-tlh="0" tlh="29253144" arrayletleaf="0"/>
  <largest-consumer threadName="main" threadId="0000000001CEB700" bytes="14623592" />
</allocation-stats>
<gc-op id="977" type="copy forward" timems="4.894" contextid="974" timestamp="2019-06-15T00:50:05.973">
  <memory-copied type="eden" objects="28" bytes="1960" bytesdiscarded="0" />
  <memory-copied type="other" objects="34879" bytes="1013056" bytesdiscarded="192" />
  <memory-cardclean objects="11412" bytes="420976" />
  <regions eden="28" other="2" />
  <remembered-set-cleared processed="29492" cleared="2650" durationms="0.366" />
  <stringconstants candidates="13762" cleared="0"  />
</gc-op>
<gc-op id="978" type="classunload" timems="0.003" contextid="974" timestamp="2019-06-15T00:50:05.973">
  <classunload-info classloadercandidates="55" classloadersunloaded="0" classesunloaded="0" anonymousclassesunloaded="0" quiescems="0.000" setupms="0.003" scanms="0.000" postms="0.000" />
</gc-op>
<gc-end id="979" type="partial gc" contextid="974" durationms="6.064" usertimems="0.000" systemtimems="4.000" timestamp="2019-06-15T00:50:05.973" activeThreads="1">
  <mem-info id="980" free="56623104" total="92274688" percent="61">
    <mem type="eden" free="1046616" total="1048576" percent="99" />
    <arraylet-primitive objects="1" leaves="1" largest="1" />
    <remembered-set count="31584" freebytes="3556992" totalbytes="3683328" percent="96" regionsoverflowed="0" regionsstable="6" regionsrebuilding="1"/>
  </mem-info>
</gc-end>
<cycle-end id="981" type="partial gc" contextid="974" timestamp="2019-06-15T00:50:05.974" />
  <attribute name="elasticGC enabled" value="1" />
  <attribute name= "numThreadsSpecified" value="1" />
  <attribute name="heapSize specified" value="0" />
  <attribute name="Current GC Util" value="51" />
  <attribute name= "Current Time Running" value="11916" />
  <attribute name ="GC Interval" value="0" />
  <attribute name="ProportionalT" value="15.500000" />
  <attribute name="ProportionalI" value="15.500000" />
  <attribute name="ProportionalH" value="15.500000" />
  <attribute name="Current Error" value="31.000000" />
  <attribute name="IntegralT" value="0.000000" />
  <attribute name="IntegralI" value="0.000000" />
  <attribute name="IntegralH" value="0.000000" />
  <attribute name="DerivativeT" value="inf" />
  <attribute name="DerivativeI" value="inf" />
  <attribute name="DerivativeH" value="inf" />
  <attribute name="Loop Time for DT" value="0.000000" />
  <attribute name="Output H" value="8388608"/>
  <attribute name="Output I" value="200"/>
  <attribute name="Output T" value="1"/>
  <attribute name="Target GC Util Change" value ="20.000000" />
  <attribute name="Current GC Util Change" value="51.000000"/>
  <attribute name="GC Util currently" value="51" />
  <attribute name="CPU Util currently" value="20231928423678" />
<exclusive-end id="982" timestamp="2019-06-15T00:50:05.974" durationms="7.323" />

<exclusive-start id="983" timestamp="2019-06-15T00:50:05.986" intervalms="19.647">
  <response-info timems="0.076" idlems="0.076" threads="0" lastid="0000000001CEB700" lastname="main" />
</exclusive-start>
<allocation-taxation id="984" taxation-threshold="14680064" timestamp="2019-06-15T00:50:05.986" intervalms="19.588" />
<gc-start id="985" type="global mark phase" contextid="822" timestamp="2019-06-15T00:50:05.987">
  <mem-info id="986" free="41943040" total="92274688" percent="45">
    <remembered-set count="30336" freebytes="3561984" totalbytes="3683328" percent="96" regionsoverflowed="0" regionsstable="7" regionsrebuilding="1"/>
  </mem-info>
</gc-start>
<gc-end id="987" type="global mark phase" contextid="822" durationms="0.156" usertimems="0.000" systemtimems="0.000" timestamp="2019-06-15T00:50:05.987" activeThreads="1">
  <mem-info id="988" free="41943040" total="92274688" percent="45">
    <remembered-set count="30336" freebytes="3561984" totalbytes="3683328" percent="96" regionsoverflowed="0" regionsstable="7" regionsrebuilding="1"/>
  </mem-info>
</gc-end>
<concurrent-start id="989" type="GMP work packet processing" contextid="822" timestamp="2019-06-15T00:50:05.987">
  <concurrent-mark-start scanTarget="1048576" />
</concurrent-start>
<exclusive-end id="990" timestamp="2019-06-15T00:50:05.987" durationms="0.893" />

<concurrent-end id="991" type="GMP work packet processing" contextid="822" timestamp="2019-06-15T00:50:05.988">
  <concurrent-mark-end bytesScanned="896480" reasonForTermination="Completed all work in GC phase" />
</concurrent-end>

<exclusive-start id="992" timestamp="2019-06-15T00:50:05.998" intervalms="11.638">
  <response-info timems="0.068" idlems="0.068" threads="0" lastid="0000000001CEB700" lastname="main" />
</exclusive-start>
<allocation-taxation id="993" taxation-threshold="14680064" timestamp="2019-06-15T00:50:05.998" intervalms="11.692" />
<cycle-start id="994" type="partial gc" contextid="0" timestamp="2019-06-15T00:50:05.998" intervalms="31.202" />
<gc-start id="995" type="partial gc" contextid="994" timestamp="2019-06-15T00:50:05.999">
  <mem-info id="996" free="27262976" total="92274688" percent="29">
    <mem type="eden" free="0" total="29360128" percent="0" />
    <arraylet-primitive objects="1" leaves="1" largest="1" />
    <remembered-set count="37216" freebytes="3534464" totalbytes="3683328" percent="95" regionsoverflowed="0" regionsstable="7" regionsrebuilding="1"/>
  </mem-info>
</gc-start>
<allocation-stats totalBytes="29164760" >
  <allocated-bytes non-tlh="0" tlh="29164760" arrayletleaf="0"/>
  <largest-consumer threadName="main" threadId="0000000001CEB700" bytes="14582360" />
</allocation-stats>
<gc-op id="997" type="copy forward" timems="1.359" contextid="994" timestamp="2019-06-15T00:50:06.001">
  <memory-copied type="eden" objects="0" bytes="0" bytesdiscarded="0" />
  <memory-copied type="other" objects="27" bytes="1920" bytesdiscarded="0" />
  <memory-cardclean objects="53" bytes="2016" />
  <regions eden="28" other="1" />
  <remembered-set-cleared processed="35592" cleared="33" durationms="0.365" />
  <stringconstants candidates="13762" cleared="0"  />
</gc-op>
<gc-op id="998" type="classunload" timems="0.004" contextid="994" timestamp="2019-06-15T00:50:06.001">
  <classunload-info classloadercandidates="55" classloadersunloaded="0" classesunloaded="0" anonymousclassesunloaded="0" quiescems="0.000" setupms="0.003" scanms="0.000" postms="0.000" />
</gc-op>
<gc-end id="999" type="partial gc" contextid="994" durationms="2.564" usertimems="4.000" systemtimems="0.000" timestamp="2019-06-15T00:50:06.001" activeThreads="1">
  <mem-info id="1000" free="56623104" total="92274688" percent="61">
    <arraylet-primitive objects="1" leaves="1" largest="1" />
    <remembered-set count="37696" freebytes="3532544" totalbytes="3683328" percent="95" regionsoverflowed="0" regionsstable="7" regionsrebuilding="1"/>
  </mem-info>
</gc-end>
<cycle-end id="1001" type="partial gc" contextid="994" timestamp="2019-06-15T00:50:06.001" />
  <attribute name="elasticGC enabled" value="1" />
  <attribute name= "numThreadsSpecified" value="1" />
  <attribute name="heapSize specified" value="0" />
  <attribute name="Current GC Util" value="56" />
  <attribute name= "Current Time Running" value="11947" />
  <attribute name ="GC Interval" value="0" />
  <attribute name="ProportionalT" value="18.000000" />
  <attribute name="ProportionalI" value="18.000000" />
  <attribute name="ProportionalH" value="18.000000" />
  <attribute name="Current Error" value="36.000000" />
  <attribute name="IntegralT" value="0.000000" />
  <attribute name="IntegralI" value="0.000000" />
  <attribute name="IntegralH" value="0.000000" />
  <attribute name="DerivativeT" value="inf" />
  <attribute name="DerivativeI" value="inf" />
  <attribute name="DerivativeH" value="inf" />
  <attribute name="Loop Time for DT" value="0.000000" />
  <attribute name="Output H" value="8388608"/>
  <attribute name="Output I" value="200"/>
  <attribute name="Output T" value="1"/>
  <attribute name="Target GC Util Change" value ="20.000000" />
  <attribute name="Current GC Util Change" value="56.000000"/>
  <attribute name="GC Util currently" value="56" />
  <attribute name="CPU Util currently" value="16886128033676" />
<exclusive-end id="1002" timestamp="2019-06-15T00:50:06.002" durationms="3.759" />

<exclusive-start id="1003" timestamp="2019-06-15T00:50:06.008" intervalms="9.893">
  <response-info timems="0.075" idlems="0.075" threads="0" lastid="0000000001CEB700" lastname="main" />
</exclusive-start>
<allocation-taxation id="1004" taxation-threshold="14680064" timestamp="2019-06-15T00:50:06.008" intervalms="9.901" />
<gc-start id="1005" type="global mark phase" contextid="822" timestamp="2019-06-15T00:50:06.008">
  <mem-info id="1006" free="41943040" total="92274688" percent="45">
    <remembered-set count="36608" freebytes="3536896" totalbytes="3683328" percent="96" regionsoverflowed="0" regionsstable="8" regionsrebuilding="1"/>
  </mem-info>
</gc-start>
<gc-op id="1007" type="mark increment" timems="5.113" contextid="822" timestamp="2019-06-15T00:50:06.013">
  <trace-info objectcount="53" scancount="44" scanbytes="345392" />
  <cardclean-info objects="203088" bytes="5922884" />
  <finalization candidates="81" enqueued="1" />
  <ownableSynchronizers candidates="21" cleared="0" />
  <references type="soft" candidates="4854" cleared="0" enqueued="0" dynamicThreshold="19" maxThreshold="32" />
  <references type="weak" candidates="5569" cleared="0" enqueued="0" />
  <references type="phantom" candidates="102" cleared="0" enqueued="0" />
  <stringconstants candidates="13762" cleared="2"  />
</gc-op>
<gc-op id="1008" type="classunload" timems="0.395" contextid="822" timestamp="2019-06-15T00:50:06.014">
  <classunload-info classloadercandidates="55" classloadersunloaded="1" classesunloaded="1" anonymousclassesunloaded="0" quiescems="0.000" setupms="0.382" scanms="0.008" postms="0.005" />
</gc-op>
<gc-end id="1009" type="global mark phase" contextid="822" durationms="5.989" usertimems="8.000" systemtimems="4.000" timestamp="2019-06-15T00:50:06.014" activeThreads="4">
  <mem-info id="1010" free="41943040" total="92274688" percent="45">
    <pending-finalizers system="0" default="1" reference="0" classloader="0" />
    <remembered-set count="39168" freebytes="3526656" totalbytes="3683328" percent="95" regionsoverflowed="0" regionsstable="8" regionsrebuilding="0"/>
  </mem-info>
</gc-end>
<cycle-end id="1011" type="global mark phase" contextid="822" timestamp="2019-06-15T00:50:06.014" />
  <attribute name="elasticGC enabled" value="1" />
  <attribute name= "numThreadsSpecified" value="4" />
  <attribute name="heapSize specified" value="0" />
  <attribute name="Current GC Util" value="132" />
  <attribute name= "Current Time Running" value="11960" />
  <attribute name ="GC Interval" value="0" />
  <attribute name="ProportionalT" value="56.000000" />
  <attribute name="ProportionalI" value="56.000000" />
  <attribute name="ProportionalH" value="56.000000" />
  <attribute name="Current Error" value="112.000000" />
  <attribute name="IntegralT" value="112.000000" />
  <attribute name="IntegralI" value="112.000000" />
  <attribute name="IntegralH" value="112.000000" />
  <attribute name="DerivativeT" value="-29.000000" />
  <attribute name="DerivativeI" value="-29.000000" />
  <attribute name="DerivativeH" value="-29.000000" />
  <attribute name="Loop Time for DT" value="1.000000" />
  <attribute name="Output H" value="8388608"/>
  <attribute name="Output I" value="200"/>
  <attribute name="Output T" value="4"/>
  <attribute name="Target GC Util Change" value ="20.000000" />
  <attribute name="Current GC Util Change" value="132.000000"/>
  <attribute name="GC Util currently" value="132" />
  <attribute name="CPU Util currently" value="10553540199599" />
<exclusive-end id="1012" timestamp="2019-06-15T00:50:06.015" durationms="6.737" />

<exclusive-start id="1013" timestamp="2019-06-15T00:50:06.021" intervalms="13.039">
  <response-info timems="0.057" idlems="0.057" threads="0" lastid="0000000001CEB700" lastname="main" />
</exclusive-start>
<allocation-taxation id="1014" taxation-threshold="14680064" timestamp="2019-06-15T00:50:06.021" intervalms="12.967" />
<cycle-start id="1015" type="partial gc" contextid="0" timestamp="2019-06-15T00:50:06.021" intervalms="22.859" />
<gc-start id="1016" type="partial gc" contextid="1015" timestamp="2019-06-15T00:50:06.021">
  <mem-info id="1017" free="27262976" total="92274688" percent="29">
    <mem type="eden" free="0" total="29360128" percent="0" />
    <arraylet-unknown objects="1" leaves="1" />
    <remembered-set count="38688" freebytes="3528576" totalbytes="3683328" percent="95" regionsoverflowed="0" regionsstable="8" regionsrebuilding="0"/>
  </mem-info>
</gc-start>
<allocation-stats totalBytes="29166792" >
  <allocated-bytes non-tlh="0" tlh="29166792" arrayletleaf="0"/>
  <largest-consumer threadName="main" threadId="0000000001CEB700" bytes="14584392" />
</allocation-stats>
<gc-op id="1018" type="sweep" timems="0.654" contextid="1015" timestamp="2019-06-15T00:50:06.023" />
<gc-op id="1019" type="copy forward" timems="1.951" contextid="1015" timestamp="2019-06-15T00:50:06.025">
  <memory-copied type="eden" objects="1" bytes="24" bytesdiscarded="0" />
  <memory-copied type="other" objects="0" bytes="0" bytesdiscarded="0" />
  <memory-cardclean objects="10" bytes="424" />
  <regions eden="14" other="0" />
  <remembered-set-cleared processed="36636" cleared="8" durationms="0.210" />
  <stringconstants candidates="13760" cleared="0"  />
</gc-op>
<gc-op id="1020" type="classunload" timems="0.004" contextid="1015" timestamp="2019-06-15T00:50:06.025">
  <classunload-info classloadercandidates="54" classloadersunloaded="0" classesunloaded="0" anonymousclassesunloaded="0" quiescems="0.000" setupms="0.004" scanms="0.000" postms="0.000" />
</gc-op>
<gc-end id="1021" type="partial gc" contextid="1015" durationms="4.007" usertimems="8.000" systemtimems="0.000" timestamp="2019-06-15T00:50:06.025" activeThreads="4">
  <mem-info id="1022" free="56623104" total="92274688" percent="61">
    <mem type="eden" free="1048552" total="1048576" percent="99" />
    <remembered-set count="38624" freebytes="3528832" totalbytes="3683328" percent="95" regionsoverflowed="0" regionsstable="8" regionsrebuilding="0"/>
  </mem-info>
</gc-end>
<cycle-end id="1023" type="partial gc" contextid="1015" timestamp="2019-06-15T00:50:06.026" />
  <attribute name="elasticGC enabled" value="1" />
  <attribute name= "numThreadsSpecified" value="4" />
  <attribute name="heapSize specified" value="0" />
  <attribute name="Current GC Util" value="53" />
  <attribute name= "Current Time Running" value="11971" />
  <attribute name ="GC Interval" value="0" />
  <attribute name="ProportionalT" value="16.500000" />
  <attribute name="ProportionalI" value="16.500000" />
  <attribute name="ProportionalH" value="16.500000" />
  <attribute name="Current Error" value="33.000000" />
  <attribute name="IntegralT" value="0.000000" />
  <attribute name="IntegralI" value="0.000000" />
  <attribute name="IntegralH" value="0.000000" />
  <attribute name="DerivativeT" value="-inf" />
  <attribute name="DerivativeI" value="-inf" />
  <attribute name="DerivativeH" value="-inf" />
  <attribute name="Loop Time for DT" value="0.000000" />
  <attribute name="Output H" value="2091843584"/>
  <attribute name="Output I" value="200"/>
  <attribute name="Output T" value="4"/>
  <attribute name="Target GC Util Change" value ="20.000000" />
  <attribute name="Current GC Util Change" value="53.000000"/>
  <attribute name="GC Util currently" value="53" />
  <attribute name="CPU Util currently" value="21927935277858" />
<exclusive-end id="1024" timestamp="2019-06-15T00:50:06.026" durationms="5.003" />

<exclusive-start id="1025" timestamp="2019-06-15T00:50:06.038" intervalms="16.951">
  <response-info timems="0.109" idlems="0.109" threads="0" lastid="0000000001CEB700" lastname="main" />
</exclusive-start>
<allocation-taxation id="1026" taxation-threshold="29360128" timestamp="2019-06-15T00:50:06.038" intervalms="16.976" />
<cycle-start id="1027" type="partial gc" contextid="0" timestamp="2019-06-15T00:50:06.038" intervalms="16.975" />
<gc-start id="1028" type="partial gc" contextid="1027" timestamp="2019-06-15T00:50:06.038">
  <mem-info id="1029" free="27262976" total="92274688" percent="29">
    <mem type="eden" free="1048552" total="30408704" percent="3" />
    <remembered-set count="38144" freebytes="3530752" totalbytes="3683328" percent="95" regionsoverflowed="0" regionsstable="8" regionsrebuilding="0"/>
  </mem-info>
</gc-start>
<allocation-stats totalBytes="29176080" >
  <allocated-bytes non-tlh="0" tlh="29176080" arrayletleaf="0"/>
  <largest-consumer threadName="main" threadId="0000000001CEB700" bytes="29176080" />
</allocation-stats>
<gc-op id="1030" type="copy forward" timems="3.061" contextid="1027" timestamp="2019-06-15T00:50:06.042">
  <memory-copied type="eden" objects="1" bytes="24" bytesdiscarded="0" />
  <memory-copied type="other" objects="10897" bytes="410168" bytesdiscarded="0" />
  <memory-cardclean objects="1960" bytes="209376" />
  <regions eden="28" other="10" />
  <remembered-set-cleared processed="36296" cleared="2230" durationms="0.363" />
  <references type="soft" candidates="691" cleared="0" enqueued="0" dynamicThreshold="19" maxThreshold="32" />
  <references type="weak" candidates="193" cleared="0" enqueued="0" />
  <stringconstants candidates="13760" cleared="0"  />
</gc-op>
<gc-op id="1031" type="classunload" timems="0.004" contextid="1027" timestamp="2019-06-15T00:50:06.042">
  <classunload-info classloadercandidates="54" classloadersunloaded="0" classesunloaded="0" anonymousclassesunloaded="0" quiescems="0.000" setupms="0.003" scanms="0.000" postms="0.000" />
</gc-op>
<heap-resize id="1032" type="contract" space="default" amount="5242880" count="1" timems="0.323" reason="excess free space following gc" timestamp="2019-06-15T00:50:06.043" />
<gc-end id="1033" type="partial gc" contextid="1027" durationms="4.652" usertimems="4.000" systemtimems="0.000" timestamp="2019-06-15T00:50:06.043" activeThreads="1">
  <mem-info id="1034" free="57671680" total="87031808" percent="66">
    <mem type="eden" free="1048552" total="1048576" percent="99" />
    <remembered-set count="36960" freebytes="3535488" totalbytes="3683328" percent="95" regionsoverflowed="0" regionsstable="8" regionsrebuilding="0"/>
  </mem-info>
</gc-end>
<cycle-end id="1035" type="partial gc" contextid="1027" timestamp="2019-06-15T00:50:06.043" />
  <attribute name="elasticGC enabled" value="1" />
  <attribute name= "numThreadsSpecified" value="1" />
  <attribute name="heapSize specified" value="0" />
  <attribute name="Current GC Util" value="59" />
  <attribute name= "Current Time Running" value="11987" />
  <attribute name ="GC Interval" value="0" />
  <attribute name="ProportionalT" value="19.500000" />
  <attribute name="ProportionalI" value="19.500000" />
  <attribute name="ProportionalH" value="19.500000" />
  <attribute name="Current Error" value="39.000000" />
  <attribute name="IntegralT" value="0.000000" />
  <attribute name="IntegralI" value="0.000000" />
  <attribute name="IntegralH" value="0.000000" />
  <attribute name="DerivativeT" value="inf" />
  <attribute name="DerivativeI" value="inf" />
  <attribute name="DerivativeH" value="inf" />
  <attribute name="Loop Time for DT" value="0.000000" />
  <attribute name="Output H" value="8388608"/>
  <attribute name="Output I" value="200"/>
  <attribute name="Output T" value="1"/>
  <attribute name="Target GC Util Change" value ="20.000000" />
  <attribute name="Current GC Util Change" value="59.000000"/>
  <attribute name="GC Util currently" value="59" />
  <attribute name="CPU Util currently" value="19442183794675" />
<exclusive-end id="1036" timestamp="2019-06-15T00:50:06.044" durationms="5.795" />

<exclusive-start id="1037" timestamp="2019-06-15T00:50:06.055" intervalms="17.455">
  <response-info timems="0.219" idlems="0.219" threads="0" lastid="0000000001CEB700" lastname="main" />
</exclusive-start>
<allocation-taxation id="1038" taxation-threshold="28311552" timestamp="2019-06-15T00:50:06.055" intervalms="17.498" />
<cycle-start id="1039" type="partial gc" contextid="0" timestamp="2019-06-15T00:50:06.056" intervalms="17.509" />
<gc-start id="1040" type="partial gc" contextid="1039" timestamp="2019-06-15T00:50:06.056">
  <mem-info id="1041" free="29360128" total="87031808" percent="33">
    <mem type="eden" free="1048552" total="29360128" percent="3" />
    <remembered-set count="36352" freebytes="3537920" totalbytes="3683328" percent="96" regionsoverflowed="0" regionsstable="9" regionsrebuilding="0"/>
  </mem-info>
</gc-start>
<allocation-stats totalBytes="28134096" >
  <allocated-bytes non-tlh="0" tlh="28134096" arrayletleaf="0"/>
  <largest-consumer threadName="main" threadId="0000000001CEB700" bytes="28134096" />
</allocation-stats>
<gc-op id="1042" type="copy forward" timems="5.001" contextid="1039" timestamp="2019-06-15T00:50:06.062">
  <memory-copied type="eden" objects="1" bytes="24" bytesdiscarded="0" />
  <memory-copied type="other" objects="14173" bytes="347320" bytesdiscarded="11920" />
  <memory-cardclean objects="79744" bytes="2802704" />
  <regions eden="27" other="3" />
  <remembered-set-cleared processed="23698" cleared="13447" durationms="0.160" />
  <references type="soft" candidates="328" cleared="0" enqueued="0" dynamicThreshold="21" maxThreshold="32" />
  <stringconstants candidates="13760" cleared="0"  />
</gc-op>
<gc-op id="1043" type="classunload" timems="0.005" contextid="1039" timestamp="2019-06-15T00:50:06.062">
  <classunload-info classloadercandidates="54" classloadersunloaded="0" classesunloaded="0" anonymousclassesunloaded="0" quiescems="0.000" setupms="0.004" scanms="0.000" postms="0.000" />
</gc-op>
<heap-resize id="1044" type="contract" space="default" amount="5242880" count="1" timems="0.286" reason="excess free space following gc" timestamp="2019-06-15T00:50:06.063" />
<gc-end id="1045" type="partial gc" contextid="1039" durationms="6.924" usertimems="16.000" systemtimems="0.000" timestamp="2019-06-15T00:50:06.063" activeThreads="4">
  <mem-info id="1046" free="54525952" total="81788928" percent="66">
    <mem type="eden" free="1048552" total="1048576" percent="99" />
    <remembered-set count="24672" freebytes="3375360" totalbytes="3474048" percent="97" regionsoverflowed="0" regionsstable="9" regionsrebuilding="0"/>
  </mem-info>
</gc-end>
<cycle-end id="1047" type="partial gc" contextid="1039" timestamp="2019-06-15T00:50:06.063" />
  <attribute name="elasticGC enabled" value="1" />
  <attribute name= "numThreadsSpecified" value="4" />
  <attribute name="heapSize specified" value="0" />
  <attribute name="Current GC Util" value="168" />
  <attribute name= "Current Time Running" value="12005" />
  <attribute name ="GC Interval" value="0" />
  <attribute name="ProportionalT" value="74.000000" />
  <attribute name="ProportionalI" value="74.000000" />
  <attribute name="ProportionalH" value="74.000000" />
  <attribute name="Current Error" value="148.000000" />
  <attribute name="IntegralT" value="148.000000" />
  <attribute name="IntegralI" value="148.000000" />
  <attribute name="IntegralH" value="148.000000" />
  <attribute name="DerivativeT" value="72.000000" />
  <attribute name="DerivativeI" value="72.000000" />
  <attribute name="DerivativeH" value="72.000000" />
  <attribute name="Loop Time for DT" value="1.000000" />
  <attribute name="Output H" value="8388608"/>
  <attribute name="Output I" value="296"/>
  <attribute name="Output T" value="4"/>
  <attribute name="Target GC Util Change" value ="20.000000" />
  <attribute name="Current GC Util Change" value="168.000000"/>
  <attribute name="GC Util currently" value="168" />
  <attribute name="CPU Util currently" value="7214303809771" />
<exclusive-end id="1048" timestamp="2019-06-15T00:50:06.063" durationms="8.127" />

<exclusive-start id="1049" timestamp="2019-06-15T00:50:06.075" intervalms="19.338">
  <response-info timems="0.191" idlems="0.191" threads="0" lastid="0000000001CEB700" lastname="main" />
</exclusive-start>
<allocation-taxation id="1050" taxation-threshold="27262976" timestamp="2019-06-15T00:50:06.075" intervalms="19.324" />
<cycle-start id="1051" type="partial gc" contextid="0" timestamp="2019-06-15T00:50:06.075" intervalms="19.337" />
<gc-start id="1052" type="partial gc" contextid="1051" timestamp="2019-06-15T00:50:06.075">
  <mem-info id="1053" free="27262976" total="81788928" percent="33">
    <mem type="eden" free="1048552" total="28311552" percent="3" />
    <remembered-set count="24672" freebytes="3375360" totalbytes="3474048" percent="97" regionsoverflowed="0" regionsstable="9" regionsrebuilding="0"/>
  </mem-info>
</gc-start>
<allocation-stats totalBytes="27092064" >
  <allocated-bytes non-tlh="0" tlh="27092064" arrayletleaf="0"/>
  <largest-consumer threadName="main" threadId="0000000001CEB700" bytes="27092064" />
</allocation-stats>
<gc-op id="1054" type="copy forward" timems="4.085" contextid="1051" timestamp="2019-06-15T00:50:06.081">
  <memory-copied type="eden" objects="1" bytes="24" bytesdiscarded="0" />
  <memory-copied type="other" objects="30096" bytes="696904" bytesdiscarded="80" />
  <memory-cardclean objects="12077" bytes="466928" />
  <regions eden="26" other="3" />
  <remembered-set-cleared processed="22261" cleared="1359" durationms="0.253" />
  <stringconstants candidates="13760" cleared="0"  />
</gc-op>
<gc-op id="1055" type="classunload" timems="0.005" contextid="1051" timestamp="2019-06-15T00:50:06.081">
  <classunload-info classloadercandidates="54" classloadersunloaded="0" classesunloaded="0" anonymousclassesunloaded="0" quiescems="0.000" setupms="0.005" scanms="0.000" postms="0.000" />
</gc-op>
<heap-resize id="1056" type="contract" space="default" amount="4194304" count="1" timems="0.314" reason="excess free space following gc" timestamp="2019-06-15T00:50:06.081" />
<gc-end id="1057" type="partial gc" contextid="1051" durationms="6.145" usertimems="8.000" systemtimems="0.000" timestamp="2019-06-15T00:50:06.082" activeThreads="1">
  <mem-info id="1058" free="52428800" total="77594624" percent="67">
    <mem type="eden" free="1048552" total="1048576" percent="99" />
    <remembered-set count="23808" freebytes="3169536" totalbytes="3264768" percent="97" regionsoverflowed="0" regionsstable="9" regionsrebuilding="0"/>
  </mem-info>
</gc-end>
<cycle-end id="1059" type="partial gc" contextid="1051" timestamp="2019-06-15T00:50:06.082" />
  <attribute name="elasticGC enabled" value="1" />
  <attribute name= "numThreadsSpecified" value="1" />
  <attribute name="heapSize specified" value="0" />
  <attribute name="Current GC Util" value="130" />
  <attribute name= "Current Time Running" value="12024" />
  <attribute name ="GC Interval" value="0" />
  <attribute name="ProportionalT" value="55.000000" />
  <attribute name="ProportionalI" value="55.000000" />
  <attribute name="ProportionalH" value="55.000000" />
  <attribute name="Current Error" value="110.000000" />
  <attribute name="IntegralT" value="0.000000" />
  <attribute name="IntegralI" value="0.000000" />
  <attribute name="IntegralH" value="0.000000" />
  <attribute name="DerivativeT" value="inf" />
  <attribute name="DerivativeI" value="inf" />
  <attribute name="DerivativeH" value="inf" />
  <attribute name="Loop Time for DT" value="0.000000" />
  <attribute name="Output H" value="8388608"/>
  <attribute name="Output I" value="200"/>
  <attribute name="Output T" value="1"/>
  <attribute name="Target GC Util Change" value ="20.000000" />
  <attribute name="Current GC Util Change" value="130.000000"/>
  <attribute name="GC Util currently" value="130" />
  <attribute name="CPU Util currently" value="7886378475474" />
<exclusive-end id="1060" timestamp="2019-06-15T00:50:06.082" durationms="7.398" />

<exclusive-start id="1061" timestamp="2019-06-15T00:50:06.087" intervalms="12.659">
  <response-info timems="0.076" idlems="0.076" threads="0" lastid="0000000001CEB700" lastname="main" />
</exclusive-start>
<allocation-taxation id="1062" taxation-threshold="12582912" timestamp="2019-06-15T00:50:06.087" intervalms="12.660" />
<cycle-start id="1063" type="global mark phase" contextid="0" timestamp="2019-06-15T00:50:06.088" intervalms="282.009" />
<gc-start id="1064" type="global mark phase" contextid="1063" timestamp="2019-06-15T00:50:06.088">
  <mem-info id="1065" free="39845888" total="77594624" percent="51">
    <remembered-set count="23744" freebytes="3169792" totalbytes="3264768" percent="97" regionsoverflowed="0" regionsstable="9" regionsrebuilding="0"/>
  </mem-info>
</gc-start>
<gc-op id="1066" type="mark increment" timems="0.961" contextid="1063" timestamp="2019-06-15T00:50:06.089">
  <trace-info objectcount="175" scancount="0" scanbytes="0" />
</gc-op>
<gc-end id="1067" type="global mark phase" contextid="1063" durationms="1.276" usertimems="4.000" systemtimems="0.000" timestamp="2019-06-15T00:50:06.089" activeThreads="1">
  <mem-info id="1068" free="39845888" total="77594624" percent="51">
    <remembered-set count="23744" freebytes="3169792" totalbytes="3264768" percent="97" regionsoverflowed="0" regionsstable="0" regionsrebuilding="9"/>
  </mem-info>
</gc-end>
<concurrent-start id="1069" type="GMP work packet processing" contextid="1063" timestamp="2019-06-15T00:50:06.089">
  <concurrent-mark-start scanTarget="1048576" />
</concurrent-start>
<exclusive-end id="1070" timestamp="2019-06-15T00:50:06.089" durationms="2.186" />

<concurrent-end id="1071" type="GMP work packet processing" contextid="1063" timestamp="2019-06-15T00:50:06.091">
  <concurrent-mark-end bytesScanned="1094036" reasonForTermination="Work target met" />
</concurrent-end>

<exclusive-start id="1072" timestamp="2019-06-15T00:50:06.095" intervalms="7.419">
  <response-info timems="0.063" idlems="0.063" threads="0" lastid="0000000001CEB700" lastname="main" />
</exclusive-start>
<allocation-taxation id="1073" taxation-threshold="12582912" timestamp="2019-06-15T00:50:06.095" intervalms="7.368" />
<cycle-start id="1074" type="partial gc" contextid="0" timestamp="2019-06-15T00:50:06.095" intervalms="20.007" />
<gc-start id="1075" type="partial gc" contextid="1074" timestamp="2019-06-15T00:50:06.095">
  <mem-info id="1076" free="27262976" total="77594624" percent="35">
    <mem type="eden" free="1048552" total="26214400" percent="3" />
    <remembered-set count="25856" freebytes="3161344" totalbytes="3264768" percent="96" regionsoverflowed="0" regionsstable="0" regionsrebuilding="9"/>
  </mem-info>
</gc-start>
<allocation-stats totalBytes="25008096" >
  <allocated-bytes non-tlh="0" tlh="25008096" arrayletleaf="0"/>
  <largest-consumer threadName="main" threadId="0000000001CEB700" bytes="12504048" />
</allocation-stats>
<gc-op id="1077" type="copy forward" timems="7.093" contextid="1074" timestamp="2019-06-15T00:50:06.104">
  <memory-copied type="eden" objects="1" bytes="24" bytesdiscarded="0" />
  <memory-copied type="other" objects="33346" bytes="783912" bytesdiscarded="912" />
  <memory-cardclean objects="38740" bytes="1590304" />
  <regions eden="24" other="3" />
  <remembered-set-cleared processed="20817" cleared="4565" durationms="0.287" />
  <references type="soft" candidates="486" cleared="0" enqueued="0" dynamicThreshold="16" maxThreshold="32" />
  <references type="weak" candidates="38" cleared="0" enqueued="0" />
  <references type="phantom" candidates="2" cleared="0" enqueued="0" />
  <stringconstants candidates="13760" cleared="0"  />
</gc-op>
<gc-op id="1078" type="classunload" timems="0.009" contextid="1074" timestamp="2019-06-15T00:50:06.104">
  <classunload-info classloadercandidates="54" classloadersunloaded="0" classesunloaded="0" anonymousclassesunloaded="0" quiescems="0.000" setupms="0.009" scanms="0.000" postms="0.000" />
</gc-op>
<heap-resize id="1079" type="contract" space="default" amount="4194304" count="1" timems="0.324" reason="excess free space following gc" timestamp="2019-06-15T00:50:06.104" />
<gc-end id="1080" type="partial gc" contextid="1074" durationms="9.151" usertimems="16.000" systemtimems="0.000" timestamp="2019-06-15T00:50:06.104" activeThreads="1">
  <mem-info id="1081" free="49283072" total="73400320" percent="67">
    <mem type="eden" free="1048552" total="1048576" percent="99" />
    <remembered-set count="28896" freebytes="2981760" totalbytes="3097344" percent="96" regionsoverflowed="0" regionsstable="0" regionsrebuilding="9"/>
  </mem-info>
</gc-end>
<cycle-end id="1082" type="partial gc" contextid="1074" timestamp="2019-06-15T00:50:06.105" />
  <attribute name="elasticGC enabled" value="1" />
  <attribute name= "numThreadsSpecified" value="1" />
  <attribute name="heapSize specified" value="0" />
  <attribute name="Current GC Util" value="109" />
  <attribute name= "Current Time Running" value="12044" />
  <attribute name ="GC Interval" value="0" />
  <attribute name="ProportionalT" value="44.500000" />
  <attribute name="ProportionalI" value="44.500000" />
  <attribute name="ProportionalH" value="44.500000" />
  <attribute name="Current Error" value="89.000000" />
  <attribute name="IntegralT" value="0.000000" />
  <attribute name="IntegralI" value="0.000000" />
  <attribute name="IntegralH" value="0.000000" />
  <attribute name="DerivativeT" value="inf" />
  <attribute name="DerivativeI" value="inf" />
  <attribute name="DerivativeH" value="inf" />
  <attribute name="Loop Time for DT" value="0.000000" />
  <attribute name="Output H" value="8388608"/>
  <attribute name="Output I" value="200"/>
  <attribute name="Output T" value="1"/>
  <attribute name="Target GC Util Change" value ="20.000000" />
  <attribute name="Current GC Util Change" value="109.000000"/>
  <attribute name="GC Util currently" value="109" />
  <attribute name="CPU Util currently" value="7905792596383" />
<exclusive-end id="1083" timestamp="2019-06-15T00:50:06.105" durationms="10.226" />

<exclusive-start id="1084" timestamp="2019-06-15T00:50:06.110" intervalms="15.634">
  <response-info timems="0.191" idlems="0.191" threads="0" lastid="0000000001CEB700" lastname="main" />
</exclusive-start>
<allocation-taxation id="1085" taxation-threshold="12582912" timestamp="2019-06-15T00:50:06.110" intervalms="15.630" />
<gc-start id="1086" type="global mark phase" contextid="1063" timestamp="2019-06-15T00:50:06.111">
  <mem-info id="1087" free="36700160" total="73400320" percent="50">
    <remembered-set count="26816" freebytes="2990080" totalbytes="3097344" percent="96" regionsoverflowed="0" regionsstable="1" regionsrebuilding="9"/>
  </mem-info>
</gc-start>
<gc-end id="1088" type="global mark phase" contextid="1063" durationms="0.181" usertimems="0.000" systemtimems="0.000" timestamp="2019-06-15T00:50:06.111" activeThreads="1">
  <mem-info id="1089" free="36700160" total="73400320" percent="50">
    <remembered-set count="26816" freebytes="2990080" totalbytes="3097344" percent="96" regionsoverflowed="0" regionsstable="1" regionsrebuilding="9"/>
  </mem-info>
</gc-end>
<concurrent-start id="1090" type="GMP work packet processing" contextid="1063" timestamp="2019-06-15T00:50:06.111">
  <concurrent-mark-start scanTarget="1048576" />
</concurrent-start>
<exclusive-end id="1091" timestamp="2019-06-15T00:50:06.111" durationms="0.830" />

<concurrent-end id="1092" type="GMP work packet processing" contextid="1063" timestamp="2019-06-15T00:50:06.113">
  <concurrent-mark-end bytesScanned="1149240" reasonForTermination="Work target met" />
</concurrent-end>

<exclusive-start id="1093" timestamp="2019-06-15T00:50:06.117" intervalms="6.355">
  <response-info timems="0.399" idlems="0.399" threads="0" lastid="0000000001CEB700" lastname="main" />
</exclusive-start>
<allocation-taxation id="1094" taxation-threshold="12582912" timestamp="2019-06-15T00:50:06.117" intervalms="6.354" />
<cycle-start id="1095" type="partial gc" contextid="0" timestamp="2019-06-15T00:50:06.117" intervalms="21.910" />
<gc-start id="1096" type="partial gc" contextid="1095" timestamp="2019-06-15T00:50:06.117">
  <mem-info id="1097" free="24117248" total="73400320" percent="32">
    <mem type="eden" free="1048552" total="26214400" percent="3" />
    <remembered-set count="31968" freebytes="2969472" totalbytes="3097344" percent="95" regionsoverflowed="0" regionsstable="1" regionsrebuilding="9"/>
  </mem-info>
</gc-start>
<allocation-stats totalBytes="25008072" >
  <allocated-bytes non-tlh="0" tlh="25008072" arrayletleaf="0"/>
  <largest-consumer threadName="main" threadId="0000000001CEB700" bytes="12504048" />
</allocation-stats>
<gc-op id="1098" type="copy forward" timems="8.127" contextid="1095" timestamp="2019-06-15T00:50:06.127">
  <memory-copied type="eden" objects="1" bytes="24" bytesdiscarded="0" />
  <memory-copied type="other" objects="24517" bytes="1207768" bytesdiscarded="360" />
  <memory-cardclean objects="57711" bytes="2160808" />
  <regions eden="24" other="3" />
  <remembered-set-cleared processed="23190" cleared="9067" durationms="0.320" />
  <finalization candidates="9" enqueued="0" />
  <ownableSynchronizers candidates="16" cleared="0" />
  <references type="soft" candidates="56" cleared="0" enqueued="0" dynamicThreshold="16" maxThreshold="32" />
  <references type="weak" candidates="176" cleared="0" enqueued="0" />
  <references type="phantom" candidates="29" cleared="0" enqueued="0" />
  <stringconstants candidates="13760" cleared="0"  />
</gc-op>
<gc-op id="1099" type="classunload" timems="0.008" contextid="1095" timestamp="2019-06-15T00:50:06.127">
  <classunload-info classloadercandidates="54" classloadersunloaded="0" classesunloaded="0" anonymousclassesunloaded="0" quiescems="0.000" setupms="0.008" scanms="0.000" postms="0.000" />
</gc-op>
<heap-resize id="1100" type="contract" space="default" amount="4194304" count="1" timems="0.333" reason="excess free space following gc" timestamp="2019-06-15T00:50:06.127" />
<gc-end id="1101" type="partial gc" contextid="1095" durationms="10.191" usertimems="16.000" systemtimems="4.000" timestamp="2019-06-15T00:50:06.127" activeThreads="1">
  <mem-info id="1102" free="46137344" total="69206016" percent="66">
    <mem type="eden" free="1048552" total="1048576" percent="99" />
    <remembered-set count="30336" freebytes="2808576" totalbytes="2929920" percent="95" regionsoverflowed="0" regionsstable="1" regionsrebuilding="9"/>
  </mem-info>
</gc-end>
<cycle-end id="1103" type="partial gc" contextid="1095" timestamp="2019-06-15T00:50:06.128" />
  <attribute name="elasticGC enabled" value="1" />
  <attribute name= "numThreadsSpecified" value="1" />
  <attribute name="heapSize specified" value="0" />
  <attribute name="Current GC Util" value="113" />
  <attribute name= "Current Time Running" value="12066" />
  <attribute name ="GC Interval" value="0" />
  <attribute name="ProportionalT" value="46.500000" />
  <attribute name="ProportionalI" value="46.500000" />
  <attribute name="ProportionalH" value="46.500000" />
  <attribute name="Current Error" value="93.000000" />
  <attribute name="IntegralT" value="0.000000" />
  <attribute name="IntegralI" value="0.000000" />
  <attribute name="IntegralH" value="0.000000" />
  <attribute name="DerivativeT" value="inf" />
  <attribute name="DerivativeI" value="inf" />
  <attribute name="DerivativeH" value="inf" />
  <attribute name="Loop Time for DT" value="0.000000" />
  <attribute name="Output H" value="8388608"/>
  <attribute name="Output I" value="200"/>
  <attribute name="Output T" value="1"/>
  <attribute name="Target GC Util Change" value ="20.000000" />
  <attribute name="Current GC Util Change" value="113.000000"/>
  <attribute name="GC Util currently" value="113" />
  <attribute name="CPU Util currently" value="8156400601542" />
<exclusive-end id="1104" timestamp="2019-06-15T00:50:06.128" durationms="11.294" />

<exclusive-start id="1105" timestamp="2019-06-15T00:50:06.133" intervalms="16.285">
  <response-info timems="0.195" idlems="0.195" threads="0" lastid="0000000001CEB700" lastname="main" />
</exclusive-start>
<allocation-taxation id="1106" taxation-threshold="11534336" timestamp="2019-06-15T00:50:06.133" intervalms="16.340" />
<gc-start id="1107" type="global mark phase" contextid="1063" timestamp="2019-06-15T00:50:06.133">
  <mem-info id="1108" free="34603008" total="69206016" percent="50">
    <remembered-set count="27424" freebytes="2820224" totalbytes="2929920" percent="96" regionsoverflowed="0" regionsstable="2" regionsrebuilding="9"/>
  </mem-info>
</gc-start>
<gc-end id="1109" type="global mark phase" contextid="1063" durationms="0.185" usertimems="0.000" systemtimems="0.000" timestamp="2019-06-15T00:50:06.134" activeThreads="1">
  <mem-info id="1110" free="34603008" total="69206016" percent="50">
    <remembered-set count="27424" freebytes="2820224" totalbytes="2929920" percent="96" regionsoverflowed="0" regionsstable="2" regionsrebuilding="9"/>
  </mem-info>
</gc-end>
<concurrent-start id="1111" type="GMP work packet processing" contextid="1063" timestamp="2019-06-15T00:50:06.134">
  <concurrent-mark-start scanTarget="1048576" />
</concurrent-start>
<exclusive-end id="1112" timestamp="2019-06-15T00:50:06.134" durationms="0.976" />

<concurrent-end id="1113" type="GMP work packet processing" contextid="1063" timestamp="2019-06-15T00:50:06.135">
  <concurrent-mark-end bytesScanned="1089028" reasonForTermination="Work target met" />
</concurrent-end>

<exclusive-start id="1114" timestamp="2019-06-15T00:50:06.139" intervalms="5.712">
  <response-info timems="0.028" idlems="0.028" threads="0" lastid="0000000001CEB700" lastname="main" />
</exclusive-start>
<allocation-taxation id="1115" taxation-threshold="11534336" timestamp="2019-06-15T00:50:06.139" intervalms="5.629" />
<cycle-start id="1116" type="partial gc" contextid="0" timestamp="2019-06-15T00:50:06.139" intervalms="22.031" />
<gc-start id="1117" type="partial gc" contextid="1116" timestamp="2019-06-15T00:50:06.139">
  <mem-info id="1118" free="23068672" total="69206016" percent="33">
    <mem type="eden" free="1048552" total="24117248" percent="4" />
    <remembered-set count="33568" freebytes="2795648" totalbytes="2929920" percent="95" regionsoverflowed="0" regionsstable="2" regionsrebuilding="9"/>
  </mem-info>
</gc-start>
<allocation-stats totalBytes="22924056" >
  <allocated-bytes non-tlh="0" tlh="22924056" arrayletleaf="0"/>
  <largest-consumer threadName="main" threadId="0000000001CEB700" bytes="11462016" />
</allocation-stats>
<gc-op id="1119" type="copy forward" timems="3.362" contextid="1116" timestamp="2019-06-15T00:50:06.144">
  <memory-copied type="eden" objects="1" bytes="24" bytesdiscarded="0" />
  <memory-copied type="other" objects="0" bytes="0" bytesdiscarded="0" />
  <memory-cardclean objects="20564" bytes="851280" />
  <regions eden="22" other="1" />
  <remembered-set-cleared processed="30466" cleared="2855" durationms="0.336" />
  <stringconstants candidates="13760" cleared="0"  />
</gc-op>
<gc-op id="1120" type="classunload" timems="0.004" contextid="1116" timestamp="2019-06-15T00:50:06.144">
  <classunload-info classloadercandidates="54" classloadersunloaded="0" classesunloaded="0" anonymousclassesunloaded="0" quiescems="0.000" setupms="0.003" scanms="0.000" postms="0.000" />
</gc-op>
<heap-resize id="1121" type="contract" space="default" amount="4194304" count="1" timems="0.280" reason="excess free space following gc" timestamp="2019-06-15T00:50:06.144" />
<gc-end id="1122" type="partial gc" contextid="1116" durationms="5.369" usertimems="4.000" systemtimems="0.000" timestamp="2019-06-15T00:50:06.145" activeThreads="1">
  <mem-info id="1123" free="41943040" total="65011712" percent="64">
    <mem type="eden" free="1048552" total="1048576" percent="99" />
    <remembered-set count="32608" freebytes="2632064" totalbytes="2762496" percent="95" regionsoverflowed="0" regionsstable="2" regionsrebuilding="9"/>
  </mem-info>
</gc-end>
<cycle-end id="1124" type="partial gc" contextid="1116" timestamp="2019-06-15T00:50:06.145" />
  <attribute name="elasticGC enabled" value="1" />
  <attribute name= "numThreadsSpecified" value="1" />
  <attribute name="heapSize specified" value="0" />
  <attribute name="Current GC Util" value="112" />
  <attribute name= "Current Time Running" value="12088" />
  <attribute name ="GC Interval" value="0" />
  <attribute name="ProportionalT" value="46.000000" />
  <attribute name="ProportionalI" value="46.000000" />
  <attribute name="ProportionalH" value="46.000000" />
  <attribute name="Current Error" value="92.000000" />
  <attribute name="IntegralT" value="0.000000" />
  <attribute name="IntegralI" value="0.000000" />
  <attribute name="IntegralH" value="0.000000" />
  <attribute name="DerivativeT" value="inf" />
  <attribute name="DerivativeI" value="inf" />
  <attribute name="DerivativeH" value="inf" />
  <attribute name="Loop Time for DT" value="0.000000" />
  <attribute name="Output H" value="8388608"/>
  <attribute name="Output I" value="200"/>
  <attribute name="Output T" value="1"/>
  <attribute name="Target GC Util Change" value ="20.000000" />
  <attribute name="Current GC Util Change" value="112.000000"/>
  <attribute name="GC Util currently" value="112" />
  <attribute name="CPU Util currently" value="7919151148675" />
<exclusive-end id="1125" timestamp="2019-06-15T00:50:06.145" durationms="6.490" />

<exclusive-start id="1126" timestamp="2019-06-15T00:50:06.150" intervalms="11.418">
  <response-info timems="0.139" idlems="0.139" threads="0" lastid="0000000001CEB700" lastname="main" />
</exclusive-start>
<allocation-taxation id="1127" taxation-threshold="11534336" timestamp="2019-06-15T00:50:06.150" intervalms="11.449" />
<gc-start id="1128" type="global mark phase" contextid="1063" timestamp="2019-06-15T00:50:06.150">
  <mem-info id="1129" free="30408704" total="65011712" percent="46">
    <remembered-set count="32384" freebytes="2632960" totalbytes="2762496" percent="95" regionsoverflowed="0" regionsstable="2" regionsrebuilding="9"/>
  </mem-info>
</gc-start>
<gc-end id="1130" type="global mark phase" contextid="1063" durationms="0.186" usertimems="0.000" systemtimems="0.000" timestamp="2019-06-15T00:50:06.151" activeThreads="1">
  <mem-info id="1131" free="30408704" total="65011712" percent="46">
    <remembered-set count="32384" freebytes="2632960" totalbytes="2762496" percent="95" regionsoverflowed="0" regionsstable="2" regionsrebuilding="9"/>
  </mem-info>
</gc-end>
<concurrent-start id="1132" type="GMP work packet processing" contextid="1063" timestamp="2019-06-15T00:50:06.151">
  <concurrent-mark-start scanTarget="1243694" />
</concurrent-start>
<exclusive-end id="1133" timestamp="2019-06-15T00:50:06.151" durationms="0.832" />

<concurrent-end id="1134" type="GMP work packet processing" contextid="1063" timestamp="2019-06-15T00:50:06.156">
  <concurrent-mark-end bytesScanned="1296924" reasonForTermination="Work target met" />
</concurrent-end>

<exclusive-start id="1135" timestamp="2019-06-15T00:50:06.159" intervalms="8.725">
  <response-info timems="0.197" idlems="0.197" threads="0" lastid="0000000001CEB700" lastname="main" />
</exclusive-start>
<allocation-taxation id="1136" taxation-threshold="11534336" timestamp="2019-06-15T00:50:06.159" intervalms="8.755" />
<cycle-start id="1137" type="partial gc" contextid="0" timestamp="2019-06-15T00:50:06.159" intervalms="20.229" />
<gc-start id="1138" type="partial gc" contextid="1137" timestamp="2019-06-15T00:50:06.160">
  <mem-info id="1139" free="18874368" total="65011712" percent="29">
    <mem type="eden" free="1048552" total="24117248" percent="4" />
    <remembered-set count="40704" freebytes="2599680" totalbytes="2762496" percent="94" regionsoverflowed="0" regionsstable="2" regionsrebuilding="9"/>
  </mem-info>
</gc-start>
<allocation-stats totalBytes="22924080" >
  <allocated-bytes non-tlh="0" tlh="22924080" arrayletleaf="0"/>
  <largest-consumer threadName="main" threadId="0000000001CEB700" bytes="11462040" />
</allocation-stats>
<gc-op id="1140" type="copy forward" timems="1.626" contextid="1137" timestamp="2019-06-15T00:50:06.162">
  <memory-copied type="eden" objects="1" bytes="24" bytesdiscarded="0" />
  <memory-copied type="other" objects="0" bytes="0" bytesdiscarded="0" />
  <memory-cardclean objects="10" bytes="424" />
  <regions eden="22" other="1" />
  <remembered-set-cleared processed="38843" cleared="8" durationms="0.319" />
  <stringconstants candidates="13760" cleared="0"  />
</gc-op>
<gc-op id="1141" type="classunload" timems="0.004" contextid="1137" timestamp="2019-06-15T00:50:06.162">
  <classunload-info classloadercandidates="54" classloadersunloaded="0" classesunloaded="0" anonymousclassesunloaded="0" quiescems="0.000" setupms="0.004" scanms="0.000" postms="0.000" />
</gc-op>
<heap-resize id="1142" type="contract" space="default" amount="4194304" count="1" timems="0.260" reason="excess free space following gc" timestamp="2019-06-15T00:50:06.163" />
<gc-end id="1143" type="partial gc" contextid="1137" durationms="3.413" usertimems="4.000" systemtimems="0.000" timestamp="2019-06-15T00:50:06.163" activeThreads="1">
  <mem-info id="1144" free="37748736" total="60817408" percent="62">
    <mem type="eden" free="1048552" total="1048576" percent="99" />
    <remembered-set count="40288" freebytes="2433920" totalbytes="2595072" percent="93" regionsoverflowed="0" regionsstable="2" regionsrebuilding="9"/>
  </mem-info>
</gc-end>
<cycle-end id="1145" type="partial gc" contextid="1137" timestamp="2019-06-15T00:50:06.163" />
  <attribute name="elasticGC enabled" value="1" />
  <attribute name= "numThreadsSpecified" value="1" />
  <attribute name="heapSize specified" value="0" />
  <attribute name="Current GC Util" value="106" />
  <attribute name= "Current Time Running" value="12108" />
  <attribute name ="GC Interval" value="0" />
  <attribute name="ProportionalT" value="43.000000" />
  <attribute name="ProportionalI" value="43.000000" />
  <attribute name="ProportionalH" value="43.000000" />
  <attribute name="Current Error" value="86.000000" />
  <attribute name="IntegralT" value="0.000000" />
  <attribute name="IntegralI" value="0.000000" />
  <attribute name="IntegralH" value="0.000000" />
  <attribute name="DerivativeT" value="inf" />
  <attribute name="DerivativeI" value="inf" />
  <attribute name="DerivativeH" value="inf" />
  <attribute name="Loop Time for DT" value="0.000000" />
  <attribute name="Output H" value="8388608"/>
  <attribute name="Output I" value="200"/>
  <attribute name="Output T" value="1"/>
  <attribute name="Target GC Util Change" value ="20.000000" />
  <attribute name="Current GC Util Change" value="106.000000"/>
  <attribute name="GC Util currently" value="106" />
  <attribute name="CPU Util currently" value="8481339588141" />
<exclusive-end id="1146" timestamp="2019-06-15T00:50:06.163" durationms="4.585" />

<exclusive-start id="1147" timestamp="2019-06-15T00:50:06.168" intervalms="9.191">
  <response-info timems="0.222" idlems="0.222" threads="0" lastid="0000000001CEB700" lastname="main" />
</exclusive-start>
<allocation-taxation id="1148" taxation-threshold="10485760" timestamp="2019-06-15T00:50:06.168" intervalms="9.130" />
<gc-start id="1149" type="global mark phase" contextid="1063" timestamp="2019-06-15T00:50:06.168">
  <mem-info id="1150" free="27262976" total="60817408" percent="44">
    <remembered-set count="39808" freebytes="2435840" totalbytes="2595072" percent="93" regionsoverflowed="0" regionsstable="2" regionsrebuilding="9"/>
  </mem-info>
</gc-start>
<gc-end id="1151" type="global mark phase" contextid="1063" durationms="0.134" usertimems="0.000" systemtimems="0.000" timestamp="2019-06-15T00:50:06.168" activeThreads="1">
  <mem-info id="1152" free="27262976" total="60817408" percent="44">
    <remembered-set count="39808" freebytes="2435840" totalbytes="2595072" percent="93" regionsoverflowed="0" regionsstable="2" regionsrebuilding="9"/>
  </mem-info>
</gc-end>
<concurrent-start id="1153" type="GMP work packet processing" contextid="1063" timestamp="2019-06-15T00:50:06.168">
  <concurrent-mark-start scanTarget="1243694" />
</concurrent-start>
<exclusive-end id="1154" timestamp="2019-06-15T00:50:06.169" durationms="0.699" />

<concurrent-end id="1155" type="GMP work packet processing" contextid="1063" timestamp="2019-06-15T00:50:06.170">
  <concurrent-mark-end bytesScanned="1293336" reasonForTermination="Work target met" />
</concurrent-end>

<exclusive-start id="1156" timestamp="2019-06-15T00:50:06.173" intervalms="4.986">
  <response-info timems="0.034" idlems="0.034" threads="0" lastid="0000000001CEB700" lastname="main" />
</exclusive-start>
<allocation-taxation id="1157" taxation-threshold="10485760" timestamp="2019-06-15T00:50:06.173" intervalms="4.970" />
<cycle-start id="1158" type="partial gc" contextid="0" timestamp="2019-06-15T00:50:06.173" intervalms="14.028" />
<gc-start id="1159" type="partial gc" contextid="1158" timestamp="2019-06-15T00:50:06.174">
  <mem-info id="1160" free="16777216" total="60817408" percent="27">
    <mem type="eden" free="1048552" total="22020096" percent="4" />
    <remembered-set count="46976" freebytes="2407168" totalbytes="2595072" percent="92" regionsoverflowed="0" regionsstable="2" regionsrebuilding="9"/>
  </mem-info>
</gc-start>
<allocation-stats totalBytes="20840064" >
  <allocated-bytes non-tlh="0" tlh="20840064" arrayletleaf="0"/>
  <largest-consumer threadName="main" threadId="0000000001CEB700" bytes="10420032" />
</allocation-stats>
<gc-op id="1161" type="copy forward" timems="2.084" contextid="1158" timestamp="2019-06-15T00:50:06.177">
  <memory-copied type="eden" objects="1" bytes="24" bytesdiscarded="0" />
  <memory-copied type="other" objects="0" bytes="0" bytesdiscarded="0" />
  <memory-cardclean objects="8485" bytes="258584" />
  <regions eden="20" other="1" />
  <remembered-set-cleared processed="44807" cleared="1695" durationms="0.406" />
  <stringconstants candidates="13760" cleared="0"  />
</gc-op>
<gc-op id="1162" type="classunload" timems="0.004" contextid="1158" timestamp="2019-06-15T00:50:06.177">
  <classunload-info classloadercandidates="54" classloadersunloaded="0" classesunloaded="0" anonymousclassesunloaded="0" quiescems="0.000" setupms="0.004" scanms="0.000" postms="0.000" />
</gc-op>
<heap-resize id="1163" type="contract" space="default" amount="1048576" count="1" timems="0.161" reason="excess free space following gc" timestamp="2019-06-15T00:50:06.177" />
<gc-end id="1164" type="partial gc" contextid="1158" durationms="3.643" usertimems="8.000" systemtimems="0.000" timestamp="2019-06-15T00:50:06.177" activeThreads="1">
  <mem-info id="1165" free="36700160" total="59768832" percent="61">
    <mem type="eden" free="1048552" total="1048576" percent="99" />
    <remembered-set count="45792" freebytes="2244480" totalbytes="2427648" percent="92" regionsoverflowed="0" regionsstable="2" regionsrebuilding="9"/>
  </mem-info>
</gc-end>
<cycle-end id="1166" type="partial gc" contextid="1158" timestamp="2019-06-15T00:50:06.177" />
  <attribute name="elasticGC enabled" value="1" />
  <attribute name= "numThreadsSpecified" value="1" />
  <attribute name="heapSize specified" value="0" />
  <attribute name="Current GC Util" value="118" />
  <attribute name= "Current Time Running" value="12122" />
  <attribute name ="GC Interval" value="0" />
  <attribute name="ProportionalT" value="49.000000" />
  <attribute name="ProportionalI" value="49.000000" />
  <attribute name="ProportionalH" value="49.000000" />
  <attribute name="Current Error" value="98.000000" />
  <attribute name="IntegralT" value="0.000000" />
  <attribute name="IntegralI" value="0.000000" />
  <attribute name="IntegralH" value="0.000000" />
  <attribute name="DerivativeT" value="inf" />
  <attribute name="DerivativeI" value="inf" />
  <attribute name="DerivativeH" value="inf" />
  <attribute name="Loop Time for DT" value="0.000000" />
  <attribute name="Output H" value="8388608"/>
  <attribute name="Output I" value="200"/>
  <attribute name="Output T" value="1"/>
  <attribute name="Target GC Util Change" value ="20.000000" />
  <attribute name="Current GC Util Change" value="118.000000"/>
  <attribute name="GC Util currently" value="118" />
  <attribute name="CPU Util currently" value="8550419752124" />
<exclusive-end id="1167" timestamp="2019-06-15T00:50:06.177" durationms="4.496" />

<exclusive-start id="1168" timestamp="2019-06-15T00:50:06.182" intervalms="8.845">
  <response-info timems="0.067" idlems="0.067" threads="0" lastid="0000000001CEB700" lastname="main" />
</exclusive-start>
<allocation-taxation id="1169" taxation-threshold="10485760" timestamp="2019-06-15T00:50:06.182" intervalms="8.866" />
<gc-start id="1170" type="global mark phase" contextid="1063" timestamp="2019-06-15T00:50:06.182">
  <mem-info id="1171" free="26214400" total="59768832" percent="43">
    <remembered-set count="45632" freebytes="2245120" totalbytes="2427648" percent="92" regionsoverflowed="0" regionsstable="2" regionsrebuilding="9"/>
  </mem-info>
</gc-start>
<gc-end id="1172" type="global mark phase" contextid="1063" durationms="0.131" usertimems="0.000" systemtimems="0.000" timestamp="2019-06-15T00:50:06.182" activeThreads="1">
  <mem-info id="1173" free="26214400" total="59768832" percent="43">
    <remembered-set count="45632" freebytes="2245120" totalbytes="2427648" percent="92" regionsoverflowed="0" regionsstable="2" regionsrebuilding="9"/>
  </mem-info>
</gc-end>
<concurrent-start id="1174" type="GMP work packet processing" contextid="1063" timestamp="2019-06-15T00:50:06.182">
  <concurrent-mark-start scanTarget="1865541" />
</concurrent-start>
<exclusive-end id="1175" timestamp="2019-06-15T00:50:06.183" durationms="0.712" />

<concurrent-end id="1176" type="GMP work packet processing" contextid="1063" timestamp="2019-06-15T00:50:06.184">
  <concurrent-mark-end bytesScanned="1922948" reasonForTermination="Work target met" />
</concurrent-end>

<exclusive-start id="1177" timestamp="2019-06-15T00:50:06.187" intervalms="5.058">
  <response-info timems="0.066" idlems="0.066" threads="0" lastid="0000000001CEB700" lastname="main" />
</exclusive-start>
<allocation-taxation id="1178" taxation-threshold="10485760" timestamp="2019-06-15T00:50:06.187" intervalms="5.020" />
<cycle-start id="1179" type="partial gc" contextid="0" timestamp="2019-06-15T00:50:06.187" intervalms="13.832" />
<gc-start id="1180" type="partial gc" contextid="1179" timestamp="2019-06-15T00:50:06.187">
  <mem-info id="1181" free="15728640" total="59768832" percent="26">
    <mem type="eden" free="1048552" total="22020096" percent="4" />
    <remembered-set count="62016" freebytes="2179584" totalbytes="2427648" percent="89" regionsoverflowed="0" regionsstable="2" regionsrebuilding="9"/>
  </mem-info>
</gc-start>
<allocation-stats totalBytes="20840064" >
  <allocated-bytes non-tlh="0" tlh="20840064" arrayletleaf="0"/>
  <largest-consumer threadName="main" threadId="0000000001CEB700" bytes="10420032" />
</allocation-stats>
<gc-op id="1182" type="copy forward" timems="3.745" contextid="1179" timestamp="2019-06-15T00:50:06.192">
  <memory-copied type="eden" objects="1" bytes="24" bytesdiscarded="0" />
  <memory-copied type="other" objects="0" bytes="0" bytesdiscarded="0" />
  <memory-cardclean objects="17323" bytes="521848" />
  <regions eden="20" other="1" />
  <remembered-set-cleared processed="53923" cleared="2298" durationms="0.321" />
  <stringconstants candidates="13760" cleared="0"  />
</gc-op>
<gc-op id="1183" type="classunload" timems="0.005" contextid="1179" timestamp="2019-06-15T00:50:06.192">
  <classunload-info classloadercandidates="54" classloadersunloaded="0" classesunloaded="0" anonymousclassesunloaded="0" quiescems="0.000" setupms="0.004" scanms="0.000" postms="0.000" />
</gc-op>
<gc-end id="1184" type="partial gc" contextid="1179" durationms="5.030" usertimems="12.000" systemtimems="0.000" timestamp="2019-06-15T00:50:06.192" activeThreads="4">
  <mem-info id="1185" free="36700160" total="59768832" percent="61">
    <mem type="eden" free="1048552" total="1048576" percent="99" />
    <remembered-set count="55296" freebytes="2164608" totalbytes="2385792" percent="90" regionsoverflowed="0" regionsstable="2" regionsrebuilding="9"/>
  </mem-info>
</gc-end>
<cycle-end id="1186" type="partial gc" contextid="1179" timestamp="2019-06-15T00:50:06.193" />
  <attribute name="elasticGC enabled" value="1" />
  <attribute name= "numThreadsSpecified" value="4" />
  <attribute name="heapSize specified" value="0" />
  <attribute name="Current GC Util" value="115" />
  <attribute name= "Current Time Running" value="12136" />
  <attribute name ="GC Interval" value="0" />
  <attribute name="ProportionalT" value="47.500000" />
  <attribute name="ProportionalI" value="47.500000" />
  <attribute name="ProportionalH" value="47.500000" />
  <attribute name="Current Error" value="95.000000" />
  <attribute name="IntegralT" value="95.000000" />
  <attribute name="IntegralI" value="95.000000" />
  <attribute name="IntegralH" value="95.000000" />
  <attribute name="DerivativeT" value="8.500000" />
  <attribute name="DerivativeI" value="8.500000" />
  <attribute name="DerivativeH" value="8.500000" />
  <attribute name="Loop Time for DT" value="1.000000" />
  <attribute name="Output H" value="8388608"/>
  <attribute name="Output I" value="200"/>
  <attribute name="Output T" value="4"/>
  <attribute name="Target GC Util Change" value ="20.000000" />
  <attribute name="Current GC Util Change" value="115.000000"/>
  <attribute name="GC Util currently" value="115" />
  <attribute name="CPU Util currently" value="8361592788668" />
<exclusive-end id="1187" timestamp="2019-06-15T00:50:06.193" durationms="5.815" />

<exclusive-start id="1188" timestamp="2019-06-15T00:50:06.197" intervalms="10.228">
  <response-info timems="0.118" idlems="0.118" threads="0" lastid="0000000001CEB700" lastname="main" />
</exclusive-start>
<allocation-taxation id="1189" taxation-threshold="10485760" timestamp="2019-06-15T00:50:06.197" intervalms="10.337" />
<gc-start id="1190" type="global mark phase" contextid="1063" timestamp="2019-06-15T00:50:06.197">
  <mem-info id="1191" free="26214400" total="59768832" percent="43">
    <remembered-set count="55296" freebytes="2164608" totalbytes="2385792" percent="90" regionsoverflowed="0" regionsstable="2" regionsrebuilding="9"/>
  </mem-info>
</gc-start>
<gc-end id="1192" type="global mark phase" contextid="1063" durationms="0.143" usertimems="0.000" systemtimems="0.000" timestamp="2019-06-15T00:50:06.198" activeThreads="4">
  <mem-info id="1193" free="26214400" total="59768832" percent="43">
    <remembered-set count="55296" freebytes="2164608" totalbytes="2385792" percent="90" regionsoverflowed="0" regionsstable="2" regionsrebuilding="9"/>
  </mem-info>
</gc-end>
<concurrent-start id="1194" type="GMP work packet processing" contextid="1063" timestamp="2019-06-15T00:50:06.198">
  <concurrent-mark-start scanTarget="2487388" />
</concurrent-start>
<exclusive-end id="1195" timestamp="2019-06-15T00:50:06.198" durationms="0.816" />

<concurrent-end id="1196" type="GMP work packet processing" contextid="1063" timestamp="2019-06-15T00:50:06.200">
  <concurrent-mark-end bytesScanned="2543864" reasonForTermination="Work target met" />
</concurrent-end>

<exclusive-start id="1197" timestamp="2019-06-15T00:50:06.202" intervalms="5.162">
  <response-info timems="0.106" idlems="0.106" threads="0" lastid="0000000001CEB700" lastname="main" />
</exclusive-start>
<allocation-taxation id="1198" taxation-threshold="10485760" timestamp="2019-06-15T00:50:06.202" intervalms="5.072" />
<cycle-start id="1199" type="partial gc" contextid="0" timestamp="2019-06-15T00:50:06.202" intervalms="15.441" />
<gc-start id="1200" type="partial gc" contextid="1199" timestamp="2019-06-15T00:50:06.203">
  <mem-info id="1201" free="15728640" total="59768832" percent="26">
    <mem type="eden" free="1048552" total="22020096" percent="4" />
    <remembered-set count="69664" freebytes="2107136" totalbytes="2385792" percent="88" regionsoverflowed="0" regionsstable="2" regionsrebuilding="9"/>
  </mem-info>
</gc-start>
<allocation-stats totalBytes="20840064" >
  <allocated-bytes non-tlh="0" tlh="20840064" arrayletleaf="0"/>
  <largest-consumer threadName="main" threadId="0000000001CEB700" bytes="10420032" />
</allocation-stats>
<gc-op id="1202" type="copy forward" timems="1.543" contextid="1199" timestamp="2019-06-15T00:50:06.205">
  <memory-copied type="eden" objects="1" bytes="24" bytesdiscarded="0" />
  <memory-copied type="other" objects="0" bytes="0" bytesdiscarded="0" />
  <memory-cardclean objects="10" bytes="424" />
  <regions eden="20" other="1" />
  <remembered-set-cleared processed="67675" cleared="7" durationms="0.485" />
  <stringconstants candidates="13760" cleared="0"  />
</gc-op>
<gc-op id="1203" type="classunload" timems="0.006" contextid="1199" timestamp="2019-06-15T00:50:06.205">
  <classunload-info classloadercandidates="54" classloadersunloaded="0" classesunloaded="0" anonymousclassesunloaded="0" quiescems="0.000" setupms="0.006" scanms="0.000" postms="0.000" />
</gc-op>
<gc-end id="1204" type="partial gc" contextid="1199" durationms="2.738" usertimems="0.000" systemtimems="4.000" timestamp="2019-06-15T00:50:06.205" activeThreads="1">
  <mem-info id="1205" free="36700160" total="59768832" percent="61">
    <mem type="eden" free="1048552" total="1048576" percent="99" />
    <remembered-set count="70144" freebytes="2105216" totalbytes="2385792" percent="88" regionsoverflowed="0" regionsstable="2" regionsrebuilding="9"/>
  </mem-info>
</gc-end>
<cycle-end id="1206" type="partial gc" contextid="1199" timestamp="2019-06-15T00:50:06.206" />
  <attribute name="elasticGC enabled" value="1" />
  <attribute name= "numThreadsSpecified" value="1" />
  <attribute name="heapSize specified" value="0" />
  <attribute name="Current GC Util" value="211" />
  <attribute name= "Current Time Running" value="12151" />
  <attribute name ="GC Interval" value="0" />
  <attribute name="ProportionalT" value="95.500000" />
  <attribute name="ProportionalI" value="95.500000" />
  <attribute name="ProportionalH" value="95.500000" />
  <attribute name="Current Error" value="191.000000" />
  <attribute name="IntegralT" value="0.000000" />
  <attribute name="IntegralI" value="0.000000" />
  <attribute name="IntegralH" value="0.000000" />
  <attribute name="DerivativeT" value="inf" />
  <attribute name="DerivativeI" value="inf" />
  <attribute name="DerivativeH" value="inf" />
  <attribute name="Loop Time for DT" value="0.000000" />
  <attribute name="Output H" value="8388608"/>
  <attribute name="Output I" value="200"/>
  <attribute name="Output T" value="1"/>
  <attribute name="Target GC Util Change" value ="20.000000" />
  <attribute name="Current GC Util Change" value="211.000000"/>
  <attribute name="GC Util currently" value="211" />
  <attribute name="CPU Util currently" value="13399286388658" />
<exclusive-end id="1207" timestamp="2019-06-15T00:50:06.206" durationms="3.548" />

<exclusive-start id="1208" timestamp="2019-06-15T00:50:06.210" intervalms="7.926">
  <response-info timems="0.083" idlems="0.083" threads="0" lastid="0000000001CEB700" lastname="main" />
</exclusive-start>
<allocation-taxation id="1209" taxation-threshold="10485760" timestamp="2019-06-15T00:50:06.210" intervalms="8.009" />
<gc-start id="1210" type="global mark phase" contextid="1063" timestamp="2019-06-15T00:50:06.211">
  <mem-info id="1211" free="26214400" total="59768832" percent="43">
    <remembered-set count="69664" freebytes="2107136" totalbytes="2385792" percent="88" regionsoverflowed="0" regionsstable="2" regionsrebuilding="9"/>
  </mem-info>
</gc-start>
<gc-end id="1212" type="global mark phase" contextid="1063" durationms="0.129" usertimems="0.000" systemtimems="0.000" timestamp="2019-06-15T00:50:06.211" activeThreads="1">
  <mem-info id="1213" free="26214400" total="59768832" percent="43">
    <remembered-set count="69664" freebytes="2107136" totalbytes="2385792" percent="88" regionsoverflowed="0" regionsstable="2" regionsrebuilding="9"/>
  </mem-info>
</gc-end>
<concurrent-start id="1214" type="GMP work packet processing" contextid="1063" timestamp="2019-06-15T00:50:06.211">
  <concurrent-mark-start scanTarget="1048576" />
</concurrent-start>
<exclusive-end id="1215" timestamp="2019-06-15T00:50:06.211" durationms="0.727" />

<concurrent-end id="1216" type="GMP work packet processing" contextid="1063" timestamp="2019-06-15T00:50:06.212">
  <concurrent-mark-end bytesScanned="1100256" reasonForTermination="Work target met" />
</concurrent-end>

<exclusive-start id="1217" timestamp="2019-06-15T00:50:06.215" intervalms="5.045">
  <response-info timems="0.066" idlems="0.066" threads="0" lastid="0000000001CEB700" lastname="main" />
</exclusive-start>
<allocation-taxation id="1218" taxation-threshold="10485760" timestamp="2019-06-15T00:50:06.215" intervalms="4.972" />
<cycle-start id="1219" type="partial gc" contextid="0" timestamp="2019-06-15T00:50:06.215" intervalms="12.983" />
<gc-start id="1220" type="partial gc" contextid="1219" timestamp="2019-06-15T00:50:06.216">
  <mem-info id="1221" free="15728640" total="59768832" percent="26">
    <mem type="eden" free="1048552" total="22020096" percent="4" />
    <remembered-set count="72768" freebytes="2094720" totalbytes="2385792" percent="87" regionsoverflowed="0" regionsstable="2" regionsrebuilding="9"/>
  </mem-info>
</gc-start>
<allocation-stats totalBytes="20840064" >
  <allocated-bytes non-tlh="0" tlh="20840064" arrayletleaf="0"/>
  <largest-consumer threadName="main" threadId="0000000001CEB700" bytes="10420032" />
</allocation-stats>
<gc-op id="1222" type="copy forward" timems="1.714" contextid="1219" timestamp="2019-06-15T00:50:06.218">
  <memory-copied type="eden" objects="1" bytes="24" bytesdiscarded="0" />
  <memory-copied type="other" objects="0" bytes="0" bytesdiscarded="0" />
  <memory-cardclean objects="10" bytes="424" />
  <regions eden="20" other="1" />
  <remembered-set-cleared processed="70741" cleared="7" durationms="0.512" />
  <stringconstants candidates="13760" cleared="0"  />
</gc-op>
<gc-op id="1223" type="classunload" timems="0.003" contextid="1219" timestamp="2019-06-15T00:50:06.218">
  <classunload-info classloadercandidates="54" classloadersunloaded="0" classesunloaded="0" anonymousclassesunloaded="0" quiescems="0.000" setupms="0.003" scanms="0.000" postms="0.000" />
</gc-op>
<gc-end id="1224" type="partial gc" contextid="1219" durationms="2.796" usertimems="4.000" systemtimems="0.000" timestamp="2019-06-15T00:50:06.219" activeThreads="1">
  <mem-info id="1225" free="36700160" total="59768832" percent="61">
    <mem type="eden" free="1048552" total="1048576" percent="99" />
    <remembered-set count="73248" freebytes="2092800" totalbytes="2385792" percent="87" regionsoverflowed="0" regionsstable="2" regionsrebuilding="9"/>
  </mem-info>
</gc-end>
<cycle-end id="1226" type="partial gc" contextid="1219" timestamp="2019-06-15T00:50:06.219" />
  <attribute name="elasticGC enabled" value="1" />
  <attribute name= "numThreadsSpecified" value="1" />
  <attribute name="heapSize specified" value="0" />
  <attribute name="Current GC Util" value="162" />
  <attribute name= "Current Time Running" value="12164" />
  <attribute name ="GC Interval" value="0" />
  <attribute name="ProportionalT" value="71.000000" />
  <attribute name="ProportionalI" value="71.000000" />
  <attribute name="ProportionalH" value="71.000000" />
  <attribute name="Current Error" value="142.000000" />
  <attribute name="IntegralT" value="0.000000" />
  <attribute name="IntegralI" value="0.000000" />
  <attribute name="IntegralH" value="0.000000" />
  <attribute name="DerivativeT" value="inf" />
  <attribute name="DerivativeI" value="inf" />
  <attribute name="DerivativeH" value="inf" />
  <attribute name="Loop Time for DT" value="0.000000" />
  <attribute name="Output H" value="8388608"/>
  <attribute name="Output I" value="200"/>
  <attribute name="Output T" value="1"/>
  <attribute name="Target GC Util Change" value ="20.000000" />
  <attribute name="Current GC Util Change" value="162.000000"/>
  <attribute name="GC Util currently" value="162" />
  <attribute name="CPU Util currently" value="13445501466199" />
<exclusive-end id="1227" timestamp="2019-06-15T00:50:06.219" durationms="3.764" />

<exclusive-start id="1228" timestamp="2019-06-15T00:50:06.223" intervalms="8.124">
  <response-info timems="0.070" idlems="0.070" threads="0" lastid="0000000001CEB700" lastname="main" />
</exclusive-start>
<allocation-taxation id="1229" taxation-threshold="10485760" timestamp="2019-06-15T00:50:06.224" intervalms="8.205" />
<gc-start id="1230" type="global mark phase" contextid="1063" timestamp="2019-06-15T00:50:06.224">
  <mem-info id="1231" free="26214400" total="59768832" percent="43">
    <remembered-set count="72768" freebytes="2094720" totalbytes="2385792" percent="87" regionsoverflowed="0" regionsstable="2" regionsrebuilding="9"/>
  </mem-info>
</gc-start>
<gc-end id="1232" type="global mark phase" contextid="1063" durationms="0.190" usertimems="0.000" systemtimems="0.000" timestamp="2019-06-15T00:50:06.224" activeThreads="1">
  <mem-info id="1233" free="26214400" total="59768832" percent="43">
    <remembered-set count="72768" freebytes="2094720" totalbytes="2385792" percent="87" regionsoverflowed="0" regionsstable="2" regionsrebuilding="9"/>
  </mem-info>
</gc-end>
<concurrent-start id="1234" type="GMP work packet processing" contextid="1063" timestamp="2019-06-15T00:50:06.224">
  <concurrent-mark-start scanTarget="1048576" />
</concurrent-start>
<exclusive-end id="1235" timestamp="2019-06-15T00:50:06.224" durationms="0.944" />

<concurrent-end id="1236" type="GMP work packet processing" contextid="1063" timestamp="2019-06-15T00:50:06.228">
  <concurrent-mark-end bytesScanned="1088984" reasonForTermination="Work target met" />
</concurrent-end>

<exclusive-start id="1237" timestamp="2019-06-15T00:50:06.229" intervalms="5.354">
  <response-info timems="0.128" idlems="0.128" threads="0" lastid="0000000001CEB700" lastname="main" />
</exclusive-start>
<allocation-taxation id="1238" taxation-threshold="10485760" timestamp="2019-06-15T00:50:06.229" intervalms="5.333" />
<cycle-start id="1239" type="partial gc" contextid="0" timestamp="2019-06-15T00:50:06.229" intervalms="13.660" />
<gc-start id="1240" type="partial gc" contextid="1239" timestamp="2019-06-15T00:50:06.230">
  <mem-info id="1241" free="15728640" total="59768832" percent="26">
    <mem type="eden" free="1048552" total="22020096" percent="4" />
    <remembered-set count="75872" freebytes="2082304" totalbytes="2385792" percent="87" regionsoverflowed="0" regionsstable="2" regionsrebuilding="9"/>
  </mem-info>
</gc-start>
<allocation-stats totalBytes="20840064" >
  <allocated-bytes non-tlh="0" tlh="20840064" arrayletleaf="0"/>
  <largest-consumer threadName="main" threadId="0000000001CEB700" bytes="10420032" />
</allocation-stats>
<gc-op id="1242" type="copy forward" timems="1.614" contextid="1239" timestamp="2019-06-15T00:50:06.232">
  <memory-copied type="eden" objects="1" bytes="24" bytesdiscarded="0" />
  <memory-copied type="other" objects="0" bytes="0" bytesdiscarded="0" />
  <memory-cardclean objects="10" bytes="424" />
  <regions eden="20" other="1" />
  <remembered-set-cleared processed="73918" cleared="7" durationms="0.507" />
  <stringconstants candidates="13760" cleared="0"  />
</gc-op>
<gc-op id="1243" type="classunload" timems="0.004" contextid="1239" timestamp="2019-06-15T00:50:06.232">
  <classunload-info classloadercandidates="54" classloadersunloaded="0" classesunloaded="0" anonymousclassesunloaded="0" quiescems="0.000" setupms="0.004" scanms="0.000" postms="0.000" />
</gc-op>
<gc-end id="1244" type="partial gc" contextid="1239" durationms="2.763" usertimems="0.000" systemtimems="0.000" timestamp="2019-06-15T00:50:06.232" activeThreads="1">
  <mem-info id="1245" free="36700160" total="59768832" percent="61">
    <mem type="eden" free="1048552" total="1048576" percent="99" />
    <remembered-set count="76352" freebytes="2080384" totalbytes="2385792" percent="87" regionsoverflowed="0" regionsstable="2" regionsrebuilding="9"/>
  </mem-info>
</gc-end>
<cycle-end id="1246" type="partial gc" contextid="1239" timestamp="2019-06-15T00:50:06.232" />
  <attribute name="elasticGC enabled" value="1" />
  <attribute name= "numThreadsSpecified" value="1" />
  <attribute name="heapSize specified" value="0" />
  <attribute name="Current GC Util" value="157" />
  <attribute name= "Current Time Running" value="12178" />
  <attribute name ="GC Interval" value="0" />
  <attribute name="ProportionalT" value="68.500000" />
  <attribute name="ProportionalI" value="68.500000" />
  <attribute name="ProportionalH" value="68.500000" />
  <attribute name="Current Error" value="137.000000" />
  <attribute name="IntegralT" value="0.000000" />
  <attribute name="IntegralI" value="0.000000" />
  <attribute name="IntegralH" value="0.000000" />
  <attribute name="DerivativeT" value="inf" />
  <attribute name="DerivativeI" value="inf" />
  <attribute name="DerivativeH" value="inf" />
  <attribute name="Loop Time for DT" value="0.000000" />
  <attribute name="Output H" value="8388608"/>
  <attribute name="Output I" value="200"/>
  <attribute name="Output T" value="1"/>
  <attribute name="Target GC Util Change" value ="20.000000" />
  <attribute name="Current GC Util Change" value="157.000000"/>
  <attribute name="GC Util currently" value="157" />
  <attribute name="CPU Util currently" value="12949118162386" />
<exclusive-end id="1247" timestamp="2019-06-15T00:50:06.233" durationms="4.026" />

<exclusive-start id="1248" timestamp="2019-06-15T00:50:06.237" intervalms="8.589">
  <response-info timems="0.185" idlems="0.185" threads="0" lastid="0000000001CEB700" lastname="main" />
</exclusive-start>
<allocation-taxation id="1249" taxation-threshold="10485760" timestamp="2019-06-15T00:50:06.237" intervalms="8.584" />
<gc-start id="1250" type="global mark phase" contextid="1063" timestamp="2019-06-15T00:50:06.238">
  <mem-info id="1251" free="26214400" total="59768832" percent="43">
    <remembered-set count="75872" freebytes="2082304" totalbytes="2385792" percent="87" regionsoverflowed="0" regionsstable="2" regionsrebuilding="9"/>
  </mem-info>
</gc-start>
<gc-end id="1252" type="global mark phase" contextid="1063" durationms="0.156" usertimems="0.000" systemtimems="0.000" timestamp="2019-06-15T00:50:06.238" activeThreads="1">
  <mem-info id="1253" free="26214400" total="59768832" percent="43">
    <remembered-set count="75872" freebytes="2082304" totalbytes="2385792" percent="87" regionsoverflowed="0" regionsstable="2" regionsrebuilding="9"/>
  </mem-info>
</gc-end>
<concurrent-start id="1254" type="GMP work packet processing" contextid="1063" timestamp="2019-06-15T00:50:06.238">
  <concurrent-mark-start scanTarget="1048576" />
</concurrent-start>
<exclusive-end id="1255" timestamp="2019-06-15T00:50:06.238" durationms="0.882" />

<concurrent-end id="1256" type="GMP work packet processing" contextid="1063" timestamp="2019-06-15T00:50:06.239">
  <concurrent-mark-end bytesScanned="1049960" reasonForTermination="Work target met" />
</concurrent-end>

<exclusive-start id="1257" timestamp="2019-06-15T00:50:06.242" intervalms="5.195">
  <response-info timems="0.060" idlems="0.060" threads="0" lastid="0000000001CEB700" lastname="main" />
</exclusive-start>
<allocation-taxation id="1258" taxation-threshold="10485760" timestamp="2019-06-15T00:50:06.243" intervalms="5.144" />
<cycle-start id="1259" type="partial gc" contextid="0" timestamp="2019-06-15T00:50:06.243" intervalms="13.665" />
<gc-start id="1260" type="partial gc" contextid="1259" timestamp="2019-06-15T00:50:06.243">
  <mem-info id="1261" free="15728640" total="59768832" percent="26">
    <mem type="eden" free="1048552" total="22020096" percent="4" />
    <remembered-set count="79488" freebytes="2067840" totalbytes="2385792" percent="86" regionsoverflowed="0" regionsstable="2" regionsrebuilding="9"/>
  </mem-info>
</gc-start>
<allocation-stats totalBytes="20840064" >
  <allocated-bytes non-tlh="0" tlh="20840064" arrayletleaf="0"/>
  <largest-consumer threadName="main" threadId="0000000001CEB700" bytes="10420032" />
</allocation-stats>
<gc-op id="1262" type="copy forward" timems="3.031" contextid="1259" timestamp="2019-06-15T00:50:06.247">
  <memory-copied type="eden" objects="1" bytes="24" bytesdiscarded="0" />
  <memory-copied type="other" objects="0" bytes="0" bytesdiscarded="0" />
  <memory-cardclean objects="10" bytes="424" />
  <regions eden="20" other="1" />
  <remembered-set-cleared processed="77532" cleared="7" durationms="0.365" />
  <stringconstants candidates="13760" cleared="0"  />
</gc-op>
<gc-op id="1263" type="classunload" timems="0.003" contextid="1259" timestamp="2019-06-15T00:50:06.247">
  <classunload-info classloadercandidates="54" classloadersunloaded="0" classesunloaded="0" anonymousclassesunloaded="0" quiescems="0.000" setupms="0.003" scanms="0.000" postms="0.000" />
</gc-op>
<gc-end id="1264" type="partial gc" contextid="1259" durationms="4.148" usertimems="8.000" systemtimems="0.000" timestamp="2019-06-15T00:50:06.247" activeThreads="4">
  <mem-info id="1265" free="36700160" total="59768832" percent="61">
    <mem type="eden" free="1048552" total="1048576" percent="99" />
    <remembered-set count="79136" freebytes="2069248" totalbytes="2385792" percent="86" regionsoverflowed="0" regionsstable="2" regionsrebuilding="9"/>
  </mem-info>
</gc-end>
<cycle-end id="1266" type="partial gc" contextid="1259" timestamp="2019-06-15T00:50:06.247" />
  <attribute name="elasticGC enabled" value="1" />
  <attribute name= "numThreadsSpecified" value="4" />
  <attribute name="heapSize specified" value="0" />
  <attribute name="Current GC Util" value="167" />
  <attribute name= "Current Time Running" value="12192" />
  <attribute name ="GC Interval" value="0" />
  <attribute name="ProportionalT" value="73.500000" />
  <attribute name="ProportionalI" value="73.500000" />
  <attribute name="ProportionalH" value="73.500000" />
  <attribute name="Current Error" value="147.000000" />
  <attribute name="IntegralT" value="147.000000" />
  <attribute name="IntegralI" value="147.000000" />
  <attribute name="IntegralH" value="147.000000" />
  <attribute name="DerivativeT" value="55.500000" />
  <attribute name="DerivativeI" value="55.500000" />
  <attribute name="DerivativeH" value="55.500000" />
  <attribute name="Loop Time for DT" value="1.000000" />
  <attribute name="Output H" value="8388608"/>
  <attribute name="Output I" value="280"/>
  <attribute name="Output T" value="4"/>
  <attribute name="Target GC Util Change" value ="20.000000" />
  <attribute name="Current GC Util Change" value="167.000000"/>
  <attribute name="GC Util currently" value="167" />
  <attribute name="CPU Util currently" value="13048851620980" />
<exclusive-end id="1267" timestamp="2019-06-15T00:50:06.248" durationms="5.008" />

<exclusive-start id="1268" timestamp="2019-06-15T00:50:06.290" intervalms="47.625">
  <response-info timems="0.056" idlems="0.056" threads="0" lastid="0000000001CEB700" lastname="main" />
</exclusive-start>
<allocation-taxation id="1269" taxation-threshold="10485760" timestamp="2019-06-15T00:50:06.290" intervalms="47.662" />
<gc-start id="1270" type="global mark phase" contextid="1063" timestamp="2019-06-15T00:50:06.290">
  <mem-info id="1271" free="26214400" total="59768832" percent="43">
    <remembered-set count="79136" freebytes="2069248" totalbytes="2385792" percent="86" regionsoverflowed="0" regionsstable="2" regionsrebuilding="9"/>
  </mem-info>
</gc-start>
<gc-end id="1272" type="global mark phase" contextid="1063" durationms="0.155" usertimems="0.000" systemtimems="0.000" timestamp="2019-06-15T00:50:06.291" activeThreads="4">
  <mem-info id="1273" free="26214400" total="59768832" percent="43">
    <remembered-set count="79136" freebytes="2069248" totalbytes="2385792" percent="86" regionsoverflowed="0" regionsstable="2" regionsrebuilding="9"/>
  </mem-info>
</gc-end>
<concurrent-start id="1274" type="GMP work packet processing" contextid="1063" timestamp="2019-06-15T00:50:06.291">
  <concurrent-mark-start scanTarget="2487388" />
</concurrent-start>
<exclusive-end id="1275" timestamp="2019-06-15T00:50:06.291" durationms="0.949" />

<concurrent-end id="1276" type="GMP work packet processing" contextid="1063" timestamp="2019-06-15T00:50:06.304">
  <concurrent-mark-end bytesScanned="0" reasonForTermination="Completed all work in GC phase" />
</concurrent-end>

<exclusive-start id="1277" timestamp="2019-06-15T00:50:06.345" intervalms="55.348">
  <response-info timems="0.056" idlems="0.056" threads="0" lastid="0000000001CEB700" lastname="main" />
</exclusive-start>
<allocation-taxation id="1278" taxation-threshold="10485760" timestamp="2019-06-15T00:50:06.346" intervalms="55.432" />
<cycle-start id="1279" type="partial gc" contextid="0" timestamp="2019-06-15T00:50:06.346" intervalms="103.108" />
<gc-start id="1280" type="partial gc" contextid="1279" timestamp="2019-06-15T00:50:06.346">
  <mem-info id="1281" free="15728640" total="59768832" percent="26">
    <mem type="eden" free="1048552" total="22020096" percent="4" />
    <remembered-set count="79136" freebytes="2069248" totalbytes="2385792" percent="86" regionsoverflowed="0" regionsstable="2" regionsrebuilding="9"/>
  </mem-info>
</gc-start>
<allocation-stats totalBytes="20964840" >
  <allocated-bytes non-tlh="0" tlh="20964840" arrayletleaf="0"/>
  <largest-consumer threadName="main" threadId="0000000001CEB700" bytes="10484392" />
</allocation-stats>
<gc-op id="1282" type="copy forward" timems="1.547" contextid="1279" timestamp="2019-06-15T00:50:06.349">
  <memory-copied type="eden" objects="155" bytes="5104" bytesdiscarded="0" />
  <memory-copied type="other" objects="0" bytes="0" bytesdiscarded="0" />
  <memory-cardclean objects="69" bytes="2680" />
  <regions eden="20" other="1" />
  <remembered-set-cleared processed="77532" cleared="24" durationms="0.584" />
  <stringconstants candidates="13760" cleared="0"  />
</gc-op>
<gc-op id="1283" type="classunload" timems="0.004" contextid="1279" timestamp="2019-06-15T00:50:06.349">
  <classunload-info classloadercandidates="54" classloadersunloaded="0" classesunloaded="0" anonymousclassesunloaded="0" quiescems="0.000" setupms="0.003" scanms="0.000" postms="0.000" />
</gc-op>
<gc-end id="1284" type="partial gc" contextid="1279" durationms="2.729" usertimems="0.000" systemtimems="0.000" timestamp="2019-06-15T00:50:06.349" activeThreads="1">
  <mem-info id="1285" free="36700160" total="59768832" percent="61">
    <mem type="eden" free="1043472" total="1048576" percent="99" />
    <remembered-set count="79584" freebytes="2067456" totalbytes="2385792" percent="86" regionsoverflowed="0" regionsstable="2" regionsrebuilding="9"/>
  </mem-info>
</gc-end>
<cycle-end id="1286" type="partial gc" contextid="1279" timestamp="2019-06-15T00:50:06.349" />
  <attribute name="elasticGC enabled" value="1" />
  <attribute name= "numThreadsSpecified" value="1" />
  <attribute name="heapSize specified" value="0" />
  <attribute name="Current GC Util" value="54" />
  <attribute name= "Current Time Running" value="12295" />
  <attribute name ="GC Interval" value="0" />
  <attribute name="ProportionalT" value="17.000000" />
  <attribute name="ProportionalI" value="17.000000" />
  <attribute name="ProportionalH" value="17.000000" />
  <attribute name="Current Error" value="34.000000" />
  <attribute name="IntegralT" value="0.000000" />
  <attribute name="IntegralI" value="0.000000" />
  <attribute name="IntegralH" value="0.000000" />
  <attribute name="DerivativeT" value="inf" />
  <attribute name="DerivativeI" value="inf" />
  <attribute name="DerivativeH" value="inf" />
  <attribute name="Loop Time for DT" value="0.000000" />
  <attribute name="Output H" value="8388608"/>
  <attribute name="Output I" value="200"/>
  <attribute name="Output T" value="1"/>
  <attribute name="Target GC Util Change" value ="20.000000" />
  <attribute name="Current GC Util Change" value="54.000000"/>
  <attribute name="GC Util currently" value="54" />
  <attribute name="CPU Util currently" value="19787887859016" />
<exclusive-end id="1287" timestamp="2019-06-15T00:50:06.349" durationms="4.015" />

<exclusive-start id="1288" timestamp="2019-06-15T00:50:06.378" intervalms="32.069">
  <response-info timems="0.059" idlems="0.059" threads="0" lastid="0000000001CEB700" lastname="main" />
</exclusive-start>
<allocation-taxation id="1289" taxation-threshold="10485760" timestamp="2019-06-15T00:50:06.378" intervalms="32.057" />
<gc-start id="1290" type="global mark phase" contextid="1063" timestamp="2019-06-15T00:50:06.378">
  <mem-info id="1291" free="26214400" total="59768832" percent="43">
    <remembered-set count="79168" freebytes="2069120" totalbytes="2385792" percent="86" regionsoverflowed="0" regionsstable="2" regionsrebuilding="9"/>
  </mem-info>
</gc-start>
<gc-op id="1292" type="mark increment" timems="4.543" contextid="1063" timestamp="2019-06-15T00:50:06.383">
  <trace-info objectcount="156" scancount="156" scanbytes="349172" />
  <cardclean-info objects="155966" bytes="4253364" />
  <finalization candidates="80" enqueued="0" />
  <ownableSynchronizers candidates="21" cleared="0" />
  <references type="soft" candidates="4854" cleared="0" enqueued="0" dynamicThreshold="19" maxThreshold="32" />
  <references type="weak" candidates="5569" cleared="0" enqueued="0" />
  <references type="phantom" candidates="102" cleared="1" enqueued="1" />
  <stringconstants candidates="13760" cleared="0"  />
</gc-op>
<gc-op id="1293" type="classunload" timems="0.008" contextid="1063" timestamp="2019-06-15T00:50:06.383">
  <classunload-info classloadercandidates="54" classloadersunloaded="0" classesunloaded="0" anonymousclassesunloaded="0" quiescems="0.000" setupms="0.008" scanms="0.000" postms="0.000" />
</gc-op>
<gc-end id="1294" type="global mark phase" contextid="1063" durationms="4.998" usertimems="8.000" systemtimems="0.000" timestamp="2019-06-15T00:50:06.383" activeThreads="4">
  <mem-info id="1295" free="26214400" total="59768832" percent="43">
    <pending-finalizers system="0" default="0" reference="1" classloader="0" />
    <remembered-set count="86848" freebytes="2038400" totalbytes="2385792" percent="85" regionsoverflowed="0" regionsstable="2" regionsrebuilding="0"/>
  </mem-info>
</gc-end>
<cycle-end id="1296" type="global mark phase" contextid="1063" timestamp="2019-06-15T00:50:06.383" />
  <attribute name="elasticGC enabled" value="1" />
  <attribute name= "numThreadsSpecified" value="4" />
  <attribute name="heapSize specified" value="0" />
  <attribute name="Current GC Util" value="73" />
  <attribute name= "Current Time Running" value="12329" />
  <attribute name ="GC Interval" value="0" />
  <attribute name="ProportionalT" value="26.500000" />
  <attribute name="ProportionalI" value="26.500000" />
  <attribute name="ProportionalH" value="26.500000" />
  <attribute name="Current Error" value="53.000000" />
  <attribute name="IntegralT" value="0.000000" />
  <attribute name="IntegralI" value="0.000000" />
  <attribute name="IntegralH" value="0.000000" />
  <attribute name="DerivativeT" value="-inf" />
  <attribute name="DerivativeI" value="-inf" />
  <attribute name="DerivativeH" value="-inf" />
  <attribute name="Loop Time for DT" value="0.000000" />
  <attribute name="Output H" value="2091843584"/>
  <attribute name="Output I" value="200"/>
  <attribute name="Output T" value="4"/>
  <attribute name="Target GC Util Change" value ="20.000000" />
  <attribute name="Current GC Util Change" value="73.000000"/>
  <attribute name="GC Util currently" value="73" />
  <attribute name="CPU Util currently" value="10204741572854" />
<exclusive-end id="1297" timestamp="2019-06-15T00:50:06.383" durationms="5.677" />

<exclusive-start id="1298" timestamp="2019-06-15T00:50:06.409" intervalms="31.949">
  <response-info timems="0.081" idlems="0.081" threads="0" lastid="0000000001CEB700" lastname="main" />
</exclusive-start>
<allocation-taxation id="1299" taxation-threshold="10485760" timestamp="2019-06-15T00:50:06.410" intervalms="31.893" />
<cycle-start id="1300" type="partial gc" contextid="0" timestamp="2019-06-15T00:50:06.410" intervalms="64.068" />
<gc-start id="1301" type="partial gc" contextid="1300" timestamp="2019-06-15T00:50:06.410">
  <mem-info id="1302" free="15728640" total="59768832" percent="26">
    <mem type="eden" free="0" total="20971520" percent="0" />
    <remembered-set count="82240" freebytes="2056832" totalbytes="2385792" percent="86" regionsoverflowed="0" regionsstable="4" regionsrebuilding="0"/>
  </mem-info>
</gc-start>
<allocation-stats totalBytes="20968416" >
  <allocated-bytes non-tlh="0" tlh="20968416" arrayletleaf="0"/>
  <largest-consumer threadName="main" threadId="0000000001CEB700" bytes="10484240" />
</allocation-stats>
<gc-op id="1303" type="sweep" timems="0.627" contextid="1300" timestamp="2019-06-15T00:50:06.411" />
<gc-op id="1304" type="copy forward" timems="1.777" contextid="1300" timestamp="2019-06-15T00:50:06.413">
  <memory-copied type="eden" objects="103" bytes="3336" bytesdiscarded="0" />
  <memory-copied type="other" objects="51" bytes="1704" bytesdiscarded="696" />
  <memory-cardclean objects="90" bytes="3936" />
  <regions eden="10" other="2" />
  <remembered-set-cleared processed="80456" cleared="113" durationms="0.427" />
  <stringconstants candidates="13760" cleared="0"  />
</gc-op>
<gc-op id="1305" type="classunload" timems="0.003" contextid="1300" timestamp="2019-06-15T00:50:06.414">
  <classunload-info classloadercandidates="54" classloadersunloaded="0" classesunloaded="0" anonymousclassesunloaded="0" quiescems="0.000" setupms="0.003" scanms="0.000" postms="0.000" />
</gc-op>
<gc-end id="1306" type="partial gc" contextid="1300" durationms="3.562" usertimems="4.000" systemtimems="0.000" timestamp="2019-06-15T00:50:06.414" activeThreads="4">
  <mem-info id="1307" free="35651584" total="59768832" percent="59">
    <mem type="eden" free="1045240" total="1048576" percent="99" />
    <remembered-set count="83488" freebytes="2051840" totalbytes="2385792" percent="86" regionsoverflowed="0" regionsstable="4" regionsrebuilding="0"/>
  </mem-info>
</gc-end>
<cycle-end id="1308" type="partial gc" contextid="1300" timestamp="2019-06-15T00:50:06.414" />
  <attribute name="elasticGC enabled" value="1" />
  <attribute name= "numThreadsSpecified" value="4" />
  <attribute name="heapSize specified" value="0" />
  <attribute name="Current GC Util" value="59" />
  <attribute name= "Current Time Running" value="12359" />
  <attribute name ="GC Interval" value="0" />
  <attribute name="ProportionalT" value="19.500000" />
  <attribute name="ProportionalI" value="19.500000" />
  <attribute name="ProportionalH" value="19.500000" />
  <attribute name="Current Error" value="39.000000" />
  <attribute name="IntegralT" value="0.000000" />
  <attribute name="IntegralI" value="0.000000" />
  <attribute name="IntegralH" value="0.000000" />
  <attribute name="DerivativeT" value="-inf" />
  <attribute name="DerivativeI" value="-inf" />
  <attribute name="DerivativeH" value="-inf" />
  <attribute name="Loop Time for DT" value="0.000000" />
  <attribute name="Output H" value="2091843584"/>
  <attribute name="Output I" value="200"/>
  <attribute name="Output T" value="4"/>
  <attribute name="Target GC Util Change" value ="20.000000" />
  <attribute name="Current GC Util Change" value="59.000000"/>
  <attribute name="GC Util currently" value="59" />
  <attribute name="CPU Util currently" value="21041113231552" />
<exclusive-end id="1309" timestamp="2019-06-15T00:50:06.414" durationms="4.632" />

<exclusive-start id="1310" timestamp="2019-06-15T00:50:06.496" intervalms="86.018">
  <response-info timems="0.084" idlems="0.084" threads="0" lastid="0000000001CEB700" lastname="main" />
</exclusive-start>
<allocation-taxation id="1311" taxation-threshold="22020096" timestamp="2019-06-15T00:50:06.496" intervalms="86.059" />
<cycle-start id="1312" type="partial gc" contextid="0" timestamp="2019-06-15T00:50:06.496" intervalms="85.918" />
<gc-start id="1313" type="partial gc" contextid="1312" timestamp="2019-06-15T00:50:06.496">
  <mem-info id="1314" free="13631488" total="59768832" percent="22">
    <mem type="eden" free="1045240" total="23068672" percent="4" />
    <remembered-set count="77312" freebytes="2076544" totalbytes="2385792" percent="87" regionsoverflowed="0" regionsstable="8" regionsrebuilding="0"/>
  </mem-info>
</gc-start>
<allocation-stats totalBytes="22017224" >
  <allocated-bytes non-tlh="0" tlh="22017224" arrayletleaf="0"/>
  <largest-consumer threadName="main" threadId="0000000001CEB700" bytes="22017224" />
</allocation-stats>
<gc-op id="1315" type="copy forward" timems="2.852" contextid="1312" timestamp="2019-06-15T00:50:06.500">
  <memory-copied type="eden" objects="334" bytes="10936" bytesdiscarded="1112" />
  <memory-copied type="other" objects="29034" bytes="1193528" bytesdiscarded="79904" />
  <memory-cardclean objects="11102" bytes="617960" />
  <regions eden="21" other="5" />
  <remembered-set-cleared processed="73929" cleared="7050" durationms="0.479" />
  <finalization candidates="14" enqueued="0" />
  <ownableSynchronizers candidates="19" cleared="0" />
  <references type="soft" candidates="335" cleared="0" enqueued="0" dynamicThreshold="19" maxThreshold="32" />
  <references type="weak" candidates="1036" cleared="0" enqueued="0" />
  <references type="phantom" candidates="3" cleared="0" enqueued="0" />
  <stringconstants candidates="13760" cleared="0"  />
</gc-op>
<gc-op id="1316" type="classunload" timems="0.004" contextid="1312" timestamp="2019-06-15T00:50:06.500">
  <classunload-info classloadercandidates="54" classloadersunloaded="0" classesunloaded="0" anonymousclassesunloaded="0" quiescems="0.000" setupms="0.004" scanms="0.000" postms="0.000" />
</gc-op>
<gc-end id="1317" type="partial gc" contextid="1312" durationms="3.901" usertimems="8.000" systemtimems="0.000" timestamp="2019-06-15T00:50:06.500" activeThreads="4">
  <mem-info id="1318" free="36700160" total="59768832" percent="61">
    <mem type="eden" free="1036480" total="1048576" percent="98" />
    <remembered-set count="74016" freebytes="2089728" totalbytes="2385792" percent="87" regionsoverflowed="0" regionsstable="8" regionsrebuilding="0"/>
  </mem-info>
</gc-end>
<cycle-end id="1319" type="partial gc" contextid="1312" timestamp="2019-06-15T00:50:06.500" />
  <attribute name="elasticGC enabled" value="1" />
  <attribute name= "numThreadsSpecified" value="4" />
  <attribute name="heapSize specified" value="0" />
  <attribute name="Current GC Util" value="71" />
  <attribute name= "Current Time Running" value="12445" />
  <attribute name ="GC Interval" value="0" />
  <attribute name="ProportionalT" value="25.500000" />
  <attribute name="ProportionalI" value="25.500000" />
  <attribute name="ProportionalH" value="25.500000" />
  <attribute name="Current Error" value="51.000000" />
  <attribute name="IntegralT" value="51.000000" />
  <attribute name="IntegralI" value="51.000000" />
  <attribute name="IntegralH" value="51.000000" />
  <attribute name="DerivativeT" value="25.500000" />
  <attribute name="DerivativeI" value="25.500000" />
  <attribute name="DerivativeH" value="25.500000" />
  <attribute name="Loop Time for DT" value="1.000000" />
  <attribute name="Output H" value="8388608"/>
  <attribute name="Output I" value="200"/>
  <attribute name="Output T" value="4"/>
  <attribute name="Target GC Util Change" value ="20.000000" />
  <attribute name="Current GC Util Change" value="71.000000"/>
  <attribute name="GC Util currently" value="71" />
  <attribute name="CPU Util currently" value="18451246073707" />
<exclusive-end id="1320" timestamp="2019-06-15T00:50:06.500" durationms="4.961" />

<exclusive-start id="1321" timestamp="2019-06-15T00:50:06.551" intervalms="55.529">
  <response-info timems="0.127" idlems="0.127" threads="0" lastid="0000000001CEB700" lastname="main" />
</exclusive-start>
<allocation-taxation id="1322" taxation-threshold="22020096" timestamp="2019-06-15T00:50:06.551" intervalms="55.531" />
<cycle-start id="1323" type="partial gc" contextid="0" timestamp="2019-06-15T00:50:06.551" intervalms="55.518" />
<gc-start id="1324" type="partial gc" contextid="1323" timestamp="2019-06-15T00:50:06.552">
  <mem-info id="1325" free="14680064" total="59768832" percent="24">
    <mem type="eden" free="0" total="22020096" percent="0" />
    <remembered-set count="11456" freebytes="2339968" totalbytes="2385792" percent="98" regionsoverflowed="0" regionsstable="15" regionsrebuilding="0"/>
  </mem-info>
</gc-start>
<allocation-stats totalBytes="22017376" >
  <allocated-bytes non-tlh="0" tlh="22017376" arrayletleaf="0"/>
  <largest-consumer threadName="main" threadId="0000000001CEB700" bytes="22017376" />
</allocation-stats>
<gc-op id="1326" type="copy forward" timems="0.928" contextid="1323" timestamp="2019-06-15T00:50:06.553">
  <memory-copied type="eden" objects="114" bytes="3488" bytesdiscarded="0" />
  <memory-copied type="other" objects="213" bytes="7232" bytesdiscarded="0" />
  <memory-cardclean objects="78" bytes="11256" />
  <regions eden="21" other="1" />
  <remembered-set-cleared processed="9709" cleared="21" durationms="0.155" />
  <references type="weak" candidates="37" cleared="0" enqueued="0" />
  <stringconstants candidates="13760" cleared="0"  />
</gc-op>
<gc-op id="1327" type="classunload" timems="0.004" contextid="1323" timestamp="2019-06-15T00:50:06.553">
  <classunload-info classloadercandidates="54" classloadersunloaded="0" classesunloaded="0" anonymousclassesunloaded="0" quiescems="0.000" setupms="0.004" scanms="0.000" postms="0.000" />
</gc-op>
<gc-end id="1328" type="partial gc" contextid="1323" durationms="2.014" usertimems="0.000" systemtimems="0.000" timestamp="2019-06-15T00:50:06.554" activeThreads="1">
  <mem-info id="1329" free="35651584" total="59768832" percent="59">
    <mem type="eden" free="1045088" total="1048576" percent="99" />
    <remembered-set count="11808" freebytes="2338560" totalbytes="2385792" percent="98" regionsoverflowed="0" regionsstable="15" regionsrebuilding="0"/>
  </mem-info>
</gc-end>
<cycle-end id="1330" type="partial gc" contextid="1323" timestamp="2019-06-15T00:50:06.554" />
  <attribute name="elasticGC enabled" value="1" />
  <attribute name= "numThreadsSpecified" value="1" />
  <attribute name="heapSize specified" value="0" />
  <attribute name="Current GC Util" value="68" />
  <attribute name= "Current Time Running" value="12500" />
  <attribute name ="GC Interval" value="0" />
  <attribute name="ProportionalT" value="24.000000" />
  <attribute name="ProportionalI" value="24.000000" />
  <attribute name="ProportionalH" value="24.000000" />
  <attribute name="Current Error" value="48.000000" />
  <attribute name="IntegralT" value="0.000000" />
  <attribute name="IntegralI" value="0.000000" />
  <attribute name="IntegralH" value="0.000000" />
  <attribute name="DerivativeT" value="inf" />
  <attribute name="DerivativeI" value="inf" />
  <attribute name="DerivativeH" value="inf" />
  <attribute name="Loop Time for DT" value="0.000000" />
  <attribute name="Output H" value="8388608"/>
  <attribute name="Output I" value="200"/>
  <attribute name="Output T" value="1"/>
  <attribute name="Target GC Util Change" value ="20.000000" />
  <attribute name="Current GC Util Change" value="68.000000"/>
  <attribute name="GC Util currently" value="68" />
  <attribute name="CPU Util currently" value="19966515243066" />
<exclusive-end id="1331" timestamp="2019-06-15T00:50:06.554" durationms="2.978" />

<exclusive-start id="1332" timestamp="2019-06-15T00:50:06.573" intervalms="21.938">
  <response-info timems="0.078" idlems="0.078" threads="0" lastid="0000000001CEB700" lastname="main" />
</exclusive-start>
<allocation-taxation id="1333" taxation-threshold="10485760" timestamp="2019-06-15T00:50:06.573" intervalms="21.902" />
<cycle-start id="1334" type="global mark phase" contextid="0" timestamp="2019-06-15T00:50:06.573" intervalms="485.631" />
<gc-start id="1335" type="global mark phase" contextid="1334" timestamp="2019-06-15T00:50:06.573">
  <mem-info id="1336" free="25165824" total="59768832" percent="42">
    <remembered-set count="11424" freebytes="2340096" totalbytes="2385792" percent="98" regionsoverflowed="0" regionsstable="15" regionsrebuilding="0"/>
  </mem-info>
</gc-start>
<gc-op id="1337" type="mark increment" timems="1.007" contextid="1334" timestamp="2019-06-15T00:50:06.575">
  <trace-info objectcount="7977" scancount="1065" scanbytes="61864" />
</gc-op>
<gc-end id="1338" type="global mark phase" contextid="1334" durationms="1.196" usertimems="0.000" systemtimems="0.000" timestamp="2019-06-15T00:50:06.575" activeThreads="1">
  <mem-info id="1339" free="25165824" total="59768832" percent="42">
    <remembered-set count="11936" freebytes="2338048" totalbytes="2385792" percent="97" regionsoverflowed="0" regionsstable="0" regionsrebuilding="15"/>
  </mem-info>
</gc-end>
<concurrent-start id="1340" type="GMP work packet processing" contextid="1334" timestamp="2019-06-15T00:50:06.575">
  <concurrent-mark-start scanTarget="1048576" />
</concurrent-start>
<exclusive-end id="1341" timestamp="2019-06-15T00:50:06.576" durationms="2.801" />

<concurrent-end id="1342" type="GMP work packet processing" contextid="1334" timestamp="2019-06-15T00:50:06.576">
  <concurrent-mark-end bytesScanned="1135180" reasonForTermination="Work target met" />
</concurrent-end>

<exclusive-start id="1343" timestamp="2019-06-15T00:50:06.593" intervalms="19.996">
  <response-info timems="0.067" idlems="0.067" threads="0" lastid="0000000001CEB700" lastname="main" />
</exclusive-start>
<allocation-taxation id="1344" taxation-threshold="10485760" timestamp="2019-06-15T00:50:06.593" intervalms="20.034" />
<cycle-start id="1345" type="partial gc" contextid="0" timestamp="2019-06-15T00:50:06.593" intervalms="42.057" />
<gc-start id="1346" type="partial gc" contextid="1345" timestamp="2019-06-15T00:50:06.594">
  <mem-info id="1347" free="14680064" total="59768832" percent="24">
    <mem type="eden" free="1045088" total="22020096" percent="4" />
    <remembered-set count="17696" freebytes="2315008" totalbytes="2385792" percent="97" regionsoverflowed="0" regionsstable="0" regionsrebuilding="15"/>
  </mem-info>
</gc-start>
<allocation-stats totalBytes="20966800" >
  <allocated-bytes non-tlh="0" tlh="20966800" arrayletleaf="0"/>
  <largest-consumer threadName="main" threadId="0000000001CEB700" bytes="10482280" />
</allocation-stats>
<gc-op id="1348" type="copy forward" timems="1.276" contextid="1345" timestamp="2019-06-15T00:50:06.596">
  <memory-copied type="eden" objects="137" bytes="4432" bytesdiscarded="0" />
  <memory-copied type="other" objects="0" bytes="0" bytesdiscarded="0" />
  <memory-cardclean objects="72" bytes="11224" />
  <regions eden="20" other="1" />
  <remembered-set-cleared processed="16195" cleared="99" durationms="0.209" />
  <references type="weak" candidates="2" cleared="0" enqueued="0" />
  <stringconstants candidates="13760" cleared="0"  />
</gc-op>
<gc-op id="1349" type="classunload" timems="0.004" contextid="1345" timestamp="2019-06-15T00:50:06.596">
  <classunload-info classloadercandidates="54" classloadersunloaded="0" classesunloaded="0" anonymousclassesunloaded="0" quiescems="0.000" setupms="0.004" scanms="0.000" postms="0.000" />
</gc-op>
<gc-end id="1350" type="partial gc" contextid="1345" durationms="2.482" usertimems="4.000" systemtimems="0.000" timestamp="2019-06-15T00:50:06.596" activeThreads="1">
  <mem-info id="1351" free="35651584" total="59768832" percent="59">
    <mem type="eden" free="1044144" total="1048576" percent="99" />
    <remembered-set count="18112" freebytes="2313344" totalbytes="2385792" percent="96" regionsoverflowed="0" regionsstable="0" regionsrebuilding="15"/>
  </mem-info>
</gc-end>
<cycle-end id="1352" type="partial gc" contextid="1345" timestamp="2019-06-15T00:50:06.596" />
  <attribute name="elasticGC enabled" value="1" />
  <attribute name= "numThreadsSpecified" value="1" />
  <attribute name="heapSize specified" value="0" />
  <attribute name="Current GC Util" value="70" />
  <attribute name= "Current Time Running" value="12542" />
  <attribute name ="GC Interval" value="0" />
  <attribute name="ProportionalT" value="25.000000" />
  <attribute name="ProportionalI" value="25.000000" />
  <attribute name="ProportionalH" value="25.000000" />
  <attribute name="Current Error" value="50.000000" />
  <attribute name="IntegralT" value="0.000000" />
  <attribute name="IntegralI" value="0.000000" />
  <attribute name="IntegralH" value="0.000000" />
  <attribute name="DerivativeT" value="inf" />
  <attribute name="DerivativeI" value="inf" />
  <attribute name="DerivativeH" value="inf" />
  <attribute name="Loop Time for DT" value="0.000000" />
  <attribute name="Output H" value="8388608"/>
  <attribute name="Output I" value="200"/>
  <attribute name="Output T" value="1"/>
  <attribute name="Target GC Util Change" value ="20.000000" />
  <attribute name="Current GC Util Change" value="70.000000"/>
  <attribute name="GC Util currently" value="70" />
  <attribute name="CPU Util currently" value="18650934397988" />
<exclusive-end id="1353" timestamp="2019-06-15T00:50:06.597" durationms="3.694" />

<exclusive-start id="1354" timestamp="2019-06-15T00:50:06.612" intervalms="18.984">
  <response-info timems="0.069" idlems="0.069" threads="0" lastid="0000000001CEB700" lastname="main" />
</exclusive-start>
<allocation-taxation id="1355" taxation-threshold="10485760" timestamp="2019-06-15T00:50:06.612" intervalms="18.988" />
<gc-start id="1356" type="global mark phase" contextid="1334" timestamp="2019-06-15T00:50:06.612">
  <mem-info id="1357" free="25165824" total="59768832" percent="42">
    <remembered-set count="17728" freebytes="2314880" totalbytes="2385792" percent="97" regionsoverflowed="0" regionsstable="0" regionsrebuilding="15"/>
  </mem-info>
</gc-start>
<gc-end id="1358" type="global mark phase" contextid="1334" durationms="0.210" usertimems="0.000" systemtimems="0.000" timestamp="2019-06-15T00:50:06.613" activeThreads="1">
  <mem-info id="1359" free="25165824" total="59768832" percent="42">
    <remembered-set count="17728" freebytes="2314880" totalbytes="2385792" percent="97" regionsoverflowed="0" regionsstable="0" regionsrebuilding="15"/>
  </mem-info>
</gc-end>
<concurrent-start id="1360" type="GMP work packet processing" contextid="1334" timestamp="2019-06-15T00:50:06.613">
  <concurrent-mark-start scanTarget="1048576" />
</concurrent-start>
<exclusive-end id="1361" timestamp="2019-06-15T00:50:06.614" durationms="1.859" />

<concurrent-end id="1362" type="GMP work packet processing" contextid="1334" timestamp="2019-06-15T00:50:06.614">
  <concurrent-mark-end bytesScanned="1116412" reasonForTermination="Work target met" />
</concurrent-end>

<exclusive-start id="1363" timestamp="2019-06-15T00:50:06.623" intervalms="11.423">
  <response-info timems="0.069" idlems="0.069" threads="0" lastid="0000000001CEB700" lastname="main" />
</exclusive-start>
<allocation-taxation id="1364" taxation-threshold="10485760" timestamp="2019-06-15T00:50:06.624" intervalms="11.371" />
<cycle-start id="1365" type="partial gc" contextid="0" timestamp="2019-06-15T00:50:06.624" intervalms="30.282" />
<gc-start id="1366" type="partial gc" contextid="1365" timestamp="2019-06-15T00:50:06.624">
  <mem-info id="1367" free="14680064" total="59768832" percent="24">
    <mem type="eden" free="0" total="20971520" percent="0" />
    <remembered-set count="27136" freebytes="2277248" totalbytes="2385792" percent="95" regionsoverflowed="0" regionsstable="0" regionsrebuilding="15"/>
  </mem-info>
</gc-start>
<allocation-stats totalBytes="20957328" >
  <allocated-bytes non-tlh="0" tlh="20957328" arrayletleaf="0"/>
  <largest-consumer threadName="main" threadId="0000000001CEB700" bytes="10480336" />
</allocation-stats>
<gc-op id="1368" type="copy forward" timems="1.327" contextid="1365" timestamp="2019-06-15T00:50:06.626">
  <memory-copied type="eden" objects="5" bytes="272" bytesdiscarded="0" />
  <memory-copied type="other" objects="133" bytes="4096" bytesdiscarded="680" />
  <memory-cardclean objects="47" bytes="10368" />
  <regions eden="20" other="1" />
  <remembered-set-cleared processed="25509" cleared="75" durationms="0.113" />
  <references type="weak" candidates="2" cleared="0" enqueued="0" />
  <stringconstants candidates="13760" cleared="0"  />
</gc-op>
<gc-op id="1369" type="classunload" timems="0.003" contextid="1365" timestamp="2019-06-15T00:50:06.626">
  <classunload-info classloadercandidates="54" classloadersunloaded="0" classesunloaded="0" anonymousclassesunloaded="0" quiescems="0.000" setupms="0.003" scanms="0.000" postms="0.000" />
</gc-op>
<heap-resize id="1370" type="expand" space="default" amount="3145728" count="1" timems="0.061" reason="excessive time being spent in gc" timestamp="2019-06-15T00:50:06.626" />
<gc-end id="1371" type="partial gc" contextid="1365" durationms="2.587" usertimems="4.000" systemtimems="0.000" timestamp="2019-06-15T00:50:06.627" activeThreads="4">
  <mem-info id="1372" free="37748736" total="62914560" percent="60">
    <mem type="eden" free="1048304" total="1048576" percent="99" />
    <remembered-set count="27968" freebytes="2399488" totalbytes="2511360" percent="95" regionsoverflowed="0" regionsstable="0" regionsrebuilding="15"/>
  </mem-info>
</gc-end>
<cycle-end id="1373" type="partial gc" contextid="1365" timestamp="2019-06-15T00:50:06.627" />
  <attribute name="elasticGC enabled" value="1" />
  <attribute name= "numThreadsSpecified" value="4" />
  <attribute name="heapSize specified" value="0" />
  <attribute name="Current GC Util" value="56" />
  <attribute name= "Current Time Running" value="12573" />
  <attribute name ="GC Interval" value="0" />
  <attribute name="ProportionalT" value="18.000000" />
  <attribute name="ProportionalI" value="18.000000" />
  <attribute name="ProportionalH" value="18.000000" />
  <attribute name="Current Error" value="36.000000" />
  <attribute name="IntegralT" value="36.000000" />
  <attribute name="IntegralI" value="36.000000" />
  <attribute name="IntegralH" value="36.000000" />
  <attribute name="DerivativeT" value="18.000000" />
  <attribute name="DerivativeI" value="18.000000" />
  <attribute name="DerivativeH" value="18.000000" />
  <attribute name="Loop Time for DT" value="1.000000" />
  <attribute name="Output H" value="8388608"/>
  <attribute name="Output I" value="200"/>
  <attribute name="Output T" value="4"/>
  <attribute name="Target GC Util Change" value ="20.000000" />
  <attribute name="Current GC Util Change" value="56.000000"/>
  <attribute name="GC Util currently" value="56" />
  <attribute name="CPU Util currently" value="19876928744789" />
<exclusive-end id="1374" timestamp="2019-06-15T00:50:06.627" durationms="3.727" />

<exclusive-start id="1375" timestamp="2019-06-15T00:50:06.637" intervalms="13.363">
  <response-info timems="0.110" idlems="0.110" threads="0" lastid="0000000001CEB700" lastname="main" />
</exclusive-start>
<allocation-taxation id="1376" taxation-threshold="10485760" timestamp="2019-06-15T00:50:06.637" intervalms="13.411" />
<gc-start id="1377" type="global mark phase" contextid="1334" timestamp="2019-06-15T00:50:06.637">
  <mem-info id="1378" free="27262976" total="62914560" percent="43">
    <remembered-set count="27616" freebytes="2400896" totalbytes="2511360" percent="95" regionsoverflowed="0" regionsstable="0" regionsrebuilding="15"/>
  </mem-info>
</gc-start>
<gc-end id="1379" type="global mark phase" contextid="1334" durationms="0.209" usertimems="0.000" systemtimems="0.000" timestamp="2019-06-15T00:50:06.637" activeThreads="4">
  <mem-info id="1380" free="27262976" total="62914560" percent="43">
    <remembered-set count="27616" freebytes="2400896" totalbytes="2511360" percent="95" regionsoverflowed="0" regionsstable="0" regionsrebuilding="15"/>
  </mem-info>
</gc-end>
<concurrent-start id="1381" type="GMP work packet processing" contextid="1334" timestamp="2019-06-15T00:50:06.638">
  <concurrent-mark-start scanTarget="2105310" />
</concurrent-start>
<exclusive-end id="1382" timestamp="2019-06-15T00:50:06.639" durationms="2.098" />

<concurrent-end id="1383" type="GMP work packet processing" contextid="1334" timestamp="2019-06-15T00:50:06.639">
  <concurrent-mark-end bytesScanned="2146608" reasonForTermination="Work target met" />
</concurrent-end>

<exclusive-start id="1384" timestamp="2019-06-15T00:50:06.649" intervalms="11.798">
  <response-info timems="0.143" idlems="0.143" threads="0" lastid="0000000001CEB700" lastname="main" />
</exclusive-start>
<allocation-taxation id="1385" taxation-threshold="10485760" timestamp="2019-06-15T00:50:06.649" intervalms="11.743" />
<cycle-start id="1386" type="partial gc" contextid="0" timestamp="2019-06-15T00:50:06.649" intervalms="25.161" />
<gc-start id="1387" type="partial gc" contextid="1386" timestamp="2019-06-15T00:50:06.649">
  <mem-info id="1388" free="16777216" total="62914560" percent="26">
    <mem type="eden" free="1048304" total="22020096" percent="4" />
    <remembered-set count="43968" freebytes="2335488" totalbytes="2511360" percent="92" regionsoverflowed="0" regionsstable="0" regionsrebuilding="15"/>
  </mem-info>
</gc-start>
<allocation-stats totalBytes="20959792" >
  <allocated-bytes non-tlh="0" tlh="20959792" arrayletleaf="0"/>
  <largest-consumer threadName="main" threadId="0000000001CEB700" bytes="10480584" />
</allocation-stats>
<gc-op id="1389" type="copy forward" timems="1.476" contextid="1386" timestamp="2019-06-15T00:50:06.652">
  <memory-copied type="eden" objects="5" bytes="368" bytesdiscarded="0" />
  <memory-copied type="other" objects="0" bytes="0" bytesdiscarded="0" />
  <memory-cardclean objects="16" bytes="528" />
  <regions eden="20" other="1" />
  <remembered-set-cleared processed="41784" cleared="9" durationms="0.360" />
  <stringconstants candidates="13760" cleared="0"  />
</gc-op>
<gc-op id="1390" type="classunload" timems="0.004" contextid="1386" timestamp="2019-06-15T00:50:06.652">
  <classunload-info classloadercandidates="54" classloadersunloaded="0" classesunloaded="0" anonymousclassesunloaded="0" quiescems="0.000" setupms="0.004" scanms="0.000" postms="0.000" />
</gc-op>
<gc-end id="1391" type="partial gc" contextid="1386" durationms="2.693" usertimems="0.000" systemtimems="0.000" timestamp="2019-06-15T00:50:06.652" activeThreads="1">
  <mem-info id="1392" free="37748736" total="62914560" percent="60">
    <mem type="eden" free="1048208" total="1048576" percent="99" />
    <remembered-set count="44416" freebytes="2333696" totalbytes="2511360" percent="92" regionsoverflowed="0" regionsstable="0" regionsrebuilding="15"/>
  </mem-info>
</gc-end>
<cycle-end id="1393" type="partial gc" contextid="1386" timestamp="2019-06-15T00:50:06.652" />
  <attribute name="elasticGC enabled" value="1" />
  <attribute name= "numThreadsSpecified" value="1" />
  <attribute name="heapSize specified" value="0" />
  <attribute name="Current GC Util" value="66" />
  <attribute name= "Current Time Running" value="12598" />
  <attribute name ="GC Interval" value="0" />
  <attribute name="ProportionalT" value="23.000000" />
  <attribute name="ProportionalI" value="23.000000" />
  <attribute name="ProportionalH" value="23.000000" />
  <attribute name="Current Error" value="46.000000" />
  <attribute name="IntegralT" value="0.000000" />
  <attribute name="IntegralI" value="0.000000" />
  <attribute name="IntegralH" value="0.000000" />
  <attribute name="DerivativeT" value="inf" />
  <attribute name="DerivativeI" value="inf" />
  <attribute name="DerivativeH" value="inf" />
  <attribute name="Loop Time for DT" value="0.000000" />
  <attribute name="Output H" value="8388608"/>
  <attribute name="Output I" value="200"/>
  <attribute name="Output T" value="1"/>
  <attribute name="Target GC Util Change" value ="20.000000" />
  <attribute name="Current GC Util Change" value="66.000000"/>
  <attribute name="GC Util currently" value="66" />
  <attribute name="CPU Util currently" value="18851446827519" />
<exclusive-end id="1394" timestamp="2019-06-15T00:50:06.652" durationms="3.888" />

<exclusive-start id="1395" timestamp="2019-06-15T00:50:06.662" intervalms="13.444">
  <response-info timems="0.093" idlems="0.093" threads="0" lastid="0000000001CEB700" lastname="main" />
</exclusive-start>
<allocation-taxation id="1396" taxation-threshold="10485760" timestamp="2019-06-15T00:50:06.662" intervalms="13.488" />
<gc-start id="1397" type="global mark phase" contextid="1334" timestamp="2019-06-15T00:50:06.662">
  <mem-info id="1398" free="27262976" total="62914560" percent="43">
    <remembered-set count="44000" freebytes="2335360" totalbytes="2511360" percent="92" regionsoverflowed="0" regionsstable="0" regionsrebuilding="15"/>
  </mem-info>
</gc-start>
<gc-end id="1399" type="global mark phase" contextid="1334" durationms="0.186" usertimems="0.000" systemtimems="0.000" timestamp="2019-06-15T00:50:06.663" activeThreads="1">
  <mem-info id="1400" free="27262976" total="62914560" percent="43">
    <remembered-set count="44000" freebytes="2335360" totalbytes="2511360" percent="92" regionsoverflowed="0" regionsstable="0" regionsrebuilding="15"/>
  </mem-info>
</gc-end>
<concurrent-start id="1401" type="GMP work packet processing" contextid="1334" timestamp="2019-06-15T00:50:06.663">
  <concurrent-mark-start scanTarget="1048576" />
</concurrent-start>
<exclusive-end id="1402" timestamp="2019-06-15T00:50:06.664" durationms="1.685" />

<concurrent-end id="1403" type="GMP work packet processing" contextid="1334" timestamp="2019-06-15T00:50:06.664">
  <concurrent-mark-end bytesScanned="1117032" reasonForTermination="Work target met" />
</concurrent-end>

<exclusive-start id="1404" timestamp="2019-06-15T00:50:06.673" intervalms="11.427">
  <response-info timems="0.234" idlems="0.234" threads="0" lastid="0000000001CEB700" lastname="main" />
</exclusive-start>
<allocation-taxation id="1405" taxation-threshold="10485760" timestamp="2019-06-15T00:50:06.674" intervalms="11.423" />
<cycle-start id="1406" type="partial gc" contextid="0" timestamp="2019-06-15T00:50:06.674" intervalms="24.878" />
<gc-start id="1407" type="partial gc" contextid="1406" timestamp="2019-06-15T00:50:06.674">
  <mem-info id="1408" free="16777216" total="62914560" percent="26">
    <mem type="eden" free="1048208" total="22020096" percent="4" />
    <remembered-set count="52416" freebytes="2301696" totalbytes="2511360" percent="91" regionsoverflowed="0" regionsstable="0" regionsrebuilding="15"/>
  </mem-info>
</gc-start>
<allocation-stats totalBytes="20960328" >
  <allocated-bytes non-tlh="0" tlh="20960328" arrayletleaf="0"/>
  <largest-consumer threadName="main" threadId="0000000001CEB700" bytes="10480400" />
</allocation-stats>
<gc-op id="1409" type="copy forward" timems="1.346" contextid="1406" timestamp="2019-06-15T00:50:06.676">
  <memory-copied type="eden" objects="5" bytes="240" bytesdiscarded="0" />
  <memory-copied type="other" objects="0" bytes="0" bytesdiscarded="0" />
  <memory-cardclean objects="16" bytes="528" />
  <regions eden="20" other="1" />
  <remembered-set-cleared processed="49944" cleared="10" durationms="0.247" />
  <stringconstants candidates="13760" cleared="0"  />
</gc-op>
<gc-op id="1410" type="classunload" timems="0.004" contextid="1406" timestamp="2019-06-15T00:50:06.676">
  <classunload-info classloadercandidates="54" classloadersunloaded="0" classesunloaded="0" anonymousclassesunloaded="0" quiescems="0.000" setupms="0.004" scanms="0.000" postms="0.000" />
</gc-op>
<gc-end id="1411" type="partial gc" contextid="1406" durationms="2.409" usertimems="4.000" systemtimems="0.000" timestamp="2019-06-15T00:50:06.677" activeThreads="4">
  <mem-info id="1412" free="37748736" total="62914560" percent="60">
    <mem type="eden" free="1048336" total="1048576" percent="99" />
    <remembered-set count="51808" freebytes="2304128" totalbytes="2511360" percent="91" regionsoverflowed="0" regionsstable="0" regionsrebuilding="15"/>
  </mem-info>
</gc-end>
<cycle-end id="1413" type="partial gc" contextid="1406" timestamp="2019-06-15T00:50:06.677" />
  <attribute name="elasticGC enabled" value="1" />
  <attribute name= "numThreadsSpecified" value="4" />
  <attribute name="heapSize specified" value="0" />
  <attribute name="Current GC Util" value="53" />
  <attribute name= "Current Time Running" value="12623" />
  <attribute name ="GC Interval" value="0" />
  <attribute name="ProportionalT" value="16.500000" />
  <attribute name="ProportionalI" value="16.500000" />
  <attribute name="ProportionalH" value="16.500000" />
  <attribute name="Current Error" value="33.000000" />
  <attribute name="IntegralT" value="33.000000" />
  <attribute name="IntegralI" value="33.000000" />
  <attribute name="IntegralH" value="33.000000" />
  <attribute name="DerivativeT" value="16.500000" />
  <attribute name="DerivativeI" value="16.500000" />
  <attribute name="DerivativeH" value="16.500000" />
  <attribute name="Loop Time for DT" value="1.000000" />
  <attribute name="Output H" value="8388608"/>
  <attribute name="Output I" value="200"/>
  <attribute name="Output T" value="4"/>
  <attribute name="Target GC Util Change" value ="20.000000" />
  <attribute name="Current GC Util Change" value="53.000000"/>
  <attribute name="GC Util currently" value="53" />
  <attribute name="CPU Util currently" value="16523062892389" />
<exclusive-end id="1414" timestamp="2019-06-15T00:50:06.677" durationms="3.434" />

<exclusive-start id="1415" timestamp="2019-06-15T00:50:06.686" intervalms="12.934">
  <response-info timems="0.125" idlems="0.125" threads="0" lastid="0000000001CEB700" lastname="main" />
</exclusive-start>
<allocation-taxation id="1416" taxation-threshold="10485760" timestamp="2019-06-15T00:50:06.686" intervalms="12.852" />
<gc-start id="1417" type="global mark phase" contextid="1334" timestamp="2019-06-15T00:50:06.687">
  <mem-info id="1418" free="27262976" total="62914560" percent="43">
    <remembered-set count="51392" freebytes="2305792" totalbytes="2511360" percent="91" regionsoverflowed="0" regionsstable="0" regionsrebuilding="15"/>
  </mem-info>
</gc-start>
<gc-end id="1419" type="global mark phase" contextid="1334" durationms="0.125" usertimems="0.000" systemtimems="0.000" timestamp="2019-06-15T00:50:06.687" activeThreads="4">
  <mem-info id="1420" free="27262976" total="62914560" percent="43">
    <remembered-set count="51392" freebytes="2305792" totalbytes="2511360" percent="91" regionsoverflowed="0" regionsstable="0" regionsrebuilding="15"/>
  </mem-info>
</gc-end>
<concurrent-start id="1421" type="GMP work packet processing" contextid="1334" timestamp="2019-06-15T00:50:06.687">
  <concurrent-mark-start scanTarget="2105310" />
</concurrent-start>
<concurrent-end id="1422" type="GMP work packet processing" contextid="1334" timestamp="2019-06-15T00:50:06.688">
  <concurrent-mark-end bytesScanned="2154924" reasonForTermination="Work target met" />
</concurrent-end>

<exclusive-end id="1423" timestamp="2019-06-15T00:50:06.688" durationms="1.873" />

<exclusive-start id="1424" timestamp="2019-06-15T00:50:06.698" intervalms="11.506">
  <response-info timems="0.115" idlems="0.115" threads="0" lastid="0000000001CEB700" lastname="main" />
</exclusive-start>
<allocation-taxation id="1425" taxation-threshold="10485760" timestamp="2019-06-15T00:50:06.698" intervalms="11.508" />
<cycle-start id="1426" type="partial gc" contextid="0" timestamp="2019-06-15T00:50:06.698" intervalms="24.310" />
<gc-start id="1427" type="partial gc" contextid="1426" timestamp="2019-06-15T00:50:06.698">
  <mem-info id="1428" free="16777216" total="62914560" percent="26">
    <mem type="eden" free="1048336" total="22020096" percent="4" />
    <remembered-set count="71136" freebytes="2226816" totalbytes="2511360" percent="88" regionsoverflowed="0" regionsstable="0" regionsrebuilding="15"/>
  </mem-info>
</gc-start>
<allocation-stats totalBytes="20960968" >
  <allocated-bytes non-tlh="0" tlh="20960968" arrayletleaf="0"/>
  <largest-consumer threadName="main" threadId="0000000001CEB700" bytes="10480584" />
</allocation-stats>
<gc-op id="1429" type="copy forward" timems="1.564" contextid="1426" timestamp="2019-06-15T00:50:06.701">
  <memory-copied type="eden" objects="5" bytes="368" bytesdiscarded="0" />
  <memory-copied type="other" objects="0" bytes="0" bytesdiscarded="0" />
  <memory-cardclean objects="16" bytes="528" />
  <regions eden="20" other="1" />
  <remembered-set-cleared processed="68781" cleared="9" durationms="0.527" />
  <stringconstants candidates="13760" cleared="0"  />
</gc-op>
<gc-op id="1430" type="classunload" timems="0.003" contextid="1426" timestamp="2019-06-15T00:50:06.701">
  <classunload-info classloadercandidates="54" classloadersunloaded="0" classesunloaded="0" anonymousclassesunloaded="0" quiescems="0.000" setupms="0.003" scanms="0.000" postms="0.000" />
</gc-op>
<gc-end id="1431" type="partial gc" contextid="1426" durationms="2.605" usertimems="4.000" systemtimems="0.000" timestamp="2019-06-15T00:50:06.701" activeThreads="1">
  <mem-info id="1432" free="37748736" total="62914560" percent="60">
    <mem type="eden" free="1048208" total="1048576" percent="99" />
    <remembered-set count="71616" freebytes="2224896" totalbytes="2511360" percent="88" regionsoverflowed="0" regionsstable="0" regionsrebuilding="15"/>
  </mem-info>
</gc-end>
<cycle-end id="1433" type="partial gc" contextid="1426" timestamp="2019-06-15T00:50:06.701" />
  <attribute name="elasticGC enabled" value="1" />
  <attribute name= "numThreadsSpecified" value="1" />
  <attribute name="heapSize specified" value="0" />
  <attribute name="Current GC Util" value="53" />
  <attribute name= "Current Time Running" value="12647" />
  <attribute name ="GC Interval" value="0" />
  <attribute name="ProportionalT" value="16.500000" />
  <attribute name="ProportionalI" value="16.500000" />
  <attribute name="ProportionalH" value="16.500000" />
  <attribute name="Current Error" value="33.000000" />
  <attribute name="IntegralT" value="0.000000" />
  <attribute name="IntegralI" value="0.000000" />
  <attribute name="IntegralH" value="0.000000" />
  <attribute name="DerivativeT" value="inf" />
  <attribute name="DerivativeI" value="inf" />
  <attribute name="DerivativeH" value="inf" />
  <attribute name="Loop Time for DT" value="0.000000" />
  <attribute name="Output H" value="8388608"/>
  <attribute name="Output I" value="200"/>
  <attribute name="Output T" value="1"/>
  <attribute name="Target GC Util Change" value ="20.000000" />
  <attribute name="Current GC Util Change" value="53.000000"/>
  <attribute name="GC Util currently" value="53" />
  <attribute name="CPU Util currently" value="17050574706559" />
<exclusive-end id="1434" timestamp="2019-06-15T00:50:06.701" durationms="3.507" />

<exclusive-start id="1435" timestamp="2019-06-15T00:50:06.711" intervalms="13.006">
  <response-info timems="0.109" idlems="0.109" threads="0" lastid="0000000001CEB700" lastname="main" />
</exclusive-start>
<allocation-taxation id="1436" taxation-threshold="10485760" timestamp="2019-06-15T00:50:06.711" intervalms="13.045" />
<gc-start id="1437" type="global mark phase" contextid="1334" timestamp="2019-06-15T00:50:06.711">
  <mem-info id="1438" free="27262976" total="62914560" percent="43">
    <remembered-set count="71136" freebytes="2226816" totalbytes="2511360" percent="88" regionsoverflowed="0" regionsstable="0" regionsrebuilding="15"/>
  </mem-info>
</gc-start>
<gc-end id="1439" type="global mark phase" contextid="1334" durationms="0.184" usertimems="0.000" systemtimems="0.000" timestamp="2019-06-15T00:50:06.711" activeThreads="1">
  <mem-info id="1440" free="27262976" total="62914560" percent="43">
    <remembered-set count="71136" freebytes="2226816" totalbytes="2511360" percent="88" regionsoverflowed="0" regionsstable="0" regionsrebuilding="15"/>
  </mem-info>
</gc-end>
<concurrent-start id="1441" type="GMP work packet processing" contextid="1334" timestamp="2019-06-15T00:50:06.712">
  <concurrent-mark-start scanTarget="1048576" />
</concurrent-start>
<concurrent-end id="1443" type="GMP work packet processing" contextid="1334" timestamp="2019-06-15T00:50:06.712">
  <concurrent-mark-end bytesScanned="1101824" reasonForTermination="Work target met" />
</concurrent-end>

<exclusive-end id="1442" timestamp="2019-06-15T00:50:06.712" durationms="1.483" />

<exclusive-start id="1444" timestamp="2019-06-15T00:50:06.722" intervalms="11.084">
  <response-info timems="0.112" idlems="0.112" threads="0" lastid="0000000001CEB700" lastname="main" />
</exclusive-start>
<allocation-taxation id="1445" taxation-threshold="10485760" timestamp="2019-06-15T00:50:06.722" intervalms="11.033" />
<cycle-start id="1446" type="partial gc" contextid="0" timestamp="2019-06-15T00:50:06.722" intervalms="24.081" />
<gc-start id="1447" type="partial gc" contextid="1446" timestamp="2019-06-15T00:50:06.722">
  <mem-info id="1448" free="16777216" total="62914560" percent="26">
    <mem type="eden" free="1048208" total="22020096" percent="4" />
    <remembered-set count="84064" freebytes="2175104" totalbytes="2511360" percent="86" regionsoverflowed="0" regionsstable="0" regionsrebuilding="15"/>
  </mem-info>
</gc-start>
<allocation-stats totalBytes="20960328" >
  <allocated-bytes non-tlh="0" tlh="20960328" arrayletleaf="0"/>
  <largest-consumer threadName="main" threadId="0000000001CEB700" bytes="10480400" />
</allocation-stats>
<gc-op id="1449" type="copy forward" timems="1.617" contextid="1446" timestamp="2019-06-15T00:50:06.725">
  <memory-copied type="eden" objects="5" bytes="240" bytesdiscarded="0" />
  <memory-copied type="other" objects="0" bytes="0" bytesdiscarded="0" />
  <memory-cardclean objects="16" bytes="528" />
  <regions eden="20" other="1" />
  <remembered-set-cleared processed="81927" cleared="9" durationms="0.614" />
  <stringconstants candidates="13760" cleared="0"  />
</gc-op>
<gc-op id="1450" type="classunload" timems="0.004" contextid="1446" timestamp="2019-06-15T00:50:06.725">
  <classunload-info classloadercandidates="54" classloadersunloaded="0" classesunloaded="0" anonymousclassesunloaded="0" quiescems="0.000" setupms="0.004" scanms="0.000" postms="0.000" />
</gc-op>
<gc-end id="1451" type="partial gc" contextid="1446" durationms="2.693" usertimems="4.000" systemtimems="0.000" timestamp="2019-06-15T00:50:06.725" activeThreads="1">
  <mem-info id="1452" free="37748736" total="62914560" percent="60">
    <mem type="eden" free="1048336" total="1048576" percent="99" />
    <remembered-set count="84544" freebytes="2173184" totalbytes="2511360" percent="86" regionsoverflowed="0" regionsstable="0" regionsrebuilding="15"/>
  </mem-info>
</gc-end>
<cycle-end id="1453" type="partial gc" contextid="1446" timestamp="2019-06-15T00:50:06.725" />
  <attribute name="elasticGC enabled" value="1" />
  <attribute name= "numThreadsSpecified" value="1" />
  <attribute name="heapSize specified" value="0" />
  <attribute name="Current GC Util" value="49" />
  <attribute name= "Current Time Running" value="12671" />
  <attribute name ="GC Interval" value="0" />
  <attribute name="ProportionalT" value="14.500000" />
  <attribute name="ProportionalI" value="14.500000" />
  <attribute name="ProportionalH" value="14.500000" />
  <attribute name="Current Error" value="29.000000" />
  <attribute name="IntegralT" value="0.000000" />
  <attribute name="IntegralI" value="0.000000" />
  <attribute name="IntegralH" value="0.000000" />
  <attribute name="DerivativeT" value="inf" />
  <attribute name="DerivativeI" value="inf" />
  <attribute name="DerivativeH" value="inf" />
  <attribute name="Loop Time for DT" value="0.000000" />
  <attribute name="Output H" value="8388608"/>
  <attribute name="Output I" value="200"/>
  <attribute name="Output T" value="1"/>
  <attribute name="Target GC Util Change" value ="20.000000" />
  <attribute name="Current GC Util Change" value="49.000000"/>
  <attribute name="GC Util currently" value="49" />
  <attribute name="CPU Util currently" value="15920262057846" />
<exclusive-end id="1454" timestamp="2019-06-15T00:50:06.726" durationms="3.579" />

<exclusive-start id="1455" timestamp="2019-06-15T00:50:06.735" intervalms="13.104">
  <response-info timems="0.078" idlems="0.078" threads="0" lastid="0000000001CEB700" lastname="main" />
</exclusive-start>
<allocation-taxation id="1456" taxation-threshold="10485760" timestamp="2019-06-15T00:50:06.735" intervalms="13.190" />
<gc-start id="1457" type="global mark phase" contextid="1334" timestamp="2019-06-15T00:50:06.735">
  <mem-info id="1458" free="27262976" total="62914560" percent="43">
    <remembered-set count="84064" freebytes="2175104" totalbytes="2511360" percent="86" regionsoverflowed="0" regionsstable="0" regionsrebuilding="15"/>
  </mem-info>
</gc-start>
<gc-end id="1459" type="global mark phase" contextid="1334" durationms="0.137" usertimems="0.000" systemtimems="0.000" timestamp="2019-06-15T00:50:06.736" activeThreads="1">
  <mem-info id="1460" free="27262976" total="62914560" percent="43">
    <remembered-set count="84064" freebytes="2175104" totalbytes="2511360" percent="86" regionsoverflowed="0" regionsstable="0" regionsrebuilding="15"/>
  </mem-info>
</gc-end>
<concurrent-start id="1461" type="GMP work packet processing" contextid="1334" timestamp="2019-06-15T00:50:06.736">
  <concurrent-mark-start scanTarget="1048576" />
</concurrent-start>
<exclusive-end id="1462" timestamp="2019-06-15T00:50:06.736" durationms="1.422" />

<concurrent-end id="1463" type="GMP work packet processing" contextid="1334" timestamp="2019-06-15T00:50:06.737">
  <concurrent-mark-end bytesScanned="1092688" reasonForTermination="Work target met" />
</concurrent-end>

<exclusive-start id="1464" timestamp="2019-06-15T00:50:06.746" intervalms="10.873">
  <response-info timems="0.080" idlems="0.080" threads="0" lastid="0000000001CEB700" lastname="main" />
</exclusive-start>
<allocation-taxation id="1465" taxation-threshold="10485760" timestamp="2019-06-15T00:50:06.746" intervalms="10.798" />
<cycle-start id="1466" type="partial gc" contextid="0" timestamp="2019-06-15T00:50:06.746" intervalms="23.992" />
<gc-start id="1467" type="partial gc" contextid="1466" timestamp="2019-06-15T00:50:06.746">
  <mem-info id="1468" free="16777216" total="62914560" percent="26">
    <mem type="eden" free="1048336" total="22020096" percent="4" />
    <remembered-set count="97056" freebytes="2123136" totalbytes="2511360" percent="84" regionsoverflowed="0" regionsstable="0" regionsrebuilding="15"/>
  </mem-info>
</gc-start>
<allocation-stats totalBytes="20960968" >
  <allocated-bytes non-tlh="0" tlh="20960968" arrayletleaf="0"/>
  <largest-consumer threadName="main" threadId="0000000001CEB700" bytes="10480584" />
</allocation-stats>
<gc-op id="1469" type="copy forward" timems="1.643" contextid="1466" timestamp="2019-06-15T00:50:06.749">
  <memory-copied type="eden" objects="5" bytes="368" bytesdiscarded="0" />
  <memory-copied type="other" objects="0" bytes="0" bytesdiscarded="0" />
  <memory-cardclean objects="16" bytes="528" />
  <regions eden="20" other="1" />
  <remembered-set-cleared processed="94691" cleared="9" durationms="0.681" />
  <stringconstants candidates="13760" cleared="0"  />
</gc-op>
<gc-op id="1470" type="classunload" timems="0.005" contextid="1466" timestamp="2019-06-15T00:50:06.749">
  <classunload-info classloadercandidates="54" classloadersunloaded="0" classesunloaded="0" anonymousclassesunloaded="0" quiescems="0.000" setupms="0.005" scanms="0.000" postms="0.000" />
</gc-op>
<gc-end id="1471" type="partial gc" contextid="1466" durationms="2.702" usertimems="8.000" systemtimems="0.000" timestamp="2019-06-15T00:50:06.749" activeThreads="1">
  <mem-info id="1472" free="37748736" total="62914560" percent="60">
    <mem type="eden" free="1048208" total="1048576" percent="99" />
    <remembered-set count="97504" freebytes="2121344" totalbytes="2511360" percent="84" regionsoverflowed="0" regionsstable="0" regionsrebuilding="15"/>
  </mem-info>
</gc-end>
<cycle-end id="1473" type="partial gc" contextid="1466" timestamp="2019-06-15T00:50:06.749" />
  <attribute name="elasticGC enabled" value="1" />
  <attribute name= "numThreadsSpecified" value="1" />
  <attribute name="heapSize specified" value="0" />
  <attribute name="Current GC Util" value="50" />
  <attribute name= "Current Time Running" value="12695" />
  <attribute name ="GC Interval" value="0" />
  <attribute name="ProportionalT" value="15.000000" />
  <attribute name="ProportionalI" value="15.000000" />
  <attribute name="ProportionalH" value="15.000000" />
  <attribute name="Current Error" value="30.000000" />
  <attribute name="IntegralT" value="0.000000" />
  <attribute name="IntegralI" value="0.000000" />
  <attribute name="IntegralH" value="0.000000" />
  <attribute name="DerivativeT" value="inf" />
  <attribute name="DerivativeI" value="inf" />
  <attribute name="DerivativeH" value="inf" />
  <attribute name="Loop Time for DT" value="0.000000" />
  <attribute name="Output H" value="8388608"/>
  <attribute name="Output I" value="200"/>
  <attribute name="Output T" value="1"/>
  <attribute name="Target GC Util Change" value ="20.000000" />
  <attribute name="Current GC Util Change" value="50.000000"/>
  <attribute name="GC Util currently" value="50" />
  <attribute name="CPU Util currently" value="16678792011677" />
<exclusive-end id="1474" timestamp="2019-06-15T00:50:06.749" durationms="3.576" />

<exclusive-start id="1475" timestamp="2019-06-15T00:50:06.759" intervalms="13.081">
  <response-info timems="0.079" idlems="0.079" threads="0" lastid="0000000001CEB700" lastname="main" />
</exclusive-start>
<allocation-taxation id="1476" taxation-threshold="10485760" timestamp="2019-06-15T00:50:06.759" intervalms="13.172" />
<gc-start id="1477" type="global mark phase" contextid="1334" timestamp="2019-06-15T00:50:06.759">
  <mem-info id="1478" free="27262976" total="62914560" percent="43">
    <remembered-set count="97056" freebytes="2123136" totalbytes="2511360" percent="84" regionsoverflowed="0" regionsstable="0" regionsrebuilding="15"/>
  </mem-info>
</gc-start>
<gc-end id="1479" type="global mark phase" contextid="1334" durationms="0.124" usertimems="0.000" systemtimems="0.000" timestamp="2019-06-15T00:50:06.760" activeThreads="1">
  <mem-info id="1480" free="27262976" total="62914560" percent="43">
    <remembered-set count="97056" freebytes="2123136" totalbytes="2511360" percent="84" regionsoverflowed="0" regionsstable="0" regionsrebuilding="15"/>
  </mem-info>
</gc-end>
<concurrent-start id="1481" type="GMP work packet processing" contextid="1334" timestamp="2019-06-15T00:50:06.760">
  <concurrent-mark-start scanTarget="1048576" />
</concurrent-start>
<concurrent-end id="1482" type="GMP work packet processing" contextid="1334" timestamp="2019-06-15T00:50:06.761">
  <concurrent-mark-end bytesScanned="1096852" reasonForTermination="Work target met" />
</concurrent-end>

<exclusive-end id="1483" timestamp="2019-06-15T00:50:06.761" durationms="1.586" />

<exclusive-start id="1484" timestamp="2019-06-15T00:50:06.770" intervalms="11.227">
  <response-info timems="0.081" idlems="0.081" threads="0" lastid="0000000001CEB700" lastname="main" />
</exclusive-start>
<allocation-taxation id="1485" taxation-threshold="10485760" timestamp="2019-06-15T00:50:06.770" intervalms="11.152" />
<cycle-start id="1486" type="partial gc" contextid="0" timestamp="2019-06-15T00:50:06.770" intervalms="24.334" />
<gc-start id="1487" type="partial gc" contextid="1486" timestamp="2019-06-15T00:50:06.771">
  <mem-info id="1488" free="16777216" total="62914560" percent="26">
    <mem type="eden" free="1048208" total="22020096" percent="4" />
    <remembered-set count="116128" freebytes="2046848" totalbytes="2511360" percent="81" regionsoverflowed="0" regionsstable="0" regionsrebuilding="15"/>
  </mem-info>
</gc-start>
<allocation-stats totalBytes="20960328" >
  <allocated-bytes non-tlh="0" tlh="20960328" arrayletleaf="0"/>
  <largest-consumer threadName="main" threadId="0000000001CEB700" bytes="10480400" />
</allocation-stats>
<gc-op id="1489" type="copy forward" timems="1.819" contextid="1486" timestamp="2019-06-15T00:50:06.773">
  <memory-copied type="eden" objects="5" bytes="240" bytesdiscarded="0" />
  <memory-copied type="other" objects="0" bytes="0" bytesdiscarded="0" />
  <memory-cardclean objects="16" bytes="528" />
  <regions eden="20" other="1" />
  <remembered-set-cleared processed="114041" cleared="9" durationms="0.786" />
  <stringconstants candidates="13760" cleared="0"  />
</gc-op>
<gc-op id="1490" type="classunload" timems="0.005" contextid="1486" timestamp="2019-06-15T00:50:06.774">
  <classunload-info classloadercandidates="54" classloadersunloaded="0" classesunloaded="0" anonymousclassesunloaded="0" quiescems="0.000" setupms="0.005" scanms="0.000" postms="0.000" />
</gc-op>
<gc-end id="1491" type="partial gc" contextid="1486" durationms="2.855" usertimems="4.000" systemtimems="0.000" timestamp="2019-06-15T00:50:06.774" activeThreads="1">
  <mem-info id="1492" free="37748736" total="62914560" percent="60">
    <mem type="eden" free="1048336" total="1048576" percent="99" />
    <remembered-set count="116608" freebytes="2044928" totalbytes="2511360" percent="81" regionsoverflowed="0" regionsstable="0" regionsrebuilding="15"/>
  </mem-info>
</gc-end>
<cycle-end id="1493" type="partial gc" contextid="1486" timestamp="2019-06-15T00:50:06.774" />
  <attribute name="elasticGC enabled" value="1" />
  <attribute name= "numThreadsSpecified" value="1" />
  <attribute name="heapSize specified" value="0" />
  <attribute name="Current GC Util" value="66" />
  <attribute name= "Current Time Running" value="12719" />
  <attribute name ="GC Interval" value="0" />
  <attribute name="ProportionalT" value="23.000000" />
  <attribute name="ProportionalI" value="23.000000" />
  <attribute name="ProportionalH" value="23.000000" />
  <attribute name="Current Error" value="46.000000" />
  <attribute name="IntegralT" value="0.000000" />
  <attribute name="IntegralI" value="0.000000" />
  <attribute name="IntegralH" value="0.000000" />
  <attribute name="DerivativeT" value="inf" />
  <attribute name="DerivativeI" value="inf" />
  <attribute name="DerivativeH" value="inf" />
  <attribute name="Loop Time for DT" value="0.000000" />
  <attribute name="Output H" value="8388608"/>
  <attribute name="Output I" value="200"/>
  <attribute name="Output T" value="1"/>
  <attribute name="Target GC Util Change" value ="20.000000" />
  <attribute name="Current GC Util Change" value="66.000000"/>
  <attribute name="GC Util currently" value="66" />
  <attribute name="CPU Util currently" value="19052459765281" />
<exclusive-end id="1494" timestamp="2019-06-15T00:50:06.774" durationms="3.819" />

<exclusive-start id="1495" timestamp="2019-06-15T00:50:06.784" intervalms="13.327">
  <response-info timems="0.078" idlems="0.078" threads="0" lastid="0000000001CEB700" lastname="main" />
</exclusive-start>
<allocation-taxation id="1496" taxation-threshold="10485760" timestamp="2019-06-15T00:50:06.784" intervalms="13.444" />
<gc-start id="1497" type="global mark phase" contextid="1334" timestamp="2019-06-15T00:50:06.784">
  <mem-info id="1498" free="27262976" total="62914560" percent="43">
    <remembered-set count="116128" freebytes="2046848" totalbytes="2511360" percent="81" regionsoverflowed="0" regionsstable="0" regionsrebuilding="15"/>
  </mem-info>
</gc-start>
<gc-end id="1499" type="global mark phase" contextid="1334" durationms="0.209" usertimems="0.000" systemtimems="0.000" timestamp="2019-06-15T00:50:06.784" activeThreads="1">
  <mem-info id="1500" free="27262976" total="62914560" percent="43">
    <remembered-set count="116128" freebytes="2046848" totalbytes="2511360" percent="81" regionsoverflowed="0" regionsstable="0" regionsrebuilding="15"/>
  </mem-info>
</gc-end>
<concurrent-start id="1501" type="GMP work packet processing" contextid="1334" timestamp="2019-06-15T00:50:06.784">
  <concurrent-mark-start scanTarget="1048576" />
</concurrent-start>
<exclusive-end id="1502" timestamp="2019-06-15T00:50:06.785" durationms="1.647" />

<concurrent-end id="1503" type="GMP work packet processing" contextid="1334" timestamp="2019-06-15T00:50:06.785">
  <concurrent-mark-end bytesScanned="1100564" reasonForTermination="Work target met" />
</concurrent-end>

<exclusive-start id="1504" timestamp="2019-06-15T00:50:06.795" intervalms="11.194">
  <response-info timems="0.153" idlems="0.153" threads="0" lastid="0000000001CEB700" lastname="main" />
</exclusive-start>
<allocation-taxation id="1505" taxation-threshold="10485760" timestamp="2019-06-15T00:50:06.795" intervalms="11.090" />
<cycle-start id="1506" type="partial gc" contextid="0" timestamp="2019-06-15T00:50:06.795" intervalms="24.528" />
<gc-start id="1507" type="partial gc" contextid="1506" timestamp="2019-06-15T00:50:06.795">
  <mem-info id="1508" free="16777216" total="62914560" percent="26">
    <mem type="eden" free="1048336" total="22020096" percent="4" />
    <remembered-set count="123008" freebytes="2019328" totalbytes="2511360" percent="80" regionsoverflowed="0" regionsstable="0" regionsrebuilding="15"/>
  </mem-info>
</gc-start>
<allocation-stats totalBytes="20960968" >
  <allocated-bytes non-tlh="0" tlh="20960968" arrayletleaf="0"/>
  <largest-consumer threadName="main" threadId="0000000001CEB700" bytes="10480584" />
</allocation-stats>
<gc-op id="1509" type="copy forward" timems="1.785" contextid="1506" timestamp="2019-06-15T00:50:06.798">
  <memory-copied type="eden" objects="5" bytes="368" bytesdiscarded="0" />
  <memory-copied type="other" objects="0" bytes="0" bytesdiscarded="0" />
  <memory-cardclean objects="16" bytes="528" />
  <regions eden="20" other="1" />
  <remembered-set-cleared processed="120834" cleared="9" durationms="0.824" />
  <stringconstants candidates="13760" cleared="0"  />
</gc-op>
<gc-op id="1510" type="classunload" timems="0.004" contextid="1506" timestamp="2019-06-15T00:50:06.798">
  <classunload-info classloadercandidates="54" classloadersunloaded="0" classesunloaded="0" anonymousclassesunloaded="0" quiescems="0.000" setupms="0.004" scanms="0.000" postms="0.000" />
</gc-op>
<gc-end id="1511" type="partial gc" contextid="1506" durationms="2.950" usertimems="4.000" systemtimems="0.000" timestamp="2019-06-15T00:50:06.798" activeThreads="1">
  <mem-info id="1512" free="37748736" total="62914560" percent="60">
    <mem type="eden" free="1048208" total="1048576" percent="99" />
    <remembered-set count="123488" freebytes="2017408" totalbytes="2511360" percent="80" regionsoverflowed="0" regionsstable="0" regionsrebuilding="15"/>
  </mem-info>
</gc-end>
<cycle-end id="1513" type="partial gc" contextid="1506" timestamp="2019-06-15T00:50:06.799" />
  <attribute name="elasticGC enabled" value="1" />
  <attribute name= "numThreadsSpecified" value="1" />
  <attribute name="heapSize specified" value="0" />
  <attribute name="Current GC Util" value="50" />
  <attribute name= "Current Time Running" value="12744" />
  <attribute name ="GC Interval" value="0" />
  <attribute name="ProportionalT" value="15.000000" />
  <attribute name="ProportionalI" value="15.000000" />
  <attribute name="ProportionalH" value="15.000000" />
  <attribute name="Current Error" value="30.000000" />
  <attribute name="IntegralT" value="0.000000" />
  <attribute name="IntegralI" value="0.000000" />
  <attribute name="IntegralH" value="0.000000" />
  <attribute name="DerivativeT" value="inf" />
  <attribute name="DerivativeI" value="inf" />
  <attribute name="DerivativeH" value="inf" />
  <attribute name="Loop Time for DT" value="0.000000" />
  <attribute name="Output H" value="8388608"/>
  <attribute name="Output I" value="200"/>
  <attribute name="Output T" value="1"/>
  <attribute name="Target GC Util Change" value ="20.000000" />
  <attribute name="Current GC Util Change" value="50.000000"/>
  <attribute name="GC Util currently" value="50" />
  <attribute name="CPU Util currently" value="15849787913848" />
<exclusive-end id="1514" timestamp="2019-06-15T00:50:06.799" durationms="4.088" />

<exclusive-start id="1515" timestamp="2019-06-15T00:50:06.808" intervalms="13.635">
  <response-info timems="0.022" idlems="0.022" threads="0" lastid="0000000001CEB700" lastname="main" />
</exclusive-start>
<allocation-taxation id="1516" taxation-threshold="10485760" timestamp="2019-06-15T00:50:06.809" intervalms="13.678" />
<gc-start id="1517" type="global mark phase" contextid="1334" timestamp="2019-06-15T00:50:06.809">
  <mem-info id="1518" free="27262976" total="62914560" percent="43">
    <remembered-set count="123008" freebytes="2019328" totalbytes="2511360" percent="80" regionsoverflowed="0" regionsstable="0" regionsrebuilding="15"/>
  </mem-info>
</gc-start>
<gc-end id="1519" type="global mark phase" contextid="1334" durationms="0.123" usertimems="0.000" systemtimems="0.000" timestamp="2019-06-15T00:50:06.809" activeThreads="1">
  <mem-info id="1520" free="27262976" total="62914560" percent="43">
    <remembered-set count="123008" freebytes="2019328" totalbytes="2511360" percent="80" regionsoverflowed="0" regionsstable="0" regionsrebuilding="15"/>
  </mem-info>
</gc-end>
<concurrent-start id="1521" type="GMP work packet processing" contextid="1334" timestamp="2019-06-15T00:50:06.809">
  <concurrent-mark-start scanTarget="1048576" />
</concurrent-start>
<exclusive-end id="1522" timestamp="2019-06-15T00:50:06.810" durationms="1.278" />

<concurrent-end id="1523" type="GMP work packet processing" contextid="1334" timestamp="2019-06-15T00:50:06.813">
  <concurrent-mark-end bytesScanned="1103640" reasonForTermination="Work target met" />
</concurrent-end>

<exclusive-start id="1524" timestamp="2019-06-15T00:50:06.815" intervalms="6.823">
  <response-info timems="0.074" idlems="0.074" threads="0" lastid="0000000001CEB700" lastname="main" />
</exclusive-start>
<allocation-taxation id="1525" taxation-threshold="10485760" timestamp="2019-06-15T00:50:06.815" intervalms="6.776" />
<cycle-start id="1526" type="partial gc" contextid="0" timestamp="2019-06-15T00:50:06.816" intervalms="20.545" />
<gc-start id="1527" type="partial gc" contextid="1526" timestamp="2019-06-15T00:50:06.816">
  <mem-info id="1528" free="16777216" total="62914560" percent="26">
    <mem type="eden" free="1048208" total="22020096" percent="4" />
    <remembered-set count="127040" freebytes="2003200" totalbytes="2511360" percent="79" regionsoverflowed="0" regionsstable="0" regionsrebuilding="15"/>
  </mem-info>
</gc-start>
<allocation-stats totalBytes="20960328" >
  <allocated-bytes non-tlh="0" tlh="20960328" arrayletleaf="0"/>
  <largest-consumer threadName="main" threadId="0000000001CEB700" bytes="10480400" />
</allocation-stats>
<gc-op id="1529" type="copy forward" timems="1.761" contextid="1526" timestamp="2019-06-15T00:50:06.819">
  <memory-copied type="eden" objects="5" bytes="240" bytesdiscarded="0" />
  <memory-copied type="other" objects="0" bytes="0" bytesdiscarded="0" />
  <memory-cardclean objects="16" bytes="528" />
  <regions eden="20" other="1" />
  <remembered-set-cleared processed="124485" cleared="9" durationms="0.826" />
  <stringconstants candidates="13760" cleared="0"  />
</gc-op>
<gc-op id="1530" type="classunload" timems="0.004" contextid="1526" timestamp="2019-06-15T00:50:06.819">
  <classunload-info classloadercandidates="54" classloadersunloaded="0" classesunloaded="0" anonymousclassesunloaded="0" quiescems="0.000" setupms="0.004" scanms="0.000" postms="0.000" />
</gc-op>
<gc-end id="1531" type="partial gc" contextid="1526" durationms="2.948" usertimems="4.000" systemtimems="0.000" timestamp="2019-06-15T00:50:06.819" activeThreads="1">
  <mem-info id="1532" free="37748736" total="62914560" percent="60">
    <mem type="eden" free="1048336" total="1048576" percent="99" />
    <remembered-set count="127520" freebytes="2001280" totalbytes="2511360" percent="79" regionsoverflowed="0" regionsstable="0" regionsrebuilding="15"/>
  </mem-info>
</gc-end>
<cycle-end id="1533" type="partial gc" contextid="1526" timestamp="2019-06-15T00:50:06.819" />
  <attribute name="elasticGC enabled" value="1" />
  <attribute name= "numThreadsSpecified" value="1" />
  <attribute name="heapSize specified" value="0" />
  <attribute name="Current GC Util" value="62" />
  <attribute name= "Current Time Running" value="12764" />
  <attribute name ="GC Interval" value="0" />
  <attribute name="ProportionalT" value="21.000000" />
  <attribute name="ProportionalI" value="21.000000" />
  <attribute name="ProportionalH" value="21.000000" />
  <attribute name="Current Error" value="42.000000" />
  <attribute name="IntegralT" value="0.000000" />
  <attribute name="IntegralI" value="0.000000" />
  <attribute name="IntegralH" value="0.000000" />
  <attribute name="DerivativeT" value="inf" />
  <attribute name="DerivativeI" value="inf" />
  <attribute name="DerivativeH" value="inf" />
  <attribute name="Loop Time for DT" value="0.000000" />
  <attribute name="Output H" value="8388608"/>
  <attribute name="Output I" value="200"/>
  <attribute name="Output T" value="1"/>
  <attribute name="Target GC Util Change" value ="20.000000" />
  <attribute name="Current GC Util Change" value="62.000000"/>
  <attribute name="GC Util currently" value="62" />
  <attribute name="CPU Util currently" value="19211195869553" />
<exclusive-end id="1534" timestamp="2019-06-15T00:50:06.819" durationms="4.115" />

<exclusive-start id="1535" timestamp="2019-06-15T00:50:06.823" intervalms="7.823">
  <response-info timems="0.077" idlems="0.077" threads="0" lastid="0000000001CEB700" lastname="main" />
</exclusive-start>
<allocation-taxation id="1536" taxation-threshold="10485760" timestamp="2019-06-15T00:50:06.823" intervalms="7.832" />
<gc-start id="1537" type="global mark phase" contextid="1334" timestamp="2019-06-15T00:50:06.823">
  <mem-info id="1538" free="27262976" total="62914560" percent="43">
    <remembered-set count="127040" freebytes="2003200" totalbytes="2511360" percent="79" regionsoverflowed="0" regionsstable="0" regionsrebuilding="15"/>
  </mem-info>
</gc-start>
<gc-end id="1539" type="global mark phase" contextid="1334" durationms="0.183" usertimems="0.000" systemtimems="0.000" timestamp="2019-06-15T00:50:06.824" activeThreads="1">
  <mem-info id="1540" free="27262976" total="62914560" percent="43">
    <remembered-set count="127040" freebytes="2003200" totalbytes="2511360" percent="79" regionsoverflowed="0" regionsstable="0" regionsrebuilding="15"/>
  </mem-info>
</gc-end>
<concurrent-start id="1541" type="GMP work packet processing" contextid="1334" timestamp="2019-06-15T00:50:06.824">
  <concurrent-mark-start scanTarget="1048576" />
</concurrent-start>
<exclusive-end id="1542" timestamp="2019-06-15T00:50:06.824" durationms="1.104" />

<concurrent-end id="1543" type="GMP work packet processing" contextid="1334" timestamp="2019-06-15T00:50:06.824">
  <concurrent-mark-end bytesScanned="407748" reasonForTermination="Completed all work in GC phase" />
</concurrent-end>

<exclusive-start id="1544" timestamp="2019-06-15T00:50:06.828" intervalms="4.744">
  <response-info timems="0.065" idlems="0.065" threads="0" lastid="0000000001CEB700" lastname="main" />
</exclusive-start>
<allocation-taxation id="1545" taxation-threshold="10485760" timestamp="2019-06-15T00:50:06.828" intervalms="4.793" />
<cycle-start id="1546" type="partial gc" contextid="0" timestamp="2019-06-15T00:50:06.828" intervalms="12.621" />
<gc-start id="1547" type="partial gc" contextid="1546" timestamp="2019-06-15T00:50:06.828">
  <mem-info id="1548" free="16777216" total="62914560" percent="26">
    <mem type="eden" free="1048336" total="22020096" percent="4" />
    <remembered-set count="127680" freebytes="2000640" totalbytes="2511360" percent="79" regionsoverflowed="0" regionsstable="0" regionsrebuilding="15"/>
  </mem-info>
</gc-start>
<allocation-stats totalBytes="20960968" >
  <allocated-bytes non-tlh="0" tlh="20960968" arrayletleaf="0"/>
  <largest-consumer threadName="main" threadId="0000000001CEB700" bytes="10480584" />
</allocation-stats>
<gc-op id="1549" type="copy forward" timems="1.562" contextid="1546" timestamp="2019-06-15T00:50:06.831">
  <memory-copied type="eden" objects="5" bytes="368" bytesdiscarded="0" />
  <memory-copied type="other" objects="0" bytes="0" bytesdiscarded="0" />
  <memory-cardclean objects="16" bytes="528" />
  <regions eden="20" other="1" />
  <remembered-set-cleared processed="125961" cleared="8" durationms="0.769" />
  <stringconstants candidates="13760" cleared="0"  />
</gc-op>
<gc-op id="1550" type="classunload" timems="0.003" contextid="1546" timestamp="2019-06-15T00:50:06.831">
  <classunload-info classloadercandidates="54" classloadersunloaded="0" classesunloaded="0" anonymousclassesunloaded="0" quiescems="0.000" setupms="0.003" scanms="0.000" postms="0.000" />
</gc-op>
<gc-end id="1551" type="partial gc" contextid="1546" durationms="2.699" usertimems="4.000" systemtimems="0.000" timestamp="2019-06-15T00:50:06.831" activeThreads="1">
  <mem-info id="1552" free="37748736" total="62914560" percent="60">
    <mem type="eden" free="1048208" total="1048576" percent="99" />
    <remembered-set count="128160" freebytes="1998720" totalbytes="2511360" percent="79" regionsoverflowed="0" regionsstable="0" regionsrebuilding="15"/>
  </mem-info>
</gc-end>
<cycle-end id="1553" type="partial gc" contextid="1546" timestamp="2019-06-15T00:50:06.831" />
  <attribute name="elasticGC enabled" value="1" />
  <attribute name= "numThreadsSpecified" value="1" />
  <attribute name="heapSize specified" value="0" />
  <attribute name="Current GC Util" value="72" />
  <attribute name= "Current Time Running" value="12777" />
  <attribute name ="GC Interval" value="0" />
  <attribute name="ProportionalT" value="26.000000" />
  <attribute name="ProportionalI" value="26.000000" />
  <attribute name="ProportionalH" value="26.000000" />
  <attribute name="Current Error" value="52.000000" />
  <attribute name="IntegralT" value="0.000000" />
  <attribute name="IntegralI" value="0.000000" />
  <attribute name="IntegralH" value="0.000000" />
  <attribute name="DerivativeT" value="inf" />
  <attribute name="DerivativeI" value="inf" />
  <attribute name="DerivativeH" value="inf" />
  <attribute name="Loop Time for DT" value="0.000000" />
  <attribute name="Output H" value="8388608"/>
  <attribute name="Output I" value="200"/>
  <attribute name="Output T" value="1"/>
  <attribute name="Target GC Util Change" value ="20.000000" />
  <attribute name="Current GC Util Change" value="72.000000"/>
  <attribute name="GC Util currently" value="72" />
  <attribute name="CPU Util currently" value="19315719554471" />
<exclusive-end id="1554" timestamp="2019-06-15T00:50:06.832" durationms="3.852" />

<exclusive-start id="1555" timestamp="2019-06-15T00:50:06.835" intervalms="7.577">
  <response-info timems="0.069" idlems="0.069" threads="0" lastid="0000000001CEB700" lastname="main" />
</exclusive-start>
<allocation-taxation id="1556" taxation-threshold="10485760" timestamp="2019-06-15T00:50:06.836" intervalms="7.576" />
<gc-start id="1557" type="global mark phase" contextid="1334" timestamp="2019-06-15T00:50:06.836">
  <mem-info id="1558" free="27262976" total="62914560" percent="43">
    <remembered-set count="127680" freebytes="2000640" totalbytes="2511360" percent="79" regionsoverflowed="0" regionsstable="0" regionsrebuilding="15"/>
  </mem-info>
</gc-start>
<gc-op id="1559" type="mark increment" timems="1.289" contextid="1334" timestamp="2019-06-15T00:50:06.837">
  <trace-info objectcount="138" scancount="136" scanbytes="4124" />
  <cardclean-info objects="78" bytes="11344" />
  <finalization candidates="80" enqueued="0" />
  <ownableSynchronizers candidates="21" cleared="0" />
  <references type="soft" candidates="4854" cleared="0" enqueued="0" dynamicThreshold="19" maxThreshold="32" />
  <references type="weak" candidates="5596" cleared="0" enqueued="0" />
  <references type="phantom" candidates="101" cleared="0" enqueued="0" />
  <stringconstants candidates="13760" cleared="0"  />
</gc-op>
<gc-op id="1560" type="classunload" timems="0.004" contextid="1334" timestamp="2019-06-15T00:50:06.837">
  <classunload-info classloadercandidates="54" classloadersunloaded="0" classesunloaded="0" anonymousclassesunloaded="0" quiescems="0.000" setupms="0.004" scanms="0.000" postms="0.000" />
</gc-op>
<gc-end id="1561" type="global mark phase" contextid="1334" durationms="1.735" usertimems="0.000" systemtimems="0.000" timestamp="2019-06-15T00:50:06.837" activeThreads="4">
  <mem-info id="1562" free="27262976" total="62914560" percent="43">
    <remembered-set count="129728" freebytes="1992448" totalbytes="2511360" percent="79" regionsoverflowed="0" regionsstable="0" regionsrebuilding="0"/>
  </mem-info>
</gc-end>
<cycle-end id="1563" type="global mark phase" contextid="1334" timestamp="2019-06-15T00:50:06.838" />
  <attribute name="elasticGC enabled" value="1" />
  <attribute name= "numThreadsSpecified" value="4" />
  <attribute name="heapSize specified" value="0" />
  <attribute name="Current GC Util" value="0" />
  <attribute name= "Current Time Running" value="12784" />
  <attribute name ="GC Interval" value="0" />
  <attribute name="ProportionalT" value="-10.000000" />
  <attribute name="ProportionalI" value="-10.000000" />
  <attribute name="ProportionalH" value="-10.000000" />
  <attribute name="Current Error" value="-20.000000" />
  <attribute name="IntegralT" value="0.000000" />
  <attribute name="IntegralI" value="0.000000" />
  <attribute name="IntegralH" value="0.000000" />
  <attribute name="DerivativeT" value="-inf" />
  <attribute name="DerivativeI" value="-inf" />
  <attribute name="DerivativeH" value="-inf" />
  <attribute name="Loop Time for DT" value="0.000000" />
  <attribute name="Output H" value="2091843584"/>
  <attribute name="Output I" value="200"/>
  <attribute name="Output T" value="4"/>
  <attribute name="Target GC Util Change" value ="20.000000" />
  <attribute name="Current GC Util Change" value="0.000000"/>
  <attribute name="GC Util currently" value="0" />
  <attribute name="CPU Util currently" value="63522720570822" />
<exclusive-end id="1564" timestamp="2019-06-15T00:50:06.838" durationms="2.452" />

<exclusive-start id="1565" timestamp="2019-06-15T00:50:06.848" intervalms="12.749">
  <response-info timems="0.075" idlems="0.075" threads="0" lastid="0000000001CEB700" lastname="main" />
</exclusive-start>
<allocation-taxation id="1566" taxation-threshold="10485760" timestamp="2019-06-15T00:50:06.848" intervalms="12.749" />
<cycle-start id="1567" type="partial gc" contextid="0" timestamp="2019-06-15T00:50:06.849" intervalms="20.311" />
<gc-start id="1568" type="partial gc" contextid="1567" timestamp="2019-06-15T00:50:06.849">
  <mem-info id="1569" free="16777216" total="62914560" percent="26">
    <mem type="eden" free="1048208" total="22020096" percent="4" />
    <remembered-set count="10880" freebytes="2467840" totalbytes="2511360" percent="98" regionsoverflowed="0" regionsstable="15" regionsrebuilding="0"/>
  </mem-info>
</gc-start>
<allocation-stats totalBytes="20960528" >
  <allocated-bytes non-tlh="0" tlh="20960528" arrayletleaf="0"/>
  <largest-consumer threadName="main" threadId="0000000001CEB700" bytes="10480600" />
</allocation-stats>
<gc-op id="1570" type="sweep" timems="0.605" contextid="1567" timestamp="2019-06-15T00:50:06.850" />
<gc-op id="1571" type="copy forward" timems="1.213" contextid="1567" timestamp="2019-06-15T00:50:06.852">
  <memory-copied type="eden" objects="29" bytes="1560" bytesdiscarded="0" />
  <memory-copied type="other" objects="0" bytes="0" bytesdiscarded="0" />
  <memory-cardclean objects="64" bytes="2392" />
  <regions eden="10" other="1" />
  <remembered-set-cleared processed="9725" cleared="11" durationms="0.135" />
  <stringconstants candidates="13760" cleared="0"  />
</gc-op>
<gc-op id="1572" type="classunload" timems="0.004" contextid="1567" timestamp="2019-06-15T00:50:06.852">
  <classunload-info classloadercandidates="54" classloadersunloaded="0" classesunloaded="0" anonymousclassesunloaded="0" quiescems="0.000" setupms="0.004" scanms="0.000" postms="0.000" />
</gc-op>
<gc-end id="1573" type="partial gc" contextid="1567" durationms="3.202" usertimems="4.000" systemtimems="0.000" timestamp="2019-06-15T00:50:06.852" activeThreads="4">
  <mem-info id="1574" free="37748736" total="62914560" percent="60">
    <mem type="eden" free="1047016" total="1048576" percent="99" />
    <remembered-set count="11104" freebytes="2466944" totalbytes="2511360" percent="98" regionsoverflowed="0" regionsstable="15" regionsrebuilding="0"/>
  </mem-info>
</gc-end>
<cycle-end id="1575" type="partial gc" contextid="1567" timestamp="2019-06-15T00:50:06.852" />
  <attribute name="elasticGC enabled" value="1" />
  <attribute name= "numThreadsSpecified" value="4" />
  <attribute name="heapSize specified" value="0" />
  <attribute name="Current GC Util" value="55" />
  <attribute name= "Current Time Running" value="12798" />
  <attribute name ="GC Interval" value="0" />
  <attribute name="ProportionalT" value="17.500000" />
  <attribute name="ProportionalI" value="17.500000" />
  <attribute name="ProportionalH" value="17.500000" />
  <attribute name="Current Error" value="35.000000" />
  <attribute name="IntegralT" value="0.000000" />
  <attribute name="IntegralI" value="0.000000" />
  <attribute name="IntegralH" value="0.000000" />
  <attribute name="DerivativeT" value="-inf" />
  <attribute name="DerivativeI" value="-inf" />
  <attribute name="DerivativeH" value="-inf" />
  <attribute name="Loop Time for DT" value="0.000000" />
  <attribute name="Output H" value="2091843584"/>
  <attribute name="Output I" value="200"/>
  <attribute name="Output T" value="4"/>
  <attribute name="Target GC Util Change" value ="20.000000" />
  <attribute name="Current GC Util Change" value="55.000000"/>
  <attribute name="GC Util currently" value="55" />
  <attribute name="CPU Util currently" value="21002973911405" />
<exclusive-end id="1576" timestamp="2019-06-15T00:50:06.852" durationms="4.198" />

<exclusive-start id="1577" timestamp="2019-06-15T00:50:06.872" intervalms="23.591">
  <response-info timems="0.069" idlems="0.069" threads="0" lastid="0000000001CEB700" lastname="main" />
</exclusive-start>
<allocation-taxation id="1578" taxation-threshold="22020096" timestamp="2019-06-15T00:50:06.872" intervalms="23.544" />
<cycle-start id="1579" type="partial gc" contextid="0" timestamp="2019-06-15T00:50:06.872" intervalms="23.530" />
<gc-start id="1580" type="partial gc" contextid="1579" timestamp="2019-06-15T00:50:06.872">
  <mem-info id="1581" free="15728640" total="62914560" percent="25">
    <mem type="eden" free="0" total="22020096" percent="0" />
    <remembered-set count="10656" freebytes="2468736" totalbytes="2511360" percent="98" regionsoverflowed="0" regionsstable="15" regionsrebuilding="0"/>
  </mem-info>
</gc-start>
<allocation-stats totalBytes="22000760" >
  <allocated-bytes non-tlh="0" tlh="22000760" arrayletleaf="0"/>
  <largest-consumer threadName="main" threadId="0000000001CEB700" bytes="22000760" />
</allocation-stats>
<gc-op id="1582" type="copy forward" timems="1.888" contextid="1579" timestamp="2019-06-15T00:50:06.875">
  <memory-copied type="eden" objects="5" bytes="208" bytesdiscarded="0" />
  <memory-copied type="other" objects="5867" bytes="178120" bytesdiscarded="0" />
  <memory-cardclean objects="3299" bytes="212312" />
  <regions eden="21" other="4" />
  <remembered-set-cleared processed="9524" cleared="285" durationms="0.161" />
  <finalization candidates="1" enqueued="0" />
  <ownableSynchronizers candidates="2" cleared="0" />
  <references type="soft" candidates="60" cleared="0" enqueued="0" dynamicThreshold="19" maxThreshold="32" />
  <references type="weak" candidates="87" cleared="0" enqueued="0" />
  <stringconstants candidates="13760" cleared="0"  />
</gc-op>
<gc-op id="1583" type="classunload" timems="0.003" contextid="1579" timestamp="2019-06-15T00:50:06.875">
  <classunload-info classloadercandidates="54" classloadersunloaded="0" classesunloaded="0" anonymousclassesunloaded="0" quiescems="0.000" setupms="0.003" scanms="0.000" postms="0.000" />
</gc-op>
<gc-end id="1584" type="partial gc" contextid="1579" durationms="3.025" usertimems="4.000" systemtimems="0.000" timestamp="2019-06-15T00:50:06.875" activeThreads="1">
  <mem-info id="1585" free="37748736" total="62914560" percent="60">
    <mem type="eden" free="1048368" total="1048576" percent="99" />
    <remembered-set count="11296" freebytes="2466176" totalbytes="2511360" percent="98" regionsoverflowed="0" regionsstable="15" regionsrebuilding="0"/>
  </mem-info>
</gc-end>
<cycle-end id="1586" type="partial gc" contextid="1579" timestamp="2019-06-15T00:50:06.876" />
  <attribute name="elasticGC enabled" value="1" />
  <attribute name= "numThreadsSpecified" value="1" />
  <attribute name="heapSize specified" value="0" />
  <attribute name="Current GC Util" value="57" />
  <attribute name= "Current Time Running" value="12821" />
  <attribute name ="GC Interval" value="0" />
  <attribute name="ProportionalT" value="18.500000" />
  <attribute name="ProportionalI" value="18.500000" />
  <attribute name="ProportionalH" value="18.500000" />
  <attribute name="Current Error" value="37.000000" />
  <attribute name="IntegralT" value="0.000000" />
  <attribute name="IntegralI" value="0.000000" />
  <attribute name="IntegralH" value="0.000000" />
  <attribute name="DerivativeT" value="inf" />
  <attribute name="DerivativeI" value="inf" />
  <attribute name="DerivativeH" value="inf" />
  <attribute name="Loop Time for DT" value="0.000000" />
  <attribute name="Output H" value="8388608"/>
  <attribute name="Output I" value="200"/>
  <attribute name="Output T" value="1"/>
  <attribute name="Target GC Util Change" value ="20.000000" />
  <attribute name="Current GC Util Change" value="57.000000"/>
  <attribute name="GC Util currently" value="57" />
  <attribute name="CPU Util currently" value="20815084247953" />
<exclusive-end id="1587" timestamp="2019-06-15T00:50:06.876" durationms="4.166" />

<exclusive-start id="1588" timestamp="2019-06-15T00:50:06.895" intervalms="23.575">
  <response-info timems="0.092" idlems="0.092" threads="0" lastid="0000000001CEB700" lastname="main" />
</exclusive-start>
<allocation-taxation id="1589" taxation-threshold="22020096" timestamp="2019-06-15T00:50:06.895" intervalms="23.602" />
<cycle-start id="1590" type="partial gc" contextid="0" timestamp="2019-06-15T00:50:06.896" intervalms="23.564" />
<gc-start id="1591" type="partial gc" contextid="1590" timestamp="2019-06-15T00:50:06.896">
  <mem-info id="1592" free="15728640" total="62914560" percent="25">
    <mem type="eden" free="1048368" total="23068672" percent="4" />
    <remembered-set count="10880" freebytes="2467840" totalbytes="2511360" percent="98" regionsoverflowed="0" regionsstable="15" regionsrebuilding="0"/>
  </mem-info>
</gc-start>
<allocation-stats totalBytes="21999984" >
  <allocated-bytes non-tlh="0" tlh="21999984" arrayletleaf="0"/>
  <largest-consumer threadName="main" threadId="0000000001CEB700" bytes="21999984" />
</allocation-stats>
<gc-op id="1593" type="copy forward" timems="0.911" contextid="1590" timestamp="2019-06-15T00:50:06.897">
  <memory-copied type="eden" objects="5" bytes="216" bytesdiscarded="0" />
  <memory-copied type="other" objects="101" bytes="3456" bytesdiscarded="0" />
  <memory-cardclean objects="97" bytes="11472" />
  <regions eden="21" other="2" />
  <remembered-set-cleared processed="9717" cleared="22" durationms="0.160" />
  <references type="weak" candidates="35" cleared="0" enqueued="0" />
  <stringconstants candidates="13760" cleared="0"  />
</gc-op>
<gc-op id="1594" type="classunload" timems="0.004" contextid="1590" timestamp="2019-06-15T00:50:06.898">
  <classunload-info classloadercandidates="54" classloadersunloaded="0" classesunloaded="0" anonymousclassesunloaded="0" quiescems="0.000" setupms="0.004" scanms="0.000" postms="0.000" />
</gc-op>
<gc-end id="1595" type="partial gc" contextid="1590" durationms="1.888" usertimems="0.000" systemtimems="0.000" timestamp="2019-06-15T00:50:06.898" activeThreads="1">
  <mem-info id="1596" free="37748736" total="62914560" percent="60">
    <mem type="eden" free="1048360" total="1048576" percent="99" />
    <remembered-set count="11168" freebytes="2466688" totalbytes="2511360" percent="98" regionsoverflowed="0" regionsstable="15" regionsrebuilding="0"/>
  </mem-info>
</gc-end>
<cycle-end id="1597" type="partial gc" contextid="1590" timestamp="2019-06-15T00:50:06.898" />
  <attribute name="elasticGC enabled" value="1" />
  <attribute name= "numThreadsSpecified" value="1" />
  <attribute name="heapSize specified" value="0" />
  <attribute name="Current GC Util" value="80" />
  <attribute name= "Current Time Running" value="12844" />
  <attribute name ="GC Interval" value="0" />
  <attribute name="ProportionalT" value="30.000000" />
  <attribute name="ProportionalI" value="30.000000" />
  <attribute name="ProportionalH" value="30.000000" />
  <attribute name="Current Error" value="60.000000" />
  <attribute name="IntegralT" value="0.000000" />
  <attribute name="IntegralI" value="0.000000" />
  <attribute name="IntegralH" value="0.000000" />
  <attribute name="DerivativeT" value="inf" />
  <attribute name="DerivativeI" value="inf" />
  <attribute name="DerivativeH" value="inf" />
  <attribute name="Loop Time for DT" value="0.000000" />
  <attribute name="Output H" value="8388608"/>
  <attribute name="Output I" value="200"/>
  <attribute name="Output T" value="1"/>
  <attribute name="Target GC Util Change" value ="20.000000" />
  <attribute name="Current GC Util Change" value="80.000000"/>
  <attribute name="GC Util currently" value="80" />
  <attribute name="CPU Util currently" value="22914868302483" />
<exclusive-end id="1598" timestamp="2019-06-15T00:50:06.898" durationms="2.882" />

<exclusive-start id="1599" timestamp="2019-06-15T00:50:06.918" intervalms="22.341">
  <response-info timems="0.133" idlems="0.133" threads="0" lastid="0000000001CEB700" lastname="main" />
</exclusive-start>
<allocation-taxation id="1600" taxation-threshold="22020096" timestamp="2019-06-15T00:50:06.918" intervalms="22.386" />
<cycle-start id="1601" type="partial gc" contextid="0" timestamp="2019-06-15T00:50:06.918" intervalms="22.402" />
<gc-start id="1602" type="partial gc" contextid="1601" timestamp="2019-06-15T00:50:06.918">
  <mem-info id="1603" free="15728640" total="62914560" percent="25">
    <mem type="eden" free="1048360" total="23068672" percent="4" />
    <remembered-set count="10784" freebytes="2468224" totalbytes="2511360" percent="98" regionsoverflowed="0" regionsstable="15" regionsrebuilding="0"/>
  </mem-info>
</gc-start>
<allocation-stats totalBytes="22000664" >
  <allocated-bytes non-tlh="0" tlh="22000664" arrayletleaf="0"/>
  <largest-consumer threadName="main" threadId="0000000001CEB700" bytes="22000664" />
</allocation-stats>
<gc-op id="1604" type="copy forward" timems="1.261" contextid="1601" timestamp="2019-06-15T00:50:06.920">
  <memory-copied type="eden" objects="5" bytes="248" bytesdiscarded="0" />
  <memory-copied type="other" objects="9" bytes="224" bytesdiscarded="608" />
  <memory-cardclean objects="34" bytes="9392" />
  <regions eden="21" other="2" />
  <remembered-set-cleared processed="9715" cleared="16" durationms="0.141" />
  <references type="weak" candidates="2" cleared="0" enqueued="0" />
  <stringconstants candidates="13760" cleared="0"  />
</gc-op>
<gc-op id="1605" type="classunload" timems="0.004" contextid="1601" timestamp="2019-06-15T00:50:06.920">
  <classunload-info classloadercandidates="54" classloadersunloaded="0" classesunloaded="0" anonymousclassesunloaded="0" quiescems="0.000" setupms="0.004" scanms="0.000" postms="0.000" />
</gc-op>
<gc-end id="1606" type="partial gc" contextid="1601" durationms="2.115" usertimems="4.000" systemtimems="0.000" timestamp="2019-06-15T00:50:06.920" activeThreads="4">
  <mem-info id="1607" free="37748736" total="62914560" percent="60">
    <mem type="eden" free="1048328" total="1048576" percent="99" />
    <remembered-set count="10944" freebytes="2467584" totalbytes="2511360" percent="98" regionsoverflowed="0" regionsstable="15" regionsrebuilding="0"/>
  </mem-info>
</gc-end>
<cycle-end id="1608" type="partial gc" contextid="1601" timestamp="2019-06-15T00:50:06.921" />
  <attribute name="elasticGC enabled" value="1" />
  <attribute name= "numThreadsSpecified" value="4" />
  <attribute name="heapSize specified" value="0" />
  <attribute name="Current GC Util" value="89" />
  <attribute name= "Current Time Running" value="12867" />
  <attribute name ="GC Interval" value="0" />
  <attribute name="ProportionalT" value="34.500000" />
  <attribute name="ProportionalI" value="34.500000" />
  <attribute name="ProportionalH" value="34.500000" />
  <attribute name="Current Error" value="69.000000" />
  <attribute name="IntegralT" value="69.000000" />
  <attribute name="IntegralI" value="69.000000" />
  <attribute name="IntegralH" value="69.000000" />
  <attribute name="DerivativeT" value="34.500000" />
  <attribute name="DerivativeI" value="34.500000" />
  <attribute name="DerivativeH" value="34.500000" />
  <attribute name="Loop Time for DT" value="1.000000" />
  <attribute name="Output H" value="8388608"/>
  <attribute name="Output I" value="200"/>
  <attribute name="Output T" value="4"/>
  <attribute name="Target GC Util Change" value ="20.000000" />
  <attribute name="Current GC Util Change" value="89.000000"/>
  <attribute name="GC Util currently" value="89" />
  <attribute name="CPU Util currently" value="21907518469366" />
<exclusive-end id="1609" timestamp="2019-06-15T00:50:06.921" durationms="3.132" />

<exclusive-start id="1610" timestamp="2019-06-15T00:50:06.950" intervalms="32.085">
  <response-info timems="0.115" idlems="0.115" threads="0" lastid="0000000001CEB700" lastname="main" />
</exclusive-start>
<allocation-taxation id="1611" taxation-threshold="22020096" timestamp="2019-06-15T00:50:06.950" intervalms="32.096" />
<cycle-start id="1612" type="partial gc" contextid="0" timestamp="2019-06-15T00:50:06.950" intervalms="32.093" />
<gc-start id="1613" type="partial gc" contextid="1612" timestamp="2019-06-15T00:50:06.950">
  <mem-info id="1614" free="15728640" total="62914560" percent="25">
    <mem type="eden" free="1048328" total="23068672" percent="4" />
    <remembered-set count="10528" freebytes="2469248" totalbytes="2511360" percent="98" regionsoverflowed="0" regionsstable="15" regionsrebuilding="0"/>
  </mem-info>
</gc-start>
<allocation-stats totalBytes="22003400" >
  <allocated-bytes non-tlh="0" tlh="22003400" arrayletleaf="0"/>
  <largest-consumer threadName="main" threadId="0000000001CEB700" bytes="22003400" />
</allocation-stats>
<gc-op id="1615" type="copy forward" timems="0.928" contextid="1612" timestamp="2019-06-15T00:50:06.952">
  <memory-copied type="eden" objects="39" bytes="1696" bytesdiscarded="0" />
  <memory-copied type="other" objects="0" bytes="0" bytesdiscarded="0" />
  <memory-cardclean objects="75" bytes="2792" />
  <regions eden="21" other="1" />
  <remembered-set-cleared processed="9710" cleared="14" durationms="0.166" />
  <stringconstants candidates="13760" cleared="0"  />
</gc-op>
<gc-op id="1616" type="classunload" timems="0.004" contextid="1612" timestamp="2019-06-15T00:50:06.952">
  <classunload-info classloadercandidates="54" classloadersunloaded="0" classesunloaded="0" anonymousclassesunloaded="0" quiescems="0.000" setupms="0.003" scanms="0.000" postms="0.000" />
</gc-op>
<gc-end id="1617" type="partial gc" contextid="1612" durationms="1.916" usertimems="4.000" systemtimems="0.000" timestamp="2019-06-15T00:50:06.952" activeThreads="1">
  <mem-info id="1618" free="37748736" total="62914560" percent="60">
    <mem type="eden" free="1046880" total="1048576" percent="99" />
    <remembered-set count="10912" freebytes="2467712" totalbytes="2511360" percent="98" regionsoverflowed="0" regionsstable="15" regionsrebuilding="0"/>
  </mem-info>
</gc-end>
<cycle-end id="1619" type="partial gc" contextid="1612" timestamp="2019-06-15T00:50:06.952" />
  <attribute name="elasticGC enabled" value="1" />
  <attribute name= "numThreadsSpecified" value="1" />
  <attribute name="heapSize specified" value="0" />
  <attribute name="Current GC Util" value="66" />
  <attribute name= "Current Time Running" value="12899" />
  <attribute name ="GC Interval" value="0" />
  <attribute name="ProportionalT" value="23.000000" />
  <attribute name="ProportionalI" value="23.000000" />
  <attribute name="ProportionalH" value="23.000000" />
  <attribute name="Current Error" value="46.000000" />
  <attribute name="IntegralT" value="0.000000" />
  <attribute name="IntegralI" value="0.000000" />
  <attribute name="IntegralH" value="0.000000" />
  <attribute name="DerivativeT" value="inf" />
  <attribute name="DerivativeI" value="inf" />
  <attribute name="DerivativeH" value="inf" />
  <attribute name="Loop Time for DT" value="0.000000" />
  <attribute name="Output H" value="8388608"/>
  <attribute name="Output I" value="200"/>
  <attribute name="Output T" value="1"/>
  <attribute name="Target GC Util Change" value ="20.000000" />
  <attribute name="Current GC Util Change" value="66.000000"/>
  <attribute name="GC Util currently" value="66" />
  <attribute name="CPU Util currently" value="21543692903691" />
<exclusive-end id="1620" timestamp="2019-06-15T00:50:06.956" durationms="5.973" />

<exclusive-start id="1621" timestamp="2019-06-15T00:50:07.029" intervalms="79.016">
  <response-info timems="0.060" idlems="0.060" threads="0" lastid="0000000001CEB700" lastname="main" />
</exclusive-start>
<allocation-taxation id="1622" taxation-threshold="22020096" timestamp="2019-06-15T00:50:07.029" intervalms="78.961" />
<cycle-start id="1623" type="partial gc" contextid="0" timestamp="2019-06-15T00:50:07.029" intervalms="78.948" />
<gc-start id="1624" type="partial gc" contextid="1623" timestamp="2019-06-15T00:50:07.029">
  <mem-info id="1625" free="15728640" total="62914560" percent="25">
    <mem type="eden" free="0" total="22020096" percent="0" />
    <remembered-set count="10528" freebytes="2469248" totalbytes="2511360" percent="98" regionsoverflowed="0" regionsstable="15" regionsrebuilding="0"/>
  </mem-info>
</gc-start>
<allocation-stats totalBytes="22015184" >
  <allocated-bytes non-tlh="0" tlh="22015184" arrayletleaf="0"/>
  <largest-consumer threadName="main" threadId="0000000001CEB700" bytes="22015184" />
</allocation-stats>
<gc-op id="1626" type="copy forward" timems="0.891" contextid="1623" timestamp="2019-06-15T00:50:07.031">
  <memory-copied type="eden" objects="31" bytes="1504" bytesdiscarded="0" />
  <memory-copied type="other" objects="23" bytes="992" bytesdiscarded="0" />
  <memory-cardclean objects="47" bytes="2008" />
  <regions eden="21" other="1" />
  <remembered-set-cleared processed="9707" cleared="10" durationms="0.162" />
  <stringconstants candidates="13760" cleared="0"  />
</gc-op>
<gc-op id="1627" type="classunload" timems="0.004" contextid="1623" timestamp="2019-06-15T00:50:07.031">
  <classunload-info classloadercandidates="54" classloadersunloaded="0" classesunloaded="0" anonymousclassesunloaded="0" quiescems="0.000" setupms="0.004" scanms="0.000" postms="0.000" />
</gc-op>
<gc-end id="1628" type="partial gc" contextid="1623" durationms="1.956" usertimems="4.000" systemtimems="0.000" timestamp="2019-06-15T00:50:07.031" activeThreads="1">
  <mem-info id="1629" free="36700160" total="62914560" percent="58">
    <mem type="eden" free="1047072" total="1048576" percent="99" />
    <remembered-set count="10912" freebytes="2467712" totalbytes="2511360" percent="98" regionsoverflowed="0" regionsstable="15" regionsrebuilding="0"/>
  </mem-info>
</gc-end>
<cycle-end id="1630" type="partial gc" contextid="1623" timestamp="2019-06-15T00:50:07.031" />
  <attribute name="elasticGC enabled" value="1" />
  <attribute name= "numThreadsSpecified" value="1" />
  <attribute name="heapSize specified" value="0" />
  <attribute name="Current GC Util" value="82" />
  <attribute name= "Current Time Running" value="12978" />
  <attribute name ="GC Interval" value="0" />
  <attribute name="ProportionalT" value="31.000000" />
  <attribute name="ProportionalI" value="31.000000" />
  <attribute name="ProportionalH" value="31.000000" />
  <attribute name="Current Error" value="62.000000" />
  <attribute name="IntegralT" value="0.000000" />
  <attribute name="IntegralI" value="0.000000" />
  <attribute name="IntegralH" value="0.000000" />
  <attribute name="DerivativeT" value="inf" />
  <attribute name="DerivativeI" value="inf" />
  <attribute name="DerivativeH" value="inf" />
  <attribute name="Loop Time for DT" value="0.000000" />
  <attribute name="Output H" value="8388608"/>
  <attribute name="Output I" value="200"/>
  <attribute name="Output T" value="1"/>
  <attribute name="Target GC Util Change" value ="20.000000" />
  <attribute name="Current GC Util Change" value="82.000000"/>
  <attribute name="GC Util currently" value="82" />
  <attribute name="CPU Util currently" value="19171583177991" />
<exclusive-end id="1631" timestamp="2019-06-15T00:50:07.032" durationms="2.939" />

<exclusive-start id="1632" timestamp="2019-06-15T00:50:07.078" intervalms="49.035">
  <response-info timems="0.078" idlems="0.078" threads="0" lastid="0000000001CEB700" lastname="main" />
</exclusive-start>
<allocation-taxation id="1633" taxation-threshold="22020096" timestamp="2019-06-15T00:50:07.078" intervalms="49.043" />
<cycle-start id="1634" type="partial gc" contextid="0" timestamp="2019-06-15T00:50:07.078" intervalms="49.043" />
<gc-start id="1635" type="partial gc" contextid="1634" timestamp="2019-06-15T00:50:07.078">
  <mem-info id="1636" free="14680064" total="62914560" percent="23">
    <mem type="eden" free="1047072" total="23068672" percent="4" />
    <remembered-set count="10560" freebytes="2469120" totalbytes="2511360" percent="98" regionsoverflowed="0" regionsstable="15" regionsrebuilding="0"/>
  </mem-info>
</gc-start>
<allocation-stats totalBytes="22015192" >
  <allocated-bytes non-tlh="0" tlh="22015192" arrayletleaf="0"/>
  <largest-consumer threadName="main" threadId="0000000001CEB700" bytes="22015192" />
</allocation-stats>
<gc-op id="1637" type="copy forward" timems="0.880" contextid="1634" timestamp="2019-06-15T00:50:07.080">
  <memory-copied type="eden" objects="28" bytes="1328" bytesdiscarded="0" />
  <memory-copied type="other" objects="0" bytes="0" bytesdiscarded="0" />
  <memory-cardclean objects="14" bytes="512" />
  <regions eden="21" other="1" />
  <remembered-set-cleared processed="9712" cleared="0" durationms="0.157" />
  <stringconstants candidates="13760" cleared="0"  />
</gc-op>
<gc-op id="1638" type="classunload" timems="0.004" contextid="1634" timestamp="2019-06-15T00:50:07.080">
  <classunload-info classloadercandidates="54" classloadersunloaded="0" classesunloaded="0" anonymousclassesunloaded="0" quiescems="0.000" setupms="0.003" scanms="0.000" postms="0.000" />
</gc-op>
<gc-end id="1639" type="partial gc" contextid="1634" durationms="1.939" usertimems="0.000" systemtimems="4.000" timestamp="2019-06-15T00:50:07.080" activeThreads="1">
  <mem-info id="1640" free="36700160" total="62914560" percent="58">
    <mem type="eden" free="1047248" total="1048576" percent="99" />
    <remembered-set count="11040" freebytes="2467200" totalbytes="2511360" percent="98" regionsoverflowed="0" regionsstable="15" regionsrebuilding="0"/>
  </mem-info>
</gc-end>
<cycle-end id="1641" type="partial gc" contextid="1634" timestamp="2019-06-15T00:50:07.080" />
  <attribute name="elasticGC enabled" value="1" />
  <attribute name= "numThreadsSpecified" value="1" />
  <attribute name="heapSize specified" value="0" />
  <attribute name="Current GC Util" value="68" />
  <attribute name= "Current Time Running" value="13027" />
  <attribute name ="GC Interval" value="0" />
  <attribute name="ProportionalT" value="24.000000" />
  <attribute name="ProportionalI" value="24.000000" />
  <attribute name="ProportionalH" value="24.000000" />
  <attribute name="Current Error" value="48.000000" />
  <attribute name="IntegralT" value="0.000000" />
  <attribute name="IntegralI" value="0.000000" />
  <attribute name="IntegralH" value="0.000000" />
  <attribute name="DerivativeT" value="inf" />
  <attribute name="DerivativeI" value="inf" />
  <attribute name="DerivativeH" value="inf" />
  <attribute name="Loop Time for DT" value="0.000000" />
  <attribute name="Output H" value="8388608"/>
  <attribute name="Output I" value="200"/>
  <attribute name="Output T" value="1"/>
  <attribute name="Target GC Util Change" value ="20.000000" />
  <attribute name="Current GC Util Change" value="68.000000"/>
  <attribute name="GC Util currently" value="68" />
  <attribute name="CPU Util currently" value="19897683005789" />
<exclusive-end id="1642" timestamp="2019-06-15T00:50:07.081" durationms="2.914" />

<exclusive-start id="1643" timestamp="2019-06-15T00:50:07.126" intervalms="48.154">
  <response-info timems="0.062" idlems="0.062" threads="0" lastid="0000000001CEB700" lastname="main" />
</exclusive-start>
<allocation-taxation id="1644" taxation-threshold="22020096" timestamp="2019-06-15T00:50:07.126" intervalms="48.153" />
<cycle-start id="1645" type="partial gc" contextid="0" timestamp="2019-06-15T00:50:07.126" intervalms="48.157" />
<gc-start id="1646" type="partial gc" contextid="1645" timestamp="2019-06-15T00:50:07.127">
  <mem-info id="1647" free="14680064" total="62914560" percent="23">
    <mem type="eden" free="1047248" total="23068672" percent="4" />
    <remembered-set count="10560" freebytes="2469120" totalbytes="2511360" percent="98" regionsoverflowed="0" regionsstable="15" regionsrebuilding="0"/>
  </mem-info>
</gc-start>
<allocation-stats totalBytes="22015184" >
  <allocated-bytes non-tlh="0" tlh="22015184" arrayletleaf="0"/>
  <largest-consumer threadName="main" threadId="0000000001CEB700" bytes="22015184" />
</allocation-stats>
<gc-op id="1648" type="copy forward" timems="0.904" contextid="1645" timestamp="2019-06-15T00:50:07.128">
  <memory-copied type="eden" objects="25" bytes="1144" bytesdiscarded="0" />
  <memory-copied type="other" objects="0" bytes="0" bytesdiscarded="0" />
  <memory-cardclean objects="14" bytes="512" />
  <regions eden="21" other="1" />
  <remembered-set-cleared processed="9712" cleared="0" durationms="0.157" />
  <stringconstants candidates="13760" cleared="0"  />
</gc-op>
<gc-op id="1649" type="classunload" timems="0.003" contextid="1645" timestamp="2019-06-15T00:50:07.128">
  <classunload-info classloadercandidates="54" classloadersunloaded="0" classesunloaded="0" anonymousclassesunloaded="0" quiescems="0.000" setupms="0.003" scanms="0.000" postms="0.000" />
</gc-op>
<gc-end id="1650" type="partial gc" contextid="1645" durationms="1.924" usertimems="0.000" systemtimems="0.000" timestamp="2019-06-15T00:50:07.128" activeThreads="1">
  <mem-info id="1651" free="36700160" total="62914560" percent="58">
    <mem type="eden" free="1047432" total="1048576" percent="99" />
    <remembered-set count="11040" freebytes="2467200" totalbytes="2511360" percent="98" regionsoverflowed="0" regionsstable="15" regionsrebuilding="0"/>
  </mem-info>
</gc-end>
<cycle-end id="1652" type="partial gc" contextid="1645" timestamp="2019-06-15T00:50:07.129" />
  <attribute name="elasticGC enabled" value="1" />
  <attribute name= "numThreadsSpecified" value="1" />
  <attribute name="heapSize specified" value="0" />
  <attribute name="Current GC Util" value="75" />
  <attribute name= "Current Time Running" value="13075" />
  <attribute name ="GC Interval" value="0" />
  <attribute name="ProportionalT" value="27.500000" />
  <attribute name="ProportionalI" value="27.500000" />
  <attribute name="ProportionalH" value="27.500000" />
  <attribute name="Current Error" value="55.000000" />
  <attribute name="IntegralT" value="0.000000" />
  <attribute name="IntegralI" value="0.000000" />
  <attribute name="IntegralH" value="0.000000" />
  <attribute name="DerivativeT" value="inf" />
  <attribute name="DerivativeI" value="inf" />
  <attribute name="DerivativeH" value="inf" />
  <attribute name="Loop Time for DT" value="0.000000" />
  <attribute name="Output H" value="8388608"/>
  <attribute name="Output I" value="200"/>
  <attribute name="Output T" value="1"/>
  <attribute name="Target GC Util Change" value ="20.000000" />
  <attribute name="Current GC Util Change" value="75.000000"/>
  <attribute name="GC Util currently" value="75" />
  <attribute name="CPU Util currently" value="20372877269366" />
<exclusive-end id="1653" timestamp="2019-06-15T00:50:07.129" durationms="2.919" />

<exclusive-start id="1654" timestamp="2019-06-15T00:50:08.022" intervalms="896.259">
  <response-info timems="0.153" idlems="0.153" threads="0" lastid="0000000001CEB700" lastname="main" />
</exclusive-start>
<allocation-taxation id="1655" taxation-threshold="22020096" timestamp="2019-06-15T00:50:08.022" intervalms="896.312" />
<cycle-start id="1656" type="partial gc" contextid="0" timestamp="2019-06-15T00:50:08.023" intervalms="896.332" />
<gc-start id="1657" type="partial gc" contextid="1656" timestamp="2019-06-15T00:50:08.023">
  <mem-info id="1658" free="14680064" total="62914560" percent="23">
    <mem type="eden" free="1047432" total="23068672" percent="4" />
    <remembered-set count="10560" freebytes="2469120" totalbytes="2511360" percent="98" regionsoverflowed="0" regionsstable="15" regionsrebuilding="0"/>
  </mem-info>
</gc-start>
<allocation-stats totalBytes="21697624" >
  <allocated-bytes non-tlh="0" tlh="21697624" arrayletleaf="0"/>
  <largest-consumer threadName="main" threadId="0000000001CEB700" bytes="21697624" />
</allocation-stats>
<gc-op id="1659" type="copy forward" timems="0.957" contextid="1656" timestamp="2019-06-15T00:50:08.025">
  <memory-copied type="eden" objects="102" bytes="14464" bytesdiscarded="0" />
  <memory-copied type="other" objects="0" bytes="0" bytesdiscarded="0" />
  <memory-cardclean objects="113" bytes="4208" />
  <regions eden="21" other="1" />
  <remembered-set-cleared processed="9712" cleared="17" durationms="0.177" />
  <stringconstants candidates="13760" cleared="0"  />
</gc-op>
<gc-op id="1660" type="classunload" timems="0.003" contextid="1656" timestamp="2019-06-15T00:50:08.025">
  <classunload-info classloadercandidates="54" classloadersunloaded="0" classesunloaded="0" anonymousclassesunloaded="0" quiescems="0.000" setupms="0.003" scanms="0.000" postms="0.000" />
</gc-op>
<gc-end id="1661" type="partial gc" contextid="1656" durationms="2.187" usertimems="4.000" systemtimems="0.000" timestamp="2019-06-15T00:50:08.025" activeThreads="1">
  <mem-info id="1662" free="36700160" total="62914560" percent="58">
    <mem type="eden" free="1034112" total="1048576" percent="98" />
    <remembered-set count="10944" freebytes="2467584" totalbytes="2511360" percent="98" regionsoverflowed="0" regionsstable="15" regionsrebuilding="0"/>
  </mem-info>
</gc-end>
<cycle-end id="1663" type="partial gc" contextid="1656" timestamp="2019-06-15T00:50:08.025" />
  <attribute name="elasticGC enabled" value="1" />
  <attribute name= "numThreadsSpecified" value="1" />
  <attribute name="heapSize specified" value="0" />
  <attribute name="Current GC Util" value="86" />
  <attribute name= "Current Time Running" value="13971" />
  <attribute name ="GC Interval" value="0" />
  <attribute name="ProportionalT" value="33.000000" />
  <attribute name="ProportionalI" value="33.000000" />
  <attribute name="ProportionalH" value="33.000000" />
  <attribute name="Current Error" value="66.000000" />
  <attribute name="IntegralT" value="0.000000" />
  <attribute name="IntegralI" value="0.000000" />
  <attribute name="IntegralH" value="0.000000" />
  <attribute name="DerivativeT" value="inf" />
  <attribute name="DerivativeI" value="inf" />
  <attribute name="DerivativeH" value="inf" />
  <attribute name="Loop Time for DT" value="0.000000" />
  <attribute name="Output H" value="8388608"/>
  <attribute name="Output I" value="200"/>
  <attribute name="Output T" value="1"/>
  <attribute name="Target GC Util Change" value ="20.000000" />
  <attribute name="Current GC Util Change" value="86.000000"/>
  <attribute name="GC Util currently" value="86" />
  <attribute name="CPU Util currently" value="15919877348364" />
<exclusive-end id="1664" timestamp="2019-06-15T00:50:08.026" durationms="3.467" />

<exclusive-start id="1665" timestamp="2019-06-15T00:50:08.040" intervalms="17.811">
  <response-info timems="0.055" idlems="0.055" threads="0" lastid="0000000001CEB700" lastname="main" />
</exclusive-start>
<allocation-taxation id="1666" taxation-threshold="22020096" timestamp="2019-06-15T00:50:08.040" intervalms="17.828" />
<cycle-start id="1667" type="partial gc" contextid="0" timestamp="2019-06-15T00:50:08.040" intervalms="17.822" />
<gc-start id="1668" type="partial gc" contextid="1667" timestamp="2019-06-15T00:50:08.041">
  <mem-info id="1669" free="14680064" total="62914560" percent="23">
    <mem type="eden" free="0" total="22020096" percent="0" />
    <remembered-set count="10560" freebytes="2469120" totalbytes="2511360" percent="98" regionsoverflowed="0" regionsstable="15" regionsrebuilding="0"/>
  </mem-info>
</gc-start>
<allocation-stats totalBytes="20732800" >
  <allocated-bytes non-tlh="0" tlh="20732800" arrayletleaf="0"/>
  <largest-consumer threadName="main" threadId="0000000001CEB700" bytes="20732800" />
</allocation-stats>
<gc-op id="1670" type="copy forward" timems="0.990" contextid="1667" timestamp="2019-06-15T00:50:08.042">
  <memory-copied type="eden" objects="10" bytes="18216" bytesdiscarded="0" />
  <memory-copied type="other" objects="92" bytes="3552" bytesdiscarded="0" />
  <memory-cardclean objects="66" bytes="2832" />
  <regions eden="21" other="1" />
  <remembered-set-cleared processed="9709" cleared="12" durationms="0.162" />
  <stringconstants candidates="13760" cleared="0"  />
</gc-op>
<gc-op id="1671" type="classunload" timems="0.004" contextid="1667" timestamp="2019-06-15T00:50:08.043">
  <classunload-info classloadercandidates="54" classloadersunloaded="0" classesunloaded="0" anonymousclassesunloaded="0" quiescems="0.000" setupms="0.004" scanms="0.000" postms="0.000" />
</gc-op>
<gc-end id="1672" type="partial gc" contextid="1667" durationms="2.058" usertimems="0.000" systemtimems="0.000" timestamp="2019-06-15T00:50:08.043" activeThreads="1">
  <mem-info id="1673" free="35651584" total="62914560" percent="56">
    <mem type="eden" free="1030360" total="1048576" percent="98" />
    <remembered-set count="10944" freebytes="2467584" totalbytes="2511360" percent="98" regionsoverflowed="0" regionsstable="15" regionsrebuilding="0"/>
  </mem-info>
</gc-end>
<cycle-end id="1674" type="partial gc" contextid="1667" timestamp="2019-06-15T00:50:08.043" />
  <attribute name="elasticGC enabled" value="1" />
  <attribute name= "numThreadsSpecified" value="1" />
  <attribute name="heapSize specified" value="0" />
  <attribute name="Current GC Util" value="88" />
  <attribute name= "Current Time Running" value="13989" />
  <attribute name ="GC Interval" value="0" />
  <attribute name="ProportionalT" value="34.000000" />
  <attribute name="ProportionalI" value="34.000000" />
  <attribute name="ProportionalH" value="34.000000" />
  <attribute name="Current Error" value="68.000000" />
  <attribute name="IntegralT" value="0.000000" />
  <attribute name="IntegralI" value="0.000000" />
  <attribute name="IntegralH" value="0.000000" />
  <attribute name="DerivativeT" value="inf" />
  <attribute name="DerivativeI" value="inf" />
  <attribute name="DerivativeH" value="inf" />
  <attribute name="Loop Time for DT" value="0.000000" />
  <attribute name="Output H" value="8388608"/>
  <attribute name="Output I" value="200"/>
  <attribute name="Output T" value="1"/>
  <attribute name="Target GC Util Change" value ="20.000000" />
  <attribute name="Current GC Util Change" value="88.000000"/>
  <attribute name="GC Util currently" value="88" />
  <attribute name="CPU Util currently" value="19965910130381" />
<exclusive-end id="1675" timestamp="2019-06-15T00:50:08.043" durationms="3.208" />

<exclusive-start id="1676" timestamp="2019-06-15T00:50:08.057" intervalms="17.484">
  <response-info timems="0.139" idlems="0.139" threads="0" lastid="0000000001CEB700" lastname="main" />
</exclusive-start>
<allocation-taxation id="1677" taxation-threshold="22020096" timestamp="2019-06-15T00:50:08.058" intervalms="17.412" />
<cycle-start id="1678" type="partial gc" contextid="0" timestamp="2019-06-15T00:50:08.058" intervalms="17.391" />
<gc-start id="1679" type="partial gc" contextid="1678" timestamp="2019-06-15T00:50:08.058">
  <mem-info id="1680" free="13631488" total="62914560" percent="21">
    <mem type="eden" free="1030360" total="23068672" percent="4" />
    <remembered-set count="10592" freebytes="2468992" totalbytes="2511360" percent="98" regionsoverflowed="0" regionsstable="15" regionsrebuilding="0"/>
  </mem-info>
</gc-start>
<allocation-stats totalBytes="20727584" >
  <allocated-bytes non-tlh="0" tlh="20727584" arrayletleaf="0"/>
  <largest-consumer threadName="main" threadId="0000000001CEB700" bytes="20727584" />
</allocation-stats>
<gc-op id="1681" type="copy forward" timems="1.273" contextid="1678" timestamp="2019-06-15T00:50:08.060">
  <memory-copied type="eden" objects="10" bytes="13720" bytesdiscarded="0" />
  <memory-copied type="other" objects="0" bytes="0" bytesdiscarded="0" />
  <memory-cardclean objects="15" bytes="616" />
  <regions eden="21" other="1" />
  <remembered-set-cleared processed="9717" cleared="1" durationms="0.139" />
  <stringconstants candidates="13760" cleared="0"  />
</gc-op>
<gc-op id="1682" type="classunload" timems="0.005" contextid="1678" timestamp="2019-06-15T00:50:08.060">
  <classunload-info classloadercandidates="54" classloadersunloaded="0" classesunloaded="0" anonymousclassesunloaded="0" quiescems="0.000" setupms="0.004" scanms="0.000" postms="0.000" />
</gc-op>
<gc-end id="1683" type="partial gc" contextid="1678" durationms="2.283" usertimems="0.000" systemtimems="0.000" timestamp="2019-06-15T00:50:08.060" activeThreads="4">
  <mem-info id="1684" free="35651584" total="62914560" percent="56">
    <mem type="eden" free="1034856" total="1048576" percent="98" />
    <remembered-set count="11136" freebytes="2466816" totalbytes="2511360" percent="98" regionsoverflowed="0" regionsstable="15" regionsrebuilding="0"/>
  </mem-info>
</gc-end>
<cycle-end id="1685" type="partial gc" contextid="1678" timestamp="2019-06-15T00:50:08.061" />
  <attribute name="elasticGC enabled" value="1" />
  <attribute name= "numThreadsSpecified" value="4" />
  <attribute name="heapSize specified" value="0" />
  <attribute name="Current GC Util" value="85" />
  <attribute name= "Current Time Running" value="14007" />
  <attribute name ="GC Interval" value="0" />
  <attribute name="ProportionalT" value="32.500000" />
  <attribute name="ProportionalI" value="32.500000" />
  <attribute name="ProportionalH" value="32.500000" />
  <attribute name="Current Error" value="65.000000" />
  <attribute name="IntegralT" value="65.000000" />
  <attribute name="IntegralI" value="65.000000" />
  <attribute name="IntegralH" value="65.000000" />
  <attribute name="DerivativeT" value="32.500000" />
  <attribute name="DerivativeI" value="32.500000" />
  <attribute name="DerivativeH" value="32.500000" />
  <attribute name="Loop Time for DT" value="1.000000" />
  <attribute name="Output H" value="8388608"/>
  <attribute name="Output I" value="200"/>
  <attribute name="Output T" value="4"/>
  <attribute name="Target GC Util Change" value ="20.000000" />
  <attribute name="Current GC Util Change" value="85.000000"/>
  <attribute name="GC Util currently" value="85" />
  <attribute name="CPU Util currently" value="19744595726458" />
<exclusive-end id="1686" timestamp="2019-06-15T00:50:08.061" durationms="3.247" />

<exclusive-start id="1687" timestamp="2019-06-15T00:50:08.072" intervalms="14.988">
  <response-info timems="0.064" idlems="0.064" threads="0" lastid="0000000001CEB700" lastname="main" />
</exclusive-start>
<allocation-taxation id="1688" taxation-threshold="22020096" timestamp="2019-06-15T00:50:08.073" intervalms="14.974" />
<cycle-start id="1689" type="partial gc" contextid="0" timestamp="2019-06-15T00:50:08.073" intervalms="14.939" />
<gc-start id="1690" type="partial gc" contextid="1689" timestamp="2019-06-15T00:50:08.073">
  <mem-info id="1691" free="13631488" total="62914560" percent="21">
    <mem type="eden" free="1034856" total="23068672" percent="4" />
    <remembered-set count="11136" freebytes="2466816" totalbytes="2511360" percent="98" regionsoverflowed="0" regionsstable="15" regionsrebuilding="0"/>
  </mem-info>
</gc-start>
<allocation-stats totalBytes="20605824" >
  <allocated-bytes non-tlh="0" tlh="20605824" arrayletleaf="0"/>
  <largest-consumer threadName="main" threadId="0000000001CEB700" bytes="20605824" />
</allocation-stats>
<gc-op id="1692" type="copy forward" timems="0.960" contextid="1689" timestamp="2019-06-15T00:50:08.075">
  <memory-copied type="eden" objects="10" bytes="13720" bytesdiscarded="0" />
  <memory-copied type="other" objects="0" bytes="0" bytesdiscarded="0" />
  <memory-cardclean objects="15" bytes="616" />
  <regions eden="21" other="1" />
  <remembered-set-cleared processed="9717" cleared="1" durationms="0.164" />
  <stringconstants candidates="13760" cleared="0"  />
</gc-op>
<gc-op id="1693" type="classunload" timems="0.004" contextid="1689" timestamp="2019-06-15T00:50:08.075">
  <classunload-info classloadercandidates="54" classloadersunloaded="0" classesunloaded="0" anonymousclassesunloaded="0" quiescems="0.000" setupms="0.004" scanms="0.000" postms="0.000" />
</gc-op>
<heap-resize id="1694" type="expand" space="default" amount="5242880" count="1" timems="0.058" reason="excessive time being spent in gc" timestamp="2019-06-15T00:50:08.075" />
<gc-end id="1695" type="partial gc" contextid="1689" durationms="2.109" usertimems="0.000" systemtimems="0.000" timestamp="2019-06-15T00:50:08.075" activeThreads="1">
  <mem-info id="1696" free="40894464" total="68157440" percent="60">
    <mem type="eden" free="1034856" total="1048576" percent="98" />
    <remembered-set count="11584" freebytes="2674304" totalbytes="2720640" percent="98" regionsoverflowed="0" regionsstable="15" regionsrebuilding="0"/>
  </mem-info>
</gc-end>
<cycle-end id="1697" type="partial gc" contextid="1689" timestamp="2019-06-15T00:50:08.075" />
  <attribute name="elasticGC enabled" value="1" />
  <attribute name= "numThreadsSpecified" value="1" />
  <attribute name="heapSize specified" value="0" />
  <attribute name="Current GC Util" value="77" />
  <attribute name= "Current Time Running" value="14021" />
  <attribute name ="GC Interval" value="0" />
  <attribute name="ProportionalT" value="28.500000" />
  <attribute name="ProportionalI" value="28.500000" />
  <attribute name="ProportionalH" value="28.500000" />
  <attribute name="Current Error" value="57.000000" />
  <attribute name="IntegralT" value="0.000000" />
  <attribute name="IntegralI" value="0.000000" />
  <attribute name="IntegralH" value="0.000000" />
  <attribute name="DerivativeT" value="inf" />
  <attribute name="DerivativeI" value="inf" />
  <attribute name="DerivativeH" value="inf" />
  <attribute name="Loop Time for DT" value="0.000000" />
  <attribute name="Output H" value="8388608"/>
  <attribute name="Output I" value="200"/>
  <attribute name="Output T" value="1"/>
  <attribute name="Target GC Util Change" value ="20.000000" />
  <attribute name="Current GC Util Change" value="77.000000"/>
  <attribute name="GC Util currently" value="77" />
  <attribute name="CPU Util currently" value="22832276253490" />
<exclusive-end id="1698" timestamp="2019-06-15T00:50:08.075" durationms="2.996" />

<exclusive-start id="1699" timestamp="2019-06-15T00:50:08.655" intervalms="582.836">
  <response-info timems="0.199" idlems="0.199" threads="0" lastid="0000000001CEB700" lastname="main" />
</exclusive-start>
<allocation-taxation id="1700" taxation-threshold="24117248" timestamp="2019-06-15T00:50:08.655" intervalms="582.845" />
<cycle-start id="1701" type="partial gc" contextid="0" timestamp="2019-06-15T00:50:08.656" intervalms="582.825" />
<gc-start id="1702" type="partial gc" contextid="1701" timestamp="2019-06-15T00:50:08.656">
  <mem-info id="1703" free="16777216" total="68157440" percent="24">
    <mem type="eden" free="1034856" total="25165824" percent="4" />
    <remembered-set count="11104" freebytes="2676224" totalbytes="2720640" percent="98" regionsoverflowed="0" regionsstable="15" regionsrebuilding="0"/>
  </mem-info>
</gc-start>
<allocation-stats totalBytes="24114704" >
  <allocated-bytes non-tlh="0" tlh="24114704" arrayletleaf="0"/>
  <largest-consumer threadName="main" threadId="0000000001CEB700" bytes="24114704" />
</allocation-stats>
<gc-op id="1704" type="copy forward" timems="1.026" contextid="1701" timestamp="2019-06-15T00:50:08.658">
  <memory-copied type="eden" objects="59" bytes="41528" bytesdiscarded="0" />
  <memory-copied type="other" objects="0" bytes="0" bytesdiscarded="0" />
  <memory-cardclean objects="127" bytes="4912" />
  <regions eden="23" other="1" />
  <remembered-set-cleared processed="9717" cleared="9" durationms="0.187" />
  <stringconstants candidates="13760" cleared="0"  />
</gc-op>
<gc-op id="1705" type="classunload" timems="0.017" contextid="1701" timestamp="2019-06-15T00:50:08.658">
  <classunload-info classloadercandidates="54" classloadersunloaded="0" classesunloaded="0" anonymousclassesunloaded="0" quiescems="0.000" setupms="0.017" scanms="0.000" postms="0.000" />
</gc-op>
<gc-end id="1706" type="partial gc" contextid="1701" durationms="2.094" usertimems="4.000" systemtimems="0.000" timestamp="2019-06-15T00:50:08.658" activeThreads="1">
  <mem-info id="1707" free="40894464" total="68157440" percent="60">
    <mem type="eden" free="1007048" total="1048576" percent="96" />
    <remembered-set count="11584" freebytes="2674304" totalbytes="2720640" percent="98" regionsoverflowed="0" regionsstable="15" regionsrebuilding="0"/>
  </mem-info>
</gc-end>
<cycle-end id="1708" type="partial gc" contextid="1701" timestamp="2019-06-15T00:50:08.658" />
  <attribute name="elasticGC enabled" value="1" />
  <attribute name= "numThreadsSpecified" value="1" />
  <attribute name="heapSize specified" value="0" />
  <attribute name="Current GC Util" value="71" />
  <attribute name= "Current Time Running" value="14604" />
  <attribute name ="GC Interval" value="0" />
  <attribute name="ProportionalT" value="25.500000" />
  <attribute name="ProportionalI" value="25.500000" />
  <attribute name="ProportionalH" value="25.500000" />
  <attribute name="Current Error" value="51.000000" />
  <attribute name="IntegralT" value="0.000000" />
  <attribute name="IntegralI" value="0.000000" />
  <attribute name="IntegralH" value="0.000000" />
  <attribute name="DerivativeT" value="inf" />
  <attribute name="DerivativeI" value="inf" />
  <attribute name="DerivativeH" value="inf" />
  <attribute name="Loop Time for DT" value="0.000000" />
  <attribute name="Output H" value="8388608"/>
  <attribute name="Output I" value="200"/>
  <attribute name="Output T" value="1"/>
  <attribute name="Target GC Util Change" value ="20.000000" />
  <attribute name="Current GC Util Change" value="71.000000"/>
  <attribute name="GC Util currently" value="71" />
  <attribute name="CPU Util currently" value="18273366260528" />
<exclusive-end id="1709" timestamp="2019-06-15T00:50:08.658" durationms="3.057" />

<exclusive-start id="1710" timestamp="2019-06-15T00:50:08.758" intervalms="103.211">
  <response-info timems="0.091" idlems="0.091" threads="0" lastid="0000000001CEB700" lastname="main" />
</exclusive-start>
<allocation-taxation id="1711" taxation-threshold="24117248" timestamp="2019-06-15T00:50:08.759" intervalms="103.260" />
<cycle-start id="1712" type="partial gc" contextid="0" timestamp="2019-06-15T00:50:08.759" intervalms="103.325" />
<gc-start id="1713" type="partial gc" contextid="1712" timestamp="2019-06-15T00:50:08.759">
  <mem-info id="1714" free="16777216" total="68157440" percent="24">
    <mem type="eden" free="0" total="24117248" percent="0" />
    <remembered-set count="11104" freebytes="2676224" totalbytes="2720640" percent="98" regionsoverflowed="0" regionsstable="15" regionsrebuilding="0"/>
  </mem-info>
</gc-start>
<allocation-stats totalBytes="24114208" >
  <allocated-bytes non-tlh="0" tlh="24114208" arrayletleaf="0"/>
  <largest-consumer threadName="main" threadId="0000000001CEB700" bytes="24114208" />
</allocation-stats>
<gc-op id="1715" type="copy forward" timems="1.572" contextid="1712" timestamp="2019-06-15T00:50:08.761">
  <memory-copied type="eden" objects="1" bytes="24" bytesdiscarded="0" />
  <memory-copied type="other" objects="58" bytes="41504" bytesdiscarded="320" />
  <memory-cardclean objects="69" bytes="2896" />
  <regions eden="23" other="1" />
  <remembered-set-cleared processed="9715" cleared="6" durationms="0.137" />
  <stringconstants candidates="13760" cleared="0"  />
</gc-op>
<gc-op id="1716" type="classunload" timems="0.004" contextid="1712" timestamp="2019-06-15T00:50:08.762">
  <classunload-info classloadercandidates="54" classloadersunloaded="0" classesunloaded="0" anonymousclassesunloaded="0" quiescems="0.000" setupms="0.004" scanms="0.000" postms="0.000" />
</gc-op>
<gc-end id="1717" type="partial gc" contextid="1712" durationms="2.613" usertimems="4.000" systemtimems="0.000" timestamp="2019-06-15T00:50:08.762" activeThreads="4">
  <mem-info id="1718" free="39845888" total="68157440" percent="58">
    <mem type="eden" free="1048552" total="1048576" percent="99" />
    <remembered-set count="11648" freebytes="2674048" totalbytes="2720640" percent="98" regionsoverflowed="0" regionsstable="15" regionsrebuilding="0"/>
  </mem-info>
</gc-end>
<cycle-end id="1719" type="partial gc" contextid="1712" timestamp="2019-06-15T00:50:08.762" />
  <attribute name="elasticGC enabled" value="1" />
  <attribute name= "numThreadsSpecified" value="4" />
  <attribute name="heapSize specified" value="0" />
  <attribute name="Current GC Util" value="80" />
  <attribute name= "Current Time Running" value="14708" />
  <attribute name ="GC Interval" value="0" />
  <attribute name="ProportionalT" value="30.000000" />
  <attribute name="ProportionalI" value="30.000000" />
  <attribute name="ProportionalH" value="30.000000" />
  <attribute name="Current Error" value="60.000000" />
  <attribute name="IntegralT" value="60.000000" />
  <attribute name="IntegralI" value="60.000000" />
  <attribute name="IntegralH" value="60.000000" />
  <attribute name="DerivativeT" value="30.000000" />
  <attribute name="DerivativeI" value="30.000000" />
  <attribute name="DerivativeH" value="30.000000" />
  <attribute name="Loop Time for DT" value="1.000000" />
  <attribute name="Output H" value="8388608"/>
  <attribute name="Output I" value="200"/>
  <attribute name="Output T" value="4"/>
  <attribute name="Target GC Util Change" value ="20.000000" />
  <attribute name="Current GC Util Change" value="80.000000"/>
  <attribute name="GC Util currently" value="80" />
  <attribute name="CPU Util currently" value="15977293479219" />
<exclusive-end id="1720" timestamp="2019-06-15T00:50:08.762" durationms="3.674" />

<exclusive-start id="1721" timestamp="2019-06-15T00:50:08.873" intervalms="114.745">
  <response-info timems="0.026" idlems="0.026" threads="0" lastid="0000000001CEB700" lastname="main" />
</exclusive-start>
<allocation-taxation id="1722" taxation-threshold="24117248" timestamp="2019-06-15T00:50:08.873" intervalms="114.723" />
<cycle-start id="1723" type="partial gc" contextid="0" timestamp="2019-06-15T00:50:08.874" intervalms="114.745" />
<gc-start id="1724" type="partial gc" contextid="1723" timestamp="2019-06-15T00:50:08.874">
  <mem-info id="1725" free="15728640" total="68157440" percent="23">
    <mem type="eden" free="1048552" total="25165824" percent="4" />
    <remembered-set count="11168" freebytes="2675968" totalbytes="2720640" percent="98" regionsoverflowed="0" regionsstable="15" regionsrebuilding="0"/>
  </mem-info>
</gc-start>
<allocation-stats totalBytes="24113688" >
  <allocated-bytes non-tlh="32" tlh="24113656" arrayletleaf="0"/>
  <largest-consumer threadName="main" threadId="0000000001CEB700" bytes="24113688" />
</allocation-stats>
<gc-op id="1726" type="copy forward" timems="1.006" contextid="1723" timestamp="2019-06-15T00:50:08.876">
  <memory-copied type="eden" objects="46" bytes="1456" bytesdiscarded="0" />
  <memory-copied type="other" objects="0" bytes="0" bytesdiscarded="0" />
  <memory-cardclean objects="73" bytes="2848" />
  <regions eden="23" other="1" />
  <remembered-set-cleared processed="9723" cleared="7" durationms="0.180" />
  <stringconstants candidates="13761" cleared="0"  />
</gc-op>
<gc-op id="1727" type="classunload" timems="0.003" contextid="1723" timestamp="2019-06-15T00:50:08.876">
  <classunload-info classloadercandidates="54" classloadersunloaded="0" classesunloaded="0" anonymousclassesunloaded="0" quiescems="0.000" setupms="0.003" scanms="0.000" postms="0.000" />
</gc-op>
<heap-resize id="1728" type="contract" space="default" amount="4194304" count="1" timems="0.060" reason="insufficient time being spent in gc" timestamp="2019-06-15T00:50:08.876" />
<gc-end id="1729" type="partial gc" contextid="1723" durationms="2.404" usertimems="4.000" systemtimems="0.000" timestamp="2019-06-15T00:50:08.876" activeThreads="1">
  <mem-info id="1730" free="35651584" total="63963136" percent="55">
    <mem type="eden" free="1047120" total="1048576" percent="99" />
    <remembered-set count="11616" freebytes="2674176" totalbytes="2720640" percent="98" regionsoverflowed="0" regionsstable="15" regionsrebuilding="0"/>
  </mem-info>
</gc-end>
<cycle-end id="1731" type="partial gc" contextid="1723" timestamp="2019-06-15T00:50:08.877" />
  <attribute name="elasticGC enabled" value="1" />
  <attribute name= "numThreadsSpecified" value="1" />
  <attribute name="heapSize specified" value="0" />
  <attribute name="Current GC Util" value="58" />
  <attribute name= "Current Time Running" value="14822" />
  <attribute name ="GC Interval" value="0" />
  <attribute name="ProportionalT" value="19.000000" />
  <attribute name="ProportionalI" value="19.000000" />
  <attribute name="ProportionalH" value="19.000000" />
  <attribute name="Current Error" value="38.000000" />
  <attribute name="IntegralT" value="0.000000" />
  <attribute name="IntegralI" value="0.000000" />
  <attribute name="IntegralH" value="0.000000" />
  <attribute name="DerivativeT" value="inf" />
  <attribute name="DerivativeI" value="inf" />
  <attribute name="DerivativeH" value="inf" />
  <attribute name="Loop Time for DT" value="0.000000" />
  <attribute name="Output H" value="8388608"/>
  <attribute name="Output I" value="200"/>
  <attribute name="Output T" value="1"/>
  <attribute name="Target GC Util Change" value ="20.000000" />
  <attribute name="Current GC Util Change" value="58.000000"/>
  <attribute name="GC Util currently" value="58" />
  <attribute name="CPU Util currently" value="14887692249732" />
<exclusive-end id="1732" timestamp="2019-06-15T00:50:08.877" durationms="3.480" />

<exclusive-start id="1733" timestamp="2019-06-15T00:50:08.980" intervalms="107.138">
  <response-info timems="0.060" idlems="0.060" threads="0" lastid="0000000001CEB700" lastname="main" />
</exclusive-start>
<allocation-taxation id="1734" taxation-threshold="23068672" timestamp="2019-06-15T00:50:08.981" intervalms="107.141" />
<cycle-start id="1735" type="partial gc" contextid="0" timestamp="2019-06-15T00:50:08.981" intervalms="107.105" />
<gc-start id="1736" type="partial gc" contextid="1735" timestamp="2019-06-15T00:50:08.981">
  <mem-info id="1737" free="12582912" total="63963136" percent="19">
    <mem type="eden" free="0" total="23068672" percent="0" />
    <remembered-set count="11136" freebytes="2676096" totalbytes="2720640" percent="98" regionsoverflowed="0" regionsstable="15" regionsrebuilding="0"/>
  </mem-info>
</gc-start>
<allocation-stats totalBytes="23063944" >
  <allocated-bytes non-tlh="0" tlh="23063944" arrayletleaf="0"/>
  <largest-consumer threadName="main" threadId="0000000001CEB700" bytes="23063944" />
</allocation-stats>
<gc-op id="1738" type="copy forward" timems="1.230" contextid="1735" timestamp="2019-06-15T00:50:08.983">
  <memory-copied type="eden" objects="2" bytes="56" bytesdiscarded="0" />
  <memory-copied type="other" objects="46" bytes="1456" bytesdiscarded="0" />
  <memory-cardclean objects="57" bytes="2312" />
  <regions eden="22" other="1" />
  <remembered-set-cleared processed="9724" cleared="8" durationms="0.135" />
  <stringconstants candidates="13761" cleared="0"  />
</gc-op>
<gc-op id="1739" type="classunload" timems="0.005" contextid="1735" timestamp="2019-06-15T00:50:08.983">
  <classunload-info classloadercandidates="54" classloadersunloaded="0" classesunloaded="0" anonymousclassesunloaded="0" quiescems="0.000" setupms="0.004" scanms="0.000" postms="0.000" />
</gc-op>
<heap-resize id="1740" type="contract" space="default" amount="4194304" count="1" timems="0.074" reason="insufficient time being spent in gc" timestamp="2019-06-15T00:50:08.984" />
<gc-end id="1741" type="partial gc" contextid="1735" durationms="2.640" usertimems="4.000" systemtimems="0.000" timestamp="2019-06-15T00:50:08.984" activeThreads="4">
  <mem-info id="1742" free="30408704" total="59768832" percent="50">
    <mem type="eden" free="1048520" total="1048576" percent="99" />
    <remembered-set count="11744" freebytes="2506240" totalbytes="2553216" percent="98" regionsoverflowed="0" regionsstable="15" regionsrebuilding="0"/>
  </mem-info>
</gc-end>
<cycle-end id="1743" type="partial gc" contextid="1735" timestamp="2019-06-15T00:50:08.984" />
  <attribute name="elasticGC enabled" value="1" />
  <attribute name= "numThreadsSpecified" value="4" />
  <attribute name="heapSize specified" value="0" />
  <attribute name="Current GC Util" value="45" />
  <attribute name= "Current Time Running" value="14930" />
  <attribute name ="GC Interval" value="0" />
  <attribute name="ProportionalT" value="12.500000" />
  <attribute name="ProportionalI" value="12.500000" />
  <attribute name="ProportionalH" value="12.500000" />
  <attribute name="Current Error" value="25.000000" />
  <attribute name="IntegralT" value="25.000000" />
  <attribute name="IntegralI" value="25.000000" />
  <attribute name="IntegralH" value="25.000000" />
  <attribute name="DerivativeT" value="12.500000" />
  <attribute name="DerivativeI" value="12.500000" />
  <attribute name="DerivativeH" value="12.500000" />
  <attribute name="Loop Time for DT" value="1.000000" />
  <attribute name="Output H" value="8388608"/>
  <attribute name="Output I" value="200"/>
  <attribute name="Output T" value="4"/>
  <attribute name="Target GC Util Change" value ="20.000000" />
  <attribute name="Current GC Util Change" value="45.000000"/>
  <attribute name="GC Util currently" value="45" />
  <attribute name="CPU Util currently" value="10434127235514" />
<exclusive-end id="1744" timestamp="2019-06-15T00:50:08.984" durationms="3.732" />

<exclusive-start id="1745" timestamp="2019-06-15T00:50:09.151" intervalms="170.786">
  <response-info timems="0.033" idlems="0.033" threads="0" lastid="0000000001CEB700" lastname="main" />
</exclusive-start>
<allocation-taxation id="1746" taxation-threshold="22020096" timestamp="2019-06-15T00:50:09.151" intervalms="170.751" />
<cycle-start id="1747" type="partial gc" contextid="0" timestamp="2019-06-15T00:50:09.151" intervalms="170.729" />
<gc-start id="1748" type="partial gc" contextid="1747" timestamp="2019-06-15T00:50:09.152">
  <mem-info id="1749" free="8388608" total="59768832" percent="14">
    <mem type="eden" free="1048520" total="23068672" percent="4" />
    <remembered-set count="11296" freebytes="2508032" totalbytes="2553216" percent="98" regionsoverflowed="0" regionsstable="15" regionsrebuilding="0"/>
  </mem-info>
</gc-start>
<allocation-stats totalBytes="22012000" >
  <allocated-bytes non-tlh="0" tlh="22012000" arrayletleaf="0"/>
  <largest-consumer threadName="main" threadId="0000000001CEB700" bytes="22012000" />
</allocation-stats>
<gc-op id="1750" type="copy forward" timems="1.195" contextid="1747" timestamp="2019-06-15T00:50:09.154">
  <memory-copied type="eden" objects="21" bytes="656" bytesdiscarded="0" />
  <memory-copied type="other" objects="0" bytes="0" bytesdiscarded="0" />
  <memory-cardclean objects="938" bytes="150232" />
  <regions eden="21" other="1" />
  <remembered-set-cleared processed="9699" cleared="45" durationms="0.163" />
  <stringconstants candidates="13761" cleared="0"  />
</gc-op>
<gc-op id="1751" type="classunload" timems="0.004" contextid="1747" timestamp="2019-06-15T00:50:09.154">
  <classunload-info classloadercandidates="54" classloadersunloaded="0" classesunloaded="0" anonymousclassesunloaded="0" quiescems="0.000" setupms="0.004" scanms="0.000" postms="0.000" />
</gc-op>
<heap-resize id="1752" type="contract" space="default" amount="3145728" count="1" timems="0.232" reason="insufficient time being spent in gc" timestamp="2019-06-15T00:50:09.155" />
<gc-end id="1753" type="partial gc" contextid="1747" durationms="2.871" usertimems="4.000" systemtimems="0.000" timestamp="2019-06-15T00:50:09.155" activeThreads="1">
  <mem-info id="1754" free="27262976" total="56623104" percent="48">
    <mem type="eden" free="1047920" total="1048576" percent="99" />
    <remembered-set count="10688" freebytes="2343040" totalbytes="2385792" percent="98" regionsoverflowed="0" regionsstable="15" regionsrebuilding="0"/>
  </mem-info>
</gc-end>
<cycle-end id="1755" type="partial gc" contextid="1747" timestamp="2019-06-15T00:50:09.155" />
  <attribute name="elasticGC enabled" value="1" />
  <attribute name= "numThreadsSpecified" value="1" />
  <attribute name="heapSize specified" value="0" />
  <attribute name="Current GC Util" value="38" />
  <attribute name= "Current Time Running" value="15100" />
  <attribute name ="GC Interval" value="0" />
  <attribute name="ProportionalT" value="9.000000" />
  <attribute name="ProportionalI" value="9.000000" />
  <attribute name="ProportionalH" value="9.000000" />
  <attribute name="Current Error" value="18.000000" />
  <attribute name="IntegralT" value="0.000000" />
  <attribute name="IntegralI" value="0.000000" />
  <attribute name="IntegralH" value="0.000000" />
  <attribute name="DerivativeT" value="inf" />
  <attribute name="DerivativeI" value="inf" />
  <attribute name="DerivativeH" value="inf" />
  <attribute name="Loop Time for DT" value="0.000000" />
  <attribute name="Output H" value="8388608"/>
  <attribute name="Output I" value="200"/>
  <attribute name="Output T" value="1"/>
  <attribute name="Target GC Util Change" value ="20.000000" />
  <attribute name="Current GC Util Change" value="38.000000"/>
  <attribute name="GC Util currently" value="38" />
  <attribute name="CPU Util currently" value="10454113900418" />
<exclusive-end id="1756" timestamp="2019-06-15T00:50:09.155" durationms="3.772" />

<exclusive-start id="1757" timestamp="2019-06-15T00:50:09.236" intervalms="84.566">
  <response-info timems="0.071" idlems="0.071" threads="0" lastid="0000000001CEB700" lastname="main" />
</exclusive-start>
<allocation-taxation id="1758" taxation-threshold="10485760" timestamp="2019-06-15T00:50:09.236" intervalms="84.545" />
<cycle-start id="1759" type="global mark phase" contextid="0" timestamp="2019-06-15T00:50:09.236" intervalms="2662.688" />
<gc-start id="1760" type="global mark phase" contextid="1759" timestamp="2019-06-15T00:50:09.236">
  <mem-info id="1761" free="16777216" total="56623104" percent="29">
    <remembered-set count="10336" freebytes="2344448" totalbytes="2385792" percent="98" regionsoverflowed="0" regionsstable="15" regionsrebuilding="0"/>
  </mem-info>
</gc-start>
<gc-op id="1762" type="mark increment" timems="3.452" contextid="1759" timestamp="2019-06-15T00:50:09.240">
  <trace-info objectcount="181173" scancount="145905" scanbytes="4419688" />
</gc-op>
<gc-end id="1763" type="global mark phase" contextid="1759" durationms="3.598" usertimems="12.000" systemtimems="4.000" timestamp="2019-06-15T00:50:09.240" activeThreads="4">
  <mem-info id="1764" free="16777216" total="56623104" percent="29">
    <remembered-set count="40544" freebytes="2223616" totalbytes="2385792" percent="93" regionsoverflowed="0" regionsstable="0" regionsrebuilding="15"/>
  </mem-info>
</gc-end>
<concurrent-start id="1765" type="GMP work packet processing" contextid="1759" timestamp="2019-06-15T00:50:09.240">
  <concurrent-mark-start scanTarget="1695175" />
</concurrent-start>
<concurrent-end id="1766" type="GMP work packet processing" contextid="1759" timestamp="2019-06-15T00:50:09.241">
  <concurrent-mark-end bytesScanned="1737520" reasonForTermination="Work target met" />
</concurrent-end>

<exclusive-end id="1767" timestamp="2019-06-15T00:50:09.241" durationms="5.151" />

<exclusive-start id="1768" timestamp="2019-06-15T00:50:09.322" intervalms="86.370">
  <response-info timems="0.068" idlems="0.068" threads="0" lastid="0000000001CEB700" lastname="main" />
</exclusive-start>
<allocation-taxation id="1769" taxation-threshold="10485760" timestamp="2019-06-15T00:50:09.322" intervalms="86.398" />
<cycle-start id="1770" type="partial gc" contextid="0" timestamp="2019-06-15T00:50:09.322" intervalms="170.934" />
<gc-start id="1771" type="partial gc" contextid="1770" timestamp="2019-06-15T00:50:09.323">
  <mem-info id="1772" free="6291456" total="56623104" percent="11">
    <mem type="eden" free="0" total="20971520" percent="0" />
    <remembered-set count="54912" freebytes="2166144" totalbytes="2385792" percent="90" regionsoverflowed="0" regionsstable="0" regionsrebuilding="15"/>
  </mem-info>
</gc-start>
<allocation-stats totalBytes="20963256" >
  <allocated-bytes non-tlh="0" tlh="20963256" arrayletleaf="0"/>
  <largest-consumer threadName="main" threadId="0000000001CEB700" bytes="10481592" />
</allocation-stats>
<gc-op id="1773" type="copy forward" timems="4.567" contextid="1770" timestamp="2019-06-15T00:50:09.328">
  <memory-copied type="eden" objects="3" bytes="120" bytesdiscarded="0" />
  <memory-copied type="other" objects="20" bytes="632" bytesdiscarded="0" />
  <memory-cardclean objects="29928" bytes="1308528" />
  <regions eden="20" other="1" />
  <remembered-set-cleared processed="45864" cleared="8531" durationms="0.556" />
  <stringconstants candidates="13761" cleared="0"  />
</gc-op>
<gc-op id="1774" type="classunload" timems="0.008" contextid="1770" timestamp="2019-06-15T00:50:09.328">
  <classunload-info classloadercandidates="54" classloadersunloaded="0" classesunloaded="0" anonymousclassesunloaded="0" quiescems="0.000" setupms="0.008" scanms="0.000" postms="0.000" />
</gc-op>
<heap-resize id="1775" type="contract" space="default" amount="3145728" count="1" timems="0.256" reason="insufficient time being spent in gc" timestamp="2019-06-15T00:50:09.329" />
<gc-end id="1776" type="partial gc" contextid="1770" durationms="6.076" usertimems="12.000" systemtimems="0.000" timestamp="2019-06-15T00:50:09.329" activeThreads="1">
  <mem-info id="1777" free="23068672" total="53477376" percent="43">
    <mem type="eden" free="1048456" total="1048576" percent="99" />
    <remembered-set count="45760" freebytes="2077184" totalbytes="2260224" percent="91" regionsoverflowed="0" regionsstable="0" regionsrebuilding="15"/>
  </mem-info>
</gc-end>
<cycle-end id="1778" type="partial gc" contextid="1770" timestamp="2019-06-15T00:50:09.329" />
  <attribute name="elasticGC enabled" value="1" />
  <attribute name= "numThreadsSpecified" value="1" />
  <attribute name="heapSize specified" value="0" />
  <attribute name="Current GC Util" value="59" />
  <attribute name= "Current Time Running" value="15271" />
  <attribute name ="GC Interval" value="0" />
  <attribute name="ProportionalT" value="19.500000" />
  <attribute name="ProportionalI" value="19.500000" />
  <attribute name="ProportionalH" value="19.500000" />
  <attribute name="Current Error" value="39.000000" />
  <attribute name="IntegralT" value="0.000000" />
  <attribute name="IntegralI" value="0.000000" />
  <attribute name="IntegralH" value="0.000000" />
  <attribute name="DerivativeT" value="inf" />
  <attribute name="DerivativeI" value="inf" />
  <attribute name="DerivativeH" value="inf" />
  <attribute name="Loop Time for DT" value="0.000000" />
  <attribute name="Output H" value="8388608"/>
  <attribute name="Output I" value="200"/>
  <attribute name="Output T" value="1"/>
  <attribute name="Target GC Util Change" value ="20.000000" />
  <attribute name="Current GC Util Change" value="59.000000"/>
  <attribute name="GC Util currently" value="59" />
  <attribute name="CPU Util currently" value="11955239948438" />
<exclusive-end id="1779" timestamp="2019-06-15T00:50:09.329" durationms="6.983" />

<exclusive-start id="1780" timestamp="2019-06-15T00:50:09.406" intervalms="84.340">
  <response-info timems="0.069" idlems="0.069" threads="0" lastid="0000000001CEB700" lastname="main" />
</exclusive-start>
<allocation-taxation id="1781" taxation-threshold="9437184" timestamp="2019-06-15T00:50:09.407" intervalms="84.338" />
<gc-start id="1782" type="global mark phase" contextid="1759" timestamp="2019-06-15T00:50:09.407">
  <mem-info id="1783" free="13631488" total="53477376" percent="25">
    <remembered-set count="45280" freebytes="2079104" totalbytes="2260224" percent="91" regionsoverflowed="0" regionsstable="0" regionsrebuilding="15"/>
  </mem-info>
</gc-start>
<gc-end id="1784" type="global mark phase" contextid="1759" durationms="0.132" usertimems="0.000" systemtimems="0.000" timestamp="2019-06-15T00:50:09.407" activeThreads="1">
  <mem-info id="1785" free="13631488" total="53477376" percent="25">
    <remembered-set count="45280" freebytes="2079104" totalbytes="2260224" percent="91" regionsoverflowed="0" regionsstable="0" regionsrebuilding="15"/>
  </mem-info>
</gc-end>
<concurrent-start id="1786" type="GMP work packet processing" contextid="1759" timestamp="2019-06-15T00:50:09.407">
  <concurrent-mark-start scanTarget="2542762" />
</concurrent-start>
<concurrent-end id="1787" type="GMP work packet processing" contextid="1759" timestamp="2019-06-15T00:50:09.408">
  <concurrent-mark-end bytesScanned="2594712" reasonForTermination="Work target met" />
</concurrent-end>

<exclusive-end id="1788" timestamp="2019-06-15T00:50:09.409" durationms="2.143" />

<exclusive-start id="1789" timestamp="2019-06-15T00:50:09.458" intervalms="51.405">
  <response-info timems="0.066" idlems="0.066" threads="0" lastid="0000000001CEB700" lastname="main" />
</exclusive-start>
<allocation-taxation id="1790" taxation-threshold="9437184" timestamp="2019-06-15T00:50:09.458" intervalms="51.433" />
<cycle-start id="1791" type="partial gc" contextid="0" timestamp="2019-06-15T00:50:09.458" intervalms="135.786" />
<gc-start id="1792" type="partial gc" contextid="1791" timestamp="2019-06-15T00:50:09.459">
  <mem-info id="1793" free="4194304" total="53477376" percent="7">
    <mem type="eden" free="1048456" total="19922944" percent="5" />
    <remembered-set count="76480" freebytes="1954304" totalbytes="2260224" percent="86" regionsoverflowed="0" regionsstable="0" regionsrebuilding="15"/>
  </mem-info>
</gc-start>
<allocation-stats totalBytes="18870248" >
  <allocated-bytes non-tlh="0" tlh="18870248" arrayletleaf="0"/>
  <largest-consumer threadName="main" threadId="0000000001CEB700" bytes="9436112" />
</allocation-stats>
<gc-op id="1794" type="copy forward" timems="1.604" contextid="1791" timestamp="2019-06-15T00:50:09.461">
  <memory-copied type="eden" objects="31" bytes="944" bytesdiscarded="0" />
  <memory-copied type="other" objects="0" bytes="0" bytesdiscarded="0" />
  <memory-cardclean objects="80" bytes="3024" />
  <regions eden="18" other="1" />
  <remembered-set-cleared processed="73903" cleared="46" durationms="0.577" />
  <stringconstants candidates="13761" cleared="0"  />
</gc-op>
<gc-op id="1795" type="classunload" timems="0.004" contextid="1791" timestamp="2019-06-15T00:50:09.461">
  <classunload-info classloadercandidates="54" classloadersunloaded="0" classesunloaded="0" anonymousclassesunloaded="0" quiescems="0.000" setupms="0.004" scanms="0.000" postms="0.000" />
</gc-op>
<gc-end id="1796" type="partial gc" contextid="1791" durationms="2.908" usertimems="4.000" systemtimems="0.000" timestamp="2019-06-15T00:50:09.461" activeThreads="1">
  <mem-info id="1797" free="23068672" total="53477376" percent="43">
    <mem type="eden" free="1047632" total="1048576" percent="99" />
    <remembered-set count="75808" freebytes="1831424" totalbytes="2134656" percent="85" regionsoverflowed="0" regionsstable="0" regionsrebuilding="15"/>
  </mem-info>
</gc-end>
<cycle-end id="1798" type="partial gc" contextid="1791" timestamp="2019-06-15T00:50:09.462" />
  <attribute name="elasticGC enabled" value="1" />
  <attribute name= "numThreadsSpecified" value="1" />
  <attribute name="heapSize specified" value="0" />
  <attribute name="Current GC Util" value="46" />
  <attribute name= "Current Time Running" value="15407" />
  <attribute name ="GC Interval" value="0" />
  <attribute name="ProportionalT" value="13.000000" />
  <attribute name="ProportionalI" value="13.000000" />
  <attribute name="ProportionalH" value="13.000000" />
  <attribute name="Current Error" value="26.000000" />
  <attribute name="IntegralT" value="0.000000" />
  <attribute name="IntegralI" value="0.000000" />
  <attribute name="IntegralH" value="0.000000" />
  <attribute name="DerivativeT" value="inf" />
  <attribute name="DerivativeI" value="inf" />
  <attribute name="DerivativeH" value="inf" />
  <attribute name="Loop Time for DT" value="0.000000" />
  <attribute name="Output H" value="8388608"/>
  <attribute name="Output I" value="200"/>
  <attribute name="Output T" value="1"/>
  <attribute name="Target GC Util Change" value ="20.000000" />
  <attribute name="Current GC Util Change" value="46.000000"/>
  <attribute name="GC Util currently" value="46" />
  <attribute name="CPU Util currently" value="11869177900255" />
<exclusive-end id="1799" timestamp="2019-06-15T00:50:09.462" durationms="4.067" />

<exclusive-start id="1800" timestamp="2019-06-15T00:50:09.480" intervalms="22.446">
  <response-info timems="0.076" idlems="0.076" threads="0" lastid="0000000001CEB700" lastname="main" />
</exclusive-start>
<allocation-taxation id="1801" taxation-threshold="9437184" timestamp="2019-06-15T00:50:09.480" intervalms="22.409" />
<gc-start id="1802" type="global mark phase" contextid="1759" timestamp="2019-06-15T00:50:09.481">
  <mem-info id="1803" free="13631488" total="53477376" percent="25">
    <remembered-set count="75456" freebytes="1832832" totalbytes="2134656" percent="85" regionsoverflowed="0" regionsstable="0" regionsrebuilding="15"/>
  </mem-info>
</gc-start>
<gc-end id="1804" type="global mark phase" contextid="1759" durationms="0.198" usertimems="0.000" systemtimems="0.000" timestamp="2019-06-15T00:50:09.481" activeThreads="1">
  <mem-info id="1805" free="13631488" total="53477376" percent="25">
    <remembered-set count="75456" freebytes="1832832" totalbytes="2134656" percent="85" regionsoverflowed="0" regionsstable="0" regionsrebuilding="15"/>
  </mem-info>
</gc-end>
<concurrent-start id="1806" type="GMP work packet processing" contextid="1759" timestamp="2019-06-15T00:50:09.481">
  <concurrent-mark-start scanTarget="5509319" />
</concurrent-start>
<exclusive-end id="1807" timestamp="2019-06-15T00:50:09.483" durationms="3.111" />

<concurrent-end id="1808" type="GMP work packet processing" contextid="1759" timestamp="2019-06-15T00:50:09.483">
  <concurrent-mark-end bytesScanned="4880072" reasonForTermination="Completed all work in GC phase" />
</concurrent-end>

<exclusive-start id="1809" timestamp="2019-06-15T00:50:09.502" intervalms="21.787">
  <response-info timems="0.143" idlems="0.143" threads="0" lastid="0000000001CEB700" lastname="main" />
</exclusive-start>
<allocation-taxation id="1810" taxation-threshold="9437184" timestamp="2019-06-15T00:50:09.502" intervalms="21.728" />
<cycle-start id="1811" type="partial gc" contextid="0" timestamp="2019-06-15T00:50:09.502" intervalms="44.124" />
<gc-start id="1812" type="partial gc" contextid="1811" timestamp="2019-06-15T00:50:09.503">
  <mem-info id="1813" free="4194304" total="53477376" percent="7">
    <mem type="eden" free="0" total="18874368" percent="0" />
    <remembered-set count="120576" freebytes="1652352" totalbytes="2134656" percent="77" regionsoverflowed="0" regionsstable="0" regionsrebuilding="15"/>
  </mem-info>
</gc-start>
<allocation-stats totalBytes="18872944" >
  <allocated-bytes non-tlh="0" tlh="18872944" arrayletleaf="0"/>
  <largest-consumer threadName="main" threadId="0000000001CEB700" bytes="9436192" />
</allocation-stats>
<gc-op id="1814" type="copy forward" timems="1.765" contextid="1811" timestamp="2019-06-15T00:50:09.505">
  <memory-copied type="eden" objects="28" bytes="864" bytesdiscarded="0" />
  <memory-copied type="other" objects="8" bytes="184" bytesdiscarded="0" />
  <memory-cardclean objects="71" bytes="2688" />
  <regions eden="18" other="1" />
  <remembered-set-cleared processed="118237" cleared="46" durationms="0.842" />
  <stringconstants candidates="13761" cleared="0"  />
</gc-op>
<gc-op id="1815" type="classunload" timems="0.005" contextid="1811" timestamp="2019-06-15T00:50:09.505">
  <classunload-info classloadercandidates="54" classloadersunloaded="0" classesunloaded="0" anonymousclassesunloaded="0" quiescems="0.000" setupms="0.003" scanms="0.000" postms="0.000" />
</gc-op>
<gc-end id="1816" type="partial gc" contextid="1811" durationms="2.950" usertimems="4.000" systemtimems="0.000" timestamp="2019-06-15T00:50:09.506" activeThreads="1">
  <mem-info id="1817" free="22020096" total="53477376" percent="41">
    <mem type="eden" free="1047712" total="1048576" percent="99" />
    <remembered-set count="120992" freebytes="1650688" totalbytes="2134656" percent="77" regionsoverflowed="0" regionsstable="0" regionsrebuilding="15"/>
  </mem-info>
</gc-end>
<cycle-end id="1818" type="partial gc" contextid="1811" timestamp="2019-06-15T00:50:09.506" />
  <attribute name="elasticGC enabled" value="1" />
  <attribute name= "numThreadsSpecified" value="1" />
  <attribute name="heapSize specified" value="0" />
  <attribute name="Current GC Util" value="59" />
  <attribute name= "Current Time Running" value="15451" />
  <attribute name ="GC Interval" value="0" />
  <attribute name="ProportionalT" value="19.500000" />
  <attribute name="ProportionalI" value="19.500000" />
  <attribute name="ProportionalH" value="19.500000" />
  <attribute name="Current Error" value="39.000000" />
  <attribute name="IntegralT" value="0.000000" />
  <attribute name="IntegralI" value="0.000000" />
  <attribute name="IntegralH" value="0.000000" />
  <attribute name="DerivativeT" value="inf" />
  <attribute name="DerivativeI" value="inf" />
  <attribute name="DerivativeH" value="inf" />
  <attribute name="Loop Time for DT" value="0.000000" />
  <attribute name="Output H" value="8388608"/>
  <attribute name="Output I" value="200"/>
  <attribute name="Output T" value="1"/>
  <attribute name="Target GC Util Change" value ="20.000000" />
  <attribute name="Current GC Util Change" value="59.000000"/>
  <attribute name="GC Util currently" value="59" />
  <attribute name="CPU Util currently" value="18734658181564" />
<exclusive-end id="1819" timestamp="2019-06-15T00:50:09.506" durationms="3.979" />

<exclusive-start id="1820" timestamp="2019-06-15T00:50:09.524" intervalms="21.808">
  <response-info timems="0.220" idlems="0.220" threads="0" lastid="0000000001CEB700" lastname="main" />
</exclusive-start>
<allocation-taxation id="1821" taxation-threshold="9437184" timestamp="2019-06-15T00:50:09.524" intervalms="21.877" />
<gc-start id="1822" type="global mark phase" contextid="1759" timestamp="2019-06-15T00:50:09.524">
  <mem-info id="1823" free="12582912" total="53477376" percent="23">
    <remembered-set count="120608" freebytes="1652224" totalbytes="2134656" percent="77" regionsoverflowed="0" regionsstable="0" regionsrebuilding="15"/>
  </mem-info>
</gc-start>
<gc-op id="1824" type="mark increment" timems="2.424" contextid="1759" timestamp="2019-06-15T00:50:09.527">
  <trace-info objectcount="43" scancount="41" scanbytes="230556" />
  <cardclean-info objects="39140" bytes="1284088" />
  <finalization candidates="80" enqueued="0" />
  <ownableSynchronizers candidates="21" cleared="0" />
  <references type="soft" candidates="4854" cleared="2" enqueued="2" dynamicThreshold="13" maxThreshold="32" />
  <references type="weak" candidates="5596" cleared="7" enqueued="3" />
  <references type="phantom" candidates="101" cleared="0" enqueued="0" />
  <stringconstants candidates="13761" cleared="0"  />
</gc-op>
<gc-op id="1825" type="classunload" timems="0.008" contextid="1759" timestamp="2019-06-15T00:50:09.527">
  <classunload-info classloadercandidates="54" classloadersunloaded="0" classesunloaded="0" anonymousclassesunloaded="0" quiescems="0.000" setupms="0.008" scanms="0.000" postms="0.000" />
</gc-op>
<gc-end id="1826" type="global mark phase" contextid="1759" durationms="2.816" usertimems="4.000" systemtimems="0.000" timestamp="2019-06-15T00:50:09.527" activeThreads="4">
  <mem-info id="1827" free="12582912" total="53477376" percent="23">
    <pending-finalizers system="0" default="0" reference="5" classloader="0" />
    <remembered-set count="127264" freebytes="1625600" totalbytes="2134656" percent="76" regionsoverflowed="0" regionsstable="0" regionsrebuilding="0"/>
  </mem-info>
</gc-end>
<cycle-end id="1828" type="global mark phase" contextid="1759" timestamp="2019-06-15T00:50:09.527" />
  <attribute name="elasticGC enabled" value="1" />
  <attribute name= "numThreadsSpecified" value="4" />
  <attribute name="heapSize specified" value="0" />
  <attribute name="Current GC Util" value="97" />
  <attribute name= "Current Time Running" value="15474" />
  <attribute name ="GC Interval" value="0" />
  <attribute name="ProportionalT" value="38.500000" />
  <attribute name="ProportionalI" value="38.500000" />
  <attribute name="ProportionalH" value="38.500000" />
  <attribute name="Current Error" value="77.000000" />
  <attribute name="IntegralT" value="77.000000" />
  <attribute name="IntegralI" value="77.000000" />
  <attribute name="IntegralH" value="77.000000" />
  <attribute name="DerivativeT" value="-62.000000" />
  <attribute name="DerivativeI" value="-62.000000" />
  <attribute name="DerivativeH" value="-62.000000" />
  <attribute name="Loop Time for DT" value="1.000000" />
  <attribute name="Output H" value="8388608"/>
  <attribute name="Output I" value="200"/>
  <attribute name="Output T" value="4"/>
  <attribute name="Target GC Util Change" value ="20.000000" />
  <attribute name="Current GC Util Change" value="97.000000"/>
  <attribute name="GC Util currently" value="97" />
  <attribute name="CPU Util currently" value="14589603056402" />
<exclusive-end id="1829" timestamp="2019-06-15T00:50:09.527" durationms="3.495" />

<exclusive-start id="1830" timestamp="2019-06-15T00:50:09.544" intervalms="20.006">
  <response-info timems="0.023" idlems="0.023" threads="0" lastid="0000000001CEB700" lastname="main" />
</exclusive-start>
<allocation-taxation id="1831" taxation-threshold="9437184" timestamp="2019-06-15T00:50:09.544" intervalms="19.953" />
<cycle-start id="1832" type="partial gc" contextid="0" timestamp="2019-06-15T00:50:09.544" intervalms="41.840" />
<gc-start id="1833" type="partial gc" contextid="1832" timestamp="2019-06-15T00:50:09.544">
  <mem-info id="1834" free="3145728" total="53477376" percent="5">
    <mem type="eden" free="0" total="18874368" percent="0" />
    <remembered-set count="111968" freebytes="1686784" totalbytes="2134656" percent="79" regionsoverflowed="0" regionsstable="4" regionsrebuilding="0"/>
  </mem-info>
</gc-start>
<allocation-stats totalBytes="18872936" >
  <allocated-bytes non-tlh="0" tlh="18872936" arrayletleaf="0"/>
  <largest-consumer threadName="main" threadId="0000000001CEB700" bytes="9432480" />
</allocation-stats>
<gc-op id="1835" type="sweep" timems="0.725" contextid="1832" timestamp="2019-06-15T00:50:09.546" />
<gc-op id="1836" type="copy forward" timems="1.777" contextid="1832" timestamp="2019-06-15T00:50:09.548">
  <memory-copied type="eden" objects="7" bytes="680" bytesdiscarded="0" />
  <memory-copied type="other" objects="24" bytes="768" bytesdiscarded="0" />
  <memory-cardclean objects="83" bytes="3040" />
  <regions eden="9" other="2" />
  <remembered-set-cleared processed="109767" cleared="73" durationms="0.485" />
  <stringconstants candidates="13761" cleared="0"  />
</gc-op>
<gc-op id="1837" type="classunload" timems="0.004" contextid="1832" timestamp="2019-06-15T00:50:09.548">
  <classunload-info classloadercandidates="54" classloadersunloaded="0" classesunloaded="0" anonymousclassesunloaded="0" quiescems="0.000" setupms="0.004" scanms="0.000" postms="0.000" />
</gc-op>
<heap-resize id="1838" type="expand" space="default" amount="9437184" count="1" timems="0.075" reason="excessive time being spent in gc" timestamp="2019-06-15T00:50:09.548" />
<gc-end id="1839" type="partial gc" contextid="1832" durationms="3.992" usertimems="4.000" systemtimems="0.000" timestamp="2019-06-15T00:50:09.548" activeThreads="4">
  <mem-info id="1840" free="30408704" total="62914560" percent="48">
    <mem type="eden" free="1047896" total="1048576" percent="99" />
    <remembered-set count="111904" freebytes="2063744" totalbytes="2511360" percent="82" regionsoverflowed="0" regionsstable="4" regionsrebuilding="0"/>
  </mem-info>
</gc-end>
<cycle-end id="1841" type="partial gc" contextid="1832" timestamp="2019-06-15T00:50:09.549" />
  <attribute name="elasticGC enabled" value="1" />
  <attribute name= "numThreadsSpecified" value="4" />
  <attribute name="heapSize specified" value="0" />
  <attribute name="Current GC Util" value="60" />
  <attribute name= "Current Time Running" value="15494" />
  <attribute name ="GC Interval" value="0" />
  <attribute name="ProportionalT" value="20.000000" />
  <attribute name="ProportionalI" value="20.000000" />
  <attribute name="ProportionalH" value="20.000000" />
  <attribute name="Current Error" value="40.000000" />
  <attribute name="IntegralT" value="0.000000" />
  <attribute name="IntegralI" value="0.000000" />
  <attribute name="IntegralH" value="0.000000" />
  <attribute name="DerivativeT" value="-inf" />
  <attribute name="DerivativeI" value="-inf" />
  <attribute name="DerivativeH" value="-inf" />
  <attribute name="Loop Time for DT" value="0.000000" />
  <attribute name="Output H" value="2091843584"/>
  <attribute name="Output I" value="200"/>
  <attribute name="Output T" value="4"/>
  <attribute name="Target GC Util Change" value ="20.000000" />
  <attribute name="Current GC Util Change" value="60.000000"/>
  <attribute name="GC Util currently" value="60" />
  <attribute name="CPU Util currently" value="19762448741040" />
<exclusive-end id="1842" timestamp="2019-06-15T00:50:09.549" durationms="5.001" />

<exclusive-start id="1843" timestamp="2019-06-15T00:50:09.570" intervalms="25.760">
  <response-info timems="0.109" idlems="0.109" threads="0" lastid="0000000001CEB700" lastname="main" />
</exclusive-start>
<allocation-taxation id="1844" taxation-threshold="10485760" timestamp="2019-06-15T00:50:09.570" intervalms="25.822" />
<cycle-start id="1845" type="global mark phase" contextid="0" timestamp="2019-06-15T00:50:09.570" intervalms="334.056" />
<gc-start id="1846" type="global mark phase" contextid="1845" timestamp="2019-06-15T00:50:09.570">
  <mem-info id="1847" free="19922944" total="62914560" percent="31">
    <remembered-set count="111520" freebytes="2065280" totalbytes="2511360" percent="82" regionsoverflowed="0" regionsstable="4" regionsrebuilding="0"/>
  </mem-info>
</gc-start>
<gc-op id="1848" type="mark increment" timems="7.176" contextid="1845" timestamp="2019-06-15T00:50:09.578">
  <trace-info objectcount="607925" scancount="526572" scanbytes="13632776" />
</gc-op>
<gc-end id="1849" type="global mark phase" contextid="1845" durationms="7.539" usertimems="28.000" systemtimems="0.000" timestamp="2019-06-15T00:50:09.578" activeThreads="4">
  <mem-info id="1850" free="19922944" total="62914560" percent="31">
    <remembered-set count="127392" freebytes="2001792" totalbytes="2511360" percent="79" regionsoverflowed="0" regionsstable="0" regionsrebuilding="4"/>
  </mem-info>
</gc-end>
<exclusive-end id="1851" timestamp="2019-06-15T00:50:09.578" durationms="8.345" />

<exclusive-start id="1852" timestamp="2019-06-15T00:50:09.598" intervalms="27.925">
  <response-info timems="0.058" idlems="0.058" threads="0" lastid="0000000001CEB700" lastname="main" />
</exclusive-start>
<allocation-taxation id="1853" taxation-threshold="10485760" timestamp="2019-06-15T00:50:09.598" intervalms="27.852" />
<cycle-start id="1854" type="partial gc" contextid="0" timestamp="2019-06-15T00:50:09.598" intervalms="53.669" />
<gc-start id="1855" type="partial gc" contextid="1854" timestamp="2019-06-15T00:50:09.598">
  <mem-info id="1856" free="9437184" total="62914560" percent="15">
    <mem type="eden" free="0" total="20971520" percent="0" />
    <remembered-set count="127328" freebytes="2002048" totalbytes="2511360" percent="79" regionsoverflowed="0" regionsstable="0" regionsrebuilding="4"/>
  </mem-info>
</gc-start>
<allocation-stats totalBytes="20967952" >
  <allocated-bytes non-tlh="0" tlh="20967952" arrayletleaf="0"/>
  <largest-consumer threadName="main" threadId="0000000001CEB700" bytes="10483616" />
</allocation-stats>
<gc-op id="1857" type="copy forward" timems="4.987" contextid="1854" timestamp="2019-06-15T00:50:09.604">
  <memory-copied type="eden" objects="30" bytes="920" bytesdiscarded="0" />
  <memory-copied type="other" objects="22050" bytes="938112" bytesdiscarded="110664" />
  <memory-cardclean objects="107487" bytes="2913408" />
  <regions eden="20" other="7" />
  <remembered-set-cleared processed="116048" cleared="20241" durationms="0.604" />
  <finalization candidates="14" enqueued="0" />
  <ownableSynchronizers candidates="2" cleared="0" />
  <references type="soft" candidates="123" cleared="0" enqueued="0" dynamicThreshold="10" maxThreshold="32" />
  <references type="weak" candidates="259" cleared="0" enqueued="0" />
  <references type="phantom" candidates="55" cleared="0" enqueued="0" />
  <stringconstants candidates="13761" cleared="0"  />
</gc-op>
<gc-op id="1858" type="classunload" timems="0.005" contextid="1854" timestamp="2019-06-15T00:50:09.604">
  <classunload-info classloadercandidates="54" classloadersunloaded="0" classesunloaded="0" anonymousclassesunloaded="0" quiescems="0.000" setupms="0.005" scanms="0.000" postms="0.000" />
</gc-op>
<heap-resize id="1859" type="expand" space="default" amount="11534336" count="1" timems="0.080" reason="excessive time being spent in gc" timestamp="2019-06-15T00:50:09.604" />
<gc-end id="1860" type="partial gc" contextid="1854" durationms="6.393" usertimems="8.000" systemtimems="4.000" timestamp="2019-06-15T00:50:09.605" activeThreads="4">
  <mem-info id="1861" free="44040192" total="74448896" percent="59">
    <mem type="eden" free="1047656" total="1048576" percent="99" />
    <remembered-set count="115968" freebytes="2507904" totalbytes="2971776" percent="84" regionsoverflowed="0" regionsstable="0" regionsrebuilding="4"/>
  </mem-info>
</gc-end>
<cycle-end id="1862" type="partial gc" contextid="1854" timestamp="2019-06-15T00:50:09.605" />
  <attribute name="elasticGC enabled" value="1" />
  <attribute name= "numThreadsSpecified" value="4" />
  <attribute name="heapSize specified" value="0" />
  <attribute name="Current GC Util" value="76" />
  <attribute name= "Current Time Running" value="15547" />
  <attribute name ="GC Interval" value="0" />
  <attribute name="ProportionalT" value="28.000000" />
  <attribute name="ProportionalI" value="28.000000" />
  <attribute name="ProportionalH" value="28.000000" />
  <attribute name="Current Error" value="56.000000" />
  <attribute name="IntegralT" value="56.000000" />
  <attribute name="IntegralI" value="56.000000" />
  <attribute name="IntegralH" value="56.000000" />
  <attribute name="DerivativeT" value="-8.000000" />
  <attribute name="DerivativeI" value="-8.000000" />
  <attribute name="DerivativeH" value="-8.000000" />
  <attribute name="Loop Time for DT" value="1.000000" />
  <attribute name="Output H" value="8388608"/>
  <attribute name="Output I" value="200"/>
  <attribute name="Output T" value="4"/>
  <attribute name="Target GC Util Change" value ="20.000000" />
  <attribute name="Current GC Util Change" value="76.000000"/>
  <attribute name="GC Util currently" value="76" />
  <attribute name="CPU Util currently" value="18778905226187" />
<exclusive-end id="1863" timestamp="2019-06-15T00:50:09.605" durationms="7.411" />

<exclusive-start id="1864" timestamp="2019-06-15T00:50:09.627" intervalms="29.206">
  <response-info timems="0.073" idlems="0.073" threads="0" lastid="0000000001CEB700" lastname="main" />
</exclusive-start>
<allocation-taxation id="1865" taxation-threshold="12582912" timestamp="2019-06-15T00:50:09.627" intervalms="29.243" />
<gc-start id="1866" type="global mark phase" contextid="1845" timestamp="2019-06-15T00:50:09.627">
  <mem-info id="1867" free="31457280" total="74448896" percent="42">
    <remembered-set count="22624" freebytes="2881280" totalbytes="2971776" percent="96" regionsoverflowed="0" regionsstable="11" regionsrebuilding="4"/>
  </mem-info>
</gc-start>
<gc-op id="1868" type="mark increment" timems="3.395" contextid="1845" timestamp="2019-06-15T00:50:09.631">
  <trace-info objectcount="7" scancount="6" scanbytes="229512" />
  <cardclean-info objects="188942" bytes="4139384" />
  <finalization candidates="80" enqueued="0" />
  <ownableSynchronizers candidates="21" cleared="0" />
  <references type="soft" candidates="4852" cleared="0" enqueued="0" dynamicThreshold="18" maxThreshold="32" />
  <references type="weak" candidates="5589" cleared="0" enqueued="0" />
  <references type="phantom" candidates="101" cleared="0" enqueued="0" />
  <stringconstants candidates="13761" cleared="0"  />
</gc-op>
<gc-op id="1869" type="classunload" timems="0.005" contextid="1845" timestamp="2019-06-15T00:50:09.631">
  <classunload-info classloadercandidates="54" classloadersunloaded="0" classesunloaded="0" anonymousclassesunloaded="0" quiescems="0.000" setupms="0.004" scanms="0.000" postms="0.000" />
</gc-op>
<gc-end id="1870" type="global mark phase" contextid="1845" durationms="3.779" usertimems="8.000" systemtimems="0.000" timestamp="2019-06-15T00:50:09.631" activeThreads="4">
  <mem-info id="1871" free="31457280" total="74448896" percent="42">
    <remembered-set count="25184" freebytes="2871040" totalbytes="2971776" percent="96" regionsoverflowed="0" regionsstable="11" regionsrebuilding="0"/>
  </mem-info>
</gc-end>
<cycle-end id="1872" type="global mark phase" contextid="1845" timestamp="2019-06-15T00:50:09.631" />
  <attribute name="elasticGC enabled" value="1" />
  <attribute name= "numThreadsSpecified" value="4" />
  <attribute name="heapSize specified" value="0" />
  <attribute name="Current GC Util" value="86" />
  <attribute name= "Current Time Running" value="15578" />
  <attribute name ="GC Interval" value="0" />
  <attribute name="ProportionalT" value="33.000000" />
  <attribute name="ProportionalI" value="33.000000" />
  <attribute name="ProportionalH" value="33.000000" />
  <attribute name="Current Error" value="66.000000" />
  <attribute name="IntegralT" value="66.000000" />
  <attribute name="IntegralI" value="66.000000" />
  <attribute name="IntegralH" value="66.000000" />
  <attribute name="DerivativeT" value="-61.500000" />
  <attribute name="DerivativeI" value="-61.500000" />
  <attribute name="DerivativeH" value="-61.500000" />
  <attribute name="Loop Time for DT" value="1.000000" />
  <attribute name="Output H" value="8388608"/>
  <attribute name="Output I" value="200"/>
  <attribute name="Output T" value="4"/>
  <attribute name="Target GC Util Change" value ="20.000000" />
  <attribute name="Current GC Util Change" value="86.000000"/>
  <attribute name="GC Util currently" value="86" />
  <attribute name="CPU Util currently" value="14446415833078" />
<exclusive-end id="1873" timestamp="2019-06-15T00:50:09.631" durationms="4.495" />

<exclusive-start id="1874" timestamp="2019-06-15T00:50:09.650" intervalms="23.061">
  <response-info timems="0.072" idlems="0.072" threads="0" lastid="0000000001CEB700" lastname="main" />
</exclusive-start>
<allocation-taxation id="1875" taxation-threshold="12582912" timestamp="2019-06-15T00:50:09.650" intervalms="23.085" />
<cycle-start id="1876" type="partial gc" contextid="0" timestamp="2019-06-15T00:50:09.650" intervalms="52.437" />
<gc-start id="1877" type="partial gc" contextid="1876" timestamp="2019-06-15T00:50:09.651">
  <mem-info id="1878" free="18874368" total="74448896" percent="25">
    <mem type="eden" free="0" total="25165824" percent="0" />
    <remembered-set count="11168" freebytes="2927104" totalbytes="2971776" percent="98" regionsoverflowed="0" regionsstable="15" regionsrebuilding="0"/>
  </mem-info>
</gc-start>
<allocation-stats totalBytes="25162512" >
  <allocated-bytes non-tlh="0" tlh="25162512" arrayletleaf="0"/>
  <largest-consumer threadName="main" threadId="0000000001CEB700" bytes="12581184" />
</allocation-stats>
<gc-op id="1879" type="sweep" timems="0.667" contextid="1876" timestamp="2019-06-15T00:50:09.652" />
<gc-op id="1880" type="copy forward" timems="0.960" contextid="1876" timestamp="2019-06-15T00:50:09.653">
  <memory-copied type="eden" objects="7" bytes="160" bytesdiscarded="0" />
  <memory-copied type="other" objects="24" bytes="768" bytesdiscarded="0" />
  <memory-cardclean objects="47" bytes="1968" />
  <regions eden="12" other="2" />
  <remembered-set-cleared processed="9471" cleared="15" durationms="0.187" />
  <stringconstants candidates="13761" cleared="0"  />
</gc-op>
<gc-op id="1881" type="classunload" timems="0.003" contextid="1876" timestamp="2019-06-15T00:50:09.653">
  <classunload-info classloadercandidates="54" classloadersunloaded="0" classesunloaded="0" anonymousclassesunloaded="0" quiescems="0.000" setupms="0.003" scanms="0.000" postms="0.000" />
</gc-op>
<heap-resize id="1882" type="expand" space="default" amount="4194304" count="1" timems="0.063" reason="excessive time being spent in gc" timestamp="2019-06-15T00:50:09.654" />
<gc-end id="1883" type="partial gc" contextid="1876" durationms="3.312" usertimems="4.000" systemtimems="0.000" timestamp="2019-06-15T00:50:09.654" activeThreads="1">
  <mem-info id="1884" free="47185920" total="78643200" percent="60">
    <mem type="eden" free="1048416" total="1048576" percent="99" />
    <remembered-set count="11456" freebytes="3093376" totalbytes="3139200" percent="98" regionsoverflowed="0" regionsstable="15" regionsrebuilding="0"/>
  </mem-info>
</gc-end>
<cycle-end id="1885" type="partial gc" contextid="1876" timestamp="2019-06-15T00:50:09.654" />
  <attribute name="elasticGC enabled" value="1" />
  <attribute name= "numThreadsSpecified" value="1" />
  <attribute name="heapSize specified" value="0" />
  <attribute name="Current GC Util" value="83" />
  <attribute name= "Current Time Running" value="15600" />
  <attribute name ="GC Interval" value="0" />
  <attribute name="ProportionalT" value="31.500000" />
  <attribute name="ProportionalI" value="31.500000" />
  <attribute name="ProportionalH" value="31.500000" />
  <attribute name="Current Error" value="63.000000" />
  <attribute name="IntegralT" value="0.000000" />
  <attribute name="IntegralI" value="0.000000" />
  <attribute name="IntegralH" value="0.000000" />
  <attribute name="DerivativeT" value="inf" />
  <attribute name="DerivativeI" value="inf" />
  <attribute name="DerivativeH" value="inf" />
  <attribute name="Loop Time for DT" value="0.000000" />
  <attribute name="Output H" value="8388608"/>
  <attribute name="Output I" value="200"/>
  <attribute name="Output T" value="1"/>
  <attribute name="Target GC Util Change" value ="20.000000" />
  <attribute name="Current GC Util Change" value="83.000000"/>
  <attribute name="GC Util currently" value="83" />
  <attribute name="CPU Util currently" value="18661576011112" />
<exclusive-end id="1886" timestamp="2019-06-15T00:50:09.654" durationms="4.464" />

<exclusive-start id="1887" timestamp="2019-06-15T00:50:09.763" intervalms="113.412">
  <response-info timems="0.138" idlems="0.138" threads="0" lastid="0000000001CEB700" lastname="main" />
</exclusive-start>
<allocation-taxation id="1888" taxation-threshold="26214400" timestamp="2019-06-15T00:50:09.763" intervalms="113.474" />
<cycle-start id="1889" type="partial gc" contextid="0" timestamp="2019-06-15T00:50:09.764" intervalms="113.465" />
<gc-start id="1890" type="partial gc" contextid="1889" timestamp="2019-06-15T00:50:09.764">
  <mem-info id="1891" free="20971520" total="78643200" percent="26">
    <mem type="eden" free="1048416" total="27262976" percent="3" />
    <remembered-set count="11104" freebytes="3094784" totalbytes="3139200" percent="98" regionsoverflowed="0" regionsstable="15" regionsrebuilding="0"/>
  </mem-info>
</gc-start>
<allocation-stats totalBytes="26212272" >
  <allocated-bytes non-tlh="0" tlh="26212272" arrayletleaf="0"/>
  <largest-consumer threadName="main" threadId="0000000001CEB700" bytes="26212272" />
</allocation-stats>
<gc-op id="1892" type="copy forward" timems="1.627" contextid="1889" timestamp="2019-06-15T00:50:09.767">
  <memory-copied type="eden" objects="23" bytes="720" bytesdiscarded="744" />
  <memory-copied type="other" objects="19" bytes="512" bytesdiscarded="0" />
  <memory-cardclean objects="125" bytes="4592" />
  <regions eden="25" other="3" />
  <remembered-set-cleared processed="9468" cleared="20" durationms="0.155" />
  <references type="weak" candidates="10" cleared="0" enqueued="0" />
  <stringconstants candidates="13761" cleared="0"  />
</gc-op>
<gc-op id="1893" type="classunload" timems="0.004" contextid="1889" timestamp="2019-06-15T00:50:09.767">
  <classunload-info classloadercandidates="54" classloadersunloaded="0" classesunloaded="0" anonymousclassesunloaded="0" quiescems="0.000" setupms="0.004" scanms="0.000" postms="0.000" />
</gc-op>
<gc-end id="1894" type="partial gc" contextid="1889" durationms="2.891" usertimems="4.000" systemtimems="0.000" timestamp="2019-06-15T00:50:09.767" activeThreads="4">
  <mem-info id="1895" free="47185920" total="78643200" percent="60">
    <mem type="eden" free="1047112" total="1048576" percent="99" />
    <remembered-set count="11936" freebytes="3091456" totalbytes="3139200" percent="98" regionsoverflowed="0" regionsstable="15" regionsrebuilding="0"/>
  </mem-info>
</gc-end>
<cycle-end id="1896" type="partial gc" contextid="1889" timestamp="2019-06-15T00:50:09.767" />
  <attribute name="elasticGC enabled" value="1" />
  <attribute name= "numThreadsSpecified" value="4" />
  <attribute name="heapSize specified" value="0" />
  <attribute name="Current GC Util" value="70" />
  <attribute name= "Current Time Running" value="15713" />
  <attribute name ="GC Interval" value="0" />
  <attribute name="ProportionalT" value="25.000000" />
  <attribute name="ProportionalI" value="25.000000" />
  <attribute name="ProportionalH" value="25.000000" />
  <attribute name="Current Error" value="50.000000" />
  <attribute name="IntegralT" value="50.000000" />
  <attribute name="IntegralI" value="50.000000" />
  <attribute name="IntegralH" value="50.000000" />
  <attribute name="DerivativeT" value="25.000000" />
  <attribute name="DerivativeI" value="25.000000" />
  <attribute name="DerivativeH" value="25.000000" />
  <attribute name="Loop Time for DT" value="1.000000" />
  <attribute name="Output H" value="8388608"/>
  <attribute name="Output I" value="200"/>
  <attribute name="Output T" value="4"/>
  <attribute name="Target GC Util Change" value ="20.000000" />
  <attribute name="Current GC Util Change" value="70.000000"/>
  <attribute name="GC Util currently" value="70" />
  <attribute name="CPU Util currently" value="16398563381441" />
<exclusive-end id="1897" timestamp="2019-06-15T00:50:09.767" durationms="4.208" />

<exclusive-start id="1898" timestamp="2019-06-15T00:50:10.149" intervalms="385.539">
  <response-info timems="0.070" idlems="0.070" threads="0" lastid="0000000001CEB700" lastname="main" />
</exclusive-start>
<allocation-taxation id="1899" taxation-threshold="26214400" timestamp="2019-06-15T00:50:10.149" intervalms="385.525" />
<cycle-start id="1900" type="partial gc" contextid="0" timestamp="2019-06-15T00:50:10.149" intervalms="385.528" />
<gc-start id="1901" type="partial gc" contextid="1900" timestamp="2019-06-15T00:50:10.150">
  <mem-info id="1902" free="20971520" total="78643200" percent="26">
    <mem type="eden" free="0" total="26214400" percent="0" />
    <remembered-set count="2848" freebytes="3127808" totalbytes="3139200" percent="99" regionsoverflowed="0" regionsstable="16" regionsrebuilding="0"/>
  </mem-info>
</gc-start>
<allocation-stats totalBytes="26213136" >
  <allocated-bytes non-tlh="0" tlh="26213136" arrayletleaf="0"/>
  <largest-consumer threadName="main" threadId="0000000001CEB700" bytes="26213136" />
</allocation-stats>
<gc-op id="1903" type="copy forward" timems="0.933" contextid="1900" timestamp="2019-06-15T00:50:10.151">
  <memory-copied type="eden" objects="26" bytes="760" bytesdiscarded="0" />
  <memory-copied type="other" objects="16" bytes="864" bytesdiscarded="192" />
  <memory-cardclean objects="111" bytes="4328" />
  <regions eden="25" other="3" />
  <remembered-set-cleared processed="754" cleared="17" durationms="0.122" />
  <stringconstants candidates="13761" cleared="0"  />
</gc-op>
<gc-op id="1904" type="classunload" timems="0.004" contextid="1900" timestamp="2019-06-15T00:50:10.152">
  <classunload-info classloadercandidates="54" classloadersunloaded="0" classesunloaded="0" anonymousclassesunloaded="0" quiescems="0.000" setupms="0.004" scanms="0.000" postms="0.000" />
</gc-op>
<gc-end id="1905" type="partial gc" contextid="1900" durationms="2.206" usertimems="4.000" systemtimems="0.000" timestamp="2019-06-15T00:50:10.152" activeThreads="1">
  <mem-info id="1906" free="47185920" total="78643200" percent="60">
    <mem type="eden" free="1047816" total="1048576" percent="99" />
    <remembered-set count="2976" freebytes="3127296" totalbytes="3139200" percent="99" regionsoverflowed="0" regionsstable="16" regionsrebuilding="0"/>
  </mem-info>
</gc-end>
<cycle-end id="1907" type="partial gc" contextid="1900" timestamp="2019-06-15T00:50:10.152" />
  <attribute name="elasticGC enabled" value="1" />
  <attribute name= "numThreadsSpecified" value="1" />
  <attribute name="heapSize specified" value="0" />
  <attribute name="Current GC Util" value="60" />
  <attribute name= "Current Time Running" value="16098" />
  <attribute name ="GC Interval" value="0" />
  <attribute name="ProportionalT" value="20.000000" />
  <attribute name="ProportionalI" value="20.000000" />
  <attribute name="ProportionalH" value="20.000000" />
  <attribute name="Current Error" value="40.000000" />
  <attribute name="IntegralT" value="0.000000" />
  <attribute name="IntegralI" value="0.000000" />
  <attribute name="IntegralH" value="0.000000" />
  <attribute name="DerivativeT" value="inf" />
  <attribute name="DerivativeI" value="inf" />
  <attribute name="DerivativeH" value="inf" />
  <attribute name="Loop Time for DT" value="0.000000" />
  <attribute name="Output H" value="8388608"/>
  <attribute name="Output I" value="200"/>
  <attribute name="Output T" value="1"/>
  <attribute name="Target GC Util Change" value ="20.000000" />
  <attribute name="Current GC Util Change" value="60.000000"/>
  <attribute name="GC Util currently" value="60" />
  <attribute name="CPU Util currently" value="16892437031238" />
<exclusive-end id="1908" timestamp="2019-06-15T00:50:10.152" durationms="3.514" />

<exclusive-start id="1909" timestamp="2019-06-15T00:50:10.494" intervalms="345.688">
  <response-info timems="0.065" idlems="0.065" threads="0" lastid="0000000001CEB700" lastname="main" />
</exclusive-start>
<allocation-taxation id="1910" taxation-threshold="26214400" timestamp="2019-06-15T00:50:10.495" intervalms="345.711" />
<cycle-start id="1911" type="partial gc" contextid="0" timestamp="2019-06-15T00:50:10.495" intervalms="345.621" />
<gc-start id="1912" type="partial gc" contextid="1911" timestamp="2019-06-15T00:50:10.495">
  <mem-info id="1913" free="20971520" total="78643200" percent="26">
    <mem type="eden" free="0" total="26214400" percent="0" />
    <remembered-set count="2752" freebytes="3128192" totalbytes="3139200" percent="99" regionsoverflowed="0" regionsstable="16" regionsrebuilding="0"/>
  </mem-info>
</gc-start>
<allocation-stats totalBytes="26212728" >
  <allocated-bytes non-tlh="0" tlh="26212728" arrayletleaf="0"/>
  <largest-consumer threadName="main" threadId="0000000001CEB700" bytes="26212728" />
</allocation-stats>
<gc-op id="1914" type="copy forward" timems="0.977" contextid="1911" timestamp="2019-06-15T00:50:10.497">
  <memory-copied type="eden" objects="2" bytes="48" bytesdiscarded="0" />
  <memory-copied type="other" objects="33" bytes="944" bytesdiscarded="0" />
  <memory-cardclean objects="60" bytes="2464" />
  <regions eden="25" other="2" />
  <remembered-set-cleared processed="757" cleared="13" durationms="0.133" />
  <stringconstants candidates="13761" cleared="0"  />
</gc-op>
<gc-op id="1915" type="classunload" timems="0.017" contextid="1911" timestamp="2019-06-15T00:50:10.498">
  <classunload-info classloadercandidates="54" classloadersunloaded="0" classesunloaded="0" anonymousclassesunloaded="0" quiescems="0.000" setupms="0.016" scanms="0.000" postms="0.000" />
</gc-op>
<heap-resize id="1916" type="contract" space="default" amount="4194304" count="1" timems="0.064" reason="insufficient time being spent in gc" timestamp="2019-06-15T00:50:10.498" />
<gc-end id="1917" type="partial gc" contextid="1911" durationms="2.668" usertimems="8.000" systemtimems="0.000" timestamp="2019-06-15T00:50:10.498" activeThreads="1">
  <mem-info id="1918" free="41943040" total="74448896" percent="56">
    <mem type="eden" free="1048528" total="1048576" percent="99" />
    <remembered-set count="3072" freebytes="3126912" totalbytes="3139200" percent="99" regionsoverflowed="0" regionsstable="16" regionsrebuilding="0"/>
  </mem-info>
</gc-end>
<cycle-end id="1919" type="partial gc" contextid="1911" timestamp="2019-06-15T00:50:10.498" />
  <attribute name="elasticGC enabled" value="1" />
  <attribute name= "numThreadsSpecified" value="1" />
  <attribute name="heapSize specified" value="0" />
  <attribute name="Current GC Util" value="73" />
  <attribute name= "Current Time Running" value="16444" />
  <attribute name ="GC Interval" value="0" />
  <attribute name="ProportionalT" value="26.500000" />
  <attribute name="ProportionalI" value="26.500000" />
  <attribute name="ProportionalH" value="26.500000" />
  <attribute name="Current Error" value="53.000000" />
  <attribute name="IntegralT" value="0.000000" />
  <attribute name="IntegralI" value="0.000000" />
  <attribute name="IntegralH" value="0.000000" />
  <attribute name="DerivativeT" value="inf" />
  <attribute name="DerivativeI" value="inf" />
  <attribute name="DerivativeH" value="inf" />
  <attribute name="Loop Time for DT" value="0.000000" />
  <attribute name="Output H" value="8388608"/>
  <attribute name="Output I" value="200"/>
  <attribute name="Output T" value="1"/>
  <attribute name="Target GC Util Change" value ="20.000000" />
  <attribute name="Current GC Util Change" value="73.000000"/>
  <attribute name="GC Util currently" value="73" />
  <attribute name="CPU Util currently" value="17384023803943" />
<exclusive-end id="1920" timestamp="2019-06-15T00:50:10.498" durationms="3.931" />

<exclusive-start id="1921" timestamp="2019-06-15T00:50:11.325" intervalms="830.624">
  <response-info timems="0.061" idlems="0.061" threads="0" lastid="0000000001CEB700" lastname="main" />
</exclusive-start>
<allocation-taxation id="1922" taxation-threshold="25165824" timestamp="2019-06-15T00:50:11.325" intervalms="830.576" />
<cycle-start id="1923" type="partial gc" contextid="0" timestamp="2019-06-15T00:50:11.326" intervalms="830.655" />
<gc-start id="1924" type="partial gc" contextid="1923" timestamp="2019-06-15T00:50:11.326">
  <mem-info id="1925" free="16777216" total="74448896" percent="22">
    <mem type="eden" free="1048528" total="26214400" percent="3" />
    <remembered-set count="2752" freebytes="3128192" totalbytes="3139200" percent="99" regionsoverflowed="0" regionsstable="16" regionsrebuilding="0"/>
  </mem-info>
</gc-start>
<allocation-stats totalBytes="25164096" >
  <allocated-bytes non-tlh="0" tlh="25164096" arrayletleaf="0"/>
  <largest-consumer threadName="main" threadId="0000000001CEB700" bytes="25164096" />
</allocation-stats>
<gc-op id="1926" type="copy forward" timems="1.395" contextid="1923" timestamp="2019-06-15T00:50:11.328">
  <memory-copied type="eden" objects="49" bytes="1312" bytesdiscarded="56" />
  <memory-copied type="other" objects="7" bytes="160" bytesdiscarded="0" />
  <memory-cardclean objects="104" bytes="12488" />
  <regions eden="24" other="2" />
  <remembered-set-cleared processed="761" cleared="16" durationms="0.111" />
  <references type="weak" candidates="2" cleared="0" enqueued="0" />
  <stringconstants candidates="13761" cleared="0"  />
</gc-op>
<gc-op id="1927" type="classunload" timems="0.004" contextid="1923" timestamp="2019-06-15T00:50:11.329">
  <classunload-info classloadercandidates="54" classloadersunloaded="0" classesunloaded="0" anonymousclassesunloaded="0" quiescems="0.000" setupms="0.003" scanms="0.000" postms="0.000" />
</gc-op>
<gc-end id="1928" type="partial gc" contextid="1923" durationms="2.811" usertimems="4.000" systemtimems="0.000" timestamp="2019-06-15T00:50:11.329" activeThreads="4">
  <mem-info id="1929" free="41943040" total="74448896" percent="56">
    <mem type="eden" free="1047208" total="1048576" percent="99" />
    <remembered-set count="2176" freebytes="2963072" totalbytes="2971776" percent="99" regionsoverflowed="0" regionsstable="16" regionsrebuilding="0"/>
  </mem-info>
</gc-end>
<cycle-end id="1930" type="partial gc" contextid="1923" timestamp="2019-06-15T00:50:11.329" />
  <attribute name="elasticGC enabled" value="1" />
  <attribute name= "numThreadsSpecified" value="4" />
  <attribute name="heapSize specified" value="0" />
  <attribute name="Current GC Util" value="36" />
  <attribute name= "Current Time Running" value="17275" />
  <attribute name ="GC Interval" value="0" />
  <attribute name="ProportionalT" value="8.000000" />
  <attribute name="ProportionalI" value="8.000000" />
  <attribute name="ProportionalH" value="8.000000" />
  <attribute name="Current Error" value="16.000000" />
  <attribute name="IntegralT" value="16.000000" />
  <attribute name="IntegralI" value="16.000000" />
  <attribute name="IntegralH" value="16.000000" />
  <attribute name="DerivativeT" value="8.000000" />
  <attribute name="DerivativeI" value="8.000000" />
  <attribute name="DerivativeH" value="8.000000" />
  <attribute name="Loop Time for DT" value="1.000000" />
  <attribute name="Output H" value="8388608"/>
  <attribute name="Output I" value="200"/>
  <attribute name="Output T" value="4"/>
  <attribute name="Target GC Util Change" value ="20.000000" />
  <attribute name="Current GC Util Change" value="36.000000"/>
  <attribute name="GC Util currently" value="36" />
  <attribute name="CPU Util currently" value="8741952641471" />
<exclusive-end id="1931" timestamp="2019-06-15T00:50:11.329" durationms="4.064" />

<exclusive-start id="1932" timestamp="2019-06-15T00:50:11.389" intervalms="64.020">
  <response-info timems="0.070" idlems="0.070" threads="0" lastid="0000000001CEB700" lastname="main" />
</exclusive-start>
<allocation-taxation id="1933" taxation-threshold="25165824" timestamp="2019-06-15T00:50:11.389" intervalms="64.038" />
<cycle-start id="1934" type="partial gc" contextid="0" timestamp="2019-06-15T00:50:11.390" intervalms="64.008" />
<gc-start id="1935" type="partial gc" contextid="1934" timestamp="2019-06-15T00:50:11.390">
  <mem-info id="1936" free="16777216" total="74448896" percent="22">
    <mem type="eden" free="0" total="25165824" percent="0" />
    <remembered-set count="1824" freebytes="2964480" totalbytes="2971776" percent="99" regionsoverflowed="0" regionsstable="16" regionsrebuilding="0"/>
  </mem-info>
</gc-start>
<allocation-stats totalBytes="25163832" >
  <allocated-bytes non-tlh="0" tlh="25163832" arrayletleaf="0"/>
  <largest-consumer threadName="main" threadId="0000000001CEB700" bytes="25163832" />
</allocation-stats>
<gc-op id="1937" type="copy forward" timems="0.941" contextid="1934" timestamp="2019-06-15T00:50:11.391">
  <memory-copied type="eden" objects="6" bytes="136" bytesdiscarded="0" />
  <memory-copied type="other" objects="50" bytes="1328" bytesdiscarded="0" />
  <memory-cardclean objects="71" bytes="11208" />
  <regions eden="24" other="2" />
  <remembered-set-cleared processed="759" cleared="14" durationms="0.125" />
  <references type="weak" candidates="2" cleared="0" enqueued="0" />
  <stringconstants candidates="13761" cleared="0"  />
</gc-op>
<gc-op id="1938" type="classunload" timems="0.016" contextid="1934" timestamp="2019-06-15T00:50:11.392">
  <classunload-info classloadercandidates="54" classloadersunloaded="0" classesunloaded="0" anonymousclassesunloaded="0" quiescems="0.000" setupms="0.016" scanms="0.000" postms="0.000" />
</gc-op>
<gc-end id="1939" type="partial gc" contextid="1934" durationms="2.078" usertimems="4.000" systemtimems="0.000" timestamp="2019-06-15T00:50:11.392" activeThreads="1">
  <mem-info id="1940" free="40894464" total="74448896" percent="54">
    <mem type="eden" free="1048440" total="1048576" percent="99" />
    <remembered-set count="2144" freebytes="2963200" totalbytes="2971776" percent="99" regionsoverflowed="0" regionsstable="16" regionsrebuilding="0"/>
  </mem-info>
</gc-end>
<cycle-end id="1941" type="partial gc" contextid="1934" timestamp="2019-06-15T00:50:11.392" />
  <attribute name="elasticGC enabled" value="1" />
  <attribute name= "numThreadsSpecified" value="1" />
  <attribute name="heapSize specified" value="0" />
  <attribute name="Current GC Util" value="76" />
  <attribute name= "Current Time Running" value="17338" />
  <attribute name ="GC Interval" value="0" />
  <attribute name="ProportionalT" value="28.000000" />
  <attribute name="ProportionalI" value="28.000000" />
  <attribute name="ProportionalH" value="28.000000" />
  <attribute name="Current Error" value="56.000000" />
  <attribute name="IntegralT" value="0.000000" />
  <attribute name="IntegralI" value="0.000000" />
  <attribute name="IntegralH" value="0.000000" />
  <attribute name="DerivativeT" value="inf" />
  <attribute name="DerivativeI" value="inf" />
  <attribute name="DerivativeH" value="inf" />
  <attribute name="Loop Time for DT" value="0.000000" />
  <attribute name="Output H" value="8388608"/>
  <attribute name="Output I" value="200"/>
  <attribute name="Output T" value="1"/>
  <attribute name="Target GC Util Change" value ="20.000000" />
  <attribute name="Current GC Util Change" value="76.000000"/>
  <attribute name="GC Util currently" value="76" />
  <attribute name="CPU Util currently" value="18012780049520" />
<exclusive-end id="1942" timestamp="2019-06-15T00:50:11.392" durationms="3.230" />

<exclusive-start id="1943" timestamp="2019-06-15T00:50:11.434" intervalms="44.567">
  <response-info timems="0.077" idlems="0.077" threads="0" lastid="0000000001CEB700" lastname="main" />
</exclusive-start>
<allocation-taxation id="1944" taxation-threshold="12582912" timestamp="2019-06-15T00:50:11.434" intervalms="44.580" />
<cycle-start id="1945" type="global mark phase" contextid="0" timestamp="2019-06-15T00:50:11.434" intervalms="1864.051" />
<gc-start id="1946" type="global mark phase" contextid="1945" timestamp="2019-06-15T00:50:11.434">
  <mem-info id="1947" free="28311552" total="74448896" percent="38">
    <remembered-set count="1824" freebytes="2964480" totalbytes="2971776" percent="99" regionsoverflowed="0" regionsstable="16" regionsrebuilding="0"/>
  </mem-info>
</gc-start>
<gc-op id="1948" type="mark increment" timems="0.572" contextid="1945" timestamp="2019-06-15T00:50:11.435">
  <trace-info objectcount="175" scancount="0" scanbytes="0" />
</gc-op>
<gc-end id="1949" type="global mark phase" contextid="1945" durationms="0.824" usertimems="0.000" systemtimems="0.000" timestamp="2019-06-15T00:50:11.435" activeThreads="1">
  <mem-info id="1950" free="28311552" total="74448896" percent="38">
    <remembered-set count="1824" freebytes="2964480" totalbytes="2971776" percent="99" regionsoverflowed="0" regionsstable="0" regionsrebuilding="16"/>
  </mem-info>
</gc-end>
<concurrent-start id="1951" type="GMP work packet processing" contextid="1945" timestamp="2019-06-15T00:50:11.435">
  <concurrent-mark-start scanTarget="1048576" />
</concurrent-start>
<exclusive-end id="1952" timestamp="2019-06-15T00:50:11.435" durationms="1.755" />

<concurrent-end id="1953" type="GMP work packet processing" contextid="1945" timestamp="2019-06-15T00:50:11.437">
  <concurrent-mark-end bytesScanned="1141896" reasonForTermination="Work target met" />
</concurrent-end>

<exclusive-start id="1954" timestamp="2019-06-15T00:50:11.478" intervalms="44.159">
  <response-info timems="0.067" idlems="0.067" threads="0" lastid="0000000001CEB700" lastname="main" />
</exclusive-start>
<allocation-taxation id="1955" taxation-threshold="12582912" timestamp="2019-06-15T00:50:11.478" intervalms="44.138" />
<cycle-start id="1956" type="partial gc" contextid="0" timestamp="2019-06-15T00:50:11.478" intervalms="88.752" />
<gc-start id="1957" type="partial gc" contextid="1956" timestamp="2019-06-15T00:50:11.479">
  <mem-info id="1958" free="15728640" total="74448896" percent="21">
    <mem type="eden" free="1048440" total="26214400" percent="3" />
    <remembered-set count="10400" freebytes="2930176" totalbytes="2971776" percent="98" regionsoverflowed="0" regionsstable="0" regionsrebuilding="16"/>
  </mem-info>
</gc-start>
<allocation-stats totalBytes="25164032" >
  <allocated-bytes non-tlh="0" tlh="25164032" arrayletleaf="0"/>
  <largest-consumer threadName="main" threadId="0000000001CEB700" bytes="12582160" />
</allocation-stats>
<gc-op id="1959" type="copy forward" timems="4.923" contextid="1956" timestamp="2019-06-15T00:50:11.484">
  <memory-copied type="eden" objects="30" bytes="904" bytesdiscarded="0" />
  <memory-copied type="other" objects="34496" bytes="872952" bytesdiscarded="352" />
  <memory-cardclean objects="8194" bytes="471408" />
  <regions eden="24" other="4" />
  <remembered-set-cleared processed="7635" cleared="133" durationms="0.189" />
  <stringconstants candidates="13761" cleared="0"  />
</gc-op>
<gc-op id="1960" type="classunload" timems="0.008" contextid="1956" timestamp="2019-06-15T00:50:11.485">
  <classunload-info classloadercandidates="54" classloadersunloaded="0" classesunloaded="0" anonymousclassesunloaded="0" quiescems="0.000" setupms="0.008" scanms="0.000" postms="0.000" />
</gc-op>
<gc-end id="1961" type="partial gc" contextid="1956" durationms="6.177" usertimems="12.000" systemtimems="0.000" timestamp="2019-06-15T00:50:11.485" activeThreads="1">
  <mem-info id="1962" free="42991616" total="74448896" percent="57">
    <mem type="eden" free="1047672" total="1048576" percent="99" />
    <remembered-set count="13856" freebytes="2916352" totalbytes="2971776" percent="98" regionsoverflowed="0" regionsstable="0" regionsrebuilding="16"/>
  </mem-info>
</gc-end>
<cycle-end id="1963" type="partial gc" contextid="1956" timestamp="2019-06-15T00:50:11.485" />
  <attribute name="elasticGC enabled" value="1" />
  <attribute name= "numThreadsSpecified" value="1" />
  <attribute name="heapSize specified" value="0" />
  <attribute name="Current GC Util" value="54" />
  <attribute name= "Current Time Running" value="17427" />
  <attribute name ="GC Interval" value="0" />
  <attribute name="ProportionalT" value="17.000000" />
  <attribute name="ProportionalI" value="17.000000" />
  <attribute name="ProportionalH" value="17.000000" />
  <attribute name="Current Error" value="34.000000" />
  <attribute name="IntegralT" value="0.000000" />
  <attribute name="IntegralI" value="0.000000" />
  <attribute name="IntegralH" value="0.000000" />
  <attribute name="DerivativeT" value="inf" />
  <attribute name="DerivativeI" value="inf" />
  <attribute name="DerivativeH" value="inf" />
  <attribute name="Loop Time for DT" value="0.000000" />
  <attribute name="Output H" value="8388608"/>
  <attribute name="Output I" value="200"/>
  <attribute name="Output T" value="1"/>
  <attribute name="Target GC Util Change" value ="20.000000" />
  <attribute name="Current GC Util Change" value="54.000000"/>
  <attribute name="GC Util currently" value="54" />
  <attribute name="CPU Util currently" value="18162679636323" />
<exclusive-end id="1964" timestamp="2019-06-15T00:50:11.485" durationms="7.405" />

<exclusive-start id="1965" timestamp="2019-06-15T00:50:11.527" intervalms="48.851">
  <response-info timems="0.079" idlems="0.079" threads="0" lastid="0000000001CEB700" lastname="main" />
</exclusive-start>
<allocation-taxation id="1966" taxation-threshold="12582912" timestamp="2019-06-15T00:50:11.527" intervalms="48.829" />
<gc-start id="1967" type="global mark phase" contextid="1945" timestamp="2019-06-15T00:50:11.527">
  <mem-info id="1968" free="30408704" total="74448896" percent="40">
    <remembered-set count="13632" freebytes="2917248" totalbytes="2971776" percent="98" regionsoverflowed="0" regionsstable="0" regionsrebuilding="16"/>
  </mem-info>
</gc-start>
<gc-end id="1969" type="global mark phase" contextid="1945" durationms="0.217" usertimems="0.000" systemtimems="0.000" timestamp="2019-06-15T00:50:11.527" activeThreads="1">
  <mem-info id="1970" free="30408704" total="74448896" percent="40">
    <remembered-set count="13632" freebytes="2917248" totalbytes="2971776" percent="98" regionsoverflowed="0" regionsstable="0" regionsrebuilding="16"/>
  </mem-info>
</gc-end>
<concurrent-start id="1971" type="GMP work packet processing" contextid="1945" timestamp="2019-06-15T00:50:11.528">
  <concurrent-mark-start scanTarget="1048576" />
</concurrent-start>
<concurrent-end id="1972" type="GMP work packet processing" contextid="1945" timestamp="2019-06-15T00:50:11.529">
  <concurrent-mark-end bytesScanned="1093596" reasonForTermination="Work target met" />
</concurrent-end>

<exclusive-end id="1973" timestamp="2019-06-15T00:50:11.529" durationms="1.851" />

<exclusive-start id="1974" timestamp="2019-06-15T00:50:11.570" intervalms="43.144">
  <response-info timems="0.121" idlems="0.121" threads="0" lastid="0000000001CEB700" lastname="main" />
</exclusive-start>
<allocation-taxation id="1975" taxation-threshold="12582912" timestamp="2019-06-15T00:50:11.570" intervalms="43.134" />
<cycle-start id="1976" type="partial gc" contextid="0" timestamp="2019-06-15T00:50:11.570" intervalms="92.040" />
<gc-start id="1977" type="partial gc" contextid="1976" timestamp="2019-06-15T00:50:11.571">
  <mem-info id="1978" free="17825792" total="74448896" percent="23">
    <mem type="eden" free="0" total="25165824" percent="0" />
    <remembered-set count="24032" freebytes="2875648" totalbytes="2971776" percent="96" regionsoverflowed="0" regionsstable="0" regionsrebuilding="16"/>
  </mem-info>
</gc-start>
<allocation-stats totalBytes="25164184" >
  <allocated-bytes non-tlh="0" tlh="25164184" arrayletleaf="0"/>
  <largest-consumer threadName="main" threadId="0000000001CEB700" bytes="12582120" />
</allocation-stats>
<gc-op id="1979" type="copy forward" timems="1.430" contextid="1976" timestamp="2019-06-15T00:50:11.573">
  <memory-copied type="eden" objects="27" bytes="856" bytesdiscarded="0" />
  <memory-copied type="other" objects="51" bytes="1168" bytesdiscarded="0" />
  <memory-cardclean objects="138" bytes="13904" />
  <regions eden="24" other="2" />
  <remembered-set-cleared processed="22016" cleared="57" durationms="0.274" />
  <references type="weak" candidates="2" cleared="0" enqueued="0" />
  <stringconstants candidates="13761" cleared="0"  />
</gc-op>
<gc-op id="1980" type="classunload" timems="0.004" contextid="1976" timestamp="2019-06-15T00:50:11.573">
  <classunload-info classloadercandidates="54" classloadersunloaded="0" classesunloaded="0" anonymousclassesunloaded="0" quiescems="0.000" setupms="0.003" scanms="0.000" postms="0.000" />
</gc-op>
<gc-end id="1981" type="partial gc" contextid="1976" durationms="2.854" usertimems="4.000" systemtimems="0.000" timestamp="2019-06-15T00:50:11.574" activeThreads="1">
  <mem-info id="1982" free="41943040" total="74448896" percent="56">
    <mem type="eden" free="1047720" total="1048576" percent="99" />
    <remembered-set count="24320" freebytes="2874496" totalbytes="2971776" percent="96" regionsoverflowed="0" regionsstable="0" regionsrebuilding="16"/>
  </mem-info>
</gc-end>
<cycle-end id="1983" type="partial gc" contextid="1976" timestamp="2019-06-15T00:50:11.574" />
  <attribute name="elasticGC enabled" value="1" />
  <attribute name= "numThreadsSpecified" value="1" />
  <attribute name="heapSize specified" value="0" />
  <attribute name="Current GC Util" value="65" />
  <attribute name= "Current Time Running" value="17519" />
  <attribute name ="GC Interval" value="0" />
  <attribute name="ProportionalT" value="22.500000" />
  <attribute name="ProportionalI" value="22.500000" />
  <attribute name="ProportionalH" value="22.500000" />
  <attribute name="Current Error" value="45.000000" />
  <attribute name="IntegralT" value="0.000000" />
  <attribute name="IntegralI" value="0.000000" />
  <attribute name="IntegralH" value="0.000000" />
  <attribute name="DerivativeT" value="inf" />
  <attribute name="DerivativeI" value="inf" />
  <attribute name="DerivativeH" value="inf" />
  <attribute name="Loop Time for DT" value="0.000000" />
  <attribute name="Output H" value="8388608"/>
  <attribute name="Output I" value="200"/>
  <attribute name="Output T" value="1"/>
  <attribute name="Target GC Util Change" value ="20.000000" />
  <attribute name="Current GC Util Change" value="65.000000"/>
  <attribute name="GC Util currently" value="65" />
  <attribute name="CPU Util currently" value="14636834478558" />
<exclusive-end id="1984" timestamp="2019-06-15T00:50:11.574" durationms="4.212" />

<exclusive-start id="1985" timestamp="2019-06-15T00:50:11.642" intervalms="72.370">
  <response-info timems="0.061" idlems="0.061" threads="0" lastid="0000000001CEB700" lastname="main" />
</exclusive-start>
<allocation-taxation id="1986" taxation-threshold="12582912" timestamp="2019-06-15T00:50:11.642" intervalms="72.424" />
<gc-start id="1987" type="global mark phase" contextid="1945" timestamp="2019-06-15T00:50:11.643">
  <mem-info id="1988" free="29360128" total="74448896" percent="39">
    <remembered-set count="24032" freebytes="2875648" totalbytes="2971776" percent="96" regionsoverflowed="0" regionsstable="0" regionsrebuilding="16"/>
  </mem-info>
</gc-start>
<gc-end id="1989" type="global mark phase" contextid="1945" durationms="0.216" usertimems="0.000" systemtimems="0.000" timestamp="2019-06-15T00:50:11.643" activeThreads="1">
  <mem-info id="1990" free="29360128" total="74448896" percent="39">
    <remembered-set count="24032" freebytes="2875648" totalbytes="2971776" percent="96" regionsoverflowed="0" regionsstable="0" regionsrebuilding="16"/>
  </mem-info>
</gc-end>
<concurrent-start id="1991" type="GMP work packet processing" contextid="1945" timestamp="2019-06-15T00:50:11.643">
  <concurrent-mark-start scanTarget="1048576" />
</concurrent-start>
<exclusive-end id="1992" timestamp="2019-06-15T00:50:11.644" durationms="1.933" />

<concurrent-end id="1993" type="GMP work packet processing" contextid="1945" timestamp="2019-06-15T00:50:11.646">
  <concurrent-mark-end bytesScanned="1101804" reasonForTermination="Work target met" />
</concurrent-end>

<exclusive-start id="1994" timestamp="2019-06-15T00:50:11.702" intervalms="60.024">
  <response-info timems="0.090" idlems="0.090" threads="0" lastid="0000000001CEB700" lastname="main" />
</exclusive-start>
<allocation-taxation id="1995" taxation-threshold="12582912" timestamp="2019-06-15T00:50:11.702" intervalms="60.001" />
<cycle-start id="1996" type="partial gc" contextid="0" timestamp="2019-06-15T00:50:11.703" intervalms="132.298" />
<gc-start id="1997" type="partial gc" contextid="1996" timestamp="2019-06-15T00:50:11.703">
  <mem-info id="1998" free="16777216" total="74448896" percent="22">
    <mem type="eden" free="1047720" total="26214400" percent="3" />
    <remembered-set count="36128" freebytes="2827264" totalbytes="2971776" percent="95" regionsoverflowed="0" regionsstable="0" regionsrebuilding="16"/>
  </mem-info>
</gc-start>
<allocation-stats totalBytes="25163872" >
  <allocated-bytes non-tlh="0" tlh="25163872" arrayletleaf="0"/>
  <largest-consumer threadName="main" threadId="0000000001CEB700" bytes="12581920" />
</allocation-stats>
<gc-op id="1999" type="copy forward" timems="1.523" contextid="1996" timestamp="2019-06-15T00:50:11.705">
  <memory-copied type="eden" objects="14" bytes="352" bytesdiscarded="0" />
  <memory-copied type="other" objects="20" bytes="656" bytesdiscarded="0" />
  <memory-cardclean objects="30" bytes="9424" />
  <regions eden="24" other="1" />
  <remembered-set-cleared processed="33668" cleared="36" durationms="0.356" />
  <references type="weak" candidates="2" cleared="0" enqueued="0" />
  <stringconstants candidates="13761" cleared="0"  />
</gc-op>
<gc-op id="2000" type="classunload" timems="0.004" contextid="1996" timestamp="2019-06-15T00:50:11.705">
  <classunload-info classloadercandidates="54" classloadersunloaded="0" classesunloaded="0" anonymousclassesunloaded="0" quiescems="0.000" setupms="0.003" scanms="0.000" postms="0.000" />
</gc-op>
<heap-resize id="2001" type="contract" space="default" amount="4194304" count="1" timems="0.135" reason="insufficient time being spent in gc" timestamp="2019-06-15T00:50:11.706" />
<gc-end id="2002" type="partial gc" contextid="1996" durationms="2.934" usertimems="4.000" systemtimems="0.000" timestamp="2019-06-15T00:50:11.706" activeThreads="1">
  <mem-info id="2003" free="36700160" total="70254592" percent="52">
    <mem type="eden" free="2096144" total="2097152" percent="99" />
    <remembered-set count="36608" freebytes="2825344" totalbytes="2971776" percent="95" regionsoverflowed="0" regionsstable="0" regionsrebuilding="16"/>
  </mem-info>
</gc-end>
<cycle-end id="2004" type="partial gc" contextid="1996" timestamp="2019-06-15T00:50:11.706" />
  <attribute name="elasticGC enabled" value="1" />
  <attribute name= "numThreadsSpecified" value="1" />
  <attribute name="heapSize specified" value="0" />
  <attribute name="Current GC Util" value="59" />
  <attribute name= "Current Time Running" value="17651" />
  <attribute name ="GC Interval" value="0" />
  <attribute name="ProportionalT" value="19.500000" />
  <attribute name="ProportionalI" value="19.500000" />
  <attribute name="ProportionalH" value="19.500000" />
  <attribute name="Current Error" value="39.000000" />
  <attribute name="IntegralT" value="0.000000" />
  <attribute name="IntegralI" value="0.000000" />
  <attribute name="IntegralH" value="0.000000" />
  <attribute name="DerivativeT" value="inf" />
  <attribute name="DerivativeI" value="inf" />
  <attribute name="DerivativeH" value="inf" />
  <attribute name="Loop Time for DT" value="0.000000" />
  <attribute name="Output H" value="8388608"/>
  <attribute name="Output I" value="200"/>
  <attribute name="Output T" value="1"/>
  <attribute name="Target GC Util Change" value ="20.000000" />
  <attribute name="Current GC Util Change" value="59.000000"/>
  <attribute name="GC Util currently" value="59" />
  <attribute name="CPU Util currently" value="17411524352597" />
<exclusive-end id="2005" timestamp="2019-06-15T00:50:11.706" durationms="4.066" />

<exclusive-start id="2006" timestamp="2019-06-15T00:50:11.750" intervalms="48.036">
  <response-info timems="0.237" idlems="0.237" threads="0" lastid="0000000001CEB700" lastname="main" />
</exclusive-start>
<allocation-taxation id="2007" taxation-threshold="11534336" timestamp="2019-06-15T00:50:11.750" intervalms="48.006" />
<gc-start id="2008" type="global mark phase" contextid="1945" timestamp="2019-06-15T00:50:11.751">
  <mem-info id="2009" free="25165824" total="70254592" percent="35">
    <remembered-set count="36160" freebytes="2827136" totalbytes="2971776" percent="95" regionsoverflowed="0" regionsstable="0" regionsrebuilding="16"/>
  </mem-info>
</gc-start>
<gc-end id="2010" type="global mark phase" contextid="1945" durationms="0.134" usertimems="0.000" systemtimems="0.000" timestamp="2019-06-15T00:50:11.751" activeThreads="1">
  <mem-info id="2011" free="25165824" total="70254592" percent="35">
    <remembered-set count="36160" freebytes="2827136" totalbytes="2971776" percent="95" regionsoverflowed="0" regionsstable="0" regionsrebuilding="16"/>
  </mem-info>
</gc-end>
<concurrent-start id="2012" type="GMP work packet processing" contextid="1945" timestamp="2019-06-15T00:50:11.751">
  <concurrent-mark-start scanTarget="1048576" />
</concurrent-start>
<concurrent-end id="2013" type="GMP work packet processing" contextid="1945" timestamp="2019-06-15T00:50:11.752">
  <concurrent-mark-end bytesScanned="1083780" reasonForTermination="Work target met" />
</concurrent-end>

<exclusive-end id="2014" timestamp="2019-06-15T00:50:11.752" durationms="1.469" />

<exclusive-start id="2015" timestamp="2019-06-15T00:50:11.793" intervalms="42.544">
  <response-info timems="0.089" idlems="0.089" threads="0" lastid="0000000001CEB700" lastname="main" />
</exclusive-start>
<allocation-taxation id="2016" taxation-threshold="11534336" timestamp="2019-06-15T00:50:11.793" intervalms="42.568" />
<cycle-start id="2017" type="partial gc" contextid="0" timestamp="2019-06-15T00:50:11.793" intervalms="90.609" />
<gc-start id="2018" type="partial gc" contextid="2017" timestamp="2019-06-15T00:50:11.794">
  <mem-info id="2019" free="13631488" total="70254592" percent="19">
    <mem type="eden" free="1048224" total="24117248" percent="4" />
    <remembered-set count="45184" freebytes="2791040" totalbytes="2971776" percent="93" regionsoverflowed="0" regionsstable="0" regionsrebuilding="16"/>
  </mem-info>
</gc-start>
<allocation-stats totalBytes="23066840" >
  <allocated-bytes non-tlh="0" tlh="23066840" arrayletleaf="0"/>
  <largest-consumer threadName="main" threadId="0000000001CEB700" bytes="11533528" />
</allocation-stats>
<gc-op id="2020" type="copy forward" timems="1.488" contextid="2017" timestamp="2019-06-15T00:50:11.796">
  <memory-copied type="eden" objects="9" bytes="240" bytesdiscarded="0" />
  <memory-copied type="other" objects="0" bytes="0" bytesdiscarded="0" />
  <memory-cardclean objects="15" bytes="520" />
  <regions eden="22" other="1" />
  <remembered-set-cleared processed="43537" cleared="12" durationms="0.362" />
  <stringconstants candidates="13761" cleared="0"  />
</gc-op>
<gc-op id="2021" type="classunload" timems="0.004" contextid="2017" timestamp="2019-06-15T00:50:11.796">
  <classunload-info classloadercandidates="54" classloadersunloaded="0" classesunloaded="0" anonymousclassesunloaded="0" quiescems="0.000" setupms="0.003" scanms="0.000" postms="0.000" />
</gc-op>
<heap-resize id="2022" type="contract" space="default" amount="4194304" count="1" timems="0.164" reason="insufficient time being spent in gc" timestamp="2019-06-15T00:50:11.797" />
<gc-end id="2023" type="partial gc" contextid="2017" durationms="3.141" usertimems="0.000" systemtimems="4.000" timestamp="2019-06-15T00:50:11.797" activeThreads="1">
  <mem-info id="2024" free="32505856" total="66060288" percent="49">
    <mem type="eden" free="1048336" total="1048576" percent="99" />
    <remembered-set count="45472" freebytes="2622464" totalbytes="2804352" percent="93" regionsoverflowed="0" regionsstable="0" regionsrebuilding="16"/>
  </mem-info>
</gc-end>
<cycle-end id="2025" type="partial gc" contextid="2017" timestamp="2019-06-15T00:50:11.797" />
  <attribute name="elasticGC enabled" value="1" />
  <attribute name= "numThreadsSpecified" value="1" />
  <attribute name="heapSize specified" value="0" />
  <attribute name="Current GC Util" value="44" />
  <attribute name= "Current Time Running" value="17742" />
  <attribute name ="GC Interval" value="0" />
  <attribute name="ProportionalT" value="12.000000" />
  <attribute name="ProportionalI" value="12.000000" />
  <attribute name="ProportionalH" value="12.000000" />
  <attribute name="Current Error" value="24.000000" />
  <attribute name="IntegralT" value="0.000000" />
  <attribute name="IntegralI" value="0.000000" />
  <attribute name="IntegralH" value="0.000000" />
  <attribute name="DerivativeT" value="inf" />
  <attribute name="DerivativeI" value="inf" />
  <attribute name="DerivativeH" value="inf" />
  <attribute name="Loop Time for DT" value="0.000000" />
  <attribute name="Output H" value="8388608"/>
  <attribute name="Output I" value="200"/>
  <attribute name="Output T" value="1"/>
  <attribute name="Target GC Util Change" value ="20.000000" />
  <attribute name="Current GC Util Change" value="44.000000"/>
  <attribute name="GC Util currently" value="44" />
  <attribute name="CPU Util currently" value="10383710033408" />
<exclusive-end id="2026" timestamp="2019-06-15T00:50:11.797" durationms="4.248" />

<exclusive-start id="2027" timestamp="2019-06-15T00:50:11.838" intervalms="45.640">
  <response-info timems="0.062" idlems="0.062" threads="0" lastid="0000000001CEB700" lastname="main" />
</exclusive-start>
<allocation-taxation id="2028" taxation-threshold="11534336" timestamp="2019-06-15T00:50:11.839" intervalms="45.653" />
<gc-start id="2029" type="global mark phase" contextid="1945" timestamp="2019-06-15T00:50:11.839">
  <mem-info id="2030" free="20971520" total="66060288" percent="31">
    <remembered-set count="44992" freebytes="2624384" totalbytes="2804352" percent="93" regionsoverflowed="0" regionsstable="0" regionsrebuilding="16"/>
  </mem-info>
</gc-start>
<gc-end id="2031" type="global mark phase" contextid="1945" durationms="0.139" usertimems="0.000" systemtimems="0.000" timestamp="2019-06-15T00:50:11.839" activeThreads="1">
  <mem-info id="2032" free="20971520" total="66060288" percent="31">
    <remembered-set count="44992" freebytes="2624384" totalbytes="2804352" percent="93" regionsoverflowed="0" regionsstable="0" regionsrebuilding="16"/>
  </mem-info>
</gc-end>
<concurrent-start id="2033" type="GMP work packet processing" contextid="1945" timestamp="2019-06-15T00:50:11.839">
  <concurrent-mark-start scanTarget="1048576" />
</concurrent-start>
<concurrent-end id="2034" type="GMP work packet processing" contextid="1945" timestamp="2019-06-15T00:50:11.840">
  <concurrent-mark-end bytesScanned="1096000" reasonForTermination="Work target met" />
</concurrent-end>

<exclusive-end id="2035" timestamp="2019-06-15T00:50:11.840" durationms="1.783" />

<exclusive-start id="2036" timestamp="2019-06-15T00:50:12.279" intervalms="441.015">
  <response-info timems="0.074" idlems="0.074" threads="0" lastid="0000000001CEB700" lastname="main" />
</exclusive-start>
<allocation-taxation id="2037" taxation-threshold="11534336" timestamp="2019-06-15T00:50:12.280" intervalms="441.000" />
<cycle-start id="2038" type="partial gc" contextid="0" timestamp="2019-06-15T00:50:12.280" intervalms="486.606" />
<gc-start id="2039" type="partial gc" contextid="2038" timestamp="2019-06-15T00:50:12.280">
  <mem-info id="2040" free="9437184" total="66060288" percent="14">
    <mem type="eden" free="1048336" total="24117248" percent="4" />
    <remembered-set count="57536" freebytes="2574208" totalbytes="2804352" percent="91" regionsoverflowed="0" regionsstable="0" regionsrebuilding="16"/>
  </mem-info>
</gc-start>
<allocation-stats totalBytes="23057136" >
  <allocated-bytes non-tlh="360" tlh="23056776" arrayletleaf="0"/>
  <largest-consumer threadName="main" threadId="0000000001CEB700" bytes="11523712" />
</allocation-stats>
<gc-op id="2041" type="copy forward" timems="1.634" contextid="2038" timestamp="2019-06-15T00:50:12.283">
  <memory-copied type="eden" objects="77" bytes="2920" bytesdiscarded="1480" />
  <memory-copied type="other" objects="0" bytes="0" bytesdiscarded="0" />
  <memory-cardclean objects="93" bytes="11536" />
  <regions eden="22" other="1" />
  <remembered-set-cleared processed="55346" cleared="67" durationms="0.258" />
  <references type="weak" candidates="6" cleared="0" enqueued="0" />
  <stringconstants candidates="13767" cleared="0"  />
</gc-op>
<gc-op id="2042" type="classunload" timems="0.005" contextid="2038" timestamp="2019-06-15T00:50:12.283">
  <classunload-info classloadercandidates="54" classloadersunloaded="0" classesunloaded="0" anonymousclassesunloaded="0" quiescems="0.000" setupms="0.005" scanms="0.000" postms="0.000" />
</gc-op>
<heap-resize id="2043" type="contract" space="default" amount="4194304" count="1" timems="0.126" reason="insufficient time being spent in gc" timestamp="2019-06-15T00:50:12.283" />
<gc-end id="2044" type="partial gc" contextid="2038" durationms="3.116" usertimems="8.000" systemtimems="0.000" timestamp="2019-06-15T00:50:12.283" activeThreads="4">
  <mem-info id="2045" free="28311552" total="61865984" percent="45">
    <mem type="eden" free="1044176" total="1048576" percent="99" />
    <remembered-set count="58272" freebytes="2403840" totalbytes="2636928" percent="91" regionsoverflowed="0" regionsstable="0" regionsrebuilding="16"/>
  </mem-info>
</gc-end>
<cycle-end id="2046" type="partial gc" contextid="2038" timestamp="2019-06-15T00:50:12.283" />
  <attribute name="elasticGC enabled" value="1" />
  <attribute name= "numThreadsSpecified" value="4" />
  <attribute name="heapSize specified" value="0" />
  <attribute name="Current GC Util" value="47" />
  <attribute name= "Current Time Running" value="18229" />
  <attribute name ="GC Interval" value="0" />
  <attribute name="ProportionalT" value="13.500000" />
  <attribute name="ProportionalI" value="13.500000" />
  <attribute name="ProportionalH" value="13.500000" />
  <attribute name="Current Error" value="27.000000" />
  <attribute name="IntegralT" value="27.000000" />
  <attribute name="IntegralI" value="27.000000" />
  <attribute name="IntegralH" value="27.000000" />
  <attribute name="DerivativeT" value="13.500000" />
  <attribute name="DerivativeI" value="13.500000" />
  <attribute name="DerivativeH" value="13.500000" />
  <attribute name="Loop Time for DT" value="1.000000" />
  <attribute name="Output H" value="8388608"/>
  <attribute name="Output I" value="200"/>
  <attribute name="Output T" value="4"/>
  <attribute name="Target GC Util Change" value ="20.000000" />
  <attribute name="Current GC Util Change" value="47.000000"/>
  <attribute name="GC Util currently" value="47" />
  <attribute name="CPU Util currently" value="10832445019900" />
<exclusive-end id="2047" timestamp="2019-06-15T00:50:12.284" durationms="4.174" />

<exclusive-start id="2048" timestamp="2019-06-15T00:50:12.317" intervalms="37.816">
  <response-info timems="0.027" idlems="0.027" threads="0" lastid="0000000001CEB700" lastname="main" />
</exclusive-start>
<allocation-taxation id="2049" taxation-threshold="10485760" timestamp="2019-06-15T00:50:12.317" intervalms="37.810" />
<gc-start id="2050" type="global mark phase" contextid="1945" timestamp="2019-06-15T00:50:12.318">
  <mem-info id="2051" free="17825792" total="61865984" percent="28">
    <remembered-set count="57952" freebytes="2405120" totalbytes="2636928" percent="91" regionsoverflowed="0" regionsstable="0" regionsrebuilding="16"/>
  </mem-info>
</gc-start>
<gc-end id="2052" type="global mark phase" contextid="1945" durationms="0.162" usertimems="0.000" systemtimems="0.000" timestamp="2019-06-15T00:50:12.318" activeThreads="4">
  <mem-info id="2053" free="17825792" total="61865984" percent="28">
    <remembered-set count="57952" freebytes="2405120" totalbytes="2636928" percent="91" regionsoverflowed="0" regionsstable="0" regionsrebuilding="16"/>
  </mem-info>
</gc-end>
<concurrent-start id="2054" type="GMP work packet processing" contextid="1945" timestamp="2019-06-15T00:50:12.318">
  <concurrent-mark-start scanTarget="2203348" />
</concurrent-start>
<concurrent-end id="2055" type="GMP work packet processing" contextid="1945" timestamp="2019-06-15T00:50:12.319">
  <concurrent-mark-end bytesScanned="2254532" reasonForTermination="Work target met" />
</concurrent-end>

<exclusive-end id="2056" timestamp="2019-06-15T00:50:12.319" durationms="2.211" />

<exclusive-start id="2057" timestamp="2019-06-15T00:50:12.349" intervalms="31.737">
  <response-info timems="0.109" idlems="0.109" threads="0" lastid="0000000001CEB700" lastname="main" />
</exclusive-start>
<allocation-taxation id="2058" taxation-threshold="10485760" timestamp="2019-06-15T00:50:12.349" intervalms="31.724" />
<cycle-start id="2059" type="partial gc" contextid="0" timestamp="2019-06-15T00:50:12.349" intervalms="69.520" />
<gc-start id="2060" type="partial gc" contextid="2059" timestamp="2019-06-15T00:50:12.350">
  <mem-info id="2061" free="7340032" total="61865984" percent="11">
    <mem type="eden" free="0" total="20971520" percent="0" />
    <remembered-set count="81408" freebytes="2311296" totalbytes="2636928" percent="87" regionsoverflowed="0" regionsstable="0" regionsrebuilding="16"/>
  </mem-info>
</gc-start>
<allocation-stats totalBytes="20955504" >
  <allocated-bytes non-tlh="0" tlh="20955504" arrayletleaf="0"/>
  <largest-consumer threadName="main" threadId="0000000001CEB700" bytes="10478336" />
</allocation-stats>
<gc-op id="2062" type="copy forward" timems="1.673" contextid="2059" timestamp="2019-06-15T00:50:12.352">
  <memory-copied type="eden" objects="1" bytes="24" bytesdiscarded="0" />
  <memory-copied type="other" objects="74" bytes="2816" bytesdiscarded="0" />
  <memory-cardclean objects="57" bytes="10520" />
  <regions eden="20" other="1" />
  <remembered-set-cleared processed="79278" cleared="62" durationms="0.584" />
  <references type="weak" candidates="6" cleared="0" enqueued="0" />
  <stringconstants candidates="13767" cleared="0"  />
</gc-op>
<gc-op id="2063" type="classunload" timems="0.005" contextid="2059" timestamp="2019-06-15T00:50:12.352">
  <classunload-info classloadercandidates="54" classloadersunloaded="0" classesunloaded="0" anonymousclassesunloaded="0" quiescems="0.000" setupms="0.004" scanms="0.000" postms="0.000" />
</gc-op>
<heap-resize id="2064" type="contract" space="default" amount="3145728" count="1" timems="0.238" reason="insufficient time being spent in gc" timestamp="2019-06-15T00:50:12.353" />
<gc-end id="2065" type="partial gc" contextid="2059" durationms="3.237" usertimems="4.000" systemtimems="0.000" timestamp="2019-06-15T00:50:12.353" activeThreads="1">
  <mem-info id="2066" free="24117248" total="58720256" percent="41">
    <mem type="eden" free="1048552" total="1048576" percent="99" />
    <remembered-set count="81152" freebytes="2144896" totalbytes="2469504" percent="86" regionsoverflowed="0" regionsstable="0" regionsrebuilding="16"/>
  </mem-info>
</gc-end>
<cycle-end id="2067" type="partial gc" contextid="2059" timestamp="2019-06-15T00:50:12.353" />
  <attribute name="elasticGC enabled" value="1" />
  <attribute name= "numThreadsSpecified" value="1" />
  <attribute name="heapSize specified" value="0" />
  <attribute name="Current GC Util" value="60" />
  <attribute name= "Current Time Running" value="18298" />
  <attribute name ="GC Interval" value="0" />
  <attribute name="ProportionalT" value="20.000000" />
  <attribute name="ProportionalI" value="20.000000" />
  <attribute name="ProportionalH" value="20.000000" />
  <attribute name="Current Error" value="40.000000" />
  <attribute name="IntegralT" value="0.000000" />
  <attribute name="IntegralI" value="0.000000" />
  <attribute name="IntegralH" value="0.000000" />
  <attribute name="DerivativeT" value="inf" />
  <attribute name="DerivativeI" value="inf" />
  <attribute name="DerivativeH" value="inf" />
  <attribute name="Loop Time for DT" value="0.000000" />
  <attribute name="Output H" value="8388608"/>
  <attribute name="Output I" value="200"/>
  <attribute name="Output T" value="1"/>
  <attribute name="Target GC Util Change" value ="20.000000" />
  <attribute name="Current GC Util Change" value="60.000000"/>
  <attribute name="GC Util currently" value="60" />
  <attribute name="CPU Util currently" value="11394390834605" />
<exclusive-end id="2068" timestamp="2019-06-15T00:50:12.353" durationms="4.163" />

<exclusive-start id="2069" timestamp="2019-06-15T00:50:12.378" intervalms="28.959">
  <response-info timems="0.038" idlems="0.038" threads="0" lastid="0000000001CEB700" lastname="main" />
</exclusive-start>
<allocation-taxation id="2070" taxation-threshold="10485760" timestamp="2019-06-15T00:50:12.378" intervalms="28.965" />
<gc-start id="2071" type="global mark phase" contextid="1945" timestamp="2019-06-15T00:50:12.378">
  <mem-info id="2072" free="13631488" total="58720256" percent="23">
    <remembered-set count="80800" freebytes="2146304" totalbytes="2469504" percent="86" regionsoverflowed="0" regionsstable="0" regionsrebuilding="16"/>
  </mem-info>
</gc-start>
<gc-end id="2073" type="global mark phase" contextid="1945" durationms="0.096" usertimems="0.000" systemtimems="0.000" timestamp="2019-06-15T00:50:12.378" activeThreads="1">
  <mem-info id="2074" free="13631488" total="58720256" percent="23">
    <remembered-set count="80800" freebytes="2146304" totalbytes="2469504" percent="86" regionsoverflowed="0" regionsstable="0" regionsrebuilding="16"/>
  </mem-info>
</gc-end>
<concurrent-start id="2075" type="GMP work packet processing" contextid="1945" timestamp="2019-06-15T00:50:12.378">
  <concurrent-mark-start scanTarget="2754186" />
</concurrent-start>
<concurrent-end id="2076" type="GMP work packet processing" contextid="1945" timestamp="2019-06-15T00:50:12.380">
  <concurrent-mark-end bytesScanned="2791780" reasonForTermination="Work target met" />
</concurrent-end>

<exclusive-end id="2077" timestamp="2019-06-15T00:50:12.380" durationms="2.111" />

<exclusive-start id="2078" timestamp="2019-06-15T00:50:12.405" intervalms="26.557">
  <response-info timems="0.102" idlems="0.102" threads="0" lastid="0000000001CEB700" lastname="main" />
</exclusive-start>
<allocation-taxation id="2079" taxation-threshold="10485760" timestamp="2019-06-15T00:50:12.405" intervalms="26.562" />
<cycle-start id="2080" type="partial gc" contextid="0" timestamp="2019-06-15T00:50:12.405" intervalms="55.541" />
<gc-start id="2081" type="partial gc" contextid="2080" timestamp="2019-06-15T00:50:12.405">
  <mem-info id="2082" free="3145728" total="58720256" percent="5">
    <mem type="eden" free="1048552" total="22020096" percent="4" />
    <remembered-set count="107648" freebytes="2038912" totalbytes="2469504" percent="82" regionsoverflowed="0" regionsstable="0" regionsrebuilding="16"/>
  </mem-info>
</gc-start>
<allocation-stats totalBytes="20956672" >
  <allocated-bytes non-tlh="0" tlh="20956672" arrayletleaf="0"/>
  <largest-consumer threadName="main" threadId="0000000001CEB700" bytes="10478336" />
</allocation-stats>
<gc-op id="2083" type="copy forward" timems="2.298" contextid="2080" timestamp="2019-06-15T00:50:12.408">
  <memory-copied type="eden" objects="1" bytes="24" bytesdiscarded="0" />
  <memory-copied type="other" objects="0" bytes="0" bytesdiscarded="0" />
  <memory-cardclean objects="26189" bytes="884328" />
  <regions eden="20" other="1" />
  <remembered-set-cleared processed="101128" cleared="8840" durationms="0.614" />
  <stringconstants candidates="13767" cleared="0"  />
</gc-op>
<gc-op id="2084" type="classunload" timems="0.007" contextid="2080" timestamp="2019-06-15T00:50:12.409">
  <classunload-info classloadercandidates="54" classloadersunloaded="0" classesunloaded="0" anonymousclassesunloaded="0" quiescems="0.000" setupms="0.007" scanms="0.000" postms="0.000" />
</gc-op>
<gc-end id="2085" type="partial gc" contextid="2080" durationms="3.546" usertimems="12.000" systemtimems="0.000" timestamp="2019-06-15T00:50:12.409" activeThreads="4">
  <mem-info id="2086" free="24117248" total="58720256" percent="41">
    <mem type="eden" free="1048552" total="1048576" percent="99" />
    <remembered-set count="99392" freebytes="1946368" totalbytes="2343936" percent="83" regionsoverflowed="0" regionsstable="0" regionsrebuilding="16"/>
  </mem-info>
</gc-end>
<cycle-end id="2087" type="partial gc" contextid="2080" timestamp="2019-06-15T00:50:12.409" />
  <attribute name="elasticGC enabled" value="1" />
  <attribute name= "numThreadsSpecified" value="4" />
  <attribute name="heapSize specified" value="0" />
  <attribute name="Current GC Util" value="53" />
  <attribute name= "Current Time Running" value="18354" />
  <attribute name ="GC Interval" value="0" />
  <attribute name="ProportionalT" value="16.500000" />
  <attribute name="ProportionalI" value="16.500000" />
  <attribute name="ProportionalH" value="16.500000" />
  <attribute name="Current Error" value="33.000000" />
  <attribute name="IntegralT" value="33.000000" />
  <attribute name="IntegralI" value="33.000000" />
  <attribute name="IntegralH" value="33.000000" />
  <attribute name="DerivativeT" value="16.500000" />
  <attribute name="DerivativeI" value="16.500000" />
  <attribute name="DerivativeH" value="16.500000" />
  <attribute name="Loop Time for DT" value="1.000000" />
  <attribute name="Output H" value="8388608"/>
  <attribute name="Output I" value="200"/>
  <attribute name="Output T" value="4"/>
  <attribute name="Target GC Util Change" value ="20.000000" />
  <attribute name="Current GC Util Change" value="53.000000"/>
  <attribute name="GC Util currently" value="53" />
  <attribute name="CPU Util currently" value="11059809019390" />
<exclusive-end id="2088" timestamp="2019-06-15T00:50:12.409" durationms="4.583" />

<exclusive-start id="2089" timestamp="2019-06-15T00:50:12.434" intervalms="29.511">
  <response-info timems="0.151" idlems="0.151" threads="0" lastid="0000000001CEB700" lastname="main" />
</exclusive-start>
<allocation-taxation id="2090" taxation-threshold="10485760" timestamp="2019-06-15T00:50:12.434" intervalms="29.504" />
<gc-start id="2091" type="global mark phase" contextid="1945" timestamp="2019-06-15T00:50:12.434">
  <mem-info id="2092" free="13631488" total="58720256" percent="23">
    <remembered-set count="99328" freebytes="1946624" totalbytes="2343936" percent="83" regionsoverflowed="0" regionsstable="0" regionsrebuilding="16"/>
  </mem-info>
</gc-start>
<gc-end id="2093" type="global mark phase" contextid="1945" durationms="0.141" usertimems="0.000" systemtimems="0.000" timestamp="2019-06-15T00:50:12.435" activeThreads="4">
  <mem-info id="2094" free="13631488" total="58720256" percent="23">
    <remembered-set count="99328" freebytes="1946624" totalbytes="2343936" percent="83" regionsoverflowed="0" regionsstable="0" regionsrebuilding="16"/>
  </mem-info>
</gc-end>
<concurrent-start id="2095" type="GMP work packet processing" contextid="1945" timestamp="2019-06-15T00:50:12.435">
  <concurrent-mark-start scanTarget="2203348" />
</concurrent-start>
<concurrent-end id="2096" type="GMP work packet processing" contextid="1945" timestamp="2019-06-15T00:50:12.436">
  <concurrent-mark-end bytesScanned="2256032" reasonForTermination="Work target met" />
</concurrent-end>

<exclusive-end id="2097" timestamp="2019-06-15T00:50:12.436" durationms="2.023" />

<exclusive-start id="2098" timestamp="2019-06-15T00:50:12.460" intervalms="26.375">
  <response-info timems="0.137" idlems="0.137" threads="0" lastid="0000000001CEB700" lastname="main" />
</exclusive-start>
<allocation-taxation id="2099" taxation-threshold="10485760" timestamp="2019-06-15T00:50:12.461" intervalms="26.372" />
<cycle-start id="2100" type="partial gc" contextid="0" timestamp="2019-06-15T00:50:12.461" intervalms="55.871" />
<gc-start id="2101" type="partial gc" contextid="2100" timestamp="2019-06-15T00:50:12.461">
  <mem-info id="2102" free="3145728" total="58720256" percent="5">
    <mem type="eden" free="1048552" total="22020096" percent="4" />
    <remembered-set count="119840" freebytes="1864576" totalbytes="2343936" percent="79" regionsoverflowed="0" regionsstable="0" regionsrebuilding="16"/>
  </mem-info>
</gc-start>
<allocation-stats totalBytes="20956672" >
  <allocated-bytes non-tlh="0" tlh="20956672" arrayletleaf="0"/>
  <largest-consumer threadName="main" threadId="0000000001CEB700" bytes="10478336" />
</allocation-stats>
<gc-op id="2103" type="copy forward" timems="1.785" contextid="2100" timestamp="2019-06-15T00:50:12.464">
  <memory-copied type="eden" objects="1" bytes="24" bytesdiscarded="0" />
  <memory-copied type="other" objects="0" bytes="0" bytesdiscarded="0" />
  <memory-cardclean objects="14" bytes="464" />
  <regions eden="20" other="1" />
  <remembered-set-cleared processed="117609" cleared="7" durationms="0.819" />
  <stringconstants candidates="13767" cleared="0"  />
</gc-op>
<gc-op id="2104" type="classunload" timems="0.004" contextid="2100" timestamp="2019-06-15T00:50:12.464">
  <classunload-info classloadercandidates="54" classloadersunloaded="0" classesunloaded="0" anonymousclassesunloaded="0" quiescems="0.000" setupms="0.004" scanms="0.000" postms="0.000" />
</gc-op>
<gc-end id="2105" type="partial gc" contextid="2100" durationms="2.869" usertimems="4.000" systemtimems="0.000" timestamp="2019-06-15T00:50:12.464" activeThreads="1">
  <mem-info id="2106" free="24117248" total="58720256" percent="41">
    <mem type="eden" free="1048552" total="1048576" percent="99" />
    <remembered-set count="120320" freebytes="1862656" totalbytes="2343936" percent="79" regionsoverflowed="0" regionsstable="0" regionsrebuilding="16"/>
  </mem-info>
</gc-end>
<cycle-end id="2107" type="partial gc" contextid="2100" timestamp="2019-06-15T00:50:12.464" />
  <attribute name="elasticGC enabled" value="1" />
  <attribute name= "numThreadsSpecified" value="1" />
  <attribute name="heapSize specified" value="0" />
  <attribute name="Current GC Util" value="77" />
  <attribute name= "Current Time Running" value="18409" />
  <attribute name ="GC Interval" value="0" />
  <attribute name="ProportionalT" value="28.500000" />
  <attribute name="ProportionalI" value="28.500000" />
  <attribute name="ProportionalH" value="28.500000" />
  <attribute name="Current Error" value="57.000000" />
  <attribute name="IntegralT" value="0.000000" />
  <attribute name="IntegralI" value="0.000000" />
  <attribute name="IntegralH" value="0.000000" />
  <attribute name="DerivativeT" value="inf" />
  <attribute name="DerivativeI" value="inf" />
  <attribute name="DerivativeH" value="inf" />
  <attribute name="Loop Time for DT" value="0.000000" />
  <attribute name="Output H" value="8388608"/>
  <attribute name="Output I" value="200"/>
  <attribute name="Output T" value="1"/>
  <attribute name="Target GC Util Change" value ="20.000000" />
  <attribute name="Current GC Util Change" value="77.000000"/>
  <attribute name="GC Util currently" value="77" />
  <attribute name="CPU Util currently" value="18242212257106" />
<exclusive-end id="2108" timestamp="2019-06-15T00:50:12.464" durationms="3.852" />

<exclusive-start id="2109" timestamp="2019-06-15T00:50:12.569" intervalms="108.334">
  <response-info timems="0.095" idlems="0.095" threads="0" lastid="0000000001CEB700" lastname="main" />
</exclusive-start>
<allocation-taxation id="2110" taxation-threshold="10485760" timestamp="2019-06-15T00:50:12.569" intervalms="108.379" />
<gc-start id="2111" type="global mark phase" contextid="1945" timestamp="2019-06-15T00:50:12.569">
  <mem-info id="2112" free="13631488" total="58720256" percent="23">
    <remembered-set count="119840" freebytes="1864576" totalbytes="2343936" percent="79" regionsoverflowed="0" regionsstable="0" regionsrebuilding="16"/>
  </mem-info>
</gc-start>
<gc-end id="2113" type="global mark phase" contextid="1945" durationms="0.162" usertimems="0.000" systemtimems="0.000" timestamp="2019-06-15T00:50:12.569" activeThreads="1">
  <mem-info id="2114" free="13631488" total="58720256" percent="23">
    <remembered-set count="119840" freebytes="1864576" totalbytes="2343936" percent="79" regionsoverflowed="0" regionsstable="0" regionsrebuilding="16"/>
  </mem-info>
</gc-end>
<concurrent-start id="2115" type="GMP work packet processing" contextid="1945" timestamp="2019-06-15T00:50:12.570">
  <concurrent-mark-start scanTarget="1101674" />
</concurrent-start>
<concurrent-end id="2116" type="GMP work packet processing" contextid="1945" timestamp="2019-06-15T00:50:12.570">
  <concurrent-mark-end bytesScanned="779968" reasonForTermination="Completed all work in GC phase" />
</concurrent-end>

<exclusive-end id="2117" timestamp="2019-06-15T00:50:12.570" durationms="1.592" />

<exclusive-start id="2118" timestamp="2019-06-15T00:50:12.632" intervalms="62.935">
  <response-info timems="0.127" idlems="0.127" threads="0" lastid="0000000001CEB700" lastname="main" />
</exclusive-start>
<allocation-taxation id="2119" taxation-threshold="10485760" timestamp="2019-06-15T00:50:12.632" intervalms="62.897" />
<cycle-start id="2120" type="partial gc" contextid="0" timestamp="2019-06-15T00:50:12.632" intervalms="171.283" />
<gc-start id="2121" type="partial gc" contextid="2120" timestamp="2019-06-15T00:50:12.632">
  <mem-info id="2122" free="3145728" total="58720256" percent="5">
    <mem type="eden" free="1048552" total="22020096" percent="4" />
    <remembered-set count="131456" freebytes="1818112" totalbytes="2343936" percent="77" regionsoverflowed="0" regionsstable="0" regionsrebuilding="16"/>
  </mem-info>
</gc-start>
<allocation-stats totalBytes="20967792" >
  <allocated-bytes non-tlh="0" tlh="20967792" arrayletleaf="0"/>
  <largest-consumer threadName="main" threadId="0000000001CEB700" bytes="10484552" />
</allocation-stats>
<gc-op id="2123" type="copy forward" timems="1.816" contextid="2120" timestamp="2019-06-15T00:50:12.635">
  <memory-copied type="eden" objects="41" bytes="1248" bytesdiscarded="0" />
  <memory-copied type="other" objects="0" bytes="0" bytesdiscarded="0" />
  <memory-cardclean objects="79" bytes="11056" />
  <regions eden="20" other="1" />
  <remembered-set-cleared processed="128997" cleared="44" durationms="0.895" />
  <references type="weak" candidates="14" cleared="0" enqueued="0" />
  <stringconstants candidates="13767" cleared="0"  />
</gc-op>
<gc-op id="2124" type="classunload" timems="0.004" contextid="2120" timestamp="2019-06-15T00:50:12.635">
  <classunload-info classloadercandidates="54" classloadersunloaded="0" classesunloaded="0" anonymousclassesunloaded="0" quiescems="0.000" setupms="0.004" scanms="0.000" postms="0.000" />
</gc-op>
<heap-resize id="2125" type="contract" space="default" amount="3145728" count="1" timems="0.270" reason="insufficient time being spent in gc" timestamp="2019-06-15T00:50:12.636" />
<gc-end id="2126" type="partial gc" contextid="2120" durationms="3.509" usertimems="0.000" systemtimems="4.000" timestamp="2019-06-15T00:50:12.636" activeThreads="1">
  <mem-info id="2127" free="20971520" total="55574528" percent="37">
    <mem type="eden" free="1047328" total="1048576" percent="99" />
    <remembered-set count="131840" freebytes="1816576" totalbytes="2343936" percent="77" regionsoverflowed="0" regionsstable="0" regionsrebuilding="16"/>
  </mem-info>
</gc-end>
<cycle-end id="2128" type="partial gc" contextid="2120" timestamp="2019-06-15T00:50:12.636" />
  <attribute name="elasticGC enabled" value="1" />
  <attribute name= "numThreadsSpecified" value="1" />
  <attribute name="heapSize specified" value="0" />
  <attribute name="Current GC Util" value="79" />
  <attribute name= "Current Time Running" value="18581" />
  <attribute name ="GC Interval" value="0" />
  <attribute name="ProportionalT" value="29.500000" />
  <attribute name="ProportionalI" value="29.500000" />
  <attribute name="ProportionalH" value="29.500000" />
  <attribute name="Current Error" value="59.000000" />
  <attribute name="IntegralT" value="0.000000" />
  <attribute name="IntegralI" value="0.000000" />
  <attribute name="IntegralH" value="0.000000" />
  <attribute name="DerivativeT" value="inf" />
  <attribute name="DerivativeI" value="inf" />
  <attribute name="DerivativeH" value="inf" />
  <attribute name="Loop Time for DT" value="0.000000" />
  <attribute name="Output H" value="8388608"/>
  <attribute name="Output I" value="200"/>
  <attribute name="Output T" value="1"/>
  <attribute name="Target GC Util Change" value ="20.000000" />
  <attribute name="Current GC Util Change" value="79.000000"/>
  <attribute name="GC Util currently" value="79" />
  <attribute name="CPU Util currently" value="16480136313891" />
<exclusive-end id="2129" timestamp="2019-06-15T00:50:12.636" durationms="4.588" />

<exclusive-start id="2130" timestamp="2019-06-15T00:50:12.665" intervalms="33.158">
  <response-info timems="0.077" idlems="0.077" threads="0" lastid="0000000001CEB700" lastname="main" />
</exclusive-start>
<allocation-taxation id="2131" taxation-threshold="10485760" timestamp="2019-06-15T00:50:12.665" intervalms="33.167" />
<gc-start id="2132" type="global mark phase" contextid="1945" timestamp="2019-06-15T00:50:12.665">
  <mem-info id="2133" free="10485760" total="55574528" percent="18">
    <remembered-set count="131488" freebytes="1817984" totalbytes="2343936" percent="77" regionsoverflowed="0" regionsstable="0" regionsrebuilding="16"/>
  </mem-info>
</gc-start>
<gc-op id="2134" type="mark increment" timems="2.282" contextid="1945" timestamp="2019-06-15T00:50:12.668">
  <trace-info objectcount="98" scancount="91" scanbytes="231744" />
  <cardclean-info objects="47067" bytes="1209476" />
  <finalization candidates="80" enqueued="0" />
  <ownableSynchronizers candidates="21" cleared="0" />
  <references type="soft" candidates="4852" cleared="323" enqueued="320" dynamicThreshold="12" maxThreshold="32" />
  <references type="weak" candidates="5611" cleared="0" enqueued="0" />
  <references type="phantom" candidates="101" cleared="0" enqueued="0" />
  <stringconstants candidates="13767" cleared="0"  />
</gc-op>
<gc-op id="2135" type="classunload" timems="0.008" contextid="1945" timestamp="2019-06-15T00:50:12.668">
  <classunload-info classloadercandidates="54" classloadersunloaded="0" classesunloaded="0" anonymousclassesunloaded="0" quiescems="0.000" setupms="0.008" scanms="0.000" postms="0.000" />
</gc-op>
<gc-end id="2136" type="global mark phase" contextid="1945" durationms="2.688" usertimems="0.000" systemtimems="4.000" timestamp="2019-06-15T00:50:12.668" activeThreads="4">
  <mem-info id="2137" free="10485760" total="55574528" percent="18">
    <pending-finalizers system="0" default="0" reference="320" classloader="0" />
    <remembered-set count="137632" freebytes="1793408" totalbytes="2343936" percent="76" regionsoverflowed="0" regionsstable="0" regionsrebuilding="0"/>
  </mem-info>
</gc-end>
<cycle-end id="2138" type="global mark phase" contextid="1945" timestamp="2019-06-15T00:50:12.668" />
  <attribute name="elasticGC enabled" value="1" />
  <attribute name= "numThreadsSpecified" value="4" />
  <attribute name="heapSize specified" value="0" />
  <attribute name="Current GC Util" value="99" />
  <attribute name= "Current Time Running" value="18614" />
  <attribute name ="GC Interval" value="0" />
  <attribute name="ProportionalT" value="39.500000" />
  <attribute name="ProportionalI" value="39.500000" />
  <attribute name="ProportionalH" value="39.500000" />
  <attribute name="Current Error" value="79.000000" />
  <attribute name="IntegralT" value="0.000000" />
  <attribute name="IntegralI" value="0.000000" />
  <attribute name="IntegralH" value="0.000000" />
  <attribute name="DerivativeT" value="-inf" />
  <attribute name="DerivativeI" value="-inf" />
  <attribute name="DerivativeH" value="-inf" />
  <attribute name="Loop Time for DT" value="0.000000" />
  <attribute name="Output H" value="2091843584"/>
  <attribute name="Output I" value="200"/>
  <attribute name="Output T" value="4"/>
  <attribute name="Target GC Util Change" value ="20.000000" />
  <attribute name="Current GC Util Change" value="99.000000"/>
  <attribute name="GC Util currently" value="99" />
  <attribute name="CPU Util currently" value="12128419529308" />
<exclusive-end id="2139" timestamp="2019-06-15T00:50:12.668" durationms="3.406" />

<exclusive-start id="2140" timestamp="2019-06-15T00:50:12.677" intervalms="11.825">
  <response-info timems="0.135" idlems="0.135" threads="0" lastid="0000000001CEB700" lastname="main" />
</exclusive-start>
<allocation-taxation id="2141" taxation-threshold="10485760" timestamp="2019-06-15T00:50:12.677" intervalms="11.801" />
<cycle-start id="2142" type="partial gc" contextid="0" timestamp="2019-06-15T00:50:12.677" intervalms="44.966" />
<gc-start id="2143" type="partial gc" contextid="2142" timestamp="2019-06-15T00:50:12.677">
  <mem-info id="2144" free="0" total="55574528" percent="0">
    <mem type="eden" free="0" total="20971520" percent="0" />
    <remembered-set count="114976" freebytes="1884032" totalbytes="2343936" percent="80" regionsoverflowed="0" regionsstable="8" regionsrebuilding="0"/>
  </mem-info>
</gc-start>
<allocation-stats totalBytes="20955496" >
  <allocated-bytes non-tlh="0" tlh="20955496" arrayletleaf="0"/>
  <largest-consumer threadName="main" threadId="0000000001CEB700" bytes="10469176" />
</allocation-stats>
<gc-op id="2145" type="sweep" timems="0.769" contextid="2142" timestamp="2019-06-15T00:50:12.678" />
<gc-op id="2146" type="copy forward" timems="2.037" contextid="2142" timestamp="2019-06-15T00:50:12.681">
  <memory-copied type="eden" objects="3" bytes="560" bytesdiscarded="67" />
  <memory-copied type="other" objects="43" bytes="1832" bytesdiscarded="1613" />
  <memory-cardclean objects="1324" bytes="53760" />
  <regions eden="10" other="3" />
  <remembered-set-cleared processed="113096" cleared="245" durationms="0.442" />
  <references type="weak" candidates="14" cleared="0" enqueued="0" />
  <stringconstants candidates="13767" cleared="0"  />
</gc-op>
<gc-op id="2147" type="classunload" timems="0.004" contextid="2142" timestamp="2019-06-15T00:50:12.681">
  <classunload-info classloadercandidates="54" classloadersunloaded="0" classesunloaded="0" anonymousclassesunloaded="0" quiescems="0.000" setupms="0.004" scanms="0.000" postms="0.000" />
</gc-op>
<gc-end id="2148" type="partial gc" contextid="2142" durationms="4.292" usertimems="4.000" systemtimems="4.000" timestamp="2019-06-15T00:50:12.682" activeThreads="4">
  <mem-info id="2149" free="19922944" total="55574528" percent="35">
    <mem type="eden" free="1045720" total="1048576" percent="99" />
    <remembered-set count="116288" freebytes="1753216" totalbytes="2218368" percent="79" regionsoverflowed="0" regionsstable="8" regionsrebuilding="0"/>
  </mem-info>
</gc-end>
<cycle-end id="2150" type="partial gc" contextid="2142" timestamp="2019-06-15T00:50:12.682" />
  <attribute name="elasticGC enabled" value="1" />
  <attribute name= "numThreadsSpecified" value="4" />
  <attribute name="heapSize specified" value="0" />
  <attribute name="Current GC Util" value="50" />
  <attribute name= "Current Time Running" value="18627" />
  <attribute name ="GC Interval" value="0" />
  <attribute name="ProportionalT" value="15.000000" />
  <attribute name="ProportionalI" value="15.000000" />
  <attribute name="ProportionalH" value="15.000000" />
  <attribute name="Current Error" value="30.000000" />
  <attribute name="IntegralT" value="0.000000" />
  <attribute name="IntegralI" value="0.000000" />
  <attribute name="IntegralH" value="0.000000" />
  <attribute name="DerivativeT" value="-inf" />
  <attribute name="DerivativeI" value="-inf" />
  <attribute name="DerivativeH" value="-inf" />
  <attribute name="Loop Time for DT" value="0.000000" />
  <attribute name="Output H" value="2091843584"/>
  <attribute name="Output I" value="200"/>
  <attribute name="Output T" value="4"/>
  <attribute name="Target GC Util Change" value ="20.000000" />
  <attribute name="Current GC Util Change" value="50.000000"/>
  <attribute name="GC Util currently" value="50" />
  <attribute name="CPU Util currently" value="13160528240219" />
<exclusive-end id="2151" timestamp="2019-06-15T00:50:12.682" durationms="5.310" />

<exclusive-start id="2152" timestamp="2019-06-15T00:50:12.689" intervalms="12.099">
  <response-info timems="0.029" idlems="0.029" threads="0" lastid="0000000001CEB700" lastname="main" />
</exclusive-start>
<allocation-taxation id="2153" taxation-threshold="9437184" timestamp="2019-06-15T00:50:12.689" intervalms="12.072" />
<cycle-start id="2154" type="global mark phase" contextid="0" timestamp="2019-06-15T00:50:12.689" intervalms="1255.002" />
<gc-start id="2155" type="global mark phase" contextid="2154" timestamp="2019-06-15T00:50:12.689">
  <mem-info id="2156" free="10485760" total="55574528" percent="18">
    <remembered-set count="37696" freebytes="2067584" totalbytes="2218368" percent="93" regionsoverflowed="0" regionsstable="14" regionsrebuilding="0"/>
  </mem-info>
</gc-start>
<gc-op id="2157" type="mark increment" timems="0.500" contextid="2154" timestamp="2019-06-15T00:50:12.690">
  <trace-info objectcount="168" scancount="0" scanbytes="0" />
</gc-op>
<gc-end id="2158" type="global mark phase" contextid="2154" durationms="0.780" usertimems="0.000" systemtimems="0.000" timestamp="2019-06-15T00:50:12.690" activeThreads="1">
  <mem-info id="2159" free="10485760" total="55574528" percent="18">
    <remembered-set count="37696" freebytes="2067584" totalbytes="2218368" percent="93" regionsoverflowed="0" regionsstable="0" regionsrebuilding="14"/>
  </mem-info>
</gc-end>
<concurrent-start id="2160" type="GMP work packet processing" contextid="2154" timestamp="2019-06-15T00:50:12.690">
  <concurrent-mark-start scanTarget="18446744073709551615" />
</concurrent-start>
<exclusive-end id="2161" timestamp="2019-06-15T00:50:12.697" durationms="8.441" />

<concurrent-end id="2162" type="GMP work packet processing" contextid="2154" timestamp="2019-06-15T00:50:12.697">
  <concurrent-mark-end bytesScanned="13427676" reasonForTermination="Completed all work in GC phase" />
</concurrent-end>

<exclusive-start id="2163" timestamp="2019-06-15T00:50:12.704" intervalms="15.356">
  <response-info timems="0.093" idlems="0.093" threads="0" lastid="0000000001CEB700" lastname="main" />
</exclusive-start>
<allocation-taxation id="2164" taxation-threshold="9437184" timestamp="2019-06-15T00:50:12.704" intervalms="15.323" />
<cycle-start id="2165" type="partial gc" contextid="0" timestamp="2019-06-15T00:50:12.704" intervalms="27.376" />
<gc-start id="2166" type="partial gc" contextid="2165" timestamp="2019-06-15T00:50:12.705">
  <mem-info id="2167" free="1048576" total="55574528" percent="1">
    <mem type="eden" free="0" total="18874368" percent="0" />
    <remembered-set count="137184" freebytes="1669632" totalbytes="2218368" percent="75" regionsoverflowed="0" regionsstable="0" regionsrebuilding="14"/>
  </mem-info>
</gc-start>
<allocation-stats totalBytes="18840720" >
  <allocated-bytes non-tlh="0" tlh="18840720" arrayletleaf="0"/>
  <largest-consumer threadName="main" threadId="0000000001CEB700" bytes="9420360" />
</allocation-stats>
<gc-op id="2168" type="copy forward" timems="3.310" contextid="2165" timestamp="2019-06-15T00:50:12.709">
  <memory-copied type="eden" objects="2" bytes="40" bytesdiscarded="752" />
  <memory-copied type="other" objects="34594" bytes="876488" bytesdiscarded="55848" />
  <memory-cardclean objects="8193" bytes="471616" />
  <regions eden="18" other="6" />
  <remembered-set-cleared processed="133856" cleared="11069" durationms="0.576" />
  <references type="weak" candidates="10" cleared="0" enqueued="0" />
  <stringconstants candidates="13767" cleared="0"  />
  <heap-resize type="expand" space="default" amount="3145728" count="3" timems="0.211" reason="continue current collection" />
</gc-op>
<gc-op id="2169" type="classunload" timems="0.005" contextid="2165" timestamp="2019-06-15T00:50:12.709">
  <classunload-info classloadercandidates="54" classloadersunloaded="0" classesunloaded="0" anonymousclassesunloaded="0" quiescems="0.000" setupms="0.004" scanms="0.000" postms="0.000" />
</gc-op>
<heap-resize id="2170" type="expand" space="default" amount="10485760" count="1" timems="0.078" reason="excessive time being spent in gc" timestamp="2019-06-15T00:50:12.709" />
<gc-end id="2171" type="partial gc" contextid="2165" durationms="4.667" usertimems="8.000" systemtimems="0.000" timestamp="2019-06-15T00:50:12.709" activeThreads="4">
  <mem-info id="2172" free="35651584" total="69206016" percent="51">
    <mem type="eden" free="1047784" total="1048576" percent="99" />
    <remembered-set count="129280" freebytes="2245376" totalbytes="2762496" percent="81" regionsoverflowed="0" regionsstable="0" regionsrebuilding="14"/>
  </mem-info>
</gc-end>
<cycle-end id="2173" type="partial gc" contextid="2165" timestamp="2019-06-15T00:50:12.710" />
  <attribute name="elasticGC enabled" value="1" />
  <attribute name= "numThreadsSpecified" value="4" />
  <attribute name="heapSize specified" value="0" />
  <attribute name="Current GC Util" value="64" />
  <attribute name= "Current Time Running" value="18653" />
  <attribute name ="GC Interval" value="0" />
  <attribute name="ProportionalT" value="22.000000" />
  <attribute name="ProportionalI" value="22.000000" />
  <attribute name="ProportionalH" value="22.000000" />
  <attribute name="Current Error" value="44.000000" />
  <attribute name="IntegralT" value="0.000000" />
  <attribute name="IntegralI" value="0.000000" />
  <attribute name="IntegralH" value="0.000000" />
  <attribute name="DerivativeT" value="-inf" />
  <attribute name="DerivativeI" value="-inf" />
  <attribute name="DerivativeH" value="-inf" />
  <attribute name="Loop Time for DT" value="0.000000" />
  <attribute name="Output H" value="2091843584"/>
  <attribute name="Output I" value="200"/>
  <attribute name="Output T" value="4"/>
  <attribute name="Target GC Util Change" value ="20.000000" />
  <attribute name="Current GC Util Change" value="64.000000"/>
  <attribute name="GC Util currently" value="64" />
  <attribute name="CPU Util currently" value="17274043660850" />
<exclusive-end id="2174" timestamp="2019-06-15T00:50:12.710" durationms="5.745" />

<exclusive-start id="2175" timestamp="2019-06-15T00:50:12.717" intervalms="12.839">
  <response-info timems="0.087" idlems="0.087" threads="0" lastid="0000000001CEB700" lastname="main" />
</exclusive-start>
<allocation-taxation id="2176" taxation-threshold="11534336" timestamp="2019-06-15T00:50:12.717" intervalms="12.911" />
<gc-start id="2177" type="global mark phase" contextid="2154" timestamp="2019-06-15T00:50:12.717">
  <mem-info id="2178" free="24117248" total="69206016" percent="34">
    <remembered-set count="129024" freebytes="2246400" totalbytes="2762496" percent="81" regionsoverflowed="0" regionsstable="0" regionsrebuilding="14"/>
  </mem-info>
</gc-start>
<gc-op id="2179" type="mark increment" timems="2.174" contextid="2154" timestamp="2019-06-15T00:50:12.720">
  <trace-info objectcount="3" scancount="3" scanbytes="229448" />
  <cardclean-info objects="12977" bytes="318108" />
  <finalization candidates="80" enqueued="0" />
  <ownableSynchronizers candidates="21" cleared="0" />
  <references type="soft" candidates="4529" cleared="1268" enqueued="1254" dynamicThreshold="16" maxThreshold="32" />
  <references type="weak" candidates="5603" cleared="0" enqueued="0" />
  <references type="phantom" candidates="101" cleared="0" enqueued="0" />
  <stringconstants candidates="13767" cleared="75"  />
</gc-op>
<gc-op id="2180" type="classunload" timems="0.368" contextid="2154" timestamp="2019-06-15T00:50:12.720">
  <classunload-info classloadercandidates="54" classloadersunloaded="1" classesunloaded="1" anonymousclassesunloaded="0" quiescems="0.000" setupms="0.353" scanms="0.011" postms="0.004" />
</gc-op>
<gc-end id="2181" type="global mark phase" contextid="2154" durationms="3.050" usertimems="4.000" systemtimems="0.000" timestamp="2019-06-15T00:50:12.720" activeThreads="4">
  <mem-info id="2182" free="24117248" total="69206016" percent="34">
    <pending-finalizers system="0" default="0" reference="1254" classloader="0" />
    <remembered-set count="131072" freebytes="2238208" totalbytes="2762496" percent="81" regionsoverflowed="0" regionsstable="0" regionsrebuilding="0"/>
  </mem-info>
</gc-end>
<cycle-end id="2183" type="global mark phase" contextid="2154" timestamp="2019-06-15T00:50:12.721" />
  <attribute name="elasticGC enabled" value="1" />
  <attribute name= "numThreadsSpecified" value="4" />
  <attribute name="heapSize specified" value="0" />
  <attribute name="Current GC Util" value="86" />
  <attribute name= "Current Time Running" value="18666" />
  <attribute name ="GC Interval" value="0" />
  <attribute name="ProportionalT" value="33.000000" />
  <attribute name="ProportionalI" value="33.000000" />
  <attribute name="ProportionalH" value="33.000000" />
  <attribute name="Current Error" value="66.000000" />
  <attribute name="IntegralT" value="0.000000" />
  <attribute name="IntegralI" value="0.000000" />
  <attribute name="IntegralH" value="0.000000" />
  <attribute name="DerivativeT" value="-inf" />
  <attribute name="DerivativeI" value="-inf" />
  <attribute name="DerivativeH" value="-inf" />
  <attribute name="Loop Time for DT" value="0.000000" />
  <attribute name="Output H" value="2091843584"/>
  <attribute name="Output I" value="200"/>
  <attribute name="Output T" value="4"/>
  <attribute name="Target GC Util Change" value ="20.000000" />
  <attribute name="Current GC Util Change" value="86.000000"/>
  <attribute name="GC Util currently" value="86" />
  <attribute name="CPU Util currently" value="13148708516048" />
<exclusive-end id="2184" timestamp="2019-06-15T00:50:12.721" durationms="3.904" />

<exclusive-start id="2185" timestamp="2019-06-15T00:50:12.728" intervalms="11.020">
  <response-info timems="0.072" idlems="0.072" threads="0" lastid="0000000001CEB700" lastname="main" />
</exclusive-start>
<allocation-taxation id="2186" taxation-threshold="11534336" timestamp="2019-06-15T00:50:12.728" intervalms="10.962" />
<cycle-start id="2187" type="partial gc" contextid="0" timestamp="2019-06-15T00:50:12.728" intervalms="23.910" />
<gc-start id="2188" type="partial gc" contextid="2187" timestamp="2019-06-15T00:50:12.729">
  <mem-info id="2189" free="12582912" total="69206016" percent="18">
    <mem type="eden" free="1047784" total="24117248" percent="4" />
    <remembered-set count="34720" freebytes="2623616" totalbytes="2762496" percent="94" regionsoverflowed="0" regionsstable="14" regionsrebuilding="0"/>
  </mem-info>
</gc-start>
<allocation-stats totalBytes="23024872" >
  <allocated-bytes non-tlh="0" tlh="23024872" arrayletleaf="0"/>
  <largest-consumer threadName="main" threadId="0000000001CEB700" bytes="11472960" />
</allocation-stats>
<gc-op id="2190" type="sweep" timems="0.745" contextid="2187" timestamp="2019-06-15T00:50:12.730" />
<gc-op id="2191" type="copy forward" timems="1.245" contextid="2187" timestamp="2019-06-15T00:50:12.732">
  <memory-copied type="eden" objects="6" bytes="4648" bytesdiscarded="0" />
  <memory-copied type="other" objects="0" bytes="0" bytesdiscarded="0" />
  <memory-cardclean objects="1606" bytes="63536" />
  <regions eden="11" other="1" />
  <remembered-set-cleared processed="33150" cleared="119" durationms="0.396" />
  <stringconstants candidates="13692" cleared="0"  />
</gc-op>
<gc-op id="2192" type="classunload" timems="0.004" contextid="2187" timestamp="2019-06-15T00:50:12.732">
  <classunload-info classloadercandidates="53" classloadersunloaded="0" classesunloaded="0" anonymousclassesunloaded="0" quiescems="0.000" setupms="0.004" scanms="0.000" postms="0.000" />
</gc-op>
<heap-resize id="2193" type="expand" space="default" amount="12582912" count="1" timems="0.073" reason="excessive time being spent in gc" timestamp="2019-06-15T00:50:12.732" />
<gc-end id="2194" type="partial gc" contextid="2187" durationms="3.753" usertimems="4.000" systemtimems="0.000" timestamp="2019-06-15T00:50:12.732" activeThreads="1">
  <mem-info id="2195" free="48234496" total="81788928" percent="58">
    <mem type="eden" free="1043928" total="1048576" percent="99" />
    <remembered-set count="35008" freebytes="3124736" totalbytes="3264768" percent="95" regionsoverflowed="0" regionsstable="14" regionsrebuilding="0"/>
  </mem-info>
</gc-end>
<cycle-end id="2196" type="partial gc" contextid="2187" timestamp="2019-06-15T00:50:12.733" />
  <attribute name="elasticGC enabled" value="1" />
  <attribute name= "numThreadsSpecified" value="1" />
  <attribute name="heapSize specified" value="0" />
  <attribute name="Current GC Util" value="81" />
  <attribute name= "Current Time Running" value="18678" />
  <attribute name ="GC Interval" value="0" />
  <attribute name="ProportionalT" value="30.500000" />
  <attribute name="ProportionalI" value="30.500000" />
  <attribute name="ProportionalH" value="30.500000" />
  <attribute name="Current Error" value="61.000000" />
  <attribute name="IntegralT" value="0.000000" />
  <attribute name="IntegralI" value="0.000000" />
  <attribute name="IntegralH" value="0.000000" />
  <attribute name="DerivativeT" value="inf" />
  <attribute name="DerivativeI" value="inf" />
  <attribute name="DerivativeH" value="inf" />
  <attribute name="Loop Time for DT" value="0.000000" />
  <attribute name="Output H" value="8388608"/>
  <attribute name="Output I" value="200"/>
  <attribute name="Output T" value="1"/>
  <attribute name="Target GC Util Change" value ="20.000000" />
  <attribute name="Current GC Util Change" value="81.000000"/>
  <attribute name="GC Util currently" value="81" />
  <attribute name="CPU Util currently" value="17010010415671" />
<exclusive-end id="2197" timestamp="2019-06-15T00:50:12.733" durationms="4.835" />

<exclusive-start id="2198" timestamp="2019-06-15T00:50:12.741" intervalms="12.763">
  <response-info timems="0.068" idlems="0.068" threads="0" lastid="0000000001CEB700" lastname="main" />
</exclusive-start>
<allocation-taxation id="2199" taxation-threshold="13631488" timestamp="2019-06-15T00:50:12.741" intervalms="12.818" />
<cycle-start id="2200" type="global mark phase" contextid="0" timestamp="2019-06-15T00:50:12.741" intervalms="52.079" />
<gc-start id="2201" type="global mark phase" contextid="2200" timestamp="2019-06-15T00:50:12.741">
  <mem-info id="2202" free="34603008" total="81788928" percent="42">
    <remembered-set count="34624" freebytes="3126272" totalbytes="3264768" percent="95" regionsoverflowed="0" regionsstable="14" regionsrebuilding="0"/>
  </mem-info>
</gc-start>
<gc-op id="2203" type="mark increment" timems="1.303" contextid="2200" timestamp="2019-06-15T00:50:12.743">
  <trace-info objectcount="15721" scancount="4256" scanbytes="216912" />
</gc-op>
<gc-end id="2204" type="global mark phase" contextid="2200" durationms="1.676" usertimems="4.000" systemtimems="0.000" timestamp="2019-06-15T00:50:12.743" activeThreads="4">
  <mem-info id="2205" free="34603008" total="81788928" percent="42">
    <remembered-set count="36160" freebytes="3120128" totalbytes="3264768" percent="95" regionsoverflowed="0" regionsstable="0" regionsrebuilding="14"/>
  </mem-info>
</gc-end>
<concurrent-start id="2206" type="GMP work packet processing" contextid="2200" timestamp="2019-06-15T00:50:12.743">
  <concurrent-mark-start scanTarget="1594025" />
</concurrent-start>
<exclusive-end id="2207" timestamp="2019-06-15T00:50:12.744" durationms="3.689" />

<concurrent-end id="2208" type="GMP work packet processing" contextid="2200" timestamp="2019-06-15T00:50:12.745">
  <concurrent-mark-end bytesScanned="1697304" reasonForTermination="Work target met" />
</concurrent-end>

<exclusive-start id="2209" timestamp="2019-06-15T00:50:12.753" intervalms="12.722">
  <response-info timems="0.193" idlems="0.193" threads="0" lastid="0000000001CEB700" lastname="main" />
</exclusive-start>
<allocation-taxation id="2210" taxation-threshold="13631488" timestamp="2019-06-15T00:50:12.754" intervalms="12.649" />
<cycle-start id="2211" type="partial gc" contextid="0" timestamp="2019-06-15T00:50:12.754" intervalms="25.410" />
<gc-start id="2212" type="partial gc" contextid="2211" timestamp="2019-06-15T00:50:12.754">
  <mem-info id="2213" free="20971520" total="81788928" percent="25">
    <mem type="eden" free="0" total="27262976" percent="0" />
    <remembered-set count="43232" freebytes="3091840" totalbytes="3264768" percent="94" regionsoverflowed="0" regionsstable="0" regionsrebuilding="14"/>
  </mem-info>
</gc-start>
<allocation-stats totalBytes="27215280" >
  <allocated-bytes non-tlh="0" tlh="27215280" arrayletleaf="0"/>
  <largest-consumer threadName="main" threadId="0000000001CEB700" bytes="13607256" />
</allocation-stats>
<gc-op id="2214" type="copy forward" timems="2.512" contextid="2211" timestamp="2019-06-15T00:50:12.757">
  <memory-copied type="eden" objects="3" bytes="72" bytesdiscarded="0" />
  <memory-copied type="other" objects="34583" bytes="879560" bytesdiscarded="31472" />
  <memory-cardclean objects="8194" bytes="471040" />
  <regions eden="26" other="4" />
  <remembered-set-cleared processed="40099" cleared="747" durationms="0.225" />
  <references type="weak" candidates="10" cleared="0" enqueued="0" />
  <stringconstants candidates="13692" cleared="0"  />
</gc-op>
<gc-op id="2215" type="classunload" timems="0.005" contextid="2211" timestamp="2019-06-15T00:50:12.757">
  <classunload-info classloadercandidates="53" classloadersunloaded="0" classesunloaded="0" anonymousclassesunloaded="0" quiescems="0.000" setupms="0.005" scanms="0.000" postms="0.000" />
</gc-op>
<heap-resize id="2216" type="expand" space="default" amount="2097152" count="1" timems="0.062" reason="excessive time being spent in gc" timestamp="2019-06-15T00:50:12.758" />
<gc-end id="2217" type="partial gc" contextid="2211" durationms="3.798" usertimems="4.000" systemtimems="4.000" timestamp="2019-06-15T00:50:12.758" activeThreads="4">
  <mem-info id="2218" free="50331648" total="83886080" percent="60">
    <mem type="eden" free="1048504" total="1048576" percent="99" />
    <remembered-set count="46144" freebytes="3163904" totalbytes="3348480" percent="94" regionsoverflowed="0" regionsstable="0" regionsrebuilding="14"/>
  </mem-info>
</gc-end>
<cycle-end id="2219" type="partial gc" contextid="2211" timestamp="2019-06-15T00:50:12.758" />
  <attribute name="elasticGC enabled" value="1" />
  <attribute name= "numThreadsSpecified" value="4" />
  <attribute name="heapSize specified" value="0" />
  <attribute name="Current GC Util" value="57" />
  <attribute name= "Current Time Running" value="18703" />
  <attribute name ="GC Interval" value="0" />
  <attribute name="ProportionalT" value="18.500000" />
  <attribute name="ProportionalI" value="18.500000" />
  <attribute name="ProportionalH" value="18.500000" />
  <attribute name="Current Error" value="37.000000" />
  <attribute name="IntegralT" value="37.000000" />
  <attribute name="IntegralI" value="37.000000" />
  <attribute name="IntegralH" value="37.000000" />
  <attribute name="DerivativeT" value="14.500000" />
  <attribute name="DerivativeI" value="14.500000" />
  <attribute name="DerivativeH" value="14.500000" />
  <attribute name="Loop Time for DT" value="1.000000" />
  <attribute name="Output H" value="8388608"/>
  <attribute name="Output I" value="200"/>
  <attribute name="Output T" value="4"/>
  <attribute name="Target GC Util Change" value ="20.000000" />
  <attribute name="Current GC Util Change" value="57.000000"/>
  <attribute name="GC Util currently" value="57" />
  <attribute name="CPU Util currently" value="15465388249318" />
<exclusive-end id="2220" timestamp="2019-06-15T00:50:12.758" durationms="4.811" />

<exclusive-start id="2221" timestamp="2019-06-15T00:50:12.767" intervalms="13.241">
  <response-info timems="0.245" idlems="0.245" threads="0" lastid="0000000001CEB700" lastname="main" />
</exclusive-start>
<allocation-taxation id="2222" taxation-threshold="13631488" timestamp="2019-06-15T00:50:12.767" intervalms="13.319" />
<gc-start id="2223" type="global mark phase" contextid="2200" timestamp="2019-06-15T00:50:12.767">
  <mem-info id="2224" free="36700160" total="83886080" percent="43">
    <remembered-set count="46144" freebytes="3163904" totalbytes="3348480" percent="94" regionsoverflowed="0" regionsstable="0" regionsrebuilding="14"/>
  </mem-info>
</gc-start>
<gc-end id="2225" type="global mark phase" contextid="2200" durationms="0.135" usertimems="4.000" systemtimems="0.000" timestamp="2019-06-15T00:50:12.767" activeThreads="4">
  <mem-info id="2226" free="36700160" total="83886080" percent="43">
    <remembered-set count="46144" freebytes="3163904" totalbytes="3348480" percent="94" regionsoverflowed="0" regionsstable="0" regionsrebuilding="14"/>
  </mem-info>
</gc-end>
<concurrent-start id="2227" type="GMP work packet processing" contextid="2200" timestamp="2019-06-15T00:50:12.767">
  <concurrent-mark-start scanTarget="1594025" />
</concurrent-start>
<exclusive-end id="2228" timestamp="2019-06-15T00:50:12.769" durationms="1.801" />

<concurrent-end id="2229" type="GMP work packet processing" contextid="2200" timestamp="2019-06-15T00:50:12.769">
  <concurrent-mark-end bytesScanned="1651280" reasonForTermination="Work target met" />
</concurrent-end>

<exclusive-start id="2230" timestamp="2019-06-15T00:50:12.776" intervalms="9.758">
  <response-info timems="0.068" idlems="0.068" threads="0" lastid="0000000001CEB700" lastname="main" />
</exclusive-start>
<allocation-taxation id="2231" taxation-threshold="13631488" timestamp="2019-06-15T00:50:12.777" intervalms="9.679" />
<cycle-start id="2232" type="partial gc" contextid="0" timestamp="2019-06-15T00:50:12.777" intervalms="23.011" />
<gc-start id="2233" type="partial gc" contextid="2232" timestamp="2019-06-15T00:50:12.777">
  <mem-info id="2234" free="23068672" total="83886080" percent="27">
    <mem type="eden" free="1048504" total="28311552" percent="3" />
    <remembered-set count="59648" freebytes="3109888" totalbytes="3348480" percent="92" regionsoverflowed="0" regionsstable="0" regionsrebuilding="14"/>
  </mem-info>
</gc-start>
<allocation-stats totalBytes="27215008" >
  <allocated-bytes non-tlh="0" tlh="27215008" arrayletleaf="0"/>
  <largest-consumer threadName="main" threadId="0000000001CEB700" bytes="13606960" />
</allocation-stats>
<gc-op id="2235" type="copy forward" timems="1.567" contextid="2232" timestamp="2019-06-15T00:50:12.779">
  <memory-copied type="eden" objects="2" bytes="40" bytesdiscarded="0" />
  <memory-copied type="other" objects="7" bytes="160" bytesdiscarded="0" />
  <memory-cardclean objects="32" bytes="1152" />
  <regions eden="26" other="2" />
  <remembered-set-cleared processed="56942" cleared="18" durationms="0.216" />
  <stringconstants candidates="13692" cleared="0"  />
</gc-op>
<gc-op id="2236" type="classunload" timems="0.009" contextid="2232" timestamp="2019-06-15T00:50:12.780">
  <classunload-info classloadercandidates="53" classloadersunloaded="0" classesunloaded="0" anonymousclassesunloaded="0" quiescems="0.000" setupms="0.009" scanms="0.000" postms="0.000" />
</gc-op>
<gc-end id="2237" type="partial gc" contextid="2232" durationms="2.672" usertimems="0.000" systemtimems="4.000" timestamp="2019-06-15T00:50:12.780" activeThreads="4">
  <mem-info id="2238" free="50331648" total="83886080" percent="60">
    <mem type="eden" free="1048536" total="1048576" percent="99" />
    <remembered-set count="59584" freebytes="3110144" totalbytes="3348480" percent="92" regionsoverflowed="0" regionsstable="0" regionsrebuilding="14"/>
  </mem-info>
</gc-end>
<cycle-end id="2239" type="partial gc" contextid="2232" timestamp="2019-06-15T00:50:12.780" />
  <attribute name="elasticGC enabled" value="1" />
  <attribute name= "numThreadsSpecified" value="4" />
  <attribute name="heapSize specified" value="0" />
  <attribute name="Current GC Util" value="59" />
  <attribute name= "Current Time Running" value="18726" />
  <attribute name ="GC Interval" value="0" />
  <attribute name="ProportionalT" value="19.500000" />
  <attribute name="ProportionalI" value="19.500000" />
  <attribute name="ProportionalH" value="19.500000" />
  <attribute name="Current Error" value="39.000000" />
  <attribute name="IntegralT" value="39.000000" />
  <attribute name="IntegralI" value="39.000000" />
  <attribute name="IntegralH" value="39.000000" />
  <attribute name="DerivativeT" value="17.000000" />
  <attribute name="DerivativeI" value="17.000000" />
  <attribute name="DerivativeH" value="17.000000" />
  <attribute name="Loop Time for DT" value="1.000000" />
  <attribute name="Output H" value="8388608"/>
  <attribute name="Output I" value="200"/>
  <attribute name="Output T" value="4"/>
  <attribute name="Target GC Util Change" value ="20.000000" />
  <attribute name="Current GC Util Change" value="59.000000"/>
  <attribute name="GC Util currently" value="59" />
  <attribute name="CPU Util currently" value="14981859356335" />
<exclusive-end id="2240" timestamp="2019-06-15T00:50:12.780" durationms="3.655" />

<exclusive-start id="2241" timestamp="2019-06-15T00:50:12.788" intervalms="11.956">
  <response-info timems="0.119" idlems="0.119" threads="0" lastid="0000000001CEB700" lastname="main" />
</exclusive-start>
<allocation-taxation id="2242" taxation-threshold="13631488" timestamp="2019-06-15T00:50:12.789" intervalms="12.016" />
<gc-start id="2243" type="global mark phase" contextid="2200" timestamp="2019-06-15T00:50:12.789">
  <mem-info id="2244" free="36700160" total="83886080" percent="43">
    <remembered-set count="59584" freebytes="3110144" totalbytes="3348480" percent="92" regionsoverflowed="0" regionsstable="0" regionsrebuilding="14"/>
  </mem-info>
</gc-start>
<gc-end id="2245" type="global mark phase" contextid="2200" durationms="0.130" usertimems="0.000" systemtimems="0.000" timestamp="2019-06-15T00:50:12.789" activeThreads="4">
  <mem-info id="2246" free="36700160" total="83886080" percent="43">
    <remembered-set count="59584" freebytes="3110144" totalbytes="3348480" percent="92" regionsoverflowed="0" regionsstable="0" regionsrebuilding="14"/>
  </mem-info>
</gc-end>
<concurrent-start id="2247" type="GMP work packet processing" contextid="2200" timestamp="2019-06-15T00:50:12.789">
  <concurrent-mark-start scanTarget="1594025" />
</concurrent-start>
<exclusive-end id="2248" timestamp="2019-06-15T00:50:12.790" durationms="1.745" />

<concurrent-end id="2249" type="GMP work packet processing" contextid="2200" timestamp="2019-06-15T00:50:12.790">
  <concurrent-mark-end bytesScanned="1650668" reasonForTermination="Work target met" />
</concurrent-end>

<exclusive-start id="2250" timestamp="2019-06-15T00:50:12.798" intervalms="9.697">
  <response-info timems="0.123" idlems="0.123" threads="0" lastid="0000000001CEB700" lastname="main" />
</exclusive-start>
<allocation-taxation id="2251" taxation-threshold="13631488" timestamp="2019-06-15T00:50:12.798" intervalms="9.623" />
<cycle-start id="2252" type="partial gc" contextid="0" timestamp="2019-06-15T00:50:12.798" intervalms="21.629" />
<gc-start id="2253" type="partial gc" contextid="2252" timestamp="2019-06-15T00:50:12.799">
  <mem-info id="2254" free="23068672" total="83886080" percent="27">
    <mem type="eden" free="1048536" total="28311552" percent="3" />
    <remembered-set count="72128" freebytes="3059968" totalbytes="3348480" percent="91" regionsoverflowed="0" regionsstable="0" regionsrebuilding="14"/>
  </mem-info>
</gc-start>
<allocation-stats totalBytes="27214616" >
  <allocated-bytes non-tlh="0" tlh="27214616" arrayletleaf="0"/>
  <largest-consumer threadName="main" threadId="0000000001CEB700" bytes="13607256" />
</allocation-stats>
<gc-op id="2255" type="copy forward" timems="1.676" contextid="2252" timestamp="2019-06-15T00:50:12.801">
  <memory-copied type="eden" objects="3" bytes="72" bytesdiscarded="0" />
  <memory-copied type="other" objects="7" bytes="160" bytesdiscarded="0" />
  <memory-cardclean objects="37" bytes="1280" />
  <regions eden="26" other="2" />
  <remembered-set-cleared processed="69387" cleared="17" durationms="0.572" />
  <stringconstants candidates="13692" cleared="0"  />
</gc-op>
<gc-op id="2256" type="classunload" timems="0.004" contextid="2252" timestamp="2019-06-15T00:50:12.801">
  <classunload-info classloadercandidates="53" classloadersunloaded="0" classesunloaded="0" anonymousclassesunloaded="0" quiescems="0.000" setupms="0.004" scanms="0.000" postms="0.000" />
</gc-op>
<gc-end id="2257" type="partial gc" contextid="2252" durationms="2.904" usertimems="0.000" systemtimems="0.000" timestamp="2019-06-15T00:50:12.801" activeThreads="1">
  <mem-info id="2258" free="50331648" total="83886080" percent="60">
    <mem type="eden" free="1048504" total="1048576" percent="99" />
    <remembered-set count="72448" freebytes="3058688" totalbytes="3348480" percent="91" regionsoverflowed="0" regionsstable="0" regionsrebuilding="14"/>
  </mem-info>
</gc-end>
<cycle-end id="2259" type="partial gc" contextid="2252" timestamp="2019-06-15T00:50:12.802" />
  <attribute name="elasticGC enabled" value="1" />
  <attribute name= "numThreadsSpecified" value="1" />
  <attribute name="heapSize specified" value="0" />
  <attribute name="Current GC Util" value="76" />
  <attribute name= "Current Time Running" value="18747" />
  <attribute name ="GC Interval" value="0" />
  <attribute name="ProportionalT" value="28.000000" />
  <attribute name="ProportionalI" value="28.000000" />
  <attribute name="ProportionalH" value="28.000000" />
  <attribute name="Current Error" value="56.000000" />
  <attribute name="IntegralT" value="0.000000" />
  <attribute name="IntegralI" value="0.000000" />
  <attribute name="IntegralH" value="0.000000" />
  <attribute name="DerivativeT" value="inf" />
  <attribute name="DerivativeI" value="inf" />
  <attribute name="DerivativeH" value="inf" />
  <attribute name="Loop Time for DT" value="0.000000" />
  <attribute name="Output H" value="8388608"/>
  <attribute name="Output I" value="200"/>
  <attribute name="Output T" value="1"/>
  <attribute name="Target GC Util Change" value ="20.000000" />
  <attribute name="Current GC Util Change" value="76.000000"/>
  <attribute name="GC Util currently" value="76" />
  <attribute name="CPU Util currently" value="17552480172826" />
<exclusive-end id="2260" timestamp="2019-06-15T00:50:12.802" durationms="3.838" />

<exclusive-start id="2261" timestamp="2019-06-15T00:50:12.810" intervalms="11.975">
  <response-info timems="0.113" idlems="0.113" threads="0" lastid="0000000001CEB700" lastname="main" />
</exclusive-start>
<allocation-taxation id="2262" taxation-threshold="13631488" timestamp="2019-06-15T00:50:12.810" intervalms="12.048" />
<gc-start id="2263" type="global mark phase" contextid="2200" timestamp="2019-06-15T00:50:12.810">
  <mem-info id="2264" free="36700160" total="83886080" percent="43">
    <remembered-set count="72128" freebytes="3059968" totalbytes="3348480" percent="91" regionsoverflowed="0" regionsstable="0" regionsrebuilding="14"/>
  </mem-info>
</gc-start>
<gc-end id="2265" type="global mark phase" contextid="2200" durationms="0.073" usertimems="0.000" systemtimems="0.000" timestamp="2019-06-15T00:50:12.810" activeThreads="1">
  <mem-info id="2266" free="36700160" total="83886080" percent="43">
    <remembered-set count="72128" freebytes="3059968" totalbytes="3348480" percent="91" regionsoverflowed="0" regionsstable="0" regionsrebuilding="14"/>
  </mem-info>
</gc-end>
<concurrent-start id="2267" type="GMP work packet processing" contextid="2200" timestamp="2019-06-15T00:50:12.811">
  <concurrent-mark-start scanTarget="1048576" />
</concurrent-start>
<exclusive-end id="2268" timestamp="2019-06-15T00:50:12.811" durationms="1.353" />

<concurrent-end id="2269" type="GMP work packet processing" contextid="2200" timestamp="2019-06-15T00:50:12.812">
  <concurrent-mark-end bytesScanned="1105032" reasonForTermination="Work target met" />
</concurrent-end>

<exclusive-start id="2270" timestamp="2019-06-15T00:50:12.819" intervalms="9.311">
  <response-info timems="0.078" idlems="0.078" threads="0" lastid="0000000001CEB700" lastname="main" />
</exclusive-start>
<allocation-taxation id="2271" taxation-threshold="13631488" timestamp="2019-06-15T00:50:12.820" intervalms="9.269" />
<cycle-start id="2272" type="partial gc" contextid="0" timestamp="2019-06-15T00:50:12.820" intervalms="21.321" />
<gc-start id="2273" type="partial gc" contextid="2272" timestamp="2019-06-15T00:50:12.820">
  <mem-info id="2274" free="23068672" total="83886080" percent="27">
    <mem type="eden" free="1048504" total="28311552" percent="3" />
    <remembered-set count="80352" freebytes="3027072" totalbytes="3348480" percent="90" regionsoverflowed="0" regionsstable="0" regionsrebuilding="14"/>
  </mem-info>
</gc-start>
<allocation-stats totalBytes="27215008" >
  <allocated-bytes non-tlh="0" tlh="27215008" arrayletleaf="0"/>
  <largest-consumer threadName="main" threadId="0000000001CEB700" bytes="13606960" />
</allocation-stats>
<gc-op id="2275" type="copy forward" timems="1.704" contextid="2272" timestamp="2019-06-15T00:50:12.822">
  <memory-copied type="eden" objects="2" bytes="40" bytesdiscarded="0" />
  <memory-copied type="other" objects="7" bytes="160" bytesdiscarded="0" />
  <memory-cardclean objects="36" bytes="1256" />
  <regions eden="26" other="2" />
  <remembered-set-cleared processed="78038" cleared="17" durationms="0.638" />
  <stringconstants candidates="13692" cleared="0"  />
</gc-op>
<gc-op id="2276" type="classunload" timems="0.004" contextid="2272" timestamp="2019-06-15T00:50:12.823">
  <classunload-info classloadercandidates="53" classloadersunloaded="0" classesunloaded="0" anonymousclassesunloaded="0" quiescems="0.000" setupms="0.004" scanms="0.000" postms="0.000" />
</gc-op>
<gc-end id="2277" type="partial gc" contextid="2272" durationms="2.826" usertimems="4.000" systemtimems="0.000" timestamp="2019-06-15T00:50:12.823" activeThreads="1">
  <mem-info id="2278" free="50331648" total="83886080" percent="60">
    <mem type="eden" free="1048536" total="1048576" percent="99" />
    <remembered-set count="80704" freebytes="3025664" totalbytes="3348480" percent="90" regionsoverflowed="0" regionsstable="0" regionsrebuilding="14"/>
  </mem-info>
</gc-end>
<cycle-end id="2279" type="partial gc" contextid="2272" timestamp="2019-06-15T00:50:12.823" />
  <attribute name="elasticGC enabled" value="1" />
  <attribute name= "numThreadsSpecified" value="1" />
  <attribute name="heapSize specified" value="0" />
  <attribute name="Current GC Util" value="60" />
  <attribute name= "Current Time Running" value="18768" />
  <attribute name ="GC Interval" value="0" />
  <attribute name="ProportionalT" value="20.000000" />
  <attribute name="ProportionalI" value="20.000000" />
  <attribute name="ProportionalH" value="20.000000" />
  <attribute name="Current Error" value="40.000000" />
  <attribute name="IntegralT" value="0.000000" />
  <attribute name="IntegralI" value="0.000000" />
  <attribute name="IntegralH" value="0.000000" />
  <attribute name="DerivativeT" value="inf" />
  <attribute name="DerivativeI" value="inf" />
  <attribute name="DerivativeH" value="inf" />
  <attribute name="Loop Time for DT" value="0.000000" />
  <attribute name="Output H" value="8388608"/>
  <attribute name="Output I" value="200"/>
  <attribute name="Output T" value="1"/>
  <attribute name="Target GC Util Change" value ="20.000000" />
  <attribute name="Current GC Util Change" value="60.000000"/>
  <attribute name="GC Util currently" value="60" />
  <attribute name="CPU Util currently" value="20041049502212" />
<exclusive-end id="2280" timestamp="2019-06-15T00:50:12.823" durationms="3.843" />

<exclusive-start id="2281" timestamp="2019-06-15T00:50:12.831" intervalms="11.820">
  <response-info timems="0.076" idlems="0.076" threads="0" lastid="0000000001CEB700" lastname="main" />
</exclusive-start>
<allocation-taxation id="2282" taxation-threshold="13631488" timestamp="2019-06-15T00:50:12.831" intervalms="11.834" />
<gc-start id="2283" type="global mark phase" contextid="2200" timestamp="2019-06-15T00:50:12.832">
  <mem-info id="2284" free="36700160" total="83886080" percent="43">
    <remembered-set count="80288" freebytes="3027328" totalbytes="3348480" percent="90" regionsoverflowed="0" regionsstable="0" regionsrebuilding="14"/>
  </mem-info>
</gc-start>
<gc-end id="2285" type="global mark phase" contextid="2200" durationms="0.130" usertimems="0.000" systemtimems="0.000" timestamp="2019-06-15T00:50:12.832" activeThreads="1">
  <mem-info id="2286" free="36700160" total="83886080" percent="43">
    <remembered-set count="80288" freebytes="3027328" totalbytes="3348480" percent="90" regionsoverflowed="0" regionsstable="0" regionsrebuilding="14"/>
  </mem-info>
</gc-end>
<concurrent-start id="2287" type="GMP work packet processing" contextid="2200" timestamp="2019-06-15T00:50:12.832">
  <concurrent-mark-start scanTarget="1048576" />
</concurrent-start>
<exclusive-end id="2288" timestamp="2019-06-15T00:50:12.833" durationms="1.403" />

<concurrent-end id="2289" type="GMP work packet processing" contextid="2200" timestamp="2019-06-15T00:50:12.833">
  <concurrent-mark-end bytesScanned="1099532" reasonForTermination="Work target met" />
</concurrent-end>

<exclusive-start id="2290" timestamp="2019-06-15T00:50:12.841" intervalms="9.438">
  <response-info timems="0.146" idlems="0.146" threads="0" lastid="0000000001CEB700" lastname="main" />
</exclusive-start>
<allocation-taxation id="2291" taxation-threshold="13631488" timestamp="2019-06-15T00:50:12.841" intervalms="9.407" />
<cycle-start id="2292" type="partial gc" contextid="0" timestamp="2019-06-15T00:50:12.841" intervalms="21.239" />
<gc-start id="2293" type="partial gc" contextid="2292" timestamp="2019-06-15T00:50:12.841">
  <mem-info id="2294" free="23068672" total="83886080" percent="27">
    <mem type="eden" free="1048536" total="28311552" percent="3" />
    <remembered-set count="92416" freebytes="2978816" totalbytes="3348480" percent="88" regionsoverflowed="0" regionsstable="0" regionsrebuilding="14"/>
  </mem-info>
</gc-start>
<allocation-stats totalBytes="27214616" >
  <allocated-bytes non-tlh="0" tlh="27214616" arrayletleaf="0"/>
  <largest-consumer threadName="main" threadId="0000000001CEB700" bytes="13607256" />
</allocation-stats>
<gc-op id="2295" type="copy forward" timems="1.557" contextid="2292" timestamp="2019-06-15T00:50:12.844">
  <memory-copied type="eden" objects="3" bytes="72" bytesdiscarded="0" />
  <memory-copied type="other" objects="10" bytes="744" bytesdiscarded="1096" />
  <memory-cardclean objects="33" bytes="9304" />
  <regions eden="26" other="3" />
  <remembered-set-cleared processed="90014" cleared="39" durationms="0.330" />
  <references type="weak" candidates="12" cleared="0" enqueued="0" />
  <stringconstants candidates="13692" cleared="0"  />
</gc-op>
<gc-op id="2296" type="classunload" timems="0.005" contextid="2292" timestamp="2019-06-15T00:50:12.844">
  <classunload-info classloadercandidates="53" classloadersunloaded="0" classesunloaded="0" anonymousclassesunloaded="0" quiescems="0.000" setupms="0.004" scanms="0.000" postms="0.000" />
</gc-op>
<gc-end id="2297" type="partial gc" contextid="2292" durationms="2.622" usertimems="4.000" systemtimems="4.000" timestamp="2019-06-15T00:50:12.844" activeThreads="4">
  <mem-info id="2298" free="51380224" total="83886080" percent="61">
    <mem type="eden" free="1048504" total="1048576" percent="99" />
    <remembered-set count="92544" freebytes="2978304" totalbytes="3348480" percent="88" regionsoverflowed="0" regionsstable="0" regionsrebuilding="14"/>
  </mem-info>
</gc-end>
<cycle-end id="2299" type="partial gc" contextid="2292" timestamp="2019-06-15T00:50:12.844" />
  <attribute name="elasticGC enabled" value="1" />
  <attribute name= "numThreadsSpecified" value="4" />
  <attribute name="heapSize specified" value="0" />
  <attribute name="Current GC Util" value="50" />
  <attribute name= "Current Time Running" value="18790" />
  <attribute name ="GC Interval" value="0" />
  <attribute name="ProportionalT" value="15.000000" />
  <attribute name="ProportionalI" value="15.000000" />
  <attribute name="ProportionalH" value="15.000000" />
  <attribute name="Current Error" value="30.000000" />
  <attribute name="IntegralT" value="30.000000" />
  <attribute name="IntegralI" value="30.000000" />
  <attribute name="IntegralH" value="30.000000" />
  <attribute name="DerivativeT" value="15.000000" />
  <attribute name="DerivativeI" value="15.000000" />
  <attribute name="DerivativeH" value="15.000000" />
  <attribute name="Loop Time for DT" value="1.000000" />
  <attribute name="Output H" value="8388608"/>
  <attribute name="Output I" value="200"/>
  <attribute name="Output T" value="4"/>
  <attribute name="Target GC Util Change" value ="20.000000" />
  <attribute name="Current GC Util Change" value="50.000000"/>
  <attribute name="GC Util currently" value="50" />
  <attribute name="CPU Util currently" value="16510226450860" />
<exclusive-end id="2300" timestamp="2019-06-15T00:50:12.844" durationms="3.574" />

<exclusive-start id="2301" timestamp="2019-06-15T00:50:12.902" intervalms="61.704">
  <response-info timems="0.026" idlems="0.026" threads="0" lastid="0000000001CEB700" lastname="main" />
</exclusive-start>
<allocation-taxation id="2302" taxation-threshold="13631488" timestamp="2019-06-15T00:50:12.903" intervalms="61.753" />
<gc-start id="2303" type="global mark phase" contextid="2200" timestamp="2019-06-15T00:50:12.903">
  <mem-info id="2304" free="37748736" total="83886080" percent="45">
    <remembered-set count="92544" freebytes="2978304" totalbytes="3348480" percent="88" regionsoverflowed="0" regionsstable="0" regionsrebuilding="14"/>
  </mem-info>
</gc-start>
<gc-end id="2305" type="global mark phase" contextid="2200" durationms="0.132" usertimems="0.000" systemtimems="0.000" timestamp="2019-06-15T00:50:12.903" activeThreads="4">
  <mem-info id="2306" free="37748736" total="83886080" percent="45">
    <remembered-set count="92544" freebytes="2978304" totalbytes="3348480" percent="88" regionsoverflowed="0" regionsstable="0" regionsrebuilding="14"/>
  </mem-info>
</gc-end>
<concurrent-start id="2307" type="GMP work packet processing" contextid="2200" timestamp="2019-06-15T00:50:12.903">
  <concurrent-mark-start scanTarget="1594025" />
</concurrent-start>
<exclusive-end id="2308" timestamp="2019-06-15T00:50:12.904" durationms="1.783" />

<concurrent-end id="2309" type="GMP work packet processing" contextid="2200" timestamp="2019-06-15T00:50:12.916">
  <concurrent-mark-end bytesScanned="1635116" reasonForTermination="Work target met" />
</concurrent-end>

<exclusive-start id="2310" timestamp="2019-06-15T00:50:12.943" intervalms="40.916">
  <response-info timems="0.062" idlems="0.062" threads="0" lastid="0000000001CEB700" lastname="main" />
</exclusive-start>
<allocation-taxation id="2311" taxation-threshold="13631488" timestamp="2019-06-15T00:50:12.943" intervalms="40.926" />
<cycle-start id="2312" type="partial gc" contextid="0" timestamp="2019-06-15T00:50:12.944" intervalms="102.708" />
<gc-start id="2313" type="partial gc" contextid="2312" timestamp="2019-06-15T00:50:12.944">
  <mem-info id="2314" free="24117248" total="83886080" percent="28">
    <mem type="eden" free="1048504" total="28311552" percent="3" />
    <remembered-set count="107232" freebytes="2919552" totalbytes="3348480" percent="87" regionsoverflowed="0" regionsstable="0" regionsrebuilding="14"/>
  </mem-info>
</gc-start>
<allocation-stats totalBytes="27230400" >
  <allocated-bytes non-tlh="0" tlh="27230400" arrayletleaf="0"/>
  <largest-consumer threadName="main" threadId="0000000001CEB700" bytes="13618056" />
</allocation-stats>
<gc-op id="2315" type="copy forward" timems="1.769" contextid="2312" timestamp="2019-06-15T00:50:12.946">
  <memory-copied type="eden" objects="39" bytes="1512" bytesdiscarded="0" />
  <memory-copied type="other" objects="21" bytes="480" bytesdiscarded="504" />
  <memory-cardclean objects="139" bytes="5176" />
  <regions eden="26" other="3" />
  <remembered-set-cleared processed="104897" cleared="105" durationms="0.757" />
  <references type="weak" candidates="10" cleared="0" enqueued="0" />
  <stringconstants candidates="13692" cleared="0"  />
</gc-op>
<gc-op id="2316" type="classunload" timems="0.004" contextid="2312" timestamp="2019-06-15T00:50:12.947">
  <classunload-info classloadercandidates="53" classloadersunloaded="0" classesunloaded="0" anonymousclassesunloaded="0" quiescems="0.000" setupms="0.004" scanms="0.000" postms="0.000" />
</gc-op>
<heap-resize id="2317" type="contract" space="default" amount="3145728" count="1" timems="0.126" reason="excess free space following gc" timestamp="2019-06-15T00:50:12.947" />
<gc-end id="2318" type="partial gc" contextid="2312" durationms="3.150" usertimems="4.000" systemtimems="0.000" timestamp="2019-06-15T00:50:12.947" activeThreads="1">
  <mem-info id="2319" free="49283072" total="80740352" percent="61">
    <mem type="eden" free="1047064" total="1048576" percent="99" />
    <remembered-set count="107264" freebytes="2919424" totalbytes="3348480" percent="87" regionsoverflowed="0" regionsstable="0" regionsrebuilding="14"/>
  </mem-info>
</gc-end>
<cycle-end id="2320" type="partial gc" contextid="2312" timestamp="2019-06-15T00:50:12.947" />
  <attribute name="elasticGC enabled" value="1" />
  <attribute name= "numThreadsSpecified" value="1" />
  <attribute name="heapSize specified" value="0" />
  <attribute name="Current GC Util" value="66" />
  <attribute name= "Current Time Running" value="18892" />
  <attribute name ="GC Interval" value="0" />
  <attribute name="ProportionalT" value="23.000000" />
  <attribute name="ProportionalI" value="23.000000" />
  <attribute name="ProportionalH" value="23.000000" />
  <attribute name="Current Error" value="46.000000" />
  <attribute name="IntegralT" value="0.000000" />
  <attribute name="IntegralI" value="0.000000" />
  <attribute name="IntegralH" value="0.000000" />
  <attribute name="DerivativeT" value="inf" />
  <attribute name="DerivativeI" value="inf" />
  <attribute name="DerivativeH" value="inf" />
  <attribute name="Loop Time for DT" value="0.000000" />
  <attribute name="Output H" value="8388608"/>
  <attribute name="Output I" value="200"/>
  <attribute name="Output T" value="1"/>
  <attribute name="Target GC Util Change" value ="20.000000" />
  <attribute name="Current GC Util Change" value="66.000000"/>
  <attribute name="GC Util currently" value="66" />
  <attribute name="CPU Util currently" value="20525117309829" />
<exclusive-end id="2321" timestamp="2019-06-15T00:50:12.947" durationms="4.122" />

<exclusive-start id="2322" timestamp="2019-06-15T00:50:12.987" intervalms="43.841">
  <response-info timems="0.039" idlems="0.039" threads="0" lastid="0000000001CEB700" lastname="main" />
</exclusive-start>
<allocation-taxation id="2323" taxation-threshold="13631488" timestamp="2019-06-15T00:50:12.987" intervalms="43.859" />
<gc-start id="2324" type="global mark phase" contextid="2200" timestamp="2019-06-15T00:50:12.987">
  <mem-info id="2325" free="35651584" total="80740352" percent="44">
    <remembered-set count="107200" freebytes="2919680" totalbytes="3348480" percent="87" regionsoverflowed="0" regionsstable="0" regionsrebuilding="14"/>
  </mem-info>
</gc-start>
<gc-end id="2326" type="global mark phase" contextid="2200" durationms="0.133" usertimems="0.000" systemtimems="0.000" timestamp="2019-06-15T00:50:12.988" activeThreads="1">
  <mem-info id="2327" free="35651584" total="80740352" percent="44">
    <remembered-set count="107200" freebytes="2919680" totalbytes="3348480" percent="87" regionsoverflowed="0" regionsstable="0" regionsrebuilding="14"/>
  </mem-info>
</gc-end>
<concurrent-start id="2328" type="GMP work packet processing" contextid="2200" timestamp="2019-06-15T00:50:12.988">
  <concurrent-mark-start scanTarget="1048576" />
</concurrent-start>
<concurrent-end id="2329" type="GMP work packet processing" contextid="2200" timestamp="2019-06-15T00:50:12.989">
  <concurrent-mark-end bytesScanned="1085776" reasonForTermination="Work target met" />
</concurrent-end>

<exclusive-end id="2330" timestamp="2019-06-15T00:50:12.989" durationms="1.519" />

<exclusive-start id="2331" timestamp="2019-06-15T00:50:13.021" intervalms="33.402">
  <response-info timems="0.060" idlems="0.060" threads="0" lastid="0000000001CEB700" lastname="main" />
</exclusive-start>
<allocation-taxation id="2332" taxation-threshold="13631488" timestamp="2019-06-15T00:50:13.021" intervalms="33.406" />
<cycle-start id="2333" type="partial gc" contextid="0" timestamp="2019-06-15T00:50:13.021" intervalms="77.268" />
<gc-start id="2334" type="partial gc" contextid="2333" timestamp="2019-06-15T00:50:13.021">
  <mem-info id="2335" free="22020096" total="80740352" percent="27">
    <mem type="eden" free="0" total="27262976" percent="0" />
    <remembered-set count="115968" freebytes="2884608" totalbytes="3348480" percent="86" regionsoverflowed="0" regionsstable="0" regionsrebuilding="14"/>
  </mem-info>
</gc-start>
<allocation-stats totalBytes="27233792" >
  <allocated-bytes non-tlh="0" tlh="27233792" arrayletleaf="0"/>
  <largest-consumer threadName="main" threadId="0000000001CEB700" bytes="13616440" />
</allocation-stats>
<gc-op id="2336" type="copy forward" timems="3.272" contextid="2333" timestamp="2019-06-15T00:50:13.025">
  <memory-copied type="eden" objects="16" bytes="1288" bytesdiscarded="0" />
  <memory-copied type="other" objects="56" bytes="1456" bytesdiscarded="824" />
  <memory-cardclean objects="77625" bytes="2690880" />
  <regions eden="26" other="2" />
  <remembered-set-cleared processed="92495" cleared="16373" durationms="0.467" />
  <references type="weak" candidates="2" cleared="0" enqueued="0" />
  <stringconstants candidates="13692" cleared="0"  />
</gc-op>
<gc-op id="2337" type="classunload" timems="0.004" contextid="2333" timestamp="2019-06-15T00:50:13.026">
  <classunload-info classloadercandidates="53" classloadersunloaded="0" classesunloaded="0" anonymousclassesunloaded="0" quiescems="0.000" setupms="0.004" scanms="0.000" postms="0.000" />
</gc-op>
<gc-end id="2338" type="partial gc" contextid="2333" durationms="4.570" usertimems="12.000" systemtimems="0.000" timestamp="2019-06-15T00:50:13.026" activeThreads="4">
  <mem-info id="2339" free="48234496" total="80740352" percent="59">
    <mem type="eden" free="1047288" total="1048576" percent="99" />
    <remembered-set count="89504" freebytes="2864896" totalbytes="3222912" percent="88" regionsoverflowed="0" regionsstable="0" regionsrebuilding="14"/>
  </mem-info>
</gc-end>
<cycle-end id="2340" type="partial gc" contextid="2333" timestamp="2019-06-15T00:50:13.026" />
  <attribute name="elasticGC enabled" value="1" />
  <attribute name= "numThreadsSpecified" value="4" />
  <attribute name="heapSize specified" value="0" />
  <attribute name="Current GC Util" value="50" />
  <attribute name= "Current Time Running" value="18970" />
  <attribute name ="GC Interval" value="0" />
  <attribute name="ProportionalT" value="15.000000" />
  <attribute name="ProportionalI" value="15.000000" />
  <attribute name="ProportionalH" value="15.000000" />
  <attribute name="Current Error" value="30.000000" />
  <attribute name="IntegralT" value="30.000000" />
  <attribute name="IntegralI" value="30.000000" />
  <attribute name="IntegralH" value="30.000000" />
  <attribute name="DerivativeT" value="15.000000" />
  <attribute name="DerivativeI" value="15.000000" />
  <attribute name="DerivativeH" value="15.000000" />
  <attribute name="Loop Time for DT" value="1.000000" />
  <attribute name="Output H" value="8388608"/>
  <attribute name="Output I" value="200"/>
  <attribute name="Output T" value="4"/>
  <attribute name="Target GC Util Change" value ="20.000000" />
  <attribute name="Current GC Util Change" value="50.000000"/>
  <attribute name="GC Util currently" value="50" />
  <attribute name="CPU Util currently" value="9212317184655" />
<exclusive-end id="2341" timestamp="2019-06-15T00:50:13.026" durationms="5.561" />

<exclusive-start id="2342" timestamp="2019-06-15T00:50:13.048" intervalms="27.334">
  <response-info timems="0.087" idlems="0.087" threads="0" lastid="0000000001CEB700" lastname="main" />
</exclusive-start>
<allocation-taxation id="2343" taxation-threshold="13631488" timestamp="2019-06-15T00:50:13.048" intervalms="27.300" />
<gc-start id="2344" type="global mark phase" contextid="2200" timestamp="2019-06-15T00:50:13.048">
  <mem-info id="2345" free="34603008" total="80740352" percent="42">
    <remembered-set count="89152" freebytes="2866304" totalbytes="3222912" percent="88" regionsoverflowed="0" regionsstable="0" regionsrebuilding="14"/>
  </mem-info>
</gc-start>
<gc-end id="2346" type="global mark phase" contextid="2200" durationms="0.136" usertimems="0.000" systemtimems="0.000" timestamp="2019-06-15T00:50:13.048" activeThreads="4">
  <mem-info id="2347" free="34603008" total="80740352" percent="42">
    <remembered-set count="89152" freebytes="2866304" totalbytes="3222912" percent="88" regionsoverflowed="0" regionsstable="0" regionsrebuilding="14"/>
  </mem-info>
</gc-end>
<concurrent-start id="2348" type="GMP work packet processing" contextid="2200" timestamp="2019-06-15T00:50:13.048">
  <concurrent-mark-start scanTarget="1594025" />
</concurrent-start>
<exclusive-end id="2349" timestamp="2019-06-15T00:50:13.049" durationms="1.503" />

<concurrent-end id="2350" type="GMP work packet processing" contextid="2200" timestamp="2019-06-15T00:50:13.049">
  <concurrent-mark-end bytesScanned="1632660" reasonForTermination="Work target met" />
</concurrent-end>

<exclusive-start id="2351" timestamp="2019-06-15T00:50:13.063" intervalms="15.101">
  <response-info timems="0.061" idlems="0.061" threads="0" lastid="0000000001CEB700" lastname="main" />
</exclusive-start>
<allocation-taxation id="2352" taxation-threshold="13631488" timestamp="2019-06-15T00:50:13.063" intervalms="15.081" />
<cycle-start id="2353" type="partial gc" contextid="0" timestamp="2019-06-15T00:50:13.063" intervalms="42.377" />
<gc-start id="2354" type="partial gc" contextid="2353" timestamp="2019-06-15T00:50:13.064">
  <mem-info id="2355" free="20971520" total="80740352" percent="25">
    <mem type="eden" free="1047288" total="28311552" percent="3" />
    <remembered-set count="97504" freebytes="2832896" totalbytes="3222912" percent="87" regionsoverflowed="0" regionsstable="0" regionsrebuilding="14"/>
  </mem-info>
</gc-start>
<allocation-stats totalBytes="27238424" >
  <allocated-bytes non-tlh="0" tlh="27238424" arrayletleaf="0"/>
  <largest-consumer threadName="main" threadId="0000000001CEB700" bytes="13621584" />
</allocation-stats>
<gc-op id="2356" type="copy forward" timems="1.679" contextid="2353" timestamp="2019-06-15T00:50:13.066">
  <memory-copied type="eden" objects="30" bytes="1728" bytesdiscarded="0" />
  <memory-copied type="other" objects="21" bytes="608" bytesdiscarded="0" />
  <memory-cardclean objects="91" bytes="11848" />
  <regions eden="26" other="2" />
  <remembered-set-cleared processed="95066" cleared="78" durationms="0.709" />
  <references type="weak" candidates="14" cleared="0" enqueued="0" />
  <stringconstants candidates="13692" cleared="0"  />
</gc-op>
<gc-op id="2357" type="classunload" timems="0.004" contextid="2353" timestamp="2019-06-15T00:50:13.066">
  <classunload-info classloadercandidates="53" classloadersunloaded="0" classesunloaded="0" anonymousclassesunloaded="0" quiescems="0.000" setupms="0.004" scanms="0.000" postms="0.000" />
</gc-op>
<gc-end id="2358" type="partial gc" contextid="2353" durationms="2.744" usertimems="4.000" systemtimems="0.000" timestamp="2019-06-15T00:50:13.066" activeThreads="1">
  <mem-info id="2359" free="48234496" total="80740352" percent="59">
    <mem type="eden" free="1046848" total="1048576" percent="99" />
    <remembered-set count="97600" freebytes="2832512" totalbytes="3222912" percent="87" regionsoverflowed="0" regionsstable="0" regionsrebuilding="14"/>
  </mem-info>
</gc-end>
<cycle-end id="2360" type="partial gc" contextid="2353" timestamp="2019-06-15T00:50:13.066" />
  <attribute name="elasticGC enabled" value="1" />
  <attribute name= "numThreadsSpecified" value="1" />
  <attribute name="heapSize specified" value="0" />
  <attribute name="Current GC Util" value="62" />
  <attribute name= "Current Time Running" value="19012" />
  <attribute name ="GC Interval" value="0" />
  <attribute name="ProportionalT" value="21.000000" />
  <attribute name="ProportionalI" value="21.000000" />
  <attribute name="ProportionalH" value="21.000000" />
  <attribute name="Current Error" value="42.000000" />
  <attribute name="IntegralT" value="0.000000" />
  <attribute name="IntegralI" value="0.000000" />
  <attribute name="IntegralH" value="0.000000" />
  <attribute name="DerivativeT" value="inf" />
  <attribute name="DerivativeI" value="inf" />
  <attribute name="DerivativeH" value="inf" />
  <attribute name="Loop Time for DT" value="0.000000" />
  <attribute name="Output H" value="8388608"/>
  <attribute name="Output I" value="200"/>
  <attribute name="Output T" value="1"/>
  <attribute name="Target GC Util Change" value ="20.000000" />
  <attribute name="Current GC Util Change" value="62.000000"/>
  <attribute name="GC Util currently" value="62" />
  <attribute name="CPU Util currently" value="20433084987147" />
<exclusive-end id="2361" timestamp="2019-06-15T00:50:13.067" durationms="3.583" />

<exclusive-start id="2362" timestamp="2019-06-15T00:50:13.078" intervalms="15.086">
  <response-info timems="0.070" idlems="0.070" threads="0" lastid="0000000001CEB700" lastname="main" />
</exclusive-start>
<allocation-taxation id="2363" taxation-threshold="13631488" timestamp="2019-06-15T00:50:13.078" intervalms="15.085" />
<gc-start id="2364" type="global mark phase" contextid="2200" timestamp="2019-06-15T00:50:13.078">
  <mem-info id="2365" free="34603008" total="80740352" percent="42">
    <remembered-set count="97280" freebytes="2833792" totalbytes="3222912" percent="87" regionsoverflowed="0" regionsstable="0" regionsrebuilding="14"/>
  </mem-info>
</gc-start>
<gc-end id="2366" type="global mark phase" contextid="2200" durationms="0.093" usertimems="0.000" systemtimems="0.000" timestamp="2019-06-15T00:50:13.078" activeThreads="1">
  <mem-info id="2367" free="34603008" total="80740352" percent="42">
    <remembered-set count="97280" freebytes="2833792" totalbytes="3222912" percent="87" regionsoverflowed="0" regionsstable="0" regionsrebuilding="14"/>
  </mem-info>
</gc-end>
<concurrent-start id="2368" type="GMP work packet processing" contextid="2200" timestamp="2019-06-15T00:50:13.079">
  <concurrent-mark-start scanTarget="1048576" />
</concurrent-start>
<concurrent-end id="2369" type="GMP work packet processing" contextid="2200" timestamp="2019-06-15T00:50:13.079">
  <concurrent-mark-end bytesScanned="1082936" reasonForTermination="Work target met" />
</concurrent-end>

<exclusive-end id="2370" timestamp="2019-06-15T00:50:13.079" durationms="1.329" />

<exclusive-start id="2371" timestamp="2019-06-15T00:50:13.091" intervalms="12.885">
  <response-info timems="0.071" idlems="0.071" threads="0" lastid="0000000001CEB700" lastname="main" />
</exclusive-start>
<allocation-taxation id="2372" taxation-threshold="13631488" timestamp="2019-06-15T00:50:13.091" intervalms="12.880" />
<cycle-start id="2373" type="partial gc" contextid="0" timestamp="2019-06-15T00:50:13.091" intervalms="27.960" />
<gc-start id="2374" type="partial gc" contextid="2373" timestamp="2019-06-15T00:50:13.091">
  <mem-info id="2375" free="20971520" total="80740352" percent="25">
    <mem type="eden" free="0" total="27262976" percent="0" />
    <remembered-set count="103648" freebytes="2808320" totalbytes="3222912" percent="87" regionsoverflowed="0" regionsstable="0" regionsrebuilding="14"/>
  </mem-info>
</gc-start>
<allocation-stats totalBytes="27242248" >
  <allocated-bytes non-tlh="0" tlh="27242248" arrayletleaf="0"/>
  <largest-consumer threadName="main" threadId="0000000001CEB700" bytes="13621584" />
</allocation-stats>
<gc-op id="2376" type="copy forward" timems="1.678" contextid="2373" timestamp="2019-06-15T00:50:13.094">
  <memory-copied type="eden" objects="4" bytes="288" bytesdiscarded="0" />
  <memory-copied type="other" objects="65" bytes="2272" bytesdiscarded="0" />
  <memory-cardclean objects="75" bytes="11232" />
  <regions eden="26" other="2" />
  <remembered-set-cleared processed="100949" cleared="87" durationms="0.737" />
  <references type="weak" candidates="6" cleared="0" enqueued="0" />
  <stringconstants candidates="13692" cleared="0"  />
</gc-op>
<gc-op id="2377" type="classunload" timems="0.004" contextid="2373" timestamp="2019-06-15T00:50:13.094">
  <classunload-info classloadercandidates="53" classloadersunloaded="0" classesunloaded="0" anonymousclassesunloaded="0" quiescems="0.000" setupms="0.004" scanms="0.000" postms="0.000" />
</gc-op>
<heap-resize id="2378" type="expand" space="default" amount="3145728" count="1" timems="0.055" reason="excessive time being spent in gc" timestamp="2019-06-15T00:50:13.094" />
<gc-end id="2379" type="partial gc" contextid="2373" durationms="2.958" usertimems="4.000" systemtimems="0.000" timestamp="2019-06-15T00:50:13.094" activeThreads="1">
  <mem-info id="2380" free="50331648" total="83886080" percent="60">
    <mem type="eden" free="1048288" total="1048576" percent="99" />
    <remembered-set count="103936" freebytes="2932736" totalbytes="3348480" percent="87" regionsoverflowed="0" regionsstable="0" regionsrebuilding="14"/>
  </mem-info>
</gc-end>
<cycle-end id="2381" type="partial gc" contextid="2373" timestamp="2019-06-15T00:50:13.095" />
  <attribute name="elasticGC enabled" value="1" />
  <attribute name= "numThreadsSpecified" value="1" />
  <attribute name="heapSize specified" value="0" />
  <attribute name="Current GC Util" value="75" />
  <attribute name= "Current Time Running" value="19040" />
  <attribute name ="GC Interval" value="0" />
  <attribute name="ProportionalT" value="27.500000" />
  <attribute name="ProportionalI" value="27.500000" />
  <attribute name="ProportionalH" value="27.500000" />
  <attribute name="Current Error" value="55.000000" />
  <attribute name="IntegralT" value="0.000000" />
  <attribute name="IntegralI" value="0.000000" />
  <attribute name="IntegralH" value="0.000000" />
  <attribute name="DerivativeT" value="inf" />
  <attribute name="DerivativeI" value="inf" />
  <attribute name="DerivativeH" value="inf" />
  <attribute name="Loop Time for DT" value="0.000000" />
  <attribute name="Output H" value="8388608"/>
  <attribute name="Output I" value="200"/>
  <attribute name="Output T" value="1"/>
  <attribute name="Target GC Util Change" value ="20.000000" />
  <attribute name="Current GC Util Change" value="75.000000"/>
  <attribute name="GC Util currently" value="75" />
  <attribute name="CPU Util currently" value="19253464073639" />
<exclusive-end id="2382" timestamp="2019-06-15T00:50:13.095" durationms="3.798" />

<exclusive-start id="2383" timestamp="2019-06-15T00:50:13.106" intervalms="15.303">
  <response-info timems="0.069" idlems="0.069" threads="0" lastid="0000000001CEB700" lastname="main" />
</exclusive-start>
<allocation-taxation id="2384" taxation-threshold="13631488" timestamp="2019-06-15T00:50:13.106" intervalms="15.306" />
<gc-start id="2385" type="global mark phase" contextid="2200" timestamp="2019-06-15T00:50:13.107">
  <mem-info id="2386" free="36700160" total="83886080" percent="43">
    <remembered-set count="103712" freebytes="2933632" totalbytes="3348480" percent="87" regionsoverflowed="0" regionsstable="0" regionsrebuilding="14"/>
  </mem-info>
</gc-start>
<gc-end id="2387" type="global mark phase" contextid="2200" durationms="0.131" usertimems="0.000" systemtimems="0.000" timestamp="2019-06-15T00:50:13.107" activeThreads="1">
  <mem-info id="2388" free="36700160" total="83886080" percent="43">
    <remembered-set count="103712" freebytes="2933632" totalbytes="3348480" percent="87" regionsoverflowed="0" regionsstable="0" regionsrebuilding="14"/>
  </mem-info>
</gc-end>
<concurrent-start id="2389" type="GMP work packet processing" contextid="2200" timestamp="2019-06-15T00:50:13.107">
  <concurrent-mark-start scanTarget="1048576" />
</concurrent-start>
<exclusive-end id="2390" timestamp="2019-06-15T00:50:13.107" durationms="1.035" />

<concurrent-end id="2391" type="GMP work packet processing" contextid="2200" timestamp="2019-06-15T00:50:13.107">
  <concurrent-mark-end bytesScanned="516964" reasonForTermination="Completed all work in GC phase" />
</concurrent-end>

<exclusive-start id="2392" timestamp="2019-06-15T00:50:13.119" intervalms="12.589">
  <response-info timems="0.066" idlems="0.066" threads="0" lastid="0000000001CEB700" lastname="main" />
</exclusive-start>
<allocation-taxation id="2393" taxation-threshold="13631488" timestamp="2019-06-15T00:50:13.119" intervalms="12.595" />
<cycle-start id="2394" type="partial gc" contextid="0" timestamp="2019-06-15T00:50:13.119" intervalms="27.902" />
<gc-start id="2395" type="partial gc" contextid="2394" timestamp="2019-06-15T00:50:13.119">
  <mem-info id="2396" free="23068672" total="83886080" percent="27">
    <mem type="eden" free="1048288" total="28311552" percent="3" />
    <remembered-set count="110176" freebytes="2907776" totalbytes="3348480" percent="86" regionsoverflowed="0" regionsstable="0" regionsrebuilding="14"/>
  </mem-info>
</gc-start>
<allocation-stats totalBytes="27243168" >
  <allocated-bytes non-tlh="0" tlh="27243168" arrayletleaf="0"/>
  <largest-consumer threadName="main" threadId="0000000001CEB700" bytes="13621584" />
</allocation-stats>
<gc-op id="2397" type="copy forward" timems="1.601" contextid="2394" timestamp="2019-06-15T00:50:13.122">
  <memory-copied type="eden" objects="4" bytes="288" bytesdiscarded="0" />
  <memory-copied type="other" objects="7" bytes="160" bytesdiscarded="0" />
  <memory-cardclean objects="30" bytes="1256" />
  <regions eden="26" other="2" />
  <remembered-set-cleared processed="107428" cleared="29" durationms="0.744" />
  <stringconstants candidates="13692" cleared="0"  />
</gc-op>
<gc-op id="2398" type="classunload" timems="0.004" contextid="2394" timestamp="2019-06-15T00:50:13.122">
  <classunload-info classloadercandidates="53" classloadersunloaded="0" classesunloaded="0" anonymousclassesunloaded="0" quiescems="0.000" setupms="0.004" scanms="0.000" postms="0.000" />
</gc-op>
<gc-end id="2399" type="partial gc" contextid="2394" durationms="2.642" usertimems="4.000" systemtimems="0.000" timestamp="2019-06-15T00:50:13.122" activeThreads="1">
  <mem-info id="2400" free="50331648" total="83886080" percent="60">
    <mem type="eden" free="1048288" total="1048576" percent="99" />
    <remembered-set count="110560" freebytes="2906240" totalbytes="3348480" percent="86" regionsoverflowed="0" regionsstable="0" regionsrebuilding="14"/>
  </mem-info>
</gc-end>
<cycle-end id="2401" type="partial gc" contextid="2394" timestamp="2019-06-15T00:50:13.122" />
  <attribute name="elasticGC enabled" value="1" />
  <attribute name= "numThreadsSpecified" value="1" />
  <attribute name="heapSize specified" value="0" />
  <attribute name="Current GC Util" value="77" />
  <attribute name= "Current Time Running" value="19068" />
  <attribute name ="GC Interval" value="0" />
  <attribute name="ProportionalT" value="28.500000" />
  <attribute name="ProportionalI" value="28.500000" />
  <attribute name="ProportionalH" value="28.500000" />
  <attribute name="Current Error" value="57.000000" />
  <attribute name="IntegralT" value="0.000000" />
  <attribute name="IntegralI" value="0.000000" />
  <attribute name="IntegralH" value="0.000000" />
  <attribute name="DerivativeT" value="inf" />
  <attribute name="DerivativeI" value="inf" />
  <attribute name="DerivativeH" value="inf" />
  <attribute name="Loop Time for DT" value="0.000000" />
  <attribute name="Output H" value="8388608"/>
  <attribute name="Output I" value="200"/>
  <attribute name="Output T" value="1"/>
  <attribute name="Target GC Util Change" value ="20.000000" />
  <attribute name="Current GC Util Change" value="77.000000"/>
  <attribute name="GC Util currently" value="77" />
  <attribute name="CPU Util currently" value="19448579137081" />
<exclusive-end id="2402" timestamp="2019-06-15T00:50:13.122" durationms="3.520" />

<exclusive-start id="2403" timestamp="2019-06-15T00:50:13.238" intervalms="119.260">
  <response-info timems="0.074" idlems="0.074" threads="0" lastid="0000000001CEB700" lastname="main" />
</exclusive-start>
<allocation-taxation id="2404" taxation-threshold="13631488" timestamp="2019-06-15T00:50:13.238" intervalms="119.306" />
<gc-start id="2405" type="global mark phase" contextid="2200" timestamp="2019-06-15T00:50:13.238">
  <mem-info id="2406" free="36700160" total="83886080" percent="43">
    <remembered-set count="110112" freebytes="2908032" totalbytes="3348480" percent="86" regionsoverflowed="0" regionsstable="0" regionsrebuilding="14"/>
  </mem-info>
</gc-start>
<gc-op id="2407" type="mark increment" timems="2.763" contextid="2200" timestamp="2019-06-15T00:50:13.241">
  <trace-info objectcount="1406" scancount="926" scanbytes="371180" />
  <cardclean-info objects="102328" bytes="2840160" />
  <finalization candidates="80" enqueued="0" />
  <ownableSynchronizers candidates="21" cleared="0" />
  <references type="soft" candidates="3277" cleared="0" enqueued="0" dynamicThreshold="19" maxThreshold="32" />
  <references type="weak" candidates="5665" cleared="10" enqueued="7" />
  <references type="phantom" candidates="101" cleared="0" enqueued="0" />
  <stringconstants candidates="13734" cleared="102"  />
</gc-op>
<gc-op id="2408" type="classunload" timems="0.008" contextid="2200" timestamp="2019-06-15T00:50:13.241">
  <classunload-info classloadercandidates="53" classloadersunloaded="0" classesunloaded="0" anonymousclassesunloaded="0" quiescems="0.000" setupms="0.008" scanms="0.000" postms="0.000" />
</gc-op>
<gc-end id="2409" type="global mark phase" contextid="2200" durationms="3.167" usertimems="8.000" systemtimems="0.000" timestamp="2019-06-15T00:50:13.242" activeThreads="4">
  <mem-info id="2410" free="36700160" total="83886080" percent="43">
    <pending-finalizers system="0" default="0" reference="7" classloader="0" />
    <remembered-set count="119840" freebytes="2869120" totalbytes="3348480" percent="85" regionsoverflowed="0" regionsstable="0" regionsrebuilding="0"/>
  </mem-info>
</gc-end>
<cycle-end id="2411" type="global mark phase" contextid="2200" timestamp="2019-06-15T00:50:13.242" />
  <attribute name="elasticGC enabled" value="1" />
  <attribute name= "numThreadsSpecified" value="4" />
  <attribute name="heapSize specified" value="0" />
  <attribute name="Current GC Util" value="115" />
  <attribute name= "Current Time Running" value="19188" />
  <attribute name ="GC Interval" value="0" />
  <attribute name="ProportionalT" value="47.500000" />
  <attribute name="ProportionalI" value="47.500000" />
  <attribute name="ProportionalH" value="47.500000" />
  <attribute name="Current Error" value="95.000000" />
  <attribute name="IntegralT" value="0.000000" />
  <attribute name="IntegralI" value="0.000000" />
  <attribute name="IntegralH" value="0.000000" />
  <attribute name="DerivativeT" value="-inf" />
  <attribute name="DerivativeI" value="-inf" />
  <attribute name="DerivativeH" value="-inf" />
  <attribute name="Loop Time for DT" value="0.000000" />
  <attribute name="Output H" value="2091843584"/>
  <attribute name="Output I" value="200"/>
  <attribute name="Output T" value="4"/>
  <attribute name="Target GC Util Change" value ="20.000000" />
  <attribute name="Current GC Util Change" value="115.000000"/>
  <attribute name="GC Util currently" value="115" />
  <attribute name="CPU Util currently" value="13714194747607" />
<exclusive-end id="2412" timestamp="2019-06-15T00:50:13.242" durationms="3.784" />

<exclusive-start id="2413" timestamp="2019-06-15T00:50:13.272" intervalms="33.507">
  <response-info timems="0.076" idlems="0.076" threads="0" lastid="0000000001CEB700" lastname="main" />
</exclusive-start>
<allocation-taxation id="2414" taxation-threshold="13631488" timestamp="2019-06-15T00:50:13.272" intervalms="33.491" />
<cycle-start id="2415" type="partial gc" contextid="0" timestamp="2019-06-15T00:50:13.272" intervalms="152.766" />
<gc-start id="2416" type="partial gc" contextid="2415" timestamp="2019-06-15T00:50:13.272">
  <mem-info id="2417" free="23068672" total="83886080" percent="27">
    <mem type="eden" free="1048288" total="28311552" percent="3" />
    <remembered-set count="79680" freebytes="3029760" totalbytes="3348480" percent="90" regionsoverflowed="0" regionsstable="12" regionsrebuilding="0"/>
  </mem-info>
</gc-start>
<allocation-stats totalBytes="27218472" >
  <allocated-bytes non-tlh="25864" tlh="27192608" arrayletleaf="0"/>
  <largest-consumer threadName="main" threadId="0000000001CEB700" bytes="13607448" />
</allocation-stats>
<gc-op id="2418" type="sweep" timems="0.627" contextid="2415" timestamp="2019-06-15T00:50:13.273" />
<gc-op id="2419" type="copy forward" timems="1.579" contextid="2415" timestamp="2019-06-15T00:50:13.275">
  <memory-copied type="eden" objects="4" bytes="2096" bytesdiscarded="212" />
  <memory-copied type="other" objects="1379" bytes="102008" bytesdiscarded="9500" />
  <memory-cardclean objects="603" bytes="41256" />
  <regions eden="13" other="3" />
  <remembered-set-cleared processed="77911" cleared="231" durationms="0.396" />
  <references type="soft" candidates="16" cleared="0" enqueued="0" dynamicThreshold="14" maxThreshold="32" />
  <references type="weak" candidates="52" cleared="0" enqueued="0" />
  <stringconstants candidates="13632" cleared="0"  />
</gc-op>
<gc-op id="2420" type="classunload" timems="0.005" contextid="2415" timestamp="2019-06-15T00:50:13.275">
  <classunload-info classloadercandidates="53" classloadersunloaded="0" classesunloaded="0" anonymousclassesunloaded="0" quiescems="0.000" setupms="0.005" scanms="0.000" postms="0.000" />
</gc-op>
<heap-resize id="2421" type="contract" space="default" amount="4194304" count="1" timems="0.073" reason="insufficient time being spent in gc" timestamp="2019-06-15T00:50:13.276" />
<gc-end id="2422" type="partial gc" contextid="2415" durationms="3.523" usertimems="4.000" systemtimems="4.000" timestamp="2019-06-15T00:50:13.276" activeThreads="4">
  <mem-info id="2423" free="46137344" total="79691776" percent="57">
    <mem type="eden" free="934912" total="1048576" percent="89" />
    <remembered-set count="79968" freebytes="3028608" totalbytes="3348480" percent="90" regionsoverflowed="0" regionsstable="12" regionsrebuilding="0"/>
  </mem-info>
</gc-end>
<cycle-end id="2424" type="partial gc" contextid="2415" timestamp="2019-06-15T00:50:13.276" />
  <attribute name="elasticGC enabled" value="1" />
  <attribute name= "numThreadsSpecified" value="4" />
  <attribute name="heapSize specified" value="0" />
  <attribute name="Current GC Util" value="61" />
  <attribute name= "Current Time Running" value="19221" />
  <attribute name ="GC Interval" value="0" />
  <attribute name="ProportionalT" value="20.500000" />
  <attribute name="ProportionalI" value="20.500000" />
  <attribute name="ProportionalH" value="20.500000" />
  <attribute name="Current Error" value="41.000000" />
  <attribute name="IntegralT" value="0.000000" />
  <attribute name="IntegralI" value="0.000000" />
  <attribute name="IntegralH" value="0.000000" />
  <attribute name="DerivativeT" value="-inf" />
  <attribute name="DerivativeI" value="-inf" />
  <attribute name="DerivativeH" value="-inf" />
  <attribute name="Loop Time for DT" value="0.000000" />
  <attribute name="Output H" value="2091843584"/>
  <attribute name="Output I" value="200"/>
  <attribute name="Output T" value="4"/>
  <attribute name="Target GC Util Change" value ="20.000000" />
  <attribute name="Current GC Util Change" value="61.000000"/>
  <attribute name="GC Util currently" value="61" />
  <attribute name="CPU Util currently" value="26061790665663" />
<exclusive-end id="2425" timestamp="2019-06-15T00:50:13.276" durationms="4.377" />

<exclusive-start id="2426" timestamp="2019-06-15T00:50:13.323" intervalms="51.126">
  <response-info timems="0.036" idlems="0.036" threads="0" lastid="0000000001CEB700" lastname="main" />
</exclusive-start>
<allocation-taxation id="2427" taxation-threshold="26214400" timestamp="2019-06-15T00:50:13.323" intervalms="51.158" />
<cycle-start id="2428" type="partial gc" contextid="0" timestamp="2019-06-15T00:50:13.323" intervalms="51.210" />
<gc-start id="2429" type="partial gc" contextid="2428" timestamp="2019-06-15T00:50:13.323">
  <mem-info id="2430" free="19922944" total="79691776" percent="25">
    <mem type="eden" free="0" total="26214400" percent="0" />
    <remembered-set count="77280" freebytes="3039360" totalbytes="3348480" percent="90" regionsoverflowed="0" regionsstable="13" regionsrebuilding="0"/>
  </mem-info>
</gc-start>
<allocation-stats totalBytes="26171328" >
  <allocated-bytes non-tlh="0" tlh="26171328" arrayletleaf="0"/>
  <largest-consumer threadName="main" threadId="0000000001CEB700" bytes="26171328" />
</allocation-stats>
<gc-op id="2431" type="copy forward" timems="5.254" contextid="2428" timestamp="2019-06-15T00:50:13.330">
  <memory-copied type="eden" objects="1" bytes="32" bytesdiscarded="0" />
  <memory-copied type="other" objects="1393" bytes="102328" bytesdiscarded="0" />
  <memory-cardclean objects="69740" bytes="2361424" />
  <regions eden="25" other="4" />
  <remembered-set-cleared processed="69536" cleared="8763" durationms="0.667" />
  <references type="soft" candidates="16" cleared="0" enqueued="0" dynamicThreshold="18" maxThreshold="32" />
  <references type="weak" candidates="52" cleared="0" enqueued="0" />
  <stringconstants candidates="13632" cleared="0"  />
</gc-op>
<gc-op id="2432" type="classunload" timems="0.006" contextid="2428" timestamp="2019-06-15T00:50:13.330">
  <classunload-info classloadercandidates="53" classloadersunloaded="0" classesunloaded="0" anonymousclassesunloaded="0" quiescems="0.000" setupms="0.005" scanms="0.000" postms="0.000" />
</gc-op>
<gc-end id="2433" type="partial gc" contextid="2428" durationms="6.594" usertimems="12.000" systemtimems="0.000" timestamp="2019-06-15T00:50:13.330" activeThreads="1">
  <mem-info id="2434" free="46137344" total="79691776" percent="57">
    <mem type="eden" free="1048544" total="1048576" percent="99" />
    <remembered-set count="68800" freebytes="2905856" totalbytes="3181056" percent="91" regionsoverflowed="0" regionsstable="13" regionsrebuilding="0"/>
  </mem-info>
</gc-end>
<cycle-end id="2435" type="partial gc" contextid="2428" timestamp="2019-06-15T00:50:13.330" />
  <attribute name="elasticGC enabled" value="1" />
  <attribute name= "numThreadsSpecified" value="1" />
  <attribute name="heapSize specified" value="0" />
  <attribute name="Current GC Util" value="46" />
  <attribute name= "Current Time Running" value="19272" />
  <attribute name ="GC Interval" value="0" />
  <attribute name="ProportionalT" value="13.000000" />
  <attribute name="ProportionalI" value="13.000000" />
  <attribute name="ProportionalH" value="13.000000" />
  <attribute name="Current Error" value="26.000000" />
  <attribute name="IntegralT" value="0.000000" />
  <attribute name="IntegralI" value="0.000000" />
  <attribute name="IntegralH" value="0.000000" />
  <attribute name="DerivativeT" value="inf" />
  <attribute name="DerivativeI" value="inf" />
  <attribute name="DerivativeH" value="inf" />
  <attribute name="Loop Time for DT" value="0.000000" />
  <attribute name="Output H" value="8388608"/>
  <attribute name="Output I" value="200"/>
  <attribute name="Output T" value="1"/>
  <attribute name="Target GC Util Change" value ="20.000000" />
  <attribute name="Current GC Util Change" value="46.000000"/>
  <attribute name="GC Util currently" value="46" />
  <attribute name="CPU Util currently" value="9544585441956" />
<exclusive-end id="2436" timestamp="2019-06-15T00:50:13.330" durationms="7.630" />

<exclusive-start id="2437" timestamp="2019-06-15T00:50:13.470" intervalms="147.652">
  <response-info timems="0.037" idlems="0.037" threads="0" lastid="0000000001CEB700" lastname="main" />
</exclusive-start>
<allocation-taxation id="2438" taxation-threshold="26214400" timestamp="2019-06-15T00:50:13.471" intervalms="147.703" />
<cycle-start id="2439" type="partial gc" contextid="0" timestamp="2019-06-15T00:50:13.471" intervalms="147.701" />
<gc-start id="2440" type="partial gc" contextid="2439" timestamp="2019-06-15T00:50:13.471">
  <mem-info id="2441" free="19922944" total="79691776" percent="25">
    <mem type="eden" free="1048544" total="27262976" percent="3" />
    <remembered-set count="68512" freebytes="2907008" totalbytes="3181056" percent="91" regionsoverflowed="0" regionsstable="13" regionsrebuilding="0"/>
  </mem-info>
</gc-start>
<allocation-stats totalBytes="26180352" >
  <allocated-bytes non-tlh="0" tlh="26180352" arrayletleaf="0"/>
  <largest-consumer threadName="main" threadId="0000000001CEB700" bytes="26180352" />
</allocation-stats>
<gc-op id="2442" type="copy forward" timems="2.350" contextid="2439" timestamp="2019-06-15T00:50:13.474">
  <memory-copied type="eden" objects="45" bytes="1384" bytesdiscarded="0" />
  <memory-copied type="other" objects="34645" bytes="876976" bytesdiscarded="45088" />
  <memory-cardclean objects="8280" bytes="482960" />
  <regions eden="25" other="7" />
  <remembered-set-cleared processed="67234" cleared="2477" durationms="0.337" />
  <references type="weak" candidates="30" cleared="0" enqueued="0" />
  <stringconstants candidates="13632" cleared="0"  />
</gc-op>
<gc-op id="2443" type="classunload" timems="0.006" contextid="2439" timestamp="2019-06-15T00:50:13.474">
  <classunload-info classloadercandidates="53" classloadersunloaded="0" classesunloaded="0" anonymousclassesunloaded="0" quiescems="0.000" setupms="0.005" scanms="0.000" postms="0.000" />
</gc-op>
<heap-resize id="2444" type="contract" space="default" amount="4194304" count="1" timems="0.134" reason="excess free space following gc" timestamp="2019-06-15T00:50:13.475" />
<gc-end id="2445" type="partial gc" contextid="2439" durationms="3.677" usertimems="8.000" systemtimems="0.000" timestamp="2019-06-15T00:50:13.475" activeThreads="4">
  <mem-info id="2446" free="47185920" total="75497472" percent="62">
    <mem type="eden" free="1047192" total="1048576" percent="99" />
    <remembered-set count="68768" freebytes="2905984" totalbytes="3181056" percent="91" regionsoverflowed="0" regionsstable="13" regionsrebuilding="0"/>
  </mem-info>
</gc-end>
<cycle-end id="2447" type="partial gc" contextid="2439" timestamp="2019-06-15T00:50:13.475" />
  <attribute name="elasticGC enabled" value="1" />
  <attribute name= "numThreadsSpecified" value="4" />
  <attribute name="heapSize specified" value="0" />
  <attribute name="Current GC Util" value="97" />
  <attribute name= "Current Time Running" value="19420" />
  <attribute name ="GC Interval" value="0" />
  <attribute name="ProportionalT" value="38.500000" />
  <attribute name="ProportionalI" value="38.500000" />
  <attribute name="ProportionalH" value="38.500000" />
  <attribute name="Current Error" value="77.000000" />
  <attribute name="IntegralT" value="77.000000" />
  <attribute name="IntegralI" value="77.000000" />
  <attribute name="IntegralH" value="77.000000" />
  <attribute name="DerivativeT" value="38.500000" />
  <attribute name="DerivativeI" value="38.500000" />
  <attribute name="DerivativeH" value="38.500000" />
  <attribute name="Loop Time for DT" value="1.000000" />
  <attribute name="Output H" value="8388608"/>
  <attribute name="Output I" value="200"/>
  <attribute name="Output T" value="4"/>
  <attribute name="Target GC Util Change" value ="20.000000" />
  <attribute name="Current GC Util Change" value="97.000000"/>
  <attribute name="GC Util currently" value="97" />
  <attribute name="CPU Util currently" value="17912520902905" />
<exclusive-end id="2448" timestamp="2019-06-15T00:50:13.475" durationms="4.976" />

<exclusive-start id="2449" timestamp="2019-06-15T00:50:13.690" intervalms="220.068">
  <response-info timems="0.101" idlems="0.101" threads="0" lastid="0000000001CEB700" lastname="main" />
</exclusive-start>
<allocation-taxation id="2450" taxation-threshold="25165824" timestamp="2019-06-15T00:50:13.691" intervalms="220.030" />
<cycle-start id="2451" type="partial gc" contextid="0" timestamp="2019-06-15T00:50:13.691" intervalms="220.045" />
<gc-start id="2452" type="partial gc" contextid="2451" timestamp="2019-06-15T00:50:13.691">
  <mem-info id="2453" free="22020096" total="75497472" percent="29">
    <mem type="eden" free="0" total="25165824" percent="0" />
    <remembered-set count="68320" freebytes="2907776" totalbytes="3181056" percent="91" regionsoverflowed="0" regionsstable="13" regionsrebuilding="0"/>
  </mem-info>
</gc-start>
<allocation-stats totalBytes="25162336" >
  <allocated-bytes non-tlh="0" tlh="25162336" arrayletleaf="0"/>
  <largest-consumer threadName="main" threadId="0000000001CEB700" bytes="25162336" />
</allocation-stats>
<gc-op id="2454" type="copy forward" timems="2.434" contextid="2451" timestamp="2019-06-15T00:50:13.695">
  <memory-copied type="eden" objects="43" bytes="1456" bytesdiscarded="584" />
  <memory-copied type="other" objects="40469" bytes="898304" bytesdiscarded="46328" />
  <memory-cardclean objects="2328" bytes="207760" />
  <regions eden="24" other="4" />
  <remembered-set-cleared processed="66858" cleared="2602" durationms="0.345" />
  <references type="weak" candidates="50" cleared="0" enqueued="0" />
  <stringconstants candidates="13632" cleared="0"  />
</gc-op>
<gc-op id="2455" type="classunload" timems="0.004" contextid="2451" timestamp="2019-06-15T00:50:13.695">
  <classunload-info classloadercandidates="53" classloadersunloaded="0" classesunloaded="0" anonymousclassesunloaded="0" quiescems="0.000" setupms="0.004" scanms="0.000" postms="0.000" />
</gc-op>
<heap-resize id="2456" type="contract" space="default" amount="4194304" count="1" timems="0.106" reason="insufficient time being spent in gc" timestamp="2019-06-15T00:50:13.695" />
<gc-end id="2457" type="partial gc" contextid="2451" durationms="3.889" usertimems="8.000" systemtimems="4.000" timestamp="2019-06-15T00:50:13.695" activeThreads="4">
  <mem-info id="2458" free="42991616" total="71303168" percent="60">
    <mem type="eden" free="1046536" total="1048576" percent="99" />
    <remembered-set count="68256" freebytes="2740608" totalbytes="3013632" percent="90" regionsoverflowed="0" regionsstable="13" regionsrebuilding="0"/>
  </mem-info>
</gc-end>
<cycle-end id="2459" type="partial gc" contextid="2451" timestamp="2019-06-15T00:50:13.695" />
  <attribute name="elasticGC enabled" value="1" />
  <attribute name= "numThreadsSpecified" value="4" />
  <attribute name="heapSize specified" value="0" />
  <attribute name="Current GC Util" value="44" />
  <attribute name= "Current Time Running" value="19640" />
  <attribute name ="GC Interval" value="0" />
  <attribute name="ProportionalT" value="12.000000" />
  <attribute name="ProportionalI" value="12.000000" />
  <attribute name="ProportionalH" value="12.000000" />
  <attribute name="Current Error" value="24.000000" />
  <attribute name="IntegralT" value="24.000000" />
  <attribute name="IntegralI" value="24.000000" />
  <attribute name="IntegralH" value="24.000000" />
  <attribute name="DerivativeT" value="12.000000" />
  <attribute name="DerivativeI" value="12.000000" />
  <attribute name="DerivativeH" value="12.000000" />
  <attribute name="Loop Time for DT" value="1.000000" />
  <attribute name="Output H" value="8388608"/>
  <attribute name="Output I" value="200"/>
  <attribute name="Output T" value="4"/>
  <attribute name="Target GC Util Change" value ="20.000000" />
  <attribute name="Current GC Util Change" value="44.000000"/>
  <attribute name="GC Util currently" value="44" />
  <attribute name="CPU Util currently" value="10040508724835" />
<exclusive-end id="2460" timestamp="2019-06-15T00:50:13.696" durationms="5.081" />

<exclusive-start id="2461" timestamp="2019-06-15T00:50:13.761" intervalms="70.643">
  <response-info timems="0.056" idlems="0.056" threads="0" lastid="0000000001CEB700" lastname="main" />
</exclusive-start>
<allocation-taxation id="2462" taxation-threshold="24117248" timestamp="2019-06-15T00:50:13.761" intervalms="70.639" />
<cycle-start id="2463" type="partial gc" contextid="0" timestamp="2019-06-15T00:50:13.761" intervalms="70.628" />
<gc-start id="2464" type="partial gc" contextid="2463" timestamp="2019-06-15T00:50:13.762">
  <mem-info id="2465" free="18874368" total="71303168" percent="26">
    <mem type="eden" free="0" total="24117248" percent="0" />
    <remembered-set count="67040" freebytes="2745472" totalbytes="3013632" percent="91" regionsoverflowed="0" regionsstable="14" regionsrebuilding="0"/>
  </mem-info>
</gc-start>
<allocation-stats totalBytes="24112648" >
  <allocated-bytes non-tlh="0" tlh="24112648" arrayletleaf="0"/>
  <largest-consumer threadName="main" threadId="0000000001CEB700" bytes="24112648" />
</allocation-stats>
<gc-op id="2466" type="copy forward" timems="1.430" contextid="2463" timestamp="2019-06-15T00:50:13.764">
  <memory-copied type="eden" objects="4" bytes="200" bytesdiscarded="0" />
  <memory-copied type="other" objects="76" bytes="2232" bytesdiscarded="0" />
  <memory-cardclean objects="2195" bytes="67192" />
  <regions eden="23" other="2" />
  <remembered-set-cleared processed="65318" cleared="414" durationms="0.546" />
  <references type="weak" candidates="22" cleared="0" enqueued="0" />
  <stringconstants candidates="13632" cleared="0"  />
</gc-op>
<gc-op id="2467" type="classunload" timems="0.004" contextid="2463" timestamp="2019-06-15T00:50:13.764">
  <classunload-info classloadercandidates="53" classloadersunloaded="0" classesunloaded="0" anonymousclassesunloaded="0" quiescems="0.000" setupms="0.004" scanms="0.000" postms="0.000" />
</gc-op>
<heap-resize id="2468" type="contract" space="default" amount="4194304" count="1" timems="0.135" reason="insufficient time being spent in gc" timestamp="2019-06-15T00:50:13.765" />
<gc-end id="2469" type="partial gc" contextid="2463" durationms="3.042" usertimems="0.000" systemtimems="0.000" timestamp="2019-06-15T00:50:13.765" activeThreads="1">
  <mem-info id="2470" free="37748736" total="67108864" percent="56">
    <mem type="eden" free="1048376" total="1048576" percent="99" />
    <remembered-set count="65824" freebytes="2582912" totalbytes="2846208" percent="90" regionsoverflowed="0" regionsstable="14" regionsrebuilding="0"/>
  </mem-info>
</gc-end>
<cycle-end id="2471" type="partial gc" contextid="2463" timestamp="2019-06-15T00:50:13.765" />
  <attribute name="elasticGC enabled" value="1" />
  <attribute name= "numThreadsSpecified" value="1" />
  <attribute name="heapSize specified" value="0" />
  <attribute name="Current GC Util" value="43" />
  <attribute name= "Current Time Running" value="19710" />
  <attribute name ="GC Interval" value="0" />
  <attribute name="ProportionalT" value="11.500000" />
  <attribute name="ProportionalI" value="11.500000" />
  <attribute name="ProportionalH" value="11.500000" />
  <attribute name="Current Error" value="23.000000" />
  <attribute name="IntegralT" value="0.000000" />
  <attribute name="IntegralI" value="0.000000" />
  <attribute name="IntegralH" value="0.000000" />
  <attribute name="DerivativeT" value="inf" />
  <attribute name="DerivativeI" value="inf" />
  <attribute name="DerivativeH" value="inf" />
  <attribute name="Loop Time for DT" value="0.000000" />
  <attribute name="Output H" value="8388608"/>
  <attribute name="Output I" value="200"/>
  <attribute name="Output T" value="1"/>
  <attribute name="Target GC Util Change" value ="20.000000" />
  <attribute name="Current GC Util Change" value="43.000000"/>
  <attribute name="GC Util currently" value="43" />
  <attribute name="CPU Util currently" value="10075827251139" />
<exclusive-end id="2472" timestamp="2019-06-15T00:50:13.765" durationms="4.059" />

<exclusive-start id="2473" timestamp="2019-06-15T00:50:13.790" intervalms="29.103">
  <response-info timems="0.061" idlems="0.061" threads="0" lastid="0000000001CEB700" lastname="main" />
</exclusive-start>
<allocation-taxation id="2474" taxation-threshold="11534336" timestamp="2019-06-15T00:50:13.790" intervalms="29.062" />
<cycle-start id="2475" type="global mark phase" contextid="0" timestamp="2019-06-15T00:50:13.791" intervalms="1049.357" />
<gc-start id="2476" type="global mark phase" contextid="2475" timestamp="2019-06-15T00:50:13.791">
  <mem-info id="2477" free="26214400" total="67108864" percent="39">
    <remembered-set count="65696" freebytes="2583424" totalbytes="2846208" percent="90" regionsoverflowed="0" regionsstable="14" regionsrebuilding="0"/>
  </mem-info>
</gc-start>
<gc-op id="2478" type="mark increment" timems="1.988" contextid="2475" timestamp="2019-06-15T00:50:13.793">
  <trace-info objectcount="47671" scancount="27863" scanbytes="964816" />
</gc-op>
<gc-end id="2479" type="global mark phase" contextid="2475" durationms="2.344" usertimems="8.000" systemtimems="0.000" timestamp="2019-06-15T00:50:13.793" activeThreads="4">
  <mem-info id="2480" free="26214400" total="67108864" percent="39">
    <remembered-set count="69792" freebytes="2567040" totalbytes="2846208" percent="90" regionsoverflowed="0" regionsstable="0" regionsrebuilding="14"/>
  </mem-info>
</gc-end>
<concurrent-start id="2481" type="GMP work packet processing" contextid="2475" timestamp="2019-06-15T00:50:13.793">
  <concurrent-mark-start scanTarget="1501849" />
</concurrent-start>
<concurrent-end id="2482" type="GMP work packet processing" contextid="2475" timestamp="2019-06-15T00:50:13.794">
  <concurrent-mark-end bytesScanned="1553628" reasonForTermination="Work target met" />
</concurrent-end>

<exclusive-end id="2483" timestamp="2019-06-15T00:50:13.795" durationms="4.348" />

<exclusive-start id="2484" timestamp="2019-06-15T00:50:13.817" intervalms="26.922">
  <response-info timems="0.152" idlems="0.152" threads="0" lastid="0000000001CEB700" lastname="main" />
</exclusive-start>
<allocation-taxation id="2485" taxation-threshold="11534336" timestamp="2019-06-15T00:50:13.817" intervalms="26.930" />
<cycle-start id="2486" type="partial gc" contextid="0" timestamp="2019-06-15T00:50:13.817" intervalms="55.964" />
<gc-start id="2487" type="partial gc" contextid="2486" timestamp="2019-06-15T00:50:13.818">
  <mem-info id="2488" free="14680064" total="67108864" percent="21">
    <mem type="eden" free="1048376" total="24117248" percent="4" />
    <remembered-set count="74496" freebytes="2548224" totalbytes="2846208" percent="89" regionsoverflowed="0" regionsstable="0" regionsrebuilding="14"/>
  </mem-info>
</gc-start>
<allocation-stats totalBytes="23064080" >
  <allocated-bytes non-tlh="0" tlh="23064080" arrayletleaf="0"/>
  <largest-consumer threadName="main" threadId="0000000001CEB700" bytes="11532072" />
</allocation-stats>
<gc-op id="2489" type="copy forward" timems="1.741" contextid="2486" timestamp="2019-06-15T00:50:13.820">
  <memory-copied type="eden" objects="5" bytes="240" bytesdiscarded="0" />
  <memory-copied type="other" objects="14" bytes="320" bytesdiscarded="0" />
  <memory-cardclean objects="57" bytes="2192" />
  <regions eden="22" other="2" />
  <remembered-set-cleared processed="71937" cleared="41" durationms="0.568" />
  <stringconstants candidates="13632" cleared="0"  />
</gc-op>
<gc-op id="2490" type="classunload" timems="0.006" contextid="2486" timestamp="2019-06-15T00:50:13.820">
  <classunload-info classloadercandidates="53" classloadersunloaded="0" classesunloaded="0" anonymousclassesunloaded="0" quiescems="0.000" setupms="0.005" scanms="0.000" postms="0.000" />
</gc-op>
<gc-end id="2491" type="partial gc" contextid="2486" durationms="2.935" usertimems="4.000" systemtimems="0.000" timestamp="2019-06-15T00:50:13.821" activeThreads="1">
  <mem-info id="2492" free="37748736" total="67108864" percent="56">
    <mem type="eden" free="1048336" total="1048576" percent="99" />
    <remembered-set count="73600" freebytes="2384384" totalbytes="2678784" percent="89" regionsoverflowed="0" regionsstable="0" regionsrebuilding="14"/>
  </mem-info>
</gc-end>
<cycle-end id="2493" type="partial gc" contextid="2486" timestamp="2019-06-15T00:50:13.821" />
  <attribute name="elasticGC enabled" value="1" />
  <attribute name= "numThreadsSpecified" value="1" />
  <attribute name="heapSize specified" value="0" />
  <attribute name="Current GC Util" value="41" />
  <attribute name= "Current Time Running" value="19766" />
  <attribute name ="GC Interval" value="0" />
  <attribute name="ProportionalT" value="10.500000" />
  <attribute name="ProportionalI" value="10.500000" />
  <attribute name="ProportionalH" value="10.500000" />
  <attribute name="Current Error" value="21.000000" />
  <attribute name="IntegralT" value="0.000000" />
  <attribute name="IntegralI" value="0.000000" />
  <attribute name="IntegralH" value="0.000000" />
  <attribute name="DerivativeT" value="inf" />
  <attribute name="DerivativeI" value="inf" />
  <attribute name="DerivativeH" value="inf" />
  <attribute name="Loop Time for DT" value="0.000000" />
  <attribute name="Output H" value="8388608"/>
  <attribute name="Output I" value="200"/>
  <attribute name="Output T" value="1"/>
  <attribute name="Target GC Util Change" value ="20.000000" />
  <attribute name="Current GC Util Change" value="41.000000"/>
  <attribute name="GC Util currently" value="41" />
  <attribute name="CPU Util currently" value="10116297036026" />
<exclusive-end id="2494" timestamp="2019-06-15T00:50:13.821" durationms="3.927" />

<exclusive-start id="2495" timestamp="2019-06-15T00:50:13.843" intervalms="26.249">
  <response-info timems="0.138" idlems="0.138" threads="0" lastid="0000000001CEB700" lastname="main" />
</exclusive-start>
<allocation-taxation id="2496" taxation-threshold="11534336" timestamp="2019-06-15T00:50:13.844" intervalms="26.233" />
<gc-start id="2497" type="global mark phase" contextid="2475" timestamp="2019-06-15T00:50:13.844">
  <mem-info id="2498" free="26214400" total="67108864" percent="39">
    <remembered-set count="73184" freebytes="2386048" totalbytes="2678784" percent="89" regionsoverflowed="0" regionsstable="0" regionsrebuilding="14"/>
  </mem-info>
</gc-start>
<gc-end id="2499" type="global mark phase" contextid="2475" durationms="0.089" usertimems="0.000" systemtimems="0.000" timestamp="2019-06-15T00:50:13.844" activeThreads="1">
  <mem-info id="2500" free="26214400" total="67108864" percent="39">
    <remembered-set count="73184" freebytes="2386048" totalbytes="2678784" percent="89" regionsoverflowed="0" regionsstable="0" regionsrebuilding="14"/>
  </mem-info>
</gc-end>
<concurrent-start id="2501" type="GMP work packet processing" contextid="2475" timestamp="2019-06-15T00:50:13.844">
  <concurrent-mark-start scanTarget="1877312" />
</concurrent-start>
<exclusive-end id="2502" timestamp="2019-06-15T00:50:13.845" durationms="1.792" />

<concurrent-end id="2503" type="GMP work packet processing" contextid="2475" timestamp="2019-06-15T00:50:13.845">
  <concurrent-mark-end bytesScanned="1922736" reasonForTermination="Work target met" />
</concurrent-end>

<exclusive-start id="2504" timestamp="2019-06-15T00:50:13.868" intervalms="24.683">
  <response-info timems="0.153" idlems="0.153" threads="0" lastid="0000000001CEB700" lastname="main" />
</exclusive-start>
<allocation-taxation id="2505" taxation-threshold="11534336" timestamp="2019-06-15T00:50:13.868" intervalms="24.652" />
<cycle-start id="2506" type="partial gc" contextid="0" timestamp="2019-06-15T00:50:13.868" intervalms="50.858" />
<gc-start id="2507" type="partial gc" contextid="2506" timestamp="2019-06-15T00:50:13.869">
  <mem-info id="2508" free="14680064" total="67108864" percent="21">
    <mem type="eden" free="1048336" total="24117248" percent="4" />
    <remembered-set count="78528" freebytes="2364672" totalbytes="2678784" percent="88" regionsoverflowed="0" regionsstable="0" regionsrebuilding="14"/>
  </mem-info>
</gc-start>
<allocation-stats totalBytes="23064496" >
  <allocated-bytes non-tlh="0" tlh="23064496" arrayletleaf="0"/>
  <largest-consumer threadName="main" threadId="0000000001CEB700" bytes="11532168" />
</allocation-stats>
<gc-op id="2509" type="copy forward" timems="1.691" contextid="2506" timestamp="2019-06-15T00:50:13.871">
  <memory-copied type="eden" objects="5" bytes="240" bytesdiscarded="0" />
  <memory-copied type="other" objects="4" bytes="4608" bytesdiscarded="0" />
  <memory-cardclean objects="48" bytes="1688" />
  <regions eden="22" other="2" />
  <remembered-set-cleared processed="76497" cleared="27" durationms="0.620" />
  <stringconstants candidates="13632" cleared="0"  />
</gc-op>
<gc-op id="2510" type="classunload" timems="0.004" contextid="2506" timestamp="2019-06-15T00:50:13.871">
  <classunload-info classloadercandidates="53" classloadersunloaded="0" classesunloaded="0" anonymousclassesunloaded="0" quiescems="0.000" setupms="0.004" scanms="0.000" postms="0.000" />
</gc-op>
<gc-end id="2511" type="partial gc" contextid="2506" durationms="2.683" usertimems="4.000" systemtimems="0.000" timestamp="2019-06-15T00:50:13.871" activeThreads="1">
  <mem-info id="2512" free="37748736" total="67108864" percent="56">
    <mem type="eden" free="1048336" total="1048576" percent="99" />
    <remembered-set count="78912" freebytes="2363136" totalbytes="2678784" percent="88" regionsoverflowed="0" regionsstable="0" regionsrebuilding="14"/>
  </mem-info>
</gc-end>
<cycle-end id="2513" type="partial gc" contextid="2506" timestamp="2019-06-15T00:50:13.871" />
  <attribute name="elasticGC enabled" value="1" />
  <attribute name= "numThreadsSpecified" value="1" />
  <attribute name="heapSize specified" value="0" />
  <attribute name="Current GC Util" value="67" />
  <attribute name= "Current Time Running" value="19817" />
  <attribute name ="GC Interval" value="0" />
  <attribute name="ProportionalT" value="23.500000" />
  <attribute name="ProportionalI" value="23.500000" />
  <attribute name="ProportionalH" value="23.500000" />
  <attribute name="Current Error" value="47.000000" />
  <attribute name="IntegralT" value="0.000000" />
  <attribute name="IntegralI" value="0.000000" />
  <attribute name="IntegralH" value="0.000000" />
  <attribute name="DerivativeT" value="inf" />
  <attribute name="DerivativeI" value="inf" />
  <attribute name="DerivativeH" value="inf" />
  <attribute name="Loop Time for DT" value="0.000000" />
  <attribute name="Output H" value="8388608"/>
  <attribute name="Output I" value="200"/>
  <attribute name="Output T" value="1"/>
  <attribute name="Target GC Util Change" value ="20.000000" />
  <attribute name="Current GC Util Change" value="67.000000"/>
  <attribute name="GC Util currently" value="67" />
  <attribute name="CPU Util currently" value="19747893103913" />
<exclusive-end id="2514" timestamp="2019-06-15T00:50:13.872" durationms="3.524" />

<exclusive-start id="2515" timestamp="2019-06-15T00:50:13.895" intervalms="26.587">
  <response-info timems="0.072" idlems="0.072" threads="0" lastid="0000000001CEB700" lastname="main" />
</exclusive-start>
<allocation-taxation id="2516" taxation-threshold="11534336" timestamp="2019-06-15T00:50:13.895" intervalms="26.604" />
<gc-start id="2517" type="global mark phase" contextid="2475" timestamp="2019-06-15T00:50:13.895">
  <mem-info id="2518" free="26214400" total="67108864" percent="39">
    <remembered-set count="78496" freebytes="2364800" totalbytes="2678784" percent="88" regionsoverflowed="0" regionsstable="0" regionsrebuilding="14"/>
  </mem-info>
</gc-start>
<gc-end id="2519" type="global mark phase" contextid="2475" durationms="0.100" usertimems="0.000" systemtimems="0.000" timestamp="2019-06-15T00:50:13.895" activeThreads="1">
  <mem-info id="2520" free="26214400" total="67108864" percent="39">
    <remembered-set count="78496" freebytes="2364800" totalbytes="2678784" percent="88" regionsoverflowed="0" regionsstable="0" regionsrebuilding="14"/>
  </mem-info>
</gc-end>
<concurrent-start id="2521" type="GMP work packet processing" contextid="2475" timestamp="2019-06-15T00:50:13.895">
  <concurrent-mark-start scanTarget="1048576" />
</concurrent-start>
<concurrent-end id="2522" type="GMP work packet processing" contextid="2475" timestamp="2019-06-15T00:50:13.896">
  <concurrent-mark-end bytesScanned="1100128" reasonForTermination="Work target met" />
</concurrent-end>

<exclusive-end id="2523" timestamp="2019-06-15T00:50:13.896" durationms="1.363" />

<exclusive-start id="2524" timestamp="2019-06-15T00:50:13.919" intervalms="24.148">
  <response-info timems="0.074" idlems="0.074" threads="0" lastid="0000000001CEB700" lastname="main" />
</exclusive-start>
<allocation-taxation id="2525" taxation-threshold="11534336" timestamp="2019-06-15T00:50:13.919" intervalms="24.208" />
<cycle-start id="2526" type="partial gc" contextid="0" timestamp="2019-06-15T00:50:13.919" intervalms="50.923" />
<gc-start id="2527" type="partial gc" contextid="2526" timestamp="2019-06-15T00:50:13.920">
  <mem-info id="2528" free="14680064" total="67108864" percent="21">
    <mem type="eden" free="1048336" total="24117248" percent="4" />
    <remembered-set count="81632" freebytes="2352256" totalbytes="2678784" percent="87" regionsoverflowed="0" regionsstable="0" regionsrebuilding="14"/>
  </mem-info>
</gc-start>
<allocation-stats totalBytes="23064096" >
  <allocated-bytes non-tlh="0" tlh="23064096" arrayletleaf="0"/>
  <largest-consumer threadName="main" threadId="0000000001CEB700" bytes="11532160" />
</allocation-stats>
<gc-op id="2529" type="copy forward" timems="1.731" contextid="2526" timestamp="2019-06-15T00:50:13.922">
  <memory-copied type="eden" objects="6" bytes="320" bytesdiscarded="0" />
  <memory-copied type="other" objects="0" bytes="0" bytesdiscarded="0" />
  <memory-cardclean objects="22" bytes="840" />
  <regions eden="22" other="1" />
  <remembered-set-cleared processed="79566" cleared="15" durationms="0.660" />
  <stringconstants candidates="13632" cleared="0"  />
</gc-op>
<gc-op id="2530" type="classunload" timems="0.004" contextid="2526" timestamp="2019-06-15T00:50:13.922">
  <classunload-info classloadercandidates="53" classloadersunloaded="0" classesunloaded="0" anonymousclassesunloaded="0" quiescems="0.000" setupms="0.004" scanms="0.000" postms="0.000" />
</gc-op>
<gc-end id="2531" type="partial gc" contextid="2526" durationms="2.895" usertimems="4.000" systemtimems="0.000" timestamp="2019-06-15T00:50:13.923" activeThreads="1">
  <mem-info id="2532" free="37748736" total="67108864" percent="56">
    <mem type="eden" free="1048256" total="1048576" percent="99" />
    <remembered-set count="82080" freebytes="2350464" totalbytes="2678784" percent="87" regionsoverflowed="0" regionsstable="0" regionsrebuilding="14"/>
  </mem-info>
</gc-end>
<cycle-end id="2533" type="partial gc" contextid="2526" timestamp="2019-06-15T00:50:13.923" />
  <attribute name="elasticGC enabled" value="1" />
  <attribute name= "numThreadsSpecified" value="1" />
  <attribute name="heapSize specified" value="0" />
  <attribute name="Current GC Util" value="69" />
  <attribute name= "Current Time Running" value="19868" />
  <attribute name ="GC Interval" value="0" />
  <attribute name="ProportionalT" value="24.500000" />
  <attribute name="ProportionalI" value="24.500000" />
  <attribute name="ProportionalH" value="24.500000" />
  <attribute name="Current Error" value="49.000000" />
  <attribute name="IntegralT" value="0.000000" />
  <attribute name="IntegralI" value="0.000000" />
  <attribute name="IntegralH" value="0.000000" />
  <attribute name="DerivativeT" value="inf" />
  <attribute name="DerivativeI" value="inf" />
  <attribute name="DerivativeH" value="inf" />
  <attribute name="Loop Time for DT" value="0.000000" />
  <attribute name="Output H" value="8388608"/>
  <attribute name="Output I" value="200"/>
  <attribute name="Output T" value="1"/>
  <attribute name="Target GC Util Change" value ="20.000000" />
  <attribute name="Current GC Util Change" value="69.000000"/>
  <attribute name="GC Util currently" value="69" />
  <attribute name="CPU Util currently" value="17868934070523" />
<exclusive-end id="2534" timestamp="2019-06-15T00:50:13.923" durationms="4.214" />

<exclusive-start id="2535" timestamp="2019-06-15T00:50:13.946" intervalms="26.960">
  <response-info timems="0.071" idlems="0.071" threads="0" lastid="0000000001CEB700" lastname="main" />
</exclusive-start>
<allocation-taxation id="2536" taxation-threshold="11534336" timestamp="2019-06-15T00:50:13.946" intervalms="27.005" />
<gc-start id="2537" type="global mark phase" contextid="2475" timestamp="2019-06-15T00:50:13.946">
  <mem-info id="2538" free="26214400" total="67108864" percent="39">
    <remembered-set count="81632" freebytes="2352256" totalbytes="2678784" percent="87" regionsoverflowed="0" regionsstable="0" regionsrebuilding="14"/>
  </mem-info>
</gc-start>
<gc-end id="2539" type="global mark phase" contextid="2475" durationms="0.225" usertimems="0.000" systemtimems="0.000" timestamp="2019-06-15T00:50:13.946" activeThreads="1">
  <mem-info id="2540" free="26214400" total="67108864" percent="39">
    <remembered-set count="81632" freebytes="2352256" totalbytes="2678784" percent="87" regionsoverflowed="0" regionsstable="0" regionsrebuilding="14"/>
  </mem-info>
</gc-end>
<concurrent-start id="2541" type="GMP work packet processing" contextid="2475" timestamp="2019-06-15T00:50:13.947">
  <concurrent-mark-start scanTarget="1048576" />
</concurrent-start>
<concurrent-end id="2542" type="GMP work packet processing" contextid="2475" timestamp="2019-06-15T00:50:13.948">
  <concurrent-mark-end bytesScanned="1097116" reasonForTermination="Work target met" />
</concurrent-end>

<exclusive-end id="2543" timestamp="2019-06-15T00:50:13.948" durationms="1.866" />

<exclusive-start id="2544" timestamp="2019-06-15T00:50:13.970" intervalms="24.463">
  <response-info timems="0.071" idlems="0.071" threads="0" lastid="0000000001CEB700" lastname="main" />
</exclusive-start>
<allocation-taxation id="2545" taxation-threshold="11534336" timestamp="2019-06-15T00:50:13.970" intervalms="24.378" />
<cycle-start id="2546" type="partial gc" contextid="0" timestamp="2019-06-15T00:50:13.971" intervalms="51.421" />
<gc-start id="2547" type="partial gc" contextid="2546" timestamp="2019-06-15T00:50:13.971">
  <mem-info id="2548" free="14680064" total="67108864" percent="21">
    <mem type="eden" free="1048256" total="24117248" percent="4" />
    <remembered-set count="83744" freebytes="2343808" totalbytes="2678784" percent="87" regionsoverflowed="0" regionsstable="0" regionsrebuilding="14"/>
  </mem-info>
</gc-start>
<allocation-stats totalBytes="23064584" >
  <allocated-bytes non-tlh="0" tlh="23064584" arrayletleaf="0"/>
  <largest-consumer threadName="main" threadId="0000000001CEB700" bytes="11532288" />
</allocation-stats>
<gc-op id="2549" type="copy forward" timems="1.908" contextid="2546" timestamp="2019-06-15T00:50:13.974">
  <memory-copied type="eden" objects="8" bytes="296" bytesdiscarded="0" />
  <memory-copied type="other" objects="0" bytes="0" bytesdiscarded="0" />
  <memory-cardclean objects="22" bytes="840" />
  <regions eden="22" other="1" />
  <remembered-set-cleared processed="81640" cleared="16" durationms="0.369" />
  <stringconstants candidates="13632" cleared="0"  />
</gc-op>
<gc-op id="2550" type="classunload" timems="0.004" contextid="2546" timestamp="2019-06-15T00:50:13.974">
  <classunload-info classloadercandidates="53" classloadersunloaded="0" classesunloaded="0" anonymousclassesunloaded="0" quiescems="0.000" setupms="0.004" scanms="0.000" postms="0.000" />
</gc-op>
<gc-end id="2551" type="partial gc" contextid="2546" durationms="3.062" usertimems="4.000" systemtimems="0.000" timestamp="2019-06-15T00:50:13.974" activeThreads="4">
  <mem-info id="2552" free="37748736" total="67108864" percent="56">
    <mem type="eden" free="1048280" total="1048576" percent="99" />
    <remembered-set count="84096" freebytes="2342400" totalbytes="2678784" percent="87" regionsoverflowed="0" regionsstable="0" regionsrebuilding="14"/>
  </mem-info>
</gc-end>
<cycle-end id="2553" type="partial gc" contextid="2546" timestamp="2019-06-15T00:50:13.974" />
  <attribute name="elasticGC enabled" value="1" />
  <attribute name= "numThreadsSpecified" value="4" />
  <attribute name="heapSize specified" value="0" />
  <attribute name="Current GC Util" value="75" />
  <attribute name= "Current Time Running" value="19920" />
  <attribute name ="GC Interval" value="0" />
  <attribute name="ProportionalT" value="27.500000" />
  <attribute name="ProportionalI" value="27.500000" />
  <attribute name="ProportionalH" value="27.500000" />
  <attribute name="Current Error" value="55.000000" />
  <attribute name="IntegralT" value="55.000000" />
  <attribute name="IntegralI" value="55.000000" />
  <attribute name="IntegralH" value="55.000000" />
  <attribute name="DerivativeT" value="27.500000" />
  <attribute name="DerivativeI" value="27.500000" />
  <attribute name="DerivativeH" value="27.500000" />
  <attribute name="Loop Time for DT" value="1.000000" />
  <attribute name="Output H" value="8388608"/>
  <attribute name="Output I" value="200"/>
  <attribute name="Output T" value="4"/>
  <attribute name="Target GC Util Change" value ="20.000000" />
  <attribute name="Current GC Util Change" value="75.000000"/>
  <attribute name="GC Util currently" value="75" />
  <attribute name="CPU Util currently" value="17705791941010" />
<exclusive-end id="2554" timestamp="2019-06-15T00:50:13.974" durationms="4.264" />

<exclusive-start id="2555" timestamp="2019-06-15T00:50:13.997" intervalms="27.163">
  <response-info timems="0.076" idlems="0.076" threads="0" lastid="0000000001CEB700" lastname="main" />
</exclusive-start>
<allocation-taxation id="2556" taxation-threshold="11534336" timestamp="2019-06-15T00:50:13.998" intervalms="27.185" />
<gc-start id="2557" type="global mark phase" contextid="2475" timestamp="2019-06-15T00:50:13.998">
  <mem-info id="2558" free="26214400" total="67108864" percent="39">
    <remembered-set count="83616" freebytes="2344320" totalbytes="2678784" percent="87" regionsoverflowed="0" regionsstable="0" regionsrebuilding="14"/>
  </mem-info>
</gc-start>
<gc-end id="2559" type="global mark phase" contextid="2475" durationms="0.201" usertimems="0.000" systemtimems="0.000" timestamp="2019-06-15T00:50:13.998" activeThreads="4">
  <mem-info id="2560" free="26214400" total="67108864" percent="39">
    <remembered-set count="83616" freebytes="2344320" totalbytes="2678784" percent="87" regionsoverflowed="0" regionsstable="0" regionsrebuilding="14"/>
  </mem-info>
</gc-end>
<concurrent-start id="2561" type="GMP work packet processing" contextid="2475" timestamp="2019-06-15T00:50:13.998">
  <concurrent-mark-start scanTarget="1501849" />
</concurrent-start>
<exclusive-end id="2562" timestamp="2019-06-15T00:50:13.999" durationms="1.795" />

<concurrent-end id="2563" type="GMP work packet processing" contextid="2475" timestamp="2019-06-15T00:50:13.999">
  <concurrent-mark-end bytesScanned="1560476" reasonForTermination="Work target met" />
</concurrent-end>

<exclusive-start id="2564" timestamp="2019-06-15T00:50:14.022" intervalms="24.589">
  <response-info timems="0.074" idlems="0.074" threads="0" lastid="0000000001CEB700" lastname="main" />
</exclusive-start>
<allocation-taxation id="2565" taxation-threshold="11534336" timestamp="2019-06-15T00:50:14.022" intervalms="24.595" />
<cycle-start id="2566" type="partial gc" contextid="0" timestamp="2019-06-15T00:50:14.022" intervalms="51.758" />
<gc-start id="2567" type="partial gc" contextid="2566" timestamp="2019-06-15T00:50:14.023">
  <mem-info id="2568" free="14680064" total="67108864" percent="21">
    <mem type="eden" free="1048280" total="24117248" percent="4" />
    <remembered-set count="88416" freebytes="2325120" totalbytes="2678784" percent="86" regionsoverflowed="0" regionsstable="0" regionsrebuilding="14"/>
  </mem-info>
</gc-start>
<allocation-stats totalBytes="23064384" >
  <allocated-bytes non-tlh="0" tlh="23064384" arrayletleaf="0"/>
  <largest-consumer threadName="main" threadId="0000000001CEB700" bytes="11532048" />
</allocation-stats>
<gc-op id="2569" type="copy forward" timems="1.617" contextid="2566" timestamp="2019-06-15T00:50:14.025">
  <memory-copied type="eden" objects="5" bytes="240" bytesdiscarded="0" />
  <memory-copied type="other" objects="0" bytes="0" bytesdiscarded="0" />
  <memory-cardclean objects="22" bytes="840" />
  <regions eden="22" other="1" />
  <remembered-set-cleared processed="85939" cleared="16" durationms="0.665" />
  <stringconstants candidates="13632" cleared="0"  />
</gc-op>
<gc-op id="2570" type="classunload" timems="0.004" contextid="2566" timestamp="2019-06-15T00:50:14.025">
  <classunload-info classloadercandidates="53" classloadersunloaded="0" classesunloaded="0" anonymousclassesunloaded="0" quiescems="0.000" setupms="0.003" scanms="0.000" postms="0.000" />
</gc-op>
<gc-end id="2571" type="partial gc" contextid="2566" durationms="2.776" usertimems="0.000" systemtimems="0.000" timestamp="2019-06-15T00:50:14.025" activeThreads="1">
  <mem-info id="2572" free="37748736" total="67108864" percent="56">
    <mem type="eden" free="1048336" total="1048576" percent="99" />
    <remembered-set count="88864" freebytes="2323328" totalbytes="2678784" percent="86" regionsoverflowed="0" regionsstable="0" regionsrebuilding="14"/>
  </mem-info>
</gc-end>
<cycle-end id="2573" type="partial gc" contextid="2566" timestamp="2019-06-15T00:50:14.026" />
  <attribute name="elasticGC enabled" value="1" />
  <attribute name= "numThreadsSpecified" value="1" />
  <attribute name="heapSize specified" value="0" />
  <attribute name="Current GC Util" value="73" />
  <attribute name= "Current Time Running" value="19971" />
  <attribute name ="GC Interval" value="0" />
  <attribute name="ProportionalT" value="26.500000" />
  <attribute name="ProportionalI" value="26.500000" />
  <attribute name="ProportionalH" value="26.500000" />
  <attribute name="Current Error" value="53.000000" />
  <attribute name="IntegralT" value="0.000000" />
  <attribute name="IntegralI" value="0.000000" />
  <attribute name="IntegralH" value="0.000000" />
  <attribute name="DerivativeT" value="inf" />
  <attribute name="DerivativeI" value="inf" />
  <attribute name="DerivativeH" value="inf" />
  <attribute name="Loop Time for DT" value="0.000000" />
  <attribute name="Output H" value="8388608"/>
  <attribute name="Output I" value="200"/>
  <attribute name="Output T" value="1"/>
  <attribute name="Target GC Util Change" value ="20.000000" />
  <attribute name="Current GC Util Change" value="73.000000"/>
  <attribute name="GC Util currently" value="73" />
  <attribute name="CPU Util currently" value="17839832809275" />
<exclusive-end id="2574" timestamp="2019-06-15T00:50:14.026" durationms="3.902" />

<exclusive-start id="2575" timestamp="2019-06-15T00:50:14.048" intervalms="26.485">
  <response-info timems="0.073" idlems="0.073" threads="0" lastid="0000000001CEB700" lastname="main" />
</exclusive-start>
<allocation-taxation id="2576" taxation-threshold="11534336" timestamp="2019-06-15T00:50:14.049" intervalms="26.460" />
<gc-start id="2577" type="global mark phase" contextid="2475" timestamp="2019-06-15T00:50:14.049">
  <mem-info id="2578" free="26214400" total="67108864" percent="39">
    <remembered-set count="88416" freebytes="2325120" totalbytes="2678784" percent="86" regionsoverflowed="0" regionsstable="0" regionsrebuilding="14"/>
  </mem-info>
</gc-start>
<gc-end id="2579" type="global mark phase" contextid="2475" durationms="0.199" usertimems="0.000" systemtimems="0.000" timestamp="2019-06-15T00:50:14.049" activeThreads="1">
  <mem-info id="2580" free="26214400" total="67108864" percent="39">
    <remembered-set count="88416" freebytes="2325120" totalbytes="2678784" percent="86" regionsoverflowed="0" regionsstable="0" regionsrebuilding="14"/>
  </mem-info>
</gc-end>
<concurrent-start id="2581" type="GMP work packet processing" contextid="2475" timestamp="2019-06-15T00:50:14.049">
  <concurrent-mark-start scanTarget="1048576" />
</concurrent-start>
<exclusive-end id="2582" timestamp="2019-06-15T00:50:14.050" durationms="1.482" />

<concurrent-end id="2583" type="GMP work packet processing" contextid="2475" timestamp="2019-06-15T00:50:14.050">
  <concurrent-mark-end bytesScanned="1114508" reasonForTermination="Work target met" />
</concurrent-end>

<exclusive-start id="2584" timestamp="2019-06-15T00:50:14.073" intervalms="24.083">
  <response-info timems="0.072" idlems="0.072" threads="0" lastid="0000000001CEB700" lastname="main" />
</exclusive-start>
<allocation-taxation id="2585" taxation-threshold="11534336" timestamp="2019-06-15T00:50:14.073" intervalms="24.114" />
<cycle-start id="2586" type="partial gc" contextid="0" timestamp="2019-06-15T00:50:14.073" intervalms="50.612" />
<gc-start id="2587" type="partial gc" contextid="2586" timestamp="2019-06-15T00:50:14.073">
  <mem-info id="2588" free="14680064" total="67108864" percent="21">
    <mem type="eden" free="1048336" total="24117248" percent="4" />
    <remembered-set count="90912" freebytes="2315136" totalbytes="2678784" percent="86" regionsoverflowed="0" regionsstable="0" regionsrebuilding="14"/>
  </mem-info>
</gc-start>
<allocation-stats totalBytes="23064088" >
  <allocated-bytes non-tlh="0" tlh="23064088" arrayletleaf="0"/>
  <largest-consumer threadName="main" threadId="0000000001CEB700" bytes="11531952" />
</allocation-stats>
<gc-op id="2589" type="copy forward" timems="1.523" contextid="2586" timestamp="2019-06-15T00:50:14.076">
  <memory-copied type="eden" objects="6" bytes="256" bytesdiscarded="0" />
  <memory-copied type="other" objects="0" bytes="0" bytesdiscarded="0" />
  <memory-cardclean objects="22" bytes="840" />
  <regions eden="22" other="1" />
  <remembered-set-cleared processed="88187" cleared="16" durationms="0.665" />
  <stringconstants candidates="13632" cleared="0"  />
</gc-op>
<gc-op id="2590" type="classunload" timems="0.004" contextid="2586" timestamp="2019-06-15T00:50:14.076">
  <classunload-info classloadercandidates="53" classloadersunloaded="0" classesunloaded="0" anonymousclassesunloaded="0" quiescems="0.000" setupms="0.004" scanms="0.000" postms="0.000" />
</gc-op>
<gc-end id="2591" type="partial gc" contextid="2586" durationms="2.697" usertimems="4.000" systemtimems="0.000" timestamp="2019-06-15T00:50:14.076" activeThreads="1">
  <mem-info id="2592" free="37748736" total="67108864" percent="56">
    <mem type="eden" free="1048320" total="1048576" percent="99" />
    <remembered-set count="91360" freebytes="2313344" totalbytes="2678784" percent="86" regionsoverflowed="0" regionsstable="0" regionsrebuilding="14"/>
  </mem-info>
</gc-end>
<cycle-end id="2593" type="partial gc" contextid="2586" timestamp="2019-06-15T00:50:14.076" />
  <attribute name="elasticGC enabled" value="1" />
  <attribute name= "numThreadsSpecified" value="1" />
  <attribute name="heapSize specified" value="0" />
  <attribute name="Current GC Util" value="76" />
  <attribute name= "Current Time Running" value="20022" />
  <attribute name ="GC Interval" value="0" />
  <attribute name="ProportionalT" value="28.000000" />
  <attribute name="ProportionalI" value="28.000000" />
  <attribute name="ProportionalH" value="28.000000" />
  <attribute name="Current Error" value="56.000000" />
  <attribute name="IntegralT" value="0.000000" />
  <attribute name="IntegralI" value="0.000000" />
  <attribute name="IntegralH" value="0.000000" />
  <attribute name="DerivativeT" value="inf" />
  <attribute name="DerivativeI" value="inf" />
  <attribute name="DerivativeH" value="inf" />
  <attribute name="Loop Time for DT" value="0.000000" />
  <attribute name="Output H" value="8388608"/>
  <attribute name="Output I" value="200"/>
  <attribute name="Output T" value="1"/>
  <attribute name="Target GC Util Change" value ="20.000000" />
  <attribute name="Current GC Util Change" value="76.000000"/>
  <attribute name="GC Util currently" value="76" />
  <attribute name="CPU Util currently" value="18291485789634" />
<exclusive-end id="2594" timestamp="2019-06-15T00:50:14.076" durationms="3.911" />

<exclusive-start id="2595" timestamp="2019-06-15T00:50:14.099" intervalms="26.551">
  <response-info timems="0.075" idlems="0.075" threads="0" lastid="0000000001CEB700" lastname="main" />
</exclusive-start>
<allocation-taxation id="2596" taxation-threshold="11534336" timestamp="2019-06-15T00:50:14.099" intervalms="26.544" />
<gc-start id="2597" type="global mark phase" contextid="2475" timestamp="2019-06-15T00:50:14.099">
  <mem-info id="2598" free="26214400" total="67108864" percent="39">
    <remembered-set count="90944" freebytes="2315008" totalbytes="2678784" percent="86" regionsoverflowed="0" regionsstable="0" regionsrebuilding="14"/>
  </mem-info>
</gc-start>
<gc-end id="2599" type="global mark phase" contextid="2475" durationms="0.198" usertimems="0.000" systemtimems="0.000" timestamp="2019-06-15T00:50:14.100" activeThreads="1">
  <mem-info id="2600" free="26214400" total="67108864" percent="39">
    <remembered-set count="90944" freebytes="2315008" totalbytes="2678784" percent="86" regionsoverflowed="0" regionsstable="0" regionsrebuilding="14"/>
  </mem-info>
</gc-end>
<concurrent-start id="2601" type="GMP work packet processing" contextid="2475" timestamp="2019-06-15T00:50:14.100">
  <concurrent-mark-start scanTarget="1048576" />
</concurrent-start>
<exclusive-end id="2602" timestamp="2019-06-15T00:50:14.100" durationms="0.941" />

<concurrent-end id="2603" type="GMP work packet processing" contextid="2475" timestamp="2019-06-15T00:50:14.101">
  <concurrent-mark-end bytesScanned="1074472" reasonForTermination="Work target met" />
</concurrent-end>

<exclusive-start id="2604" timestamp="2019-06-15T00:50:14.123" intervalms="24.099">
  <response-info timems="0.068" idlems="0.068" threads="0" lastid="0000000001CEB700" lastname="main" />
</exclusive-start>
<allocation-taxation id="2605" taxation-threshold="11534336" timestamp="2019-06-15T00:50:14.123" intervalms="24.059" />
<cycle-start id="2606" type="partial gc" contextid="0" timestamp="2019-06-15T00:50:14.124" intervalms="50.531" />
<gc-start id="2607" type="partial gc" contextid="2606" timestamp="2019-06-15T00:50:14.124">
  <mem-info id="2608" free="14680064" total="67108864" percent="21">
    <mem type="eden" free="1048320" total="24117248" percent="4" />
    <remembered-set count="94080" freebytes="2302464" totalbytes="2678784" percent="85" regionsoverflowed="0" regionsstable="0" regionsrebuilding="14"/>
  </mem-info>
</gc-start>
<allocation-stats totalBytes="23063984" >
  <allocated-bytes non-tlh="0" tlh="23063984" arrayletleaf="0"/>
  <largest-consumer threadName="main" threadId="0000000001CEB700" bytes="11531944" />
</allocation-stats>
<gc-op id="2609" type="copy forward" timems="1.596" contextid="2606" timestamp="2019-06-15T00:50:14.126">
  <memory-copied type="eden" objects="2" bytes="104" bytesdiscarded="0" />
  <memory-copied type="other" objects="0" bytes="0" bytesdiscarded="0" />
  <memory-cardclean objects="22" bytes="840" />
  <regions eden="22" other="1" />
  <remembered-set-cleared processed="92120" cleared="18" durationms="0.676" />
  <stringconstants candidates="13632" cleared="0"  />
</gc-op>
<gc-op id="2610" type="classunload" timems="0.004" contextid="2606" timestamp="2019-06-15T00:50:14.126">
  <classunload-info classloadercandidates="53" classloadersunloaded="0" classesunloaded="0" anonymousclassesunloaded="0" quiescems="0.000" setupms="0.004" scanms="0.000" postms="0.000" />
</gc-op>
<gc-end id="2611" type="partial gc" contextid="2606" durationms="2.722" usertimems="4.000" systemtimems="0.000" timestamp="2019-06-15T00:50:14.127" activeThreads="1">
  <mem-info id="2612" free="37748736" total="67108864" percent="56">
    <mem type="eden" free="1048472" total="1048576" percent="99" />
    <remembered-set count="94528" freebytes="2300672" totalbytes="2678784" percent="85" regionsoverflowed="0" regionsstable="0" regionsrebuilding="14"/>
  </mem-info>
</gc-end>
<cycle-end id="2613" type="partial gc" contextid="2606" timestamp="2019-06-15T00:50:14.127" />
  <attribute name="elasticGC enabled" value="1" />
  <attribute name= "numThreadsSpecified" value="1" />
  <attribute name="heapSize specified" value="0" />
  <attribute name="Current GC Util" value="76" />
  <attribute name= "Current Time Running" value="20072" />
  <attribute name ="GC Interval" value="0" />
  <attribute name="ProportionalT" value="28.000000" />
  <attribute name="ProportionalI" value="28.000000" />
  <attribute name="ProportionalH" value="28.000000" />
  <attribute name="Current Error" value="56.000000" />
  <attribute name="IntegralT" value="0.000000" />
  <attribute name="IntegralI" value="0.000000" />
  <attribute name="IntegralH" value="0.000000" />
  <attribute name="DerivativeT" value="inf" />
  <attribute name="DerivativeI" value="inf" />
  <attribute name="DerivativeH" value="inf" />
  <attribute name="Loop Time for DT" value="0.000000" />
  <attribute name="Output H" value="8388608"/>
  <attribute name="Output I" value="200"/>
  <attribute name="Output T" value="1"/>
  <attribute name="Target GC Util Change" value ="20.000000" />
  <attribute name="Current GC Util Change" value="76.000000"/>
  <attribute name="GC Util currently" value="76" />
  <attribute name="CPU Util currently" value="18426401173695" />
<exclusive-end id="2614" timestamp="2019-06-15T00:50:14.127" durationms="3.858" />

<exclusive-start id="2615" timestamp="2019-06-15T00:50:14.146" intervalms="22.900">
  <response-info timems="0.061" idlems="0.061" threads="0" lastid="0000000001CEB700" lastname="main" />
</exclusive-start>
<allocation-taxation id="2616" taxation-threshold="11534336" timestamp="2019-06-15T00:50:14.146" intervalms="22.894" />
<gc-start id="2617" type="global mark phase" contextid="2475" timestamp="2019-06-15T00:50:14.146">
  <mem-info id="2618" free="26214400" total="67108864" percent="39">
    <remembered-set count="94080" freebytes="2302464" totalbytes="2678784" percent="85" regionsoverflowed="0" regionsstable="0" regionsrebuilding="14"/>
  </mem-info>
</gc-start>
<gc-end id="2619" type="global mark phase" contextid="2475" durationms="0.214" usertimems="0.000" systemtimems="0.000" timestamp="2019-06-15T00:50:14.147" activeThreads="1">
  <mem-info id="2620" free="26214400" total="67108864" percent="39">
    <remembered-set count="94080" freebytes="2302464" totalbytes="2678784" percent="85" regionsoverflowed="0" regionsstable="0" regionsrebuilding="14"/>
  </mem-info>
</gc-end>
<concurrent-start id="2621" type="GMP work packet processing" contextid="2475" timestamp="2019-06-15T00:50:14.147">
  <concurrent-mark-start scanTarget="1048576" />
</concurrent-start>
<exclusive-end id="2622" timestamp="2019-06-15T00:50:14.148" durationms="1.579" />

<concurrent-end id="2623" type="GMP work packet processing" contextid="2475" timestamp="2019-06-15T00:50:14.148">
  <concurrent-mark-end bytesScanned="1095980" reasonForTermination="Work target met" />
</concurrent-end>

<exclusive-start id="2624" timestamp="2019-06-15T00:50:14.155" intervalms="8.996">
  <response-info timems="0.072" idlems="0.072" threads="0" lastid="0000000001CEB700" lastname="main" />
</exclusive-start>
<allocation-taxation id="2625" taxation-threshold="11534336" timestamp="2019-06-15T00:50:14.155" intervalms="8.981" />
<cycle-start id="2626" type="partial gc" contextid="0" timestamp="2019-06-15T00:50:14.155" intervalms="31.796" />
<gc-start id="2627" type="partial gc" contextid="2626" timestamp="2019-06-15T00:50:14.156">
  <mem-info id="2628" free="14680064" total="67108864" percent="21">
    <mem type="eden" free="1048472" total="24117248" percent="4" />
    <remembered-set count="100000" freebytes="2278784" totalbytes="2678784" percent="85" regionsoverflowed="0" regionsstable="0" regionsrebuilding="14"/>
  </mem-info>
</gc-start>
<allocation-stats totalBytes="23039864" >
  <allocated-bytes non-tlh="0" tlh="23039864" arrayletleaf="0"/>
  <largest-consumer threadName="main" threadId="0000000001CEB700" bytes="11517432" />
</allocation-stats>
<gc-op id="2629" type="copy forward" timems="1.741" contextid="2626" timestamp="2019-06-15T00:50:14.158">
  <memory-copied type="eden" objects="25" bytes="1296" bytesdiscarded="0" />
  <memory-copied type="other" objects="0" bytes="0" bytesdiscarded="0" />
  <memory-cardclean objects="61" bytes="2320" />
  <regions eden="22" other="1" />
  <remembered-set-cleared processed="97724" cleared="40" durationms="0.750" />
  <stringconstants candidates="13632" cleared="0"  />
</gc-op>
<gc-op id="2630" type="classunload" timems="0.004" contextid="2626" timestamp="2019-06-15T00:50:14.158">
  <classunload-info classloadercandidates="53" classloadersunloaded="0" classesunloaded="0" anonymousclassesunloaded="0" quiescems="0.000" setupms="0.004" scanms="0.000" postms="0.000" />
</gc-op>
<gc-end id="2631" type="partial gc" contextid="2626" durationms="2.921" usertimems="0.000" systemtimems="0.000" timestamp="2019-06-15T00:50:14.159" activeThreads="1">
  <mem-info id="2632" free="37748736" total="67108864" percent="56">
    <mem type="eden" free="1047280" total="1048576" percent="99" />
    <remembered-set count="100384" freebytes="2277248" totalbytes="2678784" percent="85" regionsoverflowed="0" regionsstable="0" regionsrebuilding="14"/>
  </mem-info>
</gc-end>
<cycle-end id="2633" type="partial gc" contextid="2626" timestamp="2019-06-15T00:50:14.159" />
  <attribute name="elasticGC enabled" value="1" />
  <attribute name= "numThreadsSpecified" value="1" />
  <attribute name="heapSize specified" value="0" />
  <attribute name="Current GC Util" value="61" />
  <attribute name= "Current Time Running" value="20104" />
  <attribute name ="GC Interval" value="0" />
  <attribute name="ProportionalT" value="20.500000" />
  <attribute name="ProportionalI" value="20.500000" />
  <attribute name="ProportionalH" value="20.500000" />
  <attribute name="Current Error" value="41.000000" />
  <attribute name="IntegralT" value="0.000000" />
  <attribute name="IntegralI" value="0.000000" />
  <attribute name="IntegralH" value="0.000000" />
  <attribute name="DerivativeT" value="inf" />
  <attribute name="DerivativeI" value="inf" />
  <attribute name="DerivativeH" value="inf" />
  <attribute name="Loop Time for DT" value="0.000000" />
  <attribute name="Output H" value="8388608"/>
  <attribute name="Output I" value="200"/>
  <attribute name="Output T" value="1"/>
  <attribute name="Target GC Util Change" value ="20.000000" />
  <attribute name="Current GC Util Change" value="61.000000"/>
  <attribute name="GC Util currently" value="61" />
  <attribute name="CPU Util currently" value="18970090784732" />
<exclusive-end id="2634" timestamp="2019-06-15T00:50:14.159" durationms="3.958" />

<exclusive-start id="2635" timestamp="2019-06-15T00:50:14.166" intervalms="10.931">
  <response-info timems="0.121" idlems="0.121" threads="0" lastid="0000000001CEB700" lastname="main" />
</exclusive-start>
<allocation-taxation id="2636" taxation-threshold="11534336" timestamp="2019-06-15T00:50:14.166" intervalms="10.954" />
<gc-start id="2637" type="global mark phase" contextid="2475" timestamp="2019-06-15T00:50:14.166">
  <mem-info id="2638" free="26214400" total="67108864" percent="39">
    <remembered-set count="100000" freebytes="2278784" totalbytes="2678784" percent="85" regionsoverflowed="0" regionsstable="0" regionsrebuilding="14"/>
  </mem-info>
</gc-start>
<gc-end id="2639" type="global mark phase" contextid="2475" durationms="0.149" usertimems="0.000" systemtimems="0.000" timestamp="2019-06-15T00:50:14.167" activeThreads="1">
  <mem-info id="2640" free="26214400" total="67108864" percent="39">
    <remembered-set count="100000" freebytes="2278784" totalbytes="2678784" percent="85" regionsoverflowed="0" regionsstable="0" regionsrebuilding="14"/>
  </mem-info>
</gc-end>
<concurrent-start id="2641" type="GMP work packet processing" contextid="2475" timestamp="2019-06-15T00:50:14.167">
  <concurrent-mark-start scanTarget="1048576" />
</concurrent-start>
<exclusive-end id="2642" timestamp="2019-06-15T00:50:14.168" durationms="1.516" />

<concurrent-end id="2643" type="GMP work packet processing" contextid="2475" timestamp="2019-06-15T00:50:14.168">
  <concurrent-mark-end bytesScanned="1103460" reasonForTermination="Work target met" />
</concurrent-end>

<exclusive-start id="2644" timestamp="2019-06-15T00:50:14.174" intervalms="8.394">
  <response-info timems="0.058" idlems="0.058" threads="0" lastid="0000000001CEB700" lastname="main" />
</exclusive-start>
<allocation-taxation id="2645" taxation-threshold="11534336" timestamp="2019-06-15T00:50:14.175" intervalms="8.349" />
<cycle-start id="2646" type="partial gc" contextid="0" timestamp="2019-06-15T00:50:14.175" intervalms="19.369" />
<gc-start id="2647" type="partial gc" contextid="2646" timestamp="2019-06-15T00:50:14.175">
  <mem-info id="2648" free="14680064" total="67108864" percent="21">
    <mem type="eden" free="0" total="23068672" percent="0" />
    <remembered-set count="107872" freebytes="2247296" totalbytes="2678784" percent="83" regionsoverflowed="0" regionsstable="0" regionsrebuilding="14"/>
  </mem-info>
</gc-start>
<allocation-stats totalBytes="23035448" >
  <allocated-bytes non-tlh="0" tlh="23035448" arrayletleaf="0"/>
  <largest-consumer threadName="main" threadId="0000000001CEB700" bytes="11518416" />
</allocation-stats>
<gc-op id="2649" type="copy forward" timems="1.773" contextid="2646" timestamp="2019-06-15T00:50:14.177">
  <memory-copied type="eden" objects="2" bytes="40" bytesdiscarded="0" />
  <memory-copied type="other" objects="23" bytes="1256" bytesdiscarded="0" />
  <memory-cardclean objects="45" bytes="2016" />
  <regions eden="22" other="1" />
  <remembered-set-cleared processed="105842" cleared="42" durationms="0.791" />
  <stringconstants candidates="13632" cleared="0"  />
</gc-op>
<gc-op id="2650" type="classunload" timems="0.004" contextid="2646" timestamp="2019-06-15T00:50:14.178">
  <classunload-info classloadercandidates="53" classloadersunloaded="0" classesunloaded="0" anonymousclassesunloaded="0" quiescems="0.000" setupms="0.004" scanms="0.000" postms="0.000" />
</gc-op>
<heap-resize id="2651" type="expand" space="default" amount="9437184" count="1" timems="0.077" reason="excessive time being spent in gc" timestamp="2019-06-15T00:50:14.178" />
<gc-end id="2652" type="partial gc" contextid="2646" durationms="3.155" usertimems="4.000" systemtimems="0.000" timestamp="2019-06-15T00:50:14.178" activeThreads="1">
  <mem-info id="2653" free="46137344" total="76546048" percent="60">
    <mem type="eden" free="1048536" total="1048576" percent="99" />
    <remembered-set count="108288" freebytes="2622336" totalbytes="3055488" percent="85" regionsoverflowed="0" regionsstable="0" regionsrebuilding="14"/>
  </mem-info>
</gc-end>
<cycle-end id="2654" type="partial gc" contextid="2646" timestamp="2019-06-15T00:50:14.178" />
  <attribute name="elasticGC enabled" value="1" />
  <attribute name= "numThreadsSpecified" value="1" />
  <attribute name="heapSize specified" value="0" />
  <attribute name="Current GC Util" value="77" />
  <attribute name= "Current Time Running" value="20123" />
  <attribute name ="GC Interval" value="0" />
  <attribute name="ProportionalT" value="28.500000" />
  <attribute name="ProportionalI" value="28.500000" />
  <attribute name="ProportionalH" value="28.500000" />
  <attribute name="Current Error" value="57.000000" />
  <attribute name="IntegralT" value="0.000000" />
  <attribute name="IntegralI" value="0.000000" />
  <attribute name="IntegralH" value="0.000000" />
  <attribute name="DerivativeT" value="inf" />
  <attribute name="DerivativeI" value="inf" />
  <attribute name="DerivativeH" value="inf" />
  <attribute name="Loop Time for DT" value="0.000000" />
  <attribute name="Output H" value="8388608"/>
  <attribute name="Output I" value="200"/>
  <attribute name="Output T" value="1"/>
  <attribute name="Target GC Util Change" value ="20.000000" />
  <attribute name="Current GC Util Change" value="77.000000"/>
  <attribute name="GC Util currently" value="77" />
  <attribute name="CPU Util currently" value="18531469800626" />
<exclusive-end id="2655" timestamp="2019-06-15T00:50:14.179" durationms="4.158" />

<exclusive-start id="2656" timestamp="2019-06-15T00:50:14.186" intervalms="11.846">
  <response-info timems="0.184" idlems="0.184" threads="0" lastid="0000000001CEB700" lastname="main" />
</exclusive-start>
<allocation-taxation id="2657" taxation-threshold="12582912" timestamp="2019-06-15T00:50:14.186" intervalms="11.885" />
<gc-start id="2658" type="global mark phase" contextid="2475" timestamp="2019-06-15T00:50:14.187">
  <mem-info id="2659" free="33554432" total="76546048" percent="43">
    <remembered-set count="107904" freebytes="2623872" totalbytes="3055488" percent="85" regionsoverflowed="0" regionsstable="0" regionsrebuilding="14"/>
  </mem-info>
</gc-start>
<gc-end id="2660" type="global mark phase" contextid="2475" durationms="0.128" usertimems="0.000" systemtimems="0.000" timestamp="2019-06-15T00:50:14.187" activeThreads="1">
  <mem-info id="2661" free="33554432" total="76546048" percent="43">
    <remembered-set count="107904" freebytes="2623872" totalbytes="3055488" percent="85" regionsoverflowed="0" regionsstable="0" regionsrebuilding="14"/>
  </mem-info>
</gc-end>
<concurrent-start id="2662" type="GMP work packet processing" contextid="2475" timestamp="2019-06-15T00:50:14.187">
  <concurrent-mark-start scanTarget="1048576" />
</concurrent-start>
<concurrent-end id="2663" type="GMP work packet processing" contextid="2475" timestamp="2019-06-15T00:50:14.187">
  <concurrent-mark-end bytesScanned="744080" reasonForTermination="Completed all work in GC phase" />
</concurrent-end>

<exclusive-end id="2664" timestamp="2019-06-15T00:50:14.187" durationms="1.146" />

<exclusive-start id="2665" timestamp="2019-06-15T00:50:14.195" intervalms="8.700">
  <response-info timems="0.060" idlems="0.060" threads="0" lastid="0000000001CEB700" lastname="main" />
</exclusive-start>
<allocation-taxation id="2666" taxation-threshold="12582912" timestamp="2019-06-15T00:50:14.195" intervalms="8.746" />
<cycle-start id="2667" type="partial gc" contextid="0" timestamp="2019-06-15T00:50:14.195" intervalms="20.574" />
<gc-start id="2668" type="partial gc" contextid="2667" timestamp="2019-06-15T00:50:14.196">
  <mem-info id="2669" free="20971520" total="76546048" percent="27">
    <mem type="eden" free="1048536" total="26214400" percent="3" />
    <remembered-set count="110848" freebytes="2612096" totalbytes="3055488" percent="85" regionsoverflowed="0" regionsstable="0" regionsrebuilding="14"/>
  </mem-info>
</gc-start>
<allocation-stats totalBytes="25131120" >
  <allocated-bytes non-tlh="0" tlh="25131120" arrayletleaf="0"/>
  <largest-consumer threadName="main" threadId="0000000001CEB700" bytes="12565560" />
</allocation-stats>
<gc-op id="2670" type="copy forward" timems="1.753" contextid="2667" timestamp="2019-06-15T00:50:14.198">
  <memory-copied type="eden" objects="2" bytes="40" bytesdiscarded="0" />
  <memory-copied type="other" objects="0" bytes="0" bytesdiscarded="0" />
  <memory-cardclean objects="10" bytes="232" />
  <regions eden="24" other="1" />
  <remembered-set-cleared processed="109022" cleared="6" durationms="0.809" />
  <stringconstants candidates="13632" cleared="0"  />
</gc-op>
<gc-op id="2671" type="classunload" timems="0.004" contextid="2667" timestamp="2019-06-15T00:50:14.198">
  <classunload-info classloadercandidates="53" classloadersunloaded="0" classesunloaded="0" anonymousclassesunloaded="0" quiescems="0.000" setupms="0.004" scanms="0.000" postms="0.000" />
</gc-op>
<gc-end id="2672" type="partial gc" contextid="2667" durationms="2.918" usertimems="4.000" systemtimems="0.000" timestamp="2019-06-15T00:50:14.199" activeThreads="1">
  <mem-info id="2673" free="46137344" total="76546048" percent="60">
    <mem type="eden" free="1048536" total="1048576" percent="99" />
    <remembered-set count="111328" freebytes="2610176" totalbytes="3055488" percent="85" regionsoverflowed="0" regionsstable="0" regionsrebuilding="14"/>
  </mem-info>
</gc-end>
<cycle-end id="2674" type="partial gc" contextid="2667" timestamp="2019-06-15T00:50:14.199" />
  <attribute name="elasticGC enabled" value="1" />
  <attribute name= "numThreadsSpecified" value="1" />
  <attribute name="heapSize specified" value="0" />
  <attribute name="Current GC Util" value="46" />
  <attribute name= "Current Time Running" value="20144" />
  <attribute name ="GC Interval" value="0" />
  <attribute name="ProportionalT" value="13.000000" />
  <attribute name="ProportionalI" value="13.000000" />
  <attribute name="ProportionalH" value="13.000000" />
  <attribute name="Current Error" value="26.000000" />
  <attribute name="IntegralT" value="0.000000" />
  <attribute name="IntegralI" value="0.000000" />
  <attribute name="IntegralH" value="0.000000" />
  <attribute name="DerivativeT" value="inf" />
  <attribute name="DerivativeI" value="inf" />
  <attribute name="DerivativeH" value="inf" />
  <attribute name="Loop Time for DT" value="0.000000" />
  <attribute name="Output H" value="8388608"/>
  <attribute name="Output I" value="200"/>
  <attribute name="Output T" value="1"/>
  <attribute name="Target GC Util Change" value ="20.000000" />
  <attribute name="Current GC Util Change" value="46.000000"/>
  <attribute name="GC Util currently" value="46" />
  <attribute name="CPU Util currently" value="16067864451514" />
<exclusive-end id="2675" timestamp="2019-06-15T00:50:14.199" durationms="3.998" />

<exclusive-start id="2676" timestamp="2019-06-15T00:50:14.206" intervalms="11.551">
  <response-info timems="0.082" idlems="0.082" threads="0" lastid="0000000001CEB700" lastname="main" />
</exclusive-start>
<allocation-taxation id="2677" taxation-threshold="12582912" timestamp="2019-06-15T00:50:14.207" intervalms="11.553" />
<gc-start id="2678" type="global mark phase" contextid="2475" timestamp="2019-06-15T00:50:14.207">
  <mem-info id="2679" free="33554432" total="76546048" percent="43">
    <remembered-set count="110848" freebytes="2612096" totalbytes="3055488" percent="85" regionsoverflowed="0" regionsstable="0" regionsrebuilding="14"/>
  </mem-info>
</gc-start>
<gc-op id="2680" type="mark increment" timems="1.323" contextid="2475" timestamp="2019-06-15T00:50:14.208">
  <trace-info objectcount="25" scancount="24" scanbytes="692" />
  <cardclean-info objects="140" bytes="4908" />
  <finalization candidates="80" enqueued="0" />
  <ownableSynchronizers candidates="21" cleared="0" />
  <references type="soft" candidates="3277" cleared="1422" enqueued="711" dynamicThreshold="19" maxThreshold="32" />
  <references type="weak" candidates="5677" cleared="0" enqueued="0" />
  <references type="phantom" candidates="101" cleared="0" enqueued="0" />
  <stringconstants candidates="13632" cleared="389"  />
</gc-op>
<gc-op id="2681" type="classunload" timems="0.007" contextid="2475" timestamp="2019-06-15T00:50:14.209">
  <classunload-info classloadercandidates="53" classloadersunloaded="0" classesunloaded="0" anonymousclassesunloaded="0" quiescems="0.000" setupms="0.007" scanms="0.000" postms="0.000" />
</gc-op>
<gc-end id="2682" type="global mark phase" contextid="2475" durationms="1.791" usertimems="0.000" systemtimems="0.000" timestamp="2019-06-15T00:50:14.209" activeThreads="4">
  <mem-info id="2683" free="33554432" total="76546048" percent="43">
    <pending-finalizers system="0" default="0" reference="711" classloader="0" />
    <remembered-set count="111360" freebytes="2610048" totalbytes="3055488" percent="85" regionsoverflowed="0" regionsstable="0" regionsrebuilding="0"/>
  </mem-info>
</gc-end>
<cycle-end id="2684" type="global mark phase" contextid="2475" timestamp="2019-06-15T00:50:14.209" />
  <attribute name="elasticGC enabled" value="1" />
  <attribute name= "numThreadsSpecified" value="4" />
  <attribute name="heapSize specified" value="0" />
  <attribute name="Current GC Util" value="0" />
  <attribute name= "Current Time Running" value="20155" />
  <attribute name ="GC Interval" value="0" />
  <attribute name="ProportionalT" value="-10.000000" />
  <attribute name="ProportionalI" value="-10.000000" />
  <attribute name="ProportionalH" value="-10.000000" />
  <attribute name="Current Error" value="-20.000000" />
  <attribute name="IntegralT" value="0.000000" />
  <attribute name="IntegralI" value="0.000000" />
  <attribute name="IntegralH" value="0.000000" />
  <attribute name="DerivativeT" value="-inf" />
  <attribute name="DerivativeI" value="-inf" />
  <attribute name="DerivativeH" value="-inf" />
  <attribute name="Loop Time for DT" value="0.000000" />
  <attribute name="Output H" value="2091843584"/>
  <attribute name="Output I" value="200"/>
  <attribute name="Output T" value="4"/>
  <attribute name="Target GC Util Change" value ="20.000000" />
  <attribute name="Current GC Util Change" value="0.000000"/>
  <attribute name="GC Util currently" value="0" />
  <attribute name="CPU Util currently" value="54107447672147" />
<exclusive-end id="2685" timestamp="2019-06-15T00:50:14.209" durationms="2.624" />

<exclusive-start id="2686" timestamp="2019-06-15T00:50:14.217" intervalms="10.153">
  <response-info timems="0.069" idlems="0.069" threads="0" lastid="0000000001CEB700" lastname="main" />
</exclusive-start>
<allocation-taxation id="2687" taxation-threshold="12582912" timestamp="2019-06-15T00:50:14.217" intervalms="10.166" />
<cycle-start id="2688" type="partial gc" contextid="0" timestamp="2019-06-15T00:50:14.217" intervalms="21.827" />
<gc-start id="2689" type="partial gc" contextid="2688" timestamp="2019-06-15T00:50:14.217">
  <mem-info id="2690" free="20971520" total="76546048" percent="27">
    <mem type="eden" free="1048536" total="26214400" percent="3" />
    <remembered-set count="84160" freebytes="2718848" totalbytes="3055488" percent="88" regionsoverflowed="0" regionsstable="12" regionsrebuilding="0"/>
  </mem-info>
</gc-start>
<allocation-stats totalBytes="25129528" >
  <allocated-bytes non-tlh="0" tlh="25129528" arrayletleaf="0"/>
  <largest-consumer threadName="main" threadId="0000000001CEB700" bytes="12524576" />
</allocation-stats>
<gc-op id="2691" type="sweep" timems="0.667" contextid="2688" timestamp="2019-06-15T00:50:14.219" />
<gc-op id="2692" type="copy forward" timems="1.334" contextid="2688" timestamp="2019-06-15T00:50:14.220">
  <memory-copied type="eden" objects="3" bytes="3088" bytesdiscarded="0" />
  <memory-copied type="other" objects="0" bytes="0" bytesdiscarded="0" />
  <memory-cardclean objects="15" bytes="392" />
  <regions eden="12" other="1" />
  <remembered-set-cleared processed="82802" cleared="5" durationms="0.631" />
  <stringconstants candidates="13243" cleared="0"  />
</gc-op>
<gc-op id="2693" type="classunload" timems="0.004" contextid="2688" timestamp="2019-06-15T00:50:14.221">
  <classunload-info classloadercandidates="53" classloadersunloaded="0" classesunloaded="0" anonymousclassesunloaded="0" quiescems="0.000" setupms="0.004" scanms="0.000" postms="0.000" />
</gc-op>
<gc-end id="2694" type="partial gc" contextid="2688" durationms="3.450" usertimems="4.000" systemtimems="0.000" timestamp="2019-06-15T00:50:14.221" activeThreads="1">
  <mem-info id="2695" free="46137344" total="76546048" percent="60">
    <mem type="eden" free="1045488" total="1048576" percent="99" />
    <remembered-set count="84640" freebytes="2716928" totalbytes="3055488" percent="88" regionsoverflowed="0" regionsstable="12" regionsrebuilding="0"/>
  </mem-info>
</gc-end>
<cycle-end id="2696" type="partial gc" contextid="2688" timestamp="2019-06-15T00:50:14.221" />
  <attribute name="elasticGC enabled" value="1" />
  <attribute name= "numThreadsSpecified" value="1" />
  <attribute name="heapSize specified" value="0" />
  <attribute name="Current GC Util" value="78" />
  <attribute name= "Current Time Running" value="20167" />
  <attribute name ="GC Interval" value="0" />
  <attribute name="ProportionalT" value="29.000000" />
  <attribute name="ProportionalI" value="29.000000" />
  <attribute name="ProportionalH" value="29.000000" />
  <attribute name="Current Error" value="58.000000" />
  <attribute name="IntegralT" value="0.000000" />
  <attribute name="IntegralI" value="0.000000" />
  <attribute name="IntegralH" value="0.000000" />
  <attribute name="DerivativeT" value="inf" />
  <attribute name="DerivativeI" value="inf" />
  <attribute name="DerivativeH" value="inf" />
  <attribute name="Loop Time for DT" value="0.000000" />
  <attribute name="Output H" value="8388608"/>
  <attribute name="Output I" value="200"/>
  <attribute name="Output T" value="1"/>
  <attribute name="Target GC Util Change" value ="20.000000" />
  <attribute name="Current GC Util Change" value="78.000000"/>
  <attribute name="GC Util currently" value="78" />
  <attribute name="CPU Util currently" value="19947687734545" />
<exclusive-end id="2697" timestamp="2019-06-15T00:50:14.221" durationms="4.661" />

<exclusive-start id="2698" timestamp="2019-06-15T00:50:14.237" intervalms="20.223">
  <response-info timems="0.218" idlems="0.218" threads="0" lastid="0000000001CEB700" lastname="main" />
</exclusive-start>
<allocation-taxation id="2699" taxation-threshold="26214400" timestamp="2019-06-15T00:50:14.237" intervalms="20.177" />
<cycle-start id="2700" type="partial gc" contextid="0" timestamp="2019-06-15T00:50:14.237" intervalms="20.075" />
<gc-start id="2701" type="partial gc" contextid="2700" timestamp="2019-06-15T00:50:14.237">
  <mem-info id="2702" free="19922944" total="76546048" percent="26">
    <mem type="eden" free="0" total="26214400" percent="0" />
    <remembered-set count="84160" freebytes="2718848" totalbytes="3055488" percent="88" regionsoverflowed="0" regionsstable="12" regionsrebuilding="0"/>
  </mem-info>
</gc-start>
<allocation-stats totalBytes="26177528" >
  <allocated-bytes non-tlh="0" tlh="26177528" arrayletleaf="0"/>
  <largest-consumer threadName="main" threadId="0000000001CEB700" bytes="26177528" />
</allocation-stats>
<gc-op id="2703" type="copy forward" timems="1.511" contextid="2700" timestamp="2019-06-15T00:50:14.240">
  <memory-copied type="eden" objects="2" bytes="40" bytesdiscarded="0" />
  <memory-copied type="other" objects="54" bytes="4400" bytesdiscarded="0" />
  <memory-cardclean objects="65" bytes="10640" />
  <regions eden="25" other="4" />
  <remembered-set-cleared processed="82793" cleared="51" durationms="0.655" />
  <references type="weak" candidates="6" cleared="0" enqueued="0" />
  <stringconstants candidates="13243" cleared="0"  />
</gc-op>
<gc-op id="2704" type="classunload" timems="0.004" contextid="2700" timestamp="2019-06-15T00:50:14.240">
  <classunload-info classloadercandidates="53" classloadersunloaded="0" classesunloaded="0" anonymousclassesunloaded="0" quiescems="0.000" setupms="0.004" scanms="0.000" postms="0.000" />
</gc-op>
<gc-end id="2705" type="partial gc" contextid="2700" durationms="2.719" usertimems="4.000" systemtimems="0.000" timestamp="2019-06-15T00:50:14.240" activeThreads="1">
  <mem-info id="2706" free="46137344" total="76546048" percent="60">
    <mem type="eden" free="1048536" total="1048576" percent="99" />
    <remembered-set count="84384" freebytes="2717952" totalbytes="3055488" percent="88" regionsoverflowed="0" regionsstable="12" regionsrebuilding="0"/>
  </mem-info>
</gc-end>
<cycle-end id="2707" type="partial gc" contextid="2700" timestamp="2019-06-15T00:50:14.240" />
  <attribute name="elasticGC enabled" value="1" />
  <attribute name= "numThreadsSpecified" value="1" />
  <attribute name="heapSize specified" value="0" />
  <attribute name="Current GC Util" value="57" />
  <attribute name= "Current Time Running" value="20186" />
  <attribute name ="GC Interval" value="0" />
  <attribute name="ProportionalT" value="18.500000" />
  <attribute name="ProportionalI" value="18.500000" />
  <attribute name="ProportionalH" value="18.500000" />
  <attribute name="Current Error" value="37.000000" />
  <attribute name="IntegralT" value="0.000000" />
  <attribute name="IntegralI" value="0.000000" />
  <attribute name="IntegralH" value="0.000000" />
  <attribute name="DerivativeT" value="inf" />
  <attribute name="DerivativeI" value="inf" />
  <attribute name="DerivativeH" value="inf" />
  <attribute name="Loop Time for DT" value="0.000000" />
  <attribute name="Output H" value="8388608"/>
  <attribute name="Output I" value="200"/>
  <attribute name="Output T" value="1"/>
  <attribute name="Target GC Util Change" value ="20.000000" />
  <attribute name="Current GC Util Change" value="57.000000"/>
  <attribute name="GC Util currently" value="57" />
  <attribute name="CPU Util currently" value="15645297031823" />
<exclusive-end id="2708" timestamp="2019-06-15T00:50:14.241" durationms="3.788" />

<exclusive-start id="2709" timestamp="2019-06-15T00:50:14.256" intervalms="19.270">
  <response-info timems="0.078" idlems="0.078" threads="0" lastid="0000000001CEB700" lastname="main" />
</exclusive-start>
<allocation-taxation id="2710" taxation-threshold="26214400" timestamp="2019-06-15T00:50:14.256" intervalms="19.361" />
<cycle-start id="2711" type="partial gc" contextid="0" timestamp="2019-06-15T00:50:14.257" intervalms="19.492" />
<gc-start id="2712" type="partial gc" contextid="2711" timestamp="2019-06-15T00:50:14.257">
  <mem-info id="2713" free="19922944" total="76546048" percent="26">
    <mem type="eden" free="1048536" total="27262976" percent="3" />
    <remembered-set count="84160" freebytes="2718848" totalbytes="3055488" percent="88" regionsoverflowed="0" regionsstable="12" regionsrebuilding="0"/>
  </mem-info>
</gc-start>
<allocation-stats totalBytes="26178240" >
  <allocated-bytes non-tlh="0" tlh="26178240" arrayletleaf="0"/>
  <largest-consumer threadName="main" threadId="0000000001CEB700" bytes="26178240" />
</allocation-stats>
<gc-op id="2714" type="copy forward" timems="1.673" contextid="2711" timestamp="2019-06-15T00:50:14.260">
  <memory-copied type="eden" objects="2" bytes="40" bytesdiscarded="0" />
  <memory-copied type="other" objects="35" bytes="928" bytesdiscarded="344" />
  <memory-cardclean objects="46" bytes="9784" />
  <regions eden="25" other="3" />
  <remembered-set-cleared processed="82788" cleared="34" durationms="0.357" />
  <references type="weak" candidates="14" cleared="0" enqueued="0" />
  <stringconstants candidates="13243" cleared="0"  />
</gc-op>
<gc-op id="2715" type="classunload" timems="0.004" contextid="2711" timestamp="2019-06-15T00:50:14.260">
  <classunload-info classloadercandidates="53" classloadersunloaded="0" classesunloaded="0" anonymousclassesunloaded="0" quiescems="0.000" setupms="0.003" scanms="0.000" postms="0.000" />
</gc-op>
<heap-resize id="2716" type="contract" space="default" amount="1048576" count="1" timems="0.061" reason="excess free space following gc" timestamp="2019-06-15T00:50:14.260" />
<gc-end id="2717" type="partial gc" contextid="2711" durationms="3.047" usertimems="4.000" systemtimems="0.000" timestamp="2019-06-15T00:50:14.260" activeThreads="4">
  <mem-info id="2718" free="46137344" total="75497472" percent="61">
    <mem type="eden" free="1048536" total="1048576" percent="99" />
    <remembered-set count="84416" freebytes="2717824" totalbytes="3055488" percent="88" regionsoverflowed="0" regionsstable="12" regionsrebuilding="0"/>
  </mem-info>
</gc-end>
<cycle-end id="2719" type="partial gc" contextid="2711" timestamp="2019-06-15T00:50:14.260" />
  <attribute name="elasticGC enabled" value="1" />
  <attribute name= "numThreadsSpecified" value="4" />
  <attribute name="heapSize specified" value="0" />
  <attribute name="Current GC Util" value="82" />
  <attribute name= "Current Time Running" value="20206" />
  <attribute name ="GC Interval" value="0" />
  <attribute name="ProportionalT" value="31.000000" />
  <attribute name="ProportionalI" value="31.000000" />
  <attribute name="ProportionalH" value="31.000000" />
  <attribute name="Current Error" value="62.000000" />
  <attribute name="IntegralT" value="62.000000" />
  <attribute name="IntegralI" value="62.000000" />
  <attribute name="IntegralH" value="62.000000" />
  <attribute name="DerivativeT" value="31.000000" />
  <attribute name="DerivativeI" value="31.000000" />
  <attribute name="DerivativeH" value="31.000000" />
  <attribute name="Loop Time for DT" value="1.000000" />
  <attribute name="Output H" value="8388608"/>
  <attribute name="Output I" value="200"/>
  <attribute name="Output T" value="4"/>
  <attribute name="Target GC Util Change" value ="20.000000" />
  <attribute name="Current GC Util Change" value="82.000000"/>
  <attribute name="GC Util currently" value="82" />
  <attribute name="CPU Util currently" value="16106417089318" />
<exclusive-end id="2720" timestamp="2019-06-15T00:50:14.261" durationms="4.447" />

<exclusive-start id="2721" timestamp="2019-06-15T00:50:14.275" intervalms="19.300">
  <response-info timems="0.074" idlems="0.074" threads="0" lastid="0000000001CEB700" lastname="main" />
</exclusive-start>
<allocation-taxation id="2722" taxation-threshold="25165824" timestamp="2019-06-15T00:50:14.276" intervalms="19.212" />
<cycle-start id="2723" type="partial gc" contextid="0" timestamp="2019-06-15T00:50:14.276" intervalms="19.142" />
<gc-start id="2724" type="partial gc" contextid="2723" timestamp="2019-06-15T00:50:14.276">
  <mem-info id="2725" free="20971520" total="75497472" percent="27">
    <mem type="eden" free="1048536" total="26214400" percent="3" />
    <remembered-set count="83936" freebytes="2719744" totalbytes="3055488" percent="89" regionsoverflowed="0" regionsstable="12" regionsrebuilding="0"/>
  </mem-info>
</gc-start>
<allocation-stats totalBytes="25131120" >
  <allocated-bytes non-tlh="0" tlh="25131120" arrayletleaf="0"/>
  <largest-consumer threadName="main" threadId="0000000001CEB700" bytes="25131120" />
</allocation-stats>
<gc-op id="2726" type="copy forward" timems="1.591" contextid="2723" timestamp="2019-06-15T00:50:14.279">
  <memory-copied type="eden" objects="2" bytes="40" bytesdiscarded="0" />
  <memory-copied type="other" objects="27" bytes="5280" bytesdiscarded="1024" />
  <memory-cardclean objects="5372" bytes="191192" />
  <regions eden="24" other="3" />
  <remembered-set-cleared processed="81079" cleared="4032" durationms="0.350" />
  <references type="weak" candidates="16" cleared="0" enqueued="0" />
  <stringconstants candidates="13243" cleared="0"  />
</gc-op>
<gc-op id="2727" type="classunload" timems="0.005" contextid="2723" timestamp="2019-06-15T00:50:14.279">
  <classunload-info classloadercandidates="53" classloadersunloaded="0" classesunloaded="0" anonymousclassesunloaded="0" quiescems="0.000" setupms="0.005" scanms="0.000" postms="0.000" />
</gc-op>
<heap-resize id="2728" type="contract" space="default" amount="2097152" count="1" timems="0.050" reason="excess free space following gc" timestamp="2019-06-15T00:50:14.279" />
<gc-end id="2729" type="partial gc" contextid="2723" durationms="2.944" usertimems="8.000" systemtimems="0.000" timestamp="2019-06-15T00:50:14.279" activeThreads="4">
  <mem-info id="2730" free="45088768" total="73400320" percent="61">
    <mem type="eden" free="1048536" total="1048576" percent="99" />
    <remembered-set count="79616" freebytes="2695168" totalbytes="3013632" percent="89" regionsoverflowed="0" regionsstable="12" regionsrebuilding="0"/>
  </mem-info>
</gc-end>
<cycle-end id="2731" type="partial gc" contextid="2723" timestamp="2019-06-15T00:50:14.279" />
  <attribute name="elasticGC enabled" value="1" />
  <attribute name= "numThreadsSpecified" value="4" />
  <attribute name="heapSize specified" value="0" />
  <attribute name="Current GC Util" value="44" />
  <attribute name= "Current Time Running" value="20225" />
  <attribute name ="GC Interval" value="0" />
  <attribute name="ProportionalT" value="12.000000" />
  <attribute name="ProportionalI" value="12.000000" />
  <attribute name="ProportionalH" value="12.000000" />
  <attribute name="Current Error" value="24.000000" />
  <attribute name="IntegralT" value="24.000000" />
  <attribute name="IntegralI" value="24.000000" />
  <attribute name="IntegralH" value="24.000000" />
  <attribute name="DerivativeT" value="10.500000" />
  <attribute name="DerivativeI" value="10.500000" />
  <attribute name="DerivativeH" value="10.500000" />
  <attribute name="Loop Time for DT" value="1.000000" />
  <attribute name="Output H" value="8388608"/>
  <attribute name="Output I" value="200"/>
  <attribute name="Output T" value="4"/>
  <attribute name="Target GC Util Change" value ="20.000000" />
  <attribute name="Current GC Util Change" value="44.000000"/>
  <attribute name="GC Util currently" value="44" />
  <attribute name="CPU Util currently" value="10881185920983" />
<exclusive-end id="2732" timestamp="2019-06-15T00:50:14.279" durationms="4.036" />

<exclusive-start id="2733" timestamp="2019-06-15T00:50:14.303" intervalms="27.558">
  <response-info timems="0.075" idlems="0.075" threads="0" lastid="0000000001CEB700" lastname="main" />
</exclusive-start>
<allocation-taxation id="2734" taxation-threshold="25165824" timestamp="2019-06-15T00:50:14.303" intervalms="27.608" />
<cycle-start id="2735" type="partial gc" contextid="0" timestamp="2019-06-15T00:50:14.303" intervalms="27.625" />
<gc-start id="2736" type="partial gc" contextid="2735" timestamp="2019-06-15T00:50:14.304">
  <mem-info id="2737" free="19922944" total="73400320" percent="27">
    <mem type="eden" free="1048536" total="26214400" percent="3" />
    <remembered-set count="64096" freebytes="2757248" totalbytes="3013632" percent="91" regionsoverflowed="0" regionsstable="14" regionsrebuilding="0"/>
  </mem-info>
</gc-start>
<allocation-stats totalBytes="25147176" >
  <allocated-bytes non-tlh="3064" tlh="25144112" arrayletleaf="0"/>
  <largest-consumer threadName="main" threadId="0000000001CEB700" bytes="25147176" />
</allocation-stats>
<gc-op id="2738" type="copy forward" timems="1.896" contextid="2735" timestamp="2019-06-15T00:50:14.307">
  <memory-copied type="eden" objects="1301" bytes="53296" bytesdiscarded="2728" />
  <memory-copied type="other" objects="7" bytes="160" bytesdiscarded="0" />
  <memory-cardclean objects="695" bytes="30240" />
  <regions eden="24" other="2" />
  <remembered-set-cleared processed="63071" cleared="130" durationms="0.327" />
  <references type="soft" candidates="8" cleared="0" enqueued="0" dynamicThreshold="19" maxThreshold="32" />
  <references type="weak" candidates="17" cleared="0" enqueued="0" />
  <stringconstants candidates="13269" cleared="0"  />
</gc-op>
<gc-op id="2739" type="classunload" timems="0.004" contextid="2735" timestamp="2019-06-15T00:50:14.307">
  <classunload-info classloadercandidates="53" classloadersunloaded="0" classesunloaded="0" anonymousclassesunloaded="0" quiescems="0.000" setupms="0.004" scanms="0.000" postms="0.000" />
</gc-op>
<gc-end id="2740" type="partial gc" contextid="2735" durationms="3.272" usertimems="4.000" systemtimems="0.000" timestamp="2019-06-15T00:50:14.307" activeThreads="4">
  <mem-info id="2741" free="45088768" total="73400320" percent="61">
    <mem type="eden" free="992536" total="1048576" percent="94" />
    <remembered-set count="64960" freebytes="2670080" totalbytes="2929920" percent="91" regionsoverflowed="0" regionsstable="14" regionsrebuilding="0"/>
  </mem-info>
</gc-end>
<cycle-end id="2742" type="partial gc" contextid="2735" timestamp="2019-06-15T00:50:14.307" />
  <attribute name="elasticGC enabled" value="1" />
  <attribute name= "numThreadsSpecified" value="4" />
  <attribute name="heapSize specified" value="0" />
  <attribute name="Current GC Util" value="43" />
  <attribute name= "Current Time Running" value="20253" />
  <attribute name ="GC Interval" value="0" />
  <attribute name="ProportionalT" value="11.500000" />
  <attribute name="ProportionalI" value="11.500000" />
  <attribute name="ProportionalH" value="11.500000" />
  <attribute name="Current Error" value="23.000000" />
  <attribute name="IntegralT" value="23.000000" />
  <attribute name="IntegralI" value="23.000000" />
  <attribute name="IntegralH" value="23.000000" />
  <attribute name="DerivativeT" value="11.500000" />
  <attribute name="DerivativeI" value="11.500000" />
  <attribute name="DerivativeH" value="11.500000" />
  <attribute name="Loop Time for DT" value="1.000000" />
  <attribute name="Output H" value="8388608"/>
  <attribute name="Output I" value="200"/>
  <attribute name="Output T" value="4"/>
  <attribute name="Target GC Util Change" value ="20.000000" />
  <attribute name="Current GC Util Change" value="43.000000"/>
  <attribute name="GC Util currently" value="43" />
  <attribute name="CPU Util currently" value="9623839153419" />
<exclusive-end id="2743" timestamp="2019-06-15T00:50:14.308" durationms="4.545" />

<exclusive-start id="2744" timestamp="2019-06-15T00:50:14.331" intervalms="28.103">
  <response-info timems="0.086" idlems="0.086" threads="0" lastid="0000000001CEB700" lastname="main" />
</exclusive-start>
<allocation-taxation id="2745" taxation-threshold="25165824" timestamp="2019-06-15T00:50:14.331" intervalms="28.096" />
<cycle-start id="2746" type="partial gc" contextid="0" timestamp="2019-06-15T00:50:14.332" intervalms="28.120" />
<gc-start id="2747" type="partial gc" contextid="2746" timestamp="2019-06-15T00:50:14.332">
  <mem-info id="2748" free="19922944" total="73400320" percent="27">
    <mem type="eden" free="0" total="25165824" percent="0" />
    <remembered-set count="64512" freebytes="2671872" totalbytes="2929920" percent="91" regionsoverflowed="0" regionsstable="14" regionsrebuilding="0"/>
  </mem-info>
</gc-start>
<allocation-stats totalBytes="25163728" >
  <allocated-bytes non-tlh="0" tlh="25163728" arrayletleaf="0"/>
  <largest-consumer threadName="main" threadId="0000000001CEB700" bytes="25163728" />
</allocation-stats>
<gc-op id="2749" type="copy forward" timems="1.692" contextid="2746" timestamp="2019-06-15T00:50:14.334">
  <memory-copied type="eden" objects="23" bytes="728" bytesdiscarded="0" />
  <memory-copied type="other" objects="1312" bytes="53552" bytesdiscarded="0" />
  <memory-cardclean objects="247" bytes="20760" />
  <regions eden="24" other="2" />
  <remembered-set-cleared processed="63118" cleared="173" durationms="0.500" />
  <references type="soft" candidates="8" cleared="0" enqueued="0" dynamicThreshold="19" maxThreshold="32" />
  <references type="weak" candidates="35" cleared="0" enqueued="0" />
  <stringconstants candidates="13269" cleared="0"  />
</gc-op>
<gc-op id="2750" type="classunload" timems="0.004" contextid="2746" timestamp="2019-06-15T00:50:14.334">
  <classunload-info classloadercandidates="53" classloadersunloaded="0" classesunloaded="0" anonymousclassesunloaded="0" quiescems="0.000" setupms="0.004" scanms="0.000" postms="0.000" />
</gc-op>
<gc-end id="2751" type="partial gc" contextid="2746" durationms="2.846" usertimems="4.000" systemtimems="0.000" timestamp="2019-06-15T00:50:14.335" activeThreads="1">
  <mem-info id="2752" free="44040192" total="73400320" percent="60">
    <mem type="eden" free="1047848" total="1048576" percent="99" />
    <remembered-set count="64448" freebytes="2672128" totalbytes="2929920" percent="91" regionsoverflowed="0" regionsstable="14" regionsrebuilding="0"/>
  </mem-info>
</gc-end>
<cycle-end id="2753" type="partial gc" contextid="2746" timestamp="2019-06-15T00:50:14.335" />
  <attribute name="elasticGC enabled" value="1" />
  <attribute name= "numThreadsSpecified" value="1" />
  <attribute name="heapSize specified" value="0" />
  <attribute name="Current GC Util" value="68" />
  <attribute name= "Current Time Running" value="20280" />
  <attribute name ="GC Interval" value="0" />
  <attribute name="ProportionalT" value="24.000000" />
  <attribute name="ProportionalI" value="24.000000" />
  <attribute name="ProportionalH" value="24.000000" />
  <attribute name="Current Error" value="48.000000" />
  <attribute name="IntegralT" value="0.000000" />
  <attribute name="IntegralI" value="0.000000" />
  <attribute name="IntegralH" value="0.000000" />
  <attribute name="DerivativeT" value="inf" />
  <attribute name="DerivativeI" value="inf" />
  <attribute name="DerivativeH" value="inf" />
  <attribute name="Loop Time for DT" value="0.000000" />
  <attribute name="Output H" value="8388608"/>
  <attribute name="Output I" value="200"/>
  <attribute name="Output T" value="1"/>
  <attribute name="Target GC Util Change" value ="20.000000" />
  <attribute name="Current GC Util Change" value="68.000000"/>
  <attribute name="GC Util currently" value="68" />
  <attribute name="CPU Util currently" value="18733060005767" />
<exclusive-end id="2754" timestamp="2019-06-15T00:50:14.335" durationms="4.038" />

<exclusive-start id="2755" timestamp="2019-06-15T00:50:14.513" intervalms="181.619">
  <response-info timems="0.081" idlems="0.081" threads="0" lastid="0000000001CEB700" lastname="main" />
</exclusive-start>
<allocation-taxation id="2756" taxation-threshold="25165824" timestamp="2019-06-15T00:50:14.513" intervalms="181.617" />
<cycle-start id="2757" type="partial gc" contextid="0" timestamp="2019-06-15T00:50:14.513" intervalms="181.624" />
<gc-start id="2758" type="partial gc" contextid="2757" timestamp="2019-06-15T00:50:14.513">
  <mem-info id="2759" free="18874368" total="73400320" percent="25">
    <mem type="eden" free="0" total="25165824" percent="0" />
    <remembered-set count="64320" freebytes="2672640" totalbytes="2929920" percent="91" regionsoverflowed="0" regionsstable="14" regionsrebuilding="0"/>
  </mem-info>
</gc-start>
<allocation-stats totalBytes="25146264" >
  <allocated-bytes non-tlh="0" tlh="25146264" arrayletleaf="0"/>
  <largest-consumer threadName="main" threadId="0000000001CEB700" bytes="25146264" />
</allocation-stats>
<gc-op id="2760" type="copy forward" timems="1.579" contextid="2757" timestamp="2019-06-15T00:50:14.516">
  <memory-copied type="eden" objects="67" bytes="2808" bytesdiscarded="0" />
  <memory-copied type="other" objects="1345" bytes="97816" bytesdiscarded="0" />
  <memory-cardclean objects="272" bytes="21944" />
  <regions eden="24" other="2" />
  <remembered-set-cleared processed="63111" cleared="169" durationms="0.527" />
  <references type="soft" candidates="16" cleared="0" enqueued="0" dynamicThreshold="19" maxThreshold="32" />
  <references type="weak" candidates="52" cleared="0" enqueued="0" />
  <stringconstants candidates="13269" cleared="0"  />
</gc-op>
<gc-op id="2761" type="classunload" timems="0.004" contextid="2757" timestamp="2019-06-15T00:50:14.516">
  <classunload-info classloadercandidates="53" classloadersunloaded="0" classesunloaded="0" anonymousclassesunloaded="0" quiescems="0.000" setupms="0.004" scanms="0.000" postms="0.000" />
</gc-op>
<gc-end id="2762" type="partial gc" contextid="2757" durationms="2.828" usertimems="0.000" systemtimems="0.000" timestamp="2019-06-15T00:50:14.516" activeThreads="1">
  <mem-info id="2763" free="42991616" total="73400320" percent="58">
    <mem type="eden" free="1045768" total="1048576" percent="99" />
    <remembered-set count="64480" freebytes="2672000" totalbytes="2929920" percent="91" regionsoverflowed="0" regionsstable="14" regionsrebuilding="0"/>
  </mem-info>
</gc-end>
<cycle-end id="2764" type="partial gc" contextid="2757" timestamp="2019-06-15T00:50:14.516" />
  <attribute name="elasticGC enabled" value="1" />
  <attribute name= "numThreadsSpecified" value="1" />
  <attribute name="heapSize specified" value="0" />
  <attribute name="Current GC Util" value="84" />
  <attribute name= "Current Time Running" value="20462" />
  <attribute name ="GC Interval" value="0" />
  <attribute name="ProportionalT" value="32.000000" />
  <attribute name="ProportionalI" value="32.000000" />
  <attribute name="ProportionalH" value="32.000000" />
  <attribute name="Current Error" value="64.000000" />
  <attribute name="IntegralT" value="0.000000" />
  <attribute name="IntegralI" value="0.000000" />
  <attribute name="IntegralH" value="0.000000" />
  <attribute name="DerivativeT" value="inf" />
  <attribute name="DerivativeI" value="inf" />
  <attribute name="DerivativeH" value="inf" />
  <attribute name="Loop Time for DT" value="0.000000" />
  <attribute name="Output H" value="8388608"/>
  <attribute name="Output I" value="200"/>
  <attribute name="Output T" value="1"/>
  <attribute name="Target GC Util Change" value ="20.000000" />
  <attribute name="Current GC Util Change" value="84.000000"/>
  <attribute name="GC Util currently" value="84" />
  <attribute name="CPU Util currently" value="15832429781173" />
<exclusive-end id="2765" timestamp="2019-06-15T00:50:14.517" durationms="4.069" />

<exclusive-start id="2766" timestamp="2019-06-15T00:50:14.525" intervalms="11.853">
  <response-info timems="0.080" idlems="0.080" threads="0" lastid="0000000001CEB700" lastname="main" />
</exclusive-start>
<allocation-taxation id="2767" taxation-threshold="25165824" timestamp="2019-06-15T00:50:14.525" intervalms="11.839" />
<cycle-start id="2768" type="partial gc" contextid="0" timestamp="2019-06-15T00:50:14.525" intervalms="11.798" />
<gc-start id="2769" type="partial gc" contextid="2768" timestamp="2019-06-15T00:50:14.525">
  <mem-info id="2770" free="17825792" total="73400320" percent="24">
    <mem type="eden" free="0" total="25165824" percent="0" />
    <remembered-set count="64352" freebytes="2672512" totalbytes="2929920" percent="91" regionsoverflowed="0" regionsstable="14" regionsrebuilding="0"/>
  </mem-info>
</gc-start>
<allocation-stats totalBytes="25071200" >
  <allocated-bytes non-tlh="0" tlh="25071200" arrayletleaf="0"/>
  <largest-consumer threadName="main" threadId="0000000001CEB700" bytes="25071200" />
</allocation-stats>
<gc-op id="2771" type="copy forward" timems="1.235" contextid="2768" timestamp="2019-06-15T00:50:14.527">
  <memory-copied type="eden" objects="0" bytes="0" bytesdiscarded="0" />
  <memory-copied type="other" objects="67" bytes="2808" bytesdiscarded="0" />
  <memory-cardclean objects="55" bytes="1840" />
  <regions eden="24" other="1" />
  <remembered-set-cleared processed="63127" cleared="16" durationms="0.523" />
  <stringconstants candidates="13269" cleared="0"  />
</gc-op>
<gc-op id="2772" type="classunload" timems="0.026" contextid="2768" timestamp="2019-06-15T00:50:14.528">
  <classunload-info classloadercandidates="53" classloadersunloaded="0" classesunloaded="0" anonymousclassesunloaded="0" quiescems="0.000" setupms="0.026" scanms="0.000" postms="0.000" />
</gc-op>
<gc-end id="2773" type="partial gc" contextid="2768" durationms="2.533" usertimems="4.000" systemtimems="0.000" timestamp="2019-06-15T00:50:14.528" activeThreads="1">
  <mem-info id="2774" free="42991616" total="73400320" percent="58">
    <remembered-set count="64832" freebytes="2670592" totalbytes="2929920" percent="91" regionsoverflowed="0" regionsstable="14" regionsrebuilding="0"/>
  </mem-info>
</gc-end>
<cycle-end id="2775" type="partial gc" contextid="2768" timestamp="2019-06-15T00:50:14.528" />
  <attribute name="elasticGC enabled" value="1" />
  <attribute name= "numThreadsSpecified" value="1" />
  <attribute name="heapSize specified" value="0" />
  <attribute name="Current GC Util" value="84" />
  <attribute name= "Current Time Running" value="20474" />
  <attribute name ="GC Interval" value="0" />
  <attribute name="ProportionalT" value="32.000000" />
  <attribute name="ProportionalI" value="32.000000" />
  <attribute name="ProportionalH" value="32.000000" />
  <attribute name="Current Error" value="64.000000" />
  <attribute name="IntegralT" value="0.000000" />
  <attribute name="IntegralI" value="0.000000" />
  <attribute name="IntegralH" value="0.000000" />
  <attribute name="DerivativeT" value="inf" />
  <attribute name="DerivativeI" value="inf" />
  <attribute name="DerivativeH" value="inf" />
  <attribute name="Loop Time for DT" value="0.000000" />
  <attribute name="Output H" value="8388608"/>
  <attribute name="Output I" value="200"/>
  <attribute name="Output T" value="1"/>
  <attribute name="Target GC Util Change" value ="20.000000" />
  <attribute name="Current GC Util Change" value="84.000000"/>
  <attribute name="GC Util currently" value="84" />
  <attribute name="CPU Util currently" value="15780204893224" />
<exclusive-end id="2776" timestamp="2019-06-15T00:50:14.528" durationms="3.771" />

<exclusive-start id="2777" timestamp="2019-06-15T00:50:14.536" intervalms="11.636">
  <response-info timems="0.079" idlems="0.079" threads="0" lastid="0000000001CEB700" lastname="main" />
</exclusive-start>
<allocation-taxation id="2778" taxation-threshold="25165824" timestamp="2019-06-15T00:50:14.536" intervalms="11.668" />
<cycle-start id="2779" type="partial gc" contextid="0" timestamp="2019-06-15T00:50:14.537" intervalms="11.712" />
<gc-start id="2780" type="partial gc" contextid="2779" timestamp="2019-06-15T00:50:14.537">
  <mem-info id="2781" free="17825792" total="73400320" percent="24">
    <mem type="eden" free="0" total="25165824" percent="0" />
    <remembered-set count="64352" freebytes="2672512" totalbytes="2929920" percent="91" regionsoverflowed="0" regionsstable="14" regionsrebuilding="0"/>
  </mem-info>
</gc-start>
<allocation-stats totalBytes="25071200" >
  <allocated-bytes non-tlh="0" tlh="25071200" arrayletleaf="0"/>
  <largest-consumer threadName="main" threadId="0000000001CEB700" bytes="25071200" />
</allocation-stats>
<gc-op id="2782" type="copy forward" timems="1.178" contextid="2779" timestamp="2019-06-15T00:50:14.539">
  <memory-copied type="eden" objects="0" bytes="0" bytesdiscarded="0" />
  <memory-copied type="other" objects="0" bytes="0" bytesdiscarded="0" />
  <memory-cardclean objects="17" bytes="448" />
  <regions eden="24" other="0" />
  <remembered-set-cleared processed="63132" cleared="4" durationms="0.440" />
  <stringconstants candidates="13269" cleared="0"  />
</gc-op>
<gc-op id="2783" type="classunload" timems="0.017" contextid="2779" timestamp="2019-06-15T00:50:14.539">
  <classunload-info classloadercandidates="53" classloadersunloaded="0" classesunloaded="0" anonymousclassesunloaded="0" quiescems="0.000" setupms="0.017" scanms="0.000" postms="0.000" />
</gc-op>
<gc-end id="2784" type="partial gc" contextid="2779" durationms="2.456" usertimems="0.000" systemtimems="0.000" timestamp="2019-06-15T00:50:14.539" activeThreads="1">
  <mem-info id="2785" free="42991616" total="73400320" percent="58">
    <remembered-set count="64352" freebytes="2672512" totalbytes="2929920" percent="91" regionsoverflowed="0" regionsstable="14" regionsrebuilding="0"/>
  </mem-info>
</gc-end>
<cycle-end id="2786" type="partial gc" contextid="2779" timestamp="2019-06-15T00:50:14.540" />
  <attribute name="elasticGC enabled" value="1" />
  <attribute name= "numThreadsSpecified" value="1" />
  <attribute name="heapSize specified" value="0" />
  <attribute name="Current GC Util" value="62" />
  <attribute name= "Current Time Running" value="20485" />
  <attribute name ="GC Interval" value="0" />
  <attribute name="ProportionalT" value="21.000000" />
  <attribute name="ProportionalI" value="21.000000" />
  <attribute name="ProportionalH" value="21.000000" />
  <attribute name="Current Error" value="42.000000" />
  <attribute name="IntegralT" value="0.000000" />
  <attribute name="IntegralI" value="0.000000" />
  <attribute name="IntegralH" value="0.000000" />
  <attribute name="DerivativeT" value="inf" />
  <attribute name="DerivativeI" value="inf" />
  <attribute name="DerivativeH" value="inf" />
  <attribute name="Loop Time for DT" value="0.000000" />
  <attribute name="Output H" value="8388608"/>
  <attribute name="Output I" value="200"/>
  <attribute name="Output T" value="1"/>
  <attribute name="Target GC Util Change" value ="20.000000" />
  <attribute name="Current GC Util Change" value="62.000000"/>
  <attribute name="GC Util currently" value="62" />
  <attribute name="CPU Util currently" value="15761005529584" />
<exclusive-end id="2787" timestamp="2019-06-15T00:50:14.540" durationms="3.686" />

<exclusive-start id="2788" timestamp="2019-06-15T00:50:14.548" intervalms="11.386">
  <response-info timems="0.082" idlems="0.082" threads="0" lastid="0000000001CEB700" lastname="main" />
</exclusive-start>
<allocation-taxation id="2789" taxation-threshold="25165824" timestamp="2019-06-15T00:50:14.548" intervalms="11.391" />
<cycle-start id="2790" type="partial gc" contextid="0" timestamp="2019-06-15T00:50:14.548" intervalms="11.386" />
<gc-start id="2791" type="partial gc" contextid="2790" timestamp="2019-06-15T00:50:14.548">
  <mem-info id="2792" free="17825792" total="73400320" percent="24">
    <mem type="eden" free="0" total="25165824" percent="0" />
    <remembered-set count="64352" freebytes="2672512" totalbytes="2929920" percent="91" regionsoverflowed="0" regionsstable="14" regionsrebuilding="0"/>
  </mem-info>
</gc-start>
<allocation-stats totalBytes="25080656" >
  <allocated-bytes non-tlh="0" tlh="25080656" arrayletleaf="0"/>
  <largest-consumer threadName="main" threadId="0000000001CEB700" bytes="25080656" />
</allocation-stats>
<gc-op id="2793" type="copy forward" timems="1.198" contextid="2790" timestamp="2019-06-15T00:50:14.550">
  <memory-copied type="eden" objects="1" bytes="24" bytesdiscarded="0" />
  <memory-copied type="other" objects="0" bytes="0" bytesdiscarded="0" />
  <memory-cardclean objects="17" bytes="448" />
  <regions eden="24" other="0" />
  <remembered-set-cleared processed="63130" cleared="2" durationms="0.455" />
  <stringconstants candidates="13269" cleared="0"  />
</gc-op>
<gc-op id="2794" type="classunload" timems="0.005" contextid="2790" timestamp="2019-06-15T00:50:14.550">
  <classunload-info classloadercandidates="53" classloadersunloaded="0" classesunloaded="0" anonymousclassesunloaded="0" quiescems="0.000" setupms="0.004" scanms="0.000" postms="0.000" />
</gc-op>
<heap-resize id="2795" type="expand" space="default" amount="5242880" count="1" timems="0.058" reason="excessive time being spent in gc" timestamp="2019-06-15T00:50:14.551" />
<gc-end id="2796" type="partial gc" contextid="2790" durationms="2.696" usertimems="4.000" systemtimems="0.000" timestamp="2019-06-15T00:50:14.551" activeThreads="1">
  <mem-info id="2797" free="47185920" total="78643200" percent="60">
    <mem type="eden" free="1048552" total="1048576" percent="99" />
    <remembered-set count="64864" freebytes="2879744" totalbytes="3139200" percent="91" regionsoverflowed="0" regionsstable="14" regionsrebuilding="0"/>
  </mem-info>
</gc-end>
<cycle-end id="2798" type="partial gc" contextid="2790" timestamp="2019-06-15T00:50:14.551" />
  <attribute name="elasticGC enabled" value="1" />
  <attribute name= "numThreadsSpecified" value="1" />
  <attribute name="heapSize specified" value="0" />
  <attribute name="Current GC Util" value="70" />
  <attribute name= "Current Time Running" value="20497" />
  <attribute name ="GC Interval" value="0" />
  <attribute name="ProportionalT" value="25.000000" />
  <attribute name="ProportionalI" value="25.000000" />
  <attribute name="ProportionalH" value="25.000000" />
  <attribute name="Current Error" value="50.000000" />
  <attribute name="IntegralT" value="0.000000" />
  <attribute name="IntegralI" value="0.000000" />
  <attribute name="IntegralH" value="0.000000" />
  <attribute name="DerivativeT" value="inf" />
  <attribute name="DerivativeI" value="inf" />
  <attribute name="DerivativeH" value="inf" />
  <attribute name="Loop Time for DT" value="0.000000" />
  <attribute name="Output H" value="8388608"/>
  <attribute name="Output I" value="200"/>
  <attribute name="Output T" value="1"/>
  <attribute name="Target GC Util Change" value ="20.000000" />
  <attribute name="Current GC Util Change" value="70.000000"/>
  <attribute name="GC Util currently" value="70" />
  <attribute name="CPU Util currently" value="15502403435847" />
<exclusive-end id="2799" timestamp="2019-06-15T00:50:14.551" durationms="3.885" />

<exclusive-start id="2800" timestamp="2019-06-15T00:50:14.560" intervalms="12.107">
  <response-info timems="0.054" idlems="0.054" threads="0" lastid="0000000001CEB700" lastname="main" />
</exclusive-start>
<allocation-taxation id="2801" taxation-threshold="26214400" timestamp="2019-06-15T00:50:14.560" intervalms="12.083" />
<cycle-start id="2802" type="partial gc" contextid="0" timestamp="2019-06-15T00:50:14.560" intervalms="12.073" />
<gc-start id="2803" type="partial gc" contextid="2802" timestamp="2019-06-15T00:50:14.560">
  <mem-info id="2804" free="20971520" total="78643200" percent="26">
    <mem type="eden" free="1048552" total="27262976" percent="3" />
    <remembered-set count="64384" freebytes="2881664" totalbytes="3139200" percent="91" regionsoverflowed="0" regionsstable="14" regionsrebuilding="0"/>
  </mem-info>
</gc-start>
<allocation-stats totalBytes="26126112" >
  <allocated-bytes non-tlh="0" tlh="26126112" arrayletleaf="0"/>
  <largest-consumer threadName="main" threadId="0000000001CEB700" bytes="26126112" />
</allocation-stats>
<gc-op id="2805" type="copy forward" timems="1.199" contextid="2802" timestamp="2019-06-15T00:50:14.562">
  <memory-copied type="eden" objects="1" bytes="24" bytesdiscarded="0" />
  <memory-copied type="other" objects="0" bytes="0" bytesdiscarded="0" />
  <memory-cardclean objects="17" bytes="448" />
  <regions eden="25" other="1" />
  <remembered-set-cleared processed="63131" cleared="3" durationms="0.455" />
  <stringconstants candidates="13269" cleared="0"  />
</gc-op>
<gc-op id="2806" type="classunload" timems="0.004" contextid="2802" timestamp="2019-06-15T00:50:14.563">
  <classunload-info classloadercandidates="53" classloadersunloaded="0" classesunloaded="0" anonymousclassesunloaded="0" quiescems="0.000" setupms="0.004" scanms="0.000" postms="0.000" />
</gc-op>
<gc-end id="2807" type="partial gc" contextid="2802" durationms="2.365" usertimems="4.000" systemtimems="0.000" timestamp="2019-06-15T00:50:14.563" activeThreads="1">
  <mem-info id="2808" free="47185920" total="78643200" percent="60">
    <mem type="eden" free="1048552" total="1048576" percent="99" />
    <remembered-set count="64864" freebytes="2879744" totalbytes="3139200" percent="91" regionsoverflowed="0" regionsstable="14" regionsrebuilding="0"/>
  </mem-info>
</gc-end>
<cycle-end id="2809" type="partial gc" contextid="2802" timestamp="2019-06-15T00:50:14.563" />
  <attribute name="elasticGC enabled" value="1" />
  <attribute name= "numThreadsSpecified" value="1" />
  <attribute name="heapSize specified" value="0" />
  <attribute name="Current GC Util" value="97" />
  <attribute name= "Current Time Running" value="20509" />
  <attribute name ="GC Interval" value="0" />
  <attribute name="ProportionalT" value="38.500000" />
  <attribute name="ProportionalI" value="38.500000" />
  <attribute name="ProportionalH" value="38.500000" />
  <attribute name="Current Error" value="77.000000" />
  <attribute name="IntegralT" value="0.000000" />
  <attribute name="IntegralI" value="0.000000" />
  <attribute name="IntegralH" value="0.000000" />
  <attribute name="DerivativeT" value="inf" />
  <attribute name="DerivativeI" value="inf" />
  <attribute name="DerivativeH" value="inf" />
  <attribute name="Loop Time for DT" value="0.000000" />
  <attribute name="Output H" value="8388608"/>
  <attribute name="Output I" value="200"/>
  <attribute name="Output T" value="1"/>
  <attribute name="Target GC Util Change" value ="20.000000" />
  <attribute name="Current GC Util Change" value="97.000000"/>
  <attribute name="GC Util currently" value="97" />
  <attribute name="CPU Util currently" value="18268950489200" />
<exclusive-end id="2810" timestamp="2019-06-15T00:50:14.563" durationms="3.569" />

<exclusive-start id="2811" timestamp="2019-06-15T00:50:14.571" intervalms="11.761">
  <response-info timems="0.073" idlems="0.073" threads="0" lastid="0000000001CEB700" lastname="main" />
</exclusive-start>
<allocation-taxation id="2812" taxation-threshold="26214400" timestamp="2019-06-15T00:50:14.572" intervalms="11.737" />
<cycle-start id="2813" type="partial gc" contextid="0" timestamp="2019-06-15T00:50:14.572" intervalms="11.718" />
<gc-start id="2814" type="partial gc" contextid="2813" timestamp="2019-06-15T00:50:14.572">
  <mem-info id="2815" free="20971520" total="78643200" percent="26">
    <mem type="eden" free="1048552" total="27262976" percent="3" />
    <remembered-set count="64384" freebytes="2881664" totalbytes="3139200" percent="91" regionsoverflowed="0" regionsstable="14" regionsrebuilding="0"/>
  </mem-info>
</gc-start>
<allocation-stats totalBytes="26126112" >
  <allocated-bytes non-tlh="0" tlh="26126112" arrayletleaf="0"/>
  <largest-consumer threadName="main" threadId="0000000001CEB700" bytes="26126112" />
</allocation-stats>
<gc-op id="2816" type="copy forward" timems="1.479" contextid="2813" timestamp="2019-06-15T00:50:14.574">
  <memory-copied type="eden" objects="1" bytes="24" bytesdiscarded="0" />
  <memory-copied type="other" objects="0" bytes="0" bytesdiscarded="0" />
  <memory-cardclean objects="17" bytes="448" />
  <regions eden="25" other="1" />
  <remembered-set-cleared processed="63131" cleared="3" durationms="0.325" />
  <stringconstants candidates="13269" cleared="0"  />
</gc-op>
<gc-op id="2817" type="classunload" timems="0.003" contextid="2813" timestamp="2019-06-15T00:50:14.574">
  <classunload-info classloadercandidates="53" classloadersunloaded="0" classesunloaded="0" anonymousclassesunloaded="0" quiescems="0.000" setupms="0.003" scanms="0.000" postms="0.000" />
</gc-op>
<gc-end id="2818" type="partial gc" contextid="2813" durationms="2.451" usertimems="4.000" systemtimems="0.000" timestamp="2019-06-15T00:50:14.575" activeThreads="4">
  <mem-info id="2819" free="47185920" total="78643200" percent="60">
    <mem type="eden" free="1048552" total="1048576" percent="99" />
    <remembered-set count="64256" freebytes="2882176" totalbytes="3139200" percent="91" regionsoverflowed="0" regionsstable="14" regionsrebuilding="0"/>
  </mem-info>
</gc-end>
<cycle-end id="2820" type="partial gc" contextid="2813" timestamp="2019-06-15T00:50:14.575" />
  <attribute name="elasticGC enabled" value="1" />
  <attribute name= "numThreadsSpecified" value="4" />
  <attribute name="heapSize specified" value="0" />
  <attribute name="Current GC Util" value="81" />
  <attribute name= "Current Time Running" value="20521" />
  <attribute name ="GC Interval" value="0" />
  <attribute name="ProportionalT" value="30.500000" />
  <attribute name="ProportionalI" value="30.500000" />
  <attribute name="ProportionalH" value="30.500000" />
  <attribute name="Current Error" value="61.000000" />
  <attribute name="IntegralT" value="61.000000" />
  <attribute name="IntegralI" value="61.000000" />
  <attribute name="IntegralH" value="61.000000" />
  <attribute name="DerivativeT" value="30.500000" />
  <attribute name="DerivativeI" value="30.500000" />
  <attribute name="DerivativeH" value="30.500000" />
  <attribute name="Loop Time for DT" value="1.000000" />
  <attribute name="Output H" value="8388608"/>
  <attribute name="Output I" value="200"/>
  <attribute name="Output T" value="4"/>
  <attribute name="Target GC Util Change" value ="20.000000" />
  <attribute name="Current GC Util Change" value="81.000000"/>
  <attribute name="GC Util currently" value="81" />
  <attribute name="CPU Util currently" value="18536683905446" />
<exclusive-end id="2821" timestamp="2019-06-15T00:50:14.575" durationms="3.477" />

<exclusive-start id="2822" timestamp="2019-06-15T00:50:14.583" intervalms="11.610">
  <response-info timems="0.078" idlems="0.078" threads="0" lastid="0000000001CEB700" lastname="main" />
</exclusive-start>
<allocation-taxation id="2823" taxation-threshold="26214400" timestamp="2019-06-15T00:50:14.583" intervalms="11.625" />
<cycle-start id="2824" type="partial gc" contextid="0" timestamp="2019-06-15T00:50:14.584" intervalms="11.640" />
<gc-start id="2825" type="partial gc" contextid="2824" timestamp="2019-06-15T00:50:14.584">
  <mem-info id="2826" free="20971520" total="78643200" percent="26">
    <mem type="eden" free="1048552" total="27262976" percent="3" />
    <remembered-set count="63776" freebytes="2884096" totalbytes="3139200" percent="91" regionsoverflowed="0" regionsstable="14" regionsrebuilding="0"/>
  </mem-info>
</gc-start>
<allocation-stats totalBytes="26126112" >
  <allocated-bytes non-tlh="0" tlh="26126112" arrayletleaf="0"/>
  <largest-consumer threadName="main" threadId="0000000001CEB700" bytes="26126112" />
</allocation-stats>
<gc-op id="2827" type="copy forward" timems="1.204" contextid="2824" timestamp="2019-06-15T00:50:14.586">
  <memory-copied type="eden" objects="1" bytes="24" bytesdiscarded="0" />
  <memory-copied type="other" objects="0" bytes="0" bytesdiscarded="0" />
  <memory-cardclean objects="17" bytes="448" />
  <regions eden="25" other="1" />
  <remembered-set-cleared processed="63131" cleared="3" durationms="0.451" />
  <stringconstants candidates="13269" cleared="0"  />
</gc-op>
<gc-op id="2828" type="classunload" timems="0.003" contextid="2824" timestamp="2019-06-15T00:50:14.586">
  <classunload-info classloadercandidates="53" classloadersunloaded="0" classesunloaded="0" anonymousclassesunloaded="0" quiescems="0.000" setupms="0.003" scanms="0.000" postms="0.000" />
</gc-op>
<gc-end id="2829" type="partial gc" contextid="2824" durationms="2.318" usertimems="0.000" systemtimems="0.000" timestamp="2019-06-15T00:50:14.586" activeThreads="1">
  <mem-info id="2830" free="47185920" total="78643200" percent="60">
    <mem type="eden" free="1048552" total="1048576" percent="99" />
    <remembered-set count="64256" freebytes="2882176" totalbytes="3139200" percent="91" regionsoverflowed="0" regionsstable="14" regionsrebuilding="0"/>
  </mem-info>
</gc-end>
<cycle-end id="2831" type="partial gc" contextid="2824" timestamp="2019-06-15T00:50:14.586" />
  <attribute name="elasticGC enabled" value="1" />
  <attribute name= "numThreadsSpecified" value="1" />
  <attribute name="heapSize specified" value="0" />
  <attribute name="Current GC Util" value="56" />
  <attribute name= "Current Time Running" value="20532" />
  <attribute name ="GC Interval" value="0" />
  <attribute name="ProportionalT" value="18.000000" />
  <attribute name="ProportionalI" value="18.000000" />
  <attribute name="ProportionalH" value="18.000000" />
  <attribute name="Current Error" value="36.000000" />
  <attribute name="IntegralT" value="0.000000" />
  <attribute name="IntegralI" value="0.000000" />
  <attribute name="IntegralH" value="0.000000" />
  <attribute name="DerivativeT" value="inf" />
  <attribute name="DerivativeI" value="inf" />
  <attribute name="DerivativeH" value="inf" />
  <attribute name="Loop Time for DT" value="0.000000" />
  <attribute name="Output H" value="8388608"/>
  <attribute name="Output I" value="200"/>
  <attribute name="Output T" value="1"/>
  <attribute name="Target GC Util Change" value ="20.000000" />
  <attribute name="Current GC Util Change" value="56.000000"/>
  <attribute name="GC Util currently" value="56" />
  <attribute name="CPU Util currently" value="20262685817760" />
<exclusive-end id="2832" timestamp="2019-06-15T00:50:14.586" durationms="3.413" />

<exclusive-start id="2833" timestamp="2019-06-15T00:50:14.595" intervalms="11.632">
  <response-info timems="0.075" idlems="0.075" threads="0" lastid="0000000001CEB700" lastname="main" />
</exclusive-start>
<allocation-taxation id="2834" taxation-threshold="26214400" timestamp="2019-06-15T00:50:14.595" intervalms="11.643" />
<cycle-start id="2835" type="partial gc" contextid="0" timestamp="2019-06-15T00:50:14.595" intervalms="11.627" />
<gc-start id="2836" type="partial gc" contextid="2835" timestamp="2019-06-15T00:50:14.595">
  <mem-info id="2837" free="20971520" total="78643200" percent="26">
    <mem type="eden" free="1048552" total="27262976" percent="3" />
    <remembered-set count="63776" freebytes="2884096" totalbytes="3139200" percent="91" regionsoverflowed="0" regionsstable="14" regionsrebuilding="0"/>
  </mem-info>
</gc-start>
<allocation-stats totalBytes="26126112" >
  <allocated-bytes non-tlh="0" tlh="26126112" arrayletleaf="0"/>
  <largest-consumer threadName="main" threadId="0000000001CEB700" bytes="26126112" />
</allocation-stats>
<gc-op id="2838" type="copy forward" timems="1.196" contextid="2835" timestamp="2019-06-15T00:50:14.597">
  <memory-copied type="eden" objects="1" bytes="24" bytesdiscarded="0" />
  <memory-copied type="other" objects="0" bytes="0" bytesdiscarded="0" />
  <memory-cardclean objects="17" bytes="448" />
  <regions eden="25" other="1" />
  <remembered-set-cleared processed="63131" cleared="3" durationms="0.448" />
  <stringconstants candidates="13269" cleared="0"  />
</gc-op>
<gc-op id="2839" type="classunload" timems="0.004" contextid="2835" timestamp="2019-06-15T00:50:14.597">
  <classunload-info classloadercandidates="53" classloadersunloaded="0" classesunloaded="0" anonymousclassesunloaded="0" quiescems="0.000" setupms="0.004" scanms="0.000" postms="0.000" />
</gc-op>
<gc-end id="2840" type="partial gc" contextid="2835" durationms="2.332" usertimems="0.000" systemtimems="0.000" timestamp="2019-06-15T00:50:14.598" activeThreads="1">
  <mem-info id="2841" free="47185920" total="78643200" percent="60">
    <mem type="eden" free="1048552" total="1048576" percent="99" />
    <remembered-set count="64256" freebytes="2882176" totalbytes="3139200" percent="91" regionsoverflowed="0" regionsstable="14" regionsrebuilding="0"/>
  </mem-info>
</gc-end>
<cycle-end id="2842" type="partial gc" contextid="2835" timestamp="2019-06-15T00:50:14.598" />
  <attribute name="elasticGC enabled" value="1" />
  <attribute name= "numThreadsSpecified" value="1" />
  <attribute name="heapSize specified" value="0" />
  <attribute name="Current GC Util" value="86" />
  <attribute name= "Current Time Running" value="20544" />
  <attribute name ="GC Interval" value="0" />
  <attribute name="ProportionalT" value="33.000000" />
  <attribute name="ProportionalI" value="33.000000" />
  <attribute name="ProportionalH" value="33.000000" />
  <attribute name="Current Error" value="66.000000" />
  <attribute name="IntegralT" value="0.000000" />
  <attribute name="IntegralI" value="0.000000" />
  <attribute name="IntegralH" value="0.000000" />
  <attribute name="DerivativeT" value="inf" />
  <attribute name="DerivativeI" value="inf" />
  <attribute name="DerivativeH" value="inf" />
  <attribute name="Loop Time for DT" value="0.000000" />
  <attribute name="Output H" value="8388608"/>
  <attribute name="Output I" value="200"/>
  <attribute name="Output T" value="1"/>
  <attribute name="Target GC Util Change" value ="20.000000" />
  <attribute name="Current GC Util Change" value="86.000000"/>
  <attribute name="GC Util currently" value="86" />
  <attribute name="CPU Util currently" value="18333151706569" />
<exclusive-end id="2843" timestamp="2019-06-15T00:50:14.598" durationms="3.497" />

<exclusive-start id="2844" timestamp="2019-06-15T00:50:14.606" intervalms="11.622">
  <response-info timems="0.077" idlems="0.077" threads="0" lastid="0000000001CEB700" lastname="main" />
</exclusive-start>
<allocation-taxation id="2845" taxation-threshold="26214400" timestamp="2019-06-15T00:50:14.606" intervalms="11.560" />
<cycle-start id="2846" type="partial gc" contextid="0" timestamp="2019-06-15T00:50:14.607" intervalms="11.519" />
<gc-start id="2847" type="partial gc" contextid="2846" timestamp="2019-06-15T00:50:14.607">
  <mem-info id="2848" free="20971520" total="78643200" percent="26">
    <mem type="eden" free="1048552" total="27262976" percent="3" />
    <remembered-set count="63776" freebytes="2884096" totalbytes="3139200" percent="91" regionsoverflowed="0" regionsstable="14" regionsrebuilding="0"/>
  </mem-info>
</gc-start>
<allocation-stats totalBytes="26126112" >
  <allocated-bytes non-tlh="0" tlh="26126112" arrayletleaf="0"/>
  <largest-consumer threadName="main" threadId="0000000001CEB700" bytes="26126112" />
</allocation-stats>
<gc-op id="2849" type="copy forward" timems="1.198" contextid="2846" timestamp="2019-06-15T00:50:14.609">
  <memory-copied type="eden" objects="1" bytes="24" bytesdiscarded="0" />
  <memory-copied type="other" objects="0" bytes="0" bytesdiscarded="0" />
  <memory-cardclean objects="17" bytes="448" />
  <regions eden="25" other="1" />
  <remembered-set-cleared processed="63131" cleared="3" durationms="0.460" />
  <stringconstants candidates="13269" cleared="0"  />
</gc-op>
<gc-op id="2850" type="classunload" timems="0.004" contextid="2846" timestamp="2019-06-15T00:50:14.609">
  <classunload-info classloadercandidates="53" classloadersunloaded="0" classesunloaded="0" anonymousclassesunloaded="0" quiescems="0.000" setupms="0.004" scanms="0.000" postms="0.000" />
</gc-op>
<gc-end id="2851" type="partial gc" contextid="2846" durationms="2.320" usertimems="4.000" systemtimems="0.000" timestamp="2019-06-15T00:50:14.609" activeThreads="1">
  <mem-info id="2852" free="47185920" total="78643200" percent="60">
    <mem type="eden" free="1048552" total="1048576" percent="99" />
    <remembered-set count="64256" freebytes="2882176" totalbytes="3139200" percent="91" regionsoverflowed="0" regionsstable="14" regionsrebuilding="0"/>
  </mem-info>
</gc-end>
<cycle-end id="2853" type="partial gc" contextid="2846" timestamp="2019-06-15T00:50:14.609" />
  <attribute name="elasticGC enabled" value="1" />
  <attribute name= "numThreadsSpecified" value="1" />
  <attribute name="heapSize specified" value="0" />
  <attribute name="Current GC Util" value="73" />
  <attribute name= "Current Time Running" value="20555" />
  <attribute name ="GC Interval" value="0" />
  <attribute name="ProportionalT" value="26.500000" />
  <attribute name="ProportionalI" value="26.500000" />
  <attribute name="ProportionalH" value="26.500000" />
  <attribute name="Current Error" value="53.000000" />
  <attribute name="IntegralT" value="0.000000" />
  <attribute name="IntegralI" value="0.000000" />
  <attribute name="IntegralH" value="0.000000" />
  <attribute name="DerivativeT" value="inf" />
  <attribute name="DerivativeI" value="inf" />
  <attribute name="DerivativeH" value="inf" />
  <attribute name="Loop Time for DT" value="0.000000" />
  <attribute name="Output H" value="8388608"/>
  <attribute name="Output I" value="200"/>
  <attribute name="Output T" value="1"/>
  <attribute name="Target GC Util Change" value ="20.000000" />
  <attribute name="Current GC Util Change" value="73.000000"/>
  <attribute name="GC Util currently" value="73" />
  <attribute name="CPU Util currently" value="18614122100243" />
<exclusive-end id="2854" timestamp="2019-06-15T00:50:14.610" durationms="3.337" />

<exclusive-start id="2855" timestamp="2019-06-15T00:50:14.618" intervalms="11.465">
  <response-info timems="0.074" idlems="0.074" threads="0" lastid="0000000001CEB700" lastname="main" />
</exclusive-start>
<allocation-taxation id="2856" taxation-threshold="26214400" timestamp="2019-06-15T00:50:14.618" intervalms="11.454" />
<cycle-start id="2857" type="partial gc" contextid="0" timestamp="2019-06-15T00:50:14.618" intervalms="11.547" />
<gc-start id="2858" type="partial gc" contextid="2857" timestamp="2019-06-15T00:50:14.618">
  <mem-info id="2859" free="20971520" total="78643200" percent="26">
    <mem type="eden" free="1048552" total="27262976" percent="3" />
    <remembered-set count="63776" freebytes="2884096" totalbytes="3139200" percent="91" regionsoverflowed="0" regionsstable="14" regionsrebuilding="0"/>
  </mem-info>
</gc-start>
<allocation-stats totalBytes="26126112" >
  <allocated-bytes non-tlh="0" tlh="26126112" arrayletleaf="0"/>
  <largest-consumer threadName="main" threadId="0000000001CEB700" bytes="26126112" />
</allocation-stats>
<gc-op id="2860" type="copy forward" timems="1.213" contextid="2857" timestamp="2019-06-15T00:50:14.620">
  <memory-copied type="eden" objects="1" bytes="24" bytesdiscarded="0" />
  <memory-copied type="other" objects="0" bytes="0" bytesdiscarded="0" />
  <memory-cardclean objects="17" bytes="448" />
  <regions eden="25" other="1" />
  <remembered-set-cleared processed="63131" cleared="3" durationms="0.472" />
  <stringconstants candidates="13269" cleared="0"  />
</gc-op>
<gc-op id="2861" type="classunload" timems="0.003" contextid="2857" timestamp="2019-06-15T00:50:14.621">
  <classunload-info classloadercandidates="53" classloadersunloaded="0" classesunloaded="0" anonymousclassesunloaded="0" quiescems="0.000" setupms="0.003" scanms="0.000" postms="0.000" />
</gc-op>
<gc-end id="2862" type="partial gc" contextid="2857" durationms="2.295" usertimems="0.000" systemtimems="0.000" timestamp="2019-06-15T00:50:14.621" activeThreads="1">
  <mem-info id="2863" free="47185920" total="78643200" percent="60">
    <mem type="eden" free="1048552" total="1048576" percent="99" />
    <remembered-set count="64256" freebytes="2882176" totalbytes="3139200" percent="91" regionsoverflowed="0" regionsstable="14" regionsrebuilding="0"/>
  </mem-info>
</gc-end>
<cycle-end id="2864" type="partial gc" contextid="2857" timestamp="2019-06-15T00:50:14.621" />
  <attribute name="elasticGC enabled" value="1" />
  <attribute name= "numThreadsSpecified" value="1" />
  <attribute name="heapSize specified" value="0" />
  <attribute name="Current GC Util" value="68" />
  <attribute name= "Current Time Running" value="20567" />
  <attribute name ="GC Interval" value="0" />
  <attribute name="ProportionalT" value="24.000000" />
  <attribute name="ProportionalI" value="24.000000" />
  <attribute name="ProportionalH" value="24.000000" />
  <attribute name="Current Error" value="48.000000" />
  <attribute name="IntegralT" value="0.000000" />
  <attribute name="IntegralI" value="0.000000" />
  <attribute name="IntegralH" value="0.000000" />
  <attribute name="DerivativeT" value="inf" />
  <attribute name="DerivativeI" value="inf" />
  <attribute name="DerivativeH" value="inf" />
  <attribute name="Loop Time for DT" value="0.000000" />
  <attribute name="Output H" value="8388608"/>
  <attribute name="Output I" value="200"/>
  <attribute name="Output T" value="1"/>
  <attribute name="Target GC Util Change" value ="20.000000" />
  <attribute name="Current GC Util Change" value="68.000000"/>
  <attribute name="GC Util currently" value="68" />
  <attribute name="CPU Util currently" value="20974793869613" />
<exclusive-end id="2865" timestamp="2019-06-15T00:50:14.621" durationms="3.419" />

<exclusive-start id="2866" timestamp="2019-06-15T00:50:14.629" intervalms="11.644">
  <response-info timems="0.075" idlems="0.075" threads="0" lastid="0000000001CEB700" lastname="main" />
</exclusive-start>
<allocation-taxation id="2867" taxation-threshold="26214400" timestamp="2019-06-15T00:50:14.630" intervalms="11.710" />
<cycle-start id="2868" type="partial gc" contextid="0" timestamp="2019-06-15T00:50:14.630" intervalms="11.669" />
<gc-start id="2869" type="partial gc" contextid="2868" timestamp="2019-06-15T00:50:14.630">
  <mem-info id="2870" free="20971520" total="78643200" percent="26">
    <mem type="eden" free="1048552" total="27262976" percent="3" />
    <remembered-set count="63776" freebytes="2884096" totalbytes="3139200" percent="91" regionsoverflowed="0" regionsstable="14" regionsrebuilding="0"/>
  </mem-info>
</gc-start>
<allocation-stats totalBytes="26126112" >
  <allocated-bytes non-tlh="0" tlh="26126112" arrayletleaf="0"/>
  <largest-consumer threadName="main" threadId="0000000001CEB700" bytes="26126112" />
</allocation-stats>
<gc-op id="2871" type="copy forward" timems="1.452" contextid="2868" timestamp="2019-06-15T00:50:14.632">
  <memory-copied type="eden" objects="1" bytes="24" bytesdiscarded="0" />
  <memory-copied type="other" objects="0" bytes="0" bytesdiscarded="0" />
  <memory-cardclean objects="17" bytes="448" />
  <regions eden="25" other="1" />
  <remembered-set-cleared processed="63131" cleared="3" durationms="0.297" />
  <stringconstants candidates="13269" cleared="0"  />
</gc-op>
<gc-op id="2872" type="classunload" timems="0.003" contextid="2868" timestamp="2019-06-15T00:50:14.632">
  <classunload-info classloadercandidates="53" classloadersunloaded="0" classesunloaded="0" anonymousclassesunloaded="0" quiescems="0.000" setupms="0.003" scanms="0.000" postms="0.000" />
</gc-op>
<gc-end id="2873" type="partial gc" contextid="2868" durationms="2.491" usertimems="4.000" systemtimems="0.000" timestamp="2019-06-15T00:50:14.633" activeThreads="4">
  <mem-info id="2874" free="47185920" total="78643200" percent="60">
    <mem type="eden" free="1048552" total="1048576" percent="99" />
    <remembered-set count="64256" freebytes="2882176" totalbytes="3139200" percent="91" regionsoverflowed="0" regionsstable="14" regionsrebuilding="0"/>
  </mem-info>
</gc-end>
<cycle-end id="2875" type="partial gc" contextid="2868" timestamp="2019-06-15T00:50:14.633" />
  <attribute name="elasticGC enabled" value="1" />
  <attribute name= "numThreadsSpecified" value="4" />
  <attribute name="heapSize specified" value="0" />
  <attribute name="Current GC Util" value="84" />
  <attribute name= "Current Time Running" value="20579" />
  <attribute name ="GC Interval" value="0" />
  <attribute name="ProportionalT" value="32.000000" />
  <attribute name="ProportionalI" value="32.000000" />
  <attribute name="ProportionalH" value="32.000000" />
  <attribute name="Current Error" value="64.000000" />
  <attribute name="IntegralT" value="64.000000" />
  <attribute name="IntegralI" value="64.000000" />
  <attribute name="IntegralH" value="64.000000" />
  <attribute name="DerivativeT" value="32.000000" />
  <attribute name="DerivativeI" value="32.000000" />
  <attribute name="DerivativeH" value="32.000000" />
  <attribute name="Loop Time for DT" value="1.000000" />
  <attribute name="Output H" value="8388608"/>
  <attribute name="Output I" value="200"/>
  <attribute name="Output T" value="4"/>
  <attribute name="Target GC Util Change" value ="20.000000" />
  <attribute name="Current GC Util Change" value="84.000000"/>
  <attribute name="GC Util currently" value="84" />
  <attribute name="CPU Util currently" value="19497585798039" />
<exclusive-end id="2876" timestamp="2019-06-15T00:50:14.633" durationms="3.613" />

<exclusive-start id="2877" timestamp="2019-06-15T00:50:14.641" intervalms="11.811">
  <response-info timems="0.077" idlems="0.077" threads="0" lastid="0000000001CEB700" lastname="main" />
</exclusive-start>
<allocation-taxation id="2878" taxation-threshold="26214400" timestamp="2019-06-15T00:50:14.641" intervalms="11.809" />
<cycle-start id="2879" type="partial gc" contextid="0" timestamp="2019-06-15T00:50:14.642" intervalms="11.829" />
<gc-start id="2880" type="partial gc" contextid="2879" timestamp="2019-06-15T00:50:14.642">
  <mem-info id="2881" free="20971520" total="78643200" percent="26">
    <mem type="eden" free="1048552" total="27262976" percent="3" />
    <remembered-set count="64256" freebytes="2882176" totalbytes="3139200" percent="91" regionsoverflowed="0" regionsstable="14" regionsrebuilding="0"/>
  </mem-info>
</gc-start>
<allocation-stats totalBytes="26126112" >
  <allocated-bytes non-tlh="0" tlh="26126112" arrayletleaf="0"/>
  <largest-consumer threadName="main" threadId="0000000001CEB700" bytes="26126112" />
</allocation-stats>
<gc-op id="2882" type="copy forward" timems="1.143" contextid="2879" timestamp="2019-06-15T00:50:14.644">
  <memory-copied type="eden" objects="1" bytes="24" bytesdiscarded="0" />
  <memory-copied type="other" objects="0" bytes="0" bytesdiscarded="0" />
  <memory-cardclean objects="17" bytes="448" />
  <regions eden="25" other="1" />
  <remembered-set-cleared processed="63132" cleared="4" durationms="0.445" />
  <stringconstants candidates="13269" cleared="0"  />
</gc-op>
<gc-op id="2883" type="classunload" timems="0.004" contextid="2879" timestamp="2019-06-15T00:50:14.644">
  <classunload-info classloadercandidates="53" classloadersunloaded="0" classesunloaded="0" anonymousclassesunloaded="0" quiescems="0.000" setupms="0.003" scanms="0.000" postms="0.000" />
</gc-op>
<gc-end id="2884" type="partial gc" contextid="2879" durationms="2.309" usertimems="4.000" systemtimems="0.000" timestamp="2019-06-15T00:50:14.644" activeThreads="1">
  <mem-info id="2885" free="47185920" total="78643200" percent="60">
    <mem type="eden" free="1048552" total="1048576" percent="99" />
    <remembered-set count="64704" freebytes="2880384" totalbytes="3139200" percent="91" regionsoverflowed="0" regionsstable="14" regionsrebuilding="0"/>
  </mem-info>
</gc-end>
<cycle-end id="2886" type="partial gc" contextid="2879" timestamp="2019-06-15T00:50:14.644" />
  <attribute name="elasticGC enabled" value="1" />
  <attribute name= "numThreadsSpecified" value="1" />
  <attribute name="heapSize specified" value="0" />
  <attribute name="Current GC Util" value="78" />
  <attribute name= "Current Time Running" value="20590" />
  <attribute name ="GC Interval" value="0" />
  <attribute name="ProportionalT" value="29.000000" />
  <attribute name="ProportionalI" value="29.000000" />
  <attribute name="ProportionalH" value="29.000000" />
  <attribute name="Current Error" value="58.000000" />
  <attribute name="IntegralT" value="0.000000" />
  <attribute name="IntegralI" value="0.000000" />
  <attribute name="IntegralH" value="0.000000" />
  <attribute name="DerivativeT" value="inf" />
  <attribute name="DerivativeI" value="inf" />
  <attribute name="DerivativeH" value="inf" />
  <attribute name="Loop Time for DT" value="0.000000" />
  <attribute name="Output H" value="8388608"/>
  <attribute name="Output I" value="200"/>
  <attribute name="Output T" value="1"/>
  <attribute name="Target GC Util Change" value ="20.000000" />
  <attribute name="Current GC Util Change" value="78.000000"/>
  <attribute name="GC Util currently" value="78" />
  <attribute name="CPU Util currently" value="19217600296604" />
<exclusive-end id="2887" timestamp="2019-06-15T00:50:14.645" durationms="3.492" />

<exclusive-start id="2888" timestamp="2019-06-15T00:50:14.653" intervalms="11.624">
  <response-info timems="0.073" idlems="0.073" threads="0" lastid="0000000001CEB700" lastname="main" />
</exclusive-start>
<allocation-taxation id="2889" taxation-threshold="26214400" timestamp="2019-06-15T00:50:14.653" intervalms="11.552" />
<cycle-start id="2890" type="partial gc" contextid="0" timestamp="2019-06-15T00:50:14.653" intervalms="11.573" />
<gc-start id="2891" type="partial gc" contextid="2890" timestamp="2019-06-15T00:50:14.654">
  <mem-info id="2892" free="20971520" total="78643200" percent="26">
    <mem type="eden" free="1048552" total="27262976" percent="3" />
    <remembered-set count="64224" freebytes="2882304" totalbytes="3139200" percent="91" regionsoverflowed="0" regionsstable="14" regionsrebuilding="0"/>
  </mem-info>
</gc-start>
<allocation-stats totalBytes="26126112" >
  <allocated-bytes non-tlh="0" tlh="26126112" arrayletleaf="0"/>
  <largest-consumer threadName="main" threadId="0000000001CEB700" bytes="26126112" />
</allocation-stats>
<gc-op id="2893" type="copy forward" timems="1.154" contextid="2890" timestamp="2019-06-15T00:50:14.655">
  <memory-copied type="eden" objects="1" bytes="24" bytesdiscarded="0" />
  <memory-copied type="other" objects="0" bytes="0" bytesdiscarded="0" />
  <memory-cardclean objects="17" bytes="448" />
  <regions eden="25" other="1" />
  <remembered-set-cleared processed="63131" cleared="3" durationms="0.454" />
  <stringconstants candidates="13269" cleared="0"  />
</gc-op>
<gc-op id="2894" type="classunload" timems="0.003" contextid="2890" timestamp="2019-06-15T00:50:14.656">
  <classunload-info classloadercandidates="53" classloadersunloaded="0" classesunloaded="0" anonymousclassesunloaded="0" quiescems="0.000" setupms="0.003" scanms="0.000" postms="0.000" />
</gc-op>
<gc-end id="2895" type="partial gc" contextid="2890" durationms="2.289" usertimems="4.000" systemtimems="0.000" timestamp="2019-06-15T00:50:14.656" activeThreads="1">
  <mem-info id="2896" free="47185920" total="78643200" percent="60">
    <mem type="eden" free="1048552" total="1048576" percent="99" />
    <remembered-set count="64704" freebytes="2880384" totalbytes="3139200" percent="91" regionsoverflowed="0" regionsstable="14" regionsrebuilding="0"/>
  </mem-info>
</gc-end>
<cycle-end id="2897" type="partial gc" contextid="2890" timestamp="2019-06-15T00:50:14.656" />
  <attribute name="elasticGC enabled" value="1" />
  <attribute name= "numThreadsSpecified" value="1" />
  <attribute name="heapSize specified" value="0" />
  <attribute name="Current GC Util" value="85" />
  <attribute name= "Current Time Running" value="20602" />
  <attribute name ="GC Interval" value="0" />
  <attribute name="ProportionalT" value="32.500000" />
  <attribute name="ProportionalI" value="32.500000" />
  <attribute name="ProportionalH" value="32.500000" />
  <attribute name="Current Error" value="65.000000" />
  <attribute name="IntegralT" value="0.000000" />
  <attribute name="IntegralI" value="0.000000" />
  <attribute name="IntegralH" value="0.000000" />
  <attribute name="DerivativeT" value="inf" />
  <attribute name="DerivativeI" value="inf" />
  <attribute name="DerivativeH" value="inf" />
  <attribute name="Loop Time for DT" value="0.000000" />
  <attribute name="Output H" value="8388608"/>
  <attribute name="Output I" value="200"/>
  <attribute name="Output T" value="1"/>
  <attribute name="Target GC Util Change" value ="20.000000" />
  <attribute name="Current GC Util Change" value="85.000000"/>
  <attribute name="GC Util currently" value="85" />
  <attribute name="CPU Util currently" value="20397206375767" />
<exclusive-end id="2898" timestamp="2019-06-15T00:50:14.656" durationms="3.434" />

<exclusive-start id="2899" timestamp="2019-06-15T00:50:14.664" intervalms="11.566">
  <response-info timems="0.076" idlems="0.076" threads="0" lastid="0000000001CEB700" lastname="main" />
</exclusive-start>
<allocation-taxation id="2900" taxation-threshold="26214400" timestamp="2019-06-15T00:50:14.665" intervalms="11.643" />
<cycle-start id="2901" type="partial gc" contextid="0" timestamp="2019-06-15T00:50:14.665" intervalms="11.596" />
<gc-start id="2902" type="partial gc" contextid="2901" timestamp="2019-06-15T00:50:14.665">
  <mem-info id="2903" free="20971520" total="78643200" percent="26">
    <mem type="eden" free="1048552" total="27262976" percent="3" />
    <remembered-set count="64224" freebytes="2882304" totalbytes="3139200" percent="91" regionsoverflowed="0" regionsstable="14" regionsrebuilding="0"/>
  </mem-info>
</gc-start>
<allocation-stats totalBytes="26126112" >
  <allocated-bytes non-tlh="0" tlh="26126112" arrayletleaf="0"/>
  <largest-consumer threadName="main" threadId="0000000001CEB700" bytes="26126112" />
</allocation-stats>
<gc-op id="2904" type="copy forward" timems="1.576" contextid="2901" timestamp="2019-06-15T00:50:14.668">
  <memory-copied type="eden" objects="1" bytes="24" bytesdiscarded="0" />
  <memory-copied type="other" objects="0" bytes="0" bytesdiscarded="0" />
  <memory-cardclean objects="17" bytes="448" />
  <regions eden="25" other="1" />
  <remembered-set-cleared processed="63131" cleared="3" durationms="0.296" />
  <stringconstants candidates="13269" cleared="0"  />
</gc-op>
<gc-op id="2905" type="classunload" timems="0.003" contextid="2901" timestamp="2019-06-15T00:50:14.668">
  <classunload-info classloadercandidates="53" classloadersunloaded="0" classesunloaded="0" anonymousclassesunloaded="0" quiescems="0.000" setupms="0.003" scanms="0.000" postms="0.000" />
</gc-op>
<gc-end id="2906" type="partial gc" contextid="2901" durationms="2.707" usertimems="0.000" systemtimems="0.000" timestamp="2019-06-15T00:50:14.668" activeThreads="4">
  <mem-info id="2907" free="47185920" total="78643200" percent="60">
    <mem type="eden" free="1048552" total="1048576" percent="99" />
    <remembered-set count="64256" freebytes="2882176" totalbytes="3139200" percent="91" regionsoverflowed="0" regionsstable="14" regionsrebuilding="0"/>
  </mem-info>
</gc-end>
<cycle-end id="2908" type="partial gc" contextid="2901" timestamp="2019-06-15T00:50:14.668" />
  <attribute name="elasticGC enabled" value="1" />
  <attribute name= "numThreadsSpecified" value="4" />
  <attribute name="heapSize specified" value="0" />
  <attribute name="Current GC Util" value="85" />
  <attribute name= "Current Time Running" value="20614" />
  <attribute name ="GC Interval" value="0" />
  <attribute name="ProportionalT" value="32.500000" />
  <attribute name="ProportionalI" value="32.500000" />
  <attribute name="ProportionalH" value="32.500000" />
  <attribute name="Current Error" value="65.000000" />
  <attribute name="IntegralT" value="65.000000" />
  <attribute name="IntegralI" value="65.000000" />
  <attribute name="IntegralH" value="65.000000" />
  <attribute name="DerivativeT" value="32.500000" />
  <attribute name="DerivativeI" value="32.500000" />
  <attribute name="DerivativeH" value="32.500000" />
  <attribute name="Loop Time for DT" value="1.000000" />
  <attribute name="Output H" value="8388608"/>
  <attribute name="Output I" value="200"/>
  <attribute name="Output T" value="4"/>
  <attribute name="Target GC Util Change" value ="20.000000" />
  <attribute name="Current GC Util Change" value="85.000000"/>
  <attribute name="GC Util currently" value="85" />
  <attribute name="CPU Util currently" value="18403091779370" />
<exclusive-end id="2909" timestamp="2019-06-15T00:50:14.668" durationms="3.726" />

<exclusive-start id="2910" timestamp="2019-06-15T00:50:14.676" intervalms="11.833">
  <response-info timems="0.077" idlems="0.077" threads="0" lastid="0000000001CEB700" lastname="main" />
</exclusive-start>
<allocation-taxation id="2911" taxation-threshold="26214400" timestamp="2019-06-15T00:50:14.676" intervalms="11.801" />
<cycle-start id="2912" type="partial gc" contextid="0" timestamp="2019-06-15T00:50:14.677" intervalms="11.801" />
<gc-start id="2913" type="partial gc" contextid="2912" timestamp="2019-06-15T00:50:14.677">
  <mem-info id="2914" free="20971520" total="78643200" percent="26">
    <mem type="eden" free="1048552" total="27262976" percent="3" />
    <remembered-set count="63776" freebytes="2884096" totalbytes="3139200" percent="91" regionsoverflowed="0" regionsstable="14" regionsrebuilding="0"/>
  </mem-info>
</gc-start>
<allocation-stats totalBytes="26126112" >
  <allocated-bytes non-tlh="0" tlh="26126112" arrayletleaf="0"/>
  <largest-consumer threadName="main" threadId="0000000001CEB700" bytes="26126112" />
</allocation-stats>
<gc-op id="2915" type="copy forward" timems="1.194" contextid="2912" timestamp="2019-06-15T00:50:14.679">
  <memory-copied type="eden" objects="1" bytes="24" bytesdiscarded="0" />
  <memory-copied type="other" objects="0" bytes="0" bytesdiscarded="0" />
  <memory-cardclean objects="17" bytes="448" />
  <regions eden="25" other="1" />
  <remembered-set-cleared processed="63131" cleared="3" durationms="0.452" />
  <stringconstants candidates="13269" cleared="0"  />
</gc-op>
<gc-op id="2916" type="classunload" timems="0.004" contextid="2912" timestamp="2019-06-15T00:50:14.679">
  <classunload-info classloadercandidates="53" classloadersunloaded="0" classesunloaded="0" anonymousclassesunloaded="0" quiescems="0.000" setupms="0.004" scanms="0.000" postms="0.000" />
</gc-op>
<gc-end id="2917" type="partial gc" contextid="2912" durationms="2.387" usertimems="0.000" systemtimems="0.000" timestamp="2019-06-15T00:50:14.679" activeThreads="1">
  <mem-info id="2918" free="47185920" total="78643200" percent="60">
    <mem type="eden" free="1048552" total="1048576" percent="99" />
    <remembered-set count="64256" freebytes="2882176" totalbytes="3139200" percent="91" regionsoverflowed="0" regionsstable="14" regionsrebuilding="0"/>
  </mem-info>
</gc-end>
<cycle-end id="2919" type="partial gc" contextid="2912" timestamp="2019-06-15T00:50:14.680" />
  <attribute name="elasticGC enabled" value="1" />
  <attribute name= "numThreadsSpecified" value="1" />
  <attribute name="heapSize specified" value="0" />
  <attribute name="Current GC Util" value="67" />
  <attribute name= "Current Time Running" value="20625" />
  <attribute name ="GC Interval" value="0" />
  <attribute name="ProportionalT" value="23.500000" />
  <attribute name="ProportionalI" value="23.500000" />
  <attribute name="ProportionalH" value="23.500000" />
  <attribute name="Current Error" value="47.000000" />
  <attribute name="IntegralT" value="0.000000" />
  <attribute name="IntegralI" value="0.000000" />
  <attribute name="IntegralH" value="0.000000" />
  <attribute name="DerivativeT" value="inf" />
  <attribute name="DerivativeI" value="inf" />
  <attribute name="DerivativeH" value="inf" />
  <attribute name="Loop Time for DT" value="0.000000" />
  <attribute name="Output H" value="8388608"/>
  <attribute name="Output I" value="200"/>
  <attribute name="Output T" value="1"/>
  <attribute name="Target GC Util Change" value ="20.000000" />
  <attribute name="Current GC Util Change" value="67.000000"/>
  <attribute name="GC Util currently" value="67" />
  <attribute name="CPU Util currently" value="20071840398743" />
<exclusive-end id="2920" timestamp="2019-06-15T00:50:14.680" durationms="3.534" />

<exclusive-start id="2921" timestamp="2019-06-15T00:50:14.688" intervalms="11.652">
  <response-info timems="0.076" idlems="0.076" threads="0" lastid="0000000001CEB700" lastname="main" />
</exclusive-start>
<allocation-taxation id="2922" taxation-threshold="26214400" timestamp="2019-06-15T00:50:14.688" intervalms="11.680" />
<cycle-start id="2923" type="partial gc" contextid="0" timestamp="2019-06-15T00:50:14.688" intervalms="11.697" />
<gc-start id="2924" type="partial gc" contextid="2923" timestamp="2019-06-15T00:50:14.689">
  <mem-info id="2925" free="20971520" total="78643200" percent="26">
    <mem type="eden" free="1048552" total="27262976" percent="3" />
    <remembered-set count="63776" freebytes="2884096" totalbytes="3139200" percent="91" regionsoverflowed="0" regionsstable="14" regionsrebuilding="0"/>
  </mem-info>
</gc-start>
<allocation-stats totalBytes="26126112" >
  <allocated-bytes non-tlh="0" tlh="26126112" arrayletleaf="0"/>
  <largest-consumer threadName="main" threadId="0000000001CEB700" bytes="26126112" />
</allocation-stats>
<gc-op id="2926" type="copy forward" timems="1.186" contextid="2923" timestamp="2019-06-15T00:50:14.691">
  <memory-copied type="eden" objects="1" bytes="24" bytesdiscarded="0" />
  <memory-copied type="other" objects="0" bytes="0" bytesdiscarded="0" />
  <memory-cardclean objects="17" bytes="448" />
  <regions eden="25" other="1" />
  <remembered-set-cleared processed="63131" cleared="3" durationms="0.452" />
  <stringconstants candidates="13269" cleared="0"  />
</gc-op>
<gc-op id="2927" type="classunload" timems="0.003" contextid="2923" timestamp="2019-06-15T00:50:14.691">
  <classunload-info classloadercandidates="53" classloadersunloaded="0" classesunloaded="0" anonymousclassesunloaded="0" quiescems="0.000" setupms="0.003" scanms="0.000" postms="0.000" />
</gc-op>
<gc-end id="2928" type="partial gc" contextid="2923" durationms="2.343" usertimems="4.000" systemtimems="0.000" timestamp="2019-06-15T00:50:14.691" activeThreads="1">
  <mem-info id="2929" free="47185920" total="78643200" percent="60">
    <mem type="eden" free="1048552" total="1048576" percent="99" />
    <remembered-set count="64256" freebytes="2882176" totalbytes="3139200" percent="91" regionsoverflowed="0" regionsstable="14" regionsrebuilding="0"/>
  </mem-info>
</gc-end>
<cycle-end id="2930" type="partial gc" contextid="2923" timestamp="2019-06-15T00:50:14.691" />
  <attribute name="elasticGC enabled" value="1" />
  <attribute name= "numThreadsSpecified" value="1" />
  <attribute name="heapSize specified" value="0" />
  <attribute name="Current GC Util" value="81" />
  <attribute name= "Current Time Running" value="20637" />
  <attribute name ="GC Interval" value="0" />
  <attribute name="ProportionalT" value="30.500000" />
  <attribute name="ProportionalI" value="30.500000" />
  <attribute name="ProportionalH" value="30.500000" />
  <attribute name="Current Error" value="61.000000" />
  <attribute name="IntegralT" value="0.000000" />
  <attribute name="IntegralI" value="0.000000" />
  <attribute name="IntegralH" value="0.000000" />
  <attribute name="DerivativeT" value="inf" />
  <attribute name="DerivativeI" value="inf" />
  <attribute name="DerivativeH" value="inf" />
  <attribute name="Loop Time for DT" value="0.000000" />
  <attribute name="Output H" value="8388608"/>
  <attribute name="Output I" value="200"/>
  <attribute name="Output T" value="1"/>
  <attribute name="Target GC Util Change" value ="20.000000" />
  <attribute name="Current GC Util Change" value="81.000000"/>
  <attribute name="GC Util currently" value="81" />
  <attribute name="CPU Util currently" value="18636011242653" />
<exclusive-end id="2931" timestamp="2019-06-15T00:50:14.691" durationms="3.477" />

<exclusive-start id="2932" timestamp="2019-06-15T00:50:14.700" intervalms="11.600">
  <response-info timems="0.081" idlems="0.081" threads="0" lastid="0000000001CEB700" lastname="main" />
</exclusive-start>
<allocation-taxation id="2933" taxation-threshold="26214400" timestamp="2019-06-15T00:50:14.700" intervalms="11.572" />
<cycle-start id="2934" type="partial gc" contextid="0" timestamp="2019-06-15T00:50:14.700" intervalms="11.555" />
<gc-start id="2935" type="partial gc" contextid="2934" timestamp="2019-06-15T00:50:14.700">
  <mem-info id="2936" free="20971520" total="78643200" percent="26">
    <mem type="eden" free="1048552" total="27262976" percent="3" />
    <remembered-set count="63776" freebytes="2884096" totalbytes="3139200" percent="91" regionsoverflowed="0" regionsstable="14" regionsrebuilding="0"/>
  </mem-info>
</gc-start>
<allocation-stats totalBytes="26126112" >
  <allocated-bytes non-tlh="0" tlh="26126112" arrayletleaf="0"/>
  <largest-consumer threadName="main" threadId="0000000001CEB700" bytes="26126112" />
</allocation-stats>
<gc-op id="2937" type="copy forward" timems="1.531" contextid="2934" timestamp="2019-06-15T00:50:14.702">
  <memory-copied type="eden" objects="1" bytes="24" bytesdiscarded="0" />
  <memory-copied type="other" objects="0" bytes="0" bytesdiscarded="0" />
  <memory-cardclean objects="17" bytes="448" />
  <regions eden="25" other="1" />
  <remembered-set-cleared processed="63131" cleared="3" durationms="0.300" />
  <stringconstants candidates="13269" cleared="0"  />
</gc-op>
<gc-op id="2938" type="classunload" timems="0.004" contextid="2934" timestamp="2019-06-15T00:50:14.703">
  <classunload-info classloadercandidates="53" classloadersunloaded="0" classesunloaded="0" anonymousclassesunloaded="0" quiescems="0.000" setupms="0.003" scanms="0.000" postms="0.000" />
</gc-op>
<gc-end id="2939" type="partial gc" contextid="2934" durationms="2.584" usertimems="4.000" systemtimems="0.000" timestamp="2019-06-15T00:50:14.703" activeThreads="4">
  <mem-info id="2940" free="47185920" total="78643200" percent="60">
    <mem type="eden" free="1048552" total="1048576" percent="99" />
    <remembered-set count="64256" freebytes="2882176" totalbytes="3139200" percent="91" regionsoverflowed="0" regionsstable="14" regionsrebuilding="0"/>
  </mem-info>
</gc-end>
<cycle-end id="2941" type="partial gc" contextid="2934" timestamp="2019-06-15T00:50:14.703" />
  <attribute name="elasticGC enabled" value="1" />
  <attribute name= "numThreadsSpecified" value="4" />
  <attribute name="heapSize specified" value="0" />
  <attribute name="Current GC Util" value="85" />
  <attribute name= "Current Time Running" value="20649" />
  <attribute name ="GC Interval" value="0" />
  <attribute name="ProportionalT" value="32.500000" />
  <attribute name="ProportionalI" value="32.500000" />
  <attribute name="ProportionalH" value="32.500000" />
  <attribute name="Current Error" value="65.000000" />
  <attribute name="IntegralT" value="65.000000" />
  <attribute name="IntegralI" value="65.000000" />
  <attribute name="IntegralH" value="65.000000" />
  <attribute name="DerivativeT" value="32.500000" />
  <attribute name="DerivativeI" value="32.500000" />
  <attribute name="DerivativeH" value="32.500000" />
  <attribute name="Loop Time for DT" value="1.000000" />
  <attribute name="Output H" value="8388608"/>
  <attribute name="Output I" value="200"/>
  <attribute name="Output T" value="4"/>
  <attribute name="Target GC Util Change" value ="20.000000" />
  <attribute name="Current GC Util Change" value="85.000000"/>
  <attribute name="GC Util currently" value="85" />
  <attribute name="CPU Util currently" value="18473197531111" />
<exclusive-end id="2942" timestamp="2019-06-15T00:50:14.703" durationms="3.546" />

<exclusive-start id="2943" timestamp="2019-06-15T00:50:14.711" intervalms="11.741">
  <response-info timems="0.077" idlems="0.077" threads="0" lastid="0000000001CEB700" lastname="main" />
</exclusive-start>
<allocation-taxation id="2944" taxation-threshold="26214400" timestamp="2019-06-15T00:50:14.711" intervalms="11.747" />
<cycle-start id="2945" type="partial gc" contextid="0" timestamp="2019-06-15T00:50:14.712" intervalms="11.770" />
<gc-start id="2946" type="partial gc" contextid="2945" timestamp="2019-06-15T00:50:14.712">
  <mem-info id="2947" free="20971520" total="78643200" percent="26">
    <mem type="eden" free="1048552" total="27262976" percent="3" />
    <remembered-set count="63776" freebytes="2884096" totalbytes="3139200" percent="91" regionsoverflowed="0" regionsstable="14" regionsrebuilding="0"/>
  </mem-info>
</gc-start>
<allocation-stats totalBytes="26126112" >
  <allocated-bytes non-tlh="0" tlh="26126112" arrayletleaf="0"/>
  <largest-consumer threadName="main" threadId="0000000001CEB700" bytes="26126112" />
</allocation-stats>
<gc-op id="2948" type="copy forward" timems="1.226" contextid="2945" timestamp="2019-06-15T00:50:14.714">
  <memory-copied type="eden" objects="1" bytes="24" bytesdiscarded="0" />
  <memory-copied type="other" objects="0" bytes="0" bytesdiscarded="0" />
  <memory-cardclean objects="17" bytes="448" />
  <regions eden="25" other="1" />
  <remembered-set-cleared processed="63131" cleared="3" durationms="0.458" />
  <stringconstants candidates="13269" cleared="0"  />
</gc-op>
<gc-op id="2949" type="classunload" timems="0.003" contextid="2945" timestamp="2019-06-15T00:50:14.714">
  <classunload-info classloadercandidates="53" classloadersunloaded="0" classesunloaded="0" anonymousclassesunloaded="0" quiescems="0.000" setupms="0.003" scanms="0.000" postms="0.000" />
</gc-op>
<gc-end id="2950" type="partial gc" contextid="2945" durationms="2.401" usertimems="0.000" systemtimems="0.000" timestamp="2019-06-15T00:50:14.714" activeThreads="1">
  <mem-info id="2951" free="47185920" total="78643200" percent="60">
    <mem type="eden" free="1048552" total="1048576" percent="99" />
    <remembered-set count="64256" freebytes="2882176" totalbytes="3139200" percent="91" regionsoverflowed="0" regionsstable="14" regionsrebuilding="0"/>
  </mem-info>
</gc-end>
<cycle-end id="2952" type="partial gc" contextid="2945" timestamp="2019-06-15T00:50:14.715" />
  <attribute name="elasticGC enabled" value="1" />
  <attribute name= "numThreadsSpecified" value="1" />
  <attribute name="heapSize specified" value="0" />
  <attribute name="Current GC Util" value="75" />
  <attribute name= "Current Time Running" value="20660" />
  <attribute name ="GC Interval" value="0" />
  <attribute name="ProportionalT" value="27.500000" />
  <attribute name="ProportionalI" value="27.500000" />
  <attribute name="ProportionalH" value="27.500000" />
  <attribute name="Current Error" value="55.000000" />
  <attribute name="IntegralT" value="0.000000" />
  <attribute name="IntegralI" value="0.000000" />
  <attribute name="IntegralH" value="0.000000" />
  <attribute name="DerivativeT" value="inf" />
  <attribute name="DerivativeI" value="inf" />
  <attribute name="DerivativeH" value="inf" />
  <attribute name="Loop Time for DT" value="0.000000" />
  <attribute name="Output H" value="8388608"/>
  <attribute name="Output I" value="200"/>
  <attribute name="Output T" value="1"/>
  <attribute name="Target GC Util Change" value ="20.000000" />
  <attribute name="Current GC Util Change" value="75.000000"/>
  <attribute name="GC Util currently" value="75" />
  <attribute name="CPU Util currently" value="18403312095329" />
<exclusive-end id="2953" timestamp="2019-06-15T00:50:14.715" durationms="3.563" />

<exclusive-start id="2954" timestamp="2019-06-15T00:50:14.723" intervalms="11.692">
  <response-info timems="0.074" idlems="0.074" threads="0" lastid="0000000001CEB700" lastname="main" />
</exclusive-start>
<allocation-taxation id="2955" taxation-threshold="26214400" timestamp="2019-06-15T00:50:14.723" intervalms="11.637" />
<cycle-start id="2956" type="partial gc" contextid="0" timestamp="2019-06-15T00:50:14.723" intervalms="11.658" />
<gc-start id="2957" type="partial gc" contextid="2956" timestamp="2019-06-15T00:50:14.724">
  <mem-info id="2958" free="20971520" total="78643200" percent="26">
    <mem type="eden" free="1048552" total="27262976" percent="3" />
    <remembered-set count="63776" freebytes="2884096" totalbytes="3139200" percent="91" regionsoverflowed="0" regionsstable="14" regionsrebuilding="0"/>
  </mem-info>
</gc-start>
<allocation-stats totalBytes="26126112" >
  <allocated-bytes non-tlh="0" tlh="26126112" arrayletleaf="0"/>
  <largest-consumer threadName="main" threadId="0000000001CEB700" bytes="26126112" />
</allocation-stats>
<gc-op id="2959" type="copy forward" timems="1.184" contextid="2956" timestamp="2019-06-15T00:50:14.726">
  <memory-copied type="eden" objects="1" bytes="24" bytesdiscarded="0" />
  <memory-copied type="other" objects="0" bytes="0" bytesdiscarded="0" />
  <memory-cardclean objects="17" bytes="448" />
  <regions eden="25" other="1" />
  <remembered-set-cleared processed="63131" cleared="3" durationms="0.450" />
  <stringconstants candidates="13269" cleared="0"  />
</gc-op>
<gc-op id="2960" type="classunload" timems="0.003" contextid="2956" timestamp="2019-06-15T00:50:14.726">
  <classunload-info classloadercandidates="53" classloadersunloaded="0" classesunloaded="0" anonymousclassesunloaded="0" quiescems="0.000" setupms="0.003" scanms="0.000" postms="0.000" />
</gc-op>
<gc-end id="2961" type="partial gc" contextid="2956" durationms="2.338" usertimems="4.000" systemtimems="0.000" timestamp="2019-06-15T00:50:14.726" activeThreads="1">
  <mem-info id="2962" free="47185920" total="78643200" percent="60">
    <mem type="eden" free="1048552" total="1048576" percent="99" />
    <remembered-set count="64256" freebytes="2882176" totalbytes="3139200" percent="91" regionsoverflowed="0" regionsstable="14" regionsrebuilding="0"/>
  </mem-info>
</gc-end>
<cycle-end id="2963" type="partial gc" contextid="2956" timestamp="2019-06-15T00:50:14.726" />
  <attribute name="elasticGC enabled" value="1" />
  <attribute name= "numThreadsSpecified" value="1" />
  <attribute name="heapSize specified" value="0" />
  <attribute name="Current GC Util" value="86" />
  <attribute name= "Current Time Running" value="20672" />
  <attribute name ="GC Interval" value="0" />
  <attribute name="ProportionalT" value="33.000000" />
  <attribute name="ProportionalI" value="33.000000" />
  <attribute name="ProportionalH" value="33.000000" />
  <attribute name="Current Error" value="66.000000" />
  <attribute name="IntegralT" value="0.000000" />
  <attribute name="IntegralI" value="0.000000" />
  <attribute name="IntegralH" value="0.000000" />
  <attribute name="DerivativeT" value="inf" />
  <attribute name="DerivativeI" value="inf" />
  <attribute name="DerivativeH" value="inf" />
  <attribute name="Loop Time for DT" value="0.000000" />
  <attribute name="Output H" value="8388608"/>
  <attribute name="Output I" value="200"/>
  <attribute name="Output T" value="1"/>
  <attribute name="Target GC Util Change" value ="20.000000" />
  <attribute name="Current GC Util Change" value="86.000000"/>
  <attribute name="GC Util currently" value="86" />
  <attribute name="CPU Util currently" value="18408380845962" />
<exclusive-end id="2964" timestamp="2019-06-15T00:50:14.726" durationms="3.477" />

<exclusive-start id="2965" timestamp="2019-06-15T00:50:14.735" intervalms="11.620">
  <response-info timems="0.067" idlems="0.067" threads="0" lastid="0000000001CEB700" lastname="main" />
</exclusive-start>
<allocation-taxation id="2966" taxation-threshold="26214400" timestamp="2019-06-15T00:50:14.735" intervalms="11.685" />
<cycle-start id="2967" type="partial gc" contextid="0" timestamp="2019-06-15T00:50:14.735" intervalms="11.636" />
<gc-start id="2968" type="partial gc" contextid="2967" timestamp="2019-06-15T00:50:14.735">
  <mem-info id="2969" free="20971520" total="78643200" percent="26">
    <mem type="eden" free="1048552" total="27262976" percent="3" />
    <remembered-set count="63776" freebytes="2884096" totalbytes="3139200" percent="91" regionsoverflowed="0" regionsstable="14" regionsrebuilding="0"/>
  </mem-info>
</gc-start>
<allocation-stats totalBytes="26126112" >
  <allocated-bytes non-tlh="0" tlh="26126112" arrayletleaf="0"/>
  <largest-consumer threadName="main" threadId="0000000001CEB700" bytes="26126112" />
</allocation-stats>
<gc-op id="2970" type="copy forward" timems="1.516" contextid="2967" timestamp="2019-06-15T00:50:14.738">
  <memory-copied type="eden" objects="1" bytes="24" bytesdiscarded="0" />
  <memory-copied type="other" objects="0" bytes="0" bytesdiscarded="0" />
  <memory-cardclean objects="17" bytes="448" />
  <regions eden="25" other="1" />
  <remembered-set-cleared processed="63131" cleared="3" durationms="0.296" />
  <stringconstants candidates="13269" cleared="0"  />
</gc-op>
<gc-op id="2971" type="classunload" timems="0.003" contextid="2967" timestamp="2019-06-15T00:50:14.738">
  <classunload-info classloadercandidates="53" classloadersunloaded="0" classesunloaded="0" anonymousclassesunloaded="0" quiescems="0.000" setupms="0.003" scanms="0.000" postms="0.000" />
</gc-op>
<gc-end id="2972" type="partial gc" contextid="2967" durationms="2.603" usertimems="4.000" systemtimems="0.000" timestamp="2019-06-15T00:50:14.738" activeThreads="4">
  <mem-info id="2973" free="47185920" total="78643200" percent="60">
    <mem type="eden" free="1048552" total="1048576" percent="99" />
    <remembered-set count="64256" freebytes="2882176" totalbytes="3139200" percent="91" regionsoverflowed="0" regionsstable="14" regionsrebuilding="0"/>
  </mem-info>
</gc-end>
<cycle-end id="2974" type="partial gc" contextid="2967" timestamp="2019-06-15T00:50:14.738" />
  <attribute name="elasticGC enabled" value="1" />
  <attribute name= "numThreadsSpecified" value="4" />
  <attribute name="heapSize specified" value="0" />
  <attribute name="Current GC Util" value="83" />
  <attribute name= "Current Time Running" value="20684" />
  <attribute name ="GC Interval" value="0" />
  <attribute name="ProportionalT" value="31.500000" />
  <attribute name="ProportionalI" value="31.500000" />
  <attribute name="ProportionalH" value="31.500000" />
  <attribute name="Current Error" value="63.000000" />
  <attribute name="IntegralT" value="63.000000" />
  <attribute name="IntegralI" value="63.000000" />
  <attribute name="IntegralH" value="63.000000" />
  <attribute name="DerivativeT" value="31.500000" />
  <attribute name="DerivativeI" value="31.500000" />
  <attribute name="DerivativeH" value="31.500000" />
  <attribute name="Loop Time for DT" value="1.000000" />
  <attribute name="Output H" value="8388608"/>
  <attribute name="Output I" value="200"/>
  <attribute name="Output T" value="4"/>
  <attribute name="Target GC Util Change" value ="20.000000" />
  <attribute name="Current GC Util Change" value="83.000000"/>
  <attribute name="GC Util currently" value="83" />
  <attribute name="CPU Util currently" value="18722564735096" />
<exclusive-end id="2975" timestamp="2019-06-15T00:50:14.738" durationms="3.714" />

<exclusive-start id="2976" timestamp="2019-06-15T00:50:14.746" intervalms="11.816">
  <response-info timems="0.074" idlems="0.074" threads="0" lastid="0000000001CEB700" lastname="main" />
</exclusive-start>
<allocation-taxation id="2977" taxation-threshold="26214400" timestamp="2019-06-15T00:50:14.747" intervalms="11.811" />
<cycle-start id="2978" type="partial gc" contextid="0" timestamp="2019-06-15T00:50:14.747" intervalms="11.820" />
<gc-start id="2979" type="partial gc" contextid="2978" timestamp="2019-06-15T00:50:14.747">
  <mem-info id="2980" free="20971520" total="78643200" percent="26">
    <mem type="eden" free="1048552" total="27262976" percent="3" />
    <remembered-set count="63776" freebytes="2884096" totalbytes="3139200" percent="91" regionsoverflowed="0" regionsstable="14" regionsrebuilding="0"/>
  </mem-info>
</gc-start>
<allocation-stats totalBytes="26126112" >
  <allocated-bytes non-tlh="0" tlh="26126112" arrayletleaf="0"/>
  <largest-consumer threadName="main" threadId="0000000001CEB700" bytes="26126112" />
</allocation-stats>
<gc-op id="2981" type="copy forward" timems="1.393" contextid="2978" timestamp="2019-06-15T00:50:14.749">
  <memory-copied type="eden" objects="1" bytes="24" bytesdiscarded="0" />
  <memory-copied type="other" objects="0" bytes="0" bytesdiscarded="0" />
  <memory-cardclean objects="17" bytes="448" />
  <regions eden="25" other="1" />
  <remembered-set-cleared processed="63131" cleared="3" durationms="0.314" />
  <stringconstants candidates="13269" cleared="0"  />
</gc-op>
<gc-op id="2982" type="classunload" timems="0.004" contextid="2978" timestamp="2019-06-15T00:50:14.749">
  <classunload-info classloadercandidates="53" classloadersunloaded="0" classesunloaded="0" anonymousclassesunloaded="0" quiescems="0.000" setupms="0.004" scanms="0.000" postms="0.000" />
</gc-op>
<gc-end id="2983" type="partial gc" contextid="2978" durationms="2.510" usertimems="4.000" systemtimems="0.000" timestamp="2019-06-15T00:50:14.750" activeThreads="4">
  <mem-info id="2984" free="47185920" total="78643200" percent="60">
    <mem type="eden" free="1048552" total="1048576" percent="99" />
    <remembered-set count="64256" freebytes="2882176" totalbytes="3139200" percent="91" regionsoverflowed="0" regionsstable="14" regionsrebuilding="0"/>
  </mem-info>
</gc-end>
<cycle-end id="2985" type="partial gc" contextid="2978" timestamp="2019-06-15T00:50:14.750" />
  <attribute name="elasticGC enabled" value="1" />
  <attribute name= "numThreadsSpecified" value="4" />
  <attribute name="heapSize specified" value="0" />
  <attribute name="Current GC Util" value="62" />
  <attribute name= "Current Time Running" value="20696" />
  <attribute name ="GC Interval" value="0" />
  <attribute name="ProportionalT" value="21.000000" />
  <attribute name="ProportionalI" value="21.000000" />
  <attribute name="ProportionalH" value="21.000000" />
  <attribute name="Current Error" value="42.000000" />
  <attribute name="IntegralT" value="42.000000" />
  <attribute name="IntegralI" value="42.000000" />
  <attribute name="IntegralH" value="42.000000" />
  <attribute name="DerivativeT" value="16.000000" />
  <attribute name="DerivativeI" value="16.000000" />
  <attribute name="DerivativeH" value="16.000000" />
  <attribute name="Loop Time for DT" value="1.000000" />
  <attribute name="Output H" value="8388608"/>
  <attribute name="Output I" value="200"/>
  <attribute name="Output T" value="4"/>
  <attribute name="Target GC Util Change" value ="20.000000" />
  <attribute name="Current GC Util Change" value="62.000000"/>
  <attribute name="GC Util currently" value="62" />
  <attribute name="CPU Util currently" value="19439151471999" />
<exclusive-end id="2986" timestamp="2019-06-15T00:50:14.750" durationms="3.619" />

<exclusive-start id="2987" timestamp="2019-06-15T00:50:14.758" intervalms="11.817">
  <response-info timems="0.079" idlems="0.079" threads="0" lastid="0000000001CEB700" lastname="main" />
</exclusive-start>
<allocation-taxation id="2988" taxation-threshold="26214400" timestamp="2019-06-15T00:50:14.758" intervalms="11.803" />
<cycle-start id="2989" type="partial gc" contextid="0" timestamp="2019-06-15T00:50:14.759" intervalms="11.796" />
<gc-start id="2990" type="partial gc" contextid="2989" timestamp="2019-06-15T00:50:14.759">
  <mem-info id="2991" free="20971520" total="78643200" percent="26">
    <mem type="eden" free="1048552" total="27262976" percent="3" />
    <remembered-set count="63776" freebytes="2884096" totalbytes="3139200" percent="91" regionsoverflowed="0" regionsstable="14" regionsrebuilding="0"/>
  </mem-info>
</gc-start>
<allocation-stats totalBytes="26126112" >
  <allocated-bytes non-tlh="0" tlh="26126112" arrayletleaf="0"/>
  <largest-consumer threadName="main" threadId="0000000001CEB700" bytes="26126112" />
</allocation-stats>
<gc-op id="2992" type="copy forward" timems="1.196" contextid="2989" timestamp="2019-06-15T00:50:14.761">
  <memory-copied type="eden" objects="1" bytes="24" bytesdiscarded="0" />
  <memory-copied type="other" objects="0" bytes="0" bytesdiscarded="0" />
  <memory-cardclean objects="17" bytes="448" />
  <regions eden="25" other="1" />
  <remembered-set-cleared processed="63131" cleared="3" durationms="0.449" />
  <stringconstants candidates="13269" cleared="0"  />
</gc-op>
<gc-op id="2993" type="classunload" timems="0.004" contextid="2989" timestamp="2019-06-15T00:50:14.761">
  <classunload-info classloadercandidates="53" classloadersunloaded="0" classesunloaded="0" anonymousclassesunloaded="0" quiescems="0.000" setupms="0.004" scanms="0.000" postms="0.000" />
</gc-op>
<gc-end id="2994" type="partial gc" contextid="2989" durationms="2.372" usertimems="4.000" systemtimems="0.000" timestamp="2019-06-15T00:50:14.761" activeThreads="1">
  <mem-info id="2995" free="47185920" total="78643200" percent="60">
    <mem type="eden" free="1048552" total="1048576" percent="99" />
    <remembered-set count="64256" freebytes="2882176" totalbytes="3139200" percent="91" regionsoverflowed="0" regionsstable="14" regionsrebuilding="0"/>
  </mem-info>
</gc-end>
<cycle-end id="2996" type="partial gc" contextid="2989" timestamp="2019-06-15T00:50:14.761" />
  <attribute name="elasticGC enabled" value="1" />
  <attribute name= "numThreadsSpecified" value="1" />
  <attribute name="heapSize specified" value="0" />
  <attribute name="Current GC Util" value="61" />
  <attribute name= "Current Time Running" value="20707" />
  <attribute name ="GC Interval" value="0" />
  <attribute name="ProportionalT" value="20.500000" />
  <attribute name="ProportionalI" value="20.500000" />
  <attribute name="ProportionalH" value="20.500000" />
  <attribute name="Current Error" value="41.000000" />
  <attribute name="IntegralT" value="0.000000" />
  <attribute name="IntegralI" value="0.000000" />
  <attribute name="IntegralH" value="0.000000" />
  <attribute name="DerivativeT" value="inf" />
  <attribute name="DerivativeI" value="inf" />
  <attribute name="DerivativeH" value="inf" />
  <attribute name="Loop Time for DT" value="0.000000" />
  <attribute name="Output H" value="8388608"/>
  <attribute name="Output I" value="200"/>
  <attribute name="Output T" value="1"/>
  <attribute name="Target GC Util Change" value ="20.000000" />
  <attribute name="Current GC Util Change" value="61.000000"/>
  <attribute name="GC Util currently" value="61" />
  <attribute name="CPU Util currently" value="18690846365218" />
<exclusive-end id="2997" timestamp="2019-06-15T00:50:14.762" durationms="3.497" />

<exclusive-start id="2998" timestamp="2019-06-15T00:50:14.770" intervalms="11.607">
  <response-info timems="0.074" idlems="0.074" threads="0" lastid="0000000001CEB700" lastname="main" />
</exclusive-start>
<allocation-taxation id="2999" taxation-threshold="26214400" timestamp="2019-06-15T00:50:14.770" intervalms="11.635" />
<cycle-start id="3000" type="partial gc" contextid="0" timestamp="2019-06-15T00:50:14.770" intervalms="11.648" />
<gc-start id="3001" type="partial gc" contextid="3000" timestamp="2019-06-15T00:50:14.770">
  <mem-info id="3002" free="20971520" total="78643200" percent="26">
    <mem type="eden" free="1048552" total="27262976" percent="3" />
    <remembered-set count="63776" freebytes="2884096" totalbytes="3139200" percent="91" regionsoverflowed="0" regionsstable="14" regionsrebuilding="0"/>
  </mem-info>
</gc-start>
<allocation-stats totalBytes="26126112" >
  <allocated-bytes non-tlh="0" tlh="26126112" arrayletleaf="0"/>
  <largest-consumer threadName="main" threadId="0000000001CEB700" bytes="26126112" />
</allocation-stats>
<gc-op id="3003" type="copy forward" timems="1.220" contextid="3000" timestamp="2019-06-15T00:50:14.773">
  <memory-copied type="eden" objects="1" bytes="24" bytesdiscarded="0" />
  <memory-copied type="other" objects="0" bytes="0" bytesdiscarded="0" />
  <memory-cardclean objects="17" bytes="448" />
  <regions eden="25" other="1" />
  <remembered-set-cleared processed="63131" cleared="3" durationms="0.480" />
  <stringconstants candidates="13269" cleared="0"  />
</gc-op>
<gc-op id="3004" type="classunload" timems="0.003" contextid="3000" timestamp="2019-06-15T00:50:14.773">
  <classunload-info classloadercandidates="53" classloadersunloaded="0" classesunloaded="0" anonymousclassesunloaded="0" quiescems="0.000" setupms="0.003" scanms="0.000" postms="0.000" />
</gc-op>
<gc-end id="3005" type="partial gc" contextid="3000" durationms="2.367" usertimems="0.000" systemtimems="0.000" timestamp="2019-06-15T00:50:14.773" activeThreads="1">
  <mem-info id="3006" free="47185920" total="78643200" percent="60">
    <mem type="eden" free="1048552" total="1048576" percent="99" />
    <remembered-set count="64256" freebytes="2882176" totalbytes="3139200" percent="91" regionsoverflowed="0" regionsstable="14" regionsrebuilding="0"/>
  </mem-info>
</gc-end>
<cycle-end id="3007" type="partial gc" contextid="3000" timestamp="2019-06-15T00:50:14.773" />
  <attribute name="elasticGC enabled" value="1" />
  <attribute name= "numThreadsSpecified" value="1" />
  <attribute name="heapSize specified" value="0" />
  <attribute name="Current GC Util" value="85" />
  <attribute name= "Current Time Running" value="20719" />
  <attribute name ="GC Interval" value="0" />
  <attribute name="ProportionalT" value="32.500000" />
  <attribute name="ProportionalI" value="32.500000" />
  <attribute name="ProportionalH" value="32.500000" />
  <attribute name="Current Error" value="65.000000" />
  <attribute name="IntegralT" value="0.000000" />
  <attribute name="IntegralI" value="0.000000" />
  <attribute name="IntegralH" value="0.000000" />
  <attribute name="DerivativeT" value="inf" />
  <attribute name="DerivativeI" value="inf" />
  <attribute name="DerivativeH" value="inf" />
  <attribute name="Loop Time for DT" value="0.000000" />
  <attribute name="Output H" value="8388608"/>
  <attribute name="Output I" value="200"/>
  <attribute name="Output T" value="1"/>
  <attribute name="Target GC Util Change" value ="20.000000" />
  <attribute name="Current GC Util Change" value="85.000000"/>
  <attribute name="GC Util currently" value="85" />
  <attribute name="CPU Util currently" value="18660669829385" />
<exclusive-end id="3008" timestamp="2019-06-15T00:50:14.773" durationms="3.442" />

<exclusive-start id="3009" timestamp="2019-06-15T00:50:14.781" intervalms="11.520">
  <response-info timems="0.074" idlems="0.074" threads="0" lastid="0000000001CEB700" lastname="main" />
</exclusive-start>
<allocation-taxation id="3010" taxation-threshold="26214400" timestamp="2019-06-15T00:50:14.782" intervalms="11.522" />
<cycle-start id="3011" type="partial gc" contextid="0" timestamp="2019-06-15T00:50:14.782" intervalms="11.523" />
<gc-start id="3012" type="partial gc" contextid="3011" timestamp="2019-06-15T00:50:14.782">
  <mem-info id="3013" free="20971520" total="78643200" percent="26">
    <mem type="eden" free="1048552" total="27262976" percent="3" />
    <remembered-set count="63776" freebytes="2884096" totalbytes="3139200" percent="91" regionsoverflowed="0" regionsstable="14" regionsrebuilding="0"/>
  </mem-info>
</gc-start>
<allocation-stats totalBytes="26126112" >
  <allocated-bytes non-tlh="0" tlh="26126112" arrayletleaf="0"/>
  <largest-consumer threadName="main" threadId="0000000001CEB700" bytes="26126112" />
</allocation-stats>
<gc-op id="3014" type="copy forward" timems="1.505" contextid="3011" timestamp="2019-06-15T00:50:14.784">
  <memory-copied type="eden" objects="1" bytes="24" bytesdiscarded="0" />
  <memory-copied type="other" objects="0" bytes="0" bytesdiscarded="0" />
  <memory-cardclean objects="17" bytes="448" />
  <regions eden="25" other="1" />
  <remembered-set-cleared processed="63131" cleared="3" durationms="0.290" />
  <stringconstants candidates="13269" cleared="0"  />
</gc-op>
<gc-op id="3015" type="classunload" timems="0.004" contextid="3011" timestamp="2019-06-15T00:50:14.784">
  <classunload-info classloadercandidates="53" classloadersunloaded="0" classesunloaded="0" anonymousclassesunloaded="0" quiescems="0.000" setupms="0.003" scanms="0.000" postms="0.000" />
</gc-op>
<gc-end id="3016" type="partial gc" contextid="3011" durationms="2.602" usertimems="4.000" systemtimems="0.000" timestamp="2019-06-15T00:50:14.785" activeThreads="4">
  <mem-info id="3017" free="47185920" total="78643200" percent="60">
    <mem type="eden" free="1048552" total="1048576" percent="99" />
    <remembered-set count="64256" freebytes="2882176" totalbytes="3139200" percent="91" regionsoverflowed="0" regionsstable="14" regionsrebuilding="0"/>
  </mem-info>
</gc-end>
<cycle-end id="3018" type="partial gc" contextid="3011" timestamp="2019-06-15T00:50:14.785" />
  <attribute name="elasticGC enabled" value="1" />
  <attribute name= "numThreadsSpecified" value="4" />
  <attribute name="heapSize specified" value="0" />
  <attribute name="Current GC Util" value="83" />
  <attribute name= "Current Time Running" value="20731" />
  <attribute name ="GC Interval" value="0" />
  <attribute name="ProportionalT" value="31.500000" />
  <attribute name="ProportionalI" value="31.500000" />
  <attribute name="ProportionalH" value="31.500000" />
  <attribute name="Current Error" value="63.000000" />
  <attribute name="IntegralT" value="63.000000" />
  <attribute name="IntegralI" value="63.000000" />
  <attribute name="IntegralH" value="63.000000" />
  <attribute name="DerivativeT" value="31.500000" />
  <attribute name="DerivativeI" value="31.500000" />
  <attribute name="DerivativeH" value="31.500000" />
  <attribute name="Loop Time for DT" value="1.000000" />
  <attribute name="Output H" value="8388608"/>
  <attribute name="Output I" value="200"/>
  <attribute name="Output T" value="4"/>
  <attribute name="Target GC Util Change" value ="20.000000" />
  <attribute name="Current GC Util Change" value="83.000000"/>
  <attribute name="GC Util currently" value="83" />
  <attribute name="CPU Util currently" value="19722472309073" />
<exclusive-end id="3019" timestamp="2019-06-15T00:50:14.785" durationms="3.739" />

<exclusive-start id="3020" timestamp="2019-06-15T00:50:14.794" intervalms="12.526">
  <response-info timems="0.074" idlems="0.074" threads="0" lastid="0000000001CEB700" lastname="main" />
</exclusive-start>
<allocation-taxation id="3021" taxation-threshold="26214400" timestamp="2019-06-15T00:50:14.794" intervalms="12.532" />
<cycle-start id="3022" type="partial gc" contextid="0" timestamp="2019-06-15T00:50:14.794" intervalms="12.534" />
<gc-start id="3023" type="partial gc" contextid="3022" timestamp="2019-06-15T00:50:14.795">
  <mem-info id="3024" free="20971520" total="78643200" percent="26">
    <mem type="eden" free="1048552" total="27262976" percent="3" />
    <remembered-set count="63776" freebytes="2884096" totalbytes="3139200" percent="91" regionsoverflowed="0" regionsstable="14" regionsrebuilding="0"/>
  </mem-info>
</gc-start>
<allocation-stats totalBytes="26085136" >
  <allocated-bytes non-tlh="0" tlh="26085136" arrayletleaf="0"/>
  <largest-consumer threadName="main" threadId="0000000001CEB700" bytes="26085136" />
</allocation-stats>
<gc-op id="3025" type="copy forward" timems="1.266" contextid="3022" timestamp="2019-06-15T00:50:14.797">
  <memory-copied type="eden" objects="26" bytes="1896" bytesdiscarded="0" />
  <memory-copied type="other" objects="0" bytes="0" bytesdiscarded="0" />
  <memory-cardclean objects="88" bytes="2608" />
  <regions eden="25" other="1" />
  <remembered-set-cleared processed="63131" cleared="13" durationms="0.489" />
  <stringconstants candidates="13269" cleared="0"  />
</gc-op>
<gc-op id="3026" type="classunload" timems="0.003" contextid="3022" timestamp="2019-06-15T00:50:14.797">
  <classunload-info classloadercandidates="53" classloadersunloaded="0" classesunloaded="0" anonymousclassesunloaded="0" quiescems="0.000" setupms="0.003" scanms="0.000" postms="0.000" />
</gc-op>
<gc-end id="3027" type="partial gc" contextid="3022" durationms="2.423" usertimems="4.000" systemtimems="0.000" timestamp="2019-06-15T00:50:14.797" activeThreads="1">
  <mem-info id="3028" free="47185920" total="78643200" percent="60">
    <mem type="eden" free="1046680" total="1048576" percent="99" />
    <remembered-set count="64256" freebytes="2882176" totalbytes="3139200" percent="91" regionsoverflowed="0" regionsstable="14" regionsrebuilding="0"/>
  </mem-info>
</gc-end>
<cycle-end id="3029" type="partial gc" contextid="3022" timestamp="2019-06-15T00:50:14.797" />
  <attribute name="elasticGC enabled" value="1" />
  <attribute name= "numThreadsSpecified" value="1" />
  <attribute name="heapSize specified" value="0" />
  <attribute name="Current GC Util" value="77" />
  <attribute name= "Current Time Running" value="20743" />
  <attribute name ="GC Interval" value="0" />
  <attribute name="ProportionalT" value="28.500000" />
  <attribute name="ProportionalI" value="28.500000" />
  <attribute name="ProportionalH" value="28.500000" />
  <attribute name="Current Error" value="57.000000" />
  <attribute name="IntegralT" value="0.000000" />
  <attribute name="IntegralI" value="0.000000" />
  <attribute name="IntegralH" value="0.000000" />
  <attribute name="DerivativeT" value="inf" />
  <attribute name="DerivativeI" value="inf" />
  <attribute name="DerivativeH" value="inf" />
  <attribute name="Loop Time for DT" value="0.000000" />
  <attribute name="Output H" value="8388608"/>
  <attribute name="Output I" value="200"/>
  <attribute name="Output T" value="1"/>
  <attribute name="Target GC Util Change" value ="20.000000" />
  <attribute name="Current GC Util Change" value="77.000000"/>
  <attribute name="GC Util currently" value="77" />
  <attribute name="CPU Util currently" value="18511162756264" />
<exclusive-end id="3030" timestamp="2019-06-15T00:50:14.797" durationms="3.531" />

<exclusive-start id="3031" timestamp="2019-06-15T00:50:14.806" intervalms="11.753">
  <response-info timems="0.072" idlems="0.072" threads="0" lastid="0000000001CEB700" lastname="main" />
</exclusive-start>
<allocation-taxation id="3032" taxation-threshold="26214400" timestamp="2019-06-15T00:50:14.806" intervalms="11.747" />
<cycle-start id="3033" type="partial gc" contextid="0" timestamp="2019-06-15T00:50:14.806" intervalms="11.747" />
<gc-start id="3034" type="partial gc" contextid="3033" timestamp="2019-06-15T00:50:14.806">
  <mem-info id="3035" free="20971520" total="78643200" percent="26">
    <mem type="eden" free="0" total="26214400" percent="0" />
    <remembered-set count="63776" freebytes="2884096" totalbytes="3139200" percent="91" regionsoverflowed="0" regionsstable="14" regionsrebuilding="0"/>
  </mem-info>
</gc-start>
<allocation-stats totalBytes="26040000" >
  <allocated-bytes non-tlh="0" tlh="26040000" arrayletleaf="0"/>
  <largest-consumer threadName="main" threadId="0000000001CEB700" bytes="26040000" />
</allocation-stats>
<gc-op id="3036" type="copy forward" timems="1.577" contextid="3033" timestamp="2019-06-15T00:50:14.809">
  <memory-copied type="eden" objects="0" bytes="0" bytesdiscarded="0" />
  <memory-copied type="other" objects="26" bytes="1896" bytesdiscarded="1992" />
  <memory-cardclean objects="53" bytes="1952" />
  <regions eden="25" other="1" />
  <remembered-set-cleared processed="63135" cleared="17" durationms="0.298" />
  <stringconstants candidates="13269" cleared="0"  />
</gc-op>
<gc-op id="3037" type="classunload" timems="0.003" contextid="3033" timestamp="2019-06-15T00:50:14.809">
  <classunload-info classloadercandidates="53" classloadersunloaded="0" classesunloaded="0" anonymousclassesunloaded="0" quiescems="0.000" setupms="0.003" scanms="0.000" postms="0.000" />
</gc-op>
<gc-end id="3038" type="partial gc" contextid="3033" durationms="2.527" usertimems="4.000" systemtimems="0.000" timestamp="2019-06-15T00:50:14.809" activeThreads="4">
  <mem-info id="3039" free="47185920" total="78643200" percent="60">
    <remembered-set count="65280" freebytes="2878080" totalbytes="3139200" percent="91" regionsoverflowed="0" regionsstable="14" regionsrebuilding="0"/>
  </mem-info>
</gc-end>
<cycle-end id="3040" type="partial gc" contextid="3033" timestamp="2019-06-15T00:50:14.809" />
  <attribute name="elasticGC enabled" value="1" />
  <attribute name= "numThreadsSpecified" value="4" />
  <attribute name="heapSize specified" value="0" />
  <attribute name="Current GC Util" value="86" />
  <attribute name= "Current Time Running" value="20755" />
  <attribute name ="GC Interval" value="0" />
  <attribute name="ProportionalT" value="33.000000" />
  <attribute name="ProportionalI" value="33.000000" />
  <attribute name="ProportionalH" value="33.000000" />
  <attribute name="Current Error" value="66.000000" />
  <attribute name="IntegralT" value="66.000000" />
  <attribute name="IntegralI" value="66.000000" />
  <attribute name="IntegralH" value="66.000000" />
  <attribute name="DerivativeT" value="33.000000" />
  <attribute name="DerivativeI" value="33.000000" />
  <attribute name="DerivativeH" value="33.000000" />
  <attribute name="Loop Time for DT" value="1.000000" />
  <attribute name="Output H" value="8388608"/>
  <attribute name="Output I" value="200"/>
  <attribute name="Output T" value="4"/>
  <attribute name="Target GC Util Change" value ="20.000000" />
  <attribute name="Current GC Util Change" value="86.000000"/>
  <attribute name="GC Util currently" value="86" />
  <attribute name="CPU Util currently" value="19361863002594" />
<exclusive-end id="3041" timestamp="2019-06-15T00:50:14.809" durationms="3.672" />

<exclusive-start id="3042" timestamp="2019-06-15T00:50:14.818" intervalms="12.011">
  <response-info timems="0.074" idlems="0.074" threads="0" lastid="0000000001CEB700" lastname="main" />
</exclusive-start>
<allocation-taxation id="3043" taxation-threshold="26214400" timestamp="2019-06-15T00:50:14.818" intervalms="11.949" />
<cycle-start id="3044" type="partial gc" contextid="0" timestamp="2019-06-15T00:50:14.818" intervalms="11.976" />
<gc-start id="3045" type="partial gc" contextid="3044" timestamp="2019-06-15T00:50:14.818">
  <mem-info id="3046" free="20971520" total="78643200" percent="26">
    <mem type="eden" free="0" total="26214400" percent="0" />
    <remembered-set count="1440" freebytes="3133440" totalbytes="3139200" percent="99" regionsoverflowed="0" regionsstable="18" regionsrebuilding="0"/>
  </mem-info>
</gc-start>
<allocation-stats totalBytes="26043240" >
  <allocated-bytes non-tlh="0" tlh="26043240" arrayletleaf="0"/>
  <largest-consumer threadName="main" threadId="0000000001CEB700" bytes="26043240" />
</allocation-stats>
<gc-op id="3047" type="copy forward" timems="1.254" contextid="3044" timestamp="2019-06-15T00:50:14.820">
  <memory-copied type="eden" objects="1" bytes="24" bytesdiscarded="0" />
  <memory-copied type="other" objects="0" bytes="0" bytesdiscarded="0" />
  <memory-cardclean objects="8" bytes="248" />
  <regions eden="25" other="0" />
  <remembered-set-cleared processed="82" cleared="0" durationms="0.106" />
  <stringconstants candidates="13269" cleared="0"  />
</gc-op>
<gc-op id="3048" type="classunload" timems="0.004" contextid="3044" timestamp="2019-06-15T00:50:14.820">
  <classunload-info classloadercandidates="53" classloadersunloaded="0" classesunloaded="0" anonymousclassesunloaded="0" quiescems="0.000" setupms="0.004" scanms="0.000" postms="0.000" />
</gc-op>
<heap-resize id="3049" type="expand" space="default" amount="3145728" count="1" timems="0.060" reason="excessive time being spent in gc" timestamp="2019-06-15T00:50:14.820" />
<gc-end id="3050" type="partial gc" contextid="3044" durationms="2.320" usertimems="4.000" systemtimems="0.000" timestamp="2019-06-15T00:50:14.821" activeThreads="4">
  <mem-info id="3051" free="49283072" total="81788928" percent="60">
    <mem type="eden" free="1048552" total="1048576" percent="99" />
    <remembered-set count="1056" freebytes="3260544" totalbytes="3264768" percent="99" regionsoverflowed="0" regionsstable="18" regionsrebuilding="0"/>
  </mem-info>
</gc-end>
<cycle-end id="3052" type="partial gc" contextid="3044" timestamp="2019-06-15T00:50:14.821" />
  <attribute name="elasticGC enabled" value="1" />
  <attribute name= "numThreadsSpecified" value="4" />
  <attribute name="heapSize specified" value="0" />
  <attribute name="Current GC Util" value="73" />
  <attribute name= "Current Time Running" value="20767" />
  <attribute name ="GC Interval" value="0" />
  <attribute name="ProportionalT" value="26.500000" />
  <attribute name="ProportionalI" value="26.500000" />
  <attribute name="ProportionalH" value="26.500000" />
  <attribute name="Current Error" value="53.000000" />
  <attribute name="IntegralT" value="53.000000" />
  <attribute name="IntegralI" value="53.000000" />
  <attribute name="IntegralH" value="53.000000" />
  <attribute name="DerivativeT" value="21.500000" />
  <attribute name="DerivativeI" value="21.500000" />
  <attribute name="DerivativeH" value="21.500000" />
  <attribute name="Loop Time for DT" value="1.000000" />
  <attribute name="Output H" value="8388608"/>
  <attribute name="Output I" value="200"/>
  <attribute name="Output T" value="4"/>
  <attribute name="Target GC Util Change" value ="20.000000" />
  <attribute name="Current GC Util Change" value="73.000000"/>
  <attribute name="GC Util currently" value="73" />
  <attribute name="CPU Util currently" value="19150724543488" />
<exclusive-end id="3053" timestamp="2019-06-15T00:50:14.821" durationms="3.418" />

<exclusive-start id="3054" timestamp="2019-06-15T00:50:14.830" intervalms="12.020">
  <response-info timems="0.076" idlems="0.076" threads="0" lastid="0000000001CEB700" lastname="main" />
</exclusive-start>
<allocation-taxation id="3055" taxation-threshold="27262976" timestamp="2019-06-15T00:50:14.830" intervalms="12.078" />
<cycle-start id="3056" type="partial gc" contextid="0" timestamp="2019-06-15T00:50:14.830" intervalms="12.045" />
<gc-start id="3057" type="partial gc" contextid="3056" timestamp="2019-06-15T00:50:14.830">
  <mem-info id="3058" free="22020096" total="81788928" percent="26">
    <mem type="eden" free="1048552" total="28311552" percent="3" />
    <remembered-set count="576" freebytes="3262464" totalbytes="3264768" percent="99" regionsoverflowed="0" regionsstable="18" regionsrebuilding="0"/>
  </mem-info>
</gc-start>
<allocation-stats totalBytes="27092088" >
  <allocated-bytes non-tlh="0" tlh="27092088" arrayletleaf="0"/>
  <largest-consumer threadName="main" threadId="0000000001CEB700" bytes="27092088" />
</allocation-stats>
<gc-op id="3059" type="copy forward" timems="1.211" contextid="3056" timestamp="2019-06-15T00:50:14.832">
  <memory-copied type="eden" objects="1" bytes="24" bytesdiscarded="0" />
  <memory-copied type="other" objects="0" bytes="0" bytesdiscarded="0" />
  <memory-cardclean objects="8" bytes="248" />
  <regions eden="26" other="1" />
  <remembered-set-cleared processed="82" cleared="0" durationms="0.081" />
  <stringconstants candidates="13269" cleared="0"  />
</gc-op>
<gc-op id="3060" type="classunload" timems="0.004" contextid="3056" timestamp="2019-06-15T00:50:14.832">
  <classunload-info classloadercandidates="53" classloadersunloaded="0" classesunloaded="0" anonymousclassesunloaded="0" quiescems="0.000" setupms="0.004" scanms="0.000" postms="0.000" />
</gc-op>
<gc-end id="3061" type="partial gc" contextid="3056" durationms="2.075" usertimems="0.000" systemtimems="4.000" timestamp="2019-06-15T00:50:14.832" activeThreads="4">
  <mem-info id="3062" free="49283072" total="81788928" percent="60">
    <mem type="eden" free="1048552" total="1048576" percent="99" />
    <remembered-set count="1056" freebytes="3260544" totalbytes="3264768" percent="99" regionsoverflowed="0" regionsstable="18" regionsrebuilding="0"/>
  </mem-info>
</gc-end>
<cycle-end id="3063" type="partial gc" contextid="3056" timestamp="2019-06-15T00:50:14.833" />
  <attribute name="elasticGC enabled" value="1" />
  <attribute name= "numThreadsSpecified" value="4" />
  <attribute name="heapSize specified" value="0" />
  <attribute name="Current GC Util" value="58" />
  <attribute name= "Current Time Running" value="20779" />
  <attribute name ="GC Interval" value="0" />
  <attribute name="ProportionalT" value="19.000000" />
  <attribute name="ProportionalI" value="19.000000" />
  <attribute name="ProportionalH" value="19.000000" />
  <attribute name="Current Error" value="38.000000" />
  <attribute name="IntegralT" value="38.000000" />
  <attribute name="IntegralI" value="38.000000" />
  <attribute name="IntegralH" value="38.000000" />
  <attribute name="DerivativeT" value="16.000000" />
  <attribute name="DerivativeI" value="16.000000" />
  <attribute name="DerivativeH" value="16.000000" />
  <attribute name="Loop Time for DT" value="1.000000" />
  <attribute name="Output H" value="8388608"/>
  <attribute name="Output I" value="200"/>
  <attribute name="Output T" value="4"/>
  <attribute name="Target GC Util Change" value ="20.000000" />
  <attribute name="Current GC Util Change" value="58.000000"/>
  <attribute name="GC Util currently" value="58" />
  <attribute name="CPU Util currently" value="21025572417039" />
<exclusive-end id="3064" timestamp="2019-06-15T00:50:14.833" durationms="3.176" />

<exclusive-start id="3065" timestamp="2019-06-15T00:50:14.841" intervalms="11.741">
  <response-info timems="0.076" idlems="0.076" threads="0" lastid="0000000001CEB700" lastname="main" />
</exclusive-start>
<allocation-taxation id="3066" taxation-threshold="27262976" timestamp="2019-06-15T00:50:14.842" intervalms="11.732" />
<cycle-start id="3067" type="partial gc" contextid="0" timestamp="2019-06-15T00:50:14.842" intervalms="11.736" />
<gc-start id="3068" type="partial gc" contextid="3067" timestamp="2019-06-15T00:50:14.842">
  <mem-info id="3069" free="22020096" total="81788928" percent="26">
    <mem type="eden" free="1048552" total="28311552" percent="3" />
    <remembered-set count="1056" freebytes="3260544" totalbytes="3264768" percent="99" regionsoverflowed="0" regionsstable="18" regionsrebuilding="0"/>
  </mem-info>
</gc-start>
<allocation-stats totalBytes="27092064" >
  <allocated-bytes non-tlh="0" tlh="27092064" arrayletleaf="0"/>
  <largest-consumer threadName="main" threadId="0000000001CEB700" bytes="27092064" />
</allocation-stats>
<gc-op id="3070" type="copy forward" timems="1.219" contextid="3067" timestamp="2019-06-15T00:50:14.844">
  <memory-copied type="eden" objects="1" bytes="24" bytesdiscarded="0" />
  <memory-copied type="other" objects="0" bytes="0" bytesdiscarded="0" />
  <memory-cardclean objects="8" bytes="248" />
  <regions eden="26" other="1" />
  <remembered-set-cleared processed="82" cleared="0" durationms="0.081" />
  <stringconstants candidates="13269" cleared="0"  />
</gc-op>
<gc-op id="3071" type="classunload" timems="0.004" contextid="3067" timestamp="2019-06-15T00:50:14.844">
  <classunload-info classloadercandidates="53" classloadersunloaded="0" classesunloaded="0" anonymousclassesunloaded="0" quiescems="0.000" setupms="0.004" scanms="0.000" postms="0.000" />
</gc-op>
<gc-end id="3072" type="partial gc" contextid="3067" durationms="2.257" usertimems="4.000" systemtimems="0.000" timestamp="2019-06-15T00:50:14.844" activeThreads="4">
  <mem-info id="3073" free="49283072" total="81788928" percent="60">
    <mem type="eden" free="1048552" total="1048576" percent="99" />
    <remembered-set count="1056" freebytes="3260544" totalbytes="3264768" percent="99" regionsoverflowed="0" regionsstable="18" regionsrebuilding="0"/>
  </mem-info>
</gc-end>
<cycle-end id="3074" type="partial gc" contextid="3067" timestamp="2019-06-15T00:50:14.844" />
  <attribute name="elasticGC enabled" value="1" />
  <attribute name= "numThreadsSpecified" value="4" />
  <attribute name="heapSize specified" value="0" />
  <attribute name="Current GC Util" value="55" />
  <attribute name= "Current Time Running" value="20791" />
  <attribute name ="GC Interval" value="0" />
  <attribute name="ProportionalT" value="17.500000" />
  <attribute name="ProportionalI" value="17.500000" />
  <attribute name="ProportionalH" value="17.500000" />
  <attribute name="Current Error" value="35.000000" />
  <attribute name="IntegralT" value="35.000000" />
  <attribute name="IntegralI" value="35.000000" />
  <attribute name="IntegralH" value="35.000000" />
  <attribute name="DerivativeT" value="15.500000" />
  <attribute name="DerivativeI" value="15.500000" />
  <attribute name="DerivativeH" value="15.500000" />
  <attribute name="Loop Time for DT" value="1.000000" />
  <attribute name="Output H" value="8388608"/>
  <attribute name="Output I" value="200"/>
  <attribute name="Output T" value="4"/>
  <attribute name="Target GC Util Change" value ="20.000000" />
  <attribute name="Current GC Util Change" value="55.000000"/>
  <attribute name="GC Util currently" value="55" />
  <attribute name="CPU Util currently" value="21090863252940" />
<exclusive-end id="3075" timestamp="2019-06-15T00:50:14.845" durationms="3.265" />

<exclusive-start id="3076" timestamp="2019-06-15T00:50:14.857" intervalms="15.464">
  <response-info timems="0.079" idlems="0.079" threads="0" lastid="0000000001CEB700" lastname="main" />
</exclusive-start>
<allocation-taxation id="3077" taxation-threshold="27262976" timestamp="2019-06-15T00:50:14.857" intervalms="15.458" />
<cycle-start id="3078" type="partial gc" contextid="0" timestamp="2019-06-15T00:50:14.857" intervalms="15.417" />
<gc-start id="3079" type="partial gc" contextid="3078" timestamp="2019-06-15T00:50:14.858">
  <mem-info id="3080" free="22020096" total="81788928" percent="26">
    <mem type="eden" free="1048552" total="28311552" percent="3" />
    <remembered-set count="576" freebytes="3262464" totalbytes="3264768" percent="99" regionsoverflowed="0" regionsstable="18" regionsrebuilding="0"/>
  </mem-info>
</gc-start>
<allocation-stats totalBytes="27092088" >
  <allocated-bytes non-tlh="0" tlh="27092088" arrayletleaf="0"/>
  <largest-consumer threadName="main" threadId="0000000001CEB700" bytes="27092088" />
</allocation-stats>
<gc-op id="3081" type="copy forward" timems="0.903" contextid="3078" timestamp="2019-06-15T00:50:14.859">
  <memory-copied type="eden" objects="1" bytes="24" bytesdiscarded="0" />
  <memory-copied type="other" objects="0" bytes="0" bytesdiscarded="0" />
  <memory-cardclean objects="8" bytes="248" />
  <regions eden="26" other="1" />
  <remembered-set-cleared processed="82" cleared="0" durationms="0.115" />
  <stringconstants candidates="13269" cleared="0"  />
</gc-op>
<gc-op id="3082" type="classunload" timems="0.003" contextid="3078" timestamp="2019-06-15T00:50:14.859">
  <classunload-info classloadercandidates="53" classloadersunloaded="0" classesunloaded="0" anonymousclassesunloaded="0" quiescems="0.000" setupms="0.003" scanms="0.000" postms="0.000" />
</gc-op>
<gc-end id="3083" type="partial gc" contextid="3078" durationms="1.951" usertimems="4.000" systemtimems="0.000" timestamp="2019-06-15T00:50:14.859" activeThreads="1">
  <mem-info id="3084" free="49283072" total="81788928" percent="60">
    <mem type="eden" free="1048552" total="1048576" percent="99" />
    <remembered-set count="1056" freebytes="3260544" totalbytes="3264768" percent="99" regionsoverflowed="0" regionsstable="18" regionsrebuilding="0"/>
  </mem-info>
</gc-end>
<cycle-end id="3085" type="partial gc" contextid="3078" timestamp="2019-06-15T00:50:14.860" />
  <attribute name="elasticGC enabled" value="1" />
  <attribute name= "numThreadsSpecified" value="1" />
  <attribute name="heapSize specified" value="0" />
  <attribute name="Current GC Util" value="56" />
  <attribute name= "Current Time Running" value="20806" />
  <attribute name ="GC Interval" value="0" />
  <attribute name="ProportionalT" value="18.000000" />
  <attribute name="ProportionalI" value="18.000000" />
  <attribute name="ProportionalH" value="18.000000" />
  <attribute name="Current Error" value="36.000000" />
  <attribute name="IntegralT" value="0.000000" />
  <attribute name="IntegralI" value="0.000000" />
  <attribute name="IntegralH" value="0.000000" />
  <attribute name="DerivativeT" value="inf" />
  <attribute name="DerivativeI" value="inf" />
  <attribute name="DerivativeH" value="inf" />
  <attribute name="Loop Time for DT" value="0.000000" />
  <attribute name="Output H" value="8388608"/>
  <attribute name="Output I" value="200"/>
  <attribute name="Output T" value="1"/>
  <attribute name="Target GC Util Change" value ="20.000000" />
  <attribute name="Current GC Util Change" value="56.000000"/>
  <attribute name="GC Util currently" value="56" />
  <attribute name="CPU Util currently" value="20557506439530" />
<exclusive-end id="3086" timestamp="2019-06-15T00:50:14.860" durationms="2.988" />

<exclusive-start id="3087" timestamp="2019-06-15T00:50:14.869" intervalms="12.200">
  <response-info timems="0.071" idlems="0.071" threads="0" lastid="0000000001CEB700" lastname="main" />
</exclusive-start>
<allocation-taxation id="3088" taxation-threshold="27262976" timestamp="2019-06-15T00:50:14.869" intervalms="12.221" />
<cycle-start id="3089" type="partial gc" contextid="0" timestamp="2019-06-15T00:50:14.869" intervalms="12.265" />
<gc-start id="3090" type="partial gc" contextid="3089" timestamp="2019-06-15T00:50:14.870">
  <mem-info id="3091" free="22020096" total="81788928" percent="26">
    <mem type="eden" free="1048552" total="28311552" percent="3" />
    <remembered-set count="576" freebytes="3262464" totalbytes="3264768" percent="99" regionsoverflowed="0" regionsstable="18" regionsrebuilding="0"/>
  </mem-info>
</gc-start>
<allocation-stats totalBytes="27092088" >
  <allocated-bytes non-tlh="0" tlh="27092088" arrayletleaf="0"/>
  <largest-consumer threadName="main" threadId="0000000001CEB700" bytes="27092088" />
</allocation-stats>
<gc-op id="3092" type="copy forward" timems="0.836" contextid="3089" timestamp="2019-06-15T00:50:14.871">
  <memory-copied type="eden" objects="1" bytes="24" bytesdiscarded="0" />
  <memory-copied type="other" objects="0" bytes="0" bytesdiscarded="0" />
  <memory-cardclean objects="8" bytes="248" />
  <regions eden="26" other="1" />
  <remembered-set-cleared processed="82" cleared="0" durationms="0.105" />
  <stringconstants candidates="13269" cleared="0"  />
</gc-op>
<gc-op id="3093" type="classunload" timems="0.003" contextid="3089" timestamp="2019-06-15T00:50:14.872">
  <classunload-info classloadercandidates="53" classloadersunloaded="0" classesunloaded="0" anonymousclassesunloaded="0" quiescems="0.000" setupms="0.003" scanms="0.000" postms="0.000" />
</gc-op>
<gc-end id="3094" type="partial gc" contextid="3089" durationms="2.025" usertimems="0.000" systemtimems="0.000" timestamp="2019-06-15T00:50:14.872" activeThreads="1">
  <mem-info id="3095" free="49283072" total="81788928" percent="60">
    <mem type="eden" free="1048552" total="1048576" percent="99" />
    <remembered-set count="1056" freebytes="3260544" totalbytes="3264768" percent="99" regionsoverflowed="0" regionsstable="18" regionsrebuilding="0"/>
  </mem-info>
</gc-end>
<cycle-end id="3096" type="partial gc" contextid="3089" timestamp="2019-06-15T00:50:14.872" />
  <attribute name="elasticGC enabled" value="1" />
  <attribute name= "numThreadsSpecified" value="1" />
  <attribute name="heapSize specified" value="0" />
  <attribute name="Current GC Util" value="80" />
  <attribute name= "Current Time Running" value="20818" />
  <attribute name ="GC Interval" value="0" />
  <attribute name="ProportionalT" value="30.000000" />
  <attribute name="ProportionalI" value="30.000000" />
  <attribute name="ProportionalH" value="30.000000" />
  <attribute name="Current Error" value="60.000000" />
  <attribute name="IntegralT" value="0.000000" />
  <attribute name="IntegralI" value="0.000000" />
  <attribute name="IntegralH" value="0.000000" />
  <attribute name="DerivativeT" value="inf" />
  <attribute name="DerivativeI" value="inf" />
  <attribute name="DerivativeH" value="inf" />
  <attribute name="Loop Time for DT" value="0.000000" />
  <attribute name="Output H" value="8388608"/>
  <attribute name="Output I" value="200"/>
  <attribute name="Output T" value="1"/>
  <attribute name="Target GC Util Change" value ="20.000000" />
  <attribute name="Current GC Util Change" value="80.000000"/>
  <attribute name="GC Util currently" value="80" />
  <attribute name="CPU Util currently" value="18236946080425" />
<exclusive-end id="3097" timestamp="2019-06-15T00:50:14.872" durationms="3.212" />

<exclusive-start id="3098" timestamp="2019-06-15T00:50:14.881" intervalms="11.559">
  <response-info timems="0.075" idlems="0.075" threads="0" lastid="0000000001CEB700" lastname="main" />
</exclusive-start>
<allocation-taxation id="3099" taxation-threshold="27262976" timestamp="2019-06-15T00:50:14.881" intervalms="11.552" />
<cycle-start id="3100" type="partial gc" contextid="0" timestamp="2019-06-15T00:50:14.881" intervalms="11.532" />
<gc-start id="3101" type="partial gc" contextid="3100" timestamp="2019-06-15T00:50:14.881">
  <mem-info id="3102" free="22020096" total="81788928" percent="26">
    <mem type="eden" free="1048552" total="28311552" percent="3" />
    <remembered-set count="576" freebytes="3262464" totalbytes="3264768" percent="99" regionsoverflowed="0" regionsstable="18" regionsrebuilding="0"/>
  </mem-info>
</gc-start>
<allocation-stats totalBytes="27092088" >
  <allocated-bytes non-tlh="0" tlh="27092088" arrayletleaf="0"/>
  <largest-consumer threadName="main" threadId="0000000001CEB700" bytes="27092088" />
</allocation-stats>
<gc-op id="3103" type="copy forward" timems="0.816" contextid="3100" timestamp="2019-06-15T00:50:14.883">
  <memory-copied type="eden" objects="1" bytes="24" bytesdiscarded="0" />
  <memory-copied type="other" objects="0" bytes="0" bytesdiscarded="0" />
  <memory-cardclean objects="8" bytes="248" />
  <regions eden="26" other="1" />
  <remembered-set-cleared processed="82" cleared="0" durationms="0.113" />
  <stringconstants candidates="13269" cleared="0"  />
</gc-op>
<gc-op id="3104" type="classunload" timems="0.004" contextid="3100" timestamp="2019-06-15T00:50:14.883">
  <classunload-info classloadercandidates="53" classloadersunloaded="0" classesunloaded="0" anonymousclassesunloaded="0" quiescems="0.000" setupms="0.004" scanms="0.000" postms="0.000" />
</gc-op>
<gc-end id="3105" type="partial gc" contextid="3100" durationms="1.942" usertimems="4.000" systemtimems="0.000" timestamp="2019-06-15T00:50:14.883" activeThreads="1">
  <mem-info id="3106" free="49283072" total="81788928" percent="60">
    <mem type="eden" free="1048552" total="1048576" percent="99" />
    <remembered-set count="1056" freebytes="3260544" totalbytes="3264768" percent="99" regionsoverflowed="0" regionsstable="18" regionsrebuilding="0"/>
  </mem-info>
</gc-end>
<cycle-end id="3107" type="partial gc" contextid="3100" timestamp="2019-06-15T00:50:14.883" />
  <attribute name="elasticGC enabled" value="1" />
  <attribute name= "numThreadsSpecified" value="1" />
  <attribute name="heapSize specified" value="0" />
  <attribute name="Current GC Util" value="87" />
  <attribute name= "Current Time Running" value="20830" />
  <attribute name ="GC Interval" value="0" />
  <attribute name="ProportionalT" value="33.500000" />
  <attribute name="ProportionalI" value="33.500000" />
  <attribute name="ProportionalH" value="33.500000" />
  <attribute name="Current Error" value="67.000000" />
  <attribute name="IntegralT" value="0.000000" />
  <attribute name="IntegralI" value="0.000000" />
  <attribute name="IntegralH" value="0.000000" />
  <attribute name="DerivativeT" value="inf" />
  <attribute name="DerivativeI" value="inf" />
  <attribute name="DerivativeH" value="inf" />
  <attribute name="Loop Time for DT" value="0.000000" />
  <attribute name="Output H" value="8388608"/>
  <attribute name="Output I" value="200"/>
  <attribute name="Output T" value="1"/>
  <attribute name="Target GC Util Change" value ="20.000000" />
  <attribute name="Current GC Util Change" value="87.000000"/>
  <attribute name="GC Util currently" value="87" />
  <attribute name="CPU Util currently" value="18482600152238" />
<exclusive-end id="3108" timestamp="2019-06-15T00:50:14.884" durationms="3.089" />

<exclusive-start id="3109" timestamp="2019-06-15T00:50:14.892" intervalms="11.447">
  <response-info timems="0.074" idlems="0.074" threads="0" lastid="0000000001CEB700" lastname="main" />
</exclusive-start>
<allocation-taxation id="3110" taxation-threshold="27262976" timestamp="2019-06-15T00:50:14.892" intervalms="11.450" />
<cycle-start id="3111" type="partial gc" contextid="0" timestamp="2019-06-15T00:50:14.892" intervalms="11.432" />
<gc-start id="3112" type="partial gc" contextid="3111" timestamp="2019-06-15T00:50:14.893">
  <mem-info id="3113" free="22020096" total="81788928" percent="26">
    <mem type="eden" free="1048552" total="28311552" percent="3" />
    <remembered-set count="576" freebytes="3262464" totalbytes="3264768" percent="99" regionsoverflowed="0" regionsstable="18" regionsrebuilding="0"/>
  </mem-info>
</gc-start>
<allocation-stats totalBytes="27092088" >
  <allocated-bytes non-tlh="0" tlh="27092088" arrayletleaf="0"/>
  <largest-consumer threadName="main" threadId="0000000001CEB700" bytes="27092088" />
</allocation-stats>
<gc-op id="3114" type="copy forward" timems="0.853" contextid="3111" timestamp="2019-06-15T00:50:14.894">
  <memory-copied type="eden" objects="1" bytes="24" bytesdiscarded="0" />
  <memory-copied type="other" objects="0" bytes="0" bytesdiscarded="0" />
  <memory-cardclean objects="8" bytes="248" />
  <regions eden="26" other="1" />
  <remembered-set-cleared processed="82" cleared="0" durationms="0.113" />
  <stringconstants candidates="13269" cleared="0"  />
</gc-op>
<gc-op id="3115" type="classunload" timems="0.003" contextid="3111" timestamp="2019-06-15T00:50:14.894">
  <classunload-info classloadercandidates="53" classloadersunloaded="0" classesunloaded="0" anonymousclassesunloaded="0" quiescems="0.000" setupms="0.003" scanms="0.000" postms="0.000" />
</gc-op>
<gc-end id="3116" type="partial gc" contextid="3111" durationms="1.889" usertimems="0.000" systemtimems="0.000" timestamp="2019-06-15T00:50:14.895" activeThreads="1">
  <mem-info id="3117" free="49283072" total="81788928" percent="60">
    <mem type="eden" free="1048552" total="1048576" percent="99" />
    <remembered-set count="1056" freebytes="3260544" totalbytes="3264768" percent="99" regionsoverflowed="0" regionsstable="18" regionsrebuilding="0"/>
  </mem-info>
</gc-end>
<cycle-end id="3118" type="partial gc" contextid="3111" timestamp="2019-06-15T00:50:14.895" />
  <attribute name="elasticGC enabled" value="1" />
  <attribute name= "numThreadsSpecified" value="1" />
  <attribute name="heapSize specified" value="0" />
  <attribute name="Current GC Util" value="84" />
  <attribute name= "Current Time Running" value="20841" />
  <attribute name ="GC Interval" value="0" />
  <attribute name="ProportionalT" value="32.000000" />
  <attribute name="ProportionalI" value="32.000000" />
  <attribute name="ProportionalH" value="32.000000" />
  <attribute name="Current Error" value="64.000000" />
  <attribute name="IntegralT" value="0.000000" />
  <attribute name="IntegralI" value="0.000000" />
  <attribute name="IntegralH" value="0.000000" />
  <attribute name="DerivativeT" value="inf" />
  <attribute name="DerivativeI" value="inf" />
  <attribute name="DerivativeH" value="inf" />
  <attribute name="Loop Time for DT" value="0.000000" />
  <attribute name="Output H" value="8388608"/>
  <attribute name="Output I" value="200"/>
  <attribute name="Output T" value="1"/>
  <attribute name="Target GC Util Change" value ="20.000000" />
  <attribute name="Current GC Util Change" value="84.000000"/>
  <attribute name="GC Util currently" value="84" />
  <attribute name="CPU Util currently" value="18364763603033" />
<exclusive-end id="3119" timestamp="2019-06-15T00:50:14.895" durationms="3.019" />

<exclusive-start id="3120" timestamp="2019-06-15T00:50:14.903" intervalms="11.319">
  <response-info timems="0.076" idlems="0.076" threads="0" lastid="0000000001CEB700" lastname="main" />
</exclusive-start>
<allocation-taxation id="3121" taxation-threshold="27262976" timestamp="2019-06-15T00:50:14.904" intervalms="11.312" />
<cycle-start id="3122" type="partial gc" contextid="0" timestamp="2019-06-15T00:50:14.904" intervalms="11.329" />
<gc-start id="3123" type="partial gc" contextid="3122" timestamp="2019-06-15T00:50:14.904">
  <mem-info id="3124" free="22020096" total="81788928" percent="26">
    <mem type="eden" free="1048552" total="28311552" percent="3" />
    <remembered-set count="576" freebytes="3262464" totalbytes="3264768" percent="99" regionsoverflowed="0" regionsstable="18" regionsrebuilding="0"/>
  </mem-info>
</gc-start>
<allocation-stats totalBytes="27092064" >
  <allocated-bytes non-tlh="0" tlh="27092064" arrayletleaf="0"/>
  <largest-consumer threadName="main" threadId="0000000001CEB700" bytes="27092064" />
</allocation-stats>
<gc-op id="3125" type="copy forward" timems="0.847" contextid="3122" timestamp="2019-06-15T00:50:14.906">
  <memory-copied type="eden" objects="1" bytes="24" bytesdiscarded="0" />
  <memory-copied type="other" objects="0" bytes="0" bytesdiscarded="0" />
  <memory-cardclean objects="8" bytes="248" />
  <regions eden="26" other="1" />
  <remembered-set-cleared processed="82" cleared="0" durationms="0.113" />
  <stringconstants candidates="13269" cleared="0"  />
</gc-op>
<gc-op id="3126" type="classunload" timems="0.003" contextid="3122" timestamp="2019-06-15T00:50:14.906">
  <classunload-info classloadercandidates="53" classloadersunloaded="0" classesunloaded="0" anonymousclassesunloaded="0" quiescems="0.000" setupms="0.003" scanms="0.000" postms="0.000" />
</gc-op>
<gc-end id="3127" type="partial gc" contextid="3122" durationms="1.931" usertimems="4.000" systemtimems="0.000" timestamp="2019-06-15T00:50:14.906" activeThreads="1">
  <mem-info id="3128" free="49283072" total="81788928" percent="60">
    <mem type="eden" free="1048552" total="1048576" percent="99" />
    <remembered-set count="1056" freebytes="3260544" totalbytes="3264768" percent="99" regionsoverflowed="0" regionsstable="18" regionsrebuilding="0"/>
  </mem-info>
</gc-end>
<cycle-end id="3129" type="partial gc" contextid="3122" timestamp="2019-06-15T00:50:14.906" />
  <attribute name="elasticGC enabled" value="1" />
  <attribute name= "numThreadsSpecified" value="1" />
  <attribute name="heapSize specified" value="0" />
  <attribute name="Current GC Util" value="81" />
  <attribute name= "Current Time Running" value="20852" />
  <attribute name ="GC Interval" value="0" />
  <attribute name="ProportionalT" value="30.500000" />
  <attribute name="ProportionalI" value="30.500000" />
  <attribute name="ProportionalH" value="30.500000" />
  <attribute name="Current Error" value="61.000000" />
  <attribute name="IntegralT" value="0.000000" />
  <attribute name="IntegralI" value="0.000000" />
  <attribute name="IntegralH" value="0.000000" />
  <attribute name="DerivativeT" value="inf" />
  <attribute name="DerivativeI" value="inf" />
  <attribute name="DerivativeH" value="inf" />
  <attribute name="Loop Time for DT" value="0.000000" />
  <attribute name="Output H" value="8388608"/>
  <attribute name="Output I" value="200"/>
  <attribute name="Output T" value="1"/>
  <attribute name="Target GC Util Change" value ="20.000000" />
  <attribute name="Current GC Util Change" value="81.000000"/>
  <attribute name="GC Util currently" value="81" />
  <attribute name="CPU Util currently" value="18514061033485" />
<exclusive-end id="3130" timestamp="2019-06-15T00:50:14.906" durationms="3.063" />

<exclusive-start id="3131" timestamp="2019-06-15T00:50:14.915" intervalms="11.394">
  <response-info timems="0.077" idlems="0.077" threads="0" lastid="0000000001CEB700" lastname="main" />
</exclusive-start>
<allocation-taxation id="3132" taxation-threshold="27262976" timestamp="2019-06-15T00:50:14.915" intervalms="11.346" />
<cycle-start id="3133" type="partial gc" contextid="0" timestamp="2019-06-15T00:50:14.915" intervalms="11.329" />
<gc-start id="3134" type="partial gc" contextid="3133" timestamp="2019-06-15T00:50:14.915">
  <mem-info id="3135" free="22020096" total="81788928" percent="26">
    <mem type="eden" free="1048552" total="28311552" percent="3" />
    <remembered-set count="576" freebytes="3262464" totalbytes="3264768" percent="99" regionsoverflowed="0" regionsstable="18" regionsrebuilding="0"/>
  </mem-info>
</gc-start>
<allocation-stats totalBytes="27092088" >
  <allocated-bytes non-tlh="0" tlh="27092088" arrayletleaf="0"/>
  <largest-consumer threadName="main" threadId="0000000001CEB700" bytes="27092088" />
</allocation-stats>
<gc-op id="3136" type="copy forward" timems="0.848" contextid="3133" timestamp="2019-06-15T00:50:14.917">
  <memory-copied type="eden" objects="1" bytes="24" bytesdiscarded="0" />
  <memory-copied type="other" objects="0" bytes="0" bytesdiscarded="0" />
  <memory-cardclean objects="8" bytes="248" />
  <regions eden="26" other="1" />
  <remembered-set-cleared processed="82" cleared="0" durationms="0.113" />
  <stringconstants candidates="13269" cleared="0"  />
</gc-op>
<gc-op id="3137" type="classunload" timems="0.003" contextid="3133" timestamp="2019-06-15T00:50:14.917">
  <classunload-info classloadercandidates="53" classloadersunloaded="0" classesunloaded="0" anonymousclassesunloaded="0" quiescems="0.000" setupms="0.003" scanms="0.000" postms="0.000" />
</gc-op>
<gc-end id="3138" type="partial gc" contextid="3133" durationms="2.009" usertimems="0.000" systemtimems="0.000" timestamp="2019-06-15T00:50:14.917" activeThreads="1">
  <mem-info id="3139" free="49283072" total="81788928" percent="60">
    <mem type="eden" free="1048552" total="1048576" percent="99" />
    <remembered-set count="1056" freebytes="3260544" totalbytes="3264768" percent="99" regionsoverflowed="0" regionsstable="18" regionsrebuilding="0"/>
  </mem-info>
</gc-end>
<cycle-end id="3140" type="partial gc" contextid="3133" timestamp="2019-06-15T00:50:14.918" />
  <attribute name="elasticGC enabled" value="1" />
  <attribute name= "numThreadsSpecified" value="1" />
  <attribute name="heapSize specified" value="0" />
  <attribute name="Current GC Util" value="83" />
  <attribute name= "Current Time Running" value="20864" />
  <attribute name ="GC Interval" value="0" />
  <attribute name="ProportionalT" value="31.500000" />
  <attribute name="ProportionalI" value="31.500000" />
  <attribute name="ProportionalH" value="31.500000" />
  <attribute name="Current Error" value="63.000000" />
  <attribute name="IntegralT" value="0.000000" />
  <attribute name="IntegralI" value="0.000000" />
  <attribute name="IntegralH" value="0.000000" />
  <attribute name="DerivativeT" value="inf" />
  <attribute name="DerivativeI" value="inf" />
  <attribute name="DerivativeH" value="inf" />
  <attribute name="Loop Time for DT" value="0.000000" />
  <attribute name="Output H" value="8388608"/>
  <attribute name="Output I" value="200"/>
  <attribute name="Output T" value="1"/>
  <attribute name="Target GC Util Change" value ="20.000000" />
  <attribute name="Current GC Util Change" value="83.000000"/>
  <attribute name="GC Util currently" value="83" />
  <attribute name="CPU Util currently" value="18545032580051" />
<exclusive-end id="3141" timestamp="2019-06-15T00:50:14.918" durationms="3.099" />

<exclusive-start id="3142" timestamp="2019-06-15T00:50:14.926" intervalms="11.374">
  <response-info timems="0.079" idlems="0.079" threads="0" lastid="0000000001CEB700" lastname="main" />
</exclusive-start>
<allocation-taxation id="3143" taxation-threshold="27262976" timestamp="2019-06-15T00:50:14.926" intervalms="11.436" />
<cycle-start id="3144" type="partial gc" contextid="0" timestamp="2019-06-15T00:50:14.927" intervalms="11.439" />
<gc-start id="3145" type="partial gc" contextid="3144" timestamp="2019-06-15T00:50:14.927">
  <mem-info id="3146" free="22020096" total="81788928" percent="26">
    <mem type="eden" free="1048552" total="28311552" percent="3" />
    <remembered-set count="576" freebytes="3262464" totalbytes="3264768" percent="99" regionsoverflowed="0" regionsstable="18" regionsrebuilding="0"/>
  </mem-info>
</gc-start>
<allocation-stats totalBytes="27092088" >
  <allocated-bytes non-tlh="0" tlh="27092088" arrayletleaf="0"/>
  <largest-consumer threadName="main" threadId="0000000001CEB700" bytes="27092088" />
</allocation-stats>
<gc-op id="3147" type="copy forward" timems="0.844" contextid="3144" timestamp="2019-06-15T00:50:14.928">
  <memory-copied type="eden" objects="1" bytes="24" bytesdiscarded="0" />
  <memory-copied type="other" objects="0" bytes="0" bytesdiscarded="0" />
  <memory-cardclean objects="8" bytes="248" />
  <regions eden="26" other="1" />
  <remembered-set-cleared processed="82" cleared="0" durationms="0.112" />
  <stringconstants candidates="13269" cleared="0"  />
</gc-op>
<gc-op id="3148" type="classunload" timems="0.003" contextid="3144" timestamp="2019-06-15T00:50:14.929">
  <classunload-info classloadercandidates="53" classloadersunloaded="0" classesunloaded="0" anonymousclassesunloaded="0" quiescems="0.000" setupms="0.003" scanms="0.000" postms="0.000" />
</gc-op>
<gc-end id="3149" type="partial gc" contextid="3144" durationms="2.014" usertimems="4.000" systemtimems="0.000" timestamp="2019-06-15T00:50:14.929" activeThreads="1">
  <mem-info id="3150" free="49283072" total="81788928" percent="60">
    <mem type="eden" free="1048552" total="1048576" percent="99" />
    <remembered-set count="1056" freebytes="3260544" totalbytes="3264768" percent="99" regionsoverflowed="0" regionsstable="18" regionsrebuilding="0"/>
  </mem-info>
</gc-end>
<cycle-end id="3151" type="partial gc" contextid="3144" timestamp="2019-06-15T00:50:14.929" />
  <attribute name="elasticGC enabled" value="1" />
  <attribute name= "numThreadsSpecified" value="1" />
  <attribute name="heapSize specified" value="0" />
  <attribute name="Current GC Util" value="81" />
  <attribute name= "Current Time Running" value="20875" />
  <attribute name ="GC Interval" value="0" />
  <attribute name="ProportionalT" value="30.500000" />
  <attribute name="ProportionalI" value="30.500000" />
  <attribute name="ProportionalH" value="30.500000" />
  <attribute name="Current Error" value="61.000000" />
  <attribute name="IntegralT" value="0.000000" />
  <attribute name="IntegralI" value="0.000000" />
  <attribute name="IntegralH" value="0.000000" />
  <attribute name="DerivativeT" value="inf" />
  <attribute name="DerivativeI" value="inf" />
  <attribute name="DerivativeH" value="inf" />
  <attribute name="Loop Time for DT" value="0.000000" />
  <attribute name="Output H" value="8388608"/>
  <attribute name="Output I" value="200"/>
  <attribute name="Output T" value="1"/>
  <attribute name="Target GC Util Change" value ="20.000000" />
  <attribute name="Current GC Util Change" value="81.000000"/>
  <attribute name="GC Util currently" value="81" />
  <attribute name="CPU Util currently" value="17226745771637" />
<exclusive-end id="3152" timestamp="2019-06-15T00:50:14.929" durationms="3.158" />

<exclusive-start id="3153" timestamp="2019-06-15T00:50:14.938" intervalms="11.483">
  <response-info timems="0.075" idlems="0.075" threads="0" lastid="0000000001CEB700" lastname="main" />
</exclusive-start>
<allocation-taxation id="3154" taxation-threshold="27262976" timestamp="2019-06-15T00:50:14.938" intervalms="11.475" />
<cycle-start id="3155" type="partial gc" contextid="0" timestamp="2019-06-15T00:50:14.938" intervalms="11.507" />
<gc-start id="3156" type="partial gc" contextid="3155" timestamp="2019-06-15T00:50:14.938">
  <mem-info id="3157" free="22020096" total="81788928" percent="26">
    <mem type="eden" free="1048552" total="28311552" percent="3" />
    <remembered-set count="576" freebytes="3262464" totalbytes="3264768" percent="99" regionsoverflowed="0" regionsstable="18" regionsrebuilding="0"/>
  </mem-info>
</gc-start>
<allocation-stats totalBytes="27092088" >
  <allocated-bytes non-tlh="0" tlh="27092088" arrayletleaf="0"/>
  <largest-consumer threadName="main" threadId="0000000001CEB700" bytes="27092088" />
</allocation-stats>
<gc-op id="3158" type="copy forward" timems="1.257" contextid="3155" timestamp="2019-06-15T00:50:14.940">
  <memory-copied type="eden" objects="1" bytes="24" bytesdiscarded="0" />
  <memory-copied type="other" objects="0" bytes="0" bytesdiscarded="0" />
  <memory-cardclean objects="8" bytes="248" />
  <regions eden="26" other="1" />
  <remembered-set-cleared processed="82" cleared="0" durationms="0.094" />
  <stringconstants candidates="13269" cleared="0"  />
</gc-op>
<gc-op id="3159" type="classunload" timems="0.003" contextid="3155" timestamp="2019-06-15T00:50:14.940">
  <classunload-info classloadercandidates="53" classloadersunloaded="0" classesunloaded="0" anonymousclassesunloaded="0" quiescems="0.000" setupms="0.003" scanms="0.000" postms="0.000" />
</gc-op>
<gc-end id="3160" type="partial gc" contextid="3155" durationms="2.144" usertimems="4.000" systemtimems="0.000" timestamp="2019-06-15T00:50:14.940" activeThreads="4">
  <mem-info id="3161" free="49283072" total="81788928" percent="60">
    <mem type="eden" free="1048552" total="1048576" percent="99" />
    <remembered-set count="1056" freebytes="3260544" totalbytes="3264768" percent="99" regionsoverflowed="0" regionsstable="18" regionsrebuilding="0"/>
  </mem-info>
</gc-end>
<cycle-end id="3162" type="partial gc" contextid="3155" timestamp="2019-06-15T00:50:14.941" />
  <attribute name="elasticGC enabled" value="1" />
  <attribute name= "numThreadsSpecified" value="4" />
  <attribute name="heapSize specified" value="0" />
  <attribute name="Current GC Util" value="89" />
  <attribute name= "Current Time Running" value="20887" />
  <attribute name ="GC Interval" value="0" />
  <attribute name="ProportionalT" value="34.500000" />
  <attribute name="ProportionalI" value="34.500000" />
  <attribute name="ProportionalH" value="34.500000" />
  <attribute name="Current Error" value="69.000000" />
  <attribute name="IntegralT" value="69.000000" />
  <attribute name="IntegralI" value="69.000000" />
  <attribute name="IntegralH" value="69.000000" />
  <attribute name="DerivativeT" value="34.500000" />
  <attribute name="DerivativeI" value="34.500000" />
  <attribute name="DerivativeH" value="34.500000" />
  <attribute name="Loop Time for DT" value="1.000000" />
  <attribute name="Output H" value="8388608"/>
  <attribute name="Output I" value="200"/>
  <attribute name="Output T" value="4"/>
  <attribute name="Target GC Util Change" value ="20.000000" />
  <attribute name="Current GC Util Change" value="89.000000"/>
  <attribute name="GC Util currently" value="89" />
  <attribute name="CPU Util currently" value="18903916216777" />
<exclusive-end id="3163" timestamp="2019-06-15T00:50:14.941" durationms="3.254" />

<exclusive-start id="3164" timestamp="2019-06-15T00:50:14.949" intervalms="11.625">
  <response-info timems="0.076" idlems="0.076" threads="0" lastid="0000000001CEB700" lastname="main" />
</exclusive-start>
<allocation-taxation id="3165" taxation-threshold="27262976" timestamp="2019-06-15T00:50:14.949" intervalms="11.631" />
<cycle-start id="3166" type="partial gc" contextid="0" timestamp="2019-06-15T00:50:14.950" intervalms="11.614" />
<gc-start id="3167" type="partial gc" contextid="3166" timestamp="2019-06-15T00:50:14.950">
  <mem-info id="3168" free="22020096" total="81788928" percent="26">
    <mem type="eden" free="1048552" total="28311552" percent="3" />
    <remembered-set count="576" freebytes="3262464" totalbytes="3264768" percent="99" regionsoverflowed="0" regionsstable="18" regionsrebuilding="0"/>
  </mem-info>
</gc-start>
<allocation-stats totalBytes="27092088" >
  <allocated-bytes non-tlh="0" tlh="27092088" arrayletleaf="0"/>
  <largest-consumer threadName="main" threadId="0000000001CEB700" bytes="27092088" />
</allocation-stats>
<gc-op id="3169" type="copy forward" timems="0.785" contextid="3166" timestamp="2019-06-15T00:50:14.951">
  <memory-copied type="eden" objects="1" bytes="24" bytesdiscarded="0" />
  <memory-copied type="other" objects="0" bytes="0" bytesdiscarded="0" />
  <memory-cardclean objects="8" bytes="248" />
  <regions eden="26" other="1" />
  <remembered-set-cleared processed="82" cleared="0" durationms="0.104" />
  <stringconstants candidates="13269" cleared="0"  />
</gc-op>
<gc-op id="3170" type="classunload" timems="0.004" contextid="3166" timestamp="2019-06-15T00:50:14.952">
  <classunload-info classloadercandidates="53" classloadersunloaded="0" classesunloaded="0" anonymousclassesunloaded="0" quiescems="0.000" setupms="0.004" scanms="0.000" postms="0.000" />
</gc-op>
<gc-end id="3171" type="partial gc" contextid="3166" durationms="1.919" usertimems="0.000" systemtimems="0.000" timestamp="2019-06-15T00:50:14.952" activeThreads="1">
  <mem-info id="3172" free="49283072" total="81788928" percent="60">
    <mem type="eden" free="1048552" total="1048576" percent="99" />
    <remembered-set count="1056" freebytes="3260544" totalbytes="3264768" percent="99" regionsoverflowed="0" regionsstable="18" regionsrebuilding="0"/>
  </mem-info>
</gc-end>
<cycle-end id="3173" type="partial gc" contextid="3166" timestamp="2019-06-15T00:50:14.952" />
  <attribute name="elasticGC enabled" value="1" />
  <attribute name= "numThreadsSpecified" value="1" />
  <attribute name="heapSize specified" value="0" />
  <attribute name="Current GC Util" value="67" />
  <attribute name= "Current Time Running" value="20898" />
  <attribute name ="GC Interval" value="0" />
  <attribute name="ProportionalT" value="23.500000" />
  <attribute name="ProportionalI" value="23.500000" />
  <attribute name="ProportionalH" value="23.500000" />
  <attribute name="Current Error" value="47.000000" />
  <attribute name="IntegralT" value="0.000000" />
  <attribute name="IntegralI" value="0.000000" />
  <attribute name="IntegralH" value="0.000000" />
  <attribute name="DerivativeT" value="inf" />
  <attribute name="DerivativeI" value="inf" />
  <attribute name="DerivativeH" value="inf" />
  <attribute name="Loop Time for DT" value="0.000000" />
  <attribute name="Output H" value="8388608"/>
  <attribute name="Output I" value="200"/>
  <attribute name="Output T" value="1"/>
  <attribute name="Target GC Util Change" value ="20.000000" />
  <attribute name="Current GC Util Change" value="67.000000"/>
  <attribute name="GC Util currently" value="67" />
  <attribute name="CPU Util currently" value="21282216125510" />
<exclusive-end id="3174" timestamp="2019-06-15T00:50:14.952" durationms="3.090" />

<exclusive-start id="3175" timestamp="2019-06-15T00:50:14.988" intervalms="38.829">
  <response-info timems="0.073" idlems="0.073" threads="0" lastid="0000000001CEB700" lastname="main" />
</exclusive-start>
<allocation-taxation id="3176" taxation-threshold="27262976" timestamp="2019-06-15T00:50:14.988" intervalms="38.822" />
<cycle-start id="3177" type="partial gc" contextid="0" timestamp="2019-06-15T00:50:14.989" intervalms="38.831" />
<gc-start id="3178" type="partial gc" contextid="3177" timestamp="2019-06-15T00:50:14.989">
  <mem-info id="3179" free="22020096" total="81788928" percent="26">
    <mem type="eden" free="1048552" total="28311552" percent="3" />
    <remembered-set count="576" freebytes="3262464" totalbytes="3264768" percent="99" regionsoverflowed="0" regionsstable="18" regionsrebuilding="0"/>
  </mem-info>
</gc-start>
<allocation-stats totalBytes="27254832" >
  <allocated-bytes non-tlh="0" tlh="27254832" arrayletleaf="0"/>
  <largest-consumer threadName="main" threadId="0000000001CEB700" bytes="27254832" />
</allocation-stats>
<gc-op id="3180" type="copy forward" timems="0.886" contextid="3177" timestamp="2019-06-15T00:50:14.990">
  <memory-copied type="eden" objects="158" bytes="5248" bytesdiscarded="0" />
  <memory-copied type="other" objects="0" bytes="0" bytesdiscarded="0" />
  <memory-cardclean objects="68" bytes="2128" />
  <regions eden="26" other="1" />
  <remembered-set-cleared processed="82" cleared="2" durationms="0.114" />
  <stringconstants candidates="13269" cleared="0"  />
</gc-op>
<gc-op id="3181" type="classunload" timems="0.004" contextid="3177" timestamp="2019-06-15T00:50:14.991">
  <classunload-info classloadercandidates="53" classloadersunloaded="0" classesunloaded="0" anonymousclassesunloaded="0" quiescems="0.000" setupms="0.004" scanms="0.000" postms="0.000" />
</gc-op>
<gc-end id="3182" type="partial gc" contextid="3177" durationms="2.031" usertimems="4.000" systemtimems="0.000" timestamp="2019-06-15T00:50:14.991" activeThreads="1">
  <mem-info id="3183" free="49283072" total="81788928" percent="60">
    <mem type="eden" free="1043328" total="1048576" percent="99" />
    <remembered-set count="1056" freebytes="3260544" totalbytes="3264768" percent="99" regionsoverflowed="0" regionsstable="18" regionsrebuilding="0"/>
  </mem-info>
</gc-end>
<cycle-end id="3184" type="partial gc" contextid="3177" timestamp="2019-06-15T00:50:14.991" />
  <attribute name="elasticGC enabled" value="1" />
  <attribute name= "numThreadsSpecified" value="1" />
  <attribute name="heapSize specified" value="0" />
  <attribute name="Current GC Util" value="90" />
  <attribute name= "Current Time Running" value="20937" />
  <attribute name ="GC Interval" value="0" />
  <attribute name="ProportionalT" value="35.000000" />
  <attribute name="ProportionalI" value="35.000000" />
  <attribute name="ProportionalH" value="35.000000" />
  <attribute name="Current Error" value="70.000000" />
  <attribute name="IntegralT" value="0.000000" />
  <attribute name="IntegralI" value="0.000000" />
  <attribute name="IntegralH" value="0.000000" />
  <attribute name="DerivativeT" value="inf" />
  <attribute name="DerivativeI" value="inf" />
  <attribute name="DerivativeH" value="inf" />
  <attribute name="Loop Time for DT" value="0.000000" />
  <attribute name="Output H" value="8388608"/>
  <attribute name="Output I" value="200"/>
  <attribute name="Output T" value="1"/>
  <attribute name="Target GC Util Change" value ="20.000000" />
  <attribute name="Current GC Util Change" value="90.000000"/>
  <attribute name="GC Util currently" value="90" />
  <attribute name="CPU Util currently" value="18355334341472" />
<exclusive-end id="3185" timestamp="2019-06-15T00:50:14.991" durationms="3.193" />

<exclusive-start id="3186" timestamp="2019-06-15T00:50:15.042" intervalms="53.708">
  <response-info timems="0.078" idlems="0.078" threads="0" lastid="0000000001CEB700" lastname="main" />
</exclusive-start>
<allocation-taxation id="3187" taxation-threshold="27262976" timestamp="2019-06-15T00:50:15.042" intervalms="53.641" />
<cycle-start id="3188" type="partial gc" contextid="0" timestamp="2019-06-15T00:50:15.042" intervalms="53.561" />
<gc-start id="3189" type="partial gc" contextid="3188" timestamp="2019-06-15T00:50:15.042">
  <mem-info id="3190" free="22020096" total="81788928" percent="26">
    <mem type="eden" free="0" total="27262976" percent="0" />
    <remembered-set count="576" freebytes="3262464" totalbytes="3264768" percent="99" regionsoverflowed="0" regionsstable="18" regionsrebuilding="0"/>
  </mem-info>
</gc-start>
<allocation-stats totalBytes="27258808" >
  <allocated-bytes non-tlh="0" tlh="27258808" arrayletleaf="0"/>
  <largest-consumer threadName="main" threadId="0000000001CEB700" bytes="27258808" />
</allocation-stats>
<gc-op id="3191" type="copy forward" timems="1.401" contextid="3188" timestamp="2019-06-15T00:50:15.044">
  <memory-copied type="eden" objects="234" bytes="7688" bytesdiscarded="968" />
  <memory-copied type="other" objects="7" bytes="160" bytesdiscarded="696" />
  <memory-cardclean objects="88" bytes="10912" />
  <regions eden="26" other="1" />
  <remembered-set-cleared processed="80" cleared="5" durationms="0.108" />
  <references type="weak" candidates="37" cleared="0" enqueued="0" />
  <stringconstants candidates="13269" cleared="0"  />
</gc-op>
<gc-op id="3192" type="classunload" timems="0.004" contextid="3188" timestamp="2019-06-15T00:50:15.044">
  <classunload-info classloadercandidates="53" classloadersunloaded="0" classesunloaded="0" anonymousclassesunloaded="0" quiescems="0.000" setupms="0.004" scanms="0.000" postms="0.000" />
</gc-op>
<gc-end id="3193" type="partial gc" contextid="3188" durationms="2.298" usertimems="0.000" systemtimems="0.000" timestamp="2019-06-15T00:50:15.045" activeThreads="4">
  <mem-info id="3194" free="48234496" total="81788928" percent="58">
    <mem type="eden" free="1039872" total="1048576" percent="99" />
    <remembered-set count="1536" freebytes="3258624" totalbytes="3264768" percent="99" regionsoverflowed="0" regionsstable="18" regionsrebuilding="0"/>
  </mem-info>
</gc-end>
<cycle-end id="3195" type="partial gc" contextid="3188" timestamp="2019-06-15T00:50:15.045" />
  <attribute name="elasticGC enabled" value="1" />
  <attribute name= "numThreadsSpecified" value="4" />
  <attribute name="heapSize specified" value="0" />
  <attribute name="Current GC Util" value="71" />
  <attribute name= "Current Time Running" value="20991" />
  <attribute name ="GC Interval" value="0" />
  <attribute name="ProportionalT" value="25.500000" />
  <attribute name="ProportionalI" value="25.500000" />
  <attribute name="ProportionalH" value="25.500000" />
  <attribute name="Current Error" value="51.000000" />
  <attribute name="IntegralT" value="51.000000" />
  <attribute name="IntegralI" value="51.000000" />
  <attribute name="IntegralH" value="51.000000" />
  <attribute name="DerivativeT" value="25.500000" />
  <attribute name="DerivativeI" value="25.500000" />
  <attribute name="DerivativeH" value="25.500000" />
  <attribute name="Loop Time for DT" value="1.000000" />
  <attribute name="Output H" value="8388608"/>
  <attribute name="Output I" value="200"/>
  <attribute name="Output T" value="4"/>
  <attribute name="Target GC Util Change" value ="20.000000" />
  <attribute name="Current GC Util Change" value="71.000000"/>
  <attribute name="GC Util currently" value="71" />
  <attribute name="CPU Util currently" value="20280507383960" />
<exclusive-end id="3196" timestamp="2019-06-15T00:50:15.045" durationms="3.069" />

<exclusive-start id="3197" timestamp="2019-06-15T00:50:15.084" intervalms="41.889">
  <response-info timems="0.080" idlems="0.080" threads="0" lastid="0000000001CEB700" lastname="main" />
</exclusive-start>
<allocation-taxation id="3198" taxation-threshold="27262976" timestamp="2019-06-15T00:50:15.084" intervalms="41.982" />
<cycle-start id="3199" type="partial gc" contextid="0" timestamp="2019-06-15T00:50:15.084" intervalms="42.121" />
<gc-start id="3200" type="partial gc" contextid="3199" timestamp="2019-06-15T00:50:15.084">
  <mem-info id="3201" free="20971520" total="81788928" percent="25">
    <mem type="eden" free="0" total="27262976" percent="0" />
    <remembered-set count="1120" freebytes="3260288" totalbytes="3264768" percent="99" regionsoverflowed="0" regionsstable="18" regionsrebuilding="0"/>
  </mem-info>
</gc-start>
<allocation-stats totalBytes="27259632" >
  <allocated-bytes non-tlh="0" tlh="27259632" arrayletleaf="0"/>
  <largest-consumer threadName="main" threadId="0000000001CEB700" bytes="27259632" />
</allocation-stats>
<gc-op id="3202" type="copy forward" timems="0.935" contextid="3199" timestamp="2019-06-15T00:50:15.086">
  <memory-copied type="eden" objects="123" bytes="3808" bytesdiscarded="0" />
  <memory-copied type="other" objects="113" bytes="3968" bytesdiscarded="0" />
  <memory-cardclean objects="51" bytes="10048" />
  <regions eden="26" other="1" />
  <remembered-set-cleared processed="83" cleared="6" durationms="0.128" />
  <references type="weak" candidates="37" cleared="0" enqueued="0" />
  <stringconstants candidates="13269" cleared="0"  />
</gc-op>
<gc-op id="3203" type="classunload" timems="0.004" contextid="3199" timestamp="2019-06-15T00:50:15.086">
  <classunload-info classloadercandidates="53" classloadersunloaded="0" classesunloaded="0" anonymousclassesunloaded="0" quiescems="0.000" setupms="0.003" scanms="0.000" postms="0.000" />
</gc-op>
<gc-end id="3204" type="partial gc" contextid="3199" durationms="2.130" usertimems="4.000" systemtimems="0.000" timestamp="2019-06-15T00:50:15.087" activeThreads="1">
  <mem-info id="3205" free="47185920" total="81788928" percent="57">
    <mem type="eden" free="1044768" total="1048576" percent="99" />
    <remembered-set count="1440" freebytes="3259008" totalbytes="3264768" percent="99" regionsoverflowed="0" regionsstable="18" regionsrebuilding="0"/>
  </mem-info>
</gc-end>
<cycle-end id="3206" type="partial gc" contextid="3199" timestamp="2019-06-15T00:50:15.087" />
  <attribute name="elasticGC enabled" value="1" />
  <attribute name= "numThreadsSpecified" value="1" />
  <attribute name="heapSize specified" value="0" />
  <attribute name="Current GC Util" value="75" />
  <attribute name= "Current Time Running" value="21033" />
  <attribute name ="GC Interval" value="0" />
  <attribute name="ProportionalT" value="27.500000" />
  <attribute name="ProportionalI" value="27.500000" />
  <attribute name="ProportionalH" value="27.500000" />
  <attribute name="Current Error" value="55.000000" />
  <attribute name="IntegralT" value="0.000000" />
  <attribute name="IntegralI" value="0.000000" />
  <attribute name="IntegralH" value="0.000000" />
  <attribute name="DerivativeT" value="inf" />
  <attribute name="DerivativeI" value="inf" />
  <attribute name="DerivativeH" value="inf" />
  <attribute name="Loop Time for DT" value="0.000000" />
  <attribute name="Output H" value="8388608"/>
  <attribute name="Output I" value="200"/>
  <attribute name="Output T" value="1"/>
  <attribute name="Target GC Util Change" value ="20.000000" />
  <attribute name="Current GC Util Change" value="75.000000"/>
  <attribute name="GC Util currently" value="75" />
  <attribute name="CPU Util currently" value="16615035889375" />
<exclusive-end id="3207" timestamp="2019-06-15T00:50:15.087" durationms="3.387" />

<exclusive-start id="3208" timestamp="2019-06-15T00:50:15.125" intervalms="41.086">
  <response-info timems="0.069" idlems="0.069" threads="0" lastid="0000000001CEB700" lastname="main" />
</exclusive-start>
<allocation-taxation id="3209" taxation-threshold="27262976" timestamp="2019-06-15T00:50:15.125" intervalms="41.046" />
<cycle-start id="3210" type="partial gc" contextid="0" timestamp="2019-06-15T00:50:15.125" intervalms="41.016" />
<gc-start id="3211" type="partial gc" contextid="3210" timestamp="2019-06-15T00:50:15.125">
  <mem-info id="3212" free="19922944" total="81788928" percent="24">
    <mem type="eden" free="1044768" total="28311552" percent="3" />
    <remembered-set count="1024" freebytes="3260672" totalbytes="3264768" percent="99" regionsoverflowed="0" regionsstable="18" regionsrebuilding="0"/>
  </mem-info>
</gc-start>
<allocation-stats totalBytes="27258976" >
  <allocated-bytes non-tlh="0" tlh="27258976" arrayletleaf="0"/>
  <largest-consumer threadName="main" threadId="0000000001CEB700" bytes="27258976" />
</allocation-stats>
<gc-op id="3213" type="copy forward" timems="0.945" contextid="3210" timestamp="2019-06-15T00:50:15.127">
  <memory-copied type="eden" objects="134" bytes="4288" bytesdiscarded="0" />
  <memory-copied type="other" objects="0" bytes="0" bytesdiscarded="0" />
  <memory-cardclean objects="71" bytes="2320" />
  <regions eden="26" other="1" />
  <remembered-set-cleared processed="90" cleared="7" durationms="0.163" />
  <stringconstants candidates="13269" cleared="0"  />
</gc-op>
<gc-op id="3214" type="classunload" timems="0.003" contextid="3210" timestamp="2019-06-15T00:50:15.127">
  <classunload-info classloadercandidates="53" classloadersunloaded="0" classesunloaded="0" anonymousclassesunloaded="0" quiescems="0.000" setupms="0.003" scanms="0.000" postms="0.000" />
</gc-op>
<gc-end id="3215" type="partial gc" contextid="3210" durationms="2.209" usertimems="4.000" systemtimems="0.000" timestamp="2019-06-15T00:50:15.128" activeThreads="1">
  <mem-info id="3216" free="47185920" total="81788928" percent="57">
    <mem type="eden" free="1044288" total="1048576" percent="99" />
    <remembered-set count="1472" freebytes="3258880" totalbytes="3264768" percent="99" regionsoverflowed="0" regionsstable="18" regionsrebuilding="0"/>
  </mem-info>
</gc-end>
<cycle-end id="3217" type="partial gc" contextid="3210" timestamp="2019-06-15T00:50:15.128" />
  <attribute name="elasticGC enabled" value="1" />
  <attribute name= "numThreadsSpecified" value="1" />
  <attribute name="heapSize specified" value="0" />
  <attribute name="Current GC Util" value="87" />
  <attribute name= "Current Time Running" value="21074" />
  <attribute name ="GC Interval" value="0" />
  <attribute name="ProportionalT" value="33.500000" />
  <attribute name="ProportionalI" value="33.500000" />
  <attribute name="ProportionalH" value="33.500000" />
  <attribute name="Current Error" value="67.000000" />
  <attribute name="IntegralT" value="0.000000" />
  <attribute name="IntegralI" value="0.000000" />
  <attribute name="IntegralH" value="0.000000" />
  <attribute name="DerivativeT" value="inf" />
  <attribute name="DerivativeI" value="inf" />
  <attribute name="DerivativeH" value="inf" />
  <attribute name="Loop Time for DT" value="0.000000" />
  <attribute name="Output H" value="8388608"/>
  <attribute name="Output I" value="200"/>
  <attribute name="Output T" value="1"/>
  <attribute name="Target GC Util Change" value ="20.000000" />
  <attribute name="Current GC Util Change" value="87.000000"/>
  <attribute name="GC Util currently" value="87" />
  <attribute name="CPU Util currently" value="16458374737025" />
<exclusive-end id="3218" timestamp="2019-06-15T00:50:15.128" durationms="3.442" />

<exclusive-start id="3219" timestamp="2019-06-15T00:50:15.136" intervalms="11.549">
  <response-info timems="0.079" idlems="0.079" threads="0" lastid="0000000001CEB700" lastname="main" />
</exclusive-start>
<allocation-taxation id="3220" taxation-threshold="27262976" timestamp="2019-06-15T00:50:15.137" intervalms="11.593" />
<cycle-start id="3221" type="partial gc" contextid="0" timestamp="2019-06-15T00:50:15.137" intervalms="11.584" />
<gc-start id="3222" type="partial gc" contextid="3221" timestamp="2019-06-15T00:50:15.137">
  <mem-info id="3223" free="19922944" total="81788928" percent="24">
    <mem type="eden" free="1044288" total="28311552" percent="3" />
    <remembered-set count="1024" freebytes="3260672" totalbytes="3264768" percent="99" regionsoverflowed="0" regionsstable="18" regionsrebuilding="0"/>
  </mem-info>
</gc-start>
<allocation-stats totalBytes="27246048" >
  <allocated-bytes non-tlh="0" tlh="27246048" arrayletleaf="0"/>
  <largest-consumer threadName="main" threadId="0000000001CEB700" bytes="27246048" />
</allocation-stats>
<gc-op id="3224" type="copy forward" timems="1.363" contextid="3221" timestamp="2019-06-15T00:50:15.139">
  <memory-copied type="eden" objects="5" bytes="320" bytesdiscarded="0" />
  <memory-copied type="other" objects="130" bytes="4008" bytesdiscarded="736" />
  <memory-cardclean objects="37" bytes="1608" />
  <regions eden="26" other="1" />
  <remembered-set-cleared processed="88" cleared="5" durationms="0.105" />
  <stringconstants candidates="13269" cleared="0"  />
</gc-op>
<gc-op id="3225" type="classunload" timems="0.004" contextid="3221" timestamp="2019-06-15T00:50:15.139">
  <classunload-info classloadercandidates="53" classloadersunloaded="0" classesunloaded="0" anonymousclassesunloaded="0" quiescems="0.000" setupms="0.004" scanms="0.000" postms="0.000" />
</gc-op>
<gc-end id="3226" type="partial gc" contextid="3221" durationms="2.446" usertimems="4.000" systemtimems="0.000" timestamp="2019-06-15T00:50:15.140" activeThreads="4">
  <mem-info id="3227" free="46137344" total="81788928" percent="56">
    <mem type="eden" free="2092088" total="2097152" percent="99" />
    <remembered-set count="2144" freebytes="3256192" totalbytes="3264768" percent="99" regionsoverflowed="0" regionsstable="18" regionsrebuilding="0"/>
  </mem-info>
</gc-end>
<cycle-end id="3228" type="partial gc" contextid="3221" timestamp="2019-06-15T00:50:15.140" />
  <attribute name="elasticGC enabled" value="1" />
  <attribute name= "numThreadsSpecified" value="4" />
  <attribute name="heapSize specified" value="0" />
  <attribute name="Current GC Util" value="85" />
  <attribute name= "Current Time Running" value="21086" />
  <attribute name ="GC Interval" value="0" />
  <attribute name="ProportionalT" value="32.500000" />
  <attribute name="ProportionalI" value="32.500000" />
  <attribute name="ProportionalH" value="32.500000" />
  <attribute name="Current Error" value="65.000000" />
  <attribute name="IntegralT" value="65.000000" />
  <attribute name="IntegralI" value="65.000000" />
  <attribute name="IntegralH" value="65.000000" />
  <attribute name="DerivativeT" value="32.500000" />
  <attribute name="DerivativeI" value="32.500000" />
  <attribute name="DerivativeH" value="32.500000" />
  <attribute name="Loop Time for DT" value="1.000000" />
  <attribute name="Output H" value="8388608"/>
  <attribute name="Output I" value="200"/>
  <attribute name="Output T" value="4"/>
  <attribute name="Target GC Util Change" value ="20.000000" />
  <attribute name="Current GC Util Change" value="85.000000"/>
  <attribute name="GC Util currently" value="85" />
  <attribute name="CPU Util currently" value="16630614301378" />
<exclusive-end id="3229" timestamp="2019-06-15T00:50:15.140" durationms="3.659" />

<exclusive-start id="3230" timestamp="2019-06-15T00:50:15.148" intervalms="11.786">
  <response-info timems="0.080" idlems="0.080" threads="0" lastid="0000000001CEB700" lastname="main" />
</exclusive-start>
<allocation-taxation id="3231" taxation-threshold="27262976" timestamp="2019-06-15T00:50:15.148" intervalms="11.782" />
<cycle-start id="3232" type="partial gc" contextid="0" timestamp="2019-06-15T00:50:15.149" intervalms="11.787" />
<gc-start id="3233" type="partial gc" contextid="3232" timestamp="2019-06-15T00:50:15.149">
  <mem-info id="3234" free="18874368" total="81788928" percent="23">
    <mem type="eden" free="1048256" total="28311552" percent="3" />
    <remembered-set count="1696" freebytes="3257984" totalbytes="3264768" percent="99" regionsoverflowed="0" regionsstable="18" regionsrebuilding="0"/>
  </mem-info>
</gc-start>
<allocation-stats totalBytes="27248576" >
  <allocated-bytes non-tlh="0" tlh="27248576" arrayletleaf="0"/>
  <largest-consumer threadName="main" threadId="0000000001CEB700" bytes="27248576" />
</allocation-stats>
<gc-op id="3235" type="copy forward" timems="0.916" contextid="3232" timestamp="2019-06-15T00:50:15.151">
  <memory-copied type="eden" objects="6" bytes="272" bytesdiscarded="0" />
  <memory-copied type="other" objects="0" bytes="0" bytesdiscarded="0" />
  <memory-cardclean objects="16" bytes="528" />
  <regions eden="26" other="1" />
  <remembered-set-cleared processed="94" cleared="1" durationms="0.131" />
  <stringconstants candidates="13269" cleared="0"  />
</gc-op>
<gc-op id="3236" type="classunload" timems="0.003" contextid="3232" timestamp="2019-06-15T00:50:15.151">
  <classunload-info classloadercandidates="53" classloadersunloaded="0" classesunloaded="0" anonymousclassesunloaded="0" quiescems="0.000" setupms="0.003" scanms="0.000" postms="0.000" />
</gc-op>
<heap-resize id="3237" type="expand" space="default" amount="7340032" count="1" timems="0.087" reason="excessive time being spent in gc" timestamp="2019-06-15T00:50:15.151" />
<gc-end id="3238" type="partial gc" contextid="3232" durationms="2.430" usertimems="0.000" systemtimems="0.000" timestamp="2019-06-15T00:50:15.151" activeThreads="1">
  <mem-info id="3239" free="53477376" total="89128960" percent="60">
    <mem type="eden" free="1048304" total="1048576" percent="99" />
    <remembered-set count="2176" freebytes="3549056" totalbytes="3557760" percent="99" regionsoverflowed="0" regionsstable="18" regionsrebuilding="0"/>
  </mem-info>
</gc-end>
<cycle-end id="3240" type="partial gc" contextid="3232" timestamp="2019-06-15T00:50:15.151" />
  <attribute name="elasticGC enabled" value="1" />
  <attribute name= "numThreadsSpecified" value="1" />
  <attribute name="heapSize specified" value="0" />
  <attribute name="Current GC Util" value="74" />
  <attribute name= "Current Time Running" value="21097" />
  <attribute name ="GC Interval" value="0" />
  <attribute name="ProportionalT" value="27.000000" />
  <attribute name="ProportionalI" value="27.000000" />
  <attribute name="ProportionalH" value="27.000000" />
  <attribute name="Current Error" value="54.000000" />
  <attribute name="IntegralT" value="0.000000" />
  <attribute name="IntegralI" value="0.000000" />
  <attribute name="IntegralH" value="0.000000" />
  <attribute name="DerivativeT" value="inf" />
  <attribute name="DerivativeI" value="inf" />
  <attribute name="DerivativeH" value="inf" />
  <attribute name="Loop Time for DT" value="0.000000" />
  <attribute name="Output H" value="8388608"/>
  <attribute name="Output I" value="200"/>
  <attribute name="Output T" value="1"/>
  <attribute name="Target GC Util Change" value ="20.000000" />
  <attribute name="Current GC Util Change" value="74.000000"/>
  <attribute name="GC Util currently" value="74" />
  <attribute name="CPU Util currently" value="16577826101776" />
<exclusive-end id="3241" timestamp="2019-06-15T00:50:15.152" durationms="3.665" />

<exclusive-start id="3242" timestamp="2019-06-15T00:50:15.160" intervalms="12.232">
  <response-info timems="0.076" idlems="0.076" threads="0" lastid="0000000001CEB700" lastname="main" />
</exclusive-start>
<allocation-taxation id="3243" taxation-threshold="28311552" timestamp="2019-06-15T00:50:15.161" intervalms="12.188" />
<cycle-start id="3244" type="partial gc" contextid="0" timestamp="2019-06-15T00:50:15.161" intervalms="12.176" />
<gc-start id="3245" type="partial gc" contextid="3244" timestamp="2019-06-15T00:50:15.161">
  <mem-info id="3246" free="25165824" total="89128960" percent="28">
    <mem type="eden" free="1048304" total="29360128" percent="3" />
    <remembered-set count="1696" freebytes="3550976" totalbytes="3557760" percent="99" regionsoverflowed="0" regionsstable="18" regionsrebuilding="0"/>
  </mem-info>
</gc-start>
<allocation-stats totalBytes="28296624" >
  <allocated-bytes non-tlh="0" tlh="28296624" arrayletleaf="0"/>
  <largest-consumer threadName="main" threadId="0000000001CEB700" bytes="28296624" />
</allocation-stats>
<gc-op id="3247" type="copy forward" timems="0.859" contextid="3244" timestamp="2019-06-15T00:50:15.163">
  <memory-copied type="eden" objects="5" bytes="368" bytesdiscarded="0" />
  <memory-copied type="other" objects="0" bytes="0" bytesdiscarded="0" />
  <memory-cardclean objects="16" bytes="528" />
  <regions eden="27" other="1" />
  <remembered-set-cleared processed="94" cleared="1" durationms="0.122" />
  <stringconstants candidates="13269" cleared="0"  />
</gc-op>
<gc-op id="3248" type="classunload" timems="0.003" contextid="3244" timestamp="2019-06-15T00:50:15.163">
  <classunload-info classloadercandidates="53" classloadersunloaded="0" classesunloaded="0" anonymousclassesunloaded="0" quiescems="0.000" setupms="0.003" scanms="0.000" postms="0.000" />
</gc-op>
<gc-end id="3249" type="partial gc" contextid="3244" durationms="1.987" usertimems="4.000" systemtimems="0.000" timestamp="2019-06-15T00:50:15.163" activeThreads="1">
  <mem-info id="3250" free="53477376" total="89128960" percent="60">
    <mem type="eden" free="1048208" total="1048576" percent="99" />
    <remembered-set count="2176" freebytes="3549056" totalbytes="3557760" percent="99" regionsoverflowed="0" regionsstable="18" regionsrebuilding="0"/>
  </mem-info>
</gc-end>
<cycle-end id="3251" type="partial gc" contextid="3244" timestamp="2019-06-15T00:50:15.163" />
  <attribute name="elasticGC enabled" value="1" />
  <attribute name= "numThreadsSpecified" value="1" />
  <attribute name="heapSize specified" value="0" />
  <attribute name="Current GC Util" value="82" />
  <attribute name= "Current Time Running" value="21109" />
  <attribute name ="GC Interval" value="0" />
  <attribute name="ProportionalT" value="31.000000" />
  <attribute name="ProportionalI" value="31.000000" />
  <attribute name="ProportionalH" value="31.000000" />
  <attribute name="Current Error" value="62.000000" />
  <attribute name="IntegralT" value="0.000000" />
  <attribute name="IntegralI" value="0.000000" />
  <attribute name="IntegralH" value="0.000000" />
  <attribute name="DerivativeT" value="inf" />
  <attribute name="DerivativeI" value="inf" />
  <attribute name="DerivativeH" value="inf" />
  <attribute name="Loop Time for DT" value="0.000000" />
  <attribute name="Output H" value="8388608"/>
  <attribute name="Output I" value="200"/>
  <attribute name="Output T" value="1"/>
  <attribute name="Target GC Util Change" value ="20.000000" />
  <attribute name="Current GC Util Change" value="82.000000"/>
  <attribute name="GC Util currently" value="82" />
  <attribute name="CPU Util currently" value="18448145964061" />
<exclusive-end id="3252" timestamp="2019-06-15T00:50:15.163" durationms="3.152" />

<exclusive-start id="3253" timestamp="2019-06-15T00:50:15.172" intervalms="11.622">
  <response-info timems="0.075" idlems="0.075" threads="0" lastid="0000000001CEB700" lastname="main" />
</exclusive-start>
<allocation-taxation id="3254" taxation-threshold="28311552" timestamp="2019-06-15T00:50:15.172" intervalms="11.641" />
<cycle-start id="3255" type="partial gc" contextid="0" timestamp="2019-06-15T00:50:15.172" intervalms="11.644" />
<gc-start id="3256" type="partial gc" contextid="3255" timestamp="2019-06-15T00:50:15.173">
  <mem-info id="3257" free="25165824" total="89128960" percent="28">
    <mem type="eden" free="1048208" total="29360128" percent="3" />
    <remembered-set count="1696" freebytes="3550976" totalbytes="3557760" percent="99" regionsoverflowed="0" regionsstable="18" regionsrebuilding="0"/>
  </mem-info>
</gc-start>
<allocation-stats totalBytes="28296760" >
  <allocated-bytes non-tlh="0" tlh="28296760" arrayletleaf="0"/>
  <largest-consumer threadName="main" threadId="0000000001CEB700" bytes="28296760" />
</allocation-stats>
<gc-op id="3258" type="copy forward" timems="0.856" contextid="3255" timestamp="2019-06-15T00:50:15.174">
  <memory-copied type="eden" objects="7" bytes="536" bytesdiscarded="0" />
  <memory-copied type="other" objects="0" bytes="0" bytesdiscarded="0" />
  <memory-cardclean objects="16" bytes="528" />
  <regions eden="27" other="1" />
  <remembered-set-cleared processed="94" cleared="1" durationms="0.122" />
  <stringconstants candidates="13269" cleared="0"  />
</gc-op>
<gc-op id="3259" type="classunload" timems="0.003" contextid="3255" timestamp="2019-06-15T00:50:15.174">
  <classunload-info classloadercandidates="53" classloadersunloaded="0" classesunloaded="0" anonymousclassesunloaded="0" quiescems="0.000" setupms="0.003" scanms="0.000" postms="0.000" />
</gc-op>
<gc-end id="3260" type="partial gc" contextid="3255" durationms="2.074" usertimems="0.000" systemtimems="0.000" timestamp="2019-06-15T00:50:15.175" activeThreads="1">
  <mem-info id="3261" free="53477376" total="89128960" percent="60">
    <mem type="eden" free="1048040" total="1048576" percent="99" />
    <remembered-set count="2176" freebytes="3549056" totalbytes="3557760" percent="99" regionsoverflowed="0" regionsstable="18" regionsrebuilding="0"/>
  </mem-info>
</gc-end>
<cycle-end id="3262" type="partial gc" contextid="3255" timestamp="2019-06-15T00:50:15.175" />
  <attribute name="elasticGC enabled" value="1" />
  <attribute name= "numThreadsSpecified" value="1" />
  <attribute name="heapSize specified" value="0" />
  <attribute name="Current GC Util" value="82" />
  <attribute name= "Current Time Running" value="21121" />
  <attribute name ="GC Interval" value="0" />
  <attribute name="ProportionalT" value="31.000000" />
  <attribute name="ProportionalI" value="31.000000" />
  <attribute name="ProportionalH" value="31.000000" />
  <attribute name="Current Error" value="62.000000" />
  <attribute name="IntegralT" value="0.000000" />
  <attribute name="IntegralI" value="0.000000" />
  <attribute name="IntegralH" value="0.000000" />
  <attribute name="DerivativeT" value="inf" />
  <attribute name="DerivativeI" value="inf" />
  <attribute name="DerivativeH" value="inf" />
  <attribute name="Loop Time for DT" value="0.000000" />
  <attribute name="Output H" value="8388608"/>
  <attribute name="Output I" value="200"/>
  <attribute name="Output T" value="1"/>
  <attribute name="Target GC Util Change" value ="20.000000" />
  <attribute name="Current GC Util Change" value="82.000000"/>
  <attribute name="GC Util currently" value="82" />
  <attribute name="CPU Util currently" value="18508116820148" />
<exclusive-end id="3263" timestamp="2019-06-15T00:50:15.175" durationms="3.238" />

<exclusive-start id="3264" timestamp="2019-06-15T00:50:15.184" intervalms="11.760">
  <response-info timems="0.077" idlems="0.077" threads="0" lastid="0000000001CEB700" lastname="main" />
</exclusive-start>
<allocation-taxation id="3265" taxation-threshold="28311552" timestamp="2019-06-15T00:50:15.184" intervalms="11.766" />
<cycle-start id="3266" type="partial gc" contextid="0" timestamp="2019-06-15T00:50:15.184" intervalms="11.744" />
<gc-start id="3267" type="partial gc" contextid="3266" timestamp="2019-06-15T00:50:15.184">
  <mem-info id="3268" free="25165824" total="89128960" percent="28">
    <mem type="eden" free="1048040" total="29360128" percent="3" />
    <remembered-set count="1696" freebytes="3550976" totalbytes="3557760" percent="99" regionsoverflowed="0" regionsstable="18" regionsrebuilding="0"/>
  </mem-info>
</gc-start>
<allocation-stats totalBytes="28296600" >
  <allocated-bytes non-tlh="0" tlh="28296600" arrayletleaf="0"/>
  <largest-consumer threadName="main" threadId="0000000001CEB700" bytes="28296600" />
</allocation-stats>
<gc-op id="3269" type="copy forward" timems="0.854" contextid="3266" timestamp="2019-06-15T00:50:15.186">
  <memory-copied type="eden" objects="5" bytes="224" bytesdiscarded="0" />
  <memory-copied type="other" objects="0" bytes="0" bytesdiscarded="0" />
  <memory-cardclean objects="16" bytes="528" />
  <regions eden="27" other="1" />
  <remembered-set-cleared processed="94" cleared="1" durationms="0.121" />
  <stringconstants candidates="13269" cleared="0"  />
</gc-op>
<gc-op id="3270" type="classunload" timems="0.003" contextid="3266" timestamp="2019-06-15T00:50:15.186">
  <classunload-info classloadercandidates="53" classloadersunloaded="0" classesunloaded="0" anonymousclassesunloaded="0" quiescems="0.000" setupms="0.003" scanms="0.000" postms="0.000" />
</gc-op>
<gc-end id="3271" type="partial gc" contextid="3266" durationms="2.032" usertimems="0.000" systemtimems="0.000" timestamp="2019-06-15T00:50:15.186" activeThreads="1">
  <mem-info id="3272" free="53477376" total="89128960" percent="60">
    <mem type="eden" free="1048352" total="1048576" percent="99" />
    <remembered-set count="2176" freebytes="3549056" totalbytes="3557760" percent="99" regionsoverflowed="0" regionsstable="18" regionsrebuilding="0"/>
  </mem-info>
</gc-end>
<cycle-end id="3273" type="partial gc" contextid="3266" timestamp="2019-06-15T00:50:15.187" />
  <attribute name="elasticGC enabled" value="1" />
  <attribute name= "numThreadsSpecified" value="1" />
  <attribute name="heapSize specified" value="0" />
  <attribute name="Current GC Util" value="83" />
  <attribute name= "Current Time Running" value="21133" />
  <attribute name ="GC Interval" value="0" />
  <attribute name="ProportionalT" value="31.500000" />
  <attribute name="ProportionalI" value="31.500000" />
  <attribute name="ProportionalH" value="31.500000" />
  <attribute name="Current Error" value="63.000000" />
  <attribute name="IntegralT" value="0.000000" />
  <attribute name="IntegralI" value="0.000000" />
  <attribute name="IntegralH" value="0.000000" />
  <attribute name="DerivativeT" value="inf" />
  <attribute name="DerivativeI" value="inf" />
  <attribute name="DerivativeH" value="inf" />
  <attribute name="Loop Time for DT" value="0.000000" />
  <attribute name="Output H" value="8388608"/>
  <attribute name="Output I" value="200"/>
  <attribute name="Output T" value="1"/>
  <attribute name="Target GC Util Change" value ="20.000000" />
  <attribute name="Current GC Util Change" value="83.000000"/>
  <attribute name="GC Util currently" value="83" />
  <attribute name="CPU Util currently" value="18297945015710" />
<exclusive-end id="3274" timestamp="2019-06-15T00:50:15.187" durationms="3.126" />

<exclusive-start id="3275" timestamp="2019-06-15T00:50:15.195" intervalms="11.650">
  <response-info timems="0.075" idlems="0.075" threads="0" lastid="0000000001CEB700" lastname="main" />
</exclusive-start>
<allocation-taxation id="3276" taxation-threshold="28311552" timestamp="2019-06-15T00:50:15.196" intervalms="11.657" />
<cycle-start id="3277" type="partial gc" contextid="0" timestamp="2019-06-15T00:50:15.196" intervalms="11.672" />
<gc-start id="3278" type="partial gc" contextid="3277" timestamp="2019-06-15T00:50:15.196">
  <mem-info id="3279" free="25165824" total="89128960" percent="28">
    <mem type="eden" free="1048352" total="29360128" percent="3" />
    <remembered-set count="1696" freebytes="3550976" totalbytes="3557760" percent="99" regionsoverflowed="0" regionsstable="18" regionsrebuilding="0"/>
  </mem-info>
</gc-start>
<allocation-stats totalBytes="28296680" >
  <allocated-bytes non-tlh="0" tlh="28296680" arrayletleaf="0"/>
  <largest-consumer threadName="main" threadId="0000000001CEB700" bytes="28296680" />
</allocation-stats>
<gc-op id="3280" type="copy forward" timems="1.310" contextid="3277" timestamp="2019-06-15T00:50:15.198">
  <memory-copied type="eden" objects="7" bytes="704" bytesdiscarded="0" />
  <memory-copied type="other" objects="0" bytes="0" bytesdiscarded="0" />
  <memory-cardclean objects="16" bytes="528" />
  <regions eden="27" other="1" />
  <remembered-set-cleared processed="94" cleared="1" durationms="0.111" />
  <stringconstants candidates="13269" cleared="0"  />
</gc-op>
<gc-op id="3281" type="classunload" timems="0.004" contextid="3277" timestamp="2019-06-15T00:50:15.198">
  <classunload-info classloadercandidates="53" classloadersunloaded="0" classesunloaded="0" anonymousclassesunloaded="0" quiescems="0.000" setupms="0.004" scanms="0.000" postms="0.000" />
</gc-op>
<gc-end id="3282" type="partial gc" contextid="3277" durationms="2.409" usertimems="4.000" systemtimems="0.000" timestamp="2019-06-15T00:50:15.198" activeThreads="4">
  <mem-info id="3283" free="53477376" total="89128960" percent="60">
    <mem type="eden" free="1047872" total="1048576" percent="99" />
    <remembered-set count="1248" freebytes="3552768" totalbytes="3557760" percent="99" regionsoverflowed="0" regionsstable="18" regionsrebuilding="0"/>
  </mem-info>
</gc-end>
<cycle-end id="3284" type="partial gc" contextid="3277" timestamp="2019-06-15T00:50:15.199" />
  <attribute name="elasticGC enabled" value="1" />
  <attribute name= "numThreadsSpecified" value="4" />
  <attribute name="heapSize specified" value="0" />
  <attribute name="Current GC Util" value="81" />
  <attribute name= "Current Time Running" value="21145" />
  <attribute name ="GC Interval" value="0" />
  <attribute name="ProportionalT" value="30.500000" />
  <attribute name="ProportionalI" value="30.500000" />
  <attribute name="ProportionalH" value="30.500000" />
  <attribute name="Current Error" value="61.000000" />
  <attribute name="IntegralT" value="61.000000" />
  <attribute name="IntegralI" value="61.000000" />
  <attribute name="IntegralH" value="61.000000" />
  <attribute name="DerivativeT" value="30.500000" />
  <attribute name="DerivativeI" value="30.500000" />
  <attribute name="DerivativeH" value="30.500000" />
  <attribute name="Loop Time for DT" value="1.000000" />
  <attribute name="Output H" value="8388608"/>
  <attribute name="Output I" value="200"/>
  <attribute name="Output T" value="4"/>
  <attribute name="Target GC Util Change" value ="20.000000" />
  <attribute name="Current GC Util Change" value="81.000000"/>
  <attribute name="GC Util currently" value="81" />
  <attribute name="CPU Util currently" value="18470681908138" />
<exclusive-end id="3285" timestamp="2019-06-15T00:50:15.199" durationms="3.534" />

<exclusive-start id="3286" timestamp="2019-06-15T00:50:15.207" intervalms="12.045">
  <response-info timems="0.073" idlems="0.073" threads="0" lastid="0000000001CEB700" lastname="main" />
</exclusive-start>
<allocation-taxation id="3287" taxation-threshold="28311552" timestamp="2019-06-15T00:50:15.208" intervalms="12.041" />
<cycle-start id="3288" type="partial gc" contextid="0" timestamp="2019-06-15T00:50:15.208" intervalms="12.030" />
<gc-start id="3289" type="partial gc" contextid="3288" timestamp="2019-06-15T00:50:15.208">
  <mem-info id="3290" free="25165824" total="89128960" percent="28">
    <mem type="eden" free="1047872" total="29360128" percent="3" />
    <remembered-set count="768" freebytes="3554688" totalbytes="3557760" percent="99" regionsoverflowed="0" regionsstable="18" regionsrebuilding="0"/>
  </mem-info>
</gc-start>
<allocation-stats totalBytes="28296616" >
  <allocated-bytes non-tlh="0" tlh="28296616" arrayletleaf="0"/>
  <largest-consumer threadName="main" threadId="0000000001CEB700" bytes="28296616" />
</allocation-stats>
<gc-op id="3291" type="copy forward" timems="1.223" contextid="3288" timestamp="2019-06-15T00:50:15.210">
  <memory-copied type="eden" objects="5" bytes="328" bytesdiscarded="0" />
  <memory-copied type="other" objects="0" bytes="0" bytesdiscarded="0" />
  <memory-cardclean objects="16" bytes="528" />
  <regions eden="27" other="1" />
  <remembered-set-cleared processed="94" cleared="1" durationms="0.110" />
  <stringconstants candidates="13269" cleared="0"  />
</gc-op>
<gc-op id="3292" type="classunload" timems="0.004" contextid="3288" timestamp="2019-06-15T00:50:15.210">
  <classunload-info classloadercandidates="53" classloadersunloaded="0" classesunloaded="0" anonymousclassesunloaded="0" quiescems="0.000" setupms="0.004" scanms="0.000" postms="0.000" />
</gc-op>
<gc-end id="3293" type="partial gc" contextid="3288" durationms="2.262" usertimems="4.000" systemtimems="0.000" timestamp="2019-06-15T00:50:15.210" activeThreads="4">
  <mem-info id="3294" free="53477376" total="89128960" percent="60">
    <mem type="eden" free="1048248" total="1048576" percent="99" />
    <remembered-set count="1248" freebytes="3552768" totalbytes="3557760" percent="99" regionsoverflowed="0" regionsstable="18" regionsrebuilding="0"/>
  </mem-info>
</gc-end>
<cycle-end id="3295" type="partial gc" contextid="3288" timestamp="2019-06-15T00:50:15.211" />
  <attribute name="elasticGC enabled" value="1" />
  <attribute name= "numThreadsSpecified" value="4" />
  <attribute name="heapSize specified" value="0" />
  <attribute name="Current GC Util" value="71" />
  <attribute name= "Current Time Running" value="21157" />
  <attribute name ="GC Interval" value="0" />
  <attribute name="ProportionalT" value="25.500000" />
  <attribute name="ProportionalI" value="25.500000" />
  <attribute name="ProportionalH" value="25.500000" />
  <attribute name="Current Error" value="51.000000" />
  <attribute name="IntegralT" value="51.000000" />
  <attribute name="IntegralI" value="51.000000" />
  <attribute name="IntegralH" value="51.000000" />
  <attribute name="DerivativeT" value="22.500000" />
  <attribute name="DerivativeI" value="22.500000" />
  <attribute name="DerivativeH" value="22.500000" />
  <attribute name="Loop Time for DT" value="1.000000" />
  <attribute name="Output H" value="8388608"/>
  <attribute name="Output I" value="200"/>
  <attribute name="Output T" value="4"/>
  <attribute name="Target GC Util Change" value ="20.000000" />
  <attribute name="Current GC Util Change" value="71.000000"/>
  <attribute name="GC Util currently" value="71" />
  <attribute name="CPU Util currently" value="18477860621339" />
<exclusive-end id="3296" timestamp="2019-06-15T00:50:15.211" durationms="3.365" />

<exclusive-start id="3297" timestamp="2019-06-15T00:50:15.219" intervalms="12.017">
  <response-info timems="0.102" idlems="0.102" threads="0" lastid="0000000001CEB700" lastname="main" />
</exclusive-start>
<allocation-taxation id="3298" taxation-threshold="28311552" timestamp="2019-06-15T00:50:15.220" intervalms="11.987" />
<cycle-start id="3299" type="partial gc" contextid="0" timestamp="2019-06-15T00:50:15.220" intervalms="11.997" />
<gc-start id="3300" type="partial gc" contextid="3299" timestamp="2019-06-15T00:50:15.220">
  <mem-info id="3301" free="25165824" total="89128960" percent="28">
    <mem type="eden" free="1048248" total="29360128" percent="3" />
    <remembered-set count="768" freebytes="3554688" totalbytes="3557760" percent="99" regionsoverflowed="0" regionsstable="18" regionsrebuilding="0"/>
  </mem-info>
</gc-start>
<allocation-stats totalBytes="28296672" >
  <allocated-bytes non-tlh="0" tlh="28296672" arrayletleaf="0"/>
  <largest-consumer threadName="main" threadId="0000000001CEB700" bytes="28296672" />
</allocation-stats>
<gc-op id="3302" type="copy forward" timems="1.293" contextid="3299" timestamp="2019-06-15T00:50:15.222">
  <memory-copied type="eden" objects="29" bytes="1120" bytesdiscarded="696" />
  <memory-copied type="other" objects="0" bytes="0" bytesdiscarded="0" />
  <memory-cardclean objects="83" bytes="2392" />
  <regions eden="27" other="1" />
  <remembered-set-cleared processed="94" cleared="6" durationms="0.089" />
  <stringconstants candidates="13269" cleared="0"  />
</gc-op>
<gc-op id="3303" type="classunload" timems="0.004" contextid="3299" timestamp="2019-06-15T00:50:15.222">
  <classunload-info classloadercandidates="53" classloadersunloaded="0" classesunloaded="0" anonymousclassesunloaded="0" quiescems="0.000" setupms="0.004" scanms="0.000" postms="0.000" />
</gc-op>
<gc-end id="3304" type="partial gc" contextid="3299" durationms="2.338" usertimems="4.000" systemtimems="0.000" timestamp="2019-06-15T00:50:15.222" activeThreads="4">
  <mem-info id="3305" free="53477376" total="89128960" percent="60">
    <mem type="eden" free="1046760" total="1048576" percent="99" />
    <remembered-set count="1696" freebytes="3550976" totalbytes="3557760" percent="99" regionsoverflowed="0" regionsstable="18" regionsrebuilding="0"/>
  </mem-info>
</gc-end>
<cycle-end id="3306" type="partial gc" contextid="3299" timestamp="2019-06-15T00:50:15.223" />
  <attribute name="elasticGC enabled" value="1" />
  <attribute name= "numThreadsSpecified" value="4" />
  <attribute name="heapSize specified" value="0" />
  <attribute name="Current GC Util" value="71" />
  <attribute name= "Current Time Running" value="21169" />
  <attribute name ="GC Interval" value="0" />
  <attribute name="ProportionalT" value="25.500000" />
  <attribute name="ProportionalI" value="25.500000" />
  <attribute name="ProportionalH" value="25.500000" />
  <attribute name="Current Error" value="51.000000" />
  <attribute name="IntegralT" value="51.000000" />
  <attribute name="IntegralI" value="51.000000" />
  <attribute name="IntegralH" value="51.000000" />
  <attribute name="DerivativeT" value="22.500000" />
  <attribute name="DerivativeI" value="22.500000" />
  <attribute name="DerivativeH" value="22.500000" />
  <attribute name="Loop Time for DT" value="1.000000" />
  <attribute name="Output H" value="8388608"/>
  <attribute name="Output I" value="200"/>
  <attribute name="Output T" value="4"/>
  <attribute name="Target GC Util Change" value ="20.000000" />
  <attribute name="Current GC Util Change" value="71.000000"/>
  <attribute name="GC Util currently" value="71" />
  <attribute name="CPU Util currently" value="18085823215633" />
<exclusive-end id="3307" timestamp="2019-06-15T00:50:15.223" durationms="3.442" />

<exclusive-start id="3308" timestamp="2019-06-15T00:50:15.232" intervalms="12.732">
  <response-info timems="0.077" idlems="0.077" threads="0" lastid="0000000001CEB700" lastname="main" />
</exclusive-start>
<allocation-taxation id="3309" taxation-threshold="28311552" timestamp="2019-06-15T00:50:15.232" intervalms="12.760" />
<cycle-start id="3310" type="partial gc" contextid="0" timestamp="2019-06-15T00:50:15.233" intervalms="12.748" />
<gc-start id="3311" type="partial gc" contextid="3310" timestamp="2019-06-15T00:50:15.233">
  <mem-info id="3312" free="25165824" total="89128960" percent="28">
    <mem type="eden" free="1046760" total="29360128" percent="3" />
    <remembered-set count="1216" freebytes="3552896" totalbytes="3557760" percent="99" regionsoverflowed="0" regionsstable="18" regionsrebuilding="0"/>
  </mem-info>
</gc-start>
<allocation-stats totalBytes="28289128" >
  <allocated-bytes non-tlh="0" tlh="28289128" arrayletleaf="0"/>
  <largest-consumer threadName="main" threadId="0000000001CEB700" bytes="28289128" />
</allocation-stats>
<gc-op id="3313" type="copy forward" timems="0.877" contextid="3310" timestamp="2019-06-15T00:50:15.234">
  <memory-copied type="eden" objects="5" bytes="208" bytesdiscarded="0" />
  <memory-copied type="other" objects="22" bytes="944" bytesdiscarded="0" />
  <memory-cardclean objects="54" bytes="1928" />
  <regions eden="27" other="1" />
  <remembered-set-cleared processed="92" cleared="4" durationms="0.123" />
  <stringconstants candidates="13269" cleared="0"  />
</gc-op>
<gc-op id="3314" type="classunload" timems="0.004" contextid="3310" timestamp="2019-06-15T00:50:15.235">
  <classunload-info classloadercandidates="53" classloadersunloaded="0" classesunloaded="0" anonymousclassesunloaded="0" quiescems="0.000" setupms="0.004" scanms="0.000" postms="0.000" />
</gc-op>
<heap-resize id="3315" type="expand" space="default" amount="3145728" count="1" timems="0.058" reason="excessive time being spent in gc" timestamp="2019-06-15T00:50:15.235" />
<gc-end id="3316" type="partial gc" contextid="3310" durationms="2.146" usertimems="4.000" systemtimems="0.000" timestamp="2019-06-15T00:50:15.235" activeThreads="1">
  <mem-info id="3317" free="55574528" total="92274688" percent="60">
    <mem type="eden" free="2096000" total="2097152" percent="99" />
    <remembered-set count="1568" freebytes="3677056" totalbytes="3683328" percent="99" regionsoverflowed="0" regionsstable="18" regionsrebuilding="0"/>
  </mem-info>
</gc-end>
<cycle-end id="3318" type="partial gc" contextid="3310" timestamp="2019-06-15T00:50:15.235" />
  <attribute name="elasticGC enabled" value="1" />
  <attribute name= "numThreadsSpecified" value="1" />
  <attribute name="heapSize specified" value="0" />
  <attribute name="Current GC Util" value="54" />
  <attribute name= "Current Time Running" value="21181" />
  <attribute name ="GC Interval" value="0" />
  <attribute name="ProportionalT" value="17.000000" />
  <attribute name="ProportionalI" value="17.000000" />
  <attribute name="ProportionalH" value="17.000000" />
  <attribute name="Current Error" value="34.000000" />
  <attribute name="IntegralT" value="0.000000" />
  <attribute name="IntegralI" value="0.000000" />
  <attribute name="IntegralH" value="0.000000" />
  <attribute name="DerivativeT" value="inf" />
  <attribute name="DerivativeI" value="inf" />
  <attribute name="DerivativeH" value="inf" />
  <attribute name="Loop Time for DT" value="0.000000" />
  <attribute name="Output H" value="8388608"/>
  <attribute name="Output I" value="200"/>
  <attribute name="Output T" value="1"/>
  <attribute name="Target GC Util Change" value ="20.000000" />
  <attribute name="Current GC Util Change" value="54.000000"/>
  <attribute name="GC Util currently" value="54" />
  <attribute name="CPU Util currently" value="19450875922000" />
<exclusive-end id="3319" timestamp="2019-06-15T00:50:15.235" durationms="3.323" />

<exclusive-start id="3320" timestamp="2019-06-15T00:50:15.245" intervalms="12.946">
  <response-info timems="0.080" idlems="0.080" threads="0" lastid="0000000001CEB700" lastname="main" />
</exclusive-start>
<allocation-taxation id="3321" taxation-threshold="29360128" timestamp="2019-06-15T00:50:15.245" intervalms="12.946" />
<cycle-start id="3322" type="partial gc" contextid="0" timestamp="2019-06-15T00:50:15.246" intervalms="12.946" />
<gc-start id="3323" type="partial gc" contextid="3322" timestamp="2019-06-15T00:50:15.246">
  <mem-info id="3324" free="26214400" total="92274688" percent="28">
    <mem type="eden" free="1048368" total="30408704" percent="3" />
    <remembered-set count="1120" freebytes="3678848" totalbytes="3683328" percent="99" regionsoverflowed="0" regionsstable="18" regionsrebuilding="0"/>
  </mem-info>
</gc-start>
<allocation-stats totalBytes="29333184" >
  <allocated-bytes non-tlh="0" tlh="29333184" arrayletleaf="0"/>
  <largest-consumer threadName="main" threadId="0000000001CEB700" bytes="29333184" />
</allocation-stats>
<gc-op id="3325" type="copy forward" timems="0.815" contextid="3322" timestamp="2019-06-15T00:50:15.247">
  <memory-copied type="eden" objects="5" bytes="216" bytesdiscarded="0" />
  <memory-copied type="other" objects="0" bytes="0" bytesdiscarded="0" />
  <memory-cardclean objects="15" bytes="520" />
  <regions eden="28" other="1" />
  <remembered-set-cleared processed="97" cleared="0" durationms="0.115" />
  <stringconstants candidates="13269" cleared="0"  />
</gc-op>
<gc-op id="3326" type="classunload" timems="0.003" contextid="3322" timestamp="2019-06-15T00:50:15.248">
  <classunload-info classloadercandidates="53" classloadersunloaded="0" classesunloaded="0" anonymousclassesunloaded="0" quiescems="0.000" setupms="0.003" scanms="0.000" postms="0.000" />
</gc-op>
<gc-end id="3327" type="partial gc" contextid="3322" durationms="1.940" usertimems="4.000" systemtimems="0.000" timestamp="2019-06-15T00:50:15.248" activeThreads="1">
  <mem-info id="3328" free="55574528" total="92274688" percent="60">
    <mem type="eden" free="1048360" total="1048576" percent="99" />
    <remembered-set count="1600" freebytes="3676928" totalbytes="3683328" percent="99" regionsoverflowed="0" regionsstable="18" regionsrebuilding="0"/>
  </mem-info>
</gc-end>
<cycle-end id="3329" type="partial gc" contextid="3322" timestamp="2019-06-15T00:50:15.248" />
  <attribute name="elasticGC enabled" value="1" />
  <attribute name= "numThreadsSpecified" value="1" />
  <attribute name="heapSize specified" value="0" />
  <attribute name="Current GC Util" value="90" />
  <attribute name= "Current Time Running" value="21194" />
  <attribute name ="GC Interval" value="0" />
  <attribute name="ProportionalT" value="35.000000" />
  <attribute name="ProportionalI" value="35.000000" />
  <attribute name="ProportionalH" value="35.000000" />
  <attribute name="Current Error" value="70.000000" />
  <attribute name="IntegralT" value="0.000000" />
  <attribute name="IntegralI" value="0.000000" />
  <attribute name="IntegralH" value="0.000000" />
  <attribute name="DerivativeT" value="inf" />
  <attribute name="DerivativeI" value="inf" />
  <attribute name="DerivativeH" value="inf" />
  <attribute name="Loop Time for DT" value="0.000000" />
  <attribute name="Output H" value="8388608"/>
  <attribute name="Output I" value="200"/>
  <attribute name="Output T" value="1"/>
  <attribute name="Target GC Util Change" value ="20.000000" />
  <attribute name="Current GC Util Change" value="90.000000"/>
  <attribute name="GC Util currently" value="90" />
  <attribute name="CPU Util currently" value="18489491607795" />
<exclusive-end id="3330" timestamp="2019-06-15T00:50:15.248" durationms="3.105" />

<exclusive-start id="3331" timestamp="2019-06-15T00:50:15.258" intervalms="12.754">
  <response-info timems="0.077" idlems="0.077" threads="0" lastid="0000000001CEB700" lastname="main" />
</exclusive-start>
<allocation-taxation id="3332" taxation-threshold="29360128" timestamp="2019-06-15T00:50:15.258" intervalms="12.755" />
<cycle-start id="3333" type="partial gc" contextid="0" timestamp="2019-06-15T00:50:15.258" intervalms="12.768" />
<gc-start id="3334" type="partial gc" contextid="3333" timestamp="2019-06-15T00:50:15.259">
  <mem-info id="3335" free="26214400" total="92274688" percent="28">
    <mem type="eden" free="1048360" total="30408704" percent="3" />
    <remembered-set count="1120" freebytes="3678848" totalbytes="3683328" percent="99" regionsoverflowed="0" regionsstable="18" regionsrebuilding="0"/>
  </mem-info>
</gc-start>
<allocation-stats totalBytes="29333864" >
  <allocated-bytes non-tlh="0" tlh="29333864" arrayletleaf="0"/>
  <largest-consumer threadName="main" threadId="0000000001CEB700" bytes="29333864" />
</allocation-stats>
<gc-op id="3336" type="copy forward" timems="0.892" contextid="3333" timestamp="2019-06-15T00:50:15.260">
  <memory-copied type="eden" objects="5" bytes="248" bytesdiscarded="0" />
  <memory-copied type="other" objects="0" bytes="0" bytesdiscarded="0" />
  <memory-cardclean objects="15" bytes="520" />
  <regions eden="28" other="1" />
  <remembered-set-cleared processed="97" cleared="0" durationms="0.135" />
  <stringconstants candidates="13269" cleared="0"  />
</gc-op>
<gc-op id="3337" type="classunload" timems="0.004" contextid="3333" timestamp="2019-06-15T00:50:15.260">
  <classunload-info classloadercandidates="53" classloadersunloaded="0" classesunloaded="0" anonymousclassesunloaded="0" quiescems="0.000" setupms="0.004" scanms="0.000" postms="0.000" />
</gc-op>
<gc-end id="3338" type="partial gc" contextid="3333" durationms="2.091" usertimems="4.000" systemtimems="0.000" timestamp="2019-06-15T00:50:15.261" activeThreads="1">
  <mem-info id="3339" free="55574528" total="92274688" percent="60">
    <mem type="eden" free="1048328" total="1048576" percent="99" />
    <remembered-set count="1600" freebytes="3676928" totalbytes="3683328" percent="99" regionsoverflowed="0" regionsstable="18" regionsrebuilding="0"/>
  </mem-info>
</gc-end>
<cycle-end id="3340" type="partial gc" contextid="3333" timestamp="2019-06-15T00:50:15.261" />
  <attribute name="elasticGC enabled" value="1" />
  <attribute name= "numThreadsSpecified" value="1" />
  <attribute name="heapSize specified" value="0" />
  <attribute name="Current GC Util" value="83" />
  <attribute name= "Current Time Running" value="21207" />
  <attribute name ="GC Interval" value="0" />
  <attribute name="ProportionalT" value="31.500000" />
  <attribute name="ProportionalI" value="31.500000" />
  <attribute name="ProportionalH" value="31.500000" />
  <attribute name="Current Error" value="63.000000" />
  <attribute name="IntegralT" value="0.000000" />
  <attribute name="IntegralI" value="0.000000" />
  <attribute name="IntegralH" value="0.000000" />
  <attribute name="DerivativeT" value="inf" />
  <attribute name="DerivativeI" value="inf" />
  <attribute name="DerivativeH" value="inf" />
  <attribute name="Loop Time for DT" value="0.000000" />
  <attribute name="Output H" value="8388608"/>
  <attribute name="Output I" value="200"/>
  <attribute name="Output T" value="1"/>
  <attribute name="Target GC Util Change" value ="20.000000" />
  <attribute name="Current GC Util Change" value="83.000000"/>
  <attribute name="GC Util currently" value="83" />
  <attribute name="CPU Util currently" value="18502102192770" />
<exclusive-end id="3341" timestamp="2019-06-15T00:50:15.261" durationms="3.159" />

<exclusive-start id="3342" timestamp="2019-06-15T00:50:15.288" intervalms="29.836">
  <response-info timems="0.080" idlems="0.080" threads="0" lastid="0000000001CEB700" lastname="main" />
</exclusive-start>
<allocation-taxation id="3343" taxation-threshold="29360128" timestamp="2019-06-15T00:50:15.288" intervalms="29.837" />
<cycle-start id="3344" type="partial gc" contextid="0" timestamp="2019-06-15T00:50:15.288" intervalms="29.841" />
<gc-start id="3345" type="partial gc" contextid="3344" timestamp="2019-06-15T00:50:15.288">
  <mem-info id="3346" free="26214400" total="92274688" percent="28">
    <mem type="eden" free="1048328" total="30408704" percent="3" />
    <remembered-set count="1120" freebytes="3678848" totalbytes="3683328" percent="99" regionsoverflowed="0" regionsstable="18" regionsrebuilding="0"/>
  </mem-info>
</gc-start>
<allocation-stats totalBytes="29350664" >
  <allocated-bytes non-tlh="0" tlh="29350664" arrayletleaf="0"/>
  <largest-consumer threadName="main" threadId="0000000001CEB700" bytes="29350664" />
</allocation-stats>
<gc-op id="3347" type="copy forward" timems="0.893" contextid="3344" timestamp="2019-06-15T00:50:15.290">
  <memory-copied type="eden" objects="47" bytes="2112" bytesdiscarded="0" />
  <memory-copied type="other" objects="0" bytes="0" bytesdiscarded="0" />
  <memory-cardclean objects="82" bytes="2384" />
  <regions eden="28" other="1" />
  <remembered-set-cleared processed="97" cleared="7" durationms="0.124" />
  <stringconstants candidates="13269" cleared="0"  />
</gc-op>
<gc-op id="3348" type="classunload" timems="0.004" contextid="3344" timestamp="2019-06-15T00:50:15.290">
  <classunload-info classloadercandidates="53" classloadersunloaded="0" classesunloaded="0" anonymousclassesunloaded="0" quiescems="0.000" setupms="0.004" scanms="0.000" postms="0.000" />
</gc-op>
<gc-end id="3349" type="partial gc" contextid="3344" durationms="2.062" usertimems="4.000" systemtimems="0.000" timestamp="2019-06-15T00:50:15.290" activeThreads="1">
  <mem-info id="3350" free="55574528" total="92274688" percent="60">
    <mem type="eden" free="1046464" total="1048576" percent="99" />
    <remembered-set count="1600" freebytes="3676928" totalbytes="3683328" percent="99" regionsoverflowed="0" regionsstable="18" regionsrebuilding="0"/>
  </mem-info>
</gc-end>
<cycle-end id="3351" type="partial gc" contextid="3344" timestamp="2019-06-15T00:50:15.291" />
  <attribute name="elasticGC enabled" value="1" />
  <attribute name= "numThreadsSpecified" value="1" />
  <attribute name="heapSize specified" value="0" />
  <attribute name="Current GC Util" value="83" />
  <attribute name= "Current Time Running" value="21237" />
  <attribute name ="GC Interval" value="0" />
  <attribute name="ProportionalT" value="31.500000" />
  <attribute name="ProportionalI" value="31.500000" />
  <attribute name="ProportionalH" value="31.500000" />
  <attribute name="Current Error" value="63.000000" />
  <attribute name="IntegralT" value="0.000000" />
  <attribute name="IntegralI" value="0.000000" />
  <attribute name="IntegralH" value="0.000000" />
  <attribute name="DerivativeT" value="inf" />
  <attribute name="DerivativeI" value="inf" />
  <attribute name="DerivativeH" value="inf" />
  <attribute name="Loop Time for DT" value="0.000000" />
  <attribute name="Output H" value="8388608"/>
  <attribute name="Output I" value="200"/>
  <attribute name="Output T" value="1"/>
  <attribute name="Target GC Util Change" value ="20.000000" />
  <attribute name="Current GC Util Change" value="83.000000"/>
  <attribute name="GC Util currently" value="83" />
  <attribute name="CPU Util currently" value="18467723236408" />
<exclusive-end id="3352" timestamp="2019-06-15T00:50:15.291" durationms="3.220" />

<exclusive-start id="3353" timestamp="2019-06-15T00:50:15.321" intervalms="33.704">
  <response-info timems="0.076" idlems="0.076" threads="0" lastid="0000000001CEB700" lastname="main" />
</exclusive-start>
<allocation-taxation id="3354" taxation-threshold="29360128" timestamp="2019-06-15T00:50:15.322" intervalms="33.626" />
<cycle-start id="3355" type="partial gc" contextid="0" timestamp="2019-06-15T00:50:15.322" intervalms="33.584" />
<gc-start id="3356" type="partial gc" contextid="3355" timestamp="2019-06-15T00:50:15.322">
  <mem-info id="3357" free="26214400" total="92274688" percent="28">
    <mem type="eden" free="0" total="29360128" percent="0" />
    <remembered-set count="1120" freebytes="3678848" totalbytes="3683328" percent="99" regionsoverflowed="0" regionsstable="18" regionsrebuilding="0"/>
  </mem-info>
</gc-start>
<allocation-stats totalBytes="29353656" >
  <allocated-bytes non-tlh="0" tlh="29353656" arrayletleaf="0"/>
  <largest-consumer threadName="main" threadId="0000000001CEB700" bytes="29353656" />
</allocation-stats>
<gc-op id="3358" type="copy forward" timems="0.806" contextid="3355" timestamp="2019-06-15T00:50:15.324">
  <memory-copied type="eden" objects="21" bytes="936" bytesdiscarded="0" />
  <memory-copied type="other" objects="22" bytes="968" bytesdiscarded="0" />
  <memory-cardclean objects="53" bytes="1920" />
  <regions eden="28" other="1" />
  <remembered-set-cleared processed="95" cleared="5" durationms="0.114" />
  <stringconstants candidates="13269" cleared="0"  />
</gc-op>
<gc-op id="3359" type="classunload" timems="0.003" contextid="3355" timestamp="2019-06-15T00:50:15.324">
  <classunload-info classloadercandidates="53" classloadersunloaded="0" classesunloaded="0" anonymousclassesunloaded="0" quiescems="0.000" setupms="0.003" scanms="0.000" postms="0.000" />
</gc-op>
<gc-end id="3360" type="partial gc" contextid="3355" durationms="1.952" usertimems="0.000" systemtimems="0.000" timestamp="2019-06-15T00:50:15.324" activeThreads="1">
  <mem-info id="3361" free="54525952" total="92274688" percent="59">
    <mem type="eden" free="1047640" total="1048576" percent="99" />
    <remembered-set count="1600" freebytes="3676928" totalbytes="3683328" percent="99" regionsoverflowed="0" regionsstable="18" regionsrebuilding="0"/>
  </mem-info>
</gc-end>
<cycle-end id="3362" type="partial gc" contextid="3355" timestamp="2019-06-15T00:50:15.324" />
  <attribute name="elasticGC enabled" value="1" />
  <attribute name= "numThreadsSpecified" value="1" />
  <attribute name="heapSize specified" value="0" />
  <attribute name="Current GC Util" value="77" />
  <attribute name= "Current Time Running" value="21270" />
  <attribute name ="GC Interval" value="0" />
  <attribute name="ProportionalT" value="28.500000" />
  <attribute name="ProportionalI" value="28.500000" />
  <attribute name="ProportionalH" value="28.500000" />
  <attribute name="Current Error" value="57.000000" />
  <attribute name="IntegralT" value="0.000000" />
  <attribute name="IntegralI" value="0.000000" />
  <attribute name="IntegralH" value="0.000000" />
  <attribute name="DerivativeT" value="inf" />
  <attribute name="DerivativeI" value="inf" />
  <attribute name="DerivativeH" value="inf" />
  <attribute name="Loop Time for DT" value="0.000000" />
  <attribute name="Output H" value="8388608"/>
  <attribute name="Output I" value="200"/>
  <attribute name="Output T" value="1"/>
  <attribute name="Target GC Util Change" value ="20.000000" />
  <attribute name="Current GC Util Change" value="77.000000"/>
  <attribute name="GC Util currently" value="77" />
  <attribute name="CPU Util currently" value="19358205657807" />
<exclusive-end id="3363" timestamp="2019-06-15T00:50:15.324" durationms="3.006" />

<exclusive-start id="3364" timestamp="2019-06-15T00:50:15.356" intervalms="34.278">
  <response-info timems="0.077" idlems="0.077" threads="0" lastid="0000000001CEB700" lastname="main" />
</exclusive-start>
<allocation-taxation id="3365" taxation-threshold="29360128" timestamp="2019-06-15T00:50:15.356" intervalms="34.353" />
<cycle-start id="3366" type="partial gc" contextid="0" timestamp="2019-06-15T00:50:15.356" intervalms="34.396" />
<gc-start id="3367" type="partial gc" contextid="3366" timestamp="2019-06-15T00:50:15.356">
  <mem-info id="3368" free="25165824" total="92274688" percent="27">
    <mem type="eden" free="1047640" total="30408704" percent="3" />
    <remembered-set count="1152" freebytes="3678720" totalbytes="3683328" percent="99" regionsoverflowed="0" regionsstable="18" regionsrebuilding="0"/>
  </mem-info>
</gc-start>
<allocation-stats totalBytes="29353720" >
  <allocated-bytes non-tlh="0" tlh="29353720" arrayletleaf="0"/>
  <largest-consumer threadName="main" threadId="0000000001CEB700" bytes="29353720" />
</allocation-stats>
<gc-op id="3369" type="copy forward" timems="0.853" contextid="3366" timestamp="2019-06-15T00:50:15.358">
  <memory-copied type="eden" objects="18" bytes="792" bytesdiscarded="0" />
  <memory-copied type="other" objects="0" bytes="0" bytesdiscarded="0" />
  <memory-cardclean objects="15" bytes="520" />
  <regions eden="28" other="1" />
  <remembered-set-cleared processed="100" cleared="0" durationms="0.124" />
  <stringconstants candidates="13269" cleared="0"  />
</gc-op>
<gc-op id="3370" type="classunload" timems="0.004" contextid="3366" timestamp="2019-06-15T00:50:15.358">
  <classunload-info classloadercandidates="53" classloadersunloaded="0" classesunloaded="0" anonymousclassesunloaded="0" quiescems="0.000" setupms="0.004" scanms="0.000" postms="0.000" />
</gc-op>
<gc-end id="3371" type="partial gc" contextid="3366" durationms="1.993" usertimems="0.000" systemtimems="0.000" timestamp="2019-06-15T00:50:15.358" activeThreads="1">
  <mem-info id="3372" free="54525952" total="92274688" percent="59">
    <mem type="eden" free="1047784" total="1048576" percent="99" />
    <remembered-set count="1632" freebytes="3676800" totalbytes="3683328" percent="99" regionsoverflowed="0" regionsstable="18" regionsrebuilding="0"/>
  </mem-info>
</gc-end>
<cycle-end id="3373" type="partial gc" contextid="3366" timestamp="2019-06-15T00:50:15.359" />
  <attribute name="elasticGC enabled" value="1" />
  <attribute name= "numThreadsSpecified" value="1" />
  <attribute name="heapSize specified" value="0" />
  <attribute name="Current GC Util" value="87" />
  <attribute name= "Current Time Running" value="21305" />
  <attribute name ="GC Interval" value="0" />
  <attribute name="ProportionalT" value="33.500000" />
  <attribute name="ProportionalI" value="33.500000" />
  <attribute name="ProportionalH" value="33.500000" />
  <attribute name="Current Error" value="67.000000" />
  <attribute name="IntegralT" value="0.000000" />
  <attribute name="IntegralI" value="0.000000" />
  <attribute name="IntegralH" value="0.000000" />
  <attribute name="DerivativeT" value="inf" />
  <attribute name="DerivativeI" value="inf" />
  <attribute name="DerivativeH" value="inf" />
  <attribute name="Loop Time for DT" value="0.000000" />
  <attribute name="Output H" value="8388608"/>
  <attribute name="Output I" value="200"/>
  <attribute name="Output T" value="1"/>
  <attribute name="Target GC Util Change" value ="20.000000" />
  <attribute name="Current GC Util Change" value="87.000000"/>
  <attribute name="GC Util currently" value="87" />
  <attribute name="CPU Util currently" value="18248131241989" />
<exclusive-end id="3374" timestamp="2019-06-15T00:50:15.359" durationms="3.169" />

<exclusive-start id="3375" timestamp="2019-06-15T00:50:15.526" intervalms="170.379">
  <response-info timems="0.088" idlems="0.088" threads="0" lastid="0000000001CEB700" lastname="main" />
</exclusive-start>
<allocation-taxation id="3376" taxation-threshold="29360128" timestamp="2019-06-15T00:50:15.526" intervalms="170.493" />
<cycle-start id="3377" type="partial gc" contextid="0" timestamp="2019-06-15T00:50:15.527" intervalms="170.462" />
<gc-start id="3378" type="partial gc" contextid="3377" timestamp="2019-06-15T00:50:15.527">
  <mem-info id="3379" free="25165824" total="92274688" percent="27">
    <mem type="eden" free="1047784" total="30408704" percent="3" />
    <remembered-set count="1152" freebytes="3678720" totalbytes="3683328" percent="99" regionsoverflowed="0" regionsstable="18" regionsrebuilding="0"/>
  </mem-info>
</gc-start>
<allocation-stats totalBytes="27748296" >
  <allocated-bytes non-tlh="0" tlh="27748296" arrayletleaf="0"/>
  <largest-consumer threadName="main" threadId="0000000001CEB700" bytes="27748296" />
</allocation-stats>
<gc-op id="3380" type="copy forward" timems="1.536" contextid="3377" timestamp="2019-06-15T00:50:15.530">
  <memory-copied type="eden" objects="97" bytes="42696" bytesdiscarded="1440" />
  <memory-copied type="other" objects="0" bytes="0" bytesdiscarded="0" />
  <memory-cardclean objects="103" bytes="2888" />
  <regions eden="28" other="1" />
  <remembered-set-cleared processed="100" cleared="9" durationms="0.110" />
  <stringconstants candidates="13269" cleared="0"  />
</gc-op>
<gc-op id="3381" type="classunload" timems="0.004" contextid="3377" timestamp="2019-06-15T00:50:15.530">
  <classunload-info classloadercandidates="53" classloadersunloaded="0" classesunloaded="0" anonymousclassesunloaded="0" quiescems="0.000" setupms="0.004" scanms="0.000" postms="0.000" />
</gc-op>
<heap-resize id="3382" type="contract" space="default" amount="5242880" count="1" timems="0.068" reason="insufficient time being spent in gc" timestamp="2019-06-15T00:50:15.530" />
<gc-end id="3383" type="partial gc" contextid="3377" durationms="2.988" usertimems="4.000" systemtimems="0.000" timestamp="2019-06-15T00:50:15.530" activeThreads="4">
  <mem-info id="3384" free="49283072" total="87031808" percent="56">
    <mem type="eden" free="1004440" total="1048576" percent="95" />
    <remembered-set count="2272" freebytes="3674240" totalbytes="3683328" percent="99" regionsoverflowed="0" regionsstable="18" regionsrebuilding="0"/>
  </mem-info>
</gc-end>
<cycle-end id="3385" type="partial gc" contextid="3377" timestamp="2019-06-15T00:50:15.530" />
  <attribute name="elasticGC enabled" value="1" />
  <attribute name= "numThreadsSpecified" value="4" />
  <attribute name="heapSize specified" value="0" />
  <attribute name="Current GC Util" value="78" />
  <attribute name= "Current Time Running" value="21476" />
  <attribute name ="GC Interval" value="0" />
  <attribute name="ProportionalT" value="29.000000" />
  <attribute name="ProportionalI" value="29.000000" />
  <attribute name="ProportionalH" value="29.000000" />
  <attribute name="Current Error" value="58.000000" />
  <attribute name="IntegralT" value="58.000000" />
  <attribute name="IntegralI" value="58.000000" />
  <attribute name="IntegralH" value="58.000000" />
  <attribute name="DerivativeT" value="29.000000" />
  <attribute name="DerivativeI" value="29.000000" />
  <attribute name="DerivativeH" value="29.000000" />
  <attribute name="Loop Time for DT" value="1.000000" />
  <attribute name="Output H" value="8388608"/>
  <attribute name="Output I" value="200"/>
  <attribute name="Output T" value="4"/>
  <attribute name="Target GC Util Change" value ="20.000000" />
  <attribute name="Current GC Util Change" value="78.000000"/>
  <attribute name="GC Util currently" value="78" />
  <attribute name="CPU Util currently" value="14131450979516" />
<exclusive-end id="3386" timestamp="2019-06-15T00:50:15.530" durationms="4.387" />

<exclusive-start id="3387" timestamp="2019-06-15T00:50:15.537" intervalms="10.590">
  <response-info timems="0.084" idlems="0.084" threads="0" lastid="0000000001CEB700" lastname="main" />
</exclusive-start>
<allocation-taxation id="3388" taxation-threshold="28311552" timestamp="2019-06-15T00:50:15.537" intervalms="10.576" />
<cycle-start id="3389" type="partial gc" contextid="0" timestamp="2019-06-15T00:50:15.537" intervalms="10.602" />
<gc-start id="3390" type="partial gc" contextid="3389" timestamp="2019-06-15T00:50:15.538">
  <mem-info id="3391" free="20971520" total="87031808" percent="24">
    <mem type="eden" free="0" total="28311552" percent="0" />
    <remembered-set count="1792" freebytes="3676160" totalbytes="3683328" percent="99" regionsoverflowed="0" regionsstable="18" regionsrebuilding="0"/>
  </mem-info>
</gc-start>
<allocation-stats totalBytes="26502560" >
  <allocated-bytes non-tlh="0" tlh="26502560" arrayletleaf="0"/>
  <largest-consumer threadName="main" threadId="0000000001CEB700" bytes="26502560" />
</allocation-stats>
<gc-op id="3392" type="copy forward" timems="1.465" contextid="3389" timestamp="2019-06-15T00:50:15.540">
  <memory-copied type="eden" objects="11" bytes="37720" bytesdiscarded="21240" />
  <memory-copied type="other" objects="86" bytes="3408" bytesdiscarded="696" />
  <memory-cardclean objects="67" bytes="2312" />
  <regions eden="27" other="1" />
  <remembered-set-cleared processed="98" cleared="7" durationms="0.079" />
  <stringconstants candidates="13269" cleared="0"  />
</gc-op>
<gc-op id="3393" type="classunload" timems="0.005" contextid="3389" timestamp="2019-06-15T00:50:15.540">
  <classunload-info classloadercandidates="53" classloadersunloaded="0" classesunloaded="0" anonymousclassesunloaded="0" quiescems="0.000" setupms="0.005" scanms="0.000" postms="0.000" />
</gc-op>
<heap-resize id="3394" type="contract" space="default" amount="5242880" count="1" timems="0.058" reason="insufficient time being spent in gc" timestamp="2019-06-15T00:50:15.541" />
<gc-end id="3395" type="partial gc" contextid="3389" durationms="3.107" usertimems="4.000" systemtimems="0.000" timestamp="2019-06-15T00:50:15.541" activeThreads="4">
  <mem-info id="3396" free="42991616" total="81788928" percent="52">
    <mem type="eden" free="989616" total="1048576" percent="94" />
    <remembered-set count="1760" freebytes="3467008" totalbytes="3474048" percent="99" regionsoverflowed="0" regionsstable="18" regionsrebuilding="0"/>
  </mem-info>
</gc-end>
<cycle-end id="3397" type="partial gc" contextid="3389" timestamp="2019-06-15T00:50:15.541" />
  <attribute name="elasticGC enabled" value="1" />
  <attribute name= "numThreadsSpecified" value="4" />
  <attribute name="heapSize specified" value="0" />
  <attribute name="Current GC Util" value="31" />
  <attribute name= "Current Time Running" value="21486" />
  <attribute name ="GC Interval" value="0" />
  <attribute name="ProportionalT" value="5.500000" />
  <attribute name="ProportionalI" value="5.500000" />
  <attribute name="ProportionalH" value="5.500000" />
  <attribute name="Current Error" value="11.000000" />
  <attribute name="IntegralT" value="0.000000" />
  <attribute name="IntegralI" value="0.000000" />
  <attribute name="IntegralH" value="0.000000" />
  <attribute name="DerivativeT" value="-inf" />
  <attribute name="DerivativeI" value="-inf" />
  <attribute name="DerivativeH" value="-inf" />
  <attribute name="Loop Time for DT" value="0.000000" />
  <attribute name="Output H" value="2091843584"/>
  <attribute name="Output I" value="200"/>
  <attribute name="Output T" value="4"/>
  <attribute name="Target GC Util Change" value ="20.000000" />
  <attribute name="Current GC Util Change" value="31.000000"/>
  <attribute name="GC Util currently" value="31" />
  <attribute name="CPU Util currently" value="8343680978018" />
<exclusive-end id="3398" timestamp="2019-06-15T00:50:15.541" durationms="4.540" />

<exclusive-start id="3399" timestamp="2019-06-15T00:50:15.614" intervalms="76.993">
  <response-info timems="0.085" idlems="0.085" threads="0" lastid="0000000001CEB700" lastname="main" />
</exclusive-start>
<allocation-taxation id="3400" taxation-threshold="27262976" timestamp="2019-06-15T00:50:15.614" intervalms="76.954" />
<cycle-start id="3401" type="partial gc" contextid="0" timestamp="2019-06-15T00:50:15.614" intervalms="76.926" />
<gc-start id="3402" type="partial gc" contextid="3401" timestamp="2019-06-15T00:50:15.614">
  <mem-info id="3403" free="15728640" total="81788928" percent="19">
    <mem type="eden" free="989616" total="28311552" percent="3" />
    <remembered-set count="1312" freebytes="3468800" totalbytes="3474048" percent="99" regionsoverflowed="0" regionsstable="18" regionsrebuilding="0"/>
  </mem-info>
</gc-start>
<allocation-stats totalBytes="27261064" >
  <allocated-bytes non-tlh="0" tlh="27261064" arrayletleaf="0"/>
  <largest-consumer threadName="main" threadId="0000000001CEB700" bytes="27261064" />
</allocation-stats>
<gc-op id="3404" type="copy forward" timems="1.095" contextid="3401" timestamp="2019-06-15T00:50:15.617">
  <memory-copied type="eden" objects="139" bytes="47312" bytesdiscarded="0" />
  <memory-copied type="other" objects="0" bytes="0" bytesdiscarded="0" />
  <memory-cardclean objects="137" bytes="4416" />
  <regions eden="26" other="1" />
  <remembered-set-cleared processed="93" cleared="9" durationms="0.131" />
  <stringconstants candidates="13269" cleared="0"  />
</gc-op>
<gc-op id="3405" type="classunload" timems="0.004" contextid="3401" timestamp="2019-06-15T00:50:15.617">
  <classunload-info classloadercandidates="53" classloadersunloaded="0" classesunloaded="0" anonymousclassesunloaded="0" quiescems="0.000" setupms="0.004" scanms="0.000" postms="0.000" />
</gc-op>
<heap-resize id="3406" type="contract" space="default" amount="4194304" count="1" timems="0.063" reason="insufficient time being spent in gc" timestamp="2019-06-15T00:50:15.617" />
<gc-end id="3407" type="partial gc" contextid="3401" durationms="2.787" usertimems="0.000" systemtimems="0.000" timestamp="2019-06-15T00:50:15.617" activeThreads="1">
  <mem-info id="3408" free="38797312" total="77594624" percent="50">
    <mem type="eden" free="1001264" total="1048576" percent="95" />
    <remembered-set count="1120" freebytes="3260288" totalbytes="3264768" percent="99" regionsoverflowed="0" regionsstable="18" regionsrebuilding="0"/>
  </mem-info>
</gc-end>
<cycle-end id="3409" type="partial gc" contextid="3401" timestamp="2019-06-15T00:50:15.617" />
  <attribute name="elasticGC enabled" value="1" />
  <attribute name= "numThreadsSpecified" value="1" />
  <attribute name="heapSize specified" value="0" />
  <attribute name="Current GC Util" value="31" />
  <attribute name= "Current Time Running" value="21563" />
  <attribute name ="GC Interval" value="0" />
  <attribute name="ProportionalT" value="5.500000" />
  <attribute name="ProportionalI" value="5.500000" />
  <attribute name="ProportionalH" value="5.500000" />
  <attribute name="Current Error" value="11.000000" />
  <attribute name="IntegralT" value="0.000000" />
  <attribute name="IntegralI" value="0.000000" />
  <attribute name="IntegralH" value="0.000000" />
  <attribute name="DerivativeT" value="inf" />
  <attribute name="DerivativeI" value="inf" />
  <attribute name="DerivativeH" value="inf" />
  <attribute name="Loop Time for DT" value="0.000000" />
  <attribute name="Output H" value="8388608"/>
  <attribute name="Output I" value="200"/>
  <attribute name="Output T" value="1"/>
  <attribute name="Target GC Util Change" value ="20.000000" />
  <attribute name="Current GC Util Change" value="31.000000"/>
  <attribute name="GC Util currently" value="31" />
  <attribute name="CPU Util currently" value="9167979021418" />
<exclusive-end id="3410" timestamp="2019-06-15T00:50:15.618" durationms="4.108" />

<exclusive-start id="3411" timestamp="2019-06-15T00:50:15.681" intervalms="67.521">
  <response-info timems="0.090" idlems="0.090" threads="0" lastid="0000000001CEB700" lastname="main" />
</exclusive-start>
<allocation-taxation id="3412" taxation-threshold="12582912" timestamp="2019-06-15T00:50:15.681" intervalms="67.462" />
<cycle-start id="3413" type="global mark phase" contextid="0" timestamp="2019-06-15T00:50:15.682" intervalms="1891.074" />
<gc-start id="3414" type="global mark phase" contextid="3413" timestamp="2019-06-15T00:50:15.682">
  <mem-info id="3415" free="26214400" total="77594624" percent="33">
    <remembered-set count="832" freebytes="3261440" totalbytes="3264768" percent="99" regionsoverflowed="0" regionsstable="18" regionsrebuilding="0"/>
  </mem-info>
</gc-start>
<gc-op id="3416" type="mark increment" timems="4.545" contextid="3413" timestamp="2019-06-15T00:50:15.687">
  <trace-info objectcount="288369" scancount="239906" scanbytes="6577132" />
</gc-op>
<gc-end id="3417" type="global mark phase" contextid="3413" durationms="4.963" usertimems="16.000" systemtimems="0.000" timestamp="2019-06-15T00:50:15.687" activeThreads="4">
  <mem-info id="3418" free="26214400" total="77594624" percent="33">
    <remembered-set count="67392" freebytes="2995200" totalbytes="3264768" percent="91" regionsoverflowed="0" regionsstable="0" regionsrebuilding="18"/>
  </mem-info>
</gc-end>
<concurrent-start id="3419" type="GMP work packet processing" contextid="3413" timestamp="2019-06-15T00:50:15.687">
  <concurrent-mark-start scanTarget="1682628" />
</concurrent-start>
<exclusive-end id="3420" timestamp="2019-06-15T00:50:15.688" durationms="7.025" />

<concurrent-end id="3421" type="GMP work packet processing" contextid="3413" timestamp="2019-06-15T00:50:15.688">
  <concurrent-mark-end bytesScanned="1739548" reasonForTermination="Work target met" />
</concurrent-end>

<exclusive-start id="3422" timestamp="2019-06-15T00:50:15.696" intervalms="15.201">
  <response-info timems="0.082" idlems="0.082" threads="0" lastid="0000000001CEB700" lastname="main" />
</exclusive-start>
<allocation-taxation id="3423" taxation-threshold="12582912" timestamp="2019-06-15T00:50:15.697" intervalms="15.224" />
<cycle-start id="3424" type="partial gc" contextid="0" timestamp="2019-06-15T00:50:15.697" intervalms="82.713" />
<gc-start id="3425" type="partial gc" contextid="3424" timestamp="2019-06-15T00:50:15.697">
  <mem-info id="3426" free="13631488" total="77594624" percent="17">
    <mem type="eden" free="0" total="25165824" percent="0" />
    <remembered-set count="90592" freebytes="2902400" totalbytes="3264768" percent="88" regionsoverflowed="0" regionsstable="0" regionsrebuilding="18"/>
  </mem-info>
</gc-start>
<allocation-stats totalBytes="25162712" >
  <allocated-bytes non-tlh="0" tlh="25162712" arrayletleaf="0"/>
  <largest-consumer threadName="main" threadId="0000000001CEB700" bytes="12581512" />
</allocation-stats>
<gc-op id="3427" type="copy forward" timems="2.275" contextid="3424" timestamp="2019-06-15T00:50:15.700">
  <memory-copied type="eden" objects="35" bytes="1048" bytesdiscarded="640" />
  <memory-copied type="other" objects="14" bytes="40120" bytesdiscarded="2024" />
  <memory-cardclean objects="139" bytes="3968" />
  <regions eden="24" other="1" />
  <remembered-set-cleared processed="88017" cleared="120" durationms="0.407" />
  <stringconstants candidates="13269" cleared="0"  />
</gc-op>
<gc-op id="3428" type="classunload" timems="0.004" contextid="3424" timestamp="2019-06-15T00:50:15.701">
  <classunload-info classloadercandidates="53" classloadersunloaded="0" classesunloaded="0" anonymousclassesunloaded="0" quiescems="0.000" setupms="0.004" scanms="0.000" postms="0.000" />
</gc-op>
<gc-end id="3429" type="partial gc" contextid="3424" durationms="3.665" usertimems="0.000" systemtimems="4.000" timestamp="2019-06-15T00:50:15.701" activeThreads="4">
  <mem-info id="3430" free="37748736" total="77594624" percent="48">
    <mem type="eden" free="1046888" total="1048576" percent="99" />
    <remembered-set count="91840" freebytes="2729984" totalbytes="3097344" percent="88" regionsoverflowed="0" regionsstable="0" regionsrebuilding="18"/>
  </mem-info>
</gc-end>
<cycle-end id="3431" type="partial gc" contextid="3424" timestamp="2019-06-15T00:50:15.701" />
  <attribute name="elasticGC enabled" value="1" />
  <attribute name= "numThreadsSpecified" value="4" />
  <attribute name="heapSize specified" value="0" />
  <attribute name="Current GC Util" value="48" />
  <attribute name= "Current Time Running" value="21646" />
  <attribute name ="GC Interval" value="0" />
  <attribute name="ProportionalT" value="14.000000" />
  <attribute name="ProportionalI" value="14.000000" />
  <attribute name="ProportionalH" value="14.000000" />
  <attribute name="Current Error" value="28.000000" />
  <attribute name="IntegralT" value="28.000000" />
  <attribute name="IntegralI" value="28.000000" />
  <attribute name="IntegralH" value="28.000000" />
  <attribute name="DerivativeT" value="11.500000" />
  <attribute name="DerivativeI" value="11.500000" />
  <attribute name="DerivativeH" value="11.500000" />
  <attribute name="Loop Time for DT" value="1.000000" />
  <attribute name="Output H" value="8388608"/>
  <attribute name="Output I" value="200"/>
  <attribute name="Output T" value="4"/>
  <attribute name="Target GC Util Change" value ="20.000000" />
  <attribute name="Current GC Util Change" value="48.000000"/>
  <attribute name="GC Util currently" value="48" />
  <attribute name="CPU Util currently" value="9672079040429" />
<exclusive-end id="3432" timestamp="2019-06-15T00:50:15.701" durationms="4.903" />

<exclusive-start id="3433" timestamp="2019-06-15T00:50:15.709" intervalms="13.099">
  <response-info timems="0.079" idlems="0.079" threads="0" lastid="0000000001CEB700" lastname="main" />
</exclusive-start>
<allocation-taxation id="3434" taxation-threshold="12582912" timestamp="2019-06-15T00:50:15.710" intervalms="13.035" />
<gc-start id="3435" type="global mark phase" contextid="3413" timestamp="2019-06-15T00:50:15.710">
  <mem-info id="3436" free="25165824" total="77594624" percent="32">
    <remembered-set count="91392" freebytes="2731776" totalbytes="3097344" percent="88" regionsoverflowed="0" regionsstable="0" regionsrebuilding="18"/>
  </mem-info>
</gc-start>
<gc-end id="3437" type="global mark phase" contextid="3413" durationms="0.208" usertimems="0.000" systemtimems="0.000" timestamp="2019-06-15T00:50:15.710" activeThreads="4">
  <mem-info id="3438" free="25165824" total="77594624" percent="32">
    <remembered-set count="91392" freebytes="2731776" totalbytes="3097344" percent="88" regionsoverflowed="0" regionsstable="0" regionsrebuilding="18"/>
  </mem-info>
</gc-end>
<concurrent-start id="3439" type="GMP work packet processing" contextid="3413" timestamp="2019-06-15T00:50:15.710">
  <concurrent-mark-start scanTarget="1682628" />
</concurrent-start>
<exclusive-end id="3440" timestamp="2019-06-15T00:50:15.710" durationms="0.951" />

<concurrent-end id="3441" type="GMP work packet processing" contextid="3413" timestamp="2019-06-15T00:50:15.711">
  <concurrent-mark-end bytesScanned="1718680" reasonForTermination="Work target met" />
</concurrent-end>

<exclusive-start id="3442" timestamp="2019-06-15T00:50:15.719" intervalms="9.865">
  <response-info timems="0.079" idlems="0.079" threads="0" lastid="0000000001CEB700" lastname="main" />
</exclusive-start>
<allocation-taxation id="3443" taxation-threshold="12582912" timestamp="2019-06-15T00:50:15.719" intervalms="9.840" />
<cycle-start id="3444" type="partial gc" contextid="0" timestamp="2019-06-15T00:50:15.720" intervalms="22.842" />
<gc-start id="3445" type="partial gc" contextid="3444" timestamp="2019-06-15T00:50:15.720">
  <mem-info id="3446" free="12582912" total="77594624" percent="16">
    <mem type="eden" free="0" total="25165824" percent="0" />
    <remembered-set count="108288" freebytes="2664192" totalbytes="3097344" percent="86" regionsoverflowed="0" regionsstable="0" regionsrebuilding="18"/>
  </mem-info>
</gc-start>
<allocation-stats totalBytes="25162648" >
  <allocated-bytes non-tlh="0" tlh="25162648" arrayletleaf="0"/>
  <largest-consumer threadName="main" threadId="0000000001CEB700" bytes="12581456" />
</allocation-stats>
<gc-op id="3447" type="copy forward" timems="1.704" contextid="3444" timestamp="2019-06-15T00:50:15.722">
  <memory-copied type="eden" objects="1" bytes="24" bytesdiscarded="0" />
  <memory-copied type="other" objects="34" bytes="1024" bytesdiscarded="0" />
  <memory-cardclean objects="87" bytes="2688" />
  <regions eden="24" other="1" />
  <remembered-set-cleared processed="105112" cleared="40" durationms="0.735" />
  <stringconstants candidates="13269" cleared="0"  />
</gc-op>
<gc-op id="3448" type="classunload" timems="0.004" contextid="3444" timestamp="2019-06-15T00:50:15.723">
  <classunload-info classloadercandidates="53" classloadersunloaded="0" classesunloaded="0" anonymousclassesunloaded="0" quiescems="0.000" setupms="0.003" scanms="0.000" postms="0.000" />
</gc-op>
<heap-resize id="3449" type="expand" space="default" amount="13631488" count="1" timems="0.094" reason="excessive time being spent in gc" timestamp="2019-06-15T00:50:15.723" />
<gc-end id="3450" type="partial gc" contextid="3444" durationms="3.218" usertimems="4.000" systemtimems="0.000" timestamp="2019-06-15T00:50:15.723" activeThreads="1">
  <mem-info id="3451" free="50331648" total="91226112" percent="55">
    <mem type="eden" free="1048552" total="1048576" percent="99" />
    <remembered-set count="108544" freebytes="3207296" totalbytes="3641472" percent="88" regionsoverflowed="0" regionsstable="0" regionsrebuilding="18"/>
  </mem-info>
</gc-end>
<cycle-end id="3452" type="partial gc" contextid="3444" timestamp="2019-06-15T00:50:15.723" />
  <attribute name="elasticGC enabled" value="1" />
  <attribute name= "numThreadsSpecified" value="1" />
  <attribute name="heapSize specified" value="0" />
  <attribute name="Current GC Util" value="67" />
  <attribute name= "Current Time Running" value="21668" />
  <attribute name ="GC Interval" value="0" />
  <attribute name="ProportionalT" value="23.500000" />
  <attribute name="ProportionalI" value="23.500000" />
  <attribute name="ProportionalH" value="23.500000" />
  <attribute name="Current Error" value="47.000000" />
  <attribute name="IntegralT" value="0.000000" />
  <attribute name="IntegralI" value="0.000000" />
  <attribute name="IntegralH" value="0.000000" />
  <attribute name="DerivativeT" value="inf" />
  <attribute name="DerivativeI" value="inf" />
  <attribute name="DerivativeH" value="inf" />
  <attribute name="Loop Time for DT" value="0.000000" />
  <attribute name="Output H" value="8388608"/>
  <attribute name="Output I" value="200"/>
  <attribute name="Output T" value="1"/>
  <attribute name="Target GC Util Change" value ="20.000000" />
  <attribute name="Current GC Util Change" value="67.000000"/>
  <attribute name="GC Util currently" value="67" />
  <attribute name="CPU Util currently" value="18405074809002" />
<exclusive-end id="3453" timestamp="2019-06-15T00:50:15.724" durationms="4.379" />

<exclusive-start id="3454" timestamp="2019-06-15T00:50:15.737" intervalms="17.521">
  <response-info timems="0.079" idlems="0.079" threads="0" lastid="0000000001CEB700" lastname="main" />
</exclusive-start>
<allocation-taxation id="3455" taxation-threshold="14680064" timestamp="2019-06-15T00:50:15.737" intervalms="17.612" />
<gc-start id="3456" type="global mark phase" contextid="3413" timestamp="2019-06-15T00:50:15.737">
  <mem-info id="3457" free="35651584" total="91226112" percent="39">
    <remembered-set count="108192" freebytes="3208704" totalbytes="3641472" percent="88" regionsoverflowed="0" regionsstable="0" regionsrebuilding="18"/>
  </mem-info>
</gc-start>
<gc-end id="3458" type="global mark phase" contextid="3413" durationms="0.207" usertimems="0.000" systemtimems="0.000" timestamp="2019-06-15T00:50:15.738" activeThreads="1">
  <mem-info id="3459" free="35651584" total="91226112" percent="39">
    <remembered-set count="108192" freebytes="3208704" totalbytes="3641472" percent="88" regionsoverflowed="0" regionsstable="0" regionsrebuilding="18"/>
  </mem-info>
</gc-end>
<concurrent-start id="3460" type="GMP work packet processing" contextid="3413" timestamp="2019-06-15T00:50:15.738">
  <concurrent-mark-start scanTarget="1261971" />
</concurrent-start>
<exclusive-end id="3461" timestamp="2019-06-15T00:50:15.739" durationms="1.724" />

<concurrent-end id="3462" type="GMP work packet processing" contextid="3413" timestamp="2019-06-15T00:50:15.739">
  <concurrent-mark-end bytesScanned="1309112" reasonForTermination="Work target met" />
</concurrent-end>

<exclusive-start id="3463" timestamp="2019-06-15T00:50:15.754" intervalms="16.817">
  <response-info timems="0.073" idlems="0.073" threads="0" lastid="0000000001CEB700" lastname="main" />
</exclusive-start>
<allocation-taxation id="3464" taxation-threshold="14680064" timestamp="2019-06-15T00:50:15.754" intervalms="16.788" />
<cycle-start id="3465" type="partial gc" contextid="0" timestamp="2019-06-15T00:50:15.754" intervalms="34.438" />
<gc-start id="3466" type="partial gc" contextid="3465" timestamp="2019-06-15T00:50:15.754">
  <mem-info id="3467" free="20971520" total="91226112" percent="22">
    <mem type="eden" free="1048552" total="30408704" percent="3" />
    <remembered-set count="117632" freebytes="3170944" totalbytes="3641472" percent="87" regionsoverflowed="0" regionsstable="0" regionsrebuilding="18"/>
  </mem-info>
</gc-start>
<allocation-stats totalBytes="29354888" >
  <allocated-bytes non-tlh="0" tlh="29354888" arrayletleaf="0"/>
  <largest-consumer threadName="main" threadId="0000000001CEB700" bytes="14677248" />
</allocation-stats>
<gc-op id="3468" type="copy forward" timems="1.856" contextid="3465" timestamp="2019-06-15T00:50:15.757">
  <memory-copied type="eden" objects="46" bytes="1536" bytesdiscarded="0" />
  <memory-copied type="other" objects="0" bytes="0" bytesdiscarded="0" />
  <memory-cardclean objects="77" bytes="2408" />
  <regions eden="28" other="1" />
  <remembered-set-cleared processed="114824" cleared="26" durationms="0.849" />
  <stringconstants candidates="13269" cleared="0"  />
</gc-op>
<gc-op id="3469" type="classunload" timems="0.004" contextid="3465" timestamp="2019-06-15T00:50:15.757">
  <classunload-info classloadercandidates="53" classloadersunloaded="0" classesunloaded="0" anonymousclassesunloaded="0" quiescems="0.000" setupms="0.004" scanms="0.000" postms="0.000" />
</gc-op>
<heap-resize id="3470" type="expand" space="default" amount="11534336" count="1" timems="0.096" reason="excessive time being spent in gc" timestamp="2019-06-15T00:50:15.758" />
<gc-end id="3471" type="partial gc" contextid="3465" durationms="3.274" usertimems="4.000" systemtimems="0.000" timestamp="2019-06-15T00:50:15.758" activeThreads="1">
  <mem-info id="3472" free="61865984" total="102760448" percent="60">
    <mem type="eden" free="1047040" total="1048576" percent="99" />
    <remembered-set count="118112" freebytes="3629440" totalbytes="4101888" percent="88" regionsoverflowed="0" regionsstable="0" regionsrebuilding="18"/>
  </mem-info>
</gc-end>
<cycle-end id="3473" type="partial gc" contextid="3465" timestamp="2019-06-15T00:50:15.758" />
  <attribute name="elasticGC enabled" value="1" />
  <attribute name= "numThreadsSpecified" value="1" />
  <attribute name="heapSize specified" value="0" />
  <attribute name="Current GC Util" value="76" />
  <attribute name= "Current Time Running" value="21703" />
  <attribute name ="GC Interval" value="0" />
  <attribute name="ProportionalT" value="28.000000" />
  <attribute name="ProportionalI" value="28.000000" />
  <attribute name="ProportionalH" value="28.000000" />
  <attribute name="Current Error" value="56.000000" />
  <attribute name="IntegralT" value="0.000000" />
  <attribute name="IntegralI" value="0.000000" />
  <attribute name="IntegralH" value="0.000000" />
  <attribute name="DerivativeT" value="inf" />
  <attribute name="DerivativeI" value="inf" />
  <attribute name="DerivativeH" value="inf" />
  <attribute name="Loop Time for DT" value="0.000000" />
  <attribute name="Output H" value="8388608"/>
  <attribute name="Output I" value="200"/>
  <attribute name="Output T" value="1"/>
  <attribute name="Target GC Util Change" value ="20.000000" />
  <attribute name="Current GC Util Change" value="76.000000"/>
  <attribute name="GC Util currently" value="76" />
  <attribute name="CPU Util currently" value="18421837573487" />
<exclusive-end id="3474" timestamp="2019-06-15T00:50:15.758" durationms="4.501" />

<exclusive-start id="3475" timestamp="2019-06-15T00:50:15.774" intervalms="20.632">
  <response-info timems="0.030" idlems="0.030" threads="0" lastid="0000000001CEB700" lastname="main" />
</exclusive-start>
<allocation-taxation id="3476" taxation-threshold="15728640" timestamp="2019-06-15T00:50:15.774" intervalms="20.555" />
<gc-start id="3477" type="global mark phase" contextid="3413" timestamp="2019-06-15T00:50:15.775">
  <mem-info id="3478" free="46137344" total="102760448" percent="44">
    <remembered-set count="117632" freebytes="3631360" totalbytes="4101888" percent="88" regionsoverflowed="0" regionsstable="0" regionsrebuilding="18"/>
  </mem-info>
</gc-start>
<gc-end id="3479" type="global mark phase" contextid="3413" durationms="0.147" usertimems="0.000" systemtimems="0.000" timestamp="2019-06-15T00:50:15.775" activeThreads="1">
  <mem-info id="3480" free="46137344" total="102760448" percent="44">
    <remembered-set count="117632" freebytes="3631360" totalbytes="4101888" percent="88" regionsoverflowed="0" regionsstable="0" regionsrebuilding="18"/>
  </mem-info>
</gc-end>
<concurrent-start id="3481" type="GMP work packet processing" contextid="3413" timestamp="2019-06-15T00:50:15.775">
  <concurrent-mark-start scanTarget="1048576" />
</concurrent-start>
<concurrent-end id="3482" type="GMP work packet processing" contextid="3413" timestamp="2019-06-15T00:50:15.776">
  <concurrent-mark-end bytesScanned="1090444" reasonForTermination="Work target met" />
</concurrent-end>

<exclusive-end id="3483" timestamp="2019-06-15T00:50:15.776" durationms="1.395" />

<exclusive-start id="3484" timestamp="2019-06-15T00:50:15.791" intervalms="16.596">
  <response-info timems="0.116" idlems="0.116" threads="0" lastid="0000000001CEB700" lastname="main" />
</exclusive-start>
<allocation-taxation id="3485" taxation-threshold="15728640" timestamp="2019-06-15T00:50:15.791" intervalms="16.585" />
<cycle-start id="3486" type="partial gc" contextid="0" timestamp="2019-06-15T00:50:15.791" intervalms="37.021" />
<gc-start id="3487" type="partial gc" contextid="3486" timestamp="2019-06-15T00:50:15.791">
  <mem-info id="3488" free="30408704" total="102760448" percent="29">
    <mem type="eden" free="0" total="31457280" percent="0" />
    <remembered-set count="130720" freebytes="3579008" totalbytes="4101888" percent="87" regionsoverflowed="0" regionsstable="0" regionsrebuilding="18"/>
  </mem-info>
</gc-start>
<allocation-stats totalBytes="31446600" >
  <allocated-bytes non-tlh="0" tlh="31446600" arrayletleaf="0"/>
  <largest-consumer threadName="main" threadId="0000000001CEB700" bytes="15722376" />
</allocation-stats>
<gc-op id="3489" type="copy forward" timems="2.038" contextid="3486" timestamp="2019-06-15T00:50:15.794">
  <memory-copied type="eden" objects="25" bytes="896" bytesdiscarded="0" />
  <memory-copied type="other" objects="7" bytes="160" bytesdiscarded="0" />
  <memory-cardclean objects="93" bytes="2904" />
  <regions eden="30" other="1" />
  <remembered-set-cleared processed="127867" cleared="46" durationms="0.960" />
  <stringconstants candidates="13269" cleared="0"  />
</gc-op>
<gc-op id="3490" type="classunload" timems="0.005" contextid="3486" timestamp="2019-06-15T00:50:15.794">
  <classunload-info classloadercandidates="53" classloadersunloaded="0" classesunloaded="0" anonymousclassesunloaded="0" quiescems="0.000" setupms="0.005" scanms="0.000" postms="0.000" />
</gc-op>
<heap-resize id="3491" type="expand" space="default" amount="2097152" count="1" timems="0.054" reason="excessive time being spent in gc" timestamp="2019-06-15T00:50:15.795" />
<gc-end id="3492" type="partial gc" contextid="3486" durationms="3.330" usertimems="4.000" systemtimems="0.000" timestamp="2019-06-15T00:50:15.795" activeThreads="1">
  <mem-info id="3493" free="62914560" total="104857600" percent="60">
    <mem type="eden" free="1047680" total="1048576" percent="99" />
    <remembered-set count="131104" freebytes="3661184" totalbytes="4185600" percent="87" regionsoverflowed="0" regionsstable="0" regionsrebuilding="18"/>
  </mem-info>
</gc-end>
<cycle-end id="3494" type="partial gc" contextid="3486" timestamp="2019-06-15T00:50:15.795" />
  <attribute name="elasticGC enabled" value="1" />
  <attribute name= "numThreadsSpecified" value="1" />
  <attribute name="heapSize specified" value="0" />
  <attribute name="Current GC Util" value="48" />
  <attribute name= "Current Time Running" value="21740" />
  <attribute name ="GC Interval" value="0" />
  <attribute name="ProportionalT" value="14.000000" />
  <attribute name="ProportionalI" value="14.000000" />
  <attribute name="ProportionalH" value="14.000000" />
  <attribute name="Current Error" value="28.000000" />
  <attribute name="IntegralT" value="0.000000" />
  <attribute name="IntegralI" value="0.000000" />
  <attribute name="IntegralH" value="0.000000" />
  <attribute name="DerivativeT" value="inf" />
  <attribute name="DerivativeI" value="inf" />
  <attribute name="DerivativeH" value="inf" />
  <attribute name="Loop Time for DT" value="0.000000" />
  <attribute name="Output H" value="8388608"/>
  <attribute name="Output I" value="200"/>
  <attribute name="Output T" value="1"/>
  <attribute name="Target GC Util Change" value ="20.000000" />
  <attribute name="Current GC Util Change" value="48.000000"/>
  <attribute name="GC Util currently" value="48" />
  <attribute name="CPU Util currently" value="16755448886768" />
<exclusive-end id="3495" timestamp="2019-06-15T00:50:15.795" durationms="4.365" />

<exclusive-start id="3496" timestamp="2019-06-15T00:50:15.811" intervalms="19.808">
  <response-info timems="0.082" idlems="0.082" threads="0" lastid="0000000001CEB700" lastname="main" />
</exclusive-start>
<allocation-taxation id="3497" taxation-threshold="15728640" timestamp="2019-06-15T00:50:15.811" intervalms="19.869" />
<gc-start id="3498" type="global mark phase" contextid="3413" timestamp="2019-06-15T00:50:15.811">
  <mem-info id="3499" free="47185920" total="104857600" percent="45">
    <remembered-set count="130752" freebytes="3662592" totalbytes="4185600" percent="87" regionsoverflowed="0" regionsstable="0" regionsrebuilding="18"/>
  </mem-info>
</gc-start>
<gc-end id="3500" type="global mark phase" contextid="3413" durationms="0.148" usertimems="0.000" systemtimems="0.000" timestamp="2019-06-15T00:50:15.811" activeThreads="1">
  <mem-info id="3501" free="47185920" total="104857600" percent="45">
    <remembered-set count="130752" freebytes="3662592" totalbytes="4185600" percent="87" regionsoverflowed="0" regionsstable="0" regionsrebuilding="18"/>
  </mem-info>
</gc-end>
<concurrent-start id="3502" type="GMP work packet processing" contextid="3413" timestamp="2019-06-15T00:50:15.811">
  <concurrent-mark-start scanTarget="1048576" />
</concurrent-start>
<exclusive-end id="3503" timestamp="2019-06-15T00:50:15.812" durationms="1.261" />

<concurrent-end id="3504" type="GMP work packet processing" contextid="3413" timestamp="2019-06-15T00:50:15.812">
  <concurrent-mark-end bytesScanned="848876" reasonForTermination="Completed all work in GC phase" />
</concurrent-end>

<exclusive-start id="3505" timestamp="2019-06-15T00:50:15.829" intervalms="18.789">
  <response-info timems="0.077" idlems="0.077" threads="0" lastid="0000000001CEB700" lastname="main" />
</exclusive-start>
<allocation-taxation id="3506" taxation-threshold="15728640" timestamp="2019-06-15T00:50:15.830" intervalms="18.703" />
<cycle-start id="3507" type="partial gc" contextid="0" timestamp="2019-06-15T00:50:15.830" intervalms="38.561" />
<gc-start id="3508" type="partial gc" contextid="3507" timestamp="2019-06-15T00:50:15.830">
  <mem-info id="3509" free="31457280" total="104857600" percent="30">
    <mem type="eden" free="0" total="31457280" percent="0" />
    <remembered-set count="133888" freebytes="3650048" totalbytes="4185600" percent="87" regionsoverflowed="0" regionsstable="0" regionsrebuilding="18"/>
  </mem-info>
</gc-start>
<allocation-stats totalBytes="31446608" >
  <allocated-bytes non-tlh="0" tlh="31446608" arrayletleaf="0"/>
  <largest-consumer threadName="main" threadId="0000000001CEB700" bytes="15724136" />
</allocation-stats>
<gc-op id="3510" type="copy forward" timems="1.970" contextid="3507" timestamp="2019-06-15T00:50:15.833">
  <memory-copied type="eden" objects="24" bytes="768" bytesdiscarded="0" />
  <memory-copied type="other" objects="7" bytes="184" bytesdiscarded="0" />
  <memory-cardclean objects="88" bytes="2656" />
  <regions eden="30" other="1" />
  <remembered-set-cleared processed="131316" cleared="41" durationms="1.009" />
  <stringconstants candidates="13269" cleared="0"  />
</gc-op>
<gc-op id="3511" type="classunload" timems="0.004" contextid="3507" timestamp="2019-06-15T00:50:15.833">
  <classunload-info classloadercandidates="53" classloadersunloaded="0" classesunloaded="0" anonymousclassesunloaded="0" quiescems="0.000" setupms="0.003" scanms="0.000" postms="0.000" />
</gc-op>
<gc-end id="3512" type="partial gc" contextid="3507" durationms="3.138" usertimems="4.000" systemtimems="0.000" timestamp="2019-06-15T00:50:15.833" activeThreads="1">
  <mem-info id="3513" free="61865984" total="104857600" percent="59">
    <mem type="eden" free="1047808" total="1048576" percent="99" />
    <remembered-set count="134336" freebytes="3648256" totalbytes="4185600" percent="87" regionsoverflowed="0" regionsstable="0" regionsrebuilding="18"/>
  </mem-info>
</gc-end>
<cycle-end id="3514" type="partial gc" contextid="3507" timestamp="2019-06-15T00:50:15.833" />
  <attribute name="elasticGC enabled" value="1" />
  <attribute name= "numThreadsSpecified" value="1" />
  <attribute name="heapSize specified" value="0" />
  <attribute name="Current GC Util" value="54" />
  <attribute name= "Current Time Running" value="21778" />
  <attribute name ="GC Interval" value="0" />
  <attribute name="ProportionalT" value="17.000000" />
  <attribute name="ProportionalI" value="17.000000" />
  <attribute name="ProportionalH" value="17.000000" />
  <attribute name="Current Error" value="34.000000" />
  <attribute name="IntegralT" value="0.000000" />
  <attribute name="IntegralI" value="0.000000" />
  <attribute name="IntegralH" value="0.000000" />
  <attribute name="DerivativeT" value="inf" />
  <attribute name="DerivativeI" value="inf" />
  <attribute name="DerivativeH" value="inf" />
  <attribute name="Loop Time for DT" value="0.000000" />
  <attribute name="Output H" value="8388608"/>
  <attribute name="Output I" value="200"/>
  <attribute name="Output T" value="1"/>
  <attribute name="Target GC Util Change" value ="20.000000" />
  <attribute name="Current GC Util Change" value="54.000000"/>
  <attribute name="GC Util currently" value="54" />
  <attribute name="CPU Util currently" value="15554796189408" />
<exclusive-end id="3515" timestamp="2019-06-15T00:50:15.834" durationms="4.101" />

<exclusive-start id="3516" timestamp="2019-06-15T00:50:15.853" intervalms="23.348">
  <response-info timems="0.070" idlems="0.070" threads="0" lastid="0000000001CEB700" lastname="main" />
</exclusive-start>
<allocation-taxation id="3517" taxation-threshold="15728640" timestamp="2019-06-15T00:50:15.853" intervalms="23.418" />
<gc-start id="3518" type="global mark phase" contextid="3413" timestamp="2019-06-15T00:50:15.853">
  <mem-info id="3519" free="46137344" total="104857600" percent="44">
    <remembered-set count="133920" freebytes="3649920" totalbytes="4185600" percent="87" regionsoverflowed="0" regionsstable="0" regionsrebuilding="18"/>
  </mem-info>
</gc-start>
<gc-op id="3520" type="mark increment" timems="1.284" contextid="3413" timestamp="2019-06-15T00:50:15.855">
  <trace-info objectcount="44" scancount="44" scanbytes="1236" />
  <cardclean-info objects="164" bytes="4516" />
  <finalization candidates="80" enqueued="0" />
  <ownableSynchronizers candidates="21" cleared="0" />
  <references type="soft" candidates="1863" cleared="0" enqueued="0" dynamicThreshold="18" maxThreshold="32" />
  <references type="weak" candidates="5725" cleared="11" enqueued="6" />
  <references type="phantom" candidates="101" cleared="0" enqueued="0" />
  <stringconstants candidates="13269" cleared="0"  />
</gc-op>
<gc-op id="3521" type="classunload" timems="0.005" contextid="3413" timestamp="2019-06-15T00:50:15.855">
  <classunload-info classloadercandidates="53" classloadersunloaded="0" classesunloaded="0" anonymousclassesunloaded="0" quiescems="0.000" setupms="0.005" scanms="0.000" postms="0.000" />
</gc-op>
<gc-end id="3522" type="global mark phase" contextid="3413" durationms="1.898" usertimems="4.000" systemtimems="0.000" timestamp="2019-06-15T00:50:15.855" activeThreads="4">
  <mem-info id="3523" free="46137344" total="104857600" percent="44">
    <pending-finalizers system="0" default="0" reference="6" classloader="0" />
    <remembered-set count="135456" freebytes="3643776" totalbytes="4185600" percent="87" regionsoverflowed="0" regionsstable="0" regionsrebuilding="0"/>
  </mem-info>
</gc-end>
<cycle-end id="3524" type="global mark phase" contextid="3413" timestamp="2019-06-15T00:50:15.855" />
  <attribute name="elasticGC enabled" value="1" />
  <attribute name= "numThreadsSpecified" value="4" />
  <attribute name="heapSize specified" value="0" />
  <attribute name="Current GC Util" value="0" />
  <attribute name= "Current Time Running" value="21802" />
  <attribute name ="GC Interval" value="0" />
  <attribute name="ProportionalT" value="-10.000000" />
  <attribute name="ProportionalI" value="-10.000000" />
  <attribute name="ProportionalH" value="-10.000000" />
  <attribute name="Current Error" value="-20.000000" />
  <attribute name="IntegralT" value="-20.000000" />
  <attribute name="IntegralI" value="-20.000000" />
  <attribute name="IntegralH" value="-20.000000" />
  <attribute name="DerivativeT" value="-55.000000" />
  <attribute name="DerivativeI" value="-55.000000" />
  <attribute name="DerivativeH" value="-55.000000" />
  <attribute name="Loop Time for DT" value="1.000000" />
  <attribute name="Output H" value="2091843584"/>
  <attribute name="Output I" value="200"/>
  <attribute name="Output T" value="4"/>
  <attribute name="Target GC Util Change" value ="20.000000" />
  <attribute name="Current GC Util Change" value="0.000000"/>
  <attribute name="GC Util currently" value="0" />
  <attribute name="CPU Util currently" value="68349626128660" />
<exclusive-end id="3525" timestamp="2019-06-15T00:50:15.855" durationms="2.665" />

<exclusive-start id="3526" timestamp="2019-06-15T00:50:15.876" intervalms="22.789">
  <response-info timems="0.076" idlems="0.076" threads="0" lastid="0000000001CEB700" lastname="main" />
</exclusive-start>
<allocation-taxation id="3527" taxation-threshold="15728640" timestamp="2019-06-15T00:50:15.876" intervalms="22.787" />
<cycle-start id="3528" type="partial gc" contextid="0" timestamp="2019-06-15T00:50:15.876" intervalms="46.223" />
<gc-start id="3529" type="partial gc" contextid="3528" timestamp="2019-06-15T00:50:15.876">
  <mem-info id="3530" free="30408704" total="104857600" percent="29">
    <mem type="eden" free="0" total="31457280" percent="0" />
    <remembered-set count="89472" freebytes="3827712" totalbytes="4185600" percent="91" regionsoverflowed="0" regionsstable="14" regionsrebuilding="0"/>
  </mem-info>
</gc-start>
<allocation-stats totalBytes="31454616" >
  <allocated-bytes non-tlh="0" tlh="31454616" arrayletleaf="0"/>
  <largest-consumer threadName="main" threadId="0000000001CEB700" bytes="15726616" />
</allocation-stats>
<gc-op id="3531" type="sweep" timems="0.656" contextid="3528" timestamp="2019-06-15T00:50:15.877" />
<gc-op id="3532" type="copy forward" timems="1.746" contextid="3528" timestamp="2019-06-15T00:50:15.880">
  <memory-copied type="eden" objects="30" bytes="912" bytesdiscarded="0" />
  <memory-copied type="other" objects="13" bytes="296" bytesdiscarded="696" />
  <memory-cardclean objects="102" bytes="4032" />
  <regions eden="15" other="3" />
  <remembered-set-cleared processed="87758" cleared="49" durationms="0.443" />
  <stringconstants candidates="13269" cleared="0"  />
</gc-op>
<gc-op id="3533" type="classunload" timems="0.003" contextid="3528" timestamp="2019-06-15T00:50:15.880">
  <classunload-info classloadercandidates="53" classloadersunloaded="0" classesunloaded="0" anonymousclassesunloaded="0" quiescems="0.000" setupms="0.003" scanms="0.000" postms="0.000" />
</gc-op>
<gc-end id="3534" type="partial gc" contextid="3528" durationms="3.829" usertimems="4.000" systemtimems="0.000" timestamp="2019-06-15T00:50:15.880" activeThreads="4">
  <mem-info id="3535" free="60817408" total="104857600" percent="58">
    <mem type="eden" free="1047664" total="1048576" percent="99" />
    <remembered-set count="90304" freebytes="3824384" totalbytes="4185600" percent="91" regionsoverflowed="0" regionsstable="14" regionsrebuilding="0"/>
  </mem-info>
</gc-end>
<cycle-end id="3536" type="partial gc" contextid="3528" timestamp="2019-06-15T00:50:15.880" />
  <attribute name="elasticGC enabled" value="1" />
  <attribute name= "numThreadsSpecified" value="4" />
  <attribute name="heapSize specified" value="0" />
  <attribute name="Current GC Util" value="76" />
  <attribute name= "Current Time Running" value="21826" />
  <attribute name ="GC Interval" value="0" />
  <attribute name="ProportionalT" value="28.000000" />
  <attribute name="ProportionalI" value="28.000000" />
  <attribute name="ProportionalH" value="28.000000" />
  <attribute name="Current Error" value="56.000000" />
  <attribute name="IntegralT" value="56.000000" />
  <attribute name="IntegralI" value="56.000000" />
  <attribute name="IntegralH" value="56.000000" />
  <attribute name="DerivativeT" value="2.000000" />
  <attribute name="DerivativeI" value="2.000000" />
  <attribute name="DerivativeH" value="2.000000" />
  <attribute name="Loop Time for DT" value="1.000000" />
  <attribute name="Output H" value="8388608"/>
  <attribute name="Output I" value="200"/>
  <attribute name="Output T" value="4"/>
  <attribute name="Target GC Util Change" value ="20.000000" />
  <attribute name="Current GC Util Change" value="76.000000"/>
  <attribute name="GC Util currently" value="76" />
  <attribute name="CPU Util currently" value="19048839618986" />
<exclusive-end id="3537" timestamp="2019-06-15T00:50:15.880" durationms="4.706" />

<exclusive-start id="3538" timestamp="2019-06-15T00:50:15.921" intervalms="45.009">
  <response-info timems="0.066" idlems="0.066" threads="0" lastid="0000000001CEB700" lastname="main" />
</exclusive-start>
<allocation-taxation id="3539" taxation-threshold="32505856" timestamp="2019-06-15T00:50:15.921" intervalms="44.957" />
<cycle-start id="3540" type="partial gc" contextid="0" timestamp="2019-06-15T00:50:15.921" intervalms="44.949" />
<gc-start id="3541" type="partial gc" contextid="3540" timestamp="2019-06-15T00:50:15.921">
  <mem-info id="3542" free="28311552" total="104857600" percent="27">
    <mem type="eden" free="0" total="32505856" percent="0" />
    <remembered-set count="75232" freebytes="3884672" totalbytes="4185600" percent="92" regionsoverflowed="0" regionsstable="15" regionsrebuilding="0"/>
  </mem-info>
</gc-start>
<allocation-stats totalBytes="32501376" >
  <allocated-bytes non-tlh="0" tlh="32501376" arrayletleaf="0"/>
  <largest-consumer threadName="main" threadId="0000000001CEB700" bytes="32501376" />
</allocation-stats>
<gc-op id="3543" type="copy forward" timems="1.712" contextid="3540" timestamp="2019-06-15T00:50:15.924">
  <memory-copied type="eden" objects="30" bytes="912" bytesdiscarded="696" />
  <memory-copied type="other" objects="53" bytes="1232" bytesdiscarded="1896" />
  <memory-cardclean objects="197" bytes="6088" />
  <regions eden="31" other="7" />
  <remembered-set-cleared processed="73148" cleared="92" durationms="0.475" />
  <stringconstants candidates="13269" cleared="0"  />
</gc-op>
<gc-op id="3544" type="classunload" timems="0.004" contextid="3540" timestamp="2019-06-15T00:50:15.924">
  <classunload-info classloadercandidates="53" classloadersunloaded="0" classesunloaded="0" anonymousclassesunloaded="0" quiescems="0.000" setupms="0.004" scanms="0.000" postms="0.000" />
</gc-op>
<gc-end id="3545" type="partial gc" contextid="3540" durationms="2.887" usertimems="4.000" systemtimems="0.000" timestamp="2019-06-15T00:50:15.924" activeThreads="4">
  <mem-info id="3546" free="62914560" total="104857600" percent="60">
    <mem type="eden" free="1046968" total="1048576" percent="99" />
    <remembered-set count="75392" freebytes="3884032" totalbytes="4185600" percent="92" regionsoverflowed="0" regionsstable="15" regionsrebuilding="0"/>
  </mem-info>
</gc-end>
<cycle-end id="3547" type="partial gc" contextid="3540" timestamp="2019-06-15T00:50:15.924" />
  <attribute name="elasticGC enabled" value="1" />
  <attribute name= "numThreadsSpecified" value="4" />
  <attribute name="heapSize specified" value="0" />
  <attribute name="Current GC Util" value="71" />
  <attribute name= "Current Time Running" value="21870" />
  <attribute name ="GC Interval" value="0" />
  <attribute name="ProportionalT" value="25.500000" />
  <attribute name="ProportionalI" value="25.500000" />
  <attribute name="ProportionalH" value="25.500000" />
  <attribute name="Current Error" value="51.000000" />
  <attribute name="IntegralT" value="51.000000" />
  <attribute name="IntegralI" value="51.000000" />
  <attribute name="IntegralH" value="51.000000" />
  <attribute name="DerivativeT" value="25.500000" />
  <attribute name="DerivativeI" value="25.500000" />
  <attribute name="DerivativeH" value="25.500000" />
  <attribute name="Loop Time for DT" value="1.000000" />
  <attribute name="Output H" value="8388608"/>
  <attribute name="Output I" value="200"/>
  <attribute name="Output T" value="4"/>
  <attribute name="Target GC Util Change" value ="20.000000" />
  <attribute name="Current GC Util Change" value="71.000000"/>
  <attribute name="GC Util currently" value="71" />
  <attribute name="CPU Util currently" value="18108975288744" />
<exclusive-end id="3548" timestamp="2019-06-15T00:50:15.924" durationms="3.828" />

<exclusive-start id="3549" timestamp="2019-06-15T00:50:15.963" intervalms="42.215">
  <response-info timems="0.081" idlems="0.081" threads="0" lastid="0000000001CEB700" lastname="main" />
</exclusive-start>
<allocation-taxation id="3550" taxation-threshold="32505856" timestamp="2019-06-15T00:50:15.963" intervalms="42.284" />
<cycle-start id="3551" type="partial gc" contextid="0" timestamp="2019-06-15T00:50:15.963" intervalms="42.366" />
<gc-start id="3552" type="partial gc" contextid="3551" timestamp="2019-06-15T00:50:15.963">
  <mem-info id="3553" free="30408704" total="104857600" percent="29">
    <mem type="eden" free="0" total="32505856" percent="0" />
    <remembered-set count="2080" freebytes="4177280" totalbytes="4185600" percent="99" regionsoverflowed="0" regionsstable="17" regionsrebuilding="0"/>
  </mem-info>
</gc-start>
<allocation-stats totalBytes="32501624" >
  <allocated-bytes non-tlh="0" tlh="32501624" arrayletleaf="0"/>
  <largest-consumer threadName="main" threadId="0000000001CEB700" bytes="32501624" />
</allocation-stats>
<gc-op id="3554" type="copy forward" timems="0.965" contextid="3551" timestamp="2019-06-15T00:50:15.965">
  <memory-copied type="eden" objects="5" bytes="128" bytesdiscarded="0" />
  <memory-copied type="other" objects="96" bytes="2568" bytesdiscarded="248" />
  <memory-cardclean objects="111" bytes="11792" />
  <regions eden="31" other="5" />
  <remembered-set-cleared processed="244" cleared="28" durationms="0.132" />
  <references type="weak" candidates="18" cleared="0" enqueued="0" />
  <stringconstants candidates="13269" cleared="0"  />
</gc-op>
<gc-op id="3555" type="classunload" timems="0.004" contextid="3551" timestamp="2019-06-15T00:50:15.965">
  <classunload-info classloadercandidates="53" classloadersunloaded="0" classesunloaded="0" anonymousclassesunloaded="0" quiescems="0.000" setupms="0.004" scanms="0.000" postms="0.000" />
</gc-op>
<gc-end id="3556" type="partial gc" contextid="3551" durationms="2.224" usertimems="0.000" systemtimems="0.000" timestamp="2019-06-15T00:50:15.966" activeThreads="1">
  <mem-info id="3557" free="63963136" total="104857600" percent="61">
    <mem type="eden" free="1048448" total="1048576" percent="99" />
    <remembered-set count="1728" freebytes="4178688" totalbytes="4185600" percent="99" regionsoverflowed="0" regionsstable="17" regionsrebuilding="0"/>
  </mem-info>
</gc-end>
<cycle-end id="3558" type="partial gc" contextid="3551" timestamp="2019-06-15T00:50:15.966" />
  <attribute name="elasticGC enabled" value="1" />
  <attribute name= "numThreadsSpecified" value="1" />
  <attribute name="heapSize specified" value="0" />
  <attribute name="Current GC Util" value="73" />
  <attribute name= "Current Time Running" value="21912" />
  <attribute name ="GC Interval" value="0" />
  <attribute name="ProportionalT" value="26.500000" />
  <attribute name="ProportionalI" value="26.500000" />
  <attribute name="ProportionalH" value="26.500000" />
  <attribute name="Current Error" value="53.000000" />
  <attribute name="IntegralT" value="0.000000" />
  <attribute name="IntegralI" value="0.000000" />
  <attribute name="IntegralH" value="0.000000" />
  <attribute name="DerivativeT" value="inf" />
  <attribute name="DerivativeI" value="inf" />
  <attribute name="DerivativeH" value="inf" />
  <attribute name="Loop Time for DT" value="0.000000" />
  <attribute name="Output H" value="8388608"/>
  <attribute name="Output I" value="200"/>
  <attribute name="Output T" value="1"/>
  <attribute name="Target GC Util Change" value ="20.000000" />
  <attribute name="Current GC Util Change" value="73.000000"/>
  <attribute name="GC Util currently" value="73" />
  <attribute name="CPU Util currently" value="17374461621969" />
<exclusive-end id="3559" timestamp="2019-06-15T00:50:15.966" durationms="3.330" />

<exclusive-start id="3560" timestamp="2019-06-15T00:50:15.984" intervalms="20.880">
  <response-info timems="0.088" idlems="0.088" threads="0" lastid="0000000001CEB700" lastname="main" />
</exclusive-start>
<allocation-taxation id="3561" taxation-threshold="32505856" timestamp="2019-06-15T00:50:15.984" intervalms="20.850" />
<cycle-start id="3562" type="partial gc" contextid="0" timestamp="2019-06-15T00:50:15.984" intervalms="20.876" />
<gc-start id="3563" type="partial gc" contextid="3562" timestamp="2019-06-15T00:50:15.984">
  <mem-info id="3564" free="31457280" total="104857600" percent="30">
    <mem type="eden" free="1048448" total="33554432" percent="3" />
    <remembered-set count="1536" freebytes="4179456" totalbytes="4185600" percent="99" regionsoverflowed="0" regionsstable="17" regionsrebuilding="0"/>
  </mem-info>
</gc-start>
<allocation-stats totalBytes="32504400" >
  <allocated-bytes non-tlh="0" tlh="32504400" arrayletleaf="0"/>
  <largest-consumer threadName="main" threadId="0000000001CEB700" bytes="32504400" />
</allocation-stats>
<gc-op id="3565" type="copy forward" timems="0.918" contextid="3562" timestamp="2019-06-15T00:50:15.986">
  <memory-copied type="eden" objects="22" bytes="696" bytesdiscarded="0" />
  <memory-copied type="other" objects="76" bytes="1800" bytesdiscarded="152" />
  <memory-cardclean objects="175" bytes="5032" />
  <regions eden="31" other="4" />
  <remembered-set-cleared processed="246" cleared="22" durationms="0.127" />
  <stringconstants candidates="13269" cleared="0"  />
</gc-op>
<gc-op id="3566" type="classunload" timems="0.004" contextid="3562" timestamp="2019-06-15T00:50:15.986">
  <classunload-info classloadercandidates="53" classloadersunloaded="0" classesunloaded="0" anonymousclassesunloaded="0" quiescems="0.000" setupms="0.004" scanms="0.000" postms="0.000" />
</gc-op>
<heap-resize id="3567" type="contract" space="default" amount="2097152" count="1" timems="0.061" reason="excess free space following gc" timestamp="2019-06-15T00:50:15.986" />
<gc-end id="3568" type="partial gc" contextid="3562" durationms="2.280" usertimems="0.000" systemtimems="0.000" timestamp="2019-06-15T00:50:15.987" activeThreads="1">
  <mem-info id="3569" free="62914560" total="102760448" percent="61">
    <mem type="eden" free="1047880" total="1048576" percent="99" />
    <remembered-set count="1664" freebytes="4178944" totalbytes="4185600" percent="99" regionsoverflowed="0" regionsstable="17" regionsrebuilding="0"/>
  </mem-info>
</gc-end>
<cycle-end id="3570" type="partial gc" contextid="3562" timestamp="2019-06-15T00:50:15.987" />
  <attribute name="elasticGC enabled" value="1" />
  <attribute name= "numThreadsSpecified" value="1" />
  <attribute name="heapSize specified" value="0" />
  <attribute name="Current GC Util" value="66" />
  <attribute name= "Current Time Running" value="21933" />
  <attribute name ="GC Interval" value="0" />
  <attribute name="ProportionalT" value="23.000000" />
  <attribute name="ProportionalI" value="23.000000" />
  <attribute name="ProportionalH" value="23.000000" />
  <attribute name="Current Error" value="46.000000" />
  <attribute name="IntegralT" value="0.000000" />
  <attribute name="IntegralI" value="0.000000" />
  <attribute name="IntegralH" value="0.000000" />
  <attribute name="DerivativeT" value="inf" />
  <attribute name="DerivativeI" value="inf" />
  <attribute name="DerivativeH" value="inf" />
  <attribute name="Loop Time for DT" value="0.000000" />
  <attribute name="Output H" value="8388608"/>
  <attribute name="Output I" value="200"/>
  <attribute name="Output T" value="1"/>
  <attribute name="Target GC Util Change" value ="20.000000" />
  <attribute name="Current GC Util Change" value="66.000000"/>
  <attribute name="GC Util currently" value="66" />
  <attribute name="CPU Util currently" value="19681817294056" />
<exclusive-end id="3571" timestamp="2019-06-15T00:50:15.987" durationms="3.309" />

<exclusive-start id="3572" timestamp="2019-06-15T00:50:16.058" intervalms="73.787">
  <response-info timems="0.062" idlems="0.062" threads="0" lastid="0000000001CEB700" lastname="main" />
</exclusive-start>
<allocation-taxation id="3573" taxation-threshold="32505856" timestamp="2019-06-15T00:50:16.058" intervalms="73.831" />
<cycle-start id="3574" type="partial gc" contextid="0" timestamp="2019-06-15T00:50:16.058" intervalms="73.763" />
<gc-start id="3575" type="partial gc" contextid="3574" timestamp="2019-06-15T00:50:16.058">
  <mem-info id="3576" free="30408704" total="102760448" percent="29">
    <mem type="eden" free="0" total="32505856" percent="0" />
    <remembered-set count="1408" freebytes="4179968" totalbytes="4185600" percent="99" regionsoverflowed="0" regionsstable="17" regionsrebuilding="0"/>
  </mem-info>
</gc-start>
<allocation-stats totalBytes="32503792" >
  <allocated-bytes non-tlh="0" tlh="32503792" arrayletleaf="0"/>
  <largest-consumer threadName="main" threadId="0000000001CEB700" bytes="32503792" />
</allocation-stats>
<gc-op id="3577" type="copy forward" timems="1.582" contextid="3574" timestamp="2019-06-15T00:50:16.061">
  <memory-copied type="eden" objects="25" bytes="736" bytesdiscarded="576" />
  <memory-copied type="other" objects="13" bytes="296" bytesdiscarded="2488" />
  <memory-cardclean objects="123" bytes="3608" />
  <regions eden="31" other="2" />
  <remembered-set-cleared processed="246" cleared="20" durationms="0.106" />
  <stringconstants candidates="13269" cleared="0"  />
</gc-op>
<gc-op id="3578" type="classunload" timems="0.003" contextid="3574" timestamp="2019-06-15T00:50:16.061">
  <classunload-info classloadercandidates="53" classloadersunloaded="0" classesunloaded="0" anonymousclassesunloaded="0" quiescems="0.000" setupms="0.003" scanms="0.000" postms="0.000" />
</gc-op>
<gc-end id="3579" type="partial gc" contextid="3574" durationms="3.123" usertimems="4.000" systemtimems="0.000" timestamp="2019-06-15T00:50:16.061" activeThreads="4">
  <mem-info id="3580" free="62914560" total="102760448" percent="61">
    <mem type="eden" free="1047264" total="1048576" percent="99" />
    <remembered-set count="2816" freebytes="4090624" totalbytes="4101888" percent="99" regionsoverflowed="0" regionsstable="17" regionsrebuilding="0"/>
  </mem-info>
</gc-end>
<cycle-end id="3581" type="partial gc" contextid="3574" timestamp="2019-06-15T00:50:16.061" />
  <attribute name="elasticGC enabled" value="1" />
  <attribute name= "numThreadsSpecified" value="4" />
  <attribute name="heapSize specified" value="0" />
  <attribute name="Current GC Util" value="42" />
  <attribute name= "Current Time Running" value="22007" />
  <attribute name ="GC Interval" value="0" />
  <attribute name="ProportionalT" value="11.000000" />
  <attribute name="ProportionalI" value="11.000000" />
  <attribute name="ProportionalH" value="11.000000" />
  <attribute name="Current Error" value="22.000000" />
  <attribute name="IntegralT" value="22.000000" />
  <attribute name="IntegralI" value="22.000000" />
  <attribute name="IntegralH" value="22.000000" />
  <attribute name="DerivativeT" value="11.000000" />
  <attribute name="DerivativeI" value="11.000000" />
  <attribute name="DerivativeH" value="11.000000" />
  <attribute name="Loop Time for DT" value="1.000000" />
  <attribute name="Output H" value="8388608"/>
  <attribute name="Output I" value="200"/>
  <attribute name="Output T" value="4"/>
  <attribute name="Target GC Util Change" value ="20.000000" />
  <attribute name="Current GC Util Change" value="42.000000"/>
  <attribute name="GC Util currently" value="42" />
  <attribute name="CPU Util currently" value="8238816855622" />
<exclusive-end id="3582" timestamp="2019-06-15T00:50:16.062" durationms="4.149" />

<exclusive-start id="3583" timestamp="2019-06-15T00:50:16.143" intervalms="85.729">
  <response-info timems="0.088" idlems="0.088" threads="0" lastid="0000000001CEB700" lastname="main" />
</exclusive-start>
<allocation-taxation id="3584" taxation-threshold="32505856" timestamp="2019-06-15T00:50:16.143" intervalms="85.730" />
<cycle-start id="3585" type="partial gc" contextid="0" timestamp="2019-06-15T00:50:16.144" intervalms="85.814" />
<gc-start id="3586" type="partial gc" contextid="3585" timestamp="2019-06-15T00:50:16.144">
  <mem-info id="3587" free="30408704" total="102760448" percent="29">
    <mem type="eden" free="0" total="32505856" percent="0" />
    <remembered-set count="2336" freebytes="4092544" totalbytes="4101888" percent="99" regionsoverflowed="0" regionsstable="18" regionsrebuilding="0"/>
  </mem-info>
</gc-start>
<allocation-stats totalBytes="32503392" >
  <allocated-bytes non-tlh="0" tlh="32503392" arrayletleaf="0"/>
  <largest-consumer threadName="main" threadId="0000000001CEB700" bytes="32503392" />
</allocation-stats>
<gc-op id="3588" type="copy forward" timems="1.571" contextid="3585" timestamp="2019-06-15T00:50:16.146">
  <memory-copied type="eden" objects="40" bytes="1072" bytesdiscarded="408" />
  <memory-copied type="other" objects="35" bytes="944" bytesdiscarded="1424" />
  <memory-cardclean objects="83" bytes="10848" />
  <regions eden="31" other="2" />
  <remembered-set-cleared processed="107" cleared="13" durationms="0.110" />
  <references type="weak" candidates="16" cleared="0" enqueued="0" />
  <stringconstants candidates="13269" cleared="0"  />
</gc-op>
<gc-op id="3589" type="classunload" timems="0.004" contextid="3585" timestamp="2019-06-15T00:50:16.147">
  <classunload-info classloadercandidates="53" classloadersunloaded="0" classesunloaded="0" anonymousclassesunloaded="0" quiescems="0.000" setupms="0.004" scanms="0.000" postms="0.000" />
</gc-op>
<gc-end id="3590" type="partial gc" contextid="3585" durationms="2.820" usertimems="4.000" systemtimems="0.000" timestamp="2019-06-15T00:50:16.147" activeThreads="4">
  <mem-info id="3591" free="62914560" total="102760448" percent="61">
    <mem type="eden" free="1047096" total="1048576" percent="99" />
    <remembered-set count="3168" freebytes="4089216" totalbytes="4101888" percent="99" regionsoverflowed="0" regionsstable="18" regionsrebuilding="0"/>
  </mem-info>
</gc-end>
<cycle-end id="3592" type="partial gc" contextid="3585" timestamp="2019-06-15T00:50:16.147" />
  <attribute name="elasticGC enabled" value="1" />
  <attribute name= "numThreadsSpecified" value="4" />
  <attribute name="heapSize specified" value="0" />
  <attribute name="Current GC Util" value="74" />
  <attribute name= "Current Time Running" value="22093" />
  <attribute name ="GC Interval" value="0" />
  <attribute name="ProportionalT" value="27.000000" />
  <attribute name="ProportionalI" value="27.000000" />
  <attribute name="ProportionalH" value="27.000000" />
  <attribute name="Current Error" value="54.000000" />
  <attribute name="IntegralT" value="54.000000" />
  <attribute name="IntegralI" value="54.000000" />
  <attribute name="IntegralH" value="54.000000" />
  <attribute name="DerivativeT" value="27.000000" />
  <attribute name="DerivativeI" value="27.000000" />
  <attribute name="DerivativeH" value="27.000000" />
  <attribute name="Loop Time for DT" value="1.000000" />
  <attribute name="Output H" value="8388608"/>
  <attribute name="Output I" value="200"/>
  <attribute name="Output T" value="4"/>
  <attribute name="Target GC Util Change" value ="20.000000" />
  <attribute name="Current GC Util Change" value="74.000000"/>
  <attribute name="GC Util currently" value="74" />
  <attribute name="CPU Util currently" value="15807845412771" />
<exclusive-end id="3593" timestamp="2019-06-15T00:50:16.147" durationms="3.972" />

<exclusive-start id="3594" timestamp="2019-06-15T00:50:16.166" intervalms="22.633">
  <response-info timems="0.081" idlems="0.081" threads="0" lastid="0000000001CEB700" lastname="main" />
</exclusive-start>
<allocation-taxation id="3595" taxation-threshold="32505856" timestamp="2019-06-15T00:50:16.166" intervalms="22.630" />
<cycle-start id="3596" type="partial gc" contextid="0" timestamp="2019-06-15T00:50:16.166" intervalms="22.633" />
<gc-start id="3597" type="partial gc" contextid="3596" timestamp="2019-06-15T00:50:16.167">
  <mem-info id="3598" free="30408704" total="102760448" percent="29">
    <mem type="eden" free="0" total="32505856" percent="0" />
    <remembered-set count="2816" freebytes="4090624" totalbytes="4101888" percent="99" regionsoverflowed="0" regionsstable="18" regionsrebuilding="0"/>
  </mem-info>
</gc-start>
<allocation-stats totalBytes="32503304" >
  <allocated-bytes non-tlh="0" tlh="32503304" arrayletleaf="0"/>
  <largest-consumer threadName="main" threadId="0000000001CEB700" bytes="32503304" />
</allocation-stats>
<gc-op id="3599" type="copy forward" timems="0.924" contextid="3596" timestamp="2019-06-15T00:50:16.168">
  <memory-copied type="eden" objects="29" bytes="872" bytesdiscarded="0" />
  <memory-copied type="other" objects="30" bytes="680" bytesdiscarded="256" />
  <memory-cardclean objects="78" bytes="2288" />
  <regions eden="31" other="2" />
  <remembered-set-cleared processed="107" cleared="9" durationms="0.148" />
  <stringconstants candidates="13269" cleared="0"  />
</gc-op>
<gc-op id="3600" type="classunload" timems="0.004" contextid="3596" timestamp="2019-06-15T00:50:16.169">
  <classunload-info classloadercandidates="53" classloadersunloaded="0" classesunloaded="0" anonymousclassesunloaded="0" quiescems="0.000" setupms="0.004" scanms="0.000" postms="0.000" />
</gc-op>
<gc-end id="3601" type="partial gc" contextid="3596" durationms="2.215" usertimems="4.000" systemtimems="0.000" timestamp="2019-06-15T00:50:16.169" activeThreads="1">
  <mem-info id="3602" free="62914560" total="102760448" percent="61">
    <mem type="eden" free="1047704" total="1048576" percent="99" />
    <remembered-set count="2944" freebytes="4090112" totalbytes="4101888" percent="99" regionsoverflowed="0" regionsstable="18" regionsrebuilding="0"/>
  </mem-info>
</gc-end>
<cycle-end id="3603" type="partial gc" contextid="3596" timestamp="2019-06-15T00:50:16.169" />
  <attribute name="elasticGC enabled" value="1" />
  <attribute name= "numThreadsSpecified" value="1" />
  <attribute name="heapSize specified" value="0" />
  <attribute name="Current GC Util" value="76" />
  <attribute name= "Current Time Running" value="22115" />
  <attribute name ="GC Interval" value="0" />
  <attribute name="ProportionalT" value="28.000000" />
  <attribute name="ProportionalI" value="28.000000" />
  <attribute name="ProportionalH" value="28.000000" />
  <attribute name="Current Error" value="56.000000" />
  <attribute name="IntegralT" value="0.000000" />
  <attribute name="IntegralI" value="0.000000" />
  <attribute name="IntegralH" value="0.000000" />
  <attribute name="DerivativeT" value="inf" />
  <attribute name="DerivativeI" value="inf" />
  <attribute name="DerivativeH" value="inf" />
  <attribute name="Loop Time for DT" value="0.000000" />
  <attribute name="Output H" value="8388608"/>
  <attribute name="Output I" value="200"/>
  <attribute name="Output T" value="1"/>
  <attribute name="Target GC Util Change" value ="20.000000" />
  <attribute name="Current GC Util Change" value="76.000000"/>
  <attribute name="GC Util currently" value="76" />
  <attribute name="CPU Util currently" value="16719911440626" />
<exclusive-end id="3604" timestamp="2019-06-15T00:50:16.169" durationms="3.370" />

<exclusive-start id="3605" timestamp="2019-06-15T00:50:16.210" intervalms="44.151">
  <response-info timems="0.081" idlems="0.081" threads="0" lastid="0000000001CEB700" lastname="main" />
</exclusive-start>
<allocation-taxation id="3606" taxation-threshold="32505856" timestamp="2019-06-15T00:50:16.210" intervalms="44.153" />
<cycle-start id="3607" type="partial gc" contextid="0" timestamp="2019-06-15T00:50:16.210" intervalms="44.090" />
<gc-start id="3608" type="partial gc" contextid="3607" timestamp="2019-06-15T00:50:16.211">
  <mem-info id="3609" free="30408704" total="102760448" percent="29">
    <mem type="eden" free="0" total="32505856" percent="0" />
    <remembered-set count="2624" freebytes="4091392" totalbytes="4101888" percent="99" regionsoverflowed="0" regionsstable="18" regionsrebuilding="0"/>
  </mem-info>
</gc-start>
<allocation-stats totalBytes="32503712" >
  <allocated-bytes non-tlh="0" tlh="32503712" arrayletleaf="0"/>
  <largest-consumer threadName="main" threadId="0000000001CEB700" bytes="32503712" />
</allocation-stats>
<gc-op id="3610" type="copy forward" timems="1.034" contextid="3607" timestamp="2019-06-15T00:50:16.212">
  <memory-copied type="eden" objects="12" bytes="320" bytesdiscarded="0" />
  <memory-copied type="other" objects="138" bytes="11448" bytesdiscarded="376" />
  <memory-cardclean objects="145" bytes="13728" />
  <regions eden="31" other="4" />
  <remembered-set-cleared processed="97" cleared="18" durationms="0.126" />
  <references type="weak" candidates="50" cleared="0" enqueued="0" />
  <stringconstants candidates="13269" cleared="0"  />
</gc-op>
<gc-op id="3611" type="classunload" timems="0.004" contextid="3607" timestamp="2019-06-15T00:50:16.213">
  <classunload-info classloadercandidates="53" classloadersunloaded="0" classesunloaded="0" anonymousclassesunloaded="0" quiescems="0.000" setupms="0.004" scanms="0.000" postms="0.000" />
</gc-op>
<heap-resize id="3612" type="contract" space="default" amount="5242880" count="1" timems="0.065" reason="excess free space following gc" timestamp="2019-06-15T00:50:16.213" />
<gc-end id="3613" type="partial gc" contextid="3607" durationms="2.585" usertimems="4.000" systemtimems="0.000" timestamp="2019-06-15T00:50:16.213" activeThreads="1">
  <mem-info id="3614" free="59768832" total="97517568" percent="61">
    <mem type="eden" free="1048256" total="1048576" percent="99" />
    <remembered-set count="2592" freebytes="4091520" totalbytes="4101888" percent="99" regionsoverflowed="0" regionsstable="18" regionsrebuilding="0"/>
  </mem-info>
</gc-end>
<cycle-end id="3615" type="partial gc" contextid="3607" timestamp="2019-06-15T00:50:16.213" />
  <attribute name="elasticGC enabled" value="1" />
  <attribute name= "numThreadsSpecified" value="1" />
  <attribute name="heapSize specified" value="0" />
  <attribute name="Current GC Util" value="73" />
  <attribute name= "Current Time Running" value="22159" />
  <attribute name ="GC Interval" value="0" />
  <attribute name="ProportionalT" value="26.500000" />
  <attribute name="ProportionalI" value="26.500000" />
  <attribute name="ProportionalH" value="26.500000" />
  <attribute name="Current Error" value="53.000000" />
  <attribute name="IntegralT" value="0.000000" />
  <attribute name="IntegralI" value="0.000000" />
  <attribute name="IntegralH" value="0.000000" />
  <attribute name="DerivativeT" value="inf" />
  <attribute name="DerivativeI" value="inf" />
  <attribute name="DerivativeH" value="inf" />
  <attribute name="Loop Time for DT" value="0.000000" />
  <attribute name="Output H" value="8388608"/>
  <attribute name="Output I" value="200"/>
  <attribute name="Output T" value="1"/>
  <attribute name="Target GC Util Change" value ="20.000000" />
  <attribute name="Current GC Util Change" value="73.000000"/>
  <attribute name="GC Util currently" value="73" />
  <attribute name="CPU Util currently" value="14351020147880" />
<exclusive-end id="3616" timestamp="2019-06-15T00:50:16.214" durationms="3.684" />

<exclusive-start id="3617" timestamp="2019-06-15T00:50:16.245" intervalms="35.146">
  <response-info timems="0.080" idlems="0.080" threads="0" lastid="0000000001CEB700" lastname="main" />
</exclusive-start>
<allocation-taxation id="3618" taxation-threshold="30408704" timestamp="2019-06-15T00:50:16.245" intervalms="35.148" />
<cycle-start id="3619" type="partial gc" contextid="0" timestamp="2019-06-15T00:50:16.246" intervalms="35.159" />
<gc-start id="3620" type="partial gc" contextid="3619" timestamp="2019-06-15T00:50:16.246">
  <mem-info id="3621" free="29360128" total="97517568" percent="30">
    <mem type="eden" free="1048256" total="31457280" percent="3" />
    <remembered-set count="2304" freebytes="4092672" totalbytes="4101888" percent="99" regionsoverflowed="0" regionsstable="18" regionsrebuilding="0"/>
  </mem-info>
</gc-start>
<allocation-stats totalBytes="30406528" >
  <allocated-bytes non-tlh="0" tlh="30406528" arrayletleaf="0"/>
  <largest-consumer threadName="main" threadId="0000000001CEB700" bytes="30406528" />
</allocation-stats>
<gc-op id="3622" type="copy forward" timems="1.982" contextid="3619" timestamp="2019-06-15T00:50:16.249">
  <memory-copied type="eden" objects="37" bytes="1128" bytesdiscarded="1136" />
  <memory-copied type="other" objects="1275" bytes="52440" bytesdiscarded="4064" />
  <memory-cardclean objects="249" bytes="12968" />
  <regions eden="29" other="2" />
  <remembered-set-cleared processed="83" cleared="11" durationms="0.106" />
  <references type="soft" candidates="8" cleared="0" enqueued="0" dynamicThreshold="19" maxThreshold="32" />
  <references type="weak" candidates="13" cleared="0" enqueued="0" />
  <stringconstants candidates="13269" cleared="0"  />
</gc-op>
<gc-op id="3623" type="classunload" timems="0.004" contextid="3619" timestamp="2019-06-15T00:50:16.249">
  <classunload-info classloadercandidates="53" classloadersunloaded="0" classesunloaded="0" anonymousclassesunloaded="0" quiescems="0.000" setupms="0.004" scanms="0.000" postms="0.000" />
</gc-op>
<heap-resize id="3624" type="contract" space="default" amount="3145728" count="1" timems="0.050" reason="excess free space following gc" timestamp="2019-06-15T00:50:16.249" />
<gc-end id="3625" type="partial gc" contextid="3619" durationms="3.604" usertimems="4.000" systemtimems="0.000" timestamp="2019-06-15T00:50:16.249" activeThreads="4">
  <mem-info id="3626" free="57671680" total="94371840" percent="61">
    <mem type="eden" free="1046312" total="1048576" percent="99" />
    <remembered-set count="2400" freebytes="3883008" totalbytes="3892608" percent="99" regionsoverflowed="0" regionsstable="18" regionsrebuilding="0"/>
  </mem-info>
</gc-end>
<cycle-end id="3627" type="partial gc" contextid="3619" timestamp="2019-06-15T00:50:16.250" />
  <attribute name="elasticGC enabled" value="1" />
  <attribute name= "numThreadsSpecified" value="4" />
  <attribute name="heapSize specified" value="0" />
  <attribute name="Current GC Util" value="37" />
  <attribute name= "Current Time Running" value="22195" />
  <attribute name ="GC Interval" value="0" />
  <attribute name="ProportionalT" value="8.500000" />
  <attribute name="ProportionalI" value="8.500000" />
  <attribute name="ProportionalH" value="8.500000" />
  <attribute name="Current Error" value="17.000000" />
  <attribute name="IntegralT" value="17.000000" />
  <attribute name="IntegralI" value="17.000000" />
  <attribute name="IntegralH" value="17.000000" />
  <attribute name="DerivativeT" value="8.500000" />
  <attribute name="DerivativeI" value="8.500000" />
  <attribute name="DerivativeH" value="8.500000" />
  <attribute name="Loop Time for DT" value="1.000000" />
  <attribute name="Output H" value="8388608"/>
  <attribute name="Output I" value="200"/>
  <attribute name="Output T" value="4"/>
  <attribute name="Target GC Util Change" value ="20.000000" />
  <attribute name="Current GC Util Change" value="37.000000"/>
  <attribute name="GC Util currently" value="37" />
  <attribute name="CPU Util currently" value="8422601529105" />
<exclusive-end id="3628" timestamp="2019-06-15T00:50:16.250" durationms="4.694" />

<exclusive-start id="3629" timestamp="2019-06-15T00:50:16.279" intervalms="34.223">
  <response-info timems="0.080" idlems="0.080" threads="0" lastid="0000000001CEB700" lastname="main" />
</exclusive-start>
<allocation-taxation id="3630" taxation-threshold="30408704" timestamp="2019-06-15T00:50:16.280" intervalms="34.191" />
<cycle-start id="3631" type="partial gc" contextid="0" timestamp="2019-06-15T00:50:16.280" intervalms="34.215" />
<gc-start id="3632" type="partial gc" contextid="3631" timestamp="2019-06-15T00:50:16.280">
  <mem-info id="3633" free="27262976" total="94371840" percent="28">
    <mem type="eden" free="0" total="30408704" percent="0" />
    <remembered-set count="1920" freebytes="3884928" totalbytes="3892608" percent="99" regionsoverflowed="0" regionsstable="18" regionsrebuilding="0"/>
  </mem-info>
</gc-start>
<allocation-stats totalBytes="30406432" >
  <allocated-bytes non-tlh="0" tlh="30406432" arrayletleaf="0"/>
  <largest-consumer threadName="main" threadId="0000000001CEB700" bytes="30406432" />
</allocation-stats>
<gc-op id="3634" type="copy forward" timems="1.288" contextid="3631" timestamp="2019-06-15T00:50:16.282">
  <memory-copied type="eden" objects="9" bytes="240" bytesdiscarded="0" />
  <memory-copied type="other" objects="27" bytes="848" bytesdiscarded="0" />
  <memory-cardclean objects="48" bytes="1792" />
  <regions eden="29" other="1" />
  <remembered-set-cleared processed="105" cleared="1" durationms="0.090" />
  <stringconstants candidates="13269" cleared="0"  />
</gc-op>
<gc-op id="3635" type="classunload" timems="0.004" contextid="3631" timestamp="2019-06-15T00:50:16.283">
  <classunload-info classloadercandidates="53" classloadersunloaded="0" classesunloaded="0" anonymousclassesunloaded="0" quiescems="0.000" setupms="0.004" scanms="0.000" postms="0.000" />
</gc-op>
<gc-end id="3636" type="partial gc" contextid="3631" durationms="2.664" usertimems="4.000" systemtimems="0.000" timestamp="2019-06-15T00:50:16.283" activeThreads="4">
  <mem-info id="3637" free="56623104" total="94371840" percent="60">
    <mem type="eden" free="1048336" total="1048576" percent="99" />
    <remembered-set count="2496" freebytes="3757056" totalbytes="3767040" percent="99" regionsoverflowed="0" regionsstable="18" regionsrebuilding="0"/>
  </mem-info>
</gc-end>
<cycle-end id="3638" type="partial gc" contextid="3631" timestamp="2019-06-15T00:50:16.283" />
  <attribute name="elasticGC enabled" value="1" />
  <attribute name= "numThreadsSpecified" value="4" />
  <attribute name="heapSize specified" value="0" />
  <attribute name="Current GC Util" value="38" />
  <attribute name= "Current Time Running" value="22229" />
  <attribute name ="GC Interval" value="0" />
  <attribute name="ProportionalT" value="9.000000" />
  <attribute name="ProportionalI" value="9.000000" />
  <attribute name="ProportionalH" value="9.000000" />
  <attribute name="Current Error" value="18.000000" />
  <attribute name="IntegralT" value="18.000000" />
  <attribute name="IntegralI" value="18.000000" />
  <attribute name="IntegralH" value="18.000000" />
  <attribute name="DerivativeT" value="9.000000" />
  <attribute name="DerivativeI" value="9.000000" />
  <attribute name="DerivativeH" value="9.000000" />
  <attribute name="Loop Time for DT" value="1.000000" />
  <attribute name="Output H" value="8388608"/>
  <attribute name="Output I" value="200"/>
  <attribute name="Output T" value="4"/>
  <attribute name="Target GC Util Change" value ="20.000000" />
  <attribute name="Current GC Util Change" value="38.000000"/>
  <attribute name="GC Util currently" value="38" />
  <attribute name="CPU Util currently" value="9358337895772" />
<exclusive-end id="3639" timestamp="2019-06-15T00:50:16.283" durationms="3.771" />

<exclusive-start id="3640" timestamp="2019-06-15T00:50:16.387" intervalms="107.693">
  <response-info timems="0.085" idlems="0.085" threads="0" lastid="0000000001CEB700" lastname="main" />
</exclusive-start>
<allocation-taxation id="3641" taxation-threshold="30408704" timestamp="2019-06-15T00:50:16.387" intervalms="107.729" />
<cycle-start id="3642" type="partial gc" contextid="0" timestamp="2019-06-15T00:50:16.388" intervalms="108.041" />
<gc-start id="3643" type="partial gc" contextid="3642" timestamp="2019-06-15T00:50:16.388">
  <mem-info id="3644" free="26214400" total="94371840" percent="27">
    <mem type="eden" free="1048336" total="31457280" percent="3" />
    <remembered-set count="2016" freebytes="3758976" totalbytes="3767040" percent="99" regionsoverflowed="0" regionsstable="18" regionsrebuilding="0"/>
  </mem-info>
</gc-start>
<allocation-stats totalBytes="30389048" >
  <allocated-bytes non-tlh="0" tlh="30389048" arrayletleaf="0"/>
  <largest-consumer threadName="main" threadId="0000000001CEB700" bytes="30389048" />
</allocation-stats>
<gc-op id="3645" type="copy forward" timems="1.573" contextid="3642" timestamp="2019-06-15T00:50:16.391">
  <memory-copied type="eden" objects="55" bytes="2248" bytesdiscarded="856" />
  <memory-copied type="other" objects="0" bytes="0" bytesdiscarded="0" />
  <memory-cardclean objects="75" bytes="5320" />
  <regions eden="29" other="1" />
  <remembered-set-cleared processed="110" cleared="4" durationms="0.111" />
  <stringconstants candidates="13269" cleared="0"  />
</gc-op>
<gc-op id="3646" type="classunload" timems="0.004" contextid="3642" timestamp="2019-06-15T00:50:16.391">
  <classunload-info classloadercandidates="53" classloadersunloaded="0" classesunloaded="0" anonymousclassesunloaded="0" quiescems="0.000" setupms="0.004" scanms="0.000" postms="0.000" />
</gc-op>
<gc-end id="3647" type="partial gc" contextid="3642" durationms="2.776" usertimems="4.000" systemtimems="0.000" timestamp="2019-06-15T00:50:16.391" activeThreads="4">
  <mem-info id="3648" free="56623104" total="94371840" percent="60">
    <mem type="eden" free="1045472" total="1048576" percent="99" />
    <remembered-set count="2016" freebytes="3758976" totalbytes="3767040" percent="99" regionsoverflowed="0" regionsstable="18" regionsrebuilding="0"/>
  </mem-info>
</gc-end>
<cycle-end id="3649" type="partial gc" contextid="3642" timestamp="2019-06-15T00:50:16.391" />
  <attribute name="elasticGC enabled" value="1" />
  <attribute name= "numThreadsSpecified" value="4" />
  <attribute name="heapSize specified" value="0" />
  <attribute name="Current GC Util" value="75" />
  <attribute name= "Current Time Running" value="22337" />
  <attribute name ="GC Interval" value="0" />
  <attribute name="ProportionalT" value="27.500000" />
  <attribute name="ProportionalI" value="27.500000" />
  <attribute name="ProportionalH" value="27.500000" />
  <attribute name="Current Error" value="55.000000" />
  <attribute name="IntegralT" value="55.000000" />
  <attribute name="IntegralI" value="55.000000" />
  <attribute name="IntegralH" value="55.000000" />
  <attribute name="DerivativeT" value="27.500000" />
  <attribute name="DerivativeI" value="27.500000" />
  <attribute name="DerivativeH" value="27.500000" />
  <attribute name="Loop Time for DT" value="1.000000" />
  <attribute name="Output H" value="8388608"/>
  <attribute name="Output I" value="200"/>
  <attribute name="Output T" value="4"/>
  <attribute name="Target GC Util Change" value ="20.000000" />
  <attribute name="Current GC Util Change" value="75.000000"/>
  <attribute name="GC Util currently" value="75" />
  <attribute name="CPU Util currently" value="16257851762959" />
<exclusive-end id="3650" timestamp="2019-06-15T00:50:16.391" durationms="4.285" />

<exclusive-start id="3651" timestamp="2019-06-15T00:50:16.462" intervalms="75.114">
  <response-info timems="0.087" idlems="0.087" threads="0" lastid="0000000001CEB700" lastname="main" />
</exclusive-start>
<allocation-taxation id="3652" taxation-threshold="30408704" timestamp="2019-06-15T00:50:16.462" intervalms="75.126" />
<cycle-start id="3653" type="partial gc" contextid="0" timestamp="2019-06-15T00:50:16.463" intervalms="74.693" />
<gc-start id="3654" type="partial gc" contextid="3653" timestamp="2019-06-15T00:50:16.463">
  <mem-info id="3655" free="26214400" total="94371840" percent="27">
    <mem type="eden" free="0" total="30408704" percent="0" />
    <remembered-set count="1536" freebytes="3760896" totalbytes="3767040" percent="99" regionsoverflowed="0" regionsstable="18" regionsrebuilding="0"/>
  </mem-info>
</gc-start>
<allocation-stats totalBytes="30386792" >
  <allocated-bytes non-tlh="0" tlh="30386792" arrayletleaf="0"/>
  <largest-consumer threadName="main" threadId="0000000001CEB700" bytes="30386792" />
</allocation-stats>
<gc-op id="3656" type="copy forward" timems="1.652" contextid="3653" timestamp="2019-06-15T00:50:16.465">
  <memory-copied type="eden" objects="5" bytes="624" bytesdiscarded="0" />
  <memory-copied type="other" objects="53" bytes="2192" bytesdiscarded="1120" />
  <memory-cardclean objects="50" bytes="4920" />
  <regions eden="29" other="1" />
  <remembered-set-cleared processed="109" cleared="3" durationms="0.110" />
  <stringconstants candidates="13269" cleared="0"  />
</gc-op>
<gc-op id="3657" type="classunload" timems="0.004" contextid="3653" timestamp="2019-06-15T00:50:16.466">
  <classunload-info classloadercandidates="53" classloadersunloaded="0" classesunloaded="0" anonymousclassesunloaded="0" quiescems="0.000" setupms="0.004" scanms="0.000" postms="0.000" />
</gc-op>
<gc-end id="3658" type="partial gc" contextid="3653" durationms="2.871" usertimems="4.000" systemtimems="0.000" timestamp="2019-06-15T00:50:16.466" activeThreads="4">
  <mem-info id="3659" free="55574528" total="94371840" percent="58">
    <mem type="eden" free="1047952" total="1048576" percent="99" />
    <remembered-set count="2528" freebytes="3756928" totalbytes="3767040" percent="99" regionsoverflowed="0" regionsstable="18" regionsrebuilding="0"/>
  </mem-info>
</gc-end>
<cycle-end id="3660" type="partial gc" contextid="3653" timestamp="2019-06-15T00:50:16.466" />
  <attribute name="elasticGC enabled" value="1" />
  <attribute name= "numThreadsSpecified" value="4" />
  <attribute name="heapSize specified" value="0" />
  <attribute name="Current GC Util" value="74" />
  <attribute name= "Current Time Running" value="22412" />
  <attribute name ="GC Interval" value="0" />
  <attribute name="ProportionalT" value="27.000000" />
  <attribute name="ProportionalI" value="27.000000" />
  <attribute name="ProportionalH" value="27.000000" />
  <attribute name="Current Error" value="54.000000" />
  <attribute name="IntegralT" value="54.000000" />
  <attribute name="IntegralI" value="54.000000" />
  <attribute name="IntegralH" value="54.000000" />
  <attribute name="DerivativeT" value="27.000000" />
  <attribute name="DerivativeI" value="27.000000" />
  <attribute name="DerivativeH" value="27.000000" />
  <attribute name="Loop Time for DT" value="1.000000" />
  <attribute name="Output H" value="8388608"/>
  <attribute name="Output I" value="200"/>
  <attribute name="Output T" value="4"/>
  <attribute name="Target GC Util Change" value ="20.000000" />
  <attribute name="Current GC Util Change" value="74.000000"/>
  <attribute name="GC Util currently" value="74" />
  <attribute name="CPU Util currently" value="15379720108489" />
<exclusive-end id="3661" timestamp="2019-06-15T00:50:16.466" durationms="4.073" />

<exclusive-start id="3662" timestamp="2019-06-15T00:50:16.533" intervalms="71.242">
  <response-info timems="0.096" idlems="0.096" threads="0" lastid="0000000001CEB700" lastname="main" />
</exclusive-start>
<allocation-taxation id="3663" taxation-threshold="30408704" timestamp="2019-06-15T00:50:16.534" intervalms="71.221" />
<cycle-start id="3664" type="partial gc" contextid="0" timestamp="2019-06-15T00:50:16.534" intervalms="71.347" />
<gc-start id="3665" type="partial gc" contextid="3664" timestamp="2019-06-15T00:50:16.534">
  <mem-info id="3666" free="25165824" total="94371840" percent="26">
    <mem type="eden" free="1047952" total="31457280" percent="3" />
    <remembered-set count="2080" freebytes="3758720" totalbytes="3767040" percent="99" regionsoverflowed="0" regionsstable="18" regionsrebuilding="0"/>
  </mem-info>
</gc-start>
<allocation-stats totalBytes="30390960" >
  <allocated-bytes non-tlh="0" tlh="30390960" arrayletleaf="0"/>
  <largest-consumer threadName="main" threadId="0000000001CEB700" bytes="30390960" />
</allocation-stats>
<gc-op id="3667" type="copy forward" timems="1.468" contextid="3664" timestamp="2019-06-15T00:50:16.536">
  <memory-copied type="eden" objects="26" bytes="776" bytesdiscarded="624" />
  <memory-copied type="other" objects="0" bytes="0" bytesdiscarded="0" />
  <memory-cardclean objects="75" bytes="5296" />
  <regions eden="29" other="1" />
  <remembered-set-cleared processed="115" cleared="7" durationms="0.107" />
  <stringconstants candidates="13269" cleared="0"  />
</gc-op>
<gc-op id="3668" type="classunload" timems="0.004" contextid="3664" timestamp="2019-06-15T00:50:16.537">
  <classunload-info classloadercandidates="53" classloadersunloaded="0" classesunloaded="0" anonymousclassesunloaded="0" quiescems="0.000" setupms="0.004" scanms="0.000" postms="0.000" />
</gc-op>
<heap-resize id="3669" type="contract" space="default" amount="5242880" count="1" timems="0.097" reason="insufficient time being spent in gc" timestamp="2019-06-15T00:50:16.537" />
<gc-end id="3670" type="partial gc" contextid="3664" durationms="2.932" usertimems="4.000" systemtimems="0.000" timestamp="2019-06-15T00:50:16.537" activeThreads="4">
  <mem-info id="3671" free="50331648" total="89128960" percent="56">
    <mem type="eden" free="1047176" total="1048576" percent="99" />
    <remembered-set count="2560" freebytes="3756800" totalbytes="3767040" percent="99" regionsoverflowed="0" regionsstable="18" regionsrebuilding="0"/>
  </mem-info>
</gc-end>
<cycle-end id="3672" type="partial gc" contextid="3664" timestamp="2019-06-15T00:50:16.537" />
  <attribute name="elasticGC enabled" value="1" />
  <attribute name= "numThreadsSpecified" value="4" />
  <attribute name="heapSize specified" value="0" />
  <attribute name="Current GC Util" value="77" />
  <attribute name= "Current Time Running" value="22483" />
  <attribute name ="GC Interval" value="0" />
  <attribute name="ProportionalT" value="28.500000" />
  <attribute name="ProportionalI" value="28.500000" />
  <attribute name="ProportionalH" value="28.500000" />
  <attribute name="Current Error" value="57.000000" />
  <attribute name="IntegralT" value="57.000000" />
  <attribute name="IntegralI" value="57.000000" />
  <attribute name="IntegralH" value="57.000000" />
  <attribute name="DerivativeT" value="28.500000" />
  <attribute name="DerivativeI" value="28.500000" />
  <attribute name="DerivativeH" value="28.500000" />
  <attribute name="Loop Time for DT" value="1.000000" />
  <attribute name="Output H" value="8388608"/>
  <attribute name="Output I" value="200"/>
  <attribute name="Output T" value="4"/>
  <attribute name="Target GC Util Change" value ="20.000000" />
  <attribute name="Current GC Util Change" value="77.000000"/>
  <attribute name="GC Util currently" value="77" />
  <attribute name="CPU Util currently" value="17004490984743" />
<exclusive-end id="3673" timestamp="2019-06-15T00:50:16.538" durationms="4.088" />

<exclusive-start id="3674" timestamp="2019-06-15T00:50:16.571" intervalms="37.108">
  <response-info timems="0.080" idlems="0.080" threads="0" lastid="0000000001CEB700" lastname="main" />
</exclusive-start>
<allocation-taxation id="3675" taxation-threshold="28311552" timestamp="2019-06-15T00:50:16.571" intervalms="37.068" />
<cycle-start id="3676" type="partial gc" contextid="0" timestamp="2019-06-15T00:50:16.571" intervalms="37.066" />
<gc-start id="3677" type="partial gc" contextid="3676" timestamp="2019-06-15T00:50:16.571">
  <mem-info id="3678" free="22020096" total="89128960" percent="24">
    <mem type="eden" free="0" total="28311552" percent="0" />
    <remembered-set count="2080" freebytes="3758720" totalbytes="3767040" percent="99" regionsoverflowed="0" regionsstable="18" regionsrebuilding="0"/>
  </mem-info>
</gc-start>
<allocation-stats totalBytes="28302648" >
  <allocated-bytes non-tlh="0" tlh="28302648" arrayletleaf="0"/>
  <largest-consumer threadName="main" threadId="0000000001CEB700" bytes="28302648" />
</allocation-stats>
<gc-op id="3679" type="copy forward" timems="1.318" contextid="3676" timestamp="2019-06-15T00:50:16.573">
  <memory-copied type="eden" objects="23" bytes="1240" bytesdiscarded="680" />
  <memory-copied type="other" objects="7" bytes="160" bytesdiscarded="624" />
  <memory-cardclean objects="73" bytes="5264" />
  <regions eden="27" other="1" />
  <remembered-set-cleared processed="113" cleared="5" durationms="0.115" />
  <stringconstants candidates="13269" cleared="0"  />
</gc-op>
<gc-op id="3680" type="classunload" timems="0.004" contextid="3676" timestamp="2019-06-15T00:50:16.574">
  <classunload-info classloadercandidates="53" classloadersunloaded="0" classesunloaded="0" anonymousclassesunloaded="0" quiescems="0.000" setupms="0.004" scanms="0.000" postms="0.000" />
</gc-op>
<gc-end id="3681" type="partial gc" contextid="3676" durationms="2.658" usertimems="4.000" systemtimems="0.000" timestamp="2019-06-15T00:50:16.574" activeThreads="4">
  <mem-info id="3682" free="49283072" total="89128960" percent="55">
    <mem type="eden" free="1046656" total="1048576" percent="99" />
    <remembered-set count="2048" freebytes="3549568" totalbytes="3557760" percent="99" regionsoverflowed="0" regionsstable="18" regionsrebuilding="0"/>
  </mem-info>
</gc-end>
<cycle-end id="3683" type="partial gc" contextid="3676" timestamp="2019-06-15T00:50:16.574" />
  <attribute name="elasticGC enabled" value="1" />
  <attribute name= "numThreadsSpecified" value="4" />
  <attribute name="heapSize specified" value="0" />
  <attribute name="Current GC Util" value="35" />
  <attribute name= "Current Time Running" value="22520" />
  <attribute name ="GC Interval" value="0" />
  <attribute name="ProportionalT" value="7.500000" />
  <attribute name="ProportionalI" value="7.500000" />
  <attribute name="ProportionalH" value="7.500000" />
  <attribute name="Current Error" value="15.000000" />
  <attribute name="IntegralT" value="15.000000" />
  <attribute name="IntegralI" value="15.000000" />
  <attribute name="IntegralH" value="15.000000" />
  <attribute name="DerivativeT" value="7.500000" />
  <attribute name="DerivativeI" value="7.500000" />
  <attribute name="DerivativeH" value="7.500000" />
  <attribute name="Loop Time for DT" value="1.000000" />
  <attribute name="Output H" value="8388608"/>
  <attribute name="Output I" value="200"/>
  <attribute name="Output T" value="4"/>
  <attribute name="Target GC Util Change" value ="20.000000" />
  <attribute name="Current GC Util Change" value="35.000000"/>
  <attribute name="GC Util currently" value="35" />
  <attribute name="CPU Util currently" value="8515810299682" />
<exclusive-end id="3684" timestamp="2019-06-15T00:50:16.574" durationms="3.645" />

<exclusive-start id="3685" timestamp="2019-06-15T00:50:16.578" intervalms="7.841">
  <response-info timems="0.075" idlems="0.075" threads="0" lastid="0000000001CEB700" lastname="main" />
</exclusive-start>
<allocation-taxation id="3686" taxation-threshold="13631488" timestamp="2019-06-15T00:50:16.578" intervalms="7.787" />
<cycle-start id="3687" type="global mark phase" contextid="0" timestamp="2019-06-15T00:50:16.579" intervalms="897.091" />
<gc-start id="3688" type="global mark phase" contextid="3687" timestamp="2019-06-15T00:50:16.579">
  <mem-info id="3689" free="35651584" total="89128960" percent="40">
    <remembered-set count="1600" freebytes="3551360" totalbytes="3557760" percent="99" regionsoverflowed="0" regionsstable="18" regionsrebuilding="0"/>
  </mem-info>
</gc-start>
<gc-op id="3690" type="mark increment" timems="0.708" contextid="3687" timestamp="2019-06-15T00:50:16.580">
  <trace-info objectcount="170" scancount="0" scanbytes="0" />
</gc-op>
<gc-end id="3691" type="global mark phase" contextid="3687" durationms="1.002" usertimems="0.000" systemtimems="0.000" timestamp="2019-06-15T00:50:16.580" activeThreads="4">
  <mem-info id="3692" free="35651584" total="89128960" percent="40">
    <remembered-set count="1600" freebytes="3551360" totalbytes="3557760" percent="99" regionsoverflowed="0" regionsstable="0" regionsrebuilding="18"/>
  </mem-info>
</gc-end>
<concurrent-start id="3693" type="GMP work packet processing" contextid="3687" timestamp="2019-06-15T00:50:16.580">
  <concurrent-mark-start scanTarget="1625158" />
</concurrent-start>
<exclusive-end id="3694" timestamp="2019-06-15T00:50:16.580" durationms="1.697" />

<concurrent-end id="3695" type="GMP work packet processing" contextid="3687" timestamp="2019-06-15T00:50:16.582">
  <concurrent-mark-end bytesScanned="1705580" reasonForTermination="Work target met" />
</concurrent-end>

<exclusive-start id="3696" timestamp="2019-06-15T00:50:16.586" intervalms="7.484">
  <response-info timems="0.071" idlems="0.071" threads="0" lastid="0000000001CEB700" lastname="main" />
</exclusive-start>
<allocation-taxation id="3697" taxation-threshold="13631488" timestamp="2019-06-15T00:50:16.586" intervalms="7.483" />
<cycle-start id="3698" type="partial gc" contextid="0" timestamp="2019-06-15T00:50:16.586" intervalms="15.165" />
<gc-start id="3699" type="partial gc" contextid="3698" timestamp="2019-06-15T00:50:16.586">
  <mem-info id="3700" free="22020096" total="89128960" percent="24">
    <mem type="eden" free="0" total="27262976" percent="0" />
    <remembered-set count="17216" freebytes="3488896" totalbytes="3557760" percent="98" regionsoverflowed="0" regionsstable="0" regionsrebuilding="18"/>
  </mem-info>
</gc-start>
<allocation-stats totalBytes="27215280" >
  <allocated-bytes non-tlh="0" tlh="27215280" arrayletleaf="0"/>
  <largest-consumer threadName="main" threadId="0000000001CEB700" bytes="13607256" />
</allocation-stats>
<gc-op id="3701" type="copy forward" timems="1.364" contextid="3698" timestamp="2019-06-15T00:50:16.588">
  <memory-copied type="eden" objects="3" bytes="72" bytesdiscarded="0" />
  <memory-copied type="other" objects="21" bytes="1200" bytesdiscarded="0" />
  <memory-cardclean objects="37" bytes="4400" />
  <regions eden="26" other="1" />
  <remembered-set-cleared processed="14937" cleared="48" durationms="0.131" />
  <stringconstants candidates="13269" cleared="0"  />
</gc-op>
<gc-op id="3702" type="classunload" timems="0.004" contextid="3698" timestamp="2019-06-15T00:50:16.588">
  <classunload-info classloadercandidates="53" classloadersunloaded="0" classesunloaded="0" anonymousclassesunloaded="0" quiescems="0.000" setupms="0.004" scanms="0.000" postms="0.000" />
</gc-op>
<heap-resize id="3703" type="expand" space="default" amount="13631488" count="1" timems="0.079" reason="excessive time being spent in gc" timestamp="2019-06-15T00:50:16.589" />
<gc-end id="3704" type="partial gc" contextid="3698" durationms="2.448" usertimems="4.000" systemtimems="0.000" timestamp="2019-06-15T00:50:16.589" activeThreads="4">
  <mem-info id="3705" free="61865984" total="102760448" percent="60">
    <mem type="eden" free="1048504" total="1048576" percent="99" />
    <remembered-set count="17536" freebytes="4031744" totalbytes="4101888" percent="98" regionsoverflowed="0" regionsstable="0" regionsrebuilding="18"/>
  </mem-info>
</gc-end>
<cycle-end id="3706" type="partial gc" contextid="3698" timestamp="2019-06-15T00:50:16.589" />
  <attribute name="elasticGC enabled" value="1" />
  <attribute name= "numThreadsSpecified" value="4" />
  <attribute name="heapSize specified" value="0" />
  <attribute name="Current GC Util" value="77" />
  <attribute name= "Current Time Running" value="22535" />
  <attribute name ="GC Interval" value="0" />
  <attribute name="ProportionalT" value="28.500000" />
  <attribute name="ProportionalI" value="28.500000" />
  <attribute name="ProportionalH" value="28.500000" />
  <attribute name="Current Error" value="57.000000" />
  <attribute name="IntegralT" value="57.000000" />
  <attribute name="IntegralI" value="57.000000" />
  <attribute name="IntegralH" value="57.000000" />
  <attribute name="DerivativeT" value="6.500000" />
  <attribute name="DerivativeI" value="6.500000" />
  <attribute name="DerivativeH" value="6.500000" />
  <attribute name="Loop Time for DT" value="1.000000" />
  <attribute name="Output H" value="8388608"/>
  <attribute name="Output I" value="200"/>
  <attribute name="Output T" value="4"/>
  <attribute name="Target GC Util Change" value ="20.000000" />
  <attribute name="Current GC Util Change" value="77.000000"/>
  <attribute name="GC Util currently" value="77" />
  <attribute name="CPU Util currently" value="19356661851134" />
<exclusive-end id="3707" timestamp="2019-06-15T00:50:16.589" durationms="3.339" />

<exclusive-start id="3708" timestamp="2019-06-15T00:50:16.594" intervalms="8.171">
  <response-info timems="0.077" idlems="0.077" threads="0" lastid="0000000001CEB700" lastname="main" />
</exclusive-start>
<allocation-taxation id="3709" taxation-threshold="15728640" timestamp="2019-06-15T00:50:16.594" intervalms="8.224" />
<gc-start id="3710" type="global mark phase" contextid="3687" timestamp="2019-06-15T00:50:16.594">
  <mem-info id="3711" free="46137344" total="102760448" percent="44">
    <remembered-set count="17120" freebytes="4033408" totalbytes="4101888" percent="98" regionsoverflowed="0" regionsstable="0" regionsrebuilding="18"/>
  </mem-info>
</gc-start>
<gc-end id="3712" type="global mark phase" contextid="3687" durationms="0.109" usertimems="0.000" systemtimems="0.000" timestamp="2019-06-15T00:50:16.594" activeThreads="4">
  <mem-info id="3713" free="46137344" total="102760448" percent="44">
    <remembered-set count="17120" freebytes="4033408" totalbytes="4101888" percent="98" regionsoverflowed="0" regionsstable="0" regionsrebuilding="18"/>
  </mem-info>
</gc-end>
<concurrent-start id="3714" type="GMP work packet processing" contextid="3687" timestamp="2019-06-15T00:50:16.595">
  <concurrent-mark-start scanTarget="1625158" />
</concurrent-start>
<exclusive-end id="3715" timestamp="2019-06-15T00:50:16.595" durationms="0.743" />

<concurrent-end id="3716" type="GMP work packet processing" contextid="3687" timestamp="2019-06-15T00:50:16.596">
  <concurrent-mark-end bytesScanned="1680532" reasonForTermination="Work target met" />
</concurrent-end>

<exclusive-start id="3717" timestamp="2019-06-15T00:50:16.601" intervalms="6.500">
  <response-info timems="0.056" idlems="0.056" threads="0" lastid="0000000001CEB700" lastname="main" />
</exclusive-start>
<allocation-taxation id="3718" taxation-threshold="15728640" timestamp="2019-06-15T00:50:16.601" intervalms="6.441" />
<cycle-start id="3719" type="partial gc" contextid="0" timestamp="2019-06-15T00:50:16.601" intervalms="14.661" />
<gc-start id="3720" type="partial gc" contextid="3719" timestamp="2019-06-15T00:50:16.601">
  <mem-info id="3721" free="30408704" total="102760448" percent="29">
    <mem type="eden" free="1048504" total="32505856" percent="3" />
    <remembered-set count="35936" freebytes="3958144" totalbytes="4101888" percent="96" regionsoverflowed="0" regionsstable="0" regionsrebuilding="18"/>
  </mem-info>
</gc-start>
<allocation-stats totalBytes="31402008" >
  <allocated-bytes non-tlh="0" tlh="31402008" arrayletleaf="0"/>
  <largest-consumer threadName="main" threadId="0000000001CEB700" bytes="15700608" />
</allocation-stats>
<gc-op id="3722" type="copy forward" timems="1.347" contextid="3719" timestamp="2019-06-15T00:50:16.603">
  <memory-copied type="eden" objects="2" bytes="40" bytesdiscarded="0" />
  <memory-copied type="other" objects="0" bytes="0" bytesdiscarded="0" />
  <memory-cardclean objects="13" bytes="448" />
  <regions eden="30" other="1" />
  <remembered-set-cleared processed="32904" cleared="9" durationms="0.324" />
  <stringconstants candidates="13269" cleared="0"  />
</gc-op>
<gc-op id="3723" type="classunload" timems="0.004" contextid="3719" timestamp="2019-06-15T00:50:16.603">
  <classunload-info classloadercandidates="53" classloadersunloaded="0" classesunloaded="0" anonymousclassesunloaded="0" quiescems="0.000" setupms="0.004" scanms="0.000" postms="0.000" />
</gc-op>
<gc-end id="3724" type="partial gc" contextid="3719" durationms="2.449" usertimems="4.000" systemtimems="0.000" timestamp="2019-06-15T00:50:16.603" activeThreads="1">
  <mem-info id="3725" free="61865984" total="102760448" percent="60">
    <mem type="eden" free="1048536" total="1048576" percent="99" />
    <remembered-set count="36416" freebytes="3956224" totalbytes="4101888" percent="96" regionsoverflowed="0" regionsstable="0" regionsrebuilding="18"/>
  </mem-info>
</gc-end>
<cycle-end id="3726" type="partial gc" contextid="3719" timestamp="2019-06-15T00:50:16.604" />
  <attribute name="elasticGC enabled" value="1" />
  <attribute name= "numThreadsSpecified" value="1" />
  <attribute name="heapSize specified" value="0" />
  <attribute name="Current GC Util" value="76" />
  <attribute name= "Current Time Running" value="22549" />
  <attribute name ="GC Interval" value="0" />
  <attribute name="ProportionalT" value="28.000000" />
  <attribute name="ProportionalI" value="28.000000" />
  <attribute name="ProportionalH" value="28.000000" />
  <attribute name="Current Error" value="56.000000" />
  <attribute name="IntegralT" value="0.000000" />
  <attribute name="IntegralI" value="0.000000" />
  <attribute name="IntegralH" value="0.000000" />
  <attribute name="DerivativeT" value="inf" />
  <attribute name="DerivativeI" value="inf" />
  <attribute name="DerivativeH" value="inf" />
  <attribute name="Loop Time for DT" value="0.000000" />
  <attribute name="Output H" value="8388608"/>
  <attribute name="Output I" value="200"/>
  <attribute name="Output T" value="1"/>
  <attribute name="Target GC Util Change" value ="20.000000" />
  <attribute name="Current GC Util Change" value="76.000000"/>
  <attribute name="GC Util currently" value="76" />
  <attribute name="CPU Util currently" value="18399714220587" />
<exclusive-end id="3727" timestamp="2019-06-15T00:50:16.604" durationms="3.321" />

<exclusive-start id="3728" timestamp="2019-06-15T00:50:16.609" intervalms="8.122">
  <response-info timems="0.073" idlems="0.073" threads="0" lastid="0000000001CEB700" lastname="main" />
</exclusive-start>
<allocation-taxation id="3729" taxation-threshold="15728640" timestamp="2019-06-15T00:50:16.609" intervalms="8.181" />
<gc-start id="3730" type="global mark phase" contextid="3687" timestamp="2019-06-15T00:50:16.609">
  <mem-info id="3731" free="46137344" total="102760448" percent="44">
    <remembered-set count="35936" freebytes="3958144" totalbytes="4101888" percent="96" regionsoverflowed="0" regionsstable="0" regionsrebuilding="18"/>
  </mem-info>
</gc-start>
<gc-end id="3732" type="global mark phase" contextid="3687" durationms="0.206" usertimems="0.000" systemtimems="0.000" timestamp="2019-06-15T00:50:16.609" activeThreads="1">
  <mem-info id="3733" free="46137344" total="102760448" percent="44">
    <remembered-set count="35936" freebytes="3958144" totalbytes="4101888" percent="96" regionsoverflowed="0" regionsstable="0" regionsrebuilding="18"/>
  </mem-info>
</gc-end>
<concurrent-start id="3734" type="GMP work packet processing" contextid="3687" timestamp="2019-06-15T00:50:16.609">
  <concurrent-mark-start scanTarget="1048576" />
</concurrent-start>
<exclusive-end id="3735" timestamp="2019-06-15T00:50:16.610" durationms="1.366" />

<concurrent-end id="3736" type="GMP work packet processing" contextid="3687" timestamp="2019-06-15T00:50:16.610">
  <concurrent-mark-end bytesScanned="1090736" reasonForTermination="Work target met" />
</concurrent-end>

<exclusive-start id="3737" timestamp="2019-06-15T00:50:16.615" intervalms="6.179">
  <response-info timems="0.075" idlems="0.075" threads="0" lastid="0000000001CEB700" lastname="main" />
</exclusive-start>
<allocation-taxation id="3738" taxation-threshold="15728640" timestamp="2019-06-15T00:50:16.615" intervalms="6.126" />
<cycle-start id="3739" type="partial gc" contextid="0" timestamp="2019-06-15T00:50:16.615" intervalms="14.314" />
<gc-start id="3740" type="partial gc" contextid="3739" timestamp="2019-06-15T00:50:16.615">
  <mem-info id="3741" free="30408704" total="102760448" percent="29">
    <mem type="eden" free="1048536" total="32505856" percent="3" />
    <remembered-set count="44896" freebytes="3922304" totalbytes="4101888" percent="95" regionsoverflowed="0" regionsstable="0" regionsrebuilding="18"/>
  </mem-info>
</gc-start>
<allocation-stats totalBytes="31401880" >
  <allocated-bytes non-tlh="0" tlh="31401880" arrayletleaf="0"/>
  <largest-consumer threadName="main" threadId="0000000001CEB700" bytes="15700608" />
</allocation-stats>
<gc-op id="3742" type="copy forward" timems="1.336" contextid="3739" timestamp="2019-06-15T00:50:16.617">
  <memory-copied type="eden" objects="2" bytes="40" bytesdiscarded="0" />
  <memory-copied type="other" objects="0" bytes="0" bytesdiscarded="0" />
  <memory-cardclean objects="13" bytes="448" />
  <regions eden="30" other="1" />
  <remembered-set-cleared processed="41745" cleared="7" durationms="0.366" />
  <stringconstants candidates="13269" cleared="0"  />
</gc-op>
<gc-op id="3743" type="classunload" timems="0.003" contextid="3739" timestamp="2019-06-15T00:50:16.618">
  <classunload-info classloadercandidates="53" classloadersunloaded="0" classesunloaded="0" anonymousclassesunloaded="0" quiescems="0.000" setupms="0.003" scanms="0.000" postms="0.000" />
</gc-op>
<gc-end id="3744" type="partial gc" contextid="3739" durationms="2.559" usertimems="4.000" systemtimems="0.000" timestamp="2019-06-15T00:50:16.618" activeThreads="1">
  <mem-info id="3745" free="61865984" total="102760448" percent="60">
    <mem type="eden" free="1048536" total="1048576" percent="99" />
    <remembered-set count="45376" freebytes="3920384" totalbytes="4101888" percent="95" regionsoverflowed="0" regionsstable="0" regionsrebuilding="18"/>
  </mem-info>
</gc-end>
<cycle-end id="3746" type="partial gc" contextid="3739" timestamp="2019-06-15T00:50:16.618" />
  <attribute name="elasticGC enabled" value="1" />
  <attribute name= "numThreadsSpecified" value="1" />
  <attribute name="heapSize specified" value="0" />
  <attribute name="Current GC Util" value="75" />
  <attribute name= "Current Time Running" value="22564" />
  <attribute name ="GC Interval" value="0" />
  <attribute name="ProportionalT" value="27.500000" />
  <attribute name="ProportionalI" value="27.500000" />
  <attribute name="ProportionalH" value="27.500000" />
  <attribute name="Current Error" value="55.000000" />
  <attribute name="IntegralT" value="0.000000" />
  <attribute name="IntegralI" value="0.000000" />
  <attribute name="IntegralH" value="0.000000" />
  <attribute name="DerivativeT" value="inf" />
  <attribute name="DerivativeI" value="inf" />
  <attribute name="DerivativeH" value="inf" />
  <attribute name="Loop Time for DT" value="0.000000" />
  <attribute name="Output H" value="8388608"/>
  <attribute name="Output I" value="200"/>
  <attribute name="Output T" value="1"/>
  <attribute name="Target GC Util Change" value ="20.000000" />
  <attribute name="Current GC Util Change" value="75.000000"/>
  <attribute name="GC Util currently" value="75" />
  <attribute name="CPU Util currently" value="18188467649111" />
<exclusive-end id="3747" timestamp="2019-06-15T00:50:16.618" durationms="3.440" />

<exclusive-start id="3748" timestamp="2019-06-15T00:50:16.623" intervalms="8.221">
  <response-info timems="0.068" idlems="0.068" threads="0" lastid="0000000001CEB700" lastname="main" />
</exclusive-start>
<allocation-taxation id="3749" taxation-threshold="15728640" timestamp="2019-06-15T00:50:16.623" intervalms="8.256" />
<gc-start id="3750" type="global mark phase" contextid="3687" timestamp="2019-06-15T00:50:16.623">
  <mem-info id="3751" free="46137344" total="102760448" percent="44">
    <remembered-set count="44896" freebytes="3922304" totalbytes="4101888" percent="95" regionsoverflowed="0" regionsstable="0" regionsrebuilding="18"/>
  </mem-info>
</gc-start>
<gc-end id="3752" type="global mark phase" contextid="3687" durationms="0.177" usertimems="0.000" systemtimems="0.000" timestamp="2019-06-15T00:50:16.624" activeThreads="1">
  <mem-info id="3753" free="46137344" total="102760448" percent="44">
    <remembered-set count="44896" freebytes="3922304" totalbytes="4101888" percent="95" regionsoverflowed="0" regionsstable="0" regionsrebuilding="18"/>
  </mem-info>
</gc-end>
<concurrent-start id="3754" type="GMP work packet processing" contextid="3687" timestamp="2019-06-15T00:50:16.624">
  <concurrent-mark-start scanTarget="1048576" />
</concurrent-start>
<concurrent-end id="3755" type="GMP work packet processing" contextid="3687" timestamp="2019-06-15T00:50:16.625">
  <concurrent-mark-end bytesScanned="1101580" reasonForTermination="Work target met" />
</concurrent-end>

<exclusive-end id="3756" timestamp="2019-06-15T00:50:16.625" durationms="1.478" />

<exclusive-start id="3757" timestamp="2019-06-15T00:50:16.629" intervalms="6.288">
  <response-info timems="0.061" idlems="0.061" threads="0" lastid="0000000001CEB700" lastname="main" />
</exclusive-start>
<allocation-taxation id="3758" taxation-threshold="15728640" timestamp="2019-06-15T00:50:16.629" intervalms="6.246" />
<cycle-start id="3759" type="partial gc" contextid="0" timestamp="2019-06-15T00:50:16.630" intervalms="14.492" />
<gc-start id="3760" type="partial gc" contextid="3759" timestamp="2019-06-15T00:50:16.630">
  <mem-info id="3761" free="30408704" total="102760448" percent="29">
    <mem type="eden" free="1048536" total="32505856" percent="3" />
    <remembered-set count="56256" freebytes="3876864" totalbytes="4101888" percent="94" regionsoverflowed="0" regionsstable="0" regionsrebuilding="18"/>
  </mem-info>
</gc-start>
<allocation-stats totalBytes="31401216" >
  <allocated-bytes non-tlh="0" tlh="31401216" arrayletleaf="0"/>
  <largest-consumer threadName="main" threadId="0000000001CEB700" bytes="15700608" />
</allocation-stats>
<gc-op id="3762" type="copy forward" timems="1.421" contextid="3759" timestamp="2019-06-15T00:50:16.632">
  <memory-copied type="eden" objects="2" bytes="40" bytesdiscarded="0" />
  <memory-copied type="other" objects="0" bytes="0" bytesdiscarded="0" />
  <memory-cardclean objects="13" bytes="448" />
  <regions eden="30" other="1" />
  <remembered-set-cleared processed="53607" cleared="7" durationms="0.419" />
  <stringconstants candidates="13269" cleared="0"  />
</gc-op>
<gc-op id="3763" type="classunload" timems="0.003" contextid="3759" timestamp="2019-06-15T00:50:16.632">
  <classunload-info classloadercandidates="53" classloadersunloaded="0" classesunloaded="0" anonymousclassesunloaded="0" quiescems="0.000" setupms="0.003" scanms="0.000" postms="0.000" />
</gc-op>
<gc-end id="3764" type="partial gc" contextid="3759" durationms="2.532" usertimems="0.000" systemtimems="0.000" timestamp="2019-06-15T00:50:16.632" activeThreads="1">
  <mem-info id="3765" free="61865984" total="102760448" percent="60">
    <mem type="eden" free="1048536" total="1048576" percent="99" />
    <remembered-set count="56736" freebytes="3874944" totalbytes="4101888" percent="94" regionsoverflowed="0" regionsstable="0" regionsrebuilding="18"/>
  </mem-info>
</gc-end>
<cycle-end id="3766" type="partial gc" contextid="3759" timestamp="2019-06-15T00:50:16.632" />
  <attribute name="elasticGC enabled" value="1" />
  <attribute name= "numThreadsSpecified" value="1" />
  <attribute name="heapSize specified" value="0" />
  <attribute name="Current GC Util" value="46" />
  <attribute name= "Current Time Running" value="22578" />
  <attribute name ="GC Interval" value="0" />
  <attribute name="ProportionalT" value="13.000000" />
  <attribute name="ProportionalI" value="13.000000" />
  <attribute name="ProportionalH" value="13.000000" />
  <attribute name="Current Error" value="26.000000" />
  <attribute name="IntegralT" value="0.000000" />
  <attribute name="IntegralI" value="0.000000" />
  <attribute name="IntegralH" value="0.000000" />
  <attribute name="DerivativeT" value="inf" />
  <attribute name="DerivativeI" value="inf" />
  <attribute name="DerivativeH" value="inf" />
  <attribute name="Loop Time for DT" value="0.000000" />
  <attribute name="Output H" value="8388608"/>
  <attribute name="Output I" value="200"/>
  <attribute name="Output T" value="1"/>
  <attribute name="Target GC Util Change" value ="20.000000" />
  <attribute name="Current GC Util Change" value="46.000000"/>
  <attribute name="GC Util currently" value="46" />
  <attribute name="CPU Util currently" value="17518541487161" />
<exclusive-end id="3767" timestamp="2019-06-15T00:50:16.633" durationms="3.396" />

<exclusive-start id="3768" timestamp="2019-06-15T00:50:16.638" intervalms="8.215">
  <response-info timems="0.073" idlems="0.073" threads="0" lastid="0000000001CEB700" lastname="main" />
</exclusive-start>
<allocation-taxation id="3769" taxation-threshold="15728640" timestamp="2019-06-15T00:50:16.638" intervalms="8.251" />
<gc-start id="3770" type="global mark phase" contextid="3687" timestamp="2019-06-15T00:50:16.638">
  <mem-info id="3771" free="46137344" total="102760448" percent="44">
    <remembered-set count="56256" freebytes="3876864" totalbytes="4101888" percent="94" regionsoverflowed="0" regionsstable="0" regionsrebuilding="18"/>
  </mem-info>
</gc-start>
<gc-end id="3772" type="global mark phase" contextid="3687" durationms="0.209" usertimems="0.000" systemtimems="0.000" timestamp="2019-06-15T00:50:16.638" activeThreads="1">
  <mem-info id="3773" free="46137344" total="102760448" percent="44">
    <remembered-set count="56256" freebytes="3876864" totalbytes="4101888" percent="94" regionsoverflowed="0" regionsstable="0" regionsrebuilding="18"/>
  </mem-info>
</gc-end>
<concurrent-start id="3774" type="GMP work packet processing" contextid="3687" timestamp="2019-06-15T00:50:16.638">
  <concurrent-mark-start scanTarget="1048576" />
</concurrent-start>
<exclusive-end id="3775" timestamp="2019-06-15T00:50:16.639" durationms="1.288" />

<concurrent-end id="3776" type="GMP work packet processing" contextid="3687" timestamp="2019-06-15T00:50:16.639">
  <concurrent-mark-end bytesScanned="1109272" reasonForTermination="Work target met" />
</concurrent-end>

<exclusive-start id="3777" timestamp="2019-06-15T00:50:16.644" intervalms="6.064">
  <response-info timems="0.059" idlems="0.059" threads="0" lastid="0000000001CEB700" lastname="main" />
</exclusive-start>
<allocation-taxation id="3778" taxation-threshold="15728640" timestamp="2019-06-15T00:50:16.644" intervalms="6.032" />
<cycle-start id="3779" type="partial gc" contextid="0" timestamp="2019-06-15T00:50:16.644" intervalms="14.287" />
<gc-start id="3780" type="partial gc" contextid="3779" timestamp="2019-06-15T00:50:16.644">
  <mem-info id="3781" free="30408704" total="102760448" percent="29">
    <mem type="eden" free="1048536" total="32505856" percent="3" />
    <remembered-set count="64800" freebytes="3842688" totalbytes="4101888" percent="93" regionsoverflowed="0" regionsstable="0" regionsrebuilding="18"/>
  </mem-info>
</gc-start>
<allocation-stats totalBytes="31401216" >
  <allocated-bytes non-tlh="0" tlh="31401216" arrayletleaf="0"/>
  <largest-consumer threadName="main" threadId="0000000001CEB700" bytes="15700608" />
</allocation-stats>
<gc-op id="3782" type="copy forward" timems="1.695" contextid="3779" timestamp="2019-06-15T00:50:16.647">
  <memory-copied type="eden" objects="2" bytes="40" bytesdiscarded="0" />
  <memory-copied type="other" objects="0" bytes="0" bytesdiscarded="0" />
  <memory-cardclean objects="13" bytes="448" />
  <regions eden="30" other="1" />
  <remembered-set-cleared processed="61514" cleared="7" durationms="0.289" />
  <stringconstants candidates="13269" cleared="0"  />
</gc-op>
<gc-op id="3783" type="classunload" timems="0.004" contextid="3779" timestamp="2019-06-15T00:50:16.647">
  <classunload-info classloadercandidates="53" classloadersunloaded="0" classesunloaded="0" anonymousclassesunloaded="0" quiescems="0.000" setupms="0.004" scanms="0.000" postms="0.000" />
</gc-op>
<gc-end id="3784" type="partial gc" contextid="3779" durationms="2.808" usertimems="4.000" systemtimems="0.000" timestamp="2019-06-15T00:50:16.647" activeThreads="4">
  <mem-info id="3785" free="61865984" total="102760448" percent="60">
    <mem type="eden" free="1048536" total="1048576" percent="99" />
    <remembered-set count="64192" freebytes="3845120" totalbytes="4101888" percent="93" regionsoverflowed="0" regionsstable="0" regionsrebuilding="18"/>
  </mem-info>
</gc-end>
<cycle-end id="3786" type="partial gc" contextid="3779" timestamp="2019-06-15T00:50:16.647" />
  <attribute name="elasticGC enabled" value="1" />
  <attribute name= "numThreadsSpecified" value="4" />
  <attribute name="heapSize specified" value="0" />
  <attribute name="Current GC Util" value="78" />
  <attribute name= "Current Time Running" value="22593" />
  <attribute name ="GC Interval" value="0" />
  <attribute name="ProportionalT" value="29.000000" />
  <attribute name="ProportionalI" value="29.000000" />
  <attribute name="ProportionalH" value="29.000000" />
  <attribute name="Current Error" value="58.000000" />
  <attribute name="IntegralT" value="58.000000" />
  <attribute name="IntegralI" value="58.000000" />
  <attribute name="IntegralH" value="58.000000" />
  <attribute name="DerivativeT" value="26.500000" />
  <attribute name="DerivativeI" value="26.500000" />
  <attribute name="DerivativeH" value="26.500000" />
  <attribute name="Loop Time for DT" value="1.000000" />
  <attribute name="Output H" value="8388608"/>
  <attribute name="Output I" value="200"/>
  <attribute name="Output T" value="4"/>
  <attribute name="Target GC Util Change" value ="20.000000" />
  <attribute name="Current GC Util Change" value="78.000000"/>
  <attribute name="GC Util currently" value="78" />
  <attribute name="CPU Util currently" value="19769310780087" />
<exclusive-end id="3787" timestamp="2019-06-15T00:50:16.647" durationms="3.626" />

<exclusive-start id="3788" timestamp="2019-06-15T00:50:16.652" intervalms="8.362">
  <response-info timems="0.075" idlems="0.075" threads="0" lastid="0000000001CEB700" lastname="main" />
</exclusive-start>
<allocation-taxation id="3789" taxation-threshold="15728640" timestamp="2019-06-15T00:50:16.652" intervalms="8.432" />
<gc-start id="3790" type="global mark phase" contextid="3687" timestamp="2019-06-15T00:50:16.652">
  <mem-info id="3791" free="46137344" total="102760448" percent="44">
    <remembered-set count="64192" freebytes="3845120" totalbytes="4101888" percent="93" regionsoverflowed="0" regionsstable="0" regionsrebuilding="18"/>
  </mem-info>
</gc-start>
<gc-end id="3792" type="global mark phase" contextid="3687" durationms="0.204" usertimems="0.000" systemtimems="0.000" timestamp="2019-06-15T00:50:16.653" activeThreads="4">
  <mem-info id="3793" free="46137344" total="102760448" percent="44">
    <remembered-set count="64192" freebytes="3845120" totalbytes="4101888" percent="93" regionsoverflowed="0" regionsstable="0" regionsrebuilding="18"/>
  </mem-info>
</gc-end>
<concurrent-start id="3794" type="GMP work packet processing" contextid="3687" timestamp="2019-06-15T00:50:16.653">
  <concurrent-mark-start scanTarget="1625158" />
</concurrent-start>
<exclusive-end id="3795" timestamp="2019-06-15T00:50:16.654" durationms="1.819" />

<concurrent-end id="3796" type="GMP work packet processing" contextid="3687" timestamp="2019-06-15T00:50:16.654">
  <concurrent-mark-end bytesScanned="1672200" reasonForTermination="Work target met" />
</concurrent-end>

<exclusive-start id="3797" timestamp="2019-06-15T00:50:16.659" intervalms="6.604">
  <response-info timems="0.080" idlems="0.080" threads="0" lastid="0000000001CEB700" lastname="main" />
</exclusive-start>
<allocation-taxation id="3798" taxation-threshold="15728640" timestamp="2019-06-15T00:50:16.659" intervalms="6.532" />
<cycle-start id="3799" type="partial gc" contextid="0" timestamp="2019-06-15T00:50:16.659" intervalms="14.972" />
<gc-start id="3800" type="partial gc" contextid="3799" timestamp="2019-06-15T00:50:16.659">
  <mem-info id="3801" free="30408704" total="102760448" percent="29">
    <mem type="eden" free="1048536" total="32505856" percent="3" />
    <remembered-set count="86016" freebytes="3757824" totalbytes="4101888" percent="91" regionsoverflowed="0" regionsstable="0" regionsrebuilding="18"/>
  </mem-info>
</gc-start>
<allocation-stats totalBytes="31401216" >
  <allocated-bytes non-tlh="0" tlh="31401216" arrayletleaf="0"/>
  <largest-consumer threadName="main" threadId="0000000001CEB700" bytes="15700608" />
</allocation-stats>
<gc-op id="3802" type="copy forward" timems="1.547" contextid="3799" timestamp="2019-06-15T00:50:16.661">
  <memory-copied type="eden" objects="2" bytes="40" bytesdiscarded="0" />
  <memory-copied type="other" objects="0" bytes="0" bytesdiscarded="0" />
  <memory-cardclean objects="13" bytes="448" />
  <regions eden="30" other="1" />
  <remembered-set-cleared processed="82695" cleared="7" durationms="0.569" />
  <stringconstants candidates="13269" cleared="0"  />
</gc-op>
<gc-op id="3803" type="classunload" timems="0.003" contextid="3799" timestamp="2019-06-15T00:50:16.661">
  <classunload-info classloadercandidates="53" classloadersunloaded="0" classesunloaded="0" anonymousclassesunloaded="0" quiescems="0.000" setupms="0.003" scanms="0.000" postms="0.000" />
</gc-op>
<gc-end id="3804" type="partial gc" contextid="3799" durationms="2.583" usertimems="0.000" systemtimems="0.000" timestamp="2019-06-15T00:50:16.662" activeThreads="1">
  <mem-info id="3805" free="61865984" total="102760448" percent="60">
    <mem type="eden" free="1048536" total="1048576" percent="99" />
    <remembered-set count="86496" freebytes="3755904" totalbytes="4101888" percent="91" regionsoverflowed="0" regionsstable="0" regionsrebuilding="18"/>
  </mem-info>
</gc-end>
<cycle-end id="3806" type="partial gc" contextid="3799" timestamp="2019-06-15T00:50:16.662" />
  <attribute name="elasticGC enabled" value="1" />
  <attribute name= "numThreadsSpecified" value="1" />
  <attribute name="heapSize specified" value="0" />
  <attribute name="Current GC Util" value="76" />
  <attribute name= "Current Time Running" value="22607" />
  <attribute name ="GC Interval" value="0" />
  <attribute name="ProportionalT" value="28.000000" />
  <attribute name="ProportionalI" value="28.000000" />
  <attribute name="ProportionalH" value="28.000000" />
  <attribute name="Current Error" value="56.000000" />
  <attribute name="IntegralT" value="0.000000" />
  <attribute name="IntegralI" value="0.000000" />
  <attribute name="IntegralH" value="0.000000" />
  <attribute name="DerivativeT" value="inf" />
  <attribute name="DerivativeI" value="inf" />
  <attribute name="DerivativeH" value="inf" />
  <attribute name="Loop Time for DT" value="0.000000" />
  <attribute name="Output H" value="8388608"/>
  <attribute name="Output I" value="200"/>
  <attribute name="Output T" value="1"/>
  <attribute name="Target GC Util Change" value ="20.000000" />
  <attribute name="Current GC Util Change" value="76.000000"/>
  <attribute name="GC Util currently" value="76" />
  <attribute name="CPU Util currently" value="19735470085838" />
<exclusive-end id="3807" timestamp="2019-06-15T00:50:16.662" durationms="3.349" />

<exclusive-start id="3808" timestamp="2019-06-15T00:50:16.678" intervalms="18.922">
  <response-info timems="0.078" idlems="0.078" threads="0" lastid="0000000001CEB700" lastname="main" />
</exclusive-start>
<allocation-taxation id="3809" taxation-threshold="15728640" timestamp="2019-06-15T00:50:16.678" intervalms="18.998" />
<gc-start id="3810" type="global mark phase" contextid="3687" timestamp="2019-06-15T00:50:16.678">
  <mem-info id="3811" free="46137344" total="102760448" percent="44">
    <remembered-set count="86016" freebytes="3757824" totalbytes="4101888" percent="91" regionsoverflowed="0" regionsstable="0" regionsrebuilding="18"/>
  </mem-info>
</gc-start>
<gc-end id="3812" type="global mark phase" contextid="3687" durationms="0.129" usertimems="0.000" systemtimems="0.000" timestamp="2019-06-15T00:50:16.678" activeThreads="1">
  <mem-info id="3813" free="46137344" total="102760448" percent="44">
    <remembered-set count="86016" freebytes="3757824" totalbytes="4101888" percent="91" regionsoverflowed="0" regionsstable="0" regionsrebuilding="18"/>
  </mem-info>
</gc-end>
<concurrent-start id="3814" type="GMP work packet processing" contextid="3687" timestamp="2019-06-15T00:50:16.678">
  <concurrent-mark-start scanTarget="1048576" />
</concurrent-start>
<exclusive-end id="3815" timestamp="2019-06-15T00:50:16.678" durationms="0.716" />

<concurrent-end id="3816" type="GMP work packet processing" contextid="3687" timestamp="2019-06-15T00:50:16.679">
  <concurrent-mark-end bytesScanned="1119792" reasonForTermination="Work target met" />
</concurrent-end>

<exclusive-start id="3817" timestamp="2019-06-15T00:50:16.702" intervalms="24.678">
  <response-info timems="0.073" idlems="0.073" threads="0" lastid="0000000001CEB700" lastname="main" />
</exclusive-start>
<allocation-taxation id="3818" taxation-threshold="15728640" timestamp="2019-06-15T00:50:16.702" intervalms="24.604" />
<cycle-start id="3819" type="partial gc" contextid="0" timestamp="2019-06-15T00:50:16.702" intervalms="43.566" />
<gc-start id="3820" type="partial gc" contextid="3819" timestamp="2019-06-15T00:50:16.703">
  <mem-info id="3821" free="30408704" total="102760448" percent="29">
    <mem type="eden" free="1048536" total="32505856" percent="3" />
    <remembered-set count="96416" freebytes="3716224" totalbytes="4101888" percent="90" regionsoverflowed="0" regionsstable="0" regionsrebuilding="18"/>
  </mem-info>
</gc-start>
<allocation-stats totalBytes="31420888" >
  <allocated-bytes non-tlh="0" tlh="31420888" arrayletleaf="0"/>
  <largest-consumer threadName="main" threadId="0000000001CEB700" bytes="15712560" />
</allocation-stats>
<gc-op id="3822" type="copy forward" timems="1.739" contextid="3819" timestamp="2019-06-15T00:50:16.705">
  <memory-copied type="eden" objects="39" bytes="1544" bytesdiscarded="0" />
  <memory-copied type="other" objects="0" bytes="0" bytesdiscarded="0" />
  <memory-cardclean objects="94" bytes="2768" />
  <regions eden="30" other="1" />
  <remembered-set-cleared processed="93847" cleared="49" durationms="0.700" />
  <stringconstants candidates="13269" cleared="0"  />
</gc-op>
<gc-op id="3823" type="classunload" timems="0.004" contextid="3819" timestamp="2019-06-15T00:50:16.705">
  <classunload-info classloadercandidates="53" classloadersunloaded="0" classesunloaded="0" anonymousclassesunloaded="0" quiescems="0.000" setupms="0.004" scanms="0.000" postms="0.000" />
</gc-op>
<gc-end id="3824" type="partial gc" contextid="3819" durationms="2.869" usertimems="0.000" systemtimems="0.000" timestamp="2019-06-15T00:50:16.705" activeThreads="1">
  <mem-info id="3825" free="61865984" total="102760448" percent="60">
    <mem type="eden" free="1047032" total="1048576" percent="99" />
    <remembered-set count="96800" freebytes="3714688" totalbytes="4101888" percent="90" regionsoverflowed="0" regionsstable="0" regionsrebuilding="18"/>
  </mem-info>
</gc-end>
<cycle-end id="3826" type="partial gc" contextid="3819" timestamp="2019-06-15T00:50:16.706" />
  <attribute name="elasticGC enabled" value="1" />
  <attribute name= "numThreadsSpecified" value="1" />
  <attribute name="heapSize specified" value="0" />
  <attribute name="Current GC Util" value="47" />
  <attribute name= "Current Time Running" value="22651" />
  <attribute name ="GC Interval" value="0" />
  <attribute name="ProportionalT" value="13.500000" />
  <attribute name="ProportionalI" value="13.500000" />
  <attribute name="ProportionalH" value="13.500000" />
  <attribute name="Current Error" value="27.000000" />
  <attribute name="IntegralT" value="0.000000" />
  <attribute name="IntegralI" value="0.000000" />
  <attribute name="IntegralH" value="0.000000" />
  <attribute name="DerivativeT" value="inf" />
  <attribute name="DerivativeI" value="inf" />
  <attribute name="DerivativeH" value="inf" />
  <attribute name="Loop Time for DT" value="0.000000" />
  <attribute name="Output H" value="8388608"/>
  <attribute name="Output I" value="200"/>
  <attribute name="Output T" value="1"/>
  <attribute name="Target GC Util Change" value ="20.000000" />
  <attribute name="Current GC Util Change" value="47.000000"/>
  <attribute name="GC Util currently" value="47" />
  <attribute name="CPU Util currently" value="17104771903351" />
<exclusive-end id="3827" timestamp="2019-06-15T00:50:16.706" durationms="3.584" />

<exclusive-start id="3828" timestamp="2019-06-15T00:50:16.729" intervalms="26.971">
  <response-info timems="0.074" idlems="0.074" threads="0" lastid="0000000001CEB700" lastname="main" />
</exclusive-start>
<allocation-taxation id="3829" taxation-threshold="15728640" timestamp="2019-06-15T00:50:16.729" intervalms="27.045" />
<gc-start id="3830" type="global mark phase" contextid="3687" timestamp="2019-06-15T00:50:16.729">
  <mem-info id="3831" free="46137344" total="102760448" percent="44">
    <remembered-set count="96352" freebytes="3716480" totalbytes="4101888" percent="90" regionsoverflowed="0" regionsstable="0" regionsrebuilding="18"/>
  </mem-info>
</gc-start>
<gc-end id="3832" type="global mark phase" contextid="3687" durationms="0.140" usertimems="0.000" systemtimems="0.000" timestamp="2019-06-15T00:50:16.730" activeThreads="1">
  <mem-info id="3833" free="46137344" total="102760448" percent="44">
    <remembered-set count="96352" freebytes="3716480" totalbytes="4101888" percent="90" regionsoverflowed="0" regionsstable="0" regionsrebuilding="18"/>
  </mem-info>
</gc-end>
<concurrent-start id="3834" type="GMP work packet processing" contextid="3687" timestamp="2019-06-15T00:50:16.730">
  <concurrent-mark-start scanTarget="1048576" />
</concurrent-start>
<exclusive-end id="3835" timestamp="2019-06-15T00:50:16.731" durationms="0.742" />

<concurrent-end id="3836" type="GMP work packet processing" contextid="3687" timestamp="2019-06-15T00:50:16.731">
  <concurrent-mark-end bytesScanned="1102180" reasonForTermination="Work target met" />
</concurrent-end>

<exclusive-start id="3837" timestamp="2019-06-15T00:50:16.752" intervalms="22.586">
  <response-info timems="0.075" idlems="0.075" threads="0" lastid="0000000001CEB700" lastname="main" />
</exclusive-start>
<allocation-taxation id="3838" taxation-threshold="15728640" timestamp="2019-06-15T00:50:16.752" intervalms="22.516" />
<cycle-start id="3839" type="partial gc" contextid="0" timestamp="2019-06-15T00:50:16.752" intervalms="49.600" />
<gc-start id="3840" type="partial gc" contextid="3839" timestamp="2019-06-15T00:50:16.752">
  <mem-info id="3841" free="30408704" total="102760448" percent="29">
    <mem type="eden" free="0" total="31457280" percent="0" />
    <remembered-set count="114080" freebytes="3645568" totalbytes="4101888" percent="88" regionsoverflowed="0" regionsstable="0" regionsrebuilding="18"/>
  </mem-info>
</gc-start>
<allocation-stats totalBytes="31425128" >
  <allocated-bytes non-tlh="0" tlh="31425128" arrayletleaf="0"/>
  <largest-consumer threadName="main" threadId="0000000001CEB700" bytes="15713424" />
</allocation-stats>
<gc-op id="3842" type="copy forward" timems="2.148" contextid="3839" timestamp="2019-06-15T00:50:16.755">
  <memory-copied type="eden" objects="28" bytes="1304" bytesdiscarded="0" />
  <memory-copied type="other" objects="1352" bytes="97976" bytesdiscarded="240" />
  <memory-cardclean objects="239" bytes="20648" />
  <regions eden="30" other="2" />
  <remembered-set-cleared processed="110797" cleared="328" durationms="0.794" />
  <references type="soft" candidates="16" cleared="0" enqueued="0" dynamicThreshold="14" maxThreshold="32" />
  <references type="weak" candidates="52" cleared="0" enqueued="0" />
  <stringconstants candidates="13269" cleared="0"  />
</gc-op>
<gc-op id="3843" type="classunload" timems="0.003" contextid="3839" timestamp="2019-06-15T00:50:16.755">
  <classunload-info classloadercandidates="53" classloadersunloaded="0" classesunloaded="0" anonymousclassesunloaded="0" quiescems="0.000" setupms="0.003" scanms="0.000" postms="0.000" />
</gc-op>
<gc-end id="3844" type="partial gc" contextid="3839" durationms="3.417" usertimems="4.000" systemtimems="0.000" timestamp="2019-06-15T00:50:16.756" activeThreads="1">
  <mem-info id="3845" free="61865984" total="102760448" percent="60">
    <mem type="eden" free="1047272" total="1048576" percent="99" />
    <remembered-set count="114144" freebytes="3645312" totalbytes="4101888" percent="88" regionsoverflowed="0" regionsstable="0" regionsrebuilding="18"/>
  </mem-info>
</gc-end>
<cycle-end id="3846" type="partial gc" contextid="3839" timestamp="2019-06-15T00:50:16.756" />
  <attribute name="elasticGC enabled" value="1" />
  <attribute name= "numThreadsSpecified" value="1" />
  <attribute name="heapSize specified" value="0" />
  <attribute name="Current GC Util" value="75" />
  <attribute name= "Current Time Running" value="22701" />
  <attribute name ="GC Interval" value="0" />
  <attribute name="ProportionalT" value="27.500000" />
  <attribute name="ProportionalI" value="27.500000" />
  <attribute name="ProportionalH" value="27.500000" />
  <attribute name="Current Error" value="55.000000" />
  <attribute name="IntegralT" value="0.000000" />
  <attribute name="IntegralI" value="0.000000" />
  <attribute name="IntegralH" value="0.000000" />
  <attribute name="DerivativeT" value="inf" />
  <attribute name="DerivativeI" value="inf" />
  <attribute name="DerivativeH" value="inf" />
  <attribute name="Loop Time for DT" value="0.000000" />
  <attribute name="Output H" value="8388608"/>
  <attribute name="Output I" value="200"/>
  <attribute name="Output T" value="1"/>
  <attribute name="Target GC Util Change" value ="20.000000" />
  <attribute name="Current GC Util Change" value="75.000000"/>
  <attribute name="GC Util currently" value="75" />
  <attribute name="CPU Util currently" value="18219726100111" />
<exclusive-end id="3847" timestamp="2019-06-15T00:50:16.756" durationms="4.311" />

<exclusive-start id="3848" timestamp="2019-06-15T00:50:16.762" intervalms="10.542">
  <response-info timems="0.075" idlems="0.075" threads="0" lastid="0000000001CEB700" lastname="main" />
</exclusive-start>
<allocation-taxation id="3849" taxation-threshold="15728640" timestamp="2019-06-15T00:50:16.762" intervalms="10.543" />
<gc-start id="3850" type="global mark phase" contextid="3687" timestamp="2019-06-15T00:50:16.762">
  <mem-info id="3851" free="46137344" total="102760448" percent="44">
    <remembered-set count="113920" freebytes="3646208" totalbytes="4101888" percent="88" regionsoverflowed="0" regionsstable="0" regionsrebuilding="18"/>
  </mem-info>
</gc-start>
<gc-end id="3852" type="global mark phase" contextid="3687" durationms="0.215" usertimems="0.000" systemtimems="0.000" timestamp="2019-06-15T00:50:16.763" activeThreads="1">
  <mem-info id="3853" free="46137344" total="102760448" percent="44">
    <remembered-set count="113920" freebytes="3646208" totalbytes="4101888" percent="88" regionsoverflowed="0" regionsstable="0" regionsrebuilding="18"/>
  </mem-info>
</gc-end>
<concurrent-start id="3854" type="GMP work packet processing" contextid="3687" timestamp="2019-06-15T00:50:16.763">
  <concurrent-mark-start scanTarget="1048576" />
</concurrent-start>
<exclusive-end id="3855" timestamp="2019-06-15T00:50:16.764" durationms="1.234" />

<concurrent-end id="3856" type="GMP work packet processing" contextid="3687" timestamp="2019-06-15T00:50:16.764">
  <concurrent-mark-end bytesScanned="1089580" reasonForTermination="Work target met" />
</concurrent-end>

<exclusive-start id="3857" timestamp="2019-06-15T00:50:16.770" intervalms="7.338">
  <response-info timems="0.067" idlems="0.067" threads="0" lastid="0000000001CEB700" lastname="main" />
</exclusive-start>
<allocation-taxation id="3858" taxation-threshold="15728640" timestamp="2019-06-15T00:50:16.770" intervalms="7.334" />
<cycle-start id="3859" type="partial gc" contextid="0" timestamp="2019-06-15T00:50:16.770" intervalms="17.866" />
<gc-start id="3860" type="partial gc" contextid="3859" timestamp="2019-06-15T00:50:16.770">
  <mem-info id="3861" free="30408704" total="102760448" percent="29">
    <mem type="eden" free="0" total="31457280" percent="0" />
    <remembered-set count="120704" freebytes="3619072" totalbytes="4101888" percent="88" regionsoverflowed="0" regionsstable="0" regionsrebuilding="18"/>
  </mem-info>
</gc-start>
<allocation-stats totalBytes="31434024" >
  <allocated-bytes non-tlh="0" tlh="31434024" arrayletleaf="0"/>
  <largest-consumer threadName="main" threadId="0000000001CEB700" bytes="15717232" />
</allocation-stats>
<gc-op id="3862" type="copy forward" timems="1.852" contextid="3859" timestamp="2019-06-15T00:50:16.773">
  <memory-copied type="eden" objects="4" bytes="288" bytesdiscarded="0" />
  <memory-copied type="other" objects="24" bytes="1192" bytesdiscarded="680" />
  <memory-cardclean objects="42" bytes="1528" />
  <regions eden="30" other="1" />
  <remembered-set-cleared processed="118043" cleared="38" durationms="0.448" />
  <stringconstants candidates="13269" cleared="0"  />
</gc-op>
<gc-op id="3863" type="classunload" timems="0.004" contextid="3859" timestamp="2019-06-15T00:50:16.773">
  <classunload-info classloadercandidates="53" classloadersunloaded="0" classesunloaded="0" anonymousclassesunloaded="0" quiescems="0.000" setupms="0.003" scanms="0.000" postms="0.000" />
</gc-op>
<heap-resize id="3864" type="expand" space="default" amount="2097152" count="1" timems="0.062" reason="excessive time being spent in gc" timestamp="2019-06-15T00:50:16.773" />
<gc-end id="3865" type="partial gc" contextid="3859" durationms="3.134" usertimems="4.000" systemtimems="0.000" timestamp="2019-06-15T00:50:16.773" activeThreads="4">
  <mem-info id="3866" free="62914560" total="104857600" percent="60">
    <mem type="eden" free="1048288" total="1048576" percent="99" />
    <remembered-set count="121600" freebytes="3699200" totalbytes="4185600" percent="88" regionsoverflowed="0" regionsstable="0" regionsrebuilding="18"/>
  </mem-info>
</gc-end>
<cycle-end id="3867" type="partial gc" contextid="3859" timestamp="2019-06-15T00:50:16.773" />
  <attribute name="elasticGC enabled" value="1" />
  <attribute name= "numThreadsSpecified" value="4" />
  <attribute name="heapSize specified" value="0" />
  <attribute name="Current GC Util" value="78" />
  <attribute name= "Current Time Running" value="22719" />
  <attribute name ="GC Interval" value="0" />
  <attribute name="ProportionalT" value="29.000000" />
  <attribute name="ProportionalI" value="29.000000" />
  <attribute name="ProportionalH" value="29.000000" />
  <attribute name="Current Error" value="58.000000" />
  <attribute name="IntegralT" value="58.000000" />
  <attribute name="IntegralI" value="58.000000" />
  <attribute name="IntegralH" value="58.000000" />
  <attribute name="DerivativeT" value="29.000000" />
  <attribute name="DerivativeI" value="29.000000" />
  <attribute name="DerivativeH" value="29.000000" />
  <attribute name="Loop Time for DT" value="1.000000" />
  <attribute name="Output H" value="8388608"/>
  <attribute name="Output I" value="200"/>
  <attribute name="Output T" value="4"/>
  <attribute name="Target GC Util Change" value ="20.000000" />
  <attribute name="Current GC Util Change" value="78.000000"/>
  <attribute name="GC Util currently" value="78" />
  <attribute name="CPU Util currently" value="19426704572282" />
<exclusive-end id="3868" timestamp="2019-06-15T00:50:16.774" durationms="4.005" />

<exclusive-start id="3869" timestamp="2019-06-15T00:50:16.780" intervalms="10.245">
  <response-info timems="0.077" idlems="0.077" threads="0" lastid="0000000001CEB700" lastname="main" />
</exclusive-start>
<allocation-taxation id="3870" taxation-threshold="15728640" timestamp="2019-06-15T00:50:16.780" intervalms="10.315" />
<gc-start id="3871" type="global mark phase" contextid="3687" timestamp="2019-06-15T00:50:16.780">
  <mem-info id="3872" free="47185920" total="104857600" percent="45">
    <remembered-set count="121184" freebytes="3700864" totalbytes="4185600" percent="88" regionsoverflowed="0" regionsstable="0" regionsrebuilding="18"/>
  </mem-info>
</gc-start>
<gc-end id="3873" type="global mark phase" contextid="3687" durationms="0.125" usertimems="0.000" systemtimems="0.000" timestamp="2019-06-15T00:50:16.780" activeThreads="4">
  <mem-info id="3874" free="47185920" total="104857600" percent="45">
    <remembered-set count="121184" freebytes="3700864" totalbytes="4185600" percent="88" regionsoverflowed="0" regionsstable="0" regionsrebuilding="18"/>
  </mem-info>
</gc-end>
<concurrent-start id="3875" type="GMP work packet processing" contextid="3687" timestamp="2019-06-15T00:50:16.781">
  <concurrent-mark-start scanTarget="1625158" />
</concurrent-start>
<exclusive-end id="3876" timestamp="2019-06-15T00:50:16.781" durationms="0.810" />

<concurrent-end id="3877" type="GMP work packet processing" contextid="3687" timestamp="2019-06-15T00:50:16.782">
  <concurrent-mark-end bytesScanned="1612828" reasonForTermination="Completed all work in GC phase" />
</concurrent-end>

<exclusive-start id="3878" timestamp="2019-06-15T00:50:16.788" intervalms="7.746">
  <response-info timems="0.065" idlems="0.065" threads="0" lastid="0000000001CEB700" lastname="main" />
</exclusive-start>
<allocation-taxation id="3879" taxation-threshold="15728640" timestamp="2019-06-15T00:50:16.788" intervalms="7.677" />
<cycle-start id="3880" type="partial gc" contextid="0" timestamp="2019-06-15T00:50:16.788" intervalms="17.992" />
<gc-start id="3881" type="partial gc" contextid="3880" timestamp="2019-06-15T00:50:16.788">
  <mem-info id="3882" free="31457280" total="104857600" percent="30">
    <mem type="eden" free="1048288" total="32505856" percent="3" />
    <remembered-set count="135552" freebytes="3643392" totalbytes="4185600" percent="87" regionsoverflowed="0" regionsstable="0" regionsrebuilding="18"/>
  </mem-info>
</gc-start>
<allocation-stats totalBytes="31434432" >
  <allocated-bytes non-tlh="0" tlh="31434432" arrayletleaf="0"/>
  <largest-consumer threadName="main" threadId="0000000001CEB700" bytes="15717232" />
</allocation-stats>
<gc-op id="3883" type="copy forward" timems="1.749" contextid="3880" timestamp="2019-06-15T00:50:16.791">
  <memory-copied type="eden" objects="4" bytes="288" bytesdiscarded="0" />
  <memory-copied type="other" objects="12" bytes="272" bytesdiscarded="240" />
  <memory-cardclean objects="41" bytes="1576" />
  <regions eden="30" other="3" />
  <remembered-set-cleared processed="132753" cleared="43" durationms="0.852" />
  <stringconstants candidates="13269" cleared="0"  />
</gc-op>
<gc-op id="3884" type="classunload" timems="0.004" contextid="3880" timestamp="2019-06-15T00:50:16.791">
  <classunload-info classloadercandidates="53" classloadersunloaded="0" classesunloaded="0" anonymousclassesunloaded="0" quiescems="0.000" setupms="0.004" scanms="0.000" postms="0.000" />
</gc-op>
<gc-end id="3885" type="partial gc" contextid="3880" durationms="2.860" usertimems="0.000" systemtimems="4.000" timestamp="2019-06-15T00:50:16.791" activeThreads="1">
  <mem-info id="3886" free="65011712" total="104857600" percent="62">
    <mem type="eden" free="1048288" total="1048576" percent="99" />
    <remembered-set count="135712" freebytes="3642752" totalbytes="4185600" percent="87" regionsoverflowed="0" regionsstable="0" regionsrebuilding="18"/>
  </mem-info>
</gc-end>
<cycle-end id="3887" type="partial gc" contextid="3880" timestamp="2019-06-15T00:50:16.791" />
  <attribute name="elasticGC enabled" value="1" />
  <attribute name= "numThreadsSpecified" value="1" />
  <attribute name="heapSize specified" value="0" />
  <attribute name="Current GC Util" value="45" />
  <attribute name= "Current Time Running" value="22736" />
  <attribute name ="GC Interval" value="0" />
  <attribute name="ProportionalT" value="12.500000" />
  <attribute name="ProportionalI" value="12.500000" />
  <attribute name="ProportionalH" value="12.500000" />
  <attribute name="Current Error" value="25.000000" />
  <attribute name="IntegralT" value="0.000000" />
  <attribute name="IntegralI" value="0.000000" />
  <attribute name="IntegralH" value="0.000000" />
  <attribute name="DerivativeT" value="inf" />
  <attribute name="DerivativeI" value="inf" />
  <attribute name="DerivativeH" value="inf" />
  <attribute name="Loop Time for DT" value="0.000000" />
  <attribute name="Output H" value="8388608"/>
  <attribute name="Output I" value="200"/>
  <attribute name="Output T" value="1"/>
  <attribute name="Target GC Util Change" value ="20.000000" />
  <attribute name="Current GC Util Change" value="45.000000"/>
  <attribute name="GC Util currently" value="45" />
  <attribute name="CPU Util currently" value="16876487942062" />
<exclusive-end id="3888" timestamp="2019-06-15T00:50:16.791" durationms="3.739" />

<exclusive-start id="3889" timestamp="2019-06-15T00:50:16.806" intervalms="18.491">
  <response-info timems="0.071" idlems="0.071" threads="0" lastid="0000000001CEB700" lastname="main" />
</exclusive-start>
<allocation-taxation id="3890" taxation-threshold="15728640" timestamp="2019-06-15T00:50:16.806" intervalms="18.556" />
<gc-start id="3891" type="global mark phase" contextid="3687" timestamp="2019-06-15T00:50:16.806">
  <mem-info id="3892" free="49283072" total="104857600" percent="47">
    <remembered-set count="135264" freebytes="3644544" totalbytes="4185600" percent="87" regionsoverflowed="0" regionsstable="0" regionsrebuilding="18"/>
  </mem-info>
</gc-start>
<gc-op id="3893" type="mark increment" timems="1.489" contextid="3687" timestamp="2019-06-15T00:50:16.808">
  <trace-info objectcount="55" scancount="50" scanbytes="1304" />
  <cardclean-info objects="417" bytes="32752" />
  <finalization candidates="80" enqueued="0" />
  <ownableSynchronizers candidates="21" cleared="0" />
  <references type="soft" candidates="1863" cleared="0" enqueued="0" dynamicThreshold="19" maxThreshold="32" />
  <references type="weak" candidates="5714" cleared="0" enqueued="0" />
  <references type="phantom" candidates="101" cleared="0" enqueued="0" />
  <stringconstants candidates="13269" cleared="0"  />
</gc-op>
<gc-op id="3894" type="classunload" timems="0.006" contextid="3687" timestamp="2019-06-15T00:50:16.808">
  <classunload-info classloadercandidates="53" classloadersunloaded="0" classesunloaded="0" anonymousclassesunloaded="0" quiescems="0.000" setupms="0.006" scanms="0.000" postms="0.000" />
</gc-op>
<gc-end id="3895" type="global mark phase" contextid="3687" durationms="1.857" usertimems="4.000" systemtimems="0.000" timestamp="2019-06-15T00:50:16.808" activeThreads="4">
  <mem-info id="3896" free="49283072" total="104857600" percent="47">
    <remembered-set count="136800" freebytes="3638400" totalbytes="4185600" percent="86" regionsoverflowed="0" regionsstable="0" regionsrebuilding="0"/>
  </mem-info>
</gc-end>
<cycle-end id="3897" type="global mark phase" contextid="3687" timestamp="2019-06-15T00:50:16.808" />
  <attribute name="elasticGC enabled" value="1" />
  <attribute name= "numThreadsSpecified" value="4" />
  <attribute name="heapSize specified" value="0" />
  <attribute name="Current GC Util" value="24" />
  <attribute name= "Current Time Running" value="22755" />
  <attribute name ="GC Interval" value="0" />
  <attribute name="ProportionalT" value="2.000000" />
  <attribute name="ProportionalI" value="2.000000" />
  <attribute name="ProportionalH" value="2.000000" />
  <attribute name="Current Error" value="4.000000" />
  <attribute name="IntegralT" value="0.000000" />
  <attribute name="IntegralI" value="0.000000" />
  <attribute name="IntegralH" value="0.000000" />
  <attribute name="DerivativeT" value="-inf" />
  <attribute name="DerivativeI" value="-inf" />
  <attribute name="DerivativeH" value="-inf" />
  <attribute name="Loop Time for DT" value="0.000000" />
  <attribute name="Output H" value="2091843584"/>
  <attribute name="Output I" value="200"/>
  <attribute name="Output T" value="4"/>
  <attribute name="Target GC Util Change" value ="20.000000" />
  <attribute name="Current GC Util Change" value="24.000000"/>
  <attribute name="GC Util currently" value="24" />
  <attribute name="CPU Util currently" value="16307523016515" />
<exclusive-end id="3898" timestamp="2019-06-15T00:50:16.809" durationms="2.503" />

<exclusive-start id="3899" timestamp="2019-06-15T00:50:16.833" intervalms="26.558">
  <response-info timems="0.070" idlems="0.070" threads="0" lastid="0000000001CEB700" lastname="main" />
</exclusive-start>
<allocation-taxation id="3900" taxation-threshold="15728640" timestamp="2019-06-15T00:50:16.833" intervalms="26.539" />
<cycle-start id="3901" type="partial gc" contextid="0" timestamp="2019-06-15T00:50:16.833" intervalms="45.177" />
<gc-start id="3902" type="partial gc" contextid="3901" timestamp="2019-06-15T00:50:16.833">
  <mem-info id="3903" free="33554432" total="104857600" percent="32">
    <mem type="eden" free="1048288" total="32505856" percent="3" />
    <remembered-set count="116736" freebytes="3718656" totalbytes="4185600" percent="88" regionsoverflowed="0" regionsstable="8" regionsrebuilding="0"/>
  </mem-info>
</gc-start>
<allocation-stats totalBytes="31414080" >
  <allocated-bytes non-tlh="0" tlh="31414080" arrayletleaf="0"/>
  <largest-consumer threadName="main" threadId="0000000001CEB700" bytes="15702664" />
</allocation-stats>
<gc-op id="3904" type="sweep" timems="0.619" contextid="3901" timestamp="2019-06-15T00:50:16.834" />
<gc-op id="3905" type="copy forward" timems="1.708" contextid="3901" timestamp="2019-06-15T00:50:16.837">
  <memory-copied type="eden" objects="0" bytes="0" bytesdiscarded="0" />
  <memory-copied type="other" objects="46" bytes="4408" bytesdiscarded="1208" />
  <memory-cardclean objects="88" bytes="3064" />
  <regions eden="15" other="3" />
  <remembered-set-cleared processed="114999" cleared="122" durationms="0.445" />
  <stringconstants candidates="13269" cleared="0"  />
</gc-op>
<gc-op id="3906" type="classunload" timems="0.004" contextid="3901" timestamp="2019-06-15T00:50:16.837">
  <classunload-info classloadercandidates="53" classloadersunloaded="0" classesunloaded="0" anonymousclassesunloaded="0" quiescems="0.000" setupms="0.004" scanms="0.000" postms="0.000" />
</gc-op>
<heap-resize id="3907" type="contract" space="default" amount="2097152" count="1" timems="0.062" reason="excess free space following gc" timestamp="2019-06-15T00:50:16.837" />
<gc-end id="3908" type="partial gc" contextid="3901" durationms="3.843" usertimems="4.000" systemtimems="0.000" timestamp="2019-06-15T00:50:16.837" activeThreads="4">
  <mem-info id="3909" free="62914560" total="102760448" percent="61">
    <mem type="eden" free="1043784" total="1048576" percent="99" />
    <remembered-set count="117664" freebytes="3714944" totalbytes="4185600" percent="88" regionsoverflowed="0" regionsstable="8" regionsrebuilding="0"/>
  </mem-info>
</gc-end>
<cycle-end id="3910" type="partial gc" contextid="3901" timestamp="2019-06-15T00:50:16.837" />
  <attribute name="elasticGC enabled" value="1" />
  <attribute name= "numThreadsSpecified" value="4" />
  <attribute name="heapSize specified" value="0" />
  <attribute name="Current GC Util" value="55" />
  <attribute name= "Current Time Running" value="22783" />
  <attribute name ="GC Interval" value="0" />
  <attribute name="ProportionalT" value="17.500000" />
  <attribute name="ProportionalI" value="17.500000" />
  <attribute name="ProportionalH" value="17.500000" />
  <attribute name="Current Error" value="35.000000" />
  <attribute name="IntegralT" value="35.000000" />
  <attribute name="IntegralI" value="35.000000" />
  <attribute name="IntegralH" value="35.000000" />
  <attribute name="DerivativeT" value="-11.000000" />
  <attribute name="DerivativeI" value="-11.000000" />
  <attribute name="DerivativeH" value="-11.000000" />
  <attribute name="Loop Time for DT" value="1.000000" />
  <attribute name="Output H" value="8388608"/>
  <attribute name="Output I" value="200"/>
  <attribute name="Output T" value="4"/>
  <attribute name="Target GC Util Change" value ="20.000000" />
  <attribute name="Current GC Util Change" value="55.000000"/>
  <attribute name="GC Util currently" value="55" />
  <attribute name="CPU Util currently" value="21081993012016" />
<exclusive-end id="3911" timestamp="2019-06-15T00:50:16.838" durationms="4.866" />

<exclusive-start id="3912" timestamp="2019-06-15T00:50:16.887" intervalms="54.276">
  <response-info timems="0.058" idlems="0.058" threads="0" lastid="0000000001CEB700" lastname="main" />
</exclusive-start>
<allocation-taxation id="3913" taxation-threshold="32505856" timestamp="2019-06-15T00:50:16.887" intervalms="54.326" />
<cycle-start id="3914" type="partial gc" contextid="0" timestamp="2019-06-15T00:50:16.887" intervalms="54.346" />
<gc-start id="3915" type="partial gc" contextid="3914" timestamp="2019-06-15T00:50:16.888">
  <mem-info id="3916" free="30408704" total="102760448" percent="29">
    <mem type="eden" free="0" total="32505856" percent="0" />
    <remembered-set count="110304" freebytes="3744384" totalbytes="4185600" percent="89" regionsoverflowed="0" regionsstable="11" regionsrebuilding="0"/>
  </mem-info>
</gc-start>
<allocation-stats totalBytes="32449704" >
  <allocated-bytes non-tlh="0" tlh="32449704" arrayletleaf="0"/>
  <largest-consumer threadName="main" threadId="0000000001CEB700" bytes="32449704" />
</allocation-stats>
<gc-op id="3917" type="copy forward" timems="3.843" contextid="3914" timestamp="2019-06-15T00:50:16.893">
  <memory-copied type="eden" objects="3" bytes="4056" bytesdiscarded="0" />
  <memory-copied type="other" objects="75" bytes="5064" bytesdiscarded="0" />
  <memory-cardclean objects="35633" bytes="1221920" />
  <regions eden="31" other="5" />
  <remembered-set-cleared processed="95847" cleared="9024" durationms="0.987" />
  <stringconstants candidates="13269" cleared="0"  />
</gc-op>
<gc-op id="3918" type="classunload" timems="0.005" contextid="3914" timestamp="2019-06-15T00:50:16.893">
  <classunload-info classloadercandidates="53" classloadersunloaded="0" classesunloaded="0" anonymousclassesunloaded="0" quiescems="0.000" setupms="0.004" scanms="0.000" postms="0.000" />
</gc-op>
<gc-end id="3919" type="partial gc" contextid="3914" durationms="5.371" usertimems="4.000" systemtimems="0.000" timestamp="2019-06-15T00:50:16.893" activeThreads="1">
  <mem-info id="3920" free="62914560" total="102760448" percent="61">
    <mem type="eden" free="1044520" total="1048576" percent="99" />
    <remembered-set count="92768" freebytes="3730816" totalbytes="4101888" percent="90" regionsoverflowed="0" regionsstable="11" regionsrebuilding="0"/>
  </mem-info>
</gc-end>
<cycle-end id="3921" type="partial gc" contextid="3914" timestamp="2019-06-15T00:50:16.893" />
  <attribute name="elasticGC enabled" value="1" />
  <attribute name= "numThreadsSpecified" value="1" />
  <attribute name="heapSize specified" value="0" />
  <attribute name="Current GC Util" value="54" />
  <attribute name= "Current Time Running" value="22836" />
  <attribute name ="GC Interval" value="0" />
  <attribute name="ProportionalT" value="17.000000" />
  <attribute name="ProportionalI" value="17.000000" />
  <attribute name="ProportionalH" value="17.000000" />
  <attribute name="Current Error" value="34.000000" />
  <attribute name="IntegralT" value="0.000000" />
  <attribute name="IntegralI" value="0.000000" />
  <attribute name="IntegralH" value="0.000000" />
  <attribute name="DerivativeT" value="inf" />
  <attribute name="DerivativeI" value="inf" />
  <attribute name="DerivativeH" value="inf" />
  <attribute name="Loop Time for DT" value="0.000000" />
  <attribute name="Output H" value="8388608"/>
  <attribute name="Output I" value="200"/>
  <attribute name="Output T" value="1"/>
  <attribute name="Target GC Util Change" value ="20.000000" />
  <attribute name="Current GC Util Change" value="54.000000"/>
  <attribute name="GC Util currently" value="54" />
  <attribute name="CPU Util currently" value="8276209430447" />
<exclusive-end id="3922" timestamp="2019-06-15T00:50:16.894" durationms="6.587" />

<exclusive-start id="3923" timestamp="2019-06-15T00:50:16.956" intervalms="69.210">
  <response-info timems="0.087" idlems="0.087" threads="0" lastid="0000000001CEB700" lastname="main" />
</exclusive-start>
<allocation-taxation id="3924" taxation-threshold="32505856" timestamp="2019-06-15T00:50:16.956" intervalms="69.218" />
<cycle-start id="3925" type="partial gc" contextid="0" timestamp="2019-06-15T00:50:16.957" intervalms="69.252" />
<gc-start id="3926" type="partial gc" contextid="3925" timestamp="2019-06-15T00:50:16.957">
  <mem-info id="3927" free="30408704" total="102760448" percent="29">
    <mem type="eden" free="1044520" total="33554432" percent="3" />
    <remembered-set count="92704" freebytes="3731072" totalbytes="4101888" percent="90" regionsoverflowed="0" regionsstable="11" regionsrebuilding="0"/>
  </mem-info>
</gc-start>
<allocation-stats totalBytes="32474008" >
  <allocated-bytes non-tlh="0" tlh="32474008" arrayletleaf="0"/>
  <largest-consumer threadName="main" threadId="0000000001CEB700" bytes="32474008" />
</allocation-stats>
<gc-op id="3928" type="copy forward" timems="1.534" contextid="3925" timestamp="2019-06-15T00:50:16.959">
  <memory-copied type="eden" objects="26" bytes="784" bytesdiscarded="0" />
  <memory-copied type="other" objects="34" bytes="848" bytesdiscarded="240" />
  <memory-cardclean objects="163" bytes="7912" />
  <regions eden="31" other="4" />
  <remembered-set-cleared processed="91579" cleared="91" durationms="0.704" />
  <stringconstants candidates="13269" cleared="0"  />
</gc-op>
<gc-op id="3929" type="classunload" timems="0.004" contextid="3925" timestamp="2019-06-15T00:50:16.959">
  <classunload-info classloadercandidates="53" classloadersunloaded="0" classesunloaded="0" anonymousclassesunloaded="0" quiescems="0.000" setupms="0.004" scanms="0.000" postms="0.000" />
</gc-op>
<heap-resize id="3930" type="contract" space="default" amount="3145728" count="1" timems="0.053" reason="excess free space following gc" timestamp="2019-06-15T00:50:16.960" />
<gc-end id="3931" type="partial gc" contextid="3925" durationms="3.017" usertimems="4.000" systemtimems="0.000" timestamp="2019-06-15T00:50:16.960" activeThreads="1">
  <mem-info id="3932" free="60817408" total="99614720" percent="61">
    <mem type="eden" free="1047792" total="1048576" percent="99" />
    <remembered-set count="92800" freebytes="3730688" totalbytes="4101888" percent="90" regionsoverflowed="0" regionsstable="11" regionsrebuilding="0"/>
  </mem-info>
</gc-end>
<cycle-end id="3933" type="partial gc" contextid="3925" timestamp="2019-06-15T00:50:16.960" />
  <attribute name="elasticGC enabled" value="1" />
  <attribute name= "numThreadsSpecified" value="1" />
  <attribute name="heapSize specified" value="0" />
  <attribute name="Current GC Util" value="83" />
  <attribute name= "Current Time Running" value="22905" />
  <attribute name ="GC Interval" value="0" />
  <attribute name="ProportionalT" value="31.500000" />
  <attribute name="ProportionalI" value="31.500000" />
  <attribute name="ProportionalH" value="31.500000" />
  <attribute name="Current Error" value="63.000000" />
  <attribute name="IntegralT" value="0.000000" />
  <attribute name="IntegralI" value="0.000000" />
  <attribute name="IntegralH" value="0.000000" />
  <attribute name="DerivativeT" value="inf" />
  <attribute name="DerivativeI" value="inf" />
  <attribute name="DerivativeH" value="inf" />
  <attribute name="Loop Time for DT" value="0.000000" />
  <attribute name="Output H" value="8388608"/>
  <attribute name="Output I" value="200"/>
  <attribute name="Output T" value="1"/>
  <attribute name="Target GC Util Change" value ="20.000000" />
  <attribute name="Current GC Util Change" value="83.000000"/>
  <attribute name="GC Util currently" value="83" />
  <attribute name="CPU Util currently" value="15846302292975" />
<exclusive-end id="3934" timestamp="2019-06-15T00:50:16.960" durationms="4.240" />

<exclusive-start id="3935" timestamp="2019-06-15T00:50:17.010" intervalms="54.072">
  <response-info timems="0.088" idlems="0.088" threads="0" lastid="0000000001CEB700" lastname="main" />
</exclusive-start>
<allocation-taxation id="3936" taxation-threshold="31457280" timestamp="2019-06-15T00:50:17.010" intervalms="54.082" />
<cycle-start id="3937" type="partial gc" contextid="0" timestamp="2019-06-15T00:50:17.011" intervalms="53.973" />
<gc-start id="3938" type="partial gc" contextid="3937" timestamp="2019-06-15T00:50:17.011">
  <mem-info id="3939" free="29360128" total="99614720" percent="29">
    <mem type="eden" free="0" total="31457280" percent="0" />
    <remembered-set count="92640" freebytes="3731328" totalbytes="4101888" percent="90" regionsoverflowed="0" regionsstable="11" regionsrebuilding="0"/>
  </mem-info>
</gc-start>
<allocation-stats totalBytes="31451920" >
  <allocated-bytes non-tlh="0" tlh="31451920" arrayletleaf="0"/>
  <largest-consumer threadName="main" threadId="0000000001CEB700" bytes="31451920" />
</allocation-stats>
<gc-op id="3940" type="copy forward" timems="3.860" contextid="3937" timestamp="2019-06-15T00:50:17.016">
  <memory-copied type="eden" objects="23" bytes="784" bytesdiscarded="0" />
  <memory-copied type="other" objects="31" bytes="704" bytesdiscarded="2392" />
  <memory-cardclean objects="86004" bytes="2987080" />
  <regions eden="30" other="4" />
  <remembered-set-cleared processed="67769" cleared="13614" durationms="0.405" />
  <stringconstants candidates="13269" cleared="0"  />
</gc-op>
<gc-op id="3941" type="classunload" timems="0.004" contextid="3937" timestamp="2019-06-15T00:50:17.016">
  <classunload-info classloadercandidates="53" classloadersunloaded="0" classesunloaded="0" anonymousclassesunloaded="0" quiescems="0.000" setupms="0.004" scanms="0.000" postms="0.000" />
</gc-op>
<gc-end id="3942" type="partial gc" contextid="3937" durationms="5.424" usertimems="4.000" systemtimems="4.000" timestamp="2019-06-15T00:50:17.016" activeThreads="4">
  <mem-info id="3943" free="60817408" total="99614720" percent="61">
    <mem type="eden" free="1047792" total="1048576" percent="99" />
    <remembered-set count="69664" freebytes="3697664" totalbytes="3976320" percent="92" regionsoverflowed="0" regionsstable="11" regionsrebuilding="0"/>
  </mem-info>
</gc-end>
<cycle-end id="3944" type="partial gc" contextid="3937" timestamp="2019-06-15T00:50:17.016" />
  <attribute name="elasticGC enabled" value="1" />
  <attribute name= "numThreadsSpecified" value="4" />
  <attribute name="heapSize specified" value="0" />
  <attribute name="Current GC Util" value="57" />
  <attribute name= "Current Time Running" value="22960" />
  <attribute name ="GC Interval" value="0" />
  <attribute name="ProportionalT" value="18.500000" />
  <attribute name="ProportionalI" value="18.500000" />
  <attribute name="ProportionalH" value="18.500000" />
  <attribute name="Current Error" value="37.000000" />
  <attribute name="IntegralT" value="37.000000" />
  <attribute name="IntegralI" value="37.000000" />
  <attribute name="IntegralH" value="37.000000" />
  <attribute name="DerivativeT" value="18.500000" />
  <attribute name="DerivativeI" value="18.500000" />
  <attribute name="DerivativeH" value="18.500000" />
  <attribute name="Loop Time for DT" value="1.000000" />
  <attribute name="Output H" value="8388608"/>
  <attribute name="Output I" value="200"/>
  <attribute name="Output T" value="4"/>
  <attribute name="Target GC Util Change" value ="20.000000" />
  <attribute name="Current GC Util Change" value="57.000000"/>
  <attribute name="GC Util currently" value="57" />
  <attribute name="CPU Util currently" value="7039366309013" />
<exclusive-end id="3945" timestamp="2019-06-15T00:50:17.017" durationms="6.477" />

<exclusive-start id="3946" timestamp="2019-06-15T00:50:17.065" intervalms="54.306">
  <response-info timems="0.088" idlems="0.088" threads="0" lastid="0000000001CEB700" lastname="main" />
</exclusive-start>
<allocation-taxation id="3947" taxation-threshold="31457280" timestamp="2019-06-15T00:50:17.065" intervalms="54.291" />
<cycle-start id="3948" type="partial gc" contextid="0" timestamp="2019-06-15T00:50:17.065" intervalms="54.367" />
<gc-start id="3949" type="partial gc" contextid="3948" timestamp="2019-06-15T00:50:17.065">
  <mem-info id="3950" free="29360128" total="99614720" percent="29">
    <mem type="eden" free="0" total="31457280" percent="0" />
    <remembered-set count="12160" freebytes="3927680" totalbytes="3976320" percent="98" regionsoverflowed="0" regionsstable="15" regionsrebuilding="0"/>
  </mem-info>
</gc-start>
<allocation-stats totalBytes="31451544" >
  <allocated-bytes non-tlh="0" tlh="31451544" arrayletleaf="0"/>
  <largest-consumer threadName="main" threadId="0000000001CEB700" bytes="31451544" />
</allocation-stats>
<gc-op id="3951" type="copy forward" timems="1.887" contextid="3948" timestamp="2019-06-15T00:50:17.068">
  <memory-copied type="eden" objects="3" bytes="120" bytesdiscarded="0" />
  <memory-copied type="other" objects="1601" bytes="68144" bytesdiscarded="5752" />
  <memory-cardclean objects="469" bytes="27704" />
  <regions eden="30" other="8" />
  <remembered-set-cleared processed="10341" cleared="97" durationms="0.148" />
  <references type="soft" candidates="8" cleared="0" enqueued="0" dynamicThreshold="19" maxThreshold="32" />
  <references type="weak" candidates="97" cleared="0" enqueued="0" />
  <stringconstants candidates="13269" cleared="0"  />
</gc-op>
<gc-op id="3952" type="classunload" timems="0.004" contextid="3948" timestamp="2019-06-15T00:50:17.068">
  <classunload-info classloadercandidates="53" classloadersunloaded="0" classesunloaded="0" anonymousclassesunloaded="0" quiescems="0.000" setupms="0.004" scanms="0.000" postms="0.000" />
</gc-op>
<heap-resize id="3953" type="contract" space="default" amount="5242880" count="1" timems="0.056" reason="excess free space following gc" timestamp="2019-06-15T00:50:17.068" />
<gc-end id="3954" type="partial gc" contextid="3948" durationms="3.086" usertimems="0.000" systemtimems="4.000" timestamp="2019-06-15T00:50:17.068" activeThreads="4">
  <mem-info id="3955" free="59768832" total="94371840" percent="63">
    <mem type="eden" free="1048456" total="1048576" percent="99" />
    <remembered-set count="12768" freebytes="3925248" totalbytes="3976320" percent="98" regionsoverflowed="0" regionsstable="15" regionsrebuilding="0"/>
  </mem-info>
</gc-end>
<cycle-end id="3956" type="partial gc" contextid="3948" timestamp="2019-06-15T00:50:17.068" />
  <attribute name="elasticGC enabled" value="1" />
  <attribute name= "numThreadsSpecified" value="4" />
  <attribute name="heapSize specified" value="0" />
  <attribute name="Current GC Util" value="0" />
  <attribute name= "Current Time Running" value="23014" />
  <attribute name ="GC Interval" value="0" />
  <attribute name="ProportionalT" value="-10.000000" />
  <attribute name="ProportionalI" value="-10.000000" />
  <attribute name="ProportionalH" value="-10.000000" />
  <attribute name="Current Error" value="-20.000000" />
  <attribute name="IntegralT" value="-20.000000" />
  <attribute name="IntegralI" value="-20.000000" />
  <attribute name="IntegralH" value="-20.000000" />
  <attribute name="DerivativeT" value="-10.000000" />
  <attribute name="DerivativeI" value="-10.000000" />
  <attribute name="DerivativeH" value="-10.000000" />
  <attribute name="Loop Time for DT" value="1.000000" />
  <attribute name="Output H" value="2091843584"/>
  <attribute name="Output I" value="200"/>
  <attribute name="Output T" value="4"/>
  <attribute name="Target GC Util Change" value ="20.000000" />
  <attribute name="Current GC Util Change" value="0.000000"/>
  <attribute name="GC Util currently" value="0" />
  <attribute name="CPU Util currently" value="25011448836230" />
<exclusive-end id="3957" timestamp="2019-06-15T00:50:17.069" durationms="4.208" />

<exclusive-start id="3958" timestamp="2019-06-15T00:50:17.116" intervalms="51.407">
  <response-info timems="0.089" idlems="0.089" threads="0" lastid="0000000001CEB700" lastname="main" />
</exclusive-start>
<allocation-taxation id="3959" taxation-threshold="30408704" timestamp="2019-06-15T00:50:17.116" intervalms="51.419" />
<cycle-start id="3960" type="partial gc" contextid="0" timestamp="2019-06-15T00:50:17.116" intervalms="51.426" />
<gc-start id="3961" type="partial gc" contextid="3960" timestamp="2019-06-15T00:50:17.117">
  <mem-info id="3962" free="29360128" total="94371840" percent="31">
    <mem type="eden" free="1048456" total="31457280" percent="3" />
    <remembered-set count="12416" freebytes="3926656" totalbytes="3976320" percent="98" regionsoverflowed="0" regionsstable="15" regionsrebuilding="0"/>
  </mem-info>
</gc-start>
<allocation-stats totalBytes="30403328" >
  <allocated-bytes non-tlh="0" tlh="30403328" arrayletleaf="0"/>
  <largest-consumer threadName="main" threadId="0000000001CEB700" bytes="30403328" />
</allocation-stats>
<gc-op id="3963" type="copy forward" timems="2.883" contextid="3960" timestamp="2019-06-15T00:50:17.121">
  <memory-copied type="eden" objects="8" bytes="352" bytesdiscarded="0" />
  <memory-copied type="other" objects="1340" bytes="97704" bytesdiscarded="120" />
  <memory-cardclean objects="18494" bytes="684784" />
  <regions eden="29" other="2" />
  <remembered-set-cleared processed="7801" cleared="482" durationms="0.200" />
  <references type="soft" candidates="16" cleared="0" enqueued="0" dynamicThreshold="20" maxThreshold="32" />
  <references type="weak" candidates="52" cleared="0" enqueued="0" />
  <stringconstants candidates="13269" cleared="0"  />
</gc-op>
<gc-op id="3964" type="classunload" timems="0.004" contextid="3960" timestamp="2019-06-15T00:50:17.121">
  <classunload-info classloadercandidates="53" classloadersunloaded="0" classesunloaded="0" anonymousclassesunloaded="0" quiescems="0.000" setupms="0.004" scanms="0.000" postms="0.000" />
</gc-op>
<heap-resize id="3965" type="contract" space="default" amount="5242880" count="1" timems="0.052" reason="excess free space following gc" timestamp="2019-06-15T00:50:17.121" />
<gc-end id="3966" type="partial gc" contextid="3960" durationms="4.673" usertimems="4.000" systemtimems="0.000" timestamp="2019-06-15T00:50:17.121" activeThreads="1">
  <mem-info id="3967" free="55574528" total="89128960" percent="62">
    <mem type="eden" free="1048224" total="1048576" percent="99" />
    <remembered-set count="10144" freebytes="3726464" totalbytes="3767040" percent="98" regionsoverflowed="0" regionsstable="15" regionsrebuilding="0"/>
  </mem-info>
</gc-end>
<cycle-end id="3968" type="partial gc" contextid="3960" timestamp="2019-06-15T00:50:17.121" />
  <attribute name="elasticGC enabled" value="1" />
  <attribute name= "numThreadsSpecified" value="1" />
  <attribute name="heapSize specified" value="0" />
  <attribute name="Current GC Util" value="31" />
  <attribute name= "Current Time Running" value="23065" />
  <attribute name ="GC Interval" value="0" />
  <attribute name="ProportionalT" value="5.500000" />
  <attribute name="ProportionalI" value="5.500000" />
  <attribute name="ProportionalH" value="5.500000" />
  <attribute name="Current Error" value="11.000000" />
  <attribute name="IntegralT" value="0.000000" />
  <attribute name="IntegralI" value="0.000000" />
  <attribute name="IntegralH" value="0.000000" />
  <attribute name="DerivativeT" value="inf" />
  <attribute name="DerivativeI" value="inf" />
  <attribute name="DerivativeH" value="inf" />
  <attribute name="Loop Time for DT" value="0.000000" />
  <attribute name="Output H" value="8388608"/>
  <attribute name="Output I" value="200"/>
  <attribute name="Output T" value="1"/>
  <attribute name="Target GC Util Change" value ="20.000000" />
  <attribute name="Current GC Util Change" value="31.000000"/>
  <attribute name="GC Util currently" value="31" />
  <attribute name="CPU Util currently" value="8198086456688" />
<exclusive-end id="3969" timestamp="2019-06-15T00:50:17.122" durationms="5.849" />

<exclusive-start id="3970" timestamp="2019-06-15T00:50:17.143" intervalms="26.938">
  <response-info timems="0.067" idlems="0.067" threads="0" lastid="0000000001CEB700" lastname="main" />
</exclusive-start>
<allocation-taxation id="3971" taxation-threshold="13631488" timestamp="2019-06-15T00:50:17.143" intervalms="26.905" />
<cycle-start id="3972" type="global mark phase" contextid="0" timestamp="2019-06-15T00:50:17.143" intervalms="564.551" />
<gc-start id="3973" type="global mark phase" contextid="3972" timestamp="2019-06-15T00:50:17.143">
  <mem-info id="3974" free="41943040" total="89128960" percent="47">
    <remembered-set count="9856" freebytes="3727616" totalbytes="3767040" percent="98" regionsoverflowed="0" regionsstable="15" regionsrebuilding="0"/>
  </mem-info>
</gc-start>
<gc-op id="3975" type="mark increment" timems="1.370" contextid="3972" timestamp="2019-06-15T00:50:17.145">
  <trace-info objectcount="13058" scancount="1840" scanbytes="119024" />
</gc-op>
<gc-end id="3976" type="global mark phase" contextid="3972" durationms="1.737" usertimems="4.000" systemtimems="0.000" timestamp="2019-06-15T00:50:17.145" activeThreads="4">
  <mem-info id="3977" free="41943040" total="89128960" percent="47">
    <remembered-set count="11904" freebytes="3719424" totalbytes="3767040" percent="98" regionsoverflowed="0" regionsstable="0" regionsrebuilding="15"/>
  </mem-info>
</gc-end>
<concurrent-start id="3978" type="GMP work packet processing" contextid="3972" timestamp="2019-06-15T00:50:17.145">
  <concurrent-mark-start scanTarget="1048576" />
</concurrent-start>
<exclusive-end id="3979" timestamp="2019-06-15T00:50:17.145" durationms="2.521" />

<concurrent-end id="3980" type="GMP work packet processing" contextid="3972" timestamp="2019-06-15T00:50:17.146">
  <concurrent-mark-end bytesScanned="1145716" reasonForTermination="Work target met" />
</concurrent-end>

<exclusive-start id="3981" timestamp="2019-06-15T00:50:17.167" intervalms="24.504">
  <response-info timems="0.078" idlems="0.078" threads="0" lastid="0000000001CEB700" lastname="main" />
</exclusive-start>
<allocation-taxation id="3982" taxation-threshold="13631488" timestamp="2019-06-15T00:50:17.167" intervalms="24.431" />
<cycle-start id="3983" type="partial gc" contextid="0" timestamp="2019-06-15T00:50:17.168" intervalms="51.238" />
<gc-start id="3984" type="partial gc" contextid="3983" timestamp="2019-06-15T00:50:17.168">
  <mem-info id="3985" free="28311552" total="89128960" percent="31">
    <mem type="eden" free="1048224" total="28311552" percent="3" />
    <remembered-set count="20320" freebytes="3685760" totalbytes="3767040" percent="97" regionsoverflowed="0" regionsstable="0" regionsrebuilding="15"/>
  </mem-info>
</gc-start>
<allocation-stats totalBytes="27258176" >
  <allocated-bytes non-tlh="0" tlh="27258176" arrayletleaf="0"/>
  <largest-consumer threadName="main" threadId="0000000001CEB700" bytes="13629320" />
</allocation-stats>
<gc-op id="3986" type="copy forward" timems="3.960" contextid="3983" timestamp="2019-06-15T00:50:17.173">
  <memory-copied type="eden" objects="2" bytes="104" bytesdiscarded="0" />
  <memory-copied type="other" objects="0" bytes="0" bytesdiscarded="0" />
  <memory-cardclean objects="28562" bytes="1488624" />
  <regions eden="26" other="1" />
  <remembered-set-cleared processed="6773" cleared="2320" durationms="0.208" />
  <stringconstants candidates="13269" cleared="0"  />
</gc-op>
<gc-op id="3987" type="classunload" timems="0.004" contextid="3983" timestamp="2019-06-15T00:50:17.173">
  <classunload-info classloadercandidates="53" classloadersunloaded="0" classesunloaded="0" anonymousclassesunloaded="0" quiescems="0.000" setupms="0.004" scanms="0.000" postms="0.000" />
</gc-op>
<heap-resize id="3988" type="contract" space="default" amount="2097152" count="1" timems="0.129" reason="excess free space following gc" timestamp="2019-06-15T00:50:17.173" />
<gc-end id="3989" type="partial gc" contextid="3983" durationms="5.558" usertimems="4.000" systemtimems="0.000" timestamp="2019-06-15T00:50:17.173" activeThreads="1">
  <mem-info id="3990" free="53477376" total="87031808" percent="61">
    <mem type="eden" free="1048472" total="1048576" percent="99" />
    <remembered-set count="13600" freebytes="3503360" totalbytes="3557760" percent="98" regionsoverflowed="0" regionsstable="0" regionsrebuilding="15"/>
  </mem-info>
</gc-end>
<cycle-end id="3991" type="partial gc" contextid="3983" timestamp="2019-06-15T00:50:17.174" />
  <attribute name="elasticGC enabled" value="1" />
  <attribute name= "numThreadsSpecified" value="1" />
  <attribute name="heapSize specified" value="0" />
  <attribute name="Current GC Util" value="34" />
  <attribute name= "Current Time Running" value="23116" />
  <attribute name ="GC Interval" value="0" />
  <attribute name="ProportionalT" value="7.000000" />
  <attribute name="ProportionalI" value="7.000000" />
  <attribute name="ProportionalH" value="7.000000" />
  <attribute name="Current Error" value="14.000000" />
  <attribute name="IntegralT" value="0.000000" />
  <attribute name="IntegralI" value="0.000000" />
  <attribute name="IntegralH" value="0.000000" />
  <attribute name="DerivativeT" value="inf" />
  <attribute name="DerivativeI" value="inf" />
  <attribute name="DerivativeH" value="inf" />
  <attribute name="Loop Time for DT" value="0.000000" />
  <attribute name="Output H" value="8388608"/>
  <attribute name="Output I" value="200"/>
  <attribute name="Output T" value="1"/>
  <attribute name="Target GC Util Change" value ="20.000000" />
  <attribute name="Current GC Util Change" value="34.000000"/>
  <attribute name="GC Util currently" value="34" />
  <attribute name="CPU Util currently" value="9135488541059" />
<exclusive-end id="3992" timestamp="2019-06-15T00:50:17.174" durationms="6.463" />

<exclusive-start id="3993" timestamp="2019-06-15T00:50:17.195" intervalms="27.593">
  <response-info timems="0.071" idlems="0.071" threads="0" lastid="0000000001CEB700" lastname="main" />
</exclusive-start>
<allocation-taxation id="3994" taxation-threshold="13631488" timestamp="2019-06-15T00:50:17.195" intervalms="27.643" />
<gc-start id="3995" type="global mark phase" contextid="3972" timestamp="2019-06-15T00:50:17.195">
  <mem-info id="3996" free="39845888" total="87031808" percent="45">
    <remembered-set count="13312" freebytes="3504512" totalbytes="3557760" percent="98" regionsoverflowed="0" regionsstable="0" regionsrebuilding="15"/>
  </mem-info>
</gc-start>
<gc-end id="3997" type="global mark phase" contextid="3972" durationms="0.129" usertimems="0.000" systemtimems="0.000" timestamp="2019-06-15T00:50:17.195" activeThreads="1">
  <mem-info id="3998" free="39845888" total="87031808" percent="45">
    <remembered-set count="13312" freebytes="3504512" totalbytes="3557760" percent="98" regionsoverflowed="0" regionsstable="0" regionsrebuilding="15"/>
  </mem-info>
</gc-end>
<concurrent-start id="3999" type="GMP work packet processing" contextid="3972" timestamp="2019-06-15T00:50:17.196">
  <concurrent-mark-start scanTarget="1048576" />
</concurrent-start>
<exclusive-end id="4000" timestamp="2019-06-15T00:50:17.196" durationms="0.808" />

<concurrent-end id="4001" type="GMP work packet processing" contextid="3972" timestamp="2019-06-15T00:50:17.198">
  <concurrent-mark-end bytesScanned="1049412" reasonForTermination="Work target met" />
</concurrent-end>

<exclusive-start id="4002" timestamp="2019-06-15T00:50:17.217" intervalms="21.994">
  <response-info timems="0.078" idlems="0.078" threads="0" lastid="0000000001CEB700" lastname="main" />
</exclusive-start>
<allocation-taxation id="4003" taxation-threshold="13631488" timestamp="2019-06-15T00:50:17.217" intervalms="21.937" />
<cycle-start id="4004" type="partial gc" contextid="0" timestamp="2019-06-15T00:50:17.217" intervalms="49.573" />
<gc-start id="4005" type="partial gc" contextid="4004" timestamp="2019-06-15T00:50:17.217">
  <mem-info id="4006" free="26214400" total="87031808" percent="30">
    <mem type="eden" free="1048472" total="28311552" percent="3" />
    <remembered-set count="24256" freebytes="3460736" totalbytes="3557760" percent="97" regionsoverflowed="0" regionsstable="0" regionsrebuilding="15"/>
  </mem-info>
</gc-start>
<allocation-stats totalBytes="27257960" >
  <allocated-bytes non-tlh="0" tlh="27257960" arrayletleaf="0"/>
  <largest-consumer threadName="main" threadId="0000000001CEB700" bytes="13629112" />
</allocation-stats>
<gc-op id="4007" type="copy forward" timems="1.358" contextid="4004" timestamp="2019-06-15T00:50:17.220">
  <memory-copied type="eden" objects="4" bytes="200" bytesdiscarded="0" />
  <memory-copied type="other" objects="0" bytes="0" bytesdiscarded="0" />
  <memory-cardclean objects="22" bytes="840" />
  <regions eden="26" other="1" />
  <remembered-set-cleared processed="23072" cleared="15" durationms="0.264" />
  <stringconstants candidates="13269" cleared="0"  />
</gc-op>
<gc-op id="4008" type="classunload" timems="0.004" contextid="4004" timestamp="2019-06-15T00:50:17.220">
  <classunload-info classloadercandidates="53" classloadersunloaded="0" classesunloaded="0" anonymousclassesunloaded="0" quiescems="0.000" setupms="0.004" scanms="0.000" postms="0.000" />
</gc-op>
<gc-end id="4009" type="partial gc" contextid="4004" durationms="2.733" usertimems="0.000" systemtimems="4.000" timestamp="2019-06-15T00:50:17.220" activeThreads="1">
  <mem-info id="4010" free="53477376" total="87031808" percent="61">
    <mem type="eden" free="1048376" total="1048576" percent="99" />
    <remembered-set count="24704" freebytes="3375232" totalbytes="3474048" percent="97" regionsoverflowed="0" regionsstable="0" regionsrebuilding="15"/>
  </mem-info>
</gc-end>
<cycle-end id="4011" type="partial gc" contextid="4004" timestamp="2019-06-15T00:50:17.220" />
  <attribute name="elasticGC enabled" value="1" />
  <attribute name= "numThreadsSpecified" value="1" />
  <attribute name="heapSize specified" value="0" />
  <attribute name="Current GC Util" value="42" />
  <attribute name= "Current Time Running" value="23166" />
  <attribute name ="GC Interval" value="0" />
  <attribute name="ProportionalT" value="11.000000" />
  <attribute name="ProportionalI" value="11.000000" />
  <attribute name="ProportionalH" value="11.000000" />
  <attribute name="Current Error" value="22.000000" />
  <attribute name="IntegralT" value="0.000000" />
  <attribute name="IntegralI" value="0.000000" />
  <attribute name="IntegralH" value="0.000000" />
  <attribute name="DerivativeT" value="inf" />
  <attribute name="DerivativeI" value="inf" />
  <attribute name="DerivativeH" value="inf" />
  <attribute name="Loop Time for DT" value="0.000000" />
  <attribute name="Output H" value="8388608"/>
  <attribute name="Output I" value="200"/>
  <attribute name="Output T" value="1"/>
  <attribute name="Target GC Util Change" value ="20.000000" />
  <attribute name="Current GC Util Change" value="42.000000"/>
  <attribute name="GC Util currently" value="42" />
  <attribute name="CPU Util currently" value="8668387123355" />
<exclusive-end id="4012" timestamp="2019-06-15T00:50:17.221" durationms="3.636" />

<exclusive-start id="4013" timestamp="2019-06-15T00:50:17.242" intervalms="24.877">
  <response-info timems="0.075" idlems="0.075" threads="0" lastid="0000000001CEB700" lastname="main" />
</exclusive-start>
<allocation-taxation id="4014" taxation-threshold="13631488" timestamp="2019-06-15T00:50:17.242" intervalms="24.914" />
<gc-start id="4015" type="global mark phase" contextid="3972" timestamp="2019-06-15T00:50:17.242">
  <mem-info id="4016" free="39845888" total="87031808" percent="45">
    <remembered-set count="24256" freebytes="3377024" totalbytes="3474048" percent="97" regionsoverflowed="0" regionsstable="0" regionsrebuilding="15"/>
  </mem-info>
</gc-start>
<gc-end id="4017" type="global mark phase" contextid="3972" durationms="0.132" usertimems="0.000" systemtimems="0.000" timestamp="2019-06-15T00:50:17.242" activeThreads="1">
  <mem-info id="4018" free="39845888" total="87031808" percent="45">
    <remembered-set count="24256" freebytes="3377024" totalbytes="3474048" percent="97" regionsoverflowed="0" regionsstable="0" regionsrebuilding="15"/>
  </mem-info>
</gc-end>
<concurrent-start id="4019" type="GMP work packet processing" contextid="3972" timestamp="2019-06-15T00:50:17.242">
  <concurrent-mark-start scanTarget="1048576" />
</concurrent-start>
<exclusive-end id="4020" timestamp="2019-06-15T00:50:17.243" durationms="0.670" />

<concurrent-end id="4021" type="GMP work packet processing" contextid="3972" timestamp="2019-06-15T00:50:17.243">
  <concurrent-mark-end bytesScanned="1119888" reasonForTermination="Work target met" />
</concurrent-end>

<exclusive-start id="4022" timestamp="2019-06-15T00:50:17.264" intervalms="22.642">
  <response-info timems="0.073" idlems="0.073" threads="0" lastid="0000000001CEB700" lastname="main" />
</exclusive-start>
<allocation-taxation id="4023" taxation-threshold="13631488" timestamp="2019-06-15T00:50:17.265" intervalms="22.610" />
<cycle-start id="4024" type="partial gc" contextid="0" timestamp="2019-06-15T00:50:17.265" intervalms="47.524" />
<gc-start id="4025" type="partial gc" contextid="4024" timestamp="2019-06-15T00:50:17.265">
  <mem-info id="4026" free="26214400" total="87031808" percent="30">
    <mem type="eden" free="1048376" total="28311552" percent="3" />
    <remembered-set count="36928" freebytes="3326336" totalbytes="3474048" percent="95" regionsoverflowed="0" regionsstable="0" regionsrebuilding="15"/>
  </mem-info>
</gc-start>
<allocation-stats totalBytes="27257904" >
  <allocated-bytes non-tlh="0" tlh="27257904" arrayletleaf="0"/>
  <largest-consumer threadName="main" threadId="0000000001CEB700" bytes="13628768" />
</allocation-stats>
<gc-op id="4027" type="copy forward" timems="1.462" contextid="4024" timestamp="2019-06-15T00:50:17.267">
  <memory-copied type="eden" objects="5" bytes="240" bytesdiscarded="0" />
  <memory-copied type="other" objects="0" bytes="0" bytesdiscarded="0" />
  <memory-cardclean objects="22" bytes="840" />
  <regions eden="26" other="1" />
  <remembered-set-cleared processed="34650" cleared="16" durationms="0.353" />
  <stringconstants candidates="13269" cleared="0"  />
</gc-op>
<gc-op id="4028" type="classunload" timems="0.004" contextid="4024" timestamp="2019-06-15T00:50:17.267">
  <classunload-info classloadercandidates="53" classloadersunloaded="0" classesunloaded="0" anonymousclassesunloaded="0" quiescems="0.000" setupms="0.004" scanms="0.000" postms="0.000" />
</gc-op>
<gc-end id="4029" type="partial gc" contextid="4024" durationms="2.579" usertimems="4.000" systemtimems="0.000" timestamp="2019-06-15T00:50:17.267" activeThreads="1">
  <mem-info id="4030" free="53477376" total="87031808" percent="61">
    <mem type="eden" free="1048336" total="1048576" percent="99" />
    <remembered-set count="37408" freebytes="3324416" totalbytes="3474048" percent="95" regionsoverflowed="0" regionsstable="0" regionsrebuilding="15"/>
  </mem-info>
</gc-end>
<cycle-end id="4031" type="partial gc" contextid="4024" timestamp="2019-06-15T00:50:17.268" />
  <attribute name="elasticGC enabled" value="1" />
  <attribute name= "numThreadsSpecified" value="1" />
  <attribute name="heapSize specified" value="0" />
  <attribute name="Current GC Util" value="77" />
  <attribute name= "Current Time Running" value="23213" />
  <attribute name ="GC Interval" value="0" />
  <attribute name="ProportionalT" value="28.500000" />
  <attribute name="ProportionalI" value="28.500000" />
  <attribute name="ProportionalH" value="28.500000" />
  <attribute name="Current Error" value="57.000000" />
  <attribute name="IntegralT" value="0.000000" />
  <attribute name="IntegralI" value="0.000000" />
  <attribute name="IntegralH" value="0.000000" />
  <attribute name="DerivativeT" value="inf" />
  <attribute name="DerivativeI" value="inf" />
  <attribute name="DerivativeH" value="inf" />
  <attribute name="Loop Time for DT" value="0.000000" />
  <attribute name="Output H" value="8388608"/>
  <attribute name="Output I" value="200"/>
  <attribute name="Output T" value="1"/>
  <attribute name="Target GC Util Change" value ="20.000000" />
  <attribute name="Current GC Util Change" value="77.000000"/>
  <attribute name="GC Util currently" value="77" />
  <attribute name="CPU Util currently" value="17887231285958" />
<exclusive-end id="4032" timestamp="2019-06-15T00:50:17.268" durationms="3.471" />

<exclusive-start id="4033" timestamp="2019-06-15T00:50:17.289" intervalms="24.734">
  <response-info timems="0.076" idlems="0.076" threads="0" lastid="0000000001CEB700" lastname="main" />
</exclusive-start>
<allocation-taxation id="4034" taxation-threshold="13631488" timestamp="2019-06-15T00:50:17.289" intervalms="24.790" />
<gc-start id="4035" type="global mark phase" contextid="3972" timestamp="2019-06-15T00:50:17.290">
  <mem-info id="4036" free="39845888" total="87031808" percent="45">
    <remembered-set count="36928" freebytes="3326336" totalbytes="3474048" percent="95" regionsoverflowed="0" regionsstable="0" regionsrebuilding="15"/>
  </mem-info>
</gc-start>
<gc-end id="4037" type="global mark phase" contextid="3972" durationms="0.129" usertimems="0.000" systemtimems="0.000" timestamp="2019-06-15T00:50:17.290" activeThreads="1">
  <mem-info id="4038" free="39845888" total="87031808" percent="45">
    <remembered-set count="36928" freebytes="3326336" totalbytes="3474048" percent="95" regionsoverflowed="0" regionsstable="0" regionsrebuilding="15"/>
  </mem-info>
</gc-end>
<concurrent-start id="4039" type="GMP work packet processing" contextid="3972" timestamp="2019-06-15T00:50:17.290">
  <concurrent-mark-start scanTarget="1048576" />
</concurrent-start>
<exclusive-end id="4040" timestamp="2019-06-15T00:50:17.290" durationms="0.807" />

<concurrent-end id="4041" type="GMP work packet processing" contextid="3972" timestamp="2019-06-15T00:50:17.291">
  <concurrent-mark-end bytesScanned="1095244" reasonForTermination="Work target met" />
</concurrent-end>

<exclusive-start id="4042" timestamp="2019-06-15T00:50:17.312" intervalms="22.611">
  <response-info timems="0.118" idlems="0.118" threads="0" lastid="0000000001CEB700" lastname="main" />
</exclusive-start>
<allocation-taxation id="4043" taxation-threshold="13631488" timestamp="2019-06-15T00:50:17.312" intervalms="22.548" />
<cycle-start id="4044" type="partial gc" contextid="0" timestamp="2019-06-15T00:50:17.312" intervalms="47.340" />
<gc-start id="4045" type="partial gc" contextid="4044" timestamp="2019-06-15T00:50:17.312">
  <mem-info id="4046" free="26214400" total="87031808" percent="30">
    <mem type="eden" free="1048336" total="28311552" percent="3" />
    <remembered-set count="45760" freebytes="3291008" totalbytes="3474048" percent="94" regionsoverflowed="0" regionsstable="0" regionsrebuilding="15"/>
  </mem-info>
</gc-start>
<allocation-stats totalBytes="27257632" >
  <allocated-bytes non-tlh="0" tlh="27257632" arrayletleaf="0"/>
  <largest-consumer threadName="main" threadId="0000000001CEB700" bytes="13628704" />
</allocation-stats>
<gc-op id="4047" type="copy forward" timems="1.518" contextid="4044" timestamp="2019-06-15T00:50:17.315">
  <memory-copied type="eden" objects="10" bytes="336" bytesdiscarded="0" />
  <memory-copied type="other" objects="0" bytes="0" bytesdiscarded="0" />
  <memory-cardclean objects="22" bytes="840" />
  <regions eden="26" other="1" />
  <remembered-set-cleared processed="43523" cleared="17" durationms="0.418" />
  <stringconstants candidates="13269" cleared="0"  />
</gc-op>
<gc-op id="4048" type="classunload" timems="0.003" contextid="4044" timestamp="2019-06-15T00:50:17.315">
  <classunload-info classloadercandidates="53" classloadersunloaded="0" classesunloaded="0" anonymousclassesunloaded="0" quiescems="0.000" setupms="0.003" scanms="0.000" postms="0.000" />
</gc-op>
<gc-end id="4049" type="partial gc" contextid="4044" durationms="2.756" usertimems="4.000" systemtimems="0.000" timestamp="2019-06-15T00:50:17.315" activeThreads="1">
  <mem-info id="4050" free="53477376" total="87031808" percent="61">
    <mem type="eden" free="1048240" total="1048576" percent="99" />
    <remembered-set count="46240" freebytes="3289088" totalbytes="3474048" percent="94" regionsoverflowed="0" regionsstable="0" regionsrebuilding="15"/>
  </mem-info>
</gc-end>
<cycle-end id="4051" type="partial gc" contextid="4044" timestamp="2019-06-15T00:50:17.315" />
  <attribute name="elasticGC enabled" value="1" />
  <attribute name= "numThreadsSpecified" value="1" />
  <attribute name="heapSize specified" value="0" />
  <attribute name="Current GC Util" value="80" />
  <attribute name= "Current Time Running" value="23261" />
  <attribute name ="GC Interval" value="0" />
  <attribute name="ProportionalT" value="30.000000" />
  <attribute name="ProportionalI" value="30.000000" />
  <attribute name="ProportionalH" value="30.000000" />
  <attribute name="Current Error" value="60.000000" />
  <attribute name="IntegralT" value="0.000000" />
  <attribute name="IntegralI" value="0.000000" />
  <attribute name="IntegralH" value="0.000000" />
  <attribute name="DerivativeT" value="inf" />
  <attribute name="DerivativeI" value="inf" />
  <attribute name="DerivativeH" value="inf" />
  <attribute name="Loop Time for DT" value="0.000000" />
  <attribute name="Output H" value="8388608"/>
  <attribute name="Output I" value="200"/>
  <attribute name="Output T" value="1"/>
  <attribute name="Target GC Util Change" value ="20.000000" />
  <attribute name="Current GC Util Change" value="80.000000"/>
  <attribute name="GC Util currently" value="80" />
  <attribute name="CPU Util currently" value="18178860196275" />
<exclusive-end id="4052" timestamp="2019-06-15T00:50:17.315" durationms="3.639" />

<exclusive-start id="4053" timestamp="2019-06-15T00:50:17.325" intervalms="12.844">
  <response-info timems="0.076" idlems="0.076" threads="0" lastid="0000000001CEB700" lastname="main" />
</exclusive-start>
<allocation-taxation id="4054" taxation-threshold="13631488" timestamp="2019-06-15T00:50:17.325" intervalms="12.892" />
<gc-start id="4055" type="global mark phase" contextid="3972" timestamp="2019-06-15T00:50:17.325">
  <mem-info id="4056" free="39845888" total="87031808" percent="45">
    <remembered-set count="45792" freebytes="3290880" totalbytes="3474048" percent="94" regionsoverflowed="0" regionsstable="0" regionsrebuilding="15"/>
  </mem-info>
</gc-start>
<gc-end id="4057" type="global mark phase" contextid="3972" durationms="0.175" usertimems="0.000" systemtimems="0.000" timestamp="2019-06-15T00:50:17.325" activeThreads="1">
  <mem-info id="4058" free="39845888" total="87031808" percent="45">
    <remembered-set count="45792" freebytes="3290880" totalbytes="3474048" percent="94" regionsoverflowed="0" regionsstable="0" regionsrebuilding="15"/>
  </mem-info>
</gc-end>
<concurrent-start id="4059" type="GMP work packet processing" contextid="3972" timestamp="2019-06-15T00:50:17.325">
  <concurrent-mark-start scanTarget="1048576" />
</concurrent-start>
<exclusive-end id="4060" timestamp="2019-06-15T00:50:17.326" durationms="0.909" />

<concurrent-end id="4061" type="GMP work packet processing" contextid="3972" timestamp="2019-06-15T00:50:17.327">
  <concurrent-mark-end bytesScanned="1051112" reasonForTermination="Work target met" />
</concurrent-end>

<exclusive-start id="4062" timestamp="2019-06-15T00:50:17.330" intervalms="5.302">
  <response-info timems="0.072" idlems="0.072" threads="0" lastid="0000000001CEB700" lastname="main" />
</exclusive-start>
<allocation-taxation id="4063" taxation-threshold="13631488" timestamp="2019-06-15T00:50:17.330" intervalms="5.253" />
<cycle-start id="4064" type="partial gc" contextid="0" timestamp="2019-06-15T00:50:17.330" intervalms="18.170" />
<gc-start id="4065" type="partial gc" contextid="4064" timestamp="2019-06-15T00:50:17.330">
  <mem-info id="4066" free="26214400" total="87031808" percent="30">
    <mem type="eden" free="1048240" total="28311552" percent="3" />
    <remembered-set count="54016" freebytes="3257984" totalbytes="3474048" percent="93" regionsoverflowed="0" regionsstable="0" regionsrebuilding="15"/>
  </mem-info>
</gc-start>
<allocation-stats totalBytes="27227568" >
  <allocated-bytes non-tlh="0" tlh="27227568" arrayletleaf="0"/>
  <largest-consumer threadName="main" threadId="0000000001CEB700" bytes="13612280" />
</allocation-stats>
<gc-op id="4067" type="copy forward" timems="1.540" contextid="4064" timestamp="2019-06-15T00:50:17.333">
  <memory-copied type="eden" objects="24" bytes="1272" bytesdiscarded="0" />
  <memory-copied type="other" objects="0" bytes="0" bytesdiscarded="0" />
  <memory-cardclean objects="70" bytes="2264" />
  <regions eden="26" other="1" />
  <remembered-set-cleared processed="51736" cleared="45" durationms="0.468" />
  <stringconstants candidates="13269" cleared="0"  />
</gc-op>
<gc-op id="4068" type="classunload" timems="0.004" contextid="4064" timestamp="2019-06-15T00:50:17.333">
  <classunload-info classloadercandidates="53" classloadersunloaded="0" classesunloaded="0" anonymousclassesunloaded="0" quiescems="0.000" setupms="0.004" scanms="0.000" postms="0.000" />
</gc-op>
<gc-end id="4069" type="partial gc" contextid="4064" durationms="2.679" usertimems="4.000" systemtimems="0.000" timestamp="2019-06-15T00:50:17.333" activeThreads="1">
  <mem-info id="4070" free="53477376" total="87031808" percent="61">
    <mem type="eden" free="1047304" total="1048576" percent="99" />
    <remembered-set count="54400" freebytes="3256448" totalbytes="3474048" percent="93" regionsoverflowed="0" regionsstable="0" regionsrebuilding="15"/>
  </mem-info>
</gc-end>
<cycle-end id="4071" type="partial gc" contextid="4064" timestamp="2019-06-15T00:50:17.333" />
  <attribute name="elasticGC enabled" value="1" />
  <attribute name= "numThreadsSpecified" value="1" />
  <attribute name="heapSize specified" value="0" />
  <attribute name="Current GC Util" value="66" />
  <attribute name= "Current Time Running" value="23279" />
  <attribute name ="GC Interval" value="0" />
  <attribute name="ProportionalT" value="23.000000" />
  <attribute name="ProportionalI" value="23.000000" />
  <attribute name="ProportionalH" value="23.000000" />
  <attribute name="Current Error" value="46.000000" />
  <attribute name="IntegralT" value="0.000000" />
  <attribute name="IntegralI" value="0.000000" />
  <attribute name="IntegralH" value="0.000000" />
  <attribute name="DerivativeT" value="inf" />
  <attribute name="DerivativeI" value="inf" />
  <attribute name="DerivativeH" value="inf" />
  <attribute name="Loop Time for DT" value="0.000000" />
  <attribute name="Output H" value="8388608"/>
  <attribute name="Output I" value="200"/>
  <attribute name="Output T" value="1"/>
  <attribute name="Target GC Util Change" value ="20.000000" />
  <attribute name="Current GC Util Change" value="66.000000"/>
  <attribute name="GC Util currently" value="66" />
  <attribute name="CPU Util currently" value="17171965824884" />
<exclusive-end id="4072" timestamp="2019-06-15T00:50:17.334" durationms="3.578" />

<exclusive-start id="4073" timestamp="2019-06-15T00:50:17.338" intervalms="7.986">
  <response-info timems="0.077" idlems="0.077" threads="0" lastid="0000000001CEB700" lastname="main" />
</exclusive-start>
<allocation-taxation id="4074" taxation-threshold="13631488" timestamp="2019-06-15T00:50:17.338" intervalms="8.062" />
<gc-start id="4075" type="global mark phase" contextid="3972" timestamp="2019-06-15T00:50:17.338">
  <mem-info id="4076" free="39845888" total="87031808" percent="45">
    <remembered-set count="54016" freebytes="3257984" totalbytes="3474048" percent="93" regionsoverflowed="0" regionsstable="0" regionsrebuilding="15"/>
  </mem-info>
</gc-start>
<gc-end id="4077" type="global mark phase" contextid="3972" durationms="0.104" usertimems="0.000" systemtimems="0.000" timestamp="2019-06-15T00:50:17.338" activeThreads="1">
  <mem-info id="4078" free="39845888" total="87031808" percent="45">
    <remembered-set count="54016" freebytes="3257984" totalbytes="3474048" percent="93" regionsoverflowed="0" regionsstable="0" regionsrebuilding="15"/>
  </mem-info>
</gc-end>
<concurrent-start id="4079" type="GMP work packet processing" contextid="3972" timestamp="2019-06-15T00:50:17.339">
  <concurrent-mark-start scanTarget="1048576" />
</concurrent-start>
<exclusive-end id="4080" timestamp="2019-06-15T00:50:17.339" durationms="0.686" />

<concurrent-end id="4081" type="GMP work packet processing" contextid="3972" timestamp="2019-06-15T00:50:17.339">
  <concurrent-mark-end bytesScanned="1098500" reasonForTermination="Work target met" />
</concurrent-end>

<exclusive-start id="4082" timestamp="2019-06-15T00:50:17.344" intervalms="5.822">
  <response-info timems="0.076" idlems="0.076" threads="0" lastid="0000000001CEB700" lastname="main" />
</exclusive-start>
<allocation-taxation id="4083" taxation-threshold="13631488" timestamp="2019-06-15T00:50:17.344" intervalms="5.750" />
<cycle-start id="4084" type="partial gc" contextid="0" timestamp="2019-06-15T00:50:17.344" intervalms="13.782" />
<gc-start id="4085" type="partial gc" contextid="4084" timestamp="2019-06-15T00:50:17.344">
  <mem-info id="4086" free="26214400" total="87031808" percent="30">
    <mem type="eden" free="0" total="27262976" percent="0" />
    <remembered-set count="66176" freebytes="3209344" totalbytes="3474048" percent="92" regionsoverflowed="0" regionsstable="0" regionsrebuilding="15"/>
  </mem-info>
</gc-start>
<allocation-stats totalBytes="27225360" >
  <allocated-bytes non-tlh="0" tlh="27225360" arrayletleaf="0"/>
  <largest-consumer threadName="main" threadId="0000000001CEB700" bytes="13612680" />
</allocation-stats>
<gc-op id="4087" type="copy forward" timems="1.686" contextid="4084" timestamp="2019-06-15T00:50:17.347">
  <memory-copied type="eden" objects="2" bytes="40" bytesdiscarded="752" />
  <memory-copied type="other" objects="22" bytes="1232" bytesdiscarded="1184" />
  <memory-cardclean objects="49" bytes="1928" />
  <regions eden="26" other="1" />
  <remembered-set-cleared processed="63740" cleared="44" durationms="0.294" />
  <stringconstants candidates="13269" cleared="0"  />
</gc-op>
<gc-op id="4088" type="classunload" timems="0.004" contextid="4084" timestamp="2019-06-15T00:50:17.347">
  <classunload-info classloadercandidates="53" classloadersunloaded="0" classesunloaded="0" anonymousclassesunloaded="0" quiescems="0.000" setupms="0.004" scanms="0.000" postms="0.000" />
</gc-op>
<gc-end id="4089" type="partial gc" contextid="4084" durationms="2.683" usertimems="4.000" systemtimems="0.000" timestamp="2019-06-15T00:50:17.347" activeThreads="4">
  <mem-info id="4090" free="52428800" total="87031808" percent="60">
    <mem type="eden" free="1047784" total="1048576" percent="99" />
    <remembered-set count="66176" freebytes="3209344" totalbytes="3474048" percent="92" regionsoverflowed="0" regionsstable="0" regionsrebuilding="15"/>
  </mem-info>
</gc-end>
<cycle-end id="4091" type="partial gc" contextid="4084" timestamp="2019-06-15T00:50:17.347" />
  <attribute name="elasticGC enabled" value="1" />
  <attribute name= "numThreadsSpecified" value="4" />
  <attribute name="heapSize specified" value="0" />
  <attribute name="Current GC Util" value="83" />
  <attribute name= "Current Time Running" value="23293" />
  <attribute name ="GC Interval" value="0" />
  <attribute name="ProportionalT" value="31.500000" />
  <attribute name="ProportionalI" value="31.500000" />
  <attribute name="ProportionalH" value="31.500000" />
  <attribute name="Current Error" value="63.000000" />
  <attribute name="IntegralT" value="63.000000" />
  <attribute name="IntegralI" value="63.000000" />
  <attribute name="IntegralH" value="63.000000" />
  <attribute name="DerivativeT" value="27.000000" />
  <attribute name="DerivativeI" value="27.000000" />
  <attribute name="DerivativeH" value="27.000000" />
  <attribute name="Loop Time for DT" value="1.000000" />
  <attribute name="Output H" value="8388608"/>
  <attribute name="Output I" value="200"/>
  <attribute name="Output T" value="4"/>
  <attribute name="Target GC Util Change" value ="20.000000" />
  <attribute name="Current GC Util Change" value="83.000000"/>
  <attribute name="GC Util currently" value="83" />
  <attribute name="CPU Util currently" value="18740367964680" />
<exclusive-end id="4092" timestamp="2019-06-15T00:50:17.347" durationms="3.404" />

<exclusive-start id="4093" timestamp="2019-06-15T00:50:17.352" intervalms="7.814">
  <response-info timems="0.076" idlems="0.076" threads="0" lastid="0000000001CEB700" lastname="main" />
</exclusive-start>
<allocation-taxation id="4094" taxation-threshold="13631488" timestamp="2019-06-15T00:50:17.352" intervalms="7.892" />
<gc-start id="4095" type="global mark phase" contextid="3972" timestamp="2019-06-15T00:50:17.352">
  <mem-info id="4096" free="38797312" total="87031808" percent="44">
    <remembered-set count="65696" freebytes="3211264" totalbytes="3474048" percent="92" regionsoverflowed="0" regionsstable="0" regionsrebuilding="15"/>
  </mem-info>
</gc-start>
<gc-end id="4097" type="global mark phase" contextid="3972" durationms="0.125" usertimems="0.000" systemtimems="0.000" timestamp="2019-06-15T00:50:17.352" activeThreads="4">
  <mem-info id="4098" free="38797312" total="87031808" percent="44">
    <remembered-set count="65696" freebytes="3211264" totalbytes="3474048" percent="92" regionsoverflowed="0" regionsstable="0" regionsrebuilding="15"/>
  </mem-info>
</gc-end>
<concurrent-start id="4099" type="GMP work packet processing" contextid="3972" timestamp="2019-06-15T00:50:17.352">
  <concurrent-mark-start scanTarget="1048576" />
</concurrent-start>
<exclusive-end id="4100" timestamp="2019-06-15T00:50:17.352" durationms="0.833" />

<concurrent-end id="4101" type="GMP work packet processing" contextid="3972" timestamp="2019-06-15T00:50:17.353">
  <concurrent-mark-end bytesScanned="1103400" reasonForTermination="Work target met" />
</concurrent-end>

<exclusive-start id="4102" timestamp="2019-06-15T00:50:17.357" intervalms="5.707">
  <response-info timems="0.056" idlems="0.056" threads="0" lastid="0000000001CEB700" lastname="main" />
</exclusive-start>
<allocation-taxation id="4103" taxation-threshold="13631488" timestamp="2019-06-15T00:50:17.357" intervalms="5.624" />
<cycle-start id="4104" type="partial gc" contextid="0" timestamp="2019-06-15T00:50:17.358" intervalms="13.512" />
<gc-start id="4105" type="partial gc" contextid="4104" timestamp="2019-06-15T00:50:17.358">
  <mem-info id="4106" free="25165824" total="87031808" percent="28">
    <mem type="eden" free="1047784" total="28311552" percent="3" />
    <remembered-set count="78752" freebytes="3159040" totalbytes="3474048" percent="90" regionsoverflowed="0" regionsstable="0" regionsrebuilding="15"/>
  </mem-info>
</gc-start>
<allocation-stats totalBytes="27225384" >
  <allocated-bytes non-tlh="0" tlh="27225384" arrayletleaf="0"/>
  <largest-consumer threadName="main" threadId="0000000001CEB700" bytes="13612704" />
</allocation-stats>
<gc-op id="4107" type="copy forward" timems="1.490" contextid="4104" timestamp="2019-06-15T00:50:17.360">
  <memory-copied type="eden" objects="2" bytes="40" bytesdiscarded="0" />
  <memory-copied type="other" objects="0" bytes="0" bytesdiscarded="0" />
  <memory-cardclean objects="1" bytes="24" />
  <regions eden="26" other="1" />
  <remembered-set-cleared processed="76121" cleared="2" durationms="0.525" />
  <stringconstants candidates="13269" cleared="0"  />
</gc-op>
<gc-op id="4108" type="classunload" timems="0.003" contextid="4104" timestamp="2019-06-15T00:50:17.360">
  <classunload-info classloadercandidates="53" classloadersunloaded="0" classesunloaded="0" anonymousclassesunloaded="0" quiescems="0.000" setupms="0.003" scanms="0.000" postms="0.000" />
</gc-op>
<gc-end id="4109" type="partial gc" contextid="4104" durationms="2.594" usertimems="0.000" systemtimems="0.000" timestamp="2019-06-15T00:50:17.360" activeThreads="1">
  <mem-info id="4110" free="52428800" total="87031808" percent="60">
    <mem type="eden" free="1048536" total="1048576" percent="99" />
    <remembered-set count="79200" freebytes="3157248" totalbytes="3474048" percent="90" regionsoverflowed="0" regionsstable="0" regionsrebuilding="15"/>
  </mem-info>
</gc-end>
<cycle-end id="4111" type="partial gc" contextid="4104" timestamp="2019-06-15T00:50:17.360" />
  <attribute name="elasticGC enabled" value="1" />
  <attribute name= "numThreadsSpecified" value="1" />
  <attribute name="heapSize specified" value="0" />
  <attribute name="Current GC Util" value="58" />
  <attribute name= "Current Time Running" value="23306" />
  <attribute name ="GC Interval" value="0" />
  <attribute name="ProportionalT" value="19.000000" />
  <attribute name="ProportionalI" value="19.000000" />
  <attribute name="ProportionalH" value="19.000000" />
  <attribute name="Current Error" value="38.000000" />
  <attribute name="IntegralT" value="0.000000" />
  <attribute name="IntegralI" value="0.000000" />
  <attribute name="IntegralH" value="0.000000" />
  <attribute name="DerivativeT" value="inf" />
  <attribute name="DerivativeI" value="inf" />
  <attribute name="DerivativeH" value="inf" />
  <attribute name="Loop Time for DT" value="0.000000" />
  <attribute name="Output H" value="8388608"/>
  <attribute name="Output I" value="200"/>
  <attribute name="Output T" value="1"/>
  <attribute name="Target GC Util Change" value ="20.000000" />
  <attribute name="Current GC Util Change" value="58.000000"/>
  <attribute name="GC Util currently" value="58" />
  <attribute name="CPU Util currently" value="15821837714608" />
<exclusive-end id="4112" timestamp="2019-06-15T00:50:17.361" durationms="3.445" />

<exclusive-start id="4113" timestamp="2019-06-15T00:50:17.365" intervalms="7.845">
  <response-info timems="0.074" idlems="0.074" threads="0" lastid="0000000001CEB700" lastname="main" />
</exclusive-start>
<allocation-taxation id="4114" taxation-threshold="13631488" timestamp="2019-06-15T00:50:17.365" intervalms="7.919" />
<gc-start id="4115" type="global mark phase" contextid="3972" timestamp="2019-06-15T00:50:17.366">
  <mem-info id="4116" free="38797312" total="87031808" percent="44">
    <remembered-set count="78720" freebytes="3159168" totalbytes="3474048" percent="90" regionsoverflowed="0" regionsstable="0" regionsrebuilding="15"/>
  </mem-info>
</gc-start>
<gc-end id="4117" type="global mark phase" contextid="3972" durationms="0.146" usertimems="0.000" systemtimems="0.000" timestamp="2019-06-15T00:50:17.366" activeThreads="1">
  <mem-info id="4118" free="38797312" total="87031808" percent="44">
    <remembered-set count="78720" freebytes="3159168" totalbytes="3474048" percent="90" regionsoverflowed="0" regionsstable="0" regionsrebuilding="15"/>
  </mem-info>
</gc-end>
<concurrent-start id="4119" type="GMP work packet processing" contextid="3972" timestamp="2019-06-15T00:50:17.366">
  <concurrent-mark-start scanTarget="1048576" />
</concurrent-start>
<exclusive-end id="4120" timestamp="2019-06-15T00:50:17.366" durationms="0.846" />

<concurrent-end id="4121" type="GMP work packet processing" contextid="3972" timestamp="2019-06-15T00:50:17.367">
  <concurrent-mark-end bytesScanned="1092908" reasonForTermination="Work target met" />
</concurrent-end>

<exclusive-start id="4122" timestamp="2019-06-15T00:50:17.371" intervalms="5.754">
  <response-info timems="0.059" idlems="0.059" threads="0" lastid="0000000001CEB700" lastname="main" />
</exclusive-start>
<allocation-taxation id="4123" taxation-threshold="13631488" timestamp="2019-06-15T00:50:17.371" intervalms="5.687" />
<cycle-start id="4124" type="partial gc" contextid="0" timestamp="2019-06-15T00:50:17.371" intervalms="13.606" />
<gc-start id="4125" type="partial gc" contextid="4124" timestamp="2019-06-15T00:50:17.371">
  <mem-info id="4126" free="25165824" total="87031808" percent="28">
    <mem type="eden" free="1048536" total="28311552" percent="3" />
    <remembered-set count="88832" freebytes="3118720" totalbytes="3474048" percent="89" regionsoverflowed="0" regionsstable="0" regionsrebuilding="15"/>
  </mem-info>
</gc-start>
<allocation-stats totalBytes="27225360" >
  <allocated-bytes non-tlh="0" tlh="27225360" arrayletleaf="0"/>
  <largest-consumer threadName="main" threadId="0000000001CEB700" bytes="13612680" />
</allocation-stats>
<gc-op id="4127" type="copy forward" timems="1.599" contextid="4124" timestamp="2019-06-15T00:50:17.374">
  <memory-copied type="eden" objects="2" bytes="40" bytesdiscarded="0" />
  <memory-copied type="other" objects="0" bytes="0" bytesdiscarded="0" />
  <memory-cardclean objects="1" bytes="24" />
  <regions eden="26" other="1" />
  <remembered-set-cleared processed="85891" cleared="2" durationms="0.592" />
  <stringconstants candidates="13269" cleared="0"  />
</gc-op>
<gc-op id="4128" type="classunload" timems="0.003" contextid="4124" timestamp="2019-06-15T00:50:17.374">
  <classunload-info classloadercandidates="53" classloadersunloaded="0" classesunloaded="0" anonymousclassesunloaded="0" quiescems="0.000" setupms="0.003" scanms="0.000" postms="0.000" />
</gc-op>
<gc-end id="4129" type="partial gc" contextid="4124" durationms="2.738" usertimems="4.000" systemtimems="0.000" timestamp="2019-06-15T00:50:17.374" activeThreads="1">
  <mem-info id="4130" free="52428800" total="87031808" percent="60">
    <mem type="eden" free="1048536" total="1048576" percent="99" />
    <remembered-set count="89312" freebytes="3116800" totalbytes="3474048" percent="89" regionsoverflowed="0" regionsstable="0" regionsrebuilding="15"/>
  </mem-info>
</gc-end>
<cycle-end id="4131" type="partial gc" contextid="4124" timestamp="2019-06-15T00:50:17.374" />
  <attribute name="elasticGC enabled" value="1" />
  <attribute name= "numThreadsSpecified" value="1" />
  <attribute name="heapSize specified" value="0" />
  <attribute name="Current GC Util" value="61" />
  <attribute name= "Current Time Running" value="23320" />
  <attribute name ="GC Interval" value="0" />
  <attribute name="ProportionalT" value="20.500000" />
  <attribute name="ProportionalI" value="20.500000" />
  <attribute name="ProportionalH" value="20.500000" />
  <attribute name="Current Error" value="41.000000" />
  <attribute name="IntegralT" value="0.000000" />
  <attribute name="IntegralI" value="0.000000" />
  <attribute name="IntegralH" value="0.000000" />
  <attribute name="DerivativeT" value="inf" />
  <attribute name="DerivativeI" value="inf" />
  <attribute name="DerivativeH" value="inf" />
  <attribute name="Loop Time for DT" value="0.000000" />
  <attribute name="Output H" value="8388608"/>
  <attribute name="Output I" value="200"/>
  <attribute name="Output T" value="1"/>
  <attribute name="Target GC Util Change" value ="20.000000" />
  <attribute name="Current GC Util Change" value="61.000000"/>
  <attribute name="GC Util currently" value="61" />
  <attribute name="CPU Util currently" value="21172198668599" />
<exclusive-end id="4132" timestamp="2019-06-15T00:50:17.374" durationms="3.561" />

<exclusive-start id="4133" timestamp="2019-06-15T00:50:17.379" intervalms="7.916">
  <response-info timems="0.076" idlems="0.076" threads="0" lastid="0000000001CEB700" lastname="main" />
</exclusive-start>
<allocation-taxation id="4134" taxation-threshold="13631488" timestamp="2019-06-15T00:50:17.379" intervalms="7.981" />
<gc-start id="4135" type="global mark phase" contextid="3972" timestamp="2019-06-15T00:50:17.379">
  <mem-info id="4136" free="38797312" total="87031808" percent="44">
    <remembered-set count="88832" freebytes="3118720" totalbytes="3474048" percent="89" regionsoverflowed="0" regionsstable="0" regionsrebuilding="15"/>
  </mem-info>
</gc-start>
<gc-end id="4137" type="global mark phase" contextid="3972" durationms="0.219" usertimems="0.000" systemtimems="0.000" timestamp="2019-06-15T00:50:17.379" activeThreads="1">
  <mem-info id="4138" free="38797312" total="87031808" percent="44">
    <remembered-set count="88832" freebytes="3118720" totalbytes="3474048" percent="89" regionsoverflowed="0" regionsstable="0" regionsrebuilding="15"/>
  </mem-info>
</gc-end>
<concurrent-start id="4139" type="GMP work packet processing" contextid="3972" timestamp="2019-06-15T00:50:17.380">
  <concurrent-mark-start scanTarget="1048576" />
</concurrent-start>
<exclusive-end id="4140" timestamp="2019-06-15T00:50:17.380" durationms="1.541" />

<concurrent-end id="4141" type="GMP work packet processing" contextid="3972" timestamp="2019-06-15T00:50:17.380">
  <concurrent-mark-end bytesScanned="1091372" reasonForTermination="Work target met" />
</concurrent-end>

<exclusive-start id="4142" timestamp="2019-06-15T00:50:17.385" intervalms="5.848">
  <response-info timems="0.028" idlems="0.028" threads="0" lastid="0000000001CEB700" lastname="main" />
</exclusive-start>
<allocation-taxation id="4143" taxation-threshold="13631488" timestamp="2019-06-15T00:50:17.385" intervalms="5.786" />
<cycle-start id="4144" type="partial gc" contextid="0" timestamp="2019-06-15T00:50:17.385" intervalms="13.807" />
<gc-start id="4145" type="partial gc" contextid="4144" timestamp="2019-06-15T00:50:17.385">
  <mem-info id="4146" free="25165824" total="87031808" percent="28">
    <mem type="eden" free="1048536" total="28311552" percent="3" />
    <remembered-set count="99936" freebytes="3074304" totalbytes="3474048" percent="88" regionsoverflowed="0" regionsstable="0" regionsrebuilding="15"/>
  </mem-info>
</gc-start>
<allocation-stats totalBytes="27225360" >
  <allocated-bytes non-tlh="0" tlh="27225360" arrayletleaf="0"/>
  <largest-consumer threadName="main" threadId="0000000001CEB700" bytes="13612680" />
</allocation-stats>
<gc-op id="4147" type="copy forward" timems="1.532" contextid="4144" timestamp="2019-06-15T00:50:17.387">
  <memory-copied type="eden" objects="2" bytes="40" bytesdiscarded="0" />
  <memory-copied type="other" objects="0" bytes="0" bytesdiscarded="0" />
  <memory-cardclean objects="1" bytes="24" />
  <regions eden="26" other="1" />
  <remembered-set-cleared processed="97248" cleared="2" durationms="0.649" />
  <stringconstants candidates="13269" cleared="0"  />
</gc-op>
<gc-op id="4148" type="classunload" timems="0.003" contextid="4144" timestamp="2019-06-15T00:50:17.387">
  <classunload-info classloadercandidates="53" classloadersunloaded="0" classesunloaded="0" anonymousclassesunloaded="0" quiescems="0.000" setupms="0.003" scanms="0.000" postms="0.000" />
</gc-op>
<gc-end id="4149" type="partial gc" contextid="4144" durationms="2.567" usertimems="0.000" systemtimems="0.000" timestamp="2019-06-15T00:50:17.388" activeThreads="1">
  <mem-info id="4150" free="52428800" total="87031808" percent="60">
    <mem type="eden" free="1048536" total="1048576" percent="99" />
    <remembered-set count="100416" freebytes="3072384" totalbytes="3474048" percent="88" regionsoverflowed="0" regionsstable="0" regionsrebuilding="15"/>
  </mem-info>
</gc-end>
<cycle-end id="4151" type="partial gc" contextid="4144" timestamp="2019-06-15T00:50:17.388" />
  <attribute name="elasticGC enabled" value="1" />
  <attribute name= "numThreadsSpecified" value="1" />
  <attribute name="heapSize specified" value="0" />
  <attribute name="Current GC Util" value="72" />
  <attribute name= "Current Time Running" value="23333" />
  <attribute name ="GC Interval" value="0" />
  <attribute name="ProportionalT" value="26.000000" />
  <attribute name="ProportionalI" value="26.000000" />
  <attribute name="ProportionalH" value="26.000000" />
  <attribute name="Current Error" value="52.000000" />
  <attribute name="IntegralT" value="0.000000" />
  <attribute name="IntegralI" value="0.000000" />
  <attribute name="IntegralH" value="0.000000" />
  <attribute name="DerivativeT" value="inf" />
  <attribute name="DerivativeI" value="inf" />
  <attribute name="DerivativeH" value="inf" />
  <attribute name="Loop Time for DT" value="0.000000" />
  <attribute name="Output H" value="8388608"/>
  <attribute name="Output I" value="200"/>
  <attribute name="Output T" value="1"/>
  <attribute name="Target GC Util Change" value ="20.000000" />
  <attribute name="Current GC Util Change" value="72.000000"/>
  <attribute name="GC Util currently" value="72" />
  <attribute name="CPU Util currently" value="18566609911524" />
<exclusive-end id="4152" timestamp="2019-06-15T00:50:17.388" durationms="3.464" />

<exclusive-start id="4153" timestamp="2019-06-15T00:50:17.393" intervalms="7.882">
  <response-info timems="0.074" idlems="0.074" threads="0" lastid="0000000001CEB700" lastname="main" />
</exclusive-start>
<allocation-taxation id="4154" taxation-threshold="13631488" timestamp="2019-06-15T00:50:17.393" intervalms="7.938" />
<gc-start id="4155" type="global mark phase" contextid="3972" timestamp="2019-06-15T00:50:17.393">
  <mem-info id="4156" free="38797312" total="87031808" percent="44">
    <remembered-set count="99936" freebytes="3074304" totalbytes="3474048" percent="88" regionsoverflowed="0" regionsstable="0" regionsrebuilding="15"/>
  </mem-info>
</gc-start>
<gc-end id="4157" type="global mark phase" contextid="3972" durationms="0.128" usertimems="0.000" systemtimems="0.000" timestamp="2019-06-15T00:50:17.393" activeThreads="1">
  <mem-info id="4158" free="38797312" total="87031808" percent="44">
    <remembered-set count="99936" freebytes="3074304" totalbytes="3474048" percent="88" regionsoverflowed="0" regionsstable="0" regionsrebuilding="15"/>
  </mem-info>
</gc-end>
<concurrent-start id="4159" type="GMP work packet processing" contextid="3972" timestamp="2019-06-15T00:50:17.393">
  <concurrent-mark-start scanTarget="1048576" />
</concurrent-start>
<exclusive-end id="4160" timestamp="2019-06-15T00:50:17.393" durationms="0.793" />

<concurrent-end id="4161" type="GMP work packet processing" contextid="3972" timestamp="2019-06-15T00:50:17.394">
  <concurrent-mark-end bytesScanned="1097560" reasonForTermination="Work target met" />
</concurrent-end>

<exclusive-start id="4162" timestamp="2019-06-15T00:50:17.398" intervalms="5.641">
  <response-info timems="0.066" idlems="0.066" threads="0" lastid="0000000001CEB700" lastname="main" />
</exclusive-start>
<allocation-taxation id="4163" taxation-threshold="13631488" timestamp="2019-06-15T00:50:17.398" intervalms="5.576" />
<cycle-start id="4164" type="partial gc" contextid="0" timestamp="2019-06-15T00:50:17.398" intervalms="13.435" />
<gc-start id="4165" type="partial gc" contextid="4164" timestamp="2019-06-15T00:50:17.399">
  <mem-info id="4166" free="25165824" total="87031808" percent="28">
    <mem type="eden" free="1048536" total="28311552" percent="3" />
    <remembered-set count="107136" freebytes="3045504" totalbytes="3474048" percent="87" regionsoverflowed="0" regionsstable="0" regionsrebuilding="15"/>
  </mem-info>
</gc-start>
<allocation-stats totalBytes="27225384" >
  <allocated-bytes non-tlh="0" tlh="27225384" arrayletleaf="0"/>
  <largest-consumer threadName="main" threadId="0000000001CEB700" bytes="13612680" />
</allocation-stats>
<gc-op id="4167" type="copy forward" timems="1.706" contextid="4164" timestamp="2019-06-15T00:50:17.401">
  <memory-copied type="eden" objects="2" bytes="40" bytesdiscarded="0" />
  <memory-copied type="other" objects="0" bytes="0" bytesdiscarded="0" />
  <memory-cardclean objects="1" bytes="24" />
  <regions eden="26" other="1" />
  <remembered-set-cleared processed="104321" cleared="2" durationms="0.710" />
  <stringconstants candidates="13269" cleared="0"  />
</gc-op>
<gc-op id="4168" type="classunload" timems="0.003" contextid="4164" timestamp="2019-06-15T00:50:17.401">
  <classunload-info classloadercandidates="53" classloadersunloaded="0" classesunloaded="0" anonymousclassesunloaded="0" quiescems="0.000" setupms="0.003" scanms="0.000" postms="0.000" />
</gc-op>
<gc-end id="4169" type="partial gc" contextid="4164" durationms="2.811" usertimems="4.000" systemtimems="0.000" timestamp="2019-06-15T00:50:17.401" activeThreads="1">
  <mem-info id="4170" free="52428800" total="87031808" percent="60">
    <mem type="eden" free="1048536" total="1048576" percent="99" />
    <remembered-set count="107616" freebytes="3043584" totalbytes="3474048" percent="87" regionsoverflowed="0" regionsstable="0" regionsrebuilding="15"/>
  </mem-info>
</gc-end>
<cycle-end id="4171" type="partial gc" contextid="4164" timestamp="2019-06-15T00:50:17.401" />
  <attribute name="elasticGC enabled" value="1" />
  <attribute name= "numThreadsSpecified" value="1" />
  <attribute name="heapSize specified" value="0" />
  <attribute name="Current GC Util" value="46" />
  <attribute name= "Current Time Running" value="23347" />
  <attribute name ="GC Interval" value="0" />
  <attribute name="ProportionalT" value="13.000000" />
  <attribute name="ProportionalI" value="13.000000" />
  <attribute name="ProportionalH" value="13.000000" />
  <attribute name="Current Error" value="26.000000" />
  <attribute name="IntegralT" value="0.000000" />
  <attribute name="IntegralI" value="0.000000" />
  <attribute name="IntegralH" value="0.000000" />
  <attribute name="DerivativeT" value="inf" />
  <attribute name="DerivativeI" value="inf" />
  <attribute name="DerivativeH" value="inf" />
  <attribute name="Loop Time for DT" value="0.000000" />
  <attribute name="Output H" value="8388608"/>
  <attribute name="Output I" value="200"/>
  <attribute name="Output T" value="1"/>
  <attribute name="Target GC Util Change" value ="20.000000" />
  <attribute name="Current GC Util Change" value="46.000000"/>
  <attribute name="GC Util currently" value="46" />
  <attribute name="CPU Util currently" value="16880379685730" />
<exclusive-end id="4172" timestamp="2019-06-15T00:50:17.402" durationms="3.576" />

<exclusive-start id="4173" timestamp="2019-06-15T00:50:17.406" intervalms="7.945">
  <response-info timems="0.074" idlems="0.074" threads="0" lastid="0000000001CEB700" lastname="main" />
</exclusive-start>
<allocation-taxation id="4174" taxation-threshold="13631488" timestamp="2019-06-15T00:50:17.406" intervalms="8.012" />
<gc-start id="4175" type="global mark phase" contextid="3972" timestamp="2019-06-15T00:50:17.406">
  <mem-info id="4176" free="38797312" total="87031808" percent="44">
    <remembered-set count="107136" freebytes="3045504" totalbytes="3474048" percent="87" regionsoverflowed="0" regionsstable="0" regionsrebuilding="15"/>
  </mem-info>
</gc-start>
<gc-end id="4177" type="global mark phase" contextid="3972" durationms="0.075" usertimems="0.000" systemtimems="0.000" timestamp="2019-06-15T00:50:17.407" activeThreads="1">
  <mem-info id="4178" free="38797312" total="87031808" percent="44">
    <remembered-set count="107136" freebytes="3045504" totalbytes="3474048" percent="87" regionsoverflowed="0" regionsstable="0" regionsrebuilding="15"/>
  </mem-info>
</gc-end>
<concurrent-start id="4179" type="GMP work packet processing" contextid="3972" timestamp="2019-06-15T00:50:17.407">
  <concurrent-mark-start scanTarget="1048576" />
</concurrent-start>
<exclusive-end id="4180" timestamp="2019-06-15T00:50:17.407" durationms="0.652" />

<concurrent-end id="4181" type="GMP work packet processing" contextid="3972" timestamp="2019-06-15T00:50:17.407">
  <concurrent-mark-end bytesScanned="1089444" reasonForTermination="Work target met" />
</concurrent-end>

<exclusive-start id="4182" timestamp="2019-06-15T00:50:17.414" intervalms="8.242">
  <response-info timems="0.073" idlems="0.073" threads="0" lastid="0000000001CEB700" lastname="main" />
</exclusive-start>
<allocation-taxation id="4183" taxation-threshold="13631488" timestamp="2019-06-15T00:50:17.414" intervalms="8.180" />
<cycle-start id="4184" type="partial gc" contextid="0" timestamp="2019-06-15T00:50:17.415" intervalms="16.231" />
<gc-start id="4185" type="partial gc" contextid="4184" timestamp="2019-06-15T00:50:17.415">
  <mem-info id="4186" free="25165824" total="87031808" percent="28">
    <mem type="eden" free="1048536" total="28311552" percent="3" />
    <remembered-set count="111712" freebytes="3027200" totalbytes="3474048" percent="87" regionsoverflowed="0" regionsstable="0" regionsrebuilding="15"/>
  </mem-info>
</gc-start>
<allocation-stats totalBytes="27231632" >
  <allocated-bytes non-tlh="0" tlh="27231632" arrayletleaf="0"/>
  <largest-consumer threadName="main" threadId="0000000001CEB700" bytes="13618952" />
</allocation-stats>
<gc-op id="4187" type="copy forward" timems="1.765" contextid="4184" timestamp="2019-06-15T00:50:17.417">
  <memory-copied type="eden" objects="25" bytes="936" bytesdiscarded="0" />
  <memory-copied type="other" objects="0" bytes="0" bytesdiscarded="0" />
  <memory-cardclean objects="95" bytes="3232" />
  <regions eden="26" other="1" />
  <remembered-set-cleared processed="109290" cleared="52" durationms="0.771" />
  <stringconstants candidates="13269" cleared="0"  />
</gc-op>
<gc-op id="4188" type="classunload" timems="0.004" contextid="4184" timestamp="2019-06-15T00:50:17.417">
  <classunload-info classloadercandidates="53" classloadersunloaded="0" classesunloaded="0" anonymousclassesunloaded="0" quiescems="0.000" setupms="0.004" scanms="0.000" postms="0.000" />
</gc-op>
<gc-end id="4189" type="partial gc" contextid="4184" durationms="2.811" usertimems="4.000" systemtimems="0.000" timestamp="2019-06-15T00:50:17.418" activeThreads="1">
  <mem-info id="4190" free="52428800" total="87031808" percent="60">
    <mem type="eden" free="1047640" total="1048576" percent="99" />
    <remembered-set count="112128" freebytes="3025536" totalbytes="3474048" percent="87" regionsoverflowed="0" regionsstable="0" regionsrebuilding="15"/>
  </mem-info>
</gc-end>
<cycle-end id="4191" type="partial gc" contextid="4184" timestamp="2019-06-15T00:50:17.418" />
  <attribute name="elasticGC enabled" value="1" />
  <attribute name= "numThreadsSpecified" value="1" />
  <attribute name="heapSize specified" value="0" />
  <attribute name="Current GC Util" value="48" />
  <attribute name= "Current Time Running" value="23363" />
  <attribute name ="GC Interval" value="0" />
  <attribute name="ProportionalT" value="14.000000" />
  <attribute name="ProportionalI" value="14.000000" />
  <attribute name="ProportionalH" value="14.000000" />
  <attribute name="Current Error" value="28.000000" />
  <attribute name="IntegralT" value="0.000000" />
  <attribute name="IntegralI" value="0.000000" />
  <attribute name="IntegralH" value="0.000000" />
  <attribute name="DerivativeT" value="inf" />
  <attribute name="DerivativeI" value="inf" />
  <attribute name="DerivativeH" value="inf" />
  <attribute name="Loop Time for DT" value="0.000000" />
  <attribute name="Output H" value="8388608"/>
  <attribute name="Output I" value="200"/>
  <attribute name="Output T" value="1"/>
  <attribute name="Target GC Util Change" value ="20.000000" />
  <attribute name="Current GC Util Change" value="48.000000"/>
  <attribute name="GC Util currently" value="48" />
  <attribute name="CPU Util currently" value="17150189547332" />
<exclusive-end id="4192" timestamp="2019-06-15T00:50:17.418" durationms="3.677" />

<exclusive-start id="4193" timestamp="2019-06-15T00:50:17.430" intervalms="15.222">
  <response-info timems="0.075" idlems="0.075" threads="0" lastid="0000000001CEB700" lastname="main" />
</exclusive-start>
<allocation-taxation id="4194" taxation-threshold="13631488" timestamp="2019-06-15T00:50:17.430" intervalms="15.290" />
<gc-start id="4195" type="global mark phase" contextid="3972" timestamp="2019-06-15T00:50:17.430">
  <mem-info id="4196" free="38797312" total="87031808" percent="44">
    <remembered-set count="111712" freebytes="3027200" totalbytes="3474048" percent="87" regionsoverflowed="0" regionsstable="0" regionsrebuilding="15"/>
  </mem-info>
</gc-start>
<gc-end id="4197" type="global mark phase" contextid="3972" durationms="0.129" usertimems="0.000" systemtimems="0.000" timestamp="2019-06-15T00:50:17.430" activeThreads="1">
  <mem-info id="4198" free="38797312" total="87031808" percent="44">
    <remembered-set count="111712" freebytes="3027200" totalbytes="3474048" percent="87" regionsoverflowed="0" regionsstable="0" regionsrebuilding="15"/>
  </mem-info>
</gc-end>
<concurrent-start id="4199" type="GMP work packet processing" contextid="3972" timestamp="2019-06-15T00:50:17.430">
  <concurrent-mark-start scanTarget="1048576" />
</concurrent-start>
<exclusive-end id="4200" timestamp="2019-06-15T00:50:17.430" durationms="0.833" />

<concurrent-end id="4201" type="GMP work packet processing" contextid="3972" timestamp="2019-06-15T00:50:17.431">
  <concurrent-mark-end bytesScanned="1095872" reasonForTermination="Work target met" />
</concurrent-end>

<exclusive-start id="4202" timestamp="2019-06-15T00:50:17.444" intervalms="14.474">
  <response-info timems="0.076" idlems="0.076" threads="0" lastid="0000000001CEB700" lastname="main" />
</exclusive-start>
<allocation-taxation id="4203" taxation-threshold="13631488" timestamp="2019-06-15T00:50:17.444" intervalms="14.411" />
<cycle-start id="4204" type="partial gc" contextid="0" timestamp="2019-06-15T00:50:17.444" intervalms="29.727" />
<gc-start id="4205" type="partial gc" contextid="4204" timestamp="2019-06-15T00:50:17.445">
  <mem-info id="4206" free="25165824" total="87031808" percent="28">
    <mem type="eden" free="0" total="27262976" percent="0" />
    <remembered-set count="120800" freebytes="2990848" totalbytes="3474048" percent="86" regionsoverflowed="0" regionsstable="0" regionsrebuilding="15"/>
  </mem-info>
</gc-start>
<allocation-stats totalBytes="27261416" >
  <allocated-bytes non-tlh="0" tlh="27261416" arrayletleaf="0"/>
  <largest-consumer threadName="main" threadId="0000000001CEB700" bytes="13630504" />
</allocation-stats>
<gc-op id="4207" type="copy forward" timems="1.751" contextid="4204" timestamp="2019-06-15T00:50:17.447">
  <memory-copied type="eden" objects="23" bytes="736" bytesdiscarded="0" />
  <memory-copied type="other" objects="14" bytes="520" bytesdiscarded="0" />
  <memory-cardclean objects="108" bytes="3200" />
  <regions eden="26" other="1" />
  <remembered-set-cleared processed="118234" cleared="54" durationms="0.828" />
  <stringconstants candidates="13269" cleared="0"  />
</gc-op>
<gc-op id="4208" type="classunload" timems="0.004" contextid="4204" timestamp="2019-06-15T00:50:17.447">
  <classunload-info classloadercandidates="53" classloadersunloaded="0" classesunloaded="0" anonymousclassesunloaded="0" quiescems="0.000" setupms="0.004" scanms="0.000" postms="0.000" />
</gc-op>
<gc-end id="4209" type="partial gc" contextid="4204" durationms="3.007" usertimems="0.000" systemtimems="0.000" timestamp="2019-06-15T00:50:17.448" activeThreads="1">
  <mem-info id="4210" free="51380224" total="87031808" percent="59">
    <mem type="eden" free="1047840" total="1048576" percent="99" />
    <remembered-set count="121216" freebytes="2989184" totalbytes="3474048" percent="86" regionsoverflowed="0" regionsstable="0" regionsrebuilding="15"/>
  </mem-info>
</gc-end>
<cycle-end id="4211" type="partial gc" contextid="4204" timestamp="2019-06-15T00:50:17.448" />
  <attribute name="elasticGC enabled" value="1" />
  <attribute name= "numThreadsSpecified" value="1" />
  <attribute name="heapSize specified" value="0" />
  <attribute name="Current GC Util" value="76" />
  <attribute name= "Current Time Running" value="23393" />
  <attribute name ="GC Interval" value="0" />
  <attribute name="ProportionalT" value="28.000000" />
  <attribute name="ProportionalI" value="28.000000" />
  <attribute name="ProportionalH" value="28.000000" />
  <attribute name="Current Error" value="56.000000" />
  <attribute name="IntegralT" value="0.000000" />
  <attribute name="IntegralI" value="0.000000" />
  <attribute name="IntegralH" value="0.000000" />
  <attribute name="DerivativeT" value="inf" />
  <attribute name="DerivativeI" value="inf" />
  <attribute name="DerivativeH" value="inf" />
  <attribute name="Loop Time for DT" value="0.000000" />
  <attribute name="Output H" value="8388608"/>
  <attribute name="Output I" value="200"/>
  <attribute name="Output T" value="1"/>
  <attribute name="Target GC Util Change" value ="20.000000" />
  <attribute name="Current GC Util Change" value="76.000000"/>
  <attribute name="GC Util currently" value="76" />
  <attribute name="CPU Util currently" value="18328925543268" />
<exclusive-end id="4212" timestamp="2019-06-15T00:50:17.448" durationms="3.901" />

<exclusive-start id="4213" timestamp="2019-06-15T00:50:17.462" intervalms="17.563">
  <response-info timems="0.082" idlems="0.082" threads="0" lastid="0000000001CEB700" lastname="main" />
</exclusive-start>
<allocation-taxation id="4214" taxation-threshold="13631488" timestamp="2019-06-15T00:50:17.462" intervalms="17.624" />
<gc-start id="4215" type="global mark phase" contextid="3972" timestamp="2019-06-15T00:50:17.462">
  <mem-info id="4216" free="37748736" total="87031808" percent="43">
    <remembered-set count="120832" freebytes="2990720" totalbytes="3474048" percent="86" regionsoverflowed="0" regionsstable="0" regionsrebuilding="15"/>
  </mem-info>
</gc-start>
<gc-end id="4217" type="global mark phase" contextid="3972" durationms="0.129" usertimems="0.000" systemtimems="0.000" timestamp="2019-06-15T00:50:17.462" activeThreads="1">
  <mem-info id="4218" free="37748736" total="87031808" percent="43">
    <remembered-set count="120832" freebytes="2990720" totalbytes="3474048" percent="86" regionsoverflowed="0" regionsstable="0" regionsrebuilding="15"/>
  </mem-info>
</gc-end>
<concurrent-start id="4219" type="GMP work packet processing" contextid="3972" timestamp="2019-06-15T00:50:17.462">
  <concurrent-mark-start scanTarget="1048576" />
</concurrent-start>
<exclusive-end id="4220" timestamp="2019-06-15T00:50:17.462" durationms="0.836" />

<concurrent-end id="4221" type="GMP work packet processing" contextid="3972" timestamp="2019-06-15T00:50:17.463">
  <concurrent-mark-end bytesScanned="35416" reasonForTermination="Completed all work in GC phase" />
</concurrent-end>

<exclusive-start id="4222" timestamp="2019-06-15T00:50:17.630" intervalms="168.575">
  <response-info timems="0.075" idlems="0.075" threads="0" lastid="0000000001CEB700" lastname="main" />
</exclusive-start>
<allocation-taxation id="4223" taxation-threshold="13631488" timestamp="2019-06-15T00:50:17.630" intervalms="168.538" />
<cycle-start id="4224" type="partial gc" contextid="0" timestamp="2019-06-15T00:50:17.631" intervalms="186.234" />
<gc-start id="4225" type="partial gc" contextid="4224" timestamp="2019-06-15T00:50:17.631">
  <mem-info id="4226" free="24117248" total="87031808" percent="27">
    <mem type="eden" free="0" total="27262976" percent="0" />
    <remembered-set count="120896" freebytes="2990464" totalbytes="3474048" percent="86" regionsoverflowed="0" regionsstable="0" regionsrebuilding="15"/>
  </mem-info>
</gc-start>
<allocation-stats totalBytes="27254072" >
  <allocated-bytes non-tlh="0" tlh="27254072" arrayletleaf="0"/>
  <largest-consumer threadName="main" threadId="0000000001CEB700" bytes="13624608" />
</allocation-stats>
<gc-op id="4227" type="copy forward" timems="1.653" contextid="4224" timestamp="2019-06-15T00:50:17.633">
  <memory-copied type="eden" objects="67" bytes="2872" bytesdiscarded="0" />
  <memory-copied type="other" objects="6" bytes="144" bytesdiscarded="0" />
  <memory-cardclean objects="86" bytes="2440" />
  <regions eden="26" other="1" />
  <remembered-set-cleared processed="118398" cleared="44" durationms="0.787" />
  <stringconstants candidates="13269" cleared="0"  />
</gc-op>
<gc-op id="4228" type="classunload" timems="0.003" contextid="4224" timestamp="2019-06-15T00:50:17.634">
  <classunload-info classloadercandidates="53" classloadersunloaded="0" classesunloaded="0" anonymousclassesunloaded="0" quiescems="0.000" setupms="0.003" scanms="0.000" postms="0.000" />
</gc-op>
<heap-resize id="4229" type="contract" space="default" amount="5242880" count="1" timems="0.184" reason="insufficient time being spent in gc" timestamp="2019-06-15T00:50:17.634" />
<gc-end id="4230" type="partial gc" contextid="4224" durationms="3.298" usertimems="0.000" systemtimems="4.000" timestamp="2019-06-15T00:50:17.634" activeThreads="1">
  <mem-info id="4231" free="45088768" total="81788928" percent="55">
    <mem type="eden" free="1045704" total="1048576" percent="99" />
    <remembered-set count="121376" freebytes="2988544" totalbytes="3474048" percent="86" regionsoverflowed="0" regionsstable="0" regionsrebuilding="15"/>
  </mem-info>
</gc-end>
<cycle-end id="4232" type="partial gc" contextid="4224" timestamp="2019-06-15T00:50:17.634" />
  <attribute name="elasticGC enabled" value="1" />
  <attribute name= "numThreadsSpecified" value="1" />
  <attribute name="heapSize specified" value="0" />
  <attribute name="Current GC Util" value="79" />
  <attribute name= "Current Time Running" value="23579" />
  <attribute name ="GC Interval" value="0" />
  <attribute name="ProportionalT" value="29.500000" />
  <attribute name="ProportionalI" value="29.500000" />
  <attribute name="ProportionalH" value="29.500000" />
  <attribute name="Current Error" value="59.000000" />
  <attribute name="IntegralT" value="0.000000" />
  <attribute name="IntegralI" value="0.000000" />
  <attribute name="IntegralH" value="0.000000" />
  <attribute name="DerivativeT" value="inf" />
  <attribute name="DerivativeI" value="inf" />
  <attribute name="DerivativeH" value="inf" />
  <attribute name="Loop Time for DT" value="0.000000" />
  <attribute name="Output H" value="8388608"/>
  <attribute name="Output I" value="200"/>
  <attribute name="Output T" value="1"/>
  <attribute name="Target GC Util Change" value ="20.000000" />
  <attribute name="Current GC Util Change" value="79.000000"/>
  <attribute name="GC Util currently" value="79" />
  <attribute name="CPU Util currently" value="15790092409617" />
<exclusive-end id="4233" timestamp="2019-06-15T00:50:17.635" durationms="4.435" />

<exclusive-start id="4234" timestamp="2019-06-15T00:50:17.639" intervalms="8.618">
  <response-info timems="0.056" idlems="0.056" threads="0" lastid="0000000001CEB700" lastname="main" />
</exclusive-start>
<allocation-taxation id="4235" taxation-threshold="13631488" timestamp="2019-06-15T00:50:17.639" intervalms="8.673" />
<gc-start id="4236" type="global mark phase" contextid="3972" timestamp="2019-06-15T00:50:17.639">
  <mem-info id="4237" free="31457280" total="81788928" percent="38">
    <remembered-set count="120928" freebytes="2990336" totalbytes="3474048" percent="86" regionsoverflowed="0" regionsstable="0" regionsrebuilding="15"/>
  </mem-info>
</gc-start>
<gc-op id="4238" type="mark increment" timems="2.610" contextid="3972" timestamp="2019-06-15T00:50:17.642">
  <trace-info objectcount="91" scancount="89" scanbytes="346432" />
  <cardclean-info objects="43621" bytes="1450020" />
  <finalization candidates="80" enqueued="0" />
  <ownableSynchronizers candidates="21" cleared="0" />
  <references type="soft" candidates="1863" cleared="0" enqueued="0" dynamicThreshold="17" maxThreshold="32" />
  <references type="weak" candidates="5714" cleared="0" enqueued="0" />
  <references type="phantom" candidates="101" cleared="0" enqueued="0" />
  <stringconstants candidates="13269" cleared="0"  />
</gc-op>
<gc-op id="4239" type="classunload" timems="0.004" contextid="3972" timestamp="2019-06-15T00:50:17.642">
  <classunload-info classloadercandidates="53" classloadersunloaded="0" classesunloaded="0" anonymousclassesunloaded="0" quiescems="0.000" setupms="0.004" scanms="0.000" postms="0.000" />
</gc-op>
<gc-end id="4240" type="global mark phase" contextid="3972" durationms="3.075" usertimems="4.000" systemtimems="0.000" timestamp="2019-06-15T00:50:17.642" activeThreads="4">
  <mem-info id="4241" free="31457280" total="81788928" percent="38">
    <remembered-set count="127584" freebytes="2963712" totalbytes="3474048" percent="85" regionsoverflowed="0" regionsstable="0" regionsrebuilding="0"/>
  </mem-info>
</gc-end>
<cycle-end id="4242" type="global mark phase" contextid="3972" timestamp="2019-06-15T00:50:17.642" />
  <attribute name="elasticGC enabled" value="1" />
  <attribute name= "numThreadsSpecified" value="4" />
  <attribute name="heapSize specified" value="0" />
  <attribute name="Current GC Util" value="89" />
  <attribute name= "Current Time Running" value="23589" />
  <attribute name ="GC Interval" value="0" />
  <attribute name="ProportionalT" value="34.500000" />
  <attribute name="ProportionalI" value="34.500000" />
  <attribute name="ProportionalH" value="34.500000" />
  <attribute name="Current Error" value="69.000000" />
  <attribute name="IntegralT" value="69.000000" />
  <attribute name="IntegralI" value="69.000000" />
  <attribute name="IntegralH" value="69.000000" />
  <attribute name="DerivativeT" value="-58.000000" />
  <attribute name="DerivativeI" value="-58.000000" />
  <attribute name="DerivativeH" value="-58.000000" />
  <attribute name="Loop Time for DT" value="1.000000" />
  <attribute name="Output H" value="8388608"/>
  <attribute name="Output I" value="200"/>
  <attribute name="Output T" value="4"/>
  <attribute name="Target GC Util Change" value ="20.000000" />
  <attribute name="Current GC Util Change" value="89.000000"/>
  <attribute name="GC Util currently" value="89" />
  <attribute name="CPU Util currently" value="11183504829330" />
<exclusive-end id="4243" timestamp="2019-06-15T00:50:17.643" durationms="3.704" />

<exclusive-start id="4244" timestamp="2019-06-15T00:50:17.647" intervalms="7.923">
  <response-info timems="0.077" idlems="0.077" threads="0" lastid="0000000001CEB700" lastname="main" />
</exclusive-start>
<allocation-taxation id="4245" taxation-threshold="13631488" timestamp="2019-06-15T00:50:17.647" intervalms="7.903" />
<cycle-start id="4246" type="partial gc" contextid="0" timestamp="2019-06-15T00:50:17.647" intervalms="16.578" />
<gc-start id="4247" type="partial gc" contextid="4246" timestamp="2019-06-15T00:50:17.647">
  <mem-info id="4248" free="17825792" total="81788928" percent="21">
    <mem type="eden" free="0" total="27262976" percent="0" />
    <remembered-set count="105184" freebytes="3053312" totalbytes="3474048" percent="87" regionsoverflowed="0" regionsstable="9" regionsrebuilding="0"/>
  </mem-info>
</gc-start>
<allocation-stats totalBytes="27160672" >
  <allocated-bytes non-tlh="0" tlh="27160672" arrayletleaf="0"/>
  <largest-consumer threadName="main" threadId="0000000001CEB700" bytes="13581568" />
</allocation-stats>
<gc-op id="4249" type="sweep" timems="0.749" contextid="4246" timestamp="2019-06-15T00:50:17.649" />
<gc-op id="4250" type="copy forward" timems="1.772" contextid="4246" timestamp="2019-06-15T00:50:17.651">
  <memory-copied type="eden" objects="0" bytes="0" bytesdiscarded="0" />
  <memory-copied type="other" objects="67" bytes="2872" bytesdiscarded="544" />
  <memory-cardclean objects="49" bytes="1656" />
  <regions eden="13" other="1" />
  <remembered-set-cleared processed="103416" cleared="53" durationms="0.481" />
  <stringconstants candidates="13269" cleared="0"  />
</gc-op>
<gc-op id="4251" type="classunload" timems="0.004" contextid="4246" timestamp="2019-06-15T00:50:17.651">
  <classunload-info classloadercandidates="53" classloadersunloaded="0" classesunloaded="0" anonymousclassesunloaded="0" quiescems="0.000" setupms="0.004" scanms="0.000" postms="0.000" />
</gc-op>
<heap-resize id="4252" type="contract" space="default" amount="4194304" count="1" timems="0.261" reason="insufficient time being spent in gc" timestamp="2019-06-15T00:50:17.652" />
<gc-end id="4253" type="partial gc" contextid="4246" durationms="4.516" usertimems="0.000" systemtimems="4.000" timestamp="2019-06-15T00:50:17.652" activeThreads="4">
  <mem-info id="4254" free="40894464" total="77594624" percent="52">
    <remembered-set count="106080" freebytes="2840448" totalbytes="3264768" percent="87" regionsoverflowed="0" regionsstable="9" regionsrebuilding="0"/>
  </mem-info>
</gc-end>
<cycle-end id="4255" type="partial gc" contextid="4246" timestamp="2019-06-15T00:50:17.652" />
  <attribute name="elasticGC enabled" value="1" />
  <attribute name= "numThreadsSpecified" value="4" />
  <attribute name="heapSize specified" value="0" />
  <attribute name="Current GC Util" value="37" />
  <attribute name= "Current Time Running" value="23597" />
  <attribute name ="GC Interval" value="0" />
  <attribute name="ProportionalT" value="8.500000" />
  <attribute name="ProportionalI" value="8.500000" />
  <attribute name="ProportionalH" value="8.500000" />
  <attribute name="Current Error" value="17.000000" />
  <attribute name="IntegralT" value="0.000000" />
  <attribute name="IntegralI" value="0.000000" />
  <attribute name="IntegralH" value="0.000000" />
  <attribute name="DerivativeT" value="-inf" />
  <attribute name="DerivativeI" value="-inf" />
  <attribute name="DerivativeH" value="-inf" />
  <attribute name="Loop Time for DT" value="0.000000" />
  <attribute name="Output H" value="2091843584"/>
  <attribute name="Output I" value="200"/>
  <attribute name="Output T" value="4"/>
  <attribute name="Target GC Util Change" value ="20.000000" />
  <attribute name="Current GC Util Change" value="37.000000"/>
  <attribute name="GC Util currently" value="37" />
  <attribute name="CPU Util currently" value="10086294803282" />
<exclusive-end id="4256" timestamp="2019-06-15T00:50:17.652" durationms="5.535" />

<exclusive-start id="4257" timestamp="2019-06-15T00:50:17.660" intervalms="13.454">
  <response-info timems="0.070" idlems="0.070" threads="0" lastid="0000000001CEB700" lastname="main" />
</exclusive-start>
<allocation-taxation id="4258" taxation-threshold="26214400" timestamp="2019-06-15T00:50:17.660" intervalms="13.390" />
<cycle-start id="4259" type="partial gc" contextid="0" timestamp="2019-06-15T00:50:17.660" intervalms="13.297" />
<gc-start id="4260" type="partial gc" contextid="4259" timestamp="2019-06-15T00:50:17.661">
  <mem-info id="4261" free="14680064" total="77594624" percent="18">
    <mem type="eden" free="0" total="26214400" percent="0" />
    <remembered-set count="79744" freebytes="2945792" totalbytes="3264768" percent="90" regionsoverflowed="0" regionsstable="13" regionsrebuilding="0"/>
  </mem-info>
</gc-start>
<allocation-stats totalBytes="26115936" >
  <allocated-bytes non-tlh="0" tlh="26115936" arrayletleaf="0"/>
  <largest-consumer threadName="main" threadId="0000000001CEB700" bytes="26115936" />
</allocation-stats>
<gc-op id="4262" type="copy forward" timems="3.116" contextid="4259" timestamp="2019-06-15T00:50:17.665">
  <memory-copied type="eden" objects="0" bytes="0" bytesdiscarded="0" />
  <memory-copied type="other" objects="2972" bytes="166232" bytesdiscarded="5952" />
  <memory-cardclean objects="78495" bytes="2432584" />
  <regions eden="25" other="10" />
  <remembered-set-cleared processed="63812" cleared="16737" durationms="0.495" />
  <references type="soft" candidates="24" cleared="0" enqueued="0" dynamicThreshold="16" maxThreshold="32" />
  <references type="weak" candidates="149" cleared="0" enqueued="0" />
  <stringconstants candidates="13269" cleared="0"  />
</gc-op>
<gc-op id="4263" type="classunload" timems="0.004" contextid="4259" timestamp="2019-06-15T00:50:17.665">
  <classunload-info classloadercandidates="53" classloadersunloaded="0" classesunloaded="0" anonymousclassesunloaded="0" quiescems="0.000" setupms="0.004" scanms="0.000" postms="0.000" />
</gc-op>
<heap-resize id="4264" type="contract" space="default" amount="4194304" count="1" timems="0.239" reason="excess free space following gc" timestamp="2019-06-15T00:50:17.665" />
<gc-end id="4265" type="partial gc" contextid="4259" durationms="4.624" usertimems="12.000" systemtimems="0.000" timestamp="2019-06-15T00:50:17.665" activeThreads="4">
  <mem-info id="4266" free="45088768" total="73400320" percent="61">
    <remembered-set count="57792" freebytes="2866176" totalbytes="3097344" percent="92" regionsoverflowed="0" regionsstable="13" regionsrebuilding="0"/>
  </mem-info>
</gc-end>
<cycle-end id="4267" type="partial gc" contextid="4259" timestamp="2019-06-15T00:50:17.665" />
  <attribute name="elasticGC enabled" value="1" />
  <attribute name= "numThreadsSpecified" value="4" />
  <attribute name="heapSize specified" value="0" />
  <attribute name="Current GC Util" value="33" />
  <attribute name= "Current Time Running" value="23609" />
  <attribute name ="GC Interval" value="0" />
  <attribute name="ProportionalT" value="6.500000" />
  <attribute name="ProportionalI" value="6.500000" />
  <attribute name="ProportionalH" value="6.500000" />
  <attribute name="Current Error" value="13.000000" />
  <attribute name="IntegralT" value="0.000000" />
  <attribute name="IntegralI" value="0.000000" />
  <attribute name="IntegralH" value="0.000000" />
  <attribute name="DerivativeT" value="-inf" />
  <attribute name="DerivativeI" value="-inf" />
  <attribute name="DerivativeH" value="-inf" />
  <attribute name="Loop Time for DT" value="0.000000" />
  <attribute name="Output H" value="2091843584"/>
  <attribute name="Output I" value="200"/>
  <attribute name="Output T" value="4"/>
  <attribute name="Target GC Util Change" value ="20.000000" />
  <attribute name="Current GC Util Change" value="33.000000"/>
  <attribute name="GC Util currently" value="33" />
  <attribute name="CPU Util currently" value="10082391711192" />
<exclusive-end id="4268" timestamp="2019-06-15T00:50:17.666" durationms="5.334" />

<exclusive-start id="4269" timestamp="2019-06-15T00:50:17.673" intervalms="12.872">
  <response-info timems="0.074" idlems="0.074" threads="0" lastid="0000000001CEB700" lastname="main" />
</exclusive-start>
<allocation-taxation id="4270" taxation-threshold="25165824" timestamp="2019-06-15T00:50:17.673" intervalms="12.871" />
<cycle-start id="4271" type="partial gc" contextid="0" timestamp="2019-06-15T00:50:17.673" intervalms="12.872" />
<gc-start id="4272" type="partial gc" contextid="4271" timestamp="2019-06-15T00:50:17.674">
  <mem-info id="4273" free="19922944" total="73400320" percent="27">
    <mem type="eden" free="0" total="25165824" percent="0" />
    <remembered-set count="57536" freebytes="2867200" totalbytes="3097344" percent="92" regionsoverflowed="0" regionsstable="13" regionsrebuilding="0"/>
  </mem-info>
</gc-start>
<allocation-stats totalBytes="25080680" >
  <allocated-bytes non-tlh="0" tlh="25080680" arrayletleaf="0"/>
  <largest-consumer threadName="main" threadId="0000000001CEB700" bytes="25080680" />
</allocation-stats>
<gc-op id="4274" type="copy forward" timems="2.026" contextid="4271" timestamp="2019-06-15T00:50:17.676">
  <memory-copied type="eden" objects="1" bytes="24" bytesdiscarded="0" />
  <memory-copied type="other" objects="6" bytes="144" bytesdiscarded="0" />
  <memory-cardclean objects="37604" bytes="1148376" />
  <regions eden="24" other="1" />
  <remembered-set-cleared processed="49224" cleared="4361" durationms="0.330" />
  <stringconstants candidates="13269" cleared="0"  />
</gc-op>
<gc-op id="4275" type="classunload" timems="0.004" contextid="4271" timestamp="2019-06-15T00:50:17.677">
  <classunload-info classloadercandidates="53" classloadersunloaded="0" classesunloaded="0" anonymousclassesunloaded="0" quiescems="0.000" setupms="0.004" scanms="0.000" postms="0.000" />
</gc-op>
<gc-end id="4276" type="partial gc" contextid="4271" durationms="3.229" usertimems="4.000" systemtimems="0.000" timestamp="2019-06-15T00:50:17.677" activeThreads="4">
  <mem-info id="4277" free="44040192" total="73400320" percent="60">
    <mem type="eden" free="1048552" total="1048576" percent="99" />
    <remembered-set count="50144" freebytes="2729344" totalbytes="2929920" percent="93" regionsoverflowed="0" regionsstable="13" regionsrebuilding="0"/>
  </mem-info>
</gc-end>
<cycle-end id="4278" type="partial gc" contextid="4271" timestamp="2019-06-15T00:50:17.677" />
  <attribute name="elasticGC enabled" value="1" />
  <attribute name= "numThreadsSpecified" value="4" />
  <attribute name="heapSize specified" value="0" />
  <attribute name="Current GC Util" value="38" />
  <attribute name= "Current Time Running" value="23622" />
  <attribute name ="GC Interval" value="0" />
  <attribute name="ProportionalT" value="9.000000" />
  <attribute name="ProportionalI" value="9.000000" />
  <attribute name="ProportionalH" value="9.000000" />
  <attribute name="Current Error" value="18.000000" />
  <attribute name="IntegralT" value="0.000000" />
  <attribute name="IntegralI" value="0.000000" />
  <attribute name="IntegralH" value="0.000000" />
  <attribute name="DerivativeT" value="-inf" />
  <attribute name="DerivativeI" value="-inf" />
  <attribute name="DerivativeH" value="-inf" />
  <attribute name="Loop Time for DT" value="0.000000" />
  <attribute name="Output H" value="2091843584"/>
  <attribute name="Output I" value="200"/>
  <attribute name="Output T" value="4"/>
  <attribute name="Target GC Util Change" value ="20.000000" />
  <attribute name="Current GC Util Change" value="38.000000"/>
  <attribute name="GC Util currently" value="38" />
  <attribute name="CPU Util currently" value="10116341391564" />
<exclusive-end id="4279" timestamp="2019-06-15T00:50:17.677" durationms="3.926" />

<exclusive-start id="4280" timestamp="2019-06-15T00:50:17.681" intervalms="7.743">
  <response-info timems="0.074" idlems="0.074" threads="0" lastid="0000000001CEB700" lastname="main" />
</exclusive-start>
<allocation-taxation id="4281" taxation-threshold="12582912" timestamp="2019-06-15T00:50:17.681" intervalms="7.742" />
<cycle-start id="4282" type="global mark phase" contextid="0" timestamp="2019-06-15T00:50:17.681" intervalms="537.794" />
<gc-start id="4283" type="global mark phase" contextid="4282" timestamp="2019-06-15T00:50:17.681">
  <mem-info id="4284" free="31457280" total="73400320" percent="42">
    <remembered-set count="50144" freebytes="2729344" totalbytes="2929920" percent="93" regionsoverflowed="0" regionsstable="13" regionsrebuilding="0"/>
  </mem-info>
</gc-start>
<gc-op id="4285" type="mark increment" timems="0.514" contextid="4282" timestamp="2019-06-15T00:50:17.682">
  <trace-info objectcount="168" scancount="0" scanbytes="0" />
</gc-op>
<gc-end id="4286" type="global mark phase" contextid="4282" durationms="0.680" usertimems="0.000" systemtimems="0.000" timestamp="2019-06-15T00:50:17.682" activeThreads="4">
  <mem-info id="4287" free="31457280" total="73400320" percent="42">
    <remembered-set count="50144" freebytes="2729344" totalbytes="2929920" percent="93" regionsoverflowed="0" regionsstable="0" regionsrebuilding="13"/>
  </mem-info>
</gc-end>
<concurrent-start id="4288" type="GMP work packet processing" contextid="4282" timestamp="2019-06-15T00:50:17.682">
  <concurrent-mark-start scanTarget="1605189" />
</concurrent-start>
<exclusive-end id="4289" timestamp="2019-06-15T00:50:17.682" durationms="1.260" />

<concurrent-end id="4290" type="GMP work packet processing" contextid="4282" timestamp="2019-06-15T00:50:17.684">
  <concurrent-mark-end bytesScanned="1693956" reasonForTermination="Work target met" />
</concurrent-end>

<exclusive-start id="4291" timestamp="2019-06-15T00:50:17.687" intervalms="6.511">
  <response-info timems="0.063" idlems="0.063" threads="0" lastid="0000000001CEB700" lastname="main" />
</exclusive-start>
<allocation-taxation id="4292" taxation-threshold="12582912" timestamp="2019-06-15T00:50:17.687" intervalms="6.508" />
<cycle-start id="4293" type="partial gc" contextid="0" timestamp="2019-06-15T00:50:17.688" intervalms="14.248" />
<gc-start id="4294" type="partial gc" contextid="4293" timestamp="2019-06-15T00:50:17.688">
  <mem-info id="4295" free="18874368" total="73400320" percent="25">
    <mem type="eden" free="1048552" total="26214400" percent="3" />
    <remembered-set count="56192" freebytes="2705152" totalbytes="2929920" percent="92" regionsoverflowed="0" regionsstable="0" regionsrebuilding="13"/>
  </mem-info>
</gc-start>
<allocation-stats totalBytes="25080968" >
  <allocated-bytes non-tlh="0" tlh="25080968" arrayletleaf="0"/>
  <largest-consumer threadName="main" threadId="0000000001CEB700" bytes="12541704" />
</allocation-stats>
<gc-op id="4296" type="copy forward" timems="1.487" contextid="4293" timestamp="2019-06-15T00:50:17.690">
  <memory-copied type="eden" objects="1" bytes="24" bytesdiscarded="0" />
  <memory-copied type="other" objects="6" bytes="136" bytesdiscarded="648" />
  <memory-cardclean objects="49" bytes="1304" />
  <regions eden="24" other="2" />
  <remembered-set-cleared processed="54165" cleared="31" durationms="0.269" />
  <stringconstants candidates="13269" cleared="0"  />
</gc-op>
<gc-op id="4297" type="classunload" timems="0.004" contextid="4293" timestamp="2019-06-15T00:50:17.690">
  <classunload-info classloadercandidates="53" classloadersunloaded="0" classesunloaded="0" anonymousclassesunloaded="0" quiescems="0.000" setupms="0.004" scanms="0.000" postms="0.000" />
</gc-op>
<gc-end id="4298" type="partial gc" contextid="4293" durationms="2.454" usertimems="4.000" systemtimems="0.000" timestamp="2019-06-15T00:50:17.690" activeThreads="4">
  <mem-info id="4299" free="44040192" total="73400320" percent="60">
    <mem type="eden" free="1048552" total="1048576" percent="99" />
    <remembered-set count="56160" freebytes="2705280" totalbytes="2929920" percent="92" regionsoverflowed="0" regionsstable="0" regionsrebuilding="13"/>
  </mem-info>
</gc-end>
<cycle-end id="4300" type="partial gc" contextid="4293" timestamp="2019-06-15T00:50:17.690" />
  <attribute name="elasticGC enabled" value="1" />
  <attribute name= "numThreadsSpecified" value="4" />
  <attribute name="heapSize specified" value="0" />
  <attribute name="Current GC Util" value="56" />
  <attribute name= "Current Time Running" value="23636" />
  <attribute name ="GC Interval" value="0" />
  <attribute name="ProportionalT" value="18.000000" />
  <attribute name="ProportionalI" value="18.000000" />
  <attribute name="ProportionalH" value="18.000000" />
  <attribute name="Current Error" value="36.000000" />
  <attribute name="IntegralT" value="0.000000" />
  <attribute name="IntegralI" value="0.000000" />
  <attribute name="IntegralH" value="0.000000" />
  <attribute name="DerivativeT" value="-inf" />
  <attribute name="DerivativeI" value="-inf" />
  <attribute name="DerivativeH" value="-inf" />
  <attribute name="Loop Time for DT" value="0.000000" />
  <attribute name="Output H" value="2091843584"/>
  <attribute name="Output I" value="200"/>
  <attribute name="Output T" value="4"/>
  <attribute name="Target GC Util Change" value ="20.000000" />
  <attribute name="Current GC Util Change" value="56.000000"/>
  <attribute name="GC Util currently" value="56" />
  <attribute name="CPU Util currently" value="21317040779727" />
<exclusive-end id="4301" timestamp="2019-06-15T00:50:17.691" durationms="3.177" />

<exclusive-start id="4302" timestamp="2019-06-15T00:50:17.694" intervalms="7.057">
  <response-info timems="0.075" idlems="0.075" threads="0" lastid="0000000001CEB700" lastname="main" />
</exclusive-start>
<allocation-taxation id="4303" taxation-threshold="12582912" timestamp="2019-06-15T00:50:17.694" intervalms="7.068" />
<gc-start id="4304" type="global mark phase" contextid="4282" timestamp="2019-06-15T00:50:17.695">
  <mem-info id="4305" free="31457280" total="73400320" percent="42">
    <remembered-set count="56160" freebytes="2705280" totalbytes="2929920" percent="92" regionsoverflowed="0" regionsstable="0" regionsrebuilding="13"/>
  </mem-info>
</gc-start>
<gc-end id="4306" type="global mark phase" contextid="4282" durationms="0.116" usertimems="0.000" systemtimems="0.000" timestamp="2019-06-15T00:50:17.695" activeThreads="4">
  <mem-info id="4307" free="31457280" total="73400320" percent="42">
    <remembered-set count="56160" freebytes="2705280" totalbytes="2929920" percent="92" regionsoverflowed="0" regionsstable="0" regionsrebuilding="13"/>
  </mem-info>
</gc-end>
<concurrent-start id="4308" type="GMP work packet processing" contextid="4282" timestamp="2019-06-15T00:50:17.695">
  <concurrent-mark-start scanTarget="1605189" />
</concurrent-start>
<exclusive-end id="4309" timestamp="2019-06-15T00:50:17.695" durationms="0.623" />

<exclusive-start id="4310" timestamp="2019-06-15T00:50:17.700" intervalms="5.321">
  <response-info timems="0.086" idlems="0.086" threads="0" lastid="0000000001CEB700" lastname="main" />
</exclusive-start>
<allocation-taxation id="4311" taxation-threshold="12582912" timestamp="2019-06-15T00:50:17.700" intervalms="5.358" />
<concurrent-end id="4312" type="GMP work packet processing" contextid="4282" timestamp="2019-06-15T00:50:17.700">
  <concurrent-mark-end bytesScanned="1661140" reasonForTermination="Work target met" />
</concurrent-end>

<cycle-start id="4313" type="partial gc" contextid="0" timestamp="2019-06-15T00:50:17.700" intervalms="12.637" />
<gc-start id="4314" type="partial gc" contextid="4313" timestamp="2019-06-15T00:50:17.700">
  <mem-info id="4315" free="18874368" total="73400320" percent="25">
    <mem type="eden" free="1048552" total="26214400" percent="3" />
    <remembered-set count="59328" freebytes="2692608" totalbytes="2929920" percent="91" regionsoverflowed="0" regionsstable="0" regionsrebuilding="13"/>
  </mem-info>
</gc-start>
<allocation-stats totalBytes="25080968" >
  <allocated-bytes non-tlh="0" tlh="25080968" arrayletleaf="0"/>
  <largest-consumer threadName="main" threadId="0000000001CEB700" bytes="12541704" />
</allocation-stats>
<gc-op id="4316" type="copy forward" timems="1.547" contextid="4313" timestamp="2019-06-15T00:50:17.703">
  <memory-copied type="eden" objects="1" bytes="24" bytesdiscarded="0" />
  <memory-copied type="other" objects="13" bytes="496" bytesdiscarded="0" />
  <memory-cardclean objects="68" bytes="1704" />
  <regions eden="24" other="2" />
  <remembered-set-cleared processed="57460" cleared="22" durationms="0.453" />
  <stringconstants candidates="13269" cleared="0"  />
</gc-op>
<gc-op id="4317" type="classunload" timems="0.004" contextid="4313" timestamp="2019-06-15T00:50:17.703">
  <classunload-info classloadercandidates="53" classloadersunloaded="0" classesunloaded="0" anonymousclassesunloaded="0" quiescems="0.000" setupms="0.003" scanms="0.000" postms="0.000" />
</gc-op>
<gc-end id="4318" type="partial gc" contextid="4313" durationms="2.576" usertimems="4.000" systemtimems="0.000" timestamp="2019-06-15T00:50:17.703" activeThreads="1">
  <mem-info id="4319" free="44040192" total="73400320" percent="60">
    <mem type="eden" free="1048552" total="1048576" percent="99" />
    <remembered-set count="59616" freebytes="2691456" totalbytes="2929920" percent="91" regionsoverflowed="0" regionsstable="0" regionsrebuilding="13"/>
  </mem-info>
</gc-end>
<cycle-end id="4320" type="partial gc" contextid="4313" timestamp="2019-06-15T00:50:17.703" />
  <attribute name="elasticGC enabled" value="1" />
  <attribute name= "numThreadsSpecified" value="1" />
  <attribute name="heapSize specified" value="0" />
  <attribute name="Current GC Util" value="68" />
  <attribute name= "Current Time Running" value="23649" />
  <attribute name ="GC Interval" value="0" />
  <attribute name="ProportionalT" value="24.000000" />
  <attribute name="ProportionalI" value="24.000000" />
  <attribute name="ProportionalH" value="24.000000" />
  <attribute name="Current Error" value="48.000000" />
  <attribute name="IntegralT" value="0.000000" />
  <attribute name="IntegralI" value="0.000000" />
  <attribute name="IntegralH" value="0.000000" />
  <attribute name="DerivativeT" value="inf" />
  <attribute name="DerivativeI" value="inf" />
  <attribute name="DerivativeH" value="inf" />
  <attribute name="Loop Time for DT" value="0.000000" />
  <attribute name="Output H" value="8388608"/>
  <attribute name="Output I" value="200"/>
  <attribute name="Output T" value="1"/>
  <attribute name="Target GC Util Change" value ="20.000000" />
  <attribute name="Current GC Util Change" value="68.000000"/>
  <attribute name="GC Util currently" value="68" />
  <attribute name="CPU Util currently" value="22025016085426" />
<exclusive-end id="4321" timestamp="2019-06-15T00:50:17.703" durationms="3.592" />

<exclusive-start id="4322" timestamp="2019-06-15T00:50:17.707" intervalms="7.496">
  <response-info timems="0.072" idlems="0.072" threads="0" lastid="0000000001CEB700" lastname="main" />
</exclusive-start>
<allocation-taxation id="4323" taxation-threshold="12582912" timestamp="2019-06-15T00:50:17.707" intervalms="7.515" />
<gc-start id="4324" type="global mark phase" contextid="4282" timestamp="2019-06-15T00:50:17.708">
  <mem-info id="4325" free="31457280" total="73400320" percent="42">
    <remembered-set count="59296" freebytes="2692736" totalbytes="2929920" percent="91" regionsoverflowed="0" regionsstable="0" regionsrebuilding="13"/>
  </mem-info>
</gc-start>
<gc-end id="4326" type="global mark phase" contextid="4282" durationms="0.203" usertimems="0.000" systemtimems="0.000" timestamp="2019-06-15T00:50:17.708" activeThreads="1">
  <mem-info id="4327" free="31457280" total="73400320" percent="42">
    <remembered-set count="59296" freebytes="2692736" totalbytes="2929920" percent="91" regionsoverflowed="0" regionsstable="0" regionsrebuilding="13"/>
  </mem-info>
</gc-end>
<concurrent-start id="4328" type="GMP work packet processing" contextid="4282" timestamp="2019-06-15T00:50:17.708">
  <concurrent-mark-start scanTarget="1048576" />
</concurrent-start>
<exclusive-end id="4329" timestamp="2019-06-15T00:50:17.708" durationms="0.893" />

<concurrent-end id="4330" type="GMP work packet processing" contextid="4282" timestamp="2019-06-15T00:50:17.709">
  <concurrent-mark-end bytesScanned="1092296" reasonForTermination="Work target met" />
</concurrent-end>

<exclusive-start id="4331" timestamp="2019-06-15T00:50:17.712" intervalms="5.204">
  <response-info timems="0.061" idlems="0.061" threads="0" lastid="0000000001CEB700" lastname="main" />
</exclusive-start>
<allocation-taxation id="4332" taxation-threshold="12582912" timestamp="2019-06-15T00:50:17.713" intervalms="5.198" />
<cycle-start id="4333" type="partial gc" contextid="0" timestamp="2019-06-15T00:50:17.713" intervalms="12.591" />
<gc-start id="4334" type="partial gc" contextid="4333" timestamp="2019-06-15T00:50:17.713">
  <mem-info id="4335" free="18874368" total="73400320" percent="25">
    <mem type="eden" free="1048552" total="26214400" percent="3" />
    <remembered-set count="62336" freebytes="2680576" totalbytes="2929920" percent="91" regionsoverflowed="0" regionsstable="0" regionsrebuilding="13"/>
  </mem-info>
</gc-start>
<allocation-stats totalBytes="25080968" >
  <allocated-bytes non-tlh="0" tlh="25080968" arrayletleaf="0"/>
  <largest-consumer threadName="main" threadId="0000000001CEB700" bytes="12541704" />
</allocation-stats>
<gc-op id="4336" type="copy forward" timems="1.502" contextid="4333" timestamp="2019-06-15T00:50:17.715">
  <memory-copied type="eden" objects="1" bytes="24" bytesdiscarded="0" />
  <memory-copied type="other" objects="6" bytes="136" bytesdiscarded="0" />
  <memory-cardclean objects="49" bytes="1304" />
  <regions eden="24" other="2" />
  <remembered-set-cleared processed="60073" cleared="31" durationms="0.461" />
  <stringconstants candidates="13269" cleared="0"  />
</gc-op>
<gc-op id="4337" type="classunload" timems="0.004" contextid="4333" timestamp="2019-06-15T00:50:17.715">
  <classunload-info classloadercandidates="53" classloadersunloaded="0" classesunloaded="0" anonymousclassesunloaded="0" quiescems="0.000" setupms="0.004" scanms="0.000" postms="0.000" />
</gc-op>
<gc-end id="4338" type="partial gc" contextid="4333" durationms="2.714" usertimems="0.000" systemtimems="0.000" timestamp="2019-06-15T00:50:17.716" activeThreads="1">
  <mem-info id="4339" free="44040192" total="73400320" percent="60">
    <mem type="eden" free="1048552" total="1048576" percent="99" />
    <remembered-set count="62496" freebytes="2679936" totalbytes="2929920" percent="91" regionsoverflowed="0" regionsstable="0" regionsrebuilding="13"/>
  </mem-info>
</gc-end>
<cycle-end id="4340" type="partial gc" contextid="4333" timestamp="2019-06-15T00:50:17.716" />
  <attribute name="elasticGC enabled" value="1" />
  <attribute name= "numThreadsSpecified" value="1" />
  <attribute name="heapSize specified" value="0" />
  <attribute name="Current GC Util" value="72" />
  <attribute name= "Current Time Running" value="23661" />
  <attribute name ="GC Interval" value="0" />
  <attribute name="ProportionalT" value="26.000000" />
  <attribute name="ProportionalI" value="26.000000" />
  <attribute name="ProportionalH" value="26.000000" />
  <attribute name="Current Error" value="52.000000" />
  <attribute name="IntegralT" value="0.000000" />
  <attribute name="IntegralI" value="0.000000" />
  <attribute name="IntegralH" value="0.000000" />
  <attribute name="DerivativeT" value="inf" />
  <attribute name="DerivativeI" value="inf" />
  <attribute name="DerivativeH" value="inf" />
  <attribute name="Loop Time for DT" value="0.000000" />
  <attribute name="Output H" value="8388608"/>
  <attribute name="Output I" value="200"/>
  <attribute name="Output T" value="1"/>
  <attribute name="Target GC Util Change" value ="20.000000" />
  <attribute name="Current GC Util Change" value="72.000000"/>
  <attribute name="GC Util currently" value="72" />
  <attribute name="CPU Util currently" value="18361619404144" />
<exclusive-end id="4341" timestamp="2019-06-15T00:50:17.716" durationms="3.730" />

<exclusive-start id="4342" timestamp="2019-06-15T00:50:17.720" intervalms="7.630">
  <response-info timems="0.074" idlems="0.074" threads="0" lastid="0000000001CEB700" lastname="main" />
</exclusive-start>
<allocation-taxation id="4343" taxation-threshold="12582912" timestamp="2019-06-15T00:50:17.720" intervalms="7.679" />
<gc-start id="4344" type="global mark phase" contextid="4282" timestamp="2019-06-15T00:50:17.720">
  <mem-info id="4345" free="31457280" total="73400320" percent="42">
    <remembered-set count="62176" freebytes="2681216" totalbytes="2929920" percent="91" regionsoverflowed="0" regionsstable="0" regionsrebuilding="13"/>
  </mem-info>
</gc-start>
<gc-end id="4346" type="global mark phase" contextid="4282" durationms="0.202" usertimems="0.000" systemtimems="0.000" timestamp="2019-06-15T00:50:17.721" activeThreads="1">
  <mem-info id="4347" free="31457280" total="73400320" percent="42">
    <remembered-set count="62176" freebytes="2681216" totalbytes="2929920" percent="91" regionsoverflowed="0" regionsstable="0" regionsrebuilding="13"/>
  </mem-info>
</gc-end>
<concurrent-start id="4348" type="GMP work packet processing" contextid="4282" timestamp="2019-06-15T00:50:17.721">
  <concurrent-mark-start scanTarget="1048576" />
</concurrent-start>
<exclusive-end id="4349" timestamp="2019-06-15T00:50:17.721" durationms="0.938" />

<concurrent-end id="4350" type="GMP work packet processing" contextid="4282" timestamp="2019-06-15T00:50:17.722">
  <concurrent-mark-end bytesScanned="1088220" reasonForTermination="Work target met" />
</concurrent-end>

<exclusive-start id="4351" timestamp="2019-06-15T00:50:17.725" intervalms="5.251">
  <response-info timems="0.066" idlems="0.066" threads="0" lastid="0000000001CEB700" lastname="main" />
</exclusive-start>
<allocation-taxation id="4352" taxation-threshold="12582912" timestamp="2019-06-15T00:50:17.725" intervalms="5.202" />
<cycle-start id="4353" type="partial gc" contextid="0" timestamp="2019-06-15T00:50:17.726" intervalms="12.880" />
<gc-start id="4354" type="partial gc" contextid="4353" timestamp="2019-06-15T00:50:17.726">
  <mem-info id="4355" free="18874368" total="73400320" percent="25">
    <mem type="eden" free="1048552" total="26214400" percent="3" />
    <remembered-set count="65344" freebytes="2668544" totalbytes="2929920" percent="91" regionsoverflowed="0" regionsstable="0" regionsrebuilding="13"/>
  </mem-info>
</gc-start>
<allocation-stats totalBytes="25080968" >
  <allocated-bytes non-tlh="0" tlh="25080968" arrayletleaf="0"/>
  <largest-consumer threadName="main" threadId="0000000001CEB700" bytes="12541704" />
</allocation-stats>
<gc-op id="4356" type="copy forward" timems="1.402" contextid="4353" timestamp="2019-06-15T00:50:17.728">
  <memory-copied type="eden" objects="1" bytes="24" bytesdiscarded="0" />
  <memory-copied type="other" objects="6" bytes="136" bytesdiscarded="0" />
  <memory-cardclean objects="49" bytes="1304" />
  <regions eden="24" other="2" />
  <remembered-set-cleared processed="62876" cleared="39" durationms="0.452" />
  <stringconstants candidates="13269" cleared="0"  />
</gc-op>
<gc-op id="4357" type="classunload" timems="0.004" contextid="4353" timestamp="2019-06-15T00:50:17.728">
  <classunload-info classloadercandidates="53" classloadersunloaded="0" classesunloaded="0" anonymousclassesunloaded="0" quiescems="0.000" setupms="0.004" scanms="0.000" postms="0.000" />
</gc-op>
<gc-end id="4358" type="partial gc" contextid="4353" durationms="2.528" usertimems="0.000" systemtimems="0.000" timestamp="2019-06-15T00:50:17.728" activeThreads="1">
  <mem-info id="4359" free="44040192" total="73400320" percent="60">
    <mem type="eden" free="1048552" total="1048576" percent="99" />
    <remembered-set count="65632" freebytes="2667392" totalbytes="2929920" percent="91" regionsoverflowed="0" regionsstable="0" regionsrebuilding="13"/>
  </mem-info>
</gc-end>
<cycle-end id="4360" type="partial gc" contextid="4353" timestamp="2019-06-15T00:50:17.729" />
  <attribute name="elasticGC enabled" value="1" />
  <attribute name= "numThreadsSpecified" value="1" />
  <attribute name="heapSize specified" value="0" />
  <attribute name="Current GC Util" value="68" />
  <attribute name= "Current Time Running" value="23674" />
  <attribute name ="GC Interval" value="0" />
  <attribute name="ProportionalT" value="24.000000" />
  <attribute name="ProportionalI" value="24.000000" />
  <attribute name="ProportionalH" value="24.000000" />
  <attribute name="Current Error" value="48.000000" />
  <attribute name="IntegralT" value="0.000000" />
  <attribute name="IntegralI" value="0.000000" />
  <attribute name="IntegralH" value="0.000000" />
  <attribute name="DerivativeT" value="inf" />
  <attribute name="DerivativeI" value="inf" />
  <attribute name="DerivativeH" value="inf" />
  <attribute name="Loop Time for DT" value="0.000000" />
  <attribute name="Output H" value="8388608"/>
  <attribute name="Output I" value="200"/>
  <attribute name="Output T" value="1"/>
  <attribute name="Target GC Util Change" value ="20.000000" />
  <attribute name="Current GC Util Change" value="68.000000"/>
  <attribute name="GC Util currently" value="68" />
  <attribute name="CPU Util currently" value="19191688450167" />
<exclusive-end id="4361" timestamp="2019-06-15T00:50:17.729" durationms="3.610" />

<exclusive-start id="4362" timestamp="2019-06-15T00:50:17.733" intervalms="7.532">
  <response-info timems="0.075" idlems="0.075" threads="0" lastid="0000000001CEB700" lastname="main" />
</exclusive-start>
<allocation-taxation id="4363" taxation-threshold="12582912" timestamp="2019-06-15T00:50:17.733" intervalms="7.590" />
<gc-start id="4364" type="global mark phase" contextid="4282" timestamp="2019-06-15T00:50:17.733">
  <mem-info id="4365" free="31457280" total="73400320" percent="42">
    <remembered-set count="65344" freebytes="2668544" totalbytes="2929920" percent="91" regionsoverflowed="0" regionsstable="0" regionsrebuilding="13"/>
  </mem-info>
</gc-start>
<gc-end id="4366" type="global mark phase" contextid="4282" durationms="0.175" usertimems="0.000" systemtimems="0.000" timestamp="2019-06-15T00:50:17.733" activeThreads="1">
  <mem-info id="4367" free="31457280" total="73400320" percent="42">
    <remembered-set count="65344" freebytes="2668544" totalbytes="2929920" percent="91" regionsoverflowed="0" regionsstable="0" regionsrebuilding="13"/>
  </mem-info>
</gc-end>
<concurrent-start id="4368" type="GMP work packet processing" contextid="4282" timestamp="2019-06-15T00:50:17.734">
  <concurrent-mark-start scanTarget="1048576" />
</concurrent-start>
<exclusive-end id="4369" timestamp="2019-06-15T00:50:17.734" durationms="0.879" />

<concurrent-end id="4370" type="GMP work packet processing" contextid="4282" timestamp="2019-06-15T00:50:17.734">
  <concurrent-mark-end bytesScanned="1091180" reasonForTermination="Work target met" />
</concurrent-end>

<exclusive-start id="4371" timestamp="2019-06-15T00:50:17.738" intervalms="5.155">
  <response-info timems="0.066" idlems="0.066" threads="0" lastid="0000000001CEB700" lastname="main" />
</exclusive-start>
<allocation-taxation id="4372" taxation-threshold="12582912" timestamp="2019-06-15T00:50:17.738" intervalms="5.098" />
<cycle-start id="4373" type="partial gc" contextid="0" timestamp="2019-06-15T00:50:17.738" intervalms="12.688" />
<gc-start id="4374" type="partial gc" contextid="4373" timestamp="2019-06-15T00:50:17.739">
  <mem-info id="4375" free="18874368" total="73400320" percent="25">
    <mem type="eden" free="1048552" total="26214400" percent="3" />
    <remembered-set count="67360" freebytes="2660480" totalbytes="2929920" percent="90" regionsoverflowed="0" regionsstable="0" regionsrebuilding="13"/>
  </mem-info>
</gc-start>
<allocation-stats totalBytes="25080968" >
  <allocated-bytes non-tlh="0" tlh="25080968" arrayletleaf="0"/>
  <largest-consumer threadName="main" threadId="0000000001CEB700" bytes="12541704" />
</allocation-stats>
<gc-op id="4376" type="copy forward" timems="1.504" contextid="4373" timestamp="2019-06-15T00:50:17.741">
  <memory-copied type="eden" objects="1" bytes="24" bytesdiscarded="0" />
  <memory-copied type="other" objects="6" bytes="136" bytesdiscarded="0" />
  <memory-cardclean objects="49" bytes="1304" />
  <regions eden="24" other="2" />
  <remembered-set-cleared processed="65136" cleared="30" durationms="0.495" />
  <stringconstants candidates="13269" cleared="0"  />
</gc-op>
<gc-op id="4377" type="classunload" timems="0.004" contextid="4373" timestamp="2019-06-15T00:50:17.741">
  <classunload-info classloadercandidates="53" classloadersunloaded="0" classesunloaded="0" anonymousclassesunloaded="0" quiescems="0.000" setupms="0.004" scanms="0.000" postms="0.000" />
</gc-op>
<gc-end id="4378" type="partial gc" contextid="4373" durationms="2.672" usertimems="4.000" systemtimems="0.000" timestamp="2019-06-15T00:50:17.741" activeThreads="1">
  <mem-info id="4379" free="44040192" total="73400320" percent="60">
    <mem type="eden" free="1048552" total="1048576" percent="99" />
    <remembered-set count="67648" freebytes="2659328" totalbytes="2929920" percent="90" regionsoverflowed="0" regionsstable="0" regionsrebuilding="13"/>
  </mem-info>
</gc-end>
<cycle-end id="4380" type="partial gc" contextid="4373" timestamp="2019-06-15T00:50:17.741" />
  <attribute name="elasticGC enabled" value="1" />
  <attribute name= "numThreadsSpecified" value="1" />
  <attribute name="heapSize specified" value="0" />
  <attribute name="Current GC Util" value="74" />
  <attribute name= "Current Time Running" value="23687" />
  <attribute name ="GC Interval" value="0" />
  <attribute name="ProportionalT" value="27.000000" />
  <attribute name="ProportionalI" value="27.000000" />
  <attribute name="ProportionalH" value="27.000000" />
  <attribute name="Current Error" value="54.000000" />
  <attribute name="IntegralT" value="0.000000" />
  <attribute name="IntegralI" value="0.000000" />
  <attribute name="IntegralH" value="0.000000" />
  <attribute name="DerivativeT" value="inf" />
  <attribute name="DerivativeI" value="inf" />
  <attribute name="DerivativeH" value="inf" />
  <attribute name="Loop Time for DT" value="0.000000" />
  <attribute name="Output H" value="8388608"/>
  <attribute name="Output I" value="200"/>
  <attribute name="Output T" value="1"/>
  <attribute name="Target GC Util Change" value ="20.000000" />
  <attribute name="Current GC Util Change" value="74.000000"/>
  <attribute name="GC Util currently" value="74" />
  <attribute name="CPU Util currently" value="18450433957676" />
<exclusive-end id="4381" timestamp="2019-06-15T00:50:17.742" durationms="3.659" />

<exclusive-start id="4382" timestamp="2019-06-15T00:50:17.746" intervalms="7.580">
  <response-info timems="0.077" idlems="0.077" threads="0" lastid="0000000001CEB700" lastname="main" />
</exclusive-start>
<allocation-taxation id="4383" taxation-threshold="12582912" timestamp="2019-06-15T00:50:17.746" intervalms="7.570" />
<gc-start id="4384" type="global mark phase" contextid="4282" timestamp="2019-06-15T00:50:17.746">
  <mem-info id="4385" free="31457280" total="73400320" percent="42">
    <remembered-set count="67360" freebytes="2660480" totalbytes="2929920" percent="90" regionsoverflowed="0" regionsstable="0" regionsrebuilding="13"/>
  </mem-info>
</gc-start>
<gc-end id="4386" type="global mark phase" contextid="4282" durationms="0.190" usertimems="0.000" systemtimems="0.000" timestamp="2019-06-15T00:50:17.746" activeThreads="1">
  <mem-info id="4387" free="31457280" total="73400320" percent="42">
    <remembered-set count="67360" freebytes="2660480" totalbytes="2929920" percent="90" regionsoverflowed="0" regionsstable="0" regionsrebuilding="13"/>
  </mem-info>
</gc-end>
<concurrent-start id="4388" type="GMP work packet processing" contextid="4282" timestamp="2019-06-15T00:50:17.746">
  <concurrent-mark-start scanTarget="1048576" />
</concurrent-start>
<exclusive-end id="4389" timestamp="2019-06-15T00:50:17.746" durationms="0.867" />

<concurrent-end id="4390" type="GMP work packet processing" contextid="4282" timestamp="2019-06-15T00:50:17.747">
  <concurrent-mark-end bytesScanned="1091284" reasonForTermination="Work target met" />
</concurrent-end>

<exclusive-start id="4391" timestamp="2019-06-15T00:50:17.751" intervalms="5.339">
  <response-info timems="0.065" idlems="0.065" threads="0" lastid="0000000001CEB700" lastname="main" />
</exclusive-start>
<allocation-taxation id="4392" taxation-threshold="12582912" timestamp="2019-06-15T00:50:17.751" intervalms="5.405" />
<cycle-start id="4393" type="partial gc" contextid="0" timestamp="2019-06-15T00:50:17.751" intervalms="12.979" />
<gc-start id="4394" type="partial gc" contextid="4393" timestamp="2019-06-15T00:50:17.752">
  <mem-info id="4395" free="18874368" total="73400320" percent="25">
    <mem type="eden" free="1048552" total="26214400" percent="3" />
    <remembered-set count="71296" freebytes="2644736" totalbytes="2929920" percent="90" regionsoverflowed="0" regionsstable="0" regionsrebuilding="13"/>
  </mem-info>
</gc-start>
<allocation-stats totalBytes="25080968" >
  <allocated-bytes non-tlh="0" tlh="25080968" arrayletleaf="0"/>
  <largest-consumer threadName="main" threadId="0000000001CEB700" bytes="12541704" />
</allocation-stats>
<gc-op id="4396" type="copy forward" timems="1.465" contextid="4393" timestamp="2019-06-15T00:50:17.754">
  <memory-copied type="eden" objects="1" bytes="24" bytesdiscarded="0" />
  <memory-copied type="other" objects="0" bytes="0" bytesdiscarded="0" />
  <memory-cardclean objects="17" bytes="440" />
  <regions eden="24" other="1" />
  <remembered-set-cleared processed="68699" cleared="5" durationms="0.492" />
  <stringconstants candidates="13269" cleared="0"  />
</gc-op>
<gc-op id="4397" type="classunload" timems="0.004" contextid="4393" timestamp="2019-06-15T00:50:17.754">
  <classunload-info classloadercandidates="53" classloadersunloaded="0" classesunloaded="0" anonymousclassesunloaded="0" quiescems="0.000" setupms="0.004" scanms="0.000" postms="0.000" />
</gc-op>
<gc-end id="4398" type="partial gc" contextid="4393" durationms="2.615" usertimems="4.000" systemtimems="0.000" timestamp="2019-06-15T00:50:17.754" activeThreads="1">
  <mem-info id="4399" free="44040192" total="73400320" percent="60">
    <mem type="eden" free="1048552" total="1048576" percent="99" />
    <remembered-set count="71744" freebytes="2642944" totalbytes="2929920" percent="90" regionsoverflowed="0" regionsstable="0" regionsrebuilding="13"/>
  </mem-info>
</gc-end>
<cycle-end id="4400" type="partial gc" contextid="4393" timestamp="2019-06-15T00:50:17.754" />
  <attribute name="elasticGC enabled" value="1" />
  <attribute name= "numThreadsSpecified" value="1" />
  <attribute name="heapSize specified" value="0" />
  <attribute name="Current GC Util" value="74" />
  <attribute name= "Current Time Running" value="23700" />
  <attribute name ="GC Interval" value="0" />
  <attribute name="ProportionalT" value="27.000000" />
  <attribute name="ProportionalI" value="27.000000" />
  <attribute name="ProportionalH" value="27.000000" />
  <attribute name="Current Error" value="54.000000" />
  <attribute name="IntegralT" value="0.000000" />
  <attribute name="IntegralI" value="0.000000" />
  <attribute name="IntegralH" value="0.000000" />
  <attribute name="DerivativeT" value="inf" />
  <attribute name="DerivativeI" value="inf" />
  <attribute name="DerivativeH" value="inf" />
  <attribute name="Loop Time for DT" value="0.000000" />
  <attribute name="Output H" value="8388608"/>
  <attribute name="Output I" value="200"/>
  <attribute name="Output T" value="1"/>
  <attribute name="Target GC Util Change" value ="20.000000" />
  <attribute name="Current GC Util Change" value="74.000000"/>
  <attribute name="GC Util currently" value="74" />
  <attribute name="CPU Util currently" value="18802026972123" />
<exclusive-end id="4401" timestamp="2019-06-15T00:50:17.755" durationms="3.676" />

<exclusive-start id="4402" timestamp="2019-06-15T00:50:17.759" intervalms="7.622">
  <response-info timems="0.076" idlems="0.076" threads="0" lastid="0000000001CEB700" lastname="main" />
</exclusive-start>
<allocation-taxation id="4403" taxation-threshold="12582912" timestamp="2019-06-15T00:50:17.759" intervalms="7.607" />
<gc-start id="4404" type="global mark phase" contextid="4282" timestamp="2019-06-15T00:50:17.759">
  <mem-info id="4405" free="31457280" total="73400320" percent="42">
    <remembered-set count="71296" freebytes="2644736" totalbytes="2929920" percent="90" regionsoverflowed="0" regionsstable="0" regionsrebuilding="13"/>
  </mem-info>
</gc-start>
<gc-end id="4406" type="global mark phase" contextid="4282" durationms="0.190" usertimems="0.000" systemtimems="0.000" timestamp="2019-06-15T00:50:17.759" activeThreads="1">
  <mem-info id="4407" free="31457280" total="73400320" percent="42">
    <remembered-set count="71296" freebytes="2644736" totalbytes="2929920" percent="90" regionsoverflowed="0" regionsstable="0" regionsrebuilding="13"/>
  </mem-info>
</gc-end>
<concurrent-start id="4408" type="GMP work packet processing" contextid="4282" timestamp="2019-06-15T00:50:17.759">
  <concurrent-mark-start scanTarget="1048576" />
</concurrent-start>
<exclusive-end id="4409" timestamp="2019-06-15T00:50:17.760" durationms="1.514" />

<concurrent-end id="4410" type="GMP work packet processing" contextid="4282" timestamp="2019-06-15T00:50:17.760">
  <concurrent-mark-end bytesScanned="1116112" reasonForTermination="Work target met" />
</concurrent-end>

<exclusive-start id="4411" timestamp="2019-06-15T00:50:17.764" intervalms="5.418">
  <response-info timems="0.074" idlems="0.074" threads="0" lastid="0000000001CEB700" lastname="main" />
</exclusive-start>
<allocation-taxation id="4412" taxation-threshold="12582912" timestamp="2019-06-15T00:50:17.764" intervalms="5.429" />
<cycle-start id="4413" type="partial gc" contextid="0" timestamp="2019-06-15T00:50:17.764" intervalms="13.044" />
<gc-start id="4414" type="partial gc" contextid="4413" timestamp="2019-06-15T00:50:17.765">
  <mem-info id="4415" free="18874368" total="73400320" percent="25">
    <mem type="eden" free="1048552" total="26214400" percent="3" />
    <remembered-set count="73440" freebytes="2636160" totalbytes="2929920" percent="89" regionsoverflowed="0" regionsstable="0" regionsrebuilding="13"/>
  </mem-info>
</gc-start>
<allocation-stats totalBytes="25080968" >
  <allocated-bytes non-tlh="0" tlh="25080968" arrayletleaf="0"/>
  <largest-consumer threadName="main" threadId="0000000001CEB700" bytes="12541704" />
</allocation-stats>
<gc-op id="4416" type="copy forward" timems="1.445" contextid="4413" timestamp="2019-06-15T00:50:17.767">
  <memory-copied type="eden" objects="1" bytes="24" bytesdiscarded="0" />
  <memory-copied type="other" objects="0" bytes="0" bytesdiscarded="0" />
  <memory-cardclean objects="17" bytes="440" />
  <regions eden="24" other="1" />
  <remembered-set-cleared processed="70908" cleared="6" durationms="0.500" />
  <stringconstants candidates="13269" cleared="0"  />
</gc-op>
<gc-op id="4417" type="classunload" timems="0.004" contextid="4413" timestamp="2019-06-15T00:50:17.767">
  <classunload-info classloadercandidates="53" classloadersunloaded="0" classesunloaded="0" anonymousclassesunloaded="0" quiescems="0.000" setupms="0.004" scanms="0.000" postms="0.000" />
</gc-op>
<gc-end id="4418" type="partial gc" contextid="4413" durationms="2.571" usertimems="0.000" systemtimems="4.000" timestamp="2019-06-15T00:50:17.767" activeThreads="1">
  <mem-info id="4419" free="44040192" total="73400320" percent="60">
    <mem type="eden" free="1048552" total="1048576" percent="99" />
    <remembered-set count="73888" freebytes="2634368" totalbytes="2929920" percent="89" regionsoverflowed="0" regionsstable="0" regionsrebuilding="13"/>
  </mem-info>
</gc-end>
<cycle-end id="4420" type="partial gc" contextid="4413" timestamp="2019-06-15T00:50:17.767" />
  <attribute name="elasticGC enabled" value="1" />
  <attribute name= "numThreadsSpecified" value="1" />
  <attribute name="heapSize specified" value="0" />
  <attribute name="Current GC Util" value="74" />
  <attribute name= "Current Time Running" value="23713" />
  <attribute name ="GC Interval" value="0" />
  <attribute name="ProportionalT" value="27.000000" />
  <attribute name="ProportionalI" value="27.000000" />
  <attribute name="ProportionalH" value="27.000000" />
  <attribute name="Current Error" value="54.000000" />
  <attribute name="IntegralT" value="0.000000" />
  <attribute name="IntegralI" value="0.000000" />
  <attribute name="IntegralH" value="0.000000" />
  <attribute name="DerivativeT" value="inf" />
  <attribute name="DerivativeI" value="inf" />
  <attribute name="DerivativeH" value="inf" />
  <attribute name="Loop Time for DT" value="0.000000" />
  <attribute name="Output H" value="8388608"/>
  <attribute name="Output I" value="200"/>
  <attribute name="Output T" value="1"/>
  <attribute name="Target GC Util Change" value ="20.000000" />
  <attribute name="Current GC Util Change" value="74.000000"/>
  <attribute name="GC Util currently" value="74" />
  <attribute name="CPU Util currently" value="18382112362979" />
<exclusive-end id="4421" timestamp="2019-06-15T00:50:17.768" durationms="3.714" />

<exclusive-start id="4422" timestamp="2019-06-15T00:50:17.772" intervalms="7.613">
  <response-info timems="0.077" idlems="0.077" threads="0" lastid="0000000001CEB700" lastname="main" />
</exclusive-start>
<allocation-taxation id="4423" taxation-threshold="12582912" timestamp="2019-06-15T00:50:17.772" intervalms="7.622" />
<gc-start id="4424" type="global mark phase" contextid="4282" timestamp="2019-06-15T00:50:17.772">
  <mem-info id="4425" free="31457280" total="73400320" percent="42">
    <remembered-set count="73440" freebytes="2636160" totalbytes="2929920" percent="89" regionsoverflowed="0" regionsstable="0" regionsrebuilding="13"/>
  </mem-info>
</gc-start>
<gc-end id="4426" type="global mark phase" contextid="4282" durationms="0.205" usertimems="0.000" systemtimems="0.000" timestamp="2019-06-15T00:50:17.772" activeThreads="1">
  <mem-info id="4427" free="31457280" total="73400320" percent="42">
    <remembered-set count="73440" freebytes="2636160" totalbytes="2929920" percent="89" regionsoverflowed="0" regionsstable="0" regionsrebuilding="13"/>
  </mem-info>
</gc-end>
<concurrent-start id="4428" type="GMP work packet processing" contextid="4282" timestamp="2019-06-15T00:50:17.772">
  <concurrent-mark-start scanTarget="1048576" />
</concurrent-start>
<exclusive-end id="4429" timestamp="2019-06-15T00:50:17.773" durationms="1.002" />

<concurrent-end id="4430" type="GMP work packet processing" contextid="4282" timestamp="2019-06-15T00:50:17.773">
  <concurrent-mark-end bytesScanned="1092128" reasonForTermination="Work target met" />
</concurrent-end>

<exclusive-start id="4431" timestamp="2019-06-15T00:50:17.777" intervalms="5.385">
  <response-info timems="0.073" idlems="0.073" threads="0" lastid="0000000001CEB700" lastname="main" />
</exclusive-start>
<allocation-taxation id="4432" taxation-threshold="12582912" timestamp="2019-06-15T00:50:17.777" intervalms="5.324" />
<cycle-start id="4433" type="partial gc" contextid="0" timestamp="2019-06-15T00:50:17.777" intervalms="12.935" />
<gc-start id="4434" type="partial gc" contextid="4433" timestamp="2019-06-15T00:50:17.778">
  <mem-info id="4435" free="18874368" total="73400320" percent="25">
    <mem type="eden" free="1048552" total="26214400" percent="3" />
    <remembered-set count="75232" freebytes="2628992" totalbytes="2929920" percent="89" regionsoverflowed="0" regionsstable="0" regionsrebuilding="13"/>
  </mem-info>
</gc-start>
<allocation-stats totalBytes="25080968" >
  <allocated-bytes non-tlh="0" tlh="25080968" arrayletleaf="0"/>
  <largest-consumer threadName="main" threadId="0000000001CEB700" bytes="12541704" />
</allocation-stats>
<gc-op id="4436" type="copy forward" timems="1.355" contextid="4433" timestamp="2019-06-15T00:50:17.780">
  <memory-copied type="eden" objects="1" bytes="24" bytesdiscarded="0" />
  <memory-copied type="other" objects="0" bytes="0" bytesdiscarded="0" />
  <memory-cardclean objects="17" bytes="440" />
  <regions eden="24" other="1" />
  <remembered-set-cleared processed="72745" cleared="6" durationms="0.494" />
  <stringconstants candidates="13269" cleared="0"  />
</gc-op>
<gc-op id="4437" type="classunload" timems="0.003" contextid="4433" timestamp="2019-06-15T00:50:17.780">
  <classunload-info classloadercandidates="53" classloadersunloaded="0" classesunloaded="0" anonymousclassesunloaded="0" quiescems="0.000" setupms="0.003" scanms="0.000" postms="0.000" />
</gc-op>
<gc-end id="4438" type="partial gc" contextid="4433" durationms="2.489" usertimems="0.000" systemtimems="0.000" timestamp="2019-06-15T00:50:17.780" activeThreads="1">
  <mem-info id="4439" free="44040192" total="73400320" percent="60">
    <mem type="eden" free="1048552" total="1048576" percent="99" />
    <remembered-set count="75680" freebytes="2627200" totalbytes="2929920" percent="89" regionsoverflowed="0" regionsstable="0" regionsrebuilding="13"/>
  </mem-info>
</gc-end>
<cycle-end id="4440" type="partial gc" contextid="4433" timestamp="2019-06-15T00:50:17.780" />
  <attribute name="elasticGC enabled" value="1" />
  <attribute name= "numThreadsSpecified" value="1" />
  <attribute name="heapSize specified" value="0" />
  <attribute name="Current GC Util" value="70" />
  <attribute name= "Current Time Running" value="23726" />
  <attribute name ="GC Interval" value="0" />
  <attribute name="ProportionalT" value="25.000000" />
  <attribute name="ProportionalI" value="25.000000" />
  <attribute name="ProportionalH" value="25.000000" />
  <attribute name="Current Error" value="50.000000" />
  <attribute name="IntegralT" value="0.000000" />
  <attribute name="IntegralI" value="0.000000" />
  <attribute name="IntegralH" value="0.000000" />
  <attribute name="DerivativeT" value="inf" />
  <attribute name="DerivativeI" value="inf" />
  <attribute name="DerivativeH" value="inf" />
  <attribute name="Loop Time for DT" value="0.000000" />
  <attribute name="Output H" value="8388608"/>
  <attribute name="Output I" value="200"/>
  <attribute name="Output T" value="1"/>
  <attribute name="Target GC Util Change" value ="20.000000" />
  <attribute name="Current GC Util Change" value="70.000000"/>
  <attribute name="GC Util currently" value="70" />
  <attribute name="CPU Util currently" value="18813455749107" />
<exclusive-end id="4441" timestamp="2019-06-15T00:50:17.780" durationms="3.551" />

<exclusive-start id="4442" timestamp="2019-06-15T00:50:17.784" intervalms="7.470">
  <response-info timems="0.075" idlems="0.075" threads="0" lastid="0000000001CEB700" lastname="main" />
</exclusive-start>
<allocation-taxation id="4443" taxation-threshold="12582912" timestamp="2019-06-15T00:50:17.785" intervalms="7.522" />
<gc-start id="4444" type="global mark phase" contextid="4282" timestamp="2019-06-15T00:50:17.785">
  <mem-info id="4445" free="31457280" total="73400320" percent="42">
    <remembered-set count="75232" freebytes="2628992" totalbytes="2929920" percent="89" regionsoverflowed="0" regionsstable="0" regionsrebuilding="13"/>
  </mem-info>
</gc-start>
<gc-end id="4446" type="global mark phase" contextid="4282" durationms="0.124" usertimems="0.000" systemtimems="0.000" timestamp="2019-06-15T00:50:17.785" activeThreads="1">
  <mem-info id="4447" free="31457280" total="73400320" percent="42">
    <remembered-set count="75232" freebytes="2628992" totalbytes="2929920" percent="89" regionsoverflowed="0" regionsstable="0" regionsrebuilding="13"/>
  </mem-info>
</gc-end>
<concurrent-start id="4448" type="GMP work packet processing" contextid="4282" timestamp="2019-06-15T00:50:17.785">
  <concurrent-mark-start scanTarget="1048576" />
</concurrent-start>
<exclusive-end id="4449" timestamp="2019-06-15T00:50:17.786" durationms="1.563" />

<concurrent-end id="4450" type="GMP work packet processing" contextid="4282" timestamp="2019-06-15T00:50:17.786">
  <concurrent-mark-end bytesScanned="1085336" reasonForTermination="Work target met" />
</concurrent-end>

<exclusive-start id="4451" timestamp="2019-06-15T00:50:17.790" intervalms="5.427">
  <response-info timems="0.067" idlems="0.067" threads="0" lastid="0000000001CEB700" lastname="main" />
</exclusive-start>
<allocation-taxation id="4452" taxation-threshold="12582912" timestamp="2019-06-15T00:50:17.790" intervalms="5.421" />
<cycle-start id="4453" type="partial gc" contextid="0" timestamp="2019-06-15T00:50:17.790" intervalms="12.970" />
<gc-start id="4454" type="partial gc" contextid="4453" timestamp="2019-06-15T00:50:17.791">
  <mem-info id="4455" free="18874368" total="73400320" percent="25">
    <mem type="eden" free="1048552" total="26214400" percent="3" />
    <remembered-set count="82272" freebytes="2600832" totalbytes="2929920" percent="88" regionsoverflowed="0" regionsstable="0" regionsrebuilding="13"/>
  </mem-info>
</gc-start>
<allocation-stats totalBytes="25080968" >
  <allocated-bytes non-tlh="0" tlh="25080968" arrayletleaf="0"/>
  <largest-consumer threadName="main" threadId="0000000001CEB700" bytes="12541704" />
</allocation-stats>
<gc-op id="4456" type="copy forward" timems="1.508" contextid="4453" timestamp="2019-06-15T00:50:17.793">
  <memory-copied type="eden" objects="1" bytes="24" bytesdiscarded="0" />
  <memory-copied type="other" objects="0" bytes="0" bytesdiscarded="0" />
  <memory-cardclean objects="17" bytes="440" />
  <regions eden="24" other="1" />
  <remembered-set-cleared processed="80158" cleared="6" durationms="0.558" />
  <stringconstants candidates="13269" cleared="0"  />
</gc-op>
<gc-op id="4457" type="classunload" timems="0.004" contextid="4453" timestamp="2019-06-15T00:50:17.793">
  <classunload-info classloadercandidates="53" classloadersunloaded="0" classesunloaded="0" anonymousclassesunloaded="0" quiescems="0.000" setupms="0.004" scanms="0.000" postms="0.000" />
</gc-op>
<gc-end id="4458" type="partial gc" contextid="4453" durationms="2.649" usertimems="0.000" systemtimems="0.000" timestamp="2019-06-15T00:50:17.793" activeThreads="1">
  <mem-info id="4459" free="44040192" total="73400320" percent="60">
    <mem type="eden" free="1048552" total="1048576" percent="99" />
    <remembered-set count="82720" freebytes="2599040" totalbytes="2929920" percent="88" regionsoverflowed="0" regionsstable="0" regionsrebuilding="13"/>
  </mem-info>
</gc-end>
<cycle-end id="4460" type="partial gc" contextid="4453" timestamp="2019-06-15T00:50:17.793" />
  <attribute name="elasticGC enabled" value="1" />
  <attribute name= "numThreadsSpecified" value="1" />
  <attribute name="heapSize specified" value="0" />
  <attribute name="Current GC Util" value="70" />
  <attribute name= "Current Time Running" value="23739" />
  <attribute name ="GC Interval" value="0" />
  <attribute name="ProportionalT" value="25.000000" />
  <attribute name="ProportionalI" value="25.000000" />
  <attribute name="ProportionalH" value="25.000000" />
  <attribute name="Current Error" value="50.000000" />
  <attribute name="IntegralT" value="0.000000" />
  <attribute name="IntegralI" value="0.000000" />
  <attribute name="IntegralH" value="0.000000" />
  <attribute name="DerivativeT" value="inf" />
  <attribute name="DerivativeI" value="inf" />
  <attribute name="DerivativeH" value="inf" />
  <attribute name="Loop Time for DT" value="0.000000" />
  <attribute name="Output H" value="8388608"/>
  <attribute name="Output I" value="200"/>
  <attribute name="Output T" value="1"/>
  <attribute name="Target GC Util Change" value ="20.000000" />
  <attribute name="Current GC Util Change" value="70.000000"/>
  <attribute name="GC Util currently" value="70" />
  <attribute name="CPU Util currently" value="18624947365637" />
<exclusive-end id="4461" timestamp="2019-06-15T00:50:17.794" durationms="3.728" />

<exclusive-start id="4462" timestamp="2019-06-15T00:50:17.797" intervalms="7.611">
  <response-info timems="0.074" idlems="0.074" threads="0" lastid="0000000001CEB700" lastname="main" />
</exclusive-start>
<allocation-taxation id="4463" taxation-threshold="12582912" timestamp="2019-06-15T00:50:17.798" intervalms="7.615" />
<gc-start id="4464" type="global mark phase" contextid="4282" timestamp="2019-06-15T00:50:17.798">
  <mem-info id="4465" free="31457280" total="73400320" percent="42">
    <remembered-set count="82272" freebytes="2600832" totalbytes="2929920" percent="88" regionsoverflowed="0" regionsstable="0" regionsrebuilding="13"/>
  </mem-info>
</gc-start>
<gc-end id="4466" type="global mark phase" contextid="4282" durationms="0.200" usertimems="0.000" systemtimems="0.000" timestamp="2019-06-15T00:50:17.798" activeThreads="1">
  <mem-info id="4467" free="31457280" total="73400320" percent="42">
    <remembered-set count="82272" freebytes="2600832" totalbytes="2929920" percent="88" regionsoverflowed="0" regionsstable="0" regionsrebuilding="13"/>
  </mem-info>
</gc-end>
<concurrent-start id="4468" type="GMP work packet processing" contextid="4282" timestamp="2019-06-15T00:50:17.798">
  <concurrent-mark-start scanTarget="1048576" />
</concurrent-start>
<exclusive-end id="4469" timestamp="2019-06-15T00:50:17.798" durationms="1.037" />

<concurrent-end id="4470" type="GMP work packet processing" contextid="4282" timestamp="2019-06-15T00:50:17.799">
  <concurrent-mark-end bytesScanned="1097116" reasonForTermination="Work target met" />
</concurrent-end>

<exclusive-start id="4471" timestamp="2019-06-15T00:50:17.803" intervalms="5.570">
  <response-info timems="0.070" idlems="0.070" threads="0" lastid="0000000001CEB700" lastname="main" />
</exclusive-start>
<allocation-taxation id="4472" taxation-threshold="12582912" timestamp="2019-06-15T00:50:17.803" intervalms="5.509" />
<cycle-start id="4473" type="partial gc" contextid="0" timestamp="2019-06-15T00:50:17.803" intervalms="13.128" />
<gc-start id="4474" type="partial gc" contextid="4473" timestamp="2019-06-15T00:50:17.804">
  <mem-info id="4475" free="18874368" total="73400320" percent="25">
    <mem type="eden" free="1048552" total="26214400" percent="3" />
    <remembered-set count="92928" freebytes="2558208" totalbytes="2929920" percent="87" regionsoverflowed="0" regionsstable="0" regionsrebuilding="13"/>
  </mem-info>
</gc-start>
<allocation-stats totalBytes="25080968" >
  <allocated-bytes non-tlh="0" tlh="25080968" arrayletleaf="0"/>
  <largest-consumer threadName="main" threadId="0000000001CEB700" bytes="12541704" />
</allocation-stats>
<gc-op id="4476" type="copy forward" timems="1.560" contextid="4473" timestamp="2019-06-15T00:50:17.806">
  <memory-copied type="eden" objects="1" bytes="24" bytesdiscarded="0" />
  <memory-copied type="other" objects="0" bytes="0" bytesdiscarded="0" />
  <memory-cardclean objects="17" bytes="440" />
  <regions eden="24" other="1" />
  <remembered-set-cleared processed="90386" cleared="6" durationms="0.590" />
  <stringconstants candidates="13269" cleared="0"  />
</gc-op>
<gc-op id="4477" type="classunload" timems="0.003" contextid="4473" timestamp="2019-06-15T00:50:17.806">
  <classunload-info classloadercandidates="53" classloadersunloaded="0" classesunloaded="0" anonymousclassesunloaded="0" quiescems="0.000" setupms="0.003" scanms="0.000" postms="0.000" />
</gc-op>
<gc-end id="4478" type="partial gc" contextid="4473" durationms="2.708" usertimems="4.000" systemtimems="0.000" timestamp="2019-06-15T00:50:17.806" activeThreads="1">
  <mem-info id="4479" free="44040192" total="73400320" percent="60">
    <mem type="eden" free="1048552" total="1048576" percent="99" />
    <remembered-set count="93376" freebytes="2556416" totalbytes="2929920" percent="87" regionsoverflowed="0" regionsstable="0" regionsrebuilding="13"/>
  </mem-info>
</gc-end>
<cycle-end id="4480" type="partial gc" contextid="4473" timestamp="2019-06-15T00:50:17.807" />
  <attribute name="elasticGC enabled" value="1" />
  <attribute name= "numThreadsSpecified" value="1" />
  <attribute name="heapSize specified" value="0" />
  <attribute name="Current GC Util" value="73" />
  <attribute name= "Current Time Running" value="23752" />
  <attribute name ="GC Interval" value="0" />
  <attribute name="ProportionalT" value="26.500000" />
  <attribute name="ProportionalI" value="26.500000" />
  <attribute name="ProportionalH" value="26.500000" />
  <attribute name="Current Error" value="53.000000" />
  <attribute name="IntegralT" value="0.000000" />
  <attribute name="IntegralI" value="0.000000" />
  <attribute name="IntegralH" value="0.000000" />
  <attribute name="DerivativeT" value="inf" />
  <attribute name="DerivativeI" value="inf" />
  <attribute name="DerivativeH" value="inf" />
  <attribute name="Loop Time for DT" value="0.000000" />
  <attribute name="Output H" value="8388608"/>
  <attribute name="Output I" value="200"/>
  <attribute name="Output T" value="1"/>
  <attribute name="Target GC Util Change" value ="20.000000" />
  <attribute name="Current GC Util Change" value="73.000000"/>
  <attribute name="GC Util currently" value="73" />
  <attribute name="CPU Util currently" value="18773553895007" />
<exclusive-end id="4481" timestamp="2019-06-15T00:50:17.807" durationms="3.793" />

<exclusive-start id="4482" timestamp="2019-06-15T00:50:17.811" intervalms="7.726">
  <response-info timems="0.074" idlems="0.074" threads="0" lastid="0000000001CEB700" lastname="main" />
</exclusive-start>
<allocation-taxation id="4483" taxation-threshold="12582912" timestamp="2019-06-15T00:50:17.811" intervalms="7.794" />
<gc-start id="4484" type="global mark phase" contextid="4282" timestamp="2019-06-15T00:50:17.811">
  <mem-info id="4485" free="31457280" total="73400320" percent="42">
    <remembered-set count="92928" freebytes="2558208" totalbytes="2929920" percent="87" regionsoverflowed="0" regionsstable="0" regionsrebuilding="13"/>
  </mem-info>
</gc-start>
<gc-end id="4486" type="global mark phase" contextid="4282" durationms="0.201" usertimems="0.000" systemtimems="0.000" timestamp="2019-06-15T00:50:17.811" activeThreads="1">
  <mem-info id="4487" free="31457280" total="73400320" percent="42">
    <remembered-set count="92928" freebytes="2558208" totalbytes="2929920" percent="87" regionsoverflowed="0" regionsstable="0" regionsrebuilding="13"/>
  </mem-info>
</gc-end>
<concurrent-start id="4488" type="GMP work packet processing" contextid="4282" timestamp="2019-06-15T00:50:17.812">
  <concurrent-mark-start scanTarget="1048576" />
</concurrent-start>
<exclusive-end id="4489" timestamp="2019-06-15T00:50:17.812" durationms="0.946" />

<concurrent-end id="4490" type="GMP work packet processing" contextid="4282" timestamp="2019-06-15T00:50:17.812">
  <concurrent-mark-end bytesScanned="1091856" reasonForTermination="Work target met" />
</concurrent-end>

<exclusive-start id="4491" timestamp="2019-06-15T00:50:17.816" intervalms="5.191">
  <response-info timems="0.072" idlems="0.072" threads="0" lastid="0000000001CEB700" lastname="main" />
</exclusive-start>
<allocation-taxation id="4492" taxation-threshold="12582912" timestamp="2019-06-15T00:50:17.816" intervalms="5.121" />
<cycle-start id="4493" type="partial gc" contextid="0" timestamp="2019-06-15T00:50:17.816" intervalms="12.881" />
<gc-start id="4494" type="partial gc" contextid="4493" timestamp="2019-06-15T00:50:17.817">
  <mem-info id="4495" free="18874368" total="73400320" percent="25">
    <mem type="eden" free="1048552" total="26214400" percent="3" />
    <remembered-set count="94944" freebytes="2550144" totalbytes="2929920" percent="87" regionsoverflowed="0" regionsstable="0" regionsrebuilding="13"/>
  </mem-info>
</gc-start>
<allocation-stats totalBytes="25080968" >
  <allocated-bytes non-tlh="0" tlh="25080968" arrayletleaf="0"/>
  <largest-consumer threadName="main" threadId="0000000001CEB700" bytes="12541704" />
</allocation-stats>
<gc-op id="4496" type="copy forward" timems="1.492" contextid="4493" timestamp="2019-06-15T00:50:17.819">
  <memory-copied type="eden" objects="1" bytes="24" bytesdiscarded="0" />
  <memory-copied type="other" objects="0" bytes="0" bytesdiscarded="0" />
  <memory-cardclean objects="17" bytes="440" />
  <regions eden="24" other="1" />
  <remembered-set-cleared processed="92493" cleared="6" durationms="0.601" />
  <stringconstants candidates="13269" cleared="0"  />
</gc-op>
<gc-op id="4497" type="classunload" timems="0.004" contextid="4493" timestamp="2019-06-15T00:50:17.819">
  <classunload-info classloadercandidates="53" classloadersunloaded="0" classesunloaded="0" anonymousclassesunloaded="0" quiescems="0.000" setupms="0.004" scanms="0.000" postms="0.000" />
</gc-op>
<gc-end id="4498" type="partial gc" contextid="4493" durationms="2.651" usertimems="4.000" systemtimems="0.000" timestamp="2019-06-15T00:50:17.819" activeThreads="1">
  <mem-info id="4499" free="44040192" total="73400320" percent="60">
    <mem type="eden" free="1048552" total="1048576" percent="99" />
    <remembered-set count="95392" freebytes="2548352" totalbytes="2929920" percent="86" regionsoverflowed="0" regionsstable="0" regionsrebuilding="13"/>
  </mem-info>
</gc-end>
<cycle-end id="4500" type="partial gc" contextid="4493" timestamp="2019-06-15T00:50:17.819" />
  <attribute name="elasticGC enabled" value="1" />
  <attribute name= "numThreadsSpecified" value="1" />
  <attribute name="heapSize specified" value="0" />
  <attribute name="Current GC Util" value="63" />
  <attribute name= "Current Time Running" value="23765" />
  <attribute name ="GC Interval" value="0" />
  <attribute name="ProportionalT" value="21.500000" />
  <attribute name="ProportionalI" value="21.500000" />
  <attribute name="ProportionalH" value="21.500000" />
  <attribute name="Current Error" value="43.000000" />
  <attribute name="IntegralT" value="0.000000" />
  <attribute name="IntegralI" value="0.000000" />
  <attribute name="IntegralH" value="0.000000" />
  <attribute name="DerivativeT" value="inf" />
  <attribute name="DerivativeI" value="inf" />
  <attribute name="DerivativeH" value="inf" />
  <attribute name="Loop Time for DT" value="0.000000" />
  <attribute name="Output H" value="8388608"/>
  <attribute name="Output I" value="200"/>
  <attribute name="Output T" value="1"/>
  <attribute name="Target GC Util Change" value ="20.000000" />
  <attribute name="Current GC Util Change" value="63.000000"/>
  <attribute name="GC Util currently" value="63" />
  <attribute name="CPU Util currently" value="19065928977897" />
<exclusive-end id="4501" timestamp="2019-06-15T00:50:17.820" durationms="3.745" />

<exclusive-start id="4502" timestamp="2019-06-15T00:50:17.824" intervalms="7.729">
  <response-info timems="0.071" idlems="0.071" threads="0" lastid="0000000001CEB700" lastname="main" />
</exclusive-start>
<allocation-taxation id="4503" taxation-threshold="12582912" timestamp="2019-06-15T00:50:17.824" intervalms="7.791" />
<gc-start id="4504" type="global mark phase" contextid="4282" timestamp="2019-06-15T00:50:17.824">
  <mem-info id="4505" free="31457280" total="73400320" percent="42">
    <remembered-set count="94944" freebytes="2550144" totalbytes="2929920" percent="87" regionsoverflowed="0" regionsstable="0" regionsrebuilding="13"/>
  </mem-info>
</gc-start>
<gc-end id="4506" type="global mark phase" contextid="4282" durationms="0.200" usertimems="0.000" systemtimems="0.000" timestamp="2019-06-15T00:50:17.824" activeThreads="1">
  <mem-info id="4507" free="31457280" total="73400320" percent="42">
    <remembered-set count="94944" freebytes="2550144" totalbytes="2929920" percent="87" regionsoverflowed="0" regionsstable="0" regionsrebuilding="13"/>
  </mem-info>
</gc-end>
<concurrent-start id="4508" type="GMP work packet processing" contextid="4282" timestamp="2019-06-15T00:50:17.824">
  <concurrent-mark-start scanTarget="1048576" />
</concurrent-start>
<exclusive-end id="4509" timestamp="2019-06-15T00:50:17.825" durationms="0.895" />

<concurrent-end id="4510" type="GMP work packet processing" contextid="4282" timestamp="2019-06-15T00:50:17.825">
  <concurrent-mark-end bytesScanned="84156" reasonForTermination="Completed all work in GC phase" />
</concurrent-end>

<exclusive-start id="4511" timestamp="2019-06-15T00:50:17.828" intervalms="4.763">
  <response-info timems="0.066" idlems="0.066" threads="0" lastid="0000000001CEB700" lastname="main" />
</exclusive-start>
<allocation-taxation id="4512" taxation-threshold="12582912" timestamp="2019-06-15T00:50:17.829" intervalms="4.677" />
<cycle-start id="4513" type="partial gc" contextid="0" timestamp="2019-06-15T00:50:17.829" intervalms="12.432" />
<gc-start id="4514" type="partial gc" contextid="4513" timestamp="2019-06-15T00:50:17.829">
  <mem-info id="4515" free="18874368" total="73400320" percent="25">
    <mem type="eden" free="1048552" total="26214400" percent="3" />
    <remembered-set count="94944" freebytes="2550144" totalbytes="2929920" percent="87" regionsoverflowed="0" regionsstable="0" regionsrebuilding="13"/>
  </mem-info>
</gc-start>
<allocation-stats totalBytes="25080968" >
  <allocated-bytes non-tlh="0" tlh="25080968" arrayletleaf="0"/>
  <largest-consumer threadName="main" threadId="0000000001CEB700" bytes="12541704" />
</allocation-stats>
<gc-op id="4516" type="copy forward" timems="1.461" contextid="4513" timestamp="2019-06-15T00:50:17.831">
  <memory-copied type="eden" objects="1" bytes="24" bytesdiscarded="0" />
  <memory-copied type="other" objects="0" bytes="0" bytesdiscarded="0" />
  <memory-cardclean objects="17" bytes="440" />
  <regions eden="24" other="1" />
  <remembered-set-cleared processed="92570" cleared="6" durationms="0.593" />
  <stringconstants candidates="13269" cleared="0"  />
</gc-op>
<gc-op id="4517" type="classunload" timems="0.004" contextid="4513" timestamp="2019-06-15T00:50:17.831">
  <classunload-info classloadercandidates="53" classloadersunloaded="0" classesunloaded="0" anonymousclassesunloaded="0" quiescems="0.000" setupms="0.003" scanms="0.000" postms="0.000" />
</gc-op>
<gc-end id="4518" type="partial gc" contextid="4513" durationms="2.578" usertimems="0.000" systemtimems="0.000" timestamp="2019-06-15T00:50:17.831" activeThreads="1">
  <mem-info id="4519" free="44040192" total="73400320" percent="60">
    <mem type="eden" free="1048552" total="1048576" percent="99" />
    <remembered-set count="95392" freebytes="2548352" totalbytes="2929920" percent="86" regionsoverflowed="0" regionsstable="0" regionsrebuilding="13"/>
  </mem-info>
</gc-end>
<cycle-end id="4520" type="partial gc" contextid="4513" timestamp="2019-06-15T00:50:17.832" />
  <attribute name="elasticGC enabled" value="1" />
  <attribute name= "numThreadsSpecified" value="1" />
  <attribute name="heapSize specified" value="0" />
  <attribute name="Current GC Util" value="53" />
  <attribute name= "Current Time Running" value="23777" />
  <attribute name ="GC Interval" value="0" />
  <attribute name="ProportionalT" value="16.500000" />
  <attribute name="ProportionalI" value="16.500000" />
  <attribute name="ProportionalH" value="16.500000" />
  <attribute name="Current Error" value="33.000000" />
  <attribute name="IntegralT" value="0.000000" />
  <attribute name="IntegralI" value="0.000000" />
  <attribute name="IntegralH" value="0.000000" />
  <attribute name="DerivativeT" value="inf" />
  <attribute name="DerivativeI" value="inf" />
  <attribute name="DerivativeH" value="inf" />
  <attribute name="Loop Time for DT" value="0.000000" />
  <attribute name="Output H" value="8388608"/>
  <attribute name="Output I" value="200"/>
  <attribute name="Output T" value="1"/>
  <attribute name="Target GC Util Change" value ="20.000000" />
  <attribute name="Current GC Util Change" value="53.000000"/>
  <attribute name="GC Util currently" value="53" />
  <attribute name="CPU Util currently" value="20113510234222" />
<exclusive-end id="4521" timestamp="2019-06-15T00:50:17.832" durationms="3.523" />

<exclusive-start id="4522" timestamp="2019-06-15T00:50:17.836" intervalms="7.429">
  <response-info timems="0.073" idlems="0.073" threads="0" lastid="0000000001CEB700" lastname="main" />
</exclusive-start>
<allocation-taxation id="4523" taxation-threshold="12582912" timestamp="2019-06-15T00:50:17.836" intervalms="7.517" />
<gc-start id="4524" type="global mark phase" contextid="4282" timestamp="2019-06-15T00:50:17.836">
  <mem-info id="4525" free="31457280" total="73400320" percent="42">
    <remembered-set count="94944" freebytes="2550144" totalbytes="2929920" percent="87" regionsoverflowed="0" regionsstable="0" regionsrebuilding="13"/>
  </mem-info>
</gc-start>
<gc-op id="4526" type="mark increment" timems="1.198" contextid="4282" timestamp="2019-06-15T00:50:17.838">
  <trace-info objectcount="1" scancount="1" scanbytes="24" />
  <cardclean-info objects="95" bytes="2364" />
  <finalization candidates="80" enqueued="0" />
  <ownableSynchronizers candidates="21" cleared="0" />
  <references type="soft" candidates="1863" cleared="0" enqueued="0" dynamicThreshold="19" maxThreshold="32" />
  <references type="weak" candidates="5714" cleared="0" enqueued="0" />
  <references type="phantom" candidates="101" cleared="0" enqueued="0" />
  <stringconstants candidates="13269" cleared="0"  />
</gc-op>
<gc-op id="4527" type="classunload" timems="0.005" contextid="4282" timestamp="2019-06-15T00:50:17.838">
  <classunload-info classloadercandidates="53" classloadersunloaded="0" classesunloaded="0" anonymousclassesunloaded="0" quiescems="0.000" setupms="0.004" scanms="0.000" postms="0.000" />
</gc-op>
<gc-end id="4528" type="global mark phase" contextid="4282" durationms="1.600" usertimems="4.000" systemtimems="0.000" timestamp="2019-06-15T00:50:17.838" activeThreads="4">
  <mem-info id="4529" free="31457280" total="73400320" percent="42">
    <remembered-set count="95456" freebytes="2548096" totalbytes="2929920" percent="86" regionsoverflowed="0" regionsstable="0" regionsrebuilding="0"/>
  </mem-info>
</gc-end>
<cycle-end id="4530" type="global mark phase" contextid="4282" timestamp="2019-06-15T00:50:17.838" />
  <attribute name="elasticGC enabled" value="1" />
  <attribute name= "numThreadsSpecified" value="4" />
  <attribute name="heapSize specified" value="0" />
  <attribute name="Current GC Util" value="0" />
  <attribute name= "Current Time Running" value="23784" />
  <attribute name ="GC Interval" value="0" />
  <attribute name="ProportionalT" value="-10.000000" />
  <attribute name="ProportionalI" value="-10.000000" />
  <attribute name="ProportionalH" value="-10.000000" />
  <attribute name="Current Error" value="-20.000000" />
  <attribute name="IntegralT" value="0.000000" />
  <attribute name="IntegralI" value="0.000000" />
  <attribute name="IntegralH" value="0.000000" />
  <attribute name="DerivativeT" value="-inf" />
  <attribute name="DerivativeI" value="-inf" />
  <attribute name="DerivativeH" value="-inf" />
  <attribute name="Loop Time for DT" value="0.000000" />
  <attribute name="Output H" value="2091843584"/>
  <attribute name="Output I" value="200"/>
  <attribute name="Output T" value="4"/>
  <attribute name="Target GC Util Change" value ="20.000000" />
  <attribute name="Current GC Util Change" value="0.000000"/>
  <attribute name="GC Util currently" value="0" />
  <attribute name="CPU Util currently" value="84670913358216" />
<exclusive-end id="4531" timestamp="2019-06-15T00:50:17.838" durationms="2.373" />

<exclusive-start id="4532" timestamp="2019-06-15T00:50:17.842" intervalms="6.258">
  <response-info timems="0.077" idlems="0.077" threads="0" lastid="0000000001CEB700" lastname="main" />
</exclusive-start>
<allocation-taxation id="4533" taxation-threshold="12582912" timestamp="2019-06-15T00:50:17.842" intervalms="6.245" />
<cycle-start id="4534" type="partial gc" contextid="0" timestamp="2019-06-15T00:50:17.842" intervalms="13.770" />
<gc-start id="4535" type="partial gc" contextid="4534" timestamp="2019-06-15T00:50:17.843">
  <mem-info id="4536" free="18874368" total="73400320" percent="25">
    <mem type="eden" free="1048552" total="26214400" percent="3" />
    <remembered-set count="73248" freebytes="2636928" totalbytes="2929920" percent="90" regionsoverflowed="0" regionsstable="9" regionsrebuilding="0"/>
  </mem-info>
</gc-start>
<allocation-stats totalBytes="25080968" >
  <allocated-bytes non-tlh="0" tlh="25080968" arrayletleaf="0"/>
  <largest-consumer threadName="main" threadId="0000000001CEB700" bytes="12541704" />
</allocation-stats>
<gc-op id="4537" type="sweep" timems="0.663" contextid="4534" timestamp="2019-06-15T00:50:17.844" />
<gc-op id="4538" type="copy forward" timems="1.556" contextid="4534" timestamp="2019-06-15T00:50:17.846">
  <memory-copied type="eden" objects="1" bytes="24" bytesdiscarded="0" />
  <memory-copied type="other" objects="0" bytes="0" bytesdiscarded="0" />
  <memory-cardclean objects="17" bytes="440" />
  <regions eden="12" other="1" />
  <remembered-set-cleared processed="71718" cleared="8" durationms="0.305" />
  <stringconstants candidates="13269" cleared="0"  />
</gc-op>
<gc-op id="4539" type="classunload" timems="0.003" contextid="4534" timestamp="2019-06-15T00:50:17.846">
  <classunload-info classloadercandidates="53" classloadersunloaded="0" classesunloaded="0" anonymousclassesunloaded="0" quiescems="0.000" setupms="0.003" scanms="0.000" postms="0.000" />
</gc-op>
<gc-end id="4540" type="partial gc" contextid="4534" durationms="3.608" usertimems="4.000" systemtimems="0.000" timestamp="2019-06-15T00:50:17.846" activeThreads="4">
  <mem-info id="4541" free="44040192" total="73400320" percent="60">
    <mem type="eden" free="1048552" total="1048576" percent="99" />
    <remembered-set count="73120" freebytes="2637440" totalbytes="2929920" percent="90" regionsoverflowed="0" regionsstable="9" regionsrebuilding="0"/>
  </mem-info>
</gc-end>
<cycle-end id="4542" type="partial gc" contextid="4534" timestamp="2019-06-15T00:50:17.847" />
  <attribute name="elasticGC enabled" value="1" />
  <attribute name= "numThreadsSpecified" value="4" />
  <attribute name="heapSize specified" value="0" />
  <attribute name="Current GC Util" value="59" />
  <attribute name= "Current Time Running" value="23792" />
  <attribute name ="GC Interval" value="0" />
  <attribute name="ProportionalT" value="19.500000" />
  <attribute name="ProportionalI" value="19.500000" />
  <attribute name="ProportionalH" value="19.500000" />
  <attribute name="Current Error" value="39.000000" />
  <attribute name="IntegralT" value="0.000000" />
  <attribute name="IntegralI" value="0.000000" />
  <attribute name="IntegralH" value="0.000000" />
  <attribute name="DerivativeT" value="-inf" />
  <attribute name="DerivativeI" value="-inf" />
  <attribute name="DerivativeH" value="-inf" />
  <attribute name="Loop Time for DT" value="0.000000" />
  <attribute name="Output H" value="2091843584"/>
  <attribute name="Output I" value="200"/>
  <attribute name="Output T" value="4"/>
  <attribute name="Target GC Util Change" value ="20.000000" />
  <attribute name="Current GC Util Change" value="59.000000"/>
  <attribute name="GC Util currently" value="59" />
  <attribute name="CPU Util currently" value="21030941882317" />
<exclusive-end id="4543" timestamp="2019-06-15T00:50:17.847" durationms="4.626" />

<exclusive-start id="4544" timestamp="2019-06-15T00:50:17.854" intervalms="12.191">
  <response-info timems="0.077" idlems="0.077" threads="0" lastid="0000000001CEB700" lastname="main" />
</exclusive-start>
<allocation-taxation id="4545" taxation-threshold="25165824" timestamp="2019-06-15T00:50:17.854" intervalms="12.158" />
<cycle-start id="4546" type="partial gc" contextid="0" timestamp="2019-06-15T00:50:17.855" intervalms="12.157" />
<gc-start id="4547" type="partial gc" contextid="4546" timestamp="2019-06-15T00:50:17.855">
  <mem-info id="4548" free="18874368" total="73400320" percent="25">
    <mem type="eden" free="1048552" total="26214400" percent="3" />
    <remembered-set count="72672" freebytes="2639232" totalbytes="2929920" percent="90" regionsoverflowed="0" regionsstable="9" regionsrebuilding="0"/>
  </mem-info>
</gc-start>
<allocation-stats totalBytes="25080968" >
  <allocated-bytes non-tlh="0" tlh="25080968" arrayletleaf="0"/>
  <largest-consumer threadName="main" threadId="0000000001CEB700" bytes="25080968" />
</allocation-stats>
<gc-op id="4549" type="copy forward" timems="1.304" contextid="4546" timestamp="2019-06-15T00:50:17.857">
  <memory-copied type="eden" objects="1" bytes="24" bytesdiscarded="0" />
  <memory-copied type="other" objects="12" bytes="280" bytesdiscarded="0" />
  <memory-cardclean objects="83" bytes="2128" />
  <regions eden="24" other="3" />
  <remembered-set-cleared processed="71712" cleared="46" durationms="0.518" />
  <stringconstants candidates="13269" cleared="0"  />
</gc-op>
<gc-op id="4550" type="classunload" timems="0.004" contextid="4546" timestamp="2019-06-15T00:50:17.857">
  <classunload-info classloadercandidates="53" classloadersunloaded="0" classesunloaded="0" anonymousclassesunloaded="0" quiescems="0.000" setupms="0.003" scanms="0.000" postms="0.000" />
</gc-op>
<gc-end id="4551" type="partial gc" contextid="4546" durationms="2.526" usertimems="4.000" systemtimems="0.000" timestamp="2019-06-15T00:50:17.857" activeThreads="1">
  <mem-info id="4552" free="44040192" total="73400320" percent="60">
    <mem type="eden" free="1048552" total="1048576" percent="99" />
    <remembered-set count="72896" freebytes="2638336" totalbytes="2929920" percent="90" regionsoverflowed="0" regionsstable="9" regionsrebuilding="0"/>
  </mem-info>
</gc-end>
<cycle-end id="4553" type="partial gc" contextid="4546" timestamp="2019-06-15T00:50:17.858" />
  <attribute name="elasticGC enabled" value="1" />
  <attribute name= "numThreadsSpecified" value="1" />
  <attribute name="heapSize specified" value="0" />
  <attribute name="Current GC Util" value="81" />
  <attribute name= "Current Time Running" value="23803" />
  <attribute name ="GC Interval" value="0" />
  <attribute name="ProportionalT" value="30.500000" />
  <attribute name="ProportionalI" value="30.500000" />
  <attribute name="ProportionalH" value="30.500000" />
  <attribute name="Current Error" value="61.000000" />
  <attribute name="IntegralT" value="0.000000" />
  <attribute name="IntegralI" value="0.000000" />
  <attribute name="IntegralH" value="0.000000" />
  <attribute name="DerivativeT" value="inf" />
  <attribute name="DerivativeI" value="inf" />
  <attribute name="DerivativeH" value="inf" />
  <attribute name="Loop Time for DT" value="0.000000" />
  <attribute name="Output H" value="8388608"/>
  <attribute name="Output I" value="200"/>
  <attribute name="Output T" value="1"/>
  <attribute name="Target GC Util Change" value ="20.000000" />
  <attribute name="Current GC Util Change" value="81.000000"/>
  <attribute name="GC Util currently" value="81" />
  <attribute name="CPU Util currently" value="17406726756870" />
<exclusive-end id="4554" timestamp="2019-06-15T00:50:17.858" durationms="3.619" />

<exclusive-start id="4555" timestamp="2019-06-15T00:50:17.866" intervalms="11.307">
  <response-info timems="0.076" idlems="0.076" threads="0" lastid="0000000001CEB700" lastname="main" />
</exclusive-start>
<allocation-taxation id="4556" taxation-threshold="25165824" timestamp="2019-06-15T00:50:17.866" intervalms="11.353" />
<cycle-start id="4557" type="partial gc" contextid="0" timestamp="2019-06-15T00:50:17.866" intervalms="11.384" />
<gc-start id="4558" type="partial gc" contextid="4557" timestamp="2019-06-15T00:50:17.866">
  <mem-info id="4559" free="18874368" total="73400320" percent="25">
    <mem type="eden" free="1048552" total="26214400" percent="3" />
    <remembered-set count="72640" freebytes="2639360" totalbytes="2929920" percent="90" regionsoverflowed="0" regionsstable="9" regionsrebuilding="0"/>
  </mem-info>
</gc-start>
<allocation-stats totalBytes="25080968" >
  <allocated-bytes non-tlh="0" tlh="25080968" arrayletleaf="0"/>
  <largest-consumer threadName="main" threadId="0000000001CEB700" bytes="25080968" />
</allocation-stats>
<gc-op id="4560" type="copy forward" timems="1.728" contextid="4557" timestamp="2019-06-15T00:50:17.869">
  <memory-copied type="eden" objects="1" bytes="24" bytesdiscarded="0" />
  <memory-copied type="other" objects="19" bytes="632" bytesdiscarded="376" />
  <memory-cardclean objects="81" bytes="2088" />
  <regions eden="24" other="3" />
  <remembered-set-cleared processed="71704" cleared="40" durationms="0.301" />
  <stringconstants candidates="13269" cleared="0"  />
</gc-op>
<gc-op id="4561" type="classunload" timems="0.004" contextid="4557" timestamp="2019-06-15T00:50:17.869">
  <classunload-info classloadercandidates="53" classloadersunloaded="0" classesunloaded="0" anonymousclassesunloaded="0" quiescems="0.000" setupms="0.003" scanms="0.000" postms="0.000" />
</gc-op>
<gc-end id="4562" type="partial gc" contextid="4557" durationms="2.680" usertimems="4.000" systemtimems="0.000" timestamp="2019-06-15T00:50:17.869" activeThreads="4">
  <mem-info id="4563" free="45088768" total="73400320" percent="61">
    <mem type="eden" free="1048552" total="1048576" percent="99" />
    <remembered-set count="73408" freebytes="2636288" totalbytes="2929920" percent="89" regionsoverflowed="0" regionsstable="9" regionsrebuilding="0"/>
  </mem-info>
</gc-end>
<cycle-end id="4564" type="partial gc" contextid="4557" timestamp="2019-06-15T00:50:17.869" />
  <attribute name="elasticGC enabled" value="1" />
  <attribute name= "numThreadsSpecified" value="4" />
  <attribute name="heapSize specified" value="0" />
  <attribute name="Current GC Util" value="96" />
  <attribute name= "Current Time Running" value="23815" />
  <attribute name ="GC Interval" value="0" />
  <attribute name="ProportionalT" value="38.000000" />
  <attribute name="ProportionalI" value="38.000000" />
  <attribute name="ProportionalH" value="38.000000" />
  <attribute name="Current Error" value="76.000000" />
  <attribute name="IntegralT" value="76.000000" />
  <attribute name="IntegralI" value="76.000000" />
  <attribute name="IntegralH" value="76.000000" />
  <attribute name="DerivativeT" value="38.000000" />
  <attribute name="DerivativeI" value="38.000000" />
  <attribute name="DerivativeH" value="38.000000" />
  <attribute name="Loop Time for DT" value="1.000000" />
  <attribute name="Output H" value="8388608"/>
  <attribute name="Output I" value="200"/>
  <attribute name="Output T" value="4"/>
  <attribute name="Target GC Util Change" value ="20.000000" />
  <attribute name="Current GC Util Change" value="96.000000"/>
  <attribute name="GC Util currently" value="96" />
  <attribute name="CPU Util currently" value="19193765208826" />
<exclusive-end id="4565" timestamp="2019-06-15T00:50:17.869" durationms="3.780" />

<exclusive-start id="4566" timestamp="2019-06-15T00:50:17.877" intervalms="11.340">
  <response-info timems="0.071" idlems="0.071" threads="0" lastid="0000000001CEB700" lastname="main" />
</exclusive-start>
<allocation-taxation id="4567" taxation-threshold="25165824" timestamp="2019-06-15T00:50:17.877" intervalms="11.332" />
<cycle-start id="4568" type="partial gc" contextid="0" timestamp="2019-06-15T00:50:17.877" intervalms="11.354" />
<gc-start id="4569" type="partial gc" contextid="4568" timestamp="2019-06-15T00:50:17.878">
  <mem-info id="4570" free="19922944" total="73400320" percent="27">
    <mem type="eden" free="1048552" total="26214400" percent="3" />
    <remembered-set count="1056" freebytes="2925696" totalbytes="2929920" percent="99" regionsoverflowed="0" regionsstable="17" regionsrebuilding="0"/>
  </mem-info>
</gc-start>
<allocation-stats totalBytes="25080968" >
  <allocated-bytes non-tlh="0" tlh="25080968" arrayletleaf="0"/>
  <largest-consumer threadName="main" threadId="0000000001CEB700" bytes="25080968" />
</allocation-stats>
<gc-op id="4571" type="copy forward" timems="1.537" contextid="4568" timestamp="2019-06-15T00:50:17.880">
  <memory-copied type="eden" objects="1" bytes="24" bytesdiscarded="0" />
  <memory-copied type="other" objects="3051" bytes="169376" bytesdiscarded="376" />
  <memory-cardclean objects="538" bytes="32064" />
  <regions eden="24" other="6" />
  <remembered-set-cleared processed="143" cleared="5" durationms="0.094" />
  <references type="soft" candidates="24" cleared="0" enqueued="0" dynamicThreshold="19" maxThreshold="32" />
  <references type="weak" candidates="149" cleared="0" enqueued="0" />
  <stringconstants candidates="13269" cleared="0"  />
</gc-op>
<gc-op id="4572" type="classunload" timems="0.004" contextid="4568" timestamp="2019-06-15T00:50:17.880">
  <classunload-info classloadercandidates="53" classloadersunloaded="0" classesunloaded="0" anonymousclassesunloaded="0" quiescems="0.000" setupms="0.003" scanms="0.000" postms="0.000" />
</gc-op>
<heap-resize id="4573" type="contract" space="default" amount="4194304" count="1" timems="0.312" reason="excess free space following gc" timestamp="2019-06-15T00:50:17.881" />
<gc-end id="4574" type="partial gc" contextid="4568" durationms="3.045" usertimems="0.000" systemtimems="0.000" timestamp="2019-06-15T00:50:17.881" activeThreads="1">
  <mem-info id="4575" free="45088768" total="69206016" percent="65">
    <mem type="eden" free="1048552" total="1048576" percent="99" />
    <remembered-set count="1280" freebytes="2924800" totalbytes="2929920" percent="99" regionsoverflowed="0" regionsstable="17" regionsrebuilding="0"/>
  </mem-info>
</gc-end>
<cycle-end id="4576" type="partial gc" contextid="4568" timestamp="2019-06-15T00:50:17.881" />
  <attribute name="elasticGC enabled" value="1" />
  <attribute name= "numThreadsSpecified" value="1" />
  <attribute name="heapSize specified" value="0" />
  <attribute name="Current GC Util" value="56" />
  <attribute name= "Current Time Running" value="23826" />
  <attribute name ="GC Interval" value="0" />
  <attribute name="ProportionalT" value="18.000000" />
  <attribute name="ProportionalI" value="18.000000" />
  <attribute name="ProportionalH" value="18.000000" />
  <attribute name="Current Error" value="36.000000" />
  <attribute name="IntegralT" value="0.000000" />
  <attribute name="IntegralI" value="0.000000" />
  <attribute name="IntegralH" value="0.000000" />
  <attribute name="DerivativeT" value="inf" />
  <attribute name="DerivativeI" value="inf" />
  <attribute name="DerivativeH" value="inf" />
  <attribute name="Loop Time for DT" value="0.000000" />
  <attribute name="Output H" value="8388608"/>
  <attribute name="Output I" value="200"/>
  <attribute name="Output T" value="1"/>
  <attribute name="Target GC Util Change" value ="20.000000" />
  <attribute name="Current GC Util Change" value="56.000000"/>
  <attribute name="GC Util currently" value="56" />
  <attribute name="CPU Util currently" value="20160552077526" />
<exclusive-end id="4577" timestamp="2019-06-15T00:50:17.881" durationms="4.161" />

<exclusive-start id="4578" timestamp="2019-06-15T00:50:17.888" intervalms="11.456">
  <response-info timems="0.069" idlems="0.069" threads="0" lastid="0000000001CEB700" lastname="main" />
</exclusive-start>
<allocation-taxation id="4579" taxation-threshold="24117248" timestamp="2019-06-15T00:50:17.889" intervalms="11.459" />
<cycle-start id="4580" type="partial gc" contextid="0" timestamp="2019-06-15T00:50:17.889" intervalms="11.462" />
<gc-start id="4581" type="partial gc" contextid="4580" timestamp="2019-06-15T00:50:17.889">
  <mem-info id="4582" free="20971520" total="69206016" percent="30">
    <mem type="eden" free="1048552" total="25165824" percent="4" />
    <remembered-set count="928" freebytes="2926208" totalbytes="2929920" percent="99" regionsoverflowed="0" regionsstable="17" regionsrebuilding="0"/>
  </mem-info>
</gc-start>
<allocation-stats totalBytes="24035824" >
  <allocated-bytes non-tlh="0" tlh="24035824" arrayletleaf="0"/>
  <largest-consumer threadName="main" threadId="0000000001CEB700" bytes="24035824" />
</allocation-stats>
<gc-op id="4583" type="copy forward" timems="1.217" contextid="4580" timestamp="2019-06-15T00:50:17.891">
  <memory-copied type="eden" objects="1" bytes="24" bytesdiscarded="0" />
  <memory-copied type="other" objects="0" bytes="0" bytesdiscarded="0" />
  <memory-cardclean objects="16" bytes="440" />
  <regions eden="23" other="1" />
  <remembered-set-cleared processed="211" cleared="1" durationms="0.106" />
  <stringconstants candidates="13269" cleared="0"  />
</gc-op>
<gc-op id="4584" type="classunload" timems="0.003" contextid="4580" timestamp="2019-06-15T00:50:17.891">
  <classunload-info classloadercandidates="53" classloadersunloaded="0" classesunloaded="0" anonymousclassesunloaded="0" quiescems="0.000" setupms="0.003" scanms="0.000" postms="0.000" />
</gc-op>
<heap-resize id="4585" type="contract" space="default" amount="4194304" count="1" timems="0.285" reason="excess free space following gc" timestamp="2019-06-15T00:50:17.892" />
<gc-end id="4586" type="partial gc" contextid="4580" durationms="2.928" usertimems="4.000" systemtimems="0.000" timestamp="2019-06-15T00:50:17.892" activeThreads="4">
  <mem-info id="4587" free="40894464" total="65011712" percent="62">
    <mem type="eden" free="1048552" total="1048576" percent="99" />
    <remembered-set count="832" freebytes="2759168" totalbytes="2762496" percent="99" regionsoverflowed="0" regionsstable="17" regionsrebuilding="0"/>
  </mem-info>
</gc-end>
<cycle-end id="4588" type="partial gc" contextid="4580" timestamp="2019-06-15T00:50:17.892" />
  <attribute name="elasticGC enabled" value="1" />
  <attribute name= "numThreadsSpecified" value="4" />
  <attribute name="heapSize specified" value="0" />
  <attribute name="Current GC Util" value="34" />
  <attribute name= "Current Time Running" value="23838" />
  <attribute name ="GC Interval" value="0" />
  <attribute name="ProportionalT" value="7.000000" />
  <attribute name="ProportionalI" value="7.000000" />
  <attribute name="ProportionalH" value="7.000000" />
  <attribute name="Current Error" value="14.000000" />
  <attribute name="IntegralT" value="14.000000" />
  <attribute name="IntegralI" value="14.000000" />
  <attribute name="IntegralH" value="14.000000" />
  <attribute name="DerivativeT" value="5.000000" />
  <attribute name="DerivativeI" value="5.000000" />
  <attribute name="DerivativeH" value="5.000000" />
  <attribute name="Loop Time for DT" value="1.000000" />
  <attribute name="Output H" value="8388608"/>
  <attribute name="Output I" value="200"/>
  <attribute name="Output T" value="4"/>
  <attribute name="Target GC Util Change" value ="20.000000" />
  <attribute name="Current GC Util Change" value="34.000000"/>
  <attribute name="GC Util currently" value="34" />
  <attribute name="CPU Util currently" value="10165690808280" />
<exclusive-end id="4589" timestamp="2019-06-15T00:50:17.892" durationms="4.079" />

<exclusive-start id="4590" timestamp="2019-06-15T00:50:17.899" intervalms="11.024">
  <response-info timems="0.073" idlems="0.073" threads="0" lastid="0000000001CEB700" lastname="main" />
</exclusive-start>
<allocation-taxation id="4591" taxation-threshold="23068672" timestamp="2019-06-15T00:50:17.900" intervalms="11.021" />
<cycle-start id="4592" type="partial gc" contextid="0" timestamp="2019-06-15T00:50:17.900" intervalms="11.021" />
<gc-start id="4593" type="partial gc" contextid="4592" timestamp="2019-06-15T00:50:17.900">
  <mem-info id="4594" free="17825792" total="65011712" percent="27">
    <mem type="eden" free="1048552" total="24117248" percent="4" />
    <remembered-set count="832" freebytes="2759168" totalbytes="2762496" percent="99" regionsoverflowed="0" regionsstable="17" regionsrebuilding="0"/>
  </mem-info>
</gc-start>
<allocation-stats totalBytes="22990680" >
  <allocated-bytes non-tlh="0" tlh="22990680" arrayletleaf="0"/>
  <largest-consumer threadName="main" threadId="0000000001CEB700" bytes="22990680" />
</allocation-stats>
<gc-op id="4595" type="copy forward" timems="1.391" contextid="4592" timestamp="2019-06-15T00:50:17.902">
  <memory-copied type="eden" objects="1" bytes="24" bytesdiscarded="0" />
  <memory-copied type="other" objects="0" bytes="0" bytesdiscarded="0" />
  <memory-cardclean objects="231" bytes="18304" />
  <regions eden="22" other="1" />
  <remembered-set-cleared processed="179" cleared="1" durationms="0.104" />
  <stringconstants candidates="13269" cleared="0"  />
</gc-op>
<gc-op id="4596" type="classunload" timems="0.003" contextid="4592" timestamp="2019-06-15T00:50:17.903">
  <classunload-info classloadercandidates="53" classloadersunloaded="0" classesunloaded="0" anonymousclassesunloaded="0" quiescems="0.000" setupms="0.003" scanms="0.000" postms="0.000" />
</gc-op>
<heap-resize id="4597" type="contract" space="default" amount="3145728" count="1" timems="0.194" reason="excess free space following gc" timestamp="2019-06-15T00:50:17.903" />
<gc-end id="4598" type="partial gc" contextid="4592" durationms="2.907" usertimems="4.000" systemtimems="0.000" timestamp="2019-06-15T00:50:17.903" activeThreads="4">
  <mem-info id="4599" free="37748736" total="61865984" percent="61">
    <mem type="eden" free="1048552" total="1048576" percent="99" />
    <remembered-set count="1312" freebytes="2589824" totalbytes="2595072" percent="99" regionsoverflowed="0" regionsstable="17" regionsrebuilding="0"/>
  </mem-info>
</gc-end>
<cycle-end id="4600" type="partial gc" contextid="4592" timestamp="2019-06-15T00:50:17.903" />
  <attribute name="elasticGC enabled" value="1" />
  <attribute name= "numThreadsSpecified" value="4" />
  <attribute name="heapSize specified" value="0" />
  <attribute name="Current GC Util" value="40" />
  <attribute name= "Current Time Running" value="23849" />
  <attribute name ="GC Interval" value="0" />
  <attribute name="ProportionalT" value="10.000000" />
  <attribute name="ProportionalI" value="10.000000" />
  <attribute name="ProportionalH" value="10.000000" />
  <attribute name="Current Error" value="20.000000" />
  <attribute name="IntegralT" value="20.000000" />
  <attribute name="IntegralI" value="20.000000" />
  <attribute name="IntegralH" value="20.000000" />
  <attribute name="DerivativeT" value="3.000000" />
  <attribute name="DerivativeI" value="3.000000" />
  <attribute name="DerivativeH" value="3.000000" />
  <attribute name="Loop Time for DT" value="1.000000" />
  <attribute name="Output H" value="8388608"/>
  <attribute name="Output I" value="200"/>
  <attribute name="Output T" value="4"/>
  <attribute name="Target GC Util Change" value ="20.000000" />
  <attribute name="Current GC Util Change" value="40.000000"/>
  <attribute name="GC Util currently" value="40" />
  <attribute name="CPU Util currently" value="10107827012142" />
<exclusive-end id="4601" timestamp="2019-06-15T00:50:17.903" durationms="3.995" />

<exclusive-start id="4602" timestamp="2019-06-15T00:50:17.907" intervalms="7.278">
  <response-info timems="0.051" idlems="0.051" threads="0" lastid="0000000001CEB700" lastname="main" />
</exclusive-start>
<allocation-taxation id="4603" taxation-threshold="10485760" timestamp="2019-06-15T00:50:17.907" intervalms="7.281" />
<cycle-start id="4604" type="global mark phase" contextid="0" timestamp="2019-06-15T00:50:17.907" intervalms="226.086" />
<gc-start id="4605" type="global mark phase" contextid="4604" timestamp="2019-06-15T00:50:17.907">
  <mem-info id="4606" free="27262976" total="61865984" percent="44">
    <remembered-set count="1312" freebytes="2589824" totalbytes="2595072" percent="99" regionsoverflowed="0" regionsstable="17" regionsrebuilding="0"/>
  </mem-info>
</gc-start>
<gc-op id="4607" type="mark increment" timems="0.452" contextid="4604" timestamp="2019-06-15T00:50:17.908">
  <trace-info objectcount="168" scancount="0" scanbytes="0" />
</gc-op>
<gc-end id="4608" type="global mark phase" contextid="4604" durationms="0.760" usertimems="0.000" systemtimems="0.000" timestamp="2019-06-15T00:50:17.908" activeThreads="1">
  <mem-info id="4609" free="27262976" total="61865984" percent="44">
    <remembered-set count="1312" freebytes="2589824" totalbytes="2595072" percent="99" regionsoverflowed="0" regionsstable="0" regionsrebuilding="17"/>
  </mem-info>
</gc-end>
<concurrent-start id="4610" type="GMP work packet processing" contextid="4604" timestamp="2019-06-15T00:50:17.908">
  <concurrent-mark-start scanTarget="1121245" />
</concurrent-start>
<exclusive-end id="4611" timestamp="2019-06-15T00:50:17.908" durationms="1.631" />

<concurrent-end id="4612" type="GMP work packet processing" contextid="4604" timestamp="2019-06-15T00:50:17.910">
  <concurrent-mark-end bytesScanned="1217564" reasonForTermination="Work target met" />
</concurrent-end>

<exclusive-start id="4613" timestamp="2019-06-15T00:50:17.913" intervalms="5.823">
  <response-info timems="0.059" idlems="0.059" threads="0" lastid="0000000001CEB700" lastname="main" />
</exclusive-start>
<allocation-taxation id="4614" taxation-threshold="10485760" timestamp="2019-06-15T00:50:17.913" intervalms="5.773" />
<cycle-start id="4615" type="partial gc" contextid="0" timestamp="2019-06-15T00:50:17.913" intervalms="13.014" />
<gc-start id="4616" type="partial gc" contextid="4615" timestamp="2019-06-15T00:50:17.913">
  <mem-info id="4617" free="16777216" total="61865984" percent="27">
    <mem type="eden" free="1048552" total="22020096" percent="4" />
    <remembered-set count="8512" freebytes="2561024" totalbytes="2595072" percent="98" regionsoverflowed="0" regionsstable="0" regionsrebuilding="17"/>
  </mem-info>
</gc-start>
<allocation-stats totalBytes="20900392" >
  <allocated-bytes non-tlh="0" tlh="20900392" arrayletleaf="0"/>
  <largest-consumer threadName="main" threadId="0000000001CEB700" bytes="10451416" />
</allocation-stats>
<gc-op id="4618" type="copy forward" timems="1.724" contextid="4615" timestamp="2019-06-15T00:50:17.916">
  <memory-copied type="eden" objects="1" bytes="24" bytesdiscarded="0" />
  <memory-copied type="other" objects="0" bytes="0" bytesdiscarded="0" />
  <memory-cardclean objects="9055" bytes="523416" />
  <regions eden="20" other="1" />
  <remembered-set-cleared processed="5270" cleared="2422" durationms="0.138" />
  <stringconstants candidates="13269" cleared="0"  />
</gc-op>
<gc-op id="4619" type="classunload" timems="0.004" contextid="4615" timestamp="2019-06-15T00:50:17.916">
  <classunload-info classloadercandidates="53" classloadersunloaded="0" classesunloaded="0" anonymousclassesunloaded="0" quiescems="0.000" setupms="0.004" scanms="0.000" postms="0.000" />
</gc-op>
<gc-end id="4620" type="partial gc" contextid="4615" durationms="2.949" usertimems="4.000" systemtimems="0.000" timestamp="2019-06-15T00:50:17.916" activeThreads="4">
  <mem-info id="4621" free="37748736" total="61865984" percent="61">
    <mem type="eden" free="1048552" total="1048576" percent="99" />
    <remembered-set count="7136" freebytes="2440960" totalbytes="2469504" percent="98" regionsoverflowed="0" regionsstable="0" regionsrebuilding="17"/>
  </mem-info>
</gc-end>
<cycle-end id="4622" type="partial gc" contextid="4615" timestamp="2019-06-15T00:50:17.916" />
  <attribute name="elasticGC enabled" value="1" />
  <attribute name= "numThreadsSpecified" value="4" />
  <attribute name="heapSize specified" value="0" />
  <attribute name="Current GC Util" value="31" />
  <attribute name= "Current Time Running" value="23862" />
  <attribute name ="GC Interval" value="0" />
  <attribute name="ProportionalT" value="5.500000" />
  <attribute name="ProportionalI" value="5.500000" />
  <attribute name="ProportionalH" value="5.500000" />
  <attribute name="Current Error" value="11.000000" />
  <attribute name="IntegralT" value="11.000000" />
  <attribute name="IntegralI" value="11.000000" />
  <attribute name="IntegralH" value="11.000000" />
  <attribute name="DerivativeT" value="-13.000000" />
  <attribute name="DerivativeI" value="-13.000000" />
  <attribute name="DerivativeH" value="-13.000000" />
  <attribute name="Loop Time for DT" value="1.000000" />
  <attribute name="Output H" value="8388608"/>
  <attribute name="Output I" value="200"/>
  <attribute name="Output T" value="4"/>
  <attribute name="Target GC Util Change" value ="20.000000" />
  <attribute name="Current GC Util Change" value="31.000000"/>
  <attribute name="GC Util currently" value="31" />
  <attribute name="CPU Util currently" value="10795650466494" />
<exclusive-end id="4623" timestamp="2019-06-15T00:50:17.917" durationms="3.971" />

<exclusive-start id="4624" timestamp="2019-06-15T00:50:17.920" intervalms="7.321">
  <response-info timems="0.076" idlems="0.076" threads="0" lastid="0000000001CEB700" lastname="main" />
</exclusive-start>
<allocation-taxation id="4625" taxation-threshold="10485760" timestamp="2019-06-15T00:50:17.920" intervalms="7.366" />
<gc-start id="4626" type="global mark phase" contextid="4604" timestamp="2019-06-15T00:50:17.920">
  <mem-info id="4627" free="27262976" total="61865984" percent="44">
    <remembered-set count="6912" freebytes="2441856" totalbytes="2469504" percent="98" regionsoverflowed="0" regionsstable="0" regionsrebuilding="17"/>
  </mem-info>
</gc-start>
<gc-end id="4628" type="global mark phase" contextid="4604" durationms="0.197" usertimems="0.000" systemtimems="0.000" timestamp="2019-06-15T00:50:17.920" activeThreads="4">
  <mem-info id="4629" free="27262976" total="61865984" percent="44">
    <remembered-set count="6912" freebytes="2441856" totalbytes="2469504" percent="98" regionsoverflowed="0" regionsstable="0" regionsrebuilding="17"/>
  </mem-info>
</gc-end>
<concurrent-start id="4630" type="GMP work packet processing" contextid="4604" timestamp="2019-06-15T00:50:17.921">
  <concurrent-mark-start scanTarget="1494994" />
</concurrent-start>
<exclusive-end id="4631" timestamp="2019-06-15T00:50:17.922" durationms="2.004" />

<concurrent-end id="4632" type="GMP work packet processing" contextid="4604" timestamp="2019-06-15T00:50:17.922">
  <concurrent-mark-end bytesScanned="1591348" reasonForTermination="Work target met" />
</concurrent-end>

<exclusive-start id="4633" timestamp="2019-06-15T00:50:17.925" intervalms="5.259">
  <response-info timems="0.057" idlems="0.057" threads="0" lastid="0000000001CEB700" lastname="main" />
</exclusive-start>
<allocation-taxation id="4634" taxation-threshold="10485760" timestamp="2019-06-15T00:50:17.925" intervalms="5.260" />
<cycle-start id="4635" type="partial gc" contextid="0" timestamp="2019-06-15T00:50:17.926" intervalms="12.635" />
<gc-start id="4636" type="partial gc" contextid="4635" timestamp="2019-06-15T00:50:17.926">
  <mem-info id="4637" free="16777216" total="61865984" percent="27">
    <mem type="eden" free="1048552" total="22020096" percent="4" />
    <remembered-set count="25248" freebytes="2368512" totalbytes="2469504" percent="95" regionsoverflowed="0" regionsstable="0" regionsrebuilding="17"/>
  </mem-info>
</gc-start>
<allocation-stats totalBytes="20900416" >
  <allocated-bytes non-tlh="0" tlh="20900416" arrayletleaf="0"/>
  <largest-consumer threadName="main" threadId="0000000001CEB700" bytes="10451440" />
</allocation-stats>
<gc-op id="4638" type="copy forward" timems="1.146" contextid="4635" timestamp="2019-06-15T00:50:17.928">
  <memory-copied type="eden" objects="1" bytes="24" bytesdiscarded="0" />
  <memory-copied type="other" objects="0" bytes="0" bytesdiscarded="0" />
  <memory-cardclean objects="16" bytes="440" />
  <regions eden="20" other="1" />
  <remembered-set-cleared processed="22949" cleared="6" durationms="0.217" />
  <stringconstants candidates="13269" cleared="0"  />
</gc-op>
<gc-op id="4639" type="classunload" timems="0.003" contextid="4635" timestamp="2019-06-15T00:50:17.928">
  <classunload-info classloadercandidates="53" classloadersunloaded="0" classesunloaded="0" anonymousclassesunloaded="0" quiescems="0.000" setupms="0.003" scanms="0.000" postms="0.000" />
</gc-op>
<gc-end id="4640" type="partial gc" contextid="4635" durationms="2.295" usertimems="0.000" systemtimems="0.000" timestamp="2019-06-15T00:50:17.928" activeThreads="1">
  <mem-info id="4641" free="37748736" total="61865984" percent="61">
    <mem type="eden" free="1048552" total="1048576" percent="99" />
    <remembered-set count="25728" freebytes="2366592" totalbytes="2469504" percent="95" regionsoverflowed="0" regionsstable="0" regionsrebuilding="17"/>
  </mem-info>
</gc-end>
<cycle-end id="4642" type="partial gc" contextid="4635" timestamp="2019-06-15T00:50:17.928" />
  <attribute name="elasticGC enabled" value="1" />
  <attribute name= "numThreadsSpecified" value="1" />
  <attribute name="heapSize specified" value="0" />
  <attribute name="Current GC Util" value="80" />
  <attribute name= "Current Time Running" value="23874" />
  <attribute name ="GC Interval" value="0" />
  <attribute name="ProportionalT" value="30.000000" />
  <attribute name="ProportionalI" value="30.000000" />
  <attribute name="ProportionalH" value="30.000000" />
  <attribute name="Current Error" value="60.000000" />
  <attribute name="IntegralT" value="0.000000" />
  <attribute name="IntegralI" value="0.000000" />
  <attribute name="IntegralH" value="0.000000" />
  <attribute name="DerivativeT" value="inf" />
  <attribute name="DerivativeI" value="inf" />
  <attribute name="DerivativeH" value="inf" />
  <attribute name="Loop Time for DT" value="0.000000" />
  <attribute name="Output H" value="8388608"/>
  <attribute name="Output I" value="200"/>
  <attribute name="Output T" value="1"/>
  <attribute name="Target GC Util Change" value ="20.000000" />
  <attribute name="Current GC Util Change" value="80.000000"/>
  <attribute name="GC Util currently" value="80" />
  <attribute name="CPU Util currently" value="18759883845381" />
<exclusive-end id="4643" timestamp="2019-06-15T00:50:17.929" durationms="3.423" />

<exclusive-start id="4644" timestamp="2019-06-15T00:50:17.932" intervalms="6.746">
  <response-info timems="0.073" idlems="0.073" threads="0" lastid="0000000001CEB700" lastname="main" />
</exclusive-start>
<allocation-taxation id="4645" taxation-threshold="10485760" timestamp="2019-06-15T00:50:17.932" intervalms="6.753" />
<gc-start id="4646" type="global mark phase" contextid="4604" timestamp="2019-06-15T00:50:17.932">
  <mem-info id="4647" free="27262976" total="61865984" percent="44">
    <remembered-set count="25248" freebytes="2368512" totalbytes="2469504" percent="95" regionsoverflowed="0" regionsstable="0" regionsrebuilding="17"/>
  </mem-info>
</gc-start>
<gc-end id="4648" type="global mark phase" contextid="4604" durationms="0.203" usertimems="0.000" systemtimems="0.000" timestamp="2019-06-15T00:50:17.932" activeThreads="1">
  <mem-info id="4649" free="27262976" total="61865984" percent="44">
    <remembered-set count="25248" freebytes="2368512" totalbytes="2469504" percent="95" regionsoverflowed="0" regionsstable="0" regionsrebuilding="17"/>
  </mem-info>
</gc-end>
<concurrent-start id="4650" type="GMP work packet processing" contextid="4604" timestamp="2019-06-15T00:50:17.933">
  <concurrent-mark-start scanTarget="1048576" />
</concurrent-start>
<exclusive-end id="4651" timestamp="2019-06-15T00:50:17.933" durationms="0.964" />

<concurrent-end id="4652" type="GMP work packet processing" contextid="4604" timestamp="2019-06-15T00:50:17.933">
  <concurrent-mark-end bytesScanned="1100608" reasonForTermination="Work target met" />
</concurrent-end>

<exclusive-start id="4653" timestamp="2019-06-15T00:50:17.937" intervalms="4.743">
  <response-info timems="0.077" idlems="0.077" threads="0" lastid="0000000001CEB700" lastname="main" />
</exclusive-start>
<allocation-taxation id="4654" taxation-threshold="10485760" timestamp="2019-06-15T00:50:17.937" intervalms="4.704" />
<cycle-start id="4655" type="partial gc" contextid="0" timestamp="2019-06-15T00:50:17.937" intervalms="11.482" />
<gc-start id="4656" type="partial gc" contextid="4655" timestamp="2019-06-15T00:50:17.937">
  <mem-info id="4657" free="16777216" total="61865984" percent="27">
    <mem type="eden" free="1048552" total="22020096" percent="4" />
    <remembered-set count="36160" freebytes="2324864" totalbytes="2469504" percent="94" regionsoverflowed="0" regionsstable="0" regionsrebuilding="17"/>
  </mem-info>
</gc-start>
<allocation-stats totalBytes="20900392" >
  <allocated-bytes non-tlh="0" tlh="20900392" arrayletleaf="0"/>
  <largest-consumer threadName="main" threadId="0000000001CEB700" bytes="10451440" />
</allocation-stats>
<gc-op id="4658" type="copy forward" timems="1.484" contextid="4655" timestamp="2019-06-15T00:50:17.940">
  <memory-copied type="eden" objects="1" bytes="24" bytesdiscarded="0" />
  <memory-copied type="other" objects="0" bytes="0" bytesdiscarded="0" />
  <memory-cardclean objects="16" bytes="440" />
  <regions eden="20" other="1" />
  <remembered-set-cleared processed="33988" cleared="6" durationms="0.194" />
  <stringconstants candidates="13269" cleared="0"  />
</gc-op>
<gc-op id="4659" type="classunload" timems="0.004" contextid="4655" timestamp="2019-06-15T00:50:17.940">
  <classunload-info classloadercandidates="53" classloadersunloaded="0" classesunloaded="0" anonymousclassesunloaded="0" quiescems="0.000" setupms="0.003" scanms="0.000" postms="0.000" />
</gc-op>
<gc-end id="4660" type="partial gc" contextid="4655" durationms="2.526" usertimems="4.000" systemtimems="0.000" timestamp="2019-06-15T00:50:17.940" activeThreads="4">
  <mem-info id="4661" free="37748736" total="61865984" percent="61">
    <mem type="eden" free="1048552" total="1048576" percent="99" />
    <remembered-set count="35904" freebytes="2325888" totalbytes="2469504" percent="94" regionsoverflowed="0" regionsstable="0" regionsrebuilding="17"/>
  </mem-info>
</gc-end>
<cycle-end id="4662" type="partial gc" contextid="4655" timestamp="2019-06-15T00:50:17.940" />
  <attribute name="elasticGC enabled" value="1" />
  <attribute name= "numThreadsSpecified" value="4" />
  <attribute name="heapSize specified" value="0" />
  <attribute name="Current GC Util" value="77" />
  <attribute name= "Current Time Running" value="23886" />
  <attribute name ="GC Interval" value="0" />
  <attribute name="ProportionalT" value="28.500000" />
  <attribute name="ProportionalI" value="28.500000" />
  <attribute name="ProportionalH" value="28.500000" />
  <attribute name="Current Error" value="57.000000" />
  <attribute name="IntegralT" value="57.000000" />
  <attribute name="IntegralI" value="57.000000" />
  <attribute name="IntegralH" value="57.000000" />
  <attribute name="DerivativeT" value="23.000000" />
  <attribute name="DerivativeI" value="23.000000" />
  <attribute name="DerivativeH" value="23.000000" />
  <attribute name="Loop Time for DT" value="1.000000" />
  <attribute name="Output H" value="8388608"/>
  <attribute name="Output I" value="200"/>
  <attribute name="Output T" value="4"/>
  <attribute name="Target GC Util Change" value ="20.000000" />
  <attribute name="Current GC Util Change" value="77.000000"/>
  <attribute name="GC Util currently" value="77" />
  <attribute name="CPU Util currently" value="18285321049626" />
<exclusive-end id="4663" timestamp="2019-06-15T00:50:17.940" durationms="3.591" />

<exclusive-start id="4664" timestamp="2019-06-15T00:50:17.943" intervalms="6.867">
  <response-info timems="0.066" idlems="0.066" threads="0" lastid="0000000001CEB700" lastname="main" />
</exclusive-start>
<allocation-taxation id="4665" taxation-threshold="10485760" timestamp="2019-06-15T00:50:17.944" intervalms="6.895" />
<gc-start id="4666" type="global mark phase" contextid="4604" timestamp="2019-06-15T00:50:17.944">
  <mem-info id="4667" free="27262976" total="61865984" percent="44">
    <remembered-set count="35904" freebytes="2325888" totalbytes="2469504" percent="94" regionsoverflowed="0" regionsstable="0" regionsrebuilding="17"/>
  </mem-info>
</gc-start>
<gc-end id="4668" type="global mark phase" contextid="4604" durationms="0.200" usertimems="0.000" systemtimems="0.000" timestamp="2019-06-15T00:50:17.944" activeThreads="4">
  <mem-info id="4669" free="27262976" total="61865984" percent="44">
    <remembered-set count="35904" freebytes="2325888" totalbytes="2469504" percent="94" regionsoverflowed="0" regionsstable="0" regionsrebuilding="17"/>
  </mem-info>
</gc-end>
<concurrent-start id="4670" type="GMP work packet processing" contextid="4604" timestamp="2019-06-15T00:50:17.944">
  <concurrent-mark-start scanTarget="1494994" />
</concurrent-start>
<exclusive-end id="4672" timestamp="2019-06-15T00:50:17.945" durationms="1.894" />

<concurrent-end id="4671" type="GMP work packet processing" contextid="4604" timestamp="2019-06-15T00:50:17.945">
  <concurrent-mark-end bytesScanned="1543228" reasonForTermination="Work target met" />
</concurrent-end>

<exclusive-start id="4673" timestamp="2019-06-15T00:50:17.949" intervalms="5.172">
  <response-info timems="0.068" idlems="0.068" threads="0" lastid="0000000001CEB700" lastname="main" />
</exclusive-start>
<allocation-taxation id="4674" taxation-threshold="10485760" timestamp="2019-06-15T00:50:17.949" intervalms="5.176" />
<cycle-start id="4675" type="partial gc" contextid="0" timestamp="2019-06-15T00:50:17.949" intervalms="12.064" />
<gc-start id="4676" type="partial gc" contextid="4675" timestamp="2019-06-15T00:50:17.949">
  <mem-info id="4677" free="16777216" total="61865984" percent="27">
    <mem type="eden" free="1048552" total="22020096" percent="4" />
    <remembered-set count="51520" freebytes="2263424" totalbytes="2469504" percent="91" regionsoverflowed="0" regionsstable="0" regionsrebuilding="17"/>
  </mem-info>
</gc-start>
<allocation-stats totalBytes="20900392" >
  <allocated-bytes non-tlh="0" tlh="20900392" arrayletleaf="0"/>
  <largest-consumer threadName="main" threadId="0000000001CEB700" bytes="10451440" />
</allocation-stats>
<gc-op id="4678" type="copy forward" timems="1.251" contextid="4675" timestamp="2019-06-15T00:50:17.951">
  <memory-copied type="eden" objects="1" bytes="24" bytesdiscarded="0" />
  <memory-copied type="other" objects="0" bytes="0" bytesdiscarded="0" />
  <memory-cardclean objects="16" bytes="440" />
  <regions eden="20" other="1" />
  <remembered-set-cleared processed="49208" cleared="14" durationms="0.380" />
  <stringconstants candidates="13269" cleared="0"  />
</gc-op>
<gc-op id="4679" type="classunload" timems="0.004" contextid="4675" timestamp="2019-06-15T00:50:17.951">
  <classunload-info classloadercandidates="53" classloadersunloaded="0" classesunloaded="0" anonymousclassesunloaded="0" quiescems="0.000" setupms="0.004" scanms="0.000" postms="0.000" />
</gc-op>
<gc-end id="4680" type="partial gc" contextid="4675" durationms="2.368" usertimems="4.000" systemtimems="0.000" timestamp="2019-06-15T00:50:17.952" activeThreads="1">
  <mem-info id="4681" free="37748736" total="61865984" percent="61">
    <mem type="eden" free="1048552" total="1048576" percent="99" />
    <remembered-set count="51968" freebytes="2261632" totalbytes="2469504" percent="91" regionsoverflowed="0" regionsstable="0" regionsrebuilding="17"/>
  </mem-info>
</gc-end>
<cycle-end id="4682" type="partial gc" contextid="4675" timestamp="2019-06-15T00:50:17.952" />
  <attribute name="elasticGC enabled" value="1" />
  <attribute name= "numThreadsSpecified" value="1" />
  <attribute name="heapSize specified" value="0" />
  <attribute name="Current GC Util" value="82" />
  <attribute name= "Current Time Running" value="23898" />
  <attribute name ="GC Interval" value="0" />
  <attribute name="ProportionalT" value="31.000000" />
  <attribute name="ProportionalI" value="31.000000" />
  <attribute name="ProportionalH" value="31.000000" />
  <attribute name="Current Error" value="62.000000" />
  <attribute name="IntegralT" value="0.000000" />
  <attribute name="IntegralI" value="0.000000" />
  <attribute name="IntegralH" value="0.000000" />
  <attribute name="DerivativeT" value="inf" />
  <attribute name="DerivativeI" value="inf" />
  <attribute name="DerivativeH" value="inf" />
  <attribute name="Loop Time for DT" value="0.000000" />
  <attribute name="Output H" value="8388608"/>
  <attribute name="Output I" value="200"/>
  <attribute name="Output T" value="1"/>
  <attribute name="Target GC Util Change" value ="20.000000" />
  <attribute name="Current GC Util Change" value="82.000000"/>
  <attribute name="GC Util currently" value="82" />
  <attribute name="CPU Util currently" value="17716130635795" />
<exclusive-end id="4683" timestamp="2019-06-15T00:50:17.952" durationms="3.504" />

<exclusive-start id="4684" timestamp="2019-06-15T00:50:17.956" intervalms="7.425">
  <response-info timems="0.072" idlems="0.072" threads="0" lastid="0000000001CEB700" lastname="main" />
</exclusive-start>
<allocation-taxation id="4685" taxation-threshold="10485760" timestamp="2019-06-15T00:50:17.956" intervalms="7.419" />
<gc-start id="4686" type="global mark phase" contextid="4604" timestamp="2019-06-15T00:50:17.956">
  <mem-info id="4687" free="27262976" total="61865984" percent="44">
    <remembered-set count="51488" freebytes="2263552" totalbytes="2469504" percent="91" regionsoverflowed="0" regionsstable="0" regionsrebuilding="17"/>
  </mem-info>
</gc-start>
<gc-end id="4688" type="global mark phase" contextid="4604" durationms="0.199" usertimems="0.000" systemtimems="0.000" timestamp="2019-06-15T00:50:17.957" activeThreads="1">
  <mem-info id="4689" free="27262976" total="61865984" percent="44">
    <remembered-set count="51488" freebytes="2263552" totalbytes="2469504" percent="91" regionsoverflowed="0" regionsstable="0" regionsrebuilding="17"/>
  </mem-info>
</gc-end>
<concurrent-start id="4690" type="GMP work packet processing" contextid="4604" timestamp="2019-06-15T00:50:17.957">
  <concurrent-mark-start scanTarget="1048576" />
</concurrent-start>
<exclusive-end id="4691" timestamp="2019-06-15T00:50:17.957" durationms="0.911" />

<concurrent-end id="4692" type="GMP work packet processing" contextid="4604" timestamp="2019-06-15T00:50:17.958">
  <concurrent-mark-end bytesScanned="1074484" reasonForTermination="Work target met" />
</concurrent-end>

<exclusive-start id="4693" timestamp="2019-06-15T00:50:17.961" intervalms="4.650">
  <response-info timems="0.068" idlems="0.068" threads="0" lastid="0000000001CEB700" lastname="main" />
</exclusive-start>
<allocation-taxation id="4694" taxation-threshold="10485760" timestamp="2019-06-15T00:50:17.961" intervalms="4.661" />
<cycle-start id="4695" type="partial gc" contextid="0" timestamp="2019-06-15T00:50:17.961" intervalms="12.127" />
<gc-start id="4696" type="partial gc" contextid="4695" timestamp="2019-06-15T00:50:17.961">
  <mem-info id="4697" free="16777216" total="61865984" percent="27">
    <mem type="eden" free="1048552" total="22020096" percent="4" />
    <remembered-set count="60512" freebytes="2227456" totalbytes="2469504" percent="90" regionsoverflowed="0" regionsstable="0" regionsrebuilding="17"/>
  </mem-info>
</gc-start>
<allocation-stats totalBytes="20849256" >
  <allocated-bytes non-tlh="0" tlh="20849256" arrayletleaf="0"/>
  <largest-consumer threadName="main" threadId="0000000001CEB700" bytes="10416000" />
</allocation-stats>
<gc-op id="4698" type="copy forward" timems="1.289" contextid="4695" timestamp="2019-06-15T00:50:17.964">
  <memory-copied type="eden" objects="26" bytes="1904" bytesdiscarded="0" />
  <memory-copied type="other" objects="0" bytes="0" bytesdiscarded="0" />
  <memory-cardclean objects="85" bytes="2552" />
  <regions eden="20" other="1" />
  <remembered-set-cleared processed="58687" cleared="36" durationms="0.440" />
  <stringconstants candidates="13269" cleared="0"  />
</gc-op>
<gc-op id="4699" type="classunload" timems="0.003" contextid="4695" timestamp="2019-06-15T00:50:17.964">
  <classunload-info classloadercandidates="53" classloadersunloaded="0" classesunloaded="0" anonymousclassesunloaded="0" quiescems="0.000" setupms="0.003" scanms="0.000" postms="0.000" />
</gc-op>
<gc-end id="4700" type="partial gc" contextid="4695" durationms="2.455" usertimems="4.000" systemtimems="0.000" timestamp="2019-06-15T00:50:17.964" activeThreads="1">
  <mem-info id="4701" free="37748736" total="61865984" percent="61">
    <mem type="eden" free="1046672" total="1048576" percent="99" />
    <remembered-set count="60960" freebytes="2225664" totalbytes="2469504" percent="90" regionsoverflowed="0" regionsstable="0" regionsrebuilding="17"/>
  </mem-info>
</gc-end>
<cycle-end id="4702" type="partial gc" contextid="4695" timestamp="2019-06-15T00:50:17.964" />
  <attribute name="elasticGC enabled" value="1" />
  <attribute name= "numThreadsSpecified" value="1" />
  <attribute name="heapSize specified" value="0" />
  <attribute name="Current GC Util" value="79" />
  <attribute name= "Current Time Running" value="23910" />
  <attribute name ="GC Interval" value="0" />
  <attribute name="ProportionalT" value="29.500000" />
  <attribute name="ProportionalI" value="29.500000" />
  <attribute name="ProportionalH" value="29.500000" />
  <attribute name="Current Error" value="59.000000" />
  <attribute name="IntegralT" value="0.000000" />
  <attribute name="IntegralI" value="0.000000" />
  <attribute name="IntegralH" value="0.000000" />
  <attribute name="DerivativeT" value="inf" />
  <attribute name="DerivativeI" value="inf" />
  <attribute name="DerivativeH" value="inf" />
  <attribute name="Loop Time for DT" value="0.000000" />
  <attribute name="Output H" value="8388608"/>
  <attribute name="Output I" value="200"/>
  <attribute name="Output T" value="1"/>
  <attribute name="Target GC Util Change" value ="20.000000" />
  <attribute name="Current GC Util Change" value="79.000000"/>
  <attribute name="GC Util currently" value="79" />
  <attribute name="CPU Util currently" value="18311895067549" />
<exclusive-end id="4703" timestamp="2019-06-15T00:50:17.964" durationms="3.641" />

<exclusive-start id="4704" timestamp="2019-06-15T00:50:17.968" intervalms="7.015">
  <response-info timems="0.073" idlems="0.073" threads="0" lastid="0000000001CEB700" lastname="main" />
</exclusive-start>
<allocation-taxation id="4705" taxation-threshold="10485760" timestamp="2019-06-15T00:50:17.968" intervalms="7.020" />
<gc-start id="4706" type="global mark phase" contextid="4604" timestamp="2019-06-15T00:50:17.968">
  <mem-info id="4707" free="27262976" total="61865984" percent="44">
    <remembered-set count="60480" freebytes="2227584" totalbytes="2469504" percent="90" regionsoverflowed="0" regionsstable="0" regionsrebuilding="17"/>
  </mem-info>
</gc-start>
<gc-end id="4708" type="global mark phase" contextid="4604" durationms="0.195" usertimems="0.000" systemtimems="0.000" timestamp="2019-06-15T00:50:17.968" activeThreads="1">
  <mem-info id="4709" free="27262976" total="61865984" percent="44">
    <remembered-set count="60480" freebytes="2227584" totalbytes="2469504" percent="90" regionsoverflowed="0" regionsstable="0" regionsrebuilding="17"/>
  </mem-info>
</gc-end>
<concurrent-start id="4710" type="GMP work packet processing" contextid="4604" timestamp="2019-06-15T00:50:17.968">
  <concurrent-mark-start scanTarget="1048576" />
</concurrent-start>
<exclusive-end id="4711" timestamp="2019-06-15T00:50:17.969" durationms="0.860" />

<concurrent-end id="4712" type="GMP work packet processing" contextid="4604" timestamp="2019-06-15T00:50:17.969">
  <concurrent-mark-end bytesScanned="1086920" reasonForTermination="Work target met" />
</concurrent-end>

<exclusive-start id="4713" timestamp="2019-06-15T00:50:17.972" intervalms="4.655">
  <response-info timems="0.067" idlems="0.067" threads="0" lastid="0000000001CEB700" lastname="main" />
</exclusive-start>
<allocation-taxation id="4714" taxation-threshold="10485760" timestamp="2019-06-15T00:50:17.973" intervalms="4.648" />
<cycle-start id="4715" type="partial gc" contextid="0" timestamp="2019-06-15T00:50:17.973" intervalms="11.622" />
<gc-start id="4716" type="partial gc" contextid="4715" timestamp="2019-06-15T00:50:17.973">
  <mem-info id="4717" free="16777216" total="61865984" percent="27">
    <mem type="eden" free="0" total="20971520" percent="0" />
    <remembered-set count="71424" freebytes="2183808" totalbytes="2469504" percent="88" regionsoverflowed="0" regionsstable="0" regionsrebuilding="17"/>
  </mem-info>
</gc-start>
<allocation-stats totalBytes="20832000" >
  <allocated-bytes non-tlh="0" tlh="20832000" arrayletleaf="0"/>
  <largest-consumer threadName="main" threadId="0000000001CEB700" bytes="10416000" />
</allocation-stats>
<gc-op id="4718" type="copy forward" timems="1.666" contextid="4715" timestamp="2019-06-15T00:50:17.976">
  <memory-copied type="eden" objects="0" bytes="0" bytesdiscarded="0" />
  <memory-copied type="other" objects="26" bytes="1904" bytesdiscarded="1264" />
  <memory-cardclean objects="51" bytes="1912" />
  <regions eden="20" other="1" />
  <remembered-set-cleared processed="69412" cleared="40" durationms="0.331" />
  <stringconstants candidates="13269" cleared="0"  />
</gc-op>
<gc-op id="4719" type="classunload" timems="0.004" contextid="4715" timestamp="2019-06-15T00:50:17.976">
  <classunload-info classloadercandidates="53" classloadersunloaded="0" classesunloaded="0" anonymousclassesunloaded="0" quiescems="0.000" setupms="0.003" scanms="0.000" postms="0.000" />
</gc-op>
<gc-end id="4720" type="partial gc" contextid="4715" durationms="2.769" usertimems="0.000" systemtimems="4.000" timestamp="2019-06-15T00:50:17.976" activeThreads="4">
  <mem-info id="4721" free="37748736" total="61865984" percent="61">
    <remembered-set count="72576" freebytes="2179200" totalbytes="2469504" percent="88" regionsoverflowed="0" regionsstable="0" regionsrebuilding="17"/>
  </mem-info>
</gc-end>
<cycle-end id="4722" type="partial gc" contextid="4715" timestamp="2019-06-15T00:50:17.976" />
  <attribute name="elasticGC enabled" value="1" />
  <attribute name= "numThreadsSpecified" value="4" />
  <attribute name="heapSize specified" value="0" />
  <attribute name="Current GC Util" value="69" />
  <attribute name= "Current Time Running" value="23922" />
  <attribute name ="GC Interval" value="0" />
  <attribute name="ProportionalT" value="24.500000" />
  <attribute name="ProportionalI" value="24.500000" />
  <attribute name="ProportionalH" value="24.500000" />
  <attribute name="Current Error" value="49.000000" />
  <attribute name="IntegralT" value="49.000000" />
  <attribute name="IntegralI" value="49.000000" />
  <attribute name="IntegralH" value="49.000000" />
  <attribute name="DerivativeT" value="19.500000" />
  <attribute name="DerivativeI" value="19.500000" />
  <attribute name="DerivativeH" value="19.500000" />
  <attribute name="Loop Time for DT" value="1.000000" />
  <attribute name="Output H" value="8388608"/>
  <attribute name="Output I" value="200"/>
  <attribute name="Output T" value="4"/>
  <attribute name="Target GC Util Change" value ="20.000000" />
  <attribute name="Current GC Util Change" value="69.000000"/>
  <attribute name="GC Util currently" value="69" />
  <attribute name="CPU Util currently" value="19223928858318" />
<exclusive-end id="4723" timestamp="2019-06-15T00:50:17.976" durationms="3.874" />

<exclusive-start id="4724" timestamp="2019-06-15T00:50:17.980" intervalms="7.219">
  <response-info timems="0.077" idlems="0.077" threads="0" lastid="0000000001CEB700" lastname="main" />
</exclusive-start>
<allocation-taxation id="4725" taxation-threshold="10485760" timestamp="2019-06-15T00:50:17.980" intervalms="7.216" />
<gc-start id="4726" type="global mark phase" contextid="4604" timestamp="2019-06-15T00:50:17.980">
  <mem-info id="4727" free="27262976" total="61865984" percent="44">
    <remembered-set count="72128" freebytes="2180992" totalbytes="2469504" percent="88" regionsoverflowed="0" regionsstable="0" regionsrebuilding="17"/>
  </mem-info>
</gc-start>
<gc-end id="4728" type="global mark phase" contextid="4604" durationms="0.203" usertimems="0.000" systemtimems="0.000" timestamp="2019-06-15T00:50:17.980" activeThreads="4">
  <mem-info id="4729" free="27262976" total="61865984" percent="44">
    <remembered-set count="72128" freebytes="2180992" totalbytes="2469504" percent="88" regionsoverflowed="0" regionsstable="0" regionsrebuilding="17"/>
  </mem-info>
</gc-end>
<concurrent-start id="4730" type="GMP work packet processing" contextid="4604" timestamp="2019-06-15T00:50:17.980">
  <concurrent-mark-start scanTarget="1494994" />
</concurrent-start>
<exclusive-end id="4731" timestamp="2019-06-15T00:50:17.982" durationms="1.916" />

<concurrent-end id="4732" type="GMP work packet processing" contextid="4604" timestamp="2019-06-15T00:50:17.982">
  <concurrent-mark-end bytesScanned="1545932" reasonForTermination="Work target met" />
</concurrent-end>

<exclusive-start id="4733" timestamp="2019-06-15T00:50:17.985" intervalms="5.280">
  <response-info timems="0.064" idlems="0.064" threads="0" lastid="0000000001CEB700" lastname="main" />
</exclusive-start>
<allocation-taxation id="4734" taxation-threshold="10485760" timestamp="2019-06-15T00:50:17.985" intervalms="5.287" />
<cycle-start id="4735" type="partial gc" contextid="0" timestamp="2019-06-15T00:50:17.985" intervalms="12.505" />
<gc-start id="4736" type="partial gc" contextid="4735" timestamp="2019-06-15T00:50:17.986">
  <mem-info id="4737" free="16777216" total="61865984" percent="27">
    <mem type="eden" free="0" total="20971520" percent="0" />
    <remembered-set count="95136" freebytes="2088960" totalbytes="2469504" percent="84" regionsoverflowed="0" regionsstable="0" regionsrebuilding="17"/>
  </mem-info>
</gc-start>
<allocation-stats totalBytes="20832840" >
  <allocated-bytes non-tlh="0" tlh="20832840" arrayletleaf="0"/>
  <largest-consumer threadName="main" threadId="0000000001CEB700" bytes="10416840" />
</allocation-stats>
<gc-op id="4738" type="copy forward" timems="1.449" contextid="4735" timestamp="2019-06-15T00:50:17.988">
  <memory-copied type="eden" objects="1" bytes="24" bytesdiscarded="0" />
  <memory-copied type="other" objects="0" bytes="0" bytesdiscarded="0" />
  <memory-cardclean objects="8" bytes="248" />
  <regions eden="20" other="0" />
  <remembered-set-cleared processed="92987" cleared="7" durationms="0.598" />
  <stringconstants candidates="13269" cleared="0"  />
</gc-op>
<gc-op id="4739" type="classunload" timems="0.003" contextid="4735" timestamp="2019-06-15T00:50:17.988">
  <classunload-info classloadercandidates="53" classloadersunloaded="0" classesunloaded="0" anonymousclassesunloaded="0" quiescems="0.000" setupms="0.003" scanms="0.000" postms="0.000" />
</gc-op>
<heap-resize id="4740" type="expand" space="default" amount="1048576" count="1" timems="0.049" reason="excessive time being spent in gc" timestamp="2019-06-15T00:50:17.988" />
<gc-end id="4741" type="partial gc" contextid="4735" durationms="2.710" usertimems="0.000" systemtimems="0.000" timestamp="2019-06-15T00:50:17.988" activeThreads="1">
  <mem-info id="4742" free="37748736" total="62914560" percent="60">
    <mem type="eden" free="1048552" total="1048576" percent="99" />
    <remembered-set count="95616" freebytes="2128896" totalbytes="2511360" percent="84" regionsoverflowed="0" regionsstable="0" regionsrebuilding="17"/>
  </mem-info>
</gc-end>
<cycle-end id="4743" type="partial gc" contextid="4735" timestamp="2019-06-15T00:50:17.988" />
  <attribute name="elasticGC enabled" value="1" />
  <attribute name= "numThreadsSpecified" value="1" />
  <attribute name="heapSize specified" value="0" />
  <attribute name="Current GC Util" value="57" />
  <attribute name= "Current Time Running" value="23934" />
  <attribute name ="GC Interval" value="0" />
  <attribute name="ProportionalT" value="18.500000" />
  <attribute name="ProportionalI" value="18.500000" />
  <attribute name="ProportionalH" value="18.500000" />
  <attribute name="Current Error" value="37.000000" />
  <attribute name="IntegralT" value="0.000000" />
  <attribute name="IntegralI" value="0.000000" />
  <attribute name="IntegralH" value="0.000000" />
  <attribute name="DerivativeT" value="inf" />
  <attribute name="DerivativeI" value="inf" />
  <attribute name="DerivativeH" value="inf" />
  <attribute name="Loop Time for DT" value="0.000000" />
  <attribute name="Output H" value="8388608"/>
  <attribute name="Output I" value="200"/>
  <attribute name="Output T" value="1"/>
  <attribute name="Target GC Util Change" value ="20.000000" />
  <attribute name="Current GC Util Change" value="57.000000"/>
  <attribute name="GC Util currently" value="57" />
  <attribute name="CPU Util currently" value="20828621728099" />
<exclusive-end id="4744" timestamp="2019-06-15T00:50:17.989" durationms="3.859" />

<exclusive-start id="4745" timestamp="2019-06-15T00:50:17.992" intervalms="7.272">
  <response-info timems="0.070" idlems="0.070" threads="0" lastid="0000000001CEB700" lastname="main" />
</exclusive-start>
<allocation-taxation id="4746" taxation-threshold="10485760" timestamp="2019-06-15T00:50:17.992" intervalms="7.208" />
<gc-start id="4747" type="global mark phase" contextid="4604" timestamp="2019-06-15T00:50:17.992">
  <mem-info id="4748" free="27262976" total="62914560" percent="43">
    <remembered-set count="95136" freebytes="2130816" totalbytes="2511360" percent="84" regionsoverflowed="0" regionsstable="0" regionsrebuilding="17"/>
  </mem-info>
</gc-start>
<gc-end id="4749" type="global mark phase" contextid="4604" durationms="0.122" usertimems="0.000" systemtimems="0.000" timestamp="2019-06-15T00:50:17.993" activeThreads="1">
  <mem-info id="4750" free="27262976" total="62914560" percent="43">
    <remembered-set count="95136" freebytes="2130816" totalbytes="2511360" percent="84" regionsoverflowed="0" regionsstable="0" regionsrebuilding="17"/>
  </mem-info>
</gc-end>
<concurrent-start id="4751" type="GMP work packet processing" contextid="4604" timestamp="2019-06-15T00:50:17.993">
  <concurrent-mark-start scanTarget="1048576" />
</concurrent-start>
<exclusive-end id="4752" timestamp="2019-06-15T00:50:17.993" durationms="0.756" />

<concurrent-end id="4753" type="GMP work packet processing" contextid="4604" timestamp="2019-06-15T00:50:17.993">
  <concurrent-mark-end bytesScanned="1094536" reasonForTermination="Work target met" />
</concurrent-end>

<exclusive-start id="4754" timestamp="2019-06-15T00:50:17.997" intervalms="4.415">
  <response-info timems="0.056" idlems="0.056" threads="0" lastid="0000000001CEB700" lastname="main" />
</exclusive-start>
<allocation-taxation id="4755" taxation-threshold="10485760" timestamp="2019-06-15T00:50:17.997" intervalms="4.374" />
<cycle-start id="4756" type="partial gc" contextid="0" timestamp="2019-06-15T00:50:17.997" intervalms="11.486" />
<gc-start id="4757" type="partial gc" contextid="4756" timestamp="2019-06-15T00:50:17.997">
  <mem-info id="4758" free="16777216" total="62914560" percent="26">
    <mem type="eden" free="1048552" total="22020096" percent="4" />
    <remembered-set count="99616" freebytes="2112896" totalbytes="2511360" percent="84" regionsoverflowed="0" regionsstable="0" regionsrebuilding="17"/>
  </mem-info>
</gc-start>
<allocation-stats totalBytes="20840064" >
  <allocated-bytes non-tlh="0" tlh="20840064" arrayletleaf="0"/>
  <largest-consumer threadName="main" threadId="0000000001CEB700" bytes="10420032" />
</allocation-stats>
<gc-op id="4759" type="copy forward" timems="1.476" contextid="4756" timestamp="2019-06-15T00:50:17.999">
  <memory-copied type="eden" objects="1" bytes="24" bytesdiscarded="0" />
  <memory-copied type="other" objects="0" bytes="0" bytesdiscarded="0" />
  <memory-cardclean objects="8" bytes="248" />
  <regions eden="20" other="1" />
  <remembered-set-cleared processed="97561" cleared="5" durationms="0.623" />
  <stringconstants candidates="13269" cleared="0"  />
</gc-op>
<gc-op id="4760" type="classunload" timems="0.004" contextid="4756" timestamp="2019-06-15T00:50:17.999">
  <classunload-info classloadercandidates="53" classloadersunloaded="0" classesunloaded="0" anonymousclassesunloaded="0" quiescems="0.000" setupms="0.004" scanms="0.000" postms="0.000" />
</gc-op>
<gc-end id="4761" type="partial gc" contextid="4756" durationms="2.534" usertimems="0.000" systemtimems="0.000" timestamp="2019-06-15T00:50:18.000" activeThreads="1">
  <mem-info id="4762" free="37748736" total="62914560" percent="60">
    <mem type="eden" free="1048552" total="1048576" percent="99" />
    <remembered-set count="100064" freebytes="2111104" totalbytes="2511360" percent="84" regionsoverflowed="0" regionsstable="0" regionsrebuilding="17"/>
  </mem-info>
</gc-end>
<cycle-end id="4763" type="partial gc" contextid="4756" timestamp="2019-06-15T00:50:18.000" />
  <attribute name="elasticGC enabled" value="1" />
  <attribute name= "numThreadsSpecified" value="1" />
  <attribute name="heapSize specified" value="0" />
  <attribute name="Current GC Util" value="51" />
  <attribute name= "Current Time Running" value="23945" />
  <attribute name ="GC Interval" value="0" />
  <attribute name="ProportionalT" value="15.500000" />
  <attribute name="ProportionalI" value="15.500000" />
  <attribute name="ProportionalH" value="15.500000" />
  <attribute name="Current Error" value="31.000000" />
  <attribute name="IntegralT" value="0.000000" />
  <attribute name="IntegralI" value="0.000000" />
  <attribute name="IntegralH" value="0.000000" />
  <attribute name="DerivativeT" value="inf" />
  <attribute name="DerivativeI" value="inf" />
  <attribute name="DerivativeH" value="inf" />
  <attribute name="Loop Time for DT" value="0.000000" />
  <attribute name="Output H" value="8388608"/>
  <attribute name="Output I" value="200"/>
  <attribute name="Output T" value="1"/>
  <attribute name="Target GC Util Change" value ="20.000000" />
  <attribute name="Current GC Util Change" value="51.000000"/>
  <attribute name="GC Util currently" value="51" />
  <attribute name="CPU Util currently" value="20050895722769" />
<exclusive-end id="4764" timestamp="2019-06-15T00:50:18.000" durationms="3.408" />

<exclusive-start id="4765" timestamp="2019-06-15T00:50:18.003" intervalms="6.752">
  <response-info timems="0.074" idlems="0.074" threads="0" lastid="0000000001CEB700" lastname="main" />
</exclusive-start>
<allocation-taxation id="4766" taxation-threshold="10485760" timestamp="2019-06-15T00:50:18.004" intervalms="6.851" />
<gc-start id="4767" type="global mark phase" contextid="4604" timestamp="2019-06-15T00:50:18.004">
  <mem-info id="4768" free="27262976" total="62914560" percent="43">
    <remembered-set count="99616" freebytes="2112896" totalbytes="2511360" percent="84" regionsoverflowed="0" regionsstable="0" regionsrebuilding="17"/>
  </mem-info>
</gc-start>
<gc-end id="4769" type="global mark phase" contextid="4604" durationms="0.125" usertimems="0.000" systemtimems="0.000" timestamp="2019-06-15T00:50:18.004" activeThreads="1">
  <mem-info id="4770" free="27262976" total="62914560" percent="43">
    <remembered-set count="99616" freebytes="2112896" totalbytes="2511360" percent="84" regionsoverflowed="0" regionsstable="0" regionsrebuilding="17"/>
  </mem-info>
</gc-end>
<concurrent-start id="4771" type="GMP work packet processing" contextid="4604" timestamp="2019-06-15T00:50:18.004">
  <concurrent-mark-start scanTarget="1048576" />
</concurrent-start>
<exclusive-end id="4772" timestamp="2019-06-15T00:50:18.005" durationms="1.553" />

<concurrent-end id="4773" type="GMP work packet processing" contextid="4604" timestamp="2019-06-15T00:50:18.005">
  <concurrent-mark-end bytesScanned="1097344" reasonForTermination="Work target met" />
</concurrent-end>

<exclusive-start id="4774" timestamp="2019-06-15T00:50:18.008" intervalms="4.876">
  <response-info timems="0.056" idlems="0.056" threads="0" lastid="0000000001CEB700" lastname="main" />
</exclusive-start>
<allocation-taxation id="4775" taxation-threshold="10485760" timestamp="2019-06-15T00:50:18.008" intervalms="4.883" />
<cycle-start id="4776" type="partial gc" contextid="0" timestamp="2019-06-15T00:50:18.009" intervalms="11.819" />
<gc-start id="4777" type="partial gc" contextid="4776" timestamp="2019-06-15T00:50:18.009">
  <mem-info id="4778" free="16777216" total="62914560" percent="26">
    <mem type="eden" free="1048552" total="22020096" percent="4" />
    <remembered-set count="112352" freebytes="2061952" totalbytes="2511360" percent="82" regionsoverflowed="0" regionsstable="0" regionsrebuilding="17"/>
  </mem-info>
</gc-start>
<allocation-stats totalBytes="20840064" >
  <allocated-bytes non-tlh="0" tlh="20840064" arrayletleaf="0"/>
  <largest-consumer threadName="main" threadId="0000000001CEB700" bytes="10420032" />
</allocation-stats>
<gc-op id="4779" type="copy forward" timems="1.626" contextid="4776" timestamp="2019-06-15T00:50:18.011">
  <memory-copied type="eden" objects="1" bytes="24" bytesdiscarded="0" />
  <memory-copied type="other" objects="0" bytes="0" bytesdiscarded="0" />
  <memory-cardclean objects="8" bytes="248" />
  <regions eden="20" other="1" />
  <remembered-set-cleared processed="110035" cleared="6" durationms="0.690" />
  <stringconstants candidates="13269" cleared="0"  />
</gc-op>
<gc-op id="4780" type="classunload" timems="0.003" contextid="4776" timestamp="2019-06-15T00:50:18.011">
  <classunload-info classloadercandidates="53" classloadersunloaded="0" classesunloaded="0" anonymousclassesunloaded="0" quiescems="0.000" setupms="0.003" scanms="0.000" postms="0.000" />
</gc-op>
<gc-end id="4781" type="partial gc" contextid="4776" durationms="2.817" usertimems="4.000" systemtimems="0.000" timestamp="2019-06-15T00:50:18.012" activeThreads="1">
  <mem-info id="4782" free="37748736" total="62914560" percent="60">
    <mem type="eden" free="1048552" total="1048576" percent="99" />
    <remembered-set count="112832" freebytes="2060032" totalbytes="2511360" percent="82" regionsoverflowed="0" regionsstable="0" regionsrebuilding="17"/>
  </mem-info>
</gc-end>
<cycle-end id="4783" type="partial gc" contextid="4776" timestamp="2019-06-15T00:50:18.012" />
  <attribute name="elasticGC enabled" value="1" />
  <attribute name= "numThreadsSpecified" value="1" />
  <attribute name="heapSize specified" value="0" />
  <attribute name="Current GC Util" value="84" />
  <attribute name= "Current Time Running" value="23957" />
  <attribute name ="GC Interval" value="0" />
  <attribute name="ProportionalT" value="32.000000" />
  <attribute name="ProportionalI" value="32.000000" />
  <attribute name="ProportionalH" value="32.000000" />
  <attribute name="Current Error" value="64.000000" />
  <attribute name="IntegralT" value="0.000000" />
  <attribute name="IntegralI" value="0.000000" />
  <attribute name="IntegralH" value="0.000000" />
  <attribute name="DerivativeT" value="inf" />
  <attribute name="DerivativeI" value="inf" />
  <attribute name="DerivativeH" value="inf" />
  <attribute name="Loop Time for DT" value="0.000000" />
  <attribute name="Output H" value="8388608"/>
  <attribute name="Output I" value="200"/>
  <attribute name="Output T" value="1"/>
  <attribute name="Target GC Util Change" value ="20.000000" />
  <attribute name="Current GC Util Change" value="84.000000"/>
  <attribute name="GC Util currently" value="84" />
  <attribute name="CPU Util currently" value="17807043625733" />
<exclusive-end id="4784" timestamp="2019-06-15T00:50:18.012" durationms="3.981" />

<exclusive-start id="4785" timestamp="2019-06-15T00:50:18.016" intervalms="7.327">
  <response-info timems="0.074" idlems="0.074" threads="0" lastid="0000000001CEB700" lastname="main" />
</exclusive-start>
<allocation-taxation id="4786" taxation-threshold="10485760" timestamp="2019-06-15T00:50:18.016" intervalms="7.304" />
<gc-start id="4787" type="global mark phase" contextid="4604" timestamp="2019-06-15T00:50:18.016">
  <mem-info id="4788" free="27262976" total="62914560" percent="43">
    <remembered-set count="112352" freebytes="2061952" totalbytes="2511360" percent="82" regionsoverflowed="0" regionsstable="0" regionsrebuilding="17"/>
  </mem-info>
</gc-start>
<gc-end id="4789" type="global mark phase" contextid="4604" durationms="0.200" usertimems="0.000" systemtimems="0.000" timestamp="2019-06-15T00:50:18.016" activeThreads="1">
  <mem-info id="4790" free="27262976" total="62914560" percent="43">
    <remembered-set count="112352" freebytes="2061952" totalbytes="2511360" percent="82" regionsoverflowed="0" regionsstable="0" regionsrebuilding="17"/>
  </mem-info>
</gc-end>
<concurrent-start id="4791" type="GMP work packet processing" contextid="4604" timestamp="2019-06-15T00:50:18.016">
  <concurrent-mark-start scanTarget="1048576" />
</concurrent-start>
<exclusive-end id="4792" timestamp="2019-06-15T00:50:18.017" durationms="1.486" />

<concurrent-end id="4793" type="GMP work packet processing" contextid="4604" timestamp="2019-06-15T00:50:18.017">
  <concurrent-mark-end bytesScanned="1090748" reasonForTermination="Work target met" />
</concurrent-end>

<exclusive-start id="4794" timestamp="2019-06-15T00:50:18.020" intervalms="4.808">
  <response-info timems="0.072" idlems="0.072" threads="0" lastid="0000000001CEB700" lastname="main" />
</exclusive-start>
<allocation-taxation id="4795" taxation-threshold="10485760" timestamp="2019-06-15T00:50:18.021" intervalms="4.834" />
<cycle-start id="4796" type="partial gc" contextid="0" timestamp="2019-06-15T00:50:18.021" intervalms="12.199" />
<gc-start id="4797" type="partial gc" contextid="4796" timestamp="2019-06-15T00:50:18.021">
  <mem-info id="4798" free="16777216" total="62914560" percent="26">
    <mem type="eden" free="1048552" total="22020096" percent="4" />
    <remembered-set count="124384" freebytes="2013824" totalbytes="2511360" percent="80" regionsoverflowed="0" regionsstable="0" regionsrebuilding="17"/>
  </mem-info>
</gc-start>
<allocation-stats totalBytes="20840064" >
  <allocated-bytes non-tlh="0" tlh="20840064" arrayletleaf="0"/>
  <largest-consumer threadName="main" threadId="0000000001CEB700" bytes="10420032" />
</allocation-stats>
<gc-op id="4799" type="copy forward" timems="1.772" contextid="4796" timestamp="2019-06-15T00:50:18.024">
  <memory-copied type="eden" objects="1" bytes="24" bytesdiscarded="0" />
  <memory-copied type="other" objects="0" bytes="0" bytesdiscarded="0" />
  <memory-cardclean objects="8" bytes="248" />
  <regions eden="20" other="1" />
  <remembered-set-cleared processed="122035" cleared="5" durationms="0.442" />
  <stringconstants candidates="13269" cleared="0"  />
</gc-op>
<gc-op id="4800" type="classunload" timems="0.003" contextid="4796" timestamp="2019-06-15T00:50:18.024">
  <classunload-info classloadercandidates="53" classloadersunloaded="0" classesunloaded="0" anonymousclassesunloaded="0" quiescems="0.000" setupms="0.003" scanms="0.000" postms="0.000" />
</gc-op>
<gc-end id="4801" type="partial gc" contextid="4796" durationms="2.890" usertimems="0.000" systemtimems="4.000" timestamp="2019-06-15T00:50:18.024" activeThreads="4">
  <mem-info id="4802" free="37748736" total="62914560" percent="60">
    <mem type="eden" free="1048552" total="1048576" percent="99" />
    <remembered-set count="124096" freebytes="2014976" totalbytes="2511360" percent="80" regionsoverflowed="0" regionsstable="0" regionsrebuilding="17"/>
  </mem-info>
</gc-end>
<cycle-end id="4803" type="partial gc" contextid="4796" timestamp="2019-06-15T00:50:18.024" />
  <attribute name="elasticGC enabled" value="1" />
  <attribute name= "numThreadsSpecified" value="4" />
  <attribute name="heapSize specified" value="0" />
  <attribute name="Current GC Util" value="80" />
  <attribute name= "Current Time Running" value="23970" />
  <attribute name ="GC Interval" value="0" />
  <attribute name="ProportionalT" value="30.000000" />
  <attribute name="ProportionalI" value="30.000000" />
  <attribute name="ProportionalH" value="30.000000" />
  <attribute name="Current Error" value="60.000000" />
  <attribute name="IntegralT" value="60.000000" />
  <attribute name="IntegralI" value="60.000000" />
  <attribute name="IntegralH" value="60.000000" />
  <attribute name="DerivativeT" value="24.500000" />
  <attribute name="DerivativeI" value="24.500000" />
  <attribute name="DerivativeH" value="24.500000" />
  <attribute name="Loop Time for DT" value="1.000000" />
  <attribute name="Output H" value="8388608"/>
  <attribute name="Output I" value="200"/>
  <attribute name="Output T" value="4"/>
  <attribute name="Target GC Util Change" value ="20.000000" />
  <attribute name="Current GC Util Change" value="80.000000"/>
  <attribute name="GC Util currently" value="80" />
  <attribute name="CPU Util currently" value="18461586976432" />
<exclusive-end id="4804" timestamp="2019-06-15T00:50:18.024" durationms="4.048" />

<exclusive-start id="4805" timestamp="2019-06-15T00:50:18.028" intervalms="7.407">
  <response-info timems="0.075" idlems="0.075" threads="0" lastid="0000000001CEB700" lastname="main" />
</exclusive-start>
<allocation-taxation id="4806" taxation-threshold="10485760" timestamp="2019-06-15T00:50:18.028" intervalms="7.405" />
<gc-start id="4807" type="global mark phase" contextid="4604" timestamp="2019-06-15T00:50:18.028">
  <mem-info id="4808" free="27262976" total="62914560" percent="43">
    <remembered-set count="123616" freebytes="2016896" totalbytes="2511360" percent="80" regionsoverflowed="0" regionsstable="0" regionsrebuilding="17"/>
  </mem-info>
</gc-start>
<gc-end id="4809" type="global mark phase" contextid="4604" durationms="0.201" usertimems="0.000" systemtimems="0.000" timestamp="2019-06-15T00:50:18.028" activeThreads="4">
  <mem-info id="4810" free="27262976" total="62914560" percent="43">
    <remembered-set count="123616" freebytes="2016896" totalbytes="2511360" percent="80" regionsoverflowed="0" regionsstable="0" regionsrebuilding="17"/>
  </mem-info>
</gc-end>
<concurrent-start id="4811" type="GMP work packet processing" contextid="4604" timestamp="2019-06-15T00:50:18.029">
  <concurrent-mark-start scanTarget="1494994" />
</concurrent-start>
<exclusive-end id="4812" timestamp="2019-06-15T00:50:18.029" durationms="1.366" />

<concurrent-end id="4813" type="GMP work packet processing" contextid="4604" timestamp="2019-06-15T00:50:18.029">
  <concurrent-mark-end bytesScanned="842068" reasonForTermination="Completed all work in GC phase" />
</concurrent-end>

<exclusive-start id="4814" timestamp="2019-06-15T00:50:18.032" intervalms="4.708">
  <response-info timems="0.071" idlems="0.071" threads="0" lastid="0000000001CEB700" lastname="main" />
</exclusive-start>
<allocation-taxation id="4815" taxation-threshold="10485760" timestamp="2019-06-15T00:50:18.033" intervalms="4.710" />
<cycle-start id="4816" type="partial gc" contextid="0" timestamp="2019-06-15T00:50:18.033" intervalms="12.111" />
<gc-start id="4817" type="partial gc" contextid="4816" timestamp="2019-06-15T00:50:18.033">
  <mem-info id="4818" free="16777216" total="62914560" percent="26">
    <mem type="eden" free="1048552" total="22020096" percent="4" />
    <remembered-set count="132672" freebytes="1980672" totalbytes="2511360" percent="78" regionsoverflowed="0" regionsstable="0" regionsrebuilding="17"/>
  </mem-info>
</gc-start>
<allocation-stats totalBytes="20840064" >
  <allocated-bytes non-tlh="0" tlh="20840064" arrayletleaf="0"/>
  <largest-consumer threadName="main" threadId="0000000001CEB700" bytes="10420032" />
</allocation-stats>
<gc-op id="4819" type="copy forward" timems="1.547" contextid="4816" timestamp="2019-06-15T00:50:18.036">
  <memory-copied type="eden" objects="1" bytes="24" bytesdiscarded="0" />
  <memory-copied type="other" objects="0" bytes="0" bytesdiscarded="0" />
  <memory-cardclean objects="8" bytes="248" />
  <regions eden="20" other="1" />
  <remembered-set-cleared processed="130417" cleared="5" durationms="0.465" />
  <stringconstants candidates="13269" cleared="0"  />
</gc-op>
<gc-op id="4820" type="classunload" timems="0.003" contextid="4816" timestamp="2019-06-15T00:50:18.036">
  <classunload-info classloadercandidates="53" classloadersunloaded="0" classesunloaded="0" anonymousclassesunloaded="0" quiescems="0.000" setupms="0.003" scanms="0.000" postms="0.000" />
</gc-op>
<gc-end id="4821" type="partial gc" contextid="4816" durationms="2.624" usertimems="0.000" systemtimems="4.000" timestamp="2019-06-15T00:50:18.036" activeThreads="4">
  <mem-info id="4822" free="37748736" total="62914560" percent="60">
    <mem type="eden" free="1048552" total="1048576" percent="99" />
    <remembered-set count="132352" freebytes="1981952" totalbytes="2511360" percent="78" regionsoverflowed="0" regionsstable="0" regionsrebuilding="17"/>
  </mem-info>
</gc-end>
<cycle-end id="4823" type="partial gc" contextid="4816" timestamp="2019-06-15T00:50:18.036" />
  <attribute name="elasticGC enabled" value="1" />
  <attribute name= "numThreadsSpecified" value="4" />
  <attribute name="heapSize specified" value="0" />
  <attribute name="Current GC Util" value="79" />
  <attribute name= "Current Time Running" value="23982" />
  <attribute name ="GC Interval" value="0" />
  <attribute name="ProportionalT" value="29.500000" />
  <attribute name="ProportionalI" value="29.500000" />
  <attribute name="ProportionalH" value="29.500000" />
  <attribute name="Current Error" value="59.000000" />
  <attribute name="IntegralT" value="59.000000" />
  <attribute name="IntegralI" value="59.000000" />
  <attribute name="IntegralH" value="59.000000" />
  <attribute name="DerivativeT" value="28.000000" />
  <attribute name="DerivativeI" value="28.000000" />
  <attribute name="DerivativeH" value="28.000000" />
  <attribute name="Loop Time for DT" value="1.000000" />
  <attribute name="Output H" value="8388608"/>
  <attribute name="Output I" value="200"/>
  <attribute name="Output T" value="4"/>
  <attribute name="Target GC Util Change" value ="20.000000" />
  <attribute name="Current GC Util Change" value="79.000000"/>
  <attribute name="GC Util currently" value="79" />
  <attribute name="CPU Util currently" value="18469720191852" />
<exclusive-end id="4824" timestamp="2019-06-15T00:50:18.036" durationms="3.736" />

<exclusive-start id="4825" timestamp="2019-06-15T00:50:18.040" intervalms="7.070">
  <response-info timems="0.069" idlems="0.069" threads="0" lastid="0000000001CEB700" lastname="main" />
</exclusive-start>
<allocation-taxation id="4826" taxation-threshold="10485760" timestamp="2019-06-15T00:50:18.040" intervalms="7.044" />
<gc-start id="4827" type="global mark phase" contextid="4604" timestamp="2019-06-15T00:50:18.040">
  <mem-info id="4828" free="27262976" total="62914560" percent="43">
    <remembered-set count="131872" freebytes="1983872" totalbytes="2511360" percent="78" regionsoverflowed="0" regionsstable="0" regionsrebuilding="17"/>
  </mem-info>
</gc-start>
<gc-op id="4829" type="mark increment" timems="2.002" contextid="4604" timestamp="2019-06-15T00:50:18.042">
  <trace-info objectcount="27" scancount="25" scanbytes="115424" />
  <cardclean-info objects="12706" bytes="508100" />
  <finalization candidates="80" enqueued="0" />
  <ownableSynchronizers candidates="21" cleared="0" />
  <references type="soft" candidates="1863" cleared="0" enqueued="0" dynamicThreshold="19" maxThreshold="32" />
  <references type="weak" candidates="5714" cleared="0" enqueued="0" />
  <references type="phantom" candidates="101" cleared="0" enqueued="0" />
  <stringconstants candidates="13269" cleared="0"  />
</gc-op>
<gc-op id="4830" type="classunload" timems="0.005" contextid="4604" timestamp="2019-06-15T00:50:18.042">
  <classunload-info classloadercandidates="53" classloadersunloaded="0" classesunloaded="0" anonymousclassesunloaded="0" quiescems="0.000" setupms="0.004" scanms="0.000" postms="0.000" />
</gc-op>
<gc-end id="4831" type="global mark phase" contextid="4604" durationms="2.443" usertimems="4.000" systemtimems="0.000" timestamp="2019-06-15T00:50:18.042" activeThreads="4">
  <mem-info id="4832" free="27262976" total="62914560" percent="43">
    <remembered-set count="136480" freebytes="1965440" totalbytes="2511360" percent="78" regionsoverflowed="0" regionsstable="0" regionsrebuilding="0"/>
  </mem-info>
</gc-end>
<cycle-end id="4833" type="global mark phase" contextid="4604" timestamp="2019-06-15T00:50:18.042" />
  <attribute name="elasticGC enabled" value="1" />
  <attribute name= "numThreadsSpecified" value="4" />
  <attribute name="heapSize specified" value="0" />
  <attribute name="Current GC Util" value="51" />
  <attribute name= "Current Time Running" value="23989" />
  <attribute name ="GC Interval" value="0" />
  <attribute name="ProportionalT" value="15.500000" />
  <attribute name="ProportionalI" value="15.500000" />
  <attribute name="ProportionalH" value="15.500000" />
  <attribute name="Current Error" value="31.000000" />
  <attribute name="IntegralT" value="0.000000" />
  <attribute name="IntegralI" value="0.000000" />
  <attribute name="IntegralH" value="0.000000" />
  <attribute name="DerivativeT" value="-inf" />
  <attribute name="DerivativeI" value="-inf" />
  <attribute name="DerivativeH" value="-inf" />
  <attribute name="Loop Time for DT" value="0.000000" />
  <attribute name="Output H" value="2091843584"/>
  <attribute name="Output I" value="200"/>
  <attribute name="Output T" value="4"/>
  <attribute name="Target GC Util Change" value ="20.000000" />
  <attribute name="Current GC Util Change" value="51.000000"/>
  <attribute name="GC Util currently" value="51" />
  <attribute name="CPU Util currently" value="18289091887272" />
<exclusive-end id="4834" timestamp="2019-06-15T00:50:18.043" durationms="3.216" />

<exclusive-start id="4835" timestamp="2019-06-15T00:50:18.046" intervalms="6.491">
  <response-info timems="0.057" idlems="0.057" threads="0" lastid="0000000001CEB700" lastname="main" />
</exclusive-start>
<allocation-taxation id="4836" taxation-threshold="10485760" timestamp="2019-06-15T00:50:18.046" intervalms="6.456" />
<cycle-start id="4837" type="partial gc" contextid="0" timestamp="2019-06-15T00:50:18.046" intervalms="13.422" />
<gc-start id="4838" type="partial gc" contextid="4837" timestamp="2019-06-15T00:50:18.047">
  <mem-info id="4839" free="16777216" total="62914560" percent="26">
    <mem type="eden" free="1048552" total="22020096" percent="4" />
    <remembered-set count="91200" freebytes="2146560" totalbytes="2511360" percent="85" regionsoverflowed="0" regionsstable="13" regionsrebuilding="0"/>
  </mem-info>
</gc-start>
<allocation-stats totalBytes="20840064" >
  <allocated-bytes non-tlh="0" tlh="20840064" arrayletleaf="0"/>
  <largest-consumer threadName="main" threadId="0000000001CEB700" bytes="10420032" />
</allocation-stats>
<gc-op id="4840" type="sweep" timems="0.643" contextid="4837" timestamp="2019-06-15T00:50:18.048" />
<gc-op id="4841" type="copy forward" timems="1.297" contextid="4837" timestamp="2019-06-15T00:50:18.050">
  <memory-copied type="eden" objects="1" bytes="24" bytesdiscarded="0" />
  <memory-copied type="other" objects="0" bytes="0" bytesdiscarded="0" />
  <memory-cardclean objects="8" bytes="248" />
  <regions eden="10" other="1" />
  <remembered-set-cleared processed="89875" cleared="13" durationms="0.608" />
  <stringconstants candidates="13269" cleared="0"  />
</gc-op>
<gc-op id="4842" type="classunload" timems="0.003" contextid="4837" timestamp="2019-06-15T00:50:18.050">
  <classunload-info classloadercandidates="53" classloadersunloaded="0" classesunloaded="0" anonymousclassesunloaded="0" quiescems="0.000" setupms="0.003" scanms="0.000" postms="0.000" />
</gc-op>
<gc-end id="4843" type="partial gc" contextid="4837" durationms="3.450" usertimems="0.000" systemtimems="0.000" timestamp="2019-06-15T00:50:18.050" activeThreads="1">
  <mem-info id="4844" free="37748736" total="62914560" percent="60">
    <mem type="eden" free="1048552" total="1048576" percent="99" />
    <remembered-set count="91680" freebytes="2144640" totalbytes="2511360" percent="85" regionsoverflowed="0" regionsstable="13" regionsrebuilding="0"/>
  </mem-info>
</gc-end>
<cycle-end id="4845" type="partial gc" contextid="4837" timestamp="2019-06-15T00:50:18.050" />
  <attribute name="elasticGC enabled" value="1" />
  <attribute name= "numThreadsSpecified" value="1" />
  <attribute name="heapSize specified" value="0" />
  <attribute name="Current GC Util" value="76" />
  <attribute name= "Current Time Running" value="23996" />
  <attribute name ="GC Interval" value="0" />
  <attribute name="ProportionalT" value="28.000000" />
  <attribute name="ProportionalI" value="28.000000" />
  <attribute name="ProportionalH" value="28.000000" />
  <attribute name="Current Error" value="56.000000" />
  <attribute name="IntegralT" value="0.000000" />
  <attribute name="IntegralI" value="0.000000" />
  <attribute name="IntegralH" value="0.000000" />
  <attribute name="DerivativeT" value="inf" />
  <attribute name="DerivativeI" value="inf" />
  <attribute name="DerivativeH" value="inf" />
  <attribute name="Loop Time for DT" value="0.000000" />
  <attribute name="Output H" value="8388608"/>
  <attribute name="Output I" value="200"/>
  <attribute name="Output T" value="1"/>
  <attribute name="Target GC Util Change" value ="20.000000" />
  <attribute name="Current GC Util Change" value="76.000000"/>
  <attribute name="GC Util currently" value="76" />
  <attribute name="CPU Util currently" value="18937217800002" />
<exclusive-end id="4846" timestamp="2019-06-15T00:50:18.050" durationms="4.435" />

<exclusive-start id="4847" timestamp="2019-06-15T00:50:18.057" intervalms="11.265">
  <response-info timems="0.075" idlems="0.075" threads="0" lastid="0000000001CEB700" lastname="main" />
</exclusive-start>
<allocation-taxation id="4848" taxation-threshold="22020096" timestamp="2019-06-15T00:50:18.057" intervalms="11.332" />
<cycle-start id="4849" type="partial gc" contextid="0" timestamp="2019-06-15T00:50:18.058" intervalms="11.381" />
<gc-start id="4850" type="partial gc" contextid="4849" timestamp="2019-06-15T00:50:18.058">
  <mem-info id="4851" free="15728640" total="62914560" percent="25">
    <mem type="eden" free="1048552" total="23068672" percent="4" />
    <remembered-set count="91200" freebytes="2146560" totalbytes="2511360" percent="85" regionsoverflowed="0" regionsstable="13" regionsrebuilding="0"/>
  </mem-info>
</gc-start>
<allocation-stats totalBytes="21882048" >
  <allocated-bytes non-tlh="0" tlh="21882048" arrayletleaf="0"/>
  <largest-consumer threadName="main" threadId="0000000001CEB700" bytes="21882048" />
</allocation-stats>
<gc-op id="4852" type="copy forward" timems="2.007" contextid="4849" timestamp="2019-06-15T00:50:18.061">
  <memory-copied type="eden" objects="1" bytes="24" bytesdiscarded="0" />
  <memory-copied type="other" objects="3083" bytes="170336" bytesdiscarded="0" />
  <memory-cardclean objects="565" bytes="32520" />
  <regions eden="21" other="6" />
  <remembered-set-cleared processed="89788" cleared="784" durationms="0.611" />
  <references type="soft" candidates="24" cleared="0" enqueued="0" dynamicThreshold="19" maxThreshold="32" />
  <references type="weak" candidates="149" cleared="0" enqueued="0" />
  <stringconstants candidates="13269" cleared="0"  />
</gc-op>
<gc-op id="4853" type="classunload" timems="0.003" contextid="4849" timestamp="2019-06-15T00:50:18.061">
  <classunload-info classloadercandidates="53" classloadersunloaded="0" classesunloaded="0" anonymousclassesunloaded="0" quiescems="0.000" setupms="0.003" scanms="0.000" postms="0.000" />
</gc-op>
<heap-resize id="4854" type="contract" space="default" amount="3145728" count="1" timems="0.217" reason="excess free space following gc" timestamp="2019-06-15T00:50:18.061" />
<gc-end id="4855" type="partial gc" contextid="4849" durationms="3.531" usertimems="4.000" systemtimems="0.000" timestamp="2019-06-15T00:50:18.062" activeThreads="1">
  <mem-info id="4856" free="37748736" total="59768832" percent="63">
    <mem type="eden" free="1048552" total="1048576" percent="99" />
    <remembered-set count="90592" freebytes="2148992" totalbytes="2511360" percent="85" regionsoverflowed="0" regionsstable="13" regionsrebuilding="0"/>
  </mem-info>
</gc-end>
<cycle-end id="4857" type="partial gc" contextid="4849" timestamp="2019-06-15T00:50:18.062" />
  <attribute name="elasticGC enabled" value="1" />
  <attribute name= "numThreadsSpecified" value="1" />
  <attribute name="heapSize specified" value="0" />
  <attribute name="Current GC Util" value="82" />
  <attribute name= "Current Time Running" value="24006" />
  <attribute name ="GC Interval" value="0" />
  <attribute name="ProportionalT" value="31.000000" />
  <attribute name="ProportionalI" value="31.000000" />
  <attribute name="ProportionalH" value="31.000000" />
  <attribute name="Current Error" value="62.000000" />
  <attribute name="IntegralT" value="0.000000" />
  <attribute name="IntegralI" value="0.000000" />
  <attribute name="IntegralH" value="0.000000" />
  <attribute name="DerivativeT" value="inf" />
  <attribute name="DerivativeI" value="inf" />
  <attribute name="DerivativeH" value="inf" />
  <attribute name="Loop Time for DT" value="0.000000" />
  <attribute name="Output H" value="8388608"/>
  <attribute name="Output I" value="200"/>
  <attribute name="Output T" value="1"/>
  <attribute name="Target GC Util Change" value ="20.000000" />
  <attribute name="Current GC Util Change" value="82.000000"/>
  <attribute name="GC Util currently" value="82" />
  <attribute name="CPU Util currently" value="18829510140819" />
<exclusive-end id="4858" timestamp="2019-06-15T00:50:18.062" durationms="4.698" />

<exclusive-start id="4859" timestamp="2019-06-15T00:50:18.069" intervalms="11.545">
  <response-info timems="0.070" idlems="0.070" threads="0" lastid="0000000001CEB700" lastname="main" />
</exclusive-start>
<allocation-taxation id="4860" taxation-threshold="22020096" timestamp="2019-06-15T00:50:18.069" intervalms="11.542" />
<cycle-start id="4861" type="partial gc" contextid="0" timestamp="2019-06-15T00:50:18.069" intervalms="11.547" />
<gc-start id="4862" type="partial gc" contextid="4861" timestamp="2019-06-15T00:50:18.069">
  <mem-info id="4863" free="15728640" total="59768832" percent="26">
    <mem type="eden" free="1048552" total="23068672" percent="4" />
    <remembered-set count="90528" freebytes="2149248" totalbytes="2511360" percent="85" regionsoverflowed="0" regionsstable="13" regionsrebuilding="0"/>
  </mem-info>
</gc-start>
<allocation-stats totalBytes="21882072" >
  <allocated-bytes non-tlh="0" tlh="21882072" arrayletleaf="0"/>
  <largest-consumer threadName="main" threadId="0000000001CEB700" bytes="21882072" />
</allocation-stats>
<gc-op id="4864" type="copy forward" timems="6.883" contextid="4861" timestamp="2019-06-15T00:50:18.077">
  <memory-copied type="eden" objects="1" bytes="24" bytesdiscarded="0" />
  <memory-copied type="other" objects="0" bytes="0" bytesdiscarded="0" />
  <memory-cardclean objects="96039" bytes="3187664" />
  <regions eden="21" other="1" />
  <remembered-set-cleared processed="72745" cleared="22470" durationms="0.789" />
  <stringconstants candidates="13269" cleared="0"  />
</gc-op>
<gc-op id="4865" type="classunload" timems="0.004" contextid="4861" timestamp="2019-06-15T00:50:18.078">
  <classunload-info classloadercandidates="53" classloadersunloaded="0" classesunloaded="0" anonymousclassesunloaded="0" quiescems="0.000" setupms="0.004" scanms="0.000" postms="0.000" />
</gc-op>
<heap-resize id="4866" type="contract" space="default" amount="3145728" count="1" timems="0.244" reason="excess free space following gc" timestamp="2019-06-15T00:50:18.078" />
<gc-end id="4867" type="partial gc" contextid="4861" durationms="8.708" usertimems="8.000" systemtimems="0.000" timestamp="2019-06-15T00:50:18.078" activeThreads="1">
  <mem-info id="4868" free="34603008" total="56623104" percent="61">
    <mem type="eden" free="1048552" total="1048576" percent="99" />
    <remembered-set count="61344" freebytes="2140416" totalbytes="2385792" percent="89" regionsoverflowed="0" regionsstable="13" regionsrebuilding="0"/>
  </mem-info>
</gc-end>
<cycle-end id="4869" type="partial gc" contextid="4861" timestamp="2019-06-15T00:50:18.078" />
  <attribute name="elasticGC enabled" value="1" />
  <attribute name= "numThreadsSpecified" value="1" />
  <attribute name="heapSize specified" value="0" />
  <attribute name="Current GC Util" value="64" />
  <attribute name= "Current Time Running" value="24018" />
  <attribute name ="GC Interval" value="0" />
  <attribute name="ProportionalT" value="22.000000" />
  <attribute name="ProportionalI" value="22.000000" />
  <attribute name="ProportionalH" value="22.000000" />
  <attribute name="Current Error" value="44.000000" />
  <attribute name="IntegralT" value="0.000000" />
  <attribute name="IntegralI" value="0.000000" />
  <attribute name="IntegralH" value="0.000000" />
  <attribute name="DerivativeT" value="inf" />
  <attribute name="DerivativeI" value="inf" />
  <attribute name="DerivativeH" value="inf" />
  <attribute name="Loop Time for DT" value="0.000000" />
  <attribute name="Output H" value="8388608"/>
  <attribute name="Output I" value="200"/>
  <attribute name="Output T" value="1"/>
  <attribute name="Target GC Util Change" value ="20.000000" />
  <attribute name="Current GC Util Change" value="64.000000"/>
  <attribute name="GC Util currently" value="64" />
  <attribute name="CPU Util currently" value="9072407075432" />
<exclusive-end id="4870" timestamp="2019-06-15T00:50:18.079" durationms="9.748" />

<exclusive-start id="4871" timestamp="2019-06-15T00:50:18.082" intervalms="13.085">
  <response-info timems="0.070" idlems="0.070" threads="0" lastid="0000000001CEB700" lastname="main" />
</exclusive-start>
<allocation-taxation id="4872" taxation-threshold="10485760" timestamp="2019-06-15T00:50:18.082" intervalms="13.083" />
<cycle-start id="4873" type="global mark phase" contextid="0" timestamp="2019-06-15T00:50:18.082" intervalms="175.250" />
<gc-start id="4874" type="global mark phase" contextid="4873" timestamp="2019-06-15T00:50:18.083">
  <mem-info id="4875" free="24117248" total="56623104" percent="42">
    <remembered-set count="60960" freebytes="2141952" totalbytes="2385792" percent="89" regionsoverflowed="0" regionsstable="13" regionsrebuilding="0"/>
  </mem-info>
</gc-start>
<gc-op id="4876" type="mark increment" timems="1.166" contextid="4873" timestamp="2019-06-15T00:50:18.084">
  <trace-info objectcount="15212" scancount="2809" scanbytes="148096" />
</gc-op>
<gc-end id="4877" type="global mark phase" contextid="4873" durationms="1.465" usertimems="0.000" systemtimems="0.000" timestamp="2019-06-15T00:50:18.084" activeThreads="4">
  <mem-info id="4878" free="24117248" total="56623104" percent="42">
    <remembered-set count="63008" freebytes="2133760" totalbytes="2385792" percent="89" regionsoverflowed="0" regionsstable="0" regionsrebuilding="13"/>
  </mem-info>
</gc-end>
<concurrent-start id="4879" type="GMP work packet processing" contextid="4873" timestamp="2019-06-15T00:50:18.084">
  <concurrent-mark-start scanTarget="1048576" />
</concurrent-start>
<exclusive-end id="4880" timestamp="2019-06-15T00:50:18.084" durationms="2.322" />

<concurrent-end id="4881" type="GMP work packet processing" contextid="4873" timestamp="2019-06-15T00:50:18.085">
  <concurrent-mark-end bytesScanned="1134608" reasonForTermination="Work target met" />
</concurrent-end>

<exclusive-start id="4882" timestamp="2019-06-15T00:50:18.088" intervalms="6.496">
  <response-info timems="0.074" idlems="0.074" threads="0" lastid="0000000001CEB700" lastname="main" />
</exclusive-start>
<allocation-taxation id="4883" taxation-threshold="10485760" timestamp="2019-06-15T00:50:18.089" intervalms="6.442" />
<cycle-start id="4884" type="partial gc" contextid="0" timestamp="2019-06-15T00:50:18.089" intervalms="19.402" />
<gc-start id="4885" type="partial gc" contextid="4884" timestamp="2019-06-15T00:50:18.089">
  <mem-info id="4886" free="13631488" total="56623104" percent="24">
    <mem type="eden" free="1048552" total="22020096" percent="4" />
    <remembered-set count="64736" freebytes="2126848" totalbytes="2385792" percent="89" regionsoverflowed="0" regionsstable="0" regionsrebuilding="13"/>
  </mem-info>
</gc-start>
<allocation-stats totalBytes="20840064" >
  <allocated-bytes non-tlh="0" tlh="20840064" arrayletleaf="0"/>
  <largest-consumer threadName="main" threadId="0000000001CEB700" bytes="10420032" />
</allocation-stats>
<gc-op id="4887" type="copy forward" timems="3.115" contextid="4884" timestamp="2019-06-15T00:50:18.093">
  <memory-copied type="eden" objects="1" bytes="24" bytesdiscarded="0" />
  <memory-copied type="other" objects="0" bytes="0" bytesdiscarded="0" />
  <memory-cardclean objects="55837" bytes="1853536" />
  <regions eden="20" other="1" />
  <remembered-set-cleared processed="55695" cleared="6949" durationms="0.364" />
  <stringconstants candidates="13269" cleared="0"  />
</gc-op>
<gc-op id="4888" type="classunload" timems="0.004" contextid="4884" timestamp="2019-06-15T00:50:18.093">
  <classunload-info classloadercandidates="53" classloadersunloaded="0" classesunloaded="0" anonymousclassesunloaded="0" quiescems="0.000" setupms="0.004" scanms="0.000" postms="0.000" />
</gc-op>
<gc-end id="4889" type="partial gc" contextid="4884" durationms="4.456" usertimems="8.000" systemtimems="0.000" timestamp="2019-06-15T00:50:18.093" activeThreads="4">
  <mem-info id="4890" free="34603008" total="56623104" percent="61">
    <mem type="eden" free="1048552" total="1048576" percent="99" />
    <remembered-set count="60736" freebytes="2017280" totalbytes="2260224" percent="89" regionsoverflowed="0" regionsstable="0" regionsrebuilding="13"/>
  </mem-info>
</gc-end>
<cycle-end id="4891" type="partial gc" contextid="4884" timestamp="2019-06-15T00:50:18.093" />
  <attribute name="elasticGC enabled" value="1" />
  <attribute name= "numThreadsSpecified" value="4" />
  <attribute name="heapSize specified" value="0" />
  <attribute name="Current GC Util" value="54" />
  <attribute name= "Current Time Running" value="24038" />
  <attribute name ="GC Interval" value="0" />
  <attribute name="ProportionalT" value="17.000000" />
  <attribute name="ProportionalI" value="17.000000" />
  <attribute name="ProportionalH" value="17.000000" />
  <attribute name="Current Error" value="34.000000" />
  <attribute name="IntegralT" value="34.000000" />
  <attribute name="IntegralI" value="34.000000" />
  <attribute name="IntegralH" value="34.000000" />
  <attribute name="DerivativeT" value="5.000000" />
  <attribute name="DerivativeI" value="5.000000" />
  <attribute name="DerivativeH" value="5.000000" />
  <attribute name="Loop Time for DT" value="1.000000" />
  <attribute name="Output H" value="8388608"/>
  <attribute name="Output I" value="200"/>
  <attribute name="Output T" value="4"/>
  <attribute name="Target GC Util Change" value ="20.000000" />
  <attribute name="Current GC Util Change" value="54.000000"/>
  <attribute name="GC Util currently" value="54" />
  <attribute name="CPU Util currently" value="10228597584745" />
<exclusive-end id="4892" timestamp="2019-06-15T00:50:18.094" durationms="5.361" />

<exclusive-start id="4893" timestamp="2019-06-15T00:50:18.097" intervalms="8.760">
  <response-info timems="0.074" idlems="0.074" threads="0" lastid="0000000001CEB700" lastname="main" />
</exclusive-start>
<allocation-taxation id="4894" taxation-threshold="10485760" timestamp="2019-06-15T00:50:18.097" intervalms="8.812" />
<gc-start id="4895" type="global mark phase" contextid="4873" timestamp="2019-06-15T00:50:18.098">
  <mem-info id="4896" free="24117248" total="56623104" percent="42">
    <remembered-set count="60640" freebytes="2017664" totalbytes="2260224" percent="89" regionsoverflowed="0" regionsstable="0" regionsrebuilding="13"/>
  </mem-info>
</gc-start>
<gc-end id="4897" type="global mark phase" contextid="4873" durationms="0.205" usertimems="0.000" systemtimems="0.000" timestamp="2019-06-15T00:50:18.098" activeThreads="4">
  <mem-info id="4898" free="24117248" total="56623104" percent="42">
    <remembered-set count="60640" freebytes="2017664" totalbytes="2260224" percent="89" regionsoverflowed="0" regionsstable="0" regionsrebuilding="13"/>
  </mem-info>
</gc-end>
<concurrent-start id="4899" type="GMP work packet processing" contextid="4873" timestamp="2019-06-15T00:50:18.098">
  <concurrent-mark-start scanTarget="1048576" />
</concurrent-start>
<exclusive-end id="4900" timestamp="2019-06-15T00:50:18.099" durationms="1.699" />

<concurrent-end id="4901" type="GMP work packet processing" contextid="4873" timestamp="2019-06-15T00:50:18.099">
  <concurrent-mark-end bytesScanned="1107544" reasonForTermination="Work target met" />
</concurrent-end>

<exclusive-start id="4902" timestamp="2019-06-15T00:50:18.102" intervalms="5.053">
  <response-info timems="0.071" idlems="0.071" threads="0" lastid="0000000001CEB700" lastname="main" />
</exclusive-start>
<allocation-taxation id="4903" taxation-threshold="10485760" timestamp="2019-06-15T00:50:18.102" intervalms="4.966" />
<cycle-start id="4904" type="partial gc" contextid="0" timestamp="2019-06-15T00:50:18.102" intervalms="13.788" />
<gc-start id="4905" type="partial gc" contextid="4904" timestamp="2019-06-15T00:50:18.103">
  <mem-info id="4906" free="13631488" total="56623104" percent="24">
    <mem type="eden" free="1048552" total="22020096" percent="4" />
    <remembered-set count="63328" freebytes="2006912" totalbytes="2260224" percent="88" regionsoverflowed="0" regionsstable="0" regionsrebuilding="13"/>
  </mem-info>
</gc-start>
<allocation-stats totalBytes="20840064" >
  <allocated-bytes non-tlh="0" tlh="20840064" arrayletleaf="0"/>
  <largest-consumer threadName="main" threadId="0000000001CEB700" bytes="10420032" />
</allocation-stats>
<gc-op id="4907" type="copy forward" timems="1.451" contextid="4904" timestamp="2019-06-15T00:50:18.105">
  <memory-copied type="eden" objects="1" bytes="24" bytesdiscarded="0" />
  <memory-copied type="other" objects="0" bytes="0" bytesdiscarded="0" />
  <memory-cardclean objects="9" bytes="208" />
  <regions eden="20" other="1" />
  <remembered-set-cleared processed="61222" cleared="7" durationms="0.459" />
  <stringconstants candidates="13269" cleared="0"  />
</gc-op>
<gc-op id="4908" type="classunload" timems="0.004" contextid="4904" timestamp="2019-06-15T00:50:18.105">
  <classunload-info classloadercandidates="53" classloadersunloaded="0" classesunloaded="0" anonymousclassesunloaded="0" quiescems="0.000" setupms="0.004" scanms="0.000" postms="0.000" />
</gc-op>
<gc-end id="4909" type="partial gc" contextid="4904" durationms="2.697" usertimems="0.000" systemtimems="0.000" timestamp="2019-06-15T00:50:18.105" activeThreads="1">
  <mem-info id="4910" free="34603008" total="56623104" percent="61">
    <mem type="eden" free="1048552" total="1048576" percent="99" />
    <remembered-set count="63808" freebytes="2004992" totalbytes="2260224" percent="88" regionsoverflowed="0" regionsstable="0" regionsrebuilding="13"/>
  </mem-info>
</gc-end>
<cycle-end id="4911" type="partial gc" contextid="4904" timestamp="2019-06-15T00:50:18.105" />
  <attribute name="elasticGC enabled" value="1" />
  <attribute name= "numThreadsSpecified" value="1" />
  <attribute name="heapSize specified" value="0" />
  <attribute name="Current GC Util" value="60" />
  <attribute name= "Current Time Running" value="24051" />
  <attribute name ="GC Interval" value="0" />
  <attribute name="ProportionalT" value="20.000000" />
  <attribute name="ProportionalI" value="20.000000" />
  <attribute name="ProportionalH" value="20.000000" />
  <attribute name="Current Error" value="40.000000" />
  <attribute name="IntegralT" value="0.000000" />
  <attribute name="IntegralI" value="0.000000" />
  <attribute name="IntegralH" value="0.000000" />
  <attribute name="DerivativeT" value="inf" />
  <attribute name="DerivativeI" value="inf" />
  <attribute name="DerivativeH" value="inf" />
  <attribute name="Loop Time for DT" value="0.000000" />
  <attribute name="Output H" value="8388608"/>
  <attribute name="Output I" value="200"/>
  <attribute name="Output T" value="1"/>
  <attribute name="Target GC Util Change" value ="20.000000" />
  <attribute name="Current GC Util Change" value="60.000000"/>
  <attribute name="GC Util currently" value="60" />
  <attribute name="CPU Util currently" value="15488345885160" />
<exclusive-end id="4912" timestamp="2019-06-15T00:50:18.106" durationms="3.456" />

<exclusive-start id="4913" timestamp="2019-06-15T00:50:18.109" intervalms="6.790">
  <response-info timems="0.073" idlems="0.073" threads="0" lastid="0000000001CEB700" lastname="main" />
</exclusive-start>
<allocation-taxation id="4914" taxation-threshold="10485760" timestamp="2019-06-15T00:50:18.109" intervalms="6.874" />
<gc-start id="4915" type="global mark phase" contextid="4873" timestamp="2019-06-15T00:50:18.109">
  <mem-info id="4916" free="24117248" total="56623104" percent="42">
    <remembered-set count="63328" freebytes="2006912" totalbytes="2260224" percent="88" regionsoverflowed="0" regionsstable="0" regionsrebuilding="13"/>
  </mem-info>
</gc-start>
<gc-end id="4917" type="global mark phase" contextid="4873" durationms="0.198" usertimems="0.000" systemtimems="0.000" timestamp="2019-06-15T00:50:18.110" activeThreads="1">
  <mem-info id="4918" free="24117248" total="56623104" percent="42">
    <remembered-set count="63328" freebytes="2006912" totalbytes="2260224" percent="88" regionsoverflowed="0" regionsstable="0" regionsrebuilding="13"/>
  </mem-info>
</gc-end>
<concurrent-start id="4919" type="GMP work packet processing" contextid="4873" timestamp="2019-06-15T00:50:18.110">
  <concurrent-mark-start scanTarget="1048576" />
</concurrent-start>
<exclusive-end id="4920" timestamp="2019-06-15T00:50:18.111" durationms="1.660" />

<concurrent-end id="4921" type="GMP work packet processing" contextid="4873" timestamp="2019-06-15T00:50:18.111">
  <concurrent-mark-end bytesScanned="1094816" reasonForTermination="Work target met" />
</concurrent-end>

<exclusive-start id="4922" timestamp="2019-06-15T00:50:18.114" intervalms="5.005">
  <response-info timems="0.072" idlems="0.072" threads="0" lastid="0000000001CEB700" lastname="main" />
</exclusive-start>
<allocation-taxation id="4923" taxation-threshold="10485760" timestamp="2019-06-15T00:50:18.114" intervalms="4.938" />
<cycle-start id="4924" type="partial gc" contextid="0" timestamp="2019-06-15T00:50:18.114" intervalms="11.906" />
<gc-start id="4925" type="partial gc" contextid="4924" timestamp="2019-06-15T00:50:18.115">
  <mem-info id="4926" free="13631488" total="56623104" percent="24">
    <mem type="eden" free="1048552" total="22020096" percent="4" />
    <remembered-set count="67488" freebytes="1990272" totalbytes="2260224" percent="88" regionsoverflowed="0" regionsstable="0" regionsrebuilding="13"/>
  </mem-info>
</gc-start>
<allocation-stats totalBytes="20840064" >
  <allocated-bytes non-tlh="0" tlh="20840064" arrayletleaf="0"/>
  <largest-consumer threadName="main" threadId="0000000001CEB700" bytes="10420032" />
</allocation-stats>
<gc-op id="4927" type="copy forward" timems="1.481" contextid="4924" timestamp="2019-06-15T00:50:18.117">
  <memory-copied type="eden" objects="1" bytes="24" bytesdiscarded="0" />
  <memory-copied type="other" objects="0" bytes="0" bytesdiscarded="0" />
  <memory-cardclean objects="9" bytes="208" />
  <regions eden="20" other="1" />
  <remembered-set-cleared processed="65326" cleared="7" durationms="0.490" />
  <stringconstants candidates="13269" cleared="0"  />
</gc-op>
<gc-op id="4928" type="classunload" timems="0.004" contextid="4924" timestamp="2019-06-15T00:50:18.117">
  <classunload-info classloadercandidates="53" classloadersunloaded="0" classesunloaded="0" anonymousclassesunloaded="0" quiescems="0.000" setupms="0.004" scanms="0.000" postms="0.000" />
</gc-op>
<gc-end id="4929" type="partial gc" contextid="4924" durationms="2.715" usertimems="0.000" systemtimems="0.000" timestamp="2019-06-15T00:50:18.117" activeThreads="1">
  <mem-info id="4930" free="34603008" total="56623104" percent="61">
    <mem type="eden" free="1048552" total="1048576" percent="99" />
    <remembered-set count="67968" freebytes="1988352" totalbytes="2260224" percent="87" regionsoverflowed="0" regionsstable="0" regionsrebuilding="13"/>
  </mem-info>
</gc-end>
<cycle-end id="4931" type="partial gc" contextid="4924" timestamp="2019-06-15T00:50:18.117" />
  <attribute name="elasticGC enabled" value="1" />
  <attribute name= "numThreadsSpecified" value="1" />
  <attribute name="heapSize specified" value="0" />
  <attribute name="Current GC Util" value="77" />
  <attribute name= "Current Time Running" value="24063" />
  <attribute name ="GC Interval" value="0" />
  <attribute name="ProportionalT" value="28.500000" />
  <attribute name="ProportionalI" value="28.500000" />
  <attribute name="ProportionalH" value="28.500000" />
  <attribute name="Current Error" value="57.000000" />
  <attribute name="IntegralT" value="0.000000" />
  <attribute name="IntegralI" value="0.000000" />
  <attribute name="IntegralH" value="0.000000" />
  <attribute name="DerivativeT" value="inf" />
  <attribute name="DerivativeI" value="inf" />
  <attribute name="DerivativeH" value="inf" />
  <attribute name="Loop Time for DT" value="0.000000" />
  <attribute name="Output H" value="8388608"/>
  <attribute name="Output I" value="200"/>
  <attribute name="Output T" value="1"/>
  <attribute name="Target GC Util Change" value ="20.000000" />
  <attribute name="Current GC Util Change" value="77.000000"/>
  <attribute name="GC Util currently" value="77" />
  <attribute name="CPU Util currently" value="18194423589225" />
<exclusive-end id="4932" timestamp="2019-06-15T00:50:18.118" durationms="3.664" />

<exclusive-start id="4933" timestamp="2019-06-15T00:50:18.121" intervalms="6.992">
  <response-info timems="0.074" idlems="0.074" threads="0" lastid="0000000001CEB700" lastname="main" />
</exclusive-start>
<allocation-taxation id="4934" taxation-threshold="10485760" timestamp="2019-06-15T00:50:18.121" intervalms="7.062" />
<gc-start id="4935" type="global mark phase" contextid="4873" timestamp="2019-06-15T00:50:18.121">
  <mem-info id="4936" free="24117248" total="56623104" percent="42">
    <remembered-set count="67488" freebytes="1990272" totalbytes="2260224" percent="88" regionsoverflowed="0" regionsstable="0" regionsrebuilding="13"/>
  </mem-info>
</gc-start>
<gc-end id="4937" type="global mark phase" contextid="4873" durationms="0.203" usertimems="0.000" systemtimems="0.000" timestamp="2019-06-15T00:50:18.122" activeThreads="1">
  <mem-info id="4938" free="24117248" total="56623104" percent="42">
    <remembered-set count="67488" freebytes="1990272" totalbytes="2260224" percent="88" regionsoverflowed="0" regionsstable="0" regionsrebuilding="13"/>
  </mem-info>
</gc-end>
<concurrent-start id="4939" type="GMP work packet processing" contextid="4873" timestamp="2019-06-15T00:50:18.122">
  <concurrent-mark-start scanTarget="1048576" />
</concurrent-start>
<exclusive-end id="4940" timestamp="2019-06-15T00:50:18.123" durationms="1.605" />

<concurrent-end id="4941" type="GMP work packet processing" contextid="4873" timestamp="2019-06-15T00:50:18.123">
  <concurrent-mark-end bytesScanned="1096356" reasonForTermination="Work target met" />
</concurrent-end>

<exclusive-start id="4942" timestamp="2019-06-15T00:50:18.126" intervalms="4.877">
  <response-info timems="0.023" idlems="0.023" threads="0" lastid="0000000001CEB700" lastname="main" />
</exclusive-start>
<allocation-taxation id="4943" taxation-threshold="10485760" timestamp="2019-06-15T00:50:18.126" intervalms="4.794" />
<cycle-start id="4944" type="partial gc" contextid="0" timestamp="2019-06-15T00:50:18.126" intervalms="11.832" />
<gc-start id="4945" type="partial gc" contextid="4944" timestamp="2019-06-15T00:50:18.126">
  <mem-info id="4946" free="13631488" total="56623104" percent="24">
    <mem type="eden" free="1048552" total="22020096" percent="4" />
    <remembered-set count="69888" freebytes="1980672" totalbytes="2260224" percent="87" regionsoverflowed="0" regionsstable="0" regionsrebuilding="13"/>
  </mem-info>
</gc-start>
<allocation-stats totalBytes="20840064" >
  <allocated-bytes non-tlh="0" tlh="20840064" arrayletleaf="0"/>
  <largest-consumer threadName="main" threadId="0000000001CEB700" bytes="10420032" />
</allocation-stats>
<gc-op id="4947" type="copy forward" timems="1.519" contextid="4944" timestamp="2019-06-15T00:50:18.129">
  <memory-copied type="eden" objects="1" bytes="24" bytesdiscarded="0" />
  <memory-copied type="other" objects="0" bytes="0" bytesdiscarded="0" />
  <memory-cardclean objects="9" bytes="208" />
  <regions eden="20" other="1" />
  <remembered-set-cleared processed="68264" cleared="7" durationms="0.502" />
  <stringconstants candidates="13269" cleared="0"  />
</gc-op>
<gc-op id="4948" type="classunload" timems="0.004" contextid="4944" timestamp="2019-06-15T00:50:18.129">
  <classunload-info classloadercandidates="53" classloadersunloaded="0" classesunloaded="0" anonymousclassesunloaded="0" quiescems="0.000" setupms="0.004" scanms="0.000" postms="0.000" />
</gc-op>
<gc-end id="4949" type="partial gc" contextid="4944" durationms="2.660" usertimems="4.000" systemtimems="0.000" timestamp="2019-06-15T00:50:18.129" activeThreads="1">
  <mem-info id="4950" free="34603008" total="56623104" percent="61">
    <mem type="eden" free="1048552" total="1048576" percent="99" />
    <remembered-set count="70368" freebytes="1978752" totalbytes="2260224" percent="87" regionsoverflowed="0" regionsstable="0" regionsrebuilding="13"/>
  </mem-info>
</gc-end>
<cycle-end id="4951" type="partial gc" contextid="4944" timestamp="2019-06-15T00:50:18.129" />
  <attribute name="elasticGC enabled" value="1" />
  <attribute name= "numThreadsSpecified" value="1" />
  <attribute name="heapSize specified" value="0" />
  <attribute name="Current GC Util" value="52" />
  <attribute name= "Current Time Running" value="24075" />
  <attribute name ="GC Interval" value="0" />
  <attribute name="ProportionalT" value="16.000000" />
  <attribute name="ProportionalI" value="16.000000" />
  <attribute name="ProportionalH" value="16.000000" />
  <attribute name="Current Error" value="32.000000" />
  <attribute name="IntegralT" value="0.000000" />
  <attribute name="IntegralI" value="0.000000" />
  <attribute name="IntegralH" value="0.000000" />
  <attribute name="DerivativeT" value="inf" />
  <attribute name="DerivativeI" value="inf" />
  <attribute name="DerivativeH" value="inf" />
  <attribute name="Loop Time for DT" value="0.000000" />
  <attribute name="Output H" value="8388608"/>
  <attribute name="Output I" value="200"/>
  <attribute name="Output T" value="1"/>
  <attribute name="Target GC Util Change" value ="20.000000" />
  <attribute name="Current GC Util Change" value="52.000000"/>
  <attribute name="GC Util currently" value="52" />
  <attribute name="CPU Util currently" value="19699641024297" />
<exclusive-end id="4952" timestamp="2019-06-15T00:50:18.130" durationms="3.636" />

<exclusive-start id="4953" timestamp="2019-06-15T00:50:18.133" intervalms="6.982">
  <response-info timems="0.074" idlems="0.074" threads="0" lastid="0000000001CEB700" lastname="main" />
</exclusive-start>
<allocation-taxation id="4954" taxation-threshold="10485760" timestamp="2019-06-15T00:50:18.133" intervalms="7.066" />
<gc-start id="4955" type="global mark phase" contextid="4873" timestamp="2019-06-15T00:50:18.133">
  <mem-info id="4956" free="24117248" total="56623104" percent="42">
    <remembered-set count="69888" freebytes="1980672" totalbytes="2260224" percent="87" regionsoverflowed="0" regionsstable="0" regionsrebuilding="13"/>
  </mem-info>
</gc-start>
<gc-end id="4957" type="global mark phase" contextid="4873" durationms="0.204" usertimems="0.000" systemtimems="0.000" timestamp="2019-06-15T00:50:18.134" activeThreads="1">
  <mem-info id="4958" free="24117248" total="56623104" percent="42">
    <remembered-set count="69888" freebytes="1980672" totalbytes="2260224" percent="87" regionsoverflowed="0" regionsstable="0" regionsrebuilding="13"/>
  </mem-info>
</gc-end>
<concurrent-start id="4959" type="GMP work packet processing" contextid="4873" timestamp="2019-06-15T00:50:18.134">
  <concurrent-mark-start scanTarget="1048576" />
</concurrent-start>
<exclusive-end id="4960" timestamp="2019-06-15T00:50:18.134" durationms="1.573" />

<concurrent-end id="4961" type="GMP work packet processing" contextid="4873" timestamp="2019-06-15T00:50:18.134">
  <concurrent-mark-end bytesScanned="1106156" reasonForTermination="Work target met" />
</concurrent-end>

<exclusive-start id="4962" timestamp="2019-06-15T00:50:18.138" intervalms="4.955">
  <response-info timems="0.069" idlems="0.069" threads="0" lastid="0000000001CEB700" lastname="main" />
</exclusive-start>
<allocation-taxation id="4963" taxation-threshold="10485760" timestamp="2019-06-15T00:50:18.138" intervalms="4.899" />
<cycle-start id="4964" type="partial gc" contextid="0" timestamp="2019-06-15T00:50:18.138" intervalms="11.983" />
<gc-start id="4965" type="partial gc" contextid="4964" timestamp="2019-06-15T00:50:18.138">
  <mem-info id="4966" free="13631488" total="56623104" percent="24">
    <mem type="eden" free="1048552" total="22020096" percent="4" />
    <remembered-set count="71680" freebytes="1973504" totalbytes="2260224" percent="87" regionsoverflowed="0" regionsstable="0" regionsrebuilding="13"/>
  </mem-info>
</gc-start>
<allocation-stats totalBytes="20840064" >
  <allocated-bytes non-tlh="0" tlh="20840064" arrayletleaf="0"/>
  <largest-consumer threadName="main" threadId="0000000001CEB700" bytes="10420032" />
</allocation-stats>
<gc-op id="4967" type="copy forward" timems="1.459" contextid="4964" timestamp="2019-06-15T00:50:18.141">
  <memory-copied type="eden" objects="1" bytes="24" bytesdiscarded="0" />
  <memory-copied type="other" objects="0" bytes="0" bytesdiscarded="0" />
  <memory-cardclean objects="9" bytes="208" />
  <regions eden="20" other="1" />
  <remembered-set-cleared processed="69815" cleared="7" durationms="0.506" />
  <stringconstants candidates="13269" cleared="0"  />
</gc-op>
<gc-op id="4968" type="classunload" timems="0.004" contextid="4964" timestamp="2019-06-15T00:50:18.141">
  <classunload-info classloadercandidates="53" classloadersunloaded="0" classesunloaded="0" anonymousclassesunloaded="0" quiescems="0.000" setupms="0.004" scanms="0.000" postms="0.000" />
</gc-op>
<gc-end id="4969" type="partial gc" contextid="4964" durationms="2.599" usertimems="4.000" systemtimems="0.000" timestamp="2019-06-15T00:50:18.141" activeThreads="1">
  <mem-info id="4970" free="34603008" total="56623104" percent="61">
    <mem type="eden" free="1048552" total="1048576" percent="99" />
    <remembered-set count="72160" freebytes="1971584" totalbytes="2260224" percent="87" regionsoverflowed="0" regionsstable="0" regionsrebuilding="13"/>
  </mem-info>
</gc-end>
<cycle-end id="4971" type="partial gc" contextid="4964" timestamp="2019-06-15T00:50:18.141" />
  <attribute name="elasticGC enabled" value="1" />
  <attribute name= "numThreadsSpecified" value="1" />
  <attribute name="heapSize specified" value="0" />
  <attribute name="Current GC Util" value="74" />
  <attribute name= "Current Time Running" value="24087" />
  <attribute name ="GC Interval" value="0" />
  <attribute name="ProportionalT" value="27.000000" />
  <attribute name="ProportionalI" value="27.000000" />
  <attribute name="ProportionalH" value="27.000000" />
  <attribute name="Current Error" value="54.000000" />
  <attribute name="IntegralT" value="0.000000" />
  <attribute name="IntegralI" value="0.000000" />
  <attribute name="IntegralH" value="0.000000" />
  <attribute name="DerivativeT" value="inf" />
  <attribute name="DerivativeI" value="inf" />
  <attribute name="DerivativeH" value="inf" />
  <attribute name="Loop Time for DT" value="0.000000" />
  <attribute name="Output H" value="8388608"/>
  <attribute name="Output I" value="200"/>
  <attribute name="Output T" value="1"/>
  <attribute name="Target GC Util Change" value ="20.000000" />
  <attribute name="Current GC Util Change" value="74.000000"/>
  <attribute name="GC Util currently" value="74" />
  <attribute name="CPU Util currently" value="18390762374075" />
<exclusive-end id="4972" timestamp="2019-06-15T00:50:18.141" durationms="3.685" />

<exclusive-start id="4973" timestamp="2019-06-15T00:50:18.145" intervalms="7.031">
  <response-info timems="0.076" idlems="0.076" threads="0" lastid="0000000001CEB700" lastname="main" />
</exclusive-start>
<allocation-taxation id="4974" taxation-threshold="10485760" timestamp="2019-06-15T00:50:18.145" intervalms="7.054" />
<gc-start id="4975" type="global mark phase" contextid="4873" timestamp="2019-06-15T00:50:18.145">
  <mem-info id="4976" free="24117248" total="56623104" percent="42">
    <remembered-set count="71680" freebytes="1973504" totalbytes="2260224" percent="87" regionsoverflowed="0" regionsstable="0" regionsrebuilding="13"/>
  </mem-info>
</gc-start>
<gc-end id="4977" type="global mark phase" contextid="4873" durationms="0.194" usertimems="0.000" systemtimems="0.000" timestamp="2019-06-15T00:50:18.145" activeThreads="1">
  <mem-info id="4978" free="24117248" total="56623104" percent="42">
    <remembered-set count="71680" freebytes="1973504" totalbytes="2260224" percent="87" regionsoverflowed="0" regionsstable="0" regionsrebuilding="13"/>
  </mem-info>
</gc-end>
<concurrent-start id="4979" type="GMP work packet processing" contextid="4873" timestamp="2019-06-15T00:50:18.146">
  <concurrent-mark-start scanTarget="1048576" />
</concurrent-start>
<exclusive-end id="4980" timestamp="2019-06-15T00:50:18.146" durationms="1.538" />

<concurrent-end id="4981" type="GMP work packet processing" contextid="4873" timestamp="2019-06-15T00:50:18.146">
  <concurrent-mark-end bytesScanned="1105884" reasonForTermination="Work target met" />
</concurrent-end>

<exclusive-start id="4982" timestamp="2019-06-15T00:50:18.150" intervalms="4.841">
  <response-info timems="0.071" idlems="0.071" threads="0" lastid="0000000001CEB700" lastname="main" />
</exclusive-start>
<allocation-taxation id="4983" taxation-threshold="10485760" timestamp="2019-06-15T00:50:18.150" intervalms="4.818" />
<cycle-start id="4984" type="partial gc" contextid="0" timestamp="2019-06-15T00:50:18.150" intervalms="11.854" />
<gc-start id="4985" type="partial gc" contextid="4984" timestamp="2019-06-15T00:50:18.150">
  <mem-info id="4986" free="13631488" total="56623104" percent="24">
    <mem type="eden" free="1048552" total="22020096" percent="4" />
    <remembered-set count="74240" freebytes="1963264" totalbytes="2260224" percent="86" regionsoverflowed="0" regionsstable="0" regionsrebuilding="13"/>
  </mem-info>
</gc-start>
<allocation-stats totalBytes="20840064" >
  <allocated-bytes non-tlh="0" tlh="20840064" arrayletleaf="0"/>
  <largest-consumer threadName="main" threadId="0000000001CEB700" bytes="10420032" />
</allocation-stats>
<gc-op id="4987" type="copy forward" timems="2.070" contextid="4984" timestamp="2019-06-15T00:50:18.153">
  <memory-copied type="eden" objects="1" bytes="24" bytesdiscarded="0" />
  <memory-copied type="other" objects="0" bytes="0" bytesdiscarded="0" />
  <memory-cardclean objects="9" bytes="208" />
  <regions eden="20" other="1" />
  <remembered-set-cleared processed="72041" cleared="7" durationms="0.330" />
  <stringconstants candidates="13269" cleared="0"  />
</gc-op>
<gc-op id="4988" type="classunload" timems="0.004" contextid="4984" timestamp="2019-06-15T00:50:18.153">
  <classunload-info classloadercandidates="53" classloadersunloaded="0" classesunloaded="0" anonymousclassesunloaded="0" quiescems="0.000" setupms="0.003" scanms="0.000" postms="0.000" />
</gc-op>
<gc-end id="4989" type="partial gc" contextid="4984" durationms="3.062" usertimems="0.000" systemtimems="4.000" timestamp="2019-06-15T00:50:18.153" activeThreads="4">
  <mem-info id="4990" free="34603008" total="56623104" percent="61">
    <mem type="eden" free="1048552" total="1048576" percent="99" />
    <remembered-set count="73888" freebytes="1964672" totalbytes="2260224" percent="86" regionsoverflowed="0" regionsstable="0" regionsrebuilding="13"/>
  </mem-info>
</gc-end>
<cycle-end id="4991" type="partial gc" contextid="4984" timestamp="2019-06-15T00:50:18.153" />
  <attribute name="elasticGC enabled" value="1" />
  <attribute name= "numThreadsSpecified" value="4" />
  <attribute name="heapSize specified" value="0" />
  <attribute name="Current GC Util" value="53" />
  <attribute name= "Current Time Running" value="24099" />
  <attribute name ="GC Interval" value="0" />
  <attribute name="ProportionalT" value="16.500000" />
  <attribute name="ProportionalI" value="16.500000" />
  <attribute name="ProportionalH" value="16.500000" />
  <attribute name="Current Error" value="33.000000" />
  <attribute name="IntegralT" value="33.000000" />
  <attribute name="IntegralI" value="33.000000" />
  <attribute name="IntegralH" value="33.000000" />
  <attribute name="DerivativeT" value="11.500000" />
  <attribute name="DerivativeI" value="11.500000" />
  <attribute name="DerivativeH" value="11.500000" />
  <attribute name="Loop Time for DT" value="1.000000" />
  <attribute name="Output H" value="8388608"/>
  <attribute name="Output I" value="200"/>
  <attribute name="Output T" value="4"/>
  <attribute name="Target GC Util Change" value ="20.000000" />
  <attribute name="Current GC Util Change" value="53.000000"/>
  <attribute name="GC Util currently" value="53" />
  <attribute name="CPU Util currently" value="20849338190006" />
<exclusive-end id="4992" timestamp="2019-06-15T00:50:18.154" durationms="4.000" />

<exclusive-start id="4993" timestamp="2019-06-15T00:50:18.157" intervalms="7.375">
  <response-info timems="0.074" idlems="0.074" threads="0" lastid="0000000001CEB700" lastname="main" />
</exclusive-start>
<allocation-taxation id="4994" taxation-threshold="10485760" timestamp="2019-06-15T00:50:18.157" intervalms="7.427" />
<gc-start id="4995" type="global mark phase" contextid="4873" timestamp="2019-06-15T00:50:18.157">
  <mem-info id="4996" free="24117248" total="56623104" percent="42">
    <remembered-set count="73408" freebytes="1966592" totalbytes="2260224" percent="87" regionsoverflowed="0" regionsstable="0" regionsrebuilding="13"/>
  </mem-info>
</gc-start>
<gc-end id="4997" type="global mark phase" contextid="4873" durationms="0.198" usertimems="0.000" systemtimems="0.000" timestamp="2019-06-15T00:50:18.158" activeThreads="4">
  <mem-info id="4998" free="24117248" total="56623104" percent="42">
    <remembered-set count="73408" freebytes="1966592" totalbytes="2260224" percent="87" regionsoverflowed="0" regionsstable="0" regionsrebuilding="13"/>
  </mem-info>
</gc-end>
<concurrent-start id="4999" type="GMP work packet processing" contextid="4873" timestamp="2019-06-15T00:50:18.158">
  <concurrent-mark-start scanTarget="1048576" />
</concurrent-start>
<exclusive-end id="5000" timestamp="2019-06-15T00:50:18.159" durationms="1.524" />

<concurrent-end id="5001" type="GMP work packet processing" contextid="4873" timestamp="2019-06-15T00:50:18.159">
  <concurrent-mark-end bytesScanned="1089740" reasonForTermination="Work target met" />
</concurrent-end>

<exclusive-start id="5002" timestamp="2019-06-15T00:50:18.162" intervalms="4.904">
  <response-info timems="0.064" idlems="0.064" threads="0" lastid="0000000001CEB700" lastname="main" />
</exclusive-start>
<allocation-taxation id="5003" taxation-threshold="10485760" timestamp="2019-06-15T00:50:18.162" intervalms="4.838" />
<cycle-start id="5004" type="partial gc" contextid="0" timestamp="2019-06-15T00:50:18.162" intervalms="12.287" />
<gc-start id="5005" type="partial gc" contextid="5004" timestamp="2019-06-15T00:50:18.163">
  <mem-info id="5006" free="13631488" total="56623104" percent="24">
    <mem type="eden" free="1048552" total="22020096" percent="4" />
    <remembered-set count="77280" freebytes="1951104" totalbytes="2260224" percent="86" regionsoverflowed="0" regionsstable="0" regionsrebuilding="13"/>
  </mem-info>
</gc-start>
<allocation-stats totalBytes="20840064" >
  <allocated-bytes non-tlh="0" tlh="20840064" arrayletleaf="0"/>
  <largest-consumer threadName="main" threadId="0000000001CEB700" bytes="10420032" />
</allocation-stats>
<gc-op id="5007" type="copy forward" timems="1.456" contextid="5004" timestamp="2019-06-15T00:50:18.165">
  <memory-copied type="eden" objects="1" bytes="24" bytesdiscarded="0" />
  <memory-copied type="other" objects="0" bytes="0" bytesdiscarded="0" />
  <memory-cardclean objects="9" bytes="208" />
  <regions eden="20" other="1" />
  <remembered-set-cleared processed="75311" cleared="7" durationms="0.528" />
  <stringconstants candidates="13269" cleared="0"  />
</gc-op>
<gc-op id="5008" type="classunload" timems="0.004" contextid="5004" timestamp="2019-06-15T00:50:18.165">
  <classunload-info classloadercandidates="53" classloadersunloaded="0" classesunloaded="0" anonymousclassesunloaded="0" quiescems="0.000" setupms="0.004" scanms="0.000" postms="0.000" />
</gc-op>
<gc-end id="5009" type="partial gc" contextid="5004" durationms="2.598" usertimems="0.000" systemtimems="0.000" timestamp="2019-06-15T00:50:18.165" activeThreads="1">
  <mem-info id="5010" free="34603008" total="56623104" percent="61">
    <mem type="eden" free="1048552" total="1048576" percent="99" />
    <remembered-set count="77760" freebytes="1949184" totalbytes="2260224" percent="86" regionsoverflowed="0" regionsstable="0" regionsrebuilding="13"/>
  </mem-info>
</gc-end>
<cycle-end id="5011" type="partial gc" contextid="5004" timestamp="2019-06-15T00:50:18.165" />
  <attribute name="elasticGC enabled" value="1" />
  <attribute name= "numThreadsSpecified" value="1" />
  <attribute name="heapSize specified" value="0" />
  <attribute name="Current GC Util" value="66" />
  <attribute name= "Current Time Running" value="24111" />
  <attribute name ="GC Interval" value="0" />
  <attribute name="ProportionalT" value="23.000000" />
  <attribute name="ProportionalI" value="23.000000" />
  <attribute name="ProportionalH" value="23.000000" />
  <attribute name="Current Error" value="46.000000" />
  <attribute name="IntegralT" value="0.000000" />
  <attribute name="IntegralI" value="0.000000" />
  <attribute name="IntegralH" value="0.000000" />
  <attribute name="DerivativeT" value="inf" />
  <attribute name="DerivativeI" value="inf" />
  <attribute name="DerivativeH" value="inf" />
  <attribute name="Loop Time for DT" value="0.000000" />
  <attribute name="Output H" value="8388608"/>
  <attribute name="Output I" value="200"/>
  <attribute name="Output T" value="1"/>
  <attribute name="Target GC Util Change" value ="20.000000" />
  <attribute name="Current GC Util Change" value="66.000000"/>
  <attribute name="GC Util currently" value="66" />
  <attribute name="CPU Util currently" value="18741891155666" />
<exclusive-end id="5012" timestamp="2019-06-15T00:50:18.166" durationms="3.537" />

<exclusive-start id="5013" timestamp="2019-06-15T00:50:18.169" intervalms="6.862">
  <response-info timems="0.076" idlems="0.076" threads="0" lastid="0000000001CEB700" lastname="main" />
</exclusive-start>
<allocation-taxation id="5014" taxation-threshold="10485760" timestamp="2019-06-15T00:50:18.169" intervalms="6.932" />
<gc-start id="5015" type="global mark phase" contextid="4873" timestamp="2019-06-15T00:50:18.169">
  <mem-info id="5016" free="24117248" total="56623104" percent="42">
    <remembered-set count="77280" freebytes="1951104" totalbytes="2260224" percent="86" regionsoverflowed="0" regionsstable="0" regionsrebuilding="13"/>
  </mem-info>
</gc-start>
<gc-end id="5017" type="global mark phase" contextid="4873" durationms="0.202" usertimems="0.000" systemtimems="0.000" timestamp="2019-06-15T00:50:18.169" activeThreads="1">
  <mem-info id="5018" free="24117248" total="56623104" percent="42">
    <remembered-set count="77280" freebytes="1951104" totalbytes="2260224" percent="86" regionsoverflowed="0" regionsstable="0" regionsrebuilding="13"/>
  </mem-info>
</gc-end>
<concurrent-start id="5019" type="GMP work packet processing" contextid="4873" timestamp="2019-06-15T00:50:18.170">
  <concurrent-mark-start scanTarget="1048576" />
</concurrent-start>
<exclusive-end id="5020" timestamp="2019-06-15T00:50:18.170" durationms="0.975" />

<concurrent-end id="5021" type="GMP work packet processing" contextid="4873" timestamp="2019-06-15T00:50:18.170">
  <concurrent-mark-end bytesScanned="1092708" reasonForTermination="Work target met" />
</concurrent-end>

<exclusive-start id="5022" timestamp="2019-06-15T00:50:18.175" intervalms="5.780">
  <response-info timems="0.073" idlems="0.073" threads="0" lastid="0000000001CEB700" lastname="main" />
</exclusive-start>
<allocation-taxation id="5023" taxation-threshold="10485760" timestamp="2019-06-15T00:50:18.175" intervalms="5.782" />
<cycle-start id="5024" type="partial gc" contextid="0" timestamp="2019-06-15T00:50:18.175" intervalms="12.721" />
<gc-start id="5025" type="partial gc" contextid="5024" timestamp="2019-06-15T00:50:18.175">
  <mem-info id="5026" free="13631488" total="56623104" percent="24">
    <mem type="eden" free="1048552" total="22020096" percent="4" />
    <remembered-set count="81280" freebytes="1935104" totalbytes="2260224" percent="85" regionsoverflowed="0" regionsstable="0" regionsrebuilding="13"/>
  </mem-info>
</gc-start>
<allocation-stats totalBytes="20903672" >
  <allocated-bytes non-tlh="0" tlh="20903672" arrayletleaf="0"/>
  <largest-consumer threadName="main" threadId="0000000001CEB700" bytes="10483640" />
</allocation-stats>
<gc-op id="5027" type="copy forward" timems="1.513" contextid="5024" timestamp="2019-06-15T00:50:18.178">
  <memory-copied type="eden" objects="150" bytes="4952" bytesdiscarded="0" />
  <memory-copied type="other" objects="0" bytes="0" bytesdiscarded="0" />
  <memory-cardclean objects="75" bytes="2424" />
  <regions eden="20" other="1" />
  <remembered-set-cleared processed="78990" cleared="29" durationms="0.532" />
  <stringconstants candidates="13269" cleared="0"  />
</gc-op>
<gc-op id="5028" type="classunload" timems="0.003" contextid="5024" timestamp="2019-06-15T00:50:18.178">
  <classunload-info classloadercandidates="53" classloadersunloaded="0" classesunloaded="0" anonymousclassesunloaded="0" quiescems="0.000" setupms="0.003" scanms="0.000" postms="0.000" />
</gc-op>
<gc-end id="5029" type="partial gc" contextid="5024" durationms="2.633" usertimems="0.000" systemtimems="0.000" timestamp="2019-06-15T00:50:18.178" activeThreads="1">
  <mem-info id="5030" free="34603008" total="56623104" percent="61">
    <mem type="eden" free="1043624" total="1048576" percent="99" />
    <remembered-set count="81728" freebytes="1933312" totalbytes="2260224" percent="85" regionsoverflowed="0" regionsstable="0" regionsrebuilding="13"/>
  </mem-info>
</gc-end>
<cycle-end id="5031" type="partial gc" contextid="5024" timestamp="2019-06-15T00:50:18.178" />
  <attribute name="elasticGC enabled" value="1" />
  <attribute name= "numThreadsSpecified" value="1" />
  <attribute name="heapSize specified" value="0" />
  <attribute name="Current GC Util" value="56" />
  <attribute name= "Current Time Running" value="24124" />
  <attribute name ="GC Interval" value="0" />
  <attribute name="ProportionalT" value="18.000000" />
  <attribute name="ProportionalI" value="18.000000" />
  <attribute name="ProportionalH" value="18.000000" />
  <attribute name="Current Error" value="36.000000" />
  <attribute name="IntegralT" value="0.000000" />
  <attribute name="IntegralI" value="0.000000" />
  <attribute name="IntegralH" value="0.000000" />
  <attribute name="DerivativeT" value="inf" />
  <attribute name="DerivativeI" value="inf" />
  <attribute name="DerivativeH" value="inf" />
  <attribute name="Loop Time for DT" value="0.000000" />
  <attribute name="Output H" value="8388608"/>
  <attribute name="Output I" value="200"/>
  <attribute name="Output T" value="1"/>
  <attribute name="Target GC Util Change" value ="20.000000" />
  <attribute name="Current GC Util Change" value="56.000000"/>
  <attribute name="GC Util currently" value="56" />
  <attribute name="CPU Util currently" value="20308282236244" />
<exclusive-end id="5032" timestamp="2019-06-15T00:50:18.178" durationms="3.737" />

<exclusive-start id="5033" timestamp="2019-06-15T00:50:18.198" intervalms="23.569">
  <response-info timems="0.076" idlems="0.076" threads="0" lastid="0000000001CEB700" lastname="main" />
</exclusive-start>
<allocation-taxation id="5034" taxation-threshold="10485760" timestamp="2019-06-15T00:50:18.198" intervalms="23.566" />
<gc-start id="5035" type="global mark phase" contextid="4873" timestamp="2019-06-15T00:50:18.199">
  <mem-info id="5036" free="24117248" total="56623104" percent="42">
    <remembered-set count="81312" freebytes="1934976" totalbytes="2260224" percent="85" regionsoverflowed="0" regionsstable="0" regionsrebuilding="13"/>
  </mem-info>
</gc-start>
<gc-end id="5037" type="global mark phase" contextid="4873" durationms="0.196" usertimems="0.000" systemtimems="0.000" timestamp="2019-06-15T00:50:18.199" activeThreads="1">
  <mem-info id="5038" free="24117248" total="56623104" percent="42">
    <remembered-set count="81312" freebytes="1934976" totalbytes="2260224" percent="85" regionsoverflowed="0" regionsstable="0" regionsrebuilding="13"/>
  </mem-info>
</gc-end>
<concurrent-start id="5039" type="GMP work packet processing" contextid="4873" timestamp="2019-06-15T00:50:18.199">
  <concurrent-mark-start scanTarget="1048576" />
</concurrent-start>
<concurrent-end id="5040" type="GMP work packet processing" contextid="4873" timestamp="2019-06-15T00:50:18.200">
  <concurrent-mark-end bytesScanned="1091268" reasonForTermination="Work target met" />
</concurrent-end>

<exclusive-end id="5041" timestamp="2019-06-15T00:50:18.200" durationms="1.545" />

<exclusive-start id="5042" timestamp="2019-06-15T00:50:18.220" intervalms="21.443">
  <response-info timems="0.063" idlems="0.063" threads="0" lastid="0000000001CEB700" lastname="main" />
</exclusive-start>
<allocation-taxation id="5043" taxation-threshold="10485760" timestamp="2019-06-15T00:50:18.220" intervalms="21.383" />
<cycle-start id="5044" type="partial gc" contextid="0" timestamp="2019-06-15T00:50:18.220" intervalms="44.921" />
<gc-start id="5045" type="partial gc" contextid="5044" timestamp="2019-06-15T00:50:18.220">
  <mem-info id="5046" free="13631488" total="56623104" percent="24">
    <mem type="eden" free="1043624" total="22020096" percent="4" />
    <remembered-set count="84832" freebytes="1920896" totalbytes="2260224" percent="84" regionsoverflowed="0" regionsstable="0" regionsrebuilding="13"/>
  </mem-info>
</gc-start>
<allocation-stats totalBytes="20968488" >
  <allocated-bytes non-tlh="0" tlh="20968488" arrayletleaf="0"/>
  <largest-consumer threadName="main" threadId="0000000001CEB700" bytes="10484240" />
</allocation-stats>
<gc-op id="5047" type="copy forward" timems="1.732" contextid="5044" timestamp="2019-06-15T00:50:18.223">
  <memory-copied type="eden" objects="101" bytes="3288" bytesdiscarded="0" />
  <memory-copied type="other" objects="50" bytes="1688" bytesdiscarded="696" />
  <memory-cardclean objects="51" bytes="1848" />
  <regions eden="20" other="1" />
  <remembered-set-cleared processed="82855" cleared="66" durationms="0.360" />
  <stringconstants candidates="13269" cleared="0"  />
</gc-op>
<gc-op id="5048" type="classunload" timems="0.004" contextid="5044" timestamp="2019-06-15T00:50:18.223">
  <classunload-info classloadercandidates="53" classloadersunloaded="0" classesunloaded="0" anonymousclassesunloaded="0" quiescems="0.000" setupms="0.004" scanms="0.000" postms="0.000" />
</gc-op>
<gc-end id="5049" type="partial gc" contextid="5044" durationms="2.782" usertimems="4.000" systemtimems="0.000" timestamp="2019-06-15T00:50:18.223" activeThreads="4">
  <mem-info id="5050" free="33554432" total="56623104" percent="59">
    <mem type="eden" free="2091480" total="2097152" percent="99" />
    <remembered-set count="85696" freebytes="1917440" totalbytes="2260224" percent="84" regionsoverflowed="0" regionsstable="0" regionsrebuilding="13"/>
  </mem-info>
</gc-end>
<cycle-end id="5051" type="partial gc" contextid="5044" timestamp="2019-06-15T00:50:18.223" />
  <attribute name="elasticGC enabled" value="1" />
  <attribute name= "numThreadsSpecified" value="4" />
  <attribute name="heapSize specified" value="0" />
  <attribute name="Current GC Util" value="72" />
  <attribute name= "Current Time Running" value="24169" />
  <attribute name ="GC Interval" value="0" />
  <attribute name="ProportionalT" value="26.000000" />
  <attribute name="ProportionalI" value="26.000000" />
  <attribute name="ProportionalH" value="26.000000" />
  <attribute name="Current Error" value="52.000000" />
  <attribute name="IntegralT" value="52.000000" />
  <attribute name="IntegralI" value="52.000000" />
  <attribute name="IntegralH" value="52.000000" />
  <attribute name="DerivativeT" value="26.000000" />
  <attribute name="DerivativeI" value="26.000000" />
  <attribute name="DerivativeH" value="26.000000" />
  <attribute name="Loop Time for DT" value="1.000000" />
  <attribute name="Output H" value="8388608"/>
  <attribute name="Output I" value="200"/>
  <attribute name="Output T" value="4"/>
  <attribute name="Target GC Util Change" value ="20.000000" />
  <attribute name="Current GC Util Change" value="72.000000"/>
  <attribute name="GC Util currently" value="72" />
  <attribute name="CPU Util currently" value="18813839489031" />
<exclusive-end id="5052" timestamp="2019-06-15T00:50:18.223" durationms="3.808" />

<exclusive-start id="5053" timestamp="2019-06-15T00:50:18.243" intervalms="23.744">
  <response-info timems="0.076" idlems="0.076" threads="0" lastid="0000000001CEB700" lastname="main" />
</exclusive-start>
<allocation-taxation id="5054" taxation-threshold="10485760" timestamp="2019-06-15T00:50:18.244" intervalms="23.792" />
<gc-start id="5055" type="global mark phase" contextid="4873" timestamp="2019-06-15T00:50:18.244">
  <mem-info id="5056" free="23068672" total="56623104" percent="40">
    <remembered-set count="85280" freebytes="1919104" totalbytes="2260224" percent="84" regionsoverflowed="0" regionsstable="0" regionsrebuilding="13"/>
  </mem-info>
</gc-start>
<gc-end id="5057" type="global mark phase" contextid="4873" durationms="0.194" usertimems="0.000" systemtimems="0.000" timestamp="2019-06-15T00:50:18.244" activeThreads="4">
  <mem-info id="5058" free="23068672" total="56623104" percent="40">
    <remembered-set count="85280" freebytes="1919104" totalbytes="2260224" percent="84" regionsoverflowed="0" regionsstable="0" regionsrebuilding="13"/>
  </mem-info>
</gc-end>
<concurrent-start id="5059" type="GMP work packet processing" contextid="4873" timestamp="2019-06-15T00:50:18.244">
  <concurrent-mark-start scanTarget="1048576" />
</concurrent-start>
<exclusive-end id="5060" timestamp="2019-06-15T00:50:18.245" durationms="1.465" />

<concurrent-end id="5061" type="GMP work packet processing" contextid="4873" timestamp="2019-06-15T00:50:18.245">
  <concurrent-mark-end bytesScanned="1084636" reasonForTermination="Work target met" />
</concurrent-end>

<exclusive-start id="5062" timestamp="2019-06-15T00:50:18.266" intervalms="22.956">
  <response-info timems="0.027" idlems="0.027" threads="0" lastid="0000000001CEB700" lastname="main" />
</exclusive-start>
<allocation-taxation id="5063" taxation-threshold="10485760" timestamp="2019-06-15T00:50:18.266" intervalms="22.830" />
<cycle-start id="5064" type="partial gc" contextid="0" timestamp="2019-06-15T00:50:18.266" intervalms="46.500" />
<gc-start id="5065" type="partial gc" contextid="5064" timestamp="2019-06-15T00:50:18.267">
  <mem-info id="5066" free="12582912" total="56623104" percent="22">
    <mem type="eden" free="1045288" total="22020096" percent="4" />
    <remembered-set count="86912" freebytes="1912576" totalbytes="2260224" percent="84" regionsoverflowed="0" regionsstable="0" regionsrebuilding="13"/>
  </mem-info>
</gc-start>
<allocation-stats totalBytes="20968544" >
  <allocated-bytes non-tlh="0" tlh="20968544" arrayletleaf="0"/>
  <largest-consumer threadName="main" threadId="0000000001CEB700" bytes="10484344" />
</allocation-stats>
<gc-op id="5067" type="copy forward" timems="1.561" contextid="5064" timestamp="2019-06-15T00:50:18.269">
  <memory-copied type="eden" objects="333" bytes="10920" bytesdiscarded="0" />
  <memory-copied type="other" objects="0" bytes="0" bytesdiscarded="0" />
  <memory-cardclean objects="100" bytes="11624" />
  <regions eden="20" other="1" />
  <remembered-set-cleared processed="85058" cleared="72" durationms="0.614" />
  <references type="weak" candidates="35" cleared="0" enqueued="0" />
  <stringconstants candidates="13269" cleared="0"  />
</gc-op>
<gc-op id="5068" type="classunload" timems="0.004" contextid="5064" timestamp="2019-06-15T00:50:18.269">
  <classunload-info classloadercandidates="53" classloadersunloaded="0" classesunloaded="0" anonymousclassesunloaded="0" quiescems="0.000" setupms="0.004" scanms="0.000" postms="0.000" />
</gc-op>
<gc-end id="5069" type="partial gc" contextid="5064" durationms="2.542" usertimems="0.000" systemtimems="0.000" timestamp="2019-06-15T00:50:18.269" activeThreads="1">
  <mem-info id="5070" free="33554432" total="56623104" percent="59">
    <mem type="eden" free="1037608" total="1048576" percent="98" />
    <remembered-set count="87328" freebytes="1910912" totalbytes="2260224" percent="84" regionsoverflowed="0" regionsstable="0" regionsrebuilding="13"/>
  </mem-info>
</gc-end>
<cycle-end id="5071" type="partial gc" contextid="5064" timestamp="2019-06-15T00:50:18.269" />
  <attribute name="elasticGC enabled" value="1" />
  <attribute name= "numThreadsSpecified" value="1" />
  <attribute name="heapSize specified" value="0" />
  <attribute name="Current GC Util" value="69" />
  <attribute name= "Current Time Running" value="24215" />
  <attribute name ="GC Interval" value="0" />
  <attribute name="ProportionalT" value="24.500000" />
  <attribute name="ProportionalI" value="24.500000" />
  <attribute name="ProportionalH" value="24.500000" />
  <attribute name="Current Error" value="49.000000" />
  <attribute name="IntegralT" value="0.000000" />
  <attribute name="IntegralI" value="0.000000" />
  <attribute name="IntegralH" value="0.000000" />
  <attribute name="DerivativeT" value="inf" />
  <attribute name="DerivativeI" value="inf" />
  <attribute name="DerivativeH" value="inf" />
  <attribute name="Loop Time for DT" value="0.000000" />
  <attribute name="Output H" value="8388608"/>
  <attribute name="Output I" value="200"/>
  <attribute name="Output T" value="1"/>
  <attribute name="Target GC Util Change" value ="20.000000" />
  <attribute name="Current GC Util Change" value="69.000000"/>
  <attribute name="GC Util currently" value="69" />
  <attribute name="CPU Util currently" value="20130718736057" />
<exclusive-end id="5072" timestamp="2019-06-15T00:50:18.270" durationms="3.275" />

<exclusive-start id="5073" timestamp="2019-06-15T00:50:18.288" intervalms="22.045">
  <response-info timems="0.078" idlems="0.078" threads="0" lastid="0000000001CEB700" lastname="main" />
</exclusive-start>
<allocation-taxation id="5074" taxation-threshold="10485760" timestamp="2019-06-15T00:50:18.289" intervalms="22.209" />
<gc-start id="5075" type="global mark phase" contextid="4873" timestamp="2019-06-15T00:50:18.289">
  <mem-info id="5076" free="23068672" total="56623104" percent="40">
    <remembered-set count="86976" freebytes="1912320" totalbytes="2260224" percent="84" regionsoverflowed="0" regionsstable="0" regionsrebuilding="13"/>
  </mem-info>
</gc-start>
<gc-end id="5077" type="global mark phase" contextid="4873" durationms="0.209" usertimems="0.000" systemtimems="0.000" timestamp="2019-06-15T00:50:18.289" activeThreads="1">
  <mem-info id="5078" free="23068672" total="56623104" percent="40">
    <remembered-set count="86976" freebytes="1912320" totalbytes="2260224" percent="84" regionsoverflowed="0" regionsstable="0" regionsrebuilding="13"/>
  </mem-info>
</gc-end>
<concurrent-start id="5079" type="GMP work packet processing" contextid="4873" timestamp="2019-06-15T00:50:18.289">
  <concurrent-mark-start scanTarget="1048576" />
</concurrent-start>
<exclusive-end id="5080" timestamp="2019-06-15T00:50:18.290" durationms="1.819" />

<concurrent-end id="5081" type="GMP work packet processing" contextid="4873" timestamp="2019-06-15T00:50:18.290">
  <concurrent-mark-end bytesScanned="1093528" reasonForTermination="Work target met" />
</concurrent-end>

<exclusive-start id="5082" timestamp="2019-06-15T00:50:18.306" intervalms="17.209">
  <response-info timems="0.075" idlems="0.075" threads="0" lastid="0000000001CEB700" lastname="main" />
</exclusive-start>
<allocation-taxation id="5083" taxation-threshold="10485760" timestamp="2019-06-15T00:50:18.306" intervalms="17.168" />
<cycle-start id="5084" type="partial gc" contextid="0" timestamp="2019-06-15T00:50:18.306" intervalms="39.522" />
<gc-start id="5085" type="partial gc" contextid="5084" timestamp="2019-06-15T00:50:18.306">
  <mem-info id="5086" free="12582912" total="56623104" percent="22">
    <mem type="eden" free="1037608" total="22020096" percent="4" />
    <remembered-set count="93952" freebytes="1884416" totalbytes="2260224" percent="83" regionsoverflowed="0" regionsstable="0" regionsrebuilding="13"/>
  </mem-info>
</gc-start>
<allocation-stats totalBytes="20969488" >
  <allocated-bytes non-tlh="0" tlh="20969488" arrayletleaf="0"/>
  <largest-consumer threadName="main" threadId="0000000001CEB700" bytes="10484880" />
</allocation-stats>
<gc-op id="5087" type="copy forward" timems="1.866" contextid="5084" timestamp="2019-06-15T00:50:18.309">
  <memory-copied type="eden" objects="124" bytes="3840" bytesdiscarded="0" />
  <memory-copied type="other" objects="208" bytes="7088" bytesdiscarded="1024" />
  <memory-cardclean objects="72" bytes="10992" />
  <regions eden="20" other="1" />
  <remembered-set-cleared processed="91729" cleared="135" durationms="0.391" />
  <references type="weak" candidates="35" cleared="0" enqueued="0" />
  <stringconstants candidates="13269" cleared="0"  />
</gc-op>
<gc-op id="5088" type="classunload" timems="0.004" contextid="5084" timestamp="2019-06-15T00:50:18.309">
  <classunload-info classloadercandidates="53" classloadersunloaded="0" classesunloaded="0" anonymousclassesunloaded="0" quiescems="0.000" setupms="0.004" scanms="0.000" postms="0.000" />
</gc-op>
<gc-end id="5089" type="partial gc" contextid="5084" durationms="2.837" usertimems="4.000" systemtimems="0.000" timestamp="2019-06-15T00:50:18.309" activeThreads="4">
  <mem-info id="5090" free="32505856" total="56623104" percent="57">
    <mem type="eden" free="2085200" total="2097152" percent="99" />
    <remembered-set count="94432" freebytes="1882496" totalbytes="2260224" percent="83" regionsoverflowed="0" regionsstable="0" regionsrebuilding="13"/>
  </mem-info>
</gc-end>
<cycle-end id="5091" type="partial gc" contextid="5084" timestamp="2019-06-15T00:50:18.309" />
  <attribute name="elasticGC enabled" value="1" />
  <attribute name= "numThreadsSpecified" value="4" />
  <attribute name="heapSize specified" value="0" />
  <attribute name="Current GC Util" value="77" />
  <attribute name= "Current Time Running" value="24255" />
  <attribute name ="GC Interval" value="0" />
  <attribute name="ProportionalT" value="28.500000" />
  <attribute name="ProportionalI" value="28.500000" />
  <attribute name="ProportionalH" value="28.500000" />
  <attribute name="Current Error" value="57.000000" />
  <attribute name="IntegralT" value="57.000000" />
  <attribute name="IntegralI" value="57.000000" />
  <attribute name="IntegralH" value="57.000000" />
  <attribute name="DerivativeT" value="28.500000" />
  <attribute name="DerivativeI" value="28.500000" />
  <attribute name="DerivativeH" value="28.500000" />
  <attribute name="Loop Time for DT" value="1.000000" />
  <attribute name="Output H" value="8388608"/>
  <attribute name="Output I" value="200"/>
  <attribute name="Output T" value="4"/>
  <attribute name="Target GC Util Change" value ="20.000000" />
  <attribute name="Current GC Util Change" value="77.000000"/>
  <attribute name="GC Util currently" value="77" />
  <attribute name="CPU Util currently" value="19177881402512" />
<exclusive-end id="5092" timestamp="2019-06-15T00:50:18.310" durationms="3.998" />

<exclusive-start id="5093" timestamp="2019-06-15T00:50:18.325" intervalms="19.328">
  <response-info timems="0.076" idlems="0.076" threads="0" lastid="0000000001CEB700" lastname="main" />
</exclusive-start>
<allocation-taxation id="5094" taxation-threshold="10485760" timestamp="2019-06-15T00:50:18.325" intervalms="19.340" />
<gc-start id="5095" type="global mark phase" contextid="4873" timestamp="2019-06-15T00:50:18.325">
  <mem-info id="5096" free="22020096" total="56623104" percent="38">
    <remembered-set count="94016" freebytes="1884160" totalbytes="2260224" percent="83" regionsoverflowed="0" regionsstable="0" regionsrebuilding="13"/>
  </mem-info>
</gc-start>
<gc-end id="5097" type="global mark phase" contextid="4873" durationms="0.212" usertimems="0.000" systemtimems="0.000" timestamp="2019-06-15T00:50:18.326" activeThreads="4">
  <mem-info id="5098" free="22020096" total="56623104" percent="38">
    <remembered-set count="94016" freebytes="1884160" totalbytes="2260224" percent="83" regionsoverflowed="0" regionsstable="0" regionsrebuilding="13"/>
  </mem-info>
</gc-end>
<concurrent-start id="5099" type="GMP work packet processing" contextid="4873" timestamp="2019-06-15T00:50:18.326">
  <concurrent-mark-start scanTarget="1048576" />
</concurrent-start>
<exclusive-end id="5100" timestamp="2019-06-15T00:50:18.327" durationms="1.611" />

<concurrent-end id="5101" type="GMP work packet processing" contextid="4873" timestamp="2019-06-15T00:50:18.327">
  <concurrent-mark-end bytesScanned="1038376" reasonForTermination="Completed all work in GC phase" />
</concurrent-end>

<exclusive-start id="5102" timestamp="2019-06-15T00:50:18.342" intervalms="16.983">
  <response-info timems="0.075" idlems="0.075" threads="0" lastid="0000000001CEB700" lastname="main" />
</exclusive-start>
<allocation-taxation id="5103" taxation-threshold="10485760" timestamp="2019-06-15T00:50:18.342" intervalms="16.986" />
<cycle-start id="5104" type="partial gc" contextid="0" timestamp="2019-06-15T00:50:18.342" intervalms="36.324" />
<gc-start id="5105" type="partial gc" contextid="5104" timestamp="2019-06-15T00:50:18.343">
  <mem-info id="5106" free="11534336" total="56623104" percent="20">
    <mem type="eden" free="1044736" total="22020096" percent="4" />
    <remembered-set count="102080" freebytes="1851904" totalbytes="2260224" percent="81" regionsoverflowed="0" regionsstable="0" regionsrebuilding="13"/>
  </mem-info>
</gc-start>
<allocation-stats totalBytes="20969376" >
  <allocated-bytes non-tlh="0" tlh="20969376" arrayletleaf="0"/>
  <largest-consumer threadName="main" threadId="0000000001CEB700" bytes="10484920" />
</allocation-stats>
<gc-op id="5107" type="copy forward" timems="1.596" contextid="5104" timestamp="2019-06-15T00:50:18.345">
  <memory-copied type="eden" objects="122" bytes="3736" bytesdiscarded="0" />
  <memory-copied type="other" objects="0" bytes="0" bytesdiscarded="0" />
  <memory-cardclean objects="20" bytes="9080" />
  <regions eden="20" other="1" />
  <remembered-set-cleared processed="99458" cleared="51" durationms="0.685" />
  <references type="weak" candidates="2" cleared="0" enqueued="0" />
  <stringconstants candidates="13269" cleared="0"  />
</gc-op>
<gc-op id="5108" type="classunload" timems="0.004" contextid="5104" timestamp="2019-06-15T00:50:18.345">
  <classunload-info classloadercandidates="53" classloadersunloaded="0" classesunloaded="0" anonymousclassesunloaded="0" quiescems="0.000" setupms="0.004" scanms="0.000" postms="0.000" />
</gc-op>
<gc-end id="5109" type="partial gc" contextid="5104" durationms="2.747" usertimems="4.000" systemtimems="0.000" timestamp="2019-06-15T00:50:18.345" activeThreads="1">
  <mem-info id="5110" free="32505856" total="56623104" percent="57">
    <mem type="eden" free="1044840" total="1048576" percent="99" />
    <remembered-set count="102496" freebytes="1850240" totalbytes="2260224" percent="81" regionsoverflowed="0" regionsstable="0" regionsrebuilding="13"/>
  </mem-info>
</gc-end>
<cycle-end id="5111" type="partial gc" contextid="5104" timestamp="2019-06-15T00:50:18.345" />
  <attribute name="elasticGC enabled" value="1" />
  <attribute name= "numThreadsSpecified" value="1" />
  <attribute name="heapSize specified" value="0" />
  <attribute name="Current GC Util" value="73" />
  <attribute name= "Current Time Running" value="24291" />
  <attribute name ="GC Interval" value="0" />
  <attribute name="ProportionalT" value="26.500000" />
  <attribute name="ProportionalI" value="26.500000" />
  <attribute name="ProportionalH" value="26.500000" />
  <attribute name="Current Error" value="53.000000" />
  <attribute name="IntegralT" value="0.000000" />
  <attribute name="IntegralI" value="0.000000" />
  <attribute name="IntegralH" value="0.000000" />
  <attribute name="DerivativeT" value="inf" />
  <attribute name="DerivativeI" value="inf" />
  <attribute name="DerivativeH" value="inf" />
  <attribute name="Loop Time for DT" value="0.000000" />
  <attribute name="Output H" value="8388608"/>
  <attribute name="Output I" value="200"/>
  <attribute name="Output T" value="1"/>
  <attribute name="Target GC Util Change" value ="20.000000" />
  <attribute name="Current GC Util Change" value="73.000000"/>
  <attribute name="GC Util currently" value="73" />
  <attribute name="CPU Util currently" value="18636914931251" />
<exclusive-end id="5112" timestamp="2019-06-15T00:50:18.346" durationms="3.880" />

<exclusive-start id="5113" timestamp="2019-06-15T00:50:18.361" intervalms="19.195">
  <response-info timems="0.072" idlems="0.072" threads="0" lastid="0000000001CEB700" lastname="main" />
</exclusive-start>
<allocation-taxation id="5114" taxation-threshold="10485760" timestamp="2019-06-15T00:50:18.361" intervalms="19.138" />
<gc-start id="5115" type="global mark phase" contextid="4873" timestamp="2019-06-15T00:50:18.362">
  <mem-info id="5116" free="22020096" total="56623104" percent="38">
    <remembered-set count="102080" freebytes="1851904" totalbytes="2260224" percent="81" regionsoverflowed="0" regionsstable="0" regionsrebuilding="13"/>
  </mem-info>
</gc-start>
<gc-op id="5117" type="mark increment" timems="2.815" contextid="4873" timestamp="2019-06-15T00:50:18.365">
  <trace-info objectcount="241" scancount="241" scanbytes="122508" />
  <cardclean-info objects="78678" bytes="2159044" />
  <finalization candidates="80" enqueued="0" />
  <ownableSynchronizers candidates="21" cleared="0" />
  <references type="soft" candidates="1863" cleared="12" enqueued="12" dynamicThreshold="18" maxThreshold="32" />
  <references type="weak" candidates="5749" cleared="0" enqueued="0" />
  <references type="phantom" candidates="101" cleared="0" enqueued="0" />
  <stringconstants candidates="13269" cleared="0"  />
</gc-op>
<gc-op id="5118" type="classunload" timems="0.004" contextid="4873" timestamp="2019-06-15T00:50:18.365">
  <classunload-info classloadercandidates="53" classloadersunloaded="0" classesunloaded="0" anonymousclassesunloaded="0" quiescems="0.000" setupms="0.004" scanms="0.000" postms="0.000" />
</gc-op>
<gc-end id="5119" type="global mark phase" contextid="4873" durationms="3.437" usertimems="8.000" systemtimems="0.000" timestamp="2019-06-15T00:50:18.365" activeThreads="4">
  <mem-info id="5120" free="22020096" total="56623104" percent="38">
    <pending-finalizers system="0" default="0" reference="12" classloader="0" />
    <remembered-set count="105152" freebytes="1839616" totalbytes="2260224" percent="81" regionsoverflowed="0" regionsstable="0" regionsrebuilding="0"/>
  </mem-info>
</gc-end>
<cycle-end id="5121" type="global mark phase" contextid="4873" timestamp="2019-06-15T00:50:18.365" />
  <attribute name="elasticGC enabled" value="1" />
  <attribute name= "numThreadsSpecified" value="4" />
  <attribute name="heapSize specified" value="0" />
  <attribute name="Current GC Util" value="64" />
  <attribute name= "Current Time Running" value="24311" />
  <attribute name ="GC Interval" value="0" />
  <attribute name="ProportionalT" value="22.000000" />
  <attribute name="ProportionalI" value="22.000000" />
  <attribute name="ProportionalH" value="22.000000" />
  <attribute name="Current Error" value="44.000000" />
  <attribute name="IntegralT" value="0.000000" />
  <attribute name="IntegralI" value="0.000000" />
  <attribute name="IntegralH" value="0.000000" />
  <attribute name="DerivativeT" value="-inf" />
  <attribute name="DerivativeI" value="-inf" />
  <attribute name="DerivativeH" value="-inf" />
  <attribute name="Loop Time for DT" value="0.000000" />
  <attribute name="Output H" value="2091843584"/>
  <attribute name="Output I" value="200"/>
  <attribute name="Output T" value="4"/>
  <attribute name="Target GC Util Change" value ="20.000000" />
  <attribute name="Current GC Util Change" value="64.000000"/>
  <attribute name="GC Util currently" value="64" />
  <attribute name="CPU Util currently" value="13512355806628" />
<exclusive-end id="5122" timestamp="2019-06-15T00:50:18.365" durationms="4.232" />

<exclusive-start id="5123" timestamp="2019-06-15T00:50:18.380" intervalms="19.237">
  <response-info timems="0.079" idlems="0.079" threads="0" lastid="0000000001CEB700" lastname="main" />
</exclusive-start>
<allocation-taxation id="5124" taxation-threshold="10485760" timestamp="2019-06-15T00:50:18.381" intervalms="19.276" />
<cycle-start id="5125" type="partial gc" contextid="0" timestamp="2019-06-15T00:50:18.381" intervalms="38.429" />
<gc-start id="5126" type="partial gc" contextid="5125" timestamp="2019-06-15T00:50:18.381">
  <mem-info id="5127" free="11534336" total="56623104" percent="20">
    <mem type="eden" free="1044840" total="22020096" percent="4" />
    <remembered-set count="77472" freebytes="1950336" totalbytes="2260224" percent="86" regionsoverflowed="0" regionsstable="10" regionsrebuilding="0"/>
  </mem-info>
</gc-start>
<allocation-stats totalBytes="20969456" >
  <allocated-bytes non-tlh="0" tlh="20969456" arrayletleaf="0"/>
  <largest-consumer threadName="main" threadId="0000000001CEB700" bytes="10480664" />
</allocation-stats>
<gc-op id="5128" type="sweep" timems="0.657" contextid="5125" timestamp="2019-06-15T00:50:18.382" />
<gc-op id="5129" type="copy forward" timems="1.270" contextid="5125" timestamp="2019-06-15T00:50:18.384">
  <memory-copied type="eden" objects="137" bytes="4928" bytesdiscarded="0" />
  <memory-copied type="other" objects="0" bytes="0" bytesdiscarded="0" />
  <memory-cardclean objects="167" bytes="16248" />
  <regions eden="10" other="1" />
  <remembered-set-cleared processed="75736" cleared="89" durationms="0.543" />
  <references type="weak" candidates="2" cleared="0" enqueued="0" />
  <stringconstants candidates="13269" cleared="0"  />
</gc-op>
<gc-op id="5130" type="classunload" timems="0.004" contextid="5125" timestamp="2019-06-15T00:50:18.384">
  <classunload-info classloadercandidates="53" classloadersunloaded="0" classesunloaded="0" anonymousclassesunloaded="0" quiescems="0.000" setupms="0.004" scanms="0.000" postms="0.000" />
</gc-op>
<heap-resize id="5131" type="expand" space="default" amount="4194304" count="1" timems="0.058" reason="excessive time being spent in gc" timestamp="2019-06-15T00:50:18.384" />
<gc-end id="5132" type="partial gc" contextid="5125" durationms="3.567" usertimems="4.000" systemtimems="0.000" timestamp="2019-06-15T00:50:18.385" activeThreads="1">
  <mem-info id="5133" free="36700160" total="60817408" percent="60">
    <mem type="eden" free="1043648" total="1048576" percent="99" />
    <remembered-set count="77888" freebytes="2116096" totalbytes="2427648" percent="87" regionsoverflowed="0" regionsstable="10" regionsrebuilding="0"/>
  </mem-info>
</gc-end>
<cycle-end id="5134" type="partial gc" contextid="5125" timestamp="2019-06-15T00:50:18.385" />
  <attribute name="elasticGC enabled" value="1" />
  <attribute name= "numThreadsSpecified" value="1" />
  <attribute name="heapSize specified" value="0" />
  <attribute name="Current GC Util" value="104" />
  <attribute name= "Current Time Running" value="24330" />
  <attribute name ="GC Interval" value="0" />
  <attribute name="ProportionalT" value="42.000000" />
  <attribute name="ProportionalI" value="42.000000" />
  <attribute name="ProportionalH" value="42.000000" />
  <attribute name="Current Error" value="84.000000" />
  <attribute name="IntegralT" value="0.000000" />
  <attribute name="IntegralI" value="0.000000" />
  <attribute name="IntegralH" value="0.000000" />
  <attribute name="DerivativeT" value="inf" />
  <attribute name="DerivativeI" value="inf" />
  <attribute name="DerivativeH" value="inf" />
  <attribute name="Loop Time for DT" value="0.000000" />
  <attribute name="Output H" value="8388608"/>
  <attribute name="Output I" value="200"/>
  <attribute name="Output T" value="1"/>
  <attribute name="Target GC Util Change" value ="20.000000" />
  <attribute name="Current GC Util Change" value="104.000000"/>
  <attribute name="GC Util currently" value="104" />
  <attribute name="CPU Util currently" value="21979981996188" />
<exclusive-end id="5135" timestamp="2019-06-15T00:50:18.385" durationms="4.716" />

<exclusive-start id="5136" timestamp="2019-06-15T00:50:18.388" intervalms="8.043">
  <response-info timems="0.068" idlems="0.068" threads="0" lastid="0000000001CEB700" lastname="main" />
</exclusive-start>
<allocation-taxation id="5137" taxation-threshold="10485760" timestamp="2019-06-15T00:50:18.389" intervalms="8.062" />
<cycle-start id="5138" type="global mark phase" contextid="0" timestamp="2019-06-15T00:50:18.389" intervalms="306.405" />
<gc-start id="5139" type="global mark phase" contextid="5138" timestamp="2019-06-15T00:50:18.389">
  <mem-info id="5140" free="26214400" total="60817408" percent="43">
    <remembered-set count="77440" freebytes="2117888" totalbytes="2427648" percent="87" regionsoverflowed="0" regionsstable="10" regionsrebuilding="0"/>
  </mem-info>
</gc-start>
<gc-op id="5141" type="mark increment" timems="0.488" contextid="5138" timestamp="2019-06-15T00:50:18.390">
  <trace-info objectcount="175" scancount="0" scanbytes="0" />
</gc-op>
<gc-end id="5142" type="global mark phase" contextid="5138" durationms="0.694" usertimems="0.000" systemtimems="0.000" timestamp="2019-06-15T00:50:18.390" activeThreads="1">
  <mem-info id="5143" free="26214400" total="60817408" percent="43">
    <remembered-set count="77440" freebytes="2117888" totalbytes="2427648" percent="87" regionsoverflowed="0" regionsstable="0" regionsrebuilding="10"/>
  </mem-info>
</gc-end>
<concurrent-start id="5144" type="GMP work packet processing" contextid="5138" timestamp="2019-06-15T00:50:18.390">
  <concurrent-mark-start scanTarget="1048576" />
</concurrent-start>
<exclusive-end id="5145" timestamp="2019-06-15T00:50:18.390" durationms="1.685" />

<exclusive-start id="5146" timestamp="2019-06-15T00:50:18.394" intervalms="5.825">
  <response-info timems="0.028" idlems="0.028" threads="0" lastid="0000000001CEB700" lastname="main" />
</exclusive-start>
<concurrent-end id="5147" type="GMP work packet processing" contextid="5138" timestamp="2019-06-15T00:50:18.394">
  <concurrent-mark-end bytesScanned="1115916" reasonForTermination="Work target met" />
</concurrent-end>

<allocation-taxation id="5148" taxation-threshold="10485760" timestamp="2019-06-15T00:50:18.394" intervalms="5.728" />
<cycle-start id="5149" type="partial gc" contextid="0" timestamp="2019-06-15T00:50:18.394" intervalms="13.699" />
<gc-start id="5150" type="partial gc" contextid="5149" timestamp="2019-06-15T00:50:18.395">
  <mem-info id="5151" free="15728640" total="60817408" percent="25">
    <mem type="eden" free="0" total="20971520" percent="0" />
    <remembered-set count="79136" freebytes="2111104" totalbytes="2427648" percent="86" regionsoverflowed="0" regionsstable="0" regionsrebuilding="10"/>
  </mem-info>
</gc-start>
<allocation-stats totalBytes="20956736" >
  <allocated-bytes non-tlh="0" tlh="20956736" arrayletleaf="0"/>
  <largest-consumer threadName="main" threadId="0000000001CEB700" bytes="10480136" />
</allocation-stats>
<gc-op id="5152" type="copy forward" timems="4.655" contextid="5149" timestamp="2019-06-15T00:50:18.400">
  <memory-copied type="eden" objects="5" bytes="352" bytesdiscarded="0" />
  <memory-copied type="other" objects="37788" bytes="940800" bytesdiscarded="0" />
  <memory-cardclean objects="3235" bytes="228752" />
  <regions eden="20" other="4" />
  <remembered-set-cleared processed="76802" cleared="2139" durationms="0.612" />
  <references type="soft" candidates="12" cleared="0" enqueued="0" dynamicThreshold="13" maxThreshold="32" />
  <references type="weak" candidates="149" cleared="0" enqueued="0" />
  <stringconstants candidates="13269" cleared="0"  />
</gc-op>
<gc-op id="5153" type="classunload" timems="0.005" contextid="5149" timestamp="2019-06-15T00:50:18.400">
  <classunload-info classloadercandidates="53" classloadersunloaded="0" classesunloaded="0" anonymousclassesunloaded="0" quiescems="0.000" setupms="0.004" scanms="0.000" postms="0.000" />
</gc-op>
<gc-end id="5154" type="partial gc" contextid="5149" durationms="5.475" usertimems="4.000" systemtimems="0.000" timestamp="2019-06-15T00:50:18.400" activeThreads="1">
  <mem-info id="5155" free="36700160" total="60817408" percent="60">
    <mem type="eden" free="1048224" total="1048576" percent="99" />
    <remembered-set count="79040" freebytes="2111488" totalbytes="2427648" percent="86" regionsoverflowed="0" regionsstable="0" regionsrebuilding="10"/>
  </mem-info>
</gc-end>
<cycle-end id="5156" type="partial gc" contextid="5149" timestamp="2019-06-15T00:50:18.400" />
  <attribute name="elasticGC enabled" value="1" />
  <attribute name= "numThreadsSpecified" value="1" />
  <attribute name="heapSize specified" value="0" />
  <attribute name="Current GC Util" value="67" />
  <attribute name= "Current Time Running" value="24343" />
  <attribute name ="GC Interval" value="0" />
  <attribute name="ProportionalT" value="23.500000" />
  <attribute name="ProportionalI" value="23.500000" />
  <attribute name="ProportionalH" value="23.500000" />
  <attribute name="Current Error" value="47.000000" />
  <attribute name="IntegralT" value="0.000000" />
  <attribute name="IntegralI" value="0.000000" />
  <attribute name="IntegralH" value="0.000000" />
  <attribute name="DerivativeT" value="inf" />
  <attribute name="DerivativeI" value="inf" />
  <attribute name="DerivativeH" value="inf" />
  <attribute name="Loop Time for DT" value="0.000000" />
  <attribute name="Output H" value="8388608"/>
  <attribute name="Output I" value="200"/>
  <attribute name="Output T" value="1"/>
  <attribute name="Target GC Util Change" value ="20.000000" />
  <attribute name="Current GC Util Change" value="67.000000"/>
  <attribute name="GC Util currently" value="67" />
  <attribute name="CPU Util currently" value="26533067691524" />
<exclusive-end id="5157" timestamp="2019-06-15T00:50:18.400" durationms="6.258" />

<exclusive-start id="5158" timestamp="2019-06-15T00:50:18.404" intervalms="9.699">
  <response-info timems="0.217" idlems="0.217" threads="0" lastid="0000000001CEB700" lastname="main" />
</exclusive-start>
<allocation-taxation id="5159" taxation-threshold="10485760" timestamp="2019-06-15T00:50:18.404" intervalms="9.726" />
<gc-start id="5160" type="global mark phase" contextid="5138" timestamp="2019-06-15T00:50:18.404">
  <mem-info id="5161" free="26214400" total="60817408" percent="43">
    <remembered-set count="78880" freebytes="2112128" totalbytes="2427648" percent="87" regionsoverflowed="0" regionsstable="0" regionsrebuilding="10"/>
  </mem-info>
</gc-start>
<gc-end id="5162" type="global mark phase" contextid="5138" durationms="0.134" usertimems="0.000" systemtimems="0.000" timestamp="2019-06-15T00:50:18.404" activeThreads="1">
  <mem-info id="5163" free="26214400" total="60817408" percent="43">
    <remembered-set count="78880" freebytes="2112128" totalbytes="2427648" percent="87" regionsoverflowed="0" regionsstable="0" regionsrebuilding="10"/>
  </mem-info>
</gc-end>
<concurrent-start id="5164" type="GMP work packet processing" contextid="5138" timestamp="2019-06-15T00:50:18.404">
  <concurrent-mark-start scanTarget="1048576" />
</concurrent-start>
<exclusive-end id="5165" timestamp="2019-06-15T00:50:18.405" durationms="0.730" />

<concurrent-end id="5166" type="GMP work packet processing" contextid="5138" timestamp="2019-06-15T00:50:18.405">
  <concurrent-mark-end bytesScanned="1133772" reasonForTermination="Work target met" />
</concurrent-end>

<exclusive-start id="5167" timestamp="2019-06-15T00:50:18.409" intervalms="4.672">
  <response-info timems="0.076" idlems="0.076" threads="0" lastid="0000000001CEB700" lastname="main" />
</exclusive-start>
<allocation-taxation id="5168" taxation-threshold="10485760" timestamp="2019-06-15T00:50:18.409" intervalms="4.664" />
<cycle-start id="5169" type="partial gc" contextid="0" timestamp="2019-06-15T00:50:18.409" intervalms="14.432" />
<gc-start id="5170" type="partial gc" contextid="5169" timestamp="2019-06-15T00:50:18.409">
  <mem-info id="5171" free="15728640" total="60817408" percent="25">
    <mem type="eden" free="1048224" total="22020096" percent="4" />
    <remembered-set count="80992" freebytes="2103680" totalbytes="2427648" percent="86" regionsoverflowed="0" regionsstable="0" regionsrebuilding="10"/>
  </mem-info>
</gc-start>
<allocation-stats totalBytes="20961008" >
  <allocated-bytes non-tlh="0" tlh="20961008" arrayletleaf="0"/>
  <largest-consumer threadName="main" threadId="0000000001CEB700" bytes="10480400" />
</allocation-stats>
<gc-op id="5172" type="copy forward" timems="1.628" contextid="5169" timestamp="2019-06-15T00:50:18.411">
  <memory-copied type="eden" objects="5" bytes="240" bytesdiscarded="0" />
  <memory-copied type="other" objects="104" bytes="3520" bytesdiscarded="2192" />
  <memory-cardclean objects="88" bytes="10928" />
  <regions eden="20" other="3" />
  <remembered-set-cleared processed="79861" cleared="114" durationms="0.316" />
  <references type="soft" candidates="10" cleared="0" enqueued="0" dynamicThreshold="13" maxThreshold="32" />
  <references type="weak" candidates="156" cleared="0" enqueued="0" />
  <stringconstants candidates="13269" cleared="0"  />
</gc-op>
<gc-op id="5173" type="classunload" timems="0.004" contextid="5169" timestamp="2019-06-15T00:50:18.412">
  <classunload-info classloadercandidates="53" classloadersunloaded="0" classesunloaded="0" anonymousclassesunloaded="0" quiescems="0.000" setupms="0.004" scanms="0.000" postms="0.000" />
</gc-op>
<heap-resize id="5174" type="contract" space="default" amount="1048576" count="1" timems="0.093" reason="excess free space following gc" timestamp="2019-06-15T00:50:18.412" />
<gc-end id="5175" type="partial gc" contextid="5169" durationms="2.710" usertimems="4.000" systemtimems="4.000" timestamp="2019-06-15T00:50:18.412" activeThreads="4">
  <mem-info id="5176" free="36700160" total="59768832" percent="61">
    <mem type="eden" free="1048336" total="1048576" percent="99" />
    <remembered-set count="82112" freebytes="2099200" totalbytes="2427648" percent="86" regionsoverflowed="0" regionsstable="0" regionsrebuilding="10"/>
  </mem-info>
</gc-end>
<cycle-end id="5177" type="partial gc" contextid="5169" timestamp="2019-06-15T00:50:18.412" />
  <attribute name="elasticGC enabled" value="1" />
  <attribute name= "numThreadsSpecified" value="4" />
  <attribute name="heapSize specified" value="0" />
  <attribute name="Current GC Util" value="56" />
  <attribute name= "Current Time Running" value="24358" />
  <attribute name ="GC Interval" value="0" />
  <attribute name="ProportionalT" value="18.000000" />
  <attribute name="ProportionalI" value="18.000000" />
  <attribute name="ProportionalH" value="18.000000" />
  <attribute name="Current Error" value="36.000000" />
  <attribute name="IntegralT" value="36.000000" />
  <attribute name="IntegralI" value="36.000000" />
  <attribute name="IntegralH" value="36.000000" />
  <attribute name="DerivativeT" value="7.500000" />
  <attribute name="DerivativeI" value="7.500000" />
  <attribute name="DerivativeH" value="7.500000" />
  <attribute name="Loop Time for DT" value="1.000000" />
  <attribute name="Output H" value="8388608"/>
  <attribute name="Output I" value="200"/>
  <attribute name="Output T" value="4"/>
  <attribute name="Target GC Util Change" value ="20.000000" />
  <attribute name="Current GC Util Change" value="56.000000"/>
  <attribute name="GC Util currently" value="56" />
  <attribute name="CPU Util currently" value="19533427486747" />
<exclusive-end id="5178" timestamp="2019-06-15T00:50:18.412" durationms="3.662" />

<exclusive-start id="5179" timestamp="2019-06-15T00:50:18.415" intervalms="6.909">
  <response-info timems="0.027" idlems="0.027" threads="0" lastid="0000000001CEB700" lastname="main" />
</exclusive-start>
<allocation-taxation id="5180" taxation-threshold="10485760" timestamp="2019-06-15T00:50:18.416" intervalms="6.917" />
<gc-start id="5181" type="global mark phase" contextid="5138" timestamp="2019-06-15T00:50:18.416">
  <mem-info id="5182" free="26214400" total="59768832" percent="43">
    <remembered-set count="82112" freebytes="2099200" totalbytes="2427648" percent="86" regionsoverflowed="0" regionsstable="0" regionsrebuilding="10"/>
  </mem-info>
</gc-start>
<gc-end id="5183" type="global mark phase" contextid="5138" durationms="0.125" usertimems="4.000" systemtimems="0.000" timestamp="2019-06-15T00:50:18.416" activeThreads="4">
  <mem-info id="5184" free="26214400" total="59768832" percent="43">
    <remembered-set count="82112" freebytes="2099200" totalbytes="2427648" percent="86" regionsoverflowed="0" regionsstable="0" regionsrebuilding="10"/>
  </mem-info>
</gc-end>
<concurrent-start id="5185" type="GMP work packet processing" contextid="5138" timestamp="2019-06-15T00:50:18.416">
  <concurrent-mark-start scanTarget="1658126" />
</concurrent-start>
<exclusive-end id="5186" timestamp="2019-06-15T00:50:18.417" durationms="1.412" />

<concurrent-end id="5187" type="GMP work packet processing" contextid="5138" timestamp="2019-06-15T00:50:18.417">
  <concurrent-mark-end bytesScanned="1703704" reasonForTermination="Work target met" />
</concurrent-end>

<exclusive-start id="5188" timestamp="2019-06-15T00:50:18.420" intervalms="4.607">
  <response-info timems="0.049" idlems="0.049" threads="0" lastid="0000000001CEB700" lastname="main" />
</exclusive-start>
<allocation-taxation id="5189" taxation-threshold="10485760" timestamp="2019-06-15T00:50:18.420" intervalms="4.578" />
<cycle-start id="5190" type="partial gc" contextid="0" timestamp="2019-06-15T00:50:18.420" intervalms="11.395" />
<gc-start id="5191" type="partial gc" contextid="5190" timestamp="2019-06-15T00:50:18.420">
  <mem-info id="5192" free="15728640" total="59768832" percent="26">
    <mem type="eden" free="1048336" total="22020096" percent="4" />
    <remembered-set count="83744" freebytes="2092672" totalbytes="2427648" percent="86" regionsoverflowed="0" regionsstable="0" regionsrebuilding="10"/>
  </mem-info>
</gc-start>
<allocation-stats totalBytes="20960968" >
  <allocated-bytes non-tlh="0" tlh="20960968" arrayletleaf="0"/>
  <largest-consumer threadName="main" threadId="0000000001CEB700" bytes="10480584" />
</allocation-stats>
<gc-op id="5193" type="copy forward" timems="2.697" contextid="5190" timestamp="2019-06-15T00:50:18.424">
  <memory-copied type="eden" objects="5" bytes="368" bytesdiscarded="0" />
  <memory-copied type="other" objects="0" bytes="0" bytesdiscarded="0" />
  <memory-cardclean objects="16720" bytes="822120" />
  <regions eden="20" other="1" />
  <remembered-set-cleared processed="77165" cleared="5486" durationms="0.356" />
  <stringconstants candidates="13269" cleared="0"  />
</gc-op>
<gc-op id="5194" type="classunload" timems="0.004" contextid="5190" timestamp="2019-06-15T00:50:18.424">
  <classunload-info classloadercandidates="53" classloadersunloaded="0" classesunloaded="0" anonymousclassesunloaded="0" quiescems="0.000" setupms="0.004" scanms="0.000" postms="0.000" />
</gc-op>
<gc-end id="5195" type="partial gc" contextid="5190" durationms="3.746" usertimems="0.000" systemtimems="8.000" timestamp="2019-06-15T00:50:18.424" activeThreads="4">
  <mem-info id="5196" free="36700160" total="59768832" percent="61">
    <mem type="eden" free="1048208" total="1048576" percent="99" />
    <remembered-set count="79680" freebytes="2067072" totalbytes="2385792" percent="86" regionsoverflowed="0" regionsstable="0" regionsrebuilding="10"/>
  </mem-info>
</gc-end>
<cycle-end id="5197" type="partial gc" contextid="5190" timestamp="2019-06-15T00:50:18.424" />
  <attribute name="elasticGC enabled" value="1" />
  <attribute name= "numThreadsSpecified" value="4" />
  <attribute name="heapSize specified" value="0" />
  <attribute name="Current GC Util" value="46" />
  <attribute name= "Current Time Running" value="24369" />
  <attribute name ="GC Interval" value="0" />
  <attribute name="ProportionalT" value="13.000000" />
  <attribute name="ProportionalI" value="13.000000" />
  <attribute name="ProportionalH" value="13.000000" />
  <attribute name="Current Error" value="26.000000" />
  <attribute name="IntegralT" value="0.000000" />
  <attribute name="IntegralI" value="0.000000" />
  <attribute name="IntegralH" value="0.000000" />
  <attribute name="DerivativeT" value="-nan" />
  <attribute name="DerivativeI" value="-nan" />
  <attribute name="DerivativeH" value="-nan" />
  <attribute name="Loop Time for DT" value="0.000000" />
  <attribute name="Output H" value="2091843584"/>
  <attribute name="Output I" value="200"/>
  <attribute name="Output T" value="4"/>
  <attribute name="Target GC Util Change" value ="20.000000" />
  <attribute name="Current GC Util Change" value="46.000000"/>
  <attribute name="GC Util currently" value="46" />
  <attribute name="CPU Util currently" value="12766902243024" />
<exclusive-end id="5198" timestamp="2019-06-15T00:50:18.425" durationms="4.449" />

<exclusive-start id="5199" timestamp="2019-06-15T00:50:18.428" intervalms="7.776">
  <response-info timems="0.114" idlems="0.114" threads="0" lastid="0000000001CEB700" lastname="main" />
</exclusive-start>
<allocation-taxation id="5200" taxation-threshold="10485760" timestamp="2019-06-15T00:50:18.428" intervalms="7.797" />
<gc-start id="5201" type="global mark phase" contextid="5138" timestamp="2019-06-15T00:50:18.428">
  <mem-info id="5202" free="26214400" total="59768832" percent="43">
    <remembered-set count="79264" freebytes="2068736" totalbytes="2385792" percent="86" regionsoverflowed="0" regionsstable="0" regionsrebuilding="10"/>
  </mem-info>
</gc-start>
<gc-end id="5203" type="global mark phase" contextid="5138" durationms="0.115" usertimems="4.000" systemtimems="0.000" timestamp="2019-06-15T00:50:18.428" activeThreads="4">
  <mem-info id="5204" free="26214400" total="59768832" percent="43">
    <remembered-set count="79264" freebytes="2068736" totalbytes="2385792" percent="86" regionsoverflowed="0" regionsstable="0" regionsrebuilding="10"/>
  </mem-info>
</gc-end>
<concurrent-start id="5205" type="GMP work packet processing" contextid="5138" timestamp="2019-06-15T00:50:18.428">
  <concurrent-mark-start scanTarget="1658126" />
</concurrent-start>
<exclusive-end id="5206" timestamp="2019-06-15T00:50:18.429" durationms="0.727" />

<concurrent-end id="5207" type="GMP work packet processing" contextid="5138" timestamp="2019-06-15T00:50:18.429">
  <concurrent-mark-end bytesScanned="1690096" reasonForTermination="Work target met" />
</concurrent-end>

<exclusive-start id="5208" timestamp="2019-06-15T00:50:18.433" intervalms="4.655">
  <response-info timems="0.025" idlems="0.025" threads="0" lastid="0000000001CEB700" lastname="main" />
</exclusive-start>
<allocation-taxation id="5209" taxation-threshold="10485760" timestamp="2019-06-15T00:50:18.433" intervalms="4.638" />
<cycle-start id="5210" type="partial gc" contextid="0" timestamp="2019-06-15T00:50:18.433" intervalms="12.511" />
<gc-start id="5211" type="partial gc" contextid="5210" timestamp="2019-06-15T00:50:18.433">
  <mem-info id="5212" free="15728640" total="59768832" percent="26">
    <mem type="eden" free="1048208" total="22020096" percent="4" />
    <remembered-set count="82048" freebytes="2057600" totalbytes="2385792" percent="86" regionsoverflowed="0" regionsstable="0" regionsrebuilding="10"/>
  </mem-info>
</gc-start>
<allocation-stats totalBytes="20960328" >
  <allocated-bytes non-tlh="0" tlh="20960328" arrayletleaf="0"/>
  <largest-consumer threadName="main" threadId="0000000001CEB700" bytes="10480400" />
</allocation-stats>
<gc-op id="5213" type="copy forward" timems="1.480" contextid="5210" timestamp="2019-06-15T00:50:18.435">
  <memory-copied type="eden" objects="5" bytes="240" bytesdiscarded="0" />
  <memory-copied type="other" objects="0" bytes="0" bytesdiscarded="0" />
  <memory-cardclean objects="16" bytes="528" />
  <regions eden="20" other="1" />
  <remembered-set-cleared processed="80308" cleared="9" durationms="0.607" />
  <stringconstants candidates="13269" cleared="0"  />
</gc-op>
<gc-op id="5214" type="classunload" timems="0.004" contextid="5210" timestamp="2019-06-15T00:50:18.435">
  <classunload-info classloadercandidates="53" classloadersunloaded="0" classesunloaded="0" anonymousclassesunloaded="0" quiescems="0.000" setupms="0.004" scanms="0.000" postms="0.000" />
</gc-op>
<gc-end id="5215" type="partial gc" contextid="5210" durationms="2.484" usertimems="4.000" systemtimems="0.000" timestamp="2019-06-15T00:50:18.436" activeThreads="1">
  <mem-info id="5216" free="36700160" total="59768832" percent="61">
    <mem type="eden" free="1048336" total="1048576" percent="99" />
    <remembered-set count="82496" freebytes="2055808" totalbytes="2385792" percent="86" regionsoverflowed="0" regionsstable="0" regionsrebuilding="10"/>
  </mem-info>
</gc-end>
<cycle-end id="5217" type="partial gc" contextid="5210" timestamp="2019-06-15T00:50:18.436" />
  <attribute name="elasticGC enabled" value="1" />
  <attribute name= "numThreadsSpecified" value="1" />
  <attribute name="heapSize specified" value="0" />
  <attribute name="Current GC Util" value="53" />
  <attribute name= "Current Time Running" value="24381" />
  <attribute name ="GC Interval" value="0" />
  <attribute name="ProportionalT" value="16.500000" />
  <attribute name="ProportionalI" value="16.500000" />
  <attribute name="ProportionalH" value="16.500000" />
  <attribute name="Current Error" value="33.000000" />
  <attribute name="IntegralT" value="0.000000" />
  <attribute name="IntegralI" value="0.000000" />
  <attribute name="IntegralH" value="0.000000" />
  <attribute name="DerivativeT" value="inf" />
  <attribute name="DerivativeI" value="inf" />
  <attribute name="DerivativeH" value="inf" />
  <attribute name="Loop Time for DT" value="0.000000" />
  <attribute name="Output H" value="8388608"/>
  <attribute name="Output I" value="200"/>
  <attribute name="Output T" value="1"/>
  <attribute name="Target GC Util Change" value ="20.000000" />
  <attribute name="Current GC Util Change" value="53.000000"/>
  <attribute name="GC Util currently" value="53" />
  <attribute name="CPU Util currently" value="19493547339322" />
<exclusive-end id="5218" timestamp="2019-06-15T00:50:18.436" durationms="3.364" />

<exclusive-start id="5219" timestamp="2019-06-15T00:50:18.439" intervalms="6.653">
  <response-info timems="0.077" idlems="0.077" threads="0" lastid="0000000001CEB700" lastname="main" />
</exclusive-start>
<allocation-taxation id="5220" taxation-threshold="10485760" timestamp="2019-06-15T00:50:18.439" intervalms="6.691" />
<gc-start id="5221" type="global mark phase" contextid="5138" timestamp="2019-06-15T00:50:18.440">
  <mem-info id="5222" free="26214400" total="59768832" percent="43">
    <remembered-set count="82048" freebytes="2057600" totalbytes="2385792" percent="86" regionsoverflowed="0" regionsstable="0" regionsrebuilding="10"/>
  </mem-info>
</gc-start>
<gc-end id="5223" type="global mark phase" contextid="5138" durationms="0.080" usertimems="0.000" systemtimems="0.000" timestamp="2019-06-15T00:50:18.440" activeThreads="1">
  <mem-info id="5224" free="26214400" total="59768832" percent="43">
    <remembered-set count="82048" freebytes="2057600" totalbytes="2385792" percent="86" regionsoverflowed="0" regionsstable="0" regionsrebuilding="10"/>
  </mem-info>
</gc-end>
<concurrent-start id="5225" type="GMP work packet processing" contextid="5138" timestamp="2019-06-15T00:50:18.440">
  <concurrent-mark-start scanTarget="1048576" />
</concurrent-start>
<exclusive-end id="5226" timestamp="2019-06-15T00:50:18.440" durationms="1.166" />

<concurrent-end id="5227" type="GMP work packet processing" contextid="5138" timestamp="2019-06-15T00:50:18.440">
  <concurrent-mark-end bytesScanned="1089380" reasonForTermination="Work target met" />
</concurrent-end>

<exclusive-start id="5228" timestamp="2019-06-15T00:50:18.444" intervalms="4.412">
  <response-info timems="0.095" idlems="0.095" threads="0" lastid="0000000001CEB700" lastname="main" />
</exclusive-start>
<allocation-taxation id="5229" taxation-threshold="10485760" timestamp="2019-06-15T00:50:18.444" intervalms="4.369" />
<cycle-start id="5230" type="partial gc" contextid="0" timestamp="2019-06-15T00:50:18.444" intervalms="11.055" />
<gc-start id="5231" type="partial gc" contextid="5230" timestamp="2019-06-15T00:50:18.444">
  <mem-info id="5232" free="15728640" total="59768832" percent="26">
    <mem type="eden" free="1048336" total="22020096" percent="4" />
    <remembered-set count="82688" freebytes="2055040" totalbytes="2385792" percent="86" regionsoverflowed="0" regionsstable="0" regionsrebuilding="10"/>
  </mem-info>
</gc-start>
<allocation-stats totalBytes="20960968" >
  <allocated-bytes non-tlh="0" tlh="20960968" arrayletleaf="0"/>
  <largest-consumer threadName="main" threadId="0000000001CEB700" bytes="10480584" />
</allocation-stats>
<gc-op id="5233" type="copy forward" timems="1.587" contextid="5230" timestamp="2019-06-15T00:50:18.446">
  <memory-copied type="eden" objects="5" bytes="368" bytesdiscarded="0" />
  <memory-copied type="other" objects="0" bytes="0" bytesdiscarded="0" />
  <memory-cardclean objects="16" bytes="528" />
  <regions eden="20" other="1" />
  <remembered-set-cleared processed="80724" cleared="9" durationms="0.613" />
  <stringconstants candidates="13269" cleared="0"  />
</gc-op>
<gc-op id="5234" type="classunload" timems="0.004" contextid="5230" timestamp="2019-06-15T00:50:18.446">
  <classunload-info classloadercandidates="53" classloadersunloaded="0" classesunloaded="0" anonymousclassesunloaded="0" quiescems="0.000" setupms="0.004" scanms="0.000" postms="0.000" />
</gc-op>
<gc-end id="5235" type="partial gc" contextid="5230" durationms="2.578" usertimems="0.000" systemtimems="0.000" timestamp="2019-06-15T00:50:18.447" activeThreads="1">
  <mem-info id="5236" free="36700160" total="59768832" percent="61">
    <mem type="eden" free="1048208" total="1048576" percent="99" />
    <remembered-set count="83136" freebytes="2053248" totalbytes="2385792" percent="86" regionsoverflowed="0" regionsstable="0" regionsrebuilding="10"/>
  </mem-info>
</gc-end>
<cycle-end id="5237" type="partial gc" contextid="5230" timestamp="2019-06-15T00:50:18.447" />
  <attribute name="elasticGC enabled" value="1" />
  <attribute name= "numThreadsSpecified" value="1" />
  <attribute name="heapSize specified" value="0" />
  <attribute name="Current GC Util" value="77" />
  <attribute name= "Current Time Running" value="24392" />
  <attribute name ="GC Interval" value="0" />
  <attribute name="ProportionalT" value="28.500000" />
  <attribute name="ProportionalI" value="28.500000" />
  <attribute name="ProportionalH" value="28.500000" />
  <attribute name="Current Error" value="57.000000" />
  <attribute name="IntegralT" value="0.000000" />
  <attribute name="IntegralI" value="0.000000" />
  <attribute name="IntegralH" value="0.000000" />
  <attribute name="DerivativeT" value="inf" />
  <attribute name="DerivativeI" value="inf" />
  <attribute name="DerivativeH" value="inf" />
  <attribute name="Loop Time for DT" value="0.000000" />
  <attribute name="Output H" value="8388608"/>
  <attribute name="Output I" value="200"/>
  <attribute name="Output T" value="1"/>
  <attribute name="Target GC Util Change" value ="20.000000" />
  <attribute name="Current GC Util Change" value="77.000000"/>
  <attribute name="GC Util currently" value="77" />
  <attribute name="CPU Util currently" value="18306225261696" />
<exclusive-end id="5238" timestamp="2019-06-15T00:50:18.447" durationms="3.343" />

<exclusive-start id="5239" timestamp="2019-06-15T00:50:18.450" intervalms="6.636">
  <response-info timems="0.068" idlems="0.068" threads="0" lastid="0000000001CEB700" lastname="main" />
</exclusive-start>
<allocation-taxation id="5240" taxation-threshold="10485760" timestamp="2019-06-15T00:50:18.450" intervalms="6.680" />
<gc-start id="5241" type="global mark phase" contextid="5138" timestamp="2019-06-15T00:50:18.451">
  <mem-info id="5242" free="26214400" total="59768832" percent="43">
    <remembered-set count="82688" freebytes="2055040" totalbytes="2385792" percent="86" regionsoverflowed="0" regionsstable="0" regionsrebuilding="10"/>
  </mem-info>
</gc-start>
<gc-end id="5243" type="global mark phase" contextid="5138" durationms="0.153" usertimems="0.000" systemtimems="0.000" timestamp="2019-06-15T00:50:18.451" activeThreads="1">
  <mem-info id="5244" free="26214400" total="59768832" percent="43">
    <remembered-set count="82688" freebytes="2055040" totalbytes="2385792" percent="86" regionsoverflowed="0" regionsstable="0" regionsrebuilding="10"/>
  </mem-info>
</gc-end>
<concurrent-start id="5245" type="GMP work packet processing" contextid="5138" timestamp="2019-06-15T00:50:18.451">
  <concurrent-mark-start scanTarget="1048576" />
</concurrent-start>
<exclusive-end id="5246" timestamp="2019-06-15T00:50:18.451" durationms="0.776" />

<concurrent-end id="5247" type="GMP work packet processing" contextid="5138" timestamp="2019-06-15T00:50:18.452">
  <concurrent-mark-end bytesScanned="1089636" reasonForTermination="Work target met" />
</concurrent-end>

<exclusive-start id="5248" timestamp="2019-06-15T00:50:18.455" intervalms="4.503">
  <response-info timems="0.062" idlems="0.062" threads="0" lastid="0000000001CEB700" lastname="main" />
</exclusive-start>
<allocation-taxation id="5249" taxation-threshold="10485760" timestamp="2019-06-15T00:50:18.455" intervalms="4.463" />
<cycle-start id="5250" type="partial gc" contextid="0" timestamp="2019-06-15T00:50:18.455" intervalms="11.070" />
<gc-start id="5251" type="partial gc" contextid="5250" timestamp="2019-06-15T00:50:18.455">
  <mem-info id="5252" free="15728640" total="59768832" percent="26">
    <mem type="eden" free="1048208" total="22020096" percent="4" />
    <remembered-set count="86016" freebytes="2041728" totalbytes="2385792" percent="85" regionsoverflowed="0" regionsstable="0" regionsrebuilding="10"/>
  </mem-info>
</gc-start>
<allocation-stats totalBytes="20960328" >
  <allocated-bytes non-tlh="0" tlh="20960328" arrayletleaf="0"/>
  <largest-consumer threadName="main" threadId="0000000001CEB700" bytes="10480400" />
</allocation-stats>
<gc-op id="5253" type="copy forward" timems="1.770" contextid="5250" timestamp="2019-06-15T00:50:18.458">
  <memory-copied type="eden" objects="5" bytes="240" bytesdiscarded="0" />
  <memory-copied type="other" objects="0" bytes="0" bytesdiscarded="0" />
  <memory-cardclean objects="16" bytes="528" />
  <regions eden="20" other="1" />
  <remembered-set-cleared processed="83234" cleared="9" durationms="0.327" />
  <stringconstants candidates="13269" cleared="0"  />
</gc-op>
<gc-op id="5254" type="classunload" timems="0.003" contextid="5250" timestamp="2019-06-15T00:50:18.458">
  <classunload-info classloadercandidates="53" classloadersunloaded="0" classesunloaded="0" anonymousclassesunloaded="0" quiescems="0.000" setupms="0.003" scanms="0.000" postms="0.000" />
</gc-op>
<gc-end id="5255" type="partial gc" contextid="5250" durationms="2.788" usertimems="8.000" systemtimems="0.000" timestamp="2019-06-15T00:50:18.458" activeThreads="4">
  <mem-info id="5256" free="36700160" total="59768832" percent="61">
    <mem type="eden" free="1048336" total="1048576" percent="99" />
    <remembered-set count="85280" freebytes="2044672" totalbytes="2385792" percent="85" regionsoverflowed="0" regionsstable="0" regionsrebuilding="10"/>
  </mem-info>
</gc-end>
<cycle-end id="5257" type="partial gc" contextid="5250" timestamp="2019-06-15T00:50:18.458" />
  <attribute name="elasticGC enabled" value="1" />
  <attribute name= "numThreadsSpecified" value="4" />
  <attribute name="heapSize specified" value="0" />
  <attribute name="Current GC Util" value="50" />
  <attribute name= "Current Time Running" value="24404" />
  <attribute name ="GC Interval" value="0" />
  <attribute name="ProportionalT" value="15.000000" />
  <attribute name="ProportionalI" value="15.000000" />
  <attribute name="ProportionalH" value="15.000000" />
  <attribute name="Current Error" value="30.000000" />
  <attribute name="IntegralT" value="30.000000" />
  <attribute name="IntegralI" value="30.000000" />
  <attribute name="IntegralH" value="30.000000" />
  <attribute name="DerivativeT" value="7.500000" />
  <attribute name="DerivativeI" value="7.500000" />
  <attribute name="DerivativeH" value="7.500000" />
  <attribute name="Loop Time for DT" value="1.000000" />
  <attribute name="Output H" value="8388608"/>
  <attribute name="Output I" value="200"/>
  <attribute name="Output T" value="4"/>
  <attribute name="Target GC Util Change" value ="20.000000" />
  <attribute name="Current GC Util Change" value="50.000000"/>
  <attribute name="GC Util currently" value="50" />
  <attribute name="CPU Util currently" value="15529287636648" />
<exclusive-end id="5258" timestamp="2019-06-15T00:50:18.458" durationms="3.423" />

<exclusive-start id="5259" timestamp="2019-06-15T00:50:18.461" intervalms="6.710">
  <response-info timems="0.076" idlems="0.076" threads="0" lastid="0000000001CEB700" lastname="main" />
</exclusive-start>
<allocation-taxation id="5260" taxation-threshold="10485760" timestamp="2019-06-15T00:50:18.462" intervalms="6.739" />
<gc-start id="5261" type="global mark phase" contextid="5138" timestamp="2019-06-15T00:50:18.462">
  <mem-info id="5262" free="26214400" total="59768832" percent="43">
    <remembered-set count="84832" freebytes="2046464" totalbytes="2385792" percent="85" regionsoverflowed="0" regionsstable="0" regionsrebuilding="10"/>
  </mem-info>
</gc-start>
<gc-end id="5263" type="global mark phase" contextid="5138" durationms="0.132" usertimems="0.000" systemtimems="0.000" timestamp="2019-06-15T00:50:18.462" activeThreads="4">
  <mem-info id="5264" free="26214400" total="59768832" percent="43">
    <remembered-set count="84832" freebytes="2046464" totalbytes="2385792" percent="85" regionsoverflowed="0" regionsstable="0" regionsrebuilding="10"/>
  </mem-info>
</gc-end>
<concurrent-start id="5265" type="GMP work packet processing" contextid="5138" timestamp="2019-06-15T00:50:18.462">
  <concurrent-mark-start scanTarget="1658126" />
</concurrent-start>
<exclusive-end id="5267" timestamp="2019-06-15T00:50:18.463" durationms="1.610" />

<concurrent-end id="5266" type="GMP work packet processing" contextid="5138" timestamp="2019-06-15T00:50:18.463">
  <concurrent-mark-end bytesScanned="1705484" reasonForTermination="Work target met" />
</concurrent-end>

<exclusive-start id="5268" timestamp="2019-06-15T00:50:18.466" intervalms="4.853">
  <response-info timems="0.068" idlems="0.068" threads="0" lastid="0000000001CEB700" lastname="main" />
</exclusive-start>
<allocation-taxation id="5269" taxation-threshold="10485760" timestamp="2019-06-15T00:50:18.466" intervalms="4.848" />
<cycle-start id="5270" type="partial gc" contextid="0" timestamp="2019-06-15T00:50:18.467" intervalms="11.670" />
<gc-start id="5271" type="partial gc" contextid="5270" timestamp="2019-06-15T00:50:18.467">
  <mem-info id="5272" free="15728640" total="59768832" percent="26">
    <mem type="eden" free="1048336" total="22020096" percent="4" />
    <remembered-set count="89920" freebytes="2026112" totalbytes="2385792" percent="84" regionsoverflowed="0" regionsstable="0" regionsrebuilding="10"/>
  </mem-info>
</gc-start>
<allocation-stats totalBytes="20960968" >
  <allocated-bytes non-tlh="0" tlh="20960968" arrayletleaf="0"/>
  <largest-consumer threadName="main" threadId="0000000001CEB700" bytes="10480584" />
</allocation-stats>
<gc-op id="5273" type="copy forward" timems="1.515" contextid="5270" timestamp="2019-06-15T00:50:18.469">
  <memory-copied type="eden" objects="5" bytes="368" bytesdiscarded="0" />
  <memory-copied type="other" objects="0" bytes="0" bytesdiscarded="0" />
  <memory-cardclean objects="16" bytes="528" />
  <regions eden="20" other="1" />
  <remembered-set-cleared processed="87617" cleared="9" durationms="0.597" />
  <stringconstants candidates="13269" cleared="0"  />
</gc-op>
<gc-op id="5274" type="classunload" timems="0.003" contextid="5270" timestamp="2019-06-15T00:50:18.469">
  <classunload-info classloadercandidates="53" classloadersunloaded="0" classesunloaded="0" anonymousclassesunloaded="0" quiescems="0.000" setupms="0.003" scanms="0.000" postms="0.000" />
</gc-op>
<gc-end id="5275" type="partial gc" contextid="5270" durationms="2.619" usertimems="0.000" systemtimems="4.000" timestamp="2019-06-15T00:50:18.469" activeThreads="1">
  <mem-info id="5276" free="36700160" total="59768832" percent="61">
    <mem type="eden" free="1048208" total="1048576" percent="99" />
    <remembered-set count="90368" freebytes="2024320" totalbytes="2385792" percent="84" regionsoverflowed="0" regionsstable="0" regionsrebuilding="10"/>
  </mem-info>
</gc-end>
<cycle-end id="5277" type="partial gc" contextid="5270" timestamp="2019-06-15T00:50:18.470" />
  <attribute name="elasticGC enabled" value="1" />
  <attribute name= "numThreadsSpecified" value="1" />
  <attribute name="heapSize specified" value="0" />
  <attribute name="Current GC Util" value="50" />
  <attribute name= "Current Time Running" value="24415" />
  <attribute name ="GC Interval" value="0" />
  <attribute name="ProportionalT" value="15.000000" />
  <attribute name="ProportionalI" value="15.000000" />
  <attribute name="ProportionalH" value="15.000000" />
  <attribute name="Current Error" value="30.000000" />
  <attribute name="IntegralT" value="0.000000" />
  <attribute name="IntegralI" value="0.000000" />
  <attribute name="IntegralH" value="0.000000" />
  <attribute name="DerivativeT" value="inf" />
  <attribute name="DerivativeI" value="inf" />
  <attribute name="DerivativeH" value="inf" />
  <attribute name="Loop Time for DT" value="0.000000" />
  <attribute name="Output H" value="8388608"/>
  <attribute name="Output I" value="200"/>
  <attribute name="Output T" value="1"/>
  <attribute name="Target GC Util Change" value ="20.000000" />
  <attribute name="Current GC Util Change" value="50.000000"/>
  <attribute name="GC Util currently" value="50" />
  <attribute name="CPU Util currently" value="18622164636563" />
<exclusive-end id="5278" timestamp="2019-06-15T00:50:18.470" durationms="3.648" />

<exclusive-start id="5279" timestamp="2019-06-15T00:50:18.473" intervalms="6.992">
  <response-info timems="0.076" idlems="0.076" threads="0" lastid="0000000001CEB700" lastname="main" />
</exclusive-start>
<allocation-taxation id="5280" taxation-threshold="10485760" timestamp="2019-06-15T00:50:18.473" intervalms="7.041" />
<gc-start id="5281" type="global mark phase" contextid="5138" timestamp="2019-06-15T00:50:18.474">
  <mem-info id="5282" free="26214400" total="59768832" percent="43">
    <remembered-set count="89920" freebytes="2026112" totalbytes="2385792" percent="84" regionsoverflowed="0" regionsstable="0" regionsrebuilding="10"/>
  </mem-info>
</gc-start>
<gc-end id="5283" type="global mark phase" contextid="5138" durationms="0.198" usertimems="0.000" systemtimems="0.000" timestamp="2019-06-15T00:50:18.474" activeThreads="1">
  <mem-info id="5284" free="26214400" total="59768832" percent="43">
    <remembered-set count="89920" freebytes="2026112" totalbytes="2385792" percent="84" regionsoverflowed="0" regionsstable="0" regionsrebuilding="10"/>
  </mem-info>
</gc-end>
<concurrent-start id="5285" type="GMP work packet processing" contextid="5138" timestamp="2019-06-15T00:50:18.474">
  <concurrent-mark-start scanTarget="1048576" />
</concurrent-start>
<exclusive-end id="5286" timestamp="2019-06-15T00:50:18.474" durationms="0.952" />

<concurrent-end id="5287" type="GMP work packet processing" contextid="5138" timestamp="2019-06-15T00:50:18.475">
  <concurrent-mark-end bytesScanned="1093128" reasonForTermination="Work target met" />
</concurrent-end>

<exclusive-start id="5288" timestamp="2019-06-15T00:50:18.478" intervalms="4.632">
  <response-info timems="0.073" idlems="0.073" threads="0" lastid="0000000001CEB700" lastname="main" />
</exclusive-start>
<allocation-taxation id="5289" taxation-threshold="10485760" timestamp="2019-06-15T00:50:18.478" intervalms="4.583" />
<cycle-start id="5290" type="partial gc" contextid="0" timestamp="2019-06-15T00:50:18.478" intervalms="11.649" />
<gc-start id="5291" type="partial gc" contextid="5290" timestamp="2019-06-15T00:50:18.478">
  <mem-info id="5292" free="15728640" total="59768832" percent="26">
    <mem type="eden" free="1048208" total="22020096" percent="4" />
    <remembered-set count="93088" freebytes="2013440" totalbytes="2385792" percent="84" regionsoverflowed="0" regionsstable="0" regionsrebuilding="10"/>
  </mem-info>
</gc-start>
<allocation-stats totalBytes="20960328" >
  <allocated-bytes non-tlh="0" tlh="20960328" arrayletleaf="0"/>
  <largest-consumer threadName="main" threadId="0000000001CEB700" bytes="10480400" />
</allocation-stats>
<gc-op id="5293" type="copy forward" timems="1.557" contextid="5290" timestamp="2019-06-15T00:50:18.481">
  <memory-copied type="eden" objects="5" bytes="240" bytesdiscarded="0" />
  <memory-copied type="other" objects="0" bytes="0" bytesdiscarded="0" />
  <memory-cardclean objects="16" bytes="528" />
  <regions eden="20" other="1" />
  <remembered-set-cleared processed="90544" cleared="9" durationms="0.628" />
  <stringconstants candidates="13269" cleared="0"  />
</gc-op>
<gc-op id="5294" type="classunload" timems="0.003" contextid="5290" timestamp="2019-06-15T00:50:18.481">
  <classunload-info classloadercandidates="53" classloadersunloaded="0" classesunloaded="0" anonymousclassesunloaded="0" quiescems="0.000" setupms="0.003" scanms="0.000" postms="0.000" />
</gc-op>
<gc-end id="5295" type="partial gc" contextid="5290" durationms="2.730" usertimems="4.000" systemtimems="0.000" timestamp="2019-06-15T00:50:18.481" activeThreads="1">
  <mem-info id="5296" free="36700160" total="59768832" percent="61">
    <mem type="eden" free="1048336" total="1048576" percent="99" />
    <remembered-set count="93536" freebytes="2011648" totalbytes="2385792" percent="84" regionsoverflowed="0" regionsstable="0" regionsrebuilding="10"/>
  </mem-info>
</gc-end>
<cycle-end id="5297" type="partial gc" contextid="5290" timestamp="2019-06-15T00:50:18.481" />
  <attribute name="elasticGC enabled" value="1" />
  <attribute name= "numThreadsSpecified" value="1" />
  <attribute name="heapSize specified" value="0" />
  <attribute name="Current GC Util" value="58" />
  <attribute name= "Current Time Running" value="24427" />
  <attribute name ="GC Interval" value="0" />
  <attribute name="ProportionalT" value="19.000000" />
  <attribute name="ProportionalI" value="19.000000" />
  <attribute name="ProportionalH" value="19.000000" />
  <attribute name="Current Error" value="38.000000" />
  <attribute name="IntegralT" value="0.000000" />
  <attribute name="IntegralI" value="0.000000" />
  <attribute name="IntegralH" value="0.000000" />
  <attribute name="DerivativeT" value="inf" />
  <attribute name="DerivativeI" value="inf" />
  <attribute name="DerivativeH" value="inf" />
  <attribute name="Loop Time for DT" value="0.000000" />
  <attribute name="Output H" value="8388608"/>
  <attribute name="Output I" value="200"/>
  <attribute name="Output T" value="1"/>
  <attribute name="Target GC Util Change" value ="20.000000" />
  <attribute name="Current GC Util Change" value="58.000000"/>
  <attribute name="GC Util currently" value="58" />
  <attribute name="CPU Util currently" value="20318392928256" />
<exclusive-end id="5298" timestamp="2019-06-15T00:50:18.482" durationms="3.752" />

<exclusive-start id="5299" timestamp="2019-06-15T00:50:18.485" intervalms="7.095">
  <response-info timems="0.076" idlems="0.076" threads="0" lastid="0000000001CEB700" lastname="main" />
</exclusive-start>
<allocation-taxation id="5300" taxation-threshold="10485760" timestamp="2019-06-15T00:50:18.485" intervalms="7.156" />
<gc-start id="5301" type="global mark phase" contextid="5138" timestamp="2019-06-15T00:50:18.485">
  <mem-info id="5302" free="26214400" total="59768832" percent="43">
    <remembered-set count="93088" freebytes="2013440" totalbytes="2385792" percent="84" regionsoverflowed="0" regionsstable="0" regionsrebuilding="10"/>
  </mem-info>
</gc-start>
<gc-end id="5303" type="global mark phase" contextid="5138" durationms="0.204" usertimems="0.000" systemtimems="0.000" timestamp="2019-06-15T00:50:18.486" activeThreads="1">
  <mem-info id="5304" free="26214400" total="59768832" percent="43">
    <remembered-set count="93088" freebytes="2013440" totalbytes="2385792" percent="84" regionsoverflowed="0" regionsstable="0" regionsrebuilding="10"/>
  </mem-info>
</gc-end>
<concurrent-start id="5305" type="GMP work packet processing" contextid="5138" timestamp="2019-06-15T00:50:18.486">
  <concurrent-mark-start scanTarget="1048576" />
</concurrent-start>
<exclusive-end id="5306" timestamp="2019-06-15T00:50:18.486" durationms="0.923" />

<concurrent-end id="5307" type="GMP work packet processing" contextid="5138" timestamp="2019-06-15T00:50:18.487">
  <concurrent-mark-end bytesScanned="1088664" reasonForTermination="Work target met" />
</concurrent-end>

<exclusive-start id="5308" timestamp="2019-06-15T00:50:18.490" intervalms="4.718">
  <response-info timems="0.071" idlems="0.071" threads="0" lastid="0000000001CEB700" lastname="main" />
</exclusive-start>
<allocation-taxation id="5309" taxation-threshold="10485760" timestamp="2019-06-15T00:50:18.490" intervalms="4.664" />
<cycle-start id="5310" type="partial gc" contextid="0" timestamp="2019-06-15T00:50:18.490" intervalms="11.876" />
<gc-start id="5311" type="partial gc" contextid="5310" timestamp="2019-06-15T00:50:18.490">
  <mem-info id="5312" free="15728640" total="59768832" percent="26">
    <mem type="eden" free="1048336" total="22020096" percent="4" />
    <remembered-set count="96864" freebytes="1998336" totalbytes="2385792" percent="83" regionsoverflowed="0" regionsstable="0" regionsrebuilding="10"/>
  </mem-info>
</gc-start>
<allocation-stats totalBytes="20960968" >
  <allocated-bytes non-tlh="0" tlh="20960968" arrayletleaf="0"/>
  <largest-consumer threadName="main" threadId="0000000001CEB700" bytes="10480584" />
</allocation-stats>
<gc-op id="5313" type="copy forward" timems="1.535" contextid="5310" timestamp="2019-06-15T00:50:18.493">
  <memory-copied type="eden" objects="5" bytes="368" bytesdiscarded="0" />
  <memory-copied type="other" objects="0" bytes="0" bytesdiscarded="0" />
  <memory-cardclean objects="16" bytes="528" />
  <regions eden="20" other="1" />
  <remembered-set-cleared processed="94600" cleared="9" durationms="0.635" />
  <stringconstants candidates="13269" cleared="0"  />
</gc-op>
<gc-op id="5314" type="classunload" timems="0.003" contextid="5310" timestamp="2019-06-15T00:50:18.493">
  <classunload-info classloadercandidates="53" classloadersunloaded="0" classesunloaded="0" anonymousclassesunloaded="0" quiescems="0.000" setupms="0.003" scanms="0.000" postms="0.000" />
</gc-op>
<gc-end id="5315" type="partial gc" contextid="5310" durationms="2.739" usertimems="4.000" systemtimems="0.000" timestamp="2019-06-15T00:50:18.493" activeThreads="1">
  <mem-info id="5316" free="36700160" total="59768832" percent="61">
    <mem type="eden" free="1048208" total="1048576" percent="99" />
    <remembered-set count="97312" freebytes="1996544" totalbytes="2385792" percent="83" regionsoverflowed="0" regionsstable="0" regionsrebuilding="10"/>
  </mem-info>
</gc-end>
<cycle-end id="5317" type="partial gc" contextid="5310" timestamp="2019-06-15T00:50:18.493" />
  <attribute name="elasticGC enabled" value="1" />
  <attribute name= "numThreadsSpecified" value="1" />
  <attribute name="heapSize specified" value="0" />
  <attribute name="Current GC Util" value="76" />
  <attribute name= "Current Time Running" value="24439" />
  <attribute name ="GC Interval" value="0" />
  <attribute name="ProportionalT" value="28.000000" />
  <attribute name="ProportionalI" value="28.000000" />
  <attribute name="ProportionalH" value="28.000000" />
  <attribute name="Current Error" value="56.000000" />
  <attribute name="IntegralT" value="0.000000" />
  <attribute name="IntegralI" value="0.000000" />
  <attribute name="IntegralH" value="0.000000" />
  <attribute name="DerivativeT" value="inf" />
  <attribute name="DerivativeI" value="inf" />
  <attribute name="DerivativeH" value="inf" />
  <attribute name="Loop Time for DT" value="0.000000" />
  <attribute name="Output H" value="8388608"/>
  <attribute name="Output I" value="200"/>
  <attribute name="Output T" value="1"/>
  <attribute name="Target GC Util Change" value ="20.000000" />
  <attribute name="Current GC Util Change" value="76.000000"/>
  <attribute name="GC Util currently" value="76" />
  <attribute name="CPU Util currently" value="18093841559064" />
<exclusive-end id="5318" timestamp="2019-06-15T00:50:18.494" durationms="3.875" />

<exclusive-start id="5319" timestamp="2019-06-15T00:50:18.497" intervalms="7.206">
  <response-info timems="0.076" idlems="0.076" threads="0" lastid="0000000001CEB700" lastname="main" />
</exclusive-start>
<allocation-taxation id="5320" taxation-threshold="10485760" timestamp="2019-06-15T00:50:18.497" intervalms="7.238" />
<gc-start id="5321" type="global mark phase" contextid="5138" timestamp="2019-06-15T00:50:18.497">
  <mem-info id="5322" free="26214400" total="59768832" percent="43">
    <remembered-set count="96864" freebytes="1998336" totalbytes="2385792" percent="83" regionsoverflowed="0" regionsstable="0" regionsrebuilding="10"/>
  </mem-info>
</gc-start>
<gc-end id="5323" type="global mark phase" contextid="5138" durationms="0.201" usertimems="0.000" systemtimems="0.000" timestamp="2019-06-15T00:50:18.498" activeThreads="1">
  <mem-info id="5324" free="26214400" total="59768832" percent="43">
    <remembered-set count="96864" freebytes="1998336" totalbytes="2385792" percent="83" regionsoverflowed="0" regionsstable="0" regionsrebuilding="10"/>
  </mem-info>
</gc-end>
<concurrent-start id="5325" type="GMP work packet processing" contextid="5138" timestamp="2019-06-15T00:50:18.498">
  <concurrent-mark-start scanTarget="1048576" />
</concurrent-start>
<exclusive-end id="5326" timestamp="2019-06-15T00:50:18.498" durationms="1.416" />

<concurrent-end id="5327" type="GMP work packet processing" contextid="5138" timestamp="2019-06-15T00:50:18.498">
  <concurrent-mark-end bytesScanned="1087876" reasonForTermination="Work target met" />
</concurrent-end>

<exclusive-start id="5328" timestamp="2019-06-15T00:50:18.502" intervalms="4.632">
  <response-info timems="0.067" idlems="0.067" threads="0" lastid="0000000001CEB700" lastname="main" />
</exclusive-start>
<allocation-taxation id="5329" taxation-threshold="10485760" timestamp="2019-06-15T00:50:18.502" intervalms="4.654" />
<cycle-start id="5330" type="partial gc" contextid="0" timestamp="2019-06-15T00:50:18.502" intervalms="11.902" />
<gc-start id="5331" type="partial gc" contextid="5330" timestamp="2019-06-15T00:50:18.502">
  <mem-info id="5332" free="15728640" total="59768832" percent="26">
    <mem type="eden" free="1048208" total="22020096" percent="4" />
    <remembered-set count="98336" freebytes="1992448" totalbytes="2385792" percent="83" regionsoverflowed="0" regionsstable="0" regionsrebuilding="10"/>
  </mem-info>
</gc-start>
<allocation-stats totalBytes="20960328" >
  <allocated-bytes non-tlh="0" tlh="20960328" arrayletleaf="0"/>
  <largest-consumer threadName="main" threadId="0000000001CEB700" bytes="10480400" />
</allocation-stats>
<gc-op id="5333" type="copy forward" timems="1.744" contextid="5330" timestamp="2019-06-15T00:50:18.505">
  <memory-copied type="eden" objects="5" bytes="240" bytesdiscarded="0" />
  <memory-copied type="other" objects="0" bytes="0" bytesdiscarded="0" />
  <memory-cardclean objects="16" bytes="528" />
  <regions eden="20" other="1" />
  <remembered-set-cleared processed="95945" cleared="9" durationms="0.343" />
  <stringconstants candidates="13269" cleared="0"  />
</gc-op>
<gc-op id="5334" type="classunload" timems="0.003" contextid="5330" timestamp="2019-06-15T00:50:18.505">
  <classunload-info classloadercandidates="53" classloadersunloaded="0" classesunloaded="0" anonymousclassesunloaded="0" quiescems="0.000" setupms="0.003" scanms="0.000" postms="0.000" />
</gc-op>
<gc-end id="5335" type="partial gc" contextid="5330" durationms="2.719" usertimems="4.000" systemtimems="0.000" timestamp="2019-06-15T00:50:18.505" activeThreads="4">
  <mem-info id="5336" free="36700160" total="59768832" percent="61">
    <mem type="eden" free="1048336" total="1048576" percent="99" />
    <remembered-set count="98016" freebytes="1993728" totalbytes="2385792" percent="83" regionsoverflowed="0" regionsstable="0" regionsrebuilding="10"/>
  </mem-info>
</gc-end>
<cycle-end id="5337" type="partial gc" contextid="5330" timestamp="2019-06-15T00:50:18.505" />
  <attribute name="elasticGC enabled" value="1" />
  <attribute name= "numThreadsSpecified" value="4" />
  <attribute name="heapSize specified" value="0" />
  <attribute name="Current GC Util" value="67" />
  <attribute name= "Current Time Running" value="24451" />
  <attribute name ="GC Interval" value="0" />
  <attribute name="ProportionalT" value="23.500000" />
  <attribute name="ProportionalI" value="23.500000" />
  <attribute name="ProportionalH" value="23.500000" />
  <attribute name="Current Error" value="47.000000" />
  <attribute name="IntegralT" value="47.000000" />
  <attribute name="IntegralI" value="47.000000" />
  <attribute name="IntegralH" value="47.000000" />
  <attribute name="DerivativeT" value="19.000000" />
  <attribute name="DerivativeI" value="19.000000" />
  <attribute name="DerivativeH" value="19.000000" />
  <attribute name="Loop Time for DT" value="1.000000" />
  <attribute name="Output H" value="8388608"/>
  <attribute name="Output I" value="200"/>
  <attribute name="Output T" value="4"/>
  <attribute name="Target GC Util Change" value ="20.000000" />
  <attribute name="Current GC Util Change" value="67.000000"/>
  <attribute name="GC Util currently" value="67" />
  <attribute name="CPU Util currently" value="19941477210191" />
<exclusive-end id="5338" timestamp="2019-06-15T00:50:18.505" durationms="3.867" />

<exclusive-start id="5339" timestamp="2019-06-15T00:50:18.509" intervalms="7.226">
  <response-info timems="0.075" idlems="0.075" threads="0" lastid="0000000001CEB700" lastname="main" />
</exclusive-start>
<allocation-taxation id="5340" taxation-threshold="10485760" timestamp="2019-06-15T00:50:18.509" intervalms="7.225" />
<gc-start id="5341" type="global mark phase" contextid="5138" timestamp="2019-06-15T00:50:18.509">
  <mem-info id="5342" free="26214400" total="59768832" percent="43">
    <remembered-set count="98016" freebytes="1993728" totalbytes="2385792" percent="83" regionsoverflowed="0" regionsstable="0" regionsrebuilding="10"/>
  </mem-info>
</gc-start>
<gc-end id="5343" type="global mark phase" contextid="5138" durationms="0.204" usertimems="0.000" systemtimems="0.000" timestamp="2019-06-15T00:50:18.509" activeThreads="4">
  <mem-info id="5344" free="26214400" total="59768832" percent="43">
    <remembered-set count="98016" freebytes="1993728" totalbytes="2385792" percent="83" regionsoverflowed="0" regionsstable="0" regionsrebuilding="10"/>
  </mem-info>
</gc-end>
<concurrent-start id="5345" type="GMP work packet processing" contextid="5138" timestamp="2019-06-15T00:50:18.510">
  <concurrent-mark-start scanTarget="1658126" />
</concurrent-start>
<exclusive-end id="5346" timestamp="2019-06-15T00:50:18.510" durationms="1.286" />

<concurrent-end id="5347" type="GMP work packet processing" contextid="5138" timestamp="2019-06-15T00:50:18.510">
  <concurrent-mark-end bytesScanned="474128" reasonForTermination="Completed all work in GC phase" />
</concurrent-end>

<exclusive-start id="5348" timestamp="2019-06-15T00:50:18.514" intervalms="4.811">
  <response-info timems="0.067" idlems="0.067" threads="0" lastid="0000000001CEB700" lastname="main" />
</exclusive-start>
<allocation-taxation id="5349" taxation-threshold="10485760" timestamp="2019-06-15T00:50:18.514" intervalms="4.776" />
<cycle-start id="5350" type="partial gc" contextid="0" timestamp="2019-06-15T00:50:18.514" intervalms="11.950" />
<gc-start id="5351" type="partial gc" contextid="5350" timestamp="2019-06-15T00:50:18.514">
  <mem-info id="5352" free="15728640" total="59768832" percent="26">
    <mem type="eden" free="1048336" total="22020096" percent="4" />
    <remembered-set count="99264" freebytes="1988736" totalbytes="2385792" percent="83" regionsoverflowed="0" regionsstable="0" regionsrebuilding="10"/>
  </mem-info>
</gc-start>
<allocation-stats totalBytes="20961032" >
  <allocated-bytes non-tlh="0" tlh="20961032" arrayletleaf="0"/>
  <largest-consumer threadName="main" threadId="0000000001CEB700" bytes="10480648" />
</allocation-stats>
<gc-op id="5353" type="copy forward" timems="1.796" contextid="5350" timestamp="2019-06-15T00:50:18.517">
  <memory-copied type="eden" objects="26" bytes="1304" bytesdiscarded="248" />
  <memory-copied type="other" objects="0" bytes="0" bytesdiscarded="0" />
  <memory-cardclean objects="67" bytes="2120" />
  <regions eden="20" other="1" />
  <remembered-set-cleared processed="96287" cleared="27" durationms="0.364" />
  <stringconstants candidates="13269" cleared="0"  />
</gc-op>
<gc-op id="5354" type="classunload" timems="0.004" contextid="5350" timestamp="2019-06-15T00:50:18.517">
  <classunload-info classloadercandidates="53" classloadersunloaded="0" classesunloaded="0" anonymousclassesunloaded="0" quiescems="0.000" setupms="0.004" scanms="0.000" postms="0.000" />
</gc-op>
<gc-end id="5355" type="partial gc" contextid="5350" durationms="2.878" usertimems="4.000" systemtimems="0.000" timestamp="2019-06-15T00:50:18.517" activeThreads="4">
  <mem-info id="5356" free="36700160" total="59768832" percent="61">
    <mem type="eden" free="1047024" total="1048576" percent="99" />
    <remembered-set count="98656" freebytes="1991168" totalbytes="2385792" percent="83" regionsoverflowed="0" regionsstable="0" regionsrebuilding="10"/>
  </mem-info>
</gc-end>
<cycle-end id="5357" type="partial gc" contextid="5350" timestamp="2019-06-15T00:50:18.517" />
  <attribute name="elasticGC enabled" value="1" />
  <attribute name= "numThreadsSpecified" value="4" />
  <attribute name="heapSize specified" value="0" />
  <attribute name="Current GC Util" value="79" />
  <attribute name= "Current Time Running" value="24463" />
  <attribute name ="GC Interval" value="0" />
  <attribute name="ProportionalT" value="29.500000" />
  <attribute name="ProportionalI" value="29.500000" />
  <attribute name="ProportionalH" value="29.500000" />
  <attribute name="Current Error" value="59.000000" />
  <attribute name="IntegralT" value="59.000000" />
  <attribute name="IntegralI" value="59.000000" />
  <attribute name="IntegralH" value="59.000000" />
  <attribute name="DerivativeT" value="29.500000" />
  <attribute name="DerivativeI" value="29.500000" />
  <attribute name="DerivativeH" value="29.500000" />
  <attribute name="Loop Time for DT" value="1.000000" />
  <attribute name="Output H" value="8388608"/>
  <attribute name="Output I" value="200"/>
  <attribute name="Output T" value="4"/>
  <attribute name="Target GC Util Change" value ="20.000000" />
  <attribute name="Current GC Util Change" value="79.000000"/>
  <attribute name="GC Util currently" value="79" />
  <attribute name="CPU Util currently" value="19345699823326" />
<exclusive-end id="5358" timestamp="2019-06-15T00:50:18.517" durationms="3.760" />

<exclusive-start id="5359" timestamp="2019-06-15T00:50:18.521" intervalms="7.351">
  <response-info timems="0.075" idlems="0.075" threads="0" lastid="0000000001CEB700" lastname="main" />
</exclusive-start>
<allocation-taxation id="5360" taxation-threshold="10485760" timestamp="2019-06-15T00:50:18.521" intervalms="7.393" />
<gc-start id="5361" type="global mark phase" contextid="5138" timestamp="2019-06-15T00:50:18.521">
  <mem-info id="5362" free="26214400" total="59768832" percent="43">
    <remembered-set count="98304" freebytes="1992576" totalbytes="2385792" percent="83" regionsoverflowed="0" regionsstable="0" regionsrebuilding="10"/>
  </mem-info>
</gc-start>
<gc-op id="5363" type="mark increment" timems="2.495" contextid="5138" timestamp="2019-06-15T00:50:18.524">
  <trace-info objectcount="368" scancount="366" scanbytes="126428" />
  <cardclean-info objects="25725" bytes="921020" />
  <finalization candidates="80" enqueued="0" />
  <ownableSynchronizers candidates="21" cleared="0" />
  <references type="soft" candidates="1851" cleared="3" enqueued="3" dynamicThreshold="19" maxThreshold="32" />
  <references type="weak" candidates="5735" cleared="7" enqueued="3" />
  <references type="phantom" candidates="101" cleared="0" enqueued="0" />
  <stringconstants candidates="13269" cleared="0"  />
</gc-op>
<gc-op id="5364" type="classunload" timems="0.004" contextid="5138" timestamp="2019-06-15T00:50:18.524">
  <classunload-info classloadercandidates="53" classloadersunloaded="0" classesunloaded="0" anonymousclassesunloaded="0" quiescems="0.000" setupms="0.004" scanms="0.000" postms="0.000" />
</gc-op>
<gc-end id="5365" type="global mark phase" contextid="5138" durationms="3.149" usertimems="4.000" systemtimems="0.000" timestamp="2019-06-15T00:50:18.525" activeThreads="4">
  <mem-info id="5366" free="26214400" total="59768832" percent="43">
    <pending-finalizers system="0" default="0" reference="6" classloader="0" />
    <remembered-set count="100864" freebytes="1982336" totalbytes="2385792" percent="83" regionsoverflowed="0" regionsstable="0" regionsrebuilding="0"/>
  </mem-info>
</gc-end>
<cycle-end id="5367" type="global mark phase" contextid="5138" timestamp="2019-06-15T00:50:18.525" />
  <attribute name="elasticGC enabled" value="1" />
  <attribute name= "numThreadsSpecified" value="4" />
  <attribute name="heapSize specified" value="0" />
  <attribute name="Current GC Util" value="42" />
  <attribute name= "Current Time Running" value="24471" />
  <attribute name ="GC Interval" value="0" />
  <attribute name="ProportionalT" value="11.000000" />
  <attribute name="ProportionalI" value="11.000000" />
  <attribute name="ProportionalH" value="11.000000" />
  <attribute name="Current Error" value="22.000000" />
  <attribute name="IntegralT" value="0.000000" />
  <attribute name="IntegralI" value="0.000000" />
  <attribute name="IntegralH" value="0.000000" />
  <attribute name="DerivativeT" value="-inf" />
  <attribute name="DerivativeI" value="-inf" />
  <attribute name="DerivativeH" value="-inf" />
  <attribute name="Loop Time for DT" value="0.000000" />
  <attribute name="Output H" value="2091843584"/>
  <attribute name="Output I" value="200"/>
  <attribute name="Output T" value="4"/>
  <attribute name="Target GC Util Change" value ="20.000000" />
  <attribute name="Current GC Util Change" value="42.000000"/>
  <attribute name="GC Util currently" value="42" />
  <attribute name="CPU Util currently" value="15695188888810" />
<exclusive-end id="5368" timestamp="2019-06-15T00:50:18.525" durationms="3.983" />

<exclusive-start id="5369" timestamp="2019-06-15T00:50:18.529" intervalms="7.575">
  <response-info timems="0.076" idlems="0.076" threads="0" lastid="0000000001CEB700" lastname="main" />
</exclusive-start>
<allocation-taxation id="5370" taxation-threshold="10485760" timestamp="2019-06-15T00:50:18.529" intervalms="7.537" />
<cycle-start id="5371" type="partial gc" contextid="0" timestamp="2019-06-15T00:50:18.529" intervalms="14.939" />
<gc-start id="5372" type="partial gc" contextid="5371" timestamp="2019-06-15T00:50:18.529">
  <mem-info id="5373" free="15728640" total="59768832" percent="26">
    <mem type="eden" free="0" total="20971520" percent="0" />
    <remembered-set count="83232" freebytes="2052864" totalbytes="2385792" percent="86" regionsoverflowed="0" regionsstable="6" regionsrebuilding="0"/>
  </mem-info>
</gc-start>
<allocation-stats totalBytes="20954096" >
  <allocated-bytes non-tlh="0" tlh="20954096" arrayletleaf="0"/>
  <largest-consumer threadName="main" threadId="0000000001CEB700" bytes="10476000" />
</allocation-stats>
<gc-op id="5374" type="sweep" timems="0.647" contextid="5371" timestamp="2019-06-15T00:50:18.530" />
<gc-op id="5375" type="copy forward" timems="1.662" contextid="5371" timestamp="2019-06-15T00:50:18.532">
  <memory-copied type="eden" objects="5" bytes="368" bytesdiscarded="0" />
  <memory-copied type="other" objects="22" bytes="952" bytesdiscarded="1016" />
  <memory-cardclean objects="93" bytes="4720" />
  <regions eden="10" other="2" />
  <remembered-set-cleared processed="81321" cleared="60" durationms="0.313" />
  <stringconstants candidates="13269" cleared="0"  />
</gc-op>
<gc-op id="5376" type="classunload" timems="0.003" contextid="5371" timestamp="2019-06-15T00:50:18.533">
  <classunload-info classloadercandidates="53" classloadersunloaded="0" classesunloaded="0" anonymousclassesunloaded="0" quiescems="0.000" setupms="0.003" scanms="0.000" postms="0.000" />
</gc-op>
<heap-resize id="5377" type="expand" space="default" amount="1048576" count="1" timems="0.050" reason="excessive time being spent in gc" timestamp="2019-06-15T00:50:18.533" />
<gc-end id="5378" type="partial gc" contextid="5371" durationms="3.782" usertimems="4.000" systemtimems="0.000" timestamp="2019-06-15T00:50:18.533" activeThreads="4">
  <mem-info id="5379" free="36700160" total="60817408" percent="60">
    <mem type="eden" free="1048208" total="1048576" percent="99" />
    <remembered-set count="84288" freebytes="2090496" totalbytes="2427648" percent="86" regionsoverflowed="0" regionsstable="6" regionsrebuilding="0"/>
  </mem-info>
</gc-end>
<cycle-end id="5380" type="partial gc" contextid="5371" timestamp="2019-06-15T00:50:18.533" />
  <attribute name="elasticGC enabled" value="1" />
  <attribute name= "numThreadsSpecified" value="4" />
  <attribute name="heapSize specified" value="0" />
  <attribute name="Current GC Util" value="77" />
  <attribute name= "Current Time Running" value="24479" />
  <attribute name ="GC Interval" value="0" />
  <attribute name="ProportionalT" value="28.500000" />
  <attribute name="ProportionalI" value="28.500000" />
  <attribute name="ProportionalH" value="28.500000" />
  <attribute name="Current Error" value="57.000000" />
  <attribute name="IntegralT" value="57.000000" />
  <attribute name="IntegralI" value="57.000000" />
  <attribute name="IntegralH" value="57.000000" />
  <attribute name="DerivativeT" value="4.500000" />
  <attribute name="DerivativeI" value="4.500000" />
  <attribute name="DerivativeH" value="4.500000" />
  <attribute name="Loop Time for DT" value="1.000000" />
  <attribute name="Output H" value="8388608"/>
  <attribute name="Output I" value="200"/>
  <attribute name="Output T" value="4"/>
  <attribute name="Target GC Util Change" value ="20.000000" />
  <attribute name="Current GC Util Change" value="77.000000"/>
  <attribute name="GC Util currently" value="77" />
  <attribute name="CPU Util currently" value="22455937013589" />
<exclusive-end id="5381" timestamp="2019-06-15T00:50:18.533" durationms="4.862" />

<exclusive-start id="5382" timestamp="2019-06-15T00:50:18.541" intervalms="12.121">
  <response-info timems="0.075" idlems="0.075" threads="0" lastid="0000000001CEB700" lastname="main" />
</exclusive-start>
<allocation-taxation id="5383" taxation-threshold="22020096" timestamp="2019-06-15T00:50:18.541" intervalms="12.137" />
<cycle-start id="5384" type="partial gc" contextid="0" timestamp="2019-06-15T00:50:18.541" intervalms="12.140" />
<gc-start id="5385" type="partial gc" contextid="5384" timestamp="2019-06-15T00:50:18.541">
  <mem-info id="5386" free="14680064" total="60817408" percent="24">
    <mem type="eden" free="1048208" total="23068672" percent="4" />
    <remembered-set count="57984" freebytes="2195712" totalbytes="2427648" percent="90" regionsoverflowed="0" regionsstable="12" regionsrebuilding="0"/>
  </mem-info>
</gc-start>
<allocation-stats totalBytes="22001040" >
  <allocated-bytes non-tlh="0" tlh="22001040" arrayletleaf="0"/>
  <largest-consumer threadName="main" threadId="0000000001CEB700" bytes="22001040" />
</allocation-stats>
<gc-op id="5387" type="copy forward" timems="1.142" contextid="5384" timestamp="2019-06-15T00:50:18.543">
  <memory-copied type="eden" objects="5" bytes="392" bytesdiscarded="0" />
  <memory-copied type="other" objects="6" bytes="144" bytesdiscarded="0" />
  <memory-cardclean objects="30" bytes="920" />
  <regions eden="21" other="2" />
  <remembered-set-cleared processed="55848" cleared="18" durationms="0.422" />
  <stringconstants candidates="13269" cleared="0"  />
</gc-op>
<gc-op id="5388" type="classunload" timems="0.003" contextid="5384" timestamp="2019-06-15T00:50:18.543">
  <classunload-info classloadercandidates="53" classloadersunloaded="0" classesunloaded="0" anonymousclassesunloaded="0" quiescems="0.000" setupms="0.003" scanms="0.000" postms="0.000" />
</gc-op>
<gc-end id="5389" type="partial gc" contextid="5384" durationms="2.327" usertimems="4.000" systemtimems="0.000" timestamp="2019-06-15T00:50:18.544" activeThreads="1">
  <mem-info id="5390" free="36700160" total="60817408" percent="60">
    <mem type="eden" free="1048184" total="1048576" percent="99" />
    <remembered-set count="58400" freebytes="2194048" totalbytes="2427648" percent="90" regionsoverflowed="0" regionsstable="12" regionsrebuilding="0"/>
  </mem-info>
</gc-end>
<cycle-end id="5391" type="partial gc" contextid="5384" timestamp="2019-06-15T00:50:18.544" />
  <attribute name="elasticGC enabled" value="1" />
  <attribute name= "numThreadsSpecified" value="1" />
  <attribute name="heapSize specified" value="0" />
  <attribute name="Current GC Util" value="81" />
  <attribute name= "Current Time Running" value="24490" />
  <attribute name ="GC Interval" value="0" />
  <attribute name="ProportionalT" value="30.500000" />
  <attribute name="ProportionalI" value="30.500000" />
  <attribute name="ProportionalH" value="30.500000" />
  <attribute name="Current Error" value="61.000000" />
  <attribute name="IntegralT" value="0.000000" />
  <attribute name="IntegralI" value="0.000000" />
  <attribute name="IntegralH" value="0.000000" />
  <attribute name="DerivativeT" value="inf" />
  <attribute name="DerivativeI" value="inf" />
  <attribute name="DerivativeH" value="inf" />
  <attribute name="Loop Time for DT" value="0.000000" />
  <attribute name="Output H" value="8388608"/>
  <attribute name="Output I" value="200"/>
  <attribute name="Output T" value="1"/>
  <attribute name="Target GC Util Change" value ="20.000000" />
  <attribute name="Current GC Util Change" value="81.000000"/>
  <attribute name="GC Util currently" value="81" />
  <attribute name="CPU Util currently" value="17902438114057" />
<exclusive-end id="5392" timestamp="2019-06-15T00:50:18.544" durationms="3.474" />

<exclusive-start id="5393" timestamp="2019-06-15T00:50:18.551" intervalms="10.725">
  <response-info timems="0.076" idlems="0.076" threads="0" lastid="0000000001CEB700" lastname="main" />
</exclusive-start>
<allocation-taxation id="5394" taxation-threshold="22020096" timestamp="2019-06-15T00:50:18.552" intervalms="10.738" />
<cycle-start id="5395" type="partial gc" contextid="0" timestamp="2019-06-15T00:50:18.552" intervalms="10.752" />
<gc-start id="5396" type="partial gc" contextid="5395" timestamp="2019-06-15T00:50:18.552">
  <mem-info id="5397" free="14680064" total="60817408" percent="24">
    <mem type="eden" free="1048184" total="23068672" percent="4" />
    <remembered-set count="58016" freebytes="2195584" totalbytes="2427648" percent="90" regionsoverflowed="0" regionsstable="12" regionsrebuilding="0"/>
  </mem-info>
</gc-start>
<allocation-stats totalBytes="22001160" >
  <allocated-bytes non-tlh="0" tlh="22001160" arrayletleaf="0"/>
  <largest-consumer threadName="main" threadId="0000000001CEB700" bytes="22001160" />
</allocation-stats>
<gc-op id="5398" type="copy forward" timems="1.615" contextid="5395" timestamp="2019-06-15T00:50:18.554">
  <memory-copied type="eden" objects="5" bytes="152" bytesdiscarded="0" />
  <memory-copied type="other" objects="9" bytes="728" bytesdiscarded="160" />
  <memory-cardclean objects="32" bytes="9144" />
  <regions eden="21" other="2" />
  <remembered-set-cleared processed="55846" cleared="46" durationms="0.314" />
  <references type="weak" candidates="2" cleared="0" enqueued="0" />
  <stringconstants candidates="13269" cleared="0"  />
</gc-op>
<gc-op id="5399" type="classunload" timems="0.004" contextid="5395" timestamp="2019-06-15T00:50:18.555">
  <classunload-info classloadercandidates="53" classloadersunloaded="0" classesunloaded="0" anonymousclassesunloaded="0" quiescems="0.000" setupms="0.004" scanms="0.000" postms="0.000" />
</gc-op>
<gc-end id="5400" type="partial gc" contextid="5395" durationms="2.661" usertimems="4.000" systemtimems="0.000" timestamp="2019-06-15T00:50:18.555" activeThreads="4">
  <mem-info id="5401" free="36700160" total="60817408" percent="60">
    <mem type="eden" free="1048424" total="1048576" percent="99" />
    <remembered-set count="57856" freebytes="2196224" totalbytes="2427648" percent="90" regionsoverflowed="0" regionsstable="12" regionsrebuilding="0"/>
  </mem-info>
</gc-end>
<cycle-end id="5402" type="partial gc" contextid="5395" timestamp="2019-06-15T00:50:18.555" />
  <attribute name="elasticGC enabled" value="1" />
  <attribute name= "numThreadsSpecified" value="4" />
  <attribute name="heapSize specified" value="0" />
  <attribute name="Current GC Util" value="85" />
  <attribute name= "Current Time Running" value="24501" />
  <attribute name ="GC Interval" value="0" />
  <attribute name="ProportionalT" value="32.500000" />
  <attribute name="ProportionalI" value="32.500000" />
  <attribute name="ProportionalH" value="32.500000" />
  <attribute name="Current Error" value="65.000000" />
  <attribute name="IntegralT" value="65.000000" />
  <attribute name="IntegralI" value="65.000000" />
  <attribute name="IntegralH" value="65.000000" />
  <attribute name="DerivativeT" value="32.500000" />
  <attribute name="DerivativeI" value="32.500000" />
  <attribute name="DerivativeH" value="32.500000" />
  <attribute name="Loop Time for DT" value="1.000000" />
  <attribute name="Output H" value="8388608"/>
  <attribute name="Output I" value="200"/>
  <attribute name="Output T" value="4"/>
  <attribute name="Target GC Util Change" value ="20.000000" />
  <attribute name="Current GC Util Change" value="85.000000"/>
  <attribute name="GC Util currently" value="85" />
  <attribute name="CPU Util currently" value="18168618628291" />
<exclusive-end id="5403" timestamp="2019-06-15T00:50:18.555" durationms="3.787" />

<exclusive-start id="5404" timestamp="2019-06-15T00:50:18.562" intervalms="11.064">
  <response-info timems="0.078" idlems="0.078" threads="0" lastid="0000000001CEB700" lastname="main" />
</exclusive-start>
<allocation-taxation id="5405" taxation-threshold="22020096" timestamp="2019-06-15T00:50:18.563" intervalms="11.060" />
<cycle-start id="5406" type="partial gc" contextid="0" timestamp="2019-06-15T00:50:18.563" intervalms="11.059" />
<gc-start id="5407" type="partial gc" contextid="5406" timestamp="2019-06-15T00:50:18.563">
  <mem-info id="5408" free="14680064" total="60817408" percent="24">
    <mem type="eden" free="1048424" total="23068672" percent="4" />
    <remembered-set count="55104" freebytes="2207232" totalbytes="2427648" percent="90" regionsoverflowed="0" regionsstable="13" regionsrebuilding="0"/>
  </mem-info>
</gc-start>
<allocation-stats totalBytes="22001032" >
  <allocated-bytes non-tlh="0" tlh="22001032" arrayletleaf="0"/>
  <largest-consumer threadName="main" threadId="0000000001CEB700" bytes="22001032" />
</allocation-stats>
<gc-op id="5409" type="copy forward" timems="1.563" contextid="5406" timestamp="2019-06-15T00:50:18.566">
  <memory-copied type="eden" objects="5" bytes="208" bytesdiscarded="0" />
  <memory-copied type="other" objects="45" bytes="1320" bytesdiscarded="696" />
  <memory-cardclean objects="72" bytes="10984" />
  <regions eden="21" other="2" />
  <remembered-set-cleared processed="53585" cleared="47" durationms="0.289" />
  <references type="weak" candidates="26" cleared="0" enqueued="0" />
  <stringconstants candidates="13269" cleared="0"  />
</gc-op>
<gc-op id="5410" type="classunload" timems="0.004" contextid="5406" timestamp="2019-06-15T00:50:18.566">
  <classunload-info classloadercandidates="53" classloadersunloaded="0" classesunloaded="0" anonymousclassesunloaded="0" quiescems="0.000" setupms="0.004" scanms="0.000" postms="0.000" />
</gc-op>
<gc-end id="5411" type="partial gc" contextid="5406" durationms="2.691" usertimems="4.000" systemtimems="0.000" timestamp="2019-06-15T00:50:18.566" activeThreads="4">
  <mem-info id="5412" free="36700160" total="60817408" percent="60">
    <mem type="eden" free="1048368" total="1048576" percent="99" />
    <remembered-set count="55552" freebytes="2205440" totalbytes="2427648" percent="90" regionsoverflowed="0" regionsstable="13" regionsrebuilding="0"/>
  </mem-info>
</gc-end>
<cycle-end id="5413" type="partial gc" contextid="5406" timestamp="2019-06-15T00:50:18.566" />
  <attribute name="elasticGC enabled" value="1" />
  <attribute name= "numThreadsSpecified" value="4" />
  <attribute name="heapSize specified" value="0" />
  <attribute name="Current GC Util" value="71" />
  <attribute name= "Current Time Running" value="24512" />
  <attribute name ="GC Interval" value="0" />
  <attribute name="ProportionalT" value="25.500000" />
  <attribute name="ProportionalI" value="25.500000" />
  <attribute name="ProportionalH" value="25.500000" />
  <attribute name="Current Error" value="51.000000" />
  <attribute name="IntegralT" value="51.000000" />
  <attribute name="IntegralI" value="51.000000" />
  <attribute name="IntegralH" value="51.000000" />
  <attribute name="DerivativeT" value="20.000000" />
  <attribute name="DerivativeI" value="20.000000" />
  <attribute name="DerivativeH" value="20.000000" />
  <attribute name="Loop Time for DT" value="1.000000" />
  <attribute name="Output H" value="8388608"/>
  <attribute name="Output I" value="200"/>
  <attribute name="Output T" value="4"/>
  <attribute name="Target GC Util Change" value ="20.000000" />
  <attribute name="Current GC Util Change" value="71.000000"/>
  <attribute name="GC Util currently" value="71" />
  <attribute name="CPU Util currently" value="18607062290583" />
<exclusive-end id="5414" timestamp="2019-06-15T00:50:18.566" durationms="3.787" />

<exclusive-start id="5415" timestamp="2019-06-15T00:50:18.589" intervalms="26.629">
  <response-info timems="0.075" idlems="0.075" threads="0" lastid="0000000001CEB700" lastname="main" />
</exclusive-start>
<allocation-taxation id="5416" taxation-threshold="22020096" timestamp="2019-06-15T00:50:18.589" intervalms="26.638" />
<cycle-start id="5417" type="partial gc" contextid="0" timestamp="2019-06-15T00:50:18.589" intervalms="26.637" />
<gc-start id="5418" type="partial gc" contextid="5417" timestamp="2019-06-15T00:50:18.590">
  <mem-info id="5419" free="14680064" total="60817408" percent="24">
    <mem type="eden" free="1048368" total="23068672" percent="4" />
    <remembered-set count="45152" freebytes="2247040" totalbytes="2427648" percent="92" regionsoverflowed="0" regionsstable="15" regionsrebuilding="0"/>
  </mem-info>
</gc-start>
<allocation-stats totalBytes="22014808" >
  <allocated-bytes non-tlh="0" tlh="22014808" arrayletleaf="0"/>
  <largest-consumer threadName="main" threadId="0000000001CEB700" bytes="22014808" />
</allocation-stats>
<gc-op id="5420" type="copy forward" timems="0.995" contextid="5417" timestamp="2019-06-15T00:50:18.592">
  <memory-copied type="eden" objects="44" bytes="1976" bytesdiscarded="0" />
  <memory-copied type="other" objects="0" bytes="0" bytesdiscarded="0" />
  <memory-cardclean objects="64" bytes="2048" />
  <regions eden="21" other="1" />
  <remembered-set-cleared processed="43723" cleared="16" durationms="0.336" />
  <stringconstants candidates="13269" cleared="0"  />
</gc-op>
<gc-op id="5421" type="classunload" timems="0.004" contextid="5417" timestamp="2019-06-15T00:50:18.592">
  <classunload-info classloadercandidates="53" classloadersunloaded="0" classesunloaded="0" anonymousclassesunloaded="0" quiescems="0.000" setupms="0.004" scanms="0.000" postms="0.000" />
</gc-op>
<gc-end id="5422" type="partial gc" contextid="5417" durationms="2.161" usertimems="4.000" systemtimems="0.000" timestamp="2019-06-15T00:50:18.592" activeThreads="1">
  <mem-info id="5423" free="36700160" total="60817408" percent="60">
    <mem type="eden" free="1046600" total="1048576" percent="99" />
    <remembered-set count="45568" freebytes="2245376" totalbytes="2427648" percent="92" regionsoverflowed="0" regionsstable="15" regionsrebuilding="0"/>
  </mem-info>
</gc-end>
<cycle-end id="5424" type="partial gc" contextid="5417" timestamp="2019-06-15T00:50:18.592" />
  <attribute name="elasticGC enabled" value="1" />
  <attribute name= "numThreadsSpecified" value="1" />
  <attribute name="heapSize specified" value="0" />
  <attribute name="Current GC Util" value="76" />
  <attribute name= "Current Time Running" value="24538" />
  <attribute name ="GC Interval" value="0" />
  <attribute name="ProportionalT" value="28.000000" />
  <attribute name="ProportionalI" value="28.000000" />
  <attribute name="ProportionalH" value="28.000000" />
  <attribute name="Current Error" value="56.000000" />
  <attribute name="IntegralT" value="0.000000" />
  <attribute name="IntegralI" value="0.000000" />
  <attribute name="IntegralH" value="0.000000" />
  <attribute name="DerivativeT" value="inf" />
  <attribute name="DerivativeI" value="inf" />
  <attribute name="DerivativeH" value="inf" />
  <attribute name="Loop Time for DT" value="0.000000" />
  <attribute name="Output H" value="8388608"/>
  <attribute name="Output I" value="200"/>
  <attribute name="Output T" value="1"/>
  <attribute name="Target GC Util Change" value ="20.000000" />
  <attribute name="Current GC Util Change" value="76.000000"/>
  <attribute name="GC Util currently" value="76" />
  <attribute name="CPU Util currently" value="18459887281262" />
<exclusive-end id="5425" timestamp="2019-06-15T00:50:18.592" durationms="3.318" />

<exclusive-start id="5426" timestamp="2019-06-15T00:50:18.615" intervalms="26.245">
  <response-info timems="0.074" idlems="0.074" threads="0" lastid="0000000001CEB700" lastname="main" />
</exclusive-start>
<allocation-taxation id="5427" taxation-threshold="22020096" timestamp="2019-06-15T00:50:18.615" intervalms="26.240" />
<cycle-start id="5428" type="partial gc" contextid="0" timestamp="2019-06-15T00:50:18.616" intervalms="26.249" />
<gc-start id="5429" type="partial gc" contextid="5428" timestamp="2019-06-15T00:50:18.616">
  <mem-info id="5430" free="14680064" total="60817408" percent="24">
    <mem type="eden" free="0" total="22020096" percent="0" />
    <remembered-set count="45152" freebytes="2247040" totalbytes="2427648" percent="92" regionsoverflowed="0" regionsstable="15" regionsrebuilding="0"/>
  </mem-info>
</gc-start>
<allocation-stats totalBytes="22015160" >
  <allocated-bytes non-tlh="0" tlh="22015160" arrayletleaf="0"/>
  <largest-consumer threadName="main" threadId="0000000001CEB700" bytes="22015160" />
</allocation-stats>
<gc-op id="5431" type="copy forward" timems="1.050" contextid="5428" timestamp="2019-06-15T00:50:18.618">
  <memory-copied type="eden" objects="18" bytes="792" bytesdiscarded="0" />
  <memory-copied type="other" objects="22" bytes="976" bytesdiscarded="0" />
  <memory-cardclean objects="49" bytes="1808" />
  <regions eden="21" other="1" />
  <remembered-set-cleared processed="43729" cleared="22" durationms="0.342" />
  <stringconstants candidates="13269" cleared="0"  />
</gc-op>
<gc-op id="5432" type="classunload" timems="0.003" contextid="5428" timestamp="2019-06-15T00:50:18.618">
  <classunload-info classloadercandidates="53" classloadersunloaded="0" classesunloaded="0" anonymousclassesunloaded="0" quiescems="0.000" setupms="0.003" scanms="0.000" postms="0.000" />
</gc-op>
<heap-resize id="5433" type="expand" space="default" amount="2097152" count="1" timems="0.063" reason="excessive time being spent in gc" timestamp="2019-06-15T00:50:18.618" />
<gc-end id="5434" type="partial gc" contextid="5428" durationms="2.372" usertimems="4.000" systemtimems="0.000" timestamp="2019-06-15T00:50:18.618" activeThreads="1">
  <mem-info id="5435" free="37748736" total="62914560" percent="60">
    <mem type="eden" free="1047784" total="1048576" percent="99" />
    <remembered-set count="45568" freebytes="2329088" totalbytes="2511360" percent="92" regionsoverflowed="0" regionsstable="15" regionsrebuilding="0"/>
  </mem-info>
</gc-end>
<cycle-end id="5436" type="partial gc" contextid="5428" timestamp="2019-06-15T00:50:18.619" />
  <attribute name="elasticGC enabled" value="1" />
  <attribute name= "numThreadsSpecified" value="1" />
  <attribute name="heapSize specified" value="0" />
  <attribute name="Current GC Util" value="84" />
  <attribute name= "Current Time Running" value="24564" />
  <attribute name ="GC Interval" value="0" />
  <attribute name="ProportionalT" value="32.000000" />
  <attribute name="ProportionalI" value="32.000000" />
  <attribute name="ProportionalH" value="32.000000" />
  <attribute name="Current Error" value="64.000000" />
  <attribute name="IntegralT" value="0.000000" />
  <attribute name="IntegralI" value="0.000000" />
  <attribute name="IntegralH" value="0.000000" />
  <attribute name="DerivativeT" value="inf" />
  <attribute name="DerivativeI" value="inf" />
  <attribute name="DerivativeH" value="inf" />
  <attribute name="Loop Time for DT" value="0.000000" />
  <attribute name="Output H" value="8388608"/>
  <attribute name="Output I" value="200"/>
  <attribute name="Output T" value="1"/>
  <attribute name="Target GC Util Change" value ="20.000000" />
  <attribute name="Current GC Util Change" value="84.000000"/>
  <attribute name="GC Util currently" value="84" />
  <attribute name="CPU Util currently" value="18343433623148" />
<exclusive-end id="5437" timestamp="2019-06-15T00:50:18.619" durationms="3.515" />

<exclusive-start id="5438" timestamp="2019-06-15T00:50:18.642" intervalms="26.525">
  <response-info timems="0.068" idlems="0.068" threads="0" lastid="0000000001CEB700" lastname="main" />
</exclusive-start>
<allocation-taxation id="5439" taxation-threshold="22020096" timestamp="2019-06-15T00:50:18.642" intervalms="26.486" />
<cycle-start id="5440" type="partial gc" contextid="0" timestamp="2019-06-15T00:50:18.642" intervalms="26.369" />
<gc-start id="5441" type="partial gc" contextid="5440" timestamp="2019-06-15T00:50:18.642">
  <mem-info id="5442" free="15728640" total="62914560" percent="25">
    <mem type="eden" free="1047784" total="23068672" percent="4" />
    <remembered-set count="45184" freebytes="2330624" totalbytes="2511360" percent="92" regionsoverflowed="0" regionsstable="15" regionsrebuilding="0"/>
  </mem-info>
</gc-start>
<allocation-stats totalBytes="22015160" >
  <allocated-bytes non-tlh="0" tlh="22015160" arrayletleaf="0"/>
  <largest-consumer threadName="main" threadId="0000000001CEB700" bytes="22015160" />
</allocation-stats>
<gc-op id="5443" type="copy forward" timems="1.530" contextid="5440" timestamp="2019-06-15T00:50:18.644">
  <memory-copied type="eden" objects="14" bytes="584" bytesdiscarded="0" />
  <memory-copied type="other" objects="0" bytes="0" bytesdiscarded="0" />
  <memory-cardclean objects="15" bytes="528" />
  <regions eden="21" other="1" />
  <remembered-set-cleared processed="43737" cleared="10" durationms="0.273" />
  <stringconstants candidates="13269" cleared="0"  />
</gc-op>
<gc-op id="5444" type="classunload" timems="0.003" contextid="5440" timestamp="2019-06-15T00:50:18.645">
  <classunload-info classloadercandidates="53" classloadersunloaded="0" classesunloaded="0" anonymousclassesunloaded="0" quiescems="0.000" setupms="0.003" scanms="0.000" postms="0.000" />
</gc-op>
<gc-end id="5445" type="partial gc" contextid="5440" durationms="2.500" usertimems="0.000" systemtimems="4.000" timestamp="2019-06-15T00:50:18.645" activeThreads="4">
  <mem-info id="5446" free="37748736" total="62914560" percent="60">
    <mem type="eden" free="1047992" total="1048576" percent="99" />
    <remembered-set count="44672" freebytes="2332672" totalbytes="2511360" percent="92" regionsoverflowed="0" regionsstable="15" regionsrebuilding="0"/>
  </mem-info>
</gc-end>
<cycle-end id="5447" type="partial gc" contextid="5440" timestamp="2019-06-15T00:50:18.645" />
  <attribute name="elasticGC enabled" value="1" />
  <attribute name= "numThreadsSpecified" value="4" />
  <attribute name="heapSize specified" value="0" />
  <attribute name="Current GC Util" value="91" />
  <attribute name= "Current Time Running" value="24591" />
  <attribute name ="GC Interval" value="0" />
  <attribute name="ProportionalT" value="35.500000" />
  <attribute name="ProportionalI" value="35.500000" />
  <attribute name="ProportionalH" value="35.500000" />
  <attribute name="Current Error" value="71.000000" />
  <attribute name="IntegralT" value="71.000000" />
  <attribute name="IntegralI" value="71.000000" />
  <attribute name="IntegralH" value="71.000000" />
  <attribute name="DerivativeT" value="35.500000" />
  <attribute name="DerivativeI" value="35.500000" />
  <attribute name="DerivativeH" value="35.500000" />
  <attribute name="Loop Time for DT" value="1.000000" />
  <attribute name="Output H" value="8388608"/>
  <attribute name="Output I" value="200"/>
  <attribute name="Output T" value="4"/>
  <attribute name="Target GC Util Change" value ="20.000000" />
  <attribute name="Current GC Util Change" value="91.000000"/>
  <attribute name="GC Util currently" value="91" />
  <attribute name="CPU Util currently" value="19105026638962" />
<exclusive-end id="5448" timestamp="2019-06-15T00:50:18.645" durationms="3.277" />

<exclusive-start id="5449" timestamp="2019-06-15T00:50:18.822" intervalms="180.571">
  <response-info timems="0.045" idlems="0.045" threads="0" lastid="0000000001CEB700" lastname="main" />
</exclusive-start>
<allocation-taxation id="5450" taxation-threshold="22020096" timestamp="2019-06-15T00:50:18.823" intervalms="180.656" />
<cycle-start id="5451" type="partial gc" contextid="0" timestamp="2019-06-15T00:50:18.823" intervalms="180.841" />
<gc-start id="5452" type="partial gc" contextid="5451" timestamp="2019-06-15T00:50:18.823">
  <mem-info id="5453" free="15728640" total="62914560" percent="25">
    <mem type="eden" free="1047992" total="23068672" percent="4" />
    <remembered-set count="44224" freebytes="2334464" totalbytes="2511360" percent="92" regionsoverflowed="0" regionsstable="15" regionsrebuilding="0"/>
  </mem-info>
</gc-start>
<allocation-stats totalBytes="21904864" >
  <allocated-bytes non-tlh="0" tlh="21904864" arrayletleaf="0"/>
  <largest-consumer threadName="main" threadId="0000000001CEB700" bytes="21904864" />
</allocation-stats>
<gc-op id="5454" type="copy forward" timems="1.190" contextid="5451" timestamp="2019-06-15T00:50:18.825">
  <memory-copied type="eden" objects="97" bytes="17208" bytesdiscarded="0" />
  <memory-copied type="other" objects="0" bytes="0" bytesdiscarded="0" />
  <memory-cardclean objects="87" bytes="2624" />
  <regions eden="21" other="1" />
  <remembered-set-cleared processed="43734" cleared="22" durationms="0.347" />
  <stringconstants candidates="13269" cleared="0"  />
</gc-op>
<gc-op id="5455" type="classunload" timems="0.004" contextid="5451" timestamp="2019-06-15T00:50:18.826">
  <classunload-info classloadercandidates="53" classloadersunloaded="0" classesunloaded="0" anonymousclassesunloaded="0" quiescems="0.000" setupms="0.004" scanms="0.000" postms="0.000" />
</gc-op>
<gc-end id="5456" type="partial gc" contextid="5451" durationms="2.665" usertimems="4.000" systemtimems="0.000" timestamp="2019-06-15T00:50:18.826" activeThreads="1">
  <mem-info id="5457" free="37748736" total="62914560" percent="60">
    <mem type="eden" free="1031368" total="1048576" percent="98" />
    <remembered-set count="44640" freebytes="2332800" totalbytes="2511360" percent="92" regionsoverflowed="0" regionsstable="15" regionsrebuilding="0"/>
  </mem-info>
</gc-end>
<cycle-end id="5458" type="partial gc" contextid="5451" timestamp="2019-06-15T00:50:18.826" />
  <attribute name="elasticGC enabled" value="1" />
  <attribute name= "numThreadsSpecified" value="1" />
  <attribute name="heapSize specified" value="0" />
  <attribute name="Current GC Util" value="59" />
  <attribute name= "Current Time Running" value="24772" />
  <attribute name ="GC Interval" value="0" />
  <attribute name="ProportionalT" value="19.500000" />
  <attribute name="ProportionalI" value="19.500000" />
  <attribute name="ProportionalH" value="19.500000" />
  <attribute name="Current Error" value="39.000000" />
  <attribute name="IntegralT" value="0.000000" />
  <attribute name="IntegralI" value="0.000000" />
  <attribute name="IntegralH" value="0.000000" />
  <attribute name="DerivativeT" value="inf" />
  <attribute name="DerivativeI" value="inf" />
  <attribute name="DerivativeH" value="inf" />
  <attribute name="Loop Time for DT" value="0.000000" />
  <attribute name="Output H" value="8388608"/>
  <attribute name="Output I" value="200"/>
  <attribute name="Output T" value="1"/>
  <attribute name="Target GC Util Change" value ="20.000000" />
  <attribute name="Current GC Util Change" value="59.000000"/>
  <attribute name="GC Util currently" value="59" />
  <attribute name="CPU Util currently" value="12923969711755" />
<exclusive-end id="5459" timestamp="2019-06-15T00:50:18.826" durationms="4.049" />

<exclusive-start id="5460" timestamp="2019-06-15T00:50:18.830" intervalms="7.259">
  <response-info timems="0.090" idlems="0.090" threads="0" lastid="0000000001CEB700" lastname="main" />
</exclusive-start>
<allocation-taxation id="5461" taxation-threshold="22020096" timestamp="2019-06-15T00:50:18.830" intervalms="7.344" />
<cycle-start id="5462" type="partial gc" contextid="0" timestamp="2019-06-15T00:50:18.830" intervalms="7.276" />
<gc-start id="5463" type="partial gc" contextid="5462" timestamp="2019-06-15T00:50:18.831">
  <mem-info id="5464" free="15728640" total="62914560" percent="25">
    <mem type="eden" free="0" total="22020096" percent="0" />
    <remembered-set count="44224" freebytes="2334464" totalbytes="2511360" percent="92" regionsoverflowed="0" regionsstable="15" regionsrebuilding="0"/>
  </mem-info>
</gc-start>
<allocation-stats totalBytes="20605824" >
  <allocated-bytes non-tlh="0" tlh="20605824" arrayletleaf="0"/>
  <largest-consumer threadName="main" threadId="0000000001CEB700" bytes="20605824" />
</allocation-stats>
<gc-op id="5465" type="copy forward" timems="1.365" contextid="5462" timestamp="2019-06-15T00:50:18.833">
  <memory-copied type="eden" objects="11" bytes="13752" bytesdiscarded="0" />
  <memory-copied type="other" objects="86" bytes="3456" bytesdiscarded="0" />
  <memory-cardclean objects="66" bytes="2288" />
  <regions eden="21" other="1" />
  <remembered-set-cleared processed="43742" cleared="30" durationms="0.412" />
  <stringconstants candidates="13269" cleared="0"  />
</gc-op>
<gc-op id="5466" type="classunload" timems="0.004" contextid="5462" timestamp="2019-06-15T00:50:18.833">
  <classunload-info classloadercandidates="53" classloadersunloaded="0" classesunloaded="0" anonymousclassesunloaded="0" quiescems="0.000" setupms="0.004" scanms="0.000" postms="0.000" />
</gc-op>
<heap-resize id="5467" type="contract" space="default" amount="3145728" count="1" timems="0.060" reason="insufficient time being spent in gc" timestamp="2019-06-15T00:50:18.834" />
<gc-end id="5468" type="partial gc" contextid="5462" durationms="3.101" usertimems="0.000" systemtimems="0.000" timestamp="2019-06-15T00:50:18.834" activeThreads="1">
  <mem-info id="5469" free="33554432" total="59768832" percent="56">
    <mem type="eden" free="1034824" total="1048576" percent="98" />
    <remembered-set count="44640" freebytes="2332800" totalbytes="2511360" percent="92" regionsoverflowed="0" regionsstable="15" regionsrebuilding="0"/>
  </mem-info>
</gc-end>
<cycle-end id="5470" type="partial gc" contextid="5462" timestamp="2019-06-15T00:50:18.834" />
  <attribute name="elasticGC enabled" value="1" />
  <attribute name= "numThreadsSpecified" value="1" />
  <attribute name="heapSize specified" value="0" />
  <attribute name="Current GC Util" value="68" />
  <attribute name= "Current Time Running" value="24779" />
  <attribute name ="GC Interval" value="0" />
  <attribute name="ProportionalT" value="24.000000" />
  <attribute name="ProportionalI" value="24.000000" />
  <attribute name="ProportionalH" value="24.000000" />
  <attribute name="Current Error" value="48.000000" />
  <attribute name="IntegralT" value="0.000000" />
  <attribute name="IntegralI" value="0.000000" />
  <attribute name="IntegralH" value="0.000000" />
  <attribute name="DerivativeT" value="inf" />
  <attribute name="DerivativeI" value="inf" />
  <attribute name="DerivativeH" value="inf" />
  <attribute name="Loop Time for DT" value="0.000000" />
  <attribute name="Output H" value="8388608"/>
  <attribute name="Output I" value="200"/>
  <attribute name="Output T" value="1"/>
  <attribute name="Target GC Util Change" value ="20.000000" />
  <attribute name="Current GC Util Change" value="68.000000"/>
  <attribute name="GC Util currently" value="68" />
  <attribute name="CPU Util currently" value="13520278751235" />
<exclusive-end id="5471" timestamp="2019-06-15T00:50:18.834" durationms="4.591" />

<exclusive-start id="5472" timestamp="2019-06-15T00:50:18.837" intervalms="7.774">
  <response-info timems="0.106" idlems="0.106" threads="0" lastid="0000000001CEB700" lastname="main" />
</exclusive-start>
<allocation-taxation id="5473" taxation-threshold="22020096" timestamp="2019-06-15T00:50:18.838" intervalms="7.766" />
<cycle-start id="5474" type="partial gc" contextid="0" timestamp="2019-06-15T00:50:18.838" intervalms="7.768" />
<gc-start id="5475" type="partial gc" contextid="5474" timestamp="2019-06-15T00:50:18.838">
  <mem-info id="5476" free="11534336" total="59768832" percent="19">
    <mem type="eden" free="1034824" total="23068672" percent="4" />
    <remembered-set count="44256" freebytes="2334336" totalbytes="2511360" percent="92" regionsoverflowed="0" regionsstable="15" regionsrebuilding="0"/>
  </mem-info>
</gc-start>
<allocation-stats totalBytes="20605824" >
  <allocated-bytes non-tlh="0" tlh="20605824" arrayletleaf="0"/>
  <largest-consumer threadName="main" threadId="0000000001CEB700" bytes="20605824" />
</allocation-stats>
<gc-op id="5477" type="copy forward" timems="1.304" contextid="5474" timestamp="2019-06-15T00:50:18.841">
  <memory-copied type="eden" objects="11" bytes="13752" bytesdiscarded="0" />
  <memory-copied type="other" objects="0" bytes="0" bytesdiscarded="0" />
  <memory-cardclean objects="15" bytes="616" />
  <regions eden="21" other="1" />
  <remembered-set-cleared processed="43747" cleared="9" durationms="0.381" />
  <stringconstants candidates="13269" cleared="0"  />
</gc-op>
<gc-op id="5478" type="classunload" timems="0.004" contextid="5474" timestamp="2019-06-15T00:50:18.841">
  <classunload-info classloadercandidates="53" classloadersunloaded="0" classesunloaded="0" anonymousclassesunloaded="0" quiescems="0.000" setupms="0.003" scanms="0.000" postms="0.000" />
</gc-op>
<gc-end id="5479" type="partial gc" contextid="5474" durationms="2.925" usertimems="4.000" systemtimems="0.000" timestamp="2019-06-15T00:50:18.841" activeThreads="1">
  <mem-info id="5480" free="33554432" total="59768832" percent="56">
    <mem type="eden" free="1034824" total="1048576" percent="98" />
    <remembered-set count="44736" freebytes="2206848" totalbytes="2385792" percent="92" regionsoverflowed="0" regionsstable="15" regionsrebuilding="0"/>
  </mem-info>
</gc-end>
<cycle-end id="5481" type="partial gc" contextid="5474" timestamp="2019-06-15T00:50:18.842" />
  <attribute name="elasticGC enabled" value="1" />
  <attribute name= "numThreadsSpecified" value="1" />
  <attribute name="heapSize specified" value="0" />
  <attribute name="Current GC Util" value="47" />
  <attribute name= "Current Time Running" value="24787" />
  <attribute name ="GC Interval" value="0" />
  <attribute name="ProportionalT" value="13.500000" />
  <attribute name="ProportionalI" value="13.500000" />
  <attribute name="ProportionalH" value="13.500000" />
  <attribute name="Current Error" value="27.000000" />
  <attribute name="IntegralT" value="0.000000" />
  <attribute name="IntegralI" value="0.000000" />
  <attribute name="IntegralH" value="0.000000" />
  <attribute name="DerivativeT" value="inf" />
  <attribute name="DerivativeI" value="inf" />
  <attribute name="DerivativeH" value="inf" />
  <attribute name="Loop Time for DT" value="0.000000" />
  <attribute name="Output H" value="8388608"/>
  <attribute name="Output I" value="200"/>
  <attribute name="Output T" value="1"/>
  <attribute name="Target GC Util Change" value ="20.000000" />
  <attribute name="Current GC Util Change" value="47.000000"/>
  <attribute name="GC Util currently" value="47" />
  <attribute name="CPU Util currently" value="8504001431501" />
<exclusive-end id="5482" timestamp="2019-06-15T00:50:18.842" durationms="4.439" />

<exclusive-start id="5483" timestamp="2019-06-15T00:50:18.844" intervalms="6.103">
  <response-info timems="0.078" idlems="0.078" threads="0" lastid="0000000001CEB700" lastname="main" />
</exclusive-start>
<allocation-taxation id="5484" taxation-threshold="10485760" timestamp="2019-06-15T00:50:18.844" intervalms="6.087" />
<cycle-start id="5485" type="global mark phase" contextid="0" timestamp="2019-06-15T00:50:18.844" intervalms="455.272" />
<gc-start id="5486" type="global mark phase" contextid="5485" timestamp="2019-06-15T00:50:18.844">
  <mem-info id="5487" free="23068672" total="59768832" percent="38">
    <remembered-set count="44256" freebytes="2208768" totalbytes="2385792" percent="92" regionsoverflowed="0" regionsstable="15" regionsrebuilding="0"/>
  </mem-info>
</gc-start>
<gc-op id="5488" type="mark increment" timems="0.420" contextid="5485" timestamp="2019-06-15T00:50:18.845">
  <trace-info objectcount="186" scancount="0" scanbytes="0" />
</gc-op>
<gc-end id="5489" type="global mark phase" contextid="5485" durationms="0.628" usertimems="0.000" systemtimems="4.000" timestamp="2019-06-15T00:50:18.845" activeThreads="1">
  <mem-info id="5490" free="23068672" total="59768832" percent="38">
    <remembered-set count="44256" freebytes="2208768" totalbytes="2385792" percent="92" regionsoverflowed="0" regionsstable="0" regionsrebuilding="15"/>
  </mem-info>
</gc-end>
<concurrent-start id="5491" type="GMP work packet processing" contextid="5485" timestamp="2019-06-15T00:50:18.845">
  <concurrent-mark-start scanTarget="1048576" />
</concurrent-start>
<exclusive-end id="5492" timestamp="2019-06-15T00:50:18.845" durationms="1.788" />

<concurrent-end id="5493" type="GMP work packet processing" contextid="5485" timestamp="2019-06-15T00:50:18.847">
  <concurrent-mark-end bytesScanned="1159308" reasonForTermination="Work target met" />
</concurrent-end>

<exclusive-start id="5494" timestamp="2019-06-15T00:50:18.848" intervalms="4.650">
  <response-info timems="0.080" idlems="0.080" threads="0" lastid="0000000001CEB700" lastname="main" />
</exclusive-start>
<allocation-taxation id="5495" taxation-threshold="10485760" timestamp="2019-06-15T00:50:18.848" intervalms="4.619" />
<cycle-start id="5496" type="partial gc" contextid="0" timestamp="2019-06-15T00:50:18.849" intervalms="10.706" />
<gc-start id="5497" type="partial gc" contextid="5496" timestamp="2019-06-15T00:50:18.849">
  <mem-info id="5498" free="12582912" total="59768832" percent="21">
    <mem type="eden" free="1034824" total="22020096" percent="4" />
    <remembered-set count="53344" freebytes="2172416" totalbytes="2385792" percent="91" regionsoverflowed="0" regionsstable="0" regionsrebuilding="15"/>
  </mem-info>
</gc-start>
<allocation-stats totalBytes="19625488" >
  <allocated-bytes non-tlh="0" tlh="19625488" arrayletleaf="0"/>
  <largest-consumer threadName="main" threadId="0000000001CEB700" bytes="9814120" />
</allocation-stats>
<gc-op id="5499" type="copy forward" timems="2.065" contextid="5496" timestamp="2019-06-15T00:50:18.852">
  <memory-copied type="eden" objects="10" bytes="18216" bytesdiscarded="920" />
  <memory-copied type="other" objects="0" bytes="0" bytesdiscarded="0" />
  <memory-cardclean objects="15" bytes="616" />
  <regions eden="20" other="1" />
  <remembered-set-cleared processed="51446" cleared="13" durationms="0.316" />
  <stringconstants candidates="13269" cleared="0"  />
</gc-op>
<gc-op id="5500" type="classunload" timems="0.004" contextid="5496" timestamp="2019-06-15T00:50:18.852">
  <classunload-info classloadercandidates="53" classloadersunloaded="0" classesunloaded="0" anonymousclassesunloaded="0" quiescems="0.000" setupms="0.004" scanms="0.000" postms="0.000" />
</gc-op>
<heap-resize id="5501" type="expand" space="default" amount="6291456" count="1" timems="0.063" reason="excessive time being spent in gc" timestamp="2019-06-15T00:50:18.852" />
<gc-end id="5502" type="partial gc" contextid="5496" durationms="3.436" usertimems="8.000" systemtimems="0.000" timestamp="2019-06-15T00:50:18.852" activeThreads="4">
  <mem-info id="5503" free="39845888" total="66060288" percent="60">
    <mem type="eden" free="1029440" total="1048576" percent="98" />
    <remembered-set count="53600" freebytes="2422528" totalbytes="2636928" percent="91" regionsoverflowed="0" regionsstable="0" regionsrebuilding="15"/>
  </mem-info>
</gc-end>
<cycle-end id="5504" type="partial gc" contextid="5496" timestamp="2019-06-15T00:50:18.853" />
  <attribute name="elasticGC enabled" value="1" />
  <attribute name= "numThreadsSpecified" value="4" />
  <attribute name="heapSize specified" value="0" />
  <attribute name="Current GC Util" value="72" />
  <attribute name= "Current Time Running" value="24798" />
  <attribute name ="GC Interval" value="0" />
  <attribute name="ProportionalT" value="26.000000" />
  <attribute name="ProportionalI" value="26.000000" />
  <attribute name="ProportionalH" value="26.000000" />
  <attribute name="Current Error" value="52.000000" />
  <attribute name="IntegralT" value="52.000000" />
  <attribute name="IntegralI" value="52.000000" />
  <attribute name="IntegralH" value="52.000000" />
  <attribute name="DerivativeT" value="-3.500000" />
  <attribute name="DerivativeI" value="-3.500000" />
  <attribute name="DerivativeH" value="-3.500000" />
  <attribute name="Loop Time for DT" value="1.000000" />
  <attribute name="Output H" value="8388608"/>
  <attribute name="Output I" value="200"/>
  <attribute name="Output T" value="4"/>
  <attribute name="Target GC Util Change" value ="20.000000" />
  <attribute name="Current GC Util Change" value="72.000000"/>
  <attribute name="GC Util currently" value="72" />
  <attribute name="CPU Util currently" value="15224457054873" />
<exclusive-end id="5505" timestamp="2019-06-15T00:50:18.853" durationms="4.784" />

<exclusive-start id="5506" timestamp="2019-06-15T00:50:18.898" intervalms="49.349">
  <response-info timems="0.087" idlems="0.087" threads="0" lastid="0000000001CEB700" lastname="main" />
</exclusive-start>
<allocation-taxation id="5507" taxation-threshold="11534336" timestamp="2019-06-15T00:50:18.898" intervalms="49.292" />
<gc-start id="5508" type="global mark phase" contextid="5485" timestamp="2019-06-15T00:50:18.898">
  <mem-info id="5509" free="28311552" total="66060288" percent="42">
    <remembered-set count="53120" freebytes="2424448" totalbytes="2636928" percent="91" regionsoverflowed="0" regionsstable="0" regionsrebuilding="15"/>
  </mem-info>
</gc-start>
<gc-end id="5510" type="global mark phase" contextid="5485" durationms="0.197" usertimems="0.000" systemtimems="0.000" timestamp="2019-06-15T00:50:18.898" activeThreads="4">
  <mem-info id="5511" free="28311552" total="66060288" percent="42">
    <remembered-set count="53120" freebytes="2424448" totalbytes="2636928" percent="91" regionsoverflowed="0" regionsstable="0" regionsrebuilding="15"/>
  </mem-info>
</gc-end>
<concurrent-start id="5512" type="GMP work packet processing" contextid="5485" timestamp="2019-06-15T00:50:18.898">
  <concurrent-mark-start scanTarget="1546889" />
</concurrent-start>
<exclusive-end id="5513" timestamp="2019-06-15T00:50:18.899" durationms="1.025" />

<concurrent-end id="5514" type="GMP work packet processing" contextid="5485" timestamp="2019-06-15T00:50:18.900">
  <concurrent-mark-end bytesScanned="1599212" reasonForTermination="Work target met" />
</concurrent-end>

<exclusive-start id="5515" timestamp="2019-06-15T00:50:18.986" intervalms="87.978">
  <response-info timems="0.079" idlems="0.079" threads="0" lastid="0000000001CEB700" lastname="main" />
</exclusive-start>
<allocation-taxation id="5516" taxation-threshold="11534336" timestamp="2019-06-15T00:50:18.986" intervalms="87.977" />
<cycle-start id="5517" type="partial gc" contextid="0" timestamp="2019-06-15T00:50:18.986" intervalms="137.278" />
<gc-start id="5518" type="partial gc" contextid="5517" timestamp="2019-06-15T00:50:18.986">
  <mem-info id="5519" free="16777216" total="66060288" percent="25">
    <mem type="eden" free="1029440" total="24117248" percent="4" />
    <remembered-set count="60160" freebytes="2396288" totalbytes="2636928" percent="90" regionsoverflowed="0" regionsstable="0" regionsrebuilding="15"/>
  </mem-info>
</gc-start>
<allocation-stats totalBytes="23066064" >
  <allocated-bytes non-tlh="0" tlh="23066064" arrayletleaf="0"/>
  <largest-consumer threadName="main" threadId="0000000001CEB700" bytes="11533144" />
</allocation-stats>
<gc-op id="5520" type="copy forward" timems="1.742" contextid="5517" timestamp="2019-06-15T00:50:18.989">
  <memory-copied type="eden" objects="49" bytes="41208" bytesdiscarded="0" />
  <memory-copied type="other" objects="0" bytes="0" bytesdiscarded="0" />
  <memory-cardclean objects="126" bytes="3752" />
  <regions eden="22" other="1" />
  <remembered-set-cleared processed="57745" cleared="54" durationms="0.571" />
  <stringconstants candidates="13269" cleared="0"  />
</gc-op>
<gc-op id="5521" type="classunload" timems="0.004" contextid="5517" timestamp="2019-06-15T00:50:18.989">
  <classunload-info classloadercandidates="53" classloadersunloaded="0" classesunloaded="0" anonymousclassesunloaded="0" quiescems="0.000" setupms="0.004" scanms="0.000" postms="0.000" />
</gc-op>
<gc-end id="5522" type="partial gc" contextid="5517" durationms="3.026" usertimems="4.000" systemtimems="0.000" timestamp="2019-06-15T00:50:18.989" activeThreads="1">
  <mem-info id="5523" free="39845888" total="66060288" percent="60">
    <mem type="eden" free="1007368" total="1048576" percent="96" />
    <remembered-set count="60576" freebytes="2394624" totalbytes="2636928" percent="90" regionsoverflowed="0" regionsstable="0" regionsrebuilding="15"/>
  </mem-info>
</gc-end>
<cycle-end id="5524" type="partial gc" contextid="5517" timestamp="2019-06-15T00:50:18.990" />
  <attribute name="elasticGC enabled" value="1" />
  <attribute name= "numThreadsSpecified" value="1" />
  <attribute name="heapSize specified" value="0" />
  <attribute name="Current GC Util" value="54" />
  <attribute name= "Current Time Running" value="24935" />
  <attribute name ="GC Interval" value="0" />
  <attribute name="ProportionalT" value="17.000000" />
  <attribute name="ProportionalI" value="17.000000" />
  <attribute name="ProportionalH" value="17.000000" />
  <attribute name="Current Error" value="34.000000" />
  <attribute name="IntegralT" value="0.000000" />
  <attribute name="IntegralI" value="0.000000" />
  <attribute name="IntegralH" value="0.000000" />
  <attribute name="DerivativeT" value="inf" />
  <attribute name="DerivativeI" value="inf" />
  <attribute name="DerivativeH" value="inf" />
  <attribute name="Loop Time for DT" value="0.000000" />
  <attribute name="Output H" value="8388608"/>
  <attribute name="Output I" value="200"/>
  <attribute name="Output T" value="1"/>
  <attribute name="Target GC Util Change" value ="20.000000" />
  <attribute name="Current GC Util Change" value="54.000000"/>
  <attribute name="GC Util currently" value="54" />
  <attribute name="CPU Util currently" value="17557959908095" />
<exclusive-end id="5525" timestamp="2019-06-15T00:50:18.990" durationms="4.428" />

<exclusive-start id="5526" timestamp="2019-06-15T00:50:18.997" intervalms="11.780">
  <response-info timems="0.083" idlems="0.083" threads="0" lastid="0000000001CEB700" lastname="main" />
</exclusive-start>
<allocation-taxation id="5527" taxation-threshold="11534336" timestamp="2019-06-15T00:50:18.998" intervalms="11.804" />
<gc-start id="5528" type="global mark phase" contextid="5485" timestamp="2019-06-15T00:50:18.998">
  <mem-info id="5529" free="28311552" total="66060288" percent="42">
    <remembered-set count="60128" freebytes="2396416" totalbytes="2636928" percent="90" regionsoverflowed="0" regionsstable="0" regionsrebuilding="15"/>
  </mem-info>
</gc-start>
<gc-end id="5530" type="global mark phase" contextid="5485" durationms="0.241" usertimems="0.000" systemtimems="0.000" timestamp="2019-06-15T00:50:18.998" activeThreads="1">
  <mem-info id="5531" free="28311552" total="66060288" percent="42">
    <remembered-set count="60128" freebytes="2396416" totalbytes="2636928" percent="90" regionsoverflowed="0" regionsstable="0" regionsrebuilding="15"/>
  </mem-info>
</gc-end>
<concurrent-start id="5532" type="GMP work packet processing" contextid="5485" timestamp="2019-06-15T00:50:18.998">
  <concurrent-mark-start scanTarget="1048576" />
</concurrent-start>
<exclusive-end id="5533" timestamp="2019-06-15T00:50:18.998" durationms="1.202" />

<concurrent-end id="5534" type="GMP work packet processing" contextid="5485" timestamp="2019-06-15T00:50:18.999">
  <concurrent-mark-end bytesScanned="1103280" reasonForTermination="Work target met" />
</concurrent-end>

<exclusive-start id="5535" timestamp="2019-06-15T00:50:19.007" intervalms="9.371">
  <response-info timems="0.079" idlems="0.079" threads="0" lastid="0000000001CEB700" lastname="main" />
</exclusive-start>
<allocation-taxation id="5536" taxation-threshold="11534336" timestamp="2019-06-15T00:50:19.007" intervalms="9.381" />
<cycle-start id="5537" type="partial gc" contextid="0" timestamp="2019-06-15T00:50:19.007" intervalms="21.169" />
<gc-start id="5538" type="partial gc" contextid="5537" timestamp="2019-06-15T00:50:19.007">
  <mem-info id="5539" free="16777216" total="66060288" percent="25">
    <mem type="eden" free="0" total="23068672" percent="0" />
    <remembered-set count="62912" freebytes="2385280" totalbytes="2636928" percent="90" regionsoverflowed="0" regionsstable="0" regionsrebuilding="15"/>
  </mem-info>
</gc-start>
<allocation-stats totalBytes="23065744" >
  <allocated-bytes non-tlh="0" tlh="23065744" arrayletleaf="0"/>
  <largest-consumer threadName="main" threadId="0000000001CEB700" bytes="11533016" />
</allocation-stats>
<gc-op id="5540" type="copy forward" timems="1.603" contextid="5537" timestamp="2019-06-15T00:50:19.010">
  <memory-copied type="eden" objects="2" bytes="56" bytesdiscarded="0" />
  <memory-copied type="other" objects="48" bytes="41176" bytesdiscarded="0" />
  <memory-cardclean objects="98" bytes="3216" />
  <regions eden="22" other="1" />
  <remembered-set-cleared processed="60303" cleared="75" durationms="0.483" />
  <stringconstants candidates="13269" cleared="0"  />
</gc-op>
<gc-op id="5541" type="classunload" timems="0.003" contextid="5537" timestamp="2019-06-15T00:50:19.010">
  <classunload-info classloadercandidates="53" classloadersunloaded="0" classesunloaded="0" anonymousclassesunloaded="0" quiescems="0.000" setupms="0.003" scanms="0.000" postms="0.000" />
</gc-op>
<gc-end id="5542" type="partial gc" contextid="5537" durationms="2.732" usertimems="0.000" systemtimems="0.000" timestamp="2019-06-15T00:50:19.010" activeThreads="1">
  <mem-info id="5543" free="38797312" total="66060288" percent="58">
    <mem type="eden" free="1048520" total="1048576" percent="99" />
    <remembered-set count="63264" freebytes="2383872" totalbytes="2636928" percent="90" regionsoverflowed="0" regionsstable="0" regionsrebuilding="15"/>
  </mem-info>
</gc-end>
<cycle-end id="5544" type="partial gc" contextid="5537" timestamp="2019-06-15T00:50:19.010" />
  <attribute name="elasticGC enabled" value="1" />
  <attribute name= "numThreadsSpecified" value="1" />
  <attribute name="heapSize specified" value="0" />
  <attribute name="Current GC Util" value="55" />
  <attribute name= "Current Time Running" value="24956" />
  <attribute name ="GC Interval" value="0" />
  <attribute name="ProportionalT" value="17.500000" />
  <attribute name="ProportionalI" value="17.500000" />
  <attribute name="ProportionalH" value="17.500000" />
  <attribute name="Current Error" value="35.000000" />
  <attribute name="IntegralT" value="0.000000" />
  <attribute name="IntegralI" value="0.000000" />
  <attribute name="IntegralH" value="0.000000" />
  <attribute name="DerivativeT" value="inf" />
  <attribute name="DerivativeI" value="inf" />
  <attribute name="DerivativeH" value="inf" />
  <attribute name="Loop Time for DT" value="0.000000" />
  <attribute name="Output H" value="8388608"/>
  <attribute name="Output I" value="200"/>
  <attribute name="Output T" value="1"/>
  <attribute name="Target GC Util Change" value ="20.000000" />
  <attribute name="Current GC Util Change" value="55.000000"/>
  <attribute name="GC Util currently" value="55" />
  <attribute name="CPU Util currently" value="18993607793768" />
<exclusive-end id="5545" timestamp="2019-06-15T00:50:19.011" durationms="3.990" />

<exclusive-start id="5546" timestamp="2019-06-15T00:50:19.018" intervalms="11.531">
  <response-info timems="0.081" idlems="0.081" threads="0" lastid="0000000001CEB700" lastname="main" />
</exclusive-start>
<allocation-taxation id="5547" taxation-threshold="11534336" timestamp="2019-06-15T00:50:19.018" intervalms="11.474" />
<gc-start id="5548" type="global mark phase" contextid="5485" timestamp="2019-06-15T00:50:19.019">
  <mem-info id="5549" free="27262976" total="66060288" percent="41">
    <remembered-set count="62912" freebytes="2385280" totalbytes="2636928" percent="90" regionsoverflowed="0" regionsstable="0" regionsrebuilding="15"/>
  </mem-info>
</gc-start>
<gc-end id="5550" type="global mark phase" contextid="5485" durationms="0.179" usertimems="0.000" systemtimems="0.000" timestamp="2019-06-15T00:50:19.019" activeThreads="1">
  <mem-info id="5551" free="27262976" total="66060288" percent="41">
    <remembered-set count="62912" freebytes="2385280" totalbytes="2636928" percent="90" regionsoverflowed="0" regionsstable="0" regionsrebuilding="15"/>
  </mem-info>
</gc-end>
<concurrent-start id="5552" type="GMP work packet processing" contextid="5485" timestamp="2019-06-15T00:50:19.019">
  <concurrent-mark-start scanTarget="1048576" />
</concurrent-start>
<exclusive-end id="5553" timestamp="2019-06-15T00:50:19.020" durationms="1.513" />

<concurrent-end id="5554" type="GMP work packet processing" contextid="5485" timestamp="2019-06-15T00:50:19.020">
  <concurrent-mark-end bytesScanned="1110348" reasonForTermination="Work target met" />
</concurrent-end>

<exclusive-start id="5555" timestamp="2019-06-15T00:50:19.027" intervalms="9.067">
  <response-info timems="0.083" idlems="0.083" threads="0" lastid="0000000001CEB700" lastname="main" />
</exclusive-start>
<allocation-taxation id="5556" taxation-threshold="11534336" timestamp="2019-06-15T00:50:19.027" intervalms="9.031" />
<cycle-start id="5557" type="partial gc" contextid="0" timestamp="2019-06-15T00:50:19.028" intervalms="20.449" />
<gc-start id="5558" type="partial gc" contextid="5557" timestamp="2019-06-15T00:50:19.028">
  <mem-info id="5559" free="15728640" total="66060288" percent="23">
    <mem type="eden" free="1048520" total="24117248" percent="4" />
    <remembered-set count="66848" freebytes="2369536" totalbytes="2636928" percent="89" regionsoverflowed="0" regionsstable="0" regionsrebuilding="15"/>
  </mem-info>
</gc-start>
<allocation-stats totalBytes="23065744" >
  <allocated-bytes non-tlh="0" tlh="23065744" arrayletleaf="0"/>
  <largest-consumer threadName="main" threadId="0000000001CEB700" bytes="11533040" />
</allocation-stats>
<gc-op id="5560" type="copy forward" timems="1.450" contextid="5557" timestamp="2019-06-15T00:50:19.030">
  <memory-copied type="eden" objects="1" bytes="24" bytesdiscarded="0" />
  <memory-copied type="other" objects="0" bytes="0" bytesdiscarded="0" />
  <memory-cardclean objects="22" bytes="824" />
  <regions eden="22" other="1" />
  <remembered-set-cleared processed="64675" cleared="15" durationms="0.509" />
  <stringconstants candidates="13269" cleared="0"  />
</gc-op>
<gc-op id="5561" type="classunload" timems="0.003" contextid="5557" timestamp="2019-06-15T00:50:19.030">
  <classunload-info classloadercandidates="53" classloadersunloaded="0" classesunloaded="0" anonymousclassesunloaded="0" quiescems="0.000" setupms="0.003" scanms="0.000" postms="0.000" />
</gc-op>
<heap-resize id="5562" type="expand" space="default" amount="2097152" count="1" timems="0.050" reason="excessive time being spent in gc" timestamp="2019-06-15T00:50:19.031" />
<gc-end id="5563" type="partial gc" contextid="5557" durationms="2.952" usertimems="0.000" systemtimems="0.000" timestamp="2019-06-15T00:50:19.031" activeThreads="1">
  <mem-info id="5564" free="40894464" total="68157440" percent="60">
    <mem type="eden" free="1048552" total="1048576" percent="99" />
    <remembered-set count="67328" freebytes="2451328" totalbytes="2720640" percent="90" regionsoverflowed="0" regionsstable="0" regionsrebuilding="15"/>
  </mem-info>
</gc-end>
<cycle-end id="5565" type="partial gc" contextid="5557" timestamp="2019-06-15T00:50:19.031" />
  <attribute name="elasticGC enabled" value="1" />
  <attribute name= "numThreadsSpecified" value="1" />
  <attribute name="heapSize specified" value="0" />
  <attribute name="Current GC Util" value="86" />
  <attribute name= "Current Time Running" value="24976" />
  <attribute name ="GC Interval" value="0" />
  <attribute name="ProportionalT" value="33.000000" />
  <attribute name="ProportionalI" value="33.000000" />
  <attribute name="ProportionalH" value="33.000000" />
  <attribute name="Current Error" value="66.000000" />
  <attribute name="IntegralT" value="0.000000" />
  <attribute name="IntegralI" value="0.000000" />
  <attribute name="IntegralH" value="0.000000" />
  <attribute name="DerivativeT" value="inf" />
  <attribute name="DerivativeI" value="inf" />
  <attribute name="DerivativeH" value="inf" />
  <attribute name="Loop Time for DT" value="0.000000" />
  <attribute name="Output H" value="8388608"/>
  <attribute name="Output I" value="200"/>
  <attribute name="Output T" value="1"/>
  <attribute name="Target GC Util Change" value ="20.000000" />
  <attribute name="Current GC Util Change" value="86.000000"/>
  <attribute name="GC Util currently" value="86" />
  <attribute name="CPU Util currently" value="17088799476136" />
<exclusive-end id="5566" timestamp="2019-06-15T00:50:19.031" durationms="4.006" />

<exclusive-start id="5567" timestamp="2019-06-15T00:50:19.042" intervalms="15.245">
  <response-info timems="0.082" idlems="0.082" threads="0" lastid="0000000001CEB700" lastname="main" />
</exclusive-start>
<allocation-taxation id="5568" taxation-threshold="11534336" timestamp="2019-06-15T00:50:19.043" intervalms="15.288" />
<gc-start id="5569" type="global mark phase" contextid="5485" timestamp="2019-06-15T00:50:19.043">
  <mem-info id="5570" free="29360128" total="68157440" percent="43">
    <remembered-set count="66848" freebytes="2453248" totalbytes="2720640" percent="90" regionsoverflowed="0" regionsstable="0" regionsrebuilding="15"/>
  </mem-info>
</gc-start>
<gc-end id="5571" type="global mark phase" contextid="5485" durationms="0.220" usertimems="0.000" systemtimems="0.000" timestamp="2019-06-15T00:50:19.043" activeThreads="1">
  <mem-info id="5572" free="29360128" total="68157440" percent="43">
    <remembered-set count="66848" freebytes="2453248" totalbytes="2720640" percent="90" regionsoverflowed="0" regionsstable="0" regionsrebuilding="15"/>
  </mem-info>
</gc-end>
<concurrent-start id="5573" type="GMP work packet processing" contextid="5485" timestamp="2019-06-15T00:50:19.043">
  <concurrent-mark-start scanTarget="1048576" />
</concurrent-start>
<exclusive-end id="5574" timestamp="2019-06-15T00:50:19.044" durationms="1.619" />

<concurrent-end id="5575" type="GMP work packet processing" contextid="5485" timestamp="2019-06-15T00:50:19.044">
  <concurrent-mark-end bytesScanned="1088116" reasonForTermination="Work target met" />
</concurrent-end>

<exclusive-start id="5576" timestamp="2019-06-15T00:50:19.055" intervalms="12.934">
  <response-info timems="0.078" idlems="0.078" threads="0" lastid="0000000001CEB700" lastname="main" />
</exclusive-start>
<allocation-taxation id="5577" taxation-threshold="11534336" timestamp="2019-06-15T00:50:19.056" intervalms="12.852" />
<cycle-start id="5578" type="partial gc" contextid="0" timestamp="2019-06-15T00:50:19.056" intervalms="28.081" />
<gc-start id="5579" type="partial gc" contextid="5578" timestamp="2019-06-15T00:50:19.056">
  <mem-info id="5580" free="17825792" total="68157440" percent="26">
    <mem type="eden" free="1048552" total="24117248" percent="4" />
    <remembered-set count="72000" freebytes="2432640" totalbytes="2720640" percent="89" regionsoverflowed="0" regionsstable="0" regionsrebuilding="15"/>
  </mem-info>
</gc-start>
<allocation-stats totalBytes="23064264" >
  <allocated-bytes non-tlh="0" tlh="23064264" arrayletleaf="0"/>
  <largest-consumer threadName="main" threadId="0000000001CEB700" bytes="11532112" />
</allocation-stats>
<gc-op id="5581" type="copy forward" timems="1.507" contextid="5578" timestamp="2019-06-15T00:50:19.058">
  <memory-copied type="eden" objects="45" bytes="1464" bytesdiscarded="0" />
  <memory-copied type="other" objects="0" bytes="0" bytesdiscarded="0" />
  <memory-cardclean objects="76" bytes="2368" />
  <regions eden="22" other="1" />
  <remembered-set-cleared processed="69877" cleared="27" durationms="0.539" />
  <stringconstants candidates="13269" cleared="0"  />
</gc-op>
<gc-op id="5582" type="classunload" timems="0.003" contextid="5578" timestamp="2019-06-15T00:50:19.058">
  <classunload-info classloadercandidates="53" classloadersunloaded="0" classesunloaded="0" anonymousclassesunloaded="0" quiescems="0.000" setupms="0.003" scanms="0.000" postms="0.000" />
</gc-op>
<gc-end id="5583" type="partial gc" contextid="5578" durationms="2.623" usertimems="0.000" systemtimems="0.000" timestamp="2019-06-15T00:50:19.058" activeThreads="1">
  <mem-info id="5584" free="40894464" total="68157440" percent="60">
    <mem type="eden" free="1047112" total="1048576" percent="99" />
    <remembered-set count="72448" freebytes="2430848" totalbytes="2720640" percent="89" regionsoverflowed="0" regionsstable="0" regionsrebuilding="15"/>
  </mem-info>
</gc-end>
<cycle-end id="5585" type="partial gc" contextid="5578" timestamp="2019-06-15T00:50:19.059" />
  <attribute name="elasticGC enabled" value="1" />
  <attribute name= "numThreadsSpecified" value="1" />
  <attribute name="heapSize specified" value="0" />
  <attribute name="Current GC Util" value="82" />
  <attribute name= "Current Time Running" value="25004" />
  <attribute name ="GC Interval" value="0" />
  <attribute name="ProportionalT" value="31.000000" />
  <attribute name="ProportionalI" value="31.000000" />
  <attribute name="ProportionalH" value="31.000000" />
  <attribute name="Current Error" value="62.000000" />
  <attribute name="IntegralT" value="0.000000" />
  <attribute name="IntegralI" value="0.000000" />
  <attribute name="IntegralH" value="0.000000" />
  <attribute name="DerivativeT" value="inf" />
  <attribute name="DerivativeI" value="inf" />
  <attribute name="DerivativeH" value="inf" />
  <attribute name="Loop Time for DT" value="0.000000" />
  <attribute name="Output H" value="8388608"/>
  <attribute name="Output I" value="200"/>
  <attribute name="Output T" value="1"/>
  <attribute name="Target GC Util Change" value ="20.000000" />
  <attribute name="Current GC Util Change" value="82.000000"/>
  <attribute name="GC Util currently" value="82" />
  <attribute name="CPU Util currently" value="17084621161293" />
<exclusive-end id="5586" timestamp="2019-06-15T00:50:19.059" durationms="3.486" />

<exclusive-start id="5587" timestamp="2019-06-15T00:50:19.070" intervalms="14.262">
  <response-info timems="0.075" idlems="0.075" threads="0" lastid="0000000001CEB700" lastname="main" />
</exclusive-start>
<allocation-taxation id="5588" taxation-threshold="11534336" timestamp="2019-06-15T00:50:19.070" intervalms="14.247" />
<gc-start id="5589" type="global mark phase" contextid="5485" timestamp="2019-06-15T00:50:19.070">
  <mem-info id="5590" free="29360128" total="68157440" percent="43">
    <remembered-set count="72000" freebytes="2432640" totalbytes="2720640" percent="89" regionsoverflowed="0" regionsstable="0" regionsrebuilding="15"/>
  </mem-info>
</gc-start>
<gc-end id="5591" type="global mark phase" contextid="5485" durationms="0.127" usertimems="0.000" systemtimems="0.000" timestamp="2019-06-15T00:50:19.070" activeThreads="1">
  <mem-info id="5592" free="29360128" total="68157440" percent="43">
    <remembered-set count="72000" freebytes="2432640" totalbytes="2720640" percent="89" regionsoverflowed="0" regionsstable="0" regionsrebuilding="15"/>
  </mem-info>
</gc-end>
<concurrent-start id="5593" type="GMP work packet processing" contextid="5485" timestamp="2019-06-15T00:50:19.070">
  <concurrent-mark-start scanTarget="1048576" />
</concurrent-start>
<concurrent-end id="5594" type="GMP work packet processing" contextid="5485" timestamp="2019-06-15T00:50:19.071">
  <concurrent-mark-end bytesScanned="1108064" reasonForTermination="Work target met" />
</concurrent-end>

<exclusive-end id="5595" timestamp="2019-06-15T00:50:19.071" durationms="1.221" />

<exclusive-start id="5596" timestamp="2019-06-15T00:50:19.080" intervalms="9.943">
  <response-info timems="0.072" idlems="0.072" threads="0" lastid="0000000001CEB700" lastname="main" />
</exclusive-start>
<allocation-taxation id="5597" taxation-threshold="11534336" timestamp="2019-06-15T00:50:19.080" intervalms="9.940" />
<cycle-start id="5598" type="partial gc" contextid="0" timestamp="2019-06-15T00:50:19.080" intervalms="24.184" />
<gc-start id="5599" type="partial gc" contextid="5598" timestamp="2019-06-15T00:50:19.080">
  <mem-info id="5600" free="17825792" total="68157440" percent="26">
    <mem type="eden" free="0" total="23068672" percent="0" />
    <remembered-set count="76192" freebytes="2415872" totalbytes="2720640" percent="88" regionsoverflowed="0" regionsstable="0" regionsrebuilding="15"/>
  </mem-info>
</gc-start>
<allocation-stats totalBytes="23061936" >
  <allocated-bytes non-tlh="0" tlh="23061936" arrayletleaf="0"/>
  <largest-consumer threadName="main" threadId="0000000001CEB700" bytes="11529936" />
</allocation-stats>
<gc-op id="5601" type="copy forward" timems="1.576" contextid="5598" timestamp="2019-06-15T00:50:19.082">
  <memory-copied type="eden" objects="29" bytes="1096" bytesdiscarded="0" />
  <memory-copied type="other" objects="7" bytes="168" bytesdiscarded="0" />
  <memory-cardclean objects="92" bytes="2864" />
  <regions eden="22" other="1" />
  <remembered-set-cleared processed="74205" cleared="49" durationms="0.567" />
  <stringconstants candidates="13269" cleared="0"  />
</gc-op>
<gc-op id="5602" type="classunload" timems="0.004" contextid="5598" timestamp="2019-06-15T00:50:19.082">
  <classunload-info classloadercandidates="53" classloadersunloaded="0" classesunloaded="0" anonymousclassesunloaded="0" quiescems="0.000" setupms="0.004" scanms="0.000" postms="0.000" />
</gc-op>
<heap-resize id="5603" type="expand" space="default" amount="3145728" count="1" timems="0.055" reason="excessive time being spent in gc" timestamp="2019-06-15T00:50:19.083" />
<gc-end id="5604" type="partial gc" contextid="5598" durationms="2.743" usertimems="4.000" systemtimems="0.000" timestamp="2019-06-15T00:50:19.083" activeThreads="1">
  <mem-info id="5605" free="42991616" total="71303168" percent="60">
    <mem type="eden" free="1047480" total="1048576" percent="99" />
    <remembered-set count="76640" freebytes="2539648" totalbytes="2846208" percent="89" regionsoverflowed="0" regionsstable="0" regionsrebuilding="15"/>
  </mem-info>
</gc-end>
<cycle-end id="5606" type="partial gc" contextid="5598" timestamp="2019-06-15T00:50:19.083" />
  <attribute name="elasticGC enabled" value="1" />
  <attribute name= "numThreadsSpecified" value="1" />
  <attribute name="heapSize specified" value="0" />
  <attribute name="Current GC Util" value="47" />
  <attribute name= "Current Time Running" value="25028" />
  <attribute name ="GC Interval" value="0" />
  <attribute name="ProportionalT" value="13.500000" />
  <attribute name="ProportionalI" value="13.500000" />
  <attribute name="ProportionalH" value="13.500000" />
  <attribute name="Current Error" value="27.000000" />
  <attribute name="IntegralT" value="0.000000" />
  <attribute name="IntegralI" value="0.000000" />
  <attribute name="IntegralH" value="0.000000" />
  <attribute name="DerivativeT" value="inf" />
  <attribute name="DerivativeI" value="inf" />
  <attribute name="DerivativeH" value="inf" />
  <attribute name="Loop Time for DT" value="0.000000" />
  <attribute name="Output H" value="8388608"/>
  <attribute name="Output I" value="200"/>
  <attribute name="Output T" value="1"/>
  <attribute name="Target GC Util Change" value ="20.000000" />
  <attribute name="Current GC Util Change" value="47.000000"/>
  <attribute name="GC Util currently" value="47" />
  <attribute name="CPU Util currently" value="17297238551643" />
<exclusive-end id="5607" timestamp="2019-06-15T00:50:19.083" durationms="3.605" />

<exclusive-start id="5608" timestamp="2019-06-15T00:50:19.093" intervalms="12.868">
  <response-info timems="0.074" idlems="0.074" threads="0" lastid="0000000001CEB700" lastname="main" />
</exclusive-start>
<allocation-taxation id="5609" taxation-threshold="11534336" timestamp="2019-06-15T00:50:19.093" intervalms="12.913" />
<gc-start id="5610" type="global mark phase" contextid="5485" timestamp="2019-06-15T00:50:19.093">
  <mem-info id="5611" free="31457280" total="71303168" percent="44">
    <remembered-set count="76224" freebytes="2541312" totalbytes="2846208" percent="89" regionsoverflowed="0" regionsstable="0" regionsrebuilding="15"/>
  </mem-info>
</gc-start>
<gc-end id="5612" type="global mark phase" contextid="5485" durationms="0.134" usertimems="0.000" systemtimems="0.000" timestamp="2019-06-15T00:50:19.093" activeThreads="1">
  <mem-info id="5613" free="31457280" total="71303168" percent="44">
    <remembered-set count="76224" freebytes="2541312" totalbytes="2846208" percent="89" regionsoverflowed="0" regionsstable="0" regionsrebuilding="15"/>
  </mem-info>
</gc-end>
<concurrent-start id="5614" type="GMP work packet processing" contextid="5485" timestamp="2019-06-15T00:50:19.093">
  <concurrent-mark-start scanTarget="1048576" />
</concurrent-start>
<exclusive-end id="5615" timestamp="2019-06-15T00:50:19.093" durationms="0.686" />

<concurrent-end id="5616" type="GMP work packet processing" contextid="5485" timestamp="2019-06-15T00:50:19.095">
  <concurrent-mark-end bytesScanned="1055348" reasonForTermination="Work target met" />
</concurrent-end>

<exclusive-start id="5617" timestamp="2019-06-15T00:50:19.102" intervalms="9.859">
  <response-info timems="0.076" idlems="0.076" threads="0" lastid="0000000001CEB700" lastname="main" />
</exclusive-start>
<allocation-taxation id="5618" taxation-threshold="11534336" timestamp="2019-06-15T00:50:19.102" intervalms="9.811" />
<cycle-start id="5619" type="partial gc" contextid="0" timestamp="2019-06-15T00:50:19.103" intervalms="22.821" />
<gc-start id="5620" type="partial gc" contextid="5619" timestamp="2019-06-15T00:50:19.103">
  <mem-info id="5621" free="19922944" total="71303168" percent="27">
    <mem type="eden" free="0" total="23068672" percent="0" />
    <remembered-set count="80160" freebytes="2525568" totalbytes="2846208" percent="88" regionsoverflowed="0" regionsstable="0" regionsrebuilding="15"/>
  </mem-info>
</gc-start>
<allocation-stats totalBytes="23059776" >
  <allocated-bytes non-tlh="0" tlh="23059776" arrayletleaf="0"/>
  <largest-consumer threadName="main" threadId="0000000001CEB700" bytes="11529744" />
</allocation-stats>
<gc-op id="5622" type="copy forward" timems="1.533" contextid="5619" timestamp="2019-06-15T00:50:19.105">
  <memory-copied type="eden" objects="13" bytes="600" bytesdiscarded="0" />
  <memory-copied type="other" objects="18" bytes="592" bytesdiscarded="0" />
  <memory-cardclean objects="61" bytes="2000" />
  <regions eden="22" other="1" />
  <remembered-set-cleared processed="78103" cleared="37" durationms="0.591" />
  <stringconstants candidates="13269" cleared="0"  />
</gc-op>
<gc-op id="5623" type="classunload" timems="0.003" contextid="5619" timestamp="2019-06-15T00:50:19.105">
  <classunload-info classloadercandidates="53" classloadersunloaded="0" classesunloaded="0" anonymousclassesunloaded="0" quiescems="0.000" setupms="0.003" scanms="0.000" postms="0.000" />
</gc-op>
<heap-resize id="5624" type="expand" space="default" amount="2097152" count="1" timems="0.061" reason="excessive time being spent in gc" timestamp="2019-06-15T00:50:19.106" />
<gc-end id="5625" type="partial gc" contextid="5619" durationms="2.889" usertimems="0.000" systemtimems="0.000" timestamp="2019-06-15T00:50:19.106" activeThreads="1">
  <mem-info id="5626" free="44040192" total="73400320" percent="60">
    <mem type="eden" free="1047976" total="1048576" percent="99" />
    <remembered-set count="80640" freebytes="2607360" totalbytes="2929920" percent="88" regionsoverflowed="0" regionsstable="0" regionsrebuilding="15"/>
  </mem-info>
</gc-end>
<cycle-end id="5627" type="partial gc" contextid="5619" timestamp="2019-06-15T00:50:19.106" />
  <attribute name="elasticGC enabled" value="1" />
  <attribute name= "numThreadsSpecified" value="1" />
  <attribute name="heapSize specified" value="0" />
  <attribute name="Current GC Util" value="83" />
  <attribute name= "Current Time Running" value="25051" />
  <attribute name ="GC Interval" value="0" />
  <attribute name="ProportionalT" value="31.500000" />
  <attribute name="ProportionalI" value="31.500000" />
  <attribute name="ProportionalH" value="31.500000" />
  <attribute name="Current Error" value="63.000000" />
  <attribute name="IntegralT" value="0.000000" />
  <attribute name="IntegralI" value="0.000000" />
  <attribute name="IntegralH" value="0.000000" />
  <attribute name="DerivativeT" value="inf" />
  <attribute name="DerivativeI" value="inf" />
  <attribute name="DerivativeH" value="inf" />
  <attribute name="Loop Time for DT" value="0.000000" />
  <attribute name="Output H" value="8388608"/>
  <attribute name="Output I" value="200"/>
  <attribute name="Output T" value="1"/>
  <attribute name="Target GC Util Change" value ="20.000000" />
  <attribute name="Current GC Util Change" value="83.000000"/>
  <attribute name="GC Util currently" value="83" />
  <attribute name="CPU Util currently" value="15561567057768" />
<exclusive-end id="5628" timestamp="2019-06-15T00:50:19.106" durationms="3.880" />

<exclusive-start id="5629" timestamp="2019-06-15T00:50:19.117" intervalms="14.947">
  <response-info timems="0.073" idlems="0.073" threads="0" lastid="0000000001CEB700" lastname="main" />
</exclusive-start>
<allocation-taxation id="5630" taxation-threshold="12582912" timestamp="2019-06-15T00:50:19.117" intervalms="15.016" />
<gc-start id="5631" type="global mark phase" contextid="5485" timestamp="2019-06-15T00:50:19.118">
  <mem-info id="5632" free="31457280" total="73400320" percent="42">
    <remembered-set count="80192" freebytes="2609152" totalbytes="2929920" percent="89" regionsoverflowed="0" regionsstable="0" regionsrebuilding="15"/>
  </mem-info>
</gc-start>
<gc-end id="5633" type="global mark phase" contextid="5485" durationms="0.126" usertimems="0.000" systemtimems="0.000" timestamp="2019-06-15T00:50:19.118" activeThreads="1">
  <mem-info id="5634" free="31457280" total="73400320" percent="42">
    <remembered-set count="80192" freebytes="2609152" totalbytes="2929920" percent="89" regionsoverflowed="0" regionsstable="0" regionsrebuilding="15"/>
  </mem-info>
</gc-end>
<concurrent-start id="5635" type="GMP work packet processing" contextid="5485" timestamp="2019-06-15T00:50:19.118">
  <concurrent-mark-start scanTarget="1048576" />
</concurrent-start>
<exclusive-end id="5636" timestamp="2019-06-15T00:50:19.118" durationms="0.823" />

<concurrent-end id="5637" type="GMP work packet processing" contextid="5485" timestamp="2019-06-15T00:50:19.119">
  <concurrent-mark-end bytesScanned="1084492" reasonForTermination="Work target met" />
</concurrent-end>

<exclusive-start id="5638" timestamp="2019-06-15T00:50:19.134" intervalms="16.818">
  <response-info timems="0.073" idlems="0.073" threads="0" lastid="0000000001CEB700" lastname="main" />
</exclusive-start>
<allocation-taxation id="5639" taxation-threshold="12582912" timestamp="2019-06-15T00:50:19.134" intervalms="16.755" />
<cycle-start id="5640" type="partial gc" contextid="0" timestamp="2019-06-15T00:50:19.134" intervalms="31.674" />
<gc-start id="5641" type="partial gc" contextid="5640" timestamp="2019-06-15T00:50:19.135">
  <mem-info id="5642" free="18874368" total="73400320" percent="25">
    <mem type="eden" free="1047976" total="26214400" percent="3" />
    <remembered-set count="83232" freebytes="2596992" totalbytes="2929920" percent="88" regionsoverflowed="0" regionsstable="0" regionsrebuilding="15"/>
  </mem-info>
</gc-start>
<allocation-stats totalBytes="25159992" >
  <allocated-bytes non-tlh="0" tlh="25159992" arrayletleaf="0"/>
  <largest-consumer threadName="main" threadId="0000000001CEB700" bytes="12581472" />
</allocation-stats>
<gc-op id="5643" type="copy forward" timems="1.592" contextid="5640" timestamp="2019-06-15T00:50:19.137">
  <memory-copied type="eden" objects="25" bytes="800" bytesdiscarded="0" />
  <memory-copied type="other" objects="0" bytes="0" bytesdiscarded="0" />
  <memory-cardclean objects="85" bytes="2640" />
  <regions eden="24" other="1" />
  <remembered-set-cleared processed="80976" cleared="37" durationms="0.622" />
  <stringconstants candidates="13269" cleared="0"  />
</gc-op>
<gc-op id="5644" type="classunload" timems="0.003" contextid="5640" timestamp="2019-06-15T00:50:19.137">
  <classunload-info classloadercandidates="53" classloadersunloaded="0" classesunloaded="0" anonymousclassesunloaded="0" quiescems="0.000" setupms="0.003" scanms="0.000" postms="0.000" />
</gc-op>
<gc-end id="5645" type="partial gc" contextid="5640" durationms="2.726" usertimems="0.000" systemtimems="0.000" timestamp="2019-06-15T00:50:19.137" activeThreads="1">
  <mem-info id="5646" free="44040192" total="73400320" percent="60">
    <mem type="eden" free="1047776" total="1048576" percent="99" />
    <remembered-set count="83680" freebytes="2595200" totalbytes="2929920" percent="88" regionsoverflowed="0" regionsstable="0" regionsrebuilding="15"/>
  </mem-info>
</gc-end>
<cycle-end id="5647" type="partial gc" contextid="5640" timestamp="2019-06-15T00:50:19.137" />
  <attribute name="elasticGC enabled" value="1" />
  <attribute name= "numThreadsSpecified" value="1" />
  <attribute name="heapSize specified" value="0" />
  <attribute name="Current GC Util" value="67" />
  <attribute name= "Current Time Running" value="25083" />
  <attribute name ="GC Interval" value="0" />
  <attribute name="ProportionalT" value="23.500000" />
  <attribute name="ProportionalI" value="23.500000" />
  <attribute name="ProportionalH" value="23.500000" />
  <attribute name="Current Error" value="47.000000" />
  <attribute name="IntegralT" value="0.000000" />
  <attribute name="IntegralI" value="0.000000" />
  <attribute name="IntegralH" value="0.000000" />
  <attribute name="DerivativeT" value="inf" />
  <attribute name="DerivativeI" value="inf" />
  <attribute name="DerivativeH" value="inf" />
  <attribute name="Loop Time for DT" value="0.000000" />
  <attribute name="Output H" value="8388608"/>
  <attribute name="Output I" value="200"/>
  <attribute name="Output T" value="1"/>
  <attribute name="Target GC Util Change" value ="20.000000" />
  <attribute name="Current GC Util Change" value="67.000000"/>
  <attribute name="GC Util currently" value="67" />
  <attribute name="CPU Util currently" value="20857258969777" />
<exclusive-end id="5648" timestamp="2019-06-15T00:50:19.138" durationms="3.507" />

<exclusive-start id="5649" timestamp="2019-06-15T00:50:19.153" intervalms="18.853">
  <response-info timems="0.074" idlems="0.074" threads="0" lastid="0000000001CEB700" lastname="main" />
</exclusive-start>
<allocation-taxation id="5650" taxation-threshold="12582912" timestamp="2019-06-15T00:50:19.153" intervalms="18.906" />
<gc-start id="5651" type="global mark phase" contextid="5485" timestamp="2019-06-15T00:50:19.153">
  <mem-info id="5652" free="31457280" total="73400320" percent="42">
    <remembered-set count="83232" freebytes="2596992" totalbytes="2929920" percent="88" regionsoverflowed="0" regionsstable="0" regionsrebuilding="15"/>
  </mem-info>
</gc-start>
<gc-end id="5653" type="global mark phase" contextid="5485" durationms="0.224" usertimems="0.000" systemtimems="0.000" timestamp="2019-06-15T00:50:19.154" activeThreads="1">
  <mem-info id="5654" free="31457280" total="73400320" percent="42">
    <remembered-set count="83232" freebytes="2596992" totalbytes="2929920" percent="88" regionsoverflowed="0" regionsstable="0" regionsrebuilding="15"/>
  </mem-info>
</gc-end>
<concurrent-start id="5655" type="GMP work packet processing" contextid="5485" timestamp="2019-06-15T00:50:19.154">
  <concurrent-mark-start scanTarget="1048576" />
</concurrent-start>
<concurrent-end id="5656" type="GMP work packet processing" contextid="5485" timestamp="2019-06-15T00:50:19.154">
  <concurrent-mark-end bytesScanned="1083856" reasonForTermination="Work target met" />
</concurrent-end>

<exclusive-end id="5657" timestamp="2019-06-15T00:50:19.154" durationms="1.466" />

<exclusive-start id="5658" timestamp="2019-06-15T00:50:19.171" intervalms="17.571">
  <response-info timems="0.077" idlems="0.077" threads="0" lastid="0000000001CEB700" lastname="main" />
</exclusive-start>
<allocation-taxation id="5659" taxation-threshold="12582912" timestamp="2019-06-15T00:50:19.171" intervalms="17.518" />
<cycle-start id="5660" type="partial gc" contextid="0" timestamp="2019-06-15T00:50:19.171" intervalms="36.430" />
<gc-start id="5661" type="partial gc" contextid="5660" timestamp="2019-06-15T00:50:19.171">
  <mem-info id="5662" free="18874368" total="73400320" percent="25">
    <mem type="eden" free="0" total="25165824" percent="0" />
    <remembered-set count="85216" freebytes="2589056" totalbytes="2929920" percent="88" regionsoverflowed="0" regionsstable="0" regionsrebuilding="15"/>
  </mem-info>
</gc-start>
<allocation-stats totalBytes="25163304" >
  <allocated-bytes non-tlh="0" tlh="25163304" arrayletleaf="0"/>
  <largest-consumer threadName="main" threadId="0000000001CEB700" bytes="12580928" />
</allocation-stats>
<gc-op id="5663" type="copy forward" timems="1.727" contextid="5660" timestamp="2019-06-15T00:50:19.174">
  <memory-copied type="eden" objects="27" bytes="848" bytesdiscarded="0" />
  <memory-copied type="other" objects="7" bytes="168" bytesdiscarded="672" />
  <memory-cardclean objects="78" bytes="2480" />
  <regions eden="24" other="1" />
  <remembered-set-cleared processed="83440" cleared="48" durationms="0.354" />
  <stringconstants candidates="13269" cleared="0"  />
</gc-op>
<gc-op id="5664" type="classunload" timems="0.003" contextid="5660" timestamp="2019-06-15T00:50:19.174">
  <classunload-info classloadercandidates="53" classloadersunloaded="0" classesunloaded="0" anonymousclassesunloaded="0" quiescems="0.000" setupms="0.003" scanms="0.000" postms="0.000" />
</gc-op>
<gc-end id="5665" type="partial gc" contextid="5660" durationms="2.886" usertimems="0.000" systemtimems="4.000" timestamp="2019-06-15T00:50:19.174" activeThreads="4">
  <mem-info id="5666" free="42991616" total="73400320" percent="58">
    <mem type="eden" free="1047728" total="1048576" percent="99" />
    <remembered-set count="85952" freebytes="2586112" totalbytes="2929920" percent="88" regionsoverflowed="0" regionsstable="0" regionsrebuilding="15"/>
  </mem-info>
</gc-end>
<cycle-end id="5667" type="partial gc" contextid="5660" timestamp="2019-06-15T00:50:19.174" />
  <attribute name="elasticGC enabled" value="1" />
  <attribute name= "numThreadsSpecified" value="4" />
  <attribute name="heapSize specified" value="0" />
  <attribute name="Current GC Util" value="83" />
  <attribute name= "Current Time Running" value="25120" />
  <attribute name ="GC Interval" value="0" />
  <attribute name="ProportionalT" value="31.500000" />
  <attribute name="ProportionalI" value="31.500000" />
  <attribute name="ProportionalH" value="31.500000" />
  <attribute name="Current Error" value="63.000000" />
  <attribute name="IntegralT" value="63.000000" />
  <attribute name="IntegralI" value="63.000000" />
  <attribute name="IntegralH" value="63.000000" />
  <attribute name="DerivativeT" value="31.500000" />
  <attribute name="DerivativeI" value="31.500000" />
  <attribute name="DerivativeH" value="31.500000" />
  <attribute name="Loop Time for DT" value="1.000000" />
  <attribute name="Output H" value="8388608"/>
  <attribute name="Output I" value="200"/>
  <attribute name="Output T" value="4"/>
  <attribute name="Target GC Util Change" value ="20.000000" />
  <attribute name="Current GC Util Change" value="83.000000"/>
  <attribute name="GC Util currently" value="83" />
  <attribute name="CPU Util currently" value="19853482168231" />
<exclusive-end id="5668" timestamp="2019-06-15T00:50:19.174" durationms="3.733" />

<exclusive-start id="5669" timestamp="2019-06-15T00:50:19.190" intervalms="19.694">
  <response-info timems="0.072" idlems="0.072" threads="0" lastid="0000000001CEB700" lastname="main" />
</exclusive-start>
<allocation-taxation id="5670" taxation-threshold="12582912" timestamp="2019-06-15T00:50:19.190" intervalms="19.695" />
<gc-start id="5671" type="global mark phase" contextid="5485" timestamp="2019-06-15T00:50:19.190">
  <mem-info id="5672" free="30408704" total="73400320" percent="41">
    <remembered-set count="85536" freebytes="2587776" totalbytes="2929920" percent="88" regionsoverflowed="0" regionsstable="0" regionsrebuilding="15"/>
  </mem-info>
</gc-start>
<gc-end id="5673" type="global mark phase" contextid="5485" durationms="0.144" usertimems="0.000" systemtimems="0.000" timestamp="2019-06-15T00:50:19.191" activeThreads="4">
  <mem-info id="5674" free="30408704" total="73400320" percent="41">
    <remembered-set count="85536" freebytes="2587776" totalbytes="2929920" percent="88" regionsoverflowed="0" regionsstable="0" regionsrebuilding="15"/>
  </mem-info>
</gc-end>
<concurrent-start id="5675" type="GMP work packet processing" contextid="5485" timestamp="2019-06-15T00:50:19.191">
  <concurrent-mark-start scanTarget="1546889" />
</concurrent-start>
<exclusive-end id="5676" timestamp="2019-06-15T00:50:19.192" durationms="1.509" />

<concurrent-end id="5677" type="GMP work packet processing" contextid="5485" timestamp="2019-06-15T00:50:19.192">
  <concurrent-mark-end bytesScanned="1588740" reasonForTermination="Work target met" />
</concurrent-end>

<exclusive-start id="5678" timestamp="2019-06-15T00:50:19.207" intervalms="16.820">
  <response-info timems="0.074" idlems="0.074" threads="0" lastid="0000000001CEB700" lastname="main" />
</exclusive-start>
<allocation-taxation id="5679" taxation-threshold="12582912" timestamp="2019-06-15T00:50:19.207" intervalms="16.925" />
<cycle-start id="5680" type="partial gc" contextid="0" timestamp="2019-06-15T00:50:19.207" intervalms="36.711" />
<gc-start id="5681" type="partial gc" contextid="5680" timestamp="2019-06-15T00:50:19.208">
  <mem-info id="5682" free="17825792" total="73400320" percent="24">
    <mem type="eden" free="0" total="25165824" percent="0" />
    <remembered-set count="95680" freebytes="2547200" totalbytes="2929920" percent="86" regionsoverflowed="0" regionsstable="0" regionsrebuilding="15"/>
  </mem-info>
</gc-start>
<allocation-stats totalBytes="25162792" >
  <allocated-bytes non-tlh="0" tlh="25162792" arrayletleaf="0"/>
  <largest-consumer threadName="main" threadId="0000000001CEB700" bytes="12580776" />
</allocation-stats>
<gc-op id="5683" type="copy forward" timems="1.608" contextid="5680" timestamp="2019-06-15T00:50:19.210">
  <memory-copied type="eden" objects="29" bytes="896" bytesdiscarded="0" />
  <memory-copied type="other" objects="6" bytes="144" bytesdiscarded="0" />
  <memory-cardclean objects="74" bytes="2208" />
  <regions eden="24" other="1" />
  <remembered-set-cleared processed="92840" cleared="44" durationms="0.658" />
  <stringconstants candidates="13269" cleared="0"  />
</gc-op>
<gc-op id="5684" type="classunload" timems="0.003" contextid="5680" timestamp="2019-06-15T00:50:19.210">
  <classunload-info classloadercandidates="53" classloadersunloaded="0" classesunloaded="0" anonymousclassesunloaded="0" quiescems="0.000" setupms="0.003" scanms="0.000" postms="0.000" />
</gc-op>
<gc-end id="5685" type="partial gc" contextid="5680" durationms="2.765" usertimems="0.000" systemtimems="0.000" timestamp="2019-06-15T00:50:19.211" activeThreads="1">
  <mem-info id="5686" free="41943040" total="73400320" percent="57">
    <mem type="eden" free="1047680" total="1048576" percent="99" />
    <remembered-set count="96064" freebytes="2545664" totalbytes="2929920" percent="86" regionsoverflowed="0" regionsstable="0" regionsrebuilding="15"/>
  </mem-info>
</gc-end>
<cycle-end id="5687" type="partial gc" contextid="5680" timestamp="2019-06-15T00:50:19.211" />
  <attribute name="elasticGC enabled" value="1" />
  <attribute name= "numThreadsSpecified" value="1" />
  <attribute name="heapSize specified" value="0" />
  <attribute name="Current GC Util" value="74" />
  <attribute name= "Current Time Running" value="25156" />
  <attribute name ="GC Interval" value="0" />
  <attribute name="ProportionalT" value="27.000000" />
  <attribute name="ProportionalI" value="27.000000" />
  <attribute name="ProportionalH" value="27.000000" />
  <attribute name="Current Error" value="54.000000" />
  <attribute name="IntegralT" value="0.000000" />
  <attribute name="IntegralI" value="0.000000" />
  <attribute name="IntegralH" value="0.000000" />
  <attribute name="DerivativeT" value="inf" />
  <attribute name="DerivativeI" value="inf" />
  <attribute name="DerivativeH" value="inf" />
  <attribute name="Loop Time for DT" value="0.000000" />
  <attribute name="Output H" value="8388608"/>
  <attribute name="Output I" value="200"/>
  <attribute name="Output T" value="1"/>
  <attribute name="Target GC Util Change" value ="20.000000" />
  <attribute name="Current GC Util Change" value="74.000000"/>
  <attribute name="GC Util currently" value="74" />
  <attribute name="CPU Util currently" value="18289817203440" />
<exclusive-end id="5688" timestamp="2019-06-15T00:50:19.211" durationms="3.932" />

<exclusive-start id="5689" timestamp="2019-06-15T00:50:19.226" intervalms="18.708">
  <response-info timems="0.074" idlems="0.074" threads="0" lastid="0000000001CEB700" lastname="main" />
</exclusive-start>
<allocation-taxation id="5690" taxation-threshold="12582912" timestamp="2019-06-15T00:50:19.226" intervalms="18.709" />
<gc-start id="5691" type="global mark phase" contextid="5485" timestamp="2019-06-15T00:50:19.226">
  <mem-info id="5692" free="29360128" total="73400320" percent="40">
    <remembered-set count="95680" freebytes="2547200" totalbytes="2929920" percent="86" regionsoverflowed="0" regionsstable="0" regionsrebuilding="15"/>
  </mem-info>
</gc-start>
<gc-end id="5693" type="global mark phase" contextid="5485" durationms="0.187" usertimems="0.000" systemtimems="0.000" timestamp="2019-06-15T00:50:19.226" activeThreads="1">
  <mem-info id="5694" free="29360128" total="73400320" percent="40">
    <remembered-set count="95680" freebytes="2547200" totalbytes="2929920" percent="86" regionsoverflowed="0" regionsstable="0" regionsrebuilding="15"/>
  </mem-info>
</gc-end>
<concurrent-start id="5695" type="GMP work packet processing" contextid="5485" timestamp="2019-06-15T00:50:19.227">
  <concurrent-mark-start scanTarget="1048576" />
</concurrent-start>
<exclusive-end id="5696" timestamp="2019-06-15T00:50:19.227" durationms="1.500" />

<concurrent-end id="5697" type="GMP work packet processing" contextid="5485" timestamp="2019-06-15T00:50:19.227">
  <concurrent-mark-end bytesScanned="1082000" reasonForTermination="Work target met" />
</concurrent-end>

<exclusive-start id="5698" timestamp="2019-06-15T00:50:19.242" intervalms="16.216">
  <response-info timems="0.075" idlems="0.075" threads="0" lastid="0000000001CEB700" lastname="main" />
</exclusive-start>
<allocation-taxation id="5699" taxation-threshold="12582912" timestamp="2019-06-15T00:50:19.242" intervalms="16.218" />
<cycle-start id="5700" type="partial gc" contextid="0" timestamp="2019-06-15T00:50:19.242" intervalms="34.951" />
<gc-start id="5701" type="partial gc" contextid="5700" timestamp="2019-06-15T00:50:19.243">
  <mem-info id="5702" free="16777216" total="73400320" percent="22">
    <mem type="eden" free="0" total="25165824" percent="0" />
    <remembered-set count="102048" freebytes="2521728" totalbytes="2929920" percent="86" regionsoverflowed="0" regionsstable="0" regionsrebuilding="15"/>
  </mem-info>
</gc-start>
<allocation-stats totalBytes="25162600" >
  <allocated-bytes non-tlh="0" tlh="25162600" arrayletleaf="0"/>
  <largest-consumer threadName="main" threadId="0000000001CEB700" bytes="12581408" />
</allocation-stats>
<gc-op id="5703" type="copy forward" timems="1.663" contextid="5700" timestamp="2019-06-15T00:50:19.245">
  <memory-copied type="eden" objects="7" bytes="160" bytesdiscarded="0" />
  <memory-copied type="other" objects="23" bytes="752" bytesdiscarded="0" />
  <memory-cardclean objects="47" bytes="1664" />
  <regions eden="24" other="1" />
  <remembered-set-cleared processed="99762" cleared="43" durationms="0.726" />
  <stringconstants candidates="13269" cleared="0"  />
</gc-op>
<gc-op id="5704" type="classunload" timems="0.004" contextid="5700" timestamp="2019-06-15T00:50:19.245">
  <classunload-info classloadercandidates="53" classloadersunloaded="0" classesunloaded="0" anonymousclassesunloaded="0" quiescems="0.000" setupms="0.004" scanms="0.000" postms="0.000" />
</gc-op>
<gc-end id="5705" type="partial gc" contextid="5700" durationms="2.830" usertimems="4.000" systemtimems="0.000" timestamp="2019-06-15T00:50:19.246" activeThreads="1">
  <mem-info id="5706" free="40894464" total="73400320" percent="55">
    <mem type="eden" free="1048416" total="1048576" percent="99" />
    <remembered-set count="102464" freebytes="2520064" totalbytes="2929920" percent="86" regionsoverflowed="0" regionsstable="0" regionsrebuilding="15"/>
  </mem-info>
</gc-end>
<cycle-end id="5707" type="partial gc" contextid="5700" timestamp="2019-06-15T00:50:19.246" />
  <attribute name="elasticGC enabled" value="1" />
  <attribute name= "numThreadsSpecified" value="1" />
  <attribute name="heapSize specified" value="0" />
  <attribute name="Current GC Util" value="55" />
  <attribute name= "Current Time Running" value="25191" />
  <attribute name ="GC Interval" value="0" />
  <attribute name="ProportionalT" value="17.500000" />
  <attribute name="ProportionalI" value="17.500000" />
  <attribute name="ProportionalH" value="17.500000" />
  <attribute name="Current Error" value="35.000000" />
  <attribute name="IntegralT" value="0.000000" />
  <attribute name="IntegralI" value="0.000000" />
  <attribute name="IntegralH" value="0.000000" />
  <attribute name="DerivativeT" value="inf" />
  <attribute name="DerivativeI" value="inf" />
  <attribute name="DerivativeH" value="inf" />
  <attribute name="Loop Time for DT" value="0.000000" />
  <attribute name="Output H" value="8388608"/>
  <attribute name="Output I" value="200"/>
  <attribute name="Output T" value="1"/>
  <attribute name="Target GC Util Change" value ="20.000000" />
  <attribute name="Current GC Util Change" value="55.000000"/>
  <attribute name="GC Util currently" value="55" />
  <attribute name="CPU Util currently" value="20982237402310" />
<exclusive-end id="5708" timestamp="2019-06-15T00:50:19.246" durationms="4.026" />

<exclusive-start id="5709" timestamp="2019-06-15T00:50:19.261" intervalms="18.763">
  <response-info timems="0.076" idlems="0.076" threads="0" lastid="0000000001CEB700" lastname="main" />
</exclusive-start>
<allocation-taxation id="5710" taxation-threshold="12582912" timestamp="2019-06-15T00:50:19.261" intervalms="18.766" />
<gc-start id="5711" type="global mark phase" contextid="5485" timestamp="2019-06-15T00:50:19.261">
  <mem-info id="5712" free="28311552" total="73400320" percent="38">
    <remembered-set count="102048" freebytes="2521728" totalbytes="2929920" percent="86" regionsoverflowed="0" regionsstable="0" regionsrebuilding="15"/>
  </mem-info>
</gc-start>
<gc-end id="5713" type="global mark phase" contextid="5485" durationms="0.194" usertimems="0.000" systemtimems="0.000" timestamp="2019-06-15T00:50:19.261" activeThreads="1">
  <mem-info id="5714" free="28311552" total="73400320" percent="38">
    <remembered-set count="102048" freebytes="2521728" totalbytes="2929920" percent="86" regionsoverflowed="0" regionsstable="0" regionsrebuilding="15"/>
  </mem-info>
</gc-end>
<concurrent-start id="5715" type="GMP work packet processing" contextid="5485" timestamp="2019-06-15T00:50:19.262">
  <concurrent-mark-start scanTarget="1048576" />
</concurrent-start>
<exclusive-end id="5716" timestamp="2019-06-15T00:50:19.262" durationms="1.253" />

<concurrent-end id="5717" type="GMP work packet processing" contextid="5485" timestamp="2019-06-15T00:50:19.262">
  <concurrent-mark-end bytesScanned="242456" reasonForTermination="Completed all work in GC phase" />
</concurrent-end>

<exclusive-start id="5718" timestamp="2019-06-15T00:50:19.272" intervalms="11.621">
  <response-info timems="0.115" idlems="0.115" threads="0" lastid="0000000001CEB700" lastname="main" />
</exclusive-start>
<allocation-taxation id="5719" taxation-threshold="12582912" timestamp="2019-06-15T00:50:19.273" intervalms="11.618" />
<cycle-start id="5720" type="partial gc" contextid="0" timestamp="2019-06-15T00:50:19.273" intervalms="30.382" />
<gc-start id="5721" type="partial gc" contextid="5720" timestamp="2019-06-15T00:50:19.273">
  <mem-info id="5722" free="15728640" total="73400320" percent="21">
    <mem type="eden" free="1048416" total="26214400" percent="3" />
    <remembered-set count="105024" freebytes="2509824" totalbytes="2929920" percent="85" regionsoverflowed="0" regionsstable="0" regionsrebuilding="15"/>
  </mem-info>
</gc-start>
<allocation-stats totalBytes="25163096" >
  <allocated-bytes non-tlh="0" tlh="25163096" arrayletleaf="0"/>
  <largest-consumer threadName="main" threadId="0000000001CEB700" bytes="12581912" />
</allocation-stats>
<gc-op id="5723" type="copy forward" timems="1.792" contextid="5720" timestamp="2019-06-15T00:50:19.276">
  <memory-copied type="eden" objects="23" bytes="736" bytesdiscarded="0" />
  <memory-copied type="other" objects="0" bytes="0" bytesdiscarded="0" />
  <memory-cardclean objects="75" bytes="2432" />
  <regions eden="24" other="1" />
  <remembered-set-cleared processed="102768" cleared="45" durationms="0.388" />
  <stringconstants candidates="13269" cleared="0"  />
</gc-op>
<gc-op id="5724" type="classunload" timems="0.004" contextid="5720" timestamp="2019-06-15T00:50:19.276">
  <classunload-info classloadercandidates="53" classloadersunloaded="0" classesunloaded="0" anonymousclassesunloaded="0" quiescems="0.000" setupms="0.004" scanms="0.000" postms="0.000" />
</gc-op>
<heap-resize id="5725" type="expand" space="default" amount="8388608" count="1" timems="0.076" reason="excessive time being spent in gc" timestamp="2019-06-15T00:50:19.276" />
<gc-end id="5726" type="partial gc" contextid="5720" durationms="3.190" usertimems="4.000" systemtimems="0.000" timestamp="2019-06-15T00:50:19.276" activeThreads="4">
  <mem-info id="5727" free="49283072" total="81788928" percent="60">
    <mem type="eden" free="1047840" total="1048576" percent="99" />
    <remembered-set count="105280" freebytes="2843648" totalbytes="3264768" percent="87" regionsoverflowed="0" regionsstable="0" regionsrebuilding="15"/>
  </mem-info>
</gc-end>
<cycle-end id="5728" type="partial gc" contextid="5720" timestamp="2019-06-15T00:50:19.276" />
  <attribute name="elasticGC enabled" value="1" />
  <attribute name= "numThreadsSpecified" value="4" />
  <attribute name="heapSize specified" value="0" />
  <attribute name="Current GC Util" value="74" />
  <attribute name= "Current Time Running" value="25222" />
  <attribute name ="GC Interval" value="0" />
  <attribute name="ProportionalT" value="27.000000" />
  <attribute name="ProportionalI" value="27.000000" />
  <attribute name="ProportionalH" value="27.000000" />
  <attribute name="Current Error" value="54.000000" />
  <attribute name="IntegralT" value="54.000000" />
  <attribute name="IntegralI" value="54.000000" />
  <attribute name="IntegralH" value="54.000000" />
  <attribute name="DerivativeT" value="27.000000" />
  <attribute name="DerivativeI" value="27.000000" />
  <attribute name="DerivativeH" value="27.000000" />
  <attribute name="Loop Time for DT" value="1.000000" />
  <attribute name="Output H" value="8388608"/>
  <attribute name="Output I" value="200"/>
  <attribute name="Output T" value="4"/>
  <attribute name="Target GC Util Change" value ="20.000000" />
  <attribute name="Current GC Util Change" value="74.000000"/>
  <attribute name="GC Util currently" value="74" />
  <attribute name="CPU Util currently" value="18582545073673" />
<exclusive-end id="5729" timestamp="2019-06-15T00:50:19.277" durationms="4.362" />

<exclusive-start id="5730" timestamp="2019-06-15T00:50:19.283" intervalms="10.286">
  <response-info timems="0.076" idlems="0.076" threads="0" lastid="0000000001CEB700" lastname="main" />
</exclusive-start>
<allocation-taxation id="5731" taxation-threshold="13631488" timestamp="2019-06-15T00:50:19.283" intervalms="10.291" />
<gc-start id="5732" type="global mark phase" contextid="5485" timestamp="2019-06-15T00:50:19.283">
  <mem-info id="5733" free="35651584" total="81788928" percent="43">
    <remembered-set count="104896" freebytes="2845184" totalbytes="3264768" percent="87" regionsoverflowed="0" regionsstable="0" regionsrebuilding="15"/>
  </mem-info>
</gc-start>
<gc-op id="5734" type="mark increment" timems="1.459" contextid="5485" timestamp="2019-06-15T00:50:19.285">
  <trace-info objectcount="72" scancount="72" scanbytes="41732" />
  <cardclean-info objects="161" bytes="4764" />
  <finalization candidates="80" enqueued="0" />
  <ownableSynchronizers candidates="21" cleared="0" />
  <references type="soft" candidates="1848" cleared="2" enqueued="2" dynamicThreshold="19" maxThreshold="32" />
  <references type="weak" candidates="5728" cleared="0" enqueued="0" />
  <references type="phantom" candidates="101" cleared="0" enqueued="0" />
  <stringconstants candidates="13269" cleared="0"  />
</gc-op>
<gc-op id="5735" type="classunload" timems="0.004" contextid="5485" timestamp="2019-06-15T00:50:19.285">
  <classunload-info classloadercandidates="53" classloadersunloaded="0" classesunloaded="0" anonymousclassesunloaded="0" quiescems="0.000" setupms="0.004" scanms="0.000" postms="0.000" />
</gc-op>
<gc-end id="5736" type="global mark phase" contextid="5485" durationms="2.084" usertimems="4.000" systemtimems="0.000" timestamp="2019-06-15T00:50:19.285" activeThreads="4">
  <mem-info id="5737" free="35651584" total="81788928" percent="43">
    <pending-finalizers system="0" default="0" reference="2" classloader="0" />
    <remembered-set count="106432" freebytes="2839040" totalbytes="3264768" percent="86" regionsoverflowed="0" regionsstable="0" regionsrebuilding="0"/>
  </mem-info>
</gc-end>
<cycle-end id="5738" type="global mark phase" contextid="5485" timestamp="2019-06-15T00:50:19.285" />
  <attribute name="elasticGC enabled" value="1" />
  <attribute name= "numThreadsSpecified" value="4" />
  <attribute name="heapSize specified" value="0" />
  <attribute name="Current GC Util" value="0" />
  <attribute name= "Current Time Running" value="25231" />
  <attribute name ="GC Interval" value="0" />
  <attribute name="ProportionalT" value="-10.000000" />
  <attribute name="ProportionalI" value="-10.000000" />
  <attribute name="ProportionalH" value="-10.000000" />
  <attribute name="Current Error" value="-20.000000" />
  <attribute name="IntegralT" value="0.000000" />
  <attribute name="IntegralI" value="0.000000" />
  <attribute name="IntegralH" value="0.000000" />
  <attribute name="DerivativeT" value="-inf" />
  <attribute name="DerivativeI" value="-inf" />
  <attribute name="DerivativeH" value="-inf" />
  <attribute name="Loop Time for DT" value="0.000000" />
  <attribute name="Output H" value="2091843584"/>
  <attribute name="Output I" value="200"/>
  <attribute name="Output T" value="4"/>
  <attribute name="Target GC Util Change" value ="20.000000" />
  <attribute name="Current GC Util Change" value="0.000000"/>
  <attribute name="GC Util currently" value="0" />
  <attribute name="CPU Util currently" value="35989713970369" />
<exclusive-end id="5739" timestamp="2019-06-15T00:50:19.286" durationms="2.885" />

<exclusive-start id="5740" timestamp="2019-06-15T00:50:19.300" intervalms="17.580">
  <response-info timems="0.082" idlems="0.082" threads="0" lastid="0000000001CEB700" lastname="main" />
</exclusive-start>
<allocation-taxation id="5741" taxation-threshold="13631488" timestamp="2019-06-15T00:50:19.300" intervalms="17.528" />
<cycle-start id="5742" type="partial gc" contextid="0" timestamp="2019-06-15T00:50:19.301" intervalms="27.824" />
<gc-start id="5743" type="partial gc" contextid="5742" timestamp="2019-06-15T00:50:19.301">
  <mem-info id="5744" free="22020096" total="81788928" percent="26">
    <mem type="eden" free="0" total="27262976" percent="0" />
    <remembered-set count="84160" freebytes="2928128" totalbytes="3264768" percent="89" regionsoverflowed="0" regionsstable="9" regionsrebuilding="0"/>
  </mem-info>
</gc-start>
<allocation-stats totalBytes="27261864" >
  <allocated-bytes non-tlh="0" tlh="27261864" arrayletleaf="0"/>
  <largest-consumer threadName="main" threadId="0000000001CEB700" bytes="13630976" />
</allocation-stats>
<gc-op id="5745" type="sweep" timems="0.659" contextid="5742" timestamp="2019-06-15T00:50:19.302" />
<gc-op id="5746" type="copy forward" timems="1.289" contextid="5742" timestamp="2019-06-15T00:50:19.304">
  <memory-copied type="eden" objects="23" bytes="864" bytesdiscarded="0" />
  <memory-copied type="other" objects="12" bytes="288" bytesdiscarded="0" />
  <memory-cardclean objects="87" bytes="3024" />
  <regions eden="13" other="3" />
  <remembered-set-cleared processed="81729" cleared="80" durationms="0.572" />
  <stringconstants candidates="13269" cleared="0"  />
</gc-op>
<gc-op id="5747" type="classunload" timems="0.004" contextid="5742" timestamp="2019-06-15T00:50:19.304">
  <classunload-info classloadercandidates="53" classloadersunloaded="0" classesunloaded="0" anonymousclassesunloaded="0" quiescems="0.000" setupms="0.003" scanms="0.000" postms="0.000" />
</gc-op>
<heap-resize id="5748" type="expand" space="default" amount="2097152" count="1" timems="0.053" reason="excessive time being spent in gc" timestamp="2019-06-15T00:50:19.304" />
<gc-end id="5749" type="partial gc" contextid="5742" durationms="3.607" usertimems="4.000" systemtimems="0.000" timestamp="2019-06-15T00:50:19.305" activeThreads="1">
  <mem-info id="5750" free="50331648" total="83886080" percent="60">
    <mem type="eden" free="1047712" total="1048576" percent="99" />
    <remembered-set count="84512" freebytes="3010432" totalbytes="3348480" percent="89" regionsoverflowed="0" regionsstable="9" regionsrebuilding="0"/>
  </mem-info>
</gc-end>
<cycle-end id="5751" type="partial gc" contextid="5742" timestamp="2019-06-15T00:50:19.305" />
  <attribute name="elasticGC enabled" value="1" />
  <attribute name= "numThreadsSpecified" value="1" />
  <attribute name="heapSize specified" value="0" />
  <attribute name="Current GC Util" value="86" />
  <attribute name= "Current Time Running" value="25250" />
  <attribute name ="GC Interval" value="0" />
  <attribute name="ProportionalT" value="33.000000" />
  <attribute name="ProportionalI" value="33.000000" />
  <attribute name="ProportionalH" value="33.000000" />
  <attribute name="Current Error" value="66.000000" />
  <attribute name="IntegralT" value="0.000000" />
  <attribute name="IntegralI" value="0.000000" />
  <attribute name="IntegralH" value="0.000000" />
  <attribute name="DerivativeT" value="inf" />
  <attribute name="DerivativeI" value="inf" />
  <attribute name="DerivativeH" value="inf" />
  <attribute name="Loop Time for DT" value="0.000000" />
  <attribute name="Output H" value="8388608"/>
  <attribute name="Output I" value="200"/>
  <attribute name="Output T" value="1"/>
  <attribute name="Target GC Util Change" value ="20.000000" />
  <attribute name="Current GC Util Change" value="86.000000"/>
  <attribute name="GC Util currently" value="86" />
  <attribute name="CPU Util currently" value="19229860679810" />
<exclusive-end id="5752" timestamp="2019-06-15T00:50:19.305" durationms="4.729" />

<exclusive-start id="5753" timestamp="2019-06-15T00:50:19.367" intervalms="67.253">
  <response-info timems="0.110" idlems="0.110" threads="0" lastid="0000000001CEB700" lastname="main" />
</exclusive-start>
<allocation-taxation id="5754" taxation-threshold="27262976" timestamp="2019-06-15T00:50:19.368" intervalms="67.330" />
<cycle-start id="5755" type="partial gc" contextid="0" timestamp="2019-06-15T00:50:19.368" intervalms="67.318" />
<gc-start id="5756" type="partial gc" contextid="5755" timestamp="2019-06-15T00:50:19.368">
  <mem-info id="5757" free="23068672" total="83886080" percent="27">
    <mem type="eden" free="0" total="27262976" percent="0" />
    <remembered-set count="84160" freebytes="3011840" totalbytes="3348480" percent="89" regionsoverflowed="0" regionsstable="9" regionsrebuilding="0"/>
  </mem-info>
</gc-start>
<allocation-stats totalBytes="27261232" >
  <allocated-bytes non-tlh="0" tlh="27261232" arrayletleaf="0"/>
  <largest-consumer threadName="main" threadId="0000000001CEB700" bytes="27261232" />
</allocation-stats>
<gc-op id="5758" type="copy forward" timems="1.565" contextid="5755" timestamp="2019-06-15T00:50:19.371">
  <memory-copied type="eden" objects="19" bytes="608" bytesdiscarded="0" />
  <memory-copied type="other" objects="18" bytes="432" bytesdiscarded="0" />
  <memory-cardclean objects="98" bytes="2880" />
  <regions eden="26" other="3" />
  <remembered-set-cleared processed="81703" cleared="70" durationms="0.687" />
  <stringconstants candidates="13269" cleared="0"  />
</gc-op>
<gc-op id="5759" type="classunload" timems="0.004" contextid="5755" timestamp="2019-06-15T00:50:19.371">
  <classunload-info classloadercandidates="53" classloadersunloaded="0" classesunloaded="0" anonymousclassesunloaded="0" quiescems="0.000" setupms="0.004" scanms="0.000" postms="0.000" />
</gc-op>
<gc-end id="5760" type="partial gc" contextid="5755" durationms="2.819" usertimems="4.000" systemtimems="0.000" timestamp="2019-06-15T00:50:19.371" activeThreads="1">
  <mem-info id="5761" free="49283072" total="83886080" percent="58">
    <mem type="eden" free="1047968" total="1048576" percent="99" />
    <remembered-set count="84544" freebytes="3010304" totalbytes="3348480" percent="89" regionsoverflowed="0" regionsstable="9" regionsrebuilding="0"/>
  </mem-info>
</gc-end>
<cycle-end id="5762" type="partial gc" contextid="5755" timestamp="2019-06-15T00:50:19.371" />
  <attribute name="elasticGC enabled" value="1" />
  <attribute name= "numThreadsSpecified" value="1" />
  <attribute name="heapSize specified" value="0" />
  <attribute name="Current GC Util" value="67" />
  <attribute name= "Current Time Running" value="25317" />
  <attribute name ="GC Interval" value="0" />
  <attribute name="ProportionalT" value="23.500000" />
  <attribute name="ProportionalI" value="23.500000" />
  <attribute name="ProportionalH" value="23.500000" />
  <attribute name="Current Error" value="47.000000" />
  <attribute name="IntegralT" value="0.000000" />
  <attribute name="IntegralI" value="0.000000" />
  <attribute name="IntegralH" value="0.000000" />
  <attribute name="DerivativeT" value="inf" />
  <attribute name="DerivativeI" value="inf" />
  <attribute name="DerivativeH" value="inf" />
  <attribute name="Loop Time for DT" value="0.000000" />
  <attribute name="Output H" value="8388608"/>
  <attribute name="Output I" value="200"/>
  <attribute name="Output T" value="1"/>
  <attribute name="Target GC Util Change" value ="20.000000" />
  <attribute name="Current GC Util Change" value="67.000000"/>
  <attribute name="GC Util currently" value="67" />
  <attribute name="CPU Util currently" value="18150027188696" />
<exclusive-end id="5763" timestamp="2019-06-15T00:50:19.372" durationms="4.173" />

<exclusive-start id="5764" timestamp="2019-06-15T00:50:19.454" intervalms="86.064">
  <response-info timems="0.091" idlems="0.091" threads="0" lastid="0000000001CEB700" lastname="main" />
</exclusive-start>
<allocation-taxation id="5765" taxation-threshold="27262976" timestamp="2019-06-15T00:50:19.454" intervalms="86.089" />
<cycle-start id="5766" type="partial gc" contextid="0" timestamp="2019-06-15T00:50:19.454" intervalms="86.106" />
<gc-start id="5767" type="partial gc" contextid="5766" timestamp="2019-06-15T00:50:19.455">
  <mem-info id="5768" free="22020096" total="83886080" percent="26">
    <mem type="eden" free="0" total="27262976" percent="0" />
    <remembered-set count="84256" freebytes="3011456" totalbytes="3348480" percent="89" regionsoverflowed="0" regionsstable="9" regionsrebuilding="0"/>
  </mem-info>
</gc-start>
<allocation-stats totalBytes="27261064" >
  <allocated-bytes non-tlh="0" tlh="27261064" arrayletleaf="0"/>
  <largest-consumer threadName="main" threadId="0000000001CEB700" bytes="27261064" />
</allocation-stats>
<gc-op id="5769" type="copy forward" timems="1.602" contextid="5766" timestamp="2019-06-15T00:50:19.457">
  <memory-copied type="eden" objects="37" bytes="1040" bytesdiscarded="0" />
  <memory-copied type="other" objects="22" bytes="1064" bytesdiscarded="368" />
  <memory-cardclean objects="113" bytes="11480" />
  <regions eden="26" other="3" />
  <remembered-set-cleared processed="81693" cleared="90" durationms="0.695" />
  <references type="weak" candidates="2" cleared="0" enqueued="0" />
  <stringconstants candidates="13269" cleared="0"  />
</gc-op>
<gc-op id="5770" type="classunload" timems="0.004" contextid="5766" timestamp="2019-06-15T00:50:19.457">
  <classunload-info classloadercandidates="53" classloadersunloaded="0" classesunloaded="0" anonymousclassesunloaded="0" quiescems="0.000" setupms="0.004" scanms="0.000" postms="0.000" />
</gc-op>
<gc-end id="5771" type="partial gc" contextid="5766" durationms="2.999" usertimems="4.000" systemtimems="0.000" timestamp="2019-06-15T00:50:19.458" activeThreads="1">
  <mem-info id="5772" free="49283072" total="83886080" percent="58">
    <mem type="eden" free="1047536" total="1048576" percent="99" />
    <remembered-set count="84480" freebytes="3010560" totalbytes="3348480" percent="89" regionsoverflowed="0" regionsstable="9" regionsrebuilding="0"/>
  </mem-info>
</gc-end>
<cycle-end id="5773" type="partial gc" contextid="5766" timestamp="2019-06-15T00:50:19.458" />
  <attribute name="elasticGC enabled" value="1" />
  <attribute name= "numThreadsSpecified" value="1" />
  <attribute name="heapSize specified" value="0" />
  <attribute name="Current GC Util" value="69" />
  <attribute name= "Current Time Running" value="25403" />
  <attribute name ="GC Interval" value="0" />
  <attribute name="ProportionalT" value="24.500000" />
  <attribute name="ProportionalI" value="24.500000" />
  <attribute name="ProportionalH" value="24.500000" />
  <attribute name="Current Error" value="49.000000" />
  <attribute name="IntegralT" value="0.000000" />
  <attribute name="IntegralI" value="0.000000" />
  <attribute name="IntegralH" value="0.000000" />
  <attribute name="DerivativeT" value="inf" />
  <attribute name="DerivativeI" value="inf" />
  <attribute name="DerivativeH" value="inf" />
  <attribute name="Loop Time for DT" value="0.000000" />
  <attribute name="Output H" value="8388608"/>
  <attribute name="Output I" value="200"/>
  <attribute name="Output T" value="1"/>
  <attribute name="Target GC Util Change" value ="20.000000" />
  <attribute name="Current GC Util Change" value="69.000000"/>
  <attribute name="GC Util currently" value="69" />
  <attribute name="CPU Util currently" value="14568402099554" />
<exclusive-end id="5774" timestamp="2019-06-15T00:50:19.458" durationms="4.477" />

<exclusive-start id="5775" timestamp="2019-06-15T00:50:19.470" intervalms="16.214">
  <response-info timems="0.204" idlems="0.204" threads="0" lastid="0000000001CEB700" lastname="main" />
</exclusive-start>
<allocation-taxation id="5776" taxation-threshold="27262976" timestamp="2019-06-15T00:50:19.470" intervalms="16.165" />
<cycle-start id="5777" type="partial gc" contextid="0" timestamp="2019-06-15T00:50:19.470" intervalms="16.136" />
<gc-start id="5778" type="partial gc" contextid="5777" timestamp="2019-06-15T00:50:19.471">
  <mem-info id="5779" free="22020096" total="83886080" percent="26">
    <mem type="eden" free="0" total="27262976" percent="0" />
    <remembered-set count="60960" freebytes="3104640" totalbytes="3348480" percent="92" regionsoverflowed="0" regionsstable="13" regionsrebuilding="0"/>
  </mem-info>
</gc-start>
<allocation-stats totalBytes="27261024" >
  <allocated-bytes non-tlh="0" tlh="27261024" arrayletleaf="0"/>
  <largest-consumer threadName="main" threadId="0000000001CEB700" bytes="27261024" />
</allocation-stats>
<gc-op id="5780" type="copy forward" timems="1.417" contextid="5777" timestamp="2019-06-15T00:50:19.473">
  <memory-copied type="eden" objects="5" bytes="112" bytesdiscarded="0" />
  <memory-copied type="other" objects="47" bytes="1280" bytesdiscarded="296" />
  <memory-cardclean objects="65" bytes="2096" />
  <regions eden="26" other="3" />
  <remembered-set-cleared processed="58630" cleared="43" durationms="0.560" />
  <stringconstants candidates="13269" cleared="0"  />
</gc-op>
<gc-op id="5781" type="classunload" timems="0.004" contextid="5777" timestamp="2019-06-15T00:50:19.473">
  <classunload-info classloadercandidates="53" classloadersunloaded="0" classesunloaded="0" anonymousclassesunloaded="0" quiescems="0.000" setupms="0.004" scanms="0.000" postms="0.000" />
</gc-op>
<gc-end id="5782" type="partial gc" contextid="5777" durationms="2.726" usertimems="4.000" systemtimems="0.000" timestamp="2019-06-15T00:50:19.473" activeThreads="1">
  <mem-info id="5783" free="49283072" total="83886080" percent="58">
    <mem type="eden" free="1048464" total="1048576" percent="99" />
    <remembered-set count="61376" freebytes="3102976" totalbytes="3348480" percent="92" regionsoverflowed="0" regionsstable="13" regionsrebuilding="0"/>
  </mem-info>
</gc-end>
<cycle-end id="5784" type="partial gc" contextid="5777" timestamp="2019-06-15T00:50:19.473" />
  <attribute name="elasticGC enabled" value="1" />
  <attribute name= "numThreadsSpecified" value="1" />
  <attribute name="heapSize specified" value="0" />
  <attribute name="Current GC Util" value="69" />
  <attribute name= "Current Time Running" value="25419" />
  <attribute name ="GC Interval" value="0" />
  <attribute name="ProportionalT" value="24.500000" />
  <attribute name="ProportionalI" value="24.500000" />
  <attribute name="ProportionalH" value="24.500000" />
  <attribute name="Current Error" value="49.000000" />
  <attribute name="IntegralT" value="0.000000" />
  <attribute name="IntegralI" value="0.000000" />
  <attribute name="IntegralH" value="0.000000" />
  <attribute name="DerivativeT" value="inf" />
  <attribute name="DerivativeI" value="inf" />
  <attribute name="DerivativeH" value="inf" />
  <attribute name="Loop Time for DT" value="0.000000" />
  <attribute name="Output H" value="8388608"/>
  <attribute name="Output I" value="200"/>
  <attribute name="Output T" value="1"/>
  <attribute name="Target GC Util Change" value ="20.000000" />
  <attribute name="Current GC Util Change" value="69.000000"/>
  <attribute name="GC Util currently" value="69" />
  <attribute name="CPU Util currently" value="17061992519686" />
<exclusive-end id="5785" timestamp="2019-06-15T00:50:19.474" durationms="3.954" />

<exclusive-start id="5786" timestamp="2019-06-15T00:50:19.504" intervalms="34.300">
  <response-info timems="0.061" idlems="0.061" threads="0" lastid="0000000001CEB700" lastname="main" />
</exclusive-start>
<allocation-taxation id="5787" taxation-threshold="27262976" timestamp="2019-06-15T00:50:19.504" intervalms="34.320" />
<cycle-start id="5788" type="partial gc" contextid="0" timestamp="2019-06-15T00:50:19.505" intervalms="34.360" />
<gc-start id="5789" type="partial gc" contextid="5788" timestamp="2019-06-15T00:50:19.505">
  <mem-info id="5790" free="22020096" total="83886080" percent="26">
    <mem type="eden" free="1048464" total="28311552" percent="3" />
    <remembered-set count="61056" freebytes="3104256" totalbytes="3348480" percent="92" regionsoverflowed="0" regionsstable="13" regionsrebuilding="0"/>
  </mem-info>
</gc-start>
<allocation-stats totalBytes="27261024" >
  <allocated-bytes non-tlh="0" tlh="27261024" arrayletleaf="0"/>
  <largest-consumer threadName="main" threadId="0000000001CEB700" bytes="27261024" />
</allocation-stats>
<gc-op id="5791" type="copy forward" timems="2.827" contextid="5788" timestamp="2019-06-15T00:50:19.509">
  <memory-copied type="eden" objects="32" bytes="960" bytesdiscarded="0" />
  <memory-copied type="other" objects="32729" bytes="888112" bytesdiscarded="47296" />
  <memory-cardclean objects="2001" bytes="67120" />
  <regions eden="26" other="4" />
  <remembered-set-cleared processed="58485" cleared="2402" durationms="0.367" />
  <references type="soft" candidates="2" cleared="0" enqueued="0" dynamicThreshold="18" maxThreshold="32" />
  <references type="weak" candidates="96" cleared="0" enqueued="0" />
  <stringconstants candidates="13269" cleared="0"  />
</gc-op>
<gc-op id="5792" type="classunload" timems="0.004" contextid="5788" timestamp="2019-06-15T00:50:19.509">
  <classunload-info classloadercandidates="53" classloadersunloaded="0" classesunloaded="0" anonymousclassesunloaded="0" quiescems="0.000" setupms="0.004" scanms="0.000" postms="0.000" />
</gc-op>
<gc-end id="5793" type="partial gc" contextid="5788" durationms="4.063" usertimems="8.000" systemtimems="0.000" timestamp="2019-06-15T00:50:19.509" activeThreads="4">
  <mem-info id="5794" free="51380224" total="83886080" percent="61">
    <mem type="eden" free="1047616" total="1048576" percent="99" />
    <remembered-set count="59584" freebytes="3110144" totalbytes="3348480" percent="92" regionsoverflowed="0" regionsstable="13" regionsrebuilding="0"/>
  </mem-info>
</gc-end>
<cycle-end id="5795" type="partial gc" contextid="5788" timestamp="2019-06-15T00:50:19.509" />
  <attribute name="elasticGC enabled" value="1" />
  <attribute name= "numThreadsSpecified" value="4" />
  <attribute name="heapSize specified" value="0" />
  <attribute name="Current GC Util" value="85" />
  <attribute name= "Current Time Running" value="25454" />
  <attribute name ="GC Interval" value="0" />
  <attribute name="ProportionalT" value="32.500000" />
  <attribute name="ProportionalI" value="32.500000" />
  <attribute name="ProportionalH" value="32.500000" />
  <attribute name="Current Error" value="65.000000" />
  <attribute name="IntegralT" value="65.000000" />
  <attribute name="IntegralI" value="65.000000" />
  <attribute name="IntegralH" value="65.000000" />
  <attribute name="DerivativeT" value="32.500000" />
  <attribute name="DerivativeI" value="32.500000" />
  <attribute name="DerivativeH" value="32.500000" />
  <attribute name="Loop Time for DT" value="1.000000" />
  <attribute name="Output H" value="8388608"/>
  <attribute name="Output I" value="200"/>
  <attribute name="Output T" value="4"/>
  <attribute name="Target GC Util Change" value ="20.000000" />
  <attribute name="Current GC Util Change" value="85.000000"/>
  <attribute name="GC Util currently" value="85" />
  <attribute name="CPU Util currently" value="15945197472095" />
<exclusive-end id="5796" timestamp="2019-06-15T00:50:19.510" durationms="5.570" />

<exclusive-start id="5797" timestamp="2019-06-15T00:50:19.543" intervalms="38.711">
  <response-info timems="0.088" idlems="0.088" threads="0" lastid="0000000001CEB700" lastname="main" />
</exclusive-start>
<allocation-taxation id="5798" taxation-threshold="27262976" timestamp="2019-06-15T00:50:19.543" intervalms="38.713" />
<cycle-start id="5799" type="partial gc" contextid="0" timestamp="2019-06-15T00:50:19.543" intervalms="38.706" />
<gc-start id="5800" type="partial gc" contextid="5799" timestamp="2019-06-15T00:50:19.544">
  <mem-info id="5801" free="24117248" total="83886080" percent="28">
    <mem type="eden" free="0" total="27262976" percent="0" />
    <remembered-set count="59328" freebytes="3111168" totalbytes="3348480" percent="92" regionsoverflowed="0" regionsstable="13" regionsrebuilding="0"/>
  </mem-info>
</gc-start>
<allocation-stats totalBytes="27261264" >
  <allocated-bytes non-tlh="0" tlh="27261264" arrayletleaf="0"/>
  <largest-consumer threadName="main" threadId="0000000001CEB700" bytes="27261264" />
</allocation-stats>
<gc-op id="5802" type="copy forward" timems="1.625" contextid="5799" timestamp="2019-06-15T00:50:19.546">
  <memory-copied type="eden" objects="31" bytes="920" bytesdiscarded="0" />
  <memory-copied type="other" objects="14" bytes="336" bytesdiscarded="0" />
  <memory-cardclean objects="118" bytes="3376" />
  <regions eden="26" other="2" />
  <remembered-set-cleared processed="57812" cleared="47" durationms="0.621" />
  <stringconstants candidates="13269" cleared="0"  />
</gc-op>
<gc-op id="5803" type="classunload" timems="0.006" contextid="5799" timestamp="2019-06-15T00:50:19.546">
  <classunload-info classloadercandidates="53" classloadersunloaded="0" classesunloaded="0" anonymousclassesunloaded="0" quiescems="0.000" setupms="0.006" scanms="0.000" postms="0.000" />
</gc-op>
<gc-end id="5804" type="partial gc" contextid="5799" durationms="2.983" usertimems="4.000" systemtimems="0.000" timestamp="2019-06-15T00:50:19.547" activeThreads="1">
  <mem-info id="5805" free="50331648" total="83886080" percent="60">
    <mem type="eden" free="1047656" total="1048576" percent="99" />
    <remembered-set count="59264" freebytes="3111424" totalbytes="3348480" percent="92" regionsoverflowed="0" regionsstable="13" regionsrebuilding="0"/>
  </mem-info>
</gc-end>
<cycle-end id="5806" type="partial gc" contextid="5799" timestamp="2019-06-15T00:50:19.547" />
  <attribute name="elasticGC enabled" value="1" />
  <attribute name= "numThreadsSpecified" value="1" />
  <attribute name="heapSize specified" value="0" />
  <attribute name="Current GC Util" value="69" />
  <attribute name= "Current Time Running" value="25492" />
  <attribute name ="GC Interval" value="0" />
  <attribute name="ProportionalT" value="24.500000" />
  <attribute name="ProportionalI" value="24.500000" />
  <attribute name="ProportionalH" value="24.500000" />
  <attribute name="Current Error" value="49.000000" />
  <attribute name="IntegralT" value="0.000000" />
  <attribute name="IntegralI" value="0.000000" />
  <attribute name="IntegralH" value="0.000000" />
  <attribute name="DerivativeT" value="inf" />
  <attribute name="DerivativeI" value="inf" />
  <attribute name="DerivativeH" value="inf" />
  <attribute name="Loop Time for DT" value="0.000000" />
  <attribute name="Output H" value="8388608"/>
  <attribute name="Output I" value="200"/>
  <attribute name="Output T" value="1"/>
  <attribute name="Target GC Util Change" value ="20.000000" />
  <attribute name="Current GC Util Change" value="69.000000"/>
  <attribute name="GC Util currently" value="69" />
  <attribute name="CPU Util currently" value="15001011491851" />
<exclusive-end id="5807" timestamp="2019-06-15T00:50:19.547" durationms="4.329" />

<exclusive-start id="5808" timestamp="2019-06-15T00:50:19.574" intervalms="31.150">
  <response-info timems="0.081" idlems="0.081" threads="0" lastid="0000000001CEB700" lastname="main" />
</exclusive-start>
<allocation-taxation id="5809" taxation-threshold="27262976" timestamp="2019-06-15T00:50:19.574" intervalms="31.140" />
<cycle-start id="5810" type="partial gc" contextid="0" timestamp="2019-06-15T00:50:19.574" intervalms="31.125" />
<gc-start id="5811" type="partial gc" contextid="5810" timestamp="2019-06-15T00:50:19.575">
  <mem-info id="5812" free="23068672" total="83886080" percent="27">
    <mem type="eden" free="0" total="27262976" percent="0" />
    <remembered-set count="59040" freebytes="3112320" totalbytes="3348480" percent="92" regionsoverflowed="0" regionsstable="13" regionsrebuilding="0"/>
  </mem-info>
</gc-start>
<allocation-stats totalBytes="27260928" >
  <allocated-bytes non-tlh="0" tlh="27260928" arrayletleaf="0"/>
  <largest-consumer threadName="main" threadId="0000000001CEB700" bytes="27260928" />
</allocation-stats>
<gc-op id="5813" type="copy forward" timems="1.364" contextid="5810" timestamp="2019-06-15T00:50:19.577">
  <memory-copied type="eden" objects="11" bytes="304" bytesdiscarded="0" />
  <memory-copied type="other" objects="53" bytes="1440" bytesdiscarded="0" />
  <memory-cardclean objects="67" bytes="2168" />
  <regions eden="26" other="2" />
  <remembered-set-cleared processed="57813" cleared="37" durationms="0.537" />
  <stringconstants candidates="13269" cleared="0"  />
</gc-op>
<gc-op id="5814" type="classunload" timems="0.004" contextid="5810" timestamp="2019-06-15T00:50:19.577">
  <classunload-info classloadercandidates="53" classloadersunloaded="0" classesunloaded="0" anonymousclassesunloaded="0" quiescems="0.000" setupms="0.003" scanms="0.000" postms="0.000" />
</gc-op>
<gc-end id="5815" type="partial gc" contextid="5810" durationms="2.614" usertimems="0.000" systemtimems="0.000" timestamp="2019-06-15T00:50:19.577" activeThreads="1">
  <mem-info id="5816" free="49283072" total="83886080" percent="58">
    <mem type="eden" free="1048272" total="1048576" percent="99" />
    <remembered-set count="59392" freebytes="3110912" totalbytes="3348480" percent="92" regionsoverflowed="0" regionsstable="13" regionsrebuilding="0"/>
  </mem-info>
</gc-end>
<cycle-end id="5817" type="partial gc" contextid="5810" timestamp="2019-06-15T00:50:19.578" />
  <attribute name="elasticGC enabled" value="1" />
  <attribute name= "numThreadsSpecified" value="1" />
  <attribute name="heapSize specified" value="0" />
  <attribute name="Current GC Util" value="79" />
  <attribute name= "Current Time Running" value="25523" />
  <attribute name ="GC Interval" value="0" />
  <attribute name="ProportionalT" value="29.500000" />
  <attribute name="ProportionalI" value="29.500000" />
  <attribute name="ProportionalH" value="29.500000" />
  <attribute name="Current Error" value="59.000000" />
  <attribute name="IntegralT" value="0.000000" />
  <attribute name="IntegralI" value="0.000000" />
  <attribute name="IntegralH" value="0.000000" />
  <attribute name="DerivativeT" value="inf" />
  <attribute name="DerivativeI" value="inf" />
  <attribute name="DerivativeH" value="inf" />
  <attribute name="Loop Time for DT" value="0.000000" />
  <attribute name="Output H" value="8388608"/>
  <attribute name="Output I" value="200"/>
  <attribute name="Output T" value="1"/>
  <attribute name="Target GC Util Change" value ="20.000000" />
  <attribute name="Current GC Util Change" value="79.000000"/>
  <attribute name="GC Util currently" value="79" />
  <attribute name="CPU Util currently" value="16295019143392" />
<exclusive-end id="5818" timestamp="2019-06-15T00:50:19.578" durationms="3.923" />

<exclusive-start id="5819" timestamp="2019-06-15T00:50:19.604" intervalms="30.505">
  <response-info timems="0.078" idlems="0.078" threads="0" lastid="0000000001CEB700" lastname="main" />
</exclusive-start>
<allocation-taxation id="5820" taxation-threshold="27262976" timestamp="2019-06-15T00:50:19.605" intervalms="30.435" />
<cycle-start id="5821" type="partial gc" contextid="0" timestamp="2019-06-15T00:50:19.605" intervalms="30.429" />
<gc-start id="5822" type="partial gc" contextid="5821" timestamp="2019-06-15T00:50:19.605">
  <mem-info id="5823" free="22020096" total="83886080" percent="26">
    <mem type="eden" free="1048272" total="28311552" percent="3" />
    <remembered-set count="59040" freebytes="3112320" totalbytes="3348480" percent="92" regionsoverflowed="0" regionsstable="13" regionsrebuilding="0"/>
  </mem-info>
</gc-start>
<allocation-stats totalBytes="27260928" >
  <allocated-bytes non-tlh="0" tlh="27260928" arrayletleaf="0"/>
  <largest-consumer threadName="main" threadId="0000000001CEB700" bytes="27260928" />
</allocation-stats>
<gc-op id="5824" type="copy forward" timems="1.695" contextid="5821" timestamp="2019-06-15T00:50:19.608">
  <memory-copied type="eden" objects="8" bytes="224" bytesdiscarded="0" />
  <memory-copied type="other" objects="28" bytes="744" bytesdiscarded="0" />
  <memory-cardclean objects="69" bytes="2000" />
  <regions eden="26" other="2" />
  <remembered-set-cleared processed="57805" cleared="37" durationms="0.327" />
  <stringconstants candidates="13269" cleared="0"  />
</gc-op>
<gc-op id="5825" type="classunload" timems="0.003" contextid="5821" timestamp="2019-06-15T00:50:19.608">
  <classunload-info classloadercandidates="53" classloadersunloaded="0" classesunloaded="0" anonymousclassesunloaded="0" quiescems="0.000" setupms="0.003" scanms="0.000" postms="0.000" />
</gc-op>
<heap-resize id="5826" type="expand" space="default" amount="3145728" count="1" timems="0.073" reason="excessive time being spent in gc" timestamp="2019-06-15T00:50:19.608" />
<gc-end id="5827" type="partial gc" contextid="5821" durationms="2.957" usertimems="4.000" systemtimems="0.000" timestamp="2019-06-15T00:50:19.608" activeThreads="4">
  <mem-info id="5828" free="52428800" total="87031808" percent="60">
    <mem type="eden" free="1048352" total="1048576" percent="99" />
    <remembered-set count="59456" freebytes="3236224" totalbytes="3474048" percent="93" regionsoverflowed="0" regionsstable="13" regionsrebuilding="0"/>
  </mem-info>
</gc-end>
<cycle-end id="5829" type="partial gc" contextid="5821" timestamp="2019-06-15T00:50:19.608" />
  <attribute name="elasticGC enabled" value="1" />
  <attribute name= "numThreadsSpecified" value="4" />
  <attribute name="heapSize specified" value="0" />
  <attribute name="Current GC Util" value="82" />
  <attribute name= "Current Time Running" value="25554" />
  <attribute name ="GC Interval" value="0" />
  <attribute name="ProportionalT" value="31.000000" />
  <attribute name="ProportionalI" value="31.000000" />
  <attribute name="ProportionalH" value="31.000000" />
  <attribute name="Current Error" value="62.000000" />
  <attribute name="IntegralT" value="62.000000" />
  <attribute name="IntegralI" value="62.000000" />
  <attribute name="IntegralH" value="62.000000" />
  <attribute name="DerivativeT" value="31.000000" />
  <attribute name="DerivativeI" value="31.000000" />
  <attribute name="DerivativeH" value="31.000000" />
  <attribute name="Loop Time for DT" value="1.000000" />
  <attribute name="Output H" value="8388608"/>
  <attribute name="Output I" value="200"/>
  <attribute name="Output T" value="4"/>
  <attribute name="Target GC Util Change" value ="20.000000" />
  <attribute name="Current GC Util Change" value="82.000000"/>
  <attribute name="GC Util currently" value="82" />
  <attribute name="CPU Util currently" value="18098741234521" />
<exclusive-end id="5830" timestamp="2019-06-15T00:50:19.609" durationms="4.104" />

<exclusive-start id="5831" timestamp="2019-06-15T00:50:19.715" intervalms="111.058">
  <response-info timems="0.092" idlems="0.092" threads="0" lastid="0000000001CEB700" lastname="main" />
</exclusive-start>
<allocation-taxation id="5832" taxation-threshold="28311552" timestamp="2019-06-15T00:50:19.716" intervalms="111.112" />
<cycle-start id="5833" type="partial gc" contextid="0" timestamp="2019-06-15T00:50:19.716" intervalms="111.096" />
<gc-start id="5834" type="partial gc" contextid="5833" timestamp="2019-06-15T00:50:19.716">
  <mem-info id="5835" free="24117248" total="87031808" percent="27">
    <mem type="eden" free="1048352" total="29360128" percent="3" />
    <remembered-set count="58976" freebytes="3238144" totalbytes="3474048" percent="93" regionsoverflowed="0" regionsstable="13" regionsrebuilding="0"/>
  </mem-info>
</gc-start>
<allocation-stats totalBytes="28289800" >
  <allocated-bytes non-tlh="0" tlh="28289800" arrayletleaf="0"/>
  <largest-consumer threadName="main" threadId="0000000001CEB700" bytes="28289800" />
</allocation-stats>
<gc-op id="5836" type="copy forward" timems="1.735" contextid="5833" timestamp="2019-06-15T00:50:19.719">
  <memory-copied type="eden" objects="55" bytes="2272" bytesdiscarded="1000" />
  <memory-copied type="other" objects="0" bytes="0" bytesdiscarded="0" />
  <memory-cardclean objects="105" bytes="2912" />
  <regions eden="27" other="1" />
  <remembered-set-cleared processed="57799" cleared="19" durationms="0.335" />
  <stringconstants candidates="13269" cleared="0"  />
</gc-op>
<gc-op id="5837" type="classunload" timems="0.004" contextid="5833" timestamp="2019-06-15T00:50:19.719">
  <classunload-info classloadercandidates="53" classloadersunloaded="0" classesunloaded="0" anonymousclassesunloaded="0" quiescems="0.000" setupms="0.004" scanms="0.000" postms="0.000" />
</gc-op>
<gc-end id="5838" type="partial gc" contextid="5833" durationms="2.859" usertimems="4.000" systemtimems="0.000" timestamp="2019-06-15T00:50:19.719" activeThreads="4">
  <mem-info id="5839" free="52428800" total="87031808" percent="60">
    <mem type="eden" free="1045304" total="1048576" percent="99" />
    <remembered-set count="60512" freebytes="3232000" totalbytes="3474048" percent="93" regionsoverflowed="0" regionsstable="13" regionsrebuilding="0"/>
  </mem-info>
</gc-end>
<cycle-end id="5840" type="partial gc" contextid="5833" timestamp="2019-06-15T00:50:19.719" />
  <attribute name="elasticGC enabled" value="1" />
  <attribute name= "numThreadsSpecified" value="4" />
  <attribute name="heapSize specified" value="0" />
  <attribute name="Current GC Util" value="73" />
  <attribute name= "Current Time Running" value="25665" />
  <attribute name ="GC Interval" value="0" />
  <attribute name="ProportionalT" value="26.500000" />
  <attribute name="ProportionalI" value="26.500000" />
  <attribute name="ProportionalH" value="26.500000" />
  <attribute name="Current Error" value="53.000000" />
  <attribute name="IntegralT" value="53.000000" />
  <attribute name="IntegralI" value="53.000000" />
  <attribute name="IntegralH" value="53.000000" />
  <attribute name="DerivativeT" value="26.500000" />
  <attribute name="DerivativeI" value="26.500000" />
  <attribute name="DerivativeH" value="26.500000" />
  <attribute name="Loop Time for DT" value="1.000000" />
  <attribute name="Output H" value="8388608"/>
  <attribute name="Output I" value="200"/>
  <attribute name="Output T" value="4"/>
  <attribute name="Target GC Util Change" value ="20.000000" />
  <attribute name="Current GC Util Change" value="73.000000"/>
  <attribute name="GC Util currently" value="73" />
  <attribute name="CPU Util currently" value="17718240648077" />
<exclusive-end id="5841" timestamp="2019-06-15T00:50:19.719" durationms="3.996" />

<exclusive-start id="5842" timestamp="2019-06-15T00:50:19.785" intervalms="69.822">
  <response-info timems="0.063" idlems="0.063" threads="0" lastid="0000000001CEB700" lastname="main" />
</exclusive-start>
<allocation-taxation id="5843" taxation-threshold="28311552" timestamp="2019-06-15T00:50:19.786" intervalms="69.831" />
<cycle-start id="5844" type="partial gc" contextid="0" timestamp="2019-06-15T00:50:19.786" intervalms="69.865" />
<gc-start id="5845" type="partial gc" contextid="5844" timestamp="2019-06-15T00:50:19.786">
  <mem-info id="5846" free="24117248" total="87031808" percent="27">
    <mem type="eden" free="0" total="28311552" percent="0" />
    <remembered-set count="60032" freebytes="3233920" totalbytes="3474048" percent="93" regionsoverflowed="0" regionsstable="13" regionsrebuilding="0"/>
  </mem-info>
</gc-start>
<allocation-stats totalBytes="28290384" >
  <allocated-bytes non-tlh="0" tlh="28290384" arrayletleaf="0"/>
  <largest-consumer threadName="main" threadId="0000000001CEB700" bytes="28290384" />
</allocation-stats>
<gc-op id="5847" type="copy forward" timems="1.786" contextid="5844" timestamp="2019-06-15T00:50:19.789">
  <memory-copied type="eden" objects="2" bytes="56" bytesdiscarded="736" />
  <memory-copied type="other" objects="53" bytes="2216" bytesdiscarded="1264" />
  <memory-cardclean objects="84" bytes="2576" />
  <regions eden="27" other="1" />
  <remembered-set-cleared processed="57810" cleared="30" durationms="0.333" />
  <stringconstants candidates="13269" cleared="0"  />
</gc-op>
<gc-op id="5848" type="classunload" timems="0.004" contextid="5844" timestamp="2019-06-15T00:50:19.789">
  <classunload-info classloadercandidates="53" classloadersunloaded="0" classesunloaded="0" anonymousclassesunloaded="0" quiescems="0.000" setupms="0.004" scanms="0.000" postms="0.000" />
</gc-op>
<gc-end id="5849" type="partial gc" contextid="5844" durationms="2.977" usertimems="4.000" systemtimems="0.000" timestamp="2019-06-15T00:50:19.789" activeThreads="4">
  <mem-info id="5850" free="51380224" total="87031808" percent="59">
    <mem type="eden" free="1047784" total="1048576" percent="99" />
    <remembered-set count="60512" freebytes="3232000" totalbytes="3474048" percent="93" regionsoverflowed="0" regionsstable="13" regionsrebuilding="0"/>
  </mem-info>
</gc-end>
<cycle-end id="5851" type="partial gc" contextid="5844" timestamp="2019-06-15T00:50:19.789" />
  <attribute name="elasticGC enabled" value="1" />
  <attribute name= "numThreadsSpecified" value="4" />
  <attribute name="heapSize specified" value="0" />
  <attribute name="Current GC Util" value="75" />
  <attribute name= "Current Time Running" value="25735" />
  <attribute name ="GC Interval" value="0" />
  <attribute name="ProportionalT" value="27.500000" />
  <attribute name="ProportionalI" value="27.500000" />
  <attribute name="ProportionalH" value="27.500000" />
  <attribute name="Current Error" value="55.000000" />
  <attribute name="IntegralT" value="55.000000" />
  <attribute name="IntegralI" value="55.000000" />
  <attribute name="IntegralH" value="55.000000" />
  <attribute name="DerivativeT" value="27.500000" />
  <attribute name="DerivativeI" value="27.500000" />
  <attribute name="DerivativeH" value="27.500000" />
  <attribute name="Loop Time for DT" value="1.000000" />
  <attribute name="Output H" value="8388608"/>
  <attribute name="Output I" value="200"/>
  <attribute name="Output T" value="4"/>
  <attribute name="Target GC Util Change" value ="20.000000" />
  <attribute name="Current GC Util Change" value="75.000000"/>
  <attribute name="GC Util currently" value="75" />
  <attribute name="CPU Util currently" value="17089496053585" />
<exclusive-end id="5852" timestamp="2019-06-15T00:50:19.789" durationms="4.102" />

<exclusive-start id="5853" timestamp="2019-06-15T00:50:19.852" intervalms="66.627">
  <response-info timems="0.094" idlems="0.094" threads="0" lastid="0000000001CEB700" lastname="main" />
</exclusive-start>
<allocation-taxation id="5854" taxation-threshold="28311552" timestamp="2019-06-15T00:50:19.852" intervalms="66.622" />
<cycle-start id="5855" type="partial gc" contextid="0" timestamp="2019-06-15T00:50:19.852" intervalms="66.641" />
<gc-start id="5856" type="partial gc" contextid="5855" timestamp="2019-06-15T00:50:19.853">
  <mem-info id="5857" free="23068672" total="87031808" percent="26">
    <mem type="eden" free="1047784" total="29360128" percent="3" />
    <remembered-set count="60032" freebytes="3233920" totalbytes="3474048" percent="93" regionsoverflowed="0" regionsstable="13" regionsrebuilding="0"/>
  </mem-info>
</gc-start>
<allocation-stats totalBytes="28294768" >
  <allocated-bytes non-tlh="0" tlh="28294768" arrayletleaf="0"/>
  <largest-consumer threadName="main" threadId="0000000001CEB700" bytes="28294768" />
</allocation-stats>
<gc-op id="5858" type="copy forward" timems="1.334" contextid="5855" timestamp="2019-06-15T00:50:19.855">
  <memory-copied type="eden" objects="28" bytes="848" bytesdiscarded="0" />
  <memory-copied type="other" objects="0" bytes="0" bytesdiscarded="0" />
  <memory-cardclean objects="88" bytes="10520" />
  <regions eden="27" other="1" />
  <remembered-set-cleared processed="57818" cleared="22" durationms="0.484" />
  <references type="weak" candidates="2" cleared="0" enqueued="0" />
  <stringconstants candidates="13269" cleared="0"  />
</gc-op>
<gc-op id="5859" type="classunload" timems="0.003" contextid="5855" timestamp="2019-06-15T00:50:19.855">
  <classunload-info classloadercandidates="53" classloadersunloaded="0" classesunloaded="0" anonymousclassesunloaded="0" quiescems="0.000" setupms="0.003" scanms="0.000" postms="0.000" />
</gc-op>
<heap-resize id="5860" type="contract" space="default" amount="5242880" count="1" timems="0.057" reason="insufficient time being spent in gc" timestamp="2019-06-15T00:50:19.855" />
<gc-end id="5861" type="partial gc" contextid="5855" durationms="2.728" usertimems="0.000" systemtimems="4.000" timestamp="2019-06-15T00:50:19.855" activeThreads="1">
  <mem-info id="5862" free="46137344" total="81788928" percent="56">
    <mem type="eden" free="1047728" total="1048576" percent="99" />
    <remembered-set count="60448" freebytes="3232256" totalbytes="3474048" percent="93" regionsoverflowed="0" regionsstable="13" regionsrebuilding="0"/>
  </mem-info>
</gc-end>
<cycle-end id="5863" type="partial gc" contextid="5855" timestamp="2019-06-15T00:50:19.856" />
  <attribute name="elasticGC enabled" value="1" />
  <attribute name= "numThreadsSpecified" value="1" />
  <attribute name="heapSize specified" value="0" />
  <attribute name="Current GC Util" value="69" />
  <attribute name= "Current Time Running" value="25801" />
  <attribute name ="GC Interval" value="0" />
  <attribute name="ProportionalT" value="24.500000" />
  <attribute name="ProportionalI" value="24.500000" />
  <attribute name="ProportionalH" value="24.500000" />
  <attribute name="Current Error" value="49.000000" />
  <attribute name="IntegralT" value="0.000000" />
  <attribute name="IntegralI" value="0.000000" />
  <attribute name="IntegralH" value="0.000000" />
  <attribute name="DerivativeT" value="inf" />
  <attribute name="DerivativeI" value="inf" />
  <attribute name="DerivativeH" value="inf" />
  <attribute name="Loop Time for DT" value="0.000000" />
  <attribute name="Output H" value="8388608"/>
  <attribute name="Output I" value="200"/>
  <attribute name="Output T" value="1"/>
  <attribute name="Target GC Util Change" value ="20.000000" />
  <attribute name="Current GC Util Change" value="69.000000"/>
  <attribute name="GC Util currently" value="69" />
  <attribute name="CPU Util currently" value="18825282612508" />
<exclusive-end id="5864" timestamp="2019-06-15T00:50:19.856" durationms="3.928" />

<exclusive-start id="5865" timestamp="2019-06-15T00:50:19.890" intervalms="38.162">
  <response-info timems="0.078" idlems="0.078" threads="0" lastid="0000000001CEB700" lastname="main" />
</exclusive-start>
<allocation-taxation id="5866" taxation-threshold="27262976" timestamp="2019-06-15T00:50:19.890" intervalms="38.172" />
<cycle-start id="5867" type="partial gc" contextid="0" timestamp="2019-06-15T00:50:19.891" intervalms="38.166" />
<gc-start id="5868" type="partial gc" contextid="5867" timestamp="2019-06-15T00:50:19.891">
  <mem-info id="5869" free="18874368" total="81788928" percent="23">
    <mem type="eden" free="0" total="27262976" percent="0" />
    <remembered-set count="60032" freebytes="3233920" totalbytes="3474048" percent="93" regionsoverflowed="0" regionsstable="13" regionsrebuilding="0"/>
  </mem-info>
</gc-start>
<allocation-stats totalBytes="27256544" >
  <allocated-bytes non-tlh="0" tlh="27256544" arrayletleaf="0"/>
  <largest-consumer threadName="main" threadId="0000000001CEB700" bytes="27256544" />
</allocation-stats>
<gc-op id="5870" type="copy forward" timems="1.760" contextid="5867" timestamp="2019-06-15T00:50:19.894">
  <memory-copied type="eden" objects="22" bytes="1224" bytesdiscarded="1264" />
  <memory-copied type="other" objects="9" bytes="232" bytesdiscarded="1368" />
  <memory-cardclean objects="608" bytes="23240" />
  <regions eden="26" other="1" />
  <remembered-set-cleared processed="57782" cleared="60" durationms="0.321" />
  <references type="weak" candidates="2" cleared="0" enqueued="0" />
  <stringconstants candidates="13269" cleared="0"  />
</gc-op>
<gc-op id="5871" type="classunload" timems="0.003" contextid="5867" timestamp="2019-06-15T00:50:19.894">
  <classunload-info classloadercandidates="53" classloadersunloaded="0" classesunloaded="0" anonymousclassesunloaded="0" quiescems="0.000" setupms="0.003" scanms="0.000" postms="0.000" />
</gc-op>
<gc-end id="5872" type="partial gc" contextid="5867" durationms="3.126" usertimems="0.000" systemtimems="4.000" timestamp="2019-06-15T00:50:19.894" activeThreads="4">
  <mem-info id="5873" free="45088768" total="81788928" percent="55">
    <mem type="eden" free="1046088" total="1048576" percent="99" />
    <remembered-set count="60448" freebytes="3022976" totalbytes="3264768" percent="92" regionsoverflowed="0" regionsstable="13" regionsrebuilding="0"/>
  </mem-info>
</gc-end>
<cycle-end id="5874" type="partial gc" contextid="5867" timestamp="2019-06-15T00:50:19.894" />
  <attribute name="elasticGC enabled" value="1" />
  <attribute name= "numThreadsSpecified" value="4" />
  <attribute name="heapSize specified" value="0" />
  <attribute name="Current GC Util" value="48" />
  <attribute name= "Current Time Running" value="25840" />
  <attribute name ="GC Interval" value="0" />
  <attribute name="ProportionalT" value="14.000000" />
  <attribute name="ProportionalI" value="14.000000" />
  <attribute name="ProportionalH" value="14.000000" />
  <attribute name="Current Error" value="28.000000" />
  <attribute name="IntegralT" value="28.000000" />
  <attribute name="IntegralI" value="28.000000" />
  <attribute name="IntegralH" value="28.000000" />
  <attribute name="DerivativeT" value="14.000000" />
  <attribute name="DerivativeI" value="14.000000" />
  <attribute name="DerivativeH" value="14.000000" />
  <attribute name="Loop Time for DT" value="1.000000" />
  <attribute name="Output H" value="8388608"/>
  <attribute name="Output I" value="200"/>
  <attribute name="Output T" value="4"/>
  <attribute name="Target GC Util Change" value ="20.000000" />
  <attribute name="Current GC Util Change" value="48.000000"/>
  <attribute name="GC Util currently" value="48" />
  <attribute name="CPU Util currently" value="9137588236375" />
<exclusive-end id="5875" timestamp="2019-06-15T00:50:19.894" durationms="4.341" />

<exclusive-start id="5876" timestamp="2019-06-15T00:50:19.903" intervalms="12.458">
  <response-info timems="0.071" idlems="0.071" threads="0" lastid="0000000001CEB700" lastname="main" />
</exclusive-start>
<allocation-taxation id="5877" taxation-threshold="27262976" timestamp="2019-06-15T00:50:19.903" intervalms="12.452" />
<cycle-start id="5878" type="partial gc" contextid="0" timestamp="2019-06-15T00:50:19.903" intervalms="12.434" />
<gc-start id="5879" type="partial gc" contextid="5878" timestamp="2019-06-15T00:50:19.903">
  <mem-info id="5880" free="17825792" total="81788928" percent="21">
    <mem type="eden" free="0" total="27262976" percent="0" />
    <remembered-set count="60096" freebytes="3024384" totalbytes="3264768" percent="92" regionsoverflowed="0" regionsstable="13" regionsrebuilding="0"/>
  </mem-info>
</gc-start>
<allocation-stats totalBytes="27215352" >
  <allocated-bytes non-tlh="0" tlh="27215352" arrayletleaf="0"/>
  <largest-consumer threadName="main" threadId="0000000001CEB700" bytes="27215352" />
</allocation-stats>
<gc-op id="5881" type="copy forward" timems="1.232" contextid="5878" timestamp="2019-06-15T00:50:19.905">
  <memory-copied type="eden" objects="2" bytes="40" bytesdiscarded="0" />
  <memory-copied type="other" objects="21" bytes="1208" bytesdiscarded="0" />
  <memory-cardclean objects="57" bytes="1688" />
  <regions eden="26" other="1" />
  <remembered-set-cleared processed="57834" cleared="24" durationms="0.466" />
  <stringconstants candidates="13269" cleared="0"  />
</gc-op>
<gc-op id="5882" type="classunload" timems="0.004" contextid="5878" timestamp="2019-06-15T00:50:19.906">
  <classunload-info classloadercandidates="53" classloadersunloaded="0" classesunloaded="0" anonymousclassesunloaded="0" quiescems="0.000" setupms="0.004" scanms="0.000" postms="0.000" />
</gc-op>
<gc-end id="5883" type="partial gc" contextid="5878" durationms="2.526" usertimems="0.000" systemtimems="0.000" timestamp="2019-06-15T00:50:19.906" activeThreads="1">
  <mem-info id="5884" free="44040192" total="81788928" percent="53">
    <mem type="eden" free="1048536" total="1048576" percent="99" />
    <remembered-set count="60384" freebytes="3023232" totalbytes="3264768" percent="92" regionsoverflowed="0" regionsstable="13" regionsrebuilding="0"/>
  </mem-info>
</gc-end>
<cycle-end id="5885" type="partial gc" contextid="5878" timestamp="2019-06-15T00:50:19.906" />
  <attribute name="elasticGC enabled" value="1" />
  <attribute name= "numThreadsSpecified" value="1" />
  <attribute name="heapSize specified" value="0" />
  <attribute name="Current GC Util" value="75" />
  <attribute name= "Current Time Running" value="25852" />
  <attribute name ="GC Interval" value="0" />
  <attribute name="ProportionalT" value="27.500000" />
  <attribute name="ProportionalI" value="27.500000" />
  <attribute name="ProportionalH" value="27.500000" />
  <attribute name="Current Error" value="55.000000" />
  <attribute name="IntegralT" value="0.000000" />
  <attribute name="IntegralI" value="0.000000" />
  <attribute name="IntegralH" value="0.000000" />
  <attribute name="DerivativeT" value="inf" />
  <attribute name="DerivativeI" value="inf" />
  <attribute name="DerivativeH" value="inf" />
  <attribute name="Loop Time for DT" value="0.000000" />
  <attribute name="Output H" value="8388608"/>
  <attribute name="Output I" value="200"/>
  <attribute name="Output T" value="1"/>
  <attribute name="Target GC Util Change" value ="20.000000" />
  <attribute name="Current GC Util Change" value="75.000000"/>
  <attribute name="GC Util currently" value="75" />
  <attribute name="CPU Util currently" value="16458550882428" />
<exclusive-end id="5886" timestamp="2019-06-15T00:50:19.906" durationms="3.797" />

<exclusive-start id="5887" timestamp="2019-06-15T00:50:19.910" intervalms="7.882">
  <response-info timems="0.079" idlems="0.079" threads="0" lastid="0000000001CEB700" lastname="main" />
</exclusive-start>
<allocation-taxation id="5888" taxation-threshold="13631488" timestamp="2019-06-15T00:50:19.911" intervalms="7.911" />
<cycle-start id="5889" type="global mark phase" contextid="0" timestamp="2019-06-15T00:50:19.911" intervalms="1066.855" />
<gc-start id="5890" type="global mark phase" contextid="5889" timestamp="2019-06-15T00:50:19.911">
  <mem-info id="5891" free="30408704" total="81788928" percent="37">
    <remembered-set count="60032" freebytes="3024640" totalbytes="3264768" percent="92" regionsoverflowed="0" regionsstable="13" regionsrebuilding="0"/>
  </mem-info>
</gc-start>
<gc-op id="5892" type="mark increment" timems="1.591" contextid="5889" timestamp="2019-06-15T00:50:19.913">
  <trace-info objectcount="31828" scancount="14861" scanbytes="500280" />
</gc-op>
<gc-end id="5893" type="global mark phase" contextid="5889" durationms="1.917" usertimems="4.000" systemtimems="0.000" timestamp="2019-06-15T00:50:19.913" activeThreads="4">
  <mem-info id="5894" free="30408704" total="81788928" percent="37">
    <remembered-set count="61568" freebytes="3018496" totalbytes="3264768" percent="92" regionsoverflowed="0" regionsstable="0" regionsrebuilding="13"/>
  </mem-info>
</gc-end>
<concurrent-start id="5895" type="GMP work packet processing" contextid="5889" timestamp="2019-06-15T00:50:19.913">
  <concurrent-mark-start scanTarget="1048576" />
</concurrent-start>
<exclusive-end id="5896" timestamp="2019-06-15T00:50:19.914" durationms="3.528" />

<concurrent-end id="5897" type="GMP work packet processing" contextid="5889" timestamp="2019-06-15T00:50:19.914">
  <concurrent-mark-end bytesScanned="1098316" reasonForTermination="Work target met" />
</concurrent-end>

<exclusive-start id="5898" timestamp="2019-06-15T00:50:19.918" intervalms="7.738">
  <response-info timems="0.069" idlems="0.069" threads="0" lastid="0000000001CEB700" lastname="main" />
</exclusive-start>
<allocation-taxation id="5899" taxation-threshold="13631488" timestamp="2019-06-15T00:50:19.918" intervalms="7.660" />
<cycle-start id="5900" type="partial gc" contextid="0" timestamp="2019-06-15T00:50:19.919" intervalms="15.552" />
<gc-start id="5901" type="partial gc" contextid="5900" timestamp="2019-06-15T00:50:19.919">
  <mem-info id="5902" free="16777216" total="81788928" percent="20">
    <mem type="eden" free="1048536" total="28311552" percent="3" />
    <remembered-set count="63104" freebytes="3012352" totalbytes="3264768" percent="92" regionsoverflowed="0" regionsstable="0" regionsrebuilding="13"/>
  </mem-info>
</gc-start>
<allocation-stats totalBytes="27214616" >
  <allocated-bytes non-tlh="0" tlh="27214616" arrayletleaf="0"/>
  <largest-consumer threadName="main" threadId="0000000001CEB700" bytes="13607256" />
</allocation-stats>
<gc-op id="5903" type="copy forward" timems="1.531" contextid="5900" timestamp="2019-06-15T00:50:19.921">
  <memory-copied type="eden" objects="3" bytes="72" bytesdiscarded="0" />
  <memory-copied type="other" objects="0" bytes="0" bytesdiscarded="0" />
  <memory-cardclean objects="11" bytes="416" />
  <regions eden="26" other="1" />
  <remembered-set-cleared processed="61088" cleared="12" durationms="0.510" />
  <stringconstants candidates="13269" cleared="0"  />
</gc-op>
<gc-op id="5904" type="classunload" timems="0.004" contextid="5900" timestamp="2019-06-15T00:50:19.921">
  <classunload-info classloadercandidates="53" classloadersunloaded="0" classesunloaded="0" anonymousclassesunloaded="0" quiescems="0.000" setupms="0.004" scanms="0.000" postms="0.000" />
</gc-op>
<heap-resize id="5905" type="expand" space="default" amount="12582912" count="1" timems="0.089" reason="excessive time being spent in gc" timestamp="2019-06-15T00:50:19.922" />
<gc-end id="5906" type="partial gc" contextid="5900" durationms="3.106" usertimems="0.000" systemtimems="4.000" timestamp="2019-06-15T00:50:19.922" activeThreads="1">
  <mem-info id="5907" free="56623104" total="94371840" percent="60">
    <mem type="eden" free="1048504" total="1048576" percent="99" />
    <remembered-set count="63552" freebytes="3512832" totalbytes="3767040" percent="93" regionsoverflowed="0" regionsstable="0" regionsrebuilding="13"/>
  </mem-info>
</gc-end>
<cycle-end id="5908" type="partial gc" contextid="5900" timestamp="2019-06-15T00:50:19.922" />
  <attribute name="elasticGC enabled" value="1" />
  <attribute name= "numThreadsSpecified" value="1" />
  <attribute name="heapSize specified" value="0" />
  <attribute name="Current GC Util" value="75" />
  <attribute name= "Current Time Running" value="25867" />
  <attribute name ="GC Interval" value="0" />
  <attribute name="ProportionalT" value="27.500000" />
  <attribute name="ProportionalI" value="27.500000" />
  <attribute name="ProportionalH" value="27.500000" />
  <attribute name="Current Error" value="55.000000" />
  <attribute name="IntegralT" value="0.000000" />
  <attribute name="IntegralI" value="0.000000" />
  <attribute name="IntegralH" value="0.000000" />
  <attribute name="DerivativeT" value="inf" />
  <attribute name="DerivativeI" value="inf" />
  <attribute name="DerivativeH" value="inf" />
  <attribute name="Loop Time for DT" value="0.000000" />
  <attribute name="Output H" value="8388608"/>
  <attribute name="Output I" value="200"/>
  <attribute name="Output T" value="1"/>
  <attribute name="Target GC Util Change" value ="20.000000" />
  <attribute name="Current GC Util Change" value="75.000000"/>
  <attribute name="GC Util currently" value="75" />
  <attribute name="CPU Util currently" value="16162413022282" />
<exclusive-end id="5909" timestamp="2019-06-15T00:50:19.922" durationms="4.293" />

<exclusive-start id="5910" timestamp="2019-06-15T00:50:19.927" intervalms="9.060">
  <response-info timems="0.082" idlems="0.082" threads="0" lastid="0000000001CEB700" lastname="main" />
</exclusive-start>
<allocation-taxation id="5911" taxation-threshold="14680064" timestamp="2019-06-15T00:50:19.927" intervalms="9.119" />
<gc-start id="5912" type="global mark phase" contextid="5889" timestamp="2019-06-15T00:50:19.928">
  <mem-info id="5913" free="41943040" total="94371840" percent="44">
    <remembered-set count="63104" freebytes="3514624" totalbytes="3767040" percent="93" regionsoverflowed="0" regionsstable="0" regionsrebuilding="13"/>
  </mem-info>
</gc-start>
<gc-end id="5914" type="global mark phase" contextid="5889" durationms="0.200" usertimems="0.000" systemtimems="0.000" timestamp="2019-06-15T00:50:19.928" activeThreads="1">
  <mem-info id="5915" free="41943040" total="94371840" percent="44">
    <remembered-set count="63104" freebytes="3514624" totalbytes="3767040" percent="93" regionsoverflowed="0" regionsstable="0" regionsrebuilding="13"/>
  </mem-info>
</gc-end>
<concurrent-start id="5916" type="GMP work packet processing" contextid="5889" timestamp="2019-06-15T00:50:19.928">
  <concurrent-mark-start scanTarget="1048576" />
</concurrent-start>
<exclusive-end id="5917" timestamp="2019-06-15T00:50:19.929" durationms="1.636" />

<concurrent-end id="5918" type="GMP work packet processing" contextid="5889" timestamp="2019-06-15T00:50:19.929">
  <concurrent-mark-end bytesScanned="1102756" reasonForTermination="Work target met" />
</concurrent-end>

<exclusive-start id="5919" timestamp="2019-06-15T00:50:19.934" intervalms="6.329">
  <response-info timems="0.067" idlems="0.067" threads="0" lastid="0000000001CEB700" lastname="main" />
</exclusive-start>
<allocation-taxation id="5920" taxation-threshold="14680064" timestamp="2019-06-15T00:50:19.934" intervalms="6.314" />
<cycle-start id="5921" type="partial gc" contextid="0" timestamp="2019-06-15T00:50:19.934" intervalms="15.492" />
<gc-start id="5922" type="partial gc" contextid="5921" timestamp="2019-06-15T00:50:19.934">
  <mem-info id="5923" free="27262976" total="94371840" percent="28">
    <mem type="eden" free="1048504" total="30408704" percent="3" />
    <remembered-set count="64864" freebytes="3507584" totalbytes="3767040" percent="93" regionsoverflowed="0" regionsstable="0" regionsrebuilding="13"/>
  </mem-info>
</gc-start>
<allocation-stats totalBytes="29308656" >
  <allocated-bytes non-tlh="0" tlh="29308656" arrayletleaf="0"/>
  <largest-consumer threadName="main" threadId="0000000001CEB700" bytes="14654144" />
</allocation-stats>
<gc-op id="5924" type="copy forward" timems="1.432" contextid="5921" timestamp="2019-06-15T00:50:19.937">
  <memory-copied type="eden" objects="3" bytes="72" bytesdiscarded="0" />
  <memory-copied type="other" objects="0" bytes="0" bytesdiscarded="0" />
  <memory-cardclean objects="11" bytes="416" />
  <regions eden="28" other="1" />
  <remembered-set-cleared processed="62675" cleared="10" durationms="0.525" />
  <stringconstants candidates="13269" cleared="0"  />
</gc-op>
<gc-op id="5925" type="classunload" timems="0.003" contextid="5921" timestamp="2019-06-15T00:50:19.937">
  <classunload-info classloadercandidates="53" classloadersunloaded="0" classesunloaded="0" anonymousclassesunloaded="0" quiescems="0.000" setupms="0.003" scanms="0.000" postms="0.000" />
</gc-op>
<gc-end id="5926" type="partial gc" contextid="5921" durationms="2.615" usertimems="4.000" systemtimems="0.000" timestamp="2019-06-15T00:50:19.937" activeThreads="1">
  <mem-info id="5927" free="56623104" total="94371840" percent="60">
    <mem type="eden" free="1048504" total="1048576" percent="99" />
    <remembered-set count="65312" freebytes="3505792" totalbytes="3767040" percent="93" regionsoverflowed="0" regionsstable="0" regionsrebuilding="13"/>
  </mem-info>
</gc-end>
<cycle-end id="5928" type="partial gc" contextid="5921" timestamp="2019-06-15T00:50:19.937" />
  <attribute name="elasticGC enabled" value="1" />
  <attribute name= "numThreadsSpecified" value="1" />
  <attribute name="heapSize specified" value="0" />
  <attribute name="Current GC Util" value="80" />
  <attribute name= "Current Time Running" value="25883" />
  <attribute name ="GC Interval" value="0" />
  <attribute name="ProportionalT" value="30.000000" />
  <attribute name="ProportionalI" value="30.000000" />
  <attribute name="ProportionalH" value="30.000000" />
  <attribute name="Current Error" value="60.000000" />
  <attribute name="IntegralT" value="0.000000" />
  <attribute name="IntegralI" value="0.000000" />
  <attribute name="IntegralH" value="0.000000" />
  <attribute name="DerivativeT" value="inf" />
  <attribute name="DerivativeI" value="inf" />
  <attribute name="DerivativeH" value="inf" />
  <attribute name="Loop Time for DT" value="0.000000" />
  <attribute name="Output H" value="8388608"/>
  <attribute name="Output I" value="200"/>
  <attribute name="Output T" value="1"/>
  <attribute name="Target GC Util Change" value ="20.000000" />
  <attribute name="Current GC Util Change" value="80.000000"/>
  <attribute name="GC Util currently" value="80" />
  <attribute name="CPU Util currently" value="16954104470186" />
<exclusive-end id="5929" timestamp="2019-06-15T00:50:19.937" durationms="3.910" />

<exclusive-start id="5930" timestamp="2019-06-15T00:50:19.942" intervalms="8.488">
  <response-info timems="0.080" idlems="0.080" threads="0" lastid="0000000001CEB700" lastname="main" />
</exclusive-start>
<allocation-taxation id="5931" taxation-threshold="14680064" timestamp="2019-06-15T00:50:19.942" intervalms="8.515" />
<gc-start id="5932" type="global mark phase" contextid="5889" timestamp="2019-06-15T00:50:19.943">
  <mem-info id="5933" free="41943040" total="94371840" percent="44">
    <remembered-set count="64864" freebytes="3507584" totalbytes="3767040" percent="93" regionsoverflowed="0" regionsstable="0" regionsrebuilding="13"/>
  </mem-info>
</gc-start>
<gc-end id="5934" type="global mark phase" contextid="5889" durationms="0.220" usertimems="0.000" systemtimems="0.000" timestamp="2019-06-15T00:50:19.943" activeThreads="1">
  <mem-info id="5935" free="41943040" total="94371840" percent="44">
    <remembered-set count="64864" freebytes="3507584" totalbytes="3767040" percent="93" regionsoverflowed="0" regionsstable="0" regionsrebuilding="13"/>
  </mem-info>
</gc-end>
<concurrent-start id="5936" type="GMP work packet processing" contextid="5889" timestamp="2019-06-15T00:50:19.943">
  <concurrent-mark-start scanTarget="1048576" />
</concurrent-start>
<exclusive-end id="5937" timestamp="2019-06-15T00:50:19.944" durationms="1.628" />

<concurrent-end id="5938" type="GMP work packet processing" contextid="5889" timestamp="2019-06-15T00:50:19.944">
  <concurrent-mark-end bytesScanned="1087960" reasonForTermination="Work target met" />
</concurrent-end>

<exclusive-start id="5939" timestamp="2019-06-15T00:50:19.948" intervalms="6.026">
  <response-info timems="0.065" idlems="0.065" threads="0" lastid="0000000001CEB700" lastname="main" />
</exclusive-start>
<allocation-taxation id="5940" taxation-threshold="14680064" timestamp="2019-06-15T00:50:19.948" intervalms="6.005" />
<cycle-start id="5941" type="partial gc" contextid="0" timestamp="2019-06-15T00:50:19.949" intervalms="14.516" />
<gc-start id="5942" type="partial gc" contextid="5941" timestamp="2019-06-15T00:50:19.949">
  <mem-info id="5943" free="27262976" total="94371840" percent="28">
    <mem type="eden" free="1048504" total="30408704" percent="3" />
    <remembered-set count="67008" freebytes="3499008" totalbytes="3767040" percent="92" regionsoverflowed="0" regionsstable="0" regionsrebuilding="13"/>
  </mem-info>
</gc-start>
<allocation-stats totalBytes="29308656" >
  <allocated-bytes non-tlh="0" tlh="29308656" arrayletleaf="0"/>
  <largest-consumer threadName="main" threadId="0000000001CEB700" bytes="14654144" />
</allocation-stats>
<gc-op id="5944" type="copy forward" timems="1.448" contextid="5941" timestamp="2019-06-15T00:50:19.951">
  <memory-copied type="eden" objects="3" bytes="72" bytesdiscarded="0" />
  <memory-copied type="other" objects="0" bytes="0" bytesdiscarded="0" />
  <memory-cardclean objects="11" bytes="416" />
  <regions eden="28" other="1" />
  <remembered-set-cleared processed="64948" cleared="10" durationms="0.521" />
  <stringconstants candidates="13269" cleared="0"  />
</gc-op>
<gc-op id="5945" type="classunload" timems="0.004" contextid="5941" timestamp="2019-06-15T00:50:19.951">
  <classunload-info classloadercandidates="53" classloadersunloaded="0" classesunloaded="0" anonymousclassesunloaded="0" quiescems="0.000" setupms="0.004" scanms="0.000" postms="0.000" />
</gc-op>
<gc-end id="5946" type="partial gc" contextid="5941" durationms="2.732" usertimems="0.000" systemtimems="0.000" timestamp="2019-06-15T00:50:19.952" activeThreads="1">
  <mem-info id="5947" free="56623104" total="94371840" percent="60">
    <mem type="eden" free="1048504" total="1048576" percent="99" />
    <remembered-set count="67424" freebytes="3497344" totalbytes="3767040" percent="92" regionsoverflowed="0" regionsstable="0" regionsrebuilding="13"/>
  </mem-info>
</gc-end>
<cycle-end id="5948" type="partial gc" contextid="5941" timestamp="2019-06-15T00:50:19.952" />
  <attribute name="elasticGC enabled" value="1" />
  <attribute name= "numThreadsSpecified" value="1" />
  <attribute name="heapSize specified" value="0" />
  <attribute name="Current GC Util" value="83" />
  <attribute name= "Current Time Running" value="25897" />
  <attribute name ="GC Interval" value="0" />
  <attribute name="ProportionalT" value="31.500000" />
  <attribute name="ProportionalI" value="31.500000" />
  <attribute name="ProportionalH" value="31.500000" />
  <attribute name="Current Error" value="63.000000" />
  <attribute name="IntegralT" value="0.000000" />
  <attribute name="IntegralI" value="0.000000" />
  <attribute name="IntegralH" value="0.000000" />
  <attribute name="DerivativeT" value="inf" />
  <attribute name="DerivativeI" value="inf" />
  <attribute name="DerivativeH" value="inf" />
  <attribute name="Loop Time for DT" value="0.000000" />
  <attribute name="Output H" value="8388608"/>
  <attribute name="Output I" value="200"/>
  <attribute name="Output T" value="1"/>
  <attribute name="Target GC Util Change" value ="20.000000" />
  <attribute name="Current GC Util Change" value="83.000000"/>
  <attribute name="GC Util currently" value="83" />
  <attribute name="CPU Util currently" value="16547014218875" />
<exclusive-end id="5949" timestamp="2019-06-15T00:50:19.952" durationms="4.012" />

<exclusive-start id="5950" timestamp="2019-06-15T00:50:19.957" intervalms="8.846">
  <response-info timems="0.081" idlems="0.081" threads="0" lastid="0000000001CEB700" lastname="main" />
</exclusive-start>
<allocation-taxation id="5951" taxation-threshold="14680064" timestamp="2019-06-15T00:50:19.957" intervalms="8.845" />
<gc-start id="5952" type="global mark phase" contextid="5889" timestamp="2019-06-15T00:50:19.957">
  <mem-info id="5953" free="41943040" total="94371840" percent="44">
    <remembered-set count="67008" freebytes="3499008" totalbytes="3767040" percent="92" regionsoverflowed="0" regionsstable="0" regionsrebuilding="13"/>
  </mem-info>
</gc-start>
<gc-end id="5954" type="global mark phase" contextid="5889" durationms="0.208" usertimems="0.000" systemtimems="0.000" timestamp="2019-06-15T00:50:19.958" activeThreads="1">
  <mem-info id="5955" free="41943040" total="94371840" percent="44">
    <remembered-set count="67008" freebytes="3499008" totalbytes="3767040" percent="92" regionsoverflowed="0" regionsstable="0" regionsrebuilding="13"/>
  </mem-info>
</gc-end>
<concurrent-start id="5956" type="GMP work packet processing" contextid="5889" timestamp="2019-06-15T00:50:19.958">
  <concurrent-mark-start scanTarget="1048576" />
</concurrent-start>
<exclusive-end id="5957" timestamp="2019-06-15T00:50:19.958" durationms="0.975" />

<concurrent-end id="5958" type="GMP work packet processing" contextid="5889" timestamp="2019-06-15T00:50:19.958">
  <concurrent-mark-end bytesScanned="1090540" reasonForTermination="Work target met" />
</concurrent-end>

<exclusive-start id="5959" timestamp="2019-06-15T00:50:19.963" intervalms="5.887">
  <response-info timems="0.081" idlems="0.081" threads="0" lastid="0000000001CEB700" lastname="main" />
</exclusive-start>
<allocation-taxation id="5960" taxation-threshold="14680064" timestamp="2019-06-15T00:50:19.963" intervalms="5.850" />
<cycle-start id="5961" type="partial gc" contextid="0" timestamp="2019-06-15T00:50:19.963" intervalms="14.585" />
<gc-start id="5962" type="partial gc" contextid="5961" timestamp="2019-06-15T00:50:19.963">
  <mem-info id="5963" free="27262976" total="94371840" percent="28">
    <mem type="eden" free="1048504" total="30408704" percent="3" />
    <remembered-set count="67744" freebytes="3496064" totalbytes="3767040" percent="92" regionsoverflowed="0" regionsstable="0" regionsrebuilding="13"/>
  </mem-info>
</gc-start>
<allocation-stats totalBytes="29308624" >
  <allocated-bytes non-tlh="0" tlh="29308624" arrayletleaf="0"/>
  <largest-consumer threadName="main" threadId="0000000001CEB700" bytes="14654112" />
</allocation-stats>
<gc-op id="5964" type="copy forward" timems="1.470" contextid="5961" timestamp="2019-06-15T00:50:19.966">
  <memory-copied type="eden" objects="2" bytes="40" bytesdiscarded="0" />
  <memory-copied type="other" objects="0" bytes="0" bytesdiscarded="0" />
  <memory-cardclean objects="11" bytes="416" />
  <regions eden="28" other="1" />
  <remembered-set-cleared processed="65486" cleared="10" durationms="0.524" />
  <stringconstants candidates="13269" cleared="0"  />
</gc-op>
<gc-op id="5965" type="classunload" timems="0.004" contextid="5961" timestamp="2019-06-15T00:50:19.966">
  <classunload-info classloadercandidates="53" classloadersunloaded="0" classesunloaded="0" anonymousclassesunloaded="0" quiescems="0.000" setupms="0.004" scanms="0.000" postms="0.000" />
</gc-op>
<gc-end id="5966" type="partial gc" contextid="5961" durationms="2.646" usertimems="4.000" systemtimems="0.000" timestamp="2019-06-15T00:50:19.966" activeThreads="1">
  <mem-info id="5967" free="56623104" total="94371840" percent="60">
    <mem type="eden" free="1048536" total="1048576" percent="99" />
    <remembered-set count="68192" freebytes="3494272" totalbytes="3767040" percent="92" regionsoverflowed="0" regionsstable="0" regionsrebuilding="13"/>
  </mem-info>
</gc-end>
<cycle-end id="5968" type="partial gc" contextid="5961" timestamp="2019-06-15T00:50:19.966" />
  <attribute name="elasticGC enabled" value="1" />
  <attribute name= "numThreadsSpecified" value="1" />
  <attribute name="heapSize specified" value="0" />
  <attribute name="Current GC Util" value="55" />
  <attribute name= "Current Time Running" value="25912" />
  <attribute name ="GC Interval" value="0" />
  <attribute name="ProportionalT" value="17.500000" />
  <attribute name="ProportionalI" value="17.500000" />
  <attribute name="ProportionalH" value="17.500000" />
  <attribute name="Current Error" value="35.000000" />
  <attribute name="IntegralT" value="0.000000" />
  <attribute name="IntegralI" value="0.000000" />
  <attribute name="IntegralH" value="0.000000" />
  <attribute name="DerivativeT" value="inf" />
  <attribute name="DerivativeI" value="inf" />
  <attribute name="DerivativeH" value="inf" />
  <attribute name="Loop Time for DT" value="0.000000" />
  <attribute name="Output H" value="8388608"/>
  <attribute name="Output I" value="200"/>
  <attribute name="Output T" value="1"/>
  <attribute name="Target GC Util Change" value ="20.000000" />
  <attribute name="Current GC Util Change" value="55.000000"/>
  <attribute name="GC Util currently" value="55" />
  <attribute name="CPU Util currently" value="19495607511024" />
<exclusive-end id="5969" timestamp="2019-06-15T00:50:19.966" durationms="3.636" />

<exclusive-start id="5970" timestamp="2019-06-15T00:50:19.971" intervalms="8.209">
  <response-info timems="0.063" idlems="0.063" threads="0" lastid="0000000001CEB700" lastname="main" />
</exclusive-start>
<allocation-taxation id="5971" taxation-threshold="14680064" timestamp="2019-06-15T00:50:19.971" intervalms="8.242" />
<gc-start id="5972" type="global mark phase" contextid="5889" timestamp="2019-06-15T00:50:19.971">
  <mem-info id="5973" free="41943040" total="94371840" percent="44">
    <remembered-set count="67744" freebytes="3496064" totalbytes="3767040" percent="92" regionsoverflowed="0" regionsstable="0" regionsrebuilding="13"/>
  </mem-info>
</gc-start>
<gc-end id="5974" type="global mark phase" contextid="5889" durationms="0.192" usertimems="0.000" systemtimems="0.000" timestamp="2019-06-15T00:50:19.972" activeThreads="1">
  <mem-info id="5975" free="41943040" total="94371840" percent="44">
    <remembered-set count="67744" freebytes="3496064" totalbytes="3767040" percent="92" regionsoverflowed="0" regionsstable="0" regionsrebuilding="13"/>
  </mem-info>
</gc-end>
<concurrent-start id="5976" type="GMP work packet processing" contextid="5889" timestamp="2019-06-15T00:50:19.972">
  <concurrent-mark-start scanTarget="1048576" />
</concurrent-start>
<exclusive-end id="5977" timestamp="2019-06-15T00:50:19.973" durationms="1.482" />

<concurrent-end id="5978" type="GMP work packet processing" contextid="5889" timestamp="2019-06-15T00:50:19.973">
  <concurrent-mark-end bytesScanned="1097984" reasonForTermination="Work target met" />
</concurrent-end>

<exclusive-start id="5979" timestamp="2019-06-15T00:50:19.977" intervalms="6.000">
  <response-info timems="0.067" idlems="0.067" threads="0" lastid="0000000001CEB700" lastname="main" />
</exclusive-start>
<allocation-taxation id="5980" taxation-threshold="14680064" timestamp="2019-06-15T00:50:19.977" intervalms="5.973" />
<cycle-start id="5981" type="partial gc" contextid="0" timestamp="2019-06-15T00:50:19.977" intervalms="14.264" />
<gc-start id="5982" type="partial gc" contextid="5981" timestamp="2019-06-15T00:50:19.978">
  <mem-info id="5983" free="27262976" total="94371840" percent="28">
    <mem type="eden" free="1048536" total="30408704" percent="3" />
    <remembered-set count="69568" freebytes="3488768" totalbytes="3767040" percent="92" regionsoverflowed="0" regionsstable="0" regionsrebuilding="13"/>
  </mem-info>
</gc-start>
<allocation-stats totalBytes="29309456" >
  <allocated-bytes non-tlh="0" tlh="29309456" arrayletleaf="0"/>
  <largest-consumer threadName="main" threadId="0000000001CEB700" bytes="14653856" />
</allocation-stats>
<gc-op id="5984" type="copy forward" timems="1.424" contextid="5981" timestamp="2019-06-15T00:50:19.980">
  <memory-copied type="eden" objects="2" bytes="40" bytesdiscarded="0" />
  <memory-copied type="other" objects="0" bytes="0" bytesdiscarded="0" />
  <memory-cardclean objects="11" bytes="416" />
  <regions eden="28" other="1" />
  <remembered-set-cleared processed="67250" cleared="9" durationms="0.509" />
  <stringconstants candidates="13269" cleared="0"  />
</gc-op>
<gc-op id="5985" type="classunload" timems="0.004" contextid="5981" timestamp="2019-06-15T00:50:19.980">
  <classunload-info classloadercandidates="53" classloadersunloaded="0" classesunloaded="0" anonymousclassesunloaded="0" quiescems="0.000" setupms="0.004" scanms="0.000" postms="0.000" />
</gc-op>
<gc-end id="5986" type="partial gc" contextid="5981" durationms="2.574" usertimems="0.000" systemtimems="0.000" timestamp="2019-06-15T00:50:19.980" activeThreads="1">
  <mem-info id="5987" free="56623104" total="94371840" percent="60">
    <mem type="eden" free="1048536" total="1048576" percent="99" />
    <remembered-set count="70016" freebytes="3486976" totalbytes="3767040" percent="92" regionsoverflowed="0" regionsstable="0" regionsrebuilding="13"/>
  </mem-info>
</gc-end>
<cycle-end id="5988" type="partial gc" contextid="5981" timestamp="2019-06-15T00:50:19.980" />
  <attribute name="elasticGC enabled" value="1" />
  <attribute name= "numThreadsSpecified" value="1" />
  <attribute name="heapSize specified" value="0" />
  <attribute name="Current GC Util" value="58" />
  <attribute name= "Current Time Running" value="25926" />
  <attribute name ="GC Interval" value="0" />
  <attribute name="ProportionalT" value="19.000000" />
  <attribute name="ProportionalI" value="19.000000" />
  <attribute name="ProportionalH" value="19.000000" />
  <attribute name="Current Error" value="38.000000" />
  <attribute name="IntegralT" value="0.000000" />
  <attribute name="IntegralI" value="0.000000" />
  <attribute name="IntegralH" value="0.000000" />
  <attribute name="DerivativeT" value="inf" />
  <attribute name="DerivativeI" value="inf" />
  <attribute name="DerivativeH" value="inf" />
  <attribute name="Loop Time for DT" value="0.000000" />
  <attribute name="Output H" value="8388608"/>
  <attribute name="Output I" value="200"/>
  <attribute name="Output T" value="1"/>
  <attribute name="Target GC Util Change" value ="20.000000" />
  <attribute name="Current GC Util Change" value="58.000000"/>
  <attribute name="GC Util currently" value="58" />
  <attribute name="CPU Util currently" value="19844255689177" />
<exclusive-end id="5989" timestamp="2019-06-15T00:50:19.981" durationms="3.697" />

<exclusive-start id="5990" timestamp="2019-06-15T00:50:19.985" intervalms="8.231">
  <response-info timems="0.074" idlems="0.074" threads="0" lastid="0000000001CEB700" lastname="main" />
</exclusive-start>
<allocation-taxation id="5991" taxation-threshold="14680064" timestamp="2019-06-15T00:50:19.985" intervalms="8.254" />
<gc-start id="5992" type="global mark phase" contextid="5889" timestamp="2019-06-15T00:50:19.986">
  <mem-info id="5993" free="41943040" total="94371840" percent="44">
    <remembered-set count="69568" freebytes="3488768" totalbytes="3767040" percent="92" regionsoverflowed="0" regionsstable="0" regionsrebuilding="13"/>
  </mem-info>
</gc-start>
<gc-end id="5994" type="global mark phase" contextid="5889" durationms="0.201" usertimems="0.000" systemtimems="0.000" timestamp="2019-06-15T00:50:19.986" activeThreads="1">
  <mem-info id="5995" free="41943040" total="94371840" percent="44">
    <remembered-set count="69568" freebytes="3488768" totalbytes="3767040" percent="92" regionsoverflowed="0" regionsstable="0" regionsrebuilding="13"/>
  </mem-info>
</gc-end>
<concurrent-start id="5996" type="GMP work packet processing" contextid="5889" timestamp="2019-06-15T00:50:19.986">
  <concurrent-mark-start scanTarget="1048576" />
</concurrent-start>
<exclusive-end id="5997" timestamp="2019-06-15T00:50:19.986" durationms="0.924" />

<concurrent-end id="5998" type="GMP work packet processing" contextid="5889" timestamp="2019-06-15T00:50:19.987">
  <concurrent-mark-end bytesScanned="1104476" reasonForTermination="Work target met" />
</concurrent-end>

<exclusive-start id="5999" timestamp="2019-06-15T00:50:20.001" intervalms="15.504">
  <response-info timems="0.078" idlems="0.078" threads="0" lastid="0000000001CEB700" lastname="main" />
</exclusive-start>
<allocation-taxation id="6000" taxation-threshold="14680064" timestamp="2019-06-15T00:50:20.001" intervalms="15.499" />
<cycle-start id="6001" type="partial gc" contextid="0" timestamp="2019-06-15T00:50:20.001" intervalms="23.780" />
<gc-start id="6002" type="partial gc" contextid="6001" timestamp="2019-06-15T00:50:20.002">
  <mem-info id="6003" free="27262976" total="94371840" percent="28">
    <mem type="eden" free="1048536" total="30408704" percent="3" />
    <remembered-set count="74464" freebytes="3469184" totalbytes="3767040" percent="92" regionsoverflowed="0" regionsstable="0" regionsrebuilding="13"/>
  </mem-info>
</gc-start>
<allocation-stats totalBytes="29314872" >
  <allocated-bytes non-tlh="0" tlh="29314872" arrayletleaf="0"/>
  <largest-consumer threadName="main" threadId="0000000001CEB700" bytes="14660064" />
</allocation-stats>
<gc-op id="6004" type="copy forward" timems="1.490" contextid="6001" timestamp="2019-06-15T00:50:20.004">
  <memory-copied type="eden" objects="37" bytes="1464" bytesdiscarded="0" />
  <memory-copied type="other" objects="0" bytes="0" bytesdiscarded="0" />
  <memory-cardclean objects="98" bytes="2808" />
  <regions eden="28" other="1" />
  <remembered-set-cleared processed="71722" cleared="54" durationms="0.559" />
  <stringconstants candidates="13269" cleared="0"  />
</gc-op>
<gc-op id="6005" type="classunload" timems="0.003" contextid="6001" timestamp="2019-06-15T00:50:20.004">
  <classunload-info classloadercandidates="53" classloadersunloaded="0" classesunloaded="0" anonymousclassesunloaded="0" quiescems="0.000" setupms="0.003" scanms="0.000" postms="0.000" />
</gc-op>
<gc-end id="6006" type="partial gc" contextid="6001" durationms="2.672" usertimems="4.000" systemtimems="0.000" timestamp="2019-06-15T00:50:20.004" activeThreads="1">
  <mem-info id="6007" free="56623104" total="94371840" percent="60">
    <mem type="eden" free="1047112" total="1048576" percent="99" />
    <remembered-set count="74816" freebytes="3467776" totalbytes="3767040" percent="92" regionsoverflowed="0" regionsstable="0" regionsrebuilding="13"/>
  </mem-info>
</gc-end>
<cycle-end id="6008" type="partial gc" contextid="6001" timestamp="2019-06-15T00:50:20.004" />
  <attribute name="elasticGC enabled" value="1" />
  <attribute name= "numThreadsSpecified" value="1" />
  <attribute name="heapSize specified" value="0" />
  <attribute name="Current GC Util" value="85" />
  <attribute name= "Current Time Running" value="25950" />
  <attribute name ="GC Interval" value="0" />
  <attribute name="ProportionalT" value="32.500000" />
  <attribute name="ProportionalI" value="32.500000" />
  <attribute name="ProportionalH" value="32.500000" />
  <attribute name="Current Error" value="65.000000" />
  <attribute name="IntegralT" value="0.000000" />
  <attribute name="IntegralI" value="0.000000" />
  <attribute name="IntegralH" value="0.000000" />
  <attribute name="DerivativeT" value="inf" />
  <attribute name="DerivativeI" value="inf" />
  <attribute name="DerivativeH" value="inf" />
  <attribute name="Loop Time for DT" value="0.000000" />
  <attribute name="Output H" value="8388608"/>
  <attribute name="Output I" value="200"/>
  <attribute name="Output T" value="1"/>
  <attribute name="Target GC Util Change" value ="20.000000" />
  <attribute name="Current GC Util Change" value="85.000000"/>
  <attribute name="GC Util currently" value="85" />
  <attribute name="CPU Util currently" value="18356941667459" />
<exclusive-end id="6009" timestamp="2019-06-15T00:50:20.005" durationms="3.881" />

<exclusive-start id="6010" timestamp="2019-06-15T00:50:20.027" intervalms="26.145">
  <response-info timems="0.084" idlems="0.084" threads="0" lastid="0000000001CEB700" lastname="main" />
</exclusive-start>
<allocation-taxation id="6011" taxation-threshold="14680064" timestamp="2019-06-15T00:50:20.027" intervalms="26.102" />
<gc-start id="6012" type="global mark phase" contextid="5889" timestamp="2019-06-15T00:50:20.027">
  <mem-info id="6013" free="41943040" total="94371840" percent="44">
    <remembered-set count="74464" freebytes="3469184" totalbytes="3767040" percent="92" regionsoverflowed="0" regionsstable="0" regionsrebuilding="13"/>
  </mem-info>
</gc-start>
<gc-end id="6014" type="global mark phase" contextid="5889" durationms="0.212" usertimems="0.000" systemtimems="0.000" timestamp="2019-06-15T00:50:20.028" activeThreads="1">
  <mem-info id="6015" free="41943040" total="94371840" percent="44">
    <remembered-set count="74464" freebytes="3469184" totalbytes="3767040" percent="92" regionsoverflowed="0" regionsstable="0" regionsrebuilding="13"/>
  </mem-info>
</gc-end>
<concurrent-start id="6016" type="GMP work packet processing" contextid="5889" timestamp="2019-06-15T00:50:20.028">
  <concurrent-mark-start scanTarget="1048576" />
</concurrent-start>
<exclusive-end id="6017" timestamp="2019-06-15T00:50:20.028" durationms="1.440" />

<concurrent-end id="6018" type="GMP work packet processing" contextid="5889" timestamp="2019-06-15T00:50:20.028">
  <concurrent-mark-end bytesScanned="1094172" reasonForTermination="Work target met" />
</concurrent-end>

<exclusive-start id="6019" timestamp="2019-06-15T00:50:20.051" intervalms="23.668">
  <response-info timems="0.055" idlems="0.055" threads="0" lastid="0000000001CEB700" lastname="main" />
</exclusive-start>
<allocation-taxation id="6020" taxation-threshold="14680064" timestamp="2019-06-15T00:50:20.051" intervalms="23.724" />
<cycle-start id="6021" type="partial gc" contextid="0" timestamp="2019-06-15T00:50:20.051" intervalms="49.828" />
<gc-start id="6022" type="partial gc" contextid="6021" timestamp="2019-06-15T00:50:20.051">
  <mem-info id="6023" free="27262976" total="94371840" percent="28">
    <mem type="eden" free="0" total="29360128" percent="0" />
    <remembered-set count="76576" freebytes="3460736" totalbytes="3767040" percent="91" regionsoverflowed="0" regionsstable="0" regionsrebuilding="13"/>
  </mem-info>
</gc-start>
<allocation-stats totalBytes="29310488" >
  <allocated-bytes non-tlh="0" tlh="29310488" arrayletleaf="0"/>
  <largest-consumer threadName="main" threadId="0000000001CEB700" bytes="14653944" />
</allocation-stats>
<gc-op id="6024" type="copy forward" timems="1.582" contextid="6021" timestamp="2019-06-15T00:50:20.054">
  <memory-copied type="eden" objects="7" bytes="656" bytesdiscarded="0" />
  <memory-copied type="other" objects="24" bytes="720" bytesdiscarded="0" />
  <memory-cardclean objects="86" bytes="2592" />
  <regions eden="28" other="1" />
  <remembered-set-cleared processed="74166" cleared="48" durationms="0.590" />
  <stringconstants candidates="13269" cleared="0"  />
</gc-op>
<gc-op id="6025" type="classunload" timems="0.003" contextid="6021" timestamp="2019-06-15T00:50:20.054">
  <classunload-info classloadercandidates="53" classloadersunloaded="0" classesunloaded="0" anonymousclassesunloaded="0" quiescems="0.000" setupms="0.003" scanms="0.000" postms="0.000" />
</gc-op>
<gc-end id="6026" type="partial gc" contextid="6021" durationms="2.786" usertimems="0.000" systemtimems="0.000" timestamp="2019-06-15T00:50:20.054" activeThreads="1">
  <mem-info id="6027" free="55574528" total="94371840" percent="58">
    <mem type="eden" free="1047920" total="1048576" percent="99" />
    <remembered-set count="76928" freebytes="3459328" totalbytes="3767040" percent="91" regionsoverflowed="0" regionsstable="0" regionsrebuilding="13"/>
  </mem-info>
</gc-end>
<cycle-end id="6028" type="partial gc" contextid="6021" timestamp="2019-06-15T00:50:20.054" />
  <attribute name="elasticGC enabled" value="1" />
  <attribute name= "numThreadsSpecified" value="1" />
  <attribute name="heapSize specified" value="0" />
  <attribute name="Current GC Util" value="75" />
  <attribute name= "Current Time Running" value="26000" />
  <attribute name ="GC Interval" value="0" />
  <attribute name="ProportionalT" value="27.500000" />
  <attribute name="ProportionalI" value="27.500000" />
  <attribute name="ProportionalH" value="27.500000" />
  <attribute name="Current Error" value="55.000000" />
  <attribute name="IntegralT" value="0.000000" />
  <attribute name="IntegralI" value="0.000000" />
  <attribute name="IntegralH" value="0.000000" />
  <attribute name="DerivativeT" value="inf" />
  <attribute name="DerivativeI" value="inf" />
  <attribute name="DerivativeH" value="inf" />
  <attribute name="Loop Time for DT" value="0.000000" />
  <attribute name="Output H" value="8388608"/>
  <attribute name="Output I" value="200"/>
  <attribute name="Output T" value="1"/>
  <attribute name="Target GC Util Change" value ="20.000000" />
  <attribute name="Current GC Util Change" value="75.000000"/>
  <attribute name="GC Util currently" value="75" />
  <attribute name="CPU Util currently" value="18291558245531" />
<exclusive-end id="6029" timestamp="2019-06-15T00:50:20.055" durationms="3.969" />

<exclusive-start id="6030" timestamp="2019-06-15T00:50:20.077" intervalms="26.211">
  <response-info timems="0.073" idlems="0.073" threads="0" lastid="0000000001CEB700" lastname="main" />
</exclusive-start>
<allocation-taxation id="6031" taxation-threshold="14680064" timestamp="2019-06-15T00:50:20.077" intervalms="26.204" />
<gc-start id="6032" type="global mark phase" contextid="5889" timestamp="2019-06-15T00:50:20.077">
  <mem-info id="6033" free="40894464" total="94371840" percent="43">
    <remembered-set count="76640" freebytes="3460480" totalbytes="3767040" percent="91" regionsoverflowed="0" regionsstable="0" regionsrebuilding="13"/>
  </mem-info>
</gc-start>
<gc-end id="6034" type="global mark phase" contextid="5889" durationms="0.145" usertimems="0.000" systemtimems="0.000" timestamp="2019-06-15T00:50:20.077" activeThreads="1">
  <mem-info id="6035" free="40894464" total="94371840" percent="43">
    <remembered-set count="76640" freebytes="3460480" totalbytes="3767040" percent="91" regionsoverflowed="0" regionsstable="0" regionsrebuilding="13"/>
  </mem-info>
</gc-end>
<concurrent-start id="6036" type="GMP work packet processing" contextid="5889" timestamp="2019-06-15T00:50:20.078">
  <concurrent-mark-start scanTarget="1048576" />
</concurrent-start>
<exclusive-end id="6037" timestamp="2019-06-15T00:50:20.078" durationms="0.998" />

<concurrent-end id="6038" type="GMP work packet processing" contextid="5889" timestamp="2019-06-15T00:50:20.078">
  <concurrent-mark-end bytesScanned="1090704" reasonForTermination="Work target met" />
</concurrent-end>

<exclusive-start id="6039" timestamp="2019-06-15T00:50:20.086" intervalms="9.374">
  <response-info timems="0.078" idlems="0.078" threads="0" lastid="0000000001CEB700" lastname="main" />
</exclusive-start>
<allocation-taxation id="6040" taxation-threshold="14680064" timestamp="2019-06-15T00:50:20.086" intervalms="9.323" />
<cycle-start id="6041" type="partial gc" contextid="0" timestamp="2019-06-15T00:50:20.087" intervalms="35.462" />
<gc-start id="6042" type="partial gc" contextid="6041" timestamp="2019-06-15T00:50:20.087">
  <mem-info id="6043" free="26214400" total="94371840" percent="27">
    <mem type="eden" free="1047920" total="30408704" percent="3" />
    <remembered-set count="79936" freebytes="3447296" totalbytes="3767040" percent="91" regionsoverflowed="0" regionsstable="0" regionsrebuilding="13"/>
  </mem-info>
</gc-start>
<allocation-stats totalBytes="29323048" >
  <allocated-bytes non-tlh="0" tlh="29323048" arrayletleaf="0"/>
  <largest-consumer threadName="main" threadId="0000000001CEB700" bytes="14668000" />
</allocation-stats>
<gc-op id="6044" type="copy forward" timems="1.570" contextid="6041" timestamp="2019-06-15T00:50:20.089">
  <memory-copied type="eden" objects="29" bytes="1712" bytesdiscarded="0" />
  <memory-copied type="other" objects="6" bytes="144" bytesdiscarded="368" />
  <memory-cardclean objects="93" bytes="2904" />
  <regions eden="28" other="2" />
  <remembered-set-cleared processed="77037" cleared="56" durationms="0.606" />
  <stringconstants candidates="13269" cleared="0"  />
</gc-op>
<gc-op id="6045" type="classunload" timems="0.004" contextid="6041" timestamp="2019-06-15T00:50:20.089">
  <classunload-info classloadercandidates="53" classloadersunloaded="0" classesunloaded="0" anonymousclassesunloaded="0" quiescems="0.000" setupms="0.004" scanms="0.000" postms="0.000" />
</gc-op>
<gc-end id="6046" type="partial gc" contextid="6041" durationms="2.747" usertimems="0.000" systemtimems="0.000" timestamp="2019-06-15T00:50:20.090" activeThreads="1">
  <mem-info id="6047" free="56623104" total="94371840" percent="60">
    <mem type="eden" free="1046864" total="1048576" percent="99" />
    <remembered-set count="80224" freebytes="3446144" totalbytes="3767040" percent="91" regionsoverflowed="0" regionsstable="0" regionsrebuilding="13"/>
  </mem-info>
</gc-end>
<cycle-end id="6048" type="partial gc" contextid="6041" timestamp="2019-06-15T00:50:20.090" />
  <attribute name="elasticGC enabled" value="1" />
  <attribute name= "numThreadsSpecified" value="1" />
  <attribute name="heapSize specified" value="0" />
  <attribute name="Current GC Util" value="66" />
  <attribute name= "Current Time Running" value="26035" />
  <attribute name ="GC Interval" value="0" />
  <attribute name="ProportionalT" value="23.000000" />
  <attribute name="ProportionalI" value="23.000000" />
  <attribute name="ProportionalH" value="23.000000" />
  <attribute name="Current Error" value="46.000000" />
  <attribute name="IntegralT" value="0.000000" />
  <attribute name="IntegralI" value="0.000000" />
  <attribute name="IntegralH" value="0.000000" />
  <attribute name="DerivativeT" value="inf" />
  <attribute name="DerivativeI" value="inf" />
  <attribute name="DerivativeH" value="inf" />
  <attribute name="Loop Time for DT" value="0.000000" />
  <attribute name="Output H" value="8388608"/>
  <attribute name="Output I" value="200"/>
  <attribute name="Output T" value="1"/>
  <attribute name="Target GC Util Change" value ="20.000000" />
  <attribute name="Current GC Util Change" value="66.000000"/>
  <attribute name="GC Util currently" value="66" />
  <attribute name="CPU Util currently" value="19389866953887" />
<exclusive-end id="6049" timestamp="2019-06-15T00:50:20.090" durationms="3.864" />

<exclusive-start id="6050" timestamp="2019-06-15T00:50:20.096" intervalms="9.684">
  <response-info timems="0.074" idlems="0.074" threads="0" lastid="0000000001CEB700" lastname="main" />
</exclusive-start>
<allocation-taxation id="6051" taxation-threshold="14680064" timestamp="2019-06-15T00:50:20.096" intervalms="9.736" />
<gc-start id="6052" type="global mark phase" contextid="5889" timestamp="2019-06-15T00:50:20.096">
  <mem-info id="6053" free="41943040" total="94371840" percent="44">
    <remembered-set count="79904" freebytes="3447424" totalbytes="3767040" percent="91" regionsoverflowed="0" regionsstable="0" regionsrebuilding="13"/>
  </mem-info>
</gc-start>
<gc-end id="6054" type="global mark phase" contextid="5889" durationms="0.205" usertimems="0.000" systemtimems="0.000" timestamp="2019-06-15T00:50:20.097" activeThreads="1">
  <mem-info id="6055" free="41943040" total="94371840" percent="44">
    <remembered-set count="79904" freebytes="3447424" totalbytes="3767040" percent="91" regionsoverflowed="0" regionsstable="0" regionsrebuilding="13"/>
  </mem-info>
</gc-end>
<concurrent-start id="6056" type="GMP work packet processing" contextid="5889" timestamp="2019-06-15T00:50:20.097">
  <concurrent-mark-start scanTarget="1048576" />
</concurrent-start>
<exclusive-end id="6057" timestamp="2019-06-15T00:50:20.097" durationms="0.951" />

<concurrent-end id="6058" type="GMP work packet processing" contextid="5889" timestamp="2019-06-15T00:50:20.097">
  <concurrent-mark-end bytesScanned="1089864" reasonForTermination="Work target met" />
</concurrent-end>

<exclusive-start id="6059" timestamp="2019-06-15T00:50:20.103" intervalms="7.269">
  <response-info timems="0.064" idlems="0.064" threads="0" lastid="0000000001CEB700" lastname="main" />
</exclusive-start>
<allocation-taxation id="6060" taxation-threshold="14680064" timestamp="2019-06-15T00:50:20.103" intervalms="7.217" />
<cycle-start id="6061" type="partial gc" contextid="0" timestamp="2019-06-15T00:50:20.103" intervalms="16.965" />
<gc-start id="6062" type="partial gc" contextid="6061" timestamp="2019-06-15T00:50:20.104">
  <mem-info id="6063" free="27262976" total="94371840" percent="28">
    <mem type="eden" free="0" total="29360128" percent="0" />
    <remembered-set count="87296" freebytes="3417856" totalbytes="3767040" percent="90" regionsoverflowed="0" regionsstable="0" regionsrebuilding="13"/>
  </mem-info>
</gc-start>
<allocation-stats totalBytes="29337896" >
  <allocated-bytes non-tlh="0" tlh="29337896" arrayletleaf="0"/>
  <largest-consumer threadName="main" threadId="0000000001CEB700" bytes="14669408" />
</allocation-stats>
<gc-op id="6064" type="copy forward" timems="1.582" contextid="6061" timestamp="2019-06-15T00:50:20.106">
  <memory-copied type="eden" objects="4" bytes="288" bytesdiscarded="0" />
  <memory-copied type="other" objects="25" bytes="1224" bytesdiscarded="0" />
  <memory-cardclean objects="58" bytes="2120" />
  <regions eden="28" other="1" />
  <remembered-set-cleared processed="84937" cleared="45" durationms="0.643" />
  <stringconstants candidates="13269" cleared="0"  />
</gc-op>
<gc-op id="6065" type="classunload" timems="0.004" contextid="6061" timestamp="2019-06-15T00:50:20.106">
  <classunload-info classloadercandidates="53" classloadersunloaded="0" classesunloaded="0" anonymousclassesunloaded="0" quiescems="0.000" setupms="0.004" scanms="0.000" postms="0.000" />
</gc-op>
<heap-resize id="6066" type="expand" space="default" amount="3145728" count="1" timems="0.068" reason="excessive time being spent in gc" timestamp="2019-06-15T00:50:20.107" />
<gc-end id="6067" type="partial gc" contextid="6061" durationms="2.932" usertimems="4.000" systemtimems="0.000" timestamp="2019-06-15T00:50:20.107" activeThreads="1">
  <mem-info id="6068" free="58720256" total="97517568" percent="60">
    <mem type="eden" free="1048288" total="1048576" percent="99" />
    <remembered-set count="87648" freebytes="3542016" totalbytes="3892608" percent="90" regionsoverflowed="0" regionsstable="0" regionsrebuilding="13"/>
  </mem-info>
</gc-end>
<cycle-end id="6069" type="partial gc" contextid="6061" timestamp="2019-06-15T00:50:20.107" />
  <attribute name="elasticGC enabled" value="1" />
  <attribute name= "numThreadsSpecified" value="1" />
  <attribute name="heapSize specified" value="0" />
  <attribute name="Current GC Util" value="73" />
  <attribute name= "Current Time Running" value="26052" />
  <attribute name ="GC Interval" value="0" />
  <attribute name="ProportionalT" value="26.500000" />
  <attribute name="ProportionalI" value="26.500000" />
  <attribute name="ProportionalH" value="26.500000" />
  <attribute name="Current Error" value="53.000000" />
  <attribute name="IntegralT" value="0.000000" />
  <attribute name="IntegralI" value="0.000000" />
  <attribute name="IntegralH" value="0.000000" />
  <attribute name="DerivativeT" value="inf" />
  <attribute name="DerivativeI" value="inf" />
  <attribute name="DerivativeH" value="inf" />
  <attribute name="Loop Time for DT" value="0.000000" />
  <attribute name="Output H" value="8388608"/>
  <attribute name="Output I" value="200"/>
  <attribute name="Output T" value="1"/>
  <attribute name="Target GC Util Change" value ="20.000000" />
  <attribute name="Current GC Util Change" value="73.000000"/>
  <attribute name="GC Util currently" value="73" />
  <attribute name="CPU Util currently" value="18739530245346" />
<exclusive-end id="6070" timestamp="2019-06-15T00:50:20.107" durationms="3.866" />

<exclusive-start id="6071" timestamp="2019-06-15T00:50:20.113" intervalms="9.703">
  <response-info timems="0.080" idlems="0.080" threads="0" lastid="0000000001CEB700" lastname="main" />
</exclusive-start>
<allocation-taxation id="6072" taxation-threshold="14680064" timestamp="2019-06-15T00:50:20.113" intervalms="9.702" />
<gc-start id="6073" type="global mark phase" contextid="5889" timestamp="2019-06-15T00:50:20.113">
  <mem-info id="6074" free="44040192" total="97517568" percent="45">
    <remembered-set count="87328" freebytes="3543296" totalbytes="3892608" percent="91" regionsoverflowed="0" regionsstable="0" regionsrebuilding="13"/>
  </mem-info>
</gc-start>
<gc-end id="6075" type="global mark phase" contextid="5889" durationms="0.205" usertimems="0.000" systemtimems="0.000" timestamp="2019-06-15T00:50:20.113" activeThreads="1">
  <mem-info id="6076" free="44040192" total="97517568" percent="45">
    <remembered-set count="87328" freebytes="3543296" totalbytes="3892608" percent="91" regionsoverflowed="0" regionsstable="0" regionsrebuilding="13"/>
  </mem-info>
</gc-end>
<concurrent-start id="6077" type="GMP work packet processing" contextid="5889" timestamp="2019-06-15T00:50:20.114">
  <concurrent-mark-start scanTarget="1048576" />
</concurrent-start>
<exclusive-end id="6078" timestamp="2019-06-15T00:50:20.114" durationms="1.522" />

<concurrent-end id="6079" type="GMP work packet processing" contextid="5889" timestamp="2019-06-15T00:50:20.114">
  <concurrent-mark-end bytesScanned="1098628" reasonForTermination="Work target met" />
</concurrent-end>

<exclusive-start id="6080" timestamp="2019-06-15T00:50:20.120" intervalms="7.261">
  <response-info timems="0.077" idlems="0.077" threads="0" lastid="0000000001CEB700" lastname="main" />
</exclusive-start>
<allocation-taxation id="6081" taxation-threshold="14680064" timestamp="2019-06-15T00:50:20.120" intervalms="7.245" />
<cycle-start id="6082" type="partial gc" contextid="0" timestamp="2019-06-15T00:50:20.120" intervalms="17.016" />
<gc-start id="6083" type="partial gc" contextid="6082" timestamp="2019-06-15T00:50:20.121">
  <mem-info id="6084" free="29360128" total="97517568" percent="30">
    <mem type="eden" free="1048288" total="30408704" percent="3" />
    <remembered-set count="95680" freebytes="3509888" totalbytes="3892608" percent="90" regionsoverflowed="0" regionsstable="0" regionsrebuilding="13"/>
  </mem-info>
</gc-start>
<allocation-stats totalBytes="29338784" >
  <allocated-bytes non-tlh="0" tlh="29338784" arrayletleaf="0"/>
  <largest-consumer threadName="main" threadId="0000000001CEB700" bytes="14669424" />
</allocation-stats>
<gc-op id="6085" type="copy forward" timems="1.603" contextid="6082" timestamp="2019-06-15T00:50:20.123">
  <memory-copied type="eden" objects="4" bytes="288" bytesdiscarded="0" />
  <memory-copied type="other" objects="0" bytes="0" bytesdiscarded="0" />
  <memory-cardclean objects="15" bytes="896" />
  <regions eden="28" other="1" />
  <remembered-set-cleared processed="93297" cleared="11" durationms="0.675" />
  <stringconstants candidates="13269" cleared="0"  />
</gc-op>
<gc-op id="6086" type="classunload" timems="0.004" contextid="6082" timestamp="2019-06-15T00:50:20.123">
  <classunload-info classloadercandidates="53" classloadersunloaded="0" classesunloaded="0" anonymousclassesunloaded="0" quiescems="0.000" setupms="0.003" scanms="0.000" postms="0.000" />
</gc-op>
<gc-end id="6087" type="partial gc" contextid="6082" durationms="2.735" usertimems="4.000" systemtimems="0.000" timestamp="2019-06-15T00:50:20.123" activeThreads="1">
  <mem-info id="6088" free="58720256" total="97517568" percent="60">
    <mem type="eden" free="1048288" total="1048576" percent="99" />
    <remembered-set count="96160" freebytes="3507968" totalbytes="3892608" percent="90" regionsoverflowed="0" regionsstable="0" regionsrebuilding="13"/>
  </mem-info>
</gc-end>
<cycle-end id="6089" type="partial gc" contextid="6082" timestamp="2019-06-15T00:50:20.124" />
  <attribute name="elasticGC enabled" value="1" />
  <attribute name= "numThreadsSpecified" value="1" />
  <attribute name="heapSize specified" value="0" />
  <attribute name="Current GC Util" value="59" />
  <attribute name= "Current Time Running" value="26069" />
  <attribute name ="GC Interval" value="0" />
  <attribute name="ProportionalT" value="19.500000" />
  <attribute name="ProportionalI" value="19.500000" />
  <attribute name="ProportionalH" value="19.500000" />
  <attribute name="Current Error" value="39.000000" />
  <attribute name="IntegralT" value="0.000000" />
  <attribute name="IntegralI" value="0.000000" />
  <attribute name="IntegralH" value="0.000000" />
  <attribute name="DerivativeT" value="inf" />
  <attribute name="DerivativeI" value="inf" />
  <attribute name="DerivativeH" value="inf" />
  <attribute name="Loop Time for DT" value="0.000000" />
  <attribute name="Output H" value="8388608"/>
  <attribute name="Output I" value="200"/>
  <attribute name="Output T" value="1"/>
  <attribute name="Target GC Util Change" value ="20.000000" />
  <attribute name="Current GC Util Change" value="59.000000"/>
  <attribute name="GC Util currently" value="59" />
  <attribute name="CPU Util currently" value="20102813609496" />
<exclusive-end id="6090" timestamp="2019-06-15T00:50:20.124" durationms="3.882" />

<exclusive-start id="6091" timestamp="2019-06-15T00:50:20.144" intervalms="23.777">
  <response-info timems="0.055" idlems="0.055" threads="0" lastid="0000000001CEB700" lastname="main" />
</exclusive-start>
<allocation-taxation id="6092" taxation-threshold="14680064" timestamp="2019-06-15T00:50:20.144" intervalms="23.785" />
<gc-start id="6093" type="global mark phase" contextid="5889" timestamp="2019-06-15T00:50:20.144">
  <mem-info id="6094" free="44040192" total="97517568" percent="45">
    <remembered-set count="95680" freebytes="3509888" totalbytes="3892608" percent="90" regionsoverflowed="0" regionsstable="0" regionsrebuilding="13"/>
  </mem-info>
</gc-start>
<gc-end id="6095" type="global mark phase" contextid="5889" durationms="0.135" usertimems="0.000" systemtimems="0.000" timestamp="2019-06-15T00:50:20.144" activeThreads="1">
  <mem-info id="6096" free="44040192" total="97517568" percent="45">
    <remembered-set count="95680" freebytes="3509888" totalbytes="3892608" percent="90" regionsoverflowed="0" regionsstable="0" regionsrebuilding="13"/>
  </mem-info>
</gc-end>
<concurrent-start id="6097" type="GMP work packet processing" contextid="5889" timestamp="2019-06-15T00:50:20.144">
  <concurrent-mark-start scanTarget="1048576" />
</concurrent-start>
<exclusive-end id="6098" timestamp="2019-06-15T00:50:20.145" durationms="1.406" />

<concurrent-end id="6099" type="GMP work packet processing" contextid="5889" timestamp="2019-06-15T00:50:20.145">
  <concurrent-mark-end bytesScanned="1079564" reasonForTermination="Work target met" />
</concurrent-end>

<exclusive-start id="6100" timestamp="2019-06-15T00:50:20.168" intervalms="24.032">
  <response-info timems="0.074" idlems="0.074" threads="0" lastid="0000000001CEB700" lastname="main" />
</exclusive-start>
<allocation-taxation id="6101" taxation-threshold="14680064" timestamp="2019-06-15T00:50:20.168" intervalms="24.054" />
<cycle-start id="6102" type="partial gc" contextid="0" timestamp="2019-06-15T00:50:20.168" intervalms="47.758" />
<gc-start id="6103" type="partial gc" contextid="6102" timestamp="2019-06-15T00:50:20.169">
  <mem-info id="6104" free="29360128" total="97517568" percent="30">
    <mem type="eden" free="0" total="29360128" percent="0" />
    <remembered-set count="102048" freebytes="3484416" totalbytes="3892608" percent="89" regionsoverflowed="0" regionsstable="0" regionsrebuilding="13"/>
  </mem-info>
</gc-start>
<allocation-stats totalBytes="29314824" >
  <allocated-bytes non-tlh="0" tlh="29314824" arrayletleaf="0"/>
  <largest-consumer threadName="main" threadId="0000000001CEB700" bytes="14656088" />
</allocation-stats>
<gc-op id="6105" type="copy forward" timems="1.828" contextid="6102" timestamp="2019-06-15T00:50:20.171">
  <memory-copied type="eden" objects="38" bytes="6264" bytesdiscarded="0" />
  <memory-copied type="other" objects="6" bytes="144" bytesdiscarded="368" />
  <memory-cardclean objects="93" bytes="3280" />
  <regions eden="28" other="2" />
  <remembered-set-cleared processed="99882" cleared="48" durationms="0.789" />
  <stringconstants candidates="13269" cleared="0"  />
</gc-op>
<gc-op id="6106" type="classunload" timems="0.004" contextid="6102" timestamp="2019-06-15T00:50:20.171">
  <classunload-info classloadercandidates="53" classloadersunloaded="0" classesunloaded="0" anonymousclassesunloaded="0" quiescems="0.000" setupms="0.004" scanms="0.000" postms="0.000" />
</gc-op>
<gc-end id="6107" type="partial gc" contextid="6102" durationms="2.953" usertimems="4.000" systemtimems="0.000" timestamp="2019-06-15T00:50:20.171" activeThreads="1">
  <mem-info id="6108" free="59768832" total="97517568" percent="61">
    <mem type="eden" free="1042312" total="1048576" percent="99" />
    <remembered-set count="102400" freebytes="3483008" totalbytes="3892608" percent="89" regionsoverflowed="0" regionsstable="0" regionsrebuilding="13"/>
  </mem-info>
</gc-end>
<cycle-end id="6109" type="partial gc" contextid="6102" timestamp="2019-06-15T00:50:20.172" />
  <attribute name="elasticGC enabled" value="1" />
  <attribute name= "numThreadsSpecified" value="1" />
  <attribute name="heapSize specified" value="0" />
  <attribute name="Current GC Util" value="74" />
  <attribute name= "Current Time Running" value="26117" />
  <attribute name ="GC Interval" value="0" />
  <attribute name="ProportionalT" value="27.000000" />
  <attribute name="ProportionalI" value="27.000000" />
  <attribute name="ProportionalH" value="27.000000" />
  <attribute name="Current Error" value="54.000000" />
  <attribute name="IntegralT" value="0.000000" />
  <attribute name="IntegralI" value="0.000000" />
  <attribute name="IntegralH" value="0.000000" />
  <attribute name="DerivativeT" value="inf" />
  <attribute name="DerivativeI" value="inf" />
  <attribute name="DerivativeH" value="inf" />
  <attribute name="Loop Time for DT" value="0.000000" />
  <attribute name="Output H" value="8388608"/>
  <attribute name="Output I" value="200"/>
  <attribute name="Output T" value="1"/>
  <attribute name="Target GC Util Change" value ="20.000000" />
  <attribute name="Current GC Util Change" value="74.000000"/>
  <attribute name="GC Util currently" value="74" />
  <attribute name="CPU Util currently" value="17859868543573" />
<exclusive-end id="6110" timestamp="2019-06-15T00:50:20.172" durationms="4.044" />

<exclusive-start id="6111" timestamp="2019-06-15T00:50:20.194" intervalms="26.454">
  <response-info timems="0.071" idlems="0.071" threads="0" lastid="0000000001CEB700" lastname="main" />
</exclusive-start>
<allocation-taxation id="6112" taxation-threshold="14680064" timestamp="2019-06-15T00:50:20.194" intervalms="26.432" />
<gc-start id="6113" type="global mark phase" contextid="5889" timestamp="2019-06-15T00:50:20.195">
  <mem-info id="6114" free="45088768" total="97517568" percent="46">
    <remembered-set count="102016" freebytes="3484544" totalbytes="3892608" percent="89" regionsoverflowed="0" regionsstable="0" regionsrebuilding="13"/>
  </mem-info>
</gc-start>
<gc-end id="6115" type="global mark phase" contextid="5889" durationms="0.136" usertimems="0.000" systemtimems="0.000" timestamp="2019-06-15T00:50:20.195" activeThreads="1">
  <mem-info id="6116" free="45088768" total="97517568" percent="46">
    <remembered-set count="102016" freebytes="3484544" totalbytes="3892608" percent="89" regionsoverflowed="0" regionsstable="0" regionsrebuilding="13"/>
  </mem-info>
</gc-end>
<concurrent-start id="6117" type="GMP work packet processing" contextid="5889" timestamp="2019-06-15T00:50:20.195">
  <concurrent-mark-start scanTarget="1048576" />
</concurrent-start>
<concurrent-end id="6118" type="GMP work packet processing" contextid="5889" timestamp="2019-06-15T00:50:20.196">
  <concurrent-mark-end bytesScanned="736784" reasonForTermination="Completed all work in GC phase" />
</concurrent-end>

<exclusive-end id="6119" timestamp="2019-06-15T00:50:20.196" durationms="1.261" />

<exclusive-start id="6120" timestamp="2019-06-15T00:50:20.218" intervalms="23.657">
  <response-info timems="0.074" idlems="0.074" threads="0" lastid="0000000001CEB700" lastname="main" />
</exclusive-start>
<allocation-taxation id="6121" taxation-threshold="14680064" timestamp="2019-06-15T00:50:20.218" intervalms="23.716" />
<cycle-start id="6122" type="partial gc" contextid="0" timestamp="2019-06-15T00:50:20.218" intervalms="50.127" />
<gc-start id="6123" type="partial gc" contextid="6122" timestamp="2019-06-15T00:50:20.219">
  <mem-info id="6124" free="30408704" total="97517568" percent="31">
    <mem type="eden" free="0" total="29360128" percent="0" />
    <remembered-set count="105120" freebytes="3472128" totalbytes="3892608" percent="89" regionsoverflowed="0" regionsstable="0" regionsrebuilding="13"/>
  </mem-info>
</gc-start>
<allocation-stats totalBytes="29310512" >
  <allocated-bytes non-tlh="0" tlh="29310512" arrayletleaf="0"/>
  <largest-consumer threadName="main" threadId="0000000001CEB700" bytes="14654632" />
</allocation-stats>
<gc-op id="6125" type="copy forward" timems="1.742" contextid="6122" timestamp="2019-06-15T00:50:20.221">
  <memory-copied type="eden" objects="2" bytes="2040" bytesdiscarded="0" />
  <memory-copied type="other" objects="36" bytes="4216" bytesdiscarded="0" />
  <memory-cardclean objects="55" bytes="2440" />
  <regions eden="28" other="1" />
  <remembered-set-cleared processed="102338" cleared="45" durationms="0.803" />
  <stringconstants candidates="13269" cleared="0"  />
</gc-op>
<gc-op id="6126" type="classunload" timems="0.004" contextid="6122" timestamp="2019-06-15T00:50:20.221">
  <classunload-info classloadercandidates="53" classloadersunloaded="0" classesunloaded="0" anonymousclassesunloaded="0" quiescems="0.000" setupms="0.004" scanms="0.000" postms="0.000" />
</gc-op>
<gc-end id="6127" type="partial gc" contextid="6122" durationms="2.855" usertimems="4.000" systemtimems="0.000" timestamp="2019-06-15T00:50:20.221" activeThreads="1">
  <mem-info id="6128" free="58720256" total="97517568" percent="60">
    <mem type="eden" free="1046536" total="1048576" percent="99" />
    <remembered-set count="105536" freebytes="3470464" totalbytes="3892608" percent="89" regionsoverflowed="0" regionsstable="0" regionsrebuilding="13"/>
  </mem-info>
</gc-end>
<cycle-end id="6129" type="partial gc" contextid="6122" timestamp="2019-06-15T00:50:20.222" />
  <attribute name="elasticGC enabled" value="1" />
  <attribute name= "numThreadsSpecified" value="1" />
  <attribute name="heapSize specified" value="0" />
  <attribute name="Current GC Util" value="64" />
  <attribute name= "Current Time Running" value="26167" />
  <attribute name ="GC Interval" value="0" />
  <attribute name="ProportionalT" value="22.000000" />
  <attribute name="ProportionalI" value="22.000000" />
  <attribute name="ProportionalH" value="22.000000" />
  <attribute name="Current Error" value="44.000000" />
  <attribute name="IntegralT" value="0.000000" />
  <attribute name="IntegralI" value="0.000000" />
  <attribute name="IntegralH" value="0.000000" />
  <attribute name="DerivativeT" value="inf" />
  <attribute name="DerivativeI" value="inf" />
  <attribute name="DerivativeH" value="inf" />
  <attribute name="Loop Time for DT" value="0.000000" />
  <attribute name="Output H" value="8388608"/>
  <attribute name="Output I" value="200"/>
  <attribute name="Output T" value="1"/>
  <attribute name="Target GC Util Change" value ="20.000000" />
  <attribute name="Current GC Util Change" value="64.000000"/>
  <attribute name="GC Util currently" value="64" />
  <attribute name="CPU Util currently" value="19700482531836" />
<exclusive-end id="6130" timestamp="2019-06-15T00:50:20.222" durationms="3.957" />

<exclusive-start id="6131" timestamp="2019-06-15T00:50:20.244" intervalms="26.024">
  <response-info timems="0.071" idlems="0.071" threads="0" lastid="0000000001CEB700" lastname="main" />
</exclusive-start>
<allocation-taxation id="6132" taxation-threshold="14680064" timestamp="2019-06-15T00:50:20.244" intervalms="25.963" />
<gc-start id="6133" type="global mark phase" contextid="5889" timestamp="2019-06-15T00:50:20.244">
  <mem-info id="6134" free="44040192" total="97517568" percent="45">
    <remembered-set count="105120" freebytes="3472128" totalbytes="3892608" percent="89" regionsoverflowed="0" regionsstable="0" regionsrebuilding="13"/>
  </mem-info>
</gc-start>
<gc-op id="6135" type="mark increment" timems="1.155" contextid="5889" timestamp="2019-06-15T00:50:20.246">
  <trace-info objectcount="56" scancount="50" scanbytes="1328" />
  <cardclean-info objects="116" bytes="3340" />
  <finalization candidates="80" enqueued="0" />
  <ownableSynchronizers candidates="21" cleared="0" />
  <references type="soft" candidates="1846" cleared="1" enqueued="0" dynamicThreshold="19" maxThreshold="32" />
  <references type="weak" candidates="5728" cleared="0" enqueued="0" />
  <references type="phantom" candidates="101" cleared="0" enqueued="0" />
  <stringconstants candidates="13269" cleared="0"  />
</gc-op>
<gc-op id="6136" type="classunload" timems="0.006" contextid="5889" timestamp="2019-06-15T00:50:20.246">
  <classunload-info classloadercandidates="53" classloadersunloaded="0" classesunloaded="0" anonymousclassesunloaded="0" quiescems="0.000" setupms="0.005" scanms="0.000" postms="0.000" />
</gc-op>
<gc-end id="6137" type="global mark phase" contextid="5889" durationms="1.543" usertimems="0.000" systemtimems="0.000" timestamp="2019-06-15T00:50:20.246" activeThreads="4">
  <mem-info id="6138" free="44040192" total="97517568" percent="45">
    <remembered-set count="105632" freebytes="3470080" totalbytes="3892608" percent="89" regionsoverflowed="0" regionsstable="0" regionsrebuilding="0"/>
  </mem-info>
</gc-end>
<cycle-end id="6139" type="global mark phase" contextid="5889" timestamp="2019-06-15T00:50:20.246" />
  <attribute name="elasticGC enabled" value="1" />
  <attribute name= "numThreadsSpecified" value="4" />
  <attribute name="heapSize specified" value="0" />
  <attribute name="Current GC Util" value="0" />
  <attribute name= "Current Time Running" value="26193" />
  <attribute name ="GC Interval" value="0" />
  <attribute name="ProportionalT" value="-10.000000" />
  <attribute name="ProportionalI" value="-10.000000" />
  <attribute name="ProportionalH" value="-10.000000" />
  <attribute name="Current Error" value="-20.000000" />
  <attribute name="IntegralT" value="-20.000000" />
  <attribute name="IntegralI" value="-20.000000" />
  <attribute name="IntegralH" value="-20.000000" />
  <attribute name="DerivativeT" value="-65.500000" />
  <attribute name="DerivativeI" value="-65.500000" />
  <attribute name="DerivativeH" value="-65.500000" />
  <attribute name="Loop Time for DT" value="1.000000" />
  <attribute name="Output H" value="2091843584"/>
  <attribute name="Output I" value="200"/>
  <attribute name="Output T" value="4"/>
  <attribute name="Target GC Util Change" value ="20.000000" />
  <attribute name="Current GC Util Change" value="0.000000"/>
  <attribute name="GC Util currently" value="0" />
  <attribute name="CPU Util currently" value="66255095981643" />
<exclusive-end id="6140" timestamp="2019-06-15T00:50:20.246" durationms="2.133" />

<exclusive-start id="6141" timestamp="2019-06-15T00:50:20.281" intervalms="36.961">
  <response-info timems="0.093" idlems="0.093" threads="0" lastid="0000000001CEB700" lastname="main" />
</exclusive-start>
<allocation-taxation id="6142" taxation-threshold="14680064" timestamp="2019-06-15T00:50:20.281" intervalms="37.049" />
<cycle-start id="6143" type="partial gc" contextid="0" timestamp="2019-06-15T00:50:20.281" intervalms="63.100" />
<gc-start id="6144" type="partial gc" contextid="6143" timestamp="2019-06-15T00:50:20.282">
  <mem-info id="6145" free="29360128" total="97517568" percent="30">
    <mem type="eden" free="1046536" total="30408704" percent="3" />
    <remembered-set count="82912" freebytes="3560960" totalbytes="3892608" percent="91" regionsoverflowed="0" regionsstable="9" regionsrebuilding="0"/>
  </mem-info>
</gc-start>
<allocation-stats totalBytes="29330376" >
  <allocated-bytes non-tlh="0" tlh="29330376" arrayletleaf="0"/>
  <largest-consumer threadName="main" threadId="0000000001CEB700" bytes="14676008" />
</allocation-stats>
<gc-op id="6146" type="sweep" timems="0.644" contextid="6143" timestamp="2019-06-15T00:50:20.283" />
<gc-op id="6147" type="copy forward" timems="1.423" contextid="6143" timestamp="2019-06-15T00:50:20.285">
  <memory-copied type="eden" objects="84" bytes="20624" bytesdiscarded="0" />
  <memory-copied type="other" objects="6" bytes="144" bytesdiscarded="0" />
  <memory-cardclean objects="144" bytes="5488" />
  <regions eden="14" other="2" />
  <remembered-set-cleared processed="80914" cleared="95" durationms="0.686" />
  <references type="soft" candidates="6" cleared="0" enqueued="0" dynamicThreshold="14" maxThreshold="32" />
  <stringconstants candidates="13269" cleared="0"  />
</gc-op>
<gc-op id="6148" type="classunload" timems="0.004" contextid="6143" timestamp="2019-06-15T00:50:20.285">
  <classunload-info classloadercandidates="53" classloadersunloaded="0" classesunloaded="0" anonymousclassesunloaded="0" quiescems="0.000" setupms="0.004" scanms="0.000" postms="0.000" />
</gc-op>
<gc-end id="6149" type="partial gc" contextid="6143" durationms="3.540" usertimems="0.000" systemtimems="0.000" timestamp="2019-06-15T00:50:20.285" activeThreads="1">
  <mem-info id="6150" free="58720256" total="97517568" percent="60">
    <mem type="eden" free="1027952" total="1048576" percent="98" />
    <remembered-set count="83200" freebytes="3559808" totalbytes="3892608" percent="91" regionsoverflowed="0" regionsstable="9" regionsrebuilding="0"/>
  </mem-info>
</gc-end>
<cycle-end id="6151" type="partial gc" contextid="6143" timestamp="2019-06-15T00:50:20.285" />
  <attribute name="elasticGC enabled" value="1" />
  <attribute name= "numThreadsSpecified" value="1" />
  <attribute name="heapSize specified" value="0" />
  <attribute name="Current GC Util" value="83" />
  <attribute name= "Current Time Running" value="26231" />
  <attribute name ="GC Interval" value="0" />
  <attribute name="ProportionalT" value="31.500000" />
  <attribute name="ProportionalI" value="31.500000" />
  <attribute name="ProportionalH" value="31.500000" />
  <attribute name="Current Error" value="63.000000" />
  <attribute name="IntegralT" value="0.000000" />
  <attribute name="IntegralI" value="0.000000" />
  <attribute name="IntegralH" value="0.000000" />
  <attribute name="DerivativeT" value="inf" />
  <attribute name="DerivativeI" value="inf" />
  <attribute name="DerivativeH" value="inf" />
  <attribute name="Loop Time for DT" value="0.000000" />
  <attribute name="Output H" value="8388608"/>
  <attribute name="Output I" value="200"/>
  <attribute name="Output T" value="1"/>
  <attribute name="Target GC Util Change" value ="20.000000" />
  <attribute name="Current GC Util Change" value="83.000000"/>
  <attribute name="GC Util currently" value="83" />
  <attribute name="CPU Util currently" value="19472229307129" />
<exclusive-end id="6152" timestamp="2019-06-15T00:50:20.286" durationms="4.778" />

<exclusive-start id="6153" timestamp="2019-06-15T00:50:20.337" intervalms="55.818">
  <response-info timems="0.080" idlems="0.080" threads="0" lastid="0000000001CEB700" lastname="main" />
</exclusive-start>
<allocation-taxation id="6154" taxation-threshold="30408704" timestamp="2019-06-15T00:50:20.337" intervalms="55.749" />
<cycle-start id="6155" type="partial gc" contextid="0" timestamp="2019-06-15T00:50:20.337" intervalms="55.774" />
<gc-start id="6156" type="partial gc" contextid="6155" timestamp="2019-06-15T00:50:20.338">
  <mem-info id="6157" free="28311552" total="97517568" percent="29">
    <mem type="eden" free="0" total="30408704" percent="0" />
    <remembered-set count="82848" freebytes="3561216" totalbytes="3892608" percent="91" regionsoverflowed="0" regionsstable="9" regionsrebuilding="0"/>
  </mem-info>
</gc-start>
<allocation-stats totalBytes="30403616" >
  <allocated-bytes non-tlh="0" tlh="30403616" arrayletleaf="0"/>
  <largest-consumer threadName="main" threadId="0000000001CEB700" bytes="30403616" />
</allocation-stats>
<gc-op id="6158" type="copy forward" timems="1.485" contextid="6155" timestamp="2019-06-15T00:50:20.340">
  <memory-copied type="eden" objects="23" bytes="792" bytesdiscarded="0" />
  <memory-copied type="other" objects="83" bytes="20432" bytesdiscarded="0" />
  <memory-cardclean objects="153" bytes="5728" />
  <regions eden="29" other="4" />
  <remembered-set-cleared processed="80885" cleared="109" durationms="0.652" />
  <references type="soft" candidates="6" cleared="0" enqueued="0" dynamicThreshold="19" maxThreshold="32" />
  <stringconstants candidates="13269" cleared="0"  />
</gc-op>
<gc-op id="6159" type="classunload" timems="0.004" contextid="6155" timestamp="2019-06-15T00:50:20.340">
  <classunload-info classloadercandidates="53" classloadersunloaded="0" classesunloaded="0" anonymousclassesunloaded="0" quiescems="0.000" setupms="0.003" scanms="0.000" postms="0.000" />
</gc-op>
<gc-end id="6160" type="partial gc" contextid="6155" durationms="2.642" usertimems="4.000" systemtimems="0.000" timestamp="2019-06-15T00:50:20.340" activeThreads="1">
  <mem-info id="6161" free="57671680" total="97517568" percent="59">
    <mem type="eden" free="1047784" total="1048576" percent="99" />
    <remembered-set count="83008" freebytes="3560576" totalbytes="3892608" percent="91" regionsoverflowed="0" regionsstable="9" regionsrebuilding="0"/>
  </mem-info>
</gc-end>
<cycle-end id="6162" type="partial gc" contextid="6155" timestamp="2019-06-15T00:50:20.340" />
  <attribute name="elasticGC enabled" value="1" />
  <attribute name= "numThreadsSpecified" value="1" />
  <attribute name="heapSize specified" value="0" />
  <attribute name="Current GC Util" value="87" />
  <attribute name= "Current Time Running" value="26286" />
  <attribute name ="GC Interval" value="0" />
  <attribute name="ProportionalT" value="33.500000" />
  <attribute name="ProportionalI" value="33.500000" />
  <attribute name="ProportionalH" value="33.500000" />
  <attribute name="Current Error" value="67.000000" />
  <attribute name="IntegralT" value="0.000000" />
  <attribute name="IntegralI" value="0.000000" />
  <attribute name="IntegralH" value="0.000000" />
  <attribute name="DerivativeT" value="inf" />
  <attribute name="DerivativeI" value="inf" />
  <attribute name="DerivativeH" value="inf" />
  <attribute name="Loop Time for DT" value="0.000000" />
  <attribute name="Output H" value="8388608"/>
  <attribute name="Output I" value="200"/>
  <attribute name="Output T" value="1"/>
  <attribute name="Target GC Util Change" value ="20.000000" />
  <attribute name="Current GC Util Change" value="87.000000"/>
  <attribute name="GC Util currently" value="87" />
  <attribute name="CPU Util currently" value="20193833523724" />
<exclusive-end id="6163" timestamp="2019-06-15T00:50:20.341" durationms="3.846" />

<exclusive-start id="6164" timestamp="2019-06-15T00:50:20.387" intervalms="50.216">
  <response-info timems="0.070" idlems="0.070" threads="0" lastid="0000000001CEB700" lastname="main" />
</exclusive-start>
<allocation-taxation id="6165" taxation-threshold="30408704" timestamp="2019-06-15T00:50:20.387" intervalms="50.281" />
<cycle-start id="6166" type="partial gc" contextid="0" timestamp="2019-06-15T00:50:20.387" intervalms="50.248" />
<gc-start id="6167" type="partial gc" contextid="6166" timestamp="2019-06-15T00:50:20.388">
  <mem-info id="6168" free="27262976" total="97517568" percent="27">
    <mem type="eden" free="0" total="30408704" percent="0" />
    <remembered-set count="82880" freebytes="3561088" totalbytes="3892608" percent="91" regionsoverflowed="0" regionsstable="9" regionsrebuilding="0"/>
  </mem-info>
</gc-start>
<allocation-stats totalBytes="30403160" >
  <allocated-bytes non-tlh="0" tlh="30403160" arrayletleaf="0"/>
  <largest-consumer threadName="main" threadId="0000000001CEB700" bytes="30403160" />
</allocation-stats>
<gc-op id="6169" type="copy forward" timems="1.467" contextid="6166" timestamp="2019-06-15T00:50:20.390">
  <memory-copied type="eden" objects="6" bytes="264" bytesdiscarded="0" />
  <memory-copied type="other" objects="69" bytes="1848" bytesdiscarded="368" />
  <memory-cardclean objects="153" bytes="4552" />
  <regions eden="29" other="6" />
  <remembered-set-cleared processed="80877" cleared="131" durationms="0.655" />
  <stringconstants candidates="13269" cleared="0"  />
</gc-op>
<gc-op id="6170" type="classunload" timems="0.004" contextid="6166" timestamp="2019-06-15T00:50:20.390">
  <classunload-info classloadercandidates="53" classloadersunloaded="0" classesunloaded="0" anonymousclassesunloaded="0" quiescems="0.000" setupms="0.003" scanms="0.000" postms="0.000" />
</gc-op>
<gc-end id="6171" type="partial gc" contextid="6166" durationms="2.703" usertimems="0.000" systemtimems="0.000" timestamp="2019-06-15T00:50:20.391" activeThreads="1">
  <mem-info id="6172" free="59768832" total="97517568" percent="61">
    <mem type="eden" free="1048312" total="1048576" percent="99" />
    <remembered-set count="82752" freebytes="3561600" totalbytes="3892608" percent="91" regionsoverflowed="0" regionsstable="9" regionsrebuilding="0"/>
  </mem-info>
</gc-end>
<cycle-end id="6173" type="partial gc" contextid="6166" timestamp="2019-06-15T00:50:20.391" />
  <attribute name="elasticGC enabled" value="1" />
  <attribute name= "numThreadsSpecified" value="1" />
  <attribute name="heapSize specified" value="0" />
  <attribute name="Current GC Util" value="66" />
  <attribute name= "Current Time Running" value="26336" />
  <attribute name ="GC Interval" value="0" />
  <attribute name="ProportionalT" value="23.000000" />
  <attribute name="ProportionalI" value="23.000000" />
  <attribute name="ProportionalH" value="23.000000" />
  <attribute name="Current Error" value="46.000000" />
  <attribute name="IntegralT" value="0.000000" />
  <attribute name="IntegralI" value="0.000000" />
  <attribute name="IntegralH" value="0.000000" />
  <attribute name="DerivativeT" value="inf" />
  <attribute name="DerivativeI" value="inf" />
  <attribute name="DerivativeH" value="inf" />
  <attribute name="Loop Time for DT" value="0.000000" />
  <attribute name="Output H" value="8388608"/>
  <attribute name="Output I" value="200"/>
  <attribute name="Output T" value="1"/>
  <attribute name="Target GC Util Change" value ="20.000000" />
  <attribute name="Current GC Util Change" value="66.000000"/>
  <attribute name="GC Util currently" value="66" />
  <attribute name="CPU Util currently" value="17220634636230" />
<exclusive-end id="6174" timestamp="2019-06-15T00:50:20.391" durationms="4.002" />

<exclusive-start id="6175" timestamp="2019-06-15T00:50:20.438" intervalms="51.005">
  <response-info timems="0.098" idlems="0.098" threads="0" lastid="0000000001CEB700" lastname="main" />
</exclusive-start>
<allocation-taxation id="6176" taxation-threshold="30408704" timestamp="2019-06-15T00:50:20.438" intervalms="50.976" />
<cycle-start id="6177" type="partial gc" contextid="0" timestamp="2019-06-15T00:50:20.438" intervalms="50.980" />
<gc-start id="6178" type="partial gc" contextid="6177" timestamp="2019-06-15T00:50:20.439">
  <mem-info id="6179" free="29360128" total="97517568" percent="30">
    <mem type="eden" free="1048312" total="31457280" percent="3" />
    <remembered-set count="82688" freebytes="3561856" totalbytes="3892608" percent="91" regionsoverflowed="0" regionsstable="9" regionsrebuilding="0"/>
  </mem-info>
</gc-start>
<allocation-stats totalBytes="30402960" >
  <allocated-bytes non-tlh="0" tlh="30402960" arrayletleaf="0"/>
  <largest-consumer threadName="main" threadId="0000000001CEB700" bytes="30402960" />
</allocation-stats>
<gc-op id="6180" type="copy forward" timems="1.469" contextid="6177" timestamp="2019-06-15T00:50:20.441">
  <memory-copied type="eden" objects="3" bytes="120" bytesdiscarded="0" />
  <memory-copied type="other" objects="27" bytes="688" bytesdiscarded="368" />
  <memory-cardclean objects="96" bytes="10960" />
  <regions eden="29" other="5" />
  <remembered-set-cleared processed="80838" cleared="77" durationms="0.653" />
  <references type="weak" candidates="2" cleared="0" enqueued="0" />
  <stringconstants candidates="13269" cleared="0"  />
</gc-op>
<gc-op id="6181" type="classunload" timems="0.004" contextid="6177" timestamp="2019-06-15T00:50:20.441">
  <classunload-info classloadercandidates="53" classloadersunloaded="0" classesunloaded="0" anonymousclassesunloaded="0" quiescems="0.000" setupms="0.003" scanms="0.000" postms="0.000" />
</gc-op>
<heap-resize id="6182" type="contract" space="default" amount="5242880" count="1" timems="0.064" reason="excess free space following gc" timestamp="2019-06-15T00:50:20.442" />
<gc-end id="6183" type="partial gc" contextid="6177" durationms="2.987" usertimems="0.000" systemtimems="4.000" timestamp="2019-06-15T00:50:20.442" activeThreads="1">
  <mem-info id="6184" free="56623104" total="92274688" percent="61">
    <mem type="eden" free="1048456" total="1048576" percent="99" />
    <remembered-set count="82944" freebytes="3560832" totalbytes="3892608" percent="91" regionsoverflowed="0" regionsstable="9" regionsrebuilding="0"/>
  </mem-info>
</gc-end>
<cycle-end id="6185" type="partial gc" contextid="6177" timestamp="2019-06-15T00:50:20.442" />
  <attribute name="elasticGC enabled" value="1" />
  <attribute name= "numThreadsSpecified" value="1" />
  <attribute name="heapSize specified" value="0" />
  <attribute name="Current GC Util" value="81" />
  <attribute name= "Current Time Running" value="26387" />
  <attribute name ="GC Interval" value="0" />
  <attribute name="ProportionalT" value="30.500000" />
  <attribute name="ProportionalI" value="30.500000" />
  <attribute name="ProportionalH" value="30.500000" />
  <attribute name="Current Error" value="61.000000" />
  <attribute name="IntegralT" value="0.000000" />
  <attribute name="IntegralI" value="0.000000" />
  <attribute name="IntegralH" value="0.000000" />
  <attribute name="DerivativeT" value="inf" />
  <attribute name="DerivativeI" value="inf" />
  <attribute name="DerivativeH" value="inf" />
  <attribute name="Loop Time for DT" value="0.000000" />
  <attribute name="Output H" value="8388608"/>
  <attribute name="Output I" value="200"/>
  <attribute name="Output T" value="1"/>
  <attribute name="Target GC Util Change" value ="20.000000" />
  <attribute name="Current GC Util Change" value="81.000000"/>
  <attribute name="GC Util currently" value="81" />
  <attribute name="CPU Util currently" value="15174312324423" />
<exclusive-end id="6186" timestamp="2019-06-15T00:50:20.442" durationms="4.314" />

<exclusive-start id="6187" timestamp="2019-06-15T00:50:20.487" intervalms="49.059">
  <response-info timems="0.084" idlems="0.084" threads="0" lastid="0000000001CEB700" lastname="main" />
</exclusive-start>
<allocation-taxation id="6188" taxation-threshold="29360128" timestamp="2019-06-15T00:50:20.487" intervalms="49.090" />
<cycle-start id="6189" type="partial gc" contextid="0" timestamp="2019-06-15T00:50:20.488" intervalms="49.096" />
<gc-start id="6190" type="partial gc" contextid="6189" timestamp="2019-06-15T00:50:20.488">
  <mem-info id="6191" free="27262976" total="92274688" percent="29">
    <mem type="eden" free="1048456" total="30408704" percent="3" />
    <remembered-set count="82592" freebytes="3562240" totalbytes="3892608" percent="91" regionsoverflowed="0" regionsstable="9" regionsrebuilding="0"/>
  </mem-info>
</gc-start>
<allocation-stats totalBytes="29354432" >
  <allocated-bytes non-tlh="0" tlh="29354432" arrayletleaf="0"/>
  <largest-consumer threadName="main" threadId="0000000001CEB700" bytes="29354432" />
</allocation-stats>
<gc-op id="6192" type="copy forward" timems="1.802" contextid="6189" timestamp="2019-06-15T00:50:20.491">
  <memory-copied type="eden" objects="4" bytes="200" bytesdiscarded="0" />
  <memory-copied type="other" objects="34" bytes="888" bytesdiscarded="944" />
  <memory-cardclean objects="106" bytes="3176" />
  <regions eden="28" other="3" />
  <remembered-set-cleared processed="80824" cleared="72" durationms="0.344" />
  <stringconstants candidates="13269" cleared="0"  />
</gc-op>
<gc-op id="6193" type="classunload" timems="0.004" contextid="6189" timestamp="2019-06-15T00:50:20.491">
  <classunload-info classloadercandidates="53" classloadersunloaded="0" classesunloaded="0" anonymousclassesunloaded="0" quiescems="0.000" setupms="0.003" scanms="0.000" postms="0.000" />
</gc-op>
<heap-resize id="6194" type="contract" space="default" amount="3145728" count="1" timems="0.083" reason="excess free space following gc" timestamp="2019-06-15T00:50:20.491" />
<gc-end id="6195" type="partial gc" contextid="6189" durationms="3.448" usertimems="4.000" systemtimems="0.000" timestamp="2019-06-15T00:50:20.491" activeThreads="4">
  <mem-info id="6196" free="54525952" total="89128960" percent="61">
    <mem type="eden" free="1048376" total="1048576" percent="99" />
    <remembered-set count="83616" freebytes="3348864" totalbytes="3683328" percent="90" regionsoverflowed="0" regionsstable="9" regionsrebuilding="0"/>
  </mem-info>
</gc-end>
<cycle-end id="6197" type="partial gc" contextid="6189" timestamp="2019-06-15T00:50:20.492" />
  <attribute name="elasticGC enabled" value="1" />
  <attribute name= "numThreadsSpecified" value="4" />
  <attribute name="heapSize specified" value="0" />
  <attribute name="Current GC Util" value="50" />
  <attribute name= "Current Time Running" value="26437" />
  <attribute name ="GC Interval" value="0" />
  <attribute name="ProportionalT" value="15.000000" />
  <attribute name="ProportionalI" value="15.000000" />
  <attribute name="ProportionalH" value="15.000000" />
  <attribute name="Current Error" value="30.000000" />
  <attribute name="IntegralT" value="30.000000" />
  <attribute name="IntegralI" value="30.000000" />
  <attribute name="IntegralH" value="30.000000" />
  <attribute name="DerivativeT" value="15.000000" />
  <attribute name="DerivativeI" value="15.000000" />
  <attribute name="DerivativeH" value="15.000000" />
  <attribute name="Loop Time for DT" value="1.000000" />
  <attribute name="Output H" value="8388608"/>
  <attribute name="Output I" value="200"/>
  <attribute name="Output T" value="4"/>
  <attribute name="Target GC Util Change" value ="20.000000" />
  <attribute name="Current GC Util Change" value="50.000000"/>
  <attribute name="GC Util currently" value="50" />
  <attribute name="CPU Util currently" value="8725726289163" />
<exclusive-end id="6198" timestamp="2019-06-15T00:50:20.492" durationms="4.728" />

<exclusive-start id="6199" timestamp="2019-06-15T00:50:20.535" intervalms="47.816">
  <response-info timems="0.067" idlems="0.067" threads="0" lastid="0000000001CEB700" lastname="main" />
</exclusive-start>
<allocation-taxation id="6200" taxation-threshold="28311552" timestamp="2019-06-15T00:50:20.535" intervalms="47.800" />
<cycle-start id="6201" type="partial gc" contextid="0" timestamp="2019-06-15T00:50:20.535" intervalms="47.803" />
<gc-start id="6202" type="partial gc" contextid="6201" timestamp="2019-06-15T00:50:20.536">
  <mem-info id="6203" free="26214400" total="89128960" percent="29">
    <mem type="eden" free="1048376" total="29360128" percent="3" />
    <remembered-set count="60000" freebytes="3443328" totalbytes="3683328" percent="93" regionsoverflowed="0" regionsstable="13" regionsrebuilding="0"/>
  </mem-info>
</gc-start>
<allocation-stats totalBytes="28306024" >
  <allocated-bytes non-tlh="0" tlh="28306024" arrayletleaf="0"/>
  <largest-consumer threadName="main" threadId="0000000001CEB700" bytes="28306024" />
</allocation-stats>
<gc-op id="6204" type="copy forward" timems="4.006" contextid="6201" timestamp="2019-06-15T00:50:20.541">
  <memory-copied type="eden" objects="2" bytes="104" bytesdiscarded="0" />
  <memory-copied type="other" objects="32867" bytes="892016" bytesdiscarded="80" />
  <memory-cardclean objects="2002" bytes="67024" />
  <regions eden="27" other="6" />
  <remembered-set-cleared processed="57666" cleared="1614" durationms="0.489" />
  <references type="soft" candidates="2" cleared="0" enqueued="0" dynamicThreshold="19" maxThreshold="32" />
  <references type="weak" candidates="96" cleared="0" enqueued="0" />
  <stringconstants candidates="13269" cleared="0"  />
</gc-op>
<gc-op id="6205" type="classunload" timems="0.004" contextid="6201" timestamp="2019-06-15T00:50:20.541">
  <classunload-info classloadercandidates="53" classloadersunloaded="0" classesunloaded="0" anonymousclassesunloaded="0" quiescems="0.000" setupms="0.004" scanms="0.000" postms="0.000" />
</gc-op>
<heap-resize id="6206" type="contract" space="default" amount="5242880" count="1" timems="0.151" reason="excess free space following gc" timestamp="2019-06-15T00:50:20.541" />
<gc-end id="6207" type="partial gc" contextid="6201" durationms="5.832" usertimems="4.000" systemtimems="0.000" timestamp="2019-06-15T00:50:20.542" activeThreads="1">
  <mem-info id="6208" free="54525952" total="83886080" percent="65">
    <mem type="eden" free="1048472" total="1048576" percent="99" />
    <remembered-set count="58560" freebytes="3323520" totalbytes="3557760" percent="93" regionsoverflowed="0" regionsstable="13" regionsrebuilding="0"/>
  </mem-info>
</gc-end>
<cycle-end id="6209" type="partial gc" contextid="6201" timestamp="2019-06-15T00:50:20.542" />
  <attribute name="elasticGC enabled" value="1" />
  <attribute name= "numThreadsSpecified" value="1" />
  <attribute name="heapSize specified" value="0" />
  <attribute name="Current GC Util" value="43" />
  <attribute name= "Current Time Running" value="26484" />
  <attribute name ="GC Interval" value="0" />
  <attribute name="ProportionalT" value="11.500000" />
  <attribute name="ProportionalI" value="11.500000" />
  <attribute name="ProportionalH" value="11.500000" />
  <attribute name="Current Error" value="23.000000" />
  <attribute name="IntegralT" value="0.000000" />
  <attribute name="IntegralI" value="0.000000" />
  <attribute name="IntegralH" value="0.000000" />
  <attribute name="DerivativeT" value="inf" />
  <attribute name="DerivativeI" value="inf" />
  <attribute name="DerivativeH" value="inf" />
  <attribute name="Loop Time for DT" value="0.000000" />
  <attribute name="Output H" value="8388608"/>
  <attribute name="Output I" value="200"/>
  <attribute name="Output T" value="1"/>
  <attribute name="Target GC Util Change" value ="20.000000" />
  <attribute name="Current GC Util Change" value="43.000000"/>
  <attribute name="GC Util currently" value="43" />
  <attribute name="CPU Util currently" value="9200554535392" />
<exclusive-end id="6210" timestamp="2019-06-15T00:50:20.542" durationms="7.108" />

<exclusive-start id="6211" timestamp="2019-06-15T00:50:20.564" intervalms="28.606">
  <response-info timems="0.091" idlems="0.091" threads="0" lastid="0000000001CEB700" lastname="main" />
</exclusive-start>
<allocation-taxation id="6212" taxation-threshold="13631488" timestamp="2019-06-15T00:50:20.564" intervalms="28.557" />
<cycle-start id="6213" type="global mark phase" contextid="0" timestamp="2019-06-15T00:50:20.564" intervalms="653.036" />
<gc-start id="6214" type="global mark phase" contextid="6213" timestamp="2019-06-15T00:50:20.564">
  <mem-info id="6215" free="40894464" total="83886080" percent="48">
    <remembered-set count="58304" freebytes="3324544" totalbytes="3557760" percent="93" regionsoverflowed="0" regionsstable="13" regionsrebuilding="0"/>
  </mem-info>
</gc-start>
<gc-op id="6216" type="mark increment" timems="0.504" contextid="6213" timestamp="2019-06-15T00:50:20.565">
  <trace-info objectcount="188" scancount="0" scanbytes="0" />
</gc-op>
<gc-end id="6217" type="global mark phase" contextid="6213" durationms="0.788" usertimems="0.000" systemtimems="0.000" timestamp="2019-06-15T00:50:20.565" activeThreads="1">
  <mem-info id="6218" free="40894464" total="83886080" percent="48">
    <remembered-set count="58304" freebytes="3324544" totalbytes="3557760" percent="93" regionsoverflowed="0" regionsstable="0" regionsrebuilding="13"/>
  </mem-info>
</gc-end>
<concurrent-start id="6219" type="GMP work packet processing" contextid="6213" timestamp="2019-06-15T00:50:20.565">
  <concurrent-mark-start scanTarget="1048576" />
</concurrent-start>
<exclusive-end id="6220" timestamp="2019-06-15T00:50:20.567" durationms="3.017" />

<concurrent-end id="6221" type="GMP work packet processing" contextid="6213" timestamp="2019-06-15T00:50:20.567">
  <concurrent-mark-end bytesScanned="1128060" reasonForTermination="Work target met" />
</concurrent-end>

<exclusive-start id="6222" timestamp="2019-06-15T00:50:20.587" intervalms="23.916">
  <response-info timems="0.093" idlems="0.093" threads="0" lastid="0000000001CEB700" lastname="main" />
</exclusive-start>
<allocation-taxation id="6223" taxation-threshold="13631488" timestamp="2019-06-15T00:50:20.588" intervalms="23.946" />
<cycle-start id="6224" type="partial gc" contextid="0" timestamp="2019-06-15T00:50:20.588" intervalms="52.478" />
<gc-start id="6225" type="partial gc" contextid="6224" timestamp="2019-06-15T00:50:20.588">
  <mem-info id="6226" free="27262976" total="83886080" percent="32">
    <mem type="eden" free="1048472" total="28311552" percent="3" />
    <remembered-set count="63264" freebytes="3304704" totalbytes="3557760" percent="92" regionsoverflowed="0" regionsstable="0" regionsrebuilding="13"/>
  </mem-info>
</gc-start>
<allocation-stats totalBytes="27257640" >
  <allocated-bytes non-tlh="0" tlh="27257640" arrayletleaf="0"/>
  <largest-consumer threadName="main" threadId="0000000001CEB700" bytes="13628896" />
</allocation-stats>
<gc-op id="6227" type="copy forward" timems="2.364" contextid="6224" timestamp="2019-06-15T00:50:20.592">
  <memory-copied type="eden" objects="5" bytes="240" bytesdiscarded="0" />
  <memory-copied type="other" objects="0" bytes="0" bytesdiscarded="0" />
  <memory-cardclean objects="29597" bytes="621464" />
  <regions eden="26" other="1" />
  <remembered-set-cleared processed="58127" cleared="2149" durationms="0.372" />
  <stringconstants candidates="13269" cleared="0"  />
</gc-op>
<gc-op id="6228" type="classunload" timems="0.004" contextid="6224" timestamp="2019-06-15T00:50:20.592">
  <classunload-info classloadercandidates="53" classloadersunloaded="0" classesunloaded="0" anonymousclassesunloaded="0" quiescems="0.000" setupms="0.004" scanms="0.000" postms="0.000" />
</gc-op>
<heap-resize id="6229" type="contract" space="default" amount="4194304" count="1" timems="0.109" reason="excess free space following gc" timestamp="2019-06-15T00:50:20.592" />
<gc-end id="6230" type="partial gc" contextid="6224" durationms="4.056" usertimems="8.000" systemtimems="0.000" timestamp="2019-06-15T00:50:20.592" activeThreads="4">
  <mem-info id="6231" free="50331648" total="79691776" percent="63">
    <mem type="eden" free="1048336" total="1048576" percent="99" />
    <remembered-set count="62144" freebytes="3099904" totalbytes="3348480" percent="92" regionsoverflowed="0" regionsstable="0" regionsrebuilding="13"/>
  </mem-info>
</gc-end>
<cycle-end id="6232" type="partial gc" contextid="6224" timestamp="2019-06-15T00:50:20.592" />
  <attribute name="elasticGC enabled" value="1" />
  <attribute name= "numThreadsSpecified" value="4" />
  <attribute name="heapSize specified" value="0" />
  <attribute name="Current GC Util" value="45" />
  <attribute name= "Current Time Running" value="26537" />
  <attribute name ="GC Interval" value="0" />
  <attribute name="ProportionalT" value="12.500000" />
  <attribute name="ProportionalI" value="12.500000" />
  <attribute name="ProportionalH" value="12.500000" />
  <attribute name="Current Error" value="25.000000" />
  <attribute name="IntegralT" value="25.000000" />
  <attribute name="IntegralI" value="25.000000" />
  <attribute name="IntegralH" value="25.000000" />
  <attribute name="DerivativeT" value="12.500000" />
  <attribute name="DerivativeI" value="12.500000" />
  <attribute name="DerivativeH" value="12.500000" />
  <attribute name="Loop Time for DT" value="1.000000" />
  <attribute name="Output H" value="8388608"/>
  <attribute name="Output I" value="200"/>
  <attribute name="Output T" value="4"/>
  <attribute name="Target GC Util Change" value ="20.000000" />
  <attribute name="Current GC Util Change" value="45.000000"/>
  <attribute name="GC Util currently" value="45" />
  <attribute name="CPU Util currently" value="9067644188856" />
<exclusive-end id="6233" timestamp="2019-06-15T00:50:20.593" durationms="5.310" />

<exclusive-start id="6234" timestamp="2019-06-15T00:50:20.612" intervalms="24.601">
  <response-info timems="0.076" idlems="0.076" threads="0" lastid="0000000001CEB700" lastname="main" />
</exclusive-start>
<allocation-taxation id="6235" taxation-threshold="12582912" timestamp="2019-06-15T00:50:20.612" intervalms="24.615" />
<gc-start id="6236" type="global mark phase" contextid="6213" timestamp="2019-06-15T00:50:20.612">
  <mem-info id="6237" free="37748736" total="79691776" percent="47">
    <remembered-set count="61920" freebytes="3100800" totalbytes="3348480" percent="92" regionsoverflowed="0" regionsstable="0" regionsrebuilding="13"/>
  </mem-info>
</gc-start>
<gc-end id="6238" type="global mark phase" contextid="6213" durationms="0.223" usertimems="0.000" systemtimems="0.000" timestamp="2019-06-15T00:50:20.613" activeThreads="4">
  <mem-info id="6239" free="37748736" total="79691776" percent="47">
    <remembered-set count="61920" freebytes="3100800" totalbytes="3348480" percent="92" regionsoverflowed="0" regionsstable="0" regionsrebuilding="13"/>
  </mem-info>
</gc-end>
<concurrent-start id="6240" type="GMP work packet processing" contextid="6213" timestamp="2019-06-15T00:50:20.613">
  <concurrent-mark-start scanTarget="1048576" />
</concurrent-start>
<exclusive-end id="6241" timestamp="2019-06-15T00:50:20.614" durationms="1.934" />

<concurrent-end id="6242" type="GMP work packet processing" contextid="6213" timestamp="2019-06-15T00:50:20.614">
  <concurrent-mark-end bytesScanned="1123468" reasonForTermination="Work target met" />
</concurrent-end>

<exclusive-start id="6243" timestamp="2019-06-15T00:50:20.634" intervalms="21.611">
  <response-info timems="0.074" idlems="0.074" threads="0" lastid="0000000001CEB700" lastname="main" />
</exclusive-start>
<allocation-taxation id="6244" taxation-threshold="12582912" timestamp="2019-06-15T00:50:20.634" intervalms="21.613" />
<cycle-start id="6245" type="partial gc" contextid="0" timestamp="2019-06-15T00:50:20.634" intervalms="46.246" />
<gc-start id="6246" type="partial gc" contextid="6245" timestamp="2019-06-15T00:50:20.634">
  <mem-info id="6247" free="25165824" total="79691776" percent="31">
    <mem type="eden" free="1048336" total="26214400" percent="3" />
    <remembered-set count="64864" freebytes="3089024" totalbytes="3348480" percent="92" regionsoverflowed="0" regionsstable="0" regionsrebuilding="13"/>
  </mem-info>
</gc-start>
<allocation-stats totalBytes="25161440" >
  <allocated-bytes non-tlh="0" tlh="25161440" arrayletleaf="0"/>
  <largest-consumer threadName="main" threadId="0000000001CEB700" bytes="12580640" />
</allocation-stats>
<gc-op id="6248" type="copy forward" timems="3.496" contextid="6245" timestamp="2019-06-15T00:50:20.639">
  <memory-copied type="eden" objects="4" bytes="136" bytesdiscarded="0" />
  <memory-copied type="other" objects="0" bytes="0" bytesdiscarded="0" />
  <memory-cardclean objects="24170" bytes="846976" />
  <regions eden="24" other="1" />
  <remembered-set-cleared processed="57295" cleared="4358" durationms="0.549" />
  <stringconstants candidates="13269" cleared="0"  />
</gc-op>
<gc-op id="6249" type="classunload" timems="0.004" contextid="6245" timestamp="2019-06-15T00:50:20.639">
  <classunload-info classloadercandidates="53" classloadersunloaded="0" classesunloaded="0" anonymousclassesunloaded="0" quiescems="0.000" setupms="0.004" scanms="0.000" postms="0.000" />
</gc-op>
<heap-resize id="6250" type="contract" space="default" amount="4194304" count="1" timems="0.156" reason="excess free space following gc" timestamp="2019-06-15T00:50:20.639" />
<gc-end id="6251" type="partial gc" contextid="6245" durationms="5.182" usertimems="4.000" systemtimems="0.000" timestamp="2019-06-15T00:50:20.640" activeThreads="1">
  <mem-info id="6252" free="46137344" total="75497472" percent="61">
    <mem type="eden" free="1048440" total="1048576" percent="99" />
    <remembered-set count="60448" freebytes="2939264" totalbytes="3181056" percent="92" regionsoverflowed="0" regionsstable="0" regionsrebuilding="13"/>
  </mem-info>
</gc-end>
<cycle-end id="6253" type="partial gc" contextid="6245" timestamp="2019-06-15T00:50:20.640" />
  <attribute name="elasticGC enabled" value="1" />
  <attribute name= "numThreadsSpecified" value="1" />
  <attribute name="heapSize specified" value="0" />
  <attribute name="Current GC Util" value="54" />
  <attribute name= "Current Time Running" value="26583" />
  <attribute name ="GC Interval" value="0" />
  <attribute name="ProportionalT" value="17.000000" />
  <attribute name="ProportionalI" value="17.000000" />
  <attribute name="ProportionalH" value="17.000000" />
  <attribute name="Current Error" value="34.000000" />
  <attribute name="IntegralT" value="0.000000" />
  <attribute name="IntegralI" value="0.000000" />
  <attribute name="IntegralH" value="0.000000" />
  <attribute name="DerivativeT" value="inf" />
  <attribute name="DerivativeI" value="inf" />
  <attribute name="DerivativeH" value="inf" />
  <attribute name="Loop Time for DT" value="0.000000" />
  <attribute name="Output H" value="8388608"/>
  <attribute name="Output I" value="200"/>
  <attribute name="Output T" value="1"/>
  <attribute name="Target GC Util Change" value ="20.000000" />
  <attribute name="Current GC Util Change" value="54.000000"/>
  <attribute name="GC Util currently" value="54" />
  <attribute name="CPU Util currently" value="9746073313668" />
<exclusive-end id="6254" timestamp="2019-06-15T00:50:20.640" durationms="6.463" />

<exclusive-start id="6255" timestamp="2019-06-15T00:50:20.652" intervalms="18.688">
  <response-info timems="0.075" idlems="0.075" threads="0" lastid="0000000001CEB700" lastname="main" />
</exclusive-start>
<allocation-taxation id="6256" taxation-threshold="12582912" timestamp="2019-06-15T00:50:20.653" intervalms="18.667" />
<gc-start id="6257" type="global mark phase" contextid="6213" timestamp="2019-06-15T00:50:20.653">
  <mem-info id="6258" free="33554432" total="75497472" percent="44">
    <remembered-set count="60192" freebytes="2940288" totalbytes="3181056" percent="92" regionsoverflowed="0" regionsstable="0" regionsrebuilding="13"/>
  </mem-info>
</gc-start>
<gc-end id="6259" type="global mark phase" contextid="6213" durationms="0.204" usertimems="0.000" systemtimems="0.000" timestamp="2019-06-15T00:50:20.653" activeThreads="1">
  <mem-info id="6260" free="33554432" total="75497472" percent="44">
    <remembered-set count="60192" freebytes="2940288" totalbytes="3181056" percent="92" regionsoverflowed="0" regionsstable="0" regionsrebuilding="13"/>
  </mem-info>
</gc-end>
<concurrent-start id="6261" type="GMP work packet processing" contextid="6213" timestamp="2019-06-15T00:50:20.653">
  <concurrent-mark-start scanTarget="1048576" />
</concurrent-start>
<exclusive-end id="6262" timestamp="2019-06-15T00:50:20.654" durationms="1.593" />

<concurrent-end id="6263" type="GMP work packet processing" contextid="6213" timestamp="2019-06-15T00:50:20.654">
  <concurrent-mark-end bytesScanned="1094608" reasonForTermination="Work target met" />
</concurrent-end>

<exclusive-start id="6264" timestamp="2019-06-15T00:50:20.658" intervalms="5.671">
  <response-info timems="0.067" idlems="0.067" threads="0" lastid="0000000001CEB700" lastname="main" />
</exclusive-start>
<allocation-taxation id="6265" taxation-threshold="12582912" timestamp="2019-06-15T00:50:20.658" intervalms="5.682" />
<cycle-start id="6266" type="partial gc" contextid="0" timestamp="2019-06-15T00:50:20.658" intervalms="24.324" />
<gc-start id="6267" type="partial gc" contextid="6266" timestamp="2019-06-15T00:50:20.659">
  <mem-info id="6268" free="20971520" total="75497472" percent="27">
    <mem type="eden" free="1048440" total="26214400" percent="3" />
    <remembered-set count="62432" freebytes="2931328" totalbytes="3181056" percent="92" regionsoverflowed="0" regionsstable="0" regionsrebuilding="13"/>
  </mem-info>
</gc-start>
<allocation-stats totalBytes="25136816" >
  <allocated-bytes non-tlh="0" tlh="25136816" arrayletleaf="0"/>
  <largest-consumer threadName="main" threadId="0000000001CEB700" bytes="12564448" />
</allocation-stats>
<gc-op id="6269" type="copy forward" timems="2.167" contextid="6266" timestamp="2019-06-15T00:50:20.662">
  <memory-copied type="eden" objects="25" bytes="1312" bytesdiscarded="0" />
  <memory-copied type="other" objects="0" bytes="0" bytesdiscarded="0" />
  <memory-cardclean objects="6841" bytes="242168" />
  <regions eden="24" other="1" />
  <remembered-set-cleared processed="59939" cleared="1092" durationms="0.527" />
  <stringconstants candidates="13269" cleared="0"  />
</gc-op>
<gc-op id="6270" type="classunload" timems="0.004" contextid="6266" timestamp="2019-06-15T00:50:20.662">
  <classunload-info classloadercandidates="53" classloadersunloaded="0" classesunloaded="0" anonymousclassesunloaded="0" quiescems="0.000" setupms="0.004" scanms="0.000" postms="0.000" />
</gc-op>
<gc-end id="6271" type="partial gc" contextid="6266" durationms="3.503" usertimems="4.000" systemtimems="0.000" timestamp="2019-06-15T00:50:20.662" activeThreads="1">
  <mem-info id="6272" free="46137344" total="75497472" percent="61">
    <mem type="eden" free="1047264" total="1048576" percent="99" />
    <remembered-set count="61824" freebytes="2766336" totalbytes="3013632" percent="91" regionsoverflowed="0" regionsstable="0" regionsrebuilding="13"/>
  </mem-info>
</gc-end>
<cycle-end id="6273" type="partial gc" contextid="6266" timestamp="2019-06-15T00:50:20.662" />
  <attribute name="elasticGC enabled" value="1" />
  <attribute name= "numThreadsSpecified" value="1" />
  <attribute name="heapSize specified" value="0" />
  <attribute name="Current GC Util" value="47" />
  <attribute name= "Current Time Running" value="26607" />
  <attribute name ="GC Interval" value="0" />
  <attribute name="ProportionalT" value="13.500000" />
  <attribute name="ProportionalI" value="13.500000" />
  <attribute name="ProportionalH" value="13.500000" />
  <attribute name="Current Error" value="27.000000" />
  <attribute name="IntegralT" value="0.000000" />
  <attribute name="IntegralI" value="0.000000" />
  <attribute name="IntegralH" value="0.000000" />
  <attribute name="DerivativeT" value="inf" />
  <attribute name="DerivativeI" value="inf" />
  <attribute name="DerivativeH" value="inf" />
  <attribute name="Loop Time for DT" value="0.000000" />
  <attribute name="Output H" value="8388608"/>
  <attribute name="Output I" value="200"/>
  <attribute name="Output T" value="1"/>
  <attribute name="Target GC Util Change" value ="20.000000" />
  <attribute name="Current GC Util Change" value="47.000000"/>
  <attribute name="GC Util currently" value="47" />
  <attribute name="CPU Util currently" value="9991541611556" />
<exclusive-end id="6274" timestamp="2019-06-15T00:50:20.663" durationms="4.579" />

<exclusive-start id="6275" timestamp="2019-06-15T00:50:20.667" intervalms="8.687">
  <response-info timems="0.080" idlems="0.080" threads="0" lastid="0000000001CEB700" lastname="main" />
</exclusive-start>
<allocation-taxation id="6276" taxation-threshold="12582912" timestamp="2019-06-15T00:50:20.667" intervalms="8.691" />
<gc-start id="6277" type="global mark phase" contextid="6213" timestamp="2019-06-15T00:50:20.667">
  <mem-info id="6278" free="33554432" total="75497472" percent="44">
    <remembered-set count="61600" freebytes="2767232" totalbytes="3013632" percent="91" regionsoverflowed="0" regionsstable="0" regionsrebuilding="13"/>
  </mem-info>
</gc-start>
<gc-end id="6279" type="global mark phase" contextid="6213" durationms="0.208" usertimems="0.000" systemtimems="0.000" timestamp="2019-06-15T00:50:20.667" activeThreads="1">
  <mem-info id="6280" free="33554432" total="75497472" percent="44">
    <remembered-set count="61600" freebytes="2767232" totalbytes="3013632" percent="91" regionsoverflowed="0" regionsstable="0" regionsrebuilding="13"/>
  </mem-info>
</gc-end>
<concurrent-start id="6281" type="GMP work packet processing" contextid="6213" timestamp="2019-06-15T00:50:20.668">
  <concurrent-mark-start scanTarget="1098740" />
</concurrent-start>
<exclusive-end id="6282" timestamp="2019-06-15T00:50:20.668" durationms="1.583" />

<concurrent-end id="6283" type="GMP work packet processing" contextid="6213" timestamp="2019-06-15T00:50:20.668">
  <concurrent-mark-end bytesScanned="1144680" reasonForTermination="Work target met" />
</concurrent-end>

<exclusive-start id="6284" timestamp="2019-06-15T00:50:20.672" intervalms="5.685">
  <response-info timems="0.076" idlems="0.076" threads="0" lastid="0000000001CEB700" lastname="main" />
</exclusive-start>
<allocation-taxation id="6285" taxation-threshold="12582912" timestamp="2019-06-15T00:50:20.673" intervalms="5.687" />
<cycle-start id="6286" type="partial gc" contextid="0" timestamp="2019-06-15T00:50:20.673" intervalms="14.419" />
<gc-start id="6287" type="partial gc" contextid="6286" timestamp="2019-06-15T00:50:20.673">
  <mem-info id="6288" free="20971520" total="75497472" percent="27">
    <mem type="eden" free="0" total="25165824" percent="0" />
    <remembered-set count="66976" freebytes="2745728" totalbytes="3013632" percent="91" regionsoverflowed="0" regionsstable="0" regionsrebuilding="13"/>
  </mem-info>
</gc-start>
<allocation-stats totalBytes="25129712" >
  <allocated-bytes non-tlh="0" tlh="25129712" arrayletleaf="0"/>
  <largest-consumer threadName="main" threadId="0000000001CEB700" bytes="12565560" />
</allocation-stats>
<gc-op id="6289" type="copy forward" timems="1.720" contextid="6286" timestamp="2019-06-15T00:50:20.676">
  <memory-copied type="eden" objects="2" bytes="40" bytesdiscarded="752" />
  <memory-copied type="other" objects="22" bytes="1240" bytesdiscarded="1136" />
  <memory-cardclean objects="49" bytes="1904" />
  <regions eden="24" other="1" />
  <remembered-set-cleared processed="64867" cleared="46" durationms="0.327" />
  <stringconstants candidates="13269" cleared="0"  />
</gc-op>
<gc-op id="6290" type="classunload" timems="0.003" contextid="6286" timestamp="2019-06-15T00:50:20.676">
  <classunload-info classloadercandidates="53" classloadersunloaded="0" classesunloaded="0" anonymousclassesunloaded="0" quiescems="0.000" setupms="0.003" scanms="0.000" postms="0.000" />
</gc-op>
<heap-resize id="6291" type="expand" space="default" amount="1048576" count="1" timems="0.058" reason="excessive time being spent in gc" timestamp="2019-06-15T00:50:20.676" />
<gc-end id="6292" type="partial gc" contextid="6286" durationms="2.992" usertimems="0.000" systemtimems="4.000" timestamp="2019-06-15T00:50:20.676" activeThreads="4">
  <mem-info id="6293" free="46137344" total="76546048" percent="60">
    <mem type="eden" free="1047784" total="1048576" percent="99" />
    <remembered-set count="67680" freebytes="2784768" totalbytes="3055488" percent="91" regionsoverflowed="0" regionsstable="0" regionsrebuilding="13"/>
  </mem-info>
</gc-end>
<cycle-end id="6294" type="partial gc" contextid="6286" timestamp="2019-06-15T00:50:20.676" />
  <attribute name="elasticGC enabled" value="1" />
  <attribute name= "numThreadsSpecified" value="4" />
  <attribute name="heapSize specified" value="0" />
  <attribute name="Current GC Util" value="75" />
  <attribute name= "Current Time Running" value="26622" />
  <attribute name ="GC Interval" value="0" />
  <attribute name="ProportionalT" value="27.500000" />
  <attribute name="ProportionalI" value="27.500000" />
  <attribute name="ProportionalH" value="27.500000" />
  <attribute name="Current Error" value="55.000000" />
  <attribute name="IntegralT" value="55.000000" />
  <attribute name="IntegralI" value="55.000000" />
  <attribute name="IntegralH" value="55.000000" />
  <attribute name="DerivativeT" value="23.500000" />
  <attribute name="DerivativeI" value="23.500000" />
  <attribute name="DerivativeH" value="23.500000" />
  <attribute name="Loop Time for DT" value="1.000000" />
  <attribute name="Output H" value="8388608"/>
  <attribute name="Output I" value="200"/>
  <attribute name="Output T" value="4"/>
  <attribute name="Target GC Util Change" value ="20.000000" />
  <attribute name="Current GC Util Change" value="75.000000"/>
  <attribute name="GC Util currently" value="75" />
  <attribute name="CPU Util currently" value="18488453769927" />
<exclusive-end id="6295" timestamp="2019-06-15T00:50:20.677" durationms="4.199" />

<exclusive-start id="6296" timestamp="2019-06-15T00:50:20.681" intervalms="8.358">
  <response-info timems="0.073" idlems="0.073" threads="0" lastid="0000000001CEB700" lastname="main" />
</exclusive-start>
<allocation-taxation id="6297" taxation-threshold="12582912" timestamp="2019-06-15T00:50:20.681" intervalms="8.348" />
<gc-start id="6298" type="global mark phase" contextid="6213" timestamp="2019-06-15T00:50:20.681">
  <mem-info id="6299" free="33554432" total="76546048" percent="43">
    <remembered-set count="67200" freebytes="2786688" totalbytes="3055488" percent="91" regionsoverflowed="0" regionsstable="0" regionsrebuilding="13"/>
  </mem-info>
</gc-start>
<gc-end id="6300" type="global mark phase" contextid="6213" durationms="0.202" usertimems="0.000" systemtimems="0.000" timestamp="2019-06-15T00:50:20.681" activeThreads="4">
  <mem-info id="6301" free="33554432" total="76546048" percent="43">
    <remembered-set count="67200" freebytes="2786688" totalbytes="3055488" percent="91" regionsoverflowed="0" regionsstable="0" regionsrebuilding="13"/>
  </mem-info>
</gc-end>
<concurrent-start id="6302" type="GMP work packet processing" contextid="6213" timestamp="2019-06-15T00:50:20.682">
  <concurrent-mark-start scanTarget="1048576" />
</concurrent-start>
<exclusive-end id="6303" timestamp="2019-06-15T00:50:20.682" durationms="1.537" />

<concurrent-end id="6304" type="GMP work packet processing" contextid="6213" timestamp="2019-06-15T00:50:20.682">
  <concurrent-mark-end bytesScanned="1092500" reasonForTermination="Work target met" />
</concurrent-end>

<exclusive-start id="6305" timestamp="2019-06-15T00:50:20.686" intervalms="5.517">
  <response-info timems="0.059" idlems="0.059" threads="0" lastid="0000000001CEB700" lastname="main" />
</exclusive-start>
<allocation-taxation id="6306" taxation-threshold="12582912" timestamp="2019-06-15T00:50:20.686" intervalms="5.490" />
<cycle-start id="6307" type="partial gc" contextid="0" timestamp="2019-06-15T00:50:20.687" intervalms="13.710" />
<gc-start id="6308" type="partial gc" contextid="6307" timestamp="2019-06-15T00:50:20.687">
  <mem-info id="6309" free="20971520" total="76546048" percent="27">
    <mem type="eden" free="1047784" total="26214400" percent="3" />
    <remembered-set count="68320" freebytes="2782208" totalbytes="3055488" percent="91" regionsoverflowed="0" regionsstable="0" regionsrebuilding="13"/>
  </mem-info>
</gc-start>
<allocation-stats totalBytes="25131120" >
  <allocated-bytes non-tlh="0" tlh="25131120" arrayletleaf="0"/>
  <largest-consumer threadName="main" threadId="0000000001CEB700" bytes="12565560" />
</allocation-stats>
<gc-op id="6310" type="copy forward" timems="1.471" contextid="6307" timestamp="2019-06-15T00:50:20.689">
  <memory-copied type="eden" objects="2" bytes="40" bytesdiscarded="0" />
  <memory-copied type="other" objects="0" bytes="0" bytesdiscarded="0" />
  <memory-cardclean objects="1" bytes="24" />
  <regions eden="24" other="1" />
  <remembered-set-cleared processed="65767" cleared="2" durationms="0.479" />
  <stringconstants candidates="13269" cleared="0"  />
</gc-op>
<gc-op id="6311" type="classunload" timems="0.004" contextid="6307" timestamp="2019-06-15T00:50:20.689">
  <classunload-info classloadercandidates="53" classloadersunloaded="0" classesunloaded="0" anonymousclassesunloaded="0" quiescems="0.000" setupms="0.004" scanms="0.000" postms="0.000" />
</gc-op>
<gc-end id="6312" type="partial gc" contextid="6307" durationms="2.582" usertimems="4.000" systemtimems="0.000" timestamp="2019-06-15T00:50:20.689" activeThreads="1">
  <mem-info id="6313" free="46137344" total="76546048" percent="60">
    <mem type="eden" free="1048536" total="1048576" percent="99" />
    <remembered-set count="68800" freebytes="2780288" totalbytes="3055488" percent="90" regionsoverflowed="0" regionsstable="0" regionsrebuilding="13"/>
  </mem-info>
</gc-end>
<cycle-end id="6314" type="partial gc" contextid="6307" timestamp="2019-06-15T00:50:20.690" />
  <attribute name="elasticGC enabled" value="1" />
  <attribute name= "numThreadsSpecified" value="1" />
  <attribute name="heapSize specified" value="0" />
  <attribute name="Current GC Util" value="67" />
  <attribute name= "Current Time Running" value="26635" />
  <attribute name ="GC Interval" value="0" />
  <attribute name="ProportionalT" value="23.500000" />
  <attribute name="ProportionalI" value="23.500000" />
  <attribute name="ProportionalH" value="23.500000" />
  <attribute name="Current Error" value="47.000000" />
  <attribute name="IntegralT" value="0.000000" />
  <attribute name="IntegralI" value="0.000000" />
  <attribute name="IntegralH" value="0.000000" />
  <attribute name="DerivativeT" value="inf" />
  <attribute name="DerivativeI" value="inf" />
  <attribute name="DerivativeH" value="inf" />
  <attribute name="Loop Time for DT" value="0.000000" />
  <attribute name="Output H" value="8388608"/>
  <attribute name="Output I" value="200"/>
  <attribute name="Output T" value="1"/>
  <attribute name="Target GC Util Change" value ="20.000000" />
  <attribute name="Current GC Util Change" value="67.000000"/>
  <attribute name="GC Util currently" value="67" />
  <attribute name="CPU Util currently" value="19247196213769" />
<exclusive-end id="6315" timestamp="2019-06-15T00:50:20.690" durationms="3.574" />

<exclusive-start id="6316" timestamp="2019-06-15T00:50:20.694" intervalms="7.683">
  <response-info timems="0.076" idlems="0.076" threads="0" lastid="0000000001CEB700" lastname="main" />
</exclusive-start>
<allocation-taxation id="6317" taxation-threshold="12582912" timestamp="2019-06-15T00:50:20.694" intervalms="7.710" />
<gc-start id="6318" type="global mark phase" contextid="6213" timestamp="2019-06-15T00:50:20.694">
  <mem-info id="6319" free="33554432" total="76546048" percent="43">
    <remembered-set count="68320" freebytes="2782208" totalbytes="3055488" percent="91" regionsoverflowed="0" regionsstable="0" regionsrebuilding="13"/>
  </mem-info>
</gc-start>
<gc-end id="6320" type="global mark phase" contextid="6213" durationms="0.150" usertimems="0.000" systemtimems="0.000" timestamp="2019-06-15T00:50:20.695" activeThreads="1">
  <mem-info id="6321" free="33554432" total="76546048" percent="43">
    <remembered-set count="68320" freebytes="2782208" totalbytes="3055488" percent="91" regionsoverflowed="0" regionsstable="0" regionsrebuilding="13"/>
  </mem-info>
</gc-end>
<concurrent-start id="6322" type="GMP work packet processing" contextid="6213" timestamp="2019-06-15T00:50:20.695">
  <concurrent-mark-start scanTarget="1048576" />
</concurrent-start>
<exclusive-end id="6324" timestamp="2019-06-15T00:50:20.695" durationms="1.471" />

<concurrent-end id="6323" type="GMP work packet processing" contextid="6213" timestamp="2019-06-15T00:50:20.695">
  <concurrent-mark-end bytesScanned="1092360" reasonForTermination="Work target met" />
</concurrent-end>

<exclusive-start id="6325" timestamp="2019-06-15T00:50:20.699" intervalms="5.529">
  <response-info timems="0.072" idlems="0.072" threads="0" lastid="0000000001CEB700" lastname="main" />
</exclusive-start>
<allocation-taxation id="6326" taxation-threshold="12582912" timestamp="2019-06-15T00:50:20.700" intervalms="5.544" />
<cycle-start id="6327" type="partial gc" contextid="0" timestamp="2019-06-15T00:50:20.700" intervalms="13.351" />
<gc-start id="6328" type="partial gc" contextid="6327" timestamp="2019-06-15T00:50:20.700">
  <mem-info id="6329" free="20971520" total="76546048" percent="27">
    <mem type="eden" free="1048536" total="26214400" percent="3" />
    <remembered-set count="68416" freebytes="2781824" totalbytes="3055488" percent="91" regionsoverflowed="0" regionsstable="0" regionsrebuilding="13"/>
  </mem-info>
</gc-start>
<allocation-stats totalBytes="25131096" >
  <allocated-bytes non-tlh="0" tlh="25131096" arrayletleaf="0"/>
  <largest-consumer threadName="main" threadId="0000000001CEB700" bytes="12565560" />
</allocation-stats>
<gc-op id="6330" type="copy forward" timems="1.946" contextid="6327" timestamp="2019-06-15T00:50:20.703">
  <memory-copied type="eden" objects="2" bytes="40" bytesdiscarded="0" />
  <memory-copied type="other" objects="0" bytes="0" bytesdiscarded="0" />
  <memory-cardclean objects="1" bytes="24" />
  <regions eden="24" other="1" />
  <remembered-set-cleared processed="66053" cleared="2" durationms="0.339" />
  <stringconstants candidates="13269" cleared="0"  />
</gc-op>
<gc-op id="6331" type="classunload" timems="0.003" contextid="6327" timestamp="2019-06-15T00:50:20.703">
  <classunload-info classloadercandidates="53" classloadersunloaded="0" classesunloaded="0" anonymousclassesunloaded="0" quiescems="0.000" setupms="0.003" scanms="0.000" postms="0.000" />
</gc-op>
<gc-end id="6332" type="partial gc" contextid="6327" durationms="2.980" usertimems="0.000" systemtimems="4.000" timestamp="2019-06-15T00:50:20.703" activeThreads="4">
  <mem-info id="6333" free="46137344" total="76546048" percent="60">
    <mem type="eden" free="1048536" total="1048576" percent="99" />
    <remembered-set count="67936" freebytes="2783744" totalbytes="3055488" percent="91" regionsoverflowed="0" regionsstable="0" regionsrebuilding="13"/>
  </mem-info>
</gc-end>
<cycle-end id="6334" type="partial gc" contextid="6327" timestamp="2019-06-15T00:50:20.703" />
  <attribute name="elasticGC enabled" value="1" />
  <attribute name= "numThreadsSpecified" value="4" />
  <attribute name="heapSize specified" value="0" />
  <attribute name="Current GC Util" value="0" />
  <attribute name= "Current Time Running" value="26649" />
  <attribute name ="GC Interval" value="0" />
  <attribute name="ProportionalT" value="-10.000000" />
  <attribute name="ProportionalI" value="-10.000000" />
  <attribute name="ProportionalH" value="-10.000000" />
  <attribute name="Current Error" value="-20.000000" />
  <attribute name="IntegralT" value="-20.000000" />
  <attribute name="IntegralI" value="-20.000000" />
  <attribute name="IntegralH" value="-20.000000" />
  <attribute name="DerivativeT" value="-10.000000" />
  <attribute name="DerivativeI" value="-10.000000" />
  <attribute name="DerivativeH" value="-10.000000" />
  <attribute name="Loop Time for DT" value="1.000000" />
  <attribute name="Output H" value="2091843584"/>
  <attribute name="Output I" value="200"/>
  <attribute name="Output T" value="4"/>
  <attribute name="Target GC Util Change" value ="20.000000" />
  <attribute name="Current GC Util Change" value="0.000000"/>
  <attribute name="GC Util currently" value="0" />
  <attribute name="CPU Util currently" value="30171910173692" />
<exclusive-end id="6335" timestamp="2019-06-15T00:50:20.704" durationms="4.086" />

<exclusive-start id="6336" timestamp="2019-06-15T00:50:20.708" intervalms="8.169">
  <response-info timems="0.075" idlems="0.075" threads="0" lastid="0000000001CEB700" lastname="main" />
</exclusive-start>
<allocation-taxation id="6337" taxation-threshold="12582912" timestamp="2019-06-15T00:50:20.708" intervalms="8.160" />
<gc-start id="6338" type="global mark phase" contextid="6213" timestamp="2019-06-15T00:50:20.708">
  <mem-info id="6339" free="33554432" total="76546048" percent="43">
    <remembered-set count="67456" freebytes="2785664" totalbytes="3055488" percent="91" regionsoverflowed="0" regionsstable="0" regionsrebuilding="13"/>
  </mem-info>
</gc-start>
<gc-end id="6340" type="global mark phase" contextid="6213" durationms="0.207" usertimems="0.000" systemtimems="0.000" timestamp="2019-06-15T00:50:20.708" activeThreads="4">
  <mem-info id="6341" free="33554432" total="76546048" percent="43">
    <remembered-set count="67456" freebytes="2785664" totalbytes="3055488" percent="91" regionsoverflowed="0" regionsstable="0" regionsrebuilding="13"/>
  </mem-info>
</gc-end>
<concurrent-start id="6342" type="GMP work packet processing" contextid="6213" timestamp="2019-06-15T00:50:20.708">
  <concurrent-mark-start scanTarget="1048576" />
</concurrent-start>
<exclusive-end id="6343" timestamp="2019-06-15T00:50:20.709" durationms="1.531" />

<concurrent-end id="6344" type="GMP work packet processing" contextid="6213" timestamp="2019-06-15T00:50:20.709">
  <concurrent-mark-end bytesScanned="1096380" reasonForTermination="Work target met" />
</concurrent-end>

<exclusive-start id="6345" timestamp="2019-06-15T00:50:20.713" intervalms="5.621">
  <response-info timems="0.076" idlems="0.076" threads="0" lastid="0000000001CEB700" lastname="main" />
</exclusive-start>
<allocation-taxation id="6346" taxation-threshold="12582912" timestamp="2019-06-15T00:50:20.713" intervalms="5.618" />
<cycle-start id="6347" type="partial gc" contextid="0" timestamp="2019-06-15T00:50:20.714" intervalms="13.778" />
<gc-start id="6348" type="partial gc" contextid="6347" timestamp="2019-06-15T00:50:20.714">
  <mem-info id="6349" free="20971520" total="76546048" percent="27">
    <mem type="eden" free="1048536" total="26214400" percent="3" />
    <remembered-set count="70144" freebytes="2774912" totalbytes="3055488" percent="90" regionsoverflowed="0" regionsstable="0" regionsrebuilding="13"/>
  </mem-info>
</gc-start>
<allocation-stats totalBytes="25131120" >
  <allocated-bytes non-tlh="0" tlh="25131120" arrayletleaf="0"/>
  <largest-consumer threadName="main" threadId="0000000001CEB700" bytes="12565560" />
</allocation-stats>
<gc-op id="6350" type="copy forward" timems="1.475" contextid="6347" timestamp="2019-06-15T00:50:20.716">
  <memory-copied type="eden" objects="2" bytes="40" bytesdiscarded="0" />
  <memory-copied type="other" objects="0" bytes="0" bytesdiscarded="0" />
  <memory-cardclean objects="1" bytes="24" />
  <regions eden="24" other="1" />
  <remembered-set-cleared processed="67971" cleared="2" durationms="0.487" />
  <stringconstants candidates="13269" cleared="0"  />
</gc-op>
<gc-op id="6351" type="classunload" timems="0.003" contextid="6347" timestamp="2019-06-15T00:50:20.716">
  <classunload-info classloadercandidates="53" classloadersunloaded="0" classesunloaded="0" anonymousclassesunloaded="0" quiescems="0.000" setupms="0.003" scanms="0.000" postms="0.000" />
</gc-op>
<gc-end id="6352" type="partial gc" contextid="6347" durationms="2.651" usertimems="0.000" systemtimems="4.000" timestamp="2019-06-15T00:50:20.717" activeThreads="1">
  <mem-info id="6353" free="46137344" total="76546048" percent="60">
    <mem type="eden" free="1048536" total="1048576" percent="99" />
    <remembered-set count="70624" freebytes="2772992" totalbytes="3055488" percent="90" regionsoverflowed="0" regionsstable="0" regionsrebuilding="13"/>
  </mem-info>
</gc-end>
<cycle-end id="6354" type="partial gc" contextid="6347" timestamp="2019-06-15T00:50:20.717" />
  <attribute name="elasticGC enabled" value="1" />
  <attribute name= "numThreadsSpecified" value="1" />
  <attribute name="heapSize specified" value="0" />
  <attribute name="Current GC Util" value="99" />
  <attribute name= "Current Time Running" value="26662" />
  <attribute name ="GC Interval" value="0" />
  <attribute name="ProportionalT" value="39.500000" />
  <attribute name="ProportionalI" value="39.500000" />
  <attribute name="ProportionalH" value="39.500000" />
  <attribute name="Current Error" value="79.000000" />
  <attribute name="IntegralT" value="0.000000" />
  <attribute name="IntegralI" value="0.000000" />
  <attribute name="IntegralH" value="0.000000" />
  <attribute name="DerivativeT" value="inf" />
  <attribute name="DerivativeI" value="inf" />
  <attribute name="DerivativeH" value="inf" />
  <attribute name="Loop Time for DT" value="0.000000" />
  <attribute name="Output H" value="8388608"/>
  <attribute name="Output I" value="200"/>
  <attribute name="Output T" value="1"/>
  <attribute name="Target GC Util Change" value ="20.000000" />
  <attribute name="Current GC Util Change" value="99.000000"/>
  <attribute name="GC Util currently" value="99" />
  <attribute name="CPU Util currently" value="20404696913714" />
<exclusive-end id="6355" timestamp="2019-06-15T00:50:20.717" durationms="3.816" />

<exclusive-start id="6356" timestamp="2019-06-15T00:50:20.721" intervalms="7.919">
  <response-info timems="0.076" idlems="0.076" threads="0" lastid="0000000001CEB700" lastname="main" />
</exclusive-start>
<allocation-taxation id="6357" taxation-threshold="12582912" timestamp="2019-06-15T00:50:20.721" intervalms="7.919" />
<gc-start id="6358" type="global mark phase" contextid="6213" timestamp="2019-06-15T00:50:20.722">
  <mem-info id="6359" free="33554432" total="76546048" percent="43">
    <remembered-set count="70144" freebytes="2774912" totalbytes="3055488" percent="90" regionsoverflowed="0" regionsstable="0" regionsrebuilding="13"/>
  </mem-info>
</gc-start>
<gc-end id="6360" type="global mark phase" contextid="6213" durationms="0.203" usertimems="0.000" systemtimems="0.000" timestamp="2019-06-15T00:50:20.722" activeThreads="1">
  <mem-info id="6361" free="33554432" total="76546048" percent="43">
    <remembered-set count="70144" freebytes="2774912" totalbytes="3055488" percent="90" regionsoverflowed="0" regionsstable="0" regionsrebuilding="13"/>
  </mem-info>
</gc-end>
<concurrent-start id="6362" type="GMP work packet processing" contextid="6213" timestamp="2019-06-15T00:50:20.722">
  <concurrent-mark-start scanTarget="1048576" />
</concurrent-start>
<exclusive-end id="6363" timestamp="2019-06-15T00:50:20.723" durationms="0.943" />

<concurrent-end id="6364" type="GMP work packet processing" contextid="6213" timestamp="2019-06-15T00:50:20.723">
  <concurrent-mark-end bytesScanned="1094088" reasonForTermination="Work target met" />
</concurrent-end>

<exclusive-start id="6365" timestamp="2019-06-15T00:50:20.727" intervalms="5.517">
  <response-info timems="0.080" idlems="0.080" threads="0" lastid="0000000001CEB700" lastname="main" />
</exclusive-start>
<allocation-taxation id="6366" taxation-threshold="12582912" timestamp="2019-06-15T00:50:20.727" intervalms="5.472" />
<cycle-start id="6367" type="partial gc" contextid="0" timestamp="2019-06-15T00:50:20.727" intervalms="13.356" />
<gc-start id="6368" type="partial gc" contextid="6367" timestamp="2019-06-15T00:50:20.727">
  <mem-info id="6369" free="20971520" total="76546048" percent="27">
    <mem type="eden" free="1048536" total="26214400" percent="3" />
    <remembered-set count="73024" freebytes="2763392" totalbytes="3055488" percent="90" regionsoverflowed="0" regionsstable="0" regionsrebuilding="13"/>
  </mem-info>
</gc-start>
<allocation-stats totalBytes="25131096" >
  <allocated-bytes non-tlh="0" tlh="25131096" arrayletleaf="0"/>
  <largest-consumer threadName="main" threadId="0000000001CEB700" bytes="12565536" />
</allocation-stats>
<gc-op id="6370" type="copy forward" timems="1.752" contextid="6367" timestamp="2019-06-15T00:50:20.730">
  <memory-copied type="eden" objects="2" bytes="40" bytesdiscarded="0" />
  <memory-copied type="other" objects="0" bytes="0" bytesdiscarded="0" />
  <memory-cardclean objects="1" bytes="24" />
  <regions eden="24" other="1" />
  <remembered-set-cleared processed="71149" cleared="2" durationms="0.332" />
  <stringconstants candidates="13269" cleared="0"  />
</gc-op>
<gc-op id="6371" type="classunload" timems="0.004" contextid="6367" timestamp="2019-06-15T00:50:20.730">
  <classunload-info classloadercandidates="53" classloadersunloaded="0" classesunloaded="0" anonymousclassesunloaded="0" quiescems="0.000" setupms="0.004" scanms="0.000" postms="0.000" />
</gc-op>
<gc-end id="6372" type="partial gc" contextid="6367" durationms="2.835" usertimems="4.000" systemtimems="0.000" timestamp="2019-06-15T00:50:20.730" activeThreads="4">
  <mem-info id="6373" free="46137344" total="76546048" percent="60">
    <mem type="eden" free="1048536" total="1048576" percent="99" />
    <remembered-set count="73024" freebytes="2763392" totalbytes="3055488" percent="90" regionsoverflowed="0" regionsstable="0" regionsrebuilding="13"/>
  </mem-info>
</gc-end>
<cycle-end id="6374" type="partial gc" contextid="6367" timestamp="2019-06-15T00:50:20.730" />
  <attribute name="elasticGC enabled" value="1" />
  <attribute name= "numThreadsSpecified" value="4" />
  <attribute name="heapSize specified" value="0" />
  <attribute name="Current GC Util" value="72" />
  <attribute name= "Current Time Running" value="26676" />
  <attribute name ="GC Interval" value="0" />
  <attribute name="ProportionalT" value="26.000000" />
  <attribute name="ProportionalI" value="26.000000" />
  <attribute name="ProportionalH" value="26.000000" />
  <attribute name="Current Error" value="52.000000" />
  <attribute name="IntegralT" value="52.000000" />
  <attribute name="IntegralI" value="52.000000" />
  <attribute name="IntegralH" value="52.000000" />
  <attribute name="DerivativeT" value="21.500000" />
  <attribute name="DerivativeI" value="21.500000" />
  <attribute name="DerivativeH" value="21.500000" />
  <attribute name="Loop Time for DT" value="1.000000" />
  <attribute name="Output H" value="8388608"/>
  <attribute name="Output I" value="200"/>
  <attribute name="Output T" value="4"/>
  <attribute name="Target GC Util Change" value ="20.000000" />
  <attribute name="Current GC Util Change" value="72.000000"/>
  <attribute name="GC Util currently" value="72" />
  <attribute name="CPU Util currently" value="18616225937167" />
<exclusive-end id="6375" timestamp="2019-06-15T00:50:20.730" durationms="3.733" />

<exclusive-start id="6376" timestamp="2019-06-15T00:50:20.734" intervalms="7.777">
  <response-info timems="0.075" idlems="0.075" threads="0" lastid="0000000001CEB700" lastname="main" />
</exclusive-start>
<allocation-taxation id="6377" taxation-threshold="12582912" timestamp="2019-06-15T00:50:20.735" intervalms="7.824" />
<gc-start id="6378" type="global mark phase" contextid="6213" timestamp="2019-06-15T00:50:20.735">
  <mem-info id="6379" free="33554432" total="76546048" percent="43">
    <remembered-set count="73024" freebytes="2763392" totalbytes="3055488" percent="90" regionsoverflowed="0" regionsstable="0" regionsrebuilding="13"/>
  </mem-info>
</gc-start>
<gc-end id="6380" type="global mark phase" contextid="6213" durationms="0.198" usertimems="0.000" systemtimems="0.000" timestamp="2019-06-15T00:50:20.735" activeThreads="4">
  <mem-info id="6381" free="33554432" total="76546048" percent="43">
    <remembered-set count="73024" freebytes="2763392" totalbytes="3055488" percent="90" regionsoverflowed="0" regionsstable="0" regionsrebuilding="13"/>
  </mem-info>
</gc-end>
<concurrent-start id="6382" type="GMP work packet processing" contextid="6213" timestamp="2019-06-15T00:50:20.735">
  <concurrent-mark-start scanTarget="1048576" />
</concurrent-start>
<exclusive-end id="6383" timestamp="2019-06-15T00:50:20.736" durationms="1.555" />

<concurrent-end id="6384" type="GMP work packet processing" contextid="6213" timestamp="2019-06-15T00:50:20.736">
  <concurrent-mark-end bytesScanned="1095396" reasonForTermination="Work target met" />
</concurrent-end>

<exclusive-start id="6385" timestamp="2019-06-15T00:50:20.740" intervalms="5.633">
  <response-info timems="0.074" idlems="0.074" threads="0" lastid="0000000001CEB700" lastname="main" />
</exclusive-start>
<allocation-taxation id="6386" taxation-threshold="12582912" timestamp="2019-06-15T00:50:20.740" intervalms="5.581" />
<cycle-start id="6387" type="partial gc" contextid="0" timestamp="2019-06-15T00:50:20.740" intervalms="13.324" />
<gc-start id="6388" type="partial gc" contextid="6387" timestamp="2019-06-15T00:50:20.741">
  <mem-info id="6389" free="20971520" total="76546048" percent="27">
    <mem type="eden" free="1048536" total="26214400" percent="3" />
    <remembered-set count="75840" freebytes="2752128" totalbytes="3055488" percent="90" regionsoverflowed="0" regionsstable="0" regionsrebuilding="13"/>
  </mem-info>
</gc-start>
<allocation-stats totalBytes="25131120" >
  <allocated-bytes non-tlh="0" tlh="25131120" arrayletleaf="0"/>
  <largest-consumer threadName="main" threadId="0000000001CEB700" bytes="12565560" />
</allocation-stats>
<gc-op id="6390" type="copy forward" timems="1.468" contextid="6387" timestamp="2019-06-15T00:50:20.743">
  <memory-copied type="eden" objects="2" bytes="40" bytesdiscarded="0" />
  <memory-copied type="other" objects="0" bytes="0" bytesdiscarded="0" />
  <memory-cardclean objects="1" bytes="24" />
  <regions eden="24" other="1" />
  <remembered-set-cleared processed="73787" cleared="2" durationms="0.513" />
  <stringconstants candidates="13269" cleared="0"  />
</gc-op>
<gc-op id="6391" type="classunload" timems="0.003" contextid="6387" timestamp="2019-06-15T00:50:20.743">
  <classunload-info classloadercandidates="53" classloadersunloaded="0" classesunloaded="0" anonymousclassesunloaded="0" quiescems="0.000" setupms="0.003" scanms="0.000" postms="0.000" />
</gc-op>
<gc-end id="6392" type="partial gc" contextid="6387" durationms="2.644" usertimems="4.000" systemtimems="0.000" timestamp="2019-06-15T00:50:20.743" activeThreads="1">
  <mem-info id="6393" free="46137344" total="76546048" percent="60">
    <mem type="eden" free="1048536" total="1048576" percent="99" />
    <remembered-set count="76320" freebytes="2750208" totalbytes="3055488" percent="90" regionsoverflowed="0" regionsstable="0" regionsrebuilding="13"/>
  </mem-info>
</gc-end>
<cycle-end id="6394" type="partial gc" contextid="6387" timestamp="2019-06-15T00:50:20.743" />
  <attribute name="elasticGC enabled" value="1" />
  <attribute name= "numThreadsSpecified" value="1" />
  <attribute name="heapSize specified" value="0" />
  <attribute name="Current GC Util" value="72" />
  <attribute name= "Current Time Running" value="26689" />
  <attribute name ="GC Interval" value="0" />
  <attribute name="ProportionalT" value="26.000000" />
  <attribute name="ProportionalI" value="26.000000" />
  <attribute name="ProportionalH" value="26.000000" />
  <attribute name="Current Error" value="52.000000" />
  <attribute name="IntegralT" value="0.000000" />
  <attribute name="IntegralI" value="0.000000" />
  <attribute name="IntegralH" value="0.000000" />
  <attribute name="DerivativeT" value="inf" />
  <attribute name="DerivativeI" value="inf" />
  <attribute name="DerivativeH" value="inf" />
  <attribute name="Loop Time for DT" value="0.000000" />
  <attribute name="Output H" value="8388608"/>
  <attribute name="Output I" value="200"/>
  <attribute name="Output T" value="1"/>
  <attribute name="Target GC Util Change" value ="20.000000" />
  <attribute name="Current GC Util Change" value="72.000000"/>
  <attribute name="GC Util currently" value="72" />
  <attribute name="CPU Util currently" value="18431114230777" />
<exclusive-end id="6395" timestamp="2019-06-15T00:50:20.744" durationms="3.585" />

<exclusive-start id="6396" timestamp="2019-06-15T00:50:20.748" intervalms="7.672">
  <response-info timems="0.085" idlems="0.085" threads="0" lastid="0000000001CEB700" lastname="main" />
</exclusive-start>
<allocation-taxation id="6397" taxation-threshold="12582912" timestamp="2019-06-15T00:50:20.748" intervalms="7.705" />
<gc-start id="6398" type="global mark phase" contextid="6213" timestamp="2019-06-15T00:50:20.748">
  <mem-info id="6399" free="33554432" total="76546048" percent="43">
    <remembered-set count="75840" freebytes="2752128" totalbytes="3055488" percent="90" regionsoverflowed="0" regionsstable="0" regionsrebuilding="13"/>
  </mem-info>
</gc-start>
<gc-end id="6400" type="global mark phase" contextid="6213" durationms="0.207" usertimems="0.000" systemtimems="0.000" timestamp="2019-06-15T00:50:20.748" activeThreads="1">
  <mem-info id="6401" free="33554432" total="76546048" percent="43">
    <remembered-set count="75840" freebytes="2752128" totalbytes="3055488" percent="90" regionsoverflowed="0" regionsstable="0" regionsrebuilding="13"/>
  </mem-info>
</gc-end>
<concurrent-start id="6402" type="GMP work packet processing" contextid="6213" timestamp="2019-06-15T00:50:20.749">
  <concurrent-mark-start scanTarget="1048576" />
</concurrent-start>
<exclusive-end id="6403" timestamp="2019-06-15T00:50:20.749" durationms="1.497" />

<concurrent-end id="6404" type="GMP work packet processing" contextid="6213" timestamp="2019-06-15T00:50:20.749">
  <concurrent-mark-end bytesScanned="1085580" reasonForTermination="Work target met" />
</concurrent-end>

<exclusive-start id="6405" timestamp="2019-06-15T00:50:20.760" intervalms="12.473">
  <response-info timems="0.078" idlems="0.078" threads="0" lastid="0000000001CEB700" lastname="main" />
</exclusive-start>
<allocation-taxation id="6406" taxation-threshold="12582912" timestamp="2019-06-15T00:50:20.760" intervalms="12.441" />
<cycle-start id="6407" type="partial gc" contextid="0" timestamp="2019-06-15T00:50:20.761" intervalms="20.271" />
<gc-start id="6408" type="partial gc" contextid="6407" timestamp="2019-06-15T00:50:20.761">
  <mem-info id="6409" free="20971520" total="76546048" percent="27">
    <mem type="eden" free="1048536" total="26214400" percent="3" />
    <remembered-set count="80032" freebytes="2735360" totalbytes="3055488" percent="89" regionsoverflowed="0" regionsstable="0" regionsrebuilding="13"/>
  </mem-info>
</gc-start>
<allocation-stats totalBytes="25147664" >
  <allocated-bytes non-tlh="0" tlh="25147664" arrayletleaf="0"/>
  <largest-consumer threadName="main" threadId="0000000001CEB700" bytes="12582104" />
</allocation-stats>
<gc-op id="6410" type="copy forward" timems="1.520" contextid="6407" timestamp="2019-06-15T00:50:20.763">
  <memory-copied type="eden" objects="28" bytes="1016" bytesdiscarded="0" />
  <memory-copied type="other" objects="0" bytes="0" bytesdiscarded="0" />
  <memory-cardclean objects="95" bytes="3328" />
  <regions eden="24" other="1" />
  <remembered-set-cleared processed="77680" cleared="49" durationms="0.584" />
  <stringconstants candidates="13269" cleared="0"  />
</gc-op>
<gc-op id="6411" type="classunload" timems="0.004" contextid="6407" timestamp="2019-06-15T00:50:20.763">
  <classunload-info classloadercandidates="53" classloadersunloaded="0" classesunloaded="0" anonymousclassesunloaded="0" quiescems="0.000" setupms="0.004" scanms="0.000" postms="0.000" />
</gc-op>
<gc-end id="6412" type="partial gc" contextid="6407" durationms="2.682" usertimems="4.000" systemtimems="0.000" timestamp="2019-06-15T00:50:20.764" activeThreads="1">
  <mem-info id="6413" free="46137344" total="76546048" percent="60">
    <mem type="eden" free="1047560" total="1048576" percent="99" />
    <remembered-set count="80352" freebytes="2734080" totalbytes="3055488" percent="89" regionsoverflowed="0" regionsstable="0" regionsrebuilding="13"/>
  </mem-info>
</gc-end>
<cycle-end id="6414" type="partial gc" contextid="6407" timestamp="2019-06-15T00:50:20.764" />
  <attribute name="elasticGC enabled" value="1" />
  <attribute name= "numThreadsSpecified" value="1" />
  <attribute name="heapSize specified" value="0" />
  <attribute name="Current GC Util" value="81" />
  <attribute name= "Current Time Running" value="26709" />
  <attribute name ="GC Interval" value="0" />
  <attribute name="ProportionalT" value="30.500000" />
  <attribute name="ProportionalI" value="30.500000" />
  <attribute name="ProportionalH" value="30.500000" />
  <attribute name="Current Error" value="61.000000" />
  <attribute name="IntegralT" value="0.000000" />
  <attribute name="IntegralI" value="0.000000" />
  <attribute name="IntegralH" value="0.000000" />
  <attribute name="DerivativeT" value="inf" />
  <attribute name="DerivativeI" value="inf" />
  <attribute name="DerivativeH" value="inf" />
  <attribute name="Loop Time for DT" value="0.000000" />
  <attribute name="Output H" value="8388608"/>
  <attribute name="Output I" value="200"/>
  <attribute name="Output T" value="1"/>
  <attribute name="Target GC Util Change" value ="20.000000" />
  <attribute name="Current GC Util Change" value="81.000000"/>
  <attribute name="GC Util currently" value="81" />
  <attribute name="CPU Util currently" value="17496674395540" />
<exclusive-end id="6415" timestamp="2019-06-15T00:50:20.764" durationms="3.797" />

<exclusive-start id="6416" timestamp="2019-06-15T00:50:20.775" intervalms="15.095">
  <response-info timems="0.058" idlems="0.058" threads="0" lastid="0000000001CEB700" lastname="main" />
</exclusive-start>
<allocation-taxation id="6417" taxation-threshold="12582912" timestamp="2019-06-15T00:50:20.775" intervalms="15.087" />
<gc-start id="6418" type="global mark phase" contextid="6213" timestamp="2019-06-15T00:50:20.776">
  <mem-info id="6419" free="33554432" total="76546048" percent="43">
    <remembered-set count="80032" freebytes="2735360" totalbytes="3055488" percent="89" regionsoverflowed="0" regionsstable="0" regionsrebuilding="13"/>
  </mem-info>
</gc-start>
<gc-end id="6420" type="global mark phase" contextid="6213" durationms="0.136" usertimems="0.000" systemtimems="0.000" timestamp="2019-06-15T00:50:20.776" activeThreads="1">
  <mem-info id="6421" free="33554432" total="76546048" percent="43">
    <remembered-set count="80032" freebytes="2735360" totalbytes="3055488" percent="89" regionsoverflowed="0" regionsstable="0" regionsrebuilding="13"/>
  </mem-info>
</gc-end>
<concurrent-start id="6422" type="GMP work packet processing" contextid="6213" timestamp="2019-06-15T00:50:20.776">
  <concurrent-mark-start scanTarget="1048576" />
</concurrent-start>
<concurrent-end id="6423" type="GMP work packet processing" contextid="6213" timestamp="2019-06-15T00:50:20.777">
  <concurrent-mark-end bytesScanned="1103972" reasonForTermination="Work target met" />
</concurrent-end>

<exclusive-end id="6424" timestamp="2019-06-15T00:50:20.777" durationms="1.383" />

<exclusive-start id="6425" timestamp="2019-06-15T00:50:20.789" intervalms="14.097">
  <response-info timems="0.078" idlems="0.078" threads="0" lastid="0000000001CEB700" lastname="main" />
</exclusive-start>
<allocation-taxation id="6426" taxation-threshold="12582912" timestamp="2019-06-15T00:50:20.790" intervalms="14.111" />
<cycle-start id="6427" type="partial gc" contextid="0" timestamp="2019-06-15T00:50:20.790" intervalms="29.122" />
<gc-start id="6428" type="partial gc" contextid="6427" timestamp="2019-06-15T00:50:20.790">
  <mem-info id="6429" free="20971520" total="76546048" percent="27">
    <mem type="eden" free="0" total="25165824" percent="0" />
    <remembered-set count="83520" freebytes="2721408" totalbytes="3055488" percent="89" regionsoverflowed="0" regionsstable="0" regionsrebuilding="13"/>
  </mem-info>
</gc-start>
<allocation-stats totalBytes="25163680" >
  <allocated-bytes non-tlh="0" tlh="25163680" arrayletleaf="0"/>
  <largest-consumer threadName="main" threadId="0000000001CEB700" bytes="12581184" />
</allocation-stats>
<gc-op id="6430" type="copy forward" timems="1.518" contextid="6427" timestamp="2019-06-15T00:50:20.792">
  <memory-copied type="eden" objects="23" bytes="736" bytesdiscarded="0" />
  <memory-copied type="other" objects="14" bytes="536" bytesdiscarded="0" />
  <memory-cardclean objects="113" bytes="3344" />
  <regions eden="24" other="1" />
  <remembered-set-cleared processed="82055" cleared="62" durationms="0.591" />
  <stringconstants candidates="13269" cleared="0"  />
</gc-op>
<gc-op id="6431" type="classunload" timems="0.004" contextid="6427" timestamp="2019-06-15T00:50:20.792">
  <classunload-info classloadercandidates="53" classloadersunloaded="0" classesunloaded="0" anonymousclassesunloaded="0" quiescems="0.000" setupms="0.004" scanms="0.000" postms="0.000" />
</gc-op>
<heap-resize id="6432" type="expand" space="default" amount="2097152" count="1" timems="0.052" reason="excessive time being spent in gc" timestamp="2019-06-15T00:50:20.793" />
<gc-end id="6433" type="partial gc" contextid="6427" durationms="2.704" usertimems="4.000" systemtimems="0.000" timestamp="2019-06-15T00:50:20.793" activeThreads="1">
  <mem-info id="6434" free="47185920" total="78643200" percent="60">
    <mem type="eden" free="1047840" total="1048576" percent="99" />
    <remembered-set count="83808" freebytes="2803968" totalbytes="3139200" percent="89" regionsoverflowed="0" regionsstable="0" regionsrebuilding="13"/>
  </mem-info>
</gc-end>
<cycle-end id="6435" type="partial gc" contextid="6427" timestamp="2019-06-15T00:50:20.793" />
  <attribute name="elasticGC enabled" value="1" />
  <attribute name= "numThreadsSpecified" value="1" />
  <attribute name="heapSize specified" value="0" />
  <attribute name="Current GC Util" value="67" />
  <attribute name= "Current Time Running" value="26738" />
  <attribute name ="GC Interval" value="0" />
  <attribute name="ProportionalT" value="23.500000" />
  <attribute name="ProportionalI" value="23.500000" />
  <attribute name="ProportionalH" value="23.500000" />
  <attribute name="Current Error" value="47.000000" />
  <attribute name="IntegralT" value="0.000000" />
  <attribute name="IntegralI" value="0.000000" />
  <attribute name="IntegralH" value="0.000000" />
  <attribute name="DerivativeT" value="inf" />
  <attribute name="DerivativeI" value="inf" />
  <attribute name="DerivativeH" value="inf" />
  <attribute name="Loop Time for DT" value="0.000000" />
  <attribute name="Output H" value="8388608"/>
  <attribute name="Output I" value="200"/>
  <attribute name="Output T" value="1"/>
  <attribute name="Target GC Util Change" value ="20.000000" />
  <attribute name="Current GC Util Change" value="67.000000"/>
  <attribute name="GC Util currently" value="67" />
  <attribute name="CPU Util currently" value="21518159884007" />
<exclusive-end id="6436" timestamp="2019-06-15T00:50:20.793" durationms="3.615" />

<exclusive-start id="6437" timestamp="2019-06-15T00:50:20.806" intervalms="16.229">
  <response-info timems="0.078" idlems="0.078" threads="0" lastid="0000000001CEB700" lastname="main" />
</exclusive-start>
<allocation-taxation id="6438" taxation-threshold="12582912" timestamp="2019-06-15T00:50:20.806" intervalms="16.311" />
<gc-start id="6439" type="global mark phase" contextid="6213" timestamp="2019-06-15T00:50:20.806">
  <mem-info id="6440" free="34603008" total="78643200" percent="44">
    <remembered-set count="83552" freebytes="2804992" totalbytes="3139200" percent="89" regionsoverflowed="0" regionsstable="0" regionsrebuilding="13"/>
  </mem-info>
</gc-start>
<gc-end id="6441" type="global mark phase" contextid="6213" durationms="0.120" usertimems="0.000" systemtimems="0.000" timestamp="2019-06-15T00:50:20.806" activeThreads="1">
  <mem-info id="6442" free="34603008" total="78643200" percent="44">
    <remembered-set count="83552" freebytes="2804992" totalbytes="3139200" percent="89" regionsoverflowed="0" regionsstable="0" regionsrebuilding="13"/>
  </mem-info>
</gc-end>
<concurrent-start id="6443" type="GMP work packet processing" contextid="6213" timestamp="2019-06-15T00:50:20.806">
  <concurrent-mark-start scanTarget="1048576" />
</concurrent-start>
<exclusive-end id="6444" timestamp="2019-06-15T00:50:20.807" durationms="0.886" />

<concurrent-end id="6445" type="GMP work packet processing" contextid="6213" timestamp="2019-06-15T00:50:20.807">
  <concurrent-mark-end bytesScanned="1077972" reasonForTermination="Work target met" />
</concurrent-end>

<exclusive-start id="6446" timestamp="2019-06-15T00:50:20.974" intervalms="168.086">
  <response-info timems="0.076" idlems="0.076" threads="0" lastid="0000000001CEB700" lastname="main" />
</exclusive-start>
<allocation-taxation id="6447" taxation-threshold="12582912" timestamp="2019-06-15T00:50:20.974" intervalms="168.061" />
<cycle-start id="6448" type="partial gc" contextid="0" timestamp="2019-06-15T00:50:20.974" intervalms="184.415" />
<gc-start id="6449" type="partial gc" contextid="6448" timestamp="2019-06-15T00:50:20.974">
  <mem-info id="6450" free="22020096" total="78643200" percent="28">
    <mem type="eden" free="0" total="25165824" percent="0" />
    <remembered-set count="98208" freebytes="2746368" totalbytes="3139200" percent="87" regionsoverflowed="0" regionsstable="0" regionsrebuilding="13"/>
  </mem-info>
</gc-start>
<allocation-stats totalBytes="25144536" >
  <allocated-bytes non-tlh="0" tlh="25144536" arrayletleaf="0"/>
  <largest-consumer threadName="main" threadId="0000000001CEB700" bytes="12563544" />
</allocation-stats>
<gc-op id="6451" type="copy forward" timems="1.623" contextid="6448" timestamp="2019-06-15T00:50:20.977">
  <memory-copied type="eden" objects="67" bytes="2872" bytesdiscarded="0" />
  <memory-copied type="other" objects="6" bytes="144" bytesdiscarded="0" />
  <memory-cardclean objects="86" bytes="2416" />
  <regions eden="24" other="1" />
  <remembered-set-cleared processed="95778" cleared="42" durationms="0.694" />
  <stringconstants candidates="13269" cleared="0"  />
</gc-op>
<gc-op id="6452" type="classunload" timems="0.004" contextid="6448" timestamp="2019-06-15T00:50:20.977">
  <classunload-info classloadercandidates="53" classloadersunloaded="0" classesunloaded="0" anonymousclassesunloaded="0" quiescems="0.000" setupms="0.004" scanms="0.000" postms="0.000" />
</gc-op>
<gc-end id="6453" type="partial gc" contextid="6448" durationms="2.968" usertimems="0.000" systemtimems="0.000" timestamp="2019-06-15T00:50:20.977" activeThreads="1">
  <mem-info id="6454" free="46137344" total="78643200" percent="58">
    <mem type="eden" free="1045704" total="1048576" percent="99" />
    <remembered-set count="98624" freebytes="2744704" totalbytes="3139200" percent="87" regionsoverflowed="0" regionsstable="0" regionsrebuilding="13"/>
  </mem-info>
</gc-end>
<cycle-end id="6455" type="partial gc" contextid="6448" timestamp="2019-06-15T00:50:20.978" />
  <attribute name="elasticGC enabled" value="1" />
  <attribute name= "numThreadsSpecified" value="1" />
  <attribute name="heapSize specified" value="0" />
  <attribute name="Current GC Util" value="55" />
  <attribute name= "Current Time Running" value="26923" />
  <attribute name ="GC Interval" value="0" />
  <attribute name="ProportionalT" value="17.500000" />
  <attribute name="ProportionalI" value="17.500000" />
  <attribute name="ProportionalH" value="17.500000" />
  <attribute name="Current Error" value="35.000000" />
  <attribute name="IntegralT" value="0.000000" />
  <attribute name="IntegralI" value="0.000000" />
  <attribute name="IntegralH" value="0.000000" />
  <attribute name="DerivativeT" value="inf" />
  <attribute name="DerivativeI" value="inf" />
  <attribute name="DerivativeH" value="inf" />
  <attribute name="Loop Time for DT" value="0.000000" />
  <attribute name="Output H" value="8388608"/>
  <attribute name="Output I" value="200"/>
  <attribute name="Output T" value="1"/>
  <attribute name="Target GC Util Change" value ="20.000000" />
  <attribute name="Current GC Util Change" value="55.000000"/>
  <attribute name="GC Util currently" value="55" />
  <attribute name="CPU Util currently" value="17004428213314" />
<exclusive-end id="6456" timestamp="2019-06-15T00:50:20.978" durationms="4.201" />

<exclusive-start id="6457" timestamp="2019-06-15T00:50:20.982" intervalms="8.130">
  <response-info timems="0.079" idlems="0.079" threads="0" lastid="0000000001CEB700" lastname="main" />
</exclusive-start>
<allocation-taxation id="6458" taxation-threshold="12582912" timestamp="2019-06-15T00:50:20.982" intervalms="8.176" />
<gc-start id="6459" type="global mark phase" contextid="6213" timestamp="2019-06-15T00:50:20.982">
  <mem-info id="6460" free="33554432" total="78643200" percent="42">
    <remembered-set count="98240" freebytes="2746240" totalbytes="3139200" percent="87" regionsoverflowed="0" regionsstable="0" regionsrebuilding="13"/>
  </mem-info>
</gc-start>
<gc-end id="6461" type="global mark phase" contextid="6213" durationms="0.097" usertimems="0.000" systemtimems="0.000" timestamp="2019-06-15T00:50:20.982" activeThreads="1">
  <mem-info id="6462" free="33554432" total="78643200" percent="42">
    <remembered-set count="98240" freebytes="2746240" totalbytes="3139200" percent="87" regionsoverflowed="0" regionsstable="0" regionsrebuilding="13"/>
  </mem-info>
</gc-end>
<concurrent-start id="6463" type="GMP work packet processing" contextid="6213" timestamp="2019-06-15T00:50:20.983">
  <concurrent-mark-start scanTarget="1048576" />
</concurrent-start>
<exclusive-end id="6464" timestamp="2019-06-15T00:50:20.983" durationms="1.120" />

<concurrent-end id="6465" type="GMP work packet processing" contextid="6213" timestamp="2019-06-15T00:50:20.983">
  <concurrent-mark-end bytesScanned="44424" reasonForTermination="Completed all work in GC phase" />
</concurrent-end>

<exclusive-start id="6466" timestamp="2019-06-15T00:50:20.987" intervalms="5.131">
  <response-info timems="0.086" idlems="0.086" threads="0" lastid="0000000001CEB700" lastname="main" />
</exclusive-start>
<allocation-taxation id="6467" taxation-threshold="12582912" timestamp="2019-06-15T00:50:20.987" intervalms="5.031" />
<cycle-start id="6468" type="partial gc" contextid="0" timestamp="2019-06-15T00:50:20.987" intervalms="13.233" />
<gc-start id="6469" type="partial gc" contextid="6468" timestamp="2019-06-15T00:50:20.988">
  <mem-info id="6470" free="20971520" total="78643200" percent="26">
    <mem type="eden" free="0" total="25165824" percent="0" />
    <remembered-set count="98432" freebytes="2745472" totalbytes="3139200" percent="87" regionsoverflowed="0" regionsstable="0" regionsrebuilding="13"/>
  </mem-info>
</gc-start>
<allocation-stats totalBytes="25071200" >
  <allocated-bytes non-tlh="0" tlh="25071200" arrayletleaf="0"/>
  <largest-consumer threadName="main" threadId="0000000001CEB700" bytes="12536832" />
</allocation-stats>
<gc-op id="6471" type="copy forward" timems="1.767" contextid="6468" timestamp="2019-06-15T00:50:20.990">
  <memory-copied type="eden" objects="0" bytes="0" bytesdiscarded="0" />
  <memory-copied type="other" objects="67" bytes="2872" bytesdiscarded="0" />
  <memory-cardclean objects="50" bytes="1664" />
  <regions eden="24" other="1" />
  <remembered-set-cleared processed="96128" cleared="36" durationms="0.662" />
  <stringconstants candidates="13269" cleared="0"  />
</gc-op>
<gc-op id="6472" type="classunload" timems="0.004" contextid="6468" timestamp="2019-06-15T00:50:20.990">
  <classunload-info classloadercandidates="53" classloadersunloaded="0" classesunloaded="0" anonymousclassesunloaded="0" quiescems="0.000" setupms="0.004" scanms="0.000" postms="0.000" />
</gc-op>
<heap-resize id="6473" type="contract" space="default" amount="4194304" count="1" timems="0.162" reason="insufficient time being spent in gc" timestamp="2019-06-15T00:50:20.991" />
<gc-end id="6474" type="partial gc" contextid="6468" durationms="3.273" usertimems="0.000" systemtimems="0.000" timestamp="2019-06-15T00:50:20.991" activeThreads="1">
  <mem-info id="6475" free="41943040" total="74448896" percent="56">
    <remembered-set count="98848" freebytes="2743808" totalbytes="3139200" percent="87" regionsoverflowed="0" regionsstable="0" regionsrebuilding="13"/>
  </mem-info>
</gc-end>
<cycle-end id="6476" type="partial gc" contextid="6468" timestamp="2019-06-15T00:50:20.991" />
  <attribute name="elasticGC enabled" value="1" />
  <attribute name= "numThreadsSpecified" value="1" />
  <attribute name="heapSize specified" value="0" />
  <attribute name="Current GC Util" value="69" />
  <attribute name= "Current Time Running" value="26936" />
  <attribute name ="GC Interval" value="0" />
  <attribute name="ProportionalT" value="24.500000" />
  <attribute name="ProportionalI" value="24.500000" />
  <attribute name="ProportionalH" value="24.500000" />
  <attribute name="Current Error" value="49.000000" />
  <attribute name="IntegralT" value="0.000000" />
  <attribute name="IntegralI" value="0.000000" />
  <attribute name="IntegralH" value="0.000000" />
  <attribute name="DerivativeT" value="inf" />
  <attribute name="DerivativeI" value="inf" />
  <attribute name="DerivativeH" value="inf" />
  <attribute name="Loop Time for DT" value="0.000000" />
  <attribute name="Output H" value="8388608"/>
  <attribute name="Output I" value="200"/>
  <attribute name="Output T" value="1"/>
  <attribute name="Target GC Util Change" value ="20.000000" />
  <attribute name="Current GC Util Change" value="69.000000"/>
  <attribute name="GC Util currently" value="69" />
  <attribute name="CPU Util currently" value="16762269797546" />
<exclusive-end id="6477" timestamp="2019-06-15T00:50:20.991" durationms="4.422" />

<exclusive-start id="6478" timestamp="2019-06-15T00:50:20.995" intervalms="8.256">
  <response-info timems="0.049" idlems="0.049" threads="0" lastid="0000000001CEB700" lastname="main" />
</exclusive-start>
<allocation-taxation id="6479" taxation-threshold="12582912" timestamp="2019-06-15T00:50:20.996" intervalms="8.346" />
<gc-start id="6480" type="global mark phase" contextid="6213" timestamp="2019-06-15T00:50:20.996">
  <mem-info id="6481" free="29360128" total="74448896" percent="39">
    <remembered-set count="98432" freebytes="2745472" totalbytes="3139200" percent="87" regionsoverflowed="0" regionsstable="0" regionsrebuilding="13"/>
  </mem-info>
</gc-start>
<gc-op id="6482" type="mark increment" timems="2.823" contextid="6213" timestamp="2019-06-15T00:50:20.999">
  <trace-info objectcount="87" scancount="85" scanbytes="2320" />
  <cardclean-info objects="95386" bytes="2348340" />
  <finalization candidates="80" enqueued="0" />
  <ownableSynchronizers candidates="21" cleared="0" />
  <references type="soft" candidates="1851" cleared="0" enqueued="0" dynamicThreshold="18" maxThreshold="32" />
  <references type="weak" candidates="5728" cleared="0" enqueued="0" />
  <references type="phantom" candidates="101" cleared="0" enqueued="0" />
  <stringconstants candidates="13269" cleared="0"  />
</gc-op>
<gc-op id="6483" type="classunload" timems="0.004" contextid="6213" timestamp="2019-06-15T00:50:20.999">
  <classunload-info classloadercandidates="53" classloadersunloaded="0" classesunloaded="0" anonymousclassesunloaded="0" quiescems="0.000" setupms="0.004" scanms="0.000" postms="0.000" />
</gc-op>
<gc-end id="6484" type="global mark phase" contextid="6213" durationms="3.217" usertimems="8.000" systemtimems="0.000" timestamp="2019-06-15T00:50:20.999" activeThreads="4">
  <mem-info id="6485" free="29360128" total="74448896" percent="39">
    <remembered-set count="100992" freebytes="2735232" totalbytes="3139200" percent="87" regionsoverflowed="0" regionsstable="0" regionsrebuilding="0"/>
  </mem-info>
</gc-end>
<cycle-end id="6486" type="global mark phase" contextid="6213" timestamp="2019-06-15T00:50:20.999" />
  <attribute name="elasticGC enabled" value="1" />
  <attribute name= "numThreadsSpecified" value="4" />
  <attribute name="heapSize specified" value="0" />
  <attribute name="Current GC Util" value="51" />
  <attribute name= "Current Time Running" value="26946" />
  <attribute name ="GC Interval" value="0" />
  <attribute name="ProportionalT" value="15.500000" />
  <attribute name="ProportionalI" value="15.500000" />
  <attribute name="ProportionalH" value="15.500000" />
  <attribute name="Current Error" value="31.000000" />
  <attribute name="IntegralT" value="31.000000" />
  <attribute name="IntegralI" value="31.000000" />
  <attribute name="IntegralH" value="31.000000" />
  <attribute name="DerivativeT" value="-84.000000" />
  <attribute name="DerivativeI" value="-84.000000" />
  <attribute name="DerivativeH" value="-84.000000" />
  <attribute name="Loop Time for DT" value="1.000000" />
  <attribute name="Output H" value="2091843584"/>
  <attribute name="Output I" value="200"/>
  <attribute name="Output T" value="4"/>
  <attribute name="Target GC Util Change" value ="20.000000" />
  <attribute name="Current GC Util Change" value="51.000000"/>
  <attribute name="GC Util currently" value="51" />
  <attribute name="CPU Util currently" value="12624725432802" />
<exclusive-end id="6487" timestamp="2019-06-15T00:50:20.999" durationms="4.075" />

<exclusive-start id="6488" timestamp="2019-06-15T00:50:21.003" intervalms="7.976">
  <response-info timems="0.083" idlems="0.083" threads="0" lastid="0000000001CEB700" lastname="main" />
</exclusive-start>
<allocation-taxation id="6489" taxation-threshold="12582912" timestamp="2019-06-15T00:50:21.003" intervalms="7.969" />
<cycle-start id="6490" type="partial gc" contextid="0" timestamp="2019-06-15T00:50:21.004" intervalms="16.308" />
<gc-start id="6491" type="partial gc" contextid="6490" timestamp="2019-06-15T00:50:21.004">
  <mem-info id="6492" free="16777216" total="74448896" percent="22">
    <mem type="eden" free="0" total="25165824" percent="0" />
    <remembered-set count="83328" freebytes="2805888" totalbytes="3139200" percent="89" regionsoverflowed="0" regionsstable="5" regionsrebuilding="0"/>
  </mem-info>
</gc-start>
<allocation-stats totalBytes="25071200" >
  <allocated-bytes non-tlh="0" tlh="25071200" arrayletleaf="0"/>
  <largest-consumer threadName="main" threadId="0000000001CEB700" bytes="12536832" />
</allocation-stats>
<gc-op id="6493" type="sweep" timems="0.825" contextid="6490" timestamp="2019-06-15T00:50:21.005" />
<gc-op id="6494" type="copy forward" timems="3.072" contextid="6490" timestamp="2019-06-15T00:50:21.009">
  <memory-copied type="eden" objects="0" bytes="0" bytesdiscarded="0" />
  <memory-copied type="other" objects="0" bytes="0" bytesdiscarded="0" />
  <memory-cardclean objects="64128" bytes="2213336" />
  <regions eden="12" other="0" />
  <remembered-set-cleared processed="63911" cleared="16757" durationms="0.425" />
  <stringconstants candidates="13269" cleared="0"  />
</gc-op>
<gc-op id="6495" type="classunload" timems="0.003" contextid="6490" timestamp="2019-06-15T00:50:21.009">
  <classunload-info classloadercandidates="53" classloadersunloaded="0" classesunloaded="0" anonymousclassesunloaded="0" quiescems="0.000" setupms="0.003" scanms="0.000" postms="0.000" />
</gc-op>
<heap-resize id="6496" type="expand" space="default" amount="7340032" count="1" timems="0.072" reason="excessive time being spent in gc" timestamp="2019-06-15T00:50:21.010" />
<gc-end id="6497" type="partial gc" contextid="6490" durationms="5.837" usertimems="12.000" systemtimems="0.000" timestamp="2019-06-15T00:50:21.010" activeThreads="4">
  <mem-info id="6498" free="49283072" total="81788928" percent="60">
    <remembered-set count="61088" freebytes="3020416" totalbytes="3264768" percent="92" regionsoverflowed="0" regionsstable="5" regionsrebuilding="0"/>
  </mem-info>
</gc-end>
<cycle-end id="6499" type="partial gc" contextid="6490" timestamp="2019-06-15T00:50:21.010" />
  <attribute name="elasticGC enabled" value="1" />
  <attribute name= "numThreadsSpecified" value="4" />
  <attribute name="heapSize specified" value="0" />
  <attribute name="Current GC Util" value="60" />
  <attribute name= "Current Time Running" value="26954" />
  <attribute name ="GC Interval" value="0" />
  <attribute name="ProportionalT" value="20.000000" />
  <attribute name="ProportionalI" value="20.000000" />
  <attribute name="ProportionalH" value="20.000000" />
  <attribute name="Current Error" value="40.000000" />
  <attribute name="IntegralT" value="40.000000" />
  <attribute name="IntegralI" value="40.000000" />
  <attribute name="IntegralH" value="40.000000" />
  <attribute name="DerivativeT" value="-4.500000" />
  <attribute name="DerivativeI" value="-4.500000" />
  <attribute name="DerivativeH" value="-4.500000" />
  <attribute name="Loop Time for DT" value="1.000000" />
  <attribute name="Output H" value="8388608"/>
  <attribute name="Output I" value="200"/>
  <attribute name="Output T" value="4"/>
  <attribute name="Target GC Util Change" value ="20.000000" />
  <attribute name="Current GC Util Change" value="60.000000"/>
  <attribute name="GC Util currently" value="60" />
  <attribute name="CPU Util currently" value="9259000540547" />
<exclusive-end id="6500" timestamp="2019-06-15T00:50:21.010" durationms="7.065" />

<exclusive-start id="6501" timestamp="2019-06-15T00:50:21.018" intervalms="15.045">
  <response-info timems="0.082" idlems="0.082" threads="0" lastid="0000000001CEB700" lastname="main" />
</exclusive-start>
<allocation-taxation id="6502" taxation-threshold="27262976" timestamp="2019-06-15T00:50:21.018" intervalms="14.973" />
<cycle-start id="6503" type="partial gc" contextid="0" timestamp="2019-06-15T00:50:21.019" intervalms="14.992" />
<gc-start id="6504" type="partial gc" contextid="6503" timestamp="2019-06-15T00:50:21.019">
  <mem-info id="6505" free="22020096" total="81788928" percent="26">
    <mem type="eden" free="0" total="27262976" percent="0" />
    <remembered-set count="60960" freebytes="3020928" totalbytes="3264768" percent="92" regionsoverflowed="0" regionsstable="5" regionsrebuilding="0"/>
  </mem-info>
</gc-start>
<allocation-stats totalBytes="27171064" >
  <allocated-bytes non-tlh="0" tlh="27171064" arrayletleaf="0"/>
  <largest-consumer threadName="main" threadId="0000000001CEB700" bytes="27171064" />
</allocation-stats>
<gc-op id="6506" type="copy forward" timems="1.897" contextid="6503" timestamp="2019-06-15T00:50:21.022">
  <memory-copied type="eden" objects="1" bytes="24" bytesdiscarded="0" />
  <memory-copied type="other" objects="12" bytes="288" bytesdiscarded="648" />
  <memory-cardclean objects="70" bytes="1816" />
  <regions eden="26" other="2" />
  <remembered-set-cleared processed="58576" cleared="31" durationms="0.325" />
  <stringconstants candidates="13269" cleared="0"  />
</gc-op>
<gc-op id="6507" type="classunload" timems="0.004" contextid="6503" timestamp="2019-06-15T00:50:21.022">
  <classunload-info classloadercandidates="53" classloadersunloaded="0" classesunloaded="0" anonymousclassesunloaded="0" quiescems="0.000" setupms="0.003" scanms="0.000" postms="0.000" />
</gc-op>
<heap-resize id="6508" type="expand" space="default" amount="2097152" count="1" timems="0.059" reason="excessive time being spent in gc" timestamp="2019-06-15T00:50:21.022" />
<gc-end id="6509" type="partial gc" contextid="6503" durationms="3.229" usertimems="4.000" systemtimems="0.000" timestamp="2019-06-15T00:50:21.022" activeThreads="4">
  <mem-info id="6510" free="50331648" total="83886080" percent="60">
    <mem type="eden" free="1048552" total="1048576" percent="99" />
    <remembered-set count="60928" freebytes="3104768" totalbytes="3348480" percent="92" regionsoverflowed="0" regionsstable="5" regionsrebuilding="0"/>
  </mem-info>
</gc-end>
<cycle-end id="6511" type="partial gc" contextid="6503" timestamp="2019-06-15T00:50:21.022" />
  <attribute name="elasticGC enabled" value="1" />
  <attribute name= "numThreadsSpecified" value="4" />
  <attribute name="heapSize specified" value="0" />
  <attribute name="Current GC Util" value="72" />
  <attribute name= "Current Time Running" value="26968" />
  <attribute name ="GC Interval" value="0" />
  <attribute name="ProportionalT" value="26.000000" />
  <attribute name="ProportionalI" value="26.000000" />
  <attribute name="ProportionalH" value="26.000000" />
  <attribute name="Current Error" value="52.000000" />
  <attribute name="IntegralT" value="52.000000" />
  <attribute name="IntegralI" value="52.000000" />
  <attribute name="IntegralH" value="52.000000" />
  <attribute name="DerivativeT" value="0.000000" />
  <attribute name="DerivativeI" value="0.000000" />
  <attribute name="DerivativeH" value="0.000000" />
  <attribute name="Loop Time for DT" value="1.000000" />
  <attribute name="Output H" value="8388608"/>
  <attribute name="Output I" value="200"/>
  <attribute name="Output T" value="4"/>
  <attribute name="Target GC Util Change" value ="20.000000" />
  <attribute name="Current GC Util Change" value="72.000000"/>
  <attribute name="GC Util currently" value="72" />
  <attribute name="CPU Util currently" value="15957059552350" />
<exclusive-end id="6512" timestamp="2019-06-15T00:50:21.023" durationms="4.364" />

<exclusive-start id="6513" timestamp="2019-06-15T00:50:21.031" intervalms="12.413">
  <response-info timems="0.082" idlems="0.082" threads="0" lastid="0000000001CEB700" lastname="main" />
</exclusive-start>
<allocation-taxation id="6514" taxation-threshold="27262976" timestamp="2019-06-15T00:50:21.031" intervalms="12.449" />
<cycle-start id="6515" type="partial gc" contextid="0" timestamp="2019-06-15T00:50:21.031" intervalms="12.449" />
<gc-start id="6516" type="partial gc" contextid="6515" timestamp="2019-06-15T00:50:21.031">
  <mem-info id="6517" free="23068672" total="83886080" percent="27">
    <mem type="eden" free="1048552" total="28311552" percent="3" />
    <remembered-set count="48352" freebytes="3155072" totalbytes="3348480" percent="94" regionsoverflowed="0" regionsstable="13" regionsrebuilding="0"/>
  </mem-info>
</gc-start>
<allocation-stats totalBytes="27171256" >
  <allocated-bytes non-tlh="0" tlh="27171256" arrayletleaf="0"/>
  <largest-consumer threadName="main" threadId="0000000001CEB700" bytes="27171256" />
</allocation-stats>
<gc-op id="6518" type="copy forward" timems="1.163" contextid="6515" timestamp="2019-06-15T00:50:21.033">
  <memory-copied type="eden" objects="1" bytes="24" bytesdiscarded="0" />
  <memory-copied type="other" objects="19" bytes="656" bytesdiscarded="232" />
  <memory-cardclean objects="76" bytes="2064" />
  <regions eden="26" other="3" />
  <remembered-set-cleared processed="46978" cleared="34" durationms="0.400" />
  <stringconstants candidates="13269" cleared="0"  />
</gc-op>
<gc-op id="6519" type="classunload" timems="0.004" contextid="6515" timestamp="2019-06-15T00:50:21.034">
  <classunload-info classloadercandidates="53" classloadersunloaded="0" classesunloaded="0" anonymousclassesunloaded="0" quiescems="0.000" setupms="0.004" scanms="0.000" postms="0.000" />
</gc-op>
<gc-end id="6520" type="partial gc" contextid="6515" durationms="2.437" usertimems="4.000" systemtimems="0.000" timestamp="2019-06-15T00:50:21.034" activeThreads="1">
  <mem-info id="6521" free="51380224" total="83886080" percent="61">
    <mem type="eden" free="1048552" total="1048576" percent="99" />
    <remembered-set count="48544" freebytes="3154304" totalbytes="3348480" percent="94" regionsoverflowed="0" regionsstable="13" regionsrebuilding="0"/>
  </mem-info>
</gc-end>
<cycle-end id="6522" type="partial gc" contextid="6515" timestamp="2019-06-15T00:50:21.034" />
  <attribute name="elasticGC enabled" value="1" />
  <attribute name= "numThreadsSpecified" value="1" />
  <attribute name="heapSize specified" value="0" />
  <attribute name="Current GC Util" value="74" />
  <attribute name= "Current Time Running" value="26980" />
  <attribute name ="GC Interval" value="0" />
  <attribute name="ProportionalT" value="27.000000" />
  <attribute name="ProportionalI" value="27.000000" />
  <attribute name="ProportionalH" value="27.000000" />
  <attribute name="Current Error" value="54.000000" />
  <attribute name="IntegralT" value="0.000000" />
  <attribute name="IntegralI" value="0.000000" />
  <attribute name="IntegralH" value="0.000000" />
  <attribute name="DerivativeT" value="inf" />
  <attribute name="DerivativeI" value="inf" />
  <attribute name="DerivativeH" value="inf" />
  <attribute name="Loop Time for DT" value="0.000000" />
  <attribute name="Output H" value="8388608"/>
  <attribute name="Output I" value="200"/>
  <attribute name="Output T" value="1"/>
  <attribute name="Target GC Util Change" value ="20.000000" />
  <attribute name="Current GC Util Change" value="74.000000"/>
  <attribute name="GC Util currently" value="74" />
  <attribute name="CPU Util currently" value="15958992261762" />
<exclusive-end id="6523" timestamp="2019-06-15T00:50:21.034" durationms="3.709" />

<exclusive-start id="6524" timestamp="2019-06-15T00:50:21.043" intervalms="11.963">
  <response-info timems="0.082" idlems="0.082" threads="0" lastid="0000000001CEB700" lastname="main" />
</exclusive-start>
<allocation-taxation id="6525" taxation-threshold="27262976" timestamp="2019-06-15T00:50:21.043" intervalms="12.024" />
<cycle-start id="6526" type="partial gc" contextid="0" timestamp="2019-06-15T00:50:21.043" intervalms="12.040" />
<gc-start id="6527" type="partial gc" contextid="6526" timestamp="2019-06-15T00:50:21.043">
  <mem-info id="6528" free="24117248" total="83886080" percent="28">
    <mem type="eden" free="1048552" total="28311552" percent="3" />
    <remembered-set count="48192" freebytes="3155712" totalbytes="3348480" percent="94" regionsoverflowed="0" regionsstable="13" regionsrebuilding="0"/>
  </mem-info>
</gc-start>
<allocation-stats totalBytes="27171256" >
  <allocated-bytes non-tlh="0" tlh="27171256" arrayletleaf="0"/>
  <largest-consumer threadName="main" threadId="0000000001CEB700" bytes="27171256" />
</allocation-stats>
<gc-op id="6529" type="copy forward" timems="1.162" contextid="6526" timestamp="2019-06-15T00:50:21.045">
  <memory-copied type="eden" objects="1" bytes="24" bytesdiscarded="0" />
  <memory-copied type="other" objects="12" bytes="288" bytesdiscarded="368" />
  <memory-cardclean objects="64" bytes="1776" />
  <regions eden="26" other="3" />
  <remembered-set-cleared processed="46976" cleared="31" durationms="0.399" />
  <stringconstants candidates="13269" cleared="0"  />
</gc-op>
<gc-op id="6530" type="classunload" timems="0.018" contextid="6526" timestamp="2019-06-15T00:50:21.046">
  <classunload-info classloadercandidates="53" classloadersunloaded="0" classesunloaded="0" anonymousclassesunloaded="0" quiescems="0.000" setupms="0.018" scanms="0.000" postms="0.000" />
</gc-op>
<gc-end id="6531" type="partial gc" contextid="6526" durationms="2.445" usertimems="0.000" systemtimems="0.000" timestamp="2019-06-15T00:50:21.046" activeThreads="1">
  <mem-info id="6532" free="52428800" total="83886080" percent="62">
    <mem type="eden" free="1048552" total="1048576" percent="99" />
    <remembered-set count="48448" freebytes="3154688" totalbytes="3348480" percent="94" regionsoverflowed="0" regionsstable="13" regionsrebuilding="0"/>
  </mem-info>
</gc-end>
<cycle-end id="6533" type="partial gc" contextid="6526" timestamp="2019-06-15T00:50:21.046" />
  <attribute name="elasticGC enabled" value="1" />
  <attribute name= "numThreadsSpecified" value="1" />
  <attribute name="heapSize specified" value="0" />
  <attribute name="Current GC Util" value="82" />
  <attribute name= "Current Time Running" value="26992" />
  <attribute name ="GC Interval" value="0" />
  <attribute name="ProportionalT" value="31.000000" />
  <attribute name="ProportionalI" value="31.000000" />
  <attribute name="ProportionalH" value="31.000000" />
  <attribute name="Current Error" value="62.000000" />
  <attribute name="IntegralT" value="0.000000" />
  <attribute name="IntegralI" value="0.000000" />
  <attribute name="IntegralH" value="0.000000" />
  <attribute name="DerivativeT" value="inf" />
  <attribute name="DerivativeI" value="inf" />
  <attribute name="DerivativeH" value="inf" />
  <attribute name="Loop Time for DT" value="0.000000" />
  <attribute name="Output H" value="8388608"/>
  <attribute name="Output I" value="200"/>
  <attribute name="Output T" value="1"/>
  <attribute name="Target GC Util Change" value ="20.000000" />
  <attribute name="Current GC Util Change" value="82.000000"/>
  <attribute name="GC Util currently" value="82" />
  <attribute name="CPU Util currently" value="15515546724130" />
<exclusive-end id="6534" timestamp="2019-06-15T00:50:21.046" durationms="3.787" />

<exclusive-start id="6535" timestamp="2019-06-15T00:50:21.055" intervalms="12.398">
  <response-info timems="0.070" idlems="0.070" threads="0" lastid="0000000001CEB700" lastname="main" />
</exclusive-start>
<allocation-taxation id="6536" taxation-threshold="27262976" timestamp="2019-06-15T00:50:21.055" intervalms="12.340" />
<cycle-start id="6537" type="partial gc" contextid="0" timestamp="2019-06-15T00:50:21.055" intervalms="12.275" />
<gc-start id="6538" type="partial gc" contextid="6537" timestamp="2019-06-15T00:50:21.056">
  <mem-info id="6539" free="25165824" total="83886080" percent="30">
    <mem type="eden" free="1048552" total="28311552" percent="3" />
    <remembered-set count="768" freebytes="3345408" totalbytes="3348480" percent="99" regionsoverflowed="0" regionsstable="18" regionsrebuilding="0"/>
  </mem-info>
</gc-start>
<allocation-stats totalBytes="27171256" >
  <allocated-bytes non-tlh="0" tlh="27171256" arrayletleaf="0"/>
  <largest-consumer threadName="main" threadId="0000000001CEB700" bytes="27171256" />
</allocation-stats>
<gc-op id="6540" type="copy forward" timems="0.892" contextid="6537" timestamp="2019-06-15T00:50:21.057">
  <memory-copied type="eden" objects="1" bytes="24" bytesdiscarded="0" />
  <memory-copied type="other" objects="14" bytes="352" bytesdiscarded="368" />
  <memory-cardclean objects="62" bytes="9904" />
  <regions eden="26" other="3" />
  <remembered-set-cleared processed="31" cleared="12" durationms="0.108" />
  <references type="weak" candidates="2" cleared="0" enqueued="0" />
  <stringconstants candidates="13269" cleared="0"  />
</gc-op>
<gc-op id="6541" type="classunload" timems="0.004" contextid="6537" timestamp="2019-06-15T00:50:21.058">
  <classunload-info classloadercandidates="53" classloadersunloaded="0" classesunloaded="0" anonymousclassesunloaded="0" quiescems="0.000" setupms="0.004" scanms="0.000" postms="0.000" />
</gc-op>
<heap-resize id="6542" type="contract" space="default" amount="4194304" count="1" timems="0.064" reason="excess free space following gc" timestamp="2019-06-15T00:50:21.058" />
<gc-end id="6543" type="partial gc" contextid="6537" durationms="2.251" usertimems="0.000" systemtimems="0.000" timestamp="2019-06-15T00:50:21.058" activeThreads="1">
  <mem-info id="6544" free="49283072" total="79691776" percent="61">
    <mem type="eden" free="1048552" total="1048576" percent="99" />
    <remembered-set count="1088" freebytes="3344128" totalbytes="3348480" percent="99" regionsoverflowed="0" regionsstable="18" regionsrebuilding="0"/>
  </mem-info>
</gc-end>
<cycle-end id="6545" type="partial gc" contextid="6537" timestamp="2019-06-15T00:50:21.058" />
  <attribute name="elasticGC enabled" value="1" />
  <attribute name= "numThreadsSpecified" value="1" />
  <attribute name="heapSize specified" value="0" />
  <attribute name="Current GC Util" value="83" />
  <attribute name= "Current Time Running" value="27004" />
  <attribute name ="GC Interval" value="0" />
  <attribute name="ProportionalT" value="31.500000" />
  <attribute name="ProportionalI" value="31.500000" />
  <attribute name="ProportionalH" value="31.500000" />
  <attribute name="Current Error" value="63.000000" />
  <attribute name="IntegralT" value="0.000000" />
  <attribute name="IntegralI" value="0.000000" />
  <attribute name="IntegralH" value="0.000000" />
  <attribute name="DerivativeT" value="inf" />
  <attribute name="DerivativeI" value="inf" />
  <attribute name="DerivativeH" value="inf" />
  <attribute name="Loop Time for DT" value="0.000000" />
  <attribute name="Output H" value="8388608"/>
  <attribute name="Output I" value="200"/>
  <attribute name="Output T" value="1"/>
  <attribute name="Target GC Util Change" value ="20.000000" />
  <attribute name="Current GC Util Change" value="83.000000"/>
  <attribute name="GC Util currently" value="83" />
  <attribute name="CPU Util currently" value="18169334413199" />
<exclusive-end id="6546" timestamp="2019-06-15T00:50:21.058" durationms="3.386" />

<exclusive-start id="6547" timestamp="2019-06-15T00:50:21.066" intervalms="11.303">
  <response-info timems="0.068" idlems="0.068" threads="0" lastid="0000000001CEB700" lastname="main" />
</exclusive-start>
<allocation-taxation id="6548" taxation-threshold="26214400" timestamp="2019-06-15T00:50:21.067" intervalms="11.244" />
<cycle-start id="6549" type="partial gc" contextid="0" timestamp="2019-06-15T00:50:21.067" intervalms="11.270" />
<gc-start id="6550" type="partial gc" contextid="6549" timestamp="2019-06-15T00:50:21.067">
  <mem-info id="6551" free="23068672" total="79691776" percent="28">
    <mem type="eden" free="1048552" total="27262976" percent="3" />
    <remembered-set count="704" freebytes="3345664" totalbytes="3348480" percent="99" regionsoverflowed="0" regionsstable="18" regionsrebuilding="0"/>
  </mem-info>
</gc-start>
<allocation-stats totalBytes="26126088" >
  <allocated-bytes non-tlh="0" tlh="26126088" arrayletleaf="0"/>
  <largest-consumer threadName="main" threadId="0000000001CEB700" bytes="26126088" />
</allocation-stats>
<gc-op id="6552" type="copy forward" timems="1.352" contextid="6549" timestamp="2019-06-15T00:50:21.069">
  <memory-copied type="eden" objects="1" bytes="24" bytesdiscarded="0" />
  <memory-copied type="other" objects="79" bytes="3160" bytesdiscarded="904" />
  <memory-cardclean objects="87" bytes="2696" />
  <regions eden="25" other="3" />
  <remembered-set-cleared processed="26" cleared="11" durationms="0.111" />
  <stringconstants candidates="13269" cleared="0"  />
</gc-op>
<gc-op id="6553" type="classunload" timems="0.004" contextid="6549" timestamp="2019-06-15T00:50:21.069">
  <classunload-info classloadercandidates="53" classloadersunloaded="0" classesunloaded="0" anonymousclassesunloaded="0" quiescems="0.000" setupms="0.003" scanms="0.000" postms="0.000" />
</gc-op>
<heap-resize id="6554" type="contract" space="default" amount="4194304" count="1" timems="0.060" reason="excess free space following gc" timestamp="2019-06-15T00:50:21.070" />
<gc-end id="6555" type="partial gc" contextid="6549" durationms="2.878" usertimems="0.000" systemtimems="4.000" timestamp="2019-06-15T00:50:21.070" activeThreads="4">
  <mem-info id="6556" free="46137344" total="75497472" percent="61">
    <mem type="eden" free="1048552" total="1048576" percent="99" />
    <remembered-set count="1280" freebytes="3175936" totalbytes="3181056" percent="99" regionsoverflowed="0" regionsstable="18" regionsrebuilding="0"/>
  </mem-info>
</gc-end>
<cycle-end id="6557" type="partial gc" contextid="6549" timestamp="2019-06-15T00:50:21.070" />
  <attribute name="elasticGC enabled" value="1" />
  <attribute name= "numThreadsSpecified" value="4" />
  <attribute name="heapSize specified" value="0" />
  <attribute name="Current GC Util" value="51" />
  <attribute name= "Current Time Running" value="27016" />
  <attribute name ="GC Interval" value="0" />
  <attribute name="ProportionalT" value="15.500000" />
  <attribute name="ProportionalI" value="15.500000" />
  <attribute name="ProportionalH" value="15.500000" />
  <attribute name="Current Error" value="31.000000" />
  <attribute name="IntegralT" value="31.000000" />
  <attribute name="IntegralI" value="31.000000" />
  <attribute name="IntegralH" value="31.000000" />
  <attribute name="DerivativeT" value="15.500000" />
  <attribute name="DerivativeI" value="15.500000" />
  <attribute name="DerivativeH" value="15.500000" />
  <attribute name="Loop Time for DT" value="1.000000" />
  <attribute name="Output H" value="8388608"/>
  <attribute name="Output I" value="200"/>
  <attribute name="Output T" value="4"/>
  <attribute name="Target GC Util Change" value ="20.000000" />
  <attribute name="Current GC Util Change" value="51.000000"/>
  <attribute name="GC Util currently" value="51" />
  <attribute name="CPU Util currently" value="9186442406928" />
<exclusive-end id="6558" timestamp="2019-06-15T00:50:21.070" durationms="3.929" />

<exclusive-start id="6559" timestamp="2019-06-15T00:50:21.078" intervalms="11.531">
  <response-info timems="0.078" idlems="0.078" threads="0" lastid="0000000001CEB700" lastname="main" />
</exclusive-start>
<allocation-taxation id="6560" taxation-threshold="25165824" timestamp="2019-06-15T00:50:21.078" intervalms="11.541" />
<cycle-start id="6561" type="partial gc" contextid="0" timestamp="2019-06-15T00:50:21.078" intervalms="11.538" />
<gc-start id="6562" type="partial gc" contextid="6561" timestamp="2019-06-15T00:50:21.079">
  <mem-info id="6563" free="20971520" total="75497472" percent="27">
    <mem type="eden" free="1048552" total="26214400" percent="3" />
    <remembered-set count="832" freebytes="3177728" totalbytes="3181056" percent="99" regionsoverflowed="0" regionsstable="18" regionsrebuilding="0"/>
  </mem-info>
</gc-start>
<allocation-stats totalBytes="25080968" >
  <allocated-bytes non-tlh="0" tlh="25080968" arrayletleaf="0"/>
  <largest-consumer threadName="main" threadId="0000000001CEB700" bytes="25080968" />
</allocation-stats>
<gc-op id="6564" type="copy forward" timems="0.897" contextid="6561" timestamp="2019-06-15T00:50:21.080">
  <memory-copied type="eden" objects="1" bytes="24" bytesdiscarded="0" />
  <memory-copied type="other" objects="88" bytes="20552" bytesdiscarded="368" />
  <memory-cardclean objects="97" bytes="3776" />
  <regions eden="24" other="4" />
  <remembered-set-cleared processed="20" cleared="8" durationms="0.103" />
  <references type="soft" candidates="6" cleared="0" enqueued="0" dynamicThreshold="19" maxThreshold="32" />
  <stringconstants candidates="13269" cleared="0"  />
</gc-op>
<gc-op id="6565" type="classunload" timems="0.004" contextid="6561" timestamp="2019-06-15T00:50:21.081">
  <classunload-info classloadercandidates="53" classloadersunloaded="0" classesunloaded="0" anonymousclassesunloaded="0" quiescems="0.000" setupms="0.004" scanms="0.000" postms="0.000" />
</gc-op>
<heap-resize id="6566" type="contract" space="default" amount="4194304" count="1" timems="0.291" reason="excess free space following gc" timestamp="2019-06-15T00:50:21.081" />
<gc-end id="6567" type="partial gc" contextid="6561" durationms="2.656" usertimems="0.000" systemtimems="0.000" timestamp="2019-06-15T00:50:21.081" activeThreads="1">
  <mem-info id="6568" free="45088768" total="71303168" percent="63">
    <mem type="eden" free="1048552" total="1048576" percent="99" />
    <remembered-set count="736" freebytes="3010688" totalbytes="3013632" percent="99" regionsoverflowed="0" regionsstable="18" regionsrebuilding="0"/>
  </mem-info>
</gc-end>
<cycle-end id="6569" type="partial gc" contextid="6561" timestamp="2019-06-15T00:50:21.081" />
  <attribute name="elasticGC enabled" value="1" />
  <attribute name= "numThreadsSpecified" value="1" />
  <attribute name="heapSize specified" value="0" />
  <attribute name="Current GC Util" value="40" />
  <attribute name= "Current Time Running" value="27027" />
  <attribute name ="GC Interval" value="0" />
  <attribute name="ProportionalT" value="10.000000" />
  <attribute name="ProportionalI" value="10.000000" />
  <attribute name="ProportionalH" value="10.000000" />
  <attribute name="Current Error" value="20.000000" />
  <attribute name="IntegralT" value="0.000000" />
  <attribute name="IntegralI" value="0.000000" />
  <attribute name="IntegralH" value="0.000000" />
  <attribute name="DerivativeT" value="inf" />
  <attribute name="DerivativeI" value="inf" />
  <attribute name="DerivativeH" value="inf" />
  <attribute name="Loop Time for DT" value="0.000000" />
  <attribute name="Output H" value="8388608"/>
  <attribute name="Output I" value="200"/>
  <attribute name="Output T" value="1"/>
  <attribute name="Target GC Util Change" value ="20.000000" />
  <attribute name="Current GC Util Change" value="40.000000"/>
  <attribute name="GC Util currently" value="40" />
  <attribute name="CPU Util currently" value="10028848936393" />
<exclusive-end id="6570" timestamp="2019-06-15T00:50:21.082" durationms="3.759" />

<exclusive-start id="6571" timestamp="2019-06-15T00:50:21.089" intervalms="11.300">
  <response-info timems="0.070" idlems="0.070" threads="0" lastid="0000000001CEB700" lastname="main" />
</exclusive-start>
<allocation-taxation id="6572" taxation-threshold="24117248" timestamp="2019-06-15T00:50:21.089" intervalms="11.349" />
<cycle-start id="6573" type="partial gc" contextid="0" timestamp="2019-06-15T00:50:21.090" intervalms="11.363" />
<gc-start id="6574" type="partial gc" contextid="6573" timestamp="2019-06-15T00:50:21.090">
  <mem-info id="6575" free="20971520" total="71303168" percent="29">
    <mem type="eden" free="1048552" total="25165824" percent="4" />
    <remembered-set count="288" freebytes="3012480" totalbytes="3013632" percent="99" regionsoverflowed="0" regionsstable="18" regionsrebuilding="0"/>
  </mem-info>
</gc-start>
<allocation-stats totalBytes="24035848" >
  <allocated-bytes non-tlh="0" tlh="24035848" arrayletleaf="0"/>
  <largest-consumer threadName="main" threadId="0000000001CEB700" bytes="24035848" />
</allocation-stats>
<gc-op id="6576" type="copy forward" timems="1.370" contextid="6573" timestamp="2019-06-15T00:50:21.092">
  <memory-copied type="eden" objects="1" bytes="24" bytesdiscarded="0" />
  <memory-copied type="other" objects="0" bytes="0" bytesdiscarded="0" />
  <memory-cardclean objects="28" bytes="864" />
  <regions eden="23" other="1" />
  <remembered-set-cleared processed="25" cleared="0" durationms="0.113" />
  <stringconstants candidates="13269" cleared="0"  />
</gc-op>
<gc-op id="6577" type="classunload" timems="0.003" contextid="6573" timestamp="2019-06-15T00:50:21.092">
  <classunload-info classloadercandidates="53" classloadersunloaded="0" classesunloaded="0" anonymousclassesunloaded="0" quiescems="0.000" setupms="0.003" scanms="0.000" postms="0.000" />
</gc-op>
<heap-resize id="6578" type="contract" space="default" amount="3145728" count="1" timems="0.217" reason="excess free space following gc" timestamp="2019-06-15T00:50:21.093" />
<gc-end id="6579" type="partial gc" contextid="6573" durationms="2.945" usertimems="4.000" systemtimems="0.000" timestamp="2019-06-15T00:50:21.093" activeThreads="4">
  <mem-info id="6580" free="41943040" total="68157440" percent="61">
    <mem type="eden" free="1048552" total="1048576" percent="99" />
    <remembered-set count="736" freebytes="2843264" totalbytes="2846208" percent="99" regionsoverflowed="0" regionsstable="18" regionsrebuilding="0"/>
  </mem-info>
</gc-end>
<cycle-end id="6581" type="partial gc" contextid="6573" timestamp="2019-06-15T00:50:21.093" />
  <attribute name="elasticGC enabled" value="1" />
  <attribute name= "numThreadsSpecified" value="4" />
  <attribute name="heapSize specified" value="0" />
  <attribute name="Current GC Util" value="0" />
  <attribute name= "Current Time Running" value="27038" />
  <attribute name ="GC Interval" value="0" />
  <attribute name="ProportionalT" value="-10.000000" />
  <attribute name="ProportionalI" value="-10.000000" />
  <attribute name="ProportionalH" value="-10.000000" />
  <attribute name="Current Error" value="-20.000000" />
  <attribute name="IntegralT" value="0.000000" />
  <attribute name="IntegralI" value="0.000000" />
  <attribute name="IntegralH" value="0.000000" />
  <attribute name="DerivativeT" value="-inf" />
  <attribute name="DerivativeI" value="-inf" />
  <attribute name="DerivativeH" value="-inf" />
  <attribute name="Loop Time for DT" value="0.000000" />
  <attribute name="Output H" value="2091843584"/>
  <attribute name="Output I" value="200"/>
  <attribute name="Output T" value="4"/>
  <attribute name="Target GC Util Change" value ="20.000000" />
  <attribute name="Current GC Util Change" value="0.000000"/>
  <attribute name="GC Util currently" value="0" />
  <attribute name="CPU Util currently" value="13143536948202" />
<exclusive-end id="6582" timestamp="2019-06-15T00:50:21.093" durationms="4.041" />

<exclusive-start id="6583" timestamp="2019-06-15T00:50:21.101" intervalms="11.422">
  <response-info timems="0.074" idlems="0.074" threads="0" lastid="0000000001CEB700" lastname="main" />
</exclusive-start>
<allocation-taxation id="6584" taxation-threshold="24117248" timestamp="2019-06-15T00:50:21.101" intervalms="11.371" />
<cycle-start id="6585" type="partial gc" contextid="0" timestamp="2019-06-15T00:50:21.101" intervalms="11.302" />
<gc-start id="6586" type="partial gc" contextid="6585" timestamp="2019-06-15T00:50:21.101">
  <mem-info id="6587" free="17825792" total="68157440" percent="26">
    <mem type="eden" free="1048552" total="25165824" percent="4" />
    <remembered-set count="288" freebytes="2845056" totalbytes="2846208" percent="99" regionsoverflowed="0" regionsstable="18" regionsrebuilding="0"/>
  </mem-info>
</gc-start>
<allocation-stats totalBytes="24035824" >
  <allocated-bytes non-tlh="0" tlh="24035824" arrayletleaf="0"/>
  <largest-consumer threadName="main" threadId="0000000001CEB700" bytes="24035824" />
</allocation-stats>
<gc-op id="6588" type="copy forward" timems="1.240" contextid="6585" timestamp="2019-06-15T00:50:21.103">
  <memory-copied type="eden" objects="1" bytes="24" bytesdiscarded="0" />
  <memory-copied type="other" objects="0" bytes="0" bytesdiscarded="0" />
  <memory-cardclean objects="17" bytes="440" />
  <regions eden="23" other="1" />
  <remembered-set-cleared processed="27" cleared="0" durationms="0.110" />
  <stringconstants candidates="13269" cleared="0"  />
</gc-op>
<gc-op id="6589" type="classunload" timems="0.004" contextid="6585" timestamp="2019-06-15T00:50:21.103">
  <classunload-info classloadercandidates="53" classloadersunloaded="0" classesunloaded="0" anonymousclassesunloaded="0" quiescems="0.000" setupms="0.004" scanms="0.000" postms="0.000" />
</gc-op>
<gc-end id="6590" type="partial gc" contextid="6585" durationms="2.474" usertimems="4.000" systemtimems="0.000" timestamp="2019-06-15T00:50:21.104" activeThreads="4">
  <mem-info id="6591" free="41943040" total="68157440" percent="61">
    <mem type="eden" free="1048552" total="1048576" percent="99" />
    <remembered-set count="768" freebytes="2717568" totalbytes="2720640" percent="99" regionsoverflowed="0" regionsstable="18" regionsrebuilding="0"/>
  </mem-info>
</gc-end>
<cycle-end id="6592" type="partial gc" contextid="6585" timestamp="2019-06-15T00:50:21.104" />
  <attribute name="elasticGC enabled" value="1" />
  <attribute name= "numThreadsSpecified" value="4" />
  <attribute name="heapSize specified" value="0" />
  <attribute name="Current GC Util" value="29" />
  <attribute name= "Current Time Running" value="27050" />
  <attribute name ="GC Interval" value="0" />
  <attribute name="ProportionalT" value="4.500000" />
  <attribute name="ProportionalI" value="4.500000" />
  <attribute name="ProportionalH" value="4.500000" />
  <attribute name="Current Error" value="9.000000" />
  <attribute name="IntegralT" value="9.000000" />
  <attribute name="IntegralI" value="9.000000" />
  <attribute name="IntegralH" value="9.000000" />
  <attribute name="DerivativeT" value="-1.500000" />
  <attribute name="DerivativeI" value="-1.500000" />
  <attribute name="DerivativeH" value="-1.500000" />
  <attribute name="Loop Time for DT" value="1.000000" />
  <attribute name="Output H" value="8388608"/>
  <attribute name="Output I" value="200"/>
  <attribute name="Output T" value="4"/>
  <attribute name="Target GC Util Change" value ="20.000000" />
  <attribute name="Current GC Util Change" value="29.000000"/>
  <attribute name="GC Util currently" value="29" />
  <attribute name="CPU Util currently" value="11060445547723" />
<exclusive-end id="6593" timestamp="2019-06-15T00:50:21.104" durationms="3.469" />

<exclusive-start id="6594" timestamp="2019-06-15T00:50:21.108" intervalms="7.097">
  <response-info timems="0.077" idlems="0.077" threads="0" lastid="0000000001CEB700" lastname="main" />
</exclusive-start>
<allocation-taxation id="6595" taxation-threshold="11534336" timestamp="2019-06-15T00:50:21.108" intervalms="7.142" />
<cycle-start id="6596" type="global mark phase" contextid="0" timestamp="2019-06-15T00:50:21.108" intervalms="544.236" />
<gc-start id="6597" type="global mark phase" contextid="6596" timestamp="2019-06-15T00:50:21.108">
  <mem-info id="6598" free="30408704" total="68157440" percent="44">
    <remembered-set count="768" freebytes="2717568" totalbytes="2720640" percent="99" regionsoverflowed="0" regionsstable="18" regionsrebuilding="0"/>
  </mem-info>
</gc-start>
<gc-op id="6599" type="mark increment" timems="1.028" contextid="6596" timestamp="2019-06-15T00:50:21.110">
  <trace-info objectcount="6586" scancount="559" scanbytes="48640" />
</gc-op>
<gc-end id="6600" type="global mark phase" contextid="6596" durationms="1.288" usertimems="0.000" systemtimems="0.000" timestamp="2019-06-15T00:50:21.110" activeThreads="1">
  <mem-info id="6601" free="30408704" total="68157440" percent="44">
    <remembered-set count="1280" freebytes="2715520" totalbytes="2720640" percent="99" regionsoverflowed="0" regionsstable="0" regionsrebuilding="18"/>
  </mem-info>
</gc-end>
<concurrent-start id="6602" type="GMP work packet processing" contextid="6596" timestamp="2019-06-15T00:50:21.110">
  <concurrent-mark-start scanTarget="1179966" />
</concurrent-start>
<exclusive-end id="6603" timestamp="2019-06-15T00:50:21.110" durationms="2.293" />

<concurrent-end id="6604" type="GMP work packet processing" contextid="6596" timestamp="2019-06-15T00:50:21.111">
  <concurrent-mark-end bytesScanned="1223756" reasonForTermination="Work target met" />
</concurrent-end>

<exclusive-start id="6605" timestamp="2019-06-15T00:50:21.115" intervalms="6.841">
  <response-info timems="0.039" idlems="0.039" threads="0" lastid="0000000001CEB700" lastname="main" />
</exclusive-start>
<allocation-taxation id="6606" taxation-threshold="11534336" timestamp="2019-06-15T00:50:21.115" intervalms="6.768" />
<cycle-start id="6607" type="partial gc" contextid="0" timestamp="2019-06-15T00:50:21.115" intervalms="13.869" />
<gc-start id="6608" type="partial gc" contextid="6607" timestamp="2019-06-15T00:50:21.115">
  <mem-info id="6609" free="18874368" total="68157440" percent="27">
    <mem type="eden" free="1048552" total="24117248" percent="4" />
    <remembered-set count="10400" freebytes="2679040" totalbytes="2720640" percent="98" regionsoverflowed="0" regionsstable="0" regionsrebuilding="18"/>
  </mem-info>
</gc-start>
<allocation-stats totalBytes="22990680" >
  <allocated-bytes non-tlh="0" tlh="22990680" arrayletleaf="0"/>
  <largest-consumer threadName="main" threadId="0000000001CEB700" bytes="11496584" />
</allocation-stats>
<gc-op id="6610" type="copy forward" timems="1.098" contextid="6607" timestamp="2019-06-15T00:50:21.117">
  <memory-copied type="eden" objects="1" bytes="24" bytesdiscarded="0" />
  <memory-copied type="other" objects="0" bytes="0" bytesdiscarded="0" />
  <memory-cardclean objects="17" bytes="440" />
  <regions eden="22" other="1" />
  <remembered-set-cleared processed="8677" cleared="3" durationms="0.155" />
  <stringconstants candidates="13269" cleared="0"  />
</gc-op>
<gc-op id="6611" type="classunload" timems="0.004" contextid="6607" timestamp="2019-06-15T00:50:21.117">
  <classunload-info classloadercandidates="53" classloadersunloaded="0" classesunloaded="0" anonymousclassesunloaded="0" quiescems="0.000" setupms="0.004" scanms="0.000" postms="0.000" />
</gc-op>
<gc-end id="6612" type="partial gc" contextid="6607" durationms="2.242" usertimems="4.000" systemtimems="0.000" timestamp="2019-06-15T00:50:21.117" activeThreads="1">
  <mem-info id="6613" free="41943040" total="68157440" percent="61">
    <mem type="eden" free="1048552" total="1048576" percent="99" />
    <remembered-set count="10880" freebytes="2677120" totalbytes="2720640" percent="98" regionsoverflowed="0" regionsstable="0" regionsrebuilding="18"/>
  </mem-info>
</gc-end>
<cycle-end id="6614" type="partial gc" contextid="6607" timestamp="2019-06-15T00:50:21.117" />
  <attribute name="elasticGC enabled" value="1" />
  <attribute name= "numThreadsSpecified" value="1" />
  <attribute name="heapSize specified" value="0" />
  <attribute name="Current GC Util" value="58" />
  <attribute name= "Current Time Running" value="27063" />
  <attribute name ="GC Interval" value="0" />
  <attribute name="ProportionalT" value="19.000000" />
  <attribute name="ProportionalI" value="19.000000" />
  <attribute name="ProportionalH" value="19.000000" />
  <attribute name="Current Error" value="38.000000" />
  <attribute name="IntegralT" value="0.000000" />
  <attribute name="IntegralI" value="0.000000" />
  <attribute name="IntegralH" value="0.000000" />
  <attribute name="DerivativeT" value="inf" />
  <attribute name="DerivativeI" value="inf" />
  <attribute name="DerivativeH" value="inf" />
  <attribute name="Loop Time for DT" value="0.000000" />
  <attribute name="Output H" value="8388608"/>
  <attribute name="Output I" value="200"/>
  <attribute name="Output T" value="1"/>
  <attribute name="Target GC Util Change" value ="20.000000" />
  <attribute name="Current GC Util Change" value="58.000000"/>
  <attribute name="GC Util currently" value="58" />
  <attribute name="CPU Util currently" value="20039655983909" />
<exclusive-end id="6615" timestamp="2019-06-15T00:50:21.118" durationms="3.133" />

<exclusive-start id="6616" timestamp="2019-06-15T00:50:21.121" intervalms="6.742">
  <response-info timems="0.077" idlems="0.077" threads="0" lastid="0000000001CEB700" lastname="main" />
</exclusive-start>
<allocation-taxation id="6617" taxation-threshold="11534336" timestamp="2019-06-15T00:50:21.121" intervalms="6.817" />
<gc-start id="6618" type="global mark phase" contextid="6596" timestamp="2019-06-15T00:50:21.122">
  <mem-info id="6619" free="30408704" total="68157440" percent="44">
    <remembered-set count="10400" freebytes="2679040" totalbytes="2720640" percent="98" regionsoverflowed="0" regionsstable="0" regionsrebuilding="18"/>
  </mem-info>
</gc-start>
<gc-end id="6620" type="global mark phase" contextid="6596" durationms="0.204" usertimems="0.000" systemtimems="0.000" timestamp="2019-06-15T00:50:21.122" activeThreads="1">
  <mem-info id="6621" free="30408704" total="68157440" percent="44">
    <remembered-set count="10400" freebytes="2679040" totalbytes="2720640" percent="98" regionsoverflowed="0" regionsstable="0" regionsrebuilding="18"/>
  </mem-info>
</gc-end>
<concurrent-start id="6622" type="GMP work packet processing" contextid="6596" timestamp="2019-06-15T00:50:21.122">
  <concurrent-mark-start scanTarget="1048576" />
</concurrent-start>
<exclusive-end id="6623" timestamp="2019-06-15T00:50:21.123" durationms="1.783" />

<concurrent-end id="6624" type="GMP work packet processing" contextid="6596" timestamp="2019-06-15T00:50:21.123">
  <concurrent-mark-end bytesScanned="1110204" reasonForTermination="Work target met" />
</concurrent-end>

<exclusive-start id="6625" timestamp="2019-06-15T00:50:21.127" intervalms="5.467">
  <response-info timems="0.071" idlems="0.071" threads="0" lastid="0000000001CEB700" lastname="main" />
</exclusive-start>
<allocation-taxation id="6626" taxation-threshold="11534336" timestamp="2019-06-15T00:50:21.127" intervalms="5.465" />
<cycle-start id="6627" type="partial gc" contextid="0" timestamp="2019-06-15T00:50:21.127" intervalms="12.396" />
<gc-start id="6628" type="partial gc" contextid="6627" timestamp="2019-06-15T00:50:21.127">
  <mem-info id="6629" free="18874368" total="68157440" percent="27">
    <mem type="eden" free="1048552" total="24117248" percent="4" />
    <remembered-set count="24384" freebytes="2623104" totalbytes="2720640" percent="96" regionsoverflowed="0" regionsstable="0" regionsrebuilding="18"/>
  </mem-info>
</gc-start>
<allocation-stats totalBytes="22990680" >
  <allocated-bytes non-tlh="0" tlh="22990680" arrayletleaf="0"/>
  <largest-consumer threadName="main" threadId="0000000001CEB700" bytes="11496584" />
</allocation-stats>
<gc-op id="6630" type="copy forward" timems="1.293" contextid="6627" timestamp="2019-06-15T00:50:21.130">
  <memory-copied type="eden" objects="1" bytes="24" bytesdiscarded="0" />
  <memory-copied type="other" objects="0" bytes="0" bytesdiscarded="0" />
  <memory-cardclean objects="17" bytes="440" />
  <regions eden="22" other="1" />
  <remembered-set-cleared processed="22315" cleared="14" durationms="0.249" />
  <stringconstants candidates="13269" cleared="0"  />
</gc-op>
<gc-op id="6631" type="classunload" timems="0.005" contextid="6627" timestamp="2019-06-15T00:50:21.130">
  <classunload-info classloadercandidates="53" classloadersunloaded="0" classesunloaded="0" anonymousclassesunloaded="0" quiescems="0.000" setupms="0.005" scanms="0.000" postms="0.000" />
</gc-op>
<gc-end id="6632" type="partial gc" contextid="6627" durationms="2.462" usertimems="0.000" systemtimems="0.000" timestamp="2019-06-15T00:50:21.130" activeThreads="1">
  <mem-info id="6633" free="41943040" total="68157440" percent="61">
    <mem type="eden" free="1048552" total="1048576" percent="99" />
    <remembered-set count="24832" freebytes="2621312" totalbytes="2720640" percent="96" regionsoverflowed="0" regionsstable="0" regionsrebuilding="18"/>
  </mem-info>
</gc-end>
<cycle-end id="6634" type="partial gc" contextid="6627" timestamp="2019-06-15T00:50:21.130" />
  <attribute name="elasticGC enabled" value="1" />
  <attribute name= "numThreadsSpecified" value="1" />
  <attribute name="heapSize specified" value="0" />
  <attribute name="Current GC Util" value="61" />
  <attribute name= "Current Time Running" value="27076" />
  <attribute name ="GC Interval" value="0" />
  <attribute name="ProportionalT" value="20.500000" />
  <attribute name="ProportionalI" value="20.500000" />
  <attribute name="ProportionalH" value="20.500000" />
  <attribute name="Current Error" value="41.000000" />
  <attribute name="IntegralT" value="0.000000" />
  <attribute name="IntegralI" value="0.000000" />
  <attribute name="IntegralH" value="0.000000" />
  <attribute name="DerivativeT" value="inf" />
  <attribute name="DerivativeI" value="inf" />
  <attribute name="DerivativeH" value="inf" />
  <attribute name="Loop Time for DT" value="0.000000" />
  <attribute name="Output H" value="8388608"/>
  <attribute name="Output I" value="200"/>
  <attribute name="Output T" value="1"/>
  <attribute name="Target GC Util Change" value ="20.000000" />
  <attribute name="Current GC Util Change" value="61.000000"/>
  <attribute name="GC Util currently" value="61" />
  <attribute name="CPU Util currently" value="19116351364222" />
<exclusive-end id="6635" timestamp="2019-06-15T00:50:21.130" durationms="3.645" />

<exclusive-start id="6636" timestamp="2019-06-15T00:50:21.134" intervalms="7.329">
  <response-info timems="0.076" idlems="0.076" threads="0" lastid="0000000001CEB700" lastname="main" />
</exclusive-start>
<allocation-taxation id="6637" taxation-threshold="11534336" timestamp="2019-06-15T00:50:21.134" intervalms="7.329" />
<gc-start id="6638" type="global mark phase" contextid="6596" timestamp="2019-06-15T00:50:21.134">
  <mem-info id="6639" free="30408704" total="68157440" percent="44">
    <remembered-set count="24352" freebytes="2623232" totalbytes="2720640" percent="96" regionsoverflowed="0" regionsstable="0" regionsrebuilding="18"/>
  </mem-info>
</gc-start>
<gc-end id="6640" type="global mark phase" contextid="6596" durationms="0.213" usertimems="0.000" systemtimems="0.000" timestamp="2019-06-15T00:50:21.135" activeThreads="1">
  <mem-info id="6641" free="30408704" total="68157440" percent="44">
    <remembered-set count="24352" freebytes="2623232" totalbytes="2720640" percent="96" regionsoverflowed="0" regionsstable="0" regionsrebuilding="18"/>
  </mem-info>
</gc-end>
<concurrent-start id="6642" type="GMP work packet processing" contextid="6596" timestamp="2019-06-15T00:50:21.135">
  <concurrent-mark-start scanTarget="1048576" />
</concurrent-start>
<exclusive-end id="6643" timestamp="2019-06-15T00:50:21.136" durationms="1.740" />

<concurrent-end id="6644" type="GMP work packet processing" contextid="6596" timestamp="2019-06-15T00:50:21.136">
  <concurrent-mark-end bytesScanned="1086472" reasonForTermination="Work target met" />
</concurrent-end>

<exclusive-start id="6645" timestamp="2019-06-15T00:50:21.139" intervalms="5.286">
  <response-info timems="0.056" idlems="0.056" threads="0" lastid="0000000001CEB700" lastname="main" />
</exclusive-start>
<allocation-taxation id="6646" taxation-threshold="11534336" timestamp="2019-06-15T00:50:21.140" intervalms="5.220" />
<cycle-start id="6647" type="partial gc" contextid="0" timestamp="2019-06-15T00:50:21.140" intervalms="12.528" />
<gc-start id="6648" type="partial gc" contextid="6647" timestamp="2019-06-15T00:50:21.140">
  <mem-info id="6649" free="18874368" total="68157440" percent="27">
    <mem type="eden" free="1048552" total="24117248" percent="4" />
    <remembered-set count="35360" freebytes="2579200" totalbytes="2720640" percent="94" regionsoverflowed="0" regionsstable="0" regionsrebuilding="18"/>
  </mem-info>
</gc-start>
<allocation-stats totalBytes="22990680" >
  <allocated-bytes non-tlh="0" tlh="22990680" arrayletleaf="0"/>
  <largest-consumer threadName="main" threadId="0000000001CEB700" bytes="11496584" />
</allocation-stats>
<gc-op id="6650" type="copy forward" timems="1.393" contextid="6647" timestamp="2019-06-15T00:50:21.142">
  <memory-copied type="eden" objects="1" bytes="24" bytesdiscarded="0" />
  <memory-copied type="other" objects="0" bytes="0" bytesdiscarded="0" />
  <memory-cardclean objects="17" bytes="440" />
  <regions eden="22" other="1" />
  <remembered-set-cleared processed="33160" cleared="5" durationms="0.319" />
  <stringconstants candidates="13269" cleared="0"  />
</gc-op>
<gc-op id="6651" type="classunload" timems="0.004" contextid="6647" timestamp="2019-06-15T00:50:21.142">
  <classunload-info classloadercandidates="53" classloadersunloaded="0" classesunloaded="0" anonymousclassesunloaded="0" quiescems="0.000" setupms="0.004" scanms="0.000" postms="0.000" />
</gc-op>
<gc-end id="6652" type="partial gc" contextid="6647" durationms="2.528" usertimems="4.000" systemtimems="0.000" timestamp="2019-06-15T00:50:21.143" activeThreads="1">
  <mem-info id="6653" free="41943040" total="68157440" percent="61">
    <mem type="eden" free="1048552" total="1048576" percent="99" />
    <remembered-set count="35840" freebytes="2577280" totalbytes="2720640" percent="94" regionsoverflowed="0" regionsstable="0" regionsrebuilding="18"/>
  </mem-info>
</gc-end>
<cycle-end id="6654" type="partial gc" contextid="6647" timestamp="2019-06-15T00:50:21.143" />
  <attribute name="elasticGC enabled" value="1" />
  <attribute name= "numThreadsSpecified" value="1" />
  <attribute name="heapSize specified" value="0" />
  <attribute name="Current GC Util" value="59" />
  <attribute name= "Current Time Running" value="27088" />
  <attribute name ="GC Interval" value="0" />
  <attribute name="ProportionalT" value="19.500000" />
  <attribute name="ProportionalI" value="19.500000" />
  <attribute name="ProportionalH" value="19.500000" />
  <attribute name="Current Error" value="39.000000" />
  <attribute name="IntegralT" value="0.000000" />
  <attribute name="IntegralI" value="0.000000" />
  <attribute name="IntegralH" value="0.000000" />
  <attribute name="DerivativeT" value="inf" />
  <attribute name="DerivativeI" value="inf" />
  <attribute name="DerivativeH" value="inf" />
  <attribute name="Loop Time for DT" value="0.000000" />
  <attribute name="Output H" value="8388608"/>
  <attribute name="Output I" value="200"/>
  <attribute name="Output T" value="1"/>
  <attribute name="Target GC Util Change" value ="20.000000" />
  <attribute name="Current GC Util Change" value="59.000000"/>
  <attribute name="GC Util currently" value="59" />
  <attribute name="CPU Util currently" value="19944926940265" />
<exclusive-end id="6655" timestamp="2019-06-15T00:50:21.143" durationms="3.622" />

<exclusive-start id="6656" timestamp="2019-06-15T00:50:21.147" intervalms="7.231">
  <response-info timems="0.077" idlems="0.077" threads="0" lastid="0000000001CEB700" lastname="main" />
</exclusive-start>
<allocation-taxation id="6657" taxation-threshold="11534336" timestamp="2019-06-15T00:50:21.147" intervalms="7.298" />
<gc-start id="6658" type="global mark phase" contextid="6596" timestamp="2019-06-15T00:50:21.147">
  <mem-info id="6659" free="30408704" total="68157440" percent="44">
    <remembered-set count="35360" freebytes="2579200" totalbytes="2720640" percent="94" regionsoverflowed="0" regionsstable="0" regionsrebuilding="18"/>
  </mem-info>
</gc-start>
<gc-end id="6660" type="global mark phase" contextid="6596" durationms="0.203" usertimems="0.000" systemtimems="0.000" timestamp="2019-06-15T00:50:21.147" activeThreads="1">
  <mem-info id="6661" free="30408704" total="68157440" percent="44">
    <remembered-set count="35360" freebytes="2579200" totalbytes="2720640" percent="94" regionsoverflowed="0" regionsstable="0" regionsrebuilding="18"/>
  </mem-info>
</gc-end>
<concurrent-start id="6662" type="GMP work packet processing" contextid="6596" timestamp="2019-06-15T00:50:21.147">
  <concurrent-mark-start scanTarget="1048576" />
</concurrent-start>
<concurrent-end id="6663" type="GMP work packet processing" contextid="6596" timestamp="2019-06-15T00:50:21.148">
  <concurrent-mark-end bytesScanned="1093144" reasonForTermination="Work target met" />
</concurrent-end>

<exclusive-end id="6664" timestamp="2019-06-15T00:50:21.148" durationms="1.670" />

<exclusive-start id="6665" timestamp="2019-06-15T00:50:21.152" intervalms="5.327">
  <response-info timems="0.072" idlems="0.072" threads="0" lastid="0000000001CEB700" lastname="main" />
</exclusive-start>
<allocation-taxation id="6666" taxation-threshold="11534336" timestamp="2019-06-15T00:50:21.152" intervalms="5.323" />
<cycle-start id="6667" type="partial gc" contextid="0" timestamp="2019-06-15T00:50:21.152" intervalms="12.606" />
<gc-start id="6668" type="partial gc" contextid="6667" timestamp="2019-06-15T00:50:21.153">
  <mem-info id="6669" free="18874368" total="68157440" percent="27">
    <mem type="eden" free="1048552" total="24117248" percent="4" />
    <remembered-set count="47264" freebytes="2531584" totalbytes="2720640" percent="93" regionsoverflowed="0" regionsstable="0" regionsrebuilding="18"/>
  </mem-info>
</gc-start>
<allocation-stats totalBytes="22990680" >
  <allocated-bytes non-tlh="0" tlh="22990680" arrayletleaf="0"/>
  <largest-consumer threadName="main" threadId="0000000001CEB700" bytes="11496584" />
</allocation-stats>
<gc-op id="6670" type="copy forward" timems="1.382" contextid="6667" timestamp="2019-06-15T00:50:21.155">
  <memory-copied type="eden" objects="1" bytes="24" bytesdiscarded="0" />
  <memory-copied type="other" objects="0" bytes="0" bytesdiscarded="0" />
  <memory-cardclean objects="17" bytes="440" />
  <regions eden="22" other="1" />
  <remembered-set-cleared processed="45222" cleared="5" durationms="0.364" />
  <stringconstants candidates="13269" cleared="0"  />
</gc-op>
<gc-op id="6671" type="classunload" timems="0.004" contextid="6667" timestamp="2019-06-15T00:50:21.155">
  <classunload-info classloadercandidates="53" classloadersunloaded="0" classesunloaded="0" anonymousclassesunloaded="0" quiescems="0.000" setupms="0.003" scanms="0.000" postms="0.000" />
</gc-op>
<gc-end id="6672" type="partial gc" contextid="6667" durationms="2.568" usertimems="4.000" systemtimems="0.000" timestamp="2019-06-15T00:50:21.155" activeThreads="1">
  <mem-info id="6673" free="41943040" total="68157440" percent="61">
    <mem type="eden" free="1048552" total="1048576" percent="99" />
    <remembered-set count="47744" freebytes="2529664" totalbytes="2720640" percent="92" regionsoverflowed="0" regionsstable="0" regionsrebuilding="18"/>
  </mem-info>
</gc-end>
<cycle-end id="6674" type="partial gc" contextid="6667" timestamp="2019-06-15T00:50:21.155" />
  <attribute name="elasticGC enabled" value="1" />
  <attribute name= "numThreadsSpecified" value="1" />
  <attribute name="heapSize specified" value="0" />
  <attribute name="Current GC Util" value="68" />
  <attribute name= "Current Time Running" value="27101" />
  <attribute name ="GC Interval" value="0" />
  <attribute name="ProportionalT" value="24.000000" />
  <attribute name="ProportionalI" value="24.000000" />
  <attribute name="ProportionalH" value="24.000000" />
  <attribute name="Current Error" value="48.000000" />
  <attribute name="IntegralT" value="0.000000" />
  <attribute name="IntegralI" value="0.000000" />
  <attribute name="IntegralH" value="0.000000" />
  <attribute name="DerivativeT" value="inf" />
  <attribute name="DerivativeI" value="inf" />
  <attribute name="DerivativeH" value="inf" />
  <attribute name="Loop Time for DT" value="0.000000" />
  <attribute name="Output H" value="8388608"/>
  <attribute name="Output I" value="200"/>
  <attribute name="Output T" value="1"/>
  <attribute name="Target GC Util Change" value ="20.000000" />
  <attribute name="Current GC Util Change" value="68.000000"/>
  <attribute name="GC Util currently" value="68" />
  <attribute name="CPU Util currently" value="18888972430335" />
<exclusive-end id="6675" timestamp="2019-06-15T00:50:21.156" durationms="3.729" />

<exclusive-start id="6676" timestamp="2019-06-15T00:50:21.159" intervalms="7.323">
  <response-info timems="0.068" idlems="0.068" threads="0" lastid="0000000001CEB700" lastname="main" />
</exclusive-start>
<allocation-taxation id="6677" taxation-threshold="11534336" timestamp="2019-06-15T00:50:21.159" intervalms="7.321" />
<gc-start id="6678" type="global mark phase" contextid="6596" timestamp="2019-06-15T00:50:21.160">
  <mem-info id="6679" free="30408704" total="68157440" percent="44">
    <remembered-set count="47264" freebytes="2531584" totalbytes="2720640" percent="93" regionsoverflowed="0" regionsstable="0" regionsrebuilding="18"/>
  </mem-info>
</gc-start>
<gc-end id="6680" type="global mark phase" contextid="6596" durationms="0.206" usertimems="0.000" systemtimems="0.000" timestamp="2019-06-15T00:50:21.160" activeThreads="1">
  <mem-info id="6681" free="30408704" total="68157440" percent="44">
    <remembered-set count="47264" freebytes="2531584" totalbytes="2720640" percent="93" regionsoverflowed="0" regionsstable="0" regionsrebuilding="18"/>
  </mem-info>
</gc-end>
<concurrent-start id="6682" type="GMP work packet processing" contextid="6596" timestamp="2019-06-15T00:50:21.160">
  <concurrent-mark-start scanTarget="1048576" />
</concurrent-start>
<exclusive-end id="6683" timestamp="2019-06-15T00:50:21.160" durationms="0.916" />

<concurrent-end id="6684" type="GMP work packet processing" contextid="6596" timestamp="2019-06-15T00:50:21.161">
  <concurrent-mark-end bytesScanned="1094184" reasonForTermination="Work target met" />
</concurrent-end>

<exclusive-start id="6685" timestamp="2019-06-15T00:50:21.164" intervalms="4.978">
  <response-info timems="0.072" idlems="0.072" threads="0" lastid="0000000001CEB700" lastname="main" />
</exclusive-start>
<allocation-taxation id="6686" taxation-threshold="11534336" timestamp="2019-06-15T00:50:21.164" intervalms="4.986" />
<cycle-start id="6687" type="partial gc" contextid="0" timestamp="2019-06-15T00:50:21.165" intervalms="12.377" />
<gc-start id="6688" type="partial gc" contextid="6687" timestamp="2019-06-15T00:50:21.165">
  <mem-info id="6689" free="18874368" total="68157440" percent="27">
    <mem type="eden" free="1048552" total="24117248" percent="4" />
    <remembered-set count="57056" freebytes="2492416" totalbytes="2720640" percent="91" regionsoverflowed="0" regionsstable="0" regionsrebuilding="18"/>
  </mem-info>
</gc-start>
<allocation-stats totalBytes="22990680" >
  <allocated-bytes non-tlh="0" tlh="22990680" arrayletleaf="0"/>
  <largest-consumer threadName="main" threadId="0000000001CEB700" bytes="11496584" />
</allocation-stats>
<gc-op id="6690" type="copy forward" timems="1.283" contextid="6687" timestamp="2019-06-15T00:50:21.167">
  <memory-copied type="eden" objects="1" bytes="24" bytesdiscarded="0" />
  <memory-copied type="other" objects="0" bytes="0" bytesdiscarded="0" />
  <memory-cardclean objects="17" bytes="440" />
  <regions eden="22" other="1" />
  <remembered-set-cleared processed="54414" cleared="5" durationms="0.414" />
  <stringconstants candidates="13269" cleared="0"  />
</gc-op>
<gc-op id="6691" type="classunload" timems="0.003" contextid="6687" timestamp="2019-06-15T00:50:21.167">
  <classunload-info classloadercandidates="53" classloadersunloaded="0" classesunloaded="0" anonymousclassesunloaded="0" quiescems="0.000" setupms="0.003" scanms="0.000" postms="0.000" />
</gc-op>
<gc-end id="6692" type="partial gc" contextid="6687" durationms="2.435" usertimems="4.000" systemtimems="0.000" timestamp="2019-06-15T00:50:21.167" activeThreads="1">
  <mem-info id="6693" free="41943040" total="68157440" percent="61">
    <mem type="eden" free="1048552" total="1048576" percent="99" />
    <remembered-set count="57504" freebytes="2490624" totalbytes="2720640" percent="91" regionsoverflowed="0" regionsstable="0" regionsrebuilding="18"/>
  </mem-info>
</gc-end>
<cycle-end id="6694" type="partial gc" contextid="6687" timestamp="2019-06-15T00:50:21.168" />
  <attribute name="elasticGC enabled" value="1" />
  <attribute name= "numThreadsSpecified" value="1" />
  <attribute name="heapSize specified" value="0" />
  <attribute name="Current GC Util" value="73" />
  <attribute name= "Current Time Running" value="27113" />
  <attribute name ="GC Interval" value="0" />
  <attribute name="ProportionalT" value="26.500000" />
  <attribute name="ProportionalI" value="26.500000" />
  <attribute name="ProportionalH" value="26.500000" />
  <attribute name="Current Error" value="53.000000" />
  <attribute name="IntegralT" value="0.000000" />
  <attribute name="IntegralI" value="0.000000" />
  <attribute name="IntegralH" value="0.000000" />
  <attribute name="DerivativeT" value="inf" />
  <attribute name="DerivativeI" value="inf" />
  <attribute name="DerivativeH" value="inf" />
  <attribute name="Loop Time for DT" value="0.000000" />
  <attribute name="Output H" value="8388608"/>
  <attribute name="Output I" value="200"/>
  <attribute name="Output T" value="1"/>
  <attribute name="Target GC Util Change" value ="20.000000" />
  <attribute name="Current GC Util Change" value="73.000000"/>
  <attribute name="GC Util currently" value="73" />
  <attribute name="CPU Util currently" value="18502027866641" />
<exclusive-end id="6695" timestamp="2019-06-15T00:50:21.168" durationms="3.674" />

<exclusive-start id="6696" timestamp="2019-06-15T00:50:21.172" intervalms="7.278">
  <response-info timems="0.069" idlems="0.069" threads="0" lastid="0000000001CEB700" lastname="main" />
</exclusive-start>
<allocation-taxation id="6697" taxation-threshold="11534336" timestamp="2019-06-15T00:50:21.172" intervalms="7.258" />
<gc-start id="6698" type="global mark phase" contextid="6596" timestamp="2019-06-15T00:50:21.172">
  <mem-info id="6699" free="30408704" total="68157440" percent="44">
    <remembered-set count="57056" freebytes="2492416" totalbytes="2720640" percent="91" regionsoverflowed="0" regionsstable="0" regionsrebuilding="18"/>
  </mem-info>
</gc-start>
<gc-end id="6700" type="global mark phase" contextid="6596" durationms="0.204" usertimems="0.000" systemtimems="0.000" timestamp="2019-06-15T00:50:21.172" activeThreads="1">
  <mem-info id="6701" free="30408704" total="68157440" percent="44">
    <remembered-set count="57056" freebytes="2492416" totalbytes="2720640" percent="91" regionsoverflowed="0" regionsstable="0" regionsrebuilding="18"/>
  </mem-info>
</gc-end>
<concurrent-start id="6702" type="GMP work packet processing" contextid="6596" timestamp="2019-06-15T00:50:21.172">
  <concurrent-mark-start scanTarget="1048576" />
</concurrent-start>
<exclusive-end id="6703" timestamp="2019-06-15T00:50:21.172" durationms="0.909" />

<concurrent-end id="6704" type="GMP work packet processing" contextid="6596" timestamp="2019-06-15T00:50:21.173">
  <concurrent-mark-end bytesScanned="1082216" reasonForTermination="Work target met" />
</concurrent-end>

<exclusive-start id="6705" timestamp="2019-06-15T00:50:21.176" intervalms="4.967">
  <response-info timems="0.066" idlems="0.066" threads="0" lastid="0000000001CEB700" lastname="main" />
</exclusive-start>
<allocation-taxation id="6706" taxation-threshold="11534336" timestamp="2019-06-15T00:50:21.177" intervalms="4.929" />
<cycle-start id="6707" type="partial gc" contextid="0" timestamp="2019-06-15T00:50:21.177" intervalms="12.181" />
<gc-start id="6708" type="partial gc" contextid="6707" timestamp="2019-06-15T00:50:21.177">
  <mem-info id="6709" free="18874368" total="68157440" percent="27">
    <mem type="eden" free="1048552" total="24117248" percent="4" />
    <remembered-set count="66784" freebytes="2453504" totalbytes="2720640" percent="90" regionsoverflowed="0" regionsstable="0" regionsrebuilding="18"/>
  </mem-info>
</gc-start>
<allocation-stats totalBytes="22990680" >
  <allocated-bytes non-tlh="0" tlh="22990680" arrayletleaf="0"/>
  <largest-consumer threadName="main" threadId="0000000001CEB700" bytes="11496584" />
</allocation-stats>
<gc-op id="6710" type="copy forward" timems="1.798" contextid="6707" timestamp="2019-06-15T00:50:21.180">
  <memory-copied type="eden" objects="1" bytes="24" bytesdiscarded="0" />
  <memory-copied type="other" objects="0" bytes="0" bytesdiscarded="0" />
  <memory-cardclean objects="17" bytes="440" />
  <regions eden="22" other="1" />
  <remembered-set-cleared processed="64425" cleared="5" durationms="0.299" />
  <stringconstants candidates="13269" cleared="0"  />
</gc-op>
<gc-op id="6711" type="classunload" timems="0.004" contextid="6707" timestamp="2019-06-15T00:50:21.180">
  <classunload-info classloadercandidates="53" classloadersunloaded="0" classesunloaded="0" anonymousclassesunloaded="0" quiescems="0.000" setupms="0.004" scanms="0.000" postms="0.000" />
</gc-op>
<gc-end id="6712" type="partial gc" contextid="6707" durationms="2.917" usertimems="0.000" systemtimems="4.000" timestamp="2019-06-15T00:50:21.180" activeThreads="4">
  <mem-info id="6713" free="41943040" total="68157440" percent="61">
    <mem type="eden" free="1048552" total="1048576" percent="99" />
    <remembered-set count="66272" freebytes="2455552" totalbytes="2720640" percent="90" regionsoverflowed="0" regionsstable="0" regionsrebuilding="18"/>
  </mem-info>
</gc-end>
<cycle-end id="6714" type="partial gc" contextid="6707" timestamp="2019-06-15T00:50:21.180" />
  <attribute name="elasticGC enabled" value="1" />
  <attribute name= "numThreadsSpecified" value="4" />
  <attribute name="heapSize specified" value="0" />
  <attribute name="Current GC Util" value="75" />
  <attribute name= "Current Time Running" value="27126" />
  <attribute name ="GC Interval" value="0" />
  <attribute name="ProportionalT" value="27.500000" />
  <attribute name="ProportionalI" value="27.500000" />
  <attribute name="ProportionalH" value="27.500000" />
  <attribute name="Current Error" value="55.000000" />
  <attribute name="IntegralT" value="55.000000" />
  <attribute name="IntegralI" value="55.000000" />
  <attribute name="IntegralH" value="55.000000" />
  <attribute name="DerivativeT" value="22.000000" />
  <attribute name="DerivativeI" value="22.000000" />
  <attribute name="DerivativeH" value="22.000000" />
  <attribute name="Loop Time for DT" value="1.000000" />
  <attribute name="Output H" value="8388608"/>
  <attribute name="Output I" value="200"/>
  <attribute name="Output T" value="4"/>
  <attribute name="Target GC Util Change" value ="20.000000" />
  <attribute name="Current GC Util Change" value="75.000000"/>
  <attribute name="GC Util currently" value="75" />
  <attribute name="CPU Util currently" value="18315458599728" />
<exclusive-end id="6715" timestamp="2019-06-15T00:50:21.181" durationms="4.050" />

<exclusive-start id="6716" timestamp="2019-06-15T00:50:21.184" intervalms="7.678">
  <response-info timems="0.074" idlems="0.074" threads="0" lastid="0000000001CEB700" lastname="main" />
</exclusive-start>
<allocation-taxation id="6717" taxation-threshold="11534336" timestamp="2019-06-15T00:50:21.184" intervalms="7.659" />
<gc-start id="6718" type="global mark phase" contextid="6596" timestamp="2019-06-15T00:50:21.185">
  <mem-info id="6719" free="30408704" total="68157440" percent="44">
    <remembered-set count="66272" freebytes="2455552" totalbytes="2720640" percent="90" regionsoverflowed="0" regionsstable="0" regionsrebuilding="18"/>
  </mem-info>
</gc-start>
<gc-end id="6720" type="global mark phase" contextid="6596" durationms="0.152" usertimems="0.000" systemtimems="0.000" timestamp="2019-06-15T00:50:21.185" activeThreads="4">
  <mem-info id="6721" free="30408704" total="68157440" percent="44">
    <remembered-set count="66272" freebytes="2455552" totalbytes="2720640" percent="90" regionsoverflowed="0" regionsstable="0" regionsrebuilding="18"/>
  </mem-info>
</gc-end>
<concurrent-start id="6722" type="GMP work packet processing" contextid="6596" timestamp="2019-06-15T00:50:21.185">
  <concurrent-mark-start scanTarget="1573288" />
</concurrent-start>
