<?xml version="1.0" ?>

<verbosegc xmlns="http://www.ibm.com/j9/verbosegc" version="10b4217_CMPRSS">

<initialized id="1" timestamp="2019-06-15T00:49:22.946">
  <attribute name="gcPolicy" value="-Xgcpolicy:balanced" />
  <attribute name="elasticGC enabled" value="1" />
  <attribute name= "numThreadsSpecified" value="0" />
  <attribute name="heapSize specified" value="0" />
  <attribute name="Current GC Util" value="0" />
  <attribute name= "Current Time Running" value="0" />
  <attribute name ="GC Interval" value="0" />
  <attribute name="ProportionalT" value="0.000000" />
  <attribute name="ProportionalI" value="0.000000" />
  <attribute name="ProportionalH" value="0.000000" />
  <attribute name="IntegralT" value="0.000000" />
  <attribute name="IntegralI" value="0.000000" />
  <attribute name="IntegralH" value="0.000000" />
  <attribute name="DerivativeT" value="0.000000" />
  <attribute name="DerivativeI" value="0.000000" />
  <attribute name="DerivativeH" value="0.000000" />
  <attribute name="Target GC Util Change" value ="0.000000" />
  <attribute name="Current GC Util Change" value="0.000000"/>
  <attribute name="Current Error" value="0.000000" />
  <attribute name="Loop Time for DT" value="0.000000" />
  <attribute name="Output H" value="0"/>
  <attribute name="Output I" value="0"/>
  <attribute name="Output T" value="0"/>
  <attribute name="GC Util currently" value="0" />
  <attribute name="CPU Util currently" value="0" />
  <attribute name="maxHeapSize" value="0x7cb00000" />
  <attribute name="initialHeapSize" value="0x800000" />
  <attribute name="compressedRefs" value="true" />
  <attribute name="compressedRefsDisplacement" value="0x0" />
  <attribute name="compressedRefsShift" value="0x0" />
  <attribute name="pageSize" value="0x1000" />
  <attribute name="pageType" value="not used" />
  <attribute name="requestedPageSize" value="0x1000" />
  <attribute name="requestedPageType" value="not used" />
  <attribute name="gcthreads" value="4" />
  <attribute name="packetListSplit" value="4" />
  <attribute name="cacheListSplit" value="4" />
  <attribute name="splitFreeListSplitAmount" value="1" />
  <attribute name="numaNodes" value="0" />
  <region>
    <attribute name="regionSize" value="1048576" />
    <attribute name="regionCount" value="1995" />
    <attribute name="arrayletLeafSize" value="1048576" />
  </region>
  <system>
    <attribute name="physicalMemory" value="8370962432" />
    <attribute name="numCPUs" value="4" />
    <attribute name="architecture" value="amd64" />
    <attribute name="os" value="Linux" />
    <attribute name="osVersion" value="4.4.0-148-generic" />
  </system>
  <vmargs>
    <vmarg name="-Xoptionsfile=/vagrant/jdk/lib/options.default" />
    <vmarg name="-Xlockword:mode=default,noLockword=java/lang/String,noLockword=java/util/MapEntry,noLockword=java/util/HashMap$Entry,noLockword..." />
    <vmarg name="-Xjcl:jclse29" />
    <vmarg name="-Dcom.ibm.oti.vm.bootstrap.library.path=/vagrant/jdk/lib/compressedrefs:/vagrant/jdk/lib" />
    <vmarg name="-Dsun.boot.library.path=/vagrant/jdk/lib/compressedrefs:/vagrant/jdk/lib" />
    <vmarg name="-Djava.library.path=/vagrant/jdk/lib/compressedrefs:/vagrant/jdk/lib:/usr/lib64:/usr/lib" />
    <vmarg name="-Djava.home=/vagrant/jdk" />
    <vmarg name="-Duser.dir=/vagrant" />
    <vmarg name="-Xgcpolicy:balanced" />
    <vmarg name="-Xgcelastic" />
    <vmarg name="-Xcheck:gc:::elasticGC" />
    <vmarg name="-verbose:gc" />
    <vmarg name="-Xloggc:large-Balanced-jdk0.5-1-0.5-verbose7jython.txt" />
    <vmarg name="-Djava.class.path=dacapo-9.12-MR1-bach.jar" />
    <vmarg name="-Dsun.java.command=dacapo-9.12-MR1-bach.jar jython --size=large" />
    <vmarg name="-Dsun.java.launcher=SUN_STANDARD" />
    <vmarg name="-Dsun.java.launcher.pid=30781" />
  </vmargs>
</initialized>

<exclusive-start id="2" timestamp="2019-06-15T00:49:24.855" intervalms="1908.792">
  <response-info timems="0.023" idlems="0.023" threads="0" lastid="000000000118C700" lastname="main" />
</exclusive-start>
<allocation-taxation id="3" taxation-threshold="8388608" timestamp="2019-06-15T00:49:24.855" intervalms="1909.043" />
<cycle-start id="4" type="partial gc" contextid="0" timestamp="2019-06-15T00:49:24.856" intervalms="1909.274" />
<gc-start id="5" type="partial gc" contextid="4" timestamp="2019-06-15T00:49:24.856">
  <mem-info id="6" free="0" total="8388608" percent="0">
    <mem type="eden" free="80" total="8388608" percent="0" />
    <remembered-set count="0" freebytes="334848" totalbytes="334848" percent="100" regionsoverflowed="0" regionsstable="0" regionsrebuilding="0"/>
  </mem-info>
</gc-start>
<allocation-stats totalBytes="8351184" >
  <allocated-bytes non-tlh="357600" tlh="7993584" arrayletleaf="0"/>
  <largest-consumer threadName="main" threadId="000000000118C700" bytes="8273656" />
</allocation-stats>
<gc-op id="7" type="mark" timems="2.726" contextid="4" timestamp="2019-06-15T00:49:24.860">
  <trace-info objectcount="17715" scancount="14028" scanbytes="460928" />
  <remembered-set-cleared processed="0" cleared="0" durationms="0.149" />
  <finalization candidates="14" enqueued="1" />
  <references type="soft" candidates="63" cleared="0" enqueued="0" dynamicThreshold="32" maxThreshold="32" />
  <references type="weak" candidates="544" cleared="401" enqueued="362" />
  <references type="phantom" candidates="105" cleared="44" enqueued="44" />
  <stringconstants candidates="2406" cleared="0"  />
  <warning details="Mark for calibration purposes" />
</gc-op>
<gc-op id="8" type="classunload" timems="0.121" contextid="4" timestamp="2019-06-15T00:49:24.860">
  <classunload-info classloadercandidates="5" classloadersunloaded="0" classesunloaded="0" anonymousclassesunloaded="0" quiescems="0.000" setupms="0.121" scanms="0.000" postms="0.000" />
</gc-op>
<gc-op id="9" type="sweep" timems="0.546" contextid="4" timestamp="2019-06-15T00:49:24.861" />
<gc-op id="10" type="compact" timems="4.027" contextid="4" timestamp="2019-06-15T00:49:24.865">
  <compact-info movecount="17715" movebytes="963352" />
  <remembered-set-cleared processed="0" cleared="0" durationms="0.149" />
</gc-op>
<gc-end id="11" type="partial gc" contextid="4" durationms="10.088" usertimems="4.000" systemtimems="4.000" timestamp="2019-06-15T00:49:24.866" activeThreads="4">
  <mem-info id="12" free="7340032" total="8388608" percent="87">
    <mem type="eden" free="85224" total="1048576" percent="8" />
    <pending-finalizers system="1" default="0" reference="406" classloader="0" />
    <remembered-set count="0" freebytes="334848" totalbytes="334848" percent="100" regionsoverflowed="0" regionsstable="0" regionsrebuilding="0"/>
  </mem-info>
</gc-end>
<cycle-end id="13" type="partial gc" contextid="4" timestamp="2019-06-15T00:49:24.866" />
  <attribute name="elasticGC enabled" value="1" />
  <attribute name= "numThreadsSpecified" value="4" />
  <attribute name="heapSize specified" value="0" />
  <attribute name="Current GC Util" value="30" />
  <attribute name= "Current Time Running" value="1756" />
  <attribute name ="GC Interval" value="0" />
  <attribute name="ProportionalT" value="5.000000" />
  <attribute name="ProportionalI" value="5.000000" />
  <attribute name="ProportionalH" value="5.000000" />
  <attribute name="Current Error" value="10.000000" />
  <attribute name="IntegralT" value="-34758.000000" />
  <attribute name="IntegralI" value="-34758.000000" />
  <attribute name="IntegralH" value="-34758.000000" />
  <attribute name="DerivativeT" value="-20.500000" />
  <attribute name="DerivativeI" value="-20.500000" />
  <attribute name="DerivativeH" value="-20.500000" />
  <attribute name="Loop Time for DT" value="1.000000" />
  <attribute name="Output H" value="2091843584"/>
  <attribute name="Output I" value="200"/>
  <attribute name="Output T" value="4"/>
  <attribute name="Target GC Util Change" value ="20.000000" />
  <attribute name="Current GC Util Change" value="30.000000"/>
  <attribute name="GC Util currently" value="30" />
  <attribute name="CPU Util currently" value="5007107295704" />
<exclusive-end id="14" timestamp="2019-06-15T00:49:24.866" durationms="11.177" />

<exclusive-start id="15" timestamp="2019-06-15T00:49:25.477" intervalms="621.715">
  <response-info timems="0.067" idlems="0.067" threads="0" lastid="000000000118C700" lastname="main" />
</exclusive-start>
<allocation-taxation id="16" taxation-threshold="7340032" timestamp="2019-06-15T00:49:25.477" intervalms="621.623" />
<cycle-start id="17" type="partial gc" contextid="0" timestamp="2019-06-15T00:49:25.477" intervalms="621.549" />
<gc-start id="18" type="partial gc" contextid="17" timestamp="2019-06-15T00:49:25.477">
  <mem-info id="19" free="0" total="8388608" percent="0">
    <mem type="eden" free="85224" total="8388608" percent="1" />
    <remembered-set count="0" freebytes="334848" totalbytes="334848" percent="100" regionsoverflowed="0" regionsstable="0" regionsrebuilding="0"/>
  </mem-info>
</gc-start>
<allocation-stats totalBytes="7327416" >
  <allocated-bytes non-tlh="415960" tlh="6911456" arrayletleaf="0"/>
  <largest-consumer threadName="main" threadId="000000000118C700" bytes="7319136" />
</allocation-stats>
<gc-op id="20" type="mark" timems="1.646" contextid="17" timestamp="2019-06-15T00:49:25.480">
  <trace-info objectcount="18997" scancount="15053" scanbytes="510848" />
  <remembered-set-cleared processed="0" cleared="0" durationms="0.040" />
  <finalization candidates="22" enqueued="0" />
  <ownableSynchronizers candidates="16" cleared="0" />
  <references type="soft" candidates="67" cleared="0" enqueued="0" dynamicThreshold="28" maxThreshold="32" />
  <references type="weak" candidates="683" cleared="364" enqueued="256" />
  <references type="phantom" candidates="88" cleared="2" enqueued="2" />
  <stringconstants candidates="2596" cleared="0"  />
  <warning details="Mark invoked due to insufficient free space for Copy-Forward" />
</gc-op>
<gc-op id="21" type="classunload" timems="0.001" contextid="17" timestamp="2019-06-15T00:49:25.480">
  <classunload-info classloadercandidates="6" classloadersunloaded="0" classesunloaded="0" anonymousclassesunloaded="0" quiescems="0.000" setupms="0.001" scanms="0.000" postms="0.000" />
</gc-op>
<gc-op id="22" type="sweep" timems="0.465" contextid="17" timestamp="2019-06-15T00:49:25.480" />
<gc-op id="23" type="compact" timems="3.277" contextid="17" timestamp="2019-06-15T00:49:25.484">
  <compact-info movecount="18993" movebytes="1501904" />
  <remembered-set-cleared processed="0" cleared="0" durationms="0.044" />
</gc-op>
<gc-end id="24" type="partial gc" contextid="17" durationms="6.913" usertimems="4.000" systemtimems="0.000" timestamp="2019-06-15T00:49:25.484" activeThreads="4">
  <mem-info id="25" free="6291456" total="8388608" percent="75">
    <mem type="eden" free="594984" total="2097152" percent="28" />
    <pending-finalizers system="0" default="0" reference="258" classloader="0" />
    <remembered-set count="1536" freebytes="328704" totalbytes="334848" percent="98" regionsoverflowed="0" regionsstable="0" regionsrebuilding="0"/>
  </mem-info>
</gc-end>
<cycle-end id="26" type="partial gc" contextid="17" timestamp="2019-06-15T00:49:25.485" />
  <attribute name="elasticGC enabled" value="1" />
  <attribute name= "numThreadsSpecified" value="4" />
  <attribute name="heapSize specified" value="0" />
  <attribute name="Current GC Util" value="22" />
  <attribute name= "Current Time Running" value="2376" />
  <attribute name ="GC Interval" value="0" />
  <attribute name="ProportionalT" value="1.000000" />
  <attribute name="ProportionalI" value="1.000000" />
  <attribute name="ProportionalH" value="1.000000" />
  <attribute name="Current Error" value="2.000000" />
  <attribute name="IntegralT" value="2.000000" />
  <attribute name="IntegralI" value="2.000000" />
  <attribute name="IntegralH" value="2.000000" />
  <attribute name="DerivativeT" value="1.000000" />
  <attribute name="DerivativeI" value="1.000000" />
  <attribute name="DerivativeH" value="1.000000" />
  <attribute name="Loop Time for DT" value="1.000000" />
  <attribute name="Output H" value="8388608"/>
  <attribute name="Output I" value="200"/>
  <attribute name="Output T" value="4"/>
  <attribute name="Target GC Util Change" value ="20.000000" />
  <attribute name="Current GC Util Change" value="22.000000"/>
  <attribute name="GC Util currently" value="22" />
  <attribute name="CPU Util currently" value="5767686025147" />
<exclusive-end id="27" timestamp="2019-06-15T00:49:25.485" durationms="7.889" />

<exclusive-start id="28" timestamp="2019-06-15T00:49:25.612" intervalms="135.135">
  <response-info timems="0.094" idlems="0.094" threads="0" lastid="000000000118C700" lastname="main" />
</exclusive-start>
<allocation-taxation id="29" taxation-threshold="3145728" timestamp="2019-06-15T00:49:25.612" intervalms="135.148" />
<cycle-start id="30" type="global mark phase" contextid="0" timestamp="2019-06-15T00:49:25.612" intervalms="2666.127" />
<gc-start id="31" type="global mark phase" contextid="30" timestamp="2019-06-15T00:49:25.613">
  <mem-info id="32" free="3145728" total="8388608" percent="37">
    <remembered-set count="1536" freebytes="328704" totalbytes="334848" percent="98" regionsoverflowed="0" regionsstable="0" regionsrebuilding="0"/>
  </mem-info>
</gc-start>
<gc-op id="33" type="mark increment" timems="1.102" contextid="30" timestamp="2019-06-15T00:49:25.614">
  <trace-info objectcount="108" scancount="0" scanbytes="0" />
</gc-op>
<gc-end id="34" type="global mark phase" contextid="30" durationms="1.251" usertimems="0.000" systemtimems="0.000" timestamp="2019-06-15T00:49:25.614" activeThreads="1">
  <mem-info id="35" free="3145728" total="8388608" percent="37">
    <remembered-set count="1536" freebytes="328704" totalbytes="334848" percent="98" regionsoverflowed="0" regionsstable="0" regionsrebuilding="0"/>
  </mem-info>
</gc-end>
<concurrent-start id="36" type="GMP work packet processing" contextid="30" timestamp="2019-06-15T00:49:25.614">
  <concurrent-mark-start scanTarget="18446744073709551615" />
</concurrent-start>
<exclusive-end id="37" timestamp="2019-06-15T00:49:25.614" durationms="1.978" />

<concurrent-end id="38" type="GMP work packet processing" contextid="30" timestamp="2019-06-15T00:49:25.616">
  <concurrent-mark-end bytesScanned="782020" reasonForTermination="Completed all work in GC phase" />
</concurrent-end>

<exclusive-start id="39" timestamp="2019-06-15T00:49:25.705" intervalms="92.830">
  <response-info timems="0.058" idlems="0.058" threads="0" lastid="000000000118C700" lastname="main" />
</exclusive-start>
<allocation-taxation id="40" taxation-threshold="3145728" timestamp="2019-06-15T00:49:25.705" intervalms="92.790" />
<cycle-start id="41" type="partial gc" contextid="0" timestamp="2019-06-15T00:49:25.705" intervalms="227.903" />
<gc-start id="42" type="partial gc" contextid="41" timestamp="2019-06-15T00:49:25.705">
  <mem-info id="43" free="0" total="8388608" percent="0">
    <mem type="eden" free="0" total="6291456" percent="0" />
    <remembered-set count="1536" freebytes="328704" totalbytes="334848" percent="98" regionsoverflowed="0" regionsstable="0" regionsrebuilding="0"/>
  </mem-info>
</gc-start>
<allocation-stats totalBytes="6283776" >
  <allocated-bytes non-tlh="267200" tlh="6016576" arrayletleaf="0"/>
  <largest-consumer threadName="main" threadId="000000000118C700" bytes="3142200" />
</allocation-stats>
<gc-op id="44" type="mark" timems="2.168" contextid="41" timestamp="2019-06-15T00:49:25.708">
  <trace-info objectcount="19756" scancount="15732" scanbytes="525968" />
  <cardclean-info objects="810" bytes="35300" />
  <remembered-set-cleared processed="206" cleared="206" durationms="0.046" />
  <finalization candidates="50" enqueued="1" />
  <ownableSynchronizers candidates="17" cleared="0" />
  <references type="soft" candidates="368" cleared="0" enqueued="0" dynamicThreshold="12" maxThreshold="32" />
  <references type="weak" candidates="1254" cleared="157" enqueued="143" />
  <references type="phantom" candidates="41" cleared="4" enqueued="4" />
  <stringconstants candidates="4544" cleared="0"  />
  <warning details="Mark invoked due to insufficient free space for Copy-Forward" />
</gc-op>
<gc-op id="45" type="classunload" timems="0.002" contextid="41" timestamp="2019-06-15T00:49:25.708">
  <classunload-info classloadercandidates="10" classloadersunloaded="0" classesunloaded="0" anonymousclassesunloaded="0" quiescems="0.000" setupms="0.002" scanms="0.000" postms="0.000" />
</gc-op>
<gc-op id="46" type="sweep" timems="0.979" contextid="41" timestamp="2019-06-15T00:49:25.709" />
<gc-op id="47" type="compact" timems="2.680" contextid="41" timestamp="2019-06-15T00:49:25.712">
  <compact-info movecount="19750" movebytes="1357792" />
  <remembered-set-cleared processed="3250" cleared="3250" durationms="0.056" />
</gc-op>
<heap-resize id="48" type="contract" space="default" amount="1048576" count="1" timems="0.164" reason="insufficient time being spent in gc" timestamp="2019-06-15T00:49:25.713" />
<gc-end id="49" type="partial gc" contextid="41" durationms="7.610" usertimems="8.000" systemtimems="0.000" timestamp="2019-06-15T00:49:25.713" activeThreads="4">
  <mem-info id="50" free="4194304" total="7340032" percent="57">
    <mem type="eden" free="395888" total="1048576" percent="37" />
    <pending-finalizers system="1" default="0" reference="147" classloader="0" />
    <remembered-set count="2560" freebytes="324608" totalbytes="334848" percent="96" regionsoverflowed="0" regionsstable="0" regionsrebuilding="0"/>
  </mem-info>
</gc-end>
<cycle-end id="51" type="partial gc" contextid="41" timestamp="2019-06-15T00:49:25.713" />
  <attribute name="elasticGC enabled" value="1" />
  <attribute name= "numThreadsSpecified" value="4" />
  <attribute name="heapSize specified" value="0" />
  <attribute name="Current GC Util" value="116" />
  <attribute name= "Current Time Running" value="2604" />
  <attribute name ="GC Interval" value="0" />
  <attribute name="ProportionalT" value="48.000000" />
  <attribute name="ProportionalI" value="48.000000" />
  <attribute name="ProportionalH" value="48.000000" />
  <attribute name="Current Error" value="96.000000" />
  <attribute name="IntegralT" value="96.000000" />
  <attribute name="IntegralI" value="96.000000" />
  <attribute name="IntegralH" value="96.000000" />
  <attribute name="DerivativeT" value="48.000000" />
  <attribute name="DerivativeI" value="48.000000" />
  <attribute name="DerivativeH" value="48.000000" />
  <attribute name="Loop Time for DT" value="1.000000" />
  <attribute name="Output H" value="8388608"/>
  <attribute name="Output I" value="200"/>
  <attribute name="Output T" value="4"/>
  <attribute name="Target GC Util Change" value ="20.000000" />
  <attribute name="Current GC Util Change" value="116.000000"/>
  <attribute name="GC Util currently" value="116" />
  <attribute name="CPU Util currently" value="3734902675270" />
<exclusive-end id="52" timestamp="2019-06-15T00:49:25.713" durationms="8.537" />

<exclusive-start id="53" timestamp="2019-06-15T00:49:28.942" intervalms="3236.972">
  <response-info timems="0.059" idlems="0.059" threads="0" lastid="000000000118C700" lastname="main" />
</exclusive-start>
<allocation-taxation id="54" taxation-threshold="2097152" timestamp="2019-06-15T00:49:28.942" intervalms="3236.945" />
<gc-start id="55" type="global mark phase" contextid="30" timestamp="2019-06-15T00:49:28.942">
  <mem-info id="56" free="2097152" total="7340032" percent="28">
    <remembered-set count="2560" freebytes="324608" totalbytes="334848" percent="96" regionsoverflowed="0" regionsstable="0" regionsrebuilding="0"/>
  </mem-info>
</gc-start>
<gc-op id="57" type="mark increment" timems="2.764" contextid="30" timestamp="2019-06-15T00:49:28.945">
  <trace-info objectcount="22676" scancount="18346" scanbytes="625308" />
  <cardclean-info objects="880" bytes="38064" />
  <finalization candidates="64" enqueued="0" />
  <ownableSynchronizers candidates="17" cleared="0" />
  <references type="soft" candidates="584" cleared="0" enqueued="0" dynamicThreshold="18" maxThreshold="32" />
  <references type="weak" candidates="1426" cleared="13" enqueued="13" />
  <references type="phantom" candidates="96" cleared="2" enqueued="2" />
  <stringconstants candidates="4901" cleared="0"  />
</gc-op>
<gc-op id="58" type="classunload" timems="0.004" contextid="30" timestamp="2019-06-15T00:49:28.945">
  <classunload-info classloadercandidates="10" classloadersunloaded="0" classesunloaded="0" anonymousclassesunloaded="0" quiescems="0.000" setupms="0.003" scanms="0.000" postms="0.000" />
</gc-op>
<gc-end id="59" type="global mark phase" contextid="30" durationms="3.045" usertimems="0.000" systemtimems="8.000" timestamp="2019-06-15T00:49:28.945" activeThreads="4">
  <mem-info id="60" free="2097152" total="7340032" percent="28">
    <pending-finalizers system="0" default="0" reference="15" classloader="0" />
    <remembered-set count="2560" freebytes="324608" totalbytes="334848" percent="96" regionsoverflowed="0" regionsstable="0" regionsrebuilding="0"/>
  </mem-info>
</gc-end>
<cycle-end id="61" type="global mark phase" contextid="30" timestamp="2019-06-15T00:49:28.945" />
  <attribute name="elasticGC enabled" value="1" />
  <attribute name= "numThreadsSpecified" value="4" />
  <attribute name="heapSize specified" value="0" />
  <attribute name="Current GC Util" value="111" />
  <attribute name= "Current Time Running" value="5839" />
  <attribute name ="GC Interval" value="0" />
  <attribute name="ProportionalT" value="45.500000" />
  <attribute name="ProportionalI" value="45.500000" />
  <attribute name="ProportionalH" value="45.500000" />
  <attribute name="Current Error" value="91.000000" />
  <attribute name="IntegralT" value="91.000000" />
  <attribute name="IntegralI" value="91.000000" />
  <attribute name="IntegralH" value="91.000000" />
  <attribute name="DerivativeT" value="19.000000" />
  <attribute name="DerivativeI" value="19.000000" />
  <attribute name="DerivativeH" value="19.000000" />
  <attribute name="Loop Time for DT" value="1.000000" />
  <attribute name="Output H" value="8388608"/>
  <attribute name="Output I" value="200"/>
  <attribute name="Output T" value="4"/>
  <attribute name="Target GC Util Change" value ="20.000000" />
  <attribute name="Current GC Util Change" value="111.000000"/>
  <attribute name="GC Util currently" value="111" />
  <attribute name="CPU Util currently" value="4428849810907" />
<exclusive-end id="62" timestamp="2019-06-15T00:49:28.945" durationms="3.509" />

<exclusive-start id="63" timestamp="2019-06-15T00:49:28.995" intervalms="53.293">
  <response-info timems="0.026" idlems="0.026" threads="0" lastid="000000000118C700" lastname="main" />
</exclusive-start>
<allocation-taxation id="64" taxation-threshold="2097152" timestamp="2019-06-15T00:49:28.995" intervalms="53.281" />
<cycle-start id="65" type="partial gc" contextid="0" timestamp="2019-06-15T00:49:28.995" intervalms="3290.186" />
<gc-start id="66" type="partial gc" contextid="65" timestamp="2019-06-15T00:49:28.995">
  <mem-info id="67" free="0" total="7340032" percent="0">
    <mem type="eden" free="0" total="4194304" percent="0" />
    <remembered-set count="2560" freebytes="324608" totalbytes="334848" percent="96" regionsoverflowed="0" regionsstable="0" regionsrebuilding="0"/>
  </mem-info>
</gc-start>
<allocation-stats totalBytes="4159056" >
  <allocated-bytes non-tlh="80040" tlh="4079016" arrayletleaf="0"/>
  <largest-consumer threadName="main" threadId="000000000118C700" bytes="2079072" />
</allocation-stats>
<gc-op id="68" type="sweep" timems="0.868" contextid="65" timestamp="2019-06-15T00:49:28.997" />
<gc-op id="69" type="mark" timems="2.339" contextid="65" timestamp="2019-06-15T00:49:29.000">
  <trace-info objectcount="22611" scancount="18117" scanbytes="605920" />
  <cardclean-info objects="1057" bytes="58852" />
  <remembered-set-cleared processed="0" cleared="0" durationms="0.050" />
  <finalization candidates="43" enqueued="0" />
  <ownableSynchronizers candidates="1" cleared="0" />
  <references type="soft" candidates="562" cleared="0" enqueued="0" dynamicThreshold="9" maxThreshold="32" />
  <references type="weak" candidates="1226" cleared="17" enqueued="17" />
  <references type="phantom" candidates="10" cleared="1" enqueued="1" />
  <stringconstants candidates="5089" cleared="0"  />
  <warning details="Mark invoked due to insufficient free space for Copy-Forward" />
</gc-op>
<gc-op id="70" type="classunload" timems="0.002" contextid="65" timestamp="2019-06-15T00:49:29.000">
  <classunload-info classloadercandidates="10" classloadersunloaded="0" classesunloaded="0" anonymousclassesunloaded="0" quiescems="0.000" setupms="0.002" scanms="0.000" postms="0.000" />
</gc-op>
<gc-op id="71" type="sweep" timems="0.821" contextid="65" timestamp="2019-06-15T00:49:29.001" />
<gc-op id="72" type="compact" timems="3.521" contextid="65" timestamp="2019-06-15T00:49:29.004">
  <compact-info movecount="22579" movebytes="884664" />
  <remembered-set-cleared processed="5719" cleared="5595" durationms="0.073" />
</gc-op>
<heap-resize id="73" type="expand" space="default" amount="1048576" count="1" timems="0.051" reason="insufficient free space following gc" timestamp="2019-06-15T00:49:29.005" />
<gc-end id="74" type="partial gc" contextid="65" durationms="9.495" usertimems="8.000" systemtimems="4.000" timestamp="2019-06-15T00:49:29.005" activeThreads="4">
  <mem-info id="75" free="4194304" total="8388608" percent="50">
    <mem type="eden" free="794648" total="1048576" percent="75" />
    <pending-finalizers system="0" default="0" reference="18" classloader="0" />
    <remembered-set count="3744" freebytes="319872" totalbytes="334848" percent="95" regionsoverflowed="0" regionsstable="0" regionsrebuilding="0"/>
  </mem-info>
</gc-end>
<cycle-end id="76" type="partial gc" contextid="65" timestamp="2019-06-15T00:49:29.005" />
  <attribute name="elasticGC enabled" value="1" />
  <attribute name= "numThreadsSpecified" value="4" />
  <attribute name="heapSize specified" value="0" />
  <attribute name="Current GC Util" value="123" />
  <attribute name= "Current Time Running" value="5896" />
  <attribute name ="GC Interval" value="0" />
  <attribute name="ProportionalT" value="51.500000" />
  <attribute name="ProportionalI" value="51.500000" />
  <attribute name="ProportionalH" value="51.500000" />
  <attribute name="Current Error" value="103.000000" />
  <attribute name="IntegralT" value="103.000000" />
  <attribute name="IntegralI" value="103.000000" />
  <attribute name="IntegralH" value="103.000000" />
  <attribute name="DerivativeT" value="51.500000" />
  <attribute name="DerivativeI" value="51.500000" />
  <attribute name="DerivativeH" value="51.500000" />
  <attribute name="Loop Time for DT" value="1.000000" />
  <attribute name="Output H" value="8388608"/>
  <attribute name="Output I" value="208"/>
  <attribute name="Output T" value="4"/>
  <attribute name="Target GC Util Change" value ="20.000000" />
  <attribute name="Current GC Util Change" value="123.000000"/>
  <attribute name="GC Util currently" value="123" />
  <attribute name="CPU Util currently" value="4325412890739" />
<exclusive-end id="77" timestamp="2019-06-15T00:49:29.005" durationms="10.208" />

<exclusive-start id="78" timestamp="2019-06-15T00:49:29.070" intervalms="75.249">
  <response-info timems="0.029" idlems="0.029" threads="0" lastid="000000000118C700" lastname="main" />
</exclusive-start>
<allocation-taxation id="79" taxation-threshold="2097152" timestamp="2019-06-15T00:49:29.070" intervalms="75.251" />
<cycle-start id="80" type="global mark phase" contextid="0" timestamp="2019-06-15T00:49:29.071" intervalms="3458.047" />
<gc-start id="81" type="global mark phase" contextid="80" timestamp="2019-06-15T00:49:29.071">
  <mem-info id="82" free="2097152" total="8388608" percent="25">
    <remembered-set count="3744" freebytes="319872" totalbytes="334848" percent="95" regionsoverflowed="0" regionsstable="0" regionsrebuilding="0"/>
  </mem-info>
</gc-start>
<gc-op id="83" type="mark increment" timems="0.737" contextid="80" timestamp="2019-06-15T00:49:29.071">
  <trace-info objectcount="115" scancount="0" scanbytes="0" />
</gc-op>
<gc-end id="84" type="global mark phase" contextid="80" durationms="0.926" usertimems="0.000" systemtimems="4.000" timestamp="2019-06-15T00:49:29.072" activeThreads="1">
  <mem-info id="85" free="2097152" total="8388608" percent="25">
    <remembered-set count="3744" freebytes="319872" totalbytes="334848" percent="95" regionsoverflowed="0" regionsstable="0" regionsrebuilding="0"/>
  </mem-info>
</gc-end>
<concurrent-start id="86" type="GMP work packet processing" contextid="80" timestamp="2019-06-15T00:49:29.072">
  <concurrent-mark-start scanTarget="18446744073709551615" />
</concurrent-start>
<exclusive-end id="87" timestamp="2019-06-15T00:49:29.072" durationms="1.445" />

<concurrent-end id="88" type="GMP work packet processing" contextid="80" timestamp="2019-06-15T00:49:29.074">
  <concurrent-mark-end bytesScanned="1173504" reasonForTermination="Completed all work in GC phase" />
</concurrent-end>

<exclusive-start id="89" timestamp="2019-06-15T00:49:29.131" intervalms="60.489">
  <response-info timems="0.113" idlems="0.113" threads="0" lastid="000000000118C700" lastname="main" />
</exclusive-start>
<allocation-taxation id="90" taxation-threshold="2097152" timestamp="2019-06-15T00:49:29.131" intervalms="60.511" />
<cycle-start id="91" type="partial gc" contextid="0" timestamp="2019-06-15T00:49:29.131" intervalms="135.853" />
<gc-start id="92" type="partial gc" contextid="91" timestamp="2019-06-15T00:49:29.131">
  <mem-info id="93" free="0" total="8388608" percent="0">
    <mem type="eden" free="0" total="4194304" percent="0" />
    <remembered-set count="3744" freebytes="319872" totalbytes="334848" percent="95" regionsoverflowed="0" regionsstable="0" regionsrebuilding="0"/>
  </mem-info>
</gc-start>
<allocation-stats totalBytes="4171432" >
  <allocated-bytes non-tlh="122808" tlh="4048624" arrayletleaf="0"/>
  <largest-consumer threadName="main" threadId="000000000118C700" bytes="2033000" />
</allocation-stats>
<gc-op id="94" type="mark" timems="2.291" contextid="91" timestamp="2019-06-15T00:49:29.134">
  <trace-info objectcount="15752" scancount="13572" scanbytes="494496" />
  <cardclean-info objects="1662" bytes="76616" />
  <remembered-set-cleared processed="2457" cleared="1060" durationms="0.076" />
  <finalization candidates="14" enqueued="0" />
  <ownableSynchronizers candidates="4" cleared="0" />
  <references type="soft" candidates="431" cleared="0" enqueued="0" dynamicThreshold="8" maxThreshold="32" />
  <references type="weak" candidates="2167" cleared="438" enqueued="289" />
  <references type="phantom" candidates="3" cleared="1" enqueued="1" />
  <stringconstants candidates="6053" cleared="0"  />
  <warning details="Mark invoked due to insufficient free space for Copy-Forward" />
</gc-op>
<gc-op id="95" type="classunload" timems="0.002" contextid="91" timestamp="2019-06-15T00:49:29.134">
  <classunload-info classloadercandidates="11" classloadersunloaded="0" classesunloaded="0" anonymousclassesunloaded="0" quiescems="0.000" setupms="0.002" scanms="0.000" postms="0.000" />
</gc-op>
<gc-op id="96" type="sweep" timems="0.509" contextid="91" timestamp="2019-06-15T00:49:29.135" />
<gc-op id="97" type="compact" timems="3.023" contextid="91" timestamp="2019-06-15T00:49:29.138">
  <compact-info movecount="15697" movebytes="697936" />
  <remembered-set-cleared processed="12193" cleared="9355" durationms="0.076" />
</gc-op>
<heap-resize id="98" type="expand" space="default" amount="1048576" count="1" timems="0.063" reason="insufficient free space following gc" timestamp="2019-06-15T00:49:29.139" />
<gc-end id="99" type="partial gc" contextid="91" durationms="7.366" usertimems="8.000" systemtimems="0.000" timestamp="2019-06-15T00:49:29.139" activeThreads="4">
  <mem-info id="100" free="4194304" total="9437184" percent="44">
    <mem type="eden" free="590064" total="1048576" percent="56" />
    <pending-finalizers system="0" default="0" reference="290" classloader="0" />
    <remembered-set count="5696" freebytes="353920" totalbytes="376704" percent="93" regionsoverflowed="0" regionsstable="0" regionsrebuilding="0"/>
  </mem-info>
</gc-end>
<cycle-end id="101" type="partial gc" contextid="91" timestamp="2019-06-15T00:49:29.139" />
  <attribute name="elasticGC enabled" value="1" />
  <attribute name= "numThreadsSpecified" value="4" />
  <attribute name="heapSize specified" value="0" />
  <attribute name="Current GC Util" value="44" />
  <attribute name= "Current Time Running" value="6030" />
  <attribute name ="GC Interval" value="0" />
  <attribute name="ProportionalT" value="12.000000" />
  <attribute name="ProportionalI" value="12.000000" />
  <attribute name="ProportionalH" value="12.000000" />
  <attribute name="Current Error" value="24.000000" />
  <attribute name="IntegralT" value="24.000000" />
  <attribute name="IntegralI" value="24.000000" />
  <attribute name="IntegralH" value="24.000000" />
  <attribute name="DerivativeT" value="12.000000" />
  <attribute name="DerivativeI" value="12.000000" />
  <attribute name="DerivativeH" value="12.000000" />
  <attribute name="Loop Time for DT" value="1.000000" />
  <attribute name="Output H" value="8388608"/>
  <attribute name="Output I" value="200"/>
  <attribute name="Output T" value="4"/>
  <attribute name="Target GC Util Change" value ="20.000000" />
  <attribute name="Current GC Util Change" value="44.000000"/>
  <attribute name="GC Util currently" value="44" />
  <attribute name="CPU Util currently" value="6129162442050" />
<exclusive-end id="102" timestamp="2019-06-15T00:49:29.139" durationms="8.408" />

<exclusive-start id="103" timestamp="2019-06-15T00:49:29.187" intervalms="56.263">
  <response-info timems="0.081" idlems="0.081" threads="0" lastid="000000000118C700" lastname="main" />
</exclusive-start>
<allocation-taxation id="104" taxation-threshold="2097152" timestamp="2019-06-15T00:49:29.187" intervalms="56.322" />
<gc-start id="105" type="global mark phase" contextid="80" timestamp="2019-06-15T00:49:29.187">
  <mem-info id="106" free="2097152" total="9437184" percent="22">
    <remembered-set count="5472" freebytes="354816" totalbytes="376704" percent="94" regionsoverflowed="0" regionsstable="0" regionsrebuilding="0"/>
  </mem-info>
</gc-start>
<gc-op id="107" type="mark increment" timems="3.526" contextid="80" timestamp="2019-06-15T00:49:29.191">
  <trace-info objectcount="17866" scancount="15418" scanbytes="561580" />
  <cardclean-info objects="2646" bytes="121528" />
  <finalization candidates="80" enqueued="0" />
  <ownableSynchronizers candidates="21" cleared="0" />
  <references type="soft" candidates="968" cleared="0" enqueued="0" dynamicThreshold="14" maxThreshold="32" />
  <references type="weak" candidates="2976" cleared="21" enqueued="21" />
  <references type="phantom" candidates="104" cleared="3" enqueued="3" />
  <stringconstants candidates="6222" cleared="0"  />
</gc-op>
<gc-op id="108" type="classunload" timems="0.005" contextid="80" timestamp="2019-06-15T00:49:29.191">
  <classunload-info classloadercandidates="11" classloadersunloaded="0" classesunloaded="0" anonymousclassesunloaded="0" quiescems="0.000" setupms="0.005" scanms="0.000" postms="0.000" />
</gc-op>
<gc-end id="109" type="global mark phase" contextid="80" durationms="3.971" usertimems="0.000" systemtimems="4.000" timestamp="2019-06-15T00:49:29.191" activeThreads="4">
  <mem-info id="110" free="2097152" total="9437184" percent="22">
    <pending-finalizers system="0" default="0" reference="24" classloader="0" />
    <remembered-set count="5472" freebytes="354816" totalbytes="376704" percent="94" regionsoverflowed="0" regionsstable="0" regionsrebuilding="0"/>
  </mem-info>
</gc-end>
<cycle-end id="111" type="global mark phase" contextid="80" timestamp="2019-06-15T00:49:29.192" />
  <attribute name="elasticGC enabled" value="1" />
  <attribute name= "numThreadsSpecified" value="4" />
  <attribute name="heapSize specified" value="0" />
  <attribute name="Current GC Util" value="0" />
  <attribute name= "Current Time Running" value="6085" />
  <attribute name ="GC Interval" value="0" />
  <attribute name="ProportionalT" value="-10.000000" />
  <attribute name="ProportionalI" value="-10.000000" />
  <attribute name="ProportionalH" value="-10.000000" />
  <attribute name="Current Error" value="-20.000000" />
  <attribute name="IntegralT" value="-40.000000" />
  <attribute name="IntegralI" value="-40.000000" />
  <attribute name="IntegralH" value="-40.000000" />
  <attribute name="DerivativeT" value="-30.750000" />
  <attribute name="DerivativeI" value="-30.750000" />
  <attribute name="DerivativeH" value="-30.750000" />
  <attribute name="Loop Time for DT" value="2.000000" />
  <attribute name="Output H" value="2091843584"/>
  <attribute name="Output I" value="200"/>
  <attribute name="Output T" value="4"/>
  <attribute name="Target GC Util Change" value ="20.000000" />
  <attribute name="Current GC Util Change" value="0.000000"/>
  <attribute name="GC Util currently" value="0" />
  <attribute name="CPU Util currently" value="3469718413716" />
<exclusive-end id="112" timestamp="2019-06-15T00:49:29.192" durationms="4.576" />

<exclusive-start id="113" timestamp="2019-06-15T00:49:29.225" intervalms="37.457">
  <response-info timems="0.046" idlems="0.046" threads="0" lastid="000000000118C700" lastname="main" />
</exclusive-start>
<allocation-taxation id="114" taxation-threshold="2097152" timestamp="2019-06-15T00:49:29.225" intervalms="37.426" />
<cycle-start id="115" type="partial gc" contextid="0" timestamp="2019-06-15T00:49:29.225" intervalms="93.685" />
<gc-start id="116" type="partial gc" contextid="115" timestamp="2019-06-15T00:49:29.225">
  <mem-info id="117" free="0" total="9437184" percent="0">
    <mem type="eden" free="0" total="4194304" percent="0" />
    <remembered-set count="5472" freebytes="354816" totalbytes="376704" percent="94" regionsoverflowed="0" regionsstable="0" regionsrebuilding="0"/>
  </mem-info>
</gc-start>
<allocation-stats totalBytes="4092848" >
  <allocated-bytes non-tlh="1464984" tlh="2627864" arrayletleaf="0"/>
  <largest-consumer threadName="main" threadId="000000000118C700" bytes="2060248" />
</allocation-stats>
<gc-op id="118" type="sweep" timems="0.849" contextid="115" timestamp="2019-06-15T00:49:29.226" />
<gc-op id="119" type="mark" timems="2.617" contextid="115" timestamp="2019-06-15T00:49:29.229">
  <trace-info objectcount="13425" scancount="11350" scanbytes="421104" />
  <cardclean-info objects="1195" bytes="67872" />
  <remembered-set-cleared processed="4112" cleared="1878" durationms="0.065" />
  <finalization candidates="15" enqueued="0" />
  <ownableSynchronizers candidates="4" cleared="0" />
  <references type="soft" candidates="339" cleared="0" enqueued="0" dynamicThreshold="7" maxThreshold="32" />
  <references type="weak" candidates="1488" cleared="1" enqueued="1" />
  <references type="phantom" candidates="6" cleared="0" enqueued="0" />
  <stringconstants candidates="6440" cleared="0"  />
  <warning details="Mark invoked due to insufficient free space for Copy-Forward" />
</gc-op>
<gc-op id="120" type="classunload" timems="0.002" contextid="115" timestamp="2019-06-15T00:49:29.229">
  <classunload-info classloadercandidates="11" classloadersunloaded="0" classesunloaded="0" anonymousclassesunloaded="0" quiescems="0.000" setupms="0.002" scanms="0.000" postms="0.000" />
</gc-op>
<gc-op id="121" type="sweep" timems="0.765" contextid="115" timestamp="2019-06-15T00:49:29.230" />
<gc-op id="122" type="compact" timems="2.356" contextid="115" timestamp="2019-06-15T00:49:29.233">
  <compact-info movecount="13265" movebytes="1393536" />
  <remembered-set-cleared processed="12237" cleared="7748" durationms="0.078" />
</gc-op>
<heap-resize id="123" type="expand" space="default" amount="2097152" count="1" timems="0.060" reason="insufficient free space following gc" timestamp="2019-06-15T00:49:29.233" />
<gc-end id="124" type="partial gc" contextid="115" durationms="8.267" usertimems="12.000" systemtimems="0.000" timestamp="2019-06-15T00:49:29.233" activeThreads="4">
  <mem-info id="125" free="5242880" total="11534336" percent="45">
    <mem type="eden" free="96440" total="1048576" percent="9" />
    <pending-finalizers system="0" default="0" reference="1" classloader="0" />
    <remembered-set count="5632" freebytes="437888" totalbytes="460416" percent="95" regionsoverflowed="0" regionsstable="0" regionsrebuilding="0"/>
  </mem-info>
</gc-end>
<cycle-end id="126" type="partial gc" contextid="115" timestamp="2019-06-15T00:49:29.233" />
  <attribute name="elasticGC enabled" value="1" />
  <attribute name= "numThreadsSpecified" value="4" />
  <attribute name="heapSize specified" value="0" />
  <attribute name="Current GC Util" value="111" />
  <attribute name= "Current Time Running" value="6125" />
  <attribute name ="GC Interval" value="0" />
  <attribute name="ProportionalT" value="45.500000" />
  <attribute name="ProportionalI" value="45.500000" />
  <attribute name="ProportionalH" value="45.500000" />
  <attribute name="Current Error" value="91.000000" />
  <attribute name="IntegralT" value="91.000000" />
  <attribute name="IntegralI" value="91.000000" />
  <attribute name="IntegralH" value="91.000000" />
  <attribute name="DerivativeT" value="-9.000000" />
  <attribute name="DerivativeI" value="-9.000000" />
  <attribute name="DerivativeH" value="-9.000000" />
  <attribute name="Loop Time for DT" value="1.000000" />
  <attribute name="Output H" value="8388608"/>
  <attribute name="Output I" value="200"/>
  <attribute name="Output T" value="4"/>
  <attribute name="Target GC Util Change" value ="20.000000" />
  <attribute name="Current GC Util Change" value="111.000000"/>
  <attribute name="GC Util currently" value="111" />
  <attribute name="CPU Util currently" value="4764236881600" />
<exclusive-end id="127" timestamp="2019-06-15T00:49:29.234" durationms="9.061" />

<exclusive-start id="128" timestamp="2019-06-15T00:49:29.306" intervalms="81.279">
  <response-info timems="0.031" idlems="0.031" threads="0" lastid="000000000118C700" lastname="main" />
</exclusive-start>
<allocation-taxation id="129" taxation-threshold="2097152" timestamp="2019-06-15T00:49:29.306" intervalms="81.224" />
<cycle-start id="130" type="global mark phase" contextid="0" timestamp="2019-06-15T00:49:29.306" intervalms="235.471" />
<gc-start id="131" type="global mark phase" contextid="130" timestamp="2019-06-15T00:49:29.306">
  <mem-info id="132" free="3145728" total="11534336" percent="27">
    <remembered-set count="5184" freebytes="439680" totalbytes="460416" percent="95" regionsoverflowed="0" regionsstable="0" regionsrebuilding="0"/>
  </mem-info>
</gc-start>
<gc-op id="133" type="mark increment" timems="0.807" contextid="130" timestamp="2019-06-15T00:49:29.307">
  <trace-info objectcount="155" scancount="0" scanbytes="0" />
</gc-op>
<gc-end id="134" type="global mark phase" contextid="130" durationms="0.966" usertimems="0.000" systemtimems="0.000" timestamp="2019-06-15T00:49:29.307" activeThreads="4">
  <mem-info id="135" free="3145728" total="11534336" percent="27">
    <remembered-set count="5184" freebytes="439680" totalbytes="460416" percent="95" regionsoverflowed="0" regionsstable="0" regionsrebuilding="0"/>
  </mem-info>
</gc-end>
<concurrent-start id="136" type="GMP work packet processing" contextid="130" timestamp="2019-06-15T00:49:29.307">
  <concurrent-mark-start scanTarget="18446744073709551615" />
</concurrent-start>
<exclusive-end id="137" timestamp="2019-06-15T00:49:29.307" durationms="1.345" />

<concurrent-end id="138" type="GMP work packet processing" contextid="130" timestamp="2019-06-15T00:49:29.311">
  <concurrent-mark-end bytesScanned="1725816" reasonForTermination="Completed all work in GC phase" />
</concurrent-end>

<exclusive-start id="139" timestamp="2019-06-15T00:49:29.358" intervalms="52.016">
  <response-info timems="0.028" idlems="0.028" threads="0" lastid="000000000118C700" lastname="main" />
</exclusive-start>
<allocation-taxation id="140" taxation-threshold="2097152" timestamp="2019-06-15T00:49:29.358" intervalms="52.018" />
<cycle-start id="141" type="partial gc" contextid="0" timestamp="2019-06-15T00:49:29.358" intervalms="133.212" />
<gc-start id="142" type="partial gc" contextid="141" timestamp="2019-06-15T00:49:29.358">
  <mem-info id="143" free="1048576" total="11534336" percent="9">
    <mem type="eden" free="0" total="4194304" percent="0" />
    <remembered-set count="5184" freebytes="439680" totalbytes="460416" percent="95" regionsoverflowed="0" regionsstable="0" regionsrebuilding="0"/>
  </mem-info>
</gc-start>
<allocation-stats totalBytes="4157568" >
  <allocated-bytes non-tlh="70376" tlh="4087192" arrayletleaf="0"/>
  <largest-consumer threadName="main" threadId="000000000118C700" bytes="2093608" />
</allocation-stats>
<gc-op id="144" type="copy forward" timems="5.913" contextid="141" timestamp="2019-06-15T00:49:29.365">
  <memory-copied type="eden" objects="8369" bytes="371632" bytesdiscarded="14328" />
  <memory-copied type="other" objects="3085" bytes="926552" bytesdiscarded="141528" />
  <memory-cardclean objects="821" bytes="51608" />
  <regions eden="4" other="1" />
  <remembered-set-cleared processed="4587" cleared="640" durationms="0.186" />
  <finalization candidates="4" enqueued="0" />
  <references type="soft" candidates="160" cleared="0" enqueued="0" dynamicThreshold="8" maxThreshold="32" />
  <references type="weak" candidates="429" cleared="0" enqueued="0" />
  <references type="phantom" candidates="5" cleared="0" enqueued="0" />
  <stringconstants candidates="7088" cleared="0"  />
  <heap-resize type="expand" space="default" amount="2097152" count="2" timems="0.153" reason="continue current collection" />
</gc-op>
<gc-op id="145" type="classunload" timems="0.003" contextid="141" timestamp="2019-06-15T00:49:29.365">
  <classunload-info classloadercandidates="11" classloadersunloaded="0" classesunloaded="0" anonymousclassesunloaded="0" quiescems="0.000" setupms="0.003" scanms="0.000" postms="0.000" />
</gc-op>
<gc-op id="146" type="compact" timems="1.450" contextid="141" timestamp="2019-06-15T00:49:29.367">
  <compact-info movecount="0" movebytes="0" />
  <remembered-set-cleared processed="10430" cleared="640" durationms="0.186" />
</gc-op>
<gc-end id="147" type="partial gc" contextid="141" durationms="8.707" usertimems="12.000" systemtimems="0.000" timestamp="2019-06-15T00:49:29.367" activeThreads="4">
  <mem-info id="148" free="5242880" total="13631488" percent="38">
    <mem type="eden" free="662304" total="1048576" percent="63" />
    <remembered-set count="7264" freebytes="515072" totalbytes="544128" percent="94" regionsoverflowed="0" regionsstable="0" regionsrebuilding="0"/>
  </mem-info>
</gc-end>
<cycle-end id="149" type="partial gc" contextid="141" timestamp="2019-06-15T00:49:29.367" />
  <attribute name="elasticGC enabled" value="1" />
  <attribute name= "numThreadsSpecified" value="4" />
  <attribute name="heapSize specified" value="0" />
  <attribute name="Current GC Util" value="131" />
  <attribute name= "Current Time Running" value="6260" />
  <attribute name ="GC Interval" value="0" />
  <attribute name="ProportionalT" value="55.500000" />
  <attribute name="ProportionalI" value="55.500000" />
  <attribute name="ProportionalH" value="55.500000" />
  <attribute name="Current Error" value="111.000000" />
  <attribute name="IntegralT" value="666.000000" />
  <attribute name="IntegralI" value="666.000000" />
  <attribute name="IntegralH" value="666.000000" />
  <attribute name="DerivativeT" value="0.916667" />
  <attribute name="DerivativeI" value="0.916667" />
  <attribute name="DerivativeH" value="0.916667" />
  <attribute name="Loop Time for DT" value="6.000000" />
  <attribute name="Output H" value="8388608"/>
  <attribute name="Output I" value="728"/>
  <attribute name="Output T" value="4"/>
  <attribute name="Target GC Util Change" value ="20.000000" />
  <attribute name="Current GC Util Change" value="131.000000"/>
  <attribute name="GC Util currently" value="131" />
  <attribute name="CPU Util currently" value="753288062706" />
<exclusive-end id="150" timestamp="2019-06-15T00:49:29.367" durationms="9.451" />

<exclusive-start id="151" timestamp="2019-06-15T00:49:29.411" intervalms="53.573">
  <response-info timems="0.033" idlems="0.033" threads="0" lastid="000000000118C700" lastname="main" />
</exclusive-start>
<allocation-taxation id="152" taxation-threshold="2097152" timestamp="2019-06-15T00:49:29.412" intervalms="53.612" />
<gc-start id="153" type="global mark phase" contextid="130" timestamp="2019-06-15T00:49:29.412">
  <mem-info id="154" free="3145728" total="13631488" percent="23">
    <remembered-set count="7264" freebytes="515072" totalbytes="544128" percent="94" regionsoverflowed="0" regionsstable="0" regionsrebuilding="0"/>
  </mem-info>
</gc-start>
<gc-op id="155" type="mark increment" timems="2.172" contextid="130" timestamp="2019-06-15T00:49:29.414">
  <trace-info objectcount="3657" scancount="3173" scanbytes="120612" />
  <cardclean-info objects="3133" bytes="160060" />
  <finalization candidates="80" enqueued="0" />
  <ownableSynchronizers candidates="21" cleared="0" />
  <references type="soft" candidates="1022" cleared="0" enqueued="0" dynamicThreshold="12" maxThreshold="32" />
  <references type="weak" candidates="3565" cleared="2" enqueued="2" />
  <references type="phantom" candidates="101" cleared="0" enqueued="0" />
  <stringconstants candidates="7239" cleared="0"  />
</gc-op>
<gc-op id="156" type="classunload" timems="0.005" contextid="130" timestamp="2019-06-15T00:49:29.414">
  <classunload-info classloadercandidates="11" classloadersunloaded="0" classesunloaded="0" anonymousclassesunloaded="0" quiescems="0.000" setupms="0.005" scanms="0.000" postms="0.000" />
</gc-op>
<gc-end id="157" type="global mark phase" contextid="130" durationms="2.542" usertimems="0.000" systemtimems="4.000" timestamp="2019-06-15T00:49:29.414" activeThreads="1">
  <mem-info id="158" free="3145728" total="13631488" percent="23">
    <pending-finalizers system="0" default="0" reference="2" classloader="0" />
    <remembered-set count="7264" freebytes="515072" totalbytes="544128" percent="94" regionsoverflowed="0" regionsstable="0" regionsrebuilding="0"/>
  </mem-info>
</gc-end>
<cycle-end id="159" type="global mark phase" contextid="130" timestamp="2019-06-15T00:49:29.414" />
  <attribute name="elasticGC enabled" value="1" />
  <attribute name= "numThreadsSpecified" value="1" />
  <attribute name="heapSize specified" value="0" />
  <attribute name="Current GC Util" value="133" />
  <attribute name= "Current Time Running" value="6308" />
  <attribute name ="GC Interval" value="0" />
  <attribute name="ProportionalT" value="56.500000" />
  <attribute name="ProportionalI" value="56.500000" />
  <attribute name="ProportionalH" value="56.500000" />
  <attribute name="Current Error" value="113.000000" />
  <attribute name="IntegralT" value="0.000000" />
  <attribute name="IntegralI" value="0.000000" />
  <attribute name="IntegralH" value="0.000000" />
  <attribute name="DerivativeT" value="inf" />
  <attribute name="DerivativeI" value="inf" />
  <attribute name="DerivativeH" value="inf" />
  <attribute name="Loop Time for DT" value="0.000000" />
  <attribute name="Output H" value="8388608"/>
  <attribute name="Output I" value="200"/>
  <attribute name="Output T" value="1"/>
  <attribute name="Target GC Util Change" value ="20.000000" />
  <attribute name="Current GC Util Change" value="133.000000"/>
  <attribute name="GC Util currently" value="133" />
  <attribute name="CPU Util currently" value="7658356290713" />
<exclusive-end id="160" timestamp="2019-06-15T00:49:29.414" durationms="3.022" />

<exclusive-start id="161" timestamp="2019-06-15T00:49:29.456" intervalms="44.631">
  <response-info timems="0.058" idlems="0.058" threads="0" lastid="000000000118C700" lastname="main" />
</exclusive-start>
<allocation-taxation id="162" taxation-threshold="2097152" timestamp="2019-06-15T00:49:29.456" intervalms="44.650" />
<cycle-start id="163" type="partial gc" contextid="0" timestamp="2019-06-15T00:49:29.456" intervalms="98.349" />
<gc-start id="164" type="partial gc" contextid="163" timestamp="2019-06-15T00:49:29.457">
  <mem-info id="165" free="1048576" total="13631488" percent="7">
    <mem type="eden" free="0" total="4194304" percent="0" />
    <remembered-set count="7264" freebytes="515072" totalbytes="544128" percent="94" regionsoverflowed="0" regionsstable="0" regionsrebuilding="0"/>
  </mem-info>
</gc-start>
<allocation-stats totalBytes="4191472" >
  <allocated-bytes non-tlh="72584" tlh="4118888" arrayletleaf="0"/>
  <largest-consumer threadName="main" threadId="000000000118C700" bytes="2096216" />
</allocation-stats>
<gc-op id="166" type="sweep" timems="0.910" contextid="163" timestamp="2019-06-15T00:49:29.458" />
<gc-op id="167" type="copy forward" timems="4.158" contextid="163" timestamp="2019-06-15T00:49:29.463">
  <memory-copied type="eden" objects="1085" bytes="42632" bytesdiscarded="1530" />
  <memory-copied type="other" objects="10236" bytes="447416" bytesdiscarded="15750" />
  <memory-cardclean objects="657" bytes="29800" />
  <memory-traced type="eden" objects="969" bytes="36200" />
  <memory-traced type="other" objects="0" bytes="0" />
  <regions eden="2" other="3" evacuated="4" marked="1" />
  <remembered-set-cleared processed="5821" cleared="1336" durationms="0.079" />
  <references type="soft" candidates="54" cleared="0" enqueued="0" dynamicThreshold="7" maxThreshold="32" />
  <references type="weak" candidates="786" cleared="0" enqueued="0" />
  <stringconstants candidates="7374" cleared="0"  />
  <heap-resize type="expand" space="default" amount="1048576" count="1" timems="0.066" reason="continue current collection" />
</gc-op>
<gc-op id="168" type="classunload" timems="0.003" contextid="163" timestamp="2019-06-15T00:49:29.463">
  <classunload-info classloadercandidates="11" classloadersunloaded="0" classesunloaded="0" anonymousclassesunloaded="0" quiescems="0.000" setupms="0.003" scanms="0.000" postms="0.000" />
</gc-op>
<gc-op id="169" type="compact" timems="1.883" contextid="163" timestamp="2019-06-15T00:49:29.465">
  <compact-info movecount="1247" movebytes="51744" />
  <remembered-set-cleared processed="13040" cleared="2175" durationms="0.081" />
</gc-op>
<heap-resize id="170" type="expand" space="default" amount="2097152" count="1" timems="0.060" reason="insufficient free space following gc" timestamp="2019-06-15T00:49:29.465" />
<gc-end id="171" type="partial gc" contextid="163" durationms="8.869" usertimems="12.000" systemtimems="0.000" timestamp="2019-06-15T00:49:29.466" activeThreads="4">
  <mem-info id="172" free="6291456" total="16777216" percent="37">
    <mem type="eden" free="1916656" total="2097152" percent="91" />
    <remembered-set count="8512" freebytes="635648" totalbytes="669696" percent="94" regionsoverflowed="0" regionsstable="0" regionsrebuilding="0"/>
  </mem-info>
</gc-end>
<cycle-end id="173" type="partial gc" contextid="163" timestamp="2019-06-15T00:49:29.466" />
  <attribute name="elasticGC enabled" value="1" />
  <attribute name= "numThreadsSpecified" value="4" />
  <attribute name="heapSize specified" value="0" />
  <attribute name="Current GC Util" value="128" />
  <attribute name= "Current Time Running" value="6358" />
  <attribute name ="GC Interval" value="0" />
  <attribute name="ProportionalT" value="54.000000" />
  <attribute name="ProportionalI" value="54.000000" />
  <attribute name="ProportionalH" value="54.000000" />
  <attribute name="Current Error" value="108.000000" />
  <attribute name="IntegralT" value="432.000000" />
  <attribute name="IntegralI" value="432.000000" />
  <attribute name="IntegralH" value="432.000000" />
  <attribute name="DerivativeT" value="3.125000" />
  <attribute name="DerivativeI" value="3.125000" />
  <attribute name="DerivativeH" value="3.125000" />
  <attribute name="Loop Time for DT" value="4.000000" />
  <attribute name="Output H" value="8388608"/>
  <attribute name="Output I" value="496"/>
  <attribute name="Output T" value="4"/>
  <attribute name="Target GC Util Change" value ="20.000000" />
  <attribute name="Current GC Util Change" value="128.000000"/>
  <attribute name="GC Util currently" value="128" />
  <attribute name="CPU Util currently" value="1028231242942" />
<exclusive-end id="174" timestamp="2019-06-15T00:49:29.466" durationms="9.840" />

<exclusive-start id="175" timestamp="2019-06-15T00:49:29.547" intervalms="91.341">
  <response-info timems="0.057" idlems="0.057" threads="0" lastid="000000000118C700" lastname="main" />
</exclusive-start>
<allocation-taxation id="176" taxation-threshold="6291456" timestamp="2019-06-15T00:49:29.548" intervalms="91.327" />
<cycle-start id="177" type="partial gc" contextid="0" timestamp="2019-06-15T00:49:29.548" intervalms="91.272" />
<gc-start id="178" type="partial gc" contextid="177" timestamp="2019-06-15T00:49:29.548">
  <mem-info id="179" free="0" total="16777216" percent="0">
    <mem type="eden" free="996624" total="7340032" percent="13" />
    <remembered-set count="8032" freebytes="637568" totalbytes="669696" percent="95" regionsoverflowed="0" regionsstable="0" regionsrebuilding="0"/>
  </mem-info>
</gc-start>
<allocation-stats totalBytes="6273520" >
  <allocated-bytes non-tlh="58816" tlh="6214704" arrayletleaf="0"/>
  <largest-consumer threadName="main" threadId="000000000118C700" bytes="6273520" />
</allocation-stats>
<gc-op id="180" type="mark" timems="2.013" contextid="177" timestamp="2019-06-15T00:49:29.550">
  <trace-info objectcount="12154" scancount="10624" scanbytes="397408" />
  <cardclean-info objects="3119" bytes="154188" />
  <remembered-set-cleared processed="6728" cleared="1547" durationms="0.119" />
  <references type="soft" candidates="2" cleared="0" enqueued="0" dynamicThreshold="12" maxThreshold="32" />
  <references type="weak" candidates="672" cleared="2" enqueued="2" />
  <stringconstants candidates="7591" cleared="0"  />
  <warning details="Mark invoked due to insufficient free space for Copy-Forward" />
</gc-op>
<gc-op id="181" type="classunload" timems="0.003" contextid="177" timestamp="2019-06-15T00:49:29.551">
  <classunload-info classloadercandidates="11" classloadersunloaded="0" classesunloaded="0" anonymousclassesunloaded="0" quiescems="0.000" setupms="0.003" scanms="0.000" postms="0.000" />
</gc-op>
<gc-op id="182" type="sweep" timems="0.789" contextid="177" timestamp="2019-06-15T00:49:29.552" />
<gc-op id="183" type="compact" timems="2.918" contextid="177" timestamp="2019-06-15T00:49:29.555">
  <compact-info movecount="12127" movebytes="478824" />
  <remembered-set-cleared processed="17311" cleared="7049" durationms="0.119" />
</gc-op>
<gc-end id="184" type="partial gc" contextid="177" durationms="7.045" usertimems="8.000" systemtimems="4.000" timestamp="2019-06-15T00:49:29.555" activeThreads="4">
  <mem-info id="185" free="6291456" total="16777216" percent="37">
    <mem type="eden" free="738592" total="1048576" percent="70" />
    <pending-finalizers system="0" default="0" reference="2" classloader="0" />
    <remembered-set count="9600" freebytes="631296" totalbytes="669696" percent="94" regionsoverflowed="0" regionsstable="0" regionsrebuilding="0"/>
  </mem-info>
</gc-end>
<cycle-end id="186" type="partial gc" contextid="177" timestamp="2019-06-15T00:49:29.555" />
  <attribute name="elasticGC enabled" value="1" />
  <attribute name= "numThreadsSpecified" value="4" />
  <attribute name="heapSize specified" value="0" />
  <attribute name="Current GC Util" value="144" />
  <attribute name= "Current Time Running" value="6447" />
  <attribute name ="GC Interval" value="0" />
  <attribute name="ProportionalT" value="62.000000" />
  <attribute name="ProportionalI" value="62.000000" />
  <attribute name="ProportionalH" value="62.000000" />
  <attribute name="Current Error" value="124.000000" />
  <attribute name="IntegralT" value="124.000000" />
  <attribute name="IntegralI" value="124.000000" />
  <attribute name="IntegralH" value="124.000000" />
  <attribute name="DerivativeT" value="62.000000" />
  <attribute name="DerivativeI" value="62.000000" />
  <attribute name="DerivativeH" value="62.000000" />
  <attribute name="Loop Time for DT" value="1.000000" />
  <attribute name="Output H" value="8388608"/>
  <attribute name="Output I" value="248"/>
  <attribute name="Output T" value="4"/>
  <attribute name="Target GC Util Change" value ="20.000000" />
  <attribute name="Current GC Util Change" value="144.000000"/>
  <attribute name="GC Util currently" value="144" />
  <attribute name="CPU Util currently" value="4723815217702" />
<exclusive-end id="187" timestamp="2019-06-15T00:49:29.555" durationms="7.839" />

<exclusive-start id="188" timestamp="2019-06-15T00:49:29.644" intervalms="96.188">
  <response-info timems="0.057" idlems="0.057" threads="0" lastid="000000000118C700" lastname="main" />
</exclusive-start>
<allocation-taxation id="189" taxation-threshold="6291456" timestamp="2019-06-15T00:49:29.644" intervalms="96.201" />
<cycle-start id="190" type="partial gc" contextid="0" timestamp="2019-06-15T00:49:29.644" intervalms="96.265" />
<gc-start id="191" type="partial gc" contextid="190" timestamp="2019-06-15T00:49:29.644">
  <mem-info id="192" free="0" total="16777216" percent="0">
    <mem type="eden" free="0" total="6291456" percent="0" />
    <remembered-set count="9504" freebytes="631680" totalbytes="669696" percent="94" regionsoverflowed="0" regionsstable="0" regionsrebuilding="0"/>
  </mem-info>
</gc-start>
<allocation-stats totalBytes="6290000" >
  <allocated-bytes non-tlh="407056" tlh="5882944" arrayletleaf="0"/>
  <largest-consumer threadName="main" threadId="000000000118C700" bytes="6290000" />
</allocation-stats>
<gc-op id="193" type="mark" timems="2.283" contextid="190" timestamp="2019-06-15T00:49:29.647">
  <trace-info objectcount="16468" scancount="14635" scanbytes="625056" />
  <cardclean-info objects="2549" bytes="134748" />
  <remembered-set-cleared processed="8028" cleared="1808" durationms="0.137" />
  <references type="soft" candidates="73" cleared="0" enqueued="0" dynamicThreshold="12" maxThreshold="32" />
  <references type="weak" candidates="265" cleared="3" enqueued="3" />
  <references type="phantom" candidates="1" cleared="0" enqueued="0" />
  <stringconstants candidates="7820" cleared="0"  />
  <warning details="Mark invoked due to insufficient free space for Copy-Forward" />
</gc-op>
<gc-op id="194" type="classunload" timems="0.002" contextid="190" timestamp="2019-06-15T00:49:29.647">
  <classunload-info classloadercandidates="12" classloadersunloaded="0" classesunloaded="0" anonymousclassesunloaded="0" quiescems="0.000" setupms="0.002" scanms="0.000" postms="0.000" />
</gc-op>
<gc-op id="195" type="sweep" timems="0.825" contextid="190" timestamp="2019-06-15T00:49:29.648" />
<gc-op id="196" type="compact" timems="3.000" contextid="190" timestamp="2019-06-15T00:49:29.652">
  <compact-info movecount="10502" movebytes="829832" />
  <remembered-set-cleared processed="19253" cleared="6772" durationms="0.137" />
</gc-op>
<heap-resize id="197" type="expand" space="default" amount="2097152" count="1" timems="0.061" reason="insufficient free space following gc" timestamp="2019-06-15T00:49:29.652" />
<gc-end id="198" type="partial gc" contextid="190" durationms="7.918" usertimems="8.000" systemtimems="4.000" timestamp="2019-06-15T00:49:29.652" activeThreads="4">
  <mem-info id="199" free="7340032" total="18874368" percent="38">
    <mem type="eden" free="289720" total="1048576" percent="27" />
    <pending-finalizers system="0" default="0" reference="3" classloader="0" />
    <remembered-set count="11296" freebytes="708224" totalbytes="753408" percent="94" regionsoverflowed="0" regionsstable="0" regionsrebuilding="0"/>
  </mem-info>
</gc-end>
<cycle-end id="200" type="partial gc" contextid="190" timestamp="2019-06-15T00:49:29.652" />
  <attribute name="elasticGC enabled" value="1" />
  <attribute name= "numThreadsSpecified" value="4" />
  <attribute name="heapSize specified" value="0" />
  <attribute name="Current GC Util" value="123" />
  <attribute name= "Current Time Running" value="6544" />
  <attribute name ="GC Interval" value="0" />
  <attribute name="ProportionalT" value="51.500000" />
  <attribute name="ProportionalI" value="51.500000" />
  <attribute name="ProportionalH" value="51.500000" />
  <attribute name="Current Error" value="103.000000" />
  <attribute name="IntegralT" value="103.000000" />
  <attribute name="IntegralI" value="103.000000" />
  <attribute name="IntegralH" value="103.000000" />
  <attribute name="DerivativeT" value="51.500000" />
  <attribute name="DerivativeI" value="51.500000" />
  <attribute name="DerivativeH" value="51.500000" />
  <attribute name="Loop Time for DT" value="1.000000" />
  <attribute name="Output H" value="8388608"/>
  <attribute name="Output I" value="208"/>
  <attribute name="Output T" value="4"/>
  <attribute name="Target GC Util Change" value ="20.000000" />
  <attribute name="Current GC Util Change" value="123.000000"/>
  <attribute name="GC Util currently" value="123" />
  <attribute name="CPU Util currently" value="4279284066907" />
<exclusive-end id="201" timestamp="2019-06-15T00:49:29.653" durationms="8.999" />

<exclusive-start id="202" timestamp="2019-06-15T00:49:29.710" intervalms="66.492">
  <response-info timems="0.064" idlems="0.064" threads="0" lastid="000000000118C700" lastname="main" />
</exclusive-start>
<allocation-taxation id="203" taxation-threshold="7340032" timestamp="2019-06-15T00:49:29.710" intervalms="66.502" />
<cycle-start id="204" type="partial gc" contextid="0" timestamp="2019-06-15T00:49:29.710" intervalms="66.497" />
<gc-start id="205" type="partial gc" contextid="204" timestamp="2019-06-15T00:49:29.711">
  <mem-info id="206" free="0" total="18874368" percent="0">
    <mem type="eden" free="0" total="7340032" percent="0" />
    <remembered-set count="10944" freebytes="709632" totalbytes="753408" percent="94" regionsoverflowed="0" regionsstable="0" regionsrebuilding="0"/>
  </mem-info>
</gc-start>
<allocation-stats totalBytes="7338816" >
  <allocated-bytes non-tlh="6640" tlh="7332176" arrayletleaf="0"/>
  <largest-consumer threadName="main" threadId="000000000118C700" bytes="7338816" />
</allocation-stats>
<gc-op id="207" type="mark" timems="3.412" contextid="204" timestamp="2019-06-15T00:49:29.715">
  <trace-info objectcount="19103" scancount="17097" scanbytes="719248" />
  <cardclean-info objects="800" bytes="52652" />
  <remembered-set-cleared processed="8937" cleared="1113" durationms="0.103" />
  <references type="soft" candidates="71" cleared="0" enqueued="0" dynamicThreshold="12" maxThreshold="32" />
  <references type="weak" candidates="114" cleared="0" enqueued="0" />
  <references type="phantom" candidates="1" cleared="0" enqueued="0" />
  <stringconstants candidates="7856" cleared="0"  />
  <warning details="Mark invoked due to insufficient free space for Copy-Forward" />
</gc-op>
<gc-op id="208" type="classunload" timems="0.003" contextid="204" timestamp="2019-06-15T00:49:29.715">
  <classunload-info classloadercandidates="12" classloadersunloaded="0" classesunloaded="0" anonymousclassesunloaded="0" quiescems="0.000" setupms="0.002" scanms="0.000" postms="0.000" />
</gc-op>
<gc-op id="209" type="sweep" timems="0.827" contextid="204" timestamp="2019-06-15T00:49:29.716" />
<gc-op id="210" type="compact" timems="3.303" contextid="204" timestamp="2019-06-15T00:49:29.720">
  <compact-info movecount="14476" movebytes="818240" />
  <remembered-set-cleared processed="21192" cleared="5527" durationms="0.115" />
</gc-op>
<heap-resize id="211" type="expand" space="default" amount="1048576" count="1" timems="0.064" reason="insufficient free space following gc" timestamp="2019-06-15T00:49:29.720" />
<gc-end id="212" type="partial gc" contextid="204" durationms="9.305" usertimems="16.000" systemtimems="0.000" timestamp="2019-06-15T00:49:29.720" activeThreads="4">
  <mem-info id="213" free="7340032" total="19922944" percent="36">
    <mem type="eden" free="627624" total="1048576" percent="59" />
    <remembered-set count="13504" freebytes="741248" totalbytes="795264" percent="93" regionsoverflowed="0" regionsstable="0" regionsrebuilding="0"/>
  </mem-info>
</gc-end>
<cycle-end id="214" type="partial gc" contextid="204" timestamp="2019-06-15T00:49:29.720" />
  <attribute name="elasticGC enabled" value="1" />
  <attribute name= "numThreadsSpecified" value="4" />
  <attribute name="heapSize specified" value="0" />
  <attribute name="Current GC Util" value="104" />
  <attribute name= "Current Time Running" value="6611" />
  <attribute name ="GC Interval" value="0" />
  <attribute name="ProportionalT" value="42.000000" />
  <attribute name="ProportionalI" value="42.000000" />
  <attribute name="ProportionalH" value="42.000000" />
  <attribute name="Current Error" value="84.000000" />
  <attribute name="IntegralT" value="84.000000" />
  <attribute name="IntegralI" value="84.000000" />
  <attribute name="IntegralH" value="84.000000" />
  <attribute name="DerivativeT" value="-13.500000" />
  <attribute name="DerivativeI" value="-13.500000" />
  <attribute name="DerivativeH" value="-13.500000" />
  <attribute name="Loop Time for DT" value="1.000000" />
  <attribute name="Output H" value="8388608"/>
  <attribute name="Output I" value="200"/>
  <attribute name="Output T" value="4"/>
  <attribute name="Target GC Util Change" value ="20.000000" />
  <attribute name="Current GC Util Change" value="104.000000"/>
  <attribute name="GC Util currently" value="104" />
  <attribute name="CPU Util currently" value="4292260296257" />
<exclusive-end id="215" timestamp="2019-06-15T00:49:29.720" durationms="10.383" />

<exclusive-start id="216" timestamp="2019-06-15T00:49:29.814" intervalms="103.874">
  <response-info timems="0.025" idlems="0.025" threads="0" lastid="000000000118C700" lastname="main" />
</exclusive-start>
<allocation-taxation id="217" taxation-threshold="7340032" timestamp="2019-06-15T00:49:29.814" intervalms="103.836" />
<cycle-start id="218" type="partial gc" contextid="0" timestamp="2019-06-15T00:49:29.814" intervalms="103.759" />
<gc-start id="219" type="partial gc" contextid="218" timestamp="2019-06-15T00:49:29.814">
  <mem-info id="220" free="0" total="19922944" percent="0">
    <mem type="eden" free="0" total="7340032" percent="0" />
    <remembered-set count="13472" freebytes="741376" totalbytes="795264" percent="93" regionsoverflowed="0" regionsstable="0" regionsrebuilding="0"/>
  </mem-info>
</gc-start>
<allocation-stats totalBytes="7336792" >
  <allocated-bytes non-tlh="322576" tlh="7014216" arrayletleaf="0"/>
  <largest-consumer threadName="main" threadId="000000000118C700" bytes="7336792" />
</allocation-stats>
<gc-op id="221" type="mark" timems="2.910" contextid="218" timestamp="2019-06-15T00:49:29.818">
  <trace-info objectcount="24557" scancount="22108" scanbytes="872920" />
  <cardclean-info objects="2275" bytes="140264" />
  <remembered-set-cleared processed="10956" cleared="2313" durationms="0.179" />
  <references type="soft" candidates="224" cleared="0" enqueued="0" dynamicThreshold="11" maxThreshold="32" />
  <references type="weak" candidates="462" cleared="8" enqueued="7" />
  <references type="phantom" candidates="1" cleared="0" enqueued="0" />
  <stringconstants candidates="8296" cleared="0"  />
  <warning details="Mark invoked due to insufficient free space for Copy-Forward" />
</gc-op>
<gc-op id="222" type="classunload" timems="0.003" contextid="218" timestamp="2019-06-15T00:49:29.818">
  <classunload-info classloadercandidates="14" classloadersunloaded="0" classesunloaded="0" anonymousclassesunloaded="0" quiescems="0.000" setupms="0.003" scanms="0.000" postms="0.000" />
</gc-op>
<gc-op id="223" type="sweep" timems="0.854" contextid="218" timestamp="2019-06-15T00:49:29.819" />
<gc-op id="224" type="compact" timems="3.201" contextid="218" timestamp="2019-06-15T00:49:29.823">
  <compact-info movecount="15986" movebytes="1009648" />
  <remembered-set-cleared processed="27202" cleared="9887" durationms="0.179" />
</gc-op>
<heap-resize id="225" type="expand" space="default" amount="2097152" count="1" timems="0.061" reason="insufficient free space following gc" timestamp="2019-06-15T00:49:29.823" />
<gc-end id="226" type="partial gc" contextid="218" durationms="8.734" usertimems="12.000" systemtimems="0.000" timestamp="2019-06-15T00:49:29.823" activeThreads="4">
  <mem-info id="227" free="8388608" total="22020096" percent="38">
    <mem type="eden" free="117032" total="1048576" percent="11" />
    <pending-finalizers system="0" default="0" reference="7" classloader="0" />
    <remembered-set count="15456" freebytes="817152" totalbytes="878976" percent="92" regionsoverflowed="0" regionsstable="0" regionsrebuilding="0"/>
  </mem-info>
</gc-end>
<cycle-end id="228" type="partial gc" contextid="218" timestamp="2019-06-15T00:49:29.823" />
  <attribute name="elasticGC enabled" value="1" />
  <attribute name= "numThreadsSpecified" value="4" />
  <attribute name="heapSize specified" value="0" />
  <attribute name="Current GC Util" value="122" />
  <attribute name= "Current Time Running" value="6715" />
  <attribute name ="GC Interval" value="0" />
  <attribute name="ProportionalT" value="51.000000" />
  <attribute name="ProportionalI" value="51.000000" />
  <attribute name="ProportionalH" value="51.000000" />
  <attribute name="Current Error" value="102.000000" />
  <attribute name="IntegralT" value="204.000000" />
  <attribute name="IntegralI" value="204.000000" />
  <attribute name="IntegralH" value="204.000000" />
  <attribute name="DerivativeT" value="25.500000" />
  <attribute name="DerivativeI" value="25.500000" />
  <attribute name="DerivativeH" value="25.500000" />
  <attribute name="Loop Time for DT" value="2.000000" />
  <attribute name="Output H" value="8388608"/>
  <attribute name="Output I" value="280"/>
  <attribute name="Output T" value="4"/>
  <attribute name="Target GC Util Change" value ="20.000000" />
  <attribute name="Current GC Util Change" value="122.000000"/>
  <attribute name="GC Util currently" value="122" />
  <attribute name="CPU Util currently" value="4164227298805" />
<exclusive-end id="229" timestamp="2019-06-15T00:49:29.824" durationms="9.611" />

<exclusive-start id="230" timestamp="2019-06-15T00:49:29.891" intervalms="76.803">
  <response-info timems="0.030" idlems="0.030" threads="0" lastid="000000000118C700" lastname="main" />
</exclusive-start>
<allocation-taxation id="231" taxation-threshold="8388608" timestamp="2019-06-15T00:49:29.891" intervalms="76.794" />
<cycle-start id="232" type="partial gc" contextid="0" timestamp="2019-06-15T00:49:29.891" intervalms="76.777" />
<gc-start id="233" type="partial gc" contextid="232" timestamp="2019-06-15T00:49:29.891">
  <mem-info id="234" free="0" total="22020096" percent="0">
    <mem type="eden" free="0" total="8388608" percent="0" />
    <remembered-set count="15360" freebytes="817536" totalbytes="878976" percent="93" regionsoverflowed="0" regionsstable="0" regionsrebuilding="0"/>
  </mem-info>
</gc-start>
<allocation-stats totalBytes="8385880" >
  <allocated-bytes non-tlh="226576" tlh="8159304" arrayletleaf="0"/>
  <largest-consumer threadName="main" threadId="000000000118C700" bytes="8385880" />
</allocation-stats>
<gc-op id="235" type="mark" timems="2.507" contextid="232" timestamp="2019-06-15T00:49:29.894">
  <trace-info objectcount="11495" scancount="10550" scanbytes="367352" />
  <cardclean-info objects="1716" bytes="97772" />
  <remembered-set-cleared processed="12930" cleared="2473" durationms="0.114" />
  <references type="soft" candidates="539" cleared="0" enqueued="0" dynamicThreshold="12" maxThreshold="32" />
  <references type="weak" candidates="548" cleared="15" enqueued="15" />
  <stringconstants candidates="8627" cleared="0"  />
  <warning details="Mark invoked due to insufficient free space for Copy-Forward" />
</gc-op>
<gc-op id="236" type="classunload" timems="0.004" contextid="232" timestamp="2019-06-15T00:49:29.894">
  <classunload-info classloadercandidates="16" classloadersunloaded="0" classesunloaded="0" anonymousclassesunloaded="0" quiescems="0.000" setupms="0.003" scanms="0.000" postms="0.000" />
</gc-op>
<gc-op id="237" type="sweep" timems="0.789" contextid="232" timestamp="2019-06-15T00:49:29.895" />
<gc-op id="238" type="compact" timems="2.767" contextid="232" timestamp="2019-06-15T00:49:29.898">
  <compact-info movecount="11495" movebytes="492880" />
  <remembered-set-cleared processed="30697" cleared="9740" durationms="0.116" />
</gc-op>
<heap-resize id="239" type="expand" space="default" amount="1048576" count="1" timems="0.054" reason="insufficient free space following gc" timestamp="2019-06-15T00:49:29.899" />
<gc-end id="240" type="partial gc" contextid="232" durationms="7.579" usertimems="16.000" systemtimems="0.000" timestamp="2019-06-15T00:49:29.899" activeThreads="4">
  <mem-info id="241" free="8388608" total="23068672" percent="36">
    <mem type="eden" free="850696" total="1048576" percent="81" />
    <pending-finalizers system="0" default="0" reference="15" classloader="0" />
    <remembered-set count="15840" freebytes="857472" totalbytes="920832" percent="93" regionsoverflowed="0" regionsstable="0" regionsrebuilding="0"/>
  </mem-info>
</gc-end>
<cycle-end id="242" type="partial gc" contextid="232" timestamp="2019-06-15T00:49:29.899" />
  <attribute name="elasticGC enabled" value="1" />
  <attribute name= "numThreadsSpecified" value="4" />
  <attribute name="heapSize specified" value="0" />
  <attribute name="Current GC Util" value="87" />
  <attribute name= "Current Time Running" value="6790" />
  <attribute name ="GC Interval" value="0" />
  <attribute name="ProportionalT" value="33.500000" />
  <attribute name="ProportionalI" value="33.500000" />
  <attribute name="ProportionalH" value="33.500000" />
  <attribute name="Current Error" value="67.000000" />
  <attribute name="IntegralT" value="67.000000" />
  <attribute name="IntegralI" value="67.000000" />
  <attribute name="IntegralH" value="67.000000" />
  <attribute name="DerivativeT" value="-21.500000" />
  <attribute name="DerivativeI" value="-21.500000" />
  <attribute name="DerivativeH" value="-21.500000" />
  <attribute name="Loop Time for DT" value="1.000000" />
  <attribute name="Output H" value="8388608"/>
  <attribute name="Output I" value="200"/>
  <attribute name="Output T" value="4"/>
  <attribute name="Target GC Util Change" value ="20.000000" />
  <attribute name="Current GC Util Change" value="87.000000"/>
  <attribute name="GC Util currently" value="87" />
  <attribute name="CPU Util currently" value="4417027607696" />
<exclusive-end id="243" timestamp="2019-06-15T00:49:29.899" durationms="8.425" />

<exclusive-start id="244" timestamp="2019-06-15T00:49:29.934" intervalms="42.995">
  <response-info timems="0.021" idlems="0.021" threads="0" lastid="000000000118C700" lastname="main" />
</exclusive-start>
<sys-start reason="explicit" id="245" timestamp="2019-06-15T00:49:29.934" intervalms="6987.522" />
<cycle-start id="246" type="global garbage collect" contextid="0" timestamp="2019-06-15T00:49:29.934" intervalms="6987.677" />
<gc-start id="247" type="global garbage collect" contextid="246" timestamp="2019-06-15T00:49:29.934">
  <mem-info id="248" free="7340712" total="23068672" percent="31">
    <mem type="eden" free="680" total="1048576" percent="0" />
    <remembered-set count="15424" freebytes="859136" totalbytes="920832" percent="93" regionsoverflowed="0" regionsstable="0" regionsrebuilding="0"/>
  </mem-info>
</gc-start>
<allocation-stats totalBytes="1042000" >
  <allocated-bytes non-tlh="208216" tlh="833784" arrayletleaf="0"/>
  <largest-consumer threadName="main" threadId="000000000118C700" bytes="1042000" />
</allocation-stats>
<gc-op id="249" type="global mark" timems="6.846" contextid="246" timestamp="2019-06-15T00:49:29.941">
  <trace-info objectcount="74503" scancount="60775" scanbytes="2099652" />
  <finalization candidates="80" enqueued="0" />
  <ownableSynchronizers candidates="21" cleared="0" />
  <references type="soft" candidates="1640" cleared="0" enqueued="0" dynamicThreshold="11" maxThreshold="32" />
  <references type="weak" candidates="4488" cleared="17" enqueued="15" />
  <references type="phantom" candidates="102" cleared="2" enqueued="2" />
  <stringconstants candidates="8680" cleared="15"  />
</gc-op>
<gc-op id="250" type="classunload" timems="0.376" contextid="246" timestamp="2019-06-15T00:49:29.942">
  <classunload-info classloadercandidates="17" classloadersunloaded="1" classesunloaded="1" anonymousclassesunloaded="0" quiescems="0.000" setupms="0.365" scanms="0.006" postms="0.004" />
</gc-op>
<gc-op id="251" type="sweep" timems="1.746" contextid="246" timestamp="2019-06-15T00:49:29.944" />
<gc-op id="252" type="compact" timems="8.700" contextid="246" timestamp="2019-06-15T00:49:29.953">
  <compact-info movecount="73681" movebytes="4212856" />
  <remembered-set-cleared processed="26377" cleared="26377" durationms="0.130" />
</gc-op>
<gc-end id="253" type="global garbage collect" contextid="246" durationms="18.782" usertimems="28.000" systemtimems="4.000" timestamp="2019-06-15T00:49:29.953" activeThreads="4">
  <mem-info id="254" free="8388608" total="23068672" percent="36">
    <pending-finalizers system="0" default="0" reference="17" classloader="0" />
    <remembered-set count="10752" freebytes="877824" totalbytes="920832" percent="95" regionsoverflowed="0" regionsstable="0" regionsrebuilding="0"/>
  </mem-info>
</gc-end>
<cycle-end id="255" type="global garbage collect" contextid="246" timestamp="2019-06-15T00:49:29.953" />
  <attribute name="elasticGC enabled" value="1" />
  <attribute name= "numThreadsSpecified" value="4" />
  <attribute name="heapSize specified" value="0" />
  <attribute name="Current GC Util" value="90" />
  <attribute name= "Current Time Running" value="6839" />
  <attribute name ="GC Interval" value="0" />
  <attribute name="ProportionalT" value="35.000000" />
  <attribute name="ProportionalI" value="35.000000" />
  <attribute name="ProportionalH" value="35.000000" />
  <attribute name="Current Error" value="70.000000" />
  <attribute name="IntegralT" value="140.000000" />
  <attribute name="IntegralI" value="140.000000" />
  <attribute name="IntegralH" value="140.000000" />
  <attribute name="DerivativeT" value="-13.250000" />
  <attribute name="DerivativeI" value="-13.250000" />
  <attribute name="DerivativeH" value="-13.250000" />
  <attribute name="Loop Time for DT" value="2.000000" />
  <attribute name="Output H" value="8388608"/>
  <attribute name="Output I" value="200"/>
  <attribute name="Output T" value="4"/>
  <attribute name="Target GC Util Change" value ="20.000000" />
  <attribute name="Current GC Util Change" value="90.000000"/>
  <attribute name="GC Util currently" value="90" />
  <attribute name="CPU Util currently" value="2333414634255" />
<sys-end id="256" timestamp="2019-06-15T00:49:29.953" />
<exclusive-end id="257" timestamp="2019-06-15T00:49:29.954" durationms="19.885" />

<exclusive-start id="258" timestamp="2019-06-15T00:49:29.999" intervalms="65.316">
  <response-info timems="0.071" idlems="0.071" threads="0" lastid="000000000118C700" lastname="main" />
</exclusive-start>
<allocation-taxation id="259" taxation-threshold="8388608" timestamp="2019-06-15T00:49:29.999" intervalms="108.379" />
<cycle-start id="260" type="partial gc" contextid="0" timestamp="2019-06-15T00:49:29.999" intervalms="108.499" />
<gc-start id="261" type="partial gc" contextid="260" timestamp="2019-06-15T00:49:30.000">
  <mem-info id="262" free="0" total="23068672" percent="0">
    <mem type="eden" free="0" total="8388608" percent="0" />
    <remembered-set count="10688" freebytes="878080" totalbytes="920832" percent="95" regionsoverflowed="0" regionsstable="0" regionsrebuilding="0"/>
  </mem-info>
</gc-start>
<allocation-stats totalBytes="8386896" >
  <allocated-bytes non-tlh="529840" tlh="7857056" arrayletleaf="0"/>
  <largest-consumer threadName="main" threadId="000000000118C700" bytes="8378648" />
</allocation-stats>
<gc-op id="263" type="mark" timems="4.673" contextid="260" timestamp="2019-06-15T00:49:30.005">
  <trace-info objectcount="17911" scancount="16127" scanbytes="701132" />
  <cardclean-info objects="540" bytes="23228" />
  <remembered-set-cleared processed="9178" cleared="115" durationms="0.155" />
  <references type="soft" candidates="2" cleared="0" enqueued="0" dynamicThreshold="11" maxThreshold="32" />
  <references type="weak" candidates="12" cleared="10" enqueued="10" />
  <references type="phantom" candidates="6" cleared="2" enqueued="2" />
  <stringconstants candidates="8688" cleared="0"  />
  <warning details="Mark invoked due to insufficient free space for Copy-Forward" />
</gc-op>
<gc-op id="264" type="classunload" timems="0.003" contextid="260" timestamp="2019-06-15T00:49:30.006">
  <classunload-info classloadercandidates="16" classloadersunloaded="0" classesunloaded="0" anonymousclassesunloaded="0" quiescems="0.000" setupms="0.003" scanms="0.000" postms="0.000" />
</gc-op>
<gc-op id="265" type="sweep" timems="1.183" contextid="260" timestamp="2019-06-15T00:49:30.007" />
<gc-op id="266" type="compact" timems="2.817" contextid="260" timestamp="2019-06-15T00:49:30.010">
  <compact-info movecount="17911" movebytes="1359992" />
  <remembered-set-cleared processed="21081" cleared="2940" durationms="0.155" />
</gc-op>
<heap-resize id="267" type="expand" space="default" amount="4194304" count="1" timems="0.075" reason="insufficient free space following gc" timestamp="2019-06-15T00:49:30.010" />
<gc-end id="268" type="partial gc" contextid="260" durationms="10.720" usertimems="4.000" systemtimems="8.000" timestamp="2019-06-15T00:49:30.011" activeThreads="4">
  <mem-info id="269" free="10485760" total="27262976" percent="38">
    <mem type="eden" free="635072" total="2097152" percent="30" />
    <pending-finalizers system="0" default="0" reference="12" classloader="0" />
    <remembered-set count="12896" freebytes="1036672" totalbytes="1088256" percent="95" regionsoverflowed="0" regionsstable="0" regionsrebuilding="0"/>
  </mem-info>
</gc-end>
<cycle-end id="270" type="partial gc" contextid="260" timestamp="2019-06-15T00:49:30.011" />
  <attribute name="elasticGC enabled" value="1" />
  <attribute name= "numThreadsSpecified" value="4" />
  <attribute name="heapSize specified" value="0" />
  <attribute name="Current GC Util" value="85" />
  <attribute name= "Current Time Running" value="6902" />
  <attribute name ="GC Interval" value="0" />
  <attribute name="ProportionalT" value="32.500000" />
  <attribute name="ProportionalI" value="32.500000" />
  <attribute name="ProportionalH" value="32.500000" />
  <attribute name="Current Error" value="65.000000" />
  <attribute name="IntegralT" value="65.000000" />
  <attribute name="IntegralI" value="65.000000" />
  <attribute name="IntegralH" value="65.000000" />
  <attribute name="DerivativeT" value="-14.000000" />
  <attribute name="DerivativeI" value="-14.000000" />
  <attribute name="DerivativeH" value="-14.000000" />
  <attribute name="Loop Time for DT" value="1.000000" />
  <attribute name="Output H" value="8388608"/>
  <attribute name="Output I" value="200"/>
  <attribute name="Output T" value="4"/>
  <attribute name="Target GC Util Change" value ="20.000000" />
  <attribute name="Current GC Util Change" value="85.000000"/>
  <attribute name="GC Util currently" value="85" />
  <attribute name="CPU Util currently" value="3239788045923" />
<exclusive-end id="271" timestamp="2019-06-15T00:49:30.011" durationms="11.907" />

<exclusive-start id="272" timestamp="2019-06-15T00:49:30.100" intervalms="100.522">
  <response-info timems="0.025" idlems="0.025" threads="0" lastid="000000000118C700" lastname="main" />
</exclusive-start>
<allocation-taxation id="273" taxation-threshold="10485760" timestamp="2019-06-15T00:49:30.100" intervalms="100.524" />
<cycle-start id="274" type="partial gc" contextid="0" timestamp="2019-06-15T00:49:30.100" intervalms="100.460" />
<gc-start id="275" type="partial gc" contextid="274" timestamp="2019-06-15T00:49:30.100">
  <mem-info id="276" free="0" total="27262976" percent="0">
    <mem type="eden" free="0" total="10485760" percent="0" />
    <remembered-set count="12896" freebytes="1036672" totalbytes="1088256" percent="95" regionsoverflowed="0" regionsstable="0" regionsrebuilding="0"/>
  </mem-info>
</gc-start>
<allocation-stats totalBytes="10483696" >
  <allocated-bytes non-tlh="340560" tlh="10143136" arrayletleaf="0"/>
  <largest-consumer threadName="main" threadId="000000000118C700" bytes="10483696" />
</allocation-stats>
<gc-op id="277" type="mark" timems="2.291" contextid="274" timestamp="2019-06-15T00:49:30.103">
  <trace-info objectcount="17368" scancount="12954" scanbytes="436404" />
  <cardclean-info objects="728" bytes="41092" />
  <remembered-set-cleared processed="10749" cleared="1878" durationms="0.167" />
  <references type="soft" candidates="59" cleared="0" enqueued="0" dynamicThreshold="12" maxThreshold="32" />
  <references type="weak" candidates="123" cleared="17" enqueued="14" />
  <references type="phantom" candidates="4" cleared="0" enqueued="0" />
  <stringconstants candidates="10895" cleared="0"  />
  <warning details="Mark invoked due to insufficient free space for Copy-Forward" />
</gc-op>
<gc-op id="278" type="classunload" timems="0.003" contextid="274" timestamp="2019-06-15T00:49:30.103">
  <classunload-info classloadercandidates="17" classloadersunloaded="0" classesunloaded="0" anonymousclassesunloaded="0" quiescems="0.000" setupms="0.003" scanms="0.000" postms="0.000" />
</gc-op>
<gc-op id="279" type="sweep" timems="1.508" contextid="274" timestamp="2019-06-15T00:49:30.105" />
<gc-op id="280" type="compact" timems="4.650" contextid="274" timestamp="2019-06-15T00:49:30.110">
  <compact-info movecount="17368" movebytes="1291328" />
  <remembered-set-cleared processed="22593" cleared="4803" durationms="0.167" />
</gc-op>
<gc-end id="281" type="partial gc" contextid="274" durationms="9.983" usertimems="4.000" systemtimems="8.000" timestamp="2019-06-15T00:49:30.110" activeThreads="4">
  <mem-info id="282" free="10485760" total="27262976" percent="38">
    <mem type="eden" free="57464" total="1048576" percent="5" />
    <pending-finalizers system="0" default="0" reference="14" classloader="0" />
    <remembered-set count="12416" freebytes="1038592" totalbytes="1088256" percent="95" regionsoverflowed="0" regionsstable="0" regionsrebuilding="0"/>
  </mem-info>
</gc-end>
<cycle-end id="283" type="partial gc" contextid="274" timestamp="2019-06-15T00:49:30.110" />
  <attribute name="elasticGC enabled" value="1" />
  <attribute name= "numThreadsSpecified" value="4" />
  <attribute name="heapSize specified" value="0" />
  <attribute name="Current GC Util" value="127" />
  <attribute name= "Current Time Running" value="7000" />
  <attribute name ="GC Interval" value="0" />
  <attribute name="ProportionalT" value="53.500000" />
  <attribute name="ProportionalI" value="53.500000" />
  <attribute name="ProportionalH" value="53.500000" />
  <attribute name="Current Error" value="107.000000" />
  <attribute name="IntegralT" value="214.000000" />
  <attribute name="IntegralI" value="214.000000" />
  <attribute name="IntegralH" value="214.000000" />
  <attribute name="DerivativeT" value="26.750000" />
  <attribute name="DerivativeI" value="26.750000" />
  <attribute name="DerivativeH" value="26.750000" />
  <attribute name="Loop Time for DT" value="2.000000" />
  <attribute name="Output H" value="8388608"/>
  <attribute name="Output I" value="296"/>
  <attribute name="Output T" value="4"/>
  <attribute name="Target GC Util Change" value ="20.000000" />
  <attribute name="Current GC Util Change" value="127.000000"/>
  <attribute name="GC Util currently" value="127" />
  <attribute name="CPU Util currently" value="2619075238432" />
<exclusive-end id="284" timestamp="2019-06-15T00:49:30.111" durationms="11.050" />

<exclusive-start id="285" timestamp="2019-06-15T00:49:30.158" intervalms="58.778">
  <response-info timems="0.023" idlems="0.023" threads="0" lastid="000000000118C700" lastname="main" />
</exclusive-start>
<allocation-taxation id="286" taxation-threshold="10485760" timestamp="2019-06-15T00:49:30.158" intervalms="58.674" />
<cycle-start id="287" type="partial gc" contextid="0" timestamp="2019-06-15T00:49:30.159" intervalms="58.628" />
<gc-start id="288" type="partial gc" contextid="287" timestamp="2019-06-15T00:49:30.159">
  <mem-info id="289" free="0" total="27262976" percent="0">
    <mem type="eden" free="115920" total="10485760" percent="1" />
    <remembered-set count="12064" freebytes="1040000" totalbytes="1088256" percent="95" regionsoverflowed="0" regionsstable="0" regionsrebuilding="0"/>
  </mem-info>
</gc-start>
<allocation-stats totalBytes="10367720" >
  <allocated-bytes non-tlh="234808" tlh="10132912" arrayletleaf="0"/>
  <largest-consumer threadName="main" threadId="000000000118C700" bytes="10367720" />
</allocation-stats>
<gc-op id="290" type="mark" timems="1.919" contextid="287" timestamp="2019-06-15T00:49:30.161">
  <trace-info objectcount="13194" scancount="9029" scanbytes="243124" />
  <cardclean-info objects="358" bytes="35364" />
  <remembered-set-cleared processed="10221" cleared="1137" durationms="0.161" />
  <references type="soft" candidates="90" cleared="0" enqueued="0" dynamicThreshold="12" maxThreshold="32" />
  <references type="weak" candidates="112" cleared="2" enqueued="2" />
  <references type="phantom" candidates="1" cleared="0" enqueued="0" />
  <stringconstants candidates="11052" cleared="0"  />
  <warning details="Mark invoked due to insufficient free space for Copy-Forward" />
</gc-op>
<gc-op id="291" type="classunload" timems="0.003" contextid="287" timestamp="2019-06-15T00:49:30.162">
  <classunload-info classloadercandidates="19" classloadersunloaded="0" classesunloaded="0" anonymousclassesunloaded="0" quiescems="0.000" setupms="0.003" scanms="0.000" postms="0.000" />
</gc-op>
<gc-op id="292" type="sweep" timems="1.376" contextid="287" timestamp="2019-06-15T00:49:30.163" />
<gc-op id="293" type="compact" timems="4.538" contextid="287" timestamp="2019-06-15T00:49:30.168">
  <compact-info movecount="12136" movebytes="511344" />
  <remembered-set-cleared processed="21783" cleared="3609" durationms="0.161" />
</gc-op>
<heap-resize id="294" type="expand" space="default" amount="2097152" count="1" timems="0.066" reason="insufficient free space following gc" timestamp="2019-06-15T00:49:30.168" />
<gc-end id="295" type="partial gc" contextid="287" durationms="9.639" usertimems="12.000" systemtimems="0.000" timestamp="2019-06-15T00:49:30.168" activeThreads="4">
  <mem-info id="296" free="11534336" total="29360128" percent="39">
    <mem type="eden" free="948328" total="1048576" percent="90" />
    <pending-finalizers system="0" default="0" reference="2" classloader="0" />
    <remembered-set count="12448" freebytes="1122176" totalbytes="1171968" percent="95" regionsoverflowed="0" regionsstable="0" regionsrebuilding="0"/>
  </mem-info>
</gc-end>
<cycle-end id="297" type="partial gc" contextid="287" timestamp="2019-06-15T00:49:30.169" />
  <attribute name="elasticGC enabled" value="1" />
  <attribute name= "numThreadsSpecified" value="4" />
  <attribute name="heapSize specified" value="0" />
  <attribute name="Current GC Util" value="134" />
  <attribute name= "Current Time Running" value="7058" />
  <attribute name ="GC Interval" value="0" />
  <attribute name="ProportionalT" value="57.000000" />
  <attribute name="ProportionalI" value="57.000000" />
  <attribute name="ProportionalH" value="57.000000" />
  <attribute name="Current Error" value="114.000000" />
  <attribute name="IntegralT" value="114.000000" />
  <attribute name="IntegralI" value="114.000000" />
  <attribute name="IntegralH" value="114.000000" />
  <attribute name="DerivativeT" value="57.000000" />
  <attribute name="DerivativeI" value="57.000000" />
  <attribute name="DerivativeH" value="57.000000" />
  <attribute name="Loop Time for DT" value="1.000000" />
  <attribute name="Output H" value="8388608"/>
  <attribute name="Output I" value="232"/>
  <attribute name="Output T" value="4"/>
  <attribute name="Target GC Util Change" value ="20.000000" />
  <attribute name="Current GC Util Change" value="134.000000"/>
  <attribute name="GC Util currently" value="134" />
  <attribute name="CPU Util currently" value="2843139511224" />
<exclusive-end id="298" timestamp="2019-06-15T00:49:30.169" durationms="10.484" />

<exclusive-start id="299" timestamp="2019-06-15T00:49:30.200" intervalms="41.744">
  <response-info timems="0.064" idlems="0.064" threads="0" lastid="000000000118C700" lastname="main" />
</exclusive-start>
<allocation-taxation id="300" taxation-threshold="11534336" timestamp="2019-06-15T00:49:30.200" intervalms="41.862" />
<cycle-start id="301" type="partial gc" contextid="0" timestamp="2019-06-15T00:49:30.201" intervalms="41.992" />
<gc-start id="302" type="partial gc" contextid="301" timestamp="2019-06-15T00:49:30.201">
  <mem-info id="303" free="0" total="29360128" percent="0">
    <mem type="eden" free="0" total="11534336" percent="0" />
    <remembered-set count="12000" freebytes="1123968" totalbytes="1171968" percent="95" regionsoverflowed="0" regionsstable="0" regionsrebuilding="0"/>
  </mem-info>
</gc-start>
<allocation-stats totalBytes="11532904" >
  <allocated-bytes non-tlh="268136" tlh="11264768" arrayletleaf="0"/>
  <largest-consumer threadName="main" threadId="000000000118C700" bytes="11528808" />
</allocation-stats>
<gc-op id="304" type="mark" timems="4.728" contextid="301" timestamp="2019-06-15T00:49:30.207">
  <trace-info objectcount="15804" scancount="14355" scanbytes="632880" />
  <cardclean-info objects="434" bytes="29596" />
  <remembered-set-cleared processed="10196" cleared="463" durationms="0.263" />
  <references type="soft" candidates="33" cleared="0" enqueued="0" dynamicThreshold="12" maxThreshold="32" />
  <references type="weak" candidates="24" cleared="0" enqueued="0" />
  <references type="phantom" candidates="1" cleared="0" enqueued="0" />
  <stringconstants candidates="11067" cleared="0"  />
  <warning details="Mark invoked due to insufficient free space for Copy-Forward" />
</gc-op>
<gc-op id="305" type="classunload" timems="0.003" contextid="301" timestamp="2019-06-15T00:49:30.207">
  <classunload-info classloadercandidates="19" classloadersunloaded="0" classesunloaded="0" anonymousclassesunloaded="0" quiescems="0.000" setupms="0.003" scanms="0.000" postms="0.000" />
</gc-op>
<gc-op id="306" type="sweep" timems="1.465" contextid="301" timestamp="2019-06-15T00:49:30.208" />
<gc-op id="307" type="compact" timems="3.685" contextid="301" timestamp="2019-06-15T00:49:30.212">
  <compact-info movecount="15464" movebytes="991776" />
  <remembered-set-cleared processed="22959" cleared="3437" durationms="0.263" />
</gc-op>
<heap-resize id="308" type="expand" space="default" amount="1048576" count="1" timems="0.057" reason="insufficient free space following gc" timestamp="2019-06-15T00:49:30.213" />
<gc-end id="309" type="partial gc" contextid="301" durationms="11.872" usertimems="16.000" systemtimems="0.000" timestamp="2019-06-15T00:49:30.213" activeThreads="4">
  <mem-info id="310" free="11534336" total="30408704" percent="37">
    <mem type="eden" free="106528" total="1048576" percent="10" />
    <remembered-set count="13920" freebytes="1158144" totalbytes="1213824" percent="95" regionsoverflowed="0" regionsstable="0" regionsrebuilding="0"/>
  </mem-info>
</gc-end>
<cycle-end id="311" type="partial gc" contextid="301" timestamp="2019-06-15T00:49:30.213" />
  <attribute name="elasticGC enabled" value="1" />
  <attribute name= "numThreadsSpecified" value="4" />
  <attribute name="heapSize specified" value="0" />
  <attribute name="Current GC Util" value="100" />
  <attribute name= "Current Time Running" value="7104" />
  <attribute name ="GC Interval" value="0" />
  <attribute name="ProportionalT" value="40.000000" />
  <attribute name="ProportionalI" value="40.000000" />
  <attribute name="ProportionalH" value="40.000000" />
  <attribute name="Current Error" value="80.000000" />
  <attribute name="IntegralT" value="160.000000" />
  <attribute name="IntegralI" value="160.000000" />
  <attribute name="IntegralH" value="160.000000" />
  <attribute name="DerivativeT" value="-5.250000" />
  <attribute name="DerivativeI" value="-5.250000" />
  <attribute name="DerivativeH" value="-5.250000" />
  <attribute name="Loop Time for DT" value="2.000000" />
  <attribute name="Output H" value="8388608"/>
  <attribute name="Output I" value="200"/>
  <attribute name="Output T" value="4"/>
  <attribute name="Target GC Util Change" value ="20.000000" />
  <attribute name="Current GC Util Change" value="100.000000"/>
  <attribute name="GC Util currently" value="100" />
  <attribute name="CPU Util currently" value="2689482958115" />
<exclusive-end id="312" timestamp="2019-06-15T00:49:30.213" durationms="13.109" />

<exclusive-start id="313" timestamp="2019-06-15T00:49:30.257" intervalms="56.533">
  <response-info timems="0.032" idlems="0.032" threads="0" lastid="000000000118C700" lastname="main" />
</exclusive-start>
<allocation-taxation id="314" taxation-threshold="11534336" timestamp="2019-06-15T00:49:30.257" intervalms="56.519" />
<cycle-start id="315" type="partial gc" contextid="0" timestamp="2019-06-15T00:49:30.257" intervalms="56.502" />
<gc-start id="316" type="partial gc" contextid="315" timestamp="2019-06-15T00:49:30.257">
  <mem-info id="317" free="0" total="30408704" percent="0">
    <mem type="eden" free="0" total="11534336" percent="0" />
    <remembered-set count="13920" freebytes="1158144" totalbytes="1213824" percent="95" regionsoverflowed="0" regionsstable="0" regionsrebuilding="0"/>
  </mem-info>
</gc-start>
<allocation-stats totalBytes="11533176" >
  <allocated-bytes non-tlh="206312" tlh="11326864" arrayletleaf="0"/>
  <largest-consumer threadName="main" threadId="000000000118C700" bytes="11533176" />
</allocation-stats>
<gc-op id="318" type="mark" timems="1.829" contextid="315" timestamp="2019-06-15T00:49:30.260">
  <trace-info objectcount="5925" scancount="5085" scanbytes="195080" />
  <cardclean-info objects="420" bytes="21820" />
  <remembered-set-cleared processed="12153" cleared="2201" durationms="0.180" />
  <references type="soft" candidates="10" cleared="0" enqueued="0" dynamicThreshold="12" maxThreshold="32" />
  <references type="weak" candidates="42" cleared="0" enqueued="0" />
  <stringconstants candidates="11145" cleared="0"  />
  <warning details="Mark invoked due to insufficient free space for Copy-Forward" />
</gc-op>
<gc-op id="319" type="classunload" timems="0.003" contextid="315" timestamp="2019-06-15T00:49:30.260">
  <classunload-info classloadercandidates="20" classloadersunloaded="0" classesunloaded="0" anonymousclassesunloaded="0" quiescems="0.000" setupms="0.003" scanms="0.000" postms="0.000" />
</gc-op>
<gc-op id="320" type="sweep" timems="1.436" contextid="315" timestamp="2019-06-15T00:49:30.262" />
<gc-op id="321" type="compact" timems="4.157" contextid="315" timestamp="2019-06-15T00:49:30.266">
  <compact-info movecount="5925" movebytes="359224" />
  <remembered-set-cleared processed="23699" cleared="3758" durationms="0.180" />
</gc-op>
<heap-resize id="322" type="expand" space="default" amount="2097152" count="1" timems="0.059" reason="insufficient free space following gc" timestamp="2019-06-15T00:49:30.267" />
<gc-end id="323" type="partial gc" contextid="315" durationms="9.429" usertimems="12.000" systemtimems="0.000" timestamp="2019-06-15T00:49:30.267" activeThreads="4">
  <mem-info id="324" free="12582912" total="32505856" percent="38">
    <mem type="eden" free="769312" total="1048576" percent="73" />
    <remembered-set count="12800" freebytes="1246336" totalbytes="1297536" percent="96" regionsoverflowed="0" regionsstable="0" regionsrebuilding="0"/>
  </mem-info>
</gc-end>
<cycle-end id="325" type="partial gc" contextid="315" timestamp="2019-06-15T00:49:30.267" />
  <attribute name="elasticGC enabled" value="1" />
  <attribute name= "numThreadsSpecified" value="4" />
  <attribute name="heapSize specified" value="0" />
  <attribute name="Current GC Util" value="130" />
  <attribute name= "Current Time Running" value="7157" />
  <attribute name ="GC Interval" value="0" />
  <attribute name="ProportionalT" value="55.000000" />
  <attribute name="ProportionalI" value="55.000000" />
  <attribute name="ProportionalH" value="55.000000" />
  <attribute name="Current Error" value="110.000000" />
  <attribute name="IntegralT" value="220.000000" />
  <attribute name="IntegralI" value="220.000000" />
  <attribute name="IntegralH" value="220.000000" />
  <attribute name="DerivativeT" value="27.500000" />
  <attribute name="DerivativeI" value="27.500000" />
  <attribute name="DerivativeH" value="27.500000" />
  <attribute name="Loop Time for DT" value="2.000000" />
  <attribute name="Output H" value="8388608"/>
  <attribute name="Output I" value="304"/>
  <attribute name="Output T" value="4"/>
  <attribute name="Target GC Util Change" value ="20.000000" />
  <attribute name="Current GC Util Change" value="130.000000"/>
  <attribute name="GC Util currently" value="130" />
  <attribute name="CPU Util currently" value="2743410050585" />
<exclusive-end id="326" timestamp="2019-06-15T00:49:30.267" durationms="10.609" />

<exclusive-start id="327" timestamp="2019-06-15T00:49:30.316" intervalms="59.750">
  <response-info timems="0.027" idlems="0.027" threads="0" lastid="000000000118C700" lastname="main" />
</exclusive-start>
<allocation-taxation id="328" taxation-threshold="12582912" timestamp="2019-06-15T00:49:30.317" intervalms="59.781" />
<cycle-start id="329" type="partial gc" contextid="0" timestamp="2019-06-15T00:49:30.317" intervalms="59.715" />
<gc-start id="330" type="partial gc" contextid="329" timestamp="2019-06-15T00:49:30.317">
  <mem-info id="331" free="0" total="32505856" percent="0">
    <mem type="eden" free="0" total="12582912" percent="0" />
    <remembered-set count="12672" freebytes="1246848" totalbytes="1297536" percent="96" regionsoverflowed="0" regionsstable="0" regionsrebuilding="0"/>
  </mem-info>
</gc-start>
<allocation-stats totalBytes="12581288" >
  <allocated-bytes non-tlh="341880" tlh="12239408" arrayletleaf="0"/>
  <largest-consumer threadName="main" threadId="000000000118C700" bytes="12581288" />
</allocation-stats>
<gc-op id="332" type="mark" timems="4.818" contextid="329" timestamp="2019-06-15T00:49:30.323">
  <trace-info objectcount="25286" scancount="22819" scanbytes="988728" />
  <cardclean-info objects="300" bytes="26404" />
  <remembered-set-cleared processed="11065" cleared="989" durationms="0.283" />
  <references type="soft" candidates="11" cleared="0" enqueued="0" dynamicThreshold="12" maxThreshold="32" />
  <references type="weak" candidates="201" cleared="0" enqueued="0" />
  <references type="phantom" candidates="1" cleared="0" enqueued="0" />
  <stringconstants candidates="11317" cleared="0"  />
  <warning details="Mark invoked due to insufficient free space for Copy-Forward" />
</gc-op>
<gc-op id="333" type="classunload" timems="0.003" contextid="329" timestamp="2019-06-15T00:49:30.323">
  <classunload-info classloadercandidates="21" classloadersunloaded="0" classesunloaded="0" anonymousclassesunloaded="0" quiescems="0.000" setupms="0.003" scanms="0.000" postms="0.000" />
</gc-op>
<gc-op id="334" type="sweep" timems="1.682" contextid="329" timestamp="2019-06-15T00:49:30.325" />
<gc-op id="335" type="compact" timems="4.262" contextid="329" timestamp="2019-06-15T00:49:30.329">
  <compact-info movecount="25286" movebytes="1402864" />
  <remembered-set-cleared processed="25902" cleared="5725" durationms="0.283" />
</gc-op>
<heap-resize id="336" type="expand" space="default" amount="1048576" count="1" timems="0.053" reason="insufficient free space following gc" timestamp="2019-06-15T00:49:30.330" />
<gc-end id="337" type="partial gc" contextid="329" durationms="12.810" usertimems="16.000" systemtimems="0.000" timestamp="2019-06-15T00:49:30.330" activeThreads="4">
  <mem-info id="338" free="11534336" total="33554432" percent="34">
    <mem type="eden" free="740600" total="2097152" percent="35" />
    <remembered-set count="16064" freebytes="1275136" totalbytes="1339392" percent="95" regionsoverflowed="0" regionsstable="0" regionsrebuilding="0"/>
  </mem-info>
</gc-end>
<cycle-end id="339" type="partial gc" contextid="329" timestamp="2019-06-15T00:49:30.330" />
  <attribute name="elasticGC enabled" value="1" />
  <attribute name= "numThreadsSpecified" value="4" />
  <attribute name="heapSize specified" value="0" />
  <attribute name="Current GC Util" value="91" />
  <attribute name= "Current Time Running" value="7220" />
  <attribute name ="GC Interval" value="0" />
  <attribute name="ProportionalT" value="35.500000" />
  <attribute name="ProportionalI" value="35.500000" />
  <attribute name="ProportionalH" value="35.500000" />
  <attribute name="Current Error" value="71.000000" />
  <attribute name="IntegralT" value="142.000000" />
  <attribute name="IntegralI" value="142.000000" />
  <attribute name="IntegralH" value="142.000000" />
  <attribute name="DerivativeT" value="-8.750000" />
  <attribute name="DerivativeI" value="-8.750000" />
  <attribute name="DerivativeH" value="-8.750000" />
  <attribute name="Loop Time for DT" value="2.000000" />
  <attribute name="Output H" value="8388608"/>
  <attribute name="Output I" value="200"/>
  <attribute name="Output T" value="4"/>
  <attribute name="Target GC Util Change" value ="20.000000" />
  <attribute name="Current GC Util Change" value="91.000000"/>
  <attribute name="GC Util currently" value="91" />
  <attribute name="CPU Util currently" value="2377530299406" />
<exclusive-end id="340" timestamp="2019-06-15T00:49:30.330" durationms="13.968" />

<exclusive-start id="341" timestamp="2019-06-15T00:49:30.396" intervalms="79.372">
  <response-info timems="0.027" idlems="0.027" threads="0" lastid="000000000118C700" lastname="main" />
</exclusive-start>
<allocation-taxation id="342" taxation-threshold="11534336" timestamp="2019-06-15T00:49:30.396" intervalms="79.294" />
<cycle-start id="343" type="partial gc" contextid="0" timestamp="2019-06-15T00:49:30.396" intervalms="79.286" />
<gc-start id="344" type="partial gc" contextid="343" timestamp="2019-06-15T00:49:30.396">
  <mem-info id="345" free="0" total="33554432" percent="0">
    <mem type="eden" free="0" total="11534336" percent="0" />
    <remembered-set count="16064" freebytes="1275136" totalbytes="1339392" percent="95" regionsoverflowed="0" regionsstable="0" regionsrebuilding="0"/>
  </mem-info>
</gc-start>
<allocation-stats totalBytes="11532400" >
  <allocated-bytes non-tlh="224528" tlh="11307872" arrayletleaf="0"/>
  <largest-consumer threadName="main" threadId="000000000118C700" bytes="11532400" />
</allocation-stats>
<gc-op id="346" type="mark" timems="2.126" contextid="343" timestamp="2019-06-15T00:49:30.399">
  <trace-info objectcount="7584" scancount="6806" scanbytes="267272" />
  <cardclean-info objects="769" bytes="44448" />
  <remembered-set-cleared processed="13080" cleared="2944" durationms="0.210" />
  <references type="soft" candidates="25" cleared="0" enqueued="0" dynamicThreshold="11" maxThreshold="32" />
  <references type="weak" candidates="419" cleared="2" enqueued="2" />
  <references type="phantom" candidates="1" cleared="0" enqueued="0" />
  <stringconstants candidates="11535" cleared="0"  />
  <warning details="Mark invoked due to insufficient free space for Copy-Forward" />
</gc-op>
<gc-op id="347" type="classunload" timems="0.003" contextid="343" timestamp="2019-06-15T00:49:30.400">
  <classunload-info classloadercandidates="22" classloadersunloaded="0" classesunloaded="0" anonymousclassesunloaded="0" quiescems="0.000" setupms="0.003" scanms="0.000" postms="0.000" />
</gc-op>
<gc-op id="348" type="sweep" timems="1.516" contextid="343" timestamp="2019-06-15T00:49:30.401" />
<gc-op id="349" type="compact" timems="4.588" contextid="343" timestamp="2019-06-15T00:49:30.406">
  <compact-info movecount="7536" movebytes="541296" />
  <remembered-set-cleared processed="26386" cleared="6025" durationms="0.210" />
</gc-op>
<heap-resize id="350" type="expand" space="default" amount="6291456" count="1" timems="0.090" reason="excessive time being spent in gc" timestamp="2019-06-15T00:49:30.407" />
<gc-end id="351" type="partial gc" contextid="343" durationms="10.333" usertimems="8.000" systemtimems="4.000" timestamp="2019-06-15T00:49:30.407" activeThreads="4">
  <mem-info id="352" free="17825792" total="39845888" percent="44">
    <mem type="eden" free="540384" total="1048576" percent="51" />
    <pending-finalizers system="0" default="0" reference="2" classloader="0" />
    <remembered-set count="14112" freebytes="1534080" totalbytes="1590528" percent="96" regionsoverflowed="0" regionsstable="0" regionsrebuilding="0"/>
  </mem-info>
</gc-end>
<cycle-end id="353" type="partial gc" contextid="343" timestamp="2019-06-15T00:49:30.407" />
  <attribute name="elasticGC enabled" value="1" />
  <attribute name= "numThreadsSpecified" value="4" />
  <attribute name="heapSize specified" value="0" />
  <attribute name="Current GC Util" value="126" />
  <attribute name= "Current Time Running" value="7297" />
  <attribute name ="GC Interval" value="0" />
  <attribute name="ProportionalT" value="53.000000" />
  <attribute name="ProportionalI" value="53.000000" />
  <attribute name="ProportionalH" value="53.000000" />
  <attribute name="Current Error" value="106.000000" />
  <attribute name="IntegralT" value="212.000000" />
  <attribute name="IntegralI" value="212.000000" />
  <attribute name="IntegralH" value="212.000000" />
  <attribute name="DerivativeT" value="26.500000" />
  <attribute name="DerivativeI" value="26.500000" />
  <attribute name="DerivativeH" value="26.500000" />
  <attribute name="Loop Time for DT" value="2.000000" />
  <attribute name="Output H" value="8388608"/>
  <attribute name="Output I" value="296"/>
  <attribute name="Output T" value="4"/>
  <attribute name="Target GC Util Change" value ="20.000000" />
  <attribute name="Current GC Util Change" value="126.000000"/>
  <attribute name="GC Util currently" value="126" />
  <attribute name="CPU Util currently" value="2591956077263" />
<exclusive-end id="354" timestamp="2019-06-15T00:49:30.407" durationms="11.408" />

<exclusive-start id="355" timestamp="2019-06-15T00:49:30.525" intervalms="129.508">
  <response-info timems="0.030" idlems="0.030" threads="0" lastid="000000000118C700" lastname="main" />
</exclusive-start>
<allocation-taxation id="356" taxation-threshold="16777216" timestamp="2019-06-15T00:49:30.525" intervalms="129.496" />
<cycle-start id="357" type="partial gc" contextid="0" timestamp="2019-06-15T00:49:30.525" intervalms="129.483" />
<gc-start id="358" type="partial gc" contextid="357" timestamp="2019-06-15T00:49:30.526">
  <mem-info id="359" free="1048576" total="39845888" percent="2">
    <mem type="eden" free="0" total="16777216" percent="0" />
    <remembered-set count="13792" freebytes="1535360" totalbytes="1590528" percent="96" regionsoverflowed="0" regionsstable="0" regionsrebuilding="0"/>
  </mem-info>
</gc-start>
<allocation-stats totalBytes="16774000" >
  <allocated-bytes non-tlh="890968" tlh="15883032" arrayletleaf="0"/>
  <largest-consumer threadName="main" threadId="000000000118C700" bytes="16769904" />
</allocation-stats>
<gc-op id="360" type="copy forward" timems="7.090" contextid="357" timestamp="2019-06-15T00:49:30.534">
  <memory-copied type="eden" objects="6121" bytes="783960" bytesdiscarded="48128" />
  <memory-copied type="other" objects="2214" bytes="85152" bytesdiscarded="6752" />
  <memory-cardclean objects="821" bytes="51232" />
  <regions eden="16" other="1" />
  <remembered-set-cleared processed="11841" cleared="1535" durationms="0.149" />
  <finalization candidates="1" enqueued="1" />
  <references type="soft" candidates="49" cleared="0" enqueued="0" dynamicThreshold="14" maxThreshold="32" />
  <references type="weak" candidates="428" cleared="0" enqueued="0" />
  <references type="phantom" candidates="2" cleared="0" enqueued="0" />
  <stringconstants candidates="11770" cleared="0"  />
  <heap-resize type="expand" space="default" amount="1048576" count="1" timems="0.166" reason="continue current collection" />
</gc-op>
<gc-op id="361" type="classunload" timems="0.003" contextid="357" timestamp="2019-06-15T00:49:30.534">
  <classunload-info classloadercandidates="27" classloadersunloaded="0" classesunloaded="0" anonymousclassesunloaded="0" quiescems="0.000" setupms="0.003" scanms="0.000" postms="0.000" />
</gc-op>
<heap-resize id="362" type="expand" space="default" amount="7340032" count="1" timems="0.086" reason="excessive time being spent in gc" timestamp="2019-06-15T00:49:30.534" />
<gc-end id="363" type="partial gc" contextid="357" durationms="8.721" usertimems="8.000" systemtimems="4.000" timestamp="2019-06-15T00:49:30.535" activeThreads="4">
  <mem-info id="364" free="25165824" total="48234496" percent="52">
    <mem type="eden" free="216128" total="1048576" percent="20" />
    <pending-finalizers system="0" default="1" reference="0" classloader="0" />
    <remembered-set count="15296" freebytes="1864192" totalbytes="1925376" percent="96" regionsoverflowed="0" regionsstable="0" regionsrebuilding="0"/>
  </mem-info>
</gc-end>
<cycle-end id="365" type="partial gc" contextid="357" timestamp="2019-06-15T00:49:30.535" />
  <attribute name="elasticGC enabled" value="1" />
  <attribute name= "numThreadsSpecified" value="4" />
  <attribute name="heapSize specified" value="0" />
  <attribute name="Current GC Util" value="98" />
  <attribute name= "Current Time Running" value="7422" />
  <attribute name ="GC Interval" value="0" />
  <attribute name="ProportionalT" value="39.000000" />
  <attribute name="ProportionalI" value="39.000000" />
  <attribute name="ProportionalH" value="39.000000" />
  <attribute name="Current Error" value="78.000000" />
  <attribute name="IntegralT" value="78.000000" />
  <attribute name="IntegralI" value="78.000000" />
  <attribute name="IntegralH" value="78.000000" />
  <attribute name="DerivativeT" value="39.000000" />
  <attribute name="DerivativeI" value="39.000000" />
  <attribute name="DerivativeH" value="39.000000" />
  <attribute name="Loop Time for DT" value="1.000000" />
  <attribute name="Output H" value="8388608"/>
  <attribute name="Output I" value="200"/>
  <attribute name="Output T" value="4"/>
  <attribute name="Target GC Util Change" value ="20.000000" />
  <attribute name="Current GC Util Change" value="98.000000"/>
  <attribute name="GC Util currently" value="98" />
  <attribute name="CPU Util currently" value="6977423217539" />
<exclusive-end id="366" timestamp="2019-06-15T00:49:30.535" durationms="9.665" />

<exclusive-start id="367" timestamp="2019-06-15T00:49:30.621" intervalms="95.307">
  <response-info timems="0.101" idlems="0.101" threads="0" lastid="000000000118C700" lastname="main" />
</exclusive-start>
<allocation-taxation id="368" taxation-threshold="18874368" timestamp="2019-06-15T00:49:30.621" intervalms="95.363" />
<cycle-start id="369" type="partial gc" contextid="0" timestamp="2019-06-15T00:49:30.621" intervalms="95.455" />
<gc-start id="370" type="partial gc" contextid="369" timestamp="2019-06-15T00:49:30.621">
  <mem-info id="371" free="6291456" total="48234496" percent="13">
    <mem type="eden" free="0" total="18874368" percent="0" />
    <remembered-set count="15040" freebytes="1865216" totalbytes="1925376" percent="96" regionsoverflowed="0" regionsstable="0" regionsrebuilding="0"/>
  </mem-info>
</gc-start>
<allocation-stats totalBytes="18870432" >
  <allocated-bytes non-tlh="640448" tlh="18229984" arrayletleaf="0"/>
  <largest-consumer threadName="main" threadId="000000000118C700" bytes="18866216" />
</allocation-stats>
<gc-op id="372" type="copy forward" timems="3.081" contextid="369" timestamp="2019-06-15T00:49:30.626">
  <memory-copied type="eden" objects="6667" bytes="581296" bytesdiscarded="0" />
  <memory-copied type="other" objects="3831" bytes="434112" bytesdiscarded="0" />
  <memory-cardclean objects="677" bytes="52712" />
  <regions eden="18" other="1" />
  <remembered-set-cleared processed="12376" cleared="1363" durationms="0.197" />
  <references type="soft" candidates="116" cleared="0" enqueued="0" dynamicThreshold="16" maxThreshold="32" />
  <references type="weak" candidates="382" cleared="0" enqueued="0" />
  <references type="phantom" candidates="2" cleared="0" enqueued="0" />
  <stringconstants candidates="11977" cleared="7"  />
</gc-op>
<gc-op id="373" type="classunload" timems="0.343" contextid="369" timestamp="2019-06-15T00:49:30.626">
  <classunload-info classloadercandidates="29" classloadersunloaded="1" classesunloaded="1" anonymousclassesunloaded="0" quiescems="0.000" setupms="0.332" scanms="0.007" postms="0.004" />
</gc-op>
<gc-end id="374" type="partial gc" contextid="369" durationms="4.952" usertimems="4.000" systemtimems="4.000" timestamp="2019-06-15T00:49:30.626" activeThreads="1">
  <mem-info id="375" free="24117248" total="48234496" percent="50">
    <mem type="eden" free="467024" total="1048576" percent="44" />
    <remembered-set count="15744" freebytes="1862400" totalbytes="1925376" percent="96" regionsoverflowed="0" regionsstable="0" regionsrebuilding="0"/>
  </mem-info>
</gc-end>
<cycle-end id="376" type="partial gc" contextid="369" timestamp="2019-06-15T00:49:30.626" />
  <attribute name="elasticGC enabled" value="1" />
  <attribute name= "numThreadsSpecified" value="1" />
  <attribute name="heapSize specified" value="0" />
  <attribute name="Current GC Util" value="106" />
  <attribute name= "Current Time Running" value="7517" />
  <attribute name ="GC Interval" value="0" />
  <attribute name="ProportionalT" value="43.000000" />
  <attribute name="ProportionalI" value="43.000000" />
  <attribute name="ProportionalH" value="43.000000" />
  <attribute name="Current Error" value="86.000000" />
  <attribute name="IntegralT" value="0.000000" />
  <attribute name="IntegralI" value="0.000000" />
  <attribute name="IntegralH" value="0.000000" />
  <attribute name="DerivativeT" value="inf" />
  <attribute name="DerivativeI" value="inf" />
  <attribute name="DerivativeH" value="inf" />
  <attribute name="Loop Time for DT" value="0.000000" />
  <attribute name="Output H" value="8388608"/>
  <attribute name="Output I" value="200"/>
  <attribute name="Output T" value="1"/>
  <attribute name="Target GC Util Change" value ="20.000000" />
  <attribute name="Current GC Util Change" value="106.000000"/>
  <attribute name="GC Util currently" value="106" />
  <attribute name="CPU Util currently" value="7577370202095" />
<exclusive-end id="377" timestamp="2019-06-15T00:49:30.627" durationms="6.162" />

<exclusive-start id="378" timestamp="2019-06-15T00:49:30.699" intervalms="78.917">
  <response-info timems="0.056" idlems="0.056" threads="0" lastid="000000000118C700" lastname="main" />
</exclusive-start>
<allocation-taxation id="379" taxation-threshold="18874368" timestamp="2019-06-15T00:49:30.700" intervalms="78.912" />
<cycle-start id="380" type="partial gc" contextid="0" timestamp="2019-06-15T00:49:30.700" intervalms="78.896" />
<gc-start id="381" type="partial gc" contextid="380" timestamp="2019-06-15T00:49:30.700">
  <mem-info id="382" free="5242880" total="48234496" percent="10">
    <mem type="eden" free="0" total="18874368" percent="0" />
    <remembered-set count="15552" freebytes="1863168" totalbytes="1925376" percent="96" regionsoverflowed="0" regionsstable="0" regionsrebuilding="0"/>
  </mem-info>
</gc-start>
<allocation-stats totalBytes="18870720" >
  <allocated-bytes non-tlh="828024" tlh="18042696" arrayletleaf="0"/>
  <largest-consumer threadName="main" threadId="000000000118C700" bytes="18870720" />
</allocation-stats>
<gc-op id="383" type="copy forward" timems="3.768" contextid="380" timestamp="2019-06-15T00:49:30.705">
  <memory-copied type="eden" objects="16391" bytes="932632" bytesdiscarded="0" />
  <memory-copied type="other" objects="2752" bytes="125184" bytesdiscarded="0" />
  <memory-cardclean objects="1981" bytes="103592" />
  <regions eden="18" other="1" />
  <remembered-set-cleared processed="12969" cleared="1218" durationms="0.209" />
  <references type="soft" candidates="95" cleared="0" enqueued="0" dynamicThreshold="16" maxThreshold="32" />
  <references type="weak" candidates="282" cleared="0" enqueued="0" />
  <references type="phantom" candidates="1" cleared="0" enqueued="0" />
  <stringconstants candidates="12326" cleared="2"  />
</gc-op>
<gc-op id="384" type="classunload" timems="0.368" contextid="380" timestamp="2019-06-15T00:49:30.706">
  <classunload-info classloadercandidates="34" classloadersunloaded="1" classesunloaded="1" anonymousclassesunloaded="0" quiescems="0.000" setupms="0.357" scanms="0.007" postms="0.004" />
</gc-op>
<gc-end id="385" type="partial gc" contextid="380" durationms="5.628" usertimems="4.000" systemtimems="4.000" timestamp="2019-06-15T00:49:30.706" activeThreads="1">
  <mem-info id="386" free="23068672" total="48234496" percent="47">
    <mem type="eden" free="115704" total="1048576" percent="11" />
    <remembered-set count="17920" freebytes="1853696" totalbytes="1925376" percent="96" regionsoverflowed="0" regionsstable="0" regionsrebuilding="0"/>
  </mem-info>
</gc-end>
<cycle-end id="387" type="partial gc" contextid="380" timestamp="2019-06-15T00:49:30.706" />
  <attribute name="elasticGC enabled" value="1" />
  <attribute name= "numThreadsSpecified" value="1" />
  <attribute name="heapSize specified" value="0" />
  <attribute name="Current GC Util" value="197" />
  <attribute name= "Current Time Running" value="7596" />
  <attribute name ="GC Interval" value="0" />
  <attribute name="ProportionalT" value="88.500000" />
  <attribute name="ProportionalI" value="88.500000" />
  <attribute name="ProportionalH" value="88.500000" />
  <attribute name="Current Error" value="177.000000" />
  <attribute name="IntegralT" value="0.000000" />
  <attribute name="IntegralI" value="0.000000" />
  <attribute name="IntegralH" value="0.000000" />
  <attribute name="DerivativeT" value="inf" />
  <attribute name="DerivativeI" value="inf" />
  <attribute name="DerivativeH" value="inf" />
  <attribute name="Loop Time for DT" value="0.000000" />
  <attribute name="Output H" value="8388608"/>
  <attribute name="Output I" value="200"/>
  <attribute name="Output T" value="1"/>
  <attribute name="Target GC Util Change" value ="20.000000" />
  <attribute name="Current GC Util Change" value="197.000000"/>
  <attribute name="GC Util currently" value="197" />
  <attribute name="CPU Util currently" value="7665217307876" />
<exclusive-end id="388" timestamp="2019-06-15T00:49:30.706" durationms="6.850" />

<exclusive-start id="389" timestamp="2019-06-15T00:49:30.761" intervalms="61.818">
  <response-info timems="0.029" idlems="0.029" threads="0" lastid="000000000118C700" lastname="main" />
</exclusive-start>
<allocation-taxation id="390" taxation-threshold="18874368" timestamp="2019-06-15T00:49:30.761" intervalms="61.819" />
<cycle-start id="391" type="partial gc" contextid="0" timestamp="2019-06-15T00:49:30.762" intervalms="61.730" />
<gc-start id="392" type="partial gc" contextid="391" timestamp="2019-06-15T00:49:30.762">
  <mem-info id="393" free="4194304" total="48234496" percent="8">
    <mem type="eden" free="0" total="18874368" percent="0" />
    <remembered-set count="17632" freebytes="1854848" totalbytes="1925376" percent="96" regionsoverflowed="0" regionsstable="0" regionsrebuilding="0"/>
  </mem-info>
</gc-start>
<allocation-stats totalBytes="18871232" >
  <allocated-bytes non-tlh="617312" tlh="18253920" arrayletleaf="0"/>
  <largest-consumer threadName="main" threadId="000000000118C700" bytes="18871232" />
</allocation-stats>
<gc-op id="394" type="copy forward" timems="7.520" contextid="391" timestamp="2019-06-15T00:49:30.770">
  <memory-copied type="eden" objects="21462" bytes="1186688" bytesdiscarded="74656" />
  <memory-copied type="other" objects="6948" bytes="267376" bytesdiscarded="11160" />
  <memory-cardclean objects="1040" bytes="56584" />
  <regions eden="18" other="1" />
  <remembered-set-cleared processed="14821" cleared="2459" durationms="0.269" />
  <references type="soft" candidates="40" cleared="0" enqueued="0" dynamicThreshold="15" maxThreshold="32" />
  <references type="weak" candidates="144" cleared="0" enqueued="0" />
  <references type="phantom" candidates="1" cleared="0" enqueued="0" />
  <stringconstants candidates="12470" cleared="0"  />
</gc-op>
<gc-op id="395" type="classunload" timems="0.004" contextid="391" timestamp="2019-06-15T00:49:30.770">
  <classunload-info classloadercandidates="36" classloadersunloaded="0" classesunloaded="0" anonymousclassesunloaded="0" quiescems="0.000" setupms="0.004" scanms="0.000" postms="0.000" />
</gc-op>
<gc-end id="396" type="partial gc" contextid="391" durationms="8.774" usertimems="8.000" systemtimems="4.000" timestamp="2019-06-15T00:49:30.771" activeThreads="4">
  <mem-info id="397" free="20971520" total="48234496" percent="43">
    <mem type="eden" free="835608" total="2097152" percent="39" />
    <remembered-set count="18624" freebytes="1850880" totalbytes="1925376" percent="96" regionsoverflowed="0" regionsstable="0" regionsrebuilding="0"/>
  </mem-info>
</gc-end>
<cycle-end id="398" type="partial gc" contextid="391" timestamp="2019-06-15T00:49:30.771" />
  <attribute name="elasticGC enabled" value="1" />
  <attribute name= "numThreadsSpecified" value="4" />
  <attribute name="heapSize specified" value="0" />
  <attribute name="Current GC Util" value="199" />
  <attribute name= "Current Time Running" value="7658" />
  <attribute name ="GC Interval" value="0" />
  <attribute name="ProportionalT" value="89.500000" />
  <attribute name="ProportionalI" value="89.500000" />
  <attribute name="ProportionalH" value="89.500000" />
  <attribute name="Current Error" value="179.000000" />
  <attribute name="IntegralT" value="179.000000" />
  <attribute name="IntegralI" value="179.000000" />
  <attribute name="IntegralH" value="179.000000" />
  <attribute name="DerivativeT" value="89.500000" />
  <attribute name="DerivativeI" value="89.500000" />
  <attribute name="DerivativeH" value="89.500000" />
  <attribute name="Loop Time for DT" value="1.000000" />
  <attribute name="Output H" value="8388608"/>
  <attribute name="Output I" value="360"/>
  <attribute name="Output T" value="4"/>
  <attribute name="Target GC Util Change" value ="20.000000" />
  <attribute name="Current GC Util Change" value="199.000000"/>
  <attribute name="GC Util currently" value="199" />
  <attribute name="CPU Util currently" value="7894735418529" />
<exclusive-end id="399" timestamp="2019-06-15T00:49:30.771" durationms="9.750" />

<exclusive-start id="400" timestamp="2019-06-15T00:49:30.817" intervalms="55.922">
  <response-info timems="0.025" idlems="0.025" threads="0" lastid="000000000118C700" lastname="main" />
</exclusive-start>
<allocation-taxation id="401" taxation-threshold="18874368" timestamp="2019-06-15T00:49:30.817" intervalms="55.931" />
<cycle-start id="402" type="partial gc" contextid="0" timestamp="2019-06-15T00:49:30.818" intervalms="56.028" />
<gc-start id="403" type="partial gc" contextid="402" timestamp="2019-06-15T00:49:30.818">
  <mem-info id="404" free="2097152" total="48234496" percent="4">
    <mem type="eden" free="0" total="18874368" percent="0" />
    <remembered-set count="18208" freebytes="1852544" totalbytes="1925376" percent="96" regionsoverflowed="0" regionsstable="0" regionsrebuilding="0"/>
  </mem-info>
</gc-start>
<allocation-stats totalBytes="18871816" >
  <allocated-bytes non-tlh="200784" tlh="18671032" arrayletleaf="0"/>
  <largest-consumer threadName="main" threadId="000000000118C700" bytes="18871816" />
</allocation-stats>
<gc-op id="405" type="copy forward" timems="9.735" contextid="402" timestamp="2019-06-15T00:49:30.829">
  <memory-copied type="eden" objects="21109" bytes="908504" bytesdiscarded="92088" />
  <memory-copied type="other" objects="13636" bytes="514528" bytesdiscarded="26752" />
  <memory-cardclean objects="696" bytes="49768" />
  <regions eden="18" other="3" />
  <remembered-set-cleared processed="15342" cleared="2506" durationms="0.150" />
  <references type="soft" candidates="94" cleared="0" enqueued="0" dynamicThreshold="13" maxThreshold="32" />
  <references type="weak" candidates="167" cleared="0" enqueued="0" />
  <stringconstants candidates="12481" cleared="0"  />
  <heap-resize type="expand" space="default" amount="1048576" count="1" timems="0.066" reason="continue current collection" />
</gc-op>
<gc-op id="406" type="classunload" timems="0.004" contextid="402" timestamp="2019-06-15T00:49:30.829">
  <classunload-info classloadercandidates="37" classloadersunloaded="0" classesunloaded="0" anonymousclassesunloaded="0" quiescems="0.000" setupms="0.004" scanms="0.000" postms="0.000" />
</gc-op>
<gc-end id="407" type="partial gc" contextid="402" durationms="11.290" usertimems="16.000" systemtimems="0.000" timestamp="2019-06-15T00:49:30.829" activeThreads="4">
  <mem-info id="408" free="22020096" total="49283072" percent="44">
    <mem type="eden" free="47960" total="1048576" percent="4" />
    <remembered-set count="19392" freebytes="1889664" totalbytes="1967232" percent="96" regionsoverflowed="0" regionsstable="0" regionsrebuilding="0"/>
  </mem-info>
</gc-end>
<cycle-end id="409" type="partial gc" contextid="402" timestamp="2019-06-15T00:49:30.829" />
  <attribute name="elasticGC enabled" value="1" />
  <attribute name= "numThreadsSpecified" value="4" />
  <attribute name="heapSize specified" value="0" />
  <attribute name="Current GC Util" value="107" />
  <attribute name= "Current Time Running" value="7714" />
  <attribute name ="GC Interval" value="0" />
  <attribute name="ProportionalT" value="43.500000" />
  <attribute name="ProportionalI" value="43.500000" />
  <attribute name="ProportionalH" value="43.500000" />
  <attribute name="Current Error" value="87.000000" />
  <attribute name="IntegralT" value="87.000000" />
  <attribute name="IntegralI" value="87.000000" />
  <attribute name="IntegralH" value="87.000000" />
  <attribute name="DerivativeT" value="43.000000" />
  <attribute name="DerivativeI" value="43.000000" />
  <attribute name="DerivativeH" value="43.000000" />
  <attribute name="Loop Time for DT" value="1.000000" />
  <attribute name="Output H" value="8388608"/>
  <attribute name="Output I" value="200"/>
  <attribute name="Output T" value="4"/>
  <attribute name="Target GC Util Change" value ="20.000000" />
  <attribute name="Current GC Util Change" value="107.000000"/>
  <attribute name="GC Util currently" value="107" />
  <attribute name="CPU Util currently" value="7632436439280" />
<exclusive-end id="410" timestamp="2019-06-15T00:49:30.830" durationms="12.536" />

<exclusive-start id="411" timestamp="2019-06-15T00:49:30.872" intervalms="55.067">
  <response-info timems="0.028" idlems="0.028" threads="0" lastid="000000000118C700" lastname="main" />
</exclusive-start>
<allocation-taxation id="412" taxation-threshold="18874368" timestamp="2019-06-15T00:49:30.872" intervalms="55.056" />
<cycle-start id="413" type="partial gc" contextid="0" timestamp="2019-06-15T00:49:30.873" intervalms="55.053" />
<gc-start id="414" type="partial gc" contextid="413" timestamp="2019-06-15T00:49:30.873">
  <mem-info id="415" free="3145728" total="49283072" percent="6">
    <mem type="eden" free="0" total="18874368" percent="0" />
    <remembered-set count="19104" freebytes="1890816" totalbytes="1967232" percent="96" regionsoverflowed="0" regionsstable="0" regionsrebuilding="0"/>
  </mem-info>
</gc-start>
<allocation-stats totalBytes="18870920" >
  <allocated-bytes non-tlh="402440" tlh="18468480" arrayletleaf="0"/>
  <largest-consumer threadName="main" threadId="000000000118C700" bytes="18870920" />
</allocation-stats>
<gc-op id="416" type="copy forward" timems="5.502" contextid="413" timestamp="2019-06-15T00:49:30.880">
  <memory-copied type="eden" objects="7813" bytes="637232" bytesdiscarded="35888" />
  <memory-copied type="other" objects="162" bytes="5696" bytesdiscarded="1096" />
  <memory-cardclean objects="142" bytes="13248" />
  <regions eden="18" other="1" />
  <remembered-set-cleared processed="16571" cleared="2132" durationms="0.147" />
  <references type="soft" candidates="3" cleared="0" enqueued="0" dynamicThreshold="14" maxThreshold="32" />
  <references type="weak" candidates="24" cleared="0" enqueued="0" />
  <references type="phantom" candidates="1" cleared="0" enqueued="0" />
  <stringconstants candidates="12499" cleared="0"  />
</gc-op>
<gc-op id="417" type="classunload" timems="0.003" contextid="413" timestamp="2019-06-15T00:49:30.880">
  <classunload-info classloadercandidates="39" classloadersunloaded="0" classesunloaded="0" anonymousclassesunloaded="0" quiescems="0.000" setupms="0.003" scanms="0.000" postms="0.000" />
</gc-op>
<heap-resize id="418" type="expand" space="default" amount="8388608" count="1" timems="0.098" reason="excessive time being spent in gc" timestamp="2019-06-15T00:49:30.880" />
<gc-end id="419" type="partial gc" contextid="413" durationms="7.218" usertimems="12.000" systemtimems="0.000" timestamp="2019-06-15T00:49:30.880" activeThreads="4">
  <mem-info id="420" free="29360128" total="57671680" percent="50">
    <mem type="eden" free="375376" total="1048576" percent="35" />
    <remembered-set count="18656" freebytes="2227456" totalbytes="2302080" percent="96" regionsoverflowed="0" regionsstable="0" regionsrebuilding="0"/>
  </mem-info>
</gc-end>
<cycle-end id="421" type="partial gc" contextid="413" timestamp="2019-06-15T00:49:30.880" />
  <attribute name="elasticGC enabled" value="1" />
  <attribute name= "numThreadsSpecified" value="4" />
  <attribute name="heapSize specified" value="0" />
  <attribute name="Current GC Util" value="107" />
  <attribute name= "Current Time Running" value="7769" />
  <attribute name ="GC Interval" value="0" />
  <attribute name="ProportionalT" value="43.500000" />
  <attribute name="ProportionalI" value="43.500000" />
  <attribute name="ProportionalH" value="43.500000" />
  <attribute name="Current Error" value="87.000000" />
  <attribute name="IntegralT" value="87.000000" />
  <attribute name="IntegralI" value="87.000000" />
  <attribute name="IntegralH" value="87.000000" />
  <attribute name="DerivativeT" value="40.000000" />
  <attribute name="DerivativeI" value="40.000000" />
  <attribute name="DerivativeH" value="40.000000" />
  <attribute name="Loop Time for DT" value="1.000000" />
  <attribute name="Output H" value="8388608"/>
  <attribute name="Output I" value="200"/>
  <attribute name="Output T" value="4"/>
  <attribute name="Target GC Util Change" value ="20.000000" />
  <attribute name="Current GC Util Change" value="107.000000"/>
  <attribute name="GC Util currently" value="107" />
  <attribute name="CPU Util currently" value="7699322022573" />
<exclusive-end id="422" timestamp="2019-06-15T00:49:30.881" durationms="8.400" />

<exclusive-start id="423" timestamp="2019-06-15T00:49:30.916" intervalms="43.923">
  <response-info timems="0.029" idlems="0.029" threads="0" lastid="000000000118C700" lastname="main" />
</exclusive-start>
<allocation-taxation id="424" taxation-threshold="20971520" timestamp="2019-06-15T00:49:30.916" intervalms="43.908" />
<cycle-start id="425" type="partial gc" contextid="0" timestamp="2019-06-15T00:49:30.916" intervalms="43.835" />
<gc-start id="426" type="partial gc" contextid="425" timestamp="2019-06-15T00:49:30.917">
  <mem-info id="427" free="8388608" total="57671680" percent="14">
    <mem type="eden" free="0" total="20971520" percent="0" />
    <remembered-set count="18304" freebytes="2228864" totalbytes="2302080" percent="96" regionsoverflowed="0" regionsstable="0" regionsrebuilding="0"/>
  </mem-info>
</gc-start>
<allocation-stats totalBytes="20968488" >
  <allocated-bytes non-tlh="200456" tlh="20768032" arrayletleaf="0"/>
  <largest-consumer threadName="main" threadId="000000000118C700" bytes="20968488" />
</allocation-stats>
<gc-op id="428" type="copy forward" timems="5.819" contextid="425" timestamp="2019-06-15T00:49:30.924">
  <memory-copied type="eden" objects="19648" bytes="1068704" bytesdiscarded="98784" />
  <memory-copied type="other" objects="3344" bytes="160376" bytesdiscarded="5416" />
  <memory-cardclean objects="1549" bytes="81176" />
  <regions eden="20" other="2" />
  <remembered-set-cleared processed="14940" cleared="2342" durationms="0.165" />
  <references type="soft" candidates="28" cleared="0" enqueued="0" dynamicThreshold="16" maxThreshold="32" />
  <references type="weak" candidates="207" cleared="0" enqueued="0" />
  <references type="phantom" candidates="1" cleared="0" enqueued="0" />
  <stringconstants candidates="12505" cleared="0"  />
</gc-op>
<gc-op id="429" type="classunload" timems="0.004" contextid="425" timestamp="2019-06-15T00:49:30.924">
  <classunload-info classloadercandidates="40" classloadersunloaded="0" classesunloaded="0" anonymousclassesunloaded="0" quiescems="0.000" setupms="0.004" scanms="0.000" postms="0.000" />
</gc-op>
<heap-resize id="430" type="expand" space="default" amount="10485760" count="1" timems="0.109" reason="excessive time being spent in gc" timestamp="2019-06-15T00:49:30.924" />
<gc-end id="431" type="partial gc" contextid="425" durationms="7.574" usertimems="8.000" systemtimems="4.000" timestamp="2019-06-15T00:49:30.924" activeThreads="4">
  <mem-info id="432" free="37748736" total="68157440" percent="55">
    <mem type="eden" free="929608" total="2097152" percent="44" />
    <remembered-set count="18304" freebytes="2647424" totalbytes="2720640" percent="97" regionsoverflowed="0" regionsstable="0" regionsrebuilding="0"/>
  </mem-info>
</gc-end>
<cycle-end id="433" type="partial gc" contextid="425" timestamp="2019-06-15T00:49:30.925" />
  <attribute name="elasticGC enabled" value="1" />
  <attribute name= "numThreadsSpecified" value="4" />
  <attribute name="heapSize specified" value="0" />
  <attribute name="Current GC Util" value="104" />
  <attribute name= "Current Time Running" value="7813" />
  <attribute name ="GC Interval" value="0" />
  <attribute name="ProportionalT" value="42.000000" />
  <attribute name="ProportionalI" value="42.000000" />
  <attribute name="ProportionalH" value="42.000000" />
  <attribute name="Current Error" value="84.000000" />
  <attribute name="IntegralT" value="84.000000" />
  <attribute name="IntegralI" value="84.000000" />
  <attribute name="IntegralH" value="84.000000" />
  <attribute name="DerivativeT" value="42.000000" />
  <attribute name="DerivativeI" value="42.000000" />
  <attribute name="DerivativeH" value="42.000000" />
  <attribute name="Loop Time for DT" value="1.000000" />
  <attribute name="Output H" value="8388608"/>
  <attribute name="Output I" value="200"/>
  <attribute name="Output T" value="4"/>
  <attribute name="Target GC Util Change" value ="20.000000" />
  <attribute name="Current GC Util Change" value="104.000000"/>
  <attribute name="GC Util currently" value="104" />
  <attribute name="CPU Util currently" value="7430317517208" />
<exclusive-end id="434" timestamp="2019-06-15T00:49:30.925" durationms="8.613" />

<exclusive-start id="435" timestamp="2019-06-15T00:49:30.979" intervalms="62.372">
  <response-info timems="0.094" idlems="0.094" threads="0" lastid="000000000118C700" lastname="main" />
</exclusive-start>
<allocation-taxation id="436" taxation-threshold="24117248" timestamp="2019-06-15T00:49:30.979" intervalms="62.342" />
<cycle-start id="437" type="partial gc" contextid="0" timestamp="2019-06-15T00:49:30.979" intervalms="62.341" />
<gc-start id="438" type="partial gc" contextid="437" timestamp="2019-06-15T00:49:30.979">
  <mem-info id="439" free="13631488" total="68157440" percent="20">
    <mem type="eden" free="0" total="24117248" percent="0" />
    <remembered-set count="18080" freebytes="2648320" totalbytes="2720640" percent="97" regionsoverflowed="0" regionsstable="0" regionsrebuilding="0"/>
  </mem-info>
</gc-start>
<allocation-stats totalBytes="24114032" >
  <allocated-bytes non-tlh="802184" tlh="23311848" arrayletleaf="0"/>
  <largest-consumer threadName="main" threadId="000000000118C700" bytes="24114032" />
</allocation-stats>
<gc-op id="440" type="copy forward" timems="2.145" contextid="437" timestamp="2019-06-15T00:49:30.982">
  <memory-copied type="eden" objects="5530" bytes="525688" bytesdiscarded="0" />
  <memory-copied type="other" objects="175" bytes="6136" bytesdiscarded="0" />
  <memory-cardclean objects="207" bytes="15624" />
  <regions eden="23" other="2" />
  <remembered-set-cleared processed="15699" cleared="1003" durationms="0.239" />
  <references type="soft" candidates="5" cleared="0" enqueued="0" dynamicThreshold="17" maxThreshold="32" />
  <references type="weak" candidates="29" cleared="0" enqueued="0" />
  <references type="phantom" candidates="1" cleared="0" enqueued="0" />
  <stringconstants candidates="12538" cleared="0"  />
</gc-op>
<gc-op id="441" type="classunload" timems="0.004" contextid="437" timestamp="2019-06-15T00:49:30.983">
  <classunload-info classloadercandidates="44" classloadersunloaded="0" classesunloaded="0" anonymousclassesunloaded="0" quiescems="0.000" setupms="0.004" scanms="0.000" postms="0.000" />
</gc-op>
<heap-resize id="442" type="expand" space="default" amount="8388608" count="1" timems="0.094" reason="excessive time being spent in gc" timestamp="2019-06-15T00:49:30.983" />
<gc-end id="443" type="partial gc" contextid="437" durationms="3.929" usertimems="8.000" systemtimems="0.000" timestamp="2019-06-15T00:49:30.983" activeThreads="1">
  <mem-info id="444" free="46137344" total="76546048" percent="60">
    <mem type="eden" free="522744" total="1048576" percent="49" />
    <remembered-set count="17248" freebytes="2986496" totalbytes="3055488" percent="97" regionsoverflowed="0" regionsstable="0" regionsrebuilding="0"/>
  </mem-info>
</gc-end>
<cycle-end id="445" type="partial gc" contextid="437" timestamp="2019-06-15T00:49:30.983" />
  <attribute name="elasticGC enabled" value="1" />
  <attribute name= "numThreadsSpecified" value="1" />
  <attribute name="heapSize specified" value="0" />
  <attribute name="Current GC Util" value="95" />
  <attribute name= "Current Time Running" value="7875" />
  <attribute name ="GC Interval" value="0" />
  <attribute name="ProportionalT" value="37.500000" />
  <attribute name="ProportionalI" value="37.500000" />
  <attribute name="ProportionalH" value="37.500000" />
  <attribute name="Current Error" value="75.000000" />
  <attribute name="IntegralT" value="0.000000" />
  <attribute name="IntegralI" value="0.000000" />
  <attribute name="IntegralH" value="0.000000" />
  <attribute name="DerivativeT" value="inf" />
  <attribute name="DerivativeI" value="inf" />
  <attribute name="DerivativeH" value="inf" />
  <attribute name="Loop Time for DT" value="0.000000" />
  <attribute name="Output H" value="8388608"/>
  <attribute name="Output I" value="200"/>
  <attribute name="Output T" value="1"/>
  <attribute name="Target GC Util Change" value ="20.000000" />
  <attribute name="Current GC Util Change" value="95.000000"/>
  <attribute name="GC Util currently" value="95" />
  <attribute name="CPU Util currently" value="6796413526740" />
<exclusive-end id="446" timestamp="2019-06-15T00:49:30.984" durationms="4.949" />

<exclusive-start id="447" timestamp="2019-06-15T00:49:31.025" intervalms="46.229">
  <response-info timems="0.029" idlems="0.029" threads="0" lastid="000000000118C700" lastname="main" />
</exclusive-start>
<allocation-taxation id="448" taxation-threshold="26214400" timestamp="2019-06-15T00:49:31.025" intervalms="46.257" />
<cycle-start id="449" type="partial gc" contextid="0" timestamp="2019-06-15T00:49:31.025" intervalms="46.276" />
<gc-start id="450" type="partial gc" contextid="449" timestamp="2019-06-15T00:49:31.025">
  <mem-info id="451" free="19922944" total="76546048" percent="26">
    <mem type="eden" free="0" total="26214400" percent="0" />
    <remembered-set count="17152" freebytes="2986880" totalbytes="3055488" percent="97" regionsoverflowed="0" regionsstable="0" regionsrebuilding="0"/>
  </mem-info>
</gc-start>
<allocation-stats totalBytes="26211816" >
  <allocated-bytes non-tlh="200384" tlh="26011432" arrayletleaf="0"/>
  <largest-consumer threadName="main" threadId="000000000118C700" bytes="26211816" />
</allocation-stats>
<gc-op id="452" type="copy forward" timems="6.543" contextid="449" timestamp="2019-06-15T00:49:31.033">
  <memory-copied type="eden" objects="13219" bytes="812912" bytesdiscarded="96152" />
  <memory-copied type="other" objects="789" bytes="28080" bytesdiscarded="1952" />
  <memory-cardclean objects="153" bytes="13880" />
  <regions eden="25" other="1" />
  <remembered-set-cleared processed="15162" cleared="394" durationms="0.156" />
  <references type="soft" candidates="5" cleared="0" enqueued="0" dynamicThreshold="19" maxThreshold="32" />
  <references type="weak" candidates="27" cleared="0" enqueued="0" />
  <references type="phantom" candidates="1" cleared="0" enqueued="0" />
  <stringconstants candidates="12543" cleared="0"  />
</gc-op>
<gc-op id="453" type="classunload" timems="0.004" contextid="449" timestamp="2019-06-15T00:49:31.033">
  <classunload-info classloadercandidates="45" classloadersunloaded="0" classesunloaded="0" anonymousclassesunloaded="0" quiescems="0.000" setupms="0.004" scanms="0.000" postms="0.000" />
</gc-op>
<heap-resize id="454" type="expand" space="default" amount="2097152" count="1" timems="0.070" reason="excessive time being spent in gc" timestamp="2019-06-15T00:49:31.034" />
<gc-end id="455" type="partial gc" contextid="449" durationms="8.358" usertimems="8.000" systemtimems="4.000" timestamp="2019-06-15T00:49:31.034" activeThreads="4">
  <mem-info id="456" free="47185920" total="78643200" percent="60">
    <mem type="eden" free="139456" total="1048576" percent="13" />
    <remembered-set count="19104" freebytes="3062784" totalbytes="3139200" percent="97" regionsoverflowed="0" regionsstable="0" regionsrebuilding="0"/>
  </mem-info>
</gc-end>
<cycle-end id="457" type="partial gc" contextid="449" timestamp="2019-06-15T00:49:31.034" />
  <attribute name="elasticGC enabled" value="1" />
  <attribute name= "numThreadsSpecified" value="4" />
  <attribute name="heapSize specified" value="0" />
  <attribute name="Current GC Util" value="194" />
  <attribute name= "Current Time Running" value="7922" />
  <attribute name ="GC Interval" value="0" />
  <attribute name="ProportionalT" value="87.000000" />
  <attribute name="ProportionalI" value="87.000000" />
  <attribute name="ProportionalH" value="87.000000" />
  <attribute name="Current Error" value="174.000000" />
  <attribute name="IntegralT" value="174.000000" />
  <attribute name="IntegralI" value="174.000000" />
  <attribute name="IntegralH" value="174.000000" />
  <attribute name="DerivativeT" value="87.000000" />
  <attribute name="DerivativeI" value="87.000000" />
  <attribute name="DerivativeH" value="87.000000" />
  <attribute name="Loop Time for DT" value="1.000000" />
  <attribute name="Output H" value="8388608"/>
  <attribute name="Output I" value="352"/>
  <attribute name="Output T" value="4"/>
  <attribute name="Target GC Util Change" value ="20.000000" />
  <attribute name="Current GC Util Change" value="194.000000"/>
  <attribute name="GC Util currently" value="194" />
  <attribute name="CPU Util currently" value="7689013913904" />
<exclusive-end id="458" timestamp="2019-06-15T00:49:31.034" durationms="9.482" />

<exclusive-start id="459" timestamp="2019-06-15T00:49:31.100" intervalms="75.288">
  <response-info timems="0.028" idlems="0.028" threads="0" lastid="000000000118C700" lastname="main" />
</exclusive-start>
<allocation-taxation id="460" taxation-threshold="26214400" timestamp="2019-06-15T00:49:31.100" intervalms="75.278" />
<cycle-start id="461" type="partial gc" contextid="0" timestamp="2019-06-15T00:49:31.100" intervalms="75.260" />
<gc-start id="462" type="partial gc" contextid="461" timestamp="2019-06-15T00:49:31.101">
  <mem-info id="463" free="20971520" total="78643200" percent="26">
    <mem type="eden" free="0" total="26214400" percent="0" />
    <remembered-set count="18688" freebytes="3064448" totalbytes="3139200" percent="97" regionsoverflowed="0" regionsstable="0" regionsrebuilding="0"/>
  </mem-info>
</gc-start>
<allocation-stats totalBytes="26210600" >
  <allocated-bytes non-tlh="1002488" tlh="25208112" arrayletleaf="0"/>
  <largest-consumer threadName="main" threadId="000000000118C700" bytes="26210600" />
</allocation-stats>
<gc-op id="464" type="copy forward" timems="8.365" contextid="461" timestamp="2019-06-15T00:49:31.110">
  <memory-copied type="eden" objects="15975" bytes="661088" bytesdiscarded="43848" />
  <memory-copied type="other" objects="7067" bytes="253496" bytesdiscarded="18040" />
  <memory-cardclean objects="538" bytes="33752" />
  <regions eden="25" other="2" />
  <remembered-set-cleared processed="16032" cleared="2414" durationms="0.202" />
  <references type="soft" candidates="8" cleared="0" enqueued="0" dynamicThreshold="19" maxThreshold="32" />
  <references type="weak" candidates="107" cleared="0" enqueued="0" />
  <stringconstants candidates="12578" cleared="4"  />
</gc-op>
<gc-op id="465" type="classunload" timems="0.368" contextid="461" timestamp="2019-06-15T00:49:31.111">
  <classunload-info classloadercandidates="50" classloadersunloaded="2" classesunloaded="2" anonymousclassesunloaded="0" quiescems="0.000" setupms="0.353" scanms="0.009" postms="0.005" />
</gc-op>
<gc-end id="466" type="partial gc" contextid="461" durationms="10.277" usertimems="12.000" systemtimems="0.000" timestamp="2019-06-15T00:49:31.111" activeThreads="4">
  <mem-info id="467" free="46137344" total="78643200" percent="58">
    <mem type="eden" free="343568" total="1048576" percent="32" />
    <remembered-set count="20608" freebytes="3056768" totalbytes="3139200" percent="97" regionsoverflowed="0" regionsstable="0" regionsrebuilding="0"/>
  </mem-info>
</gc-end>
<cycle-end id="468" type="partial gc" contextid="461" timestamp="2019-06-15T00:49:31.111" />
  <attribute name="elasticGC enabled" value="1" />
  <attribute name= "numThreadsSpecified" value="4" />
  <attribute name="heapSize specified" value="0" />
  <attribute name="Current GC Util" value="117" />
  <attribute name= "Current Time Running" value="7997" />
  <attribute name ="GC Interval" value="0" />
  <attribute name="ProportionalT" value="48.500000" />
  <attribute name="ProportionalI" value="48.500000" />
  <attribute name="ProportionalH" value="48.500000" />
  <attribute name="Current Error" value="97.000000" />
  <attribute name="IntegralT" value="97.000000" />
  <attribute name="IntegralI" value="97.000000" />
  <attribute name="IntegralH" value="97.000000" />
  <attribute name="DerivativeT" value="48.500000" />
  <attribute name="DerivativeI" value="48.500000" />
  <attribute name="DerivativeH" value="48.500000" />
  <attribute name="Loop Time for DT" value="1.000000" />
  <attribute name="Output H" value="8388608"/>
  <attribute name="Output I" value="200"/>
  <attribute name="Output T" value="4"/>
  <attribute name="Target GC Util Change" value ="20.000000" />
  <attribute name="Current GC Util Change" value="117.000000"/>
  <attribute name="GC Util currently" value="117" />
  <attribute name="CPU Util currently" value="7148692715416" />
<exclusive-end id="469" timestamp="2019-06-15T00:49:31.111" durationms="11.313" />

<exclusive-start id="470" timestamp="2019-06-15T00:49:31.171" intervalms="71.304">
  <response-info timems="0.028" idlems="0.028" threads="0" lastid="000000000118C700" lastname="main" />
</exclusive-start>
<allocation-taxation id="471" taxation-threshold="26214400" timestamp="2019-06-15T00:49:31.172" intervalms="71.317" />
<cycle-start id="472" type="partial gc" contextid="0" timestamp="2019-06-15T00:49:31.172" intervalms="71.354" />
<gc-start id="473" type="partial gc" contextid="472" timestamp="2019-06-15T00:49:31.172">
  <mem-info id="474" free="19922944" total="78643200" percent="25">
    <mem type="eden" free="0" total="26214400" percent="0" />
    <remembered-set count="20192" freebytes="3058432" totalbytes="3139200" percent="97" regionsoverflowed="0" regionsstable="0" regionsrebuilding="0"/>
  </mem-info>
</gc-start>
<allocation-stats totalBytes="26209656" >
  <allocated-bytes non-tlh="418208" tlh="25791448" arrayletleaf="0"/>
  <largest-consumer threadName="main" threadId="000000000118C700" bytes="26209656" />
</allocation-stats>
<gc-op id="475" type="copy forward" timems="5.974" contextid="472" timestamp="2019-06-15T00:49:31.179">
  <memory-copied type="eden" objects="8603" bytes="645464" bytesdiscarded="25632" />
  <memory-copied type="other" objects="655" bytes="22024" bytesdiscarded="0" />
  <memory-cardclean objects="206" bytes="15824" />
  <regions eden="25" other="1" />
  <remembered-set-cleared processed="16750" cleared="1604" durationms="0.196" />
  <references type="soft" candidates="5" cleared="0" enqueued="0" dynamicThreshold="18" maxThreshold="32" />
  <references type="weak" candidates="46" cleared="0" enqueued="0" />
  <references type="phantom" candidates="1" cleared="0" enqueued="0" />
  <stringconstants candidates="12606" cleared="0"  />
</gc-op>
<gc-op id="476" type="classunload" timems="0.004" contextid="472" timestamp="2019-06-15T00:49:31.179">
  <classunload-info classloadercandidates="50" classloadersunloaded="0" classesunloaded="0" anonymousclassesunloaded="0" quiescems="0.000" setupms="0.003" scanms="0.000" postms="0.000" />
</gc-op>
<heap-resize id="477" type="expand" space="default" amount="5242880" count="1" timems="0.081" reason="excessive time being spent in gc" timestamp="2019-06-15T00:49:31.179" />
<gc-end id="478" type="partial gc" contextid="472" durationms="7.543" usertimems="8.000" systemtimems="4.000" timestamp="2019-06-15T00:49:31.180" activeThreads="4">
  <mem-info id="479" free="50331648" total="83886080" percent="60">
    <mem type="eden" free="377400" total="1048576" percent="35" />
    <remembered-set count="18848" freebytes="3273088" totalbytes="3348480" percent="97" regionsoverflowed="0" regionsstable="0" regionsrebuilding="0"/>
  </mem-info>
</gc-end>
<cycle-end id="480" type="partial gc" contextid="472" timestamp="2019-06-15T00:49:31.180" />
  <attribute name="elasticGC enabled" value="1" />
  <attribute name= "numThreadsSpecified" value="4" />
  <attribute name="heapSize specified" value="0" />
  <attribute name="Current GC Util" value="0" />
  <attribute name= "Current Time Running" value="8068" />
  <attribute name ="GC Interval" value="0" />
  <attribute name="ProportionalT" value="-10.000000" />
  <attribute name="ProportionalI" value="-10.000000" />
  <attribute name="ProportionalH" value="-10.000000" />
  <attribute name="Current Error" value="-20.000000" />
  <attribute name="IntegralT" value="-20.000000" />
  <attribute name="IntegralI" value="-20.000000" />
  <attribute name="IntegralH" value="-20.000000" />
  <attribute name="DerivativeT" value="-10.000000" />
  <attribute name="DerivativeI" value="-10.000000" />
  <attribute name="DerivativeH" value="-10.000000" />
  <attribute name="Loop Time for DT" value="1.000000" />
  <attribute name="Output H" value="2091843584"/>
  <attribute name="Output I" value="200"/>
  <attribute name="Output T" value="4"/>
  <attribute name="Target GC Util Change" value ="20.000000" />
  <attribute name="Current GC Util Change" value="0.000000"/>
  <attribute name="GC Util currently" value="0" />
  <attribute name="CPU Util currently" value="7718703411542" />
<exclusive-end id="481" timestamp="2019-06-15T00:49:31.180" durationms="8.557" />

<exclusive-start id="482" timestamp="2019-06-15T00:49:31.289" intervalms="117.617">
  <response-info timems="0.072" idlems="0.072" threads="0" lastid="000000000118C700" lastname="main" />
</exclusive-start>
<allocation-taxation id="483" taxation-threshold="27262976" timestamp="2019-06-15T00:49:31.289" intervalms="117.659" />
<cycle-start id="484" type="partial gc" contextid="0" timestamp="2019-06-15T00:49:31.289" intervalms="117.621" />
<gc-start id="485" type="partial gc" contextid="484" timestamp="2019-06-15T00:49:31.290">
  <mem-info id="486" free="23068672" total="83886080" percent="27">
    <mem type="eden" free="0" total="27262976" percent="0" />
    <remembered-set count="18752" freebytes="3273472" totalbytes="3348480" percent="97" regionsoverflowed="0" regionsstable="0" regionsrebuilding="0"/>
  </mem-info>
</gc-start>
<allocation-stats totalBytes="27257792" >
  <allocated-bytes non-tlh="698536" tlh="26559256" arrayletleaf="0"/>
  <largest-consumer threadName="main" threadId="000000000118C700" bytes="27257792" />
</allocation-stats>
<gc-op id="487" type="copy forward" timems="3.899" contextid="484" timestamp="2019-06-15T00:49:31.294">
  <memory-copied type="eden" objects="21499" bytes="1184144" bytesdiscarded="48" />
  <memory-copied type="other" objects="603" bytes="20568" bytesdiscarded="0" />
  <memory-cardclean objects="425" bytes="29320" />
  <regions eden="26" other="1" />
  <remembered-set-cleared processed="15963" cleared="771" durationms="0.248" />
  <references type="soft" candidates="636" cleared="0" enqueued="0" dynamicThreshold="19" maxThreshold="32" />
  <references type="weak" candidates="93" cleared="0" enqueued="0" />
  <references type="phantom" candidates="1" cleared="0" enqueued="0" />
  <stringconstants candidates="13119" cleared="0"  />
</gc-op>
<gc-op id="488" type="classunload" timems="0.004" contextid="484" timestamp="2019-06-15T00:49:31.294">
  <classunload-info classloadercandidates="53" classloadersunloaded="0" classesunloaded="0" anonymousclassesunloaded="0" quiescems="0.000" setupms="0.004" scanms="0.000" postms="0.000" />
</gc-op>
<gc-end id="489" type="partial gc" contextid="484" durationms="4.884" usertimems="4.000" systemtimems="0.000" timestamp="2019-06-15T00:49:31.294" activeThreads="1">
  <mem-info id="490" free="48234496" total="83886080" percent="57">
    <mem type="eden" free="912584" total="2097152" percent="43" />
    <remembered-set count="21216" freebytes="3263616" totalbytes="3348480" percent="97" regionsoverflowed="0" regionsstable="0" regionsrebuilding="0"/>
  </mem-info>
</gc-end>
<cycle-end id="491" type="partial gc" contextid="484" timestamp="2019-06-15T00:49:31.295" />
  <attribute name="elasticGC enabled" value="1" />
  <attribute name= "numThreadsSpecified" value="1" />
  <attribute name="heapSize specified" value="0" />
  <attribute name="Current GC Util" value="43" />
  <attribute name= "Current Time Running" value="8185" />
  <attribute name ="GC Interval" value="0" />
  <attribute name="ProportionalT" value="11.500000" />
  <attribute name="ProportionalI" value="11.500000" />
  <attribute name="ProportionalH" value="11.500000" />
  <attribute name="Current Error" value="23.000000" />
  <attribute name="IntegralT" value="0.000000" />
  <attribute name="IntegralI" value="0.000000" />
  <attribute name="IntegralH" value="0.000000" />
  <attribute name="DerivativeT" value="inf" />
  <attribute name="DerivativeI" value="inf" />
  <attribute name="DerivativeH" value="inf" />
  <attribute name="Loop Time for DT" value="0.000000" />
  <attribute name="Output H" value="8388608"/>
  <attribute name="Output I" value="200"/>
  <attribute name="Output T" value="1"/>
  <attribute name="Target GC Util Change" value ="20.000000" />
  <attribute name="Current GC Util Change" value="43.000000"/>
  <attribute name="GC Util currently" value="43" />
  <attribute name="CPU Util currently" value="21933984334678" />
<exclusive-end id="492" timestamp="2019-06-15T00:49:31.295" durationms="5.893" />

<exclusive-start id="493" timestamp="2019-06-15T00:49:31.641" intervalms="351.676">
  <response-info timems="0.032" idlems="0.032" threads="0" lastid="000000000118C700" lastname="main" />
</exclusive-start>
<allocation-taxation id="494" taxation-threshold="27262976" timestamp="2019-06-15T00:49:31.641" intervalms="351.696" />
<cycle-start id="495" type="partial gc" contextid="0" timestamp="2019-06-15T00:49:31.641" intervalms="351.790" />
<gc-start id="496" type="partial gc" contextid="495" timestamp="2019-06-15T00:49:31.642">
  <mem-info id="497" free="20971520" total="83886080" percent="25">
    <mem type="eden" free="0" total="27262976" percent="0" />
    <arraylet-primitive objects="1" leaves="1" largest="1" />
    <remembered-set count="21056" freebytes="3264256" totalbytes="3348480" percent="97" regionsoverflowed="0" regionsstable="0" regionsrebuilding="0"/>
  </mem-info>
</gc-start>
<allocation-stats totalBytes="27240552" >
  <allocated-bytes non-tlh="2085128" tlh="24106848" arrayletleaf="1048576"/>
  <largest-consumer threadName="main" threadId="000000000118C700" bytes="27240552" />
</allocation-stats>
<gc-op id="498" type="copy forward" timems="5.283" contextid="495" timestamp="2019-06-15T00:49:31.648">
  <memory-copied type="eden" objects="28726" bytes="1687460" bytesdiscarded="0" />
  <memory-copied type="other" objects="6917" bytes="258056" bytesdiscarded="0" />
  <memory-cardclean objects="639" bytes="41080" />
  <regions eden="25" other="2" />
  <remembered-set-cleared processed="17788" cleared="2526" durationms="0.271" />
  <finalization candidates="3" enqueued="2" />
  <references type="soft" candidates="779" cleared="0" enqueued="0" dynamicThreshold="18" maxThreshold="32" />
  <references type="weak" candidates="148" cleared="0" enqueued="0" />
  <references type="phantom" candidates="2" cleared="0" enqueued="0" />
  <stringconstants candidates="13319" cleared="0"  />
</gc-op>
<gc-op id="499" type="classunload" timems="0.004" contextid="495" timestamp="2019-06-15T00:49:31.648">
  <classunload-info classloadercandidates="55" classloadersunloaded="0" classesunloaded="0" anonymousclassesunloaded="0" quiescems="0.000" setupms="0.004" scanms="0.000" postms="0.000" />
</gc-op>
<gc-end id="500" type="partial gc" contextid="495" durationms="6.439" usertimems="8.000" systemtimems="0.000" timestamp="2019-06-15T00:49:31.648" activeThreads="1">
  <mem-info id="501" free="46137344" total="83886080" percent="55">
    <mem type="eden" free="409392" total="3145728" percent="13" />
    <arraylet-primitive objects="1" leaves="1" largest="1" />
    <pending-finalizers system="0" default="2" reference="0" classloader="0" />
    <remembered-set count="22048" freebytes="3260288" totalbytes="3348480" percent="97" regionsoverflowed="0" regionsstable="0" regionsrebuilding="0"/>
  </mem-info>
</gc-end>
<cycle-end id="502" type="partial gc" contextid="495" timestamp="2019-06-15T00:49:31.648" />
  <attribute name="elasticGC enabled" value="1" />
  <attribute name= "numThreadsSpecified" value="1" />
  <attribute name="heapSize specified" value="0" />
  <attribute name="Current GC Util" value="53" />
  <attribute name= "Current Time Running" value="8537" />
  <attribute name ="GC Interval" value="0" />
  <attribute name="ProportionalT" value="16.500000" />
  <attribute name="ProportionalI" value="16.500000" />
  <attribute name="ProportionalH" value="16.500000" />
  <attribute name="Current Error" value="33.000000" />
  <attribute name="IntegralT" value="0.000000" />
  <attribute name="IntegralI" value="0.000000" />
  <attribute name="IntegralH" value="0.000000" />
  <attribute name="DerivativeT" value="inf" />
  <attribute name="DerivativeI" value="inf" />
  <attribute name="DerivativeH" value="inf" />
  <attribute name="Loop Time for DT" value="0.000000" />
  <attribute name="Output H" value="8388608"/>
  <attribute name="Output I" value="200"/>
  <attribute name="Output T" value="1"/>
  <attribute name="Target GC Util Change" value ="20.000000" />
  <attribute name="Current GC Util Change" value="53.000000"/>
  <attribute name="GC Util currently" value="53" />
  <attribute name="CPU Util currently" value="20966974349605" />
<exclusive-end id="503" timestamp="2019-06-15T00:49:31.648" durationms="7.730" />

<exclusive-start id="504" timestamp="2019-06-15T00:49:31.829" intervalms="188.280">
  <response-info timems="0.059" idlems="0.059" threads="0" lastid="000000000118C700" lastname="main" />
</exclusive-start>
<allocation-taxation id="505" taxation-threshold="27262976" timestamp="2019-06-15T00:49:31.829" intervalms="188.244" />
<cycle-start id="506" type="partial gc" contextid="0" timestamp="2019-06-15T00:49:31.829" intervalms="188.255" />
<gc-start id="507" type="partial gc" contextid="506" timestamp="2019-06-15T00:49:31.830">
  <mem-info id="508" free="18874368" total="83886080" percent="22">
    <mem type="eden" free="0" total="27262976" percent="0" />
    <arraylet-primitive objects="1" leaves="1" largest="1" />
    <remembered-set count="22016" freebytes="3260416" totalbytes="3348480" percent="97" regionsoverflowed="0" regionsstable="0" regionsrebuilding="0"/>
  </mem-info>
</gc-start>
<allocation-stats totalBytes="27235208" >
  <allocated-bytes non-tlh="0" tlh="27235208" arrayletleaf="0"/>
  <largest-consumer threadName="main" threadId="000000000118C700" bytes="27231112" />
</allocation-stats>
<gc-op id="509" type="copy forward" timems="6.084" contextid="506" timestamp="2019-06-15T00:49:31.837">
  <memory-copied type="eden" objects="56524" bytes="1440912" bytesdiscarded="26312" />
  <memory-copied type="other" objects="35031" bytes="1903540" bytesdiscarded="46480" />
  <memory-cardclean objects="259" bytes="27952" />
  <regions eden="26" other="3" />
  <remembered-set-cleared processed="18651" cleared="3344" durationms="0.188" />
  <finalization candidates="1" enqueued="0" />
  <references type="soft" candidates="779" cleared="0" enqueued="0" dynamicThreshold="17" maxThreshold="32" />
  <references type="weak" candidates="150" cleared="0" enqueued="0" />
  <references type="phantom" candidates="2" cleared="0" enqueued="0" />
  <stringconstants candidates="13319" cleared="0"  />
</gc-op>
<gc-op id="510" type="classunload" timems="0.007" contextid="506" timestamp="2019-06-15T00:49:31.837">
  <classunload-info classloadercandidates="55" classloadersunloaded="0" classesunloaded="0" anonymousclassesunloaded="0" quiescems="0.000" setupms="0.007" scanms="0.000" postms="0.000" />
</gc-op>
<heap-resize id="511" type="contract" space="default" amount="4194304" count="1" timems="0.060" reason="insufficient time being spent in gc" timestamp="2019-06-15T00:49:31.837" />
<gc-end id="512" type="partial gc" contextid="506" durationms="7.564" usertimems="0.000" systemtimems="12.000" timestamp="2019-06-15T00:49:31.837" activeThreads="4">
  <mem-info id="513" free="39845888" total="79691776" percent="50">
    <mem type="eden" free="629928" total="2097152" percent="30" />
    <arraylet-primitive objects="1" leaves="1" largest="1" />
    <remembered-set count="25408" freebytes="3246848" totalbytes="3348480" percent="96" regionsoverflowed="0" regionsstable="0" regionsrebuilding="0"/>
  </mem-info>
</gc-end>
<cycle-end id="514" type="partial gc" contextid="506" timestamp="2019-06-15T00:49:31.838" />
  <attribute name="elasticGC enabled" value="1" />
  <attribute name= "numThreadsSpecified" value="4" />
  <attribute name="heapSize specified" value="0" />
  <attribute name="Current GC Util" value="54" />
  <attribute name= "Current Time Running" value="8726" />
  <attribute name ="GC Interval" value="0" />
  <attribute name="ProportionalT" value="17.000000" />
  <attribute name="ProportionalI" value="17.000000" />
  <attribute name="ProportionalH" value="17.000000" />
  <attribute name="Current Error" value="34.000000" />
  <attribute name="IntegralT" value="34.000000" />
  <attribute name="IntegralI" value="34.000000" />
  <attribute name="IntegralH" value="34.000000" />
  <attribute name="DerivativeT" value="17.000000" />
  <attribute name="DerivativeI" value="17.000000" />
  <attribute name="DerivativeH" value="17.000000" />
  <attribute name="Loop Time for DT" value="1.000000" />
  <attribute name="Output H" value="8388608"/>
  <attribute name="Output I" value="200"/>
  <attribute name="Output T" value="4"/>
  <attribute name="Target GC Util Change" value ="20.000000" />
  <attribute name="Current GC Util Change" value="54.000000"/>
  <attribute name="GC Util currently" value="54" />
  <attribute name="CPU Util currently" value="15582125990109" />
<exclusive-end id="515" timestamp="2019-06-15T00:49:31.838" durationms="8.865" />

<exclusive-start id="516" timestamp="2019-06-15T00:49:31.899" intervalms="69.612">
  <response-info timems="0.064" idlems="0.064" threads="0" lastid="000000000118C700" lastname="main" />
</exclusive-start>
<allocation-taxation id="517" taxation-threshold="26214400" timestamp="2019-06-15T00:49:31.899" intervalms="69.569" />
<cycle-start id="518" type="partial gc" contextid="0" timestamp="2019-06-15T00:49:31.899" intervalms="69.476" />
<gc-start id="519" type="partial gc" contextid="518" timestamp="2019-06-15T00:49:31.899">
  <mem-info id="520" free="13631488" total="79691776" percent="17">
    <mem type="eden" free="0" total="26214400" percent="0" />
    <arraylet-primitive objects="1" leaves="1" largest="1" />
    <remembered-set count="25376" freebytes="3246976" totalbytes="3348480" percent="96" regionsoverflowed="0" regionsstable="0" regionsrebuilding="0"/>
  </mem-info>
</gc-start>
<allocation-stats totalBytes="26179680" >
  <allocated-bytes non-tlh="0" tlh="26179680" arrayletleaf="0"/>
  <largest-consumer threadName="main" threadId="000000000118C700" bytes="26179680" />
</allocation-stats>
<gc-op id="521" type="copy forward" timems="11.064" contextid="518" timestamp="2019-06-15T00:49:31.911">
  <memory-copied type="eden" objects="52635" bytes="1294416" bytesdiscarded="8" />
  <memory-copied type="other" objects="60182" bytes="2469844" bytesdiscarded="56" />
  <memory-cardclean objects="1754" bytes="62520" />
  <regions eden="25" other="3" />
  <remembered-set-cleared processed="21687" cleared="4345" durationms="0.277" />
  <finalization candidates="1" enqueued="0" />
  <references type="soft" candidates="30" cleared="0" enqueued="0" dynamicThreshold="16" maxThreshold="32" />
  <references type="weak" candidates="2" cleared="0" enqueued="0" />
  <references type="phantom" candidates="1" cleared="0" enqueued="0" />
  <stringconstants candidates="13319" cleared="0"  />
</gc-op>
<gc-op id="522" type="classunload" timems="0.006" contextid="518" timestamp="2019-06-15T00:49:31.911">
  <classunload-info classloadercandidates="55" classloadersunloaded="0" classesunloaded="0" anonymousclassesunloaded="0" quiescems="0.000" setupms="0.006" scanms="0.000" postms="0.000" />
</gc-op>
<heap-resize id="523" type="contract" space="default" amount="4194304" count="1" timems="0.059" reason="insufficient time being spent in gc" timestamp="2019-06-15T00:49:31.912" />
<gc-end id="524" type="partial gc" contextid="518" durationms="12.684" usertimems="16.000" systemtimems="0.000" timestamp="2019-06-15T00:49:31.912" activeThreads="1">
  <mem-info id="525" free="33554432" total="75497472" percent="44">
    <mem type="eden" free="802728" total="2097152" percent="38" />
    <arraylet-primitive objects="1" leaves="1" largest="1" />
    <remembered-set count="27648" freebytes="3070464" totalbytes="3181056" percent="96" regionsoverflowed="0" regionsstable="0" regionsrebuilding="0"/>
  </mem-info>
</gc-end>
<cycle-end id="526" type="partial gc" contextid="518" timestamp="2019-06-15T00:49:31.912" />
  <attribute name="elasticGC enabled" value="1" />
  <attribute name= "numThreadsSpecified" value="1" />
  <attribute name="heapSize specified" value="0" />
  <attribute name="Current GC Util" value="30" />
  <attribute name= "Current Time Running" value="8795" />
  <attribute name ="GC Interval" value="0" />
  <attribute name="ProportionalT" value="5.000000" />
  <attribute name="ProportionalI" value="5.000000" />
  <attribute name="ProportionalH" value="5.000000" />
  <attribute name="Current Error" value="10.000000" />
  <attribute name="IntegralT" value="0.000000" />
  <attribute name="IntegralI" value="0.000000" />
  <attribute name="IntegralH" value="0.000000" />
  <attribute name="DerivativeT" value="inf" />
  <attribute name="DerivativeI" value="inf" />
  <attribute name="DerivativeH" value="inf" />
  <attribute name="Loop Time for DT" value="0.000000" />
  <attribute name="Output H" value="8388608"/>
  <attribute name="Output I" value="200"/>
  <attribute name="Output T" value="1"/>
  <attribute name="Target GC Util Change" value ="20.000000" />
  <attribute name="Current GC Util Change" value="30.000000"/>
  <attribute name="GC Util currently" value="30" />
  <attribute name="CPU Util currently" value="9164663183043" />
<exclusive-end id="527" timestamp="2019-06-15T00:49:31.912" durationms="13.798" />

<exclusive-start id="528" timestamp="2019-06-15T00:49:31.939" intervalms="40.274">
  <response-info timems="0.062" idlems="0.062" threads="0" lastid="000000000118C700" lastname="main" />
</exclusive-start>
<allocation-taxation id="529" taxation-threshold="12582912" timestamp="2019-06-15T00:49:31.939" intervalms="40.357" />
<cycle-start id="530" type="global mark phase" contextid="0" timestamp="2019-06-15T00:49:31.939" intervalms="2633.343" />
<gc-start id="531" type="global mark phase" contextid="530" timestamp="2019-06-15T00:49:31.940">
  <mem-info id="532" free="20971520" total="75497472" percent="27">
    <remembered-set count="27392" freebytes="3071488" totalbytes="3181056" percent="96" regionsoverflowed="0" regionsstable="0" regionsrebuilding="0"/>
  </mem-info>
</gc-start>
<gc-op id="533" type="mark increment" timems="1.045" contextid="530" timestamp="2019-06-15T00:49:31.941">
  <trace-info objectcount="3054" scancount="151" scanbytes="10216" />
</gc-op>
<gc-end id="534" type="global mark phase" contextid="530" durationms="1.371" usertimems="0.000" systemtimems="0.000" timestamp="2019-06-15T00:49:31.941" activeThreads="4">
  <mem-info id="535" free="20971520" total="75497472" percent="27">
    <remembered-set count="27392" freebytes="3071488" totalbytes="3181056" percent="96" regionsoverflowed="0" regionsstable="0" regionsrebuilding="0"/>
  </mem-info>
</gc-end>
<concurrent-start id="536" type="GMP work packet processing" contextid="530" timestamp="2019-06-15T00:49:31.941">
  <concurrent-mark-start scanTarget="1048576" />
</concurrent-start>
<exclusive-end id="537" timestamp="2019-06-15T00:49:31.943" durationms="3.660" />

<concurrent-end id="538" type="GMP work packet processing" contextid="530" timestamp="2019-06-15T00:49:31.943">
  <concurrent-mark-end bytesScanned="1150516" reasonForTermination="Work target met" />
</concurrent-end>

<exclusive-start id="539" timestamp="2019-06-15T00:49:31.968" intervalms="29.468">
  <response-info timems="0.072" idlems="0.072" threads="0" lastid="000000000118C700" lastname="main" />
</exclusive-start>
<allocation-taxation id="540" taxation-threshold="12582912" timestamp="2019-06-15T00:49:31.968" intervalms="29.412" />
<cycle-start id="541" type="partial gc" contextid="0" timestamp="2019-06-15T00:49:31.969" intervalms="69.843" />
<gc-start id="542" type="partial gc" contextid="541" timestamp="2019-06-15T00:49:31.969">
  <mem-info id="543" free="8388608" total="75497472" percent="11">
    <mem type="eden" free="0" total="25165824" percent="0" />
    <arraylet-primitive objects="1" leaves="1" largest="1" />
    <remembered-set count="27392" freebytes="3071488" totalbytes="3181056" percent="96" regionsoverflowed="0" regionsstable="0" regionsrebuilding="0"/>
  </mem-info>
</gc-start>
<allocation-stats totalBytes="25133704" >
  <allocated-bytes non-tlh="65544" tlh="25068160" arrayletleaf="0"/>
  <largest-consumer threadName="main" threadId="000000000118C700" bytes="12569088" />
</allocation-stats>
<gc-op id="544" type="copy forward" timems="7.182" contextid="541" timestamp="2019-06-15T00:49:31.977">
  <memory-copied type="eden" objects="53936" bytes="1459504" bytesdiscarded="18272" />
  <memory-copied type="other" objects="76764" bytes="1904240" bytesdiscarded="106088" />
  <memory-cardclean objects="5464" bytes="236296" />
  <regions eden="24" other="3" />
  <remembered-set-cleared processed="24166" cleared="4787" durationms="0.163" />
  <references type="soft" candidates="115" cleared="0" enqueued="0" dynamicThreshold="8" maxThreshold="32" />
  <references type="weak" candidates="81" cleared="0" enqueued="0" />
  <references type="phantom" candidates="2" cleared="0" enqueued="0" />
  <stringconstants candidates="13319" cleared="0"  />
</gc-op>
<gc-op id="545" type="classunload" timems="0.006" contextid="541" timestamp="2019-06-15T00:49:31.977">
  <classunload-info classloadercandidates="55" classloadersunloaded="0" classesunloaded="0" anonymousclassesunloaded="0" quiescems="0.000" setupms="0.006" scanms="0.000" postms="0.000" />
</gc-op>
<heap-resize id="546" type="expand" space="default" amount="13631488" count="1" timems="0.112" reason="excessive time being spent in gc" timestamp="2019-06-15T00:49:31.978" />
<gc-end id="547" type="partial gc" contextid="541" durationms="8.813" usertimems="16.000" systemtimems="4.000" timestamp="2019-06-15T00:49:31.978" activeThreads="4">
  <mem-info id="548" free="45088768" total="89128960" percent="50">
    <mem type="eden" free="619376" total="2097152" percent="29" />
    <arraylet-primitive objects="1" leaves="1" largest="1" />
    <remembered-set count="32896" freebytes="3426176" totalbytes="3557760" percent="96" regionsoverflowed="0" regionsstable="0" regionsrebuilding="0"/>
  </mem-info>
</gc-end>
<cycle-end id="549" type="partial gc" contextid="541" timestamp="2019-06-15T00:49:31.978" />
  <attribute name="elasticGC enabled" value="1" />
  <attribute name= "numThreadsSpecified" value="4" />
  <attribute name="heapSize specified" value="0" />
  <attribute name="Current GC Util" value="34" />
  <attribute name= "Current Time Running" value="8865" />
  <attribute name ="GC Interval" value="0" />
  <attribute name="ProportionalT" value="7.000000" />
  <attribute name="ProportionalI" value="7.000000" />
  <attribute name="ProportionalH" value="7.000000" />
  <attribute name="Current Error" value="14.000000" />
  <attribute name="IntegralT" value="14.000000" />
  <attribute name="IntegralI" value="14.000000" />
  <attribute name="IntegralH" value="14.000000" />
  <attribute name="DerivativeT" value="7.000000" />
  <attribute name="DerivativeI" value="7.000000" />
  <attribute name="DerivativeH" value="7.000000" />
  <attribute name="Loop Time for DT" value="1.000000" />
  <attribute name="Output H" value="8388608"/>
  <attribute name="Output I" value="200"/>
  <attribute name="Output T" value="4"/>
  <attribute name="Target GC Util Change" value ="20.000000" />
  <attribute name="Current GC Util Change" value="34.000000"/>
  <attribute name="GC Util currently" value="34" />
  <attribute name="CPU Util currently" value="10419275633196" />
<exclusive-end id="550" timestamp="2019-06-15T00:49:31.978" durationms="9.874" />

<exclusive-start id="551" timestamp="2019-06-15T00:49:32.006" intervalms="38.118">
  <response-info timems="0.071" idlems="0.071" threads="0" lastid="000000000118C700" lastname="main" />
</exclusive-start>
<allocation-taxation id="552" taxation-threshold="13631488" timestamp="2019-06-15T00:49:32.007" intervalms="38.126" />
<gc-start id="553" type="global mark phase" contextid="530" timestamp="2019-06-15T00:49:32.007">
  <mem-info id="554" free="31457280" total="89128960" percent="35">
    <remembered-set count="32512" freebytes="3427712" totalbytes="3557760" percent="96" regionsoverflowed="0" regionsstable="0" regionsrebuilding="0"/>
  </mem-info>
</gc-start>
<gc-end id="555" type="global mark phase" contextid="530" durationms="0.203" usertimems="0.000" systemtimems="0.000" timestamp="2019-06-15T00:49:32.007" activeThreads="4">
  <mem-info id="556" free="31457280" total="89128960" percent="35">
    <remembered-set count="32512" freebytes="3427712" totalbytes="3557760" percent="96" regionsoverflowed="0" regionsstable="0" regionsrebuilding="0"/>
  </mem-info>
</gc-end>
<concurrent-start id="557" type="GMP work packet processing" contextid="530" timestamp="2019-06-15T00:49:32.007">
  <concurrent-mark-start scanTarget="6217416" />
</concurrent-start>
<exclusive-end id="558" timestamp="2019-06-15T00:49:32.007" durationms="0.944" />

<concurrent-end id="559" type="GMP work packet processing" contextid="530" timestamp="2019-06-15T00:49:32.012">
  <concurrent-mark-end bytesScanned="6255536" reasonForTermination="Work target met" />
</concurrent-end>

<exclusive-start id="560" timestamp="2019-06-15T00:49:32.039" intervalms="32.899">
  <response-info timems="0.056" idlems="0.056" threads="0" lastid="000000000118C700" lastname="main" />
</exclusive-start>
<allocation-taxation id="561" taxation-threshold="13631488" timestamp="2019-06-15T00:49:32.040" intervalms="32.897" />
<cycle-start id="562" type="partial gc" contextid="0" timestamp="2019-06-15T00:49:32.040" intervalms="71.114" />
<gc-start id="563" type="partial gc" contextid="562" timestamp="2019-06-15T00:49:32.040">
  <mem-info id="564" free="17825792" total="89128960" percent="20">
    <mem type="eden" free="0" total="27262976" percent="0" />
    <arraylet-primitive objects="1" leaves="1" largest="1" />
    <remembered-set count="32512" freebytes="3427712" totalbytes="3557760" percent="96" regionsoverflowed="0" regionsstable="0" regionsrebuilding="0"/>
  </mem-info>
</gc-start>
<allocation-stats totalBytes="27223152" >
  <allocated-bytes non-tlh="0" tlh="27223152" arrayletleaf="0"/>
  <largest-consumer threadName="main" threadId="000000000118C700" bytes="13611224" />
</allocation-stats>
<gc-op id="565" type="copy forward" timems="12.514" contextid="562" timestamp="2019-06-15T00:49:32.053">
  <memory-copied type="eden" objects="55432" bytes="1366272" bytesdiscarded="8" />
  <memory-copied type="other" objects="64510" bytes="1699136" bytesdiscarded="16" />
  <memory-cardclean objects="6284" bytes="241440" />
  <regions eden="26" other="3" />
  <remembered-set-cleared processed="27918" cleared="4305" durationms="0.328" />
  <stringconstants candidates="13319" cleared="0"  />
</gc-op>
<gc-op id="566" type="classunload" timems="0.007" contextid="562" timestamp="2019-06-15T00:49:32.054">
  <classunload-info classloadercandidates="55" classloadersunloaded="0" classesunloaded="0" anonymousclassesunloaded="0" quiescems="0.000" setupms="0.007" scanms="0.000" postms="0.000" />
</gc-op>
<heap-resize id="567" type="expand" space="default" amount="15728640" count="1" timems="0.145" reason="excessive time being spent in gc" timestamp="2019-06-15T00:49:32.054" />
<gc-end id="568" type="partial gc" contextid="562" durationms="14.001" usertimems="12.000" systemtimems="0.000" timestamp="2019-06-15T00:49:32.054" activeThreads="1">
  <mem-info id="569" free="58720256" total="104857600" percent="56">
    <mem type="eden" free="730872" total="2097152" percent="34" />
    <arraylet-primitive objects="1" leaves="1" largest="1" />
    <remembered-set count="36320" freebytes="4040320" totalbytes="4185600" percent="96" regionsoverflowed="0" regionsstable="0" regionsrebuilding="0"/>
  </mem-info>
</gc-end>
<cycle-end id="570" type="partial gc" contextid="562" timestamp="2019-06-15T00:49:32.054" />
  <attribute name="elasticGC enabled" value="1" />
  <attribute name= "numThreadsSpecified" value="1" />
  <attribute name="heapSize specified" value="0" />
  <attribute name="Current GC Util" value="77" />
  <attribute name= "Current Time Running" value="8936" />
  <attribute name ="GC Interval" value="0" />
  <attribute name="ProportionalT" value="28.500000" />
  <attribute name="ProportionalI" value="28.500000" />
  <attribute name="ProportionalH" value="28.500000" />
  <attribute name="Current Error" value="57.000000" />
  <attribute name="IntegralT" value="0.000000" />
  <attribute name="IntegralI" value="0.000000" />
  <attribute name="IntegralH" value="0.000000" />
  <attribute name="DerivativeT" value="inf" />
  <attribute name="DerivativeI" value="inf" />
  <attribute name="DerivativeH" value="inf" />
  <attribute name="Loop Time for DT" value="0.000000" />
  <attribute name="Output H" value="8388608"/>
  <attribute name="Output I" value="200"/>
  <attribute name="Output T" value="1"/>
  <attribute name="Target GC Util Change" value ="20.000000" />
  <attribute name="Current GC Util Change" value="77.000000"/>
  <attribute name="GC Util currently" value="77" />
  <attribute name="CPU Util currently" value="20669639764754" />
<exclusive-end id="571" timestamp="2019-06-15T00:49:32.055" durationms="15.302" />

<exclusive-start id="572" timestamp="2019-06-15T00:49:32.087" intervalms="47.168">
  <response-info timems="0.076" idlems="0.076" threads="0" lastid="000000000118C700" lastname="main" />
</exclusive-start>
<allocation-taxation id="573" taxation-threshold="15728640" timestamp="2019-06-15T00:49:32.087" intervalms="47.206" />
<gc-start id="574" type="global mark phase" contextid="530" timestamp="2019-06-15T00:49:32.087">
  <mem-info id="575" free="42991616" total="104857600" percent="41">
    <remembered-set count="35936" freebytes="4041856" totalbytes="4185600" percent="96" regionsoverflowed="0" regionsstable="0" regionsrebuilding="0"/>
  </mem-info>
</gc-start>
<gc-end id="576" type="global mark phase" contextid="530" durationms="0.207" usertimems="0.000" systemtimems="0.000" timestamp="2019-06-15T00:49:32.087" activeThreads="1">
  <mem-info id="577" free="42991616" total="104857600" percent="41">
    <remembered-set count="35936" freebytes="4041856" totalbytes="4185600" percent="96" regionsoverflowed="0" regionsstable="0" regionsrebuilding="0"/>
  </mem-info>
</gc-end>
<concurrent-start id="578" type="GMP work packet processing" contextid="530" timestamp="2019-06-15T00:49:32.087">
  <concurrent-mark-start scanTarget="1048576" />
</concurrent-start>
<exclusive-end id="579" timestamp="2019-06-15T00:49:32.088" durationms="0.999" />

<concurrent-end id="580" type="GMP work packet processing" contextid="530" timestamp="2019-06-15T00:49:32.088">
  <concurrent-mark-end bytesScanned="108536" reasonForTermination="Completed all work in GC phase" />
</concurrent-end>

<exclusive-start id="581" timestamp="2019-06-15T00:49:32.120" intervalms="33.965">
  <response-info timems="0.078" idlems="0.078" threads="0" lastid="000000000118C700" lastname="main" />
</exclusive-start>
<allocation-taxation id="582" taxation-threshold="15728640" timestamp="2019-06-15T00:49:32.121" intervalms="33.941" />
<cycle-start id="583" type="partial gc" contextid="0" timestamp="2019-06-15T00:49:32.121" intervalms="81.057" />
<gc-start id="584" type="partial gc" contextid="583" timestamp="2019-06-15T00:49:32.121">
  <mem-info id="585" free="27262976" total="104857600" percent="26">
    <mem type="eden" free="0" total="31457280" percent="0" />
    <arraylet-primitive objects="1" leaves="1" largest="1" />
    <remembered-set count="35936" freebytes="4041856" totalbytes="4185600" percent="96" regionsoverflowed="0" regionsstable="0" regionsrebuilding="0"/>
  </mem-info>
</gc-start>
<allocation-stats totalBytes="31434448" >
  <allocated-bytes non-tlh="262160" tlh="31172288" arrayletleaf="0"/>
  <largest-consumer threadName="main" threadId="000000000118C700" bytes="15713560" />
</allocation-stats>
<gc-op id="586" type="copy forward" timems="19.368" contextid="583" timestamp="2019-06-15T00:49:32.141">
  <memory-copied type="eden" objects="64362" bytes="1840544" bytesdiscarded="88" />
  <memory-copied type="other" objects="117373" bytes="2916016" bytesdiscarded="128" />
  <memory-cardclean objects="12496" bytes="487408" />
  <regions eden="30" other="4" />
  <remembered-set-cleared processed="30282" cleared="8003" durationms="0.371" />
  <references type="soft" candidates="115" cleared="0" enqueued="0" dynamicThreshold="13" maxThreshold="32" />
  <references type="weak" candidates="47" cleared="0" enqueued="0" />
  <stringconstants candidates="13319" cleared="0"  />
</gc-op>
<gc-op id="587" type="classunload" timems="0.009" contextid="583" timestamp="2019-06-15T00:49:32.142">
  <classunload-info classloadercandidates="55" classloadersunloaded="0" classesunloaded="0" anonymousclassesunloaded="0" quiescems="0.000" setupms="0.009" scanms="0.000" postms="0.000" />
</gc-op>
<heap-resize id="588" type="expand" space="default" amount="15728640" count="1" timems="0.154" reason="excessive time being spent in gc" timestamp="2019-06-15T00:49:32.142" />
<gc-end id="589" type="partial gc" contextid="583" durationms="20.888" usertimems="20.000" systemtimems="0.000" timestamp="2019-06-15T00:49:32.142" activeThreads="1">
  <mem-info id="590" free="72351744" total="120586240" percent="60">
    <mem type="eden" free="256520" total="2097152" percent="12" />
    <arraylet-primitive objects="1" leaves="1" largest="1" />
    <remembered-set count="40864" freebytes="4649984" totalbytes="4813440" percent="96" regionsoverflowed="0" regionsstable="0" regionsrebuilding="0"/>
  </mem-info>
</gc-end>
<cycle-end id="591" type="partial gc" contextid="583" timestamp="2019-06-15T00:49:32.142" />
  <attribute name="elasticGC enabled" value="1" />
  <attribute name= "numThreadsSpecified" value="1" />
  <attribute name="heapSize specified" value="0" />
  <attribute name="Current GC Util" value="55" />
  <attribute name= "Current Time Running" value="9017" />
  <attribute name ="GC Interval" value="0" />
  <attribute name="ProportionalT" value="17.500000" />
  <attribute name="ProportionalI" value="17.500000" />
  <attribute name="ProportionalH" value="17.500000" />
  <attribute name="Current Error" value="35.000000" />
  <attribute name="IntegralT" value="0.000000" />
  <attribute name="IntegralI" value="0.000000" />
  <attribute name="IntegralH" value="0.000000" />
  <attribute name="DerivativeT" value="inf" />
  <attribute name="DerivativeI" value="inf" />
  <attribute name="DerivativeH" value="inf" />
  <attribute name="Loop Time for DT" value="0.000000" />
  <attribute name="Output H" value="8388608"/>
  <attribute name="Output I" value="200"/>
  <attribute name="Output T" value="1"/>
  <attribute name="Target GC Util Change" value ="20.000000" />
  <attribute name="Current GC Util Change" value="55.000000"/>
  <attribute name="GC Util currently" value="55" />
  <attribute name="CPU Util currently" value="20826928749694" />
<exclusive-end id="592" timestamp="2019-06-15T00:49:32.143" durationms="22.064" />

<exclusive-start id="593" timestamp="2019-06-15T00:49:32.180" intervalms="59.553">
  <response-info timems="0.078" idlems="0.078" threads="0" lastid="000000000118C700" lastname="main" />
</exclusive-start>
<allocation-taxation id="594" taxation-threshold="17825792" timestamp="2019-06-15T00:49:32.180" intervalms="59.590" />
<gc-start id="595" type="global mark phase" contextid="530" timestamp="2019-06-15T00:49:32.180">
  <mem-info id="596" free="54525952" total="120586240" percent="45">
    <remembered-set count="40480" freebytes="4651520" totalbytes="4813440" percent="96" regionsoverflowed="0" regionsstable="0" regionsrebuilding="0"/>
  </mem-info>
</gc-start>
<gc-op id="597" type="mark increment" timems="5.669" contextid="530" timestamp="2019-06-15T00:49:32.186">
  <trace-info objectcount="131601" scancount="111753" scanbytes="3210152" />
  <cardclean-info objects="53642" bytes="1437008" />
  <finalization candidates="81" enqueued="0" />
  <ownableSynchronizers candidates="21" cleared="0" />
  <references type="soft" candidates="2716" cleared="0" enqueued="0" dynamicThreshold="19" maxThreshold="32" />
  <references type="weak" candidates="5542" cleared="46" enqueued="46" />
  <references type="phantom" candidates="105" cleared="3" enqueued="3" />
  <stringconstants candidates="13319" cleared="12"  />
</gc-op>
<gc-op id="598" type="classunload" timems="0.008" contextid="530" timestamp="2019-06-15T00:49:32.187">
  <classunload-info classloadercandidates="55" classloadersunloaded="0" classesunloaded="0" anonymousclassesunloaded="0" quiescems="0.000" setupms="0.008" scanms="0.000" postms="0.000" />
</gc-op>
<gc-end id="599" type="global mark phase" contextid="530" durationms="6.392" usertimems="12.000" systemtimems="0.000" timestamp="2019-06-15T00:49:32.187" activeThreads="4">
  <mem-info id="600" free="54525952" total="120586240" percent="45">
    <pending-finalizers system="0" default="0" reference="49" classloader="0" />
    <remembered-set count="40480" freebytes="4651520" totalbytes="4813440" percent="96" regionsoverflowed="0" regionsstable="0" regionsrebuilding="0"/>
  </mem-info>
</gc-end>
<cycle-end id="601" type="global mark phase" contextid="530" timestamp="2019-06-15T00:49:32.187" />
  <attribute name="elasticGC enabled" value="1" />
  <attribute name= "numThreadsSpecified" value="4" />
  <attribute name="heapSize specified" value="0" />
  <attribute name="Current GC Util" value="247" />
  <attribute name= "Current Time Running" value="9080" />
  <attribute name ="GC Interval" value="0" />
  <attribute name="ProportionalT" value="113.500000" />
  <attribute name="ProportionalI" value="113.500000" />
  <attribute name="ProportionalH" value="113.500000" />
  <attribute name="Current Error" value="227.000000" />
  <attribute name="IntegralT" value="681.000000" />
  <attribute name="IntegralI" value="681.000000" />
  <attribute name="IntegralH" value="681.000000" />
  <attribute name="DerivativeT" value="1.666667" />
  <attribute name="DerivativeI" value="1.666667" />
  <attribute name="DerivativeH" value="1.666667" />
  <attribute name="Loop Time for DT" value="3.000000" />
  <attribute name="Output H" value="8388608"/>
  <attribute name="Output I" value="800"/>
  <attribute name="Output T" value="4"/>
  <attribute name="Target GC Util Change" value ="20.000000" />
  <attribute name="Current GC Util Change" value="247.000000"/>
  <attribute name="GC Util currently" value="247" />
  <attribute name="CPU Util currently" value="1822424782658" />
<exclusive-end id="602" timestamp="2019-06-15T00:49:32.187" durationms="7.198" />

<exclusive-start id="603" timestamp="2019-06-15T00:49:32.224" intervalms="44.087">
  <response-info timems="0.072" idlems="0.072" threads="0" lastid="000000000118C700" lastname="main" />
</exclusive-start>
<allocation-taxation id="604" taxation-threshold="17825792" timestamp="2019-06-15T00:49:32.224" intervalms="44.029" />
<cycle-start id="605" type="partial gc" contextid="0" timestamp="2019-06-15T00:49:32.225" intervalms="103.731" />
<gc-start id="606" type="partial gc" contextid="605" timestamp="2019-06-15T00:49:32.225">
  <mem-info id="607" free="36700160" total="120586240" percent="30">
    <mem type="eden" free="0" total="35651584" percent="0" />
    <arraylet-primitive objects="1" leaves="1" largest="1" />
    <remembered-set count="40480" freebytes="4651520" totalbytes="4813440" percent="96" regionsoverflowed="0" regionsstable="0" regionsrebuilding="0"/>
  </mem-info>
</gc-start>
<allocation-stats totalBytes="35616784" >
  <allocated-bytes non-tlh="0" tlh="35616784" arrayletleaf="0"/>
  <largest-consumer threadName="main" threadId="000000000118C700" bytes="17805632" />
</allocation-stats>
<gc-op id="608" type="sweep" timems="0.726" contextid="605" timestamp="2019-06-15T00:49:32.226" />
<gc-op id="609" type="copy forward" timems="15.220" contextid="605" timestamp="2019-06-15T00:49:32.242">
  <memory-copied type="eden" objects="35780" bytes="908528" bytesdiscarded="0" />
  <memory-copied type="other" objects="116379" bytes="3094632" bytesdiscarded="8" />
  <memory-cardclean objects="13208" bytes="507832" />
  <regions eden="17" other="22" />
  <remembered-set-cleared processed="34758" cleared="7192" durationms="0.383" />
  <references type="soft" candidates="2" cleared="0" enqueued="0" dynamicThreshold="14" maxThreshold="32" />
  <references type="weak" candidates="4" cleared="0" enqueued="0" />
  <stringconstants candidates="13307" cleared="0"  />
</gc-op>
<gc-op id="610" type="classunload" timems="0.008" contextid="605" timestamp="2019-06-15T00:49:32.242">
  <classunload-info classloadercandidates="55" classloadersunloaded="0" classesunloaded="0" anonymousclassesunloaded="0" quiescems="0.000" setupms="0.008" scanms="0.000" postms="0.000" />
</gc-op>
<heap-resize id="611" type="expand" space="default" amount="5242880" count="1" timems="0.083" reason="excessive time being spent in gc" timestamp="2019-06-15T00:49:32.242" />
<gc-end id="612" type="partial gc" contextid="605" durationms="17.685" usertimems="12.000" systemtimems="4.000" timestamp="2019-06-15T00:49:32.243" activeThreads="1">
  <mem-info id="613" free="75497472" total="125829120" percent="60">
    <mem type="eden" free="255520" total="2097152" percent="12" />
    <arraylet-primitive objects="1" leaves="1" largest="1" />
    <remembered-set count="44672" freebytes="4844032" totalbytes="5022720" percent="96" regionsoverflowed="0" regionsstable="0" regionsrebuilding="0"/>
  </mem-info>
</gc-end>
<cycle-end id="614" type="partial gc" contextid="605" timestamp="2019-06-15T00:49:32.243" />
  <attribute name="elasticGC enabled" value="1" />
  <attribute name= "numThreadsSpecified" value="1" />
  <attribute name="heapSize specified" value="0" />
  <attribute name="Current GC Util" value="72" />
  <attribute name= "Current Time Running" value="9121" />
  <attribute name ="GC Interval" value="0" />
  <attribute name="ProportionalT" value="26.000000" />
  <attribute name="ProportionalI" value="26.000000" />
  <attribute name="ProportionalH" value="26.000000" />
  <attribute name="Current Error" value="52.000000" />
  <attribute name="IntegralT" value="0.000000" />
  <attribute name="IntegralI" value="0.000000" />
  <attribute name="IntegralH" value="0.000000" />
  <attribute name="DerivativeT" value="inf" />
  <attribute name="DerivativeI" value="inf" />
  <attribute name="DerivativeH" value="inf" />
  <attribute name="Loop Time for DT" value="0.000000" />
  <attribute name="Output H" value="8388608"/>
  <attribute name="Output I" value="200"/>
  <attribute name="Output T" value="1"/>
  <attribute name="Target GC Util Change" value ="20.000000" />
  <attribute name="Current GC Util Change" value="72.000000"/>
  <attribute name="GC Util currently" value="72" />
  <attribute name="CPU Util currently" value="19074209206969" />
<exclusive-end id="615" timestamp="2019-06-15T00:49:32.243" durationms="18.958" />

<exclusive-start id="616" timestamp="2019-06-15T00:49:32.352" intervalms="128.139">
  <response-info timems="0.084" idlems="0.084" threads="0" lastid="000000000118C700" lastname="main" />
</exclusive-start>
<allocation-taxation id="617" taxation-threshold="37748736" timestamp="2019-06-15T00:49:32.353" intervalms="128.236" />
<cycle-start id="618" type="partial gc" contextid="0" timestamp="2019-06-15T00:49:32.353" intervalms="128.085" />
<gc-start id="619" type="partial gc" contextid="618" timestamp="2019-06-15T00:49:32.353">
  <mem-info id="620" free="37748736" total="125829120" percent="30">
    <mem type="eden" free="0" total="37748736" percent="0" />
    <arraylet-primitive objects="2" leaves="2" largest="1" />
    <remembered-set count="44608" freebytes="4844288" totalbytes="5022720" percent="96" regionsoverflowed="0" regionsstable="0" regionsrebuilding="0"/>
  </mem-info>
</gc-start>
<allocation-stats totalBytes="37736616" >
  <allocated-bytes non-tlh="826504" tlh="35861536" arrayletleaf="1048576"/>
  <largest-consumer threadName="main" threadId="000000000118C700" bytes="37736616" />
</allocation-stats>
<gc-op id="621" type="copy forward" timems="8.263" contextid="618" timestamp="2019-06-15T00:49:32.362">
  <memory-copied type="eden" objects="83897" bytes="2169020" bytesdiscarded="109032" />
  <memory-copied type="other" objects="108781" bytes="2803880" bytesdiscarded="89320" />
  <memory-cardclean objects="11620" bytes="616928" />
  <regions eden="35" other="9" />
  <remembered-set-cleared processed="38243" cleared="10603" durationms="0.222" />
  <finalization candidates="1" enqueued="1" />
  <references type="soft" candidates="42" cleared="0" enqueued="0" dynamicThreshold="19" maxThreshold="32" />
  <references type="weak" candidates="388" cleared="0" enqueued="0" />
  <stringconstants candidates="13307" cleared="0"  />
</gc-op>
<gc-op id="622" type="classunload" timems="0.009" contextid="618" timestamp="2019-06-15T00:49:32.362">
  <classunload-info classloadercandidates="55" classloadersunloaded="0" classesunloaded="0" anonymousclassesunloaded="0" quiescems="0.000" setupms="0.008" scanms="0.000" postms="0.000" />
</gc-op>
<heap-resize id="623" type="expand" space="default" amount="3145728" count="1" timems="0.072" reason="excessive time being spent in gc" timestamp="2019-06-15T00:49:32.363" />
<gc-end id="624" type="partial gc" contextid="618" durationms="9.739" usertimems="24.000" systemtimems="0.000" timestamp="2019-06-15T00:49:32.363" activeThreads="4">
  <mem-info id="625" free="77594624" total="128974848" percent="60">
    <mem type="eden" free="867648" total="4194304" percent="20" />
    <arraylet-primitive objects="2" leaves="2" largest="1" />
    <pending-finalizers system="0" default="1" reference="0" classloader="0" />
    <remembered-set count="48480" freebytes="4954368" totalbytes="5148288" percent="96" regionsoverflowed="0" regionsstable="0" regionsrebuilding="0"/>
  </mem-info>
</gc-end>
<cycle-end id="626" type="partial gc" contextid="618" timestamp="2019-06-15T00:49:32.363" />
  <attribute name="elasticGC enabled" value="1" />
  <attribute name= "numThreadsSpecified" value="4" />
  <attribute name="heapSize specified" value="0" />
  <attribute name="Current GC Util" value="72" />
  <attribute name= "Current Time Running" value="9249" />
  <attribute name ="GC Interval" value="0" />
  <attribute name="ProportionalT" value="26.000000" />
  <attribute name="ProportionalI" value="26.000000" />
  <attribute name="ProportionalH" value="26.000000" />
  <attribute name="Current Error" value="52.000000" />
  <attribute name="IntegralT" value="52.000000" />
  <attribute name="IntegralI" value="52.000000" />
  <attribute name="IntegralH" value="52.000000" />
  <attribute name="DerivativeT" value="26.000000" />
  <attribute name="DerivativeI" value="26.000000" />
  <attribute name="DerivativeH" value="26.000000" />
  <attribute name="Loop Time for DT" value="1.000000" />
  <attribute name="Output H" value="8388608"/>
  <attribute name="Output I" value="200"/>
  <attribute name="Output T" value="4"/>
  <attribute name="Target GC Util Change" value ="20.000000" />
  <attribute name="Current GC Util Change" value="72.000000"/>
  <attribute name="GC Util currently" value="72" />
  <attribute name="CPU Util currently" value="18275973324442" />
<exclusive-end id="627" timestamp="2019-06-15T00:49:32.363" durationms="10.909" />

<exclusive-start id="628" timestamp="2019-06-15T00:49:32.604" intervalms="251.470">
  <response-info timems="0.070" idlems="0.070" threads="0" lastid="000000000118C700" lastname="main" />
</exclusive-start>
<allocation-taxation id="629" taxation-threshold="38797312" timestamp="2019-06-15T00:49:32.604" intervalms="251.424" />
<cycle-start id="630" type="partial gc" contextid="0" timestamp="2019-06-15T00:49:32.604" intervalms="251.444" />
<gc-start id="631" type="partial gc" contextid="630" timestamp="2019-06-15T00:49:32.604">
  <mem-info id="632" free="38797312" total="128974848" percent="30">
    <mem type="eden" free="0" total="38797312" percent="0" />
    <arraylet-primitive objects="2" leaves="2" largest="1" />
    <remembered-set count="48352" freebytes="4954880" totalbytes="5148288" percent="96" regionsoverflowed="0" regionsstable="0" regionsrebuilding="0"/>
  </mem-info>
</gc-start>
<allocation-stats totalBytes="38794224" >
  <allocated-bytes non-tlh="149376" tlh="38644848" arrayletleaf="0"/>
  <largest-consumer threadName="main" threadId="000000000118C700" bytes="38794224" />
</allocation-stats>
<gc-op id="633" type="copy forward" timems="14.318" contextid="630" timestamp="2019-06-15T00:49:32.620">
  <memory-copied type="eden" objects="33000" bytes="930312" bytesdiscarded="0" />
  <memory-copied type="other" objects="122691" bytes="2968848" bytesdiscarded="56" />
  <memory-cardclean objects="13828" bytes="752856" />
  <regions eden="37" other="8" />
  <remembered-set-cleared processed="42092" cleared="12270" durationms="0.476" />
  <references type="soft" candidates="2222" cleared="0" enqueued="0" dynamicThreshold="19" maxThreshold="32" />
  <references type="weak" candidates="620" cleared="0" enqueued="0" />
  <stringconstants candidates="13766" cleared="5"  />
</gc-op>
<gc-op id="634" type="classunload" timems="0.006" contextid="630" timestamp="2019-06-15T00:49:32.620">
  <classunload-info classloadercandidates="55" classloadersunloaded="0" classesunloaded="0" anonymousclassesunloaded="0" quiescems="0.000" setupms="0.006" scanms="0.000" postms="0.000" />
</gc-op>
<gc-end id="635" type="partial gc" contextid="630" durationms="15.564" usertimems="12.000" systemtimems="4.000" timestamp="2019-06-15T00:49:32.620" activeThreads="1">
  <mem-info id="636" free="80740352" total="128974848" percent="62">
    <mem type="eden" free="118224" total="1048576" percent="11" />
    <arraylet-primitive objects="1" leaves="1" largest="1" />
    <remembered-set count="47840" freebytes="4956928" totalbytes="5148288" percent="96" regionsoverflowed="0" regionsstable="0" regionsrebuilding="0"/>
  </mem-info>
</gc-end>
<cycle-end id="637" type="partial gc" contextid="630" timestamp="2019-06-15T00:49:32.620" />
  <attribute name="elasticGC enabled" value="1" />
  <attribute name= "numThreadsSpecified" value="1" />
  <attribute name="heapSize specified" value="0" />
  <attribute name="Current GC Util" value="60" />
  <attribute name= "Current Time Running" value="9500" />
  <attribute name ="GC Interval" value="0" />
  <attribute name="ProportionalT" value="20.000000" />
  <attribute name="ProportionalI" value="20.000000" />
  <attribute name="ProportionalH" value="20.000000" />
  <attribute name="Current Error" value="40.000000" />
  <attribute name="IntegralT" value="0.000000" />
  <attribute name="IntegralI" value="0.000000" />
  <attribute name="IntegralH" value="0.000000" />
  <attribute name="DerivativeT" value="inf" />
  <attribute name="DerivativeI" value="inf" />
  <attribute name="DerivativeH" value="inf" />
  <attribute name="Loop Time for DT" value="0.000000" />
  <attribute name="Output H" value="8388608"/>
  <attribute name="Output I" value="200"/>
  <attribute name="Output T" value="1"/>
  <attribute name="Target GC Util Change" value ="20.000000" />
  <attribute name="Current GC Util Change" value="60.000000"/>
  <attribute name="GC Util currently" value="60" />
  <attribute name="CPU Util currently" value="16440948321618" />
<exclusive-end id="638" timestamp="2019-06-15T00:49:32.620" durationms="16.769" />

<exclusive-start id="639" timestamp="2019-06-15T00:49:33.833" intervalms="1228.969">
  <response-info timems="0.030" idlems="0.030" threads="0" lastid="000000000118C700" lastname="main" />
</exclusive-start>
<allocation-taxation id="640" taxation-threshold="38797312" timestamp="2019-06-15T00:49:33.833" intervalms="1228.928" />
<cycle-start id="641" type="partial gc" contextid="0" timestamp="2019-06-15T00:49:33.833" intervalms="1228.887" />
<gc-start id="642" type="partial gc" contextid="641" timestamp="2019-06-15T00:49:33.833">
  <mem-info id="643" free="41943040" total="128974848" percent="32">
    <mem type="eden" free="0" total="38797312" percent="0" />
    <arraylet-primitive objects="1" leaves="1" largest="1" />
    <remembered-set count="47808" freebytes="4957056" totalbytes="5148288" percent="96" regionsoverflowed="0" regionsstable="0" regionsrebuilding="0"/>
  </mem-info>
</gc-start>
<allocation-stats totalBytes="38756392" >
  <allocated-bytes non-tlh="64" tlh="38756328" arrayletleaf="0"/>
  <largest-consumer threadName="main" threadId="000000000118C700" bytes="38756392" />
</allocation-stats>
<gc-op id="644" type="copy forward" timems="7.671" contextid="641" timestamp="2019-06-15T00:49:33.842">
  <memory-copied type="eden" objects="81" bytes="3176" bytesdiscarded="0" />
  <memory-copied type="other" objects="78818" bytes="2018368" bytesdiscarded="64" />
  <memory-cardclean objects="8308" bytes="298968" />
  <regions eden="37" other="5" />
  <remembered-set-cleared processed="43694" cleared="6886" durationms="0.483" />
  <references type="soft" candidates="2200" cleared="0" enqueued="0" dynamicThreshold="20" maxThreshold="32" />
  <references type="weak" candidates="395" cleared="0" enqueued="0" />
  <stringconstants candidates="13762" cleared="0"  />
</gc-op>
<gc-op id="645" type="classunload" timems="0.005" contextid="641" timestamp="2019-06-15T00:49:33.842">
  <classunload-info classloadercandidates="55" classloadersunloaded="0" classesunloaded="0" anonymousclassesunloaded="0" quiescems="0.000" setupms="0.005" scanms="0.000" postms="0.000" />
</gc-op>
<gc-end id="646" type="partial gc" contextid="641" durationms="9.001" usertimems="12.000" systemtimems="0.000" timestamp="2019-06-15T00:49:33.842" activeThreads="1">
  <mem-info id="647" free="80740352" total="128974848" percent="62">
    <mem type="eden" free="1045400" total="1048576" percent="99" />
    <arraylet-primitive objects="1" leaves="1" largest="1" />
    <remembered-set count="47616" freebytes="4957824" totalbytes="5148288" percent="96" regionsoverflowed="0" regionsstable="0" regionsrebuilding="0"/>
  </mem-info>
</gc-end>
<cycle-end id="648" type="partial gc" contextid="641" timestamp="2019-06-15T00:49:33.843" />
  <attribute name="elasticGC enabled" value="1" />
  <attribute name= "numThreadsSpecified" value="1" />
  <attribute name="heapSize specified" value="0" />
  <attribute name="Current GC Util" value="68" />
  <attribute name= "Current Time Running" value="10729" />
  <attribute name ="GC Interval" value="0" />
  <attribute name="ProportionalT" value="24.000000" />
  <attribute name="ProportionalI" value="24.000000" />
  <attribute name="ProportionalH" value="24.000000" />
  <attribute name="Current Error" value="48.000000" />
  <attribute name="IntegralT" value="0.000000" />
  <attribute name="IntegralI" value="0.000000" />
  <attribute name="IntegralH" value="0.000000" />
  <attribute name="DerivativeT" value="inf" />
  <attribute name="DerivativeI" value="inf" />
  <attribute name="DerivativeH" value="inf" />
  <attribute name="Loop Time for DT" value="0.000000" />
  <attribute name="Output H" value="8388608"/>
  <attribute name="Output I" value="200"/>
  <attribute name="Output T" value="1"/>
  <attribute name="Target GC Util Change" value ="20.000000" />
  <attribute name="Current GC Util Change" value="68.000000"/>
  <attribute name="GC Util currently" value="68" />
  <attribute name="CPU Util currently" value="16407723411503" />
<exclusive-end id="649" timestamp="2019-06-15T00:49:33.843" durationms="10.147" />

<exclusive-start id="650" timestamp="2019-06-15T00:49:33.866" intervalms="33.544">
  <response-info timems="0.080" idlems="0.080" threads="0" lastid="000000000118C700" lastname="main" />
</exclusive-start>
<allocation-taxation id="651" taxation-threshold="38797312" timestamp="2019-06-15T00:49:33.866" intervalms="33.551" />
<cycle-start id="652" type="partial gc" contextid="0" timestamp="2019-06-15T00:49:33.867" intervalms="33.563" />
<gc-start id="653" type="partial gc" contextid="652" timestamp="2019-06-15T00:49:33.867">
  <mem-info id="654" free="41943040" total="128974848" percent="32">
    <mem type="eden" free="0" total="38797312" percent="0" />
    <arraylet-primitive objects="1" leaves="1" largest="1" />
    <remembered-set count="47328" freebytes="4958976" totalbytes="5148288" percent="96" regionsoverflowed="0" regionsstable="0" regionsrebuilding="0"/>
  </mem-info>
</gc-start>
<allocation-stats totalBytes="38652768" >
  <allocated-bytes non-tlh="0" tlh="38652768" arrayletleaf="0"/>
  <largest-consumer threadName="main" threadId="000000000118C700" bytes="38652768" />
</allocation-stats>
<gc-op id="655" type="copy forward" timems="3.824" contextid="652" timestamp="2019-06-15T00:49:33.871">
  <memory-copied type="eden" objects="0" bytes="0" bytesdiscarded="0" />
  <memory-copied type="other" objects="52540" bytes="1372128" bytesdiscarded="50224" />
  <memory-cardclean objects="32515" bytes="1484320" />
  <regions eden="37" other="6" />
  <remembered-set-cleared processed="40972" cleared="10972" durationms="0.225" />
  <references type="soft" candidates="354" cleared="0" enqueued="0" dynamicThreshold="20" maxThreshold="32" />
  <references type="weak" candidates="337" cleared="0" enqueued="0" />
  <stringconstants candidates="13762" cleared="0"  />
</gc-op>
<gc-op id="656" type="classunload" timems="0.005" contextid="652" timestamp="2019-06-15T00:49:33.872">
  <classunload-info classloadercandidates="55" classloadersunloaded="0" classesunloaded="0" anonymousclassesunloaded="0" quiescems="0.000" setupms="0.005" scanms="0.000" postms="0.000" />
</gc-op>
<heap-resize id="657" type="contract" space="default" amount="7340032" count="1" timems="0.123" reason="insufficient time being spent in gc" timestamp="2019-06-15T00:49:33.872" />
<gc-end id="658" type="partial gc" contextid="652" durationms="5.340" usertimems="4.000" systemtimems="4.000" timestamp="2019-06-15T00:49:33.872" activeThreads="4">
  <mem-info id="659" free="75497472" total="121634816" percent="62">
    <arraylet-primitive objects="1" leaves="1" largest="1" />
    <remembered-set count="47680" freebytes="4957568" totalbytes="5148288" percent="96" regionsoverflowed="0" regionsstable="0" regionsrebuilding="0"/>
  </mem-info>
</gc-end>
<cycle-end id="660" type="partial gc" contextid="652" timestamp="2019-06-15T00:49:33.872" />
  <attribute name="elasticGC enabled" value="1" />
  <attribute name= "numThreadsSpecified" value="4" />
  <attribute name="heapSize specified" value="0" />
  <attribute name="Current GC Util" value="72" />
  <attribute name= "Current Time Running" value="10763" />
  <attribute name ="GC Interval" value="0" />
  <attribute name="ProportionalT" value="26.000000" />
  <attribute name="ProportionalI" value="26.000000" />
  <attribute name="ProportionalH" value="26.000000" />
  <attribute name="Current Error" value="52.000000" />
  <attribute name="IntegralT" value="52.000000" />
  <attribute name="IntegralI" value="52.000000" />
  <attribute name="IntegralH" value="52.000000" />
  <attribute name="DerivativeT" value="23.000000" />
  <attribute name="DerivativeI" value="23.000000" />
  <attribute name="DerivativeH" value="23.000000" />
  <attribute name="Loop Time for DT" value="1.000000" />
  <attribute name="Output H" value="8388608"/>
  <attribute name="Output I" value="200"/>
  <attribute name="Output T" value="4"/>
  <attribute name="Target GC Util Change" value ="20.000000" />
  <attribute name="Current GC Util Change" value="72.000000"/>
  <attribute name="GC Util currently" value="72" />
  <attribute name="CPU Util currently" value="17203161850553" />
<exclusive-end id="661" timestamp="2019-06-15T00:49:33.873" durationms="6.353" />

<exclusive-start id="662" timestamp="2019-06-15T00:49:33.895" intervalms="28.843">
  <response-info timems="0.017" idlems="0.017" threads="0" lastid="000000000118C700" lastname="main" />
</exclusive-start>
<allocation-taxation id="663" taxation-threshold="36700160" timestamp="2019-06-15T00:49:33.895" intervalms="28.887" />
<cycle-start id="664" type="partial gc" contextid="0" timestamp="2019-06-15T00:49:33.896" intervalms="29.402" />
<gc-start id="665" type="partial gc" contextid="664" timestamp="2019-06-15T00:49:33.896">
  <mem-info id="666" free="38797312" total="121634816" percent="31">
    <mem type="eden" free="0" total="36700160" percent="0" />
    <arraylet-primitive objects="1" leaves="1" largest="1" />
    <remembered-set count="47456" freebytes="4958464" totalbytes="5148288" percent="96" regionsoverflowed="0" regionsstable="0" regionsrebuilding="0"/>
  </mem-info>
</gc-start>
<allocation-stats totalBytes="36574888" >
  <allocated-bytes non-tlh="0" tlh="36574888" arrayletleaf="0"/>
  <largest-consumer threadName="main" threadId="000000000118C700" bytes="36574888" />
</allocation-stats>
<gc-op id="667" type="copy forward" timems="3.720" contextid="664" timestamp="2019-06-15T00:49:33.901">
  <memory-copied type="eden" objects="1" bytes="24" bytesdiscarded="0" />
  <memory-copied type="other" objects="44167" bytes="1127776" bytesdiscarded="82288" />
  <memory-cardclean objects="33668" bytes="1435888" />
  <regions eden="35" other="4" />
  <remembered-set-cleared processed="40514" cleared="6085" durationms="0.211" />
  <references type="soft" candidates="53" cleared="0" enqueued="0" dynamicThreshold="19" maxThreshold="32" />
  <references type="weak" candidates="472" cleared="0" enqueued="0" />
  <stringconstants candidates="13762" cleared="0"  />
</gc-op>
<gc-op id="668" type="classunload" timems="0.004" contextid="664" timestamp="2019-06-15T00:49:33.901">
  <classunload-info classloadercandidates="55" classloadersunloaded="0" classesunloaded="0" anonymousclassesunloaded="0" quiescems="0.000" setupms="0.004" scanms="0.000" postms="0.000" />
</gc-op>
<heap-resize id="669" type="contract" space="default" amount="6291456" count="1" timems="0.060" reason="insufficient time being spent in gc" timestamp="2019-06-15T00:49:33.902" />
<gc-end id="670" type="partial gc" contextid="664" durationms="5.471" usertimems="8.000" systemtimems="0.000" timestamp="2019-06-15T00:49:33.902" activeThreads="4">
  <mem-info id="671" free="69206016" total="115343360" percent="60">
    <mem type="eden" free="1048552" total="1048576" percent="99" />
    <arraylet-primitive objects="1" leaves="1" largest="1" />
    <remembered-set count="48192" freebytes="4662528" totalbytes="4855296" percent="96" regionsoverflowed="0" regionsstable="0" regionsrebuilding="0"/>
  </mem-info>
</gc-end>
<cycle-end id="672" type="partial gc" contextid="664" timestamp="2019-06-15T00:49:33.902" />
  <attribute name="elasticGC enabled" value="1" />
  <attribute name= "numThreadsSpecified" value="4" />
  <attribute name="heapSize specified" value="0" />
  <attribute name="Current GC Util" value="30" />
  <attribute name= "Current Time Running" value="10792" />
  <attribute name ="GC Interval" value="0" />
  <attribute name="ProportionalT" value="5.000000" />
  <attribute name="ProportionalI" value="5.000000" />
  <attribute name="ProportionalH" value="5.000000" />
  <attribute name="Current Error" value="10.000000" />
  <attribute name="IntegralT" value="0.000000" />
  <attribute name="IntegralI" value="0.000000" />
  <attribute name="IntegralH" value="0.000000" />
  <attribute name="DerivativeT" value="-inf" />
  <attribute name="DerivativeI" value="-inf" />
  <attribute name="DerivativeH" value="-inf" />
  <attribute name="Loop Time for DT" value="0.000000" />
  <attribute name="Output H" value="2091843584"/>
  <attribute name="Output I" value="200"/>
  <attribute name="Output T" value="4"/>
  <attribute name="Target GC Util Change" value ="20.000000" />
  <attribute name="Current GC Util Change" value="30.000000"/>
  <attribute name="GC Util currently" value="30" />
  <attribute name="CPU Util currently" value="8315292206019" />
<exclusive-end id="673" timestamp="2019-06-15T00:49:33.902" durationms="7.046" />

<exclusive-start id="674" timestamp="2019-06-15T00:49:33.922" intervalms="26.895">
  <response-info timems="0.068" idlems="0.068" threads="0" lastid="000000000118C700" lastname="main" />
</exclusive-start>
<allocation-taxation id="675" taxation-threshold="35651584" timestamp="2019-06-15T00:49:33.922" intervalms="26.869" />
<cycle-start id="676" type="partial gc" contextid="0" timestamp="2019-06-15T00:49:33.922" intervalms="26.393" />
<gc-start id="677" type="partial gc" contextid="676" timestamp="2019-06-15T00:49:33.923">
  <mem-info id="678" free="33554432" total="115343360" percent="29">
    <mem type="eden" free="1048552" total="36700160" percent="2" />
    <arraylet-primitive objects="1" leaves="1" largest="1" />
    <remembered-set count="47808" freebytes="4664064" totalbytes="4855296" percent="96" regionsoverflowed="0" regionsstable="0" regionsrebuilding="0"/>
  </mem-info>
</gc-start>
<allocation-stats totalBytes="35532408" >
  <allocated-bytes non-tlh="0" tlh="35532408" arrayletleaf="0"/>
  <largest-consumer threadName="main" threadId="000000000118C700" bytes="35532408" />
</allocation-stats>
<gc-op id="679" type="copy forward" timems="3.934" contextid="676" timestamp="2019-06-15T00:49:33.928">
  <memory-copied type="eden" objects="1" bytes="24" bytesdiscarded="0" />
  <memory-copied type="other" objects="64990" bytes="1623152" bytesdiscarded="40888" />
  <memory-cardclean objects="16096" bytes="759560" />
  <regions eden="34" other="5" />
  <remembered-set-cleared processed="42746" cleared="8566" durationms="0.227" />
  <references type="soft" candidates="315" cleared="0" enqueued="0" dynamicThreshold="19" maxThreshold="32" />
  <references type="weak" candidates="507" cleared="0" enqueued="0" />
  <stringconstants candidates="13762" cleared="0"  />
</gc-op>
<gc-op id="680" type="classunload" timems="0.004" contextid="676" timestamp="2019-06-15T00:49:33.928">
  <classunload-info classloadercandidates="55" classloadersunloaded="0" classesunloaded="0" anonymousclassesunloaded="0" quiescems="0.000" setupms="0.004" scanms="0.000" postms="0.000" />
</gc-op>
<gc-end id="681" type="partial gc" contextid="676" durationms="5.385" usertimems="12.000" systemtimems="0.000" timestamp="2019-06-15T00:49:33.928" activeThreads="4">
  <mem-info id="682" free="70254592" total="115343360" percent="60">
    <mem type="eden" free="1048552" total="1048576" percent="99" />
    <arraylet-primitive objects="1" leaves="1" largest="1" />
    <remembered-set count="47584" freebytes="4413824" totalbytes="4604160" percent="95" regionsoverflowed="0" regionsstable="0" regionsrebuilding="0"/>
  </mem-info>
</gc-end>
<cycle-end id="683" type="partial gc" contextid="676" timestamp="2019-06-15T00:49:33.928" />
  <attribute name="elasticGC enabled" value="1" />
  <attribute name= "numThreadsSpecified" value="4" />
  <attribute name="heapSize specified" value="0" />
  <attribute name="Current GC Util" value="30" />
  <attribute name= "Current Time Running" value="10819" />
  <attribute name ="GC Interval" value="0" />
  <attribute name="ProportionalT" value="5.000000" />
  <attribute name="ProportionalI" value="5.000000" />
  <attribute name="ProportionalH" value="5.000000" />
  <attribute name="Current Error" value="10.000000" />
  <attribute name="IntegralT" value="10.000000" />
  <attribute name="IntegralI" value="10.000000" />
  <attribute name="IntegralH" value="10.000000" />
  <attribute name="DerivativeT" value="-4.500000" />
  <attribute name="DerivativeI" value="-4.500000" />
  <attribute name="DerivativeH" value="-4.500000" />
  <attribute name="Loop Time for DT" value="1.000000" />
  <attribute name="Output H" value="8388608"/>
  <attribute name="Output I" value="200"/>
  <attribute name="Output T" value="4"/>
  <attribute name="Target GC Util Change" value ="20.000000" />
  <attribute name="Current GC Util Change" value="30.000000"/>
  <attribute name="GC Util currently" value="30" />
  <attribute name="CPU Util currently" value="8865694430068" />
<exclusive-end id="684" timestamp="2019-06-15T00:49:33.928" durationms="6.419" />

<exclusive-start id="685" timestamp="2019-06-15T00:49:33.946" intervalms="23.976">
  <response-info timems="0.086" idlems="0.086" threads="0" lastid="000000000118C700" lastname="main" />
</exclusive-start>
<allocation-taxation id="686" taxation-threshold="35651584" timestamp="2019-06-15T00:49:33.946" intervalms="23.992" />
<cycle-start id="687" type="partial gc" contextid="0" timestamp="2019-06-15T00:49:33.946" intervalms="23.969" />
<gc-start id="688" type="partial gc" contextid="687" timestamp="2019-06-15T00:49:33.947">
  <mem-info id="689" free="34603008" total="115343360" percent="30">
    <mem type="eden" free="1048552" total="36700160" percent="2" />
    <arraylet-primitive objects="1" leaves="1" largest="1" />
    <remembered-set count="47168" freebytes="4415488" totalbytes="4604160" percent="95" regionsoverflowed="0" regionsstable="0" regionsrebuilding="0"/>
  </mem-info>
</gc-start>
<allocation-stats totalBytes="35532408" >
  <allocated-bytes non-tlh="0" tlh="35532408" arrayletleaf="0"/>
  <largest-consumer threadName="main" threadId="000000000118C700" bytes="35532408" />
</allocation-stats>
<gc-op id="690" type="copy forward" timems="8.162" contextid="687" timestamp="2019-06-15T00:49:33.956">
  <memory-copied type="eden" objects="1" bytes="24" bytesdiscarded="0" />
  <memory-copied type="other" objects="65957" bytes="1784440" bytesdiscarded="192" />
  <memory-cardclean objects="17377" bytes="968296" />
  <regions eden="34" other="5" />
  <remembered-set-cleared processed="42269" cleared="8660" durationms="0.487" />
  <finalization candidates="3" enqueued="0" />
  <references type="soft" candidates="832" cleared="0" enqueued="0" dynamicThreshold="19" maxThreshold="32" />
  <references type="weak" candidates="324" cleared="0" enqueued="0" />
  <references type="phantom" candidates="1" cleared="0" enqueued="0" />
  <stringconstants candidates="13762" cleared="0"  />
</gc-op>
<gc-op id="691" type="classunload" timems="0.004" contextid="687" timestamp="2019-06-15T00:49:33.956">
  <classunload-info classloadercandidates="55" classloadersunloaded="0" classesunloaded="0" anonymousclassesunloaded="0" quiescems="0.000" setupms="0.004" scanms="0.000" postms="0.000" />
</gc-op>
<heap-resize id="692" type="contract" space="default" amount="2097152" count="1" timems="0.049" reason="excess free space following gc" timestamp="2019-06-15T00:49:33.956" />
<gc-end id="693" type="partial gc" contextid="687" durationms="9.543" usertimems="8.000" systemtimems="4.000" timestamp="2019-06-15T00:49:33.956" activeThreads="1">
  <mem-info id="694" free="69206016" total="113246208" percent="61">
    <mem type="eden" free="1048552" total="1048576" percent="99" />
    <arraylet-primitive objects="1" leaves="1" largest="1" />
    <remembered-set count="46848" freebytes="4416768" totalbytes="4604160" percent="95" regionsoverflowed="0" regionsstable="0" regionsrebuilding="0"/>
  </mem-info>
</gc-end>
<cycle-end id="695" type="partial gc" contextid="687" timestamp="2019-06-15T00:49:33.956" />
  <attribute name="elasticGC enabled" value="1" />
  <attribute name= "numThreadsSpecified" value="1" />
  <attribute name="heapSize specified" value="0" />
  <attribute name="Current GC Util" value="67" />
  <attribute name= "Current Time Running" value="10842" />
  <attribute name ="GC Interval" value="0" />
  <attribute name="ProportionalT" value="23.500000" />
  <attribute name="ProportionalI" value="23.500000" />
  <attribute name="ProportionalH" value="23.500000" />
  <attribute name="Current Error" value="47.000000" />
  <attribute name="IntegralT" value="0.000000" />
  <attribute name="IntegralI" value="0.000000" />
  <attribute name="IntegralH" value="0.000000" />
  <attribute name="DerivativeT" value="inf" />
  <attribute name="DerivativeI" value="inf" />
  <attribute name="DerivativeH" value="inf" />
  <attribute name="Loop Time for DT" value="0.000000" />
  <attribute name="Output H" value="8388608"/>
  <attribute name="Output I" value="200"/>
  <attribute name="Output T" value="1"/>
  <attribute name="Target GC Util Change" value ="20.000000" />
  <attribute name="Current GC Util Change" value="67.000000"/>
  <attribute name="GC Util currently" value="67" />
  <attribute name="CPU Util currently" value="19144126241954" />
<exclusive-end id="696" timestamp="2019-06-15T00:49:33.957" durationms="10.618" />

<exclusive-start id="697" timestamp="2019-06-15T00:49:33.974" intervalms="28.106">
  <response-info timems="0.161" idlems="0.161" threads="0" lastid="000000000118C700" lastname="main" />
</exclusive-start>
<allocation-taxation id="698" taxation-threshold="34603008" timestamp="2019-06-15T00:49:33.974" intervalms="28.058" />
<cycle-start id="699" type="partial gc" contextid="0" timestamp="2019-06-15T00:49:33.974" intervalms="27.994" />
<gc-start id="700" type="partial gc" contextid="699" timestamp="2019-06-15T00:49:33.975">
  <mem-info id="701" free="34603008" total="113246208" percent="30">
    <mem type="eden" free="1048552" total="35651584" percent="2" />
    <arraylet-primitive objects="1" leaves="1" largest="1" />
    <remembered-set count="46592" freebytes="4417792" totalbytes="4604160" percent="95" regionsoverflowed="0" regionsstable="0" regionsrebuilding="0"/>
  </mem-info>
</gc-start>
<allocation-stats totalBytes="34487240" >
  <allocated-bytes non-tlh="0" tlh="34487240" arrayletleaf="0"/>
  <largest-consumer threadName="main" threadId="000000000118C700" bytes="34487240" />
</allocation-stats>
<gc-op id="702" type="copy forward" timems="8.145" contextid="699" timestamp="2019-06-15T00:49:33.984">
  <memory-copied type="eden" objects="1" bytes="24" bytesdiscarded="0" />
  <memory-copied type="other" objects="79103" bytes="2188520" bytesdiscarded="296" />
  <memory-cardclean objects="13712" bytes="809040" />
  <regions eden="33" other="5" />
  <remembered-set-cleared processed="42521" cleared="7521" durationms="0.444" />
  <references type="soft" candidates="117" cleared="0" enqueued="0" dynamicThreshold="19" maxThreshold="32" />
  <references type="weak" candidates="44" cleared="0" enqueued="0" />
  <references type="phantom" candidates="3" cleared="0" enqueued="0" />
  <stringconstants candidates="13762" cleared="0"  />
</gc-op>
<gc-op id="703" type="classunload" timems="0.008" contextid="699" timestamp="2019-06-15T00:49:33.984">
  <classunload-info classloadercandidates="55" classloadersunloaded="0" classesunloaded="0" anonymousclassesunloaded="0" quiescems="0.000" setupms="0.008" scanms="0.000" postms="0.000" />
</gc-op>
<heap-resize id="704" type="contract" space="default" amount="2097152" count="1" timems="0.050" reason="excess free space following gc" timestamp="2019-06-15T00:49:33.984" />
<gc-end id="705" type="partial gc" contextid="699" durationms="9.621" usertimems="16.000" systemtimems="0.000" timestamp="2019-06-15T00:49:33.984" activeThreads="1">
  <mem-info id="706" free="68157440" total="111149056" percent="61">
    <mem type="eden" free="1048552" total="1048576" percent="99" />
    <arraylet-primitive objects="1" leaves="1" largest="1" />
    <remembered-set count="45728" freebytes="4337536" totalbytes="4520448" percent="95" regionsoverflowed="0" regionsstable="0" regionsrebuilding="0"/>
  </mem-info>
</gc-end>
<cycle-end id="707" type="partial gc" contextid="699" timestamp="2019-06-15T00:49:33.984" />
  <attribute name="elasticGC enabled" value="1" />
  <attribute name= "numThreadsSpecified" value="1" />
  <attribute name="heapSize specified" value="0" />
  <attribute name="Current GC Util" value="35" />
  <attribute name= "Current Time Running" value="10870" />
  <attribute name ="GC Interval" value="0" />
  <attribute name="ProportionalT" value="7.500000" />
  <attribute name="ProportionalI" value="7.500000" />
  <attribute name="ProportionalH" value="7.500000" />
  <attribute name="Current Error" value="15.000000" />
  <attribute name="IntegralT" value="0.000000" />
  <attribute name="IntegralI" value="0.000000" />
  <attribute name="IntegralH" value="0.000000" />
  <attribute name="DerivativeT" value="inf" />
  <attribute name="DerivativeI" value="inf" />
  <attribute name="DerivativeH" value="inf" />
  <attribute name="Loop Time for DT" value="0.000000" />
  <attribute name="Output H" value="8388608"/>
  <attribute name="Output I" value="200"/>
  <attribute name="Output T" value="1"/>
  <attribute name="Target GC Util Change" value ="20.000000" />
  <attribute name="Current GC Util Change" value="35.000000"/>
  <attribute name="GC Util currently" value="35" />
  <attribute name="CPU Util currently" value="8652042997819" />
<exclusive-end id="708" timestamp="2019-06-15T00:49:33.985" durationms="10.476" />

<exclusive-start id="709" timestamp="2019-06-15T00:49:34.002" intervalms="27.771">
  <response-info timems="0.121" idlems="0.121" threads="0" lastid="000000000118C700" lastname="main" />
</exclusive-start>
<allocation-taxation id="710" taxation-threshold="34603008" timestamp="2019-06-15T00:49:34.002" intervalms="27.751" />
<cycle-start id="711" type="partial gc" contextid="0" timestamp="2019-06-15T00:49:34.002" intervalms="27.808" />
<gc-start id="712" type="partial gc" contextid="711" timestamp="2019-06-15T00:49:34.002">
  <mem-info id="713" free="33554432" total="111149056" percent="30">
    <mem type="eden" free="1048552" total="35651584" percent="2" />
    <arraylet-primitive objects="1" leaves="1" largest="1" />
    <remembered-set count="45568" freebytes="4338176" totalbytes="4520448" percent="95" regionsoverflowed="0" regionsstable="0" regionsrebuilding="0"/>
  </mem-info>
</gc-start>
<allocation-stats totalBytes="34487264" >
  <allocated-bytes non-tlh="0" tlh="34487264" arrayletleaf="0"/>
  <largest-consumer threadName="main" threadId="000000000118C700" bytes="34487264" />
</allocation-stats>
<gc-op id="714" type="copy forward" timems="6.841" contextid="711" timestamp="2019-06-15T00:49:34.010">
  <memory-copied type="eden" objects="1" bytes="24" bytesdiscarded="0" />
  <memory-copied type="other" objects="119627" bytes="3460752" bytesdiscarded="190744" />
  <memory-cardclean objects="23348" bytes="937560" />
  <regions eden="33" other="5" />
  <remembered-set-cleared processed="41438" cleared="10356" durationms="0.222" />
  <finalization candidates="4" enqueued="0" />
  <references type="soft" candidates="106" cleared="0" enqueued="0" dynamicThreshold="19" maxThreshold="32" />
  <references type="weak" candidates="108" cleared="0" enqueued="0" />
  <references type="phantom" candidates="3" cleared="0" enqueued="0" />
  <stringconstants candidates="13762" cleared="0"  />
</gc-op>
<gc-op id="715" type="classunload" timems="0.005" contextid="711" timestamp="2019-06-15T00:49:34.010">
  <classunload-info classloadercandidates="55" classloadersunloaded="0" classesunloaded="0" anonymousclassesunloaded="0" quiescems="0.000" setupms="0.005" scanms="0.000" postms="0.000" />
</gc-op>
<heap-resize id="716" type="contract" space="default" amount="3145728" count="1" timems="0.051" reason="excess free space following gc" timestamp="2019-06-15T00:49:34.011" />
<gc-end id="717" type="partial gc" contextid="711" durationms="8.343" usertimems="20.000" systemtimems="0.000" timestamp="2019-06-15T00:49:34.011" activeThreads="4">
  <mem-info id="718" free="66060288" total="108003328" percent="61">
    <mem type="eden" free="1048552" total="1048576" percent="99" />
    <arraylet-primitive objects="1" leaves="1" largest="1" />
    <remembered-set count="46592" freebytes="4250368" totalbytes="4436736" percent="95" regionsoverflowed="0" regionsstable="0" regionsrebuilding="0"/>
  </mem-info>
</gc-end>
<cycle-end id="719" type="partial gc" contextid="711" timestamp="2019-06-15T00:49:34.011" />
  <attribute name="elasticGC enabled" value="1" />
  <attribute name= "numThreadsSpecified" value="4" />
  <attribute name="heapSize specified" value="0" />
  <attribute name="Current GC Util" value="35" />
  <attribute name= "Current Time Running" value="10898" />
  <attribute name ="GC Interval" value="0" />
  <attribute name="ProportionalT" value="7.500000" />
  <attribute name="ProportionalI" value="7.500000" />
  <attribute name="ProportionalH" value="7.500000" />
  <attribute name="Current Error" value="15.000000" />
  <attribute name="IntegralT" value="0.000000" />
  <attribute name="IntegralI" value="0.000000" />
  <attribute name="IntegralH" value="0.000000" />
  <attribute name="DerivativeT" value="-nan" />
  <attribute name="DerivativeI" value="-nan" />
  <attribute name="DerivativeH" value="-nan" />
  <attribute name="Loop Time for DT" value="0.000000" />
  <attribute name="Output H" value="2091843584"/>
  <attribute name="Output I" value="200"/>
  <attribute name="Output T" value="4"/>
  <attribute name="Target GC Util Change" value ="20.000000" />
  <attribute name="Current GC Util Change" value="35.000000"/>
  <attribute name="GC Util currently" value="35" />
  <attribute name="CPU Util currently" value="8897475280091" />
<exclusive-end id="720" timestamp="2019-06-15T00:49:34.011" durationms="9.294" />

<exclusive-start id="721" timestamp="2019-06-15T00:49:34.028" intervalms="25.894">
  <response-info timems="0.069" idlems="0.069" threads="0" lastid="000000000118C700" lastname="main" />
</exclusive-start>
<allocation-taxation id="722" taxation-threshold="33554432" timestamp="2019-06-15T00:49:34.028" intervalms="25.902" />
<cycle-start id="723" type="partial gc" contextid="0" timestamp="2019-06-15T00:49:34.028" intervalms="25.847" />
<gc-start id="724" type="partial gc" contextid="723" timestamp="2019-06-15T00:49:34.028">
  <mem-info id="725" free="32505856" total="108003328" percent="30">
    <mem type="eden" free="1048552" total="34603008" percent="3" />
    <arraylet-primitive objects="1" leaves="1" largest="1" />
    <remembered-set count="46496" freebytes="4250752" totalbytes="4436736" percent="95" regionsoverflowed="0" regionsstable="0" regionsrebuilding="0"/>
  </mem-info>
</gc-start>
<allocation-stats totalBytes="33442120" >
  <allocated-bytes non-tlh="0" tlh="33442120" arrayletleaf="0"/>
  <largest-consumer threadName="main" threadId="000000000118C700" bytes="33442120" />
</allocation-stats>
<gc-op id="726" type="copy forward" timems="5.463" contextid="723" timestamp="2019-06-15T00:49:34.035">
  <memory-copied type="eden" objects="1" bytes="24" bytesdiscarded="0" />
  <memory-copied type="other" objects="84839" bytes="2453800" bytesdiscarded="153640" />
  <memory-cardclean objects="44314" bytes="1741016" />
  <regions eden="32" other="4" />
  <remembered-set-cleared processed="38436" cleared="15545" durationms="0.222" />
  <finalization candidates="11" enqueued="0" />
  <ownableSynchronizers candidates="4" cleared="0" />
  <references type="soft" candidates="233" cleared="0" enqueued="0" dynamicThreshold="19" maxThreshold="32" />
  <references type="weak" candidates="1200" cleared="0" enqueued="0" />
  <references type="phantom" candidates="1" cleared="0" enqueued="0" />
  <stringconstants candidates="13762" cleared="0"  />
</gc-op>
<gc-op id="727" type="classunload" timems="0.006" contextid="723" timestamp="2019-06-15T00:49:34.035">
  <classunload-info classloadercandidates="55" classloadersunloaded="0" classesunloaded="0" anonymousclassesunloaded="0" quiescems="0.000" setupms="0.005" scanms="0.000" postms="0.000" />
</gc-op>
<heap-resize id="728" type="contract" space="default" amount="2097152" count="1" timems="0.049" reason="excess free space following gc" timestamp="2019-06-15T00:49:34.035" />
<gc-end id="729" type="partial gc" contextid="723" durationms="7.021" usertimems="16.000" systemtimems="0.000" timestamp="2019-06-15T00:49:34.035" activeThreads="4">
  <mem-info id="730" free="65011712" total="105906176" percent="61">
    <mem type="eden" free="1048552" total="1048576" percent="99" />
    <arraylet-primitive objects="1" leaves="1" largest="1" />
    <remembered-set count="46496" freebytes="4125184" totalbytes="4311168" percent="95" regionsoverflowed="0" regionsstable="0" regionsrebuilding="0"/>
  </mem-info>
</gc-end>
<cycle-end id="731" type="partial gc" contextid="723" timestamp="2019-06-15T00:49:34.036" />
  <attribute name="elasticGC enabled" value="1" />
  <attribute name= "numThreadsSpecified" value="4" />
  <attribute name="heapSize specified" value="0" />
  <attribute name="Current GC Util" value="34" />
  <attribute name= "Current Time Running" value="10924" />
  <attribute name ="GC Interval" value="0" />
  <attribute name="ProportionalT" value="7.000000" />
  <attribute name="ProportionalI" value="7.000000" />
  <attribute name="ProportionalH" value="7.000000" />
  <attribute name="Current Error" value="14.000000" />
  <attribute name="IntegralT" value="0.000000" />
  <attribute name="IntegralI" value="0.000000" />
  <attribute name="IntegralH" value="0.000000" />
  <attribute name="DerivativeT" value="-inf" />
  <attribute name="DerivativeI" value="-inf" />
  <attribute name="DerivativeH" value="-inf" />
  <attribute name="Loop Time for DT" value="0.000000" />
  <attribute name="Output H" value="2091843584"/>
  <attribute name="Output I" value="200"/>
  <attribute name="Output T" value="4"/>
  <attribute name="Target GC Util Change" value ="20.000000" />
  <attribute name="Current GC Util Change" value="34.000000"/>
  <attribute name="GC Util currently" value="34" />
  <attribute name="CPU Util currently" value="8718682356798" />
<exclusive-end id="732" timestamp="2019-06-15T00:49:34.036" durationms="7.992" />

<exclusive-start id="733" timestamp="2019-06-15T00:49:34.052" intervalms="24.077">
  <response-info timems="0.140" idlems="0.140" threads="0" lastid="000000000118C700" lastname="main" />
</exclusive-start>
<allocation-taxation id="734" taxation-threshold="32505856" timestamp="2019-06-15T00:49:34.052" intervalms="24.077" />
<cycle-start id="735" type="partial gc" contextid="0" timestamp="2019-06-15T00:49:34.052" intervalms="24.074" />
<gc-start id="736" type="partial gc" contextid="735" timestamp="2019-06-15T00:49:34.052">
  <mem-info id="737" free="32505856" total="105906176" percent="30">
    <mem type="eden" free="1048552" total="33554432" percent="3" />
    <arraylet-primitive objects="1" leaves="1" largest="1" />
    <remembered-set count="46304" freebytes="4125952" totalbytes="4311168" percent="95" regionsoverflowed="0" regionsstable="0" regionsrebuilding="0"/>
  </mem-info>
</gc-start>
<allocation-stats totalBytes="32396952" >
  <allocated-bytes non-tlh="0" tlh="32396952" arrayletleaf="0"/>
  <largest-consumer threadName="main" threadId="000000000118C700" bytes="32396952" />
</allocation-stats>
<gc-op id="738" type="copy forward" timems="4.479" contextid="735" timestamp="2019-06-15T00:49:34.058">
  <memory-copied type="eden" objects="1" bytes="24" bytesdiscarded="0" />
  <memory-copied type="other" objects="81573" bytes="2298776" bytesdiscarded="129344" />
  <memory-cardclean objects="11165" bytes="605224" />
  <regions eden="31" other="4" />
  <remembered-set-cleared processed="42007" cleared="7616" durationms="0.206" />
  <references type="soft" candidates="2196" cleared="0" enqueued="0" dynamicThreshold="19" maxThreshold="32" />
  <references type="weak" candidates="184" cleared="0" enqueued="0" />
  <stringconstants candidates="13762" cleared="0"  />
</gc-op>
<gc-op id="739" type="classunload" timems="0.006" contextid="735" timestamp="2019-06-15T00:49:34.058">
  <classunload-info classloadercandidates="55" classloadersunloaded="0" classesunloaded="0" anonymousclassesunloaded="0" quiescems="0.000" setupms="0.006" scanms="0.000" postms="0.000" />
</gc-op>
<heap-resize id="740" type="contract" space="default" amount="3145728" count="1" timems="0.051" reason="excess free space following gc" timestamp="2019-06-15T00:49:34.058" />
<gc-end id="741" type="partial gc" contextid="735" durationms="5.866" usertimems="16.000" systemtimems="0.000" timestamp="2019-06-15T00:49:34.058" activeThreads="4">
  <mem-info id="742" free="62914560" total="102760448" percent="61">
    <mem type="eden" free="1048552" total="1048576" percent="99" />
    <arraylet-primitive objects="1" leaves="1" largest="1" />
    <remembered-set count="45760" freebytes="4044416" totalbytes="4227456" percent="95" regionsoverflowed="0" regionsstable="0" regionsrebuilding="0"/>
  </mem-info>
</gc-end>
<cycle-end id="743" type="partial gc" contextid="735" timestamp="2019-06-15T00:49:34.058" />
  <attribute name="elasticGC enabled" value="1" />
  <attribute name= "numThreadsSpecified" value="4" />
  <attribute name="heapSize specified" value="0" />
  <attribute name="Current GC Util" value="31" />
  <attribute name= "Current Time Running" value="10948" />
  <attribute name ="GC Interval" value="0" />
  <attribute name="ProportionalT" value="5.500000" />
  <attribute name="ProportionalI" value="5.500000" />
  <attribute name="ProportionalH" value="5.500000" />
  <attribute name="Current Error" value="11.000000" />
  <attribute name="IntegralT" value="0.000000" />
  <attribute name="IntegralI" value="0.000000" />
  <attribute name="IntegralH" value="0.000000" />
  <attribute name="DerivativeT" value="-inf" />
  <attribute name="DerivativeI" value="-inf" />
  <attribute name="DerivativeH" value="-inf" />
  <attribute name="Loop Time for DT" value="0.000000" />
  <attribute name="Output H" value="2091843584"/>
  <attribute name="Output I" value="200"/>
  <attribute name="Output T" value="4"/>
  <attribute name="Target GC Util Change" value ="20.000000" />
  <attribute name="Current GC Util Change" value="31.000000"/>
  <attribute name="GC Util currently" value="31" />
  <attribute name="CPU Util currently" value="9122603722222" />
<exclusive-end id="744" timestamp="2019-06-15T00:49:34.059" durationms="6.708" />

<exclusive-start id="745" timestamp="2019-06-15T00:49:34.075" intervalms="22.716">
  <response-info timems="0.078" idlems="0.078" threads="0" lastid="000000000118C700" lastname="main" />
</exclusive-start>
<allocation-taxation id="746" taxation-threshold="32505856" timestamp="2019-06-15T00:49:34.075" intervalms="22.715" />
<cycle-start id="747" type="partial gc" contextid="0" timestamp="2019-06-15T00:49:34.075" intervalms="22.715" />
<gc-start id="748" type="partial gc" contextid="747" timestamp="2019-06-15T00:49:34.075">
  <mem-info id="749" free="30408704" total="102760448" percent="29">
    <mem type="eden" free="1048552" total="33554432" percent="3" />
    <arraylet-primitive objects="1" leaves="1" largest="1" />
    <remembered-set count="45408" freebytes="4045824" totalbytes="4227456" percent="95" regionsoverflowed="0" regionsstable="0" regionsrebuilding="0"/>
  </mem-info>
</gc-start>
<allocation-stats totalBytes="32396976" >
  <allocated-bytes non-tlh="0" tlh="32396976" arrayletleaf="0"/>
  <largest-consumer threadName="main" threadId="000000000118C700" bytes="32396976" />
</allocation-stats>
<gc-op id="750" type="copy forward" timems="8.785" contextid="747" timestamp="2019-06-15T00:49:34.085">
  <memory-copied type="eden" objects="1" bytes="24" bytesdiscarded="0" />
  <memory-copied type="other" objects="101070" bytes="2708000" bytesdiscarded="124048" />
  <memory-cardclean objects="177577" bytes="5948736" />
  <regions eden="31" other="4" />
  <remembered-set-cleared processed="26312" cleared="17496" durationms="0.163" />
  <finalization candidates="40" enqueued="0" />
  <ownableSynchronizers candidates="1" cleared="0" />
  <references type="soft" candidates="364" cleared="0" enqueued="0" dynamicThreshold="19" maxThreshold="32" />
  <references type="weak" candidates="815" cleared="0" enqueued="0" />
  <references type="phantom" candidates="8" cleared="0" enqueued="0" />
  <stringconstants candidates="13762" cleared="0"  />
</gc-op>
<gc-op id="751" type="classunload" timems="0.007" contextid="747" timestamp="2019-06-15T00:49:34.085">
  <classunload-info classloadercandidates="55" classloadersunloaded="0" classesunloaded="0" anonymousclassesunloaded="0" quiescems="0.000" setupms="0.006" scanms="0.000" postms="0.000" />
</gc-op>
<heap-resize id="752" type="contract" space="default" amount="3145728" count="1" timems="0.050" reason="excess free space following gc" timestamp="2019-06-15T00:49:34.085" />
<gc-end id="753" type="partial gc" contextid="747" durationms="10.316" usertimems="28.000" systemtimems="0.000" timestamp="2019-06-15T00:49:34.085" activeThreads="4">
  <mem-info id="754" free="60817408" total="99614720" percent="61">
    <mem type="eden" free="1048552" total="1048576" percent="99" />
    <arraylet-primitive objects="1" leaves="1" largest="1" />
    <remembered-set count="44352" freebytes="3924480" totalbytes="4101888" percent="95" regionsoverflowed="0" regionsstable="0" regionsrebuilding="0"/>
  </mem-info>
</gc-end>
<cycle-end id="755" type="partial gc" contextid="747" timestamp="2019-06-15T00:49:34.086" />
  <attribute name="elasticGC enabled" value="1" />
  <attribute name= "numThreadsSpecified" value="4" />
  <attribute name="heapSize specified" value="0" />
  <attribute name="Current GC Util" value="34" />
  <attribute name= "Current Time Running" value="10971" />
  <attribute name ="GC Interval" value="0" />
  <attribute name="ProportionalT" value="7.000000" />
  <attribute name="ProportionalI" value="7.000000" />
  <attribute name="ProportionalH" value="7.000000" />
  <attribute name="Current Error" value="14.000000" />
  <attribute name="IntegralT" value="14.000000" />
  <attribute name="IntegralI" value="14.000000" />
  <attribute name="IntegralH" value="14.000000" />
  <attribute name="DerivativeT" value="-9.500000" />
  <attribute name="DerivativeI" value="-9.500000" />
  <attribute name="DerivativeH" value="-9.500000" />
  <attribute name="Loop Time for DT" value="1.000000" />
  <attribute name="Output H" value="8388608"/>
  <attribute name="Output I" value="200"/>
  <attribute name="Output T" value="4"/>
  <attribute name="Target GC Util Change" value ="20.000000" />
  <attribute name="Current GC Util Change" value="34.000000"/>
  <attribute name="GC Util currently" value="34" />
  <attribute name="CPU Util currently" value="8714118894635" />
<exclusive-end id="756" timestamp="2019-06-15T00:49:34.086" durationms="11.261" />

<exclusive-start id="757" timestamp="2019-06-15T00:49:34.101" intervalms="26.720">
  <response-info timems="0.097" idlems="0.097" threads="0" lastid="000000000118C700" lastname="main" />
</exclusive-start>
<allocation-taxation id="758" taxation-threshold="31457280" timestamp="2019-06-15T00:49:34.101" intervalms="26.721" />
<cycle-start id="759" type="partial gc" contextid="0" timestamp="2019-06-15T00:49:34.102" intervalms="26.730" />
<gc-start id="760" type="partial gc" contextid="759" timestamp="2019-06-15T00:49:34.102">
  <mem-info id="761" free="29360128" total="99614720" percent="29">
    <mem type="eden" free="1048552" total="32505856" percent="3" />
    <arraylet-primitive objects="1" leaves="1" largest="1" />
    <remembered-set count="41280" freebytes="3936768" totalbytes="4101888" percent="95" regionsoverflowed="0" regionsstable="1" regionsrebuilding="0"/>
  </mem-info>
</gc-start>
<allocation-stats totalBytes="31351832" >
  <allocated-bytes non-tlh="0" tlh="31351832" arrayletleaf="0"/>
  <largest-consumer threadName="main" threadId="000000000118C700" bytes="31351832" />
</allocation-stats>
<gc-op id="762" type="copy forward" timems="3.327" contextid="759" timestamp="2019-06-15T00:49:34.106">
  <memory-copied type="eden" objects="1" bytes="24" bytesdiscarded="0" />
  <memory-copied type="other" objects="45470" bytes="1199392" bytesdiscarded="47248" />
  <memory-cardclean objects="9742" bytes="545496" />
  <regions eden="30" other="3" />
  <remembered-set-cleared processed="37288" cleared="5269" durationms="0.237" />
  <finalization candidates="1" enqueued="0" />
  <references type="soft" candidates="30" cleared="0" enqueued="0" dynamicThreshold="19" maxThreshold="32" />
  <references type="weak" candidates="35" cleared="0" enqueued="0" />
  <references type="phantom" candidates="2" cleared="0" enqueued="0" />
  <stringconstants candidates="13762" cleared="0"  />
</gc-op>
<gc-op id="763" type="classunload" timems="0.006" contextid="759" timestamp="2019-06-15T00:49:34.106">
  <classunload-info classloadercandidates="55" classloadersunloaded="0" classesunloaded="0" anonymousclassesunloaded="0" quiescems="0.000" setupms="0.006" scanms="0.000" postms="0.000" />
</gc-op>
<heap-resize id="764" type="contract" space="default" amount="5242880" count="1" timems="0.192" reason="excess free space following gc" timestamp="2019-06-15T00:49:34.107" />
<gc-end id="765" type="partial gc" contextid="759" durationms="4.890" usertimems="12.000" systemtimems="0.000" timestamp="2019-06-15T00:49:34.107" activeThreads="4">
  <mem-info id="766" free="57671680" total="94371840" percent="61">
    <mem type="eden" free="1048552" total="1048576" percent="99" />
    <remembered-set count="40384" freebytes="3814784" totalbytes="3976320" percent="95" regionsoverflowed="0" regionsstable="1" regionsrebuilding="0"/>
  </mem-info>
</gc-end>
<cycle-end id="767" type="partial gc" contextid="759" timestamp="2019-06-15T00:49:34.107" />
  <attribute name="elasticGC enabled" value="1" />
  <attribute name= "numThreadsSpecified" value="4" />
  <attribute name="heapSize specified" value="0" />
  <attribute name="Current GC Util" value="30" />
  <attribute name= "Current Time Running" value="10998" />
  <attribute name ="GC Interval" value="0" />
  <attribute name="ProportionalT" value="5.000000" />
  <attribute name="ProportionalI" value="5.000000" />
  <attribute name="ProportionalH" value="5.000000" />
  <attribute name="Current Error" value="10.000000" />
  <attribute name="IntegralT" value="10.000000" />
  <attribute name="IntegralI" value="10.000000" />
  <attribute name="IntegralH" value="10.000000" />
  <attribute name="DerivativeT" value="-30.000000" />
  <attribute name="DerivativeI" value="-30.000000" />
  <attribute name="DerivativeH" value="-30.000000" />
  <attribute name="Loop Time for DT" value="1.000000" />
  <attribute name="Output H" value="2091843584"/>
  <attribute name="Output I" value="200"/>
  <attribute name="Output T" value="4"/>
  <attribute name="Target GC Util Change" value ="20.000000" />
  <attribute name="Current GC Util Change" value="30.000000"/>
  <attribute name="GC Util currently" value="30" />
  <attribute name="CPU Util currently" value="8754132965906" />
<exclusive-end id="768" timestamp="2019-06-15T00:49:34.107" durationms="5.725" />

<exclusive-start id="769" timestamp="2019-06-15T00:49:34.122" intervalms="20.738">
  <response-info timems="0.138" idlems="0.138" threads="0" lastid="000000000118C700" lastname="main" />
</exclusive-start>
<allocation-taxation id="770" taxation-threshold="30408704" timestamp="2019-06-15T00:49:34.122" intervalms="20.741" />
<cycle-start id="771" type="partial gc" contextid="0" timestamp="2019-06-15T00:49:34.122" intervalms="20.735" />
<gc-start id="772" type="partial gc" contextid="771" timestamp="2019-06-15T00:49:34.123">
  <mem-info id="773" free="27262976" total="94371840" percent="28">
    <mem type="eden" free="1048552" total="31457280" percent="3" />
    <remembered-set count="40320" freebytes="3815040" totalbytes="3976320" percent="95" regionsoverflowed="0" regionsstable="1" regionsrebuilding="0"/>
  </mem-info>
</gc-start>
<allocation-stats totalBytes="30306688" >
  <allocated-bytes non-tlh="0" tlh="30306688" arrayletleaf="0"/>
  <largest-consumer threadName="main" threadId="000000000118C700" bytes="30306688" />
</allocation-stats>
<gc-op id="774" type="copy forward" timems="4.963" contextid="771" timestamp="2019-06-15T00:49:34.128">
  <memory-copied type="eden" objects="1" bytes="24" bytesdiscarded="0" />
  <memory-copied type="other" objects="66130" bytes="2539600" bytesdiscarded="111040" />
  <memory-cardclean objects="41370" bytes="1469248" />
  <regions eden="29" other="5" />
  <remembered-set-cleared processed="32275" cleared="9452" durationms="0.248" />
  <finalization candidates="9" enqueued="0" />
  <ownableSynchronizers candidates="16" cleared="0" />
  <references type="soft" candidates="5" cleared="0" enqueued="0" dynamicThreshold="19" maxThreshold="32" />
  <references type="weak" candidates="181" cleared="0" enqueued="0" />
  <references type="phantom" candidates="29" cleared="0" enqueued="0" />
  <stringconstants candidates="13762" cleared="0"  />
</gc-op>
<gc-op id="775" type="classunload" timems="0.007" contextid="771" timestamp="2019-06-15T00:49:34.129">
  <classunload-info classloadercandidates="55" classloadersunloaded="0" classesunloaded="0" anonymousclassesunloaded="0" quiescems="0.000" setupms="0.007" scanms="0.000" postms="0.000" />
</gc-op>
<heap-resize id="776" type="contract" space="default" amount="5242880" count="1" timems="0.332" reason="excess free space following gc" timestamp="2019-06-15T00:49:34.129" />
<gc-end id="777" type="partial gc" contextid="771" durationms="6.661" usertimems="20.000" systemtimems="0.000" timestamp="2019-06-15T00:49:34.129" activeThreads="4">
  <mem-info id="778" free="54525952" total="89128960" percent="61">
    <mem type="eden" free="1048552" total="1048576" percent="99" />
    <remembered-set count="39008" freebytes="3611008" totalbytes="3767040" percent="95" regionsoverflowed="0" regionsstable="1" regionsrebuilding="0"/>
  </mem-info>
</gc-end>
<cycle-end id="779" type="partial gc" contextid="771" timestamp="2019-06-15T00:49:34.129" />
  <attribute name="elasticGC enabled" value="1" />
  <attribute name= "numThreadsSpecified" value="4" />
  <attribute name="heapSize specified" value="0" />
  <attribute name="Current GC Util" value="33" />
  <attribute name= "Current Time Running" value="11018" />
  <attribute name ="GC Interval" value="0" />
  <attribute name="ProportionalT" value="6.500000" />
  <attribute name="ProportionalI" value="6.500000" />
  <attribute name="ProportionalH" value="6.500000" />
  <attribute name="Current Error" value="13.000000" />
  <attribute name="IntegralT" value="0.000000" />
  <attribute name="IntegralI" value="0.000000" />
  <attribute name="IntegralH" value="0.000000" />
  <attribute name="DerivativeT" value="-inf" />
  <attribute name="DerivativeI" value="-inf" />
  <attribute name="DerivativeH" value="-inf" />
  <attribute name="Loop Time for DT" value="0.000000" />
  <attribute name="Output H" value="2091843584"/>
  <attribute name="Output I" value="200"/>
  <attribute name="Output T" value="4"/>
  <attribute name="Target GC Util Change" value ="20.000000" />
  <attribute name="Current GC Util Change" value="33.000000"/>
  <attribute name="GC Util currently" value="33" />
  <attribute name="CPU Util currently" value="8710448528640" />
<exclusive-end id="780" timestamp="2019-06-15T00:49:34.129" durationms="7.506" />

<exclusive-start id="781" timestamp="2019-06-15T00:49:34.143" intervalms="21.457">
  <response-info timems="0.081" idlems="0.081" threads="0" lastid="000000000118C700" lastname="main" />
</exclusive-start>
<allocation-taxation id="782" taxation-threshold="28311552" timestamp="2019-06-15T00:49:34.144" intervalms="21.461" />
<cycle-start id="783" type="partial gc" contextid="0" timestamp="2019-06-15T00:49:34.144" intervalms="21.455" />
<gc-start id="784" type="partial gc" contextid="783" timestamp="2019-06-15T00:49:34.144">
  <mem-info id="785" free="26214400" total="89128960" percent="29">
    <mem type="eden" free="1048552" total="29360128" percent="3" />
    <remembered-set count="38688" freebytes="3612288" totalbytes="3767040" percent="95" regionsoverflowed="0" regionsstable="1" regionsrebuilding="0"/>
  </mem-info>
</gc-start>
<allocation-stats totalBytes="28216376" >
  <allocated-bytes non-tlh="0" tlh="28216376" arrayletleaf="0"/>
  <largest-consumer threadName="main" threadId="000000000118C700" bytes="28216376" />
</allocation-stats>
<gc-op id="786" type="copy forward" timems="6.387" contextid="783" timestamp="2019-06-15T00:49:34.151">
  <memory-copied type="eden" objects="1" bytes="24" bytesdiscarded="0" />
  <memory-copied type="other" objects="39950" bytes="885232" bytesdiscarded="0" />
  <memory-cardclean objects="38571" bytes="1648208" />
  <regions eden="27" other="2" />
  <remembered-set-cleared processed="32592" cleared="5009" durationms="0.357" />
  <stringconstants candidates="13762" cleared="0"  />
</gc-op>
<gc-op id="787" type="classunload" timems="0.004" contextid="783" timestamp="2019-06-15T00:49:34.151">
  <classunload-info classloadercandidates="55" classloadersunloaded="0" classesunloaded="0" anonymousclassesunloaded="0" quiescems="0.000" setupms="0.004" scanms="0.000" postms="0.000" />
</gc-op>
<gc-end id="788" type="partial gc" contextid="783" durationms="7.666" usertimems="8.000" systemtimems="0.000" timestamp="2019-06-15T00:49:34.152" activeThreads="1">
  <mem-info id="789" free="54525952" total="89128960" percent="61">
    <mem type="eden" free="1048552" total="1048576" percent="99" />
    <remembered-set count="38208" freebytes="3404928" totalbytes="3557760" percent="95" regionsoverflowed="0" regionsstable="1" regionsrebuilding="0"/>
  </mem-info>
</gc-end>
<cycle-end id="790" type="partial gc" contextid="783" timestamp="2019-06-15T00:49:34.152" />
  <attribute name="elasticGC enabled" value="1" />
  <attribute name= "numThreadsSpecified" value="1" />
  <attribute name="heapSize specified" value="0" />
  <attribute name="Current GC Util" value="31" />
  <attribute name= "Current Time Running" value="11040" />
  <attribute name ="GC Interval" value="0" />
  <attribute name="ProportionalT" value="5.500000" />
  <attribute name="ProportionalI" value="5.500000" />
  <attribute name="ProportionalH" value="5.500000" />
  <attribute name="Current Error" value="11.000000" />
  <attribute name="IntegralT" value="11.000000" />
  <attribute name="IntegralI" value="11.000000" />
  <attribute name="IntegralH" value="11.000000" />
  <attribute name="DerivativeT" value="-16.500000" />
  <attribute name="DerivativeI" value="-16.500000" />
  <attribute name="DerivativeH" value="-16.500000" />
  <attribute name="Loop Time for DT" value="1.000000" />
  <attribute name="Output H" value="8388608"/>
  <attribute name="Output I" value="200"/>
  <attribute name="Output T" value="1"/>
  <attribute name="Target GC Util Change" value ="20.000000" />
  <attribute name="Current GC Util Change" value="31.000000"/>
  <attribute name="GC Util currently" value="31" />
  <attribute name="CPU Util currently" value="9177594160339" />
<exclusive-end id="791" timestamp="2019-06-15T00:49:34.152" durationms="8.556" />

<exclusive-start id="792" timestamp="2019-06-15T00:49:34.159" intervalms="15.409">
  <response-info timems="0.084" idlems="0.084" threads="0" lastid="000000000118C700" lastname="main" />
</exclusive-start>
<allocation-taxation id="793" taxation-threshold="13631488" timestamp="2019-06-15T00:49:34.159" intervalms="15.390" />
<cycle-start id="794" type="global mark phase" contextid="0" timestamp="2019-06-15T00:49:34.159" intervalms="2219.766" />
<gc-start id="795" type="global mark phase" contextid="794" timestamp="2019-06-15T00:49:34.159">
  <mem-info id="796" free="40894464" total="89128960" percent="45">
    <remembered-set count="37728" freebytes="3406848" totalbytes="3557760" percent="95" regionsoverflowed="0" regionsstable="1" regionsrebuilding="0"/>
  </mem-info>
</gc-start>
<gc-op id="797" type="mark increment" timems="1.232" contextid="794" timestamp="2019-06-15T00:49:34.161">
  <trace-info objectcount="10166" scancount="2724" scanbytes="116040" />
</gc-op>
<gc-end id="798" type="global mark phase" contextid="794" durationms="1.457" usertimems="4.000" systemtimems="0.000" timestamp="2019-06-15T00:49:34.161" activeThreads="1">
  <mem-info id="799" free="40894464" total="89128960" percent="45">
    <remembered-set count="38240" freebytes="3404800" totalbytes="3557760" percent="95" regionsoverflowed="0" regionsstable="0" regionsrebuilding="1"/>
  </mem-info>
</gc-end>
<concurrent-start id="800" type="GMP work packet processing" contextid="794" timestamp="2019-06-15T00:49:34.161">
  <concurrent-mark-start scanTarget="1048576" />
</concurrent-start>
<exclusive-end id="801" timestamp="2019-06-15T00:49:34.162" durationms="3.290" />

<concurrent-end id="802" type="GMP work packet processing" contextid="794" timestamp="2019-06-15T00:49:34.162">
  <concurrent-mark-end bytesScanned="1085968" reasonForTermination="Work target met" />
</concurrent-end>

<exclusive-start id="803" timestamp="2019-06-15T00:49:34.169" intervalms="10.251">
  <response-info timems="0.056" idlems="0.056" threads="0" lastid="000000000118C700" lastname="main" />
</exclusive-start>
<allocation-taxation id="804" taxation-threshold="13631488" timestamp="2019-06-15T00:49:34.169" intervalms="10.274" />
<cycle-start id="805" type="partial gc" contextid="0" timestamp="2019-06-15T00:49:34.169" intervalms="25.715" />
<gc-start id="806" type="partial gc" contextid="805" timestamp="2019-06-15T00:49:34.170">
  <mem-info id="807" free="27262976" total="89128960" percent="30">
    <mem type="eden" free="1048552" total="28311552" percent="3" />
    <remembered-set count="40032" freebytes="3397632" totalbytes="3557760" percent="95" regionsoverflowed="0" regionsstable="0" regionsrebuilding="1"/>
  </mem-info>
</gc-start>
<allocation-stats totalBytes="27171256" >
  <allocated-bytes non-tlh="0" tlh="27171256" arrayletleaf="0"/>
  <largest-consumer threadName="main" threadId="000000000118C700" bytes="13586848" />
</allocation-stats>
<gc-op id="808" type="copy forward" timems="4.941" contextid="805" timestamp="2019-06-15T00:49:34.175">
  <memory-copied type="eden" objects="1" bytes="24" bytesdiscarded="0" />
  <memory-copied type="other" objects="40893" bytes="1030224" bytesdiscarded="112" />
  <memory-cardclean objects="9266" bytes="515784" />
  <regions eden="26" other="2" />
  <remembered-set-cleared processed="36738" cleared="3648" durationms="0.363" />
  <stringconstants candidates="13762" cleared="0"  />
</gc-op>
<gc-op id="809" type="classunload" timems="0.004" contextid="805" timestamp="2019-06-15T00:49:34.175">
  <classunload-info classloadercandidates="55" classloadersunloaded="0" classesunloaded="0" anonymousclassesunloaded="0" quiescems="0.000" setupms="0.004" scanms="0.000" postms="0.000" />
</gc-op>
<gc-end id="810" type="partial gc" contextid="805" durationms="6.063" usertimems="4.000" systemtimems="0.000" timestamp="2019-06-15T00:49:34.176" activeThreads="1">
  <mem-info id="811" free="54525952" total="89128960" percent="61">
    <mem type="eden" free="1048552" total="1048576" percent="99" />
    <remembered-set count="40224" freebytes="3396864" totalbytes="3557760" percent="95" regionsoverflowed="0" regionsstable="0" regionsrebuilding="1"/>
  </mem-info>
</gc-end>
<cycle-end id="812" type="partial gc" contextid="805" timestamp="2019-06-15T00:49:34.176" />
  <attribute name="elasticGC enabled" value="1" />
  <attribute name= "numThreadsSpecified" value="1" />
  <attribute name="heapSize specified" value="0" />
  <attribute name="Current GC Util" value="61" />
  <attribute name= "Current Time Running" value="11065" />
  <attribute name ="GC Interval" value="0" />
  <attribute name="ProportionalT" value="20.500000" />
  <attribute name="ProportionalI" value="20.500000" />
  <attribute name="ProportionalH" value="20.500000" />
  <attribute name="Current Error" value="41.000000" />
  <attribute name="IntegralT" value="0.000000" />
  <attribute name="IntegralI" value="0.000000" />
  <attribute name="IntegralH" value="0.000000" />
  <attribute name="DerivativeT" value="inf" />
  <attribute name="DerivativeI" value="inf" />
  <attribute name="DerivativeH" value="inf" />
  <attribute name="Loop Time for DT" value="0.000000" />
  <attribute name="Output H" value="8388608"/>
  <attribute name="Output I" value="200"/>
  <attribute name="Output T" value="1"/>
  <attribute name="Target GC Util Change" value ="20.000000" />
  <attribute name="Current GC Util Change" value="61.000000"/>
  <attribute name="GC Util currently" value="61" />
  <attribute name="CPU Util currently" value="17314903393812" />
<exclusive-end id="813" timestamp="2019-06-15T00:49:34.176" durationms="7.025" />

<exclusive-start id="814" timestamp="2019-06-15T00:49:34.183" intervalms="13.834">
  <response-info timems="0.081" idlems="0.081" threads="0" lastid="000000000118C700" lastname="main" />
</exclusive-start>
<allocation-taxation id="815" taxation-threshold="13631488" timestamp="2019-06-15T00:49:34.183" intervalms="13.820" />
<gc-start id="816" type="global mark phase" contextid="794" timestamp="2019-06-15T00:49:34.183">
  <mem-info id="817" free="40894464" total="89128960" percent="45">
    <remembered-set count="39872" freebytes="3398272" totalbytes="3557760" percent="95" regionsoverflowed="0" regionsstable="0" regionsrebuilding="1"/>
  </mem-info>
</gc-start>
<gc-end id="818" type="global mark phase" contextid="794" durationms="0.129" usertimems="0.000" systemtimems="0.000" timestamp="2019-06-15T00:49:34.183" activeThreads="1">
  <mem-info id="819" free="40894464" total="89128960" percent="45">
    <remembered-set count="39872" freebytes="3398272" totalbytes="3557760" percent="95" regionsoverflowed="0" regionsstable="0" regionsrebuilding="1"/>
  </mem-info>
</gc-end>
<concurrent-start id="820" type="GMP work packet processing" contextid="794" timestamp="2019-06-15T00:49:34.183">
  <concurrent-mark-start scanTarget="1048576" />
</concurrent-start>
<exclusive-end id="821" timestamp="2019-06-15T00:49:34.185" durationms="1.628" />

<concurrent-end id="822" type="GMP work packet processing" contextid="794" timestamp="2019-06-15T00:49:34.185">
  <concurrent-mark-end bytesScanned="1096856" reasonForTermination="Work target met" />
</concurrent-end>

<exclusive-start id="823" timestamp="2019-06-15T00:49:34.191" intervalms="8.476">
  <response-info timems="0.086" idlems="0.086" threads="0" lastid="000000000118C700" lastname="main" />
</exclusive-start>
<allocation-taxation id="824" taxation-threshold="13631488" timestamp="2019-06-15T00:49:34.192" intervalms="8.475" />
<cycle-start id="825" type="partial gc" contextid="0" timestamp="2019-06-15T00:49:34.192" intervalms="22.288" />
<gc-start id="826" type="partial gc" contextid="825" timestamp="2019-06-15T00:49:34.192">
  <mem-info id="827" free="27262976" total="89128960" percent="30">
    <mem type="eden" free="1048552" total="28311552" percent="3" />
    <remembered-set count="42176" freebytes="3389056" totalbytes="3557760" percent="95" regionsoverflowed="0" regionsstable="0" regionsrebuilding="1"/>
  </mem-info>
</gc-start>
<allocation-stats totalBytes="27171256" >
  <allocated-bytes non-tlh="0" tlh="27171256" arrayletleaf="0"/>
  <largest-consumer threadName="main" threadId="000000000118C700" bytes="13586848" />
</allocation-stats>
<gc-op id="828" type="copy forward" timems="2.610" contextid="825" timestamp="2019-06-15T00:49:34.195">
  <memory-copied type="eden" objects="1" bytes="24" bytesdiscarded="0" />
  <memory-copied type="other" objects="27575" bytes="748072" bytesdiscarded="31616" />
  <memory-cardclean objects="6510" bytes="447504" />
  <regions eden="26" other="2" />
  <remembered-set-cleared processed="39234" cleared="3396" durationms="0.256" />
  <finalization candidates="1" enqueued="0" />
  <references type="soft" candidates="145" cleared="0" enqueued="0" dynamicThreshold="14" maxThreshold="32" />
  <references type="weak" candidates="75" cleared="0" enqueued="0" />
  <references type="phantom" candidates="2" cleared="0" enqueued="0" />
  <stringconstants candidates="13762" cleared="0"  />
</gc-op>
<gc-op id="829" type="classunload" timems="0.003" contextid="825" timestamp="2019-06-15T00:49:34.195">
  <classunload-info classloadercandidates="55" classloadersunloaded="0" classesunloaded="0" anonymousclassesunloaded="0" quiescems="0.000" setupms="0.003" scanms="0.000" postms="0.000" />
</gc-op>
<gc-end id="830" type="partial gc" contextid="825" durationms="3.468" usertimems="0.000" systemtimems="4.000" timestamp="2019-06-15T00:49:34.195" activeThreads="4">
  <mem-info id="831" free="54525952" total="89128960" percent="61">
    <mem type="eden" free="1048552" total="1048576" percent="99" />
    <remembered-set count="42624" freebytes="3387264" totalbytes="3557760" percent="95" regionsoverflowed="0" regionsstable="0" regionsrebuilding="1"/>
  </mem-info>
</gc-end>
<cycle-end id="832" type="partial gc" contextid="825" timestamp="2019-06-15T00:49:34.196" />
  <attribute name="elasticGC enabled" value="1" />
  <attribute name= "numThreadsSpecified" value="4" />
  <attribute name="heapSize specified" value="0" />
  <attribute name="Current GC Util" value="0" />
  <attribute name= "Current Time Running" value="11087" />
  <attribute name ="GC Interval" value="0" />
  <attribute name="ProportionalT" value="-10.000000" />
  <attribute name="ProportionalI" value="-10.000000" />
  <attribute name="ProportionalH" value="-10.000000" />
  <attribute name="Current Error" value="-20.000000" />
  <attribute name="IntegralT" value="0.000000" />
  <attribute name="IntegralI" value="0.000000" />
  <attribute name="IntegralH" value="0.000000" />
  <attribute name="DerivativeT" value="-inf" />
  <attribute name="DerivativeI" value="-inf" />
  <attribute name="DerivativeH" value="-inf" />
  <attribute name="Loop Time for DT" value="0.000000" />
  <attribute name="Output H" value="2091843584"/>
  <attribute name="Output I" value="200"/>
  <attribute name="Output T" value="4"/>
  <attribute name="Target GC Util Change" value ="20.000000" />
  <attribute name="Current GC Util Change" value="0.000000"/>
  <attribute name="GC Util currently" value="0" />
  <attribute name="CPU Util currently" value="35851221290830" />
<exclusive-end id="833" timestamp="2019-06-15T00:49:34.196" durationms="4.255" />

<exclusive-start id="834" timestamp="2019-06-15T00:49:34.202" intervalms="10.976">
  <response-info timems="0.034" idlems="0.034" threads="0" lastid="000000000118C700" lastname="main" />
</exclusive-start>
<allocation-taxation id="835" taxation-threshold="13631488" timestamp="2019-06-15T00:49:34.202" intervalms="10.900" />
<gc-start id="836" type="global mark phase" contextid="794" timestamp="2019-06-15T00:49:34.203">
  <mem-info id="837" free="40894464" total="89128960" percent="45">
    <remembered-set count="42176" freebytes="3389056" totalbytes="3557760" percent="95" regionsoverflowed="0" regionsstable="0" regionsrebuilding="1"/>
  </mem-info>
</gc-start>
<gc-end id="838" type="global mark phase" contextid="794" durationms="0.055" usertimems="0.000" systemtimems="0.000" timestamp="2019-06-15T00:49:34.203" activeThreads="4">
  <mem-info id="839" free="40894464" total="89128960" percent="45">
    <remembered-set count="42176" freebytes="3389056" totalbytes="3557760" percent="95" regionsoverflowed="0" regionsstable="0" regionsrebuilding="1"/>
  </mem-info>
</gc-end>
<concurrent-start id="840" type="GMP work packet processing" contextid="794" timestamp="2019-06-15T00:49:34.203">
  <concurrent-mark-start scanTarget="1529959" />
</concurrent-start>
<exclusive-end id="841" timestamp="2019-06-15T00:49:34.204" durationms="1.417" />

<concurrent-end id="842" type="GMP work packet processing" contextid="794" timestamp="2019-06-15T00:49:34.204">
  <concurrent-mark-end bytesScanned="1569880" reasonForTermination="Work target met" />
</concurrent-end>

<exclusive-start id="843" timestamp="2019-06-15T00:49:34.210" intervalms="7.384">
  <response-info timems="0.073" idlems="0.073" threads="0" lastid="000000000118C700" lastname="main" />
</exclusive-start>
<allocation-taxation id="844" taxation-threshold="13631488" timestamp="2019-06-15T00:49:34.210" intervalms="7.418" />
<cycle-start id="845" type="partial gc" contextid="0" timestamp="2019-06-15T00:49:34.210" intervalms="18.349" />
<gc-start id="846" type="partial gc" contextid="845" timestamp="2019-06-15T00:49:34.210">
  <mem-info id="847" free="27262976" total="89128960" percent="30">
    <mem type="eden" free="1048552" total="28311552" percent="3" />
    <remembered-set count="43584" freebytes="3383424" totalbytes="3557760" percent="95" regionsoverflowed="0" regionsstable="0" regionsrebuilding="1"/>
  </mem-info>
</gc-start>
<allocation-stats totalBytes="27171256" >
  <allocated-bytes non-tlh="0" tlh="27171256" arrayletleaf="0"/>
  <largest-consumer threadName="main" threadId="000000000118C700" bytes="13586848" />
</allocation-stats>
<gc-op id="848" type="copy forward" timems="4.378" contextid="845" timestamp="2019-06-15T00:49:34.215">
  <memory-copied type="eden" objects="1" bytes="24" bytesdiscarded="0" />
  <memory-copied type="other" objects="34383" bytes="831144" bytesdiscarded="0" />
  <memory-cardclean objects="4067" bytes="387176" />
  <regions eden="26" other="2" />
  <remembered-set-cleared processed="40677" cleared="2147" durationms="0.384" />
  <stringconstants candidates="13762" cleared="0"  />
</gc-op>
<gc-op id="849" type="classunload" timems="0.004" contextid="845" timestamp="2019-06-15T00:49:34.216">
  <classunload-info classloadercandidates="55" classloadersunloaded="0" classesunloaded="0" anonymousclassesunloaded="0" quiescems="0.000" setupms="0.004" scanms="0.000" postms="0.000" />
</gc-op>
<gc-end id="850" type="partial gc" contextid="845" durationms="5.438" usertimems="8.000" systemtimems="0.000" timestamp="2019-06-15T00:49:34.216" activeThreads="1">
  <mem-info id="851" free="54525952" total="89128960" percent="61">
    <mem type="eden" free="1048552" total="1048576" percent="99" />
    <remembered-set count="43456" freebytes="3383936" totalbytes="3557760" percent="95" regionsoverflowed="0" regionsstable="0" regionsrebuilding="1"/>
  </mem-info>
</gc-end>
<cycle-end id="852" type="partial gc" contextid="845" timestamp="2019-06-15T00:49:34.216" />
  <attribute name="elasticGC enabled" value="1" />
  <attribute name= "numThreadsSpecified" value="1" />
  <attribute name="heapSize specified" value="0" />
  <attribute name="Current GC Util" value="57" />
  <attribute name= "Current Time Running" value="11106" />
  <attribute name ="GC Interval" value="0" />
  <attribute name="ProportionalT" value="18.500000" />
  <attribute name="ProportionalI" value="18.500000" />
  <attribute name="ProportionalH" value="18.500000" />
  <attribute name="Current Error" value="37.000000" />
  <attribute name="IntegralT" value="0.000000" />
  <attribute name="IntegralI" value="0.000000" />
  <attribute name="IntegralH" value="0.000000" />
  <attribute name="DerivativeT" value="inf" />
  <attribute name="DerivativeI" value="inf" />
  <attribute name="DerivativeH" value="inf" />
  <attribute name="Loop Time for DT" value="0.000000" />
  <attribute name="Output H" value="8388608"/>
  <attribute name="Output I" value="200"/>
  <attribute name="Output T" value="1"/>
  <attribute name="Target GC Util Change" value ="20.000000" />
  <attribute name="Current GC Util Change" value="57.000000"/>
  <attribute name="GC Util currently" value="57" />
  <attribute name="CPU Util currently" value="16758432475860" />
<exclusive-end id="853" timestamp="2019-06-15T00:49:34.216" durationms="6.487" />

<exclusive-start id="854" timestamp="2019-06-15T00:49:34.222" intervalms="12.044">
  <response-info timems="0.072" idlems="0.072" threads="0" lastid="000000000118C700" lastname="main" />
</exclusive-start>
<allocation-taxation id="855" taxation-threshold="13631488" timestamp="2019-06-15T00:49:34.222" intervalms="12.090" />
<gc-start id="856" type="global mark phase" contextid="794" timestamp="2019-06-15T00:49:34.222">
  <mem-info id="857" free="40894464" total="89128960" percent="45">
    <remembered-set count="42816" freebytes="3386496" totalbytes="3557760" percent="95" regionsoverflowed="0" regionsstable="1" regionsrebuilding="1"/>
  </mem-info>
</gc-start>
<gc-end id="858" type="global mark phase" contextid="794" durationms="0.161" usertimems="0.000" systemtimems="0.000" timestamp="2019-06-15T00:49:34.222" activeThreads="1">
  <mem-info id="859" free="40894464" total="89128960" percent="45">
    <remembered-set count="42816" freebytes="3386496" totalbytes="3557760" percent="95" regionsoverflowed="0" regionsstable="1" regionsrebuilding="1"/>
  </mem-info>
</gc-end>
<concurrent-start id="860" type="GMP work packet processing" contextid="794" timestamp="2019-06-15T00:49:34.222">
  <concurrent-mark-start scanTarget="1048576" />
</concurrent-start>
<concurrent-end id="861" type="GMP work packet processing" contextid="794" timestamp="2019-06-15T00:49:34.224">
  <concurrent-mark-end bytesScanned="1083828" reasonForTermination="Work target met" />
</concurrent-end>

<exclusive-end id="862" timestamp="2019-06-15T00:49:34.224" durationms="1.806" />

<exclusive-start id="863" timestamp="2019-06-15T00:49:34.229" intervalms="7.452">
  <response-info timems="0.071" idlems="0.071" threads="0" lastid="000000000118C700" lastname="main" />
</exclusive-start>
<allocation-taxation id="864" taxation-threshold="13631488" timestamp="2019-06-15T00:49:34.229" intervalms="7.499" />
<cycle-start id="865" type="partial gc" contextid="0" timestamp="2019-06-15T00:49:34.230" intervalms="19.592" />
<gc-start id="866" type="partial gc" contextid="865" timestamp="2019-06-15T00:49:34.230">
  <mem-info id="867" free="27262976" total="89128960" percent="30">
    <mem type="eden" free="1048552" total="28311552" percent="3" />
    <remembered-set count="43360" freebytes="3384320" totalbytes="3557760" percent="95" regionsoverflowed="0" regionsstable="1" regionsrebuilding="1"/>
  </mem-info>
</gc-start>
<allocation-stats totalBytes="27171256" >
  <allocated-bytes non-tlh="0" tlh="27171256" arrayletleaf="0"/>
  <largest-consumer threadName="main" threadId="000000000118C700" bytes="13586848" />
</allocation-stats>
<gc-op id="868" type="copy forward" timems="4.206" contextid="865" timestamp="2019-06-15T00:49:34.235">
  <memory-copied type="eden" objects="1" bytes="24" bytesdiscarded="0" />
  <memory-copied type="other" objects="32964" bytes="922112" bytesdiscarded="22632" />
  <memory-cardclean objects="1612" bytes="59312" />
  <regions eden="26" other="2" />
  <remembered-set-cleared processed="40370" cleared="1989" durationms="0.231" />
  <references type="soft" candidates="2139" cleared="0" enqueued="0" dynamicThreshold="14" maxThreshold="32" />
  <references type="weak" candidates="82" cleared="0" enqueued="0" />
  <stringconstants candidates="13762" cleared="0"  />
</gc-op>
<gc-op id="869" type="classunload" timems="0.004" contextid="865" timestamp="2019-06-15T00:49:34.235">
  <classunload-info classloadercandidates="55" classloadersunloaded="0" classesunloaded="0" anonymousclassesunloaded="0" quiescems="0.000" setupms="0.004" scanms="0.000" postms="0.000" />
</gc-op>
<gc-end id="870" type="partial gc" contextid="865" durationms="5.402" usertimems="12.000" systemtimems="0.000" timestamp="2019-06-15T00:49:34.235" activeThreads="4">
  <mem-info id="871" free="54525952" total="89128960" percent="61">
    <mem type="eden" free="1048552" total="1048576" percent="99" />
    <remembered-set count="43584" freebytes="3383424" totalbytes="3557760" percent="95" regionsoverflowed="0" regionsstable="1" regionsrebuilding="1"/>
  </mem-info>
</gc-end>
<cycle-end id="872" type="partial gc" contextid="865" timestamp="2019-06-15T00:49:34.235" />
  <attribute name="elasticGC enabled" value="1" />
  <attribute name= "numThreadsSpecified" value="4" />
  <attribute name="heapSize specified" value="0" />
  <attribute name="Current GC Util" value="163" />
  <attribute name= "Current Time Running" value="11126" />
  <attribute name ="GC Interval" value="0" />
  <attribute name="ProportionalT" value="71.500000" />
  <attribute name="ProportionalI" value="71.500000" />
  <attribute name="ProportionalH" value="71.500000" />
  <attribute name="Current Error" value="143.000000" />
  <attribute name="IntegralT" value="143.000000" />
  <attribute name="IntegralI" value="143.000000" />
  <attribute name="IntegralH" value="143.000000" />
  <attribute name="DerivativeT" value="69.500000" />
  <attribute name="DerivativeI" value="69.500000" />
  <attribute name="DerivativeH" value="69.500000" />
  <attribute name="Loop Time for DT" value="1.000000" />
  <attribute name="Output H" value="8388608"/>
  <attribute name="Output I" value="288"/>
  <attribute name="Output T" value="4"/>
  <attribute name="Target GC Util Change" value ="20.000000" />
  <attribute name="Current GC Util Change" value="163.000000"/>
  <attribute name="GC Util currently" value="163" />
  <attribute name="CPU Util currently" value="13471974804365" />
<exclusive-end id="873" timestamp="2019-06-15T00:49:34.236" durationms="6.473" />

<exclusive-start id="874" timestamp="2019-06-15T00:49:34.241" intervalms="12.025">
  <response-info timems="0.069" idlems="0.069" threads="0" lastid="000000000118C700" lastname="main" />
</exclusive-start>
<allocation-taxation id="875" taxation-threshold="13631488" timestamp="2019-06-15T00:49:34.241" intervalms="11.965" />
<gc-start id="876" type="global mark phase" contextid="794" timestamp="2019-06-15T00:49:34.242">
  <mem-info id="877" free="40894464" total="89128960" percent="45">
    <remembered-set count="43072" freebytes="3385472" totalbytes="3557760" percent="95" regionsoverflowed="0" regionsstable="2" regionsrebuilding="1"/>
  </mem-info>
</gc-start>
<gc-end id="878" type="global mark phase" contextid="794" durationms="0.189" usertimems="0.000" systemtimems="0.000" timestamp="2019-06-15T00:49:34.242" activeThreads="4">
  <mem-info id="879" free="40894464" total="89128960" percent="45">
    <remembered-set count="43072" freebytes="3385472" totalbytes="3557760" percent="95" regionsoverflowed="0" regionsstable="2" regionsrebuilding="1"/>
  </mem-info>
</gc-end>
<concurrent-start id="880" type="GMP work packet processing" contextid="794" timestamp="2019-06-15T00:49:34.242">
  <concurrent-mark-start scanTarget="1529959" />
</concurrent-start>
<exclusive-end id="881" timestamp="2019-06-15T00:49:34.243" durationms="0.792" />

<concurrent-end id="882" type="GMP work packet processing" contextid="794" timestamp="2019-06-15T00:49:34.243">
  <concurrent-mark-end bytesScanned="1564180" reasonForTermination="Work target met" />
</concurrent-end>

<exclusive-start id="883" timestamp="2019-06-15T00:49:34.249" intervalms="7.577">
  <response-info timems="0.240" idlems="0.240" threads="0" lastid="000000000118C700" lastname="main" />
</exclusive-start>
<allocation-taxation id="884" taxation-threshold="13631488" timestamp="2019-06-15T00:49:34.249" intervalms="7.583" />
<cycle-start id="885" type="partial gc" contextid="0" timestamp="2019-06-15T00:49:34.249" intervalms="19.550" />
<gc-start id="886" type="partial gc" contextid="885" timestamp="2019-06-15T00:49:34.249">
  <mem-info id="887" free="27262976" total="89128960" percent="30">
    <mem type="eden" free="1048552" total="28311552" percent="3" />
    <remembered-set count="43072" freebytes="3385472" totalbytes="3557760" percent="95" regionsoverflowed="0" regionsstable="2" regionsrebuilding="1"/>
  </mem-info>
</gc-start>
<allocation-stats totalBytes="27171256" >
  <allocated-bytes non-tlh="0" tlh="27171256" arrayletleaf="0"/>
  <largest-consumer threadName="main" threadId="000000000118C700" bytes="13586848" />
</allocation-stats>
<gc-op id="888" type="copy forward" timems="5.354" contextid="885" timestamp="2019-06-15T00:49:34.256">
  <memory-copied type="eden" objects="1" bytes="24" bytesdiscarded="0" />
  <memory-copied type="other" objects="38589" bytes="1008200" bytesdiscarded="344" />
  <memory-cardclean objects="15004" bytes="653296" />
  <regions eden="26" other="2" />
  <remembered-set-cleared processed="39482" cleared="3466" durationms="0.377" />
  <stringconstants candidates="13762" cleared="0"  />
</gc-op>
<gc-op id="889" type="classunload" timems="0.004" contextid="885" timestamp="2019-06-15T00:49:34.256">
  <classunload-info classloadercandidates="55" classloadersunloaded="0" classesunloaded="0" anonymousclassesunloaded="0" quiescems="0.000" setupms="0.004" scanms="0.000" postms="0.000" />
</gc-op>
<gc-end id="890" type="partial gc" contextid="885" durationms="6.610" usertimems="4.000" systemtimems="4.000" timestamp="2019-06-15T00:49:34.256" activeThreads="1">
  <mem-info id="891" free="54525952" total="89128960" percent="61">
    <mem type="eden" free="1048552" total="1048576" percent="99" />
    <remembered-set count="44160" freebytes="3381120" totalbytes="3557760" percent="95" regionsoverflowed="0" regionsstable="2" regionsrebuilding="1"/>
  </mem-info>
</gc-end>
<cycle-end id="892" type="partial gc" contextid="885" timestamp="2019-06-15T00:49:34.256" />
  <attribute name="elasticGC enabled" value="1" />
  <attribute name= "numThreadsSpecified" value="1" />
  <attribute name="heapSize specified" value="0" />
  <attribute name="Current GC Util" value="158" />
  <attribute name= "Current Time Running" value="11145" />
  <attribute name ="GC Interval" value="0" />
  <attribute name="ProportionalT" value="69.000000" />
  <attribute name="ProportionalI" value="69.000000" />
  <attribute name="ProportionalH" value="69.000000" />
  <attribute name="Current Error" value="138.000000" />
  <attribute name="IntegralT" value="0.000000" />
  <attribute name="IntegralI" value="0.000000" />
  <attribute name="IntegralH" value="0.000000" />
  <attribute name="DerivativeT" value="inf" />
  <attribute name="DerivativeI" value="inf" />
  <attribute name="DerivativeH" value="inf" />
  <attribute name="Loop Time for DT" value="0.000000" />
  <attribute name="Output H" value="8388608"/>
  <attribute name="Output I" value="200"/>
  <attribute name="Output T" value="1"/>
  <attribute name="Target GC Util Change" value ="20.000000" />
  <attribute name="Current GC Util Change" value="158.000000"/>
  <attribute name="GC Util currently" value="158" />
  <attribute name="CPU Util currently" value="12943557527911" />
<exclusive-end id="893" timestamp="2019-06-15T00:49:34.257" durationms="7.650" />

<exclusive-start id="894" timestamp="2019-06-15T00:49:34.262" intervalms="13.200">
  <response-info timems="0.069" idlems="0.069" threads="0" lastid="000000000118C700" lastname="main" />
</exclusive-start>
<allocation-taxation id="895" taxation-threshold="13631488" timestamp="2019-06-15T00:49:34.262" intervalms="13.255" />
<gc-start id="896" type="global mark phase" contextid="794" timestamp="2019-06-15T00:49:34.262">
  <mem-info id="897" free="40894464" total="89128960" percent="45">
    <remembered-set count="43936" freebytes="3382016" totalbytes="3557760" percent="95" regionsoverflowed="0" regionsstable="2" regionsrebuilding="1"/>
  </mem-info>
</gc-start>
<gc-end id="898" type="global mark phase" contextid="794" durationms="0.181" usertimems="0.000" systemtimems="0.000" timestamp="2019-06-15T00:49:34.263" activeThreads="1">
  <mem-info id="899" free="40894464" total="89128960" percent="45">
    <remembered-set count="43936" freebytes="3382016" totalbytes="3557760" percent="95" regionsoverflowed="0" regionsstable="2" regionsrebuilding="1"/>
  </mem-info>
</gc-end>
<concurrent-start id="900" type="GMP work packet processing" contextid="794" timestamp="2019-06-15T00:49:34.263">
  <concurrent-mark-start scanTarget="1048576" />
</concurrent-start>
<exclusive-end id="901" timestamp="2019-06-15T00:49:34.263" durationms="1.006" />

<concurrent-end id="902" type="GMP work packet processing" contextid="794" timestamp="2019-06-15T00:49:34.268">
  <concurrent-mark-end bytesScanned="1099268" reasonForTermination="Work target met" />
</concurrent-end>

<exclusive-start id="903" timestamp="2019-06-15T00:49:34.269" intervalms="7.099">
  <response-info timems="0.069" idlems="0.069" threads="0" lastid="000000000118C700" lastname="main" />
</exclusive-start>
<allocation-taxation id="904" taxation-threshold="13631488" timestamp="2019-06-15T00:49:34.269" intervalms="7.034" />
<cycle-start id="905" type="partial gc" contextid="0" timestamp="2019-06-15T00:49:34.270" intervalms="20.320" />
<gc-start id="906" type="partial gc" contextid="905" timestamp="2019-06-15T00:49:34.270">
  <mem-info id="907" free="27262976" total="89128960" percent="30">
    <mem type="eden" free="1048552" total="28311552" percent="3" />
    <remembered-set count="43936" freebytes="3382016" totalbytes="3557760" percent="95" regionsoverflowed="0" regionsstable="2" regionsrebuilding="1"/>
  </mem-info>
</gc-start>
<allocation-stats totalBytes="27171256" >
  <allocated-bytes non-tlh="0" tlh="27171256" arrayletleaf="0"/>
  <largest-consumer threadName="main" threadId="000000000118C700" bytes="13586872" />
</allocation-stats>
<gc-op id="908" type="copy forward" timems="5.220" contextid="905" timestamp="2019-06-15T00:49:34.276">
  <memory-copied type="eden" objects="1" bytes="24" bytesdiscarded="0" />
  <memory-copied type="other" objects="43848" bytes="1048096" bytesdiscarded="24" />
  <memory-cardclean objects="6323" bytes="546384" />
  <regions eden="26" other="2" />
  <remembered-set-cleared processed="40093" cleared="2465" durationms="0.352" />
  <references type="weak" candidates="6" cleared="0" enqueued="0" />
  <stringconstants candidates="13762" cleared="0"  />
</gc-op>
<gc-op id="909" type="classunload" timems="0.003" contextid="905" timestamp="2019-06-15T00:49:34.276">
  <classunload-info classloadercandidates="55" classloadersunloaded="0" classesunloaded="0" anonymousclassesunloaded="0" quiescems="0.000" setupms="0.003" scanms="0.000" postms="0.000" />
</gc-op>
<gc-end id="910" type="partial gc" contextid="905" durationms="6.402" usertimems="8.000" systemtimems="0.000" timestamp="2019-06-15T00:49:34.276" activeThreads="1">
  <mem-info id="911" free="54525952" total="89128960" percent="61">
    <mem type="eden" free="1048552" total="1048576" percent="99" />
    <remembered-set count="44640" freebytes="3379200" totalbytes="3557760" percent="94" regionsoverflowed="0" regionsstable="2" regionsrebuilding="1"/>
  </mem-info>
</gc-end>
<cycle-end id="912" type="partial gc" contextid="905" timestamp="2019-06-15T00:49:34.276" />
  <attribute name="elasticGC enabled" value="1" />
  <attribute name= "numThreadsSpecified" value="1" />
  <attribute name="heapSize specified" value="0" />
  <attribute name="Current GC Util" value="109" />
  <attribute name= "Current Time Running" value="11165" />
  <attribute name ="GC Interval" value="0" />
  <attribute name="ProportionalT" value="44.500000" />
  <attribute name="ProportionalI" value="44.500000" />
  <attribute name="ProportionalH" value="44.500000" />
  <attribute name="Current Error" value="89.000000" />
  <attribute name="IntegralT" value="0.000000" />
  <attribute name="IntegralI" value="0.000000" />
  <attribute name="IntegralH" value="0.000000" />
  <attribute name="DerivativeT" value="inf" />
  <attribute name="DerivativeI" value="inf" />
  <attribute name="DerivativeH" value="inf" />
  <attribute name="Loop Time for DT" value="0.000000" />
  <attribute name="Output H" value="8388608"/>
  <attribute name="Output I" value="200"/>
  <attribute name="Output T" value="1"/>
  <attribute name="Target GC Util Change" value ="20.000000" />
  <attribute name="Current GC Util Change" value="109.000000"/>
  <attribute name="GC Util currently" value="109" />
  <attribute name="CPU Util currently" value="13027324777309" />
<exclusive-end id="913" timestamp="2019-06-15T00:49:34.276" durationms="7.331" />

<exclusive-start id="914" timestamp="2019-06-15T00:49:34.282" intervalms="12.852">
  <response-info timems="0.053" idlems="0.053" threads="0" lastid="000000000118C700" lastname="main" />
</exclusive-start>
<allocation-taxation id="915" taxation-threshold="13631488" timestamp="2019-06-15T00:49:34.282" intervalms="12.855" />
<gc-start id="916" type="global mark phase" contextid="794" timestamp="2019-06-15T00:49:34.282">
  <mem-info id="917" free="40894464" total="89128960" percent="45">
    <remembered-set count="43616" freebytes="3383296" totalbytes="3557760" percent="95" regionsoverflowed="0" regionsstable="3" regionsrebuilding="1"/>
  </mem-info>
</gc-start>
<gc-end id="918" type="global mark phase" contextid="794" durationms="0.159" usertimems="0.000" systemtimems="0.000" timestamp="2019-06-15T00:49:34.283" activeThreads="1">
  <mem-info id="919" free="40894464" total="89128960" percent="45">
    <remembered-set count="43616" freebytes="3383296" totalbytes="3557760" percent="95" regionsoverflowed="0" regionsstable="3" regionsrebuilding="1"/>
  </mem-info>
</gc-end>
<concurrent-start id="920" type="GMP work packet processing" contextid="794" timestamp="2019-06-15T00:49:34.283">
  <concurrent-mark-start scanTarget="1048576" />
</concurrent-start>
<exclusive-end id="921" timestamp="2019-06-15T00:49:34.283" durationms="0.842" />

<concurrent-end id="922" type="GMP work packet processing" contextid="794" timestamp="2019-06-15T00:49:34.284">
  <concurrent-mark-end bytesScanned="1078468" reasonForTermination="Work target met" />
</concurrent-end>

<exclusive-start id="923" timestamp="2019-06-15T00:49:34.288" intervalms="6.356">
  <response-info timems="0.070" idlems="0.070" threads="0" lastid="000000000118C700" lastname="main" />
</exclusive-start>
<allocation-taxation id="924" taxation-threshold="13631488" timestamp="2019-06-15T00:49:34.288" intervalms="6.292" />
<cycle-start id="925" type="partial gc" contextid="0" timestamp="2019-06-15T00:49:34.289" intervalms="19.018" />
<gc-start id="926" type="partial gc" contextid="925" timestamp="2019-06-15T00:49:34.289">
  <mem-info id="927" free="27262976" total="89128960" percent="30">
    <mem type="eden" free="1048552" total="28311552" percent="3" />
    <remembered-set count="43616" freebytes="3383296" totalbytes="3557760" percent="95" regionsoverflowed="0" regionsstable="3" regionsrebuilding="1"/>
  </mem-info>
</gc-start>
<allocation-stats totalBytes="27171256" >
  <allocated-bytes non-tlh="0" tlh="27171256" arrayletleaf="0"/>
  <largest-consumer threadName="main" threadId="000000000118C700" bytes="13586872" />
</allocation-stats>
<gc-op id="928" type="copy forward" timems="5.665" contextid="925" timestamp="2019-06-15T00:49:34.295">
  <memory-copied type="eden" objects="1" bytes="24" bytesdiscarded="0" />
  <memory-copied type="other" objects="30287" bytes="1034992" bytesdiscarded="7424" />
  <memory-cardclean objects="11162" bytes="292184" />
  <regions eden="26" other="2" />
  <remembered-set-cleared processed="39415" cleared="2932" durationms="0.229" />
  <stringconstants candidates="13762" cleared="0"  />
</gc-op>
<gc-op id="929" type="classunload" timems="0.003" contextid="925" timestamp="2019-06-15T00:49:34.295">
  <classunload-info classloadercandidates="55" classloadersunloaded="0" classesunloaded="0" anonymousclassesunloaded="0" quiescems="0.000" setupms="0.003" scanms="0.000" postms="0.000" />
</gc-op>
<gc-end id="930" type="partial gc" contextid="925" durationms="6.973" usertimems="12.000" systemtimems="0.000" timestamp="2019-06-15T00:49:34.296" activeThreads="4">
  <mem-info id="931" free="54525952" total="89128960" percent="61">
    <mem type="eden" free="1048552" total="1048576" percent="99" />
    <remembered-set count="42656" freebytes="3387136" totalbytes="3557760" percent="95" regionsoverflowed="0" regionsstable="3" regionsrebuilding="1"/>
  </mem-info>
</gc-end>
<cycle-end id="932" type="partial gc" contextid="925" timestamp="2019-06-15T00:49:34.296" />
  <attribute name="elasticGC enabled" value="1" />
  <attribute name= "numThreadsSpecified" value="4" />
  <attribute name="heapSize specified" value="0" />
  <attribute name="Current GC Util" value="95" />
  <attribute name= "Current Time Running" value="11185" />
  <attribute name ="GC Interval" value="0" />
  <attribute name="ProportionalT" value="37.500000" />
  <attribute name="ProportionalI" value="37.500000" />
  <attribute name="ProportionalH" value="37.500000" />
  <attribute name="Current Error" value="75.000000" />
  <attribute name="IntegralT" value="75.000000" />
  <attribute name="IntegralI" value="75.000000" />
  <attribute name="IntegralH" value="75.000000" />
  <attribute name="DerivativeT" value="27.000000" />
  <attribute name="DerivativeI" value="27.000000" />
  <attribute name="DerivativeH" value="27.000000" />
  <attribute name="Loop Time for DT" value="1.000000" />
  <attribute name="Output H" value="8388608"/>
  <attribute name="Output I" value="200"/>
  <attribute name="Output T" value="4"/>
  <attribute name="Target GC Util Change" value ="20.000000" />
  <attribute name="Current GC Util Change" value="95.000000"/>
  <attribute name="GC Util currently" value="95" />
  <attribute name="CPU Util currently" value="10650938598811" />
<exclusive-end id="933" timestamp="2019-06-15T00:49:34.296" durationms="7.796" />

<exclusive-start id="934" timestamp="2019-06-15T00:49:34.303" intervalms="14.288">
  <response-info timems="0.056" idlems="0.056" threads="0" lastid="000000000118C700" lastname="main" />
</exclusive-start>
<allocation-taxation id="935" taxation-threshold="13631488" timestamp="2019-06-15T00:49:34.303" intervalms="14.354" />
<gc-start id="936" type="global mark phase" contextid="794" timestamp="2019-06-15T00:49:34.303">
  <mem-info id="937" free="40894464" total="89128960" percent="45">
    <remembered-set count="42656" freebytes="3387136" totalbytes="3557760" percent="95" regionsoverflowed="0" regionsstable="3" regionsrebuilding="1"/>
  </mem-info>
</gc-start>
<gc-end id="938" type="global mark phase" contextid="794" durationms="0.128" usertimems="0.000" systemtimems="0.000" timestamp="2019-06-15T00:49:34.303" activeThreads="4">
  <mem-info id="939" free="40894464" total="89128960" percent="45">
    <remembered-set count="42656" freebytes="3387136" totalbytes="3557760" percent="95" regionsoverflowed="0" regionsstable="3" regionsrebuilding="1"/>
  </mem-info>
</gc-end>
<concurrent-start id="940" type="GMP work packet processing" contextid="794" timestamp="2019-06-15T00:49:34.303">
  <concurrent-mark-start scanTarget="1529959" />
</concurrent-start>
<exclusive-end id="941" timestamp="2019-06-15T00:49:34.303" durationms="0.749" />

<concurrent-end id="942" type="GMP work packet processing" contextid="794" timestamp="2019-06-15T00:49:34.307">
  <concurrent-mark-end bytesScanned="1548208" reasonForTermination="Work target met" />
</concurrent-end>

<exclusive-start id="943" timestamp="2019-06-15T00:49:34.313" intervalms="9.907">
  <response-info timems="0.070" idlems="0.070" threads="0" lastid="000000000118C700" lastname="main" />
</exclusive-start>
<allocation-taxation id="944" taxation-threshold="13631488" timestamp="2019-06-15T00:49:34.313" intervalms="9.879" />
<cycle-start id="945" type="partial gc" contextid="0" timestamp="2019-06-15T00:49:34.313" intervalms="24.251" />
<gc-start id="946" type="partial gc" contextid="945" timestamp="2019-06-15T00:49:34.313">
  <mem-info id="947" free="27262976" total="89128960" percent="30">
    <mem type="eden" free="1048552" total="28311552" percent="3" />
    <remembered-set count="42656" freebytes="3387136" totalbytes="3557760" percent="95" regionsoverflowed="0" regionsstable="3" regionsrebuilding="1"/>
  </mem-info>
</gc-start>
<allocation-stats totalBytes="27122392" >
  <allocated-bytes non-tlh="0" tlh="27122392" arrayletleaf="0"/>
  <largest-consumer threadName="main" threadId="000000000118C700" bytes="13540760" />
</allocation-stats>
<gc-op id="948" type="copy forward" timems="5.893" contextid="945" timestamp="2019-06-15T00:49:34.320">
  <memory-copied type="eden" objects="27" bytes="1920" bytesdiscarded="0" />
  <memory-copied type="other" objects="0" bytes="0" bytesdiscarded="0" />
  <memory-cardclean objects="73" bytes="2304" />
  <regions eden="26" other="1" />
  <remembered-set-cleared processed="40142" cleared="33" durationms="0.283" />
  <stringconstants candidates="13762" cleared="0"  />
</gc-op>
<gc-op id="949" type="classunload" timems="0.004" contextid="945" timestamp="2019-06-15T00:49:34.320">
  <classunload-info classloadercandidates="55" classloadersunloaded="0" classesunloaded="0" anonymousclassesunloaded="0" quiescems="0.000" setupms="0.004" scanms="0.000" postms="0.000" />
</gc-op>
<gc-end id="950" type="partial gc" contextid="945" durationms="7.433" usertimems="8.000" systemtimems="0.000" timestamp="2019-06-15T00:49:34.320" activeThreads="4">
  <mem-info id="951" free="54525952" total="89128960" percent="61">
    <mem type="eden" free="1046656" total="1048576" percent="99" />
    <remembered-set count="42592" freebytes="3387392" totalbytes="3557760" percent="95" regionsoverflowed="0" regionsstable="3" regionsrebuilding="1"/>
  </mem-info>
</gc-end>
<cycle-end id="952" type="partial gc" contextid="945" timestamp="2019-06-15T00:49:34.321" />
  <attribute name="elasticGC enabled" value="1" />
  <attribute name= "numThreadsSpecified" value="4" />
  <attribute name="heapSize specified" value="0" />
  <attribute name="Current GC Util" value="98" />
  <attribute name= "Current Time Running" value="11209" />
  <attribute name ="GC Interval" value="0" />
  <attribute name="ProportionalT" value="39.000000" />
  <attribute name="ProportionalI" value="39.000000" />
  <attribute name="ProportionalH" value="39.000000" />
  <attribute name="Current Error" value="78.000000" />
  <attribute name="IntegralT" value="78.000000" />
  <attribute name="IntegralI" value="78.000000" />
  <attribute name="IntegralH" value="78.000000" />
  <attribute name="DerivativeT" value="39.000000" />
  <attribute name="DerivativeI" value="39.000000" />
  <attribute name="DerivativeH" value="39.000000" />
  <attribute name="Loop Time for DT" value="1.000000" />
  <attribute name="Output H" value="8388608"/>
  <attribute name="Output I" value="200"/>
  <attribute name="Output T" value="4"/>
  <attribute name="Target GC Util Change" value ="20.000000" />
  <attribute name="Current GC Util Change" value="98.000000"/>
  <attribute name="GC Util currently" value="98" />
  <attribute name="CPU Util currently" value="7197583366917" />
<exclusive-end id="953" timestamp="2019-06-15T00:49:34.321" durationms="8.385" />

<exclusive-start id="954" timestamp="2019-06-15T00:49:34.328" intervalms="15.117">
  <response-info timems="0.067" idlems="0.067" threads="0" lastid="000000000118C700" lastname="main" />
</exclusive-start>
<allocation-taxation id="955" taxation-threshold="13631488" timestamp="2019-06-15T00:49:34.328" intervalms="15.148" />
<gc-start id="956" type="global mark phase" contextid="794" timestamp="2019-06-15T00:49:34.328">
  <mem-info id="957" free="40894464" total="89128960" percent="45">
    <remembered-set count="41152" freebytes="3393152" totalbytes="3557760" percent="95" regionsoverflowed="0" regionsstable="4" regionsrebuilding="1"/>
  </mem-info>
</gc-start>
<gc-end id="958" type="global mark phase" contextid="794" durationms="0.162" usertimems="0.000" systemtimems="0.000" timestamp="2019-06-15T00:49:34.328" activeThreads="4">
  <mem-info id="959" free="40894464" total="89128960" percent="45">
    <remembered-set count="41152" freebytes="3393152" totalbytes="3557760" percent="95" regionsoverflowed="0" regionsstable="4" regionsrebuilding="1"/>
  </mem-info>
</gc-end>
<concurrent-start id="960" type="GMP work packet processing" contextid="794" timestamp="2019-06-15T00:49:34.328">
  <concurrent-mark-start scanTarget="1529959" />
</concurrent-start>
<exclusive-end id="961" timestamp="2019-06-15T00:49:34.328" durationms="0.769" />

<concurrent-end id="962" type="GMP work packet processing" contextid="794" timestamp="2019-06-15T00:49:34.330">
  <concurrent-mark-end bytesScanned="1545584" reasonForTermination="Work target met" />
</concurrent-end>

<exclusive-start id="963" timestamp="2019-06-15T00:49:34.335" intervalms="7.588">
  <response-info timems="0.057" idlems="0.057" threads="0" lastid="000000000118C700" lastname="main" />
</exclusive-start>
<allocation-taxation id="964" taxation-threshold="13631488" timestamp="2019-06-15T00:49:34.335" intervalms="7.566" />
<cycle-start id="965" type="partial gc" contextid="0" timestamp="2019-06-15T00:49:34.336" intervalms="22.734" />
<gc-start id="966" type="partial gc" contextid="965" timestamp="2019-06-15T00:49:34.336">
  <mem-info id="967" free="27262976" total="89128960" percent="30">
    <mem type="eden" free="0" total="27262976" percent="0" />
    <remembered-set count="41696" freebytes="3390976" totalbytes="3557760" percent="95" regionsoverflowed="0" regionsstable="4" regionsrebuilding="1"/>
  </mem-info>
</gc-start>
<allocation-stats totalBytes="27081600" >
  <allocated-bytes non-tlh="0" tlh="27081600" arrayletleaf="0"/>
  <largest-consumer threadName="main" threadId="000000000118C700" bytes="13540800" />
</allocation-stats>
<gc-op id="968" type="copy forward" timems="6.529" contextid="965" timestamp="2019-06-15T00:49:34.343">
  <memory-copied type="eden" objects="0" bytes="0" bytesdiscarded="0" />
  <memory-copied type="other" objects="27" bytes="1920" bytesdiscarded="0" />
  <memory-cardclean objects="52" bytes="1920" />
  <regions eden="26" other="1" />
  <remembered-set-cleared processed="39288" cleared="40" durationms="0.257" />
  <stringconstants candidates="13762" cleared="0"  />
</gc-op>
<gc-op id="969" type="classunload" timems="0.004" contextid="965" timestamp="2019-06-15T00:49:34.344">
  <classunload-info classloadercandidates="55" classloadersunloaded="0" classesunloaded="0" anonymousclassesunloaded="0" quiescems="0.000" setupms="0.004" scanms="0.000" postms="0.000" />
</gc-op>
<gc-end id="970" type="partial gc" contextid="965" durationms="8.033" usertimems="12.000" systemtimems="0.000" timestamp="2019-06-15T00:49:34.344" activeThreads="4">
  <mem-info id="971" free="54525952" total="89128960" percent="61">
    <remembered-set count="42176" freebytes="3389056" totalbytes="3557760" percent="95" regionsoverflowed="0" regionsstable="4" regionsrebuilding="1"/>
  </mem-info>
</gc-end>
<cycle-end id="972" type="partial gc" contextid="965" timestamp="2019-06-15T00:49:34.344" />
  <attribute name="elasticGC enabled" value="1" />
  <attribute name= "numThreadsSpecified" value="4" />
  <attribute name="heapSize specified" value="0" />
  <attribute name="Current GC Util" value="106" />
  <attribute name= "Current Time Running" value="11232" />
  <attribute name ="GC Interval" value="0" />
  <attribute name="ProportionalT" value="43.000000" />
  <attribute name="ProportionalI" value="43.000000" />
  <attribute name="ProportionalH" value="43.000000" />
  <attribute name="Current Error" value="86.000000" />
  <attribute name="IntegralT" value="86.000000" />
  <attribute name="IntegralI" value="86.000000" />
  <attribute name="IntegralH" value="86.000000" />
  <attribute name="DerivativeT" value="42.000000" />
  <attribute name="DerivativeI" value="42.000000" />
  <attribute name="DerivativeH" value="42.000000" />
  <attribute name="Loop Time for DT" value="1.000000" />
  <attribute name="Output H" value="8388608"/>
  <attribute name="Output I" value="200"/>
  <attribute name="Output T" value="4"/>
  <attribute name="Target GC Util Change" value ="20.000000" />
  <attribute name="Current GC Util Change" value="106.000000"/>
  <attribute name="GC Util currently" value="106" />
  <attribute name="CPU Util currently" value="7758452103024" />
<exclusive-end id="973" timestamp="2019-06-15T00:49:34.344" durationms="9.010" />

<exclusive-start id="974" timestamp="2019-06-15T00:49:34.351" intervalms="15.688">
  <response-info timems="0.055" idlems="0.055" threads="0" lastid="000000000118C700" lastname="main" />
</exclusive-start>
<allocation-taxation id="975" taxation-threshold="13631488" timestamp="2019-06-15T00:49:34.351" intervalms="15.710" />
<gc-start id="976" type="global mark phase" contextid="794" timestamp="2019-06-15T00:49:34.351">
  <mem-info id="977" free="40894464" total="89128960" percent="45">
    <remembered-set count="41184" freebytes="3393024" totalbytes="3557760" percent="95" regionsoverflowed="0" regionsstable="5" regionsrebuilding="1"/>
  </mem-info>
</gc-start>
<gc-end id="978" type="global mark phase" contextid="794" durationms="0.146" usertimems="0.000" systemtimems="0.000" timestamp="2019-06-15T00:49:34.351" activeThreads="4">
  <mem-info id="979" free="40894464" total="89128960" percent="45">
    <remembered-set count="41184" freebytes="3393024" totalbytes="3557760" percent="95" regionsoverflowed="0" regionsstable="5" regionsrebuilding="1"/>
  </mem-info>
</gc-end>
<concurrent-start id="980" type="GMP work packet processing" contextid="794" timestamp="2019-06-15T00:49:34.352">
  <concurrent-mark-start scanTarget="1529959" />
</concurrent-start>
<exclusive-end id="981" timestamp="2019-06-15T00:49:34.352" durationms="0.714" />

<concurrent-end id="982" type="GMP work packet processing" contextid="794" timestamp="2019-06-15T00:49:34.353">
  <concurrent-mark-end bytesScanned="1558868" reasonForTermination="Work target met" />
</concurrent-end>

<exclusive-start id="983" timestamp="2019-06-15T00:49:34.358" intervalms="7.519">
  <response-info timems="0.021" idlems="0.021" threads="0" lastid="000000000118C700" lastname="main" />
</exclusive-start>
<allocation-taxation id="984" taxation-threshold="13631488" timestamp="2019-06-15T00:49:34.359" intervalms="7.465" />
<cycle-start id="985" type="partial gc" contextid="0" timestamp="2019-06-15T00:49:34.359" intervalms="23.206" />
<gc-start id="986" type="partial gc" contextid="985" timestamp="2019-06-15T00:49:34.359">
  <mem-info id="987" free="27262976" total="89128960" percent="30">
    <mem type="eden" free="0" total="27262976" percent="0" />
    <remembered-set count="41696" freebytes="3390976" totalbytes="3557760" percent="95" regionsoverflowed="0" regionsstable="5" regionsrebuilding="1"/>
  </mem-info>
</gc-start>
<allocation-stats totalBytes="27086544" >
  <allocated-bytes non-tlh="0" tlh="27086544" arrayletleaf="0"/>
  <largest-consumer threadName="main" threadId="000000000118C700" bytes="13545744" />
</allocation-stats>
<gc-op id="988" type="copy forward" timems="9.042" contextid="985" timestamp="2019-06-15T00:49:34.369">
  <memory-copied type="eden" objects="1" bytes="24" bytesdiscarded="0" />
  <memory-copied type="other" objects="32964" bytes="922112" bytesdiscarded="0" />
  <memory-cardclean objects="1596" bytes="59128" />
  <regions eden="26" other="1" />
  <remembered-set-cleared processed="38807" cleared="2074" durationms="0.378" />
  <references type="soft" candidates="2139" cleared="0" enqueued="0" dynamicThreshold="14" maxThreshold="32" />
  <references type="weak" candidates="82" cleared="0" enqueued="0" />
  <stringconstants candidates="13762" cleared="0"  />
</gc-op>
<gc-op id="989" type="classunload" timems="0.004" contextid="985" timestamp="2019-06-15T00:49:34.369">
  <classunload-info classloadercandidates="55" classloadersunloaded="0" classesunloaded="0" anonymousclassesunloaded="0" quiescems="0.000" setupms="0.004" scanms="0.000" postms="0.000" />
</gc-op>
<gc-end id="990" type="partial gc" contextid="985" durationms="10.261" usertimems="8.000" systemtimems="4.000" timestamp="2019-06-15T00:49:34.369" activeThreads="4">
  <mem-info id="991" free="53477376" total="89128960" percent="60">
    <mem type="eden" free="1048552" total="1048576" percent="99" />
    <remembered-set count="40832" freebytes="3394432" totalbytes="3557760" percent="95" regionsoverflowed="0" regionsstable="5" regionsrebuilding="1"/>
  </mem-info>
</gc-end>
<cycle-end id="992" type="partial gc" contextid="985" timestamp="2019-06-15T00:49:34.369" />
  <attribute name="elasticGC enabled" value="1" />
  <attribute name= "numThreadsSpecified" value="4" />
  <attribute name="heapSize specified" value="0" />
  <attribute name="Current GC Util" value="112" />
  <attribute name= "Current Time Running" value="11255" />
  <attribute name ="GC Interval" value="0" />
  <attribute name="ProportionalT" value="46.000000" />
  <attribute name="ProportionalI" value="46.000000" />
  <attribute name="ProportionalH" value="46.000000" />
  <attribute name="Current Error" value="92.000000" />
  <attribute name="IntegralT" value="92.000000" />
  <attribute name="IntegralI" value="92.000000" />
  <attribute name="IntegralH" value="92.000000" />
  <attribute name="DerivativeT" value="37.000000" />
  <attribute name="DerivativeI" value="37.000000" />
  <attribute name="DerivativeH" value="37.000000" />
  <attribute name="Loop Time for DT" value="1.000000" />
  <attribute name="Output H" value="8388608"/>
  <attribute name="Output I" value="200"/>
  <attribute name="Output T" value="4"/>
  <attribute name="Target GC Util Change" value ="20.000000" />
  <attribute name="Current GC Util Change" value="112.000000"/>
  <attribute name="GC Util currently" value="112" />
  <attribute name="CPU Util currently" value="11697720660069" />
<exclusive-end id="993" timestamp="2019-06-15T00:49:34.370" durationms="11.185" />

<exclusive-start id="994" timestamp="2019-06-15T00:49:34.376" intervalms="17.635">
  <response-info timems="0.057" idlems="0.057" threads="0" lastid="000000000118C700" lastname="main" />
</exclusive-start>
<allocation-taxation id="995" taxation-threshold="13631488" timestamp="2019-06-15T00:49:34.376" intervalms="17.689" />
<gc-start id="996" type="global mark phase" contextid="794" timestamp="2019-06-15T00:49:34.376">
  <mem-info id="997" free="39845888" total="89128960" percent="44">
    <remembered-set count="40768" freebytes="3394688" totalbytes="3557760" percent="95" regionsoverflowed="0" regionsstable="5" regionsrebuilding="1"/>
  </mem-info>
</gc-start>
<gc-end id="998" type="global mark phase" contextid="794" durationms="0.151" usertimems="0.000" systemtimems="0.000" timestamp="2019-06-15T00:49:34.377" activeThreads="4">
  <mem-info id="999" free="39845888" total="89128960" percent="44">
    <remembered-set count="40768" freebytes="3394688" totalbytes="3557760" percent="95" regionsoverflowed="0" regionsstable="5" regionsrebuilding="1"/>
  </mem-info>
</gc-end>
<concurrent-start id="1000" type="GMP work packet processing" contextid="794" timestamp="2019-06-15T00:49:34.377">
  <concurrent-mark-start scanTarget="1529959" />
</concurrent-start>
<exclusive-end id="1001" timestamp="2019-06-15T00:49:34.377" durationms="0.805" />

<concurrent-end id="1002" type="GMP work packet processing" contextid="794" timestamp="2019-06-15T00:49:34.378">
  <concurrent-mark-end bytesScanned="281872" reasonForTermination="Completed all work in GC phase" />
</concurrent-end>

<exclusive-start id="1003" timestamp="2019-06-15T00:49:34.383" intervalms="6.907">
  <response-info timems="0.069" idlems="0.069" threads="0" lastid="000000000118C700" lastname="main" />
</exclusive-start>
<allocation-taxation id="1004" taxation-threshold="13631488" timestamp="2019-06-15T00:49:34.383" intervalms="6.877" />
<cycle-start id="1005" type="partial gc" contextid="0" timestamp="2019-06-15T00:49:34.383" intervalms="24.527" />
<gc-start id="1006" type="partial gc" contextid="1005" timestamp="2019-06-15T00:49:34.383">
  <mem-info id="1007" free="26214400" total="89128960" percent="29">
    <mem type="eden" free="1048552" total="28311552" percent="3" />
    <remembered-set count="41792" freebytes="3390592" totalbytes="3557760" percent="95" regionsoverflowed="0" regionsstable="5" regionsrebuilding="1"/>
  </mem-info>
</gc-start>
<allocation-stats totalBytes="27092088" >
  <allocated-bytes non-tlh="0" tlh="27092088" arrayletleaf="0"/>
  <largest-consumer threadName="main" threadId="000000000118C700" bytes="13546032" />
</allocation-stats>
<gc-op id="1008" type="copy forward" timems="1.654" contextid="1005" timestamp="2019-06-15T00:49:34.386">
  <memory-copied type="eden" objects="1" bytes="24" bytesdiscarded="0" />
  <memory-copied type="other" objects="0" bytes="0" bytesdiscarded="0" />
  <memory-cardclean objects="10" bytes="424" />
  <regions eden="26" other="1" />
  <remembered-set-cleared processed="39087" cleared="8" durationms="0.354" />
  <stringconstants candidates="13762" cleared="0"  />
</gc-op>
<gc-op id="1009" type="classunload" timems="0.003" contextid="1005" timestamp="2019-06-15T00:49:34.386">
  <classunload-info classloadercandidates="55" classloadersunloaded="0" classesunloaded="0" anonymousclassesunloaded="0" quiescems="0.000" setupms="0.003" scanms="0.000" postms="0.000" />
</gc-op>
<gc-end id="1010" type="partial gc" contextid="1005" durationms="2.993" usertimems="0.000" systemtimems="0.000" timestamp="2019-06-15T00:49:34.386" activeThreads="1">
  <mem-info id="1011" free="53477376" total="89128960" percent="60">
    <mem type="eden" free="1048552" total="1048576" percent="99" />
    <remembered-set count="42272" freebytes="3388672" totalbytes="3557760" percent="95" regionsoverflowed="0" regionsstable="5" regionsrebuilding="1"/>
  </mem-info>
</gc-end>
<cycle-end id="1012" type="partial gc" contextid="1005" timestamp="2019-06-15T00:49:34.387" />
  <attribute name="elasticGC enabled" value="1" />
  <attribute name= "numThreadsSpecified" value="1" />
  <attribute name="heapSize specified" value="0" />
  <attribute name="Current GC Util" value="106" />
  <attribute name= "Current Time Running" value="11279" />
  <attribute name ="GC Interval" value="0" />
  <attribute name="ProportionalT" value="43.000000" />
  <attribute name="ProportionalI" value="43.000000" />
  <attribute name="ProportionalH" value="43.000000" />
  <attribute name="Current Error" value="86.000000" />
  <attribute name="IntegralT" value="0.000000" />
  <attribute name="IntegralI" value="0.000000" />
  <attribute name="IntegralH" value="0.000000" />
  <attribute name="DerivativeT" value="inf" />
  <attribute name="DerivativeI" value="inf" />
  <attribute name="DerivativeH" value="inf" />
  <attribute name="Loop Time for DT" value="0.000000" />
  <attribute name="Output H" value="8388608"/>
  <attribute name="Output I" value="200"/>
  <attribute name="Output T" value="1"/>
  <attribute name="Target GC Util Change" value ="20.000000" />
  <attribute name="Current GC Util Change" value="106.000000"/>
  <attribute name="GC Util currently" value="106" />
  <attribute name="CPU Util currently" value="7850025698114" />
<exclusive-end id="1013" timestamp="2019-06-15T00:49:34.387" durationms="3.887" />

<exclusive-start id="1014" timestamp="2019-06-15T00:49:34.392" intervalms="9.453">
  <response-info timems="0.069" idlems="0.069" threads="0" lastid="000000000118C700" lastname="main" />
</exclusive-start>
<allocation-taxation id="1015" taxation-threshold="13631488" timestamp="2019-06-15T00:49:34.393" intervalms="9.481" />
<gc-start id="1016" type="global mark phase" contextid="794" timestamp="2019-06-15T00:49:34.393">
  <mem-info id="1017" free="39845888" total="89128960" percent="44">
    <remembered-set count="41824" freebytes="3390464" totalbytes="3557760" percent="95" regionsoverflowed="0" regionsstable="5" regionsrebuilding="1"/>
  </mem-info>
</gc-start>
<gc-op id="1018" type="mark increment" timems="7.478" contextid="794" timestamp="2019-06-15T00:49:34.400">
  <trace-info objectcount="31" scancount="24" scanbytes="344800" />
  <cardclean-info objects="42174" bytes="1160412" />
  <finalization candidates="81" enqueued="1" />
  <ownableSynchronizers candidates="21" cleared="0" />
  <references type="soft" candidates="4854" cleared="0" enqueued="0" dynamicThreshold="19" maxThreshold="32" />
  <references type="weak" candidates="5555" cleared="4" enqueued="3" />
  <references type="phantom" candidates="102" cleared="0" enqueued="0" />
  <stringconstants candidates="13762" cleared="2"  />
</gc-op>
<gc-op id="1019" type="classunload" timems="0.356" contextid="794" timestamp="2019-06-15T00:49:34.401">
  <classunload-info classloadercandidates="55" classloadersunloaded="1" classesunloaded="1" anonymousclassesunloaded="0" quiescems="0.000" setupms="0.344" scanms="0.008" postms="0.004" />
</gc-op>
<gc-end id="1020" type="global mark phase" contextid="794" durationms="8.462" usertimems="12.000" systemtimems="0.000" timestamp="2019-06-15T00:49:34.401" activeThreads="4">
  <mem-info id="1021" free="39845888" total="89128960" percent="44">
    <pending-finalizers system="0" default="1" reference="3" classloader="0" />
    <remembered-set count="43360" freebytes="3384320" totalbytes="3557760" percent="95" regionsoverflowed="0" regionsstable="5" regionsrebuilding="0"/>
  </mem-info>
</gc-end>
<cycle-end id="1022" type="global mark phase" contextid="794" timestamp="2019-06-15T00:49:34.401" />
  <attribute name="elasticGC enabled" value="1" />
  <attribute name= "numThreadsSpecified" value="4" />
  <attribute name="heapSize specified" value="0" />
  <attribute name="Current GC Util" value="123" />
  <attribute name= "Current Time Running" value="11292" />
  <attribute name ="GC Interval" value="0" />
  <attribute name="ProportionalT" value="51.500000" />
  <attribute name="ProportionalI" value="51.500000" />
  <attribute name="ProportionalH" value="51.500000" />
  <attribute name="Current Error" value="103.000000" />
  <attribute name="IntegralT" value="103.000000" />
  <attribute name="IntegralI" value="103.000000" />
  <attribute name="IntegralH" value="103.000000" />
  <attribute name="DerivativeT" value="-1.000000" />
  <attribute name="DerivativeI" value="-1.000000" />
  <attribute name="DerivativeH" value="-1.000000" />
  <attribute name="Loop Time for DT" value="1.000000" />
  <attribute name="Output H" value="8388608"/>
  <attribute name="Output I" value="200"/>
  <attribute name="Output T" value="4"/>
  <attribute name="Target GC Util Change" value ="20.000000" />
  <attribute name="Current GC Util Change" value="123.000000"/>
  <attribute name="GC Util currently" value="123" />
  <attribute name="CPU Util currently" value="4190491332026" />
<exclusive-end id="1023" timestamp="2019-06-15T00:49:34.402" durationms="9.211" />

<exclusive-start id="1024" timestamp="2019-06-15T00:49:34.407" intervalms="14.779">
  <response-info timems="0.073" idlems="0.073" threads="0" lastid="000000000118C700" lastname="main" />
</exclusive-start>
<allocation-taxation id="1025" taxation-threshold="13631488" timestamp="2019-06-15T00:49:34.407" intervalms="14.749" />
<cycle-start id="1026" type="partial gc" contextid="0" timestamp="2019-06-15T00:49:34.407" intervalms="24.243" />
<gc-start id="1027" type="partial gc" contextid="1026" timestamp="2019-06-15T00:49:34.408">
  <mem-info id="1028" free="26214400" total="89128960" percent="29">
    <mem type="eden" free="1048552" total="28311552" percent="3" />
    <remembered-set count="43360" freebytes="3384320" totalbytes="3557760" percent="95" regionsoverflowed="0" regionsstable="5" regionsrebuilding="0"/>
  </mem-info>
</gc-start>
<allocation-stats totalBytes="27092088" >
  <allocated-bytes non-tlh="0" tlh="27092088" arrayletleaf="0"/>
  <largest-consumer threadName="main" threadId="000000000118C700" bytes="13546056" />
</allocation-stats>
<gc-op id="1029" type="sweep" timems="1.886" contextid="1026" timestamp="2019-06-15T00:49:34.410" />
<gc-op id="1030" type="copy forward" timems="5.559" contextid="1026" timestamp="2019-06-15T00:49:34.416">
  <memory-copied type="eden" objects="1" bytes="24" bytesdiscarded="0" />
  <memory-copied type="other" objects="0" bytes="0" bytesdiscarded="0" />
  <memory-cardclean objects="14" bytes="1080" />
  <regions eden="13" other="1" />
  <remembered-set-cleared processed="40268" cleared="9" durationms="0.366" />
  <stringconstants candidates="13760" cleared="0"  />
</gc-op>
<gc-op id="1031" type="classunload" timems="0.004" contextid="1026" timestamp="2019-06-15T00:49:34.417">
  <classunload-info classloadercandidates="54" classloadersunloaded="0" classesunloaded="0" anonymousclassesunloaded="0" quiescems="0.000" setupms="0.004" scanms="0.000" postms="0.000" />
</gc-op>
<gc-end id="1032" type="partial gc" contextid="1026" durationms="9.177" usertimems="12.000" systemtimems="0.000" timestamp="2019-06-15T00:49:34.417" activeThreads="4">
  <mem-info id="1033" free="53477376" total="89128960" percent="60">
    <mem type="eden" free="1048552" total="1048576" percent="99" />
    <remembered-set count="42464" freebytes="3387904" totalbytes="3557760" percent="95" regionsoverflowed="0" regionsstable="5" regionsrebuilding="0"/>
  </mem-info>
</gc-end>
<cycle-end id="1034" type="partial gc" contextid="1026" timestamp="2019-06-15T00:49:34.417" />
  <attribute name="elasticGC enabled" value="1" />
  <attribute name= "numThreadsSpecified" value="4" />
  <attribute name="heapSize specified" value="0" />
  <attribute name="Current GC Util" value="112" />
  <attribute name= "Current Time Running" value="11306" />
  <attribute name ="GC Interval" value="0" />
  <attribute name="ProportionalT" value="46.000000" />
  <attribute name="ProportionalI" value="46.000000" />
  <attribute name="ProportionalH" value="46.000000" />
  <attribute name="Current Error" value="92.000000" />
  <attribute name="IntegralT" value="92.000000" />
  <attribute name="IntegralI" value="92.000000" />
  <attribute name="IntegralH" value="92.000000" />
  <attribute name="DerivativeT" value="4.500000" />
  <attribute name="DerivativeI" value="4.500000" />
  <attribute name="DerivativeH" value="4.500000" />
  <attribute name="Loop Time for DT" value="1.000000" />
  <attribute name="Output H" value="8388608"/>
  <attribute name="Output I" value="200"/>
  <attribute name="Output T" value="4"/>
  <attribute name="Target GC Util Change" value ="20.000000" />
  <attribute name="Current GC Util Change" value="112.000000"/>
  <attribute name="GC Util currently" value="112" />
  <attribute name="CPU Util currently" value="7787721170759" />
<exclusive-end id="1035" timestamp="2019-06-15T00:49:34.417" durationms="10.094" />

<exclusive-start id="1036" timestamp="2019-06-15T00:49:34.429" intervalms="21.338">
  <response-info timems="0.056" idlems="0.056" threads="0" lastid="000000000118C700" lastname="main" />
</exclusive-start>
<allocation-taxation id="1037" taxation-threshold="28311552" timestamp="2019-06-15T00:49:34.429" intervalms="21.377" />
<cycle-start id="1038" type="partial gc" contextid="0" timestamp="2019-06-15T00:49:34.429" intervalms="21.453" />
<gc-start id="1039" type="partial gc" contextid="1038" timestamp="2019-06-15T00:49:34.429">
  <mem-info id="1040" free="25165824" total="89128960" percent="28">
    <mem type="eden" free="1048552" total="29360128" percent="3" />
    <remembered-set count="42016" freebytes="3389696" totalbytes="3557760" percent="95" regionsoverflowed="0" regionsstable="5" regionsrebuilding="0"/>
  </mem-info>
</gc-start>
<allocation-stats totalBytes="28134072" >
  <allocated-bytes non-tlh="0" tlh="28134072" arrayletleaf="0"/>
  <largest-consumer threadName="main" threadId="000000000118C700" bytes="28134072" />
</allocation-stats>
<gc-op id="1041" type="copy forward" timems="2.533" contextid="1038" timestamp="2019-06-15T00:49:34.433">
  <memory-copied type="eden" objects="1" bytes="24" bytesdiscarded="0" />
  <memory-copied type="other" objects="5075" bytes="182640" bytesdiscarded="0" />
  <memory-cardclean objects="1446" bytes="61656" />
  <regions eden="27" other="10" />
  <remembered-set-cleared processed="39947" cleared="1896" durationms="0.385" />
  <references type="soft" candidates="47" cleared="0" enqueued="0" dynamicThreshold="19" maxThreshold="32" />
  <references type="weak" candidates="170" cleared="0" enqueued="0" />
  <stringconstants candidates="13760" cleared="0"  />
</gc-op>
<gc-op id="1042" type="classunload" timems="0.004" contextid="1038" timestamp="2019-06-15T00:49:34.433">
  <classunload-info classloadercandidates="54" classloadersunloaded="0" classesunloaded="0" anonymousclassesunloaded="0" quiescems="0.000" setupms="0.004" scanms="0.000" postms="0.000" />
</gc-op>
<heap-resize id="1043" type="contract" space="default" amount="5242880" count="1" timems="0.323" reason="excess free space following gc" timestamp="2019-06-15T00:49:34.433" />
<gc-end id="1044" type="partial gc" contextid="1038" durationms="4.483" usertimems="4.000" systemtimems="0.000" timestamp="2019-06-15T00:49:34.434" activeThreads="1">
  <mem-info id="1045" free="55574528" total="83886080" percent="66">
    <mem type="eden" free="1048552" total="1048576" percent="99" />
    <remembered-set count="41120" freebytes="3393280" totalbytes="3557760" percent="95" regionsoverflowed="0" regionsstable="5" regionsrebuilding="0"/>
  </mem-info>
</gc-end>
<cycle-end id="1046" type="partial gc" contextid="1038" timestamp="2019-06-15T00:49:34.434" />
  <attribute name="elasticGC enabled" value="1" />
  <attribute name= "numThreadsSpecified" value="1" />
  <attribute name="heapSize specified" value="0" />
  <attribute name="Current GC Util" value="105" />
  <attribute name= "Current Time Running" value="11325" />
  <attribute name ="GC Interval" value="0" />
  <attribute name="ProportionalT" value="42.500000" />
  <attribute name="ProportionalI" value="42.500000" />
  <attribute name="ProportionalH" value="42.500000" />
  <attribute name="Current Error" value="85.000000" />
  <attribute name="IntegralT" value="0.000000" />
  <attribute name="IntegralI" value="0.000000" />
  <attribute name="IntegralH" value="0.000000" />
  <attribute name="DerivativeT" value="inf" />
  <attribute name="DerivativeI" value="inf" />
  <attribute name="DerivativeH" value="inf" />
  <attribute name="Loop Time for DT" value="0.000000" />
  <attribute name="Output H" value="8388608"/>
  <attribute name="Output I" value="200"/>
  <attribute name="Output T" value="1"/>
  <attribute name="Target GC Util Change" value ="20.000000" />
  <attribute name="Current GC Util Change" value="105.000000"/>
  <attribute name="GC Util currently" value="105" />
  <attribute name="CPU Util currently" value="7910647503372" />
<exclusive-end id="1047" timestamp="2019-06-15T00:49:34.434" durationms="5.515" />

<exclusive-start id="1048" timestamp="2019-06-15T00:49:34.445" intervalms="16.393">
  <response-info timems="0.072" idlems="0.072" threads="0" lastid="000000000118C700" lastname="main" />
</exclusive-start>
<allocation-taxation id="1049" taxation-threshold="27262976" timestamp="2019-06-15T00:49:34.445" intervalms="16.412" />
<cycle-start id="1050" type="partial gc" contextid="0" timestamp="2019-06-15T00:49:34.445" intervalms="16.382" />
<gc-start id="1051" type="partial gc" contextid="1050" timestamp="2019-06-15T00:49:34.446">
  <mem-info id="1052" free="28311552" total="83886080" percent="33">
    <mem type="eden" free="1048552" total="28311552" percent="3" />
    <remembered-set count="40992" freebytes="3393792" totalbytes="3557760" percent="95" regionsoverflowed="0" regionsstable="5" regionsrebuilding="0"/>
  </mem-info>
</gc-start>
<allocation-stats totalBytes="27092088" >
  <allocated-bytes non-tlh="0" tlh="27092088" arrayletleaf="0"/>
  <largest-consumer threadName="main" threadId="000000000118C700" bytes="27092088" />
</allocation-stats>
<gc-op id="1053" type="copy forward" timems="7.135" contextid="1050" timestamp="2019-06-15T00:49:34.454">
  <memory-copied type="eden" objects="1" bytes="24" bytesdiscarded="0" />
  <memory-copied type="other" objects="10845" bytes="236280" bytesdiscarded="12648" />
  <memory-cardclean objects="29670" bytes="944432" />
  <regions eden="26" other="2" />
  <remembered-set-cleared processed="36517" cleared="4415" durationms="0.267" />
  <stringconstants candidates="13760" cleared="0"  />
</gc-op>
<gc-op id="1054" type="classunload" timems="0.004" contextid="1050" timestamp="2019-06-15T00:49:34.454">
  <classunload-info classloadercandidates="54" classloadersunloaded="0" classesunloaded="0" anonymousclassesunloaded="0" quiescems="0.000" setupms="0.004" scanms="0.000" postms="0.000" />
</gc-op>
<heap-resize id="1055" type="contract" space="default" amount="4194304" count="1" timems="0.266" reason="excess free space following gc" timestamp="2019-06-15T00:49:34.455" />
<gc-end id="1056" type="partial gc" contextid="1050" durationms="9.213" usertimems="12.000" systemtimems="0.000" timestamp="2019-06-15T00:49:34.455" activeThreads="4">
  <mem-info id="1057" free="52428800" total="79691776" percent="65">
    <mem type="eden" free="1048552" total="1048576" percent="99" />
    <remembered-set count="40352" freebytes="3187072" totalbytes="3348480" percent="95" regionsoverflowed="0" regionsstable="5" regionsrebuilding="0"/>
  </mem-info>
</gc-end>
<cycle-end id="1058" type="partial gc" contextid="1050" timestamp="2019-06-15T00:49:34.455" />
  <attribute name="elasticGC enabled" value="1" />
  <attribute name= "numThreadsSpecified" value="4" />
  <attribute name="heapSize specified" value="0" />
  <attribute name="Current GC Util" value="141" />
  <attribute name= "Current Time Running" value="11342" />
  <attribute name ="GC Interval" value="0" />
  <attribute name="ProportionalT" value="60.500000" />
  <attribute name="ProportionalI" value="60.500000" />
  <attribute name="ProportionalH" value="60.500000" />
  <attribute name="Current Error" value="121.000000" />
  <attribute name="IntegralT" value="121.000000" />
  <attribute name="IntegralI" value="121.000000" />
  <attribute name="IntegralH" value="121.000000" />
  <attribute name="DerivativeT" value="60.000000" />
  <attribute name="DerivativeI" value="60.000000" />
  <attribute name="DerivativeH" value="60.000000" />
  <attribute name="Loop Time for DT" value="1.000000" />
  <attribute name="Output H" value="8388608"/>
  <attribute name="Output I" value="248"/>
  <attribute name="Output T" value="4"/>
  <attribute name="Target GC Util Change" value ="20.000000" />
  <attribute name="Current GC Util Change" value="141.000000"/>
  <attribute name="GC Util currently" value="141" />
  <attribute name="CPU Util currently" value="5484604713156" />
<exclusive-end id="1059" timestamp="2019-06-15T00:49:34.455" durationms="10.302" />

<exclusive-start id="1060" timestamp="2019-06-15T00:49:34.466" intervalms="20.759">
  <response-info timems="0.075" idlems="0.075" threads="0" lastid="000000000118C700" lastname="main" />
</exclusive-start>
<allocation-taxation id="1061" taxation-threshold="26214400" timestamp="2019-06-15T00:49:34.466" intervalms="20.768" />
<cycle-start id="1062" type="partial gc" contextid="0" timestamp="2019-06-15T00:49:34.466" intervalms="20.796" />
<gc-start id="1063" type="partial gc" contextid="1062" timestamp="2019-06-15T00:49:34.466">
  <mem-info id="1064" free="26214400" total="79691776" percent="32">
    <mem type="eden" free="1048552" total="27262976" percent="3" />
    <remembered-set count="34624" freebytes="3209984" totalbytes="3348480" percent="95" regionsoverflowed="0" regionsstable="6" regionsrebuilding="0"/>
  </mem-info>
</gc-start>
<allocation-stats totalBytes="26050080" >
  <allocated-bytes non-tlh="0" tlh="26050080" arrayletleaf="0"/>
  <largest-consumer threadName="main" threadId="000000000118C700" bytes="26050080" />
</allocation-stats>
<gc-op id="1065" type="copy forward" timems="7.943" contextid="1062" timestamp="2019-06-15T00:49:34.476">
  <memory-copied type="eden" objects="1" bytes="24" bytesdiscarded="0" />
  <memory-copied type="other" objects="20145" bytes="545424" bytesdiscarded="17104" />
  <memory-cardclean objects="46595" bytes="1538872" />
  <regions eden="25" other="3" />
  <remembered-set-cleared processed="29013" cleared="4031" durationms="0.267" />
  <references type="soft" candidates="634" cleared="0" enqueued="0" dynamicThreshold="21" maxThreshold="32" />
  <references type="weak" candidates="46" cleared="0" enqueued="0" />
  <stringconstants candidates="13760" cleared="0"  />
</gc-op>
<gc-op id="1066" type="classunload" timems="0.004" contextid="1062" timestamp="2019-06-15T00:49:34.476">
  <classunload-info classloadercandidates="54" classloadersunloaded="0" classesunloaded="0" anonymousclassesunloaded="0" quiescems="0.000" setupms="0.003" scanms="0.000" postms="0.000" />
</gc-op>
<heap-resize id="1067" type="contract" space="default" amount="4194304" count="1" timems="0.278" reason="excess free space following gc" timestamp="2019-06-15T00:49:34.476" />
<gc-end id="1068" type="partial gc" contextid="1062" durationms="10.038" usertimems="16.000" systemtimems="0.000" timestamp="2019-06-15T00:49:34.476" activeThreads="4">
  <mem-info id="1069" free="50331648" total="75497472" percent="66">
    <mem type="eden" free="1048552" total="1048576" percent="99" />
    <remembered-set count="35072" freebytes="3040768" totalbytes="3181056" percent="95" regionsoverflowed="0" regionsstable="6" regionsrebuilding="0"/>
  </mem-info>
</gc-end>
<cycle-end id="1070" type="partial gc" contextid="1062" timestamp="2019-06-15T00:49:34.477" />
  <attribute name="elasticGC enabled" value="1" />
  <attribute name= "numThreadsSpecified" value="4" />
  <attribute name="heapSize specified" value="0" />
  <attribute name="Current GC Util" value="79" />
  <attribute name= "Current Time Running" value="11363" />
  <attribute name ="GC Interval" value="0" />
  <attribute name="ProportionalT" value="29.500000" />
  <attribute name="ProportionalI" value="29.500000" />
  <attribute name="ProportionalH" value="29.500000" />
  <attribute name="Current Error" value="59.000000" />
  <attribute name="IntegralT" value="59.000000" />
  <attribute name="IntegralI" value="59.000000" />
  <attribute name="IntegralH" value="59.000000" />
  <attribute name="DerivativeT" value="10.000000" />
  <attribute name="DerivativeI" value="10.000000" />
  <attribute name="DerivativeH" value="10.000000" />
  <attribute name="Loop Time for DT" value="1.000000" />
  <attribute name="Output H" value="8388608"/>
  <attribute name="Output I" value="200"/>
  <attribute name="Output T" value="4"/>
  <attribute name="Target GC Util Change" value ="20.000000" />
  <attribute name="Current GC Util Change" value="79.000000"/>
  <attribute name="GC Util currently" value="79" />
  <attribute name="CPU Util currently" value="5661316770408" />
<exclusive-end id="1071" timestamp="2019-06-15T00:49:34.477" durationms="11.199" />

<exclusive-start id="1072" timestamp="2019-06-15T00:49:34.487" intervalms="21.403">
  <response-info timems="0.232" idlems="0.232" threads="0" lastid="000000000118C700" lastname="main" />
</exclusive-start>
<allocation-taxation id="1073" taxation-threshold="25165824" timestamp="2019-06-15T00:49:34.487" intervalms="21.393" />
<cycle-start id="1074" type="partial gc" contextid="0" timestamp="2019-06-15T00:49:34.487" intervalms="21.337" />
<gc-start id="1075" type="partial gc" contextid="1074" timestamp="2019-06-15T00:49:34.488">
  <mem-info id="1076" free="25165824" total="75497472" percent="33">
    <mem type="eden" free="1048552" total="26214400" percent="3" />
    <remembered-set count="34144" freebytes="3044480" totalbytes="3181056" percent="95" regionsoverflowed="0" regionsstable="7" regionsrebuilding="0"/>
  </mem-info>
</gc-start>
<allocation-stats totalBytes="25008072" >
  <allocated-bytes non-tlh="0" tlh="25008072" arrayletleaf="0"/>
  <largest-consumer threadName="main" threadId="000000000118C700" bytes="25008072" />
</allocation-stats>
<gc-op id="1077" type="copy forward" timems="9.080" contextid="1074" timestamp="2019-06-15T00:49:34.498">
  <memory-copied type="eden" objects="1" bytes="24" bytesdiscarded="0" />
  <memory-copied type="other" objects="33734" bytes="942208" bytesdiscarded="71016" />
  <memory-cardclean objects="36982" bytes="1486576" />
  <regions eden="24" other="4" />
  <remembered-set-cleared processed="28411" cleared="5236" durationms="0.255" />
  <references type="soft" candidates="112" cleared="0" enqueued="0" dynamicThreshold="21" maxThreshold="32" />
  <references type="weak" candidates="846" cleared="0" enqueued="0" />
  <stringconstants candidates="13760" cleared="0"  />
</gc-op>
<gc-op id="1078" type="classunload" timems="0.006" contextid="1074" timestamp="2019-06-15T00:49:34.498">
  <classunload-info classloadercandidates="54" classloadersunloaded="0" classesunloaded="0" anonymousclassesunloaded="0" quiescems="0.000" setupms="0.005" scanms="0.000" postms="0.000" />
</gc-op>
<heap-resize id="1079" type="contract" space="default" amount="4194304" count="1" timems="0.323" reason="excess free space following gc" timestamp="2019-06-15T00:49:34.499" />
<gc-end id="1080" type="partial gc" contextid="1074" durationms="11.078" usertimems="24.000" systemtimems="4.000" timestamp="2019-06-15T00:49:34.499" activeThreads="4">
  <mem-info id="1081" free="48234496" total="71303168" percent="67">
    <mem type="eden" free="1048552" total="1048576" percent="99" />
    <remembered-set count="34656" freebytes="2875008" totalbytes="3013632" percent="95" regionsoverflowed="0" regionsstable="7" regionsrebuilding="0"/>
  </mem-info>
</gc-end>
<cycle-end id="1082" type="partial gc" contextid="1074" timestamp="2019-06-15T00:49:34.499" />
  <attribute name="elasticGC enabled" value="1" />
  <attribute name= "numThreadsSpecified" value="4" />
  <attribute name="heapSize specified" value="0" />
  <attribute name="Current GC Util" value="78" />
  <attribute name= "Current Time Running" value="11384" />
  <attribute name ="GC Interval" value="0" />
  <attribute name="ProportionalT" value="29.000000" />
  <attribute name="ProportionalI" value="29.000000" />
  <attribute name="ProportionalH" value="29.000000" />
  <attribute name="Current Error" value="58.000000" />
  <attribute name="IntegralT" value="58.000000" />
  <attribute name="IntegralI" value="58.000000" />
  <attribute name="IntegralH" value="58.000000" />
  <attribute name="DerivativeT" value="4.500000" />
  <attribute name="DerivativeI" value="4.500000" />
  <attribute name="DerivativeH" value="4.500000" />
  <attribute name="Loop Time for DT" value="1.000000" />
  <attribute name="Output H" value="8388608"/>
  <attribute name="Output I" value="200"/>
  <attribute name="Output T" value="4"/>
  <attribute name="Target GC Util Change" value ="20.000000" />
  <attribute name="Current GC Util Change" value="78.000000"/>
  <attribute name="GC Util currently" value="78" />
  <attribute name="CPU Util currently" value="5453447418350" />
<exclusive-end id="1083" timestamp="2019-06-15T00:49:34.499" durationms="12.061" />

<exclusive-start id="1084" timestamp="2019-06-15T00:49:34.504" intervalms="16.746">
  <response-info timems="0.074" idlems="0.074" threads="0" lastid="000000000118C700" lastname="main" />
</exclusive-start>
<allocation-taxation id="1085" taxation-threshold="11534336" timestamp="2019-06-15T00:49:34.504" intervalms="16.693" />
<cycle-start id="1086" type="global mark phase" contextid="0" timestamp="2019-06-15T00:49:34.504" intervalms="345.112" />
<gc-start id="1087" type="global mark phase" contextid="1086" timestamp="2019-06-15T00:49:34.504">
  <mem-info id="1088" free="36700160" total="71303168" percent="51">
    <remembered-set count="32992" freebytes="2881664" totalbytes="3013632" percent="95" regionsoverflowed="0" regionsstable="8" regionsrebuilding="0"/>
  </mem-info>
</gc-start>
<gc-op id="1089" type="mark increment" timems="1.976" contextid="1086" timestamp="2019-06-15T00:49:34.506">
  <trace-info objectcount="179" scancount="0" scanbytes="0" />
</gc-op>
<gc-end id="1090" type="global mark phase" contextid="1086" durationms="2.187" usertimems="4.000" systemtimems="0.000" timestamp="2019-06-15T00:49:34.507" activeThreads="4">
  <mem-info id="1091" free="36700160" total="71303168" percent="51">
    <remembered-set count="32992" freebytes="2881664" totalbytes="3013632" percent="95" regionsoverflowed="0" regionsstable="0" regionsrebuilding="8"/>
  </mem-info>
</gc-end>
<concurrent-start id="1092" type="GMP work packet processing" contextid="1086" timestamp="2019-06-15T00:49:34.507">
  <concurrent-mark-start scanTarget="2174483" />
</concurrent-start>
<exclusive-end id="1093" timestamp="2019-06-15T00:49:34.507" durationms="2.979" />

<concurrent-end id="1094" type="GMP work packet processing" contextid="1086" timestamp="2019-06-15T00:49:34.511">
  <concurrent-mark-end bytesScanned="2273168" reasonForTermination="Work target met" />
</concurrent-end>

<exclusive-start id="1095" timestamp="2019-06-15T00:49:34.512" intervalms="7.831">
  <response-info timems="0.057" idlems="0.057" threads="0" lastid="000000000118C700" lastname="main" />
</exclusive-start>
<allocation-taxation id="1096" taxation-threshold="11534336" timestamp="2019-06-15T00:49:34.512" intervalms="7.822" />
<cycle-start id="1097" type="partial gc" contextid="0" timestamp="2019-06-15T00:49:34.512" intervalms="24.521" />
<gc-start id="1098" type="partial gc" contextid="1097" timestamp="2019-06-15T00:49:34.512">
  <mem-info id="1099" free="25165824" total="71303168" percent="35">
    <mem type="eden" free="1048552" total="24117248" percent="4" />
    <remembered-set count="38176" freebytes="2860928" totalbytes="3013632" percent="94" regionsoverflowed="0" regionsstable="0" regionsrebuilding="8"/>
  </mem-info>
</gc-start>
<allocation-stats totalBytes="22924080" >
  <allocated-bytes non-tlh="0" tlh="22924080" arrayletleaf="0"/>
  <largest-consumer threadName="main" threadId="000000000118C700" bytes="11462040" />
</allocation-stats>
<gc-op id="1100" type="copy forward" timems="14.592" contextid="1097" timestamp="2019-06-15T00:49:34.528">
  <memory-copied type="eden" objects="1" bytes="24" bytesdiscarded="0" />
  <memory-copied type="other" objects="16759" bytes="1178496" bytesdiscarded="54568" />
  <memory-cardclean objects="121547" bytes="4035400" />
  <regions eden="22" other="3" />
  <remembered-set-cleared processed="23783" cleared="8864" durationms="0.315" />
  <ownableSynchronizers candidates="16" cleared="0" />
  <references type="soft" candidates="429" cleared="0" enqueued="0" dynamicThreshold="16" maxThreshold="32" />
  <references type="weak" candidates="1580" cleared="0" enqueued="0" />
  <references type="phantom" candidates="13" cleared="0" enqueued="0" />
  <stringconstants candidates="13760" cleared="0"  />
</gc-op>
<gc-op id="1101" type="classunload" timems="0.004" contextid="1097" timestamp="2019-06-15T00:49:34.528">
  <classunload-info classloadercandidates="54" classloadersunloaded="0" classesunloaded="0" anonymousclassesunloaded="0" quiescems="0.000" setupms="0.004" scanms="0.000" postms="0.000" />
</gc-op>
<heap-resize id="1102" type="contract" space="default" amount="4194304" count="1" timems="0.249" reason="excess free space following gc" timestamp="2019-06-15T00:49:34.529" />
<gc-end id="1103" type="partial gc" contextid="1097" durationms="16.781" usertimems="20.000" systemtimems="0.000" timestamp="2019-06-15T00:49:34.529" activeThreads="4">
  <mem-info id="1104" free="44040192" total="67108864" percent="65">
    <mem type="eden" free="1048552" total="1048576" percent="99" />
    <remembered-set count="39296" freebytes="2689024" totalbytes="2846208" percent="94" regionsoverflowed="0" regionsstable="0" regionsrebuilding="8"/>
  </mem-info>
</gc-end>
<cycle-end id="1105" type="partial gc" contextid="1097" timestamp="2019-06-15T00:49:34.529" />
  <attribute name="elasticGC enabled" value="1" />
  <attribute name= "numThreadsSpecified" value="4" />
  <attribute name="heapSize specified" value="0" />
  <attribute name="Current GC Util" value="71" />
  <attribute name= "Current Time Running" value="11408" />
  <attribute name ="GC Interval" value="0" />
  <attribute name="ProportionalT" value="25.500000" />
  <attribute name="ProportionalI" value="25.500000" />
  <attribute name="ProportionalH" value="25.500000" />
  <attribute name="Current Error" value="51.000000" />
  <attribute name="IntegralT" value="0.000000" />
  <attribute name="IntegralI" value="0.000000" />
  <attribute name="IntegralH" value="0.000000" />
  <attribute name="DerivativeT" value="-inf" />
  <attribute name="DerivativeI" value="-inf" />
  <attribute name="DerivativeH" value="-inf" />
  <attribute name="Loop Time for DT" value="0.000000" />
  <attribute name="Output H" value="2091843584"/>
  <attribute name="Output I" value="200"/>
  <attribute name="Output T" value="4"/>
  <attribute name="Target GC Util Change" value ="20.000000" />
  <attribute name="Current GC Util Change" value="71.000000"/>
  <attribute name="GC Util currently" value="71" />
  <attribute name="CPU Util currently" value="5163631757027" />
<exclusive-end id="1106" timestamp="2019-06-15T00:49:34.529" durationms="17.772" />

<exclusive-start id="1107" timestamp="2019-06-15T00:49:34.534" intervalms="22.543">
  <response-info timems="0.098" idlems="0.098" threads="0" lastid="000000000118C700" lastname="main" />
</exclusive-start>
<allocation-taxation id="1108" taxation-threshold="11534336" timestamp="2019-06-15T00:49:34.534" intervalms="22.592" />
<gc-start id="1109" type="global mark phase" contextid="1086" timestamp="2019-06-15T00:49:34.535">
  <mem-info id="1110" free="32505856" total="67108864" percent="48">
    <remembered-set count="38752" freebytes="2691200" totalbytes="2846208" percent="94" regionsoverflowed="0" regionsstable="1" regionsrebuilding="8"/>
  </mem-info>
</gc-start>
<gc-end id="1111" type="global mark phase" contextid="1086" durationms="0.146" usertimems="4.000" systemtimems="0.000" timestamp="2019-06-15T00:49:34.535" activeThreads="4">
  <mem-info id="1112" free="32505856" total="67108864" percent="48">
    <remembered-set count="38752" freebytes="2691200" totalbytes="2846208" percent="94" regionsoverflowed="0" regionsstable="1" regionsrebuilding="8"/>
  </mem-info>
</gc-end>
<concurrent-start id="1113" type="GMP work packet processing" contextid="1086" timestamp="2019-06-15T00:49:34.535">
  <concurrent-mark-start scanTarget="2174483" />
</concurrent-start>
<exclusive-end id="1114" timestamp="2019-06-15T00:49:34.535" durationms="0.679" />

<concurrent-end id="1115" type="GMP work packet processing" contextid="1086" timestamp="2019-06-15T00:49:34.538">
  <concurrent-mark-end bytesScanned="2239640" reasonForTermination="Work target met" />
</concurrent-end>

<exclusive-start id="1116" timestamp="2019-06-15T00:49:34.540" intervalms="5.366">
  <response-info timems="0.105" idlems="0.105" threads="0" lastid="000000000118C700" lastname="main" />
</exclusive-start>
<allocation-taxation id="1117" taxation-threshold="11534336" timestamp="2019-06-15T00:49:34.540" intervalms="5.284" />
<cycle-start id="1118" type="partial gc" contextid="0" timestamp="2019-06-15T00:49:34.540" intervalms="27.867" />
<gc-start id="1119" type="partial gc" contextid="1118" timestamp="2019-06-15T00:49:34.540">
  <mem-info id="1120" free="20971520" total="67108864" percent="31">
    <mem type="eden" free="1048552" total="24117248" percent="4" />
    <remembered-set count="41312" freebytes="2680960" totalbytes="2846208" percent="94" regionsoverflowed="0" regionsstable="1" regionsrebuilding="8"/>
  </mem-info>
</gc-start>
<allocation-stats totalBytes="22924080" >
  <allocated-bytes non-tlh="0" tlh="22924080" arrayletleaf="0"/>
  <largest-consumer threadName="main" threadId="000000000118C700" bytes="11462040" />
</allocation-stats>
<gc-op id="1121" type="copy forward" timems="11.831" contextid="1118" timestamp="2019-06-15T00:49:34.553">
  <memory-copied type="eden" objects="1" bytes="24" bytesdiscarded="0" />
  <memory-copied type="other" objects="43672" bytes="1495632" bytesdiscarded="77568" />
  <memory-cardclean objects="142166" bytes="4300520" />
  <regions eden="22" other="3" />
  <remembered-set-cleared processed="20879" cleared="7867" durationms="0.217" />
  <finalization candidates="13" enqueued="0" />
  <references type="soft" candidates="263" cleared="0" enqueued="0" dynamicThreshold="15" maxThreshold="32" />
  <references type="weak" candidates="220" cleared="0" enqueued="0" />
  <references type="phantom" candidates="57" cleared="0" enqueued="0" />
  <stringconstants candidates="13760" cleared="0"  />
</gc-op>
<gc-op id="1122" type="classunload" timems="0.008" contextid="1118" timestamp="2019-06-15T00:49:34.553">
  <classunload-info classloadercandidates="54" classloadersunloaded="0" classesunloaded="0" anonymousclassesunloaded="0" quiescems="0.000" setupms="0.008" scanms="0.000" postms="0.000" />
</gc-op>
<heap-resize id="1123" type="contract" space="default" amount="4194304" count="1" timems="0.265" reason="excess free space following gc" timestamp="2019-06-15T00:49:34.554" />
<gc-end id="1124" type="partial gc" contextid="1118" durationms="13.942" usertimems="16.000" systemtimems="8.000" timestamp="2019-06-15T00:49:34.554" activeThreads="4">
  <mem-info id="1125" free="40894464" total="62914560" percent="65">
    <mem type="eden" free="1048552" total="1048576" percent="99" />
    <remembered-set count="40032" freebytes="2518656" totalbytes="2678784" percent="94" regionsoverflowed="0" regionsstable="1" regionsrebuilding="8"/>
  </mem-info>
</gc-end>
<cycle-end id="1126" type="partial gc" contextid="1118" timestamp="2019-06-15T00:49:34.554" />
  <attribute name="elasticGC enabled" value="1" />
  <attribute name= "numThreadsSpecified" value="4" />
  <attribute name="heapSize specified" value="0" />
  <attribute name="Current GC Util" value="84" />
  <attribute name= "Current Time Running" value="11436" />
  <attribute name ="GC Interval" value="0" />
  <attribute name="ProportionalT" value="32.000000" />
  <attribute name="ProportionalI" value="32.000000" />
  <attribute name="ProportionalH" value="32.000000" />
  <attribute name="Current Error" value="64.000000" />
  <attribute name="IntegralT" value="64.000000" />
  <attribute name="IntegralI" value="64.000000" />
  <attribute name="IntegralH" value="64.000000" />
  <attribute name="DerivativeT" value="-3.500000" />
  <attribute name="DerivativeI" value="-3.500000" />
  <attribute name="DerivativeH" value="-3.500000" />
  <attribute name="Loop Time for DT" value="1.000000" />
  <attribute name="Output H" value="8388608"/>
  <attribute name="Output I" value="200"/>
  <attribute name="Output T" value="4"/>
  <attribute name="Target GC Util Change" value ="20.000000" />
  <attribute name="Current GC Util Change" value="84.000000"/>
  <attribute name="GC Util currently" value="84" />
  <attribute name="CPU Util currently" value="5531171321114" />
<exclusive-end id="1127" timestamp="2019-06-15T00:49:34.554" durationms="14.787" />

<exclusive-start id="1128" timestamp="2019-06-15T00:49:34.559" intervalms="19.160">
  <response-info timems="0.152" idlems="0.152" threads="0" lastid="000000000118C700" lastname="main" />
</exclusive-start>
<allocation-taxation id="1129" taxation-threshold="10485760" timestamp="2019-06-15T00:49:34.559" intervalms="19.207" />
<gc-start id="1130" type="global mark phase" contextid="1086" timestamp="2019-06-15T00:49:34.559">
  <mem-info id="1131" free="30408704" total="62914560" percent="48">
    <remembered-set count="39776" freebytes="2519680" totalbytes="2678784" percent="94" regionsoverflowed="0" regionsstable="1" regionsrebuilding="8"/>
  </mem-info>
</gc-start>
<gc-end id="1132" type="global mark phase" contextid="1086" durationms="0.122" usertimems="0.000" systemtimems="0.000" timestamp="2019-06-15T00:49:34.559" activeThreads="4">
  <mem-info id="1133" free="30408704" total="62914560" percent="48">
    <remembered-set count="39776" freebytes="2519680" totalbytes="2678784" percent="94" regionsoverflowed="0" regionsstable="1" regionsrebuilding="8"/>
  </mem-info>
</gc-end>
<concurrent-start id="1134" type="GMP work packet processing" contextid="1086" timestamp="2019-06-15T00:49:34.559">
  <concurrent-mark-start scanTarget="2174483" />
</concurrent-start>
<exclusive-end id="1135" timestamp="2019-06-15T00:49:34.559" durationms="0.708" />

<concurrent-end id="1136" type="GMP work packet processing" contextid="1086" timestamp="2019-06-15T00:49:34.562">
  <concurrent-mark-end bytesScanned="2217932" reasonForTermination="Work target met" />
</concurrent-end>

<exclusive-start id="1137" timestamp="2019-06-15T00:49:34.564" intervalms="5.021">
  <response-info timems="0.065" idlems="0.065" threads="0" lastid="000000000118C700" lastname="main" />
</exclusive-start>
<allocation-taxation id="1138" taxation-threshold="10485760" timestamp="2019-06-15T00:49:34.564" intervalms="5.017" />
<cycle-start id="1139" type="partial gc" contextid="0" timestamp="2019-06-15T00:49:34.564" intervalms="24.259" />
<gc-start id="1140" type="partial gc" contextid="1139" timestamp="2019-06-15T00:49:34.564">
  <mem-info id="1141" free="19922944" total="62914560" percent="31">
    <mem type="eden" free="1048552" total="22020096" percent="4" />
    <remembered-set count="40832" freebytes="2515456" totalbytes="2678784" percent="93" regionsoverflowed="0" regionsstable="1" regionsrebuilding="8"/>
  </mem-info>
</gc-start>
<allocation-stats totalBytes="20840064" >
  <allocated-bytes non-tlh="0" tlh="20840064" arrayletleaf="0"/>
  <largest-consumer threadName="main" threadId="000000000118C700" bytes="10420032" />
</allocation-stats>
<gc-op id="1142" type="copy forward" timems="8.436" contextid="1139" timestamp="2019-06-15T00:49:34.574">
  <memory-copied type="eden" objects="1" bytes="24" bytesdiscarded="0" />
  <memory-copied type="other" objects="0" bytes="0" bytesdiscarded="0" />
  <memory-cardclean objects="97948" bytes="3091896" />
  <regions eden="20" other="1" />
  <remembered-set-cleared processed="27004" cleared="3737" durationms="0.243" />
  <stringconstants candidates="13760" cleared="0"  />
</gc-op>
<gc-op id="1143" type="classunload" timems="0.005" contextid="1139" timestamp="2019-06-15T00:49:34.574">
  <classunload-info classloadercandidates="54" classloadersunloaded="0" classesunloaded="0" anonymousclassesunloaded="0" quiescems="0.000" setupms="0.004" scanms="0.000" postms="0.000" />
</gc-op>
<heap-resize id="1144" type="contract" space="default" amount="3145728" count="1" timems="0.237" reason="excess free space following gc" timestamp="2019-06-15T00:49:34.575" />
<gc-end id="1145" type="partial gc" contextid="1139" durationms="10.641" usertimems="12.000" systemtimems="0.000" timestamp="2019-06-15T00:49:34.575" activeThreads="4">
  <mem-info id="1146" free="37748736" total="59768832" percent="63">
    <mem type="eden" free="1048552" total="1048576" percent="99" />
    <remembered-set count="39552" freebytes="2353152" totalbytes="2511360" percent="93" regionsoverflowed="0" regionsstable="1" regionsrebuilding="8"/>
  </mem-info>
</gc-end>
<cycle-end id="1147" type="partial gc" contextid="1139" timestamp="2019-06-15T00:49:34.575" />
  <attribute name="elasticGC enabled" value="1" />
  <attribute name= "numThreadsSpecified" value="4" />
  <attribute name="heapSize specified" value="0" />
  <attribute name="Current GC Util" value="55" />
  <attribute name= "Current Time Running" value="11461" />
  <attribute name ="GC Interval" value="0" />
  <attribute name="ProportionalT" value="17.500000" />
  <attribute name="ProportionalI" value="17.500000" />
  <attribute name="ProportionalH" value="17.500000" />
  <attribute name="Current Error" value="35.000000" />
  <attribute name="IntegralT" value="35.000000" />
  <attribute name="IntegralI" value="35.000000" />
  <attribute name="IntegralH" value="35.000000" />
  <attribute name="DerivativeT" value="1.500000" />
  <attribute name="DerivativeI" value="1.500000" />
  <attribute name="DerivativeH" value="1.500000" />
  <attribute name="Loop Time for DT" value="1.000000" />
  <attribute name="Output H" value="8388608"/>
  <attribute name="Output I" value="200"/>
  <attribute name="Output T" value="4"/>
  <attribute name="Target GC Util Change" value ="20.000000" />
  <attribute name="Current GC Util Change" value="55.000000"/>
  <attribute name="GC Util currently" value="55" />
  <attribute name="CPU Util currently" value="4436446362265" />
<exclusive-end id="1148" timestamp="2019-06-15T00:49:34.575" durationms="11.670" />

<exclusive-start id="1149" timestamp="2019-06-15T00:49:34.580" intervalms="15.986">
  <response-info timems="0.061" idlems="0.061" threads="0" lastid="000000000118C700" lastname="main" />
</exclusive-start>
<allocation-taxation id="1150" taxation-threshold="10485760" timestamp="2019-06-15T00:49:34.580" intervalms="15.993" />
<gc-start id="1151" type="global mark phase" contextid="1086" timestamp="2019-06-15T00:49:34.580">
  <mem-info id="1152" free="27262976" total="59768832" percent="45">
    <remembered-set count="39136" freebytes="2354816" totalbytes="2511360" percent="93" regionsoverflowed="0" regionsstable="1" regionsrebuilding="8"/>
  </mem-info>
</gc-start>
<gc-end id="1153" type="global mark phase" contextid="1086" durationms="0.121" usertimems="0.000" systemtimems="0.000" timestamp="2019-06-15T00:49:34.580" activeThreads="4">
  <mem-info id="1154" free="27262976" total="59768832" percent="45">
    <remembered-set count="39136" freebytes="2354816" totalbytes="2511360" percent="93" regionsoverflowed="0" regionsstable="1" regionsrebuilding="8"/>
  </mem-info>
</gc-end>
<concurrent-start id="1155" type="GMP work packet processing" contextid="1086" timestamp="2019-06-15T00:49:34.580">
  <concurrent-mark-start scanTarget="2174483" />
</concurrent-start>
<exclusive-end id="1156" timestamp="2019-06-15T00:49:34.581" durationms="0.753" />

<concurrent-end id="1157" type="GMP work packet processing" contextid="1086" timestamp="2019-06-15T00:49:34.582">
  <concurrent-mark-end bytesScanned="2192536" reasonForTermination="Work target met" />
</concurrent-end>

<exclusive-start id="1158" timestamp="2019-06-15T00:49:34.585" intervalms="5.019">
  <response-info timems="0.071" idlems="0.071" threads="0" lastid="000000000118C700" lastname="main" />
</exclusive-start>
<allocation-taxation id="1159" taxation-threshold="10485760" timestamp="2019-06-15T00:49:34.585" intervalms="5.014" />
<cycle-start id="1160" type="partial gc" contextid="0" timestamp="2019-06-15T00:49:34.585" intervalms="20.903" />
<gc-start id="1161" type="partial gc" contextid="1160" timestamp="2019-06-15T00:49:34.585">
  <mem-info id="1162" free="16777216" total="59768832" percent="28">
    <mem type="eden" free="1048552" total="22020096" percent="4" />
    <remembered-set count="40160" freebytes="2350720" totalbytes="2511360" percent="93" regionsoverflowed="0" regionsstable="1" regionsrebuilding="8"/>
  </mem-info>
</gc-start>
<allocation-stats totalBytes="20840064" >
  <allocated-bytes non-tlh="0" tlh="20840064" arrayletleaf="0"/>
  <largest-consumer threadName="main" threadId="000000000118C700" bytes="10420032" />
</allocation-stats>
<gc-op id="1163" type="copy forward" timems="5.928" contextid="1160" timestamp="2019-06-15T00:49:34.592">
  <memory-copied type="eden" objects="1" bytes="24" bytesdiscarded="0" />
  <memory-copied type="other" objects="0" bytes="0" bytesdiscarded="0" />
  <memory-cardclean objects="90014" bytes="2787288" />
  <regions eden="20" other="1" />
  <remembered-set-cleared processed="27104" cleared="1057" durationms="0.287" />
  <stringconstants candidates="13760" cleared="0"  />
</gc-op>
<gc-op id="1164" type="classunload" timems="0.004" contextid="1160" timestamp="2019-06-15T00:49:34.593">
  <classunload-info classloadercandidates="54" classloadersunloaded="0" classesunloaded="0" anonymousclassesunloaded="0" quiescems="0.000" setupms="0.004" scanms="0.000" postms="0.000" />
</gc-op>
<heap-resize id="1165" type="contract" space="default" amount="3145728" count="1" timems="0.245" reason="excess free space following gc" timestamp="2019-06-15T00:49:34.593" />
<gc-end id="1166" type="partial gc" contextid="1160" durationms="7.933" usertimems="8.000" systemtimems="0.000" timestamp="2019-06-15T00:49:34.593" activeThreads="1">
  <mem-info id="1167" free="34603008" total="56623104" percent="61">
    <mem type="eden" free="1048552" total="1048576" percent="99" />
    <remembered-set count="39264" freebytes="2228736" totalbytes="2385792" percent="93" regionsoverflowed="0" regionsstable="1" regionsrebuilding="8"/>
  </mem-info>
</gc-end>
<cycle-end id="1168" type="partial gc" contextid="1160" timestamp="2019-06-15T00:49:34.593" />
  <attribute name="elasticGC enabled" value="1" />
  <attribute name= "numThreadsSpecified" value="1" />
  <attribute name="heapSize specified" value="0" />
  <attribute name="Current GC Util" value="67" />
  <attribute name= "Current Time Running" value="11481" />
  <attribute name ="GC Interval" value="0" />
  <attribute name="ProportionalT" value="23.500000" />
  <attribute name="ProportionalI" value="23.500000" />
  <attribute name="ProportionalH" value="23.500000" />
  <attribute name="Current Error" value="47.000000" />
  <attribute name="IntegralT" value="0.000000" />
  <attribute name="IntegralI" value="0.000000" />
  <attribute name="IntegralH" value="0.000000" />
  <attribute name="DerivativeT" value="inf" />
  <attribute name="DerivativeI" value="inf" />
  <attribute name="DerivativeH" value="inf" />
  <attribute name="Loop Time for DT" value="0.000000" />
  <attribute name="Output H" value="8388608"/>
  <attribute name="Output I" value="200"/>
  <attribute name="Output T" value="1"/>
  <attribute name="Target GC Util Change" value ="20.000000" />
  <attribute name="Current GC Util Change" value="67.000000"/>
  <attribute name="GC Util currently" value="67" />
  <attribute name="CPU Util currently" value="7086180075605" />
<exclusive-end id="1169" timestamp="2019-06-15T00:49:34.594" durationms="8.907" />

<exclusive-start id="1170" timestamp="2019-06-15T00:49:34.598" intervalms="13.276">
  <response-info timems="0.062" idlems="0.062" threads="0" lastid="000000000118C700" lastname="main" />
</exclusive-start>
<allocation-taxation id="1171" taxation-threshold="10485760" timestamp="2019-06-15T00:49:34.598" intervalms="13.278" />
<gc-start id="1172" type="global mark phase" contextid="1086" timestamp="2019-06-15T00:49:34.598">
  <mem-info id="1173" free="24117248" total="56623104" percent="42">
    <remembered-set count="39072" freebytes="2229504" totalbytes="2385792" percent="93" regionsoverflowed="0" regionsstable="1" regionsrebuilding="8"/>
  </mem-info>
</gc-start>
<gc-end id="1174" type="global mark phase" contextid="1086" durationms="0.088" usertimems="0.000" systemtimems="0.000" timestamp="2019-06-15T00:49:34.598" activeThreads="1">
  <mem-info id="1175" free="24117248" total="56623104" percent="42">
    <remembered-set count="39072" freebytes="2229504" totalbytes="2385792" percent="93" regionsoverflowed="0" regionsstable="1" regionsrebuilding="8"/>
  </mem-info>
</gc-end>
<concurrent-start id="1176" type="GMP work packet processing" contextid="1086" timestamp="2019-06-15T00:49:34.599">
  <concurrent-mark-start scanTarget="1048576" />
</concurrent-start>
<exclusive-end id="1177" timestamp="2019-06-15T00:49:34.599" durationms="0.602" />

<concurrent-end id="1178" type="GMP work packet processing" contextid="1086" timestamp="2019-06-15T00:49:34.600">
  <concurrent-mark-end bytesScanned="1064932" reasonForTermination="Work target met" />
</concurrent-end>

<exclusive-start id="1179" timestamp="2019-06-15T00:49:34.603" intervalms="5.044">
  <response-info timems="0.152" idlems="0.152" threads="0" lastid="000000000118C700" lastname="main" />
</exclusive-start>
<allocation-taxation id="1180" taxation-threshold="10485760" timestamp="2019-06-15T00:49:34.603" intervalms="5.023" />
<cycle-start id="1181" type="partial gc" contextid="0" timestamp="2019-06-15T00:49:34.603" intervalms="18.324" />
<gc-start id="1182" type="partial gc" contextid="1181" timestamp="2019-06-15T00:49:34.604">
  <mem-info id="1183" free="13631488" total="56623104" percent="24">
    <mem type="eden" free="1048552" total="22020096" percent="4" />
    <remembered-set count="41088" freebytes="2221440" totalbytes="2385792" percent="93" regionsoverflowed="0" regionsstable="1" regionsrebuilding="8"/>
  </mem-info>
</gc-start>
<allocation-stats totalBytes="20840064" >
  <allocated-bytes non-tlh="0" tlh="20840064" arrayletleaf="0"/>
  <largest-consumer threadName="main" threadId="000000000118C700" bytes="10420032" />
</allocation-stats>
<gc-op id="1184" type="copy forward" timems="3.385" contextid="1181" timestamp="2019-06-15T00:49:34.608">
  <memory-copied type="eden" objects="1" bytes="24" bytesdiscarded="0" />
  <memory-copied type="other" objects="0" bytes="0" bytesdiscarded="0" />
  <memory-cardclean objects="7547" bytes="357528" />
  <regions eden="20" other="1" />
  <remembered-set-cleared processed="38476" cleared="1378" durationms="0.361" />
  <stringconstants candidates="13760" cleared="0"  />
</gc-op>
<gc-op id="1185" type="classunload" timems="0.005" contextid="1181" timestamp="2019-06-15T00:49:34.608">
  <classunload-info classloadercandidates="54" classloadersunloaded="0" classesunloaded="0" anonymousclassesunloaded="0" quiescems="0.000" setupms="0.005" scanms="0.000" postms="0.000" />
</gc-op>
<gc-end id="1186" type="partial gc" contextid="1181" durationms="4.812" usertimems="8.000" systemtimems="4.000" timestamp="2019-06-15T00:49:34.608" activeThreads="4">
  <mem-info id="1187" free="34603008" total="56623104" percent="61">
    <mem type="eden" free="1048552" total="1048576" percent="99" />
    <remembered-set count="40096" freebytes="2099840" totalbytes="2260224" percent="92" regionsoverflowed="0" regionsstable="1" regionsrebuilding="8"/>
  </mem-info>
</gc-end>
<cycle-end id="1188" type="partial gc" contextid="1181" timestamp="2019-06-15T00:49:34.608" />
  <attribute name="elasticGC enabled" value="1" />
  <attribute name= "numThreadsSpecified" value="4" />
  <attribute name="heapSize specified" value="0" />
  <attribute name="Current GC Util" value="74" />
  <attribute name= "Current Time Running" value="11500" />
  <attribute name ="GC Interval" value="0" />
  <attribute name="ProportionalT" value="27.000000" />
  <attribute name="ProportionalI" value="27.000000" />
  <attribute name="ProportionalH" value="27.000000" />
  <attribute name="Current Error" value="54.000000" />
  <attribute name="IntegralT" value="54.000000" />
  <attribute name="IntegralI" value="54.000000" />
  <attribute name="IntegralH" value="54.000000" />
  <attribute name="DerivativeT" value="23.000000" />
  <attribute name="DerivativeI" value="23.000000" />
  <attribute name="DerivativeH" value="23.000000" />
  <attribute name="Loop Time for DT" value="1.000000" />
  <attribute name="Output H" value="8388608"/>
  <attribute name="Output I" value="200"/>
  <attribute name="Output T" value="4"/>
  <attribute name="Target GC Util Change" value ="20.000000" />
  <attribute name="Current GC Util Change" value="74.000000"/>
  <attribute name="GC Util currently" value="74" />
  <attribute name="CPU Util currently" value="8279062156385" />
<exclusive-end id="1189" timestamp="2019-06-15T00:49:34.609" durationms="5.532" />

<exclusive-start id="1190" timestamp="2019-06-15T00:49:34.613" intervalms="9.993">
  <response-info timems="0.225" idlems="0.225" threads="0" lastid="000000000118C700" lastname="main" />
</exclusive-start>
<allocation-taxation id="1191" taxation-threshold="10485760" timestamp="2019-06-15T00:49:34.613" intervalms="10.011" />
<gc-start id="1192" type="global mark phase" contextid="1086" timestamp="2019-06-15T00:49:34.613">
  <mem-info id="1193" free="24117248" total="56623104" percent="42">
    <remembered-set count="39904" freebytes="2100608" totalbytes="2260224" percent="92" regionsoverflowed="0" regionsstable="1" regionsrebuilding="8"/>
  </mem-info>
</gc-start>
<gc-end id="1194" type="global mark phase" contextid="1086" durationms="0.125" usertimems="0.000" systemtimems="0.000" timestamp="2019-06-15T00:49:34.614" activeThreads="4">
  <mem-info id="1195" free="24117248" total="56623104" percent="42">
    <remembered-set count="39904" freebytes="2100608" totalbytes="2260224" percent="92" regionsoverflowed="0" regionsstable="1" regionsrebuilding="8"/>
  </mem-info>
</gc-end>
<concurrent-start id="1196" type="GMP work packet processing" contextid="1086" timestamp="2019-06-15T00:49:34.614">
  <concurrent-mark-start scanTarget="2174483" />
</concurrent-start>
<exclusive-end id="1197" timestamp="2019-06-15T00:49:34.614" durationms="0.694" />

<concurrent-end id="1198" type="GMP work packet processing" contextid="1086" timestamp="2019-06-15T00:49:34.616">
  <concurrent-mark-end bytesScanned="2188508" reasonForTermination="Work target met" />
</concurrent-end>

<exclusive-start id="1199" timestamp="2019-06-15T00:49:34.618" intervalms="4.950">
  <response-info timems="0.098" idlems="0.098" threads="0" lastid="000000000118C700" lastname="main" />
</exclusive-start>
<allocation-taxation id="1200" taxation-threshold="10485760" timestamp="2019-06-15T00:49:34.618" intervalms="4.933" />
<cycle-start id="1201" type="partial gc" contextid="0" timestamp="2019-06-15T00:49:34.618" intervalms="14.979" />
<gc-start id="1202" type="partial gc" contextid="1201" timestamp="2019-06-15T00:49:34.619">
  <mem-info id="1203" free="13631488" total="56623104" percent="24">
    <mem type="eden" free="1048552" total="22020096" percent="4" />
    <remembered-set count="42144" freebytes="2091648" totalbytes="2260224" percent="92" regionsoverflowed="0" regionsstable="1" regionsrebuilding="8"/>
  </mem-info>
</gc-start>
<allocation-stats totalBytes="20840064" >
  <allocated-bytes non-tlh="0" tlh="20840064" arrayletleaf="0"/>
  <largest-consumer threadName="main" threadId="000000000118C700" bytes="10420032" />
</allocation-stats>
<gc-op id="1204" type="copy forward" timems="1.541" contextid="1201" timestamp="2019-06-15T00:49:34.621">
  <memory-copied type="eden" objects="1" bytes="24" bytesdiscarded="0" />
  <memory-copied type="other" objects="0" bytes="0" bytesdiscarded="0" />
  <memory-cardclean objects="10" bytes="424" />
  <regions eden="20" other="1" />
  <remembered-set-cleared processed="40796" cleared="7" durationms="0.336" />
  <stringconstants candidates="13760" cleared="0"  />
</gc-op>
<gc-op id="1205" type="classunload" timems="0.005" contextid="1201" timestamp="2019-06-15T00:49:34.621">
  <classunload-info classloadercandidates="54" classloadersunloaded="0" classesunloaded="0" anonymousclassesunloaded="0" quiescems="0.000" setupms="0.004" scanms="0.000" postms="0.000" />
</gc-op>
<gc-end id="1206" type="partial gc" contextid="1201" durationms="2.906" usertimems="0.000" systemtimems="4.000" timestamp="2019-06-15T00:49:34.621" activeThreads="1">
  <mem-info id="1207" free="34603008" total="56623104" percent="61">
    <mem type="eden" free="1048552" total="1048576" percent="99" />
    <remembered-set count="42656" freebytes="2089600" totalbytes="2260224" percent="92" regionsoverflowed="0" regionsstable="1" regionsrebuilding="8"/>
  </mem-info>
</gc-end>
<cycle-end id="1208" type="partial gc" contextid="1201" timestamp="2019-06-15T00:49:34.622" />
  <attribute name="elasticGC enabled" value="1" />
  <attribute name= "numThreadsSpecified" value="1" />
  <attribute name="heapSize specified" value="0" />
  <attribute name="Current GC Util" value="107" />
  <attribute name= "Current Time Running" value="11514" />
  <attribute name ="GC Interval" value="0" />
  <attribute name="ProportionalT" value="43.500000" />
  <attribute name="ProportionalI" value="43.500000" />
  <attribute name="ProportionalH" value="43.500000" />
  <attribute name="Current Error" value="87.000000" />
  <attribute name="IntegralT" value="0.000000" />
  <attribute name="IntegralI" value="0.000000" />
  <attribute name="IntegralH" value="0.000000" />
  <attribute name="DerivativeT" value="inf" />
  <attribute name="DerivativeI" value="inf" />
  <attribute name="DerivativeH" value="inf" />
  <attribute name="Loop Time for DT" value="0.000000" />
  <attribute name="Output H" value="8388608"/>
  <attribute name="Output I" value="200"/>
  <attribute name="Output T" value="1"/>
  <attribute name="Target GC Util Change" value ="20.000000" />
  <attribute name="Current GC Util Change" value="107.000000"/>
  <attribute name="GC Util currently" value="107" />
  <attribute name="CPU Util currently" value="12441386323617" />
<exclusive-end id="1209" timestamp="2019-06-15T00:49:34.622" durationms="3.686" />

<exclusive-start id="1210" timestamp="2019-06-15T00:49:34.626" intervalms="8.043">
  <response-info timems="0.125" idlems="0.125" threads="0" lastid="000000000118C700" lastname="main" />
</exclusive-start>
<allocation-taxation id="1211" taxation-threshold="10485760" timestamp="2019-06-15T00:49:34.626" intervalms="8.063" />
<gc-start id="1212" type="global mark phase" contextid="1086" timestamp="2019-06-15T00:49:34.626">
  <mem-info id="1213" free="24117248" total="56623104" percent="42">
    <remembered-set count="42176" freebytes="2091520" totalbytes="2260224" percent="92" regionsoverflowed="0" regionsstable="1" regionsrebuilding="8"/>
  </mem-info>
</gc-start>
<gc-end id="1214" type="global mark phase" contextid="1086" durationms="0.075" usertimems="0.000" systemtimems="0.000" timestamp="2019-06-15T00:49:34.626" activeThreads="1">
  <mem-info id="1215" free="24117248" total="56623104" percent="42">
    <remembered-set count="42176" freebytes="2091520" totalbytes="2260224" percent="92" regionsoverflowed="0" regionsstable="1" regionsrebuilding="8"/>
  </mem-info>
</gc-end>
<concurrent-start id="1216" type="GMP work packet processing" contextid="1086" timestamp="2019-06-15T00:49:34.627">
  <concurrent-mark-start scanTarget="1048576" />
</concurrent-start>
<exclusive-end id="1217" timestamp="2019-06-15T00:49:34.627" durationms="0.619" />

<concurrent-end id="1218" type="GMP work packet processing" contextid="1086" timestamp="2019-06-15T00:49:34.628">
  <concurrent-mark-end bytesScanned="1076672" reasonForTermination="Work target met" />
</concurrent-end>

<exclusive-start id="1219" timestamp="2019-06-15T00:49:34.701" intervalms="74.637">
  <response-info timems="0.071" idlems="0.071" threads="0" lastid="000000000118C700" lastname="main" />
</exclusive-start>
<allocation-taxation id="1220" taxation-threshold="10485760" timestamp="2019-06-15T00:49:34.701" intervalms="74.701" />
<cycle-start id="1221" type="partial gc" contextid="0" timestamp="2019-06-15T00:49:34.701" intervalms="82.759" />
<gc-start id="1222" type="partial gc" contextid="1221" timestamp="2019-06-15T00:49:34.701">
  <mem-info id="1223" free="13631488" total="56623104" percent="24">
    <mem type="eden" free="1048552" total="22020096" percent="4" />
    <remembered-set count="42688" freebytes="2089472" totalbytes="2260224" percent="92" regionsoverflowed="0" regionsstable="1" regionsrebuilding="8"/>
  </mem-info>
</gc-start>
<allocation-stats totalBytes="20903784" >
  <allocated-bytes non-tlh="0" tlh="20903784" arrayletleaf="0"/>
  <largest-consumer threadName="main" threadId="000000000118C700" bytes="10483752" />
</allocation-stats>
<gc-op id="1224" type="copy forward" timems="1.339" contextid="1221" timestamp="2019-06-15T00:49:34.704">
  <memory-copied type="eden" objects="156" bytes="5128" bytesdiscarded="0" />
  <memory-copied type="other" objects="0" bytes="0" bytesdiscarded="0" />
  <memory-cardclean objects="82" bytes="2552" />
  <regions eden="20" other="1" />
  <remembered-set-cleared processed="41366" cleared="32" durationms="0.357" />
  <stringconstants candidates="13760" cleared="0"  />
</gc-op>
<gc-op id="1225" type="classunload" timems="0.004" contextid="1221" timestamp="2019-06-15T00:49:34.704">
  <classunload-info classloadercandidates="54" classloadersunloaded="0" classesunloaded="0" anonymousclassesunloaded="0" quiescems="0.000" setupms="0.004" scanms="0.000" postms="0.000" />
</gc-op>
<gc-end id="1226" type="partial gc" contextid="1221" durationms="2.365" usertimems="4.000" systemtimems="0.000" timestamp="2019-06-15T00:49:34.704" activeThreads="1">
  <mem-info id="1227" free="34603008" total="56623104" percent="61">
    <mem type="eden" free="1043448" total="1048576" percent="99" />
    <remembered-set count="43104" freebytes="2087808" totalbytes="2260224" percent="92" regionsoverflowed="0" regionsstable="1" regionsrebuilding="8"/>
  </mem-info>
</gc-end>
<cycle-end id="1228" type="partial gc" contextid="1221" timestamp="2019-06-15T00:49:34.704" />
  <attribute name="elasticGC enabled" value="1" />
  <attribute name= "numThreadsSpecified" value="1" />
  <attribute name="heapSize specified" value="0" />
  <attribute name="Current GC Util" value="43" />
  <attribute name= "Current Time Running" value="11597" />
  <attribute name ="GC Interval" value="0" />
  <attribute name="ProportionalT" value="11.500000" />
  <attribute name="ProportionalI" value="11.500000" />
  <attribute name="ProportionalH" value="11.500000" />
  <attribute name="Current Error" value="23.000000" />
  <attribute name="IntegralT" value="0.000000" />
  <attribute name="IntegralI" value="0.000000" />
  <attribute name="IntegralH" value="0.000000" />
  <attribute name="DerivativeT" value="inf" />
  <attribute name="DerivativeI" value="inf" />
  <attribute name="DerivativeH" value="inf" />
  <attribute name="Loop Time for DT" value="0.000000" />
  <attribute name="Output H" value="8388608"/>
  <attribute name="Output I" value="200"/>
  <attribute name="Output T" value="1"/>
  <attribute name="Target GC Util Change" value ="20.000000" />
  <attribute name="Current GC Util Change" value="43.000000"/>
  <attribute name="GC Util currently" value="43" />
  <attribute name="CPU Util currently" value="16216404553820" />
<exclusive-end id="1229" timestamp="2019-06-15T00:49:34.704" durationms="3.356" />

<exclusive-start id="1230" timestamp="2019-06-15T00:49:34.735" intervalms="34.637">
  <response-info timems="0.102" idlems="0.102" threads="0" lastid="000000000118C700" lastname="main" />
</exclusive-start>
<allocation-taxation id="1231" taxation-threshold="10485760" timestamp="2019-06-15T00:49:34.736" intervalms="34.653" />
<gc-start id="1232" type="global mark phase" contextid="1086" timestamp="2019-06-15T00:49:34.736">
  <mem-info id="1233" free="24117248" total="56623104" percent="42">
    <remembered-set count="42688" freebytes="2089472" totalbytes="2260224" percent="92" regionsoverflowed="0" regionsstable="1" regionsrebuilding="8"/>
  </mem-info>
</gc-start>
<gc-end id="1234" type="global mark phase" contextid="1086" durationms="0.145" usertimems="0.000" systemtimems="0.000" timestamp="2019-06-15T00:49:34.736" activeThreads="1">
  <mem-info id="1235" free="24117248" total="56623104" percent="42">
    <remembered-set count="42688" freebytes="2089472" totalbytes="2260224" percent="92" regionsoverflowed="0" regionsstable="1" regionsrebuilding="8"/>
  </mem-info>
</gc-end>
<concurrent-start id="1236" type="GMP work packet processing" contextid="1086" timestamp="2019-06-15T00:49:34.736">
  <concurrent-mark-start scanTarget="1048576" />
</concurrent-start>
<concurrent-end id="1237" type="GMP work packet processing" contextid="1086" timestamp="2019-06-15T00:49:34.736">
  <concurrent-mark-end bytesScanned="375152" reasonForTermination="Completed all work in GC phase" />
</concurrent-end>

<exclusive-end id="1238" timestamp="2019-06-15T00:49:34.737" durationms="1.224" />

<exclusive-start id="1239" timestamp="2019-06-15T00:49:34.762" intervalms="26.786">
  <response-info timems="0.058" idlems="0.058" threads="0" lastid="000000000118C700" lastname="main" />
</exclusive-start>
<allocation-taxation id="1240" taxation-threshold="10485760" timestamp="2019-06-15T00:49:34.762" intervalms="26.780" />
<cycle-start id="1241" type="partial gc" contextid="0" timestamp="2019-06-15T00:49:34.763" intervalms="61.468" />
<gc-start id="1242" type="partial gc" contextid="1241" timestamp="2019-06-15T00:49:34.763">
  <mem-info id="1243" free="13631488" total="56623104" percent="24">
    <mem type="eden" free="0" total="20971520" percent="0" />
    <remembered-set count="42688" freebytes="2089472" totalbytes="2260224" percent="92" regionsoverflowed="0" regionsstable="1" regionsrebuilding="8"/>
  </mem-info>
</gc-start>
<allocation-stats totalBytes="20968384" >
  <allocated-bytes non-tlh="0" tlh="20968384" arrayletleaf="0"/>
  <largest-consumer threadName="main" threadId="000000000118C700" bytes="10484328" />
</allocation-stats>
<gc-op id="1244" type="copy forward" timems="3.722" contextid="1241" timestamp="2019-06-15T00:49:34.767">
  <memory-copied type="eden" objects="102" bytes="3312" bytesdiscarded="0" />
  <memory-copied type="other" objects="51" bytes="1704" bytesdiscarded="584" />
  <memory-cardclean objects="55" bytes="1968" />
  <regions eden="20" other="1" />
  <remembered-set-cleared processed="41409" cleared="70" durationms="0.260" />
  <stringconstants candidates="13760" cleared="0"  />
</gc-op>
<gc-op id="1245" type="classunload" timems="0.004" contextid="1241" timestamp="2019-06-15T00:49:34.768">
  <classunload-info classloadercandidates="54" classloadersunloaded="0" classesunloaded="0" anonymousclassesunloaded="0" quiescems="0.000" setupms="0.004" scanms="0.000" postms="0.000" />
</gc-op>
<heap-resize id="1246" type="contract" space="default" amount="3145728" count="1" timems="0.191" reason="insufficient time being spent in gc" timestamp="2019-06-15T00:49:34.768" />
<gc-end id="1247" type="partial gc" contextid="1241" durationms="5.306" usertimems="8.000" systemtimems="0.000" timestamp="2019-06-15T00:49:34.768" activeThreads="4">
  <mem-info id="1248" free="30408704" total="53477376" percent="56">
    <mem type="eden" free="1045264" total="1048576" percent="99" />
    <remembered-set count="43264" freebytes="2087168" totalbytes="2260224" percent="92" regionsoverflowed="0" regionsstable="1" regionsrebuilding="8"/>
  </mem-info>
</gc-end>
<cycle-end id="1249" type="partial gc" contextid="1241" timestamp="2019-06-15T00:49:34.768" />
  <attribute name="elasticGC enabled" value="1" />
  <attribute name= "numThreadsSpecified" value="4" />
  <attribute name="heapSize specified" value="0" />
  <attribute name="Current GC Util" value="40" />
  <attribute name= "Current Time Running" value="11659" />
  <attribute name ="GC Interval" value="0" />
  <attribute name="ProportionalT" value="10.000000" />
  <attribute name="ProportionalI" value="10.000000" />
  <attribute name="ProportionalH" value="10.000000" />
  <attribute name="Current Error" value="20.000000" />
  <attribute name="IntegralT" value="20.000000" />
  <attribute name="IntegralI" value="20.000000" />
  <attribute name="IntegralH" value="20.000000" />
  <attribute name="DerivativeT" value="10.000000" />
  <attribute name="DerivativeI" value="10.000000" />
  <attribute name="DerivativeH" value="10.000000" />
  <attribute name="Loop Time for DT" value="1.000000" />
  <attribute name="Output H" value="8388608"/>
  <attribute name="Output I" value="200"/>
  <attribute name="Output T" value="4"/>
  <attribute name="Target GC Util Change" value ="20.000000" />
  <attribute name="Current GC Util Change" value="40.000000"/>
  <attribute name="GC Util currently" value="40" />
  <attribute name="CPU Util currently" value="14779860564261" />
<exclusive-end id="1250" timestamp="2019-06-15T00:49:34.769" durationms="6.410" />

<exclusive-start id="1251" timestamp="2019-06-15T00:49:34.792" intervalms="29.425">
  <response-info timems="0.009" idlems="0.009" threads="0" lastid="000000000118C700" lastname="main" />
</exclusive-start>
<allocation-taxation id="1252" taxation-threshold="9437184" timestamp="2019-06-15T00:49:34.792" intervalms="29.375" />
<gc-start id="1253" type="global mark phase" contextid="1086" timestamp="2019-06-15T00:49:34.792">
  <mem-info id="1254" free="20971520" total="53477376" percent="39">
    <remembered-set count="42816" freebytes="2088960" totalbytes="2260224" percent="92" regionsoverflowed="0" regionsstable="1" regionsrebuilding="8"/>
  </mem-info>
</gc-start>
<gc-op id="1255" type="mark increment" timems="9.578" contextid="1086" timestamp="2019-06-15T00:49:34.802">
  <trace-info objectcount="158" scancount="158" scanbytes="349292" />
  <cardclean-info objects="360612" bytes="9137732" />
  <finalization candidates="80" enqueued="0" />
  <ownableSynchronizers candidates="21" cleared="0" />
  <references type="soft" candidates="4854" cleared="0" enqueued="0" dynamicThreshold="18" maxThreshold="32" />
  <references type="weak" candidates="5551" cleared="0" enqueued="0" />
  <references type="phantom" candidates="102" cleared="1" enqueued="1" />
  <stringconstants candidates="13760" cleared="0"  />
</gc-op>
<gc-op id="1256" type="classunload" timems="0.004" contextid="1086" timestamp="2019-06-15T00:49:34.802">
  <classunload-info classloadercandidates="54" classloadersunloaded="0" classesunloaded="0" anonymousclassesunloaded="0" quiescems="0.000" setupms="0.004" scanms="0.000" postms="0.000" />
</gc-op>
<gc-end id="1257" type="global mark phase" contextid="1086" durationms="10.002" usertimems="16.000" systemtimems="0.000" timestamp="2019-06-15T00:49:34.802" activeThreads="4">
  <mem-info id="1258" free="20971520" total="53477376" percent="39">
    <pending-finalizers system="0" default="0" reference="1" classloader="0" />
    <remembered-set count="50496" freebytes="2058240" totalbytes="2260224" percent="91" regionsoverflowed="0" regionsstable="1" regionsrebuilding="0"/>
  </mem-info>
</gc-end>
<cycle-end id="1259" type="global mark phase" contextid="1086" timestamp="2019-06-15T00:49:34.802" />
  <attribute name="elasticGC enabled" value="1" />
  <attribute name= "numThreadsSpecified" value="4" />
  <attribute name="heapSize specified" value="0" />
  <attribute name="Current GC Util" value="63" />
  <attribute name= "Current Time Running" value="11695" />
  <attribute name ="GC Interval" value="0" />
  <attribute name="ProportionalT" value="21.500000" />
  <attribute name="ProportionalI" value="21.500000" />
  <attribute name="ProportionalH" value="21.500000" />
  <attribute name="Current Error" value="43.000000" />
  <attribute name="IntegralT" value="0.000000" />
  <attribute name="IntegralI" value="0.000000" />
  <attribute name="IntegralH" value="0.000000" />
  <attribute name="DerivativeT" value="-inf" />
  <attribute name="DerivativeI" value="-inf" />
  <attribute name="DerivativeH" value="-inf" />
  <attribute name="Loop Time for DT" value="0.000000" />
  <attribute name="Output H" value="2091843584"/>
  <attribute name="Output I" value="200"/>
  <attribute name="Output T" value="4"/>
  <attribute name="Target GC Util Change" value ="20.000000" />
  <attribute name="Current GC Util Change" value="63.000000"/>
  <attribute name="GC Util currently" value="63" />
  <attribute name="CPU Util currently" value="13750752115351" />
<exclusive-end id="1260" timestamp="2019-06-15T00:49:34.802" durationms="10.582" />

<exclusive-start id="1261" timestamp="2019-06-15T00:49:34.857" intervalms="65.290">
  <response-info timems="0.064" idlems="0.064" threads="0" lastid="000000000118C700" lastname="main" />
</exclusive-start>
<allocation-taxation id="1262" taxation-threshold="9437184" timestamp="2019-06-15T00:49:34.857" intervalms="65.341" />
<cycle-start id="1263" type="partial gc" contextid="0" timestamp="2019-06-15T00:49:34.857" intervalms="94.691" />
<gc-start id="1264" type="partial gc" contextid="1263" timestamp="2019-06-15T00:49:34.858">
  <mem-info id="1265" free="11534336" total="53477376" percent="21">
    <mem type="eden" free="1045264" total="19922944" percent="5" />
    <remembered-set count="32192" freebytes="2131456" totalbytes="2260224" percent="94" regionsoverflowed="0" regionsstable="9" regionsrebuilding="0"/>
  </mem-info>
</gc-start>
<allocation-stats totalBytes="18871424" >
  <allocated-bytes non-tlh="0" tlh="18871424" arrayletleaf="0"/>
  <largest-consumer threadName="main" threadId="000000000118C700" bytes="9435688" />
</allocation-stats>
<gc-op id="1266" type="sweep" timems="0.778" contextid="1263" timestamp="2019-06-15T00:49:34.859" />
<gc-op id="1267" type="copy forward" timems="3.610" contextid="1263" timestamp="2019-06-15T00:49:34.863">
  <memory-copied type="eden" objects="330" bytes="10752" bytesdiscarded="800" />
  <memory-copied type="other" objects="0" bytes="0" bytesdiscarded="0" />
  <memory-cardclean objects="63144" bytes="2141960" />
  <regions eden="9" other="1" />
  <remembered-set-cleared processed="25589" cleared="2594" durationms="0.220" />
  <references type="weak" candidates="39" cleared="0" enqueued="0" />
  <stringconstants candidates="13760" cleared="0"  />
</gc-op>
<gc-op id="1268" type="classunload" timems="0.005" contextid="1263" timestamp="2019-06-15T00:49:34.863">
  <classunload-info classloadercandidates="54" classloadersunloaded="0" classesunloaded="0" anonymousclassesunloaded="0" quiescems="0.000" setupms="0.005" scanms="0.000" postms="0.000" />
</gc-op>
<heap-resize id="1269" type="expand" space="default" amount="4194304" count="1" timems="0.073" reason="excessive time being spent in gc" timestamp="2019-06-15T00:49:34.864" />
<gc-end id="1270" type="partial gc" contextid="1263" durationms="6.207" usertimems="8.000" systemtimems="0.000" timestamp="2019-06-15T00:49:34.864" activeThreads="4">
  <mem-info id="1271" free="34603008" total="57671680" percent="60">
    <mem type="eden" free="1036976" total="1048576" percent="98" />
    <remembered-set count="32576" freebytes="2171776" totalbytes="2302080" percent="94" regionsoverflowed="0" regionsstable="9" regionsrebuilding="0"/>
  </mem-info>
</gc-end>
<cycle-end id="1272" type="partial gc" contextid="1263" timestamp="2019-06-15T00:49:34.864" />
  <attribute name="elasticGC enabled" value="1" />
  <attribute name= "numThreadsSpecified" value="4" />
  <attribute name="heapSize specified" value="0" />
  <attribute name="Current GC Util" value="33" />
  <attribute name= "Current Time Running" value="11754" />
  <attribute name ="GC Interval" value="0" />
  <attribute name="ProportionalT" value="6.500000" />
  <attribute name="ProportionalI" value="6.500000" />
  <attribute name="ProportionalH" value="6.500000" />
  <attribute name="Current Error" value="13.000000" />
  <attribute name="IntegralT" value="0.000000" />
  <attribute name="IntegralI" value="0.000000" />
  <attribute name="IntegralH" value="0.000000" />
  <attribute name="DerivativeT" value="-inf" />
  <attribute name="DerivativeI" value="-inf" />
  <attribute name="DerivativeH" value="-inf" />
  <attribute name="Loop Time for DT" value="0.000000" />
  <attribute name="Output H" value="2091843584"/>
  <attribute name="Output I" value="200"/>
  <attribute name="Output T" value="4"/>
  <attribute name="Target GC Util Change" value ="20.000000" />
  <attribute name="Current GC Util Change" value="33.000000"/>
  <attribute name="GC Util currently" value="33" />
  <attribute name="CPU Util currently" value="10627816706031" />
<exclusive-end id="1273" timestamp="2019-06-15T00:49:34.864" durationms="7.252" />

<exclusive-start id="1274" timestamp="2019-06-15T00:49:34.895" intervalms="38.012">
  <response-info timems="0.073" idlems="0.073" threads="0" lastid="000000000118C700" lastname="main" />
</exclusive-start>
<allocation-taxation id="1275" taxation-threshold="10485760" timestamp="2019-06-15T00:49:34.895" intervalms="37.993" />
<cycle-start id="1276" type="global mark phase" contextid="0" timestamp="2019-06-15T00:49:34.895" intervalms="391.013" />
<gc-start id="1277" type="global mark phase" contextid="1276" timestamp="2019-06-15T00:49:34.895">
  <mem-info id="1278" free="24117248" total="57671680" percent="41">
    <remembered-set count="32544" freebytes="2171904" totalbytes="2302080" percent="94" regionsoverflowed="0" regionsstable="9" regionsrebuilding="0"/>
  </mem-info>
</gc-start>
<gc-op id="1279" type="mark increment" timems="0.548" contextid="1276" timestamp="2019-06-15T00:49:34.896">
  <trace-info objectcount="197" scancount="0" scanbytes="0" />
</gc-op>
<gc-end id="1280" type="global mark phase" contextid="1276" durationms="0.788" usertimems="0.000" systemtimems="0.000" timestamp="2019-06-15T00:49:34.896" activeThreads="4">
  <mem-info id="1281" free="24117248" total="57671680" percent="41">
    <remembered-set count="32544" freebytes="2171904" totalbytes="2302080" percent="94" regionsoverflowed="0" regionsstable="0" regionsrebuilding="9"/>
  </mem-info>
</gc-end>
<concurrent-start id="1282" type="GMP work packet processing" contextid="1276" timestamp="2019-06-15T00:49:34.896">
  <concurrent-mark-start scanTarget="1787184" />
</concurrent-start>
<exclusive-end id="1283" timestamp="2019-06-15T00:49:34.900" durationms="4.757" />

<concurrent-end id="1284" type="GMP work packet processing" contextid="1276" timestamp="2019-06-15T00:49:34.900">
  <concurrent-mark-end bytesScanned="1788984" reasonForTermination="Work target met" />
</concurrent-end>

<exclusive-start id="1285" timestamp="2019-06-15T00:49:34.921" intervalms="26.195">
  <response-info timems="0.115" idlems="0.115" threads="0" lastid="000000000118C700" lastname="main" />
</exclusive-start>
<allocation-taxation id="1286" taxation-threshold="10485760" timestamp="2019-06-15T00:49:34.921" intervalms="26.154" />
<cycle-start id="1287" type="partial gc" contextid="0" timestamp="2019-06-15T00:49:34.921" intervalms="64.230" />
<gc-start id="1288" type="partial gc" contextid="1287" timestamp="2019-06-15T00:49:34.922">
  <mem-info id="1289" free="13631488" total="57671680" percent="23">
    <mem type="eden" free="0" total="20971520" percent="0" />
    <remembered-set count="34592" freebytes="2163712" totalbytes="2302080" percent="93" regionsoverflowed="0" regionsstable="0" regionsrebuilding="9"/>
  </mem-info>
</gc-start>
<allocation-stats totalBytes="20968760" >
  <allocated-bytes non-tlh="0" tlh="20968760" arrayletleaf="0"/>
  <largest-consumer threadName="main" threadId="000000000118C700" bytes="10484496" />
</allocation-stats>
<gc-op id="1290" type="copy forward" timems="6.325" contextid="1287" timestamp="2019-06-15T00:49:34.929">
  <memory-copied type="eden" objects="122" bytes="3776" bytesdiscarded="0" />
  <memory-copied type="other" objects="54240" bytes="1399664" bytesdiscarded="8" />
  <memory-cardclean objects="7757" bytes="476416" />
  <regions eden="20" other="4" />
  <remembered-set-cleared processed="32801" cleared="3094" durationms="0.329" />
  <finalization candidates="1" enqueued="0" />
  <references type="soft" candidates="72" cleared="0" enqueued="0" dynamicThreshold="13" maxThreshold="32" />
  <references type="weak" candidates="122" cleared="0" enqueued="0" />
  <stringconstants candidates="13760" cleared="0"  />
</gc-op>
<gc-op id="1291" type="classunload" timems="0.004" contextid="1287" timestamp="2019-06-15T00:49:34.929">
  <classunload-info classloadercandidates="54" classloadersunloaded="0" classesunloaded="0" anonymousclassesunloaded="0" quiescems="0.000" setupms="0.004" scanms="0.000" postms="0.000" />
</gc-op>
<heap-resize id="1292" type="expand" space="default" amount="3145728" count="1" timems="0.060" reason="excessive time being spent in gc" timestamp="2019-06-15T00:49:34.929" />
<gc-end id="1293" type="partial gc" contextid="1287" durationms="7.712" usertimems="8.000" systemtimems="0.000" timestamp="2019-06-15T00:49:34.929" activeThreads="1">
  <mem-info id="1294" free="36700160" total="60817408" percent="60">
    <mem type="eden" free="1044800" total="1048576" percent="99" />
    <remembered-set count="35840" freebytes="2284288" totalbytes="2427648" percent="94" regionsoverflowed="0" regionsstable="0" regionsrebuilding="9"/>
  </mem-info>
</gc-end>
<cycle-end id="1295" type="partial gc" contextid="1287" timestamp="2019-06-15T00:49:34.930" />
  <attribute name="elasticGC enabled" value="1" />
  <attribute name= "numThreadsSpecified" value="1" />
  <attribute name="heapSize specified" value="0" />
  <attribute name="Current GC Util" value="44" />
  <attribute name= "Current Time Running" value="11817" />
  <attribute name ="GC Interval" value="0" />
  <attribute name="ProportionalT" value="12.000000" />
  <attribute name="ProportionalI" value="12.000000" />
  <attribute name="ProportionalH" value="12.000000" />
  <attribute name="Current Error" value="24.000000" />
  <attribute name="IntegralT" value="0.000000" />
  <attribute name="IntegralI" value="0.000000" />
  <attribute name="IntegralH" value="0.000000" />
  <attribute name="DerivativeT" value="inf" />
  <attribute name="DerivativeI" value="inf" />
  <attribute name="DerivativeH" value="inf" />
  <attribute name="Loop Time for DT" value="0.000000" />
  <attribute name="Output H" value="8388608"/>
  <attribute name="Output I" value="200"/>
  <attribute name="Output T" value="1"/>
  <attribute name="Target GC Util Change" value ="20.000000" />
  <attribute name="Current GC Util Change" value="44.000000"/>
  <attribute name="GC Util currently" value="44" />
  <attribute name="CPU Util currently" value="18859618740497" />
<exclusive-end id="1296" timestamp="2019-06-15T00:49:34.930" durationms="8.851" />

<exclusive-start id="1297" timestamp="2019-06-15T00:49:34.949" intervalms="27.805">
  <response-info timems="0.061" idlems="0.061" threads="0" lastid="000000000118C700" lastname="main" />
</exclusive-start>
<allocation-taxation id="1298" taxation-threshold="10485760" timestamp="2019-06-15T00:49:34.949" intervalms="27.837" />
<gc-start id="1299" type="global mark phase" contextid="1276" timestamp="2019-06-15T00:49:34.949">
  <mem-info id="1300" free="26214400" total="60817408" percent="43">
    <remembered-set count="34784" freebytes="2288512" totalbytes="2427648" percent="94" regionsoverflowed="0" regionsstable="1" regionsrebuilding="9"/>
  </mem-info>
</gc-start>
<gc-end id="1301" type="global mark phase" contextid="1276" durationms="0.222" usertimems="0.000" systemtimems="0.000" timestamp="2019-06-15T00:49:34.949" activeThreads="1">
  <mem-info id="1302" free="26214400" total="60817408" percent="43">
    <remembered-set count="34784" freebytes="2288512" totalbytes="2427648" percent="94" regionsoverflowed="0" regionsstable="1" regionsrebuilding="9"/>
  </mem-info>
</gc-end>
<concurrent-start id="1303" type="GMP work packet processing" contextid="1276" timestamp="2019-06-15T00:49:34.950">
  <concurrent-mark-start scanTarget="1048576" />
</concurrent-start>
<exclusive-end id="1304" timestamp="2019-06-15T00:49:34.950" durationms="1.110" />

<concurrent-end id="1305" type="GMP work packet processing" contextid="1276" timestamp="2019-06-15T00:49:34.952">
  <concurrent-mark-end bytesScanned="1082992" reasonForTermination="Work target met" />
</concurrent-end>

<exclusive-start id="1306" timestamp="2019-06-15T00:49:34.971" intervalms="22.110">
  <response-info timems="0.080" idlems="0.080" threads="0" lastid="000000000118C700" lastname="main" />
</exclusive-start>
<allocation-taxation id="1307" taxation-threshold="10485760" timestamp="2019-06-15T00:49:34.971" intervalms="22.105" />
<cycle-start id="1308" type="partial gc" contextid="0" timestamp="2019-06-15T00:49:34.971" intervalms="49.907" />
<gc-start id="1309" type="partial gc" contextid="1308" timestamp="2019-06-15T00:49:34.972">
  <mem-info id="1310" free="15728640" total="60817408" percent="25">
    <mem type="eden" free="1044800" total="22020096" percent="4" />
    <remembered-set count="39584" freebytes="2269312" totalbytes="2427648" percent="93" regionsoverflowed="0" regionsstable="1" regionsrebuilding="9"/>
  </mem-info>
</gc-start>
<allocation-stats totalBytes="20968680" >
  <allocated-bytes non-tlh="0" tlh="20968680" arrayletleaf="0"/>
  <largest-consumer threadName="main" threadId="000000000118C700" bytes="10484384" />
</allocation-stats>
<gc-op id="1311" type="copy forward" timems="7.092" contextid="1308" timestamp="2019-06-15T00:49:34.980">
  <memory-copied type="eden" objects="118" bytes="3576" bytesdiscarded="696" />
  <memory-copied type="other" objects="39" bytes="1208" bytesdiscarded="0" />
  <memory-cardclean objects="80" bytes="2600" />
  <regions eden="20" other="2" />
  <remembered-set-cleared processed="37731" cleared="77" durationms="0.221" />
  <stringconstants candidates="13760" cleared="0"  />
</gc-op>
<gc-op id="1312" type="classunload" timems="0.004" contextid="1308" timestamp="2019-06-15T00:49:34.980">
  <classunload-info classloadercandidates="54" classloadersunloaded="0" classesunloaded="0" anonymousclassesunloaded="0" quiescems="0.000" setupms="0.004" scanms="0.000" postms="0.000" />
</gc-op>
<gc-end id="1313" type="partial gc" contextid="1308" durationms="8.559" usertimems="8.000" systemtimems="0.000" timestamp="2019-06-15T00:49:34.980" activeThreads="4">
  <mem-info id="1314" free="36700160" total="60817408" percent="60">
    <mem type="eden" free="1044304" total="1048576" percent="99" />
    <remembered-set count="40064" freebytes="2267392" totalbytes="2427648" percent="93" regionsoverflowed="0" regionsstable="1" regionsrebuilding="9"/>
  </mem-info>
</gc-end>
<cycle-end id="1315" type="partial gc" contextid="1308" timestamp="2019-06-15T00:49:34.980" />
  <attribute name="elasticGC enabled" value="1" />
  <attribute name= "numThreadsSpecified" value="4" />
  <attribute name="heapSize specified" value="0" />
  <attribute name="Current GC Util" value="0" />
  <attribute name= "Current Time Running" value="11868" />
  <attribute name ="GC Interval" value="0" />
  <attribute name="ProportionalT" value="-10.000000" />
  <attribute name="ProportionalI" value="-10.000000" />
  <attribute name="ProportionalH" value="-10.000000" />
  <attribute name="Current Error" value="-20.000000" />
  <attribute name="IntegralT" value="-20.000000" />
  <attribute name="IntegralI" value="-20.000000" />
  <attribute name="IntegralH" value="-20.000000" />
  <attribute name="DerivativeT" value="-10.000000" />
  <attribute name="DerivativeI" value="-10.000000" />
  <attribute name="DerivativeH" value="-10.000000" />
  <attribute name="Loop Time for DT" value="1.000000" />
  <attribute name="Output H" value="2091843584"/>
  <attribute name="Output I" value="200"/>
  <attribute name="Output T" value="4"/>
  <attribute name="Target GC Util Change" value ="20.000000" />
  <attribute name="Current GC Util Change" value="0.000000"/>
  <attribute name="GC Util currently" value="0" />
  <attribute name="CPU Util currently" value="8919623136643" />
<exclusive-end id="1316" timestamp="2019-06-15T00:49:34.981" durationms="9.684" />

<exclusive-start id="1317" timestamp="2019-06-15T00:49:34.999" intervalms="28.366">
  <response-info timems="0.055" idlems="0.055" threads="0" lastid="000000000118C700" lastname="main" />
</exclusive-start>
<allocation-taxation id="1318" taxation-threshold="10485760" timestamp="2019-06-15T00:49:35.000" intervalms="28.331" />
<gc-start id="1319" type="global mark phase" contextid="1276" timestamp="2019-06-15T00:49:35.000">
  <mem-info id="1320" free="26214400" total="60817408" percent="43">
    <remembered-set count="39776" freebytes="2268544" totalbytes="2427648" percent="93" regionsoverflowed="0" regionsstable="1" regionsrebuilding="9"/>
  </mem-info>
</gc-start>
<gc-end id="1321" type="global mark phase" contextid="1276" durationms="0.153" usertimems="0.000" systemtimems="0.000" timestamp="2019-06-15T00:49:35.000" activeThreads="4">
  <mem-info id="1322" free="26214400" total="60817408" percent="43">
    <remembered-set count="39776" freebytes="2268544" totalbytes="2427648" percent="93" regionsoverflowed="0" regionsstable="1" regionsrebuilding="9"/>
  </mem-info>
</gc-end>
<concurrent-start id="1323" type="GMP work packet processing" contextid="1276" timestamp="2019-06-15T00:49:35.000">
  <concurrent-mark-start scanTarget="1787184" />
</concurrent-start>
<exclusive-end id="1324" timestamp="2019-06-15T00:49:35.000" durationms="1.016" />

<concurrent-end id="1325" type="GMP work packet processing" contextid="1276" timestamp="2019-06-15T00:49:35.002">
  <concurrent-mark-end bytesScanned="1806956" reasonForTermination="Work target met" />
</concurrent-end>

<exclusive-start id="1326" timestamp="2019-06-15T00:49:35.014" intervalms="14.322">
  <response-info timems="0.053" idlems="0.053" threads="0" lastid="000000000118C700" lastname="main" />
</exclusive-start>
<allocation-taxation id="1327" taxation-threshold="10485760" timestamp="2019-06-15T00:49:35.014" intervalms="14.318" />
<cycle-start id="1328" type="partial gc" contextid="0" timestamp="2019-06-15T00:49:35.014" intervalms="42.640" />
<gc-start id="1329" type="partial gc" contextid="1328" timestamp="2019-06-15T00:49:35.014">
  <mem-info id="1330" free="15728640" total="60817408" percent="25">
    <mem type="eden" free="1044304" total="22020096" percent="4" />
    <remembered-set count="41312" freebytes="2262400" totalbytes="2427648" percent="93" regionsoverflowed="0" regionsstable="1" regionsrebuilding="9"/>
  </mem-info>
</gc-start>
<allocation-stats totalBytes="20960008" >
  <allocated-bytes non-tlh="0" tlh="20960008" arrayletleaf="0"/>
  <largest-consumer threadName="main" threadId="000000000118C700" bytes="10476384" />
</allocation-stats>
<gc-op id="1331" type="copy forward" timems="1.625" contextid="1328" timestamp="2019-06-15T00:49:35.017">
  <memory-copied type="eden" objects="136" bytes="4312" bytesdiscarded="0" />
  <memory-copied type="other" objects="0" bytes="0" bytesdiscarded="0" />
  <memory-cardclean objects="56" bytes="2240" />
  <regions eden="20" other="1" />
  <remembered-set-cleared processed="38926" cleared="62" durationms="0.319" />
  <stringconstants candidates="13760" cleared="0"  />
</gc-op>
<gc-op id="1332" type="classunload" timems="0.003" contextid="1328" timestamp="2019-06-15T00:49:35.017">
  <classunload-info classloadercandidates="54" classloadersunloaded="0" classesunloaded="0" anonymousclassesunloaded="0" quiescems="0.000" setupms="0.003" scanms="0.000" postms="0.000" />
</gc-op>
<gc-end id="1333" type="partial gc" contextid="1328" durationms="3.108" usertimems="4.000" systemtimems="0.000" timestamp="2019-06-15T00:49:35.017" activeThreads="1">
  <mem-info id="1334" free="36700160" total="60817408" percent="60">
    <mem type="eden" free="1044264" total="1048576" percent="99" />
    <remembered-set count="41696" freebytes="2260864" totalbytes="2427648" percent="93" regionsoverflowed="0" regionsstable="1" regionsrebuilding="9"/>
  </mem-info>
</gc-end>
<cycle-end id="1335" type="partial gc" contextid="1328" timestamp="2019-06-15T00:49:35.018" />
  <attribute name="elasticGC enabled" value="1" />
  <attribute name= "numThreadsSpecified" value="1" />
  <attribute name="heapSize specified" value="0" />
  <attribute name="Current GC Util" value="86" />
  <attribute name= "Current Time Running" value="11910" />
  <attribute name ="GC Interval" value="0" />
  <attribute name="ProportionalT" value="33.000000" />
  <attribute name="ProportionalI" value="33.000000" />
  <attribute name="ProportionalH" value="33.000000" />
  <attribute name="Current Error" value="66.000000" />
  <attribute name="IntegralT" value="0.000000" />
  <attribute name="IntegralI" value="0.000000" />
  <attribute name="IntegralH" value="0.000000" />
  <attribute name="DerivativeT" value="inf" />
  <attribute name="DerivativeI" value="inf" />
  <attribute name="DerivativeH" value="inf" />
  <attribute name="Loop Time for DT" value="0.000000" />
  <attribute name="Output H" value="8388608"/>
  <attribute name="Output I" value="200"/>
  <attribute name="Output T" value="1"/>
  <attribute name="Target GC Util Change" value ="20.000000" />
  <attribute name="Current GC Util Change" value="86.000000"/>
  <attribute name="GC Util currently" value="86" />
  <attribute name="CPU Util currently" value="6673833940268" />
<exclusive-end id="1336" timestamp="2019-06-15T00:49:35.018" durationms="4.030" />

<exclusive-start id="1337" timestamp="2019-06-15T00:49:35.029" intervalms="15.567">
  <response-info timems="0.058" idlems="0.058" threads="0" lastid="000000000118C700" lastname="main" />
</exclusive-start>
<allocation-taxation id="1338" taxation-threshold="10485760" timestamp="2019-06-15T00:49:35.029" intervalms="15.586" />
<gc-start id="1339" type="global mark phase" contextid="1276" timestamp="2019-06-15T00:49:35.030">
  <mem-info id="1340" free="26214400" total="60817408" percent="43">
    <remembered-set count="41280" freebytes="2262528" totalbytes="2427648" percent="93" regionsoverflowed="0" regionsstable="1" regionsrebuilding="9"/>
  </mem-info>
</gc-start>
<gc-end id="1341" type="global mark phase" contextid="1276" durationms="0.150" usertimems="0.000" systemtimems="0.000" timestamp="2019-06-15T00:49:35.030" activeThreads="1">
  <mem-info id="1342" free="26214400" total="60817408" percent="43">
    <remembered-set count="41280" freebytes="2262528" totalbytes="2427648" percent="93" regionsoverflowed="0" regionsstable="1" regionsrebuilding="9"/>
  </mem-info>
</gc-end>
<concurrent-start id="1343" type="GMP work packet processing" contextid="1276" timestamp="2019-06-15T00:49:35.030">
  <concurrent-mark-start scanTarget="1048576" />
</concurrent-start>
<exclusive-end id="1344" timestamp="2019-06-15T00:49:35.030" durationms="0.828" />

<concurrent-end id="1345" type="GMP work packet processing" contextid="1276" timestamp="2019-06-15T00:49:35.032">
  <concurrent-mark-end bytesScanned="1074424" reasonForTermination="Work target met" />
</concurrent-end>

<exclusive-start id="1346" timestamp="2019-06-15T00:49:35.043" intervalms="13.528">
  <response-info timems="0.052" idlems="0.052" threads="0" lastid="000000000118C700" lastname="main" />
</exclusive-start>
<allocation-taxation id="1347" taxation-threshold="10485760" timestamp="2019-06-15T00:49:35.043" intervalms="13.541" />
<cycle-start id="1348" type="partial gc" contextid="0" timestamp="2019-06-15T00:49:35.043" intervalms="29.152" />
<gc-start id="1349" type="partial gc" contextid="1348" timestamp="2019-06-15T00:49:35.043">
  <mem-info id="1350" free="15728640" total="60817408" percent="25">
    <mem type="eden" free="0" total="20971520" percent="0" />
    <remembered-set count="41824" freebytes="2260352" totalbytes="2427648" percent="93" regionsoverflowed="0" regionsstable="1" regionsrebuilding="9"/>
  </mem-info>
</gc-start>
<allocation-stats totalBytes="20960664" >
  <allocated-bytes non-tlh="0" tlh="20960664" arrayletleaf="0"/>
  <largest-consumer threadName="main" threadId="000000000118C700" bytes="10480424" />
</allocation-stats>
<gc-op id="1351" type="copy forward" timems="1.653" contextid="1348" timestamp="2019-06-15T00:49:35.046">
  <memory-copied type="eden" objects="7" bytes="704" bytesdiscarded="0" />
  <memory-copied type="other" objects="131" bytes="4032" bytesdiscarded="0" />
  <memory-cardclean objects="36" bytes="1568" />
  <regions eden="20" other="1" />
  <remembered-set-cleared processed="39857" cleared="48" durationms="0.323" />
  <stringconstants candidates="13760" cleared="0"  />
</gc-op>
<gc-op id="1352" type="classunload" timems="0.004" contextid="1348" timestamp="2019-06-15T00:49:35.046">
  <classunload-info classloadercandidates="54" classloadersunloaded="0" classesunloaded="0" anonymousclassesunloaded="0" quiescems="0.000" setupms="0.003" scanms="0.000" postms="0.000" />
</gc-op>
<gc-end id="1353" type="partial gc" contextid="1348" durationms="3.094" usertimems="0.000" systemtimems="0.000" timestamp="2019-06-15T00:49:35.047" activeThreads="1">
  <mem-info id="1354" free="35651584" total="60817408" percent="58">
    <mem type="eden" free="1047872" total="1048576" percent="99" />
    <remembered-set count="42240" freebytes="2258688" totalbytes="2427648" percent="93" regionsoverflowed="0" regionsstable="1" regionsrebuilding="9"/>
  </mem-info>
</gc-end>
<cycle-end id="1355" type="partial gc" contextid="1348" timestamp="2019-06-15T00:49:35.047" />
  <attribute name="elasticGC enabled" value="1" />
  <attribute name= "numThreadsSpecified" value="1" />
  <attribute name="heapSize specified" value="0" />
  <attribute name="Current GC Util" value="110" />
  <attribute name= "Current Time Running" value="11939" />
  <attribute name ="GC Interval" value="0" />
  <attribute name="ProportionalT" value="45.000000" />
  <attribute name="ProportionalI" value="45.000000" />
  <attribute name="ProportionalH" value="45.000000" />
  <attribute name="Current Error" value="90.000000" />
  <attribute name="IntegralT" value="0.000000" />
  <attribute name="IntegralI" value="0.000000" />
  <attribute name="IntegralH" value="0.000000" />
  <attribute name="DerivativeT" value="inf" />
  <attribute name="DerivativeI" value="inf" />
  <attribute name="DerivativeH" value="inf" />
  <attribute name="Loop Time for DT" value="0.000000" />
  <attribute name="Output H" value="8388608"/>
  <attribute name="Output I" value="200"/>
  <attribute name="Output T" value="1"/>
  <attribute name="Target GC Util Change" value ="20.000000" />
  <attribute name="Current GC Util Change" value="110.000000"/>
  <attribute name="GC Util currently" value="110" />
  <attribute name="CPU Util currently" value="8540807711162" />
<exclusive-end id="1356" timestamp="2019-06-15T00:49:35.047" durationms="4.052" />

<exclusive-start id="1357" timestamp="2019-06-15T00:49:35.056" intervalms="13.653">
  <response-info timems="0.075" idlems="0.075" threads="0" lastid="000000000118C700" lastname="main" />
</exclusive-start>
<allocation-taxation id="1358" taxation-threshold="10485760" timestamp="2019-06-15T00:49:35.057" intervalms="13.621" />
<gc-start id="1359" type="global mark phase" contextid="1276" timestamp="2019-06-15T00:49:35.057">
  <mem-info id="1360" free="25165824" total="60817408" percent="41">
    <remembered-set count="41856" freebytes="2260224" totalbytes="2427648" percent="93" regionsoverflowed="0" regionsstable="1" regionsrebuilding="9"/>
  </mem-info>
</gc-start>
<gc-end id="1361" type="global mark phase" contextid="1276" durationms="0.149" usertimems="0.000" systemtimems="0.000" timestamp="2019-06-15T00:49:35.057" activeThreads="1">
  <mem-info id="1362" free="25165824" total="60817408" percent="41">
    <remembered-set count="41856" freebytes="2260224" totalbytes="2427648" percent="93" regionsoverflowed="0" regionsstable="1" regionsrebuilding="9"/>
  </mem-info>
</gc-end>
<concurrent-start id="1363" type="GMP work packet processing" contextid="1276" timestamp="2019-06-15T00:49:35.057">
  <concurrent-mark-start scanTarget="1048576" />
</concurrent-start>
<exclusive-end id="1364" timestamp="2019-06-15T00:49:35.057" durationms="0.749" />

<concurrent-end id="1365" type="GMP work packet processing" contextid="1276" timestamp="2019-06-15T00:49:35.059">
  <concurrent-mark-end bytesScanned="1074816" reasonForTermination="Work target met" />
</concurrent-end>

<exclusive-start id="1366" timestamp="2019-06-15T00:49:35.068" intervalms="11.275">
  <response-info timems="0.099" idlems="0.099" threads="0" lastid="000000000118C700" lastname="main" />
</exclusive-start>
<allocation-taxation id="1367" taxation-threshold="10485760" timestamp="2019-06-15T00:49:35.068" intervalms="11.301" />
<cycle-start id="1368" type="partial gc" contextid="0" timestamp="2019-06-15T00:49:35.068" intervalms="24.930" />
<gc-start id="1369" type="partial gc" contextid="1368" timestamp="2019-06-15T00:49:35.068">
  <mem-info id="1370" free="14680064" total="60817408" percent="24">
    <mem type="eden" free="1047872" total="22020096" percent="4" />
    <remembered-set count="42368" freebytes="2258176" totalbytes="2427648" percent="93" regionsoverflowed="0" regionsstable="1" regionsrebuilding="9"/>
  </mem-info>
</gc-start>
<allocation-stats totalBytes="20960120" >
  <allocated-bytes non-tlh="0" tlh="20960120" arrayletleaf="0"/>
  <largest-consumer threadName="main" threadId="000000000118C700" bytes="10480336" />
</allocation-stats>
<gc-op id="1371" type="copy forward" timems="5.994" contextid="1368" timestamp="2019-06-15T00:49:35.076">
  <memory-copied type="eden" objects="5" bytes="272" bytesdiscarded="0" />
  <memory-copied type="other" objects="0" bytes="0" bytesdiscarded="0" />
  <memory-cardclean objects="16" bytes="528" />
  <regions eden="20" other="1" />
  <remembered-set-cleared processed="40600" cleared="9" durationms="0.251" />
  <stringconstants candidates="13760" cleared="0"  />
</gc-op>
<gc-op id="1372" type="classunload" timems="0.004" contextid="1368" timestamp="2019-06-15T00:49:35.076">
  <classunload-info classloadercandidates="54" classloadersunloaded="0" classesunloaded="0" anonymousclassesunloaded="0" quiescems="0.000" setupms="0.003" scanms="0.000" postms="0.000" />
</gc-op>
<heap-resize id="1373" type="expand" space="default" amount="2097152" count="1" timems="0.050" reason="excessive time being spent in gc" timestamp="2019-06-15T00:49:35.076" />
<gc-end id="1374" type="partial gc" contextid="1368" durationms="7.818" usertimems="8.000" systemtimems="0.000" timestamp="2019-06-15T00:49:35.076" activeThreads="4">
  <mem-info id="1375" free="37748736" total="62914560" percent="60">
    <mem type="eden" free="1048304" total="1048576" percent="99" />
    <remembered-set count="42336" freebytes="2342016" totalbytes="2511360" percent="93" regionsoverflowed="0" regionsstable="1" regionsrebuilding="9"/>
  </mem-info>
</gc-end>
<cycle-end id="1376" type="partial gc" contextid="1368" timestamp="2019-06-15T00:49:35.076" />
  <attribute name="elasticGC enabled" value="1" />
  <attribute name= "numThreadsSpecified" value="4" />
  <attribute name="heapSize specified" value="0" />
  <attribute name="Current GC Util" value="108" />
  <attribute name= "Current Time Running" value="11965" />
  <attribute name ="GC Interval" value="0" />
  <attribute name="ProportionalT" value="44.000000" />
  <attribute name="ProportionalI" value="44.000000" />
  <attribute name="ProportionalH" value="44.000000" />
  <attribute name="Current Error" value="88.000000" />
  <attribute name="IntegralT" value="88.000000" />
  <attribute name="IntegralI" value="88.000000" />
  <attribute name="IntegralH" value="88.000000" />
  <attribute name="DerivativeT" value="40.500000" />
  <attribute name="DerivativeI" value="40.500000" />
  <attribute name="DerivativeH" value="40.500000" />
  <attribute name="Loop Time for DT" value="1.000000" />
  <attribute name="Output H" value="8388608"/>
  <attribute name="Output I" value="200"/>
  <attribute name="Output T" value="4"/>
  <attribute name="Target GC Util Change" value ="20.000000" />
  <attribute name="Current GC Util Change" value="108.000000"/>
  <attribute name="GC Util currently" value="108" />
  <attribute name="CPU Util currently" value="7983571265423" />
<exclusive-end id="1377" timestamp="2019-06-15T00:49:35.077" durationms="8.839" />

<exclusive-start id="1378" timestamp="2019-06-15T00:49:35.086" intervalms="18.157">
  <response-info timems="0.056" idlems="0.056" threads="0" lastid="000000000118C700" lastname="main" />
</exclusive-start>
<allocation-taxation id="1379" taxation-threshold="10485760" timestamp="2019-06-15T00:49:35.086" intervalms="18.171" />
<gc-start id="1380" type="global mark phase" contextid="1276" timestamp="2019-06-15T00:49:35.086">
  <mem-info id="1381" free="27262976" total="62914560" percent="43">
    <remembered-set count="42336" freebytes="2342016" totalbytes="2511360" percent="93" regionsoverflowed="0" regionsstable="1" regionsrebuilding="9"/>
  </mem-info>
</gc-start>
<gc-end id="1382" type="global mark phase" contextid="1276" durationms="0.118" usertimems="0.000" systemtimems="0.000" timestamp="2019-06-15T00:49:35.086" activeThreads="4">
  <mem-info id="1383" free="27262976" total="62914560" percent="43">
    <remembered-set count="42336" freebytes="2342016" totalbytes="2511360" percent="93" regionsoverflowed="0" regionsstable="1" regionsrebuilding="9"/>
  </mem-info>
</gc-end>
<concurrent-start id="1384" type="GMP work packet processing" contextid="1276" timestamp="2019-06-15T00:49:35.086">
  <concurrent-mark-start scanTarget="1787184" />
</concurrent-start>
<exclusive-end id="1385" timestamp="2019-06-15T00:49:35.087" durationms="0.963" />

<concurrent-end id="1386" type="GMP work packet processing" contextid="1276" timestamp="2019-06-15T00:49:35.089">
  <concurrent-mark-end bytesScanned="1824028" reasonForTermination="Work target met" />
</concurrent-end>

<exclusive-start id="1387" timestamp="2019-06-15T00:49:35.098" intervalms="11.961">
  <response-info timems="0.093" idlems="0.093" threads="0" lastid="000000000118C700" lastname="main" />
</exclusive-start>
<allocation-taxation id="1388" taxation-threshold="10485760" timestamp="2019-06-15T00:49:35.098" intervalms="11.951" />
<cycle-start id="1389" type="partial gc" contextid="0" timestamp="2019-06-15T00:49:35.098" intervalms="30.061" />
<gc-start id="1390" type="partial gc" contextid="1389" timestamp="2019-06-15T00:49:35.099">
  <mem-info id="1391" free="16777216" total="62914560" percent="26">
    <mem type="eden" free="1048304" total="22020096" percent="4" />
    <remembered-set count="42848" freebytes="2339968" totalbytes="2511360" percent="93" regionsoverflowed="0" regionsstable="1" regionsrebuilding="9"/>
  </mem-info>
</gc-start>
<allocation-stats totalBytes="20959792" >
  <allocated-bytes non-tlh="0" tlh="20959792" arrayletleaf="0"/>
  <largest-consumer threadName="main" threadId="000000000118C700" bytes="10480584" />
</allocation-stats>
<gc-op id="1392" type="copy forward" timems="6.135" contextid="1389" timestamp="2019-06-15T00:49:35.106">
  <memory-copied type="eden" objects="5" bytes="368" bytesdiscarded="0" />
  <memory-copied type="other" objects="0" bytes="0" bytesdiscarded="0" />
  <memory-cardclean objects="16" bytes="528" />
  <regions eden="20" other="1" />
  <remembered-set-cleared processed="41210" cleared="8" durationms="0.259" />
  <stringconstants candidates="13760" cleared="0"  />
</gc-op>
<gc-op id="1393" type="classunload" timems="0.006" contextid="1389" timestamp="2019-06-15T00:49:35.106">
  <classunload-info classloadercandidates="54" classloadersunloaded="0" classesunloaded="0" anonymousclassesunloaded="0" quiescems="0.000" setupms="0.006" scanms="0.000" postms="0.000" />
</gc-op>
<gc-end id="1394" type="partial gc" contextid="1389" durationms="7.571" usertimems="12.000" systemtimems="4.000" timestamp="2019-06-15T00:49:35.106" activeThreads="4">
  <mem-info id="1395" free="37748736" total="62914560" percent="60">
    <mem type="eden" free="1048208" total="1048576" percent="99" />
    <remembered-set count="42976" freebytes="2339456" totalbytes="2511360" percent="93" regionsoverflowed="0" regionsstable="1" regionsrebuilding="9"/>
  </mem-info>
</gc-end>
<cycle-end id="1396" type="partial gc" contextid="1389" timestamp="2019-06-15T00:49:35.106" />
  <attribute name="elasticGC enabled" value="1" />
  <attribute name= "numThreadsSpecified" value="4" />
  <attribute name="heapSize specified" value="0" />
  <attribute name="Current GC Util" value="103" />
  <attribute name= "Current Time Running" value="11995" />
  <attribute name ="GC Interval" value="0" />
  <attribute name="ProportionalT" value="41.500000" />
  <attribute name="ProportionalI" value="41.500000" />
  <attribute name="ProportionalH" value="41.500000" />
  <attribute name="Current Error" value="83.000000" />
  <attribute name="IntegralT" value="83.000000" />
  <attribute name="IntegralI" value="83.000000" />
  <attribute name="IntegralH" value="83.000000" />
  <attribute name="DerivativeT" value="36.000000" />
  <attribute name="DerivativeI" value="36.000000" />
  <attribute name="DerivativeH" value="36.000000" />
  <attribute name="Loop Time for DT" value="1.000000" />
  <attribute name="Output H" value="8388608"/>
  <attribute name="Output I" value="200"/>
  <attribute name="Output T" value="4"/>
  <attribute name="Target GC Util Change" value ="20.000000" />
  <attribute name="Current GC Util Change" value="103.000000"/>
  <attribute name="GC Util currently" value="103" />
  <attribute name="CPU Util currently" value="7630567352218" />
<exclusive-end id="1397" timestamp="2019-06-15T00:49:35.106" durationms="8.569" />

<exclusive-start id="1398" timestamp="2019-06-15T00:49:35.116" intervalms="18.013">
  <response-info timems="0.207" idlems="0.207" threads="0" lastid="000000000118C700" lastname="main" />
</exclusive-start>
<allocation-taxation id="1399" taxation-threshold="10485760" timestamp="2019-06-15T00:49:35.116" intervalms="18.029" />
<gc-start id="1400" type="global mark phase" contextid="1276" timestamp="2019-06-15T00:49:35.116">
  <mem-info id="1401" free="27262976" total="62914560" percent="43">
    <remembered-set count="42976" freebytes="2339456" totalbytes="2511360" percent="93" regionsoverflowed="0" regionsstable="1" regionsrebuilding="9"/>
  </mem-info>
</gc-start>
<gc-end id="1402" type="global mark phase" contextid="1276" durationms="0.150" usertimems="4.000" systemtimems="0.000" timestamp="2019-06-15T00:49:35.116" activeThreads="4">
  <mem-info id="1403" free="27262976" total="62914560" percent="43">
    <remembered-set count="42976" freebytes="2339456" totalbytes="2511360" percent="93" regionsoverflowed="0" regionsstable="1" regionsrebuilding="9"/>
  </mem-info>
</gc-end>
<concurrent-start id="1404" type="GMP work packet processing" contextid="1276" timestamp="2019-06-15T00:49:35.116">
  <concurrent-mark-start scanTarget="1787184" />
</concurrent-start>
<exclusive-end id="1405" timestamp="2019-06-15T00:49:35.117" durationms="0.971" />

<concurrent-end id="1406" type="GMP work packet processing" contextid="1276" timestamp="2019-06-15T00:49:35.119">
  <concurrent-mark-end bytesScanned="1815324" reasonForTermination="Work target met" />
</concurrent-end>

<exclusive-start id="1407" timestamp="2019-06-15T00:49:35.128" intervalms="12.062">
  <response-info timems="0.215" idlems="0.215" threads="0" lastid="000000000118C700" lastname="main" />
</exclusive-start>
<allocation-taxation id="1408" taxation-threshold="10485760" timestamp="2019-06-15T00:49:35.128" intervalms="12.013" />
<cycle-start id="1409" type="partial gc" contextid="0" timestamp="2019-06-15T00:49:35.128" intervalms="30.049" />
<gc-start id="1410" type="partial gc" contextid="1409" timestamp="2019-06-15T00:49:35.129">
  <mem-info id="1411" free="16777216" total="62914560" percent="26">
    <mem type="eden" free="1048208" total="22020096" percent="4" />
    <remembered-set count="44512" freebytes="2333312" totalbytes="2511360" percent="92" regionsoverflowed="0" regionsstable="1" regionsrebuilding="9"/>
  </mem-info>
</gc-start>
<allocation-stats totalBytes="20960328" >
  <allocated-bytes non-tlh="0" tlh="20960328" arrayletleaf="0"/>
  <largest-consumer threadName="main" threadId="000000000118C700" bytes="10480400" />
</allocation-stats>
<gc-op id="1412" type="copy forward" timems="6.266" contextid="1409" timestamp="2019-06-15T00:49:35.136">
  <memory-copied type="eden" objects="5" bytes="240" bytesdiscarded="0" />
  <memory-copied type="other" objects="0" bytes="0" bytesdiscarded="0" />
  <memory-cardclean objects="16" bytes="528" />
  <regions eden="20" other="1" />
  <remembered-set-cleared processed="42869" cleared="8" durationms="0.237" />
  <stringconstants candidates="13760" cleared="0"  />
</gc-op>
<gc-op id="1413" type="classunload" timems="0.005" contextid="1409" timestamp="2019-06-15T00:49:35.136">
  <classunload-info classloadercandidates="54" classloadersunloaded="0" classesunloaded="0" anonymousclassesunloaded="0" quiescems="0.000" setupms="0.005" scanms="0.000" postms="0.000" />
</gc-op>
<gc-end id="1414" type="partial gc" contextid="1409" durationms="7.708" usertimems="16.000" systemtimems="0.000" timestamp="2019-06-15T00:49:35.136" activeThreads="4">
  <mem-info id="1415" free="37748736" total="62914560" percent="60">
    <mem type="eden" free="1048336" total="1048576" percent="99" />
    <remembered-set count="44576" freebytes="2333056" totalbytes="2511360" percent="92" regionsoverflowed="0" regionsstable="1" regionsrebuilding="9"/>
  </mem-info>
</gc-end>
<cycle-end id="1416" type="partial gc" contextid="1409" timestamp="2019-06-15T00:49:35.136" />
  <attribute name="elasticGC enabled" value="1" />
  <attribute name= "numThreadsSpecified" value="4" />
  <attribute name="heapSize specified" value="0" />
  <attribute name="Current GC Util" value="108" />
  <attribute name= "Current Time Running" value="12025" />
  <attribute name ="GC Interval" value="0" />
  <attribute name="ProportionalT" value="44.000000" />
  <attribute name="ProportionalI" value="44.000000" />
  <attribute name="ProportionalH" value="44.000000" />
  <attribute name="Current Error" value="88.000000" />
  <attribute name="IntegralT" value="88.000000" />
  <attribute name="IntegralI" value="88.000000" />
  <attribute name="IntegralH" value="88.000000" />
  <attribute name="DerivativeT" value="38.500000" />
  <attribute name="DerivativeI" value="38.500000" />
  <attribute name="DerivativeH" value="38.500000" />
  <attribute name="Loop Time for DT" value="1.000000" />
  <attribute name="Output H" value="8388608"/>
  <attribute name="Output I" value="200"/>
  <attribute name="Output T" value="4"/>
  <attribute name="Target GC Util Change" value ="20.000000" />
  <attribute name="Current GC Util Change" value="108.000000"/>
  <attribute name="GC Util currently" value="108" />
  <attribute name="CPU Util currently" value="8182028809468" />
<exclusive-end id="1417" timestamp="2019-06-15T00:49:35.137" durationms="8.704" />

<exclusive-start id="1418" timestamp="2019-06-15T00:49:35.146" intervalms="18.035">
  <response-info timems="0.066" idlems="0.066" threads="0" lastid="000000000118C700" lastname="main" />
</exclusive-start>
<allocation-taxation id="1419" taxation-threshold="10485760" timestamp="2019-06-15T00:49:35.146" intervalms="18.062" />
<gc-start id="1420" type="global mark phase" contextid="1276" timestamp="2019-06-15T00:49:35.146">
  <mem-info id="1421" free="27262976" total="62914560" percent="43">
    <remembered-set count="44096" freebytes="2334976" totalbytes="2511360" percent="92" regionsoverflowed="0" regionsstable="1" regionsrebuilding="9"/>
  </mem-info>
</gc-start>
<gc-end id="1422" type="global mark phase" contextid="1276" durationms="0.132" usertimems="0.000" systemtimems="0.000" timestamp="2019-06-15T00:49:35.146" activeThreads="4">
  <mem-info id="1423" free="27262976" total="62914560" percent="43">
    <remembered-set count="44096" freebytes="2334976" totalbytes="2511360" percent="92" regionsoverflowed="0" regionsstable="1" regionsrebuilding="9"/>
  </mem-info>
</gc-end>
<concurrent-start id="1424" type="GMP work packet processing" contextid="1276" timestamp="2019-06-15T00:49:35.146">
  <concurrent-mark-start scanTarget="1787184" />
</concurrent-start>
<exclusive-end id="1425" timestamp="2019-06-15T00:49:35.147" durationms="0.646" />

<concurrent-end id="1426" type="GMP work packet processing" contextid="1276" timestamp="2019-06-15T00:49:35.150">
  <concurrent-mark-end bytesScanned="1799868" reasonForTermination="Work target met" />
</concurrent-end>

<exclusive-start id="1427" timestamp="2019-06-15T00:49:35.156" intervalms="10.420">
  <response-info timems="0.101" idlems="0.101" threads="0" lastid="000000000118C700" lastname="main" />
</exclusive-start>
<allocation-taxation id="1428" taxation-threshold="10485760" timestamp="2019-06-15T00:49:35.156" intervalms="10.385" />
<cycle-start id="1429" type="partial gc" contextid="0" timestamp="2019-06-15T00:49:35.157" intervalms="28.449" />
<gc-start id="1430" type="partial gc" contextid="1429" timestamp="2019-06-15T00:49:35.157">
  <mem-info id="1431" free="16777216" total="62914560" percent="26">
    <mem type="eden" free="1048336" total="22020096" percent="4" />
    <remembered-set count="47136" freebytes="2322816" totalbytes="2511360" percent="92" regionsoverflowed="0" regionsstable="1" regionsrebuilding="9"/>
  </mem-info>
</gc-start>
<allocation-stats totalBytes="20960968" >
  <allocated-bytes non-tlh="0" tlh="20960968" arrayletleaf="0"/>
  <largest-consumer threadName="main" threadId="000000000118C700" bytes="10480584" />
</allocation-stats>
<gc-op id="1432" type="copy forward" timems="6.342" contextid="1429" timestamp="2019-06-15T00:49:35.165">
  <memory-copied type="eden" objects="5" bytes="368" bytesdiscarded="0" />
  <memory-copied type="other" objects="0" bytes="0" bytesdiscarded="0" />
  <memory-cardclean objects="16" bytes="528" />
  <regions eden="20" other="1" />
  <remembered-set-cleared processed="45932" cleared="8" durationms="0.233" />
  <stringconstants candidates="13760" cleared="0"  />
</gc-op>
<gc-op id="1433" type="classunload" timems="0.007" contextid="1429" timestamp="2019-06-15T00:49:35.165">
  <classunload-info classloadercandidates="54" classloadersunloaded="0" classesunloaded="0" anonymousclassesunloaded="0" quiescems="0.000" setupms="0.006" scanms="0.000" postms="0.000" />
</gc-op>
<gc-end id="1434" type="partial gc" contextid="1429" durationms="7.943" usertimems="12.000" systemtimems="8.000" timestamp="2019-06-15T00:49:35.165" activeThreads="4">
  <mem-info id="1435" free="37748736" total="62914560" percent="60">
    <mem type="eden" free="1048208" total="1048576" percent="99" />
    <remembered-set count="47616" freebytes="2320896" totalbytes="2511360" percent="92" regionsoverflowed="0" regionsstable="1" regionsrebuilding="9"/>
  </mem-info>
</gc-end>
<cycle-end id="1436" type="partial gc" contextid="1429" timestamp="2019-06-15T00:49:35.165" />
  <attribute name="elasticGC enabled" value="1" />
  <attribute name= "numThreadsSpecified" value="4" />
  <attribute name="heapSize specified" value="0" />
  <attribute name="Current GC Util" value="96" />
  <attribute name= "Current Time Running" value="12053" />
  <attribute name ="GC Interval" value="0" />
  <attribute name="ProportionalT" value="38.000000" />
  <attribute name="ProportionalI" value="38.000000" />
  <attribute name="ProportionalH" value="38.000000" />
  <attribute name="Current Error" value="76.000000" />
  <attribute name="IntegralT" value="76.000000" />
  <attribute name="IntegralI" value="76.000000" />
  <attribute name="IntegralH" value="76.000000" />
  <attribute name="DerivativeT" value="38.000000" />
  <attribute name="DerivativeI" value="38.000000" />
  <attribute name="DerivativeH" value="38.000000" />
  <attribute name="Loop Time for DT" value="1.000000" />
  <attribute name="Output H" value="8388608"/>
  <attribute name="Output I" value="200"/>
  <attribute name="Output T" value="4"/>
  <attribute name="Target GC Util Change" value ="20.000000" />
  <attribute name="Current GC Util Change" value="96.000000"/>
  <attribute name="GC Util currently" value="96" />
  <attribute name="CPU Util currently" value="7108834839012" />
<exclusive-end id="1437" timestamp="2019-06-15T00:49:35.165" durationms="8.895" />

<exclusive-start id="1438" timestamp="2019-06-15T00:49:35.175" intervalms="18.175">
  <response-info timems="0.040" idlems="0.040" threads="0" lastid="000000000118C700" lastname="main" />
</exclusive-start>
<allocation-taxation id="1439" taxation-threshold="10485760" timestamp="2019-06-15T00:49:35.175" intervalms="18.208" />
<gc-start id="1440" type="global mark phase" contextid="1276" timestamp="2019-06-15T00:49:35.175">
  <mem-info id="1441" free="27262976" total="62914560" percent="43">
    <remembered-set count="47136" freebytes="2322816" totalbytes="2511360" percent="92" regionsoverflowed="0" regionsstable="1" regionsrebuilding="9"/>
  </mem-info>
</gc-start>
<gc-end id="1442" type="global mark phase" contextid="1276" durationms="0.189" usertimems="0.000" systemtimems="0.000" timestamp="2019-06-15T00:49:35.175" activeThreads="4">
  <mem-info id="1443" free="27262976" total="62914560" percent="43">
    <remembered-set count="47136" freebytes="2322816" totalbytes="2511360" percent="92" regionsoverflowed="0" regionsstable="1" regionsrebuilding="9"/>
  </mem-info>
</gc-end>
<concurrent-start id="1444" type="GMP work packet processing" contextid="1276" timestamp="2019-06-15T00:49:35.175">
  <concurrent-mark-start scanTarget="1787184" />
</concurrent-start>
<exclusive-end id="1445" timestamp="2019-06-15T00:49:35.176" durationms="1.017" />

<concurrent-end id="1446" type="GMP work packet processing" contextid="1276" timestamp="2019-06-15T00:49:35.177">
  <concurrent-mark-end bytesScanned="1367868" reasonForTermination="Completed all work in GC phase" />
</concurrent-end>

<exclusive-start id="1447" timestamp="2019-06-15T00:49:35.186" intervalms="11.351">
  <response-info timems="0.073" idlems="0.073" threads="0" lastid="000000000118C700" lastname="main" />
</exclusive-start>
<allocation-taxation id="1448" taxation-threshold="10485760" timestamp="2019-06-15T00:49:35.186" intervalms="11.327" />
<cycle-start id="1449" type="partial gc" contextid="0" timestamp="2019-06-15T00:49:35.186" intervalms="29.526" />
<gc-start id="1450" type="partial gc" contextid="1449" timestamp="2019-06-15T00:49:35.187">
  <mem-info id="1451" free="16777216" total="62914560" percent="26">
    <mem type="eden" free="1048208" total="22020096" percent="4" />
    <remembered-set count="47648" freebytes="2320768" totalbytes="2511360" percent="92" regionsoverflowed="0" regionsstable="1" regionsrebuilding="9"/>
  </mem-info>
</gc-start>
<allocation-stats totalBytes="20960328" >
  <allocated-bytes non-tlh="0" tlh="20960328" arrayletleaf="0"/>
  <largest-consumer threadName="main" threadId="000000000118C700" bytes="10480400" />
</allocation-stats>
<gc-op id="1452" type="copy forward" timems="1.626" contextid="1449" timestamp="2019-06-15T00:49:35.189">
  <memory-copied type="eden" objects="5" bytes="240" bytesdiscarded="0" />
  <memory-copied type="other" objects="0" bytes="0" bytesdiscarded="0" />
  <memory-cardclean objects="16" bytes="528" />
  <regions eden="20" other="1" />
  <remembered-set-cleared processed="46022" cleared="8" durationms="0.374" />
  <stringconstants candidates="13760" cleared="0"  />
</gc-op>
<gc-op id="1453" type="classunload" timems="0.005" contextid="1449" timestamp="2019-06-15T00:49:35.189">
  <classunload-info classloadercandidates="54" classloadersunloaded="0" classesunloaded="0" anonymousclassesunloaded="0" quiescems="0.000" setupms="0.005" scanms="0.000" postms="0.000" />
</gc-op>
<gc-end id="1454" type="partial gc" contextid="1449" durationms="3.129" usertimems="4.000" systemtimems="4.000" timestamp="2019-06-15T00:49:35.190" activeThreads="1">
  <mem-info id="1455" free="37748736" total="62914560" percent="60">
    <mem type="eden" free="1048336" total="1048576" percent="99" />
    <remembered-set count="48128" freebytes="2318848" totalbytes="2511360" percent="92" regionsoverflowed="0" regionsstable="1" regionsrebuilding="9"/>
  </mem-info>
</gc-end>
<cycle-end id="1456" type="partial gc" contextid="1449" timestamp="2019-06-15T00:49:35.190" />
  <attribute name="elasticGC enabled" value="1" />
  <attribute name= "numThreadsSpecified" value="1" />
  <attribute name="heapSize specified" value="0" />
  <attribute name="Current GC Util" value="107" />
  <attribute name= "Current Time Running" value="12082" />
  <attribute name ="GC Interval" value="0" />
  <attribute name="ProportionalT" value="43.500000" />
  <attribute name="ProportionalI" value="43.500000" />
  <attribute name="ProportionalH" value="43.500000" />
  <attribute name="Current Error" value="87.000000" />
  <attribute name="IntegralT" value="0.000000" />
  <attribute name="IntegralI" value="0.000000" />
  <attribute name="IntegralH" value="0.000000" />
  <attribute name="DerivativeT" value="inf" />
  <attribute name="DerivativeI" value="inf" />
  <attribute name="DerivativeH" value="inf" />
  <attribute name="Loop Time for DT" value="0.000000" />
  <attribute name="Output H" value="8388608"/>
  <attribute name="Output I" value="200"/>
  <attribute name="Output T" value="1"/>
  <attribute name="Target GC Util Change" value ="20.000000" />
  <attribute name="Current GC Util Change" value="107.000000"/>
  <attribute name="GC Util currently" value="107" />
  <attribute name="CPU Util currently" value="8133083356439" />
<exclusive-end id="1457" timestamp="2019-06-15T00:49:35.190" durationms="4.145" />

<exclusive-start id="1458" timestamp="2019-06-15T00:49:35.199" intervalms="13.582">
  <response-info timems="0.202" idlems="0.202" threads="0" lastid="000000000118C700" lastname="main" />
</exclusive-start>
<allocation-taxation id="1459" taxation-threshold="10485760" timestamp="2019-06-15T00:49:35.200" intervalms="13.637" />
<gc-start id="1460" type="global mark phase" contextid="1276" timestamp="2019-06-15T00:49:35.200">
  <mem-info id="1461" free="27262976" total="62914560" percent="43">
    <remembered-set count="47648" freebytes="2320768" totalbytes="2511360" percent="92" regionsoverflowed="0" regionsstable="1" regionsrebuilding="9"/>
  </mem-info>
</gc-start>
<gc-op id="1462" type="mark increment" timems="5.693" contextid="1276" timestamp="2019-06-15T00:49:35.206">
  <trace-info objectcount="136" scancount="135" scanbytes="233484" />
  <cardclean-info objects="8334" bytes="259016" />
  <finalization candidates="80" enqueued="0" />
  <ownableSynchronizers candidates="21" cleared="0" />
  <references type="soft" candidates="4854" cleared="0" enqueued="0" dynamicThreshold="19" maxThreshold="32" />
  <references type="weak" candidates="5576" cleared="0" enqueued="0" />
  <references type="phantom" candidates="101" cleared="0" enqueued="0" />
  <stringconstants candidates="13760" cleared="0"  />
</gc-op>
<gc-op id="1463" type="classunload" timems="0.010" contextid="1276" timestamp="2019-06-15T00:49:35.206">
  <classunload-info classloadercandidates="54" classloadersunloaded="0" classesunloaded="0" anonymousclassesunloaded="0" quiescems="0.000" setupms="0.010" scanms="0.000" postms="0.000" />
</gc-op>
<gc-end id="1464" type="global mark phase" contextid="1276" durationms="6.120" usertimems="12.000" systemtimems="0.000" timestamp="2019-06-15T00:49:35.206" activeThreads="4">
  <mem-info id="1465" free="27262976" total="62914560" percent="43">
    <remembered-set count="48672" freebytes="2316672" totalbytes="2511360" percent="92" regionsoverflowed="0" regionsstable="1" regionsrebuilding="0"/>
  </mem-info>
</gc-end>
<cycle-end id="1466" type="global mark phase" contextid="1276" timestamp="2019-06-15T00:49:35.206" />
  <attribute name="elasticGC enabled" value="1" />
  <attribute name= "numThreadsSpecified" value="4" />
  <attribute name="heapSize specified" value="0" />
  <attribute name="Current GC Util" value="135" />
  <attribute name= "Current Time Running" value="12097" />
  <attribute name ="GC Interval" value="0" />
  <attribute name="ProportionalT" value="57.500000" />
  <attribute name="ProportionalI" value="57.500000" />
  <attribute name="ProportionalH" value="57.500000" />
  <attribute name="Current Error" value="115.000000" />
  <attribute name="IntegralT" value="115.000000" />
  <attribute name="IntegralI" value="115.000000" />
  <attribute name="IntegralH" value="115.000000" />
  <attribute name="DerivativeT" value="-14.000000" />
  <attribute name="DerivativeI" value="-14.000000" />
  <attribute name="DerivativeH" value="-14.000000" />
  <attribute name="Loop Time for DT" value="1.000000" />
  <attribute name="Output H" value="8388608"/>
  <attribute name="Output I" value="200"/>
  <attribute name="Output T" value="4"/>
  <attribute name="Target GC Util Change" value ="20.000000" />
  <attribute name="Current GC Util Change" value="135.000000"/>
  <attribute name="GC Util currently" value="135" />
  <attribute name="CPU Util currently" value="4607368884641" />
<exclusive-end id="1467" timestamp="2019-06-15T00:49:35.206" durationms="6.772" />

<exclusive-start id="1468" timestamp="2019-06-15T00:49:35.216" intervalms="16.121">
  <response-info timems="0.068" idlems="0.068" threads="0" lastid="000000000118C700" lastname="main" />
</exclusive-start>
<allocation-taxation id="1469" taxation-threshold="10485760" timestamp="2019-06-15T00:49:35.216" intervalms="16.134" />
<cycle-start id="1470" type="partial gc" contextid="0" timestamp="2019-06-15T00:49:35.216" intervalms="29.814" />
<gc-start id="1471" type="partial gc" contextid="1470" timestamp="2019-06-15T00:49:35.216">
  <mem-info id="1472" free="16777216" total="62914560" percent="26">
    <mem type="eden" free="1048336" total="22020096" percent="4" />
    <remembered-set count="43808" freebytes="2336128" totalbytes="2511360" percent="93" regionsoverflowed="0" regionsstable="5" regionsrebuilding="0"/>
  </mem-info>
</gc-start>
<allocation-stats totalBytes="20960968" >
  <allocated-bytes non-tlh="0" tlh="20960968" arrayletleaf="0"/>
  <largest-consumer threadName="main" threadId="000000000118C700" bytes="10480584" />
</allocation-stats>
<gc-op id="1473" type="sweep" timems="1.755" contextid="1470" timestamp="2019-06-15T00:49:35.219" />
<gc-op id="1474" type="copy forward" timems="1.401" contextid="1470" timestamp="2019-06-15T00:49:35.221">
  <memory-copied type="eden" objects="5" bytes="368" bytesdiscarded="0" />
  <memory-copied type="other" objects="0" bytes="0" bytesdiscarded="0" />
  <memory-cardclean objects="16" bytes="528" />
  <regions eden="10" other="1" />
  <remembered-set-cleared processed="42464" cleared="11" durationms="0.340" />
  <stringconstants candidates="13760" cleared="0"  />
</gc-op>
<gc-op id="1475" type="classunload" timems="0.004" contextid="1470" timestamp="2019-06-15T00:49:35.221">
  <classunload-info classloadercandidates="54" classloadersunloaded="0" classesunloaded="0" anonymousclassesunloaded="0" quiescems="0.000" setupms="0.004" scanms="0.000" postms="0.000" />
</gc-op>
<gc-end id="1476" type="partial gc" contextid="1470" durationms="4.946" usertimems="8.000" systemtimems="0.000" timestamp="2019-06-15T00:49:35.221" activeThreads="1">
  <mem-info id="1477" free="37748736" total="62914560" percent="60">
    <mem type="eden" free="1048208" total="1048576" percent="99" />
    <remembered-set count="44288" freebytes="2334208" totalbytes="2511360" percent="92" regionsoverflowed="0" regionsstable="5" regionsrebuilding="0"/>
  </mem-info>
</gc-end>
<cycle-end id="1478" type="partial gc" contextid="1470" timestamp="2019-06-15T00:49:35.221" />
  <attribute name="elasticGC enabled" value="1" />
  <attribute name= "numThreadsSpecified" value="1" />
  <attribute name="heapSize specified" value="0" />
  <attribute name="Current GC Util" value="114" />
  <attribute name= "Current Time Running" value="12114" />
  <attribute name ="GC Interval" value="0" />
  <attribute name="ProportionalT" value="47.000000" />
  <attribute name="ProportionalI" value="47.000000" />
  <attribute name="ProportionalH" value="47.000000" />
  <attribute name="Current Error" value="94.000000" />
  <attribute name="IntegralT" value="0.000000" />
  <attribute name="IntegralI" value="0.000000" />
  <attribute name="IntegralH" value="0.000000" />
  <attribute name="DerivativeT" value="inf" />
  <attribute name="DerivativeI" value="inf" />
  <attribute name="DerivativeH" value="inf" />
  <attribute name="Loop Time for DT" value="0.000000" />
  <attribute name="Output H" value="8388608"/>
  <attribute name="Output I" value="200"/>
  <attribute name="Output T" value="1"/>
  <attribute name="Target GC Util Change" value ="20.000000" />
  <attribute name="Current GC Util Change" value="114.000000"/>
  <attribute name="GC Util currently" value="114" />
  <attribute name="CPU Util currently" value="8719671437893" />
<exclusive-end id="1479" timestamp="2019-06-15T00:49:35.222" durationms="6.126" />

<exclusive-start id="1480" timestamp="2019-06-15T00:49:35.241" intervalms="25.581">
  <response-info timems="0.080" idlems="0.080" threads="0" lastid="000000000118C700" lastname="main" />
</exclusive-start>
<allocation-taxation id="1481" taxation-threshold="22020096" timestamp="2019-06-15T00:49:35.241" intervalms="25.607" />
<cycle-start id="1482" type="partial gc" contextid="0" timestamp="2019-06-15T00:49:35.242" intervalms="25.610" />
<gc-start id="1483" type="partial gc" contextid="1482" timestamp="2019-06-15T00:49:35.242">
  <mem-info id="1484" free="15728640" total="62914560" percent="25">
    <mem type="eden" free="1048208" total="23068672" percent="4" />
    <remembered-set count="43808" freebytes="2336128" totalbytes="2511360" percent="93" regionsoverflowed="0" regionsstable="5" regionsrebuilding="0"/>
  </mem-info>
</gc-start>
<allocation-stats totalBytes="22008344" >
  <allocated-bytes non-tlh="0" tlh="22008344" arrayletleaf="0"/>
  <largest-consumer threadName="main" threadId="000000000118C700" bytes="22008344" />
</allocation-stats>
<gc-op id="1485" type="copy forward" timems="6.695" contextid="1482" timestamp="2019-06-15T00:49:35.250">
  <memory-copied type="eden" objects="5" bytes="288" bytesdiscarded="0" />
  <memory-copied type="other" objects="14250" bytes="344072" bytesdiscarded="22000" />
  <memory-cardclean objects="1599" bytes="301360" />
  <regions eden="21" other="4" />
  <remembered-set-cleared processed="42380" cleared="812" durationms="0.212" />
  <stringconstants candidates="13760" cleared="0"  />
</gc-op>
<gc-op id="1486" type="classunload" timems="0.004" contextid="1482" timestamp="2019-06-15T00:49:35.250">
  <classunload-info classloadercandidates="54" classloadersunloaded="0" classesunloaded="0" anonymousclassesunloaded="0" quiescems="0.000" setupms="0.003" scanms="0.000" postms="0.000" />
</gc-op>
<heap-resize id="1487" type="contract" space="default" amount="1048576" count="1" timems="0.048" reason="excess free space following gc" timestamp="2019-06-15T00:49:35.250" />
<gc-end id="1488" type="partial gc" contextid="1482" durationms="8.271" usertimems="12.000" systemtimems="0.000" timestamp="2019-06-15T00:49:35.250" activeThreads="4">
  <mem-info id="1489" free="37748736" total="61865984" percent="61">
    <mem type="eden" free="1048288" total="1048576" percent="99" />
    <remembered-set count="44992" freebytes="2331392" totalbytes="2511360" percent="92" regionsoverflowed="0" regionsstable="5" regionsrebuilding="0"/>
  </mem-info>
</gc-end>
<cycle-end id="1490" type="partial gc" contextid="1482" timestamp="2019-06-15T00:49:35.250" />
  <attribute name="elasticGC enabled" value="1" />
  <attribute name= "numThreadsSpecified" value="4" />
  <attribute name="heapSize specified" value="0" />
  <attribute name="Current GC Util" value="205" />
  <attribute name= "Current Time Running" value="12138" />
  <attribute name ="GC Interval" value="0" />
  <attribute name="ProportionalT" value="92.500000" />
  <attribute name="ProportionalI" value="92.500000" />
  <attribute name="ProportionalH" value="92.500000" />
  <attribute name="Current Error" value="185.000000" />
  <attribute name="IntegralT" value="185.000000" />
  <attribute name="IntegralI" value="185.000000" />
  <attribute name="IntegralH" value="185.000000" />
  <attribute name="DerivativeT" value="92.500000" />
  <attribute name="DerivativeI" value="92.500000" />
  <attribute name="DerivativeH" value="92.500000" />
  <attribute name="Loop Time for DT" value="1.000000" />
  <attribute name="Output H" value="8388608"/>
  <attribute name="Output I" value="376"/>
  <attribute name="Output T" value="4"/>
  <attribute name="Target GC Util Change" value ="20.000000" />
  <attribute name="Current GC Util Change" value="205.000000"/>
  <attribute name="GC Util currently" value="205" />
  <attribute name="CPU Util currently" value="8359182928484" />
<exclusive-end id="1491" timestamp="2019-06-15T00:49:35.251" durationms="9.505" />

<exclusive-start id="1492" timestamp="2019-06-15T00:49:35.270" intervalms="29.132">
  <response-info timems="0.072" idlems="0.072" threads="0" lastid="000000000118C700" lastname="main" />
</exclusive-start>
<allocation-taxation id="1493" taxation-threshold="22020096" timestamp="2019-06-15T00:49:35.270" intervalms="29.051" />
<cycle-start id="1494" type="partial gc" contextid="0" timestamp="2019-06-15T00:49:35.271" intervalms="29.068" />
<gc-start id="1495" type="partial gc" contextid="1494" timestamp="2019-06-15T00:49:35.271">
  <mem-info id="1496" free="15728640" total="61865984" percent="25">
    <mem type="eden" free="1048288" total="23068672" percent="4" />
    <remembered-set count="29600" freebytes="2392960" totalbytes="2511360" percent="95" regionsoverflowed="0" regionsstable="11" regionsrebuilding="0"/>
  </mem-info>
</gc-start>
<allocation-stats totalBytes="22008424" >
  <allocated-bytes non-tlh="0" tlh="22008424" arrayletleaf="0"/>
  <largest-consumer threadName="main" threadId="000000000118C700" bytes="22008424" />
</allocation-stats>
<gc-op id="1497" type="copy forward" timems="6.237" contextid="1494" timestamp="2019-06-15T00:49:35.278">
  <memory-copied type="eden" objects="6" bytes="272" bytesdiscarded="0" />
  <memory-copied type="other" objects="131" bytes="4032" bytesdiscarded="632" />
  <memory-cardclean objects="1987" bytes="325704" />
  <regions eden="21" other="2" />
  <remembered-set-cleared processed="27665" cleared="64" durationms="0.196" />
  <stringconstants candidates="13760" cleared="0"  />
</gc-op>
<gc-op id="1498" type="classunload" timems="0.003" contextid="1494" timestamp="2019-06-15T00:49:35.279">
  <classunload-info classloadercandidates="54" classloadersunloaded="0" classesunloaded="0" anonymousclassesunloaded="0" quiescems="0.000" setupms="0.003" scanms="0.000" postms="0.000" />
</gc-op>
<gc-end id="1499" type="partial gc" contextid="1494" durationms="7.817" usertimems="8.000" systemtimems="0.000" timestamp="2019-06-15T00:49:35.279" activeThreads="4">
  <mem-info id="1500" free="37748736" total="61865984" percent="61">
    <mem type="eden" free="1048304" total="1048576" percent="99" />
    <remembered-set count="29664" freebytes="2350848" totalbytes="2469504" percent="95" regionsoverflowed="0" regionsstable="11" regionsrebuilding="0"/>
  </mem-info>
</gc-end>
<cycle-end id="1501" type="partial gc" contextid="1494" timestamp="2019-06-15T00:49:35.279" />
  <attribute name="elasticGC enabled" value="1" />
  <attribute name= "numThreadsSpecified" value="4" />
  <attribute name="heapSize specified" value="0" />
  <attribute name="Current GC Util" value="83" />
  <attribute name= "Current Time Running" value="12167" />
  <attribute name ="GC Interval" value="0" />
  <attribute name="ProportionalT" value="31.500000" />
  <attribute name="ProportionalI" value="31.500000" />
  <attribute name="ProportionalH" value="31.500000" />
  <attribute name="Current Error" value="63.000000" />
  <attribute name="IntegralT" value="63.000000" />
  <attribute name="IntegralI" value="63.000000" />
  <attribute name="IntegralH" value="63.000000" />
  <attribute name="DerivativeT" value="23.000000" />
  <attribute name="DerivativeI" value="23.000000" />
  <attribute name="DerivativeH" value="23.000000" />
  <attribute name="Loop Time for DT" value="1.000000" />
  <attribute name="Output H" value="8388608"/>
  <attribute name="Output I" value="200"/>
  <attribute name="Output T" value="4"/>
  <attribute name="Target GC Util Change" value ="20.000000" />
  <attribute name="Current GC Util Change" value="83.000000"/>
  <attribute name="GC Util currently" value="83" />
  <attribute name="CPU Util currently" value="6154429020020" />
<exclusive-end id="1502" timestamp="2019-06-15T00:49:35.279" durationms="8.887" />

<exclusive-start id="1503" timestamp="2019-06-15T00:49:35.299" intervalms="28.538">
  <response-info timems="0.054" idlems="0.054" threads="0" lastid="000000000118C700" lastname="main" />
</exclusive-start>
<allocation-taxation id="1504" taxation-threshold="22020096" timestamp="2019-06-15T00:49:35.299" intervalms="28.574" />
<cycle-start id="1505" type="partial gc" contextid="0" timestamp="2019-06-15T00:49:35.299" intervalms="28.573" />
<gc-start id="1506" type="partial gc" contextid="1505" timestamp="2019-06-15T00:49:35.300">
  <mem-info id="1507" free="15728640" total="61865984" percent="25">
    <mem type="eden" free="1048304" total="23068672" percent="4" />
    <remembered-set count="29312" freebytes="2352256" totalbytes="2469504" percent="95" regionsoverflowed="0" regionsstable="11" regionsrebuilding="0"/>
  </mem-info>
</gc-start>
<allocation-stats totalBytes="22008312" >
  <allocated-bytes non-tlh="0" tlh="22008312" arrayletleaf="0"/>
  <largest-consumer threadName="main" threadId="000000000118C700" bytes="22008312" />
</allocation-stats>
<gc-op id="1508" type="copy forward" timems="1.364" contextid="1505" timestamp="2019-06-15T00:49:35.302">
  <memory-copied type="eden" objects="5" bytes="352" bytesdiscarded="0" />
  <memory-copied type="other" objects="105" bytes="3584" bytesdiscarded="0" />
  <memory-cardclean objects="66" bytes="10240" />
  <regions eden="21" other="2" />
  <remembered-set-cleared processed="27799" cleared="59" durationms="0.251" />
  <references type="weak" candidates="39" cleared="0" enqueued="0" />
  <stringconstants candidates="13760" cleared="0"  />
</gc-op>
<gc-op id="1509" type="classunload" timems="0.003" contextid="1505" timestamp="2019-06-15T00:49:35.302">
  <classunload-info classloadercandidates="54" classloadersunloaded="0" classesunloaded="0" anonymousclassesunloaded="0" quiescems="0.000" setupms="0.003" scanms="0.000" postms="0.000" />
</gc-op>
<gc-end id="1510" type="partial gc" contextid="1505" durationms="2.659" usertimems="0.000" systemtimems="4.000" timestamp="2019-06-15T00:49:35.302" activeThreads="1">
  <mem-info id="1511" free="37748736" total="61865984" percent="61">
    <mem type="eden" free="1048224" total="1048576" percent="99" />
    <remembered-set count="29568" freebytes="2351232" totalbytes="2469504" percent="95" regionsoverflowed="0" regionsstable="11" regionsrebuilding="0"/>
  </mem-info>
</gc-end>
<cycle-end id="1512" type="partial gc" contextid="1505" timestamp="2019-06-15T00:49:35.302" />
  <attribute name="elasticGC enabled" value="1" />
  <attribute name= "numThreadsSpecified" value="1" />
  <attribute name="heapSize specified" value="0" />
  <attribute name="Current GC Util" value="110" />
  <attribute name= "Current Time Running" value="12195" />
  <attribute name ="GC Interval" value="0" />
  <attribute name="ProportionalT" value="45.000000" />
  <attribute name="ProportionalI" value="45.000000" />
  <attribute name="ProportionalH" value="45.000000" />
  <attribute name="Current Error" value="90.000000" />
  <attribute name="IntegralT" value="0.000000" />
  <attribute name="IntegralI" value="0.000000" />
  <attribute name="IntegralH" value="0.000000" />
  <attribute name="DerivativeT" value="inf" />
  <attribute name="DerivativeI" value="inf" />
  <attribute name="DerivativeH" value="inf" />
  <attribute name="Loop Time for DT" value="0.000000" />
  <attribute name="Output H" value="8388608"/>
  <attribute name="Output I" value="200"/>
  <attribute name="Output T" value="1"/>
  <attribute name="Target GC Util Change" value ="20.000000" />
  <attribute name="Current GC Util Change" value="110.000000"/>
  <attribute name="GC Util currently" value="110" />
  <attribute name="CPU Util currently" value="8465024309153" />
<exclusive-end id="1513" timestamp="2019-06-15T00:49:35.303" durationms="3.701" />

<exclusive-start id="1514" timestamp="2019-06-15T00:49:35.327" intervalms="27.650">
  <response-info timems="0.058" idlems="0.058" threads="0" lastid="000000000118C700" lastname="main" />
</exclusive-start>
<allocation-taxation id="1515" taxation-threshold="22020096" timestamp="2019-06-15T00:49:35.327" intervalms="27.653" />
<cycle-start id="1516" type="partial gc" contextid="0" timestamp="2019-06-15T00:49:35.327" intervalms="27.655" />
<gc-start id="1517" type="partial gc" contextid="1516" timestamp="2019-06-15T00:49:35.327">
  <mem-info id="1518" free="15728640" total="61865984" percent="25">
    <mem type="eden" free="1048224" total="23068672" percent="4" />
    <remembered-set count="29216" freebytes="2352640" totalbytes="2469504" percent="95" regionsoverflowed="0" regionsstable="11" regionsrebuilding="0"/>
  </mem-info>
</gc-start>
<allocation-stats totalBytes="22005272" >
  <allocated-bytes non-tlh="0" tlh="22005272" arrayletleaf="0"/>
  <largest-consumer threadName="main" threadId="000000000118C700" bytes="22005272" />
</allocation-stats>
<gc-op id="1519" type="copy forward" timems="1.323" contextid="1516" timestamp="2019-06-15T00:49:35.330">
  <memory-copied type="eden" objects="28" bytes="1176" bytesdiscarded="0" />
  <memory-copied type="other" objects="0" bytes="0" bytesdiscarded="0" />
  <memory-cardclean objects="63" bytes="2264" />
  <regions eden="21" other="1" />
  <remembered-set-cleared processed="27781" cleared="17" durationms="0.251" />
  <stringconstants candidates="13760" cleared="0"  />
</gc-op>
<gc-op id="1520" type="classunload" timems="0.003" contextid="1516" timestamp="2019-06-15T00:49:35.330">
  <classunload-info classloadercandidates="54" classloadersunloaded="0" classesunloaded="0" anonymousclassesunloaded="0" quiescems="0.000" setupms="0.003" scanms="0.000" postms="0.000" />
</gc-op>
<gc-end id="1521" type="partial gc" contextid="1516" durationms="2.775" usertimems="0.000" systemtimems="4.000" timestamp="2019-06-15T00:49:35.330" activeThreads="1">
  <mem-info id="1522" free="37748736" total="61865984" percent="61">
    <mem type="eden" free="1047400" total="1048576" percent="99" />
    <remembered-set count="29632" freebytes="2350976" totalbytes="2469504" percent="95" regionsoverflowed="0" regionsstable="11" regionsrebuilding="0"/>
  </mem-info>
</gc-end>
<cycle-end id="1523" type="partial gc" contextid="1516" timestamp="2019-06-15T00:49:35.330" />
  <attribute name="elasticGC enabled" value="1" />
  <attribute name= "numThreadsSpecified" value="1" />
  <attribute name="heapSize specified" value="0" />
  <attribute name="Current GC Util" value="194" />
  <attribute name= "Current Time Running" value="12223" />
  <attribute name ="GC Interval" value="0" />
  <attribute name="ProportionalT" value="87.000000" />
  <attribute name="ProportionalI" value="87.000000" />
  <attribute name="ProportionalH" value="87.000000" />
  <attribute name="Current Error" value="174.000000" />
  <attribute name="IntegralT" value="0.000000" />
  <attribute name="IntegralI" value="0.000000" />
  <attribute name="IntegralH" value="0.000000" />
  <attribute name="DerivativeT" value="inf" />
  <attribute name="DerivativeI" value="inf" />
  <attribute name="DerivativeH" value="inf" />
  <attribute name="Loop Time for DT" value="0.000000" />
  <attribute name="Output H" value="8388608"/>
  <attribute name="Output I" value="200"/>
  <attribute name="Output T" value="1"/>
  <attribute name="Target GC Util Change" value ="20.000000" />
  <attribute name="Current GC Util Change" value="194.000000"/>
  <attribute name="GC Util currently" value="194" />
  <attribute name="CPU Util currently" value="7792998309541" />
<exclusive-end id="1524" timestamp="2019-06-15T00:49:35.330" durationms="3.841" />

<exclusive-start id="1525" timestamp="2019-06-15T00:49:35.352" intervalms="25.740">
  <response-info timems="0.066" idlems="0.066" threads="0" lastid="000000000118C700" lastname="main" />
</exclusive-start>
<allocation-taxation id="1526" taxation-threshold="22020096" timestamp="2019-06-15T00:49:35.352" intervalms="25.729" />
<cycle-start id="1527" type="partial gc" contextid="0" timestamp="2019-06-15T00:49:35.353" intervalms="25.723" />
<gc-start id="1528" type="partial gc" contextid="1527" timestamp="2019-06-15T00:49:35.353">
  <mem-info id="1529" free="15728640" total="61865984" percent="25">
    <mem type="eden" free="0" total="22020096" percent="0" />
    <remembered-set count="29184" freebytes="2352768" totalbytes="2469504" percent="95" regionsoverflowed="0" regionsstable="11" regionsrebuilding="0"/>
  </mem-info>
</gc-start>
<allocation-stats totalBytes="21999984" >
  <allocated-bytes non-tlh="0" tlh="21999984" arrayletleaf="0"/>
  <largest-consumer threadName="main" threadId="000000000118C700" bytes="21999984" />
</allocation-stats>
<gc-op id="1530" type="copy forward" timems="5.583" contextid="1527" timestamp="2019-06-15T00:49:35.360">
  <memory-copied type="eden" objects="5" bytes="216" bytesdiscarded="0" />
  <memory-copied type="other" objects="23" bytes="968" bytesdiscarded="320" />
  <memory-cardclean objects="46" bytes="1768" />
  <regions eden="21" other="1" />
  <remembered-set-cleared processed="27781" cleared="17" durationms="0.213" />
  <stringconstants candidates="13760" cleared="0"  />
</gc-op>
<gc-op id="1531" type="classunload" timems="0.004" contextid="1527" timestamp="2019-06-15T00:49:35.360">
  <classunload-info classloadercandidates="54" classloadersunloaded="0" classesunloaded="0" anonymousclassesunloaded="0" quiescems="0.000" setupms="0.004" scanms="0.000" postms="0.000" />
</gc-op>
<heap-resize id="1532" type="expand" space="default" amount="1048576" count="1" timems="0.056" reason="excessive time being spent in gc" timestamp="2019-06-15T00:49:35.360" />
<gc-end id="1533" type="partial gc" contextid="1527" durationms="7.170" usertimems="8.000" systemtimems="0.000" timestamp="2019-06-15T00:49:35.360" activeThreads="4">
  <mem-info id="1534" free="37748736" total="62914560" percent="60">
    <mem type="eden" free="1048360" total="1048576" percent="99" />
    <remembered-set count="29888" freebytes="2391808" totalbytes="2511360" percent="95" regionsoverflowed="0" regionsstable="11" regionsrebuilding="0"/>
  </mem-info>
</gc-end>
<cycle-end id="1535" type="partial gc" contextid="1527" timestamp="2019-06-15T00:49:35.360" />
  <attribute name="elasticGC enabled" value="1" />
  <attribute name= "numThreadsSpecified" value="4" />
  <attribute name="heapSize specified" value="0" />
  <attribute name="Current GC Util" value="206" />
  <attribute name= "Current Time Running" value="12249" />
  <attribute name ="GC Interval" value="0" />
  <attribute name="ProportionalT" value="93.000000" />
  <attribute name="ProportionalI" value="93.000000" />
  <attribute name="ProportionalH" value="93.000000" />
  <attribute name="Current Error" value="186.000000" />
  <attribute name="IntegralT" value="186.000000" />
  <attribute name="IntegralI" value="186.000000" />
  <attribute name="IntegralH" value="186.000000" />
  <attribute name="DerivativeT" value="93.000000" />
  <attribute name="DerivativeI" value="93.000000" />
  <attribute name="DerivativeH" value="93.000000" />
  <attribute name="Loop Time for DT" value="1.000000" />
  <attribute name="Output H" value="8388608"/>
  <attribute name="Output I" value="376"/>
  <attribute name="Output T" value="4"/>
  <attribute name="Target GC Util Change" value ="20.000000" />
  <attribute name="Current GC Util Change" value="206.000000"/>
  <attribute name="GC Util currently" value="206" />
  <attribute name="CPU Util currently" value="8645603580538" />
<exclusive-end id="1536" timestamp="2019-06-15T00:49:35.360" durationms="8.210" />

<exclusive-start id="1537" timestamp="2019-06-15T00:49:35.379" intervalms="27.087">
  <response-info timems="0.111" idlems="0.111" threads="0" lastid="000000000118C700" lastname="main" />
</exclusive-start>
<allocation-taxation id="1538" taxation-threshold="22020096" timestamp="2019-06-15T00:49:35.380" intervalms="27.123" />
<cycle-start id="1539" type="partial gc" contextid="0" timestamp="2019-06-15T00:49:35.380" intervalms="27.009" />
<gc-start id="1540" type="partial gc" contextid="1539" timestamp="2019-06-15T00:49:35.380">
  <mem-info id="1541" free="15728640" total="62914560" percent="25">
    <mem type="eden" free="1048360" total="23068672" percent="4" />
    <remembered-set count="29408" freebytes="2393728" totalbytes="2511360" percent="95" regionsoverflowed="0" regionsstable="11" regionsrebuilding="0"/>
  </mem-info>
</gc-start>
<allocation-stats totalBytes="22000664" >
  <allocated-bytes non-tlh="0" tlh="22000664" arrayletleaf="0"/>
  <largest-consumer threadName="main" threadId="000000000118C700" bytes="22000664" />
</allocation-stats>
<gc-op id="1542" type="copy forward" timems="5.930" contextid="1539" timestamp="2019-06-15T00:49:35.387">
  <memory-copied type="eden" objects="5" bytes="248" bytesdiscarded="0" />
  <memory-copied type="other" objects="0" bytes="0" bytesdiscarded="0" />
  <memory-cardclean objects="16" bytes="520" />
  <regions eden="21" other="1" />
  <remembered-set-cleared processed="27788" cleared="5" durationms="0.195" />
  <stringconstants candidates="13760" cleared="0"  />
</gc-op>
<gc-op id="1543" type="classunload" timems="0.003" contextid="1539" timestamp="2019-06-15T00:49:35.387">
  <classunload-info classloadercandidates="54" classloadersunloaded="0" classesunloaded="0" anonymousclassesunloaded="0" quiescems="0.000" setupms="0.003" scanms="0.000" postms="0.000" />
</gc-op>
<gc-end id="1544" type="partial gc" contextid="1539" durationms="7.394" usertimems="8.000" systemtimems="0.000" timestamp="2019-06-15T00:49:35.387" activeThreads="4">
  <mem-info id="1545" free="37748736" total="62914560" percent="60">
    <mem type="eden" free="1048328" total="1048576" percent="99" />
    <remembered-set count="28992" freebytes="2395392" totalbytes="2511360" percent="95" regionsoverflowed="0" regionsstable="11" regionsrebuilding="0"/>
  </mem-info>
</gc-end>
<cycle-end id="1546" type="partial gc" contextid="1539" timestamp="2019-06-15T00:49:35.388" />
  <attribute name="elasticGC enabled" value="1" />
  <attribute name= "numThreadsSpecified" value="4" />
  <attribute name="heapSize specified" value="0" />
  <attribute name="Current GC Util" value="105" />
  <attribute name= "Current Time Running" value="12276" />
  <attribute name ="GC Interval" value="0" />
  <attribute name="ProportionalT" value="42.500000" />
  <attribute name="ProportionalI" value="42.500000" />
  <attribute name="ProportionalH" value="42.500000" />
  <attribute name="Current Error" value="85.000000" />
  <attribute name="IntegralT" value="85.000000" />
  <attribute name="IntegralI" value="85.000000" />
  <attribute name="IntegralH" value="85.000000" />
  <attribute name="DerivativeT" value="37.000000" />
  <attribute name="DerivativeI" value="37.000000" />
  <attribute name="DerivativeH" value="37.000000" />
  <attribute name="Loop Time for DT" value="1.000000" />
  <attribute name="Output H" value="8388608"/>
  <attribute name="Output I" value="200"/>
  <attribute name="Output T" value="4"/>
  <attribute name="Target GC Util Change" value ="20.000000" />
  <attribute name="Current GC Util Change" value="105.000000"/>
  <attribute name="GC Util currently" value="105" />
  <attribute name="CPU Util currently" value="8024510158486" />
<exclusive-end id="1547" timestamp="2019-06-15T00:49:35.388" durationms="8.464" />

<exclusive-start id="1548" timestamp="2019-06-15T00:49:35.407" intervalms="27.333">
  <response-info timems="0.064" idlems="0.064" threads="0" lastid="000000000118C700" lastname="main" />
</exclusive-start>
<allocation-taxation id="1549" taxation-threshold="22020096" timestamp="2019-06-15T00:49:35.407" intervalms="27.323" />
<cycle-start id="1550" type="partial gc" contextid="0" timestamp="2019-06-15T00:49:35.407" intervalms="27.417" />
<gc-start id="1551" type="partial gc" contextid="1550" timestamp="2019-06-15T00:49:35.408">
  <mem-info id="1552" free="15728640" total="62914560" percent="25">
    <mem type="eden" free="1048328" total="23068672" percent="4" />
    <remembered-set count="28512" freebytes="2397312" totalbytes="2511360" percent="95" regionsoverflowed="0" regionsstable="11" regionsrebuilding="0"/>
  </mem-info>
</gc-start>
<allocation-stats totalBytes="22001080" >
  <allocated-bytes non-tlh="0" tlh="22001080" arrayletleaf="0"/>
  <largest-consumer threadName="main" threadId="000000000118C700" bytes="22001080" />
</allocation-stats>
<gc-op id="1553" type="copy forward" timems="5.709" contextid="1550" timestamp="2019-06-15T00:49:35.415">
  <memory-copied type="eden" objects="5" bytes="288" bytesdiscarded="0" />
  <memory-copied type="other" objects="0" bytes="0" bytesdiscarded="0" />
  <memory-cardclean objects="16" bytes="520" />
  <regions eden="21" other="1" />
  <remembered-set-cleared processed="27787" cleared="4" durationms="0.191" />
  <stringconstants candidates="13760" cleared="0"  />
</gc-op>
<gc-op id="1554" type="classunload" timems="0.005" contextid="1550" timestamp="2019-06-15T00:49:35.415">
  <classunload-info classloadercandidates="54" classloadersunloaded="0" classesunloaded="0" anonymousclassesunloaded="0" quiescems="0.000" setupms="0.005" scanms="0.000" postms="0.000" />
</gc-op>
<gc-end id="1555" type="partial gc" contextid="1550" durationms="7.424" usertimems="12.000" systemtimems="0.000" timestamp="2019-06-15T00:49:35.415" activeThreads="4">
  <mem-info id="1556" free="37748736" total="62914560" percent="60">
    <mem type="eden" free="1048288" total="1048576" percent="99" />
    <remembered-set count="28992" freebytes="2395392" totalbytes="2511360" percent="95" regionsoverflowed="0" regionsstable="11" regionsrebuilding="0"/>
  </mem-info>
</gc-end>
<cycle-end id="1557" type="partial gc" contextid="1550" timestamp="2019-06-15T00:49:35.415" />
  <attribute name="elasticGC enabled" value="1" />
  <attribute name= "numThreadsSpecified" value="4" />
  <attribute name="heapSize specified" value="0" />
  <attribute name="Current GC Util" value="86" />
  <attribute name= "Current Time Running" value="12304" />
  <attribute name ="GC Interval" value="0" />
  <attribute name="ProportionalT" value="33.000000" />
  <attribute name="ProportionalI" value="33.000000" />
  <attribute name="ProportionalH" value="33.000000" />
  <attribute name="Current Error" value="66.000000" />
  <attribute name="IntegralT" value="66.000000" />
  <attribute name="IntegralI" value="66.000000" />
  <attribute name="IntegralH" value="66.000000" />
  <attribute name="DerivativeT" value="26.500000" />
  <attribute name="DerivativeI" value="26.500000" />
  <attribute name="DerivativeH" value="26.500000" />
  <attribute name="Loop Time for DT" value="1.000000" />
  <attribute name="Output H" value="8388608"/>
  <attribute name="Output I" value="200"/>
  <attribute name="Output T" value="4"/>
  <attribute name="Target GC Util Change" value ="20.000000" />
  <attribute name="Current GC Util Change" value="86.000000"/>
  <attribute name="GC Util currently" value="86" />
  <attribute name="CPU Util currently" value="6472496316294" />
<exclusive-end id="1558" timestamp="2019-06-15T00:49:35.415" durationms="8.730" />

<exclusive-start id="1559" timestamp="2019-06-15T00:49:35.474" intervalms="67.732">
  <response-info timems="0.067" idlems="0.067" threads="0" lastid="000000000118C700" lastname="main" />
</exclusive-start>
<allocation-taxation id="1560" taxation-threshold="22020096" timestamp="2019-06-15T00:49:35.475" intervalms="67.745" />
<cycle-start id="1561" type="partial gc" contextid="0" timestamp="2019-06-15T00:49:35.475" intervalms="67.747" />
<gc-start id="1562" type="partial gc" contextid="1561" timestamp="2019-06-15T00:49:35.475">
  <mem-info id="1563" free="15728640" total="62914560" percent="25">
    <mem type="eden" free="1048288" total="23068672" percent="4" />
    <remembered-set count="28512" freebytes="2397312" totalbytes="2511360" percent="95" regionsoverflowed="0" regionsstable="11" regionsrebuilding="0"/>
  </mem-info>
</gc-start>
<allocation-stats totalBytes="22011400" >
  <allocated-bytes non-tlh="0" tlh="22011400" arrayletleaf="0"/>
  <largest-consumer threadName="main" threadId="000000000118C700" bytes="22011400" />
</allocation-stats>
<gc-op id="1564" type="copy forward" timems="1.462" contextid="1561" timestamp="2019-06-15T00:49:35.478">
  <memory-copied type="eden" objects="48" bytes="2136" bytesdiscarded="0" />
  <memory-copied type="other" objects="0" bytes="0" bytesdiscarded="0" />
  <memory-cardclean objects="76" bytes="2760" />
  <regions eden="21" other="1" />
  <remembered-set-cleared processed="27787" cleared="21" durationms="0.284" />
  <stringconstants candidates="13760" cleared="0"  />
</gc-op>
<gc-op id="1565" type="classunload" timems="0.004" contextid="1561" timestamp="2019-06-15T00:49:35.478">
  <classunload-info classloadercandidates="54" classloadersunloaded="0" classesunloaded="0" anonymousclassesunloaded="0" quiescems="0.000" setupms="0.004" scanms="0.000" postms="0.000" />
</gc-op>
<gc-end id="1566" type="partial gc" contextid="1561" durationms="3.000" usertimems="4.000" systemtimems="0.000" timestamp="2019-06-15T00:49:35.478" activeThreads="1">
  <mem-info id="1567" free="37748736" total="62914560" percent="60">
    <mem type="eden" free="1046440" total="1048576" percent="99" />
    <remembered-set count="28896" freebytes="2395776" totalbytes="2511360" percent="95" regionsoverflowed="0" regionsstable="11" regionsrebuilding="0"/>
  </mem-info>
</gc-end>
<cycle-end id="1568" type="partial gc" contextid="1561" timestamp="2019-06-15T00:49:35.479" />
  <attribute name="elasticGC enabled" value="1" />
  <attribute name= "numThreadsSpecified" value="1" />
  <attribute name="heapSize specified" value="0" />
  <attribute name="Current GC Util" value="108" />
  <attribute name= "Current Time Running" value="12371" />
  <attribute name ="GC Interval" value="0" />
  <attribute name="ProportionalT" value="44.000000" />
  <attribute name="ProportionalI" value="44.000000" />
  <attribute name="ProportionalH" value="44.000000" />
  <attribute name="Current Error" value="88.000000" />
  <attribute name="IntegralT" value="0.000000" />
  <attribute name="IntegralI" value="0.000000" />
  <attribute name="IntegralH" value="0.000000" />
  <attribute name="DerivativeT" value="inf" />
  <attribute name="DerivativeI" value="inf" />
  <attribute name="DerivativeH" value="inf" />
  <attribute name="Loop Time for DT" value="0.000000" />
  <attribute name="Output H" value="8388608"/>
  <attribute name="Output I" value="200"/>
  <attribute name="Output T" value="1"/>
  <attribute name="Target GC Util Change" value ="20.000000" />
  <attribute name="Current GC Util Change" value="108.000000"/>
  <attribute name="GC Util currently" value="108" />
  <attribute name="CPU Util currently" value="7752244114141" />
<exclusive-end id="1569" timestamp="2019-06-15T00:49:35.479" durationms="4.385" />

<exclusive-start id="1570" timestamp="2019-06-15T00:49:35.544" intervalms="69.704">
  <response-info timems="0.068" idlems="0.068" threads="0" lastid="000000000118C700" lastname="main" />
</exclusive-start>
<allocation-taxation id="1571" taxation-threshold="22020096" timestamp="2019-06-15T00:49:35.544" intervalms="69.727" />
<cycle-start id="1572" type="partial gc" contextid="0" timestamp="2019-06-15T00:49:35.545" intervalms="69.754" />
<gc-start id="1573" type="partial gc" contextid="1572" timestamp="2019-06-15T00:49:35.545">
  <mem-info id="1574" free="15728640" total="62914560" percent="25">
    <mem type="eden" free="0" total="22020096" percent="0" />
    <remembered-set count="28448" freebytes="2397568" totalbytes="2511360" percent="95" regionsoverflowed="0" regionsstable="11" regionsrebuilding="0"/>
  </mem-info>
</gc-start>
<allocation-stats totalBytes="22015488" >
  <allocated-bytes non-tlh="0" tlh="22015488" arrayletleaf="0"/>
  <largest-consumer threadName="main" threadId="000000000118C700" bytes="22015488" />
</allocation-stats>
<gc-op id="1575" type="copy forward" timems="5.322" contextid="1572" timestamp="2019-06-15T00:49:35.551">
  <memory-copied type="eden" objects="25" bytes="1144" bytesdiscarded="0" />
  <memory-copied type="other" objects="23" bytes="992" bytesdiscarded="0" />
  <memory-cardclean objects="45" bytes="1800" />
  <regions eden="21" other="1" />
  <remembered-set-cleared processed="27788" cleared="19" durationms="0.180" />
  <stringconstants candidates="13760" cleared="0"  />
</gc-op>
<gc-op id="1576" type="classunload" timems="0.004" contextid="1572" timestamp="2019-06-15T00:49:35.552">
  <classunload-info classloadercandidates="54" classloadersunloaded="0" classesunloaded="0" anonymousclassesunloaded="0" quiescems="0.000" setupms="0.003" scanms="0.000" postms="0.000" />
</gc-op>
<gc-end id="1577" type="partial gc" contextid="1572" durationms="6.875" usertimems="8.000" systemtimems="0.000" timestamp="2019-06-15T00:49:35.552" activeThreads="4">
  <mem-info id="1578" free="36700160" total="62914560" percent="58">
    <mem type="eden" free="1047432" total="1048576" percent="99" />
    <remembered-set count="29920" freebytes="2391680" totalbytes="2511360" percent="95" regionsoverflowed="0" regionsstable="11" regionsrebuilding="0"/>
  </mem-info>
</gc-end>
<cycle-end id="1579" type="partial gc" contextid="1572" timestamp="2019-06-15T00:49:35.552" />
  <attribute name="elasticGC enabled" value="1" />
  <attribute name= "numThreadsSpecified" value="4" />
  <attribute name="heapSize specified" value="0" />
  <attribute name="Current GC Util" value="204" />
  <attribute name= "Current Time Running" value="12441" />
  <attribute name ="GC Interval" value="0" />
  <attribute name="ProportionalT" value="92.000000" />
  <attribute name="ProportionalI" value="92.000000" />
  <attribute name="ProportionalH" value="92.000000" />
  <attribute name="Current Error" value="184.000000" />
  <attribute name="IntegralT" value="184.000000" />
  <attribute name="IntegralI" value="184.000000" />
  <attribute name="IntegralH" value="184.000000" />
  <attribute name="DerivativeT" value="92.000000" />
  <attribute name="DerivativeI" value="92.000000" />
  <attribute name="DerivativeH" value="92.000000" />
  <attribute name="Loop Time for DT" value="1.000000" />
  <attribute name="Output H" value="8388608"/>
  <attribute name="Output I" value="368"/>
  <attribute name="Output T" value="4"/>
  <attribute name="Target GC Util Change" value ="20.000000" />
  <attribute name="Current GC Util Change" value="204.000000"/>
  <attribute name="GC Util currently" value="204" />
  <attribute name="CPU Util currently" value="8210712018889" />
<exclusive-end id="1580" timestamp="2019-06-15T00:49:35.552" durationms="8.222" />

<exclusive-start id="1581" timestamp="2019-06-15T00:49:35.598" intervalms="53.411">
  <response-info timems="0.063" idlems="0.063" threads="0" lastid="000000000118C700" lastname="main" />
</exclusive-start>
<allocation-taxation id="1582" taxation-threshold="22020096" timestamp="2019-06-15T00:49:35.598" intervalms="53.378" />
<cycle-start id="1583" type="partial gc" contextid="0" timestamp="2019-06-15T00:49:35.598" intervalms="53.353" />
<gc-start id="1584" type="partial gc" contextid="1583" timestamp="2019-06-15T00:49:35.598">
  <mem-info id="1585" free="14680064" total="62914560" percent="23">
    <mem type="eden" free="1047432" total="23068672" percent="4" />
    <remembered-set count="29472" freebytes="2393472" totalbytes="2511360" percent="95" regionsoverflowed="0" regionsstable="11" regionsrebuilding="0"/>
  </mem-info>
</gc-start>
<allocation-stats totalBytes="22015488" >
  <allocated-bytes non-tlh="0" tlh="22015488" arrayletleaf="0"/>
  <largest-consumer threadName="main" threadId="000000000118C700" bytes="22015488" />
</allocation-stats>
<gc-op id="1586" type="copy forward" timems="1.445" contextid="1583" timestamp="2019-06-15T00:49:35.601">
  <memory-copied type="eden" objects="25" bytes="1144" bytesdiscarded="0" />
  <memory-copied type="other" objects="0" bytes="0" bytesdiscarded="0" />
  <memory-cardclean objects="14" bytes="512" />
  <regions eden="21" other="1" />
  <remembered-set-cleared processed="27796" cleared="7" durationms="0.275" />
  <stringconstants candidates="13760" cleared="0"  />
</gc-op>
<gc-op id="1587" type="classunload" timems="0.004" contextid="1583" timestamp="2019-06-15T00:49:35.601">
  <classunload-info classloadercandidates="54" classloadersunloaded="0" classesunloaded="0" anonymousclassesunloaded="0" quiescems="0.000" setupms="0.004" scanms="0.000" postms="0.000" />
</gc-op>
<gc-end id="1588" type="partial gc" contextid="1583" durationms="2.919" usertimems="8.000" systemtimems="0.000" timestamp="2019-06-15T00:49:35.601" activeThreads="1">
  <mem-info id="1589" free="36700160" total="62914560" percent="58">
    <mem type="eden" free="1047432" total="1048576" percent="99" />
    <remembered-set count="29952" freebytes="2391552" totalbytes="2511360" percent="95" regionsoverflowed="0" regionsstable="11" regionsrebuilding="0"/>
  </mem-info>
</gc-end>
<cycle-end id="1590" type="partial gc" contextid="1583" timestamp="2019-06-15T00:49:35.601" />
  <attribute name="elasticGC enabled" value="1" />
  <attribute name= "numThreadsSpecified" value="1" />
  <attribute name="heapSize specified" value="0" />
  <attribute name="Current GC Util" value="107" />
  <attribute name= "Current Time Running" value="12494" />
  <attribute name ="GC Interval" value="0" />
  <attribute name="ProportionalT" value="43.500000" />
  <attribute name="ProportionalI" value="43.500000" />
  <attribute name="ProportionalH" value="43.500000" />
  <attribute name="Current Error" value="87.000000" />
  <attribute name="IntegralT" value="0.000000" />
  <attribute name="IntegralI" value="0.000000" />
  <attribute name="IntegralH" value="0.000000" />
  <attribute name="DerivativeT" value="inf" />
  <attribute name="DerivativeI" value="inf" />
  <attribute name="DerivativeH" value="inf" />
  <attribute name="Loop Time for DT" value="0.000000" />
  <attribute name="Output H" value="8388608"/>
  <attribute name="Output I" value="200"/>
  <attribute name="Output T" value="1"/>
  <attribute name="Target GC Util Change" value ="20.000000" />
  <attribute name="Current GC Util Change" value="107.000000"/>
  <attribute name="GC Util currently" value="107" />
  <attribute name="CPU Util currently" value="7719155567459" />
<exclusive-end id="1591" timestamp="2019-06-15T00:49:35.602" durationms="4.128" />

<exclusive-start id="1592" timestamp="2019-06-15T00:49:35.647" intervalms="49.215">
  <response-info timems="0.108" idlems="0.108" threads="0" lastid="000000000118C700" lastname="main" />
</exclusive-start>
<allocation-taxation id="1593" taxation-threshold="22020096" timestamp="2019-06-15T00:49:35.647" intervalms="49.237" />
<cycle-start id="1594" type="partial gc" contextid="0" timestamp="2019-06-15T00:49:35.647" intervalms="49.234" />
<gc-start id="1595" type="partial gc" contextid="1594" timestamp="2019-06-15T00:49:35.648">
  <mem-info id="1596" free="14680064" total="62914560" percent="23">
    <mem type="eden" free="1047432" total="23068672" percent="4" />
    <remembered-set count="29472" freebytes="2393472" totalbytes="2511360" percent="95" regionsoverflowed="0" regionsstable="11" regionsrebuilding="0"/>
  </mem-info>
</gc-start>
<allocation-stats totalBytes="22015488" >
  <allocated-bytes non-tlh="0" tlh="22015488" arrayletleaf="0"/>
  <largest-consumer threadName="main" threadId="000000000118C700" bytes="22015488" />
</allocation-stats>
<gc-op id="1597" type="copy forward" timems="5.633" contextid="1594" timestamp="2019-06-15T00:49:35.654">
  <memory-copied type="eden" objects="25" bytes="1144" bytesdiscarded="0" />
  <memory-copied type="other" objects="0" bytes="0" bytesdiscarded="0" />
  <memory-cardclean objects="14" bytes="512" />
  <regions eden="21" other="1" />
  <remembered-set-cleared processed="27795" cleared="6" durationms="0.230" />
  <stringconstants candidates="13760" cleared="0"  />
</gc-op>
<gc-op id="1598" type="classunload" timems="0.004" contextid="1594" timestamp="2019-06-15T00:49:35.654">
  <classunload-info classloadercandidates="54" classloadersunloaded="0" classesunloaded="0" anonymousclassesunloaded="0" quiescems="0.000" setupms="0.003" scanms="0.000" postms="0.000" />
</gc-op>
<gc-end id="1599" type="partial gc" contextid="1594" durationms="7.069" usertimems="8.000" systemtimems="0.000" timestamp="2019-06-15T00:49:35.655" activeThreads="4">
  <mem-info id="1600" free="36700160" total="62914560" percent="58">
    <mem type="eden" free="1047432" total="1048576" percent="99" />
    <remembered-set count="29504" freebytes="2393344" totalbytes="2511360" percent="95" regionsoverflowed="0" regionsstable="11" regionsrebuilding="0"/>
  </mem-info>
</gc-end>
<cycle-end id="1601" type="partial gc" contextid="1594" timestamp="2019-06-15T00:49:35.655" />
  <attribute name="elasticGC enabled" value="1" />
  <attribute name= "numThreadsSpecified" value="4" />
  <attribute name="heapSize specified" value="0" />
  <attribute name="Current GC Util" value="200" />
  <attribute name= "Current Time Running" value="12544" />
  <attribute name ="GC Interval" value="0" />
  <attribute name="ProportionalT" value="90.000000" />
  <attribute name="ProportionalI" value="90.000000" />
  <attribute name="ProportionalH" value="90.000000" />
  <attribute name="Current Error" value="180.000000" />
  <attribute name="IntegralT" value="180.000000" />
  <attribute name="IntegralI" value="180.000000" />
  <attribute name="IntegralH" value="180.000000" />
  <attribute name="DerivativeT" value="90.000000" />
  <attribute name="DerivativeI" value="90.000000" />
  <attribute name="DerivativeH" value="90.000000" />
  <attribute name="Loop Time for DT" value="1.000000" />
  <attribute name="Output H" value="8388608"/>
  <attribute name="Output I" value="360"/>
  <attribute name="Output T" value="4"/>
  <attribute name="Target GC Util Change" value ="20.000000" />
  <attribute name="Current GC Util Change" value="200.000000"/>
  <attribute name="GC Util currently" value="200" />
  <attribute name="CPU Util currently" value="7828238895020" />
<exclusive-end id="1602" timestamp="2019-06-15T00:49:35.655" durationms="8.291" />

<exclusive-start id="1603" timestamp="2019-06-15T00:49:36.535" intervalms="887.788">
  <response-info timems="0.061" idlems="0.061" threads="0" lastid="000000000118C700" lastname="main" />
</exclusive-start>
<allocation-taxation id="1604" taxation-threshold="22020096" timestamp="2019-06-15T00:49:36.535" intervalms="887.763" />
<cycle-start id="1605" type="partial gc" contextid="0" timestamp="2019-06-15T00:49:36.535" intervalms="887.716" />
<gc-start id="1606" type="partial gc" contextid="1605" timestamp="2019-06-15T00:49:36.535">
  <mem-info id="1607" free="14680064" total="62914560" percent="23">
    <mem type="eden" free="1047432" total="23068672" percent="4" />
    <remembered-set count="29024" freebytes="2395264" totalbytes="2511360" percent="95" regionsoverflowed="0" regionsstable="11" regionsrebuilding="0"/>
  </mem-info>
</gc-start>
<allocation-stats totalBytes="20902240" >
  <allocated-bytes non-tlh="0" tlh="20902240" arrayletleaf="0"/>
  <largest-consumer threadName="main" threadId="000000000118C700" bytes="20902240" />
</allocation-stats>
<gc-op id="1608" type="copy forward" timems="1.429" contextid="1605" timestamp="2019-06-15T00:49:36.538">
  <memory-copied type="eden" objects="102" bytes="21768" bytesdiscarded="0" />
  <memory-copied type="other" objects="0" bytes="0" bytesdiscarded="0" />
  <memory-cardclean objects="108" bytes="4056" />
  <regions eden="21" other="1" />
  <remembered-set-cleared processed="27796" cleared="31" durationms="0.268" />
  <stringconstants candidates="13760" cleared="0"  />
</gc-op>
<gc-op id="1609" type="classunload" timems="0.005" contextid="1605" timestamp="2019-06-15T00:49:36.538">
  <classunload-info classloadercandidates="54" classloadersunloaded="0" classesunloaded="0" anonymousclassesunloaded="0" quiescems="0.000" setupms="0.005" scanms="0.000" postms="0.000" />
</gc-op>
<heap-resize id="1610" type="contract" space="default" amount="3145728" count="1" timems="0.052" reason="insufficient time being spent in gc" timestamp="2019-06-15T00:49:36.538" />
<gc-end id="1611" type="partial gc" contextid="1605" durationms="3.058" usertimems="0.000" systemtimems="8.000" timestamp="2019-06-15T00:49:36.538" activeThreads="1">
  <mem-info id="1612" free="33554432" total="59768832" percent="56">
    <mem type="eden" free="1026808" total="1048576" percent="97" />
    <remembered-set count="29408" freebytes="2393728" totalbytes="2511360" percent="95" regionsoverflowed="0" regionsstable="11" regionsrebuilding="0"/>
  </mem-info>
</gc-end>
<cycle-end id="1613" type="partial gc" contextid="1605" timestamp="2019-06-15T00:49:36.539" />
  <attribute name="elasticGC enabled" value="1" />
  <attribute name= "numThreadsSpecified" value="1" />
  <attribute name="heapSize specified" value="0" />
  <attribute name="Current GC Util" value="104" />
  <attribute name= "Current Time Running" value="13431" />
  <attribute name ="GC Interval" value="0" />
  <attribute name="ProportionalT" value="42.000000" />
  <attribute name="ProportionalI" value="42.000000" />
  <attribute name="ProportionalH" value="42.000000" />
  <attribute name="Current Error" value="84.000000" />
  <attribute name="IntegralT" value="0.000000" />
  <attribute name="IntegralI" value="0.000000" />
  <attribute name="IntegralH" value="0.000000" />
  <attribute name="DerivativeT" value="inf" />
  <attribute name="DerivativeI" value="inf" />
  <attribute name="DerivativeH" value="inf" />
  <attribute name="Loop Time for DT" value="0.000000" />
  <attribute name="Output H" value="8388608"/>
  <attribute name="Output I" value="200"/>
  <attribute name="Output T" value="1"/>
  <attribute name="Target GC Util Change" value ="20.000000" />
  <attribute name="Current GC Util Change" value="104.000000"/>
  <attribute name="GC Util currently" value="104" />
  <attribute name="CPU Util currently" value="7753404092539" />
<exclusive-end id="1614" timestamp="2019-06-15T00:49:36.539" durationms="4.302" />

<exclusive-start id="1615" timestamp="2019-06-15T00:49:36.553" intervalms="18.912">
  <response-info timems="0.073" idlems="0.073" threads="0" lastid="000000000118C700" lastname="main" />
</exclusive-start>
<allocation-taxation id="1616" taxation-threshold="22020096" timestamp="2019-06-15T00:49:36.554" intervalms="18.960" />
<cycle-start id="1617" type="partial gc" contextid="0" timestamp="2019-06-15T00:49:36.554" intervalms="19.008" />
<gc-start id="1618" type="partial gc" contextid="1617" timestamp="2019-06-15T00:49:36.554">
  <mem-info id="1619" free="11534336" total="59768832" percent="19">
    <mem type="eden" free="0" total="22020096" percent="0" />
    <remembered-set count="28992" freebytes="2395392" totalbytes="2511360" percent="95" regionsoverflowed="0" regionsstable="11" regionsrebuilding="0"/>
  </mem-info>
</gc-start>
<allocation-stats totalBytes="20727584" >
  <allocated-bytes non-tlh="0" tlh="20727584" arrayletleaf="0"/>
  <largest-consumer threadName="main" threadId="000000000118C700" bytes="20727584" />
</allocation-stats>
<gc-op id="1620" type="copy forward" timems="5.588" contextid="1617" timestamp="2019-06-15T00:49:36.561">
  <memory-copied type="eden" objects="10" bytes="13720" bytesdiscarded="0" />
  <memory-copied type="other" objects="92" bytes="3552" bytesdiscarded="712" />
  <memory-cardclean objects="3471" bytes="367128" />
  <regions eden="21" other="1" />
  <remembered-set-cleared processed="27567" cleared="108" durationms="0.200" />
  <stringconstants candidates="13760" cleared="0"  />
</gc-op>
<gc-op id="1621" type="classunload" timems="0.004" contextid="1617" timestamp="2019-06-15T00:49:36.561">
  <classunload-info classloadercandidates="54" classloadersunloaded="0" classesunloaded="0" anonymousclassesunloaded="0" quiescems="0.000" setupms="0.004" scanms="0.000" postms="0.000" />
</gc-op>
<heap-resize id="1622" type="contract" space="default" amount="3145728" count="1" timems="0.107" reason="insufficient time being spent in gc" timestamp="2019-06-15T00:49:36.562" />
<gc-end id="1623" type="partial gc" contextid="1617" durationms="7.688" usertimems="12.000" systemtimems="0.000" timestamp="2019-06-15T00:49:36.562" activeThreads="4">
  <mem-info id="1624" free="29360128" total="56623104" percent="51">
    <mem type="eden" free="1034856" total="1048576" percent="98" />
    <remembered-set count="30048" freebytes="2265600" totalbytes="2385792" percent="94" regionsoverflowed="0" regionsstable="11" regionsrebuilding="0"/>
  </mem-info>
</gc-end>
<cycle-end id="1625" type="partial gc" contextid="1617" timestamp="2019-06-15T00:49:36.562" />
  <attribute name="elasticGC enabled" value="1" />
  <attribute name= "numThreadsSpecified" value="4" />
  <attribute name="heapSize specified" value="0" />
  <attribute name="Current GC Util" value="118" />
  <attribute name= "Current Time Running" value="13451" />
  <attribute name ="GC Interval" value="0" />
  <attribute name="ProportionalT" value="49.000000" />
  <attribute name="ProportionalI" value="49.000000" />
  <attribute name="ProportionalH" value="49.000000" />
  <attribute name="Current Error" value="98.000000" />
  <attribute name="IntegralT" value="98.000000" />
  <attribute name="IntegralI" value="98.000000" />
  <attribute name="IntegralH" value="98.000000" />
  <attribute name="DerivativeT" value="49.000000" />
  <attribute name="DerivativeI" value="49.000000" />
  <attribute name="DerivativeH" value="49.000000" />
  <attribute name="Loop Time for DT" value="1.000000" />
  <attribute name="Output H" value="8388608"/>
  <attribute name="Output I" value="200"/>
  <attribute name="Output T" value="4"/>
  <attribute name="Target GC Util Change" value ="20.000000" />
  <attribute name="Current GC Util Change" value="118.000000"/>
  <attribute name="GC Util currently" value="118" />
  <attribute name="CPU Util currently" value="4531786066741" />
<exclusive-end id="1626" timestamp="2019-06-15T00:49:36.562" durationms="8.957" />

<exclusive-start id="1627" timestamp="2019-06-15T00:49:36.570" intervalms="16.128">
  <response-info timems="0.064" idlems="0.064" threads="0" lastid="000000000118C700" lastname="main" />
</exclusive-start>
<allocation-taxation id="1628" taxation-threshold="10485760" timestamp="2019-06-15T00:49:36.570" intervalms="16.097" />
<cycle-start id="1629" type="global mark phase" contextid="0" timestamp="2019-06-15T00:49:36.570" intervalms="1674.697" />
<gc-start id="1630" type="global mark phase" contextid="1629" timestamp="2019-06-15T00:49:36.570">
  <mem-info id="1631" free="18874368" total="56623104" percent="33">
    <remembered-set count="29664" freebytes="2267136" totalbytes="2385792" percent="95" regionsoverflowed="0" regionsstable="11" regionsrebuilding="0"/>
  </mem-info>
</gc-start>
<gc-op id="1632" type="mark increment" timems="2.130" contextid="1629" timestamp="2019-06-15T00:49:36.572">
  <trace-info objectcount="182" scancount="0" scanbytes="0" />
</gc-op>
<gc-end id="1633" type="global mark phase" contextid="1629" durationms="2.410" usertimems="0.000" systemtimems="0.000" timestamp="2019-06-15T00:49:36.572" activeThreads="4">
  <mem-info id="1634" free="18874368" total="56623104" percent="33">
    <remembered-set count="29664" freebytes="2267136" totalbytes="2385792" percent="95" regionsoverflowed="0" regionsstable="0" regionsrebuilding="11"/>
  </mem-info>
</gc-end>
<concurrent-start id="1635" type="GMP work packet processing" contextid="1629" timestamp="2019-06-15T00:49:36.573">
  <concurrent-mark-start scanTarget="1730950" />
</concurrent-start>
<exclusive-end id="1636" timestamp="2019-06-15T00:49:36.573" durationms="3.578" />

<concurrent-end id="1637" type="GMP work packet processing" contextid="1629" timestamp="2019-06-15T00:49:36.576">
  <concurrent-mark-end bytesScanned="1783580" reasonForTermination="Work target met" />
</concurrent-end>

<exclusive-start id="1638" timestamp="2019-06-15T00:49:36.583" intervalms="13.033">
  <response-info timems="0.054" idlems="0.054" threads="0" lastid="000000000118C700" lastname="main" />
</exclusive-start>
<allocation-taxation id="1639" taxation-threshold="10485760" timestamp="2019-06-15T00:49:36.583" intervalms="13.045" />
<cycle-start id="1640" type="partial gc" contextid="0" timestamp="2019-06-15T00:49:36.583" intervalms="29.140" />
<gc-start id="1641" type="partial gc" contextid="1640" timestamp="2019-06-15T00:49:36.583">
  <mem-info id="1642" free="8388608" total="56623104" percent="14">
    <mem type="eden" free="1034856" total="22020096" percent="4" />
    <remembered-set count="35904" freebytes="2242176" totalbytes="2385792" percent="93" regionsoverflowed="0" regionsstable="0" regionsrebuilding="11"/>
  </mem-info>
</gc-start>
<allocation-stats totalBytes="19625488" >
  <allocated-bytes non-tlh="0" tlh="19625488" arrayletleaf="0"/>
  <largest-consumer threadName="main" threadId="000000000118C700" bytes="9814120" />
</allocation-stats>
<gc-op id="1643" type="copy forward" timems="7.832" contextid="1640" timestamp="2019-06-15T00:49:36.593">
  <memory-copied type="eden" objects="10" bytes="18216" bytesdiscarded="0" />
  <memory-copied type="other" objects="0" bytes="0" bytesdiscarded="0" />
  <memory-cardclean objects="16826" bytes="900960" />
  <regions eden="20" other="1" />
  <remembered-set-cleared processed="31367" cleared="3236" durationms="0.228" />
  <stringconstants candidates="13760" cleared="0"  />
</gc-op>
<gc-op id="1644" type="classunload" timems="0.007" contextid="1640" timestamp="2019-06-15T00:49:36.593">
  <classunload-info classloadercandidates="54" classloadersunloaded="0" classesunloaded="0" anonymousclassesunloaded="0" quiescems="0.000" setupms="0.006" scanms="0.000" postms="0.000" />
</gc-op>
<heap-resize id="1645" type="expand" space="default" amount="10485760" count="1" timems="0.077" reason="excessive time being spent in gc" timestamp="2019-06-15T00:49:36.593" />
<gc-end id="1646" type="partial gc" contextid="1640" durationms="9.895" usertimems="16.000" systemtimems="0.000" timestamp="2019-06-15T00:49:36.593" activeThreads="4">
  <mem-info id="1647" free="39845888" total="67108864" percent="59">
    <mem type="eden" free="1030360" total="1048576" percent="98" />
    <remembered-set count="34528" freebytes="2540672" totalbytes="2678784" percent="94" regionsoverflowed="0" regionsstable="0" regionsrebuilding="11"/>
  </mem-info>
</gc-end>
<cycle-end id="1648" type="partial gc" contextid="1640" timestamp="2019-06-15T00:49:36.593" />
  <attribute name="elasticGC enabled" value="1" />
  <attribute name= "numThreadsSpecified" value="4" />
  <attribute name="heapSize specified" value="0" />
  <attribute name="Current GC Util" value="85" />
  <attribute name= "Current Time Running" value="13480" />
  <attribute name ="GC Interval" value="0" />
  <attribute name="ProportionalT" value="32.500000" />
  <attribute name="ProportionalI" value="32.500000" />
  <attribute name="ProportionalH" value="32.500000" />
  <attribute name="Current Error" value="65.000000" />
  <attribute name="IntegralT" value="65.000000" />
  <attribute name="IntegralI" value="65.000000" />
  <attribute name="IntegralH" value="65.000000" />
  <attribute name="DerivativeT" value="14.000000" />
  <attribute name="DerivativeI" value="14.000000" />
  <attribute name="DerivativeH" value="14.000000" />
  <attribute name="Loop Time for DT" value="1.000000" />
  <attribute name="Output H" value="8388608"/>
  <attribute name="Output I" value="200"/>
  <attribute name="Output T" value="4"/>
  <attribute name="Target GC Util Change" value ="20.000000" />
  <attribute name="Current GC Util Change" value="85.000000"/>
  <attribute name="GC Util currently" value="85" />
  <attribute name="CPU Util currently" value="5787816627679" />
<exclusive-end id="1649" timestamp="2019-06-15T00:49:36.594" durationms="11.083" />

<exclusive-start id="1650" timestamp="2019-06-15T00:49:36.600" intervalms="17.077">
  <response-info timems="0.146" idlems="0.146" threads="0" lastid="000000000118C700" lastname="main" />
</exclusive-start>
<allocation-taxation id="1651" taxation-threshold="11534336" timestamp="2019-06-15T00:49:36.600" intervalms="17.048" />
<gc-start id="1652" type="global mark phase" contextid="1629" timestamp="2019-06-15T00:49:36.600">
  <mem-info id="1653" free="28311552" total="67108864" percent="42">
    <remembered-set count="34336" freebytes="2541440" totalbytes="2678784" percent="94" regionsoverflowed="0" regionsstable="0" regionsrebuilding="11"/>
  </mem-info>
</gc-start>
<gc-end id="1654" type="global mark phase" contextid="1629" durationms="0.124" usertimems="0.000" systemtimems="0.000" timestamp="2019-06-15T00:49:36.600" activeThreads="4">
  <mem-info id="1655" free="28311552" total="67108864" percent="42">
    <remembered-set count="34336" freebytes="2541440" totalbytes="2678784" percent="94" regionsoverflowed="0" regionsstable="0" regionsrebuilding="11"/>
  </mem-info>
</gc-end>
<concurrent-start id="1656" type="GMP work packet processing" contextid="1629" timestamp="2019-06-15T00:49:36.600">
  <concurrent-mark-start scanTarget="1730950" />
</concurrent-start>
<exclusive-end id="1657" timestamp="2019-06-15T00:49:36.601" durationms="1.093" />

<concurrent-end id="1658" type="GMP work packet processing" contextid="1629" timestamp="2019-06-15T00:49:36.606">
  <concurrent-mark-end bytesScanned="1804484" reasonForTermination="Work target met" />
</concurrent-end>

<exclusive-start id="1659" timestamp="2019-06-15T00:49:37.112" intervalms="512.436">
  <response-info timems="0.061" idlems="0.061" threads="0" lastid="000000000118C700" lastname="main" />
</exclusive-start>
<allocation-taxation id="1660" taxation-threshold="11534336" timestamp="2019-06-15T00:49:37.112" intervalms="512.474" />
<cycle-start id="1661" type="partial gc" contextid="0" timestamp="2019-06-15T00:49:37.113" intervalms="529.527" />
<gc-start id="1662" type="partial gc" contextid="1661" timestamp="2019-06-15T00:49:37.113">
  <mem-info id="1663" free="16777216" total="67108864" percent="25">
    <mem type="eden" free="1030360" total="24117248" percent="4" />
    <remembered-set count="38016" freebytes="2526720" totalbytes="2678784" percent="94" regionsoverflowed="0" regionsstable="0" regionsrebuilding="11"/>
  </mem-info>
</gc-start>
<allocation-stats totalBytes="22439224" >
  <allocated-bytes non-tlh="0" tlh="22439224" arrayletleaf="0"/>
  <largest-consumer threadName="main" threadId="000000000118C700" bytes="11534224" />
</allocation-stats>
<gc-op id="1664" type="copy forward" timems="1.976" contextid="1661" timestamp="2019-06-15T00:49:37.116">
  <memory-copied type="eden" objects="59" bytes="41584" bytesdiscarded="576" />
  <memory-copied type="other" objects="0" bytes="0" bytesdiscarded="0" />
  <memory-cardclean objects="96" bytes="3712" />
  <regions eden="22" other="1" />
  <remembered-set-cleared processed="35324" cleared="40" durationms="0.240" />
  <stringconstants candidates="13760" cleared="0"  />
</gc-op>
<gc-op id="1665" type="classunload" timems="0.006" contextid="1661" timestamp="2019-06-15T00:49:37.116">
  <classunload-info classloadercandidates="54" classloadersunloaded="0" classesunloaded="0" anonymousclassesunloaded="0" quiescems="0.000" setupms="0.006" scanms="0.000" postms="0.000" />
</gc-op>
<gc-end id="1666" type="partial gc" contextid="1661" durationms="3.095" usertimems="4.000" systemtimems="0.000" timestamp="2019-06-15T00:49:37.116" activeThreads="4">
  <mem-info id="1667" free="39845888" total="67108864" percent="59">
    <mem type="eden" free="1006416" total="1048576" percent="95" />
    <remembered-set count="37920" freebytes="2527104" totalbytes="2678784" percent="94" regionsoverflowed="0" regionsstable="0" regionsrebuilding="11"/>
  </mem-info>
</gc-end>
<cycle-end id="1668" type="partial gc" contextid="1661" timestamp="2019-06-15T00:49:37.116" />
  <attribute name="elasticGC enabled" value="1" />
  <attribute name= "numThreadsSpecified" value="4" />
  <attribute name="heapSize specified" value="0" />
  <attribute name="Current GC Util" value="51" />
  <attribute name= "Current Time Running" value="14009" />
  <attribute name ="GC Interval" value="0" />
  <attribute name="ProportionalT" value="15.500000" />
  <attribute name="ProportionalI" value="15.500000" />
  <attribute name="ProportionalH" value="15.500000" />
  <attribute name="Current Error" value="31.000000" />
  <attribute name="IntegralT" value="31.000000" />
  <attribute name="IntegralI" value="31.000000" />
  <attribute name="IntegralH" value="31.000000" />
  <attribute name="DerivativeT" value="15.500000" />
  <attribute name="DerivativeI" value="15.500000" />
  <attribute name="DerivativeH" value="15.500000" />
  <attribute name="Loop Time for DT" value="1.000000" />
  <attribute name="Output H" value="8388608"/>
  <attribute name="Output I" value="200"/>
  <attribute name="Output T" value="4"/>
  <attribute name="Target GC Util Change" value ="20.000000" />
  <attribute name="Current GC Util Change" value="51.000000"/>
  <attribute name="GC Util currently" value="51" />
  <attribute name="CPU Util currently" value="21618629223520" />
<exclusive-end id="1669" timestamp="2019-06-15T00:49:37.117" durationms="4.428" />

<exclusive-start id="1670" timestamp="2019-06-15T00:49:37.173" intervalms="60.488">
  <response-info timems="0.245" idlems="0.245" threads="0" lastid="000000000118C700" lastname="main" />
</exclusive-start>
<allocation-taxation id="1671" taxation-threshold="11534336" timestamp="2019-06-15T00:49:37.173" intervalms="60.455" />
<gc-start id="1672" type="global mark phase" contextid="1629" timestamp="2019-06-15T00:49:37.173">
  <mem-info id="1673" free="28311552" total="67108864" percent="42">
    <remembered-set count="37440" freebytes="2529024" totalbytes="2678784" percent="94" regionsoverflowed="0" regionsstable="0" regionsrebuilding="11"/>
  </mem-info>
</gc-start>
<gc-end id="1674" type="global mark phase" contextid="1629" durationms="0.156" usertimems="0.000" systemtimems="0.000" timestamp="2019-06-15T00:49:37.173" activeThreads="4">
  <mem-info id="1675" free="28311552" total="67108864" percent="42">
    <remembered-set count="37440" freebytes="2529024" totalbytes="2678784" percent="94" regionsoverflowed="0" regionsstable="0" regionsrebuilding="11"/>
  </mem-info>
</gc-end>
<concurrent-start id="1676" type="GMP work packet processing" contextid="1629" timestamp="2019-06-15T00:49:37.173">
  <concurrent-mark-start scanTarget="1730950" />
</concurrent-start>
<concurrent-end id="1677" type="GMP work packet processing" contextid="1629" timestamp="2019-06-15T00:49:37.175">
  <concurrent-mark-end bytesScanned="1742204" reasonForTermination="Work target met" />
</concurrent-end>

<exclusive-end id="1678" timestamp="2019-06-15T00:49:37.175" durationms="2.696" />

<exclusive-start id="1679" timestamp="2019-06-15T00:49:37.225" intervalms="51.924">
  <response-info timems="0.067" idlems="0.067" threads="0" lastid="000000000118C700" lastname="main" />
</exclusive-start>
<allocation-taxation id="1680" taxation-threshold="11534336" timestamp="2019-06-15T00:49:37.225" intervalms="51.977" />
<cycle-start id="1681" type="partial gc" contextid="0" timestamp="2019-06-15T00:49:37.225" intervalms="112.431" />
<gc-start id="1682" type="partial gc" contextid="1681" timestamp="2019-06-15T00:49:37.225">
  <mem-info id="1683" free="16777216" total="67108864" percent="25">
    <mem type="eden" free="0" total="23068672" percent="0" />
    <remembered-set count="40736" freebytes="2515840" totalbytes="2678784" percent="93" regionsoverflowed="0" regionsstable="0" regionsrebuilding="11"/>
  </mem-info>
</gc-start>
<allocation-stats totalBytes="23065600" >
  <allocated-bytes non-tlh="0" tlh="23065600" arrayletleaf="0"/>
  <largest-consumer threadName="main" threadId="000000000118C700" bytes="11533040" />
</allocation-stats>
<gc-op id="1684" type="copy forward" timems="5.297" contextid="1681" timestamp="2019-06-15T00:49:37.232">
  <memory-copied type="eden" objects="3" bytes="128" bytesdiscarded="0" />
  <memory-copied type="other" objects="58" bytes="41504" bytesdiscarded="464" />
  <memory-cardclean objects="61" bytes="2624" />
  <regions eden="22" other="1" />
  <remembered-set-cleared processed="38766" cleared="52" durationms="0.261" />
  <stringconstants candidates="13760" cleared="0"  />
</gc-op>
<gc-op id="1685" type="classunload" timems="0.006" contextid="1681" timestamp="2019-06-15T00:49:37.232">
  <classunload-info classloadercandidates="54" classloadersunloaded="0" classesunloaded="0" anonymousclassesunloaded="0" quiescems="0.000" setupms="0.005" scanms="0.000" postms="0.000" />
</gc-op>
<heap-resize id="1686" type="contract" space="default" amount="4194304" count="1" timems="0.061" reason="insufficient time being spent in gc" timestamp="2019-06-15T00:49:37.232" />
<gc-end id="1687" type="partial gc" contextid="1681" durationms="7.181" usertimems="12.000" systemtimems="0.000" timestamp="2019-06-15T00:49:37.233" activeThreads="4">
  <mem-info id="1688" free="34603008" total="62914560" percent="55">
    <mem type="eden" free="1048448" total="1048576" percent="99" />
    <remembered-set count="41344" freebytes="2513408" totalbytes="2678784" percent="93" regionsoverflowed="0" regionsstable="0" regionsrebuilding="11"/>
  </mem-info>
</gc-end>
<cycle-end id="1689" type="partial gc" contextid="1681" timestamp="2019-06-15T00:49:37.233" />
  <attribute name="elasticGC enabled" value="1" />
  <attribute name= "numThreadsSpecified" value="4" />
  <attribute name="heapSize specified" value="0" />
  <attribute name="Current GC Util" value="82" />
  <attribute name= "Current Time Running" value="14122" />
  <attribute name ="GC Interval" value="0" />
  <attribute name="ProportionalT" value="31.000000" />
  <attribute name="ProportionalI" value="31.000000" />
  <attribute name="ProportionalH" value="31.000000" />
  <attribute name="Current Error" value="62.000000" />
  <attribute name="IntegralT" value="62.000000" />
  <attribute name="IntegralI" value="62.000000" />
  <attribute name="IntegralH" value="62.000000" />
  <attribute name="DerivativeT" value="31.000000" />
  <attribute name="DerivativeI" value="31.000000" />
  <attribute name="DerivativeH" value="31.000000" />
  <attribute name="Loop Time for DT" value="1.000000" />
  <attribute name="Output H" value="8388608"/>
  <attribute name="Output I" value="200"/>
  <attribute name="Output T" value="4"/>
  <attribute name="Target GC Util Change" value ="20.000000" />
  <attribute name="Current GC Util Change" value="82.000000"/>
  <attribute name="GC Util currently" value="82" />
  <attribute name="CPU Util currently" value="6034216264979" />
<exclusive-end id="1690" timestamp="2019-06-15T00:49:37.233" durationms="8.469" />

<exclusive-start id="1691" timestamp="2019-06-15T00:49:37.278" intervalms="53.208">
  <response-info timems="0.085" idlems="0.085" threads="0" lastid="000000000118C700" lastname="main" />
</exclusive-start>
<allocation-taxation id="1692" taxation-threshold="10485760" timestamp="2019-06-15T00:49:37.278" intervalms="53.157" />
<gc-start id="1693" type="global mark phase" contextid="1629" timestamp="2019-06-15T00:49:37.278">
  <mem-info id="1694" free="24117248" total="62914560" percent="38">
    <remembered-set count="40896" freebytes="2515200" totalbytes="2678784" percent="93" regionsoverflowed="0" regionsstable="0" regionsrebuilding="11"/>
  </mem-info>
</gc-start>
<gc-end id="1695" type="global mark phase" contextid="1629" durationms="0.156" usertimems="0.000" systemtimems="0.000" timestamp="2019-06-15T00:49:37.278" activeThreads="4">
  <mem-info id="1696" free="24117248" total="62914560" percent="38">
    <remembered-set count="40896" freebytes="2515200" totalbytes="2678784" percent="93" regionsoverflowed="0" regionsstable="0" regionsrebuilding="11"/>
  </mem-info>
</gc-end>
<concurrent-start id="1697" type="GMP work packet processing" contextid="1629" timestamp="2019-06-15T00:49:37.278">
  <concurrent-mark-start scanTarget="1730950" />
</concurrent-start>
<exclusive-end id="1698" timestamp="2019-06-15T00:49:37.279" durationms="1.071" />

<concurrent-end id="1699" type="GMP work packet processing" contextid="1629" timestamp="2019-06-15T00:49:37.281">
  <concurrent-mark-end bytesScanned="1766680" reasonForTermination="Work target met" />
</concurrent-end>

<exclusive-start id="1700" timestamp="2019-06-15T00:49:37.324" intervalms="46.756">
  <response-info timems="0.074" idlems="0.074" threads="0" lastid="000000000118C700" lastname="main" />
</exclusive-start>
<allocation-taxation id="1701" taxation-threshold="10485760" timestamp="2019-06-15T00:49:37.325" intervalms="46.802" />
<cycle-start id="1702" type="partial gc" contextid="0" timestamp="2019-06-15T00:49:37.325" intervalms="99.997" />
<gc-start id="1703" type="partial gc" contextid="1702" timestamp="2019-06-15T00:49:37.325">
  <mem-info id="1704" free="13631488" total="62914560" percent="21">
    <mem type="eden" free="1048448" total="22020096" percent="4" />
    <remembered-set count="41920" freebytes="2511104" totalbytes="2678784" percent="93" regionsoverflowed="0" regionsstable="0" regionsrebuilding="11"/>
  </mem-info>
</gc-start>
<allocation-stats totalBytes="20968840" >
  <allocated-bytes non-tlh="0" tlh="20968840" arrayletleaf="0"/>
  <largest-consumer threadName="main" threadId="000000000118C700" bytes="10484584" />
</allocation-stats>
<gc-op id="1705" type="copy forward" timems="7.733" contextid="1702" timestamp="2019-06-15T00:49:37.335">
  <memory-copied type="eden" objects="2" bytes="56" bytesdiscarded="0" />
  <memory-copied type="other" objects="0" bytes="0" bytesdiscarded="0" />
  <memory-cardclean objects="27556" bytes="1106008" />
  <regions eden="20" other="1" />
  <remembered-set-cleared processed="33464" cleared="3430" durationms="0.324" />
  <stringconstants candidates="13760" cleared="0"  />
</gc-op>
<gc-op id="1706" type="classunload" timems="0.009" contextid="1702" timestamp="2019-06-15T00:49:37.335">
  <classunload-info classloadercandidates="54" classloadersunloaded="0" classesunloaded="0" anonymousclassesunloaded="0" quiescems="0.000" setupms="0.009" scanms="0.000" postms="0.000" />
</gc-op>
<gc-end id="1707" type="partial gc" contextid="1702" durationms="9.858" usertimems="24.000" systemtimems="0.000" timestamp="2019-06-15T00:49:37.335" activeThreads="4">
  <mem-info id="1708" free="34603008" total="62914560" percent="55">
    <mem type="eden" free="1048520" total="1048576" percent="99" />
    <remembered-set count="37056" freebytes="2363136" totalbytes="2511360" percent="94" regionsoverflowed="0" regionsstable="0" regionsrebuilding="11"/>
  </mem-info>
</gc-end>
<cycle-end id="1709" type="partial gc" contextid="1702" timestamp="2019-06-15T00:49:37.335" />
  <attribute name="elasticGC enabled" value="1" />
  <attribute name= "numThreadsSpecified" value="4" />
  <attribute name="heapSize specified" value="0" />
  <attribute name="Current GC Util" value="84" />
  <attribute name= "Current Time Running" value="14222" />
  <attribute name ="GC Interval" value="0" />
  <attribute name="ProportionalT" value="32.000000" />
  <attribute name="ProportionalI" value="32.000000" />
  <attribute name="ProportionalH" value="32.000000" />
  <attribute name="Current Error" value="64.000000" />
  <attribute name="IntegralT" value="64.000000" />
  <attribute name="IntegralI" value="64.000000" />
  <attribute name="IntegralH" value="64.000000" />
  <attribute name="DerivativeT" value="32.000000" />
  <attribute name="DerivativeI" value="32.000000" />
  <attribute name="DerivativeH" value="32.000000" />
  <attribute name="Loop Time for DT" value="1.000000" />
  <attribute name="Output H" value="8388608"/>
  <attribute name="Output I" value="200"/>
  <attribute name="Output T" value="4"/>
  <attribute name="Target GC Util Change" value ="20.000000" />
  <attribute name="Current GC Util Change" value="84.000000"/>
  <attribute name="GC Util currently" value="84" />
  <attribute name="CPU Util currently" value="5529268012067" />
<exclusive-end id="1710" timestamp="2019-06-15T00:49:37.336" durationms="11.216" />

<exclusive-start id="1711" timestamp="2019-06-15T00:49:37.405" intervalms="80.125">
  <response-info timems="0.055" idlems="0.055" threads="0" lastid="000000000118C700" lastname="main" />
</exclusive-start>
<allocation-taxation id="1712" taxation-threshold="10485760" timestamp="2019-06-15T00:49:37.405" intervalms="80.101" />
<gc-start id="1713" type="global mark phase" contextid="1629" timestamp="2019-06-15T00:49:37.405">
  <mem-info id="1714" free="24117248" total="62914560" percent="38">
    <remembered-set count="36672" freebytes="2364672" totalbytes="2511360" percent="94" regionsoverflowed="0" regionsstable="0" regionsrebuilding="11"/>
  </mem-info>
</gc-start>
<gc-end id="1715" type="global mark phase" contextid="1629" durationms="0.182" usertimems="0.000" systemtimems="0.000" timestamp="2019-06-15T00:49:37.405" activeThreads="4">
  <mem-info id="1716" free="24117248" total="62914560" percent="38">
    <remembered-set count="36672" freebytes="2364672" totalbytes="2511360" percent="94" regionsoverflowed="0" regionsstable="0" regionsrebuilding="11"/>
  </mem-info>
</gc-end>
<concurrent-start id="1717" type="GMP work packet processing" contextid="1629" timestamp="2019-06-15T00:49:37.405">
  <concurrent-mark-start scanTarget="1730950" />
</concurrent-start>
<exclusive-end id="1718" timestamp="2019-06-15T00:49:37.406" durationms="1.174" />

<concurrent-end id="1719" type="GMP work packet processing" contextid="1629" timestamp="2019-06-15T00:49:37.408">
  <concurrent-mark-end bytesScanned="1755812" reasonForTermination="Work target met" />
</concurrent-end>

<exclusive-start id="1720" timestamp="2019-06-15T00:49:37.462" intervalms="57.575">
  <response-info timems="0.165" idlems="0.165" threads="0" lastid="000000000118C700" lastname="main" />
</exclusive-start>
<allocation-taxation id="1721" taxation-threshold="10485760" timestamp="2019-06-15T00:49:37.462" intervalms="57.511" />
<cycle-start id="1722" type="partial gc" contextid="0" timestamp="2019-06-15T00:49:37.462" intervalms="137.528" />
<gc-start id="1723" type="partial gc" contextid="1722" timestamp="2019-06-15T00:49:37.463">
  <mem-info id="1724" free="13631488" total="62914560" percent="21">
    <mem type="eden" free="1048520" total="22020096" percent="4" />
    <remembered-set count="38720" freebytes="2356480" totalbytes="2511360" percent="93" regionsoverflowed="0" regionsstable="0" regionsrebuilding="11"/>
  </mem-info>
</gc-start>
<allocation-stats totalBytes="20968096" >
  <allocated-bytes non-tlh="32" tlh="20968064" arrayletleaf="0"/>
  <largest-consumer threadName="main" threadId="000000000118C700" bytes="10483920" />
</allocation-stats>
<gc-op id="1725" type="copy forward" timems="5.857" contextid="1722" timestamp="2019-06-15T00:49:37.470">
  <memory-copied type="eden" objects="50" bytes="1552" bytesdiscarded="696" />
  <memory-copied type="other" objects="0" bytes="0" bytesdiscarded="0" />
  <memory-cardclean objects="72" bytes="2824" />
  <regions eden="20" other="1" />
  <remembered-set-cleared processed="36266" cleared="27" durationms="0.245" />
  <stringconstants candidates="13761" cleared="0"  />
</gc-op>
<gc-op id="1726" type="classunload" timems="0.006" contextid="1722" timestamp="2019-06-15T00:49:37.470">
  <classunload-info classloadercandidates="54" classloadersunloaded="0" classesunloaded="0" anonymousclassesunloaded="0" quiescems="0.000" setupms="0.005" scanms="0.000" postms="0.000" />
</gc-op>
<gc-end id="1727" type="partial gc" contextid="1722" durationms="7.404" usertimems="12.000" systemtimems="0.000" timestamp="2019-06-15T00:49:37.470" activeThreads="4">
  <mem-info id="1728" free="34603008" total="62914560" percent="55">
    <mem type="eden" free="1046328" total="1048576" percent="99" />
    <remembered-set count="39392" freebytes="2353792" totalbytes="2511360" percent="93" regionsoverflowed="0" regionsstable="0" regionsrebuilding="11"/>
  </mem-info>
</gc-end>
<cycle-end id="1729" type="partial gc" contextid="1722" timestamp="2019-06-15T00:49:37.471" />
  <attribute name="elasticGC enabled" value="1" />
  <attribute name= "numThreadsSpecified" value="4" />
  <attribute name="heapSize specified" value="0" />
  <attribute name="Current GC Util" value="107" />
  <attribute name= "Current Time Running" value="14359" />
  <attribute name ="GC Interval" value="0" />
  <attribute name="ProportionalT" value="43.500000" />
  <attribute name="ProportionalI" value="43.500000" />
  <attribute name="ProportionalH" value="43.500000" />
  <attribute name="Current Error" value="87.000000" />
  <attribute name="IntegralT" value="87.000000" />
  <attribute name="IntegralI" value="87.000000" />
  <attribute name="IntegralH" value="87.000000" />
  <attribute name="DerivativeT" value="43.500000" />
  <attribute name="DerivativeI" value="43.500000" />
  <attribute name="DerivativeH" value="43.500000" />
  <attribute name="Loop Time for DT" value="1.000000" />
  <attribute name="Output H" value="8388608"/>
  <attribute name="Output I" value="200"/>
  <attribute name="Output T" value="4"/>
  <attribute name="Target GC Util Change" value ="20.000000" />
  <attribute name="Current GC Util Change" value="107.000000"/>
  <attribute name="GC Util currently" value="107" />
  <attribute name="CPU Util currently" value="7386793502183" />
<exclusive-end id="1730" timestamp="2019-06-15T00:49:37.471" durationms="8.590" />

<exclusive-start id="1731" timestamp="2019-06-15T00:49:37.523" intervalms="60.668">
  <response-info timems="0.088" idlems="0.088" threads="0" lastid="000000000118C700" lastname="main" />
</exclusive-start>
<allocation-taxation id="1732" taxation-threshold="10485760" timestamp="2019-06-15T00:49:37.523" intervalms="60.725" />
<gc-start id="1733" type="global mark phase" contextid="1629" timestamp="2019-06-15T00:49:37.523">
  <mem-info id="1734" free="24117248" total="62914560" percent="38">
    <remembered-set count="38912" freebytes="2355712" totalbytes="2511360" percent="93" regionsoverflowed="0" regionsstable="0" regionsrebuilding="11"/>
  </mem-info>
</gc-start>
<gc-end id="1735" type="global mark phase" contextid="1629" durationms="0.141" usertimems="0.000" systemtimems="0.000" timestamp="2019-06-15T00:49:37.523" activeThreads="4">
  <mem-info id="1736" free="24117248" total="62914560" percent="38">
    <remembered-set count="38912" freebytes="2355712" totalbytes="2511360" percent="93" regionsoverflowed="0" regionsstable="0" regionsrebuilding="11"/>
  </mem-info>
</gc-end>
<concurrent-start id="1737" type="GMP work packet processing" contextid="1629" timestamp="2019-06-15T00:49:37.524">
  <concurrent-mark-start scanTarget="1730950" />
</concurrent-start>
<exclusive-end id="1738" timestamp="2019-06-15T00:49:37.524" durationms="1.008" />

<concurrent-end id="1739" type="GMP work packet processing" contextid="1629" timestamp="2019-06-15T00:49:37.527">
  <concurrent-mark-end bytesScanned="1774156" reasonForTermination="Work target met" />
</concurrent-end>

<exclusive-start id="1740" timestamp="2019-06-15T00:49:37.584" intervalms="60.821">
  <response-info timems="0.059" idlems="0.059" threads="0" lastid="000000000118C700" lastname="main" />
</exclusive-start>
<allocation-taxation id="1741" taxation-threshold="10485760" timestamp="2019-06-15T00:49:37.584" intervalms="60.782" />
<cycle-start id="1742" type="partial gc" contextid="0" timestamp="2019-06-15T00:49:37.584" intervalms="121.492" />
<gc-start id="1743" type="partial gc" contextid="1742" timestamp="2019-06-15T00:49:37.584">
  <mem-info id="1744" free="13631488" total="62914560" percent="21">
    <mem type="eden" free="0" total="20971520" percent="0" />
    <remembered-set count="42336" freebytes="2342016" totalbytes="2511360" percent="93" regionsoverflowed="0" regionsstable="0" regionsrebuilding="11"/>
  </mem-info>
</gc-start>
<allocation-stats totalBytes="20967168" >
  <allocated-bytes non-tlh="0" tlh="20967168" arrayletleaf="0"/>
  <largest-consumer threadName="main" threadId="000000000118C700" bytes="10483576" />
</allocation-stats>
<gc-op id="1745" type="copy forward" timems="1.751" contextid="1742" timestamp="2019-06-15T00:49:37.587">
  <memory-copied type="eden" objects="29" bytes="1088" bytesdiscarded="0" />
  <memory-copied type="other" objects="10" bytes="216" bytesdiscarded="0" />
  <memory-cardclean objects="74" bytes="2768" />
  <regions eden="20" other="1" />
  <remembered-set-cleared processed="39976" cleared="48" durationms="0.353" />
  <stringconstants candidates="13761" cleared="0"  />
</gc-op>
<gc-op id="1746" type="classunload" timems="0.004" contextid="1742" timestamp="2019-06-15T00:49:37.587">
  <classunload-info classloadercandidates="54" classloadersunloaded="0" classesunloaded="0" anonymousclassesunloaded="0" quiescems="0.000" setupms="0.004" scanms="0.000" postms="0.000" />
</gc-op>
<gc-end id="1747" type="partial gc" contextid="1742" durationms="3.268" usertimems="0.000" systemtimems="0.000" timestamp="2019-06-15T00:49:37.588" activeThreads="1">
  <mem-info id="1748" free="33554432" total="62914560" percent="53">
    <mem type="eden" free="1047488" total="1048576" percent="99" />
    <remembered-set count="42624" freebytes="2340864" totalbytes="2511360" percent="93" regionsoverflowed="0" regionsstable="0" regionsrebuilding="11"/>
  </mem-info>
</gc-end>
<cycle-end id="1749" type="partial gc" contextid="1742" timestamp="2019-06-15T00:49:37.588" />
  <attribute name="elasticGC enabled" value="1" />
  <attribute name= "numThreadsSpecified" value="1" />
  <attribute name="heapSize specified" value="0" />
  <attribute name="Current GC Util" value="105" />
  <attribute name= "Current Time Running" value="14480" />
  <attribute name ="GC Interval" value="0" />
  <attribute name="ProportionalT" value="42.500000" />
  <attribute name="ProportionalI" value="42.500000" />
  <attribute name="ProportionalH" value="42.500000" />
  <attribute name="Current Error" value="85.000000" />
  <attribute name="IntegralT" value="0.000000" />
  <attribute name="IntegralI" value="0.000000" />
  <attribute name="IntegralH" value="0.000000" />
  <attribute name="DerivativeT" value="inf" />
  <attribute name="DerivativeI" value="inf" />
  <attribute name="DerivativeH" value="inf" />
  <attribute name="Loop Time for DT" value="0.000000" />
  <attribute name="Output H" value="8388608"/>
  <attribute name="Output I" value="200"/>
  <attribute name="Output T" value="1"/>
  <attribute name="Target GC Util Change" value ="20.000000" />
  <attribute name="Current GC Util Change" value="105.000000"/>
  <attribute name="GC Util currently" value="105" />
  <attribute name="CPU Util currently" value="7872055007007" />
<exclusive-end id="1750" timestamp="2019-06-15T00:49:37.588" durationms="4.426" />

<exclusive-start id="1751" timestamp="2019-06-15T00:49:37.667" intervalms="83.158">
  <response-info timems="0.051" idlems="0.051" threads="0" lastid="000000000118C700" lastname="main" />
</exclusive-start>
<allocation-taxation id="1752" taxation-threshold="10485760" timestamp="2019-06-15T00:49:37.667" intervalms="83.202" />
<gc-start id="1753" type="global mark phase" contextid="1629" timestamp="2019-06-15T00:49:37.667">
  <mem-info id="1754" free="23068672" total="62914560" percent="36">
    <remembered-set count="42272" freebytes="2342272" totalbytes="2511360" percent="93" regionsoverflowed="0" regionsstable="0" regionsrebuilding="11"/>
  </mem-info>
</gc-start>
<gc-end id="1755" type="global mark phase" contextid="1629" durationms="0.155" usertimems="0.000" systemtimems="0.000" timestamp="2019-06-15T00:49:37.667" activeThreads="1">
  <mem-info id="1756" free="23068672" total="62914560" percent="36">
    <remembered-set count="42272" freebytes="2342272" totalbytes="2511360" percent="93" regionsoverflowed="0" regionsstable="0" regionsrebuilding="11"/>
  </mem-info>
</gc-end>
<concurrent-start id="1757" type="GMP work packet processing" contextid="1629" timestamp="2019-06-15T00:49:37.667">
  <concurrent-mark-start scanTarget="1048576" />
</concurrent-start>
<exclusive-end id="1758" timestamp="2019-06-15T00:49:37.668" durationms="0.963" />

<concurrent-end id="1759" type="GMP work packet processing" contextid="1629" timestamp="2019-06-15T00:49:37.669">
  <concurrent-mark-end bytesScanned="1077656" reasonForTermination="Work target met" />
</concurrent-end>

<exclusive-start id="1760" timestamp="2019-06-15T00:49:37.744" intervalms="77.437">
  <response-info timems="0.105" idlems="0.105" threads="0" lastid="000000000118C700" lastname="main" />
</exclusive-start>
<allocation-taxation id="1761" taxation-threshold="10485760" timestamp="2019-06-15T00:49:37.744" intervalms="77.402" />
<cycle-start id="1762" type="partial gc" contextid="0" timestamp="2019-06-15T00:49:37.745" intervalms="160.622" />
<gc-start id="1763" type="partial gc" contextid="1762" timestamp="2019-06-15T00:49:37.745">
  <mem-info id="1764" free="12582912" total="62914560" percent="20">
    <mem type="eden" free="0" total="20971520" percent="0" />
    <remembered-set count="46368" freebytes="2325888" totalbytes="2511360" percent="92" regionsoverflowed="0" regionsstable="0" regionsrebuilding="11"/>
  </mem-info>
</gc-start>
<allocation-stats totalBytes="20963184" >
  <allocated-bytes non-tlh="0" tlh="20963184" arrayletleaf="0"/>
  <largest-consumer threadName="main" threadId="000000000118C700" bytes="10481568" />
</allocation-stats>
<gc-op id="1765" type="copy forward" timems="6.461" contextid="1762" timestamp="2019-06-15T00:49:37.753">
  <memory-copied type="eden" objects="13" bytes="600" bytesdiscarded="0" />
  <memory-copied type="other" objects="19" bytes="608" bytesdiscarded="0" />
  <memory-cardclean objects="38" bytes="1344" />
  <regions eden="20" other="1" />
  <remembered-set-cleared processed="43564" cleared="29" durationms="0.280" />
  <stringconstants candidates="13761" cleared="0"  />
</gc-op>
<gc-op id="1766" type="classunload" timems="0.004" contextid="1762" timestamp="2019-06-15T00:49:37.753">
  <classunload-info classloadercandidates="54" classloadersunloaded="0" classesunloaded="0" anonymousclassesunloaded="0" quiescems="0.000" setupms="0.004" scanms="0.000" postms="0.000" />
</gc-op>
<heap-resize id="1767" type="contract" space="default" amount="3145728" count="1" timems="0.061" reason="insufficient time being spent in gc" timestamp="2019-06-15T00:49:37.753" />
<gc-end id="1768" type="partial gc" contextid="1762" durationms="8.339" usertimems="8.000" systemtimems="4.000" timestamp="2019-06-15T00:49:37.753" activeThreads="4">
  <mem-info id="1769" free="29360128" total="59768832" percent="49">
    <mem type="eden" free="1047976" total="1048576" percent="99" />
    <remembered-set count="46592" freebytes="2324992" totalbytes="2511360" percent="92" regionsoverflowed="0" regionsstable="0" regionsrebuilding="11"/>
  </mem-info>
</gc-end>
<cycle-end id="1770" type="partial gc" contextid="1762" timestamp="2019-06-15T00:49:37.754" />
  <attribute name="elasticGC enabled" value="1" />
  <attribute name= "numThreadsSpecified" value="4" />
  <attribute name="heapSize specified" value="0" />
  <attribute name="Current GC Util" value="96" />
  <attribute name= "Current Time Running" value="14641" />
  <attribute name ="GC Interval" value="0" />
  <attribute name="ProportionalT" value="38.000000" />
  <attribute name="ProportionalI" value="38.000000" />
  <attribute name="ProportionalH" value="38.000000" />
  <attribute name="Current Error" value="76.000000" />
  <attribute name="IntegralT" value="76.000000" />
  <attribute name="IntegralI" value="76.000000" />
  <attribute name="IntegralH" value="76.000000" />
  <attribute name="DerivativeT" value="38.000000" />
  <attribute name="DerivativeI" value="38.000000" />
  <attribute name="DerivativeH" value="38.000000" />
  <attribute name="Loop Time for DT" value="1.000000" />
  <attribute name="Output H" value="8388608"/>
  <attribute name="Output I" value="200"/>
  <attribute name="Output T" value="4"/>
  <attribute name="Target GC Util Change" value ="20.000000" />
  <attribute name="Current GC Util Change" value="96.000000"/>
  <attribute name="GC Util currently" value="96" />
  <attribute name="CPU Util currently" value="7206356127295" />
<exclusive-end id="1771" timestamp="2019-06-15T00:49:37.754" durationms="9.569" />

<exclusive-start id="1772" timestamp="2019-06-15T00:49:37.827" intervalms="82.963">
  <response-info timems="0.080" idlems="0.080" threads="0" lastid="000000000118C700" lastname="main" />
</exclusive-start>
<allocation-taxation id="1773" taxation-threshold="10485760" timestamp="2019-06-15T00:49:37.827" intervalms="82.990" />
<gc-start id="1774" type="global mark phase" contextid="1629" timestamp="2019-06-15T00:49:37.828">
  <mem-info id="1775" free="18874368" total="59768832" percent="31">
    <remembered-set count="46144" freebytes="2326784" totalbytes="2511360" percent="92" regionsoverflowed="0" regionsstable="0" regionsrebuilding="11"/>
  </mem-info>
</gc-start>
<gc-end id="1776" type="global mark phase" contextid="1629" durationms="0.145" usertimems="0.000" systemtimems="0.000" timestamp="2019-06-15T00:49:37.828" activeThreads="4">
  <mem-info id="1777" free="18874368" total="59768832" percent="31">
    <remembered-set count="46144" freebytes="2326784" totalbytes="2511360" percent="92" regionsoverflowed="0" regionsstable="0" regionsrebuilding="11"/>
  </mem-info>
</gc-end>
<concurrent-start id="1778" type="GMP work packet processing" contextid="1629" timestamp="2019-06-15T00:49:37.828">
  <concurrent-mark-start scanTarget="1730950" />
</concurrent-start>
<exclusive-end id="1779" timestamp="2019-06-15T00:49:37.828" durationms="1.214" />

<concurrent-end id="1780" type="GMP work packet processing" contextid="1629" timestamp="2019-06-15T00:49:37.831">
  <concurrent-mark-end bytesScanned="1765588" reasonForTermination="Work target met" />
</concurrent-end>

<exclusive-start id="1781" timestamp="2019-06-15T00:49:37.897" intervalms="70.272">
  <response-info timems="0.058" idlems="0.058" threads="0" lastid="000000000118C700" lastname="main" />
</exclusive-start>
<allocation-taxation id="1782" taxation-threshold="10485760" timestamp="2019-06-15T00:49:37.898" intervalms="70.248" />
<cycle-start id="1783" type="partial gc" contextid="0" timestamp="2019-06-15T00:49:37.898" intervalms="153.242" />
<gc-start id="1784" type="partial gc" contextid="1783" timestamp="2019-06-15T00:49:37.898">
  <mem-info id="1785" free="8388608" total="59768832" percent="14">
    <mem type="eden" free="1047976" total="22020096" percent="4" />
    <remembered-set count="55936" freebytes="2287616" totalbytes="2511360" percent="91" regionsoverflowed="0" regionsstable="0" regionsrebuilding="11"/>
  </mem-info>
</gc-start>
<allocation-stats totalBytes="20963376" >
  <allocated-bytes non-tlh="0" tlh="20963376" arrayletleaf="0"/>
  <largest-consumer threadName="main" threadId="000000000118C700" bytes="10481592" />
</allocation-stats>
<gc-op id="1786" type="copy forward" timems="5.007" contextid="1783" timestamp="2019-06-15T00:49:37.904">
  <memory-copied type="eden" objects="17" bytes="792" bytesdiscarded="0" />
  <memory-copied type="other" objects="0" bytes="0" bytesdiscarded="0" />
  <memory-cardclean objects="63102" bytes="2396168" />
  <regions eden="20" other="1" />
  <remembered-set-cleared processed="33499" cleared="6185" durationms="0.379" />
  <stringconstants candidates="13761" cleared="0"  />
</gc-op>
<gc-op id="1787" type="classunload" timems="0.004" contextid="1783" timestamp="2019-06-15T00:49:37.905">
  <classunload-info classloadercandidates="54" classloadersunloaded="0" classesunloaded="0" anonymousclassesunloaded="0" quiescems="0.000" setupms="0.004" scanms="0.000" postms="0.000" />
</gc-op>
<heap-resize id="1788" type="contract" space="default" amount="3145728" count="1" timems="0.059" reason="insufficient time being spent in gc" timestamp="2019-06-15T00:49:37.905" />
<gc-end id="1789" type="partial gc" contextid="1783" durationms="6.794" usertimems="4.000" systemtimems="0.000" timestamp="2019-06-15T00:49:37.905" activeThreads="1">
  <mem-info id="1790" free="26214400" total="56623104" percent="46">
    <mem type="eden" free="1047784" total="1048576" percent="99" />
    <remembered-set count="41984" freebytes="2217856" totalbytes="2385792" percent="92" regionsoverflowed="0" regionsstable="0" regionsrebuilding="11"/>
  </mem-info>
</gc-end>
<cycle-end id="1791" type="partial gc" contextid="1783" timestamp="2019-06-15T00:49:37.905" />
  <attribute name="elasticGC enabled" value="1" />
  <attribute name= "numThreadsSpecified" value="1" />
  <attribute name="heapSize specified" value="0" />
  <attribute name="Current GC Util" value="85" />
  <attribute name= "Current Time Running" value="14794" />
  <attribute name ="GC Interval" value="0" />
  <attribute name="ProportionalT" value="32.500000" />
  <attribute name="ProportionalI" value="32.500000" />
  <attribute name="ProportionalH" value="32.500000" />
  <attribute name="Current Error" value="65.000000" />
  <attribute name="IntegralT" value="0.000000" />
  <attribute name="IntegralI" value="0.000000" />
  <attribute name="IntegralH" value="0.000000" />
  <attribute name="DerivativeT" value="inf" />
  <attribute name="DerivativeI" value="inf" />
  <attribute name="DerivativeH" value="inf" />
  <attribute name="Loop Time for DT" value="0.000000" />
  <attribute name="Output H" value="8388608"/>
  <attribute name="Output I" value="200"/>
  <attribute name="Output T" value="1"/>
  <attribute name="Target GC Util Change" value ="20.000000" />
  <attribute name="Current GC Util Change" value="85.000000"/>
  <attribute name="GC Util currently" value="85" />
  <attribute name="CPU Util currently" value="7618038046878" />
<exclusive-end id="1792" timestamp="2019-06-15T00:49:37.906" durationms="8.111" />

<exclusive-start id="1793" timestamp="2019-06-15T00:49:37.977" intervalms="79.276">
  <response-info timems="0.033" idlems="0.033" threads="0" lastid="000000000118C700" lastname="main" />
</exclusive-start>
<allocation-taxation id="1794" taxation-threshold="10485760" timestamp="2019-06-15T00:49:37.977" intervalms="79.274" />
<gc-start id="1795" type="global mark phase" contextid="1629" timestamp="2019-06-15T00:49:37.977">
  <mem-info id="1796" free="15728640" total="56623104" percent="27">
    <remembered-set count="41792" freebytes="2218624" totalbytes="2385792" percent="92" regionsoverflowed="0" regionsstable="0" regionsrebuilding="11"/>
  </mem-info>
</gc-start>
<gc-end id="1797" type="global mark phase" contextid="1629" durationms="0.131" usertimems="0.000" systemtimems="0.000" timestamp="2019-06-15T00:49:37.977" activeThreads="1">
  <mem-info id="1798" free="15728640" total="56623104" percent="27">
    <remembered-set count="41792" freebytes="2218624" totalbytes="2385792" percent="92" regionsoverflowed="0" regionsstable="0" regionsrebuilding="11"/>
  </mem-info>
</gc-end>
<concurrent-start id="1799" type="GMP work packet processing" contextid="1629" timestamp="2019-06-15T00:49:37.977">
  <concurrent-mark-start scanTarget="1048576" />
</concurrent-start>
<exclusive-end id="1800" timestamp="2019-06-15T00:49:37.978" durationms="1.119" />

<concurrent-end id="1801" type="GMP work packet processing" contextid="1629" timestamp="2019-06-15T00:49:37.978">
  <concurrent-mark-end bytesScanned="187572" reasonForTermination="Completed all work in GC phase" />
</concurrent-end>

<exclusive-start id="1802" timestamp="2019-06-15T00:49:38.008" intervalms="30.814">
  <response-info timems="0.077" idlems="0.077" threads="0" lastid="000000000118C700" lastname="main" />
</exclusive-start>
<allocation-taxation id="1803" taxation-threshold="10485760" timestamp="2019-06-15T00:49:38.008" intervalms="30.829" />
<cycle-start id="1804" type="partial gc" contextid="0" timestamp="2019-06-15T00:49:38.008" intervalms="110.102" />
<gc-start id="1805" type="partial gc" contextid="1804" timestamp="2019-06-15T00:49:38.008">
  <mem-info id="1806" free="5242880" total="56623104" percent="9">
    <mem type="eden" free="1047784" total="22020096" percent="4" />
    <remembered-set count="42400" freebytes="2216192" totalbytes="2385792" percent="92" regionsoverflowed="0" regionsstable="0" regionsrebuilding="11"/>
  </mem-info>
</gc-start>
<allocation-stats totalBytes="20968192" >
  <allocated-bytes non-tlh="0" tlh="20968192" arrayletleaf="0"/>
  <largest-consumer threadName="main" threadId="000000000118C700" bytes="10485352" />
</allocation-stats>
<gc-op id="1807" type="copy forward" timems="3.712" contextid="1804" timestamp="2019-06-15T00:49:38.013">
  <memory-copied type="eden" objects="31" bytes="944" bytesdiscarded="0" />
  <memory-copied type="other" objects="0" bytes="0" bytesdiscarded="0" />
  <memory-cardclean objects="38302" bytes="1631984" />
  <regions eden="20" other="1" />
  <remembered-set-cleared processed="33481" cleared="1232" durationms="0.356" />
  <stringconstants candidates="13761" cleared="0"  />
</gc-op>
<gc-op id="1808" type="classunload" timems="0.004" contextid="1804" timestamp="2019-06-15T00:49:38.013">
  <classunload-info classloadercandidates="54" classloadersunloaded="0" classesunloaded="0" anonymousclassesunloaded="0" quiescems="0.000" setupms="0.004" scanms="0.000" postms="0.000" />
</gc-op>
<gc-end id="1809" type="partial gc" contextid="1804" durationms="5.045" usertimems="8.000" systemtimems="0.000" timestamp="2019-06-15T00:49:38.013" activeThreads="1">
  <mem-info id="1810" free="26214400" total="56623104" percent="46">
    <mem type="eden" free="1047632" total="1048576" percent="99" />
    <remembered-set count="42304" freebytes="2091008" totalbytes="2260224" percent="92" regionsoverflowed="0" regionsstable="0" regionsrebuilding="11"/>
  </mem-info>
</gc-end>
<cycle-end id="1811" type="partial gc" contextid="1804" timestamp="2019-06-15T00:49:38.014" />
  <attribute name="elasticGC enabled" value="1" />
  <attribute name= "numThreadsSpecified" value="1" />
  <attribute name="heapSize specified" value="0" />
  <attribute name="Current GC Util" value="36" />
  <attribute name= "Current Time Running" value="14904" />
  <attribute name ="GC Interval" value="0" />
  <attribute name="ProportionalT" value="8.000000" />
  <attribute name="ProportionalI" value="8.000000" />
  <attribute name="ProportionalH" value="8.000000" />
  <attribute name="Current Error" value="16.000000" />
  <attribute name="IntegralT" value="0.000000" />
  <attribute name="IntegralI" value="0.000000" />
  <attribute name="IntegralH" value="0.000000" />
  <attribute name="DerivativeT" value="inf" />
  <attribute name="DerivativeI" value="inf" />
  <attribute name="DerivativeH" value="inf" />
  <attribute name="Loop Time for DT" value="0.000000" />
  <attribute name="Output H" value="8388608"/>
  <attribute name="Output I" value="200"/>
  <attribute name="Output T" value="1"/>
  <attribute name="Target GC Util Change" value ="20.000000" />
  <attribute name="Current GC Util Change" value="36.000000"/>
  <attribute name="GC Util currently" value="36" />
  <attribute name="CPU Util currently" value="11356874391195" />
<exclusive-end id="1812" timestamp="2019-06-15T00:49:38.014" durationms="6.185" />

<exclusive-start id="1813" timestamp="2019-06-15T00:49:38.037" intervalms="29.490">
  <response-info timems="0.019" idlems="0.019" threads="0" lastid="000000000118C700" lastname="main" />
</exclusive-start>
<allocation-taxation id="1814" taxation-threshold="10485760" timestamp="2019-06-15T00:49:38.037" intervalms="29.433" />
<gc-start id="1815" type="global mark phase" contextid="1629" timestamp="2019-06-15T00:49:38.037">
  <mem-info id="1816" free="15728640" total="56623104" percent="27">
    <remembered-set count="41952" freebytes="2092416" totalbytes="2260224" percent="92" regionsoverflowed="0" regionsstable="0" regionsrebuilding="11"/>
  </mem-info>
</gc-start>
<gc-op id="1817" type="mark increment" timems="4.184" contextid="1629" timestamp="2019-06-15T00:49:38.042">
  <trace-info objectcount="143" scancount="142" scanbytes="355468" />
  <cardclean-info objects="121811" bytes="3530580" />
  <finalization candidates="80" enqueued="0" />
  <ownableSynchronizers candidates="21" cleared="0" />
  <references type="soft" candidates="4854" cleared="127" enqueued="123" dynamicThreshold="14" maxThreshold="32" />
  <references type="weak" candidates="5576" cleared="7" enqueued="3" />
  <references type="phantom" candidates="101" cleared="0" enqueued="0" />
  <stringconstants candidates="13761" cleared="0"  />
</gc-op>
<gc-op id="1818" type="classunload" timems="0.005" contextid="1629" timestamp="2019-06-15T00:49:38.042">
  <classunload-info classloadercandidates="54" classloadersunloaded="0" classesunloaded="0" anonymousclassesunloaded="0" quiescems="0.000" setupms="0.005" scanms="0.000" postms="0.000" />
</gc-op>
<gc-end id="1819" type="global mark phase" contextid="1629" durationms="4.573" usertimems="8.000" systemtimems="0.000" timestamp="2019-06-15T00:49:38.042" activeThreads="4">
  <mem-info id="1820" free="15728640" total="56623104" percent="27">
    <pending-finalizers system="0" default="0" reference="126" classloader="0" />
    <remembered-set count="53728" freebytes="2045312" totalbytes="2260224" percent="90" regionsoverflowed="0" regionsstable="0" regionsrebuilding="0"/>
  </mem-info>
</gc-end>
<cycle-end id="1821" type="global mark phase" contextid="1629" timestamp="2019-06-15T00:49:38.042" />
  <attribute name="elasticGC enabled" value="1" />
  <attribute name= "numThreadsSpecified" value="4" />
  <attribute name="heapSize specified" value="0" />
  <attribute name="Current GC Util" value="121" />
  <attribute name= "Current Time Running" value="14936" />
  <attribute name ="GC Interval" value="0" />
  <attribute name="ProportionalT" value="50.500000" />
  <attribute name="ProportionalI" value="50.500000" />
  <attribute name="ProportionalH" value="50.500000" />
  <attribute name="Current Error" value="101.000000" />
  <attribute name="IntegralT" value="101.000000" />
  <attribute name="IntegralI" value="101.000000" />
  <attribute name="IntegralH" value="101.000000" />
  <attribute name="DerivativeT" value="-24.500000" />
  <attribute name="DerivativeI" value="-24.500000" />
  <attribute name="DerivativeH" value="-24.500000" />
  <attribute name="Loop Time for DT" value="1.000000" />
  <attribute name="Output H" value="8388608"/>
  <attribute name="Output I" value="200"/>
  <attribute name="Output T" value="4"/>
  <attribute name="Target GC Util Change" value ="20.000000" />
  <attribute name="Current GC Util Change" value="121.000000"/>
  <attribute name="GC Util currently" value="121" />
  <attribute name="CPU Util currently" value="16448336806448" />
<exclusive-end id="1822" timestamp="2019-06-15T00:49:38.042" durationms="5.117" />

<exclusive-start id="1823" timestamp="2019-06-15T00:49:38.063" intervalms="26.345">
  <response-info timems="0.062" idlems="0.062" threads="0" lastid="000000000118C700" lastname="main" />
</exclusive-start>
<allocation-taxation id="1824" taxation-threshold="10485760" timestamp="2019-06-15T00:49:38.064" intervalms="26.331" />
<cycle-start id="1825" type="partial gc" contextid="0" timestamp="2019-06-15T00:49:38.064" intervalms="55.715" />
<gc-start id="1826" type="partial gc" contextid="1825" timestamp="2019-06-15T00:49:38.064">
  <mem-info id="1827" free="5242880" total="56623104" percent="9">
    <mem type="eden" free="0" total="20971520" percent="0" />
    <remembered-set count="39328" freebytes="2102912" totalbytes="2260224" percent="93" regionsoverflowed="0" regionsstable="8" regionsrebuilding="0"/>
  </mem-info>
</gc-start>
<allocation-stats totalBytes="20969088" >
  <allocated-bytes non-tlh="0" tlh="20969088" arrayletleaf="0"/>
  <largest-consumer threadName="main" threadId="000000000118C700" bytes="10479848" />
</allocation-stats>
<gc-op id="1828" type="sweep" timems="0.590" contextid="1825" timestamp="2019-06-15T00:49:38.065" />
<gc-op id="1829" type="copy forward" timems="1.301" contextid="1825" timestamp="2019-06-15T00:49:38.067">
  <memory-copied type="eden" objects="29" bytes="1384" bytesdiscarded="584" />
  <memory-copied type="other" objects="7" bytes="160" bytesdiscarded="0" />
  <memory-cardclean objects="348" bytes="18528" />
  <regions eden="10" other="2" />
  <remembered-set-cleared processed="37578" cleared="74" durationms="0.210" />
  <stringconstants candidates="13761" cleared="0"  />
</gc-op>
<gc-op id="1830" type="classunload" timems="0.006" contextid="1825" timestamp="2019-06-15T00:49:38.067">
  <classunload-info classloadercandidates="54" classloadersunloaded="0" classesunloaded="0" anonymousclassesunloaded="0" quiescems="0.000" setupms="0.005" scanms="0.000" postms="0.000" />
</gc-op>
<heap-resize id="1831" type="expand" space="default" amount="10485760" count="1" timems="0.266" reason="excessive time being spent in gc" timestamp="2019-06-15T00:49:38.067" />
<gc-end id="1832" type="partial gc" contextid="1825" durationms="3.451" usertimems="4.000" systemtimems="0.000" timestamp="2019-06-15T00:49:38.067" activeThreads="4">
  <mem-info id="1833" free="35651584" total="67108864" percent="53">
    <mem type="eden" free="1046608" total="1048576" percent="99" />
    <remembered-set count="40128" freebytes="2518272" totalbytes="2678784" percent="94" regionsoverflowed="0" regionsstable="8" regionsrebuilding="0"/>
  </mem-info>
</gc-end>
<cycle-end id="1834" type="partial gc" contextid="1825" timestamp="2019-06-15T00:49:38.067" />
  <attribute name="elasticGC enabled" value="1" />
  <attribute name= "numThreadsSpecified" value="4" />
  <attribute name="heapSize specified" value="0" />
  <attribute name="Current GC Util" value="55" />
  <attribute name= "Current Time Running" value="14960" />
  <attribute name ="GC Interval" value="0" />
  <attribute name="ProportionalT" value="17.500000" />
  <attribute name="ProportionalI" value="17.500000" />
  <attribute name="ProportionalH" value="17.500000" />
  <attribute name="Current Error" value="35.000000" />
  <attribute name="IntegralT" value="0.000000" />
  <attribute name="IntegralI" value="0.000000" />
  <attribute name="IntegralH" value="0.000000" />
  <attribute name="DerivativeT" value="-inf" />
  <attribute name="DerivativeI" value="-inf" />
  <attribute name="DerivativeH" value="-inf" />
  <attribute name="Loop Time for DT" value="0.000000" />
  <attribute name="Output H" value="2091843584"/>
  <attribute name="Output I" value="200"/>
  <attribute name="Output T" value="4"/>
  <attribute name="Target GC Util Change" value ="20.000000" />
  <attribute name="Current GC Util Change" value="55.000000"/>
  <attribute name="GC Util currently" value="55" />
  <attribute name="CPU Util currently" value="24042739680912" />
<exclusive-end id="1835" timestamp="2019-06-15T00:49:38.068" durationms="4.213" />

<exclusive-start id="1836" timestamp="2019-06-15T00:49:38.088" intervalms="24.911">
  <response-info timems="0.147" idlems="0.147" threads="0" lastid="000000000118C700" lastname="main" />
</exclusive-start>
<allocation-taxation id="1837" taxation-threshold="11534336" timestamp="2019-06-15T00:49:38.089" intervalms="24.962" />
<cycle-start id="1838" type="global mark phase" contextid="0" timestamp="2019-06-15T00:49:38.089" intervalms="1518.904" />
<gc-start id="1839" type="global mark phase" contextid="1838" timestamp="2019-06-15T00:49:38.089">
  <mem-info id="1840" free="24117248" total="67108864" percent="35">
    <remembered-set count="14848" freebytes="2619392" totalbytes="2678784" percent="97" regionsoverflowed="0" regionsstable="12" regionsrebuilding="0"/>
  </mem-info>
</gc-start>
<gc-op id="1841" type="mark increment" timems="1.718" contextid="1838" timestamp="2019-06-15T00:49:38.091">
  <trace-info objectcount="25067" scancount="11690" scanbytes="426812" />
</gc-op>
<gc-end id="1842" type="global mark phase" contextid="1838" durationms="2.014" usertimems="4.000" systemtimems="0.000" timestamp="2019-06-15T00:49:38.091" activeThreads="4">
  <mem-info id="1843" free="24117248" total="67108864" percent="35">
    <remembered-set count="17408" freebytes="2609152" totalbytes="2678784" percent="97" regionsoverflowed="0" regionsstable="0" regionsrebuilding="12"/>
  </mem-info>
</gc-end>
<concurrent-start id="1844" type="GMP work packet processing" contextid="1838" timestamp="2019-06-15T00:49:38.091">
  <concurrent-mark-start scanTarget="2557234" />
</concurrent-start>
<exclusive-end id="1845" timestamp="2019-06-15T00:49:38.092" durationms="3.564" />

<concurrent-end id="1846" type="GMP work packet processing" contextid="1838" timestamp="2019-06-15T00:49:38.093">
  <concurrent-mark-end bytesScanned="2614732" reasonForTermination="Work target met" />
</concurrent-end>

<exclusive-start id="1847" timestamp="2019-06-15T00:49:38.116" intervalms="27.362">
  <response-info timems="0.061" idlems="0.061" threads="0" lastid="000000000118C700" lastname="main" />
</exclusive-start>
<allocation-taxation id="1848" taxation-threshold="11534336" timestamp="2019-06-15T00:49:38.116" intervalms="27.350" />
<cycle-start id="1849" type="partial gc" contextid="0" timestamp="2019-06-15T00:49:38.116" intervalms="52.350" />
<gc-start id="1850" type="partial gc" contextid="1849" timestamp="2019-06-15T00:49:38.116">
  <mem-info id="1851" free="12582912" total="67108864" percent="18">
    <mem type="eden" free="0" total="23068672" percent="0" />
    <remembered-set count="36608" freebytes="2532352" totalbytes="2678784" percent="94" regionsoverflowed="0" regionsstable="0" regionsrebuilding="12"/>
  </mem-info>
</gc-start>
<allocation-stats totalBytes="23066560" >
  <allocated-bytes non-tlh="0" tlh="23066560" arrayletleaf="0"/>
  <largest-consumer threadName="main" threadId="000000000118C700" bytes="11533040" />
</allocation-stats>
<gc-op id="1852" type="copy forward" timems="3.338" contextid="1849" timestamp="2019-06-15T00:49:38.120">
  <memory-copied type="eden" objects="30" bytes="912" bytesdiscarded="0" />
  <memory-copied type="other" objects="51898" bytes="1230680" bytesdiscarded="12432" />
  <memory-cardclean objects="7173" bytes="586048" />
  <regions eden="22" other="7" />
  <remembered-set-cleared processed="33232" cleared="2282" durationms="0.201" />
  <references type="weak" candidates="35" cleared="0" enqueued="0" />
  <stringconstants candidates="13761" cleared="0"  />
</gc-op>
<gc-op id="1853" type="classunload" timems="0.007" contextid="1849" timestamp="2019-06-15T00:49:38.120">
  <classunload-info classloadercandidates="54" classloadersunloaded="0" classesunloaded="0" anonymousclassesunloaded="0" quiescems="0.000" setupms="0.007" scanms="0.000" postms="0.000" />
</gc-op>
<heap-resize id="1854" type="expand" space="default" amount="6291456" count="1" timems="0.069" reason="excessive time being spent in gc" timestamp="2019-06-15T00:49:38.121" />
<gc-end id="1855" type="partial gc" contextid="1849" durationms="4.428" usertimems="4.000" systemtimems="4.000" timestamp="2019-06-15T00:49:38.121" activeThreads="4">
  <mem-info id="1856" free="44040192" total="73400320" percent="60">
    <mem type="eden" free="1047664" total="1048576" percent="99" />
    <remembered-set count="37088" freebytes="2781568" totalbytes="2929920" percent="94" regionsoverflowed="0" regionsstable="0" regionsrebuilding="12"/>
  </mem-info>
</gc-end>
<cycle-end id="1857" type="partial gc" contextid="1849" timestamp="2019-06-15T00:49:38.121" />
  <attribute name="elasticGC enabled" value="1" />
  <attribute name= "numThreadsSpecified" value="4" />
  <attribute name="heapSize specified" value="0" />
  <attribute name="Current GC Util" value="0" />
  <attribute name= "Current Time Running" value="15012" />
  <attribute name ="GC Interval" value="0" />
  <attribute name="ProportionalT" value="-10.000000" />
  <attribute name="ProportionalI" value="-10.000000" />
  <attribute name="ProportionalH" value="-10.000000" />
  <attribute name="Current Error" value="-20.000000" />
  <attribute name="IntegralT" value="0.000000" />
  <attribute name="IntegralI" value="0.000000" />
  <attribute name="IntegralH" value="0.000000" />
  <attribute name="DerivativeT" value="-inf" />
  <attribute name="DerivativeI" value="-inf" />
  <attribute name="DerivativeH" value="-inf" />
  <attribute name="Loop Time for DT" value="0.000000" />
  <attribute name="Output H" value="2091843584"/>
  <attribute name="Output I" value="200"/>
  <attribute name="Output T" value="4"/>
  <attribute name="Target GC Util Change" value ="20.000000" />
  <attribute name="Current GC Util Change" value="0.000000"/>
  <attribute name="GC Util currently" value="0" />
  <attribute name="CPU Util currently" value="28804314591580" />
<exclusive-end id="1858" timestamp="2019-06-15T00:49:38.121" durationms="5.489" />

<exclusive-start id="1859" timestamp="2019-06-15T00:49:38.148" intervalms="32.758">
  <response-info timems="0.073" idlems="0.073" threads="0" lastid="000000000118C700" lastname="main" />
</exclusive-start>
<allocation-taxation id="1860" taxation-threshold="12582912" timestamp="2019-06-15T00:49:38.149" intervalms="32.768" />
<gc-start id="1861" type="global mark phase" contextid="1838" timestamp="2019-06-15T00:49:38.149">
  <mem-info id="1862" free="31457280" total="73400320" percent="42">
    <remembered-set count="36960" freebytes="2782080" totalbytes="2929920" percent="94" regionsoverflowed="0" regionsstable="0" regionsrebuilding="12"/>
  </mem-info>
</gc-start>
<gc-end id="1863" type="global mark phase" contextid="1838" durationms="0.134" usertimems="0.000" systemtimems="0.000" timestamp="2019-06-15T00:49:38.149" activeThreads="4">
  <mem-info id="1864" free="31457280" total="73400320" percent="42">
    <remembered-set count="36960" freebytes="2782080" totalbytes="2929920" percent="94" regionsoverflowed="0" regionsstable="0" regionsrebuilding="12"/>
  </mem-info>
</gc-end>
<concurrent-start id="1865" type="GMP work packet processing" contextid="1838" timestamp="2019-06-15T00:49:38.149">
  <concurrent-mark-start scanTarget="1278617" />
</concurrent-start>
<exclusive-end id="1866" timestamp="2019-06-15T00:49:38.149" durationms="0.855" />

<concurrent-end id="1867" type="GMP work packet processing" contextid="1838" timestamp="2019-06-15T00:49:38.150">
  <concurrent-mark-end bytesScanned="1323896" reasonForTermination="Work target met" />
</concurrent-end>

<exclusive-start id="1868" timestamp="2019-06-15T00:49:38.173" intervalms="24.337">
  <response-info timems="0.061" idlems="0.061" threads="0" lastid="000000000118C700" lastname="main" />
</exclusive-start>
<allocation-taxation id="1869" taxation-threshold="12582912" timestamp="2019-06-15T00:49:38.173" intervalms="24.356" />
<cycle-start id="1870" type="partial gc" contextid="0" timestamp="2019-06-15T00:49:38.173" intervalms="57.146" />
<gc-start id="1871" type="partial gc" contextid="1870" timestamp="2019-06-15T00:49:38.173">
  <mem-info id="1872" free="18874368" total="73400320" percent="25">
    <mem type="eden" free="0" total="25165824" percent="0" />
    <remembered-set count="46432" freebytes="2744192" totalbytes="2929920" percent="93" regionsoverflowed="0" regionsstable="0" regionsrebuilding="12"/>
  </mem-info>
</gc-start>
<allocation-stats totalBytes="25162256" >
  <allocated-bytes non-tlh="0" tlh="25162256" arrayletleaf="0"/>
  <largest-consumer threadName="main" threadId="000000000118C700" bytes="12581536" />
</allocation-stats>
<gc-op id="1873" type="copy forward" timems="1.509" contextid="1870" timestamp="2019-06-15T00:49:38.176">
  <memory-copied type="eden" objects="8" bytes="248" bytesdiscarded="0" />
  <memory-copied type="other" objects="32" bytes="976" bytesdiscarded="0" />
  <memory-cardclean objects="41" bytes="1576" />
  <regions eden="24" other="2" />
  <remembered-set-cleared processed="44108" cleared="41" durationms="0.390" />
  <stringconstants candidates="13761" cleared="0"  />
</gc-op>
<gc-op id="1874" type="classunload" timems="0.003" contextid="1870" timestamp="2019-06-15T00:49:38.176">
  <classunload-info classloadercandidates="54" classloadersunloaded="0" classesunloaded="0" anonymousclassesunloaded="0" quiescems="0.000" setupms="0.003" scanms="0.000" postms="0.000" />
</gc-op>
<gc-end id="1875" type="partial gc" contextid="1870" durationms="2.654" usertimems="4.000" systemtimems="0.000" timestamp="2019-06-15T00:49:38.176" activeThreads="1">
  <mem-info id="1876" free="42991616" total="73400320" percent="58">
    <mem type="eden" free="1048328" total="1048576" percent="99" />
    <remembered-set count="46752" freebytes="2742912" totalbytes="2929920" percent="93" regionsoverflowed="0" regionsstable="0" regionsrebuilding="12"/>
  </mem-info>
</gc-end>
<cycle-end id="1877" type="partial gc" contextid="1870" timestamp="2019-06-15T00:49:38.176" />
  <attribute name="elasticGC enabled" value="1" />
  <attribute name= "numThreadsSpecified" value="1" />
  <attribute name="heapSize specified" value="0" />
  <attribute name="Current GC Util" value="57" />
  <attribute name= "Current Time Running" value="15069" />
  <attribute name ="GC Interval" value="0" />
  <attribute name="ProportionalT" value="18.500000" />
  <attribute name="ProportionalI" value="18.500000" />
  <attribute name="ProportionalH" value="18.500000" />
  <attribute name="Current Error" value="37.000000" />
  <attribute name="IntegralT" value="0.000000" />
  <attribute name="IntegralI" value="0.000000" />
  <attribute name="IntegralH" value="0.000000" />
  <attribute name="DerivativeT" value="inf" />
  <attribute name="DerivativeI" value="inf" />
  <attribute name="DerivativeH" value="inf" />
  <attribute name="Loop Time for DT" value="0.000000" />
  <attribute name="Output H" value="8388608"/>
  <attribute name="Output I" value="200"/>
  <attribute name="Output T" value="1"/>
  <attribute name="Target GC Util Change" value ="20.000000" />
  <attribute name="Current GC Util Change" value="57.000000"/>
  <attribute name="GC Util currently" value="57" />
  <attribute name="CPU Util currently" value="19694593368178" />
<exclusive-end id="1878" timestamp="2019-06-15T00:49:38.177" durationms="3.820" />

<exclusive-start id="1879" timestamp="2019-06-15T00:49:38.196" intervalms="23.059">
  <response-info timems="0.088" idlems="0.088" threads="0" lastid="000000000118C700" lastname="main" />
</exclusive-start>
<allocation-taxation id="1880" taxation-threshold="12582912" timestamp="2019-06-15T00:49:38.196" intervalms="23.079" />
<gc-start id="1881" type="global mark phase" contextid="1838" timestamp="2019-06-15T00:49:38.196">
  <mem-info id="1882" free="30408704" total="73400320" percent="41">
    <remembered-set count="46464" freebytes="2744064" totalbytes="2929920" percent="93" regionsoverflowed="0" regionsstable="0" regionsrebuilding="12"/>
  </mem-info>
</gc-start>
<gc-end id="1883" type="global mark phase" contextid="1838" durationms="0.102" usertimems="4.000" systemtimems="0.000" timestamp="2019-06-15T00:49:38.196" activeThreads="1">
  <mem-info id="1884" free="30408704" total="73400320" percent="41">
    <remembered-set count="46464" freebytes="2744064" totalbytes="2929920" percent="93" regionsoverflowed="0" regionsstable="0" regionsrebuilding="12"/>
  </mem-info>
</gc-end>
<concurrent-start id="1885" type="GMP work packet processing" contextid="1838" timestamp="2019-06-15T00:49:38.196">
  <concurrent-mark-start scanTarget="1048576" />
</concurrent-start>
<exclusive-end id="1886" timestamp="2019-06-15T00:49:38.197" durationms="0.775" />

<concurrent-end id="1887" type="GMP work packet processing" contextid="1838" timestamp="2019-06-15T00:49:38.198">
  <concurrent-mark-end bytesScanned="1093472" reasonForTermination="Work target met" />
</concurrent-end>

<exclusive-start id="1888" timestamp="2019-06-15T00:49:38.241" intervalms="45.171">
  <response-info timems="0.084" idlems="0.084" threads="0" lastid="000000000118C700" lastname="main" />
</exclusive-start>
<allocation-taxation id="1889" taxation-threshold="12582912" timestamp="2019-06-15T00:49:38.241" intervalms="45.126" />
<cycle-start id="1890" type="partial gc" contextid="0" timestamp="2019-06-15T00:49:38.241" intervalms="68.170" />
<gc-start id="1891" type="partial gc" contextid="1890" timestamp="2019-06-15T00:49:38.242">
  <mem-info id="1892" free="17825792" total="73400320" percent="24">
    <mem type="eden" free="1048328" total="26214400" percent="3" />
    <remembered-set count="52160" freebytes="2721280" totalbytes="2929920" percent="92" regionsoverflowed="0" regionsstable="0" regionsrebuilding="12"/>
  </mem-info>
</gc-start>
<allocation-stats totalBytes="25162704" >
  <allocated-bytes non-tlh="0" tlh="25162704" arrayletleaf="0"/>
  <largest-consumer threadName="main" threadId="000000000118C700" bytes="12581520" />
</allocation-stats>
<gc-op id="1893" type="copy forward" timems="1.481" contextid="1890" timestamp="2019-06-15T00:49:38.244">
  <memory-copied type="eden" objects="22" bytes="696" bytesdiscarded="0" />
  <memory-copied type="other" objects="7" bytes="160" bytesdiscarded="0" />
  <memory-cardclean objects="109" bytes="4032" />
  <regions eden="24" other="2" />
  <remembered-set-cleared processed="49887" cleared="61" durationms="0.430" />
  <stringconstants candidates="13761" cleared="0"  />
</gc-op>
<gc-op id="1894" type="classunload" timems="0.004" contextid="1890" timestamp="2019-06-15T00:49:38.244">
  <classunload-info classloadercandidates="54" classloadersunloaded="0" classesunloaded="0" anonymousclassesunloaded="0" quiescems="0.000" setupms="0.004" scanms="0.000" postms="0.000" />
</gc-op>
<gc-end id="1895" type="partial gc" contextid="1890" durationms="2.750" usertimems="4.000" systemtimems="0.000" timestamp="2019-06-15T00:49:38.244" activeThreads="1">
  <mem-info id="1896" free="42991616" total="73400320" percent="58">
    <mem type="eden" free="1047880" total="1048576" percent="99" />
    <remembered-set count="52320" freebytes="2720640" totalbytes="2929920" percent="92" regionsoverflowed="0" regionsstable="0" regionsrebuilding="12"/>
  </mem-info>
</gc-end>
<cycle-end id="1897" type="partial gc" contextid="1890" timestamp="2019-06-15T00:49:38.245" />
  <attribute name="elasticGC enabled" value="1" />
  <attribute name= "numThreadsSpecified" value="1" />
  <attribute name="heapSize specified" value="0" />
  <attribute name="Current GC Util" value="53" />
  <attribute name= "Current Time Running" value="15137" />
  <attribute name ="GC Interval" value="0" />
  <attribute name="ProportionalT" value="16.500000" />
  <attribute name="ProportionalI" value="16.500000" />
  <attribute name="ProportionalH" value="16.500000" />
  <attribute name="Current Error" value="33.000000" />
  <attribute name="IntegralT" value="0.000000" />
  <attribute name="IntegralI" value="0.000000" />
  <attribute name="IntegralH" value="0.000000" />
  <attribute name="DerivativeT" value="inf" />
  <attribute name="DerivativeI" value="inf" />
  <attribute name="DerivativeH" value="inf" />
  <attribute name="Loop Time for DT" value="0.000000" />
  <attribute name="Output H" value="8388608"/>
  <attribute name="Output I" value="200"/>
  <attribute name="Output T" value="1"/>
  <attribute name="Target GC Util Change" value ="20.000000" />
  <attribute name="Current GC Util Change" value="53.000000"/>
  <attribute name="GC Util currently" value="53" />
  <attribute name="CPU Util currently" value="15665439195405" />
<exclusive-end id="1898" timestamp="2019-06-15T00:49:38.245" durationms="3.928" />

<exclusive-start id="1899" timestamp="2019-06-15T00:49:38.312" intervalms="70.860">
  <response-info timems="0.063" idlems="0.063" threads="0" lastid="000000000118C700" lastname="main" />
</exclusive-start>
<allocation-taxation id="1900" taxation-threshold="12582912" timestamp="2019-06-15T00:49:38.312" intervalms="70.951" />
<gc-start id="1901" type="global mark phase" contextid="1838" timestamp="2019-06-15T00:49:38.312">
  <mem-info id="1902" free="30408704" total="73400320" percent="41">
    <remembered-set count="52064" freebytes="2721664" totalbytes="2929920" percent="92" regionsoverflowed="0" regionsstable="0" regionsrebuilding="12"/>
  </mem-info>
</gc-start>
<gc-end id="1903" type="global mark phase" contextid="1838" durationms="0.160" usertimems="0.000" systemtimems="0.000" timestamp="2019-06-15T00:49:38.313" activeThreads="1">
  <mem-info id="1904" free="30408704" total="73400320" percent="41">
    <remembered-set count="52064" freebytes="2721664" totalbytes="2929920" percent="92" regionsoverflowed="0" regionsstable="0" regionsrebuilding="12"/>
  </mem-info>
</gc-end>
<concurrent-start id="1905" type="GMP work packet processing" contextid="1838" timestamp="2019-06-15T00:49:38.313">
  <concurrent-mark-start scanTarget="1048576" />
</concurrent-start>
<exclusive-end id="1906" timestamp="2019-06-15T00:49:38.313" durationms="1.023" />

<concurrent-end id="1907" type="GMP work packet processing" contextid="1838" timestamp="2019-06-15T00:49:38.314">
  <concurrent-mark-end bytesScanned="1076052" reasonForTermination="Work target met" />
</concurrent-end>

<exclusive-start id="1908" timestamp="2019-06-15T00:49:38.370" intervalms="58.560">
  <response-info timems="0.189" idlems="0.189" threads="0" lastid="000000000118C700" lastname="main" />
</exclusive-start>
<allocation-taxation id="1909" taxation-threshold="12582912" timestamp="2019-06-15T00:49:38.371" intervalms="58.521" />
<cycle-start id="1910" type="partial gc" contextid="0" timestamp="2019-06-15T00:49:38.371" intervalms="129.581" />
<gc-start id="1911" type="partial gc" contextid="1910" timestamp="2019-06-15T00:49:38.371">
  <mem-info id="1912" free="17825792" total="73400320" percent="24">
    <mem type="eden" free="0" total="25165824" percent="0" />
    <remembered-set count="58816" freebytes="2694656" totalbytes="2929920" percent="91" regionsoverflowed="0" regionsstable="0" regionsrebuilding="12"/>
  </mem-info>
</gc-start>
<allocation-stats totalBytes="25164912" >
  <allocated-bytes non-tlh="0" tlh="25164912" arrayletleaf="0"/>
  <largest-consumer threadName="main" threadId="000000000118C700" bytes="12582480" />
</allocation-stats>
<gc-op id="1913" type="copy forward" timems="1.481" contextid="1910" timestamp="2019-06-15T00:49:38.374">
  <memory-copied type="eden" objects="4" bytes="120" bytesdiscarded="0" />
  <memory-copied type="other" objects="26" bytes="760" bytesdiscarded="0" />
  <memory-cardclean objects="74" bytes="2984" />
  <regions eden="24" other="2" />
  <remembered-set-cleared processed="56224" cleared="55" durationms="0.470" />
  <stringconstants candidates="13761" cleared="0"  />
</gc-op>
<gc-op id="1914" type="classunload" timems="0.004" contextid="1910" timestamp="2019-06-15T00:49:38.374">
  <classunload-info classloadercandidates="54" classloadersunloaded="0" classesunloaded="0" anonymousclassesunloaded="0" quiescems="0.000" setupms="0.004" scanms="0.000" postms="0.000" />
</gc-op>
<heap-resize id="1915" type="contract" space="default" amount="4194304" count="1" timems="0.061" reason="insufficient time being spent in gc" timestamp="2019-06-15T00:49:38.374" />
<gc-end id="1916" type="partial gc" contextid="1910" durationms="2.968" usertimems="0.000" systemtimems="0.000" timestamp="2019-06-15T00:49:38.374" activeThreads="1">
  <mem-info id="1917" free="37748736" total="69206016" percent="54">
    <mem type="eden" free="1048456" total="1048576" percent="99" />
    <remembered-set count="59040" freebytes="2693760" totalbytes="2929920" percent="91" regionsoverflowed="0" regionsstable="0" regionsrebuilding="12"/>
  </mem-info>
</gc-end>
<cycle-end id="1918" type="partial gc" contextid="1910" timestamp="2019-06-15T00:49:38.374" />
  <attribute name="elasticGC enabled" value="1" />
  <attribute name= "numThreadsSpecified" value="1" />
  <attribute name="heapSize specified" value="0" />
  <attribute name="Current GC Util" value="53" />
  <attribute name= "Current Time Running" value="15267" />
  <attribute name ="GC Interval" value="0" />
  <attribute name="ProportionalT" value="16.500000" />
  <attribute name="ProportionalI" value="16.500000" />
  <attribute name="ProportionalH" value="16.500000" />
  <attribute name="Current Error" value="33.000000" />
  <attribute name="IntegralT" value="0.000000" />
  <attribute name="IntegralI" value="0.000000" />
  <attribute name="IntegralH" value="0.000000" />
  <attribute name="DerivativeT" value="inf" />
  <attribute name="DerivativeI" value="inf" />
  <attribute name="DerivativeH" value="inf" />
  <attribute name="Loop Time for DT" value="0.000000" />
  <attribute name="Output H" value="8388608"/>
  <attribute name="Output I" value="200"/>
  <attribute name="Output T" value="1"/>
  <attribute name="Target GC Util Change" value ="20.000000" />
  <attribute name="Current GC Util Change" value="53.000000"/>
  <attribute name="GC Util currently" value="53" />
  <attribute name="CPU Util currently" value="16637754193534" />
<exclusive-end id="1919" timestamp="2019-06-15T00:49:38.375" durationms="4.396" />

<exclusive-start id="1920" timestamp="2019-06-15T00:49:38.666" intervalms="295.843">
  <response-info timems="0.063" idlems="0.063" threads="0" lastid="000000000118C700" lastname="main" />
</exclusive-start>
<allocation-taxation id="1921" taxation-threshold="11534336" timestamp="2019-06-15T00:49:38.667" intervalms="295.874" />
<gc-start id="1922" type="global mark phase" contextid="1838" timestamp="2019-06-15T00:49:38.667">
  <mem-info id="1923" free="26214400" total="69206016" percent="37">
    <remembered-set count="58816" freebytes="2694656" totalbytes="2929920" percent="91" regionsoverflowed="0" regionsstable="0" regionsrebuilding="12"/>
  </mem-info>
</gc-start>
<gc-end id="1924" type="global mark phase" contextid="1838" durationms="0.223" usertimems="0.000" systemtimems="0.000" timestamp="2019-06-15T00:49:38.667" activeThreads="1">
  <mem-info id="1925" free="26214400" total="69206016" percent="37">
    <remembered-set count="58816" freebytes="2694656" totalbytes="2929920" percent="91" regionsoverflowed="0" regionsstable="0" regionsrebuilding="12"/>
  </mem-info>
</gc-end>
<concurrent-start id="1926" type="GMP work packet processing" contextid="1838" timestamp="2019-06-15T00:49:38.667">
  <concurrent-mark-start scanTarget="1048576" />
</concurrent-start>
<exclusive-end id="1927" timestamp="2019-06-15T00:49:38.668" durationms="1.309" />

<concurrent-end id="1928" type="GMP work packet processing" contextid="1838" timestamp="2019-06-15T00:49:38.668">
  <concurrent-mark-end bytesScanned="1090940" reasonForTermination="Work target met" />
</concurrent-end>

<exclusive-start id="1929" timestamp="2019-06-15T00:49:38.887" intervalms="220.571">
  <response-info timems="0.084" idlems="0.084" threads="0" lastid="000000000118C700" lastname="main" />
</exclusive-start>
<allocation-taxation id="1930" taxation-threshold="11534336" timestamp="2019-06-15T00:49:38.887" intervalms="220.514" />
<cycle-start id="1931" type="partial gc" contextid="0" timestamp="2019-06-15T00:49:38.887" intervalms="516.349" />
<gc-start id="1932" type="partial gc" contextid="1931" timestamp="2019-06-15T00:49:38.888">
  <mem-info id="1933" free="14680064" total="69206016" percent="21">
    <mem type="eden" free="1048456" total="24117248" percent="4" />
    <remembered-set count="69888" freebytes="2650368" totalbytes="2929920" percent="90" regionsoverflowed="0" regionsstable="0" regionsrebuilding="12"/>
  </mem-info>
</gc-start>
<allocation-stats totalBytes="23067272" >
  <allocated-bytes non-tlh="0" tlh="23067272" arrayletleaf="0"/>
  <largest-consumer threadName="main" threadId="000000000118C700" bytes="11533640" />
</allocation-stats>
<gc-op id="1934" type="copy forward" timems="3.953" contextid="1931" timestamp="2019-06-15T00:49:38.893">
  <memory-copied type="eden" objects="31" bytes="904" bytesdiscarded="600" />
  <memory-copied type="other" objects="42" bytes="960" bytesdiscarded="0" />
  <memory-cardclean objects="90382" bytes="3206504" />
  <regions eden="22" other="2" />
  <remembered-set-cleared processed="36108" cleared="8714" durationms="0.295" />
  <stringconstants candidates="13761" cleared="0"  />
</gc-op>
<gc-op id="1935" type="classunload" timems="0.005" contextid="1931" timestamp="2019-06-15T00:49:38.893">
  <classunload-info classloadercandidates="54" classloadersunloaded="0" classesunloaded="0" anonymousclassesunloaded="0" quiescems="0.000" setupms="0.004" scanms="0.000" postms="0.000" />
</gc-op>
<heap-resize id="1936" type="contract" space="default" amount="4194304" count="1" timems="0.153" reason="insufficient time being spent in gc" timestamp="2019-06-15T00:49:38.893" />
<gc-end id="1937" type="partial gc" contextid="1931" durationms="5.645" usertimems="4.000" systemtimems="8.000" timestamp="2019-06-15T00:49:38.893" activeThreads="4">
  <mem-info id="1938" free="33554432" total="65011712" percent="51">
    <mem type="eden" free="1047072" total="1048576" percent="99" />
    <remembered-set count="43008" freebytes="2590464" totalbytes="2762496" percent="93" regionsoverflowed="0" regionsstable="0" regionsrebuilding="12"/>
  </mem-info>
</gc-end>
<cycle-end id="1939" type="partial gc" contextid="1931" timestamp="2019-06-15T00:49:38.894" />
  <attribute name="elasticGC enabled" value="1" />
  <attribute name= "numThreadsSpecified" value="4" />
  <attribute name="heapSize specified" value="0" />
  <attribute name="Current GC Util" value="37" />
  <attribute name= "Current Time Running" value="15784" />
  <attribute name ="GC Interval" value="0" />
  <attribute name="ProportionalT" value="8.500000" />
  <attribute name="ProportionalI" value="8.500000" />
  <attribute name="ProportionalH" value="8.500000" />
  <attribute name="Current Error" value="17.000000" />
  <attribute name="IntegralT" value="17.000000" />
  <attribute name="IntegralI" value="17.000000" />
  <attribute name="IntegralH" value="17.000000" />
  <attribute name="DerivativeT" value="8.500000" />
  <attribute name="DerivativeI" value="8.500000" />
  <attribute name="DerivativeH" value="8.500000" />
  <attribute name="Loop Time for DT" value="1.000000" />
  <attribute name="Output H" value="8388608"/>
  <attribute name="Output I" value="200"/>
  <attribute name="Output T" value="4"/>
  <attribute name="Target GC Util Change" value ="20.000000" />
  <attribute name="Current GC Util Change" value="37.000000"/>
  <attribute name="GC Util currently" value="37" />
  <attribute name="CPU Util currently" value="8888489244727" />
<exclusive-end id="1940" timestamp="2019-06-15T00:49:38.894" durationms="7.034" />

<exclusive-start id="1941" timestamp="2019-06-15T00:49:38.995" intervalms="108.277">
  <response-info timems="0.226" idlems="0.226" threads="0" lastid="000000000118C700" lastname="main" />
</exclusive-start>
<allocation-taxation id="1942" taxation-threshold="11534336" timestamp="2019-06-15T00:49:38.995" intervalms="108.279" />
<gc-start id="1943" type="global mark phase" contextid="1838" timestamp="2019-06-15T00:49:39.043">
  <mem-info id="1944" free="22020096" total="65011712" percent="33">
    <remembered-set count="42784" freebytes="2591360" totalbytes="2762496" percent="93" regionsoverflowed="0" regionsstable="0" regionsrebuilding="12"/>
  </mem-info>
</gc-start>
<gc-end id="1945" type="global mark phase" contextid="1838" durationms="0.504" usertimems="0.000" systemtimems="0.000" timestamp="2019-06-15T00:49:39.044" activeThreads="4">
  <mem-info id="1946" free="22020096" total="65011712" percent="33">
    <remembered-set count="42784" freebytes="2591360" totalbytes="2762496" percent="93" regionsoverflowed="0" regionsstable="0" regionsrebuilding="12"/>
  </mem-info>
</gc-end>
<concurrent-start id="1947" type="GMP work packet processing" contextid="1838" timestamp="2019-06-15T00:49:39.044">
  <concurrent-mark-start scanTarget="1278617" />
</concurrent-start>
<exclusive-end id="1948" timestamp="2019-06-15T00:49:39.045" durationms="49.903" />

<concurrent-end id="1949" type="GMP work packet processing" contextid="1838" timestamp="2019-06-15T00:49:39.048">
  <concurrent-mark-end bytesScanned="1308432" reasonForTermination="Work target met" />
</concurrent-end>

<exclusive-start id="1950" timestamp="2019-06-15T00:49:39.866" intervalms="871.131">
  <response-info timems="0.053" idlems="0.053" threads="0" lastid="000000000118C700" lastname="main" />
</exclusive-start>
<allocation-taxation id="1951" taxation-threshold="11534336" timestamp="2019-06-15T00:49:39.866" intervalms="871.169" />
<cycle-start id="1952" type="partial gc" contextid="0" timestamp="2019-06-15T00:49:39.867" intervalms="979.521" />
<gc-start id="1953" type="partial gc" contextid="1952" timestamp="2019-06-15T00:49:39.867">
  <mem-info id="1954" free="10485760" total="65011712" percent="16">
    <mem type="eden" free="0" total="23068672" percent="0" />
    <remembered-set count="53344" freebytes="2549120" totalbytes="2762496" percent="92" regionsoverflowed="0" regionsstable="0" regionsrebuilding="12"/>
  </mem-info>
</gc-start>
<allocation-stats totalBytes="23067136" >
  <allocated-bytes non-tlh="0" tlh="23067136" arrayletleaf="0"/>
  <largest-consumer threadName="main" threadId="000000000118C700" bytes="11533576" />
</allocation-stats>
<gc-op id="1955" type="copy forward" timems="4.727" contextid="1952" timestamp="2019-06-15T00:49:39.873">
  <memory-copied type="eden" objects="46" bytes="1240" bytesdiscarded="0" />
  <memory-copied type="other" objects="56" bytes="1512" bytesdiscarded="0" />
  <memory-cardclean objects="71218" bytes="2512584" />
  <regions eden="22" other="2" />
  <remembered-set-cleared processed="36096" cleared="1379" durationms="0.373" />
  <references type="weak" candidates="2" cleared="0" enqueued="0" />
  <stringconstants candidates="13761" cleared="0"  />
</gc-op>
<gc-op id="1956" type="classunload" timems="0.004" contextid="1952" timestamp="2019-06-15T00:49:39.873">
  <classunload-info classloadercandidates="54" classloadersunloaded="0" classesunloaded="0" anonymousclassesunloaded="0" quiescems="0.000" setupms="0.004" scanms="0.000" postms="0.000" />
</gc-op>
<heap-resize id="1957" type="contract" space="default" amount="4194304" count="1" timems="0.133" reason="insufficient time being spent in gc" timestamp="2019-06-15T00:49:39.874" />
<gc-end id="1958" type="partial gc" contextid="1952" durationms="6.562" usertimems="8.000" systemtimems="0.000" timestamp="2019-06-15T00:49:39.874" activeThreads="1">
  <mem-info id="1959" free="28311552" total="60817408" percent="46">
    <mem type="eden" free="1047336" total="1048576" percent="99" />
    <remembered-set count="44640" freebytes="2416512" totalbytes="2595072" percent="93" regionsoverflowed="0" regionsstable="0" regionsrebuilding="12"/>
  </mem-info>
</gc-end>
<cycle-end id="1960" type="partial gc" contextid="1952" timestamp="2019-06-15T00:49:39.874" />
  <attribute name="elasticGC enabled" value="1" />
  <attribute name= "numThreadsSpecified" value="1" />
  <attribute name="heapSize specified" value="0" />
  <attribute name="Current GC Util" value="52" />
  <attribute name= "Current Time Running" value="16763" />
  <attribute name ="GC Interval" value="0" />
  <attribute name="ProportionalT" value="16.000000" />
  <attribute name="ProportionalI" value="16.000000" />
  <attribute name="ProportionalH" value="16.000000" />
  <attribute name="Current Error" value="32.000000" />
  <attribute name="IntegralT" value="0.000000" />
  <attribute name="IntegralI" value="0.000000" />
  <attribute name="IntegralH" value="0.000000" />
  <attribute name="DerivativeT" value="inf" />
  <attribute name="DerivativeI" value="inf" />
  <attribute name="DerivativeH" value="inf" />
  <attribute name="Loop Time for DT" value="0.000000" />
  <attribute name="Output H" value="8388608"/>
  <attribute name="Output I" value="200"/>
  <attribute name="Output T" value="1"/>
  <attribute name="Target GC Util Change" value ="20.000000" />
  <attribute name="Current GC Util Change" value="52.000000"/>
  <attribute name="GC Util currently" value="52" />
  <attribute name="CPU Util currently" value="9198425833827" />
<exclusive-end id="1961" timestamp="2019-06-15T00:49:39.874" durationms="8.005" />

<exclusive-start id="1962" timestamp="2019-06-15T00:49:39.901" intervalms="35.183">
  <response-info timems="0.058" idlems="0.058" threads="0" lastid="000000000118C700" lastname="main" />
</exclusive-start>
<allocation-taxation id="1963" taxation-threshold="10485760" timestamp="2019-06-15T00:49:39.902" intervalms="35.211" />
<gc-start id="1964" type="global mark phase" contextid="1838" timestamp="2019-06-15T00:49:39.902">
  <mem-info id="1965" free="17825792" total="60817408" percent="29">
    <remembered-set count="44544" freebytes="2416896" totalbytes="2595072" percent="93" regionsoverflowed="0" regionsstable="0" regionsrebuilding="12"/>
  </mem-info>
</gc-start>
<gc-end id="1966" type="global mark phase" contextid="1838" durationms="0.216" usertimems="0.000" systemtimems="0.000" timestamp="2019-06-15T00:49:39.902" activeThreads="1">
  <mem-info id="1967" free="17825792" total="60817408" percent="29">
    <remembered-set count="44544" freebytes="2416896" totalbytes="2595072" percent="93" regionsoverflowed="0" regionsstable="0" regionsrebuilding="12"/>
  </mem-info>
</gc-end>
<concurrent-start id="1968" type="GMP work packet processing" contextid="1838" timestamp="2019-06-15T00:49:39.902">
  <concurrent-mark-start scanTarget="1048576" />
</concurrent-start>
<concurrent-end id="1969" type="GMP work packet processing" contextid="1838" timestamp="2019-06-15T00:49:39.903">
  <concurrent-mark-end bytesScanned="1084244" reasonForTermination="Work target met" />
</concurrent-end>

<exclusive-end id="1970" timestamp="2019-06-15T00:49:39.903" durationms="1.962" />

<exclusive-start id="1971" timestamp="2019-06-15T00:49:39.928" intervalms="26.685">
  <response-info timems="0.018" idlems="0.018" threads="0" lastid="000000000118C700" lastname="main" />
</exclusive-start>
<allocation-taxation id="1972" taxation-threshold="10485760" timestamp="2019-06-15T00:49:39.928" intervalms="26.647" />
<cycle-start id="1973" type="partial gc" contextid="0" timestamp="2019-06-15T00:49:39.929" intervalms="61.851" />
<gc-start id="1974" type="partial gc" contextid="1973" timestamp="2019-06-15T00:49:39.929">
  <mem-info id="1975" free="7340032" total="60817408" percent="12">
    <mem type="eden" free="0" total="20971520" percent="0" />
    <remembered-set count="55136" freebytes="2374528" totalbytes="2595072" percent="91" regionsoverflowed="0" regionsstable="0" regionsrebuilding="12"/>
  </mem-info>
</gc-start>
<allocation-stats totalBytes="20969936" >
  <allocated-bytes non-tlh="0" tlh="20969936" arrayletleaf="0"/>
  <largest-consumer threadName="main" threadId="000000000118C700" bytes="10484944" />
</allocation-stats>
<gc-op id="1976" type="copy forward" timems="3.988" contextid="1973" timestamp="2019-06-15T00:49:39.934">
  <memory-copied type="eden" objects="4" bytes="96" bytesdiscarded="0" />
  <memory-copied type="other" objects="41" bytes="1120" bytesdiscarded="0" />
  <memory-cardclean objects="85090" bytes="3066512" />
  <regions eden="20" other="1" />
  <remembered-set-cleared processed="40967" cleared="9809" durationms="0.309" />
  <references type="weak" candidates="2" cleared="0" enqueued="0" />
  <stringconstants candidates="13761" cleared="0"  />
</gc-op>
<gc-op id="1977" type="classunload" timems="0.005" contextid="1973" timestamp="2019-06-15T00:49:39.934">
  <classunload-info classloadercandidates="54" classloadersunloaded="0" classesunloaded="0" anonymousclassesunloaded="0" quiescems="0.000" setupms="0.004" scanms="0.000" postms="0.000" />
</gc-op>
<gc-end id="1978" type="partial gc" contextid="1973" durationms="5.347" usertimems="8.000" systemtimems="0.000" timestamp="2019-06-15T00:49:39.934" activeThreads="4">
  <mem-info id="1979" free="27262976" total="60817408" percent="44">
    <mem type="eden" free="1048480" total="1048576" percent="99" />
    <remembered-set count="48768" freebytes="2232576" totalbytes="2427648" percent="91" regionsoverflowed="0" regionsstable="0" regionsrebuilding="12"/>
  </mem-info>
</gc-end>
<cycle-end id="1980" type="partial gc" contextid="1973" timestamp="2019-06-15T00:49:39.935" />
  <attribute name="elasticGC enabled" value="1" />
  <attribute name= "numThreadsSpecified" value="4" />
  <attribute name="heapSize specified" value="0" />
  <attribute name="Current GC Util" value="48" />
  <attribute name= "Current Time Running" value="16825" />
  <attribute name ="GC Interval" value="0" />
  <attribute name="ProportionalT" value="14.000000" />
  <attribute name="ProportionalI" value="14.000000" />
  <attribute name="ProportionalH" value="14.000000" />
  <attribute name="Current Error" value="28.000000" />
  <attribute name="IntegralT" value="28.000000" />
  <attribute name="IntegralI" value="28.000000" />
  <attribute name="IntegralH" value="28.000000" />
  <attribute name="DerivativeT" value="14.000000" />
  <attribute name="DerivativeI" value="14.000000" />
  <attribute name="DerivativeH" value="14.000000" />
  <attribute name="Loop Time for DT" value="1.000000" />
  <attribute name="Output H" value="8388608"/>
  <attribute name="Output I" value="200"/>
  <attribute name="Output T" value="4"/>
  <attribute name="Target GC Util Change" value ="20.000000" />
  <attribute name="Current GC Util Change" value="48.000000"/>
  <attribute name="GC Util currently" value="48" />
  <attribute name="CPU Util currently" value="9577549754202" />
<exclusive-end id="1981" timestamp="2019-06-15T00:49:39.935" durationms="6.642" />

<exclusive-start id="1982" timestamp="2019-06-15T00:49:39.960" intervalms="31.536">
  <response-info timems="0.078" idlems="0.078" threads="0" lastid="000000000118C700" lastname="main" />
</exclusive-start>
<allocation-taxation id="1983" taxation-threshold="10485760" timestamp="2019-06-15T00:49:39.960" intervalms="31.558" />
<gc-start id="1984" type="global mark phase" contextid="1838" timestamp="2019-06-15T00:49:39.960">
  <mem-info id="1985" free="16777216" total="60817408" percent="27">
    <remembered-set count="48320" freebytes="2234368" totalbytes="2427648" percent="92" regionsoverflowed="0" regionsstable="0" regionsrebuilding="12"/>
  </mem-info>
</gc-start>
<gc-end id="1986" type="global mark phase" contextid="1838" durationms="0.148" usertimems="0.000" systemtimems="0.000" timestamp="2019-06-15T00:49:39.960" activeThreads="4">
  <mem-info id="1987" free="16777216" total="60817408" percent="27">
    <remembered-set count="48320" freebytes="2234368" totalbytes="2427648" percent="92" regionsoverflowed="0" regionsstable="0" regionsrebuilding="12"/>
  </mem-info>
</gc-end>
<concurrent-start id="1988" type="GMP work packet processing" contextid="1838" timestamp="2019-06-15T00:49:39.961">
  <concurrent-mark-start scanTarget="1278617" />
</concurrent-start>
<concurrent-end id="1989" type="GMP work packet processing" contextid="1838" timestamp="2019-06-15T00:49:39.962">
  <concurrent-mark-end bytesScanned="1310844" reasonForTermination="Work target met" />
</concurrent-end>

<exclusive-end id="1990" timestamp="2019-06-15T00:49:39.962" durationms="1.915" />

<exclusive-start id="1991" timestamp="2019-06-15T00:49:39.987" intervalms="27.129">
  <response-info timems="0.240" idlems="0.240" threads="0" lastid="000000000118C700" lastname="main" />
</exclusive-start>
<allocation-taxation id="1992" taxation-threshold="10485760" timestamp="2019-06-15T00:49:39.987" intervalms="27.039" />
<cycle-start id="1993" type="partial gc" contextid="0" timestamp="2019-06-15T00:49:39.987" intervalms="58.463" />
<gc-start id="1994" type="partial gc" contextid="1993" timestamp="2019-06-15T00:49:39.987">
  <mem-info id="1995" free="6291456" total="60817408" percent="10">
    <mem type="eden" free="1048480" total="22020096" percent="4" />
    <remembered-set count="56864" freebytes="2200192" totalbytes="2427648" percent="90" regionsoverflowed="0" regionsstable="0" regionsrebuilding="12"/>
  </mem-info>
</gc-start>
<allocation-stats totalBytes="20969872" >
  <allocated-bytes non-tlh="0" tlh="20969872" arrayletleaf="0"/>
  <largest-consumer threadName="main" threadId="000000000118C700" bytes="10484936" />
</allocation-stats>
<gc-op id="1996" type="copy forward" timems="1.504" contextid="1993" timestamp="2019-06-15T00:49:39.990">
  <memory-copied type="eden" objects="6" bytes="144" bytesdiscarded="0" />
  <memory-copied type="other" objects="0" bytes="0" bytesdiscarded="0" />
  <memory-cardclean objects="15" bytes="512" />
  <regions eden="20" other="1" />
  <remembered-set-cleared processed="53855" cleared="8" durationms="0.445" />
  <stringconstants candidates="13761" cleared="0"  />
</gc-op>
<gc-op id="1997" type="classunload" timems="0.005" contextid="1993" timestamp="2019-06-15T00:49:39.990">
  <classunload-info classloadercandidates="54" classloadersunloaded="0" classesunloaded="0" anonymousclassesunloaded="0" quiescems="0.000" setupms="0.005" scanms="0.000" postms="0.000" />
</gc-op>
<gc-end id="1998" type="partial gc" contextid="1993" durationms="2.638" usertimems="4.000" systemtimems="0.000" timestamp="2019-06-15T00:49:39.990" activeThreads="1">
  <mem-info id="1999" free="27262976" total="60817408" percent="44">
    <mem type="eden" free="1048432" total="1048576" percent="99" />
    <remembered-set count="57344" freebytes="2198272" totalbytes="2427648" percent="90" regionsoverflowed="0" regionsstable="0" regionsrebuilding="12"/>
  </mem-info>
</gc-end>
<cycle-end id="2000" type="partial gc" contextid="1993" timestamp="2019-06-15T00:49:39.990" />
  <attribute name="elasticGC enabled" value="1" />
  <attribute name= "numThreadsSpecified" value="1" />
  <attribute name="heapSize specified" value="0" />
  <attribute name="Current GC Util" value="46" />
  <attribute name= "Current Time Running" value="16883" />
  <attribute name ="GC Interval" value="0" />
  <attribute name="ProportionalT" value="13.000000" />
  <attribute name="ProportionalI" value="13.000000" />
  <attribute name="ProportionalH" value="13.000000" />
  <attribute name="Current Error" value="26.000000" />
  <attribute name="IntegralT" value="0.000000" />
  <attribute name="IntegralI" value="0.000000" />
  <attribute name="IntegralH" value="0.000000" />
  <attribute name="DerivativeT" value="inf" />
  <attribute name="DerivativeI" value="inf" />
  <attribute name="DerivativeH" value="inf" />
  <attribute name="Loop Time for DT" value="0.000000" />
  <attribute name="Output H" value="8388608"/>
  <attribute name="Output I" value="200"/>
  <attribute name="Output T" value="1"/>
  <attribute name="Target GC Util Change" value ="20.000000" />
  <attribute name="Current GC Util Change" value="46.000000"/>
  <attribute name="GC Util currently" value="46" />
  <attribute name="CPU Util currently" value="14669658847095" />
<exclusive-end id="2001" timestamp="2019-06-15T00:49:39.990" durationms="3.629" />

<exclusive-start id="2002" timestamp="2019-06-15T00:49:40.028" intervalms="41.135">
  <response-info timems="0.217" idlems="0.217" threads="0" lastid="000000000118C700" lastname="main" />
</exclusive-start>
<allocation-taxation id="2003" taxation-threshold="10485760" timestamp="2019-06-15T00:49:40.028" intervalms="41.178" />
<gc-start id="2004" type="global mark phase" contextid="1838" timestamp="2019-06-15T00:49:40.028">
  <mem-info id="2005" free="16777216" total="60817408" percent="27">
    <remembered-set count="56864" freebytes="2200192" totalbytes="2427648" percent="90" regionsoverflowed="0" regionsstable="0" regionsrebuilding="12"/>
  </mem-info>
</gc-start>
<gc-end id="2006" type="global mark phase" contextid="1838" durationms="0.149" usertimems="0.000" systemtimems="0.000" timestamp="2019-06-15T00:49:40.028" activeThreads="1">
  <mem-info id="2007" free="16777216" total="60817408" percent="27">
    <remembered-set count="56864" freebytes="2200192" totalbytes="2427648" percent="90" regionsoverflowed="0" regionsstable="0" regionsrebuilding="12"/>
  </mem-info>
</gc-end>
<concurrent-start id="2008" type="GMP work packet processing" contextid="1838" timestamp="2019-06-15T00:49:40.029">
  <concurrent-mark-start scanTarget="1048576" />
</concurrent-start>
<concurrent-end id="2009" type="GMP work packet processing" contextid="1838" timestamp="2019-06-15T00:49:40.029">
  <concurrent-mark-end bytesScanned="1078596" reasonForTermination="Work target met" />
</concurrent-end>

<exclusive-end id="2010" timestamp="2019-06-15T00:49:40.029" durationms="1.541" />

<exclusive-start id="2011" timestamp="2019-06-15T00:49:40.065" intervalms="37.432">
  <response-info timems="0.025" idlems="0.025" threads="0" lastid="000000000118C700" lastname="main" />
</exclusive-start>
<allocation-taxation id="2012" taxation-threshold="10485760" timestamp="2019-06-15T00:49:40.066" intervalms="37.392" />
<cycle-start id="2013" type="partial gc" contextid="0" timestamp="2019-06-15T00:49:40.066" intervalms="78.571" />
<gc-start id="2014" type="partial gc" contextid="2013" timestamp="2019-06-15T00:49:40.066">
  <mem-info id="2015" free="6291456" total="60817408" percent="10">
    <mem type="eden" free="1048432" total="22020096" percent="4" />
    <remembered-set count="62368" freebytes="2178176" totalbytes="2427648" percent="89" regionsoverflowed="0" regionsstable="0" regionsrebuilding="12"/>
  </mem-info>
</gc-start>
<allocation-stats totalBytes="20970152" >
  <allocated-bytes non-tlh="0" tlh="20970152" arrayletleaf="0"/>
  <largest-consumer threadName="main" threadId="000000000118C700" bytes="10485120" />
</allocation-stats>
<gc-op id="2016" type="copy forward" timems="1.585" contextid="2013" timestamp="2019-06-15T00:49:40.068">
  <memory-copied type="eden" objects="33" bytes="976" bytesdiscarded="0" />
  <memory-copied type="other" objects="0" bytes="0" bytesdiscarded="0" />
  <memory-cardclean objects="61" bytes="2232" />
  <regions eden="20" other="1" />
  <remembered-set-cleared processed="59727" cleared="23" durationms="0.322" />
  <stringconstants candidates="13761" cleared="0"  />
</gc-op>
<gc-op id="2017" type="classunload" timems="0.004" contextid="2013" timestamp="2019-06-15T00:49:40.069">
  <classunload-info classloadercandidates="54" classloadersunloaded="0" classesunloaded="0" anonymousclassesunloaded="0" quiescems="0.000" setupms="0.004" scanms="0.000" postms="0.000" />
</gc-op>
<gc-end id="2018" type="partial gc" contextid="2013" durationms="2.680" usertimems="0.000" systemtimems="4.000" timestamp="2019-06-15T00:49:40.069" activeThreads="4">
  <mem-info id="2019" free="27262976" total="60817408" percent="44">
    <mem type="eden" free="1047600" total="1048576" percent="99" />
    <remembered-set count="62048" freebytes="2179456" totalbytes="2427648" percent="89" regionsoverflowed="0" regionsstable="0" regionsrebuilding="12"/>
  </mem-info>
</gc-end>
<cycle-end id="2020" type="partial gc" contextid="2013" timestamp="2019-06-15T00:49:40.069" />
  <attribute name="elasticGC enabled" value="1" />
  <attribute name= "numThreadsSpecified" value="4" />
  <attribute name="heapSize specified" value="0" />
  <attribute name="Current GC Util" value="45" />
  <attribute name= "Current Time Running" value="16962" />
  <attribute name ="GC Interval" value="0" />
  <attribute name="ProportionalT" value="12.500000" />
  <attribute name="ProportionalI" value="12.500000" />
  <attribute name="ProportionalH" value="12.500000" />
  <attribute name="Current Error" value="25.000000" />
  <attribute name="IntegralT" value="25.000000" />
  <attribute name="IntegralI" value="25.000000" />
  <attribute name="IntegralH" value="25.000000" />
  <attribute name="DerivativeT" value="12.500000" />
  <attribute name="DerivativeI" value="12.500000" />
  <attribute name="DerivativeH" value="12.500000" />
  <attribute name="Loop Time for DT" value="1.000000" />
  <attribute name="Output H" value="8388608"/>
  <attribute name="Output I" value="200"/>
  <attribute name="Output T" value="4"/>
  <attribute name="Target GC Util Change" value ="20.000000" />
  <attribute name="Current GC Util Change" value="45.000000"/>
  <attribute name="GC Util currently" value="45" />
  <attribute name="CPU Util currently" value="15838139069686" />
<exclusive-end id="2021" timestamp="2019-06-15T00:49:40.069" durationms="3.665" />

<exclusive-start id="2022" timestamp="2019-06-15T00:49:40.105" intervalms="39.632">
  <response-info timems="0.127" idlems="0.127" threads="0" lastid="000000000118C700" lastname="main" />
</exclusive-start>
<allocation-taxation id="2023" taxation-threshold="10485760" timestamp="2019-06-15T00:49:40.105" intervalms="39.839" />
<gc-start id="2024" type="global mark phase" contextid="1838" timestamp="2019-06-15T00:49:40.106">
  <mem-info id="2025" free="16777216" total="60817408" percent="27">
    <remembered-set count="62048" freebytes="2179456" totalbytes="2427648" percent="89" regionsoverflowed="0" regionsstable="0" regionsrebuilding="12"/>
  </mem-info>
</gc-start>
<gc-end id="2026" type="global mark phase" contextid="1838" durationms="0.153" usertimems="0.000" systemtimems="0.000" timestamp="2019-06-15T00:49:40.106" activeThreads="4">
  <mem-info id="2027" free="16777216" total="60817408" percent="27">
    <remembered-set count="62048" freebytes="2179456" totalbytes="2427648" percent="89" regionsoverflowed="0" regionsstable="0" regionsrebuilding="12"/>
  </mem-info>
</gc-end>
<concurrent-start id="2028" type="GMP work packet processing" contextid="1838" timestamp="2019-06-15T00:49:40.106">
  <concurrent-mark-start scanTarget="1278617" />
</concurrent-start>
<concurrent-end id="2029" type="GMP work packet processing" contextid="1838" timestamp="2019-06-15T00:49:40.107">
  <concurrent-mark-end bytesScanned="1181608" reasonForTermination="Completed all work in GC phase" />
</concurrent-end>

<exclusive-end id="2030" timestamp="2019-06-15T00:49:40.107" durationms="1.950" />

<exclusive-start id="2031" timestamp="2019-06-15T00:49:40.143" intervalms="37.754">
  <response-info timems="0.020" idlems="0.020" threads="0" lastid="000000000118C700" lastname="main" />
</exclusive-start>
<allocation-taxation id="2032" taxation-threshold="10485760" timestamp="2019-06-15T00:49:40.143" intervalms="37.554" />
<cycle-start id="2033" type="partial gc" contextid="0" timestamp="2019-06-15T00:49:40.143" intervalms="77.392" />
<gc-start id="2034" type="partial gc" contextid="2033" timestamp="2019-06-15T00:49:40.143">
  <mem-info id="2035" free="6291456" total="60817408" percent="10">
    <mem type="eden" free="0" total="20971520" percent="0" />
    <remembered-set count="77632" freebytes="2117120" totalbytes="2427648" percent="87" regionsoverflowed="0" regionsstable="0" regionsrebuilding="12"/>
  </mem-info>
</gc-start>
<allocation-stats totalBytes="20970080" >
  <allocated-bytes non-tlh="0" tlh="20970080" arrayletleaf="0"/>
  <largest-consumer threadName="main" threadId="000000000118C700" bytes="10485064" />
</allocation-stats>
<gc-op id="2036" type="copy forward" timems="1.572" contextid="2033" timestamp="2019-06-15T00:49:40.146">
  <memory-copied type="eden" objects="14" bytes="352" bytesdiscarded="0" />
  <memory-copied type="other" objects="20" bytes="624" bytesdiscarded="0" />
  <memory-cardclean objects="48" bytes="1968" />
  <regions eden="20" other="1" />
  <remembered-set-cleared processed="75625" cleared="35" durationms="0.591" />
  <stringconstants candidates="13761" cleared="0"  />
</gc-op>
<gc-op id="2037" type="classunload" timems="0.004" contextid="2033" timestamp="2019-06-15T00:49:40.146">
  <classunload-info classloadercandidates="54" classloadersunloaded="0" classesunloaded="0" anonymousclassesunloaded="0" quiescems="0.000" setupms="0.004" scanms="0.000" postms="0.000" />
</gc-op>
<gc-end id="2038" type="partial gc" contextid="2033" durationms="2.852" usertimems="0.000" systemtimems="0.000" timestamp="2019-06-15T00:49:40.146" activeThreads="1">
  <mem-info id="2039" free="26214400" total="60817408" percent="43">
    <mem type="eden" free="1048224" total="1048576" percent="99" />
    <remembered-set count="78016" freebytes="2115584" totalbytes="2427648" percent="87" regionsoverflowed="0" regionsstable="0" regionsrebuilding="12"/>
  </mem-info>
</gc-end>
<cycle-end id="2040" type="partial gc" contextid="2033" timestamp="2019-06-15T00:49:40.146" />
  <attribute name="elasticGC enabled" value="1" />
  <attribute name= "numThreadsSpecified" value="1" />
  <attribute name="heapSize specified" value="0" />
  <attribute name="Current GC Util" value="40" />
  <attribute name= "Current Time Running" value="17039" />
  <attribute name ="GC Interval" value="0" />
  <attribute name="ProportionalT" value="10.000000" />
  <attribute name="ProportionalI" value="10.000000" />
  <attribute name="ProportionalH" value="10.000000" />
  <attribute name="Current Error" value="20.000000" />
  <attribute name="IntegralT" value="0.000000" />
  <attribute name="IntegralI" value="0.000000" />
  <attribute name="IntegralH" value="0.000000" />
  <attribute name="DerivativeT" value="inf" />
  <attribute name="DerivativeI" value="inf" />
  <attribute name="DerivativeH" value="inf" />
  <attribute name="Loop Time for DT" value="0.000000" />
  <attribute name="Output H" value="8388608"/>
  <attribute name="Output I" value="200"/>
  <attribute name="Output T" value="1"/>
  <attribute name="Target GC Util Change" value ="20.000000" />
  <attribute name="Current GC Util Change" value="40.000000"/>
  <attribute name="GC Util currently" value="40" />
  <attribute name="CPU Util currently" value="15525053128166" />
<exclusive-end id="2041" timestamp="2019-06-15T00:49:40.147" durationms="3.975" />

<exclusive-start id="2042" timestamp="2019-06-15T00:49:40.188" intervalms="45.727">
  <response-info timems="0.076" idlems="0.076" threads="0" lastid="000000000118C700" lastname="main" />
</exclusive-start>
<allocation-taxation id="2043" taxation-threshold="10485760" timestamp="2019-06-15T00:49:40.189" intervalms="45.724" />
<gc-start id="2044" type="global mark phase" contextid="1838" timestamp="2019-06-15T00:49:40.189">
  <mem-info id="2045" free="15728640" total="60817408" percent="25">
    <remembered-set count="77632" freebytes="2117120" totalbytes="2427648" percent="87" regionsoverflowed="0" regionsstable="0" regionsrebuilding="12"/>
  </mem-info>
</gc-start>
<gc-op id="2046" type="mark increment" timems="6.032" contextid="1838" timestamp="2019-06-15T00:49:40.195">
  <trace-info objectcount="116" scancount="115" scanbytes="349700" />
  <cardclean-info objects="204145" bytes="5960120" />
  <finalization candidates="80" enqueued="0" />
  <ownableSynchronizers candidates="21" cleared="0" />
  <references type="soft" candidates="4727" cleared="46" enqueued="46" dynamicThreshold="13" maxThreshold="32" />
  <references type="weak" candidates="5571" cleared="0" enqueued="0" />
  <references type="phantom" candidates="101" cleared="0" enqueued="0" />
  <stringconstants candidates="13761" cleared="15"  />
</gc-op>
<gc-op id="2047" type="classunload" timems="0.008" contextid="1838" timestamp="2019-06-15T00:49:40.195">
  <classunload-info classloadercandidates="54" classloadersunloaded="0" classesunloaded="0" anonymousclassesunloaded="0" quiescems="0.000" setupms="0.008" scanms="0.000" postms="0.000" />
</gc-op>
<gc-end id="2048" type="global mark phase" contextid="1838" durationms="6.611" usertimems="16.000" systemtimems="0.000" timestamp="2019-06-15T00:49:40.195" activeThreads="4">
  <mem-info id="2049" free="15728640" total="60817408" percent="25">
    <pending-finalizers system="0" default="0" reference="46" classloader="0" />
    <remembered-set count="98112" freebytes="2035200" totalbytes="2427648" percent="83" regionsoverflowed="0" regionsstable="0" regionsrebuilding="0"/>
  </mem-info>
</gc-end>
<cycle-end id="2050" type="global mark phase" contextid="1838" timestamp="2019-06-15T00:49:40.195" />
  <attribute name="elasticGC enabled" value="1" />
  <attribute name= "numThreadsSpecified" value="4" />
  <attribute name="heapSize specified" value="0" />
  <attribute name="Current GC Util" value="78" />
  <attribute name= "Current Time Running" value="17089" />
  <attribute name ="GC Interval" value="0" />
  <attribute name="ProportionalT" value="29.000000" />
  <attribute name="ProportionalI" value="29.000000" />
  <attribute name="ProportionalH" value="29.000000" />
  <attribute name="Current Error" value="58.000000" />
  <attribute name="IntegralT" value="0.000000" />
  <attribute name="IntegralI" value="0.000000" />
  <attribute name="IntegralH" value="0.000000" />
  <attribute name="DerivativeT" value="-inf" />
  <attribute name="DerivativeI" value="-inf" />
  <attribute name="DerivativeH" value="-inf" />
  <attribute name="Loop Time for DT" value="0.000000" />
  <attribute name="Output H" value="2091843584"/>
  <attribute name="Output I" value="200"/>
  <attribute name="Output T" value="4"/>
  <attribute name="Target GC Util Change" value ="20.000000" />
  <attribute name="Current GC Util Change" value="78.000000"/>
  <attribute name="GC Util currently" value="78" />
  <attribute name="CPU Util currently" value="11990644947678" />
<exclusive-end id="2051" timestamp="2019-06-15T00:49:40.196" durationms="7.248" />

<exclusive-start id="2052" timestamp="2019-06-15T00:49:40.256" intervalms="67.948">
  <response-info timems="0.089" idlems="0.089" threads="0" lastid="000000000118C700" lastname="main" />
</exclusive-start>
<allocation-taxation id="2053" taxation-threshold="10485760" timestamp="2019-06-15T00:49:40.257" intervalms="68.013" />
<cycle-start id="2054" type="partial gc" contextid="0" timestamp="2019-06-15T00:49:40.257" intervalms="113.793" />
<gc-start id="2055" type="partial gc" contextid="2054" timestamp="2019-06-15T00:49:40.257">
  <mem-info id="2056" free="5242880" total="60817408" percent="8">
    <mem type="eden" free="1048224" total="22020096" percent="4" />
    <remembered-set count="87680" freebytes="2076928" totalbytes="2427648" percent="85" regionsoverflowed="0" regionsstable="6" regionsrebuilding="0"/>
  </mem-info>
</gc-start>
<allocation-stats totalBytes="20970088" >
  <allocated-bytes non-tlh="0" tlh="20970088" arrayletleaf="0"/>
  <largest-consumer threadName="main" threadId="000000000118C700" bytes="10485088" />
</allocation-stats>
<gc-op id="2057" type="sweep" timems="0.653" contextid="2054" timestamp="2019-06-15T00:49:40.258" />
<gc-op id="2058" type="copy forward" timems="1.622" contextid="2054" timestamp="2019-06-15T00:49:40.261">
  <memory-copied type="eden" objects="8" bytes="224" bytesdiscarded="0" />
  <memory-copied type="other" objects="18" bytes="592" bytesdiscarded="0" />
  <memory-cardclean objects="270" bytes="9784" />
  <regions eden="10" other="2" />
  <remembered-set-cleared processed="85515" cleared="100" durationms="0.428" />
  <stringconstants candidates="13746" cleared="0"  />
</gc-op>
<gc-op id="2059" type="classunload" timems="0.005" contextid="2054" timestamp="2019-06-15T00:49:40.261">
  <classunload-info classloadercandidates="54" classloadersunloaded="0" classesunloaded="0" anonymousclassesunloaded="0" quiescems="0.000" setupms="0.005" scanms="0.000" postms="0.000" />
</gc-op>
<gc-end id="2060" type="partial gc" contextid="2054" durationms="3.719" usertimems="4.000" systemtimems="4.000" timestamp="2019-06-15T00:49:40.261" activeThreads="4">
  <mem-info id="2061" free="26214400" total="60817408" percent="43">
    <mem type="eden" free="1047760" total="1048576" percent="99" />
    <remembered-set count="87872" freebytes="2076160" totalbytes="2427648" percent="85" regionsoverflowed="0" regionsstable="6" regionsrebuilding="0"/>
  </mem-info>
</gc-end>
<cycle-end id="2062" type="partial gc" contextid="2054" timestamp="2019-06-15T00:49:40.261" />
  <attribute name="elasticGC enabled" value="1" />
  <attribute name= "numThreadsSpecified" value="4" />
  <attribute name="heapSize specified" value="0" />
  <attribute name="Current GC Util" value="49" />
  <attribute name= "Current Time Running" value="17154" />
  <attribute name ="GC Interval" value="0" />
  <attribute name="ProportionalT" value="14.500000" />
  <attribute name="ProportionalI" value="14.500000" />
  <attribute name="ProportionalH" value="14.500000" />
  <attribute name="Current Error" value="29.000000" />
  <attribute name="IntegralT" value="0.000000" />
  <attribute name="IntegralI" value="0.000000" />
  <attribute name="IntegralH" value="0.000000" />
  <attribute name="DerivativeT" value="-inf" />
  <attribute name="DerivativeI" value="-inf" />
  <attribute name="DerivativeH" value="-inf" />
  <attribute name="Loop Time for DT" value="0.000000" />
  <attribute name="Output H" value="2091843584"/>
  <attribute name="Output I" value="200"/>
  <attribute name="Output T" value="4"/>
  <attribute name="Target GC Util Change" value ="20.000000" />
  <attribute name="Current GC Util Change" value="49.000000"/>
  <attribute name="GC Util currently" value="49" />
  <attribute name="CPU Util currently" value="21708487604417" />
<exclusive-end id="2063" timestamp="2019-06-15T00:49:40.261" durationms="4.915" />

<exclusive-start id="2064" timestamp="2019-06-15T00:49:40.300" intervalms="43.829">
  <response-info timems="0.060" idlems="0.060" threads="0" lastid="000000000118C700" lastname="main" />
</exclusive-start>
<allocation-taxation id="2065" taxation-threshold="10485760" timestamp="2019-06-15T00:49:40.301" intervalms="43.871" />
<cycle-start id="2066" type="global mark phase" contextid="0" timestamp="2019-06-15T00:49:40.301" intervalms="2211.983" />
<gc-start id="2067" type="global mark phase" contextid="2066" timestamp="2019-06-15T00:49:40.301">
  <mem-info id="2068" free="15728640" total="60817408" percent="25">
    <remembered-set count="87456" freebytes="2077824" totalbytes="2427648" percent="85" regionsoverflowed="0" regionsstable="6" regionsrebuilding="0"/>
  </mem-info>
</gc-start>
<gc-op id="2069" type="mark increment" timems="0.602" contextid="2066" timestamp="2019-06-15T00:49:40.302">
  <trace-info objectcount="179" scancount="0" scanbytes="0" />
</gc-op>
<gc-end id="2070" type="global mark phase" contextid="2066" durationms="0.959" usertimems="0.000" systemtimems="0.000" timestamp="2019-06-15T00:49:40.302" activeThreads="1">
  <mem-info id="2071" free="15728640" total="60817408" percent="25">
    <remembered-set count="87456" freebytes="2077824" totalbytes="2427648" percent="85" regionsoverflowed="0" regionsstable="0" regionsrebuilding="6"/>
  </mem-info>
</gc-end>
<concurrent-start id="2072" type="GMP work packet processing" contextid="2066" timestamp="2019-06-15T00:49:40.302">
  <concurrent-mark-start scanTarget="1831942" />
</concurrent-start>
<exclusive-end id="2073" timestamp="2019-06-15T00:49:40.302" durationms="2.118" />

<concurrent-end id="2074" type="GMP work packet processing" contextid="2066" timestamp="2019-06-15T00:49:40.304">
  <concurrent-mark-end bytesScanned="1928076" reasonForTermination="Work target met" />
</concurrent-end>

<exclusive-start id="2075" timestamp="2019-06-15T00:49:40.345" intervalms="44.392">
  <response-info timems="0.101" idlems="0.101" threads="0" lastid="000000000118C700" lastname="main" />
</exclusive-start>
<allocation-taxation id="2076" taxation-threshold="10485760" timestamp="2019-06-15T00:49:40.345" intervalms="44.328" />
<cycle-start id="2077" type="partial gc" contextid="0" timestamp="2019-06-15T00:49:40.345" intervalms="88.266" />
<gc-start id="2078" type="partial gc" contextid="2077" timestamp="2019-06-15T00:49:40.346">
  <mem-info id="2079" free="5242880" total="60817408" percent="8">
    <mem type="eden" free="0" total="20971520" percent="0" />
    <remembered-set count="88000" freebytes="2075648" totalbytes="2427648" percent="85" regionsoverflowed="0" regionsstable="0" regionsrebuilding="6"/>
  </mem-info>
</gc-start>
<allocation-stats totalBytes="20969960" >
  <allocated-bytes non-tlh="0" tlh="20969960" arrayletleaf="0"/>
  <largest-consumer threadName="main" threadId="000000000118C700" bytes="10484976" />
</allocation-stats>
<gc-op id="2080" type="copy forward" timems="6.138" contextid="2077" timestamp="2019-06-15T00:49:40.353">
  <memory-copied type="eden" objects="9" bytes="256" bytesdiscarded="0" />
  <memory-copied type="other" objects="51920" bytes="1230880" bytesdiscarded="8" />
  <memory-cardclean objects="7165" bytes="586448" />
  <regions eden="20" other="6" />
  <remembered-set-cleared processed="84732" cleared="7857" durationms="0.676" />
  <references type="weak" candidates="35" cleared="0" enqueued="0" />
  <stringconstants candidates="13746" cleared="0"  />
</gc-op>
<gc-op id="2081" type="classunload" timems="0.005" contextid="2077" timestamp="2019-06-15T00:49:40.353">
  <classunload-info classloadercandidates="54" classloadersunloaded="0" classesunloaded="0" anonymousclassesunloaded="0" quiescems="0.000" setupms="0.004" scanms="0.000" postms="0.000" />
</gc-op>
<gc-end id="2082" type="partial gc" contextid="2077" durationms="7.528" usertimems="4.000" systemtimems="4.000" timestamp="2019-06-15T00:49:40.353" activeThreads="1">
  <mem-info id="2083" free="27262976" total="60817408" percent="44">
    <mem type="eden" free="1048320" total="1048576" percent="99" />
    <remembered-set count="83968" freebytes="2091776" totalbytes="2427648" percent="86" regionsoverflowed="0" regionsstable="0" regionsrebuilding="6"/>
  </mem-info>
</gc-end>
<cycle-end id="2084" type="partial gc" contextid="2077" timestamp="2019-06-15T00:49:40.353" />
  <attribute name="elasticGC enabled" value="1" />
  <attribute name= "numThreadsSpecified" value="1" />
  <attribute name="heapSize specified" value="0" />
  <attribute name="Current GC Util" value="154" />
  <attribute name= "Current Time Running" value="17241" />
  <attribute name ="GC Interval" value="0" />
  <attribute name="ProportionalT" value="67.000000" />
  <attribute name="ProportionalI" value="67.000000" />
  <attribute name="ProportionalH" value="67.000000" />
  <attribute name="Current Error" value="134.000000" />
  <attribute name="IntegralT" value="0.000000" />
  <attribute name="IntegralI" value="0.000000" />
  <attribute name="IntegralH" value="0.000000" />
  <attribute name="DerivativeT" value="inf" />
  <attribute name="DerivativeI" value="inf" />
  <attribute name="DerivativeH" value="inf" />
  <attribute name="Loop Time for DT" value="0.000000" />
  <attribute name="Output H" value="8388608"/>
  <attribute name="Output I" value="200"/>
  <attribute name="Output T" value="1"/>
  <attribute name="Target GC Util Change" value ="20.000000" />
  <attribute name="Current GC Util Change" value="154.000000"/>
  <attribute name="GC Util currently" value="154" />
  <attribute name="CPU Util currently" value="12665778594635" />
<exclusive-end id="2085" timestamp="2019-06-15T00:49:40.354" durationms="8.876" />

<exclusive-start id="2086" timestamp="2019-06-15T00:49:40.392" intervalms="47.291">
  <response-info timems="0.218" idlems="0.218" threads="0" lastid="000000000118C700" lastname="main" />
</exclusive-start>
<allocation-taxation id="2087" taxation-threshold="10485760" timestamp="2019-06-15T00:49:40.392" intervalms="47.290" />
<gc-start id="2088" type="global mark phase" contextid="2066" timestamp="2019-06-15T00:49:40.392">
  <mem-info id="2089" free="16777216" total="60817408" percent="27">
    <remembered-set count="83392" freebytes="2094080" totalbytes="2427648" percent="86" regionsoverflowed="0" regionsstable="1" regionsrebuilding="6"/>
  </mem-info>
</gc-start>
<gc-end id="2090" type="global mark phase" contextid="2066" durationms="0.201" usertimems="0.000" systemtimems="0.000" timestamp="2019-06-15T00:49:40.393" activeThreads="1">
  <mem-info id="2091" free="16777216" total="60817408" percent="27">
    <remembered-set count="83392" freebytes="2094080" totalbytes="2427648" percent="86" regionsoverflowed="0" regionsstable="1" regionsrebuilding="6"/>
  </mem-info>
</gc-end>
<concurrent-start id="2092" type="GMP work packet processing" contextid="2066" timestamp="2019-06-15T00:49:40.393">
  <concurrent-mark-start scanTarget="2198331" />
</concurrent-start>
<concurrent-end id="2093" type="GMP work packet processing" contextid="2066" timestamp="2019-06-15T00:49:40.395">
  <concurrent-mark-end bytesScanned="2232820" reasonForTermination="Work target met" />
</concurrent-end>

<exclusive-end id="2094" timestamp="2019-06-15T00:49:40.395" durationms="2.758" />

<exclusive-start id="2095" timestamp="2019-06-15T00:49:40.433" intervalms="40.630">
  <response-info timems="0.064" idlems="0.064" threads="0" lastid="000000000118C700" lastname="main" />
</exclusive-start>
<allocation-taxation id="2096" taxation-threshold="10485760" timestamp="2019-06-15T00:49:40.433" intervalms="40.624" />
<cycle-start id="2097" type="partial gc" contextid="0" timestamp="2019-06-15T00:49:40.433" intervalms="87.842" />
<gc-start id="2098" type="partial gc" contextid="2097" timestamp="2019-06-15T00:49:40.433">
  <mem-info id="2099" free="6291456" total="60817408" percent="10">
    <mem type="eden" free="1048320" total="22020096" percent="4" />
    <remembered-set count="83904" freebytes="2092032" totalbytes="2427648" percent="86" regionsoverflowed="0" regionsstable="1" regionsrebuilding="6"/>
  </mem-info>
</gc-start>
<allocation-stats totalBytes="20969952" >
  <allocated-bytes non-tlh="0" tlh="20969952" arrayletleaf="0"/>
  <largest-consumer threadName="main" threadId="000000000118C700" bytes="10484920" />
</allocation-stats>
<gc-op id="2100" type="copy forward" timems="6.730" contextid="2097" timestamp="2019-06-15T00:49:40.441">
  <memory-copied type="eden" objects="8" bytes="224" bytesdiscarded="0" />
  <memory-copied type="other" objects="19103" bytes="902880" bytesdiscarded="232" />
  <memory-cardclean objects="17440" bytes="737392" />
  <regions eden="20" other="4" />
  <remembered-set-cleared processed="79881" cleared="11887" durationms="0.706" />
  <finalization candidates="22" enqueued="0" />
  <references type="soft" candidates="588" cleared="0" enqueued="0" dynamicThreshold="8" maxThreshold="32" />
  <references type="weak" candidates="1341" cleared="0" enqueued="0" />
  <references type="phantom" candidates="16" cleared="0" enqueued="0" />
  <stringconstants candidates="13746" cleared="0"  />
</gc-op>
<gc-op id="2101" type="classunload" timems="0.006" contextid="2097" timestamp="2019-06-15T00:49:40.441">
  <classunload-info classloadercandidates="54" classloadersunloaded="0" classesunloaded="0" anonymousclassesunloaded="0" quiescems="0.000" setupms="0.006" scanms="0.000" postms="0.000" />
</gc-op>
<gc-end id="2102" type="partial gc" contextid="2097" durationms="8.069" usertimems="20.000" systemtimems="0.000" timestamp="2019-06-15T00:49:40.441" activeThreads="1">
  <mem-info id="2103" free="28311552" total="60817408" percent="46">
    <mem type="eden" free="1048352" total="1048576" percent="99" />
    <remembered-set count="81568" freebytes="2101376" totalbytes="2427648" percent="86" regionsoverflowed="0" regionsstable="1" regionsrebuilding="6"/>
  </mem-info>
</gc-end>
<cycle-end id="2104" type="partial gc" contextid="2097" timestamp="2019-06-15T00:49:40.442" />
  <attribute name="elasticGC enabled" value="1" />
  <attribute name= "numThreadsSpecified" value="1" />
  <attribute name="heapSize specified" value="0" />
  <attribute name="Current GC Util" value="153" />
  <attribute name= "Current Time Running" value="17329" />
  <attribute name ="GC Interval" value="0" />
  <attribute name="ProportionalT" value="66.500000" />
  <attribute name="ProportionalI" value="66.500000" />
  <attribute name="ProportionalH" value="66.500000" />
  <attribute name="Current Error" value="133.000000" />
  <attribute name="IntegralT" value="0.000000" />
  <attribute name="IntegralI" value="0.000000" />
  <attribute name="IntegralH" value="0.000000" />
  <attribute name="DerivativeT" value="inf" />
  <attribute name="DerivativeI" value="inf" />
  <attribute name="DerivativeH" value="inf" />
  <attribute name="Loop Time for DT" value="0.000000" />
  <attribute name="Output H" value="8388608"/>
  <attribute name="Output I" value="200"/>
  <attribute name="Output T" value="1"/>
  <attribute name="Target GC Util Change" value ="20.000000" />
  <attribute name="Current GC Util Change" value="153.000000"/>
  <attribute name="GC Util currently" value="153" />
  <attribute name="CPU Util currently" value="12550888666286" />
<exclusive-end id="2105" timestamp="2019-06-15T00:49:40.442" durationms="9.274" />

<exclusive-start id="2106" timestamp="2019-06-15T00:49:40.856" intervalms="423.478">
  <response-info timems="0.055" idlems="0.055" threads="0" lastid="000000000118C700" lastname="main" />
</exclusive-start>
<allocation-taxation id="2107" taxation-threshold="10485760" timestamp="2019-06-15T00:49:40.856" intervalms="423.548" />
<gc-start id="2108" type="global mark phase" contextid="2066" timestamp="2019-06-15T00:49:40.857">
  <mem-info id="2109" free="17825792" total="60817408" percent="29">
    <remembered-set count="79168" freebytes="2110976" totalbytes="2427648" percent="86" regionsoverflowed="0" regionsstable="2" regionsrebuilding="6"/>
  </mem-info>
</gc-start>
<gc-end id="2110" type="global mark phase" contextid="2066" durationms="0.153" usertimems="0.000" systemtimems="0.000" timestamp="2019-06-15T00:49:40.857" activeThreads="1">
  <mem-info id="2111" free="17825792" total="60817408" percent="29">
    <remembered-set count="79168" freebytes="2110976" totalbytes="2427648" percent="86" regionsoverflowed="0" regionsstable="2" regionsrebuilding="6"/>
  </mem-info>
</gc-end>
<concurrent-start id="2112" type="GMP work packet processing" contextid="2066" timestamp="2019-06-15T00:49:40.857">
  <concurrent-mark-start scanTarget="1048576" />
</concurrent-start>
<concurrent-end id="2113" type="GMP work packet processing" contextid="2066" timestamp="2019-06-15T00:49:40.858">
  <concurrent-mark-end bytesScanned="1092148" reasonForTermination="Work target met" />
</concurrent-end>

<exclusive-end id="2114" timestamp="2019-06-15T00:49:40.858" durationms="1.819" />

<exclusive-start id="2115" timestamp="2019-06-15T00:49:40.909" intervalms="52.566">
  <response-info timems="0.072" idlems="0.072" threads="0" lastid="000000000118C700" lastname="main" />
</exclusive-start>
<allocation-taxation id="2116" taxation-threshold="10485760" timestamp="2019-06-15T00:49:40.909" intervalms="52.580" />
<cycle-start id="2117" type="partial gc" contextid="0" timestamp="2019-06-15T00:49:40.909" intervalms="476.149" />
<gc-start id="2118" type="partial gc" contextid="2117" timestamp="2019-06-15T00:49:40.909">
  <mem-info id="2119" free="7340032" total="60817408" percent="12">
    <mem type="eden" free="1048352" total="22020096" percent="4" />
    <remembered-set count="80032" freebytes="2107520" totalbytes="2427648" percent="86" regionsoverflowed="0" regionsstable="2" regionsrebuilding="6"/>
  </mem-info>
</gc-start>
<allocation-stats totalBytes="20957704" >
  <allocated-bytes non-tlh="360" tlh="20957344" arrayletleaf="0"/>
  <largest-consumer threadName="main" threadId="000000000118C700" bytes="10475816" />
</allocation-stats>
<gc-op id="2120" type="copy forward" timems="1.719" contextid="2117" timestamp="2019-06-15T00:49:40.912">
  <memory-copied type="eden" objects="74" bytes="2808" bytesdiscarded="0" />
  <memory-copied type="other" objects="8" bytes="208" bytesdiscarded="0" />
  <memory-cardclean objects="121" bytes="12672" />
  <regions eden="20" other="2" />
  <remembered-set-cleared processed="76395" cleared="59" durationms="0.605" />
  <references type="weak" candidates="4" cleared="0" enqueued="0" />
  <stringconstants candidates="13752" cleared="0"  />
</gc-op>
<gc-op id="2121" type="classunload" timems="0.004" contextid="2117" timestamp="2019-06-15T00:49:40.912">
  <classunload-info classloadercandidates="54" classloadersunloaded="0" classesunloaded="0" anonymousclassesunloaded="0" quiescems="0.000" setupms="0.004" scanms="0.000" postms="0.000" />
</gc-op>
<heap-resize id="2122" type="contract" space="default" amount="3145728" count="1" timems="0.290" reason="insufficient time being spent in gc" timestamp="2019-06-15T00:49:40.913" />
<gc-end id="2123" type="partial gc" contextid="2117" durationms="3.266" usertimems="0.000" systemtimems="4.000" timestamp="2019-06-15T00:49:40.913" activeThreads="1">
  <mem-info id="2124" free="25165824" total="57671680" percent="43">
    <mem type="eden" free="1045768" total="1048576" percent="99" />
    <remembered-set count="80288" freebytes="2106496" totalbytes="2427648" percent="86" regionsoverflowed="0" regionsstable="2" regionsrebuilding="6"/>
  </mem-info>
</gc-end>
<cycle-end id="2125" type="partial gc" contextid="2117" timestamp="2019-06-15T00:49:40.913" />
  <attribute name="elasticGC enabled" value="1" />
  <attribute name= "numThreadsSpecified" value="1" />
  <attribute name="heapSize specified" value="0" />
  <attribute name="Current GC Util" value="63" />
  <attribute name= "Current Time Running" value="17805" />
  <attribute name ="GC Interval" value="0" />
  <attribute name="ProportionalT" value="21.500000" />
  <attribute name="ProportionalI" value="21.500000" />
  <attribute name="ProportionalH" value="21.500000" />
  <attribute name="Current Error" value="43.000000" />
  <attribute name="IntegralT" value="0.000000" />
  <attribute name="IntegralI" value="0.000000" />
  <attribute name="IntegralH" value="0.000000" />
  <attribute name="DerivativeT" value="inf" />
  <attribute name="DerivativeI" value="inf" />
  <attribute name="DerivativeH" value="inf" />
  <attribute name="Loop Time for DT" value="0.000000" />
  <attribute name="Output H" value="8388608"/>
  <attribute name="Output I" value="200"/>
  <attribute name="Output T" value="1"/>
  <attribute name="Target GC Util Change" value ="20.000000" />
  <attribute name="Current GC Util Change" value="63.000000"/>
  <attribute name="GC Util currently" value="63" />
  <attribute name="CPU Util currently" value="19540876689229" />
<exclusive-end id="2126" timestamp="2019-06-15T00:49:40.913" durationms="4.534" />

<exclusive-start id="2127" timestamp="2019-06-15T00:49:41.001" intervalms="92.537">
  <response-info timems="0.221" idlems="0.221" threads="0" lastid="000000000118C700" lastname="main" />
</exclusive-start>
<allocation-taxation id="2128" taxation-threshold="10485760" timestamp="2019-06-15T00:49:41.001" intervalms="92.485" />
<gc-start id="2129" type="global mark phase" contextid="2066" timestamp="2019-06-15T00:49:41.002">
  <mem-info id="2130" free="14680064" total="57671680" percent="25">
    <remembered-set count="80032" freebytes="2107520" totalbytes="2427648" percent="86" regionsoverflowed="0" regionsstable="2" regionsrebuilding="6"/>
  </mem-info>
</gc-start>
<gc-end id="2131" type="global mark phase" contextid="2066" durationms="0.121" usertimems="0.000" systemtimems="0.000" timestamp="2019-06-15T00:49:41.002" activeThreads="1">
  <mem-info id="2132" free="14680064" total="57671680" percent="25">
    <remembered-set count="80032" freebytes="2107520" totalbytes="2427648" percent="86" regionsoverflowed="0" regionsstable="2" regionsrebuilding="6"/>
  </mem-info>
</gc-end>
<concurrent-start id="2133" type="GMP work packet processing" contextid="2066" timestamp="2019-06-15T00:49:41.002">
  <concurrent-mark-start scanTarget="1048576" />
</concurrent-start>
<concurrent-end id="2134" type="GMP work packet processing" contextid="2066" timestamp="2019-06-15T00:49:41.003">
  <concurrent-mark-end bytesScanned="1088696" reasonForTermination="Work target met" />
</concurrent-end>

<exclusive-end id="2135" timestamp="2019-06-15T00:49:41.003" durationms="1.565" />

<exclusive-start id="2136" timestamp="2019-06-15T00:49:41.107" intervalms="106.080">
  <response-info timems="0.038" idlems="0.038" threads="0" lastid="000000000118C700" lastname="main" />
</exclusive-start>
<allocation-taxation id="2137" taxation-threshold="10485760" timestamp="2019-06-15T00:49:41.107" intervalms="106.044" />
<cycle-start id="2138" type="partial gc" contextid="0" timestamp="2019-06-15T00:49:41.108" intervalms="198.501" />
<gc-start id="2139" type="partial gc" contextid="2138" timestamp="2019-06-15T00:49:41.108">
  <mem-info id="2140" free="4194304" total="57671680" percent="7">
    <mem type="eden" free="0" total="20971520" percent="0" />
    <remembered-set count="80576" freebytes="2105344" totalbytes="2427648" percent="86" regionsoverflowed="0" regionsstable="2" regionsrebuilding="6"/>
  </mem-info>
</gc-start>
<allocation-stats totalBytes="20956128" >
  <allocated-bytes non-tlh="0" tlh="20956128" arrayletleaf="0"/>
  <largest-consumer threadName="main" threadId="000000000118C700" bytes="10478336" />
</allocation-stats>
<gc-op id="2141" type="copy forward" timems="5.149" contextid="2138" timestamp="2019-06-15T00:49:41.114">
  <memory-copied type="eden" objects="1" bytes="24" bytesdiscarded="0" />
  <memory-copied type="other" objects="86" bytes="3072" bytesdiscarded="1216" />
  <memory-cardclean objects="172516" bytes="5812456" />
  <regions eden="20" other="2" />
  <remembered-set-cleared processed="50741" cleared="29680" durationms="0.347" />
  <references type="weak" candidates="4" cleared="0" enqueued="0" />
  <stringconstants candidates="13752" cleared="0"  />
</gc-op>
<gc-op id="2142" type="classunload" timems="0.010" contextid="2138" timestamp="2019-06-15T00:49:41.114">
  <classunload-info classloadercandidates="54" classloadersunloaded="0" classesunloaded="0" anonymousclassesunloaded="0" quiescems="0.000" setupms="0.010" scanms="0.000" postms="0.000" />
</gc-op>
<heap-resize id="2143" type="contract" space="default" amount="3145728" count="1" timems="0.283" reason="insufficient time being spent in gc" timestamp="2019-06-15T00:49:41.115" />
<gc-end id="2144" type="partial gc" contextid="2138" durationms="7.022" usertimems="24.000" systemtimems="0.000" timestamp="2019-06-15T00:49:41.115" activeThreads="4">
  <mem-info id="2145" free="20971520" total="54525952" percent="38">
    <mem type="eden" free="1048552" total="1048576" percent="99" />
    <remembered-set count="47328" freebytes="2112768" totalbytes="2302080" percent="91" regionsoverflowed="0" regionsstable="2" regionsrebuilding="6"/>
  </mem-info>
</gc-end>
<cycle-end id="2146" type="partial gc" contextid="2138" timestamp="2019-06-15T00:49:41.115" />
  <attribute name="elasticGC enabled" value="1" />
  <attribute name= "numThreadsSpecified" value="4" />
  <attribute name="heapSize specified" value="0" />
  <attribute name="Current GC Util" value="54" />
  <attribute name= "Current Time Running" value="18004" />
  <attribute name ="GC Interval" value="0" />
  <attribute name="ProportionalT" value="17.000000" />
  <attribute name="ProportionalI" value="17.000000" />
  <attribute name="ProportionalH" value="17.000000" />
  <attribute name="Current Error" value="34.000000" />
  <attribute name="IntegralT" value="34.000000" />
  <attribute name="IntegralI" value="34.000000" />
  <attribute name="IntegralH" value="34.000000" />
  <attribute name="DerivativeT" value="17.000000" />
  <attribute name="DerivativeI" value="17.000000" />
  <attribute name="DerivativeH" value="17.000000" />
  <attribute name="Loop Time for DT" value="1.000000" />
  <attribute name="Output H" value="8388608"/>
  <attribute name="Output I" value="200"/>
  <attribute name="Output T" value="4"/>
  <attribute name="Target GC Util Change" value ="20.000000" />
  <attribute name="Current GC Util Change" value="54.000000"/>
  <attribute name="GC Util currently" value="54" />
  <attribute name="CPU Util currently" value="8325680443773" />
<exclusive-end id="2147" timestamp="2019-06-15T00:49:41.115" durationms="8.238" />

<exclusive-start id="2148" timestamp="2019-06-15T00:49:41.135" intervalms="27.279">
  <response-info timems="0.112" idlems="0.112" threads="0" lastid="000000000118C700" lastname="main" />
</exclusive-start>
<allocation-taxation id="2149" taxation-threshold="9437184" timestamp="2019-06-15T00:49:41.135" intervalms="27.331" />
<gc-start id="2150" type="global mark phase" contextid="2066" timestamp="2019-06-15T00:49:41.135">
  <mem-info id="2151" free="11534336" total="54525952" percent="21">
    <remembered-set count="46880" freebytes="2114560" totalbytes="2302080" percent="91" regionsoverflowed="0" regionsstable="2" regionsrebuilding="6"/>
  </mem-info>
</gc-start>
<gc-end id="2152" type="global mark phase" contextid="2066" durationms="0.168" usertimems="0.000" systemtimems="0.000" timestamp="2019-06-15T00:49:41.135" activeThreads="4">
  <mem-info id="2153" free="11534336" total="54525952" percent="21">
    <remembered-set count="46880" freebytes="2114560" totalbytes="2302080" percent="91" regionsoverflowed="0" regionsstable="2" regionsrebuilding="6"/>
  </mem-info>
</gc-end>
<concurrent-start id="2154" type="GMP work packet processing" contextid="2066" timestamp="2019-06-15T00:49:41.135">
  <concurrent-mark-start scanTarget="1465554" />
</concurrent-start>
<concurrent-end id="2155" type="GMP work packet processing" contextid="2066" timestamp="2019-06-15T00:49:41.136">
  <concurrent-mark-end bytesScanned="1518816" reasonForTermination="Work target met" />
</concurrent-end>

<exclusive-end id="2156" timestamp="2019-06-15T00:49:41.136" durationms="1.907" />

<exclusive-start id="2157" timestamp="2019-06-15T00:49:41.156" intervalms="21.443">
  <response-info timems="3.332" idlems="1.698" threads="1" lastid="0000000001193F00" lastname="JIT Compilation Thread-1" />
</exclusive-start>
<allocation-taxation id="2158" taxation-threshold="9437184" timestamp="2019-06-15T00:49:41.156" intervalms="21.454" />
<cycle-start id="2159" type="partial gc" contextid="0" timestamp="2019-06-15T00:49:41.156" intervalms="48.834" />
<gc-start id="2160" type="partial gc" contextid="2159" timestamp="2019-06-15T00:49:41.157">
  <mem-info id="2161" free="2097152" total="54525952" percent="3">
    <mem type="eden" free="1048552" total="19922944" percent="5" />
    <remembered-set count="46880" freebytes="2114560" totalbytes="2302080" percent="91" regionsoverflowed="0" regionsstable="2" regionsrebuilding="6"/>
  </mem-info>
</gc-start>
<allocation-stats totalBytes="18860920" >
  <allocated-bytes non-tlh="0" tlh="18860920" arrayletleaf="0"/>
  <largest-consumer threadName="main" threadId="000000000118C700" bytes="9430248" />
</allocation-stats>
<gc-op id="2162" type="copy forward" timems="5.706" contextid="2159" timestamp="2019-06-15T00:49:41.164">
  <memory-copied type="eden" objects="4" bytes="1104" bytesdiscarded="0" />
  <memory-copied type="other" objects="37846" bytes="917168" bytesdiscarded="18128" />
  <memory-cardclean objects="115447" bytes="4018688" />
  <regions eden="18" other="4" />
  <remembered-set-cleared processed="28657" cleared="5913" durationms="0.238" />
  <references type="soft" candidates="8" cleared="0" enqueued="0" dynamicThreshold="6" maxThreshold="32" />
  <references type="weak" candidates="35" cleared="0" enqueued="0" />
  <stringconstants candidates="13752" cleared="0"  />
</gc-op>
<gc-op id="2163" type="classunload" timems="0.004" contextid="2159" timestamp="2019-06-15T00:49:41.164">
  <classunload-info classloadercandidates="54" classloadersunloaded="0" classesunloaded="0" anonymousclassesunloaded="0" quiescems="0.000" setupms="0.004" scanms="0.000" postms="0.000" />
</gc-op>
<gc-end id="2164" type="partial gc" contextid="2159" durationms="7.212" usertimems="16.000" systemtimems="0.000" timestamp="2019-06-15T00:49:41.164" activeThreads="4">
  <mem-info id="2165" free="23068672" total="54525952" percent="42">
    <mem type="eden" free="1047472" total="1048576" percent="99" />
    <remembered-set count="44000" freebytes="2000512" totalbytes="2176512" percent="91" regionsoverflowed="0" regionsstable="2" regionsrebuilding="6"/>
  </mem-info>
</gc-end>
<cycle-end id="2166" type="partial gc" contextid="2159" timestamp="2019-06-15T00:49:41.164" />
  <attribute name="elasticGC enabled" value="1" />
  <attribute name= "numThreadsSpecified" value="4" />
  <attribute name="heapSize specified" value="0" />
  <attribute name="Current GC Util" value="120" />
  <attribute name= "Current Time Running" value="18053" />
  <attribute name ="GC Interval" value="0" />
  <attribute name="ProportionalT" value="50.000000" />
  <attribute name="ProportionalI" value="50.000000" />
  <attribute name="ProportionalH" value="50.000000" />
  <attribute name="Current Error" value="100.000000" />
  <attribute name="IntegralT" value="100.000000" />
  <attribute name="IntegralI" value="100.000000" />
  <attribute name="IntegralH" value="100.000000" />
  <attribute name="DerivativeT" value="50.000000" />
  <attribute name="DerivativeI" value="50.000000" />
  <attribute name="DerivativeH" value="50.000000" />
  <attribute name="Loop Time for DT" value="1.000000" />
  <attribute name="Output H" value="8388608"/>
  <attribute name="Output I" value="200"/>
  <attribute name="Output T" value="4"/>
  <attribute name="Target GC Util Change" value ="20.000000" />
  <attribute name="Current GC Util Change" value="120.000000"/>
  <attribute name="GC Util currently" value="120" />
  <attribute name="CPU Util currently" value="7953225880198" />
<exclusive-end id="2167" timestamp="2019-06-15T00:49:41.165" durationms="8.592" />

<exclusive-start id="2168" timestamp="2019-06-15T00:49:41.181" intervalms="24.904">
  <response-info timems="0.072" idlems="0.072" threads="0" lastid="000000000118C700" lastname="main" />
</exclusive-start>
<allocation-taxation id="2169" taxation-threshold="9437184" timestamp="2019-06-15T00:49:41.181" intervalms="24.755" />
<gc-start id="2170" type="global mark phase" contextid="2066" timestamp="2019-06-15T00:49:41.181">
  <mem-info id="2171" free="13631488" total="54525952" percent="25">
    <remembered-set count="44000" freebytes="2000512" totalbytes="2176512" percent="91" regionsoverflowed="0" regionsstable="2" regionsrebuilding="6"/>
  </mem-info>
</gc-start>
<gc-end id="2172" type="global mark phase" contextid="2066" durationms="0.111" usertimems="0.000" systemtimems="0.000" timestamp="2019-06-15T00:49:41.181" activeThreads="4">
  <mem-info id="2173" free="13631488" total="54525952" percent="25">
    <remembered-set count="44000" freebytes="2000512" totalbytes="2176512" percent="91" regionsoverflowed="0" regionsstable="2" regionsrebuilding="6"/>
  </mem-info>
</gc-end>
<concurrent-start id="2174" type="GMP work packet processing" contextid="2066" timestamp="2019-06-15T00:49:41.181">
  <concurrent-mark-start scanTarget="2931108" />
</concurrent-start>
<exclusive-end id="2175" timestamp="2019-06-15T00:49:41.181" durationms="0.506" />

<concurrent-end id="2176" type="GMP work packet processing" contextid="2066" timestamp="2019-06-15T00:49:41.183">
  <concurrent-mark-end bytesScanned="2965072" reasonForTermination="Work target met" />
</concurrent-end>

<exclusive-start id="2177" timestamp="2019-06-15T00:49:41.199" intervalms="18.234">
  <response-info timems="0.073" idlems="0.073" threads="0" lastid="000000000118C700" lastname="main" />
</exclusive-start>
<allocation-taxation id="2178" taxation-threshold="9437184" timestamp="2019-06-15T00:49:41.199" intervalms="18.242" />
<cycle-start id="2179" type="partial gc" contextid="0" timestamp="2019-06-15T00:49:41.199" intervalms="42.929" />
<gc-start id="2180" type="partial gc" contextid="2179" timestamp="2019-06-15T00:49:41.200">
  <mem-info id="2181" free="4194304" total="54525952" percent="7">
    <mem type="eden" free="1047472" total="19922944" percent="5" />
    <remembered-set count="46336" freebytes="1991168" totalbytes="2176512" percent="91" regionsoverflowed="0" regionsstable="2" regionsrebuilding="6"/>
  </mem-info>
</gc-start>
<allocation-stats totalBytes="18859928" >
  <allocated-bytes non-tlh="0" tlh="18859928" arrayletleaf="0"/>
  <largest-consumer threadName="main" threadId="000000000118C700" bytes="9430320" />
</allocation-stats>
<gc-op id="2182" type="copy forward" timems="1.407" contextid="2179" timestamp="2019-06-15T00:49:41.202">
  <memory-copied type="eden" objects="2" bytes="56" bytesdiscarded="0" />
  <memory-copied type="other" objects="7" bytes="160" bytesdiscarded="0" />
  <memory-cardclean objects="38" bytes="1288" />
  <regions eden="18" other="2" />
  <remembered-set-cleared processed="43633" cleared="17" durationms="0.358" />
  <stringconstants candidates="13752" cleared="0"  />
</gc-op>
<gc-op id="2183" type="classunload" timems="0.004" contextid="2179" timestamp="2019-06-15T00:49:41.202">
  <classunload-info classloadercandidates="54" classloadersunloaded="0" classesunloaded="0" anonymousclassesunloaded="0" quiescems="0.000" setupms="0.004" scanms="0.000" postms="0.000" />
</gc-op>
<heap-resize id="2184" type="expand" space="default" amount="9437184" count="1" timems="0.077" reason="excessive time being spent in gc" timestamp="2019-06-15T00:49:41.202" />
<gc-end id="2185" type="partial gc" contextid="2179" durationms="2.592" usertimems="0.000" systemtimems="0.000" timestamp="2019-06-15T00:49:41.202" activeThreads="1">
  <mem-info id="2186" free="32505856" total="63963136" percent="50">
    <mem type="eden" free="1048520" total="1048576" percent="99" />
    <remembered-set count="46688" freebytes="2366464" totalbytes="2553216" percent="92" regionsoverflowed="0" regionsstable="2" regionsrebuilding="6"/>
  </mem-info>
</gc-end>
<cycle-end id="2187" type="partial gc" contextid="2179" timestamp="2019-06-15T00:49:41.202" />
  <attribute name="elasticGC enabled" value="1" />
  <attribute name= "numThreadsSpecified" value="1" />
  <attribute name="heapSize specified" value="0" />
  <attribute name="Current GC Util" value="44" />
  <attribute name= "Current Time Running" value="18095" />
  <attribute name ="GC Interval" value="0" />
  <attribute name="ProportionalT" value="12.000000" />
  <attribute name="ProportionalI" value="12.000000" />
  <attribute name="ProportionalH" value="12.000000" />
  <attribute name="Current Error" value="24.000000" />
  <attribute name="IntegralT" value="0.000000" />
  <attribute name="IntegralI" value="0.000000" />
  <attribute name="IntegralH" value="0.000000" />
  <attribute name="DerivativeT" value="inf" />
  <attribute name="DerivativeI" value="inf" />
  <attribute name="DerivativeH" value="inf" />
  <attribute name="Loop Time for DT" value="0.000000" />
  <attribute name="Output H" value="8388608"/>
  <attribute name="Output I" value="200"/>
  <attribute name="Output T" value="1"/>
  <attribute name="Target GC Util Change" value ="20.000000" />
  <attribute name="Current GC Util Change" value="44.000000"/>
  <attribute name="GC Util currently" value="44" />
  <attribute name="CPU Util currently" value="18285248601918" />
<exclusive-end id="2188" timestamp="2019-06-15T00:49:41.202" durationms="3.369" />

<exclusive-start id="2189" timestamp="2019-06-15T00:49:41.332" intervalms="132.529">
  <response-info timems="0.071" idlems="0.071" threads="0" lastid="000000000118C700" lastname="main" />
</exclusive-start>
<allocation-taxation id="2190" taxation-threshold="11534336" timestamp="2019-06-15T00:49:41.332" intervalms="132.600" />
<gc-start id="2191" type="global mark phase" contextid="2066" timestamp="2019-06-15T00:49:41.332">
  <mem-info id="2192" free="20971520" total="63963136" percent="32">
    <remembered-set count="46336" freebytes="2367872" totalbytes="2553216" percent="92" regionsoverflowed="0" regionsstable="2" regionsrebuilding="6"/>
  </mem-info>
</gc-start>
<gc-end id="2193" type="global mark phase" contextid="2066" durationms="0.131" usertimems="0.000" systemtimems="0.000" timestamp="2019-06-15T00:49:41.332" activeThreads="1">
  <mem-info id="2194" free="20971520" total="63963136" percent="32">
    <remembered-set count="46336" freebytes="2367872" totalbytes="2553216" percent="92" regionsoverflowed="0" regionsstable="2" regionsrebuilding="6"/>
  </mem-info>
</gc-end>
<concurrent-start id="2195" type="GMP work packet processing" contextid="2066" timestamp="2019-06-15T00:49:41.332">
  <concurrent-mark-start scanTarget="18446744073709551615" />
</concurrent-start>
<concurrent-end id="2196" type="GMP work packet processing" contextid="2066" timestamp="2019-06-15T00:49:41.334">
  <concurrent-mark-end bytesScanned="2659460" reasonForTermination="Completed all work in GC phase" />
</concurrent-end>

<exclusive-end id="2197" timestamp="2019-06-15T00:49:41.334" durationms="2.486" />

<exclusive-start id="2198" timestamp="2019-06-15T00:49:41.404" intervalms="71.974">
  <response-info timems="0.989" idlems="0.502" threads="1" lastid="0000000001190300" lastname="JIT Compilation Thread-0" />
</exclusive-start>
<allocation-taxation id="2199" taxation-threshold="11534336" timestamp="2019-06-15T00:49:41.404" intervalms="72.034" />
<cycle-start id="2200" type="partial gc" contextid="0" timestamp="2019-06-15T00:49:41.404" intervalms="204.715" />
<gc-start id="2201" type="partial gc" contextid="2200" timestamp="2019-06-15T00:49:41.404">
  <mem-info id="2202" free="9437184" total="63963136" percent="14">
    <mem type="eden" free="1048520" total="24117248" percent="4" />
    <remembered-set count="49600" freebytes="2354816" totalbytes="2553216" percent="92" regionsoverflowed="0" regionsstable="2" regionsrebuilding="6"/>
  </mem-info>
</gc-start>
<allocation-stats totalBytes="23063496" >
  <allocated-bytes non-tlh="0" tlh="23063496" arrayletleaf="0"/>
  <largest-consumer threadName="main" threadId="000000000118C700" bytes="11533008" />
</allocation-stats>
<gc-op id="2203" type="copy forward" timems="1.463" contextid="2200" timestamp="2019-06-15T00:49:41.407">
  <memory-copied type="eden" objects="41" bytes="1248" bytesdiscarded="0" />
  <memory-copied type="other" objects="7" bytes="160" bytesdiscarded="0" />
  <memory-cardclean objects="98" bytes="11616" />
  <regions eden="22" other="2" />
  <remembered-set-cleared processed="47074" cleared="50" durationms="0.400" />
  <references type="weak" candidates="14" cleared="0" enqueued="0" />
  <stringconstants candidates="13752" cleared="0"  />
</gc-op>
<gc-op id="2204" type="classunload" timems="0.003" contextid="2200" timestamp="2019-06-15T00:49:41.407">
  <classunload-info classloadercandidates="54" classloadersunloaded="0" classesunloaded="0" anonymousclassesunloaded="0" quiescems="0.000" setupms="0.003" scanms="0.000" postms="0.000" />
</gc-op>
<gc-end id="2205" type="partial gc" contextid="2200" durationms="2.713" usertimems="4.000" systemtimems="0.000" timestamp="2019-06-15T00:49:41.407" activeThreads="1">
  <mem-info id="2206" free="32505856" total="63963136" percent="50">
    <mem type="eden" free="1047328" total="1048576" percent="99" />
    <remembered-set count="49792" freebytes="2354048" totalbytes="2553216" percent="92" regionsoverflowed="0" regionsstable="2" regionsrebuilding="6"/>
  </mem-info>
</gc-end>
<cycle-end id="2207" type="partial gc" contextid="2200" timestamp="2019-06-15T00:49:41.407" />
  <attribute name="elasticGC enabled" value="1" />
  <attribute name= "numThreadsSpecified" value="1" />
  <attribute name="heapSize specified" value="0" />
  <attribute name="Current GC Util" value="59" />
  <attribute name= "Current Time Running" value="18300" />
  <attribute name ="GC Interval" value="0" />
  <attribute name="ProportionalT" value="19.500000" />
  <attribute name="ProportionalI" value="19.500000" />
  <attribute name="ProportionalH" value="19.500000" />
  <attribute name="Current Error" value="39.000000" />
  <attribute name="IntegralT" value="0.000000" />
  <attribute name="IntegralI" value="0.000000" />
  <attribute name="IntegralH" value="0.000000" />
  <attribute name="DerivativeT" value="inf" />
  <attribute name="DerivativeI" value="inf" />
  <attribute name="DerivativeH" value="inf" />
  <attribute name="Loop Time for DT" value="0.000000" />
  <attribute name="Output H" value="8388608"/>
  <attribute name="Output I" value="200"/>
  <attribute name="Output T" value="1"/>
  <attribute name="Target GC Util Change" value ="20.000000" />
  <attribute name="Current GC Util Change" value="59.000000"/>
  <attribute name="GC Util currently" value="59" />
  <attribute name="CPU Util currently" value="18526705176544" />
<exclusive-end id="2208" timestamp="2019-06-15T00:49:41.408" durationms="4.066" />

<exclusive-start id="2209" timestamp="2019-06-15T00:49:41.440" intervalms="36.370">
  <response-info timems="0.097" idlems="0.097" threads="0" lastid="000000000118C700" lastname="main" />
</exclusive-start>
<allocation-taxation id="2210" taxation-threshold="11534336" timestamp="2019-06-15T00:49:41.440" intervalms="36.338" />
<gc-start id="2211" type="global mark phase" contextid="2066" timestamp="2019-06-15T00:49:41.440">
  <mem-info id="2212" free="20971520" total="63963136" percent="32">
    <remembered-set count="49568" freebytes="2354944" totalbytes="2553216" percent="92" regionsoverflowed="0" regionsstable="2" regionsrebuilding="6"/>
  </mem-info>
</gc-start>
<gc-op id="2213" type="mark increment" timems="5.378" contextid="2066" timestamp="2019-06-15T00:49:41.446">
  <trace-info objectcount="2235" scancount="2209" scanbytes="431076" />
  <cardclean-info objects="250093" bytes="7177264" />
  <finalization candidates="80" enqueued="0" />
  <ownableSynchronizers candidates="21" cleared="0" />
  <references type="soft" candidates="4681" cleared="330" enqueued="325" dynamicThreshold="16" maxThreshold="32" />
  <references type="weak" candidates="5589" cleared="0" enqueued="0" />
  <references type="phantom" candidates="101" cleared="0" enqueued="0" />
  <stringconstants candidates="13752" cleared="5"  />
</gc-op>
<gc-op id="2214" type="classunload" timems="0.007" contextid="2066" timestamp="2019-06-15T00:49:41.446">
  <classunload-info classloadercandidates="54" classloadersunloaded="0" classesunloaded="0" anonymousclassesunloaded="0" quiescems="0.000" setupms="0.007" scanms="0.000" postms="0.000" />
</gc-op>
<gc-end id="2215" type="global mark phase" contextid="2066" durationms="5.831" usertimems="16.000" systemtimems="0.000" timestamp="2019-06-15T00:49:41.446" activeThreads="4">
  <mem-info id="2216" free="20971520" total="63963136" percent="32">
    <pending-finalizers system="0" default="0" reference="325" classloader="0" />
    <remembered-set count="52128" freebytes="2344704" totalbytes="2553216" percent="91" regionsoverflowed="0" regionsstable="2" regionsrebuilding="0"/>
  </mem-info>
</gc-end>
<cycle-end id="2217" type="global mark phase" contextid="2066" timestamp="2019-06-15T00:49:41.446" />
  <attribute name="elasticGC enabled" value="1" />
  <attribute name= "numThreadsSpecified" value="4" />
  <attribute name="heapSize specified" value="0" />
  <attribute name="Current GC Util" value="123" />
  <attribute name= "Current Time Running" value="18340" />
  <attribute name ="GC Interval" value="0" />
  <attribute name="ProportionalT" value="51.500000" />
  <attribute name="ProportionalI" value="51.500000" />
  <attribute name="ProportionalH" value="51.500000" />
  <attribute name="Current Error" value="103.000000" />
  <attribute name="IntegralT" value="0.000000" />
  <attribute name="IntegralI" value="0.000000" />
  <attribute name="IntegralH" value="0.000000" />
  <attribute name="DerivativeT" value="-inf" />
  <attribute name="DerivativeI" value="-inf" />
  <attribute name="DerivativeH" value="-inf" />
  <attribute name="Loop Time for DT" value="0.000000" />
  <attribute name="Output H" value="2091843584"/>
  <attribute name="Output I" value="200"/>
  <attribute name="Output T" value="4"/>
  <attribute name="Target GC Util Change" value ="20.000000" />
  <attribute name="Current GC Util Change" value="123.000000"/>
  <attribute name="GC Util currently" value="123" />
  <attribute name="CPU Util currently" value="14335272951172" />
<exclusive-end id="2218" timestamp="2019-06-15T00:49:41.447" durationms="6.551" />

<exclusive-start id="2219" timestamp="2019-06-15T00:49:41.454" intervalms="14.476">
  <response-info timems="0.082" idlems="0.082" threads="0" lastid="000000000118C700" lastname="main" />
</exclusive-start>
<allocation-taxation id="2220" taxation-threshold="11534336" timestamp="2019-06-15T00:49:41.455" intervalms="14.382" />
<cycle-start id="2221" type="partial gc" contextid="0" timestamp="2019-06-15T00:49:41.455" intervalms="50.663" />
<gc-start id="2222" type="partial gc" contextid="2221" timestamp="2019-06-15T00:49:41.455">
  <mem-info id="2223" free="9437184" total="63963136" percent="14">
    <mem type="eden" free="0" total="23068672" percent="0" />
    <remembered-set count="40352" freebytes="2391808" totalbytes="2553216" percent="93" regionsoverflowed="0" regionsstable="8" regionsrebuilding="0"/>
  </mem-info>
</gc-start>
<allocation-stats totalBytes="23047200" >
  <allocated-bytes non-tlh="0" tlh="23047200" arrayletleaf="0"/>
  <largest-consumer threadName="main" threadId="000000000118C700" bytes="11504640" />
</allocation-stats>
<gc-op id="2224" type="sweep" timems="0.653" contextid="2221" timestamp="2019-06-15T00:49:41.456" />
<gc-op id="2225" type="copy forward" timems="1.583" contextid="2221" timestamp="2019-06-15T00:49:41.458">
  <memory-copied type="eden" objects="3" bytes="944" bytesdiscarded="9" />
  <memory-copied type="other" objects="43" bytes="1832" bytesdiscarded="1167" />
  <memory-cardclean objects="628" bytes="35936" />
  <regions eden="11" other="3" />
  <remembered-set-cleared processed="38426" cleared="93" durationms="0.253" />
  <references type="weak" candidates="14" cleared="0" enqueued="0" />
  <stringconstants candidates="13747" cleared="0"  />
</gc-op>
<gc-op id="2226" type="classunload" timems="0.003" contextid="2221" timestamp="2019-06-15T00:49:41.458">
  <classunload-info classloadercandidates="54" classloadersunloaded="0" classesunloaded="0" anonymousclassesunloaded="0" quiescems="0.000" setupms="0.003" scanms="0.000" postms="0.000" />
</gc-op>
<gc-end id="2227" type="partial gc" contextid="2221" durationms="3.544" usertimems="8.000" systemtimems="0.000" timestamp="2019-06-15T00:49:41.459" activeThreads="4">
  <mem-info id="2228" free="31457280" total="63963136" percent="49">
    <mem type="eden" free="1045840" total="1048576" percent="99" />
    <remembered-set count="40928" freebytes="2389504" totalbytes="2553216" percent="93" regionsoverflowed="0" regionsstable="8" regionsrebuilding="0"/>
  </mem-info>
</gc-end>
<cycle-end id="2229" type="partial gc" contextid="2221" timestamp="2019-06-15T00:49:41.459" />
  <attribute name="elasticGC enabled" value="1" />
  <attribute name= "numThreadsSpecified" value="4" />
  <attribute name="heapSize specified" value="0" />
  <attribute name="Current GC Util" value="68" />
  <attribute name= "Current Time Running" value="18351" />
  <attribute name ="GC Interval" value="0" />
  <attribute name="ProportionalT" value="24.000000" />
  <attribute name="ProportionalI" value="24.000000" />
  <attribute name="ProportionalH" value="24.000000" />
  <attribute name="Current Error" value="48.000000" />
  <attribute name="IntegralT" value="0.000000" />
  <attribute name="IntegralI" value="0.000000" />
  <attribute name="IntegralH" value="0.000000" />
  <attribute name="DerivativeT" value="-inf" />
  <attribute name="DerivativeI" value="-inf" />
  <attribute name="DerivativeH" value="-inf" />
  <attribute name="Loop Time for DT" value="0.000000" />
  <attribute name="Output H" value="2091843584"/>
  <attribute name="Output I" value="200"/>
  <attribute name="Output T" value="4"/>
  <attribute name="Target GC Util Change" value ="20.000000" />
  <attribute name="Current GC Util Change" value="68.000000"/>
  <attribute name="GC Util currently" value="68" />
  <attribute name="CPU Util currently" value="20897521666280" />
<exclusive-end id="2230" timestamp="2019-06-15T00:49:41.459" durationms="4.456" />

<exclusive-start id="2231" timestamp="2019-06-15T00:49:41.473" intervalms="18.712">
  <response-info timems="0.145" idlems="0.145" threads="0" lastid="000000000118C700" lastname="main" />
</exclusive-start>
<allocation-taxation id="2232" taxation-threshold="23068672" timestamp="2019-06-15T00:49:41.473" intervalms="18.787" />
<cycle-start id="2233" type="partial gc" contextid="0" timestamp="2019-06-15T00:49:41.474" intervalms="18.792" />
<gc-start id="2234" type="partial gc" contextid="2233" timestamp="2019-06-15T00:49:41.474">
  <mem-info id="2235" free="8388608" total="63963136" percent="13">
    <mem type="eden" free="0" total="23068672" percent="0" />
    <remembered-set count="40480" freebytes="2391296" totalbytes="2553216" percent="93" regionsoverflowed="0" regionsstable="8" regionsrebuilding="0"/>
  </mem-info>
</gc-start>
<allocation-stats totalBytes="23028408" >
  <allocated-bytes non-tlh="0" tlh="23028408" arrayletleaf="0"/>
  <largest-consumer threadName="main" threadId="000000000118C700" bytes="23028408" />
</allocation-stats>
<gc-op id="2236" type="copy forward" timems="2.193" contextid="2233" timestamp="2019-06-15T00:49:41.477">
  <memory-copied type="eden" objects="2" bytes="40" bytesdiscarded="752" />
  <memory-copied type="other" objects="47" bytes="2688" bytesdiscarded="2024" />
  <memory-cardclean objects="83" bytes="3224" />
  <regions eden="22" other="4" />
  <remembered-set-cleared processed="38414" cleared="56" durationms="0.189" />
  <stringconstants candidates="13747" cleared="0"  />
</gc-op>
<gc-op id="2237" type="classunload" timems="0.004" contextid="2233" timestamp="2019-06-15T00:49:41.477">
  <classunload-info classloadercandidates="54" classloadersunloaded="0" classesunloaded="0" anonymousclassesunloaded="0" quiescems="0.000" setupms="0.004" scanms="0.000" postms="0.000" />
</gc-op>
<heap-resize id="2238" type="expand" space="default" amount="11534336" count="1" timems="0.069" reason="excessive time being spent in gc" timestamp="2019-06-15T00:49:41.477" />
<gc-end id="2239" type="partial gc" contextid="2233" durationms="3.280" usertimems="0.000" systemtimems="4.000" timestamp="2019-06-15T00:49:41.477" activeThreads="4">
  <mem-info id="2240" free="42991616" total="75497472" percent="56">
    <mem type="eden" free="1047784" total="1048576" percent="99" />
    <remembered-set count="41408" freebytes="2848000" totalbytes="3013632" percent="94" regionsoverflowed="0" regionsstable="8" regionsrebuilding="0"/>
  </mem-info>
</gc-end>
<cycle-end id="2241" type="partial gc" contextid="2233" timestamp="2019-06-15T00:49:41.477" />
  <attribute name="elasticGC enabled" value="1" />
  <attribute name= "numThreadsSpecified" value="4" />
  <attribute name="heapSize specified" value="0" />
  <attribute name="Current GC Util" value="0" />
  <attribute name= "Current Time Running" value="18369" />
  <attribute name ="GC Interval" value="0" />
  <attribute name="ProportionalT" value="-10.000000" />
  <attribute name="ProportionalI" value="-10.000000" />
  <attribute name="ProportionalH" value="-10.000000" />
  <attribute name="Current Error" value="-20.000000" />
  <attribute name="IntegralT" value="0.000000" />
  <attribute name="IntegralI" value="0.000000" />
  <attribute name="IntegralH" value="0.000000" />
  <attribute name="DerivativeT" value="-inf" />
  <attribute name="DerivativeI" value="-inf" />
  <attribute name="DerivativeH" value="-inf" />
  <attribute name="Loop Time for DT" value="0.000000" />
  <attribute name="Output H" value="2091843584"/>
  <attribute name="Output I" value="200"/>
  <attribute name="Output T" value="4"/>
  <attribute name="Target GC Util Change" value ="20.000000" />
  <attribute name="Current GC Util Change" value="0.000000"/>
  <attribute name="GC Util currently" value="0" />
  <attribute name="CPU Util currently" value="34433297584168" />
<exclusive-end id="2242" timestamp="2019-06-15T00:49:41.477" durationms="4.346" />

<exclusive-start id="2243" timestamp="2019-06-15T00:49:41.493" intervalms="19.358">
  <response-info timems="0.133" idlems="0.133" threads="0" lastid="000000000118C700" lastname="main" />
</exclusive-start>
<allocation-taxation id="2244" taxation-threshold="25165824" timestamp="2019-06-15T00:49:41.493" intervalms="19.337" />
<cycle-start id="2245" type="partial gc" contextid="0" timestamp="2019-06-15T00:49:41.493" intervalms="19.286" />
<gc-start id="2246" type="partial gc" contextid="2245" timestamp="2019-06-15T00:49:41.493">
  <mem-info id="2247" free="17825792" total="75497472" percent="23">
    <mem type="eden" free="1047784" total="26214400" percent="3" />
    <remembered-set count="40544" freebytes="2851456" totalbytes="3013632" percent="94" regionsoverflowed="0" regionsstable="9" regionsrebuilding="0"/>
  </mem-info>
</gc-start>
<allocation-stats totalBytes="25121632" >
  <allocated-bytes non-tlh="0" tlh="25121632" arrayletleaf="0"/>
  <largest-consumer threadName="main" threadId="000000000118C700" bytes="25121632" />
</allocation-stats>
<gc-op id="2248" type="copy forward" timems="1.923" contextid="2245" timestamp="2019-06-15T00:49:41.496">
  <memory-copied type="eden" objects="2" bytes="40" bytesdiscarded="0" />
  <memory-copied type="other" objects="7" bytes="160" bytesdiscarded="0" />
  <memory-cardclean objects="25" bytes="1872" />
  <regions eden="24" other="2" />
  <remembered-set-cleared processed="38082" cleared="13" durationms="0.218" />
  <stringconstants candidates="13747" cleared="0"  />
</gc-op>
<gc-op id="2249" type="classunload" timems="0.004" contextid="2245" timestamp="2019-06-15T00:49:41.496">
  <classunload-info classloadercandidates="54" classloadersunloaded="0" classesunloaded="0" anonymousclassesunloaded="0" quiescems="0.000" setupms="0.004" scanms="0.000" postms="0.000" />
</gc-op>
<heap-resize id="2250" type="expand" space="default" amount="6291456" count="1" timems="0.058" reason="excessive time being spent in gc" timestamp="2019-06-15T00:49:41.496" />
<gc-end id="2251" type="partial gc" contextid="2245" durationms="3.137" usertimems="4.000" systemtimems="0.000" timestamp="2019-06-15T00:49:41.496" activeThreads="4">
  <mem-info id="2252" free="49283072" total="81788928" percent="60">
    <mem type="eden" free="1048536" total="1048576" percent="99" />
    <remembered-set count="40224" freebytes="3103872" totalbytes="3264768" percent="95" regionsoverflowed="0" regionsstable="9" regionsrebuilding="0"/>
  </mem-info>
</gc-end>
<cycle-end id="2253" type="partial gc" contextid="2245" timestamp="2019-06-15T00:49:41.496" />
  <attribute name="elasticGC enabled" value="1" />
  <attribute name= "numThreadsSpecified" value="4" />
  <attribute name="heapSize specified" value="0" />
  <attribute name="Current GC Util" value="49" />
  <attribute name= "Current Time Running" value="18389" />
  <attribute name ="GC Interval" value="0" />
  <attribute name="ProportionalT" value="14.500000" />
  <attribute name="ProportionalI" value="14.500000" />
  <attribute name="ProportionalH" value="14.500000" />
  <attribute name="Current Error" value="29.000000" />
  <attribute name="IntegralT" value="29.000000" />
  <attribute name="IntegralI" value="29.000000" />
  <attribute name="IntegralH" value="29.000000" />
  <attribute name="DerivativeT" value="10.000000" />
  <attribute name="DerivativeI" value="10.000000" />
  <attribute name="DerivativeH" value="10.000000" />
  <attribute name="Loop Time for DT" value="1.000000" />
  <attribute name="Output H" value="8388608"/>
  <attribute name="Output I" value="200"/>
  <attribute name="Output T" value="4"/>
  <attribute name="Target GC Util Change" value ="20.000000" />
  <attribute name="Current GC Util Change" value="49.000000"/>
  <attribute name="GC Util currently" value="49" />
  <attribute name="CPU Util currently" value="19719942266934" />
<exclusive-end id="2254" timestamp="2019-06-15T00:49:41.497" durationms="4.067" />

<exclusive-start id="2255" timestamp="2019-06-15T00:49:41.513" intervalms="20.272">
  <response-info timems="0.095" idlems="0.095" threads="0" lastid="000000000118C700" lastname="main" />
</exclusive-start>
<allocation-taxation id="2256" taxation-threshold="27262976" timestamp="2019-06-15T00:49:41.513" intervalms="20.265" />
<cycle-start id="2257" type="partial gc" contextid="0" timestamp="2019-06-15T00:49:41.513" intervalms="20.297" />
<gc-start id="2258" type="partial gc" contextid="2257" timestamp="2019-06-15T00:49:41.513">
  <mem-info id="2259" free="22020096" total="81788928" percent="26">
    <mem type="eden" free="1048536" total="28311552" percent="3" />
    <remembered-set count="39744" freebytes="3105792" totalbytes="3264768" percent="95" regionsoverflowed="0" regionsstable="9" regionsrebuilding="0"/>
  </mem-info>
</gc-start>
<allocation-stats totalBytes="27214640" >
  <allocated-bytes non-tlh="0" tlh="27214640" arrayletleaf="0"/>
  <largest-consumer threadName="main" threadId="000000000118C700" bytes="27214640" />
</allocation-stats>
<gc-op id="2260" type="copy forward" timems="1.109" contextid="2257" timestamp="2019-06-15T00:49:41.515">
  <memory-copied type="eden" objects="3" bytes="72" bytesdiscarded="0" />
  <memory-copied type="other" objects="7" bytes="160" bytesdiscarded="0" />
  <memory-cardclean objects="25" bytes="1872" />
  <regions eden="26" other="2" />
  <remembered-set-cleared processed="38081" cleared="16" durationms="0.320" />
  <stringconstants candidates="13747" cleared="0"  />
</gc-op>
<gc-op id="2261" type="classunload" timems="0.003" contextid="2257" timestamp="2019-06-15T00:49:41.515">
  <classunload-info classloadercandidates="54" classloadersunloaded="0" classesunloaded="0" anonymousclassesunloaded="0" quiescems="0.000" setupms="0.003" scanms="0.000" postms="0.000" />
</gc-op>
<gc-end id="2262" type="partial gc" contextid="2257" durationms="2.196" usertimems="0.000" systemtimems="0.000" timestamp="2019-06-15T00:49:41.516" activeThreads="1">
  <mem-info id="2263" free="49283072" total="81788928" percent="60">
    <mem type="eden" free="1048504" total="1048576" percent="99" />
    <remembered-set count="40064" freebytes="3104512" totalbytes="3264768" percent="95" regionsoverflowed="0" regionsstable="9" regionsrebuilding="0"/>
  </mem-info>
</gc-end>
<cycle-end id="2264" type="partial gc" contextid="2257" timestamp="2019-06-15T00:49:41.516" />
  <attribute name="elasticGC enabled" value="1" />
  <attribute name= "numThreadsSpecified" value="1" />
  <attribute name="heapSize specified" value="0" />
  <attribute name="Current GC Util" value="67" />
  <attribute name= "Current Time Running" value="18409" />
  <attribute name ="GC Interval" value="0" />
  <attribute name="ProportionalT" value="23.500000" />
  <attribute name="ProportionalI" value="23.500000" />
  <attribute name="ProportionalH" value="23.500000" />
  <attribute name="Current Error" value="47.000000" />
  <attribute name="IntegralT" value="0.000000" />
  <attribute name="IntegralI" value="0.000000" />
  <attribute name="IntegralH" value="0.000000" />
  <attribute name="DerivativeT" value="inf" />
  <attribute name="DerivativeI" value="inf" />
  <attribute name="DerivativeH" value="inf" />
  <attribute name="Loop Time for DT" value="0.000000" />
  <attribute name="Output H" value="8388608"/>
  <attribute name="Output I" value="200"/>
  <attribute name="Output T" value="1"/>
  <attribute name="Target GC Util Change" value ="20.000000" />
  <attribute name="Current GC Util Change" value="67.000000"/>
  <attribute name="GC Util currently" value="67" />
  <attribute name="CPU Util currently" value="21710940377809" />
<exclusive-end id="2265" timestamp="2019-06-15T00:49:41.516" durationms="3.234" />

<exclusive-start id="2266" timestamp="2019-06-15T00:49:41.532" intervalms="19.357">
  <response-info timems="0.096" idlems="0.096" threads="0" lastid="000000000118C700" lastname="main" />
</exclusive-start>
<allocation-taxation id="2267" taxation-threshold="27262976" timestamp="2019-06-15T00:49:41.532" intervalms="19.375" />
<cycle-start id="2268" type="partial gc" contextid="0" timestamp="2019-06-15T00:49:41.532" intervalms="19.346" />
<gc-start id="2269" type="partial gc" contextid="2268" timestamp="2019-06-15T00:49:41.533">
  <mem-info id="2270" free="22020096" total="81788928" percent="26">
    <mem type="eden" free="1048504" total="28311552" percent="3" />
    <remembered-set count="39744" freebytes="3105792" totalbytes="3264768" percent="95" regionsoverflowed="0" regionsstable="9" regionsrebuilding="0"/>
  </mem-info>
</gc-start>
<allocation-stats totalBytes="27214984" >
  <allocated-bytes non-tlh="0" tlh="27214984" arrayletleaf="0"/>
  <largest-consumer threadName="main" threadId="000000000118C700" bytes="27214984" />
</allocation-stats>
<gc-op id="2271" type="copy forward" timems="1.098" contextid="2268" timestamp="2019-06-15T00:49:41.535">
  <memory-copied type="eden" objects="2" bytes="40" bytesdiscarded="0" />
  <memory-copied type="other" objects="7" bytes="160" bytesdiscarded="0" />
  <memory-cardclean objects="25" bytes="1872" />
  <regions eden="26" other="2" />
  <remembered-set-cleared processed="38083" cleared="18" durationms="0.343" />
  <stringconstants candidates="13747" cleared="0"  />
</gc-op>
<gc-op id="2272" type="classunload" timems="0.004" contextid="2268" timestamp="2019-06-15T00:49:41.535">
  <classunload-info classloadercandidates="54" classloadersunloaded="0" classesunloaded="0" anonymousclassesunloaded="0" quiescems="0.000" setupms="0.004" scanms="0.000" postms="0.000" />
</gc-op>
<gc-end id="2273" type="partial gc" contextid="2268" durationms="2.185" usertimems="4.000" systemtimems="0.000" timestamp="2019-06-15T00:49:41.535" activeThreads="1">
  <mem-info id="2274" free="49283072" total="81788928" percent="60">
    <mem type="eden" free="1048536" total="1048576" percent="99" />
    <remembered-set count="40064" freebytes="3104512" totalbytes="3264768" percent="95" regionsoverflowed="0" regionsstable="9" regionsrebuilding="0"/>
  </mem-info>
</gc-end>
<cycle-end id="2275" type="partial gc" contextid="2268" timestamp="2019-06-15T00:49:41.535" />
  <attribute name="elasticGC enabled" value="1" />
  <attribute name= "numThreadsSpecified" value="1" />
  <attribute name="heapSize specified" value="0" />
  <attribute name="Current GC Util" value="56" />
  <attribute name= "Current Time Running" value="18428" />
  <attribute name ="GC Interval" value="0" />
  <attribute name="ProportionalT" value="18.000000" />
  <attribute name="ProportionalI" value="18.000000" />
  <attribute name="ProportionalH" value="18.000000" />
  <attribute name="Current Error" value="36.000000" />
  <attribute name="IntegralT" value="0.000000" />
  <attribute name="IntegralI" value="0.000000" />
  <attribute name="IntegralH" value="0.000000" />
  <attribute name="DerivativeT" value="inf" />
  <attribute name="DerivativeI" value="inf" />
  <attribute name="DerivativeH" value="inf" />
  <attribute name="Loop Time for DT" value="0.000000" />
  <attribute name="Output H" value="8388608"/>
  <attribute name="Output I" value="200"/>
  <attribute name="Output T" value="1"/>
  <attribute name="Target GC Util Change" value ="20.000000" />
  <attribute name="Current GC Util Change" value="56.000000"/>
  <attribute name="GC Util currently" value="56" />
  <attribute name="CPU Util currently" value="19245670173940" />
<exclusive-end id="2276" timestamp="2019-06-15T00:49:41.535" durationms="3.076" />

<exclusive-start id="2277" timestamp="2019-06-15T00:49:41.552" intervalms="20.068">
  <response-info timems="0.141" idlems="0.141" threads="0" lastid="000000000118C700" lastname="main" />
</exclusive-start>
<allocation-taxation id="2278" taxation-threshold="27262976" timestamp="2019-06-15T00:49:41.552" intervalms="20.063" />
<cycle-start id="2279" type="partial gc" contextid="0" timestamp="2019-06-15T00:49:41.553" intervalms="20.049" />
<gc-start id="2280" type="partial gc" contextid="2279" timestamp="2019-06-15T00:49:41.553">
  <mem-info id="2281" free="22020096" total="81788928" percent="26">
    <mem type="eden" free="1048536" total="28311552" percent="3" />
    <remembered-set count="39744" freebytes="3105792" totalbytes="3264768" percent="95" regionsoverflowed="0" regionsstable="9" regionsrebuilding="0"/>
  </mem-info>
</gc-start>
<allocation-stats totalBytes="27214640" >
  <allocated-bytes non-tlh="0" tlh="27214640" arrayletleaf="0"/>
  <largest-consumer threadName="main" threadId="000000000118C700" bytes="27214640" />
</allocation-stats>
<gc-op id="2282" type="copy forward" timems="1.096" contextid="2279" timestamp="2019-06-15T00:49:41.555">
  <memory-copied type="eden" objects="3" bytes="72" bytesdiscarded="0" />
  <memory-copied type="other" objects="22" bytes="1000" bytesdiscarded="352" />
  <memory-cardclean objects="51" bytes="3048" />
  <regions eden="26" other="3" />
  <remembered-set-cleared processed="38076" cleared="25" durationms="0.337" />
  <stringconstants candidates="13747" cleared="0"  />
</gc-op>
<gc-op id="2283" type="classunload" timems="0.005" contextid="2279" timestamp="2019-06-15T00:49:41.555">
  <classunload-info classloadercandidates="54" classloadersunloaded="0" classesunloaded="0" anonymousclassesunloaded="0" quiescems="0.000" setupms="0.004" scanms="0.000" postms="0.000" />
</gc-op>
<heap-resize id="2284" type="contract" space="default" amount="1048576" count="1" timems="0.047" reason="excess free space following gc" timestamp="2019-06-15T00:49:41.555" />
<gc-end id="2285" type="partial gc" contextid="2279" durationms="2.205" usertimems="4.000" systemtimems="0.000" timestamp="2019-06-15T00:49:41.555" activeThreads="1">
  <mem-info id="2286" free="49283072" total="80740352" percent="61">
    <mem type="eden" free="1048504" total="1048576" percent="99" />
    <remembered-set count="39872" freebytes="3105280" totalbytes="3264768" percent="95" regionsoverflowed="0" regionsstable="9" regionsrebuilding="0"/>
  </mem-info>
</gc-end>
<cycle-end id="2287" type="partial gc" contextid="2279" timestamp="2019-06-15T00:49:41.555" />
  <attribute name="elasticGC enabled" value="1" />
  <attribute name= "numThreadsSpecified" value="1" />
  <attribute name="heapSize specified" value="0" />
  <attribute name="Current GC Util" value="53" />
  <attribute name= "Current Time Running" value="18448" />
  <attribute name ="GC Interval" value="0" />
  <attribute name="ProportionalT" value="16.500000" />
  <attribute name="ProportionalI" value="16.500000" />
  <attribute name="ProportionalH" value="16.500000" />
  <attribute name="Current Error" value="33.000000" />
  <attribute name="IntegralT" value="0.000000" />
  <attribute name="IntegralI" value="0.000000" />
  <attribute name="IntegralH" value="0.000000" />
  <attribute name="DerivativeT" value="inf" />
  <attribute name="DerivativeI" value="inf" />
  <attribute name="DerivativeH" value="inf" />
  <attribute name="Loop Time for DT" value="0.000000" />
  <attribute name="Output H" value="8388608"/>
  <attribute name="Output I" value="200"/>
  <attribute name="Output T" value="1"/>
  <attribute name="Target GC Util Change" value ="20.000000" />
  <attribute name="Current GC Util Change" value="53.000000"/>
  <attribute name="GC Util currently" value="53" />
  <attribute name="CPU Util currently" value="18557644396375" />
<exclusive-end id="2288" timestamp="2019-06-15T00:49:41.555" durationms="3.055" />

<exclusive-start id="2289" timestamp="2019-06-15T00:49:41.572" intervalms="19.502">
  <response-info timems="0.086" idlems="0.086" threads="0" lastid="000000000118C700" lastname="main" />
</exclusive-start>
<allocation-taxation id="2290" taxation-threshold="27262976" timestamp="2019-06-15T00:49:41.572" intervalms="19.466" />
<cycle-start id="2291" type="partial gc" contextid="0" timestamp="2019-06-15T00:49:41.572" intervalms="19.508" />
<gc-start id="2292" type="partial gc" contextid="2291" timestamp="2019-06-15T00:49:41.572">
  <mem-info id="2293" free="22020096" total="80740352" percent="27">
    <mem type="eden" free="1048504" total="28311552" percent="3" />
    <remembered-set count="39040" freebytes="3108608" totalbytes="3264768" percent="95" regionsoverflowed="0" regionsstable="10" regionsrebuilding="0"/>
  </mem-info>
</gc-start>
<allocation-stats totalBytes="27214984" >
  <allocated-bytes non-tlh="0" tlh="27214984" arrayletleaf="0"/>
  <largest-consumer threadName="main" threadId="000000000118C700" bytes="27214984" />
</allocation-stats>
<gc-op id="2294" type="copy forward" timems="1.066" contextid="2291" timestamp="2019-06-15T00:49:41.574">
  <memory-copied type="eden" objects="2" bytes="40" bytesdiscarded="0" />
  <memory-copied type="other" objects="7" bytes="160" bytesdiscarded="0" />
  <memory-cardclean objects="25" bytes="1872" />
  <regions eden="26" other="2" />
  <remembered-set-cleared processed="37508" cleared="19" durationms="0.324" />
  <stringconstants candidates="13747" cleared="0"  />
</gc-op>
<gc-op id="2295" type="classunload" timems="0.004" contextid="2291" timestamp="2019-06-15T00:49:41.574">
  <classunload-info classloadercandidates="54" classloadersunloaded="0" classesunloaded="0" anonymousclassesunloaded="0" quiescems="0.000" setupms="0.004" scanms="0.000" postms="0.000" />
</gc-op>
<gc-end id="2296" type="partial gc" contextid="2291" durationms="2.421" usertimems="0.000" systemtimems="0.000" timestamp="2019-06-15T00:49:41.575" activeThreads="1">
  <mem-info id="2297" free="49283072" total="80740352" percent="61">
    <mem type="eden" free="1048536" total="1048576" percent="99" />
    <remembered-set count="38912" freebytes="3067264" totalbytes="3222912" percent="95" regionsoverflowed="0" regionsstable="10" regionsrebuilding="0"/>
  </mem-info>
</gc-end>
<cycle-end id="2298" type="partial gc" contextid="2291" timestamp="2019-06-15T00:49:41.575" />
  <attribute name="elasticGC enabled" value="1" />
  <attribute name= "numThreadsSpecified" value="1" />
  <attribute name="heapSize specified" value="0" />
  <attribute name="Current GC Util" value="39" />
  <attribute name= "Current Time Running" value="18468" />
  <attribute name ="GC Interval" value="0" />
  <attribute name="ProportionalT" value="9.500000" />
  <attribute name="ProportionalI" value="9.500000" />
  <attribute name="ProportionalH" value="9.500000" />
  <attribute name="Current Error" value="19.000000" />
  <attribute name="IntegralT" value="0.000000" />
  <attribute name="IntegralI" value="0.000000" />
  <attribute name="IntegralH" value="0.000000" />
  <attribute name="DerivativeT" value="inf" />
  <attribute name="DerivativeI" value="inf" />
  <attribute name="DerivativeH" value="inf" />
  <attribute name="Loop Time for DT" value="0.000000" />
  <attribute name="Output H" value="8388608"/>
  <attribute name="Output I" value="200"/>
  <attribute name="Output T" value="1"/>
  <attribute name="Target GC Util Change" value ="20.000000" />
  <attribute name="Current GC Util Change" value="39.000000"/>
  <attribute name="GC Util currently" value="39" />
  <attribute name="CPU Util currently" value="10567493757626" />
<exclusive-end id="2299" timestamp="2019-06-15T00:49:41.575" durationms="3.382" />

<exclusive-start id="2300" timestamp="2019-06-15T00:49:41.675" intervalms="103.455">
  <response-info timems="0.024" idlems="0.024" threads="0" lastid="000000000118C700" lastname="main" />
</exclusive-start>
<allocation-taxation id="2301" taxation-threshold="27262976" timestamp="2019-06-15T00:49:41.675" intervalms="103.527" />
<cycle-start id="2302" type="partial gc" contextid="0" timestamp="2019-06-15T00:49:41.676" intervalms="103.552" />
<gc-start id="2303" type="partial gc" contextid="2302" timestamp="2019-06-15T00:49:41.676">
  <mem-info id="2304" free="22020096" total="80740352" percent="27">
    <mem type="eden" free="1048536" total="28311552" percent="3" />
    <remembered-set count="38592" freebytes="3068544" totalbytes="3222912" percent="95" regionsoverflowed="0" regionsstable="10" regionsrebuilding="0"/>
  </mem-info>
</gc-start>
<allocation-stats totalBytes="27215672" >
  <allocated-bytes non-tlh="0" tlh="27215672" arrayletleaf="0"/>
  <largest-consumer threadName="main" threadId="000000000118C700" bytes="27215672" />
</allocation-stats>
<gc-op id="2305" type="copy forward" timems="2.517" contextid="2302" timestamp="2019-06-15T00:49:41.679">
  <memory-copied type="eden" objects="36" bytes="1464" bytesdiscarded="1104" />
  <memory-copied type="other" objects="30" bytes="704" bytesdiscarded="0" />
  <memory-cardclean objects="98" bytes="12736" />
  <regions eden="26" other="2" />
  <remembered-set-cleared processed="37500" cleared="52" durationms="0.244" />
  <references type="weak" candidates="4" cleared="0" enqueued="0" />
  <stringconstants candidates="13747" cleared="0"  />
</gc-op>
<gc-op id="2306" type="classunload" timems="0.004" contextid="2302" timestamp="2019-06-15T00:49:41.679">
  <classunload-info classloadercandidates="54" classloadersunloaded="0" classesunloaded="0" anonymousclassesunloaded="0" quiescems="0.000" setupms="0.004" scanms="0.000" postms="0.000" />
</gc-op>
<gc-end id="2307" type="partial gc" contextid="2302" durationms="3.623" usertimems="4.000" systemtimems="0.000" timestamp="2019-06-15T00:49:41.679" activeThreads="4">
  <mem-info id="2308" free="49283072" total="80740352" percent="61">
    <mem type="eden" free="1046008" total="1048576" percent="99" />
    <remembered-set count="39744" freebytes="3063936" totalbytes="3222912" percent="95" regionsoverflowed="0" regionsstable="10" regionsrebuilding="0"/>
  </mem-info>
</gc-end>
<cycle-end id="2309" type="partial gc" contextid="2302" timestamp="2019-06-15T00:49:41.680" />
  <attribute name="elasticGC enabled" value="1" />
  <attribute name= "numThreadsSpecified" value="4" />
  <attribute name="heapSize specified" value="0" />
  <attribute name="Current GC Util" value="63" />
  <attribute name= "Current Time Running" value="18572" />
  <attribute name ="GC Interval" value="0" />
  <attribute name="ProportionalT" value="21.500000" />
  <attribute name="ProportionalI" value="21.500000" />
  <attribute name="ProportionalH" value="21.500000" />
  <attribute name="Current Error" value="43.000000" />
  <attribute name="IntegralT" value="43.000000" />
  <attribute name="IntegralI" value="43.000000" />
  <attribute name="IntegralH" value="43.000000" />
  <attribute name="DerivativeT" value="21.500000" />
  <attribute name="DerivativeI" value="21.500000" />
  <attribute name="DerivativeH" value="21.500000" />
  <attribute name="Loop Time for DT" value="1.000000" />
  <attribute name="Output H" value="8388608"/>
  <attribute name="Output I" value="200"/>
  <attribute name="Output T" value="4"/>
  <attribute name="Target GC Util Change" value ="20.000000" />
  <attribute name="Current GC Util Change" value="63.000000"/>
  <attribute name="GC Util currently" value="63" />
  <attribute name="CPU Util currently" value="17820186167364" />
<exclusive-end id="2310" timestamp="2019-06-15T00:49:41.680" durationms="4.739" />

<exclusive-start id="2311" timestamp="2019-06-15T00:49:41.756" intervalms="81.227">
  <response-info timems="0.061" idlems="0.061" threads="0" lastid="000000000118C700" lastname="main" />
</exclusive-start>
<allocation-taxation id="2312" taxation-threshold="27262976" timestamp="2019-06-15T00:49:41.757" intervalms="81.219" />
<cycle-start id="2313" type="partial gc" contextid="0" timestamp="2019-06-15T00:49:41.757" intervalms="81.174" />
<gc-start id="2314" type="partial gc" contextid="2313" timestamp="2019-06-15T00:49:41.757">
  <mem-info id="2315" free="22020096" total="80740352" percent="27">
    <mem type="eden" free="1046008" total="28311552" percent="3" />
    <remembered-set count="38016" freebytes="3070848" totalbytes="3222912" percent="95" regionsoverflowed="0" regionsstable="11" regionsrebuilding="0"/>
  </mem-info>
</gc-start>
<allocation-stats totalBytes="27246712" >
  <allocated-bytes non-tlh="0" tlh="27246712" arrayletleaf="0"/>
  <largest-consumer threadName="main" threadId="000000000118C700" bytes="27246712" />
</allocation-stats>
<gc-op id="2316" type="copy forward" timems="1.664" contextid="2313" timestamp="2019-06-15T00:49:41.759">
  <memory-copied type="eden" objects="15" bytes="832" bytesdiscarded="0" />
  <memory-copied type="other" objects="65" bytes="1784" bytesdiscarded="816" />
  <memory-cardclean objects="59" bytes="11440" />
  <regions eden="26" other="2" />
  <remembered-set-cleared processed="36236" cleared="54" durationms="0.237" />
  <references type="weak" candidates="6" cleared="0" enqueued="0" />
  <stringconstants candidates="13747" cleared="0"  />
</gc-op>
<gc-op id="2317" type="classunload" timems="0.004" contextid="2313" timestamp="2019-06-15T00:49:41.760">
  <classunload-info classloadercandidates="54" classloadersunloaded="0" classesunloaded="0" anonymousclassesunloaded="0" quiescems="0.000" setupms="0.004" scanms="0.000" postms="0.000" />
</gc-op>
<gc-end id="2318" type="partial gc" contextid="2313" durationms="2.713" usertimems="4.000" systemtimems="0.000" timestamp="2019-06-15T00:49:41.760" activeThreads="4">
  <mem-info id="2319" free="48234496" total="80740352" percent="59">
    <mem type="eden" free="2095096" total="2097152" percent="99" />
    <remembered-set count="38560" freebytes="3068672" totalbytes="3222912" percent="95" regionsoverflowed="0" regionsstable="11" regionsrebuilding="0"/>
  </mem-info>
</gc-end>
<cycle-end id="2320" type="partial gc" contextid="2313" timestamp="2019-06-15T00:49:41.760" />
  <attribute name="elasticGC enabled" value="1" />
  <attribute name= "numThreadsSpecified" value="4" />
  <attribute name="heapSize specified" value="0" />
  <attribute name="Current GC Util" value="56" />
  <attribute name= "Current Time Running" value="18653" />
  <attribute name ="GC Interval" value="0" />
  <attribute name="ProportionalT" value="18.000000" />
  <attribute name="ProportionalI" value="18.000000" />
  <attribute name="ProportionalH" value="18.000000" />
  <attribute name="Current Error" value="36.000000" />
  <attribute name="IntegralT" value="36.000000" />
  <attribute name="IntegralI" value="36.000000" />
  <attribute name="IntegralH" value="36.000000" />
  <attribute name="DerivativeT" value="18.000000" />
  <attribute name="DerivativeI" value="18.000000" />
  <attribute name="DerivativeH" value="18.000000" />
  <attribute name="Loop Time for DT" value="1.000000" />
  <attribute name="Output H" value="8388608"/>
  <attribute name="Output I" value="200"/>
  <attribute name="Output T" value="4"/>
  <attribute name="Target GC Util Change" value ="20.000000" />
  <attribute name="Current GC Util Change" value="56.000000"/>
  <attribute name="GC Util currently" value="56" />
  <attribute name="CPU Util currently" value="16963833447678" />
<exclusive-end id="2321" timestamp="2019-06-15T00:49:41.760" durationms="3.721" />

<exclusive-start id="2322" timestamp="2019-06-15T00:49:41.811" intervalms="54.973">
  <response-info timems="0.081" idlems="0.081" threads="0" lastid="000000000118C700" lastname="main" />
</exclusive-start>
<allocation-taxation id="2323" taxation-threshold="27262976" timestamp="2019-06-15T00:49:41.812" intervalms="54.951" />
<cycle-start id="2324" type="partial gc" contextid="0" timestamp="2019-06-15T00:49:41.812" intervalms="54.969" />
<gc-start id="2325" type="partial gc" contextid="2324" timestamp="2019-06-15T00:49:41.812">
  <mem-info id="2326" free="20971520" total="80740352" percent="25">
    <mem type="eden" free="1047744" total="28311552" percent="3" />
    <remembered-set count="30656" freebytes="3100288" totalbytes="3222912" percent="96" regionsoverflowed="0" regionsstable="13" regionsrebuilding="0"/>
  </mem-info>
</gc-start>
<allocation-stats totalBytes="27245376" >
  <allocated-bytes non-tlh="0" tlh="27245376" arrayletleaf="0"/>
  <largest-consumer threadName="main" threadId="000000000118C700" bytes="27245376" />
</allocation-stats>
<gc-op id="2327" type="copy forward" timems="1.551" contextid="2324" timestamp="2019-06-15T00:49:41.814">
  <memory-copied type="eden" objects="30" bytes="1728" bytesdiscarded="0" />
  <memory-copied type="other" objects="0" bytes="0" bytesdiscarded="0" />
  <memory-cardclean objects="77" bytes="2760" />
  <regions eden="26" other="1" />
  <remembered-set-cleared processed="28782" cleared="18" durationms="0.226" />
  <stringconstants candidates="13747" cleared="0"  />
</gc-op>
<gc-op id="2328" type="classunload" timems="0.004" contextid="2324" timestamp="2019-06-15T00:49:41.814">
  <classunload-info classloadercandidates="54" classloadersunloaded="0" classesunloaded="0" anonymousclassesunloaded="0" quiescems="0.000" setupms="0.004" scanms="0.000" postms="0.000" />
</gc-op>
<heap-resize id="2329" type="contract" space="default" amount="4194304" count="1" timems="0.054" reason="insufficient time being spent in gc" timestamp="2019-06-15T00:49:41.815" />
<gc-end id="2330" type="partial gc" contextid="2324" durationms="2.722" usertimems="4.000" systemtimems="0.000" timestamp="2019-06-15T00:49:41.815" activeThreads="4">
  <mem-info id="2331" free="44040192" total="76546048" percent="57">
    <mem type="eden" free="1046848" total="1048576" percent="99" />
    <remembered-set count="30688" freebytes="3100160" totalbytes="3222912" percent="96" regionsoverflowed="0" regionsstable="13" regionsrebuilding="0"/>
  </mem-info>
</gc-end>
<cycle-end id="2332" type="partial gc" contextid="2324" timestamp="2019-06-15T00:49:41.815" />
  <attribute name="elasticGC enabled" value="1" />
  <attribute name= "numThreadsSpecified" value="4" />
  <attribute name="heapSize specified" value="0" />
  <attribute name="Current GC Util" value="58" />
  <attribute name= "Current Time Running" value="18708" />
  <attribute name ="GC Interval" value="0" />
  <attribute name="ProportionalT" value="19.000000" />
  <attribute name="ProportionalI" value="19.000000" />
  <attribute name="ProportionalH" value="19.000000" />
  <attribute name="Current Error" value="38.000000" />
  <attribute name="IntegralT" value="38.000000" />
  <attribute name="IntegralI" value="38.000000" />
  <attribute name="IntegralH" value="38.000000" />
  <attribute name="DerivativeT" value="19.000000" />
  <attribute name="DerivativeI" value="19.000000" />
  <attribute name="DerivativeH" value="19.000000" />
  <attribute name="Loop Time for DT" value="1.000000" />
  <attribute name="Output H" value="8388608"/>
  <attribute name="Output I" value="200"/>
  <attribute name="Output T" value="4"/>
  <attribute name="Target GC Util Change" value ="20.000000" />
  <attribute name="Current GC Util Change" value="58.000000"/>
  <attribute name="GC Util currently" value="58" />
  <attribute name="CPU Util currently" value="17204445324026" />
<exclusive-end id="2333" timestamp="2019-06-15T00:49:41.815" durationms="3.703" />

<exclusive-start id="2334" timestamp="2019-06-15T00:49:41.839" intervalms="27.389">
  <response-info timems="0.068" idlems="0.068" threads="0" lastid="000000000118C700" lastname="main" />
</exclusive-start>
<allocation-taxation id="2335" taxation-threshold="26214400" timestamp="2019-06-15T00:49:41.839" intervalms="27.369" />
<cycle-start id="2336" type="partial gc" contextid="0" timestamp="2019-06-15T00:49:41.839" intervalms="27.368" />
<gc-start id="2337" type="partial gc" contextid="2336" timestamp="2019-06-15T00:49:41.839">
  <mem-info id="2338" free="17825792" total="76546048" percent="23">
    <mem type="eden" free="0" total="26214400" percent="0" />
    <remembered-set count="30208" freebytes="3102080" totalbytes="3222912" percent="96" regionsoverflowed="0" regionsstable="13" regionsrebuilding="0"/>
  </mem-info>
</gc-start>
<allocation-stats totalBytes="26194456" >
  <allocated-bytes non-tlh="0" tlh="26194456" arrayletleaf="0"/>
  <largest-consumer threadName="main" threadId="000000000118C700" bytes="26194456" />
</allocation-stats>
<gc-op id="2339" type="copy forward" timems="0.989" contextid="2336" timestamp="2019-06-15T00:49:41.841">
  <memory-copied type="eden" objects="4" bytes="288" bytesdiscarded="0" />
  <memory-copied type="other" objects="26" bytes="1240" bytesdiscarded="0" />
  <memory-cardclean objects="46" bytes="1688" />
  <regions eden="25" other="1" />
  <remembered-set-cleared processed="28779" cleared="13" durationms="0.271" />
  <stringconstants candidates="13747" cleared="0"  />
</gc-op>
<gc-op id="2340" type="classunload" timems="0.003" contextid="2336" timestamp="2019-06-15T00:49:41.841">
  <classunload-info classloadercandidates="54" classloadersunloaded="0" classesunloaded="0" anonymousclassesunloaded="0" quiescems="0.000" setupms="0.003" scanms="0.000" postms="0.000" />
</gc-op>
<gc-end id="2341" type="partial gc" contextid="2336" durationms="2.236" usertimems="0.000" systemtimems="4.000" timestamp="2019-06-15T00:49:41.842" activeThreads="1">
  <mem-info id="2342" free="42991616" total="76546048" percent="56">
    <mem type="eden" free="1048288" total="1048576" percent="99" />
    <remembered-set count="30176" freebytes="2934784" totalbytes="3055488" percent="96" regionsoverflowed="0" regionsstable="13" regionsrebuilding="0"/>
  </mem-info>
</gc-end>
<cycle-end id="2343" type="partial gc" contextid="2336" timestamp="2019-06-15T00:49:41.842" />
  <attribute name="elasticGC enabled" value="1" />
  <attribute name= "numThreadsSpecified" value="1" />
  <attribute name="heapSize specified" value="0" />
  <attribute name="Current GC Util" value="32" />
  <attribute name= "Current Time Running" value="18735" />
  <attribute name ="GC Interval" value="0" />
  <attribute name="ProportionalT" value="6.000000" />
  <attribute name="ProportionalI" value="6.000000" />
  <attribute name="ProportionalH" value="6.000000" />
  <attribute name="Current Error" value="12.000000" />
  <attribute name="IntegralT" value="0.000000" />
  <attribute name="IntegralI" value="0.000000" />
  <attribute name="IntegralH" value="0.000000" />
  <attribute name="DerivativeT" value="inf" />
  <attribute name="DerivativeI" value="inf" />
  <attribute name="DerivativeH" value="inf" />
  <attribute name="Loop Time for DT" value="0.000000" />
  <attribute name="Output H" value="8388608"/>
  <attribute name="Output I" value="200"/>
  <attribute name="Output T" value="1"/>
  <attribute name="Target GC Util Change" value ="20.000000" />
  <attribute name="Current GC Util Change" value="32.000000"/>
  <attribute name="GC Util currently" value="32" />
  <attribute name="CPU Util currently" value="10810961678281" />
<exclusive-end id="2344" timestamp="2019-06-15T00:49:41.842" durationms="3.185" />

<exclusive-start id="2345" timestamp="2019-06-15T00:49:41.864" intervalms="24.802">
  <response-info timems="0.072" idlems="0.072" threads="0" lastid="000000000118C700" lastname="main" />
</exclusive-start>
<allocation-taxation id="2346" taxation-threshold="26214400" timestamp="2019-06-15T00:49:41.864" intervalms="24.797" />
<cycle-start id="2347" type="partial gc" contextid="0" timestamp="2019-06-15T00:49:41.864" intervalms="24.795" />
<gc-start id="2348" type="partial gc" contextid="2347" timestamp="2019-06-15T00:49:41.864">
  <mem-info id="2349" free="16777216" total="76546048" percent="21">
    <mem type="eden" free="1048288" total="27262976" percent="3" />
    <remembered-set count="29728" freebytes="2936576" totalbytes="3055488" percent="96" regionsoverflowed="0" regionsstable="13" regionsrebuilding="0"/>
  </mem-info>
</gc-start>
<allocation-stats totalBytes="26195328" >
  <allocated-bytes non-tlh="0" tlh="26195328" arrayletleaf="0"/>
  <largest-consumer threadName="main" threadId="000000000118C700" bytes="26195328" />
</allocation-stats>
<gc-op id="2350" type="copy forward" timems="2.260" contextid="2347" timestamp="2019-06-15T00:49:41.867">
  <memory-copied type="eden" objects="5" bytes="336" bytesdiscarded="0" />
  <memory-copied type="other" objects="0" bytes="0" bytesdiscarded="0" />
  <memory-cardclean objects="9" bytes="320" />
  <regions eden="25" other="1" />
  <remembered-set-cleared processed="28786" cleared="6" durationms="0.186" />
  <stringconstants candidates="13747" cleared="0"  />
</gc-op>
<gc-op id="2351" type="classunload" timems="0.004" contextid="2347" timestamp="2019-06-15T00:49:41.867">
  <classunload-info classloadercandidates="54" classloadersunloaded="0" classesunloaded="0" anonymousclassesunloaded="0" quiescems="0.000" setupms="0.004" scanms="0.000" postms="0.000" />
</gc-op>
<gc-end id="2352" type="partial gc" contextid="2347" durationms="3.164" usertimems="4.000" systemtimems="0.000" timestamp="2019-06-15T00:49:41.867" activeThreads="4">
  <mem-info id="2353" free="42991616" total="76546048" percent="56">
    <mem type="eden" free="1048240" total="1048576" percent="99" />
    <remembered-set count="30208" freebytes="2934656" totalbytes="3055488" percent="96" regionsoverflowed="0" regionsstable="13" regionsrebuilding="0"/>
  </mem-info>
</gc-end>
<cycle-end id="2354" type="partial gc" contextid="2347" timestamp="2019-06-15T00:49:41.867" />
  <attribute name="elasticGC enabled" value="1" />
  <attribute name= "numThreadsSpecified" value="4" />
  <attribute name="heapSize specified" value="0" />
  <attribute name="Current GC Util" value="67" />
  <attribute name= "Current Time Running" value="18760" />
  <attribute name ="GC Interval" value="0" />
  <attribute name="ProportionalT" value="23.500000" />
  <attribute name="ProportionalI" value="23.500000" />
  <attribute name="ProportionalH" value="23.500000" />
  <attribute name="Current Error" value="47.000000" />
  <attribute name="IntegralT" value="47.000000" />
  <attribute name="IntegralI" value="47.000000" />
  <attribute name="IntegralH" value="47.000000" />
  <attribute name="DerivativeT" value="23.500000" />
  <attribute name="DerivativeI" value="23.500000" />
  <attribute name="DerivativeH" value="23.500000" />
  <attribute name="Loop Time for DT" value="1.000000" />
  <attribute name="Output H" value="8388608"/>
  <attribute name="Output I" value="200"/>
  <attribute name="Output T" value="4"/>
  <attribute name="Target GC Util Change" value ="20.000000" />
  <attribute name="Current GC Util Change" value="67.000000"/>
  <attribute name="GC Util currently" value="67" />
  <attribute name="CPU Util currently" value="19364139378641" />
<exclusive-end id="2355" timestamp="2019-06-15T00:49:41.868" durationms="3.997" />

<exclusive-start id="2356" timestamp="2019-06-15T00:49:41.970" intervalms="106.868">
  <response-info timems="0.030" idlems="0.030" threads="0" lastid="000000000118C700" lastname="main" />
</exclusive-start>
<allocation-taxation id="2357" taxation-threshold="26214400" timestamp="2019-06-15T00:49:41.971" intervalms="106.920" />
<cycle-start id="2358" type="partial gc" contextid="0" timestamp="2019-06-15T00:49:41.971" intervalms="106.924" />
<gc-start id="2359" type="partial gc" contextid="2358" timestamp="2019-06-15T00:49:41.971">
  <mem-info id="2360" free="16777216" total="76546048" percent="21">
    <mem type="eden" free="1048240" total="27262976" percent="3" />
    <remembered-set count="29728" freebytes="2936576" totalbytes="3055488" percent="96" regionsoverflowed="0" regionsstable="13" regionsrebuilding="0"/>
  </mem-info>
</gc-start>
<allocation-stats totalBytes="26188336" >
  <allocated-bytes non-tlh="25864" tlh="26162472" arrayletleaf="0"/>
  <largest-consumer threadName="main" threadId="000000000118C700" bytes="26188336" />
</allocation-stats>
<gc-op id="2361" type="copy forward" timems="1.572" contextid="2358" timestamp="2019-06-15T00:49:41.973">
  <memory-copied type="eden" objects="1343" bytes="101168" bytesdiscarded="3784" />
  <memory-copied type="other" objects="0" bytes="0" bytesdiscarded="0" />
  <memory-cardclean objects="318" bytes="24256" />
  <regions eden="25" other="1" />
  <remembered-set-cleared processed="28785" cleared="56" durationms="0.212" />
  <references type="soft" candidates="9" cleared="0" enqueued="0" dynamicThreshold="17" maxThreshold="32" />
  <references type="weak" candidates="62" cleared="0" enqueued="0" />
  <stringconstants candidates="13789" cleared="0"  />
</gc-op>
<gc-op id="2362" type="classunload" timems="0.004" contextid="2358" timestamp="2019-06-15T00:49:41.973">
  <classunload-info classloadercandidates="54" classloadersunloaded="0" classesunloaded="0" anonymousclassesunloaded="0" quiescems="0.000" setupms="0.004" scanms="0.000" postms="0.000" />
</gc-op>
<gc-end id="2363" type="partial gc" contextid="2358" durationms="2.525" usertimems="4.000" systemtimems="0.000" timestamp="2019-06-15T00:49:41.974" activeThreads="4">
  <mem-info id="2364" free="42991616" total="76546048" percent="56">
    <mem type="eden" free="943584" total="1048576" percent="89" />
    <remembered-set count="31104" freebytes="2931072" totalbytes="3055488" percent="95" regionsoverflowed="0" regionsstable="13" regionsrebuilding="0"/>
  </mem-info>
</gc-end>
<cycle-end id="2365" type="partial gc" contextid="2358" timestamp="2019-06-15T00:49:41.974" />
  <attribute name="elasticGC enabled" value="1" />
  <attribute name= "numThreadsSpecified" value="4" />
  <attribute name="heapSize specified" value="0" />
  <attribute name="Current GC Util" value="63" />
  <attribute name= "Current Time Running" value="18867" />
  <attribute name ="GC Interval" value="0" />
  <attribute name="ProportionalT" value="21.500000" />
  <attribute name="ProportionalI" value="21.500000" />
  <attribute name="ProportionalH" value="21.500000" />
  <attribute name="Current Error" value="43.000000" />
  <attribute name="IntegralT" value="43.000000" />
  <attribute name="IntegralI" value="43.000000" />
  <attribute name="IntegralH" value="43.000000" />
  <attribute name="DerivativeT" value="21.500000" />
  <attribute name="DerivativeI" value="21.500000" />
  <attribute name="DerivativeH" value="21.500000" />
  <attribute name="Loop Time for DT" value="1.000000" />
  <attribute name="Output H" value="8388608"/>
  <attribute name="Output I" value="200"/>
  <attribute name="Output T" value="4"/>
  <attribute name="Target GC Util Change" value ="20.000000" />
  <attribute name="Current GC Util Change" value="63.000000"/>
  <attribute name="GC Util currently" value="63" />
  <attribute name="CPU Util currently" value="18089937975245" />
<exclusive-end id="2366" timestamp="2019-06-15T00:49:41.974" durationms="3.468" />

<exclusive-start id="2367" timestamp="2019-06-15T00:49:42.034" intervalms="63.615">
  <response-info timems="0.073" idlems="0.073" threads="0" lastid="000000000118C700" lastname="main" />
</exclusive-start>
<allocation-taxation id="2368" taxation-threshold="26214400" timestamp="2019-06-15T00:49:42.034" intervalms="63.569" />
<cycle-start id="2369" type="partial gc" contextid="0" timestamp="2019-06-15T00:49:42.034" intervalms="63.511" />
<gc-start id="2370" type="partial gc" contextid="2369" timestamp="2019-06-15T00:49:42.035">
  <mem-info id="2371" free="16777216" total="76546048" percent="21">
    <mem type="eden" free="0" total="26214400" percent="0" />
    <remembered-set count="30656" freebytes="2932864" totalbytes="3055488" percent="95" regionsoverflowed="0" regionsstable="13" regionsrebuilding="0"/>
  </mem-info>
</gc-start>
<allocation-stats totalBytes="26169536" >
  <allocated-bytes non-tlh="0" tlh="26169536" arrayletleaf="0"/>
  <largest-consumer threadName="main" threadId="000000000118C700" bytes="26169536" />
</allocation-stats>
<gc-op id="2372" type="copy forward" timems="1.449" contextid="2369" timestamp="2019-06-15T00:49:42.037">
  <memory-copied type="eden" objects="2" bytes="2048" bytesdiscarded="0" />
  <memory-copied type="other" objects="1341" bytes="101096" bytesdiscarded="0" />
  <memory-cardclean objects="133" bytes="17456" />
  <regions eden="25" other="1" />
  <remembered-set-cleared processed="28862" cleared="130" durationms="0.329" />
  <references type="soft" candidates="9" cleared="0" enqueued="0" dynamicThreshold="17" maxThreshold="32" />
  <references type="weak" candidates="62" cleared="0" enqueued="0" />
  <stringconstants candidates="13789" cleared="0"  />
</gc-op>
<gc-op id="2373" type="classunload" timems="0.004" contextid="2369" timestamp="2019-06-15T00:49:42.037">
  <classunload-info classloadercandidates="54" classloadersunloaded="0" classesunloaded="0" anonymousclassesunloaded="0" quiescems="0.000" setupms="0.004" scanms="0.000" postms="0.000" />
</gc-op>
<gc-end id="2374" type="partial gc" contextid="2369" durationms="2.410" usertimems="4.000" systemtimems="0.000" timestamp="2019-06-15T00:49:42.037" activeThreads="1">
  <mem-info id="2375" free="41943040" total="76546048" percent="54">
    <mem type="eden" free="1046528" total="1048576" percent="99" />
    <remembered-set count="30816" freebytes="2932224" totalbytes="3055488" percent="95" regionsoverflowed="0" regionsstable="13" regionsrebuilding="0"/>
  </mem-info>
</gc-end>
<cycle-end id="2376" type="partial gc" contextid="2369" timestamp="2019-06-15T00:49:42.037" />
  <attribute name="elasticGC enabled" value="1" />
  <attribute name= "numThreadsSpecified" value="1" />
  <attribute name="heapSize specified" value="0" />
  <attribute name="Current GC Util" value="52" />
  <attribute name= "Current Time Running" value="18930" />
  <attribute name ="GC Interval" value="0" />
  <attribute name="ProportionalT" value="16.000000" />
  <attribute name="ProportionalI" value="16.000000" />
  <attribute name="ProportionalH" value="16.000000" />
  <attribute name="Current Error" value="32.000000" />
  <attribute name="IntegralT" value="0.000000" />
  <attribute name="IntegralI" value="0.000000" />
  <attribute name="IntegralH" value="0.000000" />
  <attribute name="DerivativeT" value="inf" />
  <attribute name="DerivativeI" value="inf" />
  <attribute name="DerivativeH" value="inf" />
  <attribute name="Loop Time for DT" value="0.000000" />
  <attribute name="Output H" value="8388608"/>
  <attribute name="Output I" value="200"/>
  <attribute name="Output T" value="1"/>
  <attribute name="Target GC Util Change" value ="20.000000" />
  <attribute name="Current GC Util Change" value="52.000000"/>
  <attribute name="GC Util currently" value="52" />
  <attribute name="CPU Util currently" value="19917190230868" />
<exclusive-end id="2377" timestamp="2019-06-15T00:49:42.037" durationms="3.285" />

<exclusive-start id="2378" timestamp="2019-06-15T00:49:42.087" intervalms="53.003">
  <response-info timems="0.067" idlems="0.067" threads="0" lastid="000000000118C700" lastname="main" />
</exclusive-start>
<allocation-taxation id="2379" taxation-threshold="26214400" timestamp="2019-06-15T00:49:42.087" intervalms="53.006" />
<cycle-start id="2380" type="partial gc" contextid="0" timestamp="2019-06-15T00:49:42.087" intervalms="53.017" />
<gc-start id="2381" type="partial gc" contextid="2380" timestamp="2019-06-15T00:49:42.088">
  <mem-info id="2382" free="15728640" total="76546048" percent="20">
    <mem type="eden" free="1046528" total="27262976" percent="3" />
    <remembered-set count="30464" freebytes="2933632" totalbytes="3055488" percent="96" regionsoverflowed="0" regionsstable="13" regionsrebuilding="0"/>
  </mem-info>
</gc-start>
<allocation-stats totalBytes="26172448" >
  <allocated-bytes non-tlh="0" tlh="26172448" arrayletleaf="0"/>
  <largest-consumer threadName="main" threadId="000000000118C700" bytes="26172448" />
</allocation-stats>
<gc-op id="2383" type="copy forward" timems="1.087" contextid="2380" timestamp="2019-06-15T00:49:42.089">
  <memory-copied type="eden" objects="2" bytes="2048" bytesdiscarded="0" />
  <memory-copied type="other" objects="0" bytes="0" bytesdiscarded="0" />
  <memory-cardclean objects="7" bytes="328" />
  <regions eden="25" other="1" />
  <remembered-set-cleared processed="28885" cleared="4" durationms="0.289" />
  <stringconstants candidates="13789" cleared="0"  />
</gc-op>
<gc-op id="2384" type="classunload" timems="0.004" contextid="2380" timestamp="2019-06-15T00:49:42.089">
  <classunload-info classloadercandidates="54" classloadersunloaded="0" classesunloaded="0" anonymousclassesunloaded="0" quiescems="0.000" setupms="0.003" scanms="0.000" postms="0.000" />
</gc-op>
<heap-resize id="2385" type="contract" space="default" amount="4194304" count="1" timems="0.054" reason="insufficient time being spent in gc" timestamp="2019-06-15T00:49:42.090" />
<gc-end id="2386" type="partial gc" contextid="2380" durationms="2.143" usertimems="0.000" systemtimems="4.000" timestamp="2019-06-15T00:49:42.090" activeThreads="1">
  <mem-info id="2387" free="37748736" total="72351744" percent="52">
    <mem type="eden" free="1046528" total="1048576" percent="99" />
    <remembered-set count="30464" freebytes="2933632" totalbytes="3055488" percent="96" regionsoverflowed="0" regionsstable="13" regionsrebuilding="0"/>
  </mem-info>
</gc-end>
<cycle-end id="2388" type="partial gc" contextid="2380" timestamp="2019-06-15T00:49:42.090" />
  <attribute name="elasticGC enabled" value="1" />
  <attribute name= "numThreadsSpecified" value="1" />
  <attribute name="heapSize specified" value="0" />
  <attribute name="Current GC Util" value="62" />
  <attribute name= "Current Time Running" value="18983" />
  <attribute name ="GC Interval" value="0" />
  <attribute name="ProportionalT" value="21.000000" />
  <attribute name="ProportionalI" value="21.000000" />
  <attribute name="ProportionalH" value="21.000000" />
  <attribute name="Current Error" value="42.000000" />
  <attribute name="IntegralT" value="0.000000" />
  <attribute name="IntegralI" value="0.000000" />
  <attribute name="IntegralH" value="0.000000" />
  <attribute name="DerivativeT" value="inf" />
  <attribute name="DerivativeI" value="inf" />
  <attribute name="DerivativeH" value="inf" />
  <attribute name="Loop Time for DT" value="0.000000" />
  <attribute name="Output H" value="8388608"/>
  <attribute name="Output I" value="200"/>
  <attribute name="Output T" value="1"/>
  <attribute name="Target GC Util Change" value ="20.000000" />
  <attribute name="Current GC Util Change" value="62.000000"/>
  <attribute name="GC Util currently" value="62" />
  <attribute name="CPU Util currently" value="20899794602311" />
<exclusive-end id="2389" timestamp="2019-06-15T00:49:42.090" durationms="3.012" />

<exclusive-start id="2390" timestamp="2019-06-15T00:49:42.257" intervalms="170.002">
  <response-info timems="0.079" idlems="0.079" threads="0" lastid="000000000118C700" lastname="main" />
</exclusive-start>
<allocation-taxation id="2391" taxation-threshold="25165824" timestamp="2019-06-15T00:49:42.257" intervalms="170.006" />
<cycle-start id="2392" type="partial gc" contextid="0" timestamp="2019-06-15T00:49:42.257" intervalms="170.001" />
<gc-start id="2393" type="partial gc" contextid="2392" timestamp="2019-06-15T00:49:42.258">
  <mem-info id="2394" free="12582912" total="72351744" percent="17">
    <mem type="eden" free="1046528" total="26214400" percent="3" />
    <remembered-set count="30464" freebytes="2933632" totalbytes="3055488" percent="96" regionsoverflowed="0" regionsstable="13" regionsrebuilding="0"/>
  </mem-info>
</gc-start>
<allocation-stats totalBytes="25141648" >
  <allocated-bytes non-tlh="0" tlh="25141648" arrayletleaf="0"/>
  <largest-consumer threadName="main" threadId="000000000118C700" bytes="25141648" />
</allocation-stats>
<gc-op id="2395" type="copy forward" timems="1.154" contextid="2392" timestamp="2019-06-15T00:49:42.260">
  <memory-copied type="eden" objects="45" bytes="1384" bytesdiscarded="0" />
  <memory-copied type="other" objects="0" bytes="0" bytesdiscarded="0" />
  <memory-cardclean objects="101" bytes="11784" />
  <regions eden="24" other="1" />
  <remembered-set-cleared processed="28885" cleared="29" durationms="0.308" />
  <references type="weak" candidates="18" cleared="0" enqueued="0" />
  <stringconstants candidates="13789" cleared="0"  />
</gc-op>
<gc-op id="2396" type="classunload" timems="0.006" contextid="2392" timestamp="2019-06-15T00:49:42.260">
  <classunload-info classloadercandidates="54" classloadersunloaded="0" classesunloaded="0" anonymousclassesunloaded="0" quiescems="0.000" setupms="0.006" scanms="0.000" postms="0.000" />
</gc-op>
<heap-resize id="2397" type="contract" space="default" amount="4194304" count="1" timems="0.054" reason="insufficient time being spent in gc" timestamp="2019-06-15T00:49:42.260" />
<gc-end id="2398" type="partial gc" contextid="2392" durationms="2.478" usertimems="4.000" systemtimems="4.000" timestamp="2019-06-15T00:49:42.260" activeThreads="1">
  <mem-info id="2399" free="33554432" total="68157440" percent="49">
    <mem type="eden" free="1047192" total="1048576" percent="99" />
    <remembered-set count="30208" freebytes="2767232" totalbytes="2888064" percent="95" regionsoverflowed="0" regionsstable="13" regionsrebuilding="0"/>
  </mem-info>
</gc-end>
<cycle-end id="2400" type="partial gc" contextid="2392" timestamp="2019-06-15T00:49:42.260" />
  <attribute name="elasticGC enabled" value="1" />
  <attribute name= "numThreadsSpecified" value="1" />
  <attribute name="heapSize specified" value="0" />
  <attribute name="Current GC Util" value="37" />
  <attribute name= "Current Time Running" value="19153" />
  <attribute name ="GC Interval" value="0" />
  <attribute name="ProportionalT" value="8.500000" />
  <attribute name="ProportionalI" value="8.500000" />
  <attribute name="ProportionalH" value="8.500000" />
  <attribute name="Current Error" value="17.000000" />
  <attribute name="IntegralT" value="0.000000" />
  <attribute name="IntegralI" value="0.000000" />
  <attribute name="IntegralH" value="0.000000" />
  <attribute name="DerivativeT" value="inf" />
  <attribute name="DerivativeI" value="inf" />
  <attribute name="DerivativeH" value="inf" />
  <attribute name="Loop Time for DT" value="0.000000" />
  <attribute name="Output H" value="8388608"/>
  <attribute name="Output I" value="200"/>
  <attribute name="Output T" value="1"/>
  <attribute name="Target GC Util Change" value ="20.000000" />
  <attribute name="Current GC Util Change" value="37.000000"/>
  <attribute name="GC Util currently" value="37" />
  <attribute name="CPU Util currently" value="11127941377685" />
<exclusive-end id="2401" timestamp="2019-06-15T00:49:42.260" durationms="3.356" />

<exclusive-start id="2402" timestamp="2019-06-15T00:49:42.385" intervalms="128.213">
  <response-info timems="0.040" idlems="0.040" threads="0" lastid="000000000118C700" lastname="main" />
</exclusive-start>
<allocation-taxation id="2403" taxation-threshold="11534336" timestamp="2019-06-15T00:49:42.385" intervalms="128.183" />
<cycle-start id="2404" type="global mark phase" contextid="0" timestamp="2019-06-15T00:49:42.385" intervalms="2084.677" />
<gc-start id="2405" type="global mark phase" contextid="2404" timestamp="2019-06-15T00:49:42.386">
  <mem-info id="2406" free="22020096" total="68157440" percent="32">
    <remembered-set count="29760" freebytes="2769024" totalbytes="2888064" percent="95" regionsoverflowed="0" regionsstable="13" regionsrebuilding="0"/>
  </mem-info>
</gc-start>
<gc-op id="2407" type="mark increment" timems="1.348" contextid="2404" timestamp="2019-06-15T00:49:42.387">
  <trace-info objectcount="7629" scancount="1708" scanbytes="60704" />
</gc-op>
<gc-end id="2408" type="global mark phase" contextid="2404" durationms="1.631" usertimems="4.000" systemtimems="0.000" timestamp="2019-06-15T00:49:42.387" activeThreads="4">
  <mem-info id="2409" free="22020096" total="68157440" percent="32">
    <remembered-set count="31296" freebytes="2762880" totalbytes="2888064" percent="95" regionsoverflowed="0" regionsstable="0" regionsrebuilding="13"/>
  </mem-info>
</gc-end>
<concurrent-start id="2410" type="GMP work packet processing" contextid="2404" timestamp="2019-06-15T00:49:42.387">
  <concurrent-mark-start scanTarget="1726763" />
</concurrent-start>
<exclusive-end id="2411" timestamp="2019-06-15T00:49:42.389" durationms="3.887" />

<concurrent-end id="2412" type="GMP work packet processing" contextid="2404" timestamp="2019-06-15T00:49:42.389">
  <concurrent-mark-end bytesScanned="1771880" reasonForTermination="Work target met" />
</concurrent-end>

<exclusive-start id="2413" timestamp="2019-06-15T00:49:42.445" intervalms="60.059">
  <response-info timems="0.060" idlems="0.060" threads="0" lastid="000000000118C700" lastname="main" />
</exclusive-start>
<allocation-taxation id="2414" taxation-threshold="11534336" timestamp="2019-06-15T00:49:42.445" intervalms="60.088" />
<cycle-start id="2415" type="partial gc" contextid="0" timestamp="2019-06-15T00:49:42.446" intervalms="188.263" />
<gc-start id="2416" type="partial gc" contextid="2415" timestamp="2019-06-15T00:49:42.446">
  <mem-info id="2417" free="10485760" total="68157440" percent="15">
    <mem type="eden" free="0" total="23068672" percent="0" />
    <remembered-set count="40736" freebytes="2725120" totalbytes="2888064" percent="94" regionsoverflowed="0" regionsstable="0" regionsrebuilding="13"/>
  </mem-info>
</gc-start>
<allocation-stats totalBytes="23065160" >
  <allocated-bytes non-tlh="0" tlh="23065160" arrayletleaf="0"/>
  <largest-consumer threadName="main" threadId="000000000118C700" bytes="11532200" />
</allocation-stats>
<gc-op id="2418" type="copy forward" timems="1.777" contextid="2415" timestamp="2019-06-15T00:49:42.448">
  <memory-copied type="eden" objects="42" bytes="1440" bytesdiscarded="584" />
  <memory-copied type="other" objects="26" bytes="760" bytesdiscarded="120" />
  <memory-cardclean objects="103" bytes="12432" />
  <regions eden="22" other="1" />
  <remembered-set-cleared processed="38197" cleared="106" durationms="0.237" />
  <references type="weak" candidates="34" cleared="0" enqueued="0" />
  <stringconstants candidates="13789" cleared="0"  />
</gc-op>
<gc-op id="2419" type="classunload" timems="0.004" contextid="2415" timestamp="2019-06-15T00:49:42.449">
  <classunload-info classloadercandidates="54" classloadersunloaded="0" classesunloaded="0" anonymousclassesunloaded="0" quiescems="0.000" setupms="0.004" scanms="0.000" postms="0.000" />
</gc-op>
<heap-resize id="2420" type="contract" space="default" amount="4194304" count="1" timems="0.116" reason="insufficient time being spent in gc" timestamp="2019-06-15T00:49:42.449" />
<gc-end id="2421" type="partial gc" contextid="2415" durationms="3.161" usertimems="0.000" systemtimems="4.000" timestamp="2019-06-15T00:49:42.449" activeThreads="4">
  <mem-info id="2422" free="28311552" total="63963136" percent="44">
    <mem type="eden" free="1046552" total="1048576" percent="99" />
    <remembered-set count="41184" freebytes="2555904" totalbytes="2720640" percent="93" regionsoverflowed="0" regionsstable="0" regionsrebuilding="13"/>
  </mem-info>
</gc-end>
<cycle-end id="2423" type="partial gc" contextid="2415" timestamp="2019-06-15T00:49:42.449" />
  <attribute name="elasticGC enabled" value="1" />
  <attribute name= "numThreadsSpecified" value="4" />
  <attribute name="heapSize specified" value="0" />
  <attribute name="Current GC Util" value="31" />
  <attribute name= "Current Time Running" value="19342" />
  <attribute name ="GC Interval" value="0" />
  <attribute name="ProportionalT" value="5.500000" />
  <attribute name="ProportionalI" value="5.500000" />
  <attribute name="ProportionalH" value="5.500000" />
  <attribute name="Current Error" value="11.000000" />
  <attribute name="IntegralT" value="11.000000" />
  <attribute name="IntegralI" value="11.000000" />
  <attribute name="IntegralH" value="11.000000" />
  <attribute name="DerivativeT" value="5.500000" />
  <attribute name="DerivativeI" value="5.500000" />
  <attribute name="DerivativeH" value="5.500000" />
  <attribute name="Loop Time for DT" value="1.000000" />
  <attribute name="Output H" value="8388608"/>
  <attribute name="Output I" value="200"/>
  <attribute name="Output T" value="4"/>
  <attribute name="Target GC Util Change" value ="20.000000" />
  <attribute name="Current GC Util Change" value="31.000000"/>
  <attribute name="GC Util currently" value="31" />
  <attribute name="CPU Util currently" value="11365551008681" />
<exclusive-end id="2424" timestamp="2019-06-15T00:49:42.449" durationms="4.087" />

<exclusive-start id="2425" timestamp="2019-06-15T00:49:42.484" intervalms="38.941">
  <response-info timems="0.073" idlems="0.073" threads="0" lastid="000000000118C700" lastname="main" />
</exclusive-start>
<allocation-taxation id="2426" taxation-threshold="11534336" timestamp="2019-06-15T00:49:42.484" intervalms="38.928" />
<gc-start id="2427" type="global mark phase" contextid="2404" timestamp="2019-06-15T00:49:42.485">
  <mem-info id="2428" free="16777216" total="63963136" percent="26">
    <remembered-set count="40864" freebytes="2557184" totalbytes="2720640" percent="93" regionsoverflowed="0" regionsstable="0" regionsrebuilding="13"/>
  </mem-info>
</gc-start>
<gc-end id="2429" type="global mark phase" contextid="2404" durationms="0.062" usertimems="0.000" systemtimems="0.000" timestamp="2019-06-15T00:49:42.485" activeThreads="4">
  <mem-info id="2430" free="16777216" total="63963136" percent="26">
    <remembered-set count="40864" freebytes="2557184" totalbytes="2720640" percent="93" regionsoverflowed="0" regionsstable="0" regionsrebuilding="13"/>
  </mem-info>
</gc-end>
<concurrent-start id="2431" type="GMP work packet processing" contextid="2404" timestamp="2019-06-15T00:49:42.485">
  <concurrent-mark-start scanTarget="1726763" />
</concurrent-start>
<concurrent-end id="2432" type="GMP work packet processing" contextid="2404" timestamp="2019-06-15T00:49:42.486">
  <concurrent-mark-end bytesScanned="1777036" reasonForTermination="Work target met" />
</concurrent-end>

<exclusive-end id="2433" timestamp="2019-06-15T00:49:42.486" durationms="1.973" />

<exclusive-start id="2434" timestamp="2019-06-15T00:49:42.516" intervalms="32.004">
  <response-info timems="0.070" idlems="0.070" threads="0" lastid="000000000118C700" lastname="main" />
</exclusive-start>
<allocation-taxation id="2435" taxation-threshold="11534336" timestamp="2019-06-15T00:49:42.516" intervalms="31.898" />
<cycle-start id="2436" type="partial gc" contextid="0" timestamp="2019-06-15T00:49:42.516" intervalms="70.822" />
<gc-start id="2437" type="partial gc" contextid="2436" timestamp="2019-06-15T00:49:42.517">
  <mem-info id="2438" free="5242880" total="63963136" percent="8">
    <mem type="eden" free="0" total="23068672" percent="0" />
    <remembered-set count="45088" freebytes="2540288" totalbytes="2720640" percent="93" regionsoverflowed="0" regionsstable="0" regionsrebuilding="13"/>
  </mem-info>
</gc-start>
<allocation-stats totalBytes="23064544" >
  <allocated-bytes non-tlh="0" tlh="23064544" arrayletleaf="0"/>
  <largest-consumer threadName="main" threadId="000000000118C700" bytes="11532168" />
</allocation-stats>
<gc-op id="2439" type="copy forward" timems="1.806" contextid="2436" timestamp="2019-06-15T00:49:42.519">
  <memory-copied type="eden" objects="5" bytes="240" bytesdiscarded="0" />
  <memory-copied type="other" objects="37" bytes="1200" bytesdiscarded="584" />
  <memory-cardclean objects="40" bytes="9680" />
  <regions eden="22" other="1" />
  <remembered-set-cleared processed="42531" cleared="57" durationms="0.271" />
  <references type="weak" candidates="16" cleared="0" enqueued="0" />
  <stringconstants candidates="13789" cleared="0"  />
</gc-op>
<gc-op id="2440" type="classunload" timems="0.004" contextid="2436" timestamp="2019-06-15T00:49:42.520">
  <classunload-info classloadercandidates="54" classloadersunloaded="0" classesunloaded="0" anonymousclassesunloaded="0" quiescems="0.000" setupms="0.004" scanms="0.000" postms="0.000" />
</gc-op>
<gc-end id="2441" type="partial gc" contextid="2436" durationms="2.959" usertimems="4.000" systemtimems="0.000" timestamp="2019-06-15T00:49:42.520" activeThreads="4">
  <mem-info id="2442" free="27262976" total="63963136" percent="42">
    <mem type="eden" free="1048336" total="1048576" percent="99" />
    <remembered-set count="45088" freebytes="2372864" totalbytes="2553216" percent="92" regionsoverflowed="0" regionsstable="0" regionsrebuilding="13"/>
  </mem-info>
</gc-end>
<cycle-end id="2443" type="partial gc" contextid="2436" timestamp="2019-06-15T00:49:42.520" />
  <attribute name="elasticGC enabled" value="1" />
  <attribute name= "numThreadsSpecified" value="4" />
  <attribute name="heapSize specified" value="0" />
  <attribute name="Current GC Util" value="36" />
  <attribute name= "Current Time Running" value="19413" />
  <attribute name ="GC Interval" value="0" />
  <attribute name="ProportionalT" value="8.000000" />
  <attribute name="ProportionalI" value="8.000000" />
  <attribute name="ProportionalH" value="8.000000" />
  <attribute name="Current Error" value="16.000000" />
  <attribute name="IntegralT" value="16.000000" />
  <attribute name="IntegralI" value="16.000000" />
  <attribute name="IntegralH" value="16.000000" />
  <attribute name="DerivativeT" value="8.000000" />
  <attribute name="DerivativeI" value="8.000000" />
  <attribute name="DerivativeH" value="8.000000" />
  <attribute name="Loop Time for DT" value="1.000000" />
  <attribute name="Output H" value="8388608"/>
  <attribute name="Output I" value="200"/>
  <attribute name="Output T" value="4"/>
  <attribute name="Target GC Util Change" value ="20.000000" />
  <attribute name="Current GC Util Change" value="36.000000"/>
  <attribute name="GC Util currently" value="36" />
  <attribute name="CPU Util currently" value="10023290691116" />
<exclusive-end id="2444" timestamp="2019-06-15T00:49:42.520" durationms="3.691" />

<exclusive-start id="2445" timestamp="2019-06-15T00:49:42.552" intervalms="35.372">
  <response-info timems="0.068" idlems="0.068" threads="0" lastid="000000000118C700" lastname="main" />
</exclusive-start>
<allocation-taxation id="2446" taxation-threshold="11534336" timestamp="2019-06-15T00:49:42.552" intervalms="35.456" />
<gc-start id="2447" type="global mark phase" contextid="2404" timestamp="2019-06-15T00:49:42.552">
  <mem-info id="2448" free="15728640" total="63963136" percent="24">
    <remembered-set count="44640" freebytes="2374656" totalbytes="2553216" percent="93" regionsoverflowed="0" regionsstable="0" regionsrebuilding="13"/>
  </mem-info>
</gc-start>
<gc-end id="2449" type="global mark phase" contextid="2404" durationms="0.179" usertimems="0.000" systemtimems="0.000" timestamp="2019-06-15T00:49:42.552" activeThreads="4">
  <mem-info id="2450" free="15728640" total="63963136" percent="24">
    <remembered-set count="44640" freebytes="2374656" totalbytes="2553216" percent="93" regionsoverflowed="0" regionsstable="0" regionsrebuilding="13"/>
  </mem-info>
</gc-end>
<concurrent-start id="2451" type="GMP work packet processing" contextid="2404" timestamp="2019-06-15T00:49:42.552">
  <concurrent-mark-start scanTarget="10360581" />
</concurrent-start>
<concurrent-end id="2452" type="GMP work packet processing" contextid="2404" timestamp="2019-06-15T00:49:42.558">
  <concurrent-mark-end bytesScanned="9871308" reasonForTermination="Completed all work in GC phase" />
</concurrent-end>

<exclusive-end id="2453" timestamp="2019-06-15T00:49:42.558" durationms="6.518" />

<exclusive-start id="2454" timestamp="2019-06-15T00:49:42.583" intervalms="31.611">
  <response-info timems="0.079" idlems="0.079" threads="0" lastid="000000000118C700" lastname="main" />
</exclusive-start>
<allocation-taxation id="2455" taxation-threshold="11534336" timestamp="2019-06-15T00:49:42.583" intervalms="31.652" />
<cycle-start id="2456" type="partial gc" contextid="0" timestamp="2019-06-15T00:49:42.584" intervalms="67.116" />
<gc-start id="2457" type="partial gc" contextid="2456" timestamp="2019-06-15T00:49:42.584">
  <mem-info id="2458" free="4194304" total="63963136" percent="6">
    <mem type="eden" free="1048336" total="24117248" percent="4" />
    <remembered-set count="69216" freebytes="2276352" totalbytes="2553216" percent="89" regionsoverflowed="0" regionsstable="0" regionsrebuilding="13"/>
  </mem-info>
</gc-start>
<allocation-stats totalBytes="23064144" >
  <allocated-bytes non-tlh="0" tlh="23064144" arrayletleaf="0"/>
  <largest-consumer threadName="main" threadId="000000000118C700" bytes="11532480" />
</allocation-stats>
<gc-op id="2459" type="copy forward" timems="1.421" contextid="2456" timestamp="2019-06-15T00:49:42.586">
  <memory-copied type="eden" objects="9" bytes="312" bytesdiscarded="0" />
  <memory-copied type="other" objects="0" bytes="0" bytesdiscarded="0" />
  <memory-cardclean objects="21" bytes="824" />
  <regions eden="22" other="1" />
  <remembered-set-cleared processed="66663" cleared="18" durationms="0.548" />
  <stringconstants candidates="13789" cleared="0"  />
</gc-op>
<gc-op id="2460" type="classunload" timems="0.005" contextid="2456" timestamp="2019-06-15T00:49:42.586">
  <classunload-info classloadercandidates="54" classloadersunloaded="0" classesunloaded="0" anonymousclassesunloaded="0" quiescems="0.000" setupms="0.004" scanms="0.000" postms="0.000" />
</gc-op>
<gc-end id="2461" type="partial gc" contextid="2456" durationms="2.478" usertimems="4.000" systemtimems="0.000" timestamp="2019-06-15T00:49:42.586" activeThreads="1">
  <mem-info id="2462" free="27262976" total="63963136" percent="42">
    <mem type="eden" free="1048264" total="1048576" percent="99" />
    <remembered-set count="69600" freebytes="2274816" totalbytes="2553216" percent="89" regionsoverflowed="0" regionsstable="0" regionsrebuilding="13"/>
  </mem-info>
</gc-end>
<cycle-end id="2463" type="partial gc" contextid="2456" timestamp="2019-06-15T00:49:42.587" />
  <attribute name="elasticGC enabled" value="1" />
  <attribute name= "numThreadsSpecified" value="1" />
  <attribute name="heapSize specified" value="0" />
  <attribute name="Current GC Util" value="54" />
  <attribute name= "Current Time Running" value="19479" />
  <attribute name ="GC Interval" value="0" />
  <attribute name="ProportionalT" value="17.000000" />
  <attribute name="ProportionalI" value="17.000000" />
  <attribute name="ProportionalH" value="17.000000" />
  <attribute name="Current Error" value="34.000000" />
  <attribute name="IntegralT" value="0.000000" />
  <attribute name="IntegralI" value="0.000000" />
  <attribute name="IntegralH" value="0.000000" />
  <attribute name="DerivativeT" value="inf" />
  <attribute name="DerivativeI" value="inf" />
  <attribute name="DerivativeH" value="inf" />
  <attribute name="Loop Time for DT" value="0.000000" />
  <attribute name="Output H" value="8388608"/>
  <attribute name="Output I" value="200"/>
  <attribute name="Output T" value="1"/>
  <attribute name="Target GC Util Change" value ="20.000000" />
  <attribute name="Current GC Util Change" value="54.000000"/>
  <attribute name="GC Util currently" value="54" />
  <attribute name="CPU Util currently" value="20508596126533" />
<exclusive-end id="2464" timestamp="2019-06-15T00:49:42.587" durationms="3.498" />

<exclusive-start id="2465" timestamp="2019-06-15T00:49:42.612" intervalms="28.435">
  <response-info timems="0.110" idlems="0.110" threads="0" lastid="000000000118C700" lastname="main" />
</exclusive-start>
<allocation-taxation id="2466" taxation-threshold="11534336" timestamp="2019-06-15T00:49:42.612" intervalms="28.424" />
<gc-start id="2467" type="global mark phase" contextid="2404" timestamp="2019-06-15T00:49:42.612">
  <mem-info id="2468" free="15728640" total="63963136" percent="24">
    <remembered-set count="69152" freebytes="2276608" totalbytes="2553216" percent="89" regionsoverflowed="0" regionsstable="0" regionsrebuilding="13"/>
  </mem-info>
</gc-start>
<gc-op id="2469" type="mark increment" timems="1.143" contextid="2404" timestamp="2019-06-15T00:49:42.613">
  <trace-info objectcount="3" scancount="3" scanbytes="120" />
  <cardclean-info objects="90" bytes="11256" />
  <finalization candidates="80" enqueued="0" />
  <ownableSynchronizers candidates="21" cleared="0" />
  <references type="soft" candidates="4360" cleared="813" enqueued="805" dynamicThreshold="13" maxThreshold="32" />
  <references type="weak" candidates="5663" cleared="10" enqueued="7" />
  <references type="phantom" candidates="101" cleared="0" enqueued="0" />
  <stringconstants candidates="13789" cleared="14"  />
</gc-op>
<gc-op id="2470" type="classunload" timems="0.401" contextid="2404" timestamp="2019-06-15T00:49:42.614">
  <classunload-info classloadercandidates="54" classloadersunloaded="1" classesunloaded="1" anonymousclassesunloaded="0" quiescems="0.000" setupms="0.387" scanms="0.010" postms="0.004" />
</gc-op>
<gc-end id="2471" type="global mark phase" contextid="2404" durationms="1.889" usertimems="4.000" systemtimems="0.000" timestamp="2019-06-15T00:49:42.614" activeThreads="4">
  <mem-info id="2472" free="15728640" total="63963136" percent="24">
    <pending-finalizers system="0" default="0" reference="812" classloader="0" />
    <remembered-set count="70176" freebytes="2272512" totalbytes="2553216" percent="89" regionsoverflowed="0" regionsstable="0" regionsrebuilding="0"/>
  </mem-info>
</gc-end>
<cycle-end id="2473" type="global mark phase" contextid="2404" timestamp="2019-06-15T00:49:42.614" />
  <attribute name="elasticGC enabled" value="1" />
  <attribute name= "numThreadsSpecified" value="4" />
  <attribute name="heapSize specified" value="0" />
  <attribute name="Current GC Util" value="0" />
  <attribute name= "Current Time Running" value="19507" />
  <attribute name ="GC Interval" value="0" />
  <attribute name="ProportionalT" value="-10.000000" />
  <attribute name="ProportionalI" value="-10.000000" />
  <attribute name="ProportionalH" value="-10.000000" />
  <attribute name="Current Error" value="-20.000000" />
  <attribute name="IntegralT" value="0.000000" />
  <attribute name="IntegralI" value="0.000000" />
  <attribute name="IntegralH" value="0.000000" />
  <attribute name="DerivativeT" value="-inf" />
  <attribute name="DerivativeI" value="-inf" />
  <attribute name="DerivativeH" value="-inf" />
  <attribute name="Loop Time for DT" value="0.000000" />
  <attribute name="Output H" value="2091843584"/>
  <attribute name="Output I" value="200"/>
  <attribute name="Output T" value="4"/>
  <attribute name="Target GC Util Change" value ="20.000000" />
  <attribute name="Current GC Util Change" value="0.000000"/>
  <attribute name="GC Util currently" value="0" />
  <attribute name="CPU Util currently" value="86267461867560" />
<exclusive-end id="2474" timestamp="2019-06-15T00:49:42.614" durationms="2.502" />

<exclusive-start id="2475" timestamp="2019-06-15T00:49:42.640" intervalms="28.615">
  <response-info timems="0.056" idlems="0.056" threads="0" lastid="000000000118C700" lastname="main" />
</exclusive-start>
<allocation-taxation id="2476" taxation-threshold="11534336" timestamp="2019-06-15T00:49:42.640" intervalms="28.602" />
<cycle-start id="2477" type="partial gc" contextid="0" timestamp="2019-06-15T00:49:42.641" intervalms="57.056" />
<gc-start id="2478" type="partial gc" contextid="2477" timestamp="2019-06-15T00:49:42.641">
  <mem-info id="2479" free="4194304" total="63963136" percent="6">
    <mem type="eden" free="1048264" total="24117248" percent="4" />
    <remembered-set count="53952" freebytes="2337408" totalbytes="2553216" percent="91" regionsoverflowed="0" regionsstable="10" regionsrebuilding="0"/>
  </mem-info>
</gc-start>
<allocation-stats totalBytes="23062264" >
  <allocated-bytes non-tlh="0" tlh="23062264" arrayletleaf="0"/>
  <largest-consumer threadName="main" threadId="000000000118C700" bytes="11491016" />
</allocation-stats>
<gc-op id="2480" type="sweep" timems="0.633" contextid="2477" timestamp="2019-06-15T00:49:42.642" />
<gc-op id="2481" type="copy forward" timems="1.566" contextid="2477" timestamp="2019-06-15T00:49:42.644">
  <memory-copied type="eden" objects="10" bytes="4872" bytesdiscarded="744" />
  <memory-copied type="other" objects="0" bytes="0" bytesdiscarded="0" />
  <memory-cardclean objects="1881" bytes="69360" />
  <regions eden="11" other="1" />
  <remembered-set-cleared processed="52233" cleared="318" durationms="0.308" />
  <stringconstants candidates="13775" cleared="0"  />
</gc-op>
<gc-op id="2482" type="classunload" timems="0.004" contextid="2477" timestamp="2019-06-15T00:49:42.644">
  <classunload-info classloadercandidates="53" classloadersunloaded="0" classesunloaded="0" anonymousclassesunloaded="0" quiescems="0.000" setupms="0.003" scanms="0.000" postms="0.000" />
</gc-op>
<heap-resize id="2483" type="expand" space="default" amount="11534336" count="1" timems="0.603" reason="excessive time being spent in gc" timestamp="2019-06-15T00:49:42.645" />
<gc-end id="2484" type="partial gc" contextid="2477" durationms="3.999" usertimems="8.000" systemtimems="0.000" timestamp="2019-06-15T00:49:42.645" activeThreads="4">
  <mem-info id="2485" free="38797312" total="75497472" percent="51">
    <mem type="eden" free="1042960" total="1048576" percent="99" />
    <remembered-set count="54752" freebytes="2794624" totalbytes="3013632" percent="92" regionsoverflowed="0" regionsstable="10" regionsrebuilding="0"/>
  </mem-info>
</gc-end>
<cycle-end id="2486" type="partial gc" contextid="2477" timestamp="2019-06-15T00:49:42.645" />
  <attribute name="elasticGC enabled" value="1" />
  <attribute name= "numThreadsSpecified" value="4" />
  <attribute name="heapSize specified" value="0" />
  <attribute name="Current GC Util" value="62" />
  <attribute name= "Current Time Running" value="19537" />
  <attribute name ="GC Interval" value="0" />
  <attribute name="ProportionalT" value="21.000000" />
  <attribute name="ProportionalI" value="21.000000" />
  <attribute name="ProportionalH" value="21.000000" />
  <attribute name="Current Error" value="42.000000" />
  <attribute name="IntegralT" value="0.000000" />
  <attribute name="IntegralI" value="0.000000" />
  <attribute name="IntegralH" value="0.000000" />
  <attribute name="DerivativeT" value="-inf" />
  <attribute name="DerivativeI" value="-inf" />
  <attribute name="DerivativeH" value="-inf" />
  <attribute name="Loop Time for DT" value="0.000000" />
  <attribute name="Output H" value="2091843584"/>
  <attribute name="Output I" value="200"/>
  <attribute name="Output T" value="4"/>
  <attribute name="Target GC Util Change" value ="20.000000" />
  <attribute name="Current GC Util Change" value="62.000000"/>
  <attribute name="GC Util currently" value="62" />
  <attribute name="CPU Util currently" value="31875516501742" />
<exclusive-end id="2487" timestamp="2019-06-15T00:49:42.645" durationms="4.908" />

<exclusive-start id="2488" timestamp="2019-06-15T00:49:42.673" intervalms="32.582">
  <response-info timems="0.115" idlems="0.115" threads="0" lastid="000000000118C700" lastname="main" />
</exclusive-start>
<allocation-taxation id="2489" taxation-threshold="12582912" timestamp="2019-06-15T00:49:42.673" intervalms="32.572" />
<cycle-start id="2490" type="global mark phase" contextid="0" timestamp="2019-06-15T00:49:42.673" intervalms="287.659" />
<gc-start id="2491" type="global mark phase" contextid="2490" timestamp="2019-06-15T00:49:42.673">
  <mem-info id="2492" free="26214400" total="75497472" percent="34">
    <remembered-set count="52288" freebytes="2804480" totalbytes="3013632" percent="93" regionsoverflowed="0" regionsstable="11" regionsrebuilding="0"/>
  </mem-info>
</gc-start>
<gc-op id="2493" type="mark increment" timems="0.585" contextid="2490" timestamp="2019-06-15T00:49:42.674">
  <trace-info objectcount="196" scancount="0" scanbytes="0" />
</gc-op>
<gc-end id="2494" type="global mark phase" contextid="2490" durationms="0.756" usertimems="0.000" systemtimems="0.000" timestamp="2019-06-15T00:49:42.674" activeThreads="4">
  <mem-info id="2495" free="26214400" total="75497472" percent="34">
    <remembered-set count="52288" freebytes="2804480" totalbytes="3013632" percent="93" regionsoverflowed="0" regionsstable="0" regionsrebuilding="11"/>
  </mem-info>
</gc-end>
<concurrent-start id="2496" type="GMP work packet processing" contextid="2490" timestamp="2019-06-15T00:49:42.674">
  <concurrent-mark-start scanTarget="1630283" />
</concurrent-start>
<exclusive-end id="2497" timestamp="2019-06-15T00:49:42.676" durationms="2.813" />

<concurrent-end id="2498" type="GMP work packet processing" contextid="2490" timestamp="2019-06-15T00:49:42.678">
  <concurrent-mark-end bytesScanned="1631720" reasonForTermination="Work target met" />
</concurrent-end>

<exclusive-start id="2499" timestamp="2019-06-15T00:49:42.703" intervalms="30.207">
  <response-info timems="0.081" idlems="0.081" threads="0" lastid="000000000118C700" lastname="main" />
</exclusive-start>
<allocation-taxation id="2500" taxation-threshold="12582912" timestamp="2019-06-15T00:49:42.703" intervalms="30.228" />
<cycle-start id="2501" type="partial gc" contextid="0" timestamp="2019-06-15T00:49:42.703" intervalms="62.814" />
<gc-start id="2502" type="partial gc" contextid="2501" timestamp="2019-06-15T00:49:42.704">
  <mem-info id="2503" free="13631488" total="75497472" percent="18">
    <mem type="eden" free="0" total="25165824" percent="0" />
    <remembered-set count="54144" freebytes="2797056" totalbytes="3013632" percent="92" regionsoverflowed="0" regionsstable="0" regionsrebuilding="11"/>
  </mem-info>
</gc-start>
<allocation-stats totalBytes="25161168" >
  <allocated-bytes non-tlh="0" tlh="25161168" arrayletleaf="0"/>
  <largest-consumer threadName="main" threadId="000000000118C700" bytes="12580752" />
</allocation-stats>
<gc-op id="2504" type="copy forward" timems="4.728" contextid="2501" timestamp="2019-06-15T00:49:42.709">
  <memory-copied type="eden" objects="5" bytes="240" bytesdiscarded="0" />
  <memory-copied type="other" objects="32350" bytes="912120" bytesdiscarded="0" />
  <memory-cardclean objects="1632" bytes="61312" />
  <regions eden="24" other="12" />
  <remembered-set-cleared processed="51861" cleared="2145" durationms="0.484" />
  <references type="soft" candidates="1424" cleared="0" enqueued="0" dynamicThreshold="11" maxThreshold="32" />
  <references type="weak" candidates="80" cleared="0" enqueued="0" />
  <stringconstants candidates="13775" cleared="0"  />
</gc-op>
<gc-op id="2505" type="classunload" timems="0.005" contextid="2501" timestamp="2019-06-15T00:49:42.709">
  <classunload-info classloadercandidates="53" classloadersunloaded="0" classesunloaded="0" anonymousclassesunloaded="0" quiescems="0.000" setupms="0.005" scanms="0.000" postms="0.000" />
</gc-op>
<gc-end id="2506" type="partial gc" contextid="2501" durationms="5.988" usertimems="4.000" systemtimems="0.000" timestamp="2019-06-15T00:49:42.710" activeThreads="1">
  <mem-info id="2507" free="47185920" total="75497472" percent="62">
    <mem type="eden" free="1048336" total="1048576" percent="99" />
    <remembered-set count="53984" freebytes="2797696" totalbytes="3013632" percent="92" regionsoverflowed="0" regionsstable="0" regionsrebuilding="11"/>
  </mem-info>
</gc-end>
<cycle-end id="2508" type="partial gc" contextid="2501" timestamp="2019-06-15T00:49:42.710" />
  <attribute name="elasticGC enabled" value="1" />
  <attribute name= "numThreadsSpecified" value="1" />
  <attribute name="heapSize specified" value="0" />
  <attribute name="Current GC Util" value="177" />
  <attribute name= "Current Time Running" value="19599" />
  <attribute name ="GC Interval" value="0" />
  <attribute name="ProportionalT" value="78.500000" />
  <attribute name="ProportionalI" value="78.500000" />
  <attribute name="ProportionalH" value="78.500000" />
  <attribute name="Current Error" value="157.000000" />
  <attribute name="IntegralT" value="0.000000" />
  <attribute name="IntegralI" value="0.000000" />
  <attribute name="IntegralH" value="0.000000" />
  <attribute name="DerivativeT" value="inf" />
  <attribute name="DerivativeI" value="inf" />
  <attribute name="DerivativeH" value="inf" />
  <attribute name="Loop Time for DT" value="0.000000" />
  <attribute name="Output H" value="8388608"/>
  <attribute name="Output I" value="200"/>
  <attribute name="Output T" value="1"/>
  <attribute name="Target GC Util Change" value ="20.000000" />
  <attribute name="Current GC Util Change" value="177.000000"/>
  <attribute name="GC Util currently" value="177" />
  <attribute name="CPU Util currently" value="12824167293604" />
<exclusive-end id="2509" timestamp="2019-06-15T00:49:42.710" durationms="7.075" />

<exclusive-start id="2510" timestamp="2019-06-15T00:49:42.740" intervalms="36.512">
  <response-info timems="0.932" idlems="0.501" threads="1" lastid="0000000001190300" lastname="JIT Compilation Thread-0" />
</exclusive-start>
<allocation-taxation id="2511" taxation-threshold="12582912" timestamp="2019-06-15T00:49:42.740" intervalms="36.511" />
<gc-start id="2512" type="global mark phase" contextid="2490" timestamp="2019-06-15T00:49:42.740">
  <mem-info id="2513" free="34603008" total="75497472" percent="45">
    <remembered-set count="53728" freebytes="2798720" totalbytes="3013632" percent="92" regionsoverflowed="0" regionsstable="0" regionsrebuilding="11"/>
  </mem-info>
</gc-start>
<gc-end id="2514" type="global mark phase" contextid="2490" durationms="0.115" usertimems="0.000" systemtimems="0.000" timestamp="2019-06-15T00:49:42.740" activeThreads="1">
  <mem-info id="2515" free="34603008" total="75497472" percent="45">
    <remembered-set count="53728" freebytes="2798720" totalbytes="3013632" percent="92" regionsoverflowed="0" regionsstable="0" regionsrebuilding="11"/>
  </mem-info>
</gc-end>
<concurrent-start id="2516" type="GMP work packet processing" contextid="2490" timestamp="2019-06-15T00:49:42.740">
  <concurrent-mark-start scanTarget="1048576" />
</concurrent-start>
<exclusive-end id="2517" timestamp="2019-06-15T00:49:42.742" durationms="2.173" />

<concurrent-end id="2518" type="GMP work packet processing" contextid="2490" timestamp="2019-06-15T00:49:42.742">
  <concurrent-mark-end bytesScanned="1108756" reasonForTermination="Work target met" />
</concurrent-end>

<exclusive-start id="2519" timestamp="2019-06-15T00:49:42.769" intervalms="29.311">
  <response-info timems="0.081" idlems="0.081" threads="0" lastid="000000000118C700" lastname="main" />
</exclusive-start>
<allocation-taxation id="2520" taxation-threshold="12582912" timestamp="2019-06-15T00:49:42.769" intervalms="29.312" />
<cycle-start id="2521" type="partial gc" contextid="0" timestamp="2019-06-15T00:49:42.769" intervalms="65.860" />
<gc-start id="2522" type="partial gc" contextid="2521" timestamp="2019-06-15T00:49:42.770">
  <mem-info id="2523" free="22020096" total="75497472" percent="29">
    <mem type="eden" free="1048336" total="26214400" percent="3" />
    <remembered-set count="56352" freebytes="2788224" totalbytes="3013632" percent="92" regionsoverflowed="0" regionsstable="0" regionsrebuilding="11"/>
  </mem-info>
</gc-start>
<allocation-stats totalBytes="25161240" >
  <allocated-bytes non-tlh="0" tlh="25161240" arrayletleaf="0"/>
  <largest-consumer threadName="main" threadId="000000000118C700" bytes="12580712" />
</allocation-stats>
<gc-op id="2524" type="copy forward" timems="1.690" contextid="2521" timestamp="2019-06-15T00:49:42.772">
  <memory-copied type="eden" objects="5" bytes="240" bytesdiscarded="0" />
  <memory-copied type="other" objects="25" bytes="736" bytesdiscarded="0" />
  <memory-cardclean objects="43" bytes="9920" />
  <regions eden="24" other="2" />
  <remembered-set-cleared processed="54587" cleared="48" durationms="0.451" />
  <references type="weak" candidates="18" cleared="0" enqueued="0" />
  <stringconstants candidates="13775" cleared="0"  />
</gc-op>
<gc-op id="2525" type="classunload" timems="0.004" contextid="2521" timestamp="2019-06-15T00:49:42.772">
  <classunload-info classloadercandidates="53" classloadersunloaded="0" classesunloaded="0" anonymousclassesunloaded="0" quiescems="0.000" setupms="0.004" scanms="0.000" postms="0.000" />
</gc-op>
<heap-resize id="2526" type="contract" space="default" amount="2097152" count="1" timems="0.123" reason="excess free space following gc" timestamp="2019-06-15T00:49:42.773" />
<gc-end id="2527" type="partial gc" contextid="2521" durationms="3.204" usertimems="0.000" systemtimems="4.000" timestamp="2019-06-15T00:49:42.773" activeThreads="1">
  <mem-info id="2528" free="45088768" total="73400320" percent="61">
    <mem type="eden" free="1048336" total="1048576" percent="99" />
    <remembered-set count="56640" freebytes="2787072" totalbytes="3013632" percent="92" regionsoverflowed="0" regionsstable="0" regionsrebuilding="11"/>
  </mem-info>
</gc-end>
<cycle-end id="2529" type="partial gc" contextid="2521" timestamp="2019-06-15T00:49:42.773" />
  <attribute name="elasticGC enabled" value="1" />
  <attribute name= "numThreadsSpecified" value="1" />
  <attribute name="heapSize specified" value="0" />
  <attribute name="Current GC Util" value="166" />
  <attribute name= "Current Time Running" value="19665" />
  <attribute name ="GC Interval" value="0" />
  <attribute name="ProportionalT" value="73.000000" />
  <attribute name="ProportionalI" value="73.000000" />
  <attribute name="ProportionalH" value="73.000000" />
  <attribute name="Current Error" value="146.000000" />
  <attribute name="IntegralT" value="0.000000" />
  <attribute name="IntegralI" value="0.000000" />
  <attribute name="IntegralH" value="0.000000" />
  <attribute name="DerivativeT" value="inf" />
  <attribute name="DerivativeI" value="inf" />
  <attribute name="DerivativeH" value="inf" />
  <attribute name="Loop Time for DT" value="0.000000" />
  <attribute name="Output H" value="8388608"/>
  <attribute name="Output I" value="200"/>
  <attribute name="Output T" value="1"/>
  <attribute name="Target GC Util Change" value ="20.000000" />
  <attribute name="Current GC Util Change" value="166.000000"/>
  <attribute name="GC Util currently" value="166" />
  <attribute name="CPU Util currently" value="13438096555828" />
<exclusive-end id="2530" timestamp="2019-06-15T00:49:42.773" durationms="4.448" />

<exclusive-start id="2531" timestamp="2019-06-15T00:49:42.800" intervalms="31.521">
  <response-info timems="0.068" idlems="0.068" threads="0" lastid="000000000118C700" lastname="main" />
</exclusive-start>
<allocation-taxation id="2532" taxation-threshold="12582912" timestamp="2019-06-15T00:49:42.801" intervalms="31.505" />
<gc-start id="2533" type="global mark phase" contextid="2490" timestamp="2019-06-15T00:49:42.801">
  <mem-info id="2534" free="32505856" total="73400320" percent="44">
    <remembered-set count="56320" freebytes="2788352" totalbytes="3013632" percent="92" regionsoverflowed="0" regionsstable="0" regionsrebuilding="11"/>
  </mem-info>
</gc-start>
<gc-end id="2535" type="global mark phase" contextid="2490" durationms="0.225" usertimems="0.000" systemtimems="0.000" timestamp="2019-06-15T00:49:42.801" activeThreads="1">
  <mem-info id="2536" free="32505856" total="73400320" percent="44">
    <remembered-set count="56320" freebytes="2788352" totalbytes="3013632" percent="92" regionsoverflowed="0" regionsstable="0" regionsrebuilding="11"/>
  </mem-info>
</gc-end>
<concurrent-start id="2537" type="GMP work packet processing" contextid="2490" timestamp="2019-06-15T00:49:42.801">
  <concurrent-mark-start scanTarget="1048576" />
</concurrent-start>
<exclusive-end id="2538" timestamp="2019-06-15T00:49:42.802" durationms="1.885" />

<concurrent-end id="2539" type="GMP work packet processing" contextid="2490" timestamp="2019-06-15T00:49:42.802">
  <concurrent-mark-end bytesScanned="1091060" reasonForTermination="Work target met" />
</concurrent-end>

<exclusive-start id="2540" timestamp="2019-06-15T00:49:42.829" intervalms="28.827">
  <response-info timems="0.067" idlems="0.067" threads="0" lastid="000000000118C700" lastname="main" />
</exclusive-start>
<allocation-taxation id="2541" taxation-threshold="12582912" timestamp="2019-06-15T00:49:42.829" intervalms="28.854" />
<cycle-start id="2542" type="partial gc" contextid="0" timestamp="2019-06-15T00:49:42.830" intervalms="60.368" />
<gc-start id="2543" type="partial gc" contextid="2542" timestamp="2019-06-15T00:49:42.830">
  <mem-info id="2544" free="19922944" total="73400320" percent="27">
    <mem type="eden" free="1048336" total="26214400" percent="3" />
    <remembered-set count="59456" freebytes="2775808" totalbytes="3013632" percent="92" regionsoverflowed="0" regionsstable="0" regionsrebuilding="11"/>
  </mem-info>
</gc-start>
<allocation-stats totalBytes="25161336" >
  <allocated-bytes non-tlh="0" tlh="25161336" arrayletleaf="0"/>
  <largest-consumer threadName="main" threadId="000000000118C700" bytes="12580720" />
</allocation-stats>
<gc-op id="2545" type="copy forward" timems="3.268" contextid="2542" timestamp="2019-06-15T00:49:42.834">
  <memory-copied type="eden" objects="7" bytes="336" bytesdiscarded="0" />
  <memory-copied type="other" objects="7" bytes="160" bytesdiscarded="0" />
  <memory-cardclean objects="42" bytes="1712" />
  <regions eden="24" other="2" />
  <remembered-set-cleared processed="57252" cleared="38" durationms="0.280" />
  <stringconstants candidates="13775" cleared="0"  />
</gc-op>
<gc-op id="2546" type="classunload" timems="0.016" contextid="2542" timestamp="2019-06-15T00:49:42.834">
  <classunload-info classloadercandidates="53" classloadersunloaded="0" classesunloaded="0" anonymousclassesunloaded="0" quiescems="0.000" setupms="0.016" scanms="0.000" postms="0.000" />
</gc-op>
<gc-end id="2547" type="partial gc" contextid="2542" durationms="4.718" usertimems="12.000" systemtimems="0.000" timestamp="2019-06-15T00:49:42.835" activeThreads="4">
  <mem-info id="2548" free="45088768" total="73400320" percent="61">
    <mem type="eden" free="1048240" total="1048576" percent="99" />
    <remembered-set count="60032" freebytes="2689792" totalbytes="2929920" percent="91" regionsoverflowed="0" regionsstable="0" regionsrebuilding="11"/>
  </mem-info>
</gc-end>
<cycle-end id="2549" type="partial gc" contextid="2542" timestamp="2019-06-15T00:49:42.835" />
  <attribute name="elasticGC enabled" value="1" />
  <attribute name= "numThreadsSpecified" value="4" />
  <attribute name="heapSize specified" value="0" />
  <attribute name="Current GC Util" value="115" />
  <attribute name= "Current Time Running" value="19726" />
  <attribute name ="GC Interval" value="0" />
  <attribute name="ProportionalT" value="47.500000" />
  <attribute name="ProportionalI" value="47.500000" />
  <attribute name="ProportionalH" value="47.500000" />
  <attribute name="Current Error" value="95.000000" />
  <attribute name="IntegralT" value="95.000000" />
  <attribute name="IntegralI" value="95.000000" />
  <attribute name="IntegralH" value="95.000000" />
  <attribute name="DerivativeT" value="47.500000" />
  <attribute name="DerivativeI" value="47.500000" />
  <attribute name="DerivativeH" value="47.500000" />
  <attribute name="Loop Time for DT" value="1.000000" />
  <attribute name="Output H" value="8388608"/>
  <attribute name="Output I" value="200"/>
  <attribute name="Output T" value="4"/>
  <attribute name="Target GC Util Change" value ="20.000000" />
  <attribute name="Current GC Util Change" value="115.000000"/>
  <attribute name="GC Util currently" value="115" />
  <attribute name="CPU Util currently" value="7843616976610" />
<exclusive-end id="2550" timestamp="2019-06-15T00:49:42.835" durationms="5.813" />

<exclusive-start id="2551" timestamp="2019-06-15T00:49:42.862" intervalms="32.919">
  <response-info timems="0.079" idlems="0.079" threads="0" lastid="000000000118C700" lastname="main" />
</exclusive-start>
<allocation-taxation id="2552" taxation-threshold="12582912" timestamp="2019-06-15T00:49:42.862" intervalms="32.899" />
<gc-start id="2553" type="global mark phase" contextid="2490" timestamp="2019-06-15T00:49:42.863">
  <mem-info id="2554" free="32505856" total="73400320" percent="44">
    <remembered-set count="59552" freebytes="2691712" totalbytes="2929920" percent="91" regionsoverflowed="0" regionsstable="0" regionsrebuilding="11"/>
  </mem-info>
</gc-start>
<gc-end id="2555" type="global mark phase" contextid="2490" durationms="0.159" usertimems="0.000" systemtimems="0.000" timestamp="2019-06-15T00:49:42.863" activeThreads="4">
  <mem-info id="2556" free="32505856" total="73400320" percent="44">
    <remembered-set count="59552" freebytes="2691712" totalbytes="2929920" percent="91" regionsoverflowed="0" regionsstable="0" regionsrebuilding="11"/>
  </mem-info>
</gc-end>
<concurrent-start id="2557" type="GMP work packet processing" contextid="2490" timestamp="2019-06-15T00:49:42.863">
  <concurrent-mark-start scanTarget="1630283" />
</concurrent-start>
<exclusive-end id="2558" timestamp="2019-06-15T00:49:42.863" durationms="0.868" />

<concurrent-end id="2559" type="GMP work packet processing" contextid="2490" timestamp="2019-06-15T00:49:42.864">
  <concurrent-mark-end bytesScanned="1670688" reasonForTermination="Work target met" />
</concurrent-end>

<exclusive-start id="2560" timestamp="2019-06-15T00:49:42.891" intervalms="28.638">
  <response-info timems="0.234" idlems="0.234" threads="0" lastid="000000000118C700" lastname="main" />
</exclusive-start>
<allocation-taxation id="2561" taxation-threshold="12582912" timestamp="2019-06-15T00:49:42.891" intervalms="28.590" />
<cycle-start id="2562" type="partial gc" contextid="0" timestamp="2019-06-15T00:49:42.891" intervalms="61.509" />
<gc-start id="2563" type="partial gc" contextid="2562" timestamp="2019-06-15T00:49:42.891">
  <mem-info id="2564" free="19922944" total="73400320" percent="27">
    <mem type="eden" free="1048240" total="26214400" percent="3" />
    <remembered-set count="61600" freebytes="2683520" totalbytes="2929920" percent="91" regionsoverflowed="0" regionsstable="0" regionsrebuilding="11"/>
  </mem-info>
</gc-start>
<allocation-stats totalBytes="25160960" >
  <allocated-bytes non-tlh="0" tlh="25160960" arrayletleaf="0"/>
  <largest-consumer threadName="main" threadId="000000000118C700" bytes="12580592" />
</allocation-stats>
<gc-op id="2565" type="copy forward" timems="1.665" contextid="2562" timestamp="2019-06-15T00:49:42.894">
  <memory-copied type="eden" objects="4" bytes="200" bytesdiscarded="0" />
  <memory-copied type="other" objects="37" bytes="992" bytesdiscarded="400" />
  <memory-cardclean objects="64" bytes="10808" />
  <regions eden="24" other="3" />
  <remembered-set-cleared processed="59561" cleared="66" durationms="0.459" />
  <references type="soft" candidates="1424" cleared="0" enqueued="0" dynamicThreshold="14" maxThreshold="32" />
  <references type="weak" candidates="96" cleared="0" enqueued="0" />
  <stringconstants candidates="13775" cleared="0"  />
</gc-op>
<gc-op id="2566" type="classunload" timems="0.004" contextid="2562" timestamp="2019-06-15T00:49:42.894">
  <classunload-info classloadercandidates="53" classloadersunloaded="0" classesunloaded="0" anonymousclassesunloaded="0" quiescems="0.000" setupms="0.004" scanms="0.000" postms="0.000" />
</gc-op>
<heap-resize id="2567" type="contract" space="default" amount="3145728" count="1" timems="0.157" reason="excess free space following gc" timestamp="2019-06-15T00:49:42.895" />
<gc-end id="2568" type="partial gc" contextid="2562" durationms="3.286" usertimems="4.000" systemtimems="0.000" timestamp="2019-06-15T00:49:42.895" activeThreads="1">
  <mem-info id="2569" free="42991616" total="70254592" percent="61">
    <mem type="eden" free="1048376" total="1048576" percent="99" />
    <remembered-set count="61664" freebytes="2683264" totalbytes="2929920" percent="91" regionsoverflowed="0" regionsstable="0" regionsrebuilding="11"/>
  </mem-info>
</gc-end>
<cycle-end id="2570" type="partial gc" contextid="2562" timestamp="2019-06-15T00:49:42.895" />
  <attribute name="elasticGC enabled" value="1" />
  <attribute name= "numThreadsSpecified" value="1" />
  <attribute name="heapSize specified" value="0" />
  <attribute name="Current GC Util" value="162" />
  <attribute name= "Current Time Running" value="19787" />
  <attribute name ="GC Interval" value="0" />
  <attribute name="ProportionalT" value="71.000000" />
  <attribute name="ProportionalI" value="71.000000" />
  <attribute name="ProportionalH" value="71.000000" />
  <attribute name="Current Error" value="142.000000" />
  <attribute name="IntegralT" value="0.000000" />
  <attribute name="IntegralI" value="0.000000" />
  <attribute name="IntegralH" value="0.000000" />
  <attribute name="DerivativeT" value="inf" />
  <attribute name="DerivativeI" value="inf" />
  <attribute name="DerivativeH" value="inf" />
  <attribute name="Loop Time for DT" value="0.000000" />
  <attribute name="Output H" value="8388608"/>
  <attribute name="Output I" value="200"/>
  <attribute name="Output T" value="1"/>
  <attribute name="Target GC Util Change" value ="20.000000" />
  <attribute name="Current GC Util Change" value="162.000000"/>
  <attribute name="GC Util currently" value="162" />
  <attribute name="CPU Util currently" value="13784290385113" />
<exclusive-end id="2571" timestamp="2019-06-15T00:49:42.895" durationms="4.314" />

<exclusive-start id="2572" timestamp="2019-06-15T00:49:42.920" intervalms="28.931">
  <response-info timems="0.058" idlems="0.058" threads="0" lastid="000000000118C700" lastname="main" />
</exclusive-start>
<allocation-taxation id="2573" taxation-threshold="11534336" timestamp="2019-06-15T00:49:42.920" intervalms="29.028" />
<gc-start id="2574" type="global mark phase" contextid="2490" timestamp="2019-06-15T00:49:42.920">
  <mem-info id="2575" free="31457280" total="70254592" percent="44">
    <remembered-set count="61376" freebytes="2684416" totalbytes="2929920" percent="91" regionsoverflowed="0" regionsstable="0" regionsrebuilding="11"/>
  </mem-info>
</gc-start>
<gc-end id="2576" type="global mark phase" contextid="2490" durationms="0.224" usertimems="0.000" systemtimems="0.000" timestamp="2019-06-15T00:49:42.920" activeThreads="1">
  <mem-info id="2577" free="31457280" total="70254592" percent="44">
    <remembered-set count="61376" freebytes="2684416" totalbytes="2929920" percent="91" regionsoverflowed="0" regionsstable="0" regionsrebuilding="11"/>
  </mem-info>
</gc-end>
<concurrent-start id="2578" type="GMP work packet processing" contextid="2490" timestamp="2019-06-15T00:49:42.921">
  <concurrent-mark-start scanTarget="1048576" />
</concurrent-start>
<exclusive-end id="2579" timestamp="2019-06-15T00:49:42.921" durationms="1.079" />

<concurrent-end id="2580" type="GMP work packet processing" contextid="2490" timestamp="2019-06-15T00:49:42.922">
  <concurrent-mark-end bytesScanned="1084804" reasonForTermination="Work target met" />
</concurrent-end>

<exclusive-start id="2581" timestamp="2019-06-15T00:49:42.942" intervalms="22.210">
  <response-info timems="0.053" idlems="0.053" threads="0" lastid="000000000118C700" lastname="main" />
</exclusive-start>
<allocation-taxation id="2582" taxation-threshold="11534336" timestamp="2019-06-15T00:49:42.942" intervalms="22.155" />
<cycle-start id="2583" type="partial gc" contextid="0" timestamp="2019-06-15T00:49:42.942" intervalms="51.190" />
<gc-start id="2584" type="partial gc" contextid="2583" timestamp="2019-06-15T00:49:42.943">
  <mem-info id="2585" free="19922944" total="70254592" percent="28">
    <mem type="eden" free="1048376" total="24117248" percent="4" />
    <remembered-set count="62432" freebytes="2680192" totalbytes="2929920" percent="91" regionsoverflowed="0" regionsstable="0" regionsrebuilding="11"/>
  </mem-info>
</gc-start>
<allocation-stats totalBytes="23056344" >
  <allocated-bytes non-tlh="0" tlh="23056344" arrayletleaf="0"/>
  <largest-consumer threadName="main" threadId="000000000118C700" bytes="11524280" />
</allocation-stats>
<gc-op id="2586" type="copy forward" timems="3.051" contextid="2583" timestamp="2019-06-15T00:49:42.947">
  <memory-copied type="eden" objects="22" bytes="1232" bytesdiscarded="488" />
  <memory-copied type="other" objects="23" bytes="672" bytesdiscarded="256" />
  <memory-cardclean objects="75" bytes="10752" />
  <regions eden="22" other="2" />
  <remembered-set-cleared processed="60054" cleared="70" durationms="0.275" />
  <references type="weak" candidates="16" cleared="0" enqueued="0" />
  <stringconstants candidates="13775" cleared="0"  />
</gc-op>
<gc-op id="2587" type="classunload" timems="0.004" contextid="2583" timestamp="2019-06-15T00:49:42.947">
  <classunload-info classloadercandidates="53" classloadersunloaded="0" classesunloaded="0" anonymousclassesunloaded="0" quiescems="0.000" setupms="0.004" scanms="0.000" postms="0.000" />
</gc-op>
<gc-end id="2588" type="partial gc" contextid="2583" durationms="4.401" usertimems="8.000" systemtimems="0.000" timestamp="2019-06-15T00:49:42.947" activeThreads="4">
  <mem-info id="2589" free="42991616" total="70254592" percent="61">
    <mem type="eden" free="1046856" total="1048576" percent="99" />
    <remembered-set count="62656" freebytes="2553728" totalbytes="2804352" percent="91" regionsoverflowed="0" regionsstable="0" regionsrebuilding="11"/>
  </mem-info>
</gc-end>
<cycle-end id="2590" type="partial gc" contextid="2583" timestamp="2019-06-15T00:49:42.947" />
  <attribute name="elasticGC enabled" value="1" />
  <attribute name= "numThreadsSpecified" value="4" />
  <attribute name="heapSize specified" value="0" />
  <attribute name="Current GC Util" value="104" />
  <attribute name= "Current Time Running" value="19839" />
  <attribute name ="GC Interval" value="0" />
  <attribute name="ProportionalT" value="42.000000" />
  <attribute name="ProportionalI" value="42.000000" />
  <attribute name="ProportionalH" value="42.000000" />
  <attribute name="Current Error" value="84.000000" />
  <attribute name="IntegralT" value="84.000000" />
  <attribute name="IntegralI" value="84.000000" />
  <attribute name="IntegralH" value="84.000000" />
  <attribute name="DerivativeT" value="42.000000" />
  <attribute name="DerivativeI" value="42.000000" />
  <attribute name="DerivativeH" value="42.000000" />
  <attribute name="Loop Time for DT" value="1.000000" />
  <attribute name="Output H" value="8388608"/>
  <attribute name="Output I" value="200"/>
  <attribute name="Output T" value="4"/>
  <attribute name="Target GC Util Change" value ="20.000000" />
  <attribute name="Current GC Util Change" value="104.000000"/>
  <attribute name="GC Util currently" value="104" />
  <attribute name="CPU Util currently" value="8638445527215" />
<exclusive-end id="2591" timestamp="2019-06-15T00:49:42.947" durationms="5.438" />

<exclusive-start id="2592" timestamp="2019-06-15T00:49:42.956" intervalms="13.825">
  <response-info timems="0.064" idlems="0.064" threads="0" lastid="000000000118C700" lastname="main" />
</exclusive-start>
<allocation-taxation id="2593" taxation-threshold="11534336" timestamp="2019-06-15T00:49:42.956" intervalms="13.831" />
<gc-start id="2594" type="global mark phase" contextid="2490" timestamp="2019-06-15T00:49:42.956">
  <mem-info id="2595" free="31457280" total="70254592" percent="44">
    <remembered-set count="62656" freebytes="2553728" totalbytes="2804352" percent="91" regionsoverflowed="0" regionsstable="0" regionsrebuilding="11"/>
  </mem-info>
</gc-start>
<gc-end id="2596" type="global mark phase" contextid="2490" durationms="0.153" usertimems="0.000" systemtimems="0.000" timestamp="2019-06-15T00:49:42.956" activeThreads="4">
  <mem-info id="2597" free="31457280" total="70254592" percent="44">
    <remembered-set count="62656" freebytes="2553728" totalbytes="2804352" percent="91" regionsoverflowed="0" regionsstable="0" regionsrebuilding="11"/>
  </mem-info>
</gc-end>
<concurrent-start id="2598" type="GMP work packet processing" contextid="2490" timestamp="2019-06-15T00:49:42.956">
  <concurrent-mark-start scanTarget="1630283" />
</concurrent-start>
<exclusive-end id="2599" timestamp="2019-06-15T00:49:42.957" durationms="0.930" />

<concurrent-end id="2600" type="GMP work packet processing" contextid="2490" timestamp="2019-06-15T00:49:42.958">
  <concurrent-mark-end bytesScanned="1670000" reasonForTermination="Work target met" />
</concurrent-end>

<exclusive-start id="2601" timestamp="2019-06-15T00:49:42.965" intervalms="9.580">
  <response-info timems="0.077" idlems="0.077" threads="0" lastid="000000000118C700" lastname="main" />
</exclusive-start>
<allocation-taxation id="2602" taxation-threshold="11534336" timestamp="2019-06-15T00:49:42.966" intervalms="9.578" />
<cycle-start id="2603" type="partial gc" contextid="0" timestamp="2019-06-15T00:49:42.966" intervalms="23.381" />
<gc-start id="2604" type="partial gc" contextid="2603" timestamp="2019-06-15T00:49:42.966">
  <mem-info id="2605" free="19922944" total="70254592" percent="28">
    <mem type="eden" free="0" total="23068672" percent="0" />
    <remembered-set count="62656" freebytes="2553728" totalbytes="2804352" percent="91" regionsoverflowed="0" regionsstable="0" regionsrebuilding="11"/>
  </mem-info>
</gc-start>
<allocation-stats totalBytes="23034952" >
  <allocated-bytes non-tlh="0" tlh="23034952" arrayletleaf="0"/>
  <largest-consumer threadName="main" threadId="000000000118C700" bytes="11518440" />
</allocation-stats>
<gc-op id="2606" type="copy forward" timems="3.061" contextid="2603" timestamp="2019-06-15T00:49:42.970">
  <memory-copied type="eden" objects="2" bytes="40" bytesdiscarded="752" />
  <memory-copied type="other" objects="1307" bytes="97248" bytesdiscarded="2192" />
  <memory-cardclean objects="162" bytes="19040" />
  <regions eden="22" other="2" />
  <remembered-set-cleared processed="60476" cleared="232" durationms="0.275" />
  <references type="soft" candidates="9" cleared="0" enqueued="0" dynamicThreshold="14" maxThreshold="32" />
  <references type="weak" candidates="52" cleared="0" enqueued="0" />
  <stringconstants candidates="13775" cleared="0"  />
</gc-op>
<gc-op id="2607" type="classunload" timems="0.004" contextid="2603" timestamp="2019-06-15T00:49:42.970">
  <classunload-info classloadercandidates="53" classloadersunloaded="0" classesunloaded="0" anonymousclassesunloaded="0" quiescems="0.000" setupms="0.004" scanms="0.000" postms="0.000" />
</gc-op>
<heap-resize id="2608" type="expand" space="default" amount="1048576" count="1" timems="0.055" reason="excessive time being spent in gc" timestamp="2019-06-15T00:49:42.970" />
<gc-end id="2609" type="partial gc" contextid="2603" durationms="4.426" usertimems="8.000" systemtimems="0.000" timestamp="2019-06-15T00:49:42.970" activeThreads="4">
  <mem-info id="2610" free="42991616" total="71303168" percent="60">
    <mem type="eden" free="1047784" total="1048576" percent="99" />
    <remembered-set count="62944" freebytes="2594432" totalbytes="2846208" percent="91" regionsoverflowed="0" regionsstable="0" regionsrebuilding="11"/>
  </mem-info>
</gc-end>
<cycle-end id="2611" type="partial gc" contextid="2603" timestamp="2019-06-15T00:49:42.971" />
  <attribute name="elasticGC enabled" value="1" />
  <attribute name= "numThreadsSpecified" value="4" />
  <attribute name="heapSize specified" value="0" />
  <attribute name="Current GC Util" value="166" />
  <attribute name= "Current Time Running" value="19862" />
  <attribute name ="GC Interval" value="0" />
  <attribute name="ProportionalT" value="73.000000" />
  <attribute name="ProportionalI" value="73.000000" />
  <attribute name="ProportionalH" value="73.000000" />
  <attribute name="Current Error" value="146.000000" />
  <attribute name="IntegralT" value="146.000000" />
  <attribute name="IntegralI" value="146.000000" />
  <attribute name="IntegralH" value="146.000000" />
  <attribute name="DerivativeT" value="64.500000" />
  <attribute name="DerivativeI" value="64.500000" />
  <attribute name="DerivativeH" value="64.500000" />
  <attribute name="Loop Time for DT" value="1.000000" />
  <attribute name="Output H" value="8388608"/>
  <attribute name="Output I" value="288"/>
  <attribute name="Output T" value="4"/>
  <attribute name="Target GC Util Change" value ="20.000000" />
  <attribute name="Current GC Util Change" value="166.000000"/>
  <attribute name="GC Util currently" value="166" />
  <attribute name="CPU Util currently" value="12439104320992" />
<exclusive-end id="2612" timestamp="2019-06-15T00:49:42.971" durationms="5.512" />

<exclusive-start id="2613" timestamp="2019-06-15T00:49:42.979" intervalms="13.736">
  <response-info timems="0.064" idlems="0.064" threads="0" lastid="000000000118C700" lastname="main" />
</exclusive-start>
<allocation-taxation id="2614" taxation-threshold="11534336" timestamp="2019-06-15T00:49:42.979" intervalms="13.763" />
<gc-start id="2615" type="global mark phase" contextid="2490" timestamp="2019-06-15T00:49:42.979">
  <mem-info id="2616" free="31457280" total="71303168" percent="44">
    <remembered-set count="62944" freebytes="2594432" totalbytes="2846208" percent="91" regionsoverflowed="0" regionsstable="0" regionsrebuilding="11"/>
  </mem-info>
</gc-start>
<gc-end id="2617" type="global mark phase" contextid="2490" durationms="0.134" usertimems="0.000" systemtimems="0.000" timestamp="2019-06-15T00:49:42.980" activeThreads="4">
  <mem-info id="2618" free="31457280" total="71303168" percent="44">
    <remembered-set count="62944" freebytes="2594432" totalbytes="2846208" percent="91" regionsoverflowed="0" regionsstable="0" regionsrebuilding="11"/>
  </mem-info>
</gc-end>
<concurrent-start id="2619" type="GMP work packet processing" contextid="2490" timestamp="2019-06-15T00:49:42.980">
  <concurrent-mark-start scanTarget="1630283" />
</concurrent-start>
<exclusive-end id="2620" timestamp="2019-06-15T00:49:42.980" durationms="0.813" />

<exclusive-start id="2621" timestamp="2019-06-15T00:49:42.987" intervalms="8.341">
  <response-info timems="0.139" idlems="0.139" threads="0" lastid="000000000118C700" lastname="main" />
</exclusive-start>
<concurrent-end id="2622" type="GMP work packet processing" contextid="2490" timestamp="2019-06-15T00:49:42.987">
  <concurrent-mark-end bytesScanned="1682192" reasonForTermination="Work target met" />
</concurrent-end>

<allocation-taxation id="2623" taxation-threshold="11534336" timestamp="2019-06-15T00:49:42.988" intervalms="8.383" />
<cycle-start id="2624" type="partial gc" contextid="0" timestamp="2019-06-15T00:49:42.988" intervalms="22.423" />
<gc-start id="2625" type="partial gc" contextid="2624" timestamp="2019-06-15T00:49:42.988">
  <mem-info id="2626" free="19922944" total="71303168" percent="27">
    <mem type="eden" free="1047784" total="24117248" percent="4" />
    <remembered-set count="63456" freebytes="2592384" totalbytes="2846208" percent="91" regionsoverflowed="0" regionsstable="0" regionsrebuilding="11"/>
  </mem-info>
</gc-start>
<allocation-stats totalBytes="23036144" >
  <allocated-bytes non-tlh="0" tlh="23036144" arrayletleaf="0"/>
  <largest-consumer threadName="main" threadId="000000000118C700" bytes="11518440" />
</allocation-stats>
<gc-op id="2627" type="copy forward" timems="1.566" contextid="2624" timestamp="2019-06-15T00:49:42.991">
  <memory-copied type="eden" objects="2" bytes="40" bytesdiscarded="0" />
  <memory-copied type="other" objects="0" bytes="0" bytesdiscarded="0" />
  <memory-cardclean objects="1" bytes="24" />
  <regions eden="22" other="1" />
  <remembered-set-cleared processed="61309" cleared="2" durationms="0.425" />
  <stringconstants candidates="13775" cleared="0"  />
</gc-op>
<gc-op id="2628" type="classunload" timems="0.003" contextid="2624" timestamp="2019-06-15T00:49:42.991">
  <classunload-info classloadercandidates="53" classloadersunloaded="0" classesunloaded="0" anonymousclassesunloaded="0" quiescems="0.000" setupms="0.003" scanms="0.000" postms="0.000" />
</gc-op>
<gc-end id="2629" type="partial gc" contextid="2624" durationms="2.789" usertimems="4.000" systemtimems="0.000" timestamp="2019-06-15T00:49:42.991" activeThreads="1">
  <mem-info id="2630" free="42991616" total="71303168" percent="60">
    <mem type="eden" free="1048536" total="1048576" percent="99" />
    <remembered-set count="63904" freebytes="2590592" totalbytes="2846208" percent="91" regionsoverflowed="0" regionsstable="0" regionsrebuilding="11"/>
  </mem-info>
</gc-end>
<cycle-end id="2631" type="partial gc" contextid="2624" timestamp="2019-06-15T00:49:42.991" />
  <attribute name="elasticGC enabled" value="1" />
  <attribute name= "numThreadsSpecified" value="1" />
  <attribute name="heapSize specified" value="0" />
  <attribute name="Current GC Util" value="158" />
  <attribute name= "Current Time Running" value="19884" />
  <attribute name ="GC Interval" value="0" />
  <attribute name="ProportionalT" value="69.000000" />
  <attribute name="ProportionalI" value="69.000000" />
  <attribute name="ProportionalH" value="69.000000" />
  <attribute name="Current Error" value="138.000000" />
  <attribute name="IntegralT" value="0.000000" />
  <attribute name="IntegralI" value="0.000000" />
  <attribute name="IntegralH" value="0.000000" />
  <attribute name="DerivativeT" value="inf" />
  <attribute name="DerivativeI" value="inf" />
  <attribute name="DerivativeH" value="inf" />
  <attribute name="Loop Time for DT" value="0.000000" />
  <attribute name="Output H" value="8388608"/>
  <attribute name="Output I" value="200"/>
  <attribute name="Output T" value="1"/>
  <attribute name="Target GC Util Change" value ="20.000000" />
  <attribute name="Current GC Util Change" value="158.000000"/>
  <attribute name="GC Util currently" value="158" />
  <attribute name="CPU Util currently" value="12946137298940" />
<exclusive-end id="2632" timestamp="2019-06-15T00:49:42.992" durationms="4.177" />

<exclusive-start id="2633" timestamp="2019-06-15T00:49:42.999" intervalms="11.306">
  <response-info timems="0.085" idlems="0.085" threads="0" lastid="000000000118C700" lastname="main" />
</exclusive-start>
<allocation-taxation id="2634" taxation-threshold="11534336" timestamp="2019-06-15T00:49:42.999" intervalms="11.286" />
<gc-start id="2635" type="global mark phase" contextid="2490" timestamp="2019-06-15T00:49:42.999">
  <mem-info id="2636" free="31457280" total="71303168" percent="44">
    <remembered-set count="63424" freebytes="2592512" totalbytes="2846208" percent="91" regionsoverflowed="0" regionsstable="0" regionsrebuilding="11"/>
  </mem-info>
</gc-start>
<gc-end id="2637" type="global mark phase" contextid="2490" durationms="0.149" usertimems="0.000" systemtimems="0.000" timestamp="2019-06-15T00:49:42.999" activeThreads="1">
  <mem-info id="2638" free="31457280" total="71303168" percent="44">
    <remembered-set count="63424" freebytes="2592512" totalbytes="2846208" percent="91" regionsoverflowed="0" regionsstable="0" regionsrebuilding="11"/>
  </mem-info>
</gc-end>
<concurrent-start id="2639" type="GMP work packet processing" contextid="2490" timestamp="2019-06-15T00:49:42.999">
  <concurrent-mark-start scanTarget="1048576" />
</concurrent-start>
<exclusive-end id="2640" timestamp="2019-06-15T00:49:42.999" durationms="0.743" />

<concurrent-end id="2641" type="GMP work packet processing" contextid="2490" timestamp="2019-06-15T00:49:43.000">
  <concurrent-mark-end bytesScanned="1084192" reasonForTermination="Work target met" />
</concurrent-end>

<exclusive-start id="2642" timestamp="2019-06-15T00:49:43.006" intervalms="7.730">
  <response-info timems="0.080" idlems="0.080" threads="0" lastid="000000000118C700" lastname="main" />
</exclusive-start>
<allocation-taxation id="2643" taxation-threshold="11534336" timestamp="2019-06-15T00:49:43.007" intervalms="7.653" />
<cycle-start id="2644" type="partial gc" contextid="0" timestamp="2019-06-15T00:49:43.007" intervalms="18.594" />
<gc-start id="2645" type="partial gc" contextid="2644" timestamp="2019-06-15T00:49:43.007">
  <mem-info id="2646" free="19922944" total="71303168" percent="27">
    <mem type="eden" free="1048536" total="24117248" percent="4" />
    <remembered-set count="64448" freebytes="2588416" totalbytes="2846208" percent="90" regionsoverflowed="0" regionsstable="0" regionsrebuilding="11"/>
  </mem-info>
</gc-start>
<allocation-stats totalBytes="23036832" >
  <allocated-bytes non-tlh="0" tlh="23036832" arrayletleaf="0"/>
  <largest-consumer threadName="main" threadId="000000000118C700" bytes="11518416" />
</allocation-stats>
<gc-op id="2647" type="copy forward" timems="3.120" contextid="2644" timestamp="2019-06-15T00:49:43.011">
  <memory-copied type="eden" objects="2" bytes="40" bytesdiscarded="0" />
  <memory-copied type="other" objects="0" bytes="0" bytesdiscarded="0" />
  <memory-cardclean objects="1" bytes="24" />
  <regions eden="22" other="1" />
  <remembered-set-cleared processed="62244" cleared="2" durationms="0.295" />
  <stringconstants candidates="13775" cleared="0"  />
</gc-op>
<gc-op id="2648" type="classunload" timems="0.004" contextid="2644" timestamp="2019-06-15T00:49:43.011">
  <classunload-info classloadercandidates="53" classloadersunloaded="0" classesunloaded="0" anonymousclassesunloaded="0" quiescems="0.000" setupms="0.004" scanms="0.000" postms="0.000" />
</gc-op>
<gc-end id="2649" type="partial gc" contextid="2644" durationms="4.212" usertimems="8.000" systemtimems="0.000" timestamp="2019-06-15T00:49:43.011" activeThreads="4">
  <mem-info id="2650" free="42991616" total="71303168" percent="60">
    <mem type="eden" free="1048536" total="1048576" percent="99" />
    <remembered-set count="64352" freebytes="2588800" totalbytes="2846208" percent="90" regionsoverflowed="0" regionsstable="0" regionsrebuilding="11"/>
  </mem-info>
</gc-end>
<cycle-end id="2651" type="partial gc" contextid="2644" timestamp="2019-06-15T00:49:43.011" />
  <attribute name="elasticGC enabled" value="1" />
  <attribute name= "numThreadsSpecified" value="4" />
  <attribute name="heapSize specified" value="0" />
  <attribute name="Current GC Util" value="143" />
  <attribute name= "Current Time Running" value="19903" />
  <attribute name ="GC Interval" value="0" />
  <attribute name="ProportionalT" value="61.500000" />
  <attribute name="ProportionalI" value="61.500000" />
  <attribute name="ProportionalH" value="61.500000" />
  <attribute name="Current Error" value="123.000000" />
  <attribute name="IntegralT" value="123.000000" />
  <attribute name="IntegralI" value="123.000000" />
  <attribute name="IntegralH" value="123.000000" />
  <attribute name="DerivativeT" value="52.500000" />
  <attribute name="DerivativeI" value="52.500000" />
  <attribute name="DerivativeH" value="52.500000" />
  <attribute name="Loop Time for DT" value="1.000000" />
  <attribute name="Output H" value="8388608"/>
  <attribute name="Output I" value="240"/>
  <attribute name="Output T" value="4"/>
  <attribute name="Target GC Util Change" value ="20.000000" />
  <attribute name="Current GC Util Change" value="143.000000"/>
  <attribute name="GC Util currently" value="143" />
  <attribute name="CPU Util currently" value="11769098588527" />
<exclusive-end id="2652" timestamp="2019-06-15T00:49:43.012" durationms="5.126" />

<exclusive-start id="2653" timestamp="2019-06-15T00:49:43.019" intervalms="12.192">
  <response-info timems="0.087" idlems="0.087" threads="0" lastid="000000000118C700" lastname="main" />
</exclusive-start>
<allocation-taxation id="2654" taxation-threshold="11534336" timestamp="2019-06-15T00:49:43.019" intervalms="12.206" />
<gc-start id="2655" type="global mark phase" contextid="2490" timestamp="2019-06-15T00:49:43.019">
  <mem-info id="2656" free="31457280" total="71303168" percent="44">
    <remembered-set count="64352" freebytes="2588800" totalbytes="2846208" percent="90" regionsoverflowed="0" regionsstable="0" regionsrebuilding="11"/>
  </mem-info>
</gc-start>
<gc-end id="2657" type="global mark phase" contextid="2490" durationms="0.139" usertimems="0.000" systemtimems="0.000" timestamp="2019-06-15T00:49:43.019" activeThreads="4">
  <mem-info id="2658" free="31457280" total="71303168" percent="44">
    <remembered-set count="64352" freebytes="2588800" totalbytes="2846208" percent="90" regionsoverflowed="0" regionsstable="0" regionsrebuilding="11"/>
  </mem-info>
</gc-end>
<concurrent-start id="2659" type="GMP work packet processing" contextid="2490" timestamp="2019-06-15T00:49:43.019">
  <concurrent-mark-start scanTarget="1630283" />
</concurrent-start>
<exclusive-end id="2660" timestamp="2019-06-15T00:49:43.019" durationms="0.769" />

<concurrent-end id="2661" type="GMP work packet processing" contextid="2490" timestamp="2019-06-15T00:49:43.021">
  <concurrent-mark-end bytesScanned="1696492" reasonForTermination="Work target met" />
</concurrent-end>

<exclusive-start id="2662" timestamp="2019-06-15T00:49:43.027" intervalms="7.898">
  <response-info timems="0.092" idlems="0.092" threads="0" lastid="000000000118C700" lastname="main" />
</exclusive-start>
<allocation-taxation id="2663" taxation-threshold="11534336" timestamp="2019-06-15T00:49:43.027" intervalms="7.902" />
<cycle-start id="2664" type="partial gc" contextid="0" timestamp="2019-06-15T00:49:43.027" intervalms="20.071" />
<gc-start id="2665" type="partial gc" contextid="2664" timestamp="2019-06-15T00:49:43.027">
  <mem-info id="2666" free="19922944" total="71303168" percent="27">
    <mem type="eden" free="1048536" total="24117248" percent="4" />
    <remembered-set count="67456" freebytes="2576384" totalbytes="2846208" percent="90" regionsoverflowed="0" regionsstable="0" regionsrebuilding="11"/>
  </mem-info>
</gc-start>
<allocation-stats totalBytes="23036856" >
  <allocated-bytes non-tlh="0" tlh="23036856" arrayletleaf="0"/>
  <largest-consumer threadName="main" threadId="000000000118C700" bytes="11518416" />
</allocation-stats>
<gc-op id="2667" type="copy forward" timems="2.752" contextid="2664" timestamp="2019-06-15T00:49:43.031">
  <memory-copied type="eden" objects="2" bytes="40" bytesdiscarded="0" />
  <memory-copied type="other" objects="0" bytes="0" bytesdiscarded="0" />
  <memory-cardclean objects="1" bytes="24" />
  <regions eden="22" other="1" />
  <remembered-set-cleared processed="65166" cleared="2" durationms="0.243" />
  <stringconstants candidates="13775" cleared="0"  />
</gc-op>
<gc-op id="2668" type="classunload" timems="0.004" contextid="2664" timestamp="2019-06-15T00:49:43.031">
  <classunload-info classloadercandidates="53" classloadersunloaded="0" classesunloaded="0" anonymousclassesunloaded="0" quiescems="0.000" setupms="0.004" scanms="0.000" postms="0.000" />
</gc-op>
<gc-end id="2669" type="partial gc" contextid="2664" durationms="3.870" usertimems="8.000" systemtimems="0.000" timestamp="2019-06-15T00:49:43.031" activeThreads="4">
  <mem-info id="2670" free="42991616" total="71303168" percent="60">
    <mem type="eden" free="1048536" total="1048576" percent="99" />
    <remembered-set count="67264" freebytes="2577152" totalbytes="2846208" percent="90" regionsoverflowed="0" regionsstable="0" regionsrebuilding="11"/>
  </mem-info>
</gc-end>
<cycle-end id="2671" type="partial gc" contextid="2664" timestamp="2019-06-15T00:49:43.031" />
  <attribute name="elasticGC enabled" value="1" />
  <attribute name= "numThreadsSpecified" value="4" />
  <attribute name="heapSize specified" value="0" />
  <attribute name="Current GC Util" value="177" />
  <attribute name= "Current Time Running" value="19923" />
  <attribute name ="GC Interval" value="0" />
  <attribute name="ProportionalT" value="78.500000" />
  <attribute name="ProportionalI" value="78.500000" />
  <attribute name="ProportionalH" value="78.500000" />
  <attribute name="Current Error" value="157.000000" />
  <attribute name="IntegralT" value="157.000000" />
  <attribute name="IntegralI" value="157.000000" />
  <attribute name="IntegralH" value="157.000000" />
  <attribute name="DerivativeT" value="64.000000" />
  <attribute name="DerivativeI" value="64.000000" />
  <attribute name="DerivativeH" value="64.000000" />
  <attribute name="Loop Time for DT" value="1.000000" />
  <attribute name="Output H" value="8388608"/>
  <attribute name="Output I" value="304"/>
  <attribute name="Output T" value="4"/>
  <attribute name="Target GC Util Change" value ="20.000000" />
  <attribute name="Current GC Util Change" value="177.000000"/>
  <attribute name="GC Util currently" value="177" />
  <attribute name="CPU Util currently" value="11823774723548" />
<exclusive-end id="2672" timestamp="2019-06-15T00:49:43.031" durationms="4.789" />

<exclusive-start id="2673" timestamp="2019-06-15T00:49:43.039" intervalms="12.064">
  <response-info timems="0.136" idlems="0.136" threads="0" lastid="000000000118C700" lastname="main" />
</exclusive-start>
<allocation-taxation id="2674" taxation-threshold="11534336" timestamp="2019-06-15T00:49:43.039" intervalms="12.112" />
<gc-start id="2675" type="global mark phase" contextid="2490" timestamp="2019-06-15T00:49:43.039">
  <mem-info id="2676" free="31457280" total="71303168" percent="44">
    <remembered-set count="66784" freebytes="2579072" totalbytes="2846208" percent="90" regionsoverflowed="0" regionsstable="0" regionsrebuilding="11"/>
  </mem-info>
</gc-start>
<gc-end id="2677" type="global mark phase" contextid="2490" durationms="0.162" usertimems="0.000" systemtimems="0.000" timestamp="2019-06-15T00:49:43.039" activeThreads="4">
  <mem-info id="2678" free="31457280" total="71303168" percent="44">
    <remembered-set count="66784" freebytes="2579072" totalbytes="2846208" percent="90" regionsoverflowed="0" regionsstable="0" regionsrebuilding="11"/>
  </mem-info>
</gc-end>
<concurrent-start id="2679" type="GMP work packet processing" contextid="2490" timestamp="2019-06-15T00:49:43.039">
  <concurrent-mark-start scanTarget="1630283" />
</concurrent-start>
<exclusive-end id="2680" timestamp="2019-06-15T00:49:43.039" durationms="0.803" />

<concurrent-end id="2681" type="GMP work packet processing" contextid="2490" timestamp="2019-06-15T00:49:43.040">
  <concurrent-mark-end bytesScanned="731200" reasonForTermination="Completed all work in GC phase" />
</concurrent-end>

<exclusive-start id="2682" timestamp="2019-06-15T00:49:43.047" intervalms="7.925">
  <response-info timems="0.094" idlems="0.094" threads="0" lastid="000000000118C700" lastname="main" />
</exclusive-start>
<allocation-taxation id="2683" taxation-threshold="11534336" timestamp="2019-06-15T00:49:43.047" intervalms="7.881" />
<cycle-start id="2684" type="partial gc" contextid="0" timestamp="2019-06-15T00:49:43.047" intervalms="20.103" />
<gc-start id="2685" type="partial gc" contextid="2684" timestamp="2019-06-15T00:49:43.047">
  <mem-info id="2686" free="19922944" total="71303168" percent="27">
    <mem type="eden" free="1048536" total="24117248" percent="4" />
    <remembered-set count="69856" freebytes="2566784" totalbytes="2846208" percent="90" regionsoverflowed="0" regionsstable="0" regionsrebuilding="11"/>
  </mem-info>
</gc-start>
<allocation-stats totalBytes="23036856" >
  <allocated-bytes non-tlh="0" tlh="23036856" arrayletleaf="0"/>
  <largest-consumer threadName="main" threadId="000000000118C700" bytes="11518416" />
</allocation-stats>
<gc-op id="2687" type="copy forward" timems="1.530" contextid="2684" timestamp="2019-06-15T00:49:43.050">
  <memory-copied type="eden" objects="2" bytes="40" bytesdiscarded="0" />
  <memory-copied type="other" objects="0" bytes="0" bytesdiscarded="0" />
  <memory-cardclean objects="1" bytes="24" />
  <regions eden="22" other="1" />
  <remembered-set-cleared processed="67166" cleared="2" durationms="0.486" />
  <stringconstants candidates="13775" cleared="0"  />
</gc-op>
<gc-op id="2688" type="classunload" timems="0.004" contextid="2684" timestamp="2019-06-15T00:49:43.050">
  <classunload-info classloadercandidates="53" classloadersunloaded="0" classesunloaded="0" anonymousclassesunloaded="0" quiescems="0.000" setupms="0.004" scanms="0.000" postms="0.000" />
</gc-op>
<gc-end id="2689" type="partial gc" contextid="2684" durationms="2.841" usertimems="4.000" systemtimems="0.000" timestamp="2019-06-15T00:49:43.050" activeThreads="1">
  <mem-info id="2690" free="42991616" total="71303168" percent="60">
    <mem type="eden" free="1048536" total="1048576" percent="99" />
    <remembered-set count="70336" freebytes="2564864" totalbytes="2846208" percent="90" regionsoverflowed="0" regionsstable="0" regionsrebuilding="11"/>
  </mem-info>
</gc-end>
<cycle-end id="2691" type="partial gc" contextid="2684" timestamp="2019-06-15T00:49:43.050" />
  <attribute name="elasticGC enabled" value="1" />
  <attribute name= "numThreadsSpecified" value="1" />
  <attribute name="heapSize specified" value="0" />
  <attribute name="Current GC Util" value="168" />
  <attribute name= "Current Time Running" value="19943" />
  <attribute name ="GC Interval" value="0" />
  <attribute name="ProportionalT" value="74.000000" />
  <attribute name="ProportionalI" value="74.000000" />
  <attribute name="ProportionalH" value="74.000000" />
  <attribute name="Current Error" value="148.000000" />
  <attribute name="IntegralT" value="0.000000" />
  <attribute name="IntegralI" value="0.000000" />
  <attribute name="IntegralH" value="0.000000" />
  <attribute name="DerivativeT" value="inf" />
  <attribute name="DerivativeI" value="inf" />
  <attribute name="DerivativeH" value="inf" />
  <attribute name="Loop Time for DT" value="0.000000" />
  <attribute name="Output H" value="8388608"/>
  <attribute name="Output I" value="200"/>
  <attribute name="Output T" value="1"/>
  <attribute name="Target GC Util Change" value ="20.000000" />
  <attribute name="Current GC Util Change" value="168.000000"/>
  <attribute name="GC Util currently" value="168" />
  <attribute name="CPU Util currently" value="11701579197327" />
<exclusive-end id="2692" timestamp="2019-06-15T00:49:43.050" durationms="3.903" />

<exclusive-start id="2693" timestamp="2019-06-15T00:49:43.058" intervalms="11.108">
  <response-info timems="0.057" idlems="0.057" threads="0" lastid="000000000118C700" lastname="main" />
</exclusive-start>
<allocation-taxation id="2694" taxation-threshold="11534336" timestamp="2019-06-15T00:49:43.058" intervalms="11.161" />
<gc-start id="2695" type="global mark phase" contextid="2490" timestamp="2019-06-15T00:49:43.058">
  <mem-info id="2696" free="31457280" total="71303168" percent="44">
    <remembered-set count="69856" freebytes="2566784" totalbytes="2846208" percent="90" regionsoverflowed="0" regionsstable="0" regionsrebuilding="11"/>
  </mem-info>
</gc-start>
<gc-op id="2697" type="mark increment" timems="3.022" contextid="2490" timestamp="2019-06-15T00:49:43.061">
  <trace-info objectcount="24" scancount="23" scanbytes="668" />
  <cardclean-info objects="2108" bytes="77212" />
  <finalization candidates="80" enqueued="0" />
  <ownableSynchronizers candidates="21" cleared="0" />
  <references type="soft" candidates="3547" cleared="0" enqueued="0" dynamicThreshold="19" maxThreshold="32" />
  <references type="weak" candidates="5653" cleared="0" enqueued="0" />
  <references type="phantom" candidates="101" cleared="0" enqueued="0" />
  <stringconstants candidates="13775" cleared="93"  />
</gc-op>
<gc-op id="2698" type="classunload" timems="0.005" contextid="2490" timestamp="2019-06-15T00:49:43.061">
  <classunload-info classloadercandidates="53" classloadersunloaded="0" classesunloaded="0" anonymousclassesunloaded="0" quiescems="0.000" setupms="0.005" scanms="0.000" postms="0.000" />
</gc-op>
<gc-end id="2699" type="global mark phase" contextid="2490" durationms="3.390" usertimems="8.000" systemtimems="0.000" timestamp="2019-06-15T00:49:43.061" activeThreads="4">
  <mem-info id="2700" free="31457280" total="71303168" percent="44">
    <remembered-set count="69856" freebytes="2566784" totalbytes="2846208" percent="90" regionsoverflowed="0" regionsstable="0" regionsrebuilding="0"/>
  </mem-info>
</gc-end>
<cycle-end id="2701" type="global mark phase" contextid="2490" timestamp="2019-06-15T00:49:43.062" />
  <attribute name="elasticGC enabled" value="1" />
  <attribute name= "numThreadsSpecified" value="4" />
  <attribute name="heapSize specified" value="0" />
  <attribute name="Current GC Util" value="211" />
  <attribute name= "Current Time Running" value="19954" />
  <attribute name ="GC Interval" value="0" />
  <attribute name="ProportionalT" value="95.500000" />
  <attribute name="ProportionalI" value="95.500000" />
  <attribute name="ProportionalH" value="95.500000" />
  <attribute name="Current Error" value="191.000000" />
  <attribute name="IntegralT" value="0.000000" />
  <attribute name="IntegralI" value="0.000000" />
  <attribute name="IntegralH" value="0.000000" />
  <attribute name="DerivativeT" value="-inf" />
  <attribute name="DerivativeI" value="-inf" />
  <attribute name="DerivativeH" value="-inf" />
  <attribute name="Loop Time for DT" value="0.000000" />
  <attribute name="Output H" value="2091843584"/>
  <attribute name="Output I" value="200"/>
  <attribute name="Output T" value="4"/>
  <attribute name="Target GC Util Change" value ="20.000000" />
  <attribute name="Current GC Util Change" value="211.000000"/>
  <attribute name="GC Util currently" value="211" />
  <attribute name="CPU Util currently" value="10519932601072" />
<exclusive-end id="2702" timestamp="2019-06-15T00:49:43.062" durationms="4.020" />

<exclusive-start id="2703" timestamp="2019-06-15T00:49:43.069" intervalms="11.103">
  <response-info timems="0.071" idlems="0.071" threads="0" lastid="000000000118C700" lastname="main" />
</exclusive-start>
<allocation-taxation id="2704" taxation-threshold="11534336" timestamp="2019-06-15T00:49:43.069" intervalms="11.014" />
<cycle-start id="2705" type="partial gc" contextid="0" timestamp="2019-06-15T00:49:43.069" intervalms="22.113" />
<gc-start id="2706" type="partial gc" contextid="2705" timestamp="2019-06-15T00:49:43.069">
  <mem-info id="2707" free="19922944" total="71303168" percent="27">
    <mem type="eden" free="1048536" total="24117248" percent="4" />
    <remembered-set count="59520" freebytes="2608128" totalbytes="2846208" percent="91" regionsoverflowed="0" regionsstable="7" regionsrebuilding="0"/>
  </mem-info>
</gc-start>
<allocation-stats totalBytes="23036856" >
  <allocated-bytes non-tlh="0" tlh="23036856" arrayletleaf="0"/>
  <largest-consumer threadName="main" threadId="000000000118C700" bytes="11518440" />
</allocation-stats>
<gc-op id="2708" type="sweep" timems="1.029" contextid="2705" timestamp="2019-06-15T00:49:43.071" />
<gc-op id="2709" type="copy forward" timems="1.389" contextid="2705" timestamp="2019-06-15T00:49:43.073">
  <memory-copied type="eden" objects="2" bytes="40" bytesdiscarded="0" />
  <memory-copied type="other" objects="0" bytes="0" bytesdiscarded="0" />
  <memory-cardclean objects="1" bytes="24" />
  <regions eden="11" other="1" />
  <remembered-set-cleared processed="57610" cleared="2" durationms="0.451" />
  <stringconstants candidates="13682" cleared="0"  />
</gc-op>
<gc-op id="2710" type="classunload" timems="0.004" contextid="2705" timestamp="2019-06-15T00:49:43.073">
  <classunload-info classloadercandidates="53" classloadersunloaded="0" classesunloaded="0" anonymousclassesunloaded="0" quiescems="0.000" setupms="0.004" scanms="0.000" postms="0.000" />
</gc-op>
<gc-end id="2711" type="partial gc" contextid="2705" durationms="3.895" usertimems="8.000" systemtimems="0.000" timestamp="2019-06-15T00:49:43.073" activeThreads="1">
  <mem-info id="2712" free="42991616" total="71303168" percent="60">
    <mem type="eden" free="1048536" total="1048576" percent="99" />
    <remembered-set count="60000" freebytes="2606208" totalbytes="2846208" percent="91" regionsoverflowed="0" regionsstable="7" regionsrebuilding="0"/>
  </mem-info>
</gc-end>
<cycle-end id="2713" type="partial gc" contextid="2705" timestamp="2019-06-15T00:49:43.073" />
  <attribute name="elasticGC enabled" value="1" />
  <attribute name= "numThreadsSpecified" value="1" />
  <attribute name="heapSize specified" value="0" />
  <attribute name="Current GC Util" value="164" />
  <attribute name= "Current Time Running" value="19966" />
  <attribute name ="GC Interval" value="0" />
  <attribute name="ProportionalT" value="72.000000" />
  <attribute name="ProportionalI" value="72.000000" />
  <attribute name="ProportionalH" value="72.000000" />
  <attribute name="Current Error" value="144.000000" />
  <attribute name="IntegralT" value="0.000000" />
  <attribute name="IntegralI" value="0.000000" />
  <attribute name="IntegralH" value="0.000000" />
  <attribute name="DerivativeT" value="inf" />
  <attribute name="DerivativeI" value="inf" />
  <attribute name="DerivativeH" value="inf" />
  <attribute name="Loop Time for DT" value="0.000000" />
  <attribute name="Output H" value="8388608"/>
  <attribute name="Output I" value="200"/>
  <attribute name="Output T" value="1"/>
  <attribute name="Target GC Util Change" value ="20.000000" />
  <attribute name="Current GC Util Change" value="164.000000"/>
  <attribute name="GC Util currently" value="164" />
  <attribute name="CPU Util currently" value="14193515146281" />
<exclusive-end id="2714" timestamp="2019-06-15T00:49:43.074" durationms="4.788" />

<exclusive-start id="2715" timestamp="2019-06-15T00:49:43.088" intervalms="19.438">
  <response-info timems="0.081" idlems="0.081" threads="0" lastid="000000000118C700" lastname="main" />
</exclusive-start>
<allocation-taxation id="2716" taxation-threshold="24117248" timestamp="2019-06-15T00:49:43.088" intervalms="19.528" />
<cycle-start id="2717" type="partial gc" contextid="0" timestamp="2019-06-15T00:49:43.089" intervalms="19.570" />
<gc-start id="2718" type="partial gc" contextid="2717" timestamp="2019-06-15T00:49:43.089">
  <mem-info id="2719" free="18874368" total="71303168" percent="26">
    <mem type="eden" free="1048536" total="25165824" percent="4" />
    <remembered-set count="59520" freebytes="2608128" totalbytes="2846208" percent="91" regionsoverflowed="0" regionsstable="7" regionsrebuilding="0"/>
  </mem-info>
</gc-start>
<allocation-stats totalBytes="24083976" >
  <allocated-bytes non-tlh="0" tlh="24083976" arrayletleaf="0"/>
  <largest-consumer threadName="main" threadId="000000000118C700" bytes="24083976" />
</allocation-stats>
<gc-op id="2720" type="copy forward" timems="5.366" contextid="2717" timestamp="2019-06-15T00:49:43.095">
  <memory-copied type="eden" objects="2" bytes="40" bytesdiscarded="0" />
  <memory-copied type="other" objects="32390" bytes="908664" bytesdiscarded="49088" />
  <memory-cardclean objects="1613" bytes="63808" />
  <regions eden="23" other="5" />
  <remembered-set-cleared processed="57482" cleared="2104" durationms="0.262" />
  <references type="soft" candidates="1424" cleared="0" enqueued="0" dynamicThreshold="19" maxThreshold="32" />
  <references type="weak" candidates="96" cleared="0" enqueued="0" />
  <stringconstants candidates="13682" cleared="0"  />
</gc-op>
<gc-op id="2721" type="classunload" timems="0.006" contextid="2717" timestamp="2019-06-15T00:49:43.095">
  <classunload-info classloadercandidates="53" classloadersunloaded="0" classesunloaded="0" anonymousclassesunloaded="0" quiescems="0.000" setupms="0.006" scanms="0.000" postms="0.000" />
</gc-op>
<heap-resize id="2722" type="contract" space="default" amount="3145728" count="1" timems="0.114" reason="excess free space following gc" timestamp="2019-06-15T00:49:43.095" />
<gc-end id="2723" type="partial gc" contextid="2717" durationms="6.648" usertimems="16.000" systemtimems="0.000" timestamp="2019-06-15T00:49:43.096" activeThreads="4">
  <mem-info id="2724" free="41943040" total="68157440" percent="61">
    <mem type="eden" free="1048536" total="1048576" percent="99" />
    <remembered-set count="59264" freebytes="2609152" totalbytes="2846208" percent="91" regionsoverflowed="0" regionsstable="7" regionsrebuilding="0"/>
  </mem-info>
</gc-end>
<cycle-end id="2725" type="partial gc" contextid="2717" timestamp="2019-06-15T00:49:43.096" />
  <attribute name="elasticGC enabled" value="1" />
  <attribute name= "numThreadsSpecified" value="4" />
  <attribute name="heapSize specified" value="0" />
  <attribute name="Current GC Util" value="274" />
  <attribute name= "Current Time Running" value="19985" />
  <attribute name ="GC Interval" value="0" />
  <attribute name="ProportionalT" value="127.000000" />
  <attribute name="ProportionalI" value="127.000000" />
  <attribute name="ProportionalH" value="127.000000" />
  <attribute name="Current Error" value="254.000000" />
  <attribute name="IntegralT" value="254.000000" />
  <attribute name="IntegralI" value="254.000000" />
  <attribute name="IntegralH" value="254.000000" />
  <attribute name="DerivativeT" value="127.000000" />
  <attribute name="DerivativeI" value="127.000000" />
  <attribute name="DerivativeH" value="127.000000" />
  <attribute name="Loop Time for DT" value="1.000000" />
  <attribute name="Output H" value="8388608"/>
  <attribute name="Output I" value="512"/>
  <attribute name="Output T" value="4"/>
  <attribute name="Target GC Util Change" value ="20.000000" />
  <attribute name="Current GC Util Change" value="274.000000"/>
  <attribute name="GC Util currently" value="274" />
  <attribute name="CPU Util currently" value="12786264569667" />
<exclusive-end id="2726" timestamp="2019-06-15T00:49:43.096" durationms="7.871" />

<exclusive-start id="2727" timestamp="2019-06-15T00:49:43.119" intervalms="30.898">
  <response-info timems="0.137" idlems="0.137" threads="0" lastid="000000000118C700" lastname="main" />
</exclusive-start>
<allocation-taxation id="2728" taxation-threshold="24117248" timestamp="2019-06-15T00:49:43.119" intervalms="30.842" />
<cycle-start id="2729" type="partial gc" contextid="0" timestamp="2019-06-15T00:49:43.119" intervalms="30.824" />
<gc-start id="2730" type="partial gc" contextid="2729" timestamp="2019-06-15T00:49:43.120">
  <mem-info id="2731" free="17825792" total="68157440" percent="26">
    <mem type="eden" free="1048536" total="25165824" percent="4" />
    <remembered-set count="53472" freebytes="2632320" totalbytes="2846208" percent="92" regionsoverflowed="0" regionsstable="10" regionsrebuilding="0"/>
  </mem-info>
</gc-start>
<allocation-stats totalBytes="24097832" >
  <allocated-bytes non-tlh="3064" tlh="24094768" arrayletleaf="0"/>
  <largest-consumer threadName="main" threadId="000000000118C700" bytes="24097832" />
</allocation-stats>
<gc-op id="2732" type="copy forward" timems="2.149" contextid="2729" timestamp="2019-06-15T00:49:43.123">
  <memory-copied type="eden" objects="1302" bytes="53320" bytesdiscarded="0" />
  <memory-copied type="other" objects="25" bytes="736" bytesdiscarded="0" />
  <memory-cardclean objects="3349" bytes="124992" />
  <regions eden="23" other="2" />
  <remembered-set-cleared processed="51480" cleared="353" durationms="0.445" />
  <references type="soft" candidates="8" cleared="0" enqueued="0" dynamicThreshold="19" maxThreshold="32" />
  <references type="weak" candidates="35" cleared="0" enqueued="0" />
  <stringconstants candidates="13708" cleared="0"  />
</gc-op>
<gc-op id="2733" type="classunload" timems="0.005" contextid="2729" timestamp="2019-06-15T00:49:43.123">
  <classunload-info classloadercandidates="53" classloadersunloaded="0" classesunloaded="0" anonymousclassesunloaded="0" quiescems="0.000" setupms="0.005" scanms="0.000" postms="0.000" />
</gc-op>
<gc-end id="2734" type="partial gc" contextid="2729" durationms="3.350" usertimems="4.000" systemtimems="4.000" timestamp="2019-06-15T00:49:43.123" activeThreads="1">
  <mem-info id="2735" free="41943040" total="68157440" percent="61">
    <mem type="eden" free="995240" total="1048576" percent="94" />
    <remembered-set count="52800" freebytes="2509440" totalbytes="2720640" percent="92" regionsoverflowed="0" regionsstable="10" regionsrebuilding="0"/>
  </mem-info>
</gc-end>
<cycle-end id="2736" type="partial gc" contextid="2729" timestamp="2019-06-15T00:49:43.123" />
  <attribute name="elasticGC enabled" value="1" />
  <attribute name= "numThreadsSpecified" value="1" />
  <attribute name="heapSize specified" value="0" />
  <attribute name="Current GC Util" value="42" />
  <attribute name= "Current Time Running" value="20015" />
  <attribute name ="GC Interval" value="0" />
  <attribute name="ProportionalT" value="11.000000" />
  <attribute name="ProportionalI" value="11.000000" />
  <attribute name="ProportionalH" value="11.000000" />
  <attribute name="Current Error" value="22.000000" />
  <attribute name="IntegralT" value="0.000000" />
  <attribute name="IntegralI" value="0.000000" />
  <attribute name="IntegralH" value="0.000000" />
  <attribute name="DerivativeT" value="inf" />
  <attribute name="DerivativeI" value="inf" />
  <attribute name="DerivativeH" value="inf" />
  <attribute name="Loop Time for DT" value="0.000000" />
  <attribute name="Output H" value="8388608"/>
  <attribute name="Output I" value="200"/>
  <attribute name="Output T" value="1"/>
  <attribute name="Target GC Util Change" value ="20.000000" />
  <attribute name="Current GC Util Change" value="42.000000"/>
  <attribute name="GC Util currently" value="42" />
  <attribute name="CPU Util currently" value="11528465583281" />
<exclusive-end id="2737" timestamp="2019-06-15T00:49:43.124" durationms="4.422" />

<exclusive-start id="2738" timestamp="2019-06-15T00:49:43.133" intervalms="14.315">
  <response-info timems="0.077" idlems="0.077" threads="0" lastid="000000000118C700" lastname="main" />
</exclusive-start>
<allocation-taxation id="2739" taxation-threshold="11534336" timestamp="2019-06-15T00:49:43.134" intervalms="14.410" />
<cycle-start id="2740" type="global mark phase" contextid="0" timestamp="2019-06-15T00:49:43.134" intervalms="460.747" />
<gc-start id="2741" type="global mark phase" contextid="2740" timestamp="2019-06-15T00:49:43.134">
  <mem-info id="2742" free="30408704" total="68157440" percent="44">
    <remembered-set count="52448" freebytes="2510848" totalbytes="2720640" percent="92" regionsoverflowed="0" regionsstable="10" regionsrebuilding="0"/>
  </mem-info>
</gc-start>
<gc-op id="2743" type="mark increment" timems="1.014" contextid="2740" timestamp="2019-06-15T00:49:43.135">
  <trace-info objectcount="196" scancount="0" scanbytes="0" />
</gc-op>
<gc-end id="2744" type="global mark phase" contextid="2740" durationms="1.249" usertimems="0.000" systemtimems="0.000" timestamp="2019-06-15T00:49:43.135" activeThreads="4">
  <mem-info id="2745" free="30408704" total="68157440" percent="44">
    <remembered-set count="52448" freebytes="2510848" totalbytes="2720640" percent="92" regionsoverflowed="0" regionsstable="0" regionsrebuilding="10"/>
  </mem-info>
</gc-end>
<concurrent-start id="2746" type="GMP work packet processing" contextid="2740" timestamp="2019-06-15T00:49:43.135">
  <concurrent-mark-start scanTarget="1416657" />
</concurrent-start>
<exclusive-end id="2747" timestamp="2019-06-15T00:49:43.136" durationms="2.223" />

<concurrent-end id="2748" type="GMP work packet processing" contextid="2740" timestamp="2019-06-15T00:49:43.138">
  <concurrent-mark-end bytesScanned="1499720" reasonForTermination="Work target met" />
</concurrent-end>

<exclusive-start id="2749" timestamp="2019-06-15T00:49:43.150" intervalms="16.551">
  <response-info timems="0.024" idlems="0.024" threads="0" lastid="000000000118C700" lastname="main" />
</exclusive-start>
<allocation-taxation id="2750" taxation-threshold="11534336" timestamp="2019-06-15T00:49:43.150" intervalms="16.526" />
<cycle-start id="2751" type="partial gc" contextid="0" timestamp="2019-06-15T00:49:43.150" intervalms="30.934" />
<gc-start id="2752" type="partial gc" contextid="2751" timestamp="2019-06-15T00:49:43.151">
  <mem-info id="2753" free="18874368" total="68157440" percent="27">
    <mem type="eden" free="0" total="23068672" percent="0" />
    <remembered-set count="55072" freebytes="2500352" totalbytes="2720640" percent="91" regionsoverflowed="0" regionsstable="0" regionsrebuilding="10"/>
  </mem-info>
</gc-start>
<allocation-stats totalBytes="23067128" >
  <allocated-bytes non-tlh="0" tlh="23067128" arrayletleaf="0"/>
  <largest-consumer threadName="main" threadId="000000000118C700" bytes="11533264" />
</allocation-stats>
<gc-op id="2754" type="copy forward" timems="2.050" contextid="2751" timestamp="2019-06-15T00:49:43.154">
  <memory-copied type="eden" objects="23" bytes="728" bytesdiscarded="0" />
  <memory-copied type="other" objects="1311" bytes="53512" bytesdiscarded="0" />
  <memory-cardclean objects="216" bytes="19936" />
  <regions eden="22" other="2" />
  <remembered-set-cleared processed="52917" cleared="184" durationms="0.455" />
  <references type="soft" candidates="8" cleared="0" enqueued="0" dynamicThreshold="14" maxThreshold="32" />
  <references type="weak" candidates="33" cleared="0" enqueued="0" />
  <stringconstants candidates="13708" cleared="0"  />
</gc-op>
<gc-op id="2755" type="classunload" timems="0.004" contextid="2751" timestamp="2019-06-15T00:49:43.154">
  <classunload-info classloadercandidates="53" classloadersunloaded="0" classesunloaded="0" anonymousclassesunloaded="0" quiescems="0.000" setupms="0.004" scanms="0.000" postms="0.000" />
</gc-op>
<gc-end id="2756" type="partial gc" contextid="2751" durationms="3.356" usertimems="0.000" systemtimems="4.000" timestamp="2019-06-15T00:49:43.154" activeThreads="1">
  <mem-info id="2757" free="40894464" total="68157440" percent="60">
    <mem type="eden" free="1047848" total="1048576" percent="99" />
    <remembered-set count="55360" freebytes="2499200" totalbytes="2720640" percent="91" regionsoverflowed="0" regionsstable="0" regionsrebuilding="10"/>
  </mem-info>
</gc-end>
<cycle-end id="2758" type="partial gc" contextid="2751" timestamp="2019-06-15T00:49:43.154" />
  <attribute name="elasticGC enabled" value="1" />
  <attribute name= "numThreadsSpecified" value="1" />
  <attribute name="heapSize specified" value="0" />
  <attribute name="Current GC Util" value="156" />
  <attribute name= "Current Time Running" value="20046" />
  <attribute name ="GC Interval" value="0" />
  <attribute name="ProportionalT" value="68.000000" />
  <attribute name="ProportionalI" value="68.000000" />
  <attribute name="ProportionalH" value="68.000000" />
  <attribute name="Current Error" value="136.000000" />
  <attribute name="IntegralT" value="0.000000" />
  <attribute name="IntegralI" value="0.000000" />
  <attribute name="IntegralH" value="0.000000" />
  <attribute name="DerivativeT" value="inf" />
  <attribute name="DerivativeI" value="inf" />
  <attribute name="DerivativeH" value="inf" />
  <attribute name="Loop Time for DT" value="0.000000" />
  <attribute name="Output H" value="8388608"/>
  <attribute name="Output I" value="200"/>
  <attribute name="Output T" value="1"/>
  <attribute name="Target GC Util Change" value ="20.000000" />
  <attribute name="Current GC Util Change" value="156.000000"/>
  <attribute name="GC Util currently" value="156" />
  <attribute name="CPU Util currently" value="12935388699858" />
<exclusive-end id="2759" timestamp="2019-06-15T00:49:43.154" durationms="4.502" />

<exclusive-start id="2760" timestamp="2019-06-15T00:49:43.169" intervalms="18.884">
  <response-info timems="0.086" idlems="0.086" threads="0" lastid="000000000118C700" lastname="main" />
</exclusive-start>
<allocation-taxation id="2761" taxation-threshold="11534336" timestamp="2019-06-15T00:49:43.169" intervalms="18.878" />
<gc-start id="2762" type="global mark phase" contextid="2740" timestamp="2019-06-15T00:49:43.169">
  <mem-info id="2763" free="29360128" total="68157440" percent="43">
    <remembered-set count="55264" freebytes="2499584" totalbytes="2720640" percent="91" regionsoverflowed="0" regionsstable="0" regionsrebuilding="10"/>
  </mem-info>
</gc-start>
<gc-end id="2764" type="global mark phase" contextid="2740" durationms="0.162" usertimems="0.000" systemtimems="0.000" timestamp="2019-06-15T00:49:43.169" activeThreads="1">
  <mem-info id="2765" free="29360128" total="68157440" percent="43">
    <remembered-set count="55264" freebytes="2499584" totalbytes="2720640" percent="91" regionsoverflowed="0" regionsstable="0" regionsrebuilding="10"/>
  </mem-info>
</gc-end>
<concurrent-start id="2766" type="GMP work packet processing" contextid="2740" timestamp="2019-06-15T00:49:43.170">
  <concurrent-mark-start scanTarget="1048576" />
</concurrent-start>
<exclusive-end id="2767" timestamp="2019-06-15T00:49:43.170" durationms="0.929" />

<concurrent-end id="2768" type="GMP work packet processing" contextid="2740" timestamp="2019-06-15T00:49:43.171">
  <concurrent-mark-end bytesScanned="1136540" reasonForTermination="Work target met" />
</concurrent-end>

<exclusive-start id="2769" timestamp="2019-06-15T00:49:43.239" intervalms="70.345">
  <response-info timems="0.088" idlems="0.088" threads="0" lastid="000000000118C700" lastname="main" />
</exclusive-start>
<allocation-taxation id="2770" taxation-threshold="11534336" timestamp="2019-06-15T00:49:43.239" intervalms="70.350" />
<cycle-start id="2771" type="partial gc" contextid="0" timestamp="2019-06-15T00:49:43.240" intervalms="89.288" />
<gc-start id="2772" type="partial gc" contextid="2771" timestamp="2019-06-15T00:49:43.240">
  <mem-info id="2773" free="17825792" total="68157440" percent="26">
    <mem type="eden" free="0" total="23068672" percent="0" />
    <remembered-set count="57856" freebytes="2489216" totalbytes="2720640" percent="91" regionsoverflowed="0" regionsstable="0" regionsrebuilding="10"/>
  </mem-info>
</gc-start>
<allocation-stats totalBytes="23065256" >
  <allocated-bytes non-tlh="0" tlh="23065256" arrayletleaf="0"/>
  <largest-consumer threadName="main" threadId="000000000118C700" bytes="11532632" />
</allocation-stats>
<gc-op id="2774" type="copy forward" timems="3.228" contextid="2771" timestamp="2019-06-15T00:49:43.244">
  <memory-copied type="eden" objects="36" bytes="976" bytesdiscarded="560" />
  <memory-copied type="other" objects="13" bytes="296" bytesdiscarded="0" />
  <memory-cardclean objects="109" bytes="3256" />
  <regions eden="22" other="2" />
  <remembered-set-cleared processed="55534" cleared="70" durationms="0.276" />
  <stringconstants candidates="13708" cleared="0"  />
</gc-op>
<gc-op id="2775" type="classunload" timems="0.003" contextid="2771" timestamp="2019-06-15T00:49:43.244">
  <classunload-info classloadercandidates="53" classloadersunloaded="0" classesunloaded="0" anonymousclassesunloaded="0" quiescems="0.000" setupms="0.003" scanms="0.000" postms="0.000" />
</gc-op>
<gc-end id="2776" type="partial gc" contextid="2771" durationms="4.310" usertimems="8.000" systemtimems="0.000" timestamp="2019-06-15T00:49:43.244" activeThreads="4">
  <mem-info id="2777" free="39845888" total="68157440" percent="58">
    <mem type="eden" free="1047040" total="1048576" percent="99" />
    <remembered-set count="58400" freebytes="2487040" totalbytes="2720640" percent="91" regionsoverflowed="0" regionsstable="0" regionsrebuilding="10"/>
  </mem-info>
</gc-end>
<cycle-end id="2778" type="partial gc" contextid="2771" timestamp="2019-06-15T00:49:43.244" />
  <attribute name="elasticGC enabled" value="1" />
  <attribute name= "numThreadsSpecified" value="4" />
  <attribute name="heapSize specified" value="0" />
  <attribute name="Current GC Util" value="162" />
  <attribute name= "Current Time Running" value="20136" />
  <attribute name ="GC Interval" value="0" />
  <attribute name="ProportionalT" value="71.000000" />
  <attribute name="ProportionalI" value="71.000000" />
  <attribute name="ProportionalH" value="71.000000" />
  <attribute name="Current Error" value="142.000000" />
  <attribute name="IntegralT" value="142.000000" />
  <attribute name="IntegralI" value="142.000000" />
  <attribute name="IntegralH" value="142.000000" />
  <attribute name="DerivativeT" value="71.000000" />
  <attribute name="DerivativeI" value="71.000000" />
  <attribute name="DerivativeH" value="71.000000" />
  <attribute name="Loop Time for DT" value="1.000000" />
  <attribute name="Output H" value="8388608"/>
  <attribute name="Output I" value="288"/>
  <attribute name="Output T" value="4"/>
  <attribute name="Target GC Util Change" value ="20.000000" />
  <attribute name="Current GC Util Change" value="162.000000"/>
  <attribute name="GC Util currently" value="162" />
  <attribute name="CPU Util currently" value="13589882842425" />
<exclusive-end id="2779" timestamp="2019-06-15T00:49:43.245" durationms="5.385" />

<exclusive-start id="2780" timestamp="2019-06-15T00:49:43.348" intervalms="109.215">
  <response-info timems="0.073" idlems="0.073" threads="0" lastid="000000000118C700" lastname="main" />
</exclusive-start>
<allocation-taxation id="2781" taxation-threshold="11534336" timestamp="2019-06-15T00:49:43.349" intervalms="109.224" />
<gc-start id="2782" type="global mark phase" contextid="2740" timestamp="2019-06-15T00:49:43.349">
  <mem-info id="2783" free="28311552" total="68157440" percent="41">
    <remembered-set count="57920" freebytes="2488960" totalbytes="2720640" percent="91" regionsoverflowed="0" regionsstable="0" regionsrebuilding="10"/>
  </mem-info>
</gc-start>
<gc-end id="2784" type="global mark phase" contextid="2740" durationms="0.187" usertimems="0.000" systemtimems="0.000" timestamp="2019-06-15T00:49:43.349" activeThreads="4">
  <mem-info id="2785" free="28311552" total="68157440" percent="41">
    <remembered-set count="57920" freebytes="2488960" totalbytes="2720640" percent="91" regionsoverflowed="0" regionsstable="0" regionsrebuilding="10"/>
  </mem-info>
</gc-end>
<concurrent-start id="2786" type="GMP work packet processing" contextid="2740" timestamp="2019-06-15T00:49:43.349">
  <concurrent-mark-start scanTarget="1416657" />
</concurrent-start>
<exclusive-end id="2787" timestamp="2019-06-15T00:49:43.350" durationms="1.171" />

<concurrent-end id="2788" type="GMP work packet processing" contextid="2740" timestamp="2019-06-15T00:49:43.351">
  <concurrent-mark-end bytesScanned="1485084" reasonForTermination="Work target met" />
</concurrent-end>

<exclusive-start id="2789" timestamp="2019-06-15T00:49:43.353" intervalms="4.876">
  <response-info timems="0.070" idlems="0.070" threads="0" lastid="000000000118C700" lastname="main" />
</exclusive-start>
<allocation-taxation id="2790" taxation-threshold="11534336" timestamp="2019-06-15T00:49:43.354" intervalms="4.910" />
<cycle-start id="2791" type="partial gc" contextid="0" timestamp="2019-06-15T00:49:43.354" intervalms="114.129" />
<gc-start id="2792" type="partial gc" contextid="2791" timestamp="2019-06-15T00:49:43.354">
  <mem-info id="2793" free="16777216" total="68157440" percent="24">
    <mem type="eden" free="1047040" total="24117248" percent="4" />
    <remembered-set count="59968" freebytes="2480768" totalbytes="2720640" percent="91" regionsoverflowed="0" regionsstable="0" regionsrebuilding="10"/>
  </mem-info>
</gc-start>
<allocation-stats totalBytes="22989648" >
  <allocated-bytes non-tlh="0" tlh="22989648" arrayletleaf="0"/>
  <largest-consumer threadName="main" threadId="000000000118C700" bytes="11492096" />
</allocation-stats>
<gc-op id="2794" type="copy forward" timems="1.808" contextid="2791" timestamp="2019-06-15T00:49:43.357">
  <memory-copied type="eden" objects="43" bytes="2264" bytesdiscarded="0" />
  <memory-copied type="other" objects="28" bytes="5152" bytesdiscarded="0" />
  <memory-cardclean objects="97" bytes="2880" />
  <regions eden="22" other="2" />
  <remembered-set-cleared processed="58132" cleared="39" durationms="0.482" />
  <stringconstants candidates="13708" cleared="0"  />
</gc-op>
<gc-op id="2795" type="classunload" timems="0.003" contextid="2791" timestamp="2019-06-15T00:49:43.357">
  <classunload-info classloadercandidates="53" classloadersunloaded="0" classesunloaded="0" anonymousclassesunloaded="0" quiescems="0.000" setupms="0.003" scanms="0.000" postms="0.000" />
</gc-op>
<heap-resize id="2796" type="contract" space="default" amount="4194304" count="1" timems="0.246" reason="insufficient time being spent in gc" timestamp="2019-06-15T00:49:43.358" />
<gc-end id="2797" type="partial gc" contextid="2791" durationms="3.639" usertimems="4.000" systemtimems="0.000" timestamp="2019-06-15T00:49:43.358" activeThreads="1">
  <mem-info id="2798" free="34603008" total="63963136" percent="54">
    <mem type="eden" free="2094344" total="2097152" percent="99" />
    <remembered-set count="60384" freebytes="2479104" totalbytes="2720640" percent="91" regionsoverflowed="0" regionsstable="0" regionsrebuilding="10"/>
  </mem-info>
</gc-end>
<cycle-end id="2799" type="partial gc" contextid="2791" timestamp="2019-06-15T00:49:43.358" />
  <attribute name="elasticGC enabled" value="1" />
  <attribute name= "numThreadsSpecified" value="1" />
  <attribute name="heapSize specified" value="0" />
  <attribute name="Current GC Util" value="165" />
  <attribute name= "Current Time Running" value="20250" />
  <attribute name ="GC Interval" value="0" />
  <attribute name="ProportionalT" value="72.500000" />
  <attribute name="ProportionalI" value="72.500000" />
  <attribute name="ProportionalH" value="72.500000" />
  <attribute name="Current Error" value="145.000000" />
  <attribute name="IntegralT" value="0.000000" />
  <attribute name="IntegralI" value="0.000000" />
  <attribute name="IntegralH" value="0.000000" />
  <attribute name="DerivativeT" value="inf" />
  <attribute name="DerivativeI" value="inf" />
  <attribute name="DerivativeH" value="inf" />
  <attribute name="Loop Time for DT" value="0.000000" />
  <attribute name="Output H" value="8388608"/>
  <attribute name="Output I" value="200"/>
  <attribute name="Output T" value="1"/>
  <attribute name="Target GC Util Change" value ="20.000000" />
  <attribute name="Current GC Util Change" value="165.000000"/>
  <attribute name="GC Util currently" value="165" />
  <attribute name="CPU Util currently" value="11287824798203" />
<exclusive-end id="2800" timestamp="2019-06-15T00:49:43.358" durationms="4.997" />

<exclusive-start id="2801" timestamp="2019-06-15T00:49:43.362" intervalms="8.788">
  <response-info timems="0.054" idlems="0.054" threads="0" lastid="000000000118C700" lastname="main" />
</exclusive-start>
<allocation-taxation id="2802" taxation-threshold="11534336" timestamp="2019-06-15T00:49:43.362" intervalms="8.737" />
<gc-start id="2803" type="global mark phase" contextid="2740" timestamp="2019-06-15T00:49:43.362">
  <mem-info id="2804" free="23068672" total="63963136" percent="36">
    <remembered-set count="60064" freebytes="2480384" totalbytes="2720640" percent="91" regionsoverflowed="0" regionsstable="0" regionsrebuilding="10"/>
  </mem-info>
</gc-start>
<gc-end id="2805" type="global mark phase" contextid="2740" durationms="0.241" usertimems="0.000" systemtimems="0.000" timestamp="2019-06-15T00:49:43.363" activeThreads="1">
  <mem-info id="2806" free="23068672" total="63963136" percent="36">
    <remembered-set count="60064" freebytes="2480384" totalbytes="2720640" percent="91" regionsoverflowed="0" regionsstable="0" regionsrebuilding="10"/>
  </mem-info>
</gc-end>
<concurrent-start id="2807" type="GMP work packet processing" contextid="2740" timestamp="2019-06-15T00:49:43.363">
  <concurrent-mark-start scanTarget="1048576" />
</concurrent-start>
<exclusive-end id="2808" timestamp="2019-06-15T00:49:43.363" durationms="1.108" />

<concurrent-end id="2809" type="GMP work packet processing" contextid="2740" timestamp="2019-06-15T00:49:43.364">
  <concurrent-mark-end bytesScanned="1108244" reasonForTermination="Work target met" />
</concurrent-end>

<exclusive-start id="2810" timestamp="2019-06-15T00:49:43.367" intervalms="4.960">
  <response-info timems="0.053" idlems="0.053" threads="0" lastid="000000000118C700" lastname="main" />
</exclusive-start>
<allocation-taxation id="2811" taxation-threshold="11534336" timestamp="2019-06-15T00:49:43.367" intervalms="4.986" />
<cycle-start id="2812" type="partial gc" contextid="0" timestamp="2019-06-15T00:49:43.367" intervalms="13.656" />
<gc-start id="2813" type="partial gc" contextid="2812" timestamp="2019-06-15T00:49:43.368">
  <mem-info id="2814" free="11534336" total="63963136" percent="18">
    <mem type="eden" free="0" total="23068672" percent="0" />
    <remembered-set count="61600" freebytes="2474240" totalbytes="2720640" percent="90" regionsoverflowed="0" regionsstable="0" regionsrebuilding="10"/>
  </mem-info>
</gc-start>
<allocation-stats totalBytes="22981728" >
  <allocated-bytes non-tlh="0" tlh="22981728" arrayletleaf="0"/>
  <largest-consumer threadName="main" threadId="000000000118C700" bytes="11492096" />
</allocation-stats>
<gc-op id="2815" type="copy forward" timems="5.425" contextid="2812" timestamp="2019-06-15T00:49:43.374">
  <memory-copied type="eden" objects="0" bytes="0" bytesdiscarded="0" />
  <memory-copied type="other" objects="27810" bytes="1020712" bytesdiscarded="32688" />
  <memory-cardclean objects="44936" bytes="1596688" />
  <regions eden="22" other="3" />
  <remembered-set-cleared processed="47013" cleared="13087" durationms="0.326" />
  <references type="soft" candidates="1431" cleared="0" enqueued="0" dynamicThreshold="11" maxThreshold="32" />
  <references type="weak" candidates="148" cleared="0" enqueued="0" />
  <stringconstants candidates="13708" cleared="0"  />
</gc-op>
<gc-op id="2816" type="classunload" timems="0.004" contextid="2812" timestamp="2019-06-15T00:49:43.374">
  <classunload-info classloadercandidates="53" classloadersunloaded="0" classesunloaded="0" anonymousclassesunloaded="0" quiescems="0.000" setupms="0.004" scanms="0.000" postms="0.000" />
</gc-op>
<heap-resize id="2817" type="expand" space="default" amount="4194304" count="1" timems="0.064" reason="excessive time being spent in gc" timestamp="2019-06-15T00:49:43.374" />
<gc-end id="2818" type="partial gc" contextid="2812" durationms="7.047" usertimems="8.000" systemtimems="4.000" timestamp="2019-06-15T00:49:43.375" activeThreads="4">
  <mem-info id="2819" free="40894464" total="68157440" percent="60">
    <remembered-set count="49728" freebytes="2521728" totalbytes="2720640" percent="92" regionsoverflowed="0" regionsstable="0" regionsrebuilding="10"/>
  </mem-info>
</gc-end>
<cycle-end id="2820" type="partial gc" contextid="2812" timestamp="2019-06-15T00:49:43.375" />
  <attribute name="elasticGC enabled" value="1" />
  <attribute name= "numThreadsSpecified" value="4" />
  <attribute name="heapSize specified" value="0" />
  <attribute name="Current GC Util" value="122" />
  <attribute name= "Current Time Running" value="20264" />
  <attribute name ="GC Interval" value="0" />
  <attribute name="ProportionalT" value="51.000000" />
  <attribute name="ProportionalI" value="51.000000" />
  <attribute name="ProportionalH" value="51.000000" />
  <attribute name="Current Error" value="102.000000" />
  <attribute name="IntegralT" value="102.000000" />
  <attribute name="IntegralI" value="102.000000" />
  <attribute name="IntegralH" value="102.000000" />
  <attribute name="DerivativeT" value="27.000000" />
  <attribute name="DerivativeI" value="27.000000" />
  <attribute name="DerivativeH" value="27.000000" />
  <attribute name="Loop Time for DT" value="1.000000" />
  <attribute name="Output H" value="8388608"/>
  <attribute name="Output I" value="200"/>
  <attribute name="Output T" value="4"/>
  <attribute name="Target GC Util Change" value ="20.000000" />
  <attribute name="Current GC Util Change" value="122.000000"/>
  <attribute name="GC Util currently" value="122" />
  <attribute name="CPU Util currently" value="7647700844462" />
<exclusive-end id="2821" timestamp="2019-06-15T00:49:43.375" durationms="8.007" />

<exclusive-start id="2822" timestamp="2019-06-15T00:49:43.379" intervalms="11.705">
  <response-info timems="0.082" idlems="0.082" threads="0" lastid="000000000118C700" lastname="main" />
</exclusive-start>
<allocation-taxation id="2823" taxation-threshold="11534336" timestamp="2019-06-15T00:49:43.379" intervalms="11.699" />
<gc-start id="2824" type="global mark phase" contextid="2740" timestamp="2019-06-15T00:49:43.379">
  <mem-info id="2825" free="29360128" total="68157440" percent="43">
    <remembered-set count="49728" freebytes="2521728" totalbytes="2720640" percent="92" regionsoverflowed="0" regionsstable="0" regionsrebuilding="10"/>
  </mem-info>
</gc-start>
<gc-end id="2826" type="global mark phase" contextid="2740" durationms="0.090" usertimems="0.000" systemtimems="0.000" timestamp="2019-06-15T00:49:43.379" activeThreads="4">
  <mem-info id="2827" free="29360128" total="68157440" percent="43">
    <remembered-set count="49728" freebytes="2521728" totalbytes="2720640" percent="92" regionsoverflowed="0" regionsstable="0" regionsrebuilding="10"/>
  </mem-info>
</gc-end>
<concurrent-start id="2828" type="GMP work packet processing" contextid="2740" timestamp="2019-06-15T00:49:43.379">
  <concurrent-mark-start scanTarget="1416657" />
</concurrent-start>
<exclusive-end id="2829" timestamp="2019-06-15T00:49:43.379" durationms="0.770" />

<concurrent-end id="2830" type="GMP work packet processing" contextid="2740" timestamp="2019-06-15T00:49:43.381">
  <concurrent-mark-end bytesScanned="1445444" reasonForTermination="Work target met" />
</concurrent-end>

<exclusive-start id="2831" timestamp="2019-06-15T00:49:43.383" intervalms="4.378">
  <response-info timems="0.049" idlems="0.049" threads="0" lastid="000000000118C700" lastname="main" />
</exclusive-start>
<allocation-taxation id="2832" taxation-threshold="11534336" timestamp="2019-06-15T00:49:43.383" intervalms="4.263" />
<cycle-start id="2833" type="partial gc" contextid="0" timestamp="2019-06-15T00:49:43.383" intervalms="15.939" />
<gc-start id="2834" type="partial gc" contextid="2833" timestamp="2019-06-15T00:49:43.384">
  <mem-info id="2835" free="17825792" total="68157440" percent="26">
    <mem type="eden" free="0" total="23068672" percent="0" />
    <remembered-set count="50240" freebytes="2519680" totalbytes="2720640" percent="92" regionsoverflowed="0" regionsstable="0" regionsrebuilding="10"/>
  </mem-info>
</gc-start>
<allocation-stats totalBytes="22986360" >
  <allocated-bytes non-tlh="0" tlh="22986360" arrayletleaf="0"/>
  <largest-consumer threadName="main" threadId="000000000118C700" bytes="11496560" />
</allocation-stats>
<gc-op id="2836" type="copy forward" timems="1.586" contextid="2833" timestamp="2019-06-15T00:49:43.386">
  <memory-copied type="eden" objects="1" bytes="24" bytesdiscarded="0" />
  <memory-copied type="other" objects="0" bytes="0" bytesdiscarded="0" />
  <memory-cardclean objects="19" bytes="440" />
  <regions eden="22" other="0" />
  <remembered-set-cleared processed="48152" cleared="5" durationms="0.379" />
  <stringconstants candidates="13708" cleared="0"  />
</gc-op>
<gc-op id="2837" type="classunload" timems="0.003" contextid="2833" timestamp="2019-06-15T00:49:43.386">
  <classunload-info classloadercandidates="53" classloadersunloaded="0" classesunloaded="0" anonymousclassesunloaded="0" quiescems="0.000" setupms="0.003" scanms="0.000" postms="0.000" />
</gc-op>
<heap-resize id="2838" type="expand" space="default" amount="3145728" count="1" timems="0.057" reason="excessive time being spent in gc" timestamp="2019-06-15T00:49:43.387" />
<gc-end id="2839" type="partial gc" contextid="2833" durationms="3.256" usertimems="4.000" systemtimems="0.000" timestamp="2019-06-15T00:49:43.387" activeThreads="1">
  <mem-info id="2840" free="42991616" total="71303168" percent="60">
    <mem type="eden" free="1048552" total="1048576" percent="99" />
    <remembered-set count="50720" freebytes="2643328" totalbytes="2846208" percent="92" regionsoverflowed="0" regionsstable="0" regionsrebuilding="10"/>
  </mem-info>
</gc-end>
<cycle-end id="2841" type="partial gc" contextid="2833" timestamp="2019-06-15T00:49:43.387" />
  <attribute name="elasticGC enabled" value="1" />
  <attribute name= "numThreadsSpecified" value="1" />
  <attribute name="heapSize specified" value="0" />
  <attribute name="Current GC Util" value="159" />
  <attribute name= "Current Time Running" value="20279" />
  <attribute name ="GC Interval" value="0" />
  <attribute name="ProportionalT" value="69.500000" />
  <attribute name="ProportionalI" value="69.500000" />
  <attribute name="ProportionalH" value="69.500000" />
  <attribute name="Current Error" value="139.000000" />
  <attribute name="IntegralT" value="0.000000" />
  <attribute name="IntegralI" value="0.000000" />
  <attribute name="IntegralH" value="0.000000" />
  <attribute name="DerivativeT" value="inf" />
  <attribute name="DerivativeI" value="inf" />
  <attribute name="DerivativeH" value="inf" />
  <attribute name="Loop Time for DT" value="0.000000" />
  <attribute name="Output H" value="8388608"/>
  <attribute name="Output I" value="200"/>
  <attribute name="Output T" value="1"/>
  <attribute name="Target GC Util Change" value ="20.000000" />
  <attribute name="Current GC Util Change" value="159.000000"/>
  <attribute name="GC Util currently" value="159" />
  <attribute name="CPU Util currently" value="12418537442516" />
<exclusive-end id="2842" timestamp="2019-06-15T00:49:43.387" durationms="4.165" />

<exclusive-start id="2843" timestamp="2019-06-15T00:49:43.391" intervalms="7.860">
  <response-info timems="0.087" idlems="0.087" threads="0" lastid="000000000118C700" lastname="main" />
</exclusive-start>
<allocation-taxation id="2844" taxation-threshold="11534336" timestamp="2019-06-15T00:49:43.391" intervalms="7.990" />
<gc-start id="2845" type="global mark phase" contextid="2740" timestamp="2019-06-15T00:49:43.391">
  <mem-info id="2846" free="31457280" total="71303168" percent="44">
    <remembered-set count="50240" freebytes="2645248" totalbytes="2846208" percent="92" regionsoverflowed="0" regionsstable="0" regionsrebuilding="10"/>
  </mem-info>
</gc-start>
<gc-end id="2847" type="global mark phase" contextid="2740" durationms="0.088" usertimems="0.000" systemtimems="0.000" timestamp="2019-06-15T00:49:43.392" activeThreads="1">
  <mem-info id="2848" free="31457280" total="71303168" percent="44">
    <remembered-set count="50240" freebytes="2645248" totalbytes="2846208" percent="92" regionsoverflowed="0" regionsstable="0" regionsrebuilding="10"/>
  </mem-info>
</gc-end>
<concurrent-start id="2849" type="GMP work packet processing" contextid="2740" timestamp="2019-06-15T00:49:43.392">
  <concurrent-mark-start scanTarget="1048576" />
</concurrent-start>
<exclusive-end id="2850" timestamp="2019-06-15T00:49:43.392" durationms="0.983" />

<concurrent-end id="2851" type="GMP work packet processing" contextid="2740" timestamp="2019-06-15T00:49:43.393">
  <concurrent-mark-end bytesScanned="1096636" reasonForTermination="Work target met" />
</concurrent-end>

<exclusive-start id="2852" timestamp="2019-06-15T00:49:43.396" intervalms="4.784">
  <response-info timems="0.080" idlems="0.080" threads="0" lastid="000000000118C700" lastname="main" />
</exclusive-start>
<allocation-taxation id="2853" taxation-threshold="11534336" timestamp="2019-06-15T00:49:43.396" intervalms="4.764" />
<cycle-start id="2854" type="partial gc" contextid="0" timestamp="2019-06-15T00:49:43.396" intervalms="12.856" />
<gc-start id="2855" type="partial gc" contextid="2854" timestamp="2019-06-15T00:49:43.396">
  <mem-info id="2856" free="19922944" total="71303168" percent="27">
    <mem type="eden" free="1048552" total="24117248" percent="4" />
    <remembered-set count="51296" freebytes="2641024" totalbytes="2846208" percent="92" regionsoverflowed="0" regionsstable="0" regionsrebuilding="10"/>
  </mem-info>
</gc-start>
<allocation-stats totalBytes="22990680" >
  <allocated-bytes non-tlh="0" tlh="22990680" arrayletleaf="0"/>
  <largest-consumer threadName="main" threadId="000000000118C700" bytes="11496560" />
</allocation-stats>
<gc-op id="2857" type="copy forward" timems="1.587" contextid="2854" timestamp="2019-06-15T00:49:43.399">
  <memory-copied type="eden" objects="1" bytes="24" bytesdiscarded="0" />
  <memory-copied type="other" objects="0" bytes="0" bytesdiscarded="0" />
  <memory-cardclean objects="19" bytes="440" />
  <regions eden="22" other="1" />
  <remembered-set-cleared processed="49147" cleared="5" durationms="0.353" />
  <stringconstants candidates="13708" cleared="0"  />
</gc-op>
<gc-op id="2858" type="classunload" timems="0.003" contextid="2854" timestamp="2019-06-15T00:49:43.399">
  <classunload-info classloadercandidates="53" classloadersunloaded="0" classesunloaded="0" anonymousclassesunloaded="0" quiescems="0.000" setupms="0.003" scanms="0.000" postms="0.000" />
</gc-op>
<gc-end id="2859" type="partial gc" contextid="2854" durationms="2.906" usertimems="4.000" systemtimems="0.000" timestamp="2019-06-15T00:49:43.399" activeThreads="1">
  <mem-info id="2860" free="42991616" total="71303168" percent="60">
    <mem type="eden" free="1048552" total="1048576" percent="99" />
    <remembered-set count="51776" freebytes="2639104" totalbytes="2846208" percent="92" regionsoverflowed="0" regionsstable="0" regionsrebuilding="10"/>
  </mem-info>
</gc-end>
<cycle-end id="2861" type="partial gc" contextid="2854" timestamp="2019-06-15T00:49:43.400" />
  <attribute name="elasticGC enabled" value="1" />
  <attribute name= "numThreadsSpecified" value="1" />
  <attribute name="heapSize specified" value="0" />
  <attribute name="Current GC Util" value="152" />
  <attribute name= "Current Time Running" value="20292" />
  <attribute name ="GC Interval" value="0" />
  <attribute name="ProportionalT" value="66.000000" />
  <attribute name="ProportionalI" value="66.000000" />
  <attribute name="ProportionalH" value="66.000000" />
  <attribute name="Current Error" value="132.000000" />
  <attribute name="IntegralT" value="0.000000" />
  <attribute name="IntegralI" value="0.000000" />
  <attribute name="IntegralH" value="0.000000" />
  <attribute name="DerivativeT" value="inf" />
  <attribute name="DerivativeI" value="inf" />
  <attribute name="DerivativeH" value="inf" />
  <attribute name="Loop Time for DT" value="0.000000" />
  <attribute name="Output H" value="8388608"/>
  <attribute name="Output I" value="200"/>
  <attribute name="Output T" value="1"/>
  <attribute name="Target GC Util Change" value ="20.000000" />
  <attribute name="Current GC Util Change" value="152.000000"/>
  <attribute name="GC Util currently" value="152" />
  <attribute name="CPU Util currently" value="12046522731923" />
<exclusive-end id="2862" timestamp="2019-06-15T00:49:43.400" durationms="4.161" />

<exclusive-start id="2863" timestamp="2019-06-15T00:49:43.404" intervalms="7.859">
  <response-info timems="0.071" idlems="0.071" threads="0" lastid="000000000118C700" lastname="main" />
</exclusive-start>
<allocation-taxation id="2864" taxation-threshold="11534336" timestamp="2019-06-15T00:49:43.404" intervalms="7.860" />
<gc-start id="2865" type="global mark phase" contextid="2740" timestamp="2019-06-15T00:49:43.404">
  <mem-info id="2866" free="31457280" total="71303168" percent="44">
    <remembered-set count="51296" freebytes="2641024" totalbytes="2846208" percent="92" regionsoverflowed="0" regionsstable="0" regionsrebuilding="10"/>
  </mem-info>
</gc-start>
<gc-end id="2867" type="global mark phase" contextid="2740" durationms="0.206" usertimems="0.000" systemtimems="0.000" timestamp="2019-06-15T00:49:43.404" activeThreads="1">
  <mem-info id="2868" free="31457280" total="71303168" percent="44">
    <remembered-set count="51296" freebytes="2641024" totalbytes="2846208" percent="92" regionsoverflowed="0" regionsstable="0" regionsrebuilding="10"/>
  </mem-info>
</gc-end>
<concurrent-start id="2869" type="GMP work packet processing" contextid="2740" timestamp="2019-06-15T00:49:43.404">
  <concurrent-mark-start scanTarget="1048576" />
</concurrent-start>
<exclusive-end id="2870" timestamp="2019-06-15T00:49:43.405" durationms="1.027" />

<concurrent-end id="2871" type="GMP work packet processing" contextid="2740" timestamp="2019-06-15T00:49:43.406">
  <concurrent-mark-end bytesScanned="1097900" reasonForTermination="Work target met" />
</concurrent-end>

<exclusive-start id="2872" timestamp="2019-06-15T00:49:43.408" intervalms="4.759">
  <response-info timems="0.078" idlems="0.078" threads="0" lastid="000000000118C700" lastname="main" />
</exclusive-start>
<allocation-taxation id="2873" taxation-threshold="11534336" timestamp="2019-06-15T00:49:43.409" intervalms="4.726" />
<cycle-start id="2874" type="partial gc" contextid="0" timestamp="2019-06-15T00:49:43.409" intervalms="12.587" />
<gc-start id="2875" type="partial gc" contextid="2874" timestamp="2019-06-15T00:49:43.409">
  <mem-info id="2876" free="19922944" total="71303168" percent="27">
    <mem type="eden" free="1048552" total="24117248" percent="4" />
    <remembered-set count="51296" freebytes="2641024" totalbytes="2846208" percent="92" regionsoverflowed="0" regionsstable="0" regionsrebuilding="10"/>
  </mem-info>
</gc-start>
<allocation-stats totalBytes="22990680" >
  <allocated-bytes non-tlh="0" tlh="22990680" arrayletleaf="0"/>
  <largest-consumer threadName="main" threadId="000000000118C700" bytes="11496560" />
</allocation-stats>
<gc-op id="2877" type="copy forward" timems="1.528" contextid="2874" timestamp="2019-06-15T00:49:43.412">
  <memory-copied type="eden" objects="1" bytes="24" bytesdiscarded="0" />
  <memory-copied type="other" objects="0" bytes="0" bytesdiscarded="0" />
  <memory-cardclean objects="19" bytes="440" />
  <regions eden="22" other="1" />
  <remembered-set-cleared processed="49433" cleared="5" durationms="0.399" />
  <stringconstants candidates="13708" cleared="0"  />
</gc-op>
<gc-op id="2878" type="classunload" timems="0.004" contextid="2874" timestamp="2019-06-15T00:49:43.412">
  <classunload-info classloadercandidates="53" classloadersunloaded="0" classesunloaded="0" anonymousclassesunloaded="0" quiescems="0.000" setupms="0.003" scanms="0.000" postms="0.000" />
</gc-op>
<gc-end id="2879" type="partial gc" contextid="2874" durationms="2.869" usertimems="4.000" systemtimems="0.000" timestamp="2019-06-15T00:49:43.412" activeThreads="1">
  <mem-info id="2880" free="42991616" total="71303168" percent="60">
    <mem type="eden" free="1048552" total="1048576" percent="99" />
    <remembered-set count="51776" freebytes="2639104" totalbytes="2846208" percent="92" regionsoverflowed="0" regionsstable="0" regionsrebuilding="10"/>
  </mem-info>
</gc-end>
<cycle-end id="2881" type="partial gc" contextid="2874" timestamp="2019-06-15T00:49:43.412" />
  <attribute name="elasticGC enabled" value="1" />
  <attribute name= "numThreadsSpecified" value="1" />
  <attribute name="heapSize specified" value="0" />
  <attribute name="Current GC Util" value="161" />
  <attribute name= "Current Time Running" value="20305" />
  <attribute name ="GC Interval" value="0" />
  <attribute name="ProportionalT" value="70.500000" />
  <attribute name="ProportionalI" value="70.500000" />
  <attribute name="ProportionalH" value="70.500000" />
  <attribute name="Current Error" value="141.000000" />
  <attribute name="IntegralT" value="0.000000" />
  <attribute name="IntegralI" value="0.000000" />
  <attribute name="IntegralH" value="0.000000" />
  <attribute name="DerivativeT" value="inf" />
  <attribute name="DerivativeI" value="inf" />
  <attribute name="DerivativeH" value="inf" />
  <attribute name="Loop Time for DT" value="0.000000" />
  <attribute name="Output H" value="8388608"/>
  <attribute name="Output I" value="200"/>
  <attribute name="Output T" value="1"/>
  <attribute name="Target GC Util Change" value ="20.000000" />
  <attribute name="Current GC Util Change" value="161.000000"/>
  <attribute name="GC Util currently" value="161" />
  <attribute name="CPU Util currently" value="12433838876589" />
<exclusive-end id="2882" timestamp="2019-06-15T00:49:43.412" durationms="4.099" />

<exclusive-start id="2883" timestamp="2019-06-15T00:49:43.416" intervalms="7.835">
  <response-info timems="0.078" idlems="0.078" threads="0" lastid="000000000118C700" lastname="main" />
</exclusive-start>
<allocation-taxation id="2884" taxation-threshold="11534336" timestamp="2019-06-15T00:49:43.416" intervalms="7.876" />
<gc-start id="2885" type="global mark phase" contextid="2740" timestamp="2019-06-15T00:49:43.417">
  <mem-info id="2886" free="31457280" total="71303168" percent="44">
    <remembered-set count="51296" freebytes="2641024" totalbytes="2846208" percent="92" regionsoverflowed="0" regionsstable="0" regionsrebuilding="10"/>
  </mem-info>
</gc-start>
<gc-end id="2887" type="global mark phase" contextid="2740" durationms="0.148" usertimems="0.000" systemtimems="0.000" timestamp="2019-06-15T00:49:43.417" activeThreads="1">
  <mem-info id="2888" free="31457280" total="71303168" percent="44">
    <remembered-set count="51296" freebytes="2641024" totalbytes="2846208" percent="92" regionsoverflowed="0" regionsstable="0" regionsrebuilding="10"/>
  </mem-info>
</gc-end>
<concurrent-start id="2889" type="GMP work packet processing" contextid="2740" timestamp="2019-06-15T00:49:43.417">
  <concurrent-mark-start scanTarget="1048576" />
</concurrent-start>
<exclusive-end id="2890" timestamp="2019-06-15T00:49:43.417" durationms="0.933" />

<concurrent-end id="2891" type="GMP work packet processing" contextid="2740" timestamp="2019-06-15T00:49:43.418">
  <concurrent-mark-end bytesScanned="1091032" reasonForTermination="Work target met" />
</concurrent-end>

<exclusive-start id="2892" timestamp="2019-06-15T00:49:43.421" intervalms="4.656">
  <response-info timems="0.070" idlems="0.070" threads="0" lastid="000000000118C700" lastname="main" />
</exclusive-start>
<allocation-taxation id="2893" taxation-threshold="11534336" timestamp="2019-06-15T00:49:43.421" intervalms="4.673" />
<cycle-start id="2894" type="partial gc" contextid="0" timestamp="2019-06-15T00:49:43.421" intervalms="12.549" />
<gc-start id="2895" type="partial gc" contextid="2894" timestamp="2019-06-15T00:49:43.422">
  <mem-info id="2896" free="19922944" total="71303168" percent="27">
    <mem type="eden" free="1048552" total="24117248" percent="4" />
    <remembered-set count="52320" freebytes="2636928" totalbytes="2846208" percent="92" regionsoverflowed="0" regionsstable="0" regionsrebuilding="10"/>
  </mem-info>
</gc-start>
<allocation-stats totalBytes="22990680" >
  <allocated-bytes non-tlh="0" tlh="22990680" arrayletleaf="0"/>
  <largest-consumer threadName="main" threadId="000000000118C700" bytes="11496560" />
</allocation-stats>
<gc-op id="2897" type="copy forward" timems="1.569" contextid="2894" timestamp="2019-06-15T00:49:43.424">
  <memory-copied type="eden" objects="1" bytes="24" bytesdiscarded="0" />
  <memory-copied type="other" objects="0" bytes="0" bytesdiscarded="0" />
  <memory-cardclean objects="19" bytes="440" />
  <regions eden="22" other="1" />
  <remembered-set-cleared processed="50425" cleared="5" durationms="0.393" />
  <stringconstants candidates="13708" cleared="0"  />
</gc-op>
<gc-op id="2898" type="classunload" timems="0.017" contextid="2894" timestamp="2019-06-15T00:49:43.424">
  <classunload-info classloadercandidates="53" classloadersunloaded="0" classesunloaded="0" anonymousclassesunloaded="0" quiescems="0.000" setupms="0.017" scanms="0.000" postms="0.000" />
</gc-op>
<gc-end id="2899" type="partial gc" contextid="2894" durationms="2.847" usertimems="4.000" systemtimems="0.000" timestamp="2019-06-15T00:49:43.424" activeThreads="1">
  <mem-info id="2900" free="42991616" total="71303168" percent="60">
    <mem type="eden" free="1048552" total="1048576" percent="99" />
    <remembered-set count="52800" freebytes="2635008" totalbytes="2846208" percent="92" regionsoverflowed="0" regionsstable="0" regionsrebuilding="10"/>
  </mem-info>
</gc-end>
<cycle-end id="2901" type="partial gc" contextid="2894" timestamp="2019-06-15T00:49:43.425" />
  <attribute name="elasticGC enabled" value="1" />
  <attribute name= "numThreadsSpecified" value="1" />
  <attribute name="heapSize specified" value="0" />
  <attribute name="Current GC Util" value="146" />
  <attribute name= "Current Time Running" value="20317" />
  <attribute name ="GC Interval" value="0" />
  <attribute name="ProportionalT" value="63.000000" />
  <attribute name="ProportionalI" value="63.000000" />
  <attribute name="ProportionalH" value="63.000000" />
  <attribute name="Current Error" value="126.000000" />
  <attribute name="IntegralT" value="0.000000" />
  <attribute name="IntegralI" value="0.000000" />
  <attribute name="IntegralH" value="0.000000" />
  <attribute name="DerivativeT" value="inf" />
  <attribute name="DerivativeI" value="inf" />
  <attribute name="DerivativeH" value="inf" />
  <attribute name="Loop Time for DT" value="0.000000" />
  <attribute name="Output H" value="8388608"/>
  <attribute name="Output I" value="200"/>
  <attribute name="Output T" value="1"/>
  <attribute name="Target GC Util Change" value ="20.000000" />
  <attribute name="Current GC Util Change" value="146.000000"/>
  <attribute name="GC Util currently" value="146" />
  <attribute name="CPU Util currently" value="11863590219066" />
<exclusive-end id="2902" timestamp="2019-06-15T00:49:43.425" durationms="4.125" />

<exclusive-start id="2903" timestamp="2019-06-15T00:49:43.429" intervalms="7.797">
  <response-info timems="0.079" idlems="0.079" threads="0" lastid="000000000118C700" lastname="main" />
</exclusive-start>
<allocation-taxation id="2904" taxation-threshold="11534336" timestamp="2019-06-15T00:49:43.429" intervalms="7.775" />
<gc-start id="2905" type="global mark phase" contextid="2740" timestamp="2019-06-15T00:49:43.429">
  <mem-info id="2906" free="31457280" total="71303168" percent="44">
    <remembered-set count="52320" freebytes="2636928" totalbytes="2846208" percent="92" regionsoverflowed="0" regionsstable="0" regionsrebuilding="10"/>
  </mem-info>
</gc-start>
<gc-end id="2907" type="global mark phase" contextid="2740" durationms="0.163" usertimems="0.000" systemtimems="0.000" timestamp="2019-06-15T00:49:43.429" activeThreads="1">
  <mem-info id="2908" free="31457280" total="71303168" percent="44">
    <remembered-set count="52320" freebytes="2636928" totalbytes="2846208" percent="92" regionsoverflowed="0" regionsstable="0" regionsrebuilding="10"/>
  </mem-info>
</gc-end>
<concurrent-start id="2909" type="GMP work packet processing" contextid="2740" timestamp="2019-06-15T00:49:43.429">
  <concurrent-mark-start scanTarget="1048576" />
</concurrent-start>
<exclusive-end id="2910" timestamp="2019-06-15T00:49:43.430" durationms="0.907" />

<concurrent-end id="2911" type="GMP work packet processing" contextid="2740" timestamp="2019-06-15T00:49:43.431">
  <concurrent-mark-end bytesScanned="1097284" reasonForTermination="Work target met" />
</concurrent-end>

<exclusive-start id="2912" timestamp="2019-06-15T00:49:43.433" intervalms="4.559">
  <response-info timems="0.024" idlems="0.024" threads="0" lastid="000000000118C700" lastname="main" />
</exclusive-start>
<allocation-taxation id="2913" taxation-threshold="11534336" timestamp="2019-06-15T00:49:43.433" intervalms="4.387" />
<cycle-start id="2914" type="partial gc" contextid="0" timestamp="2019-06-15T00:49:43.433" intervalms="12.000" />
<gc-start id="2915" type="partial gc" contextid="2914" timestamp="2019-06-15T00:49:43.433">
  <mem-info id="2916" free="19922944" total="71303168" percent="27">
    <mem type="eden" free="1048552" total="24117248" percent="4" />
    <remembered-set count="54368" freebytes="2628736" totalbytes="2846208" percent="92" regionsoverflowed="0" regionsstable="0" regionsrebuilding="10"/>
  </mem-info>
</gc-start>
<allocation-stats totalBytes="22990680" >
  <allocated-bytes non-tlh="0" tlh="22990680" arrayletleaf="0"/>
  <largest-consumer threadName="main" threadId="000000000118C700" bytes="11496560" />
</allocation-stats>
<gc-op id="2917" type="copy forward" timems="1.507" contextid="2914" timestamp="2019-06-15T00:49:43.436">
  <memory-copied type="eden" objects="1" bytes="24" bytesdiscarded="0" />
  <memory-copied type="other" objects="0" bytes="0" bytesdiscarded="0" />
  <memory-cardclean objects="19" bytes="440" />
  <regions eden="22" other="1" />
  <remembered-set-cleared processed="52540" cleared="5" durationms="0.396" />
  <stringconstants candidates="13708" cleared="0"  />
</gc-op>
<gc-op id="2918" type="classunload" timems="0.003" contextid="2914" timestamp="2019-06-15T00:49:43.436">
  <classunload-info classloadercandidates="53" classloadersunloaded="0" classesunloaded="0" anonymousclassesunloaded="0" quiescems="0.000" setupms="0.003" scanms="0.000" postms="0.000" />
</gc-op>
<gc-end id="2919" type="partial gc" contextid="2914" durationms="2.600" usertimems="4.000" systemtimems="0.000" timestamp="2019-06-15T00:49:43.436" activeThreads="1">
  <mem-info id="2920" free="42991616" total="71303168" percent="60">
    <mem type="eden" free="1048552" total="1048576" percent="99" />
    <remembered-set count="54848" freebytes="2626816" totalbytes="2846208" percent="92" regionsoverflowed="0" regionsstable="0" regionsrebuilding="10"/>
  </mem-info>
</gc-end>
<cycle-end id="2921" type="partial gc" contextid="2914" timestamp="2019-06-15T00:49:43.436" />
  <attribute name="elasticGC enabled" value="1" />
  <attribute name= "numThreadsSpecified" value="1" />
  <attribute name="heapSize specified" value="0" />
  <attribute name="Current GC Util" value="167" />
  <attribute name= "Current Time Running" value="20329" />
  <attribute name ="GC Interval" value="0" />
  <attribute name="ProportionalT" value="73.500000" />
  <attribute name="ProportionalI" value="73.500000" />
  <attribute name="ProportionalH" value="73.500000" />
  <attribute name="Current Error" value="147.000000" />
  <attribute name="IntegralT" value="0.000000" />
  <attribute name="IntegralI" value="0.000000" />
  <attribute name="IntegralH" value="0.000000" />
  <attribute name="DerivativeT" value="inf" />
  <attribute name="DerivativeI" value="inf" />
  <attribute name="DerivativeH" value="inf" />
  <attribute name="Loop Time for DT" value="0.000000" />
  <attribute name="Output H" value="8388608"/>
  <attribute name="Output I" value="200"/>
  <attribute name="Output T" value="1"/>
  <attribute name="Target GC Util Change" value ="20.000000" />
  <attribute name="Current GC Util Change" value="167.000000"/>
  <attribute name="GC Util currently" value="167" />
  <attribute name="CPU Util currently" value="13564141319433" />
<exclusive-end id="2922" timestamp="2019-06-15T00:49:43.437" durationms="3.343" />

<exclusive-start id="2923" timestamp="2019-06-15T00:49:43.440" intervalms="7.028">
  <response-info timems="0.078" idlems="0.078" threads="0" lastid="000000000118C700" lastname="main" />
</exclusive-start>
<allocation-taxation id="2924" taxation-threshold="11534336" timestamp="2019-06-15T00:49:43.441" intervalms="7.226" />
<gc-start id="2925" type="global mark phase" contextid="2740" timestamp="2019-06-15T00:49:43.441">
  <mem-info id="2926" free="31457280" total="71303168" percent="44">
    <remembered-set count="54368" freebytes="2628736" totalbytes="2846208" percent="92" regionsoverflowed="0" regionsstable="0" regionsrebuilding="10"/>
  </mem-info>
</gc-start>
<gc-end id="2927" type="global mark phase" contextid="2740" durationms="0.151" usertimems="0.000" systemtimems="0.000" timestamp="2019-06-15T00:49:43.441" activeThreads="1">
  <mem-info id="2928" free="31457280" total="71303168" percent="44">
    <remembered-set count="54368" freebytes="2628736" totalbytes="2846208" percent="92" regionsoverflowed="0" regionsstable="0" regionsrebuilding="10"/>
  </mem-info>
</gc-end>
<concurrent-start id="2929" type="GMP work packet processing" contextid="2740" timestamp="2019-06-15T00:49:43.441">
  <concurrent-mark-start scanTarget="1048576" />
</concurrent-start>
<exclusive-end id="2930" timestamp="2019-06-15T00:49:43.441" durationms="1.058" />

<concurrent-end id="2931" type="GMP work packet processing" contextid="2740" timestamp="2019-06-15T00:49:43.442">
  <concurrent-mark-end bytesScanned="1090540" reasonForTermination="Work target met" />
</concurrent-end>

<exclusive-start id="2932" timestamp="2019-06-15T00:49:43.445" intervalms="4.746">
  <response-info timems="0.049" idlems="0.049" threads="0" lastid="000000000118C700" lastname="main" />
</exclusive-start>
<allocation-taxation id="2933" taxation-threshold="11534336" timestamp="2019-06-15T00:49:43.445" intervalms="4.663" />
<cycle-start id="2934" type="partial gc" contextid="0" timestamp="2019-06-15T00:49:43.445" intervalms="12.079" />
<gc-start id="2935" type="partial gc" contextid="2934" timestamp="2019-06-15T00:49:43.446">
  <mem-info id="2936" free="19922944" total="71303168" percent="27">
    <mem type="eden" free="1048552" total="24117248" percent="4" />
    <remembered-set count="56448" freebytes="2620416" totalbytes="2846208" percent="92" regionsoverflowed="0" regionsstable="0" regionsrebuilding="10"/>
  </mem-info>
</gc-start>
<allocation-stats totalBytes="22990680" >
  <allocated-bytes non-tlh="0" tlh="22990680" arrayletleaf="0"/>
  <largest-consumer threadName="main" threadId="000000000118C700" bytes="11496560" />
</allocation-stats>
<gc-op id="2937" type="copy forward" timems="3.007" contextid="2934" timestamp="2019-06-15T00:49:43.450">
  <memory-copied type="eden" objects="1" bytes="24" bytesdiscarded="0" />
  <memory-copied type="other" objects="0" bytes="0" bytesdiscarded="0" />
  <memory-cardclean objects="19" bytes="440" />
  <regions eden="22" other="1" />
  <remembered-set-cleared processed="54221" cleared="5" durationms="0.286" />
  <stringconstants candidates="13708" cleared="0"  />
</gc-op>
<gc-op id="2938" type="classunload" timems="0.004" contextid="2934" timestamp="2019-06-15T00:49:43.450">
  <classunload-info classloadercandidates="53" classloadersunloaded="0" classesunloaded="0" anonymousclassesunloaded="0" quiescems="0.000" setupms="0.004" scanms="0.000" postms="0.000" />
</gc-op>
<gc-end id="2939" type="partial gc" contextid="2934" durationms="4.265" usertimems="4.000" systemtimems="4.000" timestamp="2019-06-15T00:49:43.450" activeThreads="4">
  <mem-info id="2940" free="42991616" total="71303168" percent="60">
    <mem type="eden" free="1048552" total="1048576" percent="99" />
    <remembered-set count="56000" freebytes="2622208" totalbytes="2846208" percent="92" regionsoverflowed="0" regionsstable="0" regionsrebuilding="10"/>
  </mem-info>
</gc-end>
<cycle-end id="2941" type="partial gc" contextid="2934" timestamp="2019-06-15T00:49:43.450" />
  <attribute name="elasticGC enabled" value="1" />
  <attribute name= "numThreadsSpecified" value="4" />
  <attribute name="heapSize specified" value="0" />
  <attribute name="Current GC Util" value="165" />
  <attribute name= "Current Time Running" value="20342" />
  <attribute name ="GC Interval" value="0" />
  <attribute name="ProportionalT" value="72.500000" />
  <attribute name="ProportionalI" value="72.500000" />
  <attribute name="ProportionalH" value="72.500000" />
  <attribute name="Current Error" value="145.000000" />
  <attribute name="IntegralT" value="145.000000" />
  <attribute name="IntegralI" value="145.000000" />
  <attribute name="IntegralH" value="145.000000" />
  <attribute name="DerivativeT" value="49.500000" />
  <attribute name="DerivativeI" value="49.500000" />
  <attribute name="DerivativeH" value="49.500000" />
  <attribute name="Loop Time for DT" value="1.000000" />
  <attribute name="Output H" value="8388608"/>
  <attribute name="Output I" value="272"/>
  <attribute name="Output T" value="4"/>
  <attribute name="Target GC Util Change" value ="20.000000" />
  <attribute name="Current GC Util Change" value="165.000000"/>
  <attribute name="GC Util currently" value="165" />
  <attribute name="CPU Util currently" value="11715104346158" />
<exclusive-end id="2942" timestamp="2019-06-15T00:49:43.450" durationms="5.302" />

<exclusive-start id="2943" timestamp="2019-06-15T00:49:43.454" intervalms="8.981">
  <response-info timems="0.072" idlems="0.072" threads="0" lastid="000000000118C700" lastname="main" />
</exclusive-start>
<allocation-taxation id="2944" taxation-threshold="11534336" timestamp="2019-06-15T00:49:43.454" intervalms="8.974" />
<gc-start id="2945" type="global mark phase" contextid="2740" timestamp="2019-06-15T00:49:43.454">
  <mem-info id="2946" free="31457280" total="71303168" percent="44">
    <remembered-set count="56000" freebytes="2622208" totalbytes="2846208" percent="92" regionsoverflowed="0" regionsstable="0" regionsrebuilding="10"/>
  </mem-info>
</gc-start>
<gc-end id="2947" type="global mark phase" contextid="2740" durationms="0.153" usertimems="0.000" systemtimems="0.000" timestamp="2019-06-15T00:49:43.454" activeThreads="4">
  <mem-info id="2948" free="31457280" total="71303168" percent="44">
    <remembered-set count="56000" freebytes="2622208" totalbytes="2846208" percent="92" regionsoverflowed="0" regionsstable="0" regionsrebuilding="10"/>
  </mem-info>
</gc-end>
<concurrent-start id="2949" type="GMP work packet processing" contextid="2740" timestamp="2019-06-15T00:49:43.455">
  <concurrent-mark-start scanTarget="1416657" />
</concurrent-start>
<exclusive-end id="2950" timestamp="2019-06-15T00:49:43.455" durationms="0.855" />

<concurrent-end id="2951" type="GMP work packet processing" contextid="2740" timestamp="2019-06-15T00:49:43.456">
  <concurrent-mark-end bytesScanned="1259956" reasonForTermination="Completed all work in GC phase" />
</concurrent-end>

<exclusive-start id="2952" timestamp="2019-06-15T00:49:43.458" intervalms="4.435">
  <response-info timems="0.055" idlems="0.055" threads="0" lastid="000000000118C700" lastname="main" />
</exclusive-start>
<allocation-taxation id="2953" taxation-threshold="11534336" timestamp="2019-06-15T00:49:43.458" intervalms="4.338" />
<cycle-start id="2954" type="partial gc" contextid="0" timestamp="2019-06-15T00:49:43.459" intervalms="13.187" />
<gc-start id="2955" type="partial gc" contextid="2954" timestamp="2019-06-15T00:49:43.459">
  <mem-info id="2956" free="19922944" total="71303168" percent="27">
    <mem type="eden" free="1048552" total="24117248" percent="4" />
    <remembered-set count="57024" freebytes="2618112" totalbytes="2846208" percent="91" regionsoverflowed="0" regionsstable="0" regionsrebuilding="10"/>
  </mem-info>
</gc-start>
<allocation-stats totalBytes="22990704" >
  <allocated-bytes non-tlh="0" tlh="22990704" arrayletleaf="0"/>
  <largest-consumer threadName="main" threadId="000000000118C700" bytes="11496584" />
</allocation-stats>
<gc-op id="2957" type="copy forward" timems="1.445" contextid="2954" timestamp="2019-06-15T00:49:43.461">
  <memory-copied type="eden" objects="1" bytes="24" bytesdiscarded="0" />
  <memory-copied type="other" objects="0" bytes="0" bytesdiscarded="0" />
  <memory-cardclean objects="19" bytes="440" />
  <regions eden="22" other="1" />
  <remembered-set-cleared processed="54849" cleared="5" durationms="0.388" />
  <stringconstants candidates="13708" cleared="0"  />
</gc-op>
<gc-op id="2958" type="classunload" timems="0.004" contextid="2954" timestamp="2019-06-15T00:49:43.461">
  <classunload-info classloadercandidates="53" classloadersunloaded="0" classesunloaded="0" anonymousclassesunloaded="0" quiescems="0.000" setupms="0.003" scanms="0.000" postms="0.000" />
</gc-op>
<gc-end id="2959" type="partial gc" contextid="2954" durationms="2.610" usertimems="0.000" systemtimems="0.000" timestamp="2019-06-15T00:49:43.461" activeThreads="1">
  <mem-info id="2960" free="42991616" total="71303168" percent="60">
    <mem type="eden" free="1048552" total="1048576" percent="99" />
    <remembered-set count="57504" freebytes="2616192" totalbytes="2846208" percent="91" regionsoverflowed="0" regionsstable="0" regionsrebuilding="10"/>
  </mem-info>
</gc-end>
<cycle-end id="2961" type="partial gc" contextid="2954" timestamp="2019-06-15T00:49:43.462" />
  <attribute name="elasticGC enabled" value="1" />
  <attribute name= "numThreadsSpecified" value="1" />
  <attribute name="heapSize specified" value="0" />
  <attribute name="Current GC Util" value="161" />
  <attribute name= "Current Time Running" value="20354" />
  <attribute name ="GC Interval" value="0" />
  <attribute name="ProportionalT" value="70.500000" />
  <attribute name="ProportionalI" value="70.500000" />
  <attribute name="ProportionalH" value="70.500000" />
  <attribute name="Current Error" value="141.000000" />
  <attribute name="IntegralT" value="0.000000" />
  <attribute name="IntegralI" value="0.000000" />
  <attribute name="IntegralH" value="0.000000" />
  <attribute name="DerivativeT" value="inf" />
  <attribute name="DerivativeI" value="inf" />
  <attribute name="DerivativeH" value="inf" />
  <attribute name="Loop Time for DT" value="0.000000" />
  <attribute name="Output H" value="8388608"/>
  <attribute name="Output I" value="200"/>
  <attribute name="Output T" value="1"/>
  <attribute name="Target GC Util Change" value ="20.000000" />
  <attribute name="Current GC Util Change" value="161.000000"/>
  <attribute name="GC Util currently" value="161" />
  <attribute name="CPU Util currently" value="13520397697104" />
<exclusive-end id="2962" timestamp="2019-06-15T00:49:43.462" durationms="3.494" />

<exclusive-start id="2963" timestamp="2019-06-15T00:49:43.466" intervalms="7.207">
  <response-info timems="0.078" idlems="0.078" threads="0" lastid="000000000118C700" lastname="main" />
</exclusive-start>
<allocation-taxation id="2964" taxation-threshold="11534336" timestamp="2019-06-15T00:49:43.466" intervalms="7.332" />
<gc-start id="2965" type="global mark phase" contextid="2740" timestamp="2019-06-15T00:49:43.466">
  <mem-info id="2966" free="31457280" total="71303168" percent="44">
    <remembered-set count="57024" freebytes="2618112" totalbytes="2846208" percent="91" regionsoverflowed="0" regionsstable="0" regionsrebuilding="10"/>
  </mem-info>
</gc-start>
<gc-op id="2967" type="mark increment" timems="4.016" contextid="2740" timestamp="2019-06-15T00:49:43.470">
  <trace-info objectcount="1390" scancount="1024" scanbytes="26448" />
  <cardclean-info objects="61754" bytes="1928612" />
  <finalization candidates="80" enqueued="0" />
  <ownableSynchronizers candidates="21" cleared="0" />
  <references type="soft" candidates="3555" cleared="234" enqueued="117" dynamicThreshold="19" maxThreshold="32" />
  <references type="weak" candidates="5670" cleared="4" enqueued="3" />
  <references type="phantom" candidates="101" cleared="0" enqueued="0" />
  <stringconstants candidates="13708" cleared="25"  />
</gc-op>
<gc-op id="2968" type="classunload" timems="0.004" contextid="2740" timestamp="2019-06-15T00:49:43.470">
  <classunload-info classloadercandidates="53" classloadersunloaded="0" classesunloaded="0" anonymousclassesunloaded="0" quiescems="0.000" setupms="0.004" scanms="0.000" postms="0.000" />
</gc-op>
<gc-end id="2969" type="global mark phase" contextid="2740" durationms="4.555" usertimems="12.000" systemtimems="0.000" timestamp="2019-06-15T00:49:43.471" activeThreads="4">
  <mem-info id="2970" free="31457280" total="71303168" percent="44">
    <pending-finalizers system="0" default="0" reference="120" classloader="0" />
    <remembered-set count="59072" freebytes="2609920" totalbytes="2846208" percent="91" regionsoverflowed="0" regionsstable="0" regionsrebuilding="0"/>
  </mem-info>
</gc-end>
<cycle-end id="2971" type="global mark phase" contextid="2740" timestamp="2019-06-15T00:49:43.471" />
  <attribute name="elasticGC enabled" value="1" />
  <attribute name= "numThreadsSpecified" value="4" />
  <attribute name="heapSize specified" value="0" />
  <attribute name="Current GC Util" value="163" />
  <attribute name= "Current Time Running" value="20363" />
  <attribute name ="GC Interval" value="0" />
  <attribute name="ProportionalT" value="71.500000" />
  <attribute name="ProportionalI" value="71.500000" />
  <attribute name="ProportionalH" value="71.500000" />
  <attribute name="Current Error" value="143.000000" />
  <attribute name="IntegralT" value="0.000000" />
  <attribute name="IntegralI" value="0.000000" />
  <attribute name="IntegralH" value="0.000000" />
  <attribute name="DerivativeT" value="-inf" />
  <attribute name="DerivativeI" value="-inf" />
  <attribute name="DerivativeH" value="-inf" />
  <attribute name="Loop Time for DT" value="0.000000" />
  <attribute name="Output H" value="2091843584"/>
  <attribute name="Output I" value="200"/>
  <attribute name="Output T" value="4"/>
  <attribute name="Target GC Util Change" value ="20.000000" />
  <attribute name="Current GC Util Change" value="163.000000"/>
  <attribute name="GC Util currently" value="163" />
  <attribute name="CPU Util currently" value="8722673062292" />
<exclusive-end id="2972" timestamp="2019-06-15T00:49:43.471" durationms="5.203" />

<exclusive-start id="2973" timestamp="2019-06-15T00:49:43.474" intervalms="8.882">
  <response-info timems="0.075" idlems="0.075" threads="0" lastid="000000000118C700" lastname="main" />
</exclusive-start>
<allocation-taxation id="2974" taxation-threshold="11534336" timestamp="2019-06-15T00:49:43.475" intervalms="8.827" />
<cycle-start id="2975" type="partial gc" contextid="0" timestamp="2019-06-15T00:49:43.475" intervalms="16.212" />
<gc-start id="2976" type="partial gc" contextid="2975" timestamp="2019-06-15T00:49:43.475">
  <mem-info id="2977" free="19922944" total="71303168" percent="27">
    <mem type="eden" free="1048552" total="24117248" percent="4" />
    <remembered-set count="46720" freebytes="2659328" totalbytes="2846208" percent="93" regionsoverflowed="0" regionsstable="8" regionsrebuilding="0"/>
  </mem-info>
</gc-start>
<allocation-stats totalBytes="22991080" >
  <allocated-bytes non-tlh="0" tlh="22991080" arrayletleaf="0"/>
  <largest-consumer threadName="main" threadId="000000000118C700" bytes="11492888" />
</allocation-stats>
<gc-op id="2978" type="sweep" timems="1.014" contextid="2975" timestamp="2019-06-15T00:49:43.476" />
<gc-op id="2979" type="copy forward" timems="1.230" contextid="2975" timestamp="2019-06-15T00:49:43.478">
  <memory-copied type="eden" objects="2" bytes="544" bytesdiscarded="0" />
  <memory-copied type="other" objects="0" bytes="0" bytesdiscarded="0" />
  <memory-cardclean objects="32" bytes="2472" />
  <regions eden="11" other="1" />
  <remembered-set-cleared processed="45503" cleared="10" durationms="0.358" />
  <stringconstants candidates="13683" cleared="0"  />
</gc-op>
<gc-op id="2980" type="classunload" timems="0.003" contextid="2975" timestamp="2019-06-15T00:49:43.478">
  <classunload-info classloadercandidates="53" classloadersunloaded="0" classesunloaded="0" anonymousclassesunloaded="0" quiescems="0.000" setupms="0.003" scanms="0.000" postms="0.000" />
</gc-op>
<gc-end id="2981" type="partial gc" contextid="2975" durationms="3.684" usertimems="4.000" systemtimems="0.000" timestamp="2019-06-15T00:49:43.479" activeThreads="1">
  <mem-info id="2982" free="42991616" total="71303168" percent="60">
    <mem type="eden" free="1048032" total="1048576" percent="99" />
    <remembered-set count="47168" freebytes="2657536" totalbytes="2846208" percent="93" regionsoverflowed="0" regionsstable="8" regionsrebuilding="0"/>
  </mem-info>
</gc-end>
<cycle-end id="2983" type="partial gc" contextid="2975" timestamp="2019-06-15T00:49:43.479" />
  <attribute name="elasticGC enabled" value="1" />
  <attribute name= "numThreadsSpecified" value="1" />
  <attribute name="heapSize specified" value="0" />
  <attribute name="Current GC Util" value="167" />
  <attribute name= "Current Time Running" value="20372" />
  <attribute name ="GC Interval" value="0" />
  <attribute name="ProportionalT" value="73.500000" />
  <attribute name="ProportionalI" value="73.500000" />
  <attribute name="ProportionalH" value="73.500000" />
  <attribute name="Current Error" value="147.000000" />
  <attribute name="IntegralT" value="0.000000" />
  <attribute name="IntegralI" value="0.000000" />
  <attribute name="IntegralH" value="0.000000" />
  <attribute name="DerivativeT" value="inf" />
  <attribute name="DerivativeI" value="inf" />
  <attribute name="DerivativeH" value="inf" />
  <attribute name="Loop Time for DT" value="0.000000" />
  <attribute name="Output H" value="8388608"/>
  <attribute name="Output I" value="200"/>
  <attribute name="Output T" value="1"/>
  <attribute name="Target GC Util Change" value ="20.000000" />
  <attribute name="Current GC Util Change" value="167.000000"/>
  <attribute name="GC Util currently" value="167" />
  <attribute name="CPU Util currently" value="14246614099729" />
<exclusive-end id="2984" timestamp="2019-06-15T00:49:43.479" durationms="4.724" />

<exclusive-start id="2985" timestamp="2019-06-15T00:49:43.487" intervalms="12.154">
  <response-info timems="0.075" idlems="0.075" threads="0" lastid="000000000118C700" lastname="main" />
</exclusive-start>
<allocation-taxation id="2986" taxation-threshold="24117248" timestamp="2019-06-15T00:49:43.487" intervalms="12.211" />
<cycle-start id="2987" type="partial gc" contextid="0" timestamp="2019-06-15T00:49:43.487" intervalms="12.205" />
<gc-start id="2988" type="partial gc" contextid="2987" timestamp="2019-06-15T00:49:43.487">
  <mem-info id="2989" free="18874368" total="71303168" percent="26">
    <mem type="eden" free="0" total="24117248" percent="0" />
    <remembered-set count="46720" freebytes="2659328" totalbytes="2846208" percent="93" regionsoverflowed="0" regionsstable="8" regionsrebuilding="0"/>
  </mem-info>
</gc-start>
<allocation-stats totalBytes="24035824" >
  <allocated-bytes non-tlh="0" tlh="24035824" arrayletleaf="0"/>
  <largest-consumer threadName="main" threadId="000000000118C700" bytes="24035824" />
</allocation-stats>
<gc-op id="2990" type="copy forward" timems="1.301" contextid="2987" timestamp="2019-06-15T00:49:43.489">
  <memory-copied type="eden" objects="1" bytes="24" bytesdiscarded="0" />
  <memory-copied type="other" objects="59" bytes="6672" bytesdiscarded="0" />
  <memory-cardclean objects="86" bytes="10944" />
  <regions eden="23" other="5" />
  <remembered-set-cleared processed="45492" cleared="62" durationms="0.355" />
  <references type="weak" candidates="34" cleared="0" enqueued="0" />
  <stringconstants candidates="13683" cleared="0"  />
</gc-op>
<gc-op id="2991" type="classunload" timems="0.004" contextid="2987" timestamp="2019-06-15T00:49:43.489">
  <classunload-info classloadercandidates="53" classloadersunloaded="0" classesunloaded="0" anonymousclassesunloaded="0" quiescems="0.000" setupms="0.003" scanms="0.000" postms="0.000" />
</gc-op>
<heap-resize id="2992" type="contract" space="default" amount="1048576" count="1" timems="0.057" reason="excess free space following gc" timestamp="2019-06-15T00:49:43.490" />
<gc-end id="2993" type="partial gc" contextid="2987" durationms="2.563" usertimems="4.000" systemtimems="0.000" timestamp="2019-06-15T00:49:43.490" activeThreads="1">
  <mem-info id="2994" free="42991616" total="70254592" percent="61">
    <mem type="eden" free="1048552" total="1048576" percent="99" />
    <remembered-set count="47040" freebytes="2658048" totalbytes="2846208" percent="93" regionsoverflowed="0" regionsstable="8" regionsrebuilding="0"/>
  </mem-info>
</gc-end>
<cycle-end id="2995" type="partial gc" contextid="2987" timestamp="2019-06-15T00:49:43.490" />
  <attribute name="elasticGC enabled" value="1" />
  <attribute name= "numThreadsSpecified" value="1" />
  <attribute name="heapSize specified" value="0" />
  <attribute name="Current GC Util" value="274" />
  <attribute name= "Current Time Running" value="20383" />
  <attribute name ="GC Interval" value="0" />
  <attribute name="ProportionalT" value="127.000000" />
  <attribute name="ProportionalI" value="127.000000" />
  <attribute name="ProportionalH" value="127.000000" />
  <attribute name="Current Error" value="254.000000" />
  <attribute name="IntegralT" value="0.000000" />
  <attribute name="IntegralI" value="0.000000" />
  <attribute name="IntegralH" value="0.000000" />
  <attribute name="DerivativeT" value="inf" />
  <attribute name="DerivativeI" value="inf" />
  <attribute name="DerivativeH" value="inf" />
  <attribute name="Loop Time for DT" value="0.000000" />
  <attribute name="Output H" value="8388608"/>
  <attribute name="Output I" value="200"/>
  <attribute name="Output T" value="1"/>
  <attribute name="Target GC Util Change" value ="20.000000" />
  <attribute name="Current GC Util Change" value="274.000000"/>
  <attribute name="GC Util currently" value="274" />
  <attribute name="CPU Util currently" value="12392308212353" />
<exclusive-end id="2996" timestamp="2019-06-15T00:49:43.490" durationms="3.601" />

<exclusive-start id="2997" timestamp="2019-06-15T00:49:43.498" intervalms="10.997">
  <response-info timems="0.075" idlems="0.075" threads="0" lastid="000000000118C700" lastname="main" />
</exclusive-start>
<allocation-taxation id="2998" taxation-threshold="24117248" timestamp="2019-06-15T00:49:43.498" intervalms="10.967" />
<cycle-start id="2999" type="partial gc" contextid="0" timestamp="2019-06-15T00:49:43.498" intervalms="10.977" />
<gc-start id="3000" type="partial gc" contextid="2999" timestamp="2019-06-15T00:49:43.498">
  <mem-info id="3001" free="18874368" total="70254592" percent="26">
    <mem type="eden" free="1048552" total="25165824" percent="4" />
    <remembered-set count="46816" freebytes="2658944" totalbytes="2846208" percent="93" regionsoverflowed="0" regionsstable="8" regionsrebuilding="0"/>
  </mem-info>
</gc-start>
<allocation-stats totalBytes="24035824" >
  <allocated-bytes non-tlh="0" tlh="24035824" arrayletleaf="0"/>
  <largest-consumer threadName="main" threadId="000000000118C700" bytes="24035824" />
</allocation-stats>
<gc-op id="3002" type="copy forward" timems="3.039" contextid="2999" timestamp="2019-06-15T00:49:43.502">
  <memory-copied type="eden" objects="1" bytes="24" bytesdiscarded="0" />
  <memory-copied type="other" objects="7" bytes="160" bytesdiscarded="0" />
  <memory-cardclean objects="10745" bytes="575832" />
  <regions eden="23" other="2" />
  <remembered-set-cleared processed="43735" cleared="4836" durationms="0.412" />
  <stringconstants candidates="13683" cleared="0"  />
</gc-op>
<gc-op id="3003" type="classunload" timems="0.003" contextid="2999" timestamp="2019-06-15T00:49:43.502">
  <classunload-info classloadercandidates="53" classloadersunloaded="0" classesunloaded="0" anonymousclassesunloaded="0" quiescems="0.000" setupms="0.003" scanms="0.000" postms="0.000" />
</gc-op>
<gc-end id="3004" type="partial gc" contextid="2999" durationms="4.415" usertimems="4.000" systemtimems="0.000" timestamp="2019-06-15T00:49:43.503" activeThreads="1">
  <mem-info id="3005" free="42991616" total="70254592" percent="61">
    <mem type="eden" free="1048552" total="1048576" percent="99" />
    <remembered-set count="44384" freebytes="2626816" totalbytes="2804352" percent="93" regionsoverflowed="0" regionsstable="8" regionsrebuilding="0"/>
  </mem-info>
</gc-end>
<cycle-end id="3006" type="partial gc" contextid="2999" timestamp="2019-06-15T00:49:43.503" />
  <attribute name="elasticGC enabled" value="1" />
  <attribute name= "numThreadsSpecified" value="1" />
  <attribute name="heapSize specified" value="0" />
  <attribute name="Current GC Util" value="183" />
  <attribute name= "Current Time Running" value="20394" />
  <attribute name ="GC Interval" value="0" />
  <attribute name="ProportionalT" value="81.500000" />
  <attribute name="ProportionalI" value="81.500000" />
  <attribute name="ProportionalH" value="81.500000" />
  <attribute name="Current Error" value="163.000000" />
  <attribute name="IntegralT" value="0.000000" />
  <attribute name="IntegralI" value="0.000000" />
  <attribute name="IntegralH" value="0.000000" />
  <attribute name="DerivativeT" value="inf" />
  <attribute name="DerivativeI" value="inf" />
  <attribute name="DerivativeH" value="inf" />
  <attribute name="Loop Time for DT" value="0.000000" />
  <attribute name="Output H" value="8388608"/>
  <attribute name="Output I" value="200"/>
  <attribute name="Output T" value="1"/>
  <attribute name="Target GC Util Change" value ="20.000000" />
  <attribute name="Current GC Util Change" value="183.000000"/>
  <attribute name="GC Util currently" value="183" />
  <attribute name="CPU Util currently" value="8616655961214" />
<exclusive-end id="3007" timestamp="2019-06-15T00:49:43.503" durationms="5.452" />

<exclusive-start id="3008" timestamp="2019-06-15T00:49:43.511" intervalms="12.893">
  <response-info timems="0.081" idlems="0.081" threads="0" lastid="000000000118C700" lastname="main" />
</exclusive-start>
<allocation-taxation id="3009" taxation-threshold="24117248" timestamp="2019-06-15T00:49:43.511" intervalms="12.927" />
<cycle-start id="3010" type="partial gc" contextid="0" timestamp="2019-06-15T00:49:43.511" intervalms="12.953" />
<gc-start id="3011" type="partial gc" contextid="3010" timestamp="2019-06-15T00:49:43.511">
  <mem-info id="3012" free="18874368" total="70254592" percent="26">
    <mem type="eden" free="1048552" total="25165824" percent="4" />
    <remembered-set count="44384" freebytes="2626816" totalbytes="2804352" percent="93" regionsoverflowed="0" regionsstable="8" regionsrebuilding="0"/>
  </mem-info>
</gc-start>
<allocation-stats totalBytes="24035824" >
  <allocated-bytes non-tlh="0" tlh="24035824" arrayletleaf="0"/>
  <largest-consumer threadName="main" threadId="000000000118C700" bytes="24035824" />
</allocation-stats>
<gc-op id="3013" type="copy forward" timems="2.917" contextid="3010" timestamp="2019-06-15T00:49:43.515">
  <memory-copied type="eden" objects="1" bytes="24" bytesdiscarded="0" />
  <memory-copied type="other" objects="24" bytes="544" bytesdiscarded="608" />
  <memory-cardclean objects="60" bytes="1544" />
  <regions eden="23" other="2" />
  <remembered-set-cleared processed="43365" cleared="19" durationms="0.234" />
  <stringconstants candidates="13683" cleared="0"  />
</gc-op>
<gc-op id="3014" type="classunload" timems="0.004" contextid="3010" timestamp="2019-06-15T00:49:43.515">
  <classunload-info classloadercandidates="53" classloadersunloaded="0" classesunloaded="0" anonymousclassesunloaded="0" quiescems="0.000" setupms="0.003" scanms="0.000" postms="0.000" />
</gc-op>
<gc-end id="3015" type="partial gc" contextid="3010" durationms="3.965" usertimems="0.000" systemtimems="8.000" timestamp="2019-06-15T00:49:43.515" activeThreads="4">
  <mem-info id="3016" free="42991616" total="70254592" percent="61">
    <mem type="eden" free="1048552" total="1048576" percent="99" />
    <remembered-set count="45856" freebytes="2620928" totalbytes="2804352" percent="93" regionsoverflowed="0" regionsstable="8" regionsrebuilding="0"/>
  </mem-info>
</gc-end>
<cycle-end id="3017" type="partial gc" contextid="3010" timestamp="2019-06-15T00:49:43.515" />
  <attribute name="elasticGC enabled" value="1" />
  <attribute name= "numThreadsSpecified" value="4" />
  <attribute name="heapSize specified" value="0" />
  <attribute name="Current GC Util" value="277" />
  <attribute name= "Current Time Running" value="20407" />
  <attribute name ="GC Interval" value="0" />
  <attribute name="ProportionalT" value="128.500000" />
  <attribute name="ProportionalI" value="128.500000" />
  <attribute name="ProportionalH" value="128.500000" />
  <attribute name="Current Error" value="257.000000" />
  <attribute name="IntegralT" value="257.000000" />
  <attribute name="IntegralI" value="257.000000" />
  <attribute name="IntegralH" value="257.000000" />
  <attribute name="DerivativeT" value="123.000000" />
  <attribute name="DerivativeI" value="123.000000" />
  <attribute name="DerivativeH" value="123.000000" />
  <attribute name="Loop Time for DT" value="1.000000" />
  <attribute name="Output H" value="8388608"/>
  <attribute name="Output I" value="512"/>
  <attribute name="Output T" value="4"/>
  <attribute name="Target GC Util Change" value ="20.000000" />
  <attribute name="Current GC Util Change" value="277.000000"/>
  <attribute name="GC Util currently" value="277" />
  <attribute name="CPU Util currently" value="12697897684390" />
<exclusive-end id="3018" timestamp="2019-06-15T00:49:43.515" durationms="4.867" />

<exclusive-start id="3019" timestamp="2019-06-15T00:49:43.523" intervalms="12.267">
  <response-info timems="0.078" idlems="0.078" threads="0" lastid="000000000118C700" lastname="main" />
</exclusive-start>
<allocation-taxation id="3020" taxation-threshold="24117248" timestamp="2019-06-15T00:49:43.523" intervalms="12.267" />
<cycle-start id="3021" type="partial gc" contextid="0" timestamp="2019-06-15T00:49:43.523" intervalms="12.216" />
<gc-start id="3022" type="partial gc" contextid="3021" timestamp="2019-06-15T00:49:43.523">
  <mem-info id="3023" free="18874368" total="70254592" percent="26">
    <mem type="eden" free="1048552" total="25165824" percent="4" />
    <remembered-set count="42496" freebytes="2634368" totalbytes="2804352" percent="93" regionsoverflowed="0" regionsstable="10" regionsrebuilding="0"/>
  </mem-info>
</gc-start>
<allocation-stats totalBytes="24035824" >
  <allocated-bytes non-tlh="0" tlh="24035824" arrayletleaf="0"/>
  <largest-consumer threadName="main" threadId="000000000118C700" bytes="24035824" />
</allocation-stats>
<gc-op id="3024" type="copy forward" timems="1.233" contextid="3021" timestamp="2019-06-15T00:49:43.525">
  <memory-copied type="eden" objects="1" bytes="24" bytesdiscarded="0" />
  <memory-copied type="other" objects="43" bytes="2264" bytesdiscarded="0" />
  <memory-cardclean objects="41" bytes="1400" />
  <regions eden="23" other="2" />
  <remembered-set-cleared processed="40132" cleared="27" durationms="0.321" />
  <stringconstants candidates="13683" cleared="0"  />
</gc-op>
<gc-op id="3025" type="classunload" timems="0.003" contextid="3021" timestamp="2019-06-15T00:49:43.525">
  <classunload-info classloadercandidates="53" classloadersunloaded="0" classesunloaded="0" anonymousclassesunloaded="0" quiescems="0.000" setupms="0.003" scanms="0.000" postms="0.000" />
</gc-op>
<gc-end id="3026" type="partial gc" contextid="3021" durationms="2.323" usertimems="4.000" systemtimems="0.000" timestamp="2019-06-15T00:49:43.526" activeThreads="1">
  <mem-info id="3027" free="42991616" total="70254592" percent="61">
    <mem type="eden" free="1048552" total="1048576" percent="99" />
    <remembered-set count="42944" freebytes="2632576" totalbytes="2804352" percent="93" regionsoverflowed="0" regionsstable="10" regionsrebuilding="0"/>
  </mem-info>
</gc-end>
<cycle-end id="3028" type="partial gc" contextid="3021" timestamp="2019-06-15T00:49:43.526" />
  <attribute name="elasticGC enabled" value="1" />
  <attribute name= "numThreadsSpecified" value="1" />
  <attribute name="heapSize specified" value="0" />
  <attribute name="Current GC Util" value="222" />
  <attribute name= "Current Time Running" value="20419" />
  <attribute name ="GC Interval" value="0" />
  <attribute name="ProportionalT" value="101.000000" />
  <attribute name="ProportionalI" value="101.000000" />
  <attribute name="ProportionalH" value="101.000000" />
  <attribute name="Current Error" value="202.000000" />
  <attribute name="IntegralT" value="0.000000" />
  <attribute name="IntegralI" value="0.000000" />
  <attribute name="IntegralH" value="0.000000" />
  <attribute name="DerivativeT" value="inf" />
  <attribute name="DerivativeI" value="inf" />
  <attribute name="DerivativeH" value="inf" />
  <attribute name="Loop Time for DT" value="0.000000" />
  <attribute name="Output H" value="8388608"/>
  <attribute name="Output I" value="200"/>
  <attribute name="Output T" value="1"/>
  <attribute name="Target GC Util Change" value ="20.000000" />
  <attribute name="Current GC Util Change" value="222.000000"/>
  <attribute name="GC Util currently" value="222" />
  <attribute name="CPU Util currently" value="13820145972613" />
<exclusive-end id="3029" timestamp="2019-06-15T00:49:43.526" durationms="3.340" />

<exclusive-start id="3030" timestamp="2019-06-15T00:49:43.534" intervalms="10.758">
  <response-info timems="0.076" idlems="0.076" threads="0" lastid="000000000118C700" lastname="main" />
</exclusive-start>
<allocation-taxation id="3031" taxation-threshold="24117248" timestamp="2019-06-15T00:49:43.534" intervalms="10.765" />
<cycle-start id="3032" type="partial gc" contextid="0" timestamp="2019-06-15T00:49:43.534" intervalms="10.761" />
<gc-start id="3033" type="partial gc" contextid="3032" timestamp="2019-06-15T00:49:43.534">
  <mem-info id="3034" free="18874368" total="70254592" percent="26">
    <mem type="eden" free="1048552" total="25165824" percent="4" />
    <remembered-set count="42528" freebytes="2634240" totalbytes="2804352" percent="93" regionsoverflowed="0" regionsstable="10" regionsrebuilding="0"/>
  </mem-info>
</gc-start>
<allocation-stats totalBytes="24035824" >
  <allocated-bytes non-tlh="0" tlh="24035824" arrayletleaf="0"/>
  <largest-consumer threadName="main" threadId="000000000118C700" bytes="24035824" />
</allocation-stats>
<gc-op id="3035" type="copy forward" timems="1.677" contextid="3032" timestamp="2019-06-15T00:49:43.537">
  <memory-copied type="eden" objects="1" bytes="24" bytesdiscarded="0" />
  <memory-copied type="other" objects="1275" bytes="52440" bytesdiscarded="0" />
  <memory-cardclean objects="163" bytes="10312" />
  <regions eden="23" other="2" />
  <remembered-set-cleared processed="40108" cleared="111" durationms="0.324" />
  <references type="soft" candidates="8" cleared="0" enqueued="0" dynamicThreshold="19" maxThreshold="32" />
  <references type="weak" candidates="13" cleared="0" enqueued="0" />
  <stringconstants candidates="13683" cleared="0"  />
</gc-op>
<gc-op id="3036" type="classunload" timems="0.004" contextid="3032" timestamp="2019-06-15T00:49:43.537">
  <classunload-info classloadercandidates="53" classloadersunloaded="0" classesunloaded="0" anonymousclassesunloaded="0" quiescems="0.000" setupms="0.003" scanms="0.000" postms="0.000" />
</gc-op>
<gc-end id="3037" type="partial gc" contextid="3032" durationms="2.796" usertimems="4.000" systemtimems="0.000" timestamp="2019-06-15T00:49:43.537" activeThreads="1">
  <mem-info id="3038" free="42991616" total="70254592" percent="61">
    <mem type="eden" free="1048552" total="1048576" percent="99" />
    <remembered-set count="42752" freebytes="2633344" totalbytes="2804352" percent="93" regionsoverflowed="0" regionsstable="10" regionsrebuilding="0"/>
  </mem-info>
</gc-end>
<cycle-end id="3039" type="partial gc" contextid="3032" timestamp="2019-06-15T00:49:43.537" />
  <attribute name="elasticGC enabled" value="1" />
  <attribute name= "numThreadsSpecified" value="1" />
  <attribute name="heapSize specified" value="0" />
  <attribute name="Current GC Util" value="308" />
  <attribute name= "Current Time Running" value="20430" />
  <attribute name ="GC Interval" value="0" />
  <attribute name="ProportionalT" value="144.000000" />
  <attribute name="ProportionalI" value="144.000000" />
  <attribute name="ProportionalH" value="144.000000" />
  <attribute name="Current Error" value="288.000000" />
  <attribute name="IntegralT" value="0.000000" />
  <attribute name="IntegralI" value="0.000000" />
  <attribute name="IntegralH" value="0.000000" />
  <attribute name="DerivativeT" value="inf" />
  <attribute name="DerivativeI" value="inf" />
  <attribute name="DerivativeH" value="inf" />
  <attribute name="Loop Time for DT" value="0.000000" />
  <attribute name="Output H" value="8388608"/>
  <attribute name="Output I" value="200"/>
  <attribute name="Output T" value="1"/>
  <attribute name="Target GC Util Change" value ="20.000000" />
  <attribute name="Current GC Util Change" value="308.000000"/>
  <attribute name="GC Util currently" value="308" />
  <attribute name="CPU Util currently" value="13854148927121" />
<exclusive-end id="3040" timestamp="2019-06-15T00:49:43.537" durationms="3.786" />

<exclusive-start id="3041" timestamp="2019-06-15T00:49:43.545" intervalms="11.214">
  <response-info timems="0.077" idlems="0.077" threads="0" lastid="000000000118C700" lastname="main" />
</exclusive-start>
<allocation-taxation id="3042" taxation-threshold="24117248" timestamp="2019-06-15T00:49:43.545" intervalms="11.175" />
<cycle-start id="3043" type="partial gc" contextid="0" timestamp="2019-06-15T00:49:43.545" intervalms="11.225" />
<gc-start id="3044" type="partial gc" contextid="3043" timestamp="2019-06-15T00:49:43.545">
  <mem-info id="3045" free="18874368" total="70254592" percent="26">
    <mem type="eden" free="1048552" total="25165824" percent="4" />
    <remembered-set count="42400" freebytes="2634752" totalbytes="2804352" percent="93" regionsoverflowed="0" regionsstable="10" regionsrebuilding="0"/>
  </mem-info>
</gc-start>
<allocation-stats totalBytes="24035824" >
  <allocated-bytes non-tlh="0" tlh="24035824" arrayletleaf="0"/>
  <largest-consumer threadName="main" threadId="000000000118C700" bytes="24035824" />
</allocation-stats>
<gc-op id="3046" type="copy forward" timems="2.581" contextid="3043" timestamp="2019-06-15T00:49:43.549">
  <memory-copied type="eden" objects="1" bytes="24" bytesdiscarded="0" />
  <memory-copied type="other" objects="0" bytes="0" bytesdiscarded="0" />
  <memory-cardclean objects="19" bytes="440" />
  <regions eden="23" other="1" />
  <remembered-set-cleared processed="40127" cleared="5" durationms="0.223" />
  <stringconstants candidates="13683" cleared="0"  />
</gc-op>
<gc-op id="3047" type="classunload" timems="0.003" contextid="3043" timestamp="2019-06-15T00:49:43.549">
  <classunload-info classloadercandidates="53" classloadersunloaded="0" classesunloaded="0" anonymousclassesunloaded="0" quiescems="0.000" setupms="0.003" scanms="0.000" postms="0.000" />
</gc-op>
<gc-end id="3048" type="partial gc" contextid="3043" durationms="3.618" usertimems="8.000" systemtimems="0.000" timestamp="2019-06-15T00:49:43.549" activeThreads="4">
  <mem-info id="3049" free="42991616" total="70254592" percent="61">
    <mem type="eden" free="1048552" total="1048576" percent="99" />
    <remembered-set count="41472" freebytes="2638464" totalbytes="2804352" percent="94" regionsoverflowed="0" regionsstable="10" regionsrebuilding="0"/>
  </mem-info>
</gc-end>
<cycle-end id="3050" type="partial gc" contextid="3043" timestamp="2019-06-15T00:49:43.549" />
  <attribute name="elasticGC enabled" value="1" />
  <attribute name= "numThreadsSpecified" value="4" />
  <attribute name="heapSize specified" value="0" />
  <attribute name="Current GC Util" value="0" />
  <attribute name= "Current Time Running" value="20441" />
  <attribute name ="GC Interval" value="0" />
  <attribute name="ProportionalT" value="-10.000000" />
  <attribute name="ProportionalI" value="-10.000000" />
  <attribute name="ProportionalH" value="-10.000000" />
  <attribute name="Current Error" value="-20.000000" />
  <attribute name="IntegralT" value="0.000000" />
  <attribute name="IntegralI" value="0.000000" />
  <attribute name="IntegralH" value="0.000000" />
  <attribute name="DerivativeT" value="-inf" />
  <attribute name="DerivativeI" value="-inf" />
  <attribute name="DerivativeH" value="-inf" />
  <attribute name="Loop Time for DT" value="0.000000" />
  <attribute name="Output H" value="2091843584"/>
  <attribute name="Output I" value="200"/>
  <attribute name="Output T" value="4"/>
  <attribute name="Target GC Util Change" value ="20.000000" />
  <attribute name="Current GC Util Change" value="0.000000"/>
  <attribute name="GC Util currently" value="0" />
  <attribute name="CPU Util currently" value="14994183245520" />
<exclusive-end id="3051" timestamp="2019-06-15T00:49:43.549" durationms="4.453" />

<exclusive-start id="3052" timestamp="2019-06-15T00:49:43.557" intervalms="11.795">
  <response-info timems="0.071" idlems="0.071" threads="0" lastid="000000000118C700" lastname="main" />
</exclusive-start>
<allocation-taxation id="3053" taxation-threshold="24117248" timestamp="2019-06-15T00:49:43.557" intervalms="11.827" />
<cycle-start id="3054" type="partial gc" contextid="0" timestamp="2019-06-15T00:49:43.557" intervalms="11.808" />
<gc-start id="3055" type="partial gc" contextid="3054" timestamp="2019-06-15T00:49:43.557">
  <mem-info id="3056" free="18874368" total="70254592" percent="26">
    <mem type="eden" free="1048552" total="25165824" percent="4" />
    <remembered-set count="41472" freebytes="2638464" totalbytes="2804352" percent="94" regionsoverflowed="0" regionsstable="10" regionsrebuilding="0"/>
  </mem-info>
</gc-start>
<allocation-stats totalBytes="24035824" >
  <allocated-bytes non-tlh="0" tlh="24035824" arrayletleaf="0"/>
  <largest-consumer threadName="main" threadId="000000000118C700" bytes="24035824" />
</allocation-stats>
<gc-op id="3057" type="copy forward" timems="1.210" contextid="3054" timestamp="2019-06-15T00:49:43.559">
  <memory-copied type="eden" objects="1" bytes="24" bytesdiscarded="0" />
  <memory-copied type="other" objects="0" bytes="0" bytesdiscarded="0" />
  <memory-cardclean objects="19" bytes="440" />
  <regions eden="23" other="1" />
  <remembered-set-cleared processed="40127" cleared="5" durationms="0.317" />
  <stringconstants candidates="13683" cleared="0"  />
</gc-op>
<gc-op id="3058" type="classunload" timems="0.003" contextid="3054" timestamp="2019-06-15T00:49:43.559">
  <classunload-info classloadercandidates="53" classloadersunloaded="0" classesunloaded="0" anonymousclassesunloaded="0" quiescems="0.000" setupms="0.003" scanms="0.000" postms="0.000" />
</gc-op>
<gc-end id="3059" type="partial gc" contextid="3054" durationms="2.432" usertimems="4.000" systemtimems="0.000" timestamp="2019-06-15T00:49:43.560" activeThreads="1">
  <mem-info id="3060" free="42991616" total="70254592" percent="61">
    <mem type="eden" free="1048552" total="1048576" percent="99" />
    <remembered-set count="41952" freebytes="2636544" totalbytes="2804352" percent="94" regionsoverflowed="0" regionsstable="10" regionsrebuilding="0"/>
  </mem-info>
</gc-end>
<cycle-end id="3061" type="partial gc" contextid="3054" timestamp="2019-06-15T00:49:43.560" />
  <attribute name="elasticGC enabled" value="1" />
  <attribute name= "numThreadsSpecified" value="1" />
  <attribute name="heapSize specified" value="0" />
  <attribute name="Current GC Util" value="162" />
  <attribute name= "Current Time Running" value="20453" />
  <attribute name ="GC Interval" value="0" />
  <attribute name="ProportionalT" value="71.000000" />
  <attribute name="ProportionalI" value="71.000000" />
  <attribute name="ProportionalH" value="71.000000" />
  <attribute name="Current Error" value="142.000000" />
  <attribute name="IntegralT" value="0.000000" />
  <attribute name="IntegralI" value="0.000000" />
  <attribute name="IntegralH" value="0.000000" />
  <attribute name="DerivativeT" value="inf" />
  <attribute name="DerivativeI" value="inf" />
  <attribute name="DerivativeH" value="inf" />
  <attribute name="Loop Time for DT" value="0.000000" />
  <attribute name="Output H" value="8388608"/>
  <attribute name="Output I" value="200"/>
  <attribute name="Output T" value="1"/>
  <attribute name="Target GC Util Change" value ="20.000000" />
  <attribute name="Current GC Util Change" value="162.000000"/>
  <attribute name="GC Util currently" value="162" />
  <attribute name="CPU Util currently" value="13844998618135" />
<exclusive-end id="3062" timestamp="2019-06-15T00:49:43.560" durationms="3.553" />

<exclusive-start id="3063" timestamp="2019-06-15T00:49:43.568" intervalms="10.955">
  <response-info timems="0.080" idlems="0.080" threads="0" lastid="000000000118C700" lastname="main" />
</exclusive-start>
<allocation-taxation id="3064" taxation-threshold="24117248" timestamp="2019-06-15T00:49:43.568" intervalms="10.902" />
<cycle-start id="3065" type="partial gc" contextid="0" timestamp="2019-06-15T00:49:43.568" intervalms="10.873" />
<gc-start id="3066" type="partial gc" contextid="3065" timestamp="2019-06-15T00:49:43.568">
  <mem-info id="3067" free="18874368" total="70254592" percent="26">
    <mem type="eden" free="1048552" total="25165824" percent="4" />
    <remembered-set count="41472" freebytes="2638464" totalbytes="2804352" percent="94" regionsoverflowed="0" regionsstable="10" regionsrebuilding="0"/>
  </mem-info>
</gc-start>
<allocation-stats totalBytes="24035824" >
  <allocated-bytes non-tlh="0" tlh="24035824" arrayletleaf="0"/>
  <largest-consumer threadName="main" threadId="000000000118C700" bytes="24035824" />
</allocation-stats>
<gc-op id="3068" type="copy forward" timems="1.196" contextid="3065" timestamp="2019-06-15T00:49:43.570">
  <memory-copied type="eden" objects="1" bytes="24" bytesdiscarded="0" />
  <memory-copied type="other" objects="0" bytes="0" bytesdiscarded="0" />
  <memory-cardclean objects="19" bytes="440" />
  <regions eden="23" other="1" />
  <remembered-set-cleared processed="40127" cleared="5" durationms="0.309" />
  <stringconstants candidates="13683" cleared="0"  />
</gc-op>
<gc-op id="3069" type="classunload" timems="0.004" contextid="3065" timestamp="2019-06-15T00:49:43.570">
  <classunload-info classloadercandidates="53" classloadersunloaded="0" classesunloaded="0" anonymousclassesunloaded="0" quiescems="0.000" setupms="0.003" scanms="0.000" postms="0.000" />
</gc-op>
<gc-end id="3070" type="partial gc" contextid="3065" durationms="2.409" usertimems="0.000" systemtimems="0.000" timestamp="2019-06-15T00:49:43.571" activeThreads="1">
  <mem-info id="3071" free="42991616" total="70254592" percent="61">
    <mem type="eden" free="1048552" total="1048576" percent="99" />
    <remembered-set count="41952" freebytes="2636544" totalbytes="2804352" percent="94" regionsoverflowed="0" regionsstable="10" regionsrebuilding="0"/>
  </mem-info>
</gc-end>
<cycle-end id="3072" type="partial gc" contextid="3065" timestamp="2019-06-15T00:49:43.571" />
  <attribute name="elasticGC enabled" value="1" />
  <attribute name= "numThreadsSpecified" value="1" />
  <attribute name="heapSize specified" value="0" />
  <attribute name="Current GC Util" value="287" />
  <attribute name= "Current Time Running" value="20464" />
  <attribute name ="GC Interval" value="0" />
  <attribute name="ProportionalT" value="133.500000" />
  <attribute name="ProportionalI" value="133.500000" />
  <attribute name="ProportionalH" value="133.500000" />
  <attribute name="Current Error" value="267.000000" />
  <attribute name="IntegralT" value="0.000000" />
  <attribute name="IntegralI" value="0.000000" />
  <attribute name="IntegralH" value="0.000000" />
  <attribute name="DerivativeT" value="inf" />
  <attribute name="DerivativeI" value="inf" />
  <attribute name="DerivativeH" value="inf" />
  <attribute name="Loop Time for DT" value="0.000000" />
  <attribute name="Output H" value="8388608"/>
  <attribute name="Output I" value="200"/>
  <attribute name="Output T" value="1"/>
  <attribute name="Target GC Util Change" value ="20.000000" />
  <attribute name="Current GC Util Change" value="287.000000"/>
  <attribute name="GC Util currently" value="287" />
  <attribute name="CPU Util currently" value="13837770111856" />
<exclusive-end id="3073" timestamp="2019-06-15T00:49:43.571" durationms="3.510" />

<exclusive-start id="3074" timestamp="2019-06-15T00:49:43.578" intervalms="10.938">
  <response-info timems="0.075" idlems="0.075" threads="0" lastid="000000000118C700" lastname="main" />
</exclusive-start>
<allocation-taxation id="3075" taxation-threshold="24117248" timestamp="2019-06-15T00:49:43.579" intervalms="10.948" />
<cycle-start id="3076" type="partial gc" contextid="0" timestamp="2019-06-15T00:49:43.579" intervalms="10.969" />
<gc-start id="3077" type="partial gc" contextid="3076" timestamp="2019-06-15T00:49:43.579">
  <mem-info id="3078" free="18874368" total="70254592" percent="26">
    <mem type="eden" free="1048552" total="25165824" percent="4" />
    <remembered-set count="41472" freebytes="2638464" totalbytes="2804352" percent="94" regionsoverflowed="0" regionsstable="10" regionsrebuilding="0"/>
  </mem-info>
</gc-start>
<allocation-stats totalBytes="24035824" >
  <allocated-bytes non-tlh="0" tlh="24035824" arrayletleaf="0"/>
  <largest-consumer threadName="main" threadId="000000000118C700" bytes="24035824" />
</allocation-stats>
<gc-op id="3079" type="copy forward" timems="2.856" contextid="3076" timestamp="2019-06-15T00:49:43.583">
  <memory-copied type="eden" objects="1" bytes="24" bytesdiscarded="0" />
  <memory-copied type="other" objects="0" bytes="0" bytesdiscarded="0" />
  <memory-cardclean objects="19" bytes="440" />
  <regions eden="23" other="1" />
  <remembered-set-cleared processed="40127" cleared="5" durationms="0.188" />
  <stringconstants candidates="13683" cleared="0"  />
</gc-op>
<gc-op id="3080" type="classunload" timems="0.003" contextid="3076" timestamp="2019-06-15T00:49:43.583">
  <classunload-info classloadercandidates="53" classloadersunloaded="0" classesunloaded="0" anonymousclassesunloaded="0" quiescems="0.000" setupms="0.003" scanms="0.000" postms="0.000" />
</gc-op>
<gc-end id="3081" type="partial gc" contextid="3076" durationms="3.845" usertimems="8.000" systemtimems="0.000" timestamp="2019-06-15T00:49:43.583" activeThreads="4">
  <mem-info id="3082" free="42991616" total="70254592" percent="61">
    <mem type="eden" free="1048552" total="1048576" percent="99" />
    <remembered-set count="41472" freebytes="2638464" totalbytes="2804352" percent="94" regionsoverflowed="0" regionsstable="10" regionsrebuilding="0"/>
  </mem-info>
</gc-end>
<cycle-end id="3083" type="partial gc" contextid="3076" timestamp="2019-06-15T00:49:43.583" />
  <attribute name="elasticGC enabled" value="1" />
  <attribute name= "numThreadsSpecified" value="4" />
  <attribute name="heapSize specified" value="0" />
  <attribute name="Current GC Util" value="257" />
  <attribute name= "Current Time Running" value="20475" />
  <attribute name ="GC Interval" value="0" />
  <attribute name="ProportionalT" value="118.500000" />
  <attribute name="ProportionalI" value="118.500000" />
  <attribute name="ProportionalH" value="118.500000" />
  <attribute name="Current Error" value="237.000000" />
  <attribute name="IntegralT" value="237.000000" />
  <attribute name="IntegralI" value="237.000000" />
  <attribute name="IntegralH" value="237.000000" />
  <attribute name="DerivativeT" value="118.500000" />
  <attribute name="DerivativeI" value="118.500000" />
  <attribute name="DerivativeH" value="118.500000" />
  <attribute name="Loop Time for DT" value="1.000000" />
  <attribute name="Output H" value="8388608"/>
  <attribute name="Output I" value="480"/>
  <attribute name="Output T" value="4"/>
  <attribute name="Target GC Util Change" value ="20.000000" />
  <attribute name="Current GC Util Change" value="257.000000"/>
  <attribute name="GC Util currently" value="257" />
  <attribute name="CPU Util currently" value="13066190968118" />
<exclusive-end id="3084" timestamp="2019-06-15T00:49:43.583" durationms="4.737" />

<exclusive-start id="3085" timestamp="2019-06-15T00:49:43.591" intervalms="12.152">
  <response-info timems="0.078" idlems="0.078" threads="0" lastid="000000000118C700" lastname="main" />
</exclusive-start>
<allocation-taxation id="3086" taxation-threshold="24117248" timestamp="2019-06-15T00:49:43.591" intervalms="12.173" />
<cycle-start id="3087" type="partial gc" contextid="0" timestamp="2019-06-15T00:49:43.591" intervalms="12.178" />
<gc-start id="3088" type="partial gc" contextid="3087" timestamp="2019-06-15T00:49:43.591">
  <mem-info id="3089" free="18874368" total="70254592" percent="26">
    <mem type="eden" free="1048552" total="25165824" percent="4" />
    <remembered-set count="41472" freebytes="2638464" totalbytes="2804352" percent="94" regionsoverflowed="0" regionsstable="10" regionsrebuilding="0"/>
  </mem-info>
</gc-start>
<allocation-stats totalBytes="24035824" >
  <allocated-bytes non-tlh="0" tlh="24035824" arrayletleaf="0"/>
  <largest-consumer threadName="main" threadId="000000000118C700" bytes="24035824" />
</allocation-stats>
<gc-op id="3090" type="copy forward" timems="2.971" contextid="3087" timestamp="2019-06-15T00:49:43.595">
  <memory-copied type="eden" objects="1" bytes="24" bytesdiscarded="0" />
  <memory-copied type="other" objects="0" bytes="0" bytesdiscarded="0" />
  <memory-cardclean objects="19" bytes="440" />
  <regions eden="23" other="1" />
  <remembered-set-cleared processed="40127" cleared="5" durationms="0.213" />
  <stringconstants candidates="13683" cleared="0"  />
</gc-op>
<gc-op id="3091" type="classunload" timems="0.004" contextid="3087" timestamp="2019-06-15T00:49:43.595">
  <classunload-info classloadercandidates="53" classloadersunloaded="0" classesunloaded="0" anonymousclassesunloaded="0" quiescems="0.000" setupms="0.004" scanms="0.000" postms="0.000" />
</gc-op>
<gc-end id="3092" type="partial gc" contextid="3087" durationms="3.967" usertimems="8.000" systemtimems="0.000" timestamp="2019-06-15T00:49:43.595" activeThreads="4">
  <mem-info id="3093" free="42991616" total="70254592" percent="61">
    <mem type="eden" free="1048552" total="1048576" percent="99" />
    <remembered-set count="41472" freebytes="2638464" totalbytes="2804352" percent="94" regionsoverflowed="0" regionsstable="10" regionsrebuilding="0"/>
  </mem-info>
</gc-end>
<cycle-end id="3094" type="partial gc" contextid="3087" timestamp="2019-06-15T00:49:43.595" />
  <attribute name="elasticGC enabled" value="1" />
  <attribute name= "numThreadsSpecified" value="4" />
  <attribute name="heapSize specified" value="0" />
  <attribute name="Current GC Util" value="169" />
  <attribute name= "Current Time Running" value="20487" />
  <attribute name ="GC Interval" value="0" />
  <attribute name="ProportionalT" value="74.500000" />
  <attribute name="ProportionalI" value="74.500000" />
  <attribute name="ProportionalH" value="74.500000" />
  <attribute name="Current Error" value="149.000000" />
  <attribute name="IntegralT" value="149.000000" />
  <attribute name="IntegralI" value="149.000000" />
  <attribute name="IntegralH" value="149.000000" />
  <attribute name="DerivativeT" value="52.500000" />
  <attribute name="DerivativeI" value="52.500000" />
  <attribute name="DerivativeH" value="52.500000" />
  <attribute name="Loop Time for DT" value="1.000000" />
  <attribute name="Output H" value="8388608"/>
  <attribute name="Output I" value="280"/>
  <attribute name="Output T" value="4"/>
  <attribute name="Target GC Util Change" value ="20.000000" />
  <attribute name="Current GC Util Change" value="169.000000"/>
  <attribute name="GC Util currently" value="169" />
  <attribute name="CPU Util currently" value="12796376063739" />
<exclusive-end id="3095" timestamp="2019-06-15T00:49:43.596" durationms="4.963" />

<exclusive-start id="3096" timestamp="2019-06-15T00:49:43.603" intervalms="12.358">
  <response-info timems="0.078" idlems="0.078" threads="0" lastid="000000000118C700" lastname="main" />
</exclusive-start>
<allocation-taxation id="3097" taxation-threshold="24117248" timestamp="2019-06-15T00:49:43.603" intervalms="12.293" />
<cycle-start id="3098" type="partial gc" contextid="0" timestamp="2019-06-15T00:49:43.603" intervalms="12.259" />
<gc-start id="3099" type="partial gc" contextid="3098" timestamp="2019-06-15T00:49:43.603">
  <mem-info id="3100" free="18874368" total="70254592" percent="26">
    <mem type="eden" free="1048552" total="25165824" percent="4" />
    <remembered-set count="41472" freebytes="2638464" totalbytes="2804352" percent="94" regionsoverflowed="0" regionsstable="10" regionsrebuilding="0"/>
  </mem-info>
</gc-start>
<allocation-stats totalBytes="24035824" >
  <allocated-bytes non-tlh="0" tlh="24035824" arrayletleaf="0"/>
  <largest-consumer threadName="main" threadId="000000000118C700" bytes="24035824" />
</allocation-stats>
<gc-op id="3101" type="copy forward" timems="1.189" contextid="3098" timestamp="2019-06-15T00:49:43.605">
  <memory-copied type="eden" objects="1" bytes="24" bytesdiscarded="0" />
  <memory-copied type="other" objects="0" bytes="0" bytesdiscarded="0" />
  <memory-cardclean objects="19" bytes="440" />
  <regions eden="23" other="1" />
  <remembered-set-cleared processed="40127" cleared="5" durationms="0.312" />
  <stringconstants candidates="13683" cleared="0"  />
</gc-op>
<gc-op id="3102" type="classunload" timems="0.004" contextid="3098" timestamp="2019-06-15T00:49:43.606">
  <classunload-info classloadercandidates="53" classloadersunloaded="0" classesunloaded="0" anonymousclassesunloaded="0" quiescems="0.000" setupms="0.004" scanms="0.000" postms="0.000" />
</gc-op>
<gc-end id="3103" type="partial gc" contextid="3098" durationms="2.320" usertimems="4.000" systemtimems="0.000" timestamp="2019-06-15T00:49:43.606" activeThreads="1">
  <mem-info id="3104" free="42991616" total="70254592" percent="61">
    <mem type="eden" free="1048552" total="1048576" percent="99" />
    <remembered-set count="41952" freebytes="2636544" totalbytes="2804352" percent="94" regionsoverflowed="0" regionsstable="10" regionsrebuilding="0"/>
  </mem-info>
</gc-end>
<cycle-end id="3105" type="partial gc" contextid="3098" timestamp="2019-06-15T00:49:43.606" />
  <attribute name="elasticGC enabled" value="1" />
  <attribute name= "numThreadsSpecified" value="1" />
  <attribute name="heapSize specified" value="0" />
  <attribute name="Current GC Util" value="210" />
  <attribute name= "Current Time Running" value="20499" />
  <attribute name ="GC Interval" value="0" />
  <attribute name="ProportionalT" value="95.000000" />
  <attribute name="ProportionalI" value="95.000000" />
  <attribute name="ProportionalH" value="95.000000" />
  <attribute name="Current Error" value="190.000000" />
  <attribute name="IntegralT" value="0.000000" />
  <attribute name="IntegralI" value="0.000000" />
  <attribute name="IntegralH" value="0.000000" />
  <attribute name="DerivativeT" value="inf" />
  <attribute name="DerivativeI" value="inf" />
  <attribute name="DerivativeH" value="inf" />
  <attribute name="Loop Time for DT" value="0.000000" />
  <attribute name="Output H" value="8388608"/>
  <attribute name="Output I" value="200"/>
  <attribute name="Output T" value="1"/>
  <attribute name="Target GC Util Change" value ="20.000000" />
  <attribute name="Current GC Util Change" value="210.000000"/>
  <attribute name="GC Util currently" value="210" />
  <attribute name="CPU Util currently" value="13867438376048" />
<exclusive-end id="3106" timestamp="2019-06-15T00:49:43.606" durationms="3.191" />

<exclusive-start id="3107" timestamp="2019-06-15T00:49:43.614" intervalms="10.592">
  <response-info timems="0.075" idlems="0.075" threads="0" lastid="000000000118C700" lastname="main" />
</exclusive-start>
<allocation-taxation id="3108" taxation-threshold="24117248" timestamp="2019-06-15T00:49:43.614" intervalms="10.690" />
<cycle-start id="3109" type="partial gc" contextid="0" timestamp="2019-06-15T00:49:43.614" intervalms="10.731" />
<gc-start id="3110" type="partial gc" contextid="3109" timestamp="2019-06-15T00:49:43.614">
  <mem-info id="3111" free="18874368" total="70254592" percent="26">
    <mem type="eden" free="1048552" total="25165824" percent="4" />
    <remembered-set count="41472" freebytes="2638464" totalbytes="2804352" percent="94" regionsoverflowed="0" regionsstable="10" regionsrebuilding="0"/>
  </mem-info>
</gc-start>
<allocation-stats totalBytes="24035824" >
  <allocated-bytes non-tlh="0" tlh="24035824" arrayletleaf="0"/>
  <largest-consumer threadName="main" threadId="000000000118C700" bytes="24035824" />
</allocation-stats>
<gc-op id="3112" type="copy forward" timems="1.212" contextid="3109" timestamp="2019-06-15T00:49:43.616">
  <memory-copied type="eden" objects="1" bytes="24" bytesdiscarded="0" />
  <memory-copied type="other" objects="0" bytes="0" bytesdiscarded="0" />
  <memory-cardclean objects="19" bytes="440" />
  <regions eden="23" other="1" />
  <remembered-set-cleared processed="40127" cleared="5" durationms="0.305" />
  <stringconstants candidates="13683" cleared="0"  />
</gc-op>
<gc-op id="3113" type="classunload" timems="0.003" contextid="3109" timestamp="2019-06-15T00:49:43.616">
  <classunload-info classloadercandidates="53" classloadersunloaded="0" classesunloaded="0" anonymousclassesunloaded="0" quiescems="0.000" setupms="0.003" scanms="0.000" postms="0.000" />
</gc-op>
<gc-end id="3114" type="partial gc" contextid="3109" durationms="2.413" usertimems="4.000" systemtimems="0.000" timestamp="2019-06-15T00:49:43.617" activeThreads="1">
  <mem-info id="3115" free="42991616" total="70254592" percent="61">
    <mem type="eden" free="1048552" total="1048576" percent="99" />
    <remembered-set count="41952" freebytes="2636544" totalbytes="2804352" percent="94" regionsoverflowed="0" regionsstable="10" regionsrebuilding="0"/>
  </mem-info>
</gc-end>
<cycle-end id="3116" type="partial gc" contextid="3109" timestamp="2019-06-15T00:49:43.617" />
  <attribute name="elasticGC enabled" value="1" />
  <attribute name= "numThreadsSpecified" value="1" />
  <attribute name="heapSize specified" value="0" />
  <attribute name="Current GC Util" value="297" />
  <attribute name= "Current Time Running" value="20510" />
  <attribute name ="GC Interval" value="0" />
  <attribute name="ProportionalT" value="138.500000" />
  <attribute name="ProportionalI" value="138.500000" />
  <attribute name="ProportionalH" value="138.500000" />
  <attribute name="Current Error" value="277.000000" />
  <attribute name="IntegralT" value="0.000000" />
  <attribute name="IntegralI" value="0.000000" />
  <attribute name="IntegralH" value="0.000000" />
  <attribute name="DerivativeT" value="inf" />
  <attribute name="DerivativeI" value="inf" />
  <attribute name="DerivativeH" value="inf" />
  <attribute name="Loop Time for DT" value="0.000000" />
  <attribute name="Output H" value="8388608"/>
  <attribute name="Output I" value="200"/>
  <attribute name="Output T" value="1"/>
  <attribute name="Target GC Util Change" value ="20.000000" />
  <attribute name="Current GC Util Change" value="297.000000"/>
  <attribute name="GC Util currently" value="297" />
  <attribute name="CPU Util currently" value="13784908410431" />
<exclusive-end id="3117" timestamp="2019-06-15T00:49:43.617" durationms="3.476" />

<exclusive-start id="3118" timestamp="2019-06-15T00:49:43.624" intervalms="10.894">
  <response-info timems="0.078" idlems="0.078" threads="0" lastid="000000000118C700" lastname="main" />
</exclusive-start>
<allocation-taxation id="3119" taxation-threshold="24117248" timestamp="2019-06-15T00:49:43.625" intervalms="10.845" />
<cycle-start id="3120" type="partial gc" contextid="0" timestamp="2019-06-15T00:49:43.625" intervalms="10.837" />
<gc-start id="3121" type="partial gc" contextid="3120" timestamp="2019-06-15T00:49:43.625">
  <mem-info id="3122" free="18874368" total="70254592" percent="26">
    <mem type="eden" free="1048552" total="25165824" percent="4" />
    <remembered-set count="41472" freebytes="2638464" totalbytes="2804352" percent="94" regionsoverflowed="0" regionsstable="10" regionsrebuilding="0"/>
  </mem-info>
</gc-start>
<allocation-stats totalBytes="24035824" >
  <allocated-bytes non-tlh="0" tlh="24035824" arrayletleaf="0"/>
  <largest-consumer threadName="main" threadId="000000000118C700" bytes="24035824" />
</allocation-stats>
<gc-op id="3123" type="copy forward" timems="3.037" contextid="3120" timestamp="2019-06-15T00:49:43.629">
  <memory-copied type="eden" objects="1" bytes="24" bytesdiscarded="0" />
  <memory-copied type="other" objects="0" bytes="0" bytesdiscarded="0" />
  <memory-cardclean objects="19" bytes="440" />
  <regions eden="23" other="1" />
  <remembered-set-cleared processed="40127" cleared="5" durationms="0.228" />
  <stringconstants candidates="13683" cleared="0"  />
</gc-op>
<gc-op id="3124" type="classunload" timems="0.004" contextid="3120" timestamp="2019-06-15T00:49:43.629">
  <classunload-info classloadercandidates="53" classloadersunloaded="0" classesunloaded="0" anonymousclassesunloaded="0" quiescems="0.000" setupms="0.003" scanms="0.000" postms="0.000" />
</gc-op>
<gc-end id="3125" type="partial gc" contextid="3120" durationms="4.079" usertimems="12.000" systemtimems="0.000" timestamp="2019-06-15T00:49:43.629" activeThreads="4">
  <mem-info id="3126" free="42991616" total="70254592" percent="61">
    <mem type="eden" free="1048552" total="1048576" percent="99" />
    <remembered-set count="41472" freebytes="2638464" totalbytes="2804352" percent="94" regionsoverflowed="0" regionsstable="10" regionsrebuilding="0"/>
  </mem-info>
</gc-end>
<cycle-end id="3127" type="partial gc" contextid="3120" timestamp="2019-06-15T00:49:43.629" />
  <attribute name="elasticGC enabled" value="1" />
  <attribute name= "numThreadsSpecified" value="4" />
  <attribute name="heapSize specified" value="0" />
  <attribute name="Current GC Util" value="281" />
  <attribute name= "Current Time Running" value="20521" />
  <attribute name ="GC Interval" value="0" />
  <attribute name="ProportionalT" value="130.500000" />
  <attribute name="ProportionalI" value="130.500000" />
  <attribute name="ProportionalH" value="130.500000" />
  <attribute name="Current Error" value="261.000000" />
  <attribute name="IntegralT" value="261.000000" />
  <attribute name="IntegralI" value="261.000000" />
  <attribute name="IntegralH" value="261.000000" />
  <attribute name="DerivativeT" value="130.500000" />
  <attribute name="DerivativeI" value="130.500000" />
  <attribute name="DerivativeH" value="130.500000" />
  <attribute name="Loop Time for DT" value="1.000000" />
  <attribute name="Output H" value="8388608"/>
  <attribute name="Output I" value="528"/>
  <attribute name="Output T" value="4"/>
  <attribute name="Target GC Util Change" value ="20.000000" />
  <attribute name="Current GC Util Change" value="281.000000"/>
  <attribute name="GC Util currently" value="281" />
  <attribute name="CPU Util currently" value="13697168511611" />
<exclusive-end id="3128" timestamp="2019-06-15T00:49:43.629" durationms="4.951" />

<exclusive-start id="3129" timestamp="2019-06-15T00:49:43.637" intervalms="12.464">
  <response-info timems="0.078" idlems="0.078" threads="0" lastid="000000000118C700" lastname="main" />
</exclusive-start>
<allocation-taxation id="3130" taxation-threshold="24117248" timestamp="2019-06-15T00:49:43.637" intervalms="12.517" />
<cycle-start id="3131" type="partial gc" contextid="0" timestamp="2019-06-15T00:49:43.637" intervalms="12.526" />
<gc-start id="3132" type="partial gc" contextid="3131" timestamp="2019-06-15T00:49:43.638">
  <mem-info id="3133" free="18874368" total="70254592" percent="26">
    <mem type="eden" free="1048552" total="25165824" percent="4" />
    <remembered-set count="41472" freebytes="2638464" totalbytes="2804352" percent="94" regionsoverflowed="0" regionsstable="10" regionsrebuilding="0"/>
  </mem-info>
</gc-start>
<allocation-stats totalBytes="24035824" >
  <allocated-bytes non-tlh="0" tlh="24035824" arrayletleaf="0"/>
  <largest-consumer threadName="main" threadId="000000000118C700" bytes="24035824" />
</allocation-stats>
<gc-op id="3134" type="copy forward" timems="1.307" contextid="3131" timestamp="2019-06-15T00:49:43.640">
  <memory-copied type="eden" objects="1" bytes="24" bytesdiscarded="0" />
  <memory-copied type="other" objects="0" bytes="0" bytesdiscarded="0" />
  <memory-cardclean objects="19" bytes="440" />
  <regions eden="23" other="1" />
  <remembered-set-cleared processed="40127" cleared="5" durationms="0.338" />
  <stringconstants candidates="13683" cleared="0"  />
</gc-op>
<gc-op id="3135" type="classunload" timems="0.003" contextid="3131" timestamp="2019-06-15T00:49:43.640">
  <classunload-info classloadercandidates="53" classloadersunloaded="0" classesunloaded="0" anonymousclassesunloaded="0" quiescems="0.000" setupms="0.003" scanms="0.000" postms="0.000" />
</gc-op>
<gc-end id="3136" type="partial gc" contextid="3131" durationms="2.616" usertimems="4.000" systemtimems="0.000" timestamp="2019-06-15T00:49:43.640" activeThreads="1">
  <mem-info id="3137" free="42991616" total="70254592" percent="61">
    <mem type="eden" free="1048552" total="1048576" percent="99" />
    <remembered-set count="41952" freebytes="2636544" totalbytes="2804352" percent="94" regionsoverflowed="0" regionsstable="10" regionsrebuilding="0"/>
  </mem-info>
</gc-end>
<cycle-end id="3138" type="partial gc" contextid="3131" timestamp="2019-06-15T00:49:43.641" />
  <attribute name="elasticGC enabled" value="1" />
  <attribute name= "numThreadsSpecified" value="1" />
  <attribute name="heapSize specified" value="0" />
  <attribute name="Current GC Util" value="201" />
  <attribute name= "Current Time Running" value="20533" />
  <attribute name ="GC Interval" value="0" />
  <attribute name="ProportionalT" value="90.500000" />
  <attribute name="ProportionalI" value="90.500000" />
  <attribute name="ProportionalH" value="90.500000" />
  <attribute name="Current Error" value="181.000000" />
  <attribute name="IntegralT" value="0.000000" />
  <attribute name="IntegralI" value="0.000000" />
  <attribute name="IntegralH" value="0.000000" />
  <attribute name="DerivativeT" value="inf" />
  <attribute name="DerivativeI" value="inf" />
  <attribute name="DerivativeH" value="inf" />
  <attribute name="Loop Time for DT" value="0.000000" />
  <attribute name="Output H" value="8388608"/>
  <attribute name="Output I" value="200"/>
  <attribute name="Output T" value="1"/>
  <attribute name="Target GC Util Change" value ="20.000000" />
  <attribute name="Current GC Util Change" value="201.000000"/>
  <attribute name="GC Util currently" value="201" />
  <attribute name="CPU Util currently" value="12700065731966" />
<exclusive-end id="3139" timestamp="2019-06-15T00:49:43.641" durationms="3.930" />

<exclusive-start id="3140" timestamp="2019-06-15T00:49:43.648" intervalms="11.356">
  <response-info timems="0.076" idlems="0.076" threads="0" lastid="000000000118C700" lastname="main" />
</exclusive-start>
<allocation-taxation id="3141" taxation-threshold="24117248" timestamp="2019-06-15T00:49:43.648" intervalms="11.310" />
<cycle-start id="3142" type="partial gc" contextid="0" timestamp="2019-06-15T00:49:43.649" intervalms="11.308" />
<gc-start id="3143" type="partial gc" contextid="3142" timestamp="2019-06-15T00:49:43.649">
  <mem-info id="3144" free="18874368" total="70254592" percent="26">
    <mem type="eden" free="1048552" total="25165824" percent="4" />
    <remembered-set count="41472" freebytes="2638464" totalbytes="2804352" percent="94" regionsoverflowed="0" regionsstable="10" regionsrebuilding="0"/>
  </mem-info>
</gc-start>
<allocation-stats totalBytes="24035824" >
  <allocated-bytes non-tlh="0" tlh="24035824" arrayletleaf="0"/>
  <largest-consumer threadName="main" threadId="000000000118C700" bytes="24035824" />
</allocation-stats>
<gc-op id="3145" type="copy forward" timems="2.791" contextid="3142" timestamp="2019-06-15T00:49:43.653">
  <memory-copied type="eden" objects="1" bytes="24" bytesdiscarded="0" />
  <memory-copied type="other" objects="0" bytes="0" bytesdiscarded="0" />
  <memory-cardclean objects="19" bytes="440" />
  <regions eden="23" other="1" />
  <remembered-set-cleared processed="40127" cleared="5" durationms="0.222" />
  <stringconstants candidates="13683" cleared="0"  />
</gc-op>
<gc-op id="3146" type="classunload" timems="0.004" contextid="3142" timestamp="2019-06-15T00:49:43.653">
  <classunload-info classloadercandidates="53" classloadersunloaded="0" classesunloaded="0" anonymousclassesunloaded="0" quiescems="0.000" setupms="0.004" scanms="0.000" postms="0.000" />
</gc-op>
<gc-end id="3147" type="partial gc" contextid="3142" durationms="3.872" usertimems="8.000" systemtimems="0.000" timestamp="2019-06-15T00:49:43.653" activeThreads="4">
  <mem-info id="3148" free="42991616" total="70254592" percent="61">
    <mem type="eden" free="1048552" total="1048576" percent="99" />
    <remembered-set count="41472" freebytes="2638464" totalbytes="2804352" percent="94" regionsoverflowed="0" regionsstable="10" regionsrebuilding="0"/>
  </mem-info>
</gc-end>
<cycle-end id="3149" type="partial gc" contextid="3142" timestamp="2019-06-15T00:49:43.653" />
  <attribute name="elasticGC enabled" value="1" />
  <attribute name= "numThreadsSpecified" value="4" />
  <attribute name="heapSize specified" value="0" />
  <attribute name="Current GC Util" value="283" />
  <attribute name= "Current Time Running" value="20545" />
  <attribute name ="GC Interval" value="0" />
  <attribute name="ProportionalT" value="131.500000" />
  <attribute name="ProportionalI" value="131.500000" />
  <attribute name="ProportionalH" value="131.500000" />
  <attribute name="Current Error" value="263.000000" />
  <attribute name="IntegralT" value="263.000000" />
  <attribute name="IntegralI" value="263.000000" />
  <attribute name="IntegralH" value="263.000000" />
  <attribute name="DerivativeT" value="131.500000" />
  <attribute name="DerivativeI" value="131.500000" />
  <attribute name="DerivativeH" value="131.500000" />
  <attribute name="Loop Time for DT" value="1.000000" />
  <attribute name="Output H" value="8388608"/>
  <attribute name="Output I" value="528"/>
  <attribute name="Output T" value="4"/>
  <attribute name="Target GC Util Change" value ="20.000000" />
  <attribute name="Current GC Util Change" value="283.000000"/>
  <attribute name="GC Util currently" value="283" />
  <attribute name="CPU Util currently" value="13666198359205" />
<exclusive-end id="3150" timestamp="2019-06-15T00:49:43.653" durationms="4.719" />

<exclusive-start id="3151" timestamp="2019-06-15T00:49:43.660" intervalms="12.182">
  <response-info timems="0.075" idlems="0.075" threads="0" lastid="000000000118C700" lastname="main" />
</exclusive-start>
<allocation-taxation id="3152" taxation-threshold="24117248" timestamp="2019-06-15T00:49:43.661" intervalms="12.176" />
<cycle-start id="3153" type="partial gc" contextid="0" timestamp="2019-06-15T00:49:43.661" intervalms="12.177" />
<gc-start id="3154" type="partial gc" contextid="3153" timestamp="2019-06-15T00:49:43.661">
  <mem-info id="3155" free="18874368" total="70254592" percent="26">
    <mem type="eden" free="1048552" total="25165824" percent="4" />
    <remembered-set count="41472" freebytes="2638464" totalbytes="2804352" percent="94" regionsoverflowed="0" regionsstable="10" regionsrebuilding="0"/>
  </mem-info>
</gc-start>
<allocation-stats totalBytes="24035824" >
  <allocated-bytes non-tlh="0" tlh="24035824" arrayletleaf="0"/>
  <largest-consumer threadName="main" threadId="000000000118C700" bytes="24035824" />
</allocation-stats>
<gc-op id="3156" type="copy forward" timems="2.861" contextid="3153" timestamp="2019-06-15T00:49:43.665">
  <memory-copied type="eden" objects="1" bytes="24" bytesdiscarded="0" />
  <memory-copied type="other" objects="0" bytes="0" bytesdiscarded="0" />
  <memory-cardclean objects="19" bytes="440" />
  <regions eden="23" other="1" />
  <remembered-set-cleared processed="40127" cleared="5" durationms="0.191" />
  <stringconstants candidates="13683" cleared="0"  />
</gc-op>
<gc-op id="3157" type="classunload" timems="0.004" contextid="3153" timestamp="2019-06-15T00:49:43.665">
  <classunload-info classloadercandidates="53" classloadersunloaded="0" classesunloaded="0" anonymousclassesunloaded="0" quiescems="0.000" setupms="0.004" scanms="0.000" postms="0.000" />
</gc-op>
<gc-end id="3158" type="partial gc" contextid="3153" durationms="3.934" usertimems="8.000" systemtimems="0.000" timestamp="2019-06-15T00:49:43.665" activeThreads="4">
  <mem-info id="3159" free="42991616" total="70254592" percent="61">
    <mem type="eden" free="1048552" total="1048576" percent="99" />
    <remembered-set count="41472" freebytes="2638464" totalbytes="2804352" percent="94" regionsoverflowed="0" regionsstable="10" regionsrebuilding="0"/>
  </mem-info>
</gc-end>
<cycle-end id="3160" type="partial gc" contextid="3153" timestamp="2019-06-15T00:49:43.665" />
  <attribute name="elasticGC enabled" value="1" />
  <attribute name= "numThreadsSpecified" value="4" />
  <attribute name="heapSize specified" value="0" />
  <attribute name="Current GC Util" value="162" />
  <attribute name= "Current Time Running" value="20557" />
  <attribute name ="GC Interval" value="0" />
  <attribute name="ProportionalT" value="71.000000" />
  <attribute name="ProportionalI" value="71.000000" />
  <attribute name="ProportionalH" value="71.000000" />
  <attribute name="Current Error" value="142.000000" />
  <attribute name="IntegralT" value="142.000000" />
  <attribute name="IntegralI" value="142.000000" />
  <attribute name="IntegralH" value="142.000000" />
  <attribute name="DerivativeT" value="51.000000" />
  <attribute name="DerivativeI" value="51.000000" />
  <attribute name="DerivativeH" value="51.000000" />
  <attribute name="Loop Time for DT" value="1.000000" />
  <attribute name="Output H" value="8388608"/>
  <attribute name="Output I" value="264"/>
  <attribute name="Output T" value="4"/>
  <attribute name="Target GC Util Change" value ="20.000000" />
  <attribute name="Current GC Util Change" value="162.000000"/>
  <attribute name="GC Util currently" value="162" />
  <attribute name="CPU Util currently" value="13821015753551" />
<exclusive-end id="3161" timestamp="2019-06-15T00:49:43.665" durationms="4.854" />

<exclusive-start id="3162" timestamp="2019-06-15T00:49:43.673" intervalms="12.786">
  <response-info timems="0.075" idlems="0.075" threads="0" lastid="000000000118C700" lastname="main" />
</exclusive-start>
<allocation-taxation id="3163" taxation-threshold="24117248" timestamp="2019-06-15T00:49:43.673" intervalms="12.756" />
<cycle-start id="3164" type="partial gc" contextid="0" timestamp="2019-06-15T00:49:43.674" intervalms="12.749" />
<gc-start id="3165" type="partial gc" contextid="3164" timestamp="2019-06-15T00:49:43.674">
  <mem-info id="3166" free="18874368" total="70254592" percent="26">
    <mem type="eden" free="1048552" total="25165824" percent="4" />
    <remembered-set count="41472" freebytes="2638464" totalbytes="2804352" percent="94" regionsoverflowed="0" regionsstable="10" regionsrebuilding="0"/>
  </mem-info>
</gc-start>
<allocation-stats totalBytes="23966072" >
  <allocated-bytes non-tlh="0" tlh="23966072" arrayletleaf="0"/>
  <largest-consumer threadName="main" threadId="000000000118C700" bytes="23966072" />
</allocation-stats>
<gc-op id="3167" type="copy forward" timems="3.175" contextid="3164" timestamp="2019-06-15T00:49:43.678">
  <memory-copied type="eden" objects="26" bytes="1896" bytesdiscarded="1376" />
  <memory-copied type="other" objects="0" bytes="0" bytesdiscarded="0" />
  <memory-cardclean objects="88" bytes="2536" />
  <regions eden="23" other="1" />
  <remembered-set-cleared processed="40127" cleared="28" durationms="0.180" />
  <stringconstants candidates="13683" cleared="0"  />
</gc-op>
<gc-op id="3168" type="classunload" timems="0.004" contextid="3164" timestamp="2019-06-15T00:49:43.678">
  <classunload-info classloadercandidates="53" classloadersunloaded="0" classesunloaded="0" anonymousclassesunloaded="0" quiescems="0.000" setupms="0.004" scanms="0.000" postms="0.000" />
</gc-op>
<gc-end id="3169" type="partial gc" contextid="3164" durationms="4.250" usertimems="8.000" systemtimems="0.000" timestamp="2019-06-15T00:49:43.678" activeThreads="4">
  <mem-info id="3170" free="42991616" total="70254592" percent="61">
    <mem type="eden" free="1045304" total="1048576" percent="99" />
    <remembered-set count="43008" freebytes="2632320" totalbytes="2804352" percent="93" regionsoverflowed="0" regionsstable="10" regionsrebuilding="0"/>
  </mem-info>
</gc-end>
<cycle-end id="3171" type="partial gc" contextid="3164" timestamp="2019-06-15T00:49:43.678" />
  <attribute name="elasticGC enabled" value="1" />
  <attribute name= "numThreadsSpecified" value="4" />
  <attribute name="heapSize specified" value="0" />
  <attribute name="Current GC Util" value="209" />
  <attribute name= "Current Time Running" value="20570" />
  <attribute name ="GC Interval" value="0" />
  <attribute name="ProportionalT" value="94.500000" />
  <attribute name="ProportionalI" value="94.500000" />
  <attribute name="ProportionalH" value="94.500000" />
  <attribute name="Current Error" value="189.000000" />
  <attribute name="IntegralT" value="189.000000" />
  <attribute name="IntegralI" value="189.000000" />
  <attribute name="IntegralH" value="189.000000" />
  <attribute name="DerivativeT" value="75.000000" />
  <attribute name="DerivativeI" value="75.000000" />
  <attribute name="DerivativeH" value="75.000000" />
  <attribute name="Loop Time for DT" value="1.000000" />
  <attribute name="Output H" value="8388608"/>
  <attribute name="Output I" value="360"/>
  <attribute name="Output T" value="4"/>
  <attribute name="Target GC Util Change" value ="20.000000" />
  <attribute name="Current GC Util Change" value="209.000000"/>
  <attribute name="GC Util currently" value="209" />
  <attribute name="CPU Util currently" value="13631821084396" />
<exclusive-end id="3172" timestamp="2019-06-15T00:49:43.678" durationms="5.202" />

<exclusive-start id="3173" timestamp="2019-06-15T00:49:43.686" intervalms="12.742">
  <response-info timems="0.075" idlems="0.075" threads="0" lastid="000000000118C700" lastname="main" />
</exclusive-start>
<allocation-taxation id="3174" taxation-threshold="24117248" timestamp="2019-06-15T00:49:43.686" intervalms="12.775" />
<cycle-start id="3175" type="partial gc" contextid="0" timestamp="2019-06-15T00:49:43.686" intervalms="12.782" />
<gc-start id="3176" type="partial gc" contextid="3175" timestamp="2019-06-15T00:49:43.687">
  <mem-info id="3177" free="18874368" total="70254592" percent="26">
    <mem type="eden" free="0" total="24117248" percent="0" />
    <remembered-set count="1824" freebytes="2797056" totalbytes="2804352" percent="99" regionsoverflowed="0" regionsstable="18" regionsrebuilding="0"/>
  </mem-info>
</gc-start>
<allocation-stats totalBytes="23956800" >
  <allocated-bytes non-tlh="0" tlh="23956800" arrayletleaf="0"/>
  <largest-consumer threadName="main" threadId="000000000118C700" bytes="23956800" />
</allocation-stats>
<gc-op id="3178" type="copy forward" timems="1.006" contextid="3175" timestamp="2019-06-15T00:49:43.688">
  <memory-copied type="eden" objects="0" bytes="0" bytesdiscarded="0" />
  <memory-copied type="other" objects="26" bytes="1896" bytesdiscarded="0" />
  <memory-cardclean objects="71" bytes="2264" />
  <regions eden="23" other="1" />
  <remembered-set-cleared processed="40" cleared="0" durationms="0.100" />
  <stringconstants candidates="13683" cleared="0"  />
</gc-op>
<gc-op id="3179" type="classunload" timems="0.004" contextid="3175" timestamp="2019-06-15T00:49:43.689">
  <classunload-info classloadercandidates="53" classloadersunloaded="0" classesunloaded="0" anonymousclassesunloaded="0" quiescems="0.000" setupms="0.004" scanms="0.000" postms="0.000" />
</gc-op>
<gc-end id="3180" type="partial gc" contextid="3175" durationms="2.187" usertimems="0.000" systemtimems="4.000" timestamp="2019-06-15T00:49:43.689" activeThreads="1">
  <mem-info id="3181" free="42991616" total="70254592" percent="61">
    <remembered-set count="2208" freebytes="2795520" totalbytes="2804352" percent="99" regionsoverflowed="0" regionsstable="18" regionsrebuilding="0"/>
  </mem-info>
</gc-end>
<cycle-end id="3182" type="partial gc" contextid="3175" timestamp="2019-06-15T00:49:43.689" />
  <attribute name="elasticGC enabled" value="1" />
  <attribute name= "numThreadsSpecified" value="1" />
  <attribute name="heapSize specified" value="0" />
  <attribute name="Current GC Util" value="170" />
  <attribute name= "Current Time Running" value="20582" />
  <attribute name ="GC Interval" value="0" />
  <attribute name="ProportionalT" value="75.000000" />
  <attribute name="ProportionalI" value="75.000000" />
  <attribute name="ProportionalH" value="75.000000" />
  <attribute name="Current Error" value="150.000000" />
  <attribute name="IntegralT" value="0.000000" />
  <attribute name="IntegralI" value="0.000000" />
  <attribute name="IntegralH" value="0.000000" />
  <attribute name="DerivativeT" value="inf" />
  <attribute name="DerivativeI" value="inf" />
  <attribute name="DerivativeH" value="inf" />
  <attribute name="Loop Time for DT" value="0.000000" />
  <attribute name="Output H" value="8388608"/>
  <attribute name="Output I" value="200"/>
  <attribute name="Output T" value="1"/>
  <attribute name="Target GC Util Change" value ="20.000000" />
  <attribute name="Current GC Util Change" value="170.000000"/>
  <attribute name="GC Util currently" value="170" />
  <attribute name="CPU Util currently" value="13793071793758" />
<exclusive-end id="3183" timestamp="2019-06-15T00:49:43.689" durationms="3.156" />

<exclusive-start id="3184" timestamp="2019-06-15T00:49:43.697" intervalms="10.689">
  <response-info timems="0.073" idlems="0.073" threads="0" lastid="000000000118C700" lastname="main" />
</exclusive-start>
<allocation-taxation id="3185" taxation-threshold="24117248" timestamp="2019-06-15T00:49:43.697" intervalms="10.724" />
<cycle-start id="3186" type="partial gc" contextid="0" timestamp="2019-06-15T00:49:43.697" intervalms="10.724" />
<gc-start id="3187" type="partial gc" contextid="3186" timestamp="2019-06-15T00:49:43.697">
  <mem-info id="3188" free="18874368" total="70254592" percent="26">
    <mem type="eden" free="0" total="24117248" percent="0" />
    <remembered-set count="1728" freebytes="2797440" totalbytes="2804352" percent="99" regionsoverflowed="0" regionsstable="18" regionsrebuilding="0"/>
  </mem-info>
</gc-start>
<allocation-stats totalBytes="23961696" >
  <allocated-bytes non-tlh="0" tlh="23961696" arrayletleaf="0"/>
  <largest-consumer threadName="main" threadId="000000000118C700" bytes="23961696" />
</allocation-stats>
<gc-op id="3189" type="copy forward" timems="0.980" contextid="3186" timestamp="2019-06-15T00:49:43.699">
  <memory-copied type="eden" objects="1" bytes="24" bytesdiscarded="0" />
  <memory-copied type="other" objects="0" bytes="0" bytesdiscarded="0" />
  <memory-cardclean objects="10" bytes="224" />
  <regions eden="23" other="0" />
  <remembered-set-cleared processed="46" cleared="0" durationms="0.102" />
  <stringconstants candidates="13683" cleared="0"  />
</gc-op>
<gc-op id="3190" type="classunload" timems="0.004" contextid="3186" timestamp="2019-06-15T00:49:43.699">
  <classunload-info classloadercandidates="53" classloadersunloaded="0" classesunloaded="0" anonymousclassesunloaded="0" quiescems="0.000" setupms="0.004" scanms="0.000" postms="0.000" />
</gc-op>
<heap-resize id="3191" type="expand" space="default" amount="1048576" count="1" timems="0.058" reason="excessive time being spent in gc" timestamp="2019-06-15T00:49:43.700" />
<gc-end id="3192" type="partial gc" contextid="3186" durationms="2.455" usertimems="0.000" systemtimems="0.000" timestamp="2019-06-15T00:49:43.700" activeThreads="1">
  <mem-info id="3193" free="42991616" total="71303168" percent="60">
    <mem type="eden" free="1048552" total="1048576" percent="99" />
    <remembered-set count="2240" freebytes="2837248" totalbytes="2846208" percent="99" regionsoverflowed="0" regionsstable="18" regionsrebuilding="0"/>
  </mem-info>
</gc-end>
<cycle-end id="3194" type="partial gc" contextid="3186" timestamp="2019-06-15T00:49:43.700" />
  <attribute name="elasticGC enabled" value="1" />
  <attribute name= "numThreadsSpecified" value="1" />
  <attribute name="heapSize specified" value="0" />
  <attribute name="Current GC Util" value="285" />
  <attribute name= "Current Time Running" value="20593" />
  <attribute name ="GC Interval" value="0" />
  <attribute name="ProportionalT" value="132.500000" />
  <attribute name="ProportionalI" value="132.500000" />
  <attribute name="ProportionalH" value="132.500000" />
  <attribute name="Current Error" value="265.000000" />
  <attribute name="IntegralT" value="0.000000" />
  <attribute name="IntegralI" value="0.000000" />
  <attribute name="IntegralH" value="0.000000" />
  <attribute name="DerivativeT" value="inf" />
  <attribute name="DerivativeI" value="inf" />
  <attribute name="DerivativeH" value="inf" />
  <attribute name="Loop Time for DT" value="0.000000" />
  <attribute name="Output H" value="8388608"/>
  <attribute name="Output I" value="200"/>
  <attribute name="Output T" value="1"/>
  <attribute name="Target GC Util Change" value ="20.000000" />
  <attribute name="Current GC Util Change" value="285.000000"/>
  <attribute name="GC Util currently" value="285" />
  <attribute name="CPU Util currently" value="13243826980056" />
<exclusive-end id="3195" timestamp="2019-06-15T00:49:43.700" durationms="3.528" />

<exclusive-start id="3196" timestamp="2019-06-15T00:49:43.708" intervalms="11.110">
  <response-info timems="0.074" idlems="0.074" threads="0" lastid="000000000118C700" lastname="main" />
</exclusive-start>
<allocation-taxation id="3197" taxation-threshold="24117248" timestamp="2019-06-15T00:49:43.708" intervalms="11.075" />
<cycle-start id="3198" type="partial gc" contextid="0" timestamp="2019-06-15T00:49:43.708" intervalms="11.082" />
<gc-start id="3199" type="partial gc" contextid="3198" timestamp="2019-06-15T00:49:43.708">
  <mem-info id="3200" free="18874368" total="71303168" percent="26">
    <mem type="eden" free="1048552" total="25165824" percent="4" />
    <remembered-set count="1760" freebytes="2839168" totalbytes="2846208" percent="99" regionsoverflowed="0" regionsstable="18" regionsrebuilding="0"/>
  </mem-info>
</gc-start>
<allocation-stats totalBytes="23966064" >
  <allocated-bytes non-tlh="0" tlh="23966064" arrayletleaf="0"/>
  <largest-consumer threadName="main" threadId="000000000118C700" bytes="23966064" />
</allocation-stats>
<gc-op id="3201" type="copy forward" timems="0.971" contextid="3198" timestamp="2019-06-15T00:49:43.710">
  <memory-copied type="eden" objects="1" bytes="24" bytesdiscarded="0" />
  <memory-copied type="other" objects="0" bytes="0" bytesdiscarded="0" />
  <memory-cardclean objects="10" bytes="224" />
  <regions eden="23" other="1" />
  <remembered-set-cleared processed="46" cleared="0" durationms="0.102" />
  <stringconstants candidates="13683" cleared="0"  />
</gc-op>
<gc-op id="3202" type="classunload" timems="0.003" contextid="3198" timestamp="2019-06-15T00:49:43.710">
  <classunload-info classloadercandidates="53" classloadersunloaded="0" classesunloaded="0" anonymousclassesunloaded="0" quiescems="0.000" setupms="0.003" scanms="0.000" postms="0.000" />
</gc-op>
<gc-end id="3203" type="partial gc" contextid="3198" durationms="2.109" usertimems="4.000" systemtimems="0.000" timestamp="2019-06-15T00:49:43.711" activeThreads="1">
  <mem-info id="3204" free="42991616" total="71303168" percent="60">
    <mem type="eden" free="1048552" total="1048576" percent="99" />
    <remembered-set count="2240" freebytes="2837248" totalbytes="2846208" percent="99" regionsoverflowed="0" regionsstable="18" regionsrebuilding="0"/>
  </mem-info>
</gc-end>
<cycle-end id="3205" type="partial gc" contextid="3198" timestamp="2019-06-15T00:49:43.711" />
  <attribute name="elasticGC enabled" value="1" />
  <attribute name= "numThreadsSpecified" value="1" />
  <attribute name="heapSize specified" value="0" />
  <attribute name="Current GC Util" value="270" />
  <attribute name= "Current Time Running" value="20604" />
  <attribute name ="GC Interval" value="0" />
  <attribute name="ProportionalT" value="125.000000" />
  <attribute name="ProportionalI" value="125.000000" />
  <attribute name="ProportionalH" value="125.000000" />
  <attribute name="Current Error" value="250.000000" />
  <attribute name="IntegralT" value="0.000000" />
  <attribute name="IntegralI" value="0.000000" />
  <attribute name="IntegralH" value="0.000000" />
  <attribute name="DerivativeT" value="inf" />
  <attribute name="DerivativeI" value="inf" />
  <attribute name="DerivativeH" value="inf" />
  <attribute name="Loop Time for DT" value="0.000000" />
  <attribute name="Output H" value="8388608"/>
  <attribute name="Output I" value="200"/>
  <attribute name="Output T" value="1"/>
  <attribute name="Target GC Util Change" value ="20.000000" />
  <attribute name="Current GC Util Change" value="270.000000"/>
  <attribute name="GC Util currently" value="270" />
  <attribute name="CPU Util currently" value="13728728898581" />
<exclusive-end id="3206" timestamp="2019-06-15T00:49:43.711" durationms="3.201" />

<exclusive-start id="3207" timestamp="2019-06-15T00:49:43.719" intervalms="10.777">
  <response-info timems="0.065" idlems="0.065" threads="0" lastid="000000000118C700" lastname="main" />
</exclusive-start>
<allocation-taxation id="3208" taxation-threshold="24117248" timestamp="2019-06-15T00:49:43.719" intervalms="10.812" />
<cycle-start id="3209" type="partial gc" contextid="0" timestamp="2019-06-15T00:49:43.719" intervalms="10.792" />
<gc-start id="3210" type="partial gc" contextid="3209" timestamp="2019-06-15T00:49:43.719">
  <mem-info id="3211" free="18874368" total="71303168" percent="26">
    <mem type="eden" free="1048552" total="25165824" percent="4" />
    <remembered-set count="1760" freebytes="2839168" totalbytes="2846208" percent="99" regionsoverflowed="0" regionsstable="18" regionsrebuilding="0"/>
  </mem-info>
</gc-start>
<allocation-stats totalBytes="23966088" >
  <allocated-bytes non-tlh="0" tlh="23966088" arrayletleaf="0"/>
  <largest-consumer threadName="main" threadId="000000000118C700" bytes="23966088" />
</allocation-stats>
<gc-op id="3212" type="copy forward" timems="3.122" contextid="3209" timestamp="2019-06-15T00:49:43.723">
  <memory-copied type="eden" objects="1" bytes="24" bytesdiscarded="0" />
  <memory-copied type="other" objects="0" bytes="0" bytesdiscarded="0" />
  <memory-cardclean objects="10" bytes="224" />
  <regions eden="23" other="1" />
  <remembered-set-cleared processed="46" cleared="0" durationms="0.083" />
  <stringconstants candidates="13683" cleared="0"  />
</gc-op>
<gc-op id="3213" type="classunload" timems="0.003" contextid="3209" timestamp="2019-06-15T00:49:43.723">
  <classunload-info classloadercandidates="53" classloadersunloaded="0" classesunloaded="0" anonymousclassesunloaded="0" quiescems="0.000" setupms="0.003" scanms="0.000" postms="0.000" />
</gc-op>
<gc-end id="3214" type="partial gc" contextid="3209" durationms="4.150" usertimems="8.000" systemtimems="0.000" timestamp="2019-06-15T00:49:43.723" activeThreads="4">
  <mem-info id="3215" free="42991616" total="71303168" percent="60">
    <mem type="eden" free="1048552" total="1048576" percent="99" />
    <remembered-set count="832" freebytes="2842880" totalbytes="2846208" percent="99" regionsoverflowed="0" regionsstable="18" regionsrebuilding="0"/>
  </mem-info>
</gc-end>
<cycle-end id="3216" type="partial gc" contextid="3209" timestamp="2019-06-15T00:49:43.723" />
  <attribute name="elasticGC enabled" value="1" />
  <attribute name= "numThreadsSpecified" value="4" />
  <attribute name="heapSize specified" value="0" />
  <attribute name="Current GC Util" value="270" />
  <attribute name= "Current Time Running" value="20615" />
  <attribute name ="GC Interval" value="0" />
  <attribute name="ProportionalT" value="125.000000" />
  <attribute name="ProportionalI" value="125.000000" />
  <attribute name="ProportionalH" value="125.000000" />
  <attribute name="Current Error" value="250.000000" />
  <attribute name="IntegralT" value="250.000000" />
  <attribute name="IntegralI" value="250.000000" />
  <attribute name="IntegralH" value="250.000000" />
  <attribute name="DerivativeT" value="125.000000" />
  <attribute name="DerivativeI" value="125.000000" />
  <attribute name="DerivativeH" value="125.000000" />
  <attribute name="Loop Time for DT" value="1.000000" />
  <attribute name="Output H" value="8388608"/>
  <attribute name="Output I" value="504"/>
  <attribute name="Output T" value="4"/>
  <attribute name="Target GC Util Change" value ="20.000000" />
  <attribute name="Current GC Util Change" value="270.000000"/>
  <attribute name="GC Util currently" value="270" />
  <attribute name="CPU Util currently" value="13039738192612" />
<exclusive-end id="3217" timestamp="2019-06-15T00:49:43.724" durationms="5.057" />

<exclusive-start id="3218" timestamp="2019-06-15T00:49:43.731" intervalms="12.612">
  <response-info timems="0.073" idlems="0.073" threads="0" lastid="000000000118C700" lastname="main" />
</exclusive-start>
<allocation-taxation id="3219" taxation-threshold="24117248" timestamp="2019-06-15T00:49:43.731" intervalms="12.570" />
<cycle-start id="3220" type="partial gc" contextid="0" timestamp="2019-06-15T00:49:43.732" intervalms="12.548" />
<gc-start id="3221" type="partial gc" contextid="3220" timestamp="2019-06-15T00:49:43.732">
  <mem-info id="3222" free="18874368" total="71303168" percent="26">
    <mem type="eden" free="1048552" total="25165824" percent="4" />
    <remembered-set count="832" freebytes="2842880" totalbytes="2846208" percent="99" regionsoverflowed="0" regionsstable="18" regionsrebuilding="0"/>
  </mem-info>
</gc-start>
<allocation-stats totalBytes="23966064" >
  <allocated-bytes non-tlh="0" tlh="23966064" arrayletleaf="0"/>
  <largest-consumer threadName="main" threadId="000000000118C700" bytes="23966064" />
</allocation-stats>
<gc-op id="3223" type="copy forward" timems="0.972" contextid="3220" timestamp="2019-06-15T00:49:43.734">
  <memory-copied type="eden" objects="1" bytes="24" bytesdiscarded="0" />
  <memory-copied type="other" objects="0" bytes="0" bytesdiscarded="0" />
  <memory-cardclean objects="10" bytes="224" />
  <regions eden="23" other="1" />
  <remembered-set-cleared processed="46" cleared="0" durationms="0.102" />
  <stringconstants candidates="13683" cleared="0"  />
</gc-op>
<gc-op id="3224" type="classunload" timems="0.004" contextid="3220" timestamp="2019-06-15T00:49:43.734">
  <classunload-info classloadercandidates="53" classloadersunloaded="0" classesunloaded="0" anonymousclassesunloaded="0" quiescems="0.000" setupms="0.003" scanms="0.000" postms="0.000" />
</gc-op>
<gc-end id="3225" type="partial gc" contextid="3220" durationms="2.137" usertimems="0.000" systemtimems="4.000" timestamp="2019-06-15T00:49:43.734" activeThreads="1">
  <mem-info id="3226" free="42991616" total="71303168" percent="60">
    <mem type="eden" free="1048552" total="1048576" percent="99" />
    <remembered-set count="1312" freebytes="2840960" totalbytes="2846208" percent="99" regionsoverflowed="0" regionsstable="18" regionsrebuilding="0"/>
  </mem-info>
</gc-end>
<cycle-end id="3227" type="partial gc" contextid="3220" timestamp="2019-06-15T00:49:43.734" />
  <attribute name="elasticGC enabled" value="1" />
  <attribute name= "numThreadsSpecified" value="1" />
  <attribute name="heapSize specified" value="0" />
  <attribute name="Current GC Util" value="202" />
  <attribute name= "Current Time Running" value="20627" />
  <attribute name ="GC Interval" value="0" />
  <attribute name="ProportionalT" value="91.000000" />
  <attribute name="ProportionalI" value="91.000000" />
  <attribute name="ProportionalH" value="91.000000" />
  <attribute name="Current Error" value="182.000000" />
  <attribute name="IntegralT" value="0.000000" />
  <attribute name="IntegralI" value="0.000000" />
  <attribute name="IntegralH" value="0.000000" />
  <attribute name="DerivativeT" value="inf" />
  <attribute name="DerivativeI" value="inf" />
  <attribute name="DerivativeH" value="inf" />
  <attribute name="Loop Time for DT" value="0.000000" />
  <attribute name="Output H" value="8388608"/>
  <attribute name="Output I" value="200"/>
  <attribute name="Output T" value="1"/>
  <attribute name="Target GC Util Change" value ="20.000000" />
  <attribute name="Current GC Util Change" value="202.000000"/>
  <attribute name="GC Util currently" value="202" />
  <attribute name="CPU Util currently" value="13812033243627" />
<exclusive-end id="3228" timestamp="2019-06-15T00:49:43.734" durationms="3.080" />

<exclusive-start id="3229" timestamp="2019-06-15T00:49:43.742" intervalms="10.592">
  <response-info timems="0.076" idlems="0.076" threads="0" lastid="000000000118C700" lastname="main" />
</exclusive-start>
<allocation-taxation id="3230" taxation-threshold="24117248" timestamp="2019-06-15T00:49:43.742" intervalms="10.624" />
<cycle-start id="3231" type="partial gc" contextid="0" timestamp="2019-06-15T00:49:43.742" intervalms="10.661" />
<gc-start id="3232" type="partial gc" contextid="3231" timestamp="2019-06-15T00:49:43.742">
  <mem-info id="3233" free="18874368" total="71303168" percent="26">
    <mem type="eden" free="1048552" total="25165824" percent="4" />
    <remembered-set count="832" freebytes="2842880" totalbytes="2846208" percent="99" regionsoverflowed="0" regionsstable="18" regionsrebuilding="0"/>
  </mem-info>
</gc-start>
<allocation-stats totalBytes="23966088" >
  <allocated-bytes non-tlh="0" tlh="23966088" arrayletleaf="0"/>
  <largest-consumer threadName="main" threadId="000000000118C700" bytes="23966088" />
</allocation-stats>
<gc-op id="3234" type="copy forward" timems="0.995" contextid="3231" timestamp="2019-06-15T00:49:43.744">
  <memory-copied type="eden" objects="1" bytes="24" bytesdiscarded="0" />
  <memory-copied type="other" objects="0" bytes="0" bytesdiscarded="0" />
  <memory-cardclean objects="10" bytes="224" />
  <regions eden="23" other="1" />
  <remembered-set-cleared processed="46" cleared="0" durationms="0.102" />
  <stringconstants candidates="13683" cleared="0"  />
</gc-op>
<gc-op id="3235" type="classunload" timems="0.003" contextid="3231" timestamp="2019-06-15T00:49:43.744">
  <classunload-info classloadercandidates="53" classloadersunloaded="0" classesunloaded="0" anonymousclassesunloaded="0" quiescems="0.000" setupms="0.003" scanms="0.000" postms="0.000" />
</gc-op>
<gc-end id="3236" type="partial gc" contextid="3231" durationms="2.199" usertimems="0.000" systemtimems="0.000" timestamp="2019-06-15T00:49:43.745" activeThreads="1">
  <mem-info id="3237" free="42991616" total="71303168" percent="60">
    <mem type="eden" free="1048552" total="1048576" percent="99" />
    <remembered-set count="1312" freebytes="2840960" totalbytes="2846208" percent="99" regionsoverflowed="0" regionsstable="18" regionsrebuilding="0"/>
  </mem-info>
</gc-end>
<cycle-end id="3238" type="partial gc" contextid="3231" timestamp="2019-06-15T00:49:43.745" />
  <attribute name="elasticGC enabled" value="1" />
  <attribute name= "numThreadsSpecified" value="1" />
  <attribute name="heapSize specified" value="0" />
  <attribute name="Current GC Util" value="280" />
  <attribute name= "Current Time Running" value="20638" />
  <attribute name ="GC Interval" value="0" />
  <attribute name="ProportionalT" value="130.000000" />
  <attribute name="ProportionalI" value="130.000000" />
  <attribute name="ProportionalH" value="130.000000" />
  <attribute name="Current Error" value="260.000000" />
  <attribute name="IntegralT" value="0.000000" />
  <attribute name="IntegralI" value="0.000000" />
  <attribute name="IntegralH" value="0.000000" />
  <attribute name="DerivativeT" value="inf" />
  <attribute name="DerivativeI" value="inf" />
  <attribute name="DerivativeH" value="inf" />
  <attribute name="Loop Time for DT" value="0.000000" />
  <attribute name="Output H" value="8388608"/>
  <attribute name="Output I" value="200"/>
  <attribute name="Output T" value="1"/>
  <attribute name="Target GC Util Change" value ="20.000000" />
  <attribute name="Current GC Util Change" value="280.000000"/>
  <attribute name="GC Util currently" value="280" />
  <attribute name="CPU Util currently" value="13906285899228" />
<exclusive-end id="3239" timestamp="2019-06-15T00:49:43.745" durationms="3.303" />

<exclusive-start id="3240" timestamp="2019-06-15T00:49:43.753" intervalms="10.878">
  <response-info timems="0.077" idlems="0.077" threads="0" lastid="000000000118C700" lastname="main" />
</exclusive-start>
<allocation-taxation id="3241" taxation-threshold="24117248" timestamp="2019-06-15T00:49:43.753" intervalms="10.852" />
<cycle-start id="3242" type="partial gc" contextid="0" timestamp="2019-06-15T00:49:43.753" intervalms="10.844" />
<gc-start id="3243" type="partial gc" contextid="3242" timestamp="2019-06-15T00:49:43.753">
  <mem-info id="3244" free="18874368" total="71303168" percent="26">
    <mem type="eden" free="1048552" total="25165824" percent="4" />
    <remembered-set count="832" freebytes="2842880" totalbytes="2846208" percent="99" regionsoverflowed="0" regionsstable="18" regionsrebuilding="0"/>
  </mem-info>
</gc-start>
<allocation-stats totalBytes="23966064" >
  <allocated-bytes non-tlh="0" tlh="23966064" arrayletleaf="0"/>
  <largest-consumer threadName="main" threadId="000000000118C700" bytes="23966064" />
</allocation-stats>
<gc-op id="3245" type="copy forward" timems="0.969" contextid="3242" timestamp="2019-06-15T00:49:43.755">
  <memory-copied type="eden" objects="1" bytes="24" bytesdiscarded="0" />
  <memory-copied type="other" objects="0" bytes="0" bytesdiscarded="0" />
  <memory-cardclean objects="10" bytes="224" />
  <regions eden="23" other="1" />
  <remembered-set-cleared processed="46" cleared="0" durationms="0.102" />
  <stringconstants candidates="13683" cleared="0"  />
</gc-op>
<gc-op id="3246" type="classunload" timems="0.004" contextid="3242" timestamp="2019-06-15T00:49:43.755">
  <classunload-info classloadercandidates="53" classloadersunloaded="0" classesunloaded="0" anonymousclassesunloaded="0" quiescems="0.000" setupms="0.003" scanms="0.000" postms="0.000" />
</gc-op>
<gc-end id="3247" type="partial gc" contextid="3242" durationms="2.164" usertimems="4.000" systemtimems="0.000" timestamp="2019-06-15T00:49:43.755" activeThreads="1">
  <mem-info id="3248" free="42991616" total="71303168" percent="60">
    <mem type="eden" free="1048552" total="1048576" percent="99" />
    <remembered-set count="1312" freebytes="2840960" totalbytes="2846208" percent="99" regionsoverflowed="0" regionsstable="18" regionsrebuilding="0"/>
  </mem-info>
</gc-end>
<cycle-end id="3249" type="partial gc" contextid="3242" timestamp="2019-06-15T00:49:43.756" />
  <attribute name="elasticGC enabled" value="1" />
  <attribute name= "numThreadsSpecified" value="1" />
  <attribute name="heapSize specified" value="0" />
  <attribute name="Current GC Util" value="279" />
  <attribute name= "Current Time Running" value="20649" />
  <attribute name ="GC Interval" value="0" />
  <attribute name="ProportionalT" value="129.500000" />
  <attribute name="ProportionalI" value="129.500000" />
  <attribute name="ProportionalH" value="129.500000" />
  <attribute name="Current Error" value="259.000000" />
  <attribute name="IntegralT" value="0.000000" />
  <attribute name="IntegralI" value="0.000000" />
  <attribute name="IntegralH" value="0.000000" />
  <attribute name="DerivativeT" value="inf" />
  <attribute name="DerivativeI" value="inf" />
  <attribute name="DerivativeH" value="inf" />
  <attribute name="Loop Time for DT" value="0.000000" />
  <attribute name="Output H" value="8388608"/>
  <attribute name="Output I" value="200"/>
  <attribute name="Output T" value="1"/>
  <attribute name="Target GC Util Change" value ="20.000000" />
  <attribute name="Current GC Util Change" value="279.000000"/>
  <attribute name="GC Util currently" value="279" />
  <attribute name="CPU Util currently" value="13679900471511" />
<exclusive-end id="3250" timestamp="2019-06-15T00:49:43.756" durationms="3.254" />

<exclusive-start id="3251" timestamp="2019-06-15T00:49:43.763" intervalms="10.813">
  <response-info timems="0.076" idlems="0.076" threads="0" lastid="000000000118C700" lastname="main" />
</exclusive-start>
<allocation-taxation id="3252" taxation-threshold="24117248" timestamp="2019-06-15T00:49:43.764" intervalms="10.811" />
<cycle-start id="3253" type="partial gc" contextid="0" timestamp="2019-06-15T00:49:43.764" intervalms="10.807" />
<gc-start id="3254" type="partial gc" contextid="3253" timestamp="2019-06-15T00:49:43.764">
  <mem-info id="3255" free="18874368" total="71303168" percent="26">
    <mem type="eden" free="1048552" total="25165824" percent="4" />
    <remembered-set count="832" freebytes="2842880" totalbytes="2846208" percent="99" regionsoverflowed="0" regionsstable="18" regionsrebuilding="0"/>
  </mem-info>
</gc-start>
<allocation-stats totalBytes="23966064" >
  <allocated-bytes non-tlh="0" tlh="23966064" arrayletleaf="0"/>
  <largest-consumer threadName="main" threadId="000000000118C700" bytes="23966064" />
</allocation-stats>
<gc-op id="3256" type="copy forward" timems="2.442" contextid="3253" timestamp="2019-06-15T00:49:43.767">
  <memory-copied type="eden" objects="1" bytes="24" bytesdiscarded="0" />
  <memory-copied type="other" objects="0" bytes="0" bytesdiscarded="0" />
  <memory-cardclean objects="10" bytes="224" />
  <regions eden="23" other="1" />
  <remembered-set-cleared processed="46" cleared="0" durationms="0.083" />
  <stringconstants candidates="13683" cleared="0"  />
</gc-op>
<gc-op id="3257" type="classunload" timems="0.003" contextid="3253" timestamp="2019-06-15T00:49:43.767">
  <classunload-info classloadercandidates="53" classloadersunloaded="0" classesunloaded="0" anonymousclassesunloaded="0" quiescems="0.000" setupms="0.003" scanms="0.000" postms="0.000" />
</gc-op>
<gc-end id="3258" type="partial gc" contextid="3253" durationms="3.551" usertimems="4.000" systemtimems="0.000" timestamp="2019-06-15T00:49:43.768" activeThreads="4">
  <mem-info id="3259" free="42991616" total="71303168" percent="60">
    <mem type="eden" free="1048552" total="1048576" percent="99" />
    <remembered-set count="832" freebytes="2842880" totalbytes="2846208" percent="99" regionsoverflowed="0" regionsstable="18" regionsrebuilding="0"/>
  </mem-info>
</gc-end>
<cycle-end id="3260" type="partial gc" contextid="3253" timestamp="2019-06-15T00:49:43.768" />
  <attribute name="elasticGC enabled" value="1" />
  <attribute name= "numThreadsSpecified" value="4" />
  <attribute name="heapSize specified" value="0" />
  <attribute name="Current GC Util" value="272" />
  <attribute name= "Current Time Running" value="20660" />
  <attribute name ="GC Interval" value="0" />
  <attribute name="ProportionalT" value="126.000000" />
  <attribute name="ProportionalI" value="126.000000" />
  <attribute name="ProportionalH" value="126.000000" />
  <attribute name="Current Error" value="252.000000" />
  <attribute name="IntegralT" value="252.000000" />
  <attribute name="IntegralI" value="252.000000" />
  <attribute name="IntegralH" value="252.000000" />
  <attribute name="DerivativeT" value="126.000000" />
  <attribute name="DerivativeI" value="126.000000" />
  <attribute name="DerivativeH" value="126.000000" />
  <attribute name="Loop Time for DT" value="1.000000" />
  <attribute name="Output H" value="8388608"/>
  <attribute name="Output I" value="504"/>
  <attribute name="Output T" value="4"/>
  <attribute name="Target GC Util Change" value ="20.000000" />
  <attribute name="Current GC Util Change" value="272.000000"/>
  <attribute name="GC Util currently" value="272" />
  <attribute name="CPU Util currently" value="13252428151226" />
<exclusive-end id="3261" timestamp="2019-06-15T00:49:43.768" durationms="4.445" />

<exclusive-start id="3262" timestamp="2019-06-15T00:49:43.775" intervalms="11.991">
  <response-info timems="0.075" idlems="0.075" threads="0" lastid="000000000118C700" lastname="main" />
</exclusive-start>
<allocation-taxation id="3263" taxation-threshold="24117248" timestamp="2019-06-15T00:49:43.776" intervalms="12.006" />
<cycle-start id="3264" type="partial gc" contextid="0" timestamp="2019-06-15T00:49:43.776" intervalms="12.014" />
<gc-start id="3265" type="partial gc" contextid="3264" timestamp="2019-06-15T00:49:43.776">
  <mem-info id="3266" free="18874368" total="71303168" percent="26">
    <mem type="eden" free="1048552" total="25165824" percent="4" />
    <remembered-set count="832" freebytes="2842880" totalbytes="2846208" percent="99" regionsoverflowed="0" regionsstable="18" regionsrebuilding="0"/>
  </mem-info>
</gc-start>
<allocation-stats totalBytes="23966088" >
  <allocated-bytes non-tlh="0" tlh="23966088" arrayletleaf="0"/>
  <largest-consumer threadName="main" threadId="000000000118C700" bytes="23966088" />
</allocation-stats>
<gc-op id="3267" type="copy forward" timems="2.710" contextid="3264" timestamp="2019-06-15T00:49:43.780">
  <memory-copied type="eden" objects="1" bytes="24" bytesdiscarded="0" />
  <memory-copied type="other" objects="0" bytes="0" bytesdiscarded="0" />
  <memory-cardclean objects="10" bytes="224" />
  <regions eden="23" other="1" />
  <remembered-set-cleared processed="46" cleared="0" durationms="0.076" />
  <stringconstants candidates="13683" cleared="0"  />
</gc-op>
<gc-op id="3268" type="classunload" timems="0.004" contextid="3264" timestamp="2019-06-15T00:49:43.780">
  <classunload-info classloadercandidates="53" classloadersunloaded="0" classesunloaded="0" anonymousclassesunloaded="0" quiescems="0.000" setupms="0.004" scanms="0.000" postms="0.000" />
</gc-op>
<gc-end id="3269" type="partial gc" contextid="3264" durationms="3.737" usertimems="8.000" systemtimems="0.000" timestamp="2019-06-15T00:49:43.780" activeThreads="4">
  <mem-info id="3270" free="42991616" total="71303168" percent="60">
    <mem type="eden" free="1048552" total="1048576" percent="99" />
    <remembered-set count="832" freebytes="2842880" totalbytes="2846208" percent="99" regionsoverflowed="0" regionsstable="18" regionsrebuilding="0"/>
  </mem-info>
</gc-end>
<cycle-end id="3271" type="partial gc" contextid="3264" timestamp="2019-06-15T00:49:43.780" />
  <attribute name="elasticGC enabled" value="1" />
  <attribute name= "numThreadsSpecified" value="4" />
  <attribute name="heapSize specified" value="0" />
  <attribute name="Current GC Util" value="172" />
  <attribute name= "Current Time Running" value="20672" />
  <attribute name ="GC Interval" value="0" />
  <attribute name="ProportionalT" value="76.000000" />
  <attribute name="ProportionalI" value="76.000000" />
  <attribute name="ProportionalH" value="76.000000" />
  <attribute name="Current Error" value="152.000000" />
  <attribute name="IntegralT" value="152.000000" />
  <attribute name="IntegralI" value="152.000000" />
  <attribute name="IntegralH" value="152.000000" />
  <attribute name="DerivativeT" value="59.000000" />
  <attribute name="DerivativeI" value="59.000000" />
  <attribute name="DerivativeH" value="59.000000" />
  <attribute name="Loop Time for DT" value="1.000000" />
  <attribute name="Output H" value="8388608"/>
  <attribute name="Output I" value="288"/>
  <attribute name="Output T" value="4"/>
  <attribute name="Target GC Util Change" value ="20.000000" />
  <attribute name="Current GC Util Change" value="172.000000"/>
  <attribute name="GC Util currently" value="172" />
  <attribute name="CPU Util currently" value="13805624310917" />
<exclusive-end id="3272" timestamp="2019-06-15T00:49:43.780" durationms="4.602" />

<exclusive-start id="3273" timestamp="2019-06-15T00:49:43.788" intervalms="12.155">
  <response-info timems="0.075" idlems="0.075" threads="0" lastid="000000000118C700" lastname="main" />
</exclusive-start>
<allocation-taxation id="3274" taxation-threshold="24117248" timestamp="2019-06-15T00:49:43.788" intervalms="12.172" />
<cycle-start id="3275" type="partial gc" contextid="0" timestamp="2019-06-15T00:49:43.788" intervalms="12.171" />
<gc-start id="3276" type="partial gc" contextid="3275" timestamp="2019-06-15T00:49:43.788">
  <mem-info id="3277" free="18874368" total="71303168" percent="26">
    <mem type="eden" free="1048552" total="25165824" percent="4" />
    <remembered-set count="832" freebytes="2842880" totalbytes="2846208" percent="99" regionsoverflowed="0" regionsstable="18" regionsrebuilding="0"/>
  </mem-info>
</gc-start>
<allocation-stats totalBytes="23966064" >
  <allocated-bytes non-tlh="0" tlh="23966064" arrayletleaf="0"/>
  <largest-consumer threadName="main" threadId="000000000118C700" bytes="23966064" />
</allocation-stats>
<gc-op id="3278" type="copy forward" timems="0.970" contextid="3275" timestamp="2019-06-15T00:49:43.790">
  <memory-copied type="eden" objects="1" bytes="24" bytesdiscarded="0" />
  <memory-copied type="other" objects="0" bytes="0" bytesdiscarded="0" />
  <memory-cardclean objects="10" bytes="224" />
  <regions eden="23" other="1" />
  <remembered-set-cleared processed="46" cleared="0" durationms="0.102" />
  <stringconstants candidates="13683" cleared="0"  />
</gc-op>
<gc-op id="3279" type="classunload" timems="0.004" contextid="3275" timestamp="2019-06-15T00:49:43.790">
  <classunload-info classloadercandidates="53" classloadersunloaded="0" classesunloaded="0" anonymousclassesunloaded="0" quiescems="0.000" setupms="0.004" scanms="0.000" postms="0.000" />
</gc-op>
<gc-end id="3280" type="partial gc" contextid="3275" durationms="2.079" usertimems="4.000" systemtimems="0.000" timestamp="2019-06-15T00:49:43.790" activeThreads="1">
  <mem-info id="3281" free="42991616" total="71303168" percent="60">
    <mem type="eden" free="1048552" total="1048576" percent="99" />
    <remembered-set count="1312" freebytes="2840960" totalbytes="2846208" percent="99" regionsoverflowed="0" regionsstable="18" regionsrebuilding="0"/>
  </mem-info>
</gc-end>
<cycle-end id="3282" type="partial gc" contextid="3275" timestamp="2019-06-15T00:49:43.791" />
  <attribute name="elasticGC enabled" value="1" />
  <attribute name= "numThreadsSpecified" value="1" />
  <attribute name="heapSize specified" value="0" />
  <attribute name="Current GC Util" value="173" />
  <attribute name= "Current Time Running" value="20684" />
  <attribute name ="GC Interval" value="0" />
  <attribute name="ProportionalT" value="76.500000" />
  <attribute name="ProportionalI" value="76.500000" />
  <attribute name="ProportionalH" value="76.500000" />
  <attribute name="Current Error" value="153.000000" />
  <attribute name="IntegralT" value="0.000000" />
  <attribute name="IntegralI" value="0.000000" />
  <attribute name="IntegralH" value="0.000000" />
  <attribute name="DerivativeT" value="inf" />
  <attribute name="DerivativeI" value="inf" />
  <attribute name="DerivativeH" value="inf" />
  <attribute name="Loop Time for DT" value="0.000000" />
  <attribute name="Output H" value="8388608"/>
  <attribute name="Output I" value="200"/>
  <attribute name="Output T" value="1"/>
  <attribute name="Target GC Util Change" value ="20.000000" />
  <attribute name="Current GC Util Change" value="173.000000"/>
  <attribute name="GC Util currently" value="173" />
  <attribute name="CPU Util currently" value="13818323911097" />
<exclusive-end id="3283" timestamp="2019-06-15T00:49:43.791" durationms="3.156" />

<exclusive-start id="3284" timestamp="2019-06-15T00:49:43.798" intervalms="10.709">
  <response-info timems="0.068" idlems="0.068" threads="0" lastid="000000000118C700" lastname="main" />
</exclusive-start>
<allocation-taxation id="3285" taxation-threshold="24117248" timestamp="2019-06-15T00:49:43.798" intervalms="10.651" />
<cycle-start id="3286" type="partial gc" contextid="0" timestamp="2019-06-15T00:49:43.799" intervalms="10.568" />
<gc-start id="3287" type="partial gc" contextid="3286" timestamp="2019-06-15T00:49:43.799">
  <mem-info id="3288" free="18874368" total="71303168" percent="26">
    <mem type="eden" free="1048552" total="25165824" percent="4" />
    <remembered-set count="832" freebytes="2842880" totalbytes="2846208" percent="99" regionsoverflowed="0" regionsstable="18" regionsrebuilding="0"/>
  </mem-info>
</gc-start>
<allocation-stats totalBytes="23966088" >
  <allocated-bytes non-tlh="0" tlh="23966088" arrayletleaf="0"/>
  <largest-consumer threadName="main" threadId="000000000118C700" bytes="23966088" />
</allocation-stats>
<gc-op id="3289" type="copy forward" timems="2.613" contextid="3286" timestamp="2019-06-15T00:49:43.802">
  <memory-copied type="eden" objects="1" bytes="24" bytesdiscarded="0" />
  <memory-copied type="other" objects="0" bytes="0" bytesdiscarded="0" />
  <memory-cardclean objects="10" bytes="224" />
  <regions eden="23" other="1" />
  <remembered-set-cleared processed="46" cleared="0" durationms="0.083" />
  <stringconstants candidates="13683" cleared="0"  />
</gc-op>
<gc-op id="3290" type="classunload" timems="0.003" contextid="3286" timestamp="2019-06-15T00:49:43.802">
  <classunload-info classloadercandidates="53" classloadersunloaded="0" classesunloaded="0" anonymousclassesunloaded="0" quiescems="0.000" setupms="0.003" scanms="0.000" postms="0.000" />
</gc-op>
<gc-end id="3291" type="partial gc" contextid="3286" durationms="3.736" usertimems="4.000" systemtimems="4.000" timestamp="2019-06-15T00:49:43.803" activeThreads="4">
  <mem-info id="3292" free="42991616" total="71303168" percent="60">
    <mem type="eden" free="1048552" total="1048576" percent="99" />
    <remembered-set count="832" freebytes="2842880" totalbytes="2846208" percent="99" regionsoverflowed="0" regionsstable="18" regionsrebuilding="0"/>
  </mem-info>
</gc-end>
<cycle-end id="3293" type="partial gc" contextid="3286" timestamp="2019-06-15T00:49:43.803" />
  <attribute name="elasticGC enabled" value="1" />
  <attribute name= "numThreadsSpecified" value="4" />
  <attribute name="heapSize specified" value="0" />
  <attribute name="Current GC Util" value="270" />
  <attribute name= "Current Time Running" value="20695" />
  <attribute name ="GC Interval" value="0" />
  <attribute name="ProportionalT" value="125.000000" />
  <attribute name="ProportionalI" value="125.000000" />
  <attribute name="ProportionalH" value="125.000000" />
  <attribute name="Current Error" value="250.000000" />
  <attribute name="IntegralT" value="250.000000" />
  <attribute name="IntegralI" value="250.000000" />
  <attribute name="IntegralH" value="250.000000" />
  <attribute name="DerivativeT" value="125.000000" />
  <attribute name="DerivativeI" value="125.000000" />
  <attribute name="DerivativeH" value="125.000000" />
  <attribute name="Loop Time for DT" value="1.000000" />
  <attribute name="Output H" value="8388608"/>
  <attribute name="Output I" value="504"/>
  <attribute name="Output T" value="4"/>
  <attribute name="Target GC Util Change" value ="20.000000" />
  <attribute name="Current GC Util Change" value="270.000000"/>
  <attribute name="GC Util currently" value="270" />
  <attribute name="CPU Util currently" value="13095465307725" />
<exclusive-end id="3294" timestamp="2019-06-15T00:49:43.803" durationms="4.594" />

<exclusive-start id="3295" timestamp="2019-06-15T00:49:43.810" intervalms="12.116">
  <response-info timems="0.069" idlems="0.069" threads="0" lastid="000000000118C700" lastname="main" />
</exclusive-start>
<allocation-taxation id="3296" taxation-threshold="24117248" timestamp="2019-06-15T00:49:43.811" intervalms="12.164" />
<cycle-start id="3297" type="partial gc" contextid="0" timestamp="2019-06-15T00:49:43.811" intervalms="12.252" />
<gc-start id="3298" type="partial gc" contextid="3297" timestamp="2019-06-15T00:49:43.811">
  <mem-info id="3299" free="18874368" total="71303168" percent="26">
    <mem type="eden" free="1048552" total="25165824" percent="4" />
    <remembered-set count="832" freebytes="2842880" totalbytes="2846208" percent="99" regionsoverflowed="0" regionsstable="18" regionsrebuilding="0"/>
  </mem-info>
</gc-start>
<allocation-stats totalBytes="23966064" >
  <allocated-bytes non-tlh="0" tlh="23966064" arrayletleaf="0"/>
  <largest-consumer threadName="main" threadId="000000000118C700" bytes="23966064" />
</allocation-stats>
<gc-op id="3300" type="copy forward" timems="2.942" contextid="3297" timestamp="2019-06-15T00:49:43.815">
  <memory-copied type="eden" objects="1" bytes="24" bytesdiscarded="0" />
  <memory-copied type="other" objects="0" bytes="0" bytesdiscarded="0" />
  <memory-cardclean objects="10" bytes="224" />
  <regions eden="23" other="1" />
  <remembered-set-cleared processed="46" cleared="0" durationms="0.083" />
  <stringconstants candidates="13683" cleared="0"  />
</gc-op>
<gc-op id="3301" type="classunload" timems="0.004" contextid="3297" timestamp="2019-06-15T00:49:43.815">
  <classunload-info classloadercandidates="53" classloadersunloaded="0" classesunloaded="0" anonymousclassesunloaded="0" quiescems="0.000" setupms="0.003" scanms="0.000" postms="0.000" />
</gc-op>
<gc-end id="3302" type="partial gc" contextid="3297" durationms="3.997" usertimems="8.000" systemtimems="0.000" timestamp="2019-06-15T00:49:43.815" activeThreads="4">
  <mem-info id="3303" free="42991616" total="71303168" percent="60">
    <mem type="eden" free="1048552" total="1048576" percent="99" />
    <remembered-set count="832" freebytes="2842880" totalbytes="2846208" percent="99" regionsoverflowed="0" regionsstable="18" regionsrebuilding="0"/>
  </mem-info>
</gc-end>
<cycle-end id="3304" type="partial gc" contextid="3297" timestamp="2019-06-15T00:49:43.815" />
  <attribute name="elasticGC enabled" value="1" />
  <attribute name= "numThreadsSpecified" value="4" />
  <attribute name="heapSize specified" value="0" />
  <attribute name="Current GC Util" value="171" />
  <attribute name= "Current Time Running" value="20707" />
  <attribute name ="GC Interval" value="0" />
  <attribute name="ProportionalT" value="75.500000" />
  <attribute name="ProportionalI" value="75.500000" />
  <attribute name="ProportionalH" value="75.500000" />
  <attribute name="Current Error" value="151.000000" />
  <attribute name="IntegralT" value="151.000000" />
  <attribute name="IntegralI" value="151.000000" />
  <attribute name="IntegralH" value="151.000000" />
  <attribute name="DerivativeT" value="57.000000" />
  <attribute name="DerivativeI" value="57.000000" />
  <attribute name="DerivativeH" value="57.000000" />
  <attribute name="Loop Time for DT" value="1.000000" />
  <attribute name="Output H" value="8388608"/>
  <attribute name="Output I" value="288"/>
  <attribute name="Output T" value="4"/>
  <attribute name="Target GC Util Change" value ="20.000000" />
  <attribute name="Current GC Util Change" value="171.000000"/>
  <attribute name="GC Util currently" value="171" />
  <attribute name="CPU Util currently" value="12604298563793" />
<exclusive-end id="3305" timestamp="2019-06-15T00:49:43.815" durationms="4.891" />

<exclusive-start id="3306" timestamp="2019-06-15T00:49:43.823" intervalms="12.453">
  <response-info timems="0.076" idlems="0.076" threads="0" lastid="000000000118C700" lastname="main" />
</exclusive-start>
<allocation-taxation id="3307" taxation-threshold="24117248" timestamp="2019-06-15T00:49:43.823" intervalms="12.382" />
<cycle-start id="3308" type="partial gc" contextid="0" timestamp="2019-06-15T00:49:43.823" intervalms="12.372" />
<gc-start id="3309" type="partial gc" contextid="3308" timestamp="2019-06-15T00:49:43.823">
  <mem-info id="3310" free="18874368" total="71303168" percent="26">
    <mem type="eden" free="1048552" total="25165824" percent="4" />
    <remembered-set count="832" freebytes="2842880" totalbytes="2846208" percent="99" regionsoverflowed="0" regionsstable="18" regionsrebuilding="0"/>
  </mem-info>
</gc-start>
<allocation-stats totalBytes="23966064" >
  <allocated-bytes non-tlh="0" tlh="23966064" arrayletleaf="0"/>
  <largest-consumer threadName="main" threadId="000000000118C700" bytes="23966064" />
</allocation-stats>
<gc-op id="3311" type="copy forward" timems="0.979" contextid="3308" timestamp="2019-06-15T00:49:43.825">
  <memory-copied type="eden" objects="1" bytes="24" bytesdiscarded="0" />
  <memory-copied type="other" objects="0" bytes="0" bytesdiscarded="0" />
  <memory-cardclean objects="10" bytes="224" />
  <regions eden="23" other="1" />
  <remembered-set-cleared processed="46" cleared="0" durationms="0.102" />
  <stringconstants candidates="13683" cleared="0"  />
</gc-op>
<gc-op id="3312" type="classunload" timems="0.003" contextid="3308" timestamp="2019-06-15T00:49:43.825">
  <classunload-info classloadercandidates="53" classloadersunloaded="0" classesunloaded="0" anonymousclassesunloaded="0" quiescems="0.000" setupms="0.003" scanms="0.000" postms="0.000" />
</gc-op>
<gc-end id="3313" type="partial gc" contextid="3308" durationms="2.089" usertimems="0.000" systemtimems="0.000" timestamp="2019-06-15T00:49:43.825" activeThreads="1">
  <mem-info id="3314" free="42991616" total="71303168" percent="60">
    <mem type="eden" free="1048552" total="1048576" percent="99" />
    <remembered-set count="1312" freebytes="2840960" totalbytes="2846208" percent="99" regionsoverflowed="0" regionsstable="18" regionsrebuilding="0"/>
  </mem-info>
</gc-end>
<cycle-end id="3315" type="partial gc" contextid="3308" timestamp="2019-06-15T00:49:43.826" />
  <attribute name="elasticGC enabled" value="1" />
  <attribute name= "numThreadsSpecified" value="1" />
  <attribute name="heapSize specified" value="0" />
  <attribute name="Current GC Util" value="222" />
  <attribute name= "Current Time Running" value="20719" />
  <attribute name ="GC Interval" value="0" />
  <attribute name="ProportionalT" value="101.000000" />
  <attribute name="ProportionalI" value="101.000000" />
  <attribute name="ProportionalH" value="101.000000" />
  <attribute name="Current Error" value="202.000000" />
  <attribute name="IntegralT" value="0.000000" />
  <attribute name="IntegralI" value="0.000000" />
  <attribute name="IntegralH" value="0.000000" />
  <attribute name="DerivativeT" value="inf" />
  <attribute name="DerivativeI" value="inf" />
  <attribute name="DerivativeH" value="inf" />
  <attribute name="Loop Time for DT" value="0.000000" />
  <attribute name="Output H" value="8388608"/>
  <attribute name="Output I" value="200"/>
  <attribute name="Output T" value="1"/>
  <attribute name="Target GC Util Change" value ="20.000000" />
  <attribute name="Current GC Util Change" value="222.000000"/>
  <attribute name="GC Util currently" value="222" />
  <attribute name="CPU Util currently" value="13863644735419" />
<exclusive-end id="3316" timestamp="2019-06-15T00:49:43.826" durationms="3.039" />

<exclusive-start id="3317" timestamp="2019-06-15T00:49:43.833" intervalms="10.556">
  <response-info timems="0.075" idlems="0.075" threads="0" lastid="000000000118C700" lastname="main" />
</exclusive-start>
<allocation-taxation id="3318" taxation-threshold="24117248" timestamp="2019-06-15T00:49:43.834" intervalms="10.642" />
<cycle-start id="3319" type="partial gc" contextid="0" timestamp="2019-06-15T00:49:43.834" intervalms="10.642" />
<gc-start id="3320" type="partial gc" contextid="3319" timestamp="2019-06-15T00:49:43.834">
  <mem-info id="3321" free="18874368" total="71303168" percent="26">
    <mem type="eden" free="1048552" total="25165824" percent="4" />
    <remembered-set count="832" freebytes="2842880" totalbytes="2846208" percent="99" regionsoverflowed="0" regionsstable="18" regionsrebuilding="0"/>
  </mem-info>
</gc-start>
<allocation-stats totalBytes="23966088" >
  <allocated-bytes non-tlh="0" tlh="23966088" arrayletleaf="0"/>
  <largest-consumer threadName="main" threadId="000000000118C700" bytes="23966088" />
</allocation-stats>
<gc-op id="3322" type="copy forward" timems="2.611" contextid="3319" timestamp="2019-06-15T00:49:43.837">
  <memory-copied type="eden" objects="1" bytes="24" bytesdiscarded="0" />
  <memory-copied type="other" objects="0" bytes="0" bytesdiscarded="0" />
  <memory-cardclean objects="10" bytes="224" />
  <regions eden="23" other="1" />
  <remembered-set-cleared processed="46" cleared="0" durationms="0.082" />
  <stringconstants candidates="13683" cleared="0"  />
</gc-op>
<gc-op id="3323" type="classunload" timems="0.003" contextid="3319" timestamp="2019-06-15T00:49:43.838">
  <classunload-info classloadercandidates="53" classloadersunloaded="0" classesunloaded="0" anonymousclassesunloaded="0" quiescems="0.000" setupms="0.003" scanms="0.000" postms="0.000" />
</gc-op>
<gc-end id="3324" type="partial gc" contextid="3319" durationms="3.663" usertimems="8.000" systemtimems="0.000" timestamp="2019-06-15T00:49:43.838" activeThreads="4">
  <mem-info id="3325" free="42991616" total="71303168" percent="60">
    <mem type="eden" free="1048552" total="1048576" percent="99" />
    <remembered-set count="832" freebytes="2842880" totalbytes="2846208" percent="99" regionsoverflowed="0" regionsstable="18" regionsrebuilding="0"/>
  </mem-info>
</gc-end>
<cycle-end id="3326" type="partial gc" contextid="3319" timestamp="2019-06-15T00:49:43.838" />
  <attribute name="elasticGC enabled" value="1" />
  <attribute name= "numThreadsSpecified" value="4" />
  <attribute name="heapSize specified" value="0" />
  <attribute name="Current GC Util" value="302" />
  <attribute name= "Current Time Running" value="20730" />
  <attribute name ="GC Interval" value="0" />
  <attribute name="ProportionalT" value="141.000000" />
  <attribute name="ProportionalI" value="141.000000" />
  <attribute name="ProportionalH" value="141.000000" />
  <attribute name="Current Error" value="282.000000" />
  <attribute name="IntegralT" value="282.000000" />
  <attribute name="IntegralI" value="282.000000" />
  <attribute name="IntegralH" value="282.000000" />
  <attribute name="DerivativeT" value="141.000000" />
  <attribute name="DerivativeI" value="141.000000" />
  <attribute name="DerivativeH" value="141.000000" />
  <attribute name="Loop Time for DT" value="1.000000" />
  <attribute name="Output H" value="8388608"/>
  <attribute name="Output I" value="568"/>
  <attribute name="Output T" value="4"/>
  <attribute name="Target GC Util Change" value ="20.000000" />
  <attribute name="Current GC Util Change" value="302.000000"/>
  <attribute name="GC Util currently" value="302" />
  <attribute name="CPU Util currently" value="13652564075776" />
<exclusive-end id="3327" timestamp="2019-06-15T00:49:43.838" durationms="4.503" />

<exclusive-start id="3328" timestamp="2019-06-15T00:49:43.858" intervalms="24.683">
  <response-info timems="0.072" idlems="0.072" threads="0" lastid="000000000118C700" lastname="main" />
</exclusive-start>
<allocation-taxation id="3329" taxation-threshold="24117248" timestamp="2019-06-15T00:49:43.858" intervalms="24.850" />
<cycle-start id="3330" type="partial gc" contextid="0" timestamp="2019-06-15T00:49:43.859" intervalms="24.865" />
<gc-start id="3331" type="partial gc" contextid="3330" timestamp="2019-06-15T00:49:43.859">
  <mem-info id="3332" free="18874368" total="71303168" percent="26">
    <mem type="eden" free="1048552" total="25165824" percent="4" />
    <remembered-set count="832" freebytes="2842880" totalbytes="2846208" percent="99" regionsoverflowed="0" regionsstable="18" regionsrebuilding="0"/>
  </mem-info>
</gc-start>
<allocation-stats totalBytes="24109848" >
  <allocated-bytes non-tlh="0" tlh="24109848" arrayletleaf="0"/>
  <largest-consumer threadName="main" threadId="000000000118C700" bytes="24109848" />
</allocation-stats>
<gc-op id="3333" type="copy forward" timems="2.794" contextid="3330" timestamp="2019-06-15T00:49:43.863">
  <memory-copied type="eden" objects="151" bytes="4968" bytesdiscarded="1376" />
  <memory-copied type="other" objects="0" bytes="0" bytesdiscarded="0" />
  <memory-cardclean objects="79" bytes="2328" />
  <regions eden="23" other="1" />
  <remembered-set-cleared processed="46" cleared="4" durationms="0.083" />
  <stringconstants candidates="13683" cleared="0"  />
</gc-op>
<gc-op id="3334" type="classunload" timems="0.003" contextid="3330" timestamp="2019-06-15T00:49:43.863">
  <classunload-info classloadercandidates="53" classloadersunloaded="0" classesunloaded="0" anonymousclassesunloaded="0" quiescems="0.000" setupms="0.003" scanms="0.000" postms="0.000" />
</gc-op>
<gc-end id="3335" type="partial gc" contextid="3330" durationms="3.886" usertimems="8.000" systemtimems="0.000" timestamp="2019-06-15T00:49:43.863" activeThreads="4">
  <mem-info id="3336" free="42991616" total="71303168" percent="60">
    <mem type="eden" free="1042232" total="1048576" percent="99" />
    <remembered-set count="1856" freebytes="2838784" totalbytes="2846208" percent="99" regionsoverflowed="0" regionsstable="18" regionsrebuilding="0"/>
  </mem-info>
</gc-end>
<cycle-end id="3337" type="partial gc" contextid="3330" timestamp="2019-06-15T00:49:43.863" />
  <attribute name="elasticGC enabled" value="1" />
  <attribute name= "numThreadsSpecified" value="4" />
  <attribute name="heapSize specified" value="0" />
  <attribute name="Current GC Util" value="201" />
  <attribute name= "Current Time Running" value="20755" />
  <attribute name ="GC Interval" value="0" />
  <attribute name="ProportionalT" value="90.500000" />
  <attribute name="ProportionalI" value="90.500000" />
  <attribute name="ProportionalH" value="90.500000" />
  <attribute name="Current Error" value="181.000000" />
  <attribute name="IntegralT" value="181.000000" />
  <attribute name="IntegralI" value="181.000000" />
  <attribute name="IntegralH" value="181.000000" />
  <attribute name="DerivativeT" value="87.500000" />
  <attribute name="DerivativeI" value="87.500000" />
  <attribute name="DerivativeH" value="87.500000" />
  <attribute name="Loop Time for DT" value="1.000000" />
  <attribute name="Output H" value="8388608"/>
  <attribute name="Output I" value="360"/>
  <attribute name="Output T" value="4"/>
  <attribute name="Target GC Util Change" value ="20.000000" />
  <attribute name="Current GC Util Change" value="201.000000"/>
  <attribute name="GC Util currently" value="201" />
  <attribute name="CPU Util currently" value="12881948307827" />
<exclusive-end id="3338" timestamp="2019-06-15T00:49:43.863" durationms="4.973" />

<exclusive-start id="3339" timestamp="2019-06-15T00:49:43.909" intervalms="50.404">
  <response-info timems="0.060" idlems="0.060" threads="0" lastid="000000000118C700" lastname="main" />
</exclusive-start>
<allocation-taxation id="3340" taxation-threshold="24117248" timestamp="2019-06-15T00:49:43.909" intervalms="50.204" />
<cycle-start id="3341" type="partial gc" contextid="0" timestamp="2019-06-15T00:49:43.909" intervalms="50.201" />
<gc-start id="3342" type="partial gc" contextid="3341" timestamp="2019-06-15T00:49:43.909">
  <mem-info id="3343" free="18874368" total="71303168" percent="26">
    <mem type="eden" free="0" total="24117248" percent="0" />
    <remembered-set count="1856" freebytes="2838784" totalbytes="2846208" percent="99" regionsoverflowed="0" regionsstable="18" regionsrebuilding="0"/>
  </mem-info>
</gc-start>
<allocation-stats totalBytes="24113696" >
  <allocated-bytes non-tlh="0" tlh="24113696" arrayletleaf="0"/>
  <largest-consumer threadName="main" threadId="000000000118C700" bytes="24113696" />
</allocation-stats>
<gc-op id="3344" type="copy forward" timems="1.010" contextid="3341" timestamp="2019-06-15T00:49:43.911">
  <memory-copied type="eden" objects="112" bytes="3656" bytesdiscarded="0" />
  <memory-copied type="other" objects="50" bytes="1680" bytesdiscarded="0" />
  <memory-cardclean objects="66" bytes="2120" />
  <regions eden="23" other="1" />
  <remembered-set-cleared processed="44" cleared="2" durationms="0.103" />
  <stringconstants candidates="13683" cleared="0"  />
</gc-op>
<gc-op id="3345" type="classunload" timems="0.004" contextid="3341" timestamp="2019-06-15T00:49:43.911">
  <classunload-info classloadercandidates="53" classloadersunloaded="0" classesunloaded="0" anonymousclassesunloaded="0" quiescems="0.000" setupms="0.004" scanms="0.000" postms="0.000" />
</gc-op>
<heap-resize id="3346" type="expand" space="default" amount="2097152" count="1" timems="0.060" reason="excessive time being spent in gc" timestamp="2019-06-15T00:49:43.911" />
<gc-end id="3347" type="partial gc" contextid="3341" durationms="2.472" usertimems="0.000" systemtimems="0.000" timestamp="2019-06-15T00:49:43.912" activeThreads="1">
  <mem-info id="3348" free="44040192" total="73400320" percent="60">
    <mem type="eden" free="1044920" total="1048576" percent="99" />
    <remembered-set count="2208" freebytes="2921088" totalbytes="2929920" percent="99" regionsoverflowed="0" regionsstable="18" regionsrebuilding="0"/>
  </mem-info>
</gc-end>
<cycle-end id="3349" type="partial gc" contextid="3341" timestamp="2019-06-15T00:49:43.912" />
  <attribute name="elasticGC enabled" value="1" />
  <attribute name= "numThreadsSpecified" value="1" />
  <attribute name="heapSize specified" value="0" />
  <attribute name="Current GC Util" value="163" />
  <attribute name= "Current Time Running" value="20805" />
  <attribute name ="GC Interval" value="0" />
  <attribute name="ProportionalT" value="71.500000" />
  <attribute name="ProportionalI" value="71.500000" />
  <attribute name="ProportionalH" value="71.500000" />
  <attribute name="Current Error" value="143.000000" />
  <attribute name="IntegralT" value="0.000000" />
  <attribute name="IntegralI" value="0.000000" />
  <attribute name="IntegralH" value="0.000000" />
  <attribute name="DerivativeT" value="inf" />
  <attribute name="DerivativeI" value="inf" />
  <attribute name="DerivativeH" value="inf" />
  <attribute name="Loop Time for DT" value="0.000000" />
  <attribute name="Output H" value="8388608"/>
  <attribute name="Output I" value="200"/>
  <attribute name="Output T" value="1"/>
  <attribute name="Target GC Util Change" value ="20.000000" />
  <attribute name="Current GC Util Change" value="163.000000"/>
  <attribute name="GC Util currently" value="163" />
  <attribute name="CPU Util currently" value="13623444928552" />
<exclusive-end id="3350" timestamp="2019-06-15T00:49:43.912" durationms="3.541" />

<exclusive-start id="3351" timestamp="2019-06-15T00:49:43.957" intervalms="47.999">
  <response-info timems="0.068" idlems="0.068" threads="0" lastid="000000000118C700" lastname="main" />
</exclusive-start>
<allocation-taxation id="3352" taxation-threshold="25165824" timestamp="2019-06-15T00:49:43.957" intervalms="48.033" />
<cycle-start id="3353" type="partial gc" contextid="0" timestamp="2019-06-15T00:49:43.957" intervalms="48.060" />
<gc-start id="3354" type="partial gc" contextid="3353" timestamp="2019-06-15T00:49:43.957">
  <mem-info id="3355" free="18874368" total="73400320" percent="25">
    <mem type="eden" free="1044920" total="26214400" percent="3" />
    <remembered-set count="1760" freebytes="2922880" totalbytes="2929920" percent="99" regionsoverflowed="0" regionsstable="18" regionsrebuilding="0"/>
  </mem-info>
</gc-start>
<allocation-stats totalBytes="25162584" >
  <allocated-bytes non-tlh="0" tlh="25162584" arrayletleaf="0"/>
  <largest-consumer threadName="main" threadId="000000000118C700" bytes="25162584" />
</allocation-stats>
<gc-op id="3356" type="copy forward" timems="1.125" contextid="3353" timestamp="2019-06-15T00:49:43.959">
  <memory-copied type="eden" objects="327" bytes="10648" bytesdiscarded="0" />
  <memory-copied type="other" objects="0" bytes="0" bytesdiscarded="0" />
  <memory-cardclean objects="103" bytes="11360" />
  <regions eden="24" other="1" />
  <remembered-set-cleared processed="51" cleared="8" durationms="0.105" />
  <references type="weak" candidates="35" cleared="0" enqueued="0" />
  <stringconstants candidates="13683" cleared="0"  />
</gc-op>
<gc-op id="3357" type="classunload" timems="0.004" contextid="3353" timestamp="2019-06-15T00:49:43.959">
  <classunload-info classloadercandidates="53" classloadersunloaded="0" classesunloaded="0" anonymousclassesunloaded="0" quiescems="0.000" setupms="0.004" scanms="0.000" postms="0.000" />
</gc-op>
<gc-end id="3358" type="partial gc" contextid="3353" durationms="2.417" usertimems="0.000" systemtimems="0.000" timestamp="2019-06-15T00:49:43.960" activeThreads="1">
  <mem-info id="3359" free="44040192" total="73400320" percent="60">
    <mem type="eden" free="1037880" total="1048576" percent="98" />
    <remembered-set count="2240" freebytes="2920960" totalbytes="2929920" percent="99" regionsoverflowed="0" regionsstable="18" regionsrebuilding="0"/>
  </mem-info>
</gc-end>
<cycle-end id="3360" type="partial gc" contextid="3353" timestamp="2019-06-15T00:49:43.960" />
  <attribute name="elasticGC enabled" value="1" />
  <attribute name= "numThreadsSpecified" value="1" />
  <attribute name="heapSize specified" value="0" />
  <attribute name="Current GC Util" value="281" />
  <attribute name= "Current Time Running" value="20853" />
  <attribute name ="GC Interval" value="0" />
  <attribute name="ProportionalT" value="130.500000" />
  <attribute name="ProportionalI" value="130.500000" />
  <attribute name="ProportionalH" value="130.500000" />
  <attribute name="Current Error" value="261.000000" />
  <attribute name="IntegralT" value="0.000000" />
  <attribute name="IntegralI" value="0.000000" />
  <attribute name="IntegralH" value="0.000000" />
  <attribute name="DerivativeT" value="inf" />
  <attribute name="DerivativeI" value="inf" />
  <attribute name="DerivativeH" value="inf" />
  <attribute name="Loop Time for DT" value="0.000000" />
  <attribute name="Output H" value="8388608"/>
  <attribute name="Output I" value="200"/>
  <attribute name="Output T" value="1"/>
  <attribute name="Target GC Util Change" value ="20.000000" />
  <attribute name="Current GC Util Change" value="281.000000"/>
  <attribute name="GC Util currently" value="281" />
  <attribute name="CPU Util currently" value="13677993499073" />
<exclusive-end id="3361" timestamp="2019-06-15T00:49:43.960" durationms="3.629" />

<exclusive-start id="3362" timestamp="2019-06-15T00:49:43.997" intervalms="40.509">
  <response-info timems="0.274" idlems="0.274" threads="0" lastid="000000000118C700" lastname="main" />
</exclusive-start>
<allocation-taxation id="3363" taxation-threshold="25165824" timestamp="2019-06-15T00:49:43.997" intervalms="40.492" />
<cycle-start id="3364" type="partial gc" contextid="0" timestamp="2019-06-15T00:49:43.998" intervalms="40.835" />
<gc-start id="3365" type="partial gc" contextid="3364" timestamp="2019-06-15T00:49:43.998">
  <mem-info id="3366" free="18874368" total="73400320" percent="25">
    <mem type="eden" free="0" total="25165824" percent="0" />
    <remembered-set count="1760" freebytes="2922880" totalbytes="2929920" percent="99" regionsoverflowed="0" regionsstable="18" regionsrebuilding="0"/>
  </mem-info>
</gc-start>
<allocation-stats totalBytes="25162784" >
  <allocated-bytes non-tlh="0" tlh="25162784" arrayletleaf="0"/>
  <largest-consumer threadName="main" threadId="000000000118C700" bytes="25162784" />
</allocation-stats>
<gc-op id="3367" type="copy forward" timems="1.056" contextid="3364" timestamp="2019-06-15T00:49:44.000">
  <memory-copied type="eden" objects="128" bytes="3952" bytesdiscarded="0" />
  <memory-copied type="other" objects="208" bytes="7080" bytesdiscarded="0" />
  <memory-cardclean objects="85" bytes="10992" />
  <regions eden="24" other="1" />
  <remembered-set-cleared processed="49" cleared="6" durationms="0.097" />
  <references type="weak" candidates="35" cleared="0" enqueued="0" />
  <stringconstants candidates="13683" cleared="0"  />
</gc-op>
<gc-op id="3368" type="classunload" timems="0.003" contextid="3364" timestamp="2019-06-15T00:49:44.000">
  <classunload-info classloadercandidates="53" classloadersunloaded="0" classesunloaded="0" anonymousclassesunloaded="0" quiescems="0.000" setupms="0.003" scanms="0.000" postms="0.000" />
</gc-op>
<gc-end id="3369" type="partial gc" contextid="3364" durationms="2.318" usertimems="0.000" systemtimems="0.000" timestamp="2019-06-15T00:49:44.000" activeThreads="1">
  <mem-info id="3370" free="42991616" total="73400320" percent="58">
    <mem type="eden" free="1044624" total="1048576" percent="99" />
    <remembered-set count="2240" freebytes="2920960" totalbytes="2929920" percent="99" regionsoverflowed="0" regionsstable="18" regionsrebuilding="0"/>
  </mem-info>
</gc-end>
<cycle-end id="3371" type="partial gc" contextid="3364" timestamp="2019-06-15T00:49:44.001" />
  <attribute name="elasticGC enabled" value="1" />
  <attribute name= "numThreadsSpecified" value="1" />
  <attribute name="heapSize specified" value="0" />
  <attribute name="Current GC Util" value="260" />
  <attribute name= "Current Time Running" value="20894" />
  <attribute name ="GC Interval" value="0" />
  <attribute name="ProportionalT" value="120.000000" />
  <attribute name="ProportionalI" value="120.000000" />
  <attribute name="ProportionalH" value="120.000000" />
  <attribute name="Current Error" value="240.000000" />
  <attribute name="IntegralT" value="0.000000" />
  <attribute name="IntegralI" value="0.000000" />
  <attribute name="IntegralH" value="0.000000" />
  <attribute name="DerivativeT" value="inf" />
  <attribute name="DerivativeI" value="inf" />
  <attribute name="DerivativeH" value="inf" />
  <attribute name="Loop Time for DT" value="0.000000" />
  <attribute name="Output H" value="8388608"/>
  <attribute name="Output I" value="200"/>
  <attribute name="Output T" value="1"/>
  <attribute name="Target GC Util Change" value ="20.000000" />
  <attribute name="Current GC Util Change" value="260.000000"/>
  <attribute name="GC Util currently" value="260" />
  <attribute name="CPU Util currently" value="12942104458963" />
<exclusive-end id="3372" timestamp="2019-06-15T00:49:44.001" durationms="3.883" />

<exclusive-start id="3373" timestamp="2019-06-15T00:49:44.028" intervalms="31.135">
  <response-info timems="0.091" idlems="0.091" threads="0" lastid="000000000118C700" lastname="main" />
</exclusive-start>
<allocation-taxation id="3374" taxation-threshold="25165824" timestamp="2019-06-15T00:49:44.028" intervalms="31.109" />
<cycle-start id="3375" type="partial gc" contextid="0" timestamp="2019-06-15T00:49:44.029" intervalms="30.747" />
<gc-start id="3376" type="partial gc" contextid="3375" timestamp="2019-06-15T00:49:44.029">
  <mem-info id="3377" free="17825792" total="73400320" percent="24">
    <mem type="eden" free="1044624" total="26214400" percent="3" />
    <remembered-set count="1792" freebytes="2922752" totalbytes="2929920" percent="99" regionsoverflowed="0" regionsstable="18" regionsrebuilding="0"/>
  </mem-info>
</gc-start>
<allocation-stats totalBytes="25156048" >
  <allocated-bytes non-tlh="0" tlh="25156048" arrayletleaf="0"/>
  <largest-consumer threadName="main" threadId="000000000118C700" bytes="25156048" />
</allocation-stats>
<gc-op id="3378" type="copy forward" timems="2.865" contextid="3375" timestamp="2019-06-15T00:49:44.033">
  <memory-copied type="eden" objects="136" bytes="4400" bytesdiscarded="1312" />
  <memory-copied type="other" objects="0" bytes="0" bytesdiscarded="0" />
  <memory-cardclean objects="72" bytes="10488" />
  <regions eden="24" other="1" />
  <remembered-set-cleared processed="58" cleared="11" durationms="0.085" />
  <references type="weak" candidates="2" cleared="0" enqueued="0" />
  <stringconstants candidates="13683" cleared="0"  />
</gc-op>
<gc-op id="3379" type="classunload" timems="0.004" contextid="3375" timestamp="2019-06-15T00:49:44.033">
  <classunload-info classloadercandidates="53" classloadersunloaded="0" classesunloaded="0" anonymousclassesunloaded="0" quiescems="0.000" setupms="0.004" scanms="0.000" postms="0.000" />
</gc-op>
<gc-end id="3380" type="partial gc" contextid="3375" durationms="4.102" usertimems="0.000" systemtimems="8.000" timestamp="2019-06-15T00:49:44.033" activeThreads="4">
  <mem-info id="3381" free="42991616" total="73400320" percent="58">
    <mem type="eden" free="1042864" total="1048576" percent="99" />
    <remembered-set count="1920" freebytes="2922240" totalbytes="2929920" percent="99" regionsoverflowed="0" regionsstable="18" regionsrebuilding="0"/>
  </mem-info>
</gc-end>
<cycle-end id="3382" type="partial gc" contextid="3375" timestamp="2019-06-15T00:49:44.033" />
  <attribute name="elasticGC enabled" value="1" />
  <attribute name= "numThreadsSpecified" value="4" />
  <attribute name="heapSize specified" value="0" />
  <attribute name="Current GC Util" value="263" />
  <attribute name= "Current Time Running" value="20925" />
  <attribute name ="GC Interval" value="0" />
  <attribute name="ProportionalT" value="121.500000" />
  <attribute name="ProportionalI" value="121.500000" />
  <attribute name="ProportionalH" value="121.500000" />
  <attribute name="Current Error" value="243.000000" />
  <attribute name="IntegralT" value="243.000000" />
  <attribute name="IntegralI" value="243.000000" />
  <attribute name="IntegralH" value="243.000000" />
  <attribute name="DerivativeT" value="121.500000" />
  <attribute name="DerivativeI" value="121.500000" />
  <attribute name="DerivativeH" value="121.500000" />
  <attribute name="Loop Time for DT" value="1.000000" />
  <attribute name="Output H" value="8388608"/>
  <attribute name="Output I" value="488"/>
  <attribute name="Output T" value="4"/>
  <attribute name="Target GC Util Change" value ="20.000000" />
  <attribute name="Current GC Util Change" value="263.000000"/>
  <attribute name="GC Util currently" value="263" />
  <attribute name="CPU Util currently" value="12308430904490" />
<exclusive-end id="3383" timestamp="2019-06-15T00:49:44.033" durationms="5.144" />

<exclusive-start id="3384" timestamp="2019-06-15T00:49:44.041" intervalms="12.832">
  <response-info timems="0.072" idlems="0.072" threads="0" lastid="000000000118C700" lastname="main" />
</exclusive-start>
<allocation-taxation id="3385" taxation-threshold="25165824" timestamp="2019-06-15T00:49:44.041" intervalms="12.897" />
<cycle-start id="3386" type="partial gc" contextid="0" timestamp="2019-06-15T00:49:44.041" intervalms="12.884" />
<gc-start id="3387" type="partial gc" contextid="3386" timestamp="2019-06-15T00:49:44.042">
  <mem-info id="3388" free="17825792" total="73400320" percent="24">
    <mem type="eden" free="0" total="25165824" percent="0" />
    <remembered-set count="1920" freebytes="2922240" totalbytes="2929920" percent="99" regionsoverflowed="0" regionsstable="18" regionsrebuilding="0"/>
  </mem-info>
</gc-start>
<allocation-stats totalBytes="25151888" >
  <allocated-bytes non-tlh="0" tlh="25151888" arrayletleaf="0"/>
  <largest-consumer threadName="main" threadId="000000000118C700" bytes="25151888" />
</allocation-stats>
<gc-op id="3389" type="copy forward" timems="1.023" contextid="3386" timestamp="2019-06-15T00:49:44.044">
  <memory-copied type="eden" objects="5" bytes="208" bytesdiscarded="0" />
  <memory-copied type="other" objects="132" bytes="4072" bytesdiscarded="0" />
  <memory-cardclean objects="53" bytes="10080" />
  <regions eden="24" other="1" />
  <remembered-set-cleared processed="58" cleared="11" durationms="0.106" />
  <references type="weak" candidates="2" cleared="0" enqueued="0" />
  <stringconstants candidates="13683" cleared="0"  />
</gc-op>
<gc-op id="3390" type="classunload" timems="0.003" contextid="3386" timestamp="2019-06-15T00:49:44.044">
  <classunload-info classloadercandidates="53" classloadersunloaded="0" classesunloaded="0" anonymousclassesunloaded="0" quiescems="0.000" setupms="0.003" scanms="0.000" postms="0.000" />
</gc-op>
<heap-resize id="3391" type="expand" space="default" amount="5242880" count="1" timems="0.066" reason="excessive time being spent in gc" timestamp="2019-06-15T00:49:44.044" />
<gc-end id="3392" type="partial gc" contextid="3386" durationms="2.491" usertimems="0.000" systemtimems="4.000" timestamp="2019-06-15T00:49:44.044" activeThreads="1">
  <mem-info id="3393" free="47185920" total="78643200" percent="60">
    <mem type="eden" free="1048368" total="1048576" percent="99" />
    <remembered-set count="2080" freebytes="3130880" totalbytes="3139200" percent="99" regionsoverflowed="0" regionsstable="18" regionsrebuilding="0"/>
  </mem-info>
</gc-end>
<cycle-end id="3394" type="partial gc" contextid="3386" timestamp="2019-06-15T00:49:44.044" />
  <attribute name="elasticGC enabled" value="1" />
  <attribute name= "numThreadsSpecified" value="1" />
  <attribute name="heapSize specified" value="0" />
  <attribute name="Current GC Util" value="142" />
  <attribute name= "Current Time Running" value="20937" />
  <attribute name ="GC Interval" value="0" />
  <attribute name="ProportionalT" value="61.000000" />
  <attribute name="ProportionalI" value="61.000000" />
  <attribute name="ProportionalH" value="61.000000" />
  <attribute name="Current Error" value="122.000000" />
  <attribute name="IntegralT" value="0.000000" />
  <attribute name="IntegralI" value="0.000000" />
  <attribute name="IntegralH" value="0.000000" />
  <attribute name="DerivativeT" value="inf" />
  <attribute name="DerivativeI" value="inf" />
  <attribute name="DerivativeH" value="inf" />
  <attribute name="Loop Time for DT" value="0.000000" />
  <attribute name="Output H" value="8388608"/>
  <attribute name="Output I" value="200"/>
  <attribute name="Output T" value="1"/>
  <attribute name="Target GC Util Change" value ="20.000000" />
  <attribute name="Current GC Util Change" value="142.000000"/>
  <attribute name="GC Util currently" value="142" />
  <attribute name="CPU Util currently" value="12287213090041" />
<exclusive-end id="3395" timestamp="2019-06-15T00:49:44.045" durationms="3.627" />

<exclusive-start id="3396" timestamp="2019-06-15T00:49:44.053" intervalms="11.681">
  <response-info timems="0.083" idlems="0.083" threads="0" lastid="000000000118C700" lastname="main" />
</exclusive-start>
<allocation-taxation id="3397" taxation-threshold="26214400" timestamp="2019-06-15T00:49:44.053" intervalms="11.668" />
<cycle-start id="3398" type="partial gc" contextid="0" timestamp="2019-06-15T00:49:44.053" intervalms="11.659" />
<gc-start id="3399" type="partial gc" contextid="3398" timestamp="2019-06-15T00:49:44.053">
  <mem-info id="3400" free="20971520" total="78643200" percent="26">
    <mem type="eden" free="1048368" total="27262976" percent="3" />
    <remembered-set count="1632" freebytes="3132672" totalbytes="3139200" percent="99" regionsoverflowed="0" regionsstable="18" regionsrebuilding="0"/>
  </mem-info>
</gc-start>
<allocation-stats totalBytes="26200536" >
  <allocated-bytes non-tlh="0" tlh="26200536" arrayletleaf="0"/>
  <largest-consumer threadName="main" threadId="000000000118C700" bytes="26200536" />
</allocation-stats>
<gc-op id="3401" type="copy forward" timems="1.049" contextid="3398" timestamp="2019-06-15T00:49:44.055">
  <memory-copied type="eden" objects="7" bytes="536" bytesdiscarded="0" />
  <memory-copied type="other" objects="0" bytes="0" bytesdiscarded="0" />
  <memory-cardclean objects="16" bytes="528" />
  <regions eden="25" other="1" />
  <remembered-set-cleared processed="63" cleared="1" durationms="0.150" />
  <stringconstants candidates="13683" cleared="0"  />
</gc-op>
<gc-op id="3402" type="classunload" timems="0.003" contextid="3398" timestamp="2019-06-15T00:49:44.055">
  <classunload-info classloadercandidates="53" classloadersunloaded="0" classesunloaded="0" anonymousclassesunloaded="0" quiescems="0.000" setupms="0.003" scanms="0.000" postms="0.000" />
</gc-op>
<gc-end id="3403" type="partial gc" contextid="3398" durationms="2.349" usertimems="4.000" systemtimems="0.000" timestamp="2019-06-15T00:49:44.056" activeThreads="1">
  <mem-info id="3404" free="47185920" total="78643200" percent="60">
    <mem type="eden" free="1048040" total="1048576" percent="99" />
    <remembered-set count="2112" freebytes="3130752" totalbytes="3139200" percent="99" regionsoverflowed="0" regionsstable="18" regionsrebuilding="0"/>
  </mem-info>
</gc-end>
<cycle-end id="3405" type="partial gc" contextid="3398" timestamp="2019-06-15T00:49:44.056" />
  <attribute name="elasticGC enabled" value="1" />
  <attribute name= "numThreadsSpecified" value="1" />
  <attribute name="heapSize specified" value="0" />
  <attribute name="Current GC Util" value="271" />
  <attribute name= "Current Time Running" value="20949" />
  <attribute name ="GC Interval" value="0" />
  <attribute name="ProportionalT" value="125.500000" />
  <attribute name="ProportionalI" value="125.500000" />
  <attribute name="ProportionalH" value="125.500000" />
  <attribute name="Current Error" value="251.000000" />
  <attribute name="IntegralT" value="0.000000" />
  <attribute name="IntegralI" value="0.000000" />
  <attribute name="IntegralH" value="0.000000" />
  <attribute name="DerivativeT" value="inf" />
  <attribute name="DerivativeI" value="inf" />
  <attribute name="DerivativeH" value="inf" />
  <attribute name="Loop Time for DT" value="0.000000" />
  <attribute name="Output H" value="8388608"/>
  <attribute name="Output I" value="200"/>
  <attribute name="Output T" value="1"/>
  <attribute name="Target GC Util Change" value ="20.000000" />
  <attribute name="Current GC Util Change" value="271.000000"/>
  <attribute name="GC Util currently" value="271" />
  <attribute name="CPU Util currently" value="13441974244384" />
<exclusive-end id="3406" timestamp="2019-06-15T00:49:44.056" durationms="3.438" />

<exclusive-start id="3407" timestamp="2019-06-15T00:49:44.064" intervalms="11.438">
  <response-info timems="0.079" idlems="0.079" threads="0" lastid="000000000118C700" lastname="main" />
</exclusive-start>
<allocation-taxation id="3408" taxation-threshold="26214400" timestamp="2019-06-15T00:49:44.064" intervalms="11.445" />
<cycle-start id="3409" type="partial gc" contextid="0" timestamp="2019-06-15T00:49:44.065" intervalms="11.450" />
<gc-start id="3410" type="partial gc" contextid="3409" timestamp="2019-06-15T00:49:44.065">
  <mem-info id="3411" free="20971520" total="78643200" percent="26">
    <mem type="eden" free="1048040" total="27262976" percent="3" />
    <remembered-set count="1632" freebytes="3132672" totalbytes="3139200" percent="99" regionsoverflowed="0" regionsstable="18" regionsrebuilding="0"/>
  </mem-info>
</gc-start>
<allocation-stats totalBytes="26200504" >
  <allocated-bytes non-tlh="0" tlh="26200504" arrayletleaf="0"/>
  <largest-consumer threadName="main" threadId="000000000118C700" bytes="26200504" />
</allocation-stats>
<gc-op id="3412" type="copy forward" timems="1.004" contextid="3409" timestamp="2019-06-15T00:49:44.067">
  <memory-copied type="eden" objects="5" bytes="376" bytesdiscarded="0" />
  <memory-copied type="other" objects="0" bytes="0" bytesdiscarded="0" />
  <memory-cardclean objects="16" bytes="528" />
  <regions eden="25" other="1" />
  <remembered-set-cleared processed="63" cleared="1" durationms="0.108" />
  <stringconstants candidates="13683" cleared="0"  />
</gc-op>
<gc-op id="3413" type="classunload" timems="0.003" contextid="3409" timestamp="2019-06-15T00:49:44.067">
  <classunload-info classloadercandidates="53" classloadersunloaded="0" classesunloaded="0" anonymousclassesunloaded="0" quiescems="0.000" setupms="0.003" scanms="0.000" postms="0.000" />
</gc-op>
<gc-end id="3414" type="partial gc" contextid="3409" durationms="2.192" usertimems="0.000" systemtimems="0.000" timestamp="2019-06-15T00:49:44.067" activeThreads="1">
  <mem-info id="3415" free="47185920" total="78643200" percent="60">
    <mem type="eden" free="1048200" total="1048576" percent="99" />
    <remembered-set count="2112" freebytes="3130752" totalbytes="3139200" percent="99" regionsoverflowed="0" regionsstable="18" regionsrebuilding="0"/>
  </mem-info>
</gc-end>
<cycle-end id="3416" type="partial gc" contextid="3409" timestamp="2019-06-15T00:49:44.067" />
  <attribute name="elasticGC enabled" value="1" />
  <attribute name= "numThreadsSpecified" value="1" />
  <attribute name="heapSize specified" value="0" />
  <attribute name="Current GC Util" value="281" />
  <attribute name= "Current Time Running" value="20960" />
  <attribute name ="GC Interval" value="0" />
  <attribute name="ProportionalT" value="130.500000" />
  <attribute name="ProportionalI" value="130.500000" />
  <attribute name="ProportionalH" value="130.500000" />
  <attribute name="Current Error" value="261.000000" />
  <attribute name="IntegralT" value="0.000000" />
  <attribute name="IntegralI" value="0.000000" />
  <attribute name="IntegralH" value="0.000000" />
  <attribute name="DerivativeT" value="inf" />
  <attribute name="DerivativeI" value="inf" />
  <attribute name="DerivativeH" value="inf" />
  <attribute name="Loop Time for DT" value="0.000000" />
  <attribute name="Output H" value="8388608"/>
  <attribute name="Output I" value="200"/>
  <attribute name="Output T" value="1"/>
  <attribute name="Target GC Util Change" value ="20.000000" />
  <attribute name="Current GC Util Change" value="281.000000"/>
  <attribute name="GC Util currently" value="281" />
  <attribute name="CPU Util currently" value="13807360332188" />
<exclusive-end id="3417" timestamp="2019-06-15T00:49:44.067" durationms="3.321" />

<exclusive-start id="3418" timestamp="2019-06-15T00:49:44.076" intervalms="11.453">
  <response-info timems="0.098" idlems="0.098" threads="0" lastid="000000000118C700" lastname="main" />
</exclusive-start>
<allocation-taxation id="3419" taxation-threshold="26214400" timestamp="2019-06-15T00:49:44.076" intervalms="11.450" />
<cycle-start id="3420" type="partial gc" contextid="0" timestamp="2019-06-15T00:49:44.076" intervalms="11.457" />
<gc-start id="3421" type="partial gc" contextid="3420" timestamp="2019-06-15T00:49:44.076">
  <mem-info id="3422" free="20971520" total="78643200" percent="26">
    <mem type="eden" free="1048200" total="27262976" percent="3" />
    <remembered-set count="1632" freebytes="3132672" totalbytes="3139200" percent="99" regionsoverflowed="0" regionsstable="18" regionsrebuilding="0"/>
  </mem-info>
</gc-start>
<allocation-stats totalBytes="26200560" >
  <allocated-bytes non-tlh="0" tlh="26200560" arrayletleaf="0"/>
  <largest-consumer threadName="main" threadId="000000000118C700" bytes="26200560" />
</allocation-stats>
<gc-op id="3423" type="copy forward" timems="0.916" contextid="3420" timestamp="2019-06-15T00:49:44.078">
  <memory-copied type="eden" objects="5" bytes="224" bytesdiscarded="0" />
  <memory-copied type="other" objects="0" bytes="0" bytesdiscarded="0" />
  <memory-cardclean objects="16" bytes="528" />
  <regions eden="25" other="1" />
  <remembered-set-cleared processed="63" cleared="1" durationms="0.099" />
  <stringconstants candidates="13683" cleared="0"  />
</gc-op>
<gc-op id="3424" type="classunload" timems="0.004" contextid="3420" timestamp="2019-06-15T00:49:44.078">
  <classunload-info classloadercandidates="53" classloadersunloaded="0" classesunloaded="0" anonymousclassesunloaded="0" quiescems="0.000" setupms="0.004" scanms="0.000" postms="0.000" />
</gc-op>
<gc-end id="3425" type="partial gc" contextid="3420" durationms="2.093" usertimems="4.000" systemtimems="0.000" timestamp="2019-06-15T00:49:44.078" activeThreads="1">
  <mem-info id="3426" free="47185920" total="78643200" percent="60">
    <mem type="eden" free="1048352" total="1048576" percent="99" />
    <remembered-set count="2112" freebytes="3130752" totalbytes="3139200" percent="99" regionsoverflowed="0" regionsstable="18" regionsrebuilding="0"/>
  </mem-info>
</gc-end>
<cycle-end id="3427" type="partial gc" contextid="3420" timestamp="2019-06-15T00:49:44.079" />
  <attribute name="elasticGC enabled" value="1" />
  <attribute name= "numThreadsSpecified" value="1" />
  <attribute name="heapSize specified" value="0" />
  <attribute name="Current GC Util" value="268" />
  <attribute name= "Current Time Running" value="20972" />
  <attribute name ="GC Interval" value="0" />
  <attribute name="ProportionalT" value="124.000000" />
  <attribute name="ProportionalI" value="124.000000" />
  <attribute name="ProportionalH" value="124.000000" />
  <attribute name="Current Error" value="248.000000" />
  <attribute name="IntegralT" value="0.000000" />
  <attribute name="IntegralI" value="0.000000" />
  <attribute name="IntegralH" value="0.000000" />
  <attribute name="DerivativeT" value="inf" />
  <attribute name="DerivativeI" value="inf" />
  <attribute name="DerivativeH" value="inf" />
  <attribute name="Loop Time for DT" value="0.000000" />
  <attribute name="Output H" value="8388608"/>
  <attribute name="Output I" value="200"/>
  <attribute name="Output T" value="1"/>
  <attribute name="Target GC Util Change" value ="20.000000" />
  <attribute name="Current GC Util Change" value="268.000000"/>
  <attribute name="GC Util currently" value="268" />
  <attribute name="CPU Util currently" value="13495668817398" />
<exclusive-end id="3428" timestamp="2019-06-15T00:49:44.079" durationms="3.266" />

<exclusive-start id="3429" timestamp="2019-06-15T00:49:44.087" intervalms="11.171">
  <response-info timems="0.080" idlems="0.080" threads="0" lastid="000000000118C700" lastname="main" />
</exclusive-start>
<allocation-taxation id="3430" taxation-threshold="26214400" timestamp="2019-06-15T00:49:44.087" intervalms="11.171" />
<cycle-start id="3431" type="partial gc" contextid="0" timestamp="2019-06-15T00:49:44.087" intervalms="11.189" />
<gc-start id="3432" type="partial gc" contextid="3431" timestamp="2019-06-15T00:49:44.087">
  <mem-info id="3433" free="20971520" total="78643200" percent="26">
    <mem type="eden" free="1048352" total="27262976" percent="3" />
    <remembered-set count="1632" freebytes="3132672" totalbytes="3139200" percent="99" regionsoverflowed="0" regionsstable="18" regionsrebuilding="0"/>
  </mem-info>
</gc-start>
<allocation-stats totalBytes="26200592" >
  <allocated-bytes non-tlh="0" tlh="26200592" arrayletleaf="0"/>
  <largest-consumer threadName="main" threadId="000000000118C700" bytes="26200592" />
</allocation-stats>
<gc-op id="3434" type="copy forward" timems="1.019" contextid="3431" timestamp="2019-06-15T00:49:44.089">
  <memory-copied type="eden" objects="5" bytes="320" bytesdiscarded="0" />
  <memory-copied type="other" objects="0" bytes="0" bytesdiscarded="0" />
  <memory-cardclean objects="16" bytes="528" />
  <regions eden="25" other="1" />
  <remembered-set-cleared processed="63" cleared="1" durationms="0.108" />
  <stringconstants candidates="13683" cleared="0"  />
</gc-op>
<gc-op id="3435" type="classunload" timems="0.004" contextid="3431" timestamp="2019-06-15T00:49:44.089">
  <classunload-info classloadercandidates="53" classloadersunloaded="0" classesunloaded="0" anonymousclassesunloaded="0" quiescems="0.000" setupms="0.004" scanms="0.000" postms="0.000" />
</gc-op>
<gc-end id="3436" type="partial gc" contextid="3431" durationms="2.235" usertimems="4.000" systemtimems="0.000" timestamp="2019-06-15T00:49:44.090" activeThreads="1">
  <mem-info id="3437" free="47185920" total="78643200" percent="60">
    <mem type="eden" free="1048256" total="1048576" percent="99" />
    <remembered-set count="2112" freebytes="3130752" totalbytes="3139200" percent="99" regionsoverflowed="0" regionsstable="18" regionsrebuilding="0"/>
  </mem-info>
</gc-end>
<cycle-end id="3438" type="partial gc" contextid="3431" timestamp="2019-06-15T00:49:44.090" />
  <attribute name="elasticGC enabled" value="1" />
  <attribute name= "numThreadsSpecified" value="1" />
  <attribute name="heapSize specified" value="0" />
  <attribute name="Current GC Util" value="255" />
  <attribute name= "Current Time Running" value="20983" />
  <attribute name ="GC Interval" value="0" />
  <attribute name="ProportionalT" value="117.500000" />
  <attribute name="ProportionalI" value="117.500000" />
  <attribute name="ProportionalH" value="117.500000" />
  <attribute name="Current Error" value="235.000000" />
  <attribute name="IntegralT" value="0.000000" />
  <attribute name="IntegralI" value="0.000000" />
  <attribute name="IntegralH" value="0.000000" />
  <attribute name="DerivativeT" value="inf" />
  <attribute name="DerivativeI" value="inf" />
  <attribute name="DerivativeH" value="inf" />
  <attribute name="Loop Time for DT" value="0.000000" />
  <attribute name="Output H" value="8388608"/>
  <attribute name="Output I" value="200"/>
  <attribute name="Output T" value="1"/>
  <attribute name="Target GC Util Change" value ="20.000000" />
  <attribute name="Current GC Util Change" value="255.000000"/>
  <attribute name="GC Util currently" value="255" />
  <attribute name="CPU Util currently" value="12364167119432" />
<exclusive-end id="3439" timestamp="2019-06-15T00:49:44.090" durationms="3.360" />

<exclusive-start id="3440" timestamp="2019-06-15T00:49:44.098" intervalms="11.351">
  <response-info timems="0.080" idlems="0.080" threads="0" lastid="000000000118C700" lastname="main" />
</exclusive-start>
<allocation-taxation id="3441" taxation-threshold="26214400" timestamp="2019-06-15T00:49:44.098" intervalms="11.342" />
<cycle-start id="3442" type="partial gc" contextid="0" timestamp="2019-06-15T00:49:44.098" intervalms="11.278" />
<gc-start id="3443" type="partial gc" contextid="3442" timestamp="2019-06-15T00:49:44.099">
  <mem-info id="3444" free="20971520" total="78643200" percent="26">
    <mem type="eden" free="1048256" total="27262976" percent="3" />
    <remembered-set count="1632" freebytes="3132672" totalbytes="3139200" percent="99" regionsoverflowed="0" regionsstable="18" regionsrebuilding="0"/>
  </mem-info>
</gc-start>
<allocation-stats totalBytes="26200552" >
  <allocated-bytes non-tlh="0" tlh="26200552" arrayletleaf="0"/>
  <largest-consumer threadName="main" threadId="000000000118C700" bytes="26200552" />
</allocation-stats>
<gc-op id="3445" type="copy forward" timems="1.036" contextid="3442" timestamp="2019-06-15T00:49:44.101">
  <memory-copied type="eden" objects="7" bytes="704" bytesdiscarded="0" />
  <memory-copied type="other" objects="0" bytes="0" bytesdiscarded="0" />
  <memory-cardclean objects="16" bytes="528" />
  <regions eden="25" other="1" />
  <remembered-set-cleared processed="63" cleared="1" durationms="0.110" />
  <stringconstants candidates="13683" cleared="0"  />
</gc-op>
<gc-op id="3446" type="classunload" timems="0.004" contextid="3442" timestamp="2019-06-15T00:49:44.101">
  <classunload-info classloadercandidates="53" classloadersunloaded="0" classesunloaded="0" anonymousclassesunloaded="0" quiescems="0.000" setupms="0.004" scanms="0.000" postms="0.000" />
</gc-op>
<gc-end id="3447" type="partial gc" contextid="3442" durationms="2.282" usertimems="0.000" systemtimems="0.000" timestamp="2019-06-15T00:49:44.101" activeThreads="1">
  <mem-info id="3448" free="47185920" total="78643200" percent="60">
    <mem type="eden" free="1047872" total="1048576" percent="99" />
    <remembered-set count="2112" freebytes="3130752" totalbytes="3139200" percent="99" regionsoverflowed="0" regionsstable="18" regionsrebuilding="0"/>
  </mem-info>
</gc-end>
<cycle-end id="3449" type="partial gc" contextid="3442" timestamp="2019-06-15T00:49:44.101" />
  <attribute name="elasticGC enabled" value="1" />
  <attribute name= "numThreadsSpecified" value="1" />
  <attribute name="heapSize specified" value="0" />
  <attribute name="Current GC Util" value="288" />
  <attribute name= "Current Time Running" value="20994" />
  <attribute name ="GC Interval" value="0" />
  <attribute name="ProportionalT" value="134.000000" />
  <attribute name="ProportionalI" value="134.000000" />
  <attribute name="ProportionalH" value="134.000000" />
  <attribute name="Current Error" value="268.000000" />
  <attribute name="IntegralT" value="0.000000" />
  <attribute name="IntegralI" value="0.000000" />
  <attribute name="IntegralH" value="0.000000" />
  <attribute name="DerivativeT" value="inf" />
  <attribute name="DerivativeI" value="inf" />
  <attribute name="DerivativeH" value="inf" />
  <attribute name="Loop Time for DT" value="0.000000" />
  <attribute name="Output H" value="8388608"/>
  <attribute name="Output I" value="200"/>
  <attribute name="Output T" value="1"/>
  <attribute name="Target GC Util Change" value ="20.000000" />
  <attribute name="Current GC Util Change" value="288.000000"/>
  <attribute name="GC Util currently" value="288" />
  <attribute name="CPU Util currently" value="13482333097916" />
<exclusive-end id="3450" timestamp="2019-06-15T00:49:44.101" durationms="3.332" />

<exclusive-start id="3451" timestamp="2019-06-15T00:49:44.109" intervalms="11.316">
  <response-info timems="0.079" idlems="0.079" threads="0" lastid="000000000118C700" lastname="main" />
</exclusive-start>
<allocation-taxation id="3452" taxation-threshold="26214400" timestamp="2019-06-15T00:49:44.110" intervalms="11.321" />
<cycle-start id="3453" type="partial gc" contextid="0" timestamp="2019-06-15T00:49:44.110" intervalms="11.360" />
<gc-start id="3454" type="partial gc" contextid="3453" timestamp="2019-06-15T00:49:44.110">
  <mem-info id="3455" free="20971520" total="78643200" percent="26">
    <mem type="eden" free="1047872" total="27262976" percent="3" />
    <remembered-set count="1632" freebytes="3132672" totalbytes="3139200" percent="99" regionsoverflowed="0" regionsstable="18" regionsrebuilding="0"/>
  </mem-info>
</gc-start>
<allocation-stats totalBytes="26200512" >
  <allocated-bytes non-tlh="0" tlh="26200512" arrayletleaf="0"/>
  <largest-consumer threadName="main" threadId="000000000118C700" bytes="26200512" />
</allocation-stats>
<gc-op id="3456" type="copy forward" timems="2.616" contextid="3453" timestamp="2019-06-15T00:49:44.113">
  <memory-copied type="eden" objects="5" bytes="240" bytesdiscarded="0" />
  <memory-copied type="other" objects="0" bytes="0" bytesdiscarded="0" />
  <memory-cardclean objects="16" bytes="528" />
  <regions eden="25" other="1" />
  <remembered-set-cleared processed="63" cleared="1" durationms="0.085" />
  <stringconstants candidates="13683" cleared="0"  />
</gc-op>
<gc-op id="3457" type="classunload" timems="0.017" contextid="3453" timestamp="2019-06-15T00:49:44.114">
  <classunload-info classloadercandidates="53" classloadersunloaded="0" classesunloaded="0" anonymousclassesunloaded="0" quiescems="0.000" setupms="0.017" scanms="0.000" postms="0.000" />
</gc-op>
<gc-end id="3458" type="partial gc" contextid="3453" durationms="3.721" usertimems="0.000" systemtimems="4.000" timestamp="2019-06-15T00:49:44.114" activeThreads="4">
  <mem-info id="3459" free="47185920" total="78643200" percent="60">
    <mem type="eden" free="1048336" total="1048576" percent="99" />
    <remembered-set count="928" freebytes="3135488" totalbytes="3139200" percent="99" regionsoverflowed="0" regionsstable="18" regionsrebuilding="0"/>
  </mem-info>
</gc-end>
<cycle-end id="3460" type="partial gc" contextid="3453" timestamp="2019-06-15T00:49:44.114" />
  <attribute name="elasticGC enabled" value="1" />
  <attribute name= "numThreadsSpecified" value="4" />
  <attribute name="heapSize specified" value="0" />
  <attribute name="Current GC Util" value="281" />
  <attribute name= "Current Time Running" value="21006" />
  <attribute name ="GC Interval" value="0" />
  <attribute name="ProportionalT" value="130.500000" />
  <attribute name="ProportionalI" value="130.500000" />
  <attribute name="ProportionalH" value="130.500000" />
  <attribute name="Current Error" value="261.000000" />
  <attribute name="IntegralT" value="261.000000" />
  <attribute name="IntegralI" value="261.000000" />
  <attribute name="IntegralH" value="261.000000" />
  <attribute name="DerivativeT" value="130.500000" />
  <attribute name="DerivativeI" value="130.500000" />
  <attribute name="DerivativeH" value="130.500000" />
  <attribute name="Loop Time for DT" value="1.000000" />
  <attribute name="Output H" value="8388608"/>
  <attribute name="Output I" value="528"/>
  <attribute name="Output T" value="4"/>
  <attribute name="Target GC Util Change" value ="20.000000" />
  <attribute name="Current GC Util Change" value="281.000000"/>
  <attribute name="GC Util currently" value="281" />
  <attribute name="CPU Util currently" value="12789739682254" />
<exclusive-end id="3461" timestamp="2019-06-15T00:49:44.114" durationms="4.715" />

<exclusive-start id="3462" timestamp="2019-06-15T00:49:44.122" intervalms="12.709">
  <response-info timems="0.081" idlems="0.081" threads="0" lastid="000000000118C700" lastname="main" />
</exclusive-start>
<allocation-taxation id="3463" taxation-threshold="26214400" timestamp="2019-06-15T00:49:44.122" intervalms="12.667" />
<cycle-start id="3464" type="partial gc" contextid="0" timestamp="2019-06-15T00:49:44.122" intervalms="12.631" />
<gc-start id="3465" type="partial gc" contextid="3464" timestamp="2019-06-15T00:49:44.123">
  <mem-info id="3466" free="20971520" total="78643200" percent="26">
    <mem type="eden" free="1048336" total="27262976" percent="3" />
    <remembered-set count="928" freebytes="3135488" totalbytes="3139200" percent="99" regionsoverflowed="0" regionsstable="18" regionsrebuilding="0"/>
  </mem-info>
</gc-start>
<allocation-stats totalBytes="26201184" >
  <allocated-bytes non-tlh="0" tlh="26201184" arrayletleaf="0"/>
  <largest-consumer threadName="main" threadId="000000000118C700" bytes="26201184" />
</allocation-stats>
<gc-op id="3467" type="copy forward" timems="1.001" contextid="3464" timestamp="2019-06-15T00:49:44.124">
  <memory-copied type="eden" objects="8" bytes="640" bytesdiscarded="0" />
  <memory-copied type="other" objects="0" bytes="0" bytesdiscarded="0" />
  <memory-cardclean objects="16" bytes="528" />
  <regions eden="25" other="1" />
  <remembered-set-cleared processed="63" cleared="1" durationms="0.108" />
  <stringconstants candidates="13683" cleared="0"  />
</gc-op>
<gc-op id="3468" type="classunload" timems="0.003" contextid="3464" timestamp="2019-06-15T00:49:44.125">
  <classunload-info classloadercandidates="53" classloadersunloaded="0" classesunloaded="0" anonymousclassesunloaded="0" quiescems="0.000" setupms="0.003" scanms="0.000" postms="0.000" />
</gc-op>
<gc-end id="3469" type="partial gc" contextid="3464" durationms="2.259" usertimems="0.000" systemtimems="4.000" timestamp="2019-06-15T00:49:44.125" activeThreads="1">
  <mem-info id="3470" free="47185920" total="78643200" percent="60">
    <mem type="eden" free="1047936" total="1048576" percent="99" />
    <remembered-set count="1376" freebytes="3133696" totalbytes="3139200" percent="99" regionsoverflowed="0" regionsstable="18" regionsrebuilding="0"/>
  </mem-info>
</gc-end>
<cycle-end id="3471" type="partial gc" contextid="3464" timestamp="2019-06-15T00:49:44.125" />
  <attribute name="elasticGC enabled" value="1" />
  <attribute name= "numThreadsSpecified" value="1" />
  <attribute name="heapSize specified" value="0" />
  <attribute name="Current GC Util" value="161" />
  <attribute name= "Current Time Running" value="21018" />
  <attribute name ="GC Interval" value="0" />
  <attribute name="ProportionalT" value="70.500000" />
  <attribute name="ProportionalI" value="70.500000" />
  <attribute name="ProportionalH" value="70.500000" />
  <attribute name="Current Error" value="141.000000" />
  <attribute name="IntegralT" value="0.000000" />
  <attribute name="IntegralI" value="0.000000" />
  <attribute name="IntegralH" value="0.000000" />
  <attribute name="DerivativeT" value="inf" />
  <attribute name="DerivativeI" value="inf" />
  <attribute name="DerivativeH" value="inf" />
  <attribute name="Loop Time for DT" value="0.000000" />
  <attribute name="Output H" value="8388608"/>
  <attribute name="Output I" value="200"/>
  <attribute name="Output T" value="1"/>
  <attribute name="Target GC Util Change" value ="20.000000" />
  <attribute name="Current GC Util Change" value="161.000000"/>
  <attribute name="GC Util currently" value="161" />
  <attribute name="CPU Util currently" value="14044688922534" />
<exclusive-end id="3472" timestamp="2019-06-15T00:49:44.125" durationms="3.199" />

<exclusive-start id="3473" timestamp="2019-06-15T00:49:44.134" intervalms="11.609">
  <response-info timems="0.080" idlems="0.080" threads="0" lastid="000000000118C700" lastname="main" />
</exclusive-start>
<allocation-taxation id="3474" taxation-threshold="26214400" timestamp="2019-06-15T00:49:44.134" intervalms="11.655" />
<cycle-start id="3475" type="partial gc" contextid="0" timestamp="2019-06-15T00:49:44.134" intervalms="11.664" />
<gc-start id="3476" type="partial gc" contextid="3475" timestamp="2019-06-15T00:49:44.134">
  <mem-info id="3477" free="20971520" total="78643200" percent="26">
    <mem type="eden" free="1047936" total="27262976" percent="3" />
    <remembered-set count="896" freebytes="3135616" totalbytes="3139200" percent="99" regionsoverflowed="0" regionsstable="18" regionsrebuilding="0"/>
  </mem-info>
</gc-start>
<allocation-stats totalBytes="26197600" >
  <allocated-bytes non-tlh="0" tlh="26197600" arrayletleaf="0"/>
  <largest-consumer threadName="main" threadId="000000000118C700" bytes="26197600" />
</allocation-stats>
<gc-op id="3478" type="copy forward" timems="1.075" contextid="3475" timestamp="2019-06-15T00:49:44.136">
  <memory-copied type="eden" objects="27" bytes="1152" bytesdiscarded="0" />
  <memory-copied type="other" objects="0" bytes="0" bytesdiscarded="0" />
  <memory-cardclean objects="75" bytes="2232" />
  <regions eden="25" other="1" />
  <remembered-set-cleared processed="63" cleared="11" durationms="0.109" />
  <stringconstants candidates="13683" cleared="0"  />
</gc-op>
<gc-op id="3479" type="classunload" timems="0.004" contextid="3475" timestamp="2019-06-15T00:49:44.136">
  <classunload-info classloadercandidates="53" classloadersunloaded="0" classesunloaded="0" anonymousclassesunloaded="0" quiescems="0.000" setupms="0.004" scanms="0.000" postms="0.000" />
</gc-op>
<gc-end id="3480" type="partial gc" contextid="3475" durationms="2.253" usertimems="4.000" systemtimems="0.000" timestamp="2019-06-15T00:49:44.137" activeThreads="1">
  <mem-info id="3481" free="47185920" total="78643200" percent="60">
    <mem type="eden" free="1047424" total="1048576" percent="99" />
    <remembered-set count="1376" freebytes="3133696" totalbytes="3139200" percent="99" regionsoverflowed="0" regionsstable="18" regionsrebuilding="0"/>
  </mem-info>
</gc-end>
<cycle-end id="3482" type="partial gc" contextid="3475" timestamp="2019-06-15T00:49:44.137" />
  <attribute name="elasticGC enabled" value="1" />
  <attribute name= "numThreadsSpecified" value="1" />
  <attribute name="heapSize specified" value="0" />
  <attribute name="Current GC Util" value="285" />
  <attribute name= "Current Time Running" value="21030" />
  <attribute name ="GC Interval" value="0" />
  <attribute name="ProportionalT" value="132.500000" />
  <attribute name="ProportionalI" value="132.500000" />
  <attribute name="ProportionalH" value="132.500000" />
  <attribute name="Current Error" value="265.000000" />
  <attribute name="IntegralT" value="0.000000" />
  <attribute name="IntegralI" value="0.000000" />
  <attribute name="IntegralH" value="0.000000" />
  <attribute name="DerivativeT" value="inf" />
  <attribute name="DerivativeI" value="inf" />
  <attribute name="DerivativeH" value="inf" />
  <attribute name="Loop Time for DT" value="0.000000" />
  <attribute name="Output H" value="8388608"/>
  <attribute name="Output I" value="200"/>
  <attribute name="Output T" value="1"/>
  <attribute name="Target GC Util Change" value ="20.000000" />
  <attribute name="Current GC Util Change" value="285.000000"/>
  <attribute name="GC Util currently" value="285" />
  <attribute name="CPU Util currently" value="12441050615101" />
<exclusive-end id="3483" timestamp="2019-06-15T00:49:44.137" durationms="3.326" />

<exclusive-start id="3484" timestamp="2019-06-15T00:49:44.146" intervalms="11.823">
  <response-info timems="0.080" idlems="0.080" threads="0" lastid="000000000118C700" lastname="main" />
</exclusive-start>
<allocation-taxation id="3485" taxation-threshold="26214400" timestamp="2019-06-15T00:49:44.146" intervalms="11.821" />
<cycle-start id="3486" type="partial gc" contextid="0" timestamp="2019-06-15T00:49:44.146" intervalms="11.847" />
<gc-start id="3487" type="partial gc" contextid="3486" timestamp="2019-06-15T00:49:44.146">
  <mem-info id="3488" free="20971520" total="78643200" percent="26">
    <mem type="eden" free="0" total="26214400" percent="0" />
    <remembered-set count="896" freebytes="3135616" totalbytes="3139200" percent="99" regionsoverflowed="0" regionsstable="18" regionsrebuilding="0"/>
  </mem-info>
</gc-start>
<allocation-stats totalBytes="26190384" >
  <allocated-bytes non-tlh="0" tlh="26190384" arrayletleaf="0"/>
  <largest-consumer threadName="main" threadId="000000000118C700" bytes="26190384" />
</allocation-stats>
<gc-op id="3489" type="copy forward" timems="0.955" contextid="3486" timestamp="2019-06-15T00:49:44.148">
  <memory-copied type="eden" objects="5" bytes="216" bytesdiscarded="0" />
  <memory-copied type="other" objects="22" bytes="944" bytesdiscarded="0" />
  <memory-cardclean objects="61" bytes="2008" />
  <regions eden="25" other="1" />
  <remembered-set-cleared processed="61" cleared="9" durationms="0.100" />
  <stringconstants candidates="13683" cleared="0"  />
</gc-op>
<gc-op id="3490" type="classunload" timems="0.003" contextid="3486" timestamp="2019-06-15T00:49:44.148">
  <classunload-info classloadercandidates="53" classloadersunloaded="0" classesunloaded="0" anonymousclassesunloaded="0" quiescems="0.000" setupms="0.003" scanms="0.000" postms="0.000" />
</gc-op>
<heap-resize id="3491" type="expand" space="default" amount="3145728" count="1" timems="0.058" reason="excessive time being spent in gc" timestamp="2019-06-15T00:49:44.148" />
<gc-end id="3492" type="partial gc" contextid="3486" durationms="2.326" usertimems="4.000" systemtimems="0.000" timestamp="2019-06-15T00:49:44.148" activeThreads="1">
  <mem-info id="3493" free="49283072" total="81788928" percent="60">
    <mem type="eden" free="1048360" total="1048576" percent="99" />
    <remembered-set count="1376" freebytes="3259264" totalbytes="3264768" percent="99" regionsoverflowed="0" regionsstable="18" regionsrebuilding="0"/>
  </mem-info>
</gc-end>
<cycle-end id="3494" type="partial gc" contextid="3486" timestamp="2019-06-15T00:49:44.149" />
  <attribute name="elasticGC enabled" value="1" />
  <attribute name= "numThreadsSpecified" value="1" />
  <attribute name="heapSize specified" value="0" />
  <attribute name="Current GC Util" value="287" />
  <attribute name= "Current Time Running" value="21042" />
  <attribute name ="GC Interval" value="0" />
  <attribute name="ProportionalT" value="133.500000" />
  <attribute name="ProportionalI" value="133.500000" />
  <attribute name="ProportionalH" value="133.500000" />
  <attribute name="Current Error" value="267.000000" />
  <attribute name="IntegralT" value="0.000000" />
  <attribute name="IntegralI" value="0.000000" />
  <attribute name="IntegralH" value="0.000000" />
  <attribute name="DerivativeT" value="inf" />
  <attribute name="DerivativeI" value="inf" />
  <attribute name="DerivativeH" value="inf" />
  <attribute name="Loop Time for DT" value="0.000000" />
  <attribute name="Output H" value="8388608"/>
  <attribute name="Output I" value="200"/>
  <attribute name="Output T" value="1"/>
  <attribute name="Target GC Util Change" value ="20.000000" />
  <attribute name="Current GC Util Change" value="287.000000"/>
  <attribute name="GC Util currently" value="287" />
  <attribute name="CPU Util currently" value="13555330103259" />
<exclusive-end id="3495" timestamp="2019-06-15T00:49:44.149" durationms="3.395" />

<exclusive-start id="3496" timestamp="2019-06-15T00:49:44.158" intervalms="12.353">
  <response-info timems="0.076" idlems="0.076" threads="0" lastid="000000000118C700" lastname="main" />
</exclusive-start>
<allocation-taxation id="3497" taxation-threshold="27262976" timestamp="2019-06-15T00:49:44.158" intervalms="12.337" />
<cycle-start id="3498" type="partial gc" contextid="0" timestamp="2019-06-15T00:49:44.158" intervalms="12.324" />
<gc-start id="3499" type="partial gc" contextid="3498" timestamp="2019-06-15T00:49:44.159">
  <mem-info id="3500" free="22020096" total="81788928" percent="26">
    <mem type="eden" free="1048360" total="28311552" percent="3" />
    <remembered-set count="928" freebytes="3261056" totalbytes="3264768" percent="99" regionsoverflowed="0" regionsstable="18" regionsrebuilding="0"/>
  </mem-info>
</gc-start>
<allocation-stats totalBytes="27238664" >
  <allocated-bytes non-tlh="0" tlh="27238664" arrayletleaf="0"/>
  <largest-consumer threadName="main" threadId="000000000118C700" bytes="27238664" />
</allocation-stats>
<gc-op id="3501" type="copy forward" timems="1.033" contextid="3498" timestamp="2019-06-15T00:49:44.160">
  <memory-copied type="eden" objects="5" bytes="248" bytesdiscarded="0" />
  <memory-copied type="other" objects="0" bytes="0" bytesdiscarded="0" />
  <memory-cardclean objects="15" bytes="520" />
  <regions eden="26" other="1" />
  <remembered-set-cleared processed="66" cleared="0" durationms="0.113" />
  <stringconstants candidates="13683" cleared="0"  />
</gc-op>
<gc-op id="3502" type="classunload" timems="0.003" contextid="3498" timestamp="2019-06-15T00:49:44.160">
  <classunload-info classloadercandidates="53" classloadersunloaded="0" classesunloaded="0" anonymousclassesunloaded="0" quiescems="0.000" setupms="0.003" scanms="0.000" postms="0.000" />
</gc-op>
<gc-end id="3503" type="partial gc" contextid="3498" durationms="2.204" usertimems="4.000" systemtimems="0.000" timestamp="2019-06-15T00:49:44.161" activeThreads="1">
  <mem-info id="3504" free="49283072" total="81788928" percent="60">
    <mem type="eden" free="1048328" total="1048576" percent="99" />
    <remembered-set count="1408" freebytes="3259136" totalbytes="3264768" percent="99" regionsoverflowed="0" regionsstable="18" regionsrebuilding="0"/>
  </mem-info>
</gc-end>
<cycle-end id="3505" type="partial gc" contextid="3498" timestamp="2019-06-15T00:49:44.161" />
  <attribute name="elasticGC enabled" value="1" />
  <attribute name= "numThreadsSpecified" value="1" />
  <attribute name="heapSize specified" value="0" />
  <attribute name="Current GC Util" value="257" />
  <attribute name= "Current Time Running" value="21054" />
  <attribute name ="GC Interval" value="0" />
  <attribute name="ProportionalT" value="118.500000" />
  <attribute name="ProportionalI" value="118.500000" />
  <attribute name="ProportionalH" value="118.500000" />
  <attribute name="Current Error" value="237.000000" />
  <attribute name="IntegralT" value="0.000000" />
  <attribute name="IntegralI" value="0.000000" />
  <attribute name="IntegralH" value="0.000000" />
  <attribute name="DerivativeT" value="inf" />
  <attribute name="DerivativeI" value="inf" />
  <attribute name="DerivativeH" value="inf" />
  <attribute name="Loop Time for DT" value="0.000000" />
  <attribute name="Output H" value="8388608"/>
  <attribute name="Output I" value="200"/>
  <attribute name="Output T" value="1"/>
  <attribute name="Target GC Util Change" value ="20.000000" />
  <attribute name="Current GC Util Change" value="257.000000"/>
  <attribute name="GC Util currently" value="257" />
  <attribute name="CPU Util currently" value="13211993493902" />
<exclusive-end id="3506" timestamp="2019-06-15T00:49:44.161" durationms="3.168" />

<exclusive-start id="3507" timestamp="2019-06-15T00:49:44.174" intervalms="16.113">
  <response-info timems="0.075" idlems="0.075" threads="0" lastid="000000000118C700" lastname="main" />
</exclusive-start>
<allocation-taxation id="3508" taxation-threshold="27262976" timestamp="2019-06-15T00:49:44.174" intervalms="16.123" />
<cycle-start id="3509" type="partial gc" contextid="0" timestamp="2019-06-15T00:49:44.174" intervalms="16.114" />
<gc-start id="3510" type="partial gc" contextid="3509" timestamp="2019-06-15T00:49:44.175">
  <mem-info id="3511" free="22020096" total="81788928" percent="26">
    <mem type="eden" free="1048328" total="28311552" percent="3" />
    <remembered-set count="928" freebytes="3261056" totalbytes="3264768" percent="99" regionsoverflowed="0" regionsstable="18" regionsrebuilding="0"/>
  </mem-info>
</gc-start>
<allocation-stats totalBytes="27243048" >
  <allocated-bytes non-tlh="0" tlh="27243048" arrayletleaf="0"/>
  <largest-consumer threadName="main" threadId="000000000118C700" bytes="27243048" />
</allocation-stats>
<gc-op id="3512" type="copy forward" timems="1.029" contextid="3509" timestamp="2019-06-15T00:49:44.176">
  <memory-copied type="eden" objects="37" bytes="1640" bytesdiscarded="0" />
  <memory-copied type="other" objects="0" bytes="0" bytesdiscarded="0" />
  <memory-cardclean objects="74" bytes="2224" />
  <regions eden="26" other="1" />
  <remembered-set-cleared processed="66" cleared="12" durationms="0.114" />
  <stringconstants candidates="13683" cleared="0"  />
</gc-op>
<gc-op id="3513" type="classunload" timems="0.004" contextid="3509" timestamp="2019-06-15T00:49:44.177">
  <classunload-info classloadercandidates="53" classloadersunloaded="0" classesunloaded="0" anonymousclassesunloaded="0" quiescems="0.000" setupms="0.004" scanms="0.000" postms="0.000" />
</gc-op>
<gc-end id="3514" type="partial gc" contextid="3509" durationms="2.165" usertimems="4.000" systemtimems="0.000" timestamp="2019-06-15T00:49:44.177" activeThreads="1">
  <mem-info id="3515" free="49283072" total="81788928" percent="60">
    <mem type="eden" free="1046936" total="1048576" percent="99" />
    <remembered-set count="1408" freebytes="3259136" totalbytes="3264768" percent="99" regionsoverflowed="0" regionsstable="18" regionsrebuilding="0"/>
  </mem-info>
</gc-end>
<cycle-end id="3516" type="partial gc" contextid="3509" timestamp="2019-06-15T00:49:44.177" />
  <attribute name="elasticGC enabled" value="1" />
  <attribute name= "numThreadsSpecified" value="1" />
  <attribute name="heapSize specified" value="0" />
  <attribute name="Current GC Util" value="263" />
  <attribute name= "Current Time Running" value="21070" />
  <attribute name ="GC Interval" value="0" />
  <attribute name="ProportionalT" value="121.500000" />
  <attribute name="ProportionalI" value="121.500000" />
  <attribute name="ProportionalH" value="121.500000" />
  <attribute name="Current Error" value="243.000000" />
  <attribute name="IntegralT" value="0.000000" />
  <attribute name="IntegralI" value="0.000000" />
  <attribute name="IntegralH" value="0.000000" />
  <attribute name="DerivativeT" value="inf" />
  <attribute name="DerivativeI" value="inf" />
  <attribute name="DerivativeH" value="inf" />
  <attribute name="Loop Time for DT" value="0.000000" />
  <attribute name="Output H" value="8388608"/>
  <attribute name="Output I" value="200"/>
  <attribute name="Output T" value="1"/>
  <attribute name="Target GC Util Change" value ="20.000000" />
  <attribute name="Current GC Util Change" value="263.000000"/>
  <attribute name="GC Util currently" value="263" />
  <attribute name="CPU Util currently" value="13086175338771" />
<exclusive-end id="3517" timestamp="2019-06-15T00:49:44.177" durationms="3.181" />

<exclusive-start id="3518" timestamp="2019-06-15T00:49:44.206" intervalms="32.381">
  <response-info timems="0.053" idlems="0.053" threads="0" lastid="000000000118C700" lastname="main" />
</exclusive-start>
<allocation-taxation id="3519" taxation-threshold="27262976" timestamp="2019-06-15T00:49:44.207" intervalms="32.294" />
<cycle-start id="3520" type="partial gc" contextid="0" timestamp="2019-06-15T00:49:44.207" intervalms="32.386" />
<gc-start id="3521" type="partial gc" contextid="3520" timestamp="2019-06-15T00:49:44.207">
  <mem-info id="3522" free="22020096" total="81788928" percent="26">
    <mem type="eden" free="0" total="27262976" percent="0" />
    <remembered-set count="928" freebytes="3261056" totalbytes="3264768" percent="99" regionsoverflowed="0" regionsstable="18" regionsrebuilding="0"/>
  </mem-info>
</gc-start>
<allocation-stats totalBytes="27256856" >
  <allocated-bytes non-tlh="0" tlh="27256856" arrayletleaf="0"/>
  <largest-consumer threadName="main" threadId="000000000118C700" bytes="27256856" />
</allocation-stats>
<gc-op id="3523" type="copy forward" timems="3.335" contextid="3520" timestamp="2019-06-15T00:49:44.211">
  <memory-copied type="eden" objects="14" bytes="584" bytesdiscarded="0" />
  <memory-copied type="other" objects="22" bytes="968" bytesdiscarded="272" />
  <memory-cardclean objects="60" bytes="2000" />
  <regions eden="26" other="1" />
  <remembered-set-cleared processed="64" cleared="10" durationms="0.088" />
  <stringconstants candidates="13683" cleared="0"  />
</gc-op>
<gc-op id="3524" type="classunload" timems="0.003" contextid="3520" timestamp="2019-06-15T00:49:44.211">
  <classunload-info classloadercandidates="53" classloadersunloaded="0" classesunloaded="0" anonymousclassesunloaded="0" quiescems="0.000" setupms="0.003" scanms="0.000" postms="0.000" />
</gc-op>
<heap-resize id="3525" type="expand" space="default" amount="2097152" count="1" timems="0.066" reason="excessive time being spent in gc" timestamp="2019-06-15T00:49:44.211" />
<gc-end id="3526" type="partial gc" contextid="3520" durationms="4.531" usertimems="8.000" systemtimems="0.000" timestamp="2019-06-15T00:49:44.212" activeThreads="4">
  <mem-info id="3527" free="50331648" total="83886080" percent="60">
    <mem type="eden" free="1047992" total="1048576" percent="99" />
    <remembered-set count="1984" freebytes="3340544" totalbytes="3348480" percent="99" regionsoverflowed="0" regionsstable="18" regionsrebuilding="0"/>
  </mem-info>
</gc-end>
<cycle-end id="3528" type="partial gc" contextid="3520" timestamp="2019-06-15T00:49:44.212" />
  <attribute name="elasticGC enabled" value="1" />
  <attribute name= "numThreadsSpecified" value="4" />
  <attribute name="heapSize specified" value="0" />
  <attribute name="Current GC Util" value="280" />
  <attribute name= "Current Time Running" value="21103" />
  <attribute name ="GC Interval" value="0" />
  <attribute name="ProportionalT" value="130.000000" />
  <attribute name="ProportionalI" value="130.000000" />
  <attribute name="ProportionalH" value="130.000000" />
  <attribute name="Current Error" value="260.000000" />
  <attribute name="IntegralT" value="260.000000" />
  <attribute name="IntegralI" value="260.000000" />
  <attribute name="IntegralH" value="260.000000" />
  <attribute name="DerivativeT" value="130.000000" />
  <attribute name="DerivativeI" value="130.000000" />
  <attribute name="DerivativeH" value="130.000000" />
  <attribute name="Loop Time for DT" value="1.000000" />
  <attribute name="Output H" value="8388608"/>
  <attribute name="Output I" value="520"/>
  <attribute name="Output T" value="4"/>
  <attribute name="Target GC Util Change" value ="20.000000" />
  <attribute name="Current GC Util Change" value="280.000000"/>
  <attribute name="GC Util currently" value="280" />
  <attribute name="CPU Util currently" value="12785236551698" />
<exclusive-end id="3529" timestamp="2019-06-15T00:49:44.212" durationms="5.551" />

<exclusive-start id="3530" timestamp="2019-06-15T00:49:44.241" intervalms="34.806">
  <response-info timems="0.075" idlems="0.075" threads="0" lastid="000000000118C700" lastname="main" />
</exclusive-start>
<allocation-taxation id="3531" taxation-threshold="27262976" timestamp="2019-06-15T00:49:44.241" intervalms="34.825" />
<cycle-start id="3532" type="partial gc" contextid="0" timestamp="2019-06-15T00:49:44.242" intervalms="34.777" />
<gc-start id="3533" type="partial gc" contextid="3532" timestamp="2019-06-15T00:49:44.242">
  <mem-info id="3534" free="23068672" total="83886080" percent="27">
    <mem type="eden" free="1047992" total="28311552" percent="3" />
    <remembered-set count="1984" freebytes="3340544" totalbytes="3348480" percent="99" regionsoverflowed="0" regionsstable="18" regionsrebuilding="0"/>
  </mem-info>
</gc-start>
<allocation-stats totalBytes="27256984" >
  <allocated-bytes non-tlh="0" tlh="27256984" arrayletleaf="0"/>
  <largest-consumer threadName="main" threadId="000000000118C700" bytes="27256984" />
</allocation-stats>
<gc-op id="3535" type="copy forward" timems="2.732" contextid="3532" timestamp="2019-06-15T00:49:44.245">
  <memory-copied type="eden" objects="18" bytes="792" bytesdiscarded="0" />
  <memory-copied type="other" objects="0" bytes="0" bytesdiscarded="0" />
  <memory-cardclean objects="14" bytes="512" />
  <regions eden="26" other="1" />
  <remembered-set-cleared processed="69" cleared="0" durationms="0.083" />
  <stringconstants candidates="13683" cleared="0"  />
</gc-op>
<gc-op id="3536" type="classunload" timems="0.003" contextid="3532" timestamp="2019-06-15T00:49:44.245">
  <classunload-info classloadercandidates="53" classloadersunloaded="0" classesunloaded="0" anonymousclassesunloaded="0" quiescems="0.000" setupms="0.003" scanms="0.000" postms="0.000" />
</gc-op>
<gc-end id="3537" type="partial gc" contextid="3532" durationms="3.812" usertimems="8.000" systemtimems="0.000" timestamp="2019-06-15T00:49:44.246" activeThreads="4">
  <mem-info id="3538" free="50331648" total="83886080" percent="60">
    <mem type="eden" free="1047784" total="1048576" percent="99" />
    <remembered-set count="1376" freebytes="3342976" totalbytes="3348480" percent="99" regionsoverflowed="0" regionsstable="18" regionsrebuilding="0"/>
  </mem-info>
</gc-end>
<cycle-end id="3539" type="partial gc" contextid="3532" timestamp="2019-06-15T00:49:44.246" />
  <attribute name="elasticGC enabled" value="1" />
  <attribute name= "numThreadsSpecified" value="4" />
  <attribute name="heapSize specified" value="0" />
  <attribute name="Current GC Util" value="212" />
  <attribute name= "Current Time Running" value="21138" />
  <attribute name ="GC Interval" value="0" />
  <attribute name="ProportionalT" value="96.000000" />
  <attribute name="ProportionalI" value="96.000000" />
  <attribute name="ProportionalH" value="96.000000" />
  <attribute name="Current Error" value="192.000000" />
  <attribute name="IntegralT" value="192.000000" />
  <attribute name="IntegralI" value="192.000000" />
  <attribute name="IntegralH" value="192.000000" />
  <attribute name="DerivativeT" value="93.500000" />
  <attribute name="DerivativeI" value="93.500000" />
  <attribute name="DerivativeH" value="93.500000" />
  <attribute name="Loop Time for DT" value="1.000000" />
  <attribute name="Output H" value="8388608"/>
  <attribute name="Output I" value="384"/>
  <attribute name="Output T" value="4"/>
  <attribute name="Target GC Util Change" value ="20.000000" />
  <attribute name="Current GC Util Change" value="212.000000"/>
  <attribute name="GC Util currently" value="212" />
  <attribute name="CPU Util currently" value="13619622702070" />
<exclusive-end id="3540" timestamp="2019-06-15T00:49:44.246" durationms="4.697" />

<exclusive-start id="3541" timestamp="2019-06-15T00:49:44.428" intervalms="187.116">
  <response-info timems="0.077" idlems="0.077" threads="0" lastid="000000000118C700" lastname="main" />
</exclusive-start>
<allocation-taxation id="3542" taxation-threshold="27262976" timestamp="2019-06-15T00:49:44.429" intervalms="187.206" />
<cycle-start id="3543" type="partial gc" contextid="0" timestamp="2019-06-15T00:49:44.429" intervalms="187.225" />
<gc-start id="3544" type="partial gc" contextid="3543" timestamp="2019-06-15T00:49:44.429">
  <mem-info id="3545" free="23068672" total="83886080" percent="27">
    <mem type="eden" free="1047784" total="28311552" percent="3" />
    <remembered-set count="896" freebytes="3344896" totalbytes="3348480" percent="99" regionsoverflowed="0" regionsstable="18" regionsrebuilding="0"/>
  </mem-info>
</gc-start>
<allocation-stats totalBytes="27184392" >
  <allocated-bytes non-tlh="0" tlh="27184392" arrayletleaf="0"/>
  <largest-consumer threadName="main" threadId="000000000118C700" bytes="27184392" />
</allocation-stats>
<gc-op id="3546" type="copy forward" timems="1.180" contextid="3543" timestamp="2019-06-15T00:49:44.431">
  <memory-copied type="eden" objects="97" bytes="42696" bytesdiscarded="0" />
  <memory-copied type="other" objects="0" bytes="0" bytesdiscarded="0" />
  <memory-cardclean objects="96" bytes="2712" />
  <regions eden="26" other="1" />
  <remembered-set-cleared processed="69" cleared="8" durationms="0.110" />
  <stringconstants candidates="13683" cleared="0"  />
</gc-op>
<gc-op id="3547" type="classunload" timems="0.003" contextid="3543" timestamp="2019-06-15T00:49:44.431">
  <classunload-info classloadercandidates="53" classloadersunloaded="0" classesunloaded="0" anonymousclassesunloaded="0" quiescems="0.000" setupms="0.003" scanms="0.000" postms="0.000" />
</gc-op>
<gc-end id="3548" type="partial gc" contextid="3543" durationms="2.561" usertimems="4.000" systemtimems="0.000" timestamp="2019-06-15T00:49:44.432" activeThreads="1">
  <mem-info id="3549" free="50331648" total="83886080" percent="60">
    <mem type="eden" free="1005880" total="1048576" percent="95" />
    <remembered-set count="1184" freebytes="3343744" totalbytes="3348480" percent="99" regionsoverflowed="0" regionsstable="18" regionsrebuilding="0"/>
  </mem-info>
</gc-end>
<cycle-end id="3550" type="partial gc" contextid="3543" timestamp="2019-06-15T00:49:44.432" />
  <attribute name="elasticGC enabled" value="1" />
  <attribute name= "numThreadsSpecified" value="1" />
  <attribute name="heapSize specified" value="0" />
  <attribute name="Current GC Util" value="159" />
  <attribute name= "Current Time Running" value="21325" />
  <attribute name ="GC Interval" value="0" />
  <attribute name="ProportionalT" value="69.500000" />
  <attribute name="ProportionalI" value="69.500000" />
  <attribute name="ProportionalH" value="69.500000" />
  <attribute name="Current Error" value="139.000000" />
  <attribute name="IntegralT" value="0.000000" />
  <attribute name="IntegralI" value="0.000000" />
  <attribute name="IntegralH" value="0.000000" />
  <attribute name="DerivativeT" value="inf" />
  <attribute name="DerivativeI" value="inf" />
  <attribute name="DerivativeH" value="inf" />
  <attribute name="Loop Time for DT" value="0.000000" />
  <attribute name="Output H" value="8388608"/>
  <attribute name="Output I" value="200"/>
  <attribute name="Output T" value="1"/>
  <attribute name="Target GC Util Change" value ="20.000000" />
  <attribute name="Current GC Util Change" value="159.000000"/>
  <attribute name="GC Util currently" value="159" />
  <attribute name="CPU Util currently" value="12608640636025" />
<exclusive-end id="3551" timestamp="2019-06-15T00:49:44.432" durationms="3.838" />

<exclusive-start id="3552" timestamp="2019-06-15T00:49:44.437" intervalms="8.864">
  <response-info timems="0.260" idlems="0.260" threads="0" lastid="000000000118C700" lastname="main" />
</exclusive-start>
<allocation-taxation id="3553" taxation-threshold="27262976" timestamp="2019-06-15T00:49:44.437" intervalms="8.850" />
<cycle-start id="3554" type="partial gc" contextid="0" timestamp="2019-06-15T00:49:44.438" intervalms="8.843" />
<gc-start id="3555" type="partial gc" contextid="3554" timestamp="2019-06-15T00:49:44.438">
  <mem-info id="3556" free="23068672" total="83886080" percent="27">
    <mem type="eden" free="0" total="27262976" percent="0" />
    <remembered-set count="736" freebytes="3345536" totalbytes="3348480" percent="99" regionsoverflowed="0" regionsstable="18" regionsrebuilding="0"/>
  </mem-info>
</gc-start>
<allocation-stats totalBytes="25523752" >
  <allocated-bytes non-tlh="0" tlh="25523752" arrayletleaf="0"/>
  <largest-consumer threadName="main" threadId="000000000118C700" bytes="25523752" />
</allocation-stats>
<gc-op id="3557" type="copy forward" timems="1.253" contextid="3554" timestamp="2019-06-15T00:49:44.440">
  <memory-copied type="eden" objects="11" bytes="36152" bytesdiscarded="0" />
  <memory-copied type="other" objects="86" bytes="3408" bytesdiscarded="0" />
  <memory-cardclean objects="65" bytes="2208" />
  <regions eden="26" other="1" />
  <remembered-set-cleared processed="67" cleared="6" durationms="0.116" />
  <stringconstants candidates="13683" cleared="0"  />
</gc-op>
<gc-op id="3558" type="classunload" timems="0.004" contextid="3554" timestamp="2019-06-15T00:49:44.440">
  <classunload-info classloadercandidates="53" classloadersunloaded="0" classesunloaded="0" anonymousclassesunloaded="0" quiescems="0.000" setupms="0.004" scanms="0.000" postms="0.000" />
</gc-op>
<gc-end id="3559" type="partial gc" contextid="3554" durationms="2.662" usertimems="0.000" systemtimems="0.000" timestamp="2019-06-15T00:49:44.441" activeThreads="1">
  <mem-info id="3560" free="49283072" total="83886080" percent="58">
    <mem type="eden" free="1012424" total="1048576" percent="96" />
    <remembered-set count="1184" freebytes="3343744" totalbytes="3348480" percent="99" regionsoverflowed="0" regionsstable="18" regionsrebuilding="0"/>
  </mem-info>
</gc-end>
<cycle-end id="3561" type="partial gc" contextid="3554" timestamp="2019-06-15T00:49:44.441" />
  <attribute name="elasticGC enabled" value="1" />
  <attribute name= "numThreadsSpecified" value="1" />
  <attribute name="heapSize specified" value="0" />
  <attribute name="Current GC Util" value="263" />
  <attribute name= "Current Time Running" value="21334" />
  <attribute name ="GC Interval" value="0" />
  <attribute name="ProportionalT" value="121.500000" />
  <attribute name="ProportionalI" value="121.500000" />
  <attribute name="ProportionalH" value="121.500000" />
  <attribute name="Current Error" value="243.000000" />
  <attribute name="IntegralT" value="0.000000" />
  <attribute name="IntegralI" value="0.000000" />
  <attribute name="IntegralH" value="0.000000" />
  <attribute name="DerivativeT" value="inf" />
  <attribute name="DerivativeI" value="inf" />
  <attribute name="DerivativeH" value="inf" />
  <attribute name="Loop Time for DT" value="0.000000" />
  <attribute name="Output H" value="8388608"/>
  <attribute name="Output I" value="200"/>
  <attribute name="Output T" value="1"/>
  <attribute name="Target GC Util Change" value ="20.000000" />
  <attribute name="Current GC Util Change" value="263.000000"/>
  <attribute name="GC Util currently" value="263" />
  <attribute name="CPU Util currently" value="11777363969834" />
<exclusive-end id="3562" timestamp="2019-06-15T00:49:44.441" durationms="4.103" />

<exclusive-start id="3563" timestamp="2019-06-15T00:49:44.446" intervalms="9.000">
  <response-info timems="0.101" idlems="0.101" threads="0" lastid="000000000118C700" lastname="main" />
</exclusive-start>
<allocation-taxation id="3564" taxation-threshold="27262976" timestamp="2019-06-15T00:49:44.446" intervalms="9.049" />
<cycle-start id="3565" type="partial gc" contextid="0" timestamp="2019-06-15T00:49:44.447" intervalms="9.032" />
<gc-start id="3566" type="partial gc" contextid="3565" timestamp="2019-06-15T00:49:44.447">
  <mem-info id="3567" free="22020096" total="83886080" percent="26">
    <mem type="eden" free="1012424" total="28311552" percent="3" />
    <remembered-set count="768" freebytes="3345408" totalbytes="3348480" percent="99" regionsoverflowed="0" regionsstable="18" regionsrebuilding="0"/>
  </mem-info>
</gc-start>
<allocation-stats totalBytes="25510480" >
  <allocated-bytes non-tlh="0" tlh="25510480" arrayletleaf="0"/>
  <largest-consumer threadName="main" threadId="000000000118C700" bytes="25510480" />
</allocation-stats>
<gc-op id="3568" type="copy forward" timems="2.668" contextid="3565" timestamp="2019-06-15T00:49:44.451">
  <memory-copied type="eden" objects="11" bytes="13752" bytesdiscarded="1248" />
  <memory-copied type="other" objects="0" bytes="0" bytesdiscarded="0" />
  <memory-cardclean objects="15" bytes="616" />
  <regions eden="26" other="1" />
  <remembered-set-cleared processed="74" cleared="1" durationms="0.091" />
  <stringconstants candidates="13683" cleared="0"  />
</gc-op>
<gc-op id="3569" type="classunload" timems="0.003" contextid="3565" timestamp="2019-06-15T00:49:44.451">
  <classunload-info classloadercandidates="53" classloadersunloaded="0" classesunloaded="0" anonymousclassesunloaded="0" quiescems="0.000" setupms="0.003" scanms="0.000" postms="0.000" />
</gc-op>
<gc-end id="3570" type="partial gc" contextid="3565" durationms="3.930" usertimems="4.000" systemtimems="4.000" timestamp="2019-06-15T00:49:44.451" activeThreads="4">
  <mem-info id="3571" free="49283072" total="83886080" percent="58">
    <mem type="eden" free="1033576" total="1048576" percent="98" />
    <remembered-set count="1248" freebytes="3343488" totalbytes="3348480" percent="99" regionsoverflowed="0" regionsstable="18" regionsrebuilding="0"/>
  </mem-info>
</gc-end>
<cycle-end id="3572" type="partial gc" contextid="3565" timestamp="2019-06-15T00:49:44.451" />
  <attribute name="elasticGC enabled" value="1" />
  <attribute name= "numThreadsSpecified" value="4" />
  <attribute name="heapSize specified" value="0" />
  <attribute name="Current GC Util" value="262" />
  <attribute name= "Current Time Running" value="21343" />
  <attribute name ="GC Interval" value="0" />
  <attribute name="ProportionalT" value="121.000000" />
  <attribute name="ProportionalI" value="121.000000" />
  <attribute name="ProportionalH" value="121.000000" />
  <attribute name="Current Error" value="242.000000" />
  <attribute name="IntegralT" value="242.000000" />
  <attribute name="IntegralI" value="242.000000" />
  <attribute name="IntegralH" value="242.000000" />
  <attribute name="DerivativeT" value="118.500000" />
  <attribute name="DerivativeI" value="118.500000" />
  <attribute name="DerivativeH" value="118.500000" />
  <attribute name="Loop Time for DT" value="1.000000" />
  <attribute name="Output H" value="8388608"/>
  <attribute name="Output I" value="488"/>
  <attribute name="Output T" value="4"/>
  <attribute name="Target GC Util Change" value ="20.000000" />
  <attribute name="Current GC Util Change" value="262.000000"/>
  <attribute name="GC Util currently" value="262" />
  <attribute name="CPU Util currently" value="10244343711609" />
<exclusive-end id="3573" timestamp="2019-06-15T00:49:44.451" durationms="5.231" />

<exclusive-start id="3574" timestamp="2019-06-15T00:49:44.579" intervalms="132.888">
  <response-info timems="0.101" idlems="0.101" threads="0" lastid="000000000118C700" lastname="main" />
</exclusive-start>
<allocation-taxation id="3575" taxation-threshold="27262976" timestamp="2019-06-15T00:49:44.579" intervalms="132.918" />
<cycle-start id="3576" type="partial gc" contextid="0" timestamp="2019-06-15T00:49:44.580" intervalms="132.958" />
<gc-start id="3577" type="partial gc" contextid="3576" timestamp="2019-06-15T00:49:44.580">
  <mem-info id="3578" free="22020096" total="83886080" percent="26">
    <mem type="eden" free="1033576" total="28311552" percent="3" />
    <remembered-set count="1248" freebytes="3343488" totalbytes="3348480" percent="99" regionsoverflowed="0" regionsstable="18" regionsrebuilding="0"/>
  </mem-info>
</gc-start>
<allocation-stats totalBytes="27260480" >
  <allocated-bytes non-tlh="0" tlh="27260480" arrayletleaf="0"/>
  <largest-consumer threadName="main" threadId="000000000118C700" bytes="27260480" />
</allocation-stats>
<gc-op id="3579" type="copy forward" timems="1.238" contextid="3576" timestamp="2019-06-15T00:49:44.582">
  <memory-copied type="eden" objects="48" bytes="41144" bytesdiscarded="0" />
  <memory-copied type="other" objects="0" bytes="0" bytesdiscarded="0" />
  <memory-cardclean objects="114" bytes="3336" />
  <regions eden="26" other="1" />
  <remembered-set-cleared processed="74" cleared="4" durationms="0.116" />
  <stringconstants candidates="13683" cleared="0"  />
</gc-op>
<gc-op id="3580" type="classunload" timems="0.003" contextid="3576" timestamp="2019-06-15T00:49:44.583">
  <classunload-info classloadercandidates="53" classloadersunloaded="0" classesunloaded="0" anonymousclassesunloaded="0" quiescems="0.000" setupms="0.003" scanms="0.000" postms="0.000" />
</gc-op>
<gc-end id="3581" type="partial gc" contextid="3576" durationms="2.714" usertimems="0.000" systemtimems="4.000" timestamp="2019-06-15T00:49:44.583" activeThreads="1">
  <mem-info id="3582" free="49283072" total="83886080" percent="58">
    <mem type="eden" free="1007432" total="1048576" percent="96" />
    <remembered-set count="1696" freebytes="3341696" totalbytes="3348480" percent="99" regionsoverflowed="0" regionsstable="18" regionsrebuilding="0"/>
  </mem-info>
</gc-end>
<cycle-end id="3583" type="partial gc" contextid="3576" timestamp="2019-06-15T00:49:44.583" />
  <attribute name="elasticGC enabled" value="1" />
  <attribute name= "numThreadsSpecified" value="1" />
  <attribute name="heapSize specified" value="0" />
  <attribute name="Current GC Util" value="154" />
  <attribute name= "Current Time Running" value="21476" />
  <attribute name ="GC Interval" value="0" />
  <attribute name="ProportionalT" value="67.000000" />
  <attribute name="ProportionalI" value="67.000000" />
  <attribute name="ProportionalH" value="67.000000" />
  <attribute name="Current Error" value="134.000000" />
  <attribute name="IntegralT" value="0.000000" />
  <attribute name="IntegralI" value="0.000000" />
  <attribute name="IntegralH" value="0.000000" />
  <attribute name="DerivativeT" value="inf" />
  <attribute name="DerivativeI" value="inf" />
  <attribute name="DerivativeH" value="inf" />
  <attribute name="Loop Time for DT" value="0.000000" />
  <attribute name="Output H" value="8388608"/>
  <attribute name="Output I" value="200"/>
  <attribute name="Output T" value="1"/>
  <attribute name="Target GC Util Change" value ="20.000000" />
  <attribute name="Current GC Util Change" value="154.000000"/>
  <attribute name="GC Util currently" value="154" />
  <attribute name="CPU Util currently" value="11922786078753" />
<exclusive-end id="3584" timestamp="2019-06-15T00:49:44.583" durationms="4.282" />

<exclusive-start id="3585" timestamp="2019-06-15T00:49:44.601" intervalms="21.831">
  <response-info timems="0.083" idlems="0.083" threads="0" lastid="000000000118C700" lastname="main" />
</exclusive-start>
<allocation-taxation id="3586" taxation-threshold="27262976" timestamp="2019-06-15T00:49:44.601" intervalms="21.781" />
<cycle-start id="3587" type="partial gc" contextid="0" timestamp="2019-06-15T00:49:44.601" intervalms="21.748" />
<gc-start id="3588" type="partial gc" contextid="3587" timestamp="2019-06-15T00:49:44.602">
  <mem-info id="3589" free="22020096" total="83886080" percent="26">
    <mem type="eden" free="0" total="27262976" percent="0" />
    <remembered-set count="1216" freebytes="3343616" totalbytes="3348480" percent="99" regionsoverflowed="0" regionsstable="18" regionsrebuilding="0"/>
  </mem-info>
</gc-start>
<allocation-stats totalBytes="27259096" >
  <allocated-bytes non-tlh="0" tlh="27259096" arrayletleaf="0"/>
  <largest-consumer threadName="main" threadId="000000000118C700" bytes="27259096" />
</allocation-stats>
<gc-op id="3590" type="copy forward" timems="1.164" contextid="3587" timestamp="2019-06-15T00:49:44.604">
  <memory-copied type="eden" objects="1" bytes="24" bytesdiscarded="0" />
  <memory-copied type="other" objects="48" bytes="41144" bytesdiscarded="0" />
  <memory-cardclean objects="91" bytes="2960" />
  <regions eden="26" other="1" />
  <remembered-set-cleared processed="71" cleared="1" durationms="0.116" />
  <stringconstants candidates="13683" cleared="0"  />
</gc-op>
<gc-op id="3591" type="classunload" timems="0.003" contextid="3587" timestamp="2019-06-15T00:49:44.604">
  <classunload-info classloadercandidates="53" classloadersunloaded="0" classesunloaded="0" anonymousclassesunloaded="0" quiescems="0.000" setupms="0.003" scanms="0.000" postms="0.000" />
</gc-op>
<gc-end id="3592" type="partial gc" contextid="3587" durationms="2.578" usertimems="4.000" systemtimems="0.000" timestamp="2019-06-15T00:49:44.604" activeThreads="1">
  <mem-info id="3593" free="48234496" total="83886080" percent="57">
    <mem type="eden" free="1048552" total="1048576" percent="99" />
    <remembered-set count="1696" freebytes="3341696" totalbytes="3348480" percent="99" regionsoverflowed="0" regionsstable="18" regionsrebuilding="0"/>
  </mem-info>
</gc-end>
<cycle-end id="3594" type="partial gc" contextid="3587" timestamp="2019-06-15T00:49:44.604" />
  <attribute name="elasticGC enabled" value="1" />
  <attribute name= "numThreadsSpecified" value="1" />
  <attribute name="heapSize specified" value="0" />
  <attribute name="Current GC Util" value="256" />
  <attribute name= "Current Time Running" value="21497" />
  <attribute name ="GC Interval" value="0" />
  <attribute name="ProportionalT" value="118.000000" />
  <attribute name="ProportionalI" value="118.000000" />
  <attribute name="ProportionalH" value="118.000000" />
  <attribute name="Current Error" value="236.000000" />
  <attribute name="IntegralT" value="0.000000" />
  <attribute name="IntegralI" value="0.000000" />
  <attribute name="IntegralH" value="0.000000" />
  <attribute name="DerivativeT" value="inf" />
  <attribute name="DerivativeI" value="inf" />
  <attribute name="DerivativeH" value="inf" />
  <attribute name="Loop Time for DT" value="0.000000" />
  <attribute name="Output H" value="8388608"/>
  <attribute name="Output I" value="200"/>
  <attribute name="Output T" value="1"/>
  <attribute name="Target GC Util Change" value ="20.000000" />
  <attribute name="Current GC Util Change" value="256.000000"/>
  <attribute name="GC Util currently" value="256" />
  <attribute name="CPU Util currently" value="11796554322424" />
<exclusive-end id="3595" timestamp="2019-06-15T00:49:44.605" durationms="3.717" />

<exclusive-start id="3596" timestamp="2019-06-15T00:49:44.623" intervalms="22.198">
  <response-info timems="0.069" idlems="0.069" threads="0" lastid="000000000118C700" lastname="main" />
</exclusive-start>
<allocation-taxation id="3597" taxation-threshold="27262976" timestamp="2019-06-15T00:49:44.623" intervalms="22.179" />
<cycle-start id="3598" type="partial gc" contextid="0" timestamp="2019-06-15T00:49:44.624" intervalms="22.186" />
<gc-start id="3599" type="partial gc" contextid="3598" timestamp="2019-06-15T00:49:44.624">
  <mem-info id="3600" free="20971520" total="83886080" percent="25">
    <mem type="eden" free="1048552" total="28311552" percent="3" />
    <remembered-set count="1248" freebytes="3343488" totalbytes="3348480" percent="99" regionsoverflowed="0" regionsstable="18" regionsrebuilding="0"/>
  </mem-info>
</gc-start>
<allocation-stats totalBytes="27259680" >
  <allocated-bytes non-tlh="0" tlh="27259680" arrayletleaf="0"/>
  <largest-consumer threadName="main" threadId="000000000118C700" bytes="27259680" />
</allocation-stats>
<gc-op id="3601" type="copy forward" timems="3.099" contextid="3598" timestamp="2019-06-15T00:49:44.628">
  <memory-copied type="eden" objects="44" bytes="1432" bytesdiscarded="0" />
  <memory-copied type="other" objects="0" bytes="0" bytesdiscarded="0" />
  <memory-cardclean objects="75" bytes="2216" />
  <regions eden="26" other="1" />
  <remembered-set-cleared processed="78" cleared="3" durationms="0.089" />
  <stringconstants candidates="13683" cleared="0"  />
</gc-op>
<gc-op id="3602" type="classunload" timems="0.003" contextid="3598" timestamp="2019-06-15T00:49:44.628">
  <classunload-info classloadercandidates="53" classloadersunloaded="0" classesunloaded="0" anonymousclassesunloaded="0" quiescems="0.000" setupms="0.003" scanms="0.000" postms="0.000" />
</gc-op>
<gc-end id="3603" type="partial gc" contextid="3598" durationms="4.258" usertimems="4.000" systemtimems="4.000" timestamp="2019-06-15T00:49:44.628" activeThreads="4">
  <mem-info id="3604" free="48234496" total="83886080" percent="57">
    <mem type="eden" free="1047144" total="1048576" percent="99" />
    <remembered-set count="1792" freebytes="3341312" totalbytes="3348480" percent="99" regionsoverflowed="0" regionsstable="18" regionsrebuilding="0"/>
  </mem-info>
</gc-end>
<cycle-end id="3605" type="partial gc" contextid="3598" timestamp="2019-06-15T00:49:44.628" />
  <attribute name="elasticGC enabled" value="1" />
  <attribute name= "numThreadsSpecified" value="4" />
  <attribute name="heapSize specified" value="0" />
  <attribute name="Current GC Util" value="278" />
  <attribute name= "Current Time Running" value="21520" />
  <attribute name ="GC Interval" value="0" />
  <attribute name="ProportionalT" value="129.000000" />
  <attribute name="ProportionalI" value="129.000000" />
  <attribute name="ProportionalH" value="129.000000" />
  <attribute name="Current Error" value="258.000000" />
  <attribute name="IntegralT" value="258.000000" />
  <attribute name="IntegralI" value="258.000000" />
  <attribute name="IntegralH" value="258.000000" />
  <attribute name="DerivativeT" value="129.000000" />
  <attribute name="DerivativeI" value="129.000000" />
  <attribute name="DerivativeH" value="129.000000" />
  <attribute name="Loop Time for DT" value="1.000000" />
  <attribute name="Output H" value="8388608"/>
  <attribute name="Output I" value="520"/>
  <attribute name="Output T" value="4"/>
  <attribute name="Target GC Util Change" value ="20.000000" />
  <attribute name="Current GC Util Change" value="278.000000"/>
  <attribute name="GC Util currently" value="278" />
  <attribute name="CPU Util currently" value="12554817991648" />
<exclusive-end id="3606" timestamp="2019-06-15T00:49:44.629" durationms="5.430" />

<exclusive-start id="3607" timestamp="2019-06-15T00:49:44.655" intervalms="32.220">
  <response-info timems="0.081" idlems="0.081" threads="0" lastid="000000000118C700" lastname="main" />
</exclusive-start>
<allocation-taxation id="3608" taxation-threshold="27262976" timestamp="2019-06-15T00:49:44.656" intervalms="32.232" />
<cycle-start id="3609" type="partial gc" contextid="0" timestamp="2019-06-15T00:49:44.656" intervalms="32.208" />
<gc-start id="3610" type="partial gc" contextid="3609" timestamp="2019-06-15T00:49:44.656">
  <mem-info id="3611" free="20971520" total="83886080" percent="25">
    <mem type="eden" free="0" total="27262976" percent="0" />
    <remembered-set count="1792" freebytes="3341312" totalbytes="3348480" percent="99" regionsoverflowed="0" regionsstable="18" regionsrebuilding="0"/>
  </mem-info>
</gc-start>
<allocation-stats totalBytes="27257744" >
  <allocated-bytes non-tlh="0" tlh="27257744" arrayletleaf="0"/>
  <largest-consumer threadName="main" threadId="000000000118C700" bytes="27257744" />
</allocation-stats>
<gc-op id="3612" type="copy forward" timems="2.952" contextid="3609" timestamp="2019-06-15T00:49:44.660">
  <memory-copied type="eden" objects="2" bytes="56" bytesdiscarded="0" />
  <memory-copied type="other" objects="43" bytes="1400" bytesdiscarded="0" />
  <memory-cardclean objects="65" bytes="2056" />
  <regions eden="26" other="1" />
  <remembered-set-cleared processed="76" cleared="1" durationms="0.083" />
  <stringconstants candidates="13683" cleared="0"  />
</gc-op>
<gc-op id="3613" type="classunload" timems="0.003" contextid="3609" timestamp="2019-06-15T00:49:44.660">
  <classunload-info classloadercandidates="53" classloadersunloaded="0" classesunloaded="0" anonymousclassesunloaded="0" quiescems="0.000" setupms="0.003" scanms="0.000" postms="0.000" />
</gc-op>
<heap-resize id="3614" type="expand" space="default" amount="8388608" count="1" timems="0.076" reason="excessive time being spent in gc" timestamp="2019-06-15T00:49:44.660" />
<gc-end id="3615" type="partial gc" contextid="3609" durationms="4.337" usertimems="8.000" systemtimems="0.000" timestamp="2019-06-15T00:49:44.660" activeThreads="4">
  <mem-info id="3616" free="55574528" total="92274688" percent="60">
    <mem type="eden" free="1048520" total="1048576" percent="99" />
    <remembered-set count="1280" freebytes="3678208" totalbytes="3683328" percent="99" regionsoverflowed="0" regionsstable="18" regionsrebuilding="0"/>
  </mem-info>
</gc-end>
<cycle-end id="3617" type="partial gc" contextid="3609" timestamp="2019-06-15T00:49:44.661" />
  <attribute name="elasticGC enabled" value="1" />
  <attribute name= "numThreadsSpecified" value="4" />
  <attribute name="heapSize specified" value="0" />
  <attribute name="Current GC Util" value="171" />
  <attribute name= "Current Time Running" value="21552" />
  <attribute name ="GC Interval" value="0" />
  <attribute name="ProportionalT" value="75.500000" />
  <attribute name="ProportionalI" value="75.500000" />
  <attribute name="ProportionalH" value="75.500000" />
  <attribute name="Current Error" value="151.000000" />
  <attribute name="IntegralT" value="151.000000" />
  <attribute name="IntegralI" value="151.000000" />
  <attribute name="IntegralH" value="151.000000" />
  <attribute name="DerivativeT" value="73.500000" />
  <attribute name="DerivativeI" value="73.500000" />
  <attribute name="DerivativeH" value="73.500000" />
  <attribute name="Loop Time for DT" value="1.000000" />
  <attribute name="Output H" value="8388608"/>
  <attribute name="Output I" value="304"/>
  <attribute name="Output T" value="4"/>
  <attribute name="Target GC Util Change" value ="20.000000" />
  <attribute name="Current GC Util Change" value="171.000000"/>
  <attribute name="GC Util currently" value="171" />
  <attribute name="CPU Util currently" value="13910270725072" />
<exclusive-end id="3618" timestamp="2019-06-15T00:49:44.661" durationms="5.510" />

<exclusive-start id="3619" timestamp="2019-06-15T00:49:44.684" intervalms="28.933">
  <response-info timems="0.087" idlems="0.087" threads="0" lastid="000000000118C700" lastname="main" />
</exclusive-start>
<allocation-taxation id="3620" taxation-threshold="29360128" timestamp="2019-06-15T00:49:44.684" intervalms="28.860" />
<cycle-start id="3621" type="partial gc" contextid="0" timestamp="2019-06-15T00:49:44.685" intervalms="28.853" />
<gc-start id="3622" type="partial gc" contextid="3621" timestamp="2019-06-15T00:49:44.685">
  <mem-info id="3623" free="26214400" total="92274688" percent="28">
    <mem type="eden" free="1048520" total="30408704" percent="3" />
    <remembered-set count="1280" freebytes="3678208" totalbytes="3683328" percent="99" regionsoverflowed="0" regionsstable="18" regionsrebuilding="0"/>
  </mem-info>
</gc-start>
<allocation-stats totalBytes="29349280" >
  <allocated-bytes non-tlh="0" tlh="29349280" arrayletleaf="0"/>
  <largest-consumer threadName="main" threadId="000000000118C700" bytes="29349280" />
</allocation-stats>
<gc-op id="3624" type="copy forward" timems="2.813" contextid="3621" timestamp="2019-06-15T00:49:44.689">
  <memory-copied type="eden" objects="38" bytes="1496" bytesdiscarded="1064" />
  <memory-copied type="other" objects="0" bytes="0" bytesdiscarded="0" />
  <memory-cardclean objects="111" bytes="3264" />
  <regions eden="28" other="1" />
  <remembered-set-cleared processed="82" cleared="6" durationms="0.091" />
  <stringconstants candidates="13683" cleared="0"  />
</gc-op>
<gc-op id="3625" type="classunload" timems="0.003" contextid="3621" timestamp="2019-06-15T00:49:44.689">
  <classunload-info classloadercandidates="53" classloadersunloaded="0" classesunloaded="0" anonymousclassesunloaded="0" quiescems="0.000" setupms="0.003" scanms="0.000" postms="0.000" />
</gc-op>
<gc-end id="3626" type="partial gc" contextid="3621" durationms="3.948" usertimems="8.000" systemtimems="0.000" timestamp="2019-06-15T00:49:44.689" activeThreads="4">
  <mem-info id="3627" free="55574528" total="92274688" percent="60">
    <mem type="eden" free="1046016" total="1048576" percent="99" />
    <remembered-set count="2336" freebytes="3673984" totalbytes="3683328" percent="99" regionsoverflowed="0" regionsstable="18" regionsrebuilding="0"/>
  </mem-info>
</gc-end>
<cycle-end id="3628" type="partial gc" contextid="3621" timestamp="2019-06-15T00:49:44.689" />
  <attribute name="elasticGC enabled" value="1" />
  <attribute name= "numThreadsSpecified" value="4" />
  <attribute name="heapSize specified" value="0" />
  <attribute name="Current GC Util" value="154" />
  <attribute name= "Current Time Running" value="21581" />
  <attribute name ="GC Interval" value="0" />
  <attribute name="ProportionalT" value="67.000000" />
  <attribute name="ProportionalI" value="67.000000" />
  <attribute name="ProportionalH" value="67.000000" />
  <attribute name="Current Error" value="134.000000" />
  <attribute name="IntegralT" value="134.000000" />
  <attribute name="IntegralI" value="134.000000" />
  <attribute name="IntegralH" value="134.000000" />
  <attribute name="DerivativeT" value="64.000000" />
  <attribute name="DerivativeI" value="64.000000" />
  <attribute name="DerivativeH" value="64.000000" />
  <attribute name="Loop Time for DT" value="1.000000" />
  <attribute name="Output H" value="8388608"/>
  <attribute name="Output I" value="272"/>
  <attribute name="Output T" value="4"/>
  <attribute name="Target GC Util Change" value ="20.000000" />
  <attribute name="Current GC Util Change" value="154.000000"/>
  <attribute name="GC Util currently" value="154" />
  <attribute name="CPU Util currently" value="13476777754065" />
<exclusive-end id="3629" timestamp="2019-06-15T00:49:44.689" durationms="5.014" />

<exclusive-start id="3630" timestamp="2019-06-15T00:49:44.724" intervalms="39.836">
  <response-info timems="0.079" idlems="0.079" threads="0" lastid="000000000118C700" lastname="main" />
</exclusive-start>
<allocation-taxation id="3631" taxation-threshold="29360128" timestamp="2019-06-15T00:49:44.724" intervalms="39.838" />
<cycle-start id="3632" type="partial gc" contextid="0" timestamp="2019-06-15T00:49:44.724" intervalms="39.844" />
<gc-start id="3633" type="partial gc" contextid="3632" timestamp="2019-06-15T00:49:44.725">
  <mem-info id="3634" free="26214400" total="92274688" percent="28">
    <mem type="eden" free="0" total="29360128" percent="0" />
    <remembered-set count="2336" freebytes="3673984" totalbytes="3683328" percent="99" regionsoverflowed="0" regionsstable="18" regionsrebuilding="0"/>
  </mem-info>
</gc-start>
<allocation-stats totalBytes="29350392" >
  <allocated-bytes non-tlh="0" tlh="29350392" arrayletleaf="0"/>
  <largest-consumer threadName="main" threadId="000000000118C700" bytes="29350392" />
</allocation-stats>
<gc-op id="3635" type="copy forward" timems="1.125" contextid="3632" timestamp="2019-06-15T00:49:44.727">
  <memory-copied type="eden" objects="30" bytes="912" bytesdiscarded="0" />
  <memory-copied type="other" objects="8" bytes="208" bytesdiscarded="0" />
  <memory-cardclean objects="108" bytes="3056" />
  <regions eden="28" other="1" />
  <remembered-set-cleared processed="79" cleared="3" durationms="0.121" />
  <stringconstants candidates="13683" cleared="0"  />
</gc-op>
<gc-op id="3636" type="classunload" timems="0.003" contextid="3632" timestamp="2019-06-15T00:49:44.727">
  <classunload-info classloadercandidates="53" classloadersunloaded="0" classesunloaded="0" anonymousclassesunloaded="0" quiescems="0.000" setupms="0.003" scanms="0.000" postms="0.000" />
</gc-op>
<heap-resize id="3637" type="expand" space="default" amount="2097152" count="1" timems="0.056" reason="excessive time being spent in gc" timestamp="2019-06-15T00:49:44.727" />
<gc-end id="3638" type="partial gc" contextid="3632" durationms="2.651" usertimems="4.000" systemtimems="0.000" timestamp="2019-06-15T00:49:44.727" activeThreads="1">
  <mem-info id="3639" free="56623104" total="94371840" percent="60">
    <mem type="eden" free="1047664" total="1048576" percent="99" />
    <remembered-set count="2752" freebytes="3756032" totalbytes="3767040" percent="99" regionsoverflowed="0" regionsstable="18" regionsrebuilding="0"/>
  </mem-info>
</gc-end>
<cycle-end id="3640" type="partial gc" contextid="3632" timestamp="2019-06-15T00:49:44.728" />
  <attribute name="elasticGC enabled" value="1" />
  <attribute name= "numThreadsSpecified" value="1" />
  <attribute name="heapSize specified" value="0" />
  <attribute name="Current GC Util" value="208" />
  <attribute name= "Current Time Running" value="21620" />
  <attribute name ="GC Interval" value="0" />
  <attribute name="ProportionalT" value="94.000000" />
  <attribute name="ProportionalI" value="94.000000" />
  <attribute name="ProportionalH" value="94.000000" />
  <attribute name="Current Error" value="188.000000" />
  <attribute name="IntegralT" value="0.000000" />
  <attribute name="IntegralI" value="0.000000" />
  <attribute name="IntegralH" value="0.000000" />
  <attribute name="DerivativeT" value="inf" />
  <attribute name="DerivativeI" value="inf" />
  <attribute name="DerivativeH" value="inf" />
  <attribute name="Loop Time for DT" value="0.000000" />
  <attribute name="Output H" value="8388608"/>
  <attribute name="Output I" value="200"/>
  <attribute name="Output T" value="1"/>
  <attribute name="Target GC Util Change" value ="20.000000" />
  <attribute name="Current GC Util Change" value="208.000000"/>
  <attribute name="GC Util currently" value="208" />
  <attribute name="CPU Util currently" value="12474737648446" />
<exclusive-end id="3641" timestamp="2019-06-15T00:49:44.728" durationms="3.734" />

<exclusive-start id="3642" timestamp="2019-06-15T00:49:44.781" intervalms="57.092">
  <response-info timems="0.083" idlems="0.083" threads="0" lastid="000000000118C700" lastname="main" />
</exclusive-start>
<allocation-taxation id="3643" taxation-threshold="30408704" timestamp="2019-06-15T00:49:44.781" intervalms="57.173" />
<cycle-start id="3644" type="partial gc" contextid="0" timestamp="2019-06-15T00:49:44.782" intervalms="57.172" />
<gc-start id="3645" type="partial gc" contextid="3644" timestamp="2019-06-15T00:49:44.782">
  <mem-info id="3646" free="26214400" total="94371840" percent="27">
    <mem type="eden" free="0" total="30408704" percent="0" />
    <remembered-set count="2336" freebytes="3757696" totalbytes="3767040" percent="99" regionsoverflowed="0" regionsstable="18" regionsrebuilding="0"/>
  </mem-info>
</gc-start>
<allocation-stats totalBytes="30406016" >
  <allocated-bytes non-tlh="0" tlh="30406016" arrayletleaf="0"/>
  <largest-consumer threadName="main" threadId="000000000118C700" bytes="30406016" />
</allocation-stats>
<gc-op id="3647" type="copy forward" timems="3.804" contextid="3644" timestamp="2019-06-15T00:49:44.787">
  <memory-copied type="eden" objects="27" bytes="840" bytesdiscarded="0" />
  <memory-copied type="other" objects="6" bytes="136" bytesdiscarded="0" />
  <memory-cardclean objects="80" bytes="2184" />
  <regions eden="29" other="1" />
  <remembered-set-cleared processed="84" cleared="4" durationms="0.088" />
  <stringconstants candidates="13683" cleared="0"  />
</gc-op>
<gc-op id="3648" type="classunload" timems="0.004" contextid="3644" timestamp="2019-06-15T00:49:44.787">
  <classunload-info classloadercandidates="53" classloadersunloaded="0" classesunloaded="0" anonymousclassesunloaded="0" quiescems="0.000" setupms="0.004" scanms="0.000" postms="0.000" />
</gc-op>
<gc-end id="3649" type="partial gc" contextid="3644" durationms="5.040" usertimems="12.000" systemtimems="0.000" timestamp="2019-06-15T00:49:44.787" activeThreads="4">
  <mem-info id="3650" free="55574528" total="94371840" percent="58">
    <mem type="eden" free="1047736" total="1048576" percent="99" />
    <remembered-set count="1344" freebytes="3761664" totalbytes="3767040" percent="99" regionsoverflowed="0" regionsstable="18" regionsrebuilding="0"/>
  </mem-info>
</gc-end>
<cycle-end id="3651" type="partial gc" contextid="3644" timestamp="2019-06-15T00:49:44.787" />
  <attribute name="elasticGC enabled" value="1" />
  <attribute name= "numThreadsSpecified" value="4" />
  <attribute name="heapSize specified" value="0" />
  <attribute name="Current GC Util" value="270" />
  <attribute name= "Current Time Running" value="21678" />
  <attribute name ="GC Interval" value="0" />
  <attribute name="ProportionalT" value="125.000000" />
  <attribute name="ProportionalI" value="125.000000" />
  <attribute name="ProportionalH" value="125.000000" />
  <attribute name="Current Error" value="250.000000" />
  <attribute name="IntegralT" value="250.000000" />
  <attribute name="IntegralI" value="250.000000" />
  <attribute name="IntegralH" value="250.000000" />
  <attribute name="DerivativeT" value="125.000000" />
  <attribute name="DerivativeI" value="125.000000" />
  <attribute name="DerivativeH" value="125.000000" />
  <attribute name="Loop Time for DT" value="1.000000" />
  <attribute name="Output H" value="8388608"/>
  <attribute name="Output I" value="504"/>
  <attribute name="Output T" value="4"/>
  <attribute name="Target GC Util Change" value ="20.000000" />
  <attribute name="Current GC Util Change" value="270.000000"/>
  <attribute name="GC Util currently" value="270" />
  <attribute name="CPU Util currently" value="12566757853476" />
<exclusive-end id="3652" timestamp="2019-06-15T00:49:44.787" durationms="6.294" />

<exclusive-start id="3653" timestamp="2019-06-15T00:49:44.825" intervalms="44.271">
  <response-info timems="0.079" idlems="0.079" threads="0" lastid="000000000118C700" lastname="main" />
</exclusive-start>
<allocation-taxation id="3654" taxation-threshold="30408704" timestamp="2019-06-15T00:49:44.826" intervalms="44.265" />
<cycle-start id="3655" type="partial gc" contextid="0" timestamp="2019-06-15T00:49:44.826" intervalms="44.251" />
<gc-start id="3656" type="partial gc" contextid="3655" timestamp="2019-06-15T00:49:44.826">
  <mem-info id="3657" free="25165824" total="94371840" percent="26">
    <mem type="eden" free="0" total="30408704" percent="0" />
    <remembered-set count="1344" freebytes="3761664" totalbytes="3767040" percent="99" regionsoverflowed="0" regionsstable="18" regionsrebuilding="0"/>
  </mem-info>
</gc-start>
<allocation-stats totalBytes="30404536" >
  <allocated-bytes non-tlh="0" tlh="30404536" arrayletleaf="0"/>
  <largest-consumer threadName="main" threadId="000000000118C700" bytes="30404536" />
</allocation-stats>
<gc-op id="3658" type="copy forward" timems="1.092" contextid="3655" timestamp="2019-06-15T00:49:44.828">
  <memory-copied type="eden" objects="30" bytes="912" bytesdiscarded="0" />
  <memory-copied type="other" objects="6" bytes="136" bytesdiscarded="0" />
  <memory-cardclean objects="66" bytes="1808" />
  <regions eden="29" other="1" />
  <remembered-set-cleared processed="86" cleared="2" durationms="0.126" />
  <stringconstants candidates="13683" cleared="0"  />
</gc-op>
<gc-op id="3659" type="classunload" timems="0.004" contextid="3655" timestamp="2019-06-15T00:49:44.828">
  <classunload-info classloadercandidates="53" classloadersunloaded="0" classesunloaded="0" anonymousclassesunloaded="0" quiescems="0.000" setupms="0.004" scanms="0.000" postms="0.000" />
</gc-op>
<gc-end id="3660" type="partial gc" contextid="3655" durationms="2.397" usertimems="0.000" systemtimems="4.000" timestamp="2019-06-15T00:49:44.829" activeThreads="1">
  <mem-info id="3661" free="54525952" total="94371840" percent="57">
    <mem type="eden" free="1047664" total="1048576" percent="99" />
    <remembered-set count="1856" freebytes="3759616" totalbytes="3767040" percent="99" regionsoverflowed="0" regionsstable="18" regionsrebuilding="0"/>
  </mem-info>
</gc-end>
<cycle-end id="3662" type="partial gc" contextid="3655" timestamp="2019-06-15T00:49:44.829" />
  <attribute name="elasticGC enabled" value="1" />
  <attribute name= "numThreadsSpecified" value="1" />
  <attribute name="heapSize specified" value="0" />
  <attribute name="Current GC Util" value="159" />
  <attribute name= "Current Time Running" value="21722" />
  <attribute name ="GC Interval" value="0" />
  <attribute name="ProportionalT" value="69.500000" />
  <attribute name="ProportionalI" value="69.500000" />
  <attribute name="ProportionalH" value="69.500000" />
  <attribute name="Current Error" value="139.000000" />
  <attribute name="IntegralT" value="0.000000" />
  <attribute name="IntegralI" value="0.000000" />
  <attribute name="IntegralH" value="0.000000" />
  <attribute name="DerivativeT" value="inf" />
  <attribute name="DerivativeI" value="inf" />
  <attribute name="DerivativeH" value="inf" />
  <attribute name="Loop Time for DT" value="0.000000" />
  <attribute name="Output H" value="8388608"/>
  <attribute name="Output I" value="200"/>
  <attribute name="Output T" value="1"/>
  <attribute name="Target GC Util Change" value ="20.000000" />
  <attribute name="Current GC Util Change" value="159.000000"/>
  <attribute name="GC Util currently" value="159" />
  <attribute name="CPU Util currently" value="13260277883919" />
<exclusive-end id="3663" timestamp="2019-06-15T00:49:44.829" durationms="3.643" />

<exclusive-start id="3664" timestamp="2019-06-15T00:49:44.865" intervalms="39.915">
  <response-info timems="0.083" idlems="0.083" threads="0" lastid="000000000118C700" lastname="main" />
</exclusive-start>
<allocation-taxation id="3665" taxation-threshold="30408704" timestamp="2019-06-15T00:49:44.866" intervalms="39.908" />
<cycle-start id="3666" type="partial gc" contextid="0" timestamp="2019-06-15T00:49:44.866" intervalms="39.954" />
<gc-start id="3667" type="partial gc" contextid="3666" timestamp="2019-06-15T00:49:44.866">
  <mem-info id="3668" free="24117248" total="94371840" percent="25">
    <mem type="eden" free="0" total="30408704" percent="0" />
    <remembered-set count="1440" freebytes="3761280" totalbytes="3767040" percent="99" regionsoverflowed="0" regionsstable="18" regionsrebuilding="0"/>
  </mem-info>
</gc-start>
<allocation-stats totalBytes="30404760" >
  <allocated-bytes non-tlh="0" tlh="30404760" arrayletleaf="0"/>
  <largest-consumer threadName="main" threadId="000000000118C700" bytes="30404760" />
</allocation-stats>
<gc-op id="3669" type="copy forward" timems="1.066" contextid="3666" timestamp="2019-06-15T00:49:44.868">
  <memory-copied type="eden" objects="5" bytes="128" bytesdiscarded="0" />
  <memory-copied type="other" objects="23" bytes="744" bytesdiscarded="0" />
  <memory-cardclean objects="53" bytes="1600" />
  <regions eden="29" other="1" />
  <remembered-set-cleared processed="88" cleared="4" durationms="0.128" />
  <stringconstants candidates="13683" cleared="0"  />
</gc-op>
<gc-op id="3670" type="classunload" timems="0.004" contextid="3666" timestamp="2019-06-15T00:49:44.868">
  <classunload-info classloadercandidates="53" classloadersunloaded="0" classesunloaded="0" anonymousclassesunloaded="0" quiescems="0.000" setupms="0.004" scanms="0.000" postms="0.000" />
</gc-op>
<gc-end id="3671" type="partial gc" contextid="3666" durationms="2.363" usertimems="0.000" systemtimems="4.000" timestamp="2019-06-15T00:49:44.868" activeThreads="1">
  <mem-info id="3672" free="53477376" total="94371840" percent="56">
    <mem type="eden" free="1048448" total="1048576" percent="99" />
    <remembered-set count="1856" freebytes="3759616" totalbytes="3767040" percent="99" regionsoverflowed="0" regionsstable="18" regionsrebuilding="0"/>
  </mem-info>
</gc-end>
<cycle-end id="3673" type="partial gc" contextid="3666" timestamp="2019-06-15T00:49:44.869" />
  <attribute name="elasticGC enabled" value="1" />
  <attribute name= "numThreadsSpecified" value="1" />
  <attribute name="heapSize specified" value="0" />
  <attribute name="Current GC Util" value="274" />
  <attribute name= "Current Time Running" value="21762" />
  <attribute name ="GC Interval" value="0" />
  <attribute name="ProportionalT" value="127.000000" />
  <attribute name="ProportionalI" value="127.000000" />
  <attribute name="ProportionalH" value="127.000000" />
  <attribute name="Current Error" value="254.000000" />
  <attribute name="IntegralT" value="0.000000" />
  <attribute name="IntegralI" value="0.000000" />
  <attribute name="IntegralH" value="0.000000" />
  <attribute name="DerivativeT" value="inf" />
  <attribute name="DerivativeI" value="inf" />
  <attribute name="DerivativeH" value="inf" />
  <attribute name="Loop Time for DT" value="0.000000" />
  <attribute name="Output H" value="8388608"/>
  <attribute name="Output I" value="200"/>
  <attribute name="Output T" value="1"/>
  <attribute name="Target GC Util Change" value ="20.000000" />
  <attribute name="Current GC Util Change" value="274.000000"/>
  <attribute name="GC Util currently" value="274" />
  <attribute name="CPU Util currently" value="13734084896702" />
<exclusive-end id="3674" timestamp="2019-06-15T00:49:44.869" durationms="3.550" />

<exclusive-start id="3675" timestamp="2019-06-15T00:49:44.889" intervalms="23.440">
  <response-info timems="0.089" idlems="0.089" threads="0" lastid="000000000118C700" lastname="main" />
</exclusive-start>
<allocation-taxation id="3676" taxation-threshold="30408704" timestamp="2019-06-15T00:49:44.889" intervalms="23.416" />
<cycle-start id="3677" type="partial gc" contextid="0" timestamp="2019-06-15T00:49:44.889" intervalms="23.417" />
<gc-start id="3678" type="partial gc" contextid="3677" timestamp="2019-06-15T00:49:44.890">
  <mem-info id="3679" free="23068672" total="94371840" percent="24">
    <mem type="eden" free="1048448" total="31457280" percent="3" />
    <remembered-set count="1472" freebytes="3761152" totalbytes="3767040" percent="99" regionsoverflowed="0" regionsstable="18" regionsrebuilding="0"/>
  </mem-info>
</gc-start>
<allocation-stats totalBytes="30406840" >
  <allocated-bytes non-tlh="0" tlh="30406840" arrayletleaf="0"/>
  <largest-consumer threadName="main" threadId="000000000118C700" bytes="30406840" />
</allocation-stats>
<gc-op id="3680" type="copy forward" timems="1.072" contextid="3677" timestamp="2019-06-15T00:49:44.891">
  <memory-copied type="eden" objects="22" bytes="696" bytesdiscarded="0" />
  <memory-copied type="other" objects="0" bytes="0" bytesdiscarded="0" />
  <memory-cardclean objects="88" bytes="2528" />
  <regions eden="29" other="1" />
  <remembered-set-cleared processed="93" cleared="5" durationms="0.126" />
  <stringconstants candidates="13683" cleared="0"  />
</gc-op>
<gc-op id="3681" type="classunload" timems="0.003" contextid="3677" timestamp="2019-06-15T00:49:44.892">
  <classunload-info classloadercandidates="53" classloadersunloaded="0" classesunloaded="0" anonymousclassesunloaded="0" quiescems="0.000" setupms="0.003" scanms="0.000" postms="0.000" />
</gc-op>
<gc-end id="3682" type="partial gc" contextid="3677" durationms="2.306" usertimems="4.000" systemtimems="0.000" timestamp="2019-06-15T00:49:44.892" activeThreads="1">
  <mem-info id="3683" free="53477376" total="94371840" percent="56">
    <mem type="eden" free="1047880" total="1048576" percent="99" />
    <remembered-set count="1952" freebytes="3759232" totalbytes="3767040" percent="99" regionsoverflowed="0" regionsstable="18" regionsrebuilding="0"/>
  </mem-info>
</gc-end>
<cycle-end id="3684" type="partial gc" contextid="3677" timestamp="2019-06-15T00:49:44.892" />
  <attribute name="elasticGC enabled" value="1" />
  <attribute name= "numThreadsSpecified" value="1" />
  <attribute name="heapSize specified" value="0" />
  <attribute name="Current GC Util" value="279" />
  <attribute name= "Current Time Running" value="21785" />
  <attribute name ="GC Interval" value="0" />
  <attribute name="ProportionalT" value="129.500000" />
  <attribute name="ProportionalI" value="129.500000" />
  <attribute name="ProportionalH" value="129.500000" />
  <attribute name="Current Error" value="259.000000" />
  <attribute name="IntegralT" value="0.000000" />
  <attribute name="IntegralI" value="0.000000" />
  <attribute name="IntegralH" value="0.000000" />
  <attribute name="DerivativeT" value="inf" />
  <attribute name="DerivativeI" value="inf" />
  <attribute name="DerivativeH" value="inf" />
  <attribute name="Loop Time for DT" value="0.000000" />
  <attribute name="Output H" value="8388608"/>
  <attribute name="Output I" value="200"/>
  <attribute name="Output T" value="1"/>
  <attribute name="Target GC Util Change" value ="20.000000" />
  <attribute name="Current GC Util Change" value="279.000000"/>
  <attribute name="GC Util currently" value="279" />
  <attribute name="CPU Util currently" value="13844333592161" />
<exclusive-end id="3685" timestamp="2019-06-15T00:49:44.892" durationms="3.506" />

<exclusive-start id="3686" timestamp="2019-06-15T00:49:44.963" intervalms="73.829">
  <response-info timems="0.083" idlems="0.083" threads="0" lastid="000000000118C700" lastname="main" />
</exclusive-start>
<allocation-taxation id="3687" taxation-threshold="30408704" timestamp="2019-06-15T00:49:44.963" intervalms="73.843" />
<cycle-start id="3688" type="partial gc" contextid="0" timestamp="2019-06-15T00:49:44.963" intervalms="73.835" />
<gc-start id="3689" type="partial gc" contextid="3688" timestamp="2019-06-15T00:49:44.963">
  <mem-info id="3690" free="23068672" total="94371840" percent="24">
    <mem type="eden" free="0" total="30408704" percent="0" />
    <remembered-set count="1472" freebytes="3761152" totalbytes="3767040" percent="99" regionsoverflowed="0" regionsstable="18" regionsrebuilding="0"/>
  </mem-info>
</gc-start>
<allocation-stats totalBytes="30406984" >
  <allocated-bytes non-tlh="0" tlh="30406984" arrayletleaf="0"/>
  <largest-consumer threadName="main" threadId="000000000118C700" bytes="30406984" />
</allocation-stats>
<gc-op id="3691" type="copy forward" timems="1.028" contextid="3688" timestamp="2019-06-15T00:49:44.965">
  <memory-copied type="eden" objects="25" bytes="736" bytesdiscarded="0" />
  <memory-copied type="other" objects="7" bytes="160" bytesdiscarded="0" />
  <memory-cardclean objects="80" bytes="2312" />
  <regions eden="29" other="1" />
  <remembered-set-cleared processed="90" cleared="2" durationms="0.126" />
  <stringconstants candidates="13683" cleared="0"  />
</gc-op>
<gc-op id="3692" type="classunload" timems="0.004" contextid="3688" timestamp="2019-06-15T00:49:44.965">
  <classunload-info classloadercandidates="53" classloadersunloaded="0" classesunloaded="0" anonymousclassesunloaded="0" quiescems="0.000" setupms="0.004" scanms="0.000" postms="0.000" />
</gc-op>
<gc-end id="3693" type="partial gc" contextid="3688" durationms="2.247" usertimems="4.000" systemtimems="0.000" timestamp="2019-06-15T00:49:44.966" activeThreads="1">
  <mem-info id="3694" free="52428800" total="94371840" percent="55">
    <mem type="eden" free="1047840" total="1048576" percent="99" />
    <remembered-set count="1952" freebytes="3759232" totalbytes="3767040" percent="99" regionsoverflowed="0" regionsstable="18" regionsrebuilding="0"/>
  </mem-info>
</gc-end>
<cycle-end id="3695" type="partial gc" contextid="3688" timestamp="2019-06-15T00:49:44.966" />
  <attribute name="elasticGC enabled" value="1" />
  <attribute name= "numThreadsSpecified" value="1" />
  <attribute name="heapSize specified" value="0" />
  <attribute name="Current GC Util" value="303" />
  <attribute name= "Current Time Running" value="21859" />
  <attribute name ="GC Interval" value="0" />
  <attribute name="ProportionalT" value="141.500000" />
  <attribute name="ProportionalI" value="141.500000" />
  <attribute name="ProportionalH" value="141.500000" />
  <attribute name="Current Error" value="283.000000" />
  <attribute name="IntegralT" value="0.000000" />
  <attribute name="IntegralI" value="0.000000" />
  <attribute name="IntegralH" value="0.000000" />
  <attribute name="DerivativeT" value="inf" />
  <attribute name="DerivativeI" value="inf" />
  <attribute name="DerivativeH" value="inf" />
  <attribute name="Loop Time for DT" value="0.000000" />
  <attribute name="Output H" value="8388608"/>
  <attribute name="Output I" value="200"/>
  <attribute name="Output T" value="1"/>
  <attribute name="Target GC Util Change" value ="20.000000" />
  <attribute name="Current GC Util Change" value="303.000000"/>
  <attribute name="GC Util currently" value="303" />
  <attribute name="CPU Util currently" value="13893214885963" />
<exclusive-end id="3696" timestamp="2019-06-15T00:49:44.966" durationms="3.389" />

<exclusive-start id="3697" timestamp="2019-06-15T00:49:45.049" intervalms="86.449">
  <response-info timems="0.065" idlems="0.065" threads="0" lastid="000000000118C700" lastname="main" />
</exclusive-start>
<allocation-taxation id="3698" taxation-threshold="30408704" timestamp="2019-06-15T00:49:45.049" intervalms="86.420" />
<cycle-start id="3699" type="partial gc" contextid="0" timestamp="2019-06-15T00:49:45.049" intervalms="86.397" />
<gc-start id="3700" type="partial gc" contextid="3699" timestamp="2019-06-15T00:49:45.050">
  <mem-info id="3701" free="22020096" total="94371840" percent="23">
    <mem type="eden" free="0" total="30408704" percent="0" />
    <remembered-set count="1504" freebytes="3761024" totalbytes="3767040" percent="99" regionsoverflowed="0" regionsstable="18" regionsrebuilding="0"/>
  </mem-info>
</gc-start>
<allocation-stats totalBytes="30406848" >
  <allocated-bytes non-tlh="0" tlh="30406848" arrayletleaf="0"/>
  <largest-consumer threadName="main" threadId="000000000118C700" bytes="30406848" />
</allocation-stats>
<gc-op id="3702" type="copy forward" timems="2.689" contextid="3699" timestamp="2019-06-15T00:49:45.053">
  <memory-copied type="eden" objects="39" bytes="1056" bytesdiscarded="0" />
  <memory-copied type="other" objects="12" bytes="272" bytesdiscarded="0" />
  <memory-cardclean objects="96" bytes="2576" />
  <regions eden="29" other="1" />
  <remembered-set-cleared processed="94" cleared="4" durationms="0.097" />
  <stringconstants candidates="13683" cleared="0"  />
</gc-op>
<gc-op id="3703" type="classunload" timems="0.003" contextid="3699" timestamp="2019-06-15T00:49:45.053">
  <classunload-info classloadercandidates="53" classloadersunloaded="0" classesunloaded="0" anonymousclassesunloaded="0" quiescems="0.000" setupms="0.003" scanms="0.000" postms="0.000" />
</gc-op>
<gc-end id="3704" type="partial gc" contextid="3699" durationms="3.918" usertimems="8.000" systemtimems="0.000" timestamp="2019-06-15T00:49:45.054" activeThreads="4">
  <mem-info id="3705" free="51380224" total="94371840" percent="54">
    <mem type="eden" free="1047520" total="1048576" percent="99" />
    <remembered-set count="2080" freebytes="3758720" totalbytes="3767040" percent="99" regionsoverflowed="0" regionsstable="18" regionsrebuilding="0"/>
  </mem-info>
</gc-end>
<cycle-end id="3706" type="partial gc" contextid="3699" timestamp="2019-06-15T00:49:45.054" />
  <attribute name="elasticGC enabled" value="1" />
  <attribute name= "numThreadsSpecified" value="4" />
  <attribute name="heapSize specified" value="0" />
  <attribute name="Current GC Util" value="279" />
  <attribute name= "Current Time Running" value="21946" />
  <attribute name ="GC Interval" value="0" />
  <attribute name="ProportionalT" value="129.500000" />
  <attribute name="ProportionalI" value="129.500000" />
  <attribute name="ProportionalH" value="129.500000" />
  <attribute name="Current Error" value="259.000000" />
  <attribute name="IntegralT" value="259.000000" />
  <attribute name="IntegralI" value="259.000000" />
  <attribute name="IntegralH" value="259.000000" />
  <attribute name="DerivativeT" value="129.500000" />
  <attribute name="DerivativeI" value="129.500000" />
  <attribute name="DerivativeH" value="129.500000" />
  <attribute name="Loop Time for DT" value="1.000000" />
  <attribute name="Output H" value="8388608"/>
  <attribute name="Output I" value="520"/>
  <attribute name="Output T" value="4"/>
  <attribute name="Target GC Util Change" value ="20.000000" />
  <attribute name="Current GC Util Change" value="279.000000"/>
  <attribute name="GC Util currently" value="279" />
  <attribute name="CPU Util currently" value="12472004940322" />
<exclusive-end id="3707" timestamp="2019-06-15T00:49:45.054" durationms="4.906" />

<exclusive-start id="3708" timestamp="2019-06-15T00:49:45.067" intervalms="17.600">
  <response-info timems="0.069" idlems="0.069" threads="0" lastid="000000000118C700" lastname="main" />
</exclusive-start>
<allocation-taxation id="3709" taxation-threshold="30408704" timestamp="2019-06-15T00:49:45.067" intervalms="17.582" />
<cycle-start id="3710" type="partial gc" contextid="0" timestamp="2019-06-15T00:49:45.067" intervalms="17.585" />
<gc-start id="3711" type="partial gc" contextid="3710" timestamp="2019-06-15T00:49:45.067">
  <mem-info id="3712" free="20971520" total="94371840" percent="22">
    <mem type="eden" free="0" total="30408704" percent="0" />
    <remembered-set count="2080" freebytes="3758720" totalbytes="3767040" percent="99" regionsoverflowed="0" regionsstable="18" regionsrebuilding="0"/>
  </mem-info>
</gc-start>
<allocation-stats totalBytes="30406328" >
  <allocated-bytes non-tlh="0" tlh="30406328" arrayletleaf="0"/>
  <largest-consumer threadName="main" threadId="000000000118C700" bytes="30406328" />
</allocation-stats>
<gc-op id="3713" type="copy forward" timems="1.047" contextid="3710" timestamp="2019-06-15T00:49:45.069">
  <memory-copied type="eden" objects="5" bytes="112" bytesdiscarded="0" />
  <memory-copied type="other" objects="35" bytes="960" bytesdiscarded="0" />
  <memory-cardclean objects="48" bytes="1488" />
  <regions eden="29" other="1" />
  <remembered-set-cleared processed="96" cleared="0" durationms="0.132" />
  <stringconstants candidates="13683" cleared="0"  />
</gc-op>
<gc-op id="3714" type="classunload" timems="0.004" contextid="3710" timestamp="2019-06-15T00:49:45.069">
  <classunload-info classloadercandidates="53" classloadersunloaded="0" classesunloaded="0" anonymousclassesunloaded="0" quiescems="0.000" setupms="0.004" scanms="0.000" postms="0.000" />
</gc-op>
<gc-end id="3715" type="partial gc" contextid="3710" durationms="2.230" usertimems="0.000" systemtimems="4.000" timestamp="2019-06-15T00:49:45.070" activeThreads="1">
  <mem-info id="3716" free="50331648" total="94371840" percent="53">
    <mem type="eden" free="1048464" total="1048576" percent="99" />
    <remembered-set count="2528" freebytes="3756928" totalbytes="3767040" percent="99" regionsoverflowed="0" regionsstable="18" regionsrebuilding="0"/>
  </mem-info>
</gc-end>
<cycle-end id="3717" type="partial gc" contextid="3710" timestamp="2019-06-15T00:49:45.070" />
  <attribute name="elasticGC enabled" value="1" />
  <attribute name= "numThreadsSpecified" value="1" />
  <attribute name="heapSize specified" value="0" />
  <attribute name="Current GC Util" value="161" />
  <attribute name= "Current Time Running" value="21963" />
  <attribute name ="GC Interval" value="0" />
  <attribute name="ProportionalT" value="70.500000" />
  <attribute name="ProportionalI" value="70.500000" />
  <attribute name="ProportionalH" value="70.500000" />
  <attribute name="Current Error" value="141.000000" />
  <attribute name="IntegralT" value="0.000000" />
  <attribute name="IntegralI" value="0.000000" />
  <attribute name="IntegralH" value="0.000000" />
  <attribute name="DerivativeT" value="inf" />
  <attribute name="DerivativeI" value="inf" />
  <attribute name="DerivativeH" value="inf" />
  <attribute name="Loop Time for DT" value="0.000000" />
  <attribute name="Output H" value="8388608"/>
  <attribute name="Output I" value="200"/>
  <attribute name="Output T" value="1"/>
  <attribute name="Target GC Util Change" value ="20.000000" />
  <attribute name="Current GC Util Change" value="161.000000"/>
  <attribute name="GC Util currently" value="161" />
  <attribute name="CPU Util currently" value="13998943519462" />
<exclusive-end id="3718" timestamp="2019-06-15T00:49:45.070" durationms="3.312" />

<exclusive-start id="3719" timestamp="2019-06-15T00:49:45.102" intervalms="35.598">
  <response-info timems="0.081" idlems="0.081" threads="0" lastid="000000000118C700" lastname="main" />
</exclusive-start>
<allocation-taxation id="3720" taxation-threshold="30408704" timestamp="2019-06-15T00:49:45.102" intervalms="35.593" />
<cycle-start id="3721" type="partial gc" contextid="0" timestamp="2019-06-15T00:49:45.103" intervalms="35.638" />
<gc-start id="3722" type="partial gc" contextid="3721" timestamp="2019-06-15T00:49:45.103">
  <mem-info id="3723" free="19922944" total="94371840" percent="21">
    <mem type="eden" free="1048464" total="31457280" percent="3" />
    <remembered-set count="2080" freebytes="3758720" totalbytes="3767040" percent="99" regionsoverflowed="0" regionsstable="18" regionsrebuilding="0"/>
  </mem-info>
</gc-start>
<allocation-stats totalBytes="30406440" >
  <allocated-bytes non-tlh="0" tlh="30406440" arrayletleaf="0"/>
  <largest-consumer threadName="main" threadId="000000000118C700" bytes="30406440" />
</allocation-stats>
<gc-op id="3724" type="copy forward" timems="3.032" contextid="3721" timestamp="2019-06-15T00:49:45.107">
  <memory-copied type="eden" objects="32" bytes="952" bytesdiscarded="608" />
  <memory-copied type="other" objects="0" bytes="0" bytesdiscarded="0" />
  <memory-cardclean objects="77" bytes="2248" />
  <regions eden="29" other="1" />
  <remembered-set-cleared processed="100" cleared="3" durationms="0.100" />
  <stringconstants candidates="13683" cleared="0"  />
</gc-op>
<gc-op id="3725" type="classunload" timems="0.016" contextid="3721" timestamp="2019-06-15T00:49:45.107">
  <classunload-info classloadercandidates="53" classloadersunloaded="0" classesunloaded="0" anonymousclassesunloaded="0" quiescems="0.000" setupms="0.016" scanms="0.000" postms="0.000" />
</gc-op>
<gc-end id="3726" type="partial gc" contextid="3721" durationms="4.231" usertimems="8.000" systemtimems="0.000" timestamp="2019-06-15T00:49:45.107" activeThreads="4">
  <mem-info id="3727" free="50331648" total="94371840" percent="53">
    <mem type="eden" free="1047016" total="1048576" percent="99" />
    <remembered-set count="2752" freebytes="3756032" totalbytes="3767040" percent="99" regionsoverflowed="0" regionsstable="18" regionsrebuilding="0"/>
  </mem-info>
</gc-end>
<cycle-end id="3728" type="partial gc" contextid="3721" timestamp="2019-06-15T00:49:45.107" />
  <attribute name="elasticGC enabled" value="1" />
  <attribute name= "numThreadsSpecified" value="4" />
  <attribute name="heapSize specified" value="0" />
  <attribute name="Current GC Util" value="288" />
  <attribute name= "Current Time Running" value="21999" />
  <attribute name ="GC Interval" value="0" />
  <attribute name="ProportionalT" value="134.000000" />
  <attribute name="ProportionalI" value="134.000000" />
  <attribute name="ProportionalH" value="134.000000" />
  <attribute name="Current Error" value="268.000000" />
  <attribute name="IntegralT" value="268.000000" />
  <attribute name="IntegralI" value="268.000000" />
  <attribute name="IntegralH" value="268.000000" />
  <attribute name="DerivativeT" value="134.000000" />
  <attribute name="DerivativeI" value="134.000000" />
  <attribute name="DerivativeH" value="134.000000" />
  <attribute name="Loop Time for DT" value="1.000000" />
  <attribute name="Output H" value="8388608"/>
  <attribute name="Output I" value="536"/>
  <attribute name="Output T" value="4"/>
  <attribute name="Target GC Util Change" value ="20.000000" />
  <attribute name="Current GC Util Change" value="288.000000"/>
  <attribute name="GC Util currently" value="288" />
  <attribute name="CPU Util currently" value="11881409589993" />
<exclusive-end id="3729" timestamp="2019-06-15T00:49:45.108" durationms="5.339" />

<exclusive-start id="3730" timestamp="2019-06-15T00:49:45.144" intervalms="42.160">
  <response-info timems="0.081" idlems="0.081" threads="0" lastid="000000000118C700" lastname="main" />
</exclusive-start>
<allocation-taxation id="3731" taxation-threshold="30408704" timestamp="2019-06-15T00:49:45.145" intervalms="42.233" />
<cycle-start id="3732" type="partial gc" contextid="0" timestamp="2019-06-15T00:49:45.145" intervalms="42.224" />
<gc-start id="3733" type="partial gc" contextid="3732" timestamp="2019-06-15T00:49:45.145">
  <mem-info id="3734" free="19922944" total="94371840" percent="21">
    <mem type="eden" free="0" total="30408704" percent="0" />
    <remembered-set count="2752" freebytes="3756032" totalbytes="3767040" percent="99" regionsoverflowed="0" regionsstable="18" regionsrebuilding="0"/>
  </mem-info>
</gc-start>
<allocation-stats totalBytes="30406680" >
  <allocated-bytes non-tlh="0" tlh="30406680" arrayletleaf="0"/>
  <largest-consumer threadName="main" threadId="000000000118C700" bytes="30406680" />
</allocation-stats>
<gc-op id="3735" type="copy forward" timems="1.112" contextid="3732" timestamp="2019-06-15T00:49:45.147">
  <memory-copied type="eden" objects="26" bytes="824" bytesdiscarded="0" />
  <memory-copied type="other" objects="8" bytes="184" bytesdiscarded="0" />
  <memory-cardclean objects="89" bytes="2584" />
  <regions eden="29" other="1" />
  <remembered-set-cleared processed="98" cleared="1" durationms="0.134" />
  <stringconstants candidates="13683" cleared="0"  />
</gc-op>
<gc-op id="3736" type="classunload" timems="0.003" contextid="3732" timestamp="2019-06-15T00:49:45.147">
  <classunload-info classloadercandidates="53" classloadersunloaded="0" classesunloaded="0" anonymousclassesunloaded="0" quiescems="0.000" setupms="0.003" scanms="0.000" postms="0.000" />
</gc-op>
<heap-resize id="3737" type="expand" space="default" amount="16777216" count="1" timems="0.103" reason="excessive time being spent in gc" timestamp="2019-06-15T00:49:45.148" />
<gc-end id="3738" type="partial gc" contextid="3732" durationms="2.613" usertimems="4.000" systemtimems="0.000" timestamp="2019-06-15T00:49:45.148" activeThreads="1">
  <mem-info id="3739" free="66060288" total="111149056" percent="59">
    <mem type="eden" free="1047752" total="1048576" percent="99" />
    <remembered-set count="3136" freebytes="4424192" totalbytes="4436736" percent="99" regionsoverflowed="0" regionsstable="18" regionsrebuilding="0"/>
  </mem-info>
</gc-end>
<cycle-end id="3740" type="partial gc" contextid="3732" timestamp="2019-06-15T00:49:45.148" />
  <attribute name="elasticGC enabled" value="1" />
  <attribute name= "numThreadsSpecified" value="1" />
  <attribute name="heapSize specified" value="0" />
  <attribute name="Current GC Util" value="157" />
  <attribute name= "Current Time Running" value="22041" />
  <attribute name ="GC Interval" value="0" />
  <attribute name="ProportionalT" value="68.500000" />
  <attribute name="ProportionalI" value="68.500000" />
  <attribute name="ProportionalH" value="68.500000" />
  <attribute name="Current Error" value="137.000000" />
  <attribute name="IntegralT" value="0.000000" />
  <attribute name="IntegralI" value="0.000000" />
  <attribute name="IntegralH" value="0.000000" />
  <attribute name="DerivativeT" value="inf" />
  <attribute name="DerivativeI" value="inf" />
  <attribute name="DerivativeH" value="inf" />
  <attribute name="Loop Time for DT" value="0.000000" />
  <attribute name="Output H" value="8388608"/>
  <attribute name="Output I" value="200"/>
  <attribute name="Output T" value="1"/>
  <attribute name="Target GC Util Change" value ="20.000000" />
  <attribute name="Current GC Util Change" value="157.000000"/>
  <attribute name="GC Util currently" value="157" />
  <attribute name="CPU Util currently" value="13968837443053" />
<exclusive-end id="3741" timestamp="2019-06-15T00:49:45.148" durationms="3.827" />

<exclusive-start id="3742" timestamp="2019-06-15T00:49:45.165" intervalms="20.480">
  <response-info timems="0.080" idlems="0.080" threads="0" lastid="000000000118C700" lastname="main" />
</exclusive-start>
<allocation-taxation id="3743" taxation-threshold="16777216" timestamp="2019-06-15T00:49:45.165" intervalms="20.448" />
<cycle-start id="3744" type="global mark phase" contextid="0" timestamp="2019-06-15T00:49:45.165" intervalms="2031.450" />
<gc-start id="3745" type="global mark phase" contextid="3744" timestamp="2019-06-15T00:49:45.166">
  <mem-info id="3746" free="49283072" total="111149056" percent="44">
    <remembered-set count="2688" freebytes="4425984" totalbytes="4436736" percent="99" regionsoverflowed="0" regionsstable="18" regionsrebuilding="0"/>
  </mem-info>
</gc-start>
<gc-op id="3747" type="mark increment" timems="1.089" contextid="3744" timestamp="2019-06-15T00:49:45.167">
  <trace-info objectcount="188" scancount="0" scanbytes="0" />
</gc-op>
<gc-end id="3748" type="global mark phase" contextid="3744" durationms="1.390" usertimems="0.000" systemtimems="4.000" timestamp="2019-06-15T00:49:45.167" activeThreads="1">
  <mem-info id="3749" free="49283072" total="111149056" percent="44">
    <remembered-set count="2688" freebytes="4425984" totalbytes="4436736" percent="99" regionsoverflowed="0" regionsstable="0" regionsrebuilding="18"/>
  </mem-info>
</gc-end>
<concurrent-start id="3750" type="GMP work packet processing" contextid="3744" timestamp="2019-06-15T00:49:45.167">
  <concurrent-mark-start scanTarget="1048576" />
</concurrent-start>
<exclusive-end id="3751" timestamp="2019-06-15T00:49:45.167" durationms="2.410" />

<concurrent-end id="3752" type="GMP work packet processing" contextid="3744" timestamp="2019-06-15T00:49:45.169">
  <concurrent-mark-end bytesScanned="1096620" reasonForTermination="Work target met" />
</concurrent-end>

<exclusive-start id="3753" timestamp="2019-06-15T00:49:45.185" intervalms="19.855">
  <response-info timems="0.080" idlems="0.080" threads="0" lastid="000000000118C700" lastname="main" />
</exclusive-start>
<allocation-taxation id="3754" taxation-threshold="16777216" timestamp="2019-06-15T00:49:45.185" intervalms="19.861" />
<cycle-start id="3755" type="partial gc" contextid="0" timestamp="2019-06-15T00:49:45.185" intervalms="40.259" />
<gc-start id="3756" type="partial gc" contextid="3755" timestamp="2019-06-15T00:49:45.185">
  <mem-info id="3757" free="32505856" total="111149056" percent="29">
    <mem type="eden" free="0" total="33554432" percent="0" />
    <remembered-set count="14272" freebytes="4379648" totalbytes="4436736" percent="98" regionsoverflowed="0" regionsstable="0" regionsrebuilding="18"/>
  </mem-info>
</gc-start>
<allocation-stats totalBytes="33551800" >
  <allocated-bytes non-tlh="0" tlh="33551800" arrayletleaf="0"/>
  <largest-consumer threadName="main" threadId="000000000118C700" bytes="16775992" />
</allocation-stats>
<gc-op id="3758" type="copy forward" timems="1.614" contextid="3755" timestamp="2019-06-15T00:49:45.188">
  <memory-copied type="eden" objects="9" bytes="256" bytesdiscarded="0" />
  <memory-copied type="other" objects="17" bytes="568" bytesdiscarded="0" />
  <memory-cardclean objects="48" bytes="1496" />
  <regions eden="32" other="1" />
  <remembered-set-cleared processed="10945" cleared="60" durationms="0.196" />
  <stringconstants candidates="13683" cleared="0"  />
</gc-op>
<gc-op id="3759" type="classunload" timems="0.004" contextid="3755" timestamp="2019-06-15T00:49:45.188">
  <classunload-info classloadercandidates="53" classloadersunloaded="0" classesunloaded="0" anonymousclassesunloaded="0" quiescems="0.000" setupms="0.004" scanms="0.000" postms="0.000" />
</gc-op>
<heap-resize id="3760" type="expand" space="default" amount="4194304" count="1" timems="0.061" reason="excessive time being spent in gc" timestamp="2019-06-15T00:49:45.188" />
<gc-end id="3761" type="partial gc" contextid="3755" durationms="3.066" usertimems="4.000" systemtimems="0.000" timestamp="2019-06-15T00:49:45.189" activeThreads="1">
  <mem-info id="3762" free="69206016" total="115343360" percent="60">
    <mem type="eden" free="1048320" total="1048576" percent="99" />
    <remembered-set count="14752" freebytes="4545152" totalbytes="4604160" percent="98" regionsoverflowed="0" regionsstable="0" regionsrebuilding="18"/>
  </mem-info>
</gc-end>
<cycle-end id="3763" type="partial gc" contextid="3755" timestamp="2019-06-15T00:49:45.189" />
  <attribute name="elasticGC enabled" value="1" />
  <attribute name= "numThreadsSpecified" value="1" />
  <attribute name="heapSize specified" value="0" />
  <attribute name="Current GC Util" value="163" />
  <attribute name= "Current Time Running" value="22081" />
  <attribute name ="GC Interval" value="0" />
  <attribute name="ProportionalT" value="71.500000" />
  <attribute name="ProportionalI" value="71.500000" />
  <attribute name="ProportionalH" value="71.500000" />
  <attribute name="Current Error" value="143.000000" />
  <attribute name="IntegralT" value="0.000000" />
  <attribute name="IntegralI" value="0.000000" />
  <attribute name="IntegralH" value="0.000000" />
  <attribute name="DerivativeT" value="inf" />
  <attribute name="DerivativeI" value="inf" />
  <attribute name="DerivativeH" value="inf" />
  <attribute name="Loop Time for DT" value="0.000000" />
  <attribute name="Output H" value="8388608"/>
  <attribute name="Output I" value="200"/>
  <attribute name="Output T" value="1"/>
  <attribute name="Target GC Util Change" value ="20.000000" />
  <attribute name="Current GC Util Change" value="163.000000"/>
  <attribute name="GC Util currently" value="163" />
  <attribute name="CPU Util currently" value="13839223492403" />
<exclusive-end id="3764" timestamp="2019-06-15T00:49:45.189" durationms="4.272" />

<exclusive-start id="3765" timestamp="2019-06-15T00:49:45.207" intervalms="22.256">
  <response-info timems="0.079" idlems="0.079" threads="0" lastid="000000000118C700" lastname="main" />
</exclusive-start>
<allocation-taxation id="3766" taxation-threshold="17825792" timestamp="2019-06-15T00:49:45.207" intervalms="22.248" />
<gc-start id="3767" type="global mark phase" contextid="3744" timestamp="2019-06-15T00:49:45.207">
  <mem-info id="3768" free="51380224" total="115343360" percent="44">
    <remembered-set count="14336" freebytes="4546816" totalbytes="4604160" percent="98" regionsoverflowed="0" regionsstable="0" regionsrebuilding="18"/>
  </mem-info>
</gc-start>
<gc-end id="3769" type="global mark phase" contextid="3744" durationms="0.189" usertimems="0.000" systemtimems="0.000" timestamp="2019-06-15T00:49:45.208" activeThreads="1">
  <mem-info id="3770" free="51380224" total="115343360" percent="44">
    <remembered-set count="14336" freebytes="4546816" totalbytes="4604160" percent="98" regionsoverflowed="0" regionsstable="0" regionsrebuilding="18"/>
  </mem-info>
</gc-end>
<concurrent-start id="3771" type="GMP work packet processing" contextid="3744" timestamp="2019-06-15T00:49:45.208">
  <concurrent-mark-start scanTarget="1048576" />
</concurrent-start>
<exclusive-end id="3772" timestamp="2019-06-15T00:49:45.208" durationms="1.081" />

<concurrent-end id="3773" type="GMP work packet processing" contextid="3744" timestamp="2019-06-15T00:49:45.210">
  <concurrent-mark-end bytesScanned="1155052" reasonForTermination="Work target met" />
</concurrent-end>

<exclusive-start id="3774" timestamp="2019-06-15T00:49:45.291" intervalms="83.800">
  <response-info timems="0.081" idlems="0.081" threads="0" lastid="000000000118C700" lastname="main" />
</exclusive-start>
<allocation-taxation id="3775" taxation-threshold="17825792" timestamp="2019-06-15T00:49:45.291" intervalms="83.822" />
<cycle-start id="3776" type="partial gc" contextid="0" timestamp="2019-06-15T00:49:45.291" intervalms="106.107" />
<gc-start id="3777" type="partial gc" contextid="3776" timestamp="2019-06-15T00:49:45.292">
  <mem-info id="3778" free="33554432" total="115343360" percent="29">
    <mem type="eden" free="1048320" total="36700160" percent="2" />
    <remembered-set count="28928" freebytes="4488448" totalbytes="4604160" percent="97" regionsoverflowed="0" regionsstable="0" regionsrebuilding="18"/>
  </mem-info>
</gc-start>
<allocation-stats totalBytes="35635336" >
  <allocated-bytes non-tlh="0" tlh="35635336" arrayletleaf="0"/>
  <largest-consumer threadName="main" threadId="000000000118C700" bytes="17810840" />
</allocation-stats>
<gc-op id="3779" type="copy forward" timems="1.715" contextid="3776" timestamp="2019-06-15T00:49:45.294">
  <memory-copied type="eden" objects="48" bytes="2544" bytesdiscarded="0" />
  <memory-copied type="other" objects="6" bytes="136" bytesdiscarded="0" />
  <memory-cardclean objects="82" bytes="2208" />
  <regions eden="34" other="2" />
  <remembered-set-cleared processed="26239" cleared="45" durationms="0.281" />
  <stringconstants candidates="13683" cleared="0"  />
</gc-op>
<gc-op id="3780" type="classunload" timems="0.003" contextid="3776" timestamp="2019-06-15T00:49:45.294">
  <classunload-info classloadercandidates="53" classloadersunloaded="0" classesunloaded="0" anonymousclassesunloaded="0" quiescems="0.000" setupms="0.003" scanms="0.000" postms="0.000" />
</gc-op>
<gc-end id="3781" type="partial gc" contextid="3776" durationms="2.992" usertimems="0.000" systemtimems="0.000" timestamp="2019-06-15T00:49:45.295" activeThreads="1">
  <mem-info id="3782" free="69206016" total="115343360" percent="60">
    <mem type="eden" free="1046032" total="1048576" percent="99" />
    <remembered-set count="29440" freebytes="4486400" totalbytes="4604160" percent="97" regionsoverflowed="0" regionsstable="0" regionsrebuilding="18"/>
  </mem-info>
</gc-end>
<cycle-end id="3783" type="partial gc" contextid="3776" timestamp="2019-06-15T00:49:45.295" />
  <attribute name="elasticGC enabled" value="1" />
  <attribute name= "numThreadsSpecified" value="1" />
  <attribute name="heapSize specified" value="0" />
  <attribute name="Current GC Util" value="155" />
  <attribute name= "Current Time Running" value="22187" />
  <attribute name ="GC Interval" value="0" />
  <attribute name="ProportionalT" value="67.500000" />
  <attribute name="ProportionalI" value="67.500000" />
  <attribute name="ProportionalH" value="67.500000" />
  <attribute name="Current Error" value="135.000000" />
  <attribute name="IntegralT" value="0.000000" />
  <attribute name="IntegralI" value="0.000000" />
  <attribute name="IntegralH" value="0.000000" />
  <attribute name="DerivativeT" value="inf" />
  <attribute name="DerivativeI" value="inf" />
  <attribute name="DerivativeH" value="inf" />
  <attribute name="Loop Time for DT" value="0.000000" />
  <attribute name="Output H" value="8388608"/>
  <attribute name="Output I" value="200"/>
  <attribute name="Output T" value="1"/>
  <attribute name="Target GC Util Change" value ="20.000000" />
  <attribute name="Current GC Util Change" value="155.000000"/>
  <attribute name="GC Util currently" value="155" />
  <attribute name="CPU Util currently" value="13231401648163" />
<exclusive-end id="3784" timestamp="2019-06-15T00:49:45.295" durationms="4.240" />

<exclusive-start id="3785" timestamp="2019-06-15T00:49:45.337" intervalms="46.399">
  <response-info timems="0.078" idlems="0.078" threads="0" lastid="000000000118C700" lastname="main" />
</exclusive-start>
<allocation-taxation id="3786" taxation-threshold="17825792" timestamp="2019-06-15T00:49:45.337" intervalms="46.416" />
<gc-start id="3787" type="global mark phase" contextid="3744" timestamp="2019-06-15T00:49:45.338">
  <mem-info id="3788" free="51380224" total="115343360" percent="44">
    <remembered-set count="28992" freebytes="4488192" totalbytes="4604160" percent="97" regionsoverflowed="0" regionsstable="0" regionsrebuilding="18"/>
  </mem-info>
</gc-start>
<gc-end id="3789" type="global mark phase" contextid="3744" durationms="0.184" usertimems="0.000" systemtimems="0.000" timestamp="2019-06-15T00:49:45.338" activeThreads="1">
  <mem-info id="3790" free="51380224" total="115343360" percent="44">
    <remembered-set count="28992" freebytes="4488192" totalbytes="4604160" percent="97" regionsoverflowed="0" regionsstable="0" regionsrebuilding="18"/>
  </mem-info>
</gc-end>
<concurrent-start id="3791" type="GMP work packet processing" contextid="3744" timestamp="2019-06-15T00:49:45.338">
  <concurrent-mark-start scanTarget="1048576" />
</concurrent-start>
<exclusive-end id="3792" timestamp="2019-06-15T00:49:45.338" durationms="1.069" />

<concurrent-end id="3793" type="GMP work packet processing" contextid="3744" timestamp="2019-06-15T00:49:45.339">
  <concurrent-mark-end bytesScanned="1097632" reasonForTermination="Work target met" />
</concurrent-end>

<exclusive-start id="3794" timestamp="2019-06-15T00:49:45.379" intervalms="42.110">
  <response-info timems="0.077" idlems="0.077" threads="0" lastid="000000000118C700" lastname="main" />
</exclusive-start>
<allocation-taxation id="3795" taxation-threshold="17825792" timestamp="2019-06-15T00:49:45.380" intervalms="42.101" />
<cycle-start id="3796" type="partial gc" contextid="0" timestamp="2019-06-15T00:49:45.380" intervalms="88.482" />
<gc-start id="3797" type="partial gc" contextid="3796" timestamp="2019-06-15T00:49:45.380">
  <mem-info id="3798" free="33554432" total="115343360" percent="29">
    <mem type="eden" free="0" total="35651584" percent="0" />
    <remembered-set count="36704" freebytes="4457344" totalbytes="4604160" percent="96" regionsoverflowed="0" regionsstable="0" regionsrebuilding="18"/>
  </mem-info>
</gc-start>
<allocation-stats totalBytes="35625440" >
  <allocated-bytes non-tlh="0" tlh="35625440" arrayletleaf="0"/>
  <largest-consumer threadName="main" threadId="000000000118C700" bytes="17813264" />
</allocation-stats>
<gc-op id="3799" type="copy forward" timems="1.776" contextid="3796" timestamp="2019-06-15T00:49:45.383">
  <memory-copied type="eden" objects="5" bytes="624" bytesdiscarded="0" />
  <memory-copied type="other" objects="51" bytes="2104" bytesdiscarded="0" />
  <memory-cardclean objects="69" bytes="2000" />
  <regions eden="34" other="2" />
  <remembered-set-cleared processed="34222" cleared="40" durationms="0.336" />
  <stringconstants candidates="13683" cleared="0"  />
</gc-op>
<gc-op id="3800" type="classunload" timems="0.004" contextid="3796" timestamp="2019-06-15T00:49:45.383">
  <classunload-info classloadercandidates="53" classloadersunloaded="0" classesunloaded="0" anonymousclassesunloaded="0" quiescems="0.000" setupms="0.004" scanms="0.000" postms="0.000" />
</gc-op>
<heap-resize id="3801" type="contract" space="default" amount="6291456" count="1" timems="0.164" reason="insufficient time being spent in gc" timestamp="2019-06-15T00:49:45.383" />
<gc-end id="3802" type="partial gc" contextid="3796" durationms="3.356" usertimems="4.000" systemtimems="0.000" timestamp="2019-06-15T00:49:45.383" activeThreads="1">
  <mem-info id="3803" free="61865984" total="109051904" percent="56">
    <mem type="eden" free="1047952" total="1048576" percent="99" />
    <remembered-set count="37184" freebytes="4455424" totalbytes="4604160" percent="96" regionsoverflowed="0" regionsstable="0" regionsrebuilding="18"/>
  </mem-info>
</gc-end>
<cycle-end id="3804" type="partial gc" contextid="3796" timestamp="2019-06-15T00:49:45.384" />
  <attribute name="elasticGC enabled" value="1" />
  <attribute name= "numThreadsSpecified" value="1" />
  <attribute name="heapSize specified" value="0" />
  <attribute name="Current GC Util" value="156" />
  <attribute name= "Current Time Running" value="22276" />
  <attribute name ="GC Interval" value="0" />
  <attribute name="ProportionalT" value="68.000000" />
  <attribute name="ProportionalI" value="68.000000" />
  <attribute name="ProportionalH" value="68.000000" />
  <attribute name="Current Error" value="136.000000" />
  <attribute name="IntegralT" value="0.000000" />
  <attribute name="IntegralI" value="0.000000" />
  <attribute name="IntegralH" value="0.000000" />
  <attribute name="DerivativeT" value="inf" />
  <attribute name="DerivativeI" value="inf" />
  <attribute name="DerivativeH" value="inf" />
  <attribute name="Loop Time for DT" value="0.000000" />
  <attribute name="Output H" value="8388608"/>
  <attribute name="Output I" value="200"/>
  <attribute name="Output T" value="1"/>
  <attribute name="Target GC Util Change" value ="20.000000" />
  <attribute name="Current GC Util Change" value="156.000000"/>
  <attribute name="GC Util currently" value="156" />
  <attribute name="CPU Util currently" value="13220325948766" />
<exclusive-end id="3805" timestamp="2019-06-15T00:49:45.384" durationms="4.577" />

<exclusive-start id="3806" timestamp="2019-06-15T00:49:45.423" intervalms="43.621">
  <response-info timems="0.073" idlems="0.073" threads="0" lastid="000000000118C700" lastname="main" />
</exclusive-start>
<allocation-taxation id="3807" taxation-threshold="16777216" timestamp="2019-06-15T00:49:45.423" intervalms="43.527" />
<gc-start id="3808" type="global mark phase" contextid="3744" timestamp="2019-06-15T00:49:45.423">
  <mem-info id="3809" free="45088768" total="109051904" percent="41">
    <remembered-set count="36800" freebytes="4456960" totalbytes="4604160" percent="96" regionsoverflowed="0" regionsstable="0" regionsrebuilding="18"/>
  </mem-info>
</gc-start>
<gc-end id="3810" type="global mark phase" contextid="3744" durationms="0.185" usertimems="0.000" systemtimems="0.000" timestamp="2019-06-15T00:49:45.424" activeThreads="1">
  <mem-info id="3811" free="45088768" total="109051904" percent="41">
    <remembered-set count="36800" freebytes="4456960" totalbytes="4604160" percent="96" regionsoverflowed="0" regionsstable="0" regionsrebuilding="18"/>
  </mem-info>
</gc-end>
<concurrent-start id="3812" type="GMP work packet processing" contextid="3744" timestamp="2019-06-15T00:49:45.424">
  <concurrent-mark-start scanTarget="1048576" />
</concurrent-start>
<exclusive-end id="3813" timestamp="2019-06-15T00:49:45.424" durationms="0.959" />

<concurrent-end id="3814" type="GMP work packet processing" contextid="3744" timestamp="2019-06-15T00:49:45.425">
  <concurrent-mark-end bytesScanned="1091276" reasonForTermination="Work target met" />
</concurrent-end>

<exclusive-start id="3815" timestamp="2019-06-15T00:49:45.461" intervalms="37.593">
  <response-info timems="0.075" idlems="0.075" threads="0" lastid="000000000118C700" lastname="main" />
</exclusive-start>
<allocation-taxation id="3816" taxation-threshold="16777216" timestamp="2019-06-15T00:49:45.461" intervalms="37.667" />
<cycle-start id="3817" type="partial gc" contextid="0" timestamp="2019-06-15T00:49:45.461" intervalms="81.234" />
<gc-start id="3818" type="partial gc" contextid="3817" timestamp="2019-06-15T00:49:45.461">
  <mem-info id="3819" free="28311552" total="109051904" percent="25">
    <mem type="eden" free="1047952" total="34603008" percent="3" />
    <remembered-set count="48064" freebytes="4411904" totalbytes="4604160" percent="95" regionsoverflowed="0" regionsstable="0" regionsrebuilding="18"/>
  </mem-info>
</gc-start>
<allocation-stats totalBytes="33535072" >
  <allocated-bytes non-tlh="0" tlh="33535072" arrayletleaf="0"/>
  <largest-consumer threadName="main" threadId="000000000118C700" bytes="16770376" />
</allocation-stats>
<gc-op id="3820" type="copy forward" timems="1.615" contextid="3817" timestamp="2019-06-15T00:49:45.464">
  <memory-copied type="eden" objects="26" bytes="776" bytesdiscarded="0" />
  <memory-copied type="other" objects="0" bytes="0" bytesdiscarded="0" />
  <memory-cardclean objects="76" bytes="2224" />
  <regions eden="32" other="1" />
  <remembered-set-cleared processed="45350" cleared="27" durationms="0.372" />
  <stringconstants candidates="13683" cleared="0"  />
</gc-op>
<gc-op id="3821" type="classunload" timems="0.004" contextid="3817" timestamp="2019-06-15T00:49:45.464">
  <classunload-info classloadercandidates="53" classloadersunloaded="0" classesunloaded="0" anonymousclassesunloaded="0" quiescems="0.000" setupms="0.003" scanms="0.000" postms="0.000" />
</gc-op>
<heap-resize id="3822" type="contract" space="default" amount="6291456" count="1" timems="0.148" reason="insufficient time being spent in gc" timestamp="2019-06-15T00:49:45.465" />
<gc-end id="3823" type="partial gc" contextid="3817" durationms="3.427" usertimems="4.000" systemtimems="0.000" timestamp="2019-06-15T00:49:45.465" activeThreads="1">
  <mem-info id="3824" free="55574528" total="102760448" percent="54">
    <mem type="eden" free="1047800" total="1048576" percent="99" />
    <remembered-set count="48064" freebytes="4160768" totalbytes="4353024" percent="95" regionsoverflowed="0" regionsstable="0" regionsrebuilding="18"/>
  </mem-info>
</gc-end>
<cycle-end id="3825" type="partial gc" contextid="3817" timestamp="2019-06-15T00:49:45.465" />
  <attribute name="elasticGC enabled" value="1" />
  <attribute name= "numThreadsSpecified" value="1" />
  <attribute name="heapSize specified" value="0" />
  <attribute name="Current GC Util" value="91" />
  <attribute name= "Current Time Running" value="22357" />
  <attribute name ="GC Interval" value="0" />
  <attribute name="ProportionalT" value="35.500000" />
  <attribute name="ProportionalI" value="35.500000" />
  <attribute name="ProportionalH" value="35.500000" />
  <attribute name="Current Error" value="71.000000" />
  <attribute name="IntegralT" value="0.000000" />
  <attribute name="IntegralI" value="0.000000" />
  <attribute name="IntegralH" value="0.000000" />
  <attribute name="DerivativeT" value="inf" />
  <attribute name="DerivativeI" value="inf" />
  <attribute name="DerivativeH" value="inf" />
  <attribute name="Loop Time for DT" value="0.000000" />
  <attribute name="Output H" value="8388608"/>
  <attribute name="Output I" value="200"/>
  <attribute name="Output T" value="1"/>
  <attribute name="Target GC Util Change" value ="20.000000" />
  <attribute name="Current GC Util Change" value="91.000000"/>
  <attribute name="GC Util currently" value="91" />
  <attribute name="CPU Util currently" value="7312881604005" />
<exclusive-end id="3826" timestamp="2019-06-15T00:49:45.465" durationms="4.575" />

<exclusive-start id="3827" timestamp="2019-06-15T00:49:45.496" intervalms="35.399">
  <response-info timems="0.067" idlems="0.067" threads="0" lastid="000000000118C700" lastname="main" />
</exclusive-start>
<allocation-taxation id="3828" taxation-threshold="15728640" timestamp="2019-06-15T00:49:45.496" intervalms="35.384" />
<gc-start id="3829" type="global mark phase" contextid="3744" timestamp="2019-06-15T00:49:45.496">
  <mem-info id="3830" free="39845888" total="102760448" percent="38">
    <remembered-set count="47616" freebytes="4162560" totalbytes="4353024" percent="95" regionsoverflowed="0" regionsstable="0" regionsrebuilding="18"/>
  </mem-info>
</gc-start>
<gc-end id="3831" type="global mark phase" contextid="3744" durationms="0.151" usertimems="0.000" systemtimems="0.000" timestamp="2019-06-15T00:49:45.497" activeThreads="1">
  <mem-info id="3832" free="39845888" total="102760448" percent="38">
    <remembered-set count="47616" freebytes="4162560" totalbytes="4353024" percent="95" regionsoverflowed="0" regionsstable="0" regionsrebuilding="18"/>
  </mem-info>
</gc-end>
<concurrent-start id="3833" type="GMP work packet processing" contextid="3744" timestamp="2019-06-15T00:49:45.497">
  <concurrent-mark-start scanTarget="1048576" />
</concurrent-start>
<exclusive-end id="3834" timestamp="2019-06-15T00:49:45.497" durationms="0.981" />

<concurrent-end id="3835" type="GMP work packet processing" contextid="3744" timestamp="2019-06-15T00:49:45.498">
  <concurrent-mark-end bytesScanned="1084948" reasonForTermination="Work target met" />
</concurrent-end>

<exclusive-start id="3836" timestamp="2019-06-15T00:49:45.502" intervalms="5.707">
  <response-info timems="0.079" idlems="0.079" threads="0" lastid="000000000118C700" lastname="main" />
</exclusive-start>
<allocation-taxation id="3837" taxation-threshold="15728640" timestamp="2019-06-15T00:49:45.502" intervalms="5.713" />
<cycle-start id="3838" type="partial gc" contextid="0" timestamp="2019-06-15T00:49:45.502" intervalms="41.094" />
<gc-start id="3839" type="partial gc" contextid="3838" timestamp="2019-06-15T00:49:45.502">
  <mem-info id="3840" free="24117248" total="102760448" percent="23">
    <mem type="eden" free="0" total="31457280" percent="0" />
    <remembered-set count="55392" freebytes="4131456" totalbytes="4353024" percent="94" regionsoverflowed="0" regionsstable="0" regionsrebuilding="18"/>
  </mem-info>
</gc-start>
<allocation-stats totalBytes="31440088" >
  <allocated-bytes non-tlh="0" tlh="31440088" arrayletleaf="0"/>
  <largest-consumer threadName="main" threadId="000000000118C700" bytes="15713800" />
</allocation-stats>
<gc-op id="3841" type="copy forward" timems="1.578" contextid="3838" timestamp="2019-06-15T00:49:45.505">
  <memory-copied type="eden" objects="23" bytes="1240" bytesdiscarded="0" />
  <memory-copied type="other" objects="7" bytes="160" bytesdiscarded="0" />
  <memory-cardclean objects="73" bytes="2176" />
  <regions eden="30" other="1" />
  <remembered-set-cleared processed="52573" cleared="30" durationms="0.417" />
  <stringconstants candidates="13683" cleared="0"  />
</gc-op>
<gc-op id="3842" type="classunload" timems="0.003" contextid="3838" timestamp="2019-06-15T00:49:45.505">
  <classunload-info classloadercandidates="53" classloadersunloaded="0" classesunloaded="0" anonymousclassesunloaded="0" quiescems="0.000" setupms="0.003" scanms="0.000" postms="0.000" />
</gc-op>
<gc-end id="3843" type="partial gc" contextid="3838" durationms="3.138" usertimems="4.000" systemtimems="0.000" timestamp="2019-06-15T00:49:45.505" activeThreads="1">
  <mem-info id="3844" free="54525952" total="102760448" percent="53">
    <mem type="eden" free="1047336" total="1048576" percent="99" />
    <remembered-set count="55264" freebytes="3880832" totalbytes="4101888" percent="94" regionsoverflowed="0" regionsstable="0" regionsrebuilding="18"/>
  </mem-info>
</gc-end>
<cycle-end id="3845" type="partial gc" contextid="3838" timestamp="2019-06-15T00:49:45.506" />
  <attribute name="elasticGC enabled" value="1" />
  <attribute name= "numThreadsSpecified" value="1" />
  <attribute name="heapSize specified" value="0" />
  <attribute name="Current GC Util" value="89" />
  <attribute name= "Current Time Running" value="22398" />
  <attribute name ="GC Interval" value="0" />
  <attribute name="ProportionalT" value="34.500000" />
  <attribute name="ProportionalI" value="34.500000" />
  <attribute name="ProportionalH" value="34.500000" />
  <attribute name="Current Error" value="69.000000" />
  <attribute name="IntegralT" value="0.000000" />
  <attribute name="IntegralI" value="0.000000" />
  <attribute name="IntegralH" value="0.000000" />
  <attribute name="DerivativeT" value="inf" />
  <attribute name="DerivativeI" value="inf" />
  <attribute name="DerivativeH" value="inf" />
  <attribute name="Loop Time for DT" value="0.000000" />
  <attribute name="Output H" value="8388608"/>
  <attribute name="Output I" value="200"/>
  <attribute name="Output T" value="1"/>
  <attribute name="Target GC Util Change" value ="20.000000" />
  <attribute name="Current GC Util Change" value="89.000000"/>
  <attribute name="GC Util currently" value="89" />
  <attribute name="CPU Util currently" value="7554369877032" />
<exclusive-end id="3846" timestamp="2019-06-15T00:49:45.506" durationms="4.319" />

<exclusive-start id="3847" timestamp="2019-06-15T00:49:45.511" intervalms="9.041">
  <response-info timems="0.072" idlems="0.072" threads="0" lastid="000000000118C700" lastname="main" />
</exclusive-start>
<allocation-taxation id="3848" taxation-threshold="15728640" timestamp="2019-06-15T00:49:45.511" intervalms="9.022" />
<gc-start id="3849" type="global mark phase" contextid="3744" timestamp="2019-06-15T00:49:45.511">
  <mem-info id="3850" free="38797312" total="102760448" percent="37">
    <remembered-set count="54816" freebytes="3882624" totalbytes="4101888" percent="94" regionsoverflowed="0" regionsstable="0" regionsrebuilding="18"/>
  </mem-info>
</gc-start>
<gc-end id="3851" type="global mark phase" contextid="3744" durationms="0.148" usertimems="0.000" systemtimems="0.000" timestamp="2019-06-15T00:49:45.511" activeThreads="1">
  <mem-info id="3852" free="38797312" total="102760448" percent="37">
    <remembered-set count="54816" freebytes="3882624" totalbytes="4101888" percent="94" regionsoverflowed="0" regionsstable="0" regionsrebuilding="18"/>
  </mem-info>
</gc-end>
<concurrent-start id="3853" type="GMP work packet processing" contextid="3744" timestamp="2019-06-15T00:49:45.511">
  <concurrent-mark-start scanTarget="1048576" />
</concurrent-start>
<exclusive-end id="3854" timestamp="2019-06-15T00:49:45.512" durationms="0.833" />

<concurrent-end id="3855" type="GMP work packet processing" contextid="3744" timestamp="2019-06-15T00:49:45.513">
  <concurrent-mark-end bytesScanned="1092536" reasonForTermination="Work target met" />
</concurrent-end>

<exclusive-start id="3856" timestamp="2019-06-15T00:49:45.516" intervalms="5.401">
  <response-info timems="0.048" idlems="0.048" threads="0" lastid="000000000118C700" lastname="main" />
</exclusive-start>
<allocation-taxation id="3857" taxation-threshold="15728640" timestamp="2019-06-15T00:49:45.516" intervalms="5.379" />
<cycle-start id="3858" type="partial gc" contextid="0" timestamp="2019-06-15T00:49:45.516" intervalms="14.370" />
<gc-start id="3859" type="partial gc" contextid="3858" timestamp="2019-06-15T00:49:45.517">
  <mem-info id="3860" free="23068672" total="102760448" percent="22">
    <mem type="eden" free="0" total="31457280" percent="0" />
    <remembered-set count="63136" freebytes="3849344" totalbytes="4101888" percent="93" regionsoverflowed="0" regionsstable="0" regionsrebuilding="18"/>
  </mem-info>
</gc-start>
<allocation-stats totalBytes="31401216" >
  <allocated-bytes non-tlh="0" tlh="31401216" arrayletleaf="0"/>
  <largest-consumer threadName="main" threadId="000000000118C700" bytes="15700608" />
</allocation-stats>
<gc-op id="3861" type="copy forward" timems="1.595" contextid="3858" timestamp="2019-06-15T00:49:45.519">
  <memory-copied type="eden" objects="2" bytes="40" bytesdiscarded="0" />
  <memory-copied type="other" objects="21" bytes="1200" bytesdiscarded="0" />
  <memory-cardclean objects="48" bytes="1496" />
  <regions eden="30" other="1" />
  <remembered-set-cleared processed="59826" cleared="28" durationms="0.452" />
  <stringconstants candidates="13683" cleared="0"  />
</gc-op>
<gc-op id="3862" type="classunload" timems="0.003" contextid="3858" timestamp="2019-06-15T00:49:45.519">
  <classunload-info classloadercandidates="53" classloadersunloaded="0" classesunloaded="0" anonymousclassesunloaded="0" quiescems="0.000" setupms="0.003" scanms="0.000" postms="0.000" />
</gc-op>
<heap-resize id="3863" type="expand" space="default" amount="17825792" count="1" timems="0.106" reason="excessive time being spent in gc" timestamp="2019-06-15T00:49:45.520" />
<gc-end id="3864" type="partial gc" contextid="3858" durationms="3.072" usertimems="0.000" systemtimems="4.000" timestamp="2019-06-15T00:49:45.520" activeThreads="1">
  <mem-info id="3865" free="71303168" total="120586240" percent="59">
    <mem type="eden" free="1048536" total="1048576" percent="99" />
    <remembered-set count="63584" freebytes="4559104" totalbytes="4813440" percent="94" regionsoverflowed="0" regionsstable="0" regionsrebuilding="18"/>
  </mem-info>
</gc-end>
<cycle-end id="3866" type="partial gc" contextid="3858" timestamp="2019-06-15T00:49:45.520" />
  <attribute name="elasticGC enabled" value="1" />
  <attribute name= "numThreadsSpecified" value="1" />
  <attribute name="heapSize specified" value="0" />
  <attribute name="Current GC Util" value="164" />
  <attribute name= "Current Time Running" value="22412" />
  <attribute name ="GC Interval" value="0" />
  <attribute name="ProportionalT" value="72.000000" />
  <attribute name="ProportionalI" value="72.000000" />
  <attribute name="ProportionalH" value="72.000000" />
  <attribute name="Current Error" value="144.000000" />
  <attribute name="IntegralT" value="0.000000" />
  <attribute name="IntegralI" value="0.000000" />
  <attribute name="IntegralH" value="0.000000" />
  <attribute name="DerivativeT" value="inf" />
  <attribute name="DerivativeI" value="inf" />
  <attribute name="DerivativeH" value="inf" />
  <attribute name="Loop Time for DT" value="0.000000" />
  <attribute name="Output H" value="8388608"/>
  <attribute name="Output I" value="200"/>
  <attribute name="Output T" value="1"/>
  <attribute name="Target GC Util Change" value ="20.000000" />
  <attribute name="Current GC Util Change" value="164.000000"/>
  <attribute name="GC Util currently" value="164" />
  <attribute name="CPU Util currently" value="14129329427534" />
<exclusive-end id="3867" timestamp="2019-06-15T00:49:45.520" durationms="4.186" />

<exclusive-start id="3868" timestamp="2019-06-15T00:49:45.526" intervalms="9.405">
  <response-info timems="0.080" idlems="0.080" threads="0" lastid="000000000118C700" lastname="main" />
</exclusive-start>
<allocation-taxation id="3869" taxation-threshold="17825792" timestamp="2019-06-15T00:49:45.526" intervalms="9.457" />
<gc-start id="3870" type="global mark phase" contextid="3744" timestamp="2019-06-15T00:49:45.526">
  <mem-info id="3871" free="53477376" total="120586240" percent="44">
    <remembered-set count="63168" freebytes="4560768" totalbytes="4813440" percent="94" regionsoverflowed="0" regionsstable="0" regionsrebuilding="18"/>
  </mem-info>
</gc-start>
<gc-end id="3872" type="global mark phase" contextid="3744" durationms="0.150" usertimems="0.000" systemtimems="0.000" timestamp="2019-06-15T00:49:45.526" activeThreads="1">
  <mem-info id="3873" free="53477376" total="120586240" percent="44">
    <remembered-set count="63168" freebytes="4560768" totalbytes="4813440" percent="94" regionsoverflowed="0" regionsstable="0" regionsrebuilding="18"/>
  </mem-info>
</gc-end>
<concurrent-start id="3874" type="GMP work packet processing" contextid="3744" timestamp="2019-06-15T00:49:45.526">
  <concurrent-mark-start scanTarget="1048576" />
</concurrent-start>
<exclusive-end id="3875" timestamp="2019-06-15T00:49:45.526" durationms="0.860" />

<concurrent-end id="3876" type="GMP work packet processing" contextid="3744" timestamp="2019-06-15T00:49:45.527">
  <concurrent-mark-end bytesScanned="1079780" reasonForTermination="Work target met" />
</concurrent-end>

<exclusive-start id="3877" timestamp="2019-06-15T00:49:45.532" intervalms="6.056">
  <response-info timems="0.054" idlems="0.054" threads="0" lastid="000000000118C700" lastname="main" />
</exclusive-start>
<allocation-taxation id="3878" taxation-threshold="17825792" timestamp="2019-06-15T00:49:45.532" intervalms="5.964" />
<cycle-start id="3879" type="partial gc" contextid="0" timestamp="2019-06-15T00:49:45.532" intervalms="15.418" />
<gc-start id="3880" type="partial gc" contextid="3879" timestamp="2019-06-15T00:49:45.532">
  <mem-info id="3881" free="35651584" total="120586240" percent="29">
    <mem type="eden" free="1048536" total="36700160" percent="2" />
    <remembered-set count="73408" freebytes="4519808" totalbytes="4813440" percent="93" regionsoverflowed="0" regionsstable="0" regionsrebuilding="18"/>
  </mem-info>
</gc-start>
<allocation-stats totalBytes="35588216" >
  <allocated-bytes non-tlh="0" tlh="35588216" arrayletleaf="0"/>
  <largest-consumer threadName="main" threadId="000000000118C700" bytes="17793960" />
</allocation-stats>
<gc-op id="3882" type="copy forward" timems="1.718" contextid="3879" timestamp="2019-06-15T00:49:45.535">
  <memory-copied type="eden" objects="2" bytes="40" bytesdiscarded="0" />
  <memory-copied type="other" objects="21" bytes="1200" bytesdiscarded="0" />
  <memory-cardclean objects="48" bytes="1496" />
  <regions eden="34" other="2" />
  <remembered-set-cleared processed="70054" cleared="29" durationms="0.499" />
  <stringconstants candidates="13683" cleared="0"  />
</gc-op>
<gc-op id="3883" type="classunload" timems="0.003" contextid="3879" timestamp="2019-06-15T00:49:45.535">
  <classunload-info classloadercandidates="53" classloadersunloaded="0" classesunloaded="0" anonymousclassesunloaded="0" quiescems="0.000" setupms="0.003" scanms="0.000" postms="0.000" />
</gc-op>
<heap-resize id="3884" type="expand" space="default" amount="3145728" count="1" timems="0.067" reason="excessive time being spent in gc" timestamp="2019-06-15T00:49:45.535" />
<gc-end id="3885" type="partial gc" contextid="3879" durationms="3.180" usertimems="4.000" systemtimems="0.000" timestamp="2019-06-15T00:49:45.535" activeThreads="1">
  <mem-info id="3886" free="74448896" total="123731968" percent="60">
    <mem type="eden" free="1048536" total="1048576" percent="99" />
    <remembered-set count="73824" freebytes="4643712" totalbytes="4939008" percent="94" regionsoverflowed="0" regionsstable="0" regionsrebuilding="18"/>
  </mem-info>
</gc-end>
<cycle-end id="3887" type="partial gc" contextid="3879" timestamp="2019-06-15T00:49:45.536" />
  <attribute name="elasticGC enabled" value="1" />
  <attribute name= "numThreadsSpecified" value="1" />
  <attribute name="heapSize specified" value="0" />
  <attribute name="Current GC Util" value="164" />
  <attribute name= "Current Time Running" value="22428" />
  <attribute name ="GC Interval" value="0" />
  <attribute name="ProportionalT" value="72.000000" />
  <attribute name="ProportionalI" value="72.000000" />
  <attribute name="ProportionalH" value="72.000000" />
  <attribute name="Current Error" value="144.000000" />
  <attribute name="IntegralT" value="0.000000" />
  <attribute name="IntegralI" value="0.000000" />
  <attribute name="IntegralH" value="0.000000" />
  <attribute name="DerivativeT" value="inf" />
  <attribute name="DerivativeI" value="inf" />
  <attribute name="DerivativeH" value="inf" />
  <attribute name="Loop Time for DT" value="0.000000" />
  <attribute name="Output H" value="8388608"/>
  <attribute name="Output I" value="200"/>
  <attribute name="Output T" value="1"/>
  <attribute name="Target GC Util Change" value ="20.000000" />
  <attribute name="Current GC Util Change" value="164.000000"/>
  <attribute name="GC Util currently" value="164" />
  <attribute name="CPU Util currently" value="13820932889657" />
<exclusive-end id="3888" timestamp="2019-06-15T00:49:45.536" durationms="4.193" />

<exclusive-start id="3889" timestamp="2019-06-15T00:49:45.541" intervalms="9.712">
  <response-info timems="0.081" idlems="0.081" threads="0" lastid="000000000118C700" lastname="main" />
</exclusive-start>
<allocation-taxation id="3890" taxation-threshold="18874368" timestamp="2019-06-15T00:49:45.542" intervalms="9.801" />
<gc-start id="3891" type="global mark phase" contextid="3744" timestamp="2019-06-15T00:49:45.542">
  <mem-info id="3892" free="55574528" total="123731968" percent="44">
    <remembered-set count="73408" freebytes="4645376" totalbytes="4939008" percent="94" regionsoverflowed="0" regionsstable="0" regionsrebuilding="18"/>
  </mem-info>
</gc-start>
<gc-end id="3893" type="global mark phase" contextid="3744" durationms="0.186" usertimems="0.000" systemtimems="0.000" timestamp="2019-06-15T00:49:45.542" activeThreads="1">
  <mem-info id="3894" free="55574528" total="123731968" percent="44">
    <remembered-set count="73408" freebytes="4645376" totalbytes="4939008" percent="94" regionsoverflowed="0" regionsstable="0" regionsrebuilding="18"/>
  </mem-info>
</gc-end>
<concurrent-start id="3895" type="GMP work packet processing" contextid="3744" timestamp="2019-06-15T00:49:45.542">
  <concurrent-mark-start scanTarget="1048576" />
</concurrent-start>
<exclusive-end id="3896" timestamp="2019-06-15T00:49:45.542" durationms="0.910" />

<concurrent-end id="3897" type="GMP work packet processing" contextid="3744" timestamp="2019-06-15T00:49:45.543">
  <concurrent-mark-end bytesScanned="1108648" reasonForTermination="Work target met" />
</concurrent-end>

<exclusive-start id="3898" timestamp="2019-06-15T00:49:45.548" intervalms="6.452">
  <response-info timems="0.078" idlems="0.078" threads="0" lastid="000000000118C700" lastname="main" />
</exclusive-start>
<allocation-taxation id="3899" taxation-threshold="18874368" timestamp="2019-06-15T00:49:45.548" intervalms="6.441" />
<cycle-start id="3900" type="partial gc" contextid="0" timestamp="2019-06-15T00:49:45.548" intervalms="16.232" />
<gc-start id="3901" type="partial gc" contextid="3900" timestamp="2019-06-15T00:49:45.548">
  <mem-info id="3902" free="36700160" total="123731968" percent="29">
    <mem type="eden" free="1048536" total="38797312" percent="2" />
    <remembered-set count="84192" freebytes="4602240" totalbytes="4939008" percent="93" regionsoverflowed="0" regionsstable="0" regionsrebuilding="18"/>
  </mem-info>
</gc-start>
<allocation-stats totalBytes="37682128" >
  <allocated-bytes non-tlh="0" tlh="37682128" arrayletleaf="0"/>
  <largest-consumer threadName="main" threadId="000000000118C700" bytes="18840720" />
</allocation-stats>
<gc-op id="3903" type="copy forward" timems="1.776" contextid="3900" timestamp="2019-06-15T00:49:45.551">
  <memory-copied type="eden" objects="2" bytes="40" bytesdiscarded="0" />
  <memory-copied type="other" objects="21" bytes="1200" bytesdiscarded="0" />
  <memory-cardclean objects="48" bytes="1496" />
  <regions eden="36" other="2" />
  <remembered-set-cleared processed="81175" cleared="29" durationms="0.569" />
  <stringconstants candidates="13683" cleared="0"  />
</gc-op>
<gc-op id="3904" type="classunload" timems="0.003" contextid="3900" timestamp="2019-06-15T00:49:45.551">
  <classunload-info classloadercandidates="53" classloadersunloaded="0" classesunloaded="0" anonymousclassesunloaded="0" quiescems="0.000" setupms="0.003" scanms="0.000" postms="0.000" />
</gc-op>
<gc-end id="3905" type="partial gc" contextid="3900" durationms="3.007" usertimems="0.000" systemtimems="0.000" timestamp="2019-06-15T00:49:45.551" activeThreads="1">
  <mem-info id="3906" free="74448896" total="123731968" percent="60">
    <mem type="eden" free="1048536" total="1048576" percent="99" />
    <remembered-set count="84672" freebytes="4600320" totalbytes="4939008" percent="93" regionsoverflowed="0" regionsstable="0" regionsrebuilding="18"/>
  </mem-info>
</gc-end>
<cycle-end id="3907" type="partial gc" contextid="3900" timestamp="2019-06-15T00:49:45.552" />
  <attribute name="elasticGC enabled" value="1" />
  <attribute name= "numThreadsSpecified" value="1" />
  <attribute name="heapSize specified" value="0" />
  <attribute name="Current GC Util" value="160" />
  <attribute name= "Current Time Running" value="22444" />
  <attribute name ="GC Interval" value="0" />
  <attribute name="ProportionalT" value="70.000000" />
  <attribute name="ProportionalI" value="70.000000" />
  <attribute name="ProportionalH" value="70.000000" />
  <attribute name="Current Error" value="140.000000" />
  <attribute name="IntegralT" value="0.000000" />
  <attribute name="IntegralI" value="0.000000" />
  <attribute name="IntegralH" value="0.000000" />
  <attribute name="DerivativeT" value="inf" />
  <attribute name="DerivativeI" value="inf" />
  <attribute name="DerivativeH" value="inf" />
  <attribute name="Loop Time for DT" value="0.000000" />
  <attribute name="Output H" value="8388608"/>
  <attribute name="Output I" value="200"/>
  <attribute name="Output T" value="1"/>
  <attribute name="Target GC Util Change" value ="20.000000" />
  <attribute name="Current GC Util Change" value="160.000000"/>
  <attribute name="GC Util currently" value="160" />
  <attribute name="CPU Util currently" value="13513187274891" />
<exclusive-end id="3908" timestamp="2019-06-15T00:49:45.552" durationms="4.114" />

<exclusive-start id="3909" timestamp="2019-06-15T00:49:45.558" intervalms="10.223">
  <response-info timems="0.072" idlems="0.072" threads="0" lastid="000000000118C700" lastname="main" />
</exclusive-start>
<allocation-taxation id="3910" taxation-threshold="18874368" timestamp="2019-06-15T00:49:45.558" intervalms="10.215" />
<gc-start id="3911" type="global mark phase" contextid="3744" timestamp="2019-06-15T00:49:45.558">
  <mem-info id="3912" free="55574528" total="123731968" percent="44">
    <remembered-set count="84224" freebytes="4602112" totalbytes="4939008" percent="93" regionsoverflowed="0" regionsstable="0" regionsrebuilding="18"/>
  </mem-info>
</gc-start>
<gc-end id="3913" type="global mark phase" contextid="3744" durationms="0.212" usertimems="0.000" systemtimems="0.000" timestamp="2019-06-15T00:49:45.559" activeThreads="1">
  <mem-info id="3914" free="55574528" total="123731968" percent="44">
    <remembered-set count="84224" freebytes="4602112" totalbytes="4939008" percent="93" regionsoverflowed="0" regionsstable="0" regionsrebuilding="18"/>
  </mem-info>
</gc-end>
<concurrent-start id="3915" type="GMP work packet processing" contextid="3744" timestamp="2019-06-15T00:49:45.559">
  <concurrent-mark-start scanTarget="1048576" />
</concurrent-start>
<exclusive-end id="3916" timestamp="2019-06-15T00:49:45.559" durationms="0.979" />

<concurrent-end id="3917" type="GMP work packet processing" contextid="3744" timestamp="2019-06-15T00:49:45.560">
  <concurrent-mark-end bytesScanned="1103392" reasonForTermination="Work target met" />
</concurrent-end>

<exclusive-start id="3918" timestamp="2019-06-15T00:49:45.564" intervalms="6.497">
  <response-info timems="0.075" idlems="0.075" threads="0" lastid="000000000118C700" lastname="main" />
</exclusive-start>
<allocation-taxation id="3919" taxation-threshold="18874368" timestamp="2019-06-15T00:49:45.565" intervalms="6.489" />
<cycle-start id="3920" type="partial gc" contextid="0" timestamp="2019-06-15T00:49:45.565" intervalms="16.725" />
<gc-start id="3921" type="partial gc" contextid="3920" timestamp="2019-06-15T00:49:45.565">
  <mem-info id="3922" free="36700160" total="123731968" percent="29">
    <mem type="eden" free="1048536" total="38797312" percent="2" />
    <remembered-set count="96896" freebytes="4551424" totalbytes="4939008" percent="92" regionsoverflowed="0" regionsstable="0" regionsrebuilding="18"/>
  </mem-info>
</gc-start>
<allocation-stats totalBytes="37681464" >
  <allocated-bytes non-tlh="0" tlh="37681464" arrayletleaf="0"/>
  <largest-consumer threadName="main" threadId="000000000118C700" bytes="18840720" />
</allocation-stats>
<gc-op id="3923" type="copy forward" timems="1.855" contextid="3920" timestamp="2019-06-15T00:49:45.568">
  <memory-copied type="eden" objects="2" bytes="40" bytesdiscarded="0" />
  <memory-copied type="other" objects="21" bytes="1200" bytesdiscarded="0" />
  <memory-cardclean objects="48" bytes="1496" />
  <regions eden="36" other="2" />
  <remembered-set-cleared processed="93838" cleared="28" durationms="0.676" />
  <stringconstants candidates="13683" cleared="0"  />
</gc-op>
<gc-op id="3924" type="classunload" timems="0.003" contextid="3920" timestamp="2019-06-15T00:49:45.568">
  <classunload-info classloadercandidates="53" classloadersunloaded="0" classesunloaded="0" anonymousclassesunloaded="0" quiescems="0.000" setupms="0.003" scanms="0.000" postms="0.000" />
</gc-op>
<gc-end id="3925" type="partial gc" contextid="3920" durationms="3.126" usertimems="0.000" systemtimems="4.000" timestamp="2019-06-15T00:49:45.568" activeThreads="1">
  <mem-info id="3926" free="74448896" total="123731968" percent="60">
    <mem type="eden" free="1048536" total="1048576" percent="99" />
    <remembered-set count="97408" freebytes="4549376" totalbytes="4939008" percent="92" regionsoverflowed="0" regionsstable="0" regionsrebuilding="18"/>
  </mem-info>
</gc-end>
<cycle-end id="3927" type="partial gc" contextid="3920" timestamp="2019-06-15T00:49:45.568" />
  <attribute name="elasticGC enabled" value="1" />
  <attribute name= "numThreadsSpecified" value="1" />
  <attribute name="heapSize specified" value="0" />
  <attribute name="Current GC Util" value="160" />
  <attribute name= "Current Time Running" value="22461" />
  <attribute name ="GC Interval" value="0" />
  <attribute name="ProportionalT" value="70.000000" />
  <attribute name="ProportionalI" value="70.000000" />
  <attribute name="ProportionalH" value="70.000000" />
  <attribute name="Current Error" value="140.000000" />
  <attribute name="IntegralT" value="0.000000" />
  <attribute name="IntegralI" value="0.000000" />
  <attribute name="IntegralH" value="0.000000" />
  <attribute name="DerivativeT" value="inf" />
  <attribute name="DerivativeI" value="inf" />
  <attribute name="DerivativeH" value="inf" />
  <attribute name="Loop Time for DT" value="0.000000" />
  <attribute name="Output H" value="8388608"/>
  <attribute name="Output I" value="200"/>
  <attribute name="Output T" value="1"/>
  <attribute name="Target GC Util Change" value ="20.000000" />
  <attribute name="Current GC Util Change" value="160.000000"/>
  <attribute name="GC Util currently" value="160" />
  <attribute name="CPU Util currently" value="13621111090206" />
<exclusive-end id="3928" timestamp="2019-06-15T00:49:45.569" durationms="4.305" />

<exclusive-start id="3929" timestamp="2019-06-15T00:49:45.575" intervalms="10.306">
  <response-info timems="0.031" idlems="0.031" threads="0" lastid="000000000118C700" lastname="main" />
</exclusive-start>
<allocation-taxation id="3930" taxation-threshold="18874368" timestamp="2019-06-15T00:49:45.575" intervalms="10.259" />
<gc-start id="3931" type="global mark phase" contextid="3744" timestamp="2019-06-15T00:49:45.575">
  <mem-info id="3932" free="55574528" total="123731968" percent="44">
    <remembered-set count="96960" freebytes="4551168" totalbytes="4939008" percent="92" regionsoverflowed="0" regionsstable="0" regionsrebuilding="18"/>
  </mem-info>
</gc-start>
<gc-end id="3933" type="global mark phase" contextid="3744" durationms="0.165" usertimems="0.000" systemtimems="0.000" timestamp="2019-06-15T00:49:45.575" activeThreads="1">
  <mem-info id="3934" free="55574528" total="123731968" percent="44">
    <remembered-set count="96960" freebytes="4551168" totalbytes="4939008" percent="92" regionsoverflowed="0" regionsstable="0" regionsrebuilding="18"/>
  </mem-info>
</gc-end>
<concurrent-start id="3935" type="GMP work packet processing" contextid="3744" timestamp="2019-06-15T00:49:45.575">
  <concurrent-mark-start scanTarget="1048576" />
</concurrent-start>
<exclusive-end id="3936" timestamp="2019-06-15T00:49:45.576" durationms="0.895" />

<concurrent-end id="3937" type="GMP work packet processing" contextid="3744" timestamp="2019-06-15T00:49:45.577">
  <concurrent-mark-end bytesScanned="1095276" reasonForTermination="Work target met" />
</concurrent-end>

<exclusive-start id="3938" timestamp="2019-06-15T00:49:45.582" intervalms="6.781">
  <response-info timems="0.058" idlems="0.058" threads="0" lastid="000000000118C700" lastname="main" />
</exclusive-start>
<allocation-taxation id="3939" taxation-threshold="18874368" timestamp="2019-06-15T00:49:45.582" intervalms="6.777" />
<cycle-start id="3940" type="partial gc" contextid="0" timestamp="2019-06-15T00:49:45.582" intervalms="16.945" />
<gc-start id="3941" type="partial gc" contextid="3940" timestamp="2019-06-15T00:49:45.582">
  <mem-info id="3942" free="36700160" total="123731968" percent="29">
    <mem type="eden" free="1048536" total="38797312" percent="2" />
    <remembered-set count="104960" freebytes="4519168" totalbytes="4939008" percent="91" regionsoverflowed="0" regionsstable="0" regionsrebuilding="18"/>
  </mem-info>
</gc-start>
<allocation-stats totalBytes="37681464" >
  <allocated-bytes non-tlh="0" tlh="37681464" arrayletleaf="0"/>
  <largest-consumer threadName="main" threadId="000000000118C700" bytes="18840744" />
</allocation-stats>
<gc-op id="3943" type="copy forward" timems="2.887" contextid="3940" timestamp="2019-06-15T00:49:45.586">
  <memory-copied type="eden" objects="2" bytes="40" bytesdiscarded="752" />
  <memory-copied type="other" objects="21" bytes="1200" bytesdiscarded="568" />
  <memory-cardclean objects="48" bytes="1496" />
  <regions eden="36" other="2" />
  <remembered-set-cleared processed="102379" cleared="28" durationms="0.497" />
  <stringconstants candidates="13683" cleared="0"  />
</gc-op>
<gc-op id="3944" type="classunload" timems="0.003" contextid="3940" timestamp="2019-06-15T00:49:45.586">
  <classunload-info classloadercandidates="53" classloadersunloaded="0" classesunloaded="0" anonymousclassesunloaded="0" quiescems="0.000" setupms="0.003" scanms="0.000" postms="0.000" />
</gc-op>
<gc-end id="3945" type="partial gc" contextid="3940" durationms="3.880" usertimems="8.000" systemtimems="0.000" timestamp="2019-06-15T00:49:45.586" activeThreads="4">
  <mem-info id="3946" free="74448896" total="123731968" percent="60">
    <mem type="eden" free="1047784" total="1048576" percent="99" />
    <remembered-set count="106240" freebytes="4514048" totalbytes="4939008" percent="91" regionsoverflowed="0" regionsstable="0" regionsrebuilding="18"/>
  </mem-info>
</gc-end>
<cycle-end id="3947" type="partial gc" contextid="3940" timestamp="2019-06-15T00:49:45.586" />
  <attribute name="elasticGC enabled" value="1" />
  <attribute name= "numThreadsSpecified" value="4" />
  <attribute name="heapSize specified" value="0" />
  <attribute name="Current GC Util" value="183" />
  <attribute name= "Current Time Running" value="22478" />
  <attribute name ="GC Interval" value="0" />
  <attribute name="ProportionalT" value="81.500000" />
  <attribute name="ProportionalI" value="81.500000" />
  <attribute name="ProportionalH" value="81.500000" />
  <attribute name="Current Error" value="163.000000" />
  <attribute name="IntegralT" value="163.000000" />
  <attribute name="IntegralI" value="163.000000" />
  <attribute name="IntegralH" value="163.000000" />
  <attribute name="DerivativeT" value="68.500000" />
  <attribute name="DerivativeI" value="68.500000" />
  <attribute name="DerivativeH" value="68.500000" />
  <attribute name="Loop Time for DT" value="1.000000" />
  <attribute name="Output H" value="8388608"/>
  <attribute name="Output I" value="320"/>
  <attribute name="Output T" value="4"/>
  <attribute name="Target GC Util Change" value ="20.000000" />
  <attribute name="Current GC Util Change" value="183.000000"/>
  <attribute name="GC Util currently" value="183" />
  <attribute name="CPU Util currently" value="14183562188146" />
<exclusive-end id="3948" timestamp="2019-06-15T00:49:45.586" durationms="4.501" />

<exclusive-start id="3949" timestamp="2019-06-15T00:49:45.607" intervalms="25.738">
  <response-info timems="0.071" idlems="0.071" threads="0" lastid="000000000118C700" lastname="main" />
</exclusive-start>
<allocation-taxation id="3950" taxation-threshold="18874368" timestamp="2019-06-15T00:49:45.607" intervalms="25.751" />
<gc-start id="3951" type="global mark phase" contextid="3744" timestamp="2019-06-15T00:49:45.608">
  <mem-info id="3952" free="55574528" total="123731968" percent="44">
    <remembered-set count="106240" freebytes="4514048" totalbytes="4939008" percent="91" regionsoverflowed="0" regionsstable="0" regionsrebuilding="18"/>
  </mem-info>
</gc-start>
<gc-end id="3953" type="global mark phase" contextid="3744" durationms="0.139" usertimems="0.000" systemtimems="0.000" timestamp="2019-06-15T00:49:45.608" activeThreads="4">
  <mem-info id="3954" free="55574528" total="123731968" percent="44">
    <remembered-set count="106240" freebytes="4514048" totalbytes="4939008" percent="91" regionsoverflowed="0" regionsstable="0" regionsrebuilding="18"/>
  </mem-info>
</gc-end>
<concurrent-start id="3955" type="GMP work packet processing" contextid="3744" timestamp="2019-06-15T00:49:45.608">
  <concurrent-mark-start scanTarget="1448364" />
</concurrent-start>
<exclusive-end id="3956" timestamp="2019-06-15T00:49:45.608" durationms="0.734" />

<concurrent-end id="3957" type="GMP work packet processing" contextid="3744" timestamp="2019-06-15T00:49:45.610">
  <concurrent-mark-end bytesScanned="1502416" reasonForTermination="Work target met" />
</concurrent-end>

<exclusive-start id="3958" timestamp="2019-06-15T00:49:45.638" intervalms="31.022">
  <response-info timems="0.068" idlems="0.068" threads="0" lastid="000000000118C700" lastname="main" />
</exclusive-start>
<allocation-taxation id="3959" taxation-threshold="18874368" timestamp="2019-06-15T00:49:45.638" intervalms="31.011" />
<cycle-start id="3960" type="partial gc" contextid="0" timestamp="2019-06-15T00:49:45.639" intervalms="56.809" />
<gc-start id="3961" type="partial gc" contextid="3960" timestamp="2019-06-15T00:49:45.639">
  <mem-info id="3962" free="36700160" total="123731968" percent="29">
    <mem type="eden" free="1047784" total="38797312" percent="2" />
    <remembered-set count="121760" freebytes="4451968" totalbytes="4939008" percent="90" regionsoverflowed="0" regionsstable="0" regionsrebuilding="18"/>
  </mem-info>
</gc-start>
<allocation-stats totalBytes="37688040" >
  <allocated-bytes non-tlh="0" tlh="37688040" arrayletleaf="0"/>
  <largest-consumer threadName="main" threadId="000000000118C700" bytes="18840896" />
</allocation-stats>
<gc-op id="3963" type="copy forward" timems="3.626" contextid="3960" timestamp="2019-06-15T00:49:45.643">
  <memory-copied type="eden" objects="42" bytes="2008" bytesdiscarded="472" />
  <memory-copied type="other" objects="6" bytes="136" bytesdiscarded="0" />
  <memory-cardclean objects="82" bytes="2208" />
  <regions eden="36" other="2" />
  <remembered-set-cleared processed="118820" cleared="40" durationms="0.571" />
  <stringconstants candidates="13683" cleared="0"  />
</gc-op>
<gc-op id="3964" type="classunload" timems="0.004" contextid="3960" timestamp="2019-06-15T00:49:45.643">
  <classunload-info classloadercandidates="53" classloadersunloaded="0" classesunloaded="0" anonymousclassesunloaded="0" quiescems="0.000" setupms="0.004" scanms="0.000" postms="0.000" />
</gc-op>
<gc-end id="3965" type="partial gc" contextid="3960" durationms="4.692" usertimems="0.000" systemtimems="8.000" timestamp="2019-06-15T00:49:45.644" activeThreads="4">
  <mem-info id="3966" free="74448896" total="123731968" percent="60">
    <mem type="eden" free="1046096" total="1048576" percent="99" />
    <remembered-set count="122048" freebytes="4450816" totalbytes="4939008" percent="90" regionsoverflowed="0" regionsstable="0" regionsrebuilding="18"/>
  </mem-info>
</gc-end>
<cycle-end id="3967" type="partial gc" contextid="3960" timestamp="2019-06-15T00:49:45.644" />
  <attribute name="elasticGC enabled" value="1" />
  <attribute name= "numThreadsSpecified" value="4" />
  <attribute name="heapSize specified" value="0" />
  <attribute name="Current GC Util" value="151" />
  <attribute name= "Current Time Running" value="22535" />
  <attribute name ="GC Interval" value="0" />
  <attribute name="ProportionalT" value="65.500000" />
  <attribute name="ProportionalI" value="65.500000" />
  <attribute name="ProportionalH" value="65.500000" />
  <attribute name="Current Error" value="131.000000" />
  <attribute name="IntegralT" value="131.000000" />
  <attribute name="IntegralI" value="131.000000" />
  <attribute name="IntegralH" value="131.000000" />
  <attribute name="DerivativeT" value="65.500000" />
  <attribute name="DerivativeI" value="65.500000" />
  <attribute name="DerivativeH" value="65.500000" />
  <attribute name="Loop Time for DT" value="1.000000" />
  <attribute name="Output H" value="8388608"/>
  <attribute name="Output I" value="264"/>
  <attribute name="Output T" value="4"/>
  <attribute name="Target GC Util Change" value ="20.000000" />
  <attribute name="Current GC Util Change" value="151.000000"/>
  <attribute name="GC Util currently" value="151" />
  <attribute name="CPU Util currently" value="12787753644975" />
<exclusive-end id="3968" timestamp="2019-06-15T00:49:45.644" durationms="5.433" />

<exclusive-start id="3969" timestamp="2019-06-15T00:49:45.673" intervalms="34.644">
  <response-info timems="0.069" idlems="0.069" threads="0" lastid="000000000118C700" lastname="main" />
</exclusive-start>
<allocation-taxation id="3970" taxation-threshold="18874368" timestamp="2019-06-15T00:49:45.673" intervalms="34.654" />
<gc-start id="3971" type="global mark phase" contextid="3744" timestamp="2019-06-15T00:49:45.673">
  <mem-info id="3972" free="55574528" total="123731968" percent="44">
    <remembered-set count="122048" freebytes="4450816" totalbytes="4939008" percent="90" regionsoverflowed="0" regionsstable="0" regionsrebuilding="18"/>
  </mem-info>
</gc-start>
<gc-end id="3973" type="global mark phase" contextid="3744" durationms="0.137" usertimems="0.000" systemtimems="0.000" timestamp="2019-06-15T00:49:45.673" activeThreads="4">
  <mem-info id="3974" free="55574528" total="123731968" percent="44">
    <remembered-set count="122048" freebytes="4450816" totalbytes="4939008" percent="90" regionsoverflowed="0" regionsstable="0" regionsrebuilding="18"/>
  </mem-info>
</gc-end>
<concurrent-start id="3975" type="GMP work packet processing" contextid="3744" timestamp="2019-06-15T00:49:45.674">
  <concurrent-mark-start scanTarget="1448364" />
</concurrent-start>
<exclusive-end id="3976" timestamp="2019-06-15T00:49:45.674" durationms="0.725" />

<concurrent-end id="3977" type="GMP work packet processing" contextid="3744" timestamp="2019-06-15T00:49:45.675">
  <concurrent-mark-end bytesScanned="903244" reasonForTermination="Completed all work in GC phase" />
</concurrent-end>

<exclusive-start id="3978" timestamp="2019-06-15T00:49:45.686" intervalms="12.665">
  <response-info timems="0.071" idlems="0.071" threads="0" lastid="000000000118C700" lastname="main" />
</exclusive-start>
<allocation-taxation id="3979" taxation-threshold="18874368" timestamp="2019-06-15T00:49:45.686" intervalms="12.661" />
<cycle-start id="3980" type="partial gc" contextid="0" timestamp="2019-06-15T00:49:45.686" intervalms="47.327" />
<gc-start id="3981" type="partial gc" contextid="3980" timestamp="2019-06-15T00:49:45.686">
  <mem-info id="3982" free="36700160" total="123731968" percent="29">
    <mem type="eden" free="0" total="37748736" percent="0" />
    <remembered-set count="131648" freebytes="4412416" totalbytes="4939008" percent="89" regionsoverflowed="0" regionsstable="0" regionsrebuilding="18"/>
  </mem-info>
</gc-start>
<allocation-stats totalBytes="37698864" >
  <allocated-bytes non-tlh="0" tlh="37698864" arrayletleaf="0"/>
  <largest-consumer threadName="main" threadId="000000000118C700" bytes="18857232" />
</allocation-stats>
<gc-op id="3983" type="copy forward" timems="1.891" contextid="3980" timestamp="2019-06-15T00:49:45.689">
  <memory-copied type="eden" objects="28" bytes="1680" bytesdiscarded="0" />
  <memory-copied type="other" objects="18" bytes="408" bytesdiscarded="0" />
  <memory-cardclean objects="89" bytes="2368" />
  <regions eden="36" other="2" />
  <remembered-set-cleared processed="128059" cleared="51" durationms="0.837" />
  <stringconstants candidates="13683" cleared="0"  />
</gc-op>
<gc-op id="3984" type="classunload" timems="0.003" contextid="3980" timestamp="2019-06-15T00:49:45.689">
  <classunload-info classloadercandidates="53" classloadersunloaded="0" classesunloaded="0" anonymousclassesunloaded="0" quiescems="0.000" setupms="0.003" scanms="0.000" postms="0.000" />
</gc-op>
<gc-end id="3985" type="partial gc" contextid="3980" durationms="3.088" usertimems="0.000" systemtimems="0.000" timestamp="2019-06-15T00:49:45.689" activeThreads="1">
  <mem-info id="3986" free="73400320" total="123731968" percent="59">
    <mem type="eden" free="1046896" total="1048576" percent="99" />
    <remembered-set count="132032" freebytes="4410880" totalbytes="4939008" percent="89" regionsoverflowed="0" regionsstable="0" regionsrebuilding="18"/>
  </mem-info>
</gc-end>
<cycle-end id="3987" type="partial gc" contextid="3980" timestamp="2019-06-15T00:49:45.689" />
  <attribute name="elasticGC enabled" value="1" />
  <attribute name= "numThreadsSpecified" value="1" />
  <attribute name="heapSize specified" value="0" />
  <attribute name="Current GC Util" value="162" />
  <attribute name= "Current Time Running" value="22582" />
  <attribute name ="GC Interval" value="0" />
  <attribute name="ProportionalT" value="71.000000" />
  <attribute name="ProportionalI" value="71.000000" />
  <attribute name="ProportionalH" value="71.000000" />
  <attribute name="Current Error" value="142.000000" />
  <attribute name="IntegralT" value="0.000000" />
  <attribute name="IntegralI" value="0.000000" />
  <attribute name="IntegralH" value="0.000000" />
  <attribute name="DerivativeT" value="inf" />
  <attribute name="DerivativeI" value="inf" />
  <attribute name="DerivativeH" value="inf" />
  <attribute name="Loop Time for DT" value="0.000000" />
  <attribute name="Output H" value="8388608"/>
  <attribute name="Output I" value="200"/>
  <attribute name="Output T" value="1"/>
  <attribute name="Target GC Util Change" value ="20.000000" />
  <attribute name="Current GC Util Change" value="162.000000"/>
  <attribute name="GC Util currently" value="162" />
  <attribute name="CPU Util currently" value="13801740478288" />
<exclusive-end id="3988" timestamp="2019-06-15T00:49:45.690" durationms="4.049" />

<exclusive-start id="3989" timestamp="2019-06-15T00:49:45.697" intervalms="11.279">
  <response-info timems="0.069" idlems="0.069" threads="0" lastid="000000000118C700" lastname="main" />
</exclusive-start>
<allocation-taxation id="3990" taxation-threshold="18874368" timestamp="2019-06-15T00:49:45.697" intervalms="11.326" />
<gc-start id="3991" type="global mark phase" contextid="3744" timestamp="2019-06-15T00:49:45.697">
  <mem-info id="3992" free="54525952" total="123731968" percent="44">
    <remembered-set count="131648" freebytes="4412416" totalbytes="4939008" percent="89" regionsoverflowed="0" regionsstable="0" regionsrebuilding="18"/>
  </mem-info>
</gc-start>
<gc-op id="3993" type="mark increment" timems="2.485" contextid="3744" timestamp="2019-06-15T00:49:45.700">
  <trace-info objectcount="70" scancount="70" scanbytes="2396" />
  <cardclean-info objects="137" bytes="3440" />
  <finalization candidates="80" enqueued="0" />
  <ownableSynchronizers candidates="21" cleared="0" />
  <references type="soft" candidates="3321" cleared="1188" enqueued="594" dynamicThreshold="18" maxThreshold="32" />
  <references type="weak" candidates="5689" cleared="7" enqueued="3" />
  <references type="phantom" candidates="101" cleared="0" enqueued="0" />
  <stringconstants candidates="13683" cleared="364"  />
</gc-op>
<gc-op id="3994" type="classunload" timems="0.005" contextid="3744" timestamp="2019-06-15T00:49:45.700">
  <classunload-info classloadercandidates="53" classloadersunloaded="0" classesunloaded="0" anonymousclassesunloaded="0" quiescems="0.000" setupms="0.005" scanms="0.000" postms="0.000" />
</gc-op>
<gc-end id="3995" type="global mark phase" contextid="3744" durationms="2.964" usertimems="8.000" systemtimems="0.000" timestamp="2019-06-15T00:49:45.700" activeThreads="4">
  <mem-info id="3996" free="54525952" total="123731968" percent="44">
    <pending-finalizers system="0" default="0" reference="597" classloader="0" />
    <remembered-set count="133184" freebytes="4406272" totalbytes="4939008" percent="89" regionsoverflowed="0" regionsstable="0" regionsrebuilding="0"/>
  </mem-info>
</gc-end>
<cycle-end id="3997" type="global mark phase" contextid="3744" timestamp="2019-06-15T00:49:45.700" />
  <attribute name="elasticGC enabled" value="1" />
  <attribute name= "numThreadsSpecified" value="4" />
  <attribute name="heapSize specified" value="0" />
  <attribute name="Current GC Util" value="213" />
  <attribute name= "Current Time Running" value="22593" />
  <attribute name ="GC Interval" value="0" />
  <attribute name="ProportionalT" value="96.500000" />
  <attribute name="ProportionalI" value="96.500000" />
  <attribute name="ProportionalH" value="96.500000" />
  <attribute name="Current Error" value="193.000000" />
  <attribute name="IntegralT" value="0.000000" />
  <attribute name="IntegralI" value="0.000000" />
  <attribute name="IntegralH" value="0.000000" />
  <attribute name="DerivativeT" value="-inf" />
  <attribute name="DerivativeI" value="-inf" />
  <attribute name="DerivativeH" value="-inf" />
  <attribute name="Loop Time for DT" value="0.000000" />
  <attribute name="Output H" value="2091843584"/>
  <attribute name="Output I" value="200"/>
  <attribute name="Output T" value="4"/>
  <attribute name="Target GC Util Change" value ="20.000000" />
  <attribute name="Current GC Util Change" value="213.000000"/>
  <attribute name="GC Util currently" value="213" />
  <attribute name="CPU Util currently" value="10766565250055" />
<exclusive-end id="3998" timestamp="2019-06-15T00:49:45.700" durationms="3.566" />

<exclusive-start id="3999" timestamp="2019-06-15T00:49:45.708" intervalms="11.098">
  <response-info timems="0.070" idlems="0.070" threads="0" lastid="000000000118C700" lastname="main" />
</exclusive-start>
<allocation-taxation id="4000" taxation-threshold="18874368" timestamp="2019-06-15T00:49:45.708" intervalms="11.075" />
<cycle-start id="4001" type="partial gc" contextid="0" timestamp="2019-06-15T00:49:45.708" intervalms="22.393" />
<gc-start id="4002" type="partial gc" contextid="4001" timestamp="2019-06-15T00:49:45.709">
  <mem-info id="4003" free="35651584" total="123731968" percent="28">
    <mem type="eden" free="0" total="37748736" percent="0" />
    <remembered-set count="1984" freebytes="4931072" totalbytes="4939008" percent="99" regionsoverflowed="0" regionsstable="18" regionsrebuilding="0"/>
  </mem-info>
</gc-start>
<allocation-stats totalBytes="37718352" >
  <allocated-bytes non-tlh="0" tlh="37718352" arrayletleaf="0"/>
  <largest-consumer threadName="main" threadId="000000000118C700" bytes="18819760" />
</allocation-stats>
<gc-op id="4004" type="sweep" timems="0.915" contextid="4001" timestamp="2019-06-15T00:49:45.710" />
<gc-op id="4005" type="copy forward" timems="1.077" contextid="4001" timestamp="2019-06-15T00:49:45.712">
  <memory-copied type="eden" objects="5" bytes="3536" bytesdiscarded="0" />
  <memory-copied type="other" objects="30" bytes="1328" bytesdiscarded="0" />
  <memory-cardclean objects="72" bytes="4232" />
  <regions eden="18" other="4" />
  <remembered-set-cleared processed="111" cleared="7" durationms="0.141" />
  <stringconstants candidates="13319" cleared="0"  />
</gc-op>
<gc-op id="4006" type="classunload" timems="0.003" contextid="4001" timestamp="2019-06-15T00:49:45.712">
  <classunload-info classloadercandidates="53" classloadersunloaded="0" classesunloaded="0" anonymousclassesunloaded="0" quiescems="0.000" setupms="0.003" scanms="0.000" postms="0.000" />
</gc-op>
<heap-resize id="4007" type="expand" space="default" amount="5242880" count="1" timems="0.070" reason="excessive time being spent in gc" timestamp="2019-06-15T00:49:45.712" />
<gc-end id="4008" type="partial gc" contextid="4001" durationms="3.670" usertimems="4.000" systemtimems="0.000" timestamp="2019-06-15T00:49:45.712" activeThreads="1">
  <mem-info id="4009" free="77594624" total="128974848" percent="60">
    <mem type="eden" free="1045040" total="1048576" percent="99" />
    <remembered-set count="2432" freebytes="5138560" totalbytes="5148288" percent="99" regionsoverflowed="0" regionsstable="18" regionsrebuilding="0"/>
  </mem-info>
</gc-end>
<cycle-end id="4010" type="partial gc" contextid="4001" timestamp="2019-06-15T00:49:45.712" />
  <attribute name="elasticGC enabled" value="1" />
  <attribute name= "numThreadsSpecified" value="1" />
  <attribute name="heapSize specified" value="0" />
  <attribute name="Current GC Util" value="143" />
  <attribute name= "Current Time Running" value="22605" />
  <attribute name ="GC Interval" value="0" />
  <attribute name="ProportionalT" value="61.500000" />
  <attribute name="ProportionalI" value="61.500000" />
  <attribute name="ProportionalH" value="61.500000" />
  <attribute name="Current Error" value="123.000000" />
  <attribute name="IntegralT" value="0.000000" />
  <attribute name="IntegralI" value="0.000000" />
  <attribute name="IntegralH" value="0.000000" />
  <attribute name="DerivativeT" value="inf" />
  <attribute name="DerivativeI" value="inf" />
  <attribute name="DerivativeH" value="inf" />
  <attribute name="Loop Time for DT" value="0.000000" />
  <attribute name="Output H" value="8388608"/>
  <attribute name="Output I" value="200"/>
  <attribute name="Output T" value="1"/>
  <attribute name="Target GC Util Change" value ="20.000000" />
  <attribute name="Current GC Util Change" value="143.000000"/>
  <attribute name="GC Util currently" value="143" />
  <attribute name="CPU Util currently" value="12154855709663" />
<exclusive-end id="4011" timestamp="2019-06-15T00:49:45.713" durationms="4.631" />

<exclusive-start id="4012" timestamp="2019-06-15T00:49:45.750" intervalms="42.392">
  <response-info timems="0.059" idlems="0.059" threads="0" lastid="000000000118C700" lastname="main" />
</exclusive-start>
<allocation-taxation id="4013" taxation-threshold="38797312" timestamp="2019-06-15T00:49:45.751" intervalms="42.443" />
<cycle-start id="4014" type="partial gc" contextid="0" timestamp="2019-06-15T00:49:45.751" intervalms="42.460" />
<gc-start id="4015" type="partial gc" contextid="4014" timestamp="2019-06-15T00:49:45.751">
  <mem-info id="4016" free="38797312" total="128974848" percent="30">
    <mem type="eden" free="0" total="38797312" percent="0" />
    <remembered-set count="2016" freebytes="5140224" totalbytes="5148288" percent="99" regionsoverflowed="0" regionsstable="18" regionsrebuilding="0"/>
  </mem-info>
</gc-start>
<allocation-stats totalBytes="38751144" >
  <allocated-bytes non-tlh="0" tlh="38751144" arrayletleaf="0"/>
  <largest-consumer threadName="main" threadId="000000000118C700" bytes="38751144" />
</allocation-stats>
<gc-op id="4017" type="copy forward" timems="2.728" contextid="4014" timestamp="2019-06-15T00:49:45.755">
  <memory-copied type="eden" objects="36" bytes="6168" bytesdiscarded="0" />
  <memory-copied type="other" objects="117" bytes="5704" bytesdiscarded="240" />
  <memory-cardclean objects="256" bytes="7192" />
  <regions eden="37" other="15" />
  <remembered-set-cleared processed="77" cleared="22" durationms="0.091" />
  <stringconstants candidates="13319" cleared="0"  />
</gc-op>
<gc-op id="4018" type="classunload" timems="0.004" contextid="4014" timestamp="2019-06-15T00:49:45.755">
  <classunload-info classloadercandidates="53" classloadersunloaded="0" classesunloaded="0" anonymousclassesunloaded="0" quiescems="0.000" setupms="0.004" scanms="0.000" postms="0.000" />
</gc-op>
<gc-end id="4019" type="partial gc" contextid="4014" durationms="3.891" usertimems="8.000" systemtimems="0.000" timestamp="2019-06-15T00:49:45.755" activeThreads="4">
  <mem-info id="4020" free="87031808" total="128974848" percent="67">
    <mem type="eden" free="1042408" total="1048576" percent="99" />
    <remembered-set count="2528" freebytes="5138176" totalbytes="5148288" percent="99" regionsoverflowed="0" regionsstable="18" regionsrebuilding="0"/>
  </mem-info>
</gc-end>
<cycle-end id="4021" type="partial gc" contextid="4014" timestamp="2019-06-15T00:49:45.755" />
  <attribute name="elasticGC enabled" value="1" />
  <attribute name= "numThreadsSpecified" value="4" />
  <attribute name="heapSize specified" value="0" />
  <attribute name="Current GC Util" value="251" />
  <attribute name= "Current Time Running" value="22647" />
  <attribute name ="GC Interval" value="0" />
  <attribute name="ProportionalT" value="115.500000" />
  <attribute name="ProportionalI" value="115.500000" />
  <attribute name="ProportionalH" value="115.500000" />
  <attribute name="Current Error" value="231.000000" />
  <attribute name="IntegralT" value="231.000000" />
  <attribute name="IntegralI" value="231.000000" />
  <attribute name="IntegralH" value="231.000000" />
  <attribute name="DerivativeT" value="115.500000" />
  <attribute name="DerivativeI" value="115.500000" />
  <attribute name="DerivativeH" value="115.500000" />
  <attribute name="Loop Time for DT" value="1.000000" />
  <attribute name="Output H" value="8388608"/>
  <attribute name="Output I" value="464"/>
  <attribute name="Output T" value="4"/>
  <attribute name="Target GC Util Change" value ="20.000000" />
  <attribute name="Current GC Util Change" value="251.000000"/>
  <attribute name="GC Util currently" value="251" />
  <attribute name="CPU Util currently" value="11297696846316" />
<exclusive-end id="4022" timestamp="2019-06-15T00:49:45.755" durationms="4.854" />

<exclusive-start id="4023" timestamp="2019-06-15T00:49:45.820" intervalms="69.642">
  <response-info timems="0.061" idlems="0.061" threads="0" lastid="000000000118C700" lastname="main" />
</exclusive-start>
<allocation-taxation id="4024" taxation-threshold="38797312" timestamp="2019-06-15T00:49:45.820" intervalms="69.623" />
<cycle-start id="4025" type="partial gc" contextid="0" timestamp="2019-06-15T00:49:45.820" intervalms="69.575" />
<gc-start id="4026" type="partial gc" contextid="4025" timestamp="2019-06-15T00:49:45.821">
  <mem-info id="4027" free="48234496" total="128974848" percent="37">
    <mem type="eden" free="0" total="38797312" percent="0" />
    <remembered-set count="2528" freebytes="5138176" totalbytes="5148288" percent="99" regionsoverflowed="0" regionsstable="18" regionsrebuilding="0"/>
  </mem-info>
</gc-start>
<allocation-stats totalBytes="38731672" >
  <allocated-bytes non-tlh="0" tlh="38731672" arrayletleaf="0"/>
  <largest-consumer threadName="main" threadId="000000000118C700" bytes="38731672" />
</allocation-stats>
<gc-op id="4028" type="copy forward" timems="1.231" contextid="4025" timestamp="2019-06-15T00:49:45.823">
  <memory-copied type="eden" objects="0" bytes="0" bytesdiscarded="0" />
  <memory-copied type="other" objects="124" bytes="9296" bytesdiscarded="72" />
  <memory-cardclean objects="221" bytes="14352" />
  <regions eden="37" other="8" />
  <remembered-set-cleared processed="71" cleared="23" durationms="0.112" />
  <references type="weak" candidates="2" cleared="0" enqueued="0" />
  <stringconstants candidates="13319" cleared="0"  />
</gc-op>
<gc-op id="4029" type="classunload" timems="0.004" contextid="4025" timestamp="2019-06-15T00:49:45.823">
  <classunload-info classloadercandidates="53" classloadersunloaded="0" classesunloaded="0" anonymousclassesunloaded="0" quiescems="0.000" setupms="0.003" scanms="0.000" postms="0.000" />
</gc-op>
<gc-end id="4030" type="partial gc" contextid="4025" durationms="2.476" usertimems="4.000" systemtimems="0.000" timestamp="2019-06-15T00:49:45.823" activeThreads="1">
  <mem-info id="4031" free="91226112" total="128974848" percent="70">
    <remembered-set count="2528" freebytes="5138176" totalbytes="5148288" percent="99" regionsoverflowed="0" regionsstable="18" regionsrebuilding="0"/>
  </mem-info>
</gc-end>
<cycle-end id="4032" type="partial gc" contextid="4025" timestamp="2019-06-15T00:49:45.823" />
  <attribute name="elasticGC enabled" value="1" />
  <attribute name= "numThreadsSpecified" value="1" />
  <attribute name="heapSize specified" value="0" />
  <attribute name="Current GC Util" value="151" />
  <attribute name= "Current Time Running" value="22716" />
  <attribute name ="GC Interval" value="0" />
  <attribute name="ProportionalT" value="65.500000" />
  <attribute name="ProportionalI" value="65.500000" />
  <attribute name="ProportionalH" value="65.500000" />
  <attribute name="Current Error" value="131.000000" />
  <attribute name="IntegralT" value="0.000000" />
  <attribute name="IntegralI" value="0.000000" />
  <attribute name="IntegralH" value="0.000000" />
  <attribute name="DerivativeT" value="inf" />
  <attribute name="DerivativeI" value="inf" />
  <attribute name="DerivativeH" value="inf" />
  <attribute name="Loop Time for DT" value="0.000000" />
  <attribute name="Output H" value="8388608"/>
  <attribute name="Output I" value="200"/>
  <attribute name="Output T" value="1"/>
  <attribute name="Target GC Util Change" value ="20.000000" />
  <attribute name="Current GC Util Change" value="151.000000"/>
  <attribute name="GC Util currently" value="151" />
  <attribute name="CPU Util currently" value="12427472619419" />
<exclusive-end id="4033" timestamp="2019-06-15T00:49:45.823" durationms="3.469" />

<exclusive-start id="4034" timestamp="2019-06-15T00:49:45.909" intervalms="89.064">
  <response-info timems="0.074" idlems="0.074" threads="0" lastid="000000000118C700" lastname="main" />
</exclusive-start>
<allocation-taxation id="4035" taxation-threshold="38797312" timestamp="2019-06-15T00:49:45.909" intervalms="89.062" />
<cycle-start id="4036" type="partial gc" contextid="0" timestamp="2019-06-15T00:49:45.909" intervalms="89.113" />
<gc-start id="4037" type="partial gc" contextid="4036" timestamp="2019-06-15T00:49:45.910">
  <mem-info id="4038" free="52428800" total="128974848" percent="40">
    <mem type="eden" free="0" total="38797312" percent="0" />
    <remembered-set count="2336" freebytes="5138944" totalbytes="5148288" percent="99" regionsoverflowed="0" regionsstable="18" regionsrebuilding="0"/>
  </mem-info>
</gc-start>
<allocation-stats totalBytes="38767664" >
  <allocated-bytes non-tlh="0" tlh="38767664" arrayletleaf="0"/>
  <largest-consumer threadName="main" threadId="000000000118C700" bytes="38767664" />
</allocation-stats>
<gc-op id="4039" type="copy forward" timems="2.831" contextid="4036" timestamp="2019-06-15T00:49:45.913">
  <memory-copied type="eden" objects="28" bytes="896" bytesdiscarded="0" />
  <memory-copied type="other" objects="111" bytes="7648" bytesdiscarded="1328" />
  <memory-cardclean objects="202" bytes="14824" />
  <regions eden="37" other="5" />
  <remembered-set-cleared processed="62" cleared="13" durationms="0.087" />
  <references type="weak" candidates="60" cleared="0" enqueued="0" />
  <stringconstants candidates="13319" cleared="0"  />
</gc-op>
<gc-op id="4040" type="classunload" timems="0.004" contextid="4036" timestamp="2019-06-15T00:49:45.914">
  <classunload-info classloadercandidates="53" classloadersunloaded="0" classesunloaded="0" anonymousclassesunloaded="0" quiescems="0.000" setupms="0.004" scanms="0.000" postms="0.000" />
</gc-op>
<heap-resize id="4041" type="contract" space="default" amount="7340032" count="1" timems="0.056" reason="excess free space following gc" timestamp="2019-06-15T00:49:45.914" />
<gc-end id="4042" type="partial gc" contextid="4036" durationms="4.069" usertimems="8.000" systemtimems="0.000" timestamp="2019-06-15T00:49:45.914" activeThreads="4">
  <mem-info id="4043" free="84934656" total="121634816" percent="69">
    <mem type="eden" free="1047680" total="1048576" percent="99" />
    <remembered-set count="2016" freebytes="5140224" totalbytes="5148288" percent="99" regionsoverflowed="0" regionsstable="18" regionsrebuilding="0"/>
  </mem-info>
</gc-end>
<cycle-end id="4044" type="partial gc" contextid="4036" timestamp="2019-06-15T00:49:45.914" />
  <attribute name="elasticGC enabled" value="1" />
  <attribute name= "numThreadsSpecified" value="4" />
  <attribute name="heapSize specified" value="0" />
  <attribute name="Current GC Util" value="248" />
  <attribute name= "Current Time Running" value="22806" />
  <attribute name ="GC Interval" value="0" />
  <attribute name="ProportionalT" value="114.000000" />
  <attribute name="ProportionalI" value="114.000000" />
  <attribute name="ProportionalH" value="114.000000" />
  <attribute name="Current Error" value="228.000000" />
  <attribute name="IntegralT" value="228.000000" />
  <attribute name="IntegralI" value="228.000000" />
  <attribute name="IntegralH" value="228.000000" />
  <attribute name="DerivativeT" value="114.000000" />
  <attribute name="DerivativeI" value="114.000000" />
  <attribute name="DerivativeH" value="114.000000" />
  <attribute name="Loop Time for DT" value="1.000000" />
  <attribute name="Output H" value="8388608"/>
  <attribute name="Output I" value="456"/>
  <attribute name="Output T" value="4"/>
  <attribute name="Target GC Util Change" value ="20.000000" />
  <attribute name="Current GC Util Change" value="248.000000"/>
  <attribute name="GC Util currently" value="248" />
  <attribute name="CPU Util currently" value="11550120616616" />
<exclusive-end id="4045" timestamp="2019-06-15T00:49:45.914" durationms="4.988" />

<exclusive-start id="4046" timestamp="2019-06-15T00:49:45.978" intervalms="68.447">
  <response-info timems="0.082" idlems="0.082" threads="0" lastid="000000000118C700" lastname="main" />
</exclusive-start>
<allocation-taxation id="4047" taxation-threshold="36700160" timestamp="2019-06-15T00:49:45.978" intervalms="68.448" />
<cycle-start id="4048" type="partial gc" contextid="0" timestamp="2019-06-15T00:49:45.978" intervalms="68.452" />
<gc-start id="4049" type="partial gc" contextid="4048" timestamp="2019-06-15T00:49:45.978">
  <mem-info id="4050" free="48234496" total="121634816" percent="39">
    <mem type="eden" free="0" total="36700160" percent="0" />
    <remembered-set count="2016" freebytes="5140224" totalbytes="5148288" percent="99" regionsoverflowed="0" regionsstable="18" regionsrebuilding="0"/>
  </mem-info>
</gc-start>
<allocation-stats totalBytes="36693032" >
  <allocated-bytes non-tlh="0" tlh="36693032" arrayletleaf="0"/>
  <largest-consumer threadName="main" threadId="000000000118C700" bytes="36693032" />
</allocation-stats>
<gc-op id="4051" type="copy forward" timems="1.529" contextid="4048" timestamp="2019-06-15T00:49:45.981">
  <memory-copied type="eden" objects="2" bytes="40" bytesdiscarded="0" />
  <memory-copied type="other" objects="1339" bytes="53688" bytesdiscarded="456" />
  <memory-cardclean objects="320" bytes="13864" />
  <regions eden="35" other="6" />
  <remembered-set-cleared processed="39" cleared="15" durationms="0.101" />
  <references type="soft" candidates="8" cleared="0" enqueued="0" dynamicThreshold="22" maxThreshold="32" />
  <references type="weak" candidates="13" cleared="0" enqueued="0" />
  <stringconstants candidates="13319" cleared="0"  />
</gc-op>
<gc-op id="4052" type="classunload" timems="0.004" contextid="4048" timestamp="2019-06-15T00:49:45.981">
  <classunload-info classloadercandidates="53" classloadersunloaded="0" classesunloaded="0" anonymousclassesunloaded="0" quiescems="0.000" setupms="0.004" scanms="0.000" postms="0.000" />
</gc-op>
<heap-resize id="4053" type="contract" space="default" amount="6291456" count="1" timems="0.051" reason="excess free space following gc" timestamp="2019-06-15T00:49:45.981" />
<gc-end id="4054" type="partial gc" contextid="4048" durationms="3.287" usertimems="0.000" systemtimems="4.000" timestamp="2019-06-15T00:49:45.981" activeThreads="1">
  <mem-info id="4055" free="79691776" total="115343360" percent="69">
    <mem type="eden" free="1048536" total="1048576" percent="99" />
    <remembered-set count="800" freebytes="4852096" totalbytes="4855296" percent="99" regionsoverflowed="0" regionsstable="18" regionsrebuilding="0"/>
  </mem-info>
</gc-end>
<cycle-end id="4056" type="partial gc" contextid="4048" timestamp="2019-06-15T00:49:45.982" />
  <attribute name="elasticGC enabled" value="1" />
  <attribute name= "numThreadsSpecified" value="1" />
  <attribute name="heapSize specified" value="0" />
  <attribute name="Current GC Util" value="108" />
  <attribute name= "Current Time Running" value="22874" />
  <attribute name ="GC Interval" value="0" />
  <attribute name="ProportionalT" value="44.000000" />
  <attribute name="ProportionalI" value="44.000000" />
  <attribute name="ProportionalH" value="44.000000" />
  <attribute name="Current Error" value="88.000000" />
  <attribute name="IntegralT" value="0.000000" />
  <attribute name="IntegralI" value="0.000000" />
  <attribute name="IntegralH" value="0.000000" />
  <attribute name="DerivativeT" value="inf" />
  <attribute name="DerivativeI" value="inf" />
  <attribute name="DerivativeH" value="inf" />
  <attribute name="Loop Time for DT" value="0.000000" />
  <attribute name="Output H" value="8388608"/>
  <attribute name="Output I" value="200"/>
  <attribute name="Output T" value="1"/>
  <attribute name="Target GC Util Change" value ="20.000000" />
  <attribute name="Current GC Util Change" value="108.000000"/>
  <attribute name="GC Util currently" value="108" />
  <attribute name="CPU Util currently" value="6544266861807" />
<exclusive-end id="4057" timestamp="2019-06-15T00:49:45.982" durationms="4.306" />

<exclusive-start id="4058" timestamp="2019-06-15T00:49:46.043" intervalms="65.963">
  <response-info timems="0.096" idlems="0.096" threads="0" lastid="000000000118C700" lastname="main" />
</exclusive-start>
<allocation-taxation id="4059" taxation-threshold="35651584" timestamp="2019-06-15T00:49:46.044" intervalms="65.958" />
<cycle-start id="4060" type="partial gc" contextid="0" timestamp="2019-06-15T00:49:46.044" intervalms="65.905" />
<gc-start id="4061" type="partial gc" contextid="4060" timestamp="2019-06-15T00:49:46.044">
  <mem-info id="4062" free="44040192" total="115343360" percent="38">
    <mem type="eden" free="1048536" total="36700160" percent="2" />
    <remembered-set count="736" freebytes="4852352" totalbytes="4855296" percent="99" regionsoverflowed="0" regionsstable="18" regionsrebuilding="0"/>
  </mem-info>
</gc-start>
<allocation-stats totalBytes="35644656" >
  <allocated-bytes non-tlh="0" tlh="35644656" arrayletleaf="0"/>
  <largest-consumer threadName="main" threadId="000000000118C700" bytes="35644656" />
</allocation-stats>
<gc-op id="4063" type="copy forward" timems="2.980" contextid="4060" timestamp="2019-06-15T00:49:46.048">
  <memory-copied type="eden" objects="5" bytes="240" bytesdiscarded="0" />
  <memory-copied type="other" objects="50" bytes="1344" bytesdiscarded="664" />
  <memory-cardclean objects="74" bytes="2184" />
  <regions eden="34" other="3" />
  <remembered-set-cleared processed="72" cleared="4" durationms="0.082" />
  <stringconstants candidates="13319" cleared="0"  />
</gc-op>
<gc-op id="4064" type="classunload" timems="0.003" contextid="4060" timestamp="2019-06-15T00:49:46.048">
  <classunload-info classloadercandidates="53" classloadersunloaded="0" classesunloaded="0" anonymousclassesunloaded="0" quiescems="0.000" setupms="0.003" scanms="0.000" postms="0.000" />
</gc-op>
<heap-resize id="4065" type="contract" space="default" amount="6291456" count="1" timems="0.080" reason="excess free space following gc" timestamp="2019-06-15T00:49:46.048" />
<gc-end id="4066" type="partial gc" contextid="4060" durationms="4.511" usertimems="8.000" systemtimems="0.000" timestamp="2019-06-15T00:49:46.049" activeThreads="4">
  <mem-info id="4067" free="73400320" total="109051904" percent="67">
    <mem type="eden" free="1048336" total="1048576" percent="99" />
    <remembered-set count="2144" freebytes="4595584" totalbytes="4604160" percent="99" regionsoverflowed="0" regionsstable="18" regionsrebuilding="0"/>
  </mem-info>
</gc-end>
<cycle-end id="4068" type="partial gc" contextid="4060" timestamp="2019-06-15T00:49:46.049" />
  <attribute name="elasticGC enabled" value="1" />
  <attribute name= "numThreadsSpecified" value="4" />
  <attribute name="heapSize specified" value="0" />
  <attribute name="Current GC Util" value="151" />
  <attribute name= "Current Time Running" value="22940" />
  <attribute name ="GC Interval" value="0" />
  <attribute name="ProportionalT" value="65.500000" />
  <attribute name="ProportionalI" value="65.500000" />
  <attribute name="ProportionalH" value="65.500000" />
  <attribute name="Current Error" value="131.000000" />
  <attribute name="IntegralT" value="131.000000" />
  <attribute name="IntegralI" value="131.000000" />
  <attribute name="IntegralH" value="131.000000" />
  <attribute name="DerivativeT" value="65.500000" />
  <attribute name="DerivativeI" value="65.500000" />
  <attribute name="DerivativeH" value="65.500000" />
  <attribute name="Loop Time for DT" value="1.000000" />
  <attribute name="Output H" value="8388608"/>
  <attribute name="Output I" value="264"/>
  <attribute name="Output T" value="4"/>
  <attribute name="Target GC Util Change" value ="20.000000" />
  <attribute name="Current GC Util Change" value="151.000000"/>
  <attribute name="GC Util currently" value="151" />
  <attribute name="CPU Util currently" value="6824615214694" />
<exclusive-end id="4069" timestamp="2019-06-15T00:49:46.049" durationms="5.469" />

<exclusive-start id="4070" timestamp="2019-06-15T00:49:46.107" intervalms="63.887">
  <response-info timems="0.067" idlems="0.067" threads="0" lastid="000000000118C700" lastname="main" />
</exclusive-start>
<allocation-taxation id="4071" taxation-threshold="33554432" timestamp="2019-06-15T00:49:46.108" intervalms="63.885" />
<cycle-start id="4072" type="partial gc" contextid="0" timestamp="2019-06-15T00:49:46.108" intervalms="63.886" />
<gc-start id="4073" type="partial gc" contextid="4072" timestamp="2019-06-15T00:49:46.108">
  <mem-info id="4074" free="39845888" total="109051904" percent="36">
    <mem type="eden" free="1048336" total="34603008" percent="3" />
    <remembered-set count="2144" freebytes="4595584" totalbytes="4604160" percent="99" regionsoverflowed="0" regionsstable="18" regionsrebuilding="0"/>
  </mem-info>
</gc-start>
<allocation-stats totalBytes="33548072" >
  <allocated-bytes non-tlh="0" tlh="33548072" arrayletleaf="0"/>
  <largest-consumer threadName="main" threadId="000000000118C700" bytes="33548072" />
</allocation-stats>
<gc-op id="4075" type="copy forward" timems="2.406" contextid="4072" timestamp="2019-06-15T00:49:46.111">
  <memory-copied type="eden" objects="5" bytes="240" bytesdiscarded="0" />
  <memory-copied type="other" objects="0" bytes="0" bytesdiscarded="0" />
  <memory-cardclean objects="21" bytes="824" />
  <regions eden="32" other="1" />
  <remembered-set-cleared processed="78" cleared="1" durationms="0.088" />
  <stringconstants candidates="13319" cleared="0"  />
</gc-op>
<gc-op id="4076" type="classunload" timems="0.004" contextid="4072" timestamp="2019-06-15T00:49:46.112">
  <classunload-info classloadercandidates="53" classloadersunloaded="0" classesunloaded="0" anonymousclassesunloaded="0" quiescems="0.000" setupms="0.004" scanms="0.000" postms="0.000" />
</gc-op>
<heap-resize id="4077" type="contract" space="default" amount="6291456" count="1" timems="0.115" reason="excess free space following gc" timestamp="2019-06-15T00:49:46.112" />
<gc-end id="4078" type="partial gc" contextid="4072" durationms="3.877" usertimems="4.000" systemtimems="4.000" timestamp="2019-06-15T00:49:46.112" activeThreads="4">
  <mem-info id="4079" free="67108864" total="102760448" percent="65">
    <mem type="eden" free="1048336" total="1048576" percent="99" />
    <remembered-set count="1792" freebytes="4345856" totalbytes="4353024" percent="99" regionsoverflowed="0" regionsstable="18" regionsrebuilding="0"/>
  </mem-info>
</gc-end>
<cycle-end id="4080" type="partial gc" contextid="4072" timestamp="2019-06-15T00:49:46.112" />
  <attribute name="elasticGC enabled" value="1" />
  <attribute name= "numThreadsSpecified" value="4" />
  <attribute name="heapSize specified" value="0" />
  <attribute name="Current GC Util" value="86" />
  <attribute name= "Current Time Running" value="23004" />
  <attribute name ="GC Interval" value="0" />
  <attribute name="ProportionalT" value="33.000000" />
  <attribute name="ProportionalI" value="33.000000" />
  <attribute name="ProportionalH" value="33.000000" />
  <attribute name="Current Error" value="66.000000" />
  <attribute name="IntegralT" value="66.000000" />
  <attribute name="IntegralI" value="66.000000" />
  <attribute name="IntegralH" value="66.000000" />
  <attribute name="DerivativeT" value="33.000000" />
  <attribute name="DerivativeI" value="33.000000" />
  <attribute name="DerivativeH" value="33.000000" />
  <attribute name="Loop Time for DT" value="1.000000" />
  <attribute name="Output H" value="8388608"/>
  <attribute name="Output I" value="200"/>
  <attribute name="Output T" value="4"/>
  <attribute name="Target GC Util Change" value ="20.000000" />
  <attribute name="Current GC Util Change" value="86.000000"/>
  <attribute name="GC Util currently" value="86" />
  <attribute name="CPU Util currently" value="7213446139182" />
<exclusive-end id="4081" timestamp="2019-06-15T00:49:46.112" durationms="4.807" />

<exclusive-start id="4082" timestamp="2019-06-15T00:49:46.168" intervalms="60.552">
  <response-info timems="0.089" idlems="0.089" threads="0" lastid="000000000118C700" lastname="main" />
</exclusive-start>
<allocation-taxation id="4083" taxation-threshold="32505856" timestamp="2019-06-15T00:49:46.168" intervalms="60.494" />
<cycle-start id="4084" type="partial gc" contextid="0" timestamp="2019-06-15T00:49:46.168" intervalms="60.498" />
<gc-start id="4085" type="partial gc" contextid="4084" timestamp="2019-06-15T00:49:46.168">
  <mem-info id="4086" free="34603008" total="102760448" percent="33">
    <mem type="eden" free="1048336" total="33554432" percent="3" />
    <remembered-set count="1792" freebytes="4345856" totalbytes="4353024" percent="99" regionsoverflowed="0" regionsstable="18" regionsrebuilding="0"/>
  </mem-info>
</gc-start>
<allocation-stats totalBytes="32499984" >
  <allocated-bytes non-tlh="0" tlh="32499984" arrayletleaf="0"/>
  <largest-consumer threadName="main" threadId="000000000118C700" bytes="32499984" />
</allocation-stats>
<gc-op id="4087" type="copy forward" timems="0.978" contextid="4084" timestamp="2019-06-15T00:49:46.170">
  <memory-copied type="eden" objects="7" bytes="336" bytesdiscarded="0" />
  <memory-copied type="other" objects="0" bytes="0" bytesdiscarded="0" />
  <memory-cardclean objects="21" bytes="824" />
  <regions eden="31" other="1" />
  <remembered-set-cleared processed="78" cleared="1" durationms="0.106" />
  <stringconstants candidates="13319" cleared="0"  />
</gc-op>
<gc-op id="4088" type="classunload" timems="0.004" contextid="4084" timestamp="2019-06-15T00:49:46.171">
  <classunload-info classloadercandidates="53" classloadersunloaded="0" classesunloaded="0" anonymousclassesunloaded="0" quiescems="0.000" setupms="0.004" scanms="0.000" postms="0.000" />
</gc-op>
<heap-resize id="4089" type="contract" space="default" amount="5242880" count="1" timems="0.132" reason="excess free space following gc" timestamp="2019-06-15T00:49:46.171" />
<gc-end id="4090" type="partial gc" contextid="4084" durationms="2.588" usertimems="4.000" systemtimems="0.000" timestamp="2019-06-15T00:49:46.171" activeThreads="1">
  <mem-info id="4091" free="61865984" total="97517568" percent="63">
    <mem type="eden" free="1048240" total="1048576" percent="99" />
    <remembered-set count="1280" freebytes="4096768" totalbytes="4101888" percent="99" regionsoverflowed="0" regionsstable="18" regionsrebuilding="0"/>
  </mem-info>
</gc-end>
<cycle-end id="4092" type="partial gc" contextid="4084" timestamp="2019-06-15T00:49:46.171" />
  <attribute name="elasticGC enabled" value="1" />
  <attribute name= "numThreadsSpecified" value="1" />
  <attribute name="heapSize specified" value="0" />
  <attribute name="Current GC Util" value="98" />
  <attribute name= "Current Time Running" value="23064" />
  <attribute name ="GC Interval" value="0" />
  <attribute name="ProportionalT" value="39.000000" />
  <attribute name="ProportionalI" value="39.000000" />
  <attribute name="ProportionalH" value="39.000000" />
  <attribute name="Current Error" value="78.000000" />
  <attribute name="IntegralT" value="0.000000" />
  <attribute name="IntegralI" value="0.000000" />
  <attribute name="IntegralH" value="0.000000" />
  <attribute name="DerivativeT" value="inf" />
  <attribute name="DerivativeI" value="inf" />
  <attribute name="DerivativeH" value="inf" />
  <attribute name="Loop Time for DT" value="0.000000" />
  <attribute name="Output H" value="8388608"/>
  <attribute name="Output I" value="200"/>
  <attribute name="Output T" value="1"/>
  <attribute name="Target GC Util Change" value ="20.000000" />
  <attribute name="Current GC Util Change" value="98.000000"/>
  <attribute name="GC Util currently" value="98" />
  <attribute name="CPU Util currently" value="7620731981536" />
<exclusive-end id="4093" timestamp="2019-06-15T00:49:46.171" durationms="3.467" />

<exclusive-start id="4094" timestamp="2019-06-15T00:49:46.198" intervalms="29.939">
  <response-info timems="0.055" idlems="0.055" threads="0" lastid="000000000118C700" lastname="main" />
</exclusive-start>
<allocation-taxation id="4095" taxation-threshold="14680064" timestamp="2019-06-15T00:49:46.198" intervalms="30.010" />
<cycle-start id="4096" type="global mark phase" contextid="0" timestamp="2019-06-15T00:49:46.198" intervalms="1032.917" />
<gc-start id="4097" type="global mark phase" contextid="4096" timestamp="2019-06-15T00:49:46.198">
  <mem-info id="4098" free="47185920" total="97517568" percent="48">
    <remembered-set count="832" freebytes="4098560" totalbytes="4101888" percent="99" regionsoverflowed="0" regionsstable="18" regionsrebuilding="0"/>
  </mem-info>
</gc-start>
<gc-op id="4099" type="mark increment" timems="2.915" contextid="4096" timestamp="2019-06-15T00:49:46.201">
  <trace-info objectcount="36633" scancount="19461" scanbytes="695528" />
</gc-op>
<gc-end id="4100" type="global mark phase" contextid="4096" durationms="3.036" usertimems="8.000" systemtimems="0.000" timestamp="2019-06-15T00:49:46.201" activeThreads="4">
  <mem-info id="4101" free="47185920" total="97517568" percent="48">
    <remembered-set count="11072" freebytes="4057600" totalbytes="4101888" percent="98" regionsoverflowed="0" regionsstable="0" regionsrebuilding="18"/>
  </mem-info>
</gc-end>
<concurrent-start id="4102" type="GMP work packet processing" contextid="4096" timestamp="2019-06-15T00:49:46.201">
  <concurrent-mark-start scanTarget="1048576" />
</concurrent-start>
<exclusive-end id="4103" timestamp="2019-06-15T00:49:46.202" durationms="3.723" />

<concurrent-end id="4104" type="GMP work packet processing" contextid="4096" timestamp="2019-06-15T00:49:46.204">
  <concurrent-mark-end bytesScanned="1128780" reasonForTermination="Work target met" />
</concurrent-end>

<exclusive-start id="4105" timestamp="2019-06-15T00:49:46.228" intervalms="29.698">
  <response-info timems="0.085" idlems="0.085" threads="0" lastid="000000000118C700" lastname="main" />
</exclusive-start>
<allocation-taxation id="4106" taxation-threshold="14680064" timestamp="2019-06-15T00:49:46.228" intervalms="29.642" />
<cycle-start id="4107" type="partial gc" contextid="0" timestamp="2019-06-15T00:49:46.228" intervalms="59.638" />
<gc-start id="4108" type="partial gc" contextid="4107" timestamp="2019-06-15T00:49:46.228">
  <mem-info id="4109" free="32505856" total="97517568" percent="33">
    <mem type="eden" free="1048240" total="30408704" percent="3" />
    <remembered-set count="24864" freebytes="4002432" totalbytes="4101888" percent="97" regionsoverflowed="0" regionsstable="0" regionsrebuilding="18"/>
  </mem-info>
</gc-start>
<allocation-stats totalBytes="29355008" >
  <allocated-bytes non-tlh="0" tlh="29355008" arrayletleaf="0"/>
  <largest-consumer threadName="main" threadId="000000000118C700" bytes="14677648" />
</allocation-stats>
<gc-op id="4110" type="copy forward" timems="3.346" contextid="4107" timestamp="2019-06-15T00:49:46.233">
  <memory-copied type="eden" objects="6" bytes="264" bytesdiscarded="0" />
  <memory-copied type="other" objects="0" bytes="0" bytesdiscarded="0" />
  <memory-cardclean objects="195" bytes="11928" />
  <regions eden="28" other="1" />
  <remembered-set-cleared processed="21822" cleared="234" durationms="0.154" />
  <stringconstants candidates="13319" cleared="0"  />
</gc-op>
<gc-op id="4111" type="classunload" timems="0.004" contextid="4107" timestamp="2019-06-15T00:49:46.233">
  <classunload-info classloadercandidates="53" classloadersunloaded="0" classesunloaded="0" anonymousclassesunloaded="0" quiescems="0.000" setupms="0.004" scanms="0.000" postms="0.000" />
</gc-op>
<heap-resize id="4112" type="contract" space="default" amount="5242880" count="1" timems="0.237" reason="excess free space following gc" timestamp="2019-06-15T00:49:46.233" />
<gc-end id="4113" type="partial gc" contextid="4107" durationms="5.024" usertimems="8.000" systemtimems="0.000" timestamp="2019-06-15T00:49:46.233" activeThreads="4">
  <mem-info id="4114" free="56623104" total="92274688" percent="61">
    <mem type="eden" free="1048312" total="1048576" percent="99" />
    <remembered-set count="24960" freebytes="3792768" totalbytes="3892608" percent="97" regionsoverflowed="0" regionsstable="0" regionsrebuilding="18"/>
  </mem-info>
</gc-end>
<cycle-end id="4115" type="partial gc" contextid="4107" timestamp="2019-06-15T00:49:46.233" />
  <attribute name="elasticGC enabled" value="1" />
  <attribute name= "numThreadsSpecified" value="4" />
  <attribute name="heapSize specified" value="0" />
  <attribute name="Current GC Util" value="95" />
  <attribute name= "Current Time Running" value="23124" />
  <attribute name ="GC Interval" value="0" />
  <attribute name="ProportionalT" value="37.500000" />
  <attribute name="ProportionalI" value="37.500000" />
  <attribute name="ProportionalH" value="37.500000" />
  <attribute name="Current Error" value="75.000000" />
  <attribute name="IntegralT" value="75.000000" />
  <attribute name="IntegralI" value="75.000000" />
  <attribute name="IntegralH" value="75.000000" />
  <attribute name="DerivativeT" value="37.500000" />
  <attribute name="DerivativeI" value="37.500000" />
  <attribute name="DerivativeH" value="37.500000" />
  <attribute name="Loop Time for DT" value="1.000000" />
  <attribute name="Output H" value="8388608"/>
  <attribute name="Output I" value="200"/>
  <attribute name="Output T" value="4"/>
  <attribute name="Target GC Util Change" value ="20.000000" />
  <attribute name="Current GC Util Change" value="95.000000"/>
  <attribute name="GC Util currently" value="95" />
  <attribute name="CPU Util currently" value="7244187460463" />
<exclusive-end id="4116" timestamp="2019-06-15T00:49:46.233" durationms="5.929" />

<exclusive-start id="4117" timestamp="2019-06-15T00:49:46.259" intervalms="31.078">
  <response-info timems="0.055" idlems="0.055" threads="0" lastid="000000000118C700" lastname="main" />
</exclusive-start>
<allocation-taxation id="4118" taxation-threshold="14680064" timestamp="2019-06-15T00:49:46.259" intervalms="31.112" />
<gc-start id="4119" type="global mark phase" contextid="4096" timestamp="2019-06-15T00:49:46.259">
  <mem-info id="4120" free="41943040" total="92274688" percent="45">
    <remembered-set count="24960" freebytes="3792768" totalbytes="3892608" percent="97" regionsoverflowed="0" regionsstable="0" regionsrebuilding="18"/>
  </mem-info>
</gc-start>
<gc-end id="4121" type="global mark phase" contextid="4096" durationms="0.143" usertimems="0.000" systemtimems="0.000" timestamp="2019-06-15T00:49:46.259" activeThreads="4">
  <mem-info id="4122" free="41943040" total="92274688" percent="45">
    <remembered-set count="24960" freebytes="3792768" totalbytes="3892608" percent="97" regionsoverflowed="0" regionsstable="0" regionsrebuilding="18"/>
  </mem-info>
</gc-end>
<concurrent-start id="4123" type="GMP work packet processing" contextid="4096" timestamp="2019-06-15T00:49:46.259">
  <concurrent-mark-start scanTarget="1048576" />
</concurrent-start>
<exclusive-end id="4124" timestamp="2019-06-15T00:49:46.259" durationms="0.837" />

<concurrent-end id="4125" type="GMP work packet processing" contextid="4096" timestamp="2019-06-15T00:49:46.261">
  <concurrent-mark-end bytesScanned="1080940" reasonForTermination="Work target met" />
</concurrent-end>

<exclusive-start id="4126" timestamp="2019-06-15T00:49:46.286" intervalms="26.909">
  <response-info timems="0.056" idlems="0.056" threads="0" lastid="000000000118C700" lastname="main" />
</exclusive-start>
<allocation-taxation id="4127" taxation-threshold="14680064" timestamp="2019-06-15T00:49:46.286" intervalms="26.881" />
<cycle-start id="4128" type="partial gc" contextid="0" timestamp="2019-06-15T00:49:46.286" intervalms="58.023" />
<gc-start id="4129" type="partial gc" contextid="4128" timestamp="2019-06-15T00:49:46.286">
  <mem-info id="4130" free="27262976" total="92274688" percent="29">
    <mem type="eden" free="1048312" total="30408704" percent="3" />
    <remembered-set count="34688" freebytes="3753856" totalbytes="3892608" percent="96" regionsoverflowed="0" regionsstable="0" regionsrebuilding="18"/>
  </mem-info>
</gc-start>
<allocation-stats totalBytes="29354560" >
  <allocated-bytes non-tlh="0" tlh="29354560" arrayletleaf="0"/>
  <largest-consumer threadName="main" threadId="000000000118C700" bytes="14677256" />
</allocation-stats>
<gc-op id="4131" type="copy forward" timems="3.827" contextid="4128" timestamp="2019-06-15T00:49:46.291">
  <memory-copied type="eden" objects="4" bytes="200" bytesdiscarded="0" />
  <memory-copied type="other" objects="0" bytes="0" bytesdiscarded="0" />
  <memory-cardclean objects="28637" bytes="1347064" />
  <regions eden="28" other="1" />
  <remembered-set-cleared processed="21259" cleared="6409" durationms="0.225" />
  <stringconstants candidates="13319" cleared="0"  />
</gc-op>
<gc-op id="4132" type="classunload" timems="0.005" contextid="4128" timestamp="2019-06-15T00:49:46.291">
  <classunload-info classloadercandidates="53" classloadersunloaded="0" classesunloaded="0" anonymousclassesunloaded="0" quiescems="0.000" setupms="0.004" scanms="0.000" postms="0.000" />
</gc-op>
<gc-end id="4133" type="partial gc" contextid="4128" durationms="5.098" usertimems="12.000" systemtimems="0.000" timestamp="2019-06-15T00:49:46.291" activeThreads="4">
  <mem-info id="4134" free="56623104" total="92274688" percent="61">
    <mem type="eden" free="1048376" total="1048576" percent="99" />
    <remembered-set count="23520" freebytes="3589248" totalbytes="3683328" percent="97" regionsoverflowed="0" regionsstable="0" regionsrebuilding="18"/>
  </mem-info>
</gc-end>
<cycle-end id="4135" type="partial gc" contextid="4128" timestamp="2019-06-15T00:49:46.291" />
  <attribute name="elasticGC enabled" value="1" />
  <attribute name= "numThreadsSpecified" value="4" />
  <attribute name="heapSize specified" value="0" />
  <attribute name="Current GC Util" value="100" />
  <attribute name= "Current Time Running" value="23182" />
  <attribute name ="GC Interval" value="0" />
  <attribute name="ProportionalT" value="40.000000" />
  <attribute name="ProportionalI" value="40.000000" />
  <attribute name="ProportionalH" value="40.000000" />
  <attribute name="Current Error" value="80.000000" />
  <attribute name="IntegralT" value="80.000000" />
  <attribute name="IntegralI" value="80.000000" />
  <attribute name="IntegralH" value="80.000000" />
  <attribute name="DerivativeT" value="40.000000" />
  <attribute name="DerivativeI" value="40.000000" />
  <attribute name="DerivativeH" value="40.000000" />
  <attribute name="Loop Time for DT" value="1.000000" />
  <attribute name="Output H" value="8388608"/>
  <attribute name="Output I" value="200"/>
  <attribute name="Output T" value="4"/>
  <attribute name="Target GC Util Change" value ="20.000000" />
  <attribute name="Current GC Util Change" value="100.000000"/>
  <attribute name="GC Util currently" value="100" />
  <attribute name="CPU Util currently" value="7528484255447" />
<exclusive-end id="4136" timestamp="2019-06-15T00:49:46.291" durationms="5.851" />

<exclusive-start id="4137" timestamp="2019-06-15T00:49:46.298" intervalms="12.034">
  <response-info timems="0.070" idlems="0.070" threads="0" lastid="000000000118C700" lastname="main" />
</exclusive-start>
<allocation-taxation id="4138" taxation-threshold="14680064" timestamp="2019-06-15T00:49:46.298" intervalms="12.052" />
<gc-start id="4139" type="global mark phase" contextid="4096" timestamp="2019-06-15T00:49:46.298">
  <mem-info id="4140" free="41943040" total="92274688" percent="45">
    <remembered-set count="23520" freebytes="3589248" totalbytes="3683328" percent="97" regionsoverflowed="0" regionsstable="0" regionsrebuilding="18"/>
  </mem-info>
</gc-start>
<gc-end id="4141" type="global mark phase" contextid="4096" durationms="0.136" usertimems="0.000" systemtimems="0.000" timestamp="2019-06-15T00:49:46.298" activeThreads="4">
  <mem-info id="4142" free="41943040" total="92274688" percent="45">
    <remembered-set count="23520" freebytes="3589248" totalbytes="3683328" percent="97" regionsoverflowed="0" regionsstable="0" regionsrebuilding="18"/>
  </mem-info>
</gc-end>
<concurrent-start id="4143" type="GMP work packet processing" contextid="4096" timestamp="2019-06-15T00:49:46.298">
  <concurrent-mark-start scanTarget="1048576" />
</concurrent-start>
<exclusive-end id="4144" timestamp="2019-06-15T00:49:46.298" durationms="0.736" />

<concurrent-end id="4145" type="GMP work packet processing" contextid="4096" timestamp="2019-06-15T00:49:46.300">
  <concurrent-mark-end bytesScanned="1108824" reasonForTermination="Work target met" />
</concurrent-end>

<exclusive-start id="4146" timestamp="2019-06-15T00:49:46.303" intervalms="5.813">
  <response-info timems="0.029" idlems="0.029" threads="0" lastid="000000000118C700" lastname="main" />
</exclusive-start>
<allocation-taxation id="4147" taxation-threshold="14680064" timestamp="2019-06-15T00:49:46.304" intervalms="5.769" />
<cycle-start id="4148" type="partial gc" contextid="0" timestamp="2019-06-15T00:49:46.304" intervalms="17.868" />
<gc-start id="4149" type="partial gc" contextid="4148" timestamp="2019-06-15T00:49:46.304">
  <mem-info id="4150" free="27262976" total="92274688" percent="29">
    <mem type="eden" free="1048376" total="30408704" percent="3" />
    <remembered-set count="32768" freebytes="3552256" totalbytes="3683328" percent="96" regionsoverflowed="0" regionsstable="0" regionsrebuilding="18"/>
  </mem-info>
</gc-start>
<allocation-stats totalBytes="29318080" >
  <allocated-bytes non-tlh="0" tlh="29318080" arrayletleaf="0"/>
  <largest-consumer threadName="main" threadId="000000000118C700" bytes="14659824" />
</allocation-stats>
<gc-op id="4151" type="copy forward" timems="1.293" contextid="4148" timestamp="2019-06-15T00:49:46.306">
  <memory-copied type="eden" objects="24" bytes="1272" bytesdiscarded="0" />
  <memory-copied type="other" objects="0" bytes="0" bytesdiscarded="0" />
  <memory-cardclean objects="63" bytes="1976" />
  <regions eden="28" other="1" />
  <remembered-set-cleared processed="30152" cleared="38" durationms="0.265" />
  <stringconstants candidates="13319" cleared="0"  />
</gc-op>
<gc-op id="4152" type="classunload" timems="0.004" contextid="4148" timestamp="2019-06-15T00:49:46.306">
  <classunload-info classloadercandidates="53" classloadersunloaded="0" classesunloaded="0" anonymousclassesunloaded="0" quiescems="0.000" setupms="0.004" scanms="0.000" postms="0.000" />
</gc-op>
<gc-end id="4153" type="partial gc" contextid="4148" durationms="2.345" usertimems="4.000" systemtimems="0.000" timestamp="2019-06-15T00:49:46.306" activeThreads="1">
  <mem-info id="4154" free="56623104" total="92274688" percent="61">
    <mem type="eden" free="1047304" total="1048576" percent="99" />
    <remembered-set count="33088" freebytes="3550976" totalbytes="3683328" percent="96" regionsoverflowed="0" regionsstable="0" regionsrebuilding="18"/>
  </mem-info>
</gc-end>
<cycle-end id="4155" type="partial gc" contextid="4148" timestamp="2019-06-15T00:49:46.306" />
  <attribute name="elasticGC enabled" value="1" />
  <attribute name= "numThreadsSpecified" value="1" />
  <attribute name="heapSize specified" value="0" />
  <attribute name="Current GC Util" value="65" />
  <attribute name= "Current Time Running" value="23199" />
  <attribute name ="GC Interval" value="0" />
  <attribute name="ProportionalT" value="22.500000" />
  <attribute name="ProportionalI" value="22.500000" />
  <attribute name="ProportionalH" value="22.500000" />
  <attribute name="Current Error" value="45.000000" />
  <attribute name="IntegralT" value="0.000000" />
  <attribute name="IntegralI" value="0.000000" />
  <attribute name="IntegralH" value="0.000000" />
  <attribute name="DerivativeT" value="inf" />
  <attribute name="DerivativeI" value="inf" />
  <attribute name="DerivativeH" value="inf" />
  <attribute name="Loop Time for DT" value="0.000000" />
  <attribute name="Output H" value="8388608"/>
  <attribute name="Output I" value="200"/>
  <attribute name="Output T" value="1"/>
  <attribute name="Target GC Util Change" value ="20.000000" />
  <attribute name="Current GC Util Change" value="65.000000"/>
  <attribute name="GC Util currently" value="65" />
  <attribute name="CPU Util currently" value="19985464730969" />
<exclusive-end id="4156" timestamp="2019-06-15T00:49:46.307" durationms="3.155" />

<exclusive-start id="4157" timestamp="2019-06-15T00:49:46.311" intervalms="7.700">
  <response-info timems="0.070" idlems="0.070" threads="0" lastid="000000000118C700" lastname="main" />
</exclusive-start>
<allocation-taxation id="4158" taxation-threshold="14680064" timestamp="2019-06-15T00:49:46.311" intervalms="7.721" />
<gc-start id="4159" type="global mark phase" contextid="4096" timestamp="2019-06-15T00:49:46.311">
  <mem-info id="4160" free="41943040" total="92274688" percent="45">
    <remembered-set count="32928" freebytes="3551616" totalbytes="3683328" percent="96" regionsoverflowed="0" regionsstable="0" regionsrebuilding="18"/>
  </mem-info>
</gc-start>
<gc-end id="4161" type="global mark phase" contextid="4096" durationms="0.134" usertimems="0.000" systemtimems="0.000" timestamp="2019-06-15T00:49:46.312" activeThreads="1">
  <mem-info id="4162" free="41943040" total="92274688" percent="45">
    <remembered-set count="32928" freebytes="3551616" totalbytes="3683328" percent="96" regionsoverflowed="0" regionsstable="0" regionsrebuilding="18"/>
  </mem-info>
</gc-end>
<concurrent-start id="4163" type="GMP work packet processing" contextid="4096" timestamp="2019-06-15T00:49:46.312">
  <concurrent-mark-start scanTarget="1048576" />
</concurrent-start>
<exclusive-end id="4164" timestamp="2019-06-15T00:49:46.312" durationms="0.705" />

<concurrent-end id="4165" type="GMP work packet processing" contextid="4096" timestamp="2019-06-15T00:49:46.313">
  <concurrent-mark-end bytesScanned="1107788" reasonForTermination="Work target met" />
</concurrent-end>

<exclusive-start id="4166" timestamp="2019-06-15T00:49:46.317" intervalms="5.818">
  <response-info timems="0.027" idlems="0.027" threads="0" lastid="000000000118C700" lastname="main" />
</exclusive-start>
<allocation-taxation id="4167" taxation-threshold="14680064" timestamp="2019-06-15T00:49:46.317" intervalms="5.760" />
<cycle-start id="4168" type="partial gc" contextid="0" timestamp="2019-06-15T00:49:46.317" intervalms="13.396" />
<gc-start id="4169" type="partial gc" contextid="4168" timestamp="2019-06-15T00:49:46.317">
  <mem-info id="4170" free="27262976" total="92274688" percent="29">
    <mem type="eden" free="0" total="29360128" percent="0" />
    <remembered-set count="43200" freebytes="3510528" totalbytes="3683328" percent="95" regionsoverflowed="0" regionsstable="0" regionsrebuilding="18"/>
  </mem-info>
</gc-start>
<allocation-stats totalBytes="29318912" >
  <allocated-bytes non-tlh="0" tlh="29318912" arrayletleaf="0"/>
  <largest-consumer threadName="main" threadId="000000000118C700" bytes="14659800" />
</allocation-stats>
<gc-op id="4171" type="copy forward" timems="1.508" contextid="4168" timestamp="2019-06-15T00:49:46.320">
  <memory-copied type="eden" objects="2" bytes="40" bytesdiscarded="0" />
  <memory-copied type="other" objects="22" bytes="1232" bytesdiscarded="0" />
  <memory-cardclean objects="52" bytes="1800" />
  <regions eden="28" other="1" />
  <remembered-set-cleared processed="40201" cleared="36" durationms="0.350" />
  <stringconstants candidates="13319" cleared="0"  />
</gc-op>
<gc-op id="4172" type="classunload" timems="0.004" contextid="4168" timestamp="2019-06-15T00:49:46.320">
  <classunload-info classloadercandidates="53" classloadersunloaded="0" classesunloaded="0" anonymousclassesunloaded="0" quiescems="0.000" setupms="0.003" scanms="0.000" postms="0.000" />
</gc-op>
<gc-end id="4173" type="partial gc" contextid="4168" durationms="2.702" usertimems="0.000" systemtimems="0.000" timestamp="2019-06-15T00:49:46.320" activeThreads="1">
  <mem-info id="4174" free="55574528" total="92274688" percent="60">
    <mem type="eden" free="1048536" total="1048576" percent="99" />
    <remembered-set count="43488" freebytes="3509376" totalbytes="3683328" percent="95" regionsoverflowed="0" regionsstable="0" regionsrebuilding="18"/>
  </mem-info>
</gc-end>
<cycle-end id="4175" type="partial gc" contextid="4168" timestamp="2019-06-15T00:49:46.320" />
  <attribute name="elasticGC enabled" value="1" />
  <attribute name= "numThreadsSpecified" value="1" />
  <attribute name="heapSize specified" value="0" />
  <attribute name="Current GC Util" value="157" />
  <attribute name= "Current Time Running" value="23213" />
  <attribute name ="GC Interval" value="0" />
  <attribute name="ProportionalT" value="68.500000" />
  <attribute name="ProportionalI" value="68.500000" />
  <attribute name="ProportionalH" value="68.500000" />
  <attribute name="Current Error" value="137.000000" />
  <attribute name="IntegralT" value="0.000000" />
  <attribute name="IntegralI" value="0.000000" />
  <attribute name="IntegralH" value="0.000000" />
  <attribute name="DerivativeT" value="inf" />
  <attribute name="DerivativeI" value="inf" />
  <attribute name="DerivativeH" value="inf" />
  <attribute name="Loop Time for DT" value="0.000000" />
  <attribute name="Output H" value="8388608"/>
  <attribute name="Output I" value="200"/>
  <attribute name="Output T" value="1"/>
  <attribute name="Target GC Util Change" value ="20.000000" />
  <attribute name="Current GC Util Change" value="157.000000"/>
  <attribute name="GC Util currently" value="157" />
  <attribute name="CPU Util currently" value="13376045495119" />
<exclusive-end id="4176" timestamp="2019-06-15T00:49:46.320" durationms="3.531" />

<exclusive-start id="4177" timestamp="2019-06-15T00:49:46.325" intervalms="8.097">
  <response-info timems="0.067" idlems="0.067" threads="0" lastid="000000000118C700" lastname="main" />
</exclusive-start>
<allocation-taxation id="4178" taxation-threshold="14680064" timestamp="2019-06-15T00:49:46.325" intervalms="8.199" />
<gc-start id="4179" type="global mark phase" contextid="4096" timestamp="2019-06-15T00:49:46.325">
  <mem-info id="4180" free="40894464" total="92274688" percent="44">
    <remembered-set count="43232" freebytes="3510400" totalbytes="3683328" percent="95" regionsoverflowed="0" regionsstable="0" regionsrebuilding="18"/>
  </mem-info>
</gc-start>
<gc-end id="4181" type="global mark phase" contextid="4096" durationms="0.098" usertimems="0.000" systemtimems="0.000" timestamp="2019-06-15T00:49:46.325" activeThreads="1">
  <mem-info id="4182" free="40894464" total="92274688" percent="44">
    <remembered-set count="43232" freebytes="3510400" totalbytes="3683328" percent="95" regionsoverflowed="0" regionsstable="0" regionsrebuilding="18"/>
  </mem-info>
</gc-end>
<concurrent-start id="4183" type="GMP work packet processing" contextid="4096" timestamp="2019-06-15T00:49:46.326">
  <concurrent-mark-start scanTarget="1048576" />
</concurrent-start>
<exclusive-end id="4184" timestamp="2019-06-15T00:49:46.326" durationms="0.726" />

<concurrent-end id="4185" type="GMP work packet processing" contextid="4096" timestamp="2019-06-15T00:49:46.327">
  <concurrent-mark-end bytesScanned="1094788" reasonForTermination="Work target met" />
</concurrent-end>

<exclusive-start id="4186" timestamp="2019-06-15T00:49:46.331" intervalms="5.796">
  <response-info timems="0.028" idlems="0.028" threads="0" lastid="000000000118C700" lastname="main" />
</exclusive-start>
<allocation-taxation id="4187" taxation-threshold="14680064" timestamp="2019-06-15T00:49:46.331" intervalms="5.660" />
<cycle-start id="4188" type="partial gc" contextid="0" timestamp="2019-06-15T00:49:46.331" intervalms="13.817" />
<gc-start id="4189" type="partial gc" contextid="4188" timestamp="2019-06-15T00:49:46.331">
  <mem-info id="4190" free="26214400" total="92274688" percent="28">
    <mem type="eden" free="1048536" total="30408704" percent="3" />
    <remembered-set count="52288" freebytes="3474176" totalbytes="3683328" percent="94" regionsoverflowed="0" regionsstable="0" regionsrebuilding="18"/>
  </mem-info>
</gc-start>
<allocation-stats totalBytes="29319624" >
  <allocated-bytes non-tlh="0" tlh="29319624" arrayletleaf="0"/>
  <largest-consumer threadName="main" threadId="000000000118C700" bytes="14659800" />
</allocation-stats>
<gc-op id="4191" type="copy forward" timems="2.986" contextid="4188" timestamp="2019-06-15T00:49:46.335">
  <memory-copied type="eden" objects="2" bytes="40" bytesdiscarded="0" />
  <memory-copied type="other" objects="0" bytes="0" bytesdiscarded="0" />
  <memory-cardclean objects="9" bytes="208" />
  <regions eden="28" other="1" />
  <remembered-set-cleared processed="49768" cleared="6" durationms="0.443" />
  <stringconstants candidates="13319" cleared="0"  />
</gc-op>
<gc-op id="4192" type="classunload" timems="0.004" contextid="4188" timestamp="2019-06-15T00:49:46.335">
  <classunload-info classloadercandidates="53" classloadersunloaded="0" classesunloaded="0" anonymousclassesunloaded="0" quiescems="0.000" setupms="0.004" scanms="0.000" postms="0.000" />
</gc-op>
<gc-end id="4193" type="partial gc" contextid="4188" durationms="3.955" usertimems="8.000" systemtimems="0.000" timestamp="2019-06-15T00:49:46.335" activeThreads="4">
  <mem-info id="4194" free="55574528" total="92274688" percent="60">
    <mem type="eden" free="1048536" total="1048576" percent="99" />
    <remembered-set count="52288" freebytes="3474176" totalbytes="3683328" percent="94" regionsoverflowed="0" regionsstable="0" regionsrebuilding="18"/>
  </mem-info>
</gc-end>
<cycle-end id="4195" type="partial gc" contextid="4188" timestamp="2019-06-15T00:49:46.335" />
  <attribute name="elasticGC enabled" value="1" />
  <attribute name= "numThreadsSpecified" value="4" />
  <attribute name="heapSize specified" value="0" />
  <attribute name="Current GC Util" value="166" />
  <attribute name= "Current Time Running" value="23227" />
  <attribute name ="GC Interval" value="0" />
  <attribute name="ProportionalT" value="73.000000" />
  <attribute name="ProportionalI" value="73.000000" />
  <attribute name="ProportionalH" value="73.000000" />
  <attribute name="Current Error" value="146.000000" />
  <attribute name="IntegralT" value="146.000000" />
  <attribute name="IntegralI" value="146.000000" />
  <attribute name="IntegralH" value="146.000000" />
  <attribute name="DerivativeT" value="49.500000" />
  <attribute name="DerivativeI" value="49.500000" />
  <attribute name="DerivativeH" value="49.500000" />
  <attribute name="Loop Time for DT" value="1.000000" />
  <attribute name="Output H" value="8388608"/>
  <attribute name="Output I" value="272"/>
  <attribute name="Output T" value="4"/>
  <attribute name="Target GC Util Change" value ="20.000000" />
  <attribute name="Current GC Util Change" value="166.000000"/>
  <attribute name="GC Util currently" value="166" />
  <attribute name="CPU Util currently" value="13152833549220" />
<exclusive-end id="4196" timestamp="2019-06-15T00:49:46.335" durationms="4.425" />

<exclusive-start id="4197" timestamp="2019-06-15T00:49:46.340" intervalms="8.920">
  <response-info timems="0.028" idlems="0.028" threads="0" lastid="000000000118C700" lastname="main" />
</exclusive-start>
<allocation-taxation id="4198" taxation-threshold="14680064" timestamp="2019-06-15T00:49:46.340" intervalms="9.017" />
<gc-start id="4199" type="global mark phase" contextid="4096" timestamp="2019-06-15T00:49:46.340">
  <mem-info id="4200" free="40894464" total="92274688" percent="44">
    <remembered-set count="52288" freebytes="3474176" totalbytes="3683328" percent="94" regionsoverflowed="0" regionsstable="0" regionsrebuilding="18"/>
  </mem-info>
</gc-start>
<gc-end id="4201" type="global mark phase" contextid="4096" durationms="0.134" usertimems="0.000" systemtimems="0.000" timestamp="2019-06-15T00:49:46.340" activeThreads="4">
  <mem-info id="4202" free="40894464" total="92274688" percent="44">
    <remembered-set count="52288" freebytes="3474176" totalbytes="3683328" percent="94" regionsoverflowed="0" regionsstable="0" regionsrebuilding="18"/>
  </mem-info>
</gc-end>
<concurrent-start id="4203" type="GMP work packet processing" contextid="4096" timestamp="2019-06-15T00:49:46.340">
  <concurrent-mark-start scanTarget="1048576" />
</concurrent-start>
<exclusive-end id="4204" timestamp="2019-06-15T00:49:46.340" durationms="0.672" />

<concurrent-end id="4205" type="GMP work packet processing" contextid="4096" timestamp="2019-06-15T00:49:46.341">
  <concurrent-mark-end bytesScanned="1096440" reasonForTermination="Work target met" />
</concurrent-end>

<exclusive-start id="4206" timestamp="2019-06-15T00:49:46.345" intervalms="5.613">
  <response-info timems="0.055" idlems="0.055" threads="0" lastid="000000000118C700" lastname="main" />
</exclusive-start>
<allocation-taxation id="4207" taxation-threshold="14680064" timestamp="2019-06-15T00:49:46.345" intervalms="5.550" />
<cycle-start id="4208" type="partial gc" contextid="0" timestamp="2019-06-15T00:49:46.346" intervalms="14.615" />
<gc-start id="4209" type="partial gc" contextid="4208" timestamp="2019-06-15T00:49:46.346">
  <mem-info id="4210" free="26214400" total="92274688" percent="28">
    <mem type="eden" free="1048536" total="30408704" percent="3" />
    <remembered-set count="62528" freebytes="3433216" totalbytes="3683328" percent="93" regionsoverflowed="0" regionsstable="0" regionsrebuilding="18"/>
  </mem-info>
</gc-start>
<allocation-stats totalBytes="29319648" >
  <allocated-bytes non-tlh="0" tlh="29319648" arrayletleaf="0"/>
  <largest-consumer threadName="main" threadId="000000000118C700" bytes="14659824" />
</allocation-stats>
<gc-op id="4211" type="copy forward" timems="1.562" contextid="4208" timestamp="2019-06-15T00:49:46.348">
  <memory-copied type="eden" objects="2" bytes="40" bytesdiscarded="0" />
  <memory-copied type="other" objects="0" bytes="0" bytesdiscarded="0" />
  <memory-cardclean objects="9" bytes="208" />
  <regions eden="28" other="1" />
  <remembered-set-cleared processed="59988" cleared="6" durationms="0.408" />
  <stringconstants candidates="13319" cleared="0"  />
</gc-op>
<gc-op id="4212" type="classunload" timems="0.003" contextid="4208" timestamp="2019-06-15T00:49:46.348">
  <classunload-info classloadercandidates="53" classloadersunloaded="0" classesunloaded="0" anonymousclassesunloaded="0" quiescems="0.000" setupms="0.003" scanms="0.000" postms="0.000" />
</gc-op>
<gc-end id="4213" type="partial gc" contextid="4208" durationms="2.631" usertimems="4.000" systemtimems="0.000" timestamp="2019-06-15T00:49:46.348" activeThreads="1">
  <mem-info id="4214" free="55574528" total="92274688" percent="60">
    <mem type="eden" free="1048536" total="1048576" percent="99" />
    <remembered-set count="63008" freebytes="3431296" totalbytes="3683328" percent="93" regionsoverflowed="0" regionsstable="0" regionsrebuilding="18"/>
  </mem-info>
</gc-end>
<cycle-end id="4215" type="partial gc" contextid="4208" timestamp="2019-06-15T00:49:46.349" />
  <attribute name="elasticGC enabled" value="1" />
  <attribute name= "numThreadsSpecified" value="1" />
  <attribute name="heapSize specified" value="0" />
  <attribute name="Current GC Util" value="157" />
  <attribute name= "Current Time Running" value="23241" />
  <attribute name ="GC Interval" value="0" />
  <attribute name="ProportionalT" value="68.500000" />
  <attribute name="ProportionalI" value="68.500000" />
  <attribute name="ProportionalH" value="68.500000" />
  <attribute name="Current Error" value="137.000000" />
  <attribute name="IntegralT" value="0.000000" />
  <attribute name="IntegralI" value="0.000000" />
  <attribute name="IntegralH" value="0.000000" />
  <attribute name="DerivativeT" value="inf" />
  <attribute name="DerivativeI" value="inf" />
  <attribute name="DerivativeH" value="inf" />
  <attribute name="Loop Time for DT" value="0.000000" />
  <attribute name="Output H" value="8388608"/>
  <attribute name="Output I" value="200"/>
  <attribute name="Output T" value="1"/>
  <attribute name="Target GC Util Change" value ="20.000000" />
  <attribute name="Current GC Util Change" value="157.000000"/>
  <attribute name="GC Util currently" value="157" />
  <attribute name="CPU Util currently" value="13437470008437" />
<exclusive-end id="4216" timestamp="2019-06-15T00:49:46.349" durationms="3.382" />

<exclusive-start id="4217" timestamp="2019-06-15T00:49:46.353" intervalms="7.927">
  <response-info timems="0.067" idlems="0.067" threads="0" lastid="000000000118C700" lastname="main" />
</exclusive-start>
<allocation-taxation id="4218" taxation-threshold="14680064" timestamp="2019-06-15T00:49:46.353" intervalms="8.019" />
<gc-start id="4219" type="global mark phase" contextid="4096" timestamp="2019-06-15T00:49:46.354">
  <mem-info id="4220" free="40894464" total="92274688" percent="44">
    <remembered-set count="62528" freebytes="3433216" totalbytes="3683328" percent="93" regionsoverflowed="0" regionsstable="0" regionsrebuilding="18"/>
  </mem-info>
</gc-start>
<gc-end id="4221" type="global mark phase" contextid="4096" durationms="0.098" usertimems="0.000" systemtimems="0.000" timestamp="2019-06-15T00:49:46.354" activeThreads="1">
  <mem-info id="4222" free="40894464" total="92274688" percent="44">
    <remembered-set count="62528" freebytes="3433216" totalbytes="3683328" percent="93" regionsoverflowed="0" regionsstable="0" regionsrebuilding="18"/>
  </mem-info>
</gc-end>
<concurrent-start id="4223" type="GMP work packet processing" contextid="4096" timestamp="2019-06-15T00:49:46.354">
  <concurrent-mark-start scanTarget="1048576" />
</concurrent-start>
<exclusive-end id="4224" timestamp="2019-06-15T00:49:46.354" durationms="0.746" />

<concurrent-end id="4225" type="GMP work packet processing" contextid="4096" timestamp="2019-06-15T00:49:46.356">
  <concurrent-mark-end bytesScanned="1098112" reasonForTermination="Work target met" />
</concurrent-end>

<exclusive-start id="4226" timestamp="2019-06-15T00:49:46.359" intervalms="5.910">
  <response-info timems="0.055" idlems="0.055" threads="0" lastid="000000000118C700" lastname="main" />
</exclusive-start>
<allocation-taxation id="4227" taxation-threshold="14680064" timestamp="2019-06-15T00:49:46.359" intervalms="5.818" />
<cycle-start id="4228" type="partial gc" contextid="0" timestamp="2019-06-15T00:49:46.359" intervalms="13.865" />
<gc-start id="4229" type="partial gc" contextid="4228" timestamp="2019-06-15T00:49:46.360">
  <mem-info id="4230" free="26214400" total="92274688" percent="28">
    <mem type="eden" free="1048536" total="30408704" percent="3" />
    <remembered-set count="73472" freebytes="3389440" totalbytes="3683328" percent="92" regionsoverflowed="0" regionsstable="0" regionsrebuilding="18"/>
  </mem-info>
</gc-start>
<allocation-stats totalBytes="29319624" >
  <allocated-bytes non-tlh="0" tlh="29319624" arrayletleaf="0"/>
  <largest-consumer threadName="main" threadId="000000000118C700" bytes="14659824" />
</allocation-stats>
<gc-op id="4231" type="copy forward" timems="1.491" contextid="4228" timestamp="2019-06-15T00:49:46.362">
  <memory-copied type="eden" objects="2" bytes="40" bytesdiscarded="0" />
  <memory-copied type="other" objects="0" bytes="0" bytesdiscarded="0" />
  <memory-cardclean objects="9" bytes="208" />
  <regions eden="28" other="1" />
  <remembered-set-cleared processed="70799" cleared="6" durationms="0.458" />
  <stringconstants candidates="13319" cleared="0"  />
</gc-op>
<gc-op id="4232" type="classunload" timems="0.003" contextid="4228" timestamp="2019-06-15T00:49:46.362">
  <classunload-info classloadercandidates="53" classloadersunloaded="0" classesunloaded="0" anonymousclassesunloaded="0" quiescems="0.000" setupms="0.003" scanms="0.000" postms="0.000" />
</gc-op>
<gc-end id="4233" type="partial gc" contextid="4228" durationms="2.587" usertimems="0.000" systemtimems="4.000" timestamp="2019-06-15T00:49:46.362" activeThreads="1">
  <mem-info id="4234" free="55574528" total="92274688" percent="60">
    <mem type="eden" free="1048536" total="1048576" percent="99" />
    <remembered-set count="73952" freebytes="3387520" totalbytes="3683328" percent="91" regionsoverflowed="0" regionsstable="0" regionsrebuilding="18"/>
  </mem-info>
</gc-end>
<cycle-end id="4235" type="partial gc" contextid="4228" timestamp="2019-06-15T00:49:46.362" />
  <attribute name="elasticGC enabled" value="1" />
  <attribute name= "numThreadsSpecified" value="1" />
  <attribute name="heapSize specified" value="0" />
  <attribute name="Current GC Util" value="159" />
  <attribute name= "Current Time Running" value="23255" />
  <attribute name ="GC Interval" value="0" />
  <attribute name="ProportionalT" value="69.500000" />
  <attribute name="ProportionalI" value="69.500000" />
  <attribute name="ProportionalH" value="69.500000" />
  <attribute name="Current Error" value="139.000000" />
  <attribute name="IntegralT" value="0.000000" />
  <attribute name="IntegralI" value="0.000000" />
  <attribute name="IntegralH" value="0.000000" />
  <attribute name="DerivativeT" value="inf" />
  <attribute name="DerivativeI" value="inf" />
  <attribute name="DerivativeH" value="inf" />
  <attribute name="Loop Time for DT" value="0.000000" />
  <attribute name="Output H" value="8388608"/>
  <attribute name="Output I" value="200"/>
  <attribute name="Output T" value="1"/>
  <attribute name="Target GC Util Change" value ="20.000000" />
  <attribute name="Current GC Util Change" value="159.000000"/>
  <attribute name="GC Util currently" value="159" />
  <attribute name="CPU Util currently" value="13467568333434" />
<exclusive-end id="4236" timestamp="2019-06-15T00:49:46.363" durationms="3.384" />

<exclusive-start id="4237" timestamp="2019-06-15T00:49:46.367" intervalms="7.855">
  <response-info timems="0.068" idlems="0.068" threads="0" lastid="000000000118C700" lastname="main" />
</exclusive-start>
<allocation-taxation id="4238" taxation-threshold="14680064" timestamp="2019-06-15T00:49:46.367" intervalms="7.941" />
<gc-start id="4239" type="global mark phase" contextid="4096" timestamp="2019-06-15T00:49:46.367">
  <mem-info id="4240" free="40894464" total="92274688" percent="44">
    <remembered-set count="73472" freebytes="3389440" totalbytes="3683328" percent="92" regionsoverflowed="0" regionsstable="0" regionsrebuilding="18"/>
  </mem-info>
</gc-start>
<gc-end id="4241" type="global mark phase" contextid="4096" durationms="0.097" usertimems="0.000" systemtimems="0.000" timestamp="2019-06-15T00:49:46.367" activeThreads="1">
  <mem-info id="4242" free="40894464" total="92274688" percent="44">
    <remembered-set count="73472" freebytes="3389440" totalbytes="3683328" percent="92" regionsoverflowed="0" regionsstable="0" regionsrebuilding="18"/>
  </mem-info>
</gc-end>
<concurrent-start id="4243" type="GMP work packet processing" contextid="4096" timestamp="2019-06-15T00:49:46.368">
  <concurrent-mark-start scanTarget="1048576" />
</concurrent-start>
<exclusive-end id="4244" timestamp="2019-06-15T00:49:46.368" durationms="0.770" />

<concurrent-end id="4245" type="GMP work packet processing" contextid="4096" timestamp="2019-06-15T00:49:46.369">
  <concurrent-mark-end bytesScanned="1091408" reasonForTermination="Work target met" />
</concurrent-end>

<exclusive-start id="4246" timestamp="2019-06-15T00:49:46.373" intervalms="5.738">
  <response-info timems="0.028" idlems="0.028" threads="0" lastid="000000000118C700" lastname="main" />
</exclusive-start>
<allocation-taxation id="4247" taxation-threshold="14680064" timestamp="2019-06-15T00:49:46.373" intervalms="5.653" />
<cycle-start id="4248" type="partial gc" contextid="0" timestamp="2019-06-15T00:49:46.373" intervalms="13.526" />
<gc-start id="4249" type="partial gc" contextid="4248" timestamp="2019-06-15T00:49:46.373">
  <mem-info id="4250" free="26214400" total="92274688" percent="28">
    <mem type="eden" free="1048536" total="30408704" percent="3" />
    <remembered-set count="79296" freebytes="3366144" totalbytes="3683328" percent="91" regionsoverflowed="0" regionsstable="0" regionsrebuilding="18"/>
  </mem-info>
</gc-start>
<allocation-stats totalBytes="29319624" >
  <allocated-bytes non-tlh="0" tlh="29319624" arrayletleaf="0"/>
  <largest-consumer threadName="main" threadId="000000000118C700" bytes="14659824" />
</allocation-stats>
<gc-op id="4251" type="copy forward" timems="3.251" contextid="4248" timestamp="2019-06-15T00:49:46.377">
  <memory-copied type="eden" objects="2" bytes="40" bytesdiscarded="0" />
  <memory-copied type="other" objects="0" bytes="0" bytesdiscarded="0" />
  <memory-cardclean objects="9" bytes="208" />
  <regions eden="28" other="1" />
  <remembered-set-cleared processed="76218" cleared="6" durationms="0.367" />
  <stringconstants candidates="13319" cleared="0"  />
</gc-op>
<gc-op id="4252" type="classunload" timems="0.003" contextid="4248" timestamp="2019-06-15T00:49:46.377">
  <classunload-info classloadercandidates="53" classloadersunloaded="0" classesunloaded="0" anonymousclassesunloaded="0" quiescems="0.000" setupms="0.003" scanms="0.000" postms="0.000" />
</gc-op>
<gc-end id="4253" type="partial gc" contextid="4248" durationms="4.238" usertimems="8.000" systemtimems="0.000" timestamp="2019-06-15T00:49:46.377" activeThreads="4">
  <mem-info id="4254" free="55574528" total="92274688" percent="60">
    <mem type="eden" free="1048536" total="1048576" percent="99" />
    <remembered-set count="78688" freebytes="3368576" totalbytes="3683328" percent="91" regionsoverflowed="0" regionsstable="0" regionsrebuilding="18"/>
  </mem-info>
</gc-end>
<cycle-end id="4255" type="partial gc" contextid="4248" timestamp="2019-06-15T00:49:46.377" />
  <attribute name="elasticGC enabled" value="1" />
  <attribute name= "numThreadsSpecified" value="4" />
  <attribute name="heapSize specified" value="0" />
  <attribute name="Current GC Util" value="156" />
  <attribute name= "Current Time Running" value="23269" />
  <attribute name ="GC Interval" value="0" />
  <attribute name="ProportionalT" value="68.000000" />
  <attribute name="ProportionalI" value="68.000000" />
  <attribute name="ProportionalH" value="68.000000" />
  <attribute name="Current Error" value="136.000000" />
  <attribute name="IntegralT" value="136.000000" />
  <attribute name="IntegralI" value="136.000000" />
  <attribute name="IntegralH" value="136.000000" />
  <attribute name="DerivativeT" value="49.000000" />
  <attribute name="DerivativeI" value="49.000000" />
  <attribute name="DerivativeH" value="49.000000" />
  <attribute name="Loop Time for DT" value="1.000000" />
  <attribute name="Output H" value="8388608"/>
  <attribute name="Output I" value="256"/>
  <attribute name="Output T" value="4"/>
  <attribute name="Target GC Util Change" value ="20.000000" />
  <attribute name="Current GC Util Change" value="156.000000"/>
  <attribute name="GC Util currently" value="156" />
  <attribute name="CPU Util currently" value="13529123793750" />
<exclusive-end id="4256" timestamp="2019-06-15T00:49:46.378" durationms="4.765" />

<exclusive-start id="4257" timestamp="2019-06-15T00:49:46.386" intervalms="13.543">
  <response-info timems="0.070" idlems="0.070" threads="0" lastid="000000000118C700" lastname="main" />
</exclusive-start>
<allocation-taxation id="4258" taxation-threshold="14680064" timestamp="2019-06-15T00:49:46.386" intervalms="13.570" />
<gc-start id="4259" type="global mark phase" contextid="4096" timestamp="2019-06-15T00:49:46.387">
  <mem-info id="4260" free="40894464" total="92274688" percent="44">
    <remembered-set count="78688" freebytes="3368576" totalbytes="3683328" percent="91" regionsoverflowed="0" regionsstable="0" regionsrebuilding="18"/>
  </mem-info>
</gc-start>
<gc-end id="4261" type="global mark phase" contextid="4096" durationms="0.097" usertimems="0.000" systemtimems="0.000" timestamp="2019-06-15T00:49:46.387" activeThreads="4">
  <mem-info id="4262" free="40894464" total="92274688" percent="44">
    <remembered-set count="78688" freebytes="3368576" totalbytes="3683328" percent="91" regionsoverflowed="0" regionsstable="0" regionsrebuilding="18"/>
  </mem-info>
</gc-end>
<concurrent-start id="4263" type="GMP work packet processing" contextid="4096" timestamp="2019-06-15T00:49:46.387">
  <concurrent-mark-start scanTarget="1048576" />
</concurrent-start>
<exclusive-end id="4264" timestamp="2019-06-15T00:49:46.387" durationms="0.628" />

<concurrent-end id="4265" type="GMP work packet processing" contextid="4096" timestamp="2019-06-15T00:49:46.388">
  <concurrent-mark-end bytesScanned="1101836" reasonForTermination="Work target met" />
</concurrent-end>

<exclusive-start id="4266" timestamp="2019-06-15T00:49:46.400" intervalms="13.385">
  <response-info timems="0.069" idlems="0.069" threads="0" lastid="000000000118C700" lastname="main" />
</exclusive-start>
<allocation-taxation id="4267" taxation-threshold="14680064" timestamp="2019-06-15T00:49:46.400" intervalms="13.393" />
<cycle-start id="4268" type="partial gc" contextid="0" timestamp="2019-06-15T00:49:46.400" intervalms="27.028" />
<gc-start id="4269" type="partial gc" contextid="4268" timestamp="2019-06-15T00:49:46.400">
  <mem-info id="4270" free="26214400" total="92274688" percent="28">
    <mem type="eden" free="1048536" total="30408704" percent="3" />
    <remembered-set count="91776" freebytes="3316224" totalbytes="3683328" percent="90" regionsoverflowed="0" regionsstable="0" regionsrebuilding="18"/>
  </mem-info>
</gc-start>
<allocation-stats totalBytes="29349184" >
  <allocated-bytes non-tlh="0" tlh="29349184" arrayletleaf="0"/>
  <largest-consumer threadName="main" threadId="000000000118C700" bytes="14679584" />
</allocation-stats>
<gc-op id="4271" type="copy forward" timems="1.708" contextid="4268" timestamp="2019-06-15T00:49:46.403">
  <memory-copied type="eden" objects="36" bytes="1232" bytesdiscarded="0" />
  <memory-copied type="other" objects="0" bytes="0" bytesdiscarded="0" />
  <memory-cardclean objects="124" bytes="3952" />
  <regions eden="28" other="1" />
  <remembered-set-cleared processed="89448" cleared="60" durationms="0.598" />
  <stringconstants candidates="13319" cleared="0"  />
</gc-op>
<gc-op id="4272" type="classunload" timems="0.004" contextid="4268" timestamp="2019-06-15T00:49:46.403">
  <classunload-info classloadercandidates="53" classloadersunloaded="0" classesunloaded="0" anonymousclassesunloaded="0" quiescems="0.000" setupms="0.004" scanms="0.000" postms="0.000" />
</gc-op>
<gc-end id="4273" type="partial gc" contextid="4268" durationms="2.833" usertimems="4.000" systemtimems="0.000" timestamp="2019-06-15T00:49:46.403" activeThreads="1">
  <mem-info id="4274" free="55574528" total="92274688" percent="60">
    <mem type="eden" free="1047344" total="1048576" percent="99" />
    <remembered-set count="92160" freebytes="3314688" totalbytes="3683328" percent="89" regionsoverflowed="0" regionsstable="0" regionsrebuilding="18"/>
  </mem-info>
</gc-end>
<cycle-end id="4275" type="partial gc" contextid="4268" timestamp="2019-06-15T00:49:46.403" />
  <attribute name="elasticGC enabled" value="1" />
  <attribute name= "numThreadsSpecified" value="1" />
  <attribute name="heapSize specified" value="0" />
  <attribute name="Current GC Util" value="156" />
  <attribute name= "Current Time Running" value="23296" />
  <attribute name ="GC Interval" value="0" />
  <attribute name="ProportionalT" value="68.000000" />
  <attribute name="ProportionalI" value="68.000000" />
  <attribute name="ProportionalH" value="68.000000" />
  <attribute name="Current Error" value="136.000000" />
  <attribute name="IntegralT" value="0.000000" />
  <attribute name="IntegralI" value="0.000000" />
  <attribute name="IntegralH" value="0.000000" />
  <attribute name="DerivativeT" value="inf" />
  <attribute name="DerivativeI" value="inf" />
  <attribute name="DerivativeH" value="inf" />
  <attribute name="Loop Time for DT" value="0.000000" />
  <attribute name="Output H" value="8388608"/>
  <attribute name="Output I" value="200"/>
  <attribute name="Output T" value="1"/>
  <attribute name="Target GC Util Change" value ="20.000000" />
  <attribute name="Current GC Util Change" value="156.000000"/>
  <attribute name="GC Util currently" value="156" />
  <attribute name="CPU Util currently" value="13369569565664" />
<exclusive-end id="4276" timestamp="2019-06-15T00:49:46.403" durationms="3.693" />

<exclusive-start id="4277" timestamp="2019-06-15T00:49:46.421" intervalms="21.566">
  <response-info timems="0.076" idlems="0.076" threads="0" lastid="000000000118C700" lastname="main" />
</exclusive-start>
<allocation-taxation id="4278" taxation-threshold="14680064" timestamp="2019-06-15T00:49:46.421" intervalms="21.638" />
<gc-start id="4279" type="global mark phase" contextid="4096" timestamp="2019-06-15T00:49:46.422">
  <mem-info id="4280" free="40894464" total="92274688" percent="44">
    <remembered-set count="91840" freebytes="3315968" totalbytes="3683328" percent="90" regionsoverflowed="0" regionsstable="0" regionsrebuilding="18"/>
  </mem-info>
</gc-start>
<gc-end id="4281" type="global mark phase" contextid="4096" durationms="0.099" usertimems="0.000" systemtimems="0.000" timestamp="2019-06-15T00:49:46.422" activeThreads="1">
  <mem-info id="4282" free="40894464" total="92274688" percent="44">
    <remembered-set count="91840" freebytes="3315968" totalbytes="3683328" percent="90" regionsoverflowed="0" regionsstable="0" regionsrebuilding="18"/>
  </mem-info>
</gc-end>
<concurrent-start id="4283" type="GMP work packet processing" contextid="4096" timestamp="2019-06-15T00:49:46.422">
  <concurrent-mark-start scanTarget="1048576" />
</concurrent-start>
<exclusive-end id="4284" timestamp="2019-06-15T00:49:46.422" durationms="0.800" />

<concurrent-end id="4285" type="GMP work packet processing" contextid="4096" timestamp="2019-06-15T00:49:46.424">
  <concurrent-mark-end bytesScanned="1098112" reasonForTermination="Work target met" />
</concurrent-end>

<exclusive-start id="4286" timestamp="2019-06-15T00:49:46.440" intervalms="19.220">
  <response-info timems="0.069" idlems="0.069" threads="0" lastid="000000000118C700" lastname="main" />
</exclusive-start>
<allocation-taxation id="4287" taxation-threshold="14680064" timestamp="2019-06-15T00:49:46.441" intervalms="19.162" />
<cycle-start id="4288" type="partial gc" contextid="0" timestamp="2019-06-15T00:49:46.441" intervalms="40.806" />
<gc-start id="4289" type="partial gc" contextid="4288" timestamp="2019-06-15T00:49:46.441">
  <mem-info id="4290" free="26214400" total="92274688" percent="28">
    <mem type="eden" free="0" total="29360128" percent="0" />
    <remembered-set count="105728" freebytes="3260416" totalbytes="3683328" percent="88" regionsoverflowed="0" regionsstable="0" regionsrebuilding="18"/>
  </mem-info>
</gc-start>
<allocation-stats totalBytes="29356272" >
  <allocated-bytes non-tlh="0" tlh="29356272" arrayletleaf="0"/>
  <largest-consumer threadName="main" threadId="000000000118C700" bytes="14677808" />
</allocation-stats>
<gc-op id="4291" type="copy forward" timems="2.675" contextid="4288" timestamp="2019-06-15T00:49:46.444">
  <memory-copied type="eden" objects="1" bytes="24" bytesdiscarded="0" />
  <memory-copied type="other" objects="36" bytes="1232" bytesdiscarded="1240" />
  <memory-cardclean objects="78" bytes="2736" />
  <regions eden="28" other="1" />
  <remembered-set-cleared processed="102923" cleared="60" durationms="0.419" />
  <stringconstants candidates="13319" cleared="0"  />
</gc-op>
<gc-op id="4292" type="classunload" timems="0.004" contextid="4288" timestamp="2019-06-15T00:49:46.444">
  <classunload-info classloadercandidates="53" classloadersunloaded="0" classesunloaded="0" anonymousclassesunloaded="0" quiescems="0.000" setupms="0.003" scanms="0.000" postms="0.000" />
</gc-op>
<gc-end id="4293" type="partial gc" contextid="4288" durationms="3.600" usertimems="8.000" systemtimems="0.000" timestamp="2019-06-15T00:49:46.445" activeThreads="4">
  <mem-info id="4294" free="54525952" total="92274688" percent="59">
    <mem type="eden" free="1048552" total="1048576" percent="99" />
    <remembered-set count="106208" freebytes="3258496" totalbytes="3683328" percent="88" regionsoverflowed="0" regionsstable="0" regionsrebuilding="18"/>
  </mem-info>
</gc-end>
<cycle-end id="4295" type="partial gc" contextid="4288" timestamp="2019-06-15T00:49:46.445" />
  <attribute name="elasticGC enabled" value="1" />
  <attribute name= "numThreadsSpecified" value="4" />
  <attribute name="heapSize specified" value="0" />
  <attribute name="Current GC Util" value="0" />
  <attribute name= "Current Time Running" value="23337" />
  <attribute name ="GC Interval" value="0" />
  <attribute name="ProportionalT" value="-10.000000" />
  <attribute name="ProportionalI" value="-10.000000" />
  <attribute name="ProportionalH" value="-10.000000" />
  <attribute name="Current Error" value="-20.000000" />
  <attribute name="IntegralT" value="-20.000000" />
  <attribute name="IntegralI" value="-20.000000" />
  <attribute name="IntegralH" value="-20.000000" />
  <attribute name="DerivativeT" value="-10.000000" />
  <attribute name="DerivativeI" value="-10.000000" />
  <attribute name="DerivativeH" value="-10.000000" />
  <attribute name="Loop Time for DT" value="1.000000" />
  <attribute name="Output H" value="2091843584"/>
  <attribute name="Output I" value="200"/>
  <attribute name="Output T" value="4"/>
  <attribute name="Target GC Util Change" value ="20.000000" />
  <attribute name="Current GC Util Change" value="0.000000"/>
  <attribute name="GC Util currently" value="0" />
  <attribute name="CPU Util currently" value="16141820930673" />
<exclusive-end id="4296" timestamp="2019-06-15T00:49:46.445" durationms="4.270" />

<exclusive-start id="4297" timestamp="2019-06-15T00:49:46.606" intervalms="165.203">
  <response-info timems="0.071" idlems="0.071" threads="0" lastid="000000000118C700" lastname="main" />
</exclusive-start>
<allocation-taxation id="4298" taxation-threshold="14680064" timestamp="2019-06-15T00:49:46.606" intervalms="165.293" />
<gc-start id="4299" type="global mark phase" contextid="4096" timestamp="2019-06-15T00:49:46.606">
  <mem-info id="4300" free="39845888" total="92274688" percent="43">
    <remembered-set count="106208" freebytes="3258496" totalbytes="3683328" percent="88" regionsoverflowed="0" regionsstable="0" regionsrebuilding="18"/>
  </mem-info>
</gc-start>
<gc-end id="4301" type="global mark phase" contextid="4096" durationms="0.105" usertimems="0.000" systemtimems="0.000" timestamp="2019-06-15T00:49:46.606" activeThreads="4">
  <mem-info id="4302" free="39845888" total="92274688" percent="43">
    <remembered-set count="106208" freebytes="3258496" totalbytes="3683328" percent="88" regionsoverflowed="0" regionsstable="0" regionsrebuilding="18"/>
  </mem-info>
</gc-end>
<concurrent-start id="4303" type="GMP work packet processing" contextid="4096" timestamp="2019-06-15T00:49:46.606">
  <concurrent-mark-start scanTarget="1048576" />
</concurrent-start>
<exclusive-end id="4304" timestamp="2019-06-15T00:49:46.607" durationms="0.882" />

<concurrent-end id="4305" type="GMP work packet processing" contextid="4096" timestamp="2019-06-15T00:49:46.608">
  <concurrent-mark-end bytesScanned="1093600" reasonForTermination="Work target met" />
</concurrent-end>

<exclusive-start id="4306" timestamp="2019-06-15T00:49:46.612" intervalms="5.882">
  <response-info timems="0.071" idlems="0.071" threads="0" lastid="000000000118C700" lastname="main" />
</exclusive-start>
<allocation-taxation id="4307" taxation-threshold="14680064" timestamp="2019-06-15T00:49:46.612" intervalms="5.748" />
<cycle-start id="4308" type="partial gc" contextid="0" timestamp="2019-06-15T00:49:46.612" intervalms="170.976" />
<gc-start id="4309" type="partial gc" contextid="4308" timestamp="2019-06-15T00:49:46.612">
  <mem-info id="4310" free="25165824" total="92274688" percent="27">
    <mem type="eden" free="1048552" total="30408704" percent="3" />
    <remembered-set count="114528" freebytes="3225216" totalbytes="3683328" percent="87" regionsoverflowed="0" regionsstable="0" regionsrebuilding="18"/>
  </mem-info>
</gc-start>
<allocation-stats totalBytes="29275624" >
  <allocated-bytes non-tlh="0" tlh="29275624" arrayletleaf="0"/>
  <largest-consumer threadName="main" threadId="000000000118C700" bytes="14626304" />
</allocation-stats>
<gc-op id="4311" type="copy forward" timems="2.385" contextid="4308" timestamp="2019-06-15T00:49:46.615">
  <memory-copied type="eden" objects="68" bytes="2896" bytesdiscarded="952" />
  <memory-copied type="other" objects="0" bytes="0" bytesdiscarded="0" />
  <memory-cardclean objects="81" bytes="2456" />
  <regions eden="28" other="1" />
  <remembered-set-cleared processed="112258" cleared="30" durationms="0.561" />
  <stringconstants candidates="13319" cleared="0"  />
</gc-op>
<gc-op id="4312" type="classunload" timems="0.004" contextid="4308" timestamp="2019-06-15T00:49:46.615">
  <classunload-info classloadercandidates="53" classloadersunloaded="0" classesunloaded="0" anonymousclassesunloaded="0" quiescems="0.000" setupms="0.004" scanms="0.000" postms="0.000" />
</gc-op>
<heap-resize id="4313" type="contract" space="default" amount="5242880" count="1" timems="0.277" reason="insufficient time being spent in gc" timestamp="2019-06-15T00:49:46.616" />
<gc-end id="4314" type="partial gc" contextid="4308" durationms="3.815" usertimems="4.000" systemtimems="0.000" timestamp="2019-06-15T00:49:46.616" activeThreads="4">
  <mem-info id="4315" free="49283072" total="87031808" percent="56">
    <mem type="eden" free="1044728" total="1048576" percent="99" />
    <remembered-set count="115104" freebytes="3222912" totalbytes="3683328" percent="87" regionsoverflowed="0" regionsstable="0" regionsrebuilding="18"/>
  </mem-info>
</gc-end>
<cycle-end id="4316" type="partial gc" contextid="4308" timestamp="2019-06-15T00:49:46.616" />
  <attribute name="elasticGC enabled" value="1" />
  <attribute name= "numThreadsSpecified" value="4" />
  <attribute name="heapSize specified" value="0" />
  <attribute name="Current GC Util" value="141" />
  <attribute name= "Current Time Running" value="23508" />
  <attribute name ="GC Interval" value="0" />
  <attribute name="ProportionalT" value="60.500000" />
  <attribute name="ProportionalI" value="60.500000" />
  <attribute name="ProportionalH" value="60.500000" />
  <attribute name="Current Error" value="121.000000" />
  <attribute name="IntegralT" value="121.000000" />
  <attribute name="IntegralI" value="121.000000" />
  <attribute name="IntegralH" value="121.000000" />
  <attribute name="DerivativeT" value="46.500000" />
  <attribute name="DerivativeI" value="46.500000" />
  <attribute name="DerivativeH" value="46.500000" />
  <attribute name="Loop Time for DT" value="1.000000" />
  <attribute name="Output H" value="8388608"/>
  <attribute name="Output I" value="232"/>
  <attribute name="Output T" value="4"/>
  <attribute name="Target GC Util Change" value ="20.000000" />
  <attribute name="Current GC Util Change" value="141.000000"/>
  <attribute name="GC Util currently" value="141" />
  <attribute name="CPU Util currently" value="11980241013526" />
<exclusive-end id="4317" timestamp="2019-06-15T00:49:46.616" durationms="4.498" />

<exclusive-start id="4318" timestamp="2019-06-15T00:49:46.620" intervalms="8.530">
  <response-info timems="0.023" idlems="0.023" threads="0" lastid="000000000118C700" lastname="main" />
</exclusive-start>
<allocation-taxation id="4319" taxation-threshold="13631488" timestamp="2019-06-15T00:49:46.620" intervalms="8.632" />
<gc-start id="4320" type="global mark phase" contextid="4096" timestamp="2019-06-15T00:49:46.621">
  <mem-info id="4321" free="35651584" total="87031808" percent="40">
    <remembered-set count="115104" freebytes="3222912" totalbytes="3683328" percent="87" regionsoverflowed="0" regionsstable="0" regionsrebuilding="18"/>
  </mem-info>
</gc-start>
<gc-end id="4322" type="global mark phase" contextid="4096" durationms="0.132" usertimems="0.000" systemtimems="0.000" timestamp="2019-06-15T00:49:46.621" activeThreads="4">
  <mem-info id="4323" free="35651584" total="87031808" percent="40">
    <remembered-set count="115104" freebytes="3222912" totalbytes="3683328" percent="87" regionsoverflowed="0" regionsstable="0" regionsrebuilding="18"/>
  </mem-info>
</gc-end>
<concurrent-start id="4324" type="GMP work packet processing" contextid="4096" timestamp="2019-06-15T00:49:46.621">
  <concurrent-mark-start scanTarget="1048576" />
</concurrent-start>
<exclusive-end id="4325" timestamp="2019-06-15T00:49:46.621" durationms="0.847" />

<concurrent-end id="4326" type="GMP work packet processing" contextid="4096" timestamp="2019-06-15T00:49:46.622">
  <concurrent-mark-end bytesScanned="617264" reasonForTermination="Completed all work in GC phase" />
</concurrent-end>

<exclusive-start id="4327" timestamp="2019-06-15T00:49:46.626" intervalms="5.684">
  <response-info timems="0.029" idlems="0.029" threads="0" lastid="000000000118C700" lastname="main" />
</exclusive-start>
<allocation-taxation id="4328" taxation-threshold="13631488" timestamp="2019-06-15T00:49:46.626" intervalms="5.604" />
<cycle-start id="4329" type="partial gc" contextid="0" timestamp="2019-06-15T00:49:46.626" intervalms="14.328" />
<gc-start id="4330" type="partial gc" contextid="4329" timestamp="2019-06-15T00:49:46.626">
  <mem-info id="4331" free="22020096" total="87031808" percent="25">
    <mem type="eden" free="0" total="27262976" percent="0" />
    <remembered-set count="119136" freebytes="3206784" totalbytes="3683328" percent="87" regionsoverflowed="0" regionsstable="0" regionsrebuilding="18"/>
  </mem-info>
</gc-start>
<allocation-stats totalBytes="27160672" >
  <allocated-bytes non-tlh="0" tlh="27160672" arrayletleaf="0"/>
  <largest-consumer threadName="main" threadId="000000000118C700" bytes="13581568" />
</allocation-stats>
<gc-op id="4332" type="copy forward" timems="2.692" contextid="4329" timestamp="2019-06-15T00:49:46.630">
  <memory-copied type="eden" objects="0" bytes="0" bytesdiscarded="0" />
  <memory-copied type="other" objects="68" bytes="2896" bytesdiscarded="0" />
  <memory-cardclean objects="5935" bytes="364240" />
  <regions eden="26" other="1" />
  <remembered-set-cleared processed="115596" cleared="3101" durationms="0.893" />
  <stringconstants candidates="13319" cleared="0"  />
</gc-op>
<gc-op id="4333" type="classunload" timems="0.003" contextid="4329" timestamp="2019-06-15T00:49:46.630">
  <classunload-info classloadercandidates="53" classloadersunloaded="0" classesunloaded="0" anonymousclassesunloaded="0" quiescems="0.000" setupms="0.003" scanms="0.000" postms="0.000" />
</gc-op>
<heap-resize id="4334" type="expand" space="default" amount="7340032" count="1" timems="0.060" reason="excessive time being spent in gc" timestamp="2019-06-15T00:49:46.630" />
<gc-end id="4335" type="partial gc" contextid="4329" durationms="4.309" usertimems="4.000" systemtimems="0.000" timestamp="2019-06-15T00:49:46.631" activeThreads="1">
  <mem-info id="4336" free="56623104" total="94371840" percent="60">
    <remembered-set count="115904" freebytes="3303424" totalbytes="3767040" percent="87" regionsoverflowed="0" regionsstable="0" regionsrebuilding="18"/>
  </mem-info>
</gc-end>
<cycle-end id="4337" type="partial gc" contextid="4329" timestamp="2019-06-15T00:49:46.631" />
  <attribute name="elasticGC enabled" value="1" />
  <attribute name= "numThreadsSpecified" value="1" />
  <attribute name="heapSize specified" value="0" />
  <attribute name="Current GC Util" value="121" />
  <attribute name= "Current Time Running" value="23522" />
  <attribute name ="GC Interval" value="0" />
  <attribute name="ProportionalT" value="50.500000" />
  <attribute name="ProportionalI" value="50.500000" />
  <attribute name="ProportionalH" value="50.500000" />
  <attribute name="Current Error" value="101.000000" />
  <attribute name="IntegralT" value="0.000000" />
  <attribute name="IntegralI" value="0.000000" />
  <attribute name="IntegralH" value="0.000000" />
  <attribute name="DerivativeT" value="inf" />
  <attribute name="DerivativeI" value="inf" />
  <attribute name="DerivativeH" value="inf" />
  <attribute name="Loop Time for DT" value="0.000000" />
  <attribute name="Output H" value="8388608"/>
  <attribute name="Output I" value="200"/>
  <attribute name="Output T" value="1"/>
  <attribute name="Target GC Util Change" value ="20.000000" />
  <attribute name="Current GC Util Change" value="121.000000"/>
  <attribute name="GC Util currently" value="121" />
  <attribute name="CPU Util currently" value="7302644864537" />
<exclusive-end id="4338" timestamp="2019-06-15T00:49:46.631" durationms="5.193" />

<exclusive-start id="4339" timestamp="2019-06-15T00:49:46.636" intervalms="9.761">
  <response-info timems="0.080" idlems="0.080" threads="0" lastid="000000000118C700" lastname="main" />
</exclusive-start>
<allocation-taxation id="4340" taxation-threshold="14680064" timestamp="2019-06-15T00:49:46.636" intervalms="9.890" />
<gc-start id="4341" type="global mark phase" contextid="4096" timestamp="2019-06-15T00:49:46.636">
  <mem-info id="4342" free="41943040" total="94371840" percent="44">
    <remembered-set count="115904" freebytes="3303424" totalbytes="3767040" percent="87" regionsoverflowed="0" regionsstable="0" regionsrebuilding="18"/>
  </mem-info>
</gc-start>
<gc-op id="4343" type="mark increment" timems="4.411" contextid="4096" timestamp="2019-06-15T00:49:46.640">
  <trace-info objectcount="94" scancount="92" scanbytes="231808" />
  <cardclean-info objects="42356" bytes="1440320" />
  <finalization candidates="80" enqueued="0" />
  <ownableSynchronizers candidates="21" cleared="0" />
  <references type="soft" candidates="2133" cleared="0" enqueued="0" dynamicThreshold="19" maxThreshold="32" />
  <references type="weak" candidates="5682" cleared="0" enqueued="0" />
  <references type="phantom" candidates="101" cleared="0" enqueued="0" />
  <stringconstants candidates="13319" cleared="0"  />
</gc-op>
<gc-op id="4344" type="classunload" timems="0.005" contextid="4096" timestamp="2019-06-15T00:49:46.641">
  <classunload-info classloadercandidates="53" classloadersunloaded="0" classesunloaded="0" anonymousclassesunloaded="0" quiescems="0.000" setupms="0.005" scanms="0.000" postms="0.000" />
</gc-op>
<gc-end id="4345" type="global mark phase" contextid="4096" durationms="4.669" usertimems="8.000" systemtimems="0.000" timestamp="2019-06-15T00:49:46.641" activeThreads="4">
  <mem-info id="4346" free="41943040" total="94371840" percent="44">
    <remembered-set count="125120" freebytes="3266560" totalbytes="3767040" percent="86" regionsoverflowed="0" regionsstable="0" regionsrebuilding="0"/>
  </mem-info>
</gc-end>
<cycle-end id="4347" type="global mark phase" contextid="4096" timestamp="2019-06-15T00:49:46.641" />
  <attribute name="elasticGC enabled" value="1" />
  <attribute name= "numThreadsSpecified" value="4" />
  <attribute name="heapSize specified" value="0" />
  <attribute name="Current GC Util" value="198" />
  <attribute name= "Current Time Running" value="23534" />
  <attribute name ="GC Interval" value="0" />
  <attribute name="ProportionalT" value="89.000000" />
  <attribute name="ProportionalI" value="89.000000" />
  <attribute name="ProportionalH" value="89.000000" />
  <attribute name="Current Error" value="178.000000" />
  <attribute name="IntegralT" value="178.000000" />
  <attribute name="IntegralI" value="178.000000" />
  <attribute name="IntegralH" value="178.000000" />
  <attribute name="DerivativeT" value="-31.500000" />
  <attribute name="DerivativeI" value="-31.500000" />
  <attribute name="DerivativeH" value="-31.500000" />
  <attribute name="Loop Time for DT" value="1.000000" />
  <attribute name="Output H" value="8388608"/>
  <attribute name="Output I" value="240"/>
  <attribute name="Output T" value="4"/>
  <attribute name="Target GC Util Change" value ="20.000000" />
  <attribute name="Current GC Util Change" value="198.000000"/>
  <attribute name="GC Util currently" value="198" />
  <attribute name="CPU Util currently" value="6811078586036" />
<exclusive-end id="4348" timestamp="2019-06-15T00:49:46.641" durationms="5.272" />

<exclusive-start id="4349" timestamp="2019-06-15T00:49:46.645" intervalms="9.709">
  <response-info timems="0.058" idlems="0.058" threads="0" lastid="000000000118C700" lastname="main" />
</exclusive-start>
<allocation-taxation id="4350" taxation-threshold="14680064" timestamp="2019-06-15T00:49:46.646" intervalms="9.717" />
<cycle-start id="4351" type="partial gc" contextid="0" timestamp="2019-06-15T00:49:46.646" intervalms="19.595" />
<gc-start id="4352" type="partial gc" contextid="4351" timestamp="2019-06-15T00:49:46.646">
  <mem-info id="4353" free="27262976" total="94371840" percent="28">
    <mem type="eden" free="0" total="29360128" percent="0" />
    <remembered-set count="1760" freebytes="3760000" totalbytes="3767040" percent="99" regionsoverflowed="0" regionsstable="17" regionsrebuilding="0"/>
  </mem-info>
</gc-start>
<allocation-stats totalBytes="29259432" >
  <allocated-bytes non-tlh="0" tlh="29259432" arrayletleaf="0"/>
  <largest-consumer threadName="main" threadId="000000000118C700" bytes="14631992" />
</allocation-stats>
<gc-op id="4354" type="sweep" timems="1.170" contextid="4351" timestamp="2019-06-15T00:49:46.647" />
<gc-op id="4355" type="copy forward" timems="1.904" contextid="4351" timestamp="2019-06-15T00:49:46.650">
  <memory-copied type="eden" objects="1" bytes="24" bytesdiscarded="0" />
  <memory-copied type="other" objects="6" bytes="136" bytesdiscarded="0" />
  <memory-cardclean objects="34" bytes="912" />
  <regions eden="14" other="2" />
  <remembered-set-cleared processed="318" cleared="5" durationms="0.090" />
  <stringconstants candidates="13319" cleared="0"  />
</gc-op>
<gc-op id="4356" type="classunload" timems="0.003" contextid="4351" timestamp="2019-06-15T00:49:46.650">
  <classunload-info classloadercandidates="53" classloadersunloaded="0" classesunloaded="0" anonymousclassesunloaded="0" quiescems="0.000" setupms="0.003" scanms="0.000" postms="0.000" />
</gc-op>
<heap-resize id="4357" type="expand" space="default" amount="3145728" count="1" timems="0.051" reason="excessive time being spent in gc" timestamp="2019-06-15T00:49:46.650" />
<gc-end id="4358" type="partial gc" contextid="4351" durationms="4.762" usertimems="8.000" systemtimems="4.000" timestamp="2019-06-15T00:49:46.651" activeThreads="4">
  <mem-info id="4359" free="58720256" total="97517568" percent="60">
    <mem type="eden" free="1048552" total="1048576" percent="99" />
    <remembered-set count="2272" freebytes="3883520" totalbytes="3892608" percent="99" regionsoverflowed="0" regionsstable="17" regionsrebuilding="0"/>
  </mem-info>
</gc-end>
<cycle-end id="4360" type="partial gc" contextid="4351" timestamp="2019-06-15T00:49:46.651" />
  <attribute name="elasticGC enabled" value="1" />
  <attribute name= "numThreadsSpecified" value="4" />
  <attribute name="heapSize specified" value="0" />
  <attribute name="Current GC Util" value="149" />
  <attribute name= "Current Time Running" value="23543" />
  <attribute name ="GC Interval" value="0" />
  <attribute name="ProportionalT" value="64.500000" />
  <attribute name="ProportionalI" value="64.500000" />
  <attribute name="ProportionalH" value="64.500000" />
  <attribute name="Current Error" value="129.000000" />
  <attribute name="IntegralT" value="0.000000" />
  <attribute name="IntegralI" value="0.000000" />
  <attribute name="IntegralH" value="0.000000" />
  <attribute name="DerivativeT" value="-nan" />
  <attribute name="DerivativeI" value="-nan" />
  <attribute name="DerivativeH" value="-nan" />
  <attribute name="Loop Time for DT" value="0.000000" />
  <attribute name="Output H" value="2091843584"/>
  <attribute name="Output I" value="200"/>
  <attribute name="Output T" value="4"/>
  <attribute name="Target GC Util Change" value ="20.000000" />
  <attribute name="Current GC Util Change" value="149.000000"/>
  <attribute name="GC Util currently" value="149" />
  <attribute name="CPU Util currently" value="9547450573386" />
<exclusive-end id="4361" timestamp="2019-06-15T00:49:46.651" durationms="5.756" />

<exclusive-start id="4362" timestamp="2019-06-15T00:49:46.660" intervalms="15.044">
  <response-info timems="0.069" idlems="0.069" threads="0" lastid="000000000118C700" lastname="main" />
</exclusive-start>
<allocation-taxation id="4363" taxation-threshold="30408704" timestamp="2019-06-15T00:49:46.660" intervalms="14.920" />
<cycle-start id="4364" type="partial gc" contextid="0" timestamp="2019-06-15T00:49:46.661" intervalms="14.906" />
<gc-start id="4365" type="partial gc" contextid="4364" timestamp="2019-06-15T00:49:46.661">
  <mem-info id="4366" free="28311552" total="97517568" percent="29">
    <mem type="eden" free="1048552" total="31457280" percent="3" />
    <remembered-set count="2272" freebytes="3883520" totalbytes="3892608" percent="99" regionsoverflowed="0" regionsstable="17" regionsrebuilding="0"/>
  </mem-info>
</gc-start>
<allocation-stats totalBytes="30306688" >
  <allocated-bytes non-tlh="0" tlh="30306688" arrayletleaf="0"/>
  <largest-consumer threadName="main" threadId="000000000118C700" bytes="30306688" />
</allocation-stats>
<gc-op id="4367" type="copy forward" timems="1.502" contextid="4364" timestamp="2019-06-15T00:49:46.663">
  <memory-copied type="eden" objects="1" bytes="24" bytesdiscarded="0" />
  <memory-copied type="other" objects="1582" bytes="64056" bytesdiscarded="0" />
  <memory-cardclean objects="482" bytes="27432" />
  <regions eden="29" other="13" />
  <remembered-set-cleared processed="252" cleared="61" durationms="0.094" />
  <references type="soft" candidates="8" cleared="0" enqueued="0" dynamicThreshold="19" maxThreshold="32" />
  <references type="weak" candidates="75" cleared="0" enqueued="0" />
  <stringconstants candidates="13319" cleared="0"  />
</gc-op>
<gc-op id="4368" type="classunload" timems="0.004" contextid="4364" timestamp="2019-06-15T00:49:46.663">
  <classunload-info classloadercandidates="53" classloadersunloaded="0" classesunloaded="0" anonymousclassesunloaded="0" quiescems="0.000" setupms="0.004" scanms="0.000" postms="0.000" />
</gc-op>
<gc-end id="4369" type="partial gc" contextid="4364" durationms="2.603" usertimems="4.000" systemtimems="0.000" timestamp="2019-06-15T00:49:46.663" activeThreads="1">
  <mem-info id="4370" free="68157440" total="97517568" percent="69">
    <mem type="eden" free="1048552" total="1048576" percent="99" />
    <remembered-set count="2304" freebytes="3883392" totalbytes="3892608" percent="99" regionsoverflowed="0" regionsstable="17" regionsrebuilding="0"/>
  </mem-info>
</gc-end>
<cycle-end id="4371" type="partial gc" contextid="4364" timestamp="2019-06-15T00:49:46.664" />
  <attribute name="elasticGC enabled" value="1" />
  <attribute name= "numThreadsSpecified" value="1" />
  <attribute name="heapSize specified" value="0" />
  <attribute name="Current GC Util" value="178" />
  <attribute name= "Current Time Running" value="23556" />
  <attribute name ="GC Interval" value="0" />
  <attribute name="ProportionalT" value="79.000000" />
  <attribute name="ProportionalI" value="79.000000" />
  <attribute name="ProportionalH" value="79.000000" />
  <attribute name="Current Error" value="158.000000" />
  <attribute name="IntegralT" value="0.000000" />
  <attribute name="IntegralI" value="0.000000" />
  <attribute name="IntegralH" value="0.000000" />
  <attribute name="DerivativeT" value="inf" />
  <attribute name="DerivativeI" value="inf" />
  <attribute name="DerivativeH" value="inf" />
  <attribute name="Loop Time for DT" value="0.000000" />
  <attribute name="Output H" value="8388608"/>
  <attribute name="Output I" value="200"/>
  <attribute name="Output T" value="1"/>
  <attribute name="Target GC Util Change" value ="20.000000" />
  <attribute name="Current GC Util Change" value="178.000000"/>
  <attribute name="GC Util currently" value="178" />
  <attribute name="CPU Util currently" value="14835870879115" />
<exclusive-end id="4372" timestamp="2019-06-15T00:49:46.664" durationms="3.386" />

<exclusive-start id="4373" timestamp="2019-06-15T00:49:46.674" intervalms="13.569">
  <response-info timems="0.071" idlems="0.071" threads="0" lastid="000000000118C700" lastname="main" />
</exclusive-start>
<allocation-taxation id="4374" taxation-threshold="30408704" timestamp="2019-06-15T00:49:46.674" intervalms="13.614" />
<cycle-start id="4375" type="partial gc" contextid="0" timestamp="2019-06-15T00:49:46.674" intervalms="13.590" />
<gc-start id="4376" type="partial gc" contextid="4375" timestamp="2019-06-15T00:49:46.674">
  <mem-info id="4377" free="37748736" total="97517568" percent="38">
    <mem type="eden" free="1048552" total="31457280" percent="3" />
    <remembered-set count="2016" freebytes="3884544" totalbytes="3892608" percent="99" regionsoverflowed="0" regionsstable="17" regionsrebuilding="0"/>
  </mem-info>
</gc-start>
<allocation-stats totalBytes="30306688" >
  <allocated-bytes non-tlh="0" tlh="30306688" arrayletleaf="0"/>
  <largest-consumer threadName="main" threadId="000000000118C700" bytes="30306688" />
</allocation-stats>
<gc-op id="4378" type="copy forward" timems="3.283" contextid="4375" timestamp="2019-06-15T00:49:46.678">
  <memory-copied type="eden" objects="1" bytes="24" bytesdiscarded="0" />
  <memory-copied type="other" objects="29473" bytes="856296" bytesdiscarded="240" />
  <memory-cardclean objects="1884" bytes="71280" />
  <regions eden="29" other="5" />
  <remembered-set-cleared processed="65" cleared="42" durationms="0.089" />
  <references type="soft" candidates="2" cleared="0" enqueued="0" dynamicThreshold="22" maxThreshold="32" />
  <references type="weak" candidates="96" cleared="0" enqueued="0" />
  <stringconstants candidates="13319" cleared="0"  />
</gc-op>
<gc-op id="4379" type="classunload" timems="0.004" contextid="4375" timestamp="2019-06-15T00:49:46.679">
  <classunload-info classloadercandidates="53" classloadersunloaded="0" classesunloaded="0" anonymousclassesunloaded="0" quiescems="0.000" setupms="0.004" scanms="0.000" postms="0.000" />
</gc-op>
<gc-end id="4380" type="partial gc" contextid="4375" durationms="4.518" usertimems="4.000" systemtimems="0.000" timestamp="2019-06-15T00:49:46.679" activeThreads="1">
  <mem-info id="4381" free="70254592" total="97517568" percent="72">
    <mem type="eden" free="1048552" total="1048576" percent="99" />
    <remembered-set count="2208" freebytes="3883776" totalbytes="3892608" percent="99" regionsoverflowed="0" regionsstable="17" regionsrebuilding="0"/>
  </mem-info>
</gc-end>
<cycle-end id="4382" type="partial gc" contextid="4375" timestamp="2019-06-15T00:49:46.679" />
  <attribute name="elasticGC enabled" value="1" />
  <attribute name= "numThreadsSpecified" value="1" />
  <attribute name="heapSize specified" value="0" />
  <attribute name="Current GC Util" value="275" />
  <attribute name= "Current Time Running" value="23570" />
  <attribute name ="GC Interval" value="0" />
  <attribute name="ProportionalT" value="127.500000" />
  <attribute name="ProportionalI" value="127.500000" />
  <attribute name="ProportionalH" value="127.500000" />
  <attribute name="Current Error" value="255.000000" />
  <attribute name="IntegralT" value="0.000000" />
  <attribute name="IntegralI" value="0.000000" />
  <attribute name="IntegralH" value="0.000000" />
  <attribute name="DerivativeT" value="inf" />
  <attribute name="DerivativeI" value="inf" />
  <attribute name="DerivativeH" value="inf" />
  <attribute name="Loop Time for DT" value="0.000000" />
  <attribute name="Output H" value="8388608"/>
  <attribute name="Output I" value="200"/>
  <attribute name="Output T" value="1"/>
  <attribute name="Target GC Util Change" value ="20.000000" />
  <attribute name="Current GC Util Change" value="275.000000"/>
  <attribute name="GC Util currently" value="275" />
  <attribute name="CPU Util currently" value="13036273257663" />
<exclusive-end id="4383" timestamp="2019-06-15T00:49:46.679" durationms="5.340" />

<exclusive-start id="4384" timestamp="2019-06-15T00:49:46.688" intervalms="14.536">
  <response-info timems="0.069" idlems="0.069" threads="0" lastid="000000000118C700" lastname="main" />
</exclusive-start>
<allocation-taxation id="4385" taxation-threshold="30408704" timestamp="2019-06-15T00:49:46.689" intervalms="14.548" />
<cycle-start id="4386" type="partial gc" contextid="0" timestamp="2019-06-15T00:49:46.689" intervalms="14.578" />
<gc-start id="4387" type="partial gc" contextid="4386" timestamp="2019-06-15T00:49:46.689">
  <mem-info id="4388" free="39845888" total="97517568" percent="40">
    <mem type="eden" free="1048552" total="31457280" percent="3" />
    <remembered-set count="2048" freebytes="3884416" totalbytes="3892608" percent="99" regionsoverflowed="0" regionsstable="17" regionsrebuilding="0"/>
  </mem-info>
</gc-start>
<allocation-stats totalBytes="30306664" >
  <allocated-bytes non-tlh="0" tlh="30306664" arrayletleaf="0"/>
  <largest-consumer threadName="main" threadId="000000000118C700" bytes="30306664" />
</allocation-stats>
<gc-op id="4389" type="copy forward" timems="2.998" contextid="4386" timestamp="2019-06-15T00:49:46.693">
  <memory-copied type="eden" objects="1" bytes="24" bytesdiscarded="0" />
  <memory-copied type="other" objects="68" bytes="5920" bytesdiscarded="856" />
  <memory-cardclean objects="56" bytes="1848" />
  <regions eden="29" other="3" />
  <remembered-set-cleared processed="176" cleared="6" durationms="0.070" />
  <stringconstants candidates="13319" cleared="0"  />
</gc-op>
<gc-op id="4390" type="classunload" timems="0.004" contextid="4386" timestamp="2019-06-15T00:49:46.693">
  <classunload-info classloadercandidates="53" classloadersunloaded="0" classesunloaded="0" anonymousclassesunloaded="0" quiescems="0.000" setupms="0.004" scanms="0.000" postms="0.000" />
</gc-op>
<heap-resize id="4391" type="contract" space="default" amount="5242880" count="1" timems="0.054" reason="excess free space following gc" timestamp="2019-06-15T00:49:46.693" />
<gc-end id="4392" type="partial gc" contextid="4386" durationms="4.054" usertimems="4.000" systemtimems="4.000" timestamp="2019-06-15T00:49:46.693" activeThreads="4">
  <mem-info id="4393" free="65011712" total="92274688" percent="70">
    <mem type="eden" free="1048552" total="1048576" percent="99" />
    <remembered-set count="1856" freebytes="3885184" totalbytes="3892608" percent="99" regionsoverflowed="0" regionsstable="17" regionsrebuilding="0"/>
  </mem-info>
</gc-end>
<cycle-end id="4394" type="partial gc" contextid="4386" timestamp="2019-06-15T00:49:46.693" />
  <attribute name="elasticGC enabled" value="1" />
  <attribute name= "numThreadsSpecified" value="4" />
  <attribute name="heapSize specified" value="0" />
  <attribute name="Current GC Util" value="230" />
  <attribute name= "Current Time Running" value="23585" />
  <attribute name ="GC Interval" value="0" />
  <attribute name="ProportionalT" value="105.000000" />
  <attribute name="ProportionalI" value="105.000000" />
  <attribute name="ProportionalH" value="105.000000" />
  <attribute name="Current Error" value="210.000000" />
  <attribute name="IntegralT" value="210.000000" />
  <attribute name="IntegralI" value="210.000000" />
  <attribute name="IntegralH" value="210.000000" />
  <attribute name="DerivativeT" value="101.500000" />
  <attribute name="DerivativeI" value="101.500000" />
  <attribute name="DerivativeH" value="101.500000" />
  <attribute name="Loop Time for DT" value="1.000000" />
  <attribute name="Output H" value="8388608"/>
  <attribute name="Output I" value="416"/>
  <attribute name="Output T" value="4"/>
  <attribute name="Target GC Util Change" value ="20.000000" />
  <attribute name="Current GC Util Change" value="230.000000"/>
  <attribute name="GC Util currently" value="230" />
  <attribute name="CPU Util currently" value="13034025744707" />
<exclusive-end id="4395" timestamp="2019-06-15T00:49:46.693" durationms="4.968" />

<exclusive-start id="4396" timestamp="2019-06-15T00:49:46.702" intervalms="13.885">
  <response-info timems="0.077" idlems="0.077" threads="0" lastid="000000000118C700" lastname="main" />
</exclusive-start>
<allocation-taxation id="4397" taxation-threshold="29360128" timestamp="2019-06-15T00:49:46.702" intervalms="13.826" />
<cycle-start id="4398" type="partial gc" contextid="0" timestamp="2019-06-15T00:49:46.703" intervalms="13.824" />
<gc-start id="4399" type="partial gc" contextid="4398" timestamp="2019-06-15T00:49:46.703">
  <mem-info id="4400" free="35651584" total="92274688" percent="38">
    <mem type="eden" free="1048552" total="30408704" percent="3" />
    <remembered-set count="1856" freebytes="3885184" totalbytes="3892608" percent="99" regionsoverflowed="0" regionsstable="17" regionsrebuilding="0"/>
  </mem-info>
</gc-start>
<allocation-stats totalBytes="29261544" >
  <allocated-bytes non-tlh="0" tlh="29261544" arrayletleaf="0"/>
  <largest-consumer threadName="main" threadId="000000000118C700" bytes="29261544" />
</allocation-stats>
<gc-op id="4401" type="copy forward" timems="2.704" contextid="4398" timestamp="2019-06-15T00:49:46.707">
  <memory-copied type="eden" objects="1" bytes="24" bytesdiscarded="0" />
  <memory-copied type="other" objects="0" bytes="0" bytesdiscarded="0" />
  <memory-cardclean objects="67" bytes="1696" />
  <regions eden="28" other="1" />
  <remembered-set-cleared processed="180" cleared="3" durationms="0.088" />
  <stringconstants candidates="13319" cleared="0"  />
</gc-op>
<gc-op id="4402" type="classunload" timems="0.003" contextid="4398" timestamp="2019-06-15T00:49:46.707">
  <classunload-info classloadercandidates="53" classloadersunloaded="0" classesunloaded="0" anonymousclassesunloaded="0" quiescems="0.000" setupms="0.003" scanms="0.000" postms="0.000" />
</gc-op>
<heap-resize id="4403" type="contract" space="default" amount="5242880" count="1" timems="0.051" reason="excess free space following gc" timestamp="2019-06-15T00:49:46.707" />
<gc-end id="4404" type="partial gc" contextid="4398" durationms="4.142" usertimems="8.000" systemtimems="0.000" timestamp="2019-06-15T00:49:46.707" activeThreads="4">
  <mem-info id="4405" free="59768832" total="87031808" percent="68">
    <mem type="eden" free="1048552" total="1048576" percent="99" />
    <remembered-set count="1504" freebytes="3677312" totalbytes="3683328" percent="99" regionsoverflowed="0" regionsstable="17" regionsrebuilding="0"/>
  </mem-info>
</gc-end>
<cycle-end id="4406" type="partial gc" contextid="4398" timestamp="2019-06-15T00:49:46.707" />
  <attribute name="elasticGC enabled" value="1" />
  <attribute name= "numThreadsSpecified" value="4" />
  <attribute name="heapSize specified" value="0" />
  <attribute name="Current GC Util" value="117" />
  <attribute name= "Current Time Running" value="23599" />
  <attribute name ="GC Interval" value="0" />
  <attribute name="ProportionalT" value="48.500000" />
  <attribute name="ProportionalI" value="48.500000" />
  <attribute name="ProportionalH" value="48.500000" />
  <attribute name="Current Error" value="97.000000" />
  <attribute name="IntegralT" value="97.000000" />
  <attribute name="IntegralI" value="97.000000" />
  <attribute name="IntegralH" value="97.000000" />
  <attribute name="DerivativeT" value="29.500000" />
  <attribute name="DerivativeI" value="29.500000" />
  <attribute name="DerivativeH" value="29.500000" />
  <attribute name="Loop Time for DT" value="1.000000" />
  <attribute name="Output H" value="8388608"/>
  <attribute name="Output I" value="200"/>
  <attribute name="Output T" value="4"/>
  <attribute name="Target GC Util Change" value ="20.000000" />
  <attribute name="Current GC Util Change" value="117.000000"/>
  <attribute name="GC Util currently" value="117" />
  <attribute name="CPU Util currently" value="7683953331222" />
<exclusive-end id="4407" timestamp="2019-06-15T00:49:46.707" durationms="4.955" />

<exclusive-start id="4408" timestamp="2019-06-15T00:49:46.716" intervalms="13.540">
  <response-info timems="0.068" idlems="0.068" threads="0" lastid="000000000118C700" lastname="main" />
</exclusive-start>
<allocation-taxation id="4409" taxation-threshold="28311552" timestamp="2019-06-15T00:49:46.716" intervalms="13.549" />
<cycle-start id="4410" type="partial gc" contextid="0" timestamp="2019-06-15T00:49:46.716" intervalms="13.543" />
<gc-start id="4411" type="partial gc" contextid="4410" timestamp="2019-06-15T00:49:46.716">
  <mem-info id="4412" free="31457280" total="87031808" percent="36">
    <mem type="eden" free="1048552" total="29360128" percent="3" />
    <remembered-set count="1504" freebytes="3677312" totalbytes="3683328" percent="99" regionsoverflowed="0" regionsstable="17" regionsrebuilding="0"/>
  </mem-info>
</gc-start>
<allocation-stats totalBytes="28216400" >
  <allocated-bytes non-tlh="0" tlh="28216400" arrayletleaf="0"/>
  <largest-consumer threadName="main" threadId="000000000118C700" bytes="28216400" />
</allocation-stats>
<gc-op id="4413" type="copy forward" timems="0.946" contextid="4410" timestamp="2019-06-15T00:49:46.718">
  <memory-copied type="eden" objects="1" bytes="24" bytesdiscarded="0" />
  <memory-copied type="other" objects="0" bytes="0" bytesdiscarded="0" />
  <memory-cardclean objects="19" bytes="448" />
  <regions eden="27" other="1" />
  <remembered-set-cleared processed="182" cleared="1" durationms="0.092" />
  <stringconstants candidates="13319" cleared="0"  />
</gc-op>
<gc-op id="4414" type="classunload" timems="0.003" contextid="4410" timestamp="2019-06-15T00:49:46.718">
  <classunload-info classloadercandidates="53" classloadersunloaded="0" classesunloaded="0" anonymousclassesunloaded="0" quiescems="0.000" setupms="0.003" scanms="0.000" postms="0.000" />
</gc-op>
<heap-resize id="4415" type="contract" space="default" amount="5242880" count="1" timems="0.355" reason="excess free space following gc" timestamp="2019-06-15T00:49:46.719" />
<gc-end id="4416" type="partial gc" contextid="4410" durationms="2.752" usertimems="4.000" systemtimems="0.000" timestamp="2019-06-15T00:49:46.719" activeThreads="1">
  <mem-info id="4417" free="54525952" total="81788928" percent="66">
    <mem type="eden" free="1048552" total="1048576" percent="99" />
    <remembered-set count="1056" freebytes="3469824" totalbytes="3474048" percent="99" regionsoverflowed="0" regionsstable="17" regionsrebuilding="0"/>
  </mem-info>
</gc-end>
<cycle-end id="4418" type="partial gc" contextid="4410" timestamp="2019-06-15T00:49:46.719" />
  <attribute name="elasticGC enabled" value="1" />
  <attribute name= "numThreadsSpecified" value="1" />
  <attribute name="heapSize specified" value="0" />
  <attribute name="Current GC Util" value="119" />
  <attribute name= "Current Time Running" value="23612" />
  <attribute name ="GC Interval" value="0" />
  <attribute name="ProportionalT" value="49.500000" />
  <attribute name="ProportionalI" value="49.500000" />
  <attribute name="ProportionalH" value="49.500000" />
  <attribute name="Current Error" value="99.000000" />
  <attribute name="IntegralT" value="0.000000" />
  <attribute name="IntegralI" value="0.000000" />
  <attribute name="IntegralH" value="0.000000" />
  <attribute name="DerivativeT" value="inf" />
  <attribute name="DerivativeI" value="inf" />
  <attribute name="DerivativeH" value="inf" />
  <attribute name="Loop Time for DT" value="0.000000" />
  <attribute name="Output H" value="8388608"/>
  <attribute name="Output I" value="200"/>
  <attribute name="Output T" value="1"/>
  <attribute name="Target GC Util Change" value ="20.000000" />
  <attribute name="Current GC Util Change" value="119.000000"/>
  <attribute name="GC Util currently" value="119" />
  <attribute name="CPU Util currently" value="7859993207359" />
<exclusive-end id="4419" timestamp="2019-06-15T00:49:46.719" durationms="3.615" />

<exclusive-start id="4420" timestamp="2019-06-15T00:49:46.724" intervalms="7.887">
  <response-info timems="0.054" idlems="0.054" threads="0" lastid="000000000118C700" lastname="main" />
</exclusive-start>
<allocation-taxation id="4421" taxation-threshold="13631488" timestamp="2019-06-15T00:49:46.724" intervalms="7.930" />
<cycle-start id="4422" type="global mark phase" contextid="0" timestamp="2019-06-15T00:49:46.724" intervalms="525.826" />
<gc-start id="4423" type="global mark phase" contextid="4422" timestamp="2019-06-15T00:49:46.724">
  <mem-info id="4424" free="40894464" total="81788928" percent="50">
    <remembered-set count="576" freebytes="3471744" totalbytes="3474048" percent="99" regionsoverflowed="0" regionsstable="17" regionsrebuilding="0"/>
  </mem-info>
</gc-start>
<gc-op id="4425" type="mark increment" timems="1.277" contextid="4422" timestamp="2019-06-15T00:49:46.726">
  <trace-info objectcount="175" scancount="0" scanbytes="0" />
</gc-op>
<gc-end id="4426" type="global mark phase" contextid="4422" durationms="1.471" usertimems="4.000" systemtimems="0.000" timestamp="2019-06-15T00:49:46.726" activeThreads="1">
  <mem-info id="4427" free="40894464" total="81788928" percent="50">
    <remembered-set count="576" freebytes="3471744" totalbytes="3474048" percent="99" regionsoverflowed="0" regionsstable="0" regionsrebuilding="17"/>
  </mem-info>
</gc-end>
<concurrent-start id="4428" type="GMP work packet processing" contextid="4422" timestamp="2019-06-15T00:49:46.726">
  <concurrent-mark-start scanTarget="1048576" />
</concurrent-start>
<exclusive-end id="4429" timestamp="2019-06-15T00:49:46.726" durationms="2.134" />

<concurrent-end id="4430" type="GMP work packet processing" contextid="4422" timestamp="2019-06-15T00:49:46.729">
  <concurrent-mark-end bytesScanned="1119996" reasonForTermination="Work target met" />
</concurrent-end>

<exclusive-start id="4431" timestamp="2019-06-15T00:49:46.731" intervalms="7.344">
  <response-info timems="0.069" idlems="0.069" threads="0" lastid="000000000118C700" lastname="main" />
</exclusive-start>
<allocation-taxation id="4432" taxation-threshold="13631488" timestamp="2019-06-15T00:49:46.731" intervalms="7.294" />
<cycle-start id="4433" type="partial gc" contextid="0" timestamp="2019-06-15T00:49:46.731" intervalms="15.225" />
<gc-start id="4434" type="partial gc" contextid="4433" timestamp="2019-06-15T00:49:46.732">
  <mem-info id="4435" free="27262976" total="81788928" percent="33">
    <mem type="eden" free="1048552" total="28311552" percent="3" />
    <remembered-set count="13792" freebytes="3418880" totalbytes="3474048" percent="98" regionsoverflowed="0" regionsstable="0" regionsrebuilding="17"/>
  </mem-info>
</gc-start>
<allocation-stats totalBytes="27171256" >
  <allocated-bytes non-tlh="0" tlh="27171256" arrayletleaf="0"/>
  <largest-consumer threadName="main" threadId="000000000118C700" bytes="13586848" />
</allocation-stats>
<gc-op id="4436" type="copy forward" timems="2.112" contextid="4433" timestamp="2019-06-15T00:49:46.735">
  <memory-copied type="eden" objects="1" bytes="24" bytesdiscarded="0" />
  <memory-copied type="other" objects="0" bytes="0" bytesdiscarded="0" />
  <memory-cardclean objects="3346" bytes="170528" />
  <regions eden="26" other="1" />
  <remembered-set-cleared processed="11025" cleared="1266" durationms="0.195" />
  <stringconstants candidates="13319" cleared="0"  />
</gc-op>
<gc-op id="4437" type="classunload" timems="0.004" contextid="4433" timestamp="2019-06-15T00:49:46.735">
  <classunload-info classloadercandidates="53" classloadersunloaded="0" classesunloaded="0" anonymousclassesunloaded="0" quiescems="0.000" setupms="0.004" scanms="0.000" postms="0.000" />
</gc-op>
<heap-resize id="4438" type="contract" space="default" amount="4194304" count="1" timems="0.272" reason="excess free space following gc" timestamp="2019-06-15T00:49:46.735" />
<gc-end id="4439" type="partial gc" contextid="4433" durationms="3.882" usertimems="4.000" systemtimems="0.000" timestamp="2019-06-15T00:49:46.735" activeThreads="1">
  <mem-info id="4440" free="50331648" total="77594624" percent="64">
    <mem type="eden" free="1048552" total="1048576" percent="99" />
    <remembered-set count="12000" freebytes="3216768" totalbytes="3264768" percent="98" regionsoverflowed="0" regionsstable="0" regionsrebuilding="17"/>
  </mem-info>
</gc-end>
<cycle-end id="4441" type="partial gc" contextid="4433" timestamp="2019-06-15T00:49:46.736" />
  <attribute name="elasticGC enabled" value="1" />
  <attribute name= "numThreadsSpecified" value="1" />
  <attribute name="heapSize specified" value="0" />
  <attribute name="Current GC Util" value="106" />
  <attribute name= "Current Time Running" value="23627" />
  <attribute name ="GC Interval" value="0" />
  <attribute name="ProportionalT" value="43.000000" />
  <attribute name="ProportionalI" value="43.000000" />
  <attribute name="ProportionalH" value="43.000000" />
  <attribute name="Current Error" value="86.000000" />
  <attribute name="IntegralT" value="0.000000" />
  <attribute name="IntegralI" value="0.000000" />
  <attribute name="IntegralH" value="0.000000" />
  <attribute name="DerivativeT" value="inf" />
  <attribute name="DerivativeI" value="inf" />
  <attribute name="DerivativeH" value="inf" />
  <attribute name="Loop Time for DT" value="0.000000" />
  <attribute name="Output H" value="8388608"/>
  <attribute name="Output I" value="200"/>
  <attribute name="Output T" value="1"/>
  <attribute name="Target GC Util Change" value ="20.000000" />
  <attribute name="Current GC Util Change" value="106.000000"/>
  <attribute name="GC Util currently" value="106" />
  <attribute name="CPU Util currently" value="8076705828637" />
<exclusive-end id="4442" timestamp="2019-06-15T00:49:46.736" durationms="4.591" />

<exclusive-start id="4443" timestamp="2019-06-15T00:49:46.740" intervalms="8.499">
  <response-info timems="0.028" idlems="0.028" threads="0" lastid="000000000118C700" lastname="main" />
</exclusive-start>
<allocation-taxation id="4444" taxation-threshold="12582912" timestamp="2019-06-15T00:49:46.740" intervalms="8.463" />
<gc-start id="4445" type="global mark phase" contextid="4422" timestamp="2019-06-15T00:49:46.740">
  <mem-info id="4446" free="37748736" total="77594624" percent="48">
    <remembered-set count="12000" freebytes="3216768" totalbytes="3264768" percent="98" regionsoverflowed="0" regionsstable="0" regionsrebuilding="17"/>
  </mem-info>
</gc-start>
<gc-end id="4447" type="global mark phase" contextid="4422" durationms="0.104" usertimems="0.000" systemtimems="0.000" timestamp="2019-06-15T00:49:46.740" activeThreads="1">
  <mem-info id="4448" free="37748736" total="77594624" percent="48">
    <remembered-set count="12000" freebytes="3216768" totalbytes="3264768" percent="98" regionsoverflowed="0" regionsstable="0" regionsrebuilding="17"/>
  </mem-info>
</gc-end>
<concurrent-start id="4449" type="GMP work packet processing" contextid="4422" timestamp="2019-06-15T00:49:46.740">
  <concurrent-mark-start scanTarget="1048576" />
</concurrent-start>
<exclusive-end id="4450" timestamp="2019-06-15T00:49:46.740" durationms="0.588" />

<concurrent-end id="4451" type="GMP work packet processing" contextid="4422" timestamp="2019-06-15T00:49:46.742">
  <concurrent-mark-end bytesScanned="1130420" reasonForTermination="Work target met" />
</concurrent-end>

<exclusive-start id="4452" timestamp="2019-06-15T00:49:46.745" intervalms="5.185">
  <response-info timems="0.035" idlems="0.035" threads="0" lastid="000000000118C700" lastname="main" />
</exclusive-start>
<allocation-taxation id="4453" taxation-threshold="12582912" timestamp="2019-06-15T00:49:46.745" intervalms="5.216" />
<cycle-start id="4454" type="partial gc" contextid="0" timestamp="2019-06-15T00:49:46.745" intervalms="13.675" />
<gc-start id="4455" type="partial gc" contextid="4454" timestamp="2019-06-15T00:49:46.745">
  <mem-info id="4456" free="25165824" total="77594624" percent="32">
    <mem type="eden" free="1048552" total="26214400" percent="3" />
    <remembered-set count="23776" freebytes="3169664" totalbytes="3264768" percent="97" regionsoverflowed="0" regionsstable="0" regionsrebuilding="17"/>
  </mem-info>
</gc-start>
<allocation-stats totalBytes="25080968" >
  <allocated-bytes non-tlh="0" tlh="25080968" arrayletleaf="0"/>
  <largest-consumer threadName="main" threadId="000000000118C700" bytes="12541704" />
</allocation-stats>
<gc-op id="4457" type="copy forward" timems="4.009" contextid="4454" timestamp="2019-06-15T00:49:46.750">
  <memory-copied type="eden" objects="1" bytes="24" bytesdiscarded="0" />
  <memory-copied type="other" objects="0" bytes="0" bytesdiscarded="0" />
  <memory-cardclean objects="19962" bytes="1222912" />
  <regions eden="24" other="1" />
  <remembered-set-cleared processed="14588" cleared="7311" durationms="0.295" />
  <stringconstants candidates="13319" cleared="0"  />
</gc-op>
<gc-op id="4458" type="classunload" timems="0.004" contextid="4454" timestamp="2019-06-15T00:49:46.750">
  <classunload-info classloadercandidates="53" classloadersunloaded="0" classesunloaded="0" anonymousclassesunloaded="0" quiescems="0.000" setupms="0.003" scanms="0.000" postms="0.000" />
</gc-op>
<heap-resize id="4459" type="contract" space="default" amount="4194304" count="1" timems="0.280" reason="excess free space following gc" timestamp="2019-06-15T00:49:46.751" />
<gc-end id="4460" type="partial gc" contextid="4454" durationms="5.739" usertimems="4.000" systemtimems="4.000" timestamp="2019-06-15T00:49:46.751" activeThreads="1">
  <mem-info id="4461" free="46137344" total="73400320" percent="62">
    <mem type="eden" free="1048552" total="1048576" percent="99" />
    <remembered-set count="15904" freebytes="3033728" totalbytes="3097344" percent="97" regionsoverflowed="0" regionsstable="0" regionsrebuilding="17"/>
  </mem-info>
</gc-end>
<cycle-end id="4462" type="partial gc" contextid="4454" timestamp="2019-06-15T00:49:46.751" />
  <attribute name="elasticGC enabled" value="1" />
  <attribute name= "numThreadsSpecified" value="1" />
  <attribute name="heapSize specified" value="0" />
  <attribute name="Current GC Util" value="111" />
  <attribute name= "Current Time Running" value="23641" />
  <attribute name ="GC Interval" value="0" />
  <attribute name="ProportionalT" value="45.500000" />
  <attribute name="ProportionalI" value="45.500000" />
  <attribute name="ProportionalH" value="45.500000" />
  <attribute name="Current Error" value="91.000000" />
  <attribute name="IntegralT" value="0.000000" />
  <attribute name="IntegralI" value="0.000000" />
  <attribute name="IntegralH" value="0.000000" />
  <attribute name="DerivativeT" value="inf" />
  <attribute name="DerivativeI" value="inf" />
  <attribute name="DerivativeH" value="inf" />
  <attribute name="Loop Time for DT" value="0.000000" />
  <attribute name="Output H" value="8388608"/>
  <attribute name="Output I" value="200"/>
  <attribute name="Output T" value="1"/>
  <attribute name="Target GC Util Change" value ="20.000000" />
  <attribute name="Current GC Util Change" value="111.000000"/>
  <attribute name="GC Util currently" value="111" />
  <attribute name="CPU Util currently" value="8401059410860" />
<exclusive-end id="4463" timestamp="2019-06-15T00:49:46.751" durationms="6.592" />

<exclusive-start id="4464" timestamp="2019-06-15T00:49:46.755" intervalms="10.560">
  <response-info timems="0.056" idlems="0.056" threads="0" lastid="000000000118C700" lastname="main" />
</exclusive-start>
<allocation-taxation id="4465" taxation-threshold="12582912" timestamp="2019-06-15T00:49:46.755" intervalms="10.566" />
<gc-start id="4466" type="global mark phase" contextid="4422" timestamp="2019-06-15T00:49:46.756">
  <mem-info id="4467" free="33554432" total="73400320" percent="45">
    <remembered-set count="15584" freebytes="3035008" totalbytes="3097344" percent="97" regionsoverflowed="0" regionsstable="0" regionsrebuilding="17"/>
  </mem-info>
</gc-start>
<gc-end id="4468" type="global mark phase" contextid="4422" durationms="0.138" usertimems="0.000" systemtimems="0.000" timestamp="2019-06-15T00:49:46.756" activeThreads="1">
  <mem-info id="4469" free="33554432" total="73400320" percent="45">
    <remembered-set count="15584" freebytes="3035008" totalbytes="3097344" percent="97" regionsoverflowed="0" regionsstable="0" regionsrebuilding="17"/>
  </mem-info>
</gc-end>
<concurrent-start id="4470" type="GMP work packet processing" contextid="4422" timestamp="2019-06-15T00:49:46.756">
  <concurrent-mark-start scanTarget="1072380" />
</concurrent-start>
<exclusive-end id="4471" timestamp="2019-06-15T00:49:46.756" durationms="0.692" />

<concurrent-end id="4472" type="GMP work packet processing" contextid="4422" timestamp="2019-06-15T00:49:46.758">
  <concurrent-mark-end bytesScanned="1142512" reasonForTermination="Work target met" />
</concurrent-end>

<exclusive-start id="4473" timestamp="2019-06-15T00:49:46.761" intervalms="5.250">
  <response-info timems="0.067" idlems="0.067" threads="0" lastid="000000000118C700" lastname="main" />
</exclusive-start>
<allocation-taxation id="4474" taxation-threshold="12582912" timestamp="2019-06-15T00:49:46.761" intervalms="5.252" />
<cycle-start id="4475" type="partial gc" contextid="0" timestamp="2019-06-15T00:49:46.761" intervalms="15.818" />
<gc-start id="4476" type="partial gc" contextid="4475" timestamp="2019-06-15T00:49:46.761">
  <mem-info id="4477" free="20971520" total="73400320" percent="28">
    <mem type="eden" free="1048552" total="26214400" percent="3" />
    <remembered-set count="26944" freebytes="2989568" totalbytes="3097344" percent="96" regionsoverflowed="0" regionsstable="0" regionsrebuilding="17"/>
  </mem-info>
</gc-start>
<allocation-stats totalBytes="25080968" >
  <allocated-bytes non-tlh="0" tlh="25080968" arrayletleaf="0"/>
  <largest-consumer threadName="main" threadId="000000000118C700" bytes="12541704" />
</allocation-stats>
<gc-op id="4478" type="copy forward" timems="3.163" contextid="4475" timestamp="2019-06-15T00:49:46.765">
  <memory-copied type="eden" objects="1" bytes="24" bytesdiscarded="0" />
  <memory-copied type="other" objects="0" bytes="0" bytesdiscarded="0" />
  <memory-cardclean objects="26237" bytes="1365552" />
  <regions eden="24" other="1" />
  <remembered-set-cleared processed="19895" cleared="6308" durationms="0.193" />
  <stringconstants candidates="13319" cleared="0"  />
</gc-op>
<gc-op id="4479" type="classunload" timems="0.004" contextid="4475" timestamp="2019-06-15T00:49:46.765">
  <classunload-info classloadercandidates="53" classloadersunloaded="0" classesunloaded="0" anonymousclassesunloaded="0" quiescems="0.000" setupms="0.003" scanms="0.000" postms="0.000" />
</gc-op>
<heap-resize id="4480" type="contract" space="default" amount="3145728" count="1" timems="0.213" reason="excess free space following gc" timestamp="2019-06-15T00:49:46.766" />
<gc-end id="4481" type="partial gc" contextid="4475" durationms="4.589" usertimems="8.000" systemtimems="0.000" timestamp="2019-06-15T00:49:46.766" activeThreads="4">
  <mem-info id="4482" free="42991616" total="70254592" percent="61">
    <mem type="eden" free="1048552" total="1048576" percent="99" />
    <remembered-set count="22784" freebytes="2838784" totalbytes="2929920" percent="96" regionsoverflowed="0" regionsstable="0" regionsrebuilding="17"/>
  </mem-info>
</gc-end>
<cycle-end id="4483" type="partial gc" contextid="4475" timestamp="2019-06-15T00:49:46.766" />
  <attribute name="elasticGC enabled" value="1" />
  <attribute name= "numThreadsSpecified" value="4" />
  <attribute name="heapSize specified" value="0" />
  <attribute name="Current GC Util" value="118" />
  <attribute name= "Current Time Running" value="23657" />
  <attribute name ="GC Interval" value="0" />
  <attribute name="ProportionalT" value="49.000000" />
  <attribute name="ProportionalI" value="49.000000" />
  <attribute name="ProportionalH" value="49.000000" />
  <attribute name="Current Error" value="98.000000" />
  <attribute name="IntegralT" value="98.000000" />
  <attribute name="IntegralI" value="98.000000" />
  <attribute name="IntegralH" value="98.000000" />
  <attribute name="DerivativeT" value="23.500000" />
  <attribute name="DerivativeI" value="23.500000" />
  <attribute name="DerivativeH" value="23.500000" />
  <attribute name="Loop Time for DT" value="1.000000" />
  <attribute name="Output H" value="8388608"/>
  <attribute name="Output I" value="200"/>
  <attribute name="Output T" value="4"/>
  <attribute name="Target GC Util Change" value ="20.000000" />
  <attribute name="Current GC Util Change" value="118.000000"/>
  <attribute name="GC Util currently" value="118" />
  <attribute name="CPU Util currently" value="8518641715768" />
<exclusive-end id="4484" timestamp="2019-06-15T00:49:46.766" durationms="5.416" />

<exclusive-start id="4485" timestamp="2019-06-15T00:49:46.770" intervalms="9.039">
  <response-info timems="0.055" idlems="0.055" threads="0" lastid="000000000118C700" lastname="main" />
</exclusive-start>
<allocation-taxation id="4486" taxation-threshold="11534336" timestamp="2019-06-15T00:49:46.770" intervalms="9.037" />
<gc-start id="4487" type="global mark phase" contextid="4422" timestamp="2019-06-15T00:49:46.770">
  <mem-info id="4488" free="31457280" total="70254592" percent="44">
    <remembered-set count="22784" freebytes="2838784" totalbytes="2929920" percent="96" regionsoverflowed="0" regionsstable="0" regionsrebuilding="17"/>
  </mem-info>
</gc-start>
<gc-end id="4489" type="global mark phase" contextid="4422" durationms="0.113" usertimems="0.000" systemtimems="0.000" timestamp="2019-06-15T00:49:46.770" activeThreads="4">
  <mem-info id="4490" free="31457280" total="70254592" percent="44">
    <remembered-set count="22784" freebytes="2838784" totalbytes="2929920" percent="96" regionsoverflowed="0" regionsstable="0" regionsrebuilding="17"/>
  </mem-info>
</gc-end>
<concurrent-start id="4491" type="GMP work packet processing" contextid="4422" timestamp="2019-06-15T00:49:46.770">
  <concurrent-mark-start scanTarget="1072380" />
</concurrent-start>
<exclusive-end id="4492" timestamp="2019-06-15T00:49:46.770" durationms="0.700" />

<concurrent-end id="4493" type="GMP work packet processing" contextid="4422" timestamp="2019-06-15T00:49:46.771">
  <concurrent-mark-end bytesScanned="1102604" reasonForTermination="Work target met" />
</concurrent-end>

<exclusive-start id="4494" timestamp="2019-06-15T00:49:46.774" intervalms="4.585">
  <response-info timems="0.029" idlems="0.029" threads="0" lastid="000000000118C700" lastname="main" />
</exclusive-start>
<allocation-taxation id="4495" taxation-threshold="11534336" timestamp="2019-06-15T00:49:46.774" intervalms="4.556" />
<cycle-start id="4496" type="partial gc" contextid="0" timestamp="2019-06-15T00:49:46.774" intervalms="13.526" />
<gc-start id="4497" type="partial gc" contextid="4496" timestamp="2019-06-15T00:49:46.775">
  <mem-info id="4498" free="19922944" total="70254592" percent="28">
    <mem type="eden" free="1048552" total="24117248" percent="4" />
    <remembered-set count="33760" freebytes="2794880" totalbytes="2929920" percent="95" regionsoverflowed="0" regionsstable="0" regionsrebuilding="17"/>
  </mem-info>
</gc-start>
<allocation-stats totalBytes="22990680" >
  <allocated-bytes non-tlh="0" tlh="22990680" arrayletleaf="0"/>
  <largest-consumer threadName="main" threadId="000000000118C700" bytes="11496560" />
</allocation-stats>
<gc-op id="4499" type="copy forward" timems="3.323" contextid="4496" timestamp="2019-06-15T00:49:46.779">
  <memory-copied type="eden" objects="1" bytes="24" bytesdiscarded="0" />
  <memory-copied type="other" objects="0" bytes="0" bytesdiscarded="0" />
  <memory-cardclean objects="67474" bytes="2693784" />
  <regions eden="22" other="1" />
  <remembered-set-cleared processed="14739" cleared="8625" durationms="0.149" />
  <stringconstants candidates="13319" cleared="0"  />
</gc-op>
<gc-op id="4500" type="classunload" timems="0.003" contextid="4496" timestamp="2019-06-15T00:49:46.779">
  <classunload-info classloadercandidates="53" classloadersunloaded="0" classesunloaded="0" anonymousclassesunloaded="0" quiescems="0.000" setupms="0.003" scanms="0.000" postms="0.000" />
</gc-op>
<gc-end id="4501" type="partial gc" contextid="4496" durationms="4.438" usertimems="8.000" systemtimems="0.000" timestamp="2019-06-15T00:49:46.779" activeThreads="4">
  <mem-info id="4502" free="42991616" total="70254592" percent="61">
    <mem type="eden" free="1048552" total="1048576" percent="99" />
    <remembered-set count="22912" freebytes="2712704" totalbytes="2804352" percent="96" regionsoverflowed="0" regionsstable="0" regionsrebuilding="17"/>
  </mem-info>
</gc-end>
<cycle-end id="4503" type="partial gc" contextid="4496" timestamp="2019-06-15T00:49:46.779" />
  <attribute name="elasticGC enabled" value="1" />
  <attribute name= "numThreadsSpecified" value="4" />
  <attribute name="heapSize specified" value="0" />
  <attribute name="Current GC Util" value="34" />
  <attribute name= "Current Time Running" value="23670" />
  <attribute name ="GC Interval" value="0" />
  <attribute name="ProportionalT" value="7.000000" />
  <attribute name="ProportionalI" value="7.000000" />
  <attribute name="ProportionalH" value="7.000000" />
  <attribute name="Current Error" value="14.000000" />
  <attribute name="IntegralT" value="0.000000" />
  <attribute name="IntegralI" value="0.000000" />
  <attribute name="IntegralH" value="0.000000" />
  <attribute name="DerivativeT" value="-nan" />
  <attribute name="DerivativeI" value="-nan" />
  <attribute name="DerivativeH" value="-nan" />
  <attribute name="Loop Time for DT" value="0.000000" />
  <attribute name="Output H" value="2091843584"/>
  <attribute name="Output I" value="200"/>
  <attribute name="Output T" value="4"/>
  <attribute name="Target GC Util Change" value ="20.000000" />
  <attribute name="Current GC Util Change" value="34.000000"/>
  <attribute name="GC Util currently" value="34" />
  <attribute name="CPU Util currently" value="11210118850817" />
<exclusive-end id="4504" timestamp="2019-06-15T00:49:46.779" durationms="5.002" />

<exclusive-start id="4505" timestamp="2019-06-15T00:49:46.783" intervalms="8.638">
  <response-info timems="0.070" idlems="0.070" threads="0" lastid="000000000118C700" lastname="main" />
</exclusive-start>
<allocation-taxation id="4506" taxation-threshold="11534336" timestamp="2019-06-15T00:49:46.783" intervalms="8.709" />
<gc-start id="4507" type="global mark phase" contextid="4422" timestamp="2019-06-15T00:49:46.783">
  <mem-info id="4508" free="31457280" total="70254592" percent="44">
    <remembered-set count="22880" freebytes="2712832" totalbytes="2804352" percent="96" regionsoverflowed="0" regionsstable="0" regionsrebuilding="17"/>
  </mem-info>
</gc-start>
<gc-end id="4509" type="global mark phase" contextid="4422" durationms="0.140" usertimems="0.000" systemtimems="0.000" timestamp="2019-06-15T00:49:46.783" activeThreads="4">
  <mem-info id="4510" free="31457280" total="70254592" percent="44">
    <remembered-set count="22880" freebytes="2712832" totalbytes="2804352" percent="96" regionsoverflowed="0" regionsstable="0" regionsrebuilding="17"/>
  </mem-info>
</gc-end>
<concurrent-start id="4511" type="GMP work packet processing" contextid="4422" timestamp="2019-06-15T00:49:46.783">
  <concurrent-mark-start scanTarget="1072380" />
</concurrent-start>
<exclusive-end id="4512" timestamp="2019-06-15T00:49:46.784" durationms="0.773" />

<concurrent-end id="4513" type="GMP work packet processing" contextid="4422" timestamp="2019-06-15T00:49:46.784">
  <concurrent-mark-end bytesScanned="1118756" reasonForTermination="Work target met" />
</concurrent-end>

<exclusive-start id="4514" timestamp="2019-06-15T00:49:46.788" intervalms="4.981">
  <response-info timems="0.056" idlems="0.056" threads="0" lastid="000000000118C700" lastname="main" />
</exclusive-start>
<allocation-taxation id="4515" taxation-threshold="11534336" timestamp="2019-06-15T00:49:46.788" intervalms="4.994" />
<cycle-start id="4516" type="partial gc" contextid="0" timestamp="2019-06-15T00:49:46.788" intervalms="13.839" />
<gc-start id="4517" type="partial gc" contextid="4516" timestamp="2019-06-15T00:49:46.788">
  <mem-info id="4518" free="19922944" total="70254592" percent="28">
    <mem type="eden" free="1048552" total="24117248" percent="4" />
    <remembered-set count="30816" freebytes="2681088" totalbytes="2804352" percent="95" regionsoverflowed="0" regionsstable="0" regionsrebuilding="17"/>
  </mem-info>
</gc-start>
<allocation-stats totalBytes="22990680" >
  <allocated-bytes non-tlh="0" tlh="22990680" arrayletleaf="0"/>
  <largest-consumer threadName="main" threadId="000000000118C700" bytes="11496560" />
</allocation-stats>
<gc-op id="4519" type="copy forward" timems="1.387" contextid="4516" timestamp="2019-06-15T00:49:46.791">
  <memory-copied type="eden" objects="1" bytes="24" bytesdiscarded="0" />
  <memory-copied type="other" objects="0" bytes="0" bytesdiscarded="0" />
  <memory-cardclean objects="19" bytes="448" />
  <regions eden="22" other="1" />
  <remembered-set-cleared processed="28645" cleared="6" durationms="0.404" />
  <stringconstants candidates="13319" cleared="0"  />
</gc-op>
<gc-op id="4520" type="classunload" timems="0.003" contextid="4516" timestamp="2019-06-15T00:49:46.791">
  <classunload-info classloadercandidates="53" classloadersunloaded="0" classesunloaded="0" anonymousclassesunloaded="0" quiescems="0.000" setupms="0.003" scanms="0.000" postms="0.000" />
</gc-op>
<gc-end id="4521" type="partial gc" contextid="4516" durationms="2.324" usertimems="0.000" systemtimems="0.000" timestamp="2019-06-15T00:49:46.791" activeThreads="1">
  <mem-info id="4522" free="42991616" total="70254592" percent="61">
    <mem type="eden" free="1048552" total="1048576" percent="99" />
    <remembered-set count="31296" freebytes="2679168" totalbytes="2804352" percent="95" regionsoverflowed="0" regionsstable="0" regionsrebuilding="17"/>
  </mem-info>
</gc-end>
<cycle-end id="4523" type="partial gc" contextid="4516" timestamp="2019-06-15T00:49:46.791" />
  <attribute name="elasticGC enabled" value="1" />
  <attribute name= "numThreadsSpecified" value="1" />
  <attribute name="heapSize specified" value="0" />
  <attribute name="Current GC Util" value="68" />
  <attribute name= "Current Time Running" value="23684" />
  <attribute name ="GC Interval" value="0" />
  <attribute name="ProportionalT" value="24.000000" />
  <attribute name="ProportionalI" value="24.000000" />
  <attribute name="ProportionalH" value="24.000000" />
  <attribute name="Current Error" value="48.000000" />
  <attribute name="IntegralT" value="0.000000" />
  <attribute name="IntegralI" value="0.000000" />
  <attribute name="IntegralH" value="0.000000" />
  <attribute name="DerivativeT" value="inf" />
  <attribute name="DerivativeI" value="inf" />
  <attribute name="DerivativeH" value="inf" />
  <attribute name="Loop Time for DT" value="0.000000" />
  <attribute name="Output H" value="8388608"/>
  <attribute name="Output I" value="200"/>
  <attribute name="Output T" value="1"/>
  <attribute name="Target GC Util Change" value ="20.000000" />
  <attribute name="Current GC Util Change" value="68.000000"/>
  <attribute name="GC Util currently" value="68" />
  <attribute name="CPU Util currently" value="20565482034237" />
<exclusive-end id="4524" timestamp="2019-06-15T00:49:46.791" durationms="3.261" />

<exclusive-start id="4525" timestamp="2019-06-15T00:49:46.795" intervalms="6.895">
  <response-info timems="0.068" idlems="0.068" threads="0" lastid="000000000118C700" lastname="main" />
</exclusive-start>
<allocation-taxation id="4526" taxation-threshold="11534336" timestamp="2019-06-15T00:49:46.795" intervalms="6.832" />
<gc-start id="4527" type="global mark phase" contextid="4422" timestamp="2019-06-15T00:49:46.795">
  <mem-info id="4528" free="31457280" total="70254592" percent="44">
    <remembered-set count="30816" freebytes="2681088" totalbytes="2804352" percent="95" regionsoverflowed="0" regionsstable="0" regionsrebuilding="17"/>
  </mem-info>
</gc-start>
<gc-end id="4529" type="global mark phase" contextid="4422" durationms="0.105" usertimems="0.000" systemtimems="0.000" timestamp="2019-06-15T00:49:46.795" activeThreads="1">
  <mem-info id="4530" free="31457280" total="70254592" percent="44">
    <remembered-set count="30816" freebytes="2681088" totalbytes="2804352" percent="95" regionsoverflowed="0" regionsstable="0" regionsrebuilding="17"/>
  </mem-info>
</gc-end>
<concurrent-start id="4531" type="GMP work packet processing" contextid="4422" timestamp="2019-06-15T00:49:46.795">
  <concurrent-mark-start scanTarget="1072380" />
</concurrent-start>
<exclusive-end id="4532" timestamp="2019-06-15T00:49:46.795" durationms="0.618" />

<concurrent-end id="4533" type="GMP work packet processing" contextid="4422" timestamp="2019-06-15T00:49:46.796">
  <concurrent-mark-end bytesScanned="1121500" reasonForTermination="Work target met" />
</concurrent-end>

<exclusive-start id="4534" timestamp="2019-06-15T00:49:46.800" intervalms="4.804">
  <response-info timems="0.060" idlems="0.060" threads="0" lastid="000000000118C700" lastname="main" />
</exclusive-start>
<allocation-taxation id="4535" taxation-threshold="11534336" timestamp="2019-06-15T00:49:46.800" intervalms="4.787" />
<cycle-start id="4536" type="partial gc" contextid="0" timestamp="2019-06-15T00:49:46.800" intervalms="11.512" />
<gc-start id="4537" type="partial gc" contextid="4536" timestamp="2019-06-15T00:49:46.800">
  <mem-info id="4538" free="19922944" total="70254592" percent="28">
    <mem type="eden" free="1048552" total="24117248" percent="4" />
    <remembered-set count="39328" freebytes="2647040" totalbytes="2804352" percent="94" regionsoverflowed="0" regionsstable="0" regionsrebuilding="17"/>
  </mem-info>
</gc-start>
<allocation-stats totalBytes="22990680" >
  <allocated-bytes non-tlh="0" tlh="22990680" arrayletleaf="0"/>
  <largest-consumer threadName="main" threadId="000000000118C700" bytes="11496560" />
</allocation-stats>
<gc-op id="4539" type="copy forward" timems="1.407" contextid="4536" timestamp="2019-06-15T00:49:46.802">
  <memory-copied type="eden" objects="1" bytes="24" bytesdiscarded="0" />
  <memory-copied type="other" objects="0" bytes="0" bytesdiscarded="0" />
  <memory-cardclean objects="19" bytes="448" />
  <regions eden="22" other="1" />
  <remembered-set-cleared processed="37177" cleared="5" durationms="0.279" />
  <stringconstants candidates="13319" cleared="0"  />
</gc-op>
<gc-op id="4540" type="classunload" timems="0.003" contextid="4536" timestamp="2019-06-15T00:49:46.802">
  <classunload-info classloadercandidates="53" classloadersunloaded="0" classesunloaded="0" anonymousclassesunloaded="0" quiescems="0.000" setupms="0.003" scanms="0.000" postms="0.000" />
</gc-op>
<gc-end id="4541" type="partial gc" contextid="4536" durationms="2.342" usertimems="0.000" systemtimems="0.000" timestamp="2019-06-15T00:49:46.802" activeThreads="1">
  <mem-info id="4542" free="42991616" total="70254592" percent="61">
    <mem type="eden" free="1048552" total="1048576" percent="99" />
    <remembered-set count="39808" freebytes="2645120" totalbytes="2804352" percent="94" regionsoverflowed="0" regionsstable="0" regionsrebuilding="17"/>
  </mem-info>
</gc-end>
<cycle-end id="4543" type="partial gc" contextid="4536" timestamp="2019-06-15T00:49:46.802" />
  <attribute name="elasticGC enabled" value="1" />
  <attribute name= "numThreadsSpecified" value="1" />
  <attribute name="heapSize specified" value="0" />
  <attribute name="Current GC Util" value="50" />
  <attribute name= "Current Time Running" value="23695" />
  <attribute name ="GC Interval" value="0" />
  <attribute name="ProportionalT" value="15.000000" />
  <attribute name="ProportionalI" value="15.000000" />
  <attribute name="ProportionalH" value="15.000000" />
  <attribute name="Current Error" value="30.000000" />
  <attribute name="IntegralT" value="0.000000" />
  <attribute name="IntegralI" value="0.000000" />
  <attribute name="IntegralH" value="0.000000" />
  <attribute name="DerivativeT" value="inf" />
  <attribute name="DerivativeI" value="inf" />
  <attribute name="DerivativeH" value="inf" />
  <attribute name="Loop Time for DT" value="0.000000" />
  <attribute name="Output H" value="8388608"/>
  <attribute name="Output I" value="200"/>
  <attribute name="Output T" value="1"/>
  <attribute name="Target GC Util Change" value ="20.000000" />
  <attribute name="Current GC Util Change" value="50.000000"/>
  <attribute name="GC Util currently" value="50" />
  <attribute name="CPU Util currently" value="21499300494069" />
<exclusive-end id="4544" timestamp="2019-06-15T00:49:46.803" durationms="3.018" />

<exclusive-start id="4545" timestamp="2019-06-15T00:49:46.806" intervalms="6.641">
  <response-info timems="0.067" idlems="0.067" threads="0" lastid="000000000118C700" lastname="main" />
</exclusive-start>
<allocation-taxation id="4546" taxation-threshold="11534336" timestamp="2019-06-15T00:49:46.806" intervalms="6.724" />
<gc-start id="4547" type="global mark phase" contextid="4422" timestamp="2019-06-15T00:49:46.807">
  <mem-info id="4548" free="31457280" total="70254592" percent="44">
    <remembered-set count="39328" freebytes="2647040" totalbytes="2804352" percent="94" regionsoverflowed="0" regionsstable="0" regionsrebuilding="17"/>
  </mem-info>
</gc-start>
<gc-end id="4549" type="global mark phase" contextid="4422" durationms="0.141" usertimems="0.000" systemtimems="0.000" timestamp="2019-06-15T00:49:46.807" activeThreads="1">
  <mem-info id="4550" free="31457280" total="70254592" percent="44">
    <remembered-set count="39328" freebytes="2647040" totalbytes="2804352" percent="94" regionsoverflowed="0" regionsstable="0" regionsrebuilding="17"/>
  </mem-info>
</gc-end>
<concurrent-start id="4551" type="GMP work packet processing" contextid="4422" timestamp="2019-06-15T00:49:46.807">
  <concurrent-mark-start scanTarget="1048576" />
</concurrent-start>
<exclusive-end id="4552" timestamp="2019-06-15T00:49:46.807" durationms="0.865" />

<concurrent-end id="4553" type="GMP work packet processing" contextid="4422" timestamp="2019-06-15T00:49:46.808">
  <concurrent-mark-end bytesScanned="1098480" reasonForTermination="Work target met" />
</concurrent-end>

<exclusive-start id="4554" timestamp="2019-06-15T00:49:46.811" intervalms="4.994">
  <response-info timems="0.028" idlems="0.028" threads="0" lastid="000000000118C700" lastname="main" />
</exclusive-start>
<allocation-taxation id="4555" taxation-threshold="11534336" timestamp="2019-06-15T00:49:46.811" intervalms="4.897" />
<cycle-start id="4556" type="partial gc" contextid="0" timestamp="2019-06-15T00:49:46.811" intervalms="11.662" />
<gc-start id="4557" type="partial gc" contextid="4556" timestamp="2019-06-15T00:49:46.812">
  <mem-info id="4558" free="19922944" total="70254592" percent="28">
    <mem type="eden" free="1048552" total="24117248" percent="4" />
    <remembered-set count="50368" freebytes="2602880" totalbytes="2804352" percent="92" regionsoverflowed="0" regionsstable="0" regionsrebuilding="17"/>
  </mem-info>
</gc-start>
<allocation-stats totalBytes="22990680" >
  <allocated-bytes non-tlh="0" tlh="22990680" arrayletleaf="0"/>
  <largest-consumer threadName="main" threadId="000000000118C700" bytes="11496560" />
</allocation-stats>
<gc-op id="4559" type="copy forward" timems="1.444" contextid="4556" timestamp="2019-06-15T00:49:46.814">
  <memory-copied type="eden" objects="1" bytes="24" bytesdiscarded="0" />
  <memory-copied type="other" objects="0" bytes="0" bytesdiscarded="0" />
  <memory-cardclean objects="19" bytes="448" />
  <regions eden="22" other="1" />
  <remembered-set-cleared processed="48029" cleared="5" durationms="0.332" />
  <stringconstants candidates="13319" cleared="0"  />
</gc-op>
<gc-op id="4560" type="classunload" timems="0.003" contextid="4556" timestamp="2019-06-15T00:49:46.814">
  <classunload-info classloadercandidates="53" classloadersunloaded="0" classesunloaded="0" anonymousclassesunloaded="0" quiescems="0.000" setupms="0.003" scanms="0.000" postms="0.000" />
</gc-op>
<gc-end id="4561" type="partial gc" contextid="4556" durationms="2.458" usertimems="4.000" systemtimems="0.000" timestamp="2019-06-15T00:49:46.814" activeThreads="1">
  <mem-info id="4562" free="42991616" total="70254592" percent="61">
    <mem type="eden" free="1048552" total="1048576" percent="99" />
    <remembered-set count="50848" freebytes="2600960" totalbytes="2804352" percent="92" regionsoverflowed="0" regionsstable="0" regionsrebuilding="17"/>
  </mem-info>
</gc-end>
<cycle-end id="4563" type="partial gc" contextid="4556" timestamp="2019-06-15T00:49:46.814" />
  <attribute name="elasticGC enabled" value="1" />
  <attribute name= "numThreadsSpecified" value="1" />
  <attribute name="heapSize specified" value="0" />
  <attribute name="Current GC Util" value="70" />
  <attribute name= "Current Time Running" value="23707" />
  <attribute name ="GC Interval" value="0" />
  <attribute name="ProportionalT" value="25.000000" />
  <attribute name="ProportionalI" value="25.000000" />
  <attribute name="ProportionalH" value="25.000000" />
  <attribute name="Current Error" value="50.000000" />
  <attribute name="IntegralT" value="0.000000" />
  <attribute name="IntegralI" value="0.000000" />
  <attribute name="IntegralH" value="0.000000" />
  <attribute name="DerivativeT" value="inf" />
  <attribute name="DerivativeI" value="inf" />
  <attribute name="DerivativeH" value="inf" />
  <attribute name="Loop Time for DT" value="0.000000" />
  <attribute name="Output H" value="8388608"/>
  <attribute name="Output I" value="200"/>
  <attribute name="Output T" value="1"/>
  <attribute name="Target GC Util Change" value ="20.000000" />
  <attribute name="Current GC Util Change" value="70.000000"/>
  <attribute name="GC Util currently" value="70" />
  <attribute name="CPU Util currently" value="20791060646564" />
<exclusive-end id="4564" timestamp="2019-06-15T00:49:46.814" durationms="3.308" />

<exclusive-start id="4565" timestamp="2019-06-15T00:49:46.818" intervalms="6.937">
  <response-info timems="0.056" idlems="0.056" threads="0" lastid="000000000118C700" lastname="main" />
</exclusive-start>
<allocation-taxation id="4566" taxation-threshold="11534336" timestamp="2019-06-15T00:49:46.818" intervalms="6.959" />
<gc-start id="4567" type="global mark phase" contextid="4422" timestamp="2019-06-15T00:49:46.818">
  <mem-info id="4568" free="31457280" total="70254592" percent="44">
    <remembered-set count="50368" freebytes="2602880" totalbytes="2804352" percent="92" regionsoverflowed="0" regionsstable="0" regionsrebuilding="17"/>
  </mem-info>
</gc-start>
<gc-end id="4569" type="global mark phase" contextid="4422" durationms="0.172" usertimems="0.000" systemtimems="0.000" timestamp="2019-06-15T00:49:46.819" activeThreads="1">
  <mem-info id="4570" free="31457280" total="70254592" percent="44">
    <remembered-set count="50368" freebytes="2602880" totalbytes="2804352" percent="92" regionsoverflowed="0" regionsstable="0" regionsrebuilding="17"/>
  </mem-info>
</gc-end>
<concurrent-start id="4571" type="GMP work packet processing" contextid="4422" timestamp="2019-06-15T00:49:46.819">
  <concurrent-mark-start scanTarget="1048576" />
</concurrent-start>
<exclusive-end id="4572" timestamp="2019-06-15T00:49:46.820" durationms="1.520" />

<concurrent-end id="4573" type="GMP work packet processing" contextid="4422" timestamp="2019-06-15T00:49:46.820">
  <concurrent-mark-end bytesScanned="1091332" reasonForTermination="Work target met" />
</concurrent-end>

<exclusive-start id="4574" timestamp="2019-06-15T00:49:46.823" intervalms="5.110">
  <response-info timems="0.054" idlems="0.054" threads="0" lastid="000000000118C700" lastname="main" />
</exclusive-start>
<allocation-taxation id="4575" taxation-threshold="11534336" timestamp="2019-06-15T00:49:46.823" intervalms="5.087" />
<cycle-start id="4576" type="partial gc" contextid="0" timestamp="2019-06-15T00:49:46.823" intervalms="12.076" />
<gc-start id="4577" type="partial gc" contextid="4576" timestamp="2019-06-15T00:49:46.824">
  <mem-info id="4578" free="19922944" total="70254592" percent="28">
    <mem type="eden" free="1048552" total="24117248" percent="4" />
    <remembered-set count="58592" freebytes="2569984" totalbytes="2804352" percent="91" regionsoverflowed="0" regionsstable="0" regionsrebuilding="17"/>
  </mem-info>
</gc-start>
<allocation-stats totalBytes="22990680" >
  <allocated-bytes non-tlh="0" tlh="22990680" arrayletleaf="0"/>
  <largest-consumer threadName="main" threadId="000000000118C700" bytes="11496560" />
</allocation-stats>
<gc-op id="4579" type="copy forward" timems="1.514" contextid="4576" timestamp="2019-06-15T00:49:46.826">
  <memory-copied type="eden" objects="1" bytes="24" bytesdiscarded="0" />
  <memory-copied type="other" objects="0" bytes="0" bytesdiscarded="0" />
  <memory-cardclean objects="19" bytes="448" />
  <regions eden="22" other="1" />
  <remembered-set-cleared processed="56553" cleared="5" durationms="0.543" />
  <stringconstants candidates="13319" cleared="0"  />
</gc-op>
<gc-op id="4580" type="classunload" timems="0.003" contextid="4576" timestamp="2019-06-15T00:49:46.826">
  <classunload-info classloadercandidates="53" classloadersunloaded="0" classesunloaded="0" anonymousclassesunloaded="0" quiescems="0.000" setupms="0.003" scanms="0.000" postms="0.000" />
</gc-op>
<gc-end id="4581" type="partial gc" contextid="4576" durationms="2.532" usertimems="4.000" systemtimems="0.000" timestamp="2019-06-15T00:49:46.826" activeThreads="1">
  <mem-info id="4582" free="42991616" total="70254592" percent="61">
    <mem type="eden" free="1048552" total="1048576" percent="99" />
    <remembered-set count="59072" freebytes="2568064" totalbytes="2804352" percent="91" regionsoverflowed="0" regionsstable="0" regionsrebuilding="17"/>
  </mem-info>
</gc-end>
<cycle-end id="4583" type="partial gc" contextid="4576" timestamp="2019-06-15T00:49:46.826" />
  <attribute name="elasticGC enabled" value="1" />
  <attribute name= "numThreadsSpecified" value="1" />
  <attribute name="heapSize specified" value="0" />
  <attribute name="Current GC Util" value="46" />
  <attribute name= "Current Time Running" value="23719" />
  <attribute name ="GC Interval" value="0" />
  <attribute name="ProportionalT" value="13.000000" />
  <attribute name="ProportionalI" value="13.000000" />
  <attribute name="ProportionalH" value="13.000000" />
  <attribute name="Current Error" value="26.000000" />
  <attribute name="IntegralT" value="0.000000" />
  <attribute name="IntegralI" value="0.000000" />
  <attribute name="IntegralH" value="0.000000" />
  <attribute name="DerivativeT" value="inf" />
  <attribute name="DerivativeI" value="inf" />
  <attribute name="DerivativeH" value="inf" />
  <attribute name="Loop Time for DT" value="0.000000" />
  <attribute name="Output H" value="8388608"/>
  <attribute name="Output I" value="200"/>
  <attribute name="Output T" value="1"/>
  <attribute name="Target GC Util Change" value ="20.000000" />
  <attribute name="Current GC Util Change" value="46.000000"/>
  <attribute name="GC Util currently" value="46" />
  <attribute name="CPU Util currently" value="18333078723803" />
<exclusive-end id="4584" timestamp="2019-06-15T00:49:46.827" durationms="3.357" />

<exclusive-start id="4585" timestamp="2019-06-15T00:49:46.830" intervalms="6.964">
  <response-info timems="0.053" idlems="0.053" threads="0" lastid="000000000118C700" lastname="main" />
</exclusive-start>
<allocation-taxation id="4586" taxation-threshold="11534336" timestamp="2019-06-15T00:49:46.830" intervalms="7.059" />
<gc-start id="4587" type="global mark phase" contextid="4422" timestamp="2019-06-15T00:49:46.831">
  <mem-info id="4588" free="31457280" total="70254592" percent="44">
    <remembered-set count="58592" freebytes="2569984" totalbytes="2804352" percent="91" regionsoverflowed="0" regionsstable="0" regionsrebuilding="17"/>
  </mem-info>
</gc-start>
<gc-end id="4589" type="global mark phase" contextid="4422" durationms="0.145" usertimems="0.000" systemtimems="0.000" timestamp="2019-06-15T00:49:46.831" activeThreads="1">
  <mem-info id="4590" free="31457280" total="70254592" percent="44">
    <remembered-set count="58592" freebytes="2569984" totalbytes="2804352" percent="91" regionsoverflowed="0" regionsstable="0" regionsrebuilding="17"/>
  </mem-info>
</gc-end>
<concurrent-start id="4591" type="GMP work packet processing" contextid="4422" timestamp="2019-06-15T00:49:46.831">
  <concurrent-mark-start scanTarget="1048576" />
</concurrent-start>
<exclusive-end id="4592" timestamp="2019-06-15T00:49:46.831" durationms="0.807" />

<exclusive-start id="4593" timestamp="2019-06-15T00:49:46.835" intervalms="4.977">
  <response-info timems="0.055" idlems="0.055" threads="0" lastid="000000000118C700" lastname="main" />
</exclusive-start>
<concurrent-end id="4594" type="GMP work packet processing" contextid="4422" timestamp="2019-06-15T00:49:46.835">
  <concurrent-mark-end bytesScanned="1098592" reasonForTermination="Work target met" />
</concurrent-end>

<allocation-taxation id="4595" taxation-threshold="11534336" timestamp="2019-06-15T00:49:46.835" intervalms="4.878" />
<cycle-start id="4596" type="partial gc" contextid="0" timestamp="2019-06-15T00:49:46.835" intervalms="11.884" />
<gc-start id="4597" type="partial gc" contextid="4596" timestamp="2019-06-15T00:49:46.835">
  <mem-info id="4598" free="19922944" total="70254592" percent="28">
    <mem type="eden" free="1048552" total="24117248" percent="4" />
    <remembered-set count="74112" freebytes="2507904" totalbytes="2804352" percent="89" regionsoverflowed="0" regionsstable="0" regionsrebuilding="17"/>
  </mem-info>
</gc-start>
<allocation-stats totalBytes="22990704" >
  <allocated-bytes non-tlh="0" tlh="22990704" arrayletleaf="0"/>
  <largest-consumer threadName="main" threadId="000000000118C700" bytes="11496584" />
</allocation-stats>
<gc-op id="4599" type="copy forward" timems="1.473" contextid="4596" timestamp="2019-06-15T00:49:46.837">
  <memory-copied type="eden" objects="1" bytes="24" bytesdiscarded="0" />
  <memory-copied type="other" objects="0" bytes="0" bytesdiscarded="0" />
  <memory-cardclean objects="19" bytes="448" />
  <regions eden="22" other="1" />
  <remembered-set-cleared processed="71655" cleared="5" durationms="0.448" />
  <stringconstants candidates="13319" cleared="0"  />
</gc-op>
<gc-op id="4600" type="classunload" timems="0.003" contextid="4596" timestamp="2019-06-15T00:49:46.838">
  <classunload-info classloadercandidates="53" classloadersunloaded="0" classesunloaded="0" anonymousclassesunloaded="0" quiescems="0.000" setupms="0.003" scanms="0.000" postms="0.000" />
</gc-op>
<gc-end id="4601" type="partial gc" contextid="4596" durationms="2.251" usertimems="4.000" systemtimems="0.000" timestamp="2019-06-15T00:49:46.838" activeThreads="1">
  <mem-info id="4602" free="42991616" total="70254592" percent="61">
    <mem type="eden" free="1048552" total="1048576" percent="99" />
    <remembered-set count="74592" freebytes="2505984" totalbytes="2804352" percent="89" regionsoverflowed="0" regionsstable="0" regionsrebuilding="17"/>
  </mem-info>
</gc-end>
<cycle-end id="4603" type="partial gc" contextid="4596" timestamp="2019-06-15T00:49:46.838" />
  <attribute name="elasticGC enabled" value="1" />
  <attribute name= "numThreadsSpecified" value="1" />
  <attribute name="heapSize specified" value="0" />
  <attribute name="Current GC Util" value="58" />
  <attribute name= "Current Time Running" value="23731" />
  <attribute name ="GC Interval" value="0" />
  <attribute name="ProportionalT" value="19.000000" />
  <attribute name="ProportionalI" value="19.000000" />
  <attribute name="ProportionalH" value="19.000000" />
  <attribute name="Current Error" value="38.000000" />
  <attribute name="IntegralT" value="0.000000" />
  <attribute name="IntegralI" value="0.000000" />
  <attribute name="IntegralH" value="0.000000" />
  <attribute name="DerivativeT" value="inf" />
  <attribute name="DerivativeI" value="inf" />
  <attribute name="DerivativeH" value="inf" />
  <attribute name="Loop Time for DT" value="0.000000" />
  <attribute name="Output H" value="8388608"/>
  <attribute name="Output I" value="200"/>
  <attribute name="Output T" value="1"/>
  <attribute name="Target GC Util Change" value ="20.000000" />
  <attribute name="Current GC Util Change" value="58.000000"/>
  <attribute name="GC Util currently" value="58" />
  <attribute name="CPU Util currently" value="23916803854658" />
<exclusive-end id="4604" timestamp="2019-06-15T00:49:46.838" durationms="2.955" />

<exclusive-start id="4605" timestamp="2019-06-15T00:49:46.842" intervalms="6.521">
  <response-info timems="0.055" idlems="0.055" threads="0" lastid="000000000118C700" lastname="main" />
</exclusive-start>
<allocation-taxation id="4606" taxation-threshold="11534336" timestamp="2019-06-15T00:49:46.842" intervalms="6.571" />
<gc-start id="4607" type="global mark phase" contextid="4422" timestamp="2019-06-15T00:49:46.842">
  <mem-info id="4608" free="31457280" total="70254592" percent="44">
    <remembered-set count="74112" freebytes="2507904" totalbytes="2804352" percent="89" regionsoverflowed="0" regionsstable="0" regionsrebuilding="17"/>
  </mem-info>
</gc-start>
<gc-end id="4609" type="global mark phase" contextid="4422" durationms="0.120" usertimems="0.000" systemtimems="0.000" timestamp="2019-06-15T00:49:46.842" activeThreads="1">
  <mem-info id="4610" free="31457280" total="70254592" percent="44">
    <remembered-set count="74112" freebytes="2507904" totalbytes="2804352" percent="89" regionsoverflowed="0" regionsstable="0" regionsrebuilding="17"/>
  </mem-info>
</gc-end>
<concurrent-start id="4611" type="GMP work packet processing" contextid="4422" timestamp="2019-06-15T00:49:46.842">
  <concurrent-mark-start scanTarget="1048576" />
</concurrent-start>
<exclusive-end id="4612" timestamp="2019-06-15T00:49:46.842" durationms="0.767" />

<concurrent-end id="4613" type="GMP work packet processing" contextid="4422" timestamp="2019-06-15T00:49:46.843">
  <concurrent-mark-end bytesScanned="1092284" reasonForTermination="Work target met" />
</concurrent-end>

<exclusive-start id="4614" timestamp="2019-06-15T00:49:46.847" intervalms="4.884">
  <response-info timems="0.044" idlems="0.044" threads="0" lastid="000000000118C700" lastname="main" />
</exclusive-start>
<allocation-taxation id="4615" taxation-threshold="11534336" timestamp="2019-06-15T00:49:46.847" intervalms="4.801" />
<cycle-start id="4616" type="partial gc" contextid="0" timestamp="2019-06-15T00:49:46.847" intervalms="11.303" />
<gc-start id="4617" type="partial gc" contextid="4616" timestamp="2019-06-15T00:49:46.847">
  <mem-info id="4618" free="19922944" total="70254592" percent="28">
    <mem type="eden" free="1048552" total="24117248" percent="4" />
    <remembered-set count="79456" freebytes="2486528" totalbytes="2804352" percent="88" regionsoverflowed="0" regionsstable="0" regionsrebuilding="17"/>
  </mem-info>
</gc-start>
<allocation-stats totalBytes="22990680" >
  <allocated-bytes non-tlh="0" tlh="22990680" arrayletleaf="0"/>
  <largest-consumer threadName="main" threadId="000000000118C700" bytes="11496584" />
</allocation-stats>
<gc-op id="4619" type="copy forward" timems="1.518" contextid="4616" timestamp="2019-06-15T00:49:46.849">
  <memory-copied type="eden" objects="1" bytes="24" bytesdiscarded="0" />
  <memory-copied type="other" objects="0" bytes="0" bytesdiscarded="0" />
  <memory-cardclean objects="19" bytes="448" />
  <regions eden="22" other="1" />
  <remembered-set-cleared processed="77575" cleared="5" durationms="0.499" />
  <stringconstants candidates="13319" cleared="0"  />
</gc-op>
<gc-op id="4620" type="classunload" timems="0.003" contextid="4616" timestamp="2019-06-15T00:49:46.849">
  <classunload-info classloadercandidates="53" classloadersunloaded="0" classesunloaded="0" anonymousclassesunloaded="0" quiescems="0.000" setupms="0.003" scanms="0.000" postms="0.000" />
</gc-op>
<gc-end id="4621" type="partial gc" contextid="4616" durationms="2.325" usertimems="4.000" systemtimems="0.000" timestamp="2019-06-15T00:49:46.849" activeThreads="1">
  <mem-info id="4622" free="42991616" total="70254592" percent="61">
    <mem type="eden" free="1048552" total="1048576" percent="99" />
    <remembered-set count="79936" freebytes="2484608" totalbytes="2804352" percent="88" regionsoverflowed="0" regionsstable="0" regionsrebuilding="17"/>
  </mem-info>
</gc-end>
<cycle-end id="4623" type="partial gc" contextid="4616" timestamp="2019-06-15T00:49:46.849" />
  <attribute name="elasticGC enabled" value="1" />
  <attribute name= "numThreadsSpecified" value="1" />
  <attribute name="heapSize specified" value="0" />
  <attribute name="Current GC Util" value="59" />
  <attribute name= "Current Time Running" value="23742" />
  <attribute name ="GC Interval" value="0" />
  <attribute name="ProportionalT" value="19.500000" />
  <attribute name="ProportionalI" value="19.500000" />
  <attribute name="ProportionalH" value="19.500000" />
  <attribute name="Current Error" value="39.000000" />
  <attribute name="IntegralT" value="0.000000" />
  <attribute name="IntegralI" value="0.000000" />
  <attribute name="IntegralH" value="0.000000" />
  <attribute name="DerivativeT" value="inf" />
  <attribute name="DerivativeI" value="inf" />
  <attribute name="DerivativeH" value="inf" />
  <attribute name="Loop Time for DT" value="0.000000" />
  <attribute name="Output H" value="8388608"/>
  <attribute name="Output I" value="200"/>
  <attribute name="Output T" value="1"/>
  <attribute name="Target GC Util Change" value ="20.000000" />
  <attribute name="Current GC Util Change" value="59.000000"/>
  <attribute name="GC Util currently" value="59" />
  <attribute name="CPU Util currently" value="24356124053389" />
<exclusive-end id="4624" timestamp="2019-06-15T00:49:46.850" durationms="2.976" />

<exclusive-start id="4625" timestamp="2019-06-15T00:49:46.853" intervalms="6.471">
  <response-info timems="0.064" idlems="0.064" threads="0" lastid="000000000118C700" lastname="main" />
</exclusive-start>
<allocation-taxation id="4626" taxation-threshold="11534336" timestamp="2019-06-15T00:49:46.853" intervalms="6.552" />
<gc-start id="4627" type="global mark phase" contextid="4422" timestamp="2019-06-15T00:49:46.853">
  <mem-info id="4628" free="31457280" total="70254592" percent="44">
    <remembered-set count="79456" freebytes="2486528" totalbytes="2804352" percent="88" regionsoverflowed="0" regionsstable="0" regionsrebuilding="17"/>
  </mem-info>
</gc-start>
<gc-end id="4629" type="global mark phase" contextid="4422" durationms="0.115" usertimems="0.000" systemtimems="0.000" timestamp="2019-06-15T00:49:46.853" activeThreads="1">
  <mem-info id="4630" free="31457280" total="70254592" percent="44">
    <remembered-set count="79456" freebytes="2486528" totalbytes="2804352" percent="88" regionsoverflowed="0" regionsstable="0" regionsrebuilding="17"/>
  </mem-info>
</gc-end>
<concurrent-start id="4631" type="GMP work packet processing" contextid="4422" timestamp="2019-06-15T00:49:46.854">
  <concurrent-mark-start scanTarget="1048576" />
</concurrent-start>
<exclusive-end id="4632" timestamp="2019-06-15T00:49:46.854" durationms="0.727" />

<concurrent-end id="4633" type="GMP work packet processing" contextid="4422" timestamp="2019-06-15T00:49:46.854">
  <concurrent-mark-end bytesScanned="1087296" reasonForTermination="Work target met" />
</concurrent-end>

<exclusive-start id="4634" timestamp="2019-06-15T00:49:46.858" intervalms="4.875">
  <response-info timems="0.024" idlems="0.024" threads="0" lastid="000000000118C700" lastname="main" />
</exclusive-start>
<allocation-taxation id="4635" taxation-threshold="11534336" timestamp="2019-06-15T00:49:46.858" intervalms="4.824" />
<cycle-start id="4636" type="partial gc" contextid="0" timestamp="2019-06-15T00:49:46.858" intervalms="11.443" />
<gc-start id="4637" type="partial gc" contextid="4636" timestamp="2019-06-15T00:49:46.858">
  <mem-info id="4638" free="19922944" total="70254592" percent="28">
    <mem type="eden" free="1048552" total="24117248" percent="4" />
    <remembered-set count="88288" freebytes="2451200" totalbytes="2804352" percent="87" regionsoverflowed="0" regionsstable="0" regionsrebuilding="17"/>
  </mem-info>
</gc-start>
<allocation-stats totalBytes="22990680" >
  <allocated-bytes non-tlh="0" tlh="22990680" arrayletleaf="0"/>
  <largest-consumer threadName="main" threadId="000000000118C700" bytes="11496584" />
</allocation-stats>
<gc-op id="4639" type="copy forward" timems="1.748" contextid="4636" timestamp="2019-06-15T00:49:46.861">
  <memory-copied type="eden" objects="1" bytes="24" bytesdiscarded="0" />
  <memory-copied type="other" objects="0" bytes="0" bytesdiscarded="0" />
  <memory-cardclean objects="19" bytes="448" />
  <regions eden="22" other="1" />
  <remembered-set-cleared processed="86265" cleared="5" durationms="0.416" />
  <stringconstants candidates="13319" cleared="0"  />
</gc-op>
<gc-op id="4640" type="classunload" timems="0.003" contextid="4636" timestamp="2019-06-15T00:49:46.861">
  <classunload-info classloadercandidates="53" classloadersunloaded="0" classesunloaded="0" anonymousclassesunloaded="0" quiescems="0.000" setupms="0.003" scanms="0.000" postms="0.000" />
</gc-op>
<gc-end id="4641" type="partial gc" contextid="4636" durationms="2.496" usertimems="4.000" systemtimems="0.000" timestamp="2019-06-15T00:49:46.861" activeThreads="4">
  <mem-info id="4642" free="42991616" total="70254592" percent="61">
    <mem type="eden" free="1048552" total="1048576" percent="99" />
    <remembered-set count="88064" freebytes="2452096" totalbytes="2804352" percent="87" regionsoverflowed="0" regionsstable="0" regionsrebuilding="17"/>
  </mem-info>
</gc-end>
<cycle-end id="4643" type="partial gc" contextid="4636" timestamp="2019-06-15T00:49:46.861" />
  <attribute name="elasticGC enabled" value="1" />
  <attribute name= "numThreadsSpecified" value="4" />
  <attribute name="heapSize specified" value="0" />
  <attribute name="Current GC Util" value="61" />
  <attribute name= "Current Time Running" value="23754" />
  <attribute name ="GC Interval" value="0" />
  <attribute name="ProportionalT" value="20.500000" />
  <attribute name="ProportionalI" value="20.500000" />
  <attribute name="ProportionalH" value="20.500000" />
  <attribute name="Current Error" value="41.000000" />
  <attribute name="IntegralT" value="41.000000" />
  <attribute name="IntegralI" value="41.000000" />
  <attribute name="IntegralH" value="41.000000" />
  <attribute name="DerivativeT" value="12.500000" />
  <attribute name="DerivativeI" value="12.500000" />
  <attribute name="DerivativeH" value="12.500000" />
  <attribute name="Loop Time for DT" value="1.000000" />
  <attribute name="Output H" value="8388608"/>
  <attribute name="Output I" value="200"/>
  <attribute name="Output T" value="4"/>
  <attribute name="Target GC Util Change" value ="20.000000" />
  <attribute name="Current GC Util Change" value="61.000000"/>
  <attribute name="GC Util currently" value="61" />
  <attribute name="CPU Util currently" value="24060802808313" />
<exclusive-end id="4644" timestamp="2019-06-15T00:49:46.861" durationms="3.159" />

<exclusive-start id="4645" timestamp="2019-06-15T00:49:46.865" intervalms="6.696">
  <response-info timems="0.068" idlems="0.068" threads="0" lastid="000000000118C700" lastname="main" />
</exclusive-start>
<allocation-taxation id="4646" taxation-threshold="11534336" timestamp="2019-06-15T00:49:46.865" intervalms="6.745" />
<gc-start id="4647" type="global mark phase" contextid="4422" timestamp="2019-06-15T00:49:46.865">
  <mem-info id="4648" free="31457280" total="70254592" percent="44">
    <remembered-set count="88064" freebytes="2452096" totalbytes="2804352" percent="87" regionsoverflowed="0" regionsstable="0" regionsrebuilding="17"/>
  </mem-info>
</gc-start>
<gc-end id="4649" type="global mark phase" contextid="4422" durationms="0.124" usertimems="0.000" systemtimems="0.000" timestamp="2019-06-15T00:49:46.865" activeThreads="4">
  <mem-info id="4650" free="31457280" total="70254592" percent="44">
    <remembered-set count="88064" freebytes="2452096" totalbytes="2804352" percent="87" regionsoverflowed="0" regionsstable="0" regionsrebuilding="17"/>
  </mem-info>
</gc-end>
<concurrent-start id="4651" type="GMP work packet processing" contextid="4422" timestamp="2019-06-15T00:49:46.865">
  <concurrent-mark-start scanTarget="1072380" />
</concurrent-start>
<exclusive-end id="4652" timestamp="2019-06-15T00:49:46.865" durationms="0.645" />

<concurrent-end id="4653" type="GMP work packet processing" contextid="4422" timestamp="2019-06-15T00:49:46.866">
  <concurrent-mark-end bytesScanned="1122932" reasonForTermination="Work target met" />
</concurrent-end>

<exclusive-start id="4654" timestamp="2019-06-15T00:49:46.869" intervalms="4.821">
  <response-info timems="0.025" idlems="0.025" threads="0" lastid="000000000118C700" lastname="main" />
</exclusive-start>
<allocation-taxation id="4655" taxation-threshold="11534336" timestamp="2019-06-15T00:49:46.869" intervalms="4.770" />
<cycle-start id="4656" type="partial gc" contextid="0" timestamp="2019-06-15T00:49:46.870" intervalms="11.522" />
<gc-start id="4657" type="partial gc" contextid="4656" timestamp="2019-06-15T00:49:46.870">
  <mem-info id="4658" free="19922944" total="70254592" percent="28">
    <mem type="eden" free="1048552" total="24117248" percent="4" />
    <remembered-set count="105184" freebytes="2383616" totalbytes="2804352" percent="84" regionsoverflowed="0" regionsstable="0" regionsrebuilding="17"/>
  </mem-info>
</gc-start>
<allocation-stats totalBytes="22990680" >
  <allocated-bytes non-tlh="0" tlh="22990680" arrayletleaf="0"/>
  <largest-consumer threadName="main" threadId="000000000118C700" bytes="11496584" />
</allocation-stats>
<gc-op id="4659" type="copy forward" timems="1.633" contextid="4656" timestamp="2019-06-15T00:49:46.872">
  <memory-copied type="eden" objects="1" bytes="24" bytesdiscarded="0" />
  <memory-copied type="other" objects="0" bytes="0" bytesdiscarded="0" />
  <memory-cardclean objects="19" bytes="448" />
  <regions eden="22" other="1" />
  <remembered-set-cleared processed="102676" cleared="10" durationms="0.640" />
  <stringconstants candidates="13319" cleared="0"  />
</gc-op>
<gc-op id="4660" type="classunload" timems="0.003" contextid="4656" timestamp="2019-06-15T00:49:46.872">
  <classunload-info classloadercandidates="53" classloadersunloaded="0" classesunloaded="0" anonymousclassesunloaded="0" quiescems="0.000" setupms="0.003" scanms="0.000" postms="0.000" />
</gc-op>
<gc-end id="4661" type="partial gc" contextid="4656" durationms="2.483" usertimems="4.000" systemtimems="0.000" timestamp="2019-06-15T00:49:46.872" activeThreads="1">
  <mem-info id="4662" free="42991616" total="70254592" percent="61">
    <mem type="eden" free="1048552" total="1048576" percent="99" />
    <remembered-set count="105632" freebytes="2381824" totalbytes="2804352" percent="84" regionsoverflowed="0" regionsstable="0" regionsrebuilding="17"/>
  </mem-info>
</gc-end>
<cycle-end id="4663" type="partial gc" contextid="4656" timestamp="2019-06-15T00:49:46.872" />
  <attribute name="elasticGC enabled" value="1" />
  <attribute name= "numThreadsSpecified" value="1" />
  <attribute name="heapSize specified" value="0" />
  <attribute name="Current GC Util" value="60" />
  <attribute name= "Current Time Running" value="23765" />
  <attribute name ="GC Interval" value="0" />
  <attribute name="ProportionalT" value="20.000000" />
  <attribute name="ProportionalI" value="20.000000" />
  <attribute name="ProportionalH" value="20.000000" />
  <attribute name="Current Error" value="40.000000" />
  <attribute name="IntegralT" value="0.000000" />
  <attribute name="IntegralI" value="0.000000" />
  <attribute name="IntegralH" value="0.000000" />
  <attribute name="DerivativeT" value="inf" />
  <attribute name="DerivativeI" value="inf" />
  <attribute name="DerivativeH" value="inf" />
  <attribute name="Loop Time for DT" value="0.000000" />
  <attribute name="Output H" value="8388608"/>
  <attribute name="Output I" value="200"/>
  <attribute name="Output T" value="1"/>
  <attribute name="Target GC Util Change" value ="20.000000" />
  <attribute name="Current GC Util Change" value="60.000000"/>
  <attribute name="GC Util currently" value="60" />
  <attribute name="CPU Util currently" value="24802277923362" />
<exclusive-end id="4664" timestamp="2019-06-15T00:49:46.873" durationms="3.268" />

<exclusive-start id="4665" timestamp="2019-06-15T00:49:46.876" intervalms="6.954">
  <response-info timems="0.068" idlems="0.068" threads="0" lastid="000000000118C700" lastname="main" />
</exclusive-start>
<allocation-taxation id="4666" taxation-threshold="11534336" timestamp="2019-06-15T00:49:46.876" intervalms="7.006" />
<gc-start id="4667" type="global mark phase" contextid="4422" timestamp="2019-06-15T00:49:46.877">
  <mem-info id="4668" free="31457280" total="70254592" percent="44">
    <remembered-set count="105152" freebytes="2383744" totalbytes="2804352" percent="85" regionsoverflowed="0" regionsstable="0" regionsrebuilding="17"/>
  </mem-info>
</gc-start>
<gc-end id="4669" type="global mark phase" contextid="4422" durationms="0.116" usertimems="0.000" systemtimems="0.000" timestamp="2019-06-15T00:49:46.877" activeThreads="1">
  <mem-info id="4670" free="31457280" total="70254592" percent="44">
    <remembered-set count="105152" freebytes="2383744" totalbytes="2804352" percent="85" regionsoverflowed="0" regionsstable="0" regionsrebuilding="17"/>
  </mem-info>
</gc-end>
<concurrent-start id="4671" type="GMP work packet processing" contextid="4422" timestamp="2019-06-15T00:49:46.877">
  <concurrent-mark-start scanTarget="1048576" />
</concurrent-start>
<exclusive-end id="4672" timestamp="2019-06-15T00:49:46.877" durationms="0.762" />

<concurrent-end id="4673" type="GMP work packet processing" contextid="4422" timestamp="2019-06-15T00:49:46.877">
  <concurrent-mark-end bytesScanned="86976" reasonForTermination="Completed all work in GC phase" />
</concurrent-end>

<exclusive-start id="4674" timestamp="2019-06-15T00:49:46.881" intervalms="4.392">
  <response-info timems="0.053" idlems="0.053" threads="0" lastid="000000000118C700" lastname="main" />
</exclusive-start>
<allocation-taxation id="4675" taxation-threshold="11534336" timestamp="2019-06-15T00:49:46.881" intervalms="4.337" />
<cycle-start id="4676" type="partial gc" contextid="0" timestamp="2019-06-15T00:49:46.881" intervalms="11.349" />
<gc-start id="4677" type="partial gc" contextid="4676" timestamp="2019-06-15T00:49:46.881">
  <mem-info id="4678" free="19922944" total="70254592" percent="28">
    <mem type="eden" free="1048552" total="24117248" percent="4" />
    <remembered-set count="106304" freebytes="2379136" totalbytes="2804352" percent="84" regionsoverflowed="0" regionsstable="0" regionsrebuilding="17"/>
  </mem-info>
</gc-start>
<allocation-stats totalBytes="22990680" >
  <allocated-bytes non-tlh="0" tlh="22990680" arrayletleaf="0"/>
  <largest-consumer threadName="main" threadId="000000000118C700" bytes="11496584" />
</allocation-stats>
<gc-op id="4679" type="copy forward" timems="1.476" contextid="4676" timestamp="2019-06-15T00:49:46.883">
  <memory-copied type="eden" objects="1" bytes="24" bytesdiscarded="0" />
  <memory-copied type="other" objects="0" bytes="0" bytesdiscarded="0" />
  <memory-cardclean objects="19" bytes="448" />
  <regions eden="22" other="1" />
  <remembered-set-cleared processed="104148" cleared="5" durationms="0.662" />
  <stringconstants candidates="13319" cleared="0"  />
</gc-op>
<gc-op id="4680" type="classunload" timems="0.003" contextid="4676" timestamp="2019-06-15T00:49:46.883">
  <classunload-info classloadercandidates="53" classloadersunloaded="0" classesunloaded="0" anonymousclassesunloaded="0" quiescems="0.000" setupms="0.003" scanms="0.000" postms="0.000" />
</gc-op>
<gc-end id="4681" type="partial gc" contextid="4676" durationms="2.552" usertimems="0.000" systemtimems="0.000" timestamp="2019-06-15T00:49:46.884" activeThreads="1">
  <mem-info id="4682" free="42991616" total="70254592" percent="61">
    <mem type="eden" free="1048552" total="1048576" percent="99" />
    <remembered-set count="106784" freebytes="2377216" totalbytes="2804352" percent="84" regionsoverflowed="0" regionsstable="0" regionsrebuilding="17"/>
  </mem-info>
</gc-end>
<cycle-end id="4683" type="partial gc" contextid="4676" timestamp="2019-06-15T00:49:46.884" />
  <attribute name="elasticGC enabled" value="1" />
  <attribute name= "numThreadsSpecified" value="1" />
  <attribute name="heapSize specified" value="0" />
  <attribute name="Current GC Util" value="55" />
  <attribute name= "Current Time Running" value="23777" />
  <attribute name ="GC Interval" value="0" />
  <attribute name="ProportionalT" value="17.500000" />
  <attribute name="ProportionalI" value="17.500000" />
  <attribute name="ProportionalH" value="17.500000" />
  <attribute name="Current Error" value="35.000000" />
  <attribute name="IntegralT" value="0.000000" />
  <attribute name="IntegralI" value="0.000000" />
  <attribute name="IntegralH" value="0.000000" />
  <attribute name="DerivativeT" value="inf" />
  <attribute name="DerivativeI" value="inf" />
  <attribute name="DerivativeH" value="inf" />
  <attribute name="Loop Time for DT" value="0.000000" />
  <attribute name="Output H" value="8388608"/>
  <attribute name="Output I" value="200"/>
  <attribute name="Output T" value="1"/>
  <attribute name="Target GC Util Change" value ="20.000000" />
  <attribute name="Current GC Util Change" value="55.000000"/>
  <attribute name="GC Util currently" value="55" />
  <attribute name="CPU Util currently" value="18628332797901" />
<exclusive-end id="4684" timestamp="2019-06-15T00:49:46.884" durationms="3.343" />

<exclusive-start id="4685" timestamp="2019-06-15T00:49:46.888" intervalms="6.965">
  <response-info timems="0.066" idlems="0.066" threads="0" lastid="000000000118C700" lastname="main" />
</exclusive-start>
<allocation-taxation id="4686" taxation-threshold="11534336" timestamp="2019-06-15T00:49:46.888" intervalms="7.021" />
<gc-start id="4687" type="global mark phase" contextid="4422" timestamp="2019-06-15T00:49:46.888">
  <mem-info id="4688" free="31457280" total="70254592" percent="44">
    <remembered-set count="106304" freebytes="2379136" totalbytes="2804352" percent="84" regionsoverflowed="0" regionsstable="0" regionsrebuilding="17"/>
  </mem-info>
</gc-start>
<gc-op id="4689" type="mark increment" timems="3.393" contextid="4422" timestamp="2019-06-15T00:49:46.891">
  <trace-info objectcount="1" scancount="1" scanbytes="344088" />
  <cardclean-info objects="110058" bytes="3384812" />
  <finalization candidates="80" enqueued="0" />
  <ownableSynchronizers candidates="21" cleared="0" />
  <references type="soft" candidates="2133" cleared="0" enqueued="0" dynamicThreshold="19" maxThreshold="32" />
  <references type="weak" candidates="5682" cleared="0" enqueued="0" />
  <references type="phantom" candidates="101" cleared="0" enqueued="0" />
  <stringconstants candidates="13319" cleared="0"  />
</gc-op>
<gc-op id="4690" type="classunload" timems="0.009" contextid="4422" timestamp="2019-06-15T00:49:46.892">
  <classunload-info classloadercandidates="53" classloadersunloaded="0" classesunloaded="0" anonymousclassesunloaded="0" quiescems="0.000" setupms="0.008" scanms="0.000" postms="0.000" />
</gc-op>
<gc-end id="4691" type="global mark phase" contextid="4422" durationms="3.693" usertimems="12.000" systemtimems="0.000" timestamp="2019-06-15T00:49:46.892" activeThreads="4">
  <mem-info id="4692" free="31457280" total="70254592" percent="44">
    <remembered-set count="124224" freebytes="2307456" totalbytes="2804352" percent="82" regionsoverflowed="0" regionsstable="0" regionsrebuilding="0"/>
  </mem-info>
</gc-end>
<cycle-end id="4693" type="global mark phase" contextid="4422" timestamp="2019-06-15T00:49:46.892" />
  <attribute name="elasticGC enabled" value="1" />
  <attribute name= "numThreadsSpecified" value="4" />
  <attribute name="heapSize specified" value="0" />
  <attribute name="Current GC Util" value="128" />
  <attribute name= "Current Time Running" value="23786" />
  <attribute name ="GC Interval" value="0" />
  <attribute name="ProportionalT" value="54.000000" />
  <attribute name="ProportionalI" value="54.000000" />
  <attribute name="ProportionalH" value="54.000000" />
  <attribute name="Current Error" value="108.000000" />
  <attribute name="IntegralT" value="108.000000" />
  <attribute name="IntegralI" value="108.000000" />
  <attribute name="IntegralH" value="108.000000" />
  <attribute name="DerivativeT" value="-72.000000" />
  <attribute name="DerivativeI" value="-72.000000" />
  <attribute name="DerivativeH" value="-72.000000" />
  <attribute name="Loop Time for DT" value="1.000000" />
  <attribute name="Output H" value="8388608"/>
  <attribute name="Output I" value="200"/>
  <attribute name="Output T" value="4"/>
  <attribute name="Target GC Util Change" value ="20.000000" />
  <attribute name="Current GC Util Change" value="128.000000"/>
  <attribute name="GC Util currently" value="128" />
  <attribute name="CPU Util currently" value="13711340431935" />
<exclusive-end id="4694" timestamp="2019-06-15T00:49:46.892" durationms="4.135" />

<exclusive-start id="4695" timestamp="2019-06-15T00:49:46.895" intervalms="7.678">
  <response-info timems="0.053" idlems="0.053" threads="0" lastid="000000000118C700" lastname="main" />
</exclusive-start>
<allocation-taxation id="4696" taxation-threshold="11534336" timestamp="2019-06-15T00:49:46.895" intervalms="7.639" />
<cycle-start id="4697" type="partial gc" contextid="0" timestamp="2019-06-15T00:49:46.896" intervalms="14.628" />
<gc-start id="4698" type="partial gc" contextid="4697" timestamp="2019-06-15T00:49:46.896">
  <mem-info id="4699" free="19922944" total="70254592" percent="28">
    <mem type="eden" free="1048552" total="24117248" percent="4" />
    <remembered-set count="116608" freebytes="2337920" totalbytes="2804352" percent="83" regionsoverflowed="0" regionsstable="5" regionsrebuilding="0"/>
  </mem-info>
</gc-start>
<allocation-stats totalBytes="22990680" >
  <allocated-bytes non-tlh="0" tlh="22990680" arrayletleaf="0"/>
  <largest-consumer threadName="main" threadId="000000000118C700" bytes="11496584" />
</allocation-stats>
<gc-op id="4700" type="sweep" timems="0.509" contextid="4697" timestamp="2019-06-15T00:49:46.896" />
<gc-op id="4701" type="copy forward" timems="1.308" contextid="4697" timestamp="2019-06-15T00:49:46.898">
  <memory-copied type="eden" objects="1" bytes="24" bytesdiscarded="0" />
  <memory-copied type="other" objects="0" bytes="0" bytesdiscarded="0" />
  <memory-cardclean objects="19" bytes="448" />
  <regions eden="11" other="1" />
  <remembered-set-cleared processed="114622" cleared="9" durationms="0.681" />
  <stringconstants candidates="13319" cleared="0"  />
</gc-op>
<gc-op id="4702" type="classunload" timems="0.003" contextid="4697" timestamp="2019-06-15T00:49:46.899">
  <classunload-info classloadercandidates="53" classloadersunloaded="0" classesunloaded="0" anonymousclassesunloaded="0" quiescems="0.000" setupms="0.003" scanms="0.000" postms="0.000" />
</gc-op>
<gc-end id="4703" type="partial gc" contextid="4697" durationms="3.098" usertimems="4.000" systemtimems="0.000" timestamp="2019-06-15T00:49:46.899" activeThreads="1">
  <mem-info id="4704" free="42991616" total="70254592" percent="61">
    <mem type="eden" free="1048552" total="1048576" percent="99" />
    <remembered-set count="117088" freebytes="2336000" totalbytes="2804352" percent="83" regionsoverflowed="0" regionsstable="5" regionsrebuilding="0"/>
  </mem-info>
</gc-end>
<cycle-end id="4705" type="partial gc" contextid="4697" timestamp="2019-06-15T00:49:46.899" />
  <attribute name="elasticGC enabled" value="1" />
  <attribute name= "numThreadsSpecified" value="1" />
  <attribute name="heapSize specified" value="0" />
  <attribute name="Current GC Util" value="69" />
  <attribute name= "Current Time Running" value="23792" />
  <attribute name ="GC Interval" value="0" />
  <attribute name="ProportionalT" value="24.500000" />
  <attribute name="ProportionalI" value="24.500000" />
  <attribute name="ProportionalH" value="24.500000" />
  <attribute name="Current Error" value="49.000000" />
  <attribute name="IntegralT" value="0.000000" />
  <attribute name="IntegralI" value="0.000000" />
  <attribute name="IntegralH" value="0.000000" />
  <attribute name="DerivativeT" value="inf" />
  <attribute name="DerivativeI" value="inf" />
  <attribute name="DerivativeH" value="inf" />
  <attribute name="Loop Time for DT" value="0.000000" />
  <attribute name="Output H" value="8388608"/>
  <attribute name="Output I" value="200"/>
  <attribute name="Output T" value="1"/>
  <attribute name="Target GC Util Change" value ="20.000000" />
  <attribute name="Current GC Util Change" value="69.000000"/>
  <attribute name="GC Util currently" value="69" />
  <attribute name="CPU Util currently" value="22475198362994" />
<exclusive-end id="4706" timestamp="2019-06-15T00:49:46.899" durationms="3.829" />

<exclusive-start id="4707" timestamp="2019-06-15T00:49:46.906" intervalms="10.959">
  <response-info timems="0.067" idlems="0.067" threads="0" lastid="000000000118C700" lastname="main" />
</exclusive-start>
<allocation-taxation id="4708" taxation-threshold="24117248" timestamp="2019-06-15T00:49:46.906" intervalms="10.909" />
<cycle-start id="4709" type="partial gc" contextid="0" timestamp="2019-06-15T00:49:46.906" intervalms="10.866" />
<gc-start id="4710" type="partial gc" contextid="4709" timestamp="2019-06-15T00:49:46.907">
  <mem-info id="4711" free="18874368" total="70254592" percent="26">
    <mem type="eden" free="1048552" total="25165824" percent="4" />
    <remembered-set count="116608" freebytes="2337920" totalbytes="2804352" percent="83" regionsoverflowed="0" regionsstable="5" regionsrebuilding="0"/>
  </mem-info>
</gc-start>
<allocation-stats totalBytes="24035824" >
  <allocated-bytes non-tlh="0" tlh="24035824" arrayletleaf="0"/>
  <largest-consumer threadName="main" threadId="000000000118C700" bytes="24035824" />
</allocation-stats>
<gc-op id="4712" type="copy forward" timems="4.209" contextid="4709" timestamp="2019-06-15T00:49:46.912">
  <memory-copied type="eden" objects="1" bytes="24" bytesdiscarded="0" />
  <memory-copied type="other" objects="31128" bytes="926384" bytesdiscarded="0" />
  <memory-cardclean objects="1938" bytes="72024" />
  <regions eden="23" other="9" />
  <remembered-set-cleared processed="114437" cleared="3227" durationms="0.752" />
  <references type="soft" candidates="10" cleared="0" enqueued="0" dynamicThreshold="19" maxThreshold="32" />
  <references type="weak" candidates="171" cleared="0" enqueued="0" />
  <stringconstants candidates="13319" cleared="0"  />
</gc-op>
<gc-op id="4713" type="classunload" timems="0.004" contextid="4709" timestamp="2019-06-15T00:49:46.912">
  <classunload-info classloadercandidates="53" classloadersunloaded="0" classesunloaded="0" anonymousclassesunloaded="0" quiescems="0.000" setupms="0.004" scanms="0.000" postms="0.000" />
</gc-op>
<heap-resize id="4714" type="contract" space="default" amount="4194304" count="1" timems="0.293" reason="excess free space following gc" timestamp="2019-06-15T00:49:46.912" />
<gc-end id="4715" type="partial gc" contextid="4709" durationms="5.477" usertimems="8.000" systemtimems="0.000" timestamp="2019-06-15T00:49:46.912" activeThreads="1">
  <mem-info id="4716" free="45088768" total="66060288" percent="68">
    <mem type="eden" free="1048552" total="1048576" percent="99" />
    <remembered-set count="114784" freebytes="2345216" totalbytes="2804352" percent="83" regionsoverflowed="0" regionsstable="5" regionsrebuilding="0"/>
  </mem-info>
</gc-end>
<cycle-end id="4717" type="partial gc" contextid="4709" timestamp="2019-06-15T00:49:46.912" />
  <attribute name="elasticGC enabled" value="1" />
  <attribute name= "numThreadsSpecified" value="1" />
  <attribute name="heapSize specified" value="0" />
  <attribute name="Current GC Util" value="83" />
  <attribute name= "Current Time Running" value="23802" />
  <attribute name ="GC Interval" value="0" />
  <attribute name="ProportionalT" value="31.500000" />
  <attribute name="ProportionalI" value="31.500000" />
  <attribute name="ProportionalH" value="31.500000" />
  <attribute name="Current Error" value="63.000000" />
  <attribute name="IntegralT" value="0.000000" />
  <attribute name="IntegralI" value="0.000000" />
  <attribute name="IntegralH" value="0.000000" />
  <attribute name="DerivativeT" value="inf" />
  <attribute name="DerivativeI" value="inf" />
  <attribute name="DerivativeH" value="inf" />
  <attribute name="Loop Time for DT" value="0.000000" />
  <attribute name="Output H" value="8388608"/>
  <attribute name="Output I" value="200"/>
  <attribute name="Output T" value="1"/>
  <attribute name="Target GC Util Change" value ="20.000000" />
  <attribute name="Current GC Util Change" value="83.000000"/>
  <attribute name="GC Util currently" value="83" />
  <attribute name="CPU Util currently" value="22143461913885" />
<exclusive-end id="4718" timestamp="2019-06-15T00:49:46.913" durationms="6.244" />

<exclusive-start id="4719" timestamp="2019-06-15T00:49:46.920" intervalms="13.262">
  <response-info timems="0.073" idlems="0.073" threads="0" lastid="000000000118C700" lastname="main" />
</exclusive-start>
<allocation-taxation id="4720" taxation-threshold="23068672" timestamp="2019-06-15T00:49:46.920" intervalms="13.352" />
<cycle-start id="4721" type="partial gc" contextid="0" timestamp="2019-06-15T00:49:46.920" intervalms="13.490" />
<gc-start id="4722" type="partial gc" contextid="4721" timestamp="2019-06-15T00:49:46.920">
  <mem-info id="4723" free="22020096" total="66060288" percent="33">
    <mem type="eden" free="1048552" total="24117248" percent="4" />
    <remembered-set count="114656" freebytes="2345728" totalbytes="2804352" percent="83" regionsoverflowed="0" regionsstable="5" regionsrebuilding="0"/>
  </mem-info>
</gc-start>
<allocation-stats totalBytes="22990680" >
  <allocated-bytes non-tlh="0" tlh="22990680" arrayletleaf="0"/>
  <largest-consumer threadName="main" threadId="000000000118C700" bytes="22990680" />
</allocation-stats>
<gc-op id="4724" type="copy forward" timems="5.033" contextid="4721" timestamp="2019-06-15T00:49:46.926">
  <memory-copied type="eden" objects="1" bytes="24" bytesdiscarded="0" />
  <memory-copied type="other" objects="0" bytes="0" bytesdiscarded="0" />
  <memory-cardclean objects="165566" bytes="5545736" />
  <regions eden="22" other="1" />
  <remembered-set-cleared processed="76885" cleared="36200" durationms="0.557" />
  <stringconstants candidates="13319" cleared="0"  />
</gc-op>
<gc-op id="4725" type="classunload" timems="0.004" contextid="4721" timestamp="2019-06-15T00:49:46.926">
  <classunload-info classloadercandidates="53" classloadersunloaded="0" classesunloaded="0" anonymousclassesunloaded="0" quiescems="0.000" setupms="0.004" scanms="0.000" postms="0.000" />
</gc-op>
<heap-resize id="4726" type="contract" space="default" amount="4194304" count="1" timems="0.268" reason="excess free space following gc" timestamp="2019-06-15T00:49:46.927" />
<gc-end id="4727" type="partial gc" contextid="4721" durationms="6.541" usertimems="16.000" systemtimems="0.000" timestamp="2019-06-15T00:49:46.927" activeThreads="4">
  <mem-info id="4728" free="40894464" total="61865984" percent="66">
    <mem type="eden" free="1048552" total="1048576" percent="99" />
    <remembered-set count="67488" freebytes="2366976" totalbytes="2636928" percent="89" regionsoverflowed="0" regionsstable="5" regionsrebuilding="0"/>
  </mem-info>
</gc-end>
<cycle-end id="4729" type="partial gc" contextid="4721" timestamp="2019-06-15T00:49:46.927" />
  <attribute name="elasticGC enabled" value="1" />
  <attribute name= "numThreadsSpecified" value="4" />
  <attribute name="heapSize specified" value="0" />
  <attribute name="Current GC Util" value="75" />
  <attribute name= "Current Time Running" value="23816" />
  <attribute name ="GC Interval" value="0" />
  <attribute name="ProportionalT" value="27.500000" />
  <attribute name="ProportionalI" value="27.500000" />
  <attribute name="ProportionalH" value="27.500000" />
  <attribute name="Current Error" value="55.000000" />
  <attribute name="IntegralT" value="55.000000" />
  <attribute name="IntegralI" value="55.000000" />
  <attribute name="IntegralH" value="55.000000" />
  <attribute name="DerivativeT" value="18.000000" />
  <attribute name="DerivativeI" value="18.000000" />
  <attribute name="DerivativeH" value="18.000000" />
  <attribute name="Loop Time for DT" value="1.000000" />
  <attribute name="Output H" value="8388608"/>
  <attribute name="Output I" value="200"/>
  <attribute name="Output T" value="4"/>
  <attribute name="Target GC Util Change" value ="20.000000" />
  <attribute name="Current GC Util Change" value="75.000000"/>
  <attribute name="GC Util currently" value="75" />
  <attribute name="CPU Util currently" value="9563924113629" />
<exclusive-end id="4730" timestamp="2019-06-15T00:49:46.927" durationms="7.475" />

<exclusive-start id="4731" timestamp="2019-06-15T00:49:46.934" intervalms="14.549">
  <response-info timems="0.054" idlems="0.054" threads="0" lastid="000000000118C700" lastname="main" />
</exclusive-start>
<allocation-taxation id="4732" taxation-threshold="22020096" timestamp="2019-06-15T00:49:46.934" intervalms="14.537" />
<cycle-start id="4733" type="partial gc" contextid="0" timestamp="2019-06-15T00:49:46.934" intervalms="14.449" />
<gc-start id="4734" type="partial gc" contextid="4733" timestamp="2019-06-15T00:49:46.935">
  <mem-info id="4735" free="18874368" total="61865984" percent="30">
    <mem type="eden" free="1048552" total="23068672" percent="4" />
    <remembered-set count="67360" freebytes="2367488" totalbytes="2636928" percent="89" regionsoverflowed="0" regionsstable="5" regionsrebuilding="0"/>
  </mem-info>
</gc-start>
<allocation-stats totalBytes="21910312" >
  <allocated-bytes non-tlh="0" tlh="21910312" arrayletleaf="0"/>
  <largest-consumer threadName="main" threadId="000000000118C700" bytes="21910312" />
</allocation-stats>
<gc-op id="4736" type="copy forward" timems="3.636" contextid="4733" timestamp="2019-06-15T00:49:46.939">
  <memory-copied type="eden" objects="26" bytes="1904" bytesdiscarded="600" />
  <memory-copied type="other" objects="0" bytes="0" bytesdiscarded="0" />
  <memory-cardclean objects="139789" bytes="4266504" />
  <regions eden="21" other="1" />
  <remembered-set-cleared processed="42324" cleared="10792" durationms="0.312" />
  <stringconstants candidates="13319" cleared="0"  />
</gc-op>
<gc-op id="4737" type="classunload" timems="0.004" contextid="4733" timestamp="2019-06-15T00:49:46.939">
  <classunload-info classloadercandidates="53" classloadersunloaded="0" classesunloaded="0" anonymousclassesunloaded="0" quiescems="0.000" setupms="0.003" scanms="0.000" postms="0.000" />
</gc-op>
<heap-resize id="4738" type="contract" space="default" amount="3145728" count="1" timems="0.186" reason="excess free space following gc" timestamp="2019-06-15T00:49:46.939" />
<gc-end id="4739" type="partial gc" contextid="4733" durationms="4.970" usertimems="12.000" systemtimems="0.000" timestamp="2019-06-15T00:49:46.940" activeThreads="4">
  <mem-info id="4740" free="37748736" total="58720256" percent="64">
    <mem type="eden" free="1046072" total="1048576" percent="99" />
    <remembered-set count="53856" freebytes="2254080" totalbytes="2469504" percent="91" regionsoverflowed="0" regionsstable="5" regionsrebuilding="0"/>
  </mem-info>
</gc-end>
<cycle-end id="4741" type="partial gc" contextid="4733" timestamp="2019-06-15T00:49:46.940" />
  <attribute name="elasticGC enabled" value="1" />
  <attribute name= "numThreadsSpecified" value="4" />
  <attribute name="heapSize specified" value="0" />
  <attribute name="Current GC Util" value="60" />
  <attribute name= "Current Time Running" value="23830" />
  <attribute name ="GC Interval" value="0" />
  <attribute name="ProportionalT" value="20.000000" />
  <attribute name="ProportionalI" value="20.000000" />
  <attribute name="ProportionalH" value="20.000000" />
  <attribute name="Current Error" value="40.000000" />
  <attribute name="IntegralT" value="0.000000" />
  <attribute name="IntegralI" value="0.000000" />
  <attribute name="IntegralH" value="0.000000" />
  <attribute name="DerivativeT" value="-inf" />
  <attribute name="DerivativeI" value="-inf" />
  <attribute name="DerivativeH" value="-inf" />
  <attribute name="Loop Time for DT" value="0.000000" />
  <attribute name="Output H" value="2091843584"/>
  <attribute name="Output I" value="200"/>
  <attribute name="Output T" value="4"/>
  <attribute name="Target GC Util Change" value ="20.000000" />
  <attribute name="Current GC Util Change" value="60.000000"/>
  <attribute name="GC Util currently" value="60" />
  <attribute name="CPU Util currently" value="10945050187557" />
<exclusive-end id="4742" timestamp="2019-06-15T00:49:46.940" durationms="5.767" />

<exclusive-start id="4743" timestamp="2019-06-15T00:49:46.946" intervalms="12.141">
  <response-info timems="0.053" idlems="0.053" threads="0" lastid="000000000118C700" lastname="main" />
</exclusive-start>
<allocation-taxation id="4744" taxation-threshold="20971520" timestamp="2019-06-15T00:49:46.946" intervalms="12.100" />
<cycle-start id="4745" type="partial gc" contextid="0" timestamp="2019-06-15T00:49:46.946" intervalms="12.053" />
<gc-start id="4746" type="partial gc" contextid="4745" timestamp="2019-06-15T00:49:46.947">
  <mem-info id="4747" free="16777216" total="58720256" percent="28">
    <mem type="eden" free="0" total="20971520" percent="0" />
    <remembered-set count="53760" freebytes="2254464" totalbytes="2469504" percent="91" regionsoverflowed="0" regionsstable="5" regionsrebuilding="0"/>
  </mem-info>
</gc-start>
<allocation-stats totalBytes="20832000" >
  <allocated-bytes non-tlh="0" tlh="20832000" arrayletleaf="0"/>
  <largest-consumer threadName="main" threadId="000000000118C700" bytes="20832000" />
</allocation-stats>
<gc-op id="4748" type="copy forward" timems="1.533" contextid="4745" timestamp="2019-06-15T00:49:46.949">
  <memory-copied type="eden" objects="0" bytes="0" bytesdiscarded="0" />
  <memory-copied type="other" objects="26" bytes="1904" bytesdiscarded="1104" />
  <memory-cardclean objects="1978" bytes="206504" />
  <regions eden="20" other="1" />
  <remembered-set-cleared processed="51727" cleared="108" durationms="0.266" />
  <stringconstants candidates="13319" cleared="0"  />
</gc-op>
<gc-op id="4749" type="classunload" timems="0.003" contextid="4745" timestamp="2019-06-15T00:49:46.949">
  <classunload-info classloadercandidates="53" classloadersunloaded="0" classesunloaded="0" anonymousclassesunloaded="0" quiescems="0.000" setupms="0.003" scanms="0.000" postms="0.000" />
</gc-op>
<heap-resize id="4750" type="contract" space="default" amount="3145728" count="1" timems="0.190" reason="excess free space following gc" timestamp="2019-06-15T00:49:46.949" />
<gc-end id="4751" type="partial gc" contextid="4745" durationms="2.744" usertimems="4.000" systemtimems="0.000" timestamp="2019-06-15T00:49:46.949" activeThreads="4">
  <mem-info id="4752" free="34603008" total="55574528" percent="62">
    <remembered-set count="54432" freebytes="2126208" totalbytes="2343936" percent="90" regionsoverflowed="0" regionsstable="5" regionsrebuilding="0"/>
  </mem-info>
</gc-end>
<cycle-end id="4753" type="partial gc" contextid="4745" timestamp="2019-06-15T00:49:46.950" />
  <attribute name="elasticGC enabled" value="1" />
  <attribute name= "numThreadsSpecified" value="4" />
  <attribute name="heapSize specified" value="0" />
  <attribute name="Current GC Util" value="46" />
  <attribute name= "Current Time Running" value="23842" />
  <attribute name ="GC Interval" value="0" />
  <attribute name="ProportionalT" value="13.000000" />
  <attribute name="ProportionalI" value="13.000000" />
  <attribute name="ProportionalH" value="13.000000" />
  <attribute name="Current Error" value="26.000000" />
  <attribute name="IntegralT" value="0.000000" />
  <attribute name="IntegralI" value="0.000000" />
  <attribute name="IntegralH" value="0.000000" />
  <attribute name="DerivativeT" value="-inf" />
  <attribute name="DerivativeI" value="-inf" />
  <attribute name="DerivativeH" value="-inf" />
  <attribute name="Loop Time for DT" value="0.000000" />
  <attribute name="Output H" value="2091843584"/>
  <attribute name="Output I" value="200"/>
  <attribute name="Output T" value="4"/>
  <attribute name="Target GC Util Change" value ="20.000000" />
  <attribute name="Current GC Util Change" value="46.000000"/>
  <attribute name="GC Util currently" value="46" />
  <attribute name="CPU Util currently" value="13426398560472" />
<exclusive-end id="4754" timestamp="2019-06-15T00:49:46.950" durationms="3.520" />

<exclusive-start id="4755" timestamp="2019-06-15T00:49:46.953" intervalms="6.824">
  <response-info timems="0.080" idlems="0.080" threads="0" lastid="000000000118C700" lastname="main" />
</exclusive-start>
<allocation-taxation id="4756" taxation-threshold="10485760" timestamp="2019-06-15T00:49:46.953" intervalms="6.865" />
<cycle-start id="4757" type="global mark phase" contextid="0" timestamp="2019-06-15T00:49:46.953" intervalms="229.366" />
<gc-start id="4758" type="global mark phase" contextid="4757" timestamp="2019-06-15T00:49:46.954">
  <mem-info id="4759" free="24117248" total="55574528" percent="43">
    <remembered-set count="54368" freebytes="2126464" totalbytes="2343936" percent="90" regionsoverflowed="0" regionsstable="5" regionsrebuilding="0"/>
  </mem-info>
</gc-start>
<gc-op id="4760" type="mark increment" timems="1.120" contextid="4757" timestamp="2019-06-15T00:49:46.955">
  <trace-info objectcount="17326" scancount="6296" scanbytes="233604" />
</gc-op>
<gc-end id="4761" type="global mark phase" contextid="4757" durationms="1.368" usertimems="0.000" systemtimems="0.000" timestamp="2019-06-15T00:49:46.955" activeThreads="4">
  <mem-info id="4762" free="24117248" total="55574528" percent="43">
    <remembered-set count="54368" freebytes="2126464" totalbytes="2343936" percent="90" regionsoverflowed="0" regionsstable="0" regionsrebuilding="5"/>
  </mem-info>
</gc-end>
<concurrent-start id="4763" type="GMP work packet processing" contextid="4757" timestamp="2019-06-15T00:49:46.955">
  <concurrent-mark-start scanTarget="1290275" />
</concurrent-start>
<exclusive-end id="4764" timestamp="2019-06-15T00:49:46.956" durationms="3.113" />

<concurrent-end id="4765" type="GMP work packet processing" contextid="4757" timestamp="2019-06-15T00:49:46.956">
  <concurrent-mark-end bytesScanned="1340896" reasonForTermination="Work target met" />
</concurrent-end>

<exclusive-start id="4766" timestamp="2019-06-15T00:49:46.959" intervalms="6.374">
  <response-info timems="0.030" idlems="0.030" threads="0" lastid="000000000118C700" lastname="main" />
</exclusive-start>
<allocation-taxation id="4767" taxation-threshold="10485760" timestamp="2019-06-15T00:49:46.960" intervalms="6.307" />
<cycle-start id="4768" type="partial gc" contextid="0" timestamp="2019-06-15T00:49:46.960" intervalms="13.166" />
<gc-start id="4769" type="partial gc" contextid="4768" timestamp="2019-06-15T00:49:46.960">
  <mem-info id="4770" free="13631488" total="55574528" percent="24">
    <mem type="eden" free="0" total="20971520" percent="0" />
    <remembered-set count="54400" freebytes="2126336" totalbytes="2343936" percent="90" regionsoverflowed="0" regionsstable="0" regionsrebuilding="5"/>
  </mem-info>
</gc-start>
<allocation-stats totalBytes="20832000" >
  <allocated-bytes non-tlh="0" tlh="20832000" arrayletleaf="0"/>
  <largest-consumer threadName="main" threadId="000000000118C700" bytes="10416000" />
</allocation-stats>
<gc-op id="4771" type="copy forward" timems="4.202" contextid="4768" timestamp="2019-06-15T00:49:46.965">
  <memory-copied type="eden" objects="0" bytes="0" bytesdiscarded="0" />
  <memory-copied type="other" objects="0" bytes="0" bytesdiscarded="0" />
  <memory-cardclean objects="161829" bytes="5255720" />
  <regions eden="20" other="0" />
  <remembered-set-cleared processed="30395" cleared="10122" durationms="0.241" />
  <stringconstants candidates="13319" cleared="0"  />
</gc-op>
<gc-op id="4772" type="classunload" timems="0.004" contextid="4768" timestamp="2019-06-15T00:49:46.965">
  <classunload-info classloadercandidates="53" classloadersunloaded="0" classesunloaded="0" anonymousclassesunloaded="0" quiescems="0.000" setupms="0.004" scanms="0.000" postms="0.000" />
</gc-op>
<heap-resize id="4773" type="contract" space="default" amount="1048576" count="1" timems="0.104" reason="excess free space following gc" timestamp="2019-06-15T00:49:46.965" />
<gc-end id="4774" type="partial gc" contextid="4768" durationms="5.373" usertimems="16.000" systemtimems="0.000" timestamp="2019-06-15T00:49:46.965" activeThreads="4">
  <mem-info id="4775" free="33554432" total="54525952" percent="61">
    <remembered-set count="47136" freebytes="2029824" totalbytes="2218368" percent="91" regionsoverflowed="0" regionsstable="0" regionsrebuilding="5"/>
  </mem-info>
</gc-end>
<cycle-end id="4776" type="partial gc" contextid="4768" timestamp="2019-06-15T00:49:46.965" />
  <attribute name="elasticGC enabled" value="1" />
  <attribute name= "numThreadsSpecified" value="4" />
  <attribute name="heapSize specified" value="0" />
  <attribute name="Current GC Util" value="55" />
  <attribute name= "Current Time Running" value="23855" />
  <attribute name ="GC Interval" value="0" />
  <attribute name="ProportionalT" value="17.500000" />
  <attribute name="ProportionalI" value="17.500000" />
  <attribute name="ProportionalH" value="17.500000" />
  <attribute name="Current Error" value="35.000000" />
  <attribute name="IntegralT" value="0.000000" />
  <attribute name="IntegralI" value="0.000000" />
  <attribute name="IntegralH" value="0.000000" />
  <attribute name="DerivativeT" value="-inf" />
  <attribute name="DerivativeI" value="-inf" />
  <attribute name="DerivativeH" value="-inf" />
  <attribute name="Loop Time for DT" value="0.000000" />
  <attribute name="Output H" value="2091843584"/>
  <attribute name="Output I" value="200"/>
  <attribute name="Output T" value="4"/>
  <attribute name="Target GC Util Change" value ="20.000000" />
  <attribute name="Current GC Util Change" value="55.000000"/>
  <attribute name="GC Util currently" value="55" />
  <attribute name="CPU Util currently" value="9967096725252" />
<exclusive-end id="4777" timestamp="2019-06-15T00:49:46.966" durationms="6.057" />

<exclusive-start id="4778" timestamp="2019-06-15T00:49:46.969" intervalms="9.032">
  <response-info timems="0.053" idlems="0.053" threads="0" lastid="000000000118C700" lastname="main" />
</exclusive-start>
<allocation-taxation id="4779" taxation-threshold="9437184" timestamp="2019-06-15T00:49:46.969" intervalms="9.108" />
<gc-start id="4780" type="global mark phase" contextid="4757" timestamp="2019-06-15T00:49:46.969">
  <mem-info id="4781" free="24117248" total="54525952" percent="44">
    <remembered-set count="46848" freebytes="2030976" totalbytes="2218368" percent="91" regionsoverflowed="0" regionsstable="0" regionsrebuilding="5"/>
  </mem-info>
</gc-start>
<gc-end id="4782" type="global mark phase" contextid="4757" durationms="0.114" usertimems="0.000" systemtimems="0.000" timestamp="2019-06-15T00:49:46.969" activeThreads="4">
  <mem-info id="4783" free="24117248" total="54525952" percent="44">
    <remembered-set count="46848" freebytes="2030976" totalbytes="2218368" percent="91" regionsoverflowed="0" regionsstable="0" regionsrebuilding="5"/>
  </mem-info>
</gc-end>
<concurrent-start id="4784" type="GMP work packet processing" contextid="4757" timestamp="2019-06-15T00:49:46.969">
  <concurrent-mark-start scanTarget="1290275" />
</concurrent-start>
<exclusive-end id="4785" timestamp="2019-06-15T00:49:46.969" durationms="0.685" />

<concurrent-end id="4786" type="GMP work packet processing" contextid="4757" timestamp="2019-06-15T00:49:46.970">
  <concurrent-mark-end bytesScanned="1352100" reasonForTermination="Work target met" />
</concurrent-end>

<exclusive-start id="4787" timestamp="2019-06-15T00:49:46.973" intervalms="4.369">
  <response-info timems="0.024" idlems="0.024" threads="0" lastid="000000000118C700" lastname="main" />
</exclusive-start>
<allocation-taxation id="4788" taxation-threshold="9437184" timestamp="2019-06-15T00:49:46.973" intervalms="4.317" />
<cycle-start id="4789" type="partial gc" contextid="0" timestamp="2019-06-15T00:49:46.973" intervalms="13.541" />
<gc-start id="4790" type="partial gc" contextid="4789" timestamp="2019-06-15T00:49:46.973">
  <mem-info id="4791" free="14680064" total="54525952" percent="26">
    <mem type="eden" free="0" total="18874368" percent="0" />
    <remembered-set count="47616" freebytes="2027904" totalbytes="2218368" percent="91" regionsoverflowed="0" regionsstable="0" regionsrebuilding="5"/>
  </mem-info>
</gc-start>
<allocation-stats totalBytes="18754680" >
  <allocated-bytes non-tlh="0" tlh="18754680" arrayletleaf="0"/>
  <largest-consumer threadName="main" threadId="000000000118C700" bytes="9378024" />
</allocation-stats>
<gc-op id="4792" type="copy forward" timems="5.130" contextid="4789" timestamp="2019-06-15T00:49:46.979">
  <memory-copied type="eden" objects="1" bytes="24" bytesdiscarded="0" />
  <memory-copied type="other" objects="0" bytes="0" bytesdiscarded="0" />
  <memory-cardclean objects="69094" bytes="2415848" />
  <regions eden="18" other="0" />
  <remembered-set-cleared processed="36208" cleared="827" durationms="0.351" />
  <stringconstants candidates="13319" cleared="0"  />
</gc-op>
<gc-op id="4793" type="classunload" timems="0.004" contextid="4789" timestamp="2019-06-15T00:49:46.979">
  <classunload-info classloadercandidates="53" classloadersunloaded="0" classesunloaded="0" anonymousclassesunloaded="0" quiescems="0.000" setupms="0.004" scanms="0.000" postms="0.000" />
</gc-op>
<heap-resize id="4794" type="expand" space="default" amount="1048576" count="1" timems="0.044" reason="excessive time being spent in gc" timestamp="2019-06-15T00:49:46.980" />
<gc-end id="4795" type="partial gc" contextid="4789" durationms="6.434" usertimems="8.000" systemtimems="0.000" timestamp="2019-06-15T00:49:46.980" activeThreads="1">
  <mem-info id="4796" free="33554432" total="55574528" percent="60">
    <mem type="eden" free="1048552" total="1048576" percent="99" />
    <remembered-set count="46688" freebytes="2031616" totalbytes="2218368" percent="91" regionsoverflowed="0" regionsstable="0" regionsrebuilding="5"/>
  </mem-info>
</gc-end>
<cycle-end id="4797" type="partial gc" contextid="4789" timestamp="2019-06-15T00:49:46.980" />
  <attribute name="elasticGC enabled" value="1" />
  <attribute name= "numThreadsSpecified" value="1" />
  <attribute name="heapSize specified" value="0" />
  <attribute name="Current GC Util" value="52" />
  <attribute name= "Current Time Running" value="23869" />
  <attribute name ="GC Interval" value="0" />
  <attribute name="ProportionalT" value="16.000000" />
  <attribute name="ProportionalI" value="16.000000" />
  <attribute name="ProportionalH" value="16.000000" />
  <attribute name="Current Error" value="32.000000" />
  <attribute name="IntegralT" value="0.000000" />
  <attribute name="IntegralI" value="0.000000" />
  <attribute name="IntegralH" value="0.000000" />
  <attribute name="DerivativeT" value="inf" />
  <attribute name="DerivativeI" value="inf" />
  <attribute name="DerivativeH" value="inf" />
  <attribute name="Loop Time for DT" value="0.000000" />
  <attribute name="Output H" value="8388608"/>
  <attribute name="Output I" value="200"/>
  <attribute name="Output T" value="1"/>
  <attribute name="Target GC Util Change" value ="20.000000" />
  <attribute name="Current GC Util Change" value="52.000000"/>
  <attribute name="GC Util currently" value="52" />
  <attribute name="CPU Util currently" value="14024102756604" />
<exclusive-end id="4798" timestamp="2019-06-15T00:49:46.980" durationms="7.274" />

<exclusive-start id="4799" timestamp="2019-06-15T00:49:46.983" intervalms="10.539">
  <response-info timems="0.026" idlems="0.026" threads="0" lastid="000000000118C700" lastname="main" />
</exclusive-start>
<allocation-taxation id="4800" taxation-threshold="10485760" timestamp="2019-06-15T00:49:46.984" intervalms="10.582" />
<gc-start id="4801" type="global mark phase" contextid="4757" timestamp="2019-06-15T00:49:46.984">
  <mem-info id="4802" free="23068672" total="55574528" percent="41">
    <remembered-set count="46656" freebytes="2031744" totalbytes="2218368" percent="91" regionsoverflowed="0" regionsstable="0" regionsrebuilding="5"/>
  </mem-info>
</gc-start>
<gc-end id="4803" type="global mark phase" contextid="4757" durationms="0.117" usertimems="0.000" systemtimems="0.000" timestamp="2019-06-15T00:49:46.984" activeThreads="1">
  <mem-info id="4804" free="23068672" total="55574528" percent="41">
    <remembered-set count="46656" freebytes="2031744" totalbytes="2218368" percent="91" regionsoverflowed="0" regionsstable="0" regionsrebuilding="5"/>
  </mem-info>
</gc-end>
<concurrent-start id="4805" type="GMP work packet processing" contextid="4757" timestamp="2019-06-15T00:49:46.984">
  <concurrent-mark-start scanTarget="2257982" />
</concurrent-start>
<exclusive-end id="4806" timestamp="2019-06-15T00:49:46.984" durationms="0.690" />

<concurrent-end id="4807" type="GMP work packet processing" contextid="4757" timestamp="2019-06-15T00:49:46.985">
  <concurrent-mark-end bytesScanned="2299372" reasonForTermination="Work target met" />
</concurrent-end>

<exclusive-start id="4808" timestamp="2019-06-15T00:49:46.989" intervalms="5.192">
  <response-info timems="0.060" idlems="0.060" threads="0" lastid="000000000118C700" lastname="main" />
</exclusive-start>
<allocation-taxation id="4809" taxation-threshold="10485760" timestamp="2019-06-15T00:49:46.989" intervalms="5.151" />
<cycle-start id="4810" type="partial gc" contextid="0" timestamp="2019-06-15T00:49:46.989" intervalms="15.660" />
<gc-start id="4811" type="partial gc" contextid="4810" timestamp="2019-06-15T00:49:46.989">
  <mem-info id="4812" free="12582912" total="55574528" percent="22">
    <mem type="eden" free="1048552" total="22020096" percent="4" />
    <remembered-set count="49824" freebytes="2019072" totalbytes="2218368" percent="91" regionsoverflowed="0" regionsstable="0" regionsrebuilding="5"/>
  </mem-info>
</gc-start>
<allocation-stats totalBytes="20840064" >
  <allocated-bytes non-tlh="0" tlh="20840064" arrayletleaf="0"/>
  <largest-consumer threadName="main" threadId="000000000118C700" bytes="10420032" />
</allocation-stats>
<gc-op id="4813" type="copy forward" timems="1.652" contextid="4810" timestamp="2019-06-15T00:49:46.991">
  <memory-copied type="eden" objects="1" bytes="24" bytesdiscarded="0" />
  <memory-copied type="other" objects="0" bytes="0" bytesdiscarded="0" />
  <memory-cardclean objects="6" bytes="136" />
  <regions eden="20" other="1" />
  <remembered-set-cleared processed="48145" cleared="4" durationms="0.233" />
  <stringconstants candidates="13319" cleared="0"  />
</gc-op>
<gc-op id="4814" type="classunload" timems="0.004" contextid="4810" timestamp="2019-06-15T00:49:46.991">
  <classunload-info classloadercandidates="53" classloadersunloaded="0" classesunloaded="0" anonymousclassesunloaded="0" quiescems="0.000" setupms="0.004" scanms="0.000" postms="0.000" />
</gc-op>
<gc-end id="4815" type="partial gc" contextid="4810" durationms="2.476" usertimems="4.000" systemtimems="0.000" timestamp="2019-06-15T00:49:46.991" activeThreads="4">
  <mem-info id="4816" free="33554432" total="55574528" percent="60">
    <mem type="eden" free="1048552" total="1048576" percent="99" />
    <remembered-set count="49760" freebytes="2019328" totalbytes="2218368" percent="91" regionsoverflowed="0" regionsstable="0" regionsrebuilding="5"/>
  </mem-info>
</gc-end>
<cycle-end id="4817" type="partial gc" contextid="4810" timestamp="2019-06-15T00:49:46.992" />
  <attribute name="elasticGC enabled" value="1" />
  <attribute name= "numThreadsSpecified" value="4" />
  <attribute name="heapSize specified" value="0" />
  <attribute name="Current GC Util" value="58" />
  <attribute name= "Current Time Running" value="23884" />
  <attribute name ="GC Interval" value="0" />
  <attribute name="ProportionalT" value="19.000000" />
  <attribute name="ProportionalI" value="19.000000" />
  <attribute name="ProportionalH" value="19.000000" />
  <attribute name="Current Error" value="38.000000" />
  <attribute name="IntegralT" value="0.000000" />
  <attribute name="IntegralI" value="0.000000" />
  <attribute name="IntegralH" value="0.000000" />
  <attribute name="DerivativeT" value="-inf" />
  <attribute name="DerivativeI" value="-inf" />
  <attribute name="DerivativeH" value="-inf" />
  <attribute name="Loop Time for DT" value="0.000000" />
  <attribute name="Output H" value="2091843584"/>
  <attribute name="Output I" value="200"/>
  <attribute name="Output T" value="4"/>
  <attribute name="Target GC Util Change" value ="20.000000" />
  <attribute name="Current GC Util Change" value="58.000000"/>
  <attribute name="GC Util currently" value="58" />
  <attribute name="CPU Util currently" value="23460782165312" />
<exclusive-end id="4818" timestamp="2019-06-15T00:49:46.992" durationms="3.014" />

<exclusive-start id="4819" timestamp="2019-06-15T00:49:46.995" intervalms="6.328">
  <response-info timems="0.057" idlems="0.057" threads="0" lastid="000000000118C700" lastname="main" />
</exclusive-start>
<allocation-taxation id="4820" taxation-threshold="10485760" timestamp="2019-06-15T00:49:46.995" intervalms="6.383" />
<gc-start id="4821" type="global mark phase" contextid="4757" timestamp="2019-06-15T00:49:46.995">
  <mem-info id="4822" free="23068672" total="55574528" percent="41">
    <remembered-set count="49312" freebytes="2021120" totalbytes="2218368" percent="91" regionsoverflowed="0" regionsstable="0" regionsrebuilding="5"/>
  </mem-info>
</gc-start>
<gc-end id="4823" type="global mark phase" contextid="4757" durationms="0.111" usertimems="0.000" systemtimems="0.000" timestamp="2019-06-15T00:49:46.995" activeThreads="4">
  <mem-info id="4824" free="23068672" total="55574528" percent="41">
    <remembered-set count="49312" freebytes="2021120" totalbytes="2218368" percent="91" regionsoverflowed="0" regionsstable="0" regionsrebuilding="5"/>
  </mem-info>
</gc-end>
<concurrent-start id="4825" type="GMP work packet processing" contextid="4757" timestamp="2019-06-15T00:49:46.995">
  <concurrent-mark-start scanTarget="1290275" />
</concurrent-start>
<exclusive-end id="4826" timestamp="2019-06-15T00:49:46.996" durationms="0.652" />

<concurrent-end id="4827" type="GMP work packet processing" contextid="4757" timestamp="2019-06-15T00:49:46.996">
  <concurrent-mark-end bytesScanned="1325968" reasonForTermination="Work target met" />
</concurrent-end>

<exclusive-start id="4828" timestamp="2019-06-15T00:49:47.000" intervalms="4.641">
  <response-info timems="0.058" idlems="0.058" threads="0" lastid="000000000118C700" lastname="main" />
</exclusive-start>
<allocation-taxation id="4829" taxation-threshold="10485760" timestamp="2019-06-15T00:49:47.000" intervalms="4.546" />
<cycle-start id="4830" type="partial gc" contextid="0" timestamp="2019-06-15T00:49:47.000" intervalms="10.885" />
<gc-start id="4831" type="partial gc" contextid="4830" timestamp="2019-06-15T00:49:47.000">
  <mem-info id="4832" free="12582912" total="55574528" percent="22">
    <mem type="eden" free="1048552" total="22020096" percent="4" />
    <remembered-set count="51584" freebytes="2012032" totalbytes="2218368" percent="90" regionsoverflowed="0" regionsstable="0" regionsrebuilding="5"/>
  </mem-info>
</gc-start>
<allocation-stats totalBytes="20840064" >
  <allocated-bytes non-tlh="0" tlh="20840064" arrayletleaf="0"/>
  <largest-consumer threadName="main" threadId="000000000118C700" bytes="10420032" />
</allocation-stats>
<gc-op id="4833" type="copy forward" timems="1.199" contextid="4830" timestamp="2019-06-15T00:49:47.001">
  <memory-copied type="eden" objects="1" bytes="24" bytesdiscarded="0" />
  <memory-copied type="other" objects="0" bytes="0" bytesdiscarded="0" />
  <memory-cardclean objects="6" bytes="136" />
  <regions eden="20" other="1" />
  <remembered-set-cleared processed="49071" cleared="5" durationms="0.321" />
  <stringconstants candidates="13319" cleared="0"  />
</gc-op>
<gc-op id="4834" type="classunload" timems="0.003" contextid="4830" timestamp="2019-06-15T00:49:47.002">
  <classunload-info classloadercandidates="53" classloadersunloaded="0" classesunloaded="0" anonymousclassesunloaded="0" quiescems="0.000" setupms="0.003" scanms="0.000" postms="0.000" />
</gc-op>
<gc-end id="4835" type="partial gc" contextid="4830" durationms="2.109" usertimems="0.000" systemtimems="4.000" timestamp="2019-06-15T00:49:47.002" activeThreads="1">
  <mem-info id="4836" free="33554432" total="55574528" percent="60">
    <mem type="eden" free="1048552" total="1048576" percent="99" />
    <remembered-set count="52032" freebytes="2010240" totalbytes="2218368" percent="90" regionsoverflowed="0" regionsstable="0" regionsrebuilding="5"/>
  </mem-info>
</gc-end>
<cycle-end id="4837" type="partial gc" contextid="4830" timestamp="2019-06-15T00:49:47.002" />
  <attribute name="elasticGC enabled" value="1" />
  <attribute name= "numThreadsSpecified" value="1" />
  <attribute name="heapSize specified" value="0" />
  <attribute name="Current GC Util" value="71" />
  <attribute name= "Current Time Running" value="23895" />
  <attribute name ="GC Interval" value="0" />
  <attribute name="ProportionalT" value="25.500000" />
  <attribute name="ProportionalI" value="25.500000" />
  <attribute name="ProportionalH" value="25.500000" />
  <attribute name="Current Error" value="51.000000" />
  <attribute name="IntegralT" value="0.000000" />
  <attribute name="IntegralI" value="0.000000" />
  <attribute name="IntegralH" value="0.000000" />
  <attribute name="DerivativeT" value="inf" />
  <attribute name="DerivativeI" value="inf" />
  <attribute name="DerivativeH" value="inf" />
  <attribute name="Loop Time for DT" value="0.000000" />
  <attribute name="Output H" value="8388608"/>
  <attribute name="Output I" value="200"/>
  <attribute name="Output T" value="1"/>
  <attribute name="Target GC Util Change" value ="20.000000" />
  <attribute name="Current GC Util Change" value="71.000000"/>
  <attribute name="GC Util currently" value="71" />
  <attribute name="CPU Util currently" value="28646147228865" />
<exclusive-end id="4838" timestamp="2019-06-15T00:49:47.002" durationms="2.727" />

<exclusive-start id="4839" timestamp="2019-06-15T00:49:47.006" intervalms="6.025">
  <response-info timems="0.064" idlems="0.064" threads="0" lastid="000000000118C700" lastname="main" />
</exclusive-start>
<allocation-taxation id="4840" taxation-threshold="10485760" timestamp="2019-06-15T00:49:47.006" intervalms="6.107" />
<gc-start id="4841" type="global mark phase" contextid="4757" timestamp="2019-06-15T00:49:47.006">
  <mem-info id="4842" free="23068672" total="55574528" percent="41">
    <remembered-set count="51584" freebytes="2012032" totalbytes="2218368" percent="90" regionsoverflowed="0" regionsstable="0" regionsrebuilding="5"/>
  </mem-info>
</gc-start>
<gc-end id="4843" type="global mark phase" contextid="4757" durationms="0.159" usertimems="0.000" systemtimems="0.000" timestamp="2019-06-15T00:49:47.006" activeThreads="1">
  <mem-info id="4844" free="23068672" total="55574528" percent="41">
    <remembered-set count="51584" freebytes="2012032" totalbytes="2218368" percent="90" regionsoverflowed="0" regionsstable="0" regionsrebuilding="5"/>
  </mem-info>
</gc-end>
<concurrent-start id="4845" type="GMP work packet processing" contextid="4757" timestamp="2019-06-15T00:49:47.006">
  <concurrent-mark-start scanTarget="1048576" />
</concurrent-start>
<exclusive-end id="4846" timestamp="2019-06-15T00:49:47.006" durationms="0.757" />

<concurrent-end id="4847" type="GMP work packet processing" contextid="4757" timestamp="2019-06-15T00:49:47.007">
  <concurrent-mark-end bytesScanned="1100056" reasonForTermination="Work target met" />
</concurrent-end>

<exclusive-start id="4848" timestamp="2019-06-15T00:49:47.010" intervalms="4.654">
  <response-info timems="0.053" idlems="0.053" threads="0" lastid="000000000118C700" lastname="main" />
</exclusive-start>
<allocation-taxation id="4849" taxation-threshold="10485760" timestamp="2019-06-15T00:49:47.010" intervalms="4.572" />
<cycle-start id="4850" type="partial gc" contextid="0" timestamp="2019-06-15T00:49:47.010" intervalms="10.680" />
<gc-start id="4851" type="partial gc" contextid="4850" timestamp="2019-06-15T00:49:47.011">
  <mem-info id="4852" free="12582912" total="55574528" percent="22">
    <mem type="eden" free="1048552" total="22020096" percent="4" />
    <remembered-set count="51584" freebytes="2012032" totalbytes="2218368" percent="90" regionsoverflowed="0" regionsstable="0" regionsrebuilding="5"/>
  </mem-info>
</gc-start>
<allocation-stats totalBytes="20840064" >
  <allocated-bytes non-tlh="0" tlh="20840064" arrayletleaf="0"/>
  <largest-consumer threadName="main" threadId="000000000118C700" bytes="10420032" />
</allocation-stats>
<gc-op id="4853" type="copy forward" timems="1.304" contextid="4850" timestamp="2019-06-15T00:49:47.012">
  <memory-copied type="eden" objects="1" bytes="24" bytesdiscarded="0" />
  <memory-copied type="other" objects="0" bytes="0" bytesdiscarded="0" />
  <memory-cardclean objects="6" bytes="136" />
  <regions eden="20" other="1" />
  <remembered-set-cleared processed="49080" cleared="5" durationms="0.331" />
  <stringconstants candidates="13319" cleared="0"  />
</gc-op>
<gc-op id="4854" type="classunload" timems="0.004" contextid="4850" timestamp="2019-06-15T00:49:47.013">
  <classunload-info classloadercandidates="53" classloadersunloaded="0" classesunloaded="0" anonymousclassesunloaded="0" quiescems="0.000" setupms="0.004" scanms="0.000" postms="0.000" />
</gc-op>
<gc-end id="4855" type="partial gc" contextid="4850" durationms="2.339" usertimems="4.000" systemtimems="0.000" timestamp="2019-06-15T00:49:47.013" activeThreads="1">
  <mem-info id="4856" free="33554432" total="55574528" percent="60">
    <mem type="eden" free="1048552" total="1048576" percent="99" />
    <remembered-set count="52032" freebytes="2010240" totalbytes="2218368" percent="90" regionsoverflowed="0" regionsstable="0" regionsrebuilding="5"/>
  </mem-info>
</gc-end>
<cycle-end id="4857" type="partial gc" contextid="4850" timestamp="2019-06-15T00:49:47.013" />
  <attribute name="elasticGC enabled" value="1" />
  <attribute name= "numThreadsSpecified" value="1" />
  <attribute name="heapSize specified" value="0" />
  <attribute name="Current GC Util" value="60" />
  <attribute name= "Current Time Running" value="23906" />
  <attribute name ="GC Interval" value="0" />
  <attribute name="ProportionalT" value="20.000000" />
  <attribute name="ProportionalI" value="20.000000" />
  <attribute name="ProportionalH" value="20.000000" />
  <attribute name="Current Error" value="40.000000" />
  <attribute name="IntegralT" value="0.000000" />
  <attribute name="IntegralI" value="0.000000" />
  <attribute name="IntegralH" value="0.000000" />
  <attribute name="DerivativeT" value="inf" />
  <attribute name="DerivativeI" value="inf" />
  <attribute name="DerivativeH" value="inf" />
  <attribute name="Loop Time for DT" value="0.000000" />
  <attribute name="Output H" value="8388608"/>
  <attribute name="Output I" value="200"/>
  <attribute name="Output T" value="1"/>
  <attribute name="Target GC Util Change" value ="20.000000" />
  <attribute name="Current GC Util Change" value="60.000000"/>
  <attribute name="GC Util currently" value="60" />
  <attribute name="CPU Util currently" value="26234958528544" />
<exclusive-end id="4858" timestamp="2019-06-15T00:49:47.013" durationms="2.998" />

<exclusive-start id="4859" timestamp="2019-06-15T00:49:47.017" intervalms="6.294">
  <response-info timems="0.067" idlems="0.067" threads="0" lastid="000000000118C700" lastname="main" />
</exclusive-start>
<allocation-taxation id="4860" taxation-threshold="10485760" timestamp="2019-06-15T00:49:47.017" intervalms="6.377" />
<gc-start id="4861" type="global mark phase" contextid="4757" timestamp="2019-06-15T00:49:47.017">
  <mem-info id="4862" free="23068672" total="55574528" percent="41">
    <remembered-set count="51584" freebytes="2012032" totalbytes="2218368" percent="90" regionsoverflowed="0" regionsstable="0" regionsrebuilding="5"/>
  </mem-info>
</gc-start>
<gc-end id="4863" type="global mark phase" contextid="4757" durationms="0.149" usertimems="0.000" systemtimems="0.000" timestamp="2019-06-15T00:49:47.017" activeThreads="1">
  <mem-info id="4864" free="23068672" total="55574528" percent="41">
    <remembered-set count="51584" freebytes="2012032" totalbytes="2218368" percent="90" regionsoverflowed="0" regionsstable="0" regionsrebuilding="5"/>
  </mem-info>
</gc-end>
<concurrent-start id="4865" type="GMP work packet processing" contextid="4757" timestamp="2019-06-15T00:49:47.017">
  <concurrent-mark-start scanTarget="1048576" />
</concurrent-start>
<exclusive-end id="4866" timestamp="2019-06-15T00:49:47.018" durationms="0.798" />

<concurrent-end id="4867" type="GMP work packet processing" contextid="4757" timestamp="2019-06-15T00:49:47.018">
  <concurrent-mark-end bytesScanned="1108804" reasonForTermination="Work target met" />
</concurrent-end>

<exclusive-start id="4868" timestamp="2019-06-15T00:49:47.021" intervalms="4.680">
  <response-info timems="0.054" idlems="0.054" threads="0" lastid="000000000118C700" lastname="main" />
</exclusive-start>
<allocation-taxation id="4869" taxation-threshold="10485760" timestamp="2019-06-15T00:49:47.021" intervalms="4.632" />
<cycle-start id="4870" type="partial gc" contextid="0" timestamp="2019-06-15T00:49:47.021" intervalms="11.092" />
<gc-start id="4871" type="partial gc" contextid="4870" timestamp="2019-06-15T00:49:47.022">
  <mem-info id="4872" free="12582912" total="55574528" percent="22">
    <mem type="eden" free="1048552" total="22020096" percent="4" />
    <remembered-set count="51584" freebytes="2012032" totalbytes="2218368" percent="90" regionsoverflowed="0" regionsstable="0" regionsrebuilding="5"/>
  </mem-info>
</gc-start>
<allocation-stats totalBytes="20840064" >
  <allocated-bytes non-tlh="0" tlh="20840064" arrayletleaf="0"/>
  <largest-consumer threadName="main" threadId="000000000118C700" bytes="10420032" />
</allocation-stats>
<gc-op id="4873" type="copy forward" timems="1.274" contextid="4870" timestamp="2019-06-15T00:49:47.024">
  <memory-copied type="eden" objects="1" bytes="24" bytesdiscarded="0" />
  <memory-copied type="other" objects="0" bytes="0" bytesdiscarded="0" />
  <memory-cardclean objects="6" bytes="136" />
  <regions eden="20" other="1" />
  <remembered-set-cleared processed="49307" cleared="5" durationms="0.361" />
  <stringconstants candidates="13319" cleared="0"  />
</gc-op>
<gc-op id="4874" type="classunload" timems="0.003" contextid="4870" timestamp="2019-06-15T00:49:47.024">
  <classunload-info classloadercandidates="53" classloadersunloaded="0" classesunloaded="0" anonymousclassesunloaded="0" quiescems="0.000" setupms="0.003" scanms="0.000" postms="0.000" />
</gc-op>
<gc-end id="4875" type="partial gc" contextid="4870" durationms="2.331" usertimems="4.000" systemtimems="0.000" timestamp="2019-06-15T00:49:47.024" activeThreads="1">
  <mem-info id="4876" free="33554432" total="55574528" percent="60">
    <mem type="eden" free="1048552" total="1048576" percent="99" />
    <remembered-set count="52032" freebytes="2010240" totalbytes="2218368" percent="90" regionsoverflowed="0" regionsstable="0" regionsrebuilding="5"/>
  </mem-info>
</gc-end>
<cycle-end id="4877" type="partial gc" contextid="4870" timestamp="2019-06-15T00:49:47.024" />
  <attribute name="elasticGC enabled" value="1" />
  <attribute name= "numThreadsSpecified" value="1" />
  <attribute name="heapSize specified" value="0" />
  <attribute name="Current GC Util" value="69" />
  <attribute name= "Current Time Running" value="23917" />
  <attribute name ="GC Interval" value="0" />
  <attribute name="ProportionalT" value="24.500000" />
  <attribute name="ProportionalI" value="24.500000" />
  <attribute name="ProportionalH" value="24.500000" />
  <attribute name="Current Error" value="49.000000" />
  <attribute name="IntegralT" value="0.000000" />
  <attribute name="IntegralI" value="0.000000" />
  <attribute name="IntegralH" value="0.000000" />
  <attribute name="DerivativeT" value="inf" />
  <attribute name="DerivativeI" value="inf" />
  <attribute name="DerivativeH" value="inf" />
  <attribute name="Loop Time for DT" value="0.000000" />
  <attribute name="Output H" value="8388608"/>
  <attribute name="Output I" value="200"/>
  <attribute name="Output T" value="1"/>
  <attribute name="Target GC Util Change" value ="20.000000" />
  <attribute name="Current GC Util Change" value="69.000000"/>
  <attribute name="GC Util currently" value="69" />
  <attribute name="CPU Util currently" value="21984382731079" />
<exclusive-end id="4878" timestamp="2019-06-15T00:49:47.024" durationms="3.126" />

<exclusive-start id="4879" timestamp="2019-06-15T00:49:47.028" intervalms="6.446">
  <response-info timems="0.058" idlems="0.058" threads="0" lastid="000000000118C700" lastname="main" />
</exclusive-start>
<allocation-taxation id="4880" taxation-threshold="10485760" timestamp="2019-06-15T00:49:47.028" intervalms="6.411" />
<gc-start id="4881" type="global mark phase" contextid="4757" timestamp="2019-06-15T00:49:47.028">
  <mem-info id="4882" free="23068672" total="55574528" percent="41">
    <remembered-set count="51584" freebytes="2012032" totalbytes="2218368" percent="90" regionsoverflowed="0" regionsstable="0" regionsrebuilding="5"/>
  </mem-info>
</gc-start>
<gc-end id="4883" type="global mark phase" contextid="4757" durationms="0.110" usertimems="0.000" systemtimems="0.000" timestamp="2019-06-15T00:49:47.028" activeThreads="1">
  <mem-info id="4884" free="23068672" total="55574528" percent="41">
    <remembered-set count="51584" freebytes="2012032" totalbytes="2218368" percent="90" regionsoverflowed="0" regionsstable="0" regionsrebuilding="5"/>
  </mem-info>
</gc-end>
<concurrent-start id="4885" type="GMP work packet processing" contextid="4757" timestamp="2019-06-15T00:49:47.028">
  <concurrent-mark-start scanTarget="1048576" />
</concurrent-start>
<exclusive-end id="4886" timestamp="2019-06-15T00:49:47.028" durationms="0.451" />

<concurrent-end id="4887" type="GMP work packet processing" contextid="4757" timestamp="2019-06-15T00:49:47.029">
  <concurrent-mark-end bytesScanned="1090248" reasonForTermination="Work target met" />
</concurrent-end>

<exclusive-start id="4888" timestamp="2019-06-15T00:49:47.032" intervalms="4.281">
  <response-info timems="0.023" idlems="0.023" threads="0" lastid="000000000118C700" lastname="main" />
</exclusive-start>
<allocation-taxation id="4889" taxation-threshold="10485760" timestamp="2019-06-15T00:49:47.032" intervalms="4.323" />
<cycle-start id="4890" type="partial gc" contextid="0" timestamp="2019-06-15T00:49:47.032" intervalms="10.728" />
<gc-start id="4891" type="partial gc" contextid="4890" timestamp="2019-06-15T00:49:47.032">
  <mem-info id="4892" free="12582912" total="55574528" percent="22">
    <mem type="eden" free="1048552" total="22020096" percent="4" />
    <remembered-set count="52384" freebytes="2008832" totalbytes="2218368" percent="90" regionsoverflowed="0" regionsstable="0" regionsrebuilding="5"/>
  </mem-info>
</gc-start>
<allocation-stats totalBytes="20840064" >
  <allocated-bytes non-tlh="0" tlh="20840064" arrayletleaf="0"/>
  <largest-consumer threadName="main" threadId="000000000118C700" bytes="10420032" />
</allocation-stats>
<gc-op id="4893" type="copy forward" timems="1.308" contextid="4890" timestamp="2019-06-15T00:49:47.034">
  <memory-copied type="eden" objects="1" bytes="24" bytesdiscarded="0" />
  <memory-copied type="other" objects="0" bytes="0" bytesdiscarded="0" />
  <memory-cardclean objects="6" bytes="136" />
  <regions eden="20" other="1" />
  <remembered-set-cleared processed="50465" cleared="5" durationms="0.350" />
  <stringconstants candidates="13319" cleared="0"  />
</gc-op>
<gc-op id="4894" type="classunload" timems="0.004" contextid="4890" timestamp="2019-06-15T00:49:47.034">
  <classunload-info classloadercandidates="53" classloadersunloaded="0" classesunloaded="0" anonymousclassesunloaded="0" quiescems="0.000" setupms="0.004" scanms="0.000" postms="0.000" />
</gc-op>
<gc-end id="4895" type="partial gc" contextid="4890" durationms="2.394" usertimems="4.000" systemtimems="0.000" timestamp="2019-06-15T00:49:47.035" activeThreads="1">
  <mem-info id="4896" free="33554432" total="55574528" percent="60">
    <mem type="eden" free="1048552" total="1048576" percent="99" />
    <remembered-set count="52832" freebytes="2007040" totalbytes="2218368" percent="90" regionsoverflowed="0" regionsstable="0" regionsrebuilding="5"/>
  </mem-info>
</gc-end>
<cycle-end id="4897" type="partial gc" contextid="4890" timestamp="2019-06-15T00:49:47.035" />
  <attribute name="elasticGC enabled" value="1" />
  <attribute name= "numThreadsSpecified" value="1" />
  <attribute name="heapSize specified" value="0" />
  <attribute name="Current GC Util" value="68" />
  <attribute name= "Current Time Running" value="23928" />
  <attribute name ="GC Interval" value="0" />
  <attribute name="ProportionalT" value="24.000000" />
  <attribute name="ProportionalI" value="24.000000" />
  <attribute name="ProportionalH" value="24.000000" />
  <attribute name="Current Error" value="48.000000" />
  <attribute name="IntegralT" value="0.000000" />
  <attribute name="IntegralI" value="0.000000" />
  <attribute name="IntegralH" value="0.000000" />
  <attribute name="DerivativeT" value="inf" />
  <attribute name="DerivativeI" value="inf" />
  <attribute name="DerivativeH" value="inf" />
  <attribute name="Loop Time for DT" value="0.000000" />
  <attribute name="Output H" value="8388608"/>
  <attribute name="Output I" value="200"/>
  <attribute name="Output T" value="1"/>
  <attribute name="Target GC Util Change" value ="20.000000" />
  <attribute name="Current GC Util Change" value="68.000000"/>
  <attribute name="GC Util currently" value="68" />
  <attribute name="CPU Util currently" value="20886921006471" />
<exclusive-end id="4898" timestamp="2019-06-15T00:49:47.035" durationms="3.191" />

<exclusive-start id="4899" timestamp="2019-06-15T00:49:47.038" intervalms="6.420">
  <response-info timems="0.054" idlems="0.054" threads="0" lastid="000000000118C700" lastname="main" />
</exclusive-start>
<allocation-taxation id="4900" taxation-threshold="10485760" timestamp="2019-06-15T00:49:47.038" intervalms="6.378" />
<gc-start id="4901" type="global mark phase" contextid="4757" timestamp="2019-06-15T00:49:47.039">
  <mem-info id="4902" free="23068672" total="55574528" percent="41">
    <remembered-set count="52384" freebytes="2008832" totalbytes="2218368" percent="90" regionsoverflowed="0" regionsstable="0" regionsrebuilding="5"/>
  </mem-info>
</gc-start>
<gc-end id="4903" type="global mark phase" contextid="4757" durationms="0.155" usertimems="0.000" systemtimems="0.000" timestamp="2019-06-15T00:49:47.039" activeThreads="1">
  <mem-info id="4904" free="23068672" total="55574528" percent="41">
    <remembered-set count="52384" freebytes="2008832" totalbytes="2218368" percent="90" regionsoverflowed="0" regionsstable="0" regionsrebuilding="5"/>
  </mem-info>
</gc-end>
<concurrent-start id="4905" type="GMP work packet processing" contextid="4757" timestamp="2019-06-15T00:49:47.039">
  <concurrent-mark-start scanTarget="1048576" />
</concurrent-start>
<exclusive-end id="4906" timestamp="2019-06-15T00:49:47.039" durationms="0.620" />

<exclusive-start id="4907" timestamp="2019-06-15T00:49:47.043" intervalms="4.430">
  <response-info timems="0.030" idlems="0.030" threads="0" lastid="000000000118C700" lastname="main" />
</exclusive-start>
<concurrent-end id="4908" type="GMP work packet processing" contextid="4757" timestamp="2019-06-15T00:49:47.043">
  <concurrent-mark-end bytesScanned="1086664" reasonForTermination="Work target met" />
</concurrent-end>

<allocation-taxation id="4909" taxation-threshold="10485760" timestamp="2019-06-15T00:49:47.043" intervalms="4.522" />
<cycle-start id="4910" type="partial gc" contextid="0" timestamp="2019-06-15T00:49:47.043" intervalms="10.936" />
<gc-start id="4911" type="partial gc" contextid="4910" timestamp="2019-06-15T00:49:47.043">
  <mem-info id="4912" free="12582912" total="55574528" percent="22">
    <mem type="eden" free="1048552" total="22020096" percent="4" />
    <remembered-set count="53216" freebytes="2005504" totalbytes="2218368" percent="90" regionsoverflowed="0" regionsstable="0" regionsrebuilding="5"/>
  </mem-info>
</gc-start>
<allocation-stats totalBytes="20840064" >
  <allocated-bytes non-tlh="0" tlh="20840064" arrayletleaf="0"/>
  <largest-consumer threadName="main" threadId="000000000118C700" bytes="10420032" />
</allocation-stats>
<gc-op id="4913" type="copy forward" timems="1.194" contextid="4910" timestamp="2019-06-15T00:49:47.045">
  <memory-copied type="eden" objects="1" bytes="24" bytesdiscarded="0" />
  <memory-copied type="other" objects="0" bytes="0" bytesdiscarded="0" />
  <memory-cardclean objects="6" bytes="136" />
  <regions eden="20" other="1" />
  <remembered-set-cleared processed="51610" cleared="5" durationms="0.326" />
  <stringconstants candidates="13319" cleared="0"  />
</gc-op>
<gc-op id="4914" type="classunload" timems="0.003" contextid="4910" timestamp="2019-06-15T00:49:47.045">
  <classunload-info classloadercandidates="53" classloadersunloaded="0" classesunloaded="0" anonymousclassesunloaded="0" quiescems="0.000" setupms="0.003" scanms="0.000" postms="0.000" />
</gc-op>
<gc-end id="4915" type="partial gc" contextid="4910" durationms="2.256" usertimems="0.000" systemtimems="0.000" timestamp="2019-06-15T00:49:47.046" activeThreads="1">
  <mem-info id="4916" free="33554432" total="55574528" percent="60">
    <mem type="eden" free="1048552" total="1048576" percent="99" />
    <remembered-set count="53664" freebytes="2003712" totalbytes="2218368" percent="90" regionsoverflowed="0" regionsstable="0" regionsrebuilding="5"/>
  </mem-info>
</gc-end>
<cycle-end id="4917" type="partial gc" contextid="4910" timestamp="2019-06-15T00:49:47.046" />
  <attribute name="elasticGC enabled" value="1" />
  <attribute name= "numThreadsSpecified" value="1" />
  <attribute name="heapSize specified" value="0" />
  <attribute name="Current GC Util" value="57" />
  <attribute name= "Current Time Running" value="23939" />
  <attribute name ="GC Interval" value="0" />
  <attribute name="ProportionalT" value="18.500000" />
  <attribute name="ProportionalI" value="18.500000" />
  <attribute name="ProportionalH" value="18.500000" />
  <attribute name="Current Error" value="37.000000" />
  <attribute name="IntegralT" value="0.000000" />
  <attribute name="IntegralI" value="0.000000" />
  <attribute name="IntegralH" value="0.000000" />
  <attribute name="DerivativeT" value="inf" />
  <attribute name="DerivativeI" value="inf" />
  <attribute name="DerivativeH" value="inf" />
  <attribute name="Loop Time for DT" value="0.000000" />
  <attribute name="Output H" value="8388608"/>
  <attribute name="Output I" value="200"/>
  <attribute name="Output T" value="1"/>
  <attribute name="Target GC Util Change" value ="20.000000" />
  <attribute name="Current GC Util Change" value="57.000000"/>
  <attribute name="GC Util currently" value="57" />
  <attribute name="CPU Util currently" value="23075390160166" />
<exclusive-end id="4918" timestamp="2019-06-15T00:49:47.046" durationms="3.110" />

<exclusive-start id="4919" timestamp="2019-06-15T00:49:47.050" intervalms="6.681">
  <response-info timems="0.096" idlems="0.096" threads="0" lastid="000000000118C700" lastname="main" />
</exclusive-start>
<allocation-taxation id="4920" taxation-threshold="10485760" timestamp="2019-06-15T00:49:47.050" intervalms="6.652" />
<gc-start id="4921" type="global mark phase" contextid="4757" timestamp="2019-06-15T00:49:47.050">
  <mem-info id="4922" free="23068672" total="55574528" percent="41">
    <remembered-set count="53216" freebytes="2005504" totalbytes="2218368" percent="90" regionsoverflowed="0" regionsstable="0" regionsrebuilding="5"/>
  </mem-info>
</gc-start>
<gc-end id="4923" type="global mark phase" contextid="4757" durationms="0.104" usertimems="0.000" systemtimems="0.000" timestamp="2019-06-15T00:49:47.050" activeThreads="1">
  <mem-info id="4924" free="23068672" total="55574528" percent="41">
    <remembered-set count="53216" freebytes="2005504" totalbytes="2218368" percent="90" regionsoverflowed="0" regionsstable="0" regionsrebuilding="5"/>
  </mem-info>
</gc-end>
<concurrent-start id="4925" type="GMP work packet processing" contextid="4757" timestamp="2019-06-15T00:49:47.050">
  <concurrent-mark-start scanTarget="1048576" />
</concurrent-start>
<exclusive-end id="4926" timestamp="2019-06-15T00:49:47.050" durationms="0.571" />

<concurrent-end id="4927" type="GMP work packet processing" contextid="4757" timestamp="2019-06-15T00:49:47.052">
  <concurrent-mark-end bytesScanned="1090112" reasonForTermination="Work target met" />
</concurrent-end>

<exclusive-start id="4928" timestamp="2019-06-15T00:49:47.055" intervalms="5.913">
  <response-info timems="0.032" idlems="0.032" threads="0" lastid="000000000118C700" lastname="main" />
</exclusive-start>
<allocation-taxation id="4929" taxation-threshold="10485760" timestamp="2019-06-15T00:49:47.055" intervalms="5.867" />
<cycle-start id="4930" type="partial gc" contextid="0" timestamp="2019-06-15T00:49:47.056" intervalms="12.457" />
<gc-start id="4931" type="partial gc" contextid="4930" timestamp="2019-06-15T00:49:47.056">
  <mem-info id="4932" free="12582912" total="55574528" percent="22">
    <mem type="eden" free="1048552" total="22020096" percent="4" />
    <remembered-set count="54496" freebytes="2000384" totalbytes="2218368" percent="90" regionsoverflowed="0" regionsstable="0" regionsrebuilding="5"/>
  </mem-info>
</gc-start>
<allocation-stats totalBytes="20840064" >
  <allocated-bytes non-tlh="0" tlh="20840064" arrayletleaf="0"/>
  <largest-consumer threadName="main" threadId="000000000118C700" bytes="10420032" />
</allocation-stats>
<gc-op id="4933" type="copy forward" timems="1.286" contextid="4930" timestamp="2019-06-15T00:49:47.058">
  <memory-copied type="eden" objects="1" bytes="24" bytesdiscarded="0" />
  <memory-copied type="other" objects="0" bytes="0" bytesdiscarded="0" />
  <memory-cardclean objects="6" bytes="136" />
  <regions eden="20" other="1" />
  <remembered-set-cleared processed="52601" cleared="5" durationms="0.370" />
  <stringconstants candidates="13319" cleared="0"  />
</gc-op>
<gc-op id="4934" type="classunload" timems="0.004" contextid="4930" timestamp="2019-06-15T00:49:47.058">
  <classunload-info classloadercandidates="53" classloadersunloaded="0" classesunloaded="0" anonymousclassesunloaded="0" quiescems="0.000" setupms="0.004" scanms="0.000" postms="0.000" />
</gc-op>
<gc-end id="4935" type="partial gc" contextid="4930" durationms="2.126" usertimems="4.000" systemtimems="0.000" timestamp="2019-06-15T00:49:47.058" activeThreads="1">
  <mem-info id="4936" free="33554432" total="55574528" percent="60">
    <mem type="eden" free="1048552" total="1048576" percent="99" />
    <remembered-set count="54944" freebytes="1998592" totalbytes="2218368" percent="90" regionsoverflowed="0" regionsstable="0" regionsrebuilding="5"/>
  </mem-info>
</gc-end>
<cycle-end id="4937" type="partial gc" contextid="4930" timestamp="2019-06-15T00:49:47.058" />
  <attribute name="elasticGC enabled" value="1" />
  <attribute name= "numThreadsSpecified" value="1" />
  <attribute name="heapSize specified" value="0" />
  <attribute name="Current GC Util" value="67" />
  <attribute name= "Current Time Running" value="23951" />
  <attribute name ="GC Interval" value="0" />
  <attribute name="ProportionalT" value="23.500000" />
  <attribute name="ProportionalI" value="23.500000" />
  <attribute name="ProportionalH" value="23.500000" />
  <attribute name="Current Error" value="47.000000" />
  <attribute name="IntegralT" value="0.000000" />
  <attribute name="IntegralI" value="0.000000" />
  <attribute name="IntegralH" value="0.000000" />
  <attribute name="DerivativeT" value="inf" />
  <attribute name="DerivativeI" value="inf" />
  <attribute name="DerivativeH" value="inf" />
  <attribute name="Loop Time for DT" value="0.000000" />
  <attribute name="Output H" value="8388608"/>
  <attribute name="Output I" value="200"/>
  <attribute name="Output T" value="1"/>
  <attribute name="Target GC Util Change" value ="20.000000" />
  <attribute name="Current GC Util Change" value="67.000000"/>
  <attribute name="GC Util currently" value="67" />
  <attribute name="CPU Util currently" value="23079316529348" />
<exclusive-end id="4938" timestamp="2019-06-15T00:49:47.058" durationms="2.809" />

<exclusive-start id="4939" timestamp="2019-06-15T00:49:47.067" intervalms="11.169">
  <response-info timems="0.134" idlems="0.134" threads="0" lastid="000000000118C700" lastname="main" />
</exclusive-start>
<allocation-taxation id="4940" taxation-threshold="10485760" timestamp="2019-06-15T00:49:47.067" intervalms="11.213" />
<gc-start id="4941" type="global mark phase" contextid="4757" timestamp="2019-06-15T00:49:47.067">
  <mem-info id="4942" free="23068672" total="55574528" percent="41">
    <remembered-set count="54496" freebytes="2000384" totalbytes="2218368" percent="90" regionsoverflowed="0" regionsstable="0" regionsrebuilding="5"/>
  </mem-info>
</gc-start>
<gc-end id="4943" type="global mark phase" contextid="4757" durationms="0.101" usertimems="0.000" systemtimems="0.000" timestamp="2019-06-15T00:49:47.067" activeThreads="1">
  <mem-info id="4944" free="23068672" total="55574528" percent="41">
    <remembered-set count="54496" freebytes="2000384" totalbytes="2218368" percent="90" regionsoverflowed="0" regionsstable="0" regionsrebuilding="5"/>
  </mem-info>
</gc-end>
<concurrent-start id="4945" type="GMP work packet processing" contextid="4757" timestamp="2019-06-15T00:49:47.067">
  <concurrent-mark-start scanTarget="1048576" />
</concurrent-start>
<exclusive-end id="4946" timestamp="2019-06-15T00:49:47.067" durationms="0.565" />

<concurrent-end id="4947" type="GMP work packet processing" contextid="4757" timestamp="2019-06-15T00:49:47.068">
  <concurrent-mark-end bytesScanned="1099104" reasonForTermination="Work target met" />
</concurrent-end>

<exclusive-start id="4948" timestamp="2019-06-15T00:49:47.071" intervalms="4.625">
  <response-info timems="0.053" idlems="0.053" threads="0" lastid="000000000118C700" lastname="main" />
</exclusive-start>
<allocation-taxation id="4949" taxation-threshold="10485760" timestamp="2019-06-15T00:49:47.071" intervalms="4.612" />
<cycle-start id="4950" type="partial gc" contextid="0" timestamp="2019-06-15T00:49:47.071" intervalms="15.861" />
<gc-start id="4951" type="partial gc" contextid="4950" timestamp="2019-06-15T00:49:47.072">
  <mem-info id="4952" free="12582912" total="55574528" percent="22">
    <mem type="eden" free="1048552" total="22020096" percent="4" />
    <remembered-set count="54496" freebytes="2000384" totalbytes="2218368" percent="90" regionsoverflowed="0" regionsstable="0" regionsrebuilding="5"/>
  </mem-info>
</gc-start>
<allocation-stats totalBytes="20840064" >
  <allocated-bytes non-tlh="0" tlh="20840064" arrayletleaf="0"/>
  <largest-consumer threadName="main" threadId="000000000118C700" bytes="10420032" />
</allocation-stats>
<gc-op id="4953" type="copy forward" timems="1.241" contextid="4950" timestamp="2019-06-15T00:49:47.074">
  <memory-copied type="eden" objects="1" bytes="24" bytesdiscarded="0" />
  <memory-copied type="other" objects="0" bytes="0" bytesdiscarded="0" />
  <memory-cardclean objects="6" bytes="136" />
  <regions eden="20" other="1" />
  <remembered-set-cleared processed="52641" cleared="5" durationms="0.364" />
  <stringconstants candidates="13319" cleared="0"  />
</gc-op>
<gc-op id="4954" type="classunload" timems="0.004" contextid="4950" timestamp="2019-06-15T00:49:47.074">
  <classunload-info classloadercandidates="53" classloadersunloaded="0" classesunloaded="0" anonymousclassesunloaded="0" quiescems="0.000" setupms="0.004" scanms="0.000" postms="0.000" />
</gc-op>
<gc-end id="4955" type="partial gc" contextid="4950" durationms="2.277" usertimems="4.000" systemtimems="0.000" timestamp="2019-06-15T00:49:47.074" activeThreads="1">
  <mem-info id="4956" free="33554432" total="55574528" percent="60">
    <mem type="eden" free="1048552" total="1048576" percent="99" />
    <remembered-set count="54944" freebytes="1998592" totalbytes="2218368" percent="90" regionsoverflowed="0" regionsstable="0" regionsrebuilding="5"/>
  </mem-info>
</gc-end>
<cycle-end id="4957" type="partial gc" contextid="4950" timestamp="2019-06-15T00:49:47.074" />
  <attribute name="elasticGC enabled" value="1" />
  <attribute name= "numThreadsSpecified" value="1" />
  <attribute name="heapSize specified" value="0" />
  <attribute name="Current GC Util" value="60" />
  <attribute name= "Current Time Running" value="23967" />
  <attribute name ="GC Interval" value="0" />
  <attribute name="ProportionalT" value="20.000000" />
  <attribute name="ProportionalI" value="20.000000" />
  <attribute name="ProportionalH" value="20.000000" />
  <attribute name="Current Error" value="40.000000" />
  <attribute name="IntegralT" value="0.000000" />
  <attribute name="IntegralI" value="0.000000" />
  <attribute name="IntegralH" value="0.000000" />
  <attribute name="DerivativeT" value="inf" />
  <attribute name="DerivativeI" value="inf" />
  <attribute name="DerivativeH" value="inf" />
  <attribute name="Loop Time for DT" value="0.000000" />
  <attribute name="Output H" value="8388608"/>
  <attribute name="Output I" value="200"/>
  <attribute name="Output T" value="1"/>
  <attribute name="Target GC Util Change" value ="20.000000" />
  <attribute name="Current GC Util Change" value="60.000000"/>
  <attribute name="GC Util currently" value="60" />
  <attribute name="CPU Util currently" value="20307566754791" />
<exclusive-end id="4958" timestamp="2019-06-15T00:49:47.074" durationms="3.085" />

<exclusive-start id="4959" timestamp="2019-06-15T00:49:47.078" intervalms="6.375">
  <response-info timems="0.055" idlems="0.055" threads="0" lastid="000000000118C700" lastname="main" />
</exclusive-start>
<allocation-taxation id="4960" taxation-threshold="10485760" timestamp="2019-06-15T00:49:47.078" intervalms="6.463" />
<gc-start id="4961" type="global mark phase" contextid="4757" timestamp="2019-06-15T00:49:47.078">
  <mem-info id="4962" free="23068672" total="55574528" percent="41">
    <remembered-set count="54496" freebytes="2000384" totalbytes="2218368" percent="90" regionsoverflowed="0" regionsstable="0" regionsrebuilding="5"/>
  </mem-info>
</gc-start>
<gc-end id="4963" type="global mark phase" contextid="4757" durationms="0.103" usertimems="0.000" systemtimems="0.000" timestamp="2019-06-15T00:49:47.078" activeThreads="1">
  <mem-info id="4964" free="23068672" total="55574528" percent="41">
    <remembered-set count="54496" freebytes="2000384" totalbytes="2218368" percent="90" regionsoverflowed="0" regionsstable="0" regionsrebuilding="5"/>
  </mem-info>
</gc-end>
<concurrent-start id="4965" type="GMP work packet processing" contextid="4757" timestamp="2019-06-15T00:49:47.078">
  <concurrent-mark-start scanTarget="1048576" />
</concurrent-start>
<exclusive-end id="4966" timestamp="2019-06-15T00:49:47.078" durationms="0.787" />

<concurrent-end id="4967" type="GMP work packet processing" contextid="4757" timestamp="2019-06-15T00:49:47.079">
  <concurrent-mark-end bytesScanned="285684" reasonForTermination="Completed all work in GC phase" />
</concurrent-end>

<exclusive-start id="4968" timestamp="2019-06-15T00:49:47.082" intervalms="4.485">
  <response-info timems="0.028" idlems="0.028" threads="0" lastid="000000000118C700" lastname="main" />
</exclusive-start>
<allocation-taxation id="4969" taxation-threshold="10485760" timestamp="2019-06-15T00:49:47.082" intervalms="4.393" />
<cycle-start id="4970" type="partial gc" contextid="0" timestamp="2019-06-15T00:49:47.082" intervalms="10.815" />
<gc-start id="4971" type="partial gc" contextid="4970" timestamp="2019-06-15T00:49:47.082">
  <mem-info id="4972" free="12582912" total="55574528" percent="22">
    <mem type="eden" free="1048552" total="22020096" percent="4" />
    <remembered-set count="54496" freebytes="2000384" totalbytes="2218368" percent="90" regionsoverflowed="0" regionsstable="0" regionsrebuilding="5"/>
  </mem-info>
</gc-start>
<allocation-stats totalBytes="20840064" >
  <allocated-bytes non-tlh="0" tlh="20840064" arrayletleaf="0"/>
  <largest-consumer threadName="main" threadId="000000000118C700" bytes="10420032" />
</allocation-stats>
<gc-op id="4973" type="copy forward" timems="1.398" contextid="4970" timestamp="2019-06-15T00:49:47.085">
  <memory-copied type="eden" objects="1" bytes="24" bytesdiscarded="0" />
  <memory-copied type="other" objects="0" bytes="0" bytesdiscarded="0" />
  <memory-cardclean objects="6" bytes="136" />
  <regions eden="20" other="1" />
  <remembered-set-cleared processed="52641" cleared="5" durationms="0.364" />
  <stringconstants candidates="13319" cleared="0"  />
</gc-op>
<gc-op id="4974" type="classunload" timems="0.003" contextid="4970" timestamp="2019-06-15T00:49:47.085">
  <classunload-info classloadercandidates="53" classloadersunloaded="0" classesunloaded="0" anonymousclassesunloaded="0" quiescems="0.000" setupms="0.003" scanms="0.000" postms="0.000" />
</gc-op>
<gc-end id="4975" type="partial gc" contextid="4970" durationms="2.467" usertimems="4.000" systemtimems="0.000" timestamp="2019-06-15T00:49:47.085" activeThreads="1">
  <mem-info id="4976" free="33554432" total="55574528" percent="60">
    <mem type="eden" free="1048552" total="1048576" percent="99" />
    <remembered-set count="54944" freebytes="1998592" totalbytes="2218368" percent="90" regionsoverflowed="0" regionsstable="0" regionsrebuilding="5"/>
  </mem-info>
</gc-end>
<cycle-end id="4977" type="partial gc" contextid="4970" timestamp="2019-06-15T00:49:47.085" />
  <attribute name="elasticGC enabled" value="1" />
  <attribute name= "numThreadsSpecified" value="1" />
  <attribute name="heapSize specified" value="0" />
  <attribute name="Current GC Util" value="156" />
  <attribute name= "Current Time Running" value="23978" />
  <attribute name ="GC Interval" value="0" />
  <attribute name="ProportionalT" value="68.000000" />
  <attribute name="ProportionalI" value="68.000000" />
  <attribute name="ProportionalH" value="68.000000" />
  <attribute name="Current Error" value="136.000000" />
  <attribute name="IntegralT" value="0.000000" />
  <attribute name="IntegralI" value="0.000000" />
  <attribute name="IntegralH" value="0.000000" />
  <attribute name="DerivativeT" value="inf" />
  <attribute name="DerivativeI" value="inf" />
  <attribute name="DerivativeH" value="inf" />
  <attribute name="Loop Time for DT" value="0.000000" />
  <attribute name="Output H" value="8388608"/>
  <attribute name="Output I" value="200"/>
  <attribute name="Output T" value="1"/>
  <attribute name="Target GC Util Change" value ="20.000000" />
  <attribute name="Current GC Util Change" value="156.000000"/>
  <attribute name="GC Util currently" value="156" />
  <attribute name="CPU Util currently" value="9167432227296" />
<exclusive-end id="4978" timestamp="2019-06-15T00:49:47.085" durationms="3.154" />

<exclusive-start id="4979" timestamp="2019-06-15T00:49:47.088" intervalms="6.410">
  <response-info timems="0.026" idlems="0.026" threads="0" lastid="000000000118C700" lastname="main" />
</exclusive-start>
<allocation-taxation id="4980" taxation-threshold="10485760" timestamp="2019-06-15T00:49:47.089" intervalms="6.447" />
<gc-start id="4981" type="global mark phase" contextid="4757" timestamp="2019-06-15T00:49:47.089">
  <mem-info id="4982" free="23068672" total="55574528" percent="41">
    <remembered-set count="54496" freebytes="2000384" totalbytes="2218368" percent="90" regionsoverflowed="0" regionsstable="0" regionsrebuilding="5"/>
  </mem-info>
</gc-start>
<gc-op id="4983" type="mark increment" timems="6.129" contextid="4757" timestamp="2019-06-15T00:49:47.095">
  <trace-info objectcount="9" scancount="9" scanbytes="345176" />
  <cardclean-info objects="231320" bytes="6152260" />
  <finalization candidates="80" enqueued="0" />
  <ownableSynchronizers candidates="21" cleared="0" />
  <references type="soft" candidates="2133" cleared="0" enqueued="0" dynamicThreshold="19" maxThreshold="32" />
  <references type="weak" candidates="5682" cleared="0" enqueued="0" />
  <references type="phantom" candidates="101" cleared="0" enqueued="0" />
  <stringconstants candidates="13319" cleared="0"  />
</gc-op>
<gc-op id="4984" type="classunload" timems="0.004" contextid="4757" timestamp="2019-06-15T00:49:47.095">
  <classunload-info classloadercandidates="53" classloadersunloaded="0" classesunloaded="0" anonymousclassesunloaded="0" quiescems="0.000" setupms="0.004" scanms="0.000" postms="0.000" />
</gc-op>
<gc-end id="4985" type="global mark phase" contextid="4757" durationms="6.462" usertimems="16.000" systemtimems="0.000" timestamp="2019-06-15T00:49:47.095" activeThreads="4">
  <mem-info id="4986" free="23068672" total="55574528" percent="41">
    <remembered-set count="56544" freebytes="1992192" totalbytes="2218368" percent="89" regionsoverflowed="0" regionsstable="0" regionsrebuilding="0"/>
  </mem-info>
</gc-end>
<cycle-end id="4987" type="global mark phase" contextid="4757" timestamp="2019-06-15T00:49:47.095" />
  <attribute name="elasticGC enabled" value="1" />
  <attribute name= "numThreadsSpecified" value="4" />
  <attribute name="heapSize specified" value="0" />
  <attribute name="Current GC Util" value="115" />
  <attribute name= "Current Time Running" value="23989" />
  <attribute name ="GC Interval" value="0" />
  <attribute name="ProportionalT" value="47.500000" />
  <attribute name="ProportionalI" value="47.500000" />
  <attribute name="ProportionalH" value="47.500000" />
  <attribute name="Current Error" value="95.000000" />
  <attribute name="IntegralT" value="0.000000" />
  <attribute name="IntegralI" value="0.000000" />
  <attribute name="IntegralH" value="0.000000" />
  <attribute name="DerivativeT" value="-inf" />
  <attribute name="DerivativeI" value="-inf" />
  <attribute name="DerivativeH" value="-inf" />
  <attribute name="Loop Time for DT" value="0.000000" />
  <attribute name="Output H" value="2091843584"/>
  <attribute name="Output I" value="200"/>
  <attribute name="Output T" value="4"/>
  <attribute name="Target GC Util Change" value ="20.000000" />
  <attribute name="Current GC Util Change" value="115.000000"/>
  <attribute name="GC Util currently" value="115" />
  <attribute name="CPU Util currently" value="13836815122471" />
<exclusive-end id="4988" timestamp="2019-06-15T00:49:47.096" durationms="7.041" />

<exclusive-start id="4989" timestamp="2019-06-15T00:49:47.099" intervalms="10.317">
  <response-info timems="0.068" idlems="0.068" threads="0" lastid="000000000118C700" lastname="main" />
</exclusive-start>
<allocation-taxation id="4990" taxation-threshold="10485760" timestamp="2019-06-15T00:49:47.099" intervalms="10.319" />
<cycle-start id="4991" type="partial gc" contextid="0" timestamp="2019-06-15T00:49:47.099" intervalms="16.770" />
<gc-start id="4992" type="partial gc" contextid="4991" timestamp="2019-06-15T00:49:47.099">
  <mem-info id="4993" free="12582912" total="55574528" percent="22">
    <mem type="eden" free="1048552" total="22020096" percent="4" />
    <remembered-set count="45408" freebytes="2036736" totalbytes="2218368" percent="91" regionsoverflowed="0" regionsstable="5" regionsrebuilding="0"/>
  </mem-info>
</gc-start>
<allocation-stats totalBytes="20840064" >
  <allocated-bytes non-tlh="0" tlh="20840064" arrayletleaf="0"/>
  <largest-consumer threadName="main" threadId="000000000118C700" bytes="10420032" />
</allocation-stats>
<gc-op id="4994" type="sweep" timems="0.786" contextid="4991" timestamp="2019-06-15T00:49:47.100" />
<gc-op id="4995" type="copy forward" timems="1.655" contextid="4991" timestamp="2019-06-15T00:49:47.103">
  <memory-copied type="eden" objects="1" bytes="24" bytesdiscarded="0" />
  <memory-copied type="other" objects="0" bytes="0" bytesdiscarded="0" />
  <memory-cardclean objects="5" bytes="112" />
  <regions eden="10" other="1" />
  <remembered-set-cleared processed="43621" cleared="5" durationms="0.255" />
  <stringconstants candidates="13319" cleared="0"  />
</gc-op>
<gc-op id="4996" type="classunload" timems="0.003" contextid="4991" timestamp="2019-06-15T00:49:47.103">
  <classunload-info classloadercandidates="53" classloadersunloaded="0" classesunloaded="0" anonymousclassesunloaded="0" quiescems="0.000" setupms="0.003" scanms="0.000" postms="0.000" />
</gc-op>
<gc-end id="4997" type="partial gc" contextid="4991" durationms="3.811" usertimems="8.000" systemtimems="0.000" timestamp="2019-06-15T00:49:47.103" activeThreads="4">
  <mem-info id="4998" free="33554432" total="55574528" percent="60">
    <mem type="eden" free="1048552" total="1048576" percent="99" />
    <remembered-set count="44896" freebytes="2038784" totalbytes="2218368" percent="91" regionsoverflowed="0" regionsstable="5" regionsrebuilding="0"/>
  </mem-info>
</gc-end>
<cycle-end id="4999" type="partial gc" contextid="4991" timestamp="2019-06-15T00:49:47.103" />
  <attribute name="elasticGC enabled" value="1" />
  <attribute name= "numThreadsSpecified" value="4" />
  <attribute name="heapSize specified" value="0" />
  <attribute name="Current GC Util" value="162" />
  <attribute name= "Current Time Running" value="23996" />
  <attribute name ="GC Interval" value="0" />
  <attribute name="ProportionalT" value="71.000000" />
  <attribute name="ProportionalI" value="71.000000" />
  <attribute name="ProportionalH" value="71.000000" />
  <attribute name="Current Error" value="142.000000" />
  <attribute name="IntegralT" value="142.000000" />
  <attribute name="IntegralI" value="142.000000" />
  <attribute name="IntegralH" value="142.000000" />
  <attribute name="DerivativeT" value="27.500000" />
  <attribute name="DerivativeI" value="27.500000" />
  <attribute name="DerivativeH" value="27.500000" />
  <attribute name="Loop Time for DT" value="1.000000" />
  <attribute name="Output H" value="8388608"/>
  <attribute name="Output I" value="240"/>
  <attribute name="Output T" value="4"/>
  <attribute name="Target GC Util Change" value ="20.000000" />
  <attribute name="Current GC Util Change" value="162.000000"/>
  <attribute name="GC Util currently" value="162" />
  <attribute name="CPU Util currently" value="9820978435541" />
<exclusive-end id="5000" timestamp="2019-06-15T00:49:47.103" durationms="4.603" />

<exclusive-start id="5001" timestamp="2019-06-15T00:49:47.110" intervalms="10.976">
  <response-info timems="0.066" idlems="0.066" threads="0" lastid="000000000118C700" lastname="main" />
</exclusive-start>
<allocation-taxation id="5002" taxation-threshold="20971520" timestamp="2019-06-15T00:49:47.110" intervalms="10.983" />
<cycle-start id="5003" type="partial gc" contextid="0" timestamp="2019-06-15T00:49:47.110" intervalms="11.061" />
<gc-start id="5004" type="partial gc" contextid="5003" timestamp="2019-06-15T00:49:47.110">
  <mem-info id="5005" free="12582912" total="55574528" percent="22">
    <mem type="eden" free="1048552" total="22020096" percent="4" />
    <remembered-set count="44448" freebytes="2040576" totalbytes="2218368" percent="91" regionsoverflowed="0" regionsstable="5" regionsrebuilding="0"/>
  </mem-info>
</gc-start>
<allocation-stats totalBytes="20840064" >
  <allocated-bytes non-tlh="0" tlh="20840064" arrayletleaf="0"/>
  <largest-consumer threadName="main" threadId="000000000118C700" bytes="20840064" />
</allocation-stats>
<gc-op id="5006" type="copy forward" timems="3.859" contextid="5003" timestamp="2019-06-15T00:49:47.115">
  <memory-copied type="eden" objects="1" bytes="24" bytesdiscarded="0" />
  <memory-copied type="other" objects="31129" bytes="926432" bytesdiscarded="0" />
  <memory-cardclean objects="1938" bytes="72024" />
  <regions eden="20" other="4" />
  <remembered-set-cleared processed="43447" cleared="1697" durationms="0.337" />
  <references type="soft" candidates="10" cleared="0" enqueued="0" dynamicThreshold="19" maxThreshold="32" />
  <references type="weak" candidates="171" cleared="0" enqueued="0" />
  <stringconstants candidates="13319" cleared="0"  />
</gc-op>
<gc-op id="5007" type="classunload" timems="0.003" contextid="5003" timestamp="2019-06-15T00:49:47.115">
  <classunload-info classloadercandidates="53" classloadersunloaded="0" classesunloaded="0" anonymousclassesunloaded="0" quiescems="0.000" setupms="0.003" scanms="0.000" postms="0.000" />
</gc-op>
<heap-resize id="5008" type="contract" space="default" amount="1048576" count="1" timems="0.048" reason="excess free space following gc" timestamp="2019-06-15T00:49:47.115" />
<gc-end id="5009" type="partial gc" contextid="5003" durationms="5.241" usertimems="4.000" systemtimems="0.000" timestamp="2019-06-15T00:49:47.116" activeThreads="1">
  <mem-info id="5010" free="33554432" total="54525952" percent="61">
    <mem type="eden" free="1048552" total="1048576" percent="99" />
    <remembered-set count="44576" freebytes="2040064" totalbytes="2218368" percent="91" regionsoverflowed="0" regionsstable="5" regionsrebuilding="0"/>
  </mem-info>
</gc-end>
<cycle-end id="5011" type="partial gc" contextid="5003" timestamp="2019-06-15T00:49:47.116" />
  <attribute name="elasticGC enabled" value="1" />
  <attribute name= "numThreadsSpecified" value="1" />
  <attribute name="heapSize specified" value="0" />
  <attribute name="Current GC Util" value="159" />
  <attribute name= "Current Time Running" value="24006" />
  <attribute name ="GC Interval" value="0" />
  <attribute name="ProportionalT" value="69.500000" />
  <attribute name="ProportionalI" value="69.500000" />
  <attribute name="ProportionalH" value="69.500000" />
  <attribute name="Current Error" value="139.000000" />
  <attribute name="IntegralT" value="0.000000" />
  <attribute name="IntegralI" value="0.000000" />
  <attribute name="IntegralH" value="0.000000" />
  <attribute name="DerivativeT" value="inf" />
  <attribute name="DerivativeI" value="inf" />
  <attribute name="DerivativeH" value="inf" />
  <attribute name="Loop Time for DT" value="0.000000" />
  <attribute name="Output H" value="8388608"/>
  <attribute name="Output I" value="200"/>
  <attribute name="Output T" value="1"/>
  <attribute name="Target GC Util Change" value ="20.000000" />
  <attribute name="Current GC Util Change" value="159.000000"/>
  <attribute name="GC Util currently" value="159" />
  <attribute name="CPU Util currently" value="9724863667053" />
<exclusive-end id="5012" timestamp="2019-06-15T00:49:47.116" durationms="6.106" />

<exclusive-start id="5013" timestamp="2019-06-15T00:49:47.122" intervalms="12.043">
  <response-info timems="0.071" idlems="0.071" threads="0" lastid="000000000118C700" lastname="main" />
</exclusive-start>
<allocation-taxation id="5014" taxation-threshold="19922944" timestamp="2019-06-15T00:49:47.122" intervalms="12.095" />
<cycle-start id="5015" type="partial gc" contextid="0" timestamp="2019-06-15T00:49:47.122" intervalms="12.056" />
<gc-start id="5016" type="partial gc" contextid="5015" timestamp="2019-06-15T00:49:47.122">
  <mem-info id="5017" free="13631488" total="54525952" percent="25">
    <mem type="eden" free="1048552" total="20971520" percent="4" />
    <remembered-set count="44480" freebytes="2040448" totalbytes="2218368" percent="91" regionsoverflowed="0" regionsstable="5" regionsrebuilding="0"/>
  </mem-info>
</gc-start>
<allocation-stats totalBytes="19798056" >
  <allocated-bytes non-tlh="0" tlh="19798056" arrayletleaf="0"/>
  <largest-consumer threadName="main" threadId="000000000118C700" bytes="19798056" />
</allocation-stats>
<gc-op id="5018" type="copy forward" timems="1.272" contextid="5015" timestamp="2019-06-15T00:49:47.125">
  <memory-copied type="eden" objects="1" bytes="24" bytesdiscarded="0" />
  <memory-copied type="other" objects="0" bytes="0" bytesdiscarded="0" />
  <memory-cardclean objects="962" bytes="32952" />
  <regions eden="19" other="1" />
  <remembered-set-cleared processed="43581" cleared="81" durationms="0.321" />
  <stringconstants candidates="13319" cleared="0"  />
</gc-op>
<gc-op id="5019" type="classunload" timems="0.003" contextid="5015" timestamp="2019-06-15T00:49:47.125">
  <classunload-info classloadercandidates="53" classloadersunloaded="0" classesunloaded="0" anonymousclassesunloaded="0" quiescems="0.000" setupms="0.003" scanms="0.000" postms="0.000" />
</gc-op>
<gc-end id="5020" type="partial gc" contextid="5015" durationms="2.596" usertimems="0.000" systemtimems="0.000" timestamp="2019-06-15T00:49:47.125" activeThreads="1">
  <mem-info id="5021" free="33554432" total="54525952" percent="61">
    <mem type="eden" free="1048552" total="1048576" percent="99" />
    <remembered-set count="44704" freebytes="1997696" totalbytes="2176512" percent="91" regionsoverflowed="0" regionsstable="5" regionsrebuilding="0"/>
  </mem-info>
</gc-end>
<cycle-end id="5022" type="partial gc" contextid="5015" timestamp="2019-06-15T00:49:47.125" />
  <attribute name="elasticGC enabled" value="1" />
  <attribute name= "numThreadsSpecified" value="1" />
  <attribute name="heapSize specified" value="0" />
  <attribute name="Current GC Util" value="236" />
  <attribute name= "Current Time Running" value="24018" />
  <attribute name ="GC Interval" value="0" />
  <attribute name="ProportionalT" value="108.000000" />
  <attribute name="ProportionalI" value="108.000000" />
  <attribute name="ProportionalH" value="108.000000" />
  <attribute name="Current Error" value="216.000000" />
  <attribute name="IntegralT" value="0.000000" />
  <attribute name="IntegralI" value="0.000000" />
  <attribute name="IntegralH" value="0.000000" />
  <attribute name="DerivativeT" value="inf" />
  <attribute name="DerivativeI" value="inf" />
  <attribute name="DerivativeH" value="inf" />
  <attribute name="Loop Time for DT" value="0.000000" />
  <attribute name="Output H" value="8388608"/>
  <attribute name="Output I" value="200"/>
  <attribute name="Output T" value="1"/>
  <attribute name="Target GC Util Change" value ="20.000000" />
  <attribute name="Current GC Util Change" value="236.000000"/>
  <attribute name="GC Util currently" value="236" />
  <attribute name="CPU Util currently" value="7598632331956" />
<exclusive-end id="5023" timestamp="2019-06-15T00:49:47.125" durationms="3.430" />

<exclusive-start id="5024" timestamp="2019-06-15T00:49:47.128" intervalms="6.443">
  <response-info timems="0.070" idlems="0.070" threads="0" lastid="000000000118C700" lastname="main" />
</exclusive-start>
<allocation-taxation id="5025" taxation-threshold="9437184" timestamp="2019-06-15T00:49:47.128" intervalms="6.385" />
<cycle-start id="5026" type="global mark phase" contextid="0" timestamp="2019-06-15T00:49:47.129" intervalms="175.106" />
<gc-start id="5027" type="global mark phase" contextid="5026" timestamp="2019-06-15T00:49:47.129">
  <mem-info id="5028" free="24117248" total="54525952" percent="44">
    <remembered-set count="44352" freebytes="1999104" totalbytes="2176512" percent="91" regionsoverflowed="0" regionsstable="5" regionsrebuilding="0"/>
  </mem-info>
</gc-start>
<gc-op id="5029" type="mark increment" timems="0.901" contextid="5026" timestamp="2019-06-15T00:49:47.130">
  <trace-info objectcount="176" scancount="0" scanbytes="0" />
</gc-op>
<gc-end id="5030" type="global mark phase" contextid="5026" durationms="1.131" usertimems="4.000" systemtimems="0.000" timestamp="2019-06-15T00:49:47.130" activeThreads="1">
  <mem-info id="5031" free="24117248" total="54525952" percent="44">
    <remembered-set count="44352" freebytes="1999104" totalbytes="2176512" percent="91" regionsoverflowed="0" regionsstable="0" regionsrebuilding="5"/>
  </mem-info>
</gc-end>
<concurrent-start id="5032" type="GMP work packet processing" contextid="5026" timestamp="2019-06-15T00:49:47.130">
  <concurrent-mark-start scanTarget="1048576" />
</concurrent-start>
<exclusive-end id="5033" timestamp="2019-06-15T00:49:47.130" durationms="1.804" />

<concurrent-end id="5034" type="GMP work packet processing" contextid="5026" timestamp="2019-06-15T00:49:47.132">
  <concurrent-mark-end bytesScanned="1191596" reasonForTermination="Work target met" />
</concurrent-end>

<exclusive-start id="5035" timestamp="2019-06-15T00:49:47.135" intervalms="6.741">
  <response-info timems="0.027" idlems="0.027" threads="0" lastid="000000000118C700" lastname="main" />
</exclusive-start>
<allocation-taxation id="5036" taxation-threshold="9437184" timestamp="2019-06-15T00:49:47.135" intervalms="6.746" />
<cycle-start id="5037" type="partial gc" contextid="0" timestamp="2019-06-15T00:49:47.135" intervalms="13.129" />
<gc-start id="5038" type="partial gc" contextid="5037" timestamp="2019-06-15T00:49:47.135">
  <mem-info id="5039" free="14680064" total="54525952" percent="26">
    <mem type="eden" free="1048552" total="19922944" percent="5" />
    <remembered-set count="45888" freebytes="1992960" totalbytes="2176512" percent="91" regionsoverflowed="0" regionsstable="0" regionsrebuilding="5"/>
  </mem-info>
</gc-start>
<allocation-stats totalBytes="18756072" >
  <allocated-bytes non-tlh="0" tlh="18756072" arrayletleaf="0"/>
  <largest-consumer threadName="main" threadId="000000000118C700" bytes="9378048" />
</allocation-stats>
<gc-op id="5040" type="copy forward" timems="1.466" contextid="5037" timestamp="2019-06-15T00:49:47.138">
  <memory-copied type="eden" objects="1" bytes="24" bytesdiscarded="0" />
  <memory-copied type="other" objects="0" bytes="0" bytesdiscarded="0" />
  <memory-cardclean objects="5" bytes="112" />
  <regions eden="18" other="1" />
  <remembered-set-cleared processed="43668" cleared="4" durationms="0.301" />
  <stringconstants candidates="13319" cleared="0"  />
</gc-op>
<gc-op id="5041" type="classunload" timems="0.004" contextid="5037" timestamp="2019-06-15T00:49:47.138">
  <classunload-info classloadercandidates="53" classloadersunloaded="0" classesunloaded="0" anonymousclassesunloaded="0" quiescems="0.000" setupms="0.004" scanms="0.000" postms="0.000" />
</gc-op>
<gc-end id="5042" type="partial gc" contextid="5037" durationms="2.710" usertimems="4.000" systemtimems="0.000" timestamp="2019-06-15T00:49:47.138" activeThreads="1">
  <mem-info id="5043" free="33554432" total="54525952" percent="61">
    <mem type="eden" free="1048552" total="1048576" percent="99" />
    <remembered-set count="46368" freebytes="1991040" totalbytes="2176512" percent="91" regionsoverflowed="0" regionsstable="0" regionsrebuilding="5"/>
  </mem-info>
</gc-end>
<cycle-end id="5044" type="partial gc" contextid="5037" timestamp="2019-06-15T00:49:47.138" />
  <attribute name="elasticGC enabled" value="1" />
  <attribute name= "numThreadsSpecified" value="1" />
  <attribute name="heapSize specified" value="0" />
  <attribute name="Current GC Util" value="158" />
  <attribute name= "Current Time Running" value="24031" />
  <attribute name ="GC Interval" value="0" />
  <attribute name="ProportionalT" value="69.000000" />
  <attribute name="ProportionalI" value="69.000000" />
  <attribute name="ProportionalH" value="69.000000" />
  <attribute name="Current Error" value="138.000000" />
  <attribute name="IntegralT" value="0.000000" />
  <attribute name="IntegralI" value="0.000000" />
  <attribute name="IntegralH" value="0.000000" />
  <attribute name="DerivativeT" value="inf" />
  <attribute name="DerivativeI" value="inf" />
  <attribute name="DerivativeH" value="inf" />
  <attribute name="Loop Time for DT" value="0.000000" />
  <attribute name="Output H" value="8388608"/>
  <attribute name="Output I" value="200"/>
  <attribute name="Output T" value="1"/>
  <attribute name="Target GC Util Change" value ="20.000000" />
  <attribute name="Current GC Util Change" value="158.000000"/>
  <attribute name="GC Util currently" value="158" />
  <attribute name="CPU Util currently" value="9590894992759" />
<exclusive-end id="5045" timestamp="2019-06-15T00:49:47.139" durationms="3.563" />

<exclusive-start id="5046" timestamp="2019-06-15T00:49:47.142" intervalms="6.538">
  <response-info timems="0.068" idlems="0.068" threads="0" lastid="000000000118C700" lastname="main" />
</exclusive-start>
<allocation-taxation id="5047" taxation-threshold="9437184" timestamp="2019-06-15T00:49:47.142" intervalms="6.579" />
<gc-start id="5048" type="global mark phase" contextid="5026" timestamp="2019-06-15T00:49:47.142">
  <mem-info id="5049" free="24117248" total="54525952" percent="44">
    <remembered-set count="45888" freebytes="1992960" totalbytes="2176512" percent="91" regionsoverflowed="0" regionsstable="0" regionsrebuilding="5"/>
  </mem-info>
</gc-start>
<gc-end id="5050" type="global mark phase" contextid="5026" durationms="0.139" usertimems="0.000" systemtimems="0.000" timestamp="2019-06-15T00:49:47.142" activeThreads="1">
  <mem-info id="5051" free="24117248" total="54525952" percent="44">
    <remembered-set count="45888" freebytes="1992960" totalbytes="2176512" percent="91" regionsoverflowed="0" regionsstable="0" regionsrebuilding="5"/>
  </mem-info>
</gc-end>
<concurrent-start id="5052" type="GMP work packet processing" contextid="5026" timestamp="2019-06-15T00:49:47.142">
  <concurrent-mark-start scanTarget="1048576" />
</concurrent-start>
<exclusive-end id="5053" timestamp="2019-06-15T00:49:47.142" durationms="0.818" />

<exclusive-start id="5054" timestamp="2019-06-15T00:49:47.146" intervalms="4.857">
  <response-info timems="0.025" idlems="0.025" threads="0" lastid="000000000118C700" lastname="main" />
</exclusive-start>
<concurrent-end id="5055" type="GMP work packet processing" contextid="5026" timestamp="2019-06-15T00:49:47.146">
  <concurrent-mark-end bytesScanned="1124696" reasonForTermination="Work target met" />
</concurrent-end>

<allocation-taxation id="5056" taxation-threshold="9437184" timestamp="2019-06-15T00:49:47.146" intervalms="4.771" />
<cycle-start id="5057" type="partial gc" contextid="0" timestamp="2019-06-15T00:49:47.147" intervalms="11.406" />
<gc-start id="5058" type="partial gc" contextid="5057" timestamp="2019-06-15T00:49:47.147">
  <mem-info id="5059" free="14680064" total="54525952" percent="26">
    <mem type="eden" free="1048552" total="19922944" percent="5" />
    <remembered-set count="47424" freebytes="1986816" totalbytes="2176512" percent="91" regionsoverflowed="0" regionsstable="0" regionsrebuilding="5"/>
  </mem-info>
</gc-start>
<allocation-stats totalBytes="18756048" >
  <allocated-bytes non-tlh="0" tlh="18756048" arrayletleaf="0"/>
  <largest-consumer threadName="main" threadId="000000000118C700" bytes="9378024" />
</allocation-stats>
<gc-op id="5060" type="copy forward" timems="4.023" contextid="5057" timestamp="2019-06-15T00:49:47.152">
  <memory-copied type="eden" objects="1" bytes="24" bytesdiscarded="0" />
  <memory-copied type="other" objects="0" bytes="0" bytesdiscarded="0" />
  <memory-cardclean objects="5" bytes="112" />
  <regions eden="18" other="1" />
  <remembered-set-cleared processed="45595" cleared="4" durationms="0.415" />
  <stringconstants candidates="13319" cleared="0"  />
</gc-op>
<gc-op id="5061" type="classunload" timems="0.003" contextid="5057" timestamp="2019-06-15T00:49:47.152">
  <classunload-info classloadercandidates="53" classloadersunloaded="0" classesunloaded="0" anonymousclassesunloaded="0" quiescems="0.000" setupms="0.003" scanms="0.000" postms="0.000" />
</gc-op>
<gc-end id="5062" type="partial gc" contextid="5057" durationms="5.224" usertimems="8.000" systemtimems="0.000" timestamp="2019-06-15T00:49:47.152" activeThreads="4">
  <mem-info id="5063" free="33554432" total="54525952" percent="61">
    <mem type="eden" free="1048552" total="1048576" percent="99" />
    <remembered-set count="47040" freebytes="1988352" totalbytes="2176512" percent="91" regionsoverflowed="0" regionsstable="0" regionsrebuilding="5"/>
  </mem-info>
</gc-end>
<cycle-end id="5064" type="partial gc" contextid="5057" timestamp="2019-06-15T00:49:47.152" />
  <attribute name="elasticGC enabled" value="1" />
  <attribute name= "numThreadsSpecified" value="4" />
  <attribute name="heapSize specified" value="0" />
  <attribute name="Current GC Util" value="158" />
  <attribute name= "Current Time Running" value="24043" />
  <attribute name ="GC Interval" value="0" />
  <attribute name="ProportionalT" value="69.000000" />
  <attribute name="ProportionalI" value="69.000000" />
  <attribute name="ProportionalH" value="69.000000" />
  <attribute name="Current Error" value="138.000000" />
  <attribute name="IntegralT" value="138.000000" />
  <attribute name="IntegralI" value="138.000000" />
  <attribute name="IntegralH" value="138.000000" />
  <attribute name="DerivativeT" value="31.500000" />
  <attribute name="DerivativeI" value="31.500000" />
  <attribute name="DerivativeH" value="31.500000" />
  <attribute name="Loop Time for DT" value="1.000000" />
  <attribute name="Output H" value="8388608"/>
  <attribute name="Output I" value="240"/>
  <attribute name="Output T" value="4"/>
  <attribute name="Target GC Util Change" value ="20.000000" />
  <attribute name="Current GC Util Change" value="158.000000"/>
  <attribute name="GC Util currently" value="158" />
  <attribute name="CPU Util currently" value="9838074464984" />
<exclusive-end id="5065" timestamp="2019-06-15T00:49:47.153" durationms="6.113" />

<exclusive-start id="5066" timestamp="2019-06-15T00:49:47.156" intervalms="9.107">
  <response-info timems="0.060" idlems="0.060" threads="0" lastid="000000000118C700" lastname="main" />
</exclusive-start>
<allocation-taxation id="5067" taxation-threshold="9437184" timestamp="2019-06-15T00:49:47.156" intervalms="9.147" />
<gc-start id="5068" type="global mark phase" contextid="5026" timestamp="2019-06-15T00:49:47.156">
  <mem-info id="5069" free="24117248" total="54525952" percent="44">
    <remembered-set count="47040" freebytes="1988352" totalbytes="2176512" percent="91" regionsoverflowed="0" regionsstable="0" regionsrebuilding="5"/>
  </mem-info>
</gc-start>
<gc-end id="5070" type="global mark phase" contextid="5026" durationms="0.117" usertimems="0.000" systemtimems="0.000" timestamp="2019-06-15T00:49:47.156" activeThreads="4">
  <mem-info id="5071" free="24117248" total="54525952" percent="44">
    <remembered-set count="47040" freebytes="1988352" totalbytes="2176512" percent="91" regionsoverflowed="0" regionsstable="0" regionsrebuilding="5"/>
  </mem-info>
</gc-end>
<concurrent-start id="5072" type="GMP work packet processing" contextid="5026" timestamp="2019-06-15T00:49:47.156">
  <concurrent-mark-start scanTarget="1473903" />
</concurrent-start>
<exclusive-end id="5073" timestamp="2019-06-15T00:49:47.156" durationms="0.835" />

<concurrent-end id="5074" type="GMP work packet processing" contextid="5026" timestamp="2019-06-15T00:49:47.160">
  <concurrent-mark-end bytesScanned="1537988" reasonForTermination="Work target met" />
</concurrent-end>

<exclusive-start id="5075" timestamp="2019-06-15T00:49:47.167" intervalms="11.541">
  <response-info timems="0.070" idlems="0.070" threads="0" lastid="000000000118C700" lastname="main" />
</exclusive-start>
<allocation-taxation id="5076" taxation-threshold="9437184" timestamp="2019-06-15T00:49:47.167" intervalms="11.494" />
<cycle-start id="5077" type="partial gc" contextid="0" timestamp="2019-06-15T00:49:47.167" intervalms="20.547" />
<gc-start id="5078" type="partial gc" contextid="5077" timestamp="2019-06-15T00:49:47.167">
  <mem-info id="5079" free="14680064" total="54525952" percent="26">
    <mem type="eden" free="1048552" total="19922944" percent="5" />
    <remembered-set count="49088" freebytes="1980160" totalbytes="2176512" percent="90" regionsoverflowed="0" regionsstable="0" regionsrebuilding="5"/>
  </mem-info>
</gc-start>
<allocation-stats totalBytes="18813360" >
  <allocated-bytes non-tlh="0" tlh="18813360" arrayletleaf="0"/>
  <largest-consumer threadName="main" threadId="000000000118C700" bytes="9435336" />
</allocation-stats>
<gc-op id="5080" type="copy forward" timems="1.676" contextid="5077" timestamp="2019-06-15T00:49:47.170">
  <memory-copied type="eden" objects="153" bytes="5064" bytesdiscarded="0" />
  <memory-copied type="other" objects="0" bytes="0" bytesdiscarded="0" />
  <memory-cardclean objects="65" bytes="2216" />
  <regions eden="18" other="1" />
  <remembered-set-cleared processed="47158" cleared="35" durationms="0.321" />
  <stringconstants candidates="13319" cleared="0"  />
</gc-op>
<gc-op id="5081" type="classunload" timems="0.003" contextid="5077" timestamp="2019-06-15T00:49:47.170">
  <classunload-info classloadercandidates="53" classloadersunloaded="0" classesunloaded="0" anonymousclassesunloaded="0" quiescems="0.000" setupms="0.003" scanms="0.000" postms="0.000" />
</gc-op>
<gc-end id="5082" type="partial gc" contextid="5077" durationms="2.950" usertimems="4.000" systemtimems="0.000" timestamp="2019-06-15T00:49:47.170" activeThreads="1">
  <mem-info id="5083" free="33554432" total="54525952" percent="61">
    <mem type="eden" free="1043512" total="1048576" percent="99" />
    <remembered-set count="49472" freebytes="1978624" totalbytes="2176512" percent="90" regionsoverflowed="0" regionsstable="0" regionsrebuilding="5"/>
  </mem-info>
</gc-end>
<cycle-end id="5084" type="partial gc" contextid="5077" timestamp="2019-06-15T00:49:47.171" />
  <attribute name="elasticGC enabled" value="1" />
  <attribute name= "numThreadsSpecified" value="1" />
  <attribute name="heapSize specified" value="0" />
  <attribute name="Current GC Util" value="125" />
  <attribute name= "Current Time Running" value="24063" />
  <attribute name ="GC Interval" value="0" />
  <attribute name="ProportionalT" value="52.500000" />
  <attribute name="ProportionalI" value="52.500000" />
  <attribute name="ProportionalH" value="52.500000" />
  <attribute name="Current Error" value="105.000000" />
  <attribute name="IntegralT" value="0.000000" />
  <attribute name="IntegralI" value="0.000000" />
  <attribute name="IntegralH" value="0.000000" />
  <attribute name="DerivativeT" value="inf" />
  <attribute name="DerivativeI" value="inf" />
  <attribute name="DerivativeH" value="inf" />
  <attribute name="Loop Time for DT" value="0.000000" />
  <attribute name="Output H" value="8388608"/>
  <attribute name="Output I" value="200"/>
  <attribute name="Output T" value="1"/>
  <attribute name="Target GC Util Change" value ="20.000000" />
  <attribute name="Current GC Util Change" value="125.000000"/>
  <attribute name="GC Util currently" value="125" />
  <attribute name="CPU Util currently" value="7519437320885" />
<exclusive-end id="5085" timestamp="2019-06-15T00:49:47.171" durationms="3.735" />

<exclusive-start id="5086" timestamp="2019-06-15T00:49:47.188" intervalms="21.295">
  <response-info timems="0.066" idlems="0.066" threads="0" lastid="000000000118C700" lastname="main" />
</exclusive-start>
<allocation-taxation id="5087" taxation-threshold="9437184" timestamp="2019-06-15T00:49:47.188" intervalms="21.351" />
<gc-start id="5088" type="global mark phase" contextid="5026" timestamp="2019-06-15T00:49:47.189">
  <mem-info id="5089" free="24117248" total="54525952" percent="44">
    <remembered-set count="49184" freebytes="1979776" totalbytes="2176512" percent="90" regionsoverflowed="0" regionsstable="0" regionsrebuilding="5"/>
  </mem-info>
</gc-start>
<gc-end id="5090" type="global mark phase" contextid="5026" durationms="0.168" usertimems="0.000" systemtimems="0.000" timestamp="2019-06-15T00:49:47.189" activeThreads="1">
  <mem-info id="5091" free="24117248" total="54525952" percent="44">
    <remembered-set count="49184" freebytes="1979776" totalbytes="2176512" percent="90" regionsoverflowed="0" regionsstable="0" regionsrebuilding="5"/>
  </mem-info>
</gc-end>
<concurrent-start id="5092" type="GMP work packet processing" contextid="5026" timestamp="2019-06-15T00:49:47.189">
  <concurrent-mark-start scanTarget="1048576" />
</concurrent-start>
<exclusive-end id="5093" timestamp="2019-06-15T00:49:47.189" durationms="0.770" />

<concurrent-end id="5094" type="GMP work packet processing" contextid="5026" timestamp="2019-06-15T00:49:47.191">
  <concurrent-mark-end bytesScanned="1070232" reasonForTermination="Work target met" />
</concurrent-end>

<exclusive-start id="5095" timestamp="2019-06-15T00:49:47.207" intervalms="18.240">
  <response-info timems="0.060" idlems="0.060" threads="0" lastid="000000000118C700" lastname="main" />
</exclusive-start>
<allocation-taxation id="5096" taxation-threshold="9437184" timestamp="2019-06-15T00:49:47.207" intervalms="18.187" />
<cycle-start id="5097" type="partial gc" contextid="0" timestamp="2019-06-15T00:49:47.207" intervalms="39.539" />
<gc-start id="5098" type="partial gc" contextid="5097" timestamp="2019-06-15T00:49:47.207">
  <mem-info id="5099" free="14680064" total="54525952" percent="26">
    <mem type="eden" free="0" total="18874368" percent="0" />
    <remembered-set count="49184" freebytes="1979776" totalbytes="2176512" percent="90" regionsoverflowed="0" regionsstable="0" regionsrebuilding="5"/>
  </mem-info>
</gc-start>
<allocation-stats totalBytes="18871608" >
  <allocated-bytes non-tlh="0" tlh="18871608" arrayletleaf="0"/>
  <largest-consumer threadName="main" threadId="000000000118C700" bytes="9435856" />
</allocation-stats>
<gc-op id="5100" type="copy forward" timems="6.555" contextid="5097" timestamp="2019-06-15T00:49:47.214">
  <memory-copied type="eden" objects="105" bytes="3424" bytesdiscarded="0" />
  <memory-copied type="other" objects="50" bytes="1688" bytesdiscarded="624" />
  <memory-cardclean objects="56" bytes="2064" />
  <regions eden="18" other="1" />
  <remembered-set-cleared processed="47220" cleared="82" durationms="0.327" />
  <stringconstants candidates="13319" cleared="0"  />
</gc-op>
<gc-op id="5101" type="classunload" timems="0.004" contextid="5097" timestamp="2019-06-15T00:49:47.215">
  <classunload-info classloadercandidates="53" classloadersunloaded="0" classesunloaded="0" anonymousclassesunloaded="0" quiescems="0.000" setupms="0.004" scanms="0.000" postms="0.000" />
</gc-op>
<gc-end id="5102" type="partial gc" contextid="5097" durationms="7.824" usertimems="12.000" systemtimems="0.000" timestamp="2019-06-15T00:49:47.215" activeThreads="4">
  <mem-info id="5103" free="32505856" total="54525952" percent="59">
    <mem type="eden" free="1045152" total="1048576" percent="99" />
    <remembered-set count="49536" freebytes="1978368" totalbytes="2176512" percent="90" regionsoverflowed="0" regionsstable="0" regionsrebuilding="5"/>
  </mem-info>
</gc-end>
<cycle-end id="5104" type="partial gc" contextid="5097" timestamp="2019-06-15T00:49:47.215" />
  <attribute name="elasticGC enabled" value="1" />
  <attribute name= "numThreadsSpecified" value="4" />
  <attribute name="heapSize specified" value="0" />
  <attribute name="Current GC Util" value="128" />
  <attribute name= "Current Time Running" value="24103" />
  <attribute name ="GC Interval" value="0" />
  <attribute name="ProportionalT" value="54.000000" />
  <attribute name="ProportionalI" value="54.000000" />
  <attribute name="ProportionalH" value="54.000000" />
  <attribute name="Current Error" value="108.000000" />
  <attribute name="IntegralT" value="108.000000" />
  <attribute name="IntegralI" value="108.000000" />
  <attribute name="IntegralH" value="108.000000" />
  <attribute name="DerivativeT" value="51.500000" />
  <attribute name="DerivativeI" value="51.500000" />
  <attribute name="DerivativeH" value="51.500000" />
  <attribute name="Loop Time for DT" value="1.000000" />
  <attribute name="Output H" value="8388608"/>
  <attribute name="Output I" value="216"/>
  <attribute name="Output T" value="4"/>
  <attribute name="Target GC Util Change" value ="20.000000" />
  <attribute name="Current GC Util Change" value="128.000000"/>
  <attribute name="GC Util currently" value="128" />
  <attribute name="CPU Util currently" value="9417812042610" />
<exclusive-end id="5105" timestamp="2019-06-15T00:49:47.215" durationms="8.665" />

<exclusive-start id="5106" timestamp="2019-06-15T00:49:47.233" intervalms="26.225">
  <response-info timems="0.066" idlems="0.066" threads="0" lastid="000000000118C700" lastname="main" />
</exclusive-start>
<allocation-taxation id="5107" taxation-threshold="9437184" timestamp="2019-06-15T00:49:47.233" intervalms="26.272" />
<gc-start id="5108" type="global mark phase" contextid="5026" timestamp="2019-06-15T00:49:47.233">
  <mem-info id="5109" free="23068672" total="54525952" percent="42">
    <remembered-set count="49088" freebytes="1980160" totalbytes="2176512" percent="90" regionsoverflowed="0" regionsstable="0" regionsrebuilding="5"/>
  </mem-info>
</gc-start>
<gc-end id="5110" type="global mark phase" contextid="5026" durationms="0.207" usertimems="0.000" systemtimems="0.000" timestamp="2019-06-15T00:49:47.233" activeThreads="4">
  <mem-info id="5111" free="23068672" total="54525952" percent="42">
    <remembered-set count="49088" freebytes="1980160" totalbytes="2176512" percent="90" regionsoverflowed="0" regionsstable="0" regionsrebuilding="5"/>
  </mem-info>
</gc-end>
<concurrent-start id="5112" type="GMP work packet processing" contextid="5026" timestamp="2019-06-15T00:49:47.234">
  <concurrent-mark-start scanTarget="1473903" />
</concurrent-start>
<exclusive-end id="5113" timestamp="2019-06-15T00:49:47.234" durationms="0.913" />

<concurrent-end id="5114" type="GMP work packet processing" contextid="5026" timestamp="2019-06-15T00:49:47.237">
  <concurrent-mark-end bytesScanned="1503744" reasonForTermination="Work target met" />
</concurrent-end>

<exclusive-start id="5115" timestamp="2019-06-15T00:49:47.251" intervalms="18.534">
  <response-info timems="0.069" idlems="0.069" threads="0" lastid="000000000118C700" lastname="main" />
</exclusive-start>
<allocation-taxation id="5116" taxation-threshold="9437184" timestamp="2019-06-15T00:49:47.251" intervalms="18.492" />
<cycle-start id="5117" type="partial gc" contextid="0" timestamp="2019-06-15T00:49:47.252" intervalms="44.750" />
<gc-start id="5118" type="partial gc" contextid="5117" timestamp="2019-06-15T00:49:47.252">
  <mem-info id="5119" free="13631488" total="54525952" percent="25">
    <mem type="eden" free="1045152" total="19922944" percent="5" />
    <remembered-set count="49920" freebytes="1976832" totalbytes="2176512" percent="90" regionsoverflowed="0" regionsstable="0" regionsrebuilding="5"/>
  </mem-info>
</gc-start>
<allocation-stats totalBytes="18871496" >
  <allocated-bytes non-tlh="0" tlh="18871496" arrayletleaf="0"/>
  <largest-consumer threadName="main" threadId="000000000118C700" bytes="9435864" />
</allocation-stats>
<gc-op id="5120" type="copy forward" timems="6.351" contextid="5117" timestamp="2019-06-15T00:49:47.259">
  <memory-copied type="eden" objects="326" bytes="10648" bytesdiscarded="120" />
  <memory-copied type="other" objects="0" bytes="0" bytesdiscarded="0" />
  <memory-cardclean objects="85" bytes="11080" />
  <regions eden="18" other="1" />
  <remembered-set-cleared processed="47494" cleared="72" durationms="0.321" />
  <references type="weak" candidates="37" cleared="0" enqueued="0" />
  <stringconstants candidates="13319" cleared="0"  />
</gc-op>
<gc-op id="5121" type="classunload" timems="0.004" contextid="5117" timestamp="2019-06-15T00:49:47.259">
  <classunload-info classloadercandidates="53" classloadersunloaded="0" classesunloaded="0" anonymousclassesunloaded="0" quiescems="0.000" setupms="0.004" scanms="0.000" postms="0.000" />
</gc-op>
<heap-resize id="5122" type="expand" space="default" amount="1048576" count="1" timems="0.048" reason="excessive time being spent in gc" timestamp="2019-06-15T00:49:47.259" />
<gc-end id="5123" type="partial gc" contextid="5117" durationms="7.941" usertimems="12.000" systemtimems="0.000" timestamp="2019-06-15T00:49:47.260" activeThreads="4">
  <mem-info id="5124" free="33554432" total="55574528" percent="60">
    <mem type="eden" free="1037760" total="1048576" percent="98" />
    <remembered-set count="50016" freebytes="2018304" totalbytes="2218368" percent="90" regionsoverflowed="0" regionsstable="0" regionsrebuilding="5"/>
  </mem-info>
</gc-end>
<cycle-end id="5125" type="partial gc" contextid="5117" timestamp="2019-06-15T00:49:47.260" />
  <attribute name="elasticGC enabled" value="1" />
  <attribute name= "numThreadsSpecified" value="4" />
  <attribute name="heapSize specified" value="0" />
  <attribute name="Current GC Util" value="126" />
  <attribute name= "Current Time Running" value="24148" />
  <attribute name ="GC Interval" value="0" />
  <attribute name="ProportionalT" value="53.000000" />
  <attribute name="ProportionalI" value="53.000000" />
  <attribute name="ProportionalH" value="53.000000" />
  <attribute name="Current Error" value="106.000000" />
  <attribute name="IntegralT" value="106.000000" />
  <attribute name="IntegralI" value="106.000000" />
  <attribute name="IntegralH" value="106.000000" />
  <attribute name="DerivativeT" value="53.000000" />
  <attribute name="DerivativeI" value="53.000000" />
  <attribute name="DerivativeH" value="53.000000" />
  <attribute name="Loop Time for DT" value="1.000000" />
  <attribute name="Output H" value="8388608"/>
  <attribute name="Output I" value="216"/>
  <attribute name="Output T" value="4"/>
  <attribute name="Target GC Util Change" value ="20.000000" />
  <attribute name="Current GC Util Change" value="126.000000"/>
  <attribute name="GC Util currently" value="126" />
  <attribute name="CPU Util currently" value="7756116341681" />
<exclusive-end id="5126" timestamp="2019-06-15T00:49:47.260" durationms="8.748" />

<exclusive-start id="5127" timestamp="2019-06-15T00:49:47.275" intervalms="24.018">
  <response-info timems="0.068" idlems="0.068" threads="0" lastid="000000000118C700" lastname="main" />
</exclusive-start>
<allocation-taxation id="5128" taxation-threshold="10485760" timestamp="2019-06-15T00:49:47.275" intervalms="24.059" />
<gc-start id="5129" type="global mark phase" contextid="5026" timestamp="2019-06-15T00:49:47.276">
  <mem-info id="5130" free="23068672" total="55574528" percent="41">
    <remembered-set count="49696" freebytes="2019584" totalbytes="2218368" percent="91" regionsoverflowed="0" regionsstable="0" regionsrebuilding="5"/>
  </mem-info>
</gc-start>
<gc-end id="5131" type="global mark phase" contextid="5026" durationms="0.128" usertimems="0.000" systemtimems="0.000" timestamp="2019-06-15T00:49:47.276" activeThreads="4">
  <mem-info id="5132" free="23068672" total="55574528" percent="41">
    <remembered-set count="49696" freebytes="2019584" totalbytes="2218368" percent="91" regionsoverflowed="0" regionsstable="0" regionsrebuilding="5"/>
  </mem-info>
</gc-end>
<concurrent-start id="5133" type="GMP work packet processing" contextid="5026" timestamp="2019-06-15T00:49:47.276">
  <concurrent-mark-start scanTarget="1473903" />
</concurrent-start>
<exclusive-end id="5134" timestamp="2019-06-15T00:49:47.276" durationms="0.767" />

<concurrent-end id="5135" type="GMP work packet processing" contextid="5026" timestamp="2019-06-15T00:49:47.279">
  <concurrent-mark-end bytesScanned="1475564" reasonForTermination="Work target met" />
</concurrent-end>

<exclusive-start id="5136" timestamp="2019-06-15T00:49:47.292" intervalms="16.150">
  <response-info timems="0.070" idlems="0.070" threads="0" lastid="000000000118C700" lastname="main" />
</exclusive-start>
<allocation-taxation id="5137" taxation-threshold="10485760" timestamp="2019-06-15T00:49:47.292" intervalms="16.106" />
<cycle-start id="5138" type="partial gc" contextid="0" timestamp="2019-06-15T00:49:47.292" intervalms="40.181" />
<gc-start id="5139" type="partial gc" contextid="5138" timestamp="2019-06-15T00:49:47.292">
  <mem-info id="5140" free="12582912" total="55574528" percent="22">
    <mem type="eden" free="1037760" total="22020096" percent="4" />
    <remembered-set count="49728" freebytes="2019456" totalbytes="2218368" percent="91" regionsoverflowed="0" regionsstable="0" regionsrebuilding="5"/>
  </mem-info>
</gc-start>
<allocation-stats totalBytes="20968784" >
  <allocated-bytes non-tlh="0" tlh="20968784" arrayletleaf="0"/>
  <largest-consumer threadName="main" threadId="000000000118C700" bytes="10484480" />
</allocation-stats>
<gc-op id="5141" type="copy forward" timems="7.175" contextid="5138" timestamp="2019-06-15T00:49:47.300">
  <memory-copied type="eden" objects="123" bytes="3808" bytesdiscarded="0" />
  <memory-copied type="other" objects="212" bytes="7216" bytesdiscarded="1000" />
  <memory-cardclean objects="73" bytes="10808" />
  <regions eden="20" other="1" />
  <remembered-set-cleared processed="47588" cleared="145" durationms="0.316" />
  <references type="weak" candidates="37" cleared="0" enqueued="0" />
  <stringconstants candidates="13319" cleared="0"  />
</gc-op>
<gc-op id="5142" type="classunload" timems="0.004" contextid="5138" timestamp="2019-06-15T00:49:47.300">
  <classunload-info classloadercandidates="53" classloadersunloaded="0" classesunloaded="0" anonymousclassesunloaded="0" quiescems="0.000" setupms="0.004" scanms="0.000" postms="0.000" />
</gc-op>
<heap-resize id="5143" type="expand" space="default" amount="2097152" count="1" timems="0.049" reason="excessive time being spent in gc" timestamp="2019-06-15T00:49:47.301" />
<gc-end id="5144" type="partial gc" contextid="5138" durationms="8.861" usertimems="12.000" systemtimems="0.000" timestamp="2019-06-15T00:49:47.301" activeThreads="4">
  <mem-info id="5145" free="34603008" total="57671680" percent="60">
    <mem type="eden" free="2085128" total="2097152" percent="99" />
    <remembered-set count="50560" freebytes="2099840" totalbytes="2302080" percent="91" regionsoverflowed="0" regionsstable="0" regionsrebuilding="5"/>
  </mem-info>
</gc-end>
<cycle-end id="5146" type="partial gc" contextid="5138" timestamp="2019-06-15T00:49:47.301" />
  <attribute name="elasticGC enabled" value="1" />
  <attribute name= "numThreadsSpecified" value="4" />
  <attribute name="heapSize specified" value="0" />
  <attribute name="Current GC Util" value="123" />
  <attribute name= "Current Time Running" value="24188" />
  <attribute name ="GC Interval" value="0" />
  <attribute name="ProportionalT" value="51.500000" />
  <attribute name="ProportionalI" value="51.500000" />
  <attribute name="ProportionalH" value="51.500000" />
  <attribute name="Current Error" value="103.000000" />
  <attribute name="IntegralT" value="103.000000" />
  <attribute name="IntegralI" value="103.000000" />
  <attribute name="IntegralH" value="103.000000" />
  <attribute name="DerivativeT" value="51.500000" />
  <attribute name="DerivativeI" value="51.500000" />
  <attribute name="DerivativeH" value="51.500000" />
  <attribute name="Loop Time for DT" value="1.000000" />
  <attribute name="Output H" value="8388608"/>
  <attribute name="Output I" value="208"/>
  <attribute name="Output T" value="4"/>
  <attribute name="Target GC Util Change" value ="20.000000" />
  <attribute name="Current GC Util Change" value="123.000000"/>
  <attribute name="GC Util currently" value="123" />
  <attribute name="CPU Util currently" value="7571784066249" />
<exclusive-end id="5147" timestamp="2019-06-15T00:49:47.301" durationms="9.631" />

<exclusive-start id="5148" timestamp="2019-06-15T00:49:47.317" intervalms="25.064">
  <response-info timems="0.067" idlems="0.067" threads="0" lastid="000000000118C700" lastname="main" />
</exclusive-start>
<allocation-taxation id="5149" taxation-threshold="10485760" timestamp="2019-06-15T00:49:47.317" intervalms="25.100" />
<gc-start id="5150" type="global mark phase" contextid="5026" timestamp="2019-06-15T00:49:47.317">
  <mem-info id="5151" free="24117248" total="57671680" percent="41">
    <remembered-set count="48992" freebytes="2106112" totalbytes="2302080" percent="91" regionsoverflowed="0" regionsstable="2" regionsrebuilding="5"/>
  </mem-info>
</gc-start>
<gc-end id="5152" type="global mark phase" contextid="5026" durationms="0.121" usertimems="0.000" systemtimems="0.000" timestamp="2019-06-15T00:49:47.317" activeThreads="4">
  <mem-info id="5153" free="24117248" total="57671680" percent="41">
    <remembered-set count="48992" freebytes="2106112" totalbytes="2302080" percent="91" regionsoverflowed="0" regionsstable="2" regionsrebuilding="5"/>
  </mem-info>
</gc-end>
<concurrent-start id="5154" type="GMP work packet processing" contextid="5026" timestamp="2019-06-15T00:49:47.317">
  <concurrent-mark-start scanTarget="1473903" />
</concurrent-start>
<exclusive-end id="5155" timestamp="2019-06-15T00:49:47.317" durationms="0.616" />

<concurrent-end id="5156" type="GMP work packet processing" contextid="5026" timestamp="2019-06-15T00:49:47.320">
  <concurrent-mark-end bytesScanned="1513368" reasonForTermination="Work target met" />
</concurrent-end>

<exclusive-start id="5157" timestamp="2019-06-15T00:49:47.332" intervalms="15.839">
  <response-info timems="0.053" idlems="0.053" threads="0" lastid="000000000118C700" lastname="main" />
</exclusive-start>
<allocation-taxation id="5158" taxation-threshold="10485760" timestamp="2019-06-15T00:49:47.332" intervalms="15.771" />
<cycle-start id="5159" type="partial gc" contextid="0" timestamp="2019-06-15T00:49:47.333" intervalms="40.834" />
<gc-start id="5160" type="partial gc" contextid="5159" timestamp="2019-06-15T00:49:47.333">
  <mem-info id="5161" free="13631488" total="57671680" percent="23">
    <mem type="eden" free="1044768" total="22020096" percent="4" />
    <remembered-set count="49568" freebytes="2103808" totalbytes="2302080" percent="91" regionsoverflowed="0" regionsstable="2" regionsrebuilding="5"/>
  </mem-info>
</gc-start>
<allocation-stats totalBytes="20968984" >
  <allocated-bytes non-tlh="0" tlh="20968984" arrayletleaf="0"/>
  <largest-consumer threadName="main" threadId="000000000118C700" bytes="10484440" />
</allocation-stats>
<gc-op id="5162" type="copy forward" timems="7.292" contextid="5159" timestamp="2019-06-15T00:49:47.341">
  <memory-copied type="eden" objects="126" bytes="3896" bytesdiscarded="456" />
  <memory-copied type="other" objects="0" bytes="0" bytesdiscarded="0" />
  <memory-cardclean objects="21" bytes="888" />
  <regions eden="20" other="1" />
  <remembered-set-cleared processed="47353" cleared="34" durationms="0.345" />
  <stringconstants candidates="13319" cleared="0"  />
</gc-op>
<gc-op id="5163" type="classunload" timems="0.003" contextid="5159" timestamp="2019-06-15T00:49:47.341">
  <classunload-info classloadercandidates="53" classloadersunloaded="0" classesunloaded="0" anonymousclassesunloaded="0" quiescems="0.000" setupms="0.003" scanms="0.000" postms="0.000" />
</gc-op>
<gc-end id="5164" type="partial gc" contextid="5159" durationms="8.699" usertimems="8.000" systemtimems="4.000" timestamp="2019-06-15T00:49:47.341" activeThreads="4">
  <mem-info id="5165" free="34603008" total="57671680" percent="60">
    <mem type="eden" free="1044224" total="1048576" percent="99" />
    <remembered-set count="50048" freebytes="2101888" totalbytes="2302080" percent="91" regionsoverflowed="0" regionsstable="2" regionsrebuilding="5"/>
  </mem-info>
</gc-end>
<cycle-end id="5166" type="partial gc" contextid="5159" timestamp="2019-06-15T00:49:47.342" />
  <attribute name="elasticGC enabled" value="1" />
  <attribute name= "numThreadsSpecified" value="4" />
  <attribute name="heapSize specified" value="0" />
  <attribute name="Current GC Util" value="124" />
  <attribute name= "Current Time Running" value="24229" />
  <attribute name ="GC Interval" value="0" />
  <attribute name="ProportionalT" value="52.000000" />
  <attribute name="ProportionalI" value="52.000000" />
  <attribute name="ProportionalH" value="52.000000" />
  <attribute name="Current Error" value="104.000000" />
  <attribute name="IntegralT" value="104.000000" />
  <attribute name="IntegralI" value="104.000000" />
  <attribute name="IntegralH" value="104.000000" />
  <attribute name="DerivativeT" value="52.000000" />
  <attribute name="DerivativeI" value="52.000000" />
  <attribute name="DerivativeH" value="52.000000" />
  <attribute name="Loop Time for DT" value="1.000000" />
  <attribute name="Output H" value="8388608"/>
  <attribute name="Output I" value="208"/>
  <attribute name="Output T" value="4"/>
  <attribute name="Target GC Util Change" value ="20.000000" />
  <attribute name="Current GC Util Change" value="124.000000"/>
  <attribute name="GC Util currently" value="124" />
  <attribute name="CPU Util currently" value="7579487226590" />
<exclusive-end id="5167" timestamp="2019-06-15T00:49:47.342" durationms="9.449" />

<exclusive-start id="5168" timestamp="2019-06-15T00:49:47.357" intervalms="24.849">
  <response-info timems="0.066" idlems="0.066" threads="0" lastid="000000000118C700" lastname="main" />
</exclusive-start>
<allocation-taxation id="5169" taxation-threshold="10485760" timestamp="2019-06-15T00:49:47.357" intervalms="24.935" />
<gc-start id="5170" type="global mark phase" contextid="5026" timestamp="2019-06-15T00:49:47.358">
  <mem-info id="5171" free="24117248" total="57671680" percent="41">
    <remembered-set count="49568" freebytes="2103808" totalbytes="2302080" percent="91" regionsoverflowed="0" regionsstable="2" regionsrebuilding="5"/>
  </mem-info>
</gc-start>
<gc-end id="5172" type="global mark phase" contextid="5026" durationms="0.129" usertimems="0.000" systemtimems="0.000" timestamp="2019-06-15T00:49:47.358" activeThreads="4">
  <mem-info id="5173" free="24117248" total="57671680" percent="41">
    <remembered-set count="49568" freebytes="2103808" totalbytes="2302080" percent="91" regionsoverflowed="0" regionsstable="2" regionsrebuilding="5"/>
  </mem-info>
</gc-end>
<concurrent-start id="5174" type="GMP work packet processing" contextid="5026" timestamp="2019-06-15T00:49:47.358">
  <concurrent-mark-start scanTarget="1473903" />
</concurrent-start>
<exclusive-end id="5175" timestamp="2019-06-15T00:49:47.358" durationms="0.778" />

<concurrent-end id="5176" type="GMP work packet processing" contextid="5026" timestamp="2019-06-15T00:49:47.361">
  <concurrent-mark-end bytesScanned="1498732" reasonForTermination="Work target met" />
</concurrent-end>

<exclusive-start id="5177" timestamp="2019-06-15T00:49:47.366" intervalms="8.636">
  <response-info timems="0.066" idlems="0.066" threads="0" lastid="000000000118C700" lastname="main" />
</exclusive-start>
<allocation-taxation id="5178" taxation-threshold="10485760" timestamp="2019-06-15T00:49:47.366" intervalms="8.578" />
<cycle-start id="5179" type="partial gc" contextid="0" timestamp="2019-06-15T00:49:47.366" intervalms="33.547" />
<gc-start id="5180" type="partial gc" contextid="5179" timestamp="2019-06-15T00:49:47.366">
  <mem-info id="5181" free="13631488" total="57671680" percent="23">
    <mem type="eden" free="1044224" total="22020096" percent="4" />
    <remembered-set count="50464" freebytes="2100224" totalbytes="2302080" percent="91" regionsoverflowed="0" regionsstable="2" regionsrebuilding="5"/>
  </mem-info>
</gc-start>
<allocation-stats totalBytes="20964080" >
  <allocated-bytes non-tlh="0" tlh="20964080" arrayletleaf="0"/>
  <largest-consumer threadName="main" threadId="000000000118C700" bytes="10479680" />
</allocation-stats>
<gc-op id="5182" type="copy forward" timems="1.611" contextid="5179" timestamp="2019-06-15T00:49:47.369">
  <memory-copied type="eden" objects="134" bytes="4344" bytesdiscarded="0" />
  <memory-copied type="other" objects="0" bytes="0" bytesdiscarded="0" />
  <memory-cardclean objects="77" bytes="2760" />
  <regions eden="20" other="1" />
  <remembered-set-cleared processed="48818" cleared="68" durationms="0.338" />
  <stringconstants candidates="13319" cleared="0"  />
</gc-op>
<gc-op id="5183" type="classunload" timems="0.004" contextid="5179" timestamp="2019-06-15T00:49:47.369">
  <classunload-info classloadercandidates="53" classloadersunloaded="0" classesunloaded="0" anonymousclassesunloaded="0" quiescems="0.000" setupms="0.004" scanms="0.000" postms="0.000" />
</gc-op>
<gc-end id="5184" type="partial gc" contextid="5179" durationms="2.990" usertimems="4.000" systemtimems="0.000" timestamp="2019-06-15T00:49:47.369" activeThreads="1">
  <mem-info id="5185" free="34603008" total="57671680" percent="60">
    <mem type="eden" free="1044232" total="1048576" percent="99" />
    <remembered-set count="50656" freebytes="2099456" totalbytes="2302080" percent="91" regionsoverflowed="0" regionsstable="2" regionsrebuilding="5"/>
  </mem-info>
</gc-end>
<cycle-end id="5186" type="partial gc" contextid="5179" timestamp="2019-06-15T00:49:47.369" />
  <attribute name="elasticGC enabled" value="1" />
  <attribute name= "numThreadsSpecified" value="1" />
  <attribute name="heapSize specified" value="0" />
  <attribute name="Current GC Util" value="124" />
  <attribute name= "Current Time Running" value="24262" />
  <attribute name ="GC Interval" value="0" />
  <attribute name="ProportionalT" value="52.000000" />
  <attribute name="ProportionalI" value="52.000000" />
  <attribute name="ProportionalH" value="52.000000" />
  <attribute name="Current Error" value="104.000000" />
  <attribute name="IntegralT" value="0.000000" />
  <attribute name="IntegralI" value="0.000000" />
  <attribute name="IntegralH" value="0.000000" />
  <attribute name="DerivativeT" value="inf" />
  <attribute name="DerivativeI" value="inf" />
  <attribute name="DerivativeH" value="inf" />
  <attribute name="Loop Time for DT" value="0.000000" />
  <attribute name="Output H" value="8388608"/>
  <attribute name="Output I" value="200"/>
  <attribute name="Output T" value="1"/>
  <attribute name="Target GC Util Change" value ="20.000000" />
  <attribute name="Current GC Util Change" value="124.000000"/>
  <attribute name="GC Util currently" value="124" />
  <attribute name="CPU Util currently" value="7603016925321" />
<exclusive-end id="5187" timestamp="2019-06-15T00:49:47.370" durationms="3.807" />

<exclusive-start id="5188" timestamp="2019-06-15T00:49:47.373" intervalms="7.056">
  <response-info timems="0.055" idlems="0.055" threads="0" lastid="000000000118C700" lastname="main" />
</exclusive-start>
<allocation-taxation id="5189" taxation-threshold="10485760" timestamp="2019-06-15T00:49:47.373" intervalms="7.151" />
<gc-start id="5190" type="global mark phase" contextid="5026" timestamp="2019-06-15T00:49:47.373">
  <mem-info id="5191" free="24117248" total="57671680" percent="41">
    <remembered-set count="50368" freebytes="2100608" totalbytes="2302080" percent="91" regionsoverflowed="0" regionsstable="2" regionsrebuilding="5"/>
  </mem-info>
</gc-start>
<gc-end id="5192" type="global mark phase" contextid="5026" durationms="0.107" usertimems="0.000" systemtimems="0.000" timestamp="2019-06-15T00:49:47.373" activeThreads="1">
  <mem-info id="5193" free="24117248" total="57671680" percent="41">
    <remembered-set count="50368" freebytes="2100608" totalbytes="2302080" percent="91" regionsoverflowed="0" regionsstable="2" regionsrebuilding="5"/>
  </mem-info>
</gc-end>
<concurrent-start id="5194" type="GMP work packet processing" contextid="5026" timestamp="2019-06-15T00:49:47.374">
  <concurrent-mark-start scanTarget="1048576" />
</concurrent-start>
<exclusive-end id="5195" timestamp="2019-06-15T00:49:47.374" durationms="0.753" />

<concurrent-end id="5196" type="GMP work packet processing" contextid="5026" timestamp="2019-06-15T00:49:47.376">
  <concurrent-mark-end bytesScanned="1078840" reasonForTermination="Work target met" />
</concurrent-end>

<exclusive-start id="5197" timestamp="2019-06-15T00:49:47.377" intervalms="3.967">
  <response-info timems="0.055" idlems="0.055" threads="0" lastid="000000000118C700" lastname="main" />
</exclusive-start>
<allocation-taxation id="5198" taxation-threshold="10485760" timestamp="2019-06-15T00:49:47.377" intervalms="3.874" />
<cycle-start id="5199" type="partial gc" contextid="0" timestamp="2019-06-15T00:49:47.377" intervalms="11.053" />
<gc-start id="5200" type="partial gc" contextid="5199" timestamp="2019-06-15T00:49:47.377">
  <mem-info id="5201" free="13631488" total="57671680" percent="23">
    <mem type="eden" free="0" total="20971520" percent="0" />
    <remembered-set count="51392" freebytes="2096512" totalbytes="2302080" percent="91" regionsoverflowed="0" regionsstable="2" regionsrebuilding="5"/>
  </mem-info>
</gc-start>
<allocation-stats totalBytes="20959720" >
  <allocated-bytes non-tlh="0" tlh="20959720" arrayletleaf="0"/>
  <largest-consumer threadName="main" threadId="000000000118C700" bytes="10480584" />
</allocation-stats>
<gc-op id="5202" type="copy forward" timems="1.630" contextid="5199" timestamp="2019-06-15T00:49:47.380">
  <memory-copied type="eden" objects="5" bytes="368" bytesdiscarded="0" />
  <memory-copied type="other" objects="130" bytes="4016" bytesdiscarded="0" />
  <memory-cardclean objects="60" bytes="2408" />
  <regions eden="20" other="1" />
  <remembered-set-cleared processed="49197" cleared="74" durationms="0.340" />
  <stringconstants candidates="13319" cleared="0"  />
</gc-op>
<gc-op id="5203" type="classunload" timems="0.003" contextid="5199" timestamp="2019-06-15T00:49:47.380">
  <classunload-info classloadercandidates="53" classloadersunloaded="0" classesunloaded="0" anonymousclassesunloaded="0" quiescems="0.000" setupms="0.003" scanms="0.000" postms="0.000" />
</gc-op>
<heap-resize id="5204" type="expand" space="default" amount="3145728" count="1" timems="0.053" reason="excessive time being spent in gc" timestamp="2019-06-15T00:49:47.380" />
<gc-end id="5205" type="partial gc" contextid="5199" durationms="3.225" usertimems="4.000" systemtimems="0.000" timestamp="2019-06-15T00:49:47.381" activeThreads="1">
  <mem-info id="5206" free="36700160" total="60817408" percent="60">
    <mem type="eden" free="1048208" total="1048576" percent="99" />
    <remembered-set count="51680" freebytes="2220928" totalbytes="2427648" percent="91" regionsoverflowed="0" regionsstable="2" regionsrebuilding="5"/>
  </mem-info>
</gc-end>
<cycle-end id="5207" type="partial gc" contextid="5199" timestamp="2019-06-15T00:49:47.381" />
  <attribute name="elasticGC enabled" value="1" />
  <attribute name= "numThreadsSpecified" value="1" />
  <attribute name="heapSize specified" value="0" />
  <attribute name="Current GC Util" value="123" />
  <attribute name= "Current Time Running" value="24273" />
  <attribute name ="GC Interval" value="0" />
  <attribute name="ProportionalT" value="51.500000" />
  <attribute name="ProportionalI" value="51.500000" />
  <attribute name="ProportionalH" value="51.500000" />
  <attribute name="Current Error" value="103.000000" />
  <attribute name="IntegralT" value="0.000000" />
  <attribute name="IntegralI" value="0.000000" />
  <attribute name="IntegralH" value="0.000000" />
  <attribute name="DerivativeT" value="inf" />
  <attribute name="DerivativeI" value="inf" />
  <attribute name="DerivativeH" value="inf" />
  <attribute name="Loop Time for DT" value="0.000000" />
  <attribute name="Output H" value="8388608"/>
  <attribute name="Output I" value="200"/>
  <attribute name="Output T" value="1"/>
  <attribute name="Target GC Util Change" value ="20.000000" />
  <attribute name="Current GC Util Change" value="123.000000"/>
  <attribute name="GC Util currently" value="123" />
  <attribute name="CPU Util currently" value="7581593074900" />
<exclusive-end id="5208" timestamp="2019-06-15T00:49:47.381" durationms="4.073" />

<exclusive-start id="5209" timestamp="2019-06-15T00:49:47.384" intervalms="7.356">
  <response-info timems="0.067" idlems="0.067" threads="0" lastid="000000000118C700" lastname="main" />
</exclusive-start>
<allocation-taxation id="5210" taxation-threshold="10485760" timestamp="2019-06-15T00:49:47.384" intervalms="7.411" />
<gc-start id="5211" type="global mark phase" contextid="5026" timestamp="2019-06-15T00:49:47.385">
  <mem-info id="5212" free="26214400" total="60817408" percent="43">
    <remembered-set count="51392" freebytes="2222080" totalbytes="2427648" percent="91" regionsoverflowed="0" regionsstable="2" regionsrebuilding="5"/>
  </mem-info>
</gc-start>
<gc-end id="5213" type="global mark phase" contextid="5026" durationms="0.129" usertimems="0.000" systemtimems="0.000" timestamp="2019-06-15T00:49:47.385" activeThreads="1">
  <mem-info id="5214" free="26214400" total="60817408" percent="43">
    <remembered-set count="51392" freebytes="2222080" totalbytes="2427648" percent="91" regionsoverflowed="0" regionsstable="2" regionsrebuilding="5"/>
  </mem-info>
</gc-end>
<concurrent-start id="5215" type="GMP work packet processing" contextid="5026" timestamp="2019-06-15T00:49:47.385">
  <concurrent-mark-start scanTarget="1048576" />
</concurrent-start>
<exclusive-end id="5216" timestamp="2019-06-15T00:49:47.385" durationms="0.704" />

<concurrent-end id="5217" type="GMP work packet processing" contextid="5026" timestamp="2019-06-15T00:49:47.387">
  <concurrent-mark-end bytesScanned="1080380" reasonForTermination="Work target met" />
</concurrent-end>

<exclusive-start id="5218" timestamp="2019-06-15T00:49:47.388" intervalms="3.912">
  <response-info timems="0.021" idlems="0.021" threads="0" lastid="000000000118C700" lastname="main" />
</exclusive-start>
<allocation-taxation id="5219" taxation-threshold="10485760" timestamp="2019-06-15T00:49:47.388" intervalms="3.809" />
<cycle-start id="5220" type="partial gc" contextid="0" timestamp="2019-06-15T00:49:47.388" intervalms="11.217" />
<gc-start id="5221" type="partial gc" contextid="5220" timestamp="2019-06-15T00:49:47.389">
  <mem-info id="5222" free="15728640" total="60817408" percent="25">
    <mem type="eden" free="1048208" total="22020096" percent="4" />
    <remembered-set count="52416" freebytes="2217984" totalbytes="2427648" percent="91" regionsoverflowed="0" regionsstable="2" regionsrebuilding="5"/>
  </mem-info>
</gc-start>
<allocation-stats totalBytes="20960328" >
  <allocated-bytes non-tlh="0" tlh="20960328" arrayletleaf="0"/>
  <largest-consumer threadName="main" threadId="000000000118C700" bytes="10480400" />
</allocation-stats>
<gc-op id="5223" type="copy forward" timems="1.602" contextid="5220" timestamp="2019-06-15T00:49:47.391">
  <memory-copied type="eden" objects="5" bytes="240" bytesdiscarded="0" />
  <memory-copied type="other" objects="0" bytes="0" bytesdiscarded="0" />
  <memory-cardclean objects="16" bytes="528" />
  <regions eden="20" other="1" />
  <remembered-set-cleared processed="50181" cleared="8" durationms="0.339" />
  <stringconstants candidates="13319" cleared="0"  />
</gc-op>
<gc-op id="5224" type="classunload" timems="0.003" contextid="5220" timestamp="2019-06-15T00:49:47.391">
  <classunload-info classloadercandidates="53" classloadersunloaded="0" classesunloaded="0" anonymousclassesunloaded="0" quiescems="0.000" setupms="0.003" scanms="0.000" postms="0.000" />
</gc-op>
<gc-end id="5225" type="partial gc" contextid="5220" durationms="2.935" usertimems="4.000" systemtimems="0.000" timestamp="2019-06-15T00:49:47.391" activeThreads="1">
  <mem-info id="5226" free="36700160" total="60817408" percent="60">
    <mem type="eden" free="1048336" total="1048576" percent="99" />
    <remembered-set count="52896" freebytes="2216064" totalbytes="2427648" percent="91" regionsoverflowed="0" regionsstable="2" regionsrebuilding="5"/>
  </mem-info>
</gc-end>
<cycle-end id="5227" type="partial gc" contextid="5220" timestamp="2019-06-15T00:49:47.392" />
  <attribute name="elasticGC enabled" value="1" />
  <attribute name= "numThreadsSpecified" value="1" />
  <attribute name="heapSize specified" value="0" />
  <attribute name="Current GC Util" value="124" />
  <attribute name= "Current Time Running" value="24284" />
  <attribute name ="GC Interval" value="0" />
  <attribute name="ProportionalT" value="52.000000" />
  <attribute name="ProportionalI" value="52.000000" />
  <attribute name="ProportionalH" value="52.000000" />
  <attribute name="Current Error" value="104.000000" />
  <attribute name="IntegralT" value="0.000000" />
  <attribute name="IntegralI" value="0.000000" />
  <attribute name="IntegralH" value="0.000000" />
  <attribute name="DerivativeT" value="inf" />
  <attribute name="DerivativeI" value="inf" />
  <attribute name="DerivativeH" value="inf" />
  <attribute name="Loop Time for DT" value="0.000000" />
  <attribute name="Output H" value="8388608"/>
  <attribute name="Output I" value="200"/>
  <attribute name="Output T" value="1"/>
  <attribute name="Target GC Util Change" value ="20.000000" />
  <attribute name="Current GC Util Change" value="124.000000"/>
  <attribute name="GC Util currently" value="124" />
  <attribute name="CPU Util currently" value="7572219205152" />
<exclusive-end id="5228" timestamp="2019-06-15T00:49:47.392" durationms="3.696" />

<exclusive-start id="5229" timestamp="2019-06-15T00:49:47.395" intervalms="6.923">
  <response-info timems="0.067" idlems="0.067" threads="0" lastid="000000000118C700" lastname="main" />
</exclusive-start>
<allocation-taxation id="5230" taxation-threshold="10485760" timestamp="2019-06-15T00:49:47.395" intervalms="7.012" />
<gc-start id="5231" type="global mark phase" contextid="5026" timestamp="2019-06-15T00:49:47.395">
  <mem-info id="5232" free="26214400" total="60817408" percent="43">
    <remembered-set count="52448" freebytes="2217856" totalbytes="2427648" percent="91" regionsoverflowed="0" regionsstable="2" regionsrebuilding="5"/>
  </mem-info>
</gc-start>
<gc-end id="5233" type="global mark phase" contextid="5026" durationms="0.095" usertimems="0.000" systemtimems="0.000" timestamp="2019-06-15T00:49:47.395" activeThreads="1">
  <mem-info id="5234" free="26214400" total="60817408" percent="43">
    <remembered-set count="52448" freebytes="2217856" totalbytes="2427648" percent="91" regionsoverflowed="0" regionsstable="2" regionsrebuilding="5"/>
  </mem-info>
</gc-end>
<concurrent-start id="5235" type="GMP work packet processing" contextid="5026" timestamp="2019-06-15T00:49:47.396">
  <concurrent-mark-start scanTarget="1048576" />
</concurrent-start>
<exclusive-end id="5236" timestamp="2019-06-15T00:49:47.396" durationms="0.621" />

<concurrent-end id="5237" type="GMP work packet processing" contextid="5026" timestamp="2019-06-15T00:49:47.397">
  <concurrent-mark-end bytesScanned="317232" reasonForTermination="Completed all work in GC phase" />
</concurrent-end>

<exclusive-start id="5238" timestamp="2019-06-15T00:49:47.399" intervalms="3.767">
  <response-info timems="0.023" idlems="0.023" threads="0" lastid="000000000118C700" lastname="main" />
</exclusive-start>
<allocation-taxation id="5239" taxation-threshold="10485760" timestamp="2019-06-15T00:49:47.399" intervalms="3.722" />
<cycle-start id="5240" type="partial gc" contextid="0" timestamp="2019-06-15T00:49:47.399" intervalms="10.726" />
<gc-start id="5241" type="partial gc" contextid="5240" timestamp="2019-06-15T00:49:47.399">
  <mem-info id="5242" free="15728640" total="60817408" percent="25">
    <mem type="eden" free="1048336" total="22020096" percent="4" />
    <remembered-set count="52448" freebytes="2217856" totalbytes="2427648" percent="91" regionsoverflowed="0" regionsstable="2" regionsrebuilding="5"/>
  </mem-info>
</gc-start>
<allocation-stats totalBytes="20960968" >
  <allocated-bytes non-tlh="0" tlh="20960968" arrayletleaf="0"/>
  <largest-consumer threadName="main" threadId="000000000118C700" bytes="10480584" />
</allocation-stats>
<gc-op id="5243" type="copy forward" timems="7.454" contextid="5240" timestamp="2019-06-15T00:49:47.408">
  <memory-copied type="eden" objects="5" bytes="368" bytesdiscarded="0" />
  <memory-copied type="other" objects="0" bytes="0" bytesdiscarded="0" />
  <memory-cardclean objects="16" bytes="528" />
  <regions eden="20" other="1" />
  <remembered-set-cleared processed="50714" cleared="9" durationms="0.316" />
  <stringconstants candidates="13319" cleared="0"  />
</gc-op>
<gc-op id="5244" type="classunload" timems="0.004" contextid="5240" timestamp="2019-06-15T00:49:47.408">
  <classunload-info classloadercandidates="53" classloadersunloaded="0" classesunloaded="0" anonymousclassesunloaded="0" quiescems="0.000" setupms="0.004" scanms="0.000" postms="0.000" />
</gc-op>
<gc-end id="5245" type="partial gc" contextid="5240" durationms="8.792" usertimems="12.000" systemtimems="4.000" timestamp="2019-06-15T00:49:47.408" activeThreads="4">
  <mem-info id="5246" free="36700160" total="60817408" percent="60">
    <mem type="eden" free="1048208" total="1048576" percent="99" />
    <remembered-set count="52288" freebytes="2218496" totalbytes="2427648" percent="91" regionsoverflowed="0" regionsstable="2" regionsrebuilding="5"/>
  </mem-info>
</gc-end>
<cycle-end id="5247" type="partial gc" contextid="5240" timestamp="2019-06-15T00:49:47.408" />
  <attribute name="elasticGC enabled" value="1" />
  <attribute name= "numThreadsSpecified" value="4" />
  <attribute name="heapSize specified" value="0" />
  <attribute name="Current GC Util" value="122" />
  <attribute name= "Current Time Running" value="24295" />
  <attribute name ="GC Interval" value="0" />
  <attribute name="ProportionalT" value="51.000000" />
  <attribute name="ProportionalI" value="51.000000" />
  <attribute name="ProportionalH" value="51.000000" />
  <attribute name="Current Error" value="102.000000" />
  <attribute name="IntegralT" value="102.000000" />
  <attribute name="IntegralI" value="102.000000" />
  <attribute name="IntegralH" value="102.000000" />
  <attribute name="DerivativeT" value="25.500000" />
  <attribute name="DerivativeI" value="25.500000" />
  <attribute name="DerivativeH" value="25.500000" />
  <attribute name="Loop Time for DT" value="1.000000" />
  <attribute name="Output H" value="8388608"/>
  <attribute name="Output I" value="200"/>
  <attribute name="Output T" value="4"/>
  <attribute name="Target GC Util Change" value ="20.000000" />
  <attribute name="Current GC Util Change" value="122.000000"/>
  <attribute name="GC Util currently" value="122" />
  <attribute name="CPU Util currently" value="7468619694267" />
<exclusive-end id="5248" timestamp="2019-06-15T00:49:47.408" durationms="9.607" />

<exclusive-start id="5249" timestamp="2019-06-15T00:49:47.412" intervalms="12.886">
  <response-info timems="0.068" idlems="0.068" threads="0" lastid="000000000118C700" lastname="main" />
</exclusive-start>
<allocation-taxation id="5250" taxation-threshold="10485760" timestamp="2019-06-15T00:49:47.412" intervalms="12.946" />
<gc-start id="5251" type="global mark phase" contextid="5026" timestamp="2019-06-15T00:49:47.412">
  <mem-info id="5252" free="26214400" total="60817408" percent="43">
    <remembered-set count="51840" freebytes="2220288" totalbytes="2427648" percent="91" regionsoverflowed="0" regionsstable="2" regionsrebuilding="5"/>
  </mem-info>
</gc-start>
<gc-op id="5253" type="mark increment" timems="5.450" contextid="5026" timestamp="2019-06-15T00:49:47.418">
  <trace-info objectcount="73" scancount="71" scanbytes="2036" />
  <cardclean-info objects="106" bytes="11512" />
  <finalization candidates="80" enqueued="0" />
  <ownableSynchronizers candidates="21" cleared="0" />
  <references type="soft" candidates="2133" cleared="270" enqueued="270" dynamicThreshold="19" maxThreshold="32" />
  <references type="weak" candidates="5719" cleared="7" enqueued="3" />
  <references type="phantom" candidates="101" cleared="0" enqueued="0" />
  <stringconstants candidates="13319" cleared="0"  />
</gc-op>
<gc-op id="5254" type="classunload" timems="0.004" contextid="5026" timestamp="2019-06-15T00:49:47.418">
  <classunload-info classloadercandidates="53" classloadersunloaded="0" classesunloaded="0" anonymousclassesunloaded="0" quiescems="0.000" setupms="0.004" scanms="0.000" postms="0.000" />
</gc-op>
<gc-end id="5255" type="global mark phase" contextid="5026" durationms="6.066" usertimems="12.000" systemtimems="0.000" timestamp="2019-06-15T00:49:47.418" activeThreads="4">
  <mem-info id="5256" free="26214400" total="60817408" percent="43">
    <pending-finalizers system="0" default="0" reference="273" classloader="0" />
    <remembered-set count="52352" freebytes="2218240" totalbytes="2427648" percent="91" regionsoverflowed="0" regionsstable="2" regionsrebuilding="0"/>
  </mem-info>
</gc-end>
<cycle-end id="5257" type="global mark phase" contextid="5026" timestamp="2019-06-15T00:49:47.418" />
  <attribute name="elasticGC enabled" value="1" />
  <attribute name= "numThreadsSpecified" value="4" />
  <attribute name="heapSize specified" value="0" />
  <attribute name="Current GC Util" value="127" />
  <attribute name= "Current Time Running" value="24309" />
  <attribute name ="GC Interval" value="0" />
  <attribute name="ProportionalT" value="53.500000" />
  <attribute name="ProportionalI" value="53.500000" />
  <attribute name="ProportionalH" value="53.500000" />
  <attribute name="Current Error" value="107.000000" />
  <attribute name="IntegralT" value="107.000000" />
  <attribute name="IntegralI" value="107.000000" />
  <attribute name="IntegralH" value="107.000000" />
  <attribute name="DerivativeT" value="-8.000000" />
  <attribute name="DerivativeI" value="-8.000000" />
  <attribute name="DerivativeH" value="-8.000000" />
  <attribute name="Loop Time for DT" value="1.000000" />
  <attribute name="Output H" value="8388608"/>
  <attribute name="Output I" value="200"/>
  <attribute name="Output T" value="4"/>
  <attribute name="Target GC Util Change" value ="20.000000" />
  <attribute name="Current GC Util Change" value="127.000000"/>
  <attribute name="GC Util currently" value="127" />
  <attribute name="CPU Util currently" value="8319417286084" />
<exclusive-end id="5258" timestamp="2019-06-15T00:49:47.419" durationms="6.822" />

<exclusive-start id="5259" timestamp="2019-06-15T00:49:47.422" intervalms="10.076">
  <response-info timems="0.070" idlems="0.070" threads="0" lastid="000000000118C700" lastname="main" />
</exclusive-start>
<allocation-taxation id="5260" taxation-threshold="10485760" timestamp="2019-06-15T00:49:47.422" intervalms="10.069" />
<cycle-start id="5261" type="partial gc" contextid="0" timestamp="2019-06-15T00:49:47.422" intervalms="22.963" />
<gc-start id="5262" type="partial gc" contextid="5261" timestamp="2019-06-15T00:49:47.422">
  <mem-info id="5263" free="15728640" total="60817408" percent="25">
    <mem type="eden" free="1048208" total="22020096" percent="4" />
    <remembered-set count="44128" freebytes="2251136" totalbytes="2427648" percent="92" regionsoverflowed="0" regionsstable="7" regionsrebuilding="0"/>
  </mem-info>
</gc-start>
<allocation-stats totalBytes="20960328" >
  <allocated-bytes non-tlh="0" tlh="20960328" arrayletleaf="0"/>
  <largest-consumer threadName="main" threadId="000000000118C700" bytes="10480400" />
</allocation-stats>
<gc-op id="5264" type="sweep" timems="2.048" contextid="5261" timestamp="2019-06-15T00:49:47.425" />
<gc-op id="5265" type="copy forward" timems="1.444" contextid="5261" timestamp="2019-06-15T00:49:47.427">
  <memory-copied type="eden" objects="5" bytes="240" bytesdiscarded="0" />
  <memory-copied type="other" objects="0" bytes="0" bytesdiscarded="0" />
  <memory-cardclean objects="423" bytes="19440" />
  <regions eden="10" other="1" />
  <remembered-set-cleared processed="42752" cleared="61" durationms="0.325" />
  <stringconstants candidates="13319" cleared="0"  />
</gc-op>
<gc-op id="5266" type="classunload" timems="0.003" contextid="5261" timestamp="2019-06-15T00:49:47.427">
  <classunload-info classloadercandidates="53" classloadersunloaded="0" classesunloaded="0" anonymousclassesunloaded="0" quiescems="0.000" setupms="0.003" scanms="0.000" postms="0.000" />
</gc-op>
<gc-end id="5267" type="partial gc" contextid="5261" durationms="5.003" usertimems="0.000" systemtimems="4.000" timestamp="2019-06-15T00:49:47.427" activeThreads="1">
  <mem-info id="5268" free="36700160" total="60817408" percent="60">
    <mem type="eden" free="1048336" total="1048576" percent="99" />
    <remembered-set count="44512" freebytes="2249600" totalbytes="2427648" percent="92" regionsoverflowed="0" regionsstable="7" regionsrebuilding="0"/>
  </mem-info>
</gc-end>
<cycle-end id="5269" type="partial gc" contextid="5261" timestamp="2019-06-15T00:49:47.427" />
  <attribute name="elasticGC enabled" value="1" />
  <attribute name= "numThreadsSpecified" value="1" />
  <attribute name="heapSize specified" value="0" />
  <attribute name="Current GC Util" value="124" />
  <attribute name= "Current Time Running" value="24320" />
  <attribute name ="GC Interval" value="0" />
  <attribute name="ProportionalT" value="52.000000" />
  <attribute name="ProportionalI" value="52.000000" />
  <attribute name="ProportionalH" value="52.000000" />
  <attribute name="Current Error" value="104.000000" />
  <attribute name="IntegralT" value="0.000000" />
  <attribute name="IntegralI" value="0.000000" />
  <attribute name="IntegralH" value="0.000000" />
  <attribute name="DerivativeT" value="inf" />
  <attribute name="DerivativeI" value="inf" />
  <attribute name="DerivativeH" value="inf" />
  <attribute name="Loop Time for DT" value="0.000000" />
  <attribute name="Output H" value="8388608"/>
  <attribute name="Output I" value="200"/>
  <attribute name="Output T" value="1"/>
  <attribute name="Target GC Util Change" value ="20.000000" />
  <attribute name="Current GC Util Change" value="124.000000"/>
  <attribute name="GC Util currently" value="124" />
  <attribute name="CPU Util currently" value="7701353414867" />
<exclusive-end id="5270" timestamp="2019-06-15T00:49:47.428" durationms="5.848" />

<exclusive-start id="5271" timestamp="2019-06-15T00:49:47.434" intervalms="12.392">
  <response-info timems="0.066" idlems="0.066" threads="0" lastid="000000000118C700" lastname="main" />
</exclusive-start>
<allocation-taxation id="5272" taxation-threshold="22020096" timestamp="2019-06-15T00:49:47.434" intervalms="12.400" />
<cycle-start id="5273" type="partial gc" contextid="0" timestamp="2019-06-15T00:49:47.435" intervalms="12.466" />
<gc-start id="5274" type="partial gc" contextid="5273" timestamp="2019-06-15T00:49:47.435">
  <mem-info id="5275" free="14680064" total="60817408" percent="24">
    <mem type="eden" free="1048336" total="23068672" percent="4" />
    <remembered-set count="44128" freebytes="2251136" totalbytes="2427648" percent="92" regionsoverflowed="0" regionsstable="7" regionsrebuilding="0"/>
  </mem-info>
</gc-start>
<allocation-stats totalBytes="22009120" >
  <allocated-bytes non-tlh="0" tlh="22009120" arrayletleaf="0"/>
  <largest-consumer threadName="main" threadId="000000000118C700" bytes="22009120" />
</allocation-stats>
<gc-op id="5276" type="copy forward" timems="6.094" contextid="5273" timestamp="2019-06-15T00:49:47.442">
  <memory-copied type="eden" objects="8" bytes="192" bytesdiscarded="0" />
  <memory-copied type="other" objects="12" bytes="288" bytesdiscarded="1392" />
  <memory-cardclean objects="55" bytes="1712" />
  <regions eden="21" other="3" />
  <remembered-set-cleared processed="42743" cleared="69" durationms="0.308" />
  <stringconstants candidates="13319" cleared="0"  />
</gc-op>
<gc-op id="5277" type="classunload" timems="0.003" contextid="5273" timestamp="2019-06-15T00:49:47.442">
  <classunload-info classloadercandidates="53" classloadersunloaded="0" classesunloaded="0" anonymousclassesunloaded="0" quiescems="0.000" setupms="0.003" scanms="0.000" postms="0.000" />
</gc-op>
<gc-end id="5278" type="partial gc" contextid="5273" durationms="7.572" usertimems="12.000" systemtimems="0.000" timestamp="2019-06-15T00:49:47.442" activeThreads="4">
  <mem-info id="5279" free="36700160" total="60817408" percent="60">
    <mem type="eden" free="1048384" total="1048576" percent="99" />
    <remembered-set count="44864" freebytes="2248192" totalbytes="2427648" percent="92" regionsoverflowed="0" regionsstable="7" regionsrebuilding="0"/>
  </mem-info>
</gc-end>
<cycle-end id="5280" type="partial gc" contextid="5273" timestamp="2019-06-15T00:49:47.442" />
  <attribute name="elasticGC enabled" value="1" />
  <attribute name= "numThreadsSpecified" value="4" />
  <attribute name="heapSize specified" value="0" />
  <attribute name="Current GC Util" value="224" />
  <attribute name= "Current Time Running" value="24331" />
  <attribute name ="GC Interval" value="0" />
  <attribute name="ProportionalT" value="102.000000" />
  <attribute name="ProportionalI" value="102.000000" />
  <attribute name="ProportionalH" value="102.000000" />
  <attribute name="Current Error" value="204.000000" />
  <attribute name="IntegralT" value="204.000000" />
  <attribute name="IntegralI" value="204.000000" />
  <attribute name="IntegralH" value="204.000000" />
  <attribute name="DerivativeT" value="101.000000" />
  <attribute name="DerivativeI" value="101.000000" />
  <attribute name="DerivativeH" value="101.000000" />
  <attribute name="Loop Time for DT" value="1.000000" />
  <attribute name="Output H" value="8388608"/>
  <attribute name="Output I" value="408"/>
  <attribute name="Output T" value="4"/>
  <attribute name="Target GC Util Change" value ="20.000000" />
  <attribute name="Current GC Util Change" value="224.000000"/>
  <attribute name="GC Util currently" value="224" />
  <attribute name="CPU Util currently" value="7198279826480" />
<exclusive-end id="5281" timestamp="2019-06-15T00:49:47.443" durationms="8.511" />

<exclusive-start id="5282" timestamp="2019-06-15T00:49:47.449" intervalms="15.097">
  <response-info timems="0.070" idlems="0.070" threads="0" lastid="000000000118C700" lastname="main" />
</exclusive-start>
<allocation-taxation id="5283" taxation-threshold="22020096" timestamp="2019-06-15T00:49:47.449" intervalms="15.104" />
<cycle-start id="5284" type="partial gc" contextid="0" timestamp="2019-06-15T00:49:47.450" intervalms="15.167" />
<gc-start id="5285" type="partial gc" contextid="5284" timestamp="2019-06-15T00:49:47.450">
  <mem-info id="5286" free="14680064" total="60817408" percent="24">
    <mem type="eden" free="1048384" total="23068672" percent="4" />
    <remembered-set count="1152" freebytes="2423040" totalbytes="2427648" percent="99" regionsoverflowed="0" regionsstable="18" regionsrebuilding="0"/>
  </mem-info>
</gc-start>
<allocation-stats totalBytes="22008280" >
  <allocated-bytes non-tlh="0" tlh="22008280" arrayletleaf="0"/>
  <largest-consumer threadName="main" threadId="000000000118C700" bytes="22008280" />
</allocation-stats>
<gc-op id="5287" type="copy forward" timems="4.463" contextid="5284" timestamp="2019-06-15T00:49:47.455">
  <memory-copied type="eden" objects="5" bytes="328" bytesdiscarded="0" />
  <memory-copied type="other" objects="17" bytes="552" bytesdiscarded="0" />
  <memory-cardclean objects="43" bytes="1544" />
  <regions eden="21" other="2" />
  <remembered-set-cleared processed="10" cleared="6" durationms="0.093" />
  <stringconstants candidates="13319" cleared="0"  />
</gc-op>
<gc-op id="5288" type="classunload" timems="0.003" contextid="5284" timestamp="2019-06-15T00:49:47.456">
  <classunload-info classloadercandidates="53" classloadersunloaded="0" classesunloaded="0" anonymousclassesunloaded="0" quiescems="0.000" setupms="0.003" scanms="0.000" postms="0.000" />
</gc-op>
<gc-end id="5289" type="partial gc" contextid="5284" durationms="5.903" usertimems="8.000" systemtimems="0.000" timestamp="2019-06-15T00:49:47.456" activeThreads="4">
  <mem-info id="5290" free="36700160" total="60817408" percent="60">
    <mem type="eden" free="1048248" total="1048576" percent="99" />
    <remembered-set count="1120" freebytes="2423168" totalbytes="2427648" percent="99" regionsoverflowed="0" regionsstable="18" regionsrebuilding="0"/>
  </mem-info>
</gc-end>
<cycle-end id="5291" type="partial gc" contextid="5284" timestamp="2019-06-15T00:49:47.456" />
  <attribute name="elasticGC enabled" value="1" />
  <attribute name= "numThreadsSpecified" value="4" />
  <attribute name="heapSize specified" value="0" />
  <attribute name="Current GC Util" value="124" />
  <attribute name= "Current Time Running" value="24346" />
  <attribute name ="GC Interval" value="0" />
  <attribute name="ProportionalT" value="52.000000" />
  <attribute name="ProportionalI" value="52.000000" />
  <attribute name="ProportionalH" value="52.000000" />
  <attribute name="Current Error" value="104.000000" />
  <attribute name="IntegralT" value="104.000000" />
  <attribute name="IntegralI" value="104.000000" />
  <attribute name="IntegralH" value="104.000000" />
  <attribute name="DerivativeT" value="29.000000" />
  <attribute name="DerivativeI" value="29.000000" />
  <attribute name="DerivativeH" value="29.000000" />
  <attribute name="Loop Time for DT" value="1.000000" />
  <attribute name="Output H" value="8388608"/>
  <attribute name="Output I" value="200"/>
  <attribute name="Output T" value="4"/>
  <attribute name="Target GC Util Change" value ="20.000000" />
  <attribute name="Current GC Util Change" value="124.000000"/>
  <attribute name="GC Util currently" value="124" />
  <attribute name="CPU Util currently" value="7459619463573" />
<exclusive-end id="5292" timestamp="2019-06-15T00:49:47.456" durationms="6.887" />

<exclusive-start id="5293" timestamp="2019-06-15T00:49:47.463" intervalms="13.448">
  <response-info timems="0.068" idlems="0.068" threads="0" lastid="000000000118C700" lastname="main" />
</exclusive-start>
<allocation-taxation id="5294" taxation-threshold="22020096" timestamp="2019-06-15T00:49:47.463" intervalms="13.441" />
<cycle-start id="5295" type="partial gc" contextid="0" timestamp="2019-06-15T00:49:47.463" intervalms="13.393" />
<gc-start id="5296" type="partial gc" contextid="5295" timestamp="2019-06-15T00:49:47.463">
  <mem-info id="5297" free="14680064" total="60817408" percent="24">
    <mem type="eden" free="1048248" total="23068672" percent="4" />
    <remembered-set count="704" freebytes="2424832" totalbytes="2427648" percent="99" regionsoverflowed="0" regionsstable="18" regionsrebuilding="0"/>
  </mem-info>
</gc-start>
<allocation-stats totalBytes="22008360" >
  <allocated-bytes non-tlh="0" tlh="22008360" arrayletleaf="0"/>
  <largest-consumer threadName="main" threadId="000000000118C700" bytes="22008360" />
</allocation-stats>
<gc-op id="5298" type="copy forward" timems="3.116" contextid="5295" timestamp="2019-06-15T00:49:47.467">
  <memory-copied type="eden" objects="5" bytes="240" bytesdiscarded="0" />
  <memory-copied type="other" objects="49" bytes="1448" bytesdiscarded="0" />
  <memory-cardclean objects="62" bytes="10584" />
  <regions eden="21" other="2" />
  <remembered-set-cleared processed="8" cleared="5" durationms="0.083" />
  <references type="weak" candidates="30" cleared="0" enqueued="0" />
  <stringconstants candidates="13319" cleared="0"  />
</gc-op>
<gc-op id="5299" type="classunload" timems="0.003" contextid="5295" timestamp="2019-06-15T00:49:47.467">
  <classunload-info classloadercandidates="53" classloadersunloaded="0" classesunloaded="0" anonymousclassesunloaded="0" quiescems="0.000" setupms="0.003" scanms="0.000" postms="0.000" />
</gc-op>
<gc-end id="5300" type="partial gc" contextid="5295" durationms="4.448" usertimems="4.000" systemtimems="0.000" timestamp="2019-06-15T00:49:47.468" activeThreads="4">
  <mem-info id="5301" free="36700160" total="60817408" percent="60">
    <mem type="eden" free="1048336" total="1048576" percent="99" />
    <remembered-set count="576" freebytes="2425344" totalbytes="2427648" percent="99" regionsoverflowed="0" regionsstable="18" regionsrebuilding="0"/>
  </mem-info>
</gc-end>
<cycle-end id="5302" type="partial gc" contextid="5295" timestamp="2019-06-15T00:49:47.468" />
  <attribute name="elasticGC enabled" value="1" />
  <attribute name= "numThreadsSpecified" value="4" />
  <attribute name="heapSize specified" value="0" />
  <attribute name="Current GC Util" value="121" />
  <attribute name= "Current Time Running" value="24359" />
  <attribute name ="GC Interval" value="0" />
  <attribute name="ProportionalT" value="50.500000" />
  <attribute name="ProportionalI" value="50.500000" />
  <attribute name="ProportionalH" value="50.500000" />
  <attribute name="Current Error" value="101.000000" />
  <attribute name="IntegralT" value="101.000000" />
  <attribute name="IntegralI" value="101.000000" />
  <attribute name="IntegralH" value="101.000000" />
  <attribute name="DerivativeT" value="32.000000" />
  <attribute name="DerivativeI" value="32.000000" />
  <attribute name="DerivativeH" value="32.000000" />
  <attribute name="Loop Time for DT" value="1.000000" />
  <attribute name="Output H" value="8388608"/>
  <attribute name="Output I" value="200"/>
  <attribute name="Output T" value="4"/>
  <attribute name="Target GC Util Change" value ="20.000000" />
  <attribute name="Current GC Util Change" value="121.000000"/>
  <attribute name="GC Util currently" value="121" />
  <attribute name="CPU Util currently" value="7233268312330" />
<exclusive-end id="5303" timestamp="2019-06-15T00:49:47.468" durationms="5.357" />

<exclusive-start id="5304" timestamp="2019-06-15T00:49:47.475" intervalms="11.967">
  <response-info timems="0.065" idlems="0.065" threads="0" lastid="000000000118C700" lastname="main" />
</exclusive-start>
<allocation-taxation id="5305" taxation-threshold="22020096" timestamp="2019-06-15T00:49:47.475" intervalms="11.965" />
<cycle-start id="5306" type="partial gc" contextid="0" timestamp="2019-06-15T00:49:47.475" intervalms="11.955" />
<gc-start id="5307" type="partial gc" contextid="5306" timestamp="2019-06-15T00:49:47.475">
  <mem-info id="5308" free="14680064" total="60817408" percent="24">
    <mem type="eden" free="1048336" total="23068672" percent="4" />
    <remembered-set count="192" freebytes="2426880" totalbytes="2427648" percent="99" regionsoverflowed="0" regionsstable="18" regionsrebuilding="0"/>
  </mem-info>
</gc-start>
<allocation-stats totalBytes="22009120" >
  <allocated-bytes non-tlh="0" tlh="22009120" arrayletleaf="0"/>
  <largest-consumer threadName="main" threadId="000000000118C700" bytes="22009120" />
</allocation-stats>
<gc-op id="5309" type="copy forward" timems="3.090" contextid="5306" timestamp="2019-06-15T00:49:47.479">
  <memory-copied type="eden" objects="8" bytes="192" bytesdiscarded="0" />
  <memory-copied type="other" objects="0" bytes="0" bytesdiscarded="0" />
  <memory-cardclean objects="15" bytes="512" />
  <regions eden="21" other="1" />
  <remembered-set-cleared processed="13" cleared="0" durationms="0.089" />
  <stringconstants candidates="13319" cleared="0"  />
</gc-op>
<gc-op id="5310" type="classunload" timems="0.003" contextid="5306" timestamp="2019-06-15T00:49:47.479">
  <classunload-info classloadercandidates="53" classloadersunloaded="0" classesunloaded="0" anonymousclassesunloaded="0" quiescems="0.000" setupms="0.003" scanms="0.000" postms="0.000" />
</gc-op>
<gc-end id="5311" type="partial gc" contextid="5306" durationms="4.466" usertimems="8.000" systemtimems="0.000" timestamp="2019-06-15T00:49:47.480" activeThreads="4">
  <mem-info id="5312" free="36700160" total="60817408" percent="60">
    <mem type="eden" free="1048384" total="1048576" percent="99" />
    <remembered-set count="672" freebytes="2424960" totalbytes="2427648" percent="99" regionsoverflowed="0" regionsstable="18" regionsrebuilding="0"/>
  </mem-info>
</gc-end>
<cycle-end id="5313" type="partial gc" contextid="5306" timestamp="2019-06-15T00:49:47.480" />
  <attribute name="elasticGC enabled" value="1" />
  <attribute name= "numThreadsSpecified" value="4" />
  <attribute name="heapSize specified" value="0" />
  <attribute name="Current GC Util" value="120" />
  <attribute name= "Current Time Running" value="24371" />
  <attribute name ="GC Interval" value="0" />
  <attribute name="ProportionalT" value="50.000000" />
  <attribute name="ProportionalI" value="50.000000" />
  <attribute name="ProportionalH" value="50.000000" />
  <attribute name="Current Error" value="100.000000" />
  <attribute name="IntegralT" value="100.000000" />
  <attribute name="IntegralI" value="100.000000" />
  <attribute name="IntegralH" value="100.000000" />
  <attribute name="DerivativeT" value="37.500000" />
  <attribute name="DerivativeI" value="37.500000" />
  <attribute name="DerivativeH" value="37.500000" />
  <attribute name="Loop Time for DT" value="1.000000" />
  <attribute name="Output H" value="8388608"/>
  <attribute name="Output I" value="200"/>
  <attribute name="Output T" value="4"/>
  <attribute name="Target GC Util Change" value ="20.000000" />
  <attribute name="Current GC Util Change" value="120.000000"/>
  <attribute name="GC Util currently" value="120" />
  <attribute name="CPU Util currently" value="7231317476252" />
<exclusive-end id="5314" timestamp="2019-06-15T00:49:47.480" durationms="5.289" />

<exclusive-start id="5315" timestamp="2019-06-15T00:49:47.487" intervalms="11.860">
  <response-info timems="0.067" idlems="0.067" threads="0" lastid="000000000118C700" lastname="main" />
</exclusive-start>
<allocation-taxation id="5316" taxation-threshold="22020096" timestamp="2019-06-15T00:49:47.487" intervalms="11.862" />
<cycle-start id="5317" type="partial gc" contextid="0" timestamp="2019-06-15T00:49:47.487" intervalms="11.835" />
<gc-start id="5318" type="partial gc" contextid="5317" timestamp="2019-06-15T00:49:47.487">
  <mem-info id="5319" free="14680064" total="60817408" percent="24">
    <mem type="eden" free="1048384" total="23068672" percent="4" />
    <remembered-set count="192" freebytes="2426880" totalbytes="2427648" percent="99" regionsoverflowed="0" regionsstable="18" regionsrebuilding="0"/>
  </mem-info>
</gc-start>
<allocation-stats totalBytes="22008280" >
  <allocated-bytes non-tlh="0" tlh="22008280" arrayletleaf="0"/>
  <largest-consumer threadName="main" threadId="000000000118C700" bytes="22008280" />
</allocation-stats>
<gc-op id="5320" type="copy forward" timems="3.135" contextid="5317" timestamp="2019-06-15T00:49:47.491">
  <memory-copied type="eden" objects="5" bytes="328" bytesdiscarded="0" />
  <memory-copied type="other" objects="0" bytes="0" bytesdiscarded="0" />
  <memory-cardclean objects="15" bytes="512" />
  <regions eden="21" other="1" />
  <remembered-set-cleared processed="13" cleared="0" durationms="0.090" />
  <stringconstants candidates="13319" cleared="0"  />
</gc-op>
<gc-op id="5321" type="classunload" timems="0.004" contextid="5317" timestamp="2019-06-15T00:49:47.491">
  <classunload-info classloadercandidates="53" classloadersunloaded="0" classesunloaded="0" anonymousclassesunloaded="0" quiescems="0.000" setupms="0.004" scanms="0.000" postms="0.000" />
</gc-op>
<gc-end id="5322" type="partial gc" contextid="5317" durationms="4.528" usertimems="8.000" systemtimems="0.000" timestamp="2019-06-15T00:49:47.492" activeThreads="4">
  <mem-info id="5323" free="36700160" total="60817408" percent="60">
    <mem type="eden" free="1048248" total="1048576" percent="99" />
    <remembered-set count="672" freebytes="2424960" totalbytes="2427648" percent="99" regionsoverflowed="0" regionsstable="18" regionsrebuilding="0"/>
  </mem-info>
</gc-end>
<cycle-end id="5324" type="partial gc" contextid="5317" timestamp="2019-06-15T00:49:47.492" />
  <attribute name="elasticGC enabled" value="1" />
  <attribute name= "numThreadsSpecified" value="4" />
  <attribute name="heapSize specified" value="0" />
  <attribute name="Current GC Util" value="120" />
  <attribute name= "Current Time Running" value="24383" />
  <attribute name ="GC Interval" value="0" />
  <attribute name="ProportionalT" value="50.000000" />
  <attribute name="ProportionalI" value="50.000000" />
  <attribute name="ProportionalH" value="50.000000" />
  <attribute name="Current Error" value="100.000000" />
  <attribute name="IntegralT" value="100.000000" />
  <attribute name="IntegralI" value="100.000000" />
  <attribute name="IntegralH" value="100.000000" />
  <attribute name="DerivativeT" value="37.000000" />
  <attribute name="DerivativeI" value="37.000000" />
  <attribute name="DerivativeH" value="37.000000" />
  <attribute name="Loop Time for DT" value="1.000000" />
  <attribute name="Output H" value="8388608"/>
  <attribute name="Output I" value="200"/>
  <attribute name="Output T" value="4"/>
  <attribute name="Target GC Util Change" value ="20.000000" />
  <attribute name="Current GC Util Change" value="120.000000"/>
  <attribute name="GC Util currently" value="120" />
  <attribute name="CPU Util currently" value="7063831461725" />
<exclusive-end id="5325" timestamp="2019-06-15T00:49:47.492" durationms="5.266" />

<exclusive-start id="5326" timestamp="2019-06-15T00:49:47.498" intervalms="11.786">
  <response-info timems="0.067" idlems="0.067" threads="0" lastid="000000000118C700" lastname="main" />
</exclusive-start>
<allocation-taxation id="5327" taxation-threshold="22020096" timestamp="2019-06-15T00:49:47.498" intervalms="11.740" />
<cycle-start id="5328" type="partial gc" contextid="0" timestamp="2019-06-15T00:49:47.499" intervalms="11.786" />
<gc-start id="5329" type="partial gc" contextid="5328" timestamp="2019-06-15T00:49:47.499">
  <mem-info id="5330" free="14680064" total="60817408" percent="24">
    <mem type="eden" free="1048248" total="23068672" percent="4" />
    <remembered-set count="192" freebytes="2426880" totalbytes="2427648" percent="99" regionsoverflowed="0" regionsstable="18" regionsrebuilding="0"/>
  </mem-info>
</gc-start>
<allocation-stats totalBytes="22008360" >
  <allocated-bytes non-tlh="0" tlh="22008360" arrayletleaf="0"/>
  <largest-consumer threadName="main" threadId="000000000118C700" bytes="22008360" />
</allocation-stats>
<gc-op id="5331" type="copy forward" timems="3.084" contextid="5328" timestamp="2019-06-15T00:49:47.503">
  <memory-copied type="eden" objects="5" bytes="240" bytesdiscarded="0" />
  <memory-copied type="other" objects="0" bytes="0" bytesdiscarded="0" />
  <memory-cardclean objects="15" bytes="512" />
  <regions eden="21" other="1" />
  <remembered-set-cleared processed="13" cleared="0" durationms="0.093" />
  <stringconstants candidates="13319" cleared="0"  />
</gc-op>
<gc-op id="5332" type="classunload" timems="0.003" contextid="5328" timestamp="2019-06-15T00:49:47.503">
  <classunload-info classloadercandidates="53" classloadersunloaded="0" classesunloaded="0" anonymousclassesunloaded="0" quiescems="0.000" setupms="0.003" scanms="0.000" postms="0.000" />
</gc-op>
<gc-end id="5333" type="partial gc" contextid="5328" durationms="4.463" usertimems="4.000" systemtimems="0.000" timestamp="2019-06-15T00:49:47.503" activeThreads="4">
  <mem-info id="5334" free="36700160" total="60817408" percent="60">
    <mem type="eden" free="1048336" total="1048576" percent="99" />
    <remembered-set count="672" freebytes="2424960" totalbytes="2427648" percent="99" regionsoverflowed="0" regionsstable="18" regionsrebuilding="0"/>
  </mem-info>
</gc-end>
<cycle-end id="5335" type="partial gc" contextid="5328" timestamp="2019-06-15T00:49:47.503" />
  <attribute name="elasticGC enabled" value="1" />
  <attribute name= "numThreadsSpecified" value="4" />
  <attribute name="heapSize specified" value="0" />
  <attribute name="Current GC Util" value="122" />
  <attribute name= "Current Time Running" value="24395" />
  <attribute name ="GC Interval" value="0" />
  <attribute name="ProportionalT" value="51.000000" />
  <attribute name="ProportionalI" value="51.000000" />
  <attribute name="ProportionalH" value="51.000000" />
  <attribute name="Current Error" value="102.000000" />
  <attribute name="IntegralT" value="102.000000" />
  <attribute name="IntegralI" value="102.000000" />
  <attribute name="IntegralH" value="102.000000" />
  <attribute name="DerivativeT" value="37.500000" />
  <attribute name="DerivativeI" value="37.500000" />
  <attribute name="DerivativeH" value="37.500000" />
  <attribute name="Loop Time for DT" value="1.000000" />
  <attribute name="Output H" value="8388608"/>
  <attribute name="Output I" value="200"/>
  <attribute name="Output T" value="4"/>
  <attribute name="Target GC Util Change" value ="20.000000" />
  <attribute name="Current GC Util Change" value="122.000000"/>
  <attribute name="GC Util currently" value="122" />
  <attribute name="CPU Util currently" value="7224248849587" />
<exclusive-end id="5336" timestamp="2019-06-15T00:49:47.504" durationms="5.303" />

<exclusive-start id="5337" timestamp="2019-06-15T00:49:47.511" intervalms="12.374">
  <response-info timems="0.070" idlems="0.070" threads="0" lastid="000000000118C700" lastname="main" />
</exclusive-start>
<allocation-taxation id="5338" taxation-threshold="22020096" timestamp="2019-06-15T00:49:47.511" intervalms="12.418" />
<cycle-start id="5339" type="partial gc" contextid="0" timestamp="2019-06-15T00:49:47.511" intervalms="12.397" />
<gc-start id="5340" type="partial gc" contextid="5339" timestamp="2019-06-15T00:49:47.511">
  <mem-info id="5341" free="14680064" total="60817408" percent="24">
    <mem type="eden" free="1048336" total="23068672" percent="4" />
    <remembered-set count="192" freebytes="2426880" totalbytes="2427648" percent="99" regionsoverflowed="0" regionsstable="18" regionsrebuilding="0"/>
  </mem-info>
</gc-start>
<allocation-stats totalBytes="22004576" >
  <allocated-bytes non-tlh="0" tlh="22004576" arrayletleaf="0"/>
  <largest-consumer threadName="main" threadId="000000000118C700" bytes="22004576" />
</allocation-stats>
<gc-op id="5342" type="copy forward" timems="3.122" contextid="5339" timestamp="2019-06-15T00:49:47.515">
  <memory-copied type="eden" objects="27" bytes="1344" bytesdiscarded="0" />
  <memory-copied type="other" objects="0" bytes="0" bytesdiscarded="0" />
  <memory-cardclean objects="70" bytes="2248" />
  <regions eden="21" other="1" />
  <remembered-set-cleared processed="13" cleared="6" durationms="0.094" />
  <stringconstants candidates="13319" cleared="0"  />
</gc-op>
<gc-op id="5343" type="classunload" timems="0.004" contextid="5339" timestamp="2019-06-15T00:49:47.515">
  <classunload-info classloadercandidates="53" classloadersunloaded="0" classesunloaded="0" anonymousclassesunloaded="0" quiescems="0.000" setupms="0.004" scanms="0.000" postms="0.000" />
</gc-op>
<gc-end id="5344" type="partial gc" contextid="5339" durationms="4.414" usertimems="4.000" systemtimems="0.000" timestamp="2019-06-15T00:49:47.516" activeThreads="4">
  <mem-info id="5345" free="36700160" total="60817408" percent="60">
    <mem type="eden" free="1047232" total="1048576" percent="99" />
    <remembered-set count="640" freebytes="2425088" totalbytes="2427648" percent="99" regionsoverflowed="0" regionsstable="18" regionsrebuilding="0"/>
  </mem-info>
</gc-end>
<cycle-end id="5346" type="partial gc" contextid="5339" timestamp="2019-06-15T00:49:47.516" />
  <attribute name="elasticGC enabled" value="1" />
  <attribute name= "numThreadsSpecified" value="4" />
  <attribute name="heapSize specified" value="0" />
  <attribute name="Current GC Util" value="121" />
  <attribute name= "Current Time Running" value="24407" />
  <attribute name ="GC Interval" value="0" />
  <attribute name="ProportionalT" value="50.500000" />
  <attribute name="ProportionalI" value="50.500000" />
  <attribute name="ProportionalH" value="50.500000" />
  <attribute name="Current Error" value="101.000000" />
  <attribute name="IntegralT" value="101.000000" />
  <attribute name="IntegralI" value="101.000000" />
  <attribute name="IntegralH" value="101.000000" />
  <attribute name="DerivativeT" value="38.500000" />
  <attribute name="DerivativeI" value="38.500000" />
  <attribute name="DerivativeH" value="38.500000" />
  <attribute name="Loop Time for DT" value="1.000000" />
  <attribute name="Output H" value="8388608"/>
  <attribute name="Output I" value="200"/>
  <attribute name="Output T" value="4"/>
  <attribute name="Target GC Util Change" value ="20.000000" />
  <attribute name="Current GC Util Change" value="121.000000"/>
  <attribute name="GC Util currently" value="121" />
  <attribute name="CPU Util currently" value="7232213367915" />
<exclusive-end id="5347" timestamp="2019-06-15T00:49:47.516" durationms="5.224" />

<exclusive-start id="5348" timestamp="2019-06-15T00:49:47.523" intervalms="12.633">
  <response-info timems="0.070" idlems="0.070" threads="0" lastid="000000000118C700" lastname="main" />
</exclusive-start>
<allocation-taxation id="5349" taxation-threshold="22020096" timestamp="2019-06-15T00:49:47.524" intervalms="12.622" />
<cycle-start id="5350" type="partial gc" contextid="0" timestamp="2019-06-15T00:49:47.524" intervalms="12.590" />
<gc-start id="5351" type="partial gc" contextid="5350" timestamp="2019-06-15T00:49:47.524">
  <mem-info id="5352" free="14680064" total="60817408" percent="24">
    <mem type="eden" free="0" total="22020096" percent="0" />
    <remembered-set count="192" freebytes="2426880" totalbytes="2427648" percent="99" regionsoverflowed="0" regionsstable="18" regionsrebuilding="0"/>
  </mem-info>
</gc-start>
<allocation-stats totalBytes="22001160" >
  <allocated-bytes non-tlh="0" tlh="22001160" arrayletleaf="0"/>
  <largest-consumer threadName="main" threadId="000000000118C700" bytes="22001160" />
</allocation-stats>
<gc-op id="5353" type="copy forward" timems="3.192" contextid="5350" timestamp="2019-06-15T00:49:47.528">
  <memory-copied type="eden" objects="5" bytes="152" bytesdiscarded="0" />
  <memory-copied type="other" objects="22" bytes="952" bytesdiscarded="0" />
  <memory-cardclean objects="57" bytes="2040" />
  <regions eden="21" other="1" />
  <remembered-set-cleared processed="11" cleared="4" durationms="0.094" />
  <stringconstants candidates="13319" cleared="0"  />
</gc-op>
<gc-op id="5354" type="classunload" timems="0.003" contextid="5350" timestamp="2019-06-15T00:49:47.528">
  <classunload-info classloadercandidates="53" classloadersunloaded="0" classesunloaded="0" anonymousclassesunloaded="0" quiescems="0.000" setupms="0.003" scanms="0.000" postms="0.000" />
</gc-op>
<heap-resize id="5355" type="expand" space="default" amount="2097152" count="1" timems="0.051" reason="excessive time being spent in gc" timestamp="2019-06-15T00:49:47.529" />
<gc-end id="5356" type="partial gc" contextid="5350" durationms="4.757" usertimems="8.000" systemtimems="0.000" timestamp="2019-06-15T00:49:47.529" activeThreads="4">
  <mem-info id="5357" free="37748736" total="62914560" percent="60">
    <mem type="eden" free="1048424" total="1048576" percent="99" />
    <remembered-set count="1152" freebytes="2506752" totalbytes="2511360" percent="99" regionsoverflowed="0" regionsstable="18" regionsrebuilding="0"/>
  </mem-info>
</gc-end>
<cycle-end id="5358" type="partial gc" contextid="5350" timestamp="2019-06-15T00:49:47.529" />
  <attribute name="elasticGC enabled" value="1" />
  <attribute name= "numThreadsSpecified" value="4" />
  <attribute name="heapSize specified" value="0" />
  <attribute name="Current GC Util" value="123" />
  <attribute name= "Current Time Running" value="24420" />
  <attribute name ="GC Interval" value="0" />
  <attribute name="ProportionalT" value="51.500000" />
  <attribute name="ProportionalI" value="51.500000" />
  <attribute name="ProportionalH" value="51.500000" />
  <attribute name="Current Error" value="103.000000" />
  <attribute name="IntegralT" value="103.000000" />
  <attribute name="IntegralI" value="103.000000" />
  <attribute name="IntegralH" value="103.000000" />
  <attribute name="DerivativeT" value="40.000000" />
  <attribute name="DerivativeI" value="40.000000" />
  <attribute name="DerivativeH" value="40.000000" />
  <attribute name="Loop Time for DT" value="1.000000" />
  <attribute name="Output H" value="8388608"/>
  <attribute name="Output I" value="200"/>
  <attribute name="Output T" value="4"/>
  <attribute name="Target GC Util Change" value ="20.000000" />
  <attribute name="Current GC Util Change" value="123.000000"/>
  <attribute name="GC Util currently" value="123" />
  <attribute name="CPU Util currently" value="7539721841539" />
<exclusive-end id="5359" timestamp="2019-06-15T00:49:47.529" durationms="5.712" />

<exclusive-start id="5360" timestamp="2019-06-15T00:49:47.536" intervalms="12.770">
  <response-info timems="0.068" idlems="0.068" threads="0" lastid="000000000118C700" lastname="main" />
</exclusive-start>
<allocation-taxation id="5361" taxation-threshold="22020096" timestamp="2019-06-15T00:49:47.536" intervalms="12.785" />
<cycle-start id="5362" type="partial gc" contextid="0" timestamp="2019-06-15T00:49:47.536" intervalms="12.787" />
<gc-start id="5363" type="partial gc" contextid="5362" timestamp="2019-06-15T00:49:47.537">
  <mem-info id="5364" free="15728640" total="62914560" percent="25">
    <mem type="eden" free="1048424" total="23068672" percent="4" />
    <remembered-set count="704" freebytes="2508544" totalbytes="2511360" percent="99" regionsoverflowed="0" regionsstable="18" regionsrebuilding="0"/>
  </mem-info>
</gc-start>
<allocation-stats totalBytes="22001032" >
  <allocated-bytes non-tlh="0" tlh="22001032" arrayletleaf="0"/>
  <largest-consumer threadName="main" threadId="000000000118C700" bytes="22001032" />
</allocation-stats>
<gc-op id="5365" type="copy forward" timems="3.150" contextid="5362" timestamp="2019-06-15T00:49:47.541">
  <memory-copied type="eden" objects="5" bytes="208" bytesdiscarded="0" />
  <memory-copied type="other" objects="0" bytes="0" bytesdiscarded="0" />
  <memory-cardclean objects="15" bytes="520" />
  <regions eden="21" other="1" />
  <remembered-set-cleared processed="16" cleared="0" durationms="0.094" />
  <stringconstants candidates="13319" cleared="0"  />
</gc-op>
<gc-op id="5366" type="classunload" timems="0.004" contextid="5362" timestamp="2019-06-15T00:49:47.541">
  <classunload-info classloadercandidates="53" classloadersunloaded="0" classesunloaded="0" anonymousclassesunloaded="0" quiescems="0.000" setupms="0.003" scanms="0.000" postms="0.000" />
</gc-op>
<gc-end id="5367" type="partial gc" contextid="5362" durationms="4.542" usertimems="0.000" systemtimems="4.000" timestamp="2019-06-15T00:49:47.541" activeThreads="4">
  <mem-info id="5368" free="37748736" total="62914560" percent="60">
    <mem type="eden" free="1048368" total="1048576" percent="99" />
    <remembered-set count="704" freebytes="2508544" totalbytes="2511360" percent="99" regionsoverflowed="0" regionsstable="18" regionsrebuilding="0"/>
  </mem-info>
</gc-end>
<cycle-end id="5369" type="partial gc" contextid="5362" timestamp="2019-06-15T00:49:47.541" />
  <attribute name="elasticGC enabled" value="1" />
  <attribute name= "numThreadsSpecified" value="4" />
  <attribute name="heapSize specified" value="0" />
  <attribute name="Current GC Util" value="123" />
  <attribute name= "Current Time Running" value="24433" />
  <attribute name ="GC Interval" value="0" />
  <attribute name="ProportionalT" value="51.500000" />
  <attribute name="ProportionalI" value="51.500000" />
  <attribute name="ProportionalH" value="51.500000" />
  <attribute name="Current Error" value="103.000000" />
  <attribute name="IntegralT" value="103.000000" />
  <attribute name="IntegralI" value="103.000000" />
  <attribute name="IntegralH" value="103.000000" />
  <attribute name="DerivativeT" value="39.500000" />
  <attribute name="DerivativeI" value="39.500000" />
  <attribute name="DerivativeH" value="39.500000" />
  <attribute name="Loop Time for DT" value="1.000000" />
  <attribute name="Output H" value="8388608"/>
  <attribute name="Output I" value="200"/>
  <attribute name="Output T" value="4"/>
  <attribute name="Target GC Util Change" value ="20.000000" />
  <attribute name="Current GC Util Change" value="123.000000"/>
  <attribute name="GC Util currently" value="123" />
  <attribute name="CPU Util currently" value="7531201324203" />
<exclusive-end id="5370" timestamp="2019-06-15T00:49:47.542" durationms="5.394" />

<exclusive-start id="5371" timestamp="2019-06-15T00:49:47.549" intervalms="12.471">
  <response-info timems="0.070" idlems="0.070" threads="0" lastid="000000000118C700" lastname="main" />
</exclusive-start>
<allocation-taxation id="5372" taxation-threshold="22020096" timestamp="2019-06-15T00:49:47.549" intervalms="12.473" />
<cycle-start id="5373" type="partial gc" contextid="0" timestamp="2019-06-15T00:49:47.549" intervalms="12.565" />
<gc-start id="5374" type="partial gc" contextid="5373" timestamp="2019-06-15T00:49:47.549">
  <mem-info id="5375" free="15728640" total="62914560" percent="25">
    <mem type="eden" free="1048368" total="23068672" percent="4" />
    <remembered-set count="224" freebytes="2510464" totalbytes="2511360" percent="99" regionsoverflowed="0" regionsstable="18" regionsrebuilding="0"/>
  </mem-info>
</gc-start>
<allocation-stats totalBytes="21999984" >
  <allocated-bytes non-tlh="0" tlh="21999984" arrayletleaf="0"/>
  <largest-consumer threadName="main" threadId="000000000118C700" bytes="21999984" />
</allocation-stats>
<gc-op id="5376" type="copy forward" timems="1.167" contextid="5373" timestamp="2019-06-15T00:49:47.551">
  <memory-copied type="eden" objects="5" bytes="216" bytesdiscarded="0" />
  <memory-copied type="other" objects="0" bytes="0" bytesdiscarded="0" />
  <memory-cardclean objects="15" bytes="520" />
  <regions eden="21" other="1" />
  <remembered-set-cleared processed="16" cleared="0" durationms="0.086" />
  <stringconstants candidates="13319" cleared="0"  />
</gc-op>
<gc-op id="5377" type="classunload" timems="0.004" contextid="5373" timestamp="2019-06-15T00:49:47.552">
  <classunload-info classloadercandidates="53" classloadersunloaded="0" classesunloaded="0" anonymousclassesunloaded="0" quiescems="0.000" setupms="0.004" scanms="0.000" postms="0.000" />
</gc-op>
<gc-end id="5378" type="partial gc" contextid="5373" durationms="2.610" usertimems="4.000" systemtimems="0.000" timestamp="2019-06-15T00:49:47.552" activeThreads="1">
  <mem-info id="5379" free="37748736" total="62914560" percent="60">
    <mem type="eden" free="1048360" total="1048576" percent="99" />
    <remembered-set count="704" freebytes="2508544" totalbytes="2511360" percent="99" regionsoverflowed="0" regionsstable="18" regionsrebuilding="0"/>
  </mem-info>
</gc-end>
<cycle-end id="5380" type="partial gc" contextid="5373" timestamp="2019-06-15T00:49:47.552" />
  <attribute name="elasticGC enabled" value="1" />
  <attribute name= "numThreadsSpecified" value="1" />
  <attribute name="heapSize specified" value="0" />
  <attribute name="Current GC Util" value="123" />
  <attribute name= "Current Time Running" value="24445" />
  <attribute name ="GC Interval" value="0" />
  <attribute name="ProportionalT" value="51.500000" />
  <attribute name="ProportionalI" value="51.500000" />
  <attribute name="ProportionalH" value="51.500000" />
  <attribute name="Current Error" value="103.000000" />
  <attribute name="IntegralT" value="0.000000" />
  <attribute name="IntegralI" value="0.000000" />
  <attribute name="IntegralH" value="0.000000" />
  <attribute name="DerivativeT" value="inf" />
  <attribute name="DerivativeI" value="inf" />
  <attribute name="DerivativeH" value="inf" />
  <attribute name="Loop Time for DT" value="0.000000" />
  <attribute name="Output H" value="8388608"/>
  <attribute name="Output I" value="200"/>
  <attribute name="Output T" value="1"/>
  <attribute name="Target GC Util Change" value ="20.000000" />
  <attribute name="Current GC Util Change" value="123.000000"/>
  <attribute name="GC Util currently" value="123" />
  <attribute name="CPU Util currently" value="7537774707043" />
<exclusive-end id="5381" timestamp="2019-06-15T00:49:47.552" durationms="3.563" />

<exclusive-start id="5382" timestamp="2019-06-15T00:49:47.570" intervalms="20.926">
  <response-info timems="0.067" idlems="0.067" threads="0" lastid="000000000118C700" lastname="main" />
</exclusive-start>
<allocation-taxation id="5383" taxation-threshold="22020096" timestamp="2019-06-15T00:49:47.570" intervalms="20.912" />
<cycle-start id="5384" type="partial gc" contextid="0" timestamp="2019-06-15T00:49:47.570" intervalms="20.910" />
<gc-start id="5385" type="partial gc" contextid="5384" timestamp="2019-06-15T00:49:47.570">
  <mem-info id="5386" free="15728640" total="62914560" percent="25">
    <mem type="eden" free="1048360" total="23068672" percent="4" />
    <remembered-set count="224" freebytes="2510464" totalbytes="2511360" percent="99" regionsoverflowed="0" regionsstable="18" regionsrebuilding="0"/>
  </mem-info>
</gc-start>
<allocation-stats totalBytes="22010800" >
  <allocated-bytes non-tlh="0" tlh="22010800" arrayletleaf="0"/>
  <largest-consumer threadName="main" threadId="000000000118C700" bytes="22010800" />
</allocation-stats>
<gc-op id="5387" type="copy forward" timems="5.325" contextid="5384" timestamp="2019-06-15T00:49:47.577">
  <memory-copied type="eden" objects="42" bytes="1880" bytesdiscarded="240" />
  <memory-copied type="other" objects="0" bytes="0" bytesdiscarded="0" />
  <memory-cardclean objects="70" bytes="2256" />
  <regions eden="21" other="1" />
  <remembered-set-cleared processed="16" cleared="8" durationms="0.094" />
  <stringconstants candidates="13319" cleared="0"  />
</gc-op>
<gc-op id="5388" type="classunload" timems="0.004" contextid="5384" timestamp="2019-06-15T00:49:47.577">
  <classunload-info classloadercandidates="53" classloadersunloaded="0" classesunloaded="0" anonymousclassesunloaded="0" quiescems="0.000" setupms="0.004" scanms="0.000" postms="0.000" />
</gc-op>
<gc-end id="5389" type="partial gc" contextid="5384" durationms="6.790" usertimems="12.000" systemtimems="0.000" timestamp="2019-06-15T00:49:47.577" activeThreads="4">
  <mem-info id="5390" free="37748736" total="62914560" percent="60">
    <mem type="eden" free="1046456" total="1048576" percent="99" />
    <remembered-set count="1184" freebytes="2506624" totalbytes="2511360" percent="99" regionsoverflowed="0" regionsstable="18" regionsrebuilding="0"/>
  </mem-info>
</gc-end>
<cycle-end id="5391" type="partial gc" contextid="5384" timestamp="2019-06-15T00:49:47.577" />
  <attribute name="elasticGC enabled" value="1" />
  <attribute name= "numThreadsSpecified" value="4" />
  <attribute name="heapSize specified" value="0" />
  <attribute name="Current GC Util" value="233" />
  <attribute name= "Current Time Running" value="24466" />
  <attribute name ="GC Interval" value="0" />
  <attribute name="ProportionalT" value="106.500000" />
  <attribute name="ProportionalI" value="106.500000" />
  <attribute name="ProportionalH" value="106.500000" />
  <attribute name="Current Error" value="213.000000" />
  <attribute name="IntegralT" value="213.000000" />
  <attribute name="IntegralI" value="213.000000" />
  <attribute name="IntegralH" value="213.000000" />
  <attribute name="DerivativeT" value="106.500000" />
  <attribute name="DerivativeI" value="106.500000" />
  <attribute name="DerivativeH" value="106.500000" />
  <attribute name="Loop Time for DT" value="1.000000" />
  <attribute name="Output H" value="8388608"/>
  <attribute name="Output I" value="432"/>
  <attribute name="Output T" value="4"/>
  <attribute name="Target GC Util Change" value ="20.000000" />
  <attribute name="Current GC Util Change" value="233.000000"/>
  <attribute name="GC Util currently" value="233" />
  <attribute name="CPU Util currently" value="7554345098258" />
<exclusive-end id="5392" timestamp="2019-06-15T00:49:47.577" durationms="7.756" />

<exclusive-start id="5393" timestamp="2019-06-15T00:49:47.600" intervalms="30.469">
  <response-info timems="0.069" idlems="0.069" threads="0" lastid="000000000118C700" lastname="main" />
</exclusive-start>
<allocation-taxation id="5394" taxation-threshold="22020096" timestamp="2019-06-15T00:49:47.600" intervalms="30.468" />
<cycle-start id="5395" type="partial gc" contextid="0" timestamp="2019-06-15T00:49:47.600" intervalms="30.451" />
<gc-start id="5396" type="partial gc" contextid="5395" timestamp="2019-06-15T00:49:47.601">
  <mem-info id="5397" free="15728640" total="62914560" percent="25">
    <mem type="eden" free="0" total="22020096" percent="0" />
    <remembered-set count="736" freebytes="2508416" totalbytes="2511360" percent="99" regionsoverflowed="0" regionsstable="18" regionsrebuilding="0"/>
  </mem-info>
</gc-start>
<allocation-stats totalBytes="22015200" >
  <allocated-bytes non-tlh="0" tlh="22015200" arrayletleaf="0"/>
  <largest-consumer threadName="main" threadId="000000000118C700" bytes="22015200" />
</allocation-stats>
<gc-op id="5398" type="copy forward" timems="3.146" contextid="5395" timestamp="2019-06-15T00:49:47.605">
  <memory-copied type="eden" objects="31" bytes="1504" bytesdiscarded="0" />
  <memory-copied type="other" objects="22" bytes="976" bytesdiscarded="0" />
  <memory-cardclean objects="57" bytes="2048" />
  <regions eden="21" other="1" />
  <remembered-set-cleared processed="14" cleared="6" durationms="0.096" />
  <stringconstants candidates="13319" cleared="0"  />
</gc-op>
<gc-op id="5399" type="classunload" timems="0.003" contextid="5395" timestamp="2019-06-15T00:49:47.605">
  <classunload-info classloadercandidates="53" classloadersunloaded="0" classesunloaded="0" anonymousclassesunloaded="0" quiescems="0.000" setupms="0.003" scanms="0.000" postms="0.000" />
</gc-op>
<heap-resize id="5400" type="expand" space="default" amount="3145728" count="1" timems="0.053" reason="excessive time being spent in gc" timestamp="2019-06-15T00:49:47.605" />
<gc-end id="5401" type="partial gc" contextid="5395" durationms="4.726" usertimems="8.000" systemtimems="0.000" timestamp="2019-06-15T00:49:47.605" activeThreads="4">
  <mem-info id="5402" free="39845888" total="66060288" percent="60">
    <mem type="eden" free="1047072" total="1048576" percent="99" />
    <remembered-set count="1184" freebytes="2632192" totalbytes="2636928" percent="99" regionsoverflowed="0" regionsstable="18" regionsrebuilding="0"/>
  </mem-info>
</gc-end>
<cycle-end id="5403" type="partial gc" contextid="5395" timestamp="2019-06-15T00:49:47.606" />
  <attribute name="elasticGC enabled" value="1" />
  <attribute name= "numThreadsSpecified" value="4" />
  <attribute name="heapSize specified" value="0" />
  <attribute name="Current GC Util" value="123" />
  <attribute name= "Current Time Running" value="24497" />
  <attribute name ="GC Interval" value="0" />
  <attribute name="ProportionalT" value="51.500000" />
  <attribute name="ProportionalI" value="51.500000" />
  <attribute name="ProportionalH" value="51.500000" />
  <attribute name="Current Error" value="103.000000" />
  <attribute name="IntegralT" value="103.000000" />
  <attribute name="IntegralI" value="103.000000" />
  <attribute name="IntegralH" value="103.000000" />
  <attribute name="DerivativeT" value="47.000000" />
  <attribute name="DerivativeI" value="47.000000" />
  <attribute name="DerivativeH" value="47.000000" />
  <attribute name="Loop Time for DT" value="1.000000" />
  <attribute name="Output H" value="8388608"/>
  <attribute name="Output I" value="208"/>
  <attribute name="Output T" value="4"/>
  <attribute name="Target GC Util Change" value ="20.000000" />
  <attribute name="Current GC Util Change" value="123.000000"/>
  <attribute name="GC Util currently" value="123" />
  <attribute name="CPU Util currently" value="7557625811749" />
<exclusive-end id="5404" timestamp="2019-06-15T00:49:47.606" durationms="5.749" />

<exclusive-start id="5405" timestamp="2019-06-15T00:49:47.630" intervalms="29.583">
  <response-info timems="0.067" idlems="0.067" threads="0" lastid="000000000118C700" lastname="main" />
</exclusive-start>
<allocation-taxation id="5406" taxation-threshold="23068672" timestamp="2019-06-15T00:49:47.630" intervalms="29.553" />
<cycle-start id="5407" type="partial gc" contextid="0" timestamp="2019-06-15T00:49:47.630" intervalms="29.443" />
<gc-start id="5408" type="partial gc" contextid="5407" timestamp="2019-06-15T00:49:47.630">
  <mem-info id="5409" free="16777216" total="66060288" percent="25">
    <mem type="eden" free="1047072" total="24117248" percent="4" />
    <remembered-set count="736" freebytes="2633984" totalbytes="2636928" percent="99" regionsoverflowed="0" regionsstable="18" regionsrebuilding="0"/>
  </mem-info>
</gc-start>
<allocation-stats totalBytes="23063856" >
  <allocated-bytes non-tlh="0" tlh="23063856" arrayletleaf="0"/>
  <largest-consumer threadName="main" threadId="000000000118C700" bytes="23063856" />
</allocation-stats>
<gc-op id="5410" type="copy forward" timems="3.545" contextid="5407" timestamp="2019-06-15T00:49:47.635">
  <memory-copied type="eden" objects="28" bytes="1328" bytesdiscarded="0" />
  <memory-copied type="other" objects="0" bytes="0" bytesdiscarded="0" />
  <memory-cardclean objects="14" bytes="512" />
  <regions eden="22" other="1" />
  <remembered-set-cleared processed="19" cleared="0" durationms="0.094" />
  <stringconstants candidates="13319" cleared="0"  />
</gc-op>
<gc-op id="5411" type="classunload" timems="0.003" contextid="5407" timestamp="2019-06-15T00:49:47.635">
  <classunload-info classloadercandidates="53" classloadersunloaded="0" classesunloaded="0" anonymousclassesunloaded="0" quiescems="0.000" setupms="0.003" scanms="0.000" postms="0.000" />
</gc-op>
<gc-end id="5412" type="partial gc" contextid="5407" durationms="5.037" usertimems="8.000" systemtimems="0.000" timestamp="2019-06-15T00:49:47.635" activeThreads="4">
  <mem-info id="5413" free="39845888" total="66060288" percent="60">
    <mem type="eden" free="1047248" total="1048576" percent="99" />
    <remembered-set count="736" freebytes="2633984" totalbytes="2636928" percent="99" regionsoverflowed="0" regionsstable="18" regionsrebuilding="0"/>
  </mem-info>
</gc-end>
<cycle-end id="5414" type="partial gc" contextid="5407" timestamp="2019-06-15T00:49:47.635" />
  <attribute name="elasticGC enabled" value="1" />
  <attribute name= "numThreadsSpecified" value="4" />
  <attribute name="heapSize specified" value="0" />
  <attribute name="Current GC Util" value="124" />
  <attribute name= "Current Time Running" value="24526" />
  <attribute name ="GC Interval" value="0" />
  <attribute name="ProportionalT" value="52.000000" />
  <attribute name="ProportionalI" value="52.000000" />
  <attribute name="ProportionalH" value="52.000000" />
  <attribute name="Current Error" value="104.000000" />
  <attribute name="IntegralT" value="104.000000" />
  <attribute name="IntegralI" value="104.000000" />
  <attribute name="IntegralH" value="104.000000" />
  <attribute name="DerivativeT" value="52.000000" />
  <attribute name="DerivativeI" value="52.000000" />
  <attribute name="DerivativeH" value="52.000000" />
  <attribute name="Loop Time for DT" value="1.000000" />
  <attribute name="Output H" value="8388608"/>
  <attribute name="Output I" value="208"/>
  <attribute name="Output T" value="4"/>
  <attribute name="Target GC Util Change" value ="20.000000" />
  <attribute name="Current GC Util Change" value="124.000000"/>
  <attribute name="GC Util currently" value="124" />
  <attribute name="CPU Util currently" value="7558294683844" />
<exclusive-end id="5415" timestamp="2019-06-15T00:49:47.635" durationms="5.877" />

<exclusive-start id="5416" timestamp="2019-06-15T00:49:47.659" intervalms="29.682">
  <response-info timems="0.075" idlems="0.075" threads="0" lastid="000000000118C700" lastname="main" />
</exclusive-start>
<allocation-taxation id="5417" taxation-threshold="23068672" timestamp="2019-06-15T00:49:47.659" intervalms="29.739" />
<cycle-start id="5418" type="partial gc" contextid="0" timestamp="2019-06-15T00:49:47.660" intervalms="29.857" />
<gc-start id="5419" type="partial gc" contextid="5418" timestamp="2019-06-15T00:49:47.660">
  <mem-info id="5420" free="16777216" total="66060288" percent="25">
    <mem type="eden" free="1047248" total="24117248" percent="4" />
    <remembered-set count="256" freebytes="2635904" totalbytes="2636928" percent="99" regionsoverflowed="0" regionsstable="18" regionsrebuilding="0"/>
  </mem-info>
</gc-start>
<allocation-stats totalBytes="23063824" >
  <allocated-bytes non-tlh="0" tlh="23063824" arrayletleaf="0"/>
  <largest-consumer threadName="main" threadId="000000000118C700" bytes="23063824" />
</allocation-stats>
<gc-op id="5421" type="copy forward" timems="3.490" contextid="5418" timestamp="2019-06-15T00:49:47.664">
  <memory-copied type="eden" objects="25" bytes="1144" bytesdiscarded="0" />
  <memory-copied type="other" objects="0" bytes="0" bytesdiscarded="0" />
  <memory-cardclean objects="14" bytes="512" />
  <regions eden="22" other="1" />
  <remembered-set-cleared processed="19" cleared="0" durationms="0.097" />
  <stringconstants candidates="13319" cleared="0"  />
</gc-op>
<gc-op id="5422" type="classunload" timems="0.003" contextid="5418" timestamp="2019-06-15T00:49:47.665">
  <classunload-info classloadercandidates="53" classloadersunloaded="0" classesunloaded="0" anonymousclassesunloaded="0" quiescems="0.000" setupms="0.003" scanms="0.000" postms="0.000" />
</gc-op>
<gc-end id="5423" type="partial gc" contextid="5418" durationms="4.920" usertimems="4.000" systemtimems="0.000" timestamp="2019-06-15T00:49:47.665" activeThreads="4">
  <mem-info id="5424" free="39845888" total="66060288" percent="60">
    <mem type="eden" free="1047432" total="1048576" percent="99" />
    <remembered-set count="736" freebytes="2633984" totalbytes="2636928" percent="99" regionsoverflowed="0" regionsstable="18" regionsrebuilding="0"/>
  </mem-info>
</gc-end>
<cycle-end id="5425" type="partial gc" contextid="5418" timestamp="2019-06-15T00:49:47.665" />
  <attribute name="elasticGC enabled" value="1" />
  <attribute name= "numThreadsSpecified" value="4" />
  <attribute name="heapSize specified" value="0" />
  <attribute name="Current GC Util" value="0" />
  <attribute name= "Current Time Running" value="24556" />
  <attribute name ="GC Interval" value="0" />
  <attribute name="ProportionalT" value="-10.000000" />
  <attribute name="ProportionalI" value="-10.000000" />
  <attribute name="ProportionalH" value="-10.000000" />
  <attribute name="Current Error" value="-20.000000" />
  <attribute name="IntegralT" value="-20.000000" />
  <attribute name="IntegralI" value="-20.000000" />
  <attribute name="IntegralH" value="-20.000000" />
  <attribute name="DerivativeT" value="-10.000000" />
  <attribute name="DerivativeI" value="-10.000000" />
  <attribute name="DerivativeH" value="-10.000000" />
  <attribute name="Loop Time for DT" value="1.000000" />
  <attribute name="Output H" value="2091843584"/>
  <attribute name="Output I" value="200"/>
  <attribute name="Output T" value="4"/>
  <attribute name="Target GC Util Change" value ="20.000000" />
  <attribute name="Current GC Util Change" value="0.000000"/>
  <attribute name="GC Util currently" value="0" />
  <attribute name="CPU Util currently" value="8111368196952" />
<exclusive-end id="5426" timestamp="2019-06-15T00:49:47.665" durationms="5.920" />

<exclusive-start id="5427" timestamp="2019-06-15T00:49:47.826" intervalms="166.853">
  <response-info timems="0.084" idlems="0.084" threads="0" lastid="000000000118C700" lastname="main" />
</exclusive-start>
<allocation-taxation id="5428" taxation-threshold="23068672" timestamp="2019-06-15T00:49:47.826" intervalms="166.921" />
<cycle-start id="5429" type="partial gc" contextid="0" timestamp="2019-06-15T00:49:47.827" intervalms="166.921" />
<gc-start id="5430" type="partial gc" contextid="5429" timestamp="2019-06-15T00:49:47.827">
  <mem-info id="5431" free="16777216" total="66060288" percent="25">
    <mem type="eden" free="1047432" total="24117248" percent="4" />
    <remembered-set count="256" freebytes="2635904" totalbytes="2636928" percent="99" regionsoverflowed="0" regionsstable="18" regionsrebuilding="0"/>
  </mem-info>
</gc-start>
<allocation-stats totalBytes="21793632" >
  <allocated-bytes non-tlh="0" tlh="21793632" arrayletleaf="0"/>
  <largest-consumer threadName="main" threadId="000000000118C700" bytes="21793632" />
</allocation-stats>
<gc-op id="5432" type="copy forward" timems="3.714" contextid="5429" timestamp="2019-06-15T00:49:47.832">
  <memory-copied type="eden" objects="97" bytes="39608" bytesdiscarded="1944" />
  <memory-copied type="other" objects="0" bytes="0" bytesdiscarded="0" />
  <memory-cardclean objects="92" bytes="2744" />
  <regions eden="22" other="1" />
  <remembered-set-cleared processed="19" cleared="4" durationms="0.098" />
  <stringconstants candidates="13319" cleared="0"  />
</gc-op>
<gc-op id="5433" type="classunload" timems="0.004" contextid="5429" timestamp="2019-06-15T00:49:47.832">
  <classunload-info classloadercandidates="53" classloadersunloaded="0" classesunloaded="0" anonymousclassesunloaded="0" quiescems="0.000" setupms="0.004" scanms="0.000" postms="0.000" />
</gc-op>
<gc-end id="5434" type="partial gc" contextid="5429" durationms="5.197" usertimems="8.000" systemtimems="0.000" timestamp="2019-06-15T00:49:47.832" activeThreads="4">
  <mem-info id="5435" free="39845888" total="66060288" percent="60">
    <mem type="eden" free="1007024" total="1048576" percent="96" />
    <remembered-set count="736" freebytes="2633984" totalbytes="2636928" percent="99" regionsoverflowed="0" regionsstable="18" regionsrebuilding="0"/>
  </mem-info>
</gc-end>
<cycle-end id="5436" type="partial gc" contextid="5429" timestamp="2019-06-15T00:49:47.832" />
  <attribute name="elasticGC enabled" value="1" />
  <attribute name= "numThreadsSpecified" value="4" />
  <attribute name="heapSize specified" value="0" />
  <attribute name="Current GC Util" value="117" />
  <attribute name= "Current Time Running" value="24723" />
  <attribute name ="GC Interval" value="0" />
  <attribute name="ProportionalT" value="48.500000" />
  <attribute name="ProportionalI" value="48.500000" />
  <attribute name="ProportionalH" value="48.500000" />
  <attribute name="Current Error" value="97.000000" />
  <attribute name="IntegralT" value="97.000000" />
  <attribute name="IntegralI" value="97.000000" />
  <attribute name="IntegralH" value="97.000000" />
  <attribute name="DerivativeT" value="48.500000" />
  <attribute name="DerivativeI" value="48.500000" />
  <attribute name="DerivativeH" value="48.500000" />
  <attribute name="Loop Time for DT" value="1.000000" />
  <attribute name="Output H" value="8388608"/>
  <attribute name="Output I" value="200"/>
  <attribute name="Output T" value="4"/>
  <attribute name="Target GC Util Change" value ="20.000000" />
  <attribute name="Current GC Util Change" value="117.000000"/>
  <attribute name="GC Util currently" value="117" />
  <attribute name="CPU Util currently" value="7094192031136" />
<exclusive-end id="5437" timestamp="2019-06-15T00:49:47.833" durationms="6.380" />

<exclusive-start id="5438" timestamp="2019-06-15T00:49:47.836" intervalms="9.682">
  <response-info timems="0.094" idlems="0.094" threads="0" lastid="000000000118C700" lastname="main" />
</exclusive-start>
<allocation-taxation id="5439" taxation-threshold="23068672" timestamp="2019-06-15T00:49:47.836" intervalms="9.683" />
<cycle-start id="5440" type="partial gc" contextid="0" timestamp="2019-06-15T00:49:47.836" intervalms="9.691" />
<gc-start id="5441" type="partial gc" contextid="5440" timestamp="2019-06-15T00:49:47.837">
  <mem-info id="5442" free="16777216" total="66060288" percent="25">
    <mem type="eden" free="0" total="23068672" percent="0" />
    <remembered-set count="256" freebytes="2635904" totalbytes="2636928" percent="99" regionsoverflowed="0" regionsstable="18" regionsrebuilding="0"/>
  </mem-info>
</gc-start>
<allocation-stats totalBytes="21584632" >
  <allocated-bytes non-tlh="0" tlh="21584632" arrayletleaf="0"/>
  <largest-consumer threadName="main" threadId="000000000118C700" bytes="21584632" />
</allocation-stats>
<gc-op id="5443" type="copy forward" timems="4.143" contextid="5440" timestamp="2019-06-15T00:49:47.842">
  <memory-copied type="eden" objects="11" bytes="37720" bytesdiscarded="968" />
  <memory-copied type="other" objects="86" bytes="3456" bytesdiscarded="0" />
  <memory-cardclean objects="66" bytes="2320" />
  <regions eden="22" other="1" />
  <remembered-set-cleared processed="17" cleared="2" durationms="0.098" />
  <stringconstants candidates="13319" cleared="0"  />
</gc-op>
<gc-op id="5444" type="classunload" timems="0.004" contextid="5440" timestamp="2019-06-15T00:49:47.842">
  <classunload-info classloadercandidates="53" classloadersunloaded="0" classesunloaded="0" anonymousclassesunloaded="0" quiescems="0.000" setupms="0.004" scanms="0.000" postms="0.000" />
</gc-op>
<gc-end id="5445" type="partial gc" contextid="5440" durationms="5.605" usertimems="8.000" systemtimems="0.000" timestamp="2019-06-15T00:49:47.842" activeThreads="4">
  <mem-info id="5446" free="38797312" total="66060288" percent="58">
    <mem type="eden" free="1009888" total="1048576" percent="96" />
    <remembered-set count="1248" freebytes="2631936" totalbytes="2636928" percent="99" regionsoverflowed="0" regionsstable="18" regionsrebuilding="0"/>
  </mem-info>
</gc-end>
<cycle-end id="5447" type="partial gc" contextid="5440" timestamp="2019-06-15T00:49:47.842" />
  <attribute name="elasticGC enabled" value="1" />
  <attribute name= "numThreadsSpecified" value="4" />
  <attribute name="heapSize specified" value="0" />
  <attribute name="Current GC Util" value="119" />
  <attribute name= "Current Time Running" value="24733" />
  <attribute name ="GC Interval" value="0" />
  <attribute name="ProportionalT" value="49.500000" />
  <attribute name="ProportionalI" value="49.500000" />
  <attribute name="ProportionalH" value="49.500000" />
  <attribute name="Current Error" value="99.000000" />
  <attribute name="IntegralT" value="99.000000" />
  <attribute name="IntegralI" value="99.000000" />
  <attribute name="IntegralH" value="99.000000" />
  <attribute name="DerivativeT" value="25.000000" />
  <attribute name="DerivativeI" value="25.000000" />
  <attribute name="DerivativeH" value="25.000000" />
  <attribute name="Loop Time for DT" value="1.000000" />
  <attribute name="Output H" value="8388608"/>
  <attribute name="Output I" value="200"/>
  <attribute name="Output T" value="4"/>
  <attribute name="Target GC Util Change" value ="20.000000" />
  <attribute name="Current GC Util Change" value="119.000000"/>
  <attribute name="GC Util currently" value="119" />
  <attribute name="CPU Util currently" value="7408164222076" />
<exclusive-end id="5448" timestamp="2019-06-15T00:49:47.843" durationms="7.008" />

<exclusive-start id="5449" timestamp="2019-06-15T00:49:47.846" intervalms="10.211">
  <response-info timems="0.078" idlems="0.078" threads="0" lastid="000000000118C700" lastname="main" />
</exclusive-start>
<allocation-taxation id="5450" taxation-threshold="23068672" timestamp="2019-06-15T00:49:47.846" intervalms="10.212" />
<cycle-start id="5451" type="partial gc" contextid="0" timestamp="2019-06-15T00:49:47.846" intervalms="10.104" />
<gc-start id="5452" type="partial gc" contextid="5451" timestamp="2019-06-15T00:49:47.847">
  <mem-info id="5453" free="15728640" total="66060288" percent="23">
    <mem type="eden" free="1009888" total="24117248" percent="4" />
    <remembered-set count="768" freebytes="2633856" totalbytes="2636928" percent="99" regionsoverflowed="0" regionsstable="18" regionsrebuilding="0"/>
  </mem-info>
</gc-start>
<allocation-stats totalBytes="21597840" >
  <allocated-bytes non-tlh="0" tlh="21597840" arrayletleaf="0"/>
  <largest-consumer threadName="main" threadId="000000000118C700" bytes="21597840" />
</allocation-stats>
<gc-op id="5454" type="copy forward" timems="3.988" contextid="5451" timestamp="2019-06-15T00:49:47.852">
  <memory-copied type="eden" objects="11" bytes="20496" bytesdiscarded="0" />
  <memory-copied type="other" objects="0" bytes="0" bytesdiscarded="0" />
  <memory-cardclean objects="15" bytes="616" />
  <regions eden="22" other="1" />
  <remembered-set-cleared processed="24" cleared="1" durationms="0.100" />
  <stringconstants candidates="13319" cleared="0"  />
</gc-op>
<gc-op id="5455" type="classunload" timems="0.004" contextid="5451" timestamp="2019-06-15T00:49:47.852">
  <classunload-info classloadercandidates="53" classloadersunloaded="0" classesunloaded="0" anonymousclassesunloaded="0" quiescems="0.000" setupms="0.004" scanms="0.000" postms="0.000" />
</gc-op>
<gc-end id="5456" type="partial gc" contextid="5451" durationms="5.535" usertimems="4.000" systemtimems="4.000" timestamp="2019-06-15T00:49:47.852" activeThreads="4">
  <mem-info id="5457" free="38797312" total="66060288" percent="58">
    <mem type="eden" free="1028080" total="1048576" percent="98" />
    <remembered-set count="1280" freebytes="2631808" totalbytes="2636928" percent="99" regionsoverflowed="0" regionsstable="18" regionsrebuilding="0"/>
  </mem-info>
</gc-end>
<cycle-end id="5458" type="partial gc" contextid="5451" timestamp="2019-06-15T00:49:47.852" />
  <attribute name="elasticGC enabled" value="1" />
  <attribute name= "numThreadsSpecified" value="4" />
  <attribute name="heapSize specified" value="0" />
  <attribute name="Current GC Util" value="117" />
  <attribute name= "Current Time Running" value="24743" />
  <attribute name ="GC Interval" value="0" />
  <attribute name="ProportionalT" value="48.500000" />
  <attribute name="ProportionalI" value="48.500000" />
  <attribute name="ProportionalH" value="48.500000" />
  <attribute name="Current Error" value="97.000000" />
  <attribute name="IntegralT" value="97.000000" />
  <attribute name="IntegralI" value="97.000000" />
  <attribute name="IntegralH" value="97.000000" />
  <attribute name="DerivativeT" value="21.000000" />
  <attribute name="DerivativeI" value="21.000000" />
  <attribute name="DerivativeH" value="21.000000" />
  <attribute name="Loop Time for DT" value="1.000000" />
  <attribute name="Output H" value="8388608"/>
  <attribute name="Output I" value="200"/>
  <attribute name="Output T" value="4"/>
  <attribute name="Target GC Util Change" value ="20.000000" />
  <attribute name="Current GC Util Change" value="117.000000"/>
  <attribute name="GC Util currently" value="117" />
  <attribute name="CPU Util currently" value="7081000900686" />
<exclusive-end id="5459" timestamp="2019-06-15T00:49:47.853" durationms="6.667" />

<exclusive-start id="5460" timestamp="2019-06-15T00:49:47.980" intervalms="134.155">
  <response-info timems="0.085" idlems="0.085" threads="0" lastid="000000000118C700" lastname="main" />
</exclusive-start>
<allocation-taxation id="5461" taxation-threshold="23068672" timestamp="2019-06-15T00:49:47.980" intervalms="134.078" />
<cycle-start id="5462" type="partial gc" contextid="0" timestamp="2019-06-15T00:49:47.980" intervalms="134.117" />
<gc-start id="5463" type="partial gc" contextid="5462" timestamp="2019-06-15T00:49:47.981">
  <mem-info id="5464" free="15728640" total="66060288" percent="23">
    <mem type="eden" free="1028080" total="24117248" percent="4" />
    <remembered-set count="800" freebytes="2633728" totalbytes="2636928" percent="99" regionsoverflowed="0" regionsstable="18" regionsrebuilding="0"/>
  </mem-info>
</gc-start>
<allocation-stats totalBytes="23066744" >
  <allocated-bytes non-tlh="0" tlh="23066744" arrayletleaf="0"/>
  <largest-consumer threadName="main" threadId="000000000118C700" bytes="23066744" />
</allocation-stats>
<gc-op id="5465" type="copy forward" timems="4.038" contextid="5462" timestamp="2019-06-15T00:49:47.986">
  <memory-copied type="eden" objects="49" bytes="41256" bytesdiscarded="0" />
  <memory-copied type="other" objects="0" bytes="0" bytesdiscarded="0" />
  <memory-cardclean objects="85" bytes="2768" />
  <regions eden="22" other="1" />
  <remembered-set-cleared processed="24" cleared="4" durationms="0.100" />
  <stringconstants candidates="13319" cleared="0"  />
</gc-op>
<gc-op id="5466" type="classunload" timems="0.005" contextid="5462" timestamp="2019-06-15T00:49:47.986">
  <classunload-info classloadercandidates="53" classloadersunloaded="0" classesunloaded="0" anonymousclassesunloaded="0" quiescems="0.000" setupms="0.004" scanms="0.000" postms="0.000" />
</gc-op>
<gc-end id="5467" type="partial gc" contextid="5462" durationms="5.529" usertimems="4.000" systemtimems="4.000" timestamp="2019-06-15T00:49:47.986" activeThreads="4">
  <mem-info id="5468" free="38797312" total="66060288" percent="58">
    <mem type="eden" free="1007320" total="1048576" percent="96" />
    <remembered-set count="768" freebytes="2633856" totalbytes="2636928" percent="99" regionsoverflowed="0" regionsstable="18" regionsrebuilding="0"/>
  </mem-info>
</gc-end>
<cycle-end id="5469" type="partial gc" contextid="5462" timestamp="2019-06-15T00:49:47.987" />
  <attribute name="elasticGC enabled" value="1" />
  <attribute name= "numThreadsSpecified" value="4" />
  <attribute name="heapSize specified" value="0" />
  <attribute name="Current GC Util" value="119" />
  <attribute name= "Current Time Running" value="24877" />
  <attribute name ="GC Interval" value="0" />
  <attribute name="ProportionalT" value="49.500000" />
  <attribute name="ProportionalI" value="49.500000" />
  <attribute name="ProportionalH" value="49.500000" />
  <attribute name="Current Error" value="99.000000" />
  <attribute name="IntegralT" value="99.000000" />
  <attribute name="IntegralI" value="99.000000" />
  <attribute name="IntegralH" value="99.000000" />
  <attribute name="DerivativeT" value="49.500000" />
  <attribute name="DerivativeI" value="49.500000" />
  <attribute name="DerivativeH" value="49.500000" />
  <attribute name="Loop Time for DT" value="1.000000" />
  <attribute name="Output H" value="8388608"/>
  <attribute name="Output I" value="200"/>
  <attribute name="Output T" value="4"/>
  <attribute name="Target GC Util Change" value ="20.000000" />
  <attribute name="Current GC Util Change" value="119.000000"/>
  <attribute name="GC Util currently" value="119" />
  <attribute name="CPU Util currently" value="7445456448146" />
<exclusive-end id="5470" timestamp="2019-06-15T00:49:47.987" durationms="6.640" />

<exclusive-start id="5471" timestamp="2019-06-15T00:49:48.002" intervalms="21.536">
  <response-info timems="0.078" idlems="0.078" threads="0" lastid="000000000118C700" lastname="main" />
</exclusive-start>
<allocation-taxation id="5472" taxation-threshold="23068672" timestamp="2019-06-15T00:49:48.002" intervalms="21.538" />
<cycle-start id="5473" type="partial gc" contextid="0" timestamp="2019-06-15T00:49:48.002" intervalms="21.574" />
<gc-start id="5474" type="partial gc" contextid="5473" timestamp="2019-06-15T00:49:48.002">
  <mem-info id="5475" free="15728640" total="66060288" percent="23">
    <mem type="eden" free="0" total="23068672" percent="0" />
    <remembered-set count="288" freebytes="2635776" totalbytes="2636928" percent="99" regionsoverflowed="0" regionsstable="18" regionsrebuilding="0"/>
  </mem-info>
</gc-start>
<allocation-stats totalBytes="23065864" >
  <allocated-bytes non-tlh="0" tlh="23065864" arrayletleaf="0"/>
  <largest-consumer threadName="main" threadId="000000000118C700" bytes="23065864" />
</allocation-stats>
<gc-op id="5476" type="copy forward" timems="1.328" contextid="5473" timestamp="2019-06-15T00:49:48.005">
  <memory-copied type="eden" objects="1" bytes="24" bytesdiscarded="0" />
  <memory-copied type="other" objects="48" bytes="41176" bytesdiscarded="0" />
  <memory-cardclean objects="75" bytes="2600" />
  <regions eden="22" other="1" />
  <remembered-set-cleared processed="21" cleared="1" durationms="0.090" />
  <stringconstants candidates="13319" cleared="0"  />
</gc-op>
<gc-op id="5477" type="classunload" timems="0.004" contextid="5473" timestamp="2019-06-15T00:49:48.005">
  <classunload-info classloadercandidates="53" classloadersunloaded="0" classesunloaded="0" anonymousclassesunloaded="0" quiescems="0.000" setupms="0.004" scanms="0.000" postms="0.000" />
</gc-op>
<gc-end id="5478" type="partial gc" contextid="5473" durationms="2.724" usertimems="4.000" systemtimems="0.000" timestamp="2019-06-15T00:49:48.005" activeThreads="1">
  <mem-info id="5479" free="37748736" total="66060288" percent="57">
    <mem type="eden" free="1048552" total="1048576" percent="99" />
    <remembered-set count="768" freebytes="2633856" totalbytes="2636928" percent="99" regionsoverflowed="0" regionsstable="18" regionsrebuilding="0"/>
  </mem-info>
</gc-end>
<cycle-end id="5480" type="partial gc" contextid="5473" timestamp="2019-06-15T00:49:48.005" />
  <attribute name="elasticGC enabled" value="1" />
  <attribute name= "numThreadsSpecified" value="1" />
  <attribute name="heapSize specified" value="0" />
  <attribute name="Current GC Util" value="120" />
  <attribute name= "Current Time Running" value="24898" />
  <attribute name ="GC Interval" value="0" />
  <attribute name="ProportionalT" value="50.000000" />
  <attribute name="ProportionalI" value="50.000000" />
  <attribute name="ProportionalH" value="50.000000" />
  <attribute name="Current Error" value="100.000000" />
  <attribute name="IntegralT" value="0.000000" />
  <attribute name="IntegralI" value="0.000000" />
  <attribute name="IntegralH" value="0.000000" />
  <attribute name="DerivativeT" value="inf" />
  <attribute name="DerivativeI" value="inf" />
  <attribute name="DerivativeH" value="inf" />
  <attribute name="Loop Time for DT" value="0.000000" />
  <attribute name="Output H" value="8388608"/>
  <attribute name="Output I" value="200"/>
  <attribute name="Output T" value="1"/>
  <attribute name="Target GC Util Change" value ="20.000000" />
  <attribute name="Current GC Util Change" value="120.000000"/>
  <attribute name="GC Util currently" value="120" />
  <attribute name="CPU Util currently" value="7245928902676" />
<exclusive-end id="5481" timestamp="2019-06-15T00:49:48.005" durationms="3.720" />

<exclusive-start id="5482" timestamp="2019-06-15T00:49:48.020" intervalms="18.571">
  <response-info timems="0.074" idlems="0.074" threads="0" lastid="000000000118C700" lastname="main" />
</exclusive-start>
<allocation-taxation id="5483" taxation-threshold="23068672" timestamp="2019-06-15T00:49:48.020" intervalms="18.572" />
<cycle-start id="5484" type="partial gc" contextid="0" timestamp="2019-06-15T00:49:48.021" intervalms="18.600" />
<gc-start id="5485" type="partial gc" contextid="5484" timestamp="2019-06-15T00:49:48.021">
  <mem-info id="5486" free="14680064" total="66060288" percent="22">
    <mem type="eden" free="1048552" total="24117248" percent="4" />
    <remembered-set count="320" freebytes="2635648" totalbytes="2636928" percent="99" regionsoverflowed="0" regionsstable="18" regionsrebuilding="0"/>
  </mem-info>
</gc-start>
<allocation-stats totalBytes="23065720" >
  <allocated-bytes non-tlh="0" tlh="23065720" arrayletleaf="0"/>
  <largest-consumer threadName="main" threadId="000000000118C700" bytes="23065720" />
</allocation-stats>
<gc-op id="5487" type="copy forward" timems="5.796" contextid="5484" timestamp="2019-06-15T00:49:48.028">
  <memory-copied type="eden" objects="3" bytes="128" bytesdiscarded="0" />
  <memory-copied type="other" objects="0" bytes="0" bytesdiscarded="0" />
  <memory-cardclean objects="21" bytes="808" />
  <regions eden="22" other="1" />
  <remembered-set-cleared processed="27" cleared="1" durationms="0.146" />
  <stringconstants candidates="13319" cleared="0"  />
</gc-op>
<gc-op id="5488" type="classunload" timems="0.004" contextid="5484" timestamp="2019-06-15T00:49:48.028">
  <classunload-info classloadercandidates="53" classloadersunloaded="0" classesunloaded="0" anonymousclassesunloaded="0" quiescems="0.000" setupms="0.004" scanms="0.000" postms="0.000" />
</gc-op>
<gc-end id="5489" type="partial gc" contextid="5484" durationms="7.287" usertimems="0.000" systemtimems="8.000" timestamp="2019-06-15T00:49:48.028" activeThreads="4">
  <mem-info id="5490" free="37748736" total="66060288" percent="57">
    <mem type="eden" free="1048448" total="1048576" percent="99" />
    <remembered-set count="1824" freebytes="2629632" totalbytes="2636928" percent="99" regionsoverflowed="0" regionsstable="18" regionsrebuilding="0"/>
  </mem-info>
</gc-end>
<cycle-end id="5491" type="partial gc" contextid="5484" timestamp="2019-06-15T00:49:48.028" />
  <attribute name="elasticGC enabled" value="1" />
  <attribute name= "numThreadsSpecified" value="4" />
  <attribute name="heapSize specified" value="0" />
  <attribute name="Current GC Util" value="235" />
  <attribute name= "Current Time Running" value="24917" />
  <attribute name ="GC Interval" value="0" />
  <attribute name="ProportionalT" value="107.500000" />
  <attribute name="ProportionalI" value="107.500000" />
  <attribute name="ProportionalH" value="107.500000" />
  <attribute name="Current Error" value="215.000000" />
  <attribute name="IntegralT" value="215.000000" />
  <attribute name="IntegralI" value="215.000000" />
  <attribute name="IntegralH" value="215.000000" />
  <attribute name="DerivativeT" value="107.500000" />
  <attribute name="DerivativeI" value="107.500000" />
  <attribute name="DerivativeH" value="107.500000" />
  <attribute name="Loop Time for DT" value="1.000000" />
  <attribute name="Output H" value="8388608"/>
  <attribute name="Output I" value="432"/>
  <attribute name="Output T" value="4"/>
  <attribute name="Target GC Util Change" value ="20.000000" />
  <attribute name="Current GC Util Change" value="235.000000"/>
  <attribute name="GC Util currently" value="235" />
  <attribute name="CPU Util currently" value="7507257795312" />
<exclusive-end id="5492" timestamp="2019-06-15T00:49:48.029" durationms="8.303" />

<exclusive-start id="5493" timestamp="2019-06-15T00:49:48.051" intervalms="30.546">
  <response-info timems="0.076" idlems="0.076" threads="0" lastid="000000000118C700" lastname="main" />
</exclusive-start>
<allocation-taxation id="5494" taxation-threshold="23068672" timestamp="2019-06-15T00:49:48.051" intervalms="30.563" />
<cycle-start id="5495" type="partial gc" contextid="0" timestamp="2019-06-15T00:49:48.051" intervalms="30.550" />
<gc-start id="5496" type="partial gc" contextid="5495" timestamp="2019-06-15T00:49:48.051">
  <mem-info id="5497" free="14680064" total="66060288" percent="22">
    <mem type="eden" free="1048448" total="24117248" percent="4" />
    <remembered-set count="1344" freebytes="2631552" totalbytes="2636928" percent="99" regionsoverflowed="0" regionsstable="18" regionsrebuilding="0"/>
  </mem-info>
</gc-start>
<allocation-stats totalBytes="23064256" >
  <allocated-bytes non-tlh="0" tlh="23064256" arrayletleaf="0"/>
  <largest-consumer threadName="main" threadId="000000000118C700" bytes="23064256" />
</allocation-stats>
<gc-op id="5498" type="copy forward" timems="1.208" contextid="5495" timestamp="2019-06-15T00:49:48.054">
  <memory-copied type="eden" objects="46" bytes="1488" bytesdiscarded="0" />
  <memory-copied type="other" objects="0" bytes="0" bytesdiscarded="0" />
  <memory-cardclean objects="75" bytes="2336" />
  <regions eden="22" other="1" />
  <remembered-set-cleared processed="27" cleared="4" durationms="0.108" />
  <stringconstants candidates="13319" cleared="0"  />
</gc-op>
<gc-op id="5499" type="classunload" timems="0.003" contextid="5495" timestamp="2019-06-15T00:49:48.054">
  <classunload-info classloadercandidates="53" classloadersunloaded="0" classesunloaded="0" anonymousclassesunloaded="0" quiescems="0.000" setupms="0.003" scanms="0.000" postms="0.000" />
</gc-op>
<heap-resize id="5500" type="expand" space="default" amount="5242880" count="1" timems="0.059" reason="excessive time being spent in gc" timestamp="2019-06-15T00:49:48.054" />
<gc-end id="5501" type="partial gc" contextid="5495" durationms="2.779" usertimems="0.000" systemtimems="0.000" timestamp="2019-06-15T00:49:48.054" activeThreads="1">
  <mem-info id="5502" free="42991616" total="71303168" percent="60">
    <mem type="eden" free="1047088" total="1048576" percent="99" />
    <remembered-set count="1760" freebytes="2839168" totalbytes="2846208" percent="99" regionsoverflowed="0" regionsstable="18" regionsrebuilding="0"/>
  </mem-info>
</gc-end>
<cycle-end id="5503" type="partial gc" contextid="5495" timestamp="2019-06-15T00:49:48.054" />
  <attribute name="elasticGC enabled" value="1" />
  <attribute name= "numThreadsSpecified" value="1" />
  <attribute name="heapSize specified" value="0" />
  <attribute name="Current GC Util" value="122" />
  <attribute name= "Current Time Running" value="24947" />
  <attribute name ="GC Interval" value="0" />
  <attribute name="ProportionalT" value="51.000000" />
  <attribute name="ProportionalI" value="51.000000" />
  <attribute name="ProportionalH" value="51.000000" />
  <attribute name="Current Error" value="102.000000" />
  <attribute name="IntegralT" value="0.000000" />
  <attribute name="IntegralI" value="0.000000" />
  <attribute name="IntegralH" value="0.000000" />
  <attribute name="DerivativeT" value="inf" />
  <attribute name="DerivativeI" value="inf" />
  <attribute name="DerivativeH" value="inf" />
  <attribute name="Loop Time for DT" value="0.000000" />
  <attribute name="Output H" value="8388608"/>
  <attribute name="Output I" value="200"/>
  <attribute name="Output T" value="1"/>
  <attribute name="Target GC Util Change" value ="20.000000" />
  <attribute name="Current GC Util Change" value="122.000000"/>
  <attribute name="GC Util currently" value="122" />
  <attribute name="CPU Util currently" value="7409830651073" />
<exclusive-end id="5504" timestamp="2019-06-15T00:49:48.055" durationms="3.675" />

<exclusive-start id="5505" timestamp="2019-06-15T00:49:48.075" intervalms="24.373">
  <response-info timems="0.067" idlems="0.067" threads="0" lastid="000000000118C700" lastname="main" />
</exclusive-start>
<allocation-taxation id="5506" taxation-threshold="24117248" timestamp="2019-06-15T00:49:48.075" intervalms="24.292" />
<cycle-start id="5507" type="partial gc" contextid="0" timestamp="2019-06-15T00:49:48.075" intervalms="24.223" />
<gc-start id="5508" type="partial gc" contextid="5507" timestamp="2019-06-15T00:49:48.076">
  <mem-info id="5509" free="18874368" total="71303168" percent="26">
    <mem type="eden" free="0" total="24117248" percent="0" />
    <remembered-set count="1280" freebytes="2841088" totalbytes="2846208" percent="99" regionsoverflowed="0" regionsstable="18" regionsrebuilding="0"/>
  </mem-info>
</gc-start>
<allocation-stats totalBytes="24110176" >
  <allocated-bytes non-tlh="0" tlh="24110176" arrayletleaf="0"/>
  <largest-consumer threadName="main" threadId="000000000118C700" bytes="24110176" />
</allocation-stats>
<gc-op id="5510" type="copy forward" timems="1.231" contextid="5507" timestamp="2019-06-15T00:49:48.078">
  <memory-copied type="eden" objects="37" bytes="1480" bytesdiscarded="0" />
  <memory-copied type="other" objects="7" bytes="168" bytesdiscarded="0" />
  <memory-cardclean objects="128" bytes="3632" />
  <regions eden="23" other="1" />
  <remembered-set-cleared processed="25" cleared="3" durationms="0.094" />
  <stringconstants candidates="13319" cleared="0"  />
</gc-op>
<gc-op id="5511" type="classunload" timems="0.004" contextid="5507" timestamp="2019-06-15T00:49:48.078">
  <classunload-info classloadercandidates="53" classloadersunloaded="0" classesunloaded="0" anonymousclassesunloaded="0" quiescems="0.000" setupms="0.004" scanms="0.000" postms="0.000" />
</gc-op>
<heap-resize id="5512" type="expand" space="default" amount="2097152" count="1" timems="0.050" reason="excessive time being spent in gc" timestamp="2019-06-15T00:49:48.078" />
<gc-end id="5513" type="partial gc" contextid="5507" durationms="2.695" usertimems="0.000" systemtimems="0.000" timestamp="2019-06-15T00:49:48.078" activeThreads="1">
  <mem-info id="5514" free="44040192" total="73400320" percent="60">
    <mem type="eden" free="1047096" total="1048576" percent="99" />
    <remembered-set count="1760" freebytes="2922880" totalbytes="2929920" percent="99" regionsoverflowed="0" regionsstable="18" regionsrebuilding="0"/>
  </mem-info>
</gc-end>
<cycle-end id="5515" type="partial gc" contextid="5507" timestamp="2019-06-15T00:49:48.078" />
  <attribute name="elasticGC enabled" value="1" />
  <attribute name= "numThreadsSpecified" value="1" />
  <attribute name="heapSize specified" value="0" />
  <attribute name="Current GC Util" value="230" />
  <attribute name= "Current Time Running" value="24971" />
  <attribute name ="GC Interval" value="0" />
  <attribute name="ProportionalT" value="105.000000" />
  <attribute name="ProportionalI" value="105.000000" />
  <attribute name="ProportionalH" value="105.000000" />
  <attribute name="Current Error" value="210.000000" />
  <attribute name="IntegralT" value="0.000000" />
  <attribute name="IntegralI" value="0.000000" />
  <attribute name="IntegralH" value="0.000000" />
  <attribute name="DerivativeT" value="inf" />
  <attribute name="DerivativeI" value="inf" />
  <attribute name="DerivativeH" value="inf" />
  <attribute name="Loop Time for DT" value="0.000000" />
  <attribute name="Output H" value="8388608"/>
  <attribute name="Output I" value="200"/>
  <attribute name="Output T" value="1"/>
  <attribute name="Target GC Util Change" value ="20.000000" />
  <attribute name="Current GC Util Change" value="230.000000"/>
  <attribute name="GC Util currently" value="230" />
  <attribute name="CPU Util currently" value="7504521312622" />
<exclusive-end id="5516" timestamp="2019-06-15T00:49:48.079" durationms="3.545" />

<exclusive-start id="5517" timestamp="2019-06-15T00:49:48.098" intervalms="22.840">
  <response-info timems="0.068" idlems="0.068" threads="0" lastid="000000000118C700" lastname="main" />
</exclusive-start>
<allocation-taxation id="5518" taxation-threshold="25165824" timestamp="2019-06-15T00:49:48.098" intervalms="22.845" />
<cycle-start id="5519" type="partial gc" contextid="0" timestamp="2019-06-15T00:49:48.098" intervalms="22.848" />
<gc-start id="5520" type="partial gc" contextid="5519" timestamp="2019-06-15T00:49:48.098">
  <mem-info id="5521" free="18874368" total="73400320" percent="25">
    <mem type="eden" free="0" total="25165824" percent="0" />
    <remembered-set count="1312" freebytes="2924672" totalbytes="2929920" percent="99" regionsoverflowed="0" regionsstable="18" regionsrebuilding="0"/>
  </mem-info>
</gc-start>
<allocation-stats totalBytes="25155888" >
  <allocated-bytes non-tlh="0" tlh="25155888" arrayletleaf="0"/>
  <largest-consumer threadName="main" threadId="000000000118C700" bytes="25155888" />
</allocation-stats>
<gc-op id="5522" type="copy forward" timems="1.259" contextid="5519" timestamp="2019-06-15T00:49:48.101">
  <memory-copied type="eden" objects="13" bytes="600" bytesdiscarded="0" />
  <memory-copied type="other" objects="18" bytes="592" bytesdiscarded="0" />
  <memory-cardclean objects="70" bytes="2072" />
  <regions eden="24" other="1" />
  <remembered-set-cleared processed="28" cleared="1" durationms="0.096" />
  <stringconstants candidates="13319" cleared="0"  />
</gc-op>
<gc-op id="5523" type="classunload" timems="0.003" contextid="5519" timestamp="2019-06-15T00:49:48.101">
  <classunload-info classloadercandidates="53" classloadersunloaded="0" classesunloaded="0" anonymousclassesunloaded="0" quiescems="0.000" setupms="0.003" scanms="0.000" postms="0.000" />
</gc-op>
<heap-resize id="5524" type="expand" space="default" amount="3145728" count="1" timems="0.050" reason="excessive time being spent in gc" timestamp="2019-06-15T00:49:48.101" />
<gc-end id="5525" type="partial gc" contextid="5519" durationms="2.825" usertimems="4.000" systemtimems="0.000" timestamp="2019-06-15T00:49:48.101" activeThreads="1">
  <mem-info id="5526" free="46137344" total="76546048" percent="60">
    <mem type="eden" free="1047976" total="1048576" percent="99" />
    <remembered-set count="1792" freebytes="3048320" totalbytes="3055488" percent="99" regionsoverflowed="0" regionsstable="18" regionsrebuilding="0"/>
  </mem-info>
</gc-end>
<cycle-end id="5527" type="partial gc" contextid="5519" timestamp="2019-06-15T00:49:48.101" />
  <attribute name="elasticGC enabled" value="1" />
  <attribute name= "numThreadsSpecified" value="1" />
  <attribute name="heapSize specified" value="0" />
  <attribute name="Current GC Util" value="236" />
  <attribute name= "Current Time Running" value="24994" />
  <attribute name ="GC Interval" value="0" />
  <attribute name="ProportionalT" value="108.000000" />
  <attribute name="ProportionalI" value="108.000000" />
  <attribute name="ProportionalH" value="108.000000" />
  <attribute name="Current Error" value="216.000000" />
  <attribute name="IntegralT" value="0.000000" />
  <attribute name="IntegralI" value="0.000000" />
  <attribute name="IntegralH" value="0.000000" />
  <attribute name="DerivativeT" value="inf" />
  <attribute name="DerivativeI" value="inf" />
  <attribute name="DerivativeH" value="inf" />
  <attribute name="Loop Time for DT" value="0.000000" />
  <attribute name="Output H" value="8388608"/>
  <attribute name="Output I" value="200"/>
  <attribute name="Output T" value="1"/>
  <attribute name="Target GC Util Change" value ="20.000000" />
  <attribute name="Current GC Util Change" value="236.000000"/>
  <attribute name="GC Util currently" value="236" />
  <attribute name="CPU Util currently" value="7513936338151" />
<exclusive-end id="5528" timestamp="2019-06-15T00:49:48.102" durationms="3.672" />

<exclusive-start id="5529" timestamp="2019-06-15T00:49:48.131" intervalms="32.578">
  <response-info timems="0.068" idlems="0.068" threads="0" lastid="000000000118C700" lastname="main" />
</exclusive-start>
<allocation-taxation id="5530" taxation-threshold="26214400" timestamp="2019-06-15T00:49:48.131" intervalms="32.613" />
<cycle-start id="5531" type="partial gc" contextid="0" timestamp="2019-06-15T00:49:48.131" intervalms="32.612" />
<gc-start id="5532" type="partial gc" contextid="5531" timestamp="2019-06-15T00:49:48.131">
  <mem-info id="5533" free="19922944" total="76546048" percent="26">
    <mem type="eden" free="1047976" total="27262976" percent="3" />
    <remembered-set count="1344" freebytes="3050112" totalbytes="3055488" percent="99" regionsoverflowed="0" regionsstable="18" regionsrebuilding="0"/>
  </mem-info>
</gc-start>
<allocation-stats totalBytes="26209208" >
  <allocated-bytes non-tlh="0" tlh="26209208" arrayletleaf="0"/>
  <largest-consumer threadName="main" threadId="000000000118C700" bytes="26209208" />
</allocation-stats>
<gc-op id="5534" type="copy forward" timems="6.750" contextid="5531" timestamp="2019-06-15T00:49:48.139">
  <memory-copied type="eden" objects="30" bytes="928" bytesdiscarded="600" />
  <memory-copied type="other" objects="0" bytes="0" bytesdiscarded="0" />
  <memory-cardclean objects="81" bytes="2416" />
  <regions eden="25" other="1" />
  <remembered-set-cleared processed="33" cleared="4" durationms="0.106" />
  <stringconstants candidates="13319" cleared="0"  />
</gc-op>
<gc-op id="5535" type="classunload" timems="0.004" contextid="5531" timestamp="2019-06-15T00:49:48.139">
  <classunload-info classloadercandidates="53" classloadersunloaded="0" classesunloaded="0" anonymousclassesunloaded="0" quiescems="0.000" setupms="0.004" scanms="0.000" postms="0.000" />
</gc-op>
<gc-end id="5536" type="partial gc" contextid="5531" durationms="8.153" usertimems="12.000" systemtimems="0.000" timestamp="2019-06-15T00:49:48.139" activeThreads="4">
  <mem-info id="5537" free="46137344" total="76546048" percent="60">
    <mem type="eden" free="1047048" total="1048576" percent="99" />
    <remembered-set count="1376" freebytes="3049984" totalbytes="3055488" percent="99" regionsoverflowed="0" regionsstable="18" regionsrebuilding="0"/>
  </mem-info>
</gc-end>
<cycle-end id="5538" type="partial gc" contextid="5531" timestamp="2019-06-15T00:49:48.139" />
  <attribute name="elasticGC enabled" value="1" />
  <attribute name= "numThreadsSpecified" value="4" />
  <attribute name="heapSize specified" value="0" />
  <attribute name="Current GC Util" value="229" />
  <attribute name= "Current Time Running" value="25027" />
  <attribute name ="GC Interval" value="0" />
  <attribute name="ProportionalT" value="104.500000" />
  <attribute name="ProportionalI" value="104.500000" />
  <attribute name="ProportionalH" value="104.500000" />
  <attribute name="Current Error" value="209.000000" />
  <attribute name="IntegralT" value="209.000000" />
  <attribute name="IntegralI" value="209.000000" />
  <attribute name="IntegralH" value="209.000000" />
  <attribute name="DerivativeT" value="104.500000" />
  <attribute name="DerivativeI" value="104.500000" />
  <attribute name="DerivativeH" value="104.500000" />
  <attribute name="Loop Time for DT" value="1.000000" />
  <attribute name="Output H" value="8388608"/>
  <attribute name="Output I" value="424"/>
  <attribute name="Output T" value="4"/>
  <attribute name="Target GC Util Change" value ="20.000000" />
  <attribute name="Current GC Util Change" value="229.000000"/>
  <attribute name="GC Util currently" value="229" />
  <attribute name="CPU Util currently" value="7246828418863" />
<exclusive-end id="5539" timestamp="2019-06-15T00:49:48.140" durationms="9.006" />

<exclusive-start id="5540" timestamp="2019-06-15T00:49:48.173" intervalms="42.379">
  <response-info timems="0.068" idlems="0.068" threads="0" lastid="000000000118C700" lastname="main" />
</exclusive-start>
<allocation-taxation id="5541" taxation-threshold="26214400" timestamp="2019-06-15T00:49:48.173" intervalms="42.398" />
<cycle-start id="5542" type="partial gc" contextid="0" timestamp="2019-06-15T00:49:48.173" intervalms="42.483" />
<gc-start id="5543" type="partial gc" contextid="5542" timestamp="2019-06-15T00:49:48.174">
  <mem-info id="5544" free="19922944" total="76546048" percent="26">
    <mem type="eden" free="0" total="26214400" percent="0" />
    <remembered-set count="1376" freebytes="3049984" totalbytes="3055488" percent="99" regionsoverflowed="0" regionsstable="18" regionsrebuilding="0"/>
  </mem-info>
</gc-start>
<allocation-stats totalBytes="26211672" >
  <allocated-bytes non-tlh="0" tlh="26211672" arrayletleaf="0"/>
  <largest-consumer threadName="main" threadId="000000000118C700" bytes="26211672" />
</allocation-stats>
<gc-op id="5545" type="copy forward" timems="5.887" contextid="5542" timestamp="2019-06-15T00:49:48.181">
  <memory-copied type="eden" objects="29" bytes="904" bytesdiscarded="0" />
  <memory-copied type="other" objects="7" bytes="168" bytesdiscarded="672" />
  <memory-cardclean objects="80" bytes="2400" />
  <regions eden="25" other="1" />
  <remembered-set-cleared processed="31" cleared="2" durationms="0.106" />
  <stringconstants candidates="13319" cleared="0"  />
</gc-op>
<gc-op id="5546" type="classunload" timems="0.004" contextid="5542" timestamp="2019-06-15T00:49:48.181">
  <classunload-info classloadercandidates="53" classloadersunloaded="0" classesunloaded="0" anonymousclassesunloaded="0" quiescems="0.000" setupms="0.004" scanms="0.000" postms="0.000" />
</gc-op>
<heap-resize id="5547" type="expand" space="default" amount="2097152" count="1" timems="0.049" reason="excessive time being spent in gc" timestamp="2019-06-15T00:49:48.181" />
<gc-end id="5548" type="partial gc" contextid="5542" durationms="7.562" usertimems="8.000" systemtimems="0.000" timestamp="2019-06-15T00:49:48.181" activeThreads="4">
  <mem-info id="5549" free="47185920" total="78643200" percent="60">
    <mem type="eden" free="1047672" total="1048576" percent="99" />
    <remembered-set count="1376" freebytes="3133696" totalbytes="3139200" percent="99" regionsoverflowed="0" regionsstable="18" regionsrebuilding="0"/>
  </mem-info>
</gc-end>
<cycle-end id="5550" type="partial gc" contextid="5542" timestamp="2019-06-15T00:49:48.181" />
  <attribute name="elasticGC enabled" value="1" />
  <attribute name= "numThreadsSpecified" value="4" />
  <attribute name="heapSize specified" value="0" />
  <attribute name="Current GC Util" value="118" />
  <attribute name= "Current Time Running" value="25070" />
  <attribute name ="GC Interval" value="0" />
  <attribute name="ProportionalT" value="49.000000" />
  <attribute name="ProportionalI" value="49.000000" />
  <attribute name="ProportionalH" value="49.000000" />
  <attribute name="Current Error" value="98.000000" />
  <attribute name="IntegralT" value="98.000000" />
  <attribute name="IntegralI" value="98.000000" />
  <attribute name="IntegralH" value="98.000000" />
  <attribute name="DerivativeT" value="46.500000" />
  <attribute name="DerivativeI" value="46.500000" />
  <attribute name="DerivativeH" value="46.500000" />
  <attribute name="Loop Time for DT" value="1.000000" />
  <attribute name="Output H" value="8388608"/>
  <attribute name="Output I" value="200"/>
  <attribute name="Output T" value="4"/>
  <attribute name="Target GC Util Change" value ="20.000000" />
  <attribute name="Current GC Util Change" value="118.000000"/>
  <attribute name="GC Util currently" value="118" />
  <attribute name="CPU Util currently" value="6987434702136" />
<exclusive-end id="5551" timestamp="2019-06-15T00:49:48.182" durationms="8.521" />

<exclusive-start id="5552" timestamp="2019-06-15T00:49:48.214" intervalms="41.251">
  <response-info timems="0.069" idlems="0.069" threads="0" lastid="000000000118C700" lastname="main" />
</exclusive-start>
<allocation-taxation id="5553" taxation-threshold="26214400" timestamp="2019-06-15T00:49:48.214" intervalms="41.240" />
<cycle-start id="5554" type="partial gc" contextid="0" timestamp="2019-06-15T00:49:48.214" intervalms="41.117" />
<gc-start id="5555" type="partial gc" contextid="5554" timestamp="2019-06-15T00:49:48.215">
  <mem-info id="5556" free="20971520" total="78643200" percent="26">
    <mem type="eden" free="0" total="26214400" percent="0" />
    <remembered-set count="1376" freebytes="3133696" totalbytes="3139200" percent="99" regionsoverflowed="0" regionsstable="18" regionsrebuilding="0"/>
  </mem-info>
</gc-start>
<allocation-stats totalBytes="26210552" >
  <allocated-bytes non-tlh="0" tlh="26210552" arrayletleaf="0"/>
  <largest-consumer threadName="main" threadId="000000000118C700" bytes="26210552" />
</allocation-stats>
<gc-op id="5557" type="copy forward" timems="4.438" contextid="5554" timestamp="2019-06-15T00:49:48.220">
  <memory-copied type="eden" objects="25" bytes="800" bytesdiscarded="0" />
  <memory-copied type="other" objects="6" bytes="144" bytesdiscarded="0" />
  <memory-cardclean objects="87" bytes="2392" />
  <regions eden="25" other="1" />
  <remembered-set-cleared processed="34" cleared="4" durationms="0.108" />
  <stringconstants candidates="13319" cleared="0"  />
</gc-op>
<gc-op id="5558" type="classunload" timems="0.003" contextid="5554" timestamp="2019-06-15T00:49:48.220">
  <classunload-info classloadercandidates="53" classloadersunloaded="0" classesunloaded="0" anonymousclassesunloaded="0" quiescems="0.000" setupms="0.003" scanms="0.000" postms="0.000" />
</gc-op>
<heap-resize id="5559" type="expand" space="default" amount="3145728" count="1" timems="0.050" reason="excessive time being spent in gc" timestamp="2019-06-15T00:49:48.221" />
<gc-end id="5560" type="partial gc" contextid="5554" durationms="6.066" usertimems="8.000" systemtimems="0.000" timestamp="2019-06-15T00:49:48.221" activeThreads="4">
  <mem-info id="5561" free="49283072" total="81788928" percent="60">
    <mem type="eden" free="1047776" total="1048576" percent="99" />
    <remembered-set count="1408" freebytes="3259136" totalbytes="3264768" percent="99" regionsoverflowed="0" regionsstable="18" regionsrebuilding="0"/>
  </mem-info>
</gc-end>
<cycle-end id="5562" type="partial gc" contextid="5554" timestamp="2019-06-15T00:49:48.221" />
  <attribute name="elasticGC enabled" value="1" />
  <attribute name= "numThreadsSpecified" value="4" />
  <attribute name="heapSize specified" value="0" />
  <attribute name="Current GC Util" value="118" />
  <attribute name= "Current Time Running" value="25111" />
  <attribute name ="GC Interval" value="0" />
  <attribute name="ProportionalT" value="49.000000" />
  <attribute name="ProportionalI" value="49.000000" />
  <attribute name="ProportionalH" value="49.000000" />
  <attribute name="Current Error" value="98.000000" />
  <attribute name="IntegralT" value="98.000000" />
  <attribute name="IntegralI" value="98.000000" />
  <attribute name="IntegralH" value="98.000000" />
  <attribute name="DerivativeT" value="47.500000" />
  <attribute name="DerivativeI" value="47.500000" />
  <attribute name="DerivativeH" value="47.500000" />
  <attribute name="Loop Time for DT" value="1.000000" />
  <attribute name="Output H" value="8388608"/>
  <attribute name="Output I" value="200"/>
  <attribute name="Output T" value="4"/>
  <attribute name="Target GC Util Change" value ="20.000000" />
  <attribute name="Current GC Util Change" value="118.000000"/>
  <attribute name="GC Util currently" value="118" />
  <attribute name="CPU Util currently" value="7169151801196" />
<exclusive-end id="5563" timestamp="2019-06-15T00:49:48.221" durationms="6.904" />

<exclusive-start id="5564" timestamp="2019-06-15T00:49:48.253" intervalms="39.198">
  <response-info timems="0.078" idlems="0.078" threads="0" lastid="000000000118C700" lastname="main" />
</exclusive-start>
<allocation-taxation id="5565" taxation-threshold="27262976" timestamp="2019-06-15T00:49:48.254" intervalms="39.259" />
<cycle-start id="5566" type="partial gc" contextid="0" timestamp="2019-06-15T00:49:48.254" intervalms="39.381" />
<gc-start id="5567" type="partial gc" contextid="5566" timestamp="2019-06-15T00:49:48.254">
  <mem-info id="5568" free="22020096" total="81788928" percent="26">
    <mem type="eden" free="0" total="27262976" percent="0" />
    <remembered-set count="1408" freebytes="3259136" totalbytes="3264768" percent="99" regionsoverflowed="0" regionsstable="18" regionsrebuilding="0"/>
  </mem-info>
</gc-start>
<allocation-stats totalBytes="27259664" >
  <allocated-bytes non-tlh="0" tlh="27259664" arrayletleaf="0"/>
  <largest-consumer threadName="main" threadId="000000000118C700" bytes="27259664" />
</allocation-stats>
<gc-op id="5569" type="copy forward" timems="3.585" contextid="5566" timestamp="2019-06-15T00:49:48.259">
  <memory-copied type="eden" objects="8" bytes="248" bytesdiscarded="0" />
  <memory-copied type="other" objects="23" bytes="752" bytesdiscarded="0" />
  <memory-cardclean objects="53" bytes="1680" />
  <regions eden="26" other="1" />
  <remembered-set-cleared processed="36" cleared="3" durationms="0.101" />
  <stringconstants candidates="13319" cleared="0"  />
</gc-op>
<gc-op id="5570" type="classunload" timems="0.004" contextid="5566" timestamp="2019-06-15T00:49:48.259">
  <classunload-info classloadercandidates="53" classloadersunloaded="0" classesunloaded="0" anonymousclassesunloaded="0" quiescems="0.000" setupms="0.003" scanms="0.000" postms="0.000" />
</gc-op>
<heap-resize id="5571" type="expand" space="default" amount="2097152" count="1" timems="0.047" reason="excessive time being spent in gc" timestamp="2019-06-15T00:49:48.259" />
<gc-end id="5572" type="partial gc" contextid="5566" durationms="5.222" usertimems="4.000" systemtimems="0.000" timestamp="2019-06-15T00:49:48.259" activeThreads="4">
  <mem-info id="5573" free="50331648" total="83886080" percent="60">
    <mem type="eden" free="1048328" total="1048576" percent="99" />
    <remembered-set count="1504" freebytes="3342464" totalbytes="3348480" percent="99" regionsoverflowed="0" regionsstable="18" regionsrebuilding="0"/>
  </mem-info>
</gc-end>
<cycle-end id="5574" type="partial gc" contextid="5566" timestamp="2019-06-15T00:49:48.259" />
  <attribute name="elasticGC enabled" value="1" />
  <attribute name= "numThreadsSpecified" value="4" />
  <attribute name="heapSize specified" value="0" />
  <attribute name="Current GC Util" value="115" />
  <attribute name= "Current Time Running" value="25150" />
  <attribute name ="GC Interval" value="0" />
  <attribute name="ProportionalT" value="47.500000" />
  <attribute name="ProportionalI" value="47.500000" />
  <attribute name="ProportionalH" value="47.500000" />
  <attribute name="Current Error" value="95.000000" />
  <attribute name="IntegralT" value="95.000000" />
  <attribute name="IntegralI" value="95.000000" />
  <attribute name="IntegralH" value="95.000000" />
  <attribute name="DerivativeT" value="47.500000" />
  <attribute name="DerivativeI" value="47.500000" />
  <attribute name="DerivativeH" value="47.500000" />
  <attribute name="Loop Time for DT" value="1.000000" />
  <attribute name="Output H" value="8388608"/>
  <attribute name="Output I" value="200"/>
  <attribute name="Output T" value="4"/>
  <attribute name="Target GC Util Change" value ="20.000000" />
  <attribute name="Current GC Util Change" value="115.000000"/>
  <attribute name="GC Util currently" value="115" />
  <attribute name="CPU Util currently" value="7220256202918" />
<exclusive-end id="5575" timestamp="2019-06-15T00:49:48.260" durationms="6.214" />

<exclusive-start id="5576" timestamp="2019-06-15T00:49:48.280" intervalms="26.481">
  <response-info timems="0.081" idlems="0.081" threads="0" lastid="000000000118C700" lastname="main" />
</exclusive-start>
<allocation-taxation id="5577" taxation-threshold="27262976" timestamp="2019-06-15T00:49:48.280" intervalms="26.474" />
<cycle-start id="5578" type="partial gc" contextid="0" timestamp="2019-06-15T00:49:48.280" intervalms="26.415" />
<gc-start id="5579" type="partial gc" contextid="5578" timestamp="2019-06-15T00:49:48.280">
  <mem-info id="5580" free="23068672" total="83886080" percent="27">
    <mem type="eden" free="1048328" total="28311552" percent="3" />
    <remembered-set count="1088" freebytes="3344128" totalbytes="3348480" percent="99" regionsoverflowed="0" regionsstable="18" regionsrebuilding="0"/>
  </mem-info>
</gc-start>
<allocation-stats totalBytes="27260904" >
  <allocated-bytes non-tlh="0" tlh="27260904" arrayletleaf="0"/>
  <largest-consumer threadName="main" threadId="000000000118C700" bytes="27260904" />
</allocation-stats>
<gc-op id="5581" type="copy forward" timems="1.215" contextid="5578" timestamp="2019-06-15T00:49:48.283">
  <memory-copied type="eden" objects="23" bytes="736" bytesdiscarded="0" />
  <memory-copied type="other" objects="0" bytes="0" bytesdiscarded="0" />
  <memory-cardclean objects="89" bytes="2640" />
  <regions eden="26" other="1" />
  <remembered-set-cleared processed="41" cleared="8" durationms="0.103" />
  <stringconstants candidates="13319" cleared="0"  />
</gc-op>
<gc-op id="5582" type="classunload" timems="0.004" contextid="5578" timestamp="2019-06-15T00:49:48.283">
  <classunload-info classloadercandidates="53" classloadersunloaded="0" classesunloaded="0" anonymousclassesunloaded="0" quiescems="0.000" setupms="0.004" scanms="0.000" postms="0.000" />
</gc-op>
<gc-end id="5583" type="partial gc" contextid="5578" durationms="2.690" usertimems="0.000" systemtimems="0.000" timestamp="2019-06-15T00:49:48.283" activeThreads="1">
  <mem-info id="5584" free="50331648" total="83886080" percent="60">
    <mem type="eden" free="1047840" total="1048576" percent="99" />
    <remembered-set count="1440" freebytes="3342720" totalbytes="3348480" percent="99" regionsoverflowed="0" regionsstable="18" regionsrebuilding="0"/>
  </mem-info>
</gc-end>
<cycle-end id="5585" type="partial gc" contextid="5578" timestamp="2019-06-15T00:49:48.283" />
  <attribute name="elasticGC enabled" value="1" />
  <attribute name= "numThreadsSpecified" value="1" />
  <attribute name="heapSize specified" value="0" />
  <attribute name="Current GC Util" value="123" />
  <attribute name= "Current Time Running" value="25176" />
  <attribute name ="GC Interval" value="0" />
  <attribute name="ProportionalT" value="51.500000" />
  <attribute name="ProportionalI" value="51.500000" />
  <attribute name="ProportionalH" value="51.500000" />
  <attribute name="Current Error" value="103.000000" />
  <attribute name="IntegralT" value="0.000000" />
  <attribute name="IntegralI" value="0.000000" />
  <attribute name="IntegralH" value="0.000000" />
  <attribute name="DerivativeT" value="inf" />
  <attribute name="DerivativeI" value="inf" />
  <attribute name="DerivativeH" value="inf" />
  <attribute name="Loop Time for DT" value="0.000000" />
  <attribute name="Output H" value="8388608"/>
  <attribute name="Output I" value="200"/>
  <attribute name="Output T" value="1"/>
  <attribute name="Target GC Util Change" value ="20.000000" />
  <attribute name="Current GC Util Change" value="123.000000"/>
  <attribute name="GC Util currently" value="123" />
  <attribute name="CPU Util currently" value="7693965432312" />
<exclusive-end id="5586" timestamp="2019-06-15T00:49:48.284" durationms="3.677" />

<exclusive-start id="5587" timestamp="2019-06-15T00:49:48.349" intervalms="68.716">
  <response-info timems="0.075" idlems="0.075" threads="0" lastid="000000000118C700" lastname="main" />
</exclusive-start>
<allocation-taxation id="5588" taxation-threshold="27262976" timestamp="2019-06-15T00:49:48.349" intervalms="68.676" />
<cycle-start id="5589" type="partial gc" contextid="0" timestamp="2019-06-15T00:49:48.349" intervalms="68.745" />
<gc-start id="5590" type="partial gc" contextid="5589" timestamp="2019-06-15T00:49:48.349">
  <mem-info id="5591" free="23068672" total="83886080" percent="27">
    <mem type="eden" free="0" total="27262976" percent="0" />
    <remembered-set count="1056" freebytes="3344256" totalbytes="3348480" percent="99" regionsoverflowed="0" regionsstable="18" regionsrebuilding="0"/>
  </mem-info>
</gc-start>
<allocation-stats totalBytes="27261584" >
  <allocated-bytes non-tlh="0" tlh="27261584" arrayletleaf="0"/>
  <largest-consumer threadName="main" threadId="000000000118C700" bytes="27261584" />
</allocation-stats>
<gc-op id="5592" type="copy forward" timems="1.234" contextid="5589" timestamp="2019-06-15T00:49:48.352">
  <memory-copied type="eden" objects="24" bytes="728" bytesdiscarded="0" />
  <memory-copied type="other" objects="7" bytes="168" bytesdiscarded="0" />
  <memory-cardclean objects="95" bytes="2800" />
  <regions eden="26" other="1" />
  <remembered-set-cleared processed="38" cleared="5" durationms="0.103" />
  <stringconstants candidates="13319" cleared="0"  />
</gc-op>
<gc-op id="5593" type="classunload" timems="0.004" contextid="5589" timestamp="2019-06-15T00:49:48.352">
  <classunload-info classloadercandidates="53" classloadersunloaded="0" classesunloaded="0" anonymousclassesunloaded="0" quiescems="0.000" setupms="0.004" scanms="0.000" postms="0.000" />
</gc-op>
<gc-end id="5594" type="partial gc" contextid="5589" durationms="2.688" usertimems="4.000" systemtimems="0.000" timestamp="2019-06-15T00:49:48.352" activeThreads="1">
  <mem-info id="5595" free="49283072" total="83886080" percent="58">
    <mem type="eden" free="1047848" total="1048576" percent="99" />
    <remembered-set count="1440" freebytes="3342720" totalbytes="3348480" percent="99" regionsoverflowed="0" regionsstable="18" regionsrebuilding="0"/>
  </mem-info>
</gc-end>
<cycle-end id="5596" type="partial gc" contextid="5589" timestamp="2019-06-15T00:49:48.352" />
  <attribute name="elasticGC enabled" value="1" />
  <attribute name= "numThreadsSpecified" value="1" />
  <attribute name="heapSize specified" value="0" />
  <attribute name="Current GC Util" value="233" />
  <attribute name= "Current Time Running" value="25245" />
  <attribute name ="GC Interval" value="0" />
  <attribute name="ProportionalT" value="106.500000" />
  <attribute name="ProportionalI" value="106.500000" />
  <attribute name="ProportionalH" value="106.500000" />
  <attribute name="Current Error" value="213.000000" />
  <attribute name="IntegralT" value="0.000000" />
  <attribute name="IntegralI" value="0.000000" />
  <attribute name="IntegralH" value="0.000000" />
  <attribute name="DerivativeT" value="inf" />
  <attribute name="DerivativeI" value="inf" />
  <attribute name="DerivativeH" value="inf" />
  <attribute name="Loop Time for DT" value="0.000000" />
  <attribute name="Output H" value="8388608"/>
  <attribute name="Output I" value="200"/>
  <attribute name="Output T" value="1"/>
  <attribute name="Target GC Util Change" value ="20.000000" />
  <attribute name="Current GC Util Change" value="233.000000"/>
  <attribute name="GC Util currently" value="233" />
  <attribute name="CPU Util currently" value="7724003725594" />
<exclusive-end id="5597" timestamp="2019-06-15T00:49:48.352" durationms="3.641" />

<exclusive-start id="5598" timestamp="2019-06-15T00:49:48.435" intervalms="86.055">
  <response-info timems="0.076" idlems="0.076" threads="0" lastid="000000000118C700" lastname="main" />
</exclusive-start>
<allocation-taxation id="5599" taxation-threshold="27262976" timestamp="2019-06-15T00:49:48.435" intervalms="86.056" />
<cycle-start id="5600" type="partial gc" contextid="0" timestamp="2019-06-15T00:49:48.435" intervalms="86.064" />
<gc-start id="5601" type="partial gc" contextid="5600" timestamp="2019-06-15T00:49:48.435">
  <mem-info id="5602" free="22020096" total="83886080" percent="26">
    <mem type="eden" free="0" total="27262976" percent="0" />
    <remembered-set count="1088" freebytes="3344128" totalbytes="3348480" percent="99" regionsoverflowed="0" regionsstable="18" regionsrebuilding="0"/>
  </mem-info>
</gc-start>
<allocation-stats totalBytes="27261256" >
  <allocated-bytes non-tlh="0" tlh="27261256" arrayletleaf="0"/>
  <largest-consumer threadName="main" threadId="000000000118C700" bytes="27261256" />
</allocation-stats>
<gc-op id="5603" type="copy forward" timems="1.186" contextid="5600" timestamp="2019-06-15T00:49:48.438">
  <memory-copied type="eden" objects="39" bytes="1088" bytesdiscarded="0" />
  <memory-copied type="other" objects="12" bytes="288" bytesdiscarded="0" />
  <memory-cardclean objects="128" bytes="3352" />
  <regions eden="26" other="1" />
  <remembered-set-cleared processed="42" cleared="2" durationms="0.103" />
  <stringconstants candidates="13319" cleared="0"  />
</gc-op>
<gc-op id="5604" type="classunload" timems="0.003" contextid="5600" timestamp="2019-06-15T00:49:48.438">
  <classunload-info classloadercandidates="53" classloadersunloaded="0" classesunloaded="0" anonymousclassesunloaded="0" quiescems="0.000" setupms="0.003" scanms="0.000" postms="0.000" />
</gc-op>
<gc-end id="5605" type="partial gc" contextid="5600" durationms="2.653" usertimems="4.000" systemtimems="0.000" timestamp="2019-06-15T00:49:48.438" activeThreads="1">
  <mem-info id="5606" free="48234496" total="83886080" percent="57">
    <mem type="eden" free="1047488" total="1048576" percent="99" />
    <remembered-set count="1568" freebytes="3342208" totalbytes="3348480" percent="99" regionsoverflowed="0" regionsstable="18" regionsrebuilding="0"/>
  </mem-info>
</gc-end>
<cycle-end id="5607" type="partial gc" contextid="5600" timestamp="2019-06-15T00:49:48.438" />
  <attribute name="elasticGC enabled" value="1" />
  <attribute name= "numThreadsSpecified" value="1" />
  <attribute name="heapSize specified" value="0" />
  <attribute name="Current GC Util" value="250" />
  <attribute name= "Current Time Running" value="25331" />
  <attribute name ="GC Interval" value="0" />
  <attribute name="ProportionalT" value="115.000000" />
  <attribute name="ProportionalI" value="115.000000" />
  <attribute name="ProportionalH" value="115.000000" />
  <attribute name="Current Error" value="230.000000" />
  <attribute name="IntegralT" value="0.000000" />
  <attribute name="IntegralI" value="0.000000" />
  <attribute name="IntegralH" value="0.000000" />
  <attribute name="DerivativeT" value="inf" />
  <attribute name="DerivativeI" value="inf" />
  <attribute name="DerivativeH" value="inf" />
  <attribute name="Loop Time for DT" value="0.000000" />
  <attribute name="Output H" value="8388608"/>
  <attribute name="Output I" value="200"/>
  <attribute name="Output T" value="1"/>
  <attribute name="Target GC Util Change" value ="20.000000" />
  <attribute name="Current GC Util Change" value="250.000000"/>
  <attribute name="GC Util currently" value="250" />
  <attribute name="CPU Util currently" value="7750042332907" />
<exclusive-end id="5608" timestamp="2019-06-15T00:49:48.438" durationms="3.698" />

<exclusive-start id="5609" timestamp="2019-06-15T00:49:48.450" intervalms="14.873">
  <response-info timems="0.077" idlems="0.077" threads="0" lastid="000000000118C700" lastname="main" />
</exclusive-start>
<allocation-taxation id="5610" taxation-threshold="27262976" timestamp="2019-06-15T00:49:48.450" intervalms="14.889" />
<cycle-start id="5611" type="partial gc" contextid="0" timestamp="2019-06-15T00:49:48.450" intervalms="14.858" />
<gc-start id="5612" type="partial gc" contextid="5611" timestamp="2019-06-15T00:49:48.450">
  <mem-info id="5613" free="20971520" total="83886080" percent="25">
    <mem type="eden" free="0" total="27262976" percent="0" />
    <remembered-set count="1120" freebytes="3344000" totalbytes="3348480" percent="99" regionsoverflowed="0" regionsstable="18" regionsrebuilding="0"/>
  </mem-info>
</gc-start>
<allocation-stats totalBytes="27260816" >
  <allocated-bytes non-tlh="0" tlh="27260816" arrayletleaf="0"/>
  <largest-consumer threadName="main" threadId="000000000118C700" bytes="27260816" />
</allocation-stats>
<gc-op id="5614" type="copy forward" timems="1.240" contextid="5611" timestamp="2019-06-15T00:49:48.452">
  <memory-copied type="eden" objects="4" bytes="96" bytesdiscarded="0" />
  <memory-copied type="other" objects="35" bytes="992" bytesdiscarded="0" />
  <memory-cardclean objects="84" bytes="2480" />
  <regions eden="26" other="1" />
  <remembered-set-cleared processed="44" cleared="1" durationms="0.107" />
  <stringconstants candidates="13319" cleared="0"  />
</gc-op>
<gc-op id="5615" type="classunload" timems="0.004" contextid="5611" timestamp="2019-06-15T00:49:48.453">
  <classunload-info classloadercandidates="53" classloadersunloaded="0" classesunloaded="0" anonymousclassesunloaded="0" quiescems="0.000" setupms="0.004" scanms="0.000" postms="0.000" />
</gc-op>
<gc-end id="5616" type="partial gc" contextid="5611" durationms="2.622" usertimems="4.000" systemtimems="0.000" timestamp="2019-06-15T00:49:48.453" activeThreads="1">
  <mem-info id="5617" free="47185920" total="83886080" percent="56">
    <mem type="eden" free="1048480" total="1048576" percent="99" />
    <remembered-set count="1600" freebytes="3342080" totalbytes="3348480" percent="99" regionsoverflowed="0" regionsstable="18" regionsrebuilding="0"/>
  </mem-info>
</gc-end>
<cycle-end id="5618" type="partial gc" contextid="5611" timestamp="2019-06-15T00:49:48.453" />
  <attribute name="elasticGC enabled" value="1" />
  <attribute name= "numThreadsSpecified" value="1" />
  <attribute name="heapSize specified" value="0" />
  <attribute name="Current GC Util" value="230" />
  <attribute name= "Current Time Running" value="25346" />
  <attribute name ="GC Interval" value="0" />
  <attribute name="ProportionalT" value="105.000000" />
  <attribute name="ProportionalI" value="105.000000" />
  <attribute name="ProportionalH" value="105.000000" />
  <attribute name="Current Error" value="210.000000" />
  <attribute name="IntegralT" value="0.000000" />
  <attribute name="IntegralI" value="0.000000" />
  <attribute name="IntegralH" value="0.000000" />
  <attribute name="DerivativeT" value="inf" />
  <attribute name="DerivativeI" value="inf" />
  <attribute name="DerivativeH" value="inf" />
  <attribute name="Loop Time for DT" value="0.000000" />
  <attribute name="Output H" value="8388608"/>
  <attribute name="Output I" value="200"/>
  <attribute name="Output T" value="1"/>
  <attribute name="Target GC Util Change" value ="20.000000" />
  <attribute name="Current GC Util Change" value="230.000000"/>
  <attribute name="GC Util currently" value="230" />
  <attribute name="CPU Util currently" value="7692669181437" />
<exclusive-end id="5619" timestamp="2019-06-15T00:49:48.453" durationms="3.757" />

<exclusive-start id="5620" timestamp="2019-06-15T00:49:48.469" intervalms="19.196">
  <response-info timems="0.075" idlems="0.075" threads="0" lastid="000000000118C700" lastname="main" />
</exclusive-start>
<allocation-taxation id="5621" taxation-threshold="27262976" timestamp="2019-06-15T00:49:48.469" intervalms="19.179" />
<cycle-start id="5622" type="partial gc" contextid="0" timestamp="2019-06-15T00:49:48.469" intervalms="19.183" />
<gc-start id="5623" type="partial gc" contextid="5622" timestamp="2019-06-15T00:49:48.469">
  <mem-info id="5624" free="19922944" total="83886080" percent="23">
    <mem type="eden" free="1048480" total="28311552" percent="3" />
    <remembered-set count="1152" freebytes="3343872" totalbytes="3348480" percent="99" regionsoverflowed="0" regionsstable="18" regionsrebuilding="0"/>
  </mem-info>
</gc-start>
<allocation-stats totalBytes="27260816" >
  <allocated-bytes non-tlh="0" tlh="27260816" arrayletleaf="0"/>
  <largest-consumer threadName="main" threadId="000000000118C700" bytes="27260816" />
</allocation-stats>
<gc-op id="5625" type="copy forward" timems="1.240" contextid="5622" timestamp="2019-06-15T00:49:48.472">
  <memory-copied type="eden" objects="30" bytes="904" bytesdiscarded="0" />
  <memory-copied type="other" objects="0" bytes="0" bytesdiscarded="0" />
  <memory-cardclean objects="77" bytes="2328" />
  <regions eden="26" other="1" />
  <remembered-set-cleared processed="50" cleared="4" durationms="0.108" />
  <stringconstants candidates="13319" cleared="0"  />
</gc-op>
<gc-op id="5626" type="classunload" timems="0.004" contextid="5622" timestamp="2019-06-15T00:49:48.472">
  <classunload-info classloadercandidates="53" classloadersunloaded="0" classesunloaded="0" anonymousclassesunloaded="0" quiescems="0.000" setupms="0.004" scanms="0.000" postms="0.000" />
</gc-op>
<gc-end id="5627" type="partial gc" contextid="5622" durationms="2.652" usertimems="0.000" systemtimems="0.000" timestamp="2019-06-15T00:49:48.472" activeThreads="1">
  <mem-info id="5628" free="47185920" total="83886080" percent="56">
    <mem type="eden" free="1047672" total="1048576" percent="99" />
    <remembered-set count="1632" freebytes="3341952" totalbytes="3348480" percent="99" regionsoverflowed="0" regionsstable="18" regionsrebuilding="0"/>
  </mem-info>
</gc-end>
<cycle-end id="5629" type="partial gc" contextid="5622" timestamp="2019-06-15T00:49:48.472" />
  <attribute name="elasticGC enabled" value="1" />
  <attribute name= "numThreadsSpecified" value="1" />
  <attribute name="heapSize specified" value="0" />
  <attribute name="Current GC Util" value="236" />
  <attribute name= "Current Time Running" value="25365" />
  <attribute name ="GC Interval" value="0" />
  <attribute name="ProportionalT" value="108.000000" />
  <attribute name="ProportionalI" value="108.000000" />
  <attribute name="ProportionalH" value="108.000000" />
  <attribute name="Current Error" value="216.000000" />
  <attribute name="IntegralT" value="0.000000" />
  <attribute name="IntegralI" value="0.000000" />
  <attribute name="IntegralH" value="0.000000" />
  <attribute name="DerivativeT" value="inf" />
  <attribute name="DerivativeI" value="inf" />
  <attribute name="DerivativeH" value="inf" />
  <attribute name="Loop Time for DT" value="0.000000" />
  <attribute name="Output H" value="8388608"/>
  <attribute name="Output I" value="200"/>
  <attribute name="Output T" value="1"/>
  <attribute name="Target GC Util Change" value ="20.000000" />
  <attribute name="Current GC Util Change" value="236.000000"/>
  <attribute name="GC Util currently" value="236" />
  <attribute name="CPU Util currently" value="7736611730813" />
<exclusive-end id="5630" timestamp="2019-06-15T00:49:48.472" durationms="3.700" />

<exclusive-start id="5631" timestamp="2019-06-15T00:49:48.507" intervalms="38.280">
  <response-info timems="0.069" idlems="0.069" threads="0" lastid="000000000118C700" lastname="main" />
</exclusive-start>
<allocation-taxation id="5632" taxation-threshold="27262976" timestamp="2019-06-15T00:49:48.507" intervalms="38.282" />
<cycle-start id="5633" type="partial gc" contextid="0" timestamp="2019-06-15T00:49:48.507" intervalms="38.293" />
<gc-start id="5634" type="partial gc" contextid="5633" timestamp="2019-06-15T00:49:48.508">
  <mem-info id="5635" free="19922944" total="83886080" percent="23">
    <mem type="eden" free="0" total="27262976" percent="0" />
    <remembered-set count="1152" freebytes="3343872" totalbytes="3348480" percent="99" regionsoverflowed="0" regionsstable="18" regionsrebuilding="0"/>
  </mem-info>
</gc-start>
<allocation-stats totalBytes="27261192" >
  <allocated-bytes non-tlh="0" tlh="27261192" arrayletleaf="0"/>
  <largest-consumer threadName="main" threadId="000000000118C700" bytes="27261192" />
</allocation-stats>
<gc-op id="5636" type="copy forward" timems="6.203" contextid="5633" timestamp="2019-06-15T00:49:48.515">
  <memory-copied type="eden" objects="12" bytes="320" bytesdiscarded="0" />
  <memory-copied type="other" objects="19" bytes="608" bytesdiscarded="672" />
  <memory-cardclean objects="62" bytes="2088" />
  <regions eden="26" other="1" />
  <remembered-set-cleared processed="48" cleared="2" durationms="0.116" />
  <stringconstants candidates="13319" cleared="0"  />
</gc-op>
<gc-op id="5637" type="classunload" timems="0.003" contextid="5633" timestamp="2019-06-15T00:49:48.515">
  <classunload-info classloadercandidates="53" classloadersunloaded="0" classesunloaded="0" anonymousclassesunloaded="0" quiescems="0.000" setupms="0.003" scanms="0.000" postms="0.000" />
</gc-op>
<heap-resize id="5638" type="expand" space="default" amount="10485760" count="1" timems="0.068" reason="excessive time being spent in gc" timestamp="2019-06-15T00:49:48.515" />
<gc-end id="5639" type="partial gc" contextid="5633" durationms="7.876" usertimems="12.000" systemtimems="0.000" timestamp="2019-06-15T00:49:48.516" activeThreads="4">
  <mem-info id="5640" free="56623104" total="94371840" percent="60">
    <mem type="eden" free="1048256" total="1048576" percent="99" />
    <remembered-set count="2208" freebytes="3758208" totalbytes="3767040" percent="99" regionsoverflowed="0" regionsstable="18" regionsrebuilding="0"/>
  </mem-info>
</gc-end>
<cycle-end id="5641" type="partial gc" contextid="5633" timestamp="2019-06-15T00:49:48.516" />
  <attribute name="elasticGC enabled" value="1" />
  <attribute name= "numThreadsSpecified" value="4" />
  <attribute name="heapSize specified" value="0" />
  <attribute name="Current GC Util" value="245" />
  <attribute name= "Current Time Running" value="25404" />
  <attribute name ="GC Interval" value="0" />
  <attribute name="ProportionalT" value="112.500000" />
  <attribute name="ProportionalI" value="112.500000" />
  <attribute name="ProportionalH" value="112.500000" />
  <attribute name="Current Error" value="225.000000" />
  <attribute name="IntegralT" value="225.000000" />
  <attribute name="IntegralI" value="225.000000" />
  <attribute name="IntegralH" value="225.000000" />
  <attribute name="DerivativeT" value="112.500000" />
  <attribute name="DerivativeI" value="112.500000" />
  <attribute name="DerivativeH" value="112.500000" />
  <attribute name="Loop Time for DT" value="1.000000" />
  <attribute name="Output H" value="8388608"/>
  <attribute name="Output I" value="456"/>
  <attribute name="Output T" value="4"/>
  <attribute name="Target GC Util Change" value ="20.000000" />
  <attribute name="Current GC Util Change" value="245.000000"/>
  <attribute name="GC Util currently" value="245" />
  <attribute name="CPU Util currently" value="7638137539064" />
<exclusive-end id="5642" timestamp="2019-06-15T00:49:48.516" durationms="8.939" />

<exclusive-start id="5643" timestamp="2019-06-15T00:49:48.550" intervalms="43.380">
  <response-info timems="0.075" idlems="0.075" threads="0" lastid="000000000118C700" lastname="main" />
</exclusive-start>
<allocation-taxation id="5644" taxation-threshold="30408704" timestamp="2019-06-15T00:49:48.551" intervalms="43.405" />
<cycle-start id="5645" type="partial gc" contextid="0" timestamp="2019-06-15T00:49:48.551" intervalms="43.397" />
<gc-start id="5646" type="partial gc" contextid="5645" timestamp="2019-06-15T00:49:48.551">
  <mem-info id="5647" free="26214400" total="94371840" percent="27">
    <mem type="eden" free="1048256" total="31457280" percent="3" />
    <remembered-set count="1728" freebytes="3760128" totalbytes="3767040" percent="99" regionsoverflowed="0" regionsstable="18" regionsrebuilding="0"/>
  </mem-info>
</gc-start>
<allocation-stats totalBytes="30406608" >
  <allocated-bytes non-tlh="0" tlh="30406608" arrayletleaf="0"/>
  <largest-consumer threadName="main" threadId="000000000118C700" bytes="30406608" />
</allocation-stats>
<gc-op id="5648" type="copy forward" timems="6.304" contextid="5645" timestamp="2019-06-15T00:49:48.558">
  <memory-copied type="eden" objects="40" bytes="1184" bytesdiscarded="600" />
  <memory-copied type="other" objects="0" bytes="0" bytesdiscarded="0" />
  <memory-cardclean objects="76" bytes="2288" />
  <regions eden="29" other="1" />
  <remembered-set-cleared processed="53" cleared="6" durationms="0.122" />
  <stringconstants candidates="13319" cleared="0"  />
</gc-op>
<gc-op id="5649" type="classunload" timems="0.004" contextid="5645" timestamp="2019-06-15T00:49:48.559">
  <classunload-info classloadercandidates="53" classloadersunloaded="0" classesunloaded="0" anonymousclassesunloaded="0" quiescems="0.000" setupms="0.004" scanms="0.000" postms="0.000" />
</gc-op>
<gc-end id="5650" type="partial gc" contextid="5645" durationms="7.775" usertimems="8.000" systemtimems="0.000" timestamp="2019-06-15T00:49:48.559" activeThreads="4">
  <mem-info id="5651" free="56623104" total="94371840" percent="60">
    <mem type="eden" free="1046792" total="1048576" percent="99" />
    <remembered-set count="1728" freebytes="3760128" totalbytes="3767040" percent="99" regionsoverflowed="0" regionsstable="18" regionsrebuilding="0"/>
  </mem-info>
</gc-end>
<cycle-end id="5652" type="partial gc" contextid="5645" timestamp="2019-06-15T00:49:48.559" />
  <attribute name="elasticGC enabled" value="1" />
  <attribute name= "numThreadsSpecified" value="4" />
  <attribute name="heapSize specified" value="0" />
  <attribute name="Current GC Util" value="120" />
  <attribute name= "Current Time Running" value="25447" />
  <attribute name ="GC Interval" value="0" />
  <attribute name="ProportionalT" value="50.000000" />
  <attribute name="ProportionalI" value="50.000000" />
  <attribute name="ProportionalH" value="50.000000" />
  <attribute name="Current Error" value="100.000000" />
  <attribute name="IntegralT" value="100.000000" />
  <attribute name="IntegralI" value="100.000000" />
  <attribute name="IntegralH" value="100.000000" />
  <attribute name="DerivativeT" value="48.500000" />
  <attribute name="DerivativeI" value="48.500000" />
  <attribute name="DerivativeH" value="48.500000" />
  <attribute name="Loop Time for DT" value="1.000000" />
  <attribute name="Output H" value="8388608"/>
  <attribute name="Output I" value="200"/>
  <attribute name="Output T" value="4"/>
  <attribute name="Target GC Util Change" value ="20.000000" />
  <attribute name="Current GC Util Change" value="120.000000"/>
  <attribute name="GC Util currently" value="120" />
  <attribute name="CPU Util currently" value="7456821127305" />
<exclusive-end id="5653" timestamp="2019-06-15T00:49:48.559" durationms="8.829" />

<exclusive-start id="5654" timestamp="2019-06-15T00:49:48.590" intervalms="39.056">
  <response-info timems="0.085" idlems="0.085" threads="0" lastid="000000000118C700" lastname="main" />
</exclusive-start>
<allocation-taxation id="5655" taxation-threshold="30408704" timestamp="2019-06-15T00:49:48.590" intervalms="39.071" />
<cycle-start id="5656" type="partial gc" contextid="0" timestamp="2019-06-15T00:49:48.590" intervalms="39.100" />
<gc-start id="5657" type="partial gc" contextid="5656" timestamp="2019-06-15T00:49:48.590">
  <mem-info id="5658" free="26214400" total="94371840" percent="27">
    <mem type="eden" free="0" total="30408704" percent="0" />
    <remembered-set count="1728" freebytes="3760128" totalbytes="3767040" percent="99" regionsoverflowed="0" regionsstable="18" regionsrebuilding="0"/>
  </mem-info>
</gc-start>
<allocation-stats totalBytes="30406376" >
  <allocated-bytes non-tlh="0" tlh="30406376" arrayletleaf="0"/>
  <largest-consumer threadName="main" threadId="000000000118C700" bytes="30406376" />
</allocation-stats>
<gc-op id="5659" type="copy forward" timems="1.319" contextid="5656" timestamp="2019-06-15T00:49:48.593">
  <memory-copied type="eden" objects="9" bytes="248" bytesdiscarded="0" />
  <memory-copied type="other" objects="27" bytes="856" bytesdiscarded="0" />
  <memory-cardclean objects="61" bytes="2048" />
  <regions eden="29" other="1" />
  <remembered-set-cleared processed="51" cleared="4" durationms="0.116" />
  <stringconstants candidates="13319" cleared="0"  />
</gc-op>
<gc-op id="5660" type="classunload" timems="0.005" contextid="5656" timestamp="2019-06-15T00:49:48.593">
  <classunload-info classloadercandidates="53" classloadersunloaded="0" classesunloaded="0" anonymousclassesunloaded="0" quiescems="0.000" setupms="0.004" scanms="0.000" postms="0.000" />
</gc-op>
<heap-resize id="5661" type="expand" space="default" amount="3145728" count="1" timems="0.053" reason="excessive time being spent in gc" timestamp="2019-06-15T00:49:48.593" />
<gc-end id="5662" type="partial gc" contextid="5656" durationms="2.903" usertimems="4.000" systemtimems="0.000" timestamp="2019-06-15T00:49:48.593" activeThreads="1">
  <mem-info id="5663" free="58720256" total="97517568" percent="60">
    <mem type="eden" free="1048328" total="1048576" percent="99" />
    <remembered-set count="2112" freebytes="3884160" totalbytes="3892608" percent="99" regionsoverflowed="0" regionsstable="18" regionsrebuilding="0"/>
  </mem-info>
</gc-end>
<cycle-end id="5664" type="partial gc" contextid="5656" timestamp="2019-06-15T00:49:48.593" />
  <attribute name="elasticGC enabled" value="1" />
  <attribute name= "numThreadsSpecified" value="1" />
  <attribute name="heapSize specified" value="0" />
  <attribute name="Current GC Util" value="119" />
  <attribute name= "Current Time Running" value="25486" />
  <attribute name ="GC Interval" value="0" />
  <attribute name="ProportionalT" value="49.500000" />
  <attribute name="ProportionalI" value="49.500000" />
  <attribute name="ProportionalH" value="49.500000" />
  <attribute name="Current Error" value="99.000000" />
  <attribute name="IntegralT" value="0.000000" />
  <attribute name="IntegralI" value="0.000000" />
  <attribute name="IntegralH" value="0.000000" />
  <attribute name="DerivativeT" value="inf" />
  <attribute name="DerivativeI" value="inf" />
  <attribute name="DerivativeH" value="inf" />
  <attribute name="Loop Time for DT" value="0.000000" />
  <attribute name="Output H" value="8388608"/>
  <attribute name="Output I" value="200"/>
  <attribute name="Output T" value="1"/>
  <attribute name="Target GC Util Change" value ="20.000000" />
  <attribute name="Current GC Util Change" value="119.000000"/>
  <attribute name="GC Util currently" value="119" />
  <attribute name="CPU Util currently" value="7364828059080" />
<exclusive-end id="5665" timestamp="2019-06-15T00:49:48.593" durationms="3.992" />

<exclusive-start id="5666" timestamp="2019-06-15T00:49:48.689" intervalms="99.273">
  <response-info timems="0.071" idlems="0.071" threads="0" lastid="000000000118C700" lastname="main" />
</exclusive-start>
<allocation-taxation id="5667" taxation-threshold="30408704" timestamp="2019-06-15T00:49:48.689" intervalms="99.242" />
<cycle-start id="5668" type="partial gc" contextid="0" timestamp="2019-06-15T00:49:48.689" intervalms="99.137" />
<gc-start id="5669" type="partial gc" contextid="5668" timestamp="2019-06-15T00:49:48.689">
  <mem-info id="5670" free="28311552" total="97517568" percent="29">
    <mem type="eden" free="1048328" total="31457280" percent="3" />
    <remembered-set count="1664" freebytes="3885952" totalbytes="3892608" percent="99" regionsoverflowed="0" regionsstable="18" regionsrebuilding="0"/>
  </mem-info>
</gc-start>
<allocation-stats totalBytes="30393400" >
  <allocated-bytes non-tlh="0" tlh="30393400" arrayletleaf="0"/>
  <largest-consumer threadName="main" threadId="000000000118C700" bytes="30393400" />
</allocation-stats>
<gc-op id="5671" type="copy forward" timems="1.357" contextid="5668" timestamp="2019-06-15T00:49:48.692">
  <memory-copied type="eden" objects="57" bytes="3320" bytesdiscarded="0" />
  <memory-copied type="other" objects="0" bytes="0" bytesdiscarded="0" />
  <memory-cardclean objects="120" bytes="3336" />
  <regions eden="29" other="1" />
  <remembered-set-cleared processed="56" cleared="8" durationms="0.118" />
  <stringconstants candidates="13319" cleared="0"  />
</gc-op>
<gc-op id="5672" type="classunload" timems="0.004" contextid="5668" timestamp="2019-06-15T00:49:48.692">
  <classunload-info classloadercandidates="53" classloadersunloaded="0" classesunloaded="0" anonymousclassesunloaded="0" quiescems="0.000" setupms="0.003" scanms="0.000" postms="0.000" />
</gc-op>
<gc-end id="5673" type="partial gc" contextid="5668" durationms="2.760" usertimems="0.000" systemtimems="4.000" timestamp="2019-06-15T00:49:48.692" activeThreads="1">
  <mem-info id="5674" free="58720256" total="97517568" percent="60">
    <mem type="eden" free="1045256" total="1048576" percent="99" />
    <remembered-set count="2144" freebytes="3884032" totalbytes="3892608" percent="99" regionsoverflowed="0" regionsstable="18" regionsrebuilding="0"/>
  </mem-info>
</gc-end>
<cycle-end id="5675" type="partial gc" contextid="5668" timestamp="2019-06-15T00:49:48.692" />
  <attribute name="elasticGC enabled" value="1" />
  <attribute name= "numThreadsSpecified" value="1" />
  <attribute name="heapSize specified" value="0" />
  <attribute name="Current GC Util" value="231" />
  <attribute name= "Current Time Running" value="25585" />
  <attribute name ="GC Interval" value="0" />
  <attribute name="ProportionalT" value="105.500000" />
  <attribute name="ProportionalI" value="105.500000" />
  <attribute name="ProportionalH" value="105.500000" />
  <attribute name="Current Error" value="211.000000" />
  <attribute name="IntegralT" value="0.000000" />
  <attribute name="IntegralI" value="0.000000" />
  <attribute name="IntegralH" value="0.000000" />
  <attribute name="DerivativeT" value="inf" />
  <attribute name="DerivativeI" value="inf" />
  <attribute name="DerivativeH" value="inf" />
  <attribute name="Loop Time for DT" value="0.000000" />
  <attribute name="Output H" value="8388608"/>
  <attribute name="Output I" value="200"/>
  <attribute name="Output T" value="1"/>
  <attribute name="Target GC Util Change" value ="20.000000" />
  <attribute name="Current GC Util Change" value="231.000000"/>
  <attribute name="GC Util currently" value="231" />
  <attribute name="CPU Util currently" value="7382760974787" />
<exclusive-end id="5676" timestamp="2019-06-15T00:49:48.693" durationms="3.730" />

<exclusive-start id="5677" timestamp="2019-06-15T00:49:48.762" intervalms="72.874">
  <response-info timems="0.075" idlems="0.075" threads="0" lastid="000000000118C700" lastname="main" />
</exclusive-start>
<allocation-taxation id="5678" taxation-threshold="30408704" timestamp="2019-06-15T00:49:48.762" intervalms="72.898" />
<cycle-start id="5679" type="partial gc" contextid="0" timestamp="2019-06-15T00:49:48.762" intervalms="72.986" />
<gc-start id="5680" type="partial gc" contextid="5679" timestamp="2019-06-15T00:49:48.762">
  <mem-info id="5681" free="28311552" total="97517568" percent="29">
    <mem type="eden" free="0" total="30408704" percent="0" />
    <remembered-set count="1664" freebytes="3885952" totalbytes="3892608" percent="99" regionsoverflowed="0" regionsstable="18" regionsrebuilding="0"/>
  </mem-info>
</gc-start>
<allocation-stats totalBytes="30386280" >
  <allocated-bytes non-tlh="0" tlh="30386280" arrayletleaf="0"/>
  <largest-consumer threadName="main" threadId="000000000118C700" bytes="30386280" />
</allocation-stats>
<gc-op id="5682" type="copy forward" timems="1.286" contextid="5679" timestamp="2019-06-15T00:49:48.765">
  <memory-copied type="eden" objects="3" bytes="104" bytesdiscarded="0" />
  <memory-copied type="other" objects="53" bytes="2216" bytesdiscarded="0" />
  <memory-cardclean objects="96" bytes="2952" />
  <regions eden="29" other="1" />
  <remembered-set-cleared processed="54" cleared="6" durationms="0.113" />
  <stringconstants candidates="13319" cleared="0"  />
</gc-op>
<gc-op id="5683" type="classunload" timems="0.003" contextid="5679" timestamp="2019-06-15T00:49:48.765">
  <classunload-info classloadercandidates="53" classloadersunloaded="0" classesunloaded="0" anonymousclassesunloaded="0" quiescems="0.000" setupms="0.003" scanms="0.000" postms="0.000" />
</gc-op>
<gc-end id="5684" type="partial gc" contextid="5679" durationms="2.703" usertimems="4.000" systemtimems="0.000" timestamp="2019-06-15T00:49:48.765" activeThreads="1">
  <mem-info id="5685" free="57671680" total="97517568" percent="59">
    <mem type="eden" free="1048472" total="1048576" percent="99" />
    <remembered-set count="2144" freebytes="3884032" totalbytes="3892608" percent="99" regionsoverflowed="0" regionsstable="18" regionsrebuilding="0"/>
  </mem-info>
</gc-end>
<cycle-end id="5686" type="partial gc" contextid="5679" timestamp="2019-06-15T00:49:48.765" />
  <attribute name="elasticGC enabled" value="1" />
  <attribute name= "numThreadsSpecified" value="1" />
  <attribute name="heapSize specified" value="0" />
  <attribute name="Current GC Util" value="246" />
  <attribute name= "Current Time Running" value="25658" />
  <attribute name ="GC Interval" value="0" />
  <attribute name="ProportionalT" value="113.000000" />
  <attribute name="ProportionalI" value="113.000000" />
  <attribute name="ProportionalH" value="113.000000" />
  <attribute name="Current Error" value="226.000000" />
  <attribute name="IntegralT" value="0.000000" />
  <attribute name="IntegralI" value="0.000000" />
  <attribute name="IntegralH" value="0.000000" />
  <attribute name="DerivativeT" value="inf" />
  <attribute name="DerivativeI" value="inf" />
  <attribute name="DerivativeH" value="inf" />
  <attribute name="Loop Time for DT" value="0.000000" />
  <attribute name="Output H" value="8388608"/>
  <attribute name="Output I" value="200"/>
  <attribute name="Output T" value="1"/>
  <attribute name="Target GC Util Change" value ="20.000000" />
  <attribute name="Current GC Util Change" value="246.000000"/>
  <attribute name="GC Util currently" value="246" />
  <attribute name="CPU Util currently" value="7667345457031" />
<exclusive-end id="5687" timestamp="2019-06-15T00:49:48.765" durationms="3.770" />

<exclusive-start id="5688" timestamp="2019-06-15T00:49:48.833" intervalms="71.825">
  <response-info timems="0.075" idlems="0.075" threads="0" lastid="000000000118C700" lastname="main" />
</exclusive-start>
<allocation-taxation id="5689" taxation-threshold="30408704" timestamp="2019-06-15T00:49:48.834" intervalms="71.782" />
<cycle-start id="5690" type="partial gc" contextid="0" timestamp="2019-06-15T00:49:48.834" intervalms="71.800" />
<gc-start id="5691" type="partial gc" contextid="5690" timestamp="2019-06-15T00:49:48.834">
  <mem-info id="5692" free="27262976" total="97517568" percent="27">
    <mem type="eden" free="1048472" total="31457280" percent="3" />
    <remembered-set count="1696" freebytes="3885824" totalbytes="3892608" percent="99" regionsoverflowed="0" regionsstable="18" regionsrebuilding="0"/>
  </mem-info>
</gc-start>
<allocation-stats totalBytes="30386216" >
  <allocated-bytes non-tlh="0" tlh="30386216" arrayletleaf="0"/>
  <largest-consumer threadName="main" threadId="000000000118C700" bytes="30386216" />
</allocation-stats>
<gc-op id="5693" type="copy forward" timems="6.585" contextid="5690" timestamp="2019-06-15T00:49:48.842">
  <memory-copied type="eden" objects="25" bytes="760" bytesdiscarded="0" />
  <memory-copied type="other" objects="0" bytes="0" bytesdiscarded="0" />
  <memory-cardclean objects="77" bytes="2336" />
  <regions eden="29" other="1" />
  <remembered-set-cleared processed="62" cleared="5" durationms="0.119" />
  <stringconstants candidates="13319" cleared="0"  />
</gc-op>
<gc-op id="5694" type="classunload" timems="0.003" contextid="5690" timestamp="2019-06-15T00:49:48.842">
  <classunload-info classloadercandidates="53" classloadersunloaded="0" classesunloaded="0" anonymousclassesunloaded="0" quiescems="0.000" setupms="0.003" scanms="0.000" postms="0.000" />
</gc-op>
<heap-resize id="5695" type="contract" space="default" amount="5242880" count="1" timems="0.055" reason="insufficient time being spent in gc" timestamp="2019-06-15T00:49:48.842" />
<gc-end id="5696" type="partial gc" contextid="5690" durationms="8.222" usertimems="12.000" systemtimems="0.000" timestamp="2019-06-15T00:49:48.842" activeThreads="4">
  <mem-info id="5697" free="52428800" total="92274688" percent="56">
    <mem type="eden" free="1047816" total="1048576" percent="99" />
    <remembered-set count="1280" freebytes="3887488" totalbytes="3892608" percent="99" regionsoverflowed="0" regionsstable="18" regionsrebuilding="0"/>
  </mem-info>
</gc-end>
<cycle-end id="5698" type="partial gc" contextid="5690" timestamp="2019-06-15T00:49:48.842" />
  <attribute name="elasticGC enabled" value="1" />
  <attribute name= "numThreadsSpecified" value="4" />
  <attribute name="heapSize specified" value="0" />
  <attribute name="Current GC Util" value="230" />
  <attribute name= "Current Time Running" value="25730" />
  <attribute name ="GC Interval" value="0" />
  <attribute name="ProportionalT" value="105.000000" />
  <attribute name="ProportionalI" value="105.000000" />
  <attribute name="ProportionalH" value="105.000000" />
  <attribute name="Current Error" value="210.000000" />
  <attribute name="IntegralT" value="210.000000" />
  <attribute name="IntegralI" value="210.000000" />
  <attribute name="IntegralH" value="210.000000" />
  <attribute name="DerivativeT" value="105.000000" />
  <attribute name="DerivativeI" value="105.000000" />
  <attribute name="DerivativeH" value="105.000000" />
  <attribute name="Loop Time for DT" value="1.000000" />
  <attribute name="Output H" value="8388608"/>
  <attribute name="Output I" value="424"/>
  <attribute name="Output T" value="4"/>
  <attribute name="Target GC Util Change" value ="20.000000" />
  <attribute name="Current GC Util Change" value="230.000000"/>
  <attribute name="GC Util currently" value="230" />
  <attribute name="CPU Util currently" value="7617207504267" />
<exclusive-end id="5699" timestamp="2019-06-15T00:49:48.843" durationms="9.322" />

<exclusive-start id="5700" timestamp="2019-06-15T00:49:48.891" intervalms="57.045">
  <response-info timems="0.108" idlems="0.108" threads="0" lastid="000000000118C700" lastname="main" />
</exclusive-start>
<allocation-taxation id="5701" taxation-threshold="29360128" timestamp="2019-06-15T00:49:48.891" intervalms="57.031" />
<cycle-start id="5702" type="partial gc" contextid="0" timestamp="2019-06-15T00:49:48.891" intervalms="56.968" />
<gc-start id="5703" type="partial gc" contextid="5702" timestamp="2019-06-15T00:49:48.891">
  <mem-info id="5704" free="23068672" total="92274688" percent="25">
    <mem type="eden" free="1047816" total="30408704" percent="3" />
    <remembered-set count="1280" freebytes="3887488" totalbytes="3892608" percent="99" regionsoverflowed="0" regionsstable="18" regionsrebuilding="0"/>
  </mem-info>
</gc-start>
<allocation-stats totalBytes="29354392" >
  <allocated-bytes non-tlh="0" tlh="29354392" arrayletleaf="0"/>
  <largest-consumer threadName="main" threadId="000000000118C700" bytes="29354392" />
</allocation-stats>
<gc-op id="5705" type="copy forward" timems="6.570" contextid="5702" timestamp="2019-06-15T00:49:48.899">
  <memory-copied type="eden" objects="22" bytes="1240" bytesdiscarded="0" />
  <memory-copied type="other" objects="7" bytes="168" bytesdiscarded="0" />
  <memory-cardclean objects="96" bytes="2816" />
  <regions eden="28" other="1" />
  <remembered-set-cleared processed="59" cleared="2" durationms="0.121" />
  <stringconstants candidates="13319" cleared="0"  />
</gc-op>
<gc-op id="5706" type="classunload" timems="0.003" contextid="5702" timestamp="2019-06-15T00:49:48.899">
  <classunload-info classloadercandidates="53" classloadersunloaded="0" classesunloaded="0" anonymousclassesunloaded="0" quiescems="0.000" setupms="0.003" scanms="0.000" postms="0.000" />
</gc-op>
<gc-end id="5707" type="partial gc" contextid="5702" durationms="8.283" usertimems="12.000" systemtimems="0.000" timestamp="2019-06-15T00:49:48.899" activeThreads="4">
  <mem-info id="5708" free="51380224" total="92274688" percent="55">
    <mem type="eden" free="2095744" total="2097152" percent="99" />
    <remembered-set count="1280" freebytes="3678208" totalbytes="3683328" percent="99" regionsoverflowed="0" regionsstable="18" regionsrebuilding="0"/>
  </mem-info>
</gc-end>
<cycle-end id="5709" type="partial gc" contextid="5702" timestamp="2019-06-15T00:49:48.900" />
  <attribute name="elasticGC enabled" value="1" />
  <attribute name= "numThreadsSpecified" value="4" />
  <attribute name="heapSize specified" value="0" />
  <attribute name="Current GC Util" value="87" />
  <attribute name= "Current Time Running" value="25787" />
  <attribute name ="GC Interval" value="0" />
  <attribute name="ProportionalT" value="33.500000" />
  <attribute name="ProportionalI" value="33.500000" />
  <attribute name="ProportionalH" value="33.500000" />
  <attribute name="Current Error" value="67.000000" />
  <attribute name="IntegralT" value="67.000000" />
  <attribute name="IntegralI" value="67.000000" />
  <attribute name="IntegralH" value="67.000000" />
  <attribute name="DerivativeT" value="33.500000" />
  <attribute name="DerivativeI" value="33.500000" />
  <attribute name="DerivativeH" value="33.500000" />
  <attribute name="Loop Time for DT" value="1.000000" />
  <attribute name="Output H" value="8388608"/>
  <attribute name="Output I" value="200"/>
  <attribute name="Output T" value="4"/>
  <attribute name="Target GC Util Change" value ="20.000000" />
  <attribute name="Current GC Util Change" value="87.000000"/>
  <attribute name="GC Util currently" value="87" />
  <attribute name="CPU Util currently" value="5354232290202" />
<exclusive-end id="5710" timestamp="2019-06-15T00:49:48.900" durationms="9.263" />

<exclusive-start id="5711" timestamp="2019-06-15T00:49:48.909" intervalms="18.533">
  <response-info timems="0.075" idlems="0.075" threads="0" lastid="000000000118C700" lastname="main" />
</exclusive-start>
<allocation-taxation id="5712" taxation-threshold="29360128" timestamp="2019-06-15T00:49:48.909" intervalms="18.559" />
<cycle-start id="5713" type="partial gc" contextid="0" timestamp="2019-06-15T00:49:48.909" intervalms="18.560" />
<gc-start id="5714" type="partial gc" contextid="5713" timestamp="2019-06-15T00:49:48.910">
  <mem-info id="5715" free="22020096" total="92274688" percent="23">
    <mem type="eden" free="0" total="29360128" percent="0" />
    <remembered-set count="1280" freebytes="3678208" totalbytes="3683328" percent="99" regionsoverflowed="0" regionsstable="18" regionsrebuilding="0"/>
  </mem-info>
</gc-start>
<allocation-stats totalBytes="29311848" >
  <allocated-bytes non-tlh="0" tlh="29311848" arrayletleaf="0"/>
  <largest-consumer threadName="main" threadId="000000000118C700" bytes="29311848" />
</allocation-stats>
<gc-op id="5716" type="copy forward" timems="6.132" contextid="5713" timestamp="2019-06-15T00:49:48.917">
  <memory-copied type="eden" objects="3" bytes="72" bytesdiscarded="0" />
  <memory-copied type="other" objects="21" bytes="1208" bytesdiscarded="0" />
  <memory-cardclean objects="50" bytes="1632" />
  <regions eden="28" other="1" />
  <remembered-set-cleared processed="62" cleared="2" durationms="0.122" />
  <stringconstants candidates="13319" cleared="0"  />
</gc-op>
<gc-op id="5717" type="classunload" timems="0.004" contextid="5713" timestamp="2019-06-15T00:49:48.917">
  <classunload-info classloadercandidates="53" classloadersunloaded="0" classesunloaded="0" anonymousclassesunloaded="0" quiescems="0.000" setupms="0.003" scanms="0.000" postms="0.000" />
</gc-op>
<heap-resize id="5718" type="expand" space="default" amount="12582912" count="1" timems="0.079" reason="excessive time being spent in gc" timestamp="2019-06-15T00:49:48.917" />
<gc-end id="5719" type="partial gc" contextid="5713" durationms="7.832" usertimems="12.000" systemtimems="0.000" timestamp="2019-06-15T00:49:48.917" activeThreads="4">
  <mem-info id="5720" free="62914560" total="104857600" percent="60">
    <mem type="eden" free="1048504" total="1048576" percent="99" />
    <remembered-set count="1856" freebytes="4178176" totalbytes="4185600" percent="99" regionsoverflowed="0" regionsstable="18" regionsrebuilding="0"/>
  </mem-info>
</gc-end>
<cycle-end id="5721" type="partial gc" contextid="5713" timestamp="2019-06-15T00:49:48.918" />
  <attribute name="elasticGC enabled" value="1" />
  <attribute name= "numThreadsSpecified" value="4" />
  <attribute name="heapSize specified" value="0" />
  <attribute name="Current GC Util" value="120" />
  <attribute name= "Current Time Running" value="25806" />
  <attribute name ="GC Interval" value="0" />
  <attribute name="ProportionalT" value="50.000000" />
  <attribute name="ProportionalI" value="50.000000" />
  <attribute name="ProportionalH" value="50.000000" />
  <attribute name="Current Error" value="100.000000" />
  <attribute name="IntegralT" value="100.000000" />
  <attribute name="IntegralI" value="100.000000" />
  <attribute name="IntegralH" value="100.000000" />
  <attribute name="DerivativeT" value="29.500000" />
  <attribute name="DerivativeI" value="29.500000" />
  <attribute name="DerivativeH" value="29.500000" />
  <attribute name="Loop Time for DT" value="1.000000" />
  <attribute name="Output H" value="8388608"/>
  <attribute name="Output I" value="200"/>
  <attribute name="Output T" value="4"/>
  <attribute name="Target GC Util Change" value ="20.000000" />
  <attribute name="Current GC Util Change" value="120.000000"/>
  <attribute name="GC Util currently" value="120" />
  <attribute name="CPU Util currently" value="7013085707396" />
<exclusive-end id="5722" timestamp="2019-06-15T00:49:48.918" durationms="8.896" />

<exclusive-start id="5723" timestamp="2019-06-15T00:49:48.929" intervalms="19.757">
  <response-info timems="0.076" idlems="0.076" threads="0" lastid="000000000118C700" lastname="main" />
</exclusive-start>
<allocation-taxation id="5724" taxation-threshold="32505856" timestamp="2019-06-15T00:49:48.929" intervalms="19.763" />
<cycle-start id="5725" type="partial gc" contextid="0" timestamp="2019-06-15T00:49:48.929" intervalms="19.787" />
<gc-start id="5726" type="partial gc" contextid="5725" timestamp="2019-06-15T00:49:48.929">
  <mem-info id="5727" free="30408704" total="104857600" percent="29">
    <mem type="eden" free="1048504" total="33554432" percent="3" />
    <remembered-set count="1856" freebytes="4178176" totalbytes="4185600" percent="99" regionsoverflowed="0" regionsstable="18" regionsrebuilding="0"/>
  </mem-info>
</gc-start>
<allocation-stats totalBytes="32448768" >
  <allocated-bytes non-tlh="0" tlh="32448768" arrayletleaf="0"/>
  <largest-consumer threadName="main" threadId="000000000118C700" bytes="32448768" />
</allocation-stats>
<gc-op id="5728" type="copy forward" timems="1.280" contextid="5725" timestamp="2019-06-15T00:49:48.932">
  <memory-copied type="eden" objects="3" bytes="72" bytesdiscarded="0" />
  <memory-copied type="other" objects="0" bytes="0" bytesdiscarded="0" />
  <memory-cardclean objects="13" bytes="448" />
  <regions eden="31" other="1" />
  <remembered-set-cleared processed="66" cleared="0" durationms="0.117" />
  <stringconstants candidates="13319" cleared="0"  />
</gc-op>
<gc-op id="5729" type="classunload" timems="0.004" contextid="5725" timestamp="2019-06-15T00:49:48.932">
  <classunload-info classloadercandidates="53" classloadersunloaded="0" classesunloaded="0" anonymousclassesunloaded="0" quiescems="0.000" setupms="0.003" scanms="0.000" postms="0.000" />
</gc-op>
<gc-end id="5730" type="partial gc" contextid="5725" durationms="2.744" usertimems="0.000" systemtimems="0.000" timestamp="2019-06-15T00:49:48.932" activeThreads="1">
  <mem-info id="5731" free="62914560" total="104857600" percent="60">
    <mem type="eden" free="1048504" total="1048576" percent="99" />
    <remembered-set count="2368" freebytes="4176128" totalbytes="4185600" percent="99" regionsoverflowed="0" regionsstable="18" regionsrebuilding="0"/>
  </mem-info>
</gc-end>
<cycle-end id="5732" type="partial gc" contextid="5725" timestamp="2019-06-15T00:49:48.932" />
  <attribute name="elasticGC enabled" value="1" />
  <attribute name= "numThreadsSpecified" value="1" />
  <attribute name="heapSize specified" value="0" />
  <attribute name="Current GC Util" value="122" />
  <attribute name= "Current Time Running" value="25825" />
  <attribute name ="GC Interval" value="0" />
  <attribute name="ProportionalT" value="51.000000" />
  <attribute name="ProportionalI" value="51.000000" />
  <attribute name="ProportionalH" value="51.000000" />
  <attribute name="Current Error" value="102.000000" />
  <attribute name="IntegralT" value="0.000000" />
  <attribute name="IntegralI" value="0.000000" />
  <attribute name="IntegralH" value="0.000000" />
  <attribute name="DerivativeT" value="inf" />
  <attribute name="DerivativeI" value="inf" />
  <attribute name="DerivativeH" value="inf" />
  <attribute name="Loop Time for DT" value="0.000000" />
  <attribute name="Output H" value="8388608"/>
  <attribute name="Output I" value="200"/>
  <attribute name="Output T" value="1"/>
  <attribute name="Target GC Util Change" value ="20.000000" />
  <attribute name="Current GC Util Change" value="122.000000"/>
  <attribute name="GC Util currently" value="122" />
  <attribute name="CPU Util currently" value="7683428419391" />
<exclusive-end id="5733" timestamp="2019-06-15T00:49:48.932" durationms="3.686" />

<exclusive-start id="5734" timestamp="2019-06-15T00:49:48.943" intervalms="14.089">
  <response-info timems="0.076" idlems="0.076" threads="0" lastid="000000000118C700" lastname="main" />
</exclusive-start>
<allocation-taxation id="5735" taxation-threshold="32505856" timestamp="2019-06-15T00:49:48.943" intervalms="14.105" />
<cycle-start id="5736" type="partial gc" contextid="0" timestamp="2019-06-15T00:49:48.943" intervalms="14.077" />
<gc-start id="5737" type="partial gc" contextid="5736" timestamp="2019-06-15T00:49:48.943">
  <mem-info id="5738" free="30408704" total="104857600" percent="29">
    <mem type="eden" free="1048504" total="33554432" percent="3" />
    <remembered-set count="1888" freebytes="4178048" totalbytes="4185600" percent="99" regionsoverflowed="0" regionsstable="18" regionsrebuilding="0"/>
  </mem-info>
</gc-start>
<allocation-stats totalBytes="32448768" >
  <allocated-bytes non-tlh="0" tlh="32448768" arrayletleaf="0"/>
  <largest-consumer threadName="main" threadId="000000000118C700" bytes="32448768" />
</allocation-stats>
<gc-op id="5739" type="copy forward" timems="1.207" contextid="5736" timestamp="2019-06-15T00:49:48.946">
  <memory-copied type="eden" objects="3" bytes="72" bytesdiscarded="0" />
  <memory-copied type="other" objects="0" bytes="0" bytesdiscarded="0" />
  <memory-cardclean objects="13" bytes="448" />
  <regions eden="31" other="1" />
  <remembered-set-cleared processed="66" cleared="0" durationms="0.117" />
  <stringconstants candidates="13319" cleared="0"  />
</gc-op>
<gc-op id="5740" type="classunload" timems="0.003" contextid="5736" timestamp="2019-06-15T00:49:48.946">
  <classunload-info classloadercandidates="53" classloadersunloaded="0" classesunloaded="0" anonymousclassesunloaded="0" quiescems="0.000" setupms="0.003" scanms="0.000" postms="0.000" />
</gc-op>
<gc-end id="5741" type="partial gc" contextid="5736" durationms="2.692" usertimems="0.000" systemtimems="4.000" timestamp="2019-06-15T00:49:48.946" activeThreads="1">
  <mem-info id="5742" free="62914560" total="104857600" percent="60">
    <mem type="eden" free="1048504" total="1048576" percent="99" />
    <remembered-set count="2368" freebytes="4176128" totalbytes="4185600" percent="99" regionsoverflowed="0" regionsstable="18" regionsrebuilding="0"/>
  </mem-info>
</gc-end>
<cycle-end id="5743" type="partial gc" contextid="5736" timestamp="2019-06-15T00:49:48.946" />
  <attribute name="elasticGC enabled" value="1" />
  <attribute name= "numThreadsSpecified" value="1" />
  <attribute name="heapSize specified" value="0" />
  <attribute name="Current GC Util" value="239" />
  <attribute name= "Current Time Running" value="25839" />
  <attribute name ="GC Interval" value="0" />
  <attribute name="ProportionalT" value="109.500000" />
  <attribute name="ProportionalI" value="109.500000" />
  <attribute name="ProportionalH" value="109.500000" />
  <attribute name="Current Error" value="219.000000" />
  <attribute name="IntegralT" value="0.000000" />
  <attribute name="IntegralI" value="0.000000" />
  <attribute name="IntegralH" value="0.000000" />
  <attribute name="DerivativeT" value="inf" />
  <attribute name="DerivativeI" value="inf" />
  <attribute name="DerivativeH" value="inf" />
  <attribute name="Loop Time for DT" value="0.000000" />
  <attribute name="Output H" value="8388608"/>
  <attribute name="Output I" value="200"/>
  <attribute name="Output T" value="1"/>
  <attribute name="Target GC Util Change" value ="20.000000" />
  <attribute name="Current GC Util Change" value="239.000000"/>
  <attribute name="GC Util currently" value="239" />
  <attribute name="CPU Util currently" value="7698486470610" />
<exclusive-end id="5744" timestamp="2019-06-15T00:49:48.947" durationms="3.681" />

<exclusive-start id="5745" timestamp="2019-06-15T00:49:48.957" intervalms="14.298">
  <response-info timems="0.065" idlems="0.065" threads="0" lastid="000000000118C700" lastname="main" />
</exclusive-start>
<allocation-taxation id="5746" taxation-threshold="32505856" timestamp="2019-06-15T00:49:48.957" intervalms="14.251" />
<cycle-start id="5747" type="partial gc" contextid="0" timestamp="2019-06-15T00:49:48.958" intervalms="14.296" />
<gc-start id="5748" type="partial gc" contextid="5747" timestamp="2019-06-15T00:49:48.958">
  <mem-info id="5749" free="30408704" total="104857600" percent="29">
    <mem type="eden" free="1048504" total="33554432" percent="3" />
    <remembered-set count="1888" freebytes="4178048" totalbytes="4185600" percent="99" regionsoverflowed="0" regionsstable="18" regionsrebuilding="0"/>
  </mem-info>
</gc-start>
<allocation-stats totalBytes="32448768" >
  <allocated-bytes non-tlh="0" tlh="32448768" arrayletleaf="0"/>
  <largest-consumer threadName="main" threadId="000000000118C700" bytes="32448768" />
</allocation-stats>
<gc-op id="5750" type="copy forward" timems="6.689" contextid="5747" timestamp="2019-06-15T00:49:48.965">
  <memory-copied type="eden" objects="3" bytes="72" bytesdiscarded="0" />
  <memory-copied type="other" objects="0" bytes="0" bytesdiscarded="0" />
  <memory-cardclean objects="13" bytes="448" />
  <regions eden="31" other="1" />
  <remembered-set-cleared processed="66" cleared="0" durationms="0.127" />
  <stringconstants candidates="13319" cleared="0"  />
</gc-op>
<gc-op id="5751" type="classunload" timems="0.004" contextid="5747" timestamp="2019-06-15T00:49:48.966">
  <classunload-info classloadercandidates="53" classloadersunloaded="0" classesunloaded="0" anonymousclassesunloaded="0" quiescems="0.000" setupms="0.004" scanms="0.000" postms="0.000" />
</gc-op>
<gc-end id="5752" type="partial gc" contextid="5747" durationms="8.093" usertimems="8.000" systemtimems="0.000" timestamp="2019-06-15T00:49:48.966" activeThreads="4">
  <mem-info id="5753" free="62914560" total="104857600" percent="60">
    <mem type="eden" free="1048504" total="1048576" percent="99" />
    <remembered-set count="1472" freebytes="4179712" totalbytes="4185600" percent="99" regionsoverflowed="0" regionsstable="18" regionsrebuilding="0"/>
  </mem-info>
</gc-end>
<cycle-end id="5754" type="partial gc" contextid="5747" timestamp="2019-06-15T00:49:48.966" />
  <attribute name="elasticGC enabled" value="1" />
  <attribute name= "numThreadsSpecified" value="4" />
  <attribute name="heapSize specified" value="0" />
  <attribute name="Current GC Util" value="222" />
  <attribute name= "Current Time Running" value="25854" />
  <attribute name ="GC Interval" value="0" />
  <attribute name="ProportionalT" value="101.000000" />
  <attribute name="ProportionalI" value="101.000000" />
  <attribute name="ProportionalH" value="101.000000" />
  <attribute name="Current Error" value="202.000000" />
  <attribute name="IntegralT" value="202.000000" />
  <attribute name="IntegralI" value="202.000000" />
  <attribute name="IntegralH" value="202.000000" />
  <attribute name="DerivativeT" value="101.000000" />
  <attribute name="DerivativeI" value="101.000000" />
  <attribute name="DerivativeH" value="101.000000" />
  <attribute name="Loop Time for DT" value="1.000000" />
  <attribute name="Output H" value="8388608"/>
  <attribute name="Output I" value="408"/>
  <attribute name="Output T" value="4"/>
  <attribute name="Target GC Util Change" value ="20.000000" />
  <attribute name="Current GC Util Change" value="222.000000"/>
  <attribute name="GC Util currently" value="222" />
  <attribute name="CPU Util currently" value="7109864974755" />
<exclusive-end id="5755" timestamp="2019-06-15T00:49:48.966" durationms="9.059" />

<exclusive-start id="5756" timestamp="2019-06-15T00:49:48.977" intervalms="19.556">
  <response-info timems="0.069" idlems="0.069" threads="0" lastid="000000000118C700" lastname="main" />
</exclusive-start>
<allocation-taxation id="5757" taxation-threshold="32505856" timestamp="2019-06-15T00:49:48.977" intervalms="19.561" />
<cycle-start id="5758" type="partial gc" contextid="0" timestamp="2019-06-15T00:49:48.977" intervalms="19.558" />
<gc-start id="5759" type="partial gc" contextid="5758" timestamp="2019-06-15T00:49:48.977">
  <mem-info id="5760" free="30408704" total="104857600" percent="29">
    <mem type="eden" free="1048504" total="33554432" percent="3" />
    <remembered-set count="992" freebytes="4181632" totalbytes="4185600" percent="99" regionsoverflowed="0" regionsstable="18" regionsrebuilding="0"/>
  </mem-info>
</gc-start>
<allocation-stats totalBytes="32449584" >
  <allocated-bytes non-tlh="0" tlh="32449584" arrayletleaf="0"/>
  <largest-consumer threadName="main" threadId="000000000118C700" bytes="32449584" />
</allocation-stats>
<gc-op id="5761" type="copy forward" timems="1.228" contextid="5758" timestamp="2019-06-15T00:49:48.980">
  <memory-copied type="eden" objects="2" bytes="40" bytesdiscarded="0" />
  <memory-copied type="other" objects="0" bytes="0" bytesdiscarded="0" />
  <memory-cardclean objects="13" bytes="448" />
  <regions eden="31" other="1" />
  <remembered-set-cleared processed="66" cleared="0" durationms="0.119" />
  <stringconstants candidates="13319" cleared="0"  />
</gc-op>
<gc-op id="5762" type="classunload" timems="0.004" contextid="5758" timestamp="2019-06-15T00:49:48.980">
  <classunload-info classloadercandidates="53" classloadersunloaded="0" classesunloaded="0" anonymousclassesunloaded="0" quiescems="0.000" setupms="0.004" scanms="0.000" postms="0.000" />
</gc-op>
<gc-end id="5763" type="partial gc" contextid="5758" durationms="2.664" usertimems="0.000" systemtimems="4.000" timestamp="2019-06-15T00:49:48.980" activeThreads="1">
  <mem-info id="5764" free="62914560" total="104857600" percent="60">
    <mem type="eden" free="1048536" total="1048576" percent="99" />
    <remembered-set count="1472" freebytes="4179712" totalbytes="4185600" percent="99" regionsoverflowed="0" regionsstable="18" regionsrebuilding="0"/>
  </mem-info>
</gc-end>
<cycle-end id="5765" type="partial gc" contextid="5758" timestamp="2019-06-15T00:49:48.980" />
  <attribute name="elasticGC enabled" value="1" />
  <attribute name= "numThreadsSpecified" value="1" />
  <attribute name="heapSize specified" value="0" />
  <attribute name="Current GC Util" value="123" />
  <attribute name= "Current Time Running" value="25873" />
  <attribute name ="GC Interval" value="0" />
  <attribute name="ProportionalT" value="51.500000" />
  <attribute name="ProportionalI" value="51.500000" />
  <attribute name="ProportionalH" value="51.500000" />
  <attribute name="Current Error" value="103.000000" />
  <attribute name="IntegralT" value="0.000000" />
  <attribute name="IntegralI" value="0.000000" />
  <attribute name="IntegralH" value="0.000000" />
  <attribute name="DerivativeT" value="inf" />
  <attribute name="DerivativeI" value="inf" />
  <attribute name="DerivativeH" value="inf" />
  <attribute name="Loop Time for DT" value="0.000000" />
  <attribute name="Output H" value="8388608"/>
  <attribute name="Output I" value="200"/>
  <attribute name="Output T" value="1"/>
  <attribute name="Target GC Util Change" value ="20.000000" />
  <attribute name="Current GC Util Change" value="123.000000"/>
  <attribute name="GC Util currently" value="123" />
  <attribute name="CPU Util currently" value="7531029133312" />
<exclusive-end id="5766" timestamp="2019-06-15T00:49:48.980" durationms="3.630" />

<exclusive-start id="5767" timestamp="2019-06-15T00:49:48.991" intervalms="14.124">
  <response-info timems="0.068" idlems="0.068" threads="0" lastid="000000000118C700" lastname="main" />
</exclusive-start>
<allocation-taxation id="5768" taxation-threshold="32505856" timestamp="2019-06-15T00:49:48.991" intervalms="14.116" />
<cycle-start id="5769" type="partial gc" contextid="0" timestamp="2019-06-15T00:49:48.991" intervalms="14.096" />
<gc-start id="5770" type="partial gc" contextid="5769" timestamp="2019-06-15T00:49:48.991">
  <mem-info id="5771" free="30408704" total="104857600" percent="29">
    <mem type="eden" free="1048536" total="33554432" percent="3" />
    <remembered-set count="992" freebytes="4181632" totalbytes="4185600" percent="99" regionsoverflowed="0" regionsstable="18" regionsrebuilding="0"/>
  </mem-info>
</gc-start>
<allocation-stats totalBytes="32448768" >
  <allocated-bytes non-tlh="0" tlh="32448768" arrayletleaf="0"/>
  <largest-consumer threadName="main" threadId="000000000118C700" bytes="32448768" />
</allocation-stats>
<gc-op id="5772" type="copy forward" timems="1.229" contextid="5769" timestamp="2019-06-15T00:49:48.994">
  <memory-copied type="eden" objects="2" bytes="40" bytesdiscarded="0" />
  <memory-copied type="other" objects="0" bytes="0" bytesdiscarded="0" />
  <memory-cardclean objects="13" bytes="448" />
  <regions eden="31" other="1" />
  <remembered-set-cleared processed="66" cleared="0" durationms="0.120" />
  <stringconstants candidates="13319" cleared="0"  />
</gc-op>
<gc-op id="5773" type="classunload" timems="0.004" contextid="5769" timestamp="2019-06-15T00:49:48.994">
  <classunload-info classloadercandidates="53" classloadersunloaded="0" classesunloaded="0" anonymousclassesunloaded="0" quiescems="0.000" setupms="0.004" scanms="0.000" postms="0.000" />
</gc-op>
<gc-end id="5774" type="partial gc" contextid="5769" durationms="2.614" usertimems="0.000" systemtimems="0.000" timestamp="2019-06-15T00:49:48.994" activeThreads="1">
  <mem-info id="5775" free="62914560" total="104857600" percent="60">
    <mem type="eden" free="1048536" total="1048576" percent="99" />
    <remembered-set count="1472" freebytes="4179712" totalbytes="4185600" percent="99" regionsoverflowed="0" regionsstable="18" regionsrebuilding="0"/>
  </mem-info>
</gc-end>
<cycle-end id="5776" type="partial gc" contextid="5769" timestamp="2019-06-15T00:49:48.994" />
  <attribute name="elasticGC enabled" value="1" />
  <attribute name= "numThreadsSpecified" value="1" />
  <attribute name="heapSize specified" value="0" />
  <attribute name="Current GC Util" value="235" />
  <attribute name= "Current Time Running" value="25887" />
  <attribute name ="GC Interval" value="0" />
  <attribute name="ProportionalT" value="107.500000" />
  <attribute name="ProportionalI" value="107.500000" />
  <attribute name="ProportionalH" value="107.500000" />
  <attribute name="Current Error" value="215.000000" />
  <attribute name="IntegralT" value="0.000000" />
  <attribute name="IntegralI" value="0.000000" />
  <attribute name="IntegralH" value="0.000000" />
  <attribute name="DerivativeT" value="inf" />
  <attribute name="DerivativeI" value="inf" />
  <attribute name="DerivativeH" value="inf" />
  <attribute name="Loop Time for DT" value="0.000000" />
  <attribute name="Output H" value="8388608"/>
  <attribute name="Output I" value="200"/>
  <attribute name="Output T" value="1"/>
  <attribute name="Target GC Util Change" value ="20.000000" />
  <attribute name="Current GC Util Change" value="235.000000"/>
  <attribute name="GC Util currently" value="235" />
  <attribute name="CPU Util currently" value="7581904677101" />
<exclusive-end id="5777" timestamp="2019-06-15T00:49:48.994" durationms="3.554" />

<exclusive-start id="5778" timestamp="2019-06-15T00:49:49.038" intervalms="47.534">
  <response-info timems="0.067" idlems="0.067" threads="0" lastid="000000000118C700" lastname="main" />
</exclusive-start>
<allocation-taxation id="5779" taxation-threshold="32505856" timestamp="2019-06-15T00:49:49.039" intervalms="47.594" />
<cycle-start id="5780" type="partial gc" contextid="0" timestamp="2019-06-15T00:49:49.039" intervalms="47.993" />
<gc-start id="5781" type="partial gc" contextid="5780" timestamp="2019-06-15T00:49:49.040">
  <mem-info id="5782" free="30408704" total="104857600" percent="29">
    <mem type="eden" free="1048536" total="33554432" percent="3" />
    <remembered-set count="992" freebytes="4181632" totalbytes="4185600" percent="99" regionsoverflowed="0" regionsstable="18" regionsrebuilding="0"/>
  </mem-info>
</gc-start>
<allocation-stats totalBytes="32454848" >
  <allocated-bytes non-tlh="0" tlh="32454848" arrayletleaf="0"/>
  <largest-consumer threadName="main" threadId="000000000118C700" bytes="32454848" />
</allocation-stats>
<gc-op id="5783" type="copy forward" timems="6.308" contextid="5780" timestamp="2019-06-15T00:49:49.047">
  <memory-copied type="eden" objects="34" bytes="1440" bytesdiscarded="696" />
  <memory-copied type="other" objects="0" bytes="0" bytesdiscarded="0" />
  <memory-cardclean objects="75" bytes="2272" />
  <regions eden="31" other="1" />
  <remembered-set-cleared processed="66" cleared="3" durationms="0.131" />
  <stringconstants candidates="13319" cleared="0"  />
</gc-op>
<gc-op id="5784" type="classunload" timems="0.004" contextid="5780" timestamp="2019-06-15T00:49:49.047">
  <classunload-info classloadercandidates="53" classloadersunloaded="0" classesunloaded="0" anonymousclassesunloaded="0" quiescems="0.000" setupms="0.004" scanms="0.000" postms="0.000" />
</gc-op>
<gc-end id="5785" type="partial gc" contextid="5780" durationms="7.850" usertimems="8.000" systemtimems="4.000" timestamp="2019-06-15T00:49:49.047" activeThreads="4">
  <mem-info id="5786" free="62914560" total="104857600" percent="60">
    <mem type="eden" free="1046440" total="1048576" percent="99" />
    <remembered-set count="1952" freebytes="4177792" totalbytes="4185600" percent="99" regionsoverflowed="0" regionsstable="18" regionsrebuilding="0"/>
  </mem-info>
</gc-end>
<cycle-end id="5787" type="partial gc" contextid="5780" timestamp="2019-06-15T00:49:49.048" />
  <attribute name="elasticGC enabled" value="1" />
  <attribute name= "numThreadsSpecified" value="4" />
  <attribute name="heapSize specified" value="0" />
  <attribute name="Current GC Util" value="225" />
  <attribute name= "Current Time Running" value="25936" />
  <attribute name ="GC Interval" value="0" />
  <attribute name="ProportionalT" value="102.500000" />
  <attribute name="ProportionalI" value="102.500000" />
  <attribute name="ProportionalH" value="102.500000" />
  <attribute name="Current Error" value="205.000000" />
  <attribute name="IntegralT" value="205.000000" />
  <attribute name="IntegralI" value="205.000000" />
  <attribute name="IntegralH" value="205.000000" />
  <attribute name="DerivativeT" value="102.500000" />
  <attribute name="DerivativeI" value="102.500000" />
  <attribute name="DerivativeH" value="102.500000" />
  <attribute name="Loop Time for DT" value="1.000000" />
  <attribute name="Output H" value="8388608"/>
  <attribute name="Output I" value="416"/>
  <attribute name="Output T" value="4"/>
  <attribute name="Target GC Util Change" value ="20.000000" />
  <attribute name="Current GC Util Change" value="225.000000"/>
  <attribute name="GC Util currently" value="225" />
  <attribute name="CPU Util currently" value="7263160946776" />
<exclusive-end id="5788" timestamp="2019-06-15T00:49:49.048" durationms="9.457" />

<exclusive-start id="5789" timestamp="2019-06-15T00:49:49.090" intervalms="51.807">
  <response-info timems="0.077" idlems="0.077" threads="0" lastid="000000000118C700" lastname="main" />
</exclusive-start>
<allocation-taxation id="5790" taxation-threshold="32505856" timestamp="2019-06-15T00:49:49.090" intervalms="51.804" />
<cycle-start id="5791" type="partial gc" contextid="0" timestamp="2019-06-15T00:49:49.091" intervalms="51.338" />
<gc-start id="5792" type="partial gc" contextid="5791" timestamp="2019-06-15T00:49:49.091">
  <mem-info id="5793" free="30408704" total="104857600" percent="29">
    <mem type="eden" free="0" total="32505856" percent="0" />
    <remembered-set count="1472" freebytes="4179712" totalbytes="4185600" percent="99" regionsoverflowed="0" regionsstable="18" regionsrebuilding="0"/>
  </mem-info>
</gc-start>
<allocation-stats totalBytes="32456208" >
  <allocated-bytes non-tlh="0" tlh="32456208" arrayletleaf="0"/>
  <largest-consumer threadName="main" threadId="000000000118C700" bytes="32456208" />
</allocation-stats>
<gc-op id="5794" type="copy forward" timems="5.892" contextid="5791" timestamp="2019-06-15T00:49:49.098">
  <memory-copied type="eden" objects="28" bytes="1488" bytesdiscarded="0" />
  <memory-copied type="other" objects="13" bytes="312" bytesdiscarded="696" />
  <memory-cardclean objects="74" bytes="2272" />
  <regions eden="31" other="1" />
  <remembered-set-cleared processed="64" cleared="1" durationms="0.128" />
  <stringconstants candidates="13319" cleared="0"  />
</gc-op>
<gc-op id="5795" type="classunload" timems="0.003" contextid="5791" timestamp="2019-06-15T00:49:49.098">
  <classunload-info classloadercandidates="53" classloadersunloaded="0" classesunloaded="0" anonymousclassesunloaded="0" quiescems="0.000" setupms="0.003" scanms="0.000" postms="0.000" />
</gc-op>
<heap-resize id="5796" type="expand" space="default" amount="3145728" count="1" timems="0.052" reason="excessive time being spent in gc" timestamp="2019-06-15T00:49:49.098" />
<gc-end id="5797" type="partial gc" contextid="5791" durationms="7.511" usertimems="8.000" systemtimems="0.000" timestamp="2019-06-15T00:49:49.098" activeThreads="4">
  <mem-info id="5798" free="65011712" total="108003328" percent="60">
    <mem type="eden" free="1047088" total="1048576" percent="99" />
    <remembered-set count="2464" freebytes="4301312" totalbytes="4311168" percent="99" regionsoverflowed="0" regionsstable="18" regionsrebuilding="0"/>
  </mem-info>
</gc-end>
<cycle-end id="5799" type="partial gc" contextid="5791" timestamp="2019-06-15T00:49:49.098" />
  <attribute name="elasticGC enabled" value="1" />
  <attribute name= "numThreadsSpecified" value="4" />
  <attribute name="heapSize specified" value="0" />
  <attribute name="Current GC Util" value="0" />
  <attribute name= "Current Time Running" value="25987" />
  <attribute name ="GC Interval" value="0" />
  <attribute name="ProportionalT" value="-10.000000" />
  <attribute name="ProportionalI" value="-10.000000" />
  <attribute name="ProportionalH" value="-10.000000" />
  <attribute name="Current Error" value="-20.000000" />
  <attribute name="IntegralT" value="-20.000000" />
  <attribute name="IntegralI" value="-20.000000" />
  <attribute name="IntegralH" value="-20.000000" />
  <attribute name="DerivativeT" value="-10.000000" />
  <attribute name="DerivativeI" value="-10.000000" />
  <attribute name="DerivativeH" value="-10.000000" />
  <attribute name="Loop Time for DT" value="1.000000" />
  <attribute name="Output H" value="2091843584"/>
  <attribute name="Output I" value="200"/>
  <attribute name="Output T" value="4"/>
  <attribute name="Target GC Util Change" value ="20.000000" />
  <attribute name="Current GC Util Change" value="0.000000"/>
  <attribute name="GC Util currently" value="0" />
  <attribute name="CPU Util currently" value="7818881779435" />
<exclusive-end id="5800" timestamp="2019-06-15T00:49:49.099" durationms="8.340" />

<exclusive-start id="5801" timestamp="2019-06-15T00:49:49.111" intervalms="20.967">
  <response-info timems="0.071" idlems="0.071" threads="0" lastid="000000000118C700" lastname="main" />
</exclusive-start>
<allocation-taxation id="5802" taxation-threshold="33554432" timestamp="2019-06-15T00:49:49.111" intervalms="20.931" />
<cycle-start id="5803" type="partial gc" contextid="0" timestamp="2019-06-15T00:49:49.112" intervalms="20.979" />
<gc-start id="5804" type="partial gc" contextid="5803" timestamp="2019-06-15T00:49:49.112">
  <mem-info id="5805" free="31457280" total="108003328" percent="29">
    <mem type="eden" free="0" total="33554432" percent="0" />
    <remembered-set count="1984" freebytes="4303232" totalbytes="4311168" percent="99" regionsoverflowed="0" regionsstable="18" regionsrebuilding="0"/>
  </mem-info>
</gc-start>
<allocation-stats totalBytes="33530048" >
  <allocated-bytes non-tlh="0" tlh="33530048" arrayletleaf="0"/>
  <largest-consumer threadName="main" threadId="000000000118C700" bytes="33530048" />
</allocation-stats>
<gc-op id="5806" type="copy forward" timems="4.508" contextid="5803" timestamp="2019-06-15T00:49:49.117">
  <memory-copied type="eden" objects="4" bytes="288" bytesdiscarded="0" />
  <memory-copied type="other" objects="24" bytes="1200" bytesdiscarded="696" />
  <memory-cardclean objects="30" bytes="1152" />
  <regions eden="32" other="1" />
  <remembered-set-cleared processed="67" cleared="1" durationms="0.130" />
  <stringconstants candidates="13319" cleared="0"  />
</gc-op>
<gc-op id="5807" type="classunload" timems="0.004" contextid="5803" timestamp="2019-06-15T00:49:49.117">
  <classunload-info classloadercandidates="53" classloadersunloaded="0" classesunloaded="0" anonymousclassesunloaded="0" quiescems="0.000" setupms="0.003" scanms="0.000" postms="0.000" />
</gc-op>
<heap-resize id="5808" type="expand" space="default" amount="2097152" count="1" timems="0.049" reason="excessive time being spent in gc" timestamp="2019-06-15T00:49:49.118" />
<gc-end id="5809" type="partial gc" contextid="5803" durationms="6.115" usertimems="8.000" systemtimems="0.000" timestamp="2019-06-15T00:49:49.118" activeThreads="4">
  <mem-info id="5810" free="66060288" total="110100480" percent="60">
    <mem type="eden" free="1048288" total="1048576" percent="99" />
    <remembered-set count="2560" freebytes="4384640" totalbytes="4394880" percent="99" regionsoverflowed="0" regionsstable="18" regionsrebuilding="0"/>
  </mem-info>
</gc-end>
<cycle-end id="5811" type="partial gc" contextid="5803" timestamp="2019-06-15T00:49:49.118" />
  <attribute name="elasticGC enabled" value="1" />
  <attribute name= "numThreadsSpecified" value="4" />
  <attribute name="heapSize specified" value="0" />
  <attribute name="Current GC Util" value="121" />
  <attribute name= "Current Time Running" value="26008" />
  <attribute name ="GC Interval" value="0" />
  <attribute name="ProportionalT" value="50.500000" />
  <attribute name="ProportionalI" value="50.500000" />
  <attribute name="ProportionalH" value="50.500000" />
  <attribute name="Current Error" value="101.000000" />
  <attribute name="IntegralT" value="101.000000" />
  <attribute name="IntegralI" value="101.000000" />
  <attribute name="IntegralH" value="101.000000" />
  <attribute name="DerivativeT" value="35.000000" />
  <attribute name="DerivativeI" value="35.000000" />
  <attribute name="DerivativeH" value="35.000000" />
  <attribute name="Loop Time for DT" value="1.000000" />
  <attribute name="Output H" value="8388608"/>
  <attribute name="Output I" value="200"/>
  <attribute name="Output T" value="4"/>
  <attribute name="Target GC Util Change" value ="20.000000" />
  <attribute name="Current GC Util Change" value="121.000000"/>
  <attribute name="GC Util currently" value="121" />
  <attribute name="CPU Util currently" value="7432772405526" />
<exclusive-end id="5812" timestamp="2019-06-15T00:49:49.118" durationms="7.061" />

<exclusive-start id="5813" timestamp="2019-06-15T00:49:49.131" intervalms="19.773">
  <response-info timems="0.069" idlems="0.069" threads="0" lastid="000000000118C700" lastname="main" />
</exclusive-start>
<allocation-taxation id="5814" taxation-threshold="33554432" timestamp="2019-06-15T00:49:49.131" intervalms="19.768" />
<cycle-start id="5815" type="partial gc" contextid="0" timestamp="2019-06-15T00:49:49.131" intervalms="19.721" />
<gc-start id="5816" type="partial gc" contextid="5815" timestamp="2019-06-15T00:49:49.131">
  <mem-info id="5817" free="32505856" total="110100480" percent="29">
    <mem type="eden" free="0" total="33554432" percent="0" />
    <remembered-set count="2080" freebytes="4386560" totalbytes="4394880" percent="99" regionsoverflowed="0" regionsstable="18" regionsrebuilding="0"/>
  </mem-info>
</gc-start>
<allocation-stats totalBytes="33530080" >
  <allocated-bytes non-tlh="0" tlh="33530080" arrayletleaf="0"/>
  <largest-consumer threadName="main" threadId="000000000118C700" bytes="33530080" />
</allocation-stats>
<gc-op id="5818" type="copy forward" timems="1.248" contextid="5815" timestamp="2019-06-15T00:49:49.134">
  <memory-copied type="eden" objects="4" bytes="288" bytesdiscarded="0" />
  <memory-copied type="other" objects="0" bytes="0" bytesdiscarded="0" />
  <memory-cardclean objects="14" bytes="864" />
  <regions eden="32" other="1" />
  <remembered-set-cleared processed="72" cleared="1" durationms="0.126" />
  <stringconstants candidates="13319" cleared="0"  />
</gc-op>
<gc-op id="5819" type="classunload" timems="0.004" contextid="5815" timestamp="2019-06-15T00:49:49.134">
  <classunload-info classloadercandidates="53" classloadersunloaded="0" classesunloaded="0" anonymousclassesunloaded="0" quiescems="0.000" setupms="0.004" scanms="0.000" postms="0.000" />
</gc-op>
<gc-end id="5820" type="partial gc" contextid="5815" durationms="2.595" usertimems="4.000" systemtimems="0.000" timestamp="2019-06-15T00:49:49.134" activeThreads="1">
  <mem-info id="5821" free="66060288" total="110100480" percent="60">
    <mem type="eden" free="1048288" total="1048576" percent="99" />
    <remembered-set count="2528" freebytes="4384768" totalbytes="4394880" percent="99" regionsoverflowed="0" regionsstable="18" regionsrebuilding="0"/>
  </mem-info>
</gc-end>
<cycle-end id="5822" type="partial gc" contextid="5815" timestamp="2019-06-15T00:49:49.134" />
  <attribute name="elasticGC enabled" value="1" />
  <attribute name= "numThreadsSpecified" value="1" />
  <attribute name="heapSize specified" value="0" />
  <attribute name="Current GC Util" value="122" />
  <attribute name= "Current Time Running" value="26027" />
  <attribute name ="GC Interval" value="0" />
  <attribute name="ProportionalT" value="51.000000" />
  <attribute name="ProportionalI" value="51.000000" />
  <attribute name="ProportionalH" value="51.000000" />
  <attribute name="Current Error" value="102.000000" />
  <attribute name="IntegralT" value="0.000000" />
  <attribute name="IntegralI" value="0.000000" />
  <attribute name="IntegralH" value="0.000000" />
  <attribute name="DerivativeT" value="inf" />
  <attribute name="DerivativeI" value="inf" />
  <attribute name="DerivativeH" value="inf" />
  <attribute name="Loop Time for DT" value="0.000000" />
  <attribute name="Output H" value="8388608"/>
  <attribute name="Output I" value="200"/>
  <attribute name="Output T" value="1"/>
  <attribute name="Target GC Util Change" value ="20.000000" />
  <attribute name="Current GC Util Change" value="122.000000"/>
  <attribute name="GC Util currently" value="122" />
  <attribute name="CPU Util currently" value="7481669209045" />
<exclusive-end id="5823" timestamp="2019-06-15T00:49:49.134" durationms="3.390" />

<exclusive-start id="5824" timestamp="2019-06-15T00:49:49.188" intervalms="57.242">
  <response-info timems="0.070" idlems="0.070" threads="0" lastid="000000000118C700" lastname="main" />
</exclusive-start>
<allocation-taxation id="5825" taxation-threshold="33554432" timestamp="2019-06-15T00:49:49.188" intervalms="57.259" />
<cycle-start id="5826" type="partial gc" contextid="0" timestamp="2019-06-15T00:49:49.188" intervalms="57.267" />
<gc-start id="5827" type="partial gc" contextid="5826" timestamp="2019-06-15T00:49:49.189">
  <mem-info id="5828" free="32505856" total="110100480" percent="29">
    <mem type="eden" free="1048288" total="34603008" percent="3" />
    <remembered-set count="2048" freebytes="4386688" totalbytes="4394880" percent="99" regionsoverflowed="0" regionsstable="18" regionsrebuilding="0"/>
  </mem-info>
</gc-start>
<allocation-stats totalBytes="33496512" >
  <allocated-bytes non-tlh="0" tlh="33496512" arrayletleaf="0"/>
  <largest-consumer threadName="main" threadId="000000000118C700" bytes="33496512" />
</allocation-stats>
<gc-op id="5829" type="copy forward" timems="6.508" contextid="5826" timestamp="2019-06-15T00:49:49.197">
  <memory-copied type="eden" objects="37" bytes="4248" bytesdiscarded="0" />
  <memory-copied type="other" objects="0" bytes="0" bytesdiscarded="0" />
  <memory-cardclean objects="75" bytes="2664" />
  <regions eden="32" other="1" />
  <remembered-set-cleared processed="72" cleared="5" durationms="0.136" />
  <stringconstants candidates="13319" cleared="0"  />
</gc-op>
<gc-op id="5830" type="classunload" timems="0.004" contextid="5826" timestamp="2019-06-15T00:49:49.197">
  <classunload-info classloadercandidates="53" classloadersunloaded="0" classesunloaded="0" anonymousclassesunloaded="0" quiescems="0.000" setupms="0.003" scanms="0.000" postms="0.000" />
</gc-op>
<gc-end id="5831" type="partial gc" contextid="5826" durationms="8.073" usertimems="4.000" systemtimems="4.000" timestamp="2019-06-15T00:49:49.197" activeThreads="4">
  <mem-info id="5832" free="66060288" total="110100480" percent="60">
    <mem type="eden" free="1044328" total="1048576" percent="99" />
    <remembered-set count="1568" freebytes="4388608" totalbytes="4394880" percent="99" regionsoverflowed="0" regionsstable="18" regionsrebuilding="0"/>
  </mem-info>
</gc-end>
<cycle-end id="5833" type="partial gc" contextid="5826" timestamp="2019-06-15T00:49:49.197" />
  <attribute name="elasticGC enabled" value="1" />
  <attribute name= "numThreadsSpecified" value="4" />
  <attribute name="heapSize specified" value="0" />
  <attribute name="Current GC Util" value="221" />
  <attribute name= "Current Time Running" value="26085" />
  <attribute name ="GC Interval" value="0" />
  <attribute name="ProportionalT" value="100.500000" />
  <attribute name="ProportionalI" value="100.500000" />
  <attribute name="ProportionalH" value="100.500000" />
  <attribute name="Current Error" value="201.000000" />
  <attribute name="IntegralT" value="201.000000" />
  <attribute name="IntegralI" value="201.000000" />
  <attribute name="IntegralH" value="201.000000" />
  <attribute name="DerivativeT" value="100.500000" />
  <attribute name="DerivativeI" value="100.500000" />
  <attribute name="DerivativeH" value="100.500000" />
  <attribute name="Loop Time for DT" value="1.000000" />
  <attribute name="Output H" value="8388608"/>
  <attribute name="Output I" value="408"/>
  <attribute name="Output T" value="4"/>
  <attribute name="Target GC Util Change" value ="20.000000" />
  <attribute name="Current GC Util Change" value="221.000000"/>
  <attribute name="GC Util currently" value="221" />
  <attribute name="CPU Util currently" value="7145004410994" />
<exclusive-end id="5834" timestamp="2019-06-15T00:49:49.197" durationms="9.179" />

<exclusive-start id="5835" timestamp="2019-06-15T00:49:49.251" intervalms="63.206">
  <response-info timems="0.057" idlems="0.057" threads="0" lastid="000000000118C700" lastname="main" />
</exclusive-start>
<allocation-taxation id="5836" taxation-threshold="33554432" timestamp="2019-06-15T00:49:49.252" intervalms="63.183" />
<cycle-start id="5837" type="partial gc" contextid="0" timestamp="2019-06-15T00:49:49.252" intervalms="63.143" />
<gc-start id="5838" type="partial gc" contextid="5837" timestamp="2019-06-15T00:49:49.252">
  <mem-info id="5839" free="32505856" total="110100480" percent="29">
    <mem type="eden" free="0" total="33554432" percent="0" />
    <remembered-set count="1568" freebytes="4388608" totalbytes="4394880" percent="99" regionsoverflowed="0" regionsstable="18" regionsrebuilding="0"/>
  </mem-info>
</gc-start>
<allocation-stats totalBytes="33497432" >
  <allocated-bytes non-tlh="0" tlh="33497432" arrayletleaf="0"/>
  <largest-consumer threadName="main" threadId="000000000118C700" bytes="33497432" />
</allocation-stats>
<gc-op id="5840" type="copy forward" timems="3.787" contextid="5837" timestamp="2019-06-15T00:49:49.257">
  <memory-copied type="eden" objects="3" bytes="1072" bytesdiscarded="0" />
  <memory-copied type="other" objects="36" bytes="4216" bytesdiscarded="0" />
  <memory-cardclean objects="59" bytes="2400" />
  <regions eden="32" other="1" />
  <remembered-set-cleared processed="69" cleared="2" durationms="0.136" />
  <stringconstants candidates="13319" cleared="0"  />
</gc-op>
<gc-op id="5841" type="classunload" timems="0.004" contextid="5837" timestamp="2019-06-15T00:49:49.257">
  <classunload-info classloadercandidates="53" classloadersunloaded="0" classesunloaded="0" anonymousclassesunloaded="0" quiescems="0.000" setupms="0.004" scanms="0.000" postms="0.000" />
</gc-op>
<heap-resize id="5842" type="expand" space="default" amount="3145728" count="1" timems="0.053" reason="excessive time being spent in gc" timestamp="2019-06-15T00:49:49.257" />
<gc-end id="5843" type="partial gc" contextid="5837" durationms="5.414" usertimems="8.000" systemtimems="0.000" timestamp="2019-06-15T00:49:49.257" activeThreads="4">
  <mem-info id="5844" free="68157440" total="113246208" percent="60">
    <mem type="eden" free="1047504" total="1048576" percent="99" />
    <remembered-set count="2592" freebytes="4510080" totalbytes="4520448" percent="99" regionsoverflowed="0" regionsstable="18" regionsrebuilding="0"/>
  </mem-info>
</gc-end>
<cycle-end id="5845" type="partial gc" contextid="5837" timestamp="2019-06-15T00:49:49.258" />
  <attribute name="elasticGC enabled" value="1" />
  <attribute name= "numThreadsSpecified" value="4" />
  <attribute name="heapSize specified" value="0" />
  <attribute name="Current GC Util" value="120" />
  <attribute name= "Current Time Running" value="26148" />
  <attribute name ="GC Interval" value="0" />
  <attribute name="ProportionalT" value="50.000000" />
  <attribute name="ProportionalI" value="50.000000" />
  <attribute name="ProportionalH" value="50.000000" />
  <attribute name="Current Error" value="100.000000" />
  <attribute name="IntegralT" value="100.000000" />
  <attribute name="IntegralI" value="100.000000" />
  <attribute name="IntegralH" value="100.000000" />
  <attribute name="DerivativeT" value="50.000000" />
  <attribute name="DerivativeI" value="50.000000" />
  <attribute name="DerivativeH" value="50.000000" />
  <attribute name="Loop Time for DT" value="1.000000" />
  <attribute name="Output H" value="8388608"/>
  <attribute name="Output I" value="200"/>
  <attribute name="Output T" value="4"/>
  <attribute name="Target GC Util Change" value ="20.000000" />
  <attribute name="Current GC Util Change" value="120.000000"/>
  <attribute name="GC Util currently" value="120" />
  <attribute name="CPU Util currently" value="7321414749812" />
<exclusive-end id="5846" timestamp="2019-06-15T00:49:49.258" durationms="6.418" />

<exclusive-start id="5847" timestamp="2019-06-15T00:49:49.336" intervalms="84.212">
  <response-info timems="0.078" idlems="0.078" threads="0" lastid="000000000118C700" lastname="main" />
</exclusive-start>
<allocation-taxation id="5848" taxation-threshold="34603008" timestamp="2019-06-15T00:49:49.336" intervalms="84.236" />
<cycle-start id="5849" type="partial gc" contextid="0" timestamp="2019-06-15T00:49:49.336" intervalms="84.295" />
<gc-start id="5850" type="partial gc" contextid="5849" timestamp="2019-06-15T00:49:49.336">
  <mem-info id="5851" free="33554432" total="113246208" percent="29">
    <mem type="eden" free="1047504" total="35651584" percent="2" />
    <remembered-set count="2592" freebytes="4510080" totalbytes="4520448" percent="99" regionsoverflowed="0" regionsstable="18" regionsrebuilding="0"/>
  </mem-info>
</gc-start>
<allocation-stats totalBytes="34592152" >
  <allocated-bytes non-tlh="0" tlh="34592152" arrayletleaf="0"/>
  <largest-consumer threadName="main" threadId="000000000118C700" bytes="34592152" />
</allocation-stats>
<gc-op id="5852" type="copy forward" timems="3.739" contextid="5849" timestamp="2019-06-15T00:49:49.341">
  <memory-copied type="eden" objects="34" bytes="1104" bytesdiscarded="0" />
  <memory-copied type="other" objects="9" bytes="240" bytesdiscarded="0" />
  <memory-cardclean objects="91" bytes="3096" />
  <regions eden="33" other="2" />
  <remembered-set-cleared processed="69" cleared="2" durationms="0.134" />
  <stringconstants candidates="13319" cleared="0"  />
</gc-op>
<gc-op id="5853" type="classunload" timems="0.004" contextid="5849" timestamp="2019-06-15T00:49:49.341">
  <classunload-info classloadercandidates="53" classloadersunloaded="0" classesunloaded="0" anonymousclassesunloaded="0" quiescems="0.000" setupms="0.004" scanms="0.000" postms="0.000" />
</gc-op>
<gc-end id="5854" type="partial gc" contextid="5849" durationms="5.082" usertimems="8.000" systemtimems="0.000" timestamp="2019-06-15T00:49:49.341" activeThreads="4">
  <mem-info id="5855" free="68157440" total="113246208" percent="60">
    <mem type="eden" free="1047472" total="1048576" percent="99" />
    <remembered-set count="1568" freebytes="4514176" totalbytes="4520448" percent="99" regionsoverflowed="0" regionsstable="18" regionsrebuilding="0"/>
  </mem-info>
</gc-end>
<cycle-end id="5856" type="partial gc" contextid="5849" timestamp="2019-06-15T00:49:49.341" />
  <attribute name="elasticGC enabled" value="1" />
  <attribute name= "numThreadsSpecified" value="4" />
  <attribute name="heapSize specified" value="0" />
  <attribute name="Current GC Util" value="121" />
  <attribute name= "Current Time Running" value="26232" />
  <attribute name ="GC Interval" value="0" />
  <attribute name="ProportionalT" value="50.500000" />
  <attribute name="ProportionalI" value="50.500000" />
  <attribute name="ProportionalH" value="50.500000" />
  <attribute name="Current Error" value="101.000000" />
  <attribute name="IntegralT" value="101.000000" />
  <attribute name="IntegralI" value="101.000000" />
  <attribute name="IntegralH" value="101.000000" />
  <attribute name="DerivativeT" value="50.500000" />
  <attribute name="DerivativeI" value="50.500000" />
  <attribute name="DerivativeH" value="50.500000" />
  <attribute name="Loop Time for DT" value="1.000000" />
  <attribute name="Output H" value="8388608"/>
  <attribute name="Output I" value="208"/>
  <attribute name="Output T" value="4"/>
  <attribute name="Target GC Util Change" value ="20.000000" />
  <attribute name="Current GC Util Change" value="121.000000"/>
  <attribute name="GC Util currently" value="121" />
  <attribute name="CPU Util currently" value="7422436431924" />
<exclusive-end id="5857" timestamp="2019-06-15T00:49:49.342" durationms="6.042" />

<exclusive-start id="5858" timestamp="2019-06-15T00:49:49.401" intervalms="65.419">
  <response-info timems="0.089" idlems="0.089" threads="0" lastid="000000000118C700" lastname="main" />
</exclusive-start>
<allocation-taxation id="5859" taxation-threshold="34603008" timestamp="2019-06-15T00:49:49.401" intervalms="65.416" />
<cycle-start id="5860" type="partial gc" contextid="0" timestamp="2019-06-15T00:49:49.401" intervalms="65.426" />
<gc-start id="5861" type="partial gc" contextid="5860" timestamp="2019-06-15T00:49:49.402">
  <mem-info id="5862" free="33554432" total="113246208" percent="29">
    <mem type="eden" free="0" total="34603008" percent="0" />
    <remembered-set count="1120" freebytes="4515968" totalbytes="4520448" percent="99" regionsoverflowed="0" regionsstable="18" regionsrebuilding="0"/>
  </mem-info>
</gc-start>
<allocation-stats totalBytes="34596600" >
  <allocated-bytes non-tlh="0" tlh="34596600" arrayletleaf="0"/>
  <largest-consumer threadName="main" threadId="000000000118C700" bytes="34596600" />
</allocation-stats>
<gc-op id="5863" type="copy forward" timems="3.527" contextid="5860" timestamp="2019-06-15T00:49:49.406">
  <memory-copied type="eden" objects="6" bytes="264" bytesdiscarded="0" />
  <memory-copied type="other" objects="35" bytes="1056" bytesdiscarded="0" />
  <memory-cardclean objects="77" bytes="2872" />
  <regions eden="33" other="2" />
  <remembered-set-cleared processed="69" cleared="2" durationms="0.129" />
  <stringconstants candidates="13319" cleared="0"  />
</gc-op>
<gc-op id="5864" type="classunload" timems="0.004" contextid="5860" timestamp="2019-06-15T00:49:49.406">
  <classunload-info classloadercandidates="53" classloadersunloaded="0" classesunloaded="0" anonymousclassesunloaded="0" quiescems="0.000" setupms="0.004" scanms="0.000" postms="0.000" />
</gc-op>
<gc-end id="5865" type="partial gc" contextid="5860" durationms="5.043" usertimems="4.000" systemtimems="0.000" timestamp="2019-06-15T00:49:49.407" activeThreads="4">
  <mem-info id="5866" free="67108864" total="113246208" percent="59">
    <mem type="eden" free="1048312" total="1048576" percent="99" />
    <remembered-set count="2080" freebytes="4512128" totalbytes="4520448" percent="99" regionsoverflowed="0" regionsstable="18" regionsrebuilding="0"/>
  </mem-info>
</gc-end>
<cycle-end id="5867" type="partial gc" contextid="5860" timestamp="2019-06-15T00:49:49.407" />
  <attribute name="elasticGC enabled" value="1" />
  <attribute name= "numThreadsSpecified" value="4" />
  <attribute name="heapSize specified" value="0" />
  <attribute name="Current GC Util" value="119" />
  <attribute name= "Current Time Running" value="26298" />
  <attribute name ="GC Interval" value="0" />
  <attribute name="ProportionalT" value="49.500000" />
  <attribute name="ProportionalI" value="49.500000" />
  <attribute name="ProportionalH" value="49.500000" />
  <attribute name="Current Error" value="99.000000" />
  <attribute name="IntegralT" value="99.000000" />
  <attribute name="IntegralI" value="99.000000" />
  <attribute name="IntegralH" value="99.000000" />
  <attribute name="DerivativeT" value="49.500000" />
  <attribute name="DerivativeI" value="49.500000" />
  <attribute name="DerivativeH" value="49.500000" />
  <attribute name="Loop Time for DT" value="1.000000" />
  <attribute name="Output H" value="8388608"/>
  <attribute name="Output I" value="200"/>
  <attribute name="Output T" value="4"/>
  <attribute name="Target GC Util Change" value ="20.000000" />
  <attribute name="Current GC Util Change" value="119.000000"/>
  <attribute name="GC Util currently" value="119" />
  <attribute name="CPU Util currently" value="7169753668915" />
<exclusive-end id="5868" timestamp="2019-06-15T00:49:49.407" durationms="6.120" />

<exclusive-start id="5869" timestamp="2019-06-15T00:49:49.466" intervalms="65.372">
  <response-info timems="0.094" idlems="0.094" threads="0" lastid="000000000118C700" lastname="main" />
</exclusive-start>
<allocation-taxation id="5870" taxation-threshold="34603008" timestamp="2019-06-15T00:49:49.466" intervalms="65.291" />
<cycle-start id="5871" type="partial gc" contextid="0" timestamp="2019-06-15T00:49:49.467" intervalms="65.305" />
<gc-start id="5872" type="partial gc" contextid="5871" timestamp="2019-06-15T00:49:49.467">
  <mem-info id="5873" free="32505856" total="113246208" percent="28">
    <mem type="eden" free="1048312" total="35651584" percent="2" />
    <remembered-set count="1664" freebytes="4513792" totalbytes="4520448" percent="99" regionsoverflowed="0" regionsstable="18" regionsrebuilding="0"/>
  </mem-info>
</gc-start>
<allocation-stats totalBytes="34596888" >
  <allocated-bytes non-tlh="0" tlh="34596888" arrayletleaf="0"/>
  <largest-consumer threadName="main" threadId="000000000118C700" bytes="34596888" />
</allocation-stats>
<gc-op id="5874" type="copy forward" timems="3.543" contextid="5871" timestamp="2019-06-15T00:49:49.472">
  <memory-copied type="eden" objects="3" bytes="120" bytesdiscarded="0" />
  <memory-copied type="other" objects="26" bytes="816" bytesdiscarded="0" />
  <memory-cardclean objects="67" bytes="2080" />
  <regions eden="33" other="2" />
  <remembered-set-cleared processed="72" cleared="4" durationms="0.133" />
  <stringconstants candidates="13319" cleared="0"  />
</gc-op>
<gc-op id="5875" type="classunload" timems="0.004" contextid="5871" timestamp="2019-06-15T00:49:49.472">
  <classunload-info classloadercandidates="53" classloadersunloaded="0" classesunloaded="0" anonymousclassesunloaded="0" quiescems="0.000" setupms="0.004" scanms="0.000" postms="0.000" />
</gc-op>
<gc-end id="5876" type="partial gc" contextid="5871" durationms="5.033" usertimems="4.000" systemtimems="4.000" timestamp="2019-06-15T00:49:49.472" activeThreads="4">
  <mem-info id="5877" free="67108864" total="113246208" percent="59">
    <mem type="eden" free="1048456" total="1048576" percent="99" />
    <remembered-set count="2112" freebytes="4512000" totalbytes="4520448" percent="99" regionsoverflowed="0" regionsstable="18" regionsrebuilding="0"/>
  </mem-info>
</gc-end>
<cycle-end id="5878" type="partial gc" contextid="5871" timestamp="2019-06-15T00:49:49.472" />
  <attribute name="elasticGC enabled" value="1" />
  <attribute name= "numThreadsSpecified" value="4" />
  <attribute name="heapSize specified" value="0" />
  <attribute name="Current GC Util" value="119" />
  <attribute name= "Current Time Running" value="26363" />
  <attribute name ="GC Interval" value="0" />
  <attribute name="ProportionalT" value="49.500000" />
  <attribute name="ProportionalI" value="49.500000" />
  <attribute name="ProportionalH" value="49.500000" />
  <attribute name="Current Error" value="99.000000" />
  <attribute name="IntegralT" value="99.000000" />
  <attribute name="IntegralI" value="99.000000" />
  <attribute name="IntegralH" value="99.000000" />
  <attribute name="DerivativeT" value="49.500000" />
  <attribute name="DerivativeI" value="49.500000" />
  <attribute name="DerivativeH" value="49.500000" />
  <attribute name="Loop Time for DT" value="1.000000" />
  <attribute name="Output H" value="8388608"/>
  <attribute name="Output I" value="200"/>
  <attribute name="Output T" value="4"/>
  <attribute name="Target GC Util Change" value ="20.000000" />
  <attribute name="Current GC Util Change" value="119.000000"/>
  <attribute name="GC Util currently" value="119" />
  <attribute name="CPU Util currently" value="7262714846946" />
<exclusive-end id="5879" timestamp="2019-06-15T00:49:49.472" durationms="6.001" />

<exclusive-start id="5880" timestamp="2019-06-15T00:49:49.531" intervalms="64.619">
  <response-info timems="0.099" idlems="0.099" threads="0" lastid="000000000118C700" lastname="main" />
</exclusive-start>
<allocation-taxation id="5881" taxation-threshold="34603008" timestamp="2019-06-15T00:49:49.531" intervalms="64.712" />
<cycle-start id="5882" type="partial gc" contextid="0" timestamp="2019-06-15T00:49:49.531" intervalms="64.755" />
<gc-start id="5883" type="partial gc" contextid="5882" timestamp="2019-06-15T00:49:49.532">
  <mem-info id="5884" free="32505856" total="113246208" percent="28">
    <mem type="eden" free="1048456" total="35651584" percent="2" />
    <remembered-set count="1664" freebytes="4513792" totalbytes="4520448" percent="99" regionsoverflowed="0" regionsstable="18" regionsrebuilding="0"/>
  </mem-info>
</gc-start>
<allocation-stats totalBytes="34596688" >
  <allocated-bytes non-tlh="0" tlh="34596688" arrayletleaf="0"/>
  <largest-consumer threadName="main" threadId="000000000118C700" bytes="34596688" />
</allocation-stats>
<gc-op id="5885" type="copy forward" timems="3.691" contextid="5882" timestamp="2019-06-15T00:49:49.536">
  <memory-copied type="eden" objects="5" bytes="240" bytesdiscarded="0" />
  <memory-copied type="other" objects="26" bytes="816" bytesdiscarded="0" />
  <memory-cardclean objects="67" bytes="2080" />
  <regions eden="33" other="2" />
  <remembered-set-cleared processed="72" cleared="4" durationms="0.133" />
  <stringconstants candidates="13319" cleared="0"  />
</gc-op>
<gc-op id="5886" type="classunload" timems="0.004" contextid="5882" timestamp="2019-06-15T00:49:49.537">
  <classunload-info classloadercandidates="53" classloadersunloaded="0" classesunloaded="0" anonymousclassesunloaded="0" quiescems="0.000" setupms="0.003" scanms="0.000" postms="0.000" />
</gc-op>
<gc-end id="5887" type="partial gc" contextid="5882" durationms="5.123" usertimems="0.000" systemtimems="4.000" timestamp="2019-06-15T00:49:49.537" activeThreads="4">
  <mem-info id="5888" free="67108864" total="113246208" percent="59">
    <mem type="eden" free="1048336" total="1048576" percent="99" />
    <remembered-set count="2112" freebytes="4512000" totalbytes="4520448" percent="99" regionsoverflowed="0" regionsstable="18" regionsrebuilding="0"/>
  </mem-info>
</gc-end>
<cycle-end id="5889" type="partial gc" contextid="5882" timestamp="2019-06-15T00:49:49.537" />
  <attribute name="elasticGC enabled" value="1" />
  <attribute name= "numThreadsSpecified" value="4" />
  <attribute name="heapSize specified" value="0" />
  <attribute name="Current GC Util" value="121" />
  <attribute name= "Current Time Running" value="26428" />
  <attribute name ="GC Interval" value="0" />
  <attribute name="ProportionalT" value="50.500000" />
  <attribute name="ProportionalI" value="50.500000" />
  <attribute name="ProportionalH" value="50.500000" />
  <attribute name="Current Error" value="101.000000" />
  <attribute name="IntegralT" value="101.000000" />
  <attribute name="IntegralI" value="101.000000" />
  <attribute name="IntegralH" value="101.000000" />
  <attribute name="DerivativeT" value="50.500000" />
  <attribute name="DerivativeI" value="50.500000" />
  <attribute name="DerivativeH" value="50.500000" />
  <attribute name="Loop Time for DT" value="1.000000" />
  <attribute name="Output H" value="8388608"/>
  <attribute name="Output I" value="208"/>
  <attribute name="Output T" value="4"/>
  <attribute name="Target GC Util Change" value ="20.000000" />
  <attribute name="Current GC Util Change" value="121.000000"/>
  <attribute name="GC Util currently" value="121" />
  <attribute name="CPU Util currently" value="7564406708144" />
<exclusive-end id="5890" timestamp="2019-06-15T00:49:49.537" durationms="6.185" />

<exclusive-start id="5891" timestamp="2019-06-15T00:49:49.596" intervalms="65.003">
  <response-info timems="0.076" idlems="0.076" threads="0" lastid="000000000118C700" lastname="main" />
</exclusive-start>
<allocation-taxation id="5892" taxation-threshold="34603008" timestamp="2019-06-15T00:49:49.596" intervalms="65.018" />
<cycle-start id="5893" type="partial gc" contextid="0" timestamp="2019-06-15T00:49:49.596" intervalms="65.005" />
<gc-start id="5894" type="partial gc" contextid="5893" timestamp="2019-06-15T00:49:49.597">
  <mem-info id="5895" free="32505856" total="113246208" percent="28">
    <mem type="eden" free="1048336" total="35651584" percent="2" />
    <remembered-set count="1664" freebytes="4513792" totalbytes="4520448" percent="99" regionsoverflowed="0" regionsstable="18" regionsrebuilding="0"/>
  </mem-info>
</gc-start>
<allocation-stats totalBytes="34596440" >
  <allocated-bytes non-tlh="0" tlh="34596440" arrayletleaf="0"/>
  <largest-consumer threadName="main" threadId="000000000118C700" bytes="34596440" />
</allocation-stats>
<gc-op id="5896" type="copy forward" timems="3.622" contextid="5893" timestamp="2019-06-15T00:49:49.601">
  <memory-copied type="eden" objects="3" bytes="120" bytesdiscarded="0" />
  <memory-copied type="other" objects="26" bytes="816" bytesdiscarded="0" />
  <memory-cardclean objects="67" bytes="2080" />
  <regions eden="33" other="2" />
  <remembered-set-cleared processed="72" cleared="4" durationms="0.132" />
  <stringconstants candidates="13319" cleared="0"  />
</gc-op>
<gc-op id="5897" type="classunload" timems="0.004" contextid="5893" timestamp="2019-06-15T00:49:49.602">
  <classunload-info classloadercandidates="53" classloadersunloaded="0" classesunloaded="0" anonymousclassesunloaded="0" quiescems="0.000" setupms="0.004" scanms="0.000" postms="0.000" />
</gc-op>
<gc-end id="5898" type="partial gc" contextid="5893" durationms="5.098" usertimems="8.000" systemtimems="0.000" timestamp="2019-06-15T00:49:49.602" activeThreads="4">
  <mem-info id="5899" free="67108864" total="113246208" percent="59">
    <mem type="eden" free="1048456" total="1048576" percent="99" />
    <remembered-set count="2112" freebytes="4512000" totalbytes="4520448" percent="99" regionsoverflowed="0" regionsstable="18" regionsrebuilding="0"/>
  </mem-info>
</gc-end>
<cycle-end id="5900" type="partial gc" contextid="5893" timestamp="2019-06-15T00:49:49.602" />
  <attribute name="elasticGC enabled" value="1" />
  <attribute name= "numThreadsSpecified" value="4" />
  <attribute name="heapSize specified" value="0" />
  <attribute name="Current GC Util" value="121" />
  <attribute name= "Current Time Running" value="26493" />
  <attribute name ="GC Interval" value="0" />
  <attribute name="ProportionalT" value="50.500000" />
  <attribute name="ProportionalI" value="50.500000" />
  <attribute name="ProportionalH" value="50.500000" />
  <attribute name="Current Error" value="101.000000" />
  <attribute name="IntegralT" value="101.000000" />
  <attribute name="IntegralI" value="101.000000" />
  <attribute name="IntegralH" value="101.000000" />
  <attribute name="DerivativeT" value="50.500000" />
  <attribute name="DerivativeI" value="50.500000" />
  <attribute name="DerivativeH" value="50.500000" />
  <attribute name="Loop Time for DT" value="1.000000" />
  <attribute name="Output H" value="8388608"/>
  <attribute name="Output I" value="208"/>
  <attribute name="Output T" value="4"/>
  <attribute name="Target GC Util Change" value ="20.000000" />
  <attribute name="Current GC Util Change" value="121.000000"/>
  <attribute name="GC Util currently" value="121" />
  <attribute name="CPU Util currently" value="7562781653082" />
<exclusive-end id="5901" timestamp="2019-06-15T00:49:49.602" durationms="6.192" />

<exclusive-start id="5902" timestamp="2019-06-15T00:49:49.661" intervalms="64.922">
  <response-info timems="0.080" idlems="0.080" threads="0" lastid="000000000118C700" lastname="main" />
</exclusive-start>
<allocation-taxation id="5903" taxation-threshold="34603008" timestamp="2019-06-15T00:49:49.661" intervalms="64.905" />
<cycle-start id="5904" type="partial gc" contextid="0" timestamp="2019-06-15T00:49:49.661" intervalms="64.915" />
<gc-start id="5905" type="partial gc" contextid="5904" timestamp="2019-06-15T00:49:49.662">
  <mem-info id="5906" free="32505856" total="113246208" percent="28">
    <mem type="eden" free="1048456" total="35651584" percent="2" />
    <remembered-set count="1664" freebytes="4513792" totalbytes="4520448" percent="99" regionsoverflowed="0" regionsstable="18" regionsrebuilding="0"/>
  </mem-info>
</gc-start>
<allocation-stats totalBytes="34596664" >
  <allocated-bytes non-tlh="0" tlh="34596664" arrayletleaf="0"/>
  <largest-consumer threadName="main" threadId="000000000118C700" bytes="34596664" />
</allocation-stats>
<gc-op id="5907" type="copy forward" timems="3.565" contextid="5904" timestamp="2019-06-15T00:49:49.666">
  <memory-copied type="eden" objects="5" bytes="240" bytesdiscarded="0" />
  <memory-copied type="other" objects="26" bytes="816" bytesdiscarded="0" />
  <memory-cardclean objects="67" bytes="2080" />
  <regions eden="33" other="2" />
  <remembered-set-cleared processed="72" cleared="4" durationms="0.132" />
  <stringconstants candidates="13319" cleared="0"  />
</gc-op>
<gc-op id="5908" type="classunload" timems="0.003" contextid="5904" timestamp="2019-06-15T00:49:49.666">
  <classunload-info classloadercandidates="53" classloadersunloaded="0" classesunloaded="0" anonymousclassesunloaded="0" quiescems="0.000" setupms="0.003" scanms="0.000" postms="0.000" />
</gc-op>
<gc-end id="5909" type="partial gc" contextid="5904" durationms="5.119" usertimems="0.000" systemtimems="4.000" timestamp="2019-06-15T00:49:49.667" activeThreads="4">
  <mem-info id="5910" free="67108864" total="113246208" percent="59">
    <mem type="eden" free="1048336" total="1048576" percent="99" />
    <remembered-set count="2112" freebytes="4512000" totalbytes="4520448" percent="99" regionsoverflowed="0" regionsstable="18" regionsrebuilding="0"/>
  </mem-info>
</gc-end>
<cycle-end id="5911" type="partial gc" contextid="5904" timestamp="2019-06-15T00:49:49.667" />
  <attribute name="elasticGC enabled" value="1" />
  <attribute name= "numThreadsSpecified" value="4" />
  <attribute name="heapSize specified" value="0" />
  <attribute name="Current GC Util" value="118" />
  <attribute name= "Current Time Running" value="26558" />
  <attribute name ="GC Interval" value="0" />
  <attribute name="ProportionalT" value="49.000000" />
  <attribute name="ProportionalI" value="49.000000" />
  <attribute name="ProportionalH" value="49.000000" />
  <attribute name="Current Error" value="98.000000" />
  <attribute name="IntegralT" value="98.000000" />
  <attribute name="IntegralI" value="98.000000" />
  <attribute name="IntegralH" value="98.000000" />
  <attribute name="DerivativeT" value="49.000000" />
  <attribute name="DerivativeI" value="49.000000" />
  <attribute name="DerivativeH" value="49.000000" />
  <attribute name="Loop Time for DT" value="1.000000" />
  <attribute name="Output H" value="8388608"/>
  <attribute name="Output I" value="200"/>
  <attribute name="Output T" value="4"/>
  <attribute name="Target GC Util Change" value ="20.000000" />
  <attribute name="Current GC Util Change" value="118.000000"/>
  <attribute name="GC Util currently" value="118" />
  <attribute name="CPU Util currently" value="7011731516495" />
<exclusive-end id="5912" timestamp="2019-06-15T00:49:49.667" durationms="6.197" />

<exclusive-start id="5913" timestamp="2019-06-15T00:49:49.705" intervalms="44.376">
  <response-info timems="0.079" idlems="0.079" threads="0" lastid="000000000118C700" lastname="main" />
</exclusive-start>
<allocation-taxation id="5914" taxation-threshold="34603008" timestamp="2019-06-15T00:49:49.706" intervalms="44.393" />
<cycle-start id="5915" type="partial gc" contextid="0" timestamp="2019-06-15T00:49:49.706" intervalms="44.368" />
<gc-start id="5916" type="partial gc" contextid="5915" timestamp="2019-06-15T00:49:49.706">
  <mem-info id="5917" free="32505856" total="113246208" percent="28">
    <mem type="eden" free="1048336" total="35651584" percent="2" />
    <remembered-set count="1664" freebytes="4513792" totalbytes="4520448" percent="99" regionsoverflowed="0" regionsstable="18" regionsrebuilding="0"/>
  </mem-info>
</gc-start>
<allocation-stats totalBytes="34575736" >
  <allocated-bytes non-tlh="0" tlh="34575736" arrayletleaf="0"/>
  <largest-consumer threadName="main" threadId="000000000118C700" bytes="34575736" />
</allocation-stats>
<gc-op id="5918" type="copy forward" timems="3.696" contextid="5915" timestamp="2019-06-15T00:49:49.711">
  <memory-copied type="eden" objects="24" bytes="1280" bytesdiscarded="0" />
  <memory-copied type="other" objects="12" bytes="288" bytesdiscarded="0" />
  <memory-cardclean objects="73" bytes="2176" />
  <regions eden="33" other="2" />
  <remembered-set-cleared processed="72" cleared="4" durationms="0.187" />
  <stringconstants candidates="13319" cleared="0"  />
</gc-op>
<gc-op id="5919" type="classunload" timems="0.004" contextid="5915" timestamp="2019-06-15T00:49:49.711">
  <classunload-info classloadercandidates="53" classloadersunloaded="0" classesunloaded="0" anonymousclassesunloaded="0" quiescems="0.000" setupms="0.003" scanms="0.000" postms="0.000" />
</gc-op>
<gc-end id="5920" type="partial gc" contextid="5915" durationms="5.157" usertimems="8.000" systemtimems="0.000" timestamp="2019-06-15T00:49:49.711" activeThreads="4">
  <mem-info id="5921" free="67108864" total="113246208" percent="59">
    <mem type="eden" free="1047296" total="1048576" percent="99" />
    <remembered-set count="1600" freebytes="4514048" totalbytes="4520448" percent="99" regionsoverflowed="0" regionsstable="18" regionsrebuilding="0"/>
  </mem-info>
</gc-end>
<cycle-end id="5922" type="partial gc" contextid="5915" timestamp="2019-06-15T00:49:49.711" />
  <attribute name="elasticGC enabled" value="1" />
  <attribute name= "numThreadsSpecified" value="4" />
  <attribute name="heapSize specified" value="0" />
  <attribute name="Current GC Util" value="128" />
  <attribute name= "Current Time Running" value="26602" />
  <attribute name ="GC Interval" value="0" />
  <attribute name="ProportionalT" value="54.000000" />
  <attribute name="ProportionalI" value="54.000000" />
  <attribute name="ProportionalH" value="54.000000" />
  <attribute name="Current Error" value="108.000000" />
  <attribute name="IntegralT" value="108.000000" />
  <attribute name="IntegralI" value="108.000000" />
  <attribute name="IntegralH" value="108.000000" />
  <attribute name="DerivativeT" value="54.000000" />
  <attribute name="DerivativeI" value="54.000000" />
  <attribute name="DerivativeH" value="54.000000" />
  <attribute name="Loop Time for DT" value="1.000000" />
  <attribute name="Output H" value="8388608"/>
  <attribute name="Output I" value="216"/>
  <attribute name="Output T" value="4"/>
  <attribute name="Target GC Util Change" value ="20.000000" />
  <attribute name="Current GC Util Change" value="128.000000"/>
  <attribute name="GC Util currently" value="128" />
  <attribute name="CPU Util currently" value="6991544893326" />
<exclusive-end id="5923" timestamp="2019-06-15T00:49:49.712" durationms="6.216" />

<exclusive-start id="5924" timestamp="2019-06-15T00:49:49.723" intervalms="17.857">
  <response-info timems="0.077" idlems="0.077" threads="0" lastid="000000000118C700" lastname="main" />
</exclusive-start>
<allocation-taxation id="5925" taxation-threshold="34603008" timestamp="2019-06-15T00:49:49.723" intervalms="17.826" />
<cycle-start id="5926" type="partial gc" contextid="0" timestamp="2019-06-15T00:49:49.724" intervalms="17.843" />
<gc-start id="5927" type="partial gc" contextid="5926" timestamp="2019-06-15T00:49:49.724">
  <mem-info id="5928" free="32505856" total="113246208" percent="28">
    <mem type="eden" free="0" total="34603008" percent="0" />
    <remembered-set count="1152" freebytes="4515840" totalbytes="4520448" percent="99" regionsoverflowed="0" regionsstable="18" regionsrebuilding="0"/>
  </mem-info>
</gc-start>
<allocation-stats totalBytes="34555656" >
  <allocated-bytes non-tlh="0" tlh="34555656" arrayletleaf="0"/>
  <largest-consumer threadName="main" threadId="000000000118C700" bytes="34555656" />
</allocation-stats>
<gc-op id="5929" type="copy forward" timems="3.686" contextid="5926" timestamp="2019-06-15T00:49:49.729">
  <memory-copied type="eden" objects="2" bytes="40" bytesdiscarded="752" />
  <memory-copied type="other" objects="33" bytes="1504" bytesdiscarded="488" />
  <memory-cardclean objects="63" bytes="2016" />
  <regions eden="33" other="2" />
  <remembered-set-cleared processed="72" cleared="4" durationms="0.129" />
  <stringconstants candidates="13319" cleared="0"  />
</gc-op>
<gc-op id="5930" type="classunload" timems="0.003" contextid="5926" timestamp="2019-06-15T00:49:49.729">
  <classunload-info classloadercandidates="53" classloadersunloaded="0" classesunloaded="0" anonymousclassesunloaded="0" quiescems="0.000" setupms="0.003" scanms="0.000" postms="0.000" />
</gc-op>
<heap-resize id="5931" type="expand" space="default" amount="5242880" count="1" timems="0.060" reason="excessive time being spent in gc" timestamp="2019-06-15T00:49:49.729" />
<gc-end id="5932" type="partial gc" contextid="5926" durationms="5.335" usertimems="0.000" systemtimems="8.000" timestamp="2019-06-15T00:49:49.729" activeThreads="4">
  <mem-info id="5933" free="71303168" total="118489088" percent="60">
    <mem type="eden" free="1047784" total="1048576" percent="99" />
    <remembered-set count="2112" freebytes="4721280" totalbytes="4729728" percent="99" regionsoverflowed="0" regionsstable="18" regionsrebuilding="0"/>
  </mem-info>
</gc-end>
<cycle-end id="5934" type="partial gc" contextid="5926" timestamp="2019-06-15T00:49:49.729" />
  <attribute name="elasticGC enabled" value="1" />
  <attribute name= "numThreadsSpecified" value="4" />
  <attribute name="heapSize specified" value="0" />
  <attribute name="Current GC Util" value="123" />
  <attribute name= "Current Time Running" value="26620" />
  <attribute name ="GC Interval" value="0" />
  <attribute name="ProportionalT" value="51.500000" />
  <attribute name="ProportionalI" value="51.500000" />
  <attribute name="ProportionalH" value="51.500000" />
  <attribute name="Current Error" value="103.000000" />
  <attribute name="IntegralT" value="103.000000" />
  <attribute name="IntegralI" value="103.000000" />
  <attribute name="IntegralH" value="103.000000" />
  <attribute name="DerivativeT" value="43.500000" />
  <attribute name="DerivativeI" value="43.500000" />
  <attribute name="DerivativeH" value="43.500000" />
  <attribute name="Loop Time for DT" value="1.000000" />
  <attribute name="Output H" value="8388608"/>
  <attribute name="Output I" value="200"/>
  <attribute name="Output T" value="4"/>
  <attribute name="Target GC Util Change" value ="20.000000" />
  <attribute name="Current GC Util Change" value="123.000000"/>
  <attribute name="GC Util currently" value="123" />
  <attribute name="CPU Util currently" value="7691937818769" />
<exclusive-end id="5935" timestamp="2019-06-15T00:49:49.730" durationms="6.438" />

<exclusive-start id="5936" timestamp="2019-06-15T00:49:49.742" intervalms="18.432">
  <response-info timems="0.068" idlems="0.068" threads="0" lastid="000000000118C700" lastname="main" />
</exclusive-start>
<allocation-taxation id="5937" taxation-threshold="35651584" timestamp="2019-06-15T00:49:49.742" intervalms="18.409" />
<cycle-start id="5938" type="partial gc" contextid="0" timestamp="2019-06-15T00:49:49.742" intervalms="18.404" />
<gc-start id="5939" type="partial gc" contextid="5938" timestamp="2019-06-15T00:49:49.742">
  <mem-info id="5940" free="35651584" total="118489088" percent="30">
    <mem type="eden" free="1047784" total="36700160" percent="2" />
    <remembered-set count="1664" freebytes="4723072" totalbytes="4729728" percent="99" regionsoverflowed="0" regionsstable="18" regionsrebuilding="0"/>
  </mem-info>
</gc-start>
<allocation-stats totalBytes="35602416" >
  <allocated-bytes non-tlh="0" tlh="35602416" arrayletleaf="0"/>
  <largest-consumer threadName="main" threadId="000000000118C700" bytes="35602416" />
</allocation-stats>
<gc-op id="5941" type="copy forward" timems="4.082" contextid="5938" timestamp="2019-06-15T00:49:49.747">
  <memory-copied type="eden" objects="2" bytes="40" bytesdiscarded="752" />
  <memory-copied type="other" objects="21" bytes="1216" bytesdiscarded="488" />
  <memory-cardclean objects="49" bytes="1640" />
  <regions eden="34" other="2" />
  <remembered-set-cleared processed="75" cleared="3" durationms="0.133" />
  <stringconstants candidates="13319" cleared="0"  />
</gc-op>
<gc-op id="5942" type="classunload" timems="0.003" contextid="5938" timestamp="2019-06-15T00:49:49.747">
  <classunload-info classloadercandidates="53" classloadersunloaded="0" classesunloaded="0" anonymousclassesunloaded="0" quiescems="0.000" setupms="0.003" scanms="0.000" postms="0.000" />
</gc-op>
<gc-end id="5943" type="partial gc" contextid="5938" durationms="5.524" usertimems="8.000" systemtimems="0.000" timestamp="2019-06-15T00:49:49.748" activeThreads="4">
  <mem-info id="5944" free="71303168" total="118489088" percent="60">
    <mem type="eden" free="1047784" total="1048576" percent="99" />
    <remembered-set count="1632" freebytes="4723200" totalbytes="4729728" percent="99" regionsoverflowed="0" regionsstable="18" regionsrebuilding="0"/>
  </mem-info>
</gc-end>
<cycle-end id="5945" type="partial gc" contextid="5938" timestamp="2019-06-15T00:49:49.748" />
  <attribute name="elasticGC enabled" value="1" />
  <attribute name= "numThreadsSpecified" value="4" />
  <attribute name="heapSize specified" value="0" />
  <attribute name="Current GC Util" value="121" />
  <attribute name= "Current Time Running" value="26638" />
  <attribute name ="GC Interval" value="0" />
  <attribute name="ProportionalT" value="50.500000" />
  <attribute name="ProportionalI" value="50.500000" />
  <attribute name="ProportionalH" value="50.500000" />
  <attribute name="Current Error" value="101.000000" />
  <attribute name="IntegralT" value="101.000000" />
  <attribute name="IntegralI" value="101.000000" />
  <attribute name="IntegralH" value="101.000000" />
  <attribute name="DerivativeT" value="43.000000" />
  <attribute name="DerivativeI" value="43.000000" />
  <attribute name="DerivativeH" value="43.000000" />
  <attribute name="Loop Time for DT" value="1.000000" />
  <attribute name="Output H" value="8388608"/>
  <attribute name="Output I" value="200"/>
  <attribute name="Output T" value="4"/>
  <attribute name="Target GC Util Change" value ="20.000000" />
  <attribute name="Current GC Util Change" value="121.000000"/>
  <attribute name="GC Util currently" value="121" />
  <attribute name="CPU Util currently" value="7238536270790" />
<exclusive-end id="5946" timestamp="2019-06-15T00:49:49.748" durationms="6.537" />

<exclusive-start id="5947" timestamp="2019-06-15T00:49:49.760" intervalms="18.415">
  <response-info timems="0.067" idlems="0.067" threads="0" lastid="000000000118C700" lastname="main" />
</exclusive-start>
<allocation-taxation id="5948" taxation-threshold="35651584" timestamp="2019-06-15T00:49:49.760" intervalms="18.418" />
<cycle-start id="5949" type="partial gc" contextid="0" timestamp="2019-06-15T00:49:49.760" intervalms="18.419" />
<gc-start id="5950" type="partial gc" contextid="5949" timestamp="2019-06-15T00:49:49.761">
  <mem-info id="5951" free="35651584" total="118489088" percent="30">
    <mem type="eden" free="1047784" total="36700160" percent="2" />
    <remembered-set count="1184" freebytes="4724992" totalbytes="4729728" percent="99" regionsoverflowed="0" regionsstable="18" regionsrebuilding="0"/>
  </mem-info>
</gc-start>
<allocation-stats totalBytes="35602416" >
  <allocated-bytes non-tlh="0" tlh="35602416" arrayletleaf="0"/>
  <largest-consumer threadName="main" threadId="000000000118C700" bytes="35602416" />
</allocation-stats>
<gc-op id="5952" type="copy forward" timems="3.664" contextid="5949" timestamp="2019-06-15T00:49:49.765">
  <memory-copied type="eden" objects="2" bytes="40" bytesdiscarded="752" />
  <memory-copied type="other" objects="21" bytes="1216" bytesdiscarded="576" />
  <memory-cardclean objects="49" bytes="1640" />
  <regions eden="34" other="2" />
  <remembered-set-cleared processed="75" cleared="3" durationms="0.134" />
  <stringconstants candidates="13319" cleared="0"  />
</gc-op>
<gc-op id="5953" type="classunload" timems="0.003" contextid="5949" timestamp="2019-06-15T00:49:49.765">
  <classunload-info classloadercandidates="53" classloadersunloaded="0" classesunloaded="0" anonymousclassesunloaded="0" quiescems="0.000" setupms="0.003" scanms="0.000" postms="0.000" />
</gc-op>
<gc-end id="5954" type="partial gc" contextid="5949" durationms="5.125" usertimems="4.000" systemtimems="0.000" timestamp="2019-06-15T00:49:49.766" activeThreads="4">
  <mem-info id="5955" free="71303168" total="118489088" percent="60">
    <mem type="eden" free="1047784" total="1048576" percent="99" />
    <remembered-set count="1632" freebytes="4723200" totalbytes="4729728" percent="99" regionsoverflowed="0" regionsstable="18" regionsrebuilding="0"/>
  </mem-info>
</gc-end>
<cycle-end id="5956" type="partial gc" contextid="5949" timestamp="2019-06-15T00:49:49.766" />
  <attribute name="elasticGC enabled" value="1" />
  <attribute name= "numThreadsSpecified" value="4" />
  <attribute name="heapSize specified" value="0" />
  <attribute name="Current GC Util" value="123" />
  <attribute name= "Current Time Running" value="26657" />
  <attribute name ="GC Interval" value="0" />
  <attribute name="ProportionalT" value="51.500000" />
  <attribute name="ProportionalI" value="51.500000" />
  <attribute name="ProportionalH" value="51.500000" />
  <attribute name="Current Error" value="103.000000" />
  <attribute name="IntegralT" value="103.000000" />
  <attribute name="IntegralI" value="103.000000" />
  <attribute name="IntegralH" value="103.000000" />
  <attribute name="DerivativeT" value="42.500000" />
  <attribute name="DerivativeI" value="42.500000" />
  <attribute name="DerivativeH" value="42.500000" />
  <attribute name="Loop Time for DT" value="1.000000" />
  <attribute name="Output H" value="8388608"/>
  <attribute name="Output I" value="200"/>
  <attribute name="Output T" value="4"/>
  <attribute name="Target GC Util Change" value ="20.000000" />
  <attribute name="Current GC Util Change" value="123.000000"/>
  <attribute name="GC Util currently" value="123" />
  <attribute name="CPU Util currently" value="7509629386284" />
<exclusive-end id="5957" timestamp="2019-06-15T00:49:49.766" durationms="6.060" />

<exclusive-start id="5958" timestamp="2019-06-15T00:49:49.778" intervalms="18.205">
  <response-info timems="0.071" idlems="0.071" threads="0" lastid="000000000118C700" lastname="main" />
</exclusive-start>
<allocation-taxation id="5959" taxation-threshold="35651584" timestamp="2019-06-15T00:49:49.778" intervalms="18.222" />
<cycle-start id="5960" type="partial gc" contextid="0" timestamp="2019-06-15T00:49:49.779" intervalms="18.148" />
<gc-start id="5961" type="partial gc" contextid="5960" timestamp="2019-06-15T00:49:49.779">
  <mem-info id="5962" free="35651584" total="118489088" percent="30">
    <mem type="eden" free="1047784" total="36700160" percent="2" />
    <remembered-set count="1184" freebytes="4724992" totalbytes="4729728" percent="99" regionsoverflowed="0" regionsstable="18" regionsrebuilding="0"/>
  </mem-info>
</gc-start>
<allocation-stats totalBytes="35602392" >
  <allocated-bytes non-tlh="0" tlh="35602392" arrayletleaf="0"/>
  <largest-consumer threadName="main" threadId="000000000118C700" bytes="35602392" />
</allocation-stats>
<gc-op id="5963" type="copy forward" timems="3.722" contextid="5960" timestamp="2019-06-15T00:49:49.783">
  <memory-copied type="eden" objects="2" bytes="40" bytesdiscarded="752" />
  <memory-copied type="other" objects="21" bytes="1216" bytesdiscarded="488" />
  <memory-cardclean objects="49" bytes="1640" />
  <regions eden="34" other="2" />
  <remembered-set-cleared processed="75" cleared="3" durationms="0.132" />
  <stringconstants candidates="13319" cleared="0"  />
</gc-op>
<gc-op id="5964" type="classunload" timems="0.003" contextid="5960" timestamp="2019-06-15T00:49:49.784">
  <classunload-info classloadercandidates="53" classloadersunloaded="0" classesunloaded="0" anonymousclassesunloaded="0" quiescems="0.000" setupms="0.003" scanms="0.000" postms="0.000" />
</gc-op>
<gc-end id="5965" type="partial gc" contextid="5960" durationms="5.089" usertimems="0.000" systemtimems="4.000" timestamp="2019-06-15T00:49:49.784" activeThreads="4">
  <mem-info id="5966" free="71303168" total="118489088" percent="60">
    <mem type="eden" free="1047784" total="1048576" percent="99" />
    <remembered-set count="2144" freebytes="4721152" totalbytes="4729728" percent="99" regionsoverflowed="0" regionsstable="18" regionsrebuilding="0"/>
  </mem-info>
</gc-end>
<cycle-end id="5967" type="partial gc" contextid="5960" timestamp="2019-06-15T00:49:49.784" />
  <attribute name="elasticGC enabled" value="1" />
  <attribute name= "numThreadsSpecified" value="4" />
  <attribute name="heapSize specified" value="0" />
  <attribute name="Current GC Util" value="122" />
  <attribute name= "Current Time Running" value="26675" />
  <attribute name ="GC Interval" value="0" />
  <attribute name="ProportionalT" value="51.000000" />
  <attribute name="ProportionalI" value="51.000000" />
  <attribute name="ProportionalH" value="51.000000" />
  <attribute name="Current Error" value="102.000000" />
  <attribute name="IntegralT" value="102.000000" />
  <attribute name="IntegralI" value="102.000000" />
  <attribute name="IntegralH" value="102.000000" />
  <attribute name="DerivativeT" value="43.500000" />
  <attribute name="DerivativeI" value="43.500000" />
  <attribute name="DerivativeH" value="43.500000" />
  <attribute name="Loop Time for DT" value="1.000000" />
  <attribute name="Output H" value="8388608"/>
  <attribute name="Output I" value="200"/>
  <attribute name="Output T" value="4"/>
  <attribute name="Target GC Util Change" value ="20.000000" />
  <attribute name="Current GC Util Change" value="122.000000"/>
  <attribute name="GC Util currently" value="122" />
  <attribute name="CPU Util currently" value="7385019072057" />
<exclusive-end id="5968" timestamp="2019-06-15T00:49:49.784" durationms="5.973" />

<exclusive-start id="5969" timestamp="2019-06-15T00:49:49.801" intervalms="23.116">
  <response-info timems="0.067" idlems="0.067" threads="0" lastid="000000000118C700" lastname="main" />
</exclusive-start>
<allocation-taxation id="5970" taxation-threshold="35651584" timestamp="2019-06-15T00:49:49.801" intervalms="23.090" />
<cycle-start id="5971" type="partial gc" contextid="0" timestamp="2019-06-15T00:49:49.802" intervalms="23.168" />
<gc-start id="5972" type="partial gc" contextid="5971" timestamp="2019-06-15T00:49:49.802">
  <mem-info id="5973" free="35651584" total="118489088" percent="30">
    <mem type="eden" free="1047784" total="36700160" percent="2" />
    <remembered-set count="1664" freebytes="4723072" totalbytes="4729728" percent="99" regionsoverflowed="0" regionsstable="18" regionsrebuilding="0"/>
  </mem-info>
</gc-start>
<allocation-stats totalBytes="35616176" >
  <allocated-bytes non-tlh="0" tlh="35616176" arrayletleaf="0"/>
  <largest-consumer threadName="main" threadId="000000000118C700" bytes="35616176" />
</allocation-stats>
<gc-op id="5974" type="copy forward" timems="3.654" contextid="5971" timestamp="2019-06-15T00:49:49.807">
  <memory-copied type="eden" objects="28" bytes="1008" bytesdiscarded="0" />
  <memory-copied type="other" objects="6" bytes="144" bytesdiscarded="0" />
  <memory-cardclean objects="100" bytes="3256" />
  <regions eden="34" other="2" />
  <remembered-set-cleared processed="75" cleared="3" durationms="0.133" />
  <stringconstants candidates="13319" cleared="0"  />
</gc-op>
<gc-op id="5975" type="classunload" timems="0.004" contextid="5971" timestamp="2019-06-15T00:49:49.807">
  <classunload-info classloadercandidates="53" classloadersunloaded="0" classesunloaded="0" anonymousclassesunloaded="0" quiescems="0.000" setupms="0.004" scanms="0.000" postms="0.000" />
</gc-op>
<gc-end id="5976" type="partial gc" contextid="5971" durationms="5.175" usertimems="4.000" systemtimems="0.000" timestamp="2019-06-15T00:49:49.807" activeThreads="4">
  <mem-info id="5977" free="71303168" total="118489088" percent="60">
    <mem type="eden" free="1047568" total="1048576" percent="99" />
    <remembered-set count="1632" freebytes="4723200" totalbytes="4729728" percent="99" regionsoverflowed="0" regionsstable="18" regionsrebuilding="0"/>
  </mem-info>
</gc-end>
<cycle-end id="5978" type="partial gc" contextid="5971" timestamp="2019-06-15T00:49:49.807" />
  <attribute name="elasticGC enabled" value="1" />
  <attribute name= "numThreadsSpecified" value="4" />
  <attribute name="heapSize specified" value="0" />
  <attribute name="Current GC Util" value="118" />
  <attribute name= "Current Time Running" value="26698" />
  <attribute name ="GC Interval" value="0" />
  <attribute name="ProportionalT" value="49.000000" />
  <attribute name="ProportionalI" value="49.000000" />
  <attribute name="ProportionalH" value="49.000000" />
  <attribute name="Current Error" value="98.000000" />
  <attribute name="IntegralT" value="98.000000" />
  <attribute name="IntegralI" value="98.000000" />
  <attribute name="IntegralH" value="98.000000" />
  <attribute name="DerivativeT" value="45.500000" />
  <attribute name="DerivativeI" value="45.500000" />
  <attribute name="DerivativeH" value="45.500000" />
  <attribute name="Loop Time for DT" value="1.000000" />
  <attribute name="Output H" value="8388608"/>
  <attribute name="Output I" value="200"/>
  <attribute name="Output T" value="4"/>
  <attribute name="Target GC Util Change" value ="20.000000" />
  <attribute name="Current GC Util Change" value="118.000000"/>
  <attribute name="GC Util currently" value="118" />
  <attribute name="CPU Util currently" value="6983138984314" />
<exclusive-end id="5979" timestamp="2019-06-15T00:49:49.808" durationms="6.246" />

<exclusive-start id="5980" timestamp="2019-06-15T00:49:49.846" intervalms="44.647">
  <response-info timems="0.070" idlems="0.070" threads="0" lastid="000000000118C700" lastname="main" />
</exclusive-start>
<allocation-taxation id="5981" taxation-threshold="35651584" timestamp="2019-06-15T00:49:49.846" intervalms="44.677" />
<cycle-start id="5982" type="partial gc" contextid="0" timestamp="2019-06-15T00:49:49.846" intervalms="44.685" />
<gc-start id="5983" type="partial gc" contextid="5982" timestamp="2019-06-15T00:49:49.847">
  <mem-info id="5984" free="35651584" total="118489088" percent="30">
    <mem type="eden" free="0" total="35651584" percent="0" />
    <remembered-set count="1184" freebytes="4724992" totalbytes="4729728" percent="99" regionsoverflowed="0" regionsstable="18" regionsrebuilding="0"/>
  </mem-info>
</gc-start>
<allocation-stats totalBytes="35648080" >
  <allocated-bytes non-tlh="0" tlh="35648080" arrayletleaf="0"/>
  <largest-consumer threadName="main" threadId="000000000118C700" bytes="35648080" />
</allocation-stats>
<gc-op id="5985" type="copy forward" timems="3.204" contextid="5982" timestamp="2019-06-15T00:49:49.851">
  <memory-copied type="eden" objects="23" bytes="736" bytesdiscarded="0" />
  <memory-copied type="other" objects="19" bytes="656" bytesdiscarded="0" />
  <memory-cardclean objects="121" bytes="3416" />
  <regions eden="34" other="2" />
  <remembered-set-cleared processed="75" cleared="3" durationms="0.131" />
  <stringconstants candidates="13319" cleared="0"  />
</gc-op>
<gc-op id="5986" type="classunload" timems="0.004" contextid="5982" timestamp="2019-06-15T00:49:49.851">
  <classunload-info classloadercandidates="53" classloadersunloaded="0" classesunloaded="0" anonymousclassesunloaded="0" quiescems="0.000" setupms="0.004" scanms="0.000" postms="0.000" />
</gc-op>
<heap-resize id="5987" type="expand" space="default" amount="2097152" count="1" timems="0.051" reason="excessive time being spent in gc" timestamp="2019-06-15T00:49:49.851" />
<gc-end id="5988" type="partial gc" contextid="5982" durationms="4.854" usertimems="4.000" systemtimems="4.000" timestamp="2019-06-15T00:49:49.851" activeThreads="4">
  <mem-info id="5989" free="72351744" total="120586240" percent="60">
    <mem type="eden" free="1047840" total="1048576" percent="99" />
    <remembered-set count="1632" freebytes="4806912" totalbytes="4813440" percent="99" regionsoverflowed="0" regionsstable="18" regionsrebuilding="0"/>
  </mem-info>
</gc-end>
<cycle-end id="5990" type="partial gc" contextid="5982" timestamp="2019-06-15T00:49:49.852" />
  <attribute name="elasticGC enabled" value="1" />
  <attribute name= "numThreadsSpecified" value="4" />
  <attribute name="heapSize specified" value="0" />
  <attribute name="Current GC Util" value="122" />
  <attribute name= "Current Time Running" value="26743" />
  <attribute name ="GC Interval" value="0" />
  <attribute name="ProportionalT" value="51.000000" />
  <attribute name="ProportionalI" value="51.000000" />
  <attribute name="ProportionalH" value="51.000000" />
  <attribute name="Current Error" value="102.000000" />
  <attribute name="IntegralT" value="102.000000" />
  <attribute name="IntegralI" value="102.000000" />
  <attribute name="IntegralH" value="102.000000" />
  <attribute name="DerivativeT" value="51.000000" />
  <attribute name="DerivativeI" value="51.000000" />
  <attribute name="DerivativeH" value="51.000000" />
  <attribute name="Loop Time for DT" value="1.000000" />
  <attribute name="Output H" value="8388608"/>
  <attribute name="Output I" value="208"/>
  <attribute name="Output T" value="4"/>
  <attribute name="Target GC Util Change" value ="20.000000" />
  <attribute name="Current GC Util Change" value="122.000000"/>
  <attribute name="GC Util currently" value="122" />
  <attribute name="CPU Util currently" value="7521963827011" />
<exclusive-end id="5991" timestamp="2019-06-15T00:49:49.852" durationms="5.841" />

<exclusive-start id="5992" timestamp="2019-06-15T00:49:50.023" intervalms="177.483">
  <response-info timems="0.060" idlems="0.060" threads="0" lastid="000000000118C700" lastname="main" />
</exclusive-start>
<allocation-taxation id="5993" taxation-threshold="36700160" timestamp="2019-06-15T00:49:50.024" intervalms="177.520" />
<cycle-start id="5994" type="partial gc" contextid="0" timestamp="2019-06-15T00:49:50.024" intervalms="177.510" />
<gc-start id="5995" type="partial gc" contextid="5994" timestamp="2019-06-15T00:49:50.024">
  <mem-info id="5996" free="35651584" total="120586240" percent="29">
    <mem type="eden" free="0" total="36700160" percent="0" />
    <remembered-set count="1216" freebytes="4808576" totalbytes="4813440" percent="99" regionsoverflowed="0" regionsstable="18" regionsrebuilding="0"/>
  </mem-info>
</gc-start>
<allocation-stats totalBytes="36607696" >
  <allocated-bytes non-tlh="0" tlh="36607696" arrayletleaf="0"/>
  <largest-consumer threadName="main" threadId="000000000118C700" bytes="36607696" />
</allocation-stats>
<gc-op id="5997" type="copy forward" timems="1.364" contextid="5994" timestamp="2019-06-15T00:49:50.027">
  <memory-copied type="eden" objects="67" bytes="2872" bytesdiscarded="0" />
  <memory-copied type="other" objects="19" bytes="656" bytesdiscarded="0" />
  <memory-cardclean objects="129" bytes="3648" />
  <regions eden="35" other="2" />
  <remembered-set-cleared processed="77" cleared="5" durationms="0.130" />
  <stringconstants candidates="13319" cleared="0"  />
</gc-op>
<gc-op id="5998" type="classunload" timems="0.003" contextid="5994" timestamp="2019-06-15T00:49:50.027">
  <classunload-info classloadercandidates="53" classloadersunloaded="0" classesunloaded="0" anonymousclassesunloaded="0" quiescems="0.000" setupms="0.003" scanms="0.000" postms="0.000" />
</gc-op>
<gc-end id="5999" type="partial gc" contextid="5994" durationms="2.916" usertimems="4.000" systemtimems="0.000" timestamp="2019-06-15T00:49:50.027" activeThreads="1">
  <mem-info id="6000" free="71303168" total="120586240" percent="59">
    <mem type="eden" free="1045704" total="1048576" percent="99" />
    <remembered-set count="1664" freebytes="4806784" totalbytes="4813440" percent="99" regionsoverflowed="0" regionsstable="18" regionsrebuilding="0"/>
  </mem-info>
</gc-end>
<cycle-end id="6001" type="partial gc" contextid="5994" timestamp="2019-06-15T00:49:50.027" />
  <attribute name="elasticGC enabled" value="1" />
  <attribute name= "numThreadsSpecified" value="1" />
  <attribute name="heapSize specified" value="0" />
  <attribute name="Current GC Util" value="121" />
  <attribute name= "Current Time Running" value="26920" />
  <attribute name ="GC Interval" value="0" />
  <attribute name="ProportionalT" value="50.500000" />
  <attribute name="ProportionalI" value="50.500000" />
  <attribute name="ProportionalH" value="50.500000" />
  <attribute name="Current Error" value="101.000000" />
  <attribute name="IntegralT" value="0.000000" />
  <attribute name="IntegralI" value="0.000000" />
  <attribute name="IntegralH" value="0.000000" />
  <attribute name="DerivativeT" value="inf" />
  <attribute name="DerivativeI" value="inf" />
  <attribute name="DerivativeH" value="inf" />
  <attribute name="Loop Time for DT" value="0.000000" />
  <attribute name="Output H" value="8388608"/>
  <attribute name="Output I" value="200"/>
  <attribute name="Output T" value="1"/>
  <attribute name="Target GC Util Change" value ="20.000000" />
  <attribute name="Current GC Util Change" value="121.000000"/>
  <attribute name="GC Util currently" value="121" />
  <attribute name="CPU Util currently" value="7567932124105" />
<exclusive-end id="6002" timestamp="2019-06-15T00:49:50.027" durationms="3.969" />

<exclusive-start id="6003" timestamp="2019-06-15T00:49:50.038" intervalms="14.688">
  <response-info timems="0.079" idlems="0.079" threads="0" lastid="000000000118C700" lastname="main" />
</exclusive-start>
<allocation-taxation id="6004" taxation-threshold="36700160" timestamp="2019-06-15T00:49:50.038" intervalms="14.654" />
<cycle-start id="6005" type="partial gc" contextid="0" timestamp="2019-06-15T00:49:50.039" intervalms="14.626" />
<gc-start id="6006" type="partial gc" contextid="6005" timestamp="2019-06-15T00:49:50.039">
  <mem-info id="6007" free="34603008" total="120586240" percent="28">
    <mem type="eden" free="0" total="36700160" percent="0" />
    <remembered-set count="1248" freebytes="4808448" totalbytes="4813440" percent="99" regionsoverflowed="0" regionsstable="18" regionsrebuilding="0"/>
  </mem-info>
</gc-start>
<allocation-stats totalBytes="36565552" >
  <allocated-bytes non-tlh="0" tlh="36565552" arrayletleaf="0"/>
  <largest-consumer threadName="main" threadId="000000000118C700" bytes="36565552" />
</allocation-stats>
<gc-op id="6008" type="copy forward" timems="6.272" contextid="6005" timestamp="2019-06-15T00:49:50.046">
  <memory-copied type="eden" objects="1" bytes="24" bytesdiscarded="0" />
  <memory-copied type="other" objects="73" bytes="3016" bytesdiscarded="544" />
  <memory-cardclean objects="69" bytes="2184" />
  <regions eden="35" other="2" />
  <remembered-set-cleared processed="80" cleared="3" durationms="0.137" />
  <stringconstants candidates="13319" cleared="0"  />
</gc-op>
<gc-op id="6009" type="classunload" timems="0.004" contextid="6005" timestamp="2019-06-15T00:49:50.046">
  <classunload-info classloadercandidates="53" classloadersunloaded="0" classesunloaded="0" anonymousclassesunloaded="0" quiescems="0.000" setupms="0.004" scanms="0.000" postms="0.000" />
</gc-op>
<gc-end id="6010" type="partial gc" contextid="6005" durationms="7.751" usertimems="12.000" systemtimems="0.000" timestamp="2019-06-15T00:49:50.047" activeThreads="4">
  <mem-info id="6011" free="70254592" total="120586240" percent="58">
    <mem type="eden" free="1048552" total="1048576" percent="99" />
    <remembered-set count="2208" freebytes="4804608" totalbytes="4813440" percent="99" regionsoverflowed="0" regionsstable="18" regionsrebuilding="0"/>
  </mem-info>
</gc-end>
<cycle-end id="6012" type="partial gc" contextid="6005" timestamp="2019-06-15T00:49:50.047" />
  <attribute name="elasticGC enabled" value="1" />
  <attribute name= "numThreadsSpecified" value="4" />
  <attribute name="heapSize specified" value="0" />
  <attribute name="Current GC Util" value="221" />
  <attribute name= "Current Time Running" value="26935" />
  <attribute name ="GC Interval" value="0" />
  <attribute name="ProportionalT" value="100.500000" />
  <attribute name="ProportionalI" value="100.500000" />
  <attribute name="ProportionalH" value="100.500000" />
  <attribute name="Current Error" value="201.000000" />
  <attribute name="IntegralT" value="201.000000" />
  <attribute name="IntegralI" value="201.000000" />
  <attribute name="IntegralH" value="201.000000" />
  <attribute name="DerivativeT" value="100.500000" />
  <attribute name="DerivativeI" value="100.500000" />
  <attribute name="DerivativeH" value="100.500000" />
  <attribute name="Loop Time for DT" value="1.000000" />
  <attribute name="Output H" value="8388608"/>
  <attribute name="Output I" value="408"/>
  <attribute name="Output T" value="4"/>
  <attribute name="Target GC Util Change" value ="20.000000" />
  <attribute name="Current GC Util Change" value="221.000000"/>
  <attribute name="GC Util currently" value="221" />
  <attribute name="CPU Util currently" value="7260119416789" />
<exclusive-end id="6013" timestamp="2019-06-15T00:49:50.047" durationms="8.749" />

<exclusive-start id="6014" timestamp="2019-06-15T00:49:50.058" intervalms="19.571">
  <response-info timems="0.076" idlems="0.076" threads="0" lastid="000000000118C700" lastname="main" />
</exclusive-start>
<allocation-taxation id="6015" taxation-threshold="36700160" timestamp="2019-06-15T00:49:50.058" intervalms="19.521" />
<cycle-start id="6016" type="partial gc" contextid="0" timestamp="2019-06-15T00:49:50.058" intervalms="19.500" />
<gc-start id="6017" type="partial gc" contextid="6016" timestamp="2019-06-15T00:49:50.058">
  <mem-info id="6018" free="33554432" total="120586240" percent="27">
    <mem type="eden" free="1048552" total="37748736" percent="2" />
    <remembered-set count="2208" freebytes="4804608" totalbytes="4813440" percent="99" regionsoverflowed="0" regionsstable="18" regionsrebuilding="0"/>
  </mem-info>
</gc-start>
<allocation-stats totalBytes="36577528" >
  <allocated-bytes non-tlh="0" tlh="36577528" arrayletleaf="0"/>
  <largest-consumer threadName="main" threadId="000000000118C700" bytes="36577528" />
</allocation-stats>
<gc-op id="6019" type="copy forward" timems="1.326" contextid="6016" timestamp="2019-06-15T00:49:50.061">
  <memory-copied type="eden" objects="1" bytes="24" bytesdiscarded="0" />
  <memory-copied type="other" objects="67" bytes="2872" bytesdiscarded="0" />
  <memory-cardclean objects="54" bytes="1824" />
  <regions eden="35" other="2" />
  <remembered-set-cleared processed="82" cleared="4" durationms="0.132" />
  <stringconstants candidates="13319" cleared="0"  />
</gc-op>
<gc-op id="6020" type="classunload" timems="0.003" contextid="6016" timestamp="2019-06-15T00:49:50.061">
  <classunload-info classloadercandidates="53" classloadersunloaded="0" classesunloaded="0" anonymousclassesunloaded="0" quiescems="0.000" setupms="0.003" scanms="0.000" postms="0.000" />
</gc-op>
<gc-end id="6021" type="partial gc" contextid="6016" durationms="2.691" usertimems="4.000" systemtimems="0.000" timestamp="2019-06-15T00:49:50.061" activeThreads="1">
  <mem-info id="6022" free="70254592" total="120586240" percent="58">
    <mem type="eden" free="1048552" total="1048576" percent="99" />
    <remembered-set count="2528" freebytes="4803328" totalbytes="4813440" percent="99" regionsoverflowed="0" regionsstable="18" regionsrebuilding="0"/>
  </mem-info>
</gc-end>
<cycle-end id="6023" type="partial gc" contextid="6016" timestamp="2019-06-15T00:49:50.061" />
  <attribute name="elasticGC enabled" value="1" />
  <attribute name= "numThreadsSpecified" value="1" />
  <attribute name="heapSize specified" value="0" />
  <attribute name="Current GC Util" value="123" />
  <attribute name= "Current Time Running" value="26954" />
  <attribute name ="GC Interval" value="0" />
  <attribute name="ProportionalT" value="51.500000" />
  <attribute name="ProportionalI" value="51.500000" />
  <attribute name="ProportionalH" value="51.500000" />
  <attribute name="Current Error" value="103.000000" />
  <attribute name="IntegralT" value="0.000000" />
  <attribute name="IntegralI" value="0.000000" />
  <attribute name="IntegralH" value="0.000000" />
  <attribute name="DerivativeT" value="inf" />
  <attribute name="DerivativeI" value="inf" />
  <attribute name="DerivativeH" value="inf" />
  <attribute name="Loop Time for DT" value="0.000000" />
  <attribute name="Output H" value="8388608"/>
  <attribute name="Output I" value="200"/>
  <attribute name="Output T" value="1"/>
  <attribute name="Target GC Util Change" value ="20.000000" />
  <attribute name="Current GC Util Change" value="123.000000"/>
  <attribute name="GC Util currently" value="123" />
  <attribute name="CPU Util currently" value="7666746355026" />
<exclusive-end id="6024" timestamp="2019-06-15T00:49:50.061" durationms="3.690" />

<exclusive-start id="6025" timestamp="2019-06-15T00:49:50.072" intervalms="14.318">
  <response-info timems="0.074" idlems="0.074" threads="0" lastid="000000000118C700" lastname="main" />
</exclusive-start>
<allocation-taxation id="6026" taxation-threshold="36700160" timestamp="2019-06-15T00:49:50.072" intervalms="14.366" />
<cycle-start id="6027" type="partial gc" contextid="0" timestamp="2019-06-15T00:49:50.072" intervalms="14.420" />
<gc-start id="6028" type="partial gc" contextid="6027" timestamp="2019-06-15T00:49:50.073">
  <mem-info id="6029" free="33554432" total="120586240" percent="27">
    <mem type="eden" free="1048552" total="37748736" percent="2" />
    <remembered-set count="2112" freebytes="4804992" totalbytes="4813440" percent="99" regionsoverflowed="0" regionsstable="18" regionsrebuilding="0"/>
  </mem-info>
</gc-start>
<allocation-stats totalBytes="36577552" >
  <allocated-bytes non-tlh="0" tlh="36577552" arrayletleaf="0"/>
  <largest-consumer threadName="main" threadId="000000000118C700" bytes="36577552" />
</allocation-stats>
<gc-op id="6030" type="copy forward" timems="6.166" contextid="6027" timestamp="2019-06-15T00:49:50.080">
  <memory-copied type="eden" objects="1" bytes="24" bytesdiscarded="0" />
  <memory-copied type="other" objects="67" bytes="2872" bytesdiscarded="736" />
  <memory-cardclean objects="54" bytes="1824" />
  <regions eden="35" other="2" />
  <remembered-set-cleared processed="82" cleared="4" durationms="0.141" />
  <stringconstants candidates="13319" cleared="0"  />
</gc-op>
<gc-op id="6031" type="classunload" timems="0.003" contextid="6027" timestamp="2019-06-15T00:49:50.080">
  <classunload-info classloadercandidates="53" classloadersunloaded="0" classesunloaded="0" anonymousclassesunloaded="0" quiescems="0.000" setupms="0.003" scanms="0.000" postms="0.000" />
</gc-op>
<heap-resize id="6032" type="expand" space="default" amount="5242880" count="1" timems="0.058" reason="excessive time being spent in gc" timestamp="2019-06-15T00:49:50.080" />
<gc-end id="6033" type="partial gc" contextid="6027" durationms="7.795" usertimems="8.000" systemtimems="4.000" timestamp="2019-06-15T00:49:50.081" activeThreads="4">
  <mem-info id="6034" free="75497472" total="125829120" percent="60">
    <mem type="eden" free="1048552" total="1048576" percent="99" />
    <remembered-set count="2752" freebytes="5011712" totalbytes="5022720" percent="99" regionsoverflowed="0" regionsstable="18" regionsrebuilding="0"/>
  </mem-info>
</gc-end>
<cycle-end id="6035" type="partial gc" contextid="6027" timestamp="2019-06-15T00:49:50.081" />
  <attribute name="elasticGC enabled" value="1" />
  <attribute name= "numThreadsSpecified" value="4" />
  <attribute name="heapSize specified" value="0" />
  <attribute name="Current GC Util" value="227" />
  <attribute name= "Current Time Running" value="26969" />
  <attribute name ="GC Interval" value="0" />
  <attribute name="ProportionalT" value="103.500000" />
  <attribute name="ProportionalI" value="103.500000" />
  <attribute name="ProportionalH" value="103.500000" />
  <attribute name="Current Error" value="207.000000" />
  <attribute name="IntegralT" value="207.000000" />
  <attribute name="IntegralI" value="207.000000" />
  <attribute name="IntegralH" value="207.000000" />
  <attribute name="DerivativeT" value="103.500000" />
  <attribute name="DerivativeI" value="103.500000" />
  <attribute name="DerivativeH" value="103.500000" />
  <attribute name="Loop Time for DT" value="1.000000" />
  <attribute name="Output H" value="8388608"/>
  <attribute name="Output I" value="416"/>
  <attribute name="Output T" value="4"/>
  <attribute name="Target GC Util Change" value ="20.000000" />
  <attribute name="Current GC Util Change" value="227.000000"/>
  <attribute name="GC Util currently" value="227" />
  <attribute name="CPU Util currently" value="7427983651372" />
<exclusive-end id="6036" timestamp="2019-06-15T00:49:50.081" durationms="8.879" />

<exclusive-start id="6037" timestamp="2019-06-15T00:49:50.092" intervalms="19.815">
  <response-info timems="0.075" idlems="0.075" threads="0" lastid="000000000118C700" lastname="main" />
</exclusive-start>
<allocation-taxation id="6038" taxation-threshold="37748736" timestamp="2019-06-15T00:49:50.092" intervalms="19.819" />
<cycle-start id="6039" type="partial gc" contextid="0" timestamp="2019-06-15T00:49:50.092" intervalms="19.760" />
<gc-start id="6040" type="partial gc" contextid="6039" timestamp="2019-06-15T00:49:50.092">
  <mem-info id="6041" free="37748736" total="125829120" percent="30">
    <mem type="eden" free="1048552" total="38797312" percent="2" />
    <remembered-set count="2752" freebytes="5011712" totalbytes="5022720" percent="99" regionsoverflowed="0" regionsstable="18" regionsrebuilding="0"/>
  </mem-info>
</gc-start>
<allocation-stats totalBytes="37622672" >
  <allocated-bytes non-tlh="0" tlh="37622672" arrayletleaf="0"/>
  <largest-consumer threadName="main" threadId="000000000118C700" bytes="37622672" />
</allocation-stats>
<gc-op id="6042" type="copy forward" timems="1.351" contextid="6039" timestamp="2019-06-15T00:49:50.095">
  <memory-copied type="eden" objects="1" bytes="24" bytesdiscarded="0" />
  <memory-copied type="other" objects="67" bytes="2872" bytesdiscarded="0" />
  <memory-cardclean objects="54" bytes="1824" />
  <regions eden="36" other="2" />
  <remembered-set-cleared processed="82" cleared="4" durationms="0.136" />
  <stringconstants candidates="13319" cleared="0"  />
</gc-op>
<gc-op id="6043" type="classunload" timems="0.004" contextid="6039" timestamp="2019-06-15T00:49:50.095">
  <classunload-info classloadercandidates="53" classloadersunloaded="0" classesunloaded="0" anonymousclassesunloaded="0" quiescems="0.000" setupms="0.004" scanms="0.000" postms="0.000" />
</gc-op>
<gc-end id="6044" type="partial gc" contextid="6039" durationms="2.799" usertimems="4.000" systemtimems="0.000" timestamp="2019-06-15T00:49:50.095" activeThreads="1">
  <mem-info id="6045" free="75497472" total="125829120" percent="60">
    <mem type="eden" free="1048552" total="1048576" percent="99" />
    <remembered-set count="3072" freebytes="5010432" totalbytes="5022720" percent="99" regionsoverflowed="0" regionsstable="18" regionsrebuilding="0"/>
  </mem-info>
</gc-end>
<cycle-end id="6046" type="partial gc" contextid="6039" timestamp="2019-06-15T00:49:50.095" />
  <attribute name="elasticGC enabled" value="1" />
  <attribute name= "numThreadsSpecified" value="1" />
  <attribute name="heapSize specified" value="0" />
  <attribute name="Current GC Util" value="125" />
  <attribute name= "Current Time Running" value="26988" />
  <attribute name ="GC Interval" value="0" />
  <attribute name="ProportionalT" value="52.500000" />
  <attribute name="ProportionalI" value="52.500000" />
  <attribute name="ProportionalH" value="52.500000" />
  <attribute name="Current Error" value="105.000000" />
  <attribute name="IntegralT" value="0.000000" />
  <attribute name="IntegralI" value="0.000000" />
  <attribute name="IntegralH" value="0.000000" />
  <attribute name="DerivativeT" value="inf" />
  <attribute name="DerivativeI" value="inf" />
  <attribute name="DerivativeH" value="inf" />
  <attribute name="Loop Time for DT" value="0.000000" />
  <attribute name="Output H" value="8388608"/>
  <attribute name="Output I" value="200"/>
  <attribute name="Output T" value="1"/>
  <attribute name="Target GC Util Change" value ="20.000000" />
  <attribute name="Current GC Util Change" value="125.000000"/>
  <attribute name="GC Util currently" value="125" />
  <attribute name="CPU Util currently" value="7186546488445" />
<exclusive-end id="6047" timestamp="2019-06-15T00:49:50.096" durationms="3.785" />

<exclusive-start id="6048" timestamp="2019-06-15T00:49:50.106" intervalms="14.597">
  <response-info timems="0.075" idlems="0.075" threads="0" lastid="000000000118C700" lastname="main" />
</exclusive-start>
<allocation-taxation id="6049" taxation-threshold="37748736" timestamp="2019-06-15T00:49:50.107" intervalms="14.608" />
<cycle-start id="6050" type="partial gc" contextid="0" timestamp="2019-06-15T00:49:50.107" intervalms="14.623" />
<gc-start id="6051" type="partial gc" contextid="6050" timestamp="2019-06-15T00:49:50.107">
  <mem-info id="6052" free="37748736" total="125829120" percent="30">
    <mem type="eden" free="1048552" total="38797312" percent="2" />
    <remembered-set count="2656" freebytes="5012096" totalbytes="5022720" percent="99" regionsoverflowed="0" regionsstable="18" regionsrebuilding="0"/>
  </mem-info>
</gc-start>
<allocation-stats totalBytes="37622696" >
  <allocated-bytes non-tlh="0" tlh="37622696" arrayletleaf="0"/>
  <largest-consumer threadName="main" threadId="000000000118C700" bytes="37622696" />
</allocation-stats>
<gc-op id="6053" type="copy forward" timems="6.319" contextid="6050" timestamp="2019-06-15T00:49:50.114">
  <memory-copied type="eden" objects="1" bytes="24" bytesdiscarded="0" />
  <memory-copied type="other" objects="67" bytes="2872" bytesdiscarded="544" />
  <memory-cardclean objects="54" bytes="1824" />
  <regions eden="36" other="2" />
  <remembered-set-cleared processed="82" cleared="4" durationms="0.138" />
  <stringconstants candidates="13319" cleared="0"  />
</gc-op>
<gc-op id="6054" type="classunload" timems="0.004" contextid="6050" timestamp="2019-06-15T00:49:50.114">
  <classunload-info classloadercandidates="53" classloadersunloaded="0" classesunloaded="0" anonymousclassesunloaded="0" quiescems="0.000" setupms="0.004" scanms="0.000" postms="0.000" />
</gc-op>
<gc-end id="6055" type="partial gc" contextid="6050" durationms="7.719" usertimems="12.000" systemtimems="0.000" timestamp="2019-06-15T00:49:50.115" activeThreads="4">
  <mem-info id="6056" free="75497472" total="125829120" percent="60">
    <mem type="eden" free="1048552" total="1048576" percent="99" />
    <remembered-set count="2752" freebytes="5011712" totalbytes="5022720" percent="99" regionsoverflowed="0" regionsstable="18" regionsrebuilding="0"/>
  </mem-info>
</gc-end>
<cycle-end id="6057" type="partial gc" contextid="6050" timestamp="2019-06-15T00:49:50.115" />
  <attribute name="elasticGC enabled" value="1" />
  <attribute name= "numThreadsSpecified" value="4" />
  <attribute name="heapSize specified" value="0" />
  <attribute name="Current GC Util" value="226" />
  <attribute name= "Current Time Running" value="27003" />
  <attribute name ="GC Interval" value="0" />
  <attribute name="ProportionalT" value="103.000000" />
  <attribute name="ProportionalI" value="103.000000" />
  <attribute name="ProportionalH" value="103.000000" />
  <attribute name="Current Error" value="206.000000" />
  <attribute name="IntegralT" value="206.000000" />
  <attribute name="IntegralI" value="206.000000" />
  <attribute name="IntegralH" value="206.000000" />
  <attribute name="DerivativeT" value="103.000000" />
  <attribute name="DerivativeI" value="103.000000" />
  <attribute name="DerivativeH" value="103.000000" />
  <attribute name="Loop Time for DT" value="1.000000" />
  <attribute name="Output H" value="8388608"/>
  <attribute name="Output I" value="416"/>
  <attribute name="Output T" value="4"/>
  <attribute name="Target GC Util Change" value ="20.000000" />
  <attribute name="Current GC Util Change" value="226.000000"/>
  <attribute name="GC Util currently" value="226" />
  <attribute name="CPU Util currently" value="7253747343469" />
<exclusive-end id="6058" timestamp="2019-06-15T00:49:50.115" durationms="8.647" />

<exclusive-start id="6059" timestamp="2019-06-15T00:49:50.126" intervalms="19.772">
  <response-info timems="0.079" idlems="0.079" threads="0" lastid="000000000118C700" lastname="main" />
</exclusive-start>
<allocation-taxation id="6060" taxation-threshold="37748736" timestamp="2019-06-15T00:49:50.126" intervalms="19.771" />
<cycle-start id="6061" type="partial gc" contextid="0" timestamp="2019-06-15T00:49:50.127" intervalms="19.769" />
<gc-start id="6062" type="partial gc" contextid="6061" timestamp="2019-06-15T00:49:50.127">
  <mem-info id="6063" free="37748736" total="125829120" percent="30">
    <mem type="eden" free="1048552" total="38797312" percent="2" />
    <remembered-set count="2272" freebytes="5013632" totalbytes="5022720" percent="99" regionsoverflowed="0" regionsstable="18" regionsrebuilding="0"/>
  </mem-info>
</gc-start>
<allocation-stats totalBytes="37622696" >
  <allocated-bytes non-tlh="0" tlh="37622696" arrayletleaf="0"/>
  <largest-consumer threadName="main" threadId="000000000118C700" bytes="37622696" />
</allocation-stats>
<gc-op id="6064" type="copy forward" timems="3.236" contextid="6061" timestamp="2019-06-15T00:49:50.131">
  <memory-copied type="eden" objects="1" bytes="24" bytesdiscarded="0" />
  <memory-copied type="other" objects="67" bytes="2872" bytesdiscarded="520" />
  <memory-cardclean objects="54" bytes="1824" />
  <regions eden="36" other="2" />
  <remembered-set-cleared processed="82" cleared="4" durationms="0.138" />
  <stringconstants candidates="13319" cleared="0"  />
</gc-op>
<gc-op id="6065" type="classunload" timems="0.003" contextid="6061" timestamp="2019-06-15T00:49:50.131">
  <classunload-info classloadercandidates="53" classloadersunloaded="0" classesunloaded="0" anonymousclassesunloaded="0" quiescems="0.000" setupms="0.003" scanms="0.000" postms="0.000" />
</gc-op>
<gc-end id="6066" type="partial gc" contextid="6061" durationms="4.765" usertimems="4.000" systemtimems="0.000" timestamp="2019-06-15T00:49:50.132" activeThreads="4">
  <mem-info id="6067" free="75497472" total="125829120" percent="60">
    <mem type="eden" free="1048552" total="1048576" percent="99" />
    <remembered-set count="2240" freebytes="5013760" totalbytes="5022720" percent="99" regionsoverflowed="0" regionsstable="18" regionsrebuilding="0"/>
  </mem-info>
</gc-end>
<cycle-end id="6068" type="partial gc" contextid="6061" timestamp="2019-06-15T00:49:50.132" />
  <attribute name="elasticGC enabled" value="1" />
  <attribute name= "numThreadsSpecified" value="4" />
  <attribute name="heapSize specified" value="0" />
  <attribute name="Current GC Util" value="121" />
  <attribute name= "Current Time Running" value="27023" />
  <attribute name ="GC Interval" value="0" />
  <attribute name="ProportionalT" value="50.500000" />
  <attribute name="ProportionalI" value="50.500000" />
  <attribute name="ProportionalH" value="50.500000" />
  <attribute name="Current Error" value="101.000000" />
  <attribute name="IntegralT" value="101.000000" />
  <attribute name="IntegralI" value="101.000000" />
  <attribute name="IntegralH" value="101.000000" />
  <attribute name="DerivativeT" value="34.500000" />
  <attribute name="DerivativeI" value="34.500000" />
  <attribute name="DerivativeH" value="34.500000" />
  <attribute name="Loop Time for DT" value="1.000000" />
  <attribute name="Output H" value="8388608"/>
  <attribute name="Output I" value="200"/>
  <attribute name="Output T" value="4"/>
  <attribute name="Target GC Util Change" value ="20.000000" />
  <attribute name="Current GC Util Change" value="121.000000"/>
  <attribute name="GC Util currently" value="121" />
  <attribute name="CPU Util currently" value="7253290993315" />
<exclusive-end id="6069" timestamp="2019-06-15T00:49:50.132" durationms="5.761" />

<exclusive-start id="6070" timestamp="2019-06-15T00:49:50.143" intervalms="16.714">
  <response-info timems="0.078" idlems="0.078" threads="0" lastid="000000000118C700" lastname="main" />
</exclusive-start>
<allocation-taxation id="6071" taxation-threshold="37748736" timestamp="2019-06-15T00:49:50.143" intervalms="16.726" />
<cycle-start id="6072" type="partial gc" contextid="0" timestamp="2019-06-15T00:49:50.143" intervalms="16.744" />
<gc-start id="6073" type="partial gc" contextid="6072" timestamp="2019-06-15T00:49:50.144">
  <mem-info id="6074" free="37748736" total="125829120" percent="30">
    <mem type="eden" free="1048552" total="38797312" percent="2" />
    <remembered-set count="1792" freebytes="5015552" totalbytes="5022720" percent="99" regionsoverflowed="0" regionsstable="18" regionsrebuilding="0"/>
  </mem-info>
</gc-start>
<allocation-stats totalBytes="37622672" >
  <allocated-bytes non-tlh="0" tlh="37622672" arrayletleaf="0"/>
  <largest-consumer threadName="main" threadId="000000000118C700" bytes="37622672" />
</allocation-stats>
<gc-op id="6075" type="copy forward" timems="1.307" contextid="6072" timestamp="2019-06-15T00:49:50.146">
  <memory-copied type="eden" objects="1" bytes="24" bytesdiscarded="0" />
  <memory-copied type="other" objects="67" bytes="2872" bytesdiscarded="0" />
  <memory-cardclean objects="54" bytes="1824" />
  <regions eden="36" other="2" />
  <remembered-set-cleared processed="82" cleared="4" durationms="0.133" />
  <stringconstants candidates="13319" cleared="0"  />
</gc-op>
<gc-op id="6076" type="classunload" timems="0.004" contextid="6072" timestamp="2019-06-15T00:49:50.146">
  <classunload-info classloadercandidates="53" classloadersunloaded="0" classesunloaded="0" anonymousclassesunloaded="0" quiescems="0.000" setupms="0.004" scanms="0.000" postms="0.000" />
</gc-op>
<gc-end id="6077" type="partial gc" contextid="6072" durationms="2.673" usertimems="4.000" systemtimems="0.000" timestamp="2019-06-15T00:49:50.146" activeThreads="1">
  <mem-info id="6078" free="75497472" total="125829120" percent="60">
    <mem type="eden" free="1048552" total="1048576" percent="99" />
    <remembered-set count="2208" freebytes="5013888" totalbytes="5022720" percent="99" regionsoverflowed="0" regionsstable="18" regionsrebuilding="0"/>
  </mem-info>
</gc-end>
<cycle-end id="6079" type="partial gc" contextid="6072" timestamp="2019-06-15T00:49:50.146" />
  <attribute name="elasticGC enabled" value="1" />
  <attribute name= "numThreadsSpecified" value="1" />
  <attribute name="heapSize specified" value="0" />
  <attribute name="Current GC Util" value="123" />
  <attribute name= "Current Time Running" value="27039" />
  <attribute name ="GC Interval" value="0" />
  <attribute name="ProportionalT" value="51.500000" />
  <attribute name="ProportionalI" value="51.500000" />
  <attribute name="ProportionalH" value="51.500000" />
  <attribute name="Current Error" value="103.000000" />
  <attribute name="IntegralT" value="0.000000" />
  <attribute name="IntegralI" value="0.000000" />
  <attribute name="IntegralH" value="0.000000" />
  <attribute name="DerivativeT" value="inf" />
  <attribute name="DerivativeI" value="inf" />
  <attribute name="DerivativeH" value="inf" />
  <attribute name="Loop Time for DT" value="0.000000" />
  <attribute name="Output H" value="8388608"/>
  <attribute name="Output I" value="200"/>
  <attribute name="Output T" value="1"/>
  <attribute name="Target GC Util Change" value ="20.000000" />
  <attribute name="Current GC Util Change" value="123.000000"/>
  <attribute name="GC Util currently" value="123" />
  <attribute name="CPU Util currently" value="7667625905342" />
<exclusive-end id="6080" timestamp="2019-06-15T00:49:50.147" durationms="3.622" />

<exclusive-start id="6081" timestamp="2019-06-15T00:49:50.158" intervalms="14.637">
  <response-info timems="0.070" idlems="0.070" threads="0" lastid="000000000118C700" lastname="main" />
</exclusive-start>
<allocation-taxation id="6082" taxation-threshold="37748736" timestamp="2019-06-15T00:49:50.158" intervalms="14.547" />
<cycle-start id="6083" type="partial gc" contextid="0" timestamp="2019-06-15T00:49:50.158" intervalms="14.484" />
<gc-start id="6084" type="partial gc" contextid="6083" timestamp="2019-06-15T00:49:50.158">
  <mem-info id="6085" free="37748736" total="125829120" percent="30">
    <mem type="eden" free="1048552" total="38797312" percent="2" />
    <remembered-set count="1792" freebytes="5015552" totalbytes="5022720" percent="99" regionsoverflowed="0" regionsstable="18" regionsrebuilding="0"/>
  </mem-info>
</gc-start>
<allocation-stats totalBytes="37622696" >
  <allocated-bytes non-tlh="0" tlh="37622696" arrayletleaf="0"/>
  <largest-consumer threadName="main" threadId="000000000118C700" bytes="37622696" />
</allocation-stats>
<gc-op id="6086" type="copy forward" timems="5.888" contextid="6083" timestamp="2019-06-15T00:49:50.165">
  <memory-copied type="eden" objects="1" bytes="24" bytesdiscarded="0" />
  <memory-copied type="other" objects="67" bytes="2872" bytesdiscarded="544" />
  <memory-cardclean objects="54" bytes="1824" />
  <regions eden="36" other="2" />
  <remembered-set-cleared processed="82" cleared="4" durationms="0.141" />
  <stringconstants candidates="13319" cleared="0"  />
</gc-op>
<gc-op id="6087" type="classunload" timems="0.003" contextid="6083" timestamp="2019-06-15T00:49:50.165">
  <classunload-info classloadercandidates="53" classloadersunloaded="0" classesunloaded="0" anonymousclassesunloaded="0" quiescems="0.000" setupms="0.003" scanms="0.000" postms="0.000" />
</gc-op>
<gc-end id="6088" type="partial gc" contextid="6083" durationms="7.340" usertimems="8.000" systemtimems="0.000" timestamp="2019-06-15T00:49:50.165" activeThreads="4">
  <mem-info id="6089" free="75497472" total="125829120" percent="60">
    <mem type="eden" free="1048552" total="1048576" percent="99" />
    <remembered-set count="2752" freebytes="5011712" totalbytes="5022720" percent="99" regionsoverflowed="0" regionsstable="18" regionsrebuilding="0"/>
  </mem-info>
</gc-end>
<cycle-end id="6090" type="partial gc" contextid="6083" timestamp="2019-06-15T00:49:50.165" />
  <attribute name="elasticGC enabled" value="1" />
  <attribute name= "numThreadsSpecified" value="4" />
  <attribute name="heapSize specified" value="0" />
  <attribute name="Current GC Util" value="230" />
  <attribute name= "Current Time Running" value="27054" />
  <attribute name ="GC Interval" value="0" />
  <attribute name="ProportionalT" value="105.000000" />
  <attribute name="ProportionalI" value="105.000000" />
  <attribute name="ProportionalH" value="105.000000" />
  <attribute name="Current Error" value="210.000000" />
  <attribute name="IntegralT" value="210.000000" />
  <attribute name="IntegralI" value="210.000000" />
  <attribute name="IntegralH" value="210.000000" />
  <attribute name="DerivativeT" value="105.000000" />
  <attribute name="DerivativeI" value="105.000000" />
  <attribute name="DerivativeH" value="105.000000" />
  <attribute name="Loop Time for DT" value="1.000000" />
  <attribute name="Output H" value="8388608"/>
  <attribute name="Output I" value="424"/>
  <attribute name="Output T" value="4"/>
  <attribute name="Target GC Util Change" value ="20.000000" />
  <attribute name="Current GC Util Change" value="230.000000"/>
  <attribute name="GC Util currently" value="230" />
  <attribute name="CPU Util currently" value="7045173350354" />
<exclusive-end id="6091" timestamp="2019-06-15T00:49:50.166" durationms="8.164" />

<exclusive-start id="6092" timestamp="2019-06-15T00:49:50.177" intervalms="19.163">
  <response-info timems="0.068" idlems="0.068" threads="0" lastid="000000000118C700" lastname="main" />
</exclusive-start>
<allocation-taxation id="6093" taxation-threshold="37748736" timestamp="2019-06-15T00:49:50.177" intervalms="19.199" />
<cycle-start id="6094" type="partial gc" contextid="0" timestamp="2019-06-15T00:49:50.177" intervalms="19.275" />
<gc-start id="6095" type="partial gc" contextid="6094" timestamp="2019-06-15T00:49:50.177">
  <mem-info id="6096" free="37748736" total="125829120" percent="30">
    <mem type="eden" free="1048552" total="38797312" percent="2" />
    <remembered-set count="2272" freebytes="5013632" totalbytes="5022720" percent="99" regionsoverflowed="0" regionsstable="18" regionsrebuilding="0"/>
  </mem-info>
</gc-start>
<allocation-stats totalBytes="37622672" >
  <allocated-bytes non-tlh="0" tlh="37622672" arrayletleaf="0"/>
  <largest-consumer threadName="main" threadId="000000000118C700" bytes="37622672" />
</allocation-stats>
<gc-op id="6097" type="copy forward" timems="1.383" contextid="6094" timestamp="2019-06-15T00:49:50.180">
  <memory-copied type="eden" objects="1" bytes="24" bytesdiscarded="0" />
  <memory-copied type="other" objects="67" bytes="2872" bytesdiscarded="0" />
  <memory-cardclean objects="54" bytes="1824" />
  <regions eden="36" other="2" />
  <remembered-set-cleared processed="82" cleared="4" durationms="0.136" />
  <stringconstants candidates="13319" cleared="0"  />
</gc-op>
<gc-op id="6098" type="classunload" timems="0.004" contextid="6094" timestamp="2019-06-15T00:49:50.180">
  <classunload-info classloadercandidates="53" classloadersunloaded="0" classesunloaded="0" anonymousclassesunloaded="0" quiescems="0.000" setupms="0.004" scanms="0.000" postms="0.000" />
</gc-op>
<gc-end id="6099" type="partial gc" contextid="6094" durationms="2.811" usertimems="4.000" systemtimems="0.000" timestamp="2019-06-15T00:49:50.180" activeThreads="1">
  <mem-info id="6100" free="75497472" total="125829120" percent="60">
    <mem type="eden" free="1048552" total="1048576" percent="99" />
    <remembered-set count="2592" freebytes="5012352" totalbytes="5022720" percent="99" regionsoverflowed="0" regionsstable="18" regionsrebuilding="0"/>
  </mem-info>
</gc-end>
<cycle-end id="6101" type="partial gc" contextid="6094" timestamp="2019-06-15T00:49:50.180" />
  <attribute name="elasticGC enabled" value="1" />
  <attribute name= "numThreadsSpecified" value="1" />
  <attribute name="heapSize specified" value="0" />
  <attribute name="Current GC Util" value="122" />
  <attribute name= "Current Time Running" value="27073" />
  <attribute name ="GC Interval" value="0" />
  <attribute name="ProportionalT" value="51.000000" />
  <attribute name="ProportionalI" value="51.000000" />
  <attribute name="ProportionalH" value="51.000000" />
  <attribute name="Current Error" value="102.000000" />
  <attribute name="IntegralT" value="0.000000" />
  <attribute name="IntegralI" value="0.000000" />
  <attribute name="IntegralH" value="0.000000" />
  <attribute name="DerivativeT" value="inf" />
  <attribute name="DerivativeI" value="inf" />
  <attribute name="DerivativeH" value="inf" />
  <attribute name="Loop Time for DT" value="0.000000" />
  <attribute name="Output H" value="8388608"/>
  <attribute name="Output I" value="200"/>
  <attribute name="Output T" value="1"/>
  <attribute name="Target GC Util Change" value ="20.000000" />
  <attribute name="Current GC Util Change" value="122.000000"/>
  <attribute name="GC Util currently" value="122" />
  <attribute name="CPU Util currently" value="7518064362410" />
<exclusive-end id="6102" timestamp="2019-06-15T00:49:50.181" durationms="3.801" />

<exclusive-start id="6103" timestamp="2019-06-15T00:49:50.192" intervalms="14.847">
  <response-info timems="0.068" idlems="0.068" threads="0" lastid="000000000118C700" lastname="main" />
</exclusive-start>
<allocation-taxation id="6104" taxation-threshold="37748736" timestamp="2019-06-15T00:49:50.192" intervalms="14.855" />
<cycle-start id="6105" type="partial gc" contextid="0" timestamp="2019-06-15T00:49:50.192" intervalms="14.860" />
<gc-start id="6106" type="partial gc" contextid="6105" timestamp="2019-06-15T00:49:50.192">
  <mem-info id="6107" free="37748736" total="125829120" percent="30">
    <mem type="eden" free="1048552" total="38797312" percent="2" />
    <remembered-set count="2176" freebytes="5014016" totalbytes="5022720" percent="99" regionsoverflowed="0" regionsstable="18" regionsrebuilding="0"/>
  </mem-info>
</gc-start>
<allocation-stats totalBytes="37622696" >
  <allocated-bytes non-tlh="0" tlh="37622696" arrayletleaf="0"/>
  <largest-consumer threadName="main" threadId="000000000118C700" bytes="37622696" />
</allocation-stats>
<gc-op id="6108" type="copy forward" timems="5.941" contextid="6105" timestamp="2019-06-15T00:49:50.199">
  <memory-copied type="eden" objects="1" bytes="24" bytesdiscarded="0" />
  <memory-copied type="other" objects="67" bytes="2872" bytesdiscarded="1048" />
  <memory-cardclean objects="54" bytes="1824" />
  <regions eden="36" other="2" />
  <remembered-set-cleared processed="82" cleared="4" durationms="0.141" />
  <stringconstants candidates="13319" cleared="0"  />
</gc-op>
<gc-op id="6109" type="classunload" timems="0.003" contextid="6105" timestamp="2019-06-15T00:49:50.199">
  <classunload-info classloadercandidates="53" classloadersunloaded="0" classesunloaded="0" anonymousclassesunloaded="0" quiescems="0.000" setupms="0.003" scanms="0.000" postms="0.000" />
</gc-op>
<gc-end id="6110" type="partial gc" contextid="6105" durationms="7.417" usertimems="4.000" systemtimems="4.000" timestamp="2019-06-15T00:49:50.200" activeThreads="4">
  <mem-info id="6111" free="75497472" total="125829120" percent="60">
    <mem type="eden" free="1048552" total="1048576" percent="99" />
    <remembered-set count="2752" freebytes="5011712" totalbytes="5022720" percent="99" regionsoverflowed="0" regionsstable="18" regionsrebuilding="0"/>
  </mem-info>
</gc-end>
<cycle-end id="6112" type="partial gc" contextid="6105" timestamp="2019-06-15T00:49:50.200" />
  <attribute name="elasticGC enabled" value="1" />
  <attribute name= "numThreadsSpecified" value="4" />
  <attribute name="heapSize specified" value="0" />
  <attribute name="Current GC Util" value="241" />
  <attribute name= "Current Time Running" value="27088" />
  <attribute name ="GC Interval" value="0" />
  <attribute name="ProportionalT" value="110.500000" />
  <attribute name="ProportionalI" value="110.500000" />
  <attribute name="ProportionalH" value="110.500000" />
  <attribute name="Current Error" value="221.000000" />
  <attribute name="IntegralT" value="221.000000" />
  <attribute name="IntegralI" value="221.000000" />
  <attribute name="IntegralH" value="221.000000" />
  <attribute name="DerivativeT" value="110.500000" />
  <attribute name="DerivativeI" value="110.500000" />
  <attribute name="DerivativeH" value="110.500000" />
  <attribute name="Loop Time for DT" value="1.000000" />
  <attribute name="Output H" value="8388608"/>
  <attribute name="Output I" value="448"/>
  <attribute name="Output T" value="4"/>
  <attribute name="Target GC Util Change" value ="20.000000" />
  <attribute name="Current GC Util Change" value="241.000000"/>
  <attribute name="GC Util currently" value="241" />
  <attribute name="CPU Util currently" value="7158835341352" />
<exclusive-end id="6113" timestamp="2019-06-15T00:49:50.200" durationms="8.385" />

<exclusive-start id="6114" timestamp="2019-06-15T00:49:50.211" intervalms="19.476">
  <response-info timems="0.067" idlems="0.067" threads="0" lastid="000000000118C700" lastname="main" />
</exclusive-start>
<allocation-taxation id="6115" taxation-threshold="37748736" timestamp="2019-06-15T00:49:50.211" intervalms="19.476" />
<cycle-start id="6116" type="partial gc" contextid="0" timestamp="2019-06-15T00:49:50.211" intervalms="19.490" />
<gc-start id="6117" type="partial gc" contextid="6116" timestamp="2019-06-15T00:49:50.212">
  <mem-info id="6118" free="37748736" total="125829120" percent="30">
    <mem type="eden" free="1048552" total="38797312" percent="2" />
    <remembered-set count="2272" freebytes="5013632" totalbytes="5022720" percent="99" regionsoverflowed="0" regionsstable="18" regionsrebuilding="0"/>
  </mem-info>
</gc-start>
<allocation-stats totalBytes="37622672" >
  <allocated-bytes non-tlh="0" tlh="37622672" arrayletleaf="0"/>
  <largest-consumer threadName="main" threadId="000000000118C700" bytes="37622672" />
</allocation-stats>
<gc-op id="6119" type="copy forward" timems="3.265" contextid="6116" timestamp="2019-06-15T00:49:50.216">
  <memory-copied type="eden" objects="1" bytes="24" bytesdiscarded="0" />
  <memory-copied type="other" objects="67" bytes="2872" bytesdiscarded="520" />
  <memory-cardclean objects="54" bytes="1824" />
  <regions eden="36" other="2" />
  <remembered-set-cleared processed="82" cleared="4" durationms="0.141" />
  <stringconstants candidates="13319" cleared="0"  />
</gc-op>
<gc-op id="6120" type="classunload" timems="0.004" contextid="6116" timestamp="2019-06-15T00:49:50.216">
  <classunload-info classloadercandidates="53" classloadersunloaded="0" classesunloaded="0" anonymousclassesunloaded="0" quiescems="0.000" setupms="0.004" scanms="0.000" postms="0.000" />
</gc-op>
<gc-end id="6121" type="partial gc" contextid="6116" durationms="4.724" usertimems="4.000" systemtimems="4.000" timestamp="2019-06-15T00:49:50.216" activeThreads="4">
  <mem-info id="6122" free="75497472" total="125829120" percent="60">
    <mem type="eden" free="1048552" total="1048576" percent="99" />
    <remembered-set count="1728" freebytes="5015808" totalbytes="5022720" percent="99" regionsoverflowed="0" regionsstable="18" regionsrebuilding="0"/>
  </mem-info>
</gc-end>
<cycle-end id="6123" type="partial gc" contextid="6116" timestamp="2019-06-15T00:49:50.217" />
  <attribute name="elasticGC enabled" value="1" />
  <attribute name= "numThreadsSpecified" value="4" />
  <attribute name="heapSize specified" value="0" />
  <attribute name="Current GC Util" value="123" />
  <attribute name= "Current Time Running" value="27108" />
  <attribute name ="GC Interval" value="0" />
  <attribute name="ProportionalT" value="51.500000" />
  <attribute name="ProportionalI" value="51.500000" />
  <attribute name="ProportionalH" value="51.500000" />
  <attribute name="Current Error" value="103.000000" />
  <attribute name="IntegralT" value="103.000000" />
  <attribute name="IntegralI" value="103.000000" />
  <attribute name="IntegralH" value="103.000000" />
  <attribute name="DerivativeT" value="36.500000" />
  <attribute name="DerivativeI" value="36.500000" />
  <attribute name="DerivativeH" value="36.500000" />
  <attribute name="Loop Time for DT" value="1.000000" />
  <attribute name="Output H" value="8388608"/>
  <attribute name="Output I" value="200"/>
  <attribute name="Output T" value="4"/>
  <attribute name="Target GC Util Change" value ="20.000000" />
  <attribute name="Current GC Util Change" value="123.000000"/>
  <attribute name="GC Util currently" value="123" />
  <attribute name="CPU Util currently" value="7512528682916" />
<exclusive-end id="6124" timestamp="2019-06-15T00:49:50.217" durationms="5.706" />

<exclusive-start id="6125" timestamp="2019-06-15T00:49:50.228" intervalms="16.700">
  <response-info timems="0.072" idlems="0.072" threads="0" lastid="000000000118C700" lastname="main" />
</exclusive-start>
<allocation-taxation id="6126" taxation-threshold="37748736" timestamp="2019-06-15T00:49:50.228" intervalms="16.687" />
<cycle-start id="6127" type="partial gc" contextid="0" timestamp="2019-06-15T00:49:50.228" intervalms="16.679" />
<gc-start id="6128" type="partial gc" contextid="6127" timestamp="2019-06-15T00:49:50.228">
  <mem-info id="6129" free="37748736" total="125829120" percent="30">
    <mem type="eden" free="1048552" total="38797312" percent="2" />
    <remembered-set count="1312" freebytes="5017472" totalbytes="5022720" percent="99" regionsoverflowed="0" regionsstable="18" regionsrebuilding="0"/>
  </mem-info>
</gc-start>
<allocation-stats totalBytes="37622696" >
  <allocated-bytes non-tlh="0" tlh="37622696" arrayletleaf="0"/>
  <largest-consumer threadName="main" threadId="000000000118C700" bytes="37622696" />
</allocation-stats>
<gc-op id="6130" type="copy forward" timems="1.365" contextid="6127" timestamp="2019-06-15T00:49:50.231">
  <memory-copied type="eden" objects="1" bytes="24" bytesdiscarded="0" />
  <memory-copied type="other" objects="67" bytes="2872" bytesdiscarded="0" />
  <memory-cardclean objects="54" bytes="1824" />
  <regions eden="36" other="2" />
  <remembered-set-cleared processed="82" cleared="4" durationms="0.136" />
  <stringconstants candidates="13319" cleared="0"  />
</gc-op>
<gc-op id="6131" type="classunload" timems="0.004" contextid="6127" timestamp="2019-06-15T00:49:50.231">
  <classunload-info classloadercandidates="53" classloadersunloaded="0" classesunloaded="0" anonymousclassesunloaded="0" quiescems="0.000" setupms="0.004" scanms="0.000" postms="0.000" />
</gc-op>
<gc-end id="6132" type="partial gc" contextid="6127" durationms="2.773" usertimems="0.000" systemtimems="0.000" timestamp="2019-06-15T00:49:50.231" activeThreads="1">
  <mem-info id="6133" free="75497472" total="125829120" percent="60">
    <mem type="eden" free="1048552" total="1048576" percent="99" />
    <remembered-set count="1728" freebytes="5015808" totalbytes="5022720" percent="99" regionsoverflowed="0" regionsstable="18" regionsrebuilding="0"/>
  </mem-info>
</gc-end>
<cycle-end id="6134" type="partial gc" contextid="6127" timestamp="2019-06-15T00:49:50.231" />
  <attribute name="elasticGC enabled" value="1" />
  <attribute name= "numThreadsSpecified" value="1" />
  <attribute name="heapSize specified" value="0" />
  <attribute name="Current GC Util" value="122" />
  <attribute name= "Current Time Running" value="27124" />
  <attribute name ="GC Interval" value="0" />
  <attribute name="ProportionalT" value="51.000000" />
  <attribute name="ProportionalI" value="51.000000" />
  <attribute name="ProportionalH" value="51.000000" />
  <attribute name="Current Error" value="102.000000" />
  <attribute name="IntegralT" value="0.000000" />
  <attribute name="IntegralI" value="0.000000" />
  <attribute name="IntegralH" value="0.000000" />
  <attribute name="DerivativeT" value="inf" />
  <attribute name="DerivativeI" value="inf" />
  <attribute name="DerivativeH" value="inf" />
  <attribute name="Loop Time for DT" value="0.000000" />
  <attribute name="Output H" value="8388608"/>
  <attribute name="Output I" value="200"/>
  <attribute name="Output T" value="1"/>
  <attribute name="Target GC Util Change" value ="20.000000" />
  <attribute name="Current GC Util Change" value="122.000000"/>
  <attribute name="GC Util currently" value="122" />
  <attribute name="CPU Util currently" value="7516226395794" />
<exclusive-end id="6135" timestamp="2019-06-15T00:49:50.232" durationms="3.816" />

<exclusive-start id="6136" timestamp="2019-06-15T00:49:50.243" intervalms="14.834">
  <response-info timems="0.073" idlems="0.073" threads="0" lastid="000000000118C700" lastname="main" />
</exclusive-start>
<allocation-taxation id="6137" taxation-threshold="37748736" timestamp="2019-06-15T00:49:50.243" intervalms="14.843" />
<cycle-start id="6138" type="partial gc" contextid="0" timestamp="2019-06-15T00:49:50.243" intervalms="14.787" />
<gc-start id="6139" type="partial gc" contextid="6138" timestamp="2019-06-15T00:49:50.243">
  <mem-info id="6140" free="37748736" total="125829120" percent="30">
    <mem type="eden" free="1048552" total="38797312" percent="2" />
    <remembered-set count="1312" freebytes="5017472" totalbytes="5022720" percent="99" regionsoverflowed="0" regionsstable="18" regionsrebuilding="0"/>
  </mem-info>
</gc-start>
<allocation-stats totalBytes="37622672" >
  <allocated-bytes non-tlh="0" tlh="37622672" arrayletleaf="0"/>
  <largest-consumer threadName="main" threadId="000000000118C700" bytes="37622672" />
</allocation-stats>
<gc-op id="6141" type="copy forward" timems="5.905" contextid="6138" timestamp="2019-06-15T00:49:50.250">
  <memory-copied type="eden" objects="1" bytes="24" bytesdiscarded="0" />
  <memory-copied type="other" objects="67" bytes="2872" bytesdiscarded="736" />
  <memory-cardclean objects="54" bytes="1824" />
  <regions eden="36" other="2" />
  <remembered-set-cleared processed="82" cleared="4" durationms="0.140" />
  <stringconstants candidates="13319" cleared="0"  />
</gc-op>
<gc-op id="6142" type="classunload" timems="0.004" contextid="6138" timestamp="2019-06-15T00:49:50.250">
  <classunload-info classloadercandidates="53" classloadersunloaded="0" classesunloaded="0" anonymousclassesunloaded="0" quiescems="0.000" setupms="0.004" scanms="0.000" postms="0.000" />
</gc-op>
<gc-end id="6143" type="partial gc" contextid="6138" durationms="7.240" usertimems="12.000" systemtimems="0.000" timestamp="2019-06-15T00:49:50.250" activeThreads="4">
  <mem-info id="6144" free="75497472" total="125829120" percent="60">
    <mem type="eden" free="1048552" total="1048576" percent="99" />
    <remembered-set count="2240" freebytes="5013760" totalbytes="5022720" percent="99" regionsoverflowed="0" regionsstable="18" regionsrebuilding="0"/>
  </mem-info>
</gc-end>
<cycle-end id="6145" type="partial gc" contextid="6138" timestamp="2019-06-15T00:49:50.251" />
  <attribute name="elasticGC enabled" value="1" />
  <attribute name= "numThreadsSpecified" value="4" />
  <attribute name="heapSize specified" value="0" />
  <attribute name="Current GC Util" value="226" />
  <attribute name= "Current Time Running" value="27139" />
  <attribute name ="GC Interval" value="0" />
  <attribute name="ProportionalT" value="103.000000" />
  <attribute name="ProportionalI" value="103.000000" />
  <attribute name="ProportionalH" value="103.000000" />
  <attribute name="Current Error" value="206.000000" />
  <attribute name="IntegralT" value="206.000000" />
  <attribute name="IntegralI" value="206.000000" />
  <attribute name="IntegralH" value="206.000000" />
  <attribute name="DerivativeT" value="103.000000" />
  <attribute name="DerivativeI" value="103.000000" />
  <attribute name="DerivativeH" value="103.000000" />
  <attribute name="Loop Time for DT" value="1.000000" />
  <attribute name="Output H" value="8388608"/>
  <attribute name="Output I" value="416"/>
  <attribute name="Output T" value="4"/>
  <attribute name="Target GC Util Change" value ="20.000000" />
  <attribute name="Current GC Util Change" value="226.000000"/>
  <attribute name="GC Util currently" value="226" />
  <attribute name="CPU Util currently" value="7230206404515" />
<exclusive-end id="6146" timestamp="2019-06-15T00:49:50.251" durationms="8.203" />

<exclusive-start id="6147" timestamp="2019-06-15T00:49:50.262" intervalms="19.241">
  <response-info timems="0.072" idlems="0.072" threads="0" lastid="000000000118C700" lastname="main" />
</exclusive-start>
<allocation-taxation id="6148" taxation-threshold="37748736" timestamp="2019-06-15T00:49:50.262" intervalms="19.251" />
<cycle-start id="6149" type="partial gc" contextid="0" timestamp="2019-06-15T00:49:50.262" intervalms="19.306" />
<gc-start id="6150" type="partial gc" contextid="6149" timestamp="2019-06-15T00:49:50.262">
  <mem-info id="6151" free="37748736" total="125829120" percent="30">
    <mem type="eden" free="1048552" total="38797312" percent="2" />
    <remembered-set count="1792" freebytes="5015552" totalbytes="5022720" percent="99" regionsoverflowed="0" regionsstable="18" regionsrebuilding="0"/>
  </mem-info>
</gc-start>
<allocation-stats totalBytes="37622696" >
  <allocated-bytes non-tlh="0" tlh="37622696" arrayletleaf="0"/>
  <largest-consumer threadName="main" threadId="000000000118C700" bytes="37622696" />
</allocation-stats>
<gc-op id="6152" type="copy forward" timems="1.348" contextid="6149" timestamp="2019-06-15T00:49:50.265">
  <memory-copied type="eden" objects="1" bytes="24" bytesdiscarded="0" />
  <memory-copied type="other" objects="67" bytes="2872" bytesdiscarded="0" />
  <memory-cardclean objects="54" bytes="1824" />
  <regions eden="36" other="2" />
  <remembered-set-cleared processed="82" cleared="4" durationms="0.136" />
  <stringconstants candidates="13319" cleared="0"  />
</gc-op>
<gc-op id="6153" type="classunload" timems="0.003" contextid="6149" timestamp="2019-06-15T00:49:50.265">
  <classunload-info classloadercandidates="53" classloadersunloaded="0" classesunloaded="0" anonymousclassesunloaded="0" quiescems="0.000" setupms="0.003" scanms="0.000" postms="0.000" />
</gc-op>
<gc-end id="6154" type="partial gc" contextid="6149" durationms="2.785" usertimems="0.000" systemtimems="0.000" timestamp="2019-06-15T00:49:50.265" activeThreads="1">
  <mem-info id="6155" free="75497472" total="125829120" percent="60">
    <mem type="eden" free="1048552" total="1048576" percent="99" />
    <remembered-set count="2080" freebytes="5014400" totalbytes="5022720" percent="99" regionsoverflowed="0" regionsstable="18" regionsrebuilding="0"/>
  </mem-info>
</gc-end>
<cycle-end id="6156" type="partial gc" contextid="6149" timestamp="2019-06-15T00:49:50.265" />
  <attribute name="elasticGC enabled" value="1" />
  <attribute name= "numThreadsSpecified" value="1" />
  <attribute name="heapSize specified" value="0" />
  <attribute name="Current GC Util" value="122" />
  <attribute name= "Current Time Running" value="27158" />
  <attribute name ="GC Interval" value="0" />
  <attribute name="ProportionalT" value="51.000000" />
  <attribute name="ProportionalI" value="51.000000" />
  <attribute name="ProportionalH" value="51.000000" />
  <attribute name="Current Error" value="102.000000" />
  <attribute name="IntegralT" value="0.000000" />
  <attribute name="IntegralI" value="0.000000" />
  <attribute name="IntegralH" value="0.000000" />
  <attribute name="DerivativeT" value="inf" />
  <attribute name="DerivativeI" value="inf" />
  <attribute name="DerivativeH" value="inf" />
  <attribute name="Loop Time for DT" value="0.000000" />
  <attribute name="Output H" value="8388608"/>
  <attribute name="Output I" value="200"/>
  <attribute name="Output T" value="1"/>
  <attribute name="Target GC Util Change" value ="20.000000" />
  <attribute name="Current GC Util Change" value="122.000000"/>
  <attribute name="GC Util currently" value="122" />
  <attribute name="CPU Util currently" value="7299292863674" />
<exclusive-end id="6157" timestamp="2019-06-15T00:49:50.266" durationms="3.747" />

<exclusive-start id="6158" timestamp="2019-06-15T00:49:50.277" intervalms="14.813">
  <response-info timems="0.067" idlems="0.067" threads="0" lastid="000000000118C700" lastname="main" />
</exclusive-start>
<allocation-taxation id="6159" taxation-threshold="37748736" timestamp="2019-06-15T00:49:50.277" intervalms="14.810" />
<cycle-start id="6160" type="partial gc" contextid="0" timestamp="2019-06-15T00:49:50.277" intervalms="14.729" />
<gc-start id="6161" type="partial gc" contextid="6160" timestamp="2019-06-15T00:49:50.277">
  <mem-info id="6162" free="37748736" total="125829120" percent="30">
    <mem type="eden" free="1048552" total="38797312" percent="2" />
    <remembered-set count="1664" freebytes="5016064" totalbytes="5022720" percent="99" regionsoverflowed="0" regionsstable="18" regionsrebuilding="0"/>
  </mem-info>
</gc-start>
<allocation-stats totalBytes="37622672" >
  <allocated-bytes non-tlh="0" tlh="37622672" arrayletleaf="0"/>
  <largest-consumer threadName="main" threadId="000000000118C700" bytes="37622672" />
</allocation-stats>
<gc-op id="6163" type="copy forward" timems="1.341" contextid="6160" timestamp="2019-06-15T00:49:50.280">
  <memory-copied type="eden" objects="1" bytes="24" bytesdiscarded="0" />
  <memory-copied type="other" objects="67" bytes="2872" bytesdiscarded="0" />
  <memory-cardclean objects="54" bytes="1824" />
  <regions eden="36" other="2" />
  <remembered-set-cleared processed="82" cleared="4" durationms="0.136" />
  <stringconstants candidates="13319" cleared="0"  />
</gc-op>
<gc-op id="6164" type="classunload" timems="0.003" contextid="6160" timestamp="2019-06-15T00:49:50.280">
  <classunload-info classloadercandidates="53" classloadersunloaded="0" classesunloaded="0" anonymousclassesunloaded="0" quiescems="0.000" setupms="0.003" scanms="0.000" postms="0.000" />
</gc-op>
<gc-end id="6165" type="partial gc" contextid="6160" durationms="2.840" usertimems="0.000" systemtimems="4.000" timestamp="2019-06-15T00:49:50.280" activeThreads="1">
  <mem-info id="6166" free="75497472" total="125829120" percent="60">
    <mem type="eden" free="1048552" total="1048576" percent="99" />
    <remembered-set count="2080" freebytes="5014400" totalbytes="5022720" percent="99" regionsoverflowed="0" regionsstable="18" regionsrebuilding="0"/>
  </mem-info>
</gc-end>
<cycle-end id="6167" type="partial gc" contextid="6160" timestamp="2019-06-15T00:49:50.280" />
  <attribute name="elasticGC enabled" value="1" />
  <attribute name= "numThreadsSpecified" value="1" />
  <attribute name="heapSize specified" value="0" />
  <attribute name="Current GC Util" value="233" />
  <attribute name= "Current Time Running" value="27173" />
  <attribute name ="GC Interval" value="0" />
  <attribute name="ProportionalT" value="106.500000" />
  <attribute name="ProportionalI" value="106.500000" />
  <attribute name="ProportionalH" value="106.500000" />
  <attribute name="Current Error" value="213.000000" />
  <attribute name="IntegralT" value="0.000000" />
  <attribute name="IntegralI" value="0.000000" />
  <attribute name="IntegralH" value="0.000000" />
  <attribute name="DerivativeT" value="inf" />
  <attribute name="DerivativeI" value="inf" />
  <attribute name="DerivativeH" value="inf" />
  <attribute name="Loop Time for DT" value="0.000000" />
  <attribute name="Output H" value="8388608"/>
  <attribute name="Output I" value="200"/>
  <attribute name="Output T" value="1"/>
  <attribute name="Target GC Util Change" value ="20.000000" />
  <attribute name="Current GC Util Change" value="233.000000"/>
  <attribute name="GC Util currently" value="233" />
  <attribute name="CPU Util currently" value="7514793405530" />
<exclusive-end id="6168" timestamp="2019-06-15T00:49:50.280" durationms="3.645" />

<exclusive-start id="6169" timestamp="2019-06-15T00:49:50.292" intervalms="15.621">
  <response-info timems="0.311" idlems="0.311" threads="0" lastid="000000000118C700" lastname="main" />
</exclusive-start>
<allocation-taxation id="6170" taxation-threshold="37748736" timestamp="2019-06-15T00:49:50.292" intervalms="15.551" />
<cycle-start id="6171" type="partial gc" contextid="0" timestamp="2019-06-15T00:49:50.292" intervalms="15.517" />
<gc-start id="6172" type="partial gc" contextid="6171" timestamp="2019-06-15T00:49:50.293">
  <mem-info id="6173" free="37748736" total="125829120" percent="30">
    <mem type="eden" free="1048552" total="38797312" percent="2" />
    <remembered-set count="1664" freebytes="5016064" totalbytes="5022720" percent="99" regionsoverflowed="0" regionsstable="18" regionsrebuilding="0"/>
  </mem-info>
</gc-start>
<allocation-stats totalBytes="37602584" >
  <allocated-bytes non-tlh="0" tlh="37602584" arrayletleaf="0"/>
  <largest-consumer threadName="main" threadId="000000000118C700" bytes="37602584" />
</allocation-stats>
<gc-op id="6174" type="copy forward" timems="1.423" contextid="6171" timestamp="2019-06-15T00:49:50.295">
  <memory-copied type="eden" objects="25" bytes="1880" bytesdiscarded="0" />
  <memory-copied type="other" objects="48" bytes="1152" bytesdiscarded="0" />
  <memory-cardclean objects="80" bytes="2424" />
  <regions eden="36" other="2" />
  <remembered-set-cleared processed="82" cleared="10" durationms="0.137" />
  <stringconstants candidates="13319" cleared="0"  />
</gc-op>
<gc-op id="6175" type="classunload" timems="0.004" contextid="6171" timestamp="2019-06-15T00:49:50.295">
  <classunload-info classloadercandidates="53" classloadersunloaded="0" classesunloaded="0" anonymousclassesunloaded="0" quiescems="0.000" setupms="0.004" scanms="0.000" postms="0.000" />
</gc-op>
<gc-end id="6176" type="partial gc" contextid="6171" durationms="2.686" usertimems="4.000" systemtimems="0.000" timestamp="2019-06-15T00:49:50.295" activeThreads="1">
  <mem-info id="6177" free="75497472" total="125829120" percent="60">
    <mem type="eden" free="1046696" total="1048576" percent="99" />
    <remembered-set count="1984" freebytes="5014784" totalbytes="5022720" percent="99" regionsoverflowed="0" regionsstable="18" regionsrebuilding="0"/>
  </mem-info>
</gc-end>
<cycle-end id="6178" type="partial gc" contextid="6171" timestamp="2019-06-15T00:49:50.295" />
  <attribute name="elasticGC enabled" value="1" />
  <attribute name= "numThreadsSpecified" value="1" />
  <attribute name="heapSize specified" value="0" />
  <attribute name="Current GC Util" value="238" />
  <attribute name= "Current Time Running" value="27188" />
  <attribute name ="GC Interval" value="0" />
  <attribute name="ProportionalT" value="109.000000" />
  <attribute name="ProportionalI" value="109.000000" />
  <attribute name="ProportionalH" value="109.000000" />
  <attribute name="Current Error" value="218.000000" />
  <attribute name="IntegralT" value="0.000000" />
  <attribute name="IntegralI" value="0.000000" />
  <attribute name="IntegralH" value="0.000000" />
  <attribute name="DerivativeT" value="inf" />
  <attribute name="DerivativeI" value="inf" />
  <attribute name="DerivativeH" value="inf" />
  <attribute name="Loop Time for DT" value="0.000000" />
  <attribute name="Output H" value="8388608"/>
  <attribute name="Output I" value="200"/>
  <attribute name="Output T" value="1"/>
  <attribute name="Target GC Util Change" value ="20.000000" />
  <attribute name="Current GC Util Change" value="238.000000"/>
  <attribute name="GC Util currently" value="238" />
  <attribute name="CPU Util currently" value="7115964689046" />
<exclusive-end id="6179" timestamp="2019-06-15T00:49:50.296" durationms="3.408" />

<exclusive-start id="6180" timestamp="2019-06-15T00:49:50.307" intervalms="14.770">
  <response-info timems="0.059" idlems="0.059" threads="0" lastid="000000000118C700" lastname="main" />
</exclusive-start>
<allocation-taxation id="6181" taxation-threshold="37748736" timestamp="2019-06-15T00:49:50.307" intervalms="14.860" />
<cycle-start id="6182" type="partial gc" contextid="0" timestamp="2019-06-15T00:49:50.307" intervalms="14.953" />
<gc-start id="6183" type="partial gc" contextid="6182" timestamp="2019-06-15T00:49:50.308">
  <mem-info id="6184" free="37748736" total="125829120" percent="30">
    <mem type="eden" free="0" total="37748736" percent="0" />
    <remembered-set count="1664" freebytes="5016064" totalbytes="5022720" percent="99" regionsoverflowed="0" regionsstable="18" regionsrebuilding="0"/>
  </mem-info>
</gc-start>
<allocation-stats totalBytes="37497600" >
  <allocated-bytes non-tlh="0" tlh="37497600" arrayletleaf="0"/>
  <largest-consumer threadName="main" threadId="000000000118C700" bytes="37497600" />
</allocation-stats>
<gc-op id="6185" type="copy forward" timems="6.749" contextid="6182" timestamp="2019-06-15T00:49:50.315">
  <memory-copied type="eden" objects="0" bytes="0" bytesdiscarded="0" />
  <memory-copied type="other" objects="73" bytes="3032" bytesdiscarded="1608" />
  <memory-cardclean objects="69" bytes="2248" />
  <regions eden="36" other="2" />
  <remembered-set-cleared processed="81" cleared="9" durationms="0.144" />
  <stringconstants candidates="13319" cleared="0"  />
</gc-op>
<gc-op id="6186" type="classunload" timems="0.004" contextid="6182" timestamp="2019-06-15T00:49:50.316">
  <classunload-info classloadercandidates="53" classloadersunloaded="0" classesunloaded="0" anonymousclassesunloaded="0" quiescems="0.000" setupms="0.004" scanms="0.000" postms="0.000" />
</gc-op>
<gc-end id="6187" type="partial gc" contextid="6182" durationms="8.173" usertimems="12.000" systemtimems="0.000" timestamp="2019-06-15T00:49:50.316" activeThreads="4">
  <mem-info id="6188" free="75497472" total="125829120" percent="60">
    <remembered-set count="2656" freebytes="5012096" totalbytes="5022720" percent="99" regionsoverflowed="0" regionsstable="18" regionsrebuilding="0"/>
  </mem-info>
</gc-end>
<cycle-end id="6189" type="partial gc" contextid="6182" timestamp="2019-06-15T00:49:50.316" />
  <attribute name="elasticGC enabled" value="1" />
  <attribute name= "numThreadsSpecified" value="4" />
  <attribute name="heapSize specified" value="0" />
  <attribute name="Current GC Util" value="227" />
  <attribute name= "Current Time Running" value="27204" />
  <attribute name ="GC Interval" value="0" />
  <attribute name="ProportionalT" value="103.500000" />
  <attribute name="ProportionalI" value="103.500000" />
  <attribute name="ProportionalH" value="103.500000" />
  <attribute name="Current Error" value="207.000000" />
  <attribute name="IntegralT" value="207.000000" />
  <attribute name="IntegralI" value="207.000000" />
  <attribute name="IntegralH" value="207.000000" />
  <attribute name="DerivativeT" value="103.500000" />
  <attribute name="DerivativeI" value="103.500000" />
  <attribute name="DerivativeH" value="103.500000" />
  <attribute name="Loop Time for DT" value="1.000000" />
  <attribute name="Output H" value="8388608"/>
  <attribute name="Output I" value="416"/>
  <attribute name="Output T" value="4"/>
  <attribute name="Target GC Util Change" value ="20.000000" />
  <attribute name="Current GC Util Change" value="227.000000"/>
  <attribute name="GC Util currently" value="227" />
  <attribute name="CPU Util currently" value="7353331438650" />
<exclusive-end id="6190" timestamp="2019-06-15T00:49:50.316" durationms="9.241" />

<exclusive-start id="6191" timestamp="2019-06-15T00:49:50.328" intervalms="20.480">
  <response-info timems="0.056" idlems="0.056" threads="0" lastid="000000000118C700" lastname="main" />
</exclusive-start>
<allocation-taxation id="6192" taxation-threshold="37748736" timestamp="2019-06-15T00:49:50.328" intervalms="20.450" />
<cycle-start id="6193" type="partial gc" contextid="0" timestamp="2019-06-15T00:49:50.328" intervalms="20.474" />
<gc-start id="6194" type="partial gc" contextid="6193" timestamp="2019-06-15T00:49:50.328">
  <mem-info id="6195" free="37748736" total="125829120" percent="30">
    <mem type="eden" free="0" total="37748736" percent="0" />
    <remembered-set count="2240" freebytes="5013760" totalbytes="5022720" percent="99" regionsoverflowed="0" regionsstable="18" regionsrebuilding="0"/>
  </mem-info>
</gc-start>
<allocation-stats totalBytes="37507800" >
  <allocated-bytes non-tlh="0" tlh="37507800" arrayletleaf="0"/>
  <largest-consumer threadName="main" threadId="000000000118C700" bytes="37507800" />
</allocation-stats>
<gc-op id="6196" type="copy forward" timems="1.338" contextid="6193" timestamp="2019-06-15T00:49:50.331">
  <memory-copied type="eden" objects="1" bytes="24" bytesdiscarded="0" />
  <memory-copied type="other" objects="25" bytes="1880" bytesdiscarded="0" />
  <memory-cardclean objects="43" bytes="1544" />
  <regions eden="36" other="1" />
  <remembered-set-cleared processed="84" cleared="9" durationms="0.139" />
  <stringconstants candidates="13319" cleared="0"  />
</gc-op>
<gc-op id="6197" type="classunload" timems="0.003" contextid="6193" timestamp="2019-06-15T00:49:50.331">
  <classunload-info classloadercandidates="53" classloadersunloaded="0" classesunloaded="0" anonymousclassesunloaded="0" quiescems="0.000" setupms="0.003" scanms="0.000" postms="0.000" />
</gc-op>
<heap-resize id="6198" type="expand" space="default" amount="3145728" count="1" timems="0.059" reason="excessive time being spent in gc" timestamp="2019-06-15T00:49:50.331" />
<gc-end id="6199" type="partial gc" contextid="6193" durationms="3.036" usertimems="0.000" systemtimems="0.000" timestamp="2019-06-15T00:49:50.331" activeThreads="1">
  <mem-info id="6200" free="77594624" total="128974848" percent="60">
    <mem type="eden" free="1048552" total="1048576" percent="99" />
    <remembered-set count="2496" freebytes="5138304" totalbytes="5148288" percent="99" regionsoverflowed="0" regionsstable="18" regionsrebuilding="0"/>
  </mem-info>
</gc-end>
<cycle-end id="6201" type="partial gc" contextid="6193" timestamp="2019-06-15T00:49:50.331" />
  <attribute name="elasticGC enabled" value="1" />
  <attribute name= "numThreadsSpecified" value="1" />
  <attribute name="heapSize specified" value="0" />
  <attribute name="Current GC Util" value="122" />
  <attribute name= "Current Time Running" value="27224" />
  <attribute name ="GC Interval" value="0" />
  <attribute name="ProportionalT" value="51.000000" />
  <attribute name="ProportionalI" value="51.000000" />
  <attribute name="ProportionalH" value="51.000000" />
  <attribute name="Current Error" value="102.000000" />
  <attribute name="IntegralT" value="0.000000" />
  <attribute name="IntegralI" value="0.000000" />
  <attribute name="IntegralH" value="0.000000" />
  <attribute name="DerivativeT" value="inf" />
  <attribute name="DerivativeI" value="inf" />
  <attribute name="DerivativeH" value="inf" />
  <attribute name="Loop Time for DT" value="0.000000" />
  <attribute name="Output H" value="8388608"/>
  <attribute name="Output I" value="200"/>
  <attribute name="Output T" value="1"/>
  <attribute name="Target GC Util Change" value ="20.000000" />
  <attribute name="Current GC Util Change" value="122.000000"/>
  <attribute name="GC Util currently" value="122" />
  <attribute name="CPU Util currently" value="7506414631414" />
<exclusive-end id="6202" timestamp="2019-06-15T00:49:50.332" durationms="4.100" />

<exclusive-start id="6203" timestamp="2019-06-15T00:49:50.343" intervalms="15.709">
  <response-info timems="0.069" idlems="0.069" threads="0" lastid="000000000118C700" lastname="main" />
</exclusive-start>
<allocation-taxation id="6204" taxation-threshold="38797312" timestamp="2019-06-15T00:49:50.343" intervalms="15.713" />
<cycle-start id="6205" type="partial gc" contextid="0" timestamp="2019-06-15T00:49:50.344" intervalms="15.628" />
<gc-start id="6206" type="partial gc" contextid="6205" timestamp="2019-06-15T00:49:50.344">
  <mem-info id="6207" free="38797312" total="128974848" percent="30">
    <mem type="eden" free="1048552" total="39845888" percent="2" />
    <remembered-set count="2176" freebytes="5139584" totalbytes="5148288" percent="99" regionsoverflowed="0" regionsstable="18" regionsrebuilding="0"/>
  </mem-info>
</gc-start>
<allocation-stats totalBytes="38554128" >
  <allocated-bytes non-tlh="0" tlh="38554128" arrayletleaf="0"/>
  <largest-consumer threadName="main" threadId="000000000118C700" bytes="38554128" />
</allocation-stats>
<gc-op id="6208" type="copy forward" timems="6.327" contextid="6205" timestamp="2019-06-15T00:49:50.351">
  <memory-copied type="eden" objects="1" bytes="24" bytesdiscarded="0" />
  <memory-copied type="other" objects="25" bytes="1880" bytesdiscarded="1128" />
  <memory-cardclean objects="43" bytes="1544" />
  <regions eden="37" other="2" />
  <remembered-set-cleared processed="84" cleared="9" durationms="0.143" />
  <stringconstants candidates="13319" cleared="0"  />
</gc-op>
<gc-op id="6209" type="classunload" timems="0.003" contextid="6205" timestamp="2019-06-15T00:49:50.351">
  <classunload-info classloadercandidates="53" classloadersunloaded="0" classesunloaded="0" anonymousclassesunloaded="0" quiescems="0.000" setupms="0.003" scanms="0.000" postms="0.000" />
</gc-op>
<gc-end id="6210" type="partial gc" contextid="6205" durationms="7.732" usertimems="12.000" systemtimems="0.000" timestamp="2019-06-15T00:49:50.351" activeThreads="4">
  <mem-info id="6211" free="77594624" total="128974848" percent="60">
    <mem type="eden" free="1048552" total="1048576" percent="99" />
    <remembered-set count="3264" freebytes="5135232" totalbytes="5148288" percent="99" regionsoverflowed="0" regionsstable="18" regionsrebuilding="0"/>
  </mem-info>
</gc-end>
<cycle-end id="6212" type="partial gc" contextid="6205" timestamp="2019-06-15T00:49:50.352" />
  <attribute name="elasticGC enabled" value="1" />
  <attribute name= "numThreadsSpecified" value="4" />
  <attribute name="heapSize specified" value="0" />
  <attribute name="Current GC Util" value="232" />
  <attribute name= "Current Time Running" value="27240" />
  <attribute name ="GC Interval" value="0" />
  <attribute name="ProportionalT" value="106.000000" />
  <attribute name="ProportionalI" value="106.000000" />
  <attribute name="ProportionalH" value="106.000000" />
  <attribute name="Current Error" value="212.000000" />
  <attribute name="IntegralT" value="212.000000" />
  <attribute name="IntegralI" value="212.000000" />
  <attribute name="IntegralH" value="212.000000" />
  <attribute name="DerivativeT" value="106.000000" />
  <attribute name="DerivativeI" value="106.000000" />
  <attribute name="DerivativeH" value="106.000000" />
  <attribute name="Loop Time for DT" value="1.000000" />
  <attribute name="Output H" value="8388608"/>
  <attribute name="Output I" value="424"/>
  <attribute name="Output T" value="4"/>
  <attribute name="Target GC Util Change" value ="20.000000" />
  <attribute name="Current GC Util Change" value="232.000000"/>
  <attribute name="GC Util currently" value="232" />
  <attribute name="CPU Util currently" value="7521976090757" />
<exclusive-end id="6213" timestamp="2019-06-15T00:49:50.352" durationms="8.655" />

<exclusive-start id="6214" timestamp="2019-06-15T00:49:50.364" intervalms="20.270">
  <response-info timems="0.068" idlems="0.068" threads="0" lastid="000000000118C700" lastname="main" />
</exclusive-start>
<allocation-taxation id="6215" taxation-threshold="38797312" timestamp="2019-06-15T00:49:50.364" intervalms="20.268" />
<cycle-start id="6216" type="partial gc" contextid="0" timestamp="2019-06-15T00:49:50.364" intervalms="20.359" />
<gc-start id="6217" type="partial gc" contextid="6216" timestamp="2019-06-15T00:49:50.364">
  <mem-info id="6218" free="38797312" total="128974848" percent="30">
    <mem type="eden" free="1048552" total="39845888" percent="2" />
    <remembered-set count="2848" freebytes="5136896" totalbytes="5148288" percent="99" regionsoverflowed="0" regionsstable="18" regionsrebuilding="0"/>
  </mem-info>
</gc-start>
<allocation-stats totalBytes="38554128" >
  <allocated-bytes non-tlh="0" tlh="38554128" arrayletleaf="0"/>
  <largest-consumer threadName="main" threadId="000000000118C700" bytes="38554128" />
</allocation-stats>
<gc-op id="6219" type="copy forward" timems="6.760" contextid="6216" timestamp="2019-06-15T00:49:50.372">
  <memory-copied type="eden" objects="1" bytes="24" bytesdiscarded="0" />
  <memory-copied type="other" objects="25" bytes="1880" bytesdiscarded="1128" />
  <memory-cardclean objects="43" bytes="1544" />
  <regions eden="37" other="2" />
  <remembered-set-cleared processed="84" cleared="9" durationms="0.142" />
  <stringconstants candidates="13319" cleared="0"  />
</gc-op>
<gc-op id="6220" type="classunload" timems="0.003" contextid="6216" timestamp="2019-06-15T00:49:50.372">
  <classunload-info classloadercandidates="53" classloadersunloaded="0" classesunloaded="0" anonymousclassesunloaded="0" quiescems="0.000" setupms="0.003" scanms="0.000" postms="0.000" />
</gc-op>
<gc-end id="6221" type="partial gc" contextid="6216" durationms="8.184" usertimems="8.000" systemtimems="4.000" timestamp="2019-06-15T00:49:50.372" activeThreads="4">
  <mem-info id="6222" free="77594624" total="128974848" percent="60">
    <mem type="eden" free="1048552" total="1048576" percent="99" />
    <remembered-set count="2752" freebytes="5137280" totalbytes="5148288" percent="99" regionsoverflowed="0" regionsstable="18" regionsrebuilding="0"/>
  </mem-info>
</gc-end>
<cycle-end id="6223" type="partial gc" contextid="6216" timestamp="2019-06-15T00:49:50.372" />
  <attribute name="elasticGC enabled" value="1" />
  <attribute name= "numThreadsSpecified" value="4" />
  <attribute name="heapSize specified" value="0" />
  <attribute name="Current GC Util" value="122" />
  <attribute name= "Current Time Running" value="27260" />
  <attribute name ="GC Interval" value="0" />
  <attribute name="ProportionalT" value="51.000000" />
  <attribute name="ProportionalI" value="51.000000" />
  <attribute name="ProportionalH" value="51.000000" />
  <attribute name="Current Error" value="102.000000" />
  <attribute name="IntegralT" value="102.000000" />
  <attribute name="IntegralI" value="102.000000" />
  <attribute name="IntegralH" value="102.000000" />
  <attribute name="DerivativeT" value="35.000000" />
  <attribute name="DerivativeI" value="35.000000" />
  <attribute name="DerivativeH" value="35.000000" />
  <attribute name="Loop Time for DT" value="1.000000" />
  <attribute name="Output H" value="8388608"/>
  <attribute name="Output I" value="200"/>
  <attribute name="Output T" value="4"/>
  <attribute name="Target GC Util Change" value ="20.000000" />
  <attribute name="Current GC Util Change" value="122.000000"/>
  <attribute name="GC Util currently" value="122" />
  <attribute name="CPU Util currently" value="7518873349366" />
<exclusive-end id="6224" timestamp="2019-06-15T00:49:50.373" durationms="9.116" />

<exclusive-start id="6225" timestamp="2019-06-15T00:49:50.385" intervalms="21.202">
  <response-info timems="0.069" idlems="0.069" threads="0" lastid="000000000118C700" lastname="main" />
</exclusive-start>
<allocation-taxation id="6226" taxation-threshold="38797312" timestamp="2019-06-15T00:49:50.385" intervalms="21.220" />
<cycle-start id="6227" type="partial gc" contextid="0" timestamp="2019-06-15T00:49:50.385" intervalms="21.221" />
<gc-start id="6228" type="partial gc" contextid="6227" timestamp="2019-06-15T00:49:50.385">
  <mem-info id="6229" free="38797312" total="128974848" percent="30">
    <mem type="eden" free="1048552" total="39845888" percent="2" />
    <remembered-set count="2336" freebytes="5138944" totalbytes="5148288" percent="99" regionsoverflowed="0" regionsstable="18" regionsrebuilding="0"/>
  </mem-info>
</gc-start>
<allocation-stats totalBytes="38554104" >
  <allocated-bytes non-tlh="0" tlh="38554104" arrayletleaf="0"/>
  <largest-consumer threadName="main" threadId="000000000118C700" bytes="38554104" />
</allocation-stats>
<gc-op id="6230" type="copy forward" timems="1.334" contextid="6227" timestamp="2019-06-15T00:49:50.388">
  <memory-copied type="eden" objects="1" bytes="24" bytesdiscarded="0" />
  <memory-copied type="other" objects="25" bytes="1880" bytesdiscarded="0" />
  <memory-cardclean objects="43" bytes="1544" />
  <regions eden="37" other="2" />
  <remembered-set-cleared processed="84" cleared="9" durationms="0.138" />
  <stringconstants candidates="13319" cleared="0"  />
</gc-op>
<gc-op id="6231" type="classunload" timems="0.004" contextid="6227" timestamp="2019-06-15T00:49:50.388">
  <classunload-info classloadercandidates="53" classloadersunloaded="0" classesunloaded="0" anonymousclassesunloaded="0" quiescems="0.000" setupms="0.004" scanms="0.000" postms="0.000" />
</gc-op>
<gc-end id="6232" type="partial gc" contextid="6227" durationms="2.791" usertimems="0.000" systemtimems="4.000" timestamp="2019-06-15T00:49:50.388" activeThreads="1">
  <mem-info id="6233" free="77594624" total="128974848" percent="60">
    <mem type="eden" free="1048552" total="1048576" percent="99" />
    <remembered-set count="2592" freebytes="5137920" totalbytes="5148288" percent="99" regionsoverflowed="0" regionsstable="18" regionsrebuilding="0"/>
  </mem-info>
</gc-end>
<cycle-end id="6234" type="partial gc" contextid="6227" timestamp="2019-06-15T00:49:50.388" />
  <attribute name="elasticGC enabled" value="1" />
  <attribute name= "numThreadsSpecified" value="1" />
  <attribute name="heapSize specified" value="0" />
  <attribute name="Current GC Util" value="122" />
  <attribute name= "Current Time Running" value="27281" />
  <attribute name ="GC Interval" value="0" />
  <attribute name="ProportionalT" value="51.000000" />
  <attribute name="ProportionalI" value="51.000000" />
  <attribute name="ProportionalH" value="51.000000" />
  <attribute name="Current Error" value="102.000000" />
  <attribute name="IntegralT" value="0.000000" />
  <attribute name="IntegralI" value="0.000000" />
  <attribute name="IntegralH" value="0.000000" />
  <attribute name="DerivativeT" value="inf" />
  <attribute name="DerivativeI" value="inf" />
  <attribute name="DerivativeH" value="inf" />
  <attribute name="Loop Time for DT" value="0.000000" />
  <attribute name="Output H" value="8388608"/>
  <attribute name="Output I" value="200"/>
  <attribute name="Output T" value="1"/>
  <attribute name="Target GC Util Change" value ="20.000000" />
  <attribute name="Current GC Util Change" value="122.000000"/>
  <attribute name="GC Util currently" value="122" />
  <attribute name="CPU Util currently" value="7480698306826" />
<exclusive-end id="6235" timestamp="2019-06-15T00:49:50.389" durationms="3.792" />

<exclusive-start id="6236" timestamp="2019-06-15T00:49:50.400" intervalms="15.416">
  <response-info timems="0.065" idlems="0.065" threads="0" lastid="000000000118C700" lastname="main" />
</exclusive-start>
<allocation-taxation id="6237" taxation-threshold="38797312" timestamp="2019-06-15T00:49:50.400" intervalms="15.407" />
<cycle-start id="6238" type="partial gc" contextid="0" timestamp="2019-06-15T00:49:50.400" intervalms="15.405" />
<gc-start id="6239" type="partial gc" contextid="6238" timestamp="2019-06-15T00:49:50.401">
  <mem-info id="6240" free="38797312" total="128974848" percent="30">
    <mem type="eden" free="1048552" total="39845888" percent="2" />
    <remembered-set count="2272" freebytes="5139200" totalbytes="5148288" percent="99" regionsoverflowed="0" regionsstable="18" regionsrebuilding="0"/>
  </mem-info>
</gc-start>
<allocation-stats totalBytes="38554128" >
  <allocated-bytes non-tlh="0" tlh="38554128" arrayletleaf="0"/>
  <largest-consumer threadName="main" threadId="000000000118C700" bytes="38554128" />
</allocation-stats>
<gc-op id="6241" type="copy forward" timems="5.922" contextid="6238" timestamp="2019-06-15T00:49:50.408">
  <memory-copied type="eden" objects="1" bytes="24" bytesdiscarded="0" />
  <memory-copied type="other" objects="25" bytes="1880" bytesdiscarded="1296" />
  <memory-cardclean objects="43" bytes="1544" />
  <regions eden="37" other="2" />
  <remembered-set-cleared processed="84" cleared="9" durationms="0.143" />
  <stringconstants candidates="13319" cleared="0"  />
</gc-op>
<gc-op id="6242" type="classunload" timems="0.004" contextid="6238" timestamp="2019-06-15T00:49:50.408">
  <classunload-info classloadercandidates="53" classloadersunloaded="0" classesunloaded="0" anonymousclassesunloaded="0" quiescems="0.000" setupms="0.003" scanms="0.000" postms="0.000" />
</gc-op>
<gc-end id="6243" type="partial gc" contextid="6238" durationms="7.369" usertimems="8.000" systemtimems="0.000" timestamp="2019-06-15T00:49:50.408" activeThreads="4">
  <mem-info id="6244" free="77594624" total="128974848" percent="60">
    <mem type="eden" free="1048552" total="1048576" percent="99" />
    <remembered-set count="2240" freebytes="5139328" totalbytes="5148288" percent="99" regionsoverflowed="0" regionsstable="18" regionsrebuilding="0"/>
  </mem-info>
</gc-end>
<cycle-end id="6245" type="partial gc" contextid="6238" timestamp="2019-06-15T00:49:50.408" />
  <attribute name="elasticGC enabled" value="1" />
  <attribute name= "numThreadsSpecified" value="4" />
  <attribute name="heapSize specified" value="0" />
  <attribute name="Current GC Util" value="241" />
  <attribute name= "Current Time Running" value="27297" />
  <attribute name ="GC Interval" value="0" />
  <attribute name="ProportionalT" value="110.500000" />
  <attribute name="ProportionalI" value="110.500000" />
  <attribute name="ProportionalH" value="110.500000" />
  <attribute name="Current Error" value="221.000000" />
  <attribute name="IntegralT" value="221.000000" />
  <attribute name="IntegralI" value="221.000000" />
  <attribute name="IntegralH" value="221.000000" />
  <attribute name="DerivativeT" value="110.500000" />
  <attribute name="DerivativeI" value="110.500000" />
  <attribute name="DerivativeH" value="110.500000" />
  <attribute name="Loop Time for DT" value="1.000000" />
  <attribute name="Output H" value="8388608"/>
  <attribute name="Output I" value="448"/>
  <attribute name="Output T" value="4"/>
  <attribute name="Target GC Util Change" value ="20.000000" />
  <attribute name="Current GC Util Change" value="241.000000"/>
  <attribute name="GC Util currently" value="241" />
  <attribute name="CPU Util currently" value="7467277319621" />
<exclusive-end id="6246" timestamp="2019-06-15T00:49:50.408" durationms="8.348" />

<exclusive-start id="6247" timestamp="2019-06-15T00:49:50.420" intervalms="19.962">
  <response-info timems="0.071" idlems="0.071" threads="0" lastid="000000000118C700" lastname="main" />
</exclusive-start>
<allocation-taxation id="6248" taxation-threshold="38797312" timestamp="2019-06-15T00:49:50.420" intervalms="19.963" />
<cycle-start id="6249" type="partial gc" contextid="0" timestamp="2019-06-15T00:49:50.420" intervalms="19.964" />
<gc-start id="6250" type="partial gc" contextid="6249" timestamp="2019-06-15T00:49:50.421">
  <mem-info id="6251" free="38797312" total="128974848" percent="30">
    <mem type="eden" free="1048552" total="39845888" percent="2" />
    <remembered-set count="1824" freebytes="5140992" totalbytes="5148288" percent="99" regionsoverflowed="0" regionsstable="18" regionsrebuilding="0"/>
  </mem-info>
</gc-start>
<allocation-stats totalBytes="38554104" >
  <allocated-bytes non-tlh="0" tlh="38554104" arrayletleaf="0"/>
  <largest-consumer threadName="main" threadId="000000000118C700" bytes="38554104" />
</allocation-stats>
<gc-op id="6252" type="copy forward" timems="3.275" contextid="6249" timestamp="2019-06-15T00:49:50.425">
  <memory-copied type="eden" objects="1" bytes="24" bytesdiscarded="0" />
  <memory-copied type="other" objects="25" bytes="1880" bytesdiscarded="1296" />
  <memory-cardclean objects="43" bytes="1544" />
  <regions eden="37" other="2" />
  <remembered-set-cleared processed="84" cleared="9" durationms="0.143" />
  <stringconstants candidates="13319" cleared="0"  />
</gc-op>
<gc-op id="6253" type="classunload" timems="0.003" contextid="6249" timestamp="2019-06-15T00:49:50.425">
  <classunload-info classloadercandidates="53" classloadersunloaded="0" classesunloaded="0" anonymousclassesunloaded="0" quiescems="0.000" setupms="0.003" scanms="0.000" postms="0.000" />
</gc-op>
<gc-end id="6254" type="partial gc" contextid="6249" durationms="4.622" usertimems="8.000" systemtimems="0.000" timestamp="2019-06-15T00:49:50.425" activeThreads="4">
  <mem-info id="6255" free="77594624" total="128974848" percent="60">
    <mem type="eden" free="1048552" total="1048576" percent="99" />
    <remembered-set count="2752" freebytes="5137280" totalbytes="5148288" percent="99" regionsoverflowed="0" regionsstable="18" regionsrebuilding="0"/>
  </mem-info>
</gc-end>
<cycle-end id="6256" type="partial gc" contextid="6249" timestamp="2019-06-15T00:49:50.425" />
  <attribute name="elasticGC enabled" value="1" />
  <attribute name= "numThreadsSpecified" value="4" />
  <attribute name="heapSize specified" value="0" />
  <attribute name="Current GC Util" value="123" />
  <attribute name= "Current Time Running" value="27317" />
  <attribute name ="GC Interval" value="0" />
  <attribute name="ProportionalT" value="51.500000" />
  <attribute name="ProportionalI" value="51.500000" />
  <attribute name="ProportionalH" value="51.500000" />
  <attribute name="Current Error" value="103.000000" />
  <attribute name="IntegralT" value="103.000000" />
  <attribute name="IntegralI" value="103.000000" />
  <attribute name="IntegralH" value="103.000000" />
  <attribute name="DerivativeT" value="37.500000" />
  <attribute name="DerivativeI" value="37.500000" />
  <attribute name="DerivativeH" value="37.500000" />
  <attribute name="Loop Time for DT" value="1.000000" />
  <attribute name="Output H" value="8388608"/>
  <attribute name="Output I" value="200"/>
  <attribute name="Output T" value="4"/>
  <attribute name="Target GC Util Change" value ="20.000000" />
  <attribute name="Current GC Util Change" value="123.000000"/>
  <attribute name="GC Util currently" value="123" />
  <attribute name="CPU Util currently" value="7511586467247" />
<exclusive-end id="6257" timestamp="2019-06-15T00:49:50.426" durationms="5.603" />

<exclusive-start id="6258" timestamp="2019-06-15T00:49:50.437" intervalms="17.188">
  <response-info timems="0.069" idlems="0.069" threads="0" lastid="000000000118C700" lastname="main" />
</exclusive-start>
<allocation-taxation id="6259" taxation-threshold="38797312" timestamp="2019-06-15T00:49:50.437" intervalms="17.178" />
<cycle-start id="6260" type="partial gc" contextid="0" timestamp="2019-06-15T00:49:50.438" intervalms="17.166" />
<gc-start id="6261" type="partial gc" contextid="6260" timestamp="2019-06-15T00:49:50.438">
  <mem-info id="6262" free="38797312" total="128974848" percent="30">
    <mem type="eden" free="1048552" total="39845888" percent="2" />
    <remembered-set count="2336" freebytes="5138944" totalbytes="5148288" percent="99" regionsoverflowed="0" regionsstable="18" regionsrebuilding="0"/>
  </mem-info>
</gc-start>
<allocation-stats totalBytes="38554128" >
  <allocated-bytes non-tlh="0" tlh="38554128" arrayletleaf="0"/>
  <largest-consumer threadName="main" threadId="000000000118C700" bytes="38554128" />
</allocation-stats>
<gc-op id="6263" type="copy forward" timems="3.696" contextid="6260" timestamp="2019-06-15T00:49:50.443">
  <memory-copied type="eden" objects="1" bytes="24" bytesdiscarded="0" />
  <memory-copied type="other" objects="25" bytes="1880" bytesdiscarded="432" />
  <memory-cardclean objects="43" bytes="1544" />
  <regions eden="37" other="2" />
  <remembered-set-cleared processed="84" cleared="9" durationms="0.143" />
  <stringconstants candidates="13319" cleared="0"  />
</gc-op>
<gc-op id="6264" type="classunload" timems="0.004" contextid="6260" timestamp="2019-06-15T00:49:50.443">
  <classunload-info classloadercandidates="53" classloadersunloaded="0" classesunloaded="0" anonymousclassesunloaded="0" quiescems="0.000" setupms="0.004" scanms="0.000" postms="0.000" />
</gc-op>
<gc-end id="6265" type="partial gc" contextid="6260" durationms="5.187" usertimems="8.000" systemtimems="0.000" timestamp="2019-06-15T00:49:50.443" activeThreads="4">
  <mem-info id="6266" free="77594624" total="128974848" percent="60">
    <mem type="eden" free="1048552" total="1048576" percent="99" />
    <remembered-set count="2240" freebytes="5139328" totalbytes="5148288" percent="99" regionsoverflowed="0" regionsstable="18" regionsrebuilding="0"/>
  </mem-info>
</gc-end>
<cycle-end id="6267" type="partial gc" contextid="6260" timestamp="2019-06-15T00:49:50.443" />
  <attribute name="elasticGC enabled" value="1" />
  <attribute name= "numThreadsSpecified" value="4" />
  <attribute name="heapSize specified" value="0" />
  <attribute name="Current GC Util" value="127" />
  <attribute name= "Current Time Running" value="27334" />
  <attribute name ="GC Interval" value="0" />
  <attribute name="ProportionalT" value="53.500000" />
  <attribute name="ProportionalI" value="53.500000" />
  <attribute name="ProportionalH" value="53.500000" />
  <attribute name="Current Error" value="107.000000" />
  <attribute name="IntegralT" value="107.000000" />
  <attribute name="IntegralI" value="107.000000" />
  <attribute name="IntegralH" value="107.000000" />
  <attribute name="DerivativeT" value="47.000000" />
  <attribute name="DerivativeI" value="47.000000" />
  <attribute name="DerivativeH" value="47.000000" />
  <attribute name="Loop Time for DT" value="1.000000" />
  <attribute name="Output H" value="8388608"/>
  <attribute name="Output I" value="208"/>
  <attribute name="Output T" value="4"/>
  <attribute name="Target GC Util Change" value ="20.000000" />
  <attribute name="Current GC Util Change" value="127.000000"/>
  <attribute name="GC Util currently" value="127" />
  <attribute name="CPU Util currently" value="7072834188561" />
<exclusive-end id="6268" timestamp="2019-06-15T00:49:50.443" durationms="6.159" />

<exclusive-start id="6269" timestamp="2019-06-15T00:49:50.455" intervalms="17.796">
  <response-info timems="0.070" idlems="0.070" threads="0" lastid="000000000118C700" lastname="main" />
</exclusive-start>
<allocation-taxation id="6270" taxation-threshold="38797312" timestamp="2019-06-15T00:49:50.455" intervalms="17.798" />
<cycle-start id="6271" type="partial gc" contextid="0" timestamp="2019-06-15T00:49:50.455" intervalms="17.755" />
<gc-start id="6272" type="partial gc" contextid="6271" timestamp="2019-06-15T00:49:50.456">
  <mem-info id="6273" free="38797312" total="128974848" percent="30">
    <mem type="eden" free="1048552" total="39845888" percent="2" />
    <remembered-set count="1888" freebytes="5140736" totalbytes="5148288" percent="99" regionsoverflowed="0" regionsstable="18" regionsrebuilding="0"/>
  </mem-info>
</gc-start>
<allocation-stats totalBytes="38554128" >
  <allocated-bytes non-tlh="0" tlh="38554128" arrayletleaf="0"/>
  <largest-consumer threadName="main" threadId="000000000118C700" bytes="38554128" />
</allocation-stats>
<gc-op id="6274" type="copy forward" timems="1.291" contextid="6271" timestamp="2019-06-15T00:49:50.458">
  <memory-copied type="eden" objects="1" bytes="24" bytesdiscarded="0" />
  <memory-copied type="other" objects="25" bytes="1880" bytesdiscarded="0" />
  <memory-cardclean objects="43" bytes="1544" />
  <regions eden="37" other="2" />
  <remembered-set-cleared processed="84" cleared="9" durationms="0.139" />
  <stringconstants candidates="13319" cleared="0"  />
</gc-op>
<gc-op id="6275" type="classunload" timems="0.003" contextid="6271" timestamp="2019-06-15T00:49:50.458">
  <classunload-info classloadercandidates="53" classloadersunloaded="0" classesunloaded="0" anonymousclassesunloaded="0" quiescems="0.000" setupms="0.003" scanms="0.000" postms="0.000" />
</gc-op>
<gc-end id="6276" type="partial gc" contextid="6271" durationms="2.595" usertimems="0.000" systemtimems="0.000" timestamp="2019-06-15T00:49:50.458" activeThreads="1">
  <mem-info id="6277" free="77594624" total="128974848" percent="60">
    <mem type="eden" free="1048552" total="1048576" percent="99" />
    <remembered-set count="2208" freebytes="5139456" totalbytes="5148288" percent="99" regionsoverflowed="0" regionsstable="18" regionsrebuilding="0"/>
  </mem-info>
</gc-end>
<cycle-end id="6278" type="partial gc" contextid="6271" timestamp="2019-06-15T00:49:50.458" />
  <attribute name="elasticGC enabled" value="1" />
  <attribute name= "numThreadsSpecified" value="1" />
  <attribute name="heapSize specified" value="0" />
  <attribute name="Current GC Util" value="123" />
  <attribute name= "Current Time Running" value="27351" />
  <attribute name ="GC Interval" value="0" />
  <attribute name="ProportionalT" value="51.500000" />
  <attribute name="ProportionalI" value="51.500000" />
  <attribute name="ProportionalH" value="51.500000" />
  <attribute name="Current Error" value="103.000000" />
  <attribute name="IntegralT" value="0.000000" />
  <attribute name="IntegralI" value="0.000000" />
  <attribute name="IntegralH" value="0.000000" />
  <attribute name="DerivativeT" value="inf" />
  <attribute name="DerivativeI" value="inf" />
  <attribute name="DerivativeH" value="inf" />
  <attribute name="Loop Time for DT" value="0.000000" />
  <attribute name="Output H" value="8388608"/>
  <attribute name="Output I" value="200"/>
  <attribute name="Output T" value="1"/>
  <attribute name="Target GC Util Change" value ="20.000000" />
  <attribute name="Current GC Util Change" value="123.000000"/>
  <attribute name="GC Util currently" value="123" />
  <attribute name="CPU Util currently" value="7505730475350" />
<exclusive-end id="6279" timestamp="2019-06-15T00:49:50.458" durationms="3.354" />

<exclusive-start id="6280" timestamp="2019-06-15T00:49:50.499" intervalms="43.670">
  <response-info timems="0.069" idlems="0.069" threads="0" lastid="000000000118C700" lastname="main" />
</exclusive-start>
<allocation-taxation id="6281" taxation-threshold="38797312" timestamp="2019-06-15T00:49:50.499" intervalms="43.681" />
<cycle-start id="6282" type="partial gc" contextid="0" timestamp="2019-06-15T00:49:50.499" intervalms="43.734" />
<gc-start id="6283" type="partial gc" contextid="6282" timestamp="2019-06-15T00:49:50.499">
  <mem-info id="6284" free="38797312" total="128974848" percent="30">
    <mem type="eden" free="1048552" total="39845888" percent="2" />
    <remembered-set count="1888" freebytes="5140736" totalbytes="5148288" percent="99" regionsoverflowed="0" regionsstable="18" regionsrebuilding="0"/>
  </mem-info>
</gc-start>
<allocation-stats totalBytes="38786808" >
  <allocated-bytes non-tlh="0" tlh="38786808" arrayletleaf="0"/>
  <largest-consumer threadName="main" threadId="000000000118C700" bytes="38786808" />
</allocation-stats>
<gc-op id="6285" type="copy forward" timems="1.312" contextid="6282" timestamp="2019-06-15T00:49:50.502">
  <memory-copied type="eden" objects="154" bytes="5088" bytesdiscarded="0" />
  <memory-copied type="other" objects="6" bytes="144" bytesdiscarded="0" />
  <memory-cardclean objects="64" bytes="2096" />
  <regions eden="37" other="2" />
  <remembered-set-cleared processed="84" cleared="10" durationms="0.139" />
  <stringconstants candidates="13319" cleared="0"  />
</gc-op>
<gc-op id="6286" type="classunload" timems="0.003" contextid="6282" timestamp="2019-06-15T00:49:50.502">
  <classunload-info classloadercandidates="53" classloadersunloaded="0" classesunloaded="0" anonymousclassesunloaded="0" quiescems="0.000" setupms="0.003" scanms="0.000" postms="0.000" />
</gc-op>
<gc-end id="6287" type="partial gc" contextid="6282" durationms="2.809" usertimems="0.000" systemtimems="0.000" timestamp="2019-06-15T00:49:50.502" activeThreads="1">
  <mem-info id="6288" free="77594624" total="128974848" percent="60">
    <mem type="eden" free="1043488" total="1048576" percent="99" />
    <remembered-set count="2176" freebytes="5139584" totalbytes="5148288" percent="99" regionsoverflowed="0" regionsstable="18" regionsrebuilding="0"/>
  </mem-info>
</gc-end>
<cycle-end id="6289" type="partial gc" contextid="6282" timestamp="2019-06-15T00:49:50.502" />
  <attribute name="elasticGC enabled" value="1" />
  <attribute name= "numThreadsSpecified" value="1" />
  <attribute name="heapSize specified" value="0" />
  <attribute name="Current GC Util" value="231" />
  <attribute name= "Current Time Running" value="27395" />
  <attribute name ="GC Interval" value="0" />
  <attribute name="ProportionalT" value="105.500000" />
  <attribute name="ProportionalI" value="105.500000" />
  <attribute name="ProportionalH" value="105.500000" />
  <attribute name="Current Error" value="211.000000" />
  <attribute name="IntegralT" value="0.000000" />
  <attribute name="IntegralI" value="0.000000" />
  <attribute name="IntegralH" value="0.000000" />
  <attribute name="DerivativeT" value="inf" />
  <attribute name="DerivativeI" value="inf" />
  <attribute name="DerivativeH" value="inf" />
  <attribute name="Loop Time for DT" value="0.000000" />
  <attribute name="Output H" value="8388608"/>
  <attribute name="Output I" value="200"/>
  <attribute name="Output T" value="1"/>
  <attribute name="Target GC Util Change" value ="20.000000" />
  <attribute name="Current GC Util Change" value="231.000000"/>
  <attribute name="GC Util currently" value="231" />
  <attribute name="CPU Util currently" value="7487341812717" />
<exclusive-end id="6290" timestamp="2019-06-15T00:49:50.503" durationms="3.802" />

<exclusive-start id="6291" timestamp="2019-06-15T00:49:50.569" intervalms="69.847">
  <response-info timems="0.054" idlems="0.054" threads="0" lastid="000000000118C700" lastname="main" />
</exclusive-start>
<allocation-taxation id="6292" taxation-threshold="38797312" timestamp="2019-06-15T00:49:50.569" intervalms="69.869" />
<cycle-start id="6293" type="partial gc" contextid="0" timestamp="2019-06-15T00:49:50.569" intervalms="69.866" />
<gc-start id="6294" type="partial gc" contextid="6293" timestamp="2019-06-15T00:49:50.569">
  <mem-info id="6295" free="38797312" total="128974848" percent="30">
    <mem type="eden" free="0" total="38797312" percent="0" />
    <remembered-set count="1856" freebytes="5140864" totalbytes="5148288" percent="99" regionsoverflowed="0" regionsstable="18" regionsrebuilding="0"/>
  </mem-info>
</gc-start>
<allocation-stats totalBytes="38791688" >
  <allocated-bytes non-tlh="0" tlh="38791688" arrayletleaf="0"/>
  <largest-consumer threadName="main" threadId="000000000118C700" bytes="38791688" />
</allocation-stats>
<gc-op id="6296" type="copy forward" timems="1.374" contextid="6293" timestamp="2019-06-15T00:49:50.572">
  <memory-copied type="eden" objects="237" bytes="7768" bytesdiscarded="0" />
  <memory-copied type="other" objects="12" bytes="288" bytesdiscarded="0" />
  <memory-cardclean objects="86" bytes="10928" />
  <regions eden="37" other="2" />
  <remembered-set-cleared processed="83" cleared="11" durationms="0.136" />
  <references type="weak" candidates="37" cleared="0" enqueued="0" />
  <stringconstants candidates="13319" cleared="0"  />
</gc-op>
<gc-op id="6297" type="classunload" timems="0.004" contextid="6293" timestamp="2019-06-15T00:49:50.572">
  <classunload-info classloadercandidates="53" classloadersunloaded="0" classesunloaded="0" anonymousclassesunloaded="0" quiescems="0.000" setupms="0.004" scanms="0.000" postms="0.000" />
</gc-op>
<gc-end id="6298" type="partial gc" contextid="6293" durationms="2.848" usertimems="0.000" systemtimems="4.000" timestamp="2019-06-15T00:49:50.572" activeThreads="1">
  <mem-info id="6299" free="76546048" total="128974848" percent="59">
    <mem type="eden" free="1040760" total="1048576" percent="99" />
    <remembered-set count="2176" freebytes="5139584" totalbytes="5148288" percent="99" regionsoverflowed="0" regionsstable="18" regionsrebuilding="0"/>
  </mem-info>
</gc-end>
<cycle-end id="6300" type="partial gc" contextid="6293" timestamp="2019-06-15T00:49:50.572" />
  <attribute name="elasticGC enabled" value="1" />
  <attribute name= "numThreadsSpecified" value="1" />
  <attribute name="heapSize specified" value="0" />
  <attribute name="Current GC Util" value="233" />
  <attribute name= "Current Time Running" value="27465" />
  <attribute name ="GC Interval" value="0" />
  <attribute name="ProportionalT" value="106.500000" />
  <attribute name="ProportionalI" value="106.500000" />
  <attribute name="ProportionalH" value="106.500000" />
  <attribute name="Current Error" value="213.000000" />
  <attribute name="IntegralT" value="0.000000" />
  <attribute name="IntegralI" value="0.000000" />
  <attribute name="IntegralH" value="0.000000" />
  <attribute name="DerivativeT" value="inf" />
  <attribute name="DerivativeI" value="inf" />
  <attribute name="DerivativeH" value="inf" />
  <attribute name="Loop Time for DT" value="0.000000" />
  <attribute name="Output H" value="8388608"/>
  <attribute name="Output I" value="200"/>
  <attribute name="Output T" value="1"/>
  <attribute name="Target GC Util Change" value ="20.000000" />
  <attribute name="Current GC Util Change" value="233.000000"/>
  <attribute name="GC Util currently" value="233" />
  <attribute name="CPU Util currently" value="7622986771220" />
<exclusive-end id="6301" timestamp="2019-06-15T00:49:50.572" durationms="3.880" />

<exclusive-start id="6302" timestamp="2019-06-15T00:49:50.628" intervalms="59.396">
  <response-info timems="0.081" idlems="0.081" threads="0" lastid="000000000118C700" lastname="main" />
</exclusive-start>
<allocation-taxation id="6303" taxation-threshold="38797312" timestamp="2019-06-15T00:49:50.628" intervalms="59.425" />
<cycle-start id="6304" type="partial gc" contextid="0" timestamp="2019-06-15T00:49:50.628" intervalms="59.332" />
<gc-start id="6305" type="partial gc" contextid="6304" timestamp="2019-06-15T00:49:50.629">
  <mem-info id="6306" free="37748736" total="128974848" percent="29">
    <mem type="eden" free="0" total="38797312" percent="0" />
    <remembered-set count="1888" freebytes="5140736" totalbytes="5148288" percent="99" regionsoverflowed="0" regionsstable="18" regionsrebuilding="0"/>
  </mem-info>
</gc-start>
<allocation-stats totalBytes="38792608" >
  <allocated-bytes non-tlh="0" tlh="38792608" arrayletleaf="0"/>
  <largest-consumer threadName="main" threadId="000000000118C700" bytes="38792608" />
</allocation-stats>
<gc-op id="6307" type="copy forward" timems="6.455" contextid="6304" timestamp="2019-06-15T00:49:50.636">
  <memory-copied type="eden" objects="121" bytes="3696" bytesdiscarded="0" />
  <memory-copied type="other" objects="119" bytes="4120" bytesdiscarded="2376" />
  <memory-cardclean objects="75" bytes="10720" />
  <regions eden="37" other="2" />
  <remembered-set-cleared processed="83" cleared="10" durationms="0.147" />
  <references type="weak" candidates="37" cleared="0" enqueued="0" />
  <stringconstants candidates="13319" cleared="0"  />
</gc-op>
<gc-op id="6308" type="classunload" timems="0.004" contextid="6304" timestamp="2019-06-15T00:49:50.636">
  <classunload-info classloadercandidates="53" classloadersunloaded="0" classesunloaded="0" anonymousclassesunloaded="0" quiescems="0.000" setupms="0.004" scanms="0.000" postms="0.000" />
</gc-op>
<gc-end id="6309" type="partial gc" contextid="6304" durationms="8.004" usertimems="12.000" systemtimems="0.000" timestamp="2019-06-15T00:49:50.637" activeThreads="4">
  <mem-info id="6310" free="75497472" total="128974848" percent="58">
    <mem type="eden" free="1044880" total="1048576" percent="99" />
    <remembered-set count="3264" freebytes="5135232" totalbytes="5148288" percent="99" regionsoverflowed="0" regionsstable="18" regionsrebuilding="0"/>
  </mem-info>
</gc-end>
<cycle-end id="6311" type="partial gc" contextid="6304" timestamp="2019-06-15T00:49:50.637" />
  <attribute name="elasticGC enabled" value="1" />
  <attribute name= "numThreadsSpecified" value="4" />
  <attribute name="heapSize specified" value="0" />
  <attribute name="Current GC Util" value="243" />
  <attribute name= "Current Time Running" value="27525" />
  <attribute name ="GC Interval" value="0" />
  <attribute name="ProportionalT" value="111.500000" />
  <attribute name="ProportionalI" value="111.500000" />
  <attribute name="ProportionalH" value="111.500000" />
  <attribute name="Current Error" value="223.000000" />
  <attribute name="IntegralT" value="223.000000" />
  <attribute name="IntegralI" value="223.000000" />
  <attribute name="IntegralH" value="223.000000" />
  <attribute name="DerivativeT" value="111.500000" />
  <attribute name="DerivativeI" value="111.500000" />
  <attribute name="DerivativeH" value="111.500000" />
  <attribute name="Loop Time for DT" value="1.000000" />
  <attribute name="Output H" value="8388608"/>
  <attribute name="Output I" value="448"/>
  <attribute name="Output T" value="4"/>
  <attribute name="Target GC Util Change" value ="20.000000" />
  <attribute name="Current GC Util Change" value="243.000000"/>
  <attribute name="GC Util currently" value="243" />
  <attribute name="CPU Util currently" value="7431059706943" />
<exclusive-end id="6312" timestamp="2019-06-15T00:49:50.637" durationms="8.925" />

<exclusive-start id="6313" timestamp="2019-06-15T00:49:50.651" intervalms="22.701">
  <response-info timems="0.076" idlems="0.076" threads="0" lastid="000000000118C700" lastname="main" />
</exclusive-start>
<allocation-taxation id="6314" taxation-threshold="38797312" timestamp="2019-06-15T00:49:50.651" intervalms="22.662" />
<cycle-start id="6315" type="partial gc" contextid="0" timestamp="2019-06-15T00:49:50.651" intervalms="22.735" />
<gc-start id="6316" type="partial gc" contextid="6315" timestamp="2019-06-15T00:49:50.651">
  <mem-info id="6317" free="36700160" total="128974848" percent="28">
    <mem type="eden" free="1044880" total="39845888" percent="2" />
    <remembered-set count="2880" freebytes="5136768" totalbytes="5148288" percent="99" regionsoverflowed="0" regionsstable="18" regionsrebuilding="0"/>
  </mem-info>
</gc-start>
<allocation-stats totalBytes="38774184" >
  <allocated-bytes non-tlh="0" tlh="38774184" arrayletleaf="0"/>
  <largest-consumer threadName="main" threadId="000000000118C700" bytes="38774184" />
</allocation-stats>
<gc-op id="6318" type="copy forward" timems="1.349" contextid="6315" timestamp="2019-06-15T00:49:50.654">
  <memory-copied type="eden" objects="22" bytes="840" bytesdiscarded="0" />
  <memory-copied type="other" objects="102" bytes="3504" bytesdiscarded="0" />
  <memory-cardclean objects="70" bytes="10432" />
  <regions eden="37" other="2" />
  <remembered-set-cleared processed="85" cleared="10" durationms="0.162" />
  <references type="weak" candidates="37" cleared="0" enqueued="0" />
  <stringconstants candidates="13319" cleared="0"  />
</gc-op>
<gc-op id="6319" type="classunload" timems="0.004" contextid="6315" timestamp="2019-06-15T00:49:50.654">
  <classunload-info classloadercandidates="53" classloadersunloaded="0" classesunloaded="0" anonymousclassesunloaded="0" quiescems="0.000" setupms="0.004" scanms="0.000" postms="0.000" />
</gc-op>
<gc-end id="6320" type="partial gc" contextid="6315" durationms="2.749" usertimems="4.000" systemtimems="0.000" timestamp="2019-06-15T00:49:50.654" activeThreads="1">
  <mem-info id="6321" free="75497472" total="128974848" percent="58">
    <mem type="eden" free="1047736" total="1048576" percent="99" />
    <remembered-set count="2976" freebytes="5136384" totalbytes="5148288" percent="99" regionsoverflowed="0" regionsstable="18" regionsrebuilding="0"/>
  </mem-info>
</gc-end>
<cycle-end id="6322" type="partial gc" contextid="6315" timestamp="2019-06-15T00:49:50.654" />
  <attribute name="elasticGC enabled" value="1" />
  <attribute name= "numThreadsSpecified" value="1" />
  <attribute name="heapSize specified" value="0" />
  <attribute name="Current GC Util" value="121" />
  <attribute name= "Current Time Running" value="27547" />
  <attribute name ="GC Interval" value="0" />
  <attribute name="ProportionalT" value="50.500000" />
  <attribute name="ProportionalI" value="50.500000" />
  <attribute name="ProportionalH" value="50.500000" />
  <attribute name="Current Error" value="101.000000" />
  <attribute name="IntegralT" value="0.000000" />
  <attribute name="IntegralI" value="0.000000" />
  <attribute name="IntegralH" value="0.000000" />
  <attribute name="DerivativeT" value="inf" />
  <attribute name="DerivativeI" value="inf" />
  <attribute name="DerivativeH" value="inf" />
  <attribute name="Loop Time for DT" value="0.000000" />
  <attribute name="Output H" value="8388608"/>
  <attribute name="Output I" value="200"/>
  <attribute name="Output T" value="1"/>
  <attribute name="Target GC Util Change" value ="20.000000" />
  <attribute name="Current GC Util Change" value="121.000000"/>
  <attribute name="GC Util currently" value="121" />
  <attribute name="CPU Util currently" value="7257640051709" />
<exclusive-end id="6323" timestamp="2019-06-15T00:49:50.654" durationms="3.734" />

<exclusive-start id="6324" timestamp="2019-06-15T00:49:50.666" intervalms="15.023">
  <response-info timems="0.080" idlems="0.080" threads="0" lastid="000000000118C700" lastname="main" />
</exclusive-start>
<allocation-taxation id="6325" taxation-threshold="38797312" timestamp="2019-06-15T00:49:50.666" intervalms="15.024" />
<cycle-start id="6326" type="partial gc" contextid="0" timestamp="2019-06-15T00:49:50.666" intervalms="15.052" />
<gc-start id="6327" type="partial gc" contextid="6326" timestamp="2019-06-15T00:49:50.666">
  <mem-info id="6328" free="36700160" total="128974848" percent="28">
    <mem type="eden" free="0" total="38797312" percent="0" />
    <remembered-set count="2656" freebytes="5137664" totalbytes="5148288" percent="99" regionsoverflowed="0" regionsstable="18" regionsrebuilding="0"/>
  </mem-info>
</gc-start>
<allocation-stats totalBytes="38777232" >
  <allocated-bytes non-tlh="0" tlh="38777232" arrayletleaf="0"/>
  <largest-consumer threadName="main" threadId="000000000118C700" bytes="38777232" />
</allocation-stats>
<gc-op id="6329" type="copy forward" timems="1.346" contextid="6326" timestamp="2019-06-15T00:49:50.669">
  <memory-copied type="eden" objects="7" bytes="704" bytesdiscarded="0" />
  <memory-copied type="other" objects="119" bytes="4056" bytesdiscarded="0" />
  <memory-cardclean objects="59" bytes="10256" />
  <regions eden="37" other="2" />
  <remembered-set-cleared processed="84" cleared="9" durationms="0.141" />
  <references type="weak" candidates="37" cleared="0" enqueued="0" />
  <stringconstants candidates="13319" cleared="0"  />
</gc-op>
<gc-op id="6330" type="classunload" timems="0.003" contextid="6326" timestamp="2019-06-15T00:49:50.669">
  <classunload-info classloadercandidates="53" classloadersunloaded="0" classesunloaded="0" anonymousclassesunloaded="0" quiescems="0.000" setupms="0.003" scanms="0.000" postms="0.000" />
</gc-op>
<heap-resize id="6331" type="expand" space="default" amount="7340032" count="1" timems="0.090" reason="excessive time being spent in gc" timestamp="2019-06-15T00:49:50.669" />
<gc-end id="6332" type="partial gc" contextid="6326" durationms="2.970" usertimems="4.000" systemtimems="0.000" timestamp="2019-06-15T00:49:50.669" activeThreads="1">
  <mem-info id="6333" free="81788928" total="136314880" percent="60">
    <mem type="eden" free="1047872" total="1048576" percent="99" />
    <remembered-set count="2976" freebytes="5429376" totalbytes="5441280" percent="99" regionsoverflowed="0" regionsstable="18" regionsrebuilding="0"/>
  </mem-info>
</gc-end>
<cycle-end id="6334" type="partial gc" contextid="6326" timestamp="2019-06-15T00:49:50.669" />
  <attribute name="elasticGC enabled" value="1" />
  <attribute name= "numThreadsSpecified" value="1" />
  <attribute name="heapSize specified" value="0" />
  <attribute name="Current GC Util" value="233" />
  <attribute name= "Current Time Running" value="27562" />
  <attribute name ="GC Interval" value="0" />
  <attribute name="ProportionalT" value="106.500000" />
  <attribute name="ProportionalI" value="106.500000" />
  <attribute name="ProportionalH" value="106.500000" />
  <attribute name="Current Error" value="213.000000" />
  <attribute name="IntegralT" value="0.000000" />
  <attribute name="IntegralI" value="0.000000" />
  <attribute name="IntegralH" value="0.000000" />
  <attribute name="DerivativeT" value="inf" />
  <attribute name="DerivativeI" value="inf" />
  <attribute name="DerivativeH" value="inf" />
  <attribute name="Loop Time for DT" value="0.000000" />
  <attribute name="Output H" value="8388608"/>
  <attribute name="Output I" value="200"/>
  <attribute name="Output T" value="1"/>
  <attribute name="Target GC Util Change" value ="20.000000" />
  <attribute name="Current GC Util Change" value="233.000000"/>
  <attribute name="GC Util currently" value="233" />
  <attribute name="CPU Util currently" value="7655114485165" />
<exclusive-end id="6335" timestamp="2019-06-15T00:49:50.670" durationms="3.996" />

<exclusive-start id="6336" timestamp="2019-06-15T00:49:50.682" intervalms="16.022">
  <response-info timems="0.077" idlems="0.077" threads="0" lastid="000000000118C700" lastname="main" />
</exclusive-start>
<allocation-taxation id="6337" taxation-threshold="40894464" timestamp="2019-06-15T00:49:50.682" intervalms="16.032" />
<cycle-start id="6338" type="partial gc" contextid="0" timestamp="2019-06-15T00:49:50.682" intervalms="16.022" />
<gc-start id="6339" type="partial gc" contextid="6338" timestamp="2019-06-15T00:49:50.682">
  <mem-info id="6340" free="40894464" total="136314880" percent="30">
    <mem type="eden" free="1047872" total="41943040" percent="2" />
    <remembered-set count="2688" freebytes="5430528" totalbytes="5441280" percent="99" regionsoverflowed="0" regionsstable="18" regionsrebuilding="0"/>
  </mem-info>
</gc-start>
<allocation-stats totalBytes="40873168" >
  <allocated-bytes non-tlh="0" tlh="40873168" arrayletleaf="0"/>
  <largest-consumer threadName="main" threadId="000000000118C700" bytes="40873168" />
</allocation-stats>
<gc-op id="6341" type="copy forward" timems="1.306" contextid="6338" timestamp="2019-06-15T00:49:50.685">
  <memory-copied type="eden" objects="5" bytes="352" bytesdiscarded="0" />
  <memory-copied type="other" objects="17" bytes="552" bytesdiscarded="0" />
  <memory-cardclean objects="43" bytes="1544" />
  <regions eden="39" other="2" />
  <remembered-set-cleared processed="88" cleared="9" durationms="0.149" />
  <stringconstants candidates="13319" cleared="0"  />
</gc-op>
<gc-op id="6342" type="classunload" timems="0.003" contextid="6338" timestamp="2019-06-15T00:49:50.685">
  <classunload-info classloadercandidates="53" classloadersunloaded="0" classesunloaded="0" anonymousclassesunloaded="0" quiescems="0.000" setupms="0.003" scanms="0.000" postms="0.000" />
</gc-op>
<gc-end id="6343" type="partial gc" contextid="6338" durationms="2.831" usertimems="4.000" systemtimems="0.000" timestamp="2019-06-15T00:49:50.685" activeThreads="1">
  <mem-info id="6344" free="81788928" total="136314880" percent="60">
    <mem type="eden" free="1048224" total="1048576" percent="99" />
    <remembered-set count="3008" freebytes="5429248" totalbytes="5441280" percent="99" regionsoverflowed="0" regionsstable="18" regionsrebuilding="0"/>
  </mem-info>
</gc-end>
<cycle-end id="6345" type="partial gc" contextid="6338" timestamp="2019-06-15T00:49:50.685" />
  <attribute name="elasticGC enabled" value="1" />
  <attribute name= "numThreadsSpecified" value="1" />
  <attribute name="heapSize specified" value="0" />
  <attribute name="Current GC Util" value="234" />
  <attribute name= "Current Time Running" value="27578" />
  <attribute name ="GC Interval" value="0" />
  <attribute name="ProportionalT" value="107.000000" />
  <attribute name="ProportionalI" value="107.000000" />
  <attribute name="ProportionalH" value="107.000000" />
  <attribute name="Current Error" value="214.000000" />
  <attribute name="IntegralT" value="0.000000" />
  <attribute name="IntegralI" value="0.000000" />
  <attribute name="IntegralH" value="0.000000" />
  <attribute name="DerivativeT" value="inf" />
  <attribute name="DerivativeI" value="inf" />
  <attribute name="DerivativeH" value="inf" />
  <attribute name="Loop Time for DT" value="0.000000" />
  <attribute name="Output H" value="8388608"/>
  <attribute name="Output I" value="200"/>
  <attribute name="Output T" value="1"/>
  <attribute name="Target GC Util Change" value ="20.000000" />
  <attribute name="Current GC Util Change" value="234.000000"/>
  <attribute name="GC Util currently" value="234" />
  <attribute name="CPU Util currently" value="7645912970331" />
<exclusive-end id="6346" timestamp="2019-06-15T00:49:50.686" durationms="3.874" />

<exclusive-start id="6347" timestamp="2019-06-15T00:49:50.698" intervalms="15.900">
  <response-info timems="0.079" idlems="0.079" threads="0" lastid="000000000118C700" lastname="main" />
</exclusive-start>
<allocation-taxation id="6348" taxation-threshold="40894464" timestamp="2019-06-15T00:49:50.698" intervalms="15.890" />
<cycle-start id="6349" type="partial gc" contextid="0" timestamp="2019-06-15T00:49:50.698" intervalms="15.894" />
<gc-start id="6350" type="partial gc" contextid="6349" timestamp="2019-06-15T00:49:50.698">
  <mem-info id="6351" free="40894464" total="136314880" percent="30">
    <mem type="eden" free="1048224" total="41943040" percent="2" />
    <remembered-set count="2688" freebytes="5430528" totalbytes="5441280" percent="99" regionsoverflowed="0" regionsstable="18" regionsrebuilding="0"/>
  </mem-info>
</gc-start>
<allocation-stats totalBytes="40873944" >
  <allocated-bytes non-tlh="0" tlh="40873944" arrayletleaf="0"/>
  <largest-consumer threadName="main" threadId="000000000118C700" bytes="40873944" />
</allocation-stats>
<gc-op id="6352" type="copy forward" timems="1.308" contextid="6349" timestamp="2019-06-15T00:49:50.701">
  <memory-copied type="eden" objects="5" bytes="328" bytesdiscarded="0" />
  <memory-copied type="other" objects="17" bytes="552" bytesdiscarded="0" />
  <memory-cardclean objects="43" bytes="1544" />
  <regions eden="39" other="2" />
  <remembered-set-cleared processed="88" cleared="9" durationms="0.144" />
  <stringconstants candidates="13319" cleared="0"  />
</gc-op>
<gc-op id="6353" type="classunload" timems="0.004" contextid="6349" timestamp="2019-06-15T00:49:50.701">
  <classunload-info classloadercandidates="53" classloadersunloaded="0" classesunloaded="0" anonymousclassesunloaded="0" quiescems="0.000" setupms="0.004" scanms="0.000" postms="0.000" />
</gc-op>
<gc-end id="6354" type="partial gc" contextid="6349" durationms="2.751" usertimems="0.000" systemtimems="0.000" timestamp="2019-06-15T00:49:50.701" activeThreads="1">
  <mem-info id="6355" free="81788928" total="136314880" percent="60">
    <mem type="eden" free="1048248" total="1048576" percent="99" />
    <remembered-set count="3040" freebytes="5429120" totalbytes="5441280" percent="99" regionsoverflowed="0" regionsstable="18" regionsrebuilding="0"/>
  </mem-info>
</gc-end>
<cycle-end id="6356" type="partial gc" contextid="6349" timestamp="2019-06-15T00:49:50.701" />
  <attribute name="elasticGC enabled" value="1" />
  <attribute name= "numThreadsSpecified" value="1" />
  <attribute name="heapSize specified" value="0" />
  <attribute name="Current GC Util" value="233" />
  <attribute name= "Current Time Running" value="27594" />
  <attribute name ="GC Interval" value="0" />
  <attribute name="ProportionalT" value="106.500000" />
  <attribute name="ProportionalI" value="106.500000" />
  <attribute name="ProportionalH" value="106.500000" />
  <attribute name="Current Error" value="213.000000" />
  <attribute name="IntegralT" value="0.000000" />
  <attribute name="IntegralI" value="0.000000" />
  <attribute name="IntegralH" value="0.000000" />
  <attribute name="DerivativeT" value="inf" />
  <attribute name="DerivativeI" value="inf" />
  <attribute name="DerivativeH" value="inf" />
  <attribute name="Loop Time for DT" value="0.000000" />
  <attribute name="Output H" value="8388608"/>
  <attribute name="Output I" value="200"/>
  <attribute name="Output T" value="1"/>
  <attribute name="Target GC Util Change" value ="20.000000" />
  <attribute name="Current GC Util Change" value="233.000000"/>
  <attribute name="GC Util currently" value="233" />
  <attribute name="CPU Util currently" value="7566740057507" />
<exclusive-end id="6357" timestamp="2019-06-15T00:49:50.701" durationms="3.777" />

<exclusive-start id="6358" timestamp="2019-06-15T00:49:50.714" intervalms="16.133">
  <response-info timems="0.078" idlems="0.078" threads="0" lastid="000000000118C700" lastname="main" />
</exclusive-start>
<allocation-taxation id="6359" taxation-threshold="40894464" timestamp="2019-06-15T00:49:50.714" intervalms="16.141" />
<cycle-start id="6360" type="partial gc" contextid="0" timestamp="2019-06-15T00:49:50.714" intervalms="16.116" />
<gc-start id="6361" type="partial gc" contextid="6360" timestamp="2019-06-15T00:49:50.714">
  <mem-info id="6362" free="40894464" total="136314880" percent="30">
    <mem type="eden" free="1048248" total="41943040" percent="2" />
    <remembered-set count="2720" freebytes="5430400" totalbytes="5441280" percent="99" regionsoverflowed="0" regionsstable="18" regionsrebuilding="0"/>
  </mem-info>
</gc-start>
<allocation-stats totalBytes="40873208" >
  <allocated-bytes non-tlh="0" tlh="40873208" arrayletleaf="0"/>
  <largest-consumer threadName="main" threadId="000000000118C700" bytes="40873208" />
</allocation-stats>
<gc-op id="6363" type="copy forward" timems="1.295" contextid="6360" timestamp="2019-06-15T00:49:50.717">
  <memory-copied type="eden" objects="5" bytes="288" bytesdiscarded="0" />
  <memory-copied type="other" objects="17" bytes="552" bytesdiscarded="0" />
  <memory-cardclean objects="43" bytes="1544" />
  <regions eden="39" other="2" />
  <remembered-set-cleared processed="88" cleared="9" durationms="0.144" />
  <stringconstants candidates="13319" cleared="0"  />
</gc-op>
<gc-op id="6364" type="classunload" timems="0.004" contextid="6360" timestamp="2019-06-15T00:49:50.717">
  <classunload-info classloadercandidates="53" classloadersunloaded="0" classesunloaded="0" anonymousclassesunloaded="0" quiescems="0.000" setupms="0.004" scanms="0.000" postms="0.000" />
</gc-op>
<gc-end id="6365" type="partial gc" contextid="6360" durationms="2.694" usertimems="0.000" systemtimems="0.000" timestamp="2019-06-15T00:49:50.717" activeThreads="1">
  <mem-info id="6366" free="81788928" total="136314880" percent="60">
    <mem type="eden" free="1048288" total="1048576" percent="99" />
    <remembered-set count="3040" freebytes="5429120" totalbytes="5441280" percent="99" regionsoverflowed="0" regionsstable="18" regionsrebuilding="0"/>
  </mem-info>
</gc-end>
<cycle-end id="6367" type="partial gc" contextid="6360" timestamp="2019-06-15T00:49:50.717" />
  <attribute name="elasticGC enabled" value="1" />
  <attribute name= "numThreadsSpecified" value="1" />
  <attribute name="heapSize specified" value="0" />
  <attribute name="Current GC Util" value="235" />
  <attribute name= "Current Time Running" value="27610" />
  <attribute name ="GC Interval" value="0" />
  <attribute name="ProportionalT" value="107.500000" />
  <attribute name="ProportionalI" value="107.500000" />
  <attribute name="ProportionalH" value="107.500000" />
  <attribute name="Current Error" value="215.000000" />
  <attribute name="IntegralT" value="0.000000" />
  <attribute name="IntegralI" value="0.000000" />
  <attribute name="IntegralH" value="0.000000" />
  <attribute name="DerivativeT" value="inf" />
  <attribute name="DerivativeI" value="inf" />
  <attribute name="DerivativeH" value="inf" />
  <attribute name="Loop Time for DT" value="0.000000" />
  <attribute name="Output H" value="8388608"/>
  <attribute name="Output I" value="200"/>
  <attribute name="Output T" value="1"/>
  <attribute name="Target GC Util Change" value ="20.000000" />
  <attribute name="Current GC Util Change" value="235.000000"/>
  <attribute name="GC Util currently" value="235" />
  <attribute name="CPU Util currently" value="7634748632606" />
<exclusive-end id="6368" timestamp="2019-06-15T00:49:50.718" durationms="3.738" />

<exclusive-start id="6369" timestamp="2019-06-15T00:49:50.730" intervalms="16.053">
  <response-info timems="0.077" idlems="0.077" threads="0" lastid="000000000118C700" lastname="main" />
</exclusive-start>
<allocation-taxation id="6370" taxation-threshold="40894464" timestamp="2019-06-15T00:49:50.730" intervalms="16.070" />
<cycle-start id="6371" type="partial gc" contextid="0" timestamp="2019-06-15T00:49:50.730" intervalms="16.115" />
<gc-start id="6372" type="partial gc" contextid="6371" timestamp="2019-06-15T00:49:50.730">
  <mem-info id="6373" free="40894464" total="136314880" percent="30">
    <mem type="eden" free="1048288" total="41943040" percent="2" />
    <remembered-set count="2720" freebytes="5430400" totalbytes="5441280" percent="99" regionsoverflowed="0" regionsstable="18" regionsrebuilding="0"/>
  </mem-info>
</gc-start>
<allocation-stats totalBytes="40871608" >
  <allocated-bytes non-tlh="0" tlh="40871608" arrayletleaf="0"/>
  <largest-consumer threadName="main" threadId="000000000118C700" bytes="40871608" />
</allocation-stats>
<gc-op id="6374" type="copy forward" timems="1.336" contextid="6371" timestamp="2019-06-15T00:49:50.733">
  <memory-copied type="eden" objects="22" bytes="904" bytesdiscarded="0" />
  <memory-copied type="other" objects="6" bytes="144" bytesdiscarded="0" />
  <memory-cardclean objects="69" bytes="2128" />
  <regions eden="39" other="2" />
  <remembered-set-cleared processed="88" cleared="12" durationms="0.147" />
  <stringconstants candidates="13319" cleared="0"  />
</gc-op>
<gc-op id="6375" type="classunload" timems="0.003" contextid="6371" timestamp="2019-06-15T00:49:50.733">
  <classunload-info classloadercandidates="53" classloadersunloaded="0" classesunloaded="0" anonymousclassesunloaded="0" quiescems="0.000" setupms="0.003" scanms="0.000" postms="0.000" />
</gc-op>
<gc-end id="6376" type="partial gc" contextid="6371" durationms="2.882" usertimems="0.000" systemtimems="0.000" timestamp="2019-06-15T00:49:50.733" activeThreads="1">
  <mem-info id="6377" free="81788928" total="136314880" percent="60">
    <mem type="eden" free="1047672" total="1048576" percent="99" />
    <remembered-set count="3040" freebytes="5429120" totalbytes="5441280" percent="99" regionsoverflowed="0" regionsstable="18" regionsrebuilding="0"/>
  </mem-info>
</gc-end>
<cycle-end id="6378" type="partial gc" contextid="6371" timestamp="2019-06-15T00:49:50.734" />
  <attribute name="elasticGC enabled" value="1" />
  <attribute name= "numThreadsSpecified" value="1" />
  <attribute name="heapSize specified" value="0" />
  <attribute name="Current GC Util" value="234" />
  <attribute name= "Current Time Running" value="27626" />
  <attribute name ="GC Interval" value="0" />
  <attribute name="ProportionalT" value="107.000000" />
  <attribute name="ProportionalI" value="107.000000" />
  <attribute name="ProportionalH" value="107.000000" />
  <attribute name="Current Error" value="214.000000" />
  <attribute name="IntegralT" value="0.000000" />
  <attribute name="IntegralI" value="0.000000" />
  <attribute name="IntegralH" value="0.000000" />
  <attribute name="DerivativeT" value="inf" />
  <attribute name="DerivativeI" value="inf" />
  <attribute name="DerivativeH" value="inf" />
  <attribute name="Loop Time for DT" value="0.000000" />
  <attribute name="Output H" value="8388608"/>
  <attribute name="Output I" value="200"/>
  <attribute name="Output T" value="1"/>
  <attribute name="Target GC Util Change" value ="20.000000" />
  <attribute name="Current GC Util Change" value="234.000000"/>
  <attribute name="GC Util currently" value="234" />
  <attribute name="CPU Util currently" value="7608297649901" />
<exclusive-end id="6379" timestamp="2019-06-15T00:49:50.734" durationms="3.952" />

<exclusive-start id="6380" timestamp="2019-06-15T00:49:50.747" intervalms="16.929">
  <response-info timems="0.077" idlems="0.077" threads="0" lastid="000000000118C700" lastname="main" />
</exclusive-start>
<allocation-taxation id="6381" taxation-threshold="40894464" timestamp="2019-06-15T00:49:50.747" intervalms="16.909" />
<cycle-start id="6382" type="partial gc" contextid="0" timestamp="2019-06-15T00:49:50.747" intervalms="16.884" />
<gc-start id="6383" type="partial gc" contextid="6382" timestamp="2019-06-15T00:49:50.747">
  <mem-info id="6384" free="40894464" total="136314880" percent="30">
    <mem type="eden" free="0" total="40894464" percent="0" />
    <remembered-set count="2720" freebytes="5430400" totalbytes="5441280" percent="99" regionsoverflowed="0" regionsstable="18" regionsrebuilding="0"/>
  </mem-info>
</gc-start>
<allocation-stats totalBytes="40856400" >
  <allocated-bytes non-tlh="0" tlh="40856400" arrayletleaf="0"/>
  <largest-consumer threadName="main" threadId="000000000118C700" bytes="40856400" />
</allocation-stats>
<gc-op id="6385" type="copy forward" timems="1.287" contextid="6382" timestamp="2019-06-15T00:49:50.750">
  <memory-copied type="eden" objects="5" bytes="352" bytesdiscarded="0" />
  <memory-copied type="other" objects="23" bytes="696" bytesdiscarded="0" />
  <memory-cardclean objects="57" bytes="1936" />
  <regions eden="39" other="2" />
  <remembered-set-cleared processed="87" cleared="11" durationms="0.143" />
  <stringconstants candidates="13319" cleared="0"  />
</gc-op>
<gc-op id="6386" type="classunload" timems="0.004" contextid="6382" timestamp="2019-06-15T00:49:50.750">
  <classunload-info classloadercandidates="53" classloadersunloaded="0" classesunloaded="0" anonymousclassesunloaded="0" quiescems="0.000" setupms="0.004" scanms="0.000" postms="0.000" />
</gc-op>
<heap-resize id="6387" type="expand" space="default" amount="3145728" count="1" timems="0.068" reason="excessive time being spent in gc" timestamp="2019-06-15T00:49:50.750" />
<gc-end id="6388" type="partial gc" contextid="6382" durationms="2.817" usertimems="0.000" systemtimems="0.000" timestamp="2019-06-15T00:49:50.750" activeThreads="1">
  <mem-info id="6389" free="83886080" total="139460608" percent="60">
    <mem type="eden" free="1048224" total="1048576" percent="99" />
    <remembered-set count="3040" freebytes="5554688" totalbytes="5566848" percent="99" regionsoverflowed="0" regionsstable="18" regionsrebuilding="0"/>
  </mem-info>
</gc-end>
<cycle-end id="6390" type="partial gc" contextid="6382" timestamp="2019-06-15T00:49:50.750" />
  <attribute name="elasticGC enabled" value="1" />
  <attribute name= "numThreadsSpecified" value="1" />
  <attribute name="heapSize specified" value="0" />
  <attribute name="Current GC Util" value="224" />
  <attribute name= "Current Time Running" value="27643" />
  <attribute name ="GC Interval" value="0" />
  <attribute name="ProportionalT" value="102.000000" />
  <attribute name="ProportionalI" value="102.000000" />
  <attribute name="ProportionalH" value="102.000000" />
  <attribute name="Current Error" value="204.000000" />
  <attribute name="IntegralT" value="0.000000" />
  <attribute name="IntegralI" value="0.000000" />
  <attribute name="IntegralH" value="0.000000" />
  <attribute name="DerivativeT" value="inf" />
  <attribute name="DerivativeI" value="inf" />
  <attribute name="DerivativeH" value="inf" />
  <attribute name="Loop Time for DT" value="0.000000" />
  <attribute name="Output H" value="8388608"/>
  <attribute name="Output I" value="200"/>
  <attribute name="Output T" value="1"/>
  <attribute name="Target GC Util Change" value ="20.000000" />
  <attribute name="Current GC Util Change" value="224.000000"/>
  <attribute name="GC Util currently" value="224" />
  <attribute name="CPU Util currently" value="7142072068885" />
<exclusive-end id="6391" timestamp="2019-06-15T00:49:50.751" durationms="3.823" />

<exclusive-start id="6392" timestamp="2019-06-15T00:49:50.766" intervalms="18.939">
  <response-info timems="0.094" idlems="0.094" threads="0" lastid="000000000118C700" lastname="main" />
</exclusive-start>
<allocation-taxation id="6393" taxation-threshold="40894464" timestamp="2019-06-15T00:49:50.766" intervalms="18.929" />
<cycle-start id="6394" type="partial gc" contextid="0" timestamp="2019-06-15T00:49:50.766" intervalms="18.876" />
<gc-start id="6395" type="partial gc" contextid="6394" timestamp="2019-06-15T00:49:50.766">
  <mem-info id="6396" free="42991616" total="139460608" percent="30">
    <mem type="eden" free="1048224" total="41943040" percent="2" />
    <remembered-set count="2752" freebytes="5555840" totalbytes="5566848" percent="99" regionsoverflowed="0" regionsstable="18" regionsrebuilding="0"/>
  </mem-info>
</gc-start>
<allocation-stats totalBytes="40858544" >
  <allocated-bytes non-tlh="0" tlh="40858544" arrayletleaf="0"/>
  <largest-consumer threadName="main" threadId="000000000118C700" bytes="40858544" />
</allocation-stats>
<gc-op id="6397" type="copy forward" timems="1.377" contextid="6394" timestamp="2019-06-15T00:49:50.769">
  <memory-copied type="eden" objects="45" bytes="1896" bytesdiscarded="0" />
  <memory-copied type="other" objects="6" bytes="144" bytesdiscarded="0" />
  <memory-cardclean objects="55" bytes="1736" />
  <regions eden="39" other="2" />
  <remembered-set-cleared processed="89" cleared="8" durationms="0.159" />
  <stringconstants candidates="13319" cleared="0"  />
</gc-op>
<gc-op id="6398" type="classunload" timems="0.004" contextid="6394" timestamp="2019-06-15T00:49:50.769">
  <classunload-info classloadercandidates="53" classloadersunloaded="0" classesunloaded="0" anonymousclassesunloaded="0" quiescems="0.000" setupms="0.004" scanms="0.000" postms="0.000" />
</gc-op>
<gc-end id="6399" type="partial gc" contextid="6394" durationms="2.842" usertimems="4.000" systemtimems="0.000" timestamp="2019-06-15T00:49:50.769" activeThreads="1">
  <mem-info id="6400" free="83886080" total="139460608" percent="60">
    <mem type="eden" free="1046680" total="1048576" percent="99" />
    <remembered-set count="3168" freebytes="5554176" totalbytes="5566848" percent="99" regionsoverflowed="0" regionsstable="18" regionsrebuilding="0"/>
  </mem-info>
</gc-end>
<cycle-end id="6401" type="partial gc" contextid="6394" timestamp="2019-06-15T00:49:50.769" />
  <attribute name="elasticGC enabled" value="1" />
  <attribute name= "numThreadsSpecified" value="1" />
  <attribute name="heapSize specified" value="0" />
  <attribute name="Current GC Util" value="213" />
  <attribute name= "Current Time Running" value="27662" />
  <attribute name ="GC Interval" value="0" />
  <attribute name="ProportionalT" value="96.500000" />
  <attribute name="ProportionalI" value="96.500000" />
  <attribute name="ProportionalH" value="96.500000" />
  <attribute name="Current Error" value="193.000000" />
  <attribute name="IntegralT" value="0.000000" />
  <attribute name="IntegralI" value="0.000000" />
  <attribute name="IntegralH" value="0.000000" />
  <attribute name="DerivativeT" value="inf" />
  <attribute name="DerivativeI" value="inf" />
  <attribute name="DerivativeH" value="inf" />
  <attribute name="Loop Time for DT" value="0.000000" />
  <attribute name="Output H" value="8388608"/>
  <attribute name="Output I" value="200"/>
  <attribute name="Output T" value="1"/>
  <attribute name="Target GC Util Change" value ="20.000000" />
  <attribute name="Current GC Util Change" value="213.000000"/>
  <attribute name="GC Util currently" value="213" />
  <attribute name="CPU Util currently" value="7561529213652" />
<exclusive-end id="6402" timestamp="2019-06-15T00:49:50.770" durationms="3.861" />

<exclusive-start id="6403" timestamp="2019-06-15T00:49:50.812" intervalms="46.556">
  <response-info timems="0.191" idlems="0.191" threads="0" lastid="000000000118C700" lastname="main" />
</exclusive-start>
<allocation-taxation id="6404" taxation-threshold="40894464" timestamp="2019-06-15T00:49:50.812" intervalms="46.536" />
<cycle-start id="6405" type="partial gc" contextid="0" timestamp="2019-06-15T00:49:50.813" intervalms="46.510" />
<gc-start id="6406" type="partial gc" contextid="6405" timestamp="2019-06-15T00:49:50.813">
  <mem-info id="6407" free="42991616" total="139460608" percent="30">
    <mem type="eden" free="0" total="40894464" percent="0" />
    <remembered-set count="2752" freebytes="5555840" totalbytes="5566848" percent="99" regionsoverflowed="0" regionsstable="18" regionsrebuilding="0"/>
  </mem-info>
</gc-start>
<allocation-stats totalBytes="40885440" >
  <allocated-bytes non-tlh="0" tlh="40885440" arrayletleaf="0"/>
  <largest-consumer threadName="main" threadId="000000000118C700" bytes="40885440" />
</allocation-stats>
<gc-op id="6408" type="copy forward" timems="5.191" contextid="6405" timestamp="2019-06-15T00:49:50.819">
  <memory-copied type="eden" objects="18" bytes="792" bytesdiscarded="0" />
  <memory-copied type="other" objects="23" bytes="712" bytesdiscarded="0" />
  <memory-cardclean objects="43" bytes="1544" />
  <regions eden="39" other="2" />
  <remembered-set-cleared processed="88" cleared="7" durationms="0.120" />
  <stringconstants candidates="13319" cleared="0"  />
</gc-op>
<gc-op id="6409" type="classunload" timems="0.004" contextid="6405" timestamp="2019-06-15T00:49:50.819">
  <classunload-info classloadercandidates="53" classloadersunloaded="0" classesunloaded="0" anonymousclassesunloaded="0" quiescems="0.000" setupms="0.003" scanms="0.000" postms="0.000" />
</gc-op>
<heap-resize id="6410" type="expand" space="default" amount="2097152" count="1" timems="0.062" reason="excessive time being spent in gc" timestamp="2019-06-15T00:49:50.820" />
<gc-end id="6411" type="partial gc" contextid="6405" durationms="6.908" usertimems="8.000" systemtimems="0.000" timestamp="2019-06-15T00:49:50.820" activeThreads="4">
  <mem-info id="6412" free="84934656" total="141557760" percent="60">
    <mem type="eden" free="1047784" total="1048576" percent="99" />
    <remembered-set count="2464" freebytes="5640704" totalbytes="5650560" percent="99" regionsoverflowed="0" regionsstable="18" regionsrebuilding="0"/>
  </mem-info>
</gc-end>
<cycle-end id="6413" type="partial gc" contextid="6405" timestamp="2019-06-15T00:49:50.820" />
  <attribute name="elasticGC enabled" value="1" />
  <attribute name= "numThreadsSpecified" value="4" />
  <attribute name="heapSize specified" value="0" />
  <attribute name="Current GC Util" value="186" />
  <attribute name= "Current Time Running" value="27709" />
  <attribute name ="GC Interval" value="0" />
  <attribute name="ProportionalT" value="83.000000" />
  <attribute name="ProportionalI" value="83.000000" />
  <attribute name="ProportionalH" value="83.000000" />
  <attribute name="Current Error" value="166.000000" />
  <attribute name="IntegralT" value="166.000000" />
  <attribute name="IntegralI" value="166.000000" />
  <attribute name="IntegralH" value="166.000000" />
  <attribute name="DerivativeT" value="83.000000" />
  <attribute name="DerivativeI" value="83.000000" />
  <attribute name="DerivativeH" value="83.000000" />
  <attribute name="Loop Time for DT" value="1.000000" />
  <attribute name="Output H" value="8388608"/>
  <attribute name="Output I" value="336"/>
  <attribute name="Output T" value="4"/>
  <attribute name="Target GC Util Change" value ="20.000000" />
  <attribute name="Current GC Util Change" value="186.000000"/>
  <attribute name="GC Util currently" value="186" />
  <attribute name="CPU Util currently" value="7385160979252" />
<exclusive-end id="6414" timestamp="2019-06-15T00:49:50.820" durationms="7.875" />

<exclusive-start id="6415" timestamp="2019-06-15T00:49:51.015" intervalms="202.381">
  <response-info timems="0.056" idlems="0.056" threads="0" lastid="000000000118C700" lastname="main" />
</exclusive-start>
<allocation-taxation id="6416" taxation-threshold="41943040" timestamp="2019-06-15T00:49:51.015" intervalms="202.477" />
<cycle-start id="6417" type="partial gc" contextid="0" timestamp="2019-06-15T00:49:51.015" intervalms="202.567" />
<gc-start id="6418" type="partial gc" contextid="6417" timestamp="2019-06-15T00:49:51.015">
  <mem-info id="6419" free="42991616" total="141557760" percent="30">
    <mem type="eden" free="1047784" total="42991616" percent="2" />
    <remembered-set count="2048" freebytes="5642368" totalbytes="5650560" percent="99" regionsoverflowed="0" regionsstable="18" regionsrebuilding="0"/>
  </mem-info>
</gc-start>
<allocation-stats totalBytes="41934296" >
  <allocated-bytes non-tlh="0" tlh="41934296" arrayletleaf="0"/>
  <largest-consumer threadName="main" threadId="000000000118C700" bytes="41934296" />
</allocation-stats>
<gc-op id="6420" type="copy forward" timems="5.937" contextid="6417" timestamp="2019-06-15T00:49:51.023">
  <memory-copied type="eden" objects="42" bytes="1160" bytesdiscarded="576" />
  <memory-copied type="other" objects="6" bytes="144" bytesdiscarded="0" />
  <memory-cardclean objects="72" bytes="2152" />
  <regions eden="40" other="2" />
  <remembered-set-cleared processed="90" cleared="9" durationms="0.134" />
  <stringconstants candidates="13319" cleared="0"  />
</gc-op>
<gc-op id="6421" type="classunload" timems="0.004" contextid="6417" timestamp="2019-06-15T00:49:51.023">
  <classunload-info classloadercandidates="53" classloadersunloaded="0" classesunloaded="0" anonymousclassesunloaded="0" quiescems="0.000" setupms="0.004" scanms="0.000" postms="0.000" />
</gc-op>
<gc-end id="6422" type="partial gc" contextid="6417" durationms="7.605" usertimems="4.000" systemtimems="4.000" timestamp="2019-06-15T00:49:51.023" activeThreads="4">
  <mem-info id="6423" free="84934656" total="141557760" percent="60">
    <mem type="eden" free="1046840" total="1048576" percent="99" />
    <remembered-set count="2976" freebytes="5638656" totalbytes="5650560" percent="99" regionsoverflowed="0" regionsstable="18" regionsrebuilding="0"/>
  </mem-info>
</gc-end>
<cycle-end id="6424" type="partial gc" contextid="6417" timestamp="2019-06-15T00:49:51.023" />
  <attribute name="elasticGC enabled" value="1" />
  <attribute name= "numThreadsSpecified" value="4" />
  <attribute name="heapSize specified" value="0" />
  <attribute name="Current GC Util" value="107" />
  <attribute name= "Current Time Running" value="27912" />
  <attribute name ="GC Interval" value="0" />
  <attribute name="ProportionalT" value="43.500000" />
  <attribute name="ProportionalI" value="43.500000" />
  <attribute name="ProportionalH" value="43.500000" />
  <attribute name="Current Error" value="87.000000" />
  <attribute name="IntegralT" value="87.000000" />
  <attribute name="IntegralI" value="87.000000" />
  <attribute name="IntegralH" value="87.000000" />
  <attribute name="DerivativeT" value="43.500000" />
  <attribute name="DerivativeI" value="43.500000" />
  <attribute name="DerivativeH" value="43.500000" />
  <attribute name="Loop Time for DT" value="1.000000" />
  <attribute name="Output H" value="8388608"/>
  <attribute name="Output I" value="200"/>
  <attribute name="Output T" value="4"/>
  <attribute name="Target GC Util Change" value ="20.000000" />
  <attribute name="Current GC Util Change" value="107.000000"/>
  <attribute name="GC Util currently" value="107" />
  <attribute name="CPU Util currently" value="7766435210615" />
<exclusive-end id="6425" timestamp="2019-06-15T00:49:51.024" durationms="9.038" />

<exclusive-start id="6426" timestamp="2019-06-15T00:49:51.041" intervalms="25.934">
  <response-info timems="0.154" idlems="0.154" threads="0" lastid="000000000118C700" lastname="main" />
</exclusive-start>
<allocation-taxation id="6427" taxation-threshold="41943040" timestamp="2019-06-15T00:49:51.041" intervalms="25.930" />
<cycle-start id="6428" type="partial gc" contextid="0" timestamp="2019-06-15T00:49:51.041" intervalms="25.938" />
<gc-start id="6429" type="partial gc" contextid="6428" timestamp="2019-06-15T00:49:51.041">
  <mem-info id="6430" free="42991616" total="141557760" percent="30">
    <mem type="eden" free="0" total="41943040" percent="0" />
    <remembered-set count="2592" freebytes="5640192" totalbytes="5650560" percent="99" regionsoverflowed="0" regionsstable="18" regionsrebuilding="0"/>
  </mem-info>
</gc-start>
<allocation-stats totalBytes="39325480" >
  <allocated-bytes non-tlh="0" tlh="39325480" arrayletleaf="0"/>
  <largest-consumer threadName="main" threadId="000000000118C700" bytes="39325480" />
</allocation-stats>
<gc-op id="6431" type="copy forward" timems="4.953" contextid="6428" timestamp="2019-06-15T00:49:51.048">
  <memory-copied type="eden" objects="36" bytes="35032" bytesdiscarded="2616" />
  <memory-copied type="other" objects="36" bytes="864" bytesdiscarded="648" />
  <memory-cardclean objects="85" bytes="2528" />
  <regions eden="40" other="2" />
  <remembered-set-cleared processed="91" cleared="13" durationms="0.134" />
  <stringconstants candidates="13319" cleared="0"  />
</gc-op>
<gc-op id="6432" type="classunload" timems="0.004" contextid="6428" timestamp="2019-06-15T00:49:51.048">
  <classunload-info classloadercandidates="53" classloadersunloaded="0" classesunloaded="0" anonymousclassesunloaded="0" quiescems="0.000" setupms="0.003" scanms="0.000" postms="0.000" />
</gc-op>
<gc-end id="6433" type="partial gc" contextid="6428" durationms="6.604" usertimems="12.000" systemtimems="0.000" timestamp="2019-06-15T00:49:51.048" activeThreads="4">
  <mem-info id="6434" free="83886080" total="141557760" percent="59">
    <mem type="eden" free="1010928" total="1048576" percent="96" />
    <remembered-set count="2976" freebytes="5638656" totalbytes="5650560" percent="99" regionsoverflowed="0" regionsstable="18" regionsrebuilding="0"/>
  </mem-info>
</gc-end>
<cycle-end id="6435" type="partial gc" contextid="6428" timestamp="2019-06-15T00:49:51.048" />
  <attribute name="elasticGC enabled" value="1" />
  <attribute name= "numThreadsSpecified" value="4" />
  <attribute name="heapSize specified" value="0" />
  <attribute name="Current GC Util" value="105" />
  <attribute name= "Current Time Running" value="27938" />
  <attribute name ="GC Interval" value="0" />
  <attribute name="ProportionalT" value="42.500000" />
  <attribute name="ProportionalI" value="42.500000" />
  <attribute name="ProportionalH" value="42.500000" />
  <attribute name="Current Error" value="85.000000" />
  <attribute name="IntegralT" value="85.000000" />
  <attribute name="IntegralI" value="85.000000" />
  <attribute name="IntegralH" value="85.000000" />
  <attribute name="DerivativeT" value="34.500000" />
  <attribute name="DerivativeI" value="34.500000" />
  <attribute name="DerivativeH" value="34.500000" />
  <attribute name="Loop Time for DT" value="1.000000" />
  <attribute name="Output H" value="8388608"/>
  <attribute name="Output I" value="200"/>
  <attribute name="Output T" value="4"/>
  <attribute name="Target GC Util Change" value ="20.000000" />
  <attribute name="Current GC Util Change" value="105.000000"/>
  <attribute name="GC Util currently" value="105" />
  <attribute name="CPU Util currently" value="7457773752264" />
<exclusive-end id="6436" timestamp="2019-06-15T00:49:51.049" durationms="8.024" />

<exclusive-start id="6437" timestamp="2019-06-15T00:49:51.178" intervalms="137.218">
  <response-info timems="0.055" idlems="0.055" threads="0" lastid="000000000118C700" lastname="main" />
</exclusive-start>
<allocation-taxation id="6438" taxation-threshold="41943040" timestamp="2019-06-15T00:49:51.178" intervalms="137.248" />
<cycle-start id="6439" type="partial gc" contextid="0" timestamp="2019-06-15T00:49:51.178" intervalms="137.238" />
<gc-start id="6440" type="partial gc" contextid="6439" timestamp="2019-06-15T00:49:51.179">
  <mem-info id="6441" free="41943040" total="141557760" percent="29">
    <mem type="eden" free="0" total="41943040" percent="0" />
    <remembered-set count="2624" freebytes="5640064" totalbytes="5650560" percent="99" regionsoverflowed="0" regionsstable="18" regionsrebuilding="0"/>
  </mem-info>
</gc-start>
<allocation-stats totalBytes="41939896" >
  <allocated-bytes non-tlh="0" tlh="41939896" arrayletleaf="0"/>
  <largest-consumer threadName="main" threadId="000000000118C700" bytes="41939896" />
</allocation-stats>
<gc-op id="6442" type="copy forward" timems="6.855" contextid="6439" timestamp="2019-06-15T00:49:51.187">
  <memory-copied type="eden" objects="41" bytes="1224" bytesdiscarded="0" />
  <memory-copied type="other" objects="36" bytes="864" bytesdiscarded="1392" />
  <memory-cardclean objects="95" bytes="2856" />
  <regions eden="40" other="2" />
  <remembered-set-cleared processed="91" cleared="9" durationms="0.183" />
  <stringconstants candidates="13319" cleared="0"  />
</gc-op>
<gc-op id="6443" type="classunload" timems="0.004" contextid="6439" timestamp="2019-06-15T00:49:51.187">
  <classunload-info classloadercandidates="53" classloadersunloaded="0" classesunloaded="0" anonymousclassesunloaded="0" quiescems="0.000" setupms="0.004" scanms="0.000" postms="0.000" />
</gc-op>
<gc-end id="6444" type="partial gc" contextid="6439" durationms="8.576" usertimems="12.000" systemtimems="0.000" timestamp="2019-06-15T00:49:51.187" activeThreads="4">
  <mem-info id="6445" free="82837504" total="141557760" percent="58">
    <mem type="eden" free="1047352" total="1048576" percent="99" />
    <remembered-set count="3072" freebytes="5638272" totalbytes="5650560" percent="99" regionsoverflowed="0" regionsstable="18" regionsrebuilding="0"/>
  </mem-info>
</gc-end>
<cycle-end id="6446" type="partial gc" contextid="6439" timestamp="2019-06-15T00:49:51.187" />
  <attribute name="elasticGC enabled" value="1" />
  <attribute name= "numThreadsSpecified" value="4" />
  <attribute name="heapSize specified" value="0" />
  <attribute name="Current GC Util" value="104" />
  <attribute name= "Current Time Running" value="28075" />
  <attribute name ="GC Interval" value="0" />
  <attribute name="ProportionalT" value="42.000000" />
  <attribute name="ProportionalI" value="42.000000" />
  <attribute name="ProportionalH" value="42.000000" />
  <attribute name="Current Error" value="84.000000" />
  <attribute name="IntegralT" value="84.000000" />
  <attribute name="IntegralI" value="84.000000" />
  <attribute name="IntegralH" value="84.000000" />
  <attribute name="DerivativeT" value="42.000000" />
  <attribute name="DerivativeI" value="42.000000" />
  <attribute name="DerivativeH" value="42.000000" />
  <attribute name="Loop Time for DT" value="1.000000" />
  <attribute name="Output H" value="8388608"/>
  <attribute name="Output I" value="200"/>
  <attribute name="Output T" value="4"/>
  <attribute name="Target GC Util Change" value ="20.000000" />
  <attribute name="Current GC Util Change" value="104.000000"/>
  <attribute name="GC Util currently" value="104" />
  <attribute name="CPU Util currently" value="6650456534089" />
<exclusive-end id="6447" timestamp="2019-06-15T00:49:51.188" durationms="9.989" />

<exclusive-start id="6448" timestamp="2019-06-15T00:49:51.215" intervalms="37.318">
  <response-info timems="0.097" idlems="0.097" threads="0" lastid="000000000118C700" lastname="main" />
</exclusive-start>
<allocation-taxation id="6449" taxation-threshold="41943040" timestamp="2019-06-15T00:49:51.215" intervalms="37.280" />
<cycle-start id="6450" type="partial gc" contextid="0" timestamp="2019-06-15T00:49:51.216" intervalms="37.304" />
<gc-start id="6451" type="partial gc" contextid="6450" timestamp="2019-06-15T00:49:51.216">
  <mem-info id="6452" free="40894464" total="141557760" percent="28">
    <mem type="eden" free="0" total="41943040" percent="0" />
    <remembered-set count="2656" freebytes="5639936" totalbytes="5650560" percent="99" regionsoverflowed="0" regionsstable="18" regionsrebuilding="0"/>
  </mem-info>
</gc-start>
<allocation-stats totalBytes="41937688" >
  <allocated-bytes non-tlh="0" tlh="41937688" arrayletleaf="0"/>
  <largest-consumer threadName="main" threadId="000000000118C700" bytes="41937688" />
</allocation-stats>
<gc-op id="6453" type="copy forward" timems="4.562" contextid="6450" timestamp="2019-06-15T00:49:51.222">
  <memory-copied type="eden" objects="6" bytes="208" bytesdiscarded="0" />
  <memory-copied type="other" objects="46" bytes="1336" bytesdiscarded="720" />
  <memory-cardclean objects="74" bytes="2352" />
  <regions eden="40" other="2" />
  <remembered-set-cleared processed="90" cleared="4" durationms="0.124" />
  <stringconstants candidates="13319" cleared="0"  />
</gc-op>
<gc-op id="6454" type="classunload" timems="0.004" contextid="6450" timestamp="2019-06-15T00:49:51.222">
  <classunload-info classloadercandidates="53" classloadersunloaded="0" classesunloaded="0" anonymousclassesunloaded="0" quiescems="0.000" setupms="0.004" scanms="0.000" postms="0.000" />
</gc-op>
<heap-resize id="6455" type="expand" space="default" amount="8388608" count="1" timems="0.098" reason="excessive time being spent in gc" timestamp="2019-06-15T00:49:51.222" />
<gc-end id="6456" type="partial gc" contextid="6450" durationms="6.514" usertimems="8.000" systemtimems="0.000" timestamp="2019-06-15T00:49:51.222" activeThreads="4">
  <mem-info id="6457" free="90177536" total="149946368" percent="60">
    <mem type="eden" free="1048368" total="1048576" percent="99" />
    <remembered-set count="3616" freebytes="5970944" totalbytes="5985408" percent="99" regionsoverflowed="0" regionsstable="18" regionsrebuilding="0"/>
  </mem-info>
</gc-end>
<cycle-end id="6458" type="partial gc" contextid="6450" timestamp="2019-06-15T00:49:51.223" />
  <attribute name="elasticGC enabled" value="1" />
  <attribute name= "numThreadsSpecified" value="4" />
  <attribute name="heapSize specified" value="0" />
  <attribute name="Current GC Util" value="106" />
  <attribute name= "Current Time Running" value="28112" />
  <attribute name ="GC Interval" value="0" />
  <attribute name="ProportionalT" value="43.000000" />
  <attribute name="ProportionalI" value="43.000000" />
  <attribute name="ProportionalH" value="43.000000" />
  <attribute name="Current Error" value="86.000000" />
  <attribute name="IntegralT" value="86.000000" />
  <attribute name="IntegralI" value="86.000000" />
  <attribute name="IntegralH" value="86.000000" />
  <attribute name="DerivativeT" value="38.500000" />
  <attribute name="DerivativeI" value="38.500000" />
  <attribute name="DerivativeH" value="38.500000" />
  <attribute name="Loop Time for DT" value="1.000000" />
  <attribute name="Output H" value="8388608"/>
  <attribute name="Output I" value="200"/>
  <attribute name="Output T" value="4"/>
  <attribute name="Target GC Util Change" value ="20.000000" />
  <attribute name="Current GC Util Change" value="106.000000"/>
  <attribute name="GC Util currently" value="106" />
  <attribute name="CPU Util currently" value="7786130100728" />
<exclusive-end id="6459" timestamp="2019-06-15T00:49:51.223" durationms="7.754" />

<exclusive-start id="6460" timestamp="2019-06-15T00:49:51.263" intervalms="47.493">
  <response-info timems="0.083" idlems="0.083" threads="0" lastid="000000000118C700" lastname="main" />
</exclusive-start>
<allocation-taxation id="6461" taxation-threshold="44040192" timestamp="2019-06-15T00:49:51.263" intervalms="47.452" />
<cycle-start id="6462" type="partial gc" contextid="0" timestamp="2019-06-15T00:49:51.263" intervalms="47.456" />
<gc-start id="6463" type="partial gc" contextid="6462" timestamp="2019-06-15T00:49:51.263">
  <mem-info id="6464" free="46137344" total="149946368" percent="30">
    <mem type="eden" free="1048368" total="45088768" percent="2" />
    <remembered-set count="3168" freebytes="5972736" totalbytes="5985408" percent="99" regionsoverflowed="0" regionsstable="18" regionsrebuilding="0"/>
  </mem-info>
</gc-start>
<allocation-stats totalBytes="44032112" >
  <allocated-bytes non-tlh="0" tlh="44032112" arrayletleaf="0"/>
  <largest-consumer threadName="main" threadId="000000000118C700" bytes="44032112" />
</allocation-stats>
<gc-op id="6465" type="copy forward" timems="1.371" contextid="6462" timestamp="2019-06-15T00:49:51.266">
  <memory-copied type="eden" objects="34" bytes="1216" bytesdiscarded="0" />
  <memory-copied type="other" objects="28" bytes="744" bytesdiscarded="0" />
  <memory-cardclean objects="136" bytes="3696" />
  <regions eden="42" other="2" />
  <remembered-set-cleared processed="92" cleared="12" durationms="0.171" />
  <stringconstants candidates="13319" cleared="0"  />
</gc-op>
<gc-op id="6466" type="classunload" timems="0.004" contextid="6462" timestamp="2019-06-15T00:49:51.266">
  <classunload-info classloadercandidates="53" classloadersunloaded="0" classesunloaded="0" anonymousclassesunloaded="0" quiescems="0.000" setupms="0.003" scanms="0.000" postms="0.000" />
</gc-op>
<gc-end id="6467" type="partial gc" contextid="6462" durationms="2.920" usertimems="4.000" systemtimems="0.000" timestamp="2019-06-15T00:49:51.266" activeThreads="1">
  <mem-info id="6468" free="90177536" total="149946368" percent="60">
    <mem type="eden" free="1047360" total="1048576" percent="99" />
    <remembered-set count="3328" freebytes="5972096" totalbytes="5985408" percent="99" regionsoverflowed="0" regionsstable="18" regionsrebuilding="0"/>
  </mem-info>
</gc-end>
<cycle-end id="6469" type="partial gc" contextid="6462" timestamp="2019-06-15T00:49:51.266" />
  <attribute name="elasticGC enabled" value="1" />
  <attribute name= "numThreadsSpecified" value="1" />
  <attribute name="heapSize specified" value="0" />
  <attribute name="Current GC Util" value="105" />
  <attribute name= "Current Time Running" value="28159" />
  <attribute name ="GC Interval" value="0" />
  <attribute name="ProportionalT" value="42.500000" />
  <attribute name="ProportionalI" value="42.500000" />
  <attribute name="ProportionalH" value="42.500000" />
  <attribute name="Current Error" value="85.000000" />
  <attribute name="IntegralT" value="0.000000" />
  <attribute name="IntegralI" value="0.000000" />
  <attribute name="IntegralH" value="0.000000" />
  <attribute name="DerivativeT" value="inf" />
  <attribute name="DerivativeI" value="inf" />
  <attribute name="DerivativeH" value="inf" />
  <attribute name="Loop Time for DT" value="0.000000" />
  <attribute name="Output H" value="8388608"/>
  <attribute name="Output I" value="200"/>
  <attribute name="Output T" value="1"/>
  <attribute name="Target GC Util Change" value ="20.000000" />
  <attribute name="Current GC Util Change" value="105.000000"/>
  <attribute name="GC Util currently" value="105" />
  <attribute name="CPU Util currently" value="7497445017666" />
<exclusive-end id="6470" timestamp="2019-06-15T00:49:51.267" durationms="3.992" />

<exclusive-start id="6471" timestamp="2019-06-15T00:49:51.301" intervalms="38.193">
  <response-info timems="0.077" idlems="0.077" threads="0" lastid="000000000118C700" lastname="main" />
</exclusive-start>
<allocation-taxation id="6472" taxation-threshold="44040192" timestamp="2019-06-15T00:49:51.301" intervalms="38.130" />
<cycle-start id="6473" type="partial gc" contextid="0" timestamp="2019-06-15T00:49:51.301" intervalms="38.036" />
<gc-start id="6474" type="partial gc" contextid="6473" timestamp="2019-06-15T00:49:51.301">
  <mem-info id="6475" free="46137344" total="149946368" percent="30">
    <mem type="eden" free="0" total="44040192" percent="0" />
    <remembered-set count="3008" freebytes="5973376" totalbytes="5985408" percent="99" regionsoverflowed="0" regionsstable="18" regionsrebuilding="0"/>
  </mem-info>
</gc-start>
<allocation-stats totalBytes="44022648" >
  <allocated-bytes non-tlh="0" tlh="44022648" arrayletleaf="0"/>
  <largest-consumer threadName="main" threadId="000000000118C700" bytes="44022648" />
</allocation-stats>
<gc-op id="6476" type="copy forward" timems="1.389" contextid="6473" timestamp="2019-06-15T00:49:51.304">
  <memory-copied type="eden" objects="19" bytes="888" bytesdiscarded="0" />
  <memory-copied type="other" objects="52" bytes="1480" bytesdiscarded="0" />
  <memory-cardclean objects="120" bytes="3440" />
  <regions eden="42" other="2" />
  <remembered-set-cleared processed="90" cleared="10" durationms="0.171" />
  <stringconstants candidates="13319" cleared="0"  />
</gc-op>
<gc-op id="6477" type="classunload" timems="0.003" contextid="6473" timestamp="2019-06-15T00:49:51.304">
  <classunload-info classloadercandidates="53" classloadersunloaded="0" classesunloaded="0" anonymousclassesunloaded="0" quiescems="0.000" setupms="0.003" scanms="0.000" postms="0.000" />
</gc-op>
<heap-resize id="6478" type="expand" space="default" amount="2097152" count="1" timems="0.065" reason="excessive time being spent in gc" timestamp="2019-06-15T00:49:51.304" />
<gc-end id="6479" type="partial gc" contextid="6473" durationms="3.182" usertimems="0.000" systemtimems="4.000" timestamp="2019-06-15T00:49:51.305" activeThreads="1">
  <mem-info id="6480" free="91226112" total="152043520" percent="60">
    <mem type="eden" free="1047688" total="1048576" percent="99" />
    <remembered-set count="3328" freebytes="6055808" totalbytes="6069120" percent="99" regionsoverflowed="0" regionsstable="18" regionsrebuilding="0"/>
  </mem-info>
</gc-end>
<cycle-end id="6481" type="partial gc" contextid="6473" timestamp="2019-06-15T00:49:51.305" />
  <attribute name="elasticGC enabled" value="1" />
  <attribute name= "numThreadsSpecified" value="1" />
  <attribute name="heapSize specified" value="0" />
  <attribute name="Current GC Util" value="176" />
  <attribute name= "Current Time Running" value="28197" />
  <attribute name ="GC Interval" value="0" />
  <attribute name="ProportionalT" value="78.000000" />
  <attribute name="ProportionalI" value="78.000000" />
  <attribute name="ProportionalH" value="78.000000" />
  <attribute name="Current Error" value="156.000000" />
  <attribute name="IntegralT" value="0.000000" />
  <attribute name="IntegralI" value="0.000000" />
  <attribute name="IntegralH" value="0.000000" />
  <attribute name="DerivativeT" value="inf" />
  <attribute name="DerivativeI" value="inf" />
  <attribute name="DerivativeH" value="inf" />
  <attribute name="Loop Time for DT" value="0.000000" />
  <attribute name="Output H" value="8388608"/>
  <attribute name="Output I" value="200"/>
  <attribute name="Output T" value="1"/>
  <attribute name="Target GC Util Change" value ="20.000000" />
  <attribute name="Current GC Util Change" value="176.000000"/>
  <attribute name="GC Util currently" value="176" />
  <attribute name="CPU Util currently" value="6899424800921" />
<exclusive-end id="6482" timestamp="2019-06-15T00:49:51.305" durationms="4.188" />

<exclusive-start id="6483" timestamp="2019-06-15T00:49:51.363" intervalms="61.945">
  <response-info timems="0.076" idlems="0.076" threads="0" lastid="000000000118C700" lastname="main" />
</exclusive-start>
<allocation-taxation id="6484" taxation-threshold="44040192" timestamp="2019-06-15T00:49:51.363" intervalms="62.009" />
<cycle-start id="6485" type="partial gc" contextid="0" timestamp="2019-06-15T00:49:51.363" intervalms="62.103" />
<gc-start id="6486" type="partial gc" contextid="6485" timestamp="2019-06-15T00:49:51.363">
  <mem-info id="6487" free="47185920" total="152043520" percent="31">
    <mem type="eden" free="1047688" total="45088768" percent="2" />
    <remembered-set count="3040" freebytes="6056960" totalbytes="6069120" percent="99" regionsoverflowed="0" regionsstable="18" regionsrebuilding="0"/>
  </mem-info>
</gc-start>
<allocation-stats totalBytes="44035816" >
  <allocated-bytes non-tlh="0" tlh="44035816" arrayletleaf="0"/>
  <largest-consumer threadName="main" threadId="000000000118C700" bytes="44035816" />
</allocation-stats>
<gc-op id="6488" type="copy forward" timems="5.344" contextid="6485" timestamp="2019-06-15T00:49:51.370">
  <memory-copied type="eden" objects="33" bytes="992" bytesdiscarded="0" />
  <memory-copied type="other" objects="13" bytes="336" bytesdiscarded="0" />
  <memory-cardclean objects="119" bytes="3216" />
  <regions eden="42" other="2" />
  <remembered-set-cleared processed="93" cleared="11" durationms="0.129" />
  <stringconstants candidates="13319" cleared="0"  />
</gc-op>
<gc-op id="6489" type="classunload" timems="0.004" contextid="6485" timestamp="2019-06-15T00:49:51.370">
  <classunload-info classloadercandidates="53" classloadersunloaded="0" classesunloaded="0" anonymousclassesunloaded="0" quiescems="0.000" setupms="0.004" scanms="0.000" postms="0.000" />
</gc-op>
<gc-end id="6490" type="partial gc" contextid="6485" durationms="7.077" usertimems="8.000" systemtimems="0.000" timestamp="2019-06-15T00:49:51.370" activeThreads="4">
  <mem-info id="6491" free="91226112" total="152043520" percent="60">
    <mem type="eden" free="1047584" total="1048576" percent="99" />
    <remembered-set count="2496" freebytes="6059136" totalbytes="6069120" percent="99" regionsoverflowed="0" regionsstable="18" regionsrebuilding="0"/>
  </mem-info>
</gc-end>
<cycle-end id="6492" type="partial gc" contextid="6485" timestamp="2019-06-15T00:49:51.371" />
  <attribute name="elasticGC enabled" value="1" />
  <attribute name= "numThreadsSpecified" value="4" />
  <attribute name="heapSize specified" value="0" />
  <attribute name="Current GC Util" value="197" />
  <attribute name= "Current Time Running" value="28260" />
  <attribute name ="GC Interval" value="0" />
  <attribute name="ProportionalT" value="88.500000" />
  <attribute name="ProportionalI" value="88.500000" />
  <attribute name="ProportionalH" value="88.500000" />
  <attribute name="Current Error" value="177.000000" />
  <attribute name="IntegralT" value="177.000000" />
  <attribute name="IntegralI" value="177.000000" />
  <attribute name="IntegralH" value="177.000000" />
  <attribute name="DerivativeT" value="88.500000" />
  <attribute name="DerivativeI" value="88.500000" />
  <attribute name="DerivativeH" value="88.500000" />
  <attribute name="Loop Time for DT" value="1.000000" />
  <attribute name="Output H" value="8388608"/>
  <attribute name="Output I" value="360"/>
  <attribute name="Output T" value="4"/>
  <attribute name="Target GC Util Change" value ="20.000000" />
  <attribute name="Current GC Util Change" value="197.000000"/>
  <attribute name="GC Util currently" value="197" />
  <attribute name="CPU Util currently" value="7809401601361" />
<exclusive-end id="6493" timestamp="2019-06-15T00:49:51.371" durationms="8.286" />

<exclusive-start id="6494" timestamp="2019-06-15T00:49:51.425" intervalms="62.215">
  <response-info timems="0.091" idlems="0.091" threads="0" lastid="000000000118C700" lastname="main" />
</exclusive-start>
<allocation-taxation id="6495" taxation-threshold="44040192" timestamp="2019-06-15T00:49:51.425" intervalms="62.217" />
<cycle-start id="6496" type="partial gc" contextid="0" timestamp="2019-06-15T00:49:51.425" intervalms="62.217" />
<gc-start id="6497" type="partial gc" contextid="6496" timestamp="2019-06-15T00:49:51.426">
  <mem-info id="6498" free="47185920" total="152043520" percent="31">
    <mem type="eden" free="0" total="44040192" percent="0" />
    <remembered-set count="2176" freebytes="6060416" totalbytes="6069120" percent="99" regionsoverflowed="0" regionsstable="18" regionsrebuilding="0"/>
  </mem-info>
</gc-start>
<allocation-stats totalBytes="44034512" >
  <allocated-bytes non-tlh="0" tlh="44034512" arrayletleaf="0"/>
  <largest-consumer threadName="main" threadId="000000000118C700" bytes="44034512" />
</allocation-stats>
<gc-op id="6499" type="copy forward" timems="5.339" contextid="6496" timestamp="2019-06-15T00:49:51.432">
