<?xml version="1.0" ?>

<verbosegc xmlns="http://www.ibm.com/j9/verbosegc" version="10b4217_CMPRSS">

<initialized id="1" timestamp="2019-06-14T23:32:15.604">
  <attribute name="gcPolicy" value="-Xgcpolicy:gencon" />
  <attribute name="elasticGC enabled" value="1" />
  <attribute name= "numThreadsSpecified" value="0" />
  <attribute name="heapSize specified" value="0" />
  <attribute name="Current GC Util" value="0" />
  <attribute name= "Current Time Running" value="0" />
  <attribute name ="GC Interval" value="0" />
  <attribute name="ProportionalT" value="0.000000" />
  <attribute name="ProportionalI" value="0.000000" />
  <attribute name="ProportionalH" value="0.000000" />
  <attribute name="IntegralT" value="0.000000" />
  <attribute name="IntegralI" value="0.000000" />
  <attribute name="IntegralH" value="0.000000" />
  <attribute name="DerivativeT" value="0.000000" />
  <attribute name="DerivativeI" value="0.000000" />
  <attribute name="DerivativeH" value="0.000000" />
  <attribute name="Target GC Util Change" value ="0.000000" />
  <attribute name="Current GC Util Change" value="0.000000"/>
  <attribute name="Current Error" value="0.000000" />
  <attribute name="Loop Time for DT" value="0.000000" />
  <attribute name="Output H" value="0"/>
  <attribute name="Output I" value="0"/>
  <attribute name="Output T" value="0"/>
  <attribute name="GC Util currently" value="0" />
  <attribute name="CPU Util currently" value="0" />
  <attribute name="maxHeapSize" value="0x7cbc0000" />
  <attribute name="initialHeapSize" value="0x800000" />
  <attribute name="compressedRefs" value="true" />
  <attribute name="compressedRefsDisplacement" value="0x0" />
  <attribute name="compressedRefsShift" value="0x0" />
  <attribute name="pageSize" value="0x1000" />
  <attribute name="pageType" value="not used" />
  <attribute name="requestedPageSize" value="0x1000" />
  <attribute name="requestedPageType" value="not used" />
  <attribute name="gcthreads" value="4" />
  <attribute name="gcthreads Concurrent Mark" value="1" />
  <attribute name="packetListSplit" value="4" />
  <attribute name="cacheListSplit" value="4" />
  <attribute name="splitFreeListSplitAmount" value="1" />
  <attribute name="numaNodes" value="0" />
  <system>
    <attribute name="physicalMemory" value="8370958336" />
    <attribute name="numCPUs" value="4" />
    <attribute name="architecture" value="amd64" />
    <attribute name="os" value="Linux" />
    <attribute name="osVersion" value="4.4.0-150-generic" />
  </system>
  <vmargs>
    <vmarg name="-Xoptionsfile=/vagrant/jdk/lib/options.default" />
    <vmarg name="-Xlockword:mode=default,noLockword=java/lang/String,noLockword=java/util/MapEntry,noLockword=java/util/HashMap$Entry,noLockword..." />
    <vmarg name="-Xjcl:jclse29" />
    <vmarg name="-Dcom.ibm.oti.vm.bootstrap.library.path=/vagrant/jdk/lib/compressedrefs:/vagrant/jdk/lib" />
    <vmarg name="-Dsun.boot.library.path=/vagrant/jdk/lib/compressedrefs:/vagrant/jdk/lib" />
    <vmarg name="-Djava.library.path=/vagrant/jdk/lib/compressedrefs:/vagrant/jdk/lib:/usr/lib64:/usr/lib" />
    <vmarg name="-Djava.home=/vagrant/jdk" />
    <vmarg name="-Duser.dir=/vagrant" />
    <vmarg name="-Xgcpolicy:gencon" />
    <vmarg name="-Xgcelastic" />
    <vmarg name="-Xcheck:gc:::elasticGC" />
    <vmarg name="-verbose:gc" />
    <vmarg name="-Xloggc:jdk0.5-1-1-small-GEN-4CORE-elasticverbose14sunflow.txt" />
    <vmarg name="-Djava.class.path=dacapo-9.12-MR1-bach.jar" />
    <vmarg name="-Dsun.java.command=dacapo-9.12-MR1-bach.jar sunflow --size=small" />
    <vmarg name="-Dsun.java.launcher=SUN_STANDARD" />
    <vmarg name="-Dsun.java.launcher.pid=14340" />
  </vmargs>
</initialized>

<exclusive-start id="2" timestamp="2019-06-14T23:32:15.786" intervalms="181.463">
  <response-info timems="0.020" idlems="0.020" threads="0" lastid="00000000007D4700" lastname="main" />
</exclusive-start>
<af-start id="3" threadId="00000000007D5088" totalBytesRequested="7184" timestamp="2019-06-14T23:32:15.786" intervalms="181.702" type="nursery" />
<cycle-start id="4" type="scavenge" contextid="0" timestamp="2019-06-14T23:32:15.786" intervalms="182.166" />
<gc-start id="5" type="scavenge" contextid="4" timestamp="2019-06-14T23:32:15.792">
  <mem-info id="6" free="6062536" total="8388608" percent="72">
    <mem type="nursery" free="0" total="2097152" percent="0">
      <mem type="allocate" free="0" total="1048576" percent="0" />
      <mem type="survivor" free="0" total="1048576" percent="0" />
    </mem>
    <mem type="tenure" free="6062536" total="6291456" percent="96">
      <mem type="soa" free="5748168" total="5977088" percent="96" />
      <mem type="loa" free="314368" total="314368" percent="100" />
    </mem>
    <remembered-set count="3162" />
  </mem-info>
</gc-start>
<allocation-stats totalBytes="1266840" >
  <allocated-bytes non-tlh="344872" tlh="921968" />
  <largest-consumer threadName="main" threadId="00000000007D4700" bytes="1189008" />
</allocation-stats>
<gc-op id="7" type="scavenge" timems="2.024" contextid="4" timestamp="2019-06-14T23:32:15.794">
  <scavenger-info tenureage="2" tenuremask="fffc" tiltratio="50" />
  <memory-copied type="nursery" objects="10592" bytes="469888" bytesdiscarded="149048" />
  <finalization candidates="11" enqueued="0" />
  <references type="soft" candidates="63" cleared="0" enqueued="0" dynamicThreshold="32" maxThreshold="32" />
  <references type="weak" candidates="312" cleared="177" enqueued="141" />
  <references type="phantom" candidates="25" cleared="6" enqueued="6" />
</gc-op>
<gc-end id="8" type="scavenge" contextid="4" durationms="5.770" usertimems="4.000" systemtimems="0.000" timestamp="2019-06-14T23:32:15.798" activeThreads="4">
  <mem-info id="9" free="6490088" total="8388608" percent="77">
    <mem type="nursery" free="427552" total="2097152" percent="20">
      <mem type="allocate" free="427552" total="1048576" percent="40" />
      <mem type="survivor" free="0" total="1048576" percent="0" />
    </mem>
    <mem type="tenure" free="6062536" total="6291456" percent="96">
      <mem type="soa" free="5748168" total="5977088" percent="96" />
      <mem type="loa" free="314368" total="314368" percent="100" />
    </mem>
    <pending-finalizers system="0" default="0" reference="147" classloader="0" />
    <remembered-set count="3162" />
  </mem-info>
</gc-end>
<cycle-end id="10" type="scavenge" contextid="4" timestamp="2019-06-14T23:32:15.798" />
  <attribute name="elasticGC enabled" value="1" />
  <attribute name= "numThreadsSpecified" value="0" />
  <attribute name="heapSize specified" value="0" />
  <attribute name="Current GC Util" value="0" />
  <attribute name= "Current Time Running" value="74" />
  <attribute name ="GC Interval" value="1" />
  <attribute name="ProportionalT" value="0.000000" />
  <attribute name="ProportionalI" value="0.000000" />
  <attribute name="ProportionalH" value="0.000000" />
  <attribute name="Current Error" value="0.000000" />
  <attribute name="IntegralT" value="0.000000" />
  <attribute name="IntegralI" value="0.000000" />
  <attribute name="IntegralH" value="0.000000" />
  <attribute name="DerivativeT" value="0.000000" />
  <attribute name="DerivativeI" value="0.000000" />
  <attribute name="DerivativeH" value="0.000000" />
  <attribute name="Loop Time for DT" value="0.000000" />
  <attribute name="Output H" value="0"/>
  <attribute name="Output I" value="0"/>
  <attribute name="Output T" value="0"/>
  <attribute name="Target GC Util Change" value ="20.000000" />
  <attribute name="Current GC Util Change" value="0.000000"/>
  <attribute name="GC Util currently" value="0" />
  <attribute name="CPU Util currently" value="26" />
<allocation-satisfied id="11" threadId="00000000007D4700" bytesRequested="7184" />
<af-end id="12" timestamp="2019-06-14T23:32:15.798" threadId="00000000007D5088" success="true" from="nursery"/>
<exclusive-end id="13" timestamp="2019-06-14T23:32:15.798" durationms="12.492" />

<exclusive-start id="14" timestamp="2019-06-14T23:32:16.006" intervalms="220.159">
  <response-info timems="0.194" idlems="0.194" threads="0" lastid="00000000007D4700" lastname="main" />
</exclusive-start>
<af-start id="15" threadId="00000000007D5088" totalBytesRequested="15200" timestamp="2019-06-14T23:32:16.007" intervalms="220.558" type="nursery" />
<cycle-start id="16" type="scavenge" contextid="0" timestamp="2019-06-14T23:32:16.007" intervalms="220.690" />
<gc-start id="17" type="scavenge" contextid="16" timestamp="2019-06-14T23:32:16.026">
  <mem-info id="18" free="6054800" total="8388608" percent="72">
    <mem type="nursery" free="0" total="2097152" percent="0">
      <mem type="allocate" free="0" total="1048576" percent="0" />
      <mem type="survivor" free="0" total="1048576" percent="0" />
    </mem>
    <mem type="tenure" free="6054800" total="6291456" percent="96">
      <mem type="soa" free="5740432" total="5977088" percent="96" />
      <mem type="loa" free="314368" total="314368" percent="100" />
    </mem>
    <remembered-set count="3263" />
  </mem-info>
</gc-start>
<allocation-stats totalBytes="423024" >
  <allocated-bytes non-tlh="14920" tlh="408104" />
  <largest-consumer threadName="main" threadId="00000000007D4700" bytes="411048" />
</allocation-stats>
<gc-op id="19" type="scavenge" timems="4.073" contextid="16" timestamp="2019-06-14T23:32:16.031">
  <scavenger-info tenureage="5" tenuremask="7fe0" tiltratio="50" />
  <memory-copied type="nursery" objects="10902" bytes="486056" bytesdiscarded="215352" />
  <finalization candidates="11" enqueued="0" />
  <references type="soft" candidates="63" cleared="0" enqueued="0" dynamicThreshold="32" maxThreshold="32" />
  <references type="weak" candidates="244" cleared="95" enqueued="92" />
  <references type="phantom" candidates="36" cleared="11" enqueued="11" />
</gc-op>
<gc-end id="20" type="scavenge" contextid="16" durationms="5.687" usertimems="8.000" systemtimems="0.000" timestamp="2019-06-14T23:32:16.032" activeThreads="4">
  <mem-info id="21" free="6400504" total="8388608" percent="76">
    <mem type="nursery" free="345704" total="2097152" percent="16">
      <mem type="allocate" free="345704" total="1048576" percent="32" />
      <mem type="survivor" free="0" total="1048576" percent="0" />
    </mem>
    <mem type="tenure" free="6054800" total="6291456" percent="96">
      <mem type="soa" free="5740432" total="5977088" percent="96" />
      <mem type="loa" free="314368" total="314368" percent="100" />
    </mem>
    <pending-finalizers system="0" default="0" reference="103" classloader="0" />
    <remembered-set count="3263" />
  </mem-info>
</gc-end>
<cycle-end id="22" type="scavenge" contextid="16" timestamp="2019-06-14T23:32:16.032" />
  <attribute name="elasticGC enabled" value="1" />
  <attribute name= "numThreadsSpecified" value="4" />
  <attribute name="heapSize specified" value="0" />
  <attribute name="Current GC Util" value="4" />
  <attribute name= "Current Time Running" value="309" />
  <attribute name ="GC Interval" value="200" />
  <attribute name="ProportionalT" value="-8.000000" />
  <attribute name="ProportionalI" value="-8.000000" />
  <attribute name="ProportionalH" value="-8.000000" />
  <attribute name="Current Error" value="-16.000000" />
  <attribute name="IntegralT" value="-3760.000000" />
  <attribute name="IntegralI" value="-3760.000000" />
  <attribute name="IntegralH" value="-3760.000000" />
  <attribute name="DerivativeT" value="-0.068085" />
  <attribute name="DerivativeI" value="-0.068085" />
  <attribute name="DerivativeH" value="-0.068085" />
  <attribute name="Loop Time for DT" value="235.000000" />
  <attribute name="Output H" value="2092630016"/>
  <attribute name="Output I" value="200"/>
  <attribute name="Output T" value="4"/>
  <attribute name="Target GC Util Change" value ="20.000000" />
  <attribute name="Current GC Util Change" value="4.000000"/>
  <attribute name="GC Util currently" value="4" />
  <attribute name="CPU Util currently" value="5" />
<allocation-satisfied id="23" threadId="00000000007D4700" bytesRequested="15200" />
<af-end id="24" timestamp="2019-06-14T23:32:16.033" threadId="00000000007D5088" success="true" from="nursery"/>
<exclusive-end id="25" timestamp="2019-06-14T23:32:16.033" durationms="27.431" />

<exclusive-start id="26" timestamp="2019-06-14T23:32:16.058" intervalms="52.472">
  <response-info timems="0.093" idlems="0.093" threads="0" lastid="00000000007D4700" lastname="main" />
</exclusive-start>
<af-start id="27" threadId="00000000007D5088" totalBytesRequested="8184" timestamp="2019-06-14T23:32:16.059" intervalms="52.001" type="nursery" />
<cycle-start id="28" type="scavenge" contextid="0" timestamp="2019-06-14T23:32:16.059" intervalms="51.553" />
<gc-start id="29" type="scavenge" contextid="28" timestamp="2019-06-14T23:32:16.059">
  <mem-info id="30" free="6052808" total="8388608" percent="72">
    <mem type="nursery" free="0" total="2097152" percent="0">
      <mem type="allocate" free="0" total="1048576" percent="0" />
      <mem type="survivor" free="0" total="1048576" percent="0" />
    </mem>
    <mem type="tenure" free="6052808" total="6291456" percent="96">
      <mem type="soa" free="5738440" total="5977088" percent="96" />
      <mem type="loa" free="314368" total="314368" percent="100" />
    </mem>
    <remembered-set count="3287" />
  </mem-info>
</gc-start>
<allocation-stats totalBytes="319096" >
  <allocated-bytes non-tlh="17192" tlh="301904" />
  <largest-consumer threadName="main" threadId="00000000007D4700" bytes="310904" />
</allocation-stats>
<gc-op id="31" type="scavenge" timems="1.332" contextid="28" timestamp="2019-06-14T23:32:16.060">
  <scavenger-info tenureage="4" tenuremask="7ff0" tiltratio="50" />
  <memory-copied type="nursery" objects="10921" bytes="489672" bytesdiscarded="98448" />
  <finalization candidates="11" enqueued="0" />
  <references type="soft" candidates="63" cleared="0" enqueued="0" dynamicThreshold="32" maxThreshold="32" />
  <references type="weak" candidates="221" cleared="70" enqueued="70" />
  <references type="phantom" candidates="37" cleared="9" enqueued="9" />
</gc-op>
<gc-end id="32" type="scavenge" contextid="28" durationms="1.756" usertimems="4.000" systemtimems="0.000" timestamp="2019-06-14T23:32:16.061" activeThreads="4">
  <mem-info id="33" free="6511808" total="8388608" percent="77">
    <mem type="nursery" free="459000" total="2097152" percent="21">
      <mem type="allocate" free="459000" total="1048576" percent="43" />
      <mem type="survivor" free="0" total="1048576" percent="0" />
    </mem>
    <mem type="tenure" free="6052808" total="6291456" percent="96">
      <mem type="soa" free="5738440" total="5977088" percent="96" />
      <mem type="loa" free="314368" total="314368" percent="100" />
    </mem>
    <pending-finalizers system="0" default="0" reference="79" classloader="0" />
    <remembered-set count="1017" />
  </mem-info>
</gc-end>
<cycle-end id="34" type="scavenge" contextid="28" timestamp="2019-06-14T23:32:16.061" />
  <attribute name="elasticGC enabled" value="1" />
  <attribute name= "numThreadsSpecified" value="4" />
  <attribute name="heapSize specified" value="0" />
  <attribute name="Current GC Util" value="79" />
  <attribute name= "Current Time Running" value="341" />
  <attribute name ="GC Interval" value="200" />
  <attribute name="ProportionalT" value="29.500000" />
  <attribute name="ProportionalI" value="29.500000" />
  <attribute name="ProportionalH" value="29.500000" />
  <attribute name="Current Error" value="59.000000" />
  <attribute name="IntegralT" value="-1872.000000" />
  <attribute name="IntegralI" value="-1872.000000" />
  <attribute name="IntegralH" value="-1872.000000" />
  <attribute name="DerivativeT" value="1.843750" />
  <attribute name="DerivativeI" value="1.843750" />
  <attribute name="DerivativeH" value="1.843750" />
  <attribute name="Loop Time for DT" value="32.000000" />
  <attribute name="Output H" value="2092630016"/>
  <attribute name="Output I" value="200"/>
  <attribute name="Output T" value="4"/>
  <attribute name="Target GC Util Change" value ="20.000000" />
  <attribute name="Current GC Util Change" value="79.000000"/>
  <attribute name="GC Util currently" value="79" />
  <attribute name="CPU Util currently" value="143780274387" />
<allocation-satisfied id="35" threadId="00000000007D4700" bytesRequested="8184" />
<af-end id="36" timestamp="2019-06-14T23:32:16.061" threadId="00000000007D5088" success="true" from="nursery"/>
<exclusive-end id="37" timestamp="2019-06-14T23:32:16.061" durationms="2.729" />

<exclusive-start id="38" timestamp="2019-06-14T23:32:16.363" intervalms="304.895">
  <response-info timems="0.291" idlems="0.291" threads="0" lastid="00000000007D4700" lastname="main" />
</exclusive-start>
<af-start id="39" threadId="00000000007D5088" totalBytesRequested="264" timestamp="2019-06-14T23:32:16.364" intervalms="305.257" type="nursery" />
<cycle-start id="40" type="scavenge" contextid="0" timestamp="2019-06-14T23:32:16.364" intervalms="305.587" />
<gc-start id="41" type="scavenge" contextid="40" timestamp="2019-06-14T23:32:16.365">
  <mem-info id="42" free="6047336" total="8388608" percent="72">
    <mem type="nursery" free="0" total="2097152" percent="0">
      <mem type="allocate" free="0" total="1048576" percent="0" />
      <mem type="survivor" free="0" total="1048576" percent="0" />
    </mem>
    <mem type="tenure" free="6047336" total="6291456" percent="96">
      <mem type="soa" free="5732968" total="5977088" percent="95" />
      <mem type="loa" free="314368" total="314368" percent="100" />
    </mem>
    <remembered-set count="1105" />
  </mem-info>
</gc-start>
<allocation-stats totalBytes="463112" >
  <allocated-bytes non-tlh="13656" tlh="449456" />
  <largest-consumer threadName="main" threadId="00000000007D4700" bytes="463112" />
</allocation-stats>
<gc-op id="43" type="scavenge" timems="6.363" contextid="40" timestamp="2019-06-14T23:32:16.372">
  <scavenger-info tenureage="3" tenuremask="fff8" tiltratio="50" />
  <memory-copied type="nursery" objects="754" bytes="98272" bytesdiscarded="19160" />
  <memory-copied type="tenure" objects="10308" bytes="460672" bytesdiscarded="8" />
  <finalization candidates="14" enqueued="0" />
  <references type="soft" candidates="1" cleared="0" enqueued="0" dynamicThreshold="32" maxThreshold="32" />
  <references type="weak" candidates="75" cleared="60" enqueued="60" />
  <references type="phantom" candidates="21" cleared="12" enqueued="12" />
</gc-op>
<gc-end id="44" type="scavenge" contextid="40" durationms="7.242" usertimems="12.000" systemtimems="0.000" timestamp="2019-06-14T23:32:16.372" activeThreads="4">
  <mem-info id="45" free="6460112" total="8388608" percent="77">
    <mem type="nursery" free="931072" total="2097152" percent="44">
      <mem type="allocate" free="931072" total="1048576" percent="88" />
      <mem type="survivor" free="0" total="1048576" percent="0" />
    </mem>
    <mem type="tenure" free="5529040" total="6291456" percent="87">
      <mem type="soa" free="5214672" total="5977088" percent="87" />
      <mem type="loa" free="314368" total="314368" percent="100" />
    </mem>
    <pending-finalizers system="0" default="0" reference="72" classloader="0" />
    <remembered-set count="218" />
  </mem-info>
</gc-end>
<cycle-end id="46" type="scavenge" contextid="40" timestamp="2019-06-14T23:32:16.372" />
  <attribute name="elasticGC enabled" value="1" />
  <attribute name= "numThreadsSpecified" value="4" />
  <attribute name="heapSize specified" value="0" />
  <attribute name="Current GC Util" value="0" />
  <attribute name= "Current Time Running" value="647" />
  <attribute name ="GC Interval" value="200" />
  <attribute name="ProportionalT" value="-10.000000" />
  <attribute name="ProportionalI" value="-10.000000" />
  <attribute name="ProportionalH" value="-10.000000" />
  <attribute name="Current Error" value="-20.000000" />
  <attribute name="IntegralT" value="-7992.000000" />
  <attribute name="IntegralI" value="-7992.000000" />
  <attribute name="IntegralH" value="-7992.000000" />
  <attribute name="DerivativeT" value="-0.258170" />
  <attribute name="DerivativeI" value="-0.258170" />
  <attribute name="DerivativeH" value="-0.258170" />
  <attribute name="Loop Time for DT" value="306.000000" />
  <attribute name="Output H" value="2092630016"/>
  <attribute name="Output I" value="200"/>
  <attribute name="Output T" value="4"/>
  <attribute name="Target GC Util Change" value ="20.000000" />
  <attribute name="Current GC Util Change" value="0.000000"/>
  <attribute name="GC Util currently" value="0" />
  <attribute name="CPU Util currently" value="2" />
<allocation-satisfied id="47" threadId="00000000007D4700" bytesRequested="264" />
<af-end id="48" timestamp="2019-06-14T23:32:16.372" threadId="00000000007D5088" success="true" from="nursery"/>
<exclusive-end id="49" timestamp="2019-06-14T23:32:16.373" durationms="9.250" />

<exclusive-start id="50" timestamp="2019-06-14T23:32:16.444" intervalms="81.063">
  <response-info timems="0.035" idlems="0.035" threads="0" lastid="00000000007D4700" lastname="main" />
</exclusive-start>
<af-start id="51" threadId="00000000007D5088" totalBytesRequested="256" timestamp="2019-06-14T23:32:16.444" intervalms="80.650" type="nursery" />
<cycle-start id="52" type="scavenge" contextid="0" timestamp="2019-06-14T23:32:16.445" intervalms="80.265" />
<gc-start id="53" type="scavenge" contextid="52" timestamp="2019-06-14T23:32:16.445">
  <mem-info id="54" free="5439528" total="8388608" percent="64">
    <mem type="nursery" free="0" total="2097152" percent="0">
      <mem type="allocate" free="0" total="1048576" percent="0" />
      <mem type="survivor" free="0" total="1048576" percent="0" />
    </mem>
    <mem type="tenure" free="5439528" total="6291456" percent="86">
      <mem type="soa" free="5125160" total="5977088" percent="85" />
      <mem type="loa" free="314368" total="314368" percent="100" />
    </mem>
    <remembered-set count="1717" />
  </mem-info>
</gc-start>
<allocation-stats totalBytes="1019984" >
  <allocated-bytes non-tlh="211504" tlh="808480" />
  <largest-consumer threadName="main" threadId="00000000007D4700" bytes="1019984" />
</allocation-stats>
<gc-op id="55" type="scavenge" timems="1.140" contextid="52" timestamp="2019-06-14T23:32:16.446">
  <scavenger-info tenureage="3" tenuremask="fff8" tiltratio="50" />
  <memory-copied type="nursery" objects="6401" bytes="329256" bytesdiscarded="68952" />
  <memory-copied type="tenure" objects="296" bytes="14856" bytesdiscarded="0" />
  <finalization candidates="47" enqueued="1" />
  <ownableSynchronizers candidates="1" cleared="0" />
  <references type="soft" candidates="48" cleared="0" enqueued="0" dynamicThreshold="32" maxThreshold="32" />
  <references type="weak" candidates="728" cleared="285" enqueued="195" />
  <references type="phantom" candidates="13" cleared="3" enqueued="3" />
</gc-op>
<gc-end id="56" type="scavenge" contextid="52" durationms="1.374" usertimems="0.000" systemtimems="0.000" timestamp="2019-06-14T23:32:16.446" activeThreads="4">
  <mem-info id="57" free="6050432" total="8388608" percent="72">
    <mem type="nursery" free="650072" total="2097152" percent="30">
      <mem type="allocate" free="650072" total="1048576" percent="61" />
      <mem type="survivor" free="0" total="1048576" percent="0" />
    </mem>
    <mem type="tenure" free="5400360" total="6291456" percent="85">
      <mem type="soa" free="5085992" total="5977088" percent="85" />
      <mem type="loa" free="314368" total="314368" percent="100" />
    </mem>
    <pending-finalizers system="1" default="0" reference="198" classloader="0" />
    <remembered-set count="1675" />
  </mem-info>
</gc-end>
<cycle-end id="58" type="scavenge" contextid="52" timestamp="2019-06-14T23:32:16.446" />
  <attribute name="elasticGC enabled" value="1" />
  <attribute name= "numThreadsSpecified" value="4" />
  <attribute name="heapSize specified" value="0" />
  <attribute name="Current GC Util" value="12" />
  <attribute name= "Current Time Running" value="727" />
  <attribute name ="GC Interval" value="200" />
  <attribute name="ProportionalT" value="-4.000000" />
  <attribute name="ProportionalI" value="-4.000000" />
  <attribute name="ProportionalH" value="-4.000000" />
  <attribute name="Current Error" value="-8.000000" />
  <attribute name="IntegralT" value="-8632.000000" />
  <attribute name="IntegralI" value="-8632.000000" />
  <attribute name="IntegralH" value="-8632.000000" />
  <attribute name="DerivativeT" value="-0.100000" />
  <attribute name="DerivativeI" value="-0.100000" />
  <attribute name="DerivativeH" value="-0.100000" />
  <attribute name="Loop Time for DT" value="80.000000" />
  <attribute name="Output H" value="2092630016"/>
  <attribute name="Output I" value="200"/>
  <attribute name="Output T" value="4"/>
  <attribute name="Target GC Util Change" value ="20.000000" />
  <attribute name="Current GC Util Change" value="12.000000"/>
  <attribute name="GC Util currently" value="12" />
  <attribute name="CPU Util currently" value="9" />
<allocation-satisfied id="59" threadId="00000000007D4700" bytesRequested="256" />
<af-end id="60" timestamp="2019-06-14T23:32:16.446" threadId="00000000007D5088" success="true" from="nursery"/>
<exclusive-end id="61" timestamp="2019-06-14T23:32:16.446" durationms="2.020" />

<exclusive-start id="62" timestamp="2019-06-14T23:32:16.519" intervalms="74.441">
  <response-info timems="0.021" idlems="0.021" threads="0" lastid="00000000007D4700" lastname="main" />
</exclusive-start>
<sys-start reason="explicit" id="63" timestamp="2019-06-14T23:32:16.519" intervalms="914.615" />
<cycle-start id="64" type="global" contextid="0" timestamp="2019-06-14T23:32:16.519" intervalms="914.851" />
<gc-start id="65" type="global" contextid="64" timestamp="2019-06-14T23:32:16.519">
  <mem-info id="66" free="5334464" total="8388608" percent="63">
    <mem type="nursery" free="0" total="2097152" percent="0">
      <mem type="allocate" free="0" total="1048576" percent="0" />
      <mem type="survivor" free="0" total="1048576" percent="0" />
    </mem>
    <mem type="tenure" free="5334464" total="6291456" percent="84">
      <mem type="soa" free="5020096" total="5977088" percent="83" />
      <mem type="loa" free="314368" total="314368" percent="100" />
    </mem>
    <remembered-set count="2564" />
  </mem-info>
</gc-start>
<allocation-stats totalBytes="712912" >
  <allocated-bytes non-tlh="66152" tlh="646760" />
  <largest-consumer threadName="main" threadId="00000000007D4700" bytes="689184" />
</allocation-stats>
<gc-op id="67" type="mark" timems="1.648" contextid="64" timestamp="2019-06-14T23:32:16.521">
  <trace-info objectcount="29298" scancount="23481" scanbytes="761152" />
  <finalization candidates="124" enqueued="0" />
  <ownableSynchronizers candidates="3" cleared="0" />
  <references type="soft" candidates="132" cleared="0" enqueued="0" dynamicThreshold="32" maxThreshold="32" />
  <references type="weak" candidates="755" cleared="72" enqueued="37" />
  <references type="phantom" candidates="39" cleared="1" enqueued="1" />
  <stringconstants candidates="3958" cleared="0"  />
</gc-op>
<gc-op id="68" type="classunload" timems="0.044" contextid="64" timestamp="2019-06-14T23:32:16.521">
  <classunload-info classloadercandidates="7" classloadersunloaded="0" classesunloaded="0" anonymousclassesunloaded="0" quiescems="0.000" setupms="0.044" scanms="0.000" postms="0.000" />
</gc-op>
<gc-op id="69" type="sweep" timems="0.402" contextid="64" timestamp="2019-06-14T23:32:16.522" />
<mem-info id="70" free="5850104" total="8388608" percent="69">
  <mem type="nursery" free="432216" total="2097152" percent="20">
    <mem type="allocate" free="432216" total="1048576" percent="41" />
    <mem type="survivor" free="0" total="1048576" percent="0" />
  </mem>
  <mem type="tenure" free="5417888" total="6291456" percent="86" micro-fragmented="19451" macro-fragmented="0">
    <mem type="soa" free="5103520" total="5977088" percent="85" />
    <mem type="loa" free="314368" total="314368" percent="100" />
  </mem>
  <pending-finalizers system="0" default="0" reference="38" classloader="0" />
  <remembered-set count="2506" />
</mem-info>
<gc-op id="71" type="compact" timems="4.163" contextid="64" timestamp="2019-06-14T23:32:16.526">
  <compact-info movecount="24833" movebytes="1129352" reason="compact to aid heap contraction" />
</gc-op>
<gc-end id="72" type="global" contextid="64" durationms="7.179" usertimems="12.000" systemtimems="0.000" timestamp="2019-06-14T23:32:16.526" activeThreads="4">
  <mem-info id="73" free="6025072" total="8388608" percent="71">
    <mem type="nursery" free="600704" total="2097152" percent="28">
      <mem type="allocate" free="600704" total="1048576" percent="57" />
      <mem type="survivor" free="0" total="1048576" percent="0" />
    </mem>
    <mem type="tenure" free="5424368" total="6291456" percent="86">
      <mem type="soa" free="5110000" total="5977088" percent="85" />
      <mem type="loa" free="314368" total="314368" percent="100" />
    </mem>
    <pending-finalizers system="0" default="0" reference="38" classloader="0" />
    <remembered-set count="2506" />
  </mem-info>
</gc-end>
<cycle-end id="74" type="global" contextid="64" timestamp="2019-06-14T23:32:16.527" />
  <attribute name="elasticGC enabled" value="1" />
  <attribute name= "numThreadsSpecified" value="4" />
  <attribute name="heapSize specified" value="8388608" />
  <attribute name="Current GC Util" value="87" />
  <attribute name= "Current Time Running" value="808" />
  <attribute name ="GC Interval" value="200" />
  <attribute name="ProportionalT" value="33.500000" />
  <attribute name="ProportionalI" value="33.500000" />
  <attribute name="ProportionalH" value="33.500000" />
  <attribute name="Current Error" value="67.000000" />
  <attribute name="IntegralT" value="268.000000" />
  <attribute name="IntegralI" value="268.000000" />
  <attribute name="IntegralH" value="268.000000" />
  <attribute name="DerivativeT" value="16.750000" />
  <attribute name="DerivativeI" value="16.750000" />
  <attribute name="DerivativeH" value="16.750000" />
  <attribute name="Loop Time for DT" value="4.000000" />
  <attribute name="Output H" value="8388608"/>
  <attribute name="Output I" value="320"/>
  <attribute name="Output T" value="4"/>
  <attribute name="Target GC Util Change" value ="20.000000" />
  <attribute name="Current GC Util Change" value="87.000000"/>
  <attribute name="GC Util currently" value="87" />
  <attribute name="CPU Util currently" value="1084087121518" />
<sys-end id="75" timestamp="2019-06-14T23:32:16.527" />
<exclusive-end id="76" timestamp="2019-06-14T23:32:16.527" durationms="7.809" />

<exclusive-start id="77" timestamp="2019-06-14T23:32:16.564" intervalms="44.924">
  <response-info timems="0.075" idlems="0.075" threads="0" lastid="00000000007D4700" lastname="main" />
</exclusive-start>
<af-start id="78" threadId="00000000007D5088" totalBytesRequested="41360" timestamp="2019-06-14T23:32:16.564" intervalms="119.330" type="nursery" />
<cycle-start id="79" type="scavenge" contextid="0" timestamp="2019-06-14T23:32:16.564" intervalms="119.304" />
<gc-start id="80" type="scavenge" contextid="79" timestamp="2019-06-14T23:32:16.564">
  <mem-info id="81" free="5423272" total="8388608" percent="64">
    <mem type="nursery" free="0" total="2097152" percent="0">
      <mem type="allocate" free="0" total="1048576" percent="0" />
      <mem type="survivor" free="0" total="1048576" percent="0" />
    </mem>
    <mem type="tenure" free="5423272" total="6291456" percent="86">
      <mem type="soa" free="5108904" total="5977088" percent="85" />
      <mem type="loa" free="314368" total="314368" percent="100" />
    </mem>
    <remembered-set count="2528" />
  </mem-info>
</gc-start>
<allocation-stats totalBytes="597232" >
  <allocated-bytes non-tlh="83640" tlh="513592" />
  <largest-consumer threadName="main" threadId="00000000007D4700" bytes="589040" />
</allocation-stats>
<gc-op id="82" type="scavenge" timems="0.925" contextid="79" timestamp="2019-06-14T23:32:16.565">
  <scavenger-info tenureage="3" tenuremask="fff8" tiltratio="50" />
  <memory-copied type="nursery" objects="13032" bytes="682648" bytesdiscarded="59200" />
  <memory-copied type="tenure" objects="28" bytes="1800" bytesdiscarded="0" />
  <finalization candidates="113" enqueued="0" />
  <ownableSynchronizers candidates="6" cleared="3" />
  <references type="soft" candidates="70" cleared="0" enqueued="0" dynamicThreshold="27" maxThreshold="32" />
  <references type="weak" candidates="557" cleared="7" enqueued="7" />
  <references type="phantom" candidates="14" cleared="2" enqueued="2" />
</gc-op>
<gc-end id="83" type="scavenge" contextid="79" durationms="1.124" usertimems="0.000" systemtimems="0.000" timestamp="2019-06-14T23:32:16.565" activeThreads="4">
  <mem-info id="84" free="5620448" total="8388608" percent="67">
    <mem type="nursery" free="306232" total="2097152" percent="14">
      <mem type="allocate" free="306232" total="1048576" percent="29" />
      <mem type="survivor" free="0" total="1048576" percent="0" />
    </mem>
    <mem type="tenure" free="5314216" total="6291456" percent="84">
      <mem type="soa" free="4999848" total="5977088" percent="83" />
      <mem type="loa" free="314368" total="314368" percent="100" />
    </mem>
    <pending-finalizers system="0" default="0" reference="9" classloader="0" />
    <remembered-set count="2428" />
  </mem-info>
</gc-end>
<cycle-end id="85" type="scavenge" contextid="79" timestamp="2019-06-14T23:32:16.565" />
  <attribute name="elasticGC enabled" value="1" />
  <attribute name= "numThreadsSpecified" value="4" />
  <attribute name="heapSize specified" value="8388608" />
  <attribute name="Current GC Util" value="14" />
  <attribute name= "Current Time Running" value="846" />
  <attribute name ="GC Interval" value="200" />
  <attribute name="ProportionalT" value="-3.000000" />
  <attribute name="ProportionalI" value="-3.000000" />
  <attribute name="ProportionalH" value="-3.000000" />
  <attribute name="Current Error" value="-6.000000" />
  <attribute name="IntegralT" value="-228.000000" />
  <attribute name="IntegralI" value="-228.000000" />
  <attribute name="IntegralH" value="-228.000000" />
  <attribute name="DerivativeT" value="-1.921053" />
  <attribute name="DerivativeI" value="-1.921053" />
  <attribute name="DerivativeH" value="-1.921053" />
  <attribute name="Loop Time for DT" value="38.000000" />
  <attribute name="Output H" value="2092630016"/>
  <attribute name="Output I" value="200"/>
  <attribute name="Output T" value="4"/>
  <attribute name="Target GC Util Change" value ="20.000000" />
  <attribute name="Current GC Util Change" value="14.000000"/>
  <attribute name="GC Util currently" value="14" />
  <attribute name="CPU Util currently" value="121509064520" />
<allocation-satisfied id="86" threadId="00000000007D4700" bytesRequested="41360" />
<af-end id="87" timestamp="2019-06-14T23:32:16.565" threadId="00000000007D5088" success="true" from="nursery"/>
<exclusive-end id="88" timestamp="2019-06-14T23:32:16.565" durationms="1.555" />

<exclusive-start id="89" timestamp="2019-06-14T23:32:16.571" intervalms="7.166">
  <response-info timems="0.070" idlems="0.070" threads="0" lastid="00000000007D4700" lastname="main" />
</exclusive-start>
<af-start id="90" threadId="00000000007D5088" totalBytesRequested="4104" timestamp="2019-06-14T23:32:16.571" intervalms="7.180" type="nursery" />
<cycle-start id="91" type="scavenge" contextid="0" timestamp="2019-06-14T23:32:16.571" intervalms="7.198" />
<gc-start id="92" type="scavenge" contextid="91" timestamp="2019-06-14T23:32:16.571">
  <mem-info id="93" free="5313176" total="8388608" percent="63">
    <mem type="nursery" free="0" total="2097152" percent="0">
      <mem type="allocate" free="0" total="1048576" percent="0" />
      <mem type="survivor" free="0" total="1048576" percent="0" />
    </mem>
    <mem type="tenure" free="5313176" total="6291456" percent="84">
      <mem type="soa" free="4998808" total="5977088" percent="83" />
      <mem type="loa" free="314368" total="314368" percent="100" />
    </mem>
    <remembered-set count="2443" />
  </mem-info>
</gc-start>
<allocation-stats totalBytes="306736" >
  <allocated-bytes non-tlh="42400" tlh="264336" />
  <largest-consumer threadName="main" threadId="00000000007D4700" bytes="306736" />
</allocation-stats>
<gc-op id="94" type="scavenge" timems="1.085" contextid="91" timestamp="2019-06-14T23:32:16.572">
  <scavenger-info tenureage="2" tenuremask="7ffc" tiltratio="50" />
  <memory-copied type="nursery" objects="9675" bytes="512320" bytesdiscarded="131352" />
  <memory-copied type="tenure" objects="6050" bytes="314168" bytesdiscarded="88" />
  <finalization candidates="113" enqueued="0" />
  <ownableSynchronizers candidates="3" cleared="0" />
  <references type="soft" candidates="24" cleared="0" enqueued="0" dynamicThreshold="27" maxThreshold="32" />
  <references type="weak" candidates="157" cleared="4" enqueued="2" />
  <references type="phantom" candidates="5" cleared="0" enqueued="0" />
</gc-op>
<heap-resize id="95" type="expand" space="nursery" amount="262144" count="1" timems="0.107" reason="excessive time being spent scavenging" timestamp="2019-06-14T23:32:16.573" />
<gc-end id="96" type="scavenge" contextid="91" durationms="1.422" usertimems="0.000" systemtimems="0.000" timestamp="2019-06-14T23:32:16.573" activeThreads="4">
  <mem-info id="97" free="5429544" total="8650752" percent="62">
    <mem type="nursery" free="535712" total="2359296" percent="22">
      <mem type="allocate" free="535712" total="1179648" percent="45" />
      <mem type="survivor" free="0" total="1179648" percent="0" />
    </mem>
    <mem type="tenure" free="4893832" total="6291456" percent="77">
      <mem type="soa" free="4579464" total="5977088" percent="76" />
      <mem type="loa" free="314368" total="314368" percent="100" />
    </mem>
    <pending-finalizers system="0" default="0" reference="2" classloader="0" />
    <remembered-set count="1050" />
  </mem-info>
</gc-end>
<cycle-end id="98" type="scavenge" contextid="91" timestamp="2019-06-14T23:32:16.573" />
  <attribute name="elasticGC enabled" value="1" />
  <attribute name= "numThreadsSpecified" value="4" />
  <attribute name="heapSize specified" value="8388608" />
  <attribute name="Current GC Util" value="25" />
  <attribute name= "Current Time Running" value="853" />
  <attribute name ="GC Interval" value="200" />
  <attribute name="ProportionalT" value="2.500000" />
  <attribute name="ProportionalI" value="2.500000" />
  <attribute name="ProportionalH" value="2.500000" />
  <attribute name="Current Error" value="5.000000" />
  <attribute name="IntegralT" value="35.000000" />
  <attribute name="IntegralI" value="35.000000" />
  <attribute name="IntegralH" value="35.000000" />
  <attribute name="DerivativeT" value="0.714286" />
  <attribute name="DerivativeI" value="0.714286" />
  <attribute name="DerivativeH" value="0.714286" />
  <attribute name="Loop Time for DT" value="7.000000" />
  <attribute name="Output H" value="8388608"/>
  <attribute name="Output I" value="200"/>
  <attribute name="Output T" value="4"/>
  <attribute name="Target GC Util Change" value ="20.000000" />
  <attribute name="Current GC Util Change" value="25.000000"/>
  <attribute name="GC Util currently" value="25" />
  <attribute name="CPU Util currently" value="639961313439" />
<allocation-satisfied id="99" threadId="00000000007D4700" bytesRequested="4104" />
<af-end id="100" timestamp="2019-06-14T23:32:16.573" threadId="00000000007D5088" success="true" from="nursery"/>
<exclusive-end id="101" timestamp="2019-06-14T23:32:16.573" durationms="1.900" />

<exclusive-start id="102" timestamp="2019-06-14T23:32:16.604" intervalms="32.777">
  <response-info timems="0.028" idlems="0.028" threads="0" lastid="00000000007D4700" lastname="main" />
</exclusive-start>
<af-start id="103" threadId="00000000007D5088" totalBytesRequested="130008" timestamp="2019-06-14T23:32:16.604" intervalms="32.795" type="nursery" />
<cycle-start id="104" type="scavenge" contextid="0" timestamp="2019-06-14T23:32:16.604" intervalms="32.807" />
<gc-start id="105" type="scavenge" contextid="104" timestamp="2019-06-14T23:32:16.604">
  <mem-info id="106" free="4963176" total="8650752" percent="57">
    <mem type="nursery" free="92280" total="2359296" percent="3">
      <mem type="allocate" free="92280" total="1179648" percent="7" />
      <mem type="survivor" free="0" total="1179648" percent="0" />
    </mem>
    <mem type="tenure" free="4870896" total="6291456" percent="77">
      <mem type="soa" free="4556528" total="5977088" percent="76" />
      <mem type="loa" free="314368" total="314368" percent="100" />
    </mem>
    <remembered-set count="1403" />
  </mem-info>
</gc-start>
<allocation-stats totalBytes="466288" >
  <allocated-bytes non-tlh="81352" tlh="384936" />
  <largest-consumer threadName="main" threadId="00000000007D4700" bytes="462192" />
</allocation-stats>
<gc-op id="107" type="scavenge" timems="1.006" contextid="104" timestamp="2019-06-14T23:32:16.605">
  <scavenger-info tenureage="1" tenuremask="7ffe" tiltratio="50" />
  <memory-copied type="nursery" objects="4990" bytes="256312" bytesdiscarded="11680" />
  <memory-copied type="tenure" objects="9667" bytes="510048" bytesdiscarded="120" />
  <finalization candidates="67" enqueued="0" />
  <ownableSynchronizers candidates="2" cleared="0" />
  <references type="soft" candidates="9" cleared="0" enqueued="0" dynamicThreshold="27" maxThreshold="32" />
  <references type="weak" candidates="4" cleared="0" enqueued="0" />
</gc-op>
<gc-end id="108" type="scavenge" contextid="104" durationms="1.288" usertimems="4.000" systemtimems="0.000" timestamp="2019-06-14T23:32:16.605" activeThreads="4">
  <mem-info id="109" free="5596800" total="8650752" percent="64">
    <mem type="nursery" free="1108176" total="2359296" percent="46">
      <mem type="allocate" free="1108176" total="1376256" percent="80" />
      <mem type="survivor" free="0" total="983040" percent="0" />
    </mem>
    <mem type="tenure" free="4488624" total="6291456" percent="71">
      <mem type="soa" free="4174256" total="5977088" percent="69" />
      <mem type="loa" free="314368" total="314368" percent="100" />
    </mem>
    <remembered-set count="451" />
  </mem-info>
</gc-end>
<cycle-end id="110" type="scavenge" contextid="104" timestamp="2019-06-14T23:32:16.605" />
  <attribute name="elasticGC enabled" value="1" />
  <attribute name= "numThreadsSpecified" value="4" />
  <attribute name="heapSize specified" value="8388608" />
  <attribute name="Current GC Util" value="5" />
  <attribute name= "Current Time Running" value="886" />
  <attribute name ="GC Interval" value="200" />
  <attribute name="ProportionalT" value="-7.500000" />
  <attribute name="ProportionalI" value="-7.500000" />
  <attribute name="ProportionalH" value="-7.500000" />
  <attribute name="Current Error" value="-15.000000" />
  <attribute name="IntegralT" value="-495.000000" />
  <attribute name="IntegralI" value="-495.000000" />
  <attribute name="IntegralH" value="-495.000000" />
  <attribute name="DerivativeT" value="-0.606061" />
  <attribute name="DerivativeI" value="-0.606061" />
  <attribute name="DerivativeH" value="-0.606061" />
  <attribute name="Loop Time for DT" value="33.000000" />
  <attribute name="Output H" value="2092630016"/>
  <attribute name="Output I" value="200"/>
  <attribute name="Output T" value="4"/>
  <attribute name="Target GC Util Change" value ="20.000000" />
  <attribute name="Current GC Util Change" value="5.000000"/>
  <attribute name="GC Util currently" value="5" />
  <attribute name="CPU Util currently" value="140030017944" />
<allocation-satisfied id="111" threadId="00000000007D4700" bytesRequested="130008" />
<af-end id="112" timestamp="2019-06-14T23:32:16.605" threadId="00000000007D5088" success="true" from="nursery"/>
<exclusive-end id="113" timestamp="2019-06-14T23:32:16.606" durationms="1.835" />

<exclusive-start id="114" timestamp="2019-06-14T23:32:16.665" intervalms="61.431">
  <response-info timems="0.066" idlems="0.066" threads="0" lastid="00000000007D4700" lastname="main" />
</exclusive-start>
<af-start id="115" threadId="00000000007D5088" totalBytesRequested="15368" timestamp="2019-06-14T23:32:16.665" intervalms="61.442" type="nursery" />
<cycle-start id="116" type="scavenge" contextid="0" timestamp="2019-06-14T23:32:16.665" intervalms="61.469" />
<gc-start id="117" type="scavenge" contextid="116" timestamp="2019-06-14T23:32:16.665">
  <mem-info id="118" free="4465784" total="8650752" percent="51">
    <mem type="nursery" free="0" total="2359296" percent="0">
      <mem type="allocate" free="0" total="1376256" percent="0" />
      <mem type="survivor" free="0" total="983040" percent="0" />
    </mem>
    <mem type="tenure" free="4465784" total="6291456" percent="70">
      <mem type="soa" free="4151416" total="5977088" percent="69" />
      <mem type="loa" free="314368" total="314368" percent="100" />
    </mem>
    <remembered-set count="760" />
  </mem-info>
</gc-start>
<allocation-stats totalBytes="1105392" >
  <allocated-bytes non-tlh="205872" tlh="899520" />
  <largest-consumer threadName="main" threadId="00000000007D4700" bytes="1105392" />
</allocation-stats>
<gc-op id="119" type="scavenge" timems="0.575" contextid="116" timestamp="2019-06-14T23:32:16.666">
  <scavenger-info tenureage="1" tenuremask="7ffe" tiltratio="58" />
  <memory-copied type="nursery" objects="1795" bytes="140336" bytesdiscarded="31056" />
  <memory-copied type="tenure" objects="2046" bytes="99936" bytesdiscarded="40" />
  <references type="soft" candidates="5" cleared="0" enqueued="0" dynamicThreshold="27" maxThreshold="32" />
  <references type="weak" candidates="16" cleared="13" enqueued="13" />
  <references type="phantom" candidates="1" cleared="0" enqueued="0" />
</gc-op>
<gc-end id="120" type="scavenge" contextid="116" durationms="0.771" usertimems="0.000" systemtimems="0.000" timestamp="2019-06-14T23:32:16.666" activeThreads="4">
  <mem-info id="121" free="5645000" total="8650752" percent="65">
    <mem type="nursery" free="1335888" total="2359296" percent="56">
      <mem type="allocate" free="1335888" total="1507328" percent="88" />
      <mem type="survivor" free="0" total="851968" percent="0" />
    </mem>
    <mem type="tenure" free="4309112" total="6291456" percent="68">
      <mem type="soa" free="3994744" total="5977088" percent="66" />
      <mem type="loa" free="314368" total="314368" percent="100" />
    </mem>
    <pending-finalizers system="0" default="0" reference="13" classloader="0" />
    <remembered-set count="759" />
  </mem-info>
</gc-end>
<cycle-end id="122" type="scavenge" contextid="116" timestamp="2019-06-14T23:32:16.666" />
  <attribute name="elasticGC enabled" value="1" />
  <attribute name= "numThreadsSpecified" value="4" />
  <attribute name="heapSize specified" value="8388608" />
  <attribute name="Current GC Util" value="3" />
  <attribute name= "Current Time Running" value="947" />
  <attribute name ="GC Interval" value="200" />
  <attribute name="ProportionalT" value="-8.500000" />
  <attribute name="ProportionalI" value="-8.500000" />
  <attribute name="ProportionalH" value="-8.500000" />
  <attribute name="Current Error" value="-17.000000" />
  <attribute name="IntegralT" value="-1037.000000" />
  <attribute name="IntegralI" value="-1037.000000" />
  <attribute name="IntegralH" value="-1037.000000" />
  <attribute name="DerivativeT" value="-0.278689" />
  <attribute name="DerivativeI" value="-0.278689" />
  <attribute name="DerivativeH" value="-0.278689" />
  <attribute name="Loop Time for DT" value="61.000000" />
  <attribute name="Output H" value="2092630016"/>
  <attribute name="Output I" value="200"/>
  <attribute name="Output T" value="4"/>
  <attribute name="Target GC Util Change" value ="20.000000" />
  <attribute name="Current GC Util Change" value="3.000000"/>
  <attribute name="GC Util currently" value="3" />
  <attribute name="CPU Util currently" value="9" />
<allocation-satisfied id="123" threadId="00000000007D4700" bytesRequested="15368" />
<af-end id="124" timestamp="2019-06-14T23:32:16.666" threadId="00000000007D5088" success="true" from="nursery"/>
<exclusive-end id="125" timestamp="2019-06-14T23:32:16.666" durationms="1.354" />

<exclusive-start id="126" timestamp="2019-06-14T23:32:16.688" intervalms="22.619">
  <response-info timems="0.080" idlems="0.080" threads="0" lastid="0000000000B25D00" lastname="Thread-3" />
</exclusive-start>
<af-start id="127" threadId="0000000000B26688" totalBytesRequested="1920" timestamp="2019-06-14T23:32:16.688" intervalms="22.613" type="nursery" />
<cycle-start id="128" type="scavenge" contextid="0" timestamp="2019-06-14T23:32:16.688" intervalms="22.597" />
<gc-start id="129" type="scavenge" contextid="128" timestamp="2019-06-14T23:32:16.688">
  <mem-info id="130" free="4296488" total="8650752" percent="49">
    <mem type="nursery" free="0" total="2359296" percent="0">
      <mem type="allocate" free="0" total="1507328" percent="0" />
      <mem type="survivor" free="0" total="851968" percent="0" />
    </mem>
    <mem type="tenure" free="4296488" total="6291456" percent="68">
      <mem type="soa" free="3982120" total="5977088" percent="66" />
      <mem type="loa" free="314368" total="314368" percent="100" />
    </mem>
    <remembered-set count="932" />
  </mem-info>
</gc-start>
<allocation-stats totalBytes="1338128" >
  <allocated-bytes non-tlh="245112" tlh="1093016" />
  <largest-consumer threadName="main" threadId="00000000007D4700" bytes="614016" />
</allocation-stats>
<gc-op id="131" type="scavenge" timems="2.904" contextid="128" timestamp="2019-06-14T23:32:16.691">
  <scavenger-info tenureage="2" tenuremask="7ffc" tiltratio="63" />
  <memory-copied type="nursery" objects="3693" bytes="692576" bytesdiscarded="159304" />
  <memory-copied type="tenure" objects="3" bytes="162840" bytesdiscarded="0" />
  <copy-failed type="nursery" objects="3" bytes="162840" />
  <references type="soft" candidates="5" cleared="0" enqueued="0" dynamicThreshold="27" maxThreshold="32" />
  <references type="weak" candidates="11" cleared="7" enqueued="7" />
</gc-op>
<heap-resize id="132" type="expand" space="nursery" amount="131072" count="1" timems="0.013" reason="excessive time being spent scavenging" timestamp="2019-06-14T23:32:16.691" />
<gc-end id="133" type="scavenge" contextid="128" durationms="3.553" usertimems="4.000" systemtimems="0.000" timestamp="2019-06-14T23:32:16.692" activeThreads="4">
  <mem-info id="134" free="4526864" total="8781824" percent="51">
    <mem type="nursery" free="393216" total="2490368" percent="15">
      <mem type="allocate" free="393216" total="1245184" percent="31" />
      <mem type="survivor" free="0" total="1245184" percent="0" />
    </mem>
    <mem type="tenure" free="4133648" total="6291456" percent="65">
      <mem type="soa" free="3819280" total="5977088" percent="63" />
      <mem type="loa" free="314368" total="314368" percent="100" />
    </mem>
    <pending-finalizers system="0" default="0" reference="7" classloader="0" />
    <remembered-set count="566" />
  </mem-info>
</gc-end>
<cycle-end id="135" type="scavenge" contextid="128" timestamp="2019-06-14T23:32:16.692" />
  <attribute name="elasticGC enabled" value="1" />
  <attribute name= "numThreadsSpecified" value="4" />
  <attribute name="heapSize specified" value="8388608" />
  <attribute name="Current GC Util" value="4" />
  <attribute name= "Current Time Running" value="970" />
  <attribute name ="GC Interval" value="200" />
  <attribute name="ProportionalT" value="-8.000000" />
  <attribute name="ProportionalI" value="-8.000000" />
  <attribute name="ProportionalH" value="-8.000000" />
  <attribute name="Current Error" value="-16.000000" />
  <attribute name="IntegralT" value="-368.000000" />
  <attribute name="IntegralI" value="-368.000000" />
  <attribute name="IntegralH" value="-368.000000" />
  <attribute name="DerivativeT" value="-0.695652" />
  <attribute name="DerivativeI" value="-0.695652" />
  <attribute name="DerivativeH" value="-0.695652" />
  <attribute name="Loop Time for DT" value="23.000000" />
  <attribute name="Output H" value="2092630016"/>
  <attribute name="Output I" value="200"/>
  <attribute name="Output T" value="4"/>
  <attribute name="Target GC Util Change" value ="20.000000" />
  <attribute name="Current GC Util Change" value="4.000000"/>
  <attribute name="GC Util currently" value="4" />
  <attribute name="CPU Util currently" value="203831552292" />
<allocation-satisfied id="136" threadId="0000000000B25D00" bytesRequested="1920" />
<af-end id="137" timestamp="2019-06-14T23:32:16.692" threadId="0000000000B26688" success="true" from="nursery"/>
<exclusive-end id="138" timestamp="2019-06-14T23:32:16.692" durationms="4.329" />

<exclusive-start id="139" timestamp="2019-06-14T23:32:16.697" intervalms="9.395">
  <response-info timems="0.018" idlems="0.018" threads="0" lastid="0000000000B25D00" lastname="Thread-3" />
</exclusive-start>
<af-start id="140" threadId="0000000000B26688" totalBytesRequested="2600" timestamp="2019-06-14T23:32:16.697" intervalms="9.389" type="nursery" />
<cycle-start id="141" type="scavenge" contextid="0" timestamp="2019-06-14T23:32:16.697" intervalms="9.391" />
<gc-start id="142" type="scavenge" contextid="141" timestamp="2019-06-14T23:32:16.697">
  <mem-info id="143" free="4133648" total="8781824" percent="47">
    <mem type="nursery" free="0" total="2490368" percent="0">
      <mem type="allocate" free="0" total="1245184" percent="0" />
      <mem type="survivor" free="0" total="1245184" percent="0" />
    </mem>
    <mem type="tenure" free="4133648" total="6291456" percent="65">
      <mem type="soa" free="3819280" total="5977088" percent="63" />
      <mem type="loa" free="314368" total="314368" percent="100" />
    </mem>
    <remembered-set count="566" />
  </mem-info>
</gc-start>
<allocation-stats totalBytes="386120" >
  <allocated-bytes non-tlh="1920" tlh="384200" />
  <largest-consumer threadName="Thread-3" threadId="0000000000B25D00" bytes="386120" />
</allocation-stats>
<gc-op id="144" type="scavenge" timems="2.292" contextid="141" timestamp="2019-06-14T23:32:16.700">
  <scavenger-info tenureage="1" tenuremask="7ffe" tiltratio="50" />
  <memory-copied type="nursery" objects="171" bytes="386120" bytesdiscarded="0" />
  <memory-copied type="tenure" objects="3665" bytes="691736" bytesdiscarded="72" />
</gc-op>
<heap-resize id="145" type="expand" space="nursery" amount="393216" count="1" timems="0.013" reason="excessive time being spent scavenging" timestamp="2019-06-14T23:32:16.700" />
<gc-end id="146" type="scavenge" contextid="141" durationms="2.816" usertimems="4.000" systemtimems="0.000" timestamp="2019-06-14T23:32:16.700" activeThreads="4">
  <mem-info id="147" free="4496184" total="9175040" percent="49">
    <mem type="nursery" free="1055672" total="2883584" percent="36">
      <mem type="allocate" free="1055672" total="1441792" percent="73" />
      <mem type="survivor" free="0" total="1441792" percent="0" />
    </mem>
    <mem type="tenure" free="3440512" total="6291456" percent="54">
      <mem type="soa" free="3126144" total="5977088" percent="52" />
      <mem type="loa" free="314368" total="314368" percent="100" />
    </mem>
    <remembered-set count="259" />
  </mem-info>
</gc-end>
<cycle-end id="148" type="scavenge" contextid="141" timestamp="2019-06-14T23:32:16.700" />
  <attribute name="elasticGC enabled" value="1" />
  <attribute name= "numThreadsSpecified" value="4" />
  <attribute name="heapSize specified" value="8388608" />
  <attribute name="Current GC Util" value="33" />
  <attribute name= "Current Time Running" value="979" />
  <attribute name ="GC Interval" value="200" />
  <attribute name="ProportionalT" value="6.500000" />
  <attribute name="ProportionalI" value="6.500000" />
  <attribute name="ProportionalH" value="6.500000" />
  <attribute name="Current Error" value="13.000000" />
  <attribute name="IntegralT" value="117.000000" />
  <attribute name="IntegralI" value="117.000000" />
  <attribute name="IntegralH" value="117.000000" />
  <attribute name="DerivativeT" value="1.444444" />
  <attribute name="DerivativeI" value="1.444444" />
  <attribute name="DerivativeH" value="1.444444" />
  <attribute name="Loop Time for DT" value="9.000000" />
  <attribute name="Output H" value="8388608"/>
  <attribute name="Output I" value="200"/>
  <attribute name="Output T" value="4"/>
  <attribute name="Target GC Util Change" value ="20.000000" />
  <attribute name="Current GC Util Change" value="33.000000"/>
  <attribute name="GC Util currently" value="33" />
  <attribute name="CPU Util currently" value="493811253913" />
<allocation-satisfied id="149" threadId="0000000000B25D00" bytesRequested="2600" />
<af-end id="150" timestamp="2019-06-14T23:32:16.700" threadId="0000000000B26688" success="true" from="nursery"/>
<exclusive-end id="151" timestamp="2019-06-14T23:32:16.701" durationms="3.408" />

<exclusive-start id="152" timestamp="2019-06-14T23:32:16.728" intervalms="31.088">
  <response-info timems="0.070" idlems="0.070" threads="0" lastid="0000000000B2D500" lastname="Thread-5" />
</exclusive-start>
<af-start id="153" threadId="0000000000B2DE88" totalBytesRequested="48" timestamp="2019-06-14T23:32:16.728" intervalms="31.114" type="nursery" />
<cycle-start id="154" type="scavenge" contextid="0" timestamp="2019-06-14T23:32:16.728" intervalms="31.128" />
<gc-start id="155" type="scavenge" contextid="154" timestamp="2019-06-14T23:32:16.729">
  <mem-info id="156" free="3438320" total="9175040" percent="37">
    <mem type="nursery" free="0" total="2883584" percent="0">
      <mem type="allocate" free="0" total="1441792" percent="0" />
      <mem type="survivor" free="0" total="1441792" percent="0" />
    </mem>
    <mem type="tenure" free="3438320" total="6291456" percent="54">
      <mem type="soa" free="3123952" total="5977088" percent="52" />
      <mem type="loa" free="314368" total="314368" percent="100" />
    </mem>
    <remembered-set count="299" />
  </mem-info>
</gc-start>
<allocation-stats totalBytes="1055136" >
  <allocated-bytes non-tlh="136920" tlh="918216" />
  <largest-consumer threadName="Thread-3" threadId="0000000000B25D00" bytes="564736" />
</allocation-stats>
<gc-op id="157" type="scavenge" timems="0.500" contextid="154" timestamp="2019-06-14T23:32:16.729">
  <scavenger-info tenureage="1" tenuremask="7ffe" tiltratio="50" />
  <memory-copied type="nursery" objects="1589" bytes="580288" bytesdiscarded="59352" />
  <memory-copied type="tenure" objects="171" bytes="386120" bytesdiscarded="0" />
</gc-op>
<gc-end id="158" type="scavenge" contextid="154" durationms="0.842" usertimems="0.000" systemtimems="0.000" timestamp="2019-06-14T23:32:16.729" activeThreads="4">
  <mem-info id="159" free="3854352" total="9175040" percent="42">
    <mem type="nursery" free="802152" total="2883584" percent="27">
      <mem type="allocate" free="802152" total="1441792" percent="55" />
      <mem type="survivor" free="0" total="1441792" percent="0" />
    </mem>
    <mem type="tenure" free="3052200" total="6291456" percent="48">
      <mem type="soa" free="2737832" total="5977088" percent="45" />
      <mem type="loa" free="314368" total="314368" percent="100" />
    </mem>
    <remembered-set count="126" />
  </mem-info>
</gc-end>
<cycle-end id="160" type="scavenge" contextid="154" timestamp="2019-06-14T23:32:16.730" />
  <attribute name="elasticGC enabled" value="1" />
  <attribute name= "numThreadsSpecified" value="4" />
  <attribute name="heapSize specified" value="8388608" />
  <attribute name="Current GC Util" value="8" />
  <attribute name= "Current Time Running" value="1011" />
  <attribute name ="GC Interval" value="200" />
  <attribute name="ProportionalT" value="-6.000000" />
  <attribute name="ProportionalI" value="-6.000000" />
  <attribute name="ProportionalH" value="-6.000000" />
  <attribute name="Current Error" value="-12.000000" />
  <attribute name="IntegralT" value="-384.000000" />
  <attribute name="IntegralI" value="-384.000000" />
  <attribute name="IntegralH" value="-384.000000" />
  <attribute name="DerivativeT" value="-0.781250" />
  <attribute name="DerivativeI" value="-0.781250" />
  <attribute name="DerivativeH" value="-0.781250" />
  <attribute name="Loop Time for DT" value="32.000000" />
  <attribute name="Output H" value="2092630016"/>
  <attribute name="Output I" value="200"/>
  <attribute name="Output T" value="4"/>
  <attribute name="Target GC Util Change" value ="20.000000" />
  <attribute name="Current GC Util Change" value="8.000000"/>
  <attribute name="GC Util currently" value="8" />
  <attribute name="CPU Util currently" value="147486272563" />
<allocation-satisfied id="161" threadId="0000000000B2D500" bytesRequested="48" />
<af-end id="162" timestamp="2019-06-14T23:32:16.730" threadId="0000000000B2DE88" success="true" from="nursery"/>
<exclusive-end id="163" timestamp="2019-06-14T23:32:16.730" durationms="1.485" />

<exclusive-start id="164" timestamp="2019-06-14T23:32:16.748" intervalms="19.875">
  <response-info timems="0.047" idlems="0.047" threads="0" lastid="0000000000B2D500" lastname="Thread-5" />
</exclusive-start>
<af-start id="165" threadId="0000000000B2DE88" totalBytesRequested="192488" timestamp="2019-06-14T23:32:16.748" intervalms="19.816" type="nursery" />
<cycle-start id="166" type="scavenge" contextid="0" timestamp="2019-06-14T23:32:16.748" intervalms="19.756" />
<gc-start id="167" type="scavenge" contextid="166" timestamp="2019-06-14T23:32:16.748">
  <mem-info id="168" free="3210992" total="9175040" percent="34">
    <mem type="nursery" free="159024" total="2883584" percent="5">
      <mem type="allocate" free="159024" total="1441792" percent="11" />
      <mem type="survivor" free="0" total="1441792" percent="0" />
    </mem>
    <mem type="tenure" free="3051968" total="6291456" percent="48">
      <mem type="soa" free="2737600" total="5977088" percent="45" />
      <mem type="loa" free="314368" total="314368" percent="100" />
    </mem>
    <remembered-set count="131" />
  </mem-info>
</gc-start>
<allocation-stats totalBytes="643256" >
  <allocated-bytes non-tlh="196896" tlh="446360" />
  <largest-consumer threadName="Thread-5" threadId="0000000000B2D500" bytes="639160" />
</allocation-stats>
<gc-op id="169" type="scavenge" timems="0.470" contextid="166" timestamp="2019-06-14T23:32:16.749">
  <scavenger-info tenureage="1" tenuremask="7ffe" tiltratio="50" />
  <memory-copied type="nursery" objects="2767" bytes="338216" bytesdiscarded="129256" />
  <memory-copied type="tenure" objects="1578" bytes="580048" bytesdiscarded="208" />
</gc-op>
<gc-end id="170" type="scavenge" contextid="166" durationms="0.652" usertimems="0.000" systemtimems="0.000" timestamp="2019-06-14T23:32:16.749" activeThreads="4">
  <mem-info id="171" free="3446160" total="9175040" percent="37">
    <mem type="nursery" free="1105392" total="2883584" percent="38">
      <mem type="allocate" free="1105392" total="1572864" percent="70" />
      <mem type="survivor" free="0" total="1310720" percent="0" />
    </mem>
    <mem type="tenure" free="2340768" total="6291456" percent="37">
      <mem type="soa" free="2026400" total="5977088" percent="33" />
      <mem type="loa" free="314368" total="314368" percent="100" />
    </mem>
    <remembered-set count="136" />
  </mem-info>
</gc-end>
<cycle-end id="172" type="scavenge" contextid="166" timestamp="2019-06-14T23:32:16.749" />
  <attribute name="elasticGC enabled" value="1" />
  <attribute name= "numThreadsSpecified" value="4" />
  <attribute name="heapSize specified" value="8388608" />
  <attribute name="Current GC Util" value="4" />
  <attribute name= "Current Time Running" value="1030" />
  <attribute name ="GC Interval" value="200" />
  <attribute name="ProportionalT" value="-8.000000" />
  <attribute name="ProportionalI" value="-8.000000" />
  <attribute name="ProportionalH" value="-8.000000" />
  <attribute name="Current Error" value="-16.000000" />
  <attribute name="IntegralT" value="-304.000000" />
  <attribute name="IntegralI" value="-304.000000" />
  <attribute name="IntegralH" value="-304.000000" />
  <attribute name="DerivativeT" value="-0.842105" />
  <attribute name="DerivativeI" value="-0.842105" />
  <attribute name="DerivativeH" value="-0.842105" />
  <attribute name="Loop Time for DT" value="19.000000" />
  <attribute name="Output H" value="2092630016"/>
  <attribute name="Output I" value="200"/>
  <attribute name="Output T" value="4"/>
  <attribute name="Target GC Util Change" value ="20.000000" />
  <attribute name="Current GC Util Change" value="4.000000"/>
  <attribute name="GC Util currently" value="4" />
  <attribute name="CPU Util currently" value="235544442864" />
<allocation-satisfied id="173" threadId="0000000000B2D500" bytesRequested="192488" />
<af-end id="174" timestamp="2019-06-14T23:32:16.749" threadId="0000000000B2DE88" success="true" from="nursery"/>
<exclusive-end id="175" timestamp="2019-06-14T23:32:16.749" durationms="1.088" />

<exclusive-start id="176" timestamp="2019-06-14T23:32:16.797" intervalms="48.831">
  <response-info timems="0.069" idlems="0.069" threads="0" lastid="0000000000B2D500" lastname="Thread-5" />
</exclusive-start>
<af-start id="177" threadId="0000000000B2DE88" totalBytesRequested="9176" timestamp="2019-06-14T23:32:16.797" intervalms="48.848" type="nursery" />
<cycle-start id="178" type="scavenge" contextid="0" timestamp="2019-06-14T23:32:16.797" intervalms="48.852" />
<gc-start id="179" type="scavenge" contextid="178" timestamp="2019-06-14T23:32:16.797">
  <mem-info id="180" free="2340768" total="9175040" percent="25">
    <mem type="nursery" free="0" total="2883584" percent="0">
      <mem type="allocate" free="0" total="1572864" percent="0" />
      <mem type="survivor" free="0" total="1310720" percent="0" />
    </mem>
    <mem type="tenure" free="2340768" total="6291456" percent="37">
      <mem type="soa" free="2026400" total="5977088" percent="33" />
      <mem type="loa" free="314368" total="314368" percent="100" />
    </mem>
    <remembered-set count="136" />
  </mem-info>
</gc-start>
<allocation-stats totalBytes="1097040" >
  <allocated-bytes non-tlh="518160" tlh="578880" />
  <largest-consumer threadName="Thread-5" threadId="0000000000B2D500" bytes="1097040" />
</allocation-stats>
<gc-op id="181" type="scavenge" timems="0.436" contextid="178" timestamp="2019-06-14T23:32:16.798">
  <scavenger-info tenureage="1" tenuremask="7ffe" tiltratio="54" />
  <memory-copied type="nursery" objects="16" bytes="186856" bytesdiscarded="30504" />
  <memory-copied type="tenure" objects="2762" bytes="133280" bytesdiscarded="0" />
</gc-op>
<gc-end id="182" type="scavenge" contextid="178" durationms="0.693" usertimems="0.000" systemtimems="0.000" timestamp="2019-06-14T23:32:16.798" activeThreads="4">
  <mem-info id="183" free="3822992" total="9175040" percent="41">
    <mem type="nursery" free="1552112" total="2883584" percent="53">
      <mem type="allocate" free="1552112" total="1769472" percent="87" />
      <mem type="survivor" free="0" total="1114112" percent="0" />
    </mem>
    <mem type="tenure" free="2270880" total="6291456" percent="36">
      <mem type="soa" free="1956512" total="5977088" percent="32" />
      <mem type="loa" free="314368" total="314368" percent="100" />
    </mem>
    <remembered-set count="112" />
  </mem-info>
</gc-end>
<cycle-end id="184" type="scavenge" contextid="178" timestamp="2019-06-14T23:32:16.798" />
  <attribute name="elasticGC enabled" value="1" />
  <attribute name= "numThreadsSpecified" value="4" />
  <attribute name="heapSize specified" value="8388608" />
  <attribute name="Current GC Util" value="2" />
  <attribute name= "Current Time Running" value="1079" />
  <attribute name ="GC Interval" value="200" />
  <attribute name="ProportionalT" value="-9.000000" />
  <attribute name="ProportionalI" value="-9.000000" />
  <attribute name="ProportionalH" value="-9.000000" />
  <attribute name="Current Error" value="-18.000000" />
  <attribute name="IntegralT" value="-882.000000" />
  <attribute name="IntegralI" value="-882.000000" />
  <attribute name="IntegralH" value="-882.000000" />
  <attribute name="DerivativeT" value="-0.367347" />
  <attribute name="DerivativeI" value="-0.367347" />
  <attribute name="DerivativeH" value="-0.367347" />
  <attribute name="Loop Time for DT" value="49.000000" />
  <attribute name="Output H" value="2092630016"/>
  <attribute name="Output I" value="200"/>
  <attribute name="Output T" value="4"/>
  <attribute name="Target GC Util Change" value ="20.000000" />
  <attribute name="Current GC Util Change" value="2.000000"/>
  <attribute name="GC Util currently" value="2" />
  <attribute name="CPU Util currently" value="2" />
<allocation-satisfied id="185" threadId="0000000000B2D500" bytesRequested="9176" />
<af-end id="186" timestamp="2019-06-14T23:32:16.798" threadId="0000000000B2DE88" success="true" from="nursery"/>
<exclusive-end id="187" timestamp="2019-06-14T23:32:16.798" durationms="1.325" />

<exclusive-start id="188" timestamp="2019-06-14T23:32:16.820" intervalms="22.921">
  <response-info timems="0.029" idlems="0.029" threads="0" lastid="0000000000B2D500" lastname="Thread-5" />
</exclusive-start>
<af-start id="189" threadId="0000000000B2DE88" totalBytesRequested="31000" timestamp="2019-06-14T23:32:16.820" intervalms="22.921" type="nursery" />
<cycle-start id="190" type="scavenge" contextid="0" timestamp="2019-06-14T23:32:16.820" intervalms="22.921" />
<gc-start id="191" type="scavenge" contextid="190" timestamp="2019-06-14T23:32:16.820">
  <mem-info id="192" free="2270880" total="9175040" percent="24">
    <mem type="nursery" free="0" total="2883584" percent="0">
      <mem type="allocate" free="0" total="1769472" percent="0" />
      <mem type="survivor" free="0" total="1114112" percent="0" />
    </mem>
    <mem type="tenure" free="2270880" total="6291456" percent="36">
      <mem type="soa" free="1956512" total="5977088" percent="32" />
      <mem type="loa" free="314368" total="314368" percent="100" />
    </mem>
    <remembered-set count="112" />
  </mem-info>
</gc-start>
<allocation-stats totalBytes="1539240" >
  <allocated-bytes non-tlh="9176" tlh="1530064" />
  <largest-consumer threadName="Thread-5" threadId="0000000000B2D500" bytes="1539240" />
</allocation-stats>
<gc-op id="193" type="scavenge" timems="0.273" contextid="190" timestamp="2019-06-14T23:32:16.820">
  <scavenger-info tenureage="1" tenuremask="7ffe" tiltratio="61" />
  <memory-copied type="nursery" objects="36" bytes="58528" bytesdiscarded="52688" />
  <memory-copied type="tenure" objects="3" bytes="98352" bytesdiscarded="0" />
</gc-op>
<gc-end id="194" type="scavenge" contextid="190" durationms="0.471" usertimems="0.000" systemtimems="0.000" timestamp="2019-06-14T23:32:16.821" activeThreads="4">
  <mem-info id="195" free="4027480" total="9175040" percent="43">
    <mem type="nursery" free="1854864" total="2883584" percent="64">
      <mem type="allocate" free="1854864" total="1966080" percent="94" />
      <mem type="survivor" free="0" total="917504" percent="0" />
    </mem>
    <mem type="tenure" free="2172616" total="6291456" percent="34">
      <mem type="soa" free="1858248" total="5977088" percent="31" />
      <mem type="loa" free="314368" total="314368" percent="100" />
    </mem>
    <remembered-set count="111" />
  </mem-info>
</gc-end>
<cycle-end id="196" type="scavenge" contextid="190" timestamp="2019-06-14T23:32:16.821" />
  <attribute name="elasticGC enabled" value="1" />
  <attribute name= "numThreadsSpecified" value="4" />
  <attribute name="heapSize specified" value="8388608" />
  <attribute name="Current GC Util" value="4" />
  <attribute name= "Current Time Running" value="1102" />
  <attribute name ="GC Interval" value="200" />
  <attribute name="ProportionalT" value="-8.000000" />
  <attribute name="ProportionalI" value="-8.000000" />
  <attribute name="ProportionalH" value="-8.000000" />
  <attribute name="Current Error" value="-16.000000" />
  <attribute name="IntegralT" value="-368.000000" />
  <attribute name="IntegralI" value="-368.000000" />
  <attribute name="IntegralH" value="-368.000000" />
  <attribute name="DerivativeT" value="-0.695652" />
  <attribute name="DerivativeI" value="-0.695652" />
  <attribute name="DerivativeH" value="-0.695652" />
  <attribute name="Loop Time for DT" value="23.000000" />
  <attribute name="Output H" value="2092630016"/>
  <attribute name="Output I" value="200"/>
  <attribute name="Output T" value="4"/>
  <attribute name="Target GC Util Change" value ="20.000000" />
  <attribute name="Current GC Util Change" value="4.000000"/>
  <attribute name="GC Util currently" value="4" />
  <attribute name="CPU Util currently" value="200984928830" />
<allocation-satisfied id="197" threadId="0000000000B2D500" bytesRequested="31000" />
<af-end id="198" timestamp="2019-06-14T23:32:16.821" threadId="0000000000B2DE88" success="true" from="nursery"/>
<exclusive-end id="199" timestamp="2019-06-14T23:32:16.821" durationms="0.938" />

<exclusive-start id="200" timestamp="2019-06-14T23:32:16.824" intervalms="3.946">
  <response-info timems="0.022" idlems="0.022" threads="0" lastid="0000000000B2D500" lastname="Thread-5" />
</exclusive-start>
<af-start id="201" threadId="0000000000B2DE88" totalBytesRequested="1016" timestamp="2019-06-14T23:32:16.824" intervalms="3.926" type="nursery" />
<cycle-start id="202" type="scavenge" contextid="0" timestamp="2019-06-14T23:32:16.824" intervalms="3.916" />
<gc-start id="203" type="scavenge" contextid="202" timestamp="2019-06-14T23:32:16.824">
  <mem-info id="204" free="2172616" total="9175040" percent="23">
    <mem type="nursery" free="0" total="2883584" percent="0">
      <mem type="allocate" free="0" total="1966080" percent="0" />
      <mem type="survivor" free="0" total="917504" percent="0" />
    </mem>
    <mem type="tenure" free="2172616" total="6291456" percent="34">
      <mem type="soa" free="1858248" total="5977088" percent="31" />
      <mem type="loa" free="314368" total="314368" percent="100" />
    </mem>
    <remembered-set count="111" />
  </mem-info>
</gc-start>
<allocation-stats totalBytes="1830936" >
  <allocated-bytes non-tlh="31000" tlh="1799936" />
  <largest-consumer threadName="Thread-5" threadId="0000000000B2D500" bytes="1830936" />
</allocation-stats>
<gc-op id="205" type="scavenge" timems="0.162" contextid="202" timestamp="2019-06-14T23:32:16.824">
  <scavenger-info tenureage="2" tenuremask="7ffc" tiltratio="68" />
  <memory-copied type="nursery" objects="22" bytes="142680" bytesdiscarded="20200" />
</gc-op>
<gc-end id="206" type="scavenge" contextid="202" durationms="0.339" usertimems="0.000" systemtimems="0.000" timestamp="2019-06-14T23:32:16.824" activeThreads="4">
  <mem-info id="207" free="4106888" total="9175040" percent="44">
    <mem type="nursery" free="1934272" total="2883584" percent="67">
      <mem type="allocate" free="1934272" total="2097152" percent="92" />
      <mem type="survivor" free="0" total="786432" percent="0" />
    </mem>
    <mem type="tenure" free="2172616" total="6291456" percent="34">
      <mem type="soa" free="1858248" total="5977088" percent="31" />
      <mem type="loa" free="314368" total="314368" percent="100" />
    </mem>
    <remembered-set count="110" />
  </mem-info>
</gc-end>
<cycle-end id="208" type="scavenge" contextid="202" timestamp="2019-06-14T23:32:16.824" />
  <attribute name="elasticGC enabled" value="1" />
  <attribute name= "numThreadsSpecified" value="4" />
  <attribute name="heapSize specified" value="8388608" />
  <attribute name="Current GC Util" value="15" />
  <attribute name= "Current Time Running" value="1106" />
  <attribute name ="GC Interval" value="200" />
  <attribute name="ProportionalT" value="-2.500000" />
  <attribute name="ProportionalI" value="-2.500000" />
  <attribute name="ProportionalH" value="-2.500000" />
  <attribute name="Current Error" value="-5.000000" />
  <attribute name="IntegralT" value="-20.000000" />
  <attribute name="IntegralI" value="-20.000000" />
  <attribute name="IntegralH" value="-20.000000" />
  <attribute name="DerivativeT" value="-1.250000" />
  <attribute name="DerivativeI" value="-1.250000" />
  <attribute name="DerivativeH" value="-1.250000" />
  <attribute name="Loop Time for DT" value="4.000000" />
  <attribute name="Output H" value="2092630016"/>
  <attribute name="Output I" value="200"/>
  <attribute name="Output T" value="4"/>
  <attribute name="Target GC Util Change" value ="20.000000" />
  <attribute name="Current GC Util Change" value="15.000000"/>
  <attribute name="GC Util currently" value="15" />
  <attribute name="CPU Util currently" value="1186115540585" />
<allocation-satisfied id="209" threadId="0000000000B2D500" bytesRequested="1016" />
<af-end id="210" timestamp="2019-06-14T23:32:16.824" threadId="0000000000B2DE88" success="true" from="nursery"/>
<exclusive-end id="211" timestamp="2019-06-14T23:32:16.825" durationms="0.760" />

<exclusive-start id="212" timestamp="2019-06-14T23:32:16.836" intervalms="12.236">
  <response-info timems="0.065" idlems="0.065" threads="0" lastid="0000000000B31100" lastname="Thread-7" />
</exclusive-start>
<af-start id="213" threadId="0000000000B31A88" totalBytesRequested="48" timestamp="2019-06-14T23:32:16.836" intervalms="12.240" type="nursery" />
<cycle-start id="214" type="scavenge" contextid="0" timestamp="2019-06-14T23:32:16.836" intervalms="12.241" />
<gc-start id="215" type="scavenge" contextid="214" timestamp="2019-06-14T23:32:16.836">
  <mem-info id="216" free="2167176" total="9175040" percent="23">
    <mem type="nursery" free="0" total="2883584" percent="0">
      <mem type="allocate" free="0" total="2097152" percent="0" />
      <mem type="survivor" free="0" total="786432" percent="0" />
    </mem>
    <mem type="tenure" free="2167176" total="6291456" percent="34">
      <mem type="soa" free="1852808" total="5977088" percent="30" />
      <mem type="loa" free="314368" total="314368" percent="100" />
    </mem>
    <remembered-set count="195" />
  </mem-info>
</gc-start>
<allocation-stats totalBytes="1912176" >
  <allocated-bytes non-tlh="429944" tlh="1482232" />
  <largest-consumer threadName="Thread-7" threadId="0000000000B31100" bytes="162912" />
</allocation-stats>
<gc-op id="217" type="scavenge" timems="1.874" contextid="214" timestamp="2019-06-14T23:32:16.838">
  <scavenger-info tenureage="3" tenuremask="7ff8" tiltratio="72" />
  <memory-copied type="nursery" objects="2019" bytes="262072" bytesdiscarded="224504" />
</gc-op>
<heap-resize id="218" type="expand" space="nursery" amount="262144" count="1" timems="0.014" reason="excessive time being spent scavenging" timestamp="2019-06-14T23:32:16.838" />
<gc-end id="219" type="scavenge" contextid="214" durationms="2.380" usertimems="4.000" systemtimems="0.000" timestamp="2019-06-14T23:32:16.839" activeThreads="4">
  <mem-info id="220" free="4039856" total="9437184" percent="42">
    <mem type="nursery" free="1872680" total="3145728" percent="59">
      <mem type="allocate" free="1872680" total="2359296" percent="79" />
      <mem type="survivor" free="0" total="786432" percent="0" />
    </mem>
    <mem type="tenure" free="2167176" total="6291456" percent="34">
      <mem type="soa" free="1852808" total="5977088" percent="30" />
      <mem type="loa" free="314368" total="314368" percent="100" />
    </mem>
    <remembered-set count="189" />
  </mem-info>
</gc-end>
<cycle-end id="221" type="scavenge" contextid="214" timestamp="2019-06-14T23:32:16.839" />
  <attribute name="elasticGC enabled" value="1" />
  <attribute name= "numThreadsSpecified" value="4" />
  <attribute name="heapSize specified" value="8388608" />
  <attribute name="Current GC Util" value="3" />
  <attribute name= "Current Time Running" value="1118" />
  <attribute name ="GC Interval" value="200" />
  <attribute name="ProportionalT" value="-8.500000" />
  <attribute name="ProportionalI" value="-8.500000" />
  <attribute name="ProportionalH" value="-8.500000" />
  <attribute name="Current Error" value="-17.000000" />
  <attribute name="IntegralT" value="-204.000000" />
  <attribute name="IntegralI" value="-204.000000" />
  <attribute name="IntegralH" value="-204.000000" />
  <attribute name="DerivativeT" value="-1.416667" />
  <attribute name="DerivativeI" value="-1.416667" />
  <attribute name="DerivativeH" value="-1.416667" />
  <attribute name="Loop Time for DT" value="12.000000" />
  <attribute name="Output H" value="2092630016"/>
  <attribute name="Output I" value="200"/>
  <attribute name="Output T" value="4"/>
  <attribute name="Target GC Util Change" value ="20.000000" />
  <attribute name="Current GC Util Change" value="3.000000"/>
  <attribute name="GC Util currently" value="3" />
  <attribute name="CPU Util currently" value="376596726699" />
<allocation-satisfied id="222" threadId="0000000000B31100" bytesRequested="48" />
<af-end id="223" timestamp="2019-06-14T23:32:16.839" threadId="0000000000B31A88" success="true" from="nursery"/>
<exclusive-end id="224" timestamp="2019-06-14T23:32:16.839" durationms="3.041" />

<exclusive-start id="225" timestamp="2019-06-14T23:32:16.923" intervalms="86.886">
  <response-info timems="0.274" idlems="0.274" threads="0" lastid="0000000000B31100" lastname="Thread-7" />
</exclusive-start>
<af-start id="226" threadId="0000000000B31A88" totalBytesRequested="40" timestamp="2019-06-14T23:32:16.923" intervalms="86.964" type="nursery" />
<cycle-start id="227" type="scavenge" contextid="0" timestamp="2019-06-14T23:32:16.923" intervalms="87.027" />
<gc-start id="228" type="scavenge" contextid="227" timestamp="2019-06-14T23:32:16.923">
  <mem-info id="229" free="2166792" total="9437184" percent="22">
    <mem type="nursery" free="0" total="3145728" percent="0">
      <mem type="allocate" free="0" total="2359296" percent="0" />
      <mem type="survivor" free="0" total="786432" percent="0" />
    </mem>
    <mem type="tenure" free="2166792" total="6291456" percent="34">
      <mem type="soa" free="1852424" total="5977088" percent="30" />
      <mem type="loa" free="314368" total="314368" percent="100" />
    </mem>
    <remembered-set count="198" />
  </mem-info>
</gc-start>
<allocation-stats totalBytes="1872736" >
  <allocated-bytes non-tlh="432" tlh="1872304" />
  <largest-consumer threadName="Thread-7" threadId="0000000000B31100" bytes="1872736" />
</allocation-stats>
<gc-op id="230" type="scavenge" timems="2.135" contextid="227" timestamp="2019-06-14T23:32:16.926">
  <scavenger-info tenureage="3" tenuremask="7ff8" tiltratio="75" />
  <memory-copied type="nursery" objects="5565" bytes="429064" bytesdiscarded="57512" />
</gc-op>
<gc-end id="231" type="scavenge" contextid="227" durationms="2.603" usertimems="0.000" systemtimems="0.000" timestamp="2019-06-14T23:32:16.926" activeThreads="4">
  <mem-info id="232" free="4170544" total="9437184" percent="44">
    <mem type="nursery" free="2003752" total="3145728" percent="63">
      <mem type="allocate" free="2003752" total="2490368" percent="80" />
      <mem type="survivor" free="0" total="655360" percent="0" />
    </mem>
    <mem type="tenure" free="2166792" total="6291456" percent="34">
      <mem type="soa" free="1852424" total="5977088" percent="30" />
      <mem type="loa" free="314368" total="314368" percent="100" />
    </mem>
    <remembered-set count="152" />
  </mem-info>
</gc-end>
<cycle-end id="233" type="scavenge" contextid="227" timestamp="2019-06-14T23:32:16.926" />
  <attribute name="elasticGC enabled" value="1" />
  <attribute name= "numThreadsSpecified" value="4" />
  <attribute name="heapSize specified" value="8388608" />
  <attribute name="Current GC Util" value="2" />
  <attribute name= "Current Time Running" value="1205" />
  <attribute name ="GC Interval" value="200" />
  <attribute name="ProportionalT" value="-9.000000" />
  <attribute name="ProportionalI" value="-9.000000" />
  <attribute name="ProportionalH" value="-9.000000" />
  <attribute name="Current Error" value="-18.000000" />
  <attribute name="IntegralT" value="-1566.000000" />
  <attribute name="IntegralI" value="-1566.000000" />
  <attribute name="IntegralH" value="-1566.000000" />
  <attribute name="DerivativeT" value="-0.206897" />
  <attribute name="DerivativeI" value="-0.206897" />
  <attribute name="DerivativeH" value="-0.206897" />
  <attribute name="Loop Time for DT" value="87.000000" />
  <attribute name="Output H" value="2092630016"/>
  <attribute name="Output I" value="200"/>
  <attribute name="Output T" value="4"/>
  <attribute name="Target GC Util Change" value ="20.000000" />
  <attribute name="Current GC Util Change" value="2.000000"/>
  <attribute name="GC Util currently" value="2" />
  <attribute name="CPU Util currently" value="11" />
<allocation-satisfied id="234" threadId="0000000000B31100" bytesRequested="40" />
<af-end id="235" timestamp="2019-06-14T23:32:16.926" threadId="0000000000B31A88" success="true" from="nursery"/>
<exclusive-end id="236" timestamp="2019-06-14T23:32:16.926" durationms="3.465" />

<exclusive-start id="237" timestamp="2019-06-14T23:32:16.945" intervalms="21.947">
  <response-info timems="0.263" idlems="0.263" threads="0" lastid="0000000000B31100" lastname="Thread-7" />
</exclusive-start>
<af-start id="238" threadId="0000000000B31A88" totalBytesRequested="40" timestamp="2019-06-14T23:32:16.945" intervalms="21.878" type="nursery" />
<cycle-start id="239" type="scavenge" contextid="0" timestamp="2019-06-14T23:32:16.945" intervalms="21.821" />
<gc-start id="240" type="scavenge" contextid="239" timestamp="2019-06-14T23:32:16.945">
  <mem-info id="241" free="2166792" total="9437184" percent="22">
    <mem type="nursery" free="0" total="3145728" percent="0">
      <mem type="allocate" free="0" total="2490368" percent="0" />
      <mem type="survivor" free="0" total="655360" percent="0" />
    </mem>
    <mem type="tenure" free="2166792" total="6291456" percent="34">
      <mem type="soa" free="1852424" total="5977088" percent="30" />
      <mem type="loa" free="314368" total="314368" percent="100" />
    </mem>
    <remembered-set count="152" />
  </mem-info>
</gc-start>
<allocation-stats totalBytes="2003408" >
  <allocated-bytes non-tlh="40" tlh="2003368" />
  <largest-consumer threadName="Thread-7" threadId="0000000000B31100" bytes="2003408" />
</allocation-stats>
<gc-op id="242" type="scavenge" timems="2.185" contextid="239" timestamp="2019-06-14T23:32:16.947">
  <scavenger-info tenureage="2" tenuremask="7ffc" tiltratio="79" />
  <memory-copied type="nursery" objects="3721" bytes="171288" bytesdiscarded="60648" />
  <memory-copied type="tenure" objects="2017" bytes="261928" bytesdiscarded="24" />
</gc-op>
<heap-resize id="243" type="expand" space="nursery" amount="131072" count="1" timems="0.014" reason="excessive time being spent scavenging" timestamp="2019-06-14T23:32:16.948" />
<gc-end id="244" type="scavenge" contextid="239" durationms="2.614" usertimems="4.000" systemtimems="0.000" timestamp="2019-06-14T23:32:16.948" activeThreads="4">
  <mem-info id="245" free="4159032" total="9568256" percent="43">
    <mem type="nursery" free="2323968" total="3276800" percent="70">
      <mem type="allocate" free="2323968" total="2555904" percent="90" />
      <mem type="survivor" free="0" total="720896" percent="0" />
    </mem>
    <mem type="tenure" free="1835064" total="6291456" percent="29">
      <mem type="soa" free="1520696" total="5977088" percent="25" />
      <mem type="loa" free="314368" total="314368" percent="100" />
    </mem>
    <remembered-set count="181" />
  </mem-info>
</gc-end>
<cycle-end id="246" type="scavenge" contextid="239" timestamp="2019-06-14T23:32:16.948" />
  <attribute name="elasticGC enabled" value="1" />
  <attribute name= "numThreadsSpecified" value="4" />
  <attribute name="heapSize specified" value="8388608" />
  <attribute name="Current GC Util" value="11" />
  <attribute name= "Current Time Running" value="1227" />
  <attribute name ="GC Interval" value="200" />
  <attribute name="ProportionalT" value="-4.500000" />
  <attribute name="ProportionalI" value="-4.500000" />
  <attribute name="ProportionalH" value="-4.500000" />
  <attribute name="Current Error" value="-9.000000" />
  <attribute name="IntegralT" value="-198.000000" />
  <attribute name="IntegralI" value="-198.000000" />
  <attribute name="IntegralH" value="-198.000000" />
  <attribute name="DerivativeT" value="-0.409091" />
  <attribute name="DerivativeI" value="-0.409091" />
  <attribute name="DerivativeH" value="-0.409091" />
  <attribute name="Loop Time for DT" value="22.000000" />
  <attribute name="Output H" value="2092630016"/>
  <attribute name="Output I" value="200"/>
  <attribute name="Output T" value="4"/>
  <attribute name="Target GC Util Change" value ="20.000000" />
  <attribute name="Current GC Util Change" value="11.000000"/>
  <attribute name="GC Util currently" value="11" />
  <attribute name="CPU Util currently" value="213041514516" />
<allocation-satisfied id="247" threadId="0000000000B31100" bytesRequested="40" />
<af-end id="248" timestamp="2019-06-14T23:32:16.948" threadId="0000000000B31A88" success="true" from="nursery"/>
<exclusive-end id="249" timestamp="2019-06-14T23:32:16.948" durationms="3.206" />

<exclusive-start id="250" timestamp="2019-06-14T23:32:16.965" intervalms="19.836">
  <response-info timems="0.212" idlems="0.212" threads="0" lastid="0000000000B31100" lastname="Thread-7" />
</exclusive-start>
<af-start id="251" threadId="0000000000B31A88" totalBytesRequested="40" timestamp="2019-06-14T23:32:16.965" intervalms="19.837" type="nursery" />
<cycle-start id="252" type="scavenge" contextid="0" timestamp="2019-06-14T23:32:16.965" intervalms="19.831" />
<gc-start id="253" type="scavenge" contextid="252" timestamp="2019-06-14T23:32:16.965">
  <mem-info id="254" free="1835064" total="9568256" percent="19">
    <mem type="nursery" free="0" total="3276800" percent="0">
      <mem type="allocate" free="0" total="2555904" percent="0" />
      <mem type="survivor" free="0" total="720896" percent="0" />
    </mem>
    <mem type="tenure" free="1835064" total="6291456" percent="29">
      <mem type="soa" free="1520696" total="5977088" percent="25" />
      <mem type="loa" free="314368" total="314368" percent="100" />
    </mem>
    <remembered-set count="211" />
  </mem-info>
</gc-start>
<allocation-stats totalBytes="2323568" >
  <allocated-bytes non-tlh="40" tlh="2323528" />
  <largest-consumer threadName="Thread-7" threadId="0000000000B31100" bytes="2323568" />
</allocation-stats>
<gc-op id="255" type="scavenge" timems="1.956" contextid="252" timestamp="2019-06-14T23:32:16.967">
  <scavenger-info tenureage="4" tenuremask="7ff0" tiltratio="78" />
  <memory-copied type="nursery" objects="3766" bytes="171992" bytesdiscarded="29224" />
</gc-op>
<heap-resize id="256" type="expand" space="nursery" amount="262144" count="1" timems="0.011" reason="excessive time being spent scavenging" timestamp="2019-06-14T23:32:16.967" />
<gc-end id="257" type="scavenge" contextid="252" durationms="2.357" usertimems="4.000" systemtimems="0.000" timestamp="2019-06-14T23:32:16.967" activeThreads="4">
  <mem-info id="258" free="4517432" total="9830400" percent="45">
    <mem type="nursery" free="2682368" total="3538944" percent="75">
      <mem type="allocate" free="2682368" total="2883584" percent="93" />
      <mem type="survivor" free="0" total="655360" percent="0" />
    </mem>
    <mem type="tenure" free="1835064" total="6291456" percent="29">
      <mem type="soa" free="1520696" total="5977088" percent="25" />
      <mem type="loa" free="314368" total="314368" percent="100" />
    </mem>
    <remembered-set count="206" />
  </mem-info>
</gc-end>
<cycle-end id="259" type="scavenge" contextid="252" timestamp="2019-06-14T23:32:16.967" />
  <attribute name="elasticGC enabled" value="1" />
  <attribute name= "numThreadsSpecified" value="4" />
  <attribute name="heapSize specified" value="8388608" />
  <attribute name="Current GC Util" value="12" />
  <attribute name= "Current Time Running" value="1247" />
  <attribute name ="GC Interval" value="200" />
  <attribute name="ProportionalT" value="-4.000000" />
  <attribute name="ProportionalI" value="-4.000000" />
  <attribute name="ProportionalH" value="-4.000000" />
  <attribute name="Current Error" value="-8.000000" />
  <attribute name="IntegralT" value="-160.000000" />
  <attribute name="IntegralI" value="-160.000000" />
  <attribute name="IntegralH" value="-160.000000" />
  <attribute name="DerivativeT" value="-0.400000" />
  <attribute name="DerivativeI" value="-0.400000" />
  <attribute name="DerivativeH" value="-0.400000" />
  <attribute name="Loop Time for DT" value="20.000000" />
  <attribute name="Output H" value="2092630016"/>
  <attribute name="Output I" value="200"/>
  <attribute name="Output T" value="4"/>
  <attribute name="Target GC Util Change" value ="20.000000" />
  <attribute name="Current GC Util Change" value="12.000000"/>
  <attribute name="GC Util currently" value="12" />
  <attribute name="CPU Util currently" value="232792347900" />
<allocation-satisfied id="260" threadId="0000000000B31100" bytesRequested="40" />
<af-end id="261" timestamp="2019-06-14T23:32:16.968" threadId="0000000000B31A88" success="true" from="nursery"/>
<exclusive-end id="262" timestamp="2019-06-14T23:32:16.968" durationms="2.902" />

<exclusive-start id="263" timestamp="2019-06-14T23:32:16.981" intervalms="16.133">
  <response-info timems="0.068" idlems="0.068" threads="0" lastid="0000000000B31100" lastname="Thread-7" />
</exclusive-start>
<af-start id="264" threadId="0000000000B31A88" totalBytesRequested="40" timestamp="2019-06-14T23:32:16.981" intervalms="16.120" type="nursery" />
<cycle-start id="265" type="scavenge" contextid="0" timestamp="2019-06-14T23:32:16.981" intervalms="16.172" />
<gc-start id="266" type="scavenge" contextid="265" timestamp="2019-06-14T23:32:16.981">
  <mem-info id="267" free="1835064" total="9830400" percent="18">
    <mem type="nursery" free="0" total="3538944" percent="0">
      <mem type="allocate" free="0" total="2883584" percent="0" />
      <mem type="survivor" free="0" total="655360" percent="0" />
    </mem>
    <mem type="tenure" free="1835064" total="6291456" percent="29">
      <mem type="soa" free="1520696" total="5977088" percent="25" />
      <mem type="loa" free="314368" total="314368" percent="100" />
    </mem>
    <remembered-set count="256" />
  </mem-info>
</gc-start>
<allocation-stats totalBytes="2682016" >
  <allocated-bytes non-tlh="40" tlh="2681976" />
  <largest-consumer threadName="Thread-7" threadId="0000000000B31100" bytes="2682016" />
</allocation-stats>
<gc-op id="268" type="scavenge" timems="2.040" contextid="265" timestamp="2019-06-14T23:32:16.983">
  <scavenger-info tenureage="3" tenuremask="7fe8" tiltratio="81" />
  <memory-copied type="nursery" objects="515" bytes="12672" bytesdiscarded="26496" />
  <memory-copied type="tenure" objects="3471" bytes="164896" bytesdiscarded="40" />
</gc-op>
<heap-resize id="269" type="expand" space="nursery" amount="262144" count="1" timems="0.011" reason="excessive time being spent scavenging" timestamp="2019-06-14T23:32:16.983" />
<gc-end id="270" type="scavenge" contextid="265" durationms="2.450" usertimems="0.000" systemtimems="0.000" timestamp="2019-06-14T23:32:16.984" activeThreads="4">
  <mem-info id="271" free="4805944" total="10092544" percent="47">
    <mem type="nursery" free="3172096" total="3801088" percent="83">
      <mem type="allocate" free="3172096" total="3211264" percent="98" />
      <mem type="survivor" free="0" total="589824" percent="0" />
    </mem>
    <mem type="tenure" free="1633848" total="6291456" percent="25">
      <mem type="soa" free="1319480" total="5977088" percent="22" />
      <mem type="loa" free="314368" total="314368" percent="100" />
    </mem>
    <remembered-set count="525" />
  </mem-info>
</gc-end>
<cycle-end id="272" type="scavenge" contextid="265" timestamp="2019-06-14T23:32:16.984" />
  <attribute name="elasticGC enabled" value="1" />
  <attribute name= "numThreadsSpecified" value="4" />
  <attribute name="heapSize specified" value="8388608" />
  <attribute name="Current GC Util" value="13" />
  <attribute name= "Current Time Running" value="1263" />
  <attribute name ="GC Interval" value="200" />
  <attribute name="ProportionalT" value="-3.500000" />
  <attribute name="ProportionalI" value="-3.500000" />
  <attribute name="ProportionalH" value="-3.500000" />
  <attribute name="Current Error" value="-7.000000" />
  <attribute name="IntegralT" value="-112.000000" />
  <attribute name="IntegralI" value="-112.000000" />
  <attribute name="IntegralH" value="-112.000000" />
  <attribute name="DerivativeT" value="-0.437500" />
  <attribute name="DerivativeI" value="-0.437500" />
  <attribute name="DerivativeH" value="-0.437500" />
  <attribute name="Loop Time for DT" value="16.000000" />
  <attribute name="Output H" value="2092630016"/>
  <attribute name="Output I" value="200"/>
  <attribute name="Output T" value="4"/>
  <attribute name="Target GC Util Change" value ="20.000000" />
  <attribute name="Current GC Util Change" value="13.000000"/>
  <attribute name="GC Util currently" value="13" />
  <attribute name="CPU Util currently" value="285143290054" />
<allocation-satisfied id="273" threadId="0000000000B31100" bytesRequested="40" />
<af-end id="274" timestamp="2019-06-14T23:32:16.984" threadId="0000000000B31A88" success="true" from="nursery"/>
<exclusive-end id="275" timestamp="2019-06-14T23:32:16.984" durationms="2.920" />

<exclusive-start id="276" timestamp="2019-06-14T23:32:16.996" intervalms="14.968">
  <response-info timems="0.235" idlems="0.235" threads="0" lastid="0000000000B31100" lastname="Thread-7" />
</exclusive-start>
<af-start id="277" threadId="0000000000B31A88" totalBytesRequested="40" timestamp="2019-06-14T23:32:16.996" intervalms="14.977" type="nursery" />
<cycle-start id="278" type="scavenge" contextid="0" timestamp="2019-06-14T23:32:16.996" intervalms="14.931" />
<gc-start id="279" type="scavenge" contextid="278" timestamp="2019-06-14T23:32:16.996">
  <mem-info id="280" free="1633848" total="10092544" percent="16">
    <mem type="nursery" free="0" total="3801088" percent="0">
      <mem type="allocate" free="0" total="3211264" percent="0" />
      <mem type="survivor" free="0" total="589824" percent="0" />
    </mem>
    <mem type="tenure" free="1633848" total="6291456" percent="25">
      <mem type="soa" free="1319480" total="5977088" percent="22" />
      <mem type="loa" free="314368" total="314368" percent="100" />
    </mem>
    <remembered-set count="667" />
  </mem-info>
</gc-start>
<allocation-stats totalBytes="3171576" >
  <allocated-bytes non-tlh="40" tlh="3171536" />
  <largest-consumer threadName="Thread-7" threadId="0000000000B31100" bytes="3171576" />
</allocation-stats>
<gc-op id="281" type="scavenge" timems="1.795" contextid="278" timestamp="2019-06-14T23:32:16.998">
  <scavenger-info tenureage="6" tenuremask="7fc0" tiltratio="84" />
  <memory-copied type="nursery" objects="671" bytes="16480" bytesdiscarded="22688" />
</gc-op>
<heap-resize id="282" type="expand" space="nursery" amount="262144" count="1" timems="0.011" reason="excessive time being spent scavenging" timestamp="2019-06-14T23:32:16.998" />
<gc-end id="283" type="scavenge" contextid="278" durationms="2.197" usertimems="4.000" systemtimems="0.000" timestamp="2019-06-14T23:32:16.998" activeThreads="4">
  <mem-info id="284" free="5199160" total="10354688" percent="50">
    <mem type="nursery" free="3565312" total="4063232" percent="87">
      <mem type="allocate" free="3565312" total="3604480" percent="98" />
      <mem type="survivor" free="0" total="458752" percent="0" />
    </mem>
    <mem type="tenure" free="1633848" total="6291456" percent="25">
      <mem type="soa" free="1319480" total="5977088" percent="22" />
      <mem type="loa" free="314368" total="314368" percent="100" />
    </mem>
    <remembered-set count="667" />
  </mem-info>
</gc-end>
<cycle-end id="285" type="scavenge" contextid="278" timestamp="2019-06-14T23:32:16.998" />
  <attribute name="elasticGC enabled" value="1" />
  <attribute name= "numThreadsSpecified" value="4" />
  <attribute name="heapSize specified" value="8388608" />
  <attribute name="Current GC Util" value="15" />
  <attribute name= "Current Time Running" value="1278" />
  <attribute name ="GC Interval" value="200" />
  <attribute name="ProportionalT" value="-2.500000" />
  <attribute name="ProportionalI" value="-2.500000" />
  <attribute name="ProportionalH" value="-2.500000" />
  <attribute name="Current Error" value="-5.000000" />
  <attribute name="IntegralT" value="-75.000000" />
  <attribute name="IntegralI" value="-75.000000" />
  <attribute name="IntegralH" value="-75.000000" />
  <attribute name="DerivativeT" value="-0.333333" />
  <attribute name="DerivativeI" value="-0.333333" />
  <attribute name="DerivativeH" value="-0.333333" />
  <attribute name="Loop Time for DT" value="15.000000" />
  <attribute name="Output H" value="2092630016"/>
  <attribute name="Output I" value="200"/>
  <attribute name="Output T" value="4"/>
  <attribute name="Target GC Util Change" value ="20.000000" />
  <attribute name="Current GC Util Change" value="15.000000"/>
  <attribute name="GC Util currently" value="15" />
  <attribute name="CPU Util currently" value="308870285385" />
<allocation-satisfied id="286" threadId="0000000000B31100" bytesRequested="40" />
<af-end id="287" timestamp="2019-06-14T23:32:16.998" threadId="0000000000B31A88" success="true" from="nursery"/>
<exclusive-end id="288" timestamp="2019-06-14T23:32:16.998" durationms="2.636" />

<exclusive-start id="289" timestamp="2019-06-14T23:32:17.014" intervalms="18.567">
  <response-info timems="0.225" idlems="0.225" threads="0" lastid="0000000000B31100" lastname="Thread-7" />
</exclusive-start>
<af-start id="290" threadId="0000000000B31A88" totalBytesRequested="40" timestamp="2019-06-14T23:32:17.014" intervalms="18.564" type="nursery" />
<cycle-start id="291" type="scavenge" contextid="0" timestamp="2019-06-14T23:32:17.014" intervalms="18.564" />
<gc-start id="292" type="scavenge" contextid="291" timestamp="2019-06-14T23:32:17.015">
  <mem-info id="293" free="1633848" total="10354688" percent="15">
    <mem type="nursery" free="0" total="4063232" percent="0">
      <mem type="allocate" free="0" total="3604480" percent="0" />
      <mem type="survivor" free="0" total="458752" percent="0" />
    </mem>
    <mem type="tenure" free="1633848" total="6291456" percent="25">
      <mem type="soa" free="1319480" total="5977088" percent="22" />
      <mem type="loa" free="314368" total="314368" percent="100" />
    </mem>
    <remembered-set count="807" />
  </mem-info>
</gc-start>
<allocation-stats totalBytes="3564952" >
  <allocated-bytes non-tlh="40" tlh="3564912" />
  <largest-consumer threadName="Thread-7" threadId="0000000000B31100" bytes="3564952" />
</allocation-stats>
<gc-op id="294" type="scavenge" timems="1.786" contextid="291" timestamp="2019-06-14T23:32:17.016">
  <scavenger-info tenureage="7" tenuremask="7f80" tiltratio="88" />
  <memory-copied type="nursery" objects="811" bytes="19840" bytesdiscarded="19328" />
</gc-op>
<heap-resize id="295" type="expand" space="nursery" amount="262144" count="1" timems="0.012" reason="excessive time being spent scavenging" timestamp="2019-06-14T23:32:17.017" />
<gc-end id="296" type="scavenge" contextid="291" durationms="2.197" usertimems="0.000" systemtimems="0.000" timestamp="2019-06-14T23:32:17.017" activeThreads="4">
  <mem-info id="297" free="5395768" total="10616832" percent="50">
    <mem type="nursery" free="3761920" total="4325376" percent="86">
      <mem type="allocate" free="3761920" total="3801088" percent="98" />
      <mem type="survivor" free="0" total="524288" percent="0" />
    </mem>
    <mem type="tenure" free="1633848" total="6291456" percent="25">
      <mem type="soa" free="1319480" total="5977088" percent="22" />
      <mem type="loa" free="314368" total="314368" percent="100" />
    </mem>
    <remembered-set count="807" />
  </mem-info>
</gc-end>
<cycle-end id="298" type="scavenge" contextid="291" timestamp="2019-06-14T23:32:17.017" />
  <attribute name="elasticGC enabled" value="1" />
  <attribute name= "numThreadsSpecified" value="4" />
  <attribute name="heapSize specified" value="8388608" />
  <attribute name="Current GC Util" value="10" />
  <attribute name= "Current Time Running" value="1297" />
  <attribute name ="GC Interval" value="200" />
  <attribute name="ProportionalT" value="-5.000000" />
  <attribute name="ProportionalI" value="-5.000000" />
  <attribute name="ProportionalH" value="-5.000000" />
  <attribute name="Current Error" value="-10.000000" />
  <attribute name="IntegralT" value="-190.000000" />
  <attribute name="IntegralI" value="-190.000000" />
  <attribute name="IntegralH" value="-190.000000" />
  <attribute name="DerivativeT" value="-0.526316" />
  <attribute name="DerivativeI" value="-0.526316" />
  <attribute name="DerivativeH" value="-0.526316" />
  <attribute name="Loop Time for DT" value="19.000000" />
  <attribute name="Output H" value="2092630016"/>
  <attribute name="Output I" value="200"/>
  <attribute name="Output T" value="4"/>
  <attribute name="Target GC Util Change" value ="20.000000" />
  <attribute name="Current GC Util Change" value="10.000000"/>
  <attribute name="GC Util currently" value="10" />
  <attribute name="CPU Util currently" value="248244555010" />
<allocation-satisfied id="299" threadId="0000000000B31100" bytesRequested="40" />
<af-end id="300" timestamp="2019-06-14T23:32:17.017" threadId="0000000000B31A88" success="true" from="nursery"/>
<exclusive-end id="301" timestamp="2019-06-14T23:32:17.017" durationms="2.627" />

<exclusive-start id="302" timestamp="2019-06-14T23:32:17.030" intervalms="15.595">
  <response-info timems="0.071" idlems="0.071" threads="0" lastid="0000000000B31100" lastname="Thread-7" />
</exclusive-start>
<af-start id="303" threadId="0000000000B31A88" totalBytesRequested="40" timestamp="2019-06-14T23:32:17.030" intervalms="15.612" type="nursery" />
<cycle-start id="304" type="scavenge" contextid="0" timestamp="2019-06-14T23:32:17.030" intervalms="15.608" />
<gc-start id="305" type="scavenge" contextid="304" timestamp="2019-06-14T23:32:17.030">
  <mem-info id="306" free="1633848" total="10616832" percent="15">
    <mem type="nursery" free="0" total="4325376" percent="0">
      <mem type="allocate" free="0" total="3801088" percent="0" />
      <mem type="survivor" free="0" total="524288" percent="0" />
    </mem>
    <mem type="tenure" free="1633848" total="6291456" percent="25">
      <mem type="soa" free="1319480" total="5977088" percent="22" />
      <mem type="loa" free="314368" total="314368" percent="100" />
    </mem>
    <remembered-set count="973" />
  </mem-info>
</gc-start>
<allocation-stats totalBytes="3761504" >
  <allocated-bytes non-tlh="40" tlh="3761464" />
  <largest-consumer threadName="Thread-7" threadId="0000000000B31100" bytes="3761504" />
</allocation-stats>
<gc-op id="307" type="scavenge" timems="1.808" contextid="304" timestamp="2019-06-14T23:32:17.032">
  <scavenger-info tenureage="4" tenuremask="fff0" tiltratio="87" />
  <memory-copied type="nursery" objects="639" bytes="15520" bytesdiscarded="54368" />
  <memory-copied type="tenure" objects="292" bytes="7008" bytesdiscarded="0" />
</gc-op>
<heap-resize id="308" type="expand" space="nursery" amount="262144" count="1" timems="0.012" reason="excessive time being spent scavenging" timestamp="2019-06-14T23:32:17.032" />
<gc-end id="309" type="scavenge" contextid="304" durationms="2.228" usertimems="0.000" systemtimems="0.000" timestamp="2019-06-14T23:32:17.032" activeThreads="4">
  <mem-info id="310" free="5627192" total="10878976" percent="51">
    <mem type="nursery" free="3993344" total="4587520" percent="87">
      <mem type="allocate" free="3993344" total="4063232" percent="98" />
      <mem type="survivor" free="0" total="524288" percent="0" />
    </mem>
    <mem type="tenure" free="1633848" total="6291456" percent="25">
      <mem type="soa" free="1319480" total="5977088" percent="22" />
      <mem type="loa" free="314368" total="314368" percent="100" />
    </mem>
    <remembered-set count="681" />
  </mem-info>
</gc-end>
<cycle-end id="311" type="scavenge" contextid="304" timestamp="2019-06-14T23:32:17.032" />
  <attribute name="elasticGC enabled" value="1" />
  <attribute name= "numThreadsSpecified" value="4" />
  <attribute name="heapSize specified" value="8388608" />
  <attribute name="Current GC Util" value="13" />
  <attribute name= "Current Time Running" value="1312" />
  <attribute name ="GC Interval" value="200" />
  <attribute name="ProportionalT" value="-3.500000" />
  <attribute name="ProportionalI" value="-3.500000" />
  <attribute name="ProportionalH" value="-3.500000" />
  <attribute name="Current Error" value="-7.000000" />
  <attribute name="IntegralT" value="-105.000000" />
  <attribute name="IntegralI" value="-105.000000" />
  <attribute name="IntegralH" value="-105.000000" />
  <attribute name="DerivativeT" value="-0.466667" />
  <attribute name="DerivativeI" value="-0.466667" />
  <attribute name="DerivativeH" value="-0.466667" />
  <attribute name="Loop Time for DT" value="15.000000" />
  <attribute name="Output H" value="2092630016"/>
  <attribute name="Output I" value="200"/>
  <attribute name="Output T" value="4"/>
  <attribute name="Target GC Util Change" value ="20.000000" />
  <attribute name="Current GC Util Change" value="13.000000"/>
  <attribute name="GC Util currently" value="13" />
  <attribute name="CPU Util currently" value="295599846501" />
<allocation-satisfied id="312" threadId="0000000000B31100" bytesRequested="40" />
<af-end id="313" timestamp="2019-06-14T23:32:17.033" threadId="0000000000B31A88" success="true" from="nursery"/>
<exclusive-end id="314" timestamp="2019-06-14T23:32:17.033" durationms="2.816" />

<exclusive-start id="315" timestamp="2019-06-14T23:32:17.044" intervalms="14.479">
  <response-info timems="0.084" idlems="0.084" threads="0" lastid="0000000000B31100" lastname="Thread-7" />
</exclusive-start>
<af-start id="316" threadId="0000000000B31A88" totalBytesRequested="40" timestamp="2019-06-14T23:32:17.045" intervalms="14.503" type="nursery" />
<cycle-start id="317" type="scavenge" contextid="0" timestamp="2019-06-14T23:32:17.045" intervalms="14.557" />
<gc-start id="318" type="scavenge" contextid="317" timestamp="2019-06-14T23:32:17.045">
  <mem-info id="319" free="1633848" total="10878976" percent="15">
    <mem type="nursery" free="0" total="4587520" percent="0">
      <mem type="allocate" free="0" total="4063232" percent="0" />
      <mem type="survivor" free="0" total="524288" percent="0" />
    </mem>
    <mem type="tenure" free="1633848" total="6291456" percent="25">
      <mem type="soa" free="1319480" total="5977088" percent="22" />
      <mem type="loa" free="314368" total="314368" percent="100" />
    </mem>
    <remembered-set count="897" />
  </mem-info>
</gc-start>
<allocation-stats totalBytes="3992792" >
  <allocated-bytes non-tlh="40" tlh="3992752" />
  <largest-consumer threadName="Thread-7" threadId="0000000000B31100" bytes="3992792" />
</allocation-stats>
<gc-op id="320" type="scavenge" timems="1.979" contextid="317" timestamp="2019-06-14T23:32:17.047">
  <scavenger-info tenureage="3" tenuremask="ff98" tiltratio="88" />
  <memory-copied type="nursery" objects="540" bytes="13080" bytesdiscarded="26088" />
  <memory-copied type="tenure" objects="297" bytes="7128" bytesdiscarded="0" />
</gc-op>
<heap-resize id="321" type="expand" space="nursery" amount="393216" count="1" timems="0.011" reason="excessive time being spent scavenging" timestamp="2019-06-14T23:32:17.047" />
<gc-end id="322" type="scavenge" contextid="317" durationms="2.501" usertimems="0.000" systemtimems="0.000" timestamp="2019-06-14T23:32:17.047" activeThreads="4">
  <mem-info id="323" free="6051128" total="11272192" percent="53">
    <mem type="nursery" free="4417280" total="4980736" percent="88">
      <mem type="allocate" free="4417280" total="4456448" percent="99" />
      <mem type="survivor" free="0" total="524288" percent="0" />
    </mem>
    <mem type="tenure" free="1633848" total="6291456" percent="25">
      <mem type="soa" free="1319480" total="5977088" percent="22" />
      <mem type="loa" free="314368" total="314368" percent="100" />
    </mem>
    <remembered-set count="600" />
  </mem-info>
</gc-end>
<cycle-end id="324" type="scavenge" contextid="317" timestamp="2019-06-14T23:32:17.047" />
  <attribute name="elasticGC enabled" value="1" />
  <attribute name= "numThreadsSpecified" value="4" />
  <attribute name="heapSize specified" value="8388608" />
  <attribute name="Current GC Util" value="14" />
  <attribute name= "Current Time Running" value="1327" />
  <attribute name ="GC Interval" value="200" />
  <attribute name="ProportionalT" value="-3.000000" />
  <attribute name="ProportionalI" value="-3.000000" />
  <attribute name="ProportionalH" value="-3.000000" />
  <attribute name="Current Error" value="-6.000000" />
  <attribute name="IntegralT" value="-90.000000" />
  <attribute name="IntegralI" value="-90.000000" />
  <attribute name="IntegralH" value="-90.000000" />
  <attribute name="DerivativeT" value="-0.400000" />
  <attribute name="DerivativeI" value="-0.400000" />
  <attribute name="DerivativeH" value="-0.400000" />
  <attribute name="Loop Time for DT" value="15.000000" />
  <attribute name="Output H" value="2092630016"/>
  <attribute name="Output I" value="200"/>
  <attribute name="Output T" value="4"/>
  <attribute name="Target GC Util Change" value ="20.000000" />
  <attribute name="Current GC Util Change" value="14.000000"/>
  <attribute name="GC Util currently" value="14" />
  <attribute name="CPU Util currently" value="315148079560" />
<allocation-satisfied id="325" threadId="0000000000B31100" bytesRequested="40" />
<af-end id="326" timestamp="2019-06-14T23:32:17.048" threadId="0000000000B31A88" success="true" from="nursery"/>
<exclusive-end id="327" timestamp="2019-06-14T23:32:17.048" durationms="3.218" />

<exclusive-start id="328" timestamp="2019-06-14T23:32:17.061" intervalms="16.272">
  <response-info timems="0.068" idlems="0.068" threads="0" lastid="0000000000B31100" lastname="Thread-7" />
</exclusive-start>
<af-start id="329" threadId="0000000000B31A88" totalBytesRequested="40" timestamp="2019-06-14T23:32:17.061" intervalms="16.327" type="nursery" />
<cycle-start id="330" type="scavenge" contextid="0" timestamp="2019-06-14T23:32:17.061" intervalms="16.386" />
<gc-start id="331" type="scavenge" contextid="330" timestamp="2019-06-14T23:32:17.061">
  <mem-info id="332" free="1633848" total="11272192" percent="14">
    <mem type="nursery" free="0" total="4980736" percent="0">
      <mem type="allocate" free="0" total="4456448" percent="0" />
      <mem type="survivor" free="0" total="524288" percent="0" />
    </mem>
    <mem type="tenure" free="1633848" total="6291456" percent="25">
      <mem type="soa" free="1319480" total="5977088" percent="22" />
      <mem type="loa" free="314368" total="314368" percent="100" />
    </mem>
    <remembered-set count="861" />
  </mem-info>
</gc-start>
<allocation-stats totalBytes="4416752" >
  <allocated-bytes non-tlh="40" tlh="4416712" />
  <largest-consumer threadName="Thread-7" threadId="0000000000B31100" bytes="4416752" />
</allocation-stats>
<gc-op id="333" type="scavenge" timems="1.758" contextid="330" timestamp="2019-06-14T23:32:17.063">
  <scavenger-info tenureage="3" tenuremask="ffc8" tiltratio="89" />
  <memory-copied type="nursery" objects="654" bytes="15816" bytesdiscarded="23352" />
  <memory-copied type="tenure" objects="147" bytes="3528" bytesdiscarded="0" />
</gc-op>
<heap-resize id="334" type="expand" space="nursery" amount="393216" count="1" timems="0.011" reason="excessive time being spent scavenging" timestamp="2019-06-14T23:32:17.063" />
<gc-end id="335" type="scavenge" contextid="330" durationms="2.289" usertimems="0.000" systemtimems="0.000" timestamp="2019-06-14T23:32:17.063" activeThreads="4">
  <mem-info id="336" free="6378808" total="11665408" percent="54">
    <mem type="nursery" free="4744960" total="5373952" percent="88">
      <mem type="allocate" free="4744960" total="4784128" percent="99" />
      <mem type="survivor" free="0" total="589824" percent="0" />
    </mem>
    <mem type="tenure" free="1633848" total="6291456" percent="25">
      <mem type="soa" free="1319480" total="5977088" percent="22" />
      <mem type="loa" free="314368" total="314368" percent="100" />
    </mem>
    <remembered-set count="714" />
  </mem-info>
</gc-end>
<cycle-end id="337" type="scavenge" contextid="330" timestamp="2019-06-14T23:32:17.064" />
  <attribute name="elasticGC enabled" value="1" />
  <attribute name= "numThreadsSpecified" value="4" />
  <attribute name="heapSize specified" value="8388608" />
  <attribute name="Current GC Util" value="12" />
  <attribute name= "Current Time Running" value="1343" />
  <attribute name ="GC Interval" value="200" />
  <attribute name="ProportionalT" value="-4.000000" />
  <attribute name="ProportionalI" value="-4.000000" />
  <attribute name="ProportionalH" value="-4.000000" />
  <attribute name="Current Error" value="-8.000000" />
  <attribute name="IntegralT" value="-128.000000" />
  <attribute name="IntegralI" value="-128.000000" />
  <attribute name="IntegralH" value="-128.000000" />
  <attribute name="DerivativeT" value="-0.500000" />
  <attribute name="DerivativeI" value="-0.500000" />
  <attribute name="DerivativeH" value="-0.500000" />
  <attribute name="Loop Time for DT" value="16.000000" />
  <attribute name="Output H" value="2092630016"/>
  <attribute name="Output I" value="200"/>
  <attribute name="Output T" value="4"/>
  <attribute name="Target GC Util Change" value ="20.000000" />
  <attribute name="Current GC Util Change" value="12.000000"/>
  <attribute name="GC Util currently" value="12" />
  <attribute name="CPU Util currently" value="279246644936" />
<allocation-satisfied id="338" threadId="0000000000B31100" bytesRequested="40" />
<af-end id="339" timestamp="2019-06-14T23:32:17.064" threadId="0000000000B31A88" success="true" from="nursery"/>
<exclusive-end id="340" timestamp="2019-06-14T23:32:17.064" durationms="3.247" />

<exclusive-start id="341" timestamp="2019-06-14T23:32:17.079" intervalms="18.768">
  <response-info timems="0.242" idlems="0.242" threads="0" lastid="0000000000B31100" lastname="Thread-7" />
</exclusive-start>
<af-start id="342" threadId="0000000000B31A88" totalBytesRequested="40" timestamp="2019-06-14T23:32:17.080" intervalms="18.724" type="nursery" />
<cycle-start id="343" type="scavenge" contextid="0" timestamp="2019-06-14T23:32:17.080" intervalms="18.667" />
<gc-start id="344" type="scavenge" contextid="343" timestamp="2019-06-14T23:32:17.080">
  <mem-info id="345" free="1633848" total="11665408" percent="14">
    <mem type="nursery" free="0" total="5373952" percent="0">
      <mem type="allocate" free="0" total="4784128" percent="0" />
      <mem type="survivor" free="0" total="589824" percent="0" />
    </mem>
    <mem type="tenure" free="1633848" total="6291456" percent="25">
      <mem type="soa" free="1319480" total="5977088" percent="22" />
      <mem type="loa" free="314368" total="314368" percent="100" />
    </mem>
    <remembered-set count="974" />
  </mem-info>
</gc-start>
<allocation-stats totalBytes="4744328" >
  <allocated-bytes non-tlh="40" tlh="4744288" />
  <largest-consumer threadName="Thread-7" threadId="0000000000B31100" bytes="4744328" />
</allocation-stats>
<gc-op id="346" type="scavenge" timems="1.781" contextid="343" timestamp="2019-06-14T23:32:17.082">
  <scavenger-info tenureage="3" tenuremask="ffe8" tiltratio="89" />
  <memory-copied type="nursery" objects="749" bytes="18112" bytesdiscarded="51776" />
  <memory-copied type="tenure" objects="165" bytes="3960" bytesdiscarded="0" />
</gc-op>
<heap-resize id="347" type="expand" space="nursery" amount="262144" count="1" timems="0.010" reason="excessive time being spent scavenging" timestamp="2019-06-14T23:32:17.082" />
<gc-end id="348" type="scavenge" contextid="343" durationms="2.422" usertimems="4.000" systemtimems="0.000" timestamp="2019-06-14T23:32:17.082" activeThreads="4">
  <mem-info id="349" free="6544696" total="11927552" percent="54">
    <mem type="nursery" free="4910848" total="5636096" percent="87">
      <mem type="allocate" free="4910848" total="4980736" percent="98" />
      <mem type="survivor" free="0" total="655360" percent="0" />
    </mem>
    <mem type="tenure" free="1633848" total="6291456" percent="25">
      <mem type="soa" free="1319480" total="5977088" percent="22" />
      <mem type="loa" free="314368" total="314368" percent="100" />
    </mem>
    <remembered-set count="808" />
  </mem-info>
</gc-end>
<cycle-end id="350" type="scavenge" contextid="343" timestamp="2019-06-14T23:32:17.082" />
  <attribute name="elasticGC enabled" value="1" />
  <attribute name= "numThreadsSpecified" value="4" />
  <attribute name="heapSize specified" value="8388608" />
  <attribute name="Current GC Util" value="10" />
  <attribute name= "Current Time Running" value="1362" />
  <attribute name ="GC Interval" value="200" />
  <attribute name="ProportionalT" value="-5.000000" />
  <attribute name="ProportionalI" value="-5.000000" />
  <attribute name="ProportionalH" value="-5.000000" />
  <attribute name="Current Error" value="-10.000000" />
  <attribute name="IntegralT" value="-190.000000" />
  <attribute name="IntegralI" value="-190.000000" />
  <attribute name="IntegralH" value="-190.000000" />
  <attribute name="DerivativeT" value="-0.526316" />
  <attribute name="DerivativeI" value="-0.526316" />
  <attribute name="DerivativeH" value="-0.526316" />
  <attribute name="Loop Time for DT" value="19.000000" />
  <attribute name="Output H" value="2092630016"/>
  <attribute name="Output I" value="200"/>
  <attribute name="Output T" value="4"/>
  <attribute name="Target GC Util Change" value ="20.000000" />
  <attribute name="Current GC Util Change" value="10.000000"/>
  <attribute name="GC Util currently" value="10" />
  <attribute name="CPU Util currently" value="247412003499" />
<allocation-satisfied id="351" threadId="0000000000B31100" bytesRequested="40" />
<af-end id="352" timestamp="2019-06-14T23:32:17.083" threadId="0000000000B31A88" success="true" from="nursery"/>
<exclusive-end id="353" timestamp="2019-06-14T23:32:17.083" durationms="3.140" />

<exclusive-start id="354" timestamp="2019-06-14T23:32:17.099" intervalms="19.906">
  <response-info timems="0.078" idlems="0.078" threads="0" lastid="0000000000B31100" lastname="Thread-7" />
</exclusive-start>
<af-start id="355" threadId="0000000000B31A88" totalBytesRequested="40" timestamp="2019-06-14T23:32:17.099" intervalms="19.884" type="nursery" />
<cycle-start id="356" type="scavenge" contextid="0" timestamp="2019-06-14T23:32:17.100" intervalms="19.882" />
<gc-start id="357" type="scavenge" contextid="356" timestamp="2019-06-14T23:32:17.100">
  <mem-info id="358" free="1633848" total="11927552" percent="13">
    <mem type="nursery" free="0" total="5636096" percent="0">
      <mem type="allocate" free="0" total="4980736" percent="0" />
      <mem type="survivor" free="0" total="655360" percent="0" />
    </mem>
    <mem type="tenure" free="1633848" total="6291456" percent="25">
      <mem type="soa" free="1319480" total="5977088" percent="22" />
      <mem type="loa" free="314368" total="314368" percent="100" />
    </mem>
    <remembered-set count="1085" />
  </mem-info>
</gc-start>
<allocation-stats totalBytes="4910272" >
  <allocated-bytes non-tlh="40" tlh="4910232" />
  <largest-consumer threadName="Thread-7" threadId="0000000000B31100" bytes="4910272" />
</allocation-stats>
<gc-op id="359" type="scavenge" timems="1.775" contextid="356" timestamp="2019-06-14T23:32:17.102">
  <scavenger-info tenureage="3" tenuremask="ffe8" tiltratio="88" />
  <memory-copied type="nursery" objects="870" bytes="21256" bytesdiscarded="17912" />
  <memory-copied type="tenure" objects="217" bytes="5208" bytesdiscarded="0" />
</gc-op>
<heap-resize id="360" type="expand" space="nursery" amount="262144" count="1" timems="0.010" reason="excessive time being spent scavenging" timestamp="2019-06-14T23:32:17.102" />
<gc-end id="361" type="scavenge" contextid="356" durationms="2.675" usertimems="4.000" systemtimems="0.000" timestamp="2019-06-14T23:32:17.102" activeThreads="4">
  <mem-info id="362" free="6837560" total="12189696" percent="56">
    <mem type="nursery" free="5203712" total="5898240" percent="88">
      <mem type="allocate" free="5203712" total="5242880" percent="99" />
      <mem type="survivor" free="0" total="655360" percent="0" />
    </mem>
    <mem type="tenure" free="1633848" total="6291456" percent="25">
      <mem type="soa" free="1319480" total="5977088" percent="22" />
      <mem type="loa" free="314368" total="314368" percent="100" />
    </mem>
    <remembered-set count="866" />
  </mem-info>
</gc-end>
<cycle-end id="363" type="scavenge" contextid="356" timestamp="2019-06-14T23:32:17.103" />
  <attribute name="elasticGC enabled" value="1" />
  <attribute name= "numThreadsSpecified" value="4" />
  <attribute name="heapSize specified" value="8388608" />
  <attribute name="Current GC Util" value="10" />
  <attribute name= "Current Time Running" value="1382" />
  <attribute name ="GC Interval" value="200" />
  <attribute name="ProportionalT" value="-5.000000" />
  <attribute name="ProportionalI" value="-5.000000" />
  <attribute name="ProportionalH" value="-5.000000" />
  <attribute name="Current Error" value="-10.000000" />
  <attribute name="IntegralT" value="-200.000000" />
  <attribute name="IntegralI" value="-200.000000" />
  <attribute name="IntegralH" value="-200.000000" />
  <attribute name="DerivativeT" value="-0.500000" />
  <attribute name="DerivativeI" value="-0.500000" />
  <attribute name="DerivativeH" value="-0.500000" />
  <attribute name="Loop Time for DT" value="20.000000" />
  <attribute name="Output H" value="2092630016"/>
  <attribute name="Output I" value="200"/>
  <attribute name="Output T" value="4"/>
  <attribute name="Target GC Util Change" value ="20.000000" />
  <attribute name="Current GC Util Change" value="10.000000"/>
  <attribute name="GC Util currently" value="10" />
  <attribute name="CPU Util currently" value="229568688939" />
<allocation-satisfied id="364" threadId="0000000000B31100" bytesRequested="40" />
<af-end id="365" timestamp="2019-06-14T23:32:17.103" threadId="0000000000B31A88" success="true" from="nursery"/>
<exclusive-end id="366" timestamp="2019-06-14T23:32:17.103" durationms="3.637" />

<exclusive-start id="367" timestamp="2019-06-14T23:32:17.122" intervalms="22.872">
  <response-info timems="0.029" idlems="0.029" threads="0" lastid="0000000000B31100" lastname="Thread-7" />
</exclusive-start>
<af-start id="368" threadId="0000000000B31A88" totalBytesRequested="40" timestamp="2019-06-14T23:32:17.122" intervalms="22.868" type="nursery" />
<cycle-start id="369" type="scavenge" contextid="0" timestamp="2019-06-14T23:32:17.122" intervalms="22.847" />
<gc-start id="370" type="scavenge" contextid="369" timestamp="2019-06-14T23:32:17.123">
  <mem-info id="371" free="1633848" total="12189696" percent="13">
    <mem type="nursery" free="0" total="5898240" percent="0">
      <mem type="allocate" free="0" total="5242880" percent="0" />
      <mem type="survivor" free="0" total="655360" percent="0" />
    </mem>
    <mem type="tenure" free="1633848" total="6291456" percent="25">
      <mem type="soa" free="1319480" total="5977088" percent="22" />
      <mem type="loa" free="314368" total="314368" percent="100" />
    </mem>
    <remembered-set count="1190" />
  </mem-info>
</gc-start>
<allocation-stats totalBytes="5202936" >
  <allocated-bytes non-tlh="40" tlh="5202896" />
  <largest-consumer threadName="Thread-7" threadId="0000000000B31100" bytes="5202936" />
</allocation-stats>
<gc-op id="372" type="scavenge" timems="1.964" contextid="369" timestamp="2019-06-14T23:32:17.125">
  <scavenger-info tenureage="3" tenuremask="ffe8" tiltratio="88" />
  <memory-copied type="nursery" objects="934" bytes="22792" bytesdiscarded="16376" />
  <memory-copied type="tenure" objects="258" bytes="6192" bytesdiscarded="0" />
</gc-op>
<heap-resize id="373" type="expand" space="nursery" amount="262144" count="1" timems="0.010" reason="excessive time being spent scavenging" timestamp="2019-06-14T23:32:17.125" />
<gc-end id="374" type="scavenge" contextid="369" durationms="2.546" usertimems="4.000" systemtimems="0.000" timestamp="2019-06-14T23:32:17.125" activeThreads="4">
  <mem-info id="375" free="7099704" total="12451840" percent="57">
    <mem type="nursery" free="5465856" total="6160384" percent="88">
      <mem type="allocate" free="5465856" total="5505024" percent="99" />
      <mem type="survivor" free="0" total="655360" percent="0" />
    </mem>
    <mem type="tenure" free="1633848" total="6291456" percent="25">
      <mem type="soa" free="1319480" total="5977088" percent="22" />
      <mem type="loa" free="314368" total="314368" percent="100" />
    </mem>
    <remembered-set count="930" />
  </mem-info>
</gc-end>
<cycle-end id="376" type="scavenge" contextid="369" timestamp="2019-06-14T23:32:17.125" />
  <attribute name="elasticGC enabled" value="1" />
  <attribute name= "numThreadsSpecified" value="4" />
  <attribute name="heapSize specified" value="8388608" />
  <attribute name="Current GC Util" value="8" />
  <attribute name= "Current Time Running" value="1405" />
  <attribute name ="GC Interval" value="200" />
  <attribute name="ProportionalT" value="-6.000000" />
  <attribute name="ProportionalI" value="-6.000000" />
  <attribute name="ProportionalH" value="-6.000000" />
  <attribute name="Current Error" value="-12.000000" />
  <attribute name="IntegralT" value="-276.000000" />
  <attribute name="IntegralI" value="-276.000000" />
  <attribute name="IntegralH" value="-276.000000" />
  <attribute name="DerivativeT" value="-0.521739" />
  <attribute name="DerivativeI" value="-0.521739" />
  <attribute name="DerivativeH" value="-0.521739" />
  <attribute name="Loop Time for DT" value="23.000000" />
  <attribute name="Output H" value="2092630016"/>
  <attribute name="Output I" value="200"/>
  <attribute name="Output T" value="4"/>
  <attribute name="Target GC Util Change" value ="20.000000" />
  <attribute name="Current GC Util Change" value="8.000000"/>
  <attribute name="GC Util currently" value="8" />
  <attribute name="CPU Util currently" value="204456978642" />
<allocation-satisfied id="377" threadId="0000000000B31100" bytesRequested="40" />
<af-end id="378" timestamp="2019-06-14T23:32:17.125" threadId="0000000000B31A88" success="true" from="nursery"/>
<exclusive-end id="379" timestamp="2019-06-14T23:32:17.126" durationms="3.338" />

<exclusive-start id="380" timestamp="2019-06-14T23:32:17.147" intervalms="24.474">
  <response-info timems="0.245" idlems="0.245" threads="0" lastid="0000000000B31100" lastname="Thread-7" />
</exclusive-start>
<af-start id="381" threadId="0000000000B31A88" totalBytesRequested="40" timestamp="2019-06-14T23:32:17.147" intervalms="24.524" type="nursery" />
<cycle-start id="382" type="scavenge" contextid="0" timestamp="2019-06-14T23:32:17.147" intervalms="24.569" />
<gc-start id="383" type="scavenge" contextid="382" timestamp="2019-06-14T23:32:17.147">
  <mem-info id="384" free="1633848" total="12451840" percent="13">
    <mem type="nursery" free="0" total="6160384" percent="0">
      <mem type="allocate" free="0" total="5505024" percent="0" />
      <mem type="survivor" free="0" total="655360" percent="0" />
    </mem>
    <mem type="tenure" free="1633848" total="6291456" percent="25">
      <mem type="soa" free="1319480" total="5977088" percent="22" />
      <mem type="loa" free="314368" total="314368" percent="100" />
    </mem>
    <remembered-set count="1296" />
  </mem-info>
</gc-start>
<allocation-stats totalBytes="5465008" >
  <allocated-bytes non-tlh="40" tlh="5464968" />
  <largest-consumer threadName="Thread-7" threadId="0000000000B31100" bytes="5465008" />
</allocation-stats>
<gc-op id="385" type="scavenge" timems="1.842" contextid="382" timestamp="2019-06-14T23:32:17.149">
  <scavenger-info tenureage="3" tenuremask="ffe8" tiltratio="89" />
  <memory-copied type="nursery" objects="973" bytes="23472" bytesdiscarded="46416" />
  <memory-copied type="tenure" objects="262" bytes="6288" bytesdiscarded="0" />
</gc-op>
<gc-end id="386" type="scavenge" contextid="382" durationms="2.234" usertimems="0.000" systemtimems="4.000" timestamp="2019-06-14T23:32:17.149" activeThreads="4">
  <mem-info id="387" free="7068984" total="12451840" percent="56">
    <mem type="nursery" free="5435136" total="6160384" percent="88">
      <mem type="allocate" free="5435136" total="5505024" percent="98" />
      <mem type="survivor" free="0" total="655360" percent="0" />
    </mem>
    <mem type="tenure" free="1633848" total="6291456" percent="25">
      <mem type="soa" free="1319480" total="5977088" percent="22" />
      <mem type="loa" free="314368" total="314368" percent="100" />
    </mem>
    <remembered-set count="1033" />
  </mem-info>
</gc-end>
<cycle-end id="388" type="scavenge" contextid="382" timestamp="2019-06-14T23:32:17.149" />
  <attribute name="elasticGC enabled" value="1" />
  <attribute name= "numThreadsSpecified" value="4" />
  <attribute name="heapSize specified" value="8388608" />
  <attribute name="Current GC Util" value="8" />
  <attribute name= "Current Time Running" value="1429" />
  <attribute name ="GC Interval" value="200" />
  <attribute name="ProportionalT" value="-6.000000" />
  <attribute name="ProportionalI" value="-6.000000" />
  <attribute name="ProportionalH" value="-6.000000" />
  <attribute name="Current Error" value="-12.000000" />
  <attribute name="IntegralT" value="-288.000000" />
  <attribute name="IntegralI" value="-288.000000" />
  <attribute name="IntegralH" value="-288.000000" />
  <attribute name="DerivativeT" value="-0.500000" />
  <attribute name="DerivativeI" value="-0.500000" />
  <attribute name="DerivativeH" value="-0.500000" />
  <attribute name="Loop Time for DT" value="24.000000" />
  <attribute name="Output H" value="2092630016"/>
  <attribute name="Output I" value="200"/>
  <attribute name="Output T" value="4"/>
  <attribute name="Target GC Util Change" value ="20.000000" />
  <attribute name="Current GC Util Change" value="8.000000"/>
  <attribute name="GC Util currently" value="8" />
  <attribute name="CPU Util currently" value="187981391847" />
<allocation-satisfied id="389" threadId="0000000000B31100" bytesRequested="40" />
<af-end id="390" timestamp="2019-06-14T23:32:17.150" threadId="0000000000B31A88" success="true" from="nursery"/>
<exclusive-end id="391" timestamp="2019-06-14T23:32:17.150" durationms="2.937" />

<exclusive-start id="392" timestamp="2019-06-14T23:32:17.169" intervalms="22.599">
  <response-info timems="0.232" idlems="0.232" threads="0" lastid="0000000000B31100" lastname="Thread-7" />
</exclusive-start>
<af-start id="393" threadId="0000000000B31A88" totalBytesRequested="24" timestamp="2019-06-14T23:32:17.169" intervalms="22.524" type="nursery" />
<cycle-start id="394" type="scavenge" contextid="0" timestamp="2019-06-14T23:32:17.170" intervalms="22.545" />
<gc-start id="395" type="scavenge" contextid="394" timestamp="2019-06-14T23:32:17.170">
  <mem-info id="396" free="1633848" total="12451840" percent="13">
    <mem type="nursery" free="0" total="6160384" percent="0">
      <mem type="allocate" free="0" total="5505024" percent="0" />
      <mem type="survivor" free="0" total="655360" percent="0" />
    </mem>
    <mem type="tenure" free="1633848" total="6291456" percent="25">
      <mem type="soa" free="1319480" total="5977088" percent="22" />
      <mem type="loa" free="314368" total="314368" percent="100" />
    </mem>
    <remembered-set count="1434" />
  </mem-info>
</gc-start>
<allocation-stats totalBytes="5434472" >
  <allocated-bytes non-tlh="40" tlh="5434432" />
  <largest-consumer threadName="Thread-7" threadId="0000000000B31100" bytes="5434472" />
</allocation-stats>
<gc-op id="397" type="scavenge" timems="1.813" contextid="394" timestamp="2019-06-14T23:32:17.172">
  <scavenger-info tenureage="3" tenuremask="ffe8" tiltratio="89" />
  <memory-copied type="nursery" objects="1163" bytes="28288" bytesdiscarded="10880" />
  <memory-copied type="tenure" objects="275" bytes="6600" bytesdiscarded="0" />
</gc-op>
<heap-resize id="398" type="expand" space="nursery" amount="393216" count="1" timems="0.014" reason="excessive time being spent scavenging" timestamp="2019-06-14T23:32:17.172" />
<gc-end id="399" type="scavenge" contextid="394" durationms="2.459" usertimems="4.000" systemtimems="0.000" timestamp="2019-06-14T23:32:17.172" activeThreads="4">
  <mem-info id="400" free="7427384" total="12845056" percent="57">
    <mem type="nursery" free="5793536" total="6553600" percent="88">
      <mem type="allocate" free="5793536" total="5832704" percent="99" />
      <mem type="survivor" free="0" total="720896" percent="0" />
    </mem>
    <mem type="tenure" free="1633848" total="6291456" percent="25">
      <mem type="soa" free="1319480" total="5977088" percent="22" />
      <mem type="loa" free="314368" total="314368" percent="100" />
    </mem>
    <remembered-set count="1159" />
  </mem-info>
</gc-end>
<cycle-end id="401" type="scavenge" contextid="394" timestamp="2019-06-14T23:32:17.172" />
  <attribute name="elasticGC enabled" value="1" />
  <attribute name= "numThreadsSpecified" value="4" />
  <attribute name="heapSize specified" value="8388608" />
  <attribute name="Current GC Util" value="9" />
  <attribute name= "Current Time Running" value="1452" />
  <attribute name ="GC Interval" value="200" />
  <attribute name="ProportionalT" value="-5.500000" />
  <attribute name="ProportionalI" value="-5.500000" />
  <attribute name="ProportionalH" value="-5.500000" />
  <attribute name="Current Error" value="-11.000000" />
  <attribute name="IntegralT" value="-253.000000" />
  <attribute name="IntegralI" value="-253.000000" />
  <attribute name="IntegralH" value="-253.000000" />
  <attribute name="DerivativeT" value="-0.478261" />
  <attribute name="DerivativeI" value="-0.478261" />
  <attribute name="DerivativeH" value="-0.478261" />
  <attribute name="Loop Time for DT" value="23.000000" />
  <attribute name="Output H" value="2092630016"/>
  <attribute name="Output I" value="200"/>
  <attribute name="Output T" value="4"/>
  <attribute name="Target GC Util Change" value ="20.000000" />
  <attribute name="Current GC Util Change" value="9.000000"/>
  <attribute name="GC Util currently" value="9" />
  <attribute name="CPU Util currently" value="203809608380" />
<allocation-satisfied id="402" threadId="0000000000B31100" bytesRequested="24" />
<af-end id="403" timestamp="2019-06-14T23:32:17.173" threadId="0000000000B31A88" success="true" from="nursery"/>
<exclusive-end id="404" timestamp="2019-06-14T23:32:17.173" durationms="3.296" />

<exclusive-start id="405" timestamp="2019-06-14T23:32:17.194" intervalms="24.475">
  <response-info timems="0.231" idlems="0.231" threads="0" lastid="0000000000B31100" lastname="Thread-7" />
</exclusive-start>
<af-start id="406" threadId="0000000000B31A88" totalBytesRequested="24" timestamp="2019-06-14T23:32:17.194" intervalms="24.516" type="nursery" />
<cycle-start id="407" type="scavenge" contextid="0" timestamp="2019-06-14T23:32:17.194" intervalms="24.459" />
<gc-start id="408" type="scavenge" contextid="407" timestamp="2019-06-14T23:32:17.194">
  <mem-info id="409" free="1633848" total="12845056" percent="12">
    <mem type="nursery" free="0" total="6553600" percent="0">
      <mem type="allocate" free="0" total="5832704" percent="0" />
      <mem type="survivor" free="0" total="720896" percent="0" />
    </mem>
    <mem type="tenure" free="1633848" total="6291456" percent="25">
      <mem type="soa" free="1319480" total="5977088" percent="22" />
      <mem type="loa" free="314368" total="314368" percent="100" />
    </mem>
    <remembered-set count="1416" />
  </mem-info>
</gc-start>
<allocation-stats totalBytes="5792832" >
  <allocated-bytes non-tlh="24" tlh="5792808" />
  <largest-consumer threadName="Thread-7" threadId="0000000000B31100" bytes="5792832" />
</allocation-stats>
<gc-op id="410" type="scavenge" timems="1.837" contextid="407" timestamp="2019-06-14T23:32:17.196">
  <scavenger-info tenureage="3" tenuremask="ffe8" tiltratio="89" />
  <memory-copied type="nursery" objects="1094" bytes="26616" bytesdiscarded="12552" />
  <memory-copied type="tenure" objects="321" bytes="7704" bytesdiscarded="0" />
</gc-op>
<gc-end id="411" type="scavenge" contextid="407" durationms="2.188" usertimems="4.000" systemtimems="0.000" timestamp="2019-06-14T23:32:17.196" activeThreads="4">
  <mem-info id="412" free="7492920" total="12845056" percent="58">
    <mem type="nursery" free="5859072" total="6553600" percent="89">
      <mem type="allocate" free="5859072" total="5898240" percent="99" />
      <mem type="survivor" free="0" total="655360" percent="0" />
    </mem>
    <mem type="tenure" free="1633848" total="6291456" percent="25">
      <mem type="soa" free="1319480" total="5977088" percent="22" />
      <mem type="loa" free="314368" total="314368" percent="100" />
    </mem>
    <remembered-set count="1095" />
  </mem-info>
</gc-end>
<cycle-end id="413" type="scavenge" contextid="407" timestamp="2019-06-14T23:32:17.196" />
  <attribute name="elasticGC enabled" value="1" />
  <attribute name= "numThreadsSpecified" value="4" />
  <attribute name="heapSize specified" value="8388608" />
  <attribute name="Current GC Util" value="8" />
  <attribute name= "Current Time Running" value="1476" />
  <attribute name ="GC Interval" value="200" />
  <attribute name="ProportionalT" value="-6.000000" />
  <attribute name="ProportionalI" value="-6.000000" />
  <attribute name="ProportionalH" value="-6.000000" />
  <attribute name="Current Error" value="-12.000000" />
  <attribute name="IntegralT" value="-288.000000" />
  <attribute name="IntegralI" value="-288.000000" />
  <attribute name="IntegralH" value="-288.000000" />
  <attribute name="DerivativeT" value="-0.500000" />
  <attribute name="DerivativeI" value="-0.500000" />
  <attribute name="DerivativeH" value="-0.500000" />
  <attribute name="Loop Time for DT" value="24.000000" />
  <attribute name="Output H" value="2092630016"/>
  <attribute name="Output I" value="200"/>
  <attribute name="Output T" value="4"/>
  <attribute name="Target GC Util Change" value ="20.000000" />
  <attribute name="Current GC Util Change" value="8.000000"/>
  <attribute name="GC Util currently" value="8" />
  <attribute name="CPU Util currently" value="189664311059" />
<allocation-satisfied id="414" threadId="0000000000B31100" bytesRequested="24" />
<af-end id="415" timestamp="2019-06-14T23:32:17.197" threadId="0000000000B31A88" success="true" from="nursery"/>
<exclusive-end id="416" timestamp="2019-06-14T23:32:17.197" durationms="2.896" />

<exclusive-start id="417" timestamp="2019-06-14T23:32:17.215" intervalms="21.603">
  <response-info timems="0.065" idlems="0.065" threads="0" lastid="0000000000B31100" lastname="Thread-7" />
</exclusive-start>
<af-start id="418" threadId="0000000000B31A88" totalBytesRequested="40" timestamp="2019-06-14T23:32:17.215" intervalms="21.561" type="nursery" />
<cycle-start id="419" type="scavenge" contextid="0" timestamp="2019-06-14T23:32:17.216" intervalms="21.556" />
<gc-start id="420" type="scavenge" contextid="419" timestamp="2019-06-14T23:32:17.216">
  <mem-info id="421" free="1633848" total="12845056" percent="12">
    <mem type="nursery" free="0" total="6553600" percent="0">
      <mem type="allocate" free="0" total="5898240" percent="0" />
      <mem type="survivor" free="0" total="655360" percent="0" />
    </mem>
    <mem type="tenure" free="1633848" total="6291456" percent="25">
      <mem type="soa" free="1319480" total="5977088" percent="22" />
      <mem type="loa" free="314368" total="314368" percent="100" />
    </mem>
    <remembered-set count="1346" />
  </mem-info>
</gc-start>
<allocation-stats totalBytes="5858400" >
  <allocated-bytes non-tlh="24" tlh="5858376" />
  <largest-consumer threadName="Thread-7" threadId="0000000000B31100" bytes="5858400" />
</allocation-stats>
<gc-op id="422" type="scavenge" timems="1.830" contextid="419" timestamp="2019-06-14T23:32:17.218">
  <scavenger-info tenureage="3" tenuremask="ffe8" tiltratio="90" />
  <memory-copied type="nursery" objects="985" bytes="24032" bytesdiscarded="45856" />
  <memory-copied type="tenure" objects="366" bytes="8784" bytesdiscarded="0" />
</gc-op>
<heap-resize id="423" type="expand" space="nursery" amount="393216" count="1" timems="0.014" reason="excessive time being spent scavenging" timestamp="2019-06-14T23:32:17.218" />
<gc-end id="424" type="scavenge" contextid="419" durationms="2.289" usertimems="0.000" systemtimems="0.000" timestamp="2019-06-14T23:32:17.218" activeThreads="4">
  <mem-info id="425" free="7789880" total="13238272" percent="58">
    <mem type="nursery" free="6156032" total="6946816" percent="88">
      <mem type="allocate" free="6156032" total="6225920" percent="98" />
      <mem type="survivor" free="0" total="720896" percent="0" />
    </mem>
    <mem type="tenure" free="1633848" total="6291456" percent="25">
      <mem type="soa" free="1319480" total="5977088" percent="22" />
      <mem type="loa" free="314368" total="314368" percent="100" />
    </mem>
    <remembered-set count="980" />
  </mem-info>
</gc-end>
<cycle-end id="426" type="scavenge" contextid="419" timestamp="2019-06-14T23:32:17.218" />
  <attribute name="elasticGC enabled" value="1" />
  <attribute name= "numThreadsSpecified" value="4" />
  <attribute name="heapSize specified" value="8388608" />
  <attribute name="Current GC Util" value="9" />
  <attribute name= "Current Time Running" value="1498" />
  <attribute name ="GC Interval" value="200" />
  <attribute name="ProportionalT" value="-5.500000" />
  <attribute name="ProportionalI" value="-5.500000" />
  <attribute name="ProportionalH" value="-5.500000" />
  <attribute name="Current Error" value="-11.000000" />
  <attribute name="IntegralT" value="-242.000000" />
  <attribute name="IntegralI" value="-242.000000" />
  <attribute name="IntegralH" value="-242.000000" />
  <attribute name="DerivativeT" value="-0.500000" />
  <attribute name="DerivativeI" value="-0.500000" />
  <attribute name="DerivativeH" value="-0.500000" />
  <attribute name="Loop Time for DT" value="22.000000" />
  <attribute name="Output H" value="2092630016"/>
  <attribute name="Output I" value="200"/>
  <attribute name="Output T" value="4"/>
  <attribute name="Target GC Util Change" value ="20.000000" />
  <attribute name="Current GC Util Change" value="9.000000"/>
  <attribute name="GC Util currently" value="9" />
  <attribute name="CPU Util currently" value="213473720363" />
<allocation-satisfied id="427" threadId="0000000000B31100" bytesRequested="40" />
<af-end id="428" timestamp="2019-06-14T23:32:17.218" threadId="0000000000B31A88" success="true" from="nursery"/>
<exclusive-end id="429" timestamp="2019-06-14T23:32:17.219" durationms="3.120" />

<exclusive-start id="430" timestamp="2019-06-14T23:32:17.235" intervalms="19.111">
  <response-info timems="0.075" idlems="0.075" threads="0" lastid="0000000000B31100" lastname="Thread-7" />
</exclusive-start>
<af-start id="431" threadId="0000000000B31A88" totalBytesRequested="24" timestamp="2019-06-14T23:32:17.235" intervalms="19.109" type="nursery" />
<cycle-start id="432" type="scavenge" contextid="0" timestamp="2019-06-14T23:32:17.235" intervalms="19.117" />
<gc-start id="433" type="scavenge" contextid="432" timestamp="2019-06-14T23:32:17.235">
  <mem-info id="434" free="1633848" total="13238272" percent="12">
    <mem type="nursery" free="0" total="6946816" percent="0">
      <mem type="allocate" free="0" total="6225920" percent="0" />
      <mem type="survivor" free="0" total="720896" percent="0" />
    </mem>
    <mem type="tenure" free="1633848" total="6291456" percent="25">
      <mem type="soa" free="1319480" total="5977088" percent="22" />
      <mem type="loa" free="314368" total="314368" percent="100" />
    </mem>
    <remembered-set count="1383" />
  </mem-info>
</gc-start>
<allocation-stats totalBytes="6155304" >
  <allocated-bytes non-tlh="40" tlh="6155264" />
  <largest-consumer threadName="Thread-7" threadId="0000000000B31100" bytes="6155304" />
</allocation-stats>
<gc-op id="435" type="scavenge" timems="1.833" contextid="432" timestamp="2019-06-14T23:32:17.237">
  <scavenger-info tenureage="3" tenuremask="4008" tiltratio="89" />
  <memory-copied type="nursery" objects="985" bytes="24128" bytesdiscarded="15040" />
  <memory-copied type="tenure" objects="395" bytes="9480" bytesdiscarded="0" />
</gc-op>
<heap-resize id="436" type="expand" space="nursery" amount="393216" count="1" timems="0.011" reason="excessive time being spent scavenging" timestamp="2019-06-14T23:32:17.237" />
<gc-end id="437" type="scavenge" contextid="432" durationms="2.253" usertimems="0.000" systemtimems="0.000" timestamp="2019-06-14T23:32:17.237" activeThreads="4">
  <mem-info id="438" free="8148280" total="13631488" percent="59">
    <mem type="nursery" free="6514432" total="7340032" percent="88">
      <mem type="allocate" free="6514432" total="6553600" percent="99" />
      <mem type="survivor" free="0" total="786432" percent="0" />
    </mem>
    <mem type="tenure" free="1633848" total="6291456" percent="25">
      <mem type="soa" free="1319480" total="5977088" percent="22" />
      <mem type="loa" free="314368" total="314368" percent="100" />
    </mem>
    <remembered-set count="988" />
  </mem-info>
</gc-end>
<cycle-end id="439" type="scavenge" contextid="432" timestamp="2019-06-14T23:32:17.237" />
  <attribute name="elasticGC enabled" value="1" />
  <attribute name= "numThreadsSpecified" value="4" />
  <attribute name="heapSize specified" value="8388608" />
  <attribute name="Current GC Util" value="10" />
  <attribute name= "Current Time Running" value="1517" />
  <attribute name ="GC Interval" value="200" />
  <attribute name="ProportionalT" value="-5.000000" />
  <attribute name="ProportionalI" value="-5.000000" />
  <attribute name="ProportionalH" value="-5.000000" />
  <attribute name="Current Error" value="-10.000000" />
  <attribute name="IntegralT" value="-190.000000" />
  <attribute name="IntegralI" value="-190.000000" />
  <attribute name="IntegralH" value="-190.000000" />
  <attribute name="DerivativeT" value="-0.526316" />
  <attribute name="DerivativeI" value="-0.526316" />
  <attribute name="DerivativeH" value="-0.526316" />
  <attribute name="Loop Time for DT" value="19.000000" />
  <attribute name="Output H" value="2092630016"/>
  <attribute name="Output I" value="200"/>
  <attribute name="Output T" value="4"/>
  <attribute name="Target GC Util Change" value ="20.000000" />
  <attribute name="Current GC Util Change" value="10.000000"/>
  <attribute name="GC Util currently" value="10" />
  <attribute name="CPU Util currently" value="241836429941" />
<allocation-satisfied id="440" threadId="0000000000B31100" bytesRequested="24" />
<af-end id="441" timestamp="2019-06-14T23:32:17.237" threadId="0000000000B31A88" success="true" from="nursery"/>
<exclusive-end id="442" timestamp="2019-06-14T23:32:17.237" durationms="2.932" />

<exclusive-start id="443" timestamp="2019-06-14T23:32:17.251" intervalms="16.062">
  <response-info timems="0.101" idlems="0.101" threads="0" lastid="0000000000B31100" lastname="Thread-7" />
</exclusive-start>
<af-start id="444" threadId="0000000000B31A88" totalBytesRequested="40" timestamp="2019-06-14T23:32:17.251" intervalms="16.092" type="nursery" />
<cycle-start id="445" type="scavenge" contextid="0" timestamp="2019-06-14T23:32:17.251" intervalms="16.120" />
<gc-start id="446" type="scavenge" contextid="445" timestamp="2019-06-14T23:32:17.251">
  <mem-info id="447" free="1633848" total="13631488" percent="11">
    <mem type="nursery" free="0" total="7340032" percent="0">
      <mem type="allocate" free="0" total="6553600" percent="0" />
      <mem type="survivor" free="0" total="786432" percent="0" />
    </mem>
    <mem type="tenure" free="1633848" total="6291456" percent="25">
      <mem type="soa" free="1319480" total="5977088" percent="22" />
      <mem type="loa" free="314368" total="314368" percent="100" />
    </mem>
    <remembered-set count="1424" />
  </mem-info>
</gc-start>
<allocation-stats totalBytes="6513656" >
  <allocated-bytes non-tlh="24" tlh="6513632" />
  <largest-consumer threadName="Thread-7" threadId="0000000000B31100" bytes="6513656" />
</allocation-stats>
<gc-op id="448" type="scavenge" timems="1.820" contextid="445" timestamp="2019-06-14T23:32:17.253">
  <scavenger-info tenureage="3" tenuremask="4008" tiltratio="89" />
  <memory-copied type="nursery" objects="1170" bytes="28448" bytesdiscarded="10720" />
  <memory-copied type="tenure" objects="259" bytes="6216" bytesdiscarded="0" />
</gc-op>
<heap-resize id="449" type="expand" space="nursery" amount="524288" count="1" timems="0.010" reason="excessive time being spent scavenging" timestamp="2019-06-14T23:32:17.253" />
<gc-end id="450" type="scavenge" contextid="445" durationms="2.317" usertimems="0.000" systemtimems="0.000" timestamp="2019-06-14T23:32:17.253" activeThreads="4">
  <mem-info id="451" free="8607032" total="14155776" percent="60">
    <mem type="nursery" free="6973184" total="7864320" percent="88">
      <mem type="allocate" free="6973184" total="7012352" percent="99" />
      <mem type="survivor" free="0" total="851968" percent="0" />
    </mem>
    <mem type="tenure" free="1633848" total="6291456" percent="25">
      <mem type="soa" free="1319480" total="5977088" percent="22" />
      <mem type="loa" free="314368" total="314368" percent="100" />
    </mem>
    <remembered-set count="1165" />
  </mem-info>
</gc-end>
<cycle-end id="452" type="scavenge" contextid="445" timestamp="2019-06-14T23:32:17.253" />
  <attribute name="elasticGC enabled" value="1" />
  <attribute name= "numThreadsSpecified" value="4" />
  <attribute name="heapSize specified" value="8388608" />
  <attribute name="Current GC Util" value="12" />
  <attribute name= "Current Time Running" value="1533" />
  <attribute name ="GC Interval" value="200" />
  <attribute name="ProportionalT" value="-4.000000" />
  <attribute name="ProportionalI" value="-4.000000" />
  <attribute name="ProportionalH" value="-4.000000" />
  <attribute name="Current Error" value="-8.000000" />
  <attribute name="IntegralT" value="-128.000000" />
  <attribute name="IntegralI" value="-128.000000" />
  <attribute name="IntegralH" value="-128.000000" />
  <attribute name="DerivativeT" value="-0.500000" />
  <attribute name="DerivativeI" value="-0.500000" />
  <attribute name="DerivativeH" value="-0.500000" />
  <attribute name="Loop Time for DT" value="16.000000" />
  <attribute name="Output H" value="2092630016"/>
  <attribute name="Output I" value="200"/>
  <attribute name="Output T" value="4"/>
  <attribute name="Target GC Util Change" value ="20.000000" />
  <attribute name="Current GC Util Change" value="12.000000"/>
  <attribute name="GC Util currently" value="12" />
  <attribute name="CPU Util currently" value="283999301147" />
<allocation-satisfied id="453" threadId="0000000000B31100" bytesRequested="40" />
<af-end id="454" timestamp="2019-06-14T23:32:17.254" threadId="0000000000B31A88" success="true" from="nursery"/>
<exclusive-end id="455" timestamp="2019-06-14T23:32:17.254" durationms="3.000" />

</verbosegc>

