<?xml version="1.0" ?>

<verbosegc xmlns="http://www.ibm.com/j9/verbosegc" version="08cc62e_CMPRSS">

<initialized id="1" timestamp="2019-08-02T22:31:00.545">
  <attribute name="gcPolicy" value="-Xgcpolicy:gencon" />
  <attribute name="elasticGC enabled" value="1" />
  <attribute name= "numThreadsSpecified" value="0" />
  <attribute name="heapSize specified" value="0" />
  <attribute name= "numCores" value="0" />
  <attribute name ="GC Interval" value="0" />
  <attribute name="GC Util Range Max" value="0" />
  <attribute name="Current GC Util" value="0" />
  <attribute name= "Current Time Running" value="0" />
  <attribute name="maxHeapSize" value="0x7cba0000" />
  <attribute name="initialHeapSize" value="0x800000" />
  <attribute name="compressedRefs" value="true" />
  <attribute name="compressedRefsDisplacement" value="0x0" />
  <attribute name="compressedRefsShift" value="0x0" />
  <attribute name="pageSize" value="0x1000" />
  <attribute name="pageType" value="not used" />
  <attribute name="requestedPageSize" value="0x1000" />
  <attribute name="requestedPageType" value="not used" />
  <attribute name="gcthreads" value="8" />
  <attribute name="gcthreads Concurrent Mark" value="1" />
  <attribute name="packetListSplit" value="8" />
  <attribute name="cacheListSplit" value="8" />
  <attribute name="splitFreeListSplitAmount" value="1" />
  <attribute name="numaNodes" value="0" />
  <system>
    <attribute name="physicalMemory" value="8370401280" />
    <attribute name="numCPUs" value="8" />
    <attribute name="architecture" value="amd64" />
    <attribute name="os" value="Linux" />
    <attribute name="osVersion" value="4.4.0-154-generic" />
  </system>
  <vmargs>
    <vmarg name="-Xoptionsfile=/vagrant/jdk/lib/options.default" />
    <vmarg name="-Xlockword:mode=default,noLockword=java/lang/String,noLockword=java/util/MapEntry,noLockword=java/util/HashMap$Entry,noLockword..." />
    <vmarg name="-Xjcl:jclse29" />
    <vmarg name="-Dcom.ibm.oti.vm.bootstrap.library.path=/vagrant/jdk/lib/compressedrefs:/vagrant/jdk/lib" />
    <vmarg name="-Dsun.boot.library.path=/vagrant/jdk/lib/compressedrefs:/vagrant/jdk/lib" />
    <vmarg name="-Djava.library.path=/vagrant/jdk/lib/compressedrefs:/vagrant/jdk/lib:/usr/lib64:/usr/lib" />
    <vmarg name="-Djava.home=/vagrant/jdk" />
    <vmarg name="-Duser.dir=/vagrant" />
    <vmarg name="-Xgcelastic" />
    <vmarg name="-Xcheck:gc:::elasticGC" />
    <vmarg name="-verbose:gc" />
    <vmarg name="-Xloggc:jdkG-small-GEN-8core-verbose6jython.txt" />
    <vmarg name="-Djava.class.path=dacapo-9.12-MR1-bach.jar" />
    <vmarg name="-Dsun.java.command=dacapo-9.12-MR1-bach.jar jython --size=small" />
    <vmarg name="-Dsun.java.launcher=SUN_STANDARD" />
    <vmarg name="-Dsun.java.launcher.pid=4309" />
  </vmargs>
</initialized>

<exclusive-start id="2" timestamp="2019-08-02T22:31:00.800" intervalms="255.140">
  <response-info timems="0.024" idlems="0.024" threads="0" lastid="0000000001E57A00" lastname="main" />
</exclusive-start>
<af-start id="3" threadId="0000000001E58388" totalBytesRequested="7184" timestamp="2019-08-02T22:31:00.800" intervalms="255.582" type="nursery" />
<cycle-start id="4" type="scavenge" contextid="0" timestamp="2019-08-02T22:31:00.801" intervalms="255.880" />
<gc-start id="5" type="scavenge" contextid="4" timestamp="2019-08-02T22:31:00.801">
  <mem-info id="6" free="6062624" total="8388608" percent="72">
    <mem type="nursery" free="0" total="2097152" percent="0">
      <mem type="allocate" free="0" total="1048576" percent="0" />
      <mem type="survivor" free="0" total="1048576" percent="0" />
    </mem>
    <mem type="tenure" free="6062624" total="6291456" percent="96">
      <mem type="soa" free="5748256" total="5977088" percent="96" />
      <mem type="loa" free="314368" total="314368" percent="100" />
    </mem>
    <remembered-set count="3161" />
  </mem-info>
</gc-start>
<allocation-stats totalBytes="1271944" >
  <allocated-bytes non-tlh="344784" tlh="927160" />
  <largest-consumer threadName="main" threadId="0000000001E57A00" bytes="1178792" />
</allocation-stats>
<gc-op id="7" type="scavenge" timems="2.116" contextid="4" timestamp="2019-08-02T22:31:00.803">
  <scavenger-info tenureage="2" tenuremask="fffc" tiltratio="50" />
  <memory-copied type="nursery" objects="10594" bytes="471040" bytesdiscarded="99048" />
  <finalization candidates="11" enqueued="0" />
  <references type="soft" candidates="62" cleared="0" enqueued="0" dynamicThreshold="32" maxThreshold="32" />
  <references type="weak" candidates="307" cleared="176" enqueued="140" />
  <references type="phantom" candidates="22" cleared="5" enqueued="5" />
</gc-op>
<gc-end id="8" type="scavenge" contextid="4" durationms="2.549" usertimems="4.000" systemtimems="0.000" timestamp="2019-08-02T22:31:00.804" activeThreads="8">
  <mem-info id="9" free="6538992" total="8388608" percent="77">
    <mem type="nursery" free="476368" total="2097152" percent="22">
      <mem type="allocate" free="476368" total="1048576" percent="45" />
      <mem type="survivor" free="0" total="1048576" percent="0" />
    </mem>
    <mem type="tenure" free="6062624" total="6291456" percent="96">
      <mem type="soa" free="5748256" total="5977088" percent="96" />
      <mem type="loa" free="314368" total="314368" percent="100" />
    </mem>
    <pending-finalizers system="0" default="0" reference="145" classloader="0" />
    <remembered-set count="3161" />
  </mem-info>
</gc-end>
<cycle-end id="10" type="scavenge" contextid="4" timestamp="2019-08-02T22:31:00.804" />
  <attribute name="elasticGC enabled" value="1" />
  <attribute name= "numThreadsSpecified" value="0" />
  <attribute name="heapSize specified" value="0" />
  <attribute name= "numCores" value="8" />
  <attribute name ="GC Interval" value="0" />
  <attribute name ="Control flow" value="2" />
  <attribute name="GC Util Range Max" value="10" />
  <attribute name="Current GC Util" value="0" />
  <attribute name= "Current Time Running" value="0" />
<allocation-satisfied id="11" threadId="0000000001E57A00" bytesRequested="7184" />
<af-end id="12" timestamp="2019-08-02T22:31:00.804" threadId="0000000001E58388" success="true" from="nursery"/>
<exclusive-end id="13" timestamp="2019-08-02T22:31:00.804" durationms="4.102" />

<exclusive-start id="14" timestamp="2019-08-02T22:31:00.832" intervalms="31.734">
  <response-info timems="0.029" idlems="0.029" threads="0" lastid="0000000001E57A00" lastname="main" />
</exclusive-start>
<af-start id="15" threadId="0000000001E58388" totalBytesRequested="15200" timestamp="2019-08-02T22:31:00.832" intervalms="31.375" type="nursery" />
<cycle-start id="16" type="scavenge" contextid="0" timestamp="2019-08-02T22:31:00.832" intervalms="31.142" />
<gc-start id="17" type="scavenge" contextid="16" timestamp="2019-08-02T22:31:00.832">
  <mem-info id="18" free="6054888" total="8388608" percent="72">
    <mem type="nursery" free="0" total="2097152" percent="0">
      <mem type="allocate" free="0" total="1048576" percent="0" />
      <mem type="survivor" free="0" total="1048576" percent="0" />
    </mem>
    <mem type="tenure" free="6054888" total="6291456" percent="96">
      <mem type="soa" free="5740520" total="5977088" percent="96" />
      <mem type="loa" free="314368" total="314368" percent="100" />
    </mem>
    <remembered-set count="3262" />
  </mem-info>
</gc-start>
<allocation-stats totalBytes="478592" >
  <allocated-bytes non-tlh="14920" tlh="463672" />
  <largest-consumer threadName="main" threadId="0000000001E57A00" bytes="466616" />
</allocation-stats>
<gc-op id="19" type="scavenge" timems="0.865" contextid="16" timestamp="2019-08-02T22:31:00.833">
  <scavenger-info tenureage="5" tenuremask="7fe0" tiltratio="50" />
  <memory-copied type="nursery" objects="10929" bytes="510416" bytesdiscarded="115584" />
  <finalization candidates="11" enqueued="0" />
  <references type="soft" candidates="62" cleared="0" enqueued="0" dynamicThreshold="32" maxThreshold="32" />
  <references type="weak" candidates="243" cleared="97" enqueued="94" />
  <references type="phantom" candidates="40" cleared="13" enqueued="13" />
</gc-op>
<gc-end id="20" type="scavenge" contextid="16" durationms="1.067" usertimems="4.000" systemtimems="0.000" timestamp="2019-08-02T22:31:00.833" activeThreads="8">
  <mem-info id="21" free="6475952" total="8388608" percent="77">
    <mem type="nursery" free="421064" total="2097152" percent="20">
      <mem type="allocate" free="421064" total="1048576" percent="40" />
      <mem type="survivor" free="0" total="1048576" percent="0" />
    </mem>
    <mem type="tenure" free="6054888" total="6291456" percent="96">
      <mem type="soa" free="5740520" total="5977088" percent="96" />
      <mem type="loa" free="314368" total="314368" percent="100" />
    </mem>
    <pending-finalizers system="0" default="0" reference="107" classloader="0" />
    <remembered-set count="3262" />
  </mem-info>
</gc-end>
<cycle-end id="22" type="scavenge" contextid="16" timestamp="2019-08-02T22:31:00.833" />
  <attribute name="elasticGC enabled" value="1" />
  <attribute name= "numThreadsSpecified" value="0" />
  <attribute name="heapSize specified" value="0" />
  <attribute name= "numCores" value="8" />
  <attribute name ="GC Interval" value="0" />
  <attribute name ="Control flow" value="2" />
  <attribute name="GC Util Range Max" value="13" />
  <attribute name="Current GC Util" value="13" />
  <attribute name= "Current Time Running" value="30" />
<allocation-satisfied id="23" threadId="0000000001E57A00" bytesRequested="15200" />
<af-end id="24" timestamp="2019-08-02T22:31:00.833" threadId="0000000001E58388" success="true" from="nursery"/>
<exclusive-end id="25" timestamp="2019-08-02T22:31:00.833" durationms="1.529" />

<exclusive-start id="26" timestamp="2019-08-02T22:31:00.843" intervalms="11.227">
  <response-info timems="0.048" idlems="0.048" threads="0" lastid="0000000001E57A00" lastname="main" />
</exclusive-start>
<af-start id="27" threadId="0000000001E58388" totalBytesRequested="3080" timestamp="2019-08-02T22:31:00.843" intervalms="11.248" type="nursery" />
<cycle-start id="28" type="scavenge" contextid="0" timestamp="2019-08-02T22:31:00.843" intervalms="11.265" />
<gc-start id="29" type="scavenge" contextid="28" timestamp="2019-08-02T22:31:00.843">
  <mem-info id="30" free="6052200" total="8388608" percent="72">
    <mem type="nursery" free="0" total="2097152" percent="0">
      <mem type="allocate" free="0" total="1048576" percent="0" />
      <mem type="survivor" free="0" total="1048576" percent="0" />
    </mem>
    <mem type="tenure" free="6052200" total="6291456" percent="96">
      <mem type="soa" free="5737832" total="5977088" percent="95" />
      <mem type="loa" free="314368" total="314368" percent="100" />
    </mem>
    <remembered-set count="3295" />
  </mem-info>
</gc-start>
<allocation-stats totalBytes="412640" >
  <allocated-bytes non-tlh="17888" tlh="394752" />
  <largest-consumer threadName="main" threadId="0000000001E57A00" bytes="404448" />
</allocation-stats>
<gc-op id="31" type="scavenge" timems="0.822" contextid="28" timestamp="2019-08-02T22:31:00.844">
  <scavenger-info tenureage="4" tenuremask="7ff0" tiltratio="50" />
  <memory-copied type="nursery" objects="10964" bytes="562760" bytesdiscarded="71536" />
  <finalization candidates="11" enqueued="0" />
  <references type="soft" candidates="62" cleared="0" enqueued="0" dynamicThreshold="32" maxThreshold="32" />
  <references type="weak" candidates="224" cleared="76" enqueued="76" />
  <references type="phantom" candidates="39" cleared="10" enqueued="10" />
</gc-op>
<heap-resize id="32" type="expand" space="nursery" amount="131072" count="1" timems="0.051" reason="excessive time being spent scavenging" timestamp="2019-08-02T22:31:00.844" />
<gc-end id="33" type="scavenge" contextid="28" durationms="1.161" usertimems="0.000" systemtimems="0.000" timestamp="2019-08-02T22:31:00.844" activeThreads="8">
  <mem-info id="34" free="6530520" total="8519680" percent="76">
    <mem type="nursery" free="478320" total="2228224" percent="21">
      <mem type="allocate" free="478320" total="1114112" percent="42" />
      <mem type="survivor" free="0" total="1114112" percent="0" />
    </mem>
    <mem type="tenure" free="6052200" total="6291456" percent="96">
      <mem type="soa" free="5737832" total="5977088" percent="95" />
      <mem type="loa" free="314368" total="314368" percent="100" />
    </mem>
    <pending-finalizers system="0" default="0" reference="86" classloader="0" />
    <remembered-set count="1025" />
  </mem-info>
</gc-end>
<cycle-end id="35" type="scavenge" contextid="28" timestamp="2019-08-02T22:31:00.844" />
  <attribute name="elasticGC enabled" value="1" />
  <attribute name= "numThreadsSpecified" value="0" />
  <attribute name="heapSize specified" value="0" />
  <attribute name= "numCores" value="8" />
  <attribute name ="GC Interval" value="0" />
  <attribute name ="Control flow" value="2" />
  <attribute name="GC Util Range Max" value="15" />
  <attribute name="Current GC Util" value="15" />
  <attribute name= "Current Time Running" value="41" />
<allocation-satisfied id="36" threadId="0000000001E57A00" bytesRequested="3080" />
<af-end id="37" timestamp="2019-08-02T22:31:00.844" threadId="0000000001E58388" success="true" from="nursery"/>
<exclusive-end id="38" timestamp="2019-08-02T22:31:00.844" durationms="1.644" />

<exclusive-start id="39" timestamp="2019-08-02T22:31:01.123" intervalms="279.849">
  <response-info timems="0.025" idlems="0.025" threads="0" lastid="0000000001E57A00" lastname="main" />
</exclusive-start>
<af-start id="40" threadId="0000000001E58388" totalBytesRequested="64" timestamp="2019-08-02T22:31:01.123" intervalms="279.836" type="nursery" />
<cycle-start id="41" type="scavenge" contextid="0" timestamp="2019-08-02T22:31:01.123" intervalms="279.821" />
<gc-start id="42" type="scavenge" contextid="41" timestamp="2019-08-02T22:31:01.123">
  <mem-info id="43" free="6048480" total="8519680" percent="70">
    <mem type="nursery" free="0" total="2228224" percent="0">
      <mem type="allocate" free="0" total="1114112" percent="0" />
      <mem type="survivor" free="0" total="1114112" percent="0" />
    </mem>
    <mem type="tenure" free="6048480" total="6291456" percent="96">
      <mem type="soa" free="5734112" total="5977088" percent="95" />
      <mem type="loa" free="314368" total="314368" percent="100" />
    </mem>
    <remembered-set count="1091" />
  </mem-info>
</gc-start>
<allocation-stats totalBytes="481824" >
  <allocated-bytes non-tlh="49848" tlh="431976" />
  <largest-consumer threadName="main" threadId="0000000001E57A00" bytes="481824" />
</allocation-stats>
<gc-op id="44" type="scavenge" timems="0.973" contextid="41" timestamp="2019-08-02T22:31:01.124">
  <scavenger-info tenureage="3" tenuremask="7ff8" tiltratio="50" />
  <memory-copied type="nursery" objects="729" bytes="179792" bytesdiscarded="108928" />
  <memory-copied type="tenure" objects="10313" bytes="461768" bytesdiscarded="232" />
  <finalization candidates="13" enqueued="0" />
  <references type="soft" candidates="1" cleared="0" enqueued="0" dynamicThreshold="32" maxThreshold="32" />
  <references type="weak" candidates="63" cleared="48" enqueued="48" />
  <references type="phantom" candidates="23" cleared="12" enqueued="12" />
</gc-op>
<gc-end id="45" type="scavenge" contextid="41" durationms="1.175" usertimems="4.000" systemtimems="0.000" timestamp="2019-08-02T22:31:01.124" activeThreads="8">
  <mem-info id="46" free="6321232" total="8519680" percent="74">
    <mem type="nursery" free="825336" total="2228224" percent="37">
      <mem type="allocate" free="825336" total="1114112" percent="74" />
      <mem type="survivor" free="0" total="1114112" percent="0" />
    </mem>
    <mem type="tenure" free="5495896" total="6291456" percent="87">
      <mem type="soa" free="5181528" total="5977088" percent="86" />
      <mem type="loa" free="314368" total="314368" percent="100" />
    </mem>
    <pending-finalizers system="0" default="0" reference="60" classloader="0" />
    <remembered-set count="221" />
  </mem-info>
</gc-end>
<cycle-end id="47" type="scavenge" contextid="41" timestamp="2019-08-02T22:31:01.124" />
  <attribute name="elasticGC enabled" value="1" />
  <attribute name= "numThreadsSpecified" value="0" />
  <attribute name="heapSize specified" value="0" />
  <attribute name= "numCores" value="8" />
  <attribute name ="GC Interval" value="0" />
  <attribute name ="Control flow" value="3" />
  <attribute name="GC Util Range Max" value="15" />
  <attribute name="Current GC Util" value="0" />
  <attribute name= "Current Time Running" value="321" />
<allocation-satisfied id="48" threadId="0000000001E57A00" bytesRequested="64" />
<af-end id="49" timestamp="2019-08-02T22:31:01.124" threadId="0000000001E58388" success="true" from="nursery"/>
<exclusive-end id="50" timestamp="2019-08-02T22:31:01.124" durationms="1.636" />

<exclusive-start id="51" timestamp="2019-08-02T22:31:01.372" intervalms="249.029">
  <response-info timems="0.025" idlems="0.025" threads="0" lastid="0000000001E57A00" lastname="main" />
</exclusive-start>
<af-start id="52" threadId="0000000001E58388" totalBytesRequested="2056" timestamp="2019-08-02T22:31:01.372" intervalms="249.027" type="nursery" />
<cycle-start id="53" type="scavenge" contextid="0" timestamp="2019-08-02T22:31:01.372" intervalms="249.025" />
<gc-start id="54" type="scavenge" contextid="53" timestamp="2019-08-02T22:31:01.372">
  <mem-info id="55" free="5494976" total="8519680" percent="64">
    <mem type="nursery" free="0" total="2228224" percent="0">
      <mem type="allocate" free="0" total="1114112" percent="0" />
      <mem type="survivor" free="0" total="1114112" percent="0" />
    </mem>
    <mem type="tenure" free="5494976" total="6291456" percent="87">
      <mem type="soa" free="5180608" total="5977088" percent="86" />
      <mem type="loa" free="314368" total="314368" percent="100" />
    </mem>
    <remembered-set count="240" />
  </mem-info>
</gc-start>
<allocation-stats totalBytes="815320" >
  <allocated-bytes non-tlh="984" tlh="814336" />
  <largest-consumer threadName="main" threadId="0000000001E57A00" bytes="815320" />
</allocation-stats>
<gc-op id="56" type="scavenge" timems="0.499" contextid="53" timestamp="2019-08-02T22:31:01.373">
  <scavenger-info tenureage="3" tenuremask="7ff8" tiltratio="50" />
  <memory-copied type="nursery" objects="444" bytes="118320" bytesdiscarded="73384" />
  <memory-copied type="tenure" objects="308" bytes="15400" bytesdiscarded="0" />
  <finalization candidates="3" enqueued="1" />
  <references type="soft" candidates="1" cleared="0" enqueued="0" dynamicThreshold="32" maxThreshold="32" />
  <references type="weak" candidates="8" cleared="6" enqueued="6" />
  <references type="phantom" candidates="9" cleared="4" enqueued="4" />
</gc-op>
<gc-end id="57" type="scavenge" contextid="53" durationms="0.695" usertimems="0.000" systemtimems="0.000" timestamp="2019-08-02T22:31:01.373" activeThreads="8">
  <mem-info id="58" free="6393496" total="8519680" percent="75">
    <mem type="nursery" free="922328" total="2228224" percent="41">
      <mem type="allocate" free="922328" total="1114112" percent="82" />
      <mem type="survivor" free="0" total="1114112" percent="0" />
    </mem>
    <mem type="tenure" free="5471168" total="6291456" percent="86">
      <mem type="soa" free="5156800" total="5977088" percent="86" />
      <mem type="loa" free="314368" total="314368" percent="100" />
    </mem>
    <pending-finalizers system="1" default="0" reference="10" classloader="0" />
    <remembered-set count="193" />
  </mem-info>
</gc-end>
<cycle-end id="59" type="scavenge" contextid="53" timestamp="2019-08-02T22:31:01.373" />
  <attribute name="elasticGC enabled" value="1" />
  <attribute name= "numThreadsSpecified" value="0" />
  <attribute name="heapSize specified" value="0" />
  <attribute name= "numCores" value="8" />
  <attribute name ="GC Interval" value="1900" />
  <attribute name ="Control flow" value="2" />
  <attribute name="GC Util Range Max" value="15" />
  <attribute name="Current GC Util" value="0" />
  <attribute name= "Current Time Running" value="570" />
<allocation-satisfied id="60" threadId="0000000001E57A00" bytesRequested="2056" />
<af-end id="61" timestamp="2019-08-02T22:31:01.373" threadId="0000000001E58388" success="true" from="nursery"/>
<exclusive-end id="62" timestamp="2019-08-02T22:31:01.373" durationms="1.144" />

<exclusive-start id="63" timestamp="2019-08-02T22:31:01.604" intervalms="231.973">
  <response-info timems="0.024" idlems="0.024" threads="0" lastid="0000000001E57A00" lastname="main" />
</exclusive-start>
<af-start id="64" threadId="0000000001E58388" totalBytesRequested="2056" timestamp="2019-08-02T22:31:01.604" intervalms="231.974" type="nursery" />
<cycle-start id="65" type="scavenge" contextid="0" timestamp="2019-08-02T22:31:01.604" intervalms="231.974" />
<gc-start id="66" type="scavenge" contextid="65" timestamp="2019-08-02T22:31:01.604">
  <mem-info id="67" free="5471168" total="8519680" percent="64">
    <mem type="nursery" free="0" total="2228224" percent="0">
      <mem type="allocate" free="0" total="1114112" percent="0" />
      <mem type="survivor" free="0" total="1114112" percent="0" />
    </mem>
    <mem type="tenure" free="5471168" total="6291456" percent="86">
      <mem type="soa" free="5156800" total="5977088" percent="86" />
      <mem type="loa" free="314368" total="314368" percent="100" />
    </mem>
    <remembered-set count="195" />
  </mem-info>
</gc-start>
<allocation-stats totalBytes="911712" >
  <allocated-bytes non-tlh="2056" tlh="909656" />
  <largest-consumer threadName="main" threadId="0000000001E57A00" bytes="911712" />
</allocation-stats>
<gc-op id="68" type="scavenge" timems="0.309" contextid="65" timestamp="2019-08-02T22:31:01.604">
  <scavenger-info tenureage="3" tenuremask="fff8" tiltratio="50" />
  <memory-copied type="nursery" objects="389" bytes="82904" bytesdiscarded="5616" />
  <memory-copied type="tenure" objects="28" bytes="1720" bytesdiscarded="0" />
  <finalization candidates="2" enqueued="0" />
  <references type="soft" candidates="1" cleared="0" enqueued="0" dynamicThreshold="32" maxThreshold="32" />
  <references type="weak" candidates="1" cleared="0" enqueued="0" />
  <references type="phantom" candidates="5" cleared="0" enqueued="0" />
</gc-op>
<gc-end id="69" type="scavenge" contextid="65" durationms="0.499" usertimems="0.000" systemtimems="0.000" timestamp="2019-08-02T22:31:01.604" activeThreads="8">
  <mem-info id="70" free="6603944" total="8519680" percent="77">
    <mem type="nursery" free="1156584" total="2228224" percent="51">
      <mem type="allocate" free="1156584" total="1245184" percent="92" />
      <mem type="survivor" free="0" total="983040" percent="0" />
    </mem>
    <mem type="tenure" free="5447360" total="6291456" percent="86">
      <mem type="soa" free="5132992" total="5977088" percent="85" />
      <mem type="loa" free="314368" total="314368" percent="100" />
    </mem>
    <remembered-set count="112" />
  </mem-info>
</gc-end>
<cycle-end id="71" type="scavenge" contextid="65" timestamp="2019-08-02T22:31:01.604" />
  <attribute name="elasticGC enabled" value="1" />
  <attribute name= "numThreadsSpecified" value="0" />
  <attribute name="heapSize specified" value="0" />
  <attribute name= "numCores" value="8" />
  <attribute name ="GC Interval" value="1700" />
  <attribute name ="Control flow" value="2" />
  <attribute name="GC Util Range Max" value="15" />
  <attribute name="Current GC Util" value="0" />
  <attribute name= "Current Time Running" value="802" />
<allocation-satisfied id="72" threadId="0000000001E57A00" bytesRequested="2056" />
<af-end id="73" timestamp="2019-08-02T22:31:01.605" threadId="0000000001E58388" success="true" from="nursery"/>
<exclusive-end id="74" timestamp="2019-08-02T22:31:01.605" durationms="0.944" />

<exclusive-start id="75" timestamp="2019-08-02T22:31:01.807" intervalms="203.377">
  <response-info timems="0.022" idlems="0.022" threads="0" lastid="0000000001E57A00" lastname="main" />
</exclusive-start>
<af-start id="76" threadId="0000000001E58388" totalBytesRequested="2056" timestamp="2019-08-02T22:31:01.807" intervalms="203.368" type="nursery" />
<cycle-start id="77" type="scavenge" contextid="0" timestamp="2019-08-02T22:31:01.807" intervalms="203.364" />
<gc-start id="78" type="scavenge" contextid="77" timestamp="2019-08-02T22:31:01.807">
  <mem-info id="79" free="5447360" total="8519680" percent="63">
    <mem type="nursery" free="0" total="2228224" percent="0">
      <mem type="allocate" free="0" total="1245184" percent="0" />
      <mem type="survivor" free="0" total="983040" percent="0" />
    </mem>
    <mem type="tenure" free="5447360" total="6291456" percent="86">
      <mem type="soa" free="5132992" total="5977088" percent="85" />
      <mem type="loa" free="314368" total="314368" percent="100" />
    </mem>
    <remembered-set count="112" />
  </mem-info>
</gc-start>
<allocation-stats totalBytes="1143696" >
  <allocated-bytes non-tlh="2056" tlh="1141640" />
  <largest-consumer threadName="main" threadId="0000000001E57A00" bytes="1143696" />
</allocation-stats>
<gc-op id="80" type="scavenge" timems="0.312" contextid="77" timestamp="2019-08-02T22:31:01.808">
  <scavenger-info tenureage="3" tenuremask="fff8" tiltratio="55" />
  <memory-copied type="nursery" objects="148" bytes="27312" bytesdiscarded="20272" />
  <memory-copied type="tenure" objects="242" bytes="57672" bytesdiscarded="40" />
  <finalization candidates="2" enqueued="0" />
  <references type="weak" candidates="1" cleared="0" enqueued="0" />
  <references type="phantom" candidates="3" cleared="0" enqueued="0" />
</gc-op>
<gc-end id="81" type="scavenge" contextid="77" durationms="0.498" usertimems="0.000" systemtimems="0.000" timestamp="2019-08-02T22:31:01.808" activeThreads="8">
  <mem-info id="82" free="6761384" total="8519680" percent="79">
    <mem type="nursery" free="1394176" total="2228224" percent="62">
      <mem type="allocate" free="1394176" total="1441792" percent="96" />
      <mem type="survivor" free="0" total="786432" percent="0" />
    </mem>
    <mem type="tenure" free="5367208" total="6291456" percent="85">
      <mem type="soa" free="5052840" total="5977088" percent="84" />
      <mem type="loa" free="314368" total="314368" percent="100" />
    </mem>
    <remembered-set count="91" />
  </mem-info>
</gc-end>
<cycle-end id="83" type="scavenge" contextid="77" timestamp="2019-08-02T22:31:01.808" />
  <attribute name="elasticGC enabled" value="1" />
  <attribute name= "numThreadsSpecified" value="0" />
  <attribute name="heapSize specified" value="0" />
  <attribute name= "numCores" value="8" />
  <attribute name ="GC Interval" value="1500" />
  <attribute name ="Control flow" value="2" />
  <attribute name="GC Util Range Max" value="15" />
  <attribute name="Current GC Util" value="0" />
  <attribute name= "Current Time Running" value="1006" />
<allocation-satisfied id="84" threadId="0000000001E57A00" bytesRequested="2056" />
<af-end id="85" timestamp="2019-08-02T22:31:01.808" threadId="0000000001E58388" success="true" from="nursery"/>
<exclusive-end id="86" timestamp="2019-08-02T22:31:01.808" durationms="0.911" />

<exclusive-start id="87" timestamp="2019-08-02T22:31:02.106" intervalms="298.615">
  <response-info timems="0.026" idlems="0.026" threads="0" lastid="0000000001E57A00" lastname="main" />
</exclusive-start>
<af-start id="88" threadId="0000000001E58388" totalBytesRequested="2056" timestamp="2019-08-02T22:31:02.106" intervalms="298.623" type="nursery" />
<cycle-start id="89" type="scavenge" contextid="0" timestamp="2019-08-02T22:31:02.106" intervalms="298.630" />
<gc-start id="90" type="scavenge" contextid="89" timestamp="2019-08-02T22:31:02.106">
  <mem-info id="91" free="5367208" total="8519680" percent="62">
    <mem type="nursery" free="0" total="2228224" percent="0">
      <mem type="allocate" free="0" total="1441792" percent="0" />
      <mem type="survivor" free="0" total="786432" percent="0" />
    </mem>
    <mem type="tenure" free="5367208" total="6291456" percent="85">
      <mem type="soa" free="5052840" total="5977088" percent="84" />
      <mem type="loa" free="314368" total="314368" percent="100" />
    </mem>
    <remembered-set count="91" />
  </mem-info>
</gc-start>
<allocation-stats totalBytes="1383176" >
  <allocated-bytes non-tlh="2056" tlh="1381120" />
  <largest-consumer threadName="main" threadId="0000000001E57A00" bytes="1383176" />
</allocation-stats>
<gc-op id="92" type="scavenge" timems="0.231" contextid="89" timestamp="2019-08-02T22:31:02.106">
  <scavenger-info tenureage="3" tenuremask="ffe8" tiltratio="64" />
  <memory-copied type="nursery" objects="13" bytes="464" bytesdiscarded="47136" />
  <memory-copied type="tenure" objects="134" bytes="24744" bytesdiscarded="0" />
  <references type="phantom" candidates="1" cleared="0" enqueued="0" />
</gc-op>
<gc-end id="93" type="scavenge" contextid="89" durationms="0.433" usertimems="0.000" systemtimems="0.000" timestamp="2019-08-02T22:31:02.106" activeThreads="8">
  <mem-info id="94" free="6892456" total="8519680" percent="80">
    <mem type="nursery" free="1525248" total="2228224" percent="68">
      <mem type="allocate" free="1525248" total="1572864" percent="96" />
      <mem type="survivor" free="0" total="655360" percent="0" />
    </mem>
    <mem type="tenure" free="5367208" total="6291456" percent="85">
      <mem type="soa" free="5052840" total="5977088" percent="84" />
      <mem type="loa" free="314368" total="314368" percent="100" />
    </mem>
    <remembered-set count="70" />
  </mem-info>
</gc-end>
<cycle-end id="95" type="scavenge" contextid="89" timestamp="2019-08-02T22:31:02.106" />
  <attribute name="elasticGC enabled" value="1" />
  <attribute name= "numThreadsSpecified" value="0" />
  <attribute name="heapSize specified" value="0" />
  <attribute name= "numCores" value="8" />
  <attribute name ="GC Interval" value="1300" />
  <attribute name ="Control flow" value="2" />
  <attribute name="GC Util Range Max" value="15" />
  <attribute name="Current GC Util" value="0" />
  <attribute name= "Current Time Running" value="1304" />
<allocation-satisfied id="96" threadId="0000000001E57A00" bytesRequested="2056" />
<af-end id="97" timestamp="2019-08-02T22:31:02.107" threadId="0000000001E58388" success="true" from="nursery"/>
<exclusive-end id="98" timestamp="2019-08-02T22:31:02.107" durationms="0.896" />

<exclusive-start id="99" timestamp="2019-08-02T22:31:02.450" intervalms="343.831">
  <response-info timems="0.038" idlems="0.038" threads="0" lastid="0000000001E57A00" lastname="main" />
</exclusive-start>
<af-start id="100" threadId="0000000001E58388" totalBytesRequested="2056" timestamp="2019-08-02T22:31:02.451" intervalms="345.722" type="nursery" />
<cycle-start id="101" type="scavenge" contextid="0" timestamp="2019-08-02T22:31:02.452" intervalms="345.733" />
<gc-start id="102" type="scavenge" contextid="101" timestamp="2019-08-02T22:31:02.452">
  <mem-info id="103" free="5367208" total="8519680" percent="62">
    <mem type="nursery" free="0" total="2228224" percent="0">
      <mem type="allocate" free="0" total="1572864" percent="0" />
      <mem type="survivor" free="0" total="655360" percent="0" />
    </mem>
    <mem type="tenure" free="5367208" total="6291456" percent="85">
      <mem type="soa" free="5052840" total="5977088" percent="84" />
      <mem type="loa" free="314368" total="314368" percent="100" />
    </mem>
    <remembered-set count="70" />
  </mem-info>
</gc-start>
<allocation-stats totalBytes="1512424" >
  <allocated-bytes non-tlh="2056" tlh="1510368" />
  <largest-consumer threadName="main" threadId="0000000001E57A00" bytes="1512424" />
</allocation-stats>
<gc-op id="104" type="scavenge" timems="0.237" contextid="101" timestamp="2019-08-02T22:31:02.452">
  <scavenger-info tenureage="3" tenuremask="ffe8" tiltratio="70" />
  <memory-copied type="nursery" objects="13" bytes="480" bytesdiscarded="23312" />
  <references type="phantom" candidates="1" cleared="0" enqueued="0" />
</gc-op>
<gc-end id="105" type="scavenge" contextid="101" durationms="0.432" usertimems="0.000" systemtimems="0.000" timestamp="2019-08-02T22:31:02.452" activeThreads="8">
  <mem-info id="106" free="7047336" total="8519680" percent="82">
    <mem type="nursery" free="1680128" total="2228224" percent="75">
      <mem type="allocate" free="1680128" total="1703936" percent="98" />
      <mem type="survivor" free="0" total="524288" percent="0" />
    </mem>
    <mem type="tenure" free="5367208" total="6291456" percent="85">
      <mem type="soa" free="5052840" total="5977088" percent="84" />
      <mem type="loa" free="314368" total="314368" percent="100" />
    </mem>
    <remembered-set count="70" />
  </mem-info>
</gc-end>
<cycle-end id="107" type="scavenge" contextid="101" timestamp="2019-08-02T22:31:02.452" />
  <attribute name="elasticGC enabled" value="1" />
  <attribute name= "numThreadsSpecified" value="0" />
  <attribute name="heapSize specified" value="0" />
  <attribute name= "numCores" value="8" />
  <attribute name ="GC Interval" value="1100" />
  <attribute name ="Control flow" value="2" />
  <attribute name="GC Util Range Max" value="15" />
  <attribute name="Current GC Util" value="0" />
  <attribute name= "Current Time Running" value="1650" />
<allocation-satisfied id="108" threadId="0000000001E57A00" bytesRequested="2056" />
<af-end id="109" timestamp="2019-08-02T22:31:02.452" threadId="0000000001E58388" success="true" from="nursery"/>
<exclusive-end id="110" timestamp="2019-08-02T22:31:02.452" durationms="2.928" />

<exclusive-start id="111" timestamp="2019-08-02T22:31:02.689" intervalms="239.696">
  <response-info timems="0.024" idlems="0.024" threads="0" lastid="0000000001E57A00" lastname="main" />
</exclusive-start>
<af-start id="112" threadId="0000000001E58388" totalBytesRequested="2056" timestamp="2019-08-02T22:31:02.689" intervalms="237.804" type="nursery" />
<cycle-start id="113" type="scavenge" contextid="0" timestamp="2019-08-02T22:31:02.689" intervalms="237.793" />
<gc-start id="114" type="scavenge" contextid="113" timestamp="2019-08-02T22:31:02.689">
  <mem-info id="115" free="5367208" total="8519680" percent="62">
    <mem type="nursery" free="0" total="2228224" percent="0">
      <mem type="allocate" free="0" total="1703936" percent="0" />
      <mem type="survivor" free="0" total="524288" percent="0" />
    </mem>
    <mem type="tenure" free="5367208" total="6291456" percent="85">
      <mem type="soa" free="5052840" total="5977088" percent="84" />
      <mem type="loa" free="314368" total="314368" percent="100" />
    </mem>
    <remembered-set count="70" />
  </mem-info>
</gc-start>
<allocation-stats totalBytes="1672000" >
  <allocated-bytes non-tlh="2056" tlh="1669944" />
  <largest-consumer threadName="main" threadId="0000000001E57A00" bytes="1672000" />
</allocation-stats>
<gc-op id="116" type="scavenge" timems="0.204" contextid="113" timestamp="2019-08-02T22:31:02.690">
  <scavenger-info tenureage="3" tenuremask="fff8" tiltratio="76" />
  <memory-copied type="nursery" objects="13" bytes="504" bytesdiscarded="23288" />
  <references type="phantom" candidates="1" cleared="0" enqueued="0" />
</gc-op>
<gc-end id="117" type="scavenge" contextid="113" durationms="0.403" usertimems="0.000" systemtimems="0.000" timestamp="2019-08-02T22:31:02.690" activeThreads="8">
  <mem-info id="118" free="7112872" total="8519680" percent="83">
    <mem type="nursery" free="1745664" total="2228224" percent="78">
      <mem type="allocate" free="1745664" total="1769472" percent="98" />
      <mem type="survivor" free="0" total="458752" percent="0" />
    </mem>
    <mem type="tenure" free="5367208" total="6291456" percent="85">
      <mem type="soa" free="5052840" total="5977088" percent="84" />
      <mem type="loa" free="314368" total="314368" percent="100" />
    </mem>
    <remembered-set count="70" />
  </mem-info>
</gc-end>
<cycle-end id="119" type="scavenge" contextid="113" timestamp="2019-08-02T22:31:02.690" />
  <attribute name="elasticGC enabled" value="1" />
  <attribute name= "numThreadsSpecified" value="0" />
  <attribute name="heapSize specified" value="0" />
  <attribute name= "numCores" value="8" />
  <attribute name ="GC Interval" value="900" />
  <attribute name ="Control flow" value="2" />
  <attribute name="GC Util Range Max" value="15" />
  <attribute name="Current GC Util" value="0" />
  <attribute name= "Current Time Running" value="1888" />
<allocation-satisfied id="120" threadId="0000000001E57A00" bytesRequested="2056" />
<af-end id="121" timestamp="2019-08-02T22:31:02.690" threadId="0000000001E58388" success="true" from="nursery"/>
<exclusive-end id="122" timestamp="2019-08-02T22:31:02.690" durationms="0.993" />

<exclusive-start id="123" timestamp="2019-08-02T22:31:02.980" intervalms="290.845">
  <response-info timems="0.023" idlems="0.023" threads="0" lastid="0000000001E57A00" lastname="main" />
</exclusive-start>
<af-start id="124" threadId="0000000001E58388" totalBytesRequested="314600" timestamp="2019-08-02T22:31:02.980" intervalms="290.844" type="nursery" />
<cycle-start id="125" type="scavenge" contextid="0" timestamp="2019-08-02T22:31:02.980" intervalms="290.840" />
<gc-start id="126" type="scavenge" contextid="125" timestamp="2019-08-02T22:31:02.980">
  <mem-info id="127" free="5367136" total="8519680" percent="62">
    <mem type="nursery" free="0" total="2228224" percent="0">
      <mem type="allocate" free="0" total="1769472" percent="0" />
      <mem type="survivor" free="0" total="458752" percent="0" />
    </mem>
    <mem type="tenure" free="5367136" total="6291456" percent="85">
      <mem type="soa" free="5052768" total="5977088" percent="84" />
      <mem type="loa" free="314368" total="314368" percent="100" />
    </mem>
    <remembered-set count="74" />
  </mem-info>
</gc-start>
<allocation-stats totalBytes="1740120" >
  <allocated-bytes non-tlh="4184" tlh="1735936" />
  <largest-consumer threadName="main" threadId="0000000001E57A00" bytes="1740120" />
</allocation-stats>
<gc-op id="128" type="scavenge" timems="0.231" contextid="125" timestamp="2019-08-02T22:31:02.981">
  <scavenger-info tenureage="3" tenuremask="fff8" tiltratio="79" />
  <memory-copied type="nursery" objects="35" bytes="1480" bytesdiscarded="46136" />
  <references type="phantom" candidates="2" cleared="0" enqueued="0" />
</gc-op>
<gc-end id="129" type="scavenge" contextid="125" durationms="0.415" usertimems="0.000" systemtimems="0.000" timestamp="2019-08-02T22:31:02.981" activeThreads="8">
  <mem-info id="130" free="7220064" total="8519680" percent="84">
    <mem type="nursery" free="1852928" total="2228224" percent="83">
      <mem type="allocate" free="1852928" total="1900544" percent="97" />
      <mem type="survivor" free="0" total="327680" percent="0" />
    </mem>
    <mem type="tenure" free="5367136" total="6291456" percent="85">
      <mem type="soa" free="5052768" total="5977088" percent="84" />
      <mem type="loa" free="314368" total="314368" percent="100" />
    </mem>
    <remembered-set count="73" />
  </mem-info>
</gc-end>
<cycle-end id="131" type="scavenge" contextid="125" timestamp="2019-08-02T22:31:02.981" />
  <attribute name="elasticGC enabled" value="1" />
  <attribute name= "numThreadsSpecified" value="0" />
  <attribute name="heapSize specified" value="0" />
  <attribute name= "numCores" value="8" />
  <attribute name ="GC Interval" value="800" />
  <attribute name ="Control flow" value="3" />
  <attribute name="GC Util Range Max" value="15" />
  <attribute name="Current GC Util" value="0" />
  <attribute name= "Current Time Running" value="2179" />
<allocation-satisfied id="132" threadId="0000000001E57A00" bytesRequested="314600" />
<af-end id="133" timestamp="2019-08-02T22:31:02.981" threadId="0000000001E58388" success="true" from="nursery"/>
<exclusive-end id="134" timestamp="2019-08-02T22:31:02.981" durationms="0.854" />

<exclusive-start id="135" timestamp="2019-08-02T22:31:03.016" intervalms="35.452">
  <response-info timems="0.048" idlems="0.048" threads="0" lastid="0000000001E57A00" lastname="main" />
</exclusive-start>
<af-start id="136" threadId="0000000001E58388" totalBytesRequested="31752" timestamp="2019-08-02T22:31:03.016" intervalms="35.446" type="nursery" />
<cycle-start id="137" type="scavenge" contextid="0" timestamp="2019-08-02T22:31:03.016" intervalms="35.444" />
<gc-start id="138" type="scavenge" contextid="137" timestamp="2019-08-02T22:31:03.016">
  <mem-info id="139" free="5360608" total="8519680" percent="62">
    <mem type="nursery" free="0" total="2228224" percent="0">
      <mem type="allocate" free="0" total="1900544" percent="0" />
      <mem type="survivor" free="0" total="327680" percent="0" />
    </mem>
    <mem type="tenure" free="5360608" total="6291456" percent="85">
      <mem type="soa" free="5046240" total="5977088" percent="84" />
      <mem type="loa" free="314368" total="314368" percent="100" />
    </mem>
    <remembered-set count="140" />
  </mem-info>
</gc-start>
<allocation-stats totalBytes="1763384" >
  <allocated-bytes non-tlh="776344" tlh="987040" />
  <largest-consumer threadName="main" threadId="0000000001E57A00" bytes="1763384" />
</allocation-stats>
<gc-op id="140" type="scavenge" timems="0.409" contextid="137" timestamp="2019-08-02T22:31:03.016">
  <scavenger-info tenureage="3" tenuremask="fff8" tiltratio="85" />
  <memory-copied type="nursery" objects="536" bytes="309720" bytesdiscarded="17952" />
  <memory-copied type="tenure" objects="2" bytes="383160" bytesdiscarded="0" />
  <copy-failed type="nursery" objects="2" bytes="383160" />
  <references type="soft" candidates="3" cleared="0" enqueued="0" dynamicThreshold="32" maxThreshold="32" />
  <references type="weak" candidates="14" cleared="13" enqueued="13" />
  <references type="phantom" candidates="30" cleared="1" enqueued="1" />
</gc-op>
<gc-end id="141" type="scavenge" contextid="137" durationms="0.610" usertimems="0.000" systemtimems="0.000" timestamp="2019-08-02T22:31:03.016" activeThreads="8">
  <mem-info id="142" free="5763880" total="8519680" percent="67">
    <mem type="nursery" free="786432" total="2228224" percent="35">
      <mem type="allocate" free="786432" total="1114112" percent="70" />
      <mem type="survivor" free="0" total="1114112" percent="0" />
    </mem>
    <mem type="tenure" free="4977448" total="6291456" percent="79">
      <mem type="soa" free="4663080" total="5977088" percent="78" />
      <mem type="loa" free="314368" total="314368" percent="100" />
    </mem>
    <pending-finalizers system="0" default="0" reference="14" classloader="0" />
    <remembered-set count="139" />
  </mem-info>
</gc-end>
<cycle-end id="143" type="scavenge" contextid="137" timestamp="2019-08-02T22:31:03.016" />
  <attribute name="elasticGC enabled" value="1" />
  <attribute name= "numThreadsSpecified" value="0" />
  <attribute name="heapSize specified" value="0" />
  <attribute name= "numCores" value="8" />
  <attribute name ="GC Interval" value="700" />
  <attribute name ="Control flow" value="2" />
  <attribute name="GC Util Range Max" value="15" />
  <attribute name="Current GC Util" value="1" />
  <attribute name= "Current Time Running" value="2214" />
<allocation-satisfied id="144" threadId="0000000001E57A00" bytesRequested="31752" />
<af-end id="145" timestamp="2019-08-02T22:31:03.017" threadId="0000000001E58388" success="true" from="nursery"/>
<exclusive-end id="146" timestamp="2019-08-02T22:31:03.017" durationms="1.057" />

<exclusive-start id="147" timestamp="2019-08-02T22:31:03.038" intervalms="22.758">
  <response-info timems="0.040" idlems="0.040" threads="0" lastid="0000000001E57A00" lastname="main" />
</exclusive-start>
<af-start id="148" threadId="0000000001E58388" totalBytesRequested="4632" timestamp="2019-08-02T22:31:03.038" intervalms="22.811" type="nursery" />
<cycle-start id="149" type="scavenge" contextid="0" timestamp="2019-08-02T22:31:03.039" intervalms="22.852" />
<gc-start id="150" type="scavenge" contextid="149" timestamp="2019-08-02T22:31:03.039">
  <mem-info id="151" free="4969040" total="8519680" percent="58">
    <mem type="nursery" free="0" total="2228224" percent="0">
      <mem type="allocate" free="0" total="1114112" percent="0" />
      <mem type="survivor" free="0" total="1114112" percent="0" />
    </mem>
    <mem type="tenure" free="4969040" total="6291456" percent="78">
      <mem type="soa" free="4654672" total="5977088" percent="77" />
      <mem type="loa" free="314368" total="314368" percent="100" />
    </mem>
    <remembered-set count="237" />
  </mem-info>
</gc-start>
<allocation-stats totalBytes="759176" >
  <allocated-bytes non-tlh="87344" tlh="671832" />
  <largest-consumer threadName="main" threadId="0000000001E57A00" bytes="755080" />
</allocation-stats>
<gc-op id="152" type="scavenge" timems="0.282" contextid="149" timestamp="2019-08-02T22:31:03.039">
  <scavenger-info tenureage="3" tenuremask="fff8" tiltratio="50" />
  <memory-copied type="nursery" objects="608" bytes="256720" bytesdiscarded="88112" />
  <references type="soft" candidates="3" cleared="0" enqueued="0" dynamicThreshold="32" maxThreshold="32" />
  <references type="weak" candidates="16" cleared="15" enqueued="15" />
  <references type="phantom" candidates="29" cleared="0" enqueued="0" />
</gc-op>
<gc-end id="153" type="scavenge" contextid="149" durationms="0.507" usertimems="0.000" systemtimems="0.000" timestamp="2019-08-02T22:31:03.039" activeThreads="8">
  <mem-info id="154" free="5738312" total="8519680" percent="67">
    <mem type="nursery" free="769272" total="2228224" percent="34">
      <mem type="allocate" free="769272" total="1114112" percent="69" />
      <mem type="survivor" free="0" total="1114112" percent="0" />
    </mem>
    <mem type="tenure" free="4969040" total="6291456" percent="78">
      <mem type="soa" free="4654672" total="5977088" percent="77" />
      <mem type="loa" free="314368" total="314368" percent="100" />
    </mem>
    <pending-finalizers system="0" default="0" reference="15" classloader="0" />
    <remembered-set count="234" />
  </mem-info>
</gc-end>
<cycle-end id="155" type="scavenge" contextid="149" timestamp="2019-08-02T22:31:03.039" />
  <attribute name="elasticGC enabled" value="1" />
  <attribute name= "numThreadsSpecified" value="0" />
  <attribute name="heapSize specified" value="0" />
  <attribute name= "numCores" value="8" />
  <attribute name ="GC Interval" value="600" />
  <attribute name ="Control flow" value="3" />
  <attribute name="GC Util Range Max" value="15" />
  <attribute name="Current GC Util" value="3" />
  <attribute name= "Current Time Running" value="2237" />
<allocation-satisfied id="156" threadId="0000000001E57A00" bytesRequested="4632" />
<af-end id="157" timestamp="2019-08-02T22:31:03.039" threadId="0000000001E58388" success="true" from="nursery"/>
<exclusive-end id="158" timestamp="2019-08-02T22:31:03.039" durationms="1.057" />

<exclusive-start id="159" timestamp="2019-08-02T22:31:03.064" intervalms="26.005">
  <response-info timems="0.046" idlems="0.046" threads="0" lastid="0000000001E57A00" lastname="main" />
</exclusive-start>
<af-start id="160" threadId="0000000001E58388" totalBytesRequested="224" timestamp="2019-08-02T22:31:03.064" intervalms="25.999" type="nursery" />
<cycle-start id="161" type="scavenge" contextid="0" timestamp="2019-08-02T22:31:03.065" intervalms="26.006" />
<gc-start id="162" type="scavenge" contextid="161" timestamp="2019-08-02T22:31:03.065">
  <mem-info id="163" free="4957024" total="8519680" percent="58">
    <mem type="nursery" free="0" total="2228224" percent="0">
      <mem type="allocate" free="0" total="1114112" percent="0" />
      <mem type="survivor" free="0" total="1114112" percent="0" />
    </mem>
    <mem type="tenure" free="4957024" total="6291456" percent="78">
      <mem type="soa" free="4642656" total="5977088" percent="77" />
      <mem type="loa" free="314368" total="314368" percent="100" />
    </mem>
    <remembered-set count="363" />
  </mem-info>
</gc-start>
<allocation-stats totalBytes="780728" >
  <allocated-bytes non-tlh="16648" tlh="764080" />
  <largest-consumer threadName="main" threadId="0000000001E57A00" bytes="780728" />
</allocation-stats>
<gc-op id="164" type="scavenge" timems="0.301" contextid="161" timestamp="2019-08-02T22:31:03.065">
  <scavenger-info tenureage="3" tenuremask="fff8" tiltratio="50" />
  <memory-copied type="nursery" objects="691" bytes="250736" bytesdiscarded="86144" />
  <memory-copied type="tenure" objects="27" bytes="1200" bytesdiscarded="0" />
  <references type="soft" candidates="4" cleared="0" enqueued="0" dynamicThreshold="32" maxThreshold="32" />
  <references type="weak" candidates="18" cleared="18" enqueued="18" />
  <references type="phantom" candidates="28" cleared="1" enqueued="1" />
</gc-op>
<gc-end id="165" type="scavenge" contextid="161" durationms="0.514" usertimems="0.000" systemtimems="0.000" timestamp="2019-08-02T22:31:03.065" activeThreads="8">
  <mem-info id="166" free="5734240" total="8519680" percent="67">
    <mem type="nursery" free="777216" total="2228224" percent="34">
      <mem type="allocate" free="777216" total="1114112" percent="69" />
      <mem type="survivor" free="0" total="1114112" percent="0" />
    </mem>
    <mem type="tenure" free="4957024" total="6291456" percent="78">
      <mem type="soa" free="4642656" total="5977088" percent="77" />
      <mem type="loa" free="314368" total="314368" percent="100" />
    </mem>
    <pending-finalizers system="0" default="0" reference="19" classloader="0" />
    <remembered-set count="326" />
  </mem-info>
</gc-end>
<cycle-end id="167" type="scavenge" contextid="161" timestamp="2019-08-02T22:31:03.065" />
  <attribute name="elasticGC enabled" value="1" />
  <attribute name= "numThreadsSpecified" value="0" />
  <attribute name="heapSize specified" value="0" />
  <attribute name= "numCores" value="8" />
  <attribute name ="GC Interval" value="600" />
  <attribute name ="Control flow" value="3" />
  <attribute name="GC Util Range Max" value="15" />
  <attribute name="Current GC Util" value="2" />
  <attribute name= "Current Time Running" value="2263" />
<allocation-satisfied id="168" threadId="0000000001E57A00" bytesRequested="224" />
<af-end id="169" timestamp="2019-08-02T22:31:03.065" threadId="0000000001E58388" success="true" from="nursery"/>
<exclusive-end id="170" timestamp="2019-08-02T22:31:03.065" durationms="1.082" />

<exclusive-start id="171" timestamp="2019-08-02T22:31:03.100" intervalms="35.640">
  <response-info timems="0.027" idlems="0.027" threads="0" lastid="0000000001E57A00" lastname="main" />
</exclusive-start>
<af-start id="172" threadId="0000000001E58388" totalBytesRequested="48" timestamp="2019-08-02T22:31:03.100" intervalms="35.634" type="nursery" />
<cycle-start id="173" type="scavenge" contextid="0" timestamp="2019-08-02T22:31:03.100" intervalms="35.625" />
<gc-start id="174" type="scavenge" contextid="173" timestamp="2019-08-02T22:31:03.100">
  <mem-info id="175" free="4935168" total="8519680" percent="57">
    <mem type="nursery" free="0" total="2228224" percent="0">
      <mem type="allocate" free="0" total="1114112" percent="0" />
      <mem type="survivor" free="0" total="1114112" percent="0" />
    </mem>
    <mem type="tenure" free="4935168" total="6291456" percent="78">
      <mem type="soa" free="4620800" total="5977088" percent="77" />
      <mem type="loa" free="314368" total="314368" percent="100" />
    </mem>
    <remembered-set count="660" />
  </mem-info>
</gc-start>
<allocation-stats totalBytes="798248" >
  <allocated-bytes non-tlh="22080" tlh="776168" />
  <largest-consumer threadName="main" threadId="0000000001E57A00" bytes="794152" />
</allocation-stats>
<gc-op id="176" type="scavenge" timems="0.597" contextid="173" timestamp="2019-08-02T22:31:03.101">
  <scavenger-info tenureage="3" tenuremask="ffe8" tiltratio="50" />
  <memory-copied type="nursery" objects="2699" bytes="105776" bytesdiscarded="43816" />
  <memory-copied type="tenure" objects="436" bytes="242672" bytesdiscarded="208" />
  <finalization candidates="39" enqueued="1" />
  <ownableSynchronizers candidates="17" cleared="0" />
  <references type="soft" candidates="6" cleared="0" enqueued="0" dynamicThreshold="32" maxThreshold="32" />
  <references type="weak" candidates="679" cleared="334" enqueued="235" />
  <references type="phantom" candidates="5" cleared="1" enqueued="1" />
</gc-op>
<gc-end id="177" type="scavenge" contextid="173" durationms="1.073" usertimems="0.000" systemtimems="0.000" timestamp="2019-08-02T22:31:03.101" activeThreads="8">
  <mem-info id="178" free="5732192" total="8519680" percent="67">
    <mem type="nursery" free="1029888" total="2228224" percent="46">
      <mem type="allocate" free="1029888" total="1179648" percent="87" />
      <mem type="survivor" free="0" total="1048576" percent="0" />
    </mem>
    <mem type="tenure" free="4702304" total="6291456" percent="74">
      <mem type="soa" free="4387936" total="5977088" percent="73" />
      <mem type="loa" free="314368" total="314368" percent="100" />
    </mem>
    <pending-finalizers system="1" default="0" reference="236" classloader="0" />
    <remembered-set count="585" />
  </mem-info>
</gc-end>
<cycle-end id="179" type="scavenge" contextid="173" timestamp="2019-08-02T22:31:03.101" />
  <attribute name="elasticGC enabled" value="1" />
  <attribute name= "numThreadsSpecified" value="0" />
  <attribute name="heapSize specified" value="0" />
  <attribute name= "numCores" value="8" />
  <attribute name ="GC Interval" value="600" />
  <attribute name ="Control flow" value="3" />
  <attribute name="GC Util Range Max" value="15" />
  <attribute name="Current GC Util" value="1" />
  <attribute name= "Current Time Running" value="2299" />
<allocation-satisfied id="180" threadId="0000000001E57A00" bytesRequested="48" />
<af-end id="181" timestamp="2019-08-02T22:31:03.102" threadId="0000000001E58388" success="true" from="nursery"/>
<exclusive-end id="182" timestamp="2019-08-02T22:31:03.102" durationms="1.781" />

<exclusive-start id="183" timestamp="2019-08-02T22:31:03.132" intervalms="32.139">
  <response-info timems="0.046" idlems="0.046" threads="0" lastid="0000000001E57A00" lastname="main" />
</exclusive-start>
<af-start id="184" threadId="0000000001E58388" totalBytesRequested="22296" timestamp="2019-08-02T22:31:03.132" intervalms="32.151" type="nursery" />
<cycle-start id="185" type="scavenge" contextid="0" timestamp="2019-08-02T22:31:03.132" intervalms="32.139" />
<gc-start id="186" type="scavenge" contextid="185" timestamp="2019-08-02T22:31:03.132">
  <mem-info id="187" free="4682048" total="8519680" percent="54">
    <mem type="nursery" free="0" total="2228224" percent="0">
      <mem type="allocate" free="0" total="1179648" percent="0" />
      <mem type="survivor" free="0" total="1048576" percent="0" />
    </mem>
    <mem type="tenure" free="4682048" total="6291456" percent="74">
      <mem type="soa" free="4367680" total="5977088" percent="73" />
      <mem type="loa" free="314368" total="314368" percent="100" />
    </mem>
    <remembered-set count="839" />
  </mem-info>
</gc-start>
<allocation-stats totalBytes="1002864" >
  <allocated-bytes non-tlh="119936" tlh="882928" />
  <largest-consumer threadName="main" threadId="0000000001E57A00" bytes="991032" />
</allocation-stats>
<gc-op id="188" type="scavenge" timems="0.537" contextid="185" timestamp="2019-08-02T22:31:03.133">
  <scavenger-info tenureage="3" tenuremask="ffe8" tiltratio="52" />
  <memory-copied type="nursery" objects="2885" bytes="119952" bytesdiscarded="38080" />
  <memory-copied type="tenure" objects="63" bytes="1800" bytesdiscarded="0" />
  <finalization candidates="38" enqueued="0" />
  <ownableSynchronizers candidates="17" cleared="0" />
  <references type="soft" candidates="6" cleared="0" enqueued="0" dynamicThreshold="32" maxThreshold="32" />
  <references type="weak" candidates="496" cleared="32" enqueued="26" />
  <references type="phantom" candidates="5" cleared="0" enqueued="0" />
</gc-op>
<gc-end id="189" type="scavenge" contextid="185" durationms="0.755" usertimems="0.000" systemtimems="0.000" timestamp="2019-08-02T22:31:03.133" activeThreads="8">
  <mem-info id="190" free="5900096" total="8519680" percent="69">
    <mem type="nursery" free="1218048" total="2228224" percent="54">
      <mem type="allocate" free="1218048" total="1376256" percent="88" />
      <mem type="survivor" free="0" total="851968" percent="0" />
    </mem>
    <mem type="tenure" free="4682048" total="6291456" percent="74">
      <mem type="soa" free="4367680" total="5977088" percent="73" />
      <mem type="loa" free="314368" total="314368" percent="100" />
    </mem>
    <pending-finalizers system="0" default="0" reference="26" classloader="0" />
    <remembered-set count="721" />
  </mem-info>
</gc-end>
<cycle-end id="191" type="scavenge" contextid="185" timestamp="2019-08-02T22:31:03.133" />
  <attribute name="elasticGC enabled" value="1" />
  <attribute name= "numThreadsSpecified" value="0" />
  <attribute name="heapSize specified" value="0" />
  <attribute name= "numCores" value="8" />
  <attribute name ="GC Interval" value="600" />
  <attribute name ="Control flow" value="3" />
  <attribute name="GC Util Range Max" value="15" />
  <attribute name="Current GC Util" value="3" />
  <attribute name= "Current Time Running" value="2331" />
<allocation-satisfied id="192" threadId="0000000001E57A00" bytesRequested="22296" />
<af-end id="193" timestamp="2019-08-02T22:31:03.133" threadId="0000000001E58388" success="true" from="nursery"/>
<exclusive-end id="194" timestamp="2019-08-02T22:31:03.133" durationms="1.292" />

<exclusive-start id="195" timestamp="2019-08-02T22:31:03.193" intervalms="60.706">
  <response-info timems="0.028" idlems="0.028" threads="0" lastid="0000000001E57A00" lastname="main" />
</exclusive-start>
<af-start id="196" threadId="0000000001E58388" totalBytesRequested="976" timestamp="2019-08-02T22:31:03.193" intervalms="60.720" type="nursery" />
<cycle-start id="197" type="scavenge" contextid="0" timestamp="2019-08-02T22:31:03.193" intervalms="60.703" />
<gc-start id="198" type="scavenge" contextid="197" timestamp="2019-08-02T22:31:03.193">
  <mem-info id="199" free="4627352" total="8519680" percent="54">
    <mem type="nursery" free="0" total="2228224" percent="0">
      <mem type="allocate" free="0" total="1376256" percent="0" />
      <mem type="survivor" free="0" total="851968" percent="0" />
    </mem>
    <mem type="tenure" free="4627352" total="6291456" percent="73">
      <mem type="soa" free="4312984" total="5977088" percent="72" />
      <mem type="loa" free="314368" total="314368" percent="100" />
    </mem>
    <remembered-set count="1197" />
  </mem-info>
</gc-start>
<allocation-stats totalBytes="1271088" >
  <allocated-bytes non-tlh="76992" tlh="1194096" />
  <largest-consumer threadName="main" threadId="0000000001E57A00" bytes="1262896" />
</allocation-stats>
<gc-op id="200" type="scavenge" timems="0.653" contextid="197" timestamp="2019-08-02T22:31:03.194">
  <scavenger-info tenureage="3" tenuremask="ffe8" tiltratio="61" />
  <memory-copied type="nursery" objects="5906" bytes="214296" bytesdiscarded="14848" />
  <memory-copied type="tenure" objects="97" bytes="2824" bytesdiscarded="0" />
  <finalization candidates="38" enqueued="0" />
  <ownableSynchronizers candidates="17" cleared="0" />
  <references type="soft" candidates="5" cleared="0" enqueued="0" dynamicThreshold="32" maxThreshold="32" />
  <references type="weak" candidates="739" cleared="6" enqueued="6" />
  <references type="phantom" candidates="5" cleared="0" enqueued="0" />
</gc-op>
<gc-end id="201" type="scavenge" contextid="197" durationms="0.855" usertimems="0.000" systemtimems="0.000" timestamp="2019-08-02T22:31:03.194" activeThreads="8">
  <mem-info id="202" free="5839760" total="8519680" percent="68">
    <mem type="nursery" free="1212408" total="2228224" percent="54">
      <mem type="allocate" free="1212408" total="1441792" percent="84" />
      <mem type="survivor" free="0" total="786432" percent="0" />
    </mem>
    <mem type="tenure" free="4627352" total="6291456" percent="73">
      <mem type="soa" free="4312984" total="5977088" percent="72" />
      <mem type="loa" free="314368" total="314368" percent="100" />
    </mem>
    <pending-finalizers system="0" default="0" reference="6" classloader="0" />
    <remembered-set count="995" />
  </mem-info>
</gc-end>
<cycle-end id="203" type="scavenge" contextid="197" timestamp="2019-08-02T22:31:03.194" />
  <attribute name="elasticGC enabled" value="1" />
  <attribute name= "numThreadsSpecified" value="0" />
  <attribute name="heapSize specified" value="0" />
  <attribute name= "numCores" value="8" />
  <attribute name ="GC Interval" value="600" />
  <attribute name ="Control flow" value="3" />
  <attribute name="GC Util Range Max" value="15" />
  <attribute name="Current GC Util" value="1" />
  <attribute name= "Current Time Running" value="2391" />
<allocation-satisfied id="204" threadId="0000000001E57A00" bytesRequested="976" />
<af-end id="205" timestamp="2019-08-02T22:31:03.194" threadId="0000000001E58388" success="true" from="nursery"/>
<exclusive-end id="206" timestamp="2019-08-02T22:31:03.194" durationms="1.374" />

<exclusive-start id="207" timestamp="2019-08-02T22:31:03.248" intervalms="54.955">
  <response-info timems="0.028" idlems="0.028" threads="0" lastid="0000000001E57A00" lastname="main" />
</exclusive-start>
<af-start id="208" threadId="0000000001E58388" totalBytesRequested="28528" timestamp="2019-08-02T22:31:03.248" intervalms="54.938" type="nursery" />
<cycle-start id="209" type="scavenge" contextid="0" timestamp="2019-08-02T22:31:03.248" intervalms="55.006" />
<gc-start id="210" type="scavenge" contextid="209" timestamp="2019-08-02T22:31:03.248">
  <mem-info id="211" free="4542984" total="8519680" percent="53">
    <mem type="nursery" free="0" total="2228224" percent="0">
      <mem type="allocate" free="0" total="1441792" percent="0" />
      <mem type="survivor" free="0" total="786432" percent="0" />
    </mem>
    <mem type="tenure" free="4542984" total="6291456" percent="72">
      <mem type="soa" free="4228616" total="5977088" percent="70" />
      <mem type="loa" free="314368" total="314368" percent="100" />
    </mem>
    <remembered-set count="2285" />
  </mem-info>
</gc-start>
<allocation-stats totalBytes="1290384" >
  <allocated-bytes non-tlh="85344" tlh="1205040" />
  <largest-consumer threadName="main" threadId="0000000001E57A00" bytes="1290384" />
</allocation-stats>
<gc-op id="212" type="scavenge" timems="0.980" contextid="209" timestamp="2019-08-02T22:31:03.249">
  <scavenger-info tenureage="3" tenuremask="ffe8" tiltratio="64" />
  <memory-copied type="nursery" objects="8060" bytes="296992" bytesdiscarded="32160" />
  <memory-copied type="tenure" objects="2254" bytes="88912" bytesdiscarded="208" />
  <finalization candidates="49" enqueued="0" />
  <ownableSynchronizers candidates="17" cleared="0" />
  <references type="soft" candidates="37" cleared="0" enqueued="0" dynamicThreshold="32" maxThreshold="32" />
  <references type="weak" candidates="658" cleared="72" enqueued="56" />
  <references type="phantom" candidates="3" cleared="0" enqueued="0" />
</gc-op>
<gc-end id="213" type="scavenge" contextid="209" durationms="1.270" usertimems="0.000" systemtimems="0.000" timestamp="2019-08-02T22:31:03.249" activeThreads="8">
  <mem-info id="214" free="5634192" total="8519680" percent="66">
    <mem type="nursery" free="1177992" total="2228224" percent="52">
      <mem type="allocate" free="1177992" total="1507328" percent="78" />
      <mem type="survivor" free="0" total="720896" percent="0" />
    </mem>
    <mem type="tenure" free="4456200" total="6291456" percent="70">
      <mem type="soa" free="4141832" total="5977088" percent="69" />
      <mem type="loa" free="314368" total="314368" percent="100" />
    </mem>
    <pending-finalizers system="0" default="0" reference="56" classloader="0" />
    <remembered-set count="1946" />
  </mem-info>
</gc-end>
<cycle-end id="215" type="scavenge" contextid="209" timestamp="2019-08-02T22:31:03.249" />
  <attribute name="elasticGC enabled" value="1" />
  <attribute name= "numThreadsSpecified" value="0" />
  <attribute name="heapSize specified" value="0" />
  <attribute name= "numCores" value="8" />
  <attribute name ="GC Interval" value="600" />
  <attribute name ="Control flow" value="3" />
  <attribute name="GC Util Range Max" value="15" />
  <attribute name="Current GC Util" value="2" />
  <attribute name= "Current Time Running" value="2447" />
<allocation-satisfied id="216" threadId="0000000001E57A00" bytesRequested="28528" />
<af-end id="217" timestamp="2019-08-02T22:31:03.250" threadId="0000000001E58388" success="true" from="nursery"/>
<exclusive-end id="218" timestamp="2019-08-02T22:31:03.250" durationms="1.910" />

<exclusive-start id="219" timestamp="2019-08-02T22:31:03.285" intervalms="36.879">
  <response-info timems="0.027" idlems="0.027" threads="0" lastid="0000000001E57A00" lastname="main" />
</exclusive-start>
<af-start id="220" threadId="0000000001E58388" totalBytesRequested="88" timestamp="2019-08-02T22:31:03.285" intervalms="36.880" type="nursery" />
<cycle-start id="221" type="scavenge" contextid="0" timestamp="2019-08-02T22:31:03.285" intervalms="36.849" />
<gc-start id="222" type="scavenge" contextid="221" timestamp="2019-08-02T22:31:03.285">
  <mem-info id="223" free="4422312" total="8519680" percent="51">
    <mem type="nursery" free="0" total="2228224" percent="0">
      <mem type="allocate" free="0" total="1507328" percent="0" />
      <mem type="survivor" free="0" total="720896" percent="0" />
    </mem>
    <mem type="tenure" free="4422312" total="6291456" percent="70">
      <mem type="soa" free="4107944" total="5977088" percent="68" />
      <mem type="loa" free="314368" total="314368" percent="100" />
    </mem>
    <remembered-set count="2359" />
  </mem-info>
</gc-start>
<allocation-stats totalBytes="1210688" >
  <allocated-bytes non-tlh="62416" tlh="1148272" />
  <largest-consumer threadName="main" threadId="0000000001E57A00" bytes="1198856" />
</allocation-stats>
<gc-op id="224" type="scavenge" timems="0.923" contextid="221" timestamp="2019-08-02T22:31:03.286">
  <scavenger-info tenureage="3" tenuremask="ffe8" tiltratio="67" />
  <memory-copied type="nursery" objects="10315" bytes="344336" bytesdiscarded="66048" />
  <memory-copied type="tenure" objects="336" bytes="22128" bytesdiscarded="8" />
  <finalization candidates="11" enqueued="0" />
  <references type="soft" candidates="282" cleared="0" enqueued="0" dynamicThreshold="32" maxThreshold="32" />
  <references type="weak" candidates="554" cleared="16" enqueued="16" />
  <references type="phantom" candidates="7" cleared="3" enqueued="3" />
</gc-op>
<gc-end id="225" type="scavenge" contextid="221" durationms="1.297" usertimems="0.000" systemtimems="0.000" timestamp="2019-08-02T22:31:03.286" activeThreads="8">
  <mem-info id="226" free="5676448" total="8519680" percent="66">
    <mem type="nursery" free="1293304" total="2228224" percent="58">
      <mem type="allocate" free="1293304" total="1703936" percent="75" />
      <mem type="survivor" free="0" total="524288" percent="0" />
    </mem>
    <mem type="tenure" free="4383144" total="6291456" percent="69">
      <mem type="soa" free="4068776" total="5977088" percent="68" />
      <mem type="loa" free="314368" total="314368" percent="100" />
    </mem>
    <pending-finalizers system="0" default="0" reference="19" classloader="0" />
    <remembered-set count="1897" />
  </mem-info>
</gc-end>
<cycle-end id="227" type="scavenge" contextid="221" timestamp="2019-08-02T22:31:03.286" />
  <attribute name="elasticGC enabled" value="1" />
  <attribute name= "numThreadsSpecified" value="0" />
  <attribute name="heapSize specified" value="0" />
  <attribute name= "numCores" value="8" />
  <attribute name ="GC Interval" value="600" />
  <attribute name ="Control flow" value="3" />
  <attribute name="GC Util Range Max" value="15" />
  <attribute name="Current GC Util" value="4" />
  <attribute name= "Current Time Running" value="2483" />
<allocation-satisfied id="228" threadId="0000000001E57A00" bytesRequested="88" />
<af-end id="229" timestamp="2019-08-02T22:31:03.287" threadId="0000000001E58388" success="true" from="nursery"/>
<exclusive-end id="230" timestamp="2019-08-02T22:31:03.287" durationms="2.088" />

<exclusive-start id="231" timestamp="2019-08-02T22:31:05.465" intervalms="2180.007">
  <response-info timems="0.022" idlems="0.022" threads="0" lastid="0000000001E57A00" lastname="main" />
</exclusive-start>
<af-start id="232" threadId="0000000001E58388" totalBytesRequested="56" timestamp="2019-08-02T22:31:05.465" intervalms="2179.972" type="nursery" />
<cycle-start id="233" type="scavenge" contextid="0" timestamp="2019-08-02T22:31:05.465" intervalms="2179.936" />
<gc-start id="234" type="scavenge" contextid="233" timestamp="2019-08-02T22:31:05.465">
  <mem-info id="235" free="4365144" total="8519680" percent="51">
    <mem type="nursery" free="0" total="2228224" percent="0">
      <mem type="allocate" free="0" total="1703936" percent="0" />
      <mem type="survivor" free="0" total="524288" percent="0" />
    </mem>
    <mem type="tenure" free="4365144" total="6291456" percent="69">
      <mem type="soa" free="4050776" total="5977088" percent="67" />
      <mem type="loa" free="314368" total="314368" percent="100" />
    </mem>
    <remembered-set count="2102" />
  </mem-info>
</gc-start>
<allocation-stats totalBytes="1310336" >
  <allocated-bytes non-tlh="18088" tlh="1292248" />
  <largest-consumer threadName="main" threadId="0000000001E57A00" bytes="1302144" />
</allocation-stats>
<gc-op id="236" type="scavenge" timems="0.893" contextid="233" timestamp="2019-08-02T22:31:05.466">
  <scavenger-info tenureage="3" tenuremask="ffe8" tiltratio="76" />
  <memory-copied type="nursery" objects="8212" bytes="284096" bytesdiscarded="17704" />
  <memory-copied type="tenure" objects="3226" bytes="98328" bytesdiscarded="16" />
  <finalization candidates="11" enqueued="0" />
  <references type="soft" candidates="376" cleared="0" enqueued="0" dynamicThreshold="32" maxThreshold="32" />
  <references type="weak" candidates="393" cleared="13" enqueued="13" />
  <references type="phantom" candidates="6" cleared="0" enqueued="0" />
</gc-op>
<gc-end id="237" type="scavenge" contextid="233" durationms="1.101" usertimems="4.000" systemtimems="0.000" timestamp="2019-08-02T22:31:05.466" activeThreads="8">
  <mem-info id="238" free="5664848" total="8519680" percent="66">
    <mem type="nursery" free="1401848" total="2228224" percent="62">
      <mem type="allocate" free="1401848" total="1703936" percent="82" />
      <mem type="survivor" free="0" total="524288" percent="0" />
    </mem>
    <mem type="tenure" free="4263000" total="6291456" percent="67">
      <mem type="soa" free="3948632" total="5977088" percent="66" />
      <mem type="loa" free="314368" total="314368" percent="100" />
    </mem>
    <pending-finalizers system="0" default="0" reference="13" classloader="0" />
    <remembered-set count="898" />
  </mem-info>
</gc-end>
<cycle-end id="239" type="scavenge" contextid="233" timestamp="2019-08-02T22:31:05.466" />
  <attribute name="elasticGC enabled" value="1" />
  <attribute name= "numThreadsSpecified" value="0" />
  <attribute name="heapSize specified" value="0" />
  <attribute name= "numCores" value="8" />
  <attribute name ="GC Interval" value="600" />
  <attribute name ="Control flow" value="3" />
  <attribute name="GC Util Range Max" value="15" />
  <attribute name="Current GC Util" value="0" />
  <attribute name= "Current Time Running" value="4663" />
<allocation-satisfied id="240" threadId="0000000001E57A00" bytesRequested="56" />
<af-end id="241" timestamp="2019-08-02T22:31:05.466" threadId="0000000001E58388" success="true" from="nursery"/>
<exclusive-end id="242" timestamp="2019-08-02T22:31:05.466" durationms="1.640" />

<exclusive-start id="243" timestamp="2019-08-02T22:31:06.222" intervalms="757.044">
  <response-info timems="0.026" idlems="0.026" threads="0" lastid="0000000001E57A00" lastname="main" />
</exclusive-start>
<af-start id="244" threadId="0000000001E58388" totalBytesRequested="1032" timestamp="2019-08-02T22:31:06.222" intervalms="757.073" type="nursery" />
<cycle-start id="245" type="scavenge" contextid="0" timestamp="2019-08-02T22:31:06.222" intervalms="757.101" />
<gc-start id="246" type="scavenge" contextid="245" timestamp="2019-08-02T22:31:06.222">
  <mem-info id="247" free="4235048" total="8519680" percent="49">
    <mem type="nursery" free="0" total="2228224" percent="0">
      <mem type="allocate" free="0" total="1703936" percent="0" />
      <mem type="survivor" free="0" total="524288" percent="0" />
    </mem>
    <mem type="tenure" free="4235048" total="6291456" percent="67">
      <mem type="soa" free="3920680" total="5977088" percent="65" />
      <mem type="loa" free="314368" total="314368" percent="100" />
    </mem>
    <remembered-set count="1259" />
  </mem-info>
</gc-start>
<allocation-stats totalBytes="1425368" >
  <allocated-bytes non-tlh="28008" tlh="1397360" />
  <largest-consumer threadName="main" threadId="0000000001E57A00" bytes="1425368" />
</allocation-stats>
<gc-op id="248" type="scavenge" timems="0.841" contextid="245" timestamp="2019-08-02T22:31:06.223">
  <scavenger-info tenureage="3" tenuremask="ffe8" tiltratio="76" />
  <memory-copied type="nursery" objects="5923" bytes="235448" bytesdiscarded="179736" />
  <memory-copied type="tenure" objects="4316" bytes="125448" bytesdiscarded="8" />
  <finalization candidates="11" enqueued="0" />
  <references type="soft" candidates="475" cleared="0" enqueued="0" dynamicThreshold="32" maxThreshold="32" />
  <references type="weak" candidates="357" cleared="4" enqueued="4" />
  <references type="phantom" candidates="6" cleared="2" enqueued="2" />
</gc-op>
<gc-end id="249" type="scavenge" contextid="245" durationms="1.123" usertimems="0.000" systemtimems="0.000" timestamp="2019-08-02T22:31:06.223" activeThreads="8">
  <mem-info id="250" free="5486888" total="8519680" percent="64">
    <mem type="nursery" free="1353984" total="2228224" percent="60">
      <mem type="allocate" free="1353984" total="1769472" percent="76" />
      <mem type="survivor" free="0" total="458752" percent="0" />
    </mem>
    <mem type="tenure" free="4132904" total="6291456" percent="65">
      <mem type="soa" free="3818536" total="5977088" percent="63" />
      <mem type="loa" free="314368" total="314368" percent="100" />
    </mem>
    <pending-finalizers system="0" default="0" reference="6" classloader="0" />
    <remembered-set count="749" />
  </mem-info>
</gc-end>
<cycle-end id="251" type="scavenge" contextid="245" timestamp="2019-08-02T22:31:06.223" />
  <attribute name="elasticGC enabled" value="1" />
  <attribute name= "numThreadsSpecified" value="0" />
  <attribute name="heapSize specified" value="0" />
  <attribute name= "numCores" value="8" />
  <attribute name ="GC Interval" value="500" />
  <attribute name ="Control flow" value="2" />
  <attribute name="GC Util Range Max" value="15" />
  <attribute name="Current GC Util" value="0" />
  <attribute name= "Current Time Running" value="5420" />
<allocation-satisfied id="252" threadId="0000000001E57A00" bytesRequested="1032" />
<af-end id="253" timestamp="2019-08-02T22:31:06.223" threadId="0000000001E58388" success="true" from="nursery"/>
<exclusive-end id="254" timestamp="2019-08-02T22:31:06.223" durationms="1.692" />

<exclusive-start id="255" timestamp="2019-08-02T22:31:06.259" intervalms="37.780">
  <response-info timems="0.024" idlems="0.024" threads="0" lastid="0000000001E57A00" lastname="main" />
</exclusive-start>
<af-start id="256" threadId="0000000001E58388" totalBytesRequested="8208" timestamp="2019-08-02T22:31:06.260" intervalms="37.749" type="nursery" />
<cycle-start id="257" type="scavenge" contextid="0" timestamp="2019-08-02T22:31:06.260" intervalms="37.714" />
<gc-start id="258" type="scavenge" contextid="257" timestamp="2019-08-02T22:31:06.260">
  <mem-info id="259" free="4102352" total="8519680" percent="48">
    <mem type="nursery" free="0" total="2228224" percent="0">
      <mem type="allocate" free="0" total="1769472" percent="0" />
      <mem type="survivor" free="0" total="458752" percent="0" />
    </mem>
    <mem type="tenure" free="4102352" total="6291456" percent="65">
      <mem type="soa" free="3787984" total="5977088" percent="63" />
      <mem type="loa" free="314368" total="314368" percent="100" />
    </mem>
    <remembered-set count="1056" />
  </mem-info>
</gc-start>
<allocation-stats totalBytes="1378800" >
  <allocated-bytes non-tlh="31584" tlh="1347216" />
  <largest-consumer threadName="main" threadId="0000000001E57A00" bytes="1378800" />
</allocation-stats>
<gc-op id="260" type="scavenge" timems="0.764" contextid="257" timestamp="2019-08-02T22:31:06.261">
  <scavenger-info tenureage="3" tenuremask="ffe8" tiltratio="79" />
  <memory-copied type="nursery" objects="4743" bytes="195136" bytesdiscarded="56224" />
  <memory-copied type="tenure" objects="2415" bytes="93280" bytesdiscarded="24" />
  <finalization candidates="3" enqueued="0" />
  <references type="soft" candidates="269" cleared="0" enqueued="0" dynamicThreshold="32" maxThreshold="32" />
  <references type="weak" candidates="367" cleared="20" enqueued="20" />
  <references type="phantom" candidates="2" cleared="1" enqueued="1" />
</gc-op>
<gc-end id="261" type="scavenge" contextid="257" durationms="0.966" usertimems="4.000" systemtimems="0.000" timestamp="2019-08-02T22:31:06.261" activeThreads="8">
  <mem-info id="262" free="5518024" total="8519680" percent="64">
    <mem type="nursery" free="1517816" total="2228224" percent="68">
      <mem type="allocate" free="1517816" total="1769472" percent="85" />
      <mem type="survivor" free="0" total="458752" percent="0" />
    </mem>
    <mem type="tenure" free="4000208" total="6291456" percent="63">
      <mem type="soa" free="3685840" total="5977088" percent="61" />
      <mem type="loa" free="314368" total="314368" percent="100" />
    </mem>
    <pending-finalizers system="0" default="0" reference="21" classloader="0" />
    <remembered-set count="822" />
  </mem-info>
</gc-end>
<cycle-end id="263" type="scavenge" contextid="257" timestamp="2019-08-02T22:31:06.261" />
  <attribute name="elasticGC enabled" value="1" />
  <attribute name= "numThreadsSpecified" value="0" />
  <attribute name="heapSize specified" value="0" />
  <attribute name= "numCores" value="8" />
  <attribute name ="GC Interval" value="300" />
  <attribute name ="Control flow" value="2" />
  <attribute name="GC Util Range Max" value="15" />
  <attribute name="Current GC Util" value="4" />
  <attribute name= "Current Time Running" value="5458" />
<allocation-satisfied id="264" threadId="0000000001E57A00" bytesRequested="8208" />
<af-end id="265" timestamp="2019-08-02T22:31:06.261" threadId="0000000001E58388" success="true" from="nursery"/>
<exclusive-end id="266" timestamp="2019-08-02T22:31:06.261" durationms="1.411" />

<exclusive-start id="267" timestamp="2019-08-02T22:31:06.316" intervalms="56.965">
  <response-info timems="0.031" idlems="0.031" threads="0" lastid="0000000001E57A00" lastname="main" />
</exclusive-start>
<af-start id="268" threadId="0000000001E58388" totalBytesRequested="88" timestamp="2019-08-02T22:31:06.317" intervalms="57.005" type="nursery" />
<cycle-start id="269" type="scavenge" contextid="0" timestamp="2019-08-02T22:31:06.317" intervalms="57.046" />
<gc-start id="270" type="scavenge" contextid="269" timestamp="2019-08-02T22:31:06.317">
  <mem-info id="271" free="3964144" total="8519680" percent="46">
    <mem type="nursery" free="0" total="2228224" percent="0">
      <mem type="allocate" free="0" total="1769472" percent="0" />
      <mem type="survivor" free="0" total="458752" percent="0" />
    </mem>
    <mem type="tenure" free="3964144" total="6291456" percent="63">
      <mem type="soa" free="3649776" total="5977088" percent="61" />
      <mem type="loa" free="314368" total="314368" percent="100" />
    </mem>
    <remembered-set count="1176" />
  </mem-info>
</gc-start>
<allocation-stats totalBytes="1551056" >
  <allocated-bytes non-tlh="44272" tlh="1506784" />
  <largest-consumer threadName="main" threadId="0000000001E57A00" bytes="1546960" />
</allocation-stats>
<gc-op id="272" type="scavenge" timems="0.787" contextid="269" timestamp="2019-08-02T22:31:06.318">
  <scavenger-info tenureage="3" tenuremask="ffe8" tiltratio="79" />
  <memory-copied type="nursery" objects="4341" bytes="177816" bytesdiscarded="52240" />
  <memory-copied type="tenure" objects="1196" bytes="45760" bytesdiscarded="8" />
  <finalization candidates="3" enqueued="0" />
  <references type="soft" candidates="181" cleared="0" enqueued="0" dynamicThreshold="32" maxThreshold="32" />
  <references type="weak" candidates="552" cleared="5" enqueued="5" />
  <references type="phantom" candidates="1" cleared="0" enqueued="0" />
</gc-op>
<gc-end id="273" type="scavenge" contextid="269" durationms="1.022" usertimems="0.000" systemtimems="0.000" timestamp="2019-08-02T22:31:06.318" activeThreads="8">
  <mem-info id="274" free="5505896" total="8519680" percent="64">
    <mem type="nursery" free="1604728" total="2228224" percent="72">
      <mem type="allocate" free="1604728" total="1835008" percent="87" />
      <mem type="survivor" free="0" total="393216" percent="0" />
    </mem>
    <mem type="tenure" free="3901168" total="6291456" percent="62">
      <mem type="soa" free="3586800" total="5977088" percent="60" />
      <mem type="loa" free="314368" total="314368" percent="100" />
    </mem>
    <pending-finalizers system="0" default="0" reference="5" classloader="0" />
    <remembered-set count="789" />
  </mem-info>
</gc-end>
<cycle-end id="275" type="scavenge" contextid="269" timestamp="2019-08-02T22:31:06.318" />
  <attribute name="elasticGC enabled" value="1" />
  <attribute name= "numThreadsSpecified" value="0" />
  <attribute name="heapSize specified" value="0" />
  <attribute name= "numCores" value="8" />
  <attribute name ="GC Interval" value="200" />
  <attribute name ="Control flow" value="3" />
  <attribute name="GC Util Range Max" value="15" />
  <attribute name="Current GC Util" value="2" />
  <attribute name= "Current Time Running" value="5515" />
<allocation-satisfied id="276" threadId="0000000001E57A00" bytesRequested="88" />
<af-end id="277" timestamp="2019-08-02T22:31:06.318" threadId="0000000001E58388" success="true" from="nursery"/>
<exclusive-end id="278" timestamp="2019-08-02T22:31:06.318" durationms="1.596" />

<exclusive-start id="279" timestamp="2019-08-02T22:31:06.388" intervalms="72.110">
  <response-info timems="0.070" idlems="0.070" threads="0" lastid="0000000001E57A00" lastname="main" />
</exclusive-start>
<af-start id="280" threadId="0000000001E58388" totalBytesRequested="16" timestamp="2019-08-02T22:31:06.389" intervalms="72.128" type="nursery" />
<cycle-start id="281" type="scavenge" contextid="0" timestamp="2019-08-02T22:31:06.389" intervalms="72.093" />
<gc-start id="282" type="scavenge" contextid="281" timestamp="2019-08-02T22:31:06.389">
  <mem-info id="283" free="3848480" total="8519680" percent="45">
    <mem type="nursery" free="0" total="2228224" percent="0">
      <mem type="allocate" free="0" total="1835008" percent="0" />
      <mem type="survivor" free="0" total="393216" percent="0" />
    </mem>
    <mem type="tenure" free="3848480" total="6291456" percent="61">
      <mem type="soa" free="3534112" total="5977088" percent="59" />
      <mem type="loa" free="314368" total="314368" percent="100" />
    </mem>
    <remembered-set count="1253" />
  </mem-info>
</gc-start>
<allocation-stats totalBytes="1654832" >
  <allocated-bytes non-tlh="52776" tlh="1602056" />
  <largest-consumer threadName="main" threadId="0000000001E57A00" bytes="1654832" />
</allocation-stats>
<gc-op id="284" type="scavenge" timems="0.705" contextid="281" timestamp="2019-08-02T22:31:06.390">
  <scavenger-info tenureage="3" tenuremask="ffe8" tiltratio="82" />
  <memory-copied type="nursery" objects="3296" bytes="138072" bytesdiscarded="74880" />
  <memory-copied type="tenure" objects="2210" bytes="80544" bytesdiscarded="8" />
  <finalization candidates="3" enqueued="0" />
  <ownableSynchronizers candidates="1" cleared="0" />
  <references type="soft" candidates="45" cleared="0" enqueued="0" dynamicThreshold="32" maxThreshold="32" />
  <references type="weak" candidates="705" cleared="1" enqueued="1" />
  <references type="phantom" candidates="1" cleared="0" enqueued="0" />
</gc-op>
<gc-end id="285" type="scavenge" contextid="281" durationms="0.907" usertimems="4.000" systemtimems="0.000" timestamp="2019-08-02T22:31:06.390" activeThreads="8">
  <mem-info id="286" free="5400344" total="8519680" percent="63">
    <mem type="nursery" free="1621752" total="2228224" percent="72">
      <mem type="allocate" free="1621752" total="1835008" percent="88" />
      <mem type="survivor" free="0" total="393216" percent="0" />
    </mem>
    <mem type="tenure" free="3778592" total="6291456" percent="60">
      <mem type="soa" free="3464224" total="5977088" percent="57" />
      <mem type="loa" free="314368" total="314368" percent="100" />
    </mem>
    <pending-finalizers system="0" default="0" reference="1" classloader="0" />
    <remembered-set count="981" />
  </mem-info>
</gc-end>
<cycle-end id="287" type="scavenge" contextid="281" timestamp="2019-08-02T22:31:06.390" />
  <attribute name="elasticGC enabled" value="1" />
  <attribute name= "numThreadsSpecified" value="0" />
  <attribute name="heapSize specified" value="0" />
  <attribute name= "numCores" value="8" />
  <attribute name ="GC Interval" value="200" />
  <attribute name ="Control flow" value="3" />
  <attribute name="GC Util Range Max" value="15" />
  <attribute name="Current GC Util" value="1" />
  <attribute name= "Current Time Running" value="5587" />
<allocation-satisfied id="288" threadId="0000000001E57A00" bytesRequested="16" />
<af-end id="289" timestamp="2019-08-02T22:31:06.390" threadId="0000000001E58388" success="true" from="nursery"/>
<exclusive-end id="290" timestamp="2019-08-02T22:31:06.390" durationms="1.560" />

<exclusive-start id="291" timestamp="2019-08-02T22:31:06.445" intervalms="56.183">
  <response-info timems="0.071" idlems="0.071" threads="0" lastid="00000000025D5C00" lastname="process reaper" />
</exclusive-start>
<af-start id="292" threadId="00000000025D6588" totalBytesRequested="16" timestamp="2019-08-02T22:31:06.445" intervalms="56.213" type="nursery" />
<cycle-start id="293" type="scavenge" contextid="0" timestamp="2019-08-02T22:31:06.445" intervalms="56.308" />
<gc-start id="294" type="scavenge" contextid="293" timestamp="2019-08-02T22:31:06.445">
  <mem-info id="295" free="3722416" total="8519680" percent="43">
    <mem type="nursery" free="0" total="2228224" percent="0">
      <mem type="allocate" free="0" total="1835008" percent="0" />
      <mem type="survivor" free="0" total="393216" percent="0" />
    </mem>
    <mem type="tenure" free="3722416" total="6291456" percent="59">
      <mem type="soa" free="3408048" total="5977088" percent="57" />
      <mem type="loa" free="314368" total="314368" percent="100" />
    </mem>
    <remembered-set count="1860" />
  </mem-info>
</gc-start>
<allocation-stats totalBytes="1676408" >
  <allocated-bytes non-tlh="56192" tlh="1620216" />
  <largest-consumer threadName="main" threadId="0000000001E57A00" bytes="1676408" />
</allocation-stats>
<gc-op id="296" type="scavenge" timems="1.026" contextid="293" timestamp="2019-08-02T22:31:06.446">
  <scavenger-info tenureage="3" tenuremask="ffe8" tiltratio="82" />
  <memory-copied type="nursery" objects="8088" bytes="340152" bytesdiscarded="21056" />
  <memory-copied type="tenure" objects="1213" bytes="62936" bytesdiscarded="0" />
  <finalization candidates="12" enqueued="0" />
  <ownableSynchronizers candidates="3" cleared="0" />
  <references type="soft" candidates="239" cleared="0" enqueued="0" dynamicThreshold="32" maxThreshold="32" />
  <references type="weak" candidates="1803" cleared="400" enqueued="268" />
  <references type="phantom" candidates="2" cleared="1" enqueued="1" />
</gc-op>
<gc-end id="297" type="scavenge" contextid="293" durationms="1.334" usertimems="4.000" systemtimems="0.000" timestamp="2019-08-02T22:31:06.447" activeThreads="8">
  <mem-info id="298" free="4895136" total="8519680" percent="57">
    <mem type="nursery" free="1275904" total="2228224" percent="57">
      <mem type="allocate" free="1275904" total="1638400" percent="77" />
      <mem type="survivor" free="0" total="589824" percent="0" />
    </mem>
    <mem type="tenure" free="3619232" total="6291456" percent="57">
      <mem type="soa" free="3304864" total="5977088" percent="55" />
      <mem type="loa" free="314368" total="314368" percent="100" />
    </mem>
    <pending-finalizers system="0" default="0" reference="269" classloader="0" />
    <remembered-set count="1457" />
  </mem-info>
</gc-end>
<cycle-end id="299" type="scavenge" contextid="293" timestamp="2019-08-02T22:31:06.447" />
  <attribute name="elasticGC enabled" value="1" />
  <attribute name= "numThreadsSpecified" value="0" />
  <attribute name="heapSize specified" value="0" />
  <attribute name= "numCores" value="8" />
  <attribute name ="GC Interval" value="200" />
  <attribute name ="Control flow" value="2" />
  <attribute name="GC Util Range Max" value="15" />
  <attribute name="Current GC Util" value="2" />
  <attribute name= "Current Time Running" value="5644" />
<allocation-satisfied id="300" threadId="00000000025D5C00" bytesRequested="16" />
<af-end id="301" timestamp="2019-08-02T22:31:06.447" threadId="00000000025D6588" success="true" from="nursery"/>
<exclusive-end id="302" timestamp="2019-08-02T22:31:06.447" durationms="2.355" />

<exclusive-start id="303" timestamp="2019-08-02T22:31:06.484" intervalms="39.642">
  <response-info timems="0.037" idlems="0.037" threads="0" lastid="0000000001E57A00" lastname="main" />
</exclusive-start>
<af-start id="304" threadId="0000000001E58388" totalBytesRequested="1032" timestamp="2019-08-02T22:31:06.484" intervalms="39.555" type="nursery" />
<cycle-start id="305" type="scavenge" contextid="0" timestamp="2019-08-02T22:31:06.485" intervalms="39.493" />
<gc-start id="306" type="scavenge" contextid="305" timestamp="2019-08-02T22:31:06.485">
  <mem-info id="307" free="3601016" total="8519680" percent="42">
    <mem type="nursery" free="0" total="2228224" percent="0">
      <mem type="allocate" free="0" total="1638400" percent="0" />
      <mem type="survivor" free="0" total="589824" percent="0" />
    </mem>
    <mem type="tenure" free="3601016" total="6291456" percent="57">
      <mem type="soa" free="3286648" total="5977088" percent="54" />
      <mem type="loa" free="314368" total="314368" percent="100" />
    </mem>
    <remembered-set count="1782" />
  </mem-info>
</gc-start>
<allocation-stats totalBytes="1292032" >
  <allocated-bytes non-tlh="280384" tlh="1011648" />
  <largest-consumer threadName="main" threadId="0000000001E57A00" bytes="1219032" />
</allocation-stats>
<gc-op id="308" type="scavenge" timems="0.915" contextid="305" timestamp="2019-08-02T22:31:06.486">
  <scavenger-info tenureage="3" tenuremask="ffe8" tiltratio="73" />
  <memory-copied type="nursery" objects="7578" bytes="588856" bytesdiscarded="136" />
  <memory-copied type="tenure" objects="2434" bytes="100928" bytesdiscarded="48" />
  <copy-failed type="nursery" objects="1596" bytes="69824" />
  <finalization candidates="15" enqueued="0" />
  <ownableSynchronizers candidates="4" cleared="0" />
  <references type="soft" candidates="259" cleared="0" enqueued="0" dynamicThreshold="32" maxThreshold="32" />
  <references type="weak" candidates="1041" cleared="33" enqueued="22" />
  <references type="phantom" candidates="6" cleared="1" enqueued="1" />
</gc-op>
<gc-end id="309" type="scavenge" contextid="305" durationms="1.236" usertimems="0.000" systemtimems="0.000" timestamp="2019-08-02T22:31:06.486" activeThreads="8">
  <mem-info id="310" free="4062328" total="8519680" percent="47">
    <mem type="nursery" free="524288" total="2228224" percent="23">
      <mem type="allocate" free="524288" total="1114112" percent="47" />
      <mem type="survivor" free="0" total="1114112" percent="0" />
    </mem>
    <mem type="tenure" free="3538040" total="6291456" percent="56">
      <mem type="soa" free="3223672" total="5977088" percent="53" />
      <mem type="loa" free="314368" total="314368" percent="100" />
    </mem>
    <pending-finalizers system="0" default="0" reference="23" classloader="0" />
    <remembered-set count="1641" />
  </mem-info>
</gc-end>
<cycle-end id="311" type="scavenge" contextid="305" timestamp="2019-08-02T22:31:06.486" />
  <attribute name="elasticGC enabled" value="1" />
  <attribute name= "numThreadsSpecified" value="0" />
  <attribute name="heapSize specified" value="0" />
  <attribute name= "numCores" value="8" />
  <attribute name ="GC Interval" value="200" />
  <attribute name ="Control flow" value="3" />
  <attribute name="GC Util Range Max" value="15" />
  <attribute name="Current GC Util" value="4" />
  <attribute name= "Current Time Running" value="5683" />
<allocation-satisfied id="312" threadId="0000000001E57A00" bytesRequested="1032" />
<af-end id="313" timestamp="2019-08-02T22:31:06.486" threadId="0000000001E58388" success="true" from="nursery"/>
<exclusive-end id="314" timestamp="2019-08-02T22:31:06.486" durationms="1.851" />

<exclusive-start id="315" timestamp="2019-08-02T22:31:06.497" intervalms="12.858">
  <response-info timems="0.072" idlems="0.072" threads="0" lastid="0000000001E57A00" lastname="main" />
</exclusive-start>
<af-start id="316" threadId="0000000001E58388" totalBytesRequested="32776" timestamp="2019-08-02T22:31:06.497" intervalms="12.893" type="nursery" />
<cycle-start id="317" type="scavenge" contextid="0" timestamp="2019-08-02T22:31:06.497" intervalms="12.857" />
<gc-start id="318" type="scavenge" contextid="317" timestamp="2019-08-02T22:31:06.498">
  <mem-info id="319" free="3534280" total="8519680" percent="41">
    <mem type="nursery" free="0" total="2228224" percent="0">
      <mem type="allocate" free="0" total="1114112" percent="0" />
      <mem type="survivor" free="0" total="1114112" percent="0" />
    </mem>
    <mem type="tenure" free="3534280" total="6291456" percent="56">
      <mem type="soa" free="3219912" total="5977088" percent="53" />
      <mem type="loa" free="314368" total="314368" percent="100" />
    </mem>
    <remembered-set count="1705" />
  </mem-info>
</gc-start>
<allocation-stats totalBytes="486544" >
  <allocated-bytes non-tlh="204800" tlh="281744" />
  <largest-consumer threadName="main" threadId="0000000001E57A00" bytes="478352" />
</allocation-stats>
<gc-op id="320" type="scavenge" timems="0.785" contextid="317" timestamp="2019-08-02T22:31:06.499">
  <scavenger-info tenureage="2" tenuremask="ffec" tiltratio="50" />
  <memory-copied type="nursery" objects="1912" bytes="598544" bytesdiscarded="121496" />
  <memory-copied type="tenure" objects="5837" bytes="228768" bytesdiscarded="88" />
  <finalization candidates="15" enqueued="0" />
  <ownableSynchronizers candidates="4" cleared="0" />
  <references type="soft" candidates="105" cleared="0" enqueued="0" dynamicThreshold="32" maxThreshold="32" />
  <references type="weak" candidates="227" cleared="11" enqueued="8" />
  <references type="phantom" candidates="5" cleared="1" enqueued="1" />
</gc-op>
<heap-resize id="321" type="expand" space="nursery" amount="131072" count="1" timems="0.023" reason="excessive time being spent scavenging" timestamp="2019-08-02T22:31:06.499" />
<gc-end id="322" type="scavenge" contextid="317" durationms="1.261" usertimems="0.000" systemtimems="0.000" timestamp="2019-08-02T22:31:06.499" activeThreads="8">
  <mem-info id="323" free="3817312" total="8650752" percent="44">
    <mem type="nursery" free="524952" total="2359296" percent="22">
      <mem type="allocate" free="524952" total="1245184" percent="42" />
      <mem type="survivor" free="0" total="1114112" percent="0" />
    </mem>
    <mem type="tenure" free="3292360" total="6291456" percent="52">
      <mem type="soa" free="2977992" total="5977088" percent="49" />
      <mem type="loa" free="314368" total="314368" percent="100" />
    </mem>
    <pending-finalizers system="0" default="0" reference="9" classloader="0" />
    <remembered-set count="522" />
  </mem-info>
</gc-end>
<cycle-end id="324" type="scavenge" contextid="317" timestamp="2019-08-02T22:31:06.499" />
  <attribute name="elasticGC enabled" value="1" />
  <attribute name= "numThreadsSpecified" value="0" />
  <attribute name="heapSize specified" value="0" />
  <attribute name= "numCores" value="8" />
  <attribute name ="GC Interval" value="200" />
  <attribute name ="Control flow" value="2" />
  <attribute name="GC Util Range Max" value="15" />
  <attribute name="Current GC Util" value="13" />
  <attribute name= "Current Time Running" value="5696" />
<allocation-satisfied id="325" threadId="0000000001E57A00" bytesRequested="32776" />
<af-end id="326" timestamp="2019-08-02T22:31:06.499" threadId="0000000001E58388" success="true" from="nursery"/>
<exclusive-end id="327" timestamp="2019-08-02T22:31:06.499" durationms="2.013" />

<exclusive-start id="328" timestamp="2019-08-02T22:31:06.512" intervalms="14.912">
  <response-info timems="0.051" idlems="0.051" threads="0" lastid="0000000001E57A00" lastname="main" />
</exclusive-start>
<af-start id="329" threadId="0000000001E58388" totalBytesRequested="131080" timestamp="2019-08-02T22:31:06.512" intervalms="14.895" type="nursery" />
<cycle-start id="330" type="scavenge" contextid="0" timestamp="2019-08-02T22:31:06.512" intervalms="14.925" />
<gc-start id="331" type="scavenge" contextid="330" timestamp="2019-08-02T22:31:06.512">
  <mem-info id="332" free="3284800" total="8650752" percent="37">
    <mem type="nursery" free="0" total="2359296" percent="0">
      <mem type="allocate" free="0" total="1245184" percent="0" />
      <mem type="survivor" free="0" total="1114112" percent="0" />
    </mem>
    <mem type="tenure" free="3284800" total="6291456" percent="52">
      <mem type="soa" free="2970432" total="5977088" percent="49" />
      <mem type="loa" free="314368" total="314368" percent="100" />
    </mem>
    <remembered-set count="607" />
  </mem-info>
</gc-start>
<allocation-stats totalBytes="523920" >
  <allocated-bytes non-tlh="136176" tlh="387744" />
  <largest-consumer threadName="main" threadId="0000000001E57A00" bytes="515728" />
</allocation-stats>
<gc-op id="333" type="scavenge" timems="0.551" contextid="330" timestamp="2019-08-02T22:31:06.513">
  <scavenger-info tenureage="2" tenuremask="7804" tiltratio="52" />
  <memory-copied type="nursery" objects="287" bytes="281240" bytesdiscarded="14488" />
  <memory-copied type="tenure" objects="1682" bytes="345104" bytesdiscarded="88" />
  <finalization candidates="6" enqueued="0" />
  <ownableSynchronizers candidates="1" cleared="0" />
  <references type="soft" candidates="9" cleared="0" enqueued="0" dynamicThreshold="32" maxThreshold="32" />
  <references type="weak" candidates="5" cleared="0" enqueued="0" />
  <references type="phantom" candidates="1" cleared="0" enqueued="0" />
</gc-op>
<gc-end id="334" type="scavenge" contextid="330" durationms="0.799" usertimems="4.000" systemtimems="0.000" timestamp="2019-08-02T22:31:06.513" activeThreads="8">
  <mem-info id="335" free="4016344" total="8650752" percent="46">
    <mem type="nursery" free="1080480" total="2359296" percent="45">
      <mem type="allocate" free="1080480" total="1376256" percent="78" />
      <mem type="survivor" free="0" total="983040" percent="0" />
    </mem>
    <mem type="tenure" free="2935864" total="6291456" percent="46">
      <mem type="soa" free="2621496" total="5977088" percent="43" />
      <mem type="loa" free="314368" total="314368" percent="100" />
    </mem>
    <remembered-set count="238" />
  </mem-info>
</gc-end>
<cycle-end id="336" type="scavenge" contextid="330" timestamp="2019-08-02T22:31:06.513" />
  <attribute name="elasticGC enabled" value="1" />
  <attribute name= "numThreadsSpecified" value="0" />
  <attribute name="heapSize specified" value="0" />
  <attribute name= "numCores" value="8" />
  <attribute name ="GC Interval" value="200" />
  <attribute name ="Control flow" value="3" />
  <attribute name="GC Util Range Max" value="15" />
  <attribute name="Current GC Util" value="11" />
  <attribute name= "Current Time Running" value="5711" />
<allocation-satisfied id="337" threadId="0000000001E57A00" bytesRequested="131080" />
<af-end id="338" timestamp="2019-08-02T22:31:06.513" threadId="0000000001E58388" success="true" from="nursery"/>
<exclusive-end id="339" timestamp="2019-08-02T22:31:06.513" durationms="1.400" />

<exclusive-start id="340" timestamp="2019-08-02T22:31:06.525" intervalms="12.930">
  <response-info timems="0.028" idlems="0.028" threads="0" lastid="0000000001E57A00" lastname="main" />
</exclusive-start>
<af-start id="341" threadId="0000000001E58388" totalBytesRequested="262168" timestamp="2019-08-02T22:31:06.525" intervalms="12.887" type="nursery" />
<cycle-start id="342" type="scavenge" contextid="0" timestamp="2019-08-02T22:31:06.525" intervalms="12.852" />
<gc-start id="343" type="scavenge" contextid="342" timestamp="2019-08-02T22:31:06.525">
  <mem-info id="344" free="3071400" total="8650752" percent="35">
    <mem type="nursery" free="142456" total="2359296" percent="6">
      <mem type="allocate" free="142456" total="1376256" percent="10" />
      <mem type="survivor" free="0" total="983040" percent="0" />
    </mem>
    <mem type="tenure" free="2928944" total="6291456" percent="46">
      <mem type="soa" free="2614576" total="5977088" percent="43" />
      <mem type="loa" free="314368" total="314368" percent="100" />
    </mem>
    <remembered-set count="393" />
  </mem-info>
</gc-start>
<allocation-stats totalBytes="940496" >
  <allocated-bytes non-tlh="756536" tlh="183960" />
  <largest-consumer threadName="main" threadId="0000000001E57A00" bytes="940496" />
</allocation-stats>
<gc-op id="345" type="scavenge" timems="0.400" contextid="342" timestamp="2019-08-02T22:31:06.526">
  <scavenger-info tenureage="2" tenuremask="7804" tiltratio="58" />
  <memory-copied type="nursery" objects="394" bytes="609016" bytesdiscarded="33816" />
  <memory-copied type="tenure" objects="197" bytes="227288" bytesdiscarded="288" />
  <references type="weak" candidates="2" cleared="1" enqueued="1" />
  <references type="phantom" candidates="1" cleared="0" enqueued="0" />
</gc-op>
<gc-end id="346" type="scavenge" contextid="342" durationms="0.642" usertimems="0.000" systemtimems="0.000" timestamp="2019-08-02T22:31:06.526" activeThreads="8">
  <mem-info id="347" free="3396808" total="8650752" percent="39">
    <mem type="nursery" free="667872" total="2359296" percent="28">
      <mem type="allocate" free="667872" total="1310720" percent="50" />
      <mem type="survivor" free="0" total="1048576" percent="0" />
    </mem>
    <mem type="tenure" free="2728936" total="6291456" percent="43">
      <mem type="soa" free="2414568" total="5977088" percent="40" />
      <mem type="loa" free="314368" total="314368" percent="100" />
    </mem>
    <pending-finalizers system="0" default="0" reference="1" classloader="0" />
    <remembered-set count="327" />
  </mem-info>
</gc-end>
<cycle-end id="348" type="scavenge" contextid="342" timestamp="2019-08-02T22:31:06.526" />
  <attribute name="elasticGC enabled" value="1" />
  <attribute name= "numThreadsSpecified" value="0" />
  <attribute name="heapSize specified" value="0" />
  <attribute name= "numCores" value="8" />
  <attribute name ="GC Interval" value="200" />
  <attribute name ="Control flow" value="2" />
  <attribute name="GC Util Range Max" value="15" />
  <attribute name="Current GC Util" value="7" />
  <attribute name= "Current Time Running" value="5724" />
<allocation-satisfied id="349" threadId="0000000001E57A00" bytesRequested="262168" />
<af-end id="350" timestamp="2019-08-02T22:31:06.526" threadId="0000000001E58388" success="true" from="nursery"/>
<exclusive-end id="351" timestamp="2019-08-02T22:31:06.526" durationms="1.130" />

<exclusive-start id="352" timestamp="2019-08-02T22:31:06.540" intervalms="14.968">
  <response-info timems="0.044" idlems="0.044" threads="0" lastid="0000000001E57A00" lastname="main" />
</exclusive-start>
<af-start id="353" threadId="0000000001E58388" totalBytesRequested="9800" timestamp="2019-08-02T22:31:06.540" intervalms="15.006" type="nursery" />
<cycle-start id="354" type="scavenge" contextid="0" timestamp="2019-08-02T22:31:06.540" intervalms="15.038" />
<gc-start id="355" type="scavenge" contextid="354" timestamp="2019-08-02T22:31:06.540">
  <mem-info id="356" free="2725416" total="8650752" percent="31">
    <mem type="nursery" free="0" total="2359296" percent="0">
      <mem type="allocate" free="0" total="1310720" percent="0" />
      <mem type="survivor" free="0" total="1048576" percent="0" />
    </mem>
    <mem type="tenure" free="2725416" total="6291456" percent="43">
      <mem type="soa" free="2411048" total="5977088" percent="40" />
      <mem type="loa" free="314368" total="314368" percent="100" />
    </mem>
    <remembered-set count="374" />
  </mem-info>
</gc-start>
<allocation-stats totalBytes="650544" >
  <allocated-bytes non-tlh="265688" tlh="384856" />
  <largest-consumer threadName="main" threadId="0000000001E57A00" bytes="650544" />
</allocation-stats>
<gc-op id="357" type="scavenge" timems="0.251" contextid="354" timestamp="2019-08-02T22:31:06.541">
  <scavenger-info tenureage="2" tenuremask="7c04" tiltratio="55" />
  <memory-copied type="nursery" objects="335" bytes="286512" bytesdiscarded="53984" />
  <memory-copied type="tenure" objects="82" bytes="53568" bytesdiscarded="0" />
</gc-op>
<gc-end id="358" type="scavenge" contextid="354" durationms="0.521" usertimems="0.000" systemtimems="0.000" timestamp="2019-08-02T22:31:06.541" activeThreads="8">
  <mem-info id="359" free="3712008" total="8650752" percent="42">
    <mem type="nursery" free="1035760" total="2359296" percent="43">
      <mem type="allocate" free="1035760" total="1376256" percent="75" />
      <mem type="survivor" free="0" total="983040" percent="0" />
    </mem>
    <mem type="tenure" free="2676248" total="6291456" percent="42">
      <mem type="soa" free="2361880" total="5977088" percent="39" />
      <mem type="loa" free="314368" total="314368" percent="100" />
    </mem>
    <remembered-set count="286" />
  </mem-info>
</gc-end>
<cycle-end id="360" type="scavenge" contextid="354" timestamp="2019-08-02T22:31:06.541" />
  <attribute name="elasticGC enabled" value="1" />
  <attribute name= "numThreadsSpecified" value="0" />
  <attribute name="heapSize specified" value="0" />
  <attribute name= "numCores" value="8" />
  <attribute name ="GC Interval" value="200" />
  <attribute name ="Control flow" value="3" />
  <attribute name="GC Util Range Max" value="15" />
  <attribute name="Current GC Util" value="5" />
  <attribute name= "Current Time Running" value="5739" />
<allocation-satisfied id="361" threadId="0000000001E57A00" bytesRequested="9800" />
<af-end id="362" timestamp="2019-08-02T22:31:06.541" threadId="0000000001E58388" success="true" from="nursery"/>
<exclusive-end id="363" timestamp="2019-08-02T22:31:06.541" durationms="1.093" />

<exclusive-start id="364" timestamp="2019-08-02T22:31:06.578" intervalms="37.757">
  <response-info timems="0.054" idlems="0.054" threads="0" lastid="0000000001E57A00" lastname="main" />
</exclusive-start>
<af-start id="365" threadId="0000000001E58388" totalBytesRequested="3968" timestamp="2019-08-02T22:31:06.578" intervalms="37.743" type="nursery" />
<cycle-start id="366" type="scavenge" contextid="0" timestamp="2019-08-02T22:31:06.578" intervalms="37.721" />
<gc-start id="367" type="scavenge" contextid="366" timestamp="2019-08-02T22:31:06.578">
  <mem-info id="368" free="2658968" total="8650752" percent="30">
    <mem type="nursery" free="0" total="2359296" percent="0">
      <mem type="allocate" free="0" total="1376256" percent="0" />
      <mem type="survivor" free="0" total="983040" percent="0" />
    </mem>
    <mem type="tenure" free="2658968" total="6291456" percent="42">
      <mem type="soa" free="2344600" total="5977088" percent="39" />
      <mem type="loa" free="314368" total="314368" percent="100" />
    </mem>
    <remembered-set count="583" />
  </mem-info>
</gc-start>
<allocation-stats totalBytes="1045632" >
  <allocated-bytes non-tlh="27080" tlh="1018552" />
  <largest-consumer threadName="main" threadId="0000000001E57A00" bytes="1045632" />
</allocation-stats>
<gc-op id="369" type="scavenge" timems="0.381" contextid="366" timestamp="2019-08-02T22:31:06.578">
  <scavenger-info tenureage="2" tenuremask="fc04" tiltratio="58" />
  <memory-copied type="nursery" objects="1560" bytes="44984" bytesdiscarded="87880" />
  <memory-copied type="tenure" objects="285" bytes="284464" bytesdiscarded="504" />
  <references type="weak" candidates="2" cleared="2" enqueued="2" />
</gc-op>
<gc-end id="370" type="scavenge" contextid="366" durationms="0.601" usertimems="0.000" systemtimems="0.000" timestamp="2019-08-02T22:31:06.579" activeThreads="8">
  <mem-info id="371" free="3716744" total="8650752" percent="42">
    <mem type="nursery" free="1374464" total="2359296" percent="58">
      <mem type="allocate" free="1374464" total="1507328" percent="91" />
      <mem type="survivor" free="0" total="851968" percent="0" />
    </mem>
    <mem type="tenure" free="2342280" total="6291456" percent="37">
      <mem type="soa" free="2027912" total="5977088" percent="33" />
      <mem type="loa" free="314368" total="314368" percent="100" />
    </mem>
    <pending-finalizers system="0" default="0" reference="2" classloader="0" />
    <remembered-set count="425" />
  </mem-info>
</gc-end>
<cycle-end id="372" type="scavenge" contextid="366" timestamp="2019-08-02T22:31:06.579" />
  <attribute name="elasticGC enabled" value="1" />
  <attribute name= "numThreadsSpecified" value="0" />
  <attribute name="heapSize specified" value="0" />
  <attribute name= "numCores" value="8" />
  <attribute name ="GC Interval" value="200" />
  <attribute name ="Control flow" value="2" />
  <attribute name="GC Util Range Max" value="15" />
  <attribute name="Current GC Util" value="1" />
  <attribute name= "Current Time Running" value="5776" />
<allocation-satisfied id="373" threadId="0000000001E57A00" bytesRequested="3968" />
<af-end id="374" timestamp="2019-08-02T22:31:06.579" threadId="0000000001E58388" success="true" from="nursery"/>
<exclusive-end id="375" timestamp="2019-08-02T22:31:06.579" durationms="1.103" />

<exclusive-start id="376" timestamp="2019-08-02T22:31:06.644" intervalms="66.549">
  <response-info timems="0.024" idlems="0.024" threads="0" lastid="0000000001E57A00" lastname="main" />
</exclusive-start>
<af-start id="377" threadId="0000000001E58388" totalBytesRequested="20904" timestamp="2019-08-02T22:31:06.644" intervalms="66.556" type="nursery" />
<cycle-start id="378" type="scavenge" contextid="0" timestamp="2019-08-02T22:31:06.644" intervalms="66.551" />
<gc-start id="379" type="scavenge" contextid="378" timestamp="2019-08-02T22:31:06.645">
  <mem-info id="380" free="2318120" total="8650752" percent="26">
    <mem type="nursery" free="0" total="2359296" percent="0">
      <mem type="allocate" free="0" total="1507328" percent="0" />
      <mem type="survivor" free="0" total="851968" percent="0" />
    </mem>
    <mem type="tenure" free="2318120" total="6291456" percent="36">
      <mem type="soa" free="2003752" total="5977088" percent="33" />
      <mem type="loa" free="314368" total="314368" percent="100" />
    </mem>
    <remembered-set count="784" />
  </mem-info>
</gc-start>
<allocation-stats totalBytes="1379648" >
  <allocated-bytes non-tlh="28128" tlh="1351520" />
  <largest-consumer threadName="main" threadId="0000000001E57A00" bytes="1379648" />
</allocation-stats>
<gc-op id="381" type="scavenge" timems="0.483" contextid="378" timestamp="2019-08-02T22:31:06.645">
  <scavenger-info tenureage="2" tenuremask="7804" tiltratio="63" />
  <memory-copied type="nursery" objects="5964" bytes="271568" bytesdiscarded="39952" />
  <memory-copied type="tenure" objects="22" bytes="440" bytesdiscarded="0" />
  <references type="soft" candidates="54" cleared="0" enqueued="0" dynamicThreshold="32" maxThreshold="32" />
  <references type="weak" candidates="138" cleared="0" enqueued="0" />
</gc-op>
<gc-end id="382" type="scavenge" contextid="378" durationms="0.685" usertimems="0.000" systemtimems="0.000" timestamp="2019-08-02T22:31:06.645" activeThreads="8">
  <mem-info id="383" free="3579344" total="8650752" percent="41">
    <mem type="nursery" free="1261224" total="2359296" percent="53">
      <mem type="allocate" free="1261224" total="1572864" percent="80" />
      <mem type="survivor" free="0" total="786432" percent="0" />
    </mem>
    <mem type="tenure" free="2318120" total="6291456" percent="36">
      <mem type="soa" free="2003752" total="5977088" percent="33" />
      <mem type="loa" free="314368" total="314368" percent="100" />
    </mem>
    <remembered-set count="737" />
  </mem-info>
</gc-end>
<cycle-end id="384" type="scavenge" contextid="378" timestamp="2019-08-02T22:31:06.645" />
  <attribute name="elasticGC enabled" value="1" />
  <attribute name= "numThreadsSpecified" value="0" />
  <attribute name="heapSize specified" value="0" />
  <attribute name= "numCores" value="8" />
  <attribute name ="GC Interval" value="200" />
  <attribute name ="Control flow" value="3" />
  <attribute name="GC Util Range Max" value="15" />
  <attribute name="Current GC Util" value="1" />
  <attribute name= "Current Time Running" value="5843" />
<allocation-satisfied id="385" threadId="0000000001E57A00" bytesRequested="20904" />
<af-end id="386" timestamp="2019-08-02T22:31:06.645" threadId="0000000001E58388" success="true" from="nursery"/>
<exclusive-end id="387" timestamp="2019-08-02T22:31:06.645" durationms="1.164" />

<exclusive-start id="388" timestamp="2019-08-02T22:31:06.674" intervalms="29.782">
  <response-info timems="0.049" idlems="0.049" threads="0" lastid="0000000001E57A00" lastname="main" />
</exclusive-start>
<af-start id="389" threadId="0000000001E58388" totalBytesRequested="23288" timestamp="2019-08-02T22:31:06.674" intervalms="29.790" type="nursery" />
<cycle-start id="390" type="scavenge" contextid="0" timestamp="2019-08-02T22:31:06.674" intervalms="29.811" />
<gc-start id="391" type="scavenge" contextid="390" timestamp="2019-08-02T22:31:06.674">
  <mem-info id="392" free="2297984" total="8650752" percent="26">
    <mem type="nursery" free="0" total="2359296" percent="0">
      <mem type="allocate" free="0" total="1572864" percent="0" />
      <mem type="survivor" free="0" total="786432" percent="0" />
    </mem>
    <mem type="tenure" free="2297984" total="6291456" percent="36">
      <mem type="soa" free="1983616" total="5977088" percent="33" />
      <mem type="loa" free="314368" total="314368" percent="100" />
    </mem>
    <remembered-set count="974" />
  </mem-info>
</gc-start>
<allocation-stats totalBytes="1258464" >
  <allocated-bytes non-tlh="41040" tlh="1217424" />
  <largest-consumer threadName="main" threadId="0000000001E57A00" bytes="1258464" />
</allocation-stats>
<gc-op id="393" type="scavenge" timems="0.674" contextid="390" timestamp="2019-08-02T22:31:06.675">
  <scavenger-info tenureage="11" tenuremask="7800" tiltratio="66" />
  <memory-copied type="nursery" objects="6425" bytes="326024" bytesdiscarded="93968" />
  <references type="soft" candidates="54" cleared="0" enqueued="0" dynamicThreshold="32" maxThreshold="32" />
  <references type="weak" candidates="275" cleared="0" enqueued="0" />
  <references type="phantom" candidates="1" cleared="0" enqueued="0" />
</gc-op>
<gc-end id="394" type="scavenge" contextid="390" durationms="0.865" usertimems="4.000" systemtimems="0.000" timestamp="2019-08-02T22:31:06.675" activeThreads="8">
  <mem-info id="395" free="3516200" total="8650752" percent="40">
    <mem type="nursery" free="1218216" total="2359296" percent="51">
      <mem type="allocate" free="1218216" total="1638400" percent="74" />
      <mem type="survivor" free="0" total="720896" percent="0" />
    </mem>
    <mem type="tenure" free="2297984" total="6291456" percent="36">
      <mem type="soa" free="1983616" total="5977088" percent="33" />
      <mem type="loa" free="314368" total="314368" percent="100" />
    </mem>
    <remembered-set count="705" />
  </mem-info>
</gc-end>
<cycle-end id="396" type="scavenge" contextid="390" timestamp="2019-08-02T22:31:06.675" />
  <attribute name="elasticGC enabled" value="1" />
  <attribute name= "numThreadsSpecified" value="0" />
  <attribute name="heapSize specified" value="0" />
  <attribute name= "numCores" value="8" />
  <attribute name ="GC Interval" value="200" />
  <attribute name ="Control flow" value="3" />
  <attribute name="GC Util Range Max" value="15" />
  <attribute name="Current GC Util" value="3" />
  <attribute name= "Current Time Running" value="5873" />
<allocation-satisfied id="397" threadId="0000000001E57A00" bytesRequested="23288" />
<af-end id="398" timestamp="2019-08-02T22:31:06.675" threadId="0000000001E58388" success="true" from="nursery"/>
<exclusive-end id="399" timestamp="2019-08-02T22:31:06.675" durationms="1.364" />

<exclusive-start id="400" timestamp="2019-08-02T22:31:06.704" intervalms="29.564">
  <response-info timems="0.040" idlems="0.040" threads="0" lastid="0000000001E57A00" lastname="main" />
</exclusive-start>
<af-start id="401" threadId="0000000001E58388" totalBytesRequested="23296" timestamp="2019-08-02T22:31:06.704" intervalms="29.545" type="nursery" />
<cycle-start id="402" type="scavenge" contextid="0" timestamp="2019-08-02T22:31:06.704" intervalms="29.520" />
<gc-start id="403" type="scavenge" contextid="402" timestamp="2019-08-02T22:31:06.704">
  <mem-info id="404" free="2277776" total="8650752" percent="26">
    <mem type="nursery" free="0" total="2359296" percent="0">
      <mem type="allocate" free="0" total="1638400" percent="0" />
      <mem type="survivor" free="0" total="720896" percent="0" />
    </mem>
    <mem type="tenure" free="2277776" total="6291456" percent="36">
      <mem type="soa" free="1963408" total="5977088" percent="32" />
      <mem type="loa" free="314368" total="314368" percent="100" />
    </mem>
    <remembered-set count="937" />
  </mem-info>
</gc-start>
<allocation-stats totalBytes="1230144" >
  <allocated-bytes non-tlh="43496" tlh="1186648" />
  <largest-consumer threadName="main" threadId="0000000001E57A00" bytes="1230144" />
</allocation-stats>
<gc-op id="405" type="scavenge" timems="0.881" contextid="402" timestamp="2019-08-02T22:31:06.705">
  <scavenger-info tenureage="2" tenuremask="fffc" tiltratio="69" />
  <memory-copied type="nursery" objects="1342" bytes="86464" bytesdiscarded="154736" />
  <memory-copied type="tenure" objects="5925" bytes="269680" bytesdiscarded="32" />
  <references type="weak" candidates="323" cleared="0" enqueued="0" />
  <references type="phantom" candidates="1" cleared="0" enqueued="0" />
</gc-op>
<gc-end id="406" type="scavenge" contextid="402" durationms="1.097" usertimems="4.000" systemtimems="0.000" timestamp="2019-08-02T22:31:06.705" activeThreads="8">
  <mem-info id="407" free="3445384" total="8650752" percent="39">
    <mem type="nursery" free="1462520" total="2359296" percent="61">
      <mem type="allocate" free="1462520" total="1703936" percent="85" />
      <mem type="survivor" free="0" total="655360" percent="0" />
    </mem>
    <mem type="tenure" free="1982864" total="6291456" percent="31">
      <mem type="soa" free="1668496" total="5977088" percent="27" />
      <mem type="loa" free="314368" total="314368" percent="100" />
    </mem>
    <remembered-set count="617" />
  </mem-info>
</gc-end>
<cycle-end id="408" type="scavenge" contextid="402" timestamp="2019-08-02T22:31:06.705" />
  <attribute name="elasticGC enabled" value="1" />
  <attribute name= "numThreadsSpecified" value="0" />
  <attribute name="heapSize specified" value="0" />
  <attribute name= "numCores" value="8" />
  <attribute name ="GC Interval" value="200" />
  <attribute name ="Control flow" value="2" />
  <attribute name="GC Util Range Max" value="15" />
  <attribute name="Current GC Util" value="4" />
  <attribute name= "Current Time Running" value="5902" />
<allocation-satisfied id="409" threadId="0000000001E57A00" bytesRequested="23296" />
<af-end id="410" timestamp="2019-08-02T22:31:06.705" threadId="0000000001E58388" success="true" from="nursery"/>
<exclusive-end id="411" timestamp="2019-08-02T22:31:06.705" durationms="1.555" />

<exclusive-start id="412" timestamp="2019-08-02T22:31:06.740" intervalms="35.998">
  <response-info timems="0.031" idlems="0.031" threads="0" lastid="0000000001E57A00" lastname="main" />
</exclusive-start>
<af-start id="413" threadId="0000000001E58388" totalBytesRequested="520" timestamp="2019-08-02T22:31:06.740" intervalms="36.036" type="nursery" />
<cycle-start id="414" type="scavenge" contextid="0" timestamp="2019-08-02T22:31:06.740" intervalms="36.078" />
<gc-start id="415" type="scavenge" contextid="414" timestamp="2019-08-02T22:31:06.740">
  <mem-info id="416" free="1963632" total="8650752" percent="22">
    <mem type="nursery" free="0" total="2359296" percent="0">
      <mem type="allocate" free="0" total="1703936" percent="0" />
      <mem type="survivor" free="0" total="655360" percent="0" />
    </mem>
    <mem type="tenure" free="1963632" total="6291456" percent="31">
      <mem type="soa" free="1649264" total="5977088" percent="27" />
      <mem type="loa" free="314368" total="314368" percent="100" />
    </mem>
    <remembered-set count="902" />
  </mem-info>
</gc-start>
<allocation-stats totalBytes="1480664" >
  <allocated-bytes non-tlh="42528" tlh="1438136" />
  <largest-consumer threadName="main" threadId="0000000001E57A00" bytes="1480664" />
</allocation-stats>
<gc-op id="417" type="scavenge" timems="0.485" contextid="414" timestamp="2019-08-02T22:31:06.741">
  <scavenger-info tenureage="5" tenuremask="ffe0" tiltratio="72" />
  <memory-copied type="nursery" objects="2568" bytes="90504" bytesdiscarded="28256" />
  <references type="weak" candidates="502" cleared="0" enqueued="0" />
</gc-op>
<gc-end id="418" type="scavenge" contextid="414" durationms="0.690" usertimems="0.000" systemtimems="0.000" timestamp="2019-08-02T22:31:06.741" activeThreads="8">
  <mem-info id="419" free="3614064" total="8650752" percent="41">
    <mem type="nursery" free="1650432" total="2359296" percent="69">
      <mem type="allocate" free="1650432" total="1769472" percent="93" />
      <mem type="survivor" free="0" total="589824" percent="0" />
    </mem>
    <mem type="tenure" free="1963632" total="6291456" percent="31">
      <mem type="soa" free="1649264" total="5977088" percent="27" />
      <mem type="loa" free="314368" total="314368" percent="100" />
    </mem>
    <remembered-set count="716" />
  </mem-info>
</gc-end>
<cycle-end id="420" type="scavenge" contextid="414" timestamp="2019-08-02T22:31:06.741" />
  <attribute name="elasticGC enabled" value="1" />
  <attribute name= "numThreadsSpecified" value="0" />
  <attribute name="heapSize specified" value="0" />
  <attribute name= "numCores" value="8" />
  <attribute name ="GC Interval" value="200" />
  <attribute name ="Control flow" value="2" />
  <attribute name="GC Util Range Max" value="15" />
  <attribute name="Current GC Util" value="4" />
  <attribute name= "Current Time Running" value="5938" />
<allocation-satisfied id="421" threadId="0000000001E57A00" bytesRequested="520" />
<af-end id="422" timestamp="2019-08-02T22:31:06.741" threadId="0000000001E58388" success="true" from="nursery"/>
<exclusive-end id="423" timestamp="2019-08-02T22:31:06.741" durationms="1.225" />

<exclusive-start id="424" timestamp="2019-08-02T22:31:06.775" intervalms="35.374">
  <response-info timems="0.038" idlems="0.038" threads="0" lastid="0000000001E57A00" lastname="main" />
</exclusive-start>
<af-start id="425" threadId="0000000001E58388" totalBytesRequested="32" timestamp="2019-08-02T22:31:06.775" intervalms="35.390" type="nursery" />
<cycle-start id="426" type="scavenge" contextid="0" timestamp="2019-08-02T22:31:06.775" intervalms="35.401" />
<gc-start id="427" type="scavenge" contextid="426" timestamp="2019-08-02T22:31:06.775">
  <mem-info id="428" free="1944968" total="8650752" percent="22">
    <mem type="nursery" free="0" total="2359296" percent="0">
      <mem type="allocate" free="0" total="1769472" percent="0" />
      <mem type="survivor" free="0" total="589824" percent="0" />
    </mem>
    <mem type="tenure" free="1944968" total="6291456" percent="30">
      <mem type="soa" free="1630600" total="5977088" percent="27" />
      <mem type="loa" free="314368" total="314368" percent="100" />
    </mem>
    <remembered-set count="1021" />
  </mem-info>
</gc-start>
<allocation-stats totalBytes="1668120" >
  <allocated-bytes non-tlh="19184" tlh="1648936" />
  <largest-consumer threadName="main" threadId="0000000001E57A00" bytes="1668120" />
</allocation-stats>
<gc-op id="429" type="scavenge" timems="0.579" contextid="426" timestamp="2019-08-02T22:31:06.776">
  <scavenger-info tenureage="4" tenuremask="fff0" tiltratio="75" />
  <memory-copied type="nursery" objects="4106" bytes="143272" bytesdiscarded="23040" />
  <references type="weak" candidates="652" cleared="0" enqueued="0" />
</gc-op>
<gc-end id="430" type="scavenge" contextid="426" durationms="0.950" usertimems="0.000" systemtimems="0.000" timestamp="2019-08-02T22:31:06.776" activeThreads="8">
  <mem-info id="431" free="3613320" total="8650752" percent="41">
    <mem type="nursery" free="1668352" total="2359296" percent="70">
      <mem type="allocate" free="1668352" total="1835008" percent="90" />
      <mem type="survivor" free="0" total="524288" percent="0" />
    </mem>
    <mem type="tenure" free="1944968" total="6291456" percent="30">
      <mem type="soa" free="1630600" total="5977088" percent="27" />
      <mem type="loa" free="314368" total="314368" percent="100" />
    </mem>
    <remembered-set count="806" />
  </mem-info>
</gc-end>
<cycle-end id="432" type="scavenge" contextid="426" timestamp="2019-08-02T22:31:06.776" />
  <attribute name="elasticGC enabled" value="1" />
  <attribute name= "numThreadsSpecified" value="0" />
  <attribute name="heapSize specified" value="0" />
  <attribute name= "numCores" value="8" />
  <attribute name ="GC Interval" value="200" />
  <attribute name ="Control flow" value="2" />
  <attribute name="GC Util Range Max" value="15" />
  <attribute name="Current GC Util" value="2" />
  <attribute name= "Current Time Running" value="5974" />
<allocation-satisfied id="433" threadId="0000000001E57A00" bytesRequested="32" />
<af-end id="434" timestamp="2019-08-02T22:31:06.777" threadId="0000000001E58388" success="true" from="nursery"/>
<exclusive-end id="435" timestamp="2019-08-02T22:31:06.777" durationms="1.591" />

<exclusive-start id="436" timestamp="2019-08-02T22:31:06.796" intervalms="20.522">
  <response-info timems="0.056" idlems="0.056" threads="0" lastid="0000000001E57A00" lastname="main" />
</exclusive-start>
<af-start id="437" threadId="0000000001E58388" totalBytesRequested="24" timestamp="2019-08-02T22:31:06.796" intervalms="20.502" type="nursery" />
<cycle-start id="438" type="scavenge" contextid="0" timestamp="2019-08-02T22:31:06.796" intervalms="20.522" />
<gc-start id="439" type="scavenge" contextid="438" timestamp="2019-08-02T22:31:06.796">
  <mem-info id="440" free="1942104" total="8650752" percent="22">
    <mem type="nursery" free="0" total="2359296" percent="0">
      <mem type="allocate" free="0" total="1835008" percent="0" />
      <mem type="survivor" free="0" total="524288" percent="0" />
    </mem>
    <mem type="tenure" free="1942104" total="6291456" percent="30">
      <mem type="soa" free="1627736" total="5977088" percent="27" />
      <mem type="loa" free="314368" total="314368" percent="100" />
    </mem>
    <remembered-set count="1044" />
  </mem-info>
</gc-start>
<allocation-stats totalBytes="1670360" >
  <allocated-bytes non-tlh="2896" tlh="1667464" />
  <largest-consumer threadName="main" threadId="0000000001E57A00" bytes="1670360" />
</allocation-stats>
<gc-op id="441" type="scavenge" timems="0.825" contextid="438" timestamp="2019-08-02T22:31:06.797">
  <scavenger-info tenureage="3" tenuremask="fff8" tiltratio="77" />
  <memory-copied type="nursery" objects="5083" bytes="180648" bytesdiscarded="25032" />
  <memory-copied type="tenure" objects="1283" bytes="45040" bytesdiscarded="16" />
  <references type="weak" candidates="350" cleared="0" enqueued="0" />
</gc-op>
<gc-end id="442" type="scavenge" contextid="438" durationms="1.402" usertimems="0.000" systemtimems="0.000" timestamp="2019-08-02T22:31:06.797" activeThreads="8">
  <mem-info id="443" free="3589208" total="8650752" percent="41">
    <mem type="nursery" free="1694720" total="2359296" percent="71">
      <mem type="allocate" free="1694720" total="1900544" percent="89" />
      <mem type="survivor" free="0" total="458752" percent="0" />
    </mem>
    <mem type="tenure" free="1894488" total="6291456" percent="30">
      <mem type="soa" free="1580120" total="5977088" percent="26" />
      <mem type="loa" free="314368" total="314368" percent="100" />
    </mem>
    <remembered-set count="750" />
  </mem-info>
</gc-end>
<cycle-end id="444" type="scavenge" contextid="438" timestamp="2019-08-02T22:31:06.797" />
  <attribute name="elasticGC enabled" value="1" />
  <attribute name= "numThreadsSpecified" value="0" />
  <attribute name="heapSize specified" value="0" />
  <attribute name= "numCores" value="8" />
  <attribute name ="GC Interval" value="200" />
  <attribute name ="Control flow" value="3" />
  <attribute name="GC Util Range Max" value="15" />
  <attribute name="Current GC Util" value="5" />
  <attribute name= "Current Time Running" value="5995" />
<allocation-satisfied id="445" threadId="0000000001E57A00" bytesRequested="24" />
<af-end id="446" timestamp="2019-08-02T22:31:06.798" threadId="0000000001E58388" success="true" from="nursery"/>
<exclusive-end id="447" timestamp="2019-08-02T22:31:06.798" durationms="2.149" />

<exclusive-start id="448" timestamp="2019-08-02T22:31:06.821" intervalms="25.683">
  <response-info timems="0.031" idlems="0.031" threads="0" lastid="0000000001E57A00" lastname="main" />
</exclusive-start>
<af-start id="449" threadId="0000000001E58388" totalBytesRequested="32" timestamp="2019-08-02T22:31:06.821" intervalms="25.659" type="nursery" />
<cycle-start id="450" type="scavenge" contextid="0" timestamp="2019-08-02T22:31:06.821" intervalms="25.600" />
<gc-start id="451" type="scavenge" contextid="450" timestamp="2019-08-02T22:31:06.821">
  <mem-info id="452" free="1884008" total="8650752" percent="21">
    <mem type="nursery" free="0" total="2359296" percent="0">
      <mem type="allocate" free="0" total="1900544" percent="0" />
      <mem type="survivor" free="0" total="458752" percent="0" />
    </mem>
    <mem type="tenure" free="1884008" total="6291456" percent="29">
      <mem type="soa" free="1569640" total="5977088" percent="26" />
      <mem type="loa" free="314368" total="314368" percent="100" />
    </mem>
    <remembered-set count="1028" />
  </mem-info>
</gc-start>
<allocation-stats totalBytes="1704432" >
  <allocated-bytes non-tlh="10504" tlh="1693928" />
  <largest-consumer threadName="main" threadId="0000000001E57A00" bytes="1704432" />
</allocation-stats>
<gc-op id="453" type="scavenge" timems="0.702" contextid="450" timestamp="2019-08-02T22:31:06.822">
  <scavenger-info tenureage="3" tenuremask="ffc8" tiltratio="80" />
  <memory-copied type="nursery" objects="6039" bytes="214280" bytesdiscarded="30576" />
  <memory-copied type="tenure" objects="1196" bytes="42144" bytesdiscarded="24" />
  <references type="weak" candidates="248" cleared="0" enqueued="0" />
</gc-op>
<gc-end id="454" type="scavenge" contextid="450" durationms="0.907" usertimems="0.000" systemtimems="0.000" timestamp="2019-08-02T22:31:06.822" activeThreads="8">
  <mem-info id="455" free="3452776" total="8650752" percent="39">
    <mem type="nursery" free="1655552" total="2359296" percent="70">
      <mem type="allocate" free="1655552" total="1900544" percent="87" />
      <mem type="survivor" free="0" total="458752" percent="0" />
    </mem>
    <mem type="tenure" free="1797224" total="6291456" percent="28">
      <mem type="soa" free="1482856" total="5977088" percent="24" />
      <mem type="loa" free="314368" total="314368" percent="100" />
    </mem>
    <remembered-set count="738" />
  </mem-info>
</gc-end>
<cycle-end id="456" type="scavenge" contextid="450" timestamp="2019-08-02T22:31:06.822" />
  <attribute name="elasticGC enabled" value="1" />
  <attribute name= "numThreadsSpecified" value="0" />
  <attribute name="heapSize specified" value="0" />
  <attribute name= "numCores" value="8" />
  <attribute name ="GC Interval" value="200" />
  <attribute name ="Control flow" value="2" />
  <attribute name="GC Util Range Max" value="15" />
  <attribute name="Current GC Util" value="5" />
  <attribute name= "Current Time Running" value="6020" />
<allocation-satisfied id="457" threadId="0000000001E57A00" bytesRequested="32" />
<af-end id="458" timestamp="2019-08-02T22:31:06.823" threadId="0000000001E58388" success="true" from="nursery"/>
<exclusive-end id="459" timestamp="2019-08-02T22:31:06.823" durationms="1.392" />

<exclusive-start id="460" timestamp="2019-08-02T22:31:06.843" intervalms="21.861">
  <response-info timems="0.116" idlems="0.116" threads="0" lastid="0000000001E57A00" lastname="main" />
</exclusive-start>
<af-start id="461" threadId="0000000001E58388" totalBytesRequested="40" timestamp="2019-08-02T22:31:06.843" intervalms="21.883" type="nursery" />
<cycle-start id="462" type="scavenge" contextid="0" timestamp="2019-08-02T22:31:06.843" intervalms="21.883" />
<gc-start id="463" type="scavenge" contextid="462" timestamp="2019-08-02T22:31:06.843">
  <mem-info id="464" free="1788664" total="8650752" percent="20">
    <mem type="nursery" free="0" total="2359296" percent="0">
      <mem type="allocate" free="0" total="1900544" percent="0" />
      <mem type="survivor" free="0" total="458752" percent="0" />
    </mem>
    <mem type="tenure" free="1788664" total="6291456" percent="28">
      <mem type="soa" free="1474296" total="5977088" percent="24" />
      <mem type="loa" free="314368" total="314368" percent="100" />
    </mem>
    <remembered-set count="1009" />
  </mem-info>
</gc-start>
<allocation-stats totalBytes="1663824" >
  <allocated-bytes non-tlh="8592" tlh="1655232" />
  <largest-consumer threadName="main" threadId="0000000001E57A00" bytes="1663824" />
</allocation-stats>
<gc-op id="465" type="scavenge" timems="0.907" contextid="462" timestamp="2019-08-02T22:31:06.844">
  <scavenger-info tenureage="3" tenuremask="ffe8" tiltratio="80" />
  <memory-copied type="nursery" objects="6537" bytes="236440" bytesdiscarded="25360" />
  <memory-copied type="tenure" objects="1475" bytes="51264" bytesdiscarded="40" />
  <references type="weak" candidates="164" cleared="0" enqueued="0" />
</gc-op>
<gc-end id="466" type="scavenge" contextid="462" durationms="1.158" usertimems="4.000" systemtimems="0.000" timestamp="2019-08-02T22:31:06.845" activeThreads="8">
  <mem-info id="467" free="3510776" total="8650752" percent="40">
    <mem type="nursery" free="1769728" total="2359296" percent="75">
      <mem type="allocate" free="1769728" total="2031616" percent="87" />
      <mem type="survivor" free="0" total="327680" percent="0" />
    </mem>
    <mem type="tenure" free="1741048" total="6291456" percent="27">
      <mem type="soa" free="1426680" total="5977088" percent="23" />
      <mem type="loa" free="314368" total="314368" percent="100" />
    </mem>
    <remembered-set count="863" />
  </mem-info>
</gc-end>
<cycle-end id="468" type="scavenge" contextid="462" timestamp="2019-08-02T22:31:06.845" />
  <attribute name="elasticGC enabled" value="1" />
  <attribute name= "numThreadsSpecified" value="0" />
  <attribute name="heapSize specified" value="0" />
  <attribute name= "numCores" value="8" />
  <attribute name ="GC Interval" value="200" />
  <attribute name ="Control flow" value="2" />
  <attribute name="GC Util Range Max" value="15" />
  <attribute name="Current GC Util" value="6" />
  <attribute name= "Current Time Running" value="6042" />
<allocation-satisfied id="469" threadId="0000000001E57A00" bytesRequested="40" />
<af-end id="470" timestamp="2019-08-02T22:31:06.845" threadId="0000000001E58388" success="true" from="nursery"/>
<exclusive-end id="471" timestamp="2019-08-02T22:31:06.845" durationms="1.715" />

<exclusive-start id="472" timestamp="2019-08-02T22:31:06.872" intervalms="28.870">
  <response-info timems="0.032" idlems="0.032" threads="0" lastid="0000000001E57A00" lastname="main" />
</exclusive-start>
<af-start id="473" threadId="0000000001E58388" totalBytesRequested="15416" timestamp="2019-08-02T22:31:06.872" intervalms="28.836" type="nursery" />
<cycle-start id="474" type="scavenge" contextid="0" timestamp="2019-08-02T22:31:06.872" intervalms="28.819" />
<gc-start id="475" type="scavenge" contextid="474" timestamp="2019-08-02T22:31:06.872">
  <mem-info id="476" free="1725392" total="8650752" percent="19">
    <mem type="nursery" free="0" total="2359296" percent="0">
      <mem type="allocate" free="0" total="2031616" percent="0" />
      <mem type="survivor" free="0" total="327680" percent="0" />
    </mem>
    <mem type="tenure" free="1725392" total="6291456" percent="27">
      <mem type="soa" free="1411024" total="5977088" percent="23" />
      <mem type="loa" free="314368" total="314368" percent="100" />
    </mem>
    <remembered-set count="1148" />
  </mem-info>
</gc-start>
<allocation-stats totalBytes="1734848" >
  <allocated-bytes non-tlh="15696" tlh="1719152" />
  <largest-consumer threadName="main" threadId="0000000001E57A00" bytes="1734848" />
</allocation-stats>
<gc-op id="477" type="scavenge" timems="0.719" contextid="474" timestamp="2019-08-02T22:31:06.873">
  <scavenger-info tenureage="3" tenuremask="e008" tiltratio="86" />
  <memory-copied type="nursery" objects="6190" bytes="226696" bytesdiscarded="33544" />
  <memory-copied type="tenure" objects="2259" bytes="82520" bytesdiscarded="48" />
  <references type="soft" candidates="2" cleared="0" enqueued="0" dynamicThreshold="32" maxThreshold="32" />
  <references type="weak" candidates="184" cleared="2" enqueued="2" />
</gc-op>
<gc-end id="478" type="scavenge" contextid="474" durationms="0.914" usertimems="0.000" systemtimems="0.000" timestamp="2019-08-02T22:31:06.873" activeThreads="8">
  <mem-info id="479" free="3425232" total="8650752" percent="39">
    <mem type="nursery" free="1771264" total="2359296" percent="75">
      <mem type="allocate" free="1771264" total="2031616" percent="87" />
      <mem type="survivor" free="0" total="327680" percent="0" />
    </mem>
    <mem type="tenure" free="1653968" total="6291456" percent="26">
      <mem type="soa" free="1339600" total="5977088" percent="22" />
      <mem type="loa" free="314368" total="314368" percent="100" />
    </mem>
    <pending-finalizers system="0" default="0" reference="2" classloader="0" />
    <remembered-set count="825" />
  </mem-info>
</gc-end>
<cycle-end id="480" type="scavenge" contextid="474" timestamp="2019-08-02T22:31:06.873" />
  <attribute name="elasticGC enabled" value="1" />
  <attribute name= "numThreadsSpecified" value="0" />
  <attribute name="heapSize specified" value="0" />
  <attribute name= "numCores" value="8" />
  <attribute name ="GC Interval" value="200" />
  <attribute name ="Control flow" value="3" />
  <attribute name="GC Util Range Max" value="15" />
  <attribute name="Current GC Util" value="4" />
  <attribute name= "Current Time Running" value="6071" />
<allocation-satisfied id="481" threadId="0000000001E57A00" bytesRequested="15416" />
<af-end id="482" timestamp="2019-08-02T22:31:06.873" threadId="0000000001E58388" success="true" from="nursery"/>
<exclusive-end id="483" timestamp="2019-08-02T22:31:06.873" durationms="1.349" />

<exclusive-start id="484" timestamp="2019-08-02T22:31:06.893" intervalms="21.468">
  <response-info timems="0.099" idlems="0.099" threads="0" lastid="0000000001E57A00" lastname="main" />
</exclusive-start>
<af-start id="485" threadId="0000000001E58388" totalBytesRequested="80" timestamp="2019-08-02T22:31:06.894" intervalms="21.511" type="nursery" />
<cycle-start id="486" type="scavenge" contextid="0" timestamp="2019-08-02T22:31:06.894" intervalms="21.518" />
<gc-start id="487" type="scavenge" contextid="486" timestamp="2019-08-02T22:31:06.894">
  <mem-info id="488" free="1650168" total="8650752" percent="19">
    <mem type="nursery" free="0" total="2359296" percent="0">
      <mem type="allocate" free="0" total="2031616" percent="0" />
      <mem type="survivor" free="0" total="327680" percent="0" />
    </mem>
    <mem type="tenure" free="1650168" total="6291456" percent="26">
      <mem type="soa" free="1335800" total="5977088" percent="22" />
      <mem type="loa" free="314368" total="314368" percent="100" />
    </mem>
    <remembered-set count="930" />
  </mem-info>
</gc-start>
<allocation-stats totalBytes="1774696" >
  <allocated-bytes non-tlh="19216" tlh="1755480" />
  <largest-consumer threadName="main" threadId="0000000001E57A00" bytes="1774696" />
</allocation-stats>
<gc-op id="489" type="scavenge" timems="1.047" contextid="486" timestamp="2019-08-02T22:31:06.895">
  <scavenger-info tenureage="3" tenuremask="ffe8" tiltratio="86" />
  <memory-copied type="nursery" objects="7223" bytes="315616" bytesdiscarded="11992" />
  <memory-copied type="tenure" objects="1949" bytes="70472" bytesdiscarded="24" />
  <references type="soft" candidates="2" cleared="0" enqueued="0" dynamicThreshold="32" maxThreshold="32" />
  <references type="weak" candidates="121" cleared="3" enqueued="3" />
</gc-op>
<gc-end id="490" type="scavenge" contextid="486" durationms="1.268" usertimems="4.000" systemtimems="0.000" timestamp="2019-08-02T22:31:06.895" activeThreads="8">
  <mem-info id="491" free="3136248" total="8650752" percent="36">
    <mem type="nursery" free="1572864" total="2359296" percent="66">
      <mem type="allocate" free="1572864" total="1900544" percent="82" />
      <mem type="survivor" free="0" total="458752" percent="0" />
    </mem>
    <mem type="tenure" free="1563384" total="6291456" percent="24">
      <mem type="soa" free="1249016" total="5977088" percent="20" />
      <mem type="loa" free="314368" total="314368" percent="100" />
    </mem>
    <pending-finalizers system="0" default="0" reference="3" classloader="0" />
    <remembered-set count="697" />
  </mem-info>
</gc-end>
<cycle-end id="492" type="scavenge" contextid="486" timestamp="2019-08-02T22:31:06.895" />
  <attribute name="elasticGC enabled" value="1" />
  <attribute name= "numThreadsSpecified" value="0" />
  <attribute name="heapSize specified" value="0" />
  <attribute name= "numCores" value="8" />
  <attribute name ="GC Interval" value="200" />
  <attribute name ="Control flow" value="2" />
  <attribute name="GC Util Range Max" value="15" />
  <attribute name="Current GC Util" value="6" />
  <attribute name= "Current Time Running" value="6092" />
<allocation-satisfied id="493" threadId="0000000001E57A00" bytesRequested="80" />
<af-end id="494" timestamp="2019-08-02T22:31:06.895" threadId="0000000001E58388" success="true" from="nursery"/>
<exclusive-end id="495" timestamp="2019-08-02T22:31:06.895" durationms="1.800" />

<exclusive-start id="496" timestamp="2019-08-02T22:31:06.917" intervalms="23.684">
  <response-info timems="0.052" idlems="0.052" threads="0" lastid="0000000001E57A00" lastname="main" />
</exclusive-start>
<af-start id="497" threadId="0000000001E58388" totalBytesRequested="65544" timestamp="2019-08-02T22:31:06.917" intervalms="23.644" type="nursery" />
<cycle-start id="498" type="scavenge" contextid="0" timestamp="2019-08-02T22:31:06.917" intervalms="23.645" />
<gc-start id="499" type="scavenge" contextid="498" timestamp="2019-08-02T22:31:06.917">
  <mem-info id="500" free="1545680" total="8650752" percent="17">
    <mem type="nursery" free="0" total="2359296" percent="0">
      <mem type="allocate" free="0" total="1900544" percent="0" />
      <mem type="survivor" free="0" total="458752" percent="0" />
    </mem>
    <mem type="tenure" free="1545680" total="6291456" percent="24">
      <mem type="soa" free="1231312" total="5977088" percent="20" />
      <mem type="loa" free="314368" total="314368" percent="100" />
    </mem>
    <remembered-set count="893" />
  </mem-info>
</gc-start>
<allocation-stats totalBytes="1588704" >
  <allocated-bytes non-tlh="17784" tlh="1570920" />
  <largest-consumer threadName="main" threadId="0000000001E57A00" bytes="1588704" />
</allocation-stats>
<gc-op id="501" type="scavenge" timems="0.714" contextid="498" timestamp="2019-08-02T22:31:06.918">
  <scavenger-info tenureage="3" tenuremask="ffe8" tiltratio="80" />
  <memory-copied type="nursery" objects="2151" bytes="153704" bytesdiscarded="100568" />
  <memory-copied type="tenure" objects="2041" bytes="76304" bytesdiscarded="32" />
  <references type="soft" candidates="73" cleared="0" enqueued="0" dynamicThreshold="32" maxThreshold="32" />
  <references type="weak" candidates="60" cleared="0" enqueued="0" />
  <references type="phantom" candidates="1" cleared="0" enqueued="0" />
</gc-op>
<gc-end id="502" type="scavenge" contextid="498" durationms="0.904" usertimems="0.000" systemtimems="0.000" timestamp="2019-08-02T22:31:06.918" activeThreads="8">
  <mem-info id="503" free="3120432" total="8650752" percent="36">
    <mem type="nursery" free="1646176" total="2359296" percent="69">
      <mem type="allocate" free="1646176" total="1900544" percent="86" />
      <mem type="survivor" free="0" total="458752" percent="0" />
    </mem>
    <mem type="tenure" free="1474256" total="6291456" percent="23">
      <mem type="soa" free="1159888" total="5977088" percent="19" />
      <mem type="loa" free="314368" total="314368" percent="100" />
    </mem>
    <remembered-set count="570" />
  </mem-info>
</gc-end>
<cycle-end id="504" type="scavenge" contextid="498" timestamp="2019-08-02T22:31:06.918" />
  <attribute name="elasticGC enabled" value="1" />
  <attribute name= "numThreadsSpecified" value="0" />
  <attribute name="heapSize specified" value="0" />
  <attribute name= "numCores" value="8" />
  <attribute name ="GC Interval" value="200" />
  <attribute name ="Control flow" value="2" />
  <attribute name="GC Util Range Max" value="15" />
  <attribute name="Current GC Util" value="8" />
  <attribute name= "Current Time Running" value="6116" />
<allocation-satisfied id="505" threadId="0000000001E57A00" bytesRequested="65544" />
<af-end id="506" timestamp="2019-08-02T22:31:06.919" threadId="0000000001E58388" success="true" from="nursery"/>
<exclusive-end id="507" timestamp="2019-08-02T22:31:06.919" durationms="1.475" />

<exclusive-start id="508" timestamp="2019-08-02T22:31:06.952" intervalms="34.807">
  <response-info timems="0.037" idlems="0.037" threads="0" lastid="0000000001E57A00" lastname="main" />
</exclusive-start>
<af-start id="509" threadId="0000000001E58388" totalBytesRequested="520" timestamp="2019-08-02T22:31:06.952" intervalms="34.858" type="nursery" />
<cycle-start id="510" type="scavenge" contextid="0" timestamp="2019-08-02T22:31:06.952" intervalms="34.858" />
<gc-start id="511" type="scavenge" contextid="510" timestamp="2019-08-02T22:31:06.952">
  <mem-info id="512" free="1473048" total="8650752" percent="17">
    <mem type="nursery" free="0" total="2359296" percent="0">
      <mem type="allocate" free="0" total="1900544" percent="0" />
      <mem type="survivor" free="0" total="458752" percent="0" />
    </mem>
    <mem type="tenure" free="1473048" total="6291456" percent="23">
      <mem type="soa" free="1158680" total="5977088" percent="19" />
      <mem type="loa" free="314368" total="314368" percent="100" />
    </mem>
    <remembered-set count="601" />
  </mem-info>
</gc-start>
<allocation-stats totalBytes="1646264" >
  <allocated-bytes non-tlh="379920" tlh="1266344" />
  <largest-consumer threadName="main" threadId="0000000001E57A00" bytes="1646264" />
</allocation-stats>
<gc-op id="513" type="scavenge" timems="1.157" contextid="510" timestamp="2019-08-02T22:31:06.953">
  <scavenger-info tenureage="5" tenuremask="ffe0" tiltratio="80" />
  <memory-copied type="nursery" objects="2713" bytes="458616" bytesdiscarded="24" />
  <memory-copied type="tenure" objects="4877" bytes="255824" bytesdiscarded="32" />
  <copy-failed type="nursery" objects="4877" bytes="255832" />
  <references type="soft" candidates="74" cleared="0" enqueued="0" dynamicThreshold="32" maxThreshold="32" />
  <references type="weak" candidates="60" cleared="2" enqueued="2" />
  <references type="phantom" candidates="3" cleared="1" enqueued="1" />
</gc-op>
<gc-end id="514" type="scavenge" contextid="510" durationms="1.390" usertimems="0.000" systemtimems="0.000" timestamp="2019-08-02T22:31:06.954" activeThreads="8">
  <mem-info id="515" free="1843984" total="8650752" percent="21">
    <mem type="nursery" free="720896" total="2359296" percent="30">
      <mem type="allocate" free="720896" total="1179648" percent="61" />
      <mem type="survivor" free="0" total="1179648" percent="0" />
    </mem>
    <mem type="tenure" free="1123088" total="6291456" percent="17">
      <mem type="soa" free="808720" total="5977088" percent="13" />
      <mem type="loa" free="314368" total="314368" percent="100" />
    </mem>
    <pending-finalizers system="0" default="0" reference="3" classloader="0" />
    <remembered-set count="4060" />
  </mem-info>
</gc-end>
<cycle-end id="516" type="scavenge" contextid="510" timestamp="2019-08-02T22:31:06.954" />
  <attribute name="elasticGC enabled" value="1" />
  <attribute name= "numThreadsSpecified" value="0" />
  <attribute name="heapSize specified" value="0" />
  <attribute name= "numCores" value="8" />
  <attribute name ="GC Interval" value="200" />
  <attribute name ="Control flow" value="3" />
  <attribute name="GC Util Range Max" value="15" />
  <attribute name="Current GC Util" value="3" />
  <attribute name= "Current Time Running" value="6151" />
<allocation-satisfied id="517" threadId="0000000001E57A00" bytesRequested="520" />
<af-end id="518" timestamp="2019-08-02T22:31:06.954" threadId="0000000001E58388" success="true" from="nursery"/>
<exclusive-end id="519" timestamp="2019-08-02T22:31:06.954" durationms="2.241" />

<exclusive-start id="520" timestamp="2019-08-02T22:31:06.967" intervalms="14.744">
  <response-info timems="0.037" idlems="0.037" threads="0" lastid="0000000001E57A00" lastname="main" />
</exclusive-start>
<af-start id="521" threadId="0000000001E58388" totalBytesRequested="32" timestamp="2019-08-02T22:31:06.967" intervalms="14.691" type="nursery" />
<cycle-start id="522" type="scavenge" contextid="0" timestamp="2019-08-02T22:31:06.967" intervalms="14.687" />
<gc-start id="523" type="scavenge" contextid="522" timestamp="2019-08-02T22:31:06.967">
  <mem-info id="524" free="1117824" total="8650752" percent="12">
    <mem type="nursery" free="0" total="2359296" percent="0">
      <mem type="allocate" free="0" total="1179648" percent="0" />
      <mem type="survivor" free="0" total="1179648" percent="0" />
    </mem>
    <mem type="tenure" free="1117824" total="6291456" percent="17">
      <mem type="soa" free="803456" total="5977088" percent="13" />
      <mem type="loa" free="314368" total="314368" percent="100" />
    </mem>
    <remembered-set count="4121" />
  </mem-info>
</gc-start>
<allocation-stats totalBytes="725824" >
  <allocated-bytes non-tlh="5784" tlh="720040" />
  <largest-consumer threadName="main" threadId="0000000001E57A00" bytes="721728" />
</allocation-stats>
<gc-op id="525" type="scavenge" timems="0.778" contextid="522" timestamp="2019-08-02T22:31:06.968">
  <scavenger-info tenureage="3" tenuremask="fff8" tiltratio="50" />
  <memory-copied type="nursery" objects="2400" bytes="445592" bytesdiscarded="209264" />
  <memory-copied type="tenure" objects="1089" bytes="39744" bytesdiscarded="0" />
  <references type="soft" candidates="72" cleared="0" enqueued="0" dynamicThreshold="32" maxThreshold="32" />
  <references type="weak" candidates="44" cleared="0" enqueued="0" />
  <references type="phantom" candidates="2" cleared="0" enqueued="0" />
</gc-op>
<gc-end id="526" type="scavenge" contextid="522" durationms="0.996" usertimems="0.000" systemtimems="0.000" timestamp="2019-08-02T22:31:06.968" activeThreads="8">
  <mem-info id="527" free="1642504" total="8650752" percent="18">
    <mem type="nursery" free="524680" total="2359296" percent="22">
      <mem type="allocate" free="524680" total="1179648" percent="44" />
      <mem type="survivor" free="0" total="1179648" percent="0" />
    </mem>
    <mem type="tenure" free="1117824" total="6291456" percent="17">
      <mem type="soa" free="803456" total="5977088" percent="13" />
      <mem type="loa" free="314368" total="314368" percent="100" />
    </mem>
    <remembered-set count="3715" />
  </mem-info>
</gc-end>
<cycle-end id="528" type="scavenge" contextid="522" timestamp="2019-08-02T22:31:06.968" />
  <attribute name="elasticGC enabled" value="1" />
  <attribute name= "numThreadsSpecified" value="0" />
  <attribute name="heapSize specified" value="0" />
  <attribute name= "numCores" value="8" />
  <attribute name ="GC Interval" value="200" />
  <attribute name ="Control flow" value="3" />
  <attribute name="GC Util Range Max" value="15" />
  <attribute name="Current GC Util" value="16" />
  <attribute name= "Current Time Running" value="6165" />
<allocation-satisfied id="529" threadId="0000000001E57A00" bytesRequested="32" />
<af-end id="530" timestamp="2019-08-02T22:31:06.968" threadId="0000000001E58388" success="true" from="nursery"/>
<exclusive-end id="531" timestamp="2019-08-02T22:31:06.968" durationms="1.466" />

<exclusive-start id="532" timestamp="2019-08-02T22:31:06.972" intervalms="4.932">
  <response-info timems="0.033" idlems="0.033" threads="0" lastid="0000000001E57A00" lastname="main" />
</exclusive-start>
<af-start id="533" threadId="0000000001E58388" totalBytesRequested="32" timestamp="2019-08-02T22:31:06.972" intervalms="4.917" type="nursery" />
<cycle-start id="534" type="scavenge" contextid="0" timestamp="2019-08-02T22:31:06.972" intervalms="4.912" />
<gc-start id="535" type="scavenge" contextid="534" timestamp="2019-08-02T22:31:06.972">
  <mem-info id="536" free="1117824" total="8650752" percent="12">
    <mem type="nursery" free="0" total="2359296" percent="0">
      <mem type="allocate" free="0" total="1179648" percent="0" />
      <mem type="survivor" free="0" total="1179648" percent="0" />
    </mem>
    <mem type="tenure" free="1117824" total="6291456" percent="17">
      <mem type="soa" free="803456" total="5977088" percent="13" />
      <mem type="loa" free="314368" total="314368" percent="100" />
    </mem>
    <remembered-set count="3715" />
  </mem-info>
</gc-start>
<allocation-stats totalBytes="524592" >
  <allocated-bytes non-tlh="32" tlh="524560" />
  <largest-consumer threadName="main" threadId="0000000001E57A00" bytes="524592" />
</allocation-stats>
<gc-op id="537" type="scavenge" timems="0.757" contextid="534" timestamp="2019-08-02T22:31:06.973">
  <scavenger-info tenureage="3" tenuremask="ffc8" tiltratio="50" />
  <memory-copied type="nursery" objects="2382" bytes="408440" bytesdiscarded="35480" />
  <memory-copied type="tenure" objects="972" bytes="69888" bytesdiscarded="16" />
  <references type="soft" candidates="1" cleared="0" enqueued="0" dynamicThreshold="32" maxThreshold="32" />
  <references type="weak" candidates="38" cleared="0" enqueued="0" />
  <references type="phantom" candidates="2" cleared="0" enqueued="0" />
</gc-op>
<gc-end id="538" type="scavenge" contextid="534" durationms="0.977" usertimems="4.000" systemtimems="0.000" timestamp="2019-08-02T22:31:06.973" activeThreads="8">
  <mem-info id="539" free="1735592" total="8650752" percent="20">
    <mem type="nursery" free="735680" total="2359296" percent="31">
      <mem type="allocate" free="735680" total="1179648" percent="62" />
      <mem type="survivor" free="0" total="1179648" percent="0" />
    </mem>
    <mem type="tenure" free="999912" total="6291456" percent="15">
      <mem type="soa" free="685544" total="5977088" percent="11" />
      <mem type="loa" free="314368" total="314368" percent="100" />
    </mem>
    <remembered-set count="3669" />
  </mem-info>
</gc-end>
<cycle-end id="540" type="scavenge" contextid="534" timestamp="2019-08-02T22:31:06.973" />
  <attribute name="elasticGC enabled" value="1" />
  <attribute name= "numThreadsSpecified" value="0" />
  <attribute name="heapSize specified" value="0" />
  <attribute name= "numCores" value="8" />
  <attribute name ="GC Interval" value="300" />
  <attribute name ="Control flow" value="2" />
  <attribute name="GC Util Range Max" value="15" />
  <attribute name="Current GC Util" value="31" />
  <attribute name= "Current Time Running" value="6170" />
<allocation-satisfied id="541" threadId="0000000001E57A00" bytesRequested="32" />
<af-end id="542" timestamp="2019-08-02T22:31:06.973" threadId="0000000001E58388" success="true" from="nursery"/>
<exclusive-end id="543" timestamp="2019-08-02T22:31:06.973" durationms="1.437" />

<exclusive-start id="544" timestamp="2019-08-02T22:31:06.978" intervalms="6.126">
  <response-info timems="0.035" idlems="0.035" threads="0" lastid="0000000001E57A00" lastname="main" />
</exclusive-start>
<af-start id="545" threadId="0000000001E58388" totalBytesRequested="32" timestamp="2019-08-02T22:31:06.978" intervalms="6.132" type="nursery" />
<cycle-start id="546" type="scavenge" contextid="0" timestamp="2019-08-02T22:31:06.978" intervalms="6.134" />
<gc-start id="547" type="scavenge" contextid="546" timestamp="2019-08-02T22:31:06.978">
  <mem-info id="548" free="999912" total="8650752" percent="11">
    <mem type="nursery" free="0" total="2359296" percent="0">
      <mem type="allocate" free="0" total="1179648" percent="0" />
      <mem type="survivor" free="0" total="1179648" percent="0" />
    </mem>
    <mem type="tenure" free="999912" total="6291456" percent="15">
      <mem type="soa" free="685544" total="5977088" percent="11" />
      <mem type="loa" free="314368" total="314368" percent="100" />
    </mem>
    <remembered-set count="3669" />
  </mem-info>
</gc-start>
<allocation-stats totalBytes="735520" >
  <allocated-bytes non-tlh="32" tlh="735488" />
  <largest-consumer threadName="main" threadId="0000000001E57A00" bytes="735520" />
</allocation-stats>
<gc-op id="549" type="scavenge" timems="0.867" contextid="546" timestamp="2019-08-02T22:31:06.979">
  <scavenger-info tenureage="3" tenuremask="ffe8" tiltratio="50" />
  <memory-copied type="nursery" objects="2971" bytes="108904" bytesdiscarded="10120" />
  <memory-copied type="tenure" objects="491" bytes="343336" bytesdiscarded="584" />
  <references type="weak" candidates="38" cleared="0" enqueued="0" />
</gc-op>
<heap-resize id="550" type="expand" space="nursery" amount="262144" count="1" timems="0.025" reason="excessive time being spent scavenging" timestamp="2019-08-02T22:31:06.979" />
<gc-end id="551" type="scavenge" contextid="546" durationms="1.172" usertimems="4.000" systemtimems="0.000" timestamp="2019-08-02T22:31:06.979" activeThreads="8">
  <mem-info id="552" free="1995168" total="8912896" percent="22">
    <mem type="nursery" free="1322752" total="2621440" percent="50">
      <mem type="allocate" free="1322752" total="1441792" percent="91" />
      <mem type="survivor" free="0" total="1179648" percent="0" />
    </mem>
    <mem type="tenure" free="672416" total="6291456" percent="10">
      <mem type="soa" free="358048" total="5977088" percent="5" />
      <mem type="loa" free="314368" total="314368" percent="100" />
    </mem>
    <remembered-set count="387" />
  </mem-info>
</gc-end>
<cycle-end id="553" type="scavenge" contextid="546" timestamp="2019-08-02T22:31:06.979" />
  <attribute name="elasticGC enabled" value="1" />
  <attribute name= "numThreadsSpecified" value="0" />
  <attribute name="heapSize specified" value="0" />
  <attribute name= "numCores" value="8" />
  <attribute name ="GC Interval" value="500" />
  <attribute name ="Control flow" value="2" />
  <attribute name="GC Util Range Max" value="15" />
  <attribute name="Current GC Util" value="23" />
  <attribute name= "Current Time Running" value="6176" />
<allocation-satisfied id="554" threadId="0000000001E57A00" bytesRequested="32" />
<af-end id="555" timestamp="2019-08-02T22:31:06.979" threadId="0000000001E58388" success="true" from="nursery"/>
<exclusive-end id="556" timestamp="2019-08-02T22:31:06.979" durationms="1.629" />

<exclusive-start id="557" timestamp="2019-08-02T22:31:06.994" intervalms="15.978">
  <response-info timems="0.029" idlems="0.029" threads="0" lastid="0000000001E57A00" lastname="main" />
</exclusive-start>
<af-start id="558" threadId="0000000001E58388" totalBytesRequested="32" timestamp="2019-08-02T22:31:06.994" intervalms="15.994" type="nursery" />
<cycle-start id="559" type="scavenge" contextid="0" timestamp="2019-08-02T22:31:06.994" intervalms="15.997" />
<gc-start id="560" type="scavenge" contextid="559" timestamp="2019-08-02T22:31:06.994">
  <mem-info id="561" free="667656" total="8912896" percent="7">
    <mem type="nursery" free="0" total="2621440" percent="0">
      <mem type="allocate" free="0" total="1441792" percent="0" />
      <mem type="survivor" free="0" total="1179648" percent="0" />
    </mem>
    <mem type="tenure" free="667656" total="6291456" percent="10">
      <mem type="soa" free="353288" total="5977088" percent="5" />
      <mem type="loa" free="314368" total="314368" percent="100" />
    </mem>
    <remembered-set count="580" />
  </mem-info>
</gc-start>
<allocation-stats totalBytes="1326616" >
  <allocated-bytes non-tlh="4792" tlh="1321824" />
  <largest-consumer threadName="main" threadId="0000000001E57A00" bytes="1326616" />
</allocation-stats>
<gc-op id="562" type="scavenge" timems="0.679" contextid="559" timestamp="2019-08-02T22:31:06.995">
  <scavenger-info tenureage="3" tenuremask="ffe8" tiltratio="55" />
  <memory-copied type="nursery" objects="3756" bytes="148336" bytesdiscarded="42096" />
  <memory-copied type="tenure" objects="781" bytes="27200" bytesdiscarded="0" />
  <references type="weak" candidates="38" cleared="0" enqueued="0" />
</gc-op>
<gc-end id="563" type="scavenge" contextid="559" durationms="0.884" usertimems="4.000" systemtimems="0.000" timestamp="2019-08-02T22:31:06.995" activeThreads="8">
  <mem-info id="564" free="2181128" total="8912896" percent="24">
    <mem type="nursery" free="1513472" total="2621440" percent="57">
      <mem type="allocate" free="1513472" total="1703936" percent="88" />
      <mem type="survivor" free="0" total="917504" percent="0" />
    </mem>
    <mem type="tenure" free="667656" total="6291456" percent="10">
      <mem type="soa" free="353288" total="5977088" percent="5" />
      <mem type="loa" free="314368" total="314368" percent="100" />
    </mem>
    <remembered-set count="516" />
  </mem-info>
</gc-end>
<cycle-end id="565" type="scavenge" contextid="559" timestamp="2019-08-02T22:31:06.995" />
  <attribute name="elasticGC enabled" value="1" />
  <attribute name= "numThreadsSpecified" value="0" />
  <attribute name="heapSize specified" value="0" />
  <attribute name= "numCores" value="8" />
  <attribute name ="GC Interval" value="600" />
  <attribute name ="Control flow" value="2" />
  <attribute name="GC Util Range Max" value="15" />
  <attribute name="Current GC Util" value="9" />
  <attribute name= "Current Time Running" value="6192" />
<allocation-satisfied id="566" threadId="0000000001E57A00" bytesRequested="32" />
<af-end id="567" timestamp="2019-08-02T22:31:06.995" threadId="0000000001E58388" success="true" from="nursery"/>
<exclusive-end id="568" timestamp="2019-08-02T22:31:06.995" durationms="1.380" />

<exclusive-start id="569" timestamp="2019-08-02T22:31:07.005" intervalms="11.677">
  <response-info timems="0.040" idlems="0.040" threads="0" lastid="0000000001E57A00" lastname="main" />
</exclusive-start>
<af-start id="570" threadId="0000000001E58388" totalBytesRequested="32" timestamp="2019-08-02T22:31:07.005" intervalms="11.668" type="nursery" />
<cycle-start id="571" type="scavenge" contextid="0" timestamp="2019-08-02T22:31:07.006" intervalms="11.676" />
<gc-start id="572" type="scavenge" contextid="571" timestamp="2019-08-02T22:31:07.006">
  <mem-info id="573" free="667656" total="8912896" percent="7">
    <mem type="nursery" free="0" total="2621440" percent="0">
      <mem type="allocate" free="0" total="1703936" percent="0" />
      <mem type="survivor" free="0" total="917504" percent="0" />
    </mem>
    <mem type="tenure" free="667656" total="6291456" percent="10">
      <mem type="soa" free="353288" total="5977088" percent="5" />
      <mem type="loa" free="314368" total="314368" percent="100" />
    </mem>
    <remembered-set count="687" />
  </mem-info>
</gc-start>
<allocation-stats totalBytes="1513296" >
  <allocated-bytes non-tlh="32" tlh="1513264" />
  <largest-consumer threadName="main" threadId="0000000001E57A00" bytes="1513296" />
</allocation-stats>
<gc-op id="574" type="scavenge" timems="0.735" contextid="571" timestamp="2019-08-02T22:31:07.006">
  <scavenger-info tenureage="3" tenuremask="ffe8" tiltratio="65" />
  <memory-copied type="nursery" objects="4531" bytes="181360" bytesdiscarded="5888" />
  <memory-copied type="tenure" objects="1043" bytes="35744" bytesdiscarded="8" />
  <references type="weak" candidates="38" cleared="0" enqueued="0" />
</gc-op>
<gc-end id="575" type="scavenge" contextid="571" durationms="0.942" usertimems="4.000" systemtimems="0.000" timestamp="2019-08-02T22:31:07.007" activeThreads="8">
  <mem-info id="576" free="2252424" total="8912896" percent="25">
    <mem type="nursery" free="1647744" total="2621440" percent="62">
      <mem type="allocate" free="1647744" total="1835008" percent="89" />
      <mem type="survivor" free="0" total="786432" percent="0" />
    </mem>
    <mem type="tenure" free="604680" total="6291456" percent="9">
      <mem type="soa" free="290312" total="5977088" percent="4" />
      <mem type="loa" free="314368" total="314368" percent="100" />
    </mem>
    <remembered-set count="562" />
  </mem-info>
</gc-end>
<cycle-end id="577" type="scavenge" contextid="571" timestamp="2019-08-02T22:31:07.007" />
  <attribute name="elasticGC enabled" value="1" />
  <attribute name= "numThreadsSpecified" value="0" />
  <attribute name="heapSize specified" value="0" />
  <attribute name= "numCores" value="8" />
  <attribute name ="GC Interval" value="600" />
  <attribute name ="Control flow" value="2" />
  <attribute name="GC Util Range Max" value="15" />
  <attribute name="Current GC Util" value="11" />
  <attribute name= "Current Time Running" value="6204" />
<allocation-satisfied id="578" threadId="0000000001E57A00" bytesRequested="32" />
<af-end id="579" timestamp="2019-08-02T22:31:07.007" threadId="0000000001E58388" success="true" from="nursery"/>
<exclusive-end id="580" timestamp="2019-08-02T22:31:07.007" durationms="1.455" />

<exclusive-start id="581" timestamp="2019-08-02T22:31:07.018" intervalms="12.377">
  <response-info timems="0.059" idlems="0.059" threads="0" lastid="0000000001E57A00" lastname="main" />
</exclusive-start>
<af-start id="582" threadId="0000000001E58388" totalBytesRequested="32" timestamp="2019-08-02T22:31:07.018" intervalms="12.413" type="nursery" />
<cycle-start id="583" type="scavenge" contextid="0" timestamp="2019-08-02T22:31:07.018" intervalms="12.501" />
<gc-start id="584" type="scavenge" contextid="583" timestamp="2019-08-02T22:31:07.018">
  <mem-info id="585" free="604680" total="8912896" percent="6">
    <mem type="nursery" free="0" total="2621440" percent="0">
      <mem type="allocate" free="0" total="1835008" percent="0" />
      <mem type="survivor" free="0" total="786432" percent="0" />
    </mem>
    <mem type="tenure" free="604680" total="6291456" percent="9">
      <mem type="soa" free="290312" total="5977088" percent="4" />
      <mem type="loa" free="314368" total="314368" percent="100" />
    </mem>
    <remembered-set count="820" />
  </mem-info>
</gc-start>
<allocation-stats totalBytes="1647440" >
  <allocated-bytes non-tlh="32" tlh="1647408" />
  <largest-consumer threadName="main" threadId="0000000001E57A00" bytes="1647440" />
</allocation-stats>
<gc-op id="586" type="scavenge" timems="0.866" contextid="583" timestamp="2019-08-02T22:31:07.019">
  <scavenger-info tenureage="3" tenuremask="ffe8" tiltratio="70" />
  <memory-copied type="nursery" objects="6501" bytes="254424" bytesdiscarded="7448" />
  <memory-copied type="tenure" objects="1036" bytes="42352" bytesdiscarded="8" />
  <references type="weak" candidates="38" cleared="0" enqueued="0" />
</gc-op>
<gc-end id="587" type="scavenge" contextid="583" durationms="1.365" usertimems="4.000" systemtimems="0.000" timestamp="2019-08-02T22:31:07.020" activeThreads="8">
  <mem-info id="588" free="2285064" total="8912896" percent="25">
    <mem type="nursery" free="1704192" total="2621440" percent="65">
      <mem type="allocate" free="1704192" total="1966080" percent="86" />
      <mem type="survivor" free="0" total="655360" percent="0" />
    </mem>
    <mem type="tenure" free="580872" total="6291456" percent="9">
      <mem type="soa" free="266504" total="5977088" percent="4" />
      <mem type="loa" free="314368" total="314368" percent="100" />
    </mem>
    <remembered-set count="677" />
  </mem-info>
</gc-end>
<cycle-end id="589" type="scavenge" contextid="583" timestamp="2019-08-02T22:31:07.020" />
  <attribute name="elasticGC enabled" value="1" />
  <attribute name= "numThreadsSpecified" value="0" />
  <attribute name="heapSize specified" value="0" />
  <attribute name= "numCores" value="8" />
  <attribute name ="GC Interval" value="600" />
  <attribute name ="Control flow" value="3" />
  <attribute name="GC Util Range Max" value="15" />
  <attribute name="Current GC Util" value="10" />
  <attribute name= "Current Time Running" value="6217" />
<allocation-satisfied id="590" threadId="0000000001E57A00" bytesRequested="32" />
<af-end id="591" timestamp="2019-08-02T22:31:07.020" threadId="0000000001E58388" success="true" from="nursery"/>
<exclusive-end id="592" timestamp="2019-08-02T22:31:07.020" durationms="2.204" />

<exclusive-start id="593" timestamp="2019-08-02T22:31:07.031" intervalms="13.736">
  <response-info timems="0.045" idlems="0.045" threads="0" lastid="0000000001E57A00" lastname="main" />
</exclusive-start>
<af-start id="594" threadId="0000000001E58388" totalBytesRequested="24" timestamp="2019-08-02T22:31:07.032" intervalms="13.743" type="nursery" />
<cycle-start id="595" type="scavenge" contextid="0" timestamp="2019-08-02T22:31:07.032" intervalms="13.695" />
<gc-start id="596" type="scavenge" contextid="595" timestamp="2019-08-02T22:31:07.032">
  <mem-info id="597" free="578992" total="8912896" percent="6">
    <mem type="nursery" free="0" total="2621440" percent="0">
      <mem type="allocate" free="0" total="1966080" percent="0" />
      <mem type="survivor" free="0" total="655360" percent="0" />
    </mem>
    <mem type="tenure" free="578992" total="6291456" percent="9">
      <mem type="soa" free="264624" total="5977088" percent="4" />
      <mem type="loa" free="314368" total="314368" percent="100" />
    </mem>
    <remembered-set count="935" />
  </mem-info>
</gc-start>
<allocation-stats totalBytes="1705864" >
  <allocated-bytes non-tlh="1912" tlh="1703952" />
  <largest-consumer threadName="main" threadId="0000000001E57A00" bytes="1705864" />
</allocation-stats>
<gc-op id="598" type="scavenge" timems="0.886" contextid="595" timestamp="2019-08-02T22:31:07.033">
  <scavenger-info tenureage="3" tenuremask="ffe8" tiltratio="75" />
  <memory-copied type="nursery" objects="7208" bytes="278192" bytesdiscarded="31296" />
  <memory-copied type="tenure" objects="1491" bytes="64504" bytesdiscarded="32" />
  <references type="weak" candidates="16" cleared="0" enqueued="0" />
</gc-op>
<heap-resize id="599" type="expand" space="nursery" amount="131072" count="1" timems="0.026" reason="excessive time being spent scavenging" timestamp="2019-08-02T22:31:07.033" />
<gc-end id="600" type="scavenge" contextid="595" durationms="1.414" usertimems="4.000" systemtimems="0.000" timestamp="2019-08-02T22:31:07.033" activeThreads="8">
  <mem-info id="601" free="2272032" total="9043968" percent="25">
    <mem type="nursery" free="1722112" total="2752512" percent="62">
      <mem type="allocate" free="1722112" total="2031616" percent="84" />
      <mem type="survivor" free="0" total="720896" percent="0" />
    </mem>
    <mem type="tenure" free="549920" total="6291456" percent="8">
      <mem type="soa" free="235552" total="5977088" percent="3" />
      <mem type="loa" free="314368" total="314368" percent="100" />
    </mem>
    <remembered-set count="785" />
  </mem-info>
</gc-end>
<cycle-end id="602" type="scavenge" contextid="595" timestamp="2019-08-02T22:31:07.033" />
  <attribute name="elasticGC enabled" value="1" />
  <attribute name= "numThreadsSpecified" value="0" />
  <attribute name="heapSize specified" value="0" />
  <attribute name= "numCores" value="8" />
  <attribute name ="GC Interval" value="600" />
  <attribute name ="Control flow" value="2" />
  <attribute name="GC Util Range Max" value="15" />
  <attribute name="Current GC Util" value="10" />
  <attribute name= "Current Time Running" value="6230" />
<allocation-satisfied id="603" threadId="0000000001E57A00" bytesRequested="24" />
<af-end id="604" timestamp="2019-08-02T22:31:07.034" threadId="0000000001E58388" success="true" from="nursery"/>
<exclusive-end id="605" timestamp="2019-08-02T22:31:07.034" durationms="2.222" />

<exclusive-start id="606" timestamp="2019-08-02T22:31:07.052" intervalms="20.559">
  <response-info timems="0.043" idlems="0.043" threads="0" lastid="0000000001E57A00" lastname="main" />
</exclusive-start>
<af-start id="607" threadId="0000000001E58388" totalBytesRequested="16" timestamp="2019-08-02T22:31:07.052" intervalms="20.561" type="nursery" />
<cycle-start id="608" type="scavenge" contextid="0" timestamp="2019-08-02T22:31:07.052" intervalms="20.539" />
<gc-start id="609" type="scavenge" contextid="608" timestamp="2019-08-02T22:31:07.052">
  <mem-info id="610" free="549632" total="9043968" percent="6">
    <mem type="nursery" free="0" total="2752512" percent="0">
      <mem type="allocate" free="0" total="2031616" percent="0" />
      <mem type="survivor" free="0" total="720896" percent="0" />
    </mem>
    <mem type="tenure" free="549632" total="6291456" percent="8">
      <mem type="soa" free="235264" total="5977088" percent="3" />
      <mem type="loa" free="314368" total="314368" percent="100" />
    </mem>
    <remembered-set count="948" />
  </mem-info>
</gc-start>
<allocation-stats totalBytes="1721808" >
  <allocated-bytes non-tlh="312" tlh="1721496" />
  <largest-consumer threadName="main" threadId="0000000001E57A00" bytes="1721808" />
</allocation-stats>
<gc-op id="611" type="scavenge" timems="1.187" contextid="608" timestamp="2019-08-02T22:31:07.054">
  <scavenger-info tenureage="3" tenuremask="ffe8" tiltratio="73" />
  <memory-copied type="nursery" objects="11431" bytes="479472" bytesdiscarded="51416" />
  <memory-copied type="tenure" objects="1742" bytes="66968" bytesdiscarded="24" />
  <references type="weak" candidates="16" cleared="0" enqueued="0" />
</gc-op>
<gc-end id="612" type="scavenge" contextid="608" durationms="1.500" usertimems="0.000" systemtimems="0.000" timestamp="2019-08-02T22:31:07.054" activeThreads="8">
  <mem-info id="613" free="1945648" total="9043968" percent="21">
    <mem type="nursery" free="1435184" total="2752512" percent="52">
      <mem type="allocate" free="1435184" total="1966080" percent="72" />
      <mem type="survivor" free="0" total="786432" percent="0" />
    </mem>
    <mem type="tenure" free="510464" total="6291456" percent="8">
      <mem type="soa" free="196096" total="5977088" percent="3" />
      <mem type="loa" free="314368" total="314368" percent="100" />
    </mem>
    <remembered-set count="805" />
  </mem-info>
</gc-end>
<cycle-end id="614" type="scavenge" contextid="608" timestamp="2019-08-02T22:31:07.054" />
  <attribute name="elasticGC enabled" value="1" />
  <attribute name= "numThreadsSpecified" value="0" />
  <attribute name="heapSize specified" value="0" />
  <attribute name= "numCores" value="8" />
  <attribute name ="GC Interval" value="600" />
  <attribute name ="Control flow" value="3" />
  <attribute name="GC Util Range Max" value="15" />
  <attribute name="Current GC Util" value="6" />
  <attribute name= "Current Time Running" value="6251" />
<allocation-satisfied id="615" threadId="0000000001E57A00" bytesRequested="16" />
<af-end id="616" timestamp="2019-08-02T22:31:07.054" threadId="0000000001E58388" success="true" from="nursery"/>
<exclusive-end id="617" timestamp="2019-08-02T22:31:07.054" durationms="2.432" />

<exclusive-start id="618" timestamp="2019-08-02T22:31:07.073" intervalms="20.615">
  <response-info timems="0.028" idlems="0.028" threads="0" lastid="0000000001E57A00" lastname="main" />
</exclusive-start>
<af-start id="619" threadId="0000000001E58388" totalBytesRequested="48" timestamp="2019-08-02T22:31:07.073" intervalms="20.579" type="nursery" />
<cycle-start id="620" type="scavenge" contextid="0" timestamp="2019-08-02T22:31:07.073" intervalms="20.589" />
<gc-start id="621" type="scavenge" contextid="620" timestamp="2019-08-02T22:31:07.073">
  <mem-info id="622" free="510464" total="9043968" percent="5">
    <mem type="nursery" free="0" total="2752512" percent="0">
      <mem type="allocate" free="0" total="1966080" percent="0" />
      <mem type="survivor" free="0" total="786432" percent="0" />
    </mem>
    <mem type="tenure" free="510464" total="6291456" percent="8">
      <mem type="soa" free="196096" total="5977088" percent="3" />
      <mem type="loa" free="314368" total="314368" percent="100" />
    </mem>
    <remembered-set count="805" />
  </mem-info>
</gc-start>
<allocation-stats totalBytes="1434432" >
  <allocated-bytes non-tlh="16" tlh="1434416" />
  <largest-consumer threadName="main" threadId="0000000001E57A00" bytes="1434432" />
</allocation-stats>
<gc-op id="623" type="scavenge" timems="1.179" contextid="620" timestamp="2019-08-02T22:31:07.074">
  <scavenger-info tenureage="5" tenuremask="ffe0" tiltratio="71" />
  <memory-copied type="nursery" objects="14250" bytes="664264" bytesdiscarded="47048" />
  <references type="weak" candidates="16" cleared="0" enqueued="0" />
</gc-op>
<gc-end id="624" type="scavenge" contextid="620" durationms="1.497" usertimems="0.000" systemtimems="0.000" timestamp="2019-08-02T22:31:07.074" activeThreads="8">
  <mem-info id="625" free="1634152" total="9043968" percent="18">
    <mem type="nursery" free="1123688" total="2752512" percent="40">
      <mem type="allocate" free="1123688" total="1835008" percent="61" />
      <mem type="survivor" free="0" total="917504" percent="0" />
    </mem>
    <mem type="tenure" free="510464" total="6291456" percent="8">
      <mem type="soa" free="196096" total="5977088" percent="3" />
      <mem type="loa" free="314368" total="314368" percent="100" />
    </mem>
    <remembered-set count="783" />
  </mem-info>
</gc-end>
<cycle-end id="626" type="scavenge" contextid="620" timestamp="2019-08-02T22:31:07.075" />
  <attribute name="elasticGC enabled" value="1" />
  <attribute name= "numThreadsSpecified" value="0" />
  <attribute name="heapSize specified" value="0" />
  <attribute name= "numCores" value="8" />
  <attribute name ="GC Interval" value="600" />
  <attribute name ="Control flow" value="3" />
  <attribute name="GC Util Range Max" value="15" />
  <attribute name="Current GC Util" value="11" />
  <attribute name= "Current Time Running" value="6271" />
<allocation-satisfied id="627" threadId="0000000001E57A00" bytesRequested="48" />
<af-end id="628" timestamp="2019-08-02T22:31:07.075" threadId="0000000001E58388" success="true" from="nursery"/>
<exclusive-end id="629" timestamp="2019-08-02T22:31:07.075" durationms="2.159" />

<exclusive-start id="630" timestamp="2019-08-02T22:31:07.106" intervalms="32.918">
  <response-info timems="0.065" idlems="0.065" threads="0" lastid="0000000001E57A00" lastname="main" />
</exclusive-start>
<af-start id="631" threadId="0000000001E58388" totalBytesRequested="24" timestamp="2019-08-02T22:31:07.106" intervalms="32.985" type="nursery" />
<cycle-start id="632" type="scavenge" contextid="0" timestamp="2019-08-02T22:31:07.106" intervalms="33.025" />
<gc-start id="633" type="scavenge" contextid="632" timestamp="2019-08-02T22:31:07.106">
  <mem-info id="634" free="455944" total="9043968" percent="5">
    <mem type="nursery" free="0" total="2752512" percent="0">
      <mem type="allocate" free="0" total="1835008" percent="0" />
      <mem type="survivor" free="0" total="917504" percent="0" />
    </mem>
    <mem type="tenure" free="455944" total="6291456" percent="7">
      <mem type="soa" free="141576" total="5977088" percent="2" />
      <mem type="loa" free="314368" total="314368" percent="100" />
    </mem>
    <remembered-set count="1350" />
  </mem-info>
</gc-start>
<allocation-stats totalBytes="1177936" >
  <allocated-bytes non-tlh="244872" tlh="933064" />
  <largest-consumer threadName="main" threadId="0000000001E57A00" bytes="1177936" />
</allocation-stats>
<gc-op id="635" type="scavenge" timems="0.910" contextid="632" timestamp="2019-08-02T22:31:07.107">
  <scavenger-info tenureage="3" tenuremask="fff8" tiltratio="66" />
  <memory-copied type="nursery" objects="6367" bytes="283560" bytesdiscarded="68744" />
  <memory-copied type="tenure" objects="4139" bytes="163256" bytesdiscarded="280" />
  <copy-failed type="tenure" objects="954" bytes="39880" />
  <references type="soft" candidates="220" cleared="0" enqueued="0" dynamicThreshold="32" maxThreshold="32" />
  <references type="weak" candidates="122" cleared="16" enqueued="10" />
</gc-op>
<gc-end id="636" type="scavenge" contextid="632" durationms="1.298" usertimems="0.000" systemtimems="0.000" timestamp="2019-08-02T22:31:07.107" activeThreads="8">
  <mem-info id="637" free="1796904" total="9043968" percent="19">
    <mem type="nursery" free="1482536" total="2752512" percent="53">
      <mem type="allocate" free="1482536" total="1835008" percent="80" />
      <mem type="survivor" free="0" total="917504" percent="0" />
    </mem>
    <mem type="tenure" free="314368" total="6291456" percent="4">
      <mem type="soa" free="0" total="5977088" percent="0" />
      <mem type="loa" free="314368" total="314368" percent="100" />
    </mem>
    <pending-finalizers system="0" default="0" reference="10" classloader="0" />
    <remembered-set count="1075" />
  </mem-info>
</gc-end>
<cycle-end id="638" type="scavenge" contextid="632" timestamp="2019-08-02T22:31:07.107" />
  <attribute name="elasticGC enabled" value="1" />
  <attribute name= "numThreadsSpecified" value="0" />
  <attribute name="heapSize specified" value="0" />
  <attribute name= "numCores" value="8" />
  <attribute name ="GC Interval" value="600" />
  <attribute name ="Control flow" value="2" />
  <attribute name="GC Util Range Max" value="15" />
  <attribute name="Current GC Util" value="7" />
  <attribute name= "Current Time Running" value="6304" />
<allocation-satisfied id="639" threadId="0000000001E57A00" bytesRequested="24" />
<af-end id="640" timestamp="2019-08-02T22:31:07.108" threadId="0000000001E58388" success="true" from="nursery"/>
<exclusive-end id="641" timestamp="2019-08-02T22:31:07.108" durationms="2.062" />

<exclusive-start id="642" timestamp="2019-08-02T22:31:07.108" intervalms="2.527">
  <response-info timems="0.045" idlems="0.045" threads="0" lastid="0000000001E57A00" lastname="main" />
</exclusive-start>
<af-start id="643" threadId="0000000001E58388" totalBytesRequested="16" timestamp="2019-08-02T22:31:07.108" intervalms="2.462" type="tenure" />
<cycle-start id="644" type="global" contextid="0" timestamp="2019-08-02T22:31:07.108" intervalms="6563.732" />
<gc-start id="645" type="global" contextid="644" timestamp="2019-08-02T22:31:07.109">
  <mem-info id="646" free="1727248" total="9043968" percent="19">
    <mem type="nursery" free="1412880" total="2752512" percent="51">
      <mem type="allocate" free="1412880" total="1835008" percent="76" />
      <mem type="survivor" free="0" total="917504" percent="0" />
    </mem>
    <mem type="tenure" free="314368" total="6291456" percent="4">
      <mem type="soa" free="0" total="5977088" percent="0" />
      <mem type="loa" free="314368" total="314368" percent="100" />
    </mem>
    <remembered-set count="1077" />
  </mem-info>
</gc-start>
<allocation-stats totalBytes="69656" >
  <allocated-bytes non-tlh="24" tlh="69632" />
  <largest-consumer threadName="main" threadId="0000000001E57A00" bytes="65560" />
</allocation-stats>
<gc-op id="647" type="mark" timems="4.495" contextid="644" timestamp="2019-08-02T22:31:07.113">
  <trace-info objectcount="68434" scancount="56648" scanbytes="1927904" />
  <finalization candidates="80" enqueued="0" />
  <ownableSynchronizers candidates="21" cleared="0" />
  <references type="soft" candidates="1315" cleared="0" enqueued="0" dynamicThreshold="32" maxThreshold="32" />
  <references type="weak" candidates="4138" cleared="266" enqueued="165" />
  <references type="phantom" candidates="71" cleared="0" enqueued="0" />
  <stringconstants candidates="8254" cleared="12"  />
</gc-op>
<gc-op id="648" type="classunload" timems="0.049" contextid="644" timestamp="2019-08-02T22:31:07.113">
  <classunload-info classloadercandidates="13" classloadersunloaded="0" classesunloaded="0" anonymousclassesunloaded="0" quiescems="0.000" setupms="0.049" scanms="0.000" postms="0.000" />
</gc-op>
<gc-op id="649" type="sweep" timems="0.432" contextid="644" timestamp="2019-08-02T22:31:07.114" />
<gc-end id="650" type="global" contextid="644" durationms="6.080" usertimems="8.000" systemtimems="0.000" timestamp="2019-08-02T22:31:07.115" activeThreads="8">
  <mem-info id="651" free="3980544" total="9043968" percent="44">
    <mem type="nursery" free="1668248" total="2752512" percent="60">
      <mem type="allocate" free="1668248" total="1835008" percent="90" />
      <mem type="survivor" free="0" total="917504" percent="0" />
    </mem>
    <mem type="tenure" free="2312296" total="6291456" percent="36" micro-fragmented="90671" macro-fragmented="0">
      <mem type="soa" free="1997928" total="5977088" percent="33" />
      <mem type="loa" free="314368" total="314368" percent="100" />
    </mem>
    <pending-finalizers system="0" default="0" reference="165" classloader="0" />
    <remembered-set count="647" />
  </mem-info>
</gc-end>
<cycle-end id="652" type="global" contextid="644" timestamp="2019-08-02T22:31:07.115" />
  <attribute name="elasticGC enabled" value="1" />
  <attribute name= "numThreadsSpecified" value="0" />
  <attribute name="heapSize specified" value="0" />
  <attribute name= "numCores" value="8" />
  <attribute name ="GC Interval" value="600" />
  <attribute name ="Control flow" value="2" />
  <attribute name="GC Util Range Max" value="15" />
  <attribute name="Current GC Util" value="66" />
  <attribute name= "Current Time Running" value="6312" />
<allocation-satisfied id="653" threadId="0000000001E57A00" bytesRequested="16" />
<af-end id="654" timestamp="2019-08-02T22:31:07.115" threadId="0000000001E58388" success="true" from="tenure-soa"/>
<exclusive-end id="655" timestamp="2019-08-02T22:31:07.115" durationms="6.751" />

<exclusive-start id="656" timestamp="2019-08-02T22:31:07.132" intervalms="24.312">
  <response-info timems="0.075" idlems="0.075" threads="0" lastid="0000000001E57A00" lastname="main" />
</exclusive-start>
<af-start id="657" threadId="0000000001E58388" totalBytesRequested="32" timestamp="2019-08-02T22:31:07.133" intervalms="24.384" type="nursery" />
<cycle-start id="658" type="scavenge" contextid="0" timestamp="2019-08-02T22:31:07.133" intervalms="26.843" />
<gc-start id="659" type="scavenge" contextid="658" timestamp="2019-08-02T22:31:07.133">
  <mem-info id="660" free="2306512" total="9043968" percent="25">
    <mem type="nursery" free="0" total="2752512" percent="0">
      <mem type="allocate" free="0" total="1835008" percent="0" />
      <mem type="survivor" free="0" total="917504" percent="0" />
    </mem>
    <mem type="tenure" free="2306512" total="6291456" percent="36">
      <mem type="soa" free="1992144" total="5977088" percent="33" />
      <mem type="loa" free="314368" total="314368" percent="100" />
    </mem>
    <remembered-set count="880" />
  </mem-info>
</gc-start>
<allocation-stats totalBytes="1670120" >
  <allocated-bytes non-tlh="220048" tlh="1450072" />
  <largest-consumer threadName="main" threadId="0000000001E57A00" bytes="1658832" />
</allocation-stats>
<gc-op id="661" type="scavenge" timems="0.694" contextid="658" timestamp="2019-08-02T22:31:07.134">
  <scavenger-info tenureage="4" tenuremask="6010" tiltratio="66" />
  <memory-copied type="nursery" objects="9429" bytes="695400" bytesdiscarded="114232" />
  <ownableSynchronizers candidates="42" cleared="42" />
  <references type="soft" candidates="226" cleared="0" enqueued="0" dynamicThreshold="11" maxThreshold="32" />
  <references type="weak" candidates="384" cleared="6" enqueued="6" />
  <references type="phantom" candidates="1" cleared="0" enqueued="0" />
</gc-op>
<gc-end id="662" type="scavenge" contextid="658" durationms="1.080" usertimems="4.000" systemtimems="0.000" timestamp="2019-08-02T22:31:07.134" activeThreads="8">
  <mem-info id="663" free="3069584" total="9043968" percent="33">
    <mem type="nursery" free="763072" total="2752512" percent="27">
      <mem type="allocate" free="763072" total="1572864" percent="48" />
      <mem type="survivor" free="0" total="1179648" percent="0" />
    </mem>
    <mem type="tenure" free="2306512" total="6291456" percent="36">
      <mem type="soa" free="1992144" total="5977088" percent="33" />
      <mem type="loa" free="314368" total="314368" percent="100" />
    </mem>
    <pending-finalizers system="0" default="0" reference="6" classloader="0" />
    <remembered-set count="875" />
  </mem-info>
</gc-end>
<cycle-end id="664" type="scavenge" contextid="658" timestamp="2019-08-02T22:31:07.134" />
  <attribute name="elasticGC enabled" value="1" />
  <attribute name= "numThreadsSpecified" value="0" />
  <attribute name="heapSize specified" value="0" />
  <attribute name= "numCores" value="8" />
  <attribute name ="GC Interval" value="700" />
  <attribute name ="Control flow" value="3" />
  <attribute name="GC Util Range Max" value="15" />
  <attribute name="Current GC Util" value="23" />
  <attribute name= "Current Time Running" value="6331" />
<allocation-satisfied id="665" threadId="0000000001E57A00" bytesRequested="32" />
<af-end id="666" timestamp="2019-08-02T22:31:07.134" threadId="0000000001E58388" success="true" from="nursery"/>
<exclusive-end id="667" timestamp="2019-08-02T22:31:07.134" durationms="1.804" />

<exclusive-start id="668" timestamp="2019-08-02T22:31:07.136" intervalms="3.840">
  <response-info timems="0.043" idlems="0.043" threads="0" lastid="0000000001E57A00" lastname="main" />
</exclusive-start>
<af-start id="669" threadId="0000000001E58388" totalBytesRequested="48" timestamp="2019-08-02T22:31:07.136" intervalms="3.735" type="nursery" />
<cycle-start id="670" type="scavenge" contextid="0" timestamp="2019-08-02T22:31:07.136" intervalms="3.655" />
<gc-start id="671" type="scavenge" contextid="670" timestamp="2019-08-02T22:31:07.136">
  <mem-info id="672" free="2306512" total="9043968" percent="25">
    <mem type="nursery" free="0" total="2752512" percent="0">
      <mem type="allocate" free="0" total="1572864" percent="0" />
      <mem type="survivor" free="0" total="1179648" percent="0" />
    </mem>
    <mem type="tenure" free="2306512" total="6291456" percent="36">
      <mem type="soa" free="1992144" total="5977088" percent="33" />
      <mem type="loa" free="314368" total="314368" percent="100" />
    </mem>
    <remembered-set count="875" />
  </mem-info>
</gc-start>
<allocation-stats totalBytes="762872" >
  <allocated-bytes non-tlh="32" tlh="762840" />
  <largest-consumer threadName="main" threadId="0000000001E57A00" bytes="762872" />
</allocation-stats>
<gc-op id="673" type="scavenge" timems="0.592" contextid="670" timestamp="2019-08-02T22:31:07.137">
  <scavenger-info tenureage="12" tenuremask="7000" tiltratio="57" />
  <memory-copied type="nursery" objects="10760" bytes="744976" bytesdiscarded="101488" />
  <references type="soft" candidates="226" cleared="0" enqueued="0" dynamicThreshold="11" maxThreshold="32" />
  <references type="weak" candidates="378" cleared="0" enqueued="0" />
  <references type="phantom" candidates="1" cleared="0" enqueued="0" />
</gc-op>
<gc-end id="674" type="scavenge" contextid="670" durationms="0.767" usertimems="4.000" systemtimems="0.000" timestamp="2019-08-02T22:31:07.137" activeThreads="8">
  <mem-info id="675" free="3229376" total="9043968" percent="35">
    <mem type="nursery" free="922864" total="2752512" percent="33">
      <mem type="allocate" free="922864" total="1769472" percent="52" />
      <mem type="survivor" free="0" total="983040" percent="0" />
    </mem>
    <mem type="tenure" free="2306512" total="6291456" percent="36">
      <mem type="soa" free="1992144" total="5977088" percent="33" />
      <mem type="loa" free="314368" total="314368" percent="100" />
    </mem>
    <remembered-set count="414" />
  </mem-info>
</gc-end>
<cycle-end id="676" type="scavenge" contextid="670" timestamp="2019-08-02T22:31:07.137" />
  <attribute name="elasticGC enabled" value="1" />
  <attribute name= "numThreadsSpecified" value="0" />
  <attribute name="heapSize specified" value="0" />
  <attribute name= "numCores" value="8" />
  <attribute name ="GC Interval" value="700" />
  <attribute name ="Control flow" value="3" />
  <attribute name="GC Util Range Max" value="15" />
  <attribute name="Current GC Util" value="48" />
  <attribute name= "Current Time Running" value="6335" />
<allocation-satisfied id="677" threadId="0000000001E57A00" bytesRequested="48" />
<af-end id="678" timestamp="2019-08-02T22:31:07.137" threadId="0000000001E58388" success="true" from="nursery"/>
<exclusive-end id="679" timestamp="2019-08-02T22:31:07.137" durationms="1.179" />

<exclusive-start id="680" timestamp="2019-08-02T22:31:07.140" intervalms="3.930">
  <response-info timems="0.021" idlems="0.021" threads="0" lastid="0000000001E57A00" lastname="main" />
</exclusive-start>
<af-start id="681" threadId="0000000001E58388" totalBytesRequested="32" timestamp="2019-08-02T22:31:07.140" intervalms="3.928" type="nursery" />
<cycle-start id="682" type="scavenge" contextid="0" timestamp="2019-08-02T22:31:07.140" intervalms="3.928" />
<gc-start id="683" type="scavenge" contextid="682" timestamp="2019-08-02T22:31:07.140">
  <mem-info id="684" free="2306512" total="9043968" percent="25">
    <mem type="nursery" free="0" total="2752512" percent="0">
      <mem type="allocate" free="0" total="1769472" percent="0" />
      <mem type="survivor" free="0" total="983040" percent="0" />
    </mem>
    <mem type="tenure" free="2306512" total="6291456" percent="36">
      <mem type="soa" free="1992144" total="5977088" percent="33" />
      <mem type="loa" free="314368" total="314368" percent="100" />
    </mem>
    <remembered-set count="414" />
  </mem-info>
</gc-start>
<allocation-stats totalBytes="922608" >
  <allocated-bytes non-tlh="48" tlh="922560" />
  <largest-consumer threadName="main" threadId="0000000001E57A00" bytes="922608" />
</allocation-stats>
<gc-op id="685" type="scavenge" timems="0.677" contextid="682" timestamp="2019-08-02T22:31:07.141">
  <scavenger-info tenureage="2" tenuremask="780c" tiltratio="64" />
  <memory-copied type="nursery" objects="3551" bytes="130600" bytesdiscarded="165848" />
  <memory-copied type="tenure" objects="9316" bytes="691680" bytesdiscarded="1856" />
</gc-op>
<gc-end id="686" type="scavenge" contextid="682" durationms="0.862" usertimems="0.000" systemtimems="0.000" timestamp="2019-08-02T22:31:07.141" activeThreads="8">
  <mem-info id="687" free="2942688" total="9043968" percent="32">
    <mem type="nursery" free="1473024" total="2752512" percent="53">
      <mem type="allocate" free="1473024" total="1769472" percent="83" />
      <mem type="survivor" free="0" total="983040" percent="0" />
    </mem>
    <mem type="tenure" free="1469664" total="6291456" percent="23">
      <mem type="soa" free="1155296" total="5977088" percent="19" />
      <mem type="loa" free="314368" total="314368" percent="100" />
    </mem>
    <remembered-set count="392" />
  </mem-info>
</gc-end>
<cycle-end id="688" type="scavenge" contextid="682" timestamp="2019-08-02T22:31:07.141" />
  <attribute name="elasticGC enabled" value="1" />
  <attribute name= "numThreadsSpecified" value="0" />
  <attribute name="heapSize specified" value="0" />
  <attribute name= "numCores" value="8" />
  <attribute name ="GC Interval" value="700" />
  <attribute name ="Control flow" value="3" />
  <attribute name="GC Util Range Max" value="15" />
  <attribute name="Current GC Util" value="37" />
  <attribute name= "Current Time Running" value="6339" />
<allocation-satisfied id="689" threadId="0000000001E57A00" bytesRequested="32" />
<af-end id="690" timestamp="2019-08-02T22:31:07.141" threadId="0000000001E58388" success="true" from="nursery"/>
<exclusive-end id="691" timestamp="2019-08-02T22:31:07.141" durationms="1.268" />

<exclusive-start id="692" timestamp="2019-08-02T22:31:07.149" intervalms="8.768">
  <response-info timems="0.045" idlems="0.045" threads="0" lastid="0000000001E57A00" lastname="main" />
</exclusive-start>
<af-start id="693" threadId="0000000001E58388" totalBytesRequested="32" timestamp="2019-08-02T22:31:07.149" intervalms="8.796" type="nursery" />
<cycle-start id="694" type="scavenge" contextid="0" timestamp="2019-08-02T22:31:07.149" intervalms="8.823" />
<gc-start id="695" type="scavenge" contextid="694" timestamp="2019-08-02T22:31:07.149">
  <mem-info id="696" free="1467320" total="9043968" percent="16">
    <mem type="nursery" free="0" total="2752512" percent="0">
      <mem type="allocate" free="0" total="1769472" percent="0" />
      <mem type="survivor" free="0" total="983040" percent="0" />
    </mem>
    <mem type="tenure" free="1467320" total="6291456" percent="23">
      <mem type="soa" free="1152952" total="5977088" percent="19" />
      <mem type="loa" free="314368" total="314368" percent="100" />
    </mem>
    <remembered-set count="627" />
  </mem-info>
</gc-start>
<allocation-stats totalBytes="1475136" >
  <allocated-bytes non-tlh="2376" tlh="1472760" />
  <largest-consumer threadName="main" threadId="0000000001E57A00" bytes="1475136" />
</allocation-stats>
<gc-op id="697" type="scavenge" timems="0.703" contextid="694" timestamp="2019-08-02T22:31:07.150">
  <scavenger-info tenureage="5" tenuremask="ffe0" tiltratio="64" />
  <memory-copied type="nursery" objects="5580" bytes="208040" bytesdiscarded="30024" />
  <references type="weak" candidates="18" cleared="0" enqueued="0" />
</gc-op>
<gc-end id="698" type="scavenge" contextid="694" durationms="0.922" usertimems="0.000" systemtimems="0.000" timestamp="2019-08-02T22:31:07.150" activeThreads="8">
  <mem-info id="699" free="3129784" total="9043968" percent="34">
    <mem type="nursery" free="1662464" total="2752512" percent="60">
      <mem type="allocate" free="1662464" total="1900544" percent="87" />
      <mem type="survivor" free="0" total="851968" percent="0" />
    </mem>
    <mem type="tenure" free="1467320" total="6291456" percent="23">
      <mem type="soa" free="1152952" total="5977088" percent="19" />
      <mem type="loa" free="314368" total="314368" percent="100" />
    </mem>
    <remembered-set count="620" />
  </mem-info>
</gc-end>
<cycle-end id="700" type="scavenge" contextid="694" timestamp="2019-08-02T22:31:07.150" />
  <attribute name="elasticGC enabled" value="1" />
  <attribute name= "numThreadsSpecified" value="0" />
  <attribute name="heapSize specified" value="0" />
  <attribute name= "numCores" value="8" />
  <attribute name ="GC Interval" value="800" />
  <attribute name ="Control flow" value="2" />
  <attribute name="GC Util Range Max" value="15" />
  <attribute name="Current GC Util" value="20" />
  <attribute name= "Current Time Running" value="6348" />
<allocation-satisfied id="701" threadId="0000000001E57A00" bytesRequested="32" />
<af-end id="702" timestamp="2019-08-02T22:31:07.150" threadId="0000000001E58388" success="true" from="nursery"/>
<exclusive-end id="703" timestamp="2019-08-02T22:31:07.150" durationms="1.515" />

<exclusive-start id="704" timestamp="2019-08-02T22:31:07.154" intervalms="5.401">
  <response-info timems="0.046" idlems="0.046" threads="0" lastid="0000000001E57A00" lastname="main" />
</exclusive-start>
<af-start id="705" threadId="0000000001E58388" totalBytesRequested="32" timestamp="2019-08-02T22:31:07.154" intervalms="5.453" type="nursery" />
<cycle-start id="706" type="scavenge" contextid="0" timestamp="2019-08-02T22:31:07.155" intervalms="5.505" />
<gc-start id="707" type="scavenge" contextid="706" timestamp="2019-08-02T22:31:07.155">
  <mem-info id="708" free="1467320" total="9043968" percent="16">
    <mem type="nursery" free="0" total="2752512" percent="0">
      <mem type="allocate" free="0" total="1900544" percent="0" />
      <mem type="survivor" free="0" total="851968" percent="0" />
    </mem>
    <mem type="tenure" free="1467320" total="6291456" percent="23">
      <mem type="soa" free="1152952" total="5977088" percent="19" />
      <mem type="loa" free="314368" total="314368" percent="100" />
    </mem>
    <remembered-set count="849" />
  </mem-info>
</gc-start>
<allocation-stats totalBytes="1662144" >
  <allocated-bytes non-tlh="32" tlh="1662112" />
  <largest-consumer threadName="main" threadId="0000000001E57A00" bytes="1662144" />
</allocation-stats>
<gc-op id="709" type="scavenge" timems="0.648" contextid="706" timestamp="2019-08-02T22:31:07.156">
  <scavenger-info tenureage="3" tenuremask="fff8" tiltratio="69" />
  <memory-copied type="nursery" objects="6953" bytes="257264" bytesdiscarded="76040" />
  <memory-copied type="tenure" objects="1325" bytes="49424" bytesdiscarded="128" />
  <references type="weak" candidates="18" cleared="0" enqueued="0" />
</gc-op>
<gc-end id="710" type="scavenge" contextid="706" durationms="0.953" usertimems="4.000" systemtimems="0.000" timestamp="2019-08-02T22:31:07.156" activeThreads="8">
  <mem-info id="711" free="3115480" total="9043968" percent="34">
    <mem type="nursery" free="1698304" total="2752512" percent="61">
      <mem type="allocate" free="1698304" total="2031616" percent="83" />
      <mem type="survivor" free="0" total="720896" percent="0" />
    </mem>
    <mem type="tenure" free="1417176" total="6291456" percent="22">
      <mem type="soa" free="1102808" total="5977088" percent="18" />
      <mem type="loa" free="314368" total="314368" percent="100" />
    </mem>
    <remembered-set count="741" />
  </mem-info>
</gc-end>
<cycle-end id="712" type="scavenge" contextid="706" timestamp="2019-08-02T22:31:07.156" />
  <attribute name="elasticGC enabled" value="1" />
  <attribute name= "numThreadsSpecified" value="0" />
  <attribute name="heapSize specified" value="0" />
  <attribute name= "numCores" value="8" />
  <attribute name ="GC Interval" value="900" />
  <attribute name ="Control flow" value="3" />
  <attribute name="GC Util Range Max" value="15" />
  <attribute name="Current GC Util" value="25" />
  <attribute name= "Current Time Running" value="6353" />
<allocation-satisfied id="713" threadId="0000000001E57A00" bytesRequested="32" />
<af-end id="714" timestamp="2019-08-02T22:31:07.156" threadId="0000000001E58388" success="true" from="nursery"/>
<exclusive-end id="715" timestamp="2019-08-02T22:31:07.156" durationms="1.644" />

<exclusive-start id="716" timestamp="2019-08-02T22:31:07.168" intervalms="13.689">
  <response-info timems="0.108" idlems="0.108" threads="0" lastid="0000000001E57A00" lastname="main" />
</exclusive-start>
<af-start id="717" threadId="0000000001E58388" totalBytesRequested="64" timestamp="2019-08-02T22:31:07.168" intervalms="13.699" type="nursery" />
<cycle-start id="718" type="scavenge" contextid="0" timestamp="2019-08-02T22:31:07.168" intervalms="13.664" />
<gc-start id="719" type="scavenge" contextid="718" timestamp="2019-08-02T22:31:07.168">
  <mem-info id="720" free="1416968" total="9043968" percent="15">
    <mem type="nursery" free="0" total="2752512" percent="0">
      <mem type="allocate" free="0" total="2031616" percent="0" />
      <mem type="survivor" free="0" total="720896" percent="0" />
    </mem>
    <mem type="tenure" free="1416968" total="6291456" percent="22">
      <mem type="soa" free="1102600" total="5977088" percent="18" />
      <mem type="loa" free="314368" total="314368" percent="100" />
    </mem>
    <remembered-set count="860" />
  </mem-info>
</gc-start>
<allocation-stats totalBytes="1698024" >
  <allocated-bytes non-tlh="240" tlh="1697784" />
  <largest-consumer threadName="main" threadId="0000000001E57A00" bytes="1698024" />
</allocation-stats>
<gc-op id="721" type="scavenge" timems="0.645" contextid="718" timestamp="2019-08-02T22:31:07.169">
  <scavenger-info tenureage="3" tenuremask="7008" tiltratio="73" />
  <memory-copied type="nursery" objects="9772" bytes="421472" bytesdiscarded="66968" />
  <memory-copied type="tenure" objects="1945" bytes="72928" bytesdiscarded="152" />
  <references type="weak" candidates="18" cleared="0" enqueued="0" />
</gc-op>
<gc-end id="722" type="scavenge" contextid="718" durationms="0.833" usertimems="4.000" systemtimems="0.000" timestamp="2019-08-02T22:31:07.169" activeThreads="8">
  <mem-info id="723" free="2893720" total="9043968" percent="31">
    <mem type="nursery" free="1543168" total="2752512" percent="56">
      <mem type="allocate" free="1543168" total="2031616" percent="75" />
      <mem type="survivor" free="0" total="720896" percent="0" />
    </mem>
    <mem type="tenure" free="1350552" total="6291456" percent="21">
      <mem type="soa" free="1036184" total="5977088" percent="17" />
      <mem type="loa" free="314368" total="314368" percent="100" />
    </mem>
    <remembered-set count="714" />
  </mem-info>
</gc-end>
<cycle-end id="724" type="scavenge" contextid="718" timestamp="2019-08-02T22:31:07.169" />
  <attribute name="elasticGC enabled" value="1" />
  <attribute name= "numThreadsSpecified" value="0" />
  <attribute name="heapSize specified" value="0" />
  <attribute name= "numCores" value="8" />
  <attribute name ="GC Interval" value="900" />
  <attribute name ="Control flow" value="3" />
  <attribute name="GC Util Range Max" value="15" />
  <attribute name="Current GC Util" value="8" />
  <attribute name= "Current Time Running" value="6367" />
<allocation-satisfied id="725" threadId="0000000001E57A00" bytesRequested="64" />
<af-end id="726" timestamp="2019-08-02T22:31:07.169" threadId="0000000001E58388" success="true" from="nursery"/>
<exclusive-end id="727" timestamp="2019-08-02T22:31:07.169" durationms="1.438" />

<exclusive-start id="728" timestamp="2019-08-02T22:31:07.181" intervalms="13.402">
  <response-info timems="0.025" idlems="0.025" threads="0" lastid="0000000001E57A00" lastname="main" />
</exclusive-start>
<af-start id="729" threadId="0000000001E58388" totalBytesRequested="48" timestamp="2019-08-02T22:31:07.182" intervalms="13.338" type="nursery" />
<cycle-start id="730" type="scavenge" contextid="0" timestamp="2019-08-02T22:31:07.182" intervalms="13.300" />
<gc-start id="731" type="scavenge" contextid="730" timestamp="2019-08-02T22:31:07.182">
  <mem-info id="732" free="1340056" total="9043968" percent="14">
    <mem type="nursery" free="0" total="2752512" percent="0">
      <mem type="allocate" free="0" total="2031616" percent="0" />
      <mem type="survivor" free="0" total="720896" percent="0" />
    </mem>
    <mem type="tenure" free="1340056" total="6291456" percent="21">
      <mem type="soa" free="1025688" total="5977088" percent="17" />
      <mem type="loa" free="314368" total="314368" percent="100" />
    </mem>
    <remembered-set count="819" />
  </mem-info>
</gc-start>
<allocation-stats totalBytes="1553224" >
  <allocated-bytes non-tlh="210568" tlh="1342656" />
  <largest-consumer threadName="main" threadId="0000000001E57A00" bytes="1553224" />
</allocation-stats>
<gc-op id="733" type="scavenge" timems="0.592" contextid="730" timestamp="2019-08-02T22:31:07.182">
  <scavenger-info tenureage="12" tenuremask="7000" tiltratio="73" />
  <memory-copied type="nursery" objects="6933" bytes="535032" bytesdiscarded="61872" />
  <references type="soft" candidates="1" cleared="0" enqueued="0" dynamicThreshold="11" maxThreshold="32" />
  <references type="weak" candidates="20" cleared="0" enqueued="0" />
  <references type="phantom" candidates="1" cleared="0" enqueued="0" />
</gc-op>
<gc-end id="734" type="scavenge" contextid="730" durationms="0.777" usertimems="0.000" systemtimems="0.000" timestamp="2019-08-02T22:31:07.182" activeThreads="8">
  <mem-info id="735" free="2709168" total="9043968" percent="29">
    <mem type="nursery" free="1369112" total="2752512" percent="49">
      <mem type="allocate" free="1369112" total="1966080" percent="69" />
      <mem type="survivor" free="0" total="786432" percent="0" />
    </mem>
    <mem type="tenure" free="1340056" total="6291456" percent="21">
      <mem type="soa" free="1025688" total="5977088" percent="17" />
      <mem type="loa" free="314368" total="314368" percent="100" />
    </mem>
    <remembered-set count="813" />
  </mem-info>
</gc-end>
<cycle-end id="736" type="scavenge" contextid="730" timestamp="2019-08-02T22:31:07.183" />
  <attribute name="elasticGC enabled" value="1" />
  <attribute name= "numThreadsSpecified" value="0" />
  <attribute name="heapSize specified" value="0" />
  <attribute name= "numCores" value="8" />
  <attribute name ="GC Interval" value="900" />
  <attribute name ="Control flow" value="2" />
  <attribute name="GC Util Range Max" value="15" />
  <attribute name="Current GC Util" value="11" />
  <attribute name= "Current Time Running" value="6380" />
<allocation-satisfied id="737" threadId="0000000001E57A00" bytesRequested="48" />
<af-end id="738" timestamp="2019-08-02T22:31:07.183" threadId="0000000001E58388" success="true" from="nursery"/>
<exclusive-end id="739" timestamp="2019-08-02T22:31:07.183" durationms="1.230" />

<exclusive-start id="740" timestamp="2019-08-02T22:31:07.200" intervalms="18.870">
  <response-info timems="0.033" idlems="0.033" threads="0" lastid="0000000001E57A00" lastname="main" />
</exclusive-start>
<af-start id="741" threadId="0000000001E58388" totalBytesRequested="1168" timestamp="2019-08-02T22:31:07.200" intervalms="18.868" type="nursery" />
<cycle-start id="742" type="scavenge" contextid="0" timestamp="2019-08-02T22:31:07.200" intervalms="18.865" />
<gc-start id="743" type="scavenge" contextid="742" timestamp="2019-08-02T22:31:07.201">
  <mem-info id="744" free="1330520" total="9043968" percent="14">
    <mem type="nursery" free="0" total="2752512" percent="0">
      <mem type="allocate" free="0" total="1966080" percent="0" />
      <mem type="survivor" free="0" total="786432" percent="0" />
    </mem>
    <mem type="tenure" free="1330520" total="6291456" percent="21">
      <mem type="soa" free="1016152" total="5977088" percent="17" />
      <mem type="loa" free="314368" total="314368" percent="100" />
    </mem>
    <remembered-set count="1009" />
  </mem-info>
</gc-start>
<allocation-stats totalBytes="1376640" >
  <allocated-bytes non-tlh="9584" tlh="1367056" />
  <largest-consumer threadName="main" threadId="0000000001E57A00" bytes="1376640" />
</allocation-stats>
<gc-op id="745" type="scavenge" timems="0.593" contextid="742" timestamp="2019-08-02T22:31:07.201">
  <scavenger-info tenureage="3" tenuremask="7018" tiltratio="71" />
  <memory-copied type="nursery" objects="2583" bytes="126880" bytesdiscarded="46864" />
  <memory-copied type="tenure" objects="4441" bytes="169776" bytesdiscarded="384" />
  <references type="soft" candidates="83" cleared="0" enqueued="0" dynamicThreshold="11" maxThreshold="32" />
  <references type="weak" candidates="71" cleared="4" enqueued="4" />
  <references type="phantom" candidates="1" cleared="0" enqueued="0" />
</gc-op>
<gc-end id="746" type="scavenge" contextid="742" durationms="0.799" usertimems="0.000" systemtimems="0.000" timestamp="2019-08-02T22:31:07.201" activeThreads="8">
  <mem-info id="747" free="2960928" total="9043968" percent="32">
    <mem type="nursery" free="1857704" total="2752512" percent="67">
      <mem type="allocate" free="1857704" total="2031616" percent="91" />
      <mem type="survivor" free="0" total="720896" percent="0" />
    </mem>
    <mem type="tenure" free="1103224" total="6291456" percent="17">
      <mem type="soa" free="788856" total="5977088" percent="13" />
      <mem type="loa" free="314368" total="314368" percent="100" />
    </mem>
    <pending-finalizers system="0" default="0" reference="4" classloader="0" />
    <remembered-set count="650" />
  </mem-info>
</gc-end>
<cycle-end id="748" type="scavenge" contextid="742" timestamp="2019-08-02T22:31:07.201" />
  <attribute name="elasticGC enabled" value="1" />
  <attribute name= "numThreadsSpecified" value="0" />
  <attribute name="heapSize specified" value="0" />
  <attribute name= "numCores" value="8" />
  <attribute name ="GC Interval" value="900" />
  <attribute name ="Control flow" value="3" />
  <attribute name="GC Util Range Max" value="15" />
  <attribute name="Current GC Util" value="6" />
  <attribute name= "Current Time Running" value="6399" />
<allocation-satisfied id="749" threadId="0000000001E57A00" bytesRequested="1168" />
<af-end id="750" timestamp="2019-08-02T22:31:07.202" threadId="0000000001E58388" success="true" from="nursery"/>
<exclusive-end id="751" timestamp="2019-08-02T22:31:07.202" durationms="1.265" />

<exclusive-start id="752" timestamp="2019-08-02T22:31:07.240" intervalms="39.380">
  <response-info timems="0.026" idlems="0.026" threads="0" lastid="0000000001E57A00" lastname="main" />
</exclusive-start>
<sys-start reason="explicit" id="753" timestamp="2019-08-02T22:31:07.240" intervalms="6695.041" />
<cycle-start id="754" type="global" contextid="0" timestamp="2019-08-02T22:31:07.240" intervalms="131.369" />
<gc-start id="755" type="global" contextid="754" timestamp="2019-08-02T22:31:07.240">
  <mem-info id="756" free="1574800" total="9043968" percent="17">
    <mem type="nursery" free="485072" total="2752512" percent="17">
      <mem type="allocate" free="485072" total="2031616" percent="23" />
      <mem type="survivor" free="0" total="720896" percent="0" />
    </mem>
    <mem type="tenure" free="1089728" total="6291456" percent="17">
      <mem type="soa" free="775360" total="5977088" percent="12" />
      <mem type="loa" free="314368" total="314368" percent="100" />
    </mem>
    <remembered-set count="957" />
  </mem-info>
</gc-start>
<allocation-stats totalBytes="1379352" >
  <allocated-bytes non-tlh="214672" tlh="1164680" />
  <largest-consumer threadName="main" threadId="0000000001E57A00" bytes="1379352" />
</allocation-stats>
<gc-op id="757" type="mark" timems="3.131" contextid="754" timestamp="2019-08-02T22:31:07.246">
  <trace-info objectcount="74528" scancount="62270" scanbytes="2120964" />
  <finalization candidates="80" enqueued="0" />
  <ownableSynchronizers candidates="21" cleared="0" />
  <references type="soft" candidates="1642" cleared="0" enqueued="0" dynamicThreshold="11" maxThreshold="32" />
  <references type="weak" candidates="4415" cleared="44" enqueued="34" />
  <references type="phantom" candidates="73" cleared="2" enqueued="2" />
  <stringconstants candidates="8681" cleared="15"  />
</gc-op>
<gc-op id="758" type="classunload" timems="0.392" contextid="754" timestamp="2019-08-02T22:31:07.246">
  <classunload-info classloadercandidates="17" classloadersunloaded="1" classesunloaded="1" anonymousclassesunloaded="0" quiescems="2.767" setupms="0.384" scanms="0.006" postms="0.002" />
</gc-op>
<gc-op id="759" type="sweep" timems="0.213" contextid="754" timestamp="2019-08-02T22:31:07.247" />
<mem-info id="760" free="3862648" total="9043968" percent="42">
  <mem type="nursery" free="1761064" total="2752512" percent="63">
    <mem type="allocate" free="1761064" total="2031616" percent="86" />
    <mem type="survivor" free="0" total="720896" percent="0" />
  </mem>
  <mem type="tenure" free="2101584" total="6291456" percent="33" micro-fragmented="48283" macro-fragmented="0">
    <mem type="soa" free="1787216" total="5977088" percent="29" />
    <mem type="loa" free="314368" total="314368" percent="100" />
  </mem>
  <pending-finalizers system="0" default="0" reference="36" classloader="0" />
  <remembered-set count="667" />
</mem-info>
<gc-op id="761" type="compact" timems="16.370" contextid="754" timestamp="2019-08-02T22:31:07.263">
  <compact-info movecount="70513" movebytes="4098184" reason="no compaction" />
</gc-op>
<gc-end id="762" type="global" contextid="754" durationms="23.862" usertimems="32.000" systemtimems="0.000" timestamp="2019-08-02T22:31:07.264" activeThreads="8">
  <mem-info id="763" free="4049424" total="9043968" percent="44">
    <mem type="nursery" free="1848424" total="2752512" percent="67">
      <mem type="allocate" free="1848424" total="2031616" percent="90" />
      <mem type="survivor" free="0" total="720896" percent="0" />
    </mem>
    <mem type="tenure" free="2201000" total="6291456" percent="34">
      <mem type="soa" free="1886632" total="5977088" percent="31" />
      <mem type="loa" free="314368" total="314368" percent="100" />
    </mem>
    <pending-finalizers system="0" default="0" reference="36" classloader="0" />
    <remembered-set count="667" />
  </mem-info>
</gc-end>
<cycle-end id="764" type="global" contextid="754" timestamp="2019-08-02T22:31:07.264" />
  <attribute name="elasticGC enabled" value="1" />
  <attribute name= "numThreadsSpecified" value="0" />
  <attribute name="heapSize specified" value="9043968" />
  <attribute name= "numCores" value="8" />
  <attribute name ="GC Interval" value="900" />
  <attribute name ="Control flow" value="2" />
  <attribute name="GC Util Range Max" value="15" />
  <attribute name="Current GC Util" value="35" />
  <attribute name= "Current Time Running" value="6462" />
<sys-end id="765" timestamp="2019-08-02T22:31:07.264" />
<exclusive-end id="766" timestamp="2019-08-02T22:31:07.264" durationms="24.364" />

<exclusive-start id="767" timestamp="2019-08-02T22:31:07.314" intervalms="74.173">
  <response-info timems="0.097" idlems="0.097" threads="0" lastid="0000000001E57A00" lastname="main" />
</exclusive-start>
<af-start id="768" threadId="0000000001E58388" totalBytesRequested="24" timestamp="2019-08-02T22:31:07.315" intervalms="114.155" type="nursery" />
<cycle-start id="769" type="scavenge" contextid="0" timestamp="2019-08-02T22:31:07.315" intervalms="114.225" />
<gc-start id="770" type="scavenge" contextid="769" timestamp="2019-08-02T22:31:07.315">
  <mem-info id="771" free="2199264" total="9043968" percent="24">
    <mem type="nursery" free="0" total="2752512" percent="0">
      <mem type="allocate" free="0" total="2031616" percent="0" />
      <mem type="survivor" free="0" total="720896" percent="0" />
    </mem>
    <mem type="tenure" free="2199264" total="6291456" percent="34">
      <mem type="soa" free="1884896" total="5977088" percent="31" />
      <mem type="loa" free="314368" total="314368" percent="100" />
    </mem>
    <remembered-set count="734" />
  </mem-info>
</gc-start>
<allocation-stats totalBytes="1849896" >
  <allocated-bytes non-tlh="463896" tlh="1386000" />
  <largest-consumer threadName="main" threadId="0000000001E57A00" bytes="1841704" />
</allocation-stats>
<gc-op id="772" type="scavenge" timems="0.761" contextid="769" timestamp="2019-08-02T22:31:07.316">
  <scavenger-info tenureage="13" tenuremask="6000" tiltratio="73" />
  <memory-copied type="nursery" objects="5496" bytes="513552" bytesdiscarded="89080" />
  <ownableSynchronizers candidates="42" cleared="42" />
  <references type="soft" candidates="353" cleared="0" enqueued="0" dynamicThreshold="11" maxThreshold="32" />
  <references type="weak" candidates="273" cleared="7" enqueued="7" />
  <references type="phantom" candidates="5" cleared="2" enqueued="2" />
</gc-op>
<gc-end id="773" type="scavenge" contextid="769" durationms="1.048" usertimems="0.000" systemtimems="0.000" timestamp="2019-08-02T22:31:07.316" activeThreads="8">
  <mem-info id="774" free="3365832" total="9043968" percent="37">
    <mem type="nursery" free="1166568" total="2752512" percent="42">
      <mem type="allocate" free="1166568" total="1769472" percent="65" />
      <mem type="survivor" free="0" total="983040" percent="0" />
    </mem>
    <mem type="tenure" free="2199264" total="6291456" percent="34">
      <mem type="soa" free="1884896" total="5977088" percent="31" />
      <mem type="loa" free="314368" total="314368" percent="100" />
    </mem>
    <pending-finalizers system="0" default="0" reference="9" classloader="0" />
    <remembered-set count="613" />
  </mem-info>
</gc-end>
<cycle-end id="775" type="scavenge" contextid="769" timestamp="2019-08-02T22:31:07.316" />
  <attribute name="elasticGC enabled" value="1" />
  <attribute name= "numThreadsSpecified" value="0" />
  <attribute name="heapSize specified" value="9043968" />
  <attribute name= "numCores" value="8" />
  <attribute name ="GC Interval" value="1000" />
  <attribute name ="Control flow" value="3" />
  <attribute name="GC Util Range Max" value="15" />
  <attribute name="Current GC Util" value="36" />
  <attribute name= "Current Time Running" value="6513" />
<allocation-satisfied id="776" threadId="0000000001E57A00" bytesRequested="24" />
<af-end id="777" timestamp="2019-08-02T22:31:07.316" threadId="0000000001E58388" success="true" from="nursery"/>
<exclusive-end id="778" timestamp="2019-08-02T22:31:07.316" durationms="2.406" />

<exclusive-start id="779" timestamp="2019-08-02T22:31:07.349" intervalms="35.553">
  <response-info timems="0.101" idlems="0.101" threads="0" lastid="0000000001E57A00" lastname="main" />
</exclusive-start>
<af-start id="780" threadId="0000000001E58388" totalBytesRequested="24" timestamp="2019-08-02T22:31:07.350" intervalms="35.019" type="nursery" />
<cycle-start id="781" type="scavenge" contextid="0" timestamp="2019-08-02T22:31:07.350" intervalms="34.991" />
<gc-start id="782" type="scavenge" contextid="781" timestamp="2019-08-02T22:31:07.350">
  <mem-info id="783" free="2199264" total="9043968" percent="24">
    <mem type="nursery" free="0" total="2752512" percent="0">
      <mem type="allocate" free="0" total="1769472" percent="0" />
      <mem type="survivor" free="0" total="983040" percent="0" />
    </mem>
    <mem type="tenure" free="2199264" total="6291456" percent="34">
      <mem type="soa" free="1884896" total="5977088" percent="31" />
      <mem type="loa" free="314368" total="314368" percent="100" />
    </mem>
    <remembered-set count="617" />
  </mem-info>
</gc-start>
<allocation-stats totalBytes="1166472" >
  <allocated-bytes non-tlh="24" tlh="1166448" />
  <largest-consumer threadName="main" threadId="0000000001E57A00" bytes="1162376" />
</allocation-stats>
<gc-op id="784" type="scavenge" timems="0.722" contextid="781" timestamp="2019-08-02T22:31:07.351">
  <scavenger-info tenureage="13" tenuremask="6000" tiltratio="64" />
  <memory-copied type="nursery" objects="5477" bytes="512952" bytesdiscarded="89680" />
  <references type="soft" candidates="353" cleared="0" enqueued="0" dynamicThreshold="11" maxThreshold="32" />
  <references type="weak" candidates="265" cleared="0" enqueued="0" />
  <references type="phantom" candidates="3" cleared="0" enqueued="0" />
</gc-op>
<gc-end id="785" type="scavenge" contextid="781" durationms="0.995" usertimems="4.000" systemtimems="0.000" timestamp="2019-08-02T22:31:07.351" activeThreads="8">
  <mem-info id="786" free="3627976" total="9043968" percent="40">
    <mem type="nursery" free="1428712" total="2752512" percent="51">
      <mem type="allocate" free="1428712" total="2031616" percent="70" />
      <mem type="survivor" free="0" total="720896" percent="0" />
    </mem>
    <mem type="tenure" free="2199264" total="6291456" percent="34">
      <mem type="soa" free="1884896" total="5977088" percent="31" />
      <mem type="loa" free="314368" total="314368" percent="100" />
    </mem>
    <remembered-set count="450" />
  </mem-info>
</gc-end>
<cycle-end id="787" type="scavenge" contextid="781" timestamp="2019-08-02T22:31:07.351" />
  <attribute name="elasticGC enabled" value="1" />
  <attribute name= "numThreadsSpecified" value="0" />
  <attribute name="heapSize specified" value="9043968" />
  <attribute name= "numCores" value="8" />
  <attribute name ="GC Interval" value="900" />
  <attribute name ="Control flow" value="2" />
  <attribute name="GC Util Range Max" value="15" />
  <attribute name="Current GC Util" value="4" />
  <attribute name= "Current Time Running" value="6548" />
<allocation-satisfied id="788" threadId="0000000001E57A00" bytesRequested="24" />
<af-end id="789" timestamp="2019-08-02T22:31:07.351" threadId="0000000001E58388" success="true" from="nursery"/>
<exclusive-end id="790" timestamp="2019-08-02T22:31:07.351" durationms="1.635" />

<exclusive-start id="791" timestamp="2019-08-02T22:31:07.382" intervalms="32.342">
  <response-info timems="0.078" idlems="0.078" threads="0" lastid="0000000001E57A00" lastname="main" />
</exclusive-start>
<af-start id="792" threadId="0000000001E58388" totalBytesRequested="24" timestamp="2019-08-02T22:31:07.382" intervalms="32.343" type="nursery" />
<cycle-start id="793" type="scavenge" contextid="0" timestamp="2019-08-02T22:31:07.382" intervalms="32.355" />
<gc-start id="794" type="scavenge" contextid="793" timestamp="2019-08-02T22:31:07.382">
  <mem-info id="795" free="2199264" total="9043968" percent="24">
    <mem type="nursery" free="0" total="2752512" percent="0">
      <mem type="allocate" free="0" total="2031616" percent="0" />
      <mem type="survivor" free="0" total="720896" percent="0" />
    </mem>
    <mem type="tenure" free="2199264" total="6291456" percent="34">
      <mem type="soa" free="1884896" total="5977088" percent="31" />
      <mem type="loa" free="314368" total="314368" percent="100" />
    </mem>
    <remembered-set count="450" />
  </mem-info>
</gc-start>
<allocation-stats totalBytes="1428584" >
  <allocated-bytes non-tlh="24" tlh="1428560" />
  <largest-consumer threadName="main" threadId="0000000001E57A00" bytes="1428584" />
</allocation-stats>
<gc-op id="796" type="scavenge" timems="0.827" contextid="793" timestamp="2019-08-02T22:31:07.383">
  <scavenger-info tenureage="3" tenuremask="6008" tiltratio="73" />
  <memory-copied type="nursery" objects="4169" bytes="465656" bytesdiscarded="113232" />
  <memory-copied type="tenure" objects="1308" bytes="47296" bytesdiscarded="16" />
  <references type="soft" candidates="271" cleared="0" enqueued="0" dynamicThreshold="11" maxThreshold="32" />
  <references type="weak" candidates="203" cleared="0" enqueued="0" />
  <references type="phantom" candidates="3" cleared="0" enqueued="0" />
</gc-op>
<gc-end id="797" type="scavenge" contextid="793" durationms="1.174" usertimems="0.000" systemtimems="0.000" timestamp="2019-08-02T22:31:07.383" activeThreads="8">
  <mem-info id="798" free="3552200" total="9043968" percent="39">
    <mem type="nursery" free="1518056" total="2752512" percent="55">
      <mem type="allocate" free="1518056" total="2097152" percent="72" />
      <mem type="survivor" free="0" total="655360" percent="0" />
    </mem>
    <mem type="tenure" free="2034144" total="6291456" percent="32">
      <mem type="soa" free="1719776" total="5977088" percent="28" />
      <mem type="loa" free="314368" total="314368" percent="100" />
    </mem>
    <remembered-set count="273" />
  </mem-info>
</gc-end>
<cycle-end id="799" type="scavenge" contextid="793" timestamp="2019-08-02T22:31:07.383" />
  <attribute name="elasticGC enabled" value="1" />
  <attribute name= "numThreadsSpecified" value="0" />
  <attribute name="heapSize specified" value="9043968" />
  <attribute name= "numCores" value="8" />
  <attribute name ="GC Interval" value="800" />
  <attribute name ="Control flow" value="3" />
  <attribute name="GC Util Range Max" value="15" />
  <attribute name="Current GC Util" value="4" />
  <attribute name= "Current Time Running" value="6581" />
<allocation-satisfied id="800" threadId="0000000001E57A00" bytesRequested="24" />
<af-end id="801" timestamp="2019-08-02T22:31:07.384" threadId="0000000001E58388" success="true" from="nursery"/>
<exclusive-end id="802" timestamp="2019-08-02T22:31:07.384" durationms="1.927" />

<exclusive-start id="803" timestamp="2019-08-02T22:31:07.415" intervalms="33.190">
  <response-info timems="0.057" idlems="0.057" threads="0" lastid="0000000001E57A00" lastname="main" />
</exclusive-start>
<af-start id="804" threadId="0000000001E58388" totalBytesRequested="24" timestamp="2019-08-02T22:31:07.415" intervalms="33.250" type="nursery" />
<cycle-start id="805" type="scavenge" contextid="0" timestamp="2019-08-02T22:31:07.415" intervalms="33.302" />
<gc-start id="806" type="scavenge" contextid="805" timestamp="2019-08-02T22:31:07.416">
  <mem-info id="807" free="2034144" total="9043968" percent="22">
    <mem type="nursery" free="0" total="2752512" percent="0">
      <mem type="allocate" free="0" total="2097152" percent="0" />
      <mem type="survivor" free="0" total="655360" percent="0" />
    </mem>
    <mem type="tenure" free="2034144" total="6291456" percent="32">
      <mem type="soa" free="1719776" total="5977088" percent="28" />
      <mem type="loa" free="314368" total="314368" percent="100" />
    </mem>
    <remembered-set count="273" />
  </mem-info>
</gc-start>
<allocation-stats totalBytes="1517912" >
  <allocated-bytes non-tlh="24" tlh="1517888" />
  <largest-consumer threadName="main" threadId="0000000001E57A00" bytes="1517912" />
</allocation-stats>
<gc-op id="808" type="scavenge" timems="0.509" contextid="805" timestamp="2019-08-02T22:31:07.416">
  <scavenger-info tenureage="3" tenuremask="6008" tiltratio="76" />
  <memory-copied type="nursery" objects="372" bytes="44368" bytesdiscarded="57752" />
  <memory-copied type="tenure" objects="3796" bytes="421264" bytesdiscarded="72" />
  <references type="soft" candidates="1" cleared="0" enqueued="0" dynamicThreshold="11" maxThreshold="32" />
  <references type="weak" candidates="2" cleared="0" enqueued="0" />
</gc-op>
<gc-end id="809" type="scavenge" contextid="805" durationms="1.009" usertimems="0.000" systemtimems="0.000" timestamp="2019-08-02T22:31:07.417" activeThreads="8">
  <mem-info id="810" free="3553744" total="9043968" percent="39">
    <mem type="nursery" free="1995008" total="2752512" percent="72">
      <mem type="allocate" free="1995008" total="2097152" percent="95" />
      <mem type="survivor" free="0" total="655360" percent="0" />
    </mem>
    <mem type="tenure" free="1558736" total="6291456" percent="24">
      <mem type="soa" free="1244368" total="5977088" percent="20" />
      <mem type="loa" free="314368" total="314368" percent="100" />
    </mem>
    <remembered-set count="141" />
  </mem-info>
</gc-end>
<cycle-end id="811" type="scavenge" contextid="805" timestamp="2019-08-02T22:31:07.417" />
  <attribute name="elasticGC enabled" value="1" />
  <attribute name= "numThreadsSpecified" value="0" />
  <attribute name="heapSize specified" value="9043968" />
  <attribute name= "numCores" value="8" />
  <attribute name ="GC Interval" value="700" />
  <attribute name ="Control flow" value="2" />
  <attribute name="GC Util Range Max" value="15" />
  <attribute name="Current GC Util" value="4" />
  <attribute name= "Current Time Running" value="6614" />
<allocation-satisfied id="812" threadId="0000000001E57A00" bytesRequested="24" />
<af-end id="813" timestamp="2019-08-02T22:31:07.417" threadId="0000000001E58388" success="true" from="nursery"/>
<exclusive-end id="814" timestamp="2019-08-02T22:31:07.417" durationms="2.018" />

<exclusive-start id="815" timestamp="2019-08-02T22:31:07.425" intervalms="10.328">
  <response-info timems="0.072" idlems="0.072" threads="0" lastid="0000000001E57A00" lastname="main" />
</exclusive-start>
<af-start id="816" threadId="0000000001E58388" totalBytesRequested="24" timestamp="2019-08-02T22:31:07.425" intervalms="10.272" type="nursery" />
<cycle-start id="817" type="scavenge" contextid="0" timestamp="2019-08-02T22:31:07.426" intervalms="10.267" />
<gc-start id="818" type="scavenge" contextid="817" timestamp="2019-08-02T22:31:07.426">
  <mem-info id="819" free="1558736" total="9043968" percent="17">
    <mem type="nursery" free="0" total="2752512" percent="0">
      <mem type="allocate" free="0" total="2097152" percent="0" />
      <mem type="survivor" free="0" total="655360" percent="0" />
    </mem>
    <mem type="tenure" free="1558736" total="6291456" percent="24">
      <mem type="soa" free="1244368" total="5977088" percent="20" />
      <mem type="loa" free="314368" total="314368" percent="100" />
    </mem>
    <remembered-set count="141" />
  </mem-info>
</gc-start>
<allocation-stats totalBytes="1994832" >
  <allocated-bytes non-tlh="24" tlh="1994808" />
  <largest-consumer threadName="main" threadId="0000000001E57A00" bytes="1994832" />
</allocation-stats>
<gc-op id="820" type="scavenge" timems="0.197" contextid="817" timestamp="2019-08-02T22:31:07.426">
  <scavenger-info tenureage="6" tenuremask="4040" tiltratio="76" />
  <memory-copied type="nursery" objects="8" bytes="32960" bytesdiscarded="45376" />
  <memory-copied type="tenure" objects="365" bytes="11432" bytesdiscarded="0" />
</gc-op>
<gc-end id="821" type="scavenge" contextid="817" durationms="0.542" usertimems="0.000" systemtimems="0.000" timestamp="2019-08-02T22:31:07.426" activeThreads="8">
  <mem-info id="822" free="3708624" total="9043968" percent="41">
    <mem type="nursery" free="2149888" total="2752512" percent="78">
      <mem type="allocate" free="2149888" total="2228224" percent="96" />
      <mem type="survivor" free="0" total="524288" percent="0" />
    </mem>
    <mem type="tenure" free="1558736" total="6291456" percent="24">
      <mem type="soa" free="1244368" total="5977088" percent="20" />
      <mem type="loa" free="314368" total="314368" percent="100" />
    </mem>
    <remembered-set count="80" />
  </mem-info>
</gc-end>
<cycle-end id="823" type="scavenge" contextid="817" timestamp="2019-08-02T22:31:07.426" />
  <attribute name="elasticGC enabled" value="1" />
  <attribute name= "numThreadsSpecified" value="0" />
  <attribute name="heapSize specified" value="9043968" />
  <attribute name= "numCores" value="8" />
  <attribute name ="GC Interval" value="600" />
  <attribute name ="Control flow" value="2" />
  <attribute name="GC Util Range Max" value="15" />
  <attribute name="Current GC Util" value="13" />
  <attribute name= "Current Time Running" value="6624" />
<allocation-satisfied id="824" threadId="0000000001E57A00" bytesRequested="24" />
<af-end id="825" timestamp="2019-08-02T22:31:07.426" threadId="0000000001E58388" success="true" from="nursery"/>
<exclusive-end id="826" timestamp="2019-08-02T22:31:07.427" durationms="1.255" />

<exclusive-start id="827" timestamp="2019-08-02T22:31:07.435" intervalms="10.197">
  <response-info timems="0.075" idlems="0.075" threads="0" lastid="0000000001E57A00" lastname="main" />
</exclusive-start>
<af-start id="828" threadId="0000000001E58388" totalBytesRequested="24" timestamp="2019-08-02T22:31:07.436" intervalms="10.209" type="nursery" />
<cycle-start id="829" type="scavenge" contextid="0" timestamp="2019-08-02T22:31:07.436" intervalms="10.206" />
<gc-start id="830" type="scavenge" contextid="829" timestamp="2019-08-02T22:31:07.436">
  <mem-info id="831" free="1558736" total="9043968" percent="17">
    <mem type="nursery" free="0" total="2752512" percent="0">
      <mem type="allocate" free="0" total="2228224" percent="0" />
      <mem type="survivor" free="0" total="524288" percent="0" />
    </mem>
    <mem type="tenure" free="1558736" total="6291456" percent="24">
      <mem type="soa" free="1244368" total="5977088" percent="20" />
      <mem type="loa" free="314368" total="314368" percent="100" />
    </mem>
    <remembered-set count="80" />
  </mem-info>
</gc-start>
<allocation-stats totalBytes="2149704" >
  <allocated-bytes non-tlh="24" tlh="2149680" />
  <largest-consumer threadName="main" threadId="0000000001E57A00" bytes="2149704" />
</allocation-stats>
<gc-op id="832" type="scavenge" timems="0.202" contextid="829" timestamp="2019-08-02T22:31:07.436">
  <scavenger-info tenureage="14" tenuremask="4000" tiltratio="80" />
  <memory-copied type="nursery" objects="9" bytes="32984" bytesdiscarded="47416" />
</gc-op>
<gc-end id="833" type="scavenge" contextid="829" durationms="0.677" usertimems="0.000" systemtimems="0.000" timestamp="2019-08-02T22:31:07.437" activeThreads="8">
  <mem-info id="834" free="3772096" total="9043968" percent="41">
    <mem type="nursery" free="2213360" total="2752512" percent="80">
      <mem type="allocate" free="2213360" total="2293760" percent="96" />
      <mem type="survivor" free="0" total="458752" percent="0" />
    </mem>
    <mem type="tenure" free="1558736" total="6291456" percent="24">
      <mem type="soa" free="1244368" total="5977088" percent="20" />
      <mem type="loa" free="314368" total="314368" percent="100" />
    </mem>
    <remembered-set count="80" />
  </mem-info>
</gc-end>
<cycle-end id="835" type="scavenge" contextid="829" timestamp="2019-08-02T22:31:07.437" />
  <attribute name="elasticGC enabled" value="1" />
  <attribute name= "numThreadsSpecified" value="0" />
  <attribute name="heapSize specified" value="9043968" />
  <attribute name= "numCores" value="8" />
  <attribute name ="GC Interval" value="600" />
  <attribute name ="Control flow" value="3" />
  <attribute name="GC Util Range Max" value="15" />
  <attribute name="Current GC Util" value="5" />
  <attribute name= "Current Time Running" value="6635" />
<allocation-satisfied id="836" threadId="0000000001E57A00" bytesRequested="24" />
<af-end id="837" timestamp="2019-08-02T22:31:07.437" threadId="0000000001E58388" success="true" from="nursery"/>
<exclusive-end id="838" timestamp="2019-08-02T22:31:07.437" durationms="1.572" />

<exclusive-start id="839" timestamp="2019-08-02T22:31:07.446" intervalms="10.431">
  <response-info timems="0.086" idlems="0.086" threads="0" lastid="0000000001E57A00" lastname="main" />
</exclusive-start>
<af-start id="840" threadId="0000000001E58388" totalBytesRequested="32784" timestamp="2019-08-02T22:31:07.446" intervalms="10.422" type="nursery" />
<cycle-start id="841" type="scavenge" contextid="0" timestamp="2019-08-02T22:31:07.446" intervalms="10.423" />
<gc-start id="842" type="scavenge" contextid="841" timestamp="2019-08-02T22:31:07.446">
  <mem-info id="843" free="1558736" total="9043968" percent="17">
    <mem type="nursery" free="0" total="2752512" percent="0">
      <mem type="allocate" free="0" total="2293760" percent="0" />
      <mem type="survivor" free="0" total="458752" percent="0" />
    </mem>
    <mem type="tenure" free="1558736" total="6291456" percent="24">
      <mem type="soa" free="1244368" total="5977088" percent="20" />
      <mem type="loa" free="314368" total="314368" percent="100" />
    </mem>
    <remembered-set count="80" />
  </mem-info>
</gc-start>
<allocation-stats totalBytes="2191672" >
  <allocated-bytes non-tlh="24" tlh="2191648" />
  <largest-consumer threadName="main" threadId="0000000001E57A00" bytes="2191672" />
</allocation-stats>
<gc-op id="844" type="scavenge" timems="0.211" contextid="841" timestamp="2019-08-02T22:31:07.447">
  <scavenger-info tenureage="3" tenuremask="fff8" tiltratio="83" />
  <memory-copied type="nursery" objects="14" bytes="33072" bytesdiscarded="47328" />
</gc-op>
<gc-end id="845" type="scavenge" contextid="841" durationms="0.628" usertimems="0.000" systemtimems="0.000" timestamp="2019-08-02T22:31:07.447" activeThreads="8">
  <mem-info id="846" free="3837632" total="9043968" percent="42">
    <mem type="nursery" free="2278896" total="2752512" percent="82">
      <mem type="allocate" free="2278896" total="2359296" percent="96" />
      <mem type="survivor" free="0" total="393216" percent="0" />
    </mem>
    <mem type="tenure" free="1558736" total="6291456" percent="24">
      <mem type="soa" free="1244368" total="5977088" percent="20" />
      <mem type="loa" free="314368" total="314368" percent="100" />
    </mem>
    <remembered-set count="80" />
  </mem-info>
</gc-end>
<cycle-end id="847" type="scavenge" contextid="841" timestamp="2019-08-02T22:31:07.447" />
  <attribute name="elasticGC enabled" value="1" />
  <attribute name= "numThreadsSpecified" value="0" />
  <attribute name="heapSize specified" value="9043968" />
  <attribute name= "numCores" value="8" />
  <attribute name ="GC Interval" value="600" />
  <attribute name ="Control flow" value="3" />
  <attribute name="GC Util Range Max" value="15" />
  <attribute name="Current GC Util" value="5" />
  <attribute name= "Current Time Running" value="6645" />
<allocation-satisfied id="848" threadId="0000000001E57A00" bytesRequested="32784" />
<af-end id="849" timestamp="2019-08-02T22:31:07.447" threadId="0000000001E58388" success="true" from="nursery"/>
<exclusive-end id="850" timestamp="2019-08-02T22:31:07.447" durationms="1.543" />

<exclusive-start id="851" timestamp="2019-08-02T22:31:07.457" intervalms="11.162">
  <response-info timems="0.069" idlems="0.069" threads="0" lastid="0000000001E57A00" lastname="main" />
</exclusive-start>
<af-start id="852" threadId="0000000001E58388" totalBytesRequested="24" timestamp="2019-08-02T22:31:07.457" intervalms="11.178" type="nursery" />
<cycle-start id="853" type="scavenge" contextid="0" timestamp="2019-08-02T22:31:07.457" intervalms="11.126" />
<gc-start id="854" type="scavenge" contextid="853" timestamp="2019-08-02T22:31:07.457">
  <mem-info id="855" free="1558736" total="9043968" percent="17">
    <mem type="nursery" free="0" total="2752512" percent="0">
      <mem type="allocate" free="0" total="2359296" percent="0" />
      <mem type="survivor" free="0" total="393216" percent="0" />
    </mem>
    <mem type="tenure" free="1558736" total="6291456" percent="24">
      <mem type="soa" free="1244368" total="5977088" percent="20" />
      <mem type="loa" free="314368" total="314368" percent="100" />
    </mem>
    <remembered-set count="80" />
  </mem-info>
</gc-start>
<allocation-stats totalBytes="2278704" >
  <allocated-bytes non-tlh="32784" tlh="2245920" />
  <largest-consumer threadName="main" threadId="0000000001E57A00" bytes="2278704" />
</allocation-stats>
<gc-op id="856" type="scavenge" timems="0.175" contextid="853" timestamp="2019-08-02T22:31:07.458">
  <scavenger-info tenureage="3" tenuremask="fff8" tiltratio="85" />
  <memory-copied type="nursery" objects="8" bytes="32960" bytesdiscarded="47440" />
</gc-op>
<gc-end id="857" type="scavenge" contextid="853" durationms="0.519" usertimems="0.000" systemtimems="0.000" timestamp="2019-08-02T22:31:07.458" activeThreads="8">
  <mem-info id="858" free="3903168" total="9043968" percent="43">
    <mem type="nursery" free="2344432" total="2752512" percent="85">
      <mem type="allocate" free="2344432" total="2424832" percent="96" />
      <mem type="survivor" free="0" total="327680" percent="0" />
    </mem>
    <mem type="tenure" free="1558736" total="6291456" percent="24">
      <mem type="soa" free="1244368" total="5977088" percent="20" />
      <mem type="loa" free="314368" total="314368" percent="100" />
    </mem>
    <remembered-set count="80" />
  </mem-info>
</gc-end>
<cycle-end id="859" type="scavenge" contextid="853" timestamp="2019-08-02T22:31:07.458" />
  <attribute name="elasticGC enabled" value="1" />
  <attribute name= "numThreadsSpecified" value="0" />
  <attribute name="heapSize specified" value="9043968" />
  <attribute name= "numCores" value="8" />
  <attribute name ="GC Interval" value="500" />
  <attribute name ="Control flow" value="2" />
  <attribute name="GC Util Range Max" value="15" />
  <attribute name="Current GC Util" value="4" />
  <attribute name= "Current Time Running" value="6656" />
<allocation-satisfied id="860" threadId="0000000001E57A00" bytesRequested="24" />
<af-end id="861" timestamp="2019-08-02T22:31:07.458" threadId="0000000001E58388" success="true" from="nursery"/>
<exclusive-end id="862" timestamp="2019-08-02T22:31:07.458" durationms="1.208" />

<exclusive-start id="863" timestamp="2019-08-02T22:31:07.468" intervalms="10.831">
  <response-info timems="0.070" idlems="0.070" threads="0" lastid="0000000001E57A00" lastname="main" />
</exclusive-start>
<af-start id="864" threadId="0000000001E58388" totalBytesRequested="24" timestamp="2019-08-02T22:31:07.468" intervalms="10.814" type="nursery" />
<cycle-start id="865" type="scavenge" contextid="0" timestamp="2019-08-02T22:31:07.468" intervalms="10.864" />
<gc-start id="866" type="scavenge" contextid="865" timestamp="2019-08-02T22:31:07.468">
  <mem-info id="867" free="1558736" total="9043968" percent="17">
    <mem type="nursery" free="0" total="2752512" percent="0">
      <mem type="allocate" free="0" total="2424832" percent="0" />
      <mem type="survivor" free="0" total="327680" percent="0" />
    </mem>
    <mem type="tenure" free="1558736" total="6291456" percent="24">
      <mem type="soa" free="1244368" total="5977088" percent="20" />
      <mem type="loa" free="314368" total="314368" percent="100" />
    </mem>
    <remembered-set count="80" />
  </mem-info>
</gc-start>
<allocation-stats totalBytes="2344248" >
  <allocated-bytes non-tlh="24" tlh="2344224" />
  <largest-consumer threadName="main" threadId="0000000001E57A00" bytes="2344248" />
</allocation-stats>
<gc-op id="868" type="scavenge" timems="0.221" contextid="865" timestamp="2019-08-02T22:31:07.469">
  <scavenger-info tenureage="3" tenuremask="fff8" tiltratio="88" />
  <memory-copied type="nursery" objects="9" bytes="32984" bytesdiscarded="23608" />
</gc-op>
<gc-end id="869" type="scavenge" contextid="865" durationms="0.556" usertimems="0.000" systemtimems="0.000" timestamp="2019-08-02T22:31:07.469" activeThreads="8">
  <mem-info id="870" free="3926976" total="9043968" percent="43">
    <mem type="nursery" free="2368240" total="2752512" percent="86">
      <mem type="allocate" free="2368240" total="2424832" percent="97" />
      <mem type="survivor" free="0" total="327680" percent="0" />
    </mem>
    <mem type="tenure" free="1558736" total="6291456" percent="24">
      <mem type="soa" free="1244368" total="5977088" percent="20" />
      <mem type="loa" free="314368" total="314368" percent="100" />
    </mem>
    <remembered-set count="80" />
  </mem-info>
</gc-end>
<cycle-end id="871" type="scavenge" contextid="865" timestamp="2019-08-02T22:31:07.469" />
  <attribute name="elasticGC enabled" value="1" />
  <attribute name= "numThreadsSpecified" value="0" />
  <attribute name="heapSize specified" value="9043968" />
  <attribute name= "numCores" value="8" />
  <attribute name ="GC Interval" value="400" />
  <attribute name ="Control flow" value="3" />
  <attribute name="GC Util Range Max" value="15" />
  <attribute name="Current GC Util" value="4" />
  <attribute name= "Current Time Running" value="6667" />
<allocation-satisfied id="872" threadId="0000000001E57A00" bytesRequested="24" />
<af-end id="873" timestamp="2019-08-02T22:31:07.469" threadId="0000000001E58388" success="true" from="nursery"/>
<exclusive-end id="874" timestamp="2019-08-02T22:31:07.469" durationms="1.316" />

<exclusive-start id="875" timestamp="2019-08-02T22:31:07.480" intervalms="11.769">
  <response-info timems="0.069" idlems="0.069" threads="0" lastid="0000000001E57A00" lastname="main" />
</exclusive-start>
<af-start id="876" threadId="0000000001E58388" totalBytesRequested="24" timestamp="2019-08-02T22:31:07.480" intervalms="11.769" type="nursery" />
<cycle-start id="877" type="scavenge" contextid="0" timestamp="2019-08-02T22:31:07.480" intervalms="11.771" />
<gc-start id="878" type="scavenge" contextid="877" timestamp="2019-08-02T22:31:07.480">
  <mem-info id="879" free="1558736" total="9043968" percent="17">
    <mem type="nursery" free="0" total="2752512" percent="0">
      <mem type="allocate" free="0" total="2424832" percent="0" />
      <mem type="survivor" free="0" total="327680" percent="0" />
    </mem>
    <mem type="tenure" free="1558736" total="6291456" percent="24">
      <mem type="soa" free="1244368" total="5977088" percent="20" />
      <mem type="loa" free="314368" total="314368" percent="100" />
    </mem>
    <remembered-set count="80" />
  </mem-info>
</gc-start>
<allocation-stats totalBytes="2368048" >
  <allocated-bytes non-tlh="24" tlh="2368024" />
  <largest-consumer threadName="main" threadId="0000000001E57A00" bytes="2368048" />
</allocation-stats>
<gc-op id="880" type="scavenge" timems="0.184" contextid="877" timestamp="2019-08-02T22:31:07.481">
  <scavenger-info tenureage="3" tenuremask="fff8" tiltratio="88" />
  <memory-copied type="nursery" objects="8" bytes="32960" bytesdiscarded="23632" />
</gc-op>
<gc-end id="881" type="scavenge" contextid="877" durationms="0.596" usertimems="0.000" systemtimems="0.000" timestamp="2019-08-02T22:31:07.481" activeThreads="8">
  <mem-info id="882" free="3926976" total="9043968" percent="43">
    <mem type="nursery" free="2368240" total="2752512" percent="86">
      <mem type="allocate" free="2368240" total="2424832" percent="97" />
      <mem type="survivor" free="0" total="327680" percent="0" />
    </mem>
    <mem type="tenure" free="1558736" total="6291456" percent="24">
      <mem type="soa" free="1244368" total="5977088" percent="20" />
      <mem type="loa" free="314368" total="314368" percent="100" />
    </mem>
    <remembered-set count="80" />
  </mem-info>
</gc-end>
<cycle-end id="883" type="scavenge" contextid="877" timestamp="2019-08-02T22:31:07.481" />
  <attribute name="elasticGC enabled" value="1" />
  <attribute name= "numThreadsSpecified" value="0" />
  <attribute name="heapSize specified" value="9043968" />
  <attribute name= "numCores" value="8" />
  <attribute name ="GC Interval" value="400" />
  <attribute name ="Control flow" value="3" />
  <attribute name="GC Util Range Max" value="15" />
  <attribute name="Current GC Util" value="4" />
  <attribute name= "Current Time Running" value="6679" />
<allocation-satisfied id="884" threadId="0000000001E57A00" bytesRequested="24" />
<af-end id="885" timestamp="2019-08-02T22:31:07.481" threadId="0000000001E58388" success="true" from="nursery"/>
<exclusive-end id="886" timestamp="2019-08-02T22:31:07.481" durationms="1.426" />

<exclusive-start id="887" timestamp="2019-08-02T22:31:07.491" intervalms="11.632">
  <response-info timems="0.064" idlems="0.064" threads="0" lastid="0000000001E57A00" lastname="main" />
</exclusive-start>
<af-start id="888" threadId="0000000001E58388" totalBytesRequested="24" timestamp="2019-08-02T22:31:07.491" intervalms="11.623" type="nursery" />
<cycle-start id="889" type="scavenge" contextid="0" timestamp="2019-08-02T22:31:07.492" intervalms="11.608" />
<gc-start id="890" type="scavenge" contextid="889" timestamp="2019-08-02T22:31:07.492">
  <mem-info id="891" free="1558736" total="9043968" percent="17">
    <mem type="nursery" free="0" total="2752512" percent="0">
      <mem type="allocate" free="0" total="2424832" percent="0" />
      <mem type="survivor" free="0" total="327680" percent="0" />
    </mem>
    <mem type="tenure" free="1558736" total="6291456" percent="24">
      <mem type="soa" free="1244368" total="5977088" percent="20" />
      <mem type="loa" free="314368" total="314368" percent="100" />
    </mem>
    <remembered-set count="80" />
  </mem-info>
</gc-start>
<allocation-stats totalBytes="2368056" >
  <allocated-bytes non-tlh="24" tlh="2368032" />
  <largest-consumer threadName="main" threadId="0000000001E57A00" bytes="2368056" />
</allocation-stats>
<gc-op id="892" type="scavenge" timems="0.178" contextid="889" timestamp="2019-08-02T22:31:07.492">
  <scavenger-info tenureage="3" tenuremask="fff8" tiltratio="88" />
  <memory-copied type="nursery" objects="9" bytes="32984" bytesdiscarded="47416" />
</gc-op>
<gc-end id="893" type="scavenge" contextid="889" durationms="0.522" usertimems="0.000" systemtimems="0.000" timestamp="2019-08-02T22:31:07.492" activeThreads="8">
  <mem-info id="894" free="3903168" total="9043968" percent="43">
    <mem type="nursery" free="2344432" total="2752512" percent="85">
      <mem type="allocate" free="2344432" total="2424832" percent="96" />
      <mem type="survivor" free="0" total="327680" percent="0" />
    </mem>
    <mem type="tenure" free="1558736" total="6291456" percent="24">
      <mem type="soa" free="1244368" total="5977088" percent="20" />
      <mem type="loa" free="314368" total="314368" percent="100" />
    </mem>
    <remembered-set count="80" />
  </mem-info>
</gc-end>
<cycle-end id="895" type="scavenge" contextid="889" timestamp="2019-08-02T22:31:07.492" />
  <attribute name="elasticGC enabled" value="1" />
  <attribute name= "numThreadsSpecified" value="0" />
  <attribute name="heapSize specified" value="9043968" />
  <attribute name= "numCores" value="8" />
  <attribute name ="GC Interval" value="300" />
  <attribute name ="Control flow" value="2" />
  <attribute name="GC Util Range Max" value="15" />
  <attribute name="Current GC Util" value="4" />
  <attribute name= "Current Time Running" value="6690" />
<allocation-satisfied id="896" threadId="0000000001E57A00" bytesRequested="24" />
<af-end id="897" timestamp="2019-08-02T22:31:07.493" threadId="0000000001E58388" success="true" from="nursery"/>
<exclusive-end id="898" timestamp="2019-08-02T22:31:07.493" durationms="1.267" />

<exclusive-start id="899" timestamp="2019-08-02T22:31:07.503" intervalms="11.653">
  <response-info timems="0.067" idlems="0.067" threads="0" lastid="0000000001E57A00" lastname="main" />
</exclusive-start>
<af-start id="900" threadId="0000000001E58388" totalBytesRequested="24" timestamp="2019-08-02T22:31:07.503" intervalms="11.675" type="nursery" />
<cycle-start id="901" type="scavenge" contextid="0" timestamp="2019-08-02T22:31:07.503" intervalms="11.688" />
<gc-start id="902" type="scavenge" contextid="901" timestamp="2019-08-02T22:31:07.503">
  <mem-info id="903" free="1558736" total="9043968" percent="17">
    <mem type="nursery" free="0" total="2752512" percent="0">
      <mem type="allocate" free="0" total="2424832" percent="0" />
      <mem type="survivor" free="0" total="327680" percent="0" />
    </mem>
    <mem type="tenure" free="1558736" total="6291456" percent="24">
      <mem type="soa" free="1244368" total="5977088" percent="20" />
      <mem type="loa" free="314368" total="314368" percent="100" />
    </mem>
    <remembered-set count="80" />
  </mem-info>
</gc-start>
<allocation-stats totalBytes="2344264" >
  <allocated-bytes non-tlh="24" tlh="2344240" />
  <largest-consumer threadName="main" threadId="0000000001E57A00" bytes="2344264" />
</allocation-stats>
<gc-op id="904" type="scavenge" timems="0.177" contextid="901" timestamp="2019-08-02T22:31:07.504">
  <scavenger-info tenureage="3" tenuremask="fff8" tiltratio="88" />
  <memory-copied type="nursery" objects="8" bytes="32960" bytesdiscarded="23632" />
</gc-op>
<gc-end id="905" type="scavenge" contextid="901" durationms="0.590" usertimems="0.000" systemtimems="0.000" timestamp="2019-08-02T22:31:07.504" activeThreads="8">
  <mem-info id="906" free="3926976" total="9043968" percent="43">
    <mem type="nursery" free="2368240" total="2752512" percent="86">
      <mem type="allocate" free="2368240" total="2424832" percent="97" />
      <mem type="survivor" free="0" total="327680" percent="0" />
    </mem>
    <mem type="tenure" free="1558736" total="6291456" percent="24">
      <mem type="soa" free="1244368" total="5977088" percent="20" />
      <mem type="loa" free="314368" total="314368" percent="100" />
    </mem>
    <remembered-set count="80" />
  </mem-info>
</gc-end>
<cycle-end id="907" type="scavenge" contextid="901" timestamp="2019-08-02T22:31:07.504" />
  <attribute name="elasticGC enabled" value="1" />
  <attribute name= "numThreadsSpecified" value="0" />
  <attribute name="heapSize specified" value="9043968" />
  <attribute name= "numCores" value="8" />
  <attribute name ="GC Interval" value="200" />
  <attribute name ="Control flow" value="2" />
  <attribute name="GC Util Range Max" value="15" />
  <attribute name="Current GC Util" value="4" />
  <attribute name= "Current Time Running" value="6702" />
<allocation-satisfied id="908" threadId="0000000001E57A00" bytesRequested="24" />
<af-end id="909" timestamp="2019-08-02T22:31:07.504" threadId="0000000001E58388" success="true" from="nursery"/>
<exclusive-end id="910" timestamp="2019-08-02T22:31:07.504" durationms="1.376" />

<exclusive-start id="911" timestamp="2019-08-02T22:31:07.515" intervalms="11.696">
  <response-info timems="0.068" idlems="0.068" threads="0" lastid="0000000001E57A00" lastname="main" />
</exclusive-start>
<af-start id="912" threadId="0000000001E58388" totalBytesRequested="24" timestamp="2019-08-02T22:31:07.515" intervalms="11.700" type="nursery" />
<cycle-start id="913" type="scavenge" contextid="0" timestamp="2019-08-02T22:31:07.515" intervalms="11.697" />
<gc-start id="914" type="scavenge" contextid="913" timestamp="2019-08-02T22:31:07.515">
  <mem-info id="915" free="1558736" total="9043968" percent="17">
    <mem type="nursery" free="0" total="2752512" percent="0">
      <mem type="allocate" free="0" total="2424832" percent="0" />
      <mem type="survivor" free="0" total="327680" percent="0" />
    </mem>
    <mem type="tenure" free="1558736" total="6291456" percent="24">
      <mem type="soa" free="1244368" total="5977088" percent="20" />
      <mem type="loa" free="314368" total="314368" percent="100" />
    </mem>
    <remembered-set count="80" />
  </mem-info>
</gc-start>
<allocation-stats totalBytes="2368056" >
  <allocated-bytes non-tlh="24" tlh="2368032" />
  <largest-consumer threadName="main" threadId="0000000001E57A00" bytes="2368056" />
</allocation-stats>
<gc-op id="916" type="scavenge" timems="0.175" contextid="913" timestamp="2019-08-02T22:31:07.516">
  <scavenger-info tenureage="3" tenuremask="fff8" tiltratio="88" />
  <memory-copied type="nursery" objects="9" bytes="32984" bytesdiscarded="23608" />
</gc-op>
<gc-end id="917" type="scavenge" contextid="913" durationms="0.637" usertimems="0.000" systemtimems="0.000" timestamp="2019-08-02T22:31:07.516" activeThreads="8">
  <mem-info id="918" free="3926976" total="9043968" percent="43">
    <mem type="nursery" free="2368240" total="2752512" percent="86">
      <mem type="allocate" free="2368240" total="2424832" percent="97" />
      <mem type="survivor" free="0" total="327680" percent="0" />
    </mem>
    <mem type="tenure" free="1558736" total="6291456" percent="24">
      <mem type="soa" free="1244368" total="5977088" percent="20" />
      <mem type="loa" free="314368" total="314368" percent="100" />
    </mem>
    <remembered-set count="80" />
  </mem-info>
</gc-end>
<cycle-end id="919" type="scavenge" contextid="913" timestamp="2019-08-02T22:31:07.516" />
  <attribute name="elasticGC enabled" value="1" />
  <attribute name= "numThreadsSpecified" value="0" />
  <attribute name="heapSize specified" value="9043968" />
  <attribute name= "numCores" value="8" />
  <attribute name ="GC Interval" value="200" />
  <attribute name ="Control flow" value="2" />
  <attribute name="GC Util Range Max" value="15" />
  <attribute name="Current GC Util" value="4" />
  <attribute name= "Current Time Running" value="6714" />
<allocation-satisfied id="920" threadId="0000000001E57A00" bytesRequested="24" />
<af-end id="921" timestamp="2019-08-02T22:31:07.516" threadId="0000000001E58388" success="true" from="nursery"/>
<exclusive-end id="922" timestamp="2019-08-02T22:31:07.516" durationms="1.436" />

<exclusive-start id="923" timestamp="2019-08-02T22:31:07.527" intervalms="11.861">
  <response-info timems="0.068" idlems="0.068" threads="0" lastid="0000000001E57A00" lastname="main" />
</exclusive-start>
<af-start id="924" threadId="0000000001E58388" totalBytesRequested="24" timestamp="2019-08-02T22:31:07.527" intervalms="11.865" type="nursery" />
<cycle-start id="925" type="scavenge" contextid="0" timestamp="2019-08-02T22:31:07.527" intervalms="11.868" />
<gc-start id="926" type="scavenge" contextid="925" timestamp="2019-08-02T22:31:07.527">
  <mem-info id="927" free="1558736" total="9043968" percent="17">
    <mem type="nursery" free="0" total="2752512" percent="0">
      <mem type="allocate" free="0" total="2424832" percent="0" />
      <mem type="survivor" free="0" total="327680" percent="0" />
    </mem>
    <mem type="tenure" free="1558736" total="6291456" percent="24">
      <mem type="soa" free="1244368" total="5977088" percent="20" />
      <mem type="loa" free="314368" total="314368" percent="100" />
    </mem>
    <remembered-set count="80" />
  </mem-info>
</gc-start>
<allocation-stats totalBytes="2368024" >
  <allocated-bytes non-tlh="24" tlh="2368000" />
  <largest-consumer threadName="main" threadId="0000000001E57A00" bytes="2368024" />
</allocation-stats>
<gc-op id="928" type="scavenge" timems="0.178" contextid="925" timestamp="2019-08-02T22:31:07.527">
  <scavenger-info tenureage="3" tenuremask="fff8" tiltratio="88" />
  <memory-copied type="nursery" objects="8" bytes="32960" bytesdiscarded="23632" />
</gc-op>
<gc-end id="929" type="scavenge" contextid="925" durationms="0.594" usertimems="4.000" systemtimems="0.000" timestamp="2019-08-02T22:31:07.528" activeThreads="8">
  <mem-info id="930" free="3926976" total="9043968" percent="43">
    <mem type="nursery" free="2368240" total="2752512" percent="86">
      <mem type="allocate" free="2368240" total="2424832" percent="97" />
      <mem type="survivor" free="0" total="327680" percent="0" />
    </mem>
    <mem type="tenure" free="1558736" total="6291456" percent="24">
      <mem type="soa" free="1244368" total="5977088" percent="20" />
      <mem type="loa" free="314368" total="314368" percent="100" />
    </mem>
    <remembered-set count="80" />
  </mem-info>
</gc-end>
<cycle-end id="931" type="scavenge" contextid="925" timestamp="2019-08-02T22:31:07.528" />
  <attribute name="elasticGC enabled" value="1" />
  <attribute name= "numThreadsSpecified" value="0" />
  <attribute name="heapSize specified" value="9043968" />
  <attribute name= "numCores" value="8" />
  <attribute name ="GC Interval" value="200" />
  <attribute name ="Control flow" value="2" />
  <attribute name="GC Util Range Max" value="15" />
  <attribute name="Current GC Util" value="4" />
  <attribute name= "Current Time Running" value="6726" />
<allocation-satisfied id="932" threadId="0000000001E57A00" bytesRequested="24" />
<af-end id="933" timestamp="2019-08-02T22:31:07.528" threadId="0000000001E58388" success="true" from="nursery"/>
<exclusive-end id="934" timestamp="2019-08-02T22:31:07.528" durationms="1.405" />

<exclusive-start id="935" timestamp="2019-08-02T22:31:07.538" intervalms="11.685">
  <response-info timems="0.069" idlems="0.069" threads="0" lastid="0000000001E57A00" lastname="main" />
</exclusive-start>
<af-start id="936" threadId="0000000001E58388" totalBytesRequested="24" timestamp="2019-08-02T22:31:07.538" intervalms="11.667" type="nursery" />
<cycle-start id="937" type="scavenge" contextid="0" timestamp="2019-08-02T22:31:07.539" intervalms="11.664" />
<gc-start id="938" type="scavenge" contextid="937" timestamp="2019-08-02T22:31:07.539">
  <mem-info id="939" free="1558736" total="9043968" percent="17">
    <mem type="nursery" free="0" total="2752512" percent="0">
      <mem type="allocate" free="0" total="2424832" percent="0" />
      <mem type="survivor" free="0" total="327680" percent="0" />
    </mem>
    <mem type="tenure" free="1558736" total="6291456" percent="24">
      <mem type="soa" free="1244368" total="5977088" percent="20" />
      <mem type="loa" free="314368" total="314368" percent="100" />
    </mem>
    <remembered-set count="80" />
  </mem-info>
</gc-start>
<allocation-stats totalBytes="2368056" >
  <allocated-bytes non-tlh="24" tlh="2368032" />
  <largest-consumer threadName="main" threadId="0000000001E57A00" bytes="2368056" />
</allocation-stats>
<gc-op id="940" type="scavenge" timems="0.217" contextid="937" timestamp="2019-08-02T22:31:07.539">
  <scavenger-info tenureage="3" tenuremask="fff8" tiltratio="88" />
  <memory-copied type="nursery" objects="9" bytes="32984" bytesdiscarded="23608" />
</gc-op>
<gc-end id="941" type="scavenge" contextid="937" durationms="0.690" usertimems="0.000" systemtimems="0.000" timestamp="2019-08-02T22:31:07.539" activeThreads="8">
  <mem-info id="942" free="3926976" total="9043968" percent="43">
    <mem type="nursery" free="2368240" total="2752512" percent="86">
      <mem type="allocate" free="2368240" total="2424832" percent="97" />
      <mem type="survivor" free="0" total="327680" percent="0" />
    </mem>
    <mem type="tenure" free="1558736" total="6291456" percent="24">
      <mem type="soa" free="1244368" total="5977088" percent="20" />
      <mem type="loa" free="314368" total="314368" percent="100" />
    </mem>
    <remembered-set count="80" />
  </mem-info>
</gc-end>
<cycle-end id="943" type="scavenge" contextid="937" timestamp="2019-08-02T22:31:07.540" />
  <attribute name="elasticGC enabled" value="1" />
  <attribute name= "numThreadsSpecified" value="0" />
  <attribute name="heapSize specified" value="9043968" />
  <attribute name= "numCores" value="8" />
  <attribute name ="GC Interval" value="200" />
  <attribute name ="Control flow" value="3" />
  <attribute name="GC Util Range Max" value="15" />
  <attribute name="Current GC Util" value="4" />
  <attribute name= "Current Time Running" value="6737" />
<allocation-satisfied id="944" threadId="0000000001E57A00" bytesRequested="24" />
<af-end id="945" timestamp="2019-08-02T22:31:07.540" threadId="0000000001E58388" success="true" from="nursery"/>
<exclusive-end id="946" timestamp="2019-08-02T22:31:07.540" durationms="1.568" />

<exclusive-start id="947" timestamp="2019-08-02T22:31:07.550" intervalms="11.965">
  <response-info timems="0.077" idlems="0.077" threads="0" lastid="0000000001E57A00" lastname="main" />
</exclusive-start>
<af-start id="948" threadId="0000000001E58388" totalBytesRequested="24" timestamp="2019-08-02T22:31:07.550" intervalms="11.979" type="nursery" />
<cycle-start id="949" type="scavenge" contextid="0" timestamp="2019-08-02T22:31:07.550" intervalms="11.984" />
<gc-start id="950" type="scavenge" contextid="949" timestamp="2019-08-02T22:31:07.551">
  <mem-info id="951" free="1558736" total="9043968" percent="17">
    <mem type="nursery" free="0" total="2752512" percent="0">
      <mem type="allocate" free="0" total="2424832" percent="0" />
      <mem type="survivor" free="0" total="327680" percent="0" />
    </mem>
    <mem type="tenure" free="1558736" total="6291456" percent="24">
      <mem type="soa" free="1244368" total="5977088" percent="20" />
      <mem type="loa" free="314368" total="314368" percent="100" />
    </mem>
    <remembered-set count="80" />
  </mem-info>
</gc-start>
<allocation-stats totalBytes="2368048" >
  <allocated-bytes non-tlh="24" tlh="2368024" />
  <largest-consumer threadName="main" threadId="0000000001E57A00" bytes="2368048" />
</allocation-stats>
<gc-op id="952" type="scavenge" timems="0.211" contextid="949" timestamp="2019-08-02T22:31:07.551">
  <scavenger-info tenureage="3" tenuremask="fff8" tiltratio="88" />
  <memory-copied type="nursery" objects="8" bytes="32960" bytesdiscarded="47440" />
</gc-op>
<gc-end id="953" type="scavenge" contextid="949" durationms="0.613" usertimems="4.000" systemtimems="0.000" timestamp="2019-08-02T22:31:07.551" activeThreads="8">
  <mem-info id="954" free="3903168" total="9043968" percent="43">
    <mem type="nursery" free="2344432" total="2752512" percent="85">
      <mem type="allocate" free="2344432" total="2424832" percent="96" />
      <mem type="survivor" free="0" total="327680" percent="0" />
    </mem>
    <mem type="tenure" free="1558736" total="6291456" percent="24">
      <mem type="soa" free="1244368" total="5977088" percent="20" />
      <mem type="loa" free="314368" total="314368" percent="100" />
    </mem>
    <remembered-set count="80" />
  </mem-info>
</gc-end>
<cycle-end id="955" type="scavenge" contextid="949" timestamp="2019-08-02T22:31:07.551" />
  <attribute name="elasticGC enabled" value="1" />
  <attribute name= "numThreadsSpecified" value="0" />
  <attribute name="heapSize specified" value="9043968" />
  <attribute name= "numCores" value="8" />
  <attribute name ="GC Interval" value="200" />
  <attribute name ="Control flow" value="3" />
  <attribute name="GC Util Range Max" value="15" />
  <attribute name="Current GC Util" value="4" />
  <attribute name= "Current Time Running" value="6749" />
<allocation-satisfied id="956" threadId="0000000001E57A00" bytesRequested="24" />
<af-end id="957" timestamp="2019-08-02T22:31:07.552" threadId="0000000001E58388" success="true" from="nursery"/>
<exclusive-end id="958" timestamp="2019-08-02T22:31:07.552" durationms="1.410" />

<exclusive-start id="959" timestamp="2019-08-02T22:31:07.683" intervalms="132.950">
  <response-info timems="0.026" idlems="0.026" threads="0" lastid="0000000001E57A00" lastname="main" />
</exclusive-start>
<af-start id="960" threadId="0000000001E58388" totalBytesRequested="48" timestamp="2019-08-02T22:31:07.683" intervalms="132.854" type="nursery" />
<cycle-start id="961" type="scavenge" contextid="0" timestamp="2019-08-02T22:31:07.683" intervalms="132.755" />
<gc-start id="962" type="scavenge" contextid="961" timestamp="2019-08-02T22:31:07.683">
  <mem-info id="963" free="1522944" total="9043968" percent="16">
    <mem type="nursery" free="0" total="2752512" percent="0">
      <mem type="allocate" free="0" total="2424832" percent="0" />
      <mem type="survivor" free="0" total="327680" percent="0" />
    </mem>
    <mem type="tenure" free="1522944" total="6291456" percent="24">
      <mem type="soa" free="1208576" total="5977088" percent="20" />
      <mem type="loa" free="314368" total="314368" percent="100" />
    </mem>
    <remembered-set count="571" />
  </mem-info>
</gc-start>
<allocation-stats totalBytes="2379960" >
  <allocated-bytes non-tlh="35816" tlh="2344144" />
  <largest-consumer threadName="main" threadId="0000000001E57A00" bytes="2379960" />
</allocation-stats>
<gc-op id="964" type="scavenge" timems="0.367" contextid="961" timestamp="2019-08-02T22:31:07.684">
  <scavenger-info tenureage="14" tenuremask="4000" tiltratio="88" />
  <memory-copied type="nursery" objects="2536" bytes="126752" bytesdiscarded="32704" />
  <references type="soft" candidates="3" cleared="0" enqueued="0" dynamicThreshold="11" maxThreshold="32" />
  <references type="weak" candidates="29" cleared="21" enqueued="19" />
  <references type="phantom" candidates="4" cleared="2" enqueued="2" />
</gc-op>
<gc-end id="965" type="scavenge" contextid="961" durationms="0.544" usertimems="0.000" systemtimems="0.000" timestamp="2019-08-02T22:31:07.684" activeThreads="8">
  <mem-info id="966" free="3788224" total="9043968" percent="41">
    <mem type="nursery" free="2265280" total="2752512" percent="82">
      <mem type="allocate" free="2265280" total="2424832" percent="93" />
      <mem type="survivor" free="0" total="327680" percent="0" />
    </mem>
    <mem type="tenure" free="1522944" total="6291456" percent="24">
      <mem type="soa" free="1208576" total="5977088" percent="20" />
      <mem type="loa" free="314368" total="314368" percent="100" />
    </mem>
    <pending-finalizers system="0" default="0" reference="21" classloader="0" />
    <remembered-set count="567" />
  </mem-info>
</gc-end>
<cycle-end id="967" type="scavenge" contextid="961" timestamp="2019-08-02T22:31:07.684" />
  <attribute name="elasticGC enabled" value="1" />
  <attribute name= "numThreadsSpecified" value="0" />
  <attribute name="heapSize specified" value="9043968" />
  <attribute name= "numCores" value="8" />
  <attribute name ="GC Interval" value="200" />
  <attribute name ="Control flow" value="2" />
  <attribute name="GC Util Range Max" value="15" />
  <attribute name="Current GC Util" value="0" />
  <attribute name= "Current Time Running" value="6882" />
<allocation-satisfied id="968" threadId="0000000001E57A00" bytesRequested="48" />
<af-end id="969" timestamp="2019-08-02T22:31:07.684" threadId="0000000001E58388" success="true" from="nursery"/>
<exclusive-end id="970" timestamp="2019-08-02T22:31:07.684" durationms="1.019" />

</verbosegc>

