<?xml version="1.0" ?>

<verbosegc xmlns="http://www.ibm.com/j9/verbosegc" version="10b4217_CMPRSS">

<initialized id="1" timestamp="2019-06-16T00:07:59.930">
  <attribute name="gcPolicy" value="-Xgcpolicy:balanced" />
  <attribute name="elasticGC enabled" value="1" />
  <attribute name= "numThreadsSpecified" value="0" />
  <attribute name="heapSize specified" value="0" />
  <attribute name="Current GC Util" value="0" />
  <attribute name= "Current Time Running" value="0" />
  <attribute name ="GC Interval" value="0" />
  <attribute name="ProportionalT" value="0.000000" />
  <attribute name="ProportionalI" value="0.000000" />
  <attribute name="ProportionalH" value="0.000000" />
  <attribute name="IntegralT" value="0.000000" />
  <attribute name="IntegralI" value="0.000000" />
  <attribute name="IntegralH" value="0.000000" />
  <attribute name="DerivativeT" value="0.000000" />
  <attribute name="DerivativeI" value="0.000000" />
  <attribute name="DerivativeH" value="0.000000" />
  <attribute name="Target GC Util Change" value ="0.000000" />
  <attribute name="Current GC Util Change" value="0.000000"/>
  <attribute name="Current Error" value="0.000000" />
  <attribute name="Loop Time for DT" value="0.000000" />
  <attribute name="Output H" value="0"/>
  <attribute name="Output I" value="0"/>
  <attribute name="Output T" value="0"/>
  <attribute name="GC Util currently" value="0" />
  <attribute name="CPU Util currently" value="0" />
  <attribute name="maxHeapSize" value="0x7cb00000" />
  <attribute name="initialHeapSize" value="0x800000" />
  <attribute name="compressedRefs" value="true" />
  <attribute name="compressedRefsDisplacement" value="0x0" />
  <attribute name="compressedRefsShift" value="0x0" />
  <attribute name="pageSize" value="0x1000" />
  <attribute name="pageType" value="not used" />
  <attribute name="requestedPageSize" value="0x1000" />
  <attribute name="requestedPageType" value="not used" />
  <attribute name="gcthreads" value="4" />
  <attribute name="packetListSplit" value="4" />
  <attribute name="cacheListSplit" value="4" />
  <attribute name="splitFreeListSplitAmount" value="1" />
  <attribute name="numaNodes" value="0" />
  <region>
    <attribute name="regionSize" value="1048576" />
    <attribute name="regionCount" value="1995" />
    <attribute name="arrayletLeafSize" value="1048576" />
  </region>
  <system>
    <attribute name="physicalMemory" value="8370962432" />
    <attribute name="numCPUs" value="4" />
    <attribute name="architecture" value="amd64" />
    <attribute name="os" value="Linux" />
    <attribute name="osVersion" value="4.4.0-148-generic" />
  </system>
  <vmargs>
    <vmarg name="-Xoptionsfile=/vagrant/jdk/lib/options.default" />
    <vmarg name="-Xlockword:mode=default,noLockword=java/lang/String,noLockword=java/util/MapEntry,noLockword=java/util/HashMap$Entry,noLockword..." />
    <vmarg name="-Xjcl:jclse29" />
    <vmarg name="-Dcom.ibm.oti.vm.bootstrap.library.path=/vagrant/jdk/lib/compressedrefs:/vagrant/jdk/lib" />
    <vmarg name="-Dsun.boot.library.path=/vagrant/jdk/lib/compressedrefs:/vagrant/jdk/lib" />
    <vmarg name="-Djava.library.path=/vagrant/jdk/lib/compressedrefs:/vagrant/jdk/lib:/usr/lib64:/usr/lib" />
    <vmarg name="-Djava.home=/vagrant/jdk" />
    <vmarg name="-Duser.dir=/vagrant" />
    <vmarg name="-Xgcpolicy:balanced" />
    <vmarg name="-Xgcelastic" />
    <vmarg name="-Xcheck:gc:::elasticGC" />
    <vmarg name="-verbose:gc" />
    <vmarg name="-Xloggc:large-Balanced-jdk-1.5-1-0.5-verbose9pmd.txt" />
    <vmarg name="-Djava.class.path=dacapo-9.12-MR1-bach.jar" />
    <vmarg name="-Dsun.java.command=dacapo-9.12-MR1-bach.jar pmd --size=large" />
    <vmarg name="-Dsun.java.launcher=SUN_STANDARD" />
    <vmarg name="-Dsun.java.launcher.pid=25377" />
  </vmargs>
</initialized>

<exclusive-start id="2" timestamp="2019-06-16T00:08:00.629" intervalms="698.041">
  <response-info timems="0.020" idlems="0.020" threads="0" lastid="0000000000ECF700" lastname="main" />
</exclusive-start>
<allocation-taxation id="3" taxation-threshold="8388608" timestamp="2019-06-16T00:08:00.629" intervalms="698.481" />
<cycle-start id="4" type="partial gc" contextid="0" timestamp="2019-06-16T00:08:00.629" intervalms="698.971" />
<gc-start id="5" type="partial gc" contextid="4" timestamp="2019-06-16T00:08:00.630">
  <mem-info id="6" free="0" total="8388608" percent="0">
    <mem type="eden" free="80" total="8388608" percent="0" />
    <remembered-set count="0" freebytes="334848" totalbytes="334848" percent="100" regionsoverflowed="0" regionsstable="0" regionsrebuilding="0"/>
  </mem-info>
</gc-start>
<allocation-stats totalBytes="8357416" >
  <allocated-bytes non-tlh="449560" tlh="7907856" arrayletleaf="0"/>
  <largest-consumer threadName="main" threadId="0000000000ECF700" bytes="8280856" />
</allocation-stats>
<gc-op id="7" type="mark" timems="3.373" contextid="4" timestamp="2019-06-16T00:08:00.635">
  <trace-info objectcount="21698" scancount="17083" scanbytes="558744" />
  <remembered-set-cleared processed="0" cleared="0" durationms="0.207" />
  <finalization candidates="46" enqueued="1" />
  <ownableSynchronizers candidates="4" cleared="3" />
  <references type="soft" candidates="66" cleared="0" enqueued="0" dynamicThreshold="32" maxThreshold="32" />
  <references type="weak" candidates="911" cleared="529" enqueued="452" />
  <references type="phantom" candidates="125" cleared="44" enqueued="44" />
  <stringconstants candidates="2485" cleared="0"  />
  <warning details="Mark for calibration purposes" />
</gc-op>
<gc-op id="8" type="classunload" timems="0.044" contextid="4" timestamp="2019-06-16T00:08:00.635">
  <classunload-info classloadercandidates="6" classloadersunloaded="0" classesunloaded="0" anonymousclassesunloaded="0" quiescems="0.000" setupms="0.044" scanms="0.000" postms="0.000" />
</gc-op>
<gc-op id="9" type="sweep" timems="0.735" contextid="4" timestamp="2019-06-16T00:08:00.636" />
<gc-op id="10" type="compact" timems="4.517" contextid="4" timestamp="2019-06-16T00:08:00.641">
  <compact-info movecount="21698" movebytes="1400320" />
  <remembered-set-cleared processed="0" cleared="0" durationms="0.207" />
</gc-op>
<gc-end id="11" type="partial gc" contextid="4" durationms="12.175" usertimems="4.000" systemtimems="8.000" timestamp="2019-06-16T00:08:00.642" activeThreads="4">
  <mem-info id="12" free="6291456" total="8388608" percent="75">
    <mem type="eden" free="680504" total="2097152" percent="32" />
    <pending-finalizers system="1" default="0" reference="496" classloader="0" />
    <remembered-set count="1536" freebytes="328704" totalbytes="334848" percent="98" regionsoverflowed="0" regionsstable="0" regionsrebuilding="0"/>
  </mem-info>
</gc-end>
<cycle-end id="13" type="partial gc" contextid="4" timestamp="2019-06-16T00:08:00.642" />
  <attribute name="elasticGC enabled" value="1" />
  <attribute name= "numThreadsSpecified" value="4" />
  <attribute name="heapSize specified" value="0" />
  <attribute name="Current GC Util" value="25" />
  <attribute name= "Current Time Running" value="587" />
  <attribute name ="GC Interval" value="0" />
  <attribute name="ProportionalT" value="7.500000" />
  <attribute name="ProportionalI" value="7.500000" />
  <attribute name="ProportionalH" value="7.500000" />
  <attribute name="Current Error" value="5.000000" />
  <attribute name="IntegralT" value="-11308.000000" />
  <attribute name="IntegralI" value="-11308.000000" />
  <attribute name="IntegralH" value="-11308.000000" />
  <attribute name="DerivativeT" value="-26.500000" />
  <attribute name="DerivativeI" value="-26.500000" />
  <attribute name="DerivativeH" value="-26.500000" />
  <attribute name="Loop Time for DT" value="1.000000" />
  <attribute name="Output H" value="2091843584"/>
  <attribute name="Output I" value="200"/>
  <attribute name="Output T" value="4"/>
  <attribute name="Target GC Util Change" value ="20.000000" />
  <attribute name="Current GC Util Change" value="25.000000"/>
  <attribute name="GC Util currently" value="25" />
  <attribute name="CPU Util currently" value="3313997503785" />
<exclusive-end id="14" timestamp="2019-06-16T00:08:00.642" durationms="13.882" />

<exclusive-start id="15" timestamp="2019-06-16T00:08:00.644" intervalms="15.169">
  <response-info timems="0.082" idlems="0.082" threads="0" lastid="0000000000ECF700" lastname="main" />
</exclusive-start>
<allocation-taxation id="16" taxation-threshold="6291456" timestamp="2019-06-16T00:08:00.644" intervalms="14.843" />
<cycle-start id="17" type="partial gc" contextid="0" timestamp="2019-06-16T00:08:00.644" intervalms="14.614" />
<gc-start id="18" type="partial gc" contextid="17" timestamp="2019-06-16T00:08:00.644">
  <mem-info id="19" free="0" total="8388608" percent="0">
    <mem type="eden" free="0" total="7340032" percent="0" />
    <remembered-set count="1536" freebytes="328704" totalbytes="334848" percent="98" regionsoverflowed="0" regionsstable="0" regionsrebuilding="0"/>
  </mem-info>
</gc-start>
<allocation-stats totalBytes="5792328" >
  <allocated-bytes non-tlh="88" tlh="5792240" arrayletleaf="0"/>
  <largest-consumer threadName="main" threadId="0000000000ECF700" bytes="5776256" />
</allocation-stats>
<gc-op id="20" type="mark" timems="1.588" contextid="17" timestamp="2019-06-16T00:08:00.646">
  <trace-info objectcount="20788" scancount="16316" scanbytes="543880" />
  <remembered-set-cleared processed="0" cleared="0" durationms="0.055" />
  <finalization candidates="45" enqueued="0" />
  <ownableSynchronizers candidates="1" cleared="0" />
  <references type="soft" candidates="66" cleared="0" enqueued="0" dynamicThreshold="24" maxThreshold="32" />
  <references type="weak" candidates="382" cleared="0" enqueued="0" />
  <references type="phantom" candidates="80" cleared="0" enqueued="0" />
  <stringconstants candidates="2485" cleared="0"  />
  <warning details="Mark invoked due to insufficient free space for Copy-Forward" />
</gc-op>
<gc-op id="21" type="classunload" timems="0.001" contextid="17" timestamp="2019-06-16T00:08:00.646">
  <classunload-info classloadercandidates="6" classloadersunloaded="0" classesunloaded="0" anonymousclassesunloaded="0" quiescems="0.000" setupms="0.001" scanms="0.000" postms="0.000" />
</gc-op>
<gc-op id="22" type="sweep" timems="0.320" contextid="17" timestamp="2019-06-16T00:08:00.647" />
<gc-op id="23" type="compact" timems="3.386" contextid="17" timestamp="2019-06-16T00:08:00.651">
  <compact-info movecount="20752" movebytes="1267496" />
  <remembered-set-cleared processed="0" cleared="0" durationms="0.055" />
</gc-op>
<gc-end id="24" type="partial gc" contextid="17" durationms="6.536" usertimems="8.000" systemtimems="0.000" timestamp="2019-06-16T00:08:00.651" activeThreads="4">
  <mem-info id="25" free="5242880" total="8388608" percent="62">
    <mem type="eden" free="1843624" total="2097152" percent="87" />
    <remembered-set count="1536" freebytes="328704" totalbytes="334848" percent="98" regionsoverflowed="0" regionsstable="0" regionsrebuilding="0"/>
  </mem-info>
</gc-end>
<cycle-end id="26" type="partial gc" contextid="17" timestamp="2019-06-16T00:08:00.651" />
  <attribute name="elasticGC enabled" value="1" />
  <attribute name= "numThreadsSpecified" value="4" />
  <attribute name="heapSize specified" value="0" />
  <attribute name="Current GC Util" value="22" />
  <attribute name= "Current Time Running" value="598" />
  <attribute name ="GC Interval" value="0" />
  <attribute name="ProportionalT" value="3.000000" />
  <attribute name="ProportionalI" value="3.000000" />
  <attribute name="ProportionalH" value="3.000000" />
  <attribute name="Current Error" value="2.000000" />
  <attribute name="IntegralT" value="2.000000" />
  <attribute name="IntegralI" value="2.000000" />
  <attribute name="IntegralH" value="2.000000" />
  <attribute name="DerivativeT" value="-47.000000" />
  <attribute name="DerivativeI" value="-47.000000" />
  <attribute name="DerivativeH" value="-47.000000" />
  <attribute name="Loop Time for DT" value="1.000000" />
  <attribute name="Output H" value="2091843584"/>
  <attribute name="Output I" value="200"/>
  <attribute name="Output T" value="4"/>
  <attribute name="Target GC Util Change" value ="20.000000" />
  <attribute name="Current GC Util Change" value="22.000000"/>
  <attribute name="GC Util currently" value="22" />
  <attribute name="CPU Util currently" value="7186949808022" />
<exclusive-end id="27" timestamp="2019-06-16T00:08:00.651" durationms="7.545" />

<exclusive-start id="28" timestamp="2019-06-16T00:08:00.652" intervalms="8.059">
  <response-info timems="0.056" idlems="0.056" threads="0" lastid="0000000000ECF700" lastname="main" />
</exclusive-start>
<allocation-taxation id="29" taxation-threshold="2097152" timestamp="2019-06-16T00:08:00.652" intervalms="8.041" />
<cycle-start id="30" type="global mark phase" contextid="0" timestamp="2019-06-16T00:08:00.652" intervalms="721.591" />
<gc-start id="31" type="global mark phase" contextid="30" timestamp="2019-06-16T00:08:00.652">
  <mem-info id="32" free="3145728" total="8388608" percent="37">
    <remembered-set count="1088" freebytes="330496" totalbytes="334848" percent="98" regionsoverflowed="0" regionsstable="0" regionsrebuilding="0"/>
  </mem-info>
</gc-start>
<gc-op id="33" type="mark increment" timems="1.096" contextid="30" timestamp="2019-06-16T00:08:00.653">
  <trace-info objectcount="88" scancount="0" scanbytes="0" />
</gc-op>
<gc-end id="34" type="global mark phase" contextid="30" durationms="1.173" usertimems="4.000" systemtimems="0.000" timestamp="2019-06-16T00:08:00.653" activeThreads="1">
  <mem-info id="35" free="3145728" total="8388608" percent="37">
    <remembered-set count="1088" freebytes="330496" totalbytes="334848" percent="98" regionsoverflowed="0" regionsstable="0" regionsrebuilding="0"/>
  </mem-info>
</gc-end>
<concurrent-start id="36" type="GMP work packet processing" contextid="30" timestamp="2019-06-16T00:08:00.653">
  <concurrent-mark-start scanTarget="18446744073709551615" />
</concurrent-start>
<exclusive-end id="37" timestamp="2019-06-16T00:08:00.655" durationms="3.191" />

<concurrent-end id="38" type="GMP work packet processing" contextid="30" timestamp="2019-06-16T00:08:00.655">
  <concurrent-mark-end bytesScanned="543880" reasonForTermination="Completed all work in GC phase" />
</concurrent-end>

<exclusive-start id="39" timestamp="2019-06-16T00:08:00.655" intervalms="3.673">
  <response-info timems="0.021" idlems="0.021" threads="0" lastid="0000000000ECF700" lastname="main" />
</exclusive-start>
<allocation-taxation id="40" taxation-threshold="2097152" timestamp="2019-06-16T00:08:00.655" intervalms="3.661" />
<cycle-start id="41" type="partial gc" contextid="0" timestamp="2019-06-16T00:08:00.656" intervalms="11.540" />
<gc-start id="42" type="partial gc" contextid="41" timestamp="2019-06-16T00:08:00.656">
  <mem-info id="43" free="1048576" total="8388608" percent="12">
    <mem type="eden" free="0" total="4194304" percent="0" />
    <remembered-set count="1088" freebytes="330496" totalbytes="334848" percent="98" regionsoverflowed="0" regionsstable="0" regionsrebuilding="0"/>
  </mem-info>
</gc-start>
<allocation-stats totalBytes="3663824" >
  <allocated-bytes non-tlh="0" tlh="3663824" arrayletleaf="0"/>
  <largest-consumer threadName="main" threadId="0000000000ECF700" bytes="1851416" />
</allocation-stats>
<gc-op id="44" type="copy forward" timems="2.304" contextid="41" timestamp="2019-06-16T00:08:00.659">
  <memory-copied type="eden" objects="4" bytes="18112" bytesdiscarded="0" />
  <memory-copied type="other" objects="20" bytes="6120" bytesdiscarded="232" />
  <memory-cardclean objects="21" bytes="808" />
  <regions eden="4" other="1" />
  <remembered-set-cleared processed="261" cleared="18" durationms="0.053" />
  <stringconstants candidates="2485" cleared="0"  />
  <heap-resize type="expand" space="default" amount="1048576" count="1" timems="0.238" reason="continue current collection" />
</gc-op>
<gc-op id="45" type="classunload" timems="0.001" contextid="41" timestamp="2019-06-16T00:08:00.659">
  <classunload-info classloadercandidates="6" classloadersunloaded="0" classesunloaded="0" anonymousclassesunloaded="0" quiescems="0.000" setupms="0.001" scanms="0.000" postms="0.000" />
</gc-op>
<heap-resize id="46" type="expand" space="default" amount="1048576" count="1" timems="0.054" reason="excessive time being spent in gc" timestamp="2019-06-16T00:08:00.659" />
<gc-end id="47" type="partial gc" contextid="41" durationms="3.282" usertimems="4.000" systemtimems="0.000" timestamp="2019-06-16T00:08:00.659" activeThreads="4">
  <mem-info id="48" free="6291456" total="10485760" percent="60">
    <mem type="eden" free="1030464" total="1048576" percent="98" />
    <remembered-set count="1376" freebytes="413056" totalbytes="418560" percent="98" regionsoverflowed="0" regionsstable="0" regionsrebuilding="0"/>
  </mem-info>
</gc-end>
<cycle-end id="49" type="partial gc" contextid="41" timestamp="2019-06-16T00:08:00.659" />
  <attribute name="elasticGC enabled" value="1" />
  <attribute name= "numThreadsSpecified" value="4" />
  <attribute name="heapSize specified" value="0" />
  <attribute name="Current GC Util" value="32" />
  <attribute name= "Current Time Running" value="607" />
  <attribute name ="GC Interval" value="0" />
  <attribute name="ProportionalT" value="18.000000" />
  <attribute name="ProportionalI" value="18.000000" />
  <attribute name="ProportionalH" value="18.000000" />
  <attribute name="Current Error" value="12.000000" />
  <attribute name="IntegralT" value="12.000000" />
  <attribute name="IntegralI" value="12.000000" />
  <attribute name="IntegralH" value="12.000000" />
  <attribute name="DerivativeT" value="-23.000000" />
  <attribute name="DerivativeI" value="-23.000000" />
  <attribute name="DerivativeH" value="-23.000000" />
  <attribute name="Loop Time for DT" value="1.000000" />
  <attribute name="Output H" value="8388608"/>
  <attribute name="Output I" value="200"/>
  <attribute name="Output T" value="4"/>
  <attribute name="Target GC Util Change" value ="20.000000" />
  <attribute name="Current GC Util Change" value="32.000000"/>
  <attribute name="GC Util currently" value="32" />
  <attribute name="CPU Util currently" value="13441269190034" />
<exclusive-end id="50" timestamp="2019-06-16T00:08:00.659" durationms="3.813" />

<exclusive-start id="51" timestamp="2019-06-16T00:08:00.660" intervalms="4.401">
  <response-info timems="0.056" idlems="0.056" threads="0" lastid="0000000000ECF700" lastname="main" />
</exclusive-start>
<allocation-taxation id="52" taxation-threshold="3145728" timestamp="2019-06-16T00:08:00.660" intervalms="4.368" />
<gc-start id="53" type="global mark phase" contextid="30" timestamp="2019-06-16T00:08:00.660">
  <mem-info id="54" free="3145728" total="10485760" percent="30">
    <remembered-set count="1376" freebytes="413056" totalbytes="418560" percent="98" regionsoverflowed="0" regionsstable="0" regionsrebuilding="0"/>
  </mem-info>
</gc-start>
<gc-op id="55" type="mark increment" timems="1.766" contextid="30" timestamp="2019-06-16T00:08:00.662">
  <trace-info objectcount="2" scancount="1" scanbytes="16" />
  <cardclean-info objects="153" bytes="5056" />
  <finalization candidates="45" enqueued="0" />
  <ownableSynchronizers candidates="1" cleared="0" />
  <references type="soft" candidates="66" cleared="0" enqueued="0" dynamicThreshold="19" maxThreshold="32" />
  <references type="weak" candidates="382" cleared="0" enqueued="0" />
  <references type="phantom" candidates="80" cleared="0" enqueued="0" />
  <stringconstants candidates="2485" cleared="0"  />
</gc-op>
<gc-op id="56" type="classunload" timems="0.001" contextid="30" timestamp="2019-06-16T00:08:00.662">
  <classunload-info classloadercandidates="6" classloadersunloaded="0" classesunloaded="0" anonymousclassesunloaded="0" quiescems="0.000" setupms="0.001" scanms="0.000" postms="0.000" />
</gc-op>
<gc-end id="57" type="global mark phase" contextid="30" durationms="2.016" usertimems="4.000" systemtimems="0.000" timestamp="2019-06-16T00:08:00.662" activeThreads="4">
  <mem-info id="58" free="3145728" total="10485760" percent="30">
    <remembered-set count="1376" freebytes="413056" totalbytes="418560" percent="98" regionsoverflowed="0" regionsstable="0" regionsrebuilding="0"/>
  </mem-info>
</gc-end>
<cycle-end id="59" type="global mark phase" contextid="30" timestamp="2019-06-16T00:08:00.662" />
  <attribute name="elasticGC enabled" value="1" />
  <attribute name= "numThreadsSpecified" value="4" />
  <attribute name="heapSize specified" value="0" />
  <attribute name="Current GC Util" value="119" />
  <attribute name= "Current Time Running" value="612" />
  <attribute name ="GC Interval" value="0" />
  <attribute name="ProportionalT" value="148.500000" />
  <attribute name="ProportionalI" value="148.500000" />
  <attribute name="ProportionalH" value="148.500000" />
  <attribute name="Current Error" value="99.000000" />
  <attribute name="IntegralT" value="99.000000" />
  <attribute name="IntegralI" value="99.000000" />
  <attribute name="IntegralH" value="99.000000" />
  <attribute name="DerivativeT" value="2.500000" />
  <attribute name="DerivativeI" value="2.500000" />
  <attribute name="DerivativeH" value="2.500000" />
  <attribute name="Loop Time for DT" value="1.000000" />
  <attribute name="Output H" value="8388608"/>
  <attribute name="Output I" value="256"/>
  <attribute name="Output T" value="4"/>
  <attribute name="Target GC Util Change" value ="20.000000" />
  <attribute name="Current GC Util Change" value="119.000000"/>
  <attribute name="GC Util currently" value="119" />
  <attribute name="CPU Util currently" value="10052020388125" />
<exclusive-end id="60" timestamp="2019-06-16T00:08:00.662" durationms="2.370" />

<exclusive-start id="61" timestamp="2019-06-16T00:08:00.663" intervalms="3.218">
  <response-info timems="0.062" idlems="0.062" threads="0" lastid="0000000000ECF700" lastname="main" />
</exclusive-start>
<allocation-taxation id="62" taxation-threshold="3145728" timestamp="2019-06-16T00:08:00.663" intervalms="3.260" />
<cycle-start id="63" type="partial gc" contextid="0" timestamp="2019-06-16T00:08:00.663" intervalms="7.628" />
<gc-start id="64" type="partial gc" contextid="63" timestamp="2019-06-16T00:08:00.663">
  <mem-info id="65" free="0" total="10485760" percent="0">
    <mem type="eden" free="1030464" total="7340032" percent="14" />
    <remembered-set count="1376" freebytes="413056" totalbytes="418560" percent="98" regionsoverflowed="0" regionsstable="0" regionsrebuilding="0"/>
  </mem-info>
</gc-start>
<allocation-stats totalBytes="5648792" >
  <allocated-bytes non-tlh="0" tlh="5648792" arrayletleaf="0"/>
  <largest-consumer threadName="main" threadId="0000000000ECF700" bytes="2916120" />
</allocation-stats>
<gc-op id="66" type="sweep" timems="1.109" contextid="63" timestamp="2019-06-16T00:08:00.665" />
<gc-op id="67" type="copy forward" timems="2.248" contextid="63" timestamp="2019-06-16T00:08:00.668">
  <memory-copied type="eden" objects="2" bytes="22064" bytesdiscarded="0" />
  <memory-copied type="other" objects="0" bytes="0" bytesdiscarded="0" />
  <memory-cardclean objects="0" bytes="0" />
  <regions eden="3" other="1" />
  <remembered-set-cleared processed="272" cleared="0" durationms="0.085" />
  <stringconstants candidates="2485" cleared="0"  />
</gc-op>
<gc-op id="68" type="classunload" timems="0.002" contextid="63" timestamp="2019-06-16T00:08:00.668">
  <classunload-info classloadercandidates="6" classloadersunloaded="0" classesunloaded="0" anonymousclassesunloaded="0" quiescems="0.000" setupms="0.001" scanms="0.000" postms="0.000" />
</gc-op>
<gc-end id="69" type="partial gc" contextid="63" durationms="4.717" usertimems="0.000" systemtimems="4.000" timestamp="2019-06-16T00:08:00.668" activeThreads="4">
  <mem-info id="70" free="6291456" total="10485760" percent="60">
    <mem type="eden" free="1026512" total="1048576" percent="97" />
    <remembered-set count="480" freebytes="416640" totalbytes="418560" percent="99" regionsoverflowed="0" regionsstable="0" regionsrebuilding="0"/>
  </mem-info>
</gc-end>
<cycle-end id="71" type="partial gc" contextid="63" timestamp="2019-06-16T00:08:00.668" />
  <attribute name="elasticGC enabled" value="1" />
  <attribute name= "numThreadsSpecified" value="4" />
  <attribute name="heapSize specified" value="0" />
  <attribute name="Current GC Util" value="109" />
  <attribute name= "Current Time Running" value="616" />
  <attribute name ="GC Interval" value="0" />
  <attribute name="ProportionalT" value="133.500000" />
  <attribute name="ProportionalI" value="133.500000" />
  <attribute name="ProportionalH" value="133.500000" />
  <attribute name="Current Error" value="89.000000" />
  <attribute name="IntegralT" value="89.000000" />
  <attribute name="IntegralI" value="89.000000" />
  <attribute name="IntegralH" value="89.000000" />
  <attribute name="DerivativeT" value="12.000000" />
  <attribute name="DerivativeI" value="12.000000" />
  <attribute name="DerivativeH" value="12.000000" />
  <attribute name="Loop Time for DT" value="1.000000" />
  <attribute name="Output H" value="8388608"/>
  <attribute name="Output I" value="240"/>
  <attribute name="Output T" value="4"/>
  <attribute name="Target GC Util Change" value ="20.000000" />
  <attribute name="Current GC Util Change" value="109.000000"/>
  <attribute name="GC Util currently" value="109" />
  <attribute name="CPU Util currently" value="7812047528721" />
<exclusive-end id="72" timestamp="2019-06-16T00:08:00.668" durationms="5.306" />

<exclusive-start id="73" timestamp="2019-06-16T00:08:00.669" intervalms="5.858">
  <response-info timems="0.053" idlems="0.053" threads="0" lastid="0000000000ECF700" lastname="main" />
</exclusive-start>
<allocation-taxation id="74" taxation-threshold="3145728" timestamp="2019-06-16T00:08:00.669" intervalms="5.853" />
<cycle-start id="75" type="global mark phase" contextid="0" timestamp="2019-06-16T00:08:00.669" intervalms="17.002" />
<gc-start id="76" type="global mark phase" contextid="75" timestamp="2019-06-16T00:08:00.669">
  <mem-info id="77" free="3145728" total="10485760" percent="30">
    <remembered-set count="480" freebytes="416640" totalbytes="418560" percent="99" regionsoverflowed="0" regionsstable="0" regionsrebuilding="0"/>
  </mem-info>
</gc-start>
<gc-op id="78" type="mark increment" timems="1.000" contextid="75" timestamp="2019-06-16T00:08:00.670">
  <trace-info objectcount="89" scancount="0" scanbytes="0" />
</gc-op>
<gc-end id="79" type="global mark phase" contextid="75" durationms="1.127" usertimems="0.000" systemtimems="0.000" timestamp="2019-06-16T00:08:00.670" activeThreads="1">
  <mem-info id="80" free="3145728" total="10485760" percent="30">
    <remembered-set count="480" freebytes="416640" totalbytes="418560" percent="99" regionsoverflowed="0" regionsstable="0" regionsrebuilding="0"/>
  </mem-info>
</gc-end>
<concurrent-start id="81" type="GMP work packet processing" contextid="75" timestamp="2019-06-16T00:08:00.670">
  <concurrent-mark-start scanTarget="18446744073709551615" />
</concurrent-start>
<exclusive-end id="82" timestamp="2019-06-16T00:08:00.672" durationms="3.160" />

<concurrent-end id="83" type="GMP work packet processing" contextid="75" timestamp="2019-06-16T00:08:00.672">
  <concurrent-mark-end bytesScanned="543896" reasonForTermination="Completed all work in GC phase" />
</concurrent-end>

<exclusive-start id="84" timestamp="2019-06-16T00:08:00.673" intervalms="3.727">
  <response-info timems="0.025" idlems="0.025" threads="0" lastid="0000000000ECF700" lastname="main" />
</exclusive-start>
<allocation-taxation id="85" taxation-threshold="3145728" timestamp="2019-06-16T00:08:00.673" intervalms="3.736" />
<cycle-start id="86" type="partial gc" contextid="0" timestamp="2019-06-16T00:08:00.673" intervalms="9.581" />
<gc-start id="87" type="partial gc" contextid="86" timestamp="2019-06-16T00:08:00.673">
  <mem-info id="88" free="0" total="10485760" percent="0">
    <mem type="eden" free="1026512" total="7340032" percent="13" />
    <remembered-set count="480" freebytes="416640" totalbytes="418560" percent="99" regionsoverflowed="0" regionsstable="0" regionsrebuilding="0"/>
  </mem-info>
</gc-start>
<allocation-stats totalBytes="4802768" >
  <allocated-bytes non-tlh="134936" tlh="4667832" arrayletleaf="0"/>
  <largest-consumer threadName="main" threadId="0000000000ECF700" bytes="2358656" />
</allocation-stats>
<gc-op id="89" type="mark" timems="0.761" contextid="86" timestamp="2019-06-16T00:08:00.674">
  <trace-info objectcount="2" scancount="1" scanbytes="24" />
  <remembered-set-cleared processed="272" cleared="0" durationms="0.048" />
  <stringconstants candidates="2485" cleared="0"  />
  <warning details="Mark invoked due to insufficient free space for Copy-Forward" />
</gc-op>
<gc-op id="90" type="classunload" timems="0.001" contextid="86" timestamp="2019-06-16T00:08:00.675">
  <classunload-info classloadercandidates="6" classloadersunloaded="0" classesunloaded="0" anonymousclassesunloaded="0" quiescems="0.000" setupms="0.001" scanms="0.000" postms="0.000" />
</gc-op>
<gc-op id="91" type="sweep" timems="1.405" contextid="86" timestamp="2019-06-16T00:08:00.676" />
<gc-op id="92" type="compact" timems="2.654" contextid="86" timestamp="2019-06-16T00:08:00.679">
  <compact-info movecount="2" movebytes="25104" />
  <remembered-set-cleared processed="544" cleared="0" durationms="0.048" />
</gc-op>
<gc-end id="93" type="partial gc" contextid="86" durationms="6.254" usertimems="8.000" systemtimems="0.000" timestamp="2019-06-16T00:08:00.679" activeThreads="4">
  <mem-info id="94" free="6291456" total="10485760" percent="60">
    <mem type="eden" free="1023472" total="1048576" percent="97" />
    <remembered-set count="480" freebytes="416640" totalbytes="418560" percent="99" regionsoverflowed="0" regionsstable="0" regionsrebuilding="0"/>
  </mem-info>
</gc-end>
<cycle-end id="95" type="partial gc" contextid="86" timestamp="2019-06-16T00:08:00.679" />
  <attribute name="elasticGC enabled" value="1" />
  <attribute name= "numThreadsSpecified" value="4" />
  <attribute name="heapSize specified" value="0" />
  <attribute name="Current GC Util" value="134" />
  <attribute name= "Current Time Running" value="627" />
  <attribute name ="GC Interval" value="0" />
  <attribute name="ProportionalT" value="171.000000" />
  <attribute name="ProportionalI" value="171.000000" />
  <attribute name="ProportionalH" value="171.000000" />
  <attribute name="Current Error" value="114.000000" />
  <attribute name="IntegralT" value="228.000000" />
  <attribute name="IntegralI" value="228.000000" />
  <attribute name="IntegralH" value="228.000000" />
  <attribute name="DerivativeT" value="28.500000" />
  <attribute name="DerivativeI" value="28.500000" />
  <attribute name="DerivativeH" value="28.500000" />
  <attribute name="Loop Time for DT" value="2.000000" />
  <attribute name="Output H" value="8388608"/>
  <attribute name="Output I" value="432"/>
  <attribute name="Output T" value="4"/>
  <attribute name="Target GC Util Change" value ="20.000000" />
  <attribute name="Current GC Util Change" value="134.000000"/>
  <attribute name="GC Util currently" value="134" />
  <attribute name="CPU Util currently" value="2854705891672" />
<exclusive-end id="96" timestamp="2019-06-16T00:08:00.679" durationms="6.829" />

<exclusive-start id="97" timestamp="2019-06-16T00:08:00.680" intervalms="7.681">
  <response-info timems="0.097" idlems="0.097" threads="0" lastid="0000000000ECF700" lastname="main" />
</exclusive-start>
<allocation-taxation id="98" taxation-threshold="3145728" timestamp="2019-06-16T00:08:00.680" intervalms="7.678" />
<gc-start id="99" type="global mark phase" contextid="75" timestamp="2019-06-16T00:08:00.680">
  <mem-info id="100" free="3145728" total="10485760" percent="30">
    <remembered-set count="480" freebytes="416640" totalbytes="418560" percent="99" regionsoverflowed="0" regionsstable="0" regionsrebuilding="0"/>
  </mem-info>
</gc-start>
<gc-op id="101" type="mark increment" timems="1.657" contextid="75" timestamp="2019-06-16T00:08:00.682">
  <trace-info objectcount="2" scancount="1" scanbytes="24" />
  <finalization candidates="45" enqueued="0" />
  <ownableSynchronizers candidates="1" cleared="0" />
  <references type="soft" candidates="66" cleared="0" enqueued="0" dynamicThreshold="19" maxThreshold="32" />
  <references type="weak" candidates="382" cleared="0" enqueued="0" />
  <references type="phantom" candidates="80" cleared="0" enqueued="0" />
  <stringconstants candidates="2485" cleared="0"  />
</gc-op>
<gc-op id="102" type="classunload" timems="0.001" contextid="75" timestamp="2019-06-16T00:08:00.682">
  <classunload-info classloadercandidates="6" classloadersunloaded="0" classesunloaded="0" anonymousclassesunloaded="0" quiescems="0.000" setupms="0.001" scanms="0.000" postms="0.000" />
</gc-op>
<gc-end id="103" type="global mark phase" contextid="75" durationms="1.961" usertimems="4.000" systemtimems="0.000" timestamp="2019-06-16T00:08:00.682" activeThreads="1">
  <mem-info id="104" free="3145728" total="10485760" percent="30">
    <remembered-set count="480" freebytes="416640" totalbytes="418560" percent="99" regionsoverflowed="0" regionsstable="0" regionsrebuilding="0"/>
  </mem-info>
</gc-end>
<cycle-end id="105" type="global mark phase" contextid="75" timestamp="2019-06-16T00:08:00.683" />
  <attribute name="elasticGC enabled" value="1" />
  <attribute name= "numThreadsSpecified" value="1" />
  <attribute name="heapSize specified" value="0" />
  <attribute name="Current GC Util" value="119" />
  <attribute name= "Current Time Running" value="632" />
  <attribute name ="GC Interval" value="0" />
  <attribute name="ProportionalT" value="148.500000" />
  <attribute name="ProportionalI" value="148.500000" />
  <attribute name="ProportionalH" value="148.500000" />
  <attribute name="Current Error" value="99.000000" />
  <attribute name="IntegralT" value="0.000000" />
  <attribute name="IntegralI" value="0.000000" />
  <attribute name="IntegralH" value="0.000000" />
  <attribute name="DerivativeT" value="inf" />
  <attribute name="DerivativeI" value="inf" />
  <attribute name="DerivativeH" value="inf" />
  <attribute name="Loop Time for DT" value="0.000000" />
  <attribute name="Output H" value="8388608"/>
  <attribute name="Output I" value="200"/>
  <attribute name="Output T" value="1"/>
  <attribute name="Target GC Util Change" value ="20.000000" />
  <attribute name="Current GC Util Change" value="119.000000"/>
  <attribute name="GC Util currently" value="119" />
  <attribute name="CPU Util currently" value="10132990308509" />
<exclusive-end id="106" timestamp="2019-06-16T00:08:00.683" durationms="2.316" />

<exclusive-start id="107" timestamp="2019-06-16T00:08:00.683" intervalms="2.849">
  <response-info timems="0.064" idlems="0.064" threads="0" lastid="0000000000ECF700" lastname="main" />
</exclusive-start>
<allocation-taxation id="108" taxation-threshold="3145728" timestamp="2019-06-16T00:08:00.683" intervalms="2.804" />
<cycle-start id="109" type="partial gc" contextid="0" timestamp="2019-06-16T00:08:00.683" intervalms="10.480" />
<gc-start id="110" type="partial gc" contextid="109" timestamp="2019-06-16T00:08:00.683">
  <mem-info id="111" free="0" total="10485760" percent="0">
    <mem type="eden" free="1023472" total="7340032" percent="13" />
    <remembered-set count="480" freebytes="416640" totalbytes="418560" percent="99" regionsoverflowed="0" regionsstable="0" regionsrebuilding="0"/>
  </mem-info>
</gc-start>
<allocation-stats totalBytes="5207016" >
  <allocated-bytes non-tlh="203400" tlh="5003616" arrayletleaf="0"/>
  <largest-consumer threadName="main" threadId="0000000000ECF700" bytes="2622976" />
</allocation-stats>
<gc-op id="112" type="sweep" timems="1.131" contextid="109" timestamp="2019-06-16T00:08:00.685" />
<gc-op id="113" type="copy forward" timems="4.420" contextid="109" timestamp="2019-06-16T00:08:00.690">
  <memory-copied type="eden" objects="2" bytes="28072" bytesdiscarded="0" />
  <memory-copied type="other" objects="0" bytes="0" bytesdiscarded="0" />
  <memory-cardclean objects="0" bytes="0" />
  <regions eden="3" other="1" />
  <remembered-set-cleared processed="278" cleared="0" durationms="0.055" />
  <stringconstants candidates="2485" cleared="0"  />
</gc-op>
<gc-op id="114" type="classunload" timems="0.001" contextid="109" timestamp="2019-06-16T00:08:00.690">
  <classunload-info classloadercandidates="6" classloadersunloaded="0" classesunloaded="0" anonymousclassesunloaded="0" quiescems="0.000" setupms="0.001" scanms="0.000" postms="0.000" />
</gc-op>
<gc-end id="115" type="partial gc" contextid="109" durationms="6.855" usertimems="4.000" systemtimems="4.000" timestamp="2019-06-16T00:08:00.690" activeThreads="4">
  <mem-info id="116" free="6291456" total="10485760" percent="60">
    <mem type="eden" free="1020504" total="1048576" percent="97" />
    <remembered-set count="480" freebytes="416640" totalbytes="418560" percent="99" regionsoverflowed="0" regionsstable="0" regionsrebuilding="0"/>
  </mem-info>
</gc-end>
<cycle-end id="117" type="partial gc" contextid="109" timestamp="2019-06-16T00:08:00.690" />
  <attribute name="elasticGC enabled" value="1" />
  <attribute name= "numThreadsSpecified" value="4" />
  <attribute name="heapSize specified" value="0" />
  <attribute name="Current GC Util" value="115" />
  <attribute name= "Current Time Running" value="636" />
  <attribute name ="GC Interval" value="0" />
  <attribute name="ProportionalT" value="142.500000" />
  <attribute name="ProportionalI" value="142.500000" />
  <attribute name="ProportionalH" value="142.500000" />
  <attribute name="Current Error" value="95.000000" />
  <attribute name="IntegralT" value="95.000000" />
  <attribute name="IntegralI" value="95.000000" />
  <attribute name="IntegralH" value="95.000000" />
  <attribute name="DerivativeT" value="-2.500000" />
  <attribute name="DerivativeI" value="-2.500000" />
  <attribute name="DerivativeH" value="-2.500000" />
  <attribute name="Loop Time for DT" value="1.000000" />
  <attribute name="Output H" value="8388608"/>
  <attribute name="Output I" value="240"/>
  <attribute name="Output T" value="4"/>
  <attribute name="Target GC Util Change" value ="20.000000" />
  <attribute name="Current GC Util Change" value="115.000000"/>
  <attribute name="GC Util currently" value="115" />
  <attribute name="CPU Util currently" value="8959670997547" />
<exclusive-end id="118" timestamp="2019-06-16T00:08:00.691" durationms="7.384" />

<exclusive-start id="119" timestamp="2019-06-16T00:08:00.691" intervalms="7.956">
  <response-info timems="0.053" idlems="0.053" threads="0" lastid="0000000000ECF700" lastname="main" />
</exclusive-start>
<allocation-taxation id="120" taxation-threshold="3145728" timestamp="2019-06-16T00:08:00.691" intervalms="7.997" />
<cycle-start id="121" type="global mark phase" contextid="0" timestamp="2019-06-16T00:08:00.691" intervalms="22.218" />
<gc-start id="122" type="global mark phase" contextid="121" timestamp="2019-06-16T00:08:00.691">
  <mem-info id="123" free="3145728" total="10485760" percent="30">
    <remembered-set count="480" freebytes="416640" totalbytes="418560" percent="99" regionsoverflowed="0" regionsstable="0" regionsrebuilding="0"/>
  </mem-info>
</gc-start>
<gc-op id="124" type="mark increment" timems="1.161" contextid="121" timestamp="2019-06-16T00:08:00.693">
  <trace-info objectcount="90" scancount="0" scanbytes="0" />
</gc-op>
<gc-end id="125" type="global mark phase" contextid="121" durationms="1.255" usertimems="0.000" systemtimems="0.000" timestamp="2019-06-16T00:08:00.693" activeThreads="4">
  <mem-info id="126" free="3145728" total="10485760" percent="30">
    <remembered-set count="480" freebytes="416640" totalbytes="418560" percent="99" regionsoverflowed="0" regionsstable="0" regionsrebuilding="0"/>
  </mem-info>
</gc-end>
<concurrent-start id="127" type="GMP work packet processing" contextid="121" timestamp="2019-06-16T00:08:00.693">
  <concurrent-mark-start scanTarget="18446744073709551615" />
</concurrent-start>
<exclusive-end id="128" timestamp="2019-06-16T00:08:00.693" durationms="1.758" />

<exclusive-start id="129" timestamp="2019-06-16T00:08:00.694" intervalms="2.697">
  <response-info timems="0.025" idlems="0.025" threads="0" lastid="0000000000ECF700" lastname="main" />
</exclusive-start>
<allocation-taxation id="130" taxation-threshold="3145728" timestamp="2019-06-16T00:08:00.695" intervalms="3.372" />
<concurrent-end id="131" type="GMP work packet processing" contextid="121" timestamp="2019-06-16T00:08:00.695">
  <concurrent-mark-end bytesScanned="474972" reasonForTermination="Termination requested" />
</concurrent-end>

<cycle-start id="132" type="partial gc" contextid="0" timestamp="2019-06-16T00:08:00.695" intervalms="11.472" />
<gc-start id="133" type="partial gc" contextid="132" timestamp="2019-06-16T00:08:00.695">
  <mem-info id="134" free="0" total="10485760" percent="0">
    <mem type="eden" free="1020504" total="7340032" percent="13" />
    <remembered-set count="480" freebytes="416640" totalbytes="418560" percent="99" regionsoverflowed="0" regionsstable="0" regionsrebuilding="0"/>
  </mem-info>
</gc-start>
<allocation-stats totalBytes="5652224" >
  <allocated-bytes non-tlh="255096" tlh="5397128" arrayletleaf="0"/>
  <largest-consumer threadName="main" threadId="0000000000ECF700" bytes="2911560" />
</allocation-stats>
<gc-op id="135" type="mark" timems="0.612" contextid="132" timestamp="2019-06-16T00:08:00.696">
  <trace-info objectcount="4" scancount="2" scanbytes="40" />
  <remembered-set-cleared processed="278" cleared="0" durationms="0.055" />
  <stringconstants candidates="2485" cleared="0"  />
  <warning details="Mark invoked due to insufficient free space for Copy-Forward" />
</gc-op>
<gc-op id="136" type="classunload" timems="0.001" contextid="132" timestamp="2019-06-16T00:08:00.696">
  <classunload-info classloadercandidates="6" classloadersunloaded="0" classesunloaded="0" anonymousclassesunloaded="0" quiescems="0.000" setupms="0.001" scanms="0.000" postms="0.000" />
</gc-op>
<gc-op id="137" type="sweep" timems="0.776" contextid="132" timestamp="2019-06-16T00:08:00.697" />
<gc-op id="138" type="compact" timems="1.194" contextid="132" timestamp="2019-06-16T00:08:00.698">
  <compact-info movecount="4" movebytes="31104" />
  <remembered-set-cleared processed="556" cleared="0" durationms="0.055" />
</gc-op>
<gc-end id="139" type="partial gc" contextid="132" durationms="3.755" usertimems="8.000" systemtimems="0.000" timestamp="2019-06-16T00:08:00.699" activeThreads="4">
  <mem-info id="140" free="6291456" total="10485760" percent="60">
    <mem type="eden" free="1017472" total="1048576" percent="97" />
    <remembered-set count="480" freebytes="416640" totalbytes="418560" percent="99" regionsoverflowed="0" regionsstable="0" regionsrebuilding="0"/>
  </mem-info>
</gc-end>
<cycle-end id="141" type="partial gc" contextid="132" timestamp="2019-06-16T00:08:00.699" />
  <attribute name="elasticGC enabled" value="1" />
  <attribute name= "numThreadsSpecified" value="4" />
  <attribute name="heapSize specified" value="0" />
  <attribute name="Current GC Util" value="209" />
  <attribute name= "Current Time Running" value="648" />
  <attribute name ="GC Interval" value="0" />
  <attribute name="ProportionalT" value="283.500000" />
  <attribute name="ProportionalI" value="283.500000" />
  <attribute name="ProportionalH" value="283.500000" />
  <attribute name="Current Error" value="189.000000" />
  <attribute name="IntegralT" value="189.000000" />
  <attribute name="IntegralI" value="189.000000" />
  <attribute name="IntegralH" value="189.000000" />
  <attribute name="DerivativeT" value="94.500000" />
  <attribute name="DerivativeI" value="94.500000" />
  <attribute name="DerivativeH" value="94.500000" />
  <attribute name="Loop Time for DT" value="1.000000" />
  <attribute name="Output H" value="8388608"/>
  <attribute name="Output I" value="568"/>
  <attribute name="Output T" value="4"/>
  <attribute name="Target GC Util Change" value ="20.000000" />
  <attribute name="Current GC Util Change" value="209.000000"/>
  <attribute name="GC Util currently" value="209" />
  <attribute name="CPU Util currently" value="4905840194926" />
<concurrent-start id="142" type="GMP work packet processing" contextid="121" timestamp="2019-06-16T00:08:00.699">
  <concurrent-mark-start scanTarget="18446744073709076643" />
</concurrent-start>
<exclusive-end id="143" timestamp="2019-06-16T00:08:00.699" durationms="5.280" />

<concurrent-end id="144" type="GMP work packet processing" contextid="121" timestamp="2019-06-16T00:08:00.701">
  <concurrent-mark-end bytesScanned="68924" reasonForTermination="Completed all work in GC phase" />
</concurrent-end>

<exclusive-start id="145" timestamp="2019-06-16T00:08:00.702" intervalms="7.940">
  <response-info timems="0.074" idlems="0.074" threads="0" lastid="0000000000ECF700" lastname="main" />
</exclusive-start>
<allocation-taxation id="146" taxation-threshold="3145728" timestamp="2019-06-16T00:08:00.702" intervalms="7.371" />
<gc-start id="147" type="global mark phase" contextid="121" timestamp="2019-06-16T00:08:00.702">
  <mem-info id="148" free="3145728" total="10485760" percent="30">
    <remembered-set count="480" freebytes="416640" totalbytes="418560" percent="99" regionsoverflowed="0" regionsstable="0" regionsrebuilding="0"/>
  </mem-info>
</gc-start>
<gc-op id="149" type="mark increment" timems="1.266" contextid="121" timestamp="2019-06-16T00:08:00.703">
  <trace-info objectcount="2" scancount="1" scanbytes="24" />
  <cardclean-info objects="1" bytes="24" />
  <finalization candidates="45" enqueued="0" />
  <ownableSynchronizers candidates="1" cleared="0" />
  <references type="soft" candidates="66" cleared="0" enqueued="0" dynamicThreshold="19" maxThreshold="32" />
  <references type="weak" candidates="382" cleared="0" enqueued="0" />
  <references type="phantom" candidates="80" cleared="0" enqueued="0" />
  <stringconstants candidates="2485" cleared="0"  />
</gc-op>
<gc-op id="150" type="classunload" timems="0.002" contextid="121" timestamp="2019-06-16T00:08:00.704">
  <classunload-info classloadercandidates="6" classloadersunloaded="0" classesunloaded="0" anonymousclassesunloaded="0" quiescems="0.000" setupms="0.002" scanms="0.000" postms="0.000" />
</gc-op>
<gc-end id="151" type="global mark phase" contextid="121" durationms="1.583" usertimems="0.000" systemtimems="0.000" timestamp="2019-06-16T00:08:00.704" activeThreads="4">
  <mem-info id="152" free="3145728" total="10485760" percent="30">
    <remembered-set count="480" freebytes="416640" totalbytes="418560" percent="99" regionsoverflowed="0" regionsstable="0" regionsrebuilding="0"/>
  </mem-info>
</gc-end>
<cycle-end id="153" type="global mark phase" contextid="121" timestamp="2019-06-16T00:08:00.704" />
  <attribute name="elasticGC enabled" value="1" />
  <attribute name= "numThreadsSpecified" value="4" />
  <attribute name="heapSize specified" value="0" />
  <attribute name="Current GC Util" value="0" />
  <attribute name= "Current Time Running" value="653" />
  <attribute name ="GC Interval" value="0" />
  <attribute name="ProportionalT" value="-30.000000" />
  <attribute name="ProportionalI" value="-30.000000" />
  <attribute name="ProportionalH" value="-30.000000" />
  <attribute name="Current Error" value="-20.000000" />
  <attribute name="IntegralT" value="0.000000" />
  <attribute name="IntegralI" value="0.000000" />
  <attribute name="IntegralH" value="0.000000" />
  <attribute name="DerivativeT" value="-inf" />
  <attribute name="DerivativeI" value="-inf" />
  <attribute name="DerivativeH" value="-inf" />
  <attribute name="Loop Time for DT" value="0.000000" />
  <attribute name="Output H" value="2091843584"/>
  <attribute name="Output I" value="200"/>
  <attribute name="Output T" value="4"/>
  <attribute name="Target GC Util Change" value ="20.000000" />
  <attribute name="Current GC Util Change" value="0.000000"/>
  <attribute name="GC Util currently" value="0" />
  <attribute name="CPU Util currently" value="36046820415600" />
<exclusive-end id="154" timestamp="2019-06-16T00:08:00.704" durationms="2.229" />

<exclusive-start id="155" timestamp="2019-06-16T00:08:00.705" intervalms="3.142">
  <response-info timems="0.048" idlems="0.048" threads="0" lastid="0000000000ECF700" lastname="main" />
</exclusive-start>
<allocation-taxation id="156" taxation-threshold="3145728" timestamp="2019-06-16T00:08:00.705" intervalms="3.043" />
<cycle-start id="157" type="partial gc" contextid="0" timestamp="2019-06-16T00:08:00.705" intervalms="10.457" />
<gc-start id="158" type="partial gc" contextid="157" timestamp="2019-06-16T00:08:00.705">
  <mem-info id="159" free="0" total="10485760" percent="0">
    <mem type="eden" free="1017472" total="7340032" percent="13" />
    <remembered-set count="480" freebytes="416640" totalbytes="418560" percent="99" regionsoverflowed="0" regionsstable="0" regionsrebuilding="0"/>
  </mem-info>
</gc-start>
<allocation-stats totalBytes="5545784" >
  <allocated-bytes non-tlh="908080" tlh="4637704" arrayletleaf="0"/>
  <largest-consumer threadName="main" threadId="0000000000ECF700" bytes="2587800" />
</allocation-stats>
<gc-op id="160" type="sweep" timems="0.862" contextid="157" timestamp="2019-06-16T00:08:00.707" />
<gc-op id="161" type="copy forward" timems="1.551" contextid="157" timestamp="2019-06-16T00:08:00.709">
  <memory-copied type="eden" objects="2" bytes="67392" bytesdiscarded="0" />
  <memory-copied type="other" objects="0" bytes="0" bytesdiscarded="0" />
  <memory-cardclean objects="0" bytes="0" />
  <regions eden="3" other="1" />
  <remembered-set-cleared processed="284" cleared="0" durationms="0.070" />
  <stringconstants candidates="2485" cleared="0"  />
</gc-op>
<gc-op id="162" type="classunload" timems="0.001" contextid="157" timestamp="2019-06-16T00:08:00.709">
  <classunload-info classloadercandidates="6" classloadersunloaded="0" classesunloaded="0" anonymousclassesunloaded="0" quiescems="0.000" setupms="0.001" scanms="0.000" postms="0.000" />
</gc-op>
<gc-end id="163" type="partial gc" contextid="157" durationms="3.690" usertimems="4.000" systemtimems="0.000" timestamp="2019-06-16T00:08:00.709" activeThreads="4">
  <mem-info id="164" free="6291456" total="10485760" percent="60">
    <mem type="eden" free="981184" total="1048576" percent="93" />
    <remembered-set count="480" freebytes="416640" totalbytes="418560" percent="99" regionsoverflowed="0" regionsstable="0" regionsrebuilding="0"/>
  </mem-info>
</gc-end>
<cycle-end id="165" type="partial gc" contextid="157" timestamp="2019-06-16T00:08:00.709" />
  <attribute name="elasticGC enabled" value="1" />
  <attribute name= "numThreadsSpecified" value="4" />
  <attribute name="heapSize specified" value="0" />
  <attribute name="Current GC Util" value="156" />
  <attribute name= "Current Time Running" value="658" />
  <attribute name ="GC Interval" value="0" />
  <attribute name="ProportionalT" value="204.000000" />
  <attribute name="ProportionalI" value="204.000000" />
  <attribute name="ProportionalH" value="204.000000" />
  <attribute name="Current Error" value="136.000000" />
  <attribute name="IntegralT" value="136.000000" />
  <attribute name="IntegralI" value="136.000000" />
  <attribute name="IntegralH" value="136.000000" />
  <attribute name="DerivativeT" value="9.000000" />
  <attribute name="DerivativeI" value="9.000000" />
  <attribute name="DerivativeH" value="9.000000" />
  <attribute name="Loop Time for DT" value="1.000000" />
  <attribute name="Output H" value="8388608"/>
  <attribute name="Output I" value="352"/>
  <attribute name="Output T" value="4"/>
  <attribute name="Target GC Util Change" value ="20.000000" />
  <attribute name="Current GC Util Change" value="156.000000"/>
  <attribute name="GC Util currently" value="156" />
  <attribute name="CPU Util currently" value="13211236665680" />
<exclusive-end id="166" timestamp="2019-06-16T00:08:00.709" durationms="4.524" />

<exclusive-start id="167" timestamp="2019-06-16T00:08:00.711" intervalms="6.538">
  <response-info timems="0.057" idlems="0.031" threads="1" lastid="0000000000ED3300" lastname="JIT Compilation Thread-0" />
</exclusive-start>
<allocation-taxation id="168" taxation-threshold="3145728" timestamp="2019-06-16T00:08:00.712" intervalms="6.657" />
<cycle-start id="169" type="global mark phase" contextid="0" timestamp="2019-06-16T00:08:00.712" intervalms="20.622" />
<gc-start id="170" type="global mark phase" contextid="169" timestamp="2019-06-16T00:08:00.712">
  <mem-info id="171" free="3145728" total="10485760" percent="30">
    <remembered-set count="480" freebytes="416640" totalbytes="418560" percent="99" regionsoverflowed="0" regionsstable="0" regionsrebuilding="0"/>
  </mem-info>
</gc-start>
<gc-op id="172" type="mark increment" timems="0.769" contextid="169" timestamp="2019-06-16T00:08:00.713">
  <trace-info objectcount="86" scancount="0" scanbytes="0" />
</gc-op>
<gc-end id="173" type="global mark phase" contextid="169" durationms="1.072" usertimems="0.000" systemtimems="0.000" timestamp="2019-06-16T00:08:00.713" activeThreads="1">
  <mem-info id="174" free="3145728" total="10485760" percent="30">
    <remembered-set count="480" freebytes="416640" totalbytes="418560" percent="99" regionsoverflowed="0" regionsstable="0" regionsrebuilding="0"/>
  </mem-info>
</gc-end>
<concurrent-start id="175" type="GMP work packet processing" contextid="169" timestamp="2019-06-16T00:08:00.713">
  <concurrent-mark-start scanTarget="18446744073709551615" />
</concurrent-start>
<exclusive-end id="176" timestamp="2019-06-16T00:08:00.713" durationms="1.991" />

<exclusive-start id="177" timestamp="2019-06-16T00:08:00.714" intervalms="2.727">
  <response-info timems="0.026" idlems="0.026" threads="0" lastid="0000000000ECF700" lastname="main" />
</exclusive-start>
<allocation-taxation id="178" taxation-threshold="3145728" timestamp="2019-06-16T00:08:00.714" intervalms="2.672" />
<concurrent-end id="179" type="GMP work packet processing" contextid="169" timestamp="2019-06-16T00:08:00.715">
  <concurrent-mark-end bytesScanned="268124" reasonForTermination="Termination requested" />
</concurrent-end>

<cycle-start id="180" type="partial gc" contextid="0" timestamp="2019-06-16T00:08:00.715" intervalms="9.481" />
<gc-start id="181" type="partial gc" contextid="180" timestamp="2019-06-16T00:08:00.715">
  <mem-info id="182" free="0" total="10485760" percent="0">
    <mem type="eden" free="981184" total="7340032" percent="13" />
    <remembered-set count="480" freebytes="416640" totalbytes="418560" percent="99" regionsoverflowed="0" regionsstable="0" regionsrebuilding="0"/>
  </mem-info>
</gc-start>
<allocation-stats totalBytes="5463424" >
  <allocated-bytes non-tlh="1536888" tlh="3926536" arrayletleaf="0"/>
  <largest-consumer threadName="main" threadId="0000000000ECF700" bytes="2708424" />
</allocation-stats>
<gc-op id="183" type="mark" timems="0.607" contextid="180" timestamp="2019-06-16T00:08:00.716">
  <trace-info objectcount="2" scancount="1" scanbytes="24" />
  <remembered-set-cleared processed="284" cleared="0" durationms="0.061" />
  <stringconstants candidates="2485" cleared="0"  />
  <warning details="Mark invoked due to insufficient free space for Copy-Forward" />
</gc-op>
<gc-op id="184" type="classunload" timems="0.002" contextid="180" timestamp="2019-06-16T00:08:00.716">
  <classunload-info classloadercandidates="6" classloadersunloaded="0" classesunloaded="0" anonymousclassesunloaded="0" quiescems="0.000" setupms="0.002" scanms="0.000" postms="0.000" />
</gc-op>
<gc-op id="185" type="sweep" timems="0.779" contextid="180" timestamp="2019-06-16T00:08:00.717" />
<gc-op id="186" type="compact" timems="1.608" contextid="180" timestamp="2019-06-16T00:08:00.719">
  <compact-info movecount="2" movebytes="36240" />
  <remembered-set-cleared processed="568" cleared="0" durationms="0.061" />
</gc-op>
<gc-end id="187" type="partial gc" contextid="180" durationms="4.133" usertimems="0.000" systemtimems="8.000" timestamp="2019-06-16T00:08:00.719" activeThreads="4">
  <mem-info id="188" free="6291456" total="10485760" percent="60">
    <mem type="eden" free="1012336" total="1048576" percent="96" />
    <remembered-set count="480" freebytes="416640" totalbytes="418560" percent="99" regionsoverflowed="0" regionsstable="0" regionsrebuilding="0"/>
  </mem-info>
</gc-end>
<cycle-end id="189" type="partial gc" contextid="180" timestamp="2019-06-16T00:08:00.719" />
  <attribute name="elasticGC enabled" value="1" />
  <attribute name= "numThreadsSpecified" value="4" />
  <attribute name="heapSize specified" value="0" />
  <attribute name="Current GC Util" value="187" />
  <attribute name= "Current Time Running" value="668" />
  <attribute name ="GC Interval" value="0" />
  <attribute name="ProportionalT" value="250.500000" />
  <attribute name="ProportionalI" value="250.500000" />
  <attribute name="ProportionalH" value="250.500000" />
  <attribute name="Current Error" value="167.000000" />
  <attribute name="IntegralT" value="167.000000" />
  <attribute name="IntegralI" value="167.000000" />
  <attribute name="IntegralH" value="167.000000" />
  <attribute name="DerivativeT" value="83.500000" />
  <attribute name="DerivativeI" value="83.500000" />
  <attribute name="DerivativeH" value="83.500000" />
  <attribute name="Loop Time for DT" value="1.000000" />
  <attribute name="Output H" value="8388608"/>
  <attribute name="Output I" value="504"/>
  <attribute name="Output T" value="4"/>
  <attribute name="Target GC Util Change" value ="20.000000" />
  <attribute name="Current GC Util Change" value="187.000000"/>
  <attribute name="GC Util currently" value="187" />
  <attribute name="CPU Util currently" value="4666475100516" />
<concurrent-start id="190" type="GMP work packet processing" contextid="169" timestamp="2019-06-16T00:08:00.719">
  <concurrent-mark-start scanTarget="18446744073709283491" />
</concurrent-start>
<exclusive-end id="191" timestamp="2019-06-16T00:08:00.719" durationms="5.135" />

<exclusive-start id="192" timestamp="2019-06-16T00:08:00.720" intervalms="5.946">
  <response-info timems="0.031" idlems="0.031" threads="0" lastid="0000000000ECF700" lastname="main" />
</exclusive-start>
<allocation-taxation id="193" taxation-threshold="3145728" timestamp="2019-06-16T00:08:00.720" intervalms="5.883" />
<concurrent-end id="194" type="GMP work packet processing" contextid="169" timestamp="2019-06-16T00:08:00.720">
  <concurrent-mark-end bytesScanned="275732" reasonForTermination="Completed all work in GC phase" />
</concurrent-end>

<gc-start id="195" type="global mark phase" contextid="169" timestamp="2019-06-16T00:08:00.720">
  <mem-info id="196" free="3145728" total="10485760" percent="30">
    <remembered-set count="480" freebytes="416640" totalbytes="418560" percent="99" regionsoverflowed="0" regionsstable="0" regionsrebuilding="0"/>
  </mem-info>
</gc-start>
<gc-op id="197" type="mark increment" timems="1.880" contextid="169" timestamp="2019-06-16T00:08:00.722">
  <trace-info objectcount="2" scancount="1" scanbytes="24" />
  <finalization candidates="45" enqueued="0" />
  <ownableSynchronizers candidates="1" cleared="0" />
  <references type="soft" candidates="66" cleared="0" enqueued="0" dynamicThreshold="19" maxThreshold="32" />
  <references type="weak" candidates="382" cleared="0" enqueued="0" />
  <references type="phantom" candidates="80" cleared="0" enqueued="0" />
  <stringconstants candidates="2485" cleared="0"  />
</gc-op>
<gc-op id="198" type="classunload" timems="0.002" contextid="169" timestamp="2019-06-16T00:08:00.722">
  <classunload-info classloadercandidates="6" classloadersunloaded="0" classesunloaded="0" anonymousclassesunloaded="0" quiescems="0.000" setupms="0.002" scanms="0.000" postms="0.000" />
</gc-op>
<gc-end id="199" type="global mark phase" contextid="169" durationms="2.099" usertimems="4.000" systemtimems="0.000" timestamp="2019-06-16T00:08:00.722" activeThreads="4">
  <mem-info id="200" free="3145728" total="10485760" percent="30">
    <remembered-set count="480" freebytes="416640" totalbytes="418560" percent="99" regionsoverflowed="0" regionsstable="0" regionsrebuilding="0"/>
  </mem-info>
</gc-end>
<cycle-end id="201" type="global mark phase" contextid="169" timestamp="2019-06-16T00:08:00.723" />
  <attribute name="elasticGC enabled" value="1" />
  <attribute name= "numThreadsSpecified" value="4" />
  <attribute name="heapSize specified" value="0" />
  <attribute name="Current GC Util" value="0" />
  <attribute name= "Current Time Running" value="671" />
  <attribute name ="GC Interval" value="0" />
  <attribute name="ProportionalT" value="-30.000000" />
  <attribute name="ProportionalI" value="-30.000000" />
  <attribute name="ProportionalH" value="-30.000000" />
  <attribute name="Current Error" value="-20.000000" />
  <attribute name="IntegralT" value="0.000000" />
  <attribute name="IntegralI" value="0.000000" />
  <attribute name="IntegralH" value="0.000000" />
  <attribute name="DerivativeT" value="-inf" />
  <attribute name="DerivativeI" value="-inf" />
  <attribute name="DerivativeH" value="-inf" />
  <attribute name="Loop Time for DT" value="0.000000" />
  <attribute name="Output H" value="2091843584"/>
  <attribute name="Output I" value="200"/>
  <attribute name="Output T" value="4"/>
  <attribute name="Target GC Util Change" value ="20.000000" />
  <attribute name="Current GC Util Change" value="0.000000"/>
  <attribute name="GC Util currently" value="0" />
  <attribute name="CPU Util currently" value="20864714046151" />
<exclusive-end id="202" timestamp="2019-06-16T00:08:00.723" durationms="2.587" />

<exclusive-start id="203" timestamp="2019-06-16T00:08:00.728" intervalms="7.512">
  <response-info timems="0.077" idlems="0.077" threads="0" lastid="0000000000ECF700" lastname="main" />
</exclusive-start>
<allocation-taxation id="204" taxation-threshold="3145728" timestamp="2019-06-16T00:08:00.728" intervalms="7.588" />
<cycle-start id="205" type="partial gc" contextid="0" timestamp="2019-06-16T00:08:00.728" intervalms="13.295" />
<gc-start id="206" type="partial gc" contextid="205" timestamp="2019-06-16T00:08:00.728">
  <mem-info id="207" free="0" total="10485760" percent="0">
    <mem type="eden" free="1218896" total="7340032" percent="16" />
    <remembered-set count="480" freebytes="416640" totalbytes="418560" percent="99" regionsoverflowed="0" regionsstable="0" regionsrebuilding="0"/>
  </mem-info>
</gc-start>
<allocation-stats totalBytes="5480680" >
  <allocated-bytes non-tlh="1669400" tlh="3811280" arrayletleaf="0"/>
  <largest-consumer threadName="main" threadId="0000000000ECF700" bytes="2779960" />
</allocation-stats>
<gc-op id="208" type="sweep" timems="0.856" contextid="205" timestamp="2019-06-16T00:08:00.730" />
<gc-op id="209" type="copy forward" timems="1.764" contextid="205" timestamp="2019-06-16T00:08:00.732">
  <memory-copied type="eden" objects="2" bytes="38480" bytesdiscarded="0" />
  <memory-copied type="other" objects="0" bytes="0" bytesdiscarded="0" />
  <memory-cardclean objects="0" bytes="0" />
  <regions eden="3" other="1" />
  <remembered-set-cleared processed="289" cleared="0" durationms="0.059" />
  <stringconstants candidates="2485" cleared="0"  />
</gc-op>
<gc-op id="210" type="classunload" timems="0.001" contextid="205" timestamp="2019-06-16T00:08:00.732">
  <classunload-info classloadercandidates="6" classloadersunloaded="0" classesunloaded="0" anonymousclassesunloaded="0" quiescems="0.000" setupms="0.001" scanms="0.000" postms="0.000" />
</gc-op>
<gc-end id="211" type="partial gc" contextid="205" durationms="4.006" usertimems="4.000" systemtimems="0.000" timestamp="2019-06-16T00:08:00.732" activeThreads="4">
  <mem-info id="212" free="6291456" total="10485760" percent="60">
    <mem type="eden" free="1010096" total="1048576" percent="96" />
    <remembered-set count="480" freebytes="416640" totalbytes="418560" percent="99" regionsoverflowed="0" regionsstable="0" regionsrebuilding="0"/>
  </mem-info>
</gc-end>
<cycle-end id="213" type="partial gc" contextid="205" timestamp="2019-06-16T00:08:00.732" />
  <attribute name="elasticGC enabled" value="1" />
  <attribute name= "numThreadsSpecified" value="4" />
  <attribute name="heapSize specified" value="0" />
  <attribute name="Current GC Util" value="160" />
  <attribute name= "Current Time Running" value="681" />
  <attribute name ="GC Interval" value="0" />
  <attribute name="ProportionalT" value="210.000000" />
  <attribute name="ProportionalI" value="210.000000" />
  <attribute name="ProportionalH" value="210.000000" />
  <attribute name="Current Error" value="140.000000" />
  <attribute name="IntegralT" value="140.000000" />
  <attribute name="IntegralI" value="140.000000" />
  <attribute name="IntegralH" value="140.000000" />
  <attribute name="DerivativeT" value="13.500000" />
  <attribute name="DerivativeI" value="13.500000" />
  <attribute name="DerivativeH" value="13.500000" />
  <attribute name="Loop Time for DT" value="1.000000" />
  <attribute name="Output H" value="8388608"/>
  <attribute name="Output I" value="368"/>
  <attribute name="Output T" value="4"/>
  <attribute name="Target GC Util Change" value ="20.000000" />
  <attribute name="Current GC Util Change" value="160.000000"/>
  <attribute name="GC Util currently" value="160" />
  <attribute name="CPU Util currently" value="13244701948215" />
<exclusive-end id="214" timestamp="2019-06-16T00:08:00.733" durationms="4.974" />

<exclusive-start id="215" timestamp="2019-06-16T00:08:00.733" intervalms="5.723">
  <response-info timems="0.022" idlems="0.022" threads="0" lastid="0000000000ECF700" lastname="main" />
</exclusive-start>
<allocation-taxation id="216" taxation-threshold="3145728" timestamp="2019-06-16T00:08:00.733" intervalms="5.683" />
<cycle-start id="217" type="global mark phase" contextid="0" timestamp="2019-06-16T00:08:00.734" intervalms="21.739" />
<gc-start id="218" type="global mark phase" contextid="217" timestamp="2019-06-16T00:08:00.734">
  <mem-info id="219" free="3145728" total="10485760" percent="30">
    <remembered-set count="480" freebytes="416640" totalbytes="418560" percent="99" regionsoverflowed="0" regionsstable="0" regionsrebuilding="0"/>
  </mem-info>
</gc-start>
<gc-op id="220" type="mark increment" timems="0.921" contextid="217" timestamp="2019-06-16T00:08:00.735">
  <trace-info objectcount="88" scancount="0" scanbytes="0" />
</gc-op>
<gc-end id="221" type="global mark phase" contextid="217" durationms="1.104" usertimems="0.000" systemtimems="0.000" timestamp="2019-06-16T00:08:00.735" activeThreads="4">
  <mem-info id="222" free="3145728" total="10485760" percent="30">
    <remembered-set count="480" freebytes="416640" totalbytes="418560" percent="99" regionsoverflowed="0" regionsstable="0" regionsrebuilding="0"/>
  </mem-info>
</gc-end>
<concurrent-start id="223" type="GMP work packet processing" contextid="217" timestamp="2019-06-16T00:08:00.735">
  <concurrent-mark-start scanTarget="18446744073709551615" />
</concurrent-start>
<exclusive-end id="224" timestamp="2019-06-16T00:08:00.735" durationms="1.897" />

<exclusive-start id="225" timestamp="2019-06-16T00:08:00.736" intervalms="2.696">
  <response-info timems="0.062" idlems="0.062" threads="0" lastid="0000000000ECF700" lastname="main" />
</exclusive-start>
<allocation-taxation id="226" taxation-threshold="3145728" timestamp="2019-06-16T00:08:00.736" intervalms="2.621" />
<concurrent-end id="227" type="GMP work packet processing" contextid="217" timestamp="2019-06-16T00:08:00.736">
  <concurrent-mark-end bytesScanned="318152" reasonForTermination="Termination requested" />
</concurrent-end>

<cycle-start id="228" type="partial gc" contextid="0" timestamp="2019-06-16T00:08:00.737" intervalms="8.538" />
<gc-start id="229" type="partial gc" contextid="228" timestamp="2019-06-16T00:08:00.737">
  <mem-info id="230" free="0" total="10485760" percent="0">
    <mem type="eden" free="1043024" total="7340032" percent="14" />
    <remembered-set count="480" freebytes="416640" totalbytes="418560" percent="99" regionsoverflowed="0" regionsstable="0" regionsrebuilding="0"/>
  </mem-info>
</gc-start>
<allocation-stats totalBytes="5777688" >
  <allocated-bytes non-tlh="2009496" tlh="3768192" arrayletleaf="0"/>
  <largest-consumer threadName="main" threadId="0000000000ECF700" bytes="2918640" />
</allocation-stats>
<gc-op id="231" type="mark" timems="0.997" contextid="228" timestamp="2019-06-16T00:08:00.738">
  <trace-info objectcount="2" scancount="1" scanbytes="24" />
  <remembered-set-cleared processed="289" cleared="0" durationms="0.060" />
  <stringconstants candidates="2485" cleared="0"  />
  <warning details="Mark invoked due to insufficient free space for Copy-Forward" />
</gc-op>
<gc-op id="232" type="classunload" timems="0.001" contextid="228" timestamp="2019-06-16T00:08:00.738">
  <classunload-info classloadercandidates="6" classloadersunloaded="0" classesunloaded="0" anonymousclassesunloaded="0" quiescems="0.000" setupms="0.001" scanms="0.000" postms="0.000" />
</gc-op>
<gc-op id="233" type="sweep" timems="0.588" contextid="228" timestamp="2019-06-16T00:08:00.739" />
<gc-op id="234" type="compact" timems="1.107" contextid="228" timestamp="2019-06-16T00:08:00.740">
  <compact-info movecount="2" movebytes="40704" />
  <remembered-set-cleared processed="578" cleared="0" durationms="0.060" />
</gc-op>
<gc-end id="235" type="partial gc" contextid="228" durationms="3.913" usertimems="4.000" systemtimems="0.000" timestamp="2019-06-16T00:08:00.741" activeThreads="4">
  <mem-info id="236" free="6291456" total="10485760" percent="60">
    <mem type="eden" free="1007872" total="1048576" percent="96" />
    <remembered-set count="992" freebytes="414592" totalbytes="418560" percent="99" regionsoverflowed="0" regionsstable="0" regionsrebuilding="0"/>
  </mem-info>
</gc-end>
<cycle-end id="237" type="partial gc" contextid="228" timestamp="2019-06-16T00:08:00.741" />
  <attribute name="elasticGC enabled" value="1" />
  <attribute name= "numThreadsSpecified" value="4" />
  <attribute name="heapSize specified" value="0" />
  <attribute name="Current GC Util" value="97" />
  <attribute name= "Current Time Running" value="690" />
  <attribute name ="GC Interval" value="0" />
  <attribute name="ProportionalT" value="115.500000" />
  <attribute name="ProportionalI" value="115.500000" />
  <attribute name="ProportionalH" value="115.500000" />
  <attribute name="Current Error" value="77.000000" />
  <attribute name="IntegralT" value="77.000000" />
  <attribute name="IntegralI" value="77.000000" />
  <attribute name="IntegralH" value="77.000000" />
  <attribute name="DerivativeT" value="-10.000000" />
  <attribute name="DerivativeI" value="-10.000000" />
  <attribute name="DerivativeH" value="-10.000000" />
  <attribute name="Loop Time for DT" value="1.000000" />
  <attribute name="Output H" value="8388608"/>
  <attribute name="Output I" value="200"/>
  <attribute name="Output T" value="4"/>
  <attribute name="Target GC Util Change" value ="20.000000" />
  <attribute name="Current GC Util Change" value="97.000000"/>
  <attribute name="GC Util currently" value="97" />
  <attribute name="CPU Util currently" value="5753926793109" />
<concurrent-start id="238" type="GMP work packet processing" contextid="217" timestamp="2019-06-16T00:08:00.741">
  <concurrent-mark-start scanTarget="18446744073709233463" />
</concurrent-start>
<exclusive-end id="239" timestamp="2019-06-16T00:08:00.741" durationms="4.939" />

<exclusive-start id="240" timestamp="2019-06-16T00:08:00.742" intervalms="5.679">
  <response-info timems="0.021" idlems="0.021" threads="0" lastid="0000000000ECF700" lastname="main" />
</exclusive-start>
<allocation-taxation id="241" taxation-threshold="3145728" timestamp="2019-06-16T00:08:00.742" intervalms="5.718" />
<concurrent-end id="242" type="GMP work packet processing" contextid="217" timestamp="2019-06-16T00:08:00.742">
  <concurrent-mark-end bytesScanned="225728" reasonForTermination="Completed all work in GC phase" />
</concurrent-end>

<gc-start id="243" type="global mark phase" contextid="217" timestamp="2019-06-16T00:08:00.742">
  <mem-info id="244" free="3145728" total="10485760" percent="30">
    <remembered-set count="992" freebytes="414592" totalbytes="418560" percent="99" regionsoverflowed="0" regionsstable="0" regionsrebuilding="0"/>
  </mem-info>
</gc-start>
<gc-op id="245" type="mark increment" timems="1.576" contextid="217" timestamp="2019-06-16T00:08:00.744">
  <trace-info objectcount="2" scancount="1" scanbytes="24" />
  <finalization candidates="45" enqueued="0" />
  <ownableSynchronizers candidates="1" cleared="0" />
  <references type="soft" candidates="66" cleared="0" enqueued="0" dynamicThreshold="19" maxThreshold="32" />
  <references type="weak" candidates="382" cleared="0" enqueued="0" />
  <references type="phantom" candidates="80" cleared="0" enqueued="0" />
  <stringconstants candidates="2485" cleared="0"  />
</gc-op>
<gc-op id="246" type="classunload" timems="0.001" contextid="217" timestamp="2019-06-16T00:08:00.744">
  <classunload-info classloadercandidates="6" classloadersunloaded="0" classesunloaded="0" anonymousclassesunloaded="0" quiescems="0.000" setupms="0.001" scanms="0.000" postms="0.000" />
</gc-op>
<gc-end id="247" type="global mark phase" contextid="217" durationms="1.837" usertimems="4.000" systemtimems="0.000" timestamp="2019-06-16T00:08:00.744" activeThreads="4">
  <mem-info id="248" free="3145728" total="10485760" percent="30">
    <remembered-set count="992" freebytes="414592" totalbytes="418560" percent="99" regionsoverflowed="0" regionsstable="0" regionsrebuilding="0"/>
  </mem-info>
</gc-end>
<cycle-end id="249" type="global mark phase" contextid="217" timestamp="2019-06-16T00:08:00.744" />
  <attribute name="elasticGC enabled" value="1" />
  <attribute name= "numThreadsSpecified" value="4" />
  <attribute name="heapSize specified" value="0" />
  <attribute name="Current GC Util" value="0" />
  <attribute name= "Current Time Running" value="693" />
  <attribute name ="GC Interval" value="0" />
  <attribute name="ProportionalT" value="-30.000000" />
  <attribute name="ProportionalI" value="-30.000000" />
  <attribute name="ProportionalH" value="-30.000000" />
  <attribute name="Current Error" value="-20.000000" />
  <attribute name="IntegralT" value="0.000000" />
  <attribute name="IntegralI" value="0.000000" />
  <attribute name="IntegralH" value="0.000000" />
  <attribute name="DerivativeT" value="-inf" />
  <attribute name="DerivativeI" value="-inf" />
  <attribute name="DerivativeH" value="-inf" />
  <attribute name="Loop Time for DT" value="0.000000" />
  <attribute name="Output H" value="2091843584"/>
  <attribute name="Output I" value="200"/>
  <attribute name="Output T" value="4"/>
  <attribute name="Target GC Util Change" value ="20.000000" />
  <attribute name="Current GC Util Change" value="0.000000"/>
  <attribute name="GC Util currently" value="0" />
  <attribute name="CPU Util currently" value="20833232513418" />
<exclusive-end id="250" timestamp="2019-06-16T00:08:00.744" durationms="2.401" />

<exclusive-start id="251" timestamp="2019-06-16T00:08:00.745" intervalms="2.946">
  <response-info timems="0.045" idlems="0.045" threads="0" lastid="0000000000ECF700" lastname="main" />
</exclusive-start>
<allocation-taxation id="252" taxation-threshold="3145728" timestamp="2019-06-16T00:08:00.745" intervalms="2.910" />
<cycle-start id="253" type="partial gc" contextid="0" timestamp="2019-06-16T00:08:00.745" intervalms="8.288" />
<gc-start id="254" type="partial gc" contextid="253" timestamp="2019-06-16T00:08:00.745">
  <mem-info id="255" free="0" total="10485760" percent="0">
    <mem type="eden" free="1063256" total="7340032" percent="14" />
    <remembered-set count="992" freebytes="414592" totalbytes="418560" percent="99" regionsoverflowed="0" regionsstable="0" regionsrebuilding="0"/>
  </mem-info>
</gc-start>
<allocation-stats totalBytes="5896504" >
  <allocated-bytes non-tlh="2160088" tlh="3736416" arrayletleaf="0"/>
  <largest-consumer threadName="main" threadId="0000000000ECF700" bytes="3052704" />
</allocation-stats>
<gc-op id="256" type="sweep" timems="0.777" contextid="253" timestamp="2019-06-16T00:08:00.746" />
<gc-op id="257" type="copy forward" timems="0.586" contextid="253" timestamp="2019-06-16T00:08:00.747">
  <memory-copied type="eden" objects="2" bytes="42928" bytesdiscarded="0" />
  <memory-copied type="other" objects="0" bytes="0" bytesdiscarded="0" />
  <memory-cardclean objects="0" bytes="0" />
  <regions eden="3" other="1" />
  <remembered-set-cleared processed="294" cleared="0" durationms="0.047" />
  <stringconstants candidates="2485" cleared="0"  />
</gc-op>
<gc-op id="258" type="classunload" timems="0.001" contextid="253" timestamp="2019-06-16T00:08:00.747">
  <classunload-info classloadercandidates="6" classloadersunloaded="0" classesunloaded="0" anonymousclassesunloaded="0" quiescems="0.000" setupms="0.001" scanms="0.000" postms="0.000" />
</gc-op>
<gc-op id="259" type="compact" timems="1.315" contextid="253" timestamp="2019-06-16T00:08:00.749">
  <compact-info movecount="0" movebytes="0" />
  <remembered-set-cleared processed="588" cleared="0" durationms="0.047" />
</gc-op>
<gc-end id="260" type="partial gc" contextid="253" durationms="3.882" usertimems="0.000" systemtimems="8.000" timestamp="2019-06-16T00:08:00.749" activeThreads="4">
  <mem-info id="261" free="6291456" total="10485760" percent="60">
    <mem type="eden" free="1005648" total="1048576" percent="95" />
    <remembered-set count="512" freebytes="416512" totalbytes="418560" percent="99" regionsoverflowed="0" regionsstable="0" regionsrebuilding="0"/>
  </mem-info>
</gc-end>
<cycle-end id="262" type="partial gc" contextid="253" timestamp="2019-06-16T00:08:00.749" />
  <attribute name="elasticGC enabled" value="1" />
  <attribute name= "numThreadsSpecified" value="4" />
  <attribute name="heapSize specified" value="0" />
  <attribute name="Current GC Util" value="0" />
  <attribute name= "Current Time Running" value="698" />
  <attribute name ="GC Interval" value="0" />
  <attribute name="ProportionalT" value="-30.000000" />
  <attribute name="ProportionalI" value="-30.000000" />
  <attribute name="ProportionalH" value="-30.000000" />
  <attribute name="Current Error" value="-20.000000" />
  <attribute name="IntegralT" value="-20.000000" />
  <attribute name="IntegralI" value="-20.000000" />
  <attribute name="IntegralH" value="-20.000000" />
  <attribute name="DerivativeT" value="-91.500000" />
  <attribute name="DerivativeI" value="-91.500000" />
  <attribute name="DerivativeH" value="-91.500000" />
  <attribute name="Loop Time for DT" value="1.000000" />
  <attribute name="Output H" value="2091843584"/>
  <attribute name="Output I" value="200"/>
  <attribute name="Output T" value="4"/>
  <attribute name="Target GC Util Change" value ="20.000000" />
  <attribute name="Current GC Util Change" value="0.000000"/>
  <attribute name="GC Util currently" value="0" />
  <attribute name="CPU Util currently" value="5342094581350" />
<exclusive-end id="263" timestamp="2019-06-16T00:08:00.749" durationms="4.465" />

<exclusive-start id="264" timestamp="2019-06-16T00:08:00.750" intervalms="4.962">
  <response-info timems="0.020" idlems="0.020" threads="0" lastid="0000000000ECF700" lastname="main" />
</exclusive-start>
<allocation-taxation id="265" taxation-threshold="3145728" timestamp="2019-06-16T00:08:00.750" intervalms="4.992" />
<cycle-start id="266" type="global mark phase" contextid="0" timestamp="2019-06-16T00:08:00.750" intervalms="16.164" />
<gc-start id="267" type="global mark phase" contextid="266" timestamp="2019-06-16T00:08:00.750">
  <mem-info id="268" free="3145728" total="10485760" percent="30">
    <remembered-set count="512" freebytes="416512" totalbytes="418560" percent="99" regionsoverflowed="0" regionsstable="0" regionsrebuilding="0"/>
  </mem-info>
</gc-start>
<gc-op id="269" type="mark increment" timems="0.805" contextid="266" timestamp="2019-06-16T00:08:00.751">
  <trace-info objectcount="89" scancount="0" scanbytes="0" />
</gc-op>
<gc-end id="270" type="global mark phase" contextid="266" durationms="0.977" usertimems="0.000" systemtimems="0.000" timestamp="2019-06-16T00:08:00.751" activeThreads="4">
  <mem-info id="271" free="3145728" total="10485760" percent="30">
    <remembered-set count="512" freebytes="416512" totalbytes="418560" percent="99" regionsoverflowed="0" regionsstable="0" regionsrebuilding="0"/>
  </mem-info>
</gc-end>
<concurrent-start id="272" type="GMP work packet processing" contextid="266" timestamp="2019-06-16T00:08:00.751">
  <concurrent-mark-start scanTarget="18446744073709551615" />
</concurrent-start>
<exclusive-end id="273" timestamp="2019-06-16T00:08:00.751" durationms="1.403" />

<exclusive-start id="274" timestamp="2019-06-16T00:08:00.751" intervalms="1.851">
  <response-info timems="0.023" idlems="0.023" threads="0" lastid="0000000000ECF700" lastname="main" />
</exclusive-start>
<allocation-taxation id="275" taxation-threshold="3145728" timestamp="2019-06-16T00:08:00.752" intervalms="1.821" />
<concurrent-end id="276" type="GMP work packet processing" contextid="266" timestamp="2019-06-16T00:08:00.752">
  <concurrent-mark-end bytesScanned="326808" reasonForTermination="Termination requested" />
</concurrent-end>

<cycle-start id="277" type="partial gc" contextid="0" timestamp="2019-06-16T00:08:00.752" intervalms="7.480" />
<gc-start id="278" type="partial gc" contextid="277" timestamp="2019-06-16T00:08:00.752">
  <mem-info id="279" free="0" total="10485760" percent="0">
    <mem type="eden" free="1005648" total="7340032" percent="13" />
    <remembered-set count="512" freebytes="416512" totalbytes="418560" percent="99" regionsoverflowed="0" regionsstable="0" regionsrebuilding="0"/>
  </mem-info>
</gc-start>
<allocation-stats totalBytes="5238216" >
  <allocated-bytes non-tlh="3069896" tlh="2168320" arrayletleaf="0"/>
  <largest-consumer threadName="main" threadId="0000000000ECF700" bytes="2495824" />
</allocation-stats>
<gc-op id="280" type="mark" timems="0.592" contextid="277" timestamp="2019-06-16T00:08:00.754">
  <trace-info objectcount="4" scancount="2" scanbytes="40" />
  <remembered-set-cleared processed="298" cleared="0" durationms="0.053" />
  <stringconstants candidates="2485" cleared="0"  />
  <warning details="Mark invoked due to insufficient free space for Copy-Forward" />
</gc-op>
<gc-op id="281" type="classunload" timems="0.002" contextid="277" timestamp="2019-06-16T00:08:00.754">
  <classunload-info classloadercandidates="6" classloadersunloaded="0" classesunloaded="0" anonymousclassesunloaded="0" quiescems="0.000" setupms="0.001" scanms="0.000" postms="0.000" />
</gc-op>
<gc-op id="282" type="sweep" timems="0.737" contextid="277" timestamp="2019-06-16T00:08:00.755" />
<gc-op id="283" type="compact" timems="1.437" contextid="277" timestamp="2019-06-16T00:08:00.756">
  <compact-info movecount="4" movebytes="45112" />
  <remembered-set-cleared processed="596" cleared="0" durationms="0.053" />
</gc-op>
<gc-end id="284" type="partial gc" contextid="277" durationms="3.993" usertimems="8.000" systemtimems="0.000" timestamp="2019-06-16T00:08:00.756" activeThreads="4">
  <mem-info id="285" free="6291456" total="10485760" percent="60">
    <mem type="eden" free="1003464" total="1048576" percent="95" />
    <remembered-set count="512" freebytes="416512" totalbytes="418560" percent="99" regionsoverflowed="0" regionsstable="0" regionsrebuilding="0"/>
  </mem-info>
</gc-end>
<cycle-end id="286" type="partial gc" contextid="277" timestamp="2019-06-16T00:08:00.757" />
  <attribute name="elasticGC enabled" value="1" />
  <attribute name= "numThreadsSpecified" value="4" />
  <attribute name="heapSize specified" value="0" />
  <attribute name="Current GC Util" value="195" />
  <attribute name= "Current Time Running" value="705" />
  <attribute name ="GC Interval" value="0" />
  <attribute name="ProportionalT" value="262.500000" />
  <attribute name="ProportionalI" value="262.500000" />
  <attribute name="ProportionalH" value="262.500000" />
  <attribute name="Current Error" value="175.000000" />
  <attribute name="IntegralT" value="175.000000" />
  <attribute name="IntegralI" value="175.000000" />
  <attribute name="IntegralH" value="175.000000" />
  <attribute name="DerivativeT" value="87.500000" />
  <attribute name="DerivativeI" value="87.500000" />
  <attribute name="DerivativeH" value="87.500000" />
  <attribute name="Loop Time for DT" value="1.000000" />
  <attribute name="Output H" value="8388608"/>
  <attribute name="Output I" value="528"/>
  <attribute name="Output T" value="4"/>
  <attribute name="Target GC Util Change" value ="20.000000" />
  <attribute name="Current GC Util Change" value="195.000000"/>
  <attribute name="GC Util currently" value="195" />
  <attribute name="CPU Util currently" value="4816422502995" />
<concurrent-start id="287" type="GMP work packet processing" contextid="266" timestamp="2019-06-16T00:08:00.757">
  <concurrent-mark-start scanTarget="18446744073709224807" />
</concurrent-start>
<exclusive-end id="288" timestamp="2019-06-16T00:08:00.757" durationms="5.310" />

<exclusive-start id="289" timestamp="2019-06-16T00:08:00.757" intervalms="5.849">
  <response-info timems="0.020" idlems="0.020" threads="0" lastid="0000000000ECF700" lastname="main" />
</exclusive-start>
<allocation-taxation id="290" taxation-threshold="3145728" timestamp="2019-06-16T00:08:00.757" intervalms="5.867" />
<concurrent-end id="291" type="GMP work packet processing" contextid="266" timestamp="2019-06-16T00:08:00.758">
  <concurrent-mark-end bytesScanned="217088" reasonForTermination="Termination requested" />
</concurrent-end>

<gc-start id="292" type="global mark phase" contextid="266" timestamp="2019-06-16T00:08:00.758">
  <mem-info id="293" free="3145728" total="10485760" percent="30">
    <remembered-set count="512" freebytes="416512" totalbytes="418560" percent="99" regionsoverflowed="0" regionsstable="0" regionsrebuilding="0"/>
  </mem-info>
</gc-start>
<gc-op id="294" type="mark increment" timems="0.282" contextid="266" timestamp="2019-06-16T00:08:00.758">
  <trace-info objectcount="0" scancount="0" scanbytes="0" />
</gc-op>
<gc-end id="295" type="global mark phase" contextid="266" durationms="0.448" usertimems="0.000" systemtimems="0.000" timestamp="2019-06-16T00:08:00.758" activeThreads="4">
  <mem-info id="296" free="3145728" total="10485760" percent="30">
    <remembered-set count="512" freebytes="416512" totalbytes="418560" percent="99" regionsoverflowed="0" regionsstable="0" regionsrebuilding="0"/>
  </mem-info>
</gc-end>
<concurrent-start id="297" type="GMP work packet processing" contextid="266" timestamp="2019-06-16T00:08:00.758">
  <concurrent-mark-start scanTarget="18446744073709551615" />
</concurrent-start>
<exclusive-end id="298" timestamp="2019-06-16T00:08:00.758" durationms="1.112" />

<exclusive-start id="299" timestamp="2019-06-16T00:08:00.759" intervalms="1.663">
  <response-info timems="0.049" idlems="0.049" threads="0" lastid="0000000000ECF700" lastname="main" />
</exclusive-start>
<allocation-taxation id="300" taxation-threshold="3145728" timestamp="2019-06-16T00:08:00.759" intervalms="1.674" />
<concurrent-end id="301" type="GMP work packet processing" contextid="266" timestamp="2019-06-16T00:08:00.759">
  <concurrent-mark-end bytesScanned="0" reasonForTermination="Termination requested" />
</concurrent-end>

<cycle-start id="302" type="partial gc" contextid="0" timestamp="2019-06-16T00:08:00.759" intervalms="7.152" />
<gc-start id="303" type="partial gc" contextid="302" timestamp="2019-06-16T00:08:00.760">
  <mem-info id="304" free="0" total="10485760" percent="0">
    <mem type="eden" free="1003464" total="7340032" percent="13" />
    <remembered-set count="512" freebytes="416512" totalbytes="418560" percent="99" regionsoverflowed="0" regionsstable="0" regionsrebuilding="0"/>
  </mem-info>
</gc-start>
<allocation-stats totalBytes="5302432" >
  <allocated-bytes non-tlh="2945688" tlh="2356744" arrayletleaf="0"/>
  <largest-consumer threadName="main" threadId="0000000000ECF700" bytes="2611736" />
</allocation-stats>
<gc-op id="305" type="mark" timems="1.584" contextid="302" timestamp="2019-06-16T00:08:00.762">
  <trace-info objectcount="2" scancount="1" scanbytes="24" />
  <remembered-set-cleared processed="301" cleared="0" durationms="0.136" />
  <stringconstants candidates="2485" cleared="0"  />
  <warning details="Mark invoked due to insufficient free space for Copy-Forward" />
</gc-op>
<gc-op id="306" type="classunload" timems="0.002" contextid="302" timestamp="2019-06-16T00:08:00.762">
  <classunload-info classloadercandidates="6" classloadersunloaded="0" classesunloaded="0" anonymousclassesunloaded="0" quiescems="0.000" setupms="0.002" scanms="0.000" postms="0.000" />
</gc-op>
<gc-op id="307" type="sweep" timems="0.560" contextid="302" timestamp="2019-06-16T00:08:00.763" />
<gc-op id="308" type="compact" timems="1.053" contextid="302" timestamp="2019-06-16T00:08:00.764">
  <compact-info movecount="2" movebytes="94104" />
  <remembered-set-cleared processed="602" cleared="0" durationms="0.136" />
</gc-op>
<gc-end id="309" type="partial gc" contextid="302" durationms="4.493" usertimems="4.000" systemtimems="4.000" timestamp="2019-06-16T00:08:00.764" activeThreads="4">
  <mem-info id="310" free="6291456" total="10485760" percent="60">
    <mem type="eden" free="954472" total="1048576" percent="91" />
    <remembered-set count="512" freebytes="416512" totalbytes="418560" percent="99" regionsoverflowed="0" regionsstable="0" regionsrebuilding="0"/>
  </mem-info>
</gc-end>
<cycle-end id="311" type="partial gc" contextid="302" timestamp="2019-06-16T00:08:00.764" />
  <attribute name="elasticGC enabled" value="1" />
  <attribute name= "numThreadsSpecified" value="4" />
  <attribute name="heapSize specified" value="0" />
  <attribute name="Current GC Util" value="117" />
  <attribute name= "Current Time Running" value="713" />
  <attribute name ="GC Interval" value="0" />
  <attribute name="ProportionalT" value="145.500000" />
  <attribute name="ProportionalI" value="145.500000" />
  <attribute name="ProportionalH" value="145.500000" />
  <attribute name="Current Error" value="97.000000" />
  <attribute name="IntegralT" value="0.000000" />
  <attribute name="IntegralI" value="0.000000" />
  <attribute name="IntegralH" value="0.000000" />
  <attribute name="DerivativeT" value="-inf" />
  <attribute name="DerivativeI" value="-inf" />
  <attribute name="DerivativeH" value="-inf" />
  <attribute name="Loop Time for DT" value="0.000000" />
  <attribute name="Output H" value="2091843584"/>
  <attribute name="Output I" value="200"/>
  <attribute name="Output T" value="4"/>
  <attribute name="Target GC Util Change" value ="20.000000" />
  <attribute name="Current GC Util Change" value="117.000000"/>
  <attribute name="GC Util currently" value="117" />
  <attribute name="CPU Util currently" value="6021185276298" />
<concurrent-start id="312" type="GMP work packet processing" contextid="266" timestamp="2019-06-16T00:08:00.764">
  <concurrent-mark-start scanTarget="18446744073709551615" />
</concurrent-start>
<exclusive-end id="313" timestamp="2019-06-16T00:08:00.765" durationms="5.556" />

<exclusive-start id="314" timestamp="2019-06-16T00:08:00.765" intervalms="6.087">
  <response-info timems="0.022" idlems="0.022" threads="0" lastid="0000000000ECF700" lastname="main" />
</exclusive-start>
<allocation-taxation id="315" taxation-threshold="3145728" timestamp="2019-06-16T00:08:00.765" intervalms="6.089" />
<concurrent-end id="316" type="GMP work packet processing" contextid="266" timestamp="2019-06-16T00:08:00.765">
  <concurrent-mark-end bytesScanned="0" reasonForTermination="Termination requested" />
</concurrent-end>

<gc-start id="317" type="global mark phase" contextid="266" timestamp="2019-06-16T00:08:00.765">
  <mem-info id="318" free="3145728" total="10485760" percent="30">
    <remembered-set count="512" freebytes="416512" totalbytes="418560" percent="99" regionsoverflowed="0" regionsstable="0" regionsrebuilding="0"/>
  </mem-info>
</gc-start>
<gc-op id="319" type="mark increment" timems="0.329" contextid="266" timestamp="2019-06-16T00:08:00.766">
  <trace-info objectcount="0" scancount="0" scanbytes="0" />
</gc-op>
<gc-end id="320" type="global mark phase" contextid="266" durationms="0.533" usertimems="0.000" systemtimems="0.000" timestamp="2019-06-16T00:08:00.766" activeThreads="4">
  <mem-info id="321" free="3145728" total="10485760" percent="30">
    <remembered-set count="512" freebytes="416512" totalbytes="418560" percent="99" regionsoverflowed="0" regionsstable="0" regionsrebuilding="0"/>
  </mem-info>
</gc-end>
<concurrent-start id="322" type="GMP work packet processing" contextid="266" timestamp="2019-06-16T00:08:00.766">
  <concurrent-mark-start scanTarget="18446744073709551615" />
</concurrent-start>
<exclusive-end id="323" timestamp="2019-06-16T00:08:00.766" durationms="1.141" />

<exclusive-start id="324" timestamp="2019-06-16T00:08:00.767" intervalms="1.660">
  <response-info timems="0.024" idlems="0.024" threads="0" lastid="0000000000ECF700" lastname="main" />
</exclusive-start>
<allocation-taxation id="325" taxation-threshold="3145728" timestamp="2019-06-16T00:08:00.767" intervalms="1.635" />
<concurrent-end id="326" type="GMP work packet processing" contextid="266" timestamp="2019-06-16T00:08:00.767">
  <concurrent-mark-end bytesScanned="0" reasonForTermination="Termination requested" />
</concurrent-end>

<cycle-start id="327" type="partial gc" contextid="0" timestamp="2019-06-16T00:08:00.767" intervalms="7.643" />
<gc-start id="328" type="partial gc" contextid="327" timestamp="2019-06-16T00:08:00.767">
  <mem-info id="329" free="0" total="10485760" percent="0">
    <mem type="eden" free="1038856" total="7340032" percent="14" />
    <remembered-set count="512" freebytes="416512" totalbytes="418560" percent="99" regionsoverflowed="0" regionsstable="0" regionsrebuilding="0"/>
  </mem-info>
</gc-start>
<allocation-stats totalBytes="5345600" >
  <allocated-bytes non-tlh="2977648" tlh="2367952" arrayletleaf="0"/>
  <largest-consumer threadName="main" threadId="0000000000ECF700" bytes="2609976" />
</allocation-stats>
<gc-op id="330" type="mark" timems="0.583" contextid="327" timestamp="2019-06-16T00:08:00.768">
  <trace-info objectcount="2" scancount="1" scanbytes="24" />
  <remembered-set-cleared processed="303" cleared="0" durationms="0.054" />
  <stringconstants candidates="2485" cleared="0"  />
  <warning details="Mark invoked due to insufficient free space for Copy-Forward" />
</gc-op>
<gc-op id="331" type="classunload" timems="0.001" contextid="327" timestamp="2019-06-16T00:08:00.768">
  <classunload-info classloadercandidates="6" classloadersunloaded="0" classesunloaded="0" anonymousclassesunloaded="0" quiescems="0.000" setupms="0.001" scanms="0.000" postms="0.000" />
</gc-op>
<gc-op id="332" type="sweep" timems="0.776" contextid="327" timestamp="2019-06-16T00:08:00.769" />
<gc-op id="333" type="compact" timems="1.269" contextid="327" timestamp="2019-06-16T00:08:00.771">
  <compact-info movecount="2" movebytes="49048" />
  <remembered-set-cleared processed="606" cleared="0" durationms="0.054" />
</gc-op>
<gc-end id="334" type="partial gc" contextid="327" durationms="3.703" usertimems="4.000" systemtimems="0.000" timestamp="2019-06-16T00:08:00.771" activeThreads="4">
  <mem-info id="335" free="6291456" total="10485760" percent="60">
    <mem type="eden" free="999528" total="1048576" percent="95" />
    <remembered-set count="512" freebytes="416512" totalbytes="418560" percent="99" regionsoverflowed="0" regionsstable="0" regionsrebuilding="0"/>
  </mem-info>
</gc-end>
<cycle-end id="336" type="partial gc" contextid="327" timestamp="2019-06-16T00:08:00.771" />
  <attribute name="elasticGC enabled" value="1" />
  <attribute name= "numThreadsSpecified" value="4" />
  <attribute name="heapSize specified" value="0" />
  <attribute name="Current GC Util" value="192" />
  <attribute name= "Current Time Running" value="720" />
  <attribute name ="GC Interval" value="0" />
  <attribute name="ProportionalT" value="258.000000" />
  <attribute name="ProportionalI" value="258.000000" />
  <attribute name="ProportionalH" value="258.000000" />
  <attribute name="Current Error" value="172.000000" />
  <attribute name="IntegralT" value="172.000000" />
  <attribute name="IntegralI" value="172.000000" />
  <attribute name="IntegralH" value="172.000000" />
  <attribute name="DerivativeT" value="86.000000" />
  <attribute name="DerivativeI" value="86.000000" />
  <attribute name="DerivativeH" value="86.000000" />
  <attribute name="Loop Time for DT" value="1.000000" />
  <attribute name="Output H" value="8388608"/>
  <attribute name="Output I" value="520"/>
  <attribute name="Output T" value="4"/>
  <attribute name="Target GC Util Change" value ="20.000000" />
  <attribute name="Current GC Util Change" value="192.000000"/>
  <attribute name="GC Util currently" value="192" />
  <attribute name="CPU Util currently" value="4725267263999" />
<concurrent-start id="337" type="GMP work packet processing" contextid="266" timestamp="2019-06-16T00:08:00.771">
  <concurrent-mark-start scanTarget="18446744073709551615" />
</concurrent-start>
<exclusive-end id="338" timestamp="2019-06-16T00:08:00.771" durationms="4.555" />

<exclusive-start id="339" timestamp="2019-06-16T00:08:00.772" intervalms="5.121">
  <response-info timems="0.053" idlems="0.053" threads="0" lastid="0000000000ECF700" lastname="main" />
</exclusive-start>
<allocation-taxation id="340" taxation-threshold="3145728" timestamp="2019-06-16T00:08:00.772" intervalms="5.132" />
<concurrent-end id="341" type="GMP work packet processing" contextid="266" timestamp="2019-06-16T00:08:00.772">
  <concurrent-mark-end bytesScanned="0" reasonForTermination="Termination requested" />
</concurrent-end>

<gc-start id="342" type="global mark phase" contextid="266" timestamp="2019-06-16T00:08:00.772">
  <mem-info id="343" free="3145728" total="10485760" percent="30">
    <remembered-set count="512" freebytes="416512" totalbytes="418560" percent="99" regionsoverflowed="0" regionsstable="0" regionsrebuilding="0"/>
  </mem-info>
</gc-start>
<gc-op id="344" type="mark increment" timems="0.324" contextid="266" timestamp="2019-06-16T00:08:00.773">
  <trace-info objectcount="0" scancount="0" scanbytes="0" />
</gc-op>
<gc-end id="345" type="global mark phase" contextid="266" durationms="0.481" usertimems="0.000" systemtimems="0.000" timestamp="2019-06-16T00:08:00.773" activeThreads="4">
  <mem-info id="346" free="3145728" total="10485760" percent="30">
    <remembered-set count="512" freebytes="416512" totalbytes="418560" percent="99" regionsoverflowed="0" regionsstable="0" regionsrebuilding="0"/>
  </mem-info>
</gc-end>
<concurrent-start id="347" type="GMP work packet processing" contextid="266" timestamp="2019-06-16T00:08:00.773">
  <concurrent-mark-start scanTarget="18446744073709551615" />
</concurrent-start>
<exclusive-end id="348" timestamp="2019-06-16T00:08:00.773" durationms="1.296" />

<exclusive-start id="349" timestamp="2019-06-16T00:08:00.774" intervalms="1.809">
  <response-info timems="0.021" idlems="0.021" threads="0" lastid="0000000000ECF700" lastname="main" />
</exclusive-start>
<allocation-taxation id="350" taxation-threshold="3145728" timestamp="2019-06-16T00:08:00.774" intervalms="1.813" />
<concurrent-end id="351" type="GMP work packet processing" contextid="266" timestamp="2019-06-16T00:08:00.774">
  <concurrent-mark-end bytesScanned="0" reasonForTermination="Termination requested" />
</concurrent-end>

<cycle-start id="352" type="partial gc" contextid="0" timestamp="2019-06-16T00:08:00.774" intervalms="6.975" />
<gc-start id="353" type="partial gc" contextid="352" timestamp="2019-06-16T00:08:00.774">
  <mem-info id="354" free="0" total="10485760" percent="0">
    <mem type="eden" free="1027624" total="7340032" percent="14" />
    <remembered-set count="512" freebytes="416512" totalbytes="418560" percent="99" regionsoverflowed="0" regionsstable="0" regionsrebuilding="0"/>
  </mem-info>
</gc-start>
<allocation-stats totalBytes="5530608" >
  <allocated-bytes non-tlh="3146432" tlh="2384176" arrayletleaf="0"/>
  <largest-consumer threadName="main" threadId="0000000000ECF700" bytes="2729664" />
</allocation-stats>
<gc-op id="355" type="mark" timems="0.582" contextid="352" timestamp="2019-06-16T00:08:00.775">
  <trace-info objectcount="2" scancount="1" scanbytes="24" />
  <remembered-set-cleared processed="307" cleared="0" durationms="0.054" />
  <stringconstants candidates="2485" cleared="0"  />
  <warning details="Mark invoked due to insufficient free space for Copy-Forward" />
</gc-op>
<gc-op id="356" type="classunload" timems="0.001" contextid="352" timestamp="2019-06-16T00:08:00.775">
  <classunload-info classloadercandidates="6" classloadersunloaded="0" classesunloaded="0" anonymousclassesunloaded="0" quiescems="0.000" setupms="0.001" scanms="0.000" postms="0.000" />
</gc-op>
<gc-op id="357" type="sweep" timems="0.741" contextid="352" timestamp="2019-06-16T00:08:00.776" />
<gc-op id="358" type="compact" timems="1.204" contextid="352" timestamp="2019-06-16T00:08:00.778">
  <compact-info movecount="2" movebytes="102096" />
  <remembered-set-cleared processed="614" cleared="0" durationms="0.054" />
</gc-op>
<gc-end id="359" type="partial gc" contextid="352" durationms="3.677" usertimems="4.000" systemtimems="4.000" timestamp="2019-06-16T00:08:00.778" activeThreads="4">
  <mem-info id="360" free="6291456" total="10485760" percent="60">
    <mem type="eden" free="946480" total="1048576" percent="90" />
    <remembered-set count="512" freebytes="416512" totalbytes="418560" percent="99" regionsoverflowed="0" regionsstable="0" regionsrebuilding="0"/>
  </mem-info>
</gc-end>
<cycle-end id="361" type="partial gc" contextid="352" timestamp="2019-06-16T00:08:00.778" />
  <attribute name="elasticGC enabled" value="1" />
  <attribute name= "numThreadsSpecified" value="4" />
  <attribute name="heapSize specified" value="0" />
  <attribute name="Current GC Util" value="199" />
  <attribute name= "Current Time Running" value="727" />
  <attribute name ="GC Interval" value="0" />
  <attribute name="ProportionalT" value="268.500000" />
  <attribute name="ProportionalI" value="268.500000" />
  <attribute name="ProportionalH" value="268.500000" />
  <attribute name="Current Error" value="179.000000" />
  <attribute name="IntegralT" value="179.000000" />
  <attribute name="IntegralI" value="179.000000" />
  <attribute name="IntegralH" value="179.000000" />
  <attribute name="DerivativeT" value="89.500000" />
  <attribute name="DerivativeI" value="89.500000" />
  <attribute name="DerivativeH" value="89.500000" />
  <attribute name="Loop Time for DT" value="1.000000" />
  <attribute name="Output H" value="8388608"/>
  <attribute name="Output I" value="544"/>
  <attribute name="Output T" value="4"/>
  <attribute name="Target GC Util Change" value ="20.000000" />
  <attribute name="Current GC Util Change" value="199.000000"/>
  <attribute name="GC Util currently" value="199" />
  <attribute name="CPU Util currently" value="4912749105227" />
<concurrent-start id="362" type="GMP work packet processing" contextid="266" timestamp="2019-06-16T00:08:00.778">
  <concurrent-mark-start scanTarget="18446744073709551615" />
</concurrent-start>
<exclusive-end id="363" timestamp="2019-06-16T00:08:00.778" durationms="4.540" />

<exclusive-start id="364" timestamp="2019-06-16T00:08:00.779" intervalms="5.073">
  <response-info timems="0.026" idlems="0.026" threads="0" lastid="0000000000ECF700" lastname="main" />
</exclusive-start>
<allocation-taxation id="365" taxation-threshold="3145728" timestamp="2019-06-16T00:08:00.779" intervalms="5.052" />
<concurrent-end id="366" type="GMP work packet processing" contextid="266" timestamp="2019-06-16T00:08:00.779">
  <concurrent-mark-end bytesScanned="0" reasonForTermination="Termination requested" />
</concurrent-end>

<gc-start id="367" type="global mark phase" contextid="266" timestamp="2019-06-16T00:08:00.779">
  <mem-info id="368" free="3145728" total="10485760" percent="30">
    <remembered-set count="512" freebytes="416512" totalbytes="418560" percent="99" regionsoverflowed="0" regionsstable="0" regionsrebuilding="0"/>
  </mem-info>
</gc-start>
<gc-op id="369" type="mark increment" timems="0.273" contextid="266" timestamp="2019-06-16T00:08:00.779">
  <trace-info objectcount="0" scancount="0" scanbytes="0" />
</gc-op>
<gc-end id="370" type="global mark phase" contextid="266" durationms="0.420" usertimems="0.000" systemtimems="0.000" timestamp="2019-06-16T00:08:00.780" activeThreads="4">
  <mem-info id="371" free="3145728" total="10485760" percent="30">
    <remembered-set count="512" freebytes="416512" totalbytes="418560" percent="99" regionsoverflowed="0" regionsstable="0" regionsrebuilding="0"/>
  </mem-info>
</gc-end>
<concurrent-start id="372" type="GMP work packet processing" contextid="266" timestamp="2019-06-16T00:08:00.780">
  <concurrent-mark-start scanTarget="18446744073709551615" />
</concurrent-start>
<exclusive-end id="373" timestamp="2019-06-16T00:08:00.780" durationms="1.043" />

<concurrent-end id="374" type="GMP work packet processing" contextid="266" timestamp="2019-06-16T00:08:00.780">
  <concurrent-mark-end bytesScanned="0" reasonForTermination="Completed all work in GC phase" />
</concurrent-end>

<exclusive-start id="375" timestamp="2019-06-16T00:08:00.780" intervalms="1.587">
  <response-info timems="0.054" idlems="0.054" threads="0" lastid="0000000000ECF700" lastname="main" />
</exclusive-start>
<allocation-taxation id="376" taxation-threshold="3145728" timestamp="2019-06-16T00:08:00.780" intervalms="1.575" />
<cycle-start id="377" type="partial gc" contextid="0" timestamp="2019-06-16T00:08:00.780" intervalms="6.381" />
<gc-start id="378" type="partial gc" contextid="377" timestamp="2019-06-16T00:08:00.781">
  <mem-info id="379" free="0" total="10485760" percent="0">
    <mem type="eden" free="1097456" total="7340032" percent="14" />
    <remembered-set count="512" freebytes="416512" totalbytes="418560" percent="99" regionsoverflowed="0" regionsstable="0" regionsrebuilding="0"/>
  </mem-info>
</gc-start>
<allocation-stats totalBytes="5571672" >
  <allocated-bytes non-tlh="3169872" tlh="2401800" arrayletleaf="0"/>
  <largest-consumer threadName="main" threadId="0000000000ECF700" bytes="2761056" />
</allocation-stats>
<gc-op id="380" type="mark" timems="1.080" contextid="377" timestamp="2019-06-16T00:08:00.782">
  <trace-info objectcount="2" scancount="1" scanbytes="24" />
  <remembered-set-cleared processed="310" cleared="0" durationms="0.112" />
  <stringconstants candidates="2485" cleared="0"  />
  <warning details="Mark invoked due to insufficient free space for Copy-Forward" />
</gc-op>
<gc-op id="381" type="classunload" timems="0.001" contextid="377" timestamp="2019-06-16T00:08:00.782">
  <classunload-info classloadercandidates="6" classloadersunloaded="0" classesunloaded="0" anonymousclassesunloaded="0" quiescems="0.000" setupms="0.001" scanms="0.000" postms="0.000" />
</gc-op>
<gc-op id="382" type="sweep" timems="0.480" contextid="377" timestamp="2019-06-16T00:08:00.783" />
<gc-op id="383" type="compact" timems="1.105" contextid="377" timestamp="2019-06-16T00:08:00.784">
  <compact-info movecount="2" movebytes="53136" />
  <remembered-set-cleared processed="620" cleared="0" durationms="0.112" />
</gc-op>
<gc-end id="384" type="partial gc" contextid="377" durationms="3.776" usertimems="4.000" systemtimems="0.000" timestamp="2019-06-16T00:08:00.784" activeThreads="4">
  <mem-info id="385" free="6291456" total="10485760" percent="60">
    <mem type="eden" free="995440" total="1048576" percent="94" />
    <remembered-set count="512" freebytes="416512" totalbytes="418560" percent="99" regionsoverflowed="0" regionsstable="0" regionsrebuilding="0"/>
  </mem-info>
</gc-end>
<cycle-end id="386" type="partial gc" contextid="377" timestamp="2019-06-16T00:08:00.784" />
  <attribute name="elasticGC enabled" value="1" />
  <attribute name= "numThreadsSpecified" value="4" />
  <attribute name="heapSize specified" value="0" />
  <attribute name="Current GC Util" value="113" />
  <attribute name= "Current Time Running" value="733" />
  <attribute name ="GC Interval" value="0" />
  <attribute name="ProportionalT" value="139.500000" />
  <attribute name="ProportionalI" value="139.500000" />
  <attribute name="ProportionalH" value="139.500000" />
  <attribute name="Current Error" value="93.000000" />
  <attribute name="IntegralT" value="0.000000" />
  <attribute name="IntegralI" value="0.000000" />
  <attribute name="IntegralH" value="0.000000" />
  <attribute name="DerivativeT" value="-inf" />
  <attribute name="DerivativeI" value="-inf" />
  <attribute name="DerivativeH" value="-inf" />
  <attribute name="Loop Time for DT" value="0.000000" />
  <attribute name="Output H" value="2091843584"/>
  <attribute name="Output I" value="200"/>
  <attribute name="Output T" value="4"/>
  <attribute name="Target GC Util Change" value ="20.000000" />
  <attribute name="Current GC Util Change" value="113.000000"/>
  <attribute name="GC Util currently" value="113" />
  <attribute name="CPU Util currently" value="6777356348812" />
<exclusive-end id="387" timestamp="2019-06-16T00:08:00.785" durationms="4.276" />

<exclusive-start id="388" timestamp="2019-06-16T00:08:00.785" intervalms="4.837">
  <response-info timems="0.022" idlems="0.022" threads="0" lastid="0000000000ECF700" lastname="main" />
</exclusive-start>
<allocation-taxation id="389" taxation-threshold="3145728" timestamp="2019-06-16T00:08:00.785" intervalms="4.921" />
<gc-start id="390" type="global mark phase" contextid="266" timestamp="2019-06-16T00:08:00.785">
  <mem-info id="391" free="3145728" total="10485760" percent="30">
    <remembered-set count="512" freebytes="416512" totalbytes="418560" percent="99" regionsoverflowed="0" regionsstable="0" regionsrebuilding="0"/>
  </mem-info>
</gc-start>
<gc-op id="392" type="mark increment" timems="1.150" contextid="266" timestamp="2019-06-16T00:08:00.787">
  <trace-info objectcount="2" scancount="1" scanbytes="24" />
  <cardclean-info objects="1" bytes="24" />
  <finalization candidates="45" enqueued="0" />
  <ownableSynchronizers candidates="1" cleared="0" />
  <references type="soft" candidates="66" cleared="0" enqueued="0" dynamicThreshold="19" maxThreshold="32" />
  <references type="weak" candidates="382" cleared="0" enqueued="0" />
  <references type="phantom" candidates="80" cleared="0" enqueued="0" />
  <stringconstants candidates="2485" cleared="0"  />
</gc-op>
<gc-op id="393" type="classunload" timems="0.001" contextid="266" timestamp="2019-06-16T00:08:00.787">
  <classunload-info classloadercandidates="6" classloadersunloaded="0" classesunloaded="0" anonymousclassesunloaded="0" quiescems="0.000" setupms="0.001" scanms="0.000" postms="0.000" />
</gc-op>
<gc-end id="394" type="global mark phase" contextid="266" durationms="1.372" usertimems="0.000" systemtimems="0.000" timestamp="2019-06-16T00:08:00.787" activeThreads="4">
  <mem-info id="395" free="3145728" total="10485760" percent="30">
    <remembered-set count="512" freebytes="416512" totalbytes="418560" percent="99" regionsoverflowed="0" regionsstable="0" regionsrebuilding="0"/>
  </mem-info>
</gc-end>
<cycle-end id="396" type="global mark phase" contextid="266" timestamp="2019-06-16T00:08:00.787" />
  <attribute name="elasticGC enabled" value="1" />
  <attribute name= "numThreadsSpecified" value="4" />
  <attribute name="heapSize specified" value="0" />
  <attribute name="Current GC Util" value="0" />
  <attribute name= "Current Time Running" value="736" />
  <attribute name ="GC Interval" value="0" />
  <attribute name="ProportionalT" value="-30.000000" />
  <attribute name="ProportionalI" value="-30.000000" />
  <attribute name="ProportionalH" value="-30.000000" />
  <attribute name="Current Error" value="-20.000000" />
  <attribute name="IntegralT" value="0.000000" />
  <attribute name="IntegralI" value="0.000000" />
  <attribute name="IntegralH" value="0.000000" />
  <attribute name="DerivativeT" value="-inf" />
  <attribute name="DerivativeI" value="-inf" />
  <attribute name="DerivativeH" value="-inf" />
  <attribute name="Loop Time for DT" value="0.000000" />
  <attribute name="Output H" value="2091843584"/>
  <attribute name="Output I" value="200"/>
  <attribute name="Output T" value="4"/>
  <attribute name="Target GC Util Change" value ="20.000000" />
  <attribute name="Current GC Util Change" value="0.000000"/>
  <attribute name="GC Util currently" value="0" />
  <attribute name="CPU Util currently" value="44275019337767" />
<exclusive-end id="397" timestamp="2019-06-16T00:08:00.787" durationms="1.839" />

<exclusive-start id="398" timestamp="2019-06-16T00:08:00.787" intervalms="2.357">
  <response-info timems="0.021" idlems="0.021" threads="0" lastid="0000000000ECF700" lastname="main" />
</exclusive-start>
<allocation-taxation id="399" taxation-threshold="3145728" timestamp="2019-06-16T00:08:00.788" intervalms="2.278" />
<cycle-start id="400" type="partial gc" contextid="0" timestamp="2019-06-16T00:08:00.788" intervalms="7.199" />
<gc-start id="401" type="partial gc" contextid="400" timestamp="2019-06-16T00:08:00.788">
  <mem-info id="402" free="0" total="10485760" percent="0">
    <mem type="eden" free="1351368" total="7340032" percent="18" />
    <remembered-set count="512" freebytes="416512" totalbytes="418560" percent="99" regionsoverflowed="0" regionsstable="0" regionsrebuilding="0"/>
  </mem-info>
</gc-start>
<allocation-stats totalBytes="5509592" >
  <allocated-bytes non-tlh="3076056" tlh="2433536" arrayletleaf="0"/>
  <largest-consumer threadName="main" threadId="0000000000ECF700" bytes="2643232" />
</allocation-stats>
<gc-op id="403" type="sweep" timems="0.792" contextid="400" timestamp="2019-06-16T00:08:00.789" />
<gc-op id="404" type="copy forward" timems="1.117" contextid="400" timestamp="2019-06-16T00:08:00.790">
  <memory-copied type="eden" objects="2" bytes="55144" bytesdiscarded="0" />
  <memory-copied type="other" objects="0" bytes="0" bytesdiscarded="0" />
  <memory-cardclean objects="0" bytes="0" />
  <regions eden="3" other="1" />
  <remembered-set-cleared processed="314" cleared="0" durationms="0.059" />
  <stringconstants candidates="2485" cleared="0"  />
</gc-op>
<gc-op id="405" type="classunload" timems="0.001" contextid="400" timestamp="2019-06-16T00:08:00.790">
  <classunload-info classloadercandidates="6" classloadersunloaded="0" classesunloaded="0" anonymousclassesunloaded="0" quiescems="0.000" setupms="0.001" scanms="0.000" postms="0.000" />
</gc-op>
<gc-end id="406" type="partial gc" contextid="400" durationms="2.921" usertimems="0.000" systemtimems="4.000" timestamp="2019-06-16T00:08:00.791" activeThreads="4">
  <mem-info id="407" free="6291456" total="10485760" percent="60">
    <mem type="eden" free="993432" total="1048576" percent="94" />
    <remembered-set count="512" freebytes="416512" totalbytes="418560" percent="99" regionsoverflowed="0" regionsstable="0" regionsrebuilding="0"/>
  </mem-info>
</gc-end>
<cycle-end id="408" type="partial gc" contextid="400" timestamp="2019-06-16T00:08:00.791" />
  <attribute name="elasticGC enabled" value="1" />
  <attribute name= "numThreadsSpecified" value="4" />
  <attribute name="heapSize specified" value="0" />
  <attribute name="Current GC Util" value="187" />
  <attribute name= "Current Time Running" value="740" />
  <attribute name ="GC Interval" value="0" />
  <attribute name="ProportionalT" value="250.500000" />
  <attribute name="ProportionalI" value="250.500000" />
  <attribute name="ProportionalH" value="250.500000" />
  <attribute name="Current Error" value="167.000000" />
  <attribute name="IntegralT" value="167.000000" />
  <attribute name="IntegralI" value="167.000000" />
  <attribute name="IntegralH" value="167.000000" />
  <attribute name="DerivativeT" value="16.000000" />
  <attribute name="DerivativeI" value="16.000000" />
  <attribute name="DerivativeH" value="16.000000" />
  <attribute name="Loop Time for DT" value="1.000000" />
  <attribute name="Output H" value="8388608"/>
  <attribute name="Output I" value="440"/>
  <attribute name="Output T" value="4"/>
  <attribute name="Target GC Util Change" value ="20.000000" />
  <attribute name="Current GC Util Change" value="187.000000"/>
  <attribute name="GC Util currently" value="187" />
  <attribute name="CPU Util currently" value="15125935641937" />
<exclusive-end id="409" timestamp="2019-06-16T00:08:00.791" durationms="3.479" />

<exclusive-start id="410" timestamp="2019-06-16T00:08:00.792" intervalms="4.039">
  <response-info timems="0.024" idlems="0.024" threads="0" lastid="0000000000ECF700" lastname="main" />
</exclusive-start>
<allocation-taxation id="411" taxation-threshold="3145728" timestamp="2019-06-16T00:08:00.792" intervalms="4.066" />
<cycle-start id="412" type="global mark phase" contextid="0" timestamp="2019-06-16T00:08:00.792" intervalms="41.909" />
<gc-start id="413" type="global mark phase" contextid="412" timestamp="2019-06-16T00:08:00.792">
  <mem-info id="414" free="3145728" total="10485760" percent="30">
    <remembered-set count="512" freebytes="416512" totalbytes="418560" percent="99" regionsoverflowed="0" regionsstable="0" regionsrebuilding="0"/>
  </mem-info>
</gc-start>
<gc-op id="415" type="mark increment" timems="0.815" contextid="412" timestamp="2019-06-16T00:08:00.793">
  <trace-info objectcount="88" scancount="0" scanbytes="0" />
</gc-op>
<gc-end id="416" type="global mark phase" contextid="412" durationms="0.933" usertimems="0.000" systemtimems="4.000" timestamp="2019-06-16T00:08:00.793" activeThreads="4">
  <mem-info id="417" free="3145728" total="10485760" percent="30">
    <remembered-set count="512" freebytes="416512" totalbytes="418560" percent="99" regionsoverflowed="0" regionsstable="0" regionsrebuilding="0"/>
  </mem-info>
</gc-end>
<concurrent-start id="418" type="GMP work packet processing" contextid="412" timestamp="2019-06-16T00:08:00.793">
  <concurrent-mark-start scanTarget="18446744073709551615" />
</concurrent-start>
<exclusive-end id="419" timestamp="2019-06-16T00:08:00.793" durationms="1.357" />

<exclusive-start id="420" timestamp="2019-06-16T00:08:00.793" intervalms="1.844">
  <response-info timems="0.021" idlems="0.021" threads="0" lastid="0000000000ECF700" lastname="main" />
</exclusive-start>
<allocation-taxation id="421" taxation-threshold="3145728" timestamp="2019-06-16T00:08:00.793" intervalms="1.814" />
<concurrent-end id="422" type="GMP work packet processing" contextid="412" timestamp="2019-06-16T00:08:00.794">
  <concurrent-mark-end bytesScanned="290212" reasonForTermination="Termination requested" />
</concurrent-end>

<cycle-start id="423" type="partial gc" contextid="0" timestamp="2019-06-16T00:08:00.794" intervalms="6.414" />
<gc-start id="424" type="partial gc" contextid="423" timestamp="2019-06-16T00:08:00.794">
  <mem-info id="425" free="0" total="10485760" percent="0">
    <mem type="eden" free="1233304" total="7340032" percent="16" />
    <remembered-set count="512" freebytes="416512" totalbytes="418560" percent="99" regionsoverflowed="0" regionsstable="0" regionsrebuilding="0"/>
  </mem-info>
</gc-start>
<allocation-stats totalBytes="5638568" >
  <allocated-bytes non-tlh="3296480" tlh="2342088" arrayletleaf="0"/>
  <largest-consumer threadName="main" threadId="0000000000ECF700" bytes="2729448" />
</allocation-stats>
<gc-op id="426" type="mark" timems="0.592" contextid="423" timestamp="2019-06-16T00:08:00.795">
  <trace-info objectcount="2" scancount="1" scanbytes="24" />
  <remembered-set-cleared processed="314" cleared="0" durationms="0.054" />
  <stringconstants candidates="2485" cleared="0"  />
  <warning details="Mark invoked due to insufficient free space for Copy-Forward" />
</gc-op>
<gc-op id="427" type="classunload" timems="0.001" contextid="423" timestamp="2019-06-16T00:08:00.795">
  <classunload-info classloadercandidates="6" classloadersunloaded="0" classesunloaded="0" anonymousclassesunloaded="0" quiescems="0.000" setupms="0.001" scanms="0.000" postms="0.000" />
</gc-op>
<gc-op id="428" type="sweep" timems="0.746" contextid="423" timestamp="2019-06-16T00:08:00.796" />
<gc-op id="429" type="compact" timems="1.464" contextid="423" timestamp="2019-06-16T00:08:00.798">
  <compact-info movecount="2" movebytes="56896" />
  <remembered-set-cleared processed="628" cleared="0" durationms="0.054" />
</gc-op>
<gc-end id="430" type="partial gc" contextid="423" durationms="3.925" usertimems="8.000" systemtimems="0.000" timestamp="2019-06-16T00:08:00.798" activeThreads="4">
  <mem-info id="431" free="6291456" total="10485760" percent="60">
    <mem type="eden" free="991680" total="1048576" percent="94" />
    <remembered-set count="512" freebytes="416512" totalbytes="418560" percent="99" regionsoverflowed="0" regionsstable="0" regionsrebuilding="0"/>
  </mem-info>
</gc-end>
<cycle-end id="432" type="partial gc" contextid="423" timestamp="2019-06-16T00:08:00.798" />
  <attribute name="elasticGC enabled" value="1" />
  <attribute name= "numThreadsSpecified" value="4" />
  <attribute name="heapSize specified" value="0" />
  <attribute name="Current GC Util" value="200" />
  <attribute name= "Current Time Running" value="747" />
  <attribute name ="GC Interval" value="0" />
  <attribute name="ProportionalT" value="270.000000" />
  <attribute name="ProportionalI" value="270.000000" />
  <attribute name="ProportionalH" value="270.000000" />
  <attribute name="Current Error" value="180.000000" />
  <attribute name="IntegralT" value="180.000000" />
  <attribute name="IntegralI" value="180.000000" />
  <attribute name="IntegralH" value="180.000000" />
  <attribute name="DerivativeT" value="90.000000" />
  <attribute name="DerivativeI" value="90.000000" />
  <attribute name="DerivativeH" value="90.000000" />
  <attribute name="Loop Time for DT" value="1.000000" />
  <attribute name="Output H" value="8388608"/>
  <attribute name="Output I" value="544"/>
  <attribute name="Output T" value="4"/>
  <attribute name="Target GC Util Change" value ="20.000000" />
  <attribute name="Current GC Util Change" value="200.000000"/>
  <attribute name="GC Util currently" value="200" />
  <attribute name="CPU Util currently" value="4878330691133" />
<concurrent-start id="433" type="GMP work packet processing" contextid="412" timestamp="2019-06-16T00:08:00.798">
  <concurrent-mark-start scanTarget="18446744073709261403" />
</concurrent-start>
<exclusive-end id="434" timestamp="2019-06-16T00:08:00.798" durationms="5.037" />

<exclusive-start id="435" timestamp="2019-06-16T00:08:00.799" intervalms="5.642">
  <response-info timems="0.057" idlems="0.057" threads="0" lastid="0000000000ECF700" lastname="main" />
</exclusive-start>
<allocation-taxation id="436" taxation-threshold="3145728" timestamp="2019-06-16T00:08:00.799" intervalms="5.674" />
<concurrent-end id="437" type="GMP work packet processing" contextid="412" timestamp="2019-06-16T00:08:00.799">
  <concurrent-mark-end bytesScanned="253668" reasonForTermination="Termination requested" />
</concurrent-end>

<gc-start id="438" type="global mark phase" contextid="412" timestamp="2019-06-16T00:08:00.799">
  <mem-info id="439" free="3145728" total="10485760" percent="30">
    <remembered-set count="512" freebytes="416512" totalbytes="418560" percent="99" regionsoverflowed="0" regionsstable="0" regionsrebuilding="0"/>
  </mem-info>
</gc-start>
<gc-op id="440" type="mark increment" timems="0.352" contextid="412" timestamp="2019-06-16T00:08:00.800">
  <trace-info objectcount="0" scancount="0" scanbytes="0" />
</gc-op>
<gc-end id="441" type="global mark phase" contextid="412" durationms="0.502" usertimems="0.000" systemtimems="0.000" timestamp="2019-06-16T00:08:00.800" activeThreads="4">
  <mem-info id="442" free="3145728" total="10485760" percent="30">
    <remembered-set count="512" freebytes="416512" totalbytes="418560" percent="99" regionsoverflowed="0" regionsstable="0" regionsrebuilding="0"/>
  </mem-info>
</gc-end>
<concurrent-start id="443" type="GMP work packet processing" contextid="412" timestamp="2019-06-16T00:08:00.800">
  <concurrent-mark-start scanTarget="18446744073709551615" />
</concurrent-start>
<exclusive-end id="444" timestamp="2019-06-16T00:08:00.800" durationms="1.116" />

<exclusive-start id="445" timestamp="2019-06-16T00:08:00.801" intervalms="1.655">
  <response-info timems="0.021" idlems="0.021" threads="0" lastid="0000000000ECF700" lastname="main" />
</exclusive-start>
<allocation-taxation id="446" taxation-threshold="3145728" timestamp="2019-06-16T00:08:00.801" intervalms="1.649" />
<concurrent-end id="447" type="GMP work packet processing" contextid="412" timestamp="2019-06-16T00:08:00.801">
  <concurrent-mark-end bytesScanned="0" reasonForTermination="Termination requested" />
</concurrent-end>

<cycle-start id="448" type="partial gc" contextid="0" timestamp="2019-06-16T00:08:00.801" intervalms="7.046" />
<gc-start id="449" type="partial gc" contextid="448" timestamp="2019-06-16T00:08:00.801">
  <mem-info id="450" free="0" total="10485760" percent="0">
    <mem type="eden" free="1176400" total="7340032" percent="16" />
    <remembered-set count="512" freebytes="416512" totalbytes="418560" percent="99" regionsoverflowed="0" regionsstable="0" regionsrebuilding="0"/>
  </mem-info>
</gc-start>
<allocation-stats totalBytes="5802216" >
  <allocated-bytes non-tlh="3398008" tlh="2404208" arrayletleaf="0"/>
  <largest-consumer threadName="main" threadId="0000000000ECF700" bytes="2804520" />
</allocation-stats>
<gc-op id="451" type="mark" timems="0.578" contextid="448" timestamp="2019-06-16T00:08:00.802">
  <trace-info objectcount="2" scancount="1" scanbytes="24" />
  <remembered-set-cleared processed="318" cleared="0" durationms="0.054" />
  <stringconstants candidates="2485" cleared="0"  />
  <warning details="Mark invoked due to insufficient free space for Copy-Forward" />
</gc-op>
<gc-op id="452" type="classunload" timems="0.001" contextid="448" timestamp="2019-06-16T00:08:00.802">
  <classunload-info classloadercandidates="6" classloadersunloaded="0" classesunloaded="0" anonymousclassesunloaded="0" quiescems="0.000" setupms="0.001" scanms="0.000" postms="0.000" />
</gc-op>
<gc-op id="453" type="sweep" timems="0.770" contextid="448" timestamp="2019-06-16T00:08:00.803" />
<gc-op id="454" type="compact" timems="1.545" contextid="448" timestamp="2019-06-16T00:08:00.805">
  <compact-info movecount="2" movebytes="58488" />
  <remembered-set-cleared processed="636" cleared="0" durationms="0.054" />
</gc-op>
<gc-end id="455" type="partial gc" contextid="448" durationms="4.008" usertimems="4.000" systemtimems="4.000" timestamp="2019-06-16T00:08:00.805" activeThreads="4">
  <mem-info id="456" free="6291456" total="10485760" percent="60">
    <mem type="eden" free="990088" total="1048576" percent="94" />
    <remembered-set count="512" freebytes="416512" totalbytes="418560" percent="99" regionsoverflowed="0" regionsstable="0" regionsrebuilding="0"/>
  </mem-info>
</gc-end>
<cycle-end id="457" type="partial gc" contextid="448" timestamp="2019-06-16T00:08:00.805" />
  <attribute name="elasticGC enabled" value="1" />
  <attribute name= "numThreadsSpecified" value="4" />
  <attribute name="heapSize specified" value="0" />
  <attribute name="Current GC Util" value="203" />
  <attribute name= "Current Time Running" value="754" />
  <attribute name ="GC Interval" value="0" />
  <attribute name="ProportionalT" value="274.500000" />
  <attribute name="ProportionalI" value="274.500000" />
  <attribute name="ProportionalH" value="274.500000" />
  <attribute name="Current Error" value="183.000000" />
  <attribute name="IntegralT" value="183.000000" />
  <attribute name="IntegralI" value="183.000000" />
  <attribute name="IntegralH" value="183.000000" />
  <attribute name="DerivativeT" value="91.500000" />
  <attribute name="DerivativeI" value="91.500000" />
  <attribute name="DerivativeH" value="91.500000" />
  <attribute name="Loop Time for DT" value="1.000000" />
  <attribute name="Output H" value="8388608"/>
  <attribute name="Output I" value="552"/>
  <attribute name="Output T" value="4"/>
  <attribute name="Target GC Util Change" value ="20.000000" />
  <attribute name="Current GC Util Change" value="203.000000"/>
  <attribute name="GC Util currently" value="203" />
  <attribute name="CPU Util currently" value="4755369503190" />
<concurrent-start id="458" type="GMP work packet processing" contextid="412" timestamp="2019-06-16T00:08:00.805">
  <concurrent-mark-start scanTarget="18446744073709551615" />
</concurrent-start>
<exclusive-end id="459" timestamp="2019-06-16T00:08:00.806" durationms="4.911" />

<exclusive-start id="460" timestamp="2019-06-16T00:08:00.806" intervalms="5.465">
  <response-info timems="0.054" idlems="0.054" threads="0" lastid="0000000000ECF700" lastname="main" />
</exclusive-start>
<allocation-taxation id="461" taxation-threshold="3145728" timestamp="2019-06-16T00:08:00.806" intervalms="5.467" />
<concurrent-end id="462" type="GMP work packet processing" contextid="412" timestamp="2019-06-16T00:08:00.806">
  <concurrent-mark-end bytesScanned="0" reasonForTermination="Termination requested" />
</concurrent-end>

<gc-start id="463" type="global mark phase" contextid="412" timestamp="2019-06-16T00:08:00.807">
  <mem-info id="464" free="3145728" total="10485760" percent="30">
    <remembered-set count="512" freebytes="416512" totalbytes="418560" percent="99" regionsoverflowed="0" regionsstable="0" regionsrebuilding="0"/>
  </mem-info>
</gc-start>
<gc-op id="465" type="mark increment" timems="0.331" contextid="412" timestamp="2019-06-16T00:08:00.807">
  <trace-info objectcount="0" scancount="0" scanbytes="0" />
</gc-op>
<gc-end id="466" type="global mark phase" contextid="412" durationms="0.541" usertimems="0.000" systemtimems="0.000" timestamp="2019-06-16T00:08:00.807" activeThreads="4">
  <mem-info id="467" free="3145728" total="10485760" percent="30">
    <remembered-set count="512" freebytes="416512" totalbytes="418560" percent="99" regionsoverflowed="0" regionsstable="0" regionsrebuilding="0"/>
  </mem-info>
</gc-end>
<concurrent-start id="468" type="GMP work packet processing" contextid="412" timestamp="2019-06-16T00:08:00.807">
  <concurrent-mark-start scanTarget="18446744073709551615" />
</concurrent-start>
<exclusive-end id="469" timestamp="2019-06-16T00:08:00.807" durationms="1.245" />

<exclusive-start id="470" timestamp="2019-06-16T00:08:00.808" intervalms="1.827">
  <response-info timems="0.066" idlems="0.066" threads="0" lastid="0000000000ECF700" lastname="main" />
</exclusive-start>
<allocation-taxation id="471" taxation-threshold="3145728" timestamp="2019-06-16T00:08:00.808" intervalms="1.831" />
<concurrent-end id="472" type="GMP work packet processing" contextid="412" timestamp="2019-06-16T00:08:00.808">
  <concurrent-mark-end bytesScanned="0" reasonForTermination="Termination requested" />
</concurrent-end>

<cycle-start id="473" type="partial gc" contextid="0" timestamp="2019-06-16T00:08:00.809" intervalms="7.421" />
<gc-start id="474" type="partial gc" contextid="473" timestamp="2019-06-16T00:08:00.809">
  <mem-info id="475" free="0" total="10485760" percent="0">
    <mem type="eden" free="1300760" total="7340032" percent="17" />
    <remembered-set count="512" freebytes="416512" totalbytes="418560" percent="99" regionsoverflowed="0" regionsstable="0" regionsrebuilding="0"/>
  </mem-info>
</gc-start>
<allocation-stats totalBytes="5762656" >
  <allocated-bytes non-tlh="3306096" tlh="2456560" arrayletleaf="0"/>
  <largest-consumer threadName="main" threadId="0000000000ECF700" bytes="2868336" />
</allocation-stats>
<gc-op id="476" type="mark" timems="0.643" contextid="473" timestamp="2019-06-16T00:08:00.810">
  <trace-info objectcount="2" scancount="1" scanbytes="24" />
  <remembered-set-cleared processed="322" cleared="0" durationms="0.064" />
  <stringconstants candidates="2485" cleared="0"  />
  <warning details="Mark invoked due to insufficient free space for Copy-Forward" />
</gc-op>
<gc-op id="477" type="classunload" timems="0.001" contextid="473" timestamp="2019-06-16T00:08:00.810">
  <classunload-info classloadercandidates="6" classloadersunloaded="0" classesunloaded="0" anonymousclassesunloaded="0" quiescems="0.000" setupms="0.001" scanms="0.000" postms="0.000" />
</gc-op>
<gc-op id="478" type="sweep" timems="0.778" contextid="473" timestamp="2019-06-16T00:08:00.811" />
<gc-op id="479" type="compact" timems="1.369" contextid="473" timestamp="2019-06-16T00:08:00.813">
  <compact-info movecount="2" movebytes="59984" />
  <remembered-set-cleared processed="644" cleared="0" durationms="0.064" />
</gc-op>
<gc-end id="480" type="partial gc" contextid="473" durationms="4.015" usertimems="4.000" systemtimems="4.000" timestamp="2019-06-16T00:08:00.813" activeThreads="4">
  <mem-info id="481" free="6291456" total="10485760" percent="60">
    <mem type="eden" free="988592" total="1048576" percent="94" />
    <remembered-set count="512" freebytes="416512" totalbytes="418560" percent="99" regionsoverflowed="0" regionsstable="0" regionsrebuilding="0"/>
  </mem-info>
</gc-end>
<cycle-end id="482" type="partial gc" contextid="473" timestamp="2019-06-16T00:08:00.813" />
  <attribute name="elasticGC enabled" value="1" />
  <attribute name= "numThreadsSpecified" value="4" />
  <attribute name="heapSize specified" value="0" />
  <attribute name="Current GC Util" value="206" />
  <attribute name= "Current Time Running" value="762" />
  <attribute name ="GC Interval" value="0" />
  <attribute name="ProportionalT" value="279.000000" />
  <attribute name="ProportionalI" value="279.000000" />
  <attribute name="ProportionalH" value="279.000000" />
  <attribute name="Current Error" value="186.000000" />
  <attribute name="IntegralT" value="186.000000" />
  <attribute name="IntegralI" value="186.000000" />
  <attribute name="IntegralH" value="186.000000" />
  <attribute name="DerivativeT" value="93.000000" />
  <attribute name="DerivativeI" value="93.000000" />
  <attribute name="DerivativeH" value="93.000000" />
  <attribute name="Loop Time for DT" value="1.000000" />
  <attribute name="Output H" value="8388608"/>
  <attribute name="Output I" value="560"/>
  <attribute name="Output T" value="4"/>
  <attribute name="Target GC Util Change" value ="20.000000" />
  <attribute name="Current GC Util Change" value="206.000000"/>
  <attribute name="GC Util currently" value="206" />
  <attribute name="CPU Util currently" value="4706522440590" />
<concurrent-start id="483" type="GMP work packet processing" contextid="412" timestamp="2019-06-16T00:08:00.813">
  <concurrent-mark-start scanTarget="18446744073709551615" />
</concurrent-start>
<exclusive-end id="484" timestamp="2019-06-16T00:08:00.813" durationms="5.081" />

<exclusive-start id="485" timestamp="2019-06-16T00:08:00.814" intervalms="5.628">
  <response-info timems="0.020" idlems="0.020" threads="0" lastid="0000000000ECF700" lastname="main" />
</exclusive-start>
<allocation-taxation id="486" taxation-threshold="3145728" timestamp="2019-06-16T00:08:00.814" intervalms="5.621" />
<concurrent-end id="487" type="GMP work packet processing" contextid="412" timestamp="2019-06-16T00:08:00.814">
  <concurrent-mark-end bytesScanned="0" reasonForTermination="Termination requested" />
</concurrent-end>

<gc-start id="488" type="global mark phase" contextid="412" timestamp="2019-06-16T00:08:00.814">
  <mem-info id="489" free="3145728" total="10485760" percent="30">
    <remembered-set count="512" freebytes="416512" totalbytes="418560" percent="99" regionsoverflowed="0" regionsstable="0" regionsrebuilding="0"/>
  </mem-info>
</gc-start>
<gc-op id="490" type="mark increment" timems="0.288" contextid="412" timestamp="2019-06-16T00:08:00.814">
  <trace-info objectcount="0" scancount="0" scanbytes="0" />
</gc-op>
<gc-end id="491" type="global mark phase" contextid="412" durationms="0.491" usertimems="0.000" systemtimems="0.000" timestamp="2019-06-16T00:08:00.815" activeThreads="4">
  <mem-info id="492" free="3145728" total="10485760" percent="30">
    <remembered-set count="512" freebytes="416512" totalbytes="418560" percent="99" regionsoverflowed="0" regionsstable="0" regionsrebuilding="0"/>
  </mem-info>
</gc-end>
<concurrent-start id="493" type="GMP work packet processing" contextid="412" timestamp="2019-06-16T00:08:00.815">
  <concurrent-mark-start scanTarget="18446744073709551615" />
</concurrent-start>
<exclusive-end id="494" timestamp="2019-06-16T00:08:00.815" durationms="1.103" />

<concurrent-end id="495" type="GMP work packet processing" contextid="412" timestamp="2019-06-16T00:08:00.815">
  <concurrent-mark-end bytesScanned="0" reasonForTermination="Completed all work in GC phase" />
</concurrent-end>

<exclusive-start id="496" timestamp="2019-06-16T00:08:00.815" intervalms="1.671">
  <response-info timems="0.020" idlems="0.020" threads="0" lastid="0000000000ECF700" lastname="main" />
</exclusive-start>
<allocation-taxation id="497" taxation-threshold="3145728" timestamp="2019-06-16T00:08:00.815" intervalms="1.672" />
<cycle-start id="498" type="partial gc" contextid="0" timestamp="2019-06-16T00:08:00.815" intervalms="6.916" />
<gc-start id="499" type="partial gc" contextid="498" timestamp="2019-06-16T00:08:00.816">
  <mem-info id="500" free="0" total="10485760" percent="0">
    <mem type="eden" free="1266856" total="7340032" percent="17" />
    <remembered-set count="512" freebytes="416512" totalbytes="418560" percent="99" regionsoverflowed="0" regionsstable="0" regionsrebuilding="0"/>
  </mem-info>
</gc-start>
<allocation-stats totalBytes="5854184" >
  <allocated-bytes non-tlh="3457288" tlh="2396896" arrayletleaf="0"/>
  <largest-consumer threadName="main" threadId="0000000000ECF700" bytes="2946240" />
</allocation-stats>
<gc-op id="501" type="mark" timems="1.139" contextid="498" timestamp="2019-06-16T00:08:00.817">
  <trace-info objectcount="2" scancount="1" scanbytes="24" />
  <remembered-set-cleared processed="324" cleared="0" durationms="0.113" />
  <stringconstants candidates="2485" cleared="0"  />
  <warning details="Mark invoked due to insufficient free space for Copy-Forward" />
</gc-op>
<gc-op id="502" type="classunload" timems="0.001" contextid="498" timestamp="2019-06-16T00:08:00.817">
  <classunload-info classloadercandidates="6" classloadersunloaded="0" classesunloaded="0" anonymousclassesunloaded="0" quiescems="0.000" setupms="0.001" scanms="0.000" postms="0.000" />
</gc-op>
<gc-op id="503" type="sweep" timems="0.532" contextid="498" timestamp="2019-06-16T00:08:00.818" />
<gc-op id="504" type="compact" timems="1.212" contextid="498" timestamp="2019-06-16T00:08:00.819">
  <compact-info movecount="2" movebytes="61640" />
  <remembered-set-cleared processed="648" cleared="0" durationms="0.113" />
</gc-op>
<gc-end id="505" type="partial gc" contextid="498" durationms="4.028" usertimems="4.000" systemtimems="4.000" timestamp="2019-06-16T00:08:00.820" activeThreads="4">
  <mem-info id="506" free="6291456" total="10485760" percent="60">
    <mem type="eden" free="986936" total="1048576" percent="94" />
    <remembered-set count="1024" freebytes="414464" totalbytes="418560" percent="99" regionsoverflowed="0" regionsstable="0" regionsrebuilding="0"/>
  </mem-info>
</gc-end>
<cycle-end id="507" type="partial gc" contextid="498" timestamp="2019-06-16T00:08:00.820" />
  <attribute name="elasticGC enabled" value="1" />
  <attribute name= "numThreadsSpecified" value="4" />
  <attribute name="heapSize specified" value="0" />
  <attribute name="Current GC Util" value="113" />
  <attribute name= "Current Time Running" value="769" />
  <attribute name ="GC Interval" value="0" />
  <attribute name="ProportionalT" value="139.500000" />
  <attribute name="ProportionalI" value="139.500000" />
  <attribute name="ProportionalH" value="139.500000" />
  <attribute name="Current Error" value="93.000000" />
  <attribute name="IntegralT" value="93.000000" />
  <attribute name="IntegralI" value="93.000000" />
  <attribute name="IntegralH" value="93.000000" />
  <attribute name="DerivativeT" value="-21.000000" />
  <attribute name="DerivativeI" value="-21.000000" />
  <attribute name="DerivativeH" value="-21.000000" />
  <attribute name="Loop Time for DT" value="1.000000" />
  <attribute name="Output H" value="8388608"/>
  <attribute name="Output I" value="216"/>
  <attribute name="Output T" value="4"/>
  <attribute name="Target GC Util Change" value ="20.000000" />
  <attribute name="Current GC Util Change" value="113.000000"/>
  <attribute name="GC Util currently" value="113" />
  <attribute name="CPU Util currently" value="6335656033930" />
<exclusive-end id="508" timestamp="2019-06-16T00:08:00.820" durationms="4.631" />

<exclusive-start id="509" timestamp="2019-06-16T00:08:00.820" intervalms="5.184">
  <response-info timems="0.048" idlems="0.048" threads="0" lastid="0000000000ECF700" lastname="main" />
</exclusive-start>
<allocation-taxation id="510" taxation-threshold="3145728" timestamp="2019-06-16T00:08:00.821" intervalms="5.190" />
<gc-start id="511" type="global mark phase" contextid="412" timestamp="2019-06-16T00:08:00.821">
  <mem-info id="512" free="3145728" total="10485760" percent="30">
    <remembered-set count="576" freebytes="416256" totalbytes="418560" percent="99" regionsoverflowed="0" regionsstable="0" regionsrebuilding="0"/>
  </mem-info>
</gc-start>
<gc-op id="513" type="mark increment" timems="1.508" contextid="412" timestamp="2019-06-16T00:08:00.822">
  <trace-info objectcount="2" scancount="1" scanbytes="24" />
  <cardclean-info objects="1" bytes="24" />
  <finalization candidates="45" enqueued="0" />
  <ownableSynchronizers candidates="1" cleared="0" />
  <references type="soft" candidates="66" cleared="0" enqueued="0" dynamicThreshold="19" maxThreshold="32" />
  <references type="weak" candidates="382" cleared="0" enqueued="0" />
  <references type="phantom" candidates="80" cleared="0" enqueued="0" />
  <stringconstants candidates="2485" cleared="0"  />
</gc-op>
<gc-op id="514" type="classunload" timems="0.001" contextid="412" timestamp="2019-06-16T00:08:00.822">
  <classunload-info classloadercandidates="6" classloadersunloaded="0" classesunloaded="0" anonymousclassesunloaded="0" quiescems="0.000" setupms="0.001" scanms="0.000" postms="0.000" />
</gc-op>
<gc-end id="515" type="global mark phase" contextid="412" durationms="1.845" usertimems="4.000" systemtimems="0.000" timestamp="2019-06-16T00:08:00.823" activeThreads="4">
  <mem-info id="516" free="3145728" total="10485760" percent="30">
    <remembered-set count="576" freebytes="416256" totalbytes="418560" percent="99" regionsoverflowed="0" regionsstable="0" regionsrebuilding="0"/>
  </mem-info>
</gc-end>
<cycle-end id="517" type="global mark phase" contextid="412" timestamp="2019-06-16T00:08:00.823" />
  <attribute name="elasticGC enabled" value="1" />
  <attribute name= "numThreadsSpecified" value="4" />
  <attribute name="heapSize specified" value="0" />
  <attribute name="Current GC Util" value="179" />
  <attribute name= "Current Time Running" value="772" />
  <attribute name ="GC Interval" value="0" />
  <attribute name="ProportionalT" value="238.500000" />
  <attribute name="ProportionalI" value="238.500000" />
  <attribute name="ProportionalH" value="238.500000" />
  <attribute name="Current Error" value="159.000000" />
  <attribute name="IntegralT" value="0.000000" />
  <attribute name="IntegralI" value="0.000000" />
  <attribute name="IntegralH" value="0.000000" />
  <attribute name="DerivativeT" value="-inf" />
  <attribute name="DerivativeI" value="-inf" />
  <attribute name="DerivativeH" value="-inf" />
  <attribute name="Loop Time for DT" value="0.000000" />
  <attribute name="Output H" value="2091843584"/>
  <attribute name="Output I" value="200"/>
  <attribute name="Output T" value="4"/>
  <attribute name="Target GC Util Change" value ="20.000000" />
  <attribute name="Current GC Util Change" value="179.000000"/>
  <attribute name="GC Util currently" value="179" />
  <attribute name="CPU Util currently" value="21241731019696" />
<exclusive-end id="518" timestamp="2019-06-16T00:08:00.823" durationms="2.273" />

<exclusive-start id="519" timestamp="2019-06-16T00:08:00.823" intervalms="2.870">
  <response-info timems="0.036" idlems="0.036" threads="0" lastid="0000000000ECF700" lastname="main" />
</exclusive-start>
<allocation-taxation id="520" taxation-threshold="3145728" timestamp="2019-06-16T00:08:00.823" intervalms="2.879" />
<cycle-start id="521" type="partial gc" contextid="0" timestamp="2019-06-16T00:08:00.824" intervalms="8.116" />
<gc-start id="522" type="partial gc" contextid="521" timestamp="2019-06-16T00:08:00.824">
  <mem-info id="523" free="0" total="10485760" percent="0">
    <mem type="eden" free="1173136" total="7340032" percent="15" />
    <remembered-set count="576" freebytes="416256" totalbytes="418560" percent="99" regionsoverflowed="0" regionsstable="0" regionsrebuilding="0"/>
  </mem-info>
</gc-start>
<allocation-stats totalBytes="6002360" >
  <allocated-bytes non-tlh="3549352" tlh="2453008" arrayletleaf="0"/>
  <largest-consumer threadName="main" threadId="0000000000ECF700" bytes="3019992" />
</allocation-stats>
<gc-op id="524" type="sweep" timems="0.819" contextid="521" timestamp="2019-06-16T00:08:00.825" />
<gc-op id="525" type="copy forward" timems="0.636" contextid="521" timestamp="2019-06-16T00:08:00.826">
  <memory-copied type="eden" objects="2" bytes="63248" bytesdiscarded="0" />
  <memory-copied type="other" objects="0" bytes="0" bytesdiscarded="0" />
  <memory-cardclean objects="0" bytes="0" />
  <regions eden="3" other="1" />
  <remembered-set-cleared processed="329" cleared="0" durationms="0.056" />
  <stringconstants candidates="2485" cleared="0"  />
</gc-op>
<gc-op id="526" type="classunload" timems="0.001" contextid="521" timestamp="2019-06-16T00:08:00.826">
  <classunload-info classloadercandidates="6" classloadersunloaded="0" classesunloaded="0" anonymousclassesunloaded="0" quiescems="0.000" setupms="0.001" scanms="0.000" postms="0.000" />
</gc-op>
<gc-end id="527" type="partial gc" contextid="521" durationms="2.745" usertimems="0.000" systemtimems="4.000" timestamp="2019-06-16T00:08:00.826" activeThreads="1">
  <mem-info id="528" free="6291456" total="10485760" percent="60">
    <mem type="eden" free="985328" total="1048576" percent="93" />
    <remembered-set count="576" freebytes="416256" totalbytes="418560" percent="99" regionsoverflowed="0" regionsstable="0" regionsrebuilding="0"/>
  </mem-info>
</gc-end>
<cycle-end id="529" type="partial gc" contextid="521" timestamp="2019-06-16T00:08:00.827" />
  <attribute name="elasticGC enabled" value="1" />
  <attribute name= "numThreadsSpecified" value="1" />
  <attribute name="heapSize specified" value="0" />
  <attribute name="Current GC Util" value="172" />
  <attribute name= "Current Time Running" value="776" />
  <attribute name ="GC Interval" value="0" />
  <attribute name="ProportionalT" value="228.000000" />
  <attribute name="ProportionalI" value="228.000000" />
  <attribute name="ProportionalH" value="228.000000" />
  <attribute name="Current Error" value="152.000000" />
  <attribute name="IntegralT" value="0.000000" />
  <attribute name="IntegralI" value="0.000000" />
  <attribute name="IntegralH" value="0.000000" />
  <attribute name="DerivativeT" value="inf" />
  <attribute name="DerivativeI" value="inf" />
  <attribute name="DerivativeH" value="inf" />
  <attribute name="Loop Time for DT" value="0.000000" />
  <attribute name="Output H" value="8388608"/>
  <attribute name="Output I" value="200"/>
  <attribute name="Output T" value="1"/>
  <attribute name="Target GC Util Change" value ="20.000000" />
  <attribute name="Current GC Util Change" value="172.000000"/>
  <attribute name="GC Util currently" value="172" />
  <attribute name="CPU Util currently" value="13910396747604" />
<exclusive-end id="530" timestamp="2019-06-16T00:08:00.827" durationms="3.378" />

<exclusive-start id="531" timestamp="2019-06-16T00:08:00.827" intervalms="3.987">
  <response-info timems="0.045" idlems="0.045" threads="0" lastid="0000000000ECF700" lastname="main" />
</exclusive-start>
<allocation-taxation id="532" taxation-threshold="3145728" timestamp="2019-06-16T00:08:00.827" intervalms="3.977" />
<cycle-start id="533" type="global mark phase" contextid="0" timestamp="2019-06-16T00:08:00.828" intervalms="35.831" />
<gc-start id="534" type="global mark phase" contextid="533" timestamp="2019-06-16T00:08:00.828">
  <mem-info id="535" free="3145728" total="10485760" percent="30">
    <remembered-set count="576" freebytes="416256" totalbytes="418560" percent="99" regionsoverflowed="0" regionsstable="0" regionsrebuilding="0"/>
  </mem-info>
</gc-start>
<gc-op id="536" type="mark increment" timems="1.179" contextid="533" timestamp="2019-06-16T00:08:00.829">
  <trace-info objectcount="88" scancount="0" scanbytes="0" />
</gc-op>
<gc-end id="537" type="global mark phase" contextid="533" durationms="1.441" usertimems="0.000" systemtimems="4.000" timestamp="2019-06-16T00:08:00.829" activeThreads="4">
  <mem-info id="538" free="3145728" total="10485760" percent="30">
    <remembered-set count="576" freebytes="416256" totalbytes="418560" percent="99" regionsoverflowed="0" regionsstable="0" regionsrebuilding="0"/>
  </mem-info>
</gc-end>
<concurrent-start id="539" type="GMP work packet processing" contextid="533" timestamp="2019-06-16T00:08:00.829">
  <concurrent-mark-start scanTarget="18446744073709551615" />
</concurrent-start>
<exclusive-end id="540" timestamp="2019-06-16T00:08:00.829" durationms="2.017" />

<exclusive-start id="541" timestamp="2019-06-16T00:08:00.830" intervalms="2.541">
  <response-info timems="0.027" idlems="0.027" threads="0" lastid="0000000000ECF700" lastname="main" />
</exclusive-start>
<allocation-taxation id="542" taxation-threshold="3145728" timestamp="2019-06-16T00:08:00.830" intervalms="2.543" />
<concurrent-end id="543" type="GMP work packet processing" contextid="533" timestamp="2019-06-16T00:08:00.830">
  <concurrent-mark-end bytesScanned="134304" reasonForTermination="Termination requested" />
</concurrent-end>

<cycle-start id="544" type="partial gc" contextid="0" timestamp="2019-06-16T00:08:00.830" intervalms="6.851" />
<gc-start id="545" type="partial gc" contextid="544" timestamp="2019-06-16T00:08:00.831">
  <mem-info id="546" free="0" total="10485760" percent="0">
    <mem type="eden" free="1056904" total="7340032" percent="14" />
    <remembered-set count="576" freebytes="416256" totalbytes="418560" percent="99" regionsoverflowed="0" regionsstable="0" regionsrebuilding="0"/>
  </mem-info>
</gc-start>
<allocation-stats totalBytes="6148192" >
  <allocated-bytes non-tlh="3703520" tlh="2444672" arrayletleaf="0"/>
  <largest-consumer threadName="main" threadId="0000000000ECF700" bytes="3092128" />
</allocation-stats>
<gc-op id="547" type="mark" timems="1.815" contextid="544" timestamp="2019-06-16T00:08:00.833">
  <trace-info objectcount="2" scancount="1" scanbytes="24" />
  <remembered-set-cleared processed="329" cleared="0" durationms="0.112" />
  <stringconstants candidates="2485" cleared="0"  />
  <warning details="Mark invoked due to insufficient free space for Copy-Forward" />
</gc-op>
<gc-op id="548" type="classunload" timems="0.001" contextid="544" timestamp="2019-06-16T00:08:00.833">
  <classunload-info classloadercandidates="6" classloadersunloaded="0" classesunloaded="0" anonymousclassesunloaded="0" quiescems="0.000" setupms="0.001" scanms="0.000" postms="0.000" />
</gc-op>
<gc-op id="549" type="sweep" timems="0.721" contextid="544" timestamp="2019-06-16T00:08:00.834" />
<gc-op id="550" type="compact" timems="1.102" contextid="544" timestamp="2019-06-16T00:08:00.835">
  <compact-info movecount="2" movebytes="64768" />
  <remembered-set-cleared processed="658" cleared="0" durationms="0.112" />
</gc-op>
<gc-end id="551" type="partial gc" contextid="544" durationms="4.780" usertimems="8.000" systemtimems="4.000" timestamp="2019-06-16T00:08:00.835" activeThreads="4">
  <mem-info id="552" free="6291456" total="10485760" percent="60">
    <mem type="eden" free="983808" total="1048576" percent="93" />
    <remembered-set count="576" freebytes="416256" totalbytes="418560" percent="99" regionsoverflowed="0" regionsstable="0" regionsrebuilding="0"/>
  </mem-info>
</gc-end>
<cycle-end id="553" type="partial gc" contextid="544" timestamp="2019-06-16T00:08:00.835" />
  <attribute name="elasticGC enabled" value="1" />
  <attribute name= "numThreadsSpecified" value="4" />
  <attribute name="heapSize specified" value="0" />
  <attribute name="Current GC Util" value="166" />
  <attribute name= "Current Time Running" value="784" />
  <attribute name ="GC Interval" value="0" />
  <attribute name="ProportionalT" value="219.000000" />
  <attribute name="ProportionalI" value="219.000000" />
  <attribute name="ProportionalH" value="219.000000" />
  <attribute name="Current Error" value="146.000000" />
  <attribute name="IntegralT" value="0.000000" />
  <attribute name="IntegralI" value="0.000000" />
  <attribute name="IntegralH" value="0.000000" />
  <attribute name="DerivativeT" value="-inf" />
  <attribute name="DerivativeI" value="-inf" />
  <attribute name="DerivativeH" value="-inf" />
  <attribute name="Loop Time for DT" value="0.000000" />
  <attribute name="Output H" value="2091843584"/>
  <attribute name="Output I" value="200"/>
  <attribute name="Output T" value="4"/>
  <attribute name="Target GC Util Change" value ="20.000000" />
  <attribute name="Current GC Util Change" value="166.000000"/>
  <attribute name="GC Util currently" value="166" />
  <attribute name="CPU Util currently" value="5002523140570" />
<concurrent-start id="554" type="GMP work packet processing" contextid="533" timestamp="2019-06-16T00:08:00.836">
  <concurrent-mark-start scanTarget="18446744073709417311" />
</concurrent-start>
<exclusive-end id="555" timestamp="2019-06-16T00:08:00.836" durationms="5.808" />

<exclusive-start id="556" timestamp="2019-06-16T00:08:00.836" intervalms="6.394">
  <response-info timems="0.022" idlems="0.022" threads="0" lastid="0000000000ECF700" lastname="main" />
</exclusive-start>
<allocation-taxation id="557" taxation-threshold="3145728" timestamp="2019-06-16T00:08:00.836" intervalms="6.387" />
<concurrent-end id="558" type="GMP work packet processing" contextid="533" timestamp="2019-06-16T00:08:00.837">
  <concurrent-mark-end bytesScanned="408752" reasonForTermination="Termination requested" />
</concurrent-end>

<gc-start id="559" type="global mark phase" contextid="533" timestamp="2019-06-16T00:08:00.837">
  <mem-info id="560" free="3145728" total="10485760" percent="30">
    <remembered-set count="384" freebytes="417024" totalbytes="418560" percent="99" regionsoverflowed="0" regionsstable="1" regionsrebuilding="0"/>
  </mem-info>
</gc-start>
<gc-op id="561" type="mark increment" timems="0.287" contextid="533" timestamp="2019-06-16T00:08:00.837">
  <trace-info objectcount="0" scancount="0" scanbytes="0" />
</gc-op>
<gc-end id="562" type="global mark phase" contextid="533" durationms="0.439" usertimems="0.000" systemtimems="0.000" timestamp="2019-06-16T00:08:00.837" activeThreads="4">
  <mem-info id="563" free="3145728" total="10485760" percent="30">
    <remembered-set count="384" freebytes="417024" totalbytes="418560" percent="99" regionsoverflowed="0" regionsstable="1" regionsrebuilding="0"/>
  </mem-info>
</gc-end>
<concurrent-start id="564" type="GMP work packet processing" contextid="533" timestamp="2019-06-16T00:08:00.837">
  <concurrent-mark-start scanTarget="18446744073709551615" />
</concurrent-start>
<exclusive-end id="565" timestamp="2019-06-16T00:08:00.837" durationms="1.005" />

<exclusive-start id="566" timestamp="2019-06-16T00:08:00.838" intervalms="1.547">
  <response-info timems="0.020" idlems="0.020" threads="0" lastid="0000000000ECF700" lastname="main" />
</exclusive-start>
<allocation-taxation id="567" taxation-threshold="3145728" timestamp="2019-06-16T00:08:00.838" intervalms="1.546" />
<concurrent-end id="568" type="GMP work packet processing" contextid="533" timestamp="2019-06-16T00:08:00.838">
  <concurrent-mark-end bytesScanned="0" reasonForTermination="Termination requested" />
</concurrent-end>

<cycle-start id="569" type="partial gc" contextid="0" timestamp="2019-06-16T00:08:00.838" intervalms="7.764" />
<gc-start id="570" type="partial gc" contextid="569" timestamp="2019-06-16T00:08:00.838">
  <mem-info id="571" free="0" total="10485760" percent="0">
    <mem type="eden" free="1171272" total="7340032" percent="15" />
    <remembered-set count="384" freebytes="417024" totalbytes="418560" percent="99" regionsoverflowed="0" regionsstable="1" regionsrebuilding="0"/>
  </mem-info>
</gc-start>
<allocation-stats totalBytes="6091000" >
  <allocated-bytes non-tlh="5176544" tlh="914456" arrayletleaf="0"/>
  <largest-consumer threadName="main" threadId="0000000000ECF700" bytes="2966808" />
</allocation-stats>
<gc-op id="572" type="mark" timems="1.446" contextid="569" timestamp="2019-06-16T00:08:00.840">
  <trace-info objectcount="2" scancount="1" scanbytes="24" />
  <remembered-set-cleared processed="215" cleared="0" durationms="0.131" />
  <stringconstants candidates="2485" cleared="0"  />
  <warning details="Mark invoked due to insufficient free space for Copy-Forward" />
</gc-op>
<gc-op id="573" type="classunload" timems="0.001" contextid="569" timestamp="2019-06-16T00:08:00.840">
  <classunload-info classloadercandidates="6" classloadersunloaded="0" classesunloaded="0" anonymousclassesunloaded="0" quiescems="0.000" setupms="0.001" scanms="0.000" postms="0.000" />
</gc-op>
<gc-op id="574" type="sweep" timems="0.493" contextid="569" timestamp="2019-06-16T00:08:00.841" />
<gc-op id="575" type="compact" timems="1.025" contextid="569" timestamp="2019-06-16T00:08:00.842">
  <compact-info movecount="2" movebytes="66344" />
  <remembered-set-cleared processed="430" cleared="0" durationms="0.131" />
</gc-op>
<gc-end id="576" type="partial gc" contextid="569" durationms="4.070" usertimems="0.000" systemtimems="8.000" timestamp="2019-06-16T00:08:00.842" activeThreads="4">
  <mem-info id="577" free="6291456" total="10485760" percent="60">
    <mem type="eden" free="982232" total="1048576" percent="93" />
    <remembered-set count="384" freebytes="417024" totalbytes="418560" percent="99" regionsoverflowed="0" regionsstable="1" regionsrebuilding="0"/>
  </mem-info>
</gc-end>
<cycle-end id="578" type="partial gc" contextid="569" timestamp="2019-06-16T00:08:00.842" />
  <attribute name="elasticGC enabled" value="1" />
  <attribute name= "numThreadsSpecified" value="4" />
  <attribute name="heapSize specified" value="0" />
  <attribute name="Current GC Util" value="104" />
  <attribute name= "Current Time Running" value="792" />
  <attribute name ="GC Interval" value="0" />
  <attribute name="ProportionalT" value="126.000000" />
  <attribute name="ProportionalI" value="126.000000" />
  <attribute name="ProportionalH" value="126.000000" />
  <attribute name="Current Error" value="84.000000" />
  <attribute name="IntegralT" value="84.000000" />
  <attribute name="IntegralI" value="84.000000" />
  <attribute name="IntegralH" value="84.000000" />
  <attribute name="DerivativeT" value="-47.500000" />
  <attribute name="DerivativeI" value="-47.500000" />
  <attribute name="DerivativeH" value="-47.500000" />
  <attribute name="Loop Time for DT" value="1.000000" />
  <attribute name="Output H" value="8388608"/>
  <attribute name="Output I" value="200"/>
  <attribute name="Output T" value="4"/>
  <attribute name="Target GC Util Change" value ="20.000000" />
  <attribute name="Current GC Util Change" value="104.000000"/>
  <attribute name="GC Util currently" value="104" />
  <attribute name="CPU Util currently" value="6682063136753" />
<concurrent-start id="579" type="GMP work packet processing" contextid="533" timestamp="2019-06-16T00:08:00.843">
  <concurrent-mark-start scanTarget="18446744073709551615" />
</concurrent-start>
<exclusive-end id="580" timestamp="2019-06-16T00:08:00.843" durationms="4.889" />

<exclusive-start id="581" timestamp="2019-06-16T00:08:00.843" intervalms="5.366">
  <response-info timems="0.021" idlems="0.021" threads="0" lastid="0000000000ECF700" lastname="main" />
</exclusive-start>
<allocation-taxation id="582" taxation-threshold="3145728" timestamp="2019-06-16T00:08:00.843" intervalms="5.366" />
<concurrent-end id="583" type="GMP work packet processing" contextid="533" timestamp="2019-06-16T00:08:00.843">
  <concurrent-mark-end bytesScanned="0" reasonForTermination="Termination requested" />
</concurrent-end>

<gc-start id="584" type="global mark phase" contextid="533" timestamp="2019-06-16T00:08:00.843">
  <mem-info id="585" free="3145728" total="10485760" percent="30">
    <remembered-set count="384" freebytes="417024" totalbytes="418560" percent="99" regionsoverflowed="0" regionsstable="1" regionsrebuilding="0"/>
  </mem-info>
</gc-start>
<gc-op id="586" type="mark increment" timems="0.286" contextid="533" timestamp="2019-06-16T00:08:00.844">
  <trace-info objectcount="0" scancount="0" scanbytes="0" />
</gc-op>
<gc-end id="587" type="global mark phase" contextid="533" durationms="0.437" usertimems="0.000" systemtimems="0.000" timestamp="2019-06-16T00:08:00.844" activeThreads="4">
  <mem-info id="588" free="3145728" total="10485760" percent="30">
    <remembered-set count="384" freebytes="417024" totalbytes="418560" percent="99" regionsoverflowed="0" regionsstable="1" regionsrebuilding="0"/>
  </mem-info>
</gc-end>
<concurrent-start id="589" type="GMP work packet processing" contextid="533" timestamp="2019-06-16T00:08:00.844">
  <concurrent-mark-start scanTarget="18446744073709551615" />
</concurrent-start>
<exclusive-end id="590" timestamp="2019-06-16T00:08:00.844" durationms="1.033" />

<exclusive-start id="591" timestamp="2019-06-16T00:08:00.845" intervalms="1.577">
  <response-info timems="0.022" idlems="0.022" threads="0" lastid="0000000000ECF700" lastname="main" />
</exclusive-start>
<allocation-taxation id="592" taxation-threshold="3145728" timestamp="2019-06-16T00:08:00.845" intervalms="1.577" />
<concurrent-end id="593" type="GMP work packet processing" contextid="533" timestamp="2019-06-16T00:08:00.845">
  <concurrent-mark-end bytesScanned="0" reasonForTermination="Termination requested" />
</concurrent-end>

<cycle-start id="594" type="partial gc" contextid="0" timestamp="2019-06-16T00:08:00.845" intervalms="6.934" />
<gc-start id="595" type="partial gc" contextid="594" timestamp="2019-06-16T00:08:00.845">
  <mem-info id="596" free="0" total="10485760" percent="0">
    <mem type="eden" free="325904" total="6291456" percent="5" />
    <remembered-set count="384" freebytes="417024" totalbytes="418560" percent="99" regionsoverflowed="0" regionsstable="1" regionsrebuilding="0"/>
  </mem-info>
</gc-start>
<allocation-stats totalBytes="5965552" >
  <allocated-bytes non-tlh="5764848" tlh="200704" arrayletleaf="0"/>
  <largest-consumer threadName="main" threadId="0000000000ECF700" bytes="3027824" />
</allocation-stats>
<gc-op id="597" type="mark" timems="1.163" contextid="594" timestamp="2019-06-16T00:08:00.847">
  <trace-info objectcount="2" scancount="1" scanbytes="24" />
  <remembered-set-cleared processed="217" cleared="0" durationms="0.111" />
  <stringconstants candidates="2485" cleared="0"  />
  <warning details="Mark invoked due to insufficient free space for Copy-Forward" />
</gc-op>
<gc-op id="598" type="classunload" timems="0.001" contextid="594" timestamp="2019-06-16T00:08:00.847">
  <classunload-info classloadercandidates="6" classloadersunloaded="0" classesunloaded="0" anonymousclassesunloaded="0" quiescems="0.000" setupms="0.001" scanms="0.000" postms="0.000" />
</gc-op>
<gc-op id="599" type="sweep" timems="0.547" contextid="594" timestamp="2019-06-16T00:08:00.848" />
<gc-op id="600" type="compact" timems="1.223" contextid="594" timestamp="2019-06-16T00:08:00.849">
  <compact-info movecount="1383" movebytes="300864" />
  <remembered-set-cleared processed="217" cleared="0" durationms="0.111" />
</gc-op>
<heap-resize id="601" type="contract" space="default" amount="1048576" count="1" timems="0.146" reason="excess free space following gc" timestamp="2019-06-16T00:08:00.849" />
<gc-end id="602" type="partial gc" contextid="594" durationms="4.301" usertimems="4.000" systemtimems="0.000" timestamp="2019-06-16T00:08:00.850" activeThreads="4">
  <mem-info id="603" free="6291456" total="9437184" percent="66">
    <mem type="eden" free="980856" total="1048576" percent="93" />
    <remembered-set count="1536" freebytes="412416" totalbytes="418560" percent="98" regionsoverflowed="0" regionsstable="1" regionsrebuilding="0"/>
  </mem-info>
</gc-end>
<cycle-end id="604" type="partial gc" contextid="594" timestamp="2019-06-16T00:08:00.850" />
  <attribute name="elasticGC enabled" value="1" />
  <attribute name= "numThreadsSpecified" value="4" />
  <attribute name="heapSize specified" value="0" />
  <attribute name="Current GC Util" value="112" />
  <attribute name= "Current Time Running" value="798" />
  <attribute name ="GC Interval" value="0" />
  <attribute name="ProportionalT" value="138.000000" />
  <attribute name="ProportionalI" value="138.000000" />
  <attribute name="ProportionalH" value="138.000000" />
  <attribute name="Current Error" value="92.000000" />
  <attribute name="IntegralT" value="0.000000" />
  <attribute name="IntegralI" value="0.000000" />
  <attribute name="IntegralH" value="0.000000" />
  <attribute name="DerivativeT" value="-inf" />
  <attribute name="DerivativeI" value="-inf" />
  <attribute name="DerivativeH" value="-inf" />
  <attribute name="Loop Time for DT" value="0.000000" />
  <attribute name="Output H" value="2091843584"/>
  <attribute name="Output I" value="200"/>
  <attribute name="Output T" value="4"/>
  <attribute name="Target GC Util Change" value ="20.000000" />
  <attribute name="Current GC Util Change" value="112.000000"/>
  <attribute name="GC Util currently" value="112" />
  <attribute name="CPU Util currently" value="6179739222164" />
<concurrent-start id="605" type="GMP work packet processing" contextid="533" timestamp="2019-06-16T00:08:00.850">
  <concurrent-mark-start scanTarget="18446744073709551615" />
</concurrent-start>
<exclusive-end id="606" timestamp="2019-06-16T00:08:00.850" durationms="5.129" />

<exclusive-start id="607" timestamp="2019-06-16T00:08:00.850" intervalms="5.684">
  <response-info timems="0.021" idlems="0.021" threads="0" lastid="0000000000ECF700" lastname="main" />
</exclusive-start>
<allocation-taxation id="608" taxation-threshold="3145728" timestamp="2019-06-16T00:08:00.850" intervalms="5.686" />
<concurrent-end id="609" type="GMP work packet processing" contextid="533" timestamp="2019-06-16T00:08:00.851">
  <concurrent-mark-end bytesScanned="0" reasonForTermination="Termination requested" />
</concurrent-end>

<gc-start id="610" type="global mark phase" contextid="533" timestamp="2019-06-16T00:08:00.851">
  <mem-info id="611" free="3145728" total="9437184" percent="33">
    <remembered-set count="1056" freebytes="414336" totalbytes="418560" percent="98" regionsoverflowed="0" regionsstable="1" regionsrebuilding="0"/>
  </mem-info>
</gc-start>
<gc-op id="612" type="mark increment" timems="0.691" contextid="533" timestamp="2019-06-16T00:08:00.851">
  <trace-info objectcount="0" scancount="0" scanbytes="0" />
</gc-op>
<gc-end id="613" type="global mark phase" contextid="533" durationms="0.776" usertimems="0.000" systemtimems="0.000" timestamp="2019-06-16T00:08:00.852" activeThreads="4">
  <mem-info id="614" free="3145728" total="9437184" percent="33">
    <remembered-set count="1056" freebytes="414336" totalbytes="418560" percent="98" regionsoverflowed="0" regionsstable="1" regionsrebuilding="0"/>
  </mem-info>
</gc-end>
<exclusive-end id="615" timestamp="2019-06-16T00:08:00.852" durationms="1.240" />

<exclusive-start id="616" timestamp="2019-06-16T00:08:00.852" intervalms="1.752">
  <response-info timems="0.021" idlems="0.021" threads="0" lastid="0000000000ECF700" lastname="main" />
</exclusive-start>
<allocation-taxation id="617" taxation-threshold="3145728" timestamp="2019-06-16T00:08:00.852" intervalms="1.724" />
<cycle-start id="618" type="partial gc" contextid="0" timestamp="2019-06-16T00:08:00.852" intervalms="7.213" />
<gc-start id="619" type="partial gc" contextid="618" timestamp="2019-06-16T00:08:00.852">
  <mem-info id="620" free="0" total="9437184" percent="0">
    <mem type="eden" free="204056" total="6291456" percent="3" />
    <remembered-set count="1056" freebytes="414336" totalbytes="418560" percent="98" regionsoverflowed="0" regionsstable="1" regionsrebuilding="0"/>
  </mem-info>
</gc-start>
<allocation-stats totalBytes="6087400" >
  <allocated-bytes non-tlh="5886696" tlh="200704" arrayletleaf="0"/>
  <largest-consumer threadName="main" threadId="0000000000ECF700" bytes="3090144" />
</allocation-stats>
<gc-op id="621" type="mark" timems="0.582" contextid="618" timestamp="2019-06-16T00:08:00.854">
  <trace-info objectcount="2" scancount="1" scanbytes="24" />
  <remembered-set-cleared processed="152" cleared="0" durationms="0.051" />
  <stringconstants candidates="2485" cleared="0"  />
  <warning details="Mark invoked due to insufficient free space for Copy-Forward" />
</gc-op>
<gc-op id="622" type="classunload" timems="0.001" contextid="618" timestamp="2019-06-16T00:08:00.854">
  <classunload-info classloadercandidates="6" classloadersunloaded="0" classesunloaded="0" anonymousclassesunloaded="0" quiescems="0.000" setupms="0.001" scanms="0.000" postms="0.000" />
</gc-op>
<gc-op id="623" type="sweep" timems="0.745" contextid="618" timestamp="2019-06-16T00:08:00.854" />
<gc-op id="624" type="compact" timems="1.329" contextid="618" timestamp="2019-06-16T00:08:00.856">
  <compact-info movecount="2" movebytes="69144" />
  <remembered-set-cleared processed="304" cleared="0" durationms="0.051" />
</gc-op>
<gc-end id="625" type="partial gc" contextid="618" durationms="3.775" usertimems="8.000" systemtimems="0.000" timestamp="2019-06-16T00:08:00.856" activeThreads="4">
  <mem-info id="626" free="6291456" total="9437184" percent="66">
    <mem type="eden" free="979432" total="1048576" percent="93" />
    <remembered-set count="224" freebytes="375808" totalbytes="376704" percent="99" regionsoverflowed="0" regionsstable="1" regionsrebuilding="0"/>
  </mem-info>
</gc-end>
<cycle-end id="627" type="partial gc" contextid="618" timestamp="2019-06-16T00:08:00.856" />
  <attribute name="elasticGC enabled" value="1" />
  <attribute name= "numThreadsSpecified" value="4" />
  <attribute name="heapSize specified" value="0" />
  <attribute name="Current GC Util" value="207" />
  <attribute name= "Current Time Running" value="805" />
  <attribute name ="GC Interval" value="0" />
  <attribute name="ProportionalT" value="280.500000" />
  <attribute name="ProportionalI" value="280.500000" />
  <attribute name="ProportionalH" value="280.500000" />
  <attribute name="Current Error" value="187.000000" />
  <attribute name="IntegralT" value="187.000000" />
  <attribute name="IntegralI" value="187.000000" />
  <attribute name="IntegralH" value="187.000000" />
  <attribute name="DerivativeT" value="93.500000" />
  <attribute name="DerivativeI" value="93.500000" />
  <attribute name="DerivativeH" value="93.500000" />
  <attribute name="Loop Time for DT" value="1.000000" />
  <attribute name="Output H" value="8388608"/>
  <attribute name="Output I" value="568"/>
  <attribute name="Output T" value="4"/>
  <attribute name="Target GC Util Change" value ="20.000000" />
  <attribute name="Current GC Util Change" value="207.000000"/>
  <attribute name="GC Util currently" value="207" />
  <attribute name="CPU Util currently" value="4888512709701" />
<exclusive-end id="628" timestamp="2019-06-16T00:08:00.856" durationms="4.288" />

<exclusive-start id="629" timestamp="2019-06-16T00:08:00.857" intervalms="4.820">
  <response-info timems="0.019" idlems="0.019" threads="0" lastid="0000000000ECF700" lastname="main" />
</exclusive-start>
<allocation-taxation id="630" taxation-threshold="3145728" timestamp="2019-06-16T00:08:00.857" intervalms="4.847" />
<gc-start id="631" type="global mark phase" contextid="533" timestamp="2019-06-16T00:08:00.857">
  <mem-info id="632" free="3145728" total="9437184" percent="33">
    <remembered-set count="224" freebytes="375808" totalbytes="376704" percent="99" regionsoverflowed="0" regionsstable="1" regionsrebuilding="0"/>
  </mem-info>
</gc-start>
<gc-op id="633" type="mark increment" timems="2.096" contextid="533" timestamp="2019-06-16T00:08:00.859">
  <trace-info objectcount="1420" scancount="1133" scanbytes="46088" />
  <cardclean-info objects="1553" bytes="61488" />
  <finalization candidates="45" enqueued="0" />
  <ownableSynchronizers candidates="1" cleared="0" />
  <references type="soft" candidates="66" cleared="0" enqueued="0" dynamicThreshold="21" maxThreshold="32" />
  <references type="weak" candidates="382" cleared="0" enqueued="0" />
  <references type="phantom" candidates="80" cleared="0" enqueued="0" />
  <stringconstants candidates="2485" cleared="0"  />
</gc-op>
<gc-op id="634" type="classunload" timems="0.001" contextid="533" timestamp="2019-06-16T00:08:00.859">
  <classunload-info classloadercandidates="6" classloadersunloaded="0" classesunloaded="0" anonymousclassesunloaded="0" quiescems="0.000" setupms="0.001" scanms="0.000" postms="0.000" />
</gc-op>
<gc-end id="635" type="global mark phase" contextid="533" durationms="2.373" usertimems="4.000" systemtimems="0.000" timestamp="2019-06-16T00:08:00.860" activeThreads="4">
  <mem-info id="636" free="3145728" total="9437184" percent="33">
    <remembered-set count="224" freebytes="375808" totalbytes="376704" percent="99" regionsoverflowed="0" regionsstable="1" regionsrebuilding="0"/>
  </mem-info>
</gc-end>
<cycle-end id="637" type="global mark phase" contextid="533" timestamp="2019-06-16T00:08:00.860" />
  <attribute name="elasticGC enabled" value="1" />
  <attribute name= "numThreadsSpecified" value="4" />
  <attribute name="heapSize specified" value="0" />
  <attribute name="Current GC Util" value="134" />
  <attribute name= "Current Time Running" value="809" />
  <attribute name ="GC Interval" value="0" />
  <attribute name="ProportionalT" value="171.000000" />
  <attribute name="ProportionalI" value="171.000000" />
  <attribute name="ProportionalH" value="171.000000" />
  <attribute name="Current Error" value="114.000000" />
  <attribute name="IntegralT" value="0.000000" />
  <attribute name="IntegralI" value="0.000000" />
  <attribute name="IntegralH" value="0.000000" />
  <attribute name="DerivativeT" value="-inf" />
  <attribute name="DerivativeI" value="-inf" />
  <attribute name="DerivativeH" value="-inf" />
  <attribute name="Loop Time for DT" value="0.000000" />
  <attribute name="Output H" value="2091843584"/>
  <attribute name="Output I" value="200"/>
  <attribute name="Output T" value="4"/>
  <attribute name="Target GC Util Change" value ="20.000000" />
  <attribute name="Current GC Util Change" value="134.000000"/>
  <attribute name="GC Util currently" value="134" />
  <attribute name="CPU Util currently" value="15308806189706" />
<exclusive-end id="638" timestamp="2019-06-16T00:08:00.860" durationms="2.779" />

<exclusive-start id="639" timestamp="2019-06-16T00:08:00.860" intervalms="3.372">
  <response-info timems="0.056" idlems="0.056" threads="0" lastid="0000000000ECF700" lastname="main" />
</exclusive-start>
<allocation-taxation id="640" taxation-threshold="3145728" timestamp="2019-06-16T00:08:00.860" intervalms="3.350" />
<cycle-start id="641" type="partial gc" contextid="0" timestamp="2019-06-16T00:08:00.861" intervalms="8.195" />
<gc-start id="642" type="partial gc" contextid="641" timestamp="2019-06-16T00:08:00.861">
  <mem-info id="643" free="0" total="9437184" percent="0">
    <mem type="eden" free="194112" total="6291456" percent="3" />
    <remembered-set count="224" freebytes="375808" totalbytes="376704" percent="99" regionsoverflowed="0" regionsstable="1" regionsrebuilding="0"/>
  </mem-info>
</gc-start>
<allocation-stats totalBytes="6097312" >
  <allocated-bytes non-tlh="5794240" tlh="303072" arrayletleaf="0"/>
  <largest-consumer threadName="main" threadId="0000000000ECF700" bytes="3006520" />
</allocation-stats>
<gc-op id="644" type="sweep" timems="0.869" contextid="641" timestamp="2019-06-16T00:08:00.862" />
<gc-op id="645" type="copy forward" timems="1.471" contextid="641" timestamp="2019-06-16T00:08:00.864">
  <memory-copied type="eden" objects="2" bytes="140864" bytesdiscarded="0" />
  <memory-copied type="other" objects="0" bytes="0" bytesdiscarded="0" />
  <memory-cardclean objects="0" bytes="0" />
  <regions eden="3" other="1" />
  <remembered-set-cleared processed="155" cleared="0" durationms="0.058" />
  <stringconstants candidates="2485" cleared="0"  />
</gc-op>
<gc-op id="646" type="classunload" timems="0.001" contextid="641" timestamp="2019-06-16T00:08:00.864">
  <classunload-info classloadercandidates="6" classloadersunloaded="0" classesunloaded="0" anonymousclassesunloaded="0" quiescems="0.000" setupms="0.001" scanms="0.000" postms="0.000" />
</gc-op>
<heap-resize id="647" type="contract" space="default" amount="1048576" count="1" timems="0.134" reason="excess free space following gc" timestamp="2019-06-16T00:08:00.864" />
<gc-end id="648" type="partial gc" contextid="641" durationms="3.694" usertimems="4.000" systemtimems="4.000" timestamp="2019-06-16T00:08:00.864" activeThreads="4">
  <mem-info id="649" free="5242880" total="8388608" percent="62">
    <mem type="eden" free="907712" total="1048576" percent="86" />
    <remembered-set count="224" freebytes="375808" totalbytes="376704" percent="99" regionsoverflowed="0" regionsstable="1" regionsrebuilding="0"/>
  </mem-info>
</gc-end>
<cycle-end id="650" type="partial gc" contextid="641" timestamp="2019-06-16T00:08:00.864" />
  <attribute name="elasticGC enabled" value="1" />
  <attribute name= "numThreadsSpecified" value="4" />
  <attribute name="heapSize specified" value="0" />
  <attribute name="Current GC Util" value="174" />
  <attribute name= "Current Time Running" value="813" />
  <attribute name ="GC Interval" value="0" />
  <attribute name="ProportionalT" value="231.000000" />
  <attribute name="ProportionalI" value="231.000000" />
  <attribute name="ProportionalH" value="231.000000" />
  <attribute name="Current Error" value="154.000000" />
  <attribute name="IntegralT" value="154.000000" />
  <attribute name="IntegralI" value="154.000000" />
  <attribute name="IntegralH" value="154.000000" />
  <attribute name="DerivativeT" value="22.500000" />
  <attribute name="DerivativeI" value="22.500000" />
  <attribute name="DerivativeH" value="22.500000" />
  <attribute name="Loop Time for DT" value="1.000000" />
  <attribute name="Output H" value="8388608"/>
  <attribute name="Output I" value="408"/>
  <attribute name="Output T" value="4"/>
  <attribute name="Target GC Util Change" value ="20.000000" />
  <attribute name="Current GC Util Change" value="174.000000"/>
  <attribute name="GC Util currently" value="174" />
  <attribute name="CPU Util currently" value="13958394408114" />
<exclusive-end id="651" timestamp="2019-06-16T00:08:00.865" durationms="4.279" />

<exclusive-start id="652" timestamp="2019-06-16T00:08:00.865" intervalms="4.698">
  <response-info timems="0.020" idlems="0.020" threads="0" lastid="0000000000ECF700" lastname="main" />
</exclusive-start>
<allocation-taxation id="653" taxation-threshold="2097152" timestamp="2019-06-16T00:08:00.865" intervalms="4.725" />
<cycle-start id="654" type="global mark phase" contextid="0" timestamp="2019-06-16T00:08:00.865" intervalms="37.697" />
<gc-start id="655" type="global mark phase" contextid="654" timestamp="2019-06-16T00:08:00.865">
  <mem-info id="656" free="3145728" total="8388608" percent="37">
    <remembered-set count="224" freebytes="375808" totalbytes="376704" percent="99" regionsoverflowed="0" regionsstable="1" regionsrebuilding="0"/>
  </mem-info>
</gc-start>
<gc-op id="657" type="mark increment" timems="0.743" contextid="654" timestamp="2019-06-16T00:08:00.866">
  <trace-info objectcount="88" scancount="0" scanbytes="0" />
</gc-op>
<gc-end id="658" type="global mark phase" contextid="654" durationms="0.839" usertimems="4.000" systemtimems="0.000" timestamp="2019-06-16T00:08:00.866" activeThreads="1">
  <mem-info id="659" free="3145728" total="8388608" percent="37">
    <remembered-set count="224" freebytes="375808" totalbytes="376704" percent="99" regionsoverflowed="0" regionsstable="0" regionsrebuilding="1"/>
  </mem-info>
</gc-end>
<concurrent-start id="660" type="GMP work packet processing" contextid="654" timestamp="2019-06-16T00:08:00.866">
  <concurrent-mark-start scanTarget="18446744073709551615" />
</concurrent-start>
<exclusive-end id="661" timestamp="2019-06-16T00:08:00.866" durationms="1.271" />

<exclusive-start id="662" timestamp="2019-06-16T00:08:00.867" intervalms="1.657">
  <response-info timems="0.030" idlems="0.030" threads="0" lastid="0000000000ECF700" lastname="main" />
</exclusive-start>
<allocation-taxation id="663" taxation-threshold="2097152" timestamp="2019-06-16T00:08:00.867" intervalms="1.627" />
<concurrent-end id="664" type="GMP work packet processing" contextid="654" timestamp="2019-06-16T00:08:00.867">
  <concurrent-mark-end bytesScanned="51204" reasonForTermination="Termination requested" />
</concurrent-end>

<cycle-start id="665" type="partial gc" contextid="0" timestamp="2019-06-16T00:08:00.867" intervalms="6.608" />
<gc-start id="666" type="partial gc" contextid="665" timestamp="2019-06-16T00:08:00.867">
  <mem-info id="667" free="1048576" total="8388608" percent="12">
    <mem type="eden" free="315600" total="4194304" percent="7" />
    <remembered-set count="320" freebytes="375424" totalbytes="376704" percent="99" regionsoverflowed="0" regionsstable="0" regionsrebuilding="1"/>
  </mem-info>
</gc-start>
<allocation-stats totalBytes="3878704" >
  <allocated-bytes non-tlh="3686192" tlh="192512" arrayletleaf="0"/>
  <largest-consumer threadName="main" threadId="0000000000ECF700" bytes="1976328" />
</allocation-stats>
<gc-op id="668" type="copy forward" timems="2.383" contextid="665" timestamp="2019-06-16T00:08:00.870">
  <memory-copied type="eden" objects="4" bytes="71528" bytesdiscarded="0" />
  <memory-copied type="other" objects="0" bytes="0" bytesdiscarded="0" />
  <memory-cardclean objects="0" bytes="0" />
  <regions eden="4" other="1" />
  <remembered-set-cleared processed="236" cleared="0" durationms="0.061" />
  <stringconstants candidates="2485" cleared="0"  />
</gc-op>
<gc-op id="669" type="classunload" timems="0.001" contextid="665" timestamp="2019-06-16T00:08:00.870">
  <classunload-info classloadercandidates="6" classloadersunloaded="0" classesunloaded="0" anonymousclassesunloaded="0" quiescems="0.000" setupms="0.001" scanms="0.000" postms="0.000" />
</gc-op>
<gc-op id="670" type="compact" timems="1.046" contextid="665" timestamp="2019-06-16T00:08:00.871">
  <compact-info movecount="0" movebytes="0" />
  <remembered-set-cleared processed="472" cleared="0" durationms="0.061" />
</gc-op>
<gc-end id="671" type="partial gc" contextid="665" durationms="4.440" usertimems="4.000" systemtimems="4.000" timestamp="2019-06-16T00:08:00.872" activeThreads="4">
  <mem-info id="672" free="5242880" total="8388608" percent="62">
    <mem type="eden" free="977048" total="1048576" percent="93" />
    <remembered-set count="832" freebytes="331520" totalbytes="334848" percent="99" regionsoverflowed="0" regionsstable="0" regionsrebuilding="1"/>
  </mem-info>
</gc-end>
<cycle-end id="673" type="partial gc" contextid="665" timestamp="2019-06-16T00:08:00.872" />
  <attribute name="elasticGC enabled" value="1" />
  <attribute name= "numThreadsSpecified" value="4" />
  <attribute name="heapSize specified" value="0" />
  <attribute name="Current GC Util" value="181" />
  <attribute name= "Current Time Running" value="821" />
  <attribute name ="GC Interval" value="0" />
  <attribute name="ProportionalT" value="241.500000" />
  <attribute name="ProportionalI" value="241.500000" />
  <attribute name="ProportionalH" value="241.500000" />
  <attribute name="Current Error" value="161.000000" />
  <attribute name="IntegralT" value="483.000000" />
  <attribute name="IntegralI" value="483.000000" />
  <attribute name="IntegralH" value="483.000000" />
  <attribute name="DerivativeT" value="22.833333" />
  <attribute name="DerivativeI" value="22.833333" />
  <attribute name="DerivativeH" value="22.833333" />
  <attribute name="Loop Time for DT" value="3.000000" />
  <attribute name="Output H" value="8388608"/>
  <attribute name="Output I" value="752"/>
  <attribute name="Output T" value="4"/>
  <attribute name="Target GC Util Change" value ="20.000000" />
  <attribute name="Current GC Util Change" value="181.000000"/>
  <attribute name="GC Util currently" value="181" />
  <attribute name="CPU Util currently" value="1739994261788" />
<concurrent-start id="674" type="GMP work packet processing" contextid="654" timestamp="2019-06-16T00:08:00.872">
  <concurrent-mark-start scanTarget="18446744073709500411" />
</concurrent-start>
<exclusive-end id="675" timestamp="2019-06-16T00:08:00.872" durationms="5.300" />

<exclusive-start id="676" timestamp="2019-06-16T00:08:00.872" intervalms="5.714">
  <response-info timems="0.021" idlems="0.021" threads="0" lastid="0000000000ECF700" lastname="main" />
</exclusive-start>
<allocation-taxation id="677" taxation-threshold="2097152" timestamp="2019-06-16T00:08:00.873" intervalms="5.762" />
<concurrent-end id="678" type="GMP work packet processing" contextid="654" timestamp="2019-06-16T00:08:00.873">
  <concurrent-mark-end bytesScanned="377812" reasonForTermination="Termination requested" />
</concurrent-end>

<gc-start id="679" type="global mark phase" contextid="654" timestamp="2019-06-16T00:08:00.873">
  <mem-info id="680" free="3145728" total="8388608" percent="37">
    <remembered-set count="1440" freebytes="329088" totalbytes="334848" percent="98" regionsoverflowed="0" regionsstable="0" regionsrebuilding="1"/>
  </mem-info>
</gc-start>
<gc-op id="681" type="mark increment" timems="0.283" contextid="654" timestamp="2019-06-16T00:08:00.873">
  <trace-info objectcount="0" scancount="0" scanbytes="0" />
</gc-op>
<gc-end id="682" type="global mark phase" contextid="654" durationms="0.395" usertimems="0.000" systemtimems="0.000" timestamp="2019-06-16T00:08:00.873" activeThreads="4">
  <mem-info id="683" free="3145728" total="8388608" percent="37">
    <remembered-set count="1440" freebytes="329088" totalbytes="334848" percent="98" regionsoverflowed="0" regionsstable="0" regionsrebuilding="1"/>
  </mem-info>
</gc-end>
<concurrent-start id="684" type="GMP work packet processing" contextid="654" timestamp="2019-06-16T00:08:00.873">
  <concurrent-mark-start scanTarget="18446744073709551615" />
</concurrent-start>
<exclusive-end id="685" timestamp="2019-06-16T00:08:00.873" durationms="0.947" />

<exclusive-start id="686" timestamp="2019-06-16T00:08:00.874" intervalms="1.355">
  <response-info timems="0.021" idlems="0.021" threads="0" lastid="0000000000ECF700" lastname="main" />
</exclusive-start>
<allocation-taxation id="687" taxation-threshold="2097152" timestamp="2019-06-16T00:08:00.874" intervalms="1.333" />
<concurrent-end id="688" type="GMP work packet processing" contextid="654" timestamp="2019-06-16T00:08:00.874">
  <concurrent-mark-end bytesScanned="114864" reasonForTermination="Termination requested" />
</concurrent-end>

<cycle-start id="689" type="partial gc" contextid="0" timestamp="2019-06-16T00:08:00.874" intervalms="7.051" />
<gc-start id="690" type="partial gc" contextid="689" timestamp="2019-06-16T00:08:00.874">
  <mem-info id="691" free="1048576" total="8388608" percent="12">
    <mem type="eden" free="99928" total="4194304" percent="2" />
    <remembered-set count="1536" freebytes="328704" totalbytes="334848" percent="98" regionsoverflowed="0" regionsstable="0" regionsrebuilding="1"/>
  </mem-info>
</gc-start>
<allocation-stats totalBytes="4094376" >
  <allocated-bytes non-tlh="3955112" tlh="139264" arrayletleaf="0"/>
  <largest-consumer threadName="main" threadId="0000000000ECF700" bytes="2050824" />
</allocation-stats>
<gc-op id="692" type="copy forward" timems="2.082" contextid="689" timestamp="2019-06-16T00:08:00.877">
  <memory-copied type="eden" objects="4" bytes="72568" bytesdiscarded="0" />
  <memory-copied type="other" objects="0" bytes="0" bytesdiscarded="0" />
  <memory-cardclean objects="0" bytes="0" />
  <regions eden="4" other="1" />
  <remembered-set-cleared processed="563" cleared="0" durationms="0.050" />
  <stringconstants candidates="2485" cleared="0"  />
</gc-op>
<gc-op id="693" type="classunload" timems="0.001" contextid="689" timestamp="2019-06-16T00:08:00.877">
  <classunload-info classloadercandidates="6" classloadersunloaded="0" classesunloaded="0" anonymousclassesunloaded="0" quiescems="0.000" setupms="0.001" scanms="0.000" postms="0.000" />
</gc-op>
<gc-op id="694" type="compact" timems="0.987" contextid="689" timestamp="2019-06-16T00:08:00.878">
  <compact-info movecount="0" movebytes="0" />
  <remembered-set-cleared processed="1126" cleared="0" durationms="0.050" />
</gc-op>
<gc-end id="695" type="partial gc" contextid="689" durationms="4.035" usertimems="4.000" systemtimems="4.000" timestamp="2019-06-16T00:08:00.878" activeThreads="4">
  <mem-info id="696" free="5242880" total="8388608" percent="62">
    <mem type="eden" free="976008" total="1048576" percent="93" />
    <remembered-set count="1216" freebytes="329984" totalbytes="334848" percent="98" regionsoverflowed="0" regionsstable="0" regionsrebuilding="1"/>
  </mem-info>
</gc-end>
<cycle-end id="697" type="partial gc" contextid="689" timestamp="2019-06-16T00:08:00.878" />
  <attribute name="elasticGC enabled" value="1" />
  <attribute name= "numThreadsSpecified" value="4" />
  <attribute name="heapSize specified" value="0" />
  <attribute name="Current GC Util" value="199" />
  <attribute name= "Current Time Running" value="828" />
  <attribute name ="GC Interval" value="0" />
  <attribute name="ProportionalT" value="268.500000" />
  <attribute name="ProportionalI" value="268.500000" />
  <attribute name="ProportionalH" value="268.500000" />
  <attribute name="Current Error" value="179.000000" />
  <attribute name="IntegralT" value="537.000000" />
  <attribute name="IntegralI" value="537.000000" />
  <attribute name="IntegralH" value="537.000000" />
  <attribute name="DerivativeT" value="29.833333" />
  <attribute name="DerivativeI" value="29.833333" />
  <attribute name="DerivativeH" value="29.833333" />
  <attribute name="Loop Time for DT" value="3.000000" />
  <attribute name="Output H" value="8388608"/>
  <attribute name="Output I" value="840"/>
  <attribute name="Output T" value="4"/>
  <attribute name="Target GC Util Change" value ="20.000000" />
  <attribute name="Current GC Util Change" value="199.000000"/>
  <attribute name="GC Util currently" value="199" />
  <attribute name="CPU Util currently" value="2001279313846" />
<concurrent-start id="698" type="GMP work packet processing" contextid="654" timestamp="2019-06-16T00:08:00.879">
  <concurrent-mark-start scanTarget="18446744073709436751" />
</concurrent-start>
<exclusive-end id="699" timestamp="2019-06-16T00:08:00.879" durationms="4.852" />

<exclusive-start id="700" timestamp="2019-06-16T00:08:00.879" intervalms="5.217">
  <response-info timems="0.020" idlems="0.020" threads="0" lastid="0000000000ECF700" lastname="main" />
</exclusive-start>
<allocation-taxation id="701" taxation-threshold="2097152" timestamp="2019-06-16T00:08:00.879" intervalms="5.218" />
<concurrent-end id="702" type="GMP work packet processing" contextid="654" timestamp="2019-06-16T00:08:00.879">
  <concurrent-mark-end bytesScanned="0" reasonForTermination="Termination requested" />
</concurrent-end>

<gc-start id="703" type="global mark phase" contextid="654" timestamp="2019-06-16T00:08:00.879">
  <mem-info id="704" free="3145728" total="8388608" percent="37">
    <remembered-set count="1216" freebytes="329984" totalbytes="334848" percent="98" regionsoverflowed="0" regionsstable="0" regionsrebuilding="1"/>
  </mem-info>
</gc-start>
<gc-op id="705" type="mark increment" timems="0.251" contextid="654" timestamp="2019-06-16T00:08:00.880">
  <trace-info objectcount="0" scancount="0" scanbytes="0" />
</gc-op>
<gc-end id="706" type="global mark phase" contextid="654" durationms="0.391" usertimems="0.000" systemtimems="4.000" timestamp="2019-06-16T00:08:00.880" activeThreads="1">
  <mem-info id="707" free="3145728" total="8388608" percent="37">
    <remembered-set count="1216" freebytes="329984" totalbytes="334848" percent="98" regionsoverflowed="0" regionsstable="0" regionsrebuilding="1"/>
  </mem-info>
</gc-end>
<concurrent-start id="708" type="GMP work packet processing" contextid="654" timestamp="2019-06-16T00:08:00.880">
  <concurrent-mark-start scanTarget="18446744073709551615" />
</concurrent-start>
<exclusive-end id="709" timestamp="2019-06-16T00:08:00.880" durationms="0.991" />

<exclusive-start id="710" timestamp="2019-06-16T00:08:00.880" intervalms="1.410">
  <response-info timems="0.020" idlems="0.020" threads="0" lastid="0000000000ECF700" lastname="main" />
</exclusive-start>
<allocation-taxation id="711" taxation-threshold="2097152" timestamp="2019-06-16T00:08:00.880" intervalms="1.407" />
<concurrent-end id="712" type="GMP work packet processing" contextid="654" timestamp="2019-06-16T00:08:00.881">
  <concurrent-mark-end bytesScanned="0" reasonForTermination="Termination requested" />
</concurrent-end>

<cycle-start id="713" type="partial gc" contextid="0" timestamp="2019-06-16T00:08:00.881" intervalms="6.660" />
<gc-start id="714" type="partial gc" contextid="713" timestamp="2019-06-16T00:08:00.881">
  <mem-info id="715" free="1048576" total="8388608" percent="12">
    <mem type="eden" free="126360" total="4194304" percent="3" />
    <remembered-set count="1216" freebytes="329984" totalbytes="334848" percent="98" regionsoverflowed="0" regionsstable="0" regionsrebuilding="1"/>
  </mem-info>
</gc-start>
<allocation-stats totalBytes="4067944" >
  <allocated-bytes non-tlh="3936872" tlh="131072" arrayletleaf="0"/>
  <largest-consumer threadName="main" threadId="0000000000ECF700" bytes="2068808" />
</allocation-stats>
<gc-op id="716" type="copy forward" timems="0.640" contextid="713" timestamp="2019-06-16T00:08:00.882">
  <memory-copied type="eden" objects="2" bytes="146560" bytesdiscarded="0" />
  <memory-copied type="other" objects="0" bytes="0" bytesdiscarded="0" />
  <memory-cardclean objects="0" bytes="0" />
  <regions eden="4" other="1" />
  <remembered-set-cleared processed="567" cleared="0" durationms="0.046" />
  <stringconstants candidates="2485" cleared="0"  />
</gc-op>
<gc-op id="717" type="classunload" timems="0.001" contextid="713" timestamp="2019-06-16T00:08:00.882">
  <classunload-info classloadercandidates="6" classloadersunloaded="0" classesunloaded="0" anonymousclassesunloaded="0" quiescems="0.000" setupms="0.001" scanms="0.000" postms="0.000" />
</gc-op>
<gc-op id="718" type="compact" timems="1.456" contextid="713" timestamp="2019-06-16T00:08:00.884">
  <compact-info movecount="0" movebytes="0" />
  <remembered-set-cleared processed="1134" cleared="0" durationms="0.051" />
</gc-op>
<gc-end id="719" type="partial gc" contextid="713" durationms="3.143" usertimems="0.000" systemtimems="4.000" timestamp="2019-06-16T00:08:00.884" activeThreads="4">
  <mem-info id="720" free="5242880" total="8388608" percent="62">
    <mem type="eden" free="902016" total="1048576" percent="86" />
    <remembered-set count="768" freebytes="331776" totalbytes="334848" percent="99" regionsoverflowed="0" regionsstable="0" regionsrebuilding="1"/>
  </mem-info>
</gc-end>
<cycle-end id="721" type="partial gc" contextid="713" timestamp="2019-06-16T00:08:00.884" />
  <attribute name="elasticGC enabled" value="1" />
  <attribute name= "numThreadsSpecified" value="4" />
  <attribute name="heapSize specified" value="0" />
  <attribute name="Current GC Util" value="0" />
  <attribute name= "Current Time Running" value="833" />
  <attribute name ="GC Interval" value="0" />
  <attribute name="ProportionalT" value="-30.000000" />
  <attribute name="ProportionalI" value="-30.000000" />
  <attribute name="ProportionalH" value="-30.000000" />
  <attribute name="Current Error" value="-20.000000" />
  <attribute name="IntegralT" value="-20.000000" />
  <attribute name="IntegralI" value="-20.000000" />
  <attribute name="IntegralH" value="-20.000000" />
  <attribute name="DerivativeT" value="-90.500000" />
  <attribute name="DerivativeI" value="-90.500000" />
  <attribute name="DerivativeH" value="-90.500000" />
  <attribute name="Loop Time for DT" value="1.000000" />
  <attribute name="Output H" value="2091843584"/>
  <attribute name="Output I" value="200"/>
  <attribute name="Output T" value="4"/>
  <attribute name="Target GC Util Change" value ="20.000000" />
  <attribute name="Current GC Util Change" value="0.000000"/>
  <attribute name="GC Util currently" value="0" />
  <attribute name="CPU Util currently" value="5266874688539" />
<concurrent-start id="722" type="GMP work packet processing" contextid="654" timestamp="2019-06-16T00:08:00.884">
  <concurrent-mark-start scanTarget="18446744073709551615" />
</concurrent-start>
<exclusive-end id="723" timestamp="2019-06-16T00:08:00.884" durationms="4.002" />

<exclusive-start id="724" timestamp="2019-06-16T00:08:00.885" intervalms="4.244">
  <response-info timems="0.020" idlems="0.020" threads="0" lastid="0000000000ECF700" lastname="main" />
</exclusive-start>
<sys-start reason="explicit" id="725" timestamp="2019-06-16T00:08:00.885" intervalms="954.273" />
<concurrent-end id="726" type="GMP work packet processing" contextid="654" timestamp="2019-06-16T00:08:00.885">
  <concurrent-mark-end bytesScanned="0" reasonForTermination="Termination requested" />
</concurrent-end>

<cycle-continue id="727" oldtype="global mark phase" newtype="global garbage collect" contextid="654" timestamp="2019-06-16T00:08:00.885" />
  <attribute name="elasticGC enabled" value="1" />
  <attribute name= "numThreadsSpecified" value="4" />
  <attribute name="heapSize specified" value="0" />
  <attribute name="Current GC Util" value="255" />
  <attribute name= "Current Time Running" value="835" />
  <attribute name ="GC Interval" value="0" />
  <attribute name="ProportionalT" value="352.500000" />
  <attribute name="ProportionalI" value="352.500000" />
  <attribute name="ProportionalH" value="352.500000" />
  <attribute name="IntegralT" value="470.000000" />
  <attribute name="IntegralI" value="470.000000" />
  <attribute name="IntegralH" value="470.000000" />
  <attribute name="DerivativeT" value="58.750000" />
  <attribute name="DerivativeI" value="58.750000" />
  <attribute name="DerivativeH" value="58.750000" />
  <attribute name="Current Error" value="235.000000" />
  <attribute name="Target GC Util Change" value ="20.000000" />
  <attribute name="Current GC Util Change" value="255.000000"/>
  <attribute name="Loop Time for DT" value="2.000000" />
  <attribute name="Output H" value="8388608"/>
  <attribute name="Output I" value="888"/>
  <attribute name="Output T" value="4"/>
  <attribute name="GC Util currently" value="255" />
  <attribute name="CPU Util currently" value="2376924945964" />
<gc-start id="728" type="global garbage collect" contextid="654" timestamp="2019-06-16T00:08:00.885">
  <mem-info id="729" free="5136736" total="8388608" percent="61">
    <mem type="eden" free="942432" total="1048576" percent="89" />
    <remembered-set count="768" freebytes="331776" totalbytes="334848" percent="99" regionsoverflowed="0" regionsstable="0" regionsrebuilding="1"/>
  </mem-info>
</gc-start>
<allocation-stats totalBytes="106144" >
  <allocated-bytes non-tlh="73376" tlh="32768" arrayletleaf="0"/>
  <largest-consumer threadName="main" threadId="0000000000ECF700" bytes="106144" />
</allocation-stats>
<gc-op id="730" type="global mark" timems="1.254" contextid="654" timestamp="2019-06-16T00:08:00.887">
  <trace-info objectcount="38" scancount="19" scanbytes="304" />
  <cardclean-info objects="10" bytes="392" />
  <finalization candidates="45" enqueued="0" />
  <ownableSynchronizers candidates="1" cleared="0" />
  <references type="soft" candidates="66" cleared="0" enqueued="0" dynamicThreshold="20" maxThreshold="32" />
  <references type="weak" candidates="382" cleared="0" enqueued="0" />
  <references type="phantom" candidates="80" cleared="0" enqueued="0" />
  <stringconstants candidates="2485" cleared="0"  />
</gc-op>
<gc-op id="731" type="classunload" timems="0.001" contextid="654" timestamp="2019-06-16T00:08:00.887">
  <classunload-info classloadercandidates="6" classloadersunloaded="0" classesunloaded="0" anonymousclassesunloaded="0" quiescems="0.000" setupms="0.000" scanms="0.000" postms="0.000" />
</gc-op>
<gc-op id="732" type="sweep" timems="0.609" contextid="654" timestamp="2019-06-16T00:08:00.887" />
<gc-op id="733" type="compact" timems="3.910" contextid="654" timestamp="2019-06-16T00:08:00.891">
  <compact-info movecount="19422" movebytes="1049872" />
  <remembered-set-cleared processed="581" cleared="581" durationms="0.047" />
</gc-op>
<gc-end id="734" type="global garbage collect" contextid="654" durationms="6.523" usertimems="4.000" systemtimems="4.000" timestamp="2019-06-16T00:08:00.892" activeThreads="4">
  <mem-info id="735" free="5242880" total="8388608" percent="62">
    <remembered-set count="2048" freebytes="326656" totalbytes="334848" percent="97" regionsoverflowed="0" regionsstable="0" regionsrebuilding="0"/>
  </mem-info>
</gc-end>
<cycle-end id="736" type="global garbage collect" contextid="654" timestamp="2019-06-16T00:08:00.892" />
  <attribute name="elasticGC enabled" value="1" />
  <attribute name= "numThreadsSpecified" value="4" />
  <attribute name="heapSize specified" value="0" />
  <attribute name="Current GC Util" value="138" />
  <attribute name= "Current Time Running" value="838" />
  <attribute name ="GC Interval" value="0" />
  <attribute name="ProportionalT" value="177.000000" />
  <attribute name="ProportionalI" value="177.000000" />
  <attribute name="ProportionalH" value="177.000000" />
  <attribute name="Current Error" value="118.000000" />
  <attribute name="IntegralT" value="118.000000" />
  <attribute name="IntegralI" value="118.000000" />
  <attribute name="IntegralH" value="118.000000" />
  <attribute name="DerivativeT" value="-11.000000" />
  <attribute name="DerivativeI" value="-11.000000" />
  <attribute name="DerivativeH" value="-11.000000" />
  <attribute name="Loop Time for DT" value="1.000000" />
  <attribute name="Output H" value="8388608"/>
  <attribute name="Output I" value="288"/>
  <attribute name="Output T" value="4"/>
  <attribute name="Target GC Util Change" value ="20.000000" />
  <attribute name="Current GC Util Change" value="138.000000"/>
  <attribute name="GC Util currently" value="138" />
  <attribute name="CPU Util currently" value="5822630021682" />
<sys-end id="737" timestamp="2019-06-16T00:08:00.892" />
<exclusive-end id="738" timestamp="2019-06-16T00:08:00.892" durationms="7.377" />

<exclusive-start id="739" timestamp="2019-06-16T00:08:01.528" intervalms="643.761">
  <response-info timems="0.049" idlems="0.049" threads="0" lastid="0000000000ECF700" lastname="main" />
</exclusive-start>
<allocation-taxation id="740" taxation-threshold="5242880" timestamp="2019-06-16T00:08:01.529" intervalms="648.071" />
<cycle-start id="741" type="partial gc" contextid="0" timestamp="2019-06-16T00:08:01.529" intervalms="647.881" />
<gc-start id="742" type="partial gc" contextid="741" timestamp="2019-06-16T00:08:01.529">
  <mem-info id="743" free="0" total="8388608" percent="0">
    <mem type="eden" free="0" total="5242880" percent="0" />
    <remembered-set count="1728" freebytes="327936" totalbytes="334848" percent="97" regionsoverflowed="0" regionsstable="0" regionsrebuilding="0"/>
  </mem-info>
</gc-start>
<allocation-stats totalBytes="5237272" >
  <allocated-bytes non-tlh="152304" tlh="5084968" arrayletleaf="0"/>
  <largest-consumer threadName="main" threadId="0000000000ECF700" bytes="5237272" />
</allocation-stats>
<gc-op id="744" type="mark" timems="0.976" contextid="741" timestamp="2019-06-16T00:08:01.530">
  <trace-info objectcount="8215" scancount="5351" scanbytes="156188" />
  <cardclean-info objects="476" bytes="18700" />
  <remembered-set-cleared processed="639" cleared="21" durationms="0.053" />
  <references type="soft" candidates="2" cleared="0" enqueued="0" dynamicThreshold="20" maxThreshold="32" />
  <references type="weak" candidates="66" cleared="62" enqueued="62" />
  <references type="phantom" candidates="6" cleared="2" enqueued="2" />
  <stringconstants candidates="3155" cleared="0"  />
  <warning details="Mark invoked due to insufficient free space for Copy-Forward" />
</gc-op>
<gc-op id="745" type="classunload" timems="0.002" contextid="741" timestamp="2019-06-16T00:08:01.530">
  <classunload-info classloadercandidates="6" classloadersunloaded="0" classesunloaded="0" anonymousclassesunloaded="0" quiescems="0.000" setupms="0.002" scanms="0.000" postms="0.000" />
</gc-op>
<gc-op id="746" type="sweep" timems="0.425" contextid="741" timestamp="2019-06-16T00:08:01.531" />
<gc-op id="747" type="compact" timems="1.168" contextid="741" timestamp="2019-06-16T00:08:01.532">
  <compact-info movecount="8106" movebytes="522664" />
  <remembered-set-cleared processed="2557" cleared="1316" durationms="0.054" />
</gc-op>
<gc-end id="748" type="partial gc" contextid="741" durationms="3.580" usertimems="8.000" systemtimems="0.000" timestamp="2019-06-16T00:08:01.533" activeThreads="4">
  <mem-info id="749" free="4194304" total="8388608" percent="50">
    <mem type="eden" free="518096" total="1048576" percent="49" />
    <pending-finalizers system="0" default="0" reference="64" classloader="0" />
    <remembered-set count="2240" freebytes="325888" totalbytes="334848" percent="97" regionsoverflowed="0" regionsstable="0" regionsrebuilding="0"/>
  </mem-info>
</gc-end>
<cycle-end id="750" type="partial gc" contextid="741" timestamp="2019-06-16T00:08:01.533" />
  <attribute name="elasticGC enabled" value="1" />
  <attribute name= "numThreadsSpecified" value="4" />
  <attribute name="heapSize specified" value="0" />
  <attribute name="Current GC Util" value="39" />
  <attribute name= "Current Time Running" value="1482" />
  <attribute name ="GC Interval" value="0" />
  <attribute name="ProportionalT" value="28.500000" />
  <attribute name="ProportionalI" value="28.500000" />
  <attribute name="ProportionalH" value="28.500000" />
  <attribute name="Current Error" value="19.000000" />
  <attribute name="IntegralT" value="19.000000" />
  <attribute name="IntegralI" value="19.000000" />
  <attribute name="IntegralH" value="19.000000" />
  <attribute name="DerivativeT" value="9.500000" />
  <attribute name="DerivativeI" value="9.500000" />
  <attribute name="DerivativeH" value="9.500000" />
  <attribute name="Loop Time for DT" value="1.000000" />
  <attribute name="Output H" value="8388608"/>
  <attribute name="Output I" value="200"/>
  <attribute name="Output T" value="4"/>
  <attribute name="Target GC Util Change" value ="20.000000" />
  <attribute name="Current GC Util Change" value="39.000000"/>
  <attribute name="GC Util currently" value="39" />
  <attribute name="CPU Util currently" value="7468269048824" />
<exclusive-end id="751" timestamp="2019-06-16T00:08:01.533" durationms="4.344" />

<exclusive-start id="752" timestamp="2019-06-16T00:08:01.907" intervalms="378.301">
  <response-info timems="0.031" idlems="0.031" threads="0" lastid="0000000000ECF700" lastname="main" />
</exclusive-start>
<allocation-taxation id="753" taxation-threshold="2097152" timestamp="2019-06-16T00:08:01.907" intervalms="378.278" />
<cycle-start id="754" type="global mark phase" contextid="0" timestamp="2019-06-16T00:08:01.907" intervalms="1041.684" />
<gc-start id="755" type="global mark phase" contextid="754" timestamp="2019-06-16T00:08:01.907">
  <mem-info id="756" free="2097152" total="8388608" percent="25">
    <remembered-set count="1312" freebytes="329600" totalbytes="334848" percent="98" regionsoverflowed="0" regionsstable="1" regionsrebuilding="0"/>
  </mem-info>
</gc-start>
<gc-op id="757" type="mark increment" timems="0.452" contextid="754" timestamp="2019-06-16T00:08:01.907">
  <trace-info objectcount="113" scancount="0" scanbytes="0" />
</gc-op>
<gc-end id="758" type="global mark phase" contextid="754" durationms="0.580" usertimems="0.000" systemtimems="0.000" timestamp="2019-06-16T00:08:01.908" activeThreads="1">
  <mem-info id="759" free="2097152" total="8388608" percent="25">
    <remembered-set count="1312" freebytes="329600" totalbytes="334848" percent="98" regionsoverflowed="0" regionsstable="0" regionsrebuilding="1"/>
  </mem-info>
</gc-end>
<concurrent-start id="760" type="GMP work packet processing" contextid="754" timestamp="2019-06-16T00:08:01.908">
  <concurrent-mark-start scanTarget="18446744073709551615" />
</concurrent-start>
<exclusive-end id="761" timestamp="2019-06-16T00:08:01.908" durationms="1.035" />

<concurrent-end id="762" type="GMP work packet processing" contextid="754" timestamp="2019-06-16T00:08:01.911">
  <concurrent-mark-end bytesScanned="680644" reasonForTermination="Completed all work in GC phase" />
</concurrent-end>

<exclusive-start id="763" timestamp="2019-06-16T00:08:02.666" intervalms="759.015">
  <response-info timems="0.092" idlems="0.092" threads="0" lastid="00000000011EB400" lastname="PmdThread 3" />
</exclusive-start>
<allocation-taxation id="764" taxation-threshold="2097152" timestamp="2019-06-16T00:08:02.666" intervalms="759.016" />
<cycle-start id="765" type="partial gc" contextid="0" timestamp="2019-06-16T00:08:02.666" intervalms="1137.286" />
<gc-start id="766" type="partial gc" contextid="765" timestamp="2019-06-16T00:08:02.666">
  <mem-info id="767" free="0" total="8388608" percent="0">
    <mem type="eden" free="0" total="4194304" percent="0" />
    <remembered-set count="4992" freebytes="314880" totalbytes="334848" percent="94" regionsoverflowed="0" regionsstable="0" regionsrebuilding="1"/>
  </mem-info>
</gc-start>
<allocation-stats totalBytes="4188816" >
  <allocated-bytes non-tlh="39720" tlh="4149096" arrayletleaf="0"/>
  <largest-consumer threadName="main" threadId="0000000000ECF700" bytes="1704600" />
</allocation-stats>
<gc-op id="768" type="mark" timems="1.587" contextid="765" timestamp="2019-06-16T00:08:02.668">
  <trace-info objectcount="14001" scancount="9962" scanbytes="340868" />
  <cardclean-info objects="652" bytes="28228" />
  <remembered-set-cleared processed="3987" cleared="1193" durationms="0.078" />
  <finalization candidates="6" enqueued="0" />
  <ownableSynchronizers candidates="7" cleared="0" />
  <references type="soft" candidates="3" cleared="0" enqueued="0" dynamicThreshold="8" maxThreshold="32" />
  <references type="weak" candidates="448" cleared="231" enqueued="154" />
  <references type="phantom" candidates="10" cleared="1" enqueued="1" />
  <stringconstants candidates="3409" cleared="0"  />
  <warning details="Mark invoked due to insufficient free space for Copy-Forward" />
</gc-op>
<gc-op id="769" type="classunload" timems="0.002" contextid="765" timestamp="2019-06-16T00:08:02.668">
  <classunload-info classloadercandidates="6" classloadersunloaded="0" classesunloaded="0" anonymousclassesunloaded="0" quiescems="0.000" setupms="0.002" scanms="0.000" postms="0.000" />
</gc-op>
<gc-op id="770" type="sweep" timems="0.457" contextid="765" timestamp="2019-06-16T00:08:02.669" />
<gc-op id="771" type="compact" timems="1.725" contextid="765" timestamp="2019-06-16T00:08:02.671">
  <compact-info movecount="13892" movebytes="869712" />
  <remembered-set-cleared processed="8607" cleared="3009" durationms="0.078" />
</gc-op>
<heap-resize id="772" type="expand" space="default" amount="3145728" count="1" timems="0.066" reason="insufficient free space following gc" timestamp="2019-06-16T00:08:02.671" />
<gc-end id="773" type="partial gc" contextid="765" durationms="4.959" usertimems="4.000" systemtimems="0.000" timestamp="2019-06-16T00:08:02.671" activeThreads="4">
  <mem-info id="774" free="6291456" total="11534336" percent="54">
    <mem type="eden" free="494288" total="1048576" percent="47" />
    <pending-finalizers system="0" default="0" reference="155" classloader="0" />
    <remembered-set count="5408" freebytes="438784" totalbytes="460416" percent="95" regionsoverflowed="0" regionsstable="0" regionsrebuilding="1"/>
  </mem-info>
</gc-end>
<cycle-end id="775" type="partial gc" contextid="765" timestamp="2019-06-16T00:08:02.671" />
  <attribute name="elasticGC enabled" value="1" />
  <attribute name= "numThreadsSpecified" value="4" />
  <attribute name="heapSize specified" value="0" />
  <attribute name="Current GC Util" value="34" />
  <attribute name= "Current Time Running" value="2620" />
  <attribute name ="GC Interval" value="0" />
  <attribute name="ProportionalT" value="21.000000" />
  <attribute name="ProportionalI" value="21.000000" />
  <attribute name="ProportionalH" value="21.000000" />
  <attribute name="Current Error" value="14.000000" />
  <attribute name="IntegralT" value="14.000000" />
  <attribute name="IntegralI" value="14.000000" />
  <attribute name="IntegralH" value="14.000000" />
  <attribute name="DerivativeT" value="7.000000" />
  <attribute name="DerivativeI" value="7.000000" />
  <attribute name="DerivativeH" value="7.000000" />
  <attribute name="Loop Time for DT" value="1.000000" />
  <attribute name="Output H" value="8388608"/>
  <attribute name="Output I" value="200"/>
  <attribute name="Output T" value="4"/>
  <attribute name="Target GC Util Change" value ="20.000000" />
  <attribute name="Current GC Util Change" value="34.000000"/>
  <attribute name="GC Util currently" value="34" />
  <attribute name="CPU Util currently" value="6901655208889" />
<exclusive-end id="776" timestamp="2019-06-16T00:08:02.671" durationms="5.762" />

<exclusive-start id="777" timestamp="2019-06-16T00:08:02.732" intervalms="66.428">
  <response-info timems="0.101" idlems="0.101" threads="0" lastid="00000000011EF000" lastname="PmdThread 4" />
</exclusive-start>
<allocation-taxation id="778" taxation-threshold="3145728" timestamp="2019-06-16T00:08:02.732" intervalms="66.413" />
<gc-start id="779" type="global mark phase" contextid="754" timestamp="2019-06-16T00:08:02.732">
  <mem-info id="780" free="3145728" total="11534336" percent="27">
    <remembered-set count="4960" freebytes="440576" totalbytes="460416" percent="95" regionsoverflowed="0" regionsstable="0" regionsrebuilding="1"/>
  </mem-info>
</gc-start>
<gc-op id="781" type="mark increment" timems="2.371" contextid="754" timestamp="2019-06-16T00:08:02.735">
  <trace-info objectcount="20673" scancount="15232" scanbytes="496908" />
  <cardclean-info objects="750" bytes="33360" />
  <finalization candidates="51" enqueued="0" />
  <ownableSynchronizers candidates="8" cleared="0" />
  <references type="soft" candidates="69" cleared="16" enqueued="16" dynamicThreshold="17" maxThreshold="32" />
  <references type="weak" candidates="598" cleared="0" enqueued="0" />
  <references type="phantom" candidates="88" cleared="2" enqueued="2" />
  <stringconstants candidates="3530" cleared="0"  />
</gc-op>
<gc-op id="782" type="classunload" timems="0.002" contextid="754" timestamp="2019-06-16T00:08:02.735">
  <classunload-info classloadercandidates="6" classloadersunloaded="0" classesunloaded="0" anonymousclassesunloaded="0" quiescems="0.000" setupms="0.002" scanms="0.000" postms="0.000" />
</gc-op>
<gc-end id="783" type="global mark phase" contextid="754" durationms="2.553" usertimems="4.000" systemtimems="4.000" timestamp="2019-06-16T00:08:02.735" activeThreads="4">
  <mem-info id="784" free="3145728" total="11534336" percent="27">
    <pending-finalizers system="0" default="0" reference="18" classloader="0" />
    <remembered-set count="7008" freebytes="432384" totalbytes="460416" percent="93" regionsoverflowed="0" regionsstable="0" regionsrebuilding="0"/>
  </mem-info>
</gc-end>
<cycle-end id="785" type="global mark phase" contextid="754" timestamp="2019-06-16T00:08:02.735" />
  <attribute name="elasticGC enabled" value="1" />
  <attribute name= "numThreadsSpecified" value="4" />
  <attribute name="heapSize specified" value="0" />
  <attribute name="Current GC Util" value="0" />
  <attribute name= "Current Time Running" value="2685" />
  <attribute name ="GC Interval" value="0" />
  <attribute name="ProportionalT" value="-30.000000" />
  <attribute name="ProportionalI" value="-30.000000" />
  <attribute name="ProportionalH" value="-30.000000" />
  <attribute name="Current Error" value="-20.000000" />
  <attribute name="IntegralT" value="-40.000000" />
  <attribute name="IntegralI" value="-40.000000" />
  <attribute name="IntegralH" value="-40.000000" />
  <attribute name="DerivativeT" value="-25.500000" />
  <attribute name="DerivativeI" value="-25.500000" />
  <attribute name="DerivativeH" value="-25.500000" />
  <attribute name="Loop Time for DT" value="2.000000" />
  <attribute name="Output H" value="2091843584"/>
  <attribute name="Output I" value="200"/>
  <attribute name="Output T" value="4"/>
  <attribute name="Target GC Util Change" value ="20.000000" />
  <attribute name="Current GC Util Change" value="0.000000"/>
  <attribute name="GC Util currently" value="0" />
  <attribute name="CPU Util currently" value="3628000766565" />
<exclusive-end id="786" timestamp="2019-06-16T00:08:02.735" durationms="2.894" />

<exclusive-start id="787" timestamp="2019-06-16T00:08:02.809" intervalms="76.533">
  <response-info timems="0.049" idlems="0.049" threads="0" lastid="00000000011EF000" lastname="PmdThread 4" />
</exclusive-start>
<allocation-taxation id="788" taxation-threshold="3145728" timestamp="2019-06-16T00:08:02.809" intervalms="76.548" />
<cycle-start id="789" type="partial gc" contextid="0" timestamp="2019-06-16T00:08:02.809" intervalms="142.908" />
<gc-start id="790" type="partial gc" contextid="789" timestamp="2019-06-16T00:08:02.809">
  <mem-info id="791" free="0" total="11534336" percent="0">
    <mem type="eden" free="0" total="6291456" percent="0" />
    <remembered-set count="1600" freebytes="454016" totalbytes="460416" percent="98" regionsoverflowed="0" regionsstable="1" regionsrebuilding="0"/>
  </mem-info>
</gc-start>
<allocation-stats totalBytes="6279720" >
  <allocated-bytes non-tlh="383584" tlh="5896136" arrayletleaf="0"/>
  <largest-consumer threadName="PmdThread 2" threadId="00000000011E3800" bytes="1026584" />
</allocation-stats>
<gc-op id="792" type="sweep" timems="0.385" contextid="789" timestamp="2019-06-16T00:08:02.810" />
<gc-op id="793" type="mark" timems="1.448" contextid="789" timestamp="2019-06-16T00:08:02.812">
  <trace-info objectcount="28125" scancount="23662" scanbytes="819364" />
  <cardclean-info objects="516" bytes="24556" />
  <remembered-set-cleared processed="556" cleared="273" durationms="0.054" />
  <finalization candidates="9" enqueued="1" />
  <ownableSynchronizers candidates="7" cleared="0" />
  <references type="soft" candidates="7" cleared="0" enqueued="0" dynamicThreshold="8" maxThreshold="32" />
  <references type="weak" candidates="245" cleared="6" enqueued="6" />
  <references type="phantom" candidates="9" cleared="3" enqueued="3" />
  <stringconstants candidates="3637" cleared="0"  />
  <warning details="Mark invoked due to insufficient free space for Copy-Forward" />
</gc-op>
<gc-op id="794" type="classunload" timems="0.002" contextid="789" timestamp="2019-06-16T00:08:02.812">
  <classunload-info classloadercandidates="6" classloadersunloaded="0" classesunloaded="0" anonymousclassesunloaded="0" quiescems="0.000" setupms="0.002" scanms="0.000" postms="0.000" />
</gc-op>
<gc-op id="795" type="sweep" timems="0.288" contextid="789" timestamp="2019-06-16T00:08:02.812" />
<gc-op id="796" type="compact" timems="4.361" contextid="789" timestamp="2019-06-16T00:08:02.817">
  <compact-info movecount="28122" movebytes="1506808" />
  <remembered-set-cleared processed="1314" cleared="738" durationms="0.054" />
</gc-op>
<heap-resize id="797" type="expand" space="default" amount="1048576" count="1" timems="0.055" reason="insufficient free space following gc" timestamp="2019-06-16T00:08:02.817" />
<gc-end id="798" type="partial gc" contextid="789" durationms="7.741" usertimems="8.000" systemtimems="4.000" timestamp="2019-06-16T00:08:02.817" activeThreads="1">
  <mem-info id="799" free="5242880" total="12582912" percent="41">
    <mem type="eden" free="853992" total="2097152" percent="40" />
    <pending-finalizers system="1" default="0" reference="9" classloader="0" />
    <remembered-set count="2496" freebytes="492288" totalbytes="502272" percent="98" regionsoverflowed="0" regionsstable="1" regionsrebuilding="0"/>
  </mem-info>
</gc-end>
<cycle-end id="800" type="partial gc" contextid="789" timestamp="2019-06-16T00:08:02.817" />
  <attribute name="elasticGC enabled" value="1" />
  <attribute name= "numThreadsSpecified" value="1" />
  <attribute name="heapSize specified" value="0" />
  <attribute name="Current GC Util" value="45" />
  <attribute name= "Current Time Running" value="2763" />
  <attribute name ="GC Interval" value="0" />
  <attribute name="ProportionalT" value="37.500000" />
  <attribute name="ProportionalI" value="37.500000" />
  <attribute name="ProportionalH" value="37.500000" />
  <attribute name="Current Error" value="25.000000" />
  <attribute name="IntegralT" value="25.000000" />
  <attribute name="IntegralI" value="25.000000" />
  <attribute name="IntegralH" value="25.000000" />
  <attribute name="DerivativeT" value="-65.000000" />
  <attribute name="DerivativeI" value="-65.000000" />
  <attribute name="DerivativeH" value="-65.000000" />
  <attribute name="Loop Time for DT" value="1.000000" />
  <attribute name="Output H" value="8388608"/>
  <attribute name="Output I" value="200"/>
  <attribute name="Output T" value="1"/>
  <attribute name="Target GC Util Change" value ="20.000000" />
  <attribute name="Current GC Util Change" value="45.000000"/>
  <attribute name="GC Util currently" value="45" />
  <attribute name="CPU Util currently" value="10221139185517" />
<exclusive-end id="801" timestamp="2019-06-16T00:08:02.817" durationms="8.520" />

<exclusive-start id="802" timestamp="2019-06-16T00:08:02.864" intervalms="55.177">
  <response-info timems="0.051" idlems="0.051" threads="0" lastid="00000000011EF000" lastname="PmdThread 4" />
</exclusive-start>
<allocation-taxation id="803" taxation-threshold="2097152" timestamp="2019-06-16T00:08:02.864" intervalms="55.150" />
<cycle-start id="804" type="global mark phase" contextid="0" timestamp="2019-06-16T00:08:02.864" intervalms="957.131" />
<gc-start id="805" type="global mark phase" contextid="804" timestamp="2019-06-16T00:08:02.864">
  <mem-info id="806" free="3145728" total="12582912" percent="25">
    <remembered-set count="2048" freebytes="494080" totalbytes="502272" percent="98" regionsoverflowed="0" regionsstable="1" regionsrebuilding="0"/>
  </mem-info>
</gc-start>
<gc-op id="807" type="mark increment" timems="0.701" contextid="804" timestamp="2019-06-16T00:08:02.865">
  <trace-info objectcount="279" scancount="0" scanbytes="0" />
</gc-op>
<gc-end id="808" type="global mark phase" contextid="804" durationms="0.786" usertimems="4.000" systemtimems="0.000" timestamp="2019-06-16T00:08:02.865" activeThreads="1">
  <mem-info id="809" free="3145728" total="12582912" percent="25">
    <remembered-set count="2048" freebytes="494080" totalbytes="502272" percent="98" regionsoverflowed="0" regionsstable="0" regionsrebuilding="1"/>
  </mem-info>
</gc-end>
<concurrent-start id="810" type="GMP work packet processing" contextid="804" timestamp="2019-06-16T00:08:02.865">
  <concurrent-mark-start scanTarget="18446744073709551615" />
</concurrent-start>
<exclusive-end id="811" timestamp="2019-06-16T00:08:02.868" durationms="3.801" />

<concurrent-end id="812" type="GMP work packet processing" contextid="804" timestamp="2019-06-16T00:08:02.868">
  <concurrent-mark-end bytesScanned="1657464" reasonForTermination="Completed all work in GC phase" />
</concurrent-end>

<exclusive-start id="813" timestamp="2019-06-16T00:08:02.918" intervalms="54.308">
  <response-info timems="0.047" idlems="0.047" threads="0" lastid="00000000011DFC00" lastname="PmdThread 1" />
</exclusive-start>
<allocation-taxation id="814" taxation-threshold="2097152" timestamp="2019-06-16T00:08:02.918" intervalms="54.308" />
<cycle-start id="815" type="partial gc" contextid="0" timestamp="2019-06-16T00:08:02.918" intervalms="109.463" />
<gc-start id="816" type="partial gc" contextid="815" timestamp="2019-06-16T00:08:02.919">
  <mem-info id="817" free="1048576" total="12582912" percent="8">
    <mem type="eden" free="0" total="4194304" percent="0" />
    <remembered-set count="7744" freebytes="471296" totalbytes="502272" percent="93" regionsoverflowed="0" regionsstable="0" regionsrebuilding="1"/>
  </mem-info>
</gc-start>
<allocation-stats totalBytes="4189928" >
  <allocated-bytes non-tlh="73952" tlh="4115976" arrayletleaf="0"/>
  <largest-consumer threadName="PmdThread 2" threadId="00000000011E3800" bytes="675632" />
</allocation-stats>
<gc-op id="818" type="copy forward" timems="3.215" contextid="815" timestamp="2019-06-16T00:08:02.922">
  <memory-copied type="eden" objects="15478" bytes="704232" bytesdiscarded="40952" />
  <memory-copied type="other" objects="19983" bytes="1059720" bytesdiscarded="143424" />
  <memory-cardclean objects="653" bytes="30976" />
  <regions eden="4" other="2" />
  <remembered-set-cleared processed="6534" cleared="2334" durationms="0.104" />
  <finalization candidates="6" enqueued="0" />
  <references type="soft" candidates="36" cleared="0" enqueued="0" dynamicThreshold="8" maxThreshold="32" />
  <references type="weak" candidates="149" cleared="0" enqueued="0" />
  <references type="phantom" candidates="9" cleared="0" enqueued="0" />
  <stringconstants candidates="4552" cleared="0"  />
  <heap-resize type="expand" space="default" amount="2097152" count="2" timems="0.178" reason="continue current collection" />
</gc-op>
<gc-op id="819" type="classunload" timems="0.003" contextid="815" timestamp="2019-06-16T00:08:02.922">
  <classunload-info classloadercandidates="6" classloadersunloaded="0" classesunloaded="0" anonymousclassesunloaded="0" quiescems="0.000" setupms="0.002" scanms="0.000" postms="0.000" />
</gc-op>
<gc-op id="820" type="compact" timems="1.535" contextid="815" timestamp="2019-06-16T00:08:02.924">
  <compact-info movecount="6910" movebytes="238400" />
  <remembered-set-cleared processed="11832" cleared="5212" durationms="0.104" />
</gc-op>
<gc-end id="821" type="partial gc" contextid="815" durationms="5.621" usertimems="12.000" systemtimems="0.000" timestamp="2019-06-16T00:08:02.924" activeThreads="4">
  <mem-info id="822" free="7340032" total="14680064" percent="50">
    <mem type="eden" free="302736" total="1048576" percent="28" />
    <remembered-set count="4352" freebytes="568576" totalbytes="585984" percent="97" regionsoverflowed="0" regionsstable="0" regionsrebuilding="1"/>
  </mem-info>
</gc-end>
<cycle-end id="823" type="partial gc" contextid="815" timestamp="2019-06-16T00:08:02.924" />
  <attribute name="elasticGC enabled" value="1" />
  <attribute name= "numThreadsSpecified" value="4" />
  <attribute name="heapSize specified" value="0" />
  <attribute name="Current GC Util" value="136" />
  <attribute name= "Current Time Running" value="2873" />
  <attribute name ="GC Interval" value="0" />
  <attribute name="ProportionalT" value="174.000000" />
  <attribute name="ProportionalI" value="174.000000" />
  <attribute name="ProportionalH" value="174.000000" />
  <attribute name="Current Error" value="116.000000" />
  <attribute name="IntegralT" value="348.000000" />
  <attribute name="IntegralI" value="348.000000" />
  <attribute name="IntegralH" value="348.000000" />
  <attribute name="DerivativeT" value="10.833333" />
  <attribute name="DerivativeI" value="10.833333" />
  <attribute name="DerivativeH" value="10.833333" />
  <attribute name="Loop Time for DT" value="3.000000" />
  <attribute name="Output H" value="8388608"/>
  <attribute name="Output I" value="536"/>
  <attribute name="Output T" value="4"/>
  <attribute name="Target GC Util Change" value ="20.000000" />
  <attribute name="Current GC Util Change" value="136.000000"/>
  <attribute name="GC Util currently" value="136" />
  <attribute name="CPU Util currently" value="1341243488968" />
<exclusive-end id="824" timestamp="2019-06-16T00:08:02.924" durationms="6.248" />

<exclusive-start id="825" timestamp="2019-06-16T00:08:02.976" intervalms="57.939">
  <response-info timems="0.049" idlems="0.027" threads="1" lastid="00000000011EF000" lastname="PmdThread 4" />
</exclusive-start>
<allocation-taxation id="826" taxation-threshold="3145728" timestamp="2019-06-16T00:08:02.976" intervalms="57.945" />
<gc-start id="827" type="global mark phase" contextid="804" timestamp="2019-06-16T00:08:02.976">
  <mem-info id="828" free="4194304" total="14680064" percent="28">
    <remembered-set count="4192" freebytes="569216" totalbytes="585984" percent="97" regionsoverflowed="0" regionsstable="0" regionsrebuilding="1"/>
  </mem-info>
</gc-start>
<gc-op id="829" type="mark increment" timems="2.137" contextid="804" timestamp="2019-06-16T00:08:02.979">
  <trace-info objectcount="13244" scancount="11448" scanbytes="332864" />
  <cardclean-info objects="15969" bytes="596468" />
  <finalization candidates="57" enqueued="0" />
  <ownableSynchronizers candidates="8" cleared="0" />
  <references type="soft" candidates="89" cleared="0" enqueued="0" dynamicThreshold="16" maxThreshold="32" />
  <references type="weak" candidates="894" cleared="183" enqueued="177" />
  <references type="phantom" candidates="92" cleared="3" enqueued="3" />
  <stringconstants candidates="4617" cleared="4"  />
</gc-op>
<gc-op id="830" type="classunload" timems="0.003" contextid="804" timestamp="2019-06-16T00:08:02.979">
  <classunload-info classloadercandidates="6" classloadersunloaded="0" classesunloaded="0" anonymousclassesunloaded="0" quiescems="0.000" setupms="0.003" scanms="0.000" postms="0.000" />
</gc-op>
<gc-end id="831" type="global mark phase" contextid="804" durationms="2.352" usertimems="8.000" systemtimems="0.000" timestamp="2019-06-16T00:08:02.979" activeThreads="4">
  <mem-info id="832" free="4194304" total="14680064" percent="28">
    <pending-finalizers system="0" default="0" reference="180" classloader="0" />
    <remembered-set count="8800" freebytes="550784" totalbytes="585984" percent="93" regionsoverflowed="0" regionsstable="0" regionsrebuilding="0"/>
  </mem-info>
</gc-end>
<cycle-end id="833" type="global mark phase" contextid="804" timestamp="2019-06-16T00:08:02.979" />
  <attribute name="elasticGC enabled" value="1" />
  <attribute name= "numThreadsSpecified" value="4" />
  <attribute name="heapSize specified" value="0" />
  <attribute name="Current GC Util" value="0" />
  <attribute name= "Current Time Running" value="2928" />
  <attribute name ="GC Interval" value="0" />
  <attribute name="ProportionalT" value="-30.000000" />
  <attribute name="ProportionalI" value="-30.000000" />
  <attribute name="ProportionalH" value="-30.000000" />
  <attribute name="Current Error" value="-20.000000" />
  <attribute name="IntegralT" value="-20.000000" />
  <attribute name="IntegralI" value="-20.000000" />
  <attribute name="IntegralH" value="-20.000000" />
  <attribute name="DerivativeT" value="-82.000000" />
  <attribute name="DerivativeI" value="-82.000000" />
  <attribute name="DerivativeH" value="-82.000000" />
  <attribute name="Loop Time for DT" value="1.000000" />
  <attribute name="Output H" value="2091843584"/>
  <attribute name="Output I" value="200"/>
  <attribute name="Output T" value="4"/>
  <attribute name="Target GC Util Change" value ="20.000000" />
  <attribute name="Current GC Util Change" value="0.000000"/>
  <attribute name="GC Util currently" value="0" />
  <attribute name="CPU Util currently" value="6034168923441" />
<exclusive-end id="834" timestamp="2019-06-16T00:08:02.979" durationms="2.739" />

<exclusive-start id="835" timestamp="2019-06-16T00:08:03.008" intervalms="31.942">
  <response-info timems="0.044" idlems="0.044" threads="0" lastid="00000000011EB400" lastname="PmdThread 3" />
</exclusive-start>
<allocation-taxation id="836" taxation-threshold="3145728" timestamp="2019-06-16T00:08:03.008" intervalms="31.947" />
<cycle-start id="837" type="partial gc" contextid="0" timestamp="2019-06-16T00:08:03.008" intervalms="89.872" />
<gc-start id="838" type="partial gc" contextid="837" timestamp="2019-06-16T00:08:03.008">
  <mem-info id="839" free="1048576" total="14680064" percent="7">
    <mem type="eden" free="0" total="6291456" percent="0" />
    <remembered-set count="8416" freebytes="552320" totalbytes="585984" percent="94" regionsoverflowed="0" regionsstable="0" regionsrebuilding="0"/>
  </mem-info>
</gc-start>
<allocation-stats totalBytes="6282992" >
  <allocated-bytes non-tlh="9616" tlh="6273376" arrayletleaf="0"/>
  <largest-consumer threadName="PmdThread 2" threadId="00000000011E3800" bytes="1919344" />
</allocation-stats>
<gc-op id="840" type="sweep" timems="0.427" contextid="837" timestamp="2019-06-16T00:08:03.009" />
<gc-op id="841" type="copy forward" timems="3.868" contextid="837" timestamp="2019-06-16T00:08:03.013">
  <memory-copied type="eden" objects="7004" bytes="178720" bytesdiscarded="0" />
  <memory-copied type="other" objects="18568" bytes="671920" bytesdiscarded="0" />
  <memory-cardclean objects="5728" bytes="249112" />
  <memory-traced type="eden" objects="670" bytes="15704" />
  <memory-traced type="other" objects="0" bytes="0" />
  <regions eden="3" other="4" evacuated="6" marked="1" />
  <remembered-set-cleared processed="7245" cleared="2222" durationms="0.108" />
  <finalization candidates="4" enqueued="0" />
  <references type="soft" candidates="30" cleared="0" enqueued="0" dynamicThreshold="9" maxThreshold="32" />
  <references type="weak" candidates="272" cleared="0" enqueued="0" />
  <references type="phantom" candidates="1" cleared="0" enqueued="0" />
  <stringconstants candidates="4616" cleared="0"  />
  <heap-resize type="expand" space="default" amount="1048576" count="1" timems="0.058" reason="continue current collection" />
</gc-op>
<gc-op id="842" type="classunload" timems="0.002" contextid="837" timestamp="2019-06-16T00:08:03.013">
  <classunload-info classloadercandidates="6" classloadersunloaded="0" classesunloaded="0" anonymousclassesunloaded="0" quiescems="0.000" setupms="0.002" scanms="0.000" postms="0.000" />
</gc-op>
<gc-op id="843" type="compact" timems="0.954" contextid="837" timestamp="2019-06-16T00:08:03.015">
  <compact-info movecount="785" movebytes="27024" />
  <remembered-set-cleared processed="15232" cleared="2653" durationms="0.108" />
</gc-op>
<heap-resize id="844" type="expand" space="default" amount="1048576" count="1" timems="0.053" reason="insufficient free space following gc" timestamp="2019-06-16T00:08:03.015" />
<gc-end id="845" type="partial gc" contextid="837" durationms="6.430" usertimems="8.000" systemtimems="0.000" timestamp="2019-06-16T00:08:03.015" activeThreads="4">
  <mem-info id="846" free="7340032" total="16777216" percent="43">
    <mem type="eden" free="1737328" total="2097152" percent="82" />
    <remembered-set count="9536" freebytes="631552" totalbytes="669696" percent="94" regionsoverflowed="0" regionsstable="0" regionsrebuilding="0"/>
  </mem-info>
</gc-end>
<cycle-end id="847" type="partial gc" contextid="837" timestamp="2019-06-16T00:08:03.015" />
  <attribute name="elasticGC enabled" value="1" />
  <attribute name= "numThreadsSpecified" value="4" />
  <attribute name="heapSize specified" value="0" />
  <attribute name="Current GC Util" value="0" />
  <attribute name= "Current Time Running" value="2964" />
  <attribute name ="GC Interval" value="0" />
  <attribute name="ProportionalT" value="-30.000000" />
  <attribute name="ProportionalI" value="-30.000000" />
  <attribute name="ProportionalH" value="-30.000000" />
  <attribute name="Current Error" value="-20.000000" />
  <attribute name="IntegralT" value="-80.000000" />
  <attribute name="IntegralI" value="-80.000000" />
  <attribute name="IntegralH" value="-80.000000" />
  <attribute name="DerivativeT" value="-6.625000" />
  <attribute name="DerivativeI" value="-6.625000" />
  <attribute name="DerivativeH" value="-6.625000" />
  <attribute name="Loop Time for DT" value="4.000000" />
  <attribute name="Output H" value="2091843584"/>
  <attribute name="Output I" value="200"/>
  <attribute name="Output T" value="4"/>
  <attribute name="Target GC Util Change" value ="20.000000" />
  <attribute name="Current GC Util Change" value="0.000000"/>
  <attribute name="GC Util currently" value="0" />
  <attribute name="CPU Util currently" value="1112627153737" />
<exclusive-end id="848" timestamp="2019-06-16T00:08:03.015" durationms="7.103" />

<exclusive-start id="849" timestamp="2019-06-16T00:08:03.096" intervalms="88.271">
  <response-info timems="0.070" idlems="0.070" threads="0" lastid="00000000011DFC00" lastname="PmdThread 1" />
</exclusive-start>
<allocation-taxation id="850" taxation-threshold="7340032" timestamp="2019-06-16T00:08:03.096" intervalms="88.259" />
<cycle-start id="851" type="partial gc" contextid="0" timestamp="2019-06-16T00:08:03.097" intervalms="88.285" />
<gc-start id="852" type="partial gc" contextid="851" timestamp="2019-06-16T00:08:03.097">
  <mem-info id="853" free="0" total="16777216" percent="0">
    <mem type="eden" free="1021368" total="8388608" percent="12" />
    <remembered-set count="9184" freebytes="632960" totalbytes="669696" percent="94" regionsoverflowed="0" regionsstable="0" regionsrebuilding="0"/>
  </mem-info>
</gc-start>
<allocation-stats totalBytes="7329880" >
  <allocated-bytes non-tlh="20472" tlh="7309408" arrayletleaf="0"/>
  <largest-consumer threadName="PmdThread 2" threadId="00000000011E3800" bytes="3113832" />
</allocation-stats>
<gc-op id="854" type="mark" timems="2.945" contextid="851" timestamp="2019-06-16T00:08:03.100">
  <trace-info objectcount="36570" scancount="32157" scanbytes="871720" />
  <cardclean-info objects="3907" bytes="162916" />
  <remembered-set-cleared processed="7568" cleared="1170" durationms="0.121" />
  <references type="soft" candidates="111" cleared="0" enqueued="0" dynamicThreshold="14" maxThreshold="32" />
  <references type="weak" candidates="376" cleared="372" enqueued="372" />
  <references type="phantom" candidates="3" cleared="2" enqueued="2" />
  <stringconstants candidates="4886" cleared="0"  />
  <warning details="Mark invoked due to insufficient free space for Copy-Forward" />
</gc-op>
<gc-op id="855" type="classunload" timems="0.003" contextid="851" timestamp="2019-06-16T00:08:03.100">
  <classunload-info classloadercandidates="9" classloadersunloaded="0" classesunloaded="0" anonymousclassesunloaded="0" quiescems="0.000" setupms="0.003" scanms="0.000" postms="0.000" />
</gc-op>
<gc-op id="856" type="sweep" timems="0.443" contextid="851" timestamp="2019-06-16T00:08:03.101" />
<gc-op id="857" type="compact" timems="2.637" contextid="851" timestamp="2019-06-16T00:08:03.104">
  <compact-info movecount="36466" movebytes="1304248" />
  <remembered-set-cleared processed="20626" cleared="7489" durationms="0.121" />
</gc-op>
<gc-end id="858" type="partial gc" contextid="851" durationms="7.182" usertimems="16.000" systemtimems="0.000" timestamp="2019-06-16T00:08:03.104" activeThreads="4">
  <mem-info id="859" free="7340032" total="16777216" percent="43">
    <mem type="eden" free="788216" total="2097152" percent="37" />
    <pending-finalizers system="0" default="0" reference="374" classloader="0" />
    <remembered-set count="11392" freebytes="624128" totalbytes="669696" percent="93" regionsoverflowed="0" regionsstable="0" regionsrebuilding="0"/>
  </mem-info>
</gc-end>
<cycle-end id="860" type="partial gc" contextid="851" timestamp="2019-06-16T00:08:03.104" />
  <attribute name="elasticGC enabled" value="1" />
  <attribute name= "numThreadsSpecified" value="4" />
  <attribute name="heapSize specified" value="0" />
  <attribute name="Current GC Util" value="32" />
  <attribute name= "Current Time Running" value="3052" />
  <attribute name ="GC Interval" value="0" />
  <attribute name="ProportionalT" value="18.000000" />
  <attribute name="ProportionalI" value="18.000000" />
  <attribute name="ProportionalH" value="18.000000" />
  <attribute name="Current Error" value="12.000000" />
  <attribute name="IntegralT" value="12.000000" />
  <attribute name="IntegralI" value="12.000000" />
  <attribute name="IntegralH" value="12.000000" />
  <attribute name="DerivativeT" value="6.000000" />
  <attribute name="DerivativeI" value="6.000000" />
  <attribute name="DerivativeH" value="6.000000" />
  <attribute name="Loop Time for DT" value="1.000000" />
  <attribute name="Output H" value="8388608"/>
  <attribute name="Output I" value="200"/>
  <attribute name="Output T" value="4"/>
  <attribute name="Target GC Util Change" value ="20.000000" />
  <attribute name="Current GC Util Change" value="32.000000"/>
  <attribute name="GC Util currently" value="32" />
  <attribute name="CPU Util currently" value="7107279153093" />
<exclusive-end id="861" timestamp="2019-06-16T00:08:03.104" durationms="8.033" />

<exclusive-start id="862" timestamp="2019-06-16T00:08:03.159" intervalms="62.437">
  <response-info timems="2.650" idlems="1.335" threads="1" lastid="00000000011EB400" lastname="PmdThread 3" />
</exclusive-start>
<allocation-taxation id="863" taxation-threshold="7340032" timestamp="2019-06-16T00:08:03.159" intervalms="62.428" />
<cycle-start id="864" type="partial gc" contextid="0" timestamp="2019-06-16T00:08:03.159" intervalms="62.394" />
<gc-start id="865" type="partial gc" contextid="864" timestamp="2019-06-16T00:08:03.159">
  <mem-info id="866" free="0" total="16777216" percent="0">
    <mem type="eden" free="0" total="7340032" percent="0" />
    <remembered-set count="11264" freebytes="624640" totalbytes="669696" percent="93" regionsoverflowed="0" regionsstable="0" regionsrebuilding="0"/>
  </mem-info>
</gc-start>
<allocation-stats totalBytes="7331232" >
  <allocated-bytes non-tlh="1672" tlh="7329560" arrayletleaf="0"/>
  <largest-consumer threadName="PmdThread 1" threadId="00000000011DFC00" bytes="2539384" />
</allocation-stats>
<gc-op id="867" type="mark" timems="3.074" contextid="864" timestamp="2019-06-16T00:08:03.163">
  <trace-info objectcount="38257" scancount="34128" scanbytes="1079784" />
  <cardclean-info objects="1549" bytes="61612" />
  <remembered-set-cleared processed="9409" cleared="1891" durationms="0.137" />
  <references type="soft" candidates="123" cleared="0" enqueued="0" dynamicThreshold="14" maxThreshold="32" />
  <references type="weak" candidates="116" cleared="115" enqueued="115" />
  <references type="phantom" candidates="23" cleared="12" enqueued="12" />
  <stringconstants candidates="4901" cleared="0"  />
  <warning details="Mark invoked due to insufficient free space for Copy-Forward" />
</gc-op>
<gc-op id="868" type="classunload" timems="0.002" contextid="864" timestamp="2019-06-16T00:08:03.163">
  <classunload-info classloadercandidates="10" classloadersunloaded="0" classesunloaded="0" anonymousclassesunloaded="0" quiescems="0.000" setupms="0.002" scanms="0.000" postms="0.000" />
</gc-op>
<gc-op id="869" type="sweep" timems="0.473" contextid="864" timestamp="2019-06-16T00:08:03.163" />
<gc-op id="870" type="compact" timems="3.133" contextid="864" timestamp="2019-06-16T00:08:03.167">
  <compact-info movecount="35559" movebytes="1626768" />
  <remembered-set-cleared processed="23055" cleared="7982" durationms="0.137" />
</gc-op>
<heap-resize id="871" type="expand" space="default" amount="2097152" count="1" timems="0.088" reason="insufficient free space following gc" timestamp="2019-06-16T00:08:03.167" />
<gc-end id="872" type="partial gc" contextid="864" durationms="8.151" usertimems="20.000" systemtimems="0.000" timestamp="2019-06-16T00:08:03.167" activeThreads="4">
  <mem-info id="873" free="8388608" total="18874368" percent="44">
    <mem type="eden" free="161264" total="1048576" percent="15" />
    <pending-finalizers system="0" default="0" reference="127" classloader="0" />
    <remembered-set count="12256" freebytes="704384" totalbytes="753408" percent="93" regionsoverflowed="0" regionsstable="0" regionsrebuilding="0"/>
  </mem-info>
</gc-end>
<cycle-end id="874" type="partial gc" contextid="864" timestamp="2019-06-16T00:08:03.167" />
  <attribute name="elasticGC enabled" value="1" />
  <attribute name= "numThreadsSpecified" value="4" />
  <attribute name="heapSize specified" value="0" />
  <attribute name="Current GC Util" value="32" />
  <attribute name= "Current Time Running" value="3114" />
  <attribute name ="GC Interval" value="0" />
  <attribute name="ProportionalT" value="18.000000" />
  <attribute name="ProportionalI" value="18.000000" />
  <attribute name="ProportionalH" value="18.000000" />
  <attribute name="Current Error" value="12.000000" />
  <attribute name="IntegralT" value="12.000000" />
  <attribute name="IntegralI" value="12.000000" />
  <attribute name="IntegralH" value="12.000000" />
  <attribute name="DerivativeT" value="6.000000" />
  <attribute name="DerivativeI" value="6.000000" />
  <attribute name="DerivativeH" value="6.000000" />
  <attribute name="Loop Time for DT" value="1.000000" />
  <attribute name="Output H" value="8388608"/>
  <attribute name="Output I" value="200"/>
  <attribute name="Output T" value="4"/>
  <attribute name="Target GC Util Change" value ="20.000000" />
  <attribute name="Current GC Util Change" value="32.000000"/>
  <attribute name="GC Util currently" value="32" />
  <attribute name="CPU Util currently" value="6403225170180" />
<exclusive-end id="875" timestamp="2019-06-16T00:08:03.168" durationms="8.833" />

<exclusive-start id="876" timestamp="2019-06-16T00:08:03.190" intervalms="31.101">
  <response-info timems="0.059" idlems="0.059" threads="0" lastid="00000000011E3800" lastname="PmdThread 2" />
</exclusive-start>
<allocation-taxation id="877" taxation-threshold="4194304" timestamp="2019-06-16T00:08:03.190" intervalms="31.127" />
<cycle-start id="878" type="global mark phase" contextid="0" timestamp="2019-06-16T00:08:03.190" intervalms="325.989" />
<gc-start id="879" type="global mark phase" contextid="878" timestamp="2019-06-16T00:08:03.190">
  <mem-info id="880" free="4194304" total="18874368" percent="22">
    <remembered-set count="12128" freebytes="704896" totalbytes="753408" percent="93" regionsoverflowed="0" regionsstable="0" regionsrebuilding="0"/>
  </mem-info>
</gc-start>
<gc-op id="881" type="mark increment" timems="0.541" contextid="878" timestamp="2019-06-16T00:08:03.191">
  <trace-info objectcount="293" scancount="0" scanbytes="0" />
</gc-op>
<gc-end id="882" type="global mark phase" contextid="878" durationms="0.641" usertimems="0.000" systemtimems="4.000" timestamp="2019-06-16T00:08:03.191" activeThreads="1">
  <mem-info id="883" free="4194304" total="18874368" percent="22">
    <remembered-set count="12128" freebytes="704896" totalbytes="753408" percent="93" regionsoverflowed="0" regionsstable="0" regionsrebuilding="0"/>
  </mem-info>
</gc-end>
<concurrent-start id="884" type="GMP work packet processing" contextid="878" timestamp="2019-06-16T00:08:03.191">
  <concurrent-mark-start scanTarget="18446744073709551615" />
</concurrent-start>
<exclusive-end id="885" timestamp="2019-06-16T00:08:03.192" durationms="1.741" />

<concurrent-end id="886" type="GMP work packet processing" contextid="878" timestamp="2019-06-16T00:08:03.196">
  <concurrent-mark-end bytesScanned="2042876" reasonForTermination="Completed all work in GC phase" />
</concurrent-end>

<exclusive-start id="887" timestamp="2019-06-16T00:08:03.214" intervalms="24.330">
  <response-info timems="0.056" idlems="0.056" threads="0" lastid="00000000011EF000" lastname="PmdThread 4" />
</exclusive-start>
<allocation-taxation id="888" taxation-threshold="4194304" timestamp="2019-06-16T00:08:03.214" intervalms="24.317" />
<cycle-start id="889" type="partial gc" contextid="0" timestamp="2019-06-16T00:08:03.214" intervalms="55.444" />
<gc-start id="890" type="partial gc" contextid="889" timestamp="2019-06-16T00:08:03.215">
  <mem-info id="891" free="0" total="18874368" percent="0">
    <mem type="eden" free="161264" total="9437184" percent="1" />
    <remembered-set count="12128" freebytes="704896" totalbytes="753408" percent="93" regionsoverflowed="0" regionsstable="0" regionsrebuilding="0"/>
  </mem-info>
</gc-start>
<allocation-stats totalBytes="8386592" >
  <allocated-bytes non-tlh="33296" tlh="8353296" arrayletleaf="0"/>
  <largest-consumer threadName="PmdThread 4" threadId="00000000011EF000" bytes="1682952" />
</allocation-stats>
<gc-op id="892" type="mark" timems="2.138" contextid="889" timestamp="2019-06-16T00:08:03.217">
  <trace-info objectcount="43293" scancount="38527" scanbytes="1343520" />
  <cardclean-info objects="1214" bytes="67060" />
  <remembered-set-cleared processed="10368" cleared="1086" durationms="0.098" />
  <references type="soft" candidates="12" cleared="0" enqueued="0" dynamicThreshold="7" maxThreshold="32" />
  <references type="weak" candidates="73" cleared="72" enqueued="71" />
  <references type="phantom" candidates="20" cleared="9" enqueued="9" />
  <stringconstants candidates="4905" cleared="0"  />
  <warning details="Mark invoked due to insufficient free space for Copy-Forward" />
</gc-op>
<gc-op id="893" type="classunload" timems="0.003" contextid="889" timestamp="2019-06-16T00:08:03.217">
  <classunload-info classloadercandidates="10" classloadersunloaded="0" classesunloaded="0" anonymousclassesunloaded="0" quiescems="0.000" setupms="0.003" scanms="0.000" postms="0.000" />
</gc-op>
<gc-op id="894" type="sweep" timems="0.376" contextid="889" timestamp="2019-06-16T00:08:03.218" />
<gc-op id="895" type="compact" timems="3.877" contextid="889" timestamp="2019-06-16T00:08:03.222">
  <compact-info movecount="43293" movebytes="2210872" />
  <remembered-set-cleared processed="23313" cleared="4713" durationms="0.114" />
</gc-op>
<heap-resize id="896" type="expand" space="default" amount="3145728" count="1" timems="0.079" reason="insufficient free space following gc" timestamp="2019-06-16T00:08:03.222" />
<gc-end id="897" type="partial gc" contextid="889" durationms="7.602" usertimems="16.000" systemtimems="0.000" timestamp="2019-06-16T00:08:03.222" activeThreads="4">
  <mem-info id="898" free="9437184" total="22020096" percent="42">
    <mem type="eden" free="934384" total="3145728" percent="29" />
    <pending-finalizers system="0" default="0" reference="80" classloader="0" />
    <remembered-set count="14112" freebytes="822528" totalbytes="878976" percent="93" regionsoverflowed="0" regionsstable="0" regionsrebuilding="0"/>
  </mem-info>
</gc-end>
<cycle-end id="899" type="partial gc" contextid="889" timestamp="2019-06-16T00:08:03.222" />
  <attribute name="elasticGC enabled" value="1" />
  <attribute name= "numThreadsSpecified" value="4" />
  <attribute name="heapSize specified" value="0" />
  <attribute name="Current GC Util" value="39" />
  <attribute name= "Current Time Running" value="3168" />
  <attribute name ="GC Interval" value="0" />
  <attribute name="ProportionalT" value="28.500000" />
  <attribute name="ProportionalI" value="28.500000" />
  <attribute name="ProportionalH" value="28.500000" />
  <attribute name="Current Error" value="19.000000" />
  <attribute name="IntegralT" value="0.000000" />
  <attribute name="IntegralI" value="0.000000" />
  <attribute name="IntegralH" value="0.000000" />
  <attribute name="DerivativeT" value="-inf" />
  <attribute name="DerivativeI" value="-inf" />
  <attribute name="DerivativeH" value="-inf" />
  <attribute name="Loop Time for DT" value="0.000000" />
  <attribute name="Output H" value="2091843584"/>
  <attribute name="Output I" value="200"/>
  <attribute name="Output T" value="4"/>
  <attribute name="Target GC Util Change" value ="20.000000" />
  <attribute name="Current GC Util Change" value="39.000000"/>
  <attribute name="GC Util currently" value="39" />
  <attribute name="CPU Util currently" value="8167104109068" />
<exclusive-end id="900" timestamp="2019-06-16T00:08:03.222" durationms="8.286" />

<exclusive-start id="901" timestamp="2019-06-16T00:08:03.253" intervalms="38.913">
  <response-info timems="0.067" idlems="0.035" threads="1" lastid="0000000000EDAB00" lastname="JIT Compilation Thread-2" />
</exclusive-start>
<allocation-taxation id="902" taxation-threshold="4194304" timestamp="2019-06-16T00:08:03.253" intervalms="38.960" />
<gc-start id="903" type="global mark phase" contextid="878" timestamp="2019-06-16T00:08:03.253">
  <mem-info id="904" free="5242880" total="22020096" percent="23">
    <remembered-set count="13888" freebytes="823424" totalbytes="878976" percent="93" regionsoverflowed="0" regionsstable="0" regionsrebuilding="0"/>
  </mem-info>
</gc-start>
<gc-op id="905" type="mark increment" timems="2.436" contextid="878" timestamp="2019-06-16T00:08:03.256">
  <trace-info objectcount="45486" scancount="40765" scanbytes="1429576" />
  <cardclean-info objects="1963" bytes="92424" />
  <finalization candidates="57" enqueued="0" />
  <ownableSynchronizers candidates="8" cleared="0" />
  <references type="soft" candidates="212" cleared="0" enqueued="0" dynamicThreshold="13" maxThreshold="32" />
  <references type="weak" candidates="772" cleared="58" enqueued="58" />
  <references type="phantom" candidates="107" cleared="8" enqueued="8" />
  <stringconstants candidates="4939" cleared="0"  />
</gc-op>
<gc-op id="906" type="classunload" timems="0.004" contextid="878" timestamp="2019-06-16T00:08:03.256">
  <classunload-info classloadercandidates="10" classloadersunloaded="0" classesunloaded="0" anonymousclassesunloaded="0" quiescems="0.000" setupms="0.003" scanms="0.000" postms="0.000" />
</gc-op>
<gc-end id="907" type="global mark phase" contextid="878" durationms="2.672" usertimems="4.000" systemtimems="4.000" timestamp="2019-06-16T00:08:03.256" activeThreads="4">
  <mem-info id="908" free="5242880" total="22020096" percent="23">
    <pending-finalizers system="0" default="0" reference="66" classloader="0" />
    <remembered-set count="13888" freebytes="823424" totalbytes="878976" percent="93" regionsoverflowed="0" regionsstable="0" regionsrebuilding="0"/>
  </mem-info>
</gc-end>
<cycle-end id="909" type="global mark phase" contextid="878" timestamp="2019-06-16T00:08:03.256" />
  <attribute name="elasticGC enabled" value="1" />
  <attribute name= "numThreadsSpecified" value="4" />
  <attribute name="heapSize specified" value="0" />
  <attribute name="Current GC Util" value="153" />
  <attribute name= "Current Time Running" value="3206" />
  <attribute name ="GC Interval" value="0" />
  <attribute name="ProportionalT" value="199.500000" />
  <attribute name="ProportionalI" value="199.500000" />
  <attribute name="ProportionalH" value="199.500000" />
  <attribute name="Current Error" value="133.000000" />
  <attribute name="IntegralT" value="133.000000" />
  <attribute name="IntegralI" value="133.000000" />
  <attribute name="IntegralH" value="133.000000" />
  <attribute name="DerivativeT" value="24.000000" />
  <attribute name="DerivativeI" value="24.000000" />
  <attribute name="DerivativeH" value="24.000000" />
  <attribute name="Loop Time for DT" value="1.000000" />
  <attribute name="Output H" value="8388608"/>
  <attribute name="Output I" value="360"/>
  <attribute name="Output T" value="4"/>
  <attribute name="Target GC Util Change" value ="20.000000" />
  <attribute name="Current GC Util Change" value="153.000000"/>
  <attribute name="GC Util currently" value="153" />
  <attribute name="CPU Util currently" value="4056768727758" />
<exclusive-end id="910" timestamp="2019-06-16T00:08:03.256" durationms="3.081" />

<exclusive-start id="911" timestamp="2019-06-16T00:08:03.282" intervalms="28.492">
  <response-info timems="0.027" idlems="0.027" threads="0" lastid="00000000011EF000" lastname="PmdThread 4" />
</exclusive-start>
<allocation-taxation id="912" taxation-threshold="4194304" timestamp="2019-06-16T00:08:03.282" intervalms="28.586" />
<cycle-start id="913" type="partial gc" contextid="0" timestamp="2019-06-16T00:08:03.282" intervalms="67.581" />
<gc-start id="914" type="partial gc" contextid="913" timestamp="2019-06-16T00:08:03.282">
  <mem-info id="915" free="1048576" total="22020096" percent="4">
    <mem type="eden" free="0" total="8388608" percent="0" />
    <remembered-set count="13888" freebytes="823424" totalbytes="878976" percent="93" regionsoverflowed="0" regionsstable="0" regionsrebuilding="0"/>
  </mem-info>
</gc-start>
<allocation-stats totalBytes="8381840" >
  <allocated-bytes non-tlh="3192" tlh="8378648" arrayletleaf="0"/>
  <largest-consumer threadName="PmdThread 4" threadId="00000000011EF000" bytes="1341472" />
</allocation-stats>
<gc-op id="916" type="sweep" timems="0.567" contextid="913" timestamp="2019-06-16T00:08:03.283" />
<gc-op id="917" type="copy forward" timems="4.618" contextid="913" timestamp="2019-06-16T00:08:03.288">
  <memory-copied type="eden" objects="7859" bytes="497328" bytesdiscarded="0" />
  <memory-copied type="other" objects="19657" bytes="877752" bytesdiscarded="0" />
  <memory-cardclean objects="6968" bytes="294368" />
  <regions eden="4" other="6" />
  <remembered-set-cleared processed="11929" cleared="1863" durationms="0.165" />
  <references type="weak" candidates="90" cleared="0" enqueued="0" />
  <references type="phantom" candidates="7" cleared="0" enqueued="0" />
  <stringconstants candidates="4941" cleared="0"  />
  <heap-resize type="expand" space="default" amount="1048576" count="1" timems="0.065" reason="continue current collection" />
</gc-op>
<gc-op id="918" type="classunload" timems="0.002" contextid="913" timestamp="2019-06-16T00:08:03.288">
  <classunload-info classloadercandidates="10" classloadersunloaded="0" classesunloaded="0" anonymousclassesunloaded="0" quiescems="0.000" setupms="0.002" scanms="0.000" postms="0.000" />
</gc-op>
<gc-op id="919" type="compact" timems="1.246" contextid="913" timestamp="2019-06-16T00:08:03.290">
  <compact-info movecount="1385" movebytes="129488" />
  <remembered-set-cleared processed="25679" cleared="2194" durationms="0.165" />
</gc-op>
<heap-resize id="920" type="expand" space="default" amount="4194304" count="1" timems="0.082" reason="excessive time being spent in gc" timestamp="2019-06-16T00:08:03.290" />
<gc-end id="921" type="partial gc" contextid="913" durationms="7.808" usertimems="4.000" systemtimems="4.000" timestamp="2019-06-16T00:08:03.290" activeThreads="4">
  <mem-info id="922" free="14680064" total="27262976" percent="53">
    <mem type="eden" free="383272" total="1048576" percent="36" />
    <remembered-set count="16128" freebytes="1023744" totalbytes="1088256" percent="94" regionsoverflowed="0" regionsstable="0" regionsrebuilding="0"/>
  </mem-info>
</gc-end>
<cycle-end id="923" type="partial gc" contextid="913" timestamp="2019-06-16T00:08:03.290" />
  <attribute name="elasticGC enabled" value="1" />
  <attribute name= "numThreadsSpecified" value="4" />
  <attribute name="heapSize specified" value="0" />
  <attribute name="Current GC Util" value="0" />
  <attribute name= "Current Time Running" value="3239" />
  <attribute name ="GC Interval" value="0" />
  <attribute name="ProportionalT" value="-30.000000" />
  <attribute name="ProportionalI" value="-30.000000" />
  <attribute name="ProportionalH" value="-30.000000" />
  <attribute name="Current Error" value="-20.000000" />
  <attribute name="IntegralT" value="-100.000000" />
  <attribute name="IntegralI" value="-100.000000" />
  <attribute name="IntegralH" value="-100.000000" />
  <attribute name="DerivativeT" value="-4.700000" />
  <attribute name="DerivativeI" value="-4.700000" />
  <attribute name="DerivativeH" value="-4.700000" />
  <attribute name="Loop Time for DT" value="5.000000" />
  <attribute name="Output H" value="2091843584"/>
  <attribute name="Output I" value="200"/>
  <attribute name="Output T" value="4"/>
  <attribute name="Target GC Util Change" value ="20.000000" />
  <attribute name="Current GC Util Change" value="0.000000"/>
  <attribute name="GC Util currently" value="0" />
  <attribute name="CPU Util currently" value="945499674559" />
<exclusive-end id="924" timestamp="2019-06-16T00:08:03.290" durationms="8.793" />

<exclusive-start id="925" timestamp="2019-06-16T00:08:03.319" intervalms="37.662">
  <response-info timems="0.084" idlems="0.084" threads="0" lastid="00000000011E3800" lastname="PmdThread 2" />
</exclusive-start>
<allocation-taxation id="926" taxation-threshold="6291456" timestamp="2019-06-16T00:08:03.319" intervalms="37.584" />
<cycle-start id="927" type="global mark phase" contextid="0" timestamp="2019-06-16T00:08:03.320" intervalms="129.499" />
<gc-start id="928" type="global mark phase" contextid="927" timestamp="2019-06-16T00:08:03.320">
  <mem-info id="929" free="8388608" total="27262976" percent="30">
    <remembered-set count="15872" freebytes="1024768" totalbytes="1088256" percent="94" regionsoverflowed="0" regionsstable="0" regionsrebuilding="0"/>
  </mem-info>
</gc-start>
<gc-op id="930" type="mark increment" timems="0.756" contextid="927" timestamp="2019-06-16T00:08:03.320">
  <trace-info objectcount="230" scancount="0" scanbytes="0" />
</gc-op>
<gc-end id="931" type="global mark phase" contextid="927" durationms="0.847" usertimems="0.000" systemtimems="0.000" timestamp="2019-06-16T00:08:03.320" activeThreads="1">
  <mem-info id="932" free="8388608" total="27262976" percent="30">
    <remembered-set count="15872" freebytes="1024768" totalbytes="1088256" percent="94" regionsoverflowed="0" regionsstable="0" regionsrebuilding="0"/>
  </mem-info>
</gc-end>
<concurrent-start id="933" type="GMP work packet processing" contextid="927" timestamp="2019-06-16T00:08:03.321">
  <concurrent-mark-start scanTarget="18446744073709551615" />
</concurrent-start>
<exclusive-end id="934" timestamp="2019-06-16T00:08:03.321" durationms="1.336" />

<concurrent-end id="935" type="GMP work packet processing" contextid="927" timestamp="2019-06-16T00:08:03.322">
  <concurrent-mark-end bytesScanned="2229700" reasonForTermination="Completed all work in GC phase" />
</concurrent-end>

<exclusive-start id="936" timestamp="2019-06-16T00:08:03.360" intervalms="40.460">
  <response-info timems="0.063" idlems="0.063" threads="0" lastid="00000000011E3800" lastname="PmdThread 2" />
</exclusive-start>
<allocation-taxation id="937" taxation-threshold="6291456" timestamp="2019-06-16T00:08:03.360" intervalms="40.413" />
<cycle-start id="938" type="partial gc" contextid="0" timestamp="2019-06-16T00:08:03.360" intervalms="78.021" />
<gc-start id="939" type="partial gc" contextid="938" timestamp="2019-06-16T00:08:03.360">
  <mem-info id="940" free="2097152" total="27262976" percent="7">
    <mem type="eden" free="0" total="12582912" percent="0" />
    <remembered-set count="15872" freebytes="1024768" totalbytes="1088256" percent="94" regionsoverflowed="0" regionsstable="0" regionsrebuilding="0"/>
  </mem-info>
</gc-start>
<allocation-stats totalBytes="12572704" >
  <allocated-bytes non-tlh="5232" tlh="12567472" arrayletleaf="0"/>
  <largest-consumer threadName="PmdThread 2" threadId="00000000011E3800" bytes="1825936" />
</allocation-stats>
<gc-op id="941" type="copy forward" timems="3.137" contextid="938" timestamp="2019-06-16T00:08:03.364">
  <memory-copied type="eden" objects="20591" bytes="1329640" bytesdiscarded="152528" />
  <memory-copied type="other" objects="5494" bytes="279920" bytesdiscarded="19776" />
  <memory-cardclean objects="2031" bytes="105992" />
  <regions eden="12" other="1" />
  <remembered-set-cleared processed="13764" cleared="997" durationms="0.103" />
  <references type="soft" candidates="5" cleared="0" enqueued="0" dynamicThreshold="9" maxThreshold="32" />
  <references type="weak" candidates="235" cleared="0" enqueued="0" />
  <references type="phantom" candidates="66" cleared="0" enqueued="0" />
  <stringconstants candidates="5020" cleared="0"  />
  <heap-resize type="expand" space="default" amount="1048576" count="1" timems="0.058" reason="continue current collection" />
</gc-op>
<gc-op id="942" type="classunload" timems="0.002" contextid="938" timestamp="2019-06-16T00:08:03.364">
  <classunload-info classloadercandidates="10" classloadersunloaded="0" classesunloaded="0" anonymousclassesunloaded="0" quiescems="0.000" setupms="0.002" scanms="0.000" postms="0.000" />
</gc-op>
<gc-op id="943" type="compact" timems="1.149" contextid="938" timestamp="2019-06-16T00:08:03.366">
  <compact-info movecount="2978" movebytes="191400" />
  <remembered-set-cleared processed="29014" cleared="3953" durationms="0.132" />
</gc-op>
<gc-end id="944" type="partial gc" contextid="938" durationms="5.458" usertimems="12.000" systemtimems="0.000" timestamp="2019-06-16T00:08:03.366" activeThreads="4">
  <mem-info id="945" free="13631488" total="28311552" percent="48">
    <mem type="eden" free="610680" total="2097152" percent="29" />
    <remembered-set count="16160" freebytes="1065472" totalbytes="1130112" percent="94" regionsoverflowed="0" regionsstable="0" regionsrebuilding="0"/>
  </mem-info>
</gc-end>
<cycle-end id="946" type="partial gc" contextid="938" timestamp="2019-06-16T00:08:03.366" />
  <attribute name="elasticGC enabled" value="1" />
  <attribute name= "numThreadsSpecified" value="4" />
  <attribute name="heapSize specified" value="0" />
  <attribute name="Current GC Util" value="121" />
  <attribute name= "Current Time Running" value="3315" />
  <attribute name ="GC Interval" value="0" />
  <attribute name="ProportionalT" value="151.500000" />
  <attribute name="ProportionalI" value="151.500000" />
  <attribute name="ProportionalH" value="151.500000" />
  <attribute name="Current Error" value="101.000000" />
  <attribute name="IntegralT" value="303.000000" />
  <attribute name="IntegralI" value="303.000000" />
  <attribute name="IntegralH" value="303.000000" />
  <attribute name="DerivativeT" value="13.666667" />
  <attribute name="DerivativeI" value="13.666667" />
  <attribute name="DerivativeH" value="13.666667" />
  <attribute name="Loop Time for DT" value="3.000000" />
  <attribute name="Output H" value="8388608"/>
  <attribute name="Output I" value="472"/>
  <attribute name="Output T" value="4"/>
  <attribute name="Target GC Util Change" value ="20.000000" />
  <attribute name="Current GC Util Change" value="121.000000"/>
  <attribute name="GC Util currently" value="121" />
  <attribute name="CPU Util currently" value="1366556673283" />
<exclusive-end id="947" timestamp="2019-06-16T00:08:03.366" durationms="6.346" />

<exclusive-start id="948" timestamp="2019-06-16T00:08:03.396" intervalms="36.105">
  <response-info timems="0.209" idlems="0.180" threads="1" lastid="00000000011DFC00" lastname="PmdThread 1" />
</exclusive-start>
<allocation-taxation id="949" taxation-threshold="6291456" timestamp="2019-06-16T00:08:03.396" intervalms="36.054" />
<gc-start id="950" type="global mark phase" contextid="927" timestamp="2019-06-16T00:08:03.396">
  <mem-info id="951" free="7340032" total="28311552" percent="25">
    <remembered-set count="16096" freebytes="1065728" totalbytes="1130112" percent="94" regionsoverflowed="0" regionsstable="0" regionsrebuilding="0"/>
  </mem-info>
</gc-start>
<gc-op id="952" type="mark increment" timems="2.428" contextid="927" timestamp="2019-06-16T00:08:03.398">
  <trace-info objectcount="24499" scancount="21291" scanbytes="731028" />
  <cardclean-info objects="8779" bytes="349924" />
  <finalization candidates="57" enqueued="0" />
  <ownableSynchronizers candidates="8" cleared="0" />
  <references type="soft" candidates="228" cleared="0" enqueued="0" dynamicThreshold="15" maxThreshold="32" />
  <references type="weak" candidates="1092" cleared="376" enqueued="374" />
  <references type="phantom" candidates="192" cleared="52" enqueued="52" />
  <stringconstants candidates="5029" cleared="0"  />
</gc-op>
<gc-op id="953" type="classunload" timems="0.003" contextid="927" timestamp="2019-06-16T00:08:03.399">
  <classunload-info classloadercandidates="10" classloadersunloaded="0" classesunloaded="0" anonymousclassesunloaded="0" quiescems="0.000" setupms="0.003" scanms="0.000" postms="0.000" />
</gc-op>
<gc-end id="954" type="global mark phase" contextid="927" durationms="2.651" usertimems="4.000" systemtimems="0.000" timestamp="2019-06-16T00:08:03.399" activeThreads="4">
  <mem-info id="955" free="7340032" total="28311552" percent="25">
    <pending-finalizers system="0" default="0" reference="426" classloader="0" />
    <remembered-set count="16096" freebytes="1065728" totalbytes="1130112" percent="94" regionsoverflowed="0" regionsstable="0" regionsrebuilding="0"/>
  </mem-info>
</gc-end>
<cycle-end id="956" type="global mark phase" contextid="927" timestamp="2019-06-16T00:08:03.399" />
  <attribute name="elasticGC enabled" value="1" />
  <attribute name= "numThreadsSpecified" value="4" />
  <attribute name="heapSize specified" value="0" />
  <attribute name="Current GC Util" value="0" />
  <attribute name= "Current Time Running" value="3348" />
  <attribute name ="GC Interval" value="0" />
  <attribute name="ProportionalT" value="-30.000000" />
  <attribute name="ProportionalI" value="-30.000000" />
  <attribute name="ProportionalH" value="-30.000000" />
  <attribute name="Current Error" value="-20.000000" />
  <attribute name="IntegralT" value="-20.000000" />
  <attribute name="IntegralI" value="-20.000000" />
  <attribute name="IntegralH" value="-20.000000" />
  <attribute name="DerivativeT" value="-80.000000" />
  <attribute name="DerivativeI" value="-80.000000" />
  <attribute name="DerivativeH" value="-80.000000" />
  <attribute name="Loop Time for DT" value="1.000000" />
  <attribute name="Output H" value="2091843584"/>
  <attribute name="Output I" value="200"/>
  <attribute name="Output T" value="4"/>
  <attribute name="Target GC Util Change" value ="20.000000" />
  <attribute name="Current GC Util Change" value="0.000000"/>
  <attribute name="GC Util currently" value="0" />
  <attribute name="CPU Util currently" value="3862115119132" />
<exclusive-end id="957" timestamp="2019-06-16T00:08:03.399" durationms="2.989" />

<exclusive-start id="958" timestamp="2019-06-16T00:08:03.432" intervalms="36.084">
  <response-info timems="0.057" idlems="0.057" threads="0" lastid="00000000011E3800" lastname="PmdThread 2" />
</exclusive-start>
<allocation-taxation id="959" taxation-threshold="6291456" timestamp="2019-06-16T00:08:03.432" intervalms="36.139" />
<cycle-start id="960" type="partial gc" contextid="0" timestamp="2019-06-16T00:08:03.432" intervalms="72.270" />
<gc-start id="961" type="partial gc" contextid="960" timestamp="2019-06-16T00:08:03.433">
  <mem-info id="962" free="1048576" total="28311552" percent="3">
    <mem type="eden" free="0" total="12582912" percent="0" />
    <remembered-set count="16096" freebytes="1065728" totalbytes="1130112" percent="94" regionsoverflowed="0" regionsstable="0" regionsrebuilding="0"/>
  </mem-info>
</gc-start>
<allocation-stats totalBytes="12569736" >
  <allocated-bytes non-tlh="17128" tlh="12552608" arrayletleaf="0"/>
  <largest-consumer threadName="PmdThread 4" threadId="00000000011EF000" bytes="1769992" />
</allocation-stats>
<gc-op id="963" type="sweep" timems="0.492" contextid="960" timestamp="2019-06-16T00:08:03.434" />
<gc-op id="964" type="copy forward" timems="4.020" contextid="960" timestamp="2019-06-16T00:08:03.438">
  <memory-copied type="eden" objects="7553" bytes="659792" bytesdiscarded="0" />
  <memory-copied type="other" objects="17700" bytes="884944" bytesdiscarded="0" />
  <memory-cardclean objects="1644" bytes="81920" />
  <regions eden="6" other="8" />
  <remembered-set-cleared processed="13553" cleared="1919" durationms="0.185" />
  <references type="soft" candidates="16" cleared="0" enqueued="0" dynamicThreshold="8" maxThreshold="32" />
  <references type="weak" candidates="135" cleared="0" enqueued="0" />
  <references type="phantom" candidates="64" cleared="0" enqueued="0" />
  <stringconstants candidates="5029" cleared="0"  />
  <heap-resize type="expand" space="default" amount="1048576" count="1" timems="0.068" reason="continue current collection" />
</gc-op>
<gc-op id="965" type="classunload" timems="0.003" contextid="960" timestamp="2019-06-16T00:08:03.438">
  <classunload-info classloadercandidates="10" classloadersunloaded="0" classesunloaded="0" anonymousclassesunloaded="0" quiescems="0.000" setupms="0.002" scanms="0.000" postms="0.000" />
</gc-op>
<gc-op id="966" type="compact" timems="0.890" contextid="960" timestamp="2019-06-16T00:08:03.439">
  <compact-info movecount="0" movebytes="0" />
  <remembered-set-cleared processed="28105" cleared="1919" durationms="0.185" />
</gc-op>
<gc-end id="967" type="partial gc" contextid="960" durationms="6.689" usertimems="8.000" systemtimems="0.000" timestamp="2019-06-16T00:08:03.440" activeThreads="4">
  <mem-info id="968" free="14680064" total="29360128" percent="50">
    <mem type="eden" free="346272" total="1048576" percent="33" />
    <remembered-set count="15904" freebytes="1108352" totalbytes="1171968" percent="94" regionsoverflowed="0" regionsstable="0" regionsrebuilding="0"/>
  </mem-info>
</gc-end>
<cycle-end id="969" type="partial gc" contextid="960" timestamp="2019-06-16T00:08:03.440" />
  <attribute name="elasticGC enabled" value="1" />
  <attribute name= "numThreadsSpecified" value="4" />
  <attribute name="heapSize specified" value="0" />
  <attribute name="Current GC Util" value="0" />
  <attribute name= "Current Time Running" value="3389" />
  <attribute name ="GC Interval" value="0" />
  <attribute name="ProportionalT" value="-30.000000" />
  <attribute name="ProportionalI" value="-30.000000" />
  <attribute name="ProportionalH" value="-30.000000" />
  <attribute name="Current Error" value="-20.000000" />
  <attribute name="IntegralT" value="-80.000000" />
  <attribute name="IntegralI" value="-80.000000" />
  <attribute name="IntegralH" value="-80.000000" />
  <attribute name="DerivativeT" value="-6.500000" />
  <attribute name="DerivativeI" value="-6.500000" />
  <attribute name="DerivativeH" value="-6.500000" />
  <attribute name="Loop Time for DT" value="4.000000" />
  <attribute name="Output H" value="2091843584"/>
  <attribute name="Output I" value="200"/>
  <attribute name="Output T" value="4"/>
  <attribute name="Target GC Util Change" value ="20.000000" />
  <attribute name="Current GC Util Change" value="0.000000"/>
  <attribute name="GC Util currently" value="0" />
  <attribute name="CPU Util currently" value="1079496068469" />
<exclusive-end id="970" timestamp="2019-06-16T00:08:03.440" durationms="8.204" />

<exclusive-start id="971" timestamp="2019-06-16T00:08:03.496" intervalms="64.577">
  <response-info timems="0.452" idlems="0.452" threads="0" lastid="00000000011EB400" lastname="PmdThread 3" />
</exclusive-start>
<allocation-taxation id="972" taxation-threshold="13631488" timestamp="2019-06-16T00:08:03.497" intervalms="64.545" />
<cycle-start id="973" type="partial gc" contextid="0" timestamp="2019-06-16T00:08:03.497" intervalms="64.418" />
<gc-start id="974" type="partial gc" contextid="973" timestamp="2019-06-16T00:08:03.497">
  <mem-info id="975" free="1048576" total="29360128" percent="3">
    <mem type="eden" free="0" total="13631488" percent="0" />
    <remembered-set count="15904" freebytes="1108352" totalbytes="1171968" percent="94" regionsoverflowed="0" regionsstable="0" regionsrebuilding="0"/>
  </mem-info>
</gc-start>
<allocation-stats totalBytes="13620632" >
  <allocated-bytes non-tlh="32784" tlh="13587848" arrayletleaf="0"/>
  <largest-consumer threadName="PmdThread 4" threadId="00000000011EF000" bytes="4535296" />
</allocation-stats>
<gc-op id="976" type="copy forward" timems="2.120" contextid="973" timestamp="2019-06-16T00:08:03.500">
  <memory-copied type="eden" objects="7037" bytes="680976" bytesdiscarded="0" />
  <memory-copied type="other" objects="2122" bytes="117984" bytesdiscarded="0" />
  <memory-cardclean objects="1706" bytes="87864" />
  <regions eden="13" other="1" />
  <remembered-set-cleared processed="14458" cleared="1357" durationms="0.177" />
  <references type="soft" candidates="11" cleared="0" enqueued="0" dynamicThreshold="16" maxThreshold="32" />
  <references type="weak" candidates="299" cleared="0" enqueued="0" />
  <references type="phantom" candidates="110" cleared="0" enqueued="0" />
  <stringconstants candidates="5029" cleared="0"  />
  <heap-resize type="expand" space="default" amount="1048576" count="1" timems="0.062" reason="continue current collection" />
</gc-op>
<gc-op id="977" type="classunload" timems="0.002" contextid="973" timestamp="2019-06-16T00:08:03.500">
  <classunload-info classloadercandidates="10" classloadersunloaded="0" classesunloaded="0" anonymousclassesunloaded="0" quiescems="0.000" setupms="0.002" scanms="0.000" postms="0.000" />
</gc-op>
<gc-op id="978" type="compact" timems="0.963" contextid="973" timestamp="2019-06-16T00:08:03.501">
  <compact-info movecount="0" movebytes="0" />
  <remembered-set-cleared processed="29283" cleared="1713" durationms="0.177" />
</gc-op>
<gc-end id="979" type="partial gc" contextid="973" durationms="4.153" usertimems="8.000" systemtimems="0.000" timestamp="2019-06-16T00:08:03.501" activeThreads="4">
  <mem-info id="980" free="14680064" total="30408704" percent="48">
    <mem type="eden" free="365296" total="1048576" percent="34" />
    <remembered-set count="16640" freebytes="1147264" totalbytes="1213824" percent="94" regionsoverflowed="0" regionsstable="0" regionsrebuilding="0"/>
  </mem-info>
</gc-end>
<cycle-end id="981" type="partial gc" contextid="973" timestamp="2019-06-16T00:08:03.501" />
  <attribute name="elasticGC enabled" value="1" />
  <attribute name= "numThreadsSpecified" value="4" />
  <attribute name="heapSize specified" value="0" />
  <attribute name="Current GC Util" value="0" />
  <attribute name= "Current Time Running" value="3450" />
  <attribute name ="GC Interval" value="0" />
  <attribute name="ProportionalT" value="-30.000000" />
  <attribute name="ProportionalI" value="-30.000000" />
  <attribute name="ProportionalH" value="-30.000000" />
  <attribute name="Current Error" value="-20.000000" />
  <attribute name="IntegralT" value="-40.000000" />
  <attribute name="IntegralI" value="-40.000000" />
  <attribute name="IntegralH" value="-40.000000" />
  <attribute name="DerivativeT" value="-12.500000" />
  <attribute name="DerivativeI" value="-12.500000" />
  <attribute name="DerivativeH" value="-12.500000" />
  <attribute name="Loop Time for DT" value="2.000000" />
  <attribute name="Output H" value="2091843584"/>
  <attribute name="Output I" value="200"/>
  <attribute name="Output T" value="4"/>
  <attribute name="Target GC Util Change" value ="20.000000" />
  <attribute name="Current GC Util Change" value="0.000000"/>
  <attribute name="GC Util currently" value="0" />
  <attribute name="CPU Util currently" value="1973809719624" />
<exclusive-end id="982" timestamp="2019-06-16T00:08:03.501" durationms="4.994" />

<exclusive-start id="983" timestamp="2019-06-16T00:08:03.577" intervalms="80.452">
  <response-info timems="0.136" idlems="0.136" threads="0" lastid="00000000011E3800" lastname="PmdThread 2" />
</exclusive-start>
<allocation-taxation id="984" taxation-threshold="14680064" timestamp="2019-06-16T00:08:03.577" intervalms="80.505" />
<cycle-start id="985" type="partial gc" contextid="0" timestamp="2019-06-16T00:08:03.577" intervalms="80.566" />
<gc-start id="986" type="partial gc" contextid="985" timestamp="2019-06-16T00:08:03.578">
  <mem-info id="987" free="0" total="30408704" percent="0">
    <mem type="eden" free="0" total="14680064" percent="0" />
    <remembered-set count="16320" freebytes="1148544" totalbytes="1213824" percent="94" regionsoverflowed="0" regionsstable="0" regionsrebuilding="0"/>
  </mem-info>
</gc-start>
<allocation-stats totalBytes="14675008" >
  <allocated-bytes non-tlh="9424" tlh="14665584" arrayletleaf="0"/>
  <largest-consumer threadName="PmdThread 3" threadId="00000000011EB400" bytes="5610576" />
</allocation-stats>
<gc-op id="988" type="mark" timems="2.338" contextid="985" timestamp="2019-06-16T00:08:03.580">
  <trace-info objectcount="53364" scancount="48659" scanbytes="1754872" />
  <cardclean-info objects="1655" bytes="90524" />
  <remembered-set-cleared processed="14739" cleared="1868" durationms="0.115" />
  <references type="weak" candidates="248" cleared="246" enqueued="246" />
  <references type="phantom" candidates="123" cleared="75" enqueued="75" />
  <stringconstants candidates="5029" cleared="0"  />
  <warning details="Mark invoked due to insufficient free space for Copy-Forward" />
</gc-op>
<gc-op id="989" type="classunload" timems="0.003" contextid="985" timestamp="2019-06-16T00:08:03.581">
  <classunload-info classloadercandidates="10" classloadersunloaded="0" classesunloaded="0" anonymousclassesunloaded="0" quiescems="0.000" setupms="0.003" scanms="0.000" postms="0.000" />
</gc-op>
<gc-op id="990" type="sweep" timems="0.365" contextid="985" timestamp="2019-06-16T00:08:03.581" />
<gc-op id="991" type="compact" timems="3.795" contextid="985" timestamp="2019-06-16T00:08:03.585">
  <compact-info movecount="53363" movebytes="2522752" />
  <remembered-set-cleared processed="35048" cleared="9268" durationms="0.121" />
</gc-op>
<gc-end id="992" type="partial gc" contextid="985" durationms="7.593" usertimems="24.000" systemtimems="0.000" timestamp="2019-06-16T00:08:03.585" activeThreads="4">
  <mem-info id="993" free="11534336" total="30408704" percent="37">
    <mem type="eden" free="770432" total="3145728" percent="24" />
    <pending-finalizers system="0" default="0" reference="321" classloader="0" />
    <remembered-set count="20416" freebytes="1132160" totalbytes="1213824" percent="93" regionsoverflowed="0" regionsstable="0" regionsrebuilding="0"/>
  </mem-info>
</gc-end>
<cycle-end id="994" type="partial gc" contextid="985" timestamp="2019-06-16T00:08:03.585" />
  <attribute name="elasticGC enabled" value="1" />
  <attribute name= "numThreadsSpecified" value="4" />
  <attribute name="heapSize specified" value="0" />
  <attribute name="Current GC Util" value="51" />
  <attribute name= "Current Time Running" value="3532" />
  <attribute name ="GC Interval" value="0" />
  <attribute name="ProportionalT" value="46.500000" />
  <attribute name="ProportionalI" value="46.500000" />
  <attribute name="ProportionalH" value="46.500000" />
  <attribute name="Current Error" value="31.000000" />
  <attribute name="IntegralT" value="31.000000" />
  <attribute name="IntegralI" value="31.000000" />
  <attribute name="IntegralH" value="31.000000" />
  <attribute name="DerivativeT" value="-45.000000" />
  <attribute name="DerivativeI" value="-45.000000" />
  <attribute name="DerivativeH" value="-45.000000" />
  <attribute name="Loop Time for DT" value="1.000000" />
  <attribute name="Output H" value="8388608"/>
  <attribute name="Output I" value="200"/>
  <attribute name="Output T" value="4"/>
  <attribute name="Target GC Util Change" value ="20.000000" />
  <attribute name="Current GC Util Change" value="51.000000"/>
  <attribute name="GC Util currently" value="51" />
  <attribute name="CPU Util currently" value="8728880910961" />
<exclusive-end id="995" timestamp="2019-06-16T00:08:03.586" durationms="8.561" />

<exclusive-start id="996" timestamp="2019-06-16T00:08:03.601" intervalms="23.905">
  <response-info timems="0.086" idlems="0.086" threads="0" lastid="00000000011E3800" lastname="PmdThread 2" />
</exclusive-start>
<allocation-taxation id="997" taxation-threshold="5242880" timestamp="2019-06-16T00:08:03.601" intervalms="23.860" />
<cycle-start id="998" type="global mark phase" contextid="0" timestamp="2019-06-16T00:08:03.601" intervalms="281.463" />
<gc-start id="999" type="global mark phase" contextid="998" timestamp="2019-06-16T00:08:03.601">
  <mem-info id="1000" free="6291456" total="30408704" percent="20">
    <remembered-set count="20416" freebytes="1132160" totalbytes="1213824" percent="93" regionsoverflowed="0" regionsstable="0" regionsrebuilding="0"/>
  </mem-info>
</gc-start>
<gc-op id="1001" type="mark increment" timems="0.616" contextid="998" timestamp="2019-06-16T00:08:03.602">
  <trace-info objectcount="241" scancount="0" scanbytes="0" />
</gc-op>
<gc-end id="1002" type="global mark phase" contextid="998" durationms="0.738" usertimems="0.000" systemtimems="0.000" timestamp="2019-06-16T00:08:03.602" activeThreads="1">
  <mem-info id="1003" free="6291456" total="30408704" percent="20">
    <remembered-set count="20416" freebytes="1132160" totalbytes="1213824" percent="93" regionsoverflowed="0" regionsstable="0" regionsrebuilding="0"/>
  </mem-info>
</gc-end>
<concurrent-start id="1004" type="GMP work packet processing" contextid="998" timestamp="2019-06-16T00:08:03.602">
  <concurrent-mark-start scanTarget="18446744073709551615" />
</concurrent-start>
<exclusive-end id="1005" timestamp="2019-06-16T00:08:03.602" durationms="1.124" />

<exclusive-start id="1007" timestamp="2019-06-16T00:08:03.616" intervalms="15.179">
  <response-info timems="0.071" idlems="0.071" threads="0" lastid="00000000011DFC00" lastname="PmdThread 1" />
</exclusive-start>
<concurrent-end id="1006" type="GMP work packet processing" contextid="998" timestamp="2019-06-16T00:08:03.612">
  <concurrent-mark-end bytesScanned="5694316" reasonForTermination="Completed all work in GC phase" />
</concurrent-end>

<allocation-taxation id="1008" taxation-threshold="5242880" timestamp="2019-06-16T00:08:03.616" intervalms="15.275" />
<cycle-start id="1009" type="partial gc" contextid="0" timestamp="2019-06-16T00:08:03.616" intervalms="39.151" />
<gc-start id="1010" type="partial gc" contextid="1009" timestamp="2019-06-16T00:08:03.617">
  <mem-info id="1011" free="1048576" total="30408704" percent="3">
    <mem type="eden" free="770432" total="11534336" percent="6" />
    <remembered-set count="20416" freebytes="1132160" totalbytes="1213824" percent="93" regionsoverflowed="0" regionsstable="0" regionsrebuilding="0"/>
  </mem-info>
</gc-start>
<allocation-stats totalBytes="10472096" >
  <allocated-bytes non-tlh="0" tlh="10472096" arrayletleaf="0"/>
  <largest-consumer threadName="PmdThread 1" threadId="00000000011DFC00" bytes="2576040" />
</allocation-stats>
<gc-op id="1012" type="copy forward" timems="14.194" contextid="1009" timestamp="2019-06-16T00:08:03.632">
  <memory-copied type="eden" objects="65396" bytes="2641616" bytesdiscarded="16" />
  <memory-copied type="other" objects="45137" bytes="2060744" bytesdiscarded="8" />
  <memory-cardclean objects="1157" bytes="61512" />
  <regions eden="10" other="3" />
  <remembered-set-cleared processed="16088" cleared="2569" durationms="0.203" />
  <references type="weak" candidates="116" cleared="0" enqueued="0" />
  <references type="phantom" candidates="29" cleared="0" enqueued="0" />
  <stringconstants candidates="5029" cleared="0"  />
  <heap-resize type="expand" space="default" amount="4194304" count="4" timems="0.270" reason="continue current collection" />
</gc-op>
<gc-op id="1013" type="classunload" timems="0.004" contextid="1009" timestamp="2019-06-16T00:08:03.632">
  <classunload-info classloadercandidates="10" classloadersunloaded="0" classesunloaded="0" anonymousclassesunloaded="0" quiescems="0.000" setupms="0.004" scanms="0.000" postms="0.000" />
</gc-op>
<gc-op id="1014" type="compact" timems="1.116" contextid="1009" timestamp="2019-06-16T00:08:03.633">
  <compact-info movecount="0" movebytes="0" />
  <remembered-set-cleared processed="36661" cleared="2569" durationms="0.203" />
</gc-op>
<gc-end id="1015" type="partial gc" contextid="1009" durationms="16.773" usertimems="16.000" systemtimems="0.000" timestamp="2019-06-16T00:08:03.633" activeThreads="4">
  <mem-info id="1016" free="13631488" total="34603008" percent="39">
    <mem type="eden" free="500496" total="3145728" percent="15" />
    <remembered-set count="21728" freebytes="1294336" totalbytes="1381248" percent="93" regionsoverflowed="0" regionsstable="0" regionsrebuilding="0"/>
  </mem-info>
</gc-end>
<cycle-end id="1017" type="partial gc" contextid="1009" timestamp="2019-06-16T00:08:03.634" />
  <attribute name="elasticGC enabled" value="1" />
  <attribute name= "numThreadsSpecified" value="4" />
  <attribute name="heapSize specified" value="0" />
  <attribute name="Current GC Util" value="0" />
  <attribute name= "Current Time Running" value="3582" />
  <attribute name ="GC Interval" value="0" />
  <attribute name="ProportionalT" value="-30.000000" />
  <attribute name="ProportionalI" value="-30.000000" />
  <attribute name="ProportionalH" value="-30.000000" />
  <attribute name="Current Error" value="-20.000000" />
  <attribute name="IntegralT" value="-280.000000" />
  <attribute name="IntegralI" value="-280.000000" />
  <attribute name="IntegralH" value="-280.000000" />
  <attribute name="DerivativeT" value="-2.464286" />
  <attribute name="DerivativeI" value="-2.464286" />
  <attribute name="DerivativeH" value="-2.464286" />
  <attribute name="Loop Time for DT" value="14.000000" />
  <attribute name="Output H" value="2091843584"/>
  <attribute name="Output I" value="200"/>
  <attribute name="Output T" value="4"/>
  <attribute name="Target GC Util Change" value ="20.000000" />
  <attribute name="Current GC Util Change" value="0.000000"/>
  <attribute name="GC Util currently" value="0" />
  <attribute name="CPU Util currently" value="314919358027" />
<exclusive-end id="1018" timestamp="2019-06-16T00:08:03.634" durationms="17.864" />

<exclusive-start id="1019" timestamp="2019-06-16T00:08:03.649" intervalms="32.754">
  <response-info timems="0.146" idlems="0.083" threads="1" lastid="0000000000EDAB00" lastname="JIT Compilation Thread-2" />
</exclusive-start>
<allocation-taxation id="1020" taxation-threshold="6291456" timestamp="2019-06-16T00:08:03.649" intervalms="32.711" />
<gc-start id="1021" type="global mark phase" contextid="998" timestamp="2019-06-16T00:08:03.649">
  <mem-info id="1022" free="7340032" total="34603008" percent="21">
    <remembered-set count="21728" freebytes="1294336" totalbytes="1381248" percent="93" regionsoverflowed="0" regionsstable="0" regionsrebuilding="0"/>
  </mem-info>
</gc-start>
<gc-op id="1023" type="mark increment" timems="5.650" contextid="998" timestamp="2019-06-16T00:08:03.655">
  <trace-info objectcount="84122" scancount="73761" scanbytes="2610040" />
  <cardclean-info objects="12714" bytes="435676" />
  <finalization candidates="57" enqueued="0" />
  <ownableSynchronizers candidates="8" cleared="0" />
  <references type="soft" candidates="228" cleared="2" enqueued="0" dynamicThreshold="12" maxThreshold="32" />
  <references type="weak" candidates="1011" cleared="295" enqueued="295" />
  <references type="phantom" candidates="212" cleared="25" enqueued="25" />
  <stringconstants candidates="5029" cleared="1"  />
</gc-op>
<gc-op id="1024" type="classunload" timems="0.003" contextid="998" timestamp="2019-06-16T00:08:03.655">
  <classunload-info classloadercandidates="10" classloadersunloaded="0" classesunloaded="0" anonymousclassesunloaded="0" quiescems="0.000" setupms="0.003" scanms="0.000" postms="0.000" />
</gc-op>
<gc-end id="1025" type="global mark phase" contextid="998" durationms="5.951" usertimems="8.000" systemtimems="0.000" timestamp="2019-06-16T00:08:03.655" activeThreads="4">
  <mem-info id="1026" free="7340032" total="34603008" percent="21">
    <pending-finalizers system="0" default="0" reference="320" classloader="0" />
    <remembered-set count="21728" freebytes="1294336" totalbytes="1381248" percent="93" regionsoverflowed="0" regionsstable="0" regionsrebuilding="0"/>
  </mem-info>
</gc-end>
<cycle-end id="1027" type="global mark phase" contextid="998" timestamp="2019-06-16T00:08:03.655" />
  <attribute name="elasticGC enabled" value="1" />
  <attribute name= "numThreadsSpecified" value="4" />
  <attribute name="heapSize specified" value="0" />
  <attribute name="Current GC Util" value="0" />
  <attribute name= "Current Time Running" value="3604" />
  <attribute name ="GC Interval" value="0" />
  <attribute name="ProportionalT" value="-30.000000" />
  <attribute name="ProportionalI" value="-30.000000" />
  <attribute name="ProportionalH" value="-30.000000" />
  <attribute name="Current Error" value="-20.000000" />
  <attribute name="IntegralT" value="-80.000000" />
  <attribute name="IntegralI" value="-80.000000" />
  <attribute name="IntegralH" value="-80.000000" />
  <attribute name="DerivativeT" value="-19.250000" />
  <attribute name="DerivativeI" value="-19.250000" />
  <attribute name="DerivativeH" value="-19.250000" />
  <attribute name="Loop Time for DT" value="4.000000" />
  <attribute name="Output H" value="2091843584"/>
  <attribute name="Output I" value="200"/>
  <attribute name="Output T" value="4"/>
  <attribute name="Target GC Util Change" value ="20.000000" />
  <attribute name="Current GC Util Change" value="0.000000"/>
  <attribute name="GC Util currently" value="0" />
  <attribute name="CPU Util currently" value="1099885044820" />
<exclusive-end id="1028" timestamp="2019-06-16T00:08:03.655" durationms="6.568" />

<exclusive-start id="1029" timestamp="2019-06-16T00:08:03.677" intervalms="28.451">
  <response-info timems="0.080" idlems="0.046" threads="1" lastid="0000000000EDAB00" lastname="JIT Compilation Thread-2" />
</exclusive-start>
<allocation-taxation id="1030" taxation-threshold="6291456" timestamp="2019-06-16T00:08:03.677" intervalms="28.409" />
<cycle-start id="1031" type="partial gc" contextid="0" timestamp="2019-06-16T00:08:03.677" intervalms="61.065" />
<gc-start id="1032" type="partial gc" contextid="1031" timestamp="2019-06-16T00:08:03.678">
  <mem-info id="1033" free="1048576" total="34603008" percent="3">
    <mem type="eden" free="0" total="12582912" percent="0" />
    <remembered-set count="21728" freebytes="1294336" totalbytes="1381248" percent="93" regionsoverflowed="0" regionsstable="0" regionsrebuilding="0"/>
  </mem-info>
</gc-start>
<allocation-stats totalBytes="12579520" >
  <allocated-bytes non-tlh="0" tlh="12579520" arrayletleaf="0"/>
  <largest-consumer threadName="PmdThread 1" threadId="00000000011DFC00" bytes="3632744" />
</allocation-stats>
<gc-op id="1034" type="sweep" timems="0.572" contextid="1031" timestamp="2019-06-16T00:08:03.678" />
<gc-op id="1035" type="copy forward" timems="11.602" contextid="1031" timestamp="2019-06-16T00:08:03.691">
  <memory-copied type="eden" objects="32273" bytes="1277848" bytesdiscarded="109925" />
  <memory-copied type="other" objects="99324" bytes="3850712" bytesdiscarded="113835" />
  <memory-cardclean objects="1104" bytes="62104" />
  <regions eden="6" other="10" />
  <remembered-set-cleared processed="19436" cleared="7180" durationms="0.133" />
  <references type="soft" candidates="12" cleared="0" enqueued="0" dynamicThreshold="6" maxThreshold="32" />
  <references type="weak" candidates="131" cleared="0" enqueued="0" />
  <references type="phantom" candidates="12" cleared="0" enqueued="0" />
  <stringconstants candidates="5028" cleared="0"  />
  <heap-resize type="expand" space="default" amount="6291456" count="6" timems="0.408" reason="continue current collection" />
</gc-op>
<gc-op id="1036" type="classunload" timems="0.004" contextid="1031" timestamp="2019-06-16T00:08:03.691">
  <classunload-info classloadercandidates="10" classloadersunloaded="0" classesunloaded="0" anonymousclassesunloaded="0" quiescems="0.000" setupms="0.004" scanms="0.000" postms="0.000" />
</gc-op>
<gc-op id="1037" type="compact" timems="1.842" contextid="1031" timestamp="2019-06-16T00:08:03.693">
  <compact-info movecount="0" movebytes="0" />
  <remembered-set-cleared processed="43201" cleared="7180" durationms="0.133" />
</gc-op>
<heap-resize id="1038" type="expand" space="default" amount="7340032" count="1" timems="0.098" reason="excessive time being spent in gc" timestamp="2019-06-16T00:08:03.693" />
<gc-end id="1039" type="partial gc" contextid="1031" durationms="15.711" usertimems="16.000" systemtimems="8.000" timestamp="2019-06-16T00:08:03.693" activeThreads="4">
  <mem-info id="1040" free="24117248" total="48234496" percent="50">
    <mem type="eden" free="227632" total="3145728" percent="7" />
    <remembered-set count="25568" freebytes="1823104" totalbytes="1925376" percent="94" regionsoverflowed="0" regionsstable="0" regionsrebuilding="0"/>
  </mem-info>
</gc-end>
<cycle-end id="1041" type="partial gc" contextid="1031" timestamp="2019-06-16T00:08:03.694" />
  <attribute name="elasticGC enabled" value="1" />
  <attribute name= "numThreadsSpecified" value="4" />
  <attribute name="heapSize specified" value="0" />
  <attribute name="Current GC Util" value="130" />
  <attribute name= "Current Time Running" value="3642" />
  <attribute name ="GC Interval" value="0" />
  <attribute name="ProportionalT" value="165.000000" />
  <attribute name="ProportionalI" value="165.000000" />
  <attribute name="ProportionalH" value="165.000000" />
  <attribute name="Current Error" value="110.000000" />
  <attribute name="IntegralT" value="1430.000000" />
  <attribute name="IntegralI" value="1430.000000" />
  <attribute name="IntegralH" value="1430.000000" />
  <attribute name="DerivativeT" value="3.153846" />
  <attribute name="DerivativeI" value="3.153846" />
  <attribute name="DerivativeH" value="3.153846" />
  <attribute name="Loop Time for DT" value="13.000000" />
  <attribute name="Output H" value="8388608"/>
  <attribute name="Output I" value="1600"/>
  <attribute name="Output T" value="4"/>
  <attribute name="Target GC Util Change" value ="20.000000" />
  <attribute name="Current GC Util Change" value="130.000000"/>
  <attribute name="GC Util currently" value="130" />
  <attribute name="CPU Util currently" value="382840823021" />
<exclusive-end id="1042" timestamp="2019-06-16T00:08:03.694" durationms="16.605" />

<exclusive-start id="1043" timestamp="2019-06-16T00:08:03.750" intervalms="72.860">
  <response-info timems="0.083" idlems="0.083" threads="0" lastid="00000000011E3800" lastname="PmdThread 2" />
</exclusive-start>
<allocation-taxation id="1044" taxation-threshold="18874368" timestamp="2019-06-16T00:08:03.750" intervalms="72.873" />
<cycle-start id="1045" type="partial gc" contextid="0" timestamp="2019-06-16T00:08:03.750" intervalms="72.907" />
<gc-start id="1046" type="partial gc" contextid="1045" timestamp="2019-06-16T00:08:03.751">
  <mem-info id="1047" free="5242880" total="48234496" percent="10">
    <mem type="eden" free="0" total="18874368" percent="0" />
    <remembered-set count="25568" freebytes="1823104" totalbytes="1925376" percent="94" regionsoverflowed="0" regionsstable="0" regionsrebuilding="0"/>
  </mem-info>
</gc-start>
<allocation-stats totalBytes="18870512" >
  <allocated-bytes non-tlh="16392" tlh="18854120" arrayletleaf="0"/>
  <largest-consumer threadName="PmdThread 1" threadId="00000000011DFC00" bytes="8043400" />
</allocation-stats>
<gc-op id="1048" type="copy forward" timems="18.282" contextid="1045" timestamp="2019-06-16T00:08:03.769">
  <memory-copied type="eden" objects="81062" bytes="3434560" bytesdiscarded="88" />
  <memory-copied type="other" objects="71885" bytes="2697800" bytesdiscarded="88" />
  <memory-cardclean objects="7736" bytes="424848" />
  <regions eden="18" other="4" />
  <remembered-set-cleared processed="23063" cleared="7186" durationms="0.256" />
  <references type="weak" candidates="354" cleared="0" enqueued="0" />
  <references type="phantom" candidates="14" cleared="0" enqueued="0" />
  <stringconstants candidates="5028" cleared="0"  />
  <heap-resize type="expand" space="default" amount="3145728" count="3" timems="0.193" reason="continue current collection" />
</gc-op>
<gc-op id="1049" type="classunload" timems="0.004" contextid="1045" timestamp="2019-06-16T00:08:03.770">
  <classunload-info classloadercandidates="10" classloadersunloaded="0" classesunloaded="0" anonymousclassesunloaded="0" quiescems="0.000" setupms="0.004" scanms="0.000" postms="0.000" />
</gc-op>
<gc-op id="1050" type="compact" timems="1.201" contextid="1045" timestamp="2019-06-16T00:08:03.771">
  <compact-info movecount="623" movebytes="71632" />
  <remembered-set-cleared processed="54480" cleared="7558" durationms="0.256" />
</gc-op>
<heap-resize id="1051" type="expand" space="default" amount="9437184" count="1" timems="0.111" reason="excessive time being spent in gc" timestamp="2019-06-16T00:08:03.771" />
<gc-end id="1052" type="partial gc" contextid="1045" durationms="20.955" usertimems="20.000" systemtimems="0.000" timestamp="2019-06-16T00:08:03.772" activeThreads="4">
  <mem-info id="1053" free="32505856" total="60817408" percent="53">
    <mem type="eden" free="756184" total="4194304" percent="18" />
    <remembered-set count="33856" freebytes="2292224" totalbytes="2427648" percent="94" regionsoverflowed="0" regionsstable="0" regionsrebuilding="0"/>
  </mem-info>
</gc-end>
<cycle-end id="1054" type="partial gc" contextid="1045" timestamp="2019-06-16T00:08:03.772" />
  <attribute name="elasticGC enabled" value="1" />
  <attribute name= "numThreadsSpecified" value="4" />
  <attribute name="heapSize specified" value="0" />
  <attribute name="Current GC Util" value="0" />
  <attribute name= "Current Time Running" value="3720" />
  <attribute name ="GC Interval" value="0" />
  <attribute name="ProportionalT" value="-30.000000" />
  <attribute name="ProportionalI" value="-30.000000" />
  <attribute name="ProportionalH" value="-30.000000" />
  <attribute name="Current Error" value="-20.000000" />
  <attribute name="IntegralT" value="-380.000000" />
  <attribute name="IntegralI" value="-380.000000" />
  <attribute name="IntegralH" value="-380.000000" />
  <attribute name="DerivativeT" value="-1.736842" />
  <attribute name="DerivativeI" value="-1.736842" />
  <attribute name="DerivativeH" value="-1.736842" />
  <attribute name="Loop Time for DT" value="19.000000" />
  <attribute name="Output H" value="2091843584"/>
  <attribute name="Output I" value="200"/>
  <attribute name="Output T" value="4"/>
  <attribute name="Target GC Util Change" value ="20.000000" />
  <attribute name="Current GC Util Change" value="0.000000"/>
  <attribute name="GC Util currently" value="0" />
  <attribute name="CPU Util currently" value="245870551972" />
<exclusive-end id="1055" timestamp="2019-06-16T00:08:03.772" durationms="21.883" />

<exclusive-start id="1056" timestamp="2019-06-16T00:08:03.871" intervalms="121.130">
  <response-info timems="0.254" idlems="0.254" threads="0" lastid="00000000011E3800" lastname="PmdThread 2" />
</exclusive-start>
<allocation-taxation id="1057" taxation-threshold="22020096" timestamp="2019-06-16T00:08:03.871" intervalms="121.175" />
<cycle-start id="1058" type="partial gc" contextid="0" timestamp="2019-06-16T00:08:03.872" intervalms="121.277" />
<gc-start id="1059" type="partial gc" contextid="1058" timestamp="2019-06-16T00:08:03.872">
  <mem-info id="1060" free="10485760" total="60817408" percent="17">
    <mem type="eden" free="0" total="22020096" percent="0" />
    <remembered-set count="33472" freebytes="2293760" totalbytes="2427648" percent="94" regionsoverflowed="0" regionsstable="0" regionsrebuilding="0"/>
  </mem-info>
</gc-start>
<allocation-stats totalBytes="22007192" >
  <allocated-bytes non-tlh="20704" tlh="21986488" arrayletleaf="0"/>
  <largest-consumer threadName="PmdThread 1" threadId="00000000011DFC00" bytes="11013752" />
</allocation-stats>
<gc-op id="1061" type="copy forward" timems="16.648" contextid="1058" timestamp="2019-06-16T00:08:03.889">
  <memory-copied type="eden" objects="54494" bytes="2050048" bytesdiscarded="32" />
  <memory-copied type="other" objects="68706" bytes="2713536" bytesdiscarded="48" />
  <memory-cardclean objects="52551" bytes="2801152" />
  <regions eden="21" other="5" />
  <remembered-set-cleared processed="29116" cleared="12661" durationms="0.342" />
  <finalization candidates="1" enqueued="0" />
  <references type="soft" candidates="3" cleared="0" enqueued="0" dynamicThreshold="17" maxThreshold="32" />
  <references type="weak" candidates="375" cleared="0" enqueued="0" />
  <references type="phantom" candidates="24" cleared="0" enqueued="0" />
  <stringconstants candidates="5059" cleared="0"  />
</gc-op>
<gc-op id="1062" type="classunload" timems="0.004" contextid="1058" timestamp="2019-06-16T00:08:03.889">
  <classunload-info classloadercandidates="10" classloadersunloaded="0" classesunloaded="0" anonymousclassesunloaded="0" quiescems="0.000" setupms="0.003" scanms="0.000" postms="0.000" />
</gc-op>
<heap-resize id="1063" type="expand" space="default" amount="10485760" count="1" timems="0.115" reason="excessive time being spent in gc" timestamp="2019-06-16T00:08:03.890" />
<gc-end id="1064" type="partial gc" contextid="1058" durationms="17.884" usertimems="16.000" systemtimems="0.000" timestamp="2019-06-16T00:08:03.890" activeThreads="1">
  <mem-info id="1065" free="41943040" total="71303168" percent="58">
    <mem type="eden" free="43960" total="2097152" percent="2" />
    <remembered-set count="44416" freebytes="2668544" totalbytes="2846208" percent="93" regionsoverflowed="0" regionsstable="0" regionsrebuilding="0"/>
  </mem-info>
</gc-end>
<cycle-end id="1066" type="partial gc" contextid="1058" timestamp="2019-06-16T00:08:03.890" />
  <attribute name="elasticGC enabled" value="1" />
  <attribute name= "numThreadsSpecified" value="1" />
  <attribute name="heapSize specified" value="0" />
  <attribute name="Current GC Util" value="65" />
  <attribute name= "Current Time Running" value="3823" />
  <attribute name ="GC Interval" value="0" />
  <attribute name="ProportionalT" value="67.500000" />
  <attribute name="ProportionalI" value="67.500000" />
  <attribute name="ProportionalH" value="67.500000" />
  <attribute name="Current Error" value="45.000000" />
  <attribute name="IntegralT" value="0.000000" />
  <attribute name="IntegralI" value="0.000000" />
  <attribute name="IntegralH" value="0.000000" />
  <attribute name="DerivativeT" value="inf" />
  <attribute name="DerivativeI" value="inf" />
  <attribute name="DerivativeH" value="inf" />
  <attribute name="Loop Time for DT" value="0.000000" />
  <attribute name="Output H" value="8388608"/>
  <attribute name="Output I" value="200"/>
  <attribute name="Output T" value="1"/>
  <attribute name="Target GC Util Change" value ="20.000000" />
  <attribute name="Current GC Util Change" value="65.000000"/>
  <attribute name="GC Util currently" value="65" />
  <attribute name="CPU Util currently" value="19088025319132" />
<exclusive-end id="1067" timestamp="2019-06-16T00:08:03.890" durationms="19.003" />

<exclusive-start id="1068" timestamp="2019-06-16T00:08:03.975" intervalms="104.100">
  <response-info timems="0.322" idlems="0.169" threads="1" lastid="0000000000EDAB00" lastname="JIT Compilation Thread-2" />
</exclusive-start>
<allocation-taxation id="1069" taxation-threshold="24117248" timestamp="2019-06-16T00:08:03.975" intervalms="104.056" />
<cycle-start id="1070" type="partial gc" contextid="0" timestamp="2019-06-16T00:08:03.976" intervalms="103.940" />
<gc-start id="1071" type="partial gc" contextid="1070" timestamp="2019-06-16T00:08:03.976">
  <mem-info id="1072" free="17825792" total="71303168" percent="25">
    <mem type="eden" free="0" total="24117248" percent="0" />
    <remembered-set count="44192" freebytes="2669440" totalbytes="2846208" percent="93" regionsoverflowed="0" regionsstable="0" regionsrebuilding="0"/>
  </mem-info>
</gc-start>
<allocation-stats totalBytes="24107960" >
  <allocated-bytes non-tlh="449624" tlh="23658336" arrayletleaf="0"/>
  <largest-consumer threadName="PmdThread 1" threadId="00000000011DFC00" bytes="8007728" />
</allocation-stats>
<gc-op id="1073" type="copy forward" timems="11.223" contextid="1070" timestamp="2019-06-16T00:08:03.988">
  <memory-copied type="eden" objects="38553" bytes="1746416" bytesdiscarded="8" />
  <memory-copied type="other" objects="44262" bytes="1453688" bytesdiscarded="8" />
  <memory-cardclean objects="39952" bytes="2298728" />
  <regions eden="23" other="3" />
  <remembered-set-cleared processed="36073" cleared="9410" durationms="0.366" />
  <references type="weak" candidates="437" cleared="0" enqueued="0" />
  <references type="phantom" candidates="51" cleared="0" enqueued="0" />
  <stringconstants candidates="5090" cleared="0"  />
</gc-op>
<gc-op id="1074" type="classunload" timems="0.002" contextid="1070" timestamp="2019-06-16T00:08:03.988">
  <classunload-info classloadercandidates="10" classloadersunloaded="0" classesunloaded="0" anonymousclassesunloaded="0" quiescems="0.000" setupms="0.002" scanms="0.000" postms="0.000" />
</gc-op>
<heap-resize id="1075" type="expand" space="default" amount="7340032" count="1" timems="0.090" reason="excessive time being spent in gc" timestamp="2019-06-16T00:08:03.988" />
<gc-end id="1076" type="partial gc" contextid="1070" durationms="12.478" usertimems="12.000" systemtimems="0.000" timestamp="2019-06-16T00:08:03.988" activeThreads="1">
  <mem-info id="1077" free="47185920" total="78643200" percent="60">
    <mem type="eden" free="346984" total="2097152" percent="16" />
    <remembered-set count="46560" freebytes="2952960" totalbytes="3139200" percent="94" regionsoverflowed="0" regionsstable="0" regionsrebuilding="0"/>
  </mem-info>
</gc-end>
<cycle-end id="1078" type="partial gc" contextid="1070" timestamp="2019-06-16T00:08:03.988" />
  <attribute name="elasticGC enabled" value="1" />
  <attribute name= "numThreadsSpecified" value="1" />
  <attribute name="heapSize specified" value="0" />
  <attribute name="Current GC Util" value="54" />
  <attribute name= "Current Time Running" value="3927" />
  <attribute name ="GC Interval" value="0" />
  <attribute name="ProportionalT" value="51.000000" />
  <attribute name="ProportionalI" value="51.000000" />
  <attribute name="ProportionalH" value="51.000000" />
  <attribute name="Current Error" value="34.000000" />
  <attribute name="IntegralT" value="0.000000" />
  <attribute name="IntegralI" value="0.000000" />
  <attribute name="IntegralH" value="0.000000" />
  <attribute name="DerivativeT" value="inf" />
  <attribute name="DerivativeI" value="inf" />
  <attribute name="DerivativeH" value="inf" />
  <attribute name="Loop Time for DT" value="0.000000" />
  <attribute name="Output H" value="8388608"/>
  <attribute name="Output I" value="200"/>
  <attribute name="Output T" value="1"/>
  <attribute name="Target GC Util Change" value ="20.000000" />
  <attribute name="Current GC Util Change" value="54.000000"/>
  <attribute name="GC Util currently" value="54" />
  <attribute name="CPU Util currently" value="18365056248518" />
<exclusive-end id="1079" timestamp="2019-06-16T00:08:03.989" durationms="13.418" />

<exclusive-start id="1080" timestamp="2019-06-16T00:08:04.081" intervalms="106.114">
  <response-info timems="0.337" idlems="0.337" threads="0" lastid="00000000011E3800" lastname="PmdThread 2" />
</exclusive-start>
<allocation-taxation id="1081" taxation-threshold="26214400" timestamp="2019-06-16T00:08:04.082" intervalms="106.110" />
<cycle-start id="1082" type="partial gc" contextid="0" timestamp="2019-06-16T00:08:04.082" intervalms="106.072" />
<gc-start id="1083" type="partial gc" contextid="1082" timestamp="2019-06-16T00:08:04.082">
  <mem-info id="1084" free="20971520" total="78643200" percent="26">
    <mem type="eden" free="0" total="26214400" percent="0" />
    <remembered-set count="46400" freebytes="2953600" totalbytes="3139200" percent="94" regionsoverflowed="0" regionsstable="0" regionsrebuilding="0"/>
  </mem-info>
</gc-start>
<allocation-stats totalBytes="26194800" >
  <allocated-bytes non-tlh="9080" tlh="26185720" arrayletleaf="0"/>
  <largest-consumer threadName="PmdThread 2" threadId="00000000011E3800" bytes="8834104" />
</allocation-stats>
<gc-op id="1085" type="copy forward" timems="8.538" contextid="1082" timestamp="2019-06-16T00:08:04.091">
  <memory-copied type="eden" objects="28347" bytes="1529176" bytesdiscarded="0" />
  <memory-copied type="other" objects="27516" bytes="1116256" bytesdiscarded="8" />
  <memory-cardclean objects="15558" bytes="838296" />
  <regions eden="25" other="3" />
  <remembered-set-cleared processed="41738" cleared="4490" durationms="0.416" />
  <references type="weak" candidates="865" cleared="0" enqueued="0" />
  <references type="phantom" candidates="101" cleared="0" enqueued="0" />
  <stringconstants candidates="5119" cleared="0"  />
</gc-op>
<gc-op id="1086" type="classunload" timems="0.003" contextid="1082" timestamp="2019-06-16T00:08:04.091">
  <classunload-info classloadercandidates="10" classloadersunloaded="0" classesunloaded="0" anonymousclassesunloaded="0" quiescems="0.000" setupms="0.003" scanms="0.000" postms="0.000" />
</gc-op>
<heap-resize id="1087" type="expand" space="default" amount="5242880" count="1" timems="0.089" reason="excessive time being spent in gc" timestamp="2019-06-16T00:08:04.092" />
<gc-end id="1088" type="partial gc" contextid="1082" durationms="9.758" usertimems="20.000" systemtimems="0.000" timestamp="2019-06-16T00:08:04.092" activeThreads="1">
  <mem-info id="1089" free="50331648" total="83886080" percent="60">
    <mem type="eden" free="561384" total="2097152" percent="26" />
    <remembered-set count="50592" freebytes="3146112" totalbytes="3348480" percent="93" regionsoverflowed="0" regionsstable="0" regionsrebuilding="0"/>
  </mem-info>
</gc-end>
<cycle-end id="1090" type="partial gc" contextid="1082" timestamp="2019-06-16T00:08:04.092" />
  <attribute name="elasticGC enabled" value="1" />
  <attribute name= "numThreadsSpecified" value="1" />
  <attribute name="heapSize specified" value="0" />
  <attribute name="Current GC Util" value="61" />
  <attribute name= "Current Time Running" value="4033" />
  <attribute name ="GC Interval" value="0" />
  <attribute name="ProportionalT" value="61.500000" />
  <attribute name="ProportionalI" value="61.500000" />
  <attribute name="ProportionalH" value="61.500000" />
  <attribute name="Current Error" value="41.000000" />
  <attribute name="IntegralT" value="0.000000" />
  <attribute name="IntegralI" value="0.000000" />
  <attribute name="IntegralH" value="0.000000" />
  <attribute name="DerivativeT" value="inf" />
  <attribute name="DerivativeI" value="inf" />
  <attribute name="DerivativeH" value="inf" />
  <attribute name="Loop Time for DT" value="0.000000" />
  <attribute name="Output H" value="8388608"/>
  <attribute name="Output I" value="200"/>
  <attribute name="Output T" value="1"/>
  <attribute name="Target GC Util Change" value ="20.000000" />
  <attribute name="Current GC Util Change" value="61.000000"/>
  <attribute name="GC Util currently" value="61" />
  <attribute name="CPU Util currently" value="19428505244483" />
<exclusive-end id="1091" timestamp="2019-06-16T00:08:04.092" durationms="10.608" />

<exclusive-start id="1092" timestamp="2019-06-16T00:08:04.138" intervalms="56.390">
  <response-info timems="0.210" idlems="0.188" threads="1" lastid="00000000011E3800" lastname="PmdThread 2" />
</exclusive-start>
<allocation-taxation id="1093" taxation-threshold="27262976" timestamp="2019-06-16T00:08:04.138" intervalms="56.369" />
<cycle-start id="1094" type="partial gc" contextid="0" timestamp="2019-06-16T00:08:04.138" intervalms="56.370" />
<gc-start id="1095" type="partial gc" contextid="1094" timestamp="2019-06-16T00:08:04.138">
  <mem-info id="1096" free="23068672" total="83886080" percent="27">
    <mem type="eden" free="0" total="27262976" percent="0" />
    <remembered-set count="50528" freebytes="3146368" totalbytes="3348480" percent="93" regionsoverflowed="0" regionsstable="0" regionsrebuilding="0"/>
  </mem-info>
</gc-start>
<allocation-stats totalBytes="27237256" >
  <allocated-bytes non-tlh="712" tlh="27236544" arrayletleaf="0"/>
  <largest-consumer threadName="PmdThread 1" threadId="00000000011DFC00" bytes="11914736" />
</allocation-stats>
<gc-op id="1097" type="copy forward" timems="11.231" contextid="1094" timestamp="2019-06-16T00:08:04.150">
  <memory-copied type="eden" objects="52377" bytes="2207040" bytesdiscarded="48" />
  <memory-copied type="other" objects="19900" bytes="909392" bytesdiscarded="0" />
  <memory-cardclean objects="22559" bytes="1251768" />
  <regions eden="26" other="3" />
  <remembered-set-cleared processed="45217" cleared="6828" durationms="0.445" />
  <references type="soft" candidates="11" cleared="0" enqueued="0" dynamicThreshold="19" maxThreshold="32" />
  <references type="weak" candidates="958" cleared="0" enqueued="0" />
  <references type="phantom" candidates="69" cleared="0" enqueued="0" />
  <stringconstants candidates="5124" cleared="0"  />
</gc-op>
<gc-op id="1098" type="classunload" timems="0.002" contextid="1094" timestamp="2019-06-16T00:08:04.150">
  <classunload-info classloadercandidates="10" classloadersunloaded="0" classesunloaded="0" anonymousclassesunloaded="0" quiescems="0.000" setupms="0.002" scanms="0.000" postms="0.000" />
</gc-op>
<heap-resize id="1099" type="expand" space="default" amount="5242880" count="1" timems="0.091" reason="excessive time being spent in gc" timestamp="2019-06-16T00:08:04.151" />
<gc-end id="1100" type="partial gc" contextid="1094" durationms="12.403" usertimems="16.000" systemtimems="0.000" timestamp="2019-06-16T00:08:04.151" activeThreads="1">
  <mem-info id="1101" free="53477376" total="89128960" percent="60">
    <mem type="eden" free="928536" total="3145728" percent="29" />
    <remembered-set count="59648" freebytes="3319168" totalbytes="3557760" percent="93" regionsoverflowed="0" regionsstable="0" regionsrebuilding="0"/>
  </mem-info>
</gc-end>
<cycle-end id="1102" type="partial gc" contextid="1094" timestamp="2019-06-16T00:08:04.151" />
  <attribute name="elasticGC enabled" value="1" />
  <attribute name= "numThreadsSpecified" value="1" />
  <attribute name="heapSize specified" value="0" />
  <attribute name="Current GC Util" value="59" />
  <attribute name= "Current Time Running" value="4089" />
  <attribute name ="GC Interval" value="0" />
  <attribute name="ProportionalT" value="58.500000" />
  <attribute name="ProportionalI" value="58.500000" />
  <attribute name="ProportionalH" value="58.500000" />
  <attribute name="Current Error" value="39.000000" />
  <attribute name="IntegralT" value="0.000000" />
  <attribute name="IntegralI" value="0.000000" />
  <attribute name="IntegralH" value="0.000000" />
  <attribute name="DerivativeT" value="inf" />
  <attribute name="DerivativeI" value="inf" />
  <attribute name="DerivativeH" value="inf" />
  <attribute name="Loop Time for DT" value="0.000000" />
  <attribute name="Output H" value="8388608"/>
  <attribute name="Output I" value="200"/>
  <attribute name="Output T" value="1"/>
  <attribute name="Target GC Util Change" value ="20.000000" />
  <attribute name="Current GC Util Change" value="59.000000"/>
  <attribute name="GC Util currently" value="59" />
  <attribute name="CPU Util currently" value="18816142526560" />
<exclusive-end id="1103" timestamp="2019-06-16T00:08:04.151" durationms="13.167" />

<exclusive-start id="1104" timestamp="2019-06-16T00:08:04.229" intervalms="91.282">
  <response-info timems="0.076" idlems="0.076" threads="0" lastid="00000000011E3800" lastname="PmdThread 2" />
</exclusive-start>
<allocation-taxation id="1105" taxation-threshold="28311552" timestamp="2019-06-16T00:08:04.229" intervalms="91.288" />
<cycle-start id="1106" type="partial gc" contextid="0" timestamp="2019-06-16T00:08:04.229" intervalms="91.290" />
<gc-start id="1107" type="partial gc" contextid="1106" timestamp="2019-06-16T00:08:04.230">
  <mem-info id="1108" free="25165824" total="89128960" percent="28">
    <mem type="eden" free="0" total="28311552" percent="0" />
    <remembered-set count="59392" freebytes="3320192" totalbytes="3557760" percent="93" regionsoverflowed="0" regionsstable="0" regionsrebuilding="0"/>
  </mem-info>
</gc-start>
<allocation-stats totalBytes="28295344" >
  <allocated-bytes non-tlh="3688" tlh="28291656" arrayletleaf="0"/>
  <largest-consumer threadName="PmdThread 1" threadId="00000000011DFC00" bytes="10230288" />
</allocation-stats>
<gc-op id="1109" type="copy forward" timems="5.032" contextid="1106" timestamp="2019-06-16T00:08:04.235">
  <memory-copied type="eden" objects="21889" bytes="1256072" bytesdiscarded="135480" />
  <memory-copied type="other" objects="41919" bytes="1630960" bytesdiscarded="45232" />
  <memory-cardclean objects="32021" bytes="1840304" />
  <regions eden="27" other="5" />
  <remembered-set-cleared processed="50895" cleared="14366" durationms="0.225" />
  <finalization candidates="5" enqueued="0" />
  <references type="soft" candidates="33" cleared="0" enqueued="0" dynamicThreshold="19" maxThreshold="32" />
  <references type="weak" candidates="849" cleared="0" enqueued="0" />
  <references type="phantom" candidates="59" cleared="0" enqueued="0" />
  <stringconstants candidates="5146" cleared="0"  />
</gc-op>
<gc-op id="1110" type="classunload" timems="0.003" contextid="1106" timestamp="2019-06-16T00:08:04.235">
  <classunload-info classloadercandidates="10" classloadersunloaded="0" classesunloaded="0" anonymousclassesunloaded="0" quiescems="0.000" setupms="0.002" scanms="0.000" postms="0.000" />
</gc-op>
<gc-end id="1111" type="partial gc" contextid="1106" durationms="6.080" usertimems="16.000" systemtimems="0.000" timestamp="2019-06-16T00:08:04.236" activeThreads="4">
  <mem-info id="1112" free="53477376" total="89128960" percent="60">
    <mem type="eden" free="699624" total="2097152" percent="33" />
    <remembered-set count="59552" freebytes="3319552" totalbytes="3557760" percent="93" regionsoverflowed="0" regionsstable="0" regionsrebuilding="0"/>
  </mem-info>
</gc-end>
<cycle-end id="1113" type="partial gc" contextid="1106" timestamp="2019-06-16T00:08:04.236" />
  <attribute name="elasticGC enabled" value="1" />
  <attribute name= "numThreadsSpecified" value="4" />
  <attribute name="heapSize specified" value="0" />
  <attribute name="Current GC Util" value="65" />
  <attribute name= "Current Time Running" value="4181" />
  <attribute name ="GC Interval" value="0" />
  <attribute name="ProportionalT" value="67.500000" />
  <attribute name="ProportionalI" value="67.500000" />
  <attribute name="ProportionalH" value="67.500000" />
  <attribute name="Current Error" value="45.000000" />
  <attribute name="IntegralT" value="45.000000" />
  <attribute name="IntegralI" value="45.000000" />
  <attribute name="IntegralH" value="45.000000" />
  <attribute name="DerivativeT" value="22.500000" />
  <attribute name="DerivativeI" value="22.500000" />
  <attribute name="DerivativeH" value="22.500000" />
  <attribute name="Loop Time for DT" value="1.000000" />
  <attribute name="Output H" value="8388608"/>
  <attribute name="Output I" value="200"/>
  <attribute name="Output T" value="4"/>
  <attribute name="Target GC Util Change" value ="20.000000" />
  <attribute name="Current GC Util Change" value="65.000000"/>
  <attribute name="GC Util currently" value="65" />
  <attribute name="CPU Util currently" value="18531916704396" />
<exclusive-end id="1114" timestamp="2019-06-16T00:08:04.236" durationms="7.089" />

<exclusive-start id="1115" timestamp="2019-06-16T00:08:04.319" intervalms="89.849">
  <response-info timems="0.068" idlems="0.037" threads="1" lastid="00000000011EB400" lastname="PmdThread 3" />
</exclusive-start>
<allocation-taxation id="1116" taxation-threshold="28311552" timestamp="2019-06-16T00:08:04.319" intervalms="89.876" />
<cycle-start id="1117" type="partial gc" contextid="0" timestamp="2019-06-16T00:08:04.319" intervalms="89.896" />
<gc-start id="1118" type="partial gc" contextid="1117" timestamp="2019-06-16T00:08:04.319">
  <mem-info id="1119" free="25165824" total="89128960" percent="28">
    <mem type="eden" free="0" total="28311552" percent="0" />
    <remembered-set count="59264" freebytes="3320704" totalbytes="3557760" percent="93" regionsoverflowed="0" regionsstable="0" regionsrebuilding="0"/>
  </mem-info>
</gc-start>
<allocation-stats totalBytes="28294112" >
  <allocated-bytes non-tlh="4560" tlh="28289552" arrayletleaf="0"/>
  <largest-consumer threadName="PmdThread 1" threadId="00000000011DFC00" bytes="9507200" />
</allocation-stats>
<gc-op id="1120" type="copy forward" timems="8.799" contextid="1117" timestamp="2019-06-16T00:08:04.329">
  <memory-copied type="eden" objects="26890" bytes="1413800" bytesdiscarded="0" />
  <memory-copied type="other" objects="16380" bytes="598424" bytesdiscarded="0" />
  <memory-cardclean objects="50529" bytes="2736960" />
  <regions eden="27" other="4" />
  <remembered-set-cleared processed="52607" cleared="15177" durationms="0.556" />
  <finalization candidates="6" enqueued="0" />
  <ownableSynchronizers candidates="7" cleared="0" />
  <references type="soft" candidates="1" cleared="0" enqueued="0" dynamicThreshold="19" maxThreshold="32" />
  <references type="weak" candidates="760" cleared="0" enqueued="0" />
  <references type="phantom" candidates="84" cleared="0" enqueued="0" />
  <stringconstants candidates="5171" cleared="0"  />
</gc-op>
<gc-op id="1121" type="classunload" timems="0.002" contextid="1117" timestamp="2019-06-16T00:08:04.329">
  <classunload-info classloadercandidates="10" classloadersunloaded="0" classesunloaded="0" anonymousclassesunloaded="0" quiescems="0.000" setupms="0.002" scanms="0.000" postms="0.000" />
</gc-op>
<gc-end id="1122" type="partial gc" contextid="1117" durationms="9.627" usertimems="12.000" systemtimems="0.000" timestamp="2019-06-16T00:08:04.329" activeThreads="1">
  <mem-info id="1123" free="52428800" total="89128960" percent="58">
    <mem type="eden" free="676992" total="2097152" percent="32" />
    <remembered-set count="62944" freebytes="3305984" totalbytes="3557760" percent="92" regionsoverflowed="0" regionsstable="0" regionsrebuilding="0"/>
  </mem-info>
</gc-end>
<cycle-end id="1124" type="partial gc" contextid="1117" timestamp="2019-06-16T00:08:04.329" />
  <attribute name="elasticGC enabled" value="1" />
  <attribute name= "numThreadsSpecified" value="1" />
  <attribute name="heapSize specified" value="0" />
  <attribute name="Current GC Util" value="66" />
  <attribute name= "Current Time Running" value="4270" />
  <attribute name ="GC Interval" value="0" />
  <attribute name="ProportionalT" value="69.000000" />
  <attribute name="ProportionalI" value="69.000000" />
  <attribute name="ProportionalH" value="69.000000" />
  <attribute name="Current Error" value="46.000000" />
  <attribute name="IntegralT" value="0.000000" />
  <attribute name="IntegralI" value="0.000000" />
  <attribute name="IntegralH" value="0.000000" />
  <attribute name="DerivativeT" value="inf" />
  <attribute name="DerivativeI" value="inf" />
  <attribute name="DerivativeH" value="inf" />
  <attribute name="Loop Time for DT" value="0.000000" />
  <attribute name="Output H" value="8388608"/>
  <attribute name="Output I" value="200"/>
  <attribute name="Output T" value="1"/>
  <attribute name="Target GC Util Change" value ="20.000000" />
  <attribute name="Current GC Util Change" value="66.000000"/>
  <attribute name="GC Util currently" value="66" />
  <attribute name="CPU Util currently" value="19873588148629" />
<exclusive-end id="1125" timestamp="2019-06-16T00:08:04.329" durationms="10.366" />

<exclusive-start id="1126" timestamp="2019-06-16T00:08:04.446" intervalms="126.831">
  <response-info timems="0.051" idlems="0.051" threads="0" lastid="00000000011DFC00" lastname="PmdThread 1" />
</exclusive-start>
<allocation-taxation id="1127" taxation-threshold="28311552" timestamp="2019-06-16T00:08:04.446" intervalms="126.812" />
<cycle-start id="1128" type="partial gc" contextid="0" timestamp="2019-06-16T00:08:04.446" intervalms="126.787" />
<gc-start id="1129" type="partial gc" contextid="1128" timestamp="2019-06-16T00:08:04.446">
  <mem-info id="1130" free="24117248" total="89128960" percent="27">
    <mem type="eden" free="0" total="28311552" percent="0" />
    <remembered-set count="62752" freebytes="3306752" totalbytes="3557760" percent="92" regionsoverflowed="0" regionsstable="0" regionsrebuilding="0"/>
  </mem-info>
</gc-start>
<allocation-stats totalBytes="28285952" >
  <allocated-bytes non-tlh="5424" tlh="28280528" arrayletleaf="0"/>
  <largest-consumer threadName="PmdThread 1" threadId="00000000011DFC00" bytes="10794392" />
</allocation-stats>
<gc-op id="1131" type="copy forward" timems="7.886" contextid="1128" timestamp="2019-06-16T00:08:04.455">
  <memory-copied type="eden" objects="17038" bytes="1254440" bytesdiscarded="24" />
  <memory-copied type="other" objects="27836" bytes="1179336" bytesdiscarded="0" />
  <memory-cardclean objects="30764" bytes="1530392" />
  <regions eden="27" other="4" />
  <remembered-set-cleared processed="57511" cleared="9896" durationms="0.537" />
  <references type="soft" candidates="111" cleared="0" enqueued="0" dynamicThreshold="18" maxThreshold="32" />
  <references type="weak" candidates="388" cleared="0" enqueued="0" />
  <references type="phantom" candidates="131" cleared="0" enqueued="0" />
  <stringconstants candidates="5198" cleared="0"  />
</gc-op>
<gc-op id="1132" type="classunload" timems="0.002" contextid="1128" timestamp="2019-06-16T00:08:04.455">
  <classunload-info classloadercandidates="10" classloadersunloaded="0" classesunloaded="0" anonymousclassesunloaded="0" quiescems="0.000" setupms="0.002" scanms="0.000" postms="0.000" />
</gc-op>
<gc-end id="1133" type="partial gc" contextid="1128" durationms="8.683" usertimems="8.000" systemtimems="0.000" timestamp="2019-06-16T00:08:04.455" activeThreads="1">
  <mem-info id="1134" free="51380224" total="89128960" percent="57">
    <mem type="eden" free="836560" total="2097152" percent="39" />
    <remembered-set count="65280" freebytes="3296640" totalbytes="3557760" percent="92" regionsoverflowed="0" regionsstable="0" regionsrebuilding="0"/>
  </mem-info>
</gc-end>
<cycle-end id="1135" type="partial gc" contextid="1128" timestamp="2019-06-16T00:08:04.455" />
  <attribute name="elasticGC enabled" value="1" />
  <attribute name= "numThreadsSpecified" value="1" />
  <attribute name="heapSize specified" value="0" />
  <attribute name="Current GC Util" value="65" />
  <attribute name= "Current Time Running" value="4397" />
  <attribute name ="GC Interval" value="0" />
  <attribute name="ProportionalT" value="67.500000" />
  <attribute name="ProportionalI" value="67.500000" />
  <attribute name="ProportionalH" value="67.500000" />
  <attribute name="Current Error" value="45.000000" />
  <attribute name="IntegralT" value="0.000000" />
  <attribute name="IntegralI" value="0.000000" />
  <attribute name="IntegralH" value="0.000000" />
  <attribute name="DerivativeT" value="inf" />
  <attribute name="DerivativeI" value="inf" />
  <attribute name="DerivativeH" value="inf" />
  <attribute name="Loop Time for DT" value="0.000000" />
  <attribute name="Output H" value="8388608"/>
  <attribute name="Output I" value="200"/>
  <attribute name="Output T" value="1"/>
  <attribute name="Target GC Util Change" value ="20.000000" />
  <attribute name="Current GC Util Change" value="65.000000"/>
  <attribute name="GC Util currently" value="65" />
  <attribute name="CPU Util currently" value="20742806781135" />
<exclusive-end id="1136" timestamp="2019-06-16T00:08:04.455" durationms="9.562" />

<exclusive-start id="1137" timestamp="2019-06-16T00:08:04.493" intervalms="47.066">
  <response-info timems="0.091" idlems="0.091" threads="0" lastid="00000000011EF000" lastname="PmdThread 4" />
</exclusive-start>
<allocation-taxation id="1138" taxation-threshold="28311552" timestamp="2019-06-16T00:08:04.493" intervalms="47.117" />
<cycle-start id="1139" type="partial gc" contextid="0" timestamp="2019-06-16T00:08:04.493" intervalms="47.134" />
<gc-start id="1140" type="partial gc" contextid="1139" timestamp="2019-06-16T00:08:04.493">
  <mem-info id="1141" free="23068672" total="89128960" percent="25">
    <mem type="eden" free="0" total="28311552" percent="0" />
    <remembered-set count="65280" freebytes="3296640" totalbytes="3557760" percent="92" regionsoverflowed="0" regionsstable="0" regionsrebuilding="0"/>
  </mem-info>
</gc-start>
<allocation-stats totalBytes="28307512" >
  <allocated-bytes non-tlh="1416" tlh="28306096" arrayletleaf="0"/>
  <largest-consumer threadName="PmdThread 1" threadId="00000000011DFC00" bytes="18854344" />
</allocation-stats>
<gc-op id="1142" type="copy forward" timems="12.131" contextid="1139" timestamp="2019-06-16T00:08:04.506">
  <memory-copied type="eden" objects="51497" bytes="2325496" bytesdiscarded="40" />
  <memory-copied type="other" objects="46902" bytes="2092248" bytesdiscarded="320" />
  <memory-cardclean objects="7911" bytes="358040" />
  <regions eden="27" other="4" />
  <remembered-set-cleared processed="60211" cleared="10108" durationms="0.508" />
  <references type="soft" candidates="5" cleared="0" enqueued="0" dynamicThreshold="18" maxThreshold="32" />
  <references type="weak" candidates="232" cleared="0" enqueued="0" />
  <references type="phantom" candidates="128" cleared="0" enqueued="0" />
  <stringconstants candidates="5205" cleared="0"  />
</gc-op>
<gc-op id="1143" type="classunload" timems="0.003" contextid="1139" timestamp="2019-06-16T00:08:04.506">
  <classunload-info classloadercandidates="10" classloadersunloaded="0" classesunloaded="0" anonymousclassesunloaded="0" quiescems="0.000" setupms="0.003" scanms="0.000" postms="0.000" />
</gc-op>
<gc-end id="1144" type="partial gc" contextid="1139" durationms="13.073" usertimems="12.000" systemtimems="0.000" timestamp="2019-06-16T00:08:04.506" activeThreads="1">
  <mem-info id="1145" free="49283072" total="89128960" percent="55">
    <mem type="eden" free="816088" total="3145728" percent="25" />
    <remembered-set count="66816" freebytes="3290496" totalbytes="3557760" percent="92" regionsoverflowed="0" regionsstable="0" regionsrebuilding="0"/>
  </mem-info>
</gc-end>
<cycle-end id="1146" type="partial gc" contextid="1139" timestamp="2019-06-16T00:08:04.507" />
  <attribute name="elasticGC enabled" value="1" />
  <attribute name= "numThreadsSpecified" value="1" />
  <attribute name="heapSize specified" value="0" />
  <attribute name="Current GC Util" value="64" />
  <attribute name= "Current Time Running" value="4444" />
  <attribute name ="GC Interval" value="0" />
  <attribute name="ProportionalT" value="66.000000" />
  <attribute name="ProportionalI" value="66.000000" />
  <attribute name="ProportionalH" value="66.000000" />
  <attribute name="Current Error" value="44.000000" />
  <attribute name="IntegralT" value="0.000000" />
  <attribute name="IntegralI" value="0.000000" />
  <attribute name="IntegralH" value="0.000000" />
  <attribute name="DerivativeT" value="inf" />
  <attribute name="DerivativeI" value="inf" />
  <attribute name="DerivativeH" value="inf" />
  <attribute name="Loop Time for DT" value="0.000000" />
  <attribute name="Output H" value="8388608"/>
  <attribute name="Output I" value="200"/>
  <attribute name="Output T" value="1"/>
  <attribute name="Target GC Util Change" value ="20.000000" />
  <attribute name="Current GC Util Change" value="64.000000"/>
  <attribute name="GC Util currently" value="64" />
  <attribute name="CPU Util currently" value="21104569015552" />
<exclusive-end id="1147" timestamp="2019-06-16T00:08:04.507" durationms="13.925" />

<exclusive-start id="1148" timestamp="2019-06-16T00:08:04.565" intervalms="72.198">
  <response-info timems="0.071" idlems="0.071" threads="0" lastid="00000000011EF000" lastname="PmdThread 4" />
</exclusive-start>
<allocation-taxation id="1149" taxation-threshold="28311552" timestamp="2019-06-16T00:08:04.565" intervalms="72.172" />
<cycle-start id="1150" type="partial gc" contextid="0" timestamp="2019-06-16T00:08:04.565" intervalms="72.183" />
<gc-start id="1151" type="partial gc" contextid="1150" timestamp="2019-06-16T00:08:04.566">
  <mem-info id="1152" free="20971520" total="89128960" percent="23">
    <mem type="eden" free="0" total="28311552" percent="0" />
    <remembered-set count="66624" freebytes="3291264" totalbytes="3557760" percent="92" regionsoverflowed="0" regionsstable="0" regionsrebuilding="0"/>
  </mem-info>
</gc-start>
<allocation-stats totalBytes="28298680" >
  <allocated-bytes non-tlh="856" tlh="28297824" arrayletleaf="0"/>
  <largest-consumer threadName="PmdThread 4" threadId="00000000011EF000" bytes="10975144" />
</allocation-stats>
<gc-op id="1153" type="copy forward" timems="9.760" contextid="1150" timestamp="2019-06-16T00:08:04.576">
  <memory-copied type="eden" objects="78982" bytes="3319496" bytesdiscarded="214120" />
  <memory-copied type="other" objects="99606" bytes="4036304" bytesdiscarded="164864" />
  <memory-cardclean objects="6362" bytes="322840" />
  <regions eden="27" other="5" />
  <remembered-set-cleared processed="60329" cleared="11140" durationms="0.230" />
  <references type="weak" candidates="371" cleared="0" enqueued="0" />
  <references type="phantom" candidates="50" cleared="0" enqueued="0" />
  <stringconstants candidates="5209" cleared="0"  />
</gc-op>
<gc-op id="1154" type="classunload" timems="0.003" contextid="1150" timestamp="2019-06-16T00:08:04.576">
  <classunload-info classloadercandidates="10" classloadersunloaded="0" classesunloaded="0" anonymousclassesunloaded="0" quiescems="0.000" setupms="0.003" scanms="0.000" postms="0.000" />
</gc-op>
<heap-resize id="1155" type="expand" space="default" amount="15728640" count="1" timems="0.144" reason="excessive time being spent in gc" timestamp="2019-06-16T00:08:04.576" />
<gc-end id="1156" type="partial gc" contextid="1150" durationms="11.122" usertimems="28.000" systemtimems="0.000" timestamp="2019-06-16T00:08:04.577" activeThreads="4">
  <mem-info id="1157" free="61865984" total="104857600" percent="59">
    <mem type="eden" free="655584" total="4194304" percent="15" />
    <remembered-set count="76640" freebytes="3879040" totalbytes="4185600" percent="92" regionsoverflowed="0" regionsstable="0" regionsrebuilding="0"/>
  </mem-info>
</gc-end>
<cycle-end id="1158" type="partial gc" contextid="1150" timestamp="2019-06-16T00:08:04.577" />
  <attribute name="elasticGC enabled" value="1" />
  <attribute name= "numThreadsSpecified" value="4" />
  <attribute name="heapSize specified" value="0" />
  <attribute name="Current GC Util" value="62" />
  <attribute name= "Current Time Running" value="4517" />
  <attribute name ="GC Interval" value="0" />
  <attribute name="ProportionalT" value="63.000000" />
  <attribute name="ProportionalI" value="63.000000" />
  <attribute name="ProportionalH" value="63.000000" />
  <attribute name="Current Error" value="42.000000" />
  <attribute name="IntegralT" value="42.000000" />
  <attribute name="IntegralI" value="42.000000" />
  <attribute name="IntegralH" value="42.000000" />
  <attribute name="DerivativeT" value="21.000000" />
  <attribute name="DerivativeI" value="21.000000" />
  <attribute name="DerivativeH" value="21.000000" />
  <attribute name="Loop Time for DT" value="1.000000" />
  <attribute name="Output H" value="8388608"/>
  <attribute name="Output I" value="200"/>
  <attribute name="Output T" value="4"/>
  <attribute name="Target GC Util Change" value ="20.000000" />
  <attribute name="Current GC Util Change" value="62.000000"/>
  <attribute name="GC Util currently" value="62" />
  <attribute name="CPU Util currently" value="19530532309612" />
<exclusive-end id="1159" timestamp="2019-06-16T00:08:04.577" durationms="12.067" />

<exclusive-start id="1160" timestamp="2019-06-16T00:08:04.636" intervalms="71.417">
  <response-info timems="0.071" idlems="0.071" threads="0" lastid="00000000011EB400" lastname="PmdThread 3" />
</exclusive-start>
<allocation-taxation id="1161" taxation-threshold="32505856" timestamp="2019-06-16T00:08:04.637" intervalms="71.377" />
<cycle-start id="1162" type="partial gc" contextid="0" timestamp="2019-06-16T00:08:04.637" intervalms="71.337" />
<gc-start id="1163" type="partial gc" contextid="1162" timestamp="2019-06-16T00:08:04.637">
  <mem-info id="1164" free="29360128" total="104857600" percent="28">
    <mem type="eden" free="0" total="32505856" percent="0" />
    <remembered-set count="76352" freebytes="3880192" totalbytes="4185600" percent="92" regionsoverflowed="0" regionsstable="0" regionsrebuilding="0"/>
  </mem-info>
</gc-start>
<allocation-stats totalBytes="32473832" >
  <allocated-bytes non-tlh="4000" tlh="32469832" arrayletleaf="0"/>
  <largest-consumer threadName="PmdThread 4" threadId="00000000011EF000" bytes="11530640" />
</allocation-stats>
<gc-op id="1165" type="copy forward" timems="21.945" contextid="1162" timestamp="2019-06-16T00:08:04.659">
  <memory-copied type="eden" objects="15494" bytes="1192400" bytesdiscarded="0" />
  <memory-copied type="other" objects="147604" bytes="5463992" bytesdiscarded="1320" />
  <memory-cardclean objects="66574" bytes="3386624" />
  <regions eden="31" other="7" />
  <remembered-set-cleared processed="62919" cleared="29677" durationms="0.620" />
  <references type="weak" candidates="899" cleared="0" enqueued="0" />
  <references type="phantom" candidates="136" cleared="0" enqueued="0" />
  <stringconstants candidates="5230" cleared="0"  />
</gc-op>
<gc-op id="1166" type="classunload" timems="0.004" contextid="1162" timestamp="2019-06-16T00:08:04.660">
  <classunload-info classloadercandidates="10" classloadersunloaded="0" classesunloaded="0" anonymousclassesunloaded="0" quiescems="0.000" setupms="0.003" scanms="0.000" postms="0.000" />
</gc-op>
<heap-resize id="1167" type="expand" space="default" amount="5242880" count="1" timems="0.085" reason="excessive time being spent in gc" timestamp="2019-06-16T00:08:04.660" />
<gc-end id="1168" type="partial gc" contextid="1162" durationms="23.227" usertimems="20.000" systemtimems="4.000" timestamp="2019-06-16T00:08:04.660" activeThreads="1">
  <mem-info id="1169" free="66060288" total="110100480" percent="60">
    <mem type="eden" free="900960" total="2097152" percent="42" />
    <remembered-set count="85664" freebytes="4052224" totalbytes="4394880" percent="92" regionsoverflowed="0" regionsstable="0" regionsrebuilding="0"/>
  </mem-info>
</gc-end>
<cycle-end id="1170" type="partial gc" contextid="1162" timestamp="2019-06-16T00:08:04.660" />
  <attribute name="elasticGC enabled" value="1" />
  <attribute name= "numThreadsSpecified" value="1" />
  <attribute name="heapSize specified" value="0" />
  <attribute name="Current GC Util" value="76" />
  <attribute name= "Current Time Running" value="4588" />
  <attribute name ="GC Interval" value="0" />
  <attribute name="ProportionalT" value="84.000000" />
  <attribute name="ProportionalI" value="84.000000" />
  <attribute name="ProportionalH" value="84.000000" />
  <attribute name="Current Error" value="56.000000" />
  <attribute name="IntegralT" value="0.000000" />
  <attribute name="IntegralI" value="0.000000" />
  <attribute name="IntegralH" value="0.000000" />
  <attribute name="DerivativeT" value="inf" />
  <attribute name="DerivativeI" value="inf" />
  <attribute name="DerivativeH" value="inf" />
  <attribute name="Loop Time for DT" value="0.000000" />
  <attribute name="Output H" value="8388608"/>
  <attribute name="Output I" value="200"/>
  <attribute name="Output T" value="1"/>
  <attribute name="Target GC Util Change" value ="20.000000" />
  <attribute name="Current GC Util Change" value="76.000000"/>
  <attribute name="GC Util currently" value="76" />
  <attribute name="CPU Util currently" value="17913077599992" />
<exclusive-end id="1171" timestamp="2019-06-16T00:08:04.661" durationms="24.051" />

<exclusive-start id="1172" timestamp="2019-06-16T00:08:04.714" intervalms="77.647">
  <response-info timems="0.034" idlems="0.034" threads="0" lastid="00000000011E3800" lastname="PmdThread 2" />
</exclusive-start>
<allocation-taxation id="1173" taxation-threshold="33554432" timestamp="2019-06-16T00:08:04.714" intervalms="77.647" />
<cycle-start id="1174" type="partial gc" contextid="0" timestamp="2019-06-16T00:08:04.714" intervalms="77.655" />
<gc-start id="1175" type="partial gc" contextid="1174" timestamp="2019-06-16T00:08:04.715">
  <mem-info id="1176" free="32505856" total="110100480" percent="29">
    <mem type="eden" free="0" total="33554432" percent="0" />
    <remembered-set count="85632" freebytes="4052352" totalbytes="4394880" percent="92" regionsoverflowed="0" regionsstable="0" regionsrebuilding="0"/>
  </mem-info>
</gc-start>
<allocation-stats totalBytes="33541960" >
  <allocated-bytes non-tlh="10592" tlh="33531368" arrayletleaf="0"/>
  <largest-consumer threadName="PmdThread 4" threadId="00000000011EF000" bytes="11904640" />
</allocation-stats>
<gc-op id="1177" type="copy forward" timems="7.037" contextid="1174" timestamp="2019-06-16T00:08:04.722">
  <memory-copied type="eden" objects="24467" bytes="1572296" bytesdiscarded="84912" />
  <memory-copied type="other" objects="63554" bytes="2726440" bytesdiscarded="188552" />
  <memory-cardclean objects="44961" bytes="2376000" />
  <regions eden="32" other="5" />
  <remembered-set-cleared processed="68936" cleared="13546" durationms="0.256" />
  <references type="soft" candidates="1" cleared="0" enqueued="0" dynamicThreshold="19" maxThreshold="32" />
  <references type="weak" candidates="738" cleared="0" enqueued="0" />
  <references type="phantom" candidates="241" cleared="0" enqueued="0" />
  <stringconstants candidates="5282" cleared="0"  />
</gc-op>
<gc-op id="1178" type="classunload" timems="0.003" contextid="1174" timestamp="2019-06-16T00:08:04.722">
  <classunload-info classloadercandidates="10" classloadersunloaded="0" classesunloaded="0" anonymousclassesunloaded="0" quiescems="0.000" setupms="0.002" scanms="0.000" postms="0.000" />
</gc-op>
<heap-resize id="1179" type="expand" space="default" amount="3145728" count="1" timems="0.076" reason="excessive time being spent in gc" timestamp="2019-06-16T00:08:04.723" />
<gc-end id="1180" type="partial gc" contextid="1174" durationms="8.268" usertimems="20.000" systemtimems="0.000" timestamp="2019-06-16T00:08:04.723" activeThreads="4">
  <mem-info id="1181" free="68157440" total="113246208" percent="60">
    <mem type="eden" free="430920" total="2097152" percent="20" />
    <remembered-set count="82592" freebytes="4190080" totalbytes="4520448" percent="92" regionsoverflowed="0" regionsstable="0" regionsrebuilding="0"/>
  </mem-info>
</gc-end>
<cycle-end id="1182" type="partial gc" contextid="1174" timestamp="2019-06-16T00:08:04.723" />
  <attribute name="elasticGC enabled" value="1" />
  <attribute name= "numThreadsSpecified" value="4" />
  <attribute name="heapSize specified" value="0" />
  <attribute name="Current GC Util" value="56" />
  <attribute name= "Current Time Running" value="4666" />
  <attribute name ="GC Interval" value="0" />
  <attribute name="ProportionalT" value="54.000000" />
  <attribute name="ProportionalI" value="54.000000" />
  <attribute name="ProportionalH" value="54.000000" />
  <attribute name="Current Error" value="36.000000" />
  <attribute name="IntegralT" value="36.000000" />
  <attribute name="IntegralI" value="36.000000" />
  <attribute name="IntegralH" value="36.000000" />
  <attribute name="DerivativeT" value="13.500000" />
  <attribute name="DerivativeI" value="13.500000" />
  <attribute name="DerivativeH" value="13.500000" />
  <attribute name="Loop Time for DT" value="1.000000" />
  <attribute name="Output H" value="8388608"/>
  <attribute name="Output I" value="200"/>
  <attribute name="Output T" value="4"/>
  <attribute name="Target GC Util Change" value ="20.000000" />
  <attribute name="Current GC Util Change" value="56.000000"/>
  <attribute name="GC Util currently" value="56" />
  <attribute name="CPU Util currently" value="17299250144918" />
<exclusive-end id="1183" timestamp="2019-06-16T00:08:04.723" durationms="9.052" />

<exclusive-start id="1184" timestamp="2019-06-16T00:08:04.786" intervalms="72.208">
  <response-info timems="0.038" idlems="0.038" threads="0" lastid="00000000011EF000" lastname="PmdThread 4" />
</exclusive-start>
<allocation-taxation id="1185" taxation-threshold="34603008" timestamp="2019-06-16T00:08:04.786" intervalms="72.217" />
<cycle-start id="1186" type="partial gc" contextid="0" timestamp="2019-06-16T00:08:04.787" intervalms="72.229" />
<gc-start id="1187" type="partial gc" contextid="1186" timestamp="2019-06-16T00:08:04.787">
  <mem-info id="1188" free="33554432" total="113246208" percent="29">
    <mem type="eden" free="0" total="34603008" percent="0" />
    <remembered-set count="82592" freebytes="4190080" totalbytes="4520448" percent="92" regionsoverflowed="0" regionsstable="0" regionsrebuilding="0"/>
  </mem-info>
</gc-start>
<allocation-stats totalBytes="34593424" >
  <allocated-bytes non-tlh="8648" tlh="34584776" arrayletleaf="0"/>
  <largest-consumer threadName="PmdThread 2" threadId="00000000011E3800" bytes="10945336" />
</allocation-stats>
<gc-op id="1189" type="copy forward" timems="11.576" contextid="1186" timestamp="2019-06-16T00:08:04.799">
  <memory-copied type="eden" objects="22144" bytes="1480952" bytesdiscarded="0" />
  <memory-copied type="other" objects="64400" bytes="2677784" bytesdiscarded="768" />
  <memory-cardclean objects="13267" bytes="706528" />
  <regions eden="33" other="5" />
  <remembered-set-cleared processed="76996" cleared="14657" durationms="0.688" />
  <references type="soft" candidates="1" cleared="0" enqueued="0" dynamicThreshold="19" maxThreshold="32" />
  <references type="weak" candidates="983" cleared="0" enqueued="0" />
  <references type="phantom" candidates="263" cleared="0" enqueued="0" />
  <stringconstants candidates="5324" cleared="0"  />
</gc-op>
<gc-op id="1190" type="classunload" timems="0.002" contextid="1186" timestamp="2019-06-16T00:08:04.799">
  <classunload-info classloadercandidates="10" classloadersunloaded="0" classesunloaded="0" anonymousclassesunloaded="0" quiescems="0.000" setupms="0.002" scanms="0.000" postms="0.000" />
</gc-op>
<heap-resize id="1191" type="expand" space="default" amount="2097152" count="1" timems="0.070" reason="excessive time being spent in gc" timestamp="2019-06-16T00:08:04.800" />
<gc-end id="1192" type="partial gc" contextid="1186" durationms="12.886" usertimems="12.000" systemtimems="0.000" timestamp="2019-06-16T00:08:04.800" activeThreads="1">
  <mem-info id="1193" free="69206016" total="115343360" percent="60">
    <mem type="eden" free="608992" total="2097152" percent="29" />
    <remembered-set count="83520" freebytes="4270080" totalbytes="4604160" percent="92" regionsoverflowed="0" regionsstable="0" regionsrebuilding="0"/>
  </mem-info>
</gc-end>
<cycle-end id="1194" type="partial gc" contextid="1186" timestamp="2019-06-16T00:08:04.800" />
  <attribute name="elasticGC enabled" value="1" />
  <attribute name= "numThreadsSpecified" value="1" />
  <attribute name="heapSize specified" value="0" />
  <attribute name="Current GC Util" value="49" />
  <attribute name= "Current Time Running" value="4738" />
  <attribute name ="GC Interval" value="0" />
  <attribute name="ProportionalT" value="43.500000" />
  <attribute name="ProportionalI" value="43.500000" />
  <attribute name="ProportionalH" value="43.500000" />
  <attribute name="Current Error" value="29.000000" />
  <attribute name="IntegralT" value="0.000000" />
  <attribute name="IntegralI" value="0.000000" />
  <attribute name="IntegralH" value="0.000000" />
  <attribute name="DerivativeT" value="inf" />
  <attribute name="DerivativeI" value="inf" />
  <attribute name="DerivativeH" value="inf" />
  <attribute name="Loop Time for DT" value="0.000000" />
  <attribute name="Output H" value="8388608"/>
  <attribute name="Output I" value="200"/>
  <attribute name="Output T" value="1"/>
  <attribute name="Target GC Util Change" value ="20.000000" />
  <attribute name="Current GC Util Change" value="49.000000"/>
  <attribute name="GC Util currently" value="49" />
  <attribute name="CPU Util currently" value="17626208734641" />
<exclusive-end id="1195" timestamp="2019-06-16T00:08:04.800" durationms="13.849" />

<exclusive-start id="1196" timestamp="2019-06-16T00:08:04.865" intervalms="78.496">
  <response-info timems="0.040" idlems="0.040" threads="0" lastid="00000000011E3800" lastname="PmdThread 2" />
</exclusive-start>
<allocation-taxation id="1197" taxation-threshold="35651584" timestamp="2019-06-16T00:08:04.865" intervalms="78.484" />
<cycle-start id="1198" type="partial gc" contextid="0" timestamp="2019-06-16T00:08:04.865" intervalms="78.473" />
<gc-start id="1199" type="partial gc" contextid="1198" timestamp="2019-06-16T00:08:04.865">
  <mem-info id="1200" free="33554432" total="115343360" percent="29">
    <mem type="eden" free="0" total="35651584" percent="0" />
    <remembered-set count="83072" freebytes="4271872" totalbytes="4604160" percent="92" regionsoverflowed="0" regionsstable="0" regionsrebuilding="0"/>
  </mem-info>
</gc-start>
<allocation-stats totalBytes="35634616" >
  <allocated-bytes non-tlh="8256" tlh="35626360" arrayletleaf="0"/>
  <largest-consumer threadName="PmdThread 2" threadId="00000000011E3800" bytes="13811584" />
</allocation-stats>
<gc-op id="1201" type="copy forward" timems="12.981" contextid="1198" timestamp="2019-06-16T00:08:04.879">
  <memory-copied type="eden" objects="27108" bytes="1707824" bytesdiscarded="192" />
  <memory-copied type="other" objects="71820" bytes="2867208" bytesdiscarded="304" />
  <memory-cardclean objects="14561" bytes="656664" />
  <regions eden="34" other="5" />
  <remembered-set-cleared processed="76748" cleared="16568" durationms="0.667" />
  <references type="weak" candidates="803" cleared="0" enqueued="0" />
  <references type="phantom" candidates="243" cleared="0" enqueued="0" />
  <stringconstants candidates="5365" cleared="0"  />
</gc-op>
<gc-op id="1202" type="classunload" timems="0.004" contextid="1198" timestamp="2019-06-16T00:08:04.879">
  <classunload-info classloadercandidates="10" classloadersunloaded="0" classesunloaded="0" anonymousclassesunloaded="0" quiescems="0.000" setupms="0.003" scanms="0.000" postms="0.000" />
</gc-op>
<heap-resize id="1203" type="expand" space="default" amount="3145728" count="1" timems="0.079" reason="excessive time being spent in gc" timestamp="2019-06-16T00:08:04.879" />
<gc-end id="1204" type="partial gc" contextid="1198" durationms="14.226" usertimems="12.000" systemtimems="0.000" timestamp="2019-06-16T00:08:04.879" activeThreads="1">
  <mem-info id="1205" free="71303168" total="118489088" percent="60">
    <mem type="eden" free="380008" total="2097152" percent="18" />
    <remembered-set count="85024" freebytes="4389632" totalbytes="4729728" percent="92" regionsoverflowed="0" regionsstable="0" regionsrebuilding="0"/>
  </mem-info>
</gc-end>
<cycle-end id="1206" type="partial gc" contextid="1198" timestamp="2019-06-16T00:08:04.880" />
  <attribute name="elasticGC enabled" value="1" />
  <attribute name= "numThreadsSpecified" value="1" />
  <attribute name="heapSize specified" value="0" />
  <attribute name="Current GC Util" value="63" />
  <attribute name= "Current Time Running" value="4816" />
  <attribute name ="GC Interval" value="0" />
  <attribute name="ProportionalT" value="64.500000" />
  <attribute name="ProportionalI" value="64.500000" />
  <attribute name="ProportionalH" value="64.500000" />
  <attribute name="Current Error" value="43.000000" />
  <attribute name="IntegralT" value="0.000000" />
  <attribute name="IntegralI" value="0.000000" />
  <attribute name="IntegralH" value="0.000000" />
  <attribute name="DerivativeT" value="inf" />
  <attribute name="DerivativeI" value="inf" />
  <attribute name="DerivativeH" value="inf" />
  <attribute name="Loop Time for DT" value="0.000000" />
  <attribute name="Output H" value="8388608"/>
  <attribute name="Output I" value="200"/>
  <attribute name="Output T" value="1"/>
  <attribute name="Target GC Util Change" value ="20.000000" />
  <attribute name="Current GC Util Change" value="63.000000"/>
  <attribute name="GC Util currently" value="63" />
  <attribute name="CPU Util currently" value="19164094383317" />
<exclusive-end id="1207" timestamp="2019-06-16T00:08:04.880" durationms="15.033" />

<exclusive-start id="1208" timestamp="2019-06-16T00:08:04.928" intervalms="62.810">
  <response-info timems="0.035" idlems="0.035" threads="0" lastid="00000000011EB400" lastname="PmdThread 3" />
</exclusive-start>
<allocation-taxation id="1209" taxation-threshold="35651584" timestamp="2019-06-16T00:08:04.928" intervalms="62.839" />
<cycle-start id="1210" type="partial gc" contextid="0" timestamp="2019-06-16T00:08:04.928" intervalms="62.830" />
<gc-start id="1211" type="partial gc" contextid="1210" timestamp="2019-06-16T00:08:04.928">
  <mem-info id="1212" free="35651584" total="118489088" percent="30">
    <mem type="eden" free="0" total="35651584" percent="0" />
    <remembered-set count="84928" freebytes="4390016" totalbytes="4729728" percent="92" regionsoverflowed="0" regionsstable="0" regionsrebuilding="0"/>
  </mem-info>
</gc-start>
<allocation-stats totalBytes="35638904" >
  <allocated-bytes non-tlh="5456" tlh="35633448" arrayletleaf="0"/>
  <largest-consumer threadName="PmdThread 2" threadId="00000000011E3800" bytes="13994704" />
</allocation-stats>
<gc-op id="1213" type="copy forward" timems="16.292" contextid="1210" timestamp="2019-06-16T00:08:04.945">
  <memory-copied type="eden" objects="44309" bytes="2112408" bytesdiscarded="24" />
  <memory-copied type="other" objects="83290" bytes="3434208" bytesdiscarded="624" />
  <memory-cardclean objects="28870" bytes="1474744" />
  <regions eden="34" other="5" />
  <remembered-set-cleared processed="74544" cleared="19333" durationms="0.649" />
  <references type="soft" candidates="2" cleared="0" enqueued="0" dynamicThreshold="19" maxThreshold="32" />
  <references type="weak" candidates="1206" cleared="0" enqueued="0" />
  <references type="phantom" candidates="271" cleared="0" enqueued="0" />
  <stringconstants candidates="5397" cleared="0"  />
</gc-op>
<gc-op id="1214" type="classunload" timems="0.003" contextid="1210" timestamp="2019-06-16T00:08:04.945">
  <classunload-info classloadercandidates="10" classloadersunloaded="0" classesunloaded="0" anonymousclassesunloaded="0" quiescems="0.000" setupms="0.003" scanms="0.000" postms="0.000" />
</gc-op>
<heap-resize id="1215" type="expand" space="default" amount="5242880" count="1" timems="0.080" reason="excessive time being spent in gc" timestamp="2019-06-16T00:08:04.945" />
<gc-end id="1216" type="partial gc" contextid="1210" durationms="17.519" usertimems="16.000" systemtimems="0.000" timestamp="2019-06-16T00:08:04.946" activeThreads="1">
  <mem-info id="1217" free="74448896" total="123731968" percent="60">
    <mem type="eden" free="1024344" total="3145728" percent="32" />
    <remembered-set count="88416" freebytes="4585344" totalbytes="4939008" percent="92" regionsoverflowed="0" regionsstable="0" regionsrebuilding="0"/>
  </mem-info>
</gc-end>
<cycle-end id="1218" type="partial gc" contextid="1210" timestamp="2019-06-16T00:08:04.946" />
  <attribute name="elasticGC enabled" value="1" />
  <attribute name= "numThreadsSpecified" value="1" />
  <attribute name="heapSize specified" value="0" />
  <attribute name="Current GC Util" value="64" />
  <attribute name= "Current Time Running" value="4879" />
  <attribute name ="GC Interval" value="0" />
  <attribute name="ProportionalT" value="66.000000" />
  <attribute name="ProportionalI" value="66.000000" />
  <attribute name="ProportionalH" value="66.000000" />
  <attribute name="Current Error" value="44.000000" />
  <attribute name="IntegralT" value="0.000000" />
  <attribute name="IntegralI" value="0.000000" />
  <attribute name="IntegralH" value="0.000000" />
  <attribute name="DerivativeT" value="inf" />
  <attribute name="DerivativeI" value="inf" />
  <attribute name="DerivativeH" value="inf" />
  <attribute name="Loop Time for DT" value="0.000000" />
  <attribute name="Output H" value="8388608"/>
  <attribute name="Output I" value="200"/>
  <attribute name="Output T" value="1"/>
  <attribute name="Target GC Util Change" value ="20.000000" />
  <attribute name="Current GC Util Change" value="64.000000"/>
  <attribute name="GC Util currently" value="64" />
  <attribute name="CPU Util currently" value="20136080620683" />
<exclusive-end id="1219" timestamp="2019-06-16T00:08:04.946" durationms="18.361" />

</verbosegc>

