<?xml version="1.0" ?>

<verbosegc xmlns="http://www.ibm.com/j9/verbosegc" version="10b4217_CMPRSS">

<initialized id="1" timestamp="2019-06-16T00:08:08.512">
  <attribute name="gcPolicy" value="-Xgcpolicy:balanced" />
  <attribute name="elasticGC enabled" value="1" />
  <attribute name= "numThreadsSpecified" value="0" />
  <attribute name="heapSize specified" value="0" />
  <attribute name="Current GC Util" value="0" />
  <attribute name= "Current Time Running" value="0" />
  <attribute name ="GC Interval" value="0" />
  <attribute name="ProportionalT" value="0.000000" />
  <attribute name="ProportionalI" value="0.000000" />
  <attribute name="ProportionalH" value="0.000000" />
  <attribute name="IntegralT" value="0.000000" />
  <attribute name="IntegralI" value="0.000000" />
  <attribute name="IntegralH" value="0.000000" />
  <attribute name="DerivativeT" value="0.000000" />
  <attribute name="DerivativeI" value="0.000000" />
  <attribute name="DerivativeH" value="0.000000" />
  <attribute name="Target GC Util Change" value ="0.000000" />
  <attribute name="Current GC Util Change" value="0.000000"/>
  <attribute name="Current Error" value="0.000000" />
  <attribute name="Loop Time for DT" value="0.000000" />
  <attribute name="Output H" value="0"/>
  <attribute name="Output I" value="0"/>
  <attribute name="Output T" value="0"/>
  <attribute name="GC Util currently" value="0" />
  <attribute name="CPU Util currently" value="0" />
  <attribute name="maxHeapSize" value="0x7cb00000" />
  <attribute name="initialHeapSize" value="0x800000" />
  <attribute name="compressedRefs" value="true" />
  <attribute name="compressedRefsDisplacement" value="0x0" />
  <attribute name="compressedRefsShift" value="0x0" />
  <attribute name="pageSize" value="0x1000" />
  <attribute name="pageType" value="not used" />
  <attribute name="requestedPageSize" value="0x1000" />
  <attribute name="requestedPageType" value="not used" />
  <attribute name="gcthreads" value="4" />
  <attribute name="packetListSplit" value="4" />
  <attribute name="cacheListSplit" value="4" />
  <attribute name="splitFreeListSplitAmount" value="1" />
  <attribute name="numaNodes" value="0" />
  <region>
    <attribute name="regionSize" value="1048576" />
    <attribute name="regionCount" value="1995" />
    <attribute name="arrayletLeafSize" value="1048576" />
  </region>
  <system>
    <attribute name="physicalMemory" value="8370962432" />
    <attribute name="numCPUs" value="4" />
    <attribute name="architecture" value="amd64" />
    <attribute name="os" value="Linux" />
    <attribute name="osVersion" value="4.4.0-148-generic" />
  </system>
  <vmargs>
    <vmarg name="-Xoptionsfile=/vagrant/jdk/lib/options.default" />
    <vmarg name="-Xlockword:mode=default,noLockword=java/lang/String,noLockword=java/util/MapEntry,noLockword=java/util/HashMap$Entry,noLockword..." />
    <vmarg name="-Xjcl:jclse29" />
    <vmarg name="-Dcom.ibm.oti.vm.bootstrap.library.path=/vagrant/jdk/lib/compressedrefs:/vagrant/jdk/lib" />
    <vmarg name="-Dsun.boot.library.path=/vagrant/jdk/lib/compressedrefs:/vagrant/jdk/lib" />
    <vmarg name="-Djava.library.path=/vagrant/jdk/lib/compressedrefs:/vagrant/jdk/lib:/usr/lib64:/usr/lib" />
    <vmarg name="-Djava.home=/vagrant/jdk" />
    <vmarg name="-Duser.dir=/vagrant" />
    <vmarg name="-Xgcpolicy:balanced" />
    <vmarg name="-Xgcelastic" />
    <vmarg name="-Xcheck:gc:::elasticGC" />
    <vmarg name="-verbose:gc" />
    <vmarg name="-Xloggc:large-Balanced-jdk-1.5-1-0.5-verbose10pmd.txt" />
    <vmarg name="-Djava.class.path=dacapo-9.12-MR1-bach.jar" />
    <vmarg name="-Dsun.java.command=dacapo-9.12-MR1-bach.jar pmd --size=large" />
    <vmarg name="-Dsun.java.launcher=SUN_STANDARD" />
    <vmarg name="-Dsun.java.launcher.pid=25405" />
  </vmargs>
</initialized>

<exclusive-start id="2" timestamp="2019-06-16T00:08:09.281" intervalms="769.409">
  <response-info timems="0.023" idlems="0.023" threads="0" lastid="00000000014B0700" lastname="main" />
</exclusive-start>
<allocation-taxation id="3" taxation-threshold="8388608" timestamp="2019-06-16T00:08:09.282" intervalms="769.629" />
<cycle-start id="4" type="partial gc" contextid="0" timestamp="2019-06-16T00:08:09.282" intervalms="770.004" />
<gc-start id="5" type="partial gc" contextid="4" timestamp="2019-06-16T00:08:09.282">
  <mem-info id="6" free="0" total="8388608" percent="0">
    <mem type="eden" free="80" total="8388608" percent="0" />
    <remembered-set count="0" freebytes="334848" totalbytes="334848" percent="100" regionsoverflowed="0" regionsstable="0" regionsrebuilding="0"/>
  </mem-info>
</gc-start>
<allocation-stats totalBytes="8356200" >
  <allocated-bytes non-tlh="538968" tlh="7817232" arrayletleaf="0"/>
  <largest-consumer threadName="main" threadId="00000000014B0700" bytes="8279640" />
</allocation-stats>
<gc-op id="7" type="mark" timems="3.139" contextid="4" timestamp="2019-06-16T00:08:09.287">
  <trace-info objectcount="21698" scancount="17083" scanbytes="558744" />
  <remembered-set-cleared processed="0" cleared="0" durationms="0.235" />
  <finalization candidates="46" enqueued="1" />
  <ownableSynchronizers candidates="4" cleared="3" />
  <references type="soft" candidates="66" cleared="0" enqueued="0" dynamicThreshold="32" maxThreshold="32" />
  <references type="weak" candidates="911" cleared="529" enqueued="452" />
  <references type="phantom" candidates="125" cleared="44" enqueued="44" />
  <stringconstants candidates="2485" cleared="0"  />
  <warning details="Mark for calibration purposes" />
</gc-op>
<gc-op id="8" type="classunload" timems="0.044" contextid="4" timestamp="2019-06-16T00:08:09.287">
  <classunload-info classloadercandidates="6" classloadersunloaded="0" classesunloaded="0" anonymousclassesunloaded="0" quiescems="0.000" setupms="0.044" scanms="0.000" postms="0.000" />
</gc-op>
<gc-op id="9" type="sweep" timems="0.750" contextid="4" timestamp="2019-06-16T00:08:09.288" />
<gc-op id="10" type="compact" timems="4.594" contextid="4" timestamp="2019-06-16T00:08:09.293">
  <compact-info movecount="21698" movebytes="1400680" />
  <remembered-set-cleared processed="0" cleared="0" durationms="0.235" />
</gc-op>
<gc-end id="11" type="partial gc" contextid="4" durationms="11.025" usertimems="4.000" systemtimems="4.000" timestamp="2019-06-16T00:08:09.293" activeThreads="4">
  <mem-info id="12" free="6291456" total="8388608" percent="75">
    <mem type="eden" free="696072" total="2097152" percent="33" />
    <pending-finalizers system="1" default="0" reference="496" classloader="0" />
    <remembered-set count="1536" freebytes="328704" totalbytes="334848" percent="98" regionsoverflowed="0" regionsstable="0" regionsrebuilding="0"/>
  </mem-info>
</gc-end>
<cycle-end id="13" type="partial gc" contextid="4" timestamp="2019-06-16T00:08:09.294" />
  <attribute name="elasticGC enabled" value="1" />
  <attribute name= "numThreadsSpecified" value="4" />
  <attribute name="heapSize specified" value="0" />
  <attribute name="Current GC Util" value="25" />
  <attribute name= "Current Time Running" value="654" />
  <attribute name ="GC Interval" value="0" />
  <attribute name="ProportionalT" value="7.500000" />
  <attribute name="ProportionalI" value="7.500000" />
  <attribute name="ProportionalH" value="7.500000" />
  <attribute name="Current Error" value="5.000000" />
  <attribute name="IntegralT" value="-12673.000000" />
  <attribute name="IntegralI" value="-12673.000000" />
  <attribute name="IntegralH" value="-12673.000000" />
  <attribute name="DerivativeT" value="-13.500000" />
  <attribute name="DerivativeI" value="-13.500000" />
  <attribute name="DerivativeH" value="-13.500000" />
  <attribute name="Loop Time for DT" value="2.000000" />
  <attribute name="Output H" value="2091843584"/>
  <attribute name="Output I" value="200"/>
  <attribute name="Output T" value="4"/>
  <attribute name="Target GC Util Change" value ="20.000000" />
  <attribute name="Current GC Util Change" value="25.000000"/>
  <attribute name="GC Util currently" value="25" />
  <attribute name="CPU Util currently" value="3798962560813" />
<exclusive-end id="14" timestamp="2019-06-16T00:08:09.294" durationms="12.306" />

<exclusive-start id="15" timestamp="2019-06-16T00:08:09.295" intervalms="13.438">
  <response-info timems="0.067" idlems="0.067" threads="0" lastid="00000000014B0700" lastname="main" />
</exclusive-start>
<allocation-taxation id="16" taxation-threshold="6291456" timestamp="2019-06-16T00:08:09.295" intervalms="13.296" />
<cycle-start id="17" type="partial gc" contextid="0" timestamp="2019-06-16T00:08:09.295" intervalms="13.012" />
<gc-start id="18" type="partial gc" contextid="17" timestamp="2019-06-16T00:08:09.295">
  <mem-info id="19" free="0" total="8388608" percent="0">
    <mem type="eden" free="0" total="6291456" percent="0" />
    <remembered-set count="1536" freebytes="328704" totalbytes="334848" percent="98" regionsoverflowed="0" regionsstable="0" regionsrebuilding="0"/>
  </mem-info>
</gc-start>
<allocation-stats totalBytes="5696680" >
  <allocated-bytes non-tlh="88" tlh="5696592" arrayletleaf="0"/>
  <largest-consumer threadName="main" threadId="00000000014B0700" bytes="5680608" />
</allocation-stats>
<gc-op id="20" type="mark" timems="1.578" contextid="17" timestamp="2019-06-16T00:08:09.297">
  <trace-info objectcount="20788" scancount="16316" scanbytes="543880" />
  <remembered-set-cleared processed="0" cleared="0" durationms="0.054" />
  <finalization candidates="45" enqueued="0" />
  <ownableSynchronizers candidates="1" cleared="0" />
  <references type="soft" candidates="66" cleared="0" enqueued="0" dynamicThreshold="24" maxThreshold="32" />
  <references type="weak" candidates="382" cleared="0" enqueued="0" />
  <references type="phantom" candidates="80" cleared="0" enqueued="0" />
  <stringconstants candidates="2485" cleared="0"  />
  <warning details="Mark invoked due to insufficient free space for Copy-Forward" />
</gc-op>
<gc-op id="21" type="classunload" timems="0.001" contextid="17" timestamp="2019-06-16T00:08:09.297">
  <classunload-info classloadercandidates="6" classloadersunloaded="0" classesunloaded="0" anonymousclassesunloaded="0" quiescems="0.000" setupms="0.001" scanms="0.000" postms="0.000" />
</gc-op>
<gc-op id="22" type="sweep" timems="0.313" contextid="17" timestamp="2019-06-16T00:08:09.298" />
<gc-op id="23" type="compact" timems="3.320" contextid="17" timestamp="2019-06-16T00:08:09.301">
  <compact-info movecount="19565" movebytes="1255936" />
  <remembered-set-cleared processed="0" cleared="0" durationms="0.054" />
</gc-op>
<gc-end id="24" type="partial gc" contextid="17" durationms="6.300" usertimems="4.000" systemtimems="4.000" timestamp="2019-06-16T00:08:09.301" activeThreads="4">
  <mem-info id="25" free="5242880" total="8388608" percent="62">
    <mem type="eden" free="1027568" total="1048576" percent="97" />
    <remembered-set count="1536" freebytes="328704" totalbytes="334848" percent="98" regionsoverflowed="0" regionsstable="0" regionsrebuilding="0"/>
  </mem-info>
</gc-end>
<cycle-end id="26" type="partial gc" contextid="17" timestamp="2019-06-16T00:08:09.302" />
  <attribute name="elasticGC enabled" value="1" />
  <attribute name= "numThreadsSpecified" value="4" />
  <attribute name="heapSize specified" value="0" />
  <attribute name="Current GC Util" value="21" />
  <attribute name= "Current Time Running" value="663" />
  <attribute name ="GC Interval" value="0" />
  <attribute name="ProportionalT" value="1.500000" />
  <attribute name="ProportionalI" value="1.500000" />
  <attribute name="ProportionalH" value="1.500000" />
  <attribute name="Current Error" value="1.000000" />
  <attribute name="IntegralT" value="0.000000" />
  <attribute name="IntegralI" value="0.000000" />
  <attribute name="IntegralH" value="0.000000" />
  <attribute name="DerivativeT" value="-inf" />
  <attribute name="DerivativeI" value="-inf" />
  <attribute name="DerivativeH" value="-inf" />
  <attribute name="Loop Time for DT" value="0.000000" />
  <attribute name="Output H" value="2091843584"/>
  <attribute name="Output I" value="200"/>
  <attribute name="Output T" value="4"/>
  <attribute name="Target GC Util Change" value ="20.000000" />
  <attribute name="Current GC Util Change" value="21.000000"/>
  <attribute name="GC Util currently" value="21" />
  <attribute name="CPU Util currently" value="8293504330670" />
<exclusive-end id="27" timestamp="2019-06-16T00:08:09.302" durationms="7.017" />

<exclusive-start id="28" timestamp="2019-06-16T00:08:09.302" intervalms="7.395">
  <response-info timems="0.025" idlems="0.025" threads="0" lastid="00000000014B0700" lastname="main" />
</exclusive-start>
<allocation-taxation id="29" taxation-threshold="2097152" timestamp="2019-06-16T00:08:09.302" intervalms="7.373" />
<cycle-start id="30" type="global mark phase" contextid="0" timestamp="2019-06-16T00:08:09.302" intervalms="790.456" />
<gc-start id="31" type="global mark phase" contextid="30" timestamp="2019-06-16T00:08:09.302">
  <mem-info id="32" free="3145728" total="8388608" percent="37">
    <remembered-set count="1536" freebytes="328704" totalbytes="334848" percent="98" regionsoverflowed="0" regionsstable="0" regionsrebuilding="0"/>
  </mem-info>
</gc-start>
<gc-op id="33" type="mark increment" timems="0.650" contextid="30" timestamp="2019-06-16T00:08:09.303">
  <trace-info objectcount="90" scancount="0" scanbytes="0" />
</gc-op>
<gc-end id="34" type="global mark phase" contextid="30" durationms="0.762" usertimems="0.000" systemtimems="0.000" timestamp="2019-06-16T00:08:09.303" activeThreads="4">
  <mem-info id="35" free="3145728" total="8388608" percent="37">
    <remembered-set count="1536" freebytes="328704" totalbytes="334848" percent="98" regionsoverflowed="0" regionsstable="0" regionsrebuilding="0"/>
  </mem-info>
</gc-end>
<concurrent-start id="36" type="GMP work packet processing" contextid="30" timestamp="2019-06-16T00:08:09.303">
  <concurrent-mark-start scanTarget="18446744073709551615" />
</concurrent-start>
<exclusive-end id="37" timestamp="2019-06-16T00:08:09.303" durationms="1.176" />

<concurrent-end id="38" type="GMP work packet processing" contextid="30" timestamp="2019-06-16T00:08:09.304">
  <concurrent-mark-end bytesScanned="543880" reasonForTermination="Completed all work in GC phase" />
</concurrent-end>

<exclusive-start id="39" timestamp="2019-06-16T00:08:09.305" intervalms="2.354">
  <response-info timems="0.020" idlems="0.020" threads="0" lastid="00000000014B0700" lastname="main" />
</exclusive-start>
<allocation-taxation id="40" taxation-threshold="2097152" timestamp="2019-06-16T00:08:09.305" intervalms="2.356" />
<cycle-start id="41" type="partial gc" contextid="0" timestamp="2019-06-16T00:08:09.305" intervalms="9.703" />
<gc-start id="42" type="partial gc" contextid="41" timestamp="2019-06-16T00:08:09.305">
  <mem-info id="43" free="1048576" total="8388608" percent="12">
    <mem type="eden" free="0" total="4194304" percent="0" />
    <remembered-set count="1536" freebytes="328704" totalbytes="334848" percent="98" regionsoverflowed="0" regionsstable="0" regionsrebuilding="0"/>
  </mem-info>
</gc-start>
<allocation-stats totalBytes="3676856" >
  <allocated-bytes non-tlh="0" tlh="3676856" arrayletleaf="0"/>
  <largest-consumer threadName="main" threadId="00000000014B0700" bytes="1857520" />
</allocation-stats>
<gc-op id="44" type="copy forward" timems="2.374" contextid="41" timestamp="2019-06-16T00:08:09.308">
  <memory-copied type="eden" objects="4" bytes="18224" bytesdiscarded="0" />
  <memory-copied type="other" objects="20" bytes="6120" bytesdiscarded="912" />
  <memory-cardclean objects="31" bytes="1232" />
  <regions eden="4" other="1" />
  <remembered-set-cleared processed="314" cleared="21" durationms="0.056" />
  <stringconstants candidates="2485" cleared="0"  />
  <heap-resize type="expand" space="default" amount="1048576" count="1" timems="0.285" reason="continue current collection" />
</gc-op>
<gc-op id="45" type="classunload" timems="0.001" contextid="41" timestamp="2019-06-16T00:08:09.308">
  <classunload-info classloadercandidates="6" classloadersunloaded="0" classesunloaded="0" anonymousclassesunloaded="0" quiescems="0.000" setupms="0.001" scanms="0.000" postms="0.000" />
</gc-op>
<heap-resize id="46" type="expand" space="default" amount="1048576" count="1" timems="0.052" reason="excessive time being spent in gc" timestamp="2019-06-16T00:08:09.308" />
<gc-end id="47" type="partial gc" contextid="41" durationms="3.334" usertimems="4.000" systemtimems="0.000" timestamp="2019-06-16T00:08:09.308" activeThreads="4">
  <mem-info id="48" free="6291456" total="10485760" percent="60">
    <mem type="eden" free="1030352" total="1048576" percent="98" />
    <remembered-set count="1920" freebytes="410880" totalbytes="418560" percent="98" regionsoverflowed="0" regionsstable="0" regionsrebuilding="0"/>
  </mem-info>
</gc-end>
<cycle-end id="49" type="partial gc" contextid="41" timestamp="2019-06-16T00:08:09.308" />
  <attribute name="elasticGC enabled" value="1" />
  <attribute name= "numThreadsSpecified" value="4" />
  <attribute name="heapSize specified" value="0" />
  <attribute name="Current GC Util" value="33" />
  <attribute name= "Current Time Running" value="671" />
  <attribute name ="GC Interval" value="0" />
  <attribute name="ProportionalT" value="19.500000" />
  <attribute name="ProportionalI" value="19.500000" />
  <attribute name="ProportionalH" value="19.500000" />
  <attribute name="Current Error" value="13.000000" />
  <attribute name="IntegralT" value="0.000000" />
  <attribute name="IntegralI" value="0.000000" />
  <attribute name="IntegralH" value="0.000000" />
  <attribute name="DerivativeT" value="-inf" />
  <attribute name="DerivativeI" value="-inf" />
  <attribute name="DerivativeH" value="-inf" />
  <attribute name="Loop Time for DT" value="0.000000" />
  <attribute name="Output H" value="2091843584"/>
  <attribute name="Output I" value="200"/>
  <attribute name="Output T" value="4"/>
  <attribute name="Target GC Util Change" value ="20.000000" />
  <attribute name="Current GC Util Change" value="33.000000"/>
  <attribute name="GC Util currently" value="33" />
  <attribute name="CPU Util currently" value="14262608261547" />
<exclusive-end id="50" timestamp="2019-06-16T00:08:09.308" durationms="3.774" />

<exclusive-start id="51" timestamp="2019-06-16T00:08:09.309" intervalms="4.275">
  <response-info timems="0.024" idlems="0.024" threads="0" lastid="00000000014B0700" lastname="main" />
</exclusive-start>
<allocation-taxation id="52" taxation-threshold="3145728" timestamp="2019-06-16T00:08:09.309" intervalms="4.271" />
<gc-start id="53" type="global mark phase" contextid="30" timestamp="2019-06-16T00:08:09.309">
  <mem-info id="54" free="3145728" total="10485760" percent="30">
    <remembered-set count="1472" freebytes="412672" totalbytes="418560" percent="98" regionsoverflowed="0" regionsstable="0" regionsrebuilding="0"/>
  </mem-info>
</gc-start>
<gc-op id="55" type="mark increment" timems="0.910" contextid="30" timestamp="2019-06-16T00:08:09.310">
  <trace-info objectcount="2" scancount="1" scanbytes="16" />
  <cardclean-info objects="154" bytes="5364" />
  <finalization candidates="45" enqueued="0" />
  <ownableSynchronizers candidates="1" cleared="0" />
  <references type="soft" candidates="66" cleared="0" enqueued="0" dynamicThreshold="19" maxThreshold="32" />
  <references type="weak" candidates="382" cleared="0" enqueued="0" />
  <references type="phantom" candidates="80" cleared="0" enqueued="0" />
  <stringconstants candidates="2485" cleared="0"  />
</gc-op>
<gc-op id="56" type="classunload" timems="0.001" contextid="30" timestamp="2019-06-16T00:08:09.310">
  <classunload-info classloadercandidates="6" classloadersunloaded="0" classesunloaded="0" anonymousclassesunloaded="0" quiescems="0.000" setupms="0.001" scanms="0.000" postms="0.000" />
</gc-op>
<gc-end id="57" type="global mark phase" contextid="30" durationms="1.132" usertimems="0.000" systemtimems="0.000" timestamp="2019-06-16T00:08:09.310" activeThreads="4">
  <mem-info id="58" free="3145728" total="10485760" percent="30">
    <remembered-set count="1472" freebytes="412672" totalbytes="418560" percent="98" regionsoverflowed="0" regionsstable="0" regionsrebuilding="0"/>
  </mem-info>
</gc-end>
<cycle-end id="59" type="global mark phase" contextid="30" timestamp="2019-06-16T00:08:09.310" />
  <attribute name="elasticGC enabled" value="1" />
  <attribute name= "numThreadsSpecified" value="4" />
  <attribute name="heapSize specified" value="0" />
  <attribute name="Current GC Util" value="30" />
  <attribute name= "Current Time Running" value="675" />
  <attribute name ="GC Interval" value="0" />
  <attribute name="ProportionalT" value="15.000000" />
  <attribute name="ProportionalI" value="15.000000" />
  <attribute name="ProportionalH" value="15.000000" />
  <attribute name="Current Error" value="10.000000" />
  <attribute name="IntegralT" value="0.000000" />
  <attribute name="IntegralI" value="0.000000" />
  <attribute name="IntegralH" value="0.000000" />
  <attribute name="DerivativeT" value="-inf" />
  <attribute name="DerivativeI" value="-inf" />
  <attribute name="DerivativeH" value="-inf" />
  <attribute name="Loop Time for DT" value="0.000000" />
  <attribute name="Output H" value="2091843584"/>
  <attribute name="Output I" value="200"/>
  <attribute name="Output T" value="4"/>
  <attribute name="Target GC Util Change" value ="20.000000" />
  <attribute name="Current GC Util Change" value="30.000000"/>
  <attribute name="GC Util currently" value="30" />
  <attribute name="CPU Util currently" value="43419223802976" />
<exclusive-end id="60" timestamp="2019-06-16T00:08:09.310" durationms="1.418" />

<exclusive-start id="61" timestamp="2019-06-16T00:08:09.311" intervalms="2.209">
  <response-info timems="0.025" idlems="0.025" threads="0" lastid="00000000014B0700" lastname="main" />
</exclusive-start>
<allocation-taxation id="62" taxation-threshold="3145728" timestamp="2019-06-16T00:08:09.311" intervalms="2.213" />
<cycle-start id="63" type="partial gc" contextid="0" timestamp="2019-06-16T00:08:09.311" intervalms="6.483" />
<gc-start id="64" type="partial gc" contextid="63" timestamp="2019-06-16T00:08:09.311">
  <mem-info id="65" free="0" total="10485760" percent="0">
    <mem type="eden" free="1030352" total="7340032" percent="14" />
    <remembered-set count="1472" freebytes="412672" totalbytes="418560" percent="98" regionsoverflowed="0" regionsstable="0" regionsrebuilding="0"/>
  </mem-info>
</gc-start>
<allocation-stats totalBytes="5664928" >
  <allocated-bytes non-tlh="0" tlh="5664928" arrayletleaf="0"/>
  <largest-consumer threadName="main" threadId="00000000014B0700" bytes="2923880" />
</allocation-stats>
<gc-op id="66" type="sweep" timems="0.431" contextid="63" timestamp="2019-06-16T00:08:09.312" />
<gc-op id="67" type="copy forward" timems="0.595" contextid="63" timestamp="2019-06-16T00:08:09.313">
  <memory-copied type="eden" objects="2" bytes="22168" bytesdiscarded="0" />
  <memory-copied type="other" objects="0" bytes="0" bytesdiscarded="0" />
  <memory-cardclean objects="0" bytes="0" />
  <regions eden="3" other="1" />
  <remembered-set-cleared processed="325" cleared="0" durationms="0.048" />
  <stringconstants candidates="2485" cleared="0"  />
</gc-op>
<gc-op id="68" type="classunload" timems="0.001" contextid="63" timestamp="2019-06-16T00:08:09.313">
  <classunload-info classloadercandidates="6" classloadersunloaded="0" classesunloaded="0" anonymousclassesunloaded="0" quiescems="0.000" setupms="0.001" scanms="0.000" postms="0.000" />
</gc-op>
<gc-end id="69" type="partial gc" contextid="63" durationms="2.182" usertimems="4.000" systemtimems="0.000" timestamp="2019-06-16T00:08:09.313" activeThreads="1">
  <mem-info id="70" free="6291456" total="10485760" percent="60">
    <mem type="eden" free="1026408" total="1048576" percent="97" />
    <remembered-set count="1472" freebytes="412672" totalbytes="418560" percent="98" regionsoverflowed="0" regionsstable="0" regionsrebuilding="0"/>
  </mem-info>
</gc-end>
<cycle-end id="71" type="partial gc" contextid="63" timestamp="2019-06-16T00:08:09.314" />
  <attribute name="elasticGC enabled" value="1" />
  <attribute name= "numThreadsSpecified" value="1" />
  <attribute name="heapSize specified" value="0" />
  <attribute name="Current GC Util" value="113" />
  <attribute name= "Current Time Running" value="678" />
  <attribute name ="GC Interval" value="0" />
  <attribute name="ProportionalT" value="139.500000" />
  <attribute name="ProportionalI" value="139.500000" />
  <attribute name="ProportionalH" value="139.500000" />
  <attribute name="Current Error" value="93.000000" />
  <attribute name="IntegralT" value="0.000000" />
  <attribute name="IntegralI" value="0.000000" />
  <attribute name="IntegralH" value="0.000000" />
  <attribute name="DerivativeT" value="inf" />
  <attribute name="DerivativeI" value="inf" />
  <attribute name="DerivativeH" value="inf" />
  <attribute name="Loop Time for DT" value="0.000000" />
  <attribute name="Output H" value="8388608"/>
  <attribute name="Output I" value="200"/>
  <attribute name="Output T" value="1"/>
  <attribute name="Target GC Util Change" value ="20.000000" />
  <attribute name="Current GC Util Change" value="113.000000"/>
  <attribute name="GC Util currently" value="113" />
  <attribute name="CPU Util currently" value="13025852988055" />
<exclusive-end id="72" timestamp="2019-06-16T00:08:09.314" durationms="2.743" />

<exclusive-start id="73" timestamp="2019-06-16T00:08:09.314" intervalms="3.220">
  <response-info timems="0.024" idlems="0.024" threads="0" lastid="00000000014B0700" lastname="main" />
</exclusive-start>
<allocation-taxation id="74" taxation-threshold="3145728" timestamp="2019-06-16T00:08:09.314" intervalms="3.219" />
<cycle-start id="75" type="global mark phase" contextid="0" timestamp="2019-06-16T00:08:09.314" intervalms="11.964" />
<gc-start id="76" type="global mark phase" contextid="75" timestamp="2019-06-16T00:08:09.314">
  <mem-info id="77" free="3145728" total="10485760" percent="30">
    <remembered-set count="1472" freebytes="412672" totalbytes="418560" percent="98" regionsoverflowed="0" regionsstable="0" regionsrebuilding="0"/>
  </mem-info>
</gc-start>
<gc-op id="78" type="mark increment" timems="0.818" contextid="75" timestamp="2019-06-16T00:08:09.315">
  <trace-info objectcount="90" scancount="0" scanbytes="0" />
</gc-op>
<gc-end id="79" type="global mark phase" contextid="75" durationms="0.935" usertimems="4.000" systemtimems="0.000" timestamp="2019-06-16T00:08:09.315" activeThreads="4">
  <mem-info id="80" free="3145728" total="10485760" percent="30">
    <remembered-set count="1472" freebytes="412672" totalbytes="418560" percent="98" regionsoverflowed="0" regionsstable="0" regionsrebuilding="0"/>
  </mem-info>
</gc-end>
<concurrent-start id="81" type="GMP work packet processing" contextid="75" timestamp="2019-06-16T00:08:09.315">
  <concurrent-mark-start scanTarget="18446744073709551615" />
</concurrent-start>
<exclusive-end id="82" timestamp="2019-06-16T00:08:09.316" durationms="1.269" />

<concurrent-end id="83" type="GMP work packet processing" contextid="75" timestamp="2019-06-16T00:08:09.316">
  <concurrent-mark-end bytesScanned="543896" reasonForTermination="Completed all work in GC phase" />
</concurrent-end>

<exclusive-start id="84" timestamp="2019-06-16T00:08:09.317" intervalms="2.621">
  <response-info timems="0.052" idlems="0.052" threads="0" lastid="00000000014B0700" lastname="main" />
</exclusive-start>
<allocation-taxation id="85" taxation-threshold="3145728" timestamp="2019-06-16T00:08:09.317" intervalms="2.621" />
<cycle-start id="86" type="partial gc" contextid="0" timestamp="2019-06-16T00:08:09.317" intervalms="5.841" />
<gc-start id="87" type="partial gc" contextid="86" timestamp="2019-06-16T00:08:09.317">
  <mem-info id="88" free="0" total="10485760" percent="0">
    <mem type="eden" free="1026408" total="7340032" percent="13" />
    <remembered-set count="1472" freebytes="412672" totalbytes="418560" percent="98" regionsoverflowed="0" regionsstable="0" regionsrebuilding="0"/>
  </mem-info>
</gc-start>
<allocation-stats totalBytes="4814712" >
  <allocated-bytes non-tlh="135136" tlh="4679576" arrayletleaf="0"/>
  <largest-consumer threadName="main" threadId="00000000014B0700" bytes="2364544" />
</allocation-stats>
<gc-op id="89" type="mark" timems="0.589" contextid="86" timestamp="2019-06-16T00:08:09.318">
  <trace-info objectcount="2" scancount="1" scanbytes="24" />
  <remembered-set-cleared processed="325" cleared="0" durationms="0.056" />
  <stringconstants candidates="2485" cleared="0"  />
  <warning details="Mark invoked due to insufficient free space for Copy-Forward" />
</gc-op>
<gc-op id="90" type="classunload" timems="0.001" contextid="86" timestamp="2019-06-16T00:08:09.318">
  <classunload-info classloadercandidates="6" classloadersunloaded="0" classesunloaded="0" anonymousclassesunloaded="0" quiescems="0.000" setupms="0.001" scanms="0.000" postms="0.000" />
</gc-op>
<gc-op id="91" type="sweep" timems="0.789" contextid="86" timestamp="2019-06-16T00:08:09.319" />
<gc-op id="92" type="compact" timems="1.350" contextid="86" timestamp="2019-06-16T00:08:09.321">
  <compact-info movecount="2" movebytes="25104" />
  <remembered-set-cleared processed="650" cleared="0" durationms="0.056" />
</gc-op>
<gc-end id="93" type="partial gc" contextid="86" durationms="3.917" usertimems="4.000" systemtimems="4.000" timestamp="2019-06-16T00:08:09.321" activeThreads="4">
  <mem-info id="94" free="6291456" total="10485760" percent="60">
    <mem type="eden" free="1023472" total="1048576" percent="97" />
    <remembered-set count="576" freebytes="416256" totalbytes="418560" percent="99" regionsoverflowed="0" regionsstable="0" regionsrebuilding="0"/>
  </mem-info>
</gc-end>
<cycle-end id="95" type="partial gc" contextid="86" timestamp="2019-06-16T00:08:09.321" />
  <attribute name="elasticGC enabled" value="1" />
  <attribute name= "numThreadsSpecified" value="4" />
  <attribute name="heapSize specified" value="0" />
  <attribute name="Current GC Util" value="128" />
  <attribute name= "Current Time Running" value="685" />
  <attribute name ="GC Interval" value="0" />
  <attribute name="ProportionalT" value="162.000000" />
  <attribute name="ProportionalI" value="162.000000" />
  <attribute name="ProportionalH" value="162.000000" />
  <attribute name="Current Error" value="108.000000" />
  <attribute name="IntegralT" value="108.000000" />
  <attribute name="IntegralI" value="108.000000" />
  <attribute name="IntegralH" value="108.000000" />
  <attribute name="DerivativeT" value="54.000000" />
  <attribute name="DerivativeI" value="54.000000" />
  <attribute name="DerivativeH" value="54.000000" />
  <attribute name="Loop Time for DT" value="1.000000" />
  <attribute name="Output H" value="8388608"/>
  <attribute name="Output I" value="328"/>
  <attribute name="Output T" value="4"/>
  <attribute name="Target GC Util Change" value ="20.000000" />
  <attribute name="Current GC Util Change" value="128.000000"/>
  <attribute name="GC Util currently" value="128" />
  <attribute name="CPU Util currently" value="4522404703926" />
<exclusive-end id="96" timestamp="2019-06-16T00:08:09.321" durationms="4.360" />

<exclusive-start id="97" timestamp="2019-06-16T00:08:09.322" intervalms="5.049">
  <response-info timems="0.018" idlems="0.018" threads="0" lastid="00000000014B0700" lastname="main" />
</exclusive-start>
<allocation-taxation id="98" taxation-threshold="3145728" timestamp="2019-06-16T00:08:09.322" intervalms="5.048" />
<gc-start id="99" type="global mark phase" contextid="75" timestamp="2019-06-16T00:08:09.322">
  <mem-info id="100" free="3145728" total="10485760" percent="30">
    <remembered-set count="576" freebytes="416256" totalbytes="418560" percent="99" regionsoverflowed="0" regionsstable="0" regionsrebuilding="0"/>
  </mem-info>
</gc-start>
<gc-op id="101" type="mark increment" timems="1.085" contextid="75" timestamp="2019-06-16T00:08:09.323">
  <trace-info objectcount="2" scancount="1" scanbytes="24" />
  <finalization candidates="45" enqueued="0" />
  <ownableSynchronizers candidates="1" cleared="0" />
  <references type="soft" candidates="66" cleared="0" enqueued="0" dynamicThreshold="19" maxThreshold="32" />
  <references type="weak" candidates="382" cleared="0" enqueued="0" />
  <references type="phantom" candidates="80" cleared="0" enqueued="0" />
  <stringconstants candidates="2485" cleared="0"  />
</gc-op>
<gc-op id="102" type="classunload" timems="0.001" contextid="75" timestamp="2019-06-16T00:08:09.323">
  <classunload-info classloadercandidates="6" classloadersunloaded="0" classesunloaded="0" anonymousclassesunloaded="0" quiescems="0.000" setupms="0.001" scanms="0.000" postms="0.000" />
</gc-op>
<gc-end id="103" type="global mark phase" contextid="75" durationms="1.324" usertimems="0.000" systemtimems="0.000" timestamp="2019-06-16T00:08:09.323" activeThreads="1">
  <mem-info id="104" free="3145728" total="10485760" percent="30">
    <remembered-set count="576" freebytes="416256" totalbytes="418560" percent="99" regionsoverflowed="0" regionsstable="0" regionsrebuilding="0"/>
  </mem-info>
</gc-end>
<cycle-end id="105" type="global mark phase" contextid="75" timestamp="2019-06-16T00:08:09.323" />
  <attribute name="elasticGC enabled" value="1" />
  <attribute name= "numThreadsSpecified" value="1" />
  <attribute name="heapSize specified" value="0" />
  <attribute name="Current GC Util" value="140" />
  <attribute name= "Current Time Running" value="688" />
  <attribute name ="GC Interval" value="0" />
  <attribute name="ProportionalT" value="180.000000" />
  <attribute name="ProportionalI" value="180.000000" />
  <attribute name="ProportionalH" value="180.000000" />
  <attribute name="Current Error" value="120.000000" />
  <attribute name="IntegralT" value="0.000000" />
  <attribute name="IntegralI" value="0.000000" />
  <attribute name="IntegralH" value="0.000000" />
  <attribute name="DerivativeT" value="inf" />
  <attribute name="DerivativeI" value="inf" />
  <attribute name="DerivativeH" value="inf" />
  <attribute name="Loop Time for DT" value="0.000000" />
  <attribute name="Output H" value="8388608"/>
  <attribute name="Output I" value="200"/>
  <attribute name="Output T" value="1"/>
  <attribute name="Target GC Util Change" value ="20.000000" />
  <attribute name="Current GC Util Change" value="140.000000"/>
  <attribute name="GC Util currently" value="140" />
  <attribute name="CPU Util currently" value="17425340321628" />
<exclusive-end id="106" timestamp="2019-06-16T00:08:09.324" durationms="1.616" />

<exclusive-start id="107" timestamp="2019-06-16T00:08:09.324" intervalms="2.095">
  <response-info timems="0.018" idlems="0.018" threads="0" lastid="00000000014B0700" lastname="main" />
</exclusive-start>
<allocation-taxation id="108" taxation-threshold="3145728" timestamp="2019-06-16T00:08:09.324" intervalms="2.095" />
<cycle-start id="109" type="partial gc" contextid="0" timestamp="2019-06-16T00:08:09.324" intervalms="7.142" />
<gc-start id="110" type="partial gc" contextid="109" timestamp="2019-06-16T00:08:09.324">
  <mem-info id="111" free="0" total="10485760" percent="0">
    <mem type="eden" free="1023472" total="7340032" percent="13" />
    <remembered-set count="576" freebytes="416256" totalbytes="418560" percent="99" regionsoverflowed="0" regionsstable="0" regionsrebuilding="0"/>
  </mem-info>
</gc-start>
<allocation-stats totalBytes="5219136" >
  <allocated-bytes non-tlh="203904" tlh="5015232" arrayletleaf="0"/>
  <largest-consumer threadName="main" threadId="00000000014B0700" bytes="2629160" />
</allocation-stats>
<gc-op id="112" type="sweep" timems="0.787" contextid="109" timestamp="2019-06-16T00:08:09.325" />
<gc-op id="113" type="copy forward" timems="2.146" contextid="109" timestamp="2019-06-16T00:08:09.328">
  <memory-copied type="eden" objects="2" bytes="28192" bytesdiscarded="0" />
  <memory-copied type="other" objects="0" bytes="0" bytesdiscarded="0" />
  <memory-cardclean objects="0" bytes="0" />
  <regions eden="3" other="1" />
  <remembered-set-cleared processed="331" cleared="0" durationms="0.049" />
  <stringconstants candidates="2485" cleared="0"  />
</gc-op>
<gc-op id="114" type="classunload" timems="0.002" contextid="109" timestamp="2019-06-16T00:08:09.328">
  <classunload-info classloadercandidates="6" classloadersunloaded="0" classesunloaded="0" anonymousclassesunloaded="0" quiescems="0.000" setupms="0.001" scanms="0.000" postms="0.000" />
</gc-op>
<gc-end id="115" type="partial gc" contextid="109" durationms="4.002" usertimems="4.000" systemtimems="4.000" timestamp="2019-06-16T00:08:09.328" activeThreads="4">
  <mem-info id="116" free="6291456" total="10485760" percent="60">
    <mem type="eden" free="1020384" total="1048576" percent="97" />
    <remembered-set count="576" freebytes="416256" totalbytes="418560" percent="99" regionsoverflowed="0" regionsstable="0" regionsrebuilding="0"/>
  </mem-info>
</gc-end>
<cycle-end id="117" type="partial gc" contextid="109" timestamp="2019-06-16T00:08:09.328" />
  <attribute name="elasticGC enabled" value="1" />
  <attribute name= "numThreadsSpecified" value="4" />
  <attribute name="heapSize specified" value="0" />
  <attribute name="Current GC Util" value="112" />
  <attribute name= "Current Time Running" value="691" />
  <attribute name ="GC Interval" value="0" />
  <attribute name="ProportionalT" value="138.000000" />
  <attribute name="ProportionalI" value="138.000000" />
  <attribute name="ProportionalH" value="138.000000" />
  <attribute name="Current Error" value="92.000000" />
  <attribute name="IntegralT" value="0.000000" />
  <attribute name="IntegralI" value="0.000000" />
  <attribute name="IntegralH" value="0.000000" />
  <attribute name="DerivativeT" value="-inf" />
  <attribute name="DerivativeI" value="-inf" />
  <attribute name="DerivativeH" value="-inf" />
  <attribute name="Loop Time for DT" value="0.000000" />
  <attribute name="Output H" value="2091843584"/>
  <attribute name="Output I" value="200"/>
  <attribute name="Output T" value="4"/>
  <attribute name="Target GC Util Change" value ="20.000000" />
  <attribute name="Current GC Util Change" value="112.000000"/>
  <attribute name="GC Util currently" value="112" />
  <attribute name="CPU Util currently" value="13625216099118" />
<exclusive-end id="118" timestamp="2019-06-16T00:08:09.328" durationms="4.432" />

<exclusive-start id="119" timestamp="2019-06-16T00:08:09.329" intervalms="4.941">
  <response-info timems="0.051" idlems="0.051" threads="0" lastid="00000000014B0700" lastname="main" />
</exclusive-start>
<allocation-taxation id="120" taxation-threshold="3145728" timestamp="2019-06-16T00:08:09.329" intervalms="4.940" />
<cycle-start id="121" type="global mark phase" contextid="0" timestamp="2019-06-16T00:08:09.329" intervalms="14.748" />
<gc-start id="122" type="global mark phase" contextid="121" timestamp="2019-06-16T00:08:09.329">
  <mem-info id="123" free="3145728" total="10485760" percent="30">
    <remembered-set count="576" freebytes="416256" totalbytes="418560" percent="99" regionsoverflowed="0" regionsstable="0" regionsrebuilding="0"/>
  </mem-info>
</gc-start>
<gc-op id="124" type="mark increment" timems="0.732" contextid="121" timestamp="2019-06-16T00:08:09.330">
  <trace-info objectcount="88" scancount="0" scanbytes="0" />
</gc-op>
<gc-end id="125" type="global mark phase" contextid="121" durationms="0.907" usertimems="0.000" systemtimems="0.000" timestamp="2019-06-16T00:08:09.330" activeThreads="4">
  <mem-info id="126" free="3145728" total="10485760" percent="30">
    <remembered-set count="576" freebytes="416256" totalbytes="418560" percent="99" regionsoverflowed="0" regionsstable="0" regionsrebuilding="0"/>
  </mem-info>
</gc-end>
<concurrent-start id="127" type="GMP work packet processing" contextid="121" timestamp="2019-06-16T00:08:09.330">
  <concurrent-mark-start scanTarget="18446744073709551615" />
</concurrent-start>
<exclusive-end id="128" timestamp="2019-06-16T00:08:09.330" durationms="1.347" />

<concurrent-end id="129" type="GMP work packet processing" contextid="121" timestamp="2019-06-16T00:08:09.331">
  <concurrent-mark-end bytesScanned="543896" reasonForTermination="Completed all work in GC phase" />
</concurrent-end>

<exclusive-start id="130" timestamp="2019-06-16T00:08:09.332" intervalms="2.808">
  <response-info timems="0.017" idlems="0.017" threads="0" lastid="00000000014B0700" lastname="main" />
</exclusive-start>
<allocation-taxation id="131" taxation-threshold="3145728" timestamp="2019-06-16T00:08:09.332" intervalms="2.811" />
<cycle-start id="132" type="partial gc" contextid="0" timestamp="2019-06-16T00:08:09.332" intervalms="7.796" />
<gc-start id="133" type="partial gc" contextid="132" timestamp="2019-06-16T00:08:09.332">
  <mem-info id="134" free="0" total="10485760" percent="0">
    <mem type="eden" free="1020384" total="7340032" percent="13" />
    <remembered-set count="576" freebytes="416256" totalbytes="418560" percent="99" regionsoverflowed="0" regionsstable="0" regionsrebuilding="0"/>
  </mem-info>
</gc-start>
<allocation-stats totalBytes="5664016" >
  <allocated-bytes non-tlh="255504" tlh="5408512" arrayletleaf="0"/>
  <largest-consumer threadName="main" threadId="00000000014B0700" bytes="2917416" />
</allocation-stats>
<gc-op id="135" type="mark" timems="0.588" contextid="132" timestamp="2019-06-16T00:08:09.333">
  <trace-info objectcount="4" scancount="2" scanbytes="40" />
  <remembered-set-cleared processed="331" cleared="0" durationms="0.057" />
  <stringconstants candidates="2485" cleared="0"  />
  <warning details="Mark invoked due to insufficient free space for Copy-Forward" />
</gc-op>
<gc-op id="136" type="classunload" timems="0.001" contextid="132" timestamp="2019-06-16T00:08:09.333">
  <classunload-info classloadercandidates="6" classloadersunloaded="0" classesunloaded="0" anonymousclassesunloaded="0" quiescems="0.000" setupms="0.001" scanms="0.000" postms="0.000" />
</gc-op>
<gc-op id="137" type="sweep" timems="0.820" contextid="132" timestamp="2019-06-16T00:08:09.334" />
<gc-op id="138" type="compact" timems="1.665" contextid="132" timestamp="2019-06-16T00:08:09.336">
  <compact-info movecount="4" movebytes="31232" />
  <remembered-set-cleared processed="662" cleared="0" durationms="0.057" />
</gc-op>
<gc-end id="139" type="partial gc" contextid="132" durationms="4.304" usertimems="4.000" systemtimems="0.000" timestamp="2019-06-16T00:08:09.336" activeThreads="4">
  <mem-info id="140" free="6291456" total="10485760" percent="60">
    <mem type="eden" free="1017344" total="1048576" percent="97" />
    <remembered-set count="1088" freebytes="414208" totalbytes="418560" percent="98" regionsoverflowed="0" regionsstable="0" regionsrebuilding="0"/>
  </mem-info>
</gc-end>
<cycle-end id="141" type="partial gc" contextid="132" timestamp="2019-06-16T00:08:09.336" />
  <attribute name="elasticGC enabled" value="1" />
  <attribute name= "numThreadsSpecified" value="4" />
  <attribute name="heapSize specified" value="0" />
  <attribute name="Current GC Util" value="127" />
  <attribute name= "Current Time Running" value="700" />
  <attribute name ="GC Interval" value="0" />
  <attribute name="ProportionalT" value="160.500000" />
  <attribute name="ProportionalI" value="160.500000" />
  <attribute name="ProportionalH" value="160.500000" />
  <attribute name="Current Error" value="107.000000" />
  <attribute name="IntegralT" value="107.000000" />
  <attribute name="IntegralI" value="107.000000" />
  <attribute name="IntegralH" value="107.000000" />
  <attribute name="DerivativeT" value="53.500000" />
  <attribute name="DerivativeI" value="53.500000" />
  <attribute name="DerivativeH" value="53.500000" />
  <attribute name="Loop Time for DT" value="1.000000" />
  <attribute name="Output H" value="8388608"/>
  <attribute name="Output I" value="328"/>
  <attribute name="Output T" value="4"/>
  <attribute name="Target GC Util Change" value ="20.000000" />
  <attribute name="Current GC Util Change" value="127.000000"/>
  <attribute name="GC Util currently" value="127" />
  <attribute name="CPU Util currently" value="4377457045609" />
<exclusive-end id="142" timestamp="2019-06-16T00:08:09.337" durationms="4.811" />

<exclusive-start id="143" timestamp="2019-06-16T00:08:09.337" intervalms="5.340">
  <response-info timems="0.019" idlems="0.019" threads="0" lastid="00000000014B0700" lastname="main" />
</exclusive-start>
<allocation-taxation id="144" taxation-threshold="3145728" timestamp="2019-06-16T00:08:09.337" intervalms="5.338" />
<gc-start id="145" type="global mark phase" contextid="121" timestamp="2019-06-16T00:08:09.337">
  <mem-info id="146" free="3145728" total="10485760" percent="30">
    <remembered-set count="608" freebytes="416128" totalbytes="418560" percent="99" regionsoverflowed="0" regionsstable="0" regionsrebuilding="0"/>
  </mem-info>
</gc-start>
<gc-op id="147" type="mark increment" timems="1.062" contextid="121" timestamp="2019-06-16T00:08:09.338">
  <trace-info objectcount="2" scancount="1" scanbytes="24" />
  <finalization candidates="45" enqueued="0" />
  <ownableSynchronizers candidates="1" cleared="0" />
  <references type="soft" candidates="66" cleared="0" enqueued="0" dynamicThreshold="19" maxThreshold="32" />
  <references type="weak" candidates="382" cleared="0" enqueued="0" />
  <references type="phantom" candidates="80" cleared="0" enqueued="0" />
  <stringconstants candidates="2485" cleared="0"  />
</gc-op>
<gc-op id="148" type="classunload" timems="0.001" contextid="121" timestamp="2019-06-16T00:08:09.338">
  <classunload-info classloadercandidates="6" classloadersunloaded="0" classesunloaded="0" anonymousclassesunloaded="0" quiescems="0.000" setupms="0.001" scanms="0.000" postms="0.000" />
</gc-op>
<gc-end id="149" type="global mark phase" contextid="121" durationms="1.299" usertimems="0.000" systemtimems="0.000" timestamp="2019-06-16T00:08:09.339" activeThreads="1">
  <mem-info id="150" free="3145728" total="10485760" percent="30">
    <remembered-set count="608" freebytes="416128" totalbytes="418560" percent="99" regionsoverflowed="0" regionsstable="0" regionsrebuilding="0"/>
  </mem-info>
</gc-end>
<cycle-end id="151" type="global mark phase" contextid="121" timestamp="2019-06-16T00:08:09.339" />
  <attribute name="elasticGC enabled" value="1" />
  <attribute name= "numThreadsSpecified" value="1" />
  <attribute name="heapSize specified" value="0" />
  <attribute name="Current GC Util" value="139" />
  <attribute name= "Current Time Running" value="703" />
  <attribute name ="GC Interval" value="0" />
  <attribute name="ProportionalT" value="178.500000" />
  <attribute name="ProportionalI" value="178.500000" />
  <attribute name="ProportionalH" value="178.500000" />
  <attribute name="Current Error" value="119.000000" />
  <attribute name="IntegralT" value="0.000000" />
  <attribute name="IntegralI" value="0.000000" />
  <attribute name="IntegralH" value="0.000000" />
  <attribute name="DerivativeT" value="inf" />
  <attribute name="DerivativeI" value="inf" />
  <attribute name="DerivativeH" value="inf" />
  <attribute name="Loop Time for DT" value="0.000000" />
  <attribute name="Output H" value="8388608"/>
  <attribute name="Output I" value="200"/>
  <attribute name="Output T" value="1"/>
  <attribute name="Target GC Util Change" value ="20.000000" />
  <attribute name="Current GC Util Change" value="139.000000"/>
  <attribute name="GC Util currently" value="139" />
  <attribute name="CPU Util currently" value="18126912818545" />
<exclusive-end id="152" timestamp="2019-06-16T00:08:09.339" durationms="1.594" />

<exclusive-start id="153" timestamp="2019-06-16T00:08:09.339" intervalms="2.030">
  <response-info timems="0.021" idlems="0.021" threads="0" lastid="00000000014B0700" lastname="main" />
</exclusive-start>
<allocation-taxation id="154" taxation-threshold="3145728" timestamp="2019-06-16T00:08:09.339" intervalms="2.030" />
<cycle-start id="155" type="partial gc" contextid="0" timestamp="2019-06-16T00:08:09.339" intervalms="7.324" />
<gc-start id="156" type="partial gc" contextid="155" timestamp="2019-06-16T00:08:09.339">
  <mem-info id="157" free="0" total="10485760" percent="0">
    <mem type="eden" free="1207824" total="7340032" percent="16" />
    <remembered-set count="608" freebytes="416128" totalbytes="418560" percent="99" regionsoverflowed="0" regionsstable="0" regionsrebuilding="0"/>
  </mem-info>
</gc-start>
<allocation-stats totalBytes="5417704" >
  <allocated-bytes non-tlh="840512" tlh="4577192" arrayletleaf="0"/>
  <largest-consumer threadName="main" threadId="00000000014B0700" bytes="2453656" />
</allocation-stats>
<gc-op id="158" type="sweep" timems="0.802" contextid="155" timestamp="2019-06-16T00:08:09.340" />
<gc-op id="159" type="copy forward" timems="2.216" contextid="155" timestamp="2019-06-16T00:08:09.343">
  <memory-copied type="eden" objects="2" bytes="33720" bytesdiscarded="0" />
  <memory-copied type="other" objects="0" bytes="0" bytesdiscarded="0" />
  <memory-cardclean objects="0" bytes="0" />
  <regions eden="3" other="1" />
  <remembered-set-cleared processed="337" cleared="0" durationms="0.048" />
  <stringconstants candidates="2485" cleared="0"  />
</gc-op>
<gc-op id="160" type="classunload" timems="0.000" contextid="155" timestamp="2019-06-16T00:08:09.343">
  <classunload-info classloadercandidates="6" classloadersunloaded="0" classesunloaded="0" anonymousclassesunloaded="0" quiescems="0.000" setupms="0.000" scanms="0.000" postms="0.000" />
</gc-op>
<gc-end id="161" type="partial gc" contextid="155" durationms="4.098" usertimems="8.000" systemtimems="0.000" timestamp="2019-06-16T00:08:09.343" activeThreads="4">
  <mem-info id="162" free="6291456" total="10485760" percent="60">
    <mem type="eden" free="1014856" total="1048576" percent="96" />
    <remembered-set count="608" freebytes="416128" totalbytes="418560" percent="99" regionsoverflowed="0" regionsstable="0" regionsrebuilding="0"/>
  </mem-info>
</gc-end>
<cycle-end id="163" type="partial gc" contextid="155" timestamp="2019-06-16T00:08:09.344" />
  <attribute name="elasticGC enabled" value="1" />
  <attribute name= "numThreadsSpecified" value="4" />
  <attribute name="heapSize specified" value="0" />
  <attribute name="Current GC Util" value="122" />
  <attribute name= "Current Time Running" value="706" />
  <attribute name ="GC Interval" value="0" />
  <attribute name="ProportionalT" value="153.000000" />
  <attribute name="ProportionalI" value="153.000000" />
  <attribute name="ProportionalH" value="153.000000" />
  <attribute name="Current Error" value="102.000000" />
  <attribute name="IntegralT" value="0.000000" />
  <attribute name="IntegralI" value="0.000000" />
  <attribute name="IntegralH" value="0.000000" />
  <attribute name="DerivativeT" value="-inf" />
  <attribute name="DerivativeI" value="-inf" />
  <attribute name="DerivativeH" value="-inf" />
  <attribute name="Loop Time for DT" value="0.000000" />
  <attribute name="Output H" value="2091843584"/>
  <attribute name="Output I" value="200"/>
  <attribute name="Output T" value="4"/>
  <attribute name="Target GC Util Change" value ="20.000000" />
  <attribute name="Current GC Util Change" value="122.000000"/>
  <attribute name="GC Util currently" value="122" />
  <attribute name="CPU Util currently" value="13954508645058" />
<exclusive-end id="164" timestamp="2019-06-16T00:08:09.344" durationms="4.534" />

<exclusive-start id="165" timestamp="2019-06-16T00:08:09.344" intervalms="4.991">
  <response-info timems="0.017" idlems="0.017" threads="0" lastid="00000000014B0700" lastname="main" />
</exclusive-start>
<allocation-taxation id="166" taxation-threshold="3145728" timestamp="2019-06-16T00:08:09.344" intervalms="4.990" />
<cycle-start id="167" type="global mark phase" contextid="0" timestamp="2019-06-16T00:08:09.344" intervalms="15.126" />
<gc-start id="168" type="global mark phase" contextid="167" timestamp="2019-06-16T00:08:09.344">
  <mem-info id="169" free="3145728" total="10485760" percent="30">
    <remembered-set count="608" freebytes="416128" totalbytes="418560" percent="99" regionsoverflowed="0" regionsstable="0" regionsrebuilding="0"/>
  </mem-info>
</gc-start>
<gc-op id="170" type="mark increment" timems="0.673" contextid="167" timestamp="2019-06-16T00:08:09.345">
  <trace-info objectcount="89" scancount="0" scanbytes="0" />
</gc-op>
<gc-end id="171" type="global mark phase" contextid="167" durationms="0.839" usertimems="0.000" systemtimems="0.000" timestamp="2019-06-16T00:08:09.345" activeThreads="4">
  <mem-info id="172" free="3145728" total="10485760" percent="30">
    <remembered-set count="608" freebytes="416128" totalbytes="418560" percent="99" regionsoverflowed="0" regionsstable="0" regionsrebuilding="0"/>
  </mem-info>
</gc-end>
<concurrent-start id="173" type="GMP work packet processing" contextid="167" timestamp="2019-06-16T00:08:09.345">
  <concurrent-mark-start scanTarget="18446744073709551615" />
</concurrent-start>
<exclusive-end id="174" timestamp="2019-06-16T00:08:09.345" durationms="1.216" />

<concurrent-end id="175" type="GMP work packet processing" contextid="167" timestamp="2019-06-16T00:08:09.347">
  <concurrent-mark-end bytesScanned="543896" reasonForTermination="Completed all work in GC phase" />
</concurrent-end>

<exclusive-start id="176" timestamp="2019-06-16T00:08:09.347" intervalms="2.806">
  <response-info timems="0.019" idlems="0.019" threads="0" lastid="00000000014B0700" lastname="main" />
</exclusive-start>
<allocation-taxation id="177" taxation-threshold="3145728" timestamp="2019-06-16T00:08:09.347" intervalms="2.810" />
<cycle-start id="178" type="partial gc" contextid="0" timestamp="2019-06-16T00:08:09.347" intervalms="7.839" />
<gc-start id="179" type="partial gc" contextid="178" timestamp="2019-06-16T00:08:09.347">
  <mem-info id="180" free="0" total="10485760" percent="0">
    <mem type="eden" free="1014856" total="7340032" percent="13" />
    <remembered-set count="608" freebytes="416128" totalbytes="418560" percent="99" regionsoverflowed="0" regionsstable="0" regionsrebuilding="0"/>
  </mem-info>
</gc-start>
<allocation-stats totalBytes="5425264" >
  <allocated-bytes non-tlh="1601688" tlh="3823576" arrayletleaf="0"/>
  <largest-consumer threadName="main" threadId="00000000014B0700" bytes="2707888" />
</allocation-stats>
<gc-op id="181" type="mark" timems="0.589" contextid="178" timestamp="2019-06-16T00:08:09.348">
  <trace-info objectcount="4" scancount="2" scanbytes="40" />
  <remembered-set-cleared processed="337" cleared="0" durationms="0.056" />
  <stringconstants candidates="2485" cleared="0"  />
  <warning details="Mark invoked due to insufficient free space for Copy-Forward" />
</gc-op>
<gc-op id="182" type="classunload" timems="0.002" contextid="178" timestamp="2019-06-16T00:08:09.348">
  <classunload-info classloadercandidates="6" classloadersunloaded="0" classesunloaded="0" anonymousclassesunloaded="0" quiescems="0.000" setupms="0.001" scanms="0.000" postms="0.000" />
</gc-op>
<gc-op id="183" type="sweep" timems="0.830" contextid="178" timestamp="2019-06-16T00:08:09.349" />
<gc-op id="184" type="compact" timems="1.226" contextid="178" timestamp="2019-06-16T00:08:09.351">
  <compact-info movecount="4" movebytes="36296" />
  <remembered-set-cleared processed="674" cleared="0" durationms="0.056" />
</gc-op>
<gc-end id="185" type="partial gc" contextid="178" durationms="3.910" usertimems="4.000" systemtimems="0.000" timestamp="2019-06-16T00:08:09.351" activeThreads="4">
  <mem-info id="186" free="6291456" total="10485760" percent="60">
    <mem type="eden" free="1012280" total="1048576" percent="96" />
    <remembered-set count="608" freebytes="416128" totalbytes="418560" percent="99" regionsoverflowed="0" regionsstable="0" regionsrebuilding="0"/>
  </mem-info>
</gc-end>
<cycle-end id="187" type="partial gc" contextid="178" timestamp="2019-06-16T00:08:09.351" />
  <attribute name="elasticGC enabled" value="1" />
  <attribute name= "numThreadsSpecified" value="4" />
  <attribute name="heapSize specified" value="0" />
  <attribute name="Current GC Util" value="124" />
  <attribute name= "Current Time Running" value="715" />
  <attribute name ="GC Interval" value="0" />
  <attribute name="ProportionalT" value="156.000000" />
  <attribute name="ProportionalI" value="156.000000" />
  <attribute name="ProportionalH" value="156.000000" />
  <attribute name="Current Error" value="104.000000" />
  <attribute name="IntegralT" value="104.000000" />
  <attribute name="IntegralI" value="104.000000" />
  <attribute name="IntegralH" value="104.000000" />
  <attribute name="DerivativeT" value="52.000000" />
  <attribute name="DerivativeI" value="52.000000" />
  <attribute name="DerivativeH" value="52.000000" />
  <attribute name="Loop Time for DT" value="1.000000" />
  <attribute name="Output H" value="8388608"/>
  <attribute name="Output I" value="312"/>
  <attribute name="Output T" value="4"/>
  <attribute name="Target GC Util Change" value ="20.000000" />
  <attribute name="Current GC Util Change" value="124.000000"/>
  <attribute name="GC Util currently" value="124" />
  <attribute name="CPU Util currently" value="4340345008247" />
<exclusive-end id="188" timestamp="2019-06-16T00:08:09.351" durationms="4.412" />

<exclusive-start id="189" timestamp="2019-06-16T00:08:09.352" intervalms="4.958">
  <response-info timems="0.064" idlems="0.064" threads="0" lastid="00000000014B0700" lastname="main" />
</exclusive-start>
<allocation-taxation id="190" taxation-threshold="3145728" timestamp="2019-06-16T00:08:09.352" intervalms="4.958" />
<gc-start id="191" type="global mark phase" contextid="167" timestamp="2019-06-16T00:08:09.352">
  <mem-info id="192" free="3145728" total="10485760" percent="30">
    <remembered-set count="608" freebytes="416128" totalbytes="418560" percent="99" regionsoverflowed="0" regionsstable="0" regionsrebuilding="0"/>
  </mem-info>
</gc-start>
<gc-op id="193" type="mark increment" timems="1.133" contextid="167" timestamp="2019-06-16T00:08:09.353">
  <trace-info objectcount="2" scancount="1" scanbytes="24" />
  <finalization candidates="45" enqueued="0" />
  <ownableSynchronizers candidates="1" cleared="0" />
  <references type="soft" candidates="66" cleared="0" enqueued="0" dynamicThreshold="19" maxThreshold="32" />
  <references type="weak" candidates="382" cleared="0" enqueued="0" />
  <references type="phantom" candidates="80" cleared="0" enqueued="0" />
  <stringconstants candidates="2485" cleared="0"  />
</gc-op>
<gc-op id="194" type="classunload" timems="0.001" contextid="167" timestamp="2019-06-16T00:08:09.353">
  <classunload-info classloadercandidates="6" classloadersunloaded="0" classesunloaded="0" anonymousclassesunloaded="0" quiescems="0.000" setupms="0.001" scanms="0.000" postms="0.000" />
</gc-op>
<gc-end id="195" type="global mark phase" contextid="167" durationms="1.498" usertimems="4.000" systemtimems="0.000" timestamp="2019-06-16T00:08:09.354" activeThreads="1">
  <mem-info id="196" free="3145728" total="10485760" percent="30">
    <remembered-set count="608" freebytes="416128" totalbytes="418560" percent="99" regionsoverflowed="0" regionsstable="0" regionsrebuilding="0"/>
  </mem-info>
</gc-end>
<cycle-end id="197" type="global mark phase" contextid="167" timestamp="2019-06-16T00:08:09.354" />
  <attribute name="elasticGC enabled" value="1" />
  <attribute name= "numThreadsSpecified" value="1" />
  <attribute name="heapSize specified" value="0" />
  <attribute name="Current GC Util" value="119" />
  <attribute name= "Current Time Running" value="718" />
  <attribute name ="GC Interval" value="0" />
  <attribute name="ProportionalT" value="148.500000" />
  <attribute name="ProportionalI" value="148.500000" />
  <attribute name="ProportionalH" value="148.500000" />
  <attribute name="Current Error" value="99.000000" />
  <attribute name="IntegralT" value="0.000000" />
  <attribute name="IntegralI" value="0.000000" />
  <attribute name="IntegralH" value="0.000000" />
  <attribute name="DerivativeT" value="inf" />
  <attribute name="DerivativeI" value="inf" />
  <attribute name="DerivativeH" value="inf" />
  <attribute name="Loop Time for DT" value="0.000000" />
  <attribute name="Output H" value="8388608"/>
  <attribute name="Output I" value="200"/>
  <attribute name="Output T" value="1"/>
  <attribute name="Target GC Util Change" value ="20.000000" />
  <attribute name="Current GC Util Change" value="119.000000"/>
  <attribute name="GC Util currently" value="119" />
  <attribute name="CPU Util currently" value="17163210530408" />
<exclusive-end id="198" timestamp="2019-06-16T00:08:09.354" durationms="1.904" />

<exclusive-start id="199" timestamp="2019-06-16T00:08:09.354" intervalms="2.376">
  <response-info timems="0.017" idlems="0.017" threads="0" lastid="00000000014B0700" lastname="main" />
</exclusive-start>
<allocation-taxation id="200" taxation-threshold="3145728" timestamp="2019-06-16T00:08:09.354" intervalms="2.376" />
<cycle-start id="201" type="partial gc" contextid="0" timestamp="2019-06-16T00:08:09.354" intervalms="7.298" />
<gc-start id="202" type="partial gc" contextid="201" timestamp="2019-06-16T00:08:09.355">
  <mem-info id="203" free="0" total="10485760" percent="0">
    <mem type="eden" free="1120688" total="7340032" percent="15" />
    <remembered-set count="608" freebytes="416128" totalbytes="418560" percent="99" regionsoverflowed="0" regionsstable="0" regionsrebuilding="0"/>
  </mem-info>
</gc-start>
<allocation-stats totalBytes="5516928" >
  <allocated-bytes non-tlh="1706344" tlh="3810584" arrayletleaf="0"/>
  <largest-consumer threadName="main" threadId="00000000014B0700" bytes="2779976" />
</allocation-stats>
<gc-op id="204" type="sweep" timems="0.810" contextid="201" timestamp="2019-06-16T00:08:09.356" />
<gc-op id="205" type="copy forward" timems="1.469" contextid="201" timestamp="2019-06-16T00:08:09.358">
  <memory-copied type="eden" objects="2" bytes="38480" bytesdiscarded="0" />
  <memory-copied type="other" objects="0" bytes="0" bytesdiscarded="0" />
  <memory-cardclean objects="0" bytes="0" />
  <regions eden="3" other="1" />
  <remembered-set-cleared processed="343" cleared="0" durationms="0.047" />
  <stringconstants candidates="2485" cleared="0"  />
</gc-op>
<gc-op id="206" type="classunload" timems="0.001" contextid="201" timestamp="2019-06-16T00:08:09.358">
  <classunload-info classloadercandidates="6" classloadersunloaded="0" classesunloaded="0" anonymousclassesunloaded="0" quiescems="0.000" setupms="0.001" scanms="0.000" postms="0.000" />
</gc-op>
<gc-end id="207" type="partial gc" contextid="201" durationms="3.409" usertimems="4.000" systemtimems="0.000" timestamp="2019-06-16T00:08:09.358" activeThreads="4">
  <mem-info id="208" free="6291456" total="10485760" percent="60">
    <mem type="eden" free="1010096" total="1048576" percent="96" />
    <remembered-set count="608" freebytes="416128" totalbytes="418560" percent="99" regionsoverflowed="0" regionsstable="0" regionsrebuilding="0"/>
  </mem-info>
</gc-end>
<cycle-end id="209" type="partial gc" contextid="201" timestamp="2019-06-16T00:08:09.358" />
  <attribute name="elasticGC enabled" value="1" />
  <attribute name= "numThreadsSpecified" value="4" />
  <attribute name="heapSize specified" value="0" />
  <attribute name="Current GC Util" value="112" />
  <attribute name= "Current Time Running" value="722" />
  <attribute name ="GC Interval" value="0" />
  <attribute name="ProportionalT" value="138.000000" />
  <attribute name="ProportionalI" value="138.000000" />
  <attribute name="ProportionalH" value="138.000000" />
  <attribute name="Current Error" value="92.000000" />
  <attribute name="IntegralT" value="92.000000" />
  <attribute name="IntegralI" value="92.000000" />
  <attribute name="IntegralH" value="92.000000" />
  <attribute name="DerivativeT" value="-4.500000" />
  <attribute name="DerivativeI" value="-4.500000" />
  <attribute name="DerivativeH" value="-4.500000" />
  <attribute name="Loop Time for DT" value="1.000000" />
  <attribute name="Output H" value="8388608"/>
  <attribute name="Output I" value="232"/>
  <attribute name="Output T" value="4"/>
  <attribute name="Target GC Util Change" value ="20.000000" />
  <attribute name="Current GC Util Change" value="112.000000"/>
  <attribute name="GC Util currently" value="112" />
  <attribute name="CPU Util currently" value="12819426190489" />
<exclusive-end id="210" timestamp="2019-06-16T00:08:09.358" durationms="3.898" />

<exclusive-start id="211" timestamp="2019-06-16T00:08:09.359" intervalms="4.369">
  <response-info timems="0.017" idlems="0.017" threads="0" lastid="00000000014B0700" lastname="main" />
</exclusive-start>
<allocation-taxation id="212" taxation-threshold="3145728" timestamp="2019-06-16T00:08:09.359" intervalms="4.398" />
<cycle-start id="213" type="global mark phase" contextid="0" timestamp="2019-06-16T00:08:09.359" intervalms="14.583" />
<gc-start id="214" type="global mark phase" contextid="213" timestamp="2019-06-16T00:08:09.359">
  <mem-info id="215" free="3145728" total="10485760" percent="30">
    <remembered-set count="608" freebytes="416128" totalbytes="418560" percent="99" regionsoverflowed="0" regionsstable="0" regionsrebuilding="0"/>
  </mem-info>
</gc-start>
<gc-op id="216" type="mark increment" timems="0.656" contextid="213" timestamp="2019-06-16T00:08:09.360">
  <trace-info objectcount="88" scancount="0" scanbytes="0" />
</gc-op>
<gc-end id="217" type="global mark phase" contextid="213" durationms="0.845" usertimems="4.000" systemtimems="0.000" timestamp="2019-06-16T00:08:09.360" activeThreads="1">
  <mem-info id="218" free="3145728" total="10485760" percent="30">
    <remembered-set count="608" freebytes="416128" totalbytes="418560" percent="99" regionsoverflowed="0" regionsstable="0" regionsrebuilding="0"/>
  </mem-info>
</gc-end>
<concurrent-start id="219" type="GMP work packet processing" contextid="213" timestamp="2019-06-16T00:08:09.360">
  <concurrent-mark-start scanTarget="18446744073709551615" />
</concurrent-start>
<exclusive-end id="220" timestamp="2019-06-16T00:08:09.360" durationms="1.312" />

<concurrent-end id="221" type="GMP work packet processing" contextid="213" timestamp="2019-06-16T00:08:09.361">
  <concurrent-mark-end bytesScanned="543880" reasonForTermination="Completed all work in GC phase" />
</concurrent-end>

<exclusive-start id="222" timestamp="2019-06-16T00:08:09.362" intervalms="2.945">
  <response-info timems="0.023" idlems="0.023" threads="0" lastid="00000000014B0700" lastname="main" />
</exclusive-start>
<allocation-taxation id="223" taxation-threshold="3145728" timestamp="2019-06-16T00:08:09.362" intervalms="2.918" />
<cycle-start id="224" type="partial gc" contextid="0" timestamp="2019-06-16T00:08:09.362" intervalms="7.317" />
<gc-start id="225" type="partial gc" contextid="224" timestamp="2019-06-16T00:08:09.362">
  <mem-info id="226" free="0" total="10485760" percent="0">
    <mem type="eden" free="1047120" total="7340032" percent="14" />
    <remembered-set count="608" freebytes="416128" totalbytes="418560" percent="99" regionsoverflowed="0" regionsstable="0" regionsrebuilding="0"/>
  </mem-info>
</gc-start>
<allocation-stats totalBytes="5777704" >
  <allocated-bytes non-tlh="2009496" tlh="3768208" arrayletleaf="0"/>
  <largest-consumer threadName="main" threadId="00000000014B0700" bytes="2918640" />
</allocation-stats>
<gc-op id="227" type="mark" timems="0.579" contextid="224" timestamp="2019-06-16T00:08:09.363">
  <trace-info objectcount="2" scancount="1" scanbytes="24" />
  <remembered-set-cleared processed="343" cleared="0" durationms="0.055" />
  <stringconstants candidates="2485" cleared="0"  />
  <warning details="Mark invoked due to insufficient free space for Copy-Forward" />
</gc-op>
<gc-op id="228" type="classunload" timems="0.001" contextid="224" timestamp="2019-06-16T00:08:09.363">
  <classunload-info classloadercandidates="6" classloadersunloaded="0" classesunloaded="0" anonymousclassesunloaded="0" quiescems="0.000" setupms="0.001" scanms="0.000" postms="0.000" />
</gc-op>
<gc-op id="229" type="sweep" timems="0.819" contextid="224" timestamp="2019-06-16T00:08:09.364" />
<gc-op id="230" type="compact" timems="1.601" contextid="224" timestamp="2019-06-16T00:08:09.366">
  <compact-info movecount="2" movebytes="40704" />
  <remembered-set-cleared processed="686" cleared="0" durationms="0.055" />
</gc-op>
<gc-end id="231" type="partial gc" contextid="224" durationms="4.201" usertimems="8.000" systemtimems="0.000" timestamp="2019-06-16T00:08:09.366" activeThreads="4">
  <mem-info id="232" free="6291456" total="10485760" percent="60">
    <mem type="eden" free="1007872" total="1048576" percent="96" />
    <remembered-set count="608" freebytes="416128" totalbytes="418560" percent="99" regionsoverflowed="0" regionsstable="0" regionsrebuilding="0"/>
  </mem-info>
</gc-end>
<cycle-end id="233" type="partial gc" contextid="224" timestamp="2019-06-16T00:08:09.366" />
  <attribute name="elasticGC enabled" value="1" />
  <attribute name= "numThreadsSpecified" value="4" />
  <attribute name="heapSize specified" value="0" />
  <attribute name="Current GC Util" value="127" />
  <attribute name= "Current Time Running" value="730" />
  <attribute name ="GC Interval" value="0" />
  <attribute name="ProportionalT" value="160.500000" />
  <attribute name="ProportionalI" value="160.500000" />
  <attribute name="ProportionalH" value="160.500000" />
  <attribute name="Current Error" value="107.000000" />
  <attribute name="IntegralT" value="107.000000" />
  <attribute name="IntegralI" value="107.000000" />
  <attribute name="IntegralH" value="107.000000" />
  <attribute name="DerivativeT" value="53.500000" />
  <attribute name="DerivativeI" value="53.500000" />
  <attribute name="DerivativeH" value="53.500000" />
  <attribute name="Loop Time for DT" value="1.000000" />
  <attribute name="Output H" value="8388608"/>
  <attribute name="Output I" value="328"/>
  <attribute name="Output T" value="4"/>
  <attribute name="Target GC Util Change" value ="20.000000" />
  <attribute name="Current GC Util Change" value="127.000000"/>
  <attribute name="GC Util currently" value="127" />
  <attribute name="CPU Util currently" value="4421067279836" />
<exclusive-end id="234" timestamp="2019-06-16T00:08:09.366" durationms="4.653" />

<exclusive-start id="235" timestamp="2019-06-16T00:08:09.367" intervalms="5.149">
  <response-info timems="0.025" idlems="0.025" threads="0" lastid="00000000014B0700" lastname="main" />
</exclusive-start>
<allocation-taxation id="236" taxation-threshold="3145728" timestamp="2019-06-16T00:08:09.367" intervalms="5.149" />
<gc-start id="237" type="global mark phase" contextid="213" timestamp="2019-06-16T00:08:09.367">
  <mem-info id="238" free="3145728" total="10485760" percent="30">
    <remembered-set count="608" freebytes="416128" totalbytes="418560" percent="99" regionsoverflowed="0" regionsstable="0" regionsrebuilding="0"/>
  </mem-info>
</gc-start>
<gc-op id="239" type="mark increment" timems="1.077" contextid="213" timestamp="2019-06-16T00:08:09.368">
  <trace-info objectcount="2" scancount="1" scanbytes="24" />
  <finalization candidates="45" enqueued="0" />
  <ownableSynchronizers candidates="1" cleared="0" />
  <references type="soft" candidates="66" cleared="0" enqueued="0" dynamicThreshold="19" maxThreshold="32" />
  <references type="weak" candidates="382" cleared="0" enqueued="0" />
  <references type="phantom" candidates="80" cleared="0" enqueued="0" />
  <stringconstants candidates="2485" cleared="0"  />
</gc-op>
<gc-op id="240" type="classunload" timems="0.001" contextid="213" timestamp="2019-06-16T00:08:09.368">
  <classunload-info classloadercandidates="6" classloadersunloaded="0" classesunloaded="0" anonymousclassesunloaded="0" quiescems="0.000" setupms="0.001" scanms="0.000" postms="0.000" />
</gc-op>
<gc-end id="241" type="global mark phase" contextid="213" durationms="1.307" usertimems="0.000" systemtimems="0.000" timestamp="2019-06-16T00:08:09.368" activeThreads="1">
  <mem-info id="242" free="3145728" total="10485760" percent="30">
    <remembered-set count="608" freebytes="416128" totalbytes="418560" percent="99" regionsoverflowed="0" regionsstable="0" regionsrebuilding="0"/>
  </mem-info>
</gc-end>
<cycle-end id="243" type="global mark phase" contextid="213" timestamp="2019-06-16T00:08:09.368" />
  <attribute name="elasticGC enabled" value="1" />
  <attribute name= "numThreadsSpecified" value="1" />
  <attribute name="heapSize specified" value="0" />
  <attribute name="Current GC Util" value="130" />
  <attribute name= "Current Time Running" value="733" />
  <attribute name ="GC Interval" value="0" />
  <attribute name="ProportionalT" value="165.000000" />
  <attribute name="ProportionalI" value="165.000000" />
  <attribute name="ProportionalH" value="165.000000" />
  <attribute name="Current Error" value="110.000000" />
  <attribute name="IntegralT" value="0.000000" />
  <attribute name="IntegralI" value="0.000000" />
  <attribute name="IntegralH" value="0.000000" />
  <attribute name="DerivativeT" value="inf" />
  <attribute name="DerivativeI" value="inf" />
  <attribute name="DerivativeH" value="inf" />
  <attribute name="Loop Time for DT" value="0.000000" />
  <attribute name="Output H" value="8388608"/>
  <attribute name="Output I" value="200"/>
  <attribute name="Output T" value="1"/>
  <attribute name="Target GC Util Change" value ="20.000000" />
  <attribute name="Current GC Util Change" value="130.000000"/>
  <attribute name="GC Util currently" value="130" />
  <attribute name="CPU Util currently" value="17263309661301" />
<exclusive-end id="244" timestamp="2019-06-16T00:08:09.368" durationms="1.615" />

<exclusive-start id="245" timestamp="2019-06-16T00:08:09.369" intervalms="2.122">
  <response-info timems="0.017" idlems="0.017" threads="0" lastid="00000000014B0700" lastname="main" />
</exclusive-start>
<allocation-taxation id="246" taxation-threshold="3145728" timestamp="2019-06-16T00:08:09.369" intervalms="2.119" />
<cycle-start id="247" type="partial gc" contextid="0" timestamp="2019-06-16T00:08:09.369" intervalms="7.266" />
<gc-start id="248" type="partial gc" contextid="247" timestamp="2019-06-16T00:08:09.369">
  <mem-info id="249" free="0" total="10485760" percent="0">
    <mem type="eden" free="1063256" total="7340032" percent="14" />
    <remembered-set count="608" freebytes="416128" totalbytes="418560" percent="99" regionsoverflowed="0" regionsstable="0" regionsrebuilding="0"/>
  </mem-info>
</gc-start>
<allocation-stats totalBytes="5896520" >
  <allocated-bytes non-tlh="2160088" tlh="3736432" arrayletleaf="0"/>
  <largest-consumer threadName="main" threadId="00000000014B0700" bytes="3052704" />
</allocation-stats>
<gc-op id="250" type="sweep" timems="0.768" contextid="247" timestamp="2019-06-16T00:08:09.370" />
<gc-op id="251" type="copy forward" timems="1.465" contextid="247" timestamp="2019-06-16T00:08:09.372">
  <memory-copied type="eden" objects="2" bytes="42928" bytesdiscarded="0" />
  <memory-copied type="other" objects="0" bytes="0" bytesdiscarded="0" />
  <memory-cardclean objects="0" bytes="0" />
  <regions eden="3" other="1" />
  <remembered-set-cleared processed="347" cleared="0" durationms="0.046" />
  <stringconstants candidates="2485" cleared="0"  />
</gc-op>
<gc-op id="252" type="classunload" timems="0.001" contextid="247" timestamp="2019-06-16T00:08:09.372">
  <classunload-info classloadercandidates="6" classloadersunloaded="0" classesunloaded="0" anonymousclassesunloaded="0" quiescems="0.000" setupms="0.001" scanms="0.000" postms="0.000" />
</gc-op>
<gc-op id="253" type="compact" timems="0.902" contextid="247" timestamp="2019-06-16T00:08:09.373">
  <compact-info movecount="0" movebytes="0" />
  <remembered-set-cleared processed="694" cleared="0" durationms="0.046" />
</gc-op>
<gc-end id="254" type="partial gc" contextid="247" durationms="4.409" usertimems="0.000" systemtimems="4.000" timestamp="2019-06-16T00:08:09.374" activeThreads="4">
  <mem-info id="255" free="6291456" total="10485760" percent="60">
    <mem type="eden" free="1005648" total="1048576" percent="95" />
    <remembered-set count="608" freebytes="416128" totalbytes="418560" percent="99" regionsoverflowed="0" regionsstable="0" regionsrebuilding="0"/>
  </mem-info>
</gc-end>
<cycle-end id="256" type="partial gc" contextid="247" timestamp="2019-06-16T00:08:09.374" />
  <attribute name="elasticGC enabled" value="1" />
  <attribute name= "numThreadsSpecified" value="4" />
  <attribute name="heapSize specified" value="0" />
  <attribute name="Current GC Util" value="111" />
  <attribute name= "Current Time Running" value="738" />
  <attribute name ="GC Interval" value="0" />
  <attribute name="ProportionalT" value="136.500000" />
  <attribute name="ProportionalI" value="136.500000" />
  <attribute name="ProportionalH" value="136.500000" />
  <attribute name="Current Error" value="91.000000" />
  <attribute name="IntegralT" value="182.000000" />
  <attribute name="IntegralI" value="182.000000" />
  <attribute name="IntegralH" value="182.000000" />
  <attribute name="DerivativeT" value="-0.250000" />
  <attribute name="DerivativeI" value="-0.250000" />
  <attribute name="DerivativeH" value="-0.250000" />
  <attribute name="Loop Time for DT" value="2.000000" />
  <attribute name="Output H" value="8388608"/>
  <attribute name="Output I" value="320"/>
  <attribute name="Output T" value="4"/>
  <attribute name="Target GC Util Change" value ="20.000000" />
  <attribute name="Current GC Util Change" value="111.000000"/>
  <attribute name="GC Util currently" value="111" />
  <attribute name="CPU Util currently" value="2720567710109" />
<exclusive-end id="257" timestamp="2019-06-16T00:08:09.374" durationms="4.915" />

<exclusive-start id="258" timestamp="2019-06-16T00:08:09.374" intervalms="5.363">
  <response-info timems="0.017" idlems="0.017" threads="0" lastid="00000000014B0700" lastname="main" />
</exclusive-start>
<allocation-taxation id="259" taxation-threshold="3145728" timestamp="2019-06-16T00:08:09.374" intervalms="5.364" />
<cycle-start id="260" type="global mark phase" contextid="0" timestamp="2019-06-16T00:08:09.374" intervalms="15.512" />
<gc-start id="261" type="global mark phase" contextid="260" timestamp="2019-06-16T00:08:09.374">
  <mem-info id="262" free="3145728" total="10485760" percent="30">
    <remembered-set count="608" freebytes="416128" totalbytes="418560" percent="99" regionsoverflowed="0" regionsstable="0" regionsrebuilding="0"/>
  </mem-info>
</gc-start>
<gc-op id="263" type="mark increment" timems="0.689" contextid="260" timestamp="2019-06-16T00:08:09.375">
  <trace-info objectcount="89" scancount="0" scanbytes="0" />
</gc-op>
<gc-end id="264" type="global mark phase" contextid="260" durationms="0.803" usertimems="4.000" systemtimems="0.000" timestamp="2019-06-16T00:08:09.375" activeThreads="4">
  <mem-info id="265" free="3145728" total="10485760" percent="30">
    <remembered-set count="608" freebytes="416128" totalbytes="418560" percent="99" regionsoverflowed="0" regionsstable="0" regionsrebuilding="0"/>
  </mem-info>
</gc-end>
<concurrent-start id="266" type="GMP work packet processing" contextid="260" timestamp="2019-06-16T00:08:09.375">
  <concurrent-mark-start scanTarget="18446744073709551615" />
</concurrent-start>
<exclusive-end id="267" timestamp="2019-06-16T00:08:09.375" durationms="1.135" />

<exclusive-start id="268" timestamp="2019-06-16T00:08:09.376" intervalms="2.239">
  <response-info timems="0.023" idlems="0.023" threads="0" lastid="00000000014B0700" lastname="main" />
</exclusive-start>
<allocation-taxation id="269" taxation-threshold="3145728" timestamp="2019-06-16T00:08:09.377" intervalms="2.491" />
<concurrent-end id="270" type="GMP work packet processing" contextid="260" timestamp="2019-06-16T00:08:09.377">
  <concurrent-mark-end bytesScanned="543896" reasonForTermination="Completed all work in GC phase" />
</concurrent-end>

<cycle-start id="271" type="partial gc" contextid="0" timestamp="2019-06-16T00:08:09.377" intervalms="7.989" />
<gc-start id="272" type="partial gc" contextid="271" timestamp="2019-06-16T00:08:09.377">
  <mem-info id="273" free="0" total="10485760" percent="0">
    <mem type="eden" free="1005648" total="7340032" percent="13" />
    <remembered-set count="608" freebytes="416128" totalbytes="418560" percent="99" regionsoverflowed="0" regionsstable="0" regionsrebuilding="0"/>
  </mem-info>
</gc-start>
<allocation-stats totalBytes="5238216" >
  <allocated-bytes non-tlh="3069896" tlh="2168320" arrayletleaf="0"/>
  <largest-consumer threadName="main" threadId="00000000014B0700" bytes="2495824" />
</allocation-stats>
<gc-op id="274" type="mark" timems="0.570" contextid="271" timestamp="2019-06-16T00:08:09.378">
  <trace-info objectcount="4" scancount="2" scanbytes="40" />
  <remembered-set-cleared processed="350" cleared="0" durationms="0.055" />
  <stringconstants candidates="2485" cleared="0"  />
  <warning details="Mark invoked due to insufficient free space for Copy-Forward" />
</gc-op>
<gc-op id="275" type="classunload" timems="0.001" contextid="271" timestamp="2019-06-16T00:08:09.378">
  <classunload-info classloadercandidates="6" classloadersunloaded="0" classesunloaded="0" anonymousclassesunloaded="0" quiescems="0.000" setupms="0.001" scanms="0.000" postms="0.000" />
</gc-op>
<gc-op id="276" type="sweep" timems="0.812" contextid="271" timestamp="2019-06-16T00:08:09.379" />
<gc-op id="277" type="compact" timems="1.100" contextid="271" timestamp="2019-06-16T00:08:09.381">
  <compact-info movecount="4" movebytes="45112" />
  <remembered-set-cleared processed="700" cleared="0" durationms="0.055" />
</gc-op>
<gc-end id="278" type="partial gc" contextid="271" durationms="3.633" usertimems="8.000" systemtimems="0.000" timestamp="2019-06-16T00:08:09.381" activeThreads="4">
  <mem-info id="279" free="6291456" total="10485760" percent="60">
    <mem type="eden" free="1003464" total="1048576" percent="95" />
    <remembered-set count="1120" freebytes="414080" totalbytes="418560" percent="98" regionsoverflowed="0" regionsstable="0" regionsrebuilding="0"/>
  </mem-info>
</gc-end>
<cycle-end id="280" type="partial gc" contextid="271" timestamp="2019-06-16T00:08:09.381" />
  <attribute name="elasticGC enabled" value="1" />
  <attribute name= "numThreadsSpecified" value="4" />
  <attribute name="heapSize specified" value="0" />
  <attribute name="Current GC Util" value="133" />
  <attribute name= "Current Time Running" value="745" />
  <attribute name ="GC Interval" value="0" />
  <attribute name="ProportionalT" value="169.500000" />
  <attribute name="ProportionalI" value="169.500000" />
  <attribute name="ProportionalH" value="169.500000" />
  <attribute name="Current Error" value="113.000000" />
  <attribute name="IntegralT" value="113.000000" />
  <attribute name="IntegralI" value="113.000000" />
  <attribute name="IntegralH" value="113.000000" />
  <attribute name="DerivativeT" value="56.500000" />
  <attribute name="DerivativeI" value="56.500000" />
  <attribute name="DerivativeH" value="56.500000" />
  <attribute name="Loop Time for DT" value="1.000000" />
  <attribute name="Output H" value="8388608"/>
  <attribute name="Output I" value="344"/>
  <attribute name="Output T" value="4"/>
  <attribute name="Target GC Util Change" value ="20.000000" />
  <attribute name="Current GC Util Change" value="133.000000"/>
  <attribute name="GC Util currently" value="133" />
  <attribute name="CPU Util currently" value="4440277965685" />
<exclusive-end id="281" timestamp="2019-06-16T00:08:09.381" durationms="4.508" />

<exclusive-start id="282" timestamp="2019-06-16T00:08:09.381" intervalms="5.013">
  <response-info timems="0.046" idlems="0.046" threads="0" lastid="00000000014B0700" lastname="main" />
</exclusive-start>
<allocation-taxation id="283" taxation-threshold="3145728" timestamp="2019-06-16T00:08:09.382" intervalms="4.762" />
<gc-start id="284" type="global mark phase" contextid="260" timestamp="2019-06-16T00:08:09.382">
  <mem-info id="285" free="3145728" total="10485760" percent="30">
    <remembered-set count="1120" freebytes="414080" totalbytes="418560" percent="98" regionsoverflowed="0" regionsstable="0" regionsrebuilding="0"/>
  </mem-info>
</gc-start>
<gc-op id="286" type="mark increment" timems="0.987" contextid="260" timestamp="2019-06-16T00:08:09.383">
  <trace-info objectcount="2" scancount="1" scanbytes="16" />
  <finalization candidates="45" enqueued="0" />
  <ownableSynchronizers candidates="1" cleared="0" />
  <references type="soft" candidates="66" cleared="0" enqueued="0" dynamicThreshold="19" maxThreshold="32" />
  <references type="weak" candidates="382" cleared="0" enqueued="0" />
  <references type="phantom" candidates="80" cleared="0" enqueued="0" />
  <stringconstants candidates="2485" cleared="0"  />
</gc-op>
<gc-op id="287" type="classunload" timems="0.001" contextid="260" timestamp="2019-06-16T00:08:09.383">
  <classunload-info classloadercandidates="6" classloadersunloaded="0" classesunloaded="0" anonymousclassesunloaded="0" quiescems="0.000" setupms="0.001" scanms="0.000" postms="0.000" />
</gc-op>
<gc-end id="288" type="global mark phase" contextid="260" durationms="1.245" usertimems="0.000" systemtimems="0.000" timestamp="2019-06-16T00:08:09.383" activeThreads="1">
  <mem-info id="289" free="3145728" total="10485760" percent="30">
    <remembered-set count="1120" freebytes="414080" totalbytes="418560" percent="98" regionsoverflowed="0" regionsstable="0" regionsrebuilding="0"/>
  </mem-info>
</gc-end>
<cycle-end id="290" type="global mark phase" contextid="260" timestamp="2019-06-16T00:08:09.383" />
  <attribute name="elasticGC enabled" value="1" />
  <attribute name= "numThreadsSpecified" value="1" />
  <attribute name="heapSize specified" value="0" />
  <attribute name="Current GC Util" value="137" />
  <attribute name= "Current Time Running" value="748" />
  <attribute name ="GC Interval" value="0" />
  <attribute name="ProportionalT" value="175.500000" />
  <attribute name="ProportionalI" value="175.500000" />
  <attribute name="ProportionalH" value="175.500000" />
  <attribute name="Current Error" value="117.000000" />
  <attribute name="IntegralT" value="0.000000" />
  <attribute name="IntegralI" value="0.000000" />
  <attribute name="IntegralH" value="0.000000" />
  <attribute name="DerivativeT" value="inf" />
  <attribute name="DerivativeI" value="inf" />
  <attribute name="DerivativeH" value="inf" />
  <attribute name="Loop Time for DT" value="0.000000" />
  <attribute name="Output H" value="8388608"/>
  <attribute name="Output I" value="200"/>
  <attribute name="Output T" value="1"/>
  <attribute name="Target GC Util Change" value ="20.000000" />
  <attribute name="Current GC Util Change" value="137.000000"/>
  <attribute name="GC Util currently" value="137" />
  <attribute name="CPU Util currently" value="18297073998257" />
<exclusive-end id="291" timestamp="2019-06-16T00:08:09.383" durationms="1.550" />

<exclusive-start id="292" timestamp="2019-06-16T00:08:09.384" intervalms="2.028">
  <response-info timems="0.017" idlems="0.017" threads="0" lastid="00000000014B0700" lastname="main" />
</exclusive-start>
<allocation-taxation id="293" taxation-threshold="3145728" timestamp="2019-06-16T00:08:09.384" intervalms="2.032" />
<cycle-start id="294" type="partial gc" contextid="0" timestamp="2019-06-16T00:08:09.384" intervalms="6.660" />
<gc-start id="295" type="partial gc" contextid="294" timestamp="2019-06-16T00:08:09.384">
  <mem-info id="296" free="0" total="10485760" percent="0">
    <mem type="eden" free="1003464" total="7340032" percent="13" />
    <remembered-set count="1120" freebytes="414080" totalbytes="418560" percent="98" regionsoverflowed="0" regionsstable="0" regionsrebuilding="0"/>
  </mem-info>
</gc-start>
<allocation-stats totalBytes="5368832" >
  <allocated-bytes non-tlh="2945136" tlh="2423696" arrayletleaf="0"/>
  <largest-consumer threadName="main" threadId="00000000014B0700" bytes="2658976" />
</allocation-stats>
<gc-op id="297" type="sweep" timems="0.406" contextid="294" timestamp="2019-06-16T00:08:09.384" />
<gc-op id="298" type="copy forward" timems="0.566" contextid="294" timestamp="2019-06-16T00:08:09.386">
  <memory-copied type="eden" objects="4" bytes="47256" bytesdiscarded="0" />
  <memory-copied type="other" objects="0" bytes="0" bytesdiscarded="0" />
  <memory-cardclean objects="0" bytes="0" />
  <regions eden="3" other="1" />
  <remembered-set-cleared processed="355" cleared="0" durationms="0.047" />
  <stringconstants candidates="2485" cleared="0"  />
</gc-op>
<gc-op id="299" type="classunload" timems="0.001" contextid="294" timestamp="2019-06-16T00:08:09.386">
  <classunload-info classloadercandidates="6" classloadersunloaded="0" classesunloaded="0" anonymousclassesunloaded="0" quiescems="0.000" setupms="0.001" scanms="0.000" postms="0.000" />
</gc-op>
<gc-end id="300" type="partial gc" contextid="294" durationms="2.116" usertimems="4.000" systemtimems="0.000" timestamp="2019-06-16T00:08:09.386" activeThreads="1">
  <mem-info id="301" free="6291456" total="10485760" percent="60">
    <mem type="eden" free="1001320" total="1048576" percent="95" />
    <remembered-set count="1120" freebytes="414080" totalbytes="418560" percent="98" regionsoverflowed="0" regionsstable="0" regionsrebuilding="0"/>
  </mem-info>
</gc-end>
<cycle-end id="302" type="partial gc" contextid="294" timestamp="2019-06-16T00:08:09.386" />
  <attribute name="elasticGC enabled" value="1" />
  <attribute name= "numThreadsSpecified" value="1" />
  <attribute name="heapSize specified" value="0" />
  <attribute name="Current GC Util" value="269" />
  <attribute name= "Current Time Running" value="750" />
  <attribute name ="GC Interval" value="0" />
  <attribute name="ProportionalT" value="373.500000" />
  <attribute name="ProportionalI" value="373.500000" />
  <attribute name="ProportionalH" value="373.500000" />
  <attribute name="Current Error" value="249.000000" />
  <attribute name="IntegralT" value="0.000000" />
  <attribute name="IntegralI" value="0.000000" />
  <attribute name="IntegralH" value="0.000000" />
  <attribute name="DerivativeT" value="inf" />
  <attribute name="DerivativeI" value="inf" />
  <attribute name="DerivativeH" value="inf" />
  <attribute name="Loop Time for DT" value="0.000000" />
  <attribute name="Output H" value="8388608"/>
  <attribute name="Output I" value="200"/>
  <attribute name="Output T" value="1"/>
  <attribute name="Target GC Util Change" value ="20.000000" />
  <attribute name="Current GC Util Change" value="269.000000"/>
  <attribute name="GC Util currently" value="269" />
  <attribute name="CPU Util currently" value="12819960736478" />
<exclusive-end id="303" timestamp="2019-06-16T00:08:09.386" durationms="2.728" />

<exclusive-start id="304" timestamp="2019-06-16T00:08:09.387" intervalms="3.232">
  <response-info timems="0.020" idlems="0.020" threads="0" lastid="00000000014B0700" lastname="main" />
</exclusive-start>
<allocation-taxation id="305" taxation-threshold="3145728" timestamp="2019-06-16T00:08:09.387" intervalms="3.229" />
<cycle-start id="306" type="global mark phase" contextid="0" timestamp="2019-06-16T00:08:09.387" intervalms="12.516" />
<gc-start id="307" type="global mark phase" contextid="306" timestamp="2019-06-16T00:08:09.387">
  <mem-info id="308" free="3145728" total="10485760" percent="30">
    <remembered-set count="1120" freebytes="414080" totalbytes="418560" percent="98" regionsoverflowed="0" regionsstable="0" regionsrebuilding="0"/>
  </mem-info>
</gc-start>
<gc-op id="309" type="mark increment" timems="0.625" contextid="306" timestamp="2019-06-16T00:08:09.388">
  <trace-info objectcount="88" scancount="0" scanbytes="0" />
</gc-op>
<gc-end id="310" type="global mark phase" contextid="306" durationms="0.783" usertimems="0.000" systemtimems="0.000" timestamp="2019-06-16T00:08:09.388" activeThreads="1">
  <mem-info id="311" free="3145728" total="10485760" percent="30">
    <remembered-set count="1120" freebytes="414080" totalbytes="418560" percent="98" regionsoverflowed="0" regionsstable="0" regionsrebuilding="0"/>
  </mem-info>
</gc-end>
<concurrent-start id="312" type="GMP work packet processing" contextid="306" timestamp="2019-06-16T00:08:09.388">
  <concurrent-mark-start scanTarget="18446744073709551615" />
</concurrent-start>
<exclusive-end id="313" timestamp="2019-06-16T00:08:09.388" durationms="1.162" />

<concurrent-end id="314" type="GMP work packet processing" contextid="306" timestamp="2019-06-16T00:08:09.389">
  <concurrent-mark-end bytesScanned="543880" reasonForTermination="Completed all work in GC phase" />
</concurrent-end>

<exclusive-start id="315" timestamp="2019-06-16T00:08:09.389" intervalms="2.703">
  <response-info timems="0.018" idlems="0.018" threads="0" lastid="00000000014B0700" lastname="main" />
</exclusive-start>
<allocation-taxation id="316" taxation-threshold="3145728" timestamp="2019-06-16T00:08:09.390" intervalms="2.699" />
<cycle-start id="317" type="partial gc" contextid="0" timestamp="2019-06-16T00:08:09.390" intervalms="5.924" />
<gc-start id="318" type="partial gc" contextid="317" timestamp="2019-06-16T00:08:09.390">
  <mem-info id="319" free="0" total="10485760" percent="0">
    <mem type="eden" free="1094128" total="7340032" percent="14" />
    <remembered-set count="1120" freebytes="414080" totalbytes="418560" percent="98" regionsoverflowed="0" regionsstable="0" regionsrebuilding="0"/>
  </mem-info>
</gc-start>
<allocation-stats totalBytes="5412696" >
  <allocated-bytes non-tlh="2979192" tlh="2433504" arrayletleaf="0"/>
  <largest-consumer threadName="main" threadId="00000000014B0700" bytes="2662048" />
</allocation-stats>
<gc-op id="320" type="mark" timems="1.582" contextid="317" timestamp="2019-06-16T00:08:09.392">
  <trace-info objectcount="2" scancount="1" scanbytes="16" />
  <remembered-set-cleared processed="355" cleared="0" durationms="0.047" />
  <stringconstants candidates="2485" cleared="0"  />
  <warning details="Mark invoked due to insufficient free space for Copy-Forward" />
</gc-op>
<gc-op id="321" type="classunload" timems="0.001" contextid="317" timestamp="2019-06-16T00:08:09.392">
  <classunload-info classloadercandidates="6" classloadersunloaded="0" classesunloaded="0" anonymousclassesunloaded="0" quiescems="0.000" setupms="0.001" scanms="0.000" postms="0.000" />
</gc-op>
<gc-op id="322" type="sweep" timems="0.747" contextid="317" timestamp="2019-06-16T00:08:09.393" />
<gc-op id="323" type="compact" timems="1.570" contextid="317" timestamp="2019-06-16T00:08:09.394">
  <compact-info movecount="2" movebytes="98056" />
  <remembered-set-cleared processed="710" cleared="0" durationms="0.073" />
</gc-op>
<gc-end id="324" type="partial gc" contextid="317" durationms="4.965" usertimems="8.000" systemtimems="0.000" timestamp="2019-06-16T00:08:09.395" activeThreads="4">
  <mem-info id="325" free="6291456" total="10485760" percent="60">
    <mem type="eden" free="950520" total="1048576" percent="90" />
    <remembered-set count="640" freebytes="416000" totalbytes="418560" percent="99" regionsoverflowed="0" regionsstable="0" regionsrebuilding="0"/>
  </mem-info>
</gc-end>
<cycle-end id="326" type="partial gc" contextid="317" timestamp="2019-06-16T00:08:09.395" />
  <attribute name="elasticGC enabled" value="1" />
  <attribute name= "numThreadsSpecified" value="4" />
  <attribute name="heapSize specified" value="0" />
  <attribute name="Current GC Util" value="112" />
  <attribute name= "Current Time Running" value="758" />
  <attribute name ="GC Interval" value="0" />
  <attribute name="ProportionalT" value="138.000000" />
  <attribute name="ProportionalI" value="138.000000" />
  <attribute name="ProportionalH" value="138.000000" />
  <attribute name="Current Error" value="92.000000" />
  <attribute name="IntegralT" value="92.000000" />
  <attribute name="IntegralI" value="92.000000" />
  <attribute name="IntegralH" value="92.000000" />
  <attribute name="DerivativeT" value="-13.500000" />
  <attribute name="DerivativeI" value="-13.500000" />
  <attribute name="DerivativeH" value="-13.500000" />
  <attribute name="Loop Time for DT" value="1.000000" />
  <attribute name="Output H" value="8388608"/>
  <attribute name="Output I" value="216"/>
  <attribute name="Output T" value="4"/>
  <attribute name="Target GC Util Change" value ="20.000000" />
  <attribute name="Current GC Util Change" value="112.000000"/>
  <attribute name="GC Util currently" value="112" />
  <attribute name="CPU Util currently" value="4962740341953" />
<exclusive-end id="327" timestamp="2019-06-16T00:08:09.395" durationms="5.500" />

<exclusive-start id="328" timestamp="2019-06-16T00:08:09.395" intervalms="6.011">
  <response-info timems="0.043" idlems="0.043" threads="0" lastid="00000000014B0700" lastname="main" />
</exclusive-start>
<allocation-taxation id="329" taxation-threshold="3145728" timestamp="2019-06-16T00:08:09.396" intervalms="6.012" />
<gc-start id="330" type="global mark phase" contextid="306" timestamp="2019-06-16T00:08:09.396">
  <mem-info id="331" free="3145728" total="10485760" percent="30">
    <remembered-set count="640" freebytes="416000" totalbytes="418560" percent="99" regionsoverflowed="0" regionsstable="0" regionsrebuilding="0"/>
  </mem-info>
</gc-start>
<gc-op id="332" type="mark increment" timems="1.003" contextid="306" timestamp="2019-06-16T00:08:09.397">
  <trace-info objectcount="2" scancount="1" scanbytes="16" />
  <finalization candidates="45" enqueued="0" />
  <ownableSynchronizers candidates="1" cleared="0" />
  <references type="soft" candidates="66" cleared="0" enqueued="0" dynamicThreshold="19" maxThreshold="32" />
  <references type="weak" candidates="382" cleared="0" enqueued="0" />
  <references type="phantom" candidates="80" cleared="0" enqueued="0" />
  <stringconstants candidates="2485" cleared="0"  />
</gc-op>
<gc-op id="333" type="classunload" timems="0.001" contextid="306" timestamp="2019-06-16T00:08:09.397">
  <classunload-info classloadercandidates="6" classloadersunloaded="0" classesunloaded="0" anonymousclassesunloaded="0" quiescems="0.000" setupms="0.001" scanms="0.000" postms="0.000" />
</gc-op>
<gc-end id="334" type="global mark phase" contextid="306" durationms="1.283" usertimems="4.000" systemtimems="0.000" timestamp="2019-06-16T00:08:09.397" activeThreads="1">
  <mem-info id="335" free="3145728" total="10485760" percent="30">
    <remembered-set count="640" freebytes="416000" totalbytes="418560" percent="99" regionsoverflowed="0" regionsstable="0" regionsrebuilding="0"/>
  </mem-info>
</gc-end>
<cycle-end id="336" type="global mark phase" contextid="306" timestamp="2019-06-16T00:08:09.397" />
  <attribute name="elasticGC enabled" value="1" />
  <attribute name= "numThreadsSpecified" value="1" />
  <attribute name="heapSize specified" value="0" />
  <attribute name="Current GC Util" value="123" />
  <attribute name= "Current Time Running" value="762" />
  <attribute name ="GC Interval" value="0" />
  <attribute name="ProportionalT" value="154.500000" />
  <attribute name="ProportionalI" value="154.500000" />
  <attribute name="ProportionalH" value="154.500000" />
  <attribute name="Current Error" value="103.000000" />
  <attribute name="IntegralT" value="0.000000" />
  <attribute name="IntegralI" value="0.000000" />
  <attribute name="IntegralH" value="0.000000" />
  <attribute name="DerivativeT" value="inf" />
  <attribute name="DerivativeI" value="inf" />
  <attribute name="DerivativeH" value="inf" />
  <attribute name="Loop Time for DT" value="0.000000" />
  <attribute name="Output H" value="8388608"/>
  <attribute name="Output I" value="200"/>
  <attribute name="Output T" value="1"/>
  <attribute name="Target GC Util Change" value ="20.000000" />
  <attribute name="Current GC Util Change" value="123.000000"/>
  <attribute name="GC Util currently" value="123" />
  <attribute name="CPU Util currently" value="18114879470207" />
<exclusive-end id="337" timestamp="2019-06-16T00:08:09.397" durationms="1.575" />

<exclusive-start id="338" timestamp="2019-06-16T00:08:09.398" intervalms="2.092">
  <response-info timems="0.043" idlems="0.043" threads="0" lastid="00000000014B0700" lastname="main" />
</exclusive-start>
<allocation-taxation id="339" taxation-threshold="3145728" timestamp="2019-06-16T00:08:09.398" intervalms="2.090" />
<cycle-start id="340" type="partial gc" contextid="0" timestamp="2019-06-16T00:08:09.398" intervalms="8.105" />
<gc-start id="341" type="partial gc" contextid="340" timestamp="2019-06-16T00:08:09.398">
  <mem-info id="342" free="0" total="10485760" percent="0">
    <mem type="eden" free="981752" total="7340032" percent="13" />
    <remembered-set count="640" freebytes="416000" totalbytes="418560" percent="99" regionsoverflowed="0" regionsstable="0" regionsrebuilding="0"/>
  </mem-info>
</gc-start>
<allocation-stats totalBytes="5549760" >
  <allocated-bytes non-tlh="3148184" tlh="2401576" arrayletleaf="0"/>
  <largest-consumer threadName="main" threadId="00000000014B0700" bytes="2747136" />
</allocation-stats>
<gc-op id="343" type="sweep" timems="0.377" contextid="340" timestamp="2019-06-16T00:08:09.398" />
<gc-op id="344" type="copy forward" timems="0.567" contextid="340" timestamp="2019-06-16T00:08:09.400">
  <memory-copied type="eden" objects="2" bytes="51064" bytesdiscarded="0" />
  <memory-copied type="other" objects="0" bytes="0" bytesdiscarded="0" />
  <memory-cardclean objects="0" bytes="0" />
  <regions eden="3" other="1" />
  <remembered-set-cleared processed="358" cleared="0" durationms="0.046" />
  <stringconstants candidates="2485" cleared="0"  />
</gc-op>
<gc-op id="345" type="classunload" timems="0.000" contextid="340" timestamp="2019-06-16T00:08:09.400">
  <classunload-info classloadercandidates="6" classloadersunloaded="0" classesunloaded="0" anonymousclassesunloaded="0" quiescems="0.000" setupms="0.000" scanms="0.000" postms="0.000" />
</gc-op>
<gc-end id="346" type="partial gc" contextid="340" durationms="2.073" usertimems="0.000" systemtimems="4.000" timestamp="2019-06-16T00:08:09.400" activeThreads="1">
  <mem-info id="347" free="6291456" total="10485760" percent="60">
    <mem type="eden" free="997512" total="1048576" percent="95" />
    <remembered-set count="640" freebytes="416000" totalbytes="418560" percent="99" regionsoverflowed="0" regionsstable="0" regionsrebuilding="0"/>
  </mem-info>
</gc-end>
<cycle-end id="348" type="partial gc" contextid="340" timestamp="2019-06-16T00:08:09.400" />
  <attribute name="elasticGC enabled" value="1" />
  <attribute name= "numThreadsSpecified" value="1" />
  <attribute name="heapSize specified" value="0" />
  <attribute name="Current GC Util" value="304" />
  <attribute name= "Current Time Running" value="764" />
  <attribute name ="GC Interval" value="0" />
  <attribute name="ProportionalT" value="426.000000" />
  <attribute name="ProportionalI" value="426.000000" />
  <attribute name="ProportionalH" value="426.000000" />
  <attribute name="Current Error" value="284.000000" />
  <attribute name="IntegralT" value="0.000000" />
  <attribute name="IntegralI" value="0.000000" />
  <attribute name="IntegralH" value="0.000000" />
  <attribute name="DerivativeT" value="inf" />
  <attribute name="DerivativeI" value="inf" />
  <attribute name="DerivativeH" value="inf" />
  <attribute name="Loop Time for DT" value="0.000000" />
  <attribute name="Output H" value="8388608"/>
  <attribute name="Output I" value="200"/>
  <attribute name="Output T" value="1"/>
  <attribute name="Target GC Util Change" value ="20.000000" />
  <attribute name="Current GC Util Change" value="304.000000"/>
  <attribute name="GC Util currently" value="304" />
  <attribute name="CPU Util currently" value="13888738018897" />
<exclusive-end id="349" timestamp="2019-06-16T00:08:09.400" durationms="2.675" />

<exclusive-start id="350" timestamp="2019-06-16T00:08:09.401" intervalms="3.204">
  <response-info timems="0.048" idlems="0.048" threads="0" lastid="00000000014B0700" lastname="main" />
</exclusive-start>
<allocation-taxation id="351" taxation-threshold="3145728" timestamp="2019-06-16T00:08:09.401" intervalms="3.207" />
<cycle-start id="352" type="global mark phase" contextid="0" timestamp="2019-06-16T00:08:09.401" intervalms="14.006" />
<gc-start id="353" type="global mark phase" contextid="352" timestamp="2019-06-16T00:08:09.401">
  <mem-info id="354" free="3145728" total="10485760" percent="30">
    <remembered-set count="640" freebytes="416000" totalbytes="418560" percent="99" regionsoverflowed="0" regionsstable="0" regionsrebuilding="0"/>
  </mem-info>
</gc-start>
<gc-op id="355" type="mark increment" timems="0.598" contextid="352" timestamp="2019-06-16T00:08:09.402">
  <trace-info objectcount="88" scancount="0" scanbytes="0" />
</gc-op>
<gc-end id="356" type="global mark phase" contextid="352" durationms="0.752" usertimems="0.000" systemtimems="0.000" timestamp="2019-06-16T00:08:09.402" activeThreads="1">
  <mem-info id="357" free="3145728" total="10485760" percent="30">
    <remembered-set count="640" freebytes="416000" totalbytes="418560" percent="99" regionsoverflowed="0" regionsstable="0" regionsrebuilding="0"/>
  </mem-info>
</gc-end>
<concurrent-start id="358" type="GMP work packet processing" contextid="352" timestamp="2019-06-16T00:08:09.402">
  <concurrent-mark-start scanTarget="18446744073709551615" />
</concurrent-start>
<exclusive-end id="359" timestamp="2019-06-16T00:08:09.402" durationms="1.125" />

<exclusive-start id="360" timestamp="2019-06-16T00:08:09.403" intervalms="2.582">
  <response-info timems="0.043" idlems="0.043" threads="0" lastid="00000000014B0700" lastname="main" />
</exclusive-start>
<concurrent-end id="361" type="GMP work packet processing" contextid="352" timestamp="2019-06-16T00:08:09.403">
  <concurrent-mark-end bytesScanned="540652" reasonForTermination="Completed all work in GC phase" />
</concurrent-end>

<allocation-taxation id="362" taxation-threshold="3145728" timestamp="2019-06-16T00:08:09.403" intervalms="2.591" />
<cycle-start id="363" type="partial gc" contextid="0" timestamp="2019-06-16T00:08:09.404" intervalms="5.852" />
<gc-start id="364" type="partial gc" contextid="363" timestamp="2019-06-16T00:08:09.404">
  <mem-info id="365" free="0" total="10485760" percent="0">
    <mem type="eden" free="1044592" total="7340032" percent="14" />
    <remembered-set count="640" freebytes="416000" totalbytes="418560" percent="99" regionsoverflowed="0" regionsstable="0" regionsrebuilding="0"/>
  </mem-info>
</gc-start>
<allocation-stats totalBytes="5660400" >
  <allocated-bytes non-tlh="3276880" tlh="2383520" arrayletleaf="0"/>
  <largest-consumer threadName="main" threadId="00000000014B0700" bytes="2765208" />
</allocation-stats>
<gc-op id="366" type="mark" timems="1.696" contextid="363" timestamp="2019-06-16T00:08:09.406">
  <trace-info objectcount="2" scancount="1" scanbytes="24" />
  <remembered-set-cleared processed="358" cleared="0" durationms="0.056" />
  <stringconstants candidates="2485" cleared="0"  />
  <warning details="Mark invoked due to insufficient free space for Copy-Forward" />
</gc-op>
<gc-op id="367" type="classunload" timems="0.001" contextid="363" timestamp="2019-06-16T00:08:09.406">
  <classunload-info classloadercandidates="6" classloadersunloaded="0" classesunloaded="0" anonymousclassesunloaded="0" quiescems="0.000" setupms="0.001" scanms="0.000" postms="0.000" />
</gc-op>
<gc-op id="368" type="sweep" timems="0.781" contextid="363" timestamp="2019-06-16T00:08:09.407" />
<gc-op id="369" type="compact" timems="1.595" contextid="363" timestamp="2019-06-16T00:08:09.409">
  <compact-info movecount="2" movebytes="53256" />
  <remembered-set-cleared processed="716" cleared="0" durationms="0.056" />
</gc-op>
<gc-end id="370" type="partial gc" contextid="363" durationms="5.141" usertimems="8.000" systemtimems="0.000" timestamp="2019-06-16T00:08:09.409" activeThreads="4">
  <mem-info id="371" free="6291456" total="10485760" percent="60">
    <mem type="eden" free="995320" total="1048576" percent="94" />
    <remembered-set count="640" freebytes="416000" totalbytes="418560" percent="99" regionsoverflowed="0" regionsstable="0" regionsrebuilding="0"/>
  </mem-info>
</gc-end>
<cycle-end id="372" type="partial gc" contextid="363" timestamp="2019-06-16T00:08:09.409" />
  <attribute name="elasticGC enabled" value="1" />
  <attribute name= "numThreadsSpecified" value="4" />
  <attribute name="heapSize specified" value="0" />
  <attribute name="Current GC Util" value="112" />
  <attribute name= "Current Time Running" value="773" />
  <attribute name ="GC Interval" value="0" />
  <attribute name="ProportionalT" value="138.000000" />
  <attribute name="ProportionalI" value="138.000000" />
  <attribute name="ProportionalH" value="138.000000" />
  <attribute name="Current Error" value="92.000000" />
  <attribute name="IntegralT" value="92.000000" />
  <attribute name="IntegralI" value="92.000000" />
  <attribute name="IntegralH" value="92.000000" />
  <attribute name="DerivativeT" value="-11.000000" />
  <attribute name="DerivativeI" value="-11.000000" />
  <attribute name="DerivativeH" value="-11.000000" />
  <attribute name="Loop Time for DT" value="1.000000" />
  <attribute name="Output H" value="8388608"/>
  <attribute name="Output I" value="224"/>
  <attribute name="Output T" value="4"/>
  <attribute name="Target GC Util Change" value ="20.000000" />
  <attribute name="Current GC Util Change" value="112.000000"/>
  <attribute name="GC Util currently" value="112" />
  <attribute name="CPU Util currently" value="4788635680961" />
<exclusive-end id="373" timestamp="2019-06-16T00:08:09.409" durationms="5.672" />

<exclusive-start id="374" timestamp="2019-06-16T00:08:09.410" intervalms="6.183">
  <response-info timems="0.044" idlems="0.044" threads="0" lastid="00000000014B0700" lastname="main" />
</exclusive-start>
<allocation-taxation id="375" taxation-threshold="3145728" timestamp="2019-06-16T00:08:09.410" intervalms="6.172" />
<gc-start id="376" type="global mark phase" contextid="352" timestamp="2019-06-16T00:08:09.410">
  <mem-info id="377" free="3145728" total="10485760" percent="30">
    <remembered-set count="640" freebytes="416000" totalbytes="418560" percent="99" regionsoverflowed="0" regionsstable="0" regionsrebuilding="0"/>
  </mem-info>
</gc-start>
<gc-op id="378" type="mark increment" timems="1.394" contextid="352" timestamp="2019-06-16T00:08:09.411">
  <trace-info objectcount="2" scancount="1" scanbytes="24" />
  <finalization candidates="45" enqueued="0" />
  <ownableSynchronizers candidates="1" cleared="0" />
  <references type="soft" candidates="66" cleared="21" enqueued="16" dynamicThreshold="19" maxThreshold="32" />
  <references type="weak" candidates="382" cleared="0" enqueued="0" />
  <references type="phantom" candidates="80" cleared="0" enqueued="0" />
  <stringconstants candidates="2485" cleared="0"  />
</gc-op>
<gc-op id="379" type="classunload" timems="0.002" contextid="352" timestamp="2019-06-16T00:08:09.411">
  <classunload-info classloadercandidates="6" classloadersunloaded="0" classesunloaded="0" anonymousclassesunloaded="0" quiescems="0.000" setupms="0.001" scanms="0.000" postms="0.000" />
</gc-op>
<gc-end id="380" type="global mark phase" contextid="352" durationms="1.806" usertimems="4.000" systemtimems="0.000" timestamp="2019-06-16T00:08:09.411" activeThreads="4">
  <mem-info id="381" free="3145728" total="10485760" percent="30">
    <pending-finalizers system="0" default="0" reference="16" classloader="0" />
    <remembered-set count="640" freebytes="416000" totalbytes="418560" percent="99" regionsoverflowed="0" regionsstable="0" regionsrebuilding="0"/>
  </mem-info>
</gc-end>
<cycle-end id="382" type="global mark phase" contextid="352" timestamp="2019-06-16T00:08:09.412" />
  <attribute name="elasticGC enabled" value="1" />
  <attribute name= "numThreadsSpecified" value="4" />
  <attribute name="heapSize specified" value="0" />
  <attribute name="Current GC Util" value="117" />
  <attribute name= "Current Time Running" value="776" />
  <attribute name ="GC Interval" value="0" />
  <attribute name="ProportionalT" value="145.500000" />
  <attribute name="ProportionalI" value="145.500000" />
  <attribute name="ProportionalH" value="145.500000" />
  <attribute name="Current Error" value="97.000000" />
  <attribute name="IntegralT" value="0.000000" />
  <attribute name="IntegralI" value="0.000000" />
  <attribute name="IntegralH" value="0.000000" />
  <attribute name="DerivativeT" value="-inf" />
  <attribute name="DerivativeI" value="-inf" />
  <attribute name="DerivativeH" value="-inf" />
  <attribute name="Loop Time for DT" value="0.000000" />
  <attribute name="Output H" value="2091843584"/>
  <attribute name="Output I" value="200"/>
  <attribute name="Output T" value="4"/>
  <attribute name="Target GC Util Change" value ="20.000000" />
  <attribute name="Current GC Util Change" value="117.000000"/>
  <attribute name="GC Util currently" value="117" />
  <attribute name="CPU Util currently" value="15658577713048" />
<exclusive-end id="383" timestamp="2019-06-16T00:08:09.412" durationms="2.103" />

<exclusive-start id="384" timestamp="2019-06-16T00:08:09.412" intervalms="2.585">
  <response-info timems="0.045" idlems="0.045" threads="0" lastid="00000000014B0700" lastname="main" />
</exclusive-start>
<allocation-taxation id="385" taxation-threshold="3145728" timestamp="2019-06-16T00:08:09.412" intervalms="2.586" />
<cycle-start id="386" type="partial gc" contextid="0" timestamp="2019-06-16T00:08:09.412" intervalms="8.711" />
<gc-start id="387" type="partial gc" contextid="386" timestamp="2019-06-16T00:08:09.412">
  <mem-info id="388" free="0" total="10485760" percent="0">
    <mem type="eden" free="1348728" total="7340032" percent="18" />
    <remembered-set count="640" freebytes="416000" totalbytes="418560" percent="99" regionsoverflowed="0" regionsstable="0" regionsrebuilding="0"/>
  </mem-info>
</gc-start>
<allocation-stats totalBytes="5517400" >
  <allocated-bytes non-tlh="3080672" tlh="2436728" arrayletleaf="0"/>
  <largest-consumer threadName="main" threadId="00000000014B0700" bytes="2647032" />
</allocation-stats>
<gc-op id="389" type="sweep" timems="0.806" contextid="386" timestamp="2019-06-16T00:08:09.413" />
<gc-op id="390" type="copy forward" timems="0.573" contextid="386" timestamp="2019-06-16T00:08:09.415">
  <memory-copied type="eden" objects="2" bytes="55144" bytesdiscarded="0" />
  <memory-copied type="other" objects="0" bytes="0" bytesdiscarded="0" />
  <memory-cardclean objects="15" bytes="464" />
  <regions eden="3" other="1" />
  <remembered-set-cleared processed="362" cleared="1" durationms="0.048" />
  <stringconstants candidates="2485" cleared="0"  />
</gc-op>
<gc-op id="391" type="classunload" timems="0.002" contextid="386" timestamp="2019-06-16T00:08:09.415">
  <classunload-info classloadercandidates="6" classloadersunloaded="0" classesunloaded="0" anonymousclassesunloaded="0" quiescems="0.000" setupms="0.001" scanms="0.000" postms="0.000" />
</gc-op>
<gc-end id="392" type="partial gc" contextid="386" durationms="2.453" usertimems="0.000" systemtimems="4.000" timestamp="2019-06-16T00:08:09.415" activeThreads="1">
  <mem-info id="393" free="6291456" total="10485760" percent="60">
    <mem type="eden" free="993432" total="1048576" percent="94" />
    <remembered-set count="640" freebytes="416000" totalbytes="418560" percent="99" regionsoverflowed="0" regionsstable="0" regionsrebuilding="0"/>
  </mem-info>
</gc-end>
<cycle-end id="394" type="partial gc" contextid="386" timestamp="2019-06-16T00:08:09.415" />
  <attribute name="elasticGC enabled" value="1" />
  <attribute name= "numThreadsSpecified" value="1" />
  <attribute name="heapSize specified" value="0" />
  <attribute name="Current GC Util" value="122" />
  <attribute name= "Current Time Running" value="779" />
  <attribute name ="GC Interval" value="0" />
  <attribute name="ProportionalT" value="153.000000" />
  <attribute name="ProportionalI" value="153.000000" />
  <attribute name="ProportionalH" value="153.000000" />
  <attribute name="Current Error" value="102.000000" />
  <attribute name="IntegralT" value="0.000000" />
  <attribute name="IntegralI" value="0.000000" />
  <attribute name="IntegralH" value="0.000000" />
  <attribute name="DerivativeT" value="inf" />
  <attribute name="DerivativeI" value="inf" />
  <attribute name="DerivativeH" value="inf" />
  <attribute name="Loop Time for DT" value="0.000000" />
  <attribute name="Output H" value="8388608"/>
  <attribute name="Output I" value="200"/>
  <attribute name="Output T" value="1"/>
  <attribute name="Target GC Util Change" value ="20.000000" />
  <attribute name="Current GC Util Change" value="122.000000"/>
  <attribute name="GC Util currently" value="122" />
  <attribute name="CPU Util currently" value="14233862402031" />
<exclusive-end id="395" timestamp="2019-06-16T00:08:09.415" durationms="3.147" />

<exclusive-start id="396" timestamp="2019-06-16T00:08:09.416" intervalms="3.693">
  <response-info timems="0.045" idlems="0.045" threads="0" lastid="00000000014B0700" lastname="main" />
</exclusive-start>
<allocation-taxation id="397" taxation-threshold="3145728" timestamp="2019-06-16T00:08:09.416" intervalms="3.693" />
<cycle-start id="398" type="global mark phase" contextid="0" timestamp="2019-06-16T00:08:09.416" intervalms="15.080" />
<gc-start id="399" type="global mark phase" contextid="398" timestamp="2019-06-16T00:08:09.416">
  <mem-info id="400" free="3145728" total="10485760" percent="30">
    <remembered-set count="640" freebytes="416000" totalbytes="418560" percent="99" regionsoverflowed="0" regionsstable="0" regionsrebuilding="0"/>
  </mem-info>
</gc-start>
<gc-op id="401" type="mark increment" timems="0.691" contextid="398" timestamp="2019-06-16T00:08:09.417">
  <trace-info objectcount="88" scancount="0" scanbytes="0" />
</gc-op>
<gc-end id="402" type="global mark phase" contextid="398" durationms="0.884" usertimems="0.000" systemtimems="0.000" timestamp="2019-06-16T00:08:09.417" activeThreads="1">
  <mem-info id="403" free="3145728" total="10485760" percent="30">
    <remembered-set count="640" freebytes="416000" totalbytes="418560" percent="99" regionsoverflowed="0" regionsstable="0" regionsrebuilding="0"/>
  </mem-info>
</gc-end>
<concurrent-start id="404" type="GMP work packet processing" contextid="398" timestamp="2019-06-16T00:08:09.417">
  <concurrent-mark-start scanTarget="18446744073709551615" />
</concurrent-start>
<exclusive-end id="405" timestamp="2019-06-16T00:08:09.417" durationms="1.319" />

<exclusive-start id="406" timestamp="2019-06-16T00:08:09.418" intervalms="1.952">
  <response-info timems="0.043" idlems="0.043" threads="0" lastid="00000000014B0700" lastname="main" />
</exclusive-start>
<allocation-taxation id="407" taxation-threshold="3145728" timestamp="2019-06-16T00:08:09.418" intervalms="2.348" />
<concurrent-end id="408" type="GMP work packet processing" contextid="398" timestamp="2019-06-16T00:08:09.418">
  <concurrent-mark-end bytesScanned="537808" reasonForTermination="Termination requested" />
</concurrent-end>

<cycle-start id="409" type="partial gc" contextid="0" timestamp="2019-06-16T00:08:09.418" intervalms="6.128" />
<gc-start id="410" type="partial gc" contextid="409" timestamp="2019-06-16T00:08:09.418">
  <mem-info id="411" free="0" total="10485760" percent="0">
    <mem type="eden" free="1230816" total="7340032" percent="16" />
    <remembered-set count="640" freebytes="416000" totalbytes="418560" percent="99" regionsoverflowed="0" regionsstable="0" regionsrebuilding="0"/>
  </mem-info>
</gc-start>
<allocation-stats totalBytes="5645296" >
  <allocated-bytes non-tlh="3300712" tlh="2344584" arrayletleaf="0"/>
  <largest-consumer threadName="main" threadId="00000000014B0700" bytes="2732576" />
</allocation-stats>
<gc-op id="412" type="mark" timems="1.873" contextid="409" timestamp="2019-06-16T00:08:09.421">
  <trace-info objectcount="2" scancount="1" scanbytes="24" />
  <remembered-set-cleared processed="362" cleared="0" durationms="0.056" />
  <stringconstants candidates="2485" cleared="0"  />
  <warning details="Mark invoked due to insufficient free space for Copy-Forward" />
</gc-op>
<gc-op id="413" type="classunload" timems="0.002" contextid="409" timestamp="2019-06-16T00:08:09.421">
  <classunload-info classloadercandidates="6" classloadersunloaded="0" classesunloaded="0" anonymousclassesunloaded="0" quiescems="0.000" setupms="0.002" scanms="0.000" postms="0.000" />
</gc-op>
<gc-op id="414" type="sweep" timems="0.748" contextid="409" timestamp="2019-06-16T00:08:09.422" />
<gc-op id="415" type="compact" timems="1.424" contextid="409" timestamp="2019-06-16T00:08:09.423">
  <compact-info movecount="2" movebytes="57016" />
  <remembered-set-cleared processed="724" cleared="0" durationms="0.056" />
</gc-op>
<gc-end id="416" type="partial gc" contextid="409" durationms="5.165" usertimems="8.000" systemtimems="0.000" timestamp="2019-06-16T00:08:09.424" activeThreads="4">
  <mem-info id="417" free="6291456" total="10485760" percent="60">
    <mem type="eden" free="991560" total="1048576" percent="94" />
    <remembered-set count="640" freebytes="416000" totalbytes="418560" percent="99" regionsoverflowed="0" regionsstable="0" regionsrebuilding="0"/>
  </mem-info>
</gc-end>
<cycle-end id="418" type="partial gc" contextid="409" timestamp="2019-06-16T00:08:09.424" />
  <attribute name="elasticGC enabled" value="1" />
  <attribute name= "numThreadsSpecified" value="4" />
  <attribute name="heapSize specified" value="0" />
  <attribute name="Current GC Util" value="112" />
  <attribute name= "Current Time Running" value="788" />
  <attribute name ="GC Interval" value="0" />
  <attribute name="ProportionalT" value="138.000000" />
  <attribute name="ProportionalI" value="138.000000" />
  <attribute name="ProportionalH" value="138.000000" />
  <attribute name="Current Error" value="92.000000" />
  <attribute name="IntegralT" value="92.000000" />
  <attribute name="IntegralI" value="92.000000" />
  <attribute name="IntegralH" value="92.000000" />
  <attribute name="DerivativeT" value="-11.000000" />
  <attribute name="DerivativeI" value="-11.000000" />
  <attribute name="DerivativeH" value="-11.000000" />
  <attribute name="Loop Time for DT" value="1.000000" />
  <attribute name="Output H" value="8388608"/>
  <attribute name="Output I" value="224"/>
  <attribute name="Output T" value="4"/>
  <attribute name="Target GC Util Change" value ="20.000000" />
  <attribute name="Current GC Util Change" value="112.000000"/>
  <attribute name="GC Util currently" value="112" />
  <attribute name="CPU Util currently" value="4961085332695" />
<concurrent-start id="419" type="GMP work packet processing" contextid="398" timestamp="2019-06-16T00:08:09.424">
  <concurrent-mark-start scanTarget="18446744073709013807" />
</concurrent-start>
<exclusive-end id="420" timestamp="2019-06-16T00:08:09.424" durationms="6.209" />

<exclusive-start id="421" timestamp="2019-06-16T00:08:09.425" intervalms="6.872">
  <response-info timems="0.045" idlems="0.045" threads="0" lastid="00000000014B0700" lastname="main" />
</exclusive-start>
<allocation-taxation id="422" taxation-threshold="3145728" timestamp="2019-06-16T00:08:09.425" intervalms="6.479" />
<concurrent-end id="423" type="GMP work packet processing" contextid="398" timestamp="2019-06-16T00:08:09.425">
  <concurrent-mark-end bytesScanned="0" reasonForTermination="Termination requested" />
</concurrent-end>

<gc-start id="424" type="global mark phase" contextid="398" timestamp="2019-06-16T00:08:09.425">
  <mem-info id="425" free="3145728" total="10485760" percent="30">
    <remembered-set count="640" freebytes="416000" totalbytes="418560" percent="99" regionsoverflowed="0" regionsstable="0" regionsrebuilding="0"/>
  </mem-info>
</gc-start>
<gc-op id="426" type="mark increment" timems="1.034" contextid="398" timestamp="2019-06-16T00:08:09.426">
  <trace-info objectcount="2" scancount="1" scanbytes="24" />
  <finalization candidates="45" enqueued="0" />
  <ownableSynchronizers candidates="1" cleared="0" />
  <references type="soft" candidates="45" cleared="0" enqueued="0" dynamicThreshold="19" maxThreshold="32" />
  <references type="weak" candidates="382" cleared="0" enqueued="0" />
  <references type="phantom" candidates="80" cleared="0" enqueued="0" />
  <stringconstants candidates="2485" cleared="0"  />
</gc-op>
<gc-op id="427" type="classunload" timems="0.001" contextid="398" timestamp="2019-06-16T00:08:09.426">
  <classunload-info classloadercandidates="6" classloadersunloaded="0" classesunloaded="0" anonymousclassesunloaded="0" quiescems="0.000" setupms="0.000" scanms="0.000" postms="0.000" />
</gc-op>
<gc-end id="428" type="global mark phase" contextid="398" durationms="1.245" usertimems="0.000" systemtimems="0.000" timestamp="2019-06-16T00:08:09.426" activeThreads="1">
  <mem-info id="429" free="3145728" total="10485760" percent="30">
    <remembered-set count="640" freebytes="416000" totalbytes="418560" percent="99" regionsoverflowed="0" regionsstable="0" regionsrebuilding="0"/>
  </mem-info>
</gc-end>
<cycle-end id="430" type="global mark phase" contextid="398" timestamp="2019-06-16T00:08:09.426" />
  <attribute name="elasticGC enabled" value="1" />
  <attribute name= "numThreadsSpecified" value="1" />
  <attribute name="heapSize specified" value="0" />
  <attribute name="Current GC Util" value="137" />
  <attribute name= "Current Time Running" value="791" />
  <attribute name ="GC Interval" value="0" />
  <attribute name="ProportionalT" value="175.500000" />
  <attribute name="ProportionalI" value="175.500000" />
  <attribute name="ProportionalH" value="175.500000" />
  <attribute name="Current Error" value="117.000000" />
  <attribute name="IntegralT" value="0.000000" />
  <attribute name="IntegralI" value="0.000000" />
  <attribute name="IntegralH" value="0.000000" />
  <attribute name="DerivativeT" value="inf" />
  <attribute name="DerivativeI" value="inf" />
  <attribute name="DerivativeH" value="inf" />
  <attribute name="Loop Time for DT" value="0.000000" />
  <attribute name="Output H" value="8388608"/>
  <attribute name="Output I" value="200"/>
  <attribute name="Output T" value="1"/>
  <attribute name="Target GC Util Change" value ="20.000000" />
  <attribute name="Current GC Util Change" value="137.000000"/>
  <attribute name="GC Util currently" value="137" />
  <attribute name="CPU Util currently" value="18487119928954" />
<exclusive-end id="431" timestamp="2019-06-16T00:08:09.426" durationms="1.604" />

<exclusive-start id="432" timestamp="2019-06-16T00:08:09.427" intervalms="2.075">
  <response-info timems="0.018" idlems="0.018" threads="0" lastid="00000000014B0700" lastname="main" />
</exclusive-start>
<allocation-taxation id="433" taxation-threshold="3145728" timestamp="2019-06-16T00:08:09.427" intervalms="2.083" />
<cycle-start id="434" type="partial gc" contextid="0" timestamp="2019-06-16T00:08:09.427" intervalms="8.492" />
<gc-start id="435" type="partial gc" contextid="434" timestamp="2019-06-16T00:08:09.427">
  <mem-info id="436" free="0" total="10485760" percent="0">
    <mem type="eden" free="1174416" total="7340032" percent="16" />
    <remembered-set count="640" freebytes="416000" totalbytes="418560" percent="99" regionsoverflowed="0" regionsstable="0" regionsrebuilding="0"/>
  </mem-info>
</gc-start>
<allocation-stats totalBytes="5808360" >
  <allocated-bytes non-tlh="3401752" tlh="2406608" arrayletleaf="0"/>
  <largest-consumer threadName="main" threadId="00000000014B0700" bytes="2807112" />
</allocation-stats>
<gc-op id="437" type="sweep" timems="0.804" contextid="434" timestamp="2019-06-16T00:08:09.428" />
<gc-op id="438" type="copy forward" timems="1.908" contextid="434" timestamp="2019-06-16T00:08:09.431">
  <memory-copied type="eden" objects="2" bytes="58496" bytesdiscarded="0" />
  <memory-copied type="other" objects="0" bytes="0" bytesdiscarded="0" />
  <memory-cardclean objects="0" bytes="0" />
  <regions eden="3" other="1" />
  <remembered-set-cleared processed="366" cleared="0" durationms="0.048" />
  <stringconstants candidates="2485" cleared="0"  />
</gc-op>
<gc-op id="439" type="classunload" timems="0.001" contextid="434" timestamp="2019-06-16T00:08:09.431">
  <classunload-info classloadercandidates="6" classloadersunloaded="0" classesunloaded="0" anonymousclassesunloaded="0" quiescems="0.000" setupms="0.001" scanms="0.000" postms="0.000" />
</gc-op>
<gc-end id="440" type="partial gc" contextid="434" durationms="3.936" usertimems="4.000" systemtimems="0.000" timestamp="2019-06-16T00:08:09.431" activeThreads="4">
  <mem-info id="441" free="6291456" total="10485760" percent="60">
    <mem type="eden" free="990080" total="1048576" percent="94" />
    <remembered-set count="640" freebytes="416000" totalbytes="418560" percent="99" regionsoverflowed="0" regionsstable="0" regionsrebuilding="0"/>
  </mem-info>
</gc-end>
<cycle-end id="442" type="partial gc" contextid="434" timestamp="2019-06-16T00:08:09.431" />
  <attribute name="elasticGC enabled" value="1" />
  <attribute name= "numThreadsSpecified" value="4" />
  <attribute name="heapSize specified" value="0" />
  <attribute name="Current GC Util" value="111" />
  <attribute name= "Current Time Running" value="794" />
  <attribute name ="GC Interval" value="0" />
  <attribute name="ProportionalT" value="136.500000" />
  <attribute name="ProportionalI" value="136.500000" />
  <attribute name="ProportionalH" value="136.500000" />
  <attribute name="Current Error" value="91.000000" />
  <attribute name="IntegralT" value="0.000000" />
  <attribute name="IntegralI" value="0.000000" />
  <attribute name="IntegralH" value="0.000000" />
  <attribute name="DerivativeT" value="-inf" />
  <attribute name="DerivativeI" value="-inf" />
  <attribute name="DerivativeH" value="-inf" />
  <attribute name="Loop Time for DT" value="0.000000" />
  <attribute name="Output H" value="2091843584"/>
  <attribute name="Output I" value="200"/>
  <attribute name="Output T" value="4"/>
  <attribute name="Target GC Util Change" value ="20.000000" />
  <attribute name="Current GC Util Change" value="111.000000"/>
  <attribute name="GC Util currently" value="111" />
  <attribute name="CPU Util currently" value="12759131519576" />
<exclusive-end id="443" timestamp="2019-06-16T00:08:09.431" durationms="4.514" />

<exclusive-start id="444" timestamp="2019-06-16T00:08:09.432" intervalms="5.070">
  <response-info timems="0.065" idlems="0.065" threads="0" lastid="00000000014B0700" lastname="main" />
</exclusive-start>
<allocation-taxation id="445" taxation-threshold="3145728" timestamp="2019-06-16T00:08:09.432" intervalms="5.067" />
<cycle-start id="446" type="global mark phase" contextid="0" timestamp="2019-06-16T00:08:09.432" intervalms="15.967" />
<gc-start id="447" type="global mark phase" contextid="446" timestamp="2019-06-16T00:08:09.432">
  <mem-info id="448" free="3145728" total="10485760" percent="30">
    <remembered-set count="640" freebytes="416000" totalbytes="418560" percent="99" regionsoverflowed="0" regionsstable="0" regionsrebuilding="0"/>
  </mem-info>
</gc-start>
<gc-op id="449" type="mark increment" timems="0.716" contextid="446" timestamp="2019-06-16T00:08:09.433">
  <trace-info objectcount="88" scancount="0" scanbytes="0" />
</gc-op>
<gc-end id="450" type="global mark phase" contextid="446" durationms="0.903" usertimems="0.000" systemtimems="0.000" timestamp="2019-06-16T00:08:09.433" activeThreads="4">
  <mem-info id="451" free="3145728" total="10485760" percent="30">
    <remembered-set count="640" freebytes="416000" totalbytes="418560" percent="99" regionsoverflowed="0" regionsstable="0" regionsrebuilding="0"/>
  </mem-info>
</gc-end>
<concurrent-start id="452" type="GMP work packet processing" contextid="446" timestamp="2019-06-16T00:08:09.433">
  <concurrent-mark-start scanTarget="18446744073709551615" />
</concurrent-start>
<exclusive-end id="453" timestamp="2019-06-16T00:08:09.433" durationms="1.322" />

<exclusive-start id="454" timestamp="2019-06-16T00:08:09.434" intervalms="2.540">
  <response-info timems="0.043" idlems="0.043" threads="0" lastid="00000000014B0700" lastname="main" />
</exclusive-start>
<allocation-taxation id="455" taxation-threshold="3145728" timestamp="2019-06-16T00:08:09.435" intervalms="2.795" />
<concurrent-end id="456" type="GMP work packet processing" contextid="446" timestamp="2019-06-16T00:08:09.435">
  <concurrent-mark-end bytesScanned="537808" reasonForTermination="Termination requested" />
</concurrent-end>

<cycle-start id="457" type="partial gc" contextid="0" timestamp="2019-06-16T00:08:09.435" intervalms="7.926" />
<gc-start id="458" type="partial gc" contextid="457" timestamp="2019-06-16T00:08:09.435">
  <mem-info id="459" free="0" total="10485760" percent="0">
    <mem type="eden" free="1301416" total="7340032" percent="17" />
    <remembered-set count="640" freebytes="416000" totalbytes="418560" percent="99" regionsoverflowed="0" regionsstable="0" regionsrebuilding="0"/>
  </mem-info>
</gc-start>
<allocation-stats totalBytes="5768640" >
  <allocated-bytes non-tlh="3309528" tlh="2459112" arrayletleaf="0"/>
  <largest-consumer threadName="main" threadId="00000000014B0700" bytes="2871528" />
</allocation-stats>
<gc-op id="460" type="mark" timems="0.598" contextid="457" timestamp="2019-06-16T00:08:09.436">
  <trace-info objectcount="2" scancount="1" scanbytes="24" />
  <remembered-set-cleared processed="366" cleared="0" durationms="0.055" />
  <stringconstants candidates="2485" cleared="0"  />
  <warning details="Mark invoked due to insufficient free space for Copy-Forward" />
</gc-op>
<gc-op id="461" type="classunload" timems="0.002" contextid="457" timestamp="2019-06-16T00:08:09.436">
  <classunload-info classloadercandidates="6" classloadersunloaded="0" classesunloaded="0" anonymousclassesunloaded="0" quiescems="0.000" setupms="0.001" scanms="0.000" postms="0.000" />
</gc-op>
<gc-op id="462" type="sweep" timems="0.803" contextid="457" timestamp="2019-06-16T00:08:09.437" />
<gc-op id="463" type="compact" timems="1.314" contextid="457" timestamp="2019-06-16T00:08:09.439">
  <compact-info movecount="2" movebytes="59992" />
  <remembered-set-cleared processed="732" cleared="0" durationms="0.055" />
</gc-op>
<gc-end id="464" type="partial gc" contextid="457" durationms="3.959" usertimems="8.000" systemtimems="0.000" timestamp="2019-06-16T00:08:09.439" activeThreads="4">
  <mem-info id="465" free="6291456" total="10485760" percent="60">
    <mem type="eden" free="988584" total="1048576" percent="94" />
    <remembered-set count="640" freebytes="416000" totalbytes="418560" percent="99" regionsoverflowed="0" regionsstable="0" regionsrebuilding="0"/>
  </mem-info>
</gc-end>
<cycle-end id="466" type="partial gc" contextid="457" timestamp="2019-06-16T00:08:09.439" />
  <attribute name="elasticGC enabled" value="1" />
  <attribute name= "numThreadsSpecified" value="4" />
  <attribute name="heapSize specified" value="0" />
  <attribute name="Current GC Util" value="130" />
  <attribute name= "Current Time Running" value="803" />
  <attribute name ="GC Interval" value="0" />
  <attribute name="ProportionalT" value="165.000000" />
  <attribute name="ProportionalI" value="165.000000" />
  <attribute name="ProportionalH" value="165.000000" />
  <attribute name="Current Error" value="110.000000" />
  <attribute name="IntegralT" value="110.000000" />
  <attribute name="IntegralI" value="110.000000" />
  <attribute name="IntegralH" value="110.000000" />
  <attribute name="DerivativeT" value="55.000000" />
  <attribute name="DerivativeI" value="55.000000" />
  <attribute name="DerivativeH" value="55.000000" />
  <attribute name="Loop Time for DT" value="1.000000" />
  <attribute name="Output H" value="8388608"/>
  <attribute name="Output I" value="336"/>
  <attribute name="Output T" value="4"/>
  <attribute name="Target GC Util Change" value ="20.000000" />
  <attribute name="Current GC Util Change" value="130.000000"/>
  <attribute name="GC Util currently" value="130" />
  <attribute name="CPU Util currently" value="4469272641743" />
<exclusive-end id="467" timestamp="2019-06-16T00:08:09.439" durationms="4.803" />

<exclusive-start id="468" timestamp="2019-06-16T00:08:09.440" intervalms="5.348">
  <response-info timems="0.044" idlems="0.044" threads="0" lastid="00000000014B0700" lastname="main" />
</exclusive-start>
<allocation-taxation id="469" taxation-threshold="3145728" timestamp="2019-06-16T00:08:09.440" intervalms="5.087" />
<gc-start id="470" type="global mark phase" contextid="446" timestamp="2019-06-16T00:08:09.440">
  <mem-info id="471" free="3145728" total="10485760" percent="30">
    <remembered-set count="640" freebytes="416000" totalbytes="418560" percent="99" regionsoverflowed="0" regionsstable="0" regionsrebuilding="0"/>
  </mem-info>
</gc-start>
<gc-op id="472" type="mark increment" timems="1.033" contextid="446" timestamp="2019-06-16T00:08:09.441">
  <trace-info objectcount="2" scancount="1" scanbytes="24" />
  <finalization candidates="45" enqueued="0" />
  <ownableSynchronizers candidates="1" cleared="0" />
  <references type="soft" candidates="45" cleared="0" enqueued="0" dynamicThreshold="19" maxThreshold="32" />
  <references type="weak" candidates="382" cleared="0" enqueued="0" />
  <references type="phantom" candidates="80" cleared="0" enqueued="0" />
  <stringconstants candidates="2485" cleared="0"  />
</gc-op>
<gc-op id="473" type="classunload" timems="0.001" contextid="446" timestamp="2019-06-16T00:08:09.441">
  <classunload-info classloadercandidates="6" classloadersunloaded="0" classesunloaded="0" anonymousclassesunloaded="0" quiescems="0.000" setupms="0.001" scanms="0.000" postms="0.000" />
</gc-op>
<gc-end id="474" type="global mark phase" contextid="446" durationms="1.258" usertimems="0.000" systemtimems="0.000" timestamp="2019-06-16T00:08:09.441" activeThreads="1">
  <mem-info id="475" free="3145728" total="10485760" percent="30">
    <remembered-set count="640" freebytes="416000" totalbytes="418560" percent="99" regionsoverflowed="0" regionsstable="0" regionsrebuilding="0"/>
  </mem-info>
</gc-end>
<cycle-end id="476" type="global mark phase" contextid="446" timestamp="2019-06-16T00:08:09.441" />
  <attribute name="elasticGC enabled" value="1" />
  <attribute name= "numThreadsSpecified" value="1" />
  <attribute name="heapSize specified" value="0" />
  <attribute name="Current GC Util" value="138" />
  <attribute name= "Current Time Running" value="806" />
  <attribute name ="GC Interval" value="0" />
  <attribute name="ProportionalT" value="177.000000" />
  <attribute name="ProportionalI" value="177.000000" />
  <attribute name="ProportionalH" value="177.000000" />
  <attribute name="Current Error" value="118.000000" />
  <attribute name="IntegralT" value="0.000000" />
  <attribute name="IntegralI" value="0.000000" />
  <attribute name="IntegralH" value="0.000000" />
  <attribute name="DerivativeT" value="inf" />
  <attribute name="DerivativeI" value="inf" />
  <attribute name="DerivativeH" value="inf" />
  <attribute name="Loop Time for DT" value="0.000000" />
  <attribute name="Output H" value="8388608"/>
  <attribute name="Output I" value="200"/>
  <attribute name="Output T" value="1"/>
  <attribute name="Target GC Util Change" value ="20.000000" />
  <attribute name="Current GC Util Change" value="138.000000"/>
  <attribute name="GC Util currently" value="138" />
  <attribute name="CPU Util currently" value="18344601317317" />
<exclusive-end id="477" timestamp="2019-06-16T00:08:09.441" durationms="1.559" />

<exclusive-start id="478" timestamp="2019-06-16T00:08:09.442" intervalms="2.082">
  <response-info timems="0.042" idlems="0.042" threads="0" lastid="00000000014B0700" lastname="main" />
</exclusive-start>
<allocation-taxation id="479" taxation-threshold="3145728" timestamp="2019-06-16T00:08:09.442" intervalms="2.079" />
<cycle-start id="480" type="partial gc" contextid="0" timestamp="2019-06-16T00:08:09.442" intervalms="7.078" />
<gc-start id="481" type="partial gc" contextid="480" timestamp="2019-06-16T00:08:09.442">
  <mem-info id="482" free="0" total="10485760" percent="0">
    <mem type="eden" free="1266920" total="7340032" percent="17" />
    <remembered-set count="640" freebytes="416000" totalbytes="418560" percent="99" regionsoverflowed="0" regionsstable="0" regionsrebuilding="0"/>
  </mem-info>
</gc-start>
<allocation-stats totalBytes="5860808" >
  <allocated-bytes non-tlh="3461312" tlh="2399496" arrayletleaf="0"/>
  <largest-consumer threadName="main" threadId="00000000014B0700" bytes="2949256" />
</allocation-stats>
<gc-op id="483" type="sweep" timems="0.820" contextid="480" timestamp="2019-06-16T00:08:09.443" />
<gc-op id="484" type="copy forward" timems="1.380" contextid="480" timestamp="2019-06-16T00:08:09.445">
  <memory-copied type="eden" objects="2" bytes="61640" bytesdiscarded="0" />
  <memory-copied type="other" objects="0" bytes="0" bytesdiscarded="0" />
  <memory-cardclean objects="0" bytes="0" />
  <regions eden="3" other="1" />
  <remembered-set-cleared processed="371" cleared="0" durationms="0.048" />
  <stringconstants candidates="2485" cleared="0"  />
</gc-op>
<gc-op id="485" type="classunload" timems="0.001" contextid="480" timestamp="2019-06-16T00:08:09.445">
  <classunload-info classloadercandidates="6" classloadersunloaded="0" classesunloaded="0" anonymousclassesunloaded="0" quiescems="0.000" setupms="0.001" scanms="0.000" postms="0.000" />
</gc-op>
<gc-end id="486" type="partial gc" contextid="480" durationms="3.342" usertimems="4.000" systemtimems="0.000" timestamp="2019-06-16T00:08:09.445" activeThreads="4">
  <mem-info id="487" free="6291456" total="10485760" percent="60">
    <mem type="eden" free="986936" total="1048576" percent="94" />
    <remembered-set count="640" freebytes="416000" totalbytes="418560" percent="99" regionsoverflowed="0" regionsstable="0" regionsrebuilding="0"/>
  </mem-info>
</gc-end>
<cycle-end id="488" type="partial gc" contextid="480" timestamp="2019-06-16T00:08:09.445" />
  <attribute name="elasticGC enabled" value="1" />
  <attribute name= "numThreadsSpecified" value="4" />
  <attribute name="heapSize specified" value="0" />
  <attribute name="Current GC Util" value="118" />
  <attribute name= "Current Time Running" value="809" />
  <attribute name ="GC Interval" value="0" />
  <attribute name="ProportionalT" value="147.000000" />
  <attribute name="ProportionalI" value="147.000000" />
  <attribute name="ProportionalH" value="147.000000" />
  <attribute name="Current Error" value="98.000000" />
  <attribute name="IntegralT" value="0.000000" />
  <attribute name="IntegralI" value="0.000000" />
  <attribute name="IntegralH" value="0.000000" />
  <attribute name="DerivativeT" value="-inf" />
  <attribute name="DerivativeI" value="-inf" />
  <attribute name="DerivativeH" value="-inf" />
  <attribute name="Loop Time for DT" value="0.000000" />
  <attribute name="Output H" value="2091843584"/>
  <attribute name="Output I" value="200"/>
  <attribute name="Output T" value="4"/>
  <attribute name="Target GC Util Change" value ="20.000000" />
  <attribute name="Current GC Util Change" value="118.000000"/>
  <attribute name="GC Util currently" value="118" />
  <attribute name="CPU Util currently" value="12560220756554" />
<exclusive-end id="489" timestamp="2019-06-16T00:08:09.446" durationms="3.827" />

<exclusive-start id="490" timestamp="2019-06-16T00:08:09.446" intervalms="4.357">
  <response-info timems="0.043" idlems="0.043" threads="0" lastid="00000000014B0700" lastname="main" />
</exclusive-start>
<allocation-taxation id="491" taxation-threshold="3145728" timestamp="2019-06-16T00:08:09.446" intervalms="4.358" />
<cycle-start id="492" type="global mark phase" contextid="0" timestamp="2019-06-16T00:08:09.446" intervalms="14.290" />
<gc-start id="493" type="global mark phase" contextid="492" timestamp="2019-06-16T00:08:09.446">
  <mem-info id="494" free="3145728" total="10485760" percent="30">
    <remembered-set count="640" freebytes="416000" totalbytes="418560" percent="99" regionsoverflowed="0" regionsstable="0" regionsrebuilding="0"/>
  </mem-info>
</gc-start>
<gc-op id="495" type="mark increment" timems="0.608" contextid="492" timestamp="2019-06-16T00:08:09.447">
  <trace-info objectcount="88" scancount="0" scanbytes="0" />
</gc-op>
<gc-end id="496" type="global mark phase" contextid="492" durationms="0.770" usertimems="0.000" systemtimems="0.000" timestamp="2019-06-16T00:08:09.447" activeThreads="1">
  <mem-info id="497" free="3145728" total="10485760" percent="30">
    <remembered-set count="640" freebytes="416000" totalbytes="418560" percent="99" regionsoverflowed="0" regionsstable="0" regionsrebuilding="0"/>
  </mem-info>
</gc-end>
<concurrent-start id="498" type="GMP work packet processing" contextid="492" timestamp="2019-06-16T00:08:09.447">
  <concurrent-mark-start scanTarget="18446744073709551615" />
</concurrent-start>
<exclusive-end id="499" timestamp="2019-06-16T00:08:09.447" durationms="1.142" />

<exclusive-start id="500" timestamp="2019-06-16T00:08:09.448" intervalms="1.693">
  <response-info timems="0.051" idlems="0.051" threads="0" lastid="00000000014B0700" lastname="main" />
</exclusive-start>
<allocation-taxation id="501" taxation-threshold="3145728" timestamp="2019-06-16T00:08:09.448" intervalms="2.120" />
<concurrent-end id="502" type="GMP work packet processing" contextid="492" timestamp="2019-06-16T00:08:09.448">
  <concurrent-mark-end bytesScanned="537808" reasonForTermination="Termination requested" />
</concurrent-end>

<cycle-start id="503" type="partial gc" contextid="0" timestamp="2019-06-16T00:08:09.448" intervalms="6.577" />
<gc-start id="504" type="partial gc" contextid="503" timestamp="2019-06-16T00:08:09.449">
  <mem-info id="505" free="0" total="10485760" percent="0">
    <mem type="eden" free="1173360" total="7340032" percent="15" />
    <remembered-set count="640" freebytes="416000" totalbytes="418560" percent="99" regionsoverflowed="0" regionsstable="0" regionsrebuilding="0"/>
  </mem-info>
</gc-start>
<allocation-stats totalBytes="6008840" >
  <allocated-bytes non-tlh="3553224" tlh="2455616" arrayletleaf="0"/>
  <largest-consumer threadName="main" threadId="00000000014B0700" bytes="3023152" />
</allocation-stats>
<gc-op id="506" type="mark" timems="1.928" contextid="503" timestamp="2019-06-16T00:08:09.451">
  <trace-info objectcount="2" scancount="1" scanbytes="24" />
  <remembered-set-cleared processed="371" cleared="0" durationms="0.048" />
  <stringconstants candidates="2485" cleared="0"  />
  <warning details="Mark invoked due to insufficient free space for Copy-Forward" />
</gc-op>
<gc-op id="507" type="classunload" timems="0.001" contextid="503" timestamp="2019-06-16T00:08:09.451">
  <classunload-info classloadercandidates="6" classloadersunloaded="0" classesunloaded="0" anonymousclassesunloaded="0" quiescems="0.000" setupms="0.001" scanms="0.000" postms="0.000" />
</gc-op>
<gc-op id="508" type="sweep" timems="0.606" contextid="503" timestamp="2019-06-16T00:08:09.452" />
<gc-op id="509" type="compact" timems="1.009" contextid="503" timestamp="2019-06-16T00:08:09.453">
  <compact-info movecount="2" movebytes="63256" />
  <remembered-set-cleared processed="742" cleared="0" durationms="0.048" />
</gc-op>
<gc-end id="510" type="partial gc" contextid="503" durationms="4.621" usertimems="8.000" systemtimems="0.000" timestamp="2019-06-16T00:08:09.453" activeThreads="4">
  <mem-info id="511" free="6291456" total="10485760" percent="60">
    <mem type="eden" free="985320" total="1048576" percent="93" />
    <remembered-set count="640" freebytes="416000" totalbytes="418560" percent="99" regionsoverflowed="0" regionsstable="0" regionsrebuilding="0"/>
  </mem-info>
</gc-end>
<cycle-end id="512" type="partial gc" contextid="503" timestamp="2019-06-16T00:08:09.453" />
  <attribute name="elasticGC enabled" value="1" />
  <attribute name= "numThreadsSpecified" value="4" />
  <attribute name="heapSize specified" value="0" />
  <attribute name="Current GC Util" value="115" />
  <attribute name= "Current Time Running" value="817" />
  <attribute name ="GC Interval" value="0" />
  <attribute name="ProportionalT" value="142.500000" />
  <attribute name="ProportionalI" value="142.500000" />
  <attribute name="ProportionalH" value="142.500000" />
  <attribute name="Current Error" value="95.000000" />
  <attribute name="IntegralT" value="0.000000" />
  <attribute name="IntegralI" value="0.000000" />
  <attribute name="IntegralH" value="0.000000" />
  <attribute name="DerivativeT" value="-inf" />
  <attribute name="DerivativeI" value="-inf" />
  <attribute name="DerivativeH" value="-inf" />
  <attribute name="Loop Time for DT" value="0.000000" />
  <attribute name="Output H" value="2091843584"/>
  <attribute name="Output I" value="200"/>
  <attribute name="Output T" value="4"/>
  <attribute name="Target GC Util Change" value ="20.000000" />
  <attribute name="Current GC Util Change" value="115.000000"/>
  <attribute name="GC Util currently" value="115" />
  <attribute name="CPU Util currently" value="5847799779516" />
<concurrent-start id="513" type="GMP work packet processing" contextid="492" timestamp="2019-06-16T00:08:09.453">
  <concurrent-mark-start scanTarget="18446744073709013807" />
</concurrent-start>
<exclusive-end id="514" timestamp="2019-06-16T00:08:09.454" durationms="5.728" />

<exclusive-start id="515" timestamp="2019-06-16T00:08:09.454" intervalms="6.281">
  <response-info timems="0.043" idlems="0.043" threads="0" lastid="00000000014B0700" lastname="main" />
</exclusive-start>
<allocation-taxation id="516" taxation-threshold="3145728" timestamp="2019-06-16T00:08:09.454" intervalms="5.859" />
<concurrent-end id="517" type="GMP work packet processing" contextid="492" timestamp="2019-06-16T00:08:09.454">
  <concurrent-mark-end bytesScanned="0" reasonForTermination="Termination requested" />
</concurrent-end>

<gc-start id="518" type="global mark phase" contextid="492" timestamp="2019-06-16T00:08:09.454">
  <mem-info id="519" free="3145728" total="10485760" percent="30">
    <remembered-set count="640" freebytes="416000" totalbytes="418560" percent="99" regionsoverflowed="0" regionsstable="0" regionsrebuilding="0"/>
  </mem-info>
</gc-start>
<gc-op id="520" type="mark increment" timems="1.117" contextid="492" timestamp="2019-06-16T00:08:09.455">
  <trace-info objectcount="2" scancount="1" scanbytes="24" />
  <finalization candidates="45" enqueued="0" />
  <ownableSynchronizers candidates="1" cleared="0" />
  <references type="soft" candidates="45" cleared="0" enqueued="0" dynamicThreshold="19" maxThreshold="32" />
  <references type="weak" candidates="382" cleared="0" enqueued="0" />
  <references type="phantom" candidates="80" cleared="0" enqueued="0" />
  <stringconstants candidates="2485" cleared="0"  />
</gc-op>
<gc-op id="521" type="classunload" timems="0.001" contextid="492" timestamp="2019-06-16T00:08:09.455">
  <classunload-info classloadercandidates="6" classloadersunloaded="0" classesunloaded="0" anonymousclassesunloaded="0" quiescems="0.000" setupms="0.001" scanms="0.000" postms="0.000" />
</gc-op>
<gc-end id="522" type="global mark phase" contextid="492" durationms="1.330" usertimems="0.000" systemtimems="0.000" timestamp="2019-06-16T00:08:09.456" activeThreads="4">
  <mem-info id="523" free="3145728" total="10485760" percent="30">
    <remembered-set count="640" freebytes="416000" totalbytes="418560" percent="99" regionsoverflowed="0" regionsstable="0" regionsrebuilding="0"/>
  </mem-info>
</gc-end>
<cycle-end id="524" type="global mark phase" contextid="492" timestamp="2019-06-16T00:08:09.456" />
  <attribute name="elasticGC enabled" value="1" />
  <attribute name= "numThreadsSpecified" value="4" />
  <attribute name="heapSize specified" value="0" />
  <attribute name="Current GC Util" value="0" />
  <attribute name= "Current Time Running" value="820" />
  <attribute name ="GC Interval" value="0" />
  <attribute name="ProportionalT" value="-30.000000" />
  <attribute name="ProportionalI" value="-30.000000" />
  <attribute name="ProportionalH" value="-30.000000" />
  <attribute name="Current Error" value="-20.000000" />
  <attribute name="IntegralT" value="0.000000" />
  <attribute name="IntegralI" value="0.000000" />
  <attribute name="IntegralH" value="0.000000" />
  <attribute name="DerivativeT" value="-inf" />
  <attribute name="DerivativeI" value="-inf" />
  <attribute name="DerivativeH" value="-inf" />
  <attribute name="Loop Time for DT" value="0.000000" />
  <attribute name="Output H" value="2091843584"/>
  <attribute name="Output I" value="200"/>
  <attribute name="Output T" value="4"/>
  <attribute name="Target GC Util Change" value ="20.000000" />
  <attribute name="Current GC Util Change" value="0.000000"/>
  <attribute name="GC Util currently" value="0" />
  <attribute name="CPU Util currently" value="21252988681418" />
<exclusive-end id="525" timestamp="2019-06-16T00:08:09.456" durationms="1.693" />

<exclusive-start id="526" timestamp="2019-06-16T00:08:09.456" intervalms="2.231">
  <response-info timems="0.042" idlems="0.042" threads="0" lastid="00000000014B0700" lastname="main" />
</exclusive-start>
<allocation-taxation id="527" taxation-threshold="3145728" timestamp="2019-06-16T00:08:09.456" intervalms="2.224" />
<cycle-start id="528" type="partial gc" contextid="0" timestamp="2019-06-16T00:08:09.456" intervalms="8.021" />
<gc-start id="529" type="partial gc" contextid="528" timestamp="2019-06-16T00:08:09.457">
  <mem-info id="530" free="0" total="10485760" percent="0">
    <mem type="eden" free="1058128" total="7340032" percent="14" />
    <remembered-set count="640" freebytes="416000" totalbytes="418560" percent="99" regionsoverflowed="0" regionsstable="0" regionsrebuilding="0"/>
  </mem-info>
</gc-start>
<allocation-stats totalBytes="6154288" >
  <allocated-bytes non-tlh="3707232" tlh="2447056" arrayletleaf="0"/>
  <largest-consumer threadName="main" threadId="00000000014B0700" bytes="3095096" />
</allocation-stats>
<gc-op id="531" type="sweep" timems="0.777" contextid="528" timestamp="2019-06-16T00:08:09.458" />
<gc-op id="532" type="copy forward" timems="1.166" contextid="528" timestamp="2019-06-16T00:08:09.459">
  <memory-copied type="eden" objects="2" bytes="64776" bytesdiscarded="0" />
  <memory-copied type="other" objects="0" bytes="0" bytesdiscarded="0" />
  <memory-cardclean objects="0" bytes="0" />
  <regions eden="3" other="1" />
  <remembered-set-cleared processed="376" cleared="0" durationms="0.047" />
  <stringconstants candidates="2485" cleared="0"  />
</gc-op>
<gc-op id="533" type="classunload" timems="0.001" contextid="528" timestamp="2019-06-16T00:08:09.459">
  <classunload-info classloadercandidates="6" classloadersunloaded="0" classesunloaded="0" anonymousclassesunloaded="0" quiescems="0.000" setupms="0.001" scanms="0.000" postms="0.000" />
</gc-op>
<gc-op id="534" type="compact" timems="0.909" contextid="528" timestamp="2019-06-16T00:08:09.460">
  <compact-info movecount="0" movebytes="0" />
  <remembered-set-cleared processed="752" cleared="0" durationms="0.047" />
</gc-op>
<gc-end id="535" type="partial gc" contextid="528" durationms="4.091" usertimems="8.000" systemtimems="0.000" timestamp="2019-06-16T00:08:09.461" activeThreads="4">
  <mem-info id="536" free="6291456" total="10485760" percent="60">
    <mem type="eden" free="983800" total="1048576" percent="93" />
    <remembered-set count="640" freebytes="416000" totalbytes="418560" percent="99" regionsoverflowed="0" regionsstable="0" regionsrebuilding="0"/>
  </mem-info>
</gc-end>
<cycle-end id="537" type="partial gc" contextid="528" timestamp="2019-06-16T00:08:09.461" />
  <attribute name="elasticGC enabled" value="1" />
  <attribute name= "numThreadsSpecified" value="4" />
  <attribute name="heapSize specified" value="0" />
  <attribute name="Current GC Util" value="103" />
  <attribute name= "Current Time Running" value="825" />
  <attribute name ="GC Interval" value="0" />
  <attribute name="ProportionalT" value="124.500000" />
  <attribute name="ProportionalI" value="124.500000" />
  <attribute name="ProportionalH" value="124.500000" />
  <attribute name="Current Error" value="83.000000" />
  <attribute name="IntegralT" value="83.000000" />
  <attribute name="IntegralI" value="83.000000" />
  <attribute name="IntegralH" value="83.000000" />
  <attribute name="DerivativeT" value="-4.000000" />
  <attribute name="DerivativeI" value="-4.000000" />
  <attribute name="DerivativeH" value="-4.000000" />
  <attribute name="Loop Time for DT" value="1.000000" />
  <attribute name="Output H" value="8388608"/>
  <attribute name="Output I" value="208"/>
  <attribute name="Output T" value="4"/>
  <attribute name="Target GC Util Change" value ="20.000000" />
  <attribute name="Current GC Util Change" value="103.000000"/>
  <attribute name="GC Util currently" value="103" />
  <attribute name="CPU Util currently" value="3298162939678" />
<exclusive-end id="538" timestamp="2019-06-16T00:08:09.461" durationms="4.637" />

<exclusive-start id="539" timestamp="2019-06-16T00:08:09.461" intervalms="5.155">
  <response-info timems="0.043" idlems="0.043" threads="0" lastid="00000000014B0700" lastname="main" />
</exclusive-start>
<allocation-taxation id="540" taxation-threshold="3145728" timestamp="2019-06-16T00:08:09.462" intervalms="5.156" />
<cycle-start id="541" type="global mark phase" contextid="0" timestamp="2019-06-16T00:08:09.462" intervalms="15.359" />
<gc-start id="542" type="global mark phase" contextid="541" timestamp="2019-06-16T00:08:09.462">
  <mem-info id="543" free="3145728" total="10485760" percent="30">
    <remembered-set count="640" freebytes="416000" totalbytes="418560" percent="99" regionsoverflowed="0" regionsstable="0" regionsrebuilding="0"/>
  </mem-info>
</gc-start>
<gc-op id="544" type="mark increment" timems="0.660" contextid="541" timestamp="2019-06-16T00:08:09.462">
  <trace-info objectcount="89" scancount="0" scanbytes="0" />
</gc-op>
<gc-end id="545" type="global mark phase" contextid="541" durationms="0.771" usertimems="0.000" systemtimems="0.000" timestamp="2019-06-16T00:08:09.462" activeThreads="4">
  <mem-info id="546" free="3145728" total="10485760" percent="30">
    <remembered-set count="640" freebytes="416000" totalbytes="418560" percent="99" regionsoverflowed="0" regionsstable="0" regionsrebuilding="0"/>
  </mem-info>
</gc-end>
<concurrent-start id="547" type="GMP work packet processing" contextid="541" timestamp="2019-06-16T00:08:09.462">
  <concurrent-mark-start scanTarget="18446744073709551615" />
</concurrent-start>
<exclusive-end id="548" timestamp="2019-06-16T00:08:09.463" durationms="1.093" />

<exclusive-start id="549" timestamp="2019-06-16T00:08:09.463" intervalms="1.613">
  <response-info timems="0.047" idlems="0.047" threads="0" lastid="00000000014B0700" lastname="main" />
</exclusive-start>
<allocation-taxation id="550" taxation-threshold="3145728" timestamp="2019-06-16T00:08:09.463" intervalms="1.617" />
<concurrent-end id="551" type="GMP work packet processing" contextid="541" timestamp="2019-06-16T00:08:09.463">
  <concurrent-mark-end bytesScanned="120112" reasonForTermination="Termination requested" />
</concurrent-end>

<cycle-start id="552" type="partial gc" contextid="0" timestamp="2019-06-16T00:08:09.463" intervalms="6.847" />
<gc-start id="553" type="partial gc" contextid="552" timestamp="2019-06-16T00:08:09.463">
  <mem-info id="554" free="0" total="10485760" percent="0">
    <mem type="eden" free="1211968" total="7340032" percent="16" />
    <remembered-set count="640" freebytes="416000" totalbytes="418560" percent="99" regionsoverflowed="0" regionsstable="0" regionsrebuilding="0"/>
  </mem-info>
</gc-start>
<allocation-stats totalBytes="6030888" >
  <allocated-bytes non-tlh="5637304" tlh="393584" arrayletleaf="0"/>
  <largest-consumer threadName="main" threadId="00000000014B0700" bytes="2969128" />
</allocation-stats>
<gc-op id="555" type="mark" timems="0.575" contextid="552" timestamp="2019-06-16T00:08:09.465">
  <trace-info objectcount="4" scancount="2" scanbytes="40" />
  <remembered-set-cleared processed="379" cleared="0" durationms="0.055" />
  <stringconstants candidates="2485" cleared="0"  />
  <warning details="Mark invoked due to insufficient free space for Copy-Forward" />
</gc-op>
<gc-op id="556" type="classunload" timems="0.001" contextid="552" timestamp="2019-06-16T00:08:09.465">
  <classunload-info classloadercandidates="6" classloadersunloaded="0" classesunloaded="0" anonymousclassesunloaded="0" quiescems="0.000" setupms="0.001" scanms="0.000" postms="0.000" />
</gc-op>
<gc-op id="557" type="sweep" timems="0.799" contextid="552" timestamp="2019-06-16T00:08:09.466" />
<gc-op id="558" type="compact" timems="1.542" contextid="552" timestamp="2019-06-16T00:08:09.467">
  <compact-info movecount="4" movebytes="66552" />
  <remembered-set-cleared processed="758" cleared="0" durationms="0.055" />
</gc-op>
<gc-end id="559" type="partial gc" contextid="552" durationms="4.125" usertimems="4.000" systemtimems="0.000" timestamp="2019-06-16T00:08:09.468" activeThreads="4">
  <mem-info id="560" free="6291456" total="10485760" percent="60">
    <mem type="eden" free="982024" total="1048576" percent="93" />
    <remembered-set count="640" freebytes="416000" totalbytes="418560" percent="99" regionsoverflowed="0" regionsstable="0" regionsrebuilding="0"/>
  </mem-info>
</gc-end>
<cycle-end id="561" type="partial gc" contextid="552" timestamp="2019-06-16T00:08:09.468" />
  <attribute name="elasticGC enabled" value="1" />
  <attribute name= "numThreadsSpecified" value="4" />
  <attribute name="heapSize specified" value="0" />
  <attribute name="Current GC Util" value="130" />
  <attribute name= "Current Time Running" value="831" />
  <attribute name ="GC Interval" value="0" />
  <attribute name="ProportionalT" value="165.000000" />
  <attribute name="ProportionalI" value="165.000000" />
  <attribute name="ProportionalH" value="165.000000" />
  <attribute name="Current Error" value="110.000000" />
  <attribute name="IntegralT" value="110.000000" />
  <attribute name="IntegralI" value="110.000000" />
  <attribute name="IntegralH" value="110.000000" />
  <attribute name="DerivativeT" value="55.000000" />
  <attribute name="DerivativeI" value="55.000000" />
  <attribute name="DerivativeH" value="55.000000" />
  <attribute name="Loop Time for DT" value="1.000000" />
  <attribute name="Output H" value="8388608"/>
  <attribute name="Output I" value="336"/>
  <attribute name="Output T" value="4"/>
  <attribute name="Target GC Util Change" value ="20.000000" />
  <attribute name="Current GC Util Change" value="130.000000"/>
  <attribute name="GC Util currently" value="130" />
  <attribute name="CPU Util currently" value="4511154926186" />
<concurrent-start id="562" type="GMP work packet processing" contextid="541" timestamp="2019-06-16T00:08:09.468">
  <concurrent-mark-start scanTarget="18446744073709431503" />
</concurrent-start>
<exclusive-end id="563" timestamp="2019-06-16T00:08:09.468" durationms="4.696" />

<exclusive-start id="564" timestamp="2019-06-16T00:08:09.468" intervalms="5.214">
  <response-info timems="0.022" idlems="0.022" threads="0" lastid="00000000014B0700" lastname="main" />
</exclusive-start>
<allocation-taxation id="565" taxation-threshold="3145728" timestamp="2019-06-16T00:08:09.469" intervalms="5.428" />
<concurrent-end id="566" type="GMP work packet processing" contextid="541" timestamp="2019-06-16T00:08:09.469">
  <concurrent-mark-end bytesScanned="417672" reasonForTermination="Termination requested" />
</concurrent-end>

<gc-start id="567" type="global mark phase" contextid="541" timestamp="2019-06-16T00:08:09.469">
  <mem-info id="568" free="3145728" total="10485760" percent="30">
    <remembered-set count="640" freebytes="416000" totalbytes="418560" percent="99" regionsoverflowed="0" regionsstable="0" regionsrebuilding="0"/>
  </mem-info>
</gc-start>
<gc-op id="569" type="mark increment" timems="0.261" contextid="541" timestamp="2019-06-16T00:08:09.469">
  <trace-info objectcount="0" scancount="0" scanbytes="0" />
</gc-op>
<gc-end id="570" type="global mark phase" contextid="541" durationms="0.371" usertimems="0.000" systemtimems="0.000" timestamp="2019-06-16T00:08:09.469" activeThreads="4">
  <mem-info id="571" free="3145728" total="10485760" percent="30">
    <remembered-set count="640" freebytes="416000" totalbytes="418560" percent="99" regionsoverflowed="0" regionsstable="0" regionsrebuilding="0"/>
  </mem-info>
</gc-end>
<concurrent-start id="572" type="GMP work packet processing" contextid="541" timestamp="2019-06-16T00:08:09.469">
  <concurrent-mark-start scanTarget="18446744073709551615" />
</concurrent-start>
<exclusive-end id="573" timestamp="2019-06-16T00:08:09.469" durationms="0.958" />

<exclusive-start id="574" timestamp="2019-06-16T00:08:09.470" intervalms="1.471">
  <response-info timems="0.019" idlems="0.019" threads="0" lastid="00000000014B0700" lastname="main" />
</exclusive-start>
<allocation-taxation id="575" taxation-threshold="3145728" timestamp="2019-06-16T00:08:09.470" intervalms="1.253" />
<concurrent-end id="576" type="GMP work packet processing" contextid="541" timestamp="2019-06-16T00:08:09.470">
  <concurrent-mark-end bytesScanned="0" reasonForTermination="Termination requested" />
</concurrent-end>

<cycle-start id="577" type="partial gc" contextid="0" timestamp="2019-06-16T00:08:09.470" intervalms="6.628" />
<gc-start id="578" type="partial gc" contextid="577" timestamp="2019-06-16T00:08:09.470">
  <mem-info id="579" free="0" total="10485760" percent="0">
    <mem type="eden" free="1241568" total="7340032" percent="16" />
    <remembered-set count="640" freebytes="416000" totalbytes="418560" percent="99" regionsoverflowed="0" regionsstable="0" regionsrebuilding="0"/>
  </mem-info>
</gc-start>
<allocation-stats totalBytes="6031912" >
  <allocated-bytes non-tlh="5835304" tlh="196608" arrayletleaf="0"/>
  <largest-consumer threadName="main" threadId="00000000014B0700" bytes="3029800" />
</allocation-stats>
<gc-op id="580" type="mark" timems="0.577" contextid="577" timestamp="2019-06-16T00:08:09.471">
  <trace-info objectcount="4" scancount="2" scanbytes="40" />
  <remembered-set-cleared processed="383" cleared="0" durationms="0.055" />
  <stringconstants candidates="2485" cleared="0"  />
  <warning details="Mark invoked due to insufficient free space for Copy-Forward" />
</gc-op>
<gc-op id="581" type="classunload" timems="0.001" contextid="577" timestamp="2019-06-16T00:08:09.471">
  <classunload-info classloadercandidates="6" classloadersunloaded="0" classesunloaded="0" anonymousclassesunloaded="0" quiescems="0.000" setupms="0.001" scanms="0.000" postms="0.000" />
</gc-op>
<gc-op id="582" type="sweep" timems="0.799" contextid="577" timestamp="2019-06-16T00:08:09.472" />
<gc-op id="583" type="compact" timems="1.570" contextid="577" timestamp="2019-06-16T00:08:09.474">
  <compact-info movecount="1169" movebytes="243232" />
  <remembered-set-cleared processed="520" cleared="137" durationms="0.055" />
</gc-op>
<heap-resize id="584" type="contract" space="default" amount="1048576" count="1" timems="0.112" reason="excess free space following gc" timestamp="2019-06-16T00:08:09.474" />
<gc-end id="585" type="partial gc" contextid="577" durationms="4.326" usertimems="4.000" systemtimems="0.000" timestamp="2019-06-16T00:08:09.474" activeThreads="4">
  <mem-info id="586" free="6291456" total="9437184" percent="66">
    <mem type="eden" free="980672" total="1048576" percent="93" />
    <remembered-set count="1536" freebytes="412416" totalbytes="418560" percent="98" regionsoverflowed="0" regionsstable="0" regionsrebuilding="0"/>
  </mem-info>
</gc-end>
<cycle-end id="587" type="partial gc" contextid="577" timestamp="2019-06-16T00:08:09.474" />
  <attribute name="elasticGC enabled" value="1" />
  <attribute name= "numThreadsSpecified" value="4" />
  <attribute name="heapSize specified" value="0" />
  <attribute name="Current GC Util" value="130" />
  <attribute name= "Current Time Running" value="838" />
  <attribute name ="GC Interval" value="0" />
  <attribute name="ProportionalT" value="165.000000" />
  <attribute name="ProportionalI" value="165.000000" />
  <attribute name="ProportionalH" value="165.000000" />
  <attribute name="Current Error" value="110.000000" />
  <attribute name="IntegralT" value="110.000000" />
  <attribute name="IntegralI" value="110.000000" />
  <attribute name="IntegralH" value="110.000000" />
  <attribute name="DerivativeT" value="55.000000" />
  <attribute name="DerivativeI" value="55.000000" />
  <attribute name="DerivativeH" value="55.000000" />
  <attribute name="Loop Time for DT" value="1.000000" />
  <attribute name="Output H" value="8388608"/>
  <attribute name="Output I" value="336"/>
  <attribute name="Output T" value="4"/>
  <attribute name="Target GC Util Change" value ="20.000000" />
  <attribute name="Current GC Util Change" value="130.000000"/>
  <attribute name="GC Util currently" value="130" />
  <attribute name="CPU Util currently" value="4489932513810" />
<exclusive-end id="588" timestamp="2019-06-16T00:08:09.475" durationms="4.925" />

<exclusive-start id="589" timestamp="2019-06-16T00:08:09.475" intervalms="5.508">
  <response-info timems="0.019" idlems="0.019" threads="0" lastid="00000000014B0700" lastname="main" />
</exclusive-start>
<allocation-taxation id="590" taxation-threshold="3145728" timestamp="2019-06-16T00:08:09.475" intervalms="5.511" />
<gc-start id="591" type="global mark phase" contextid="541" timestamp="2019-06-16T00:08:09.475">
  <mem-info id="592" free="3145728" total="9437184" percent="33">
    <remembered-set count="1536" freebytes="412416" totalbytes="418560" percent="98" regionsoverflowed="0" regionsstable="0" regionsrebuilding="0"/>
  </mem-info>
</gc-start>
<gc-op id="593" type="mark increment" timems="1.681" contextid="541" timestamp="2019-06-16T00:08:09.477">
  <trace-info objectcount="1657" scancount="1354" scanbytes="55500" />
  <cardclean-info objects="1856" bytes="73028" />
  <finalization candidates="45" enqueued="0" />
  <ownableSynchronizers candidates="1" cleared="0" />
  <references type="soft" candidates="45" cleared="0" enqueued="0" dynamicThreshold="21" maxThreshold="32" />
  <references type="weak" candidates="382" cleared="0" enqueued="0" />
  <references type="phantom" candidates="80" cleared="0" enqueued="0" />
  <stringconstants candidates="2485" cleared="0"  />
</gc-op>
<gc-op id="594" type="classunload" timems="0.001" contextid="541" timestamp="2019-06-16T00:08:09.477">
  <classunload-info classloadercandidates="6" classloadersunloaded="0" classesunloaded="0" anonymousclassesunloaded="0" quiescems="0.000" setupms="0.001" scanms="0.000" postms="0.000" />
</gc-op>
<gc-end id="595" type="global mark phase" contextid="541" durationms="2.010" usertimems="0.000" systemtimems="0.000" timestamp="2019-06-16T00:08:09.477" activeThreads="1">
  <mem-info id="596" free="3145728" total="9437184" percent="33">
    <remembered-set count="1536" freebytes="412416" totalbytes="418560" percent="98" regionsoverflowed="0" regionsstable="0" regionsrebuilding="0"/>
  </mem-info>
</gc-end>
<cycle-end id="597" type="global mark phase" contextid="541" timestamp="2019-06-16T00:08:09.477" />
  <attribute name="elasticGC enabled" value="1" />
  <attribute name= "numThreadsSpecified" value="1" />
  <attribute name="heapSize specified" value="0" />
  <attribute name="Current GC Util" value="118" />
  <attribute name= "Current Time Running" value="842" />
  <attribute name ="GC Interval" value="0" />
  <attribute name="ProportionalT" value="147.000000" />
  <attribute name="ProportionalI" value="147.000000" />
  <attribute name="ProportionalH" value="147.000000" />
  <attribute name="Current Error" value="98.000000" />
  <attribute name="IntegralT" value="0.000000" />
  <attribute name="IntegralI" value="0.000000" />
  <attribute name="IntegralH" value="0.000000" />
  <attribute name="DerivativeT" value="inf" />
  <attribute name="DerivativeI" value="inf" />
  <attribute name="DerivativeH" value="inf" />
  <attribute name="Loop Time for DT" value="0.000000" />
  <attribute name="Output H" value="8388608"/>
  <attribute name="Output I" value="200"/>
  <attribute name="Output T" value="1"/>
  <attribute name="Target GC Util Change" value ="20.000000" />
  <attribute name="Current GC Util Change" value="118.000000"/>
  <attribute name="GC Util currently" value="118" />
  <attribute name="CPU Util currently" value="8604485782411" />
<exclusive-end id="598" timestamp="2019-06-16T00:08:09.478" durationms="2.360" />

<exclusive-start id="599" timestamp="2019-06-16T00:08:09.478" intervalms="2.940">
  <response-info timems="0.019" idlems="0.019" threads="0" lastid="00000000014B0700" lastname="main" />
</exclusive-start>
<allocation-taxation id="600" taxation-threshold="3145728" timestamp="2019-06-16T00:08:09.478" intervalms="2.938" />
<cycle-start id="601" type="partial gc" contextid="0" timestamp="2019-06-16T00:08:09.478" intervalms="8.392" />
<gc-start id="602" type="partial gc" contextid="601" timestamp="2019-06-16T00:08:09.478">
  <mem-info id="603" free="0" total="9437184" percent="0">
    <mem type="eden" free="136176" total="6291456" percent="2" />
    <remembered-set count="1536" freebytes="412416" totalbytes="418560" percent="98" regionsoverflowed="0" regionsstable="0" regionsrebuilding="0"/>
  </mem-info>
</gc-start>
<allocation-stats totalBytes="6155280" >
  <allocated-bytes non-tlh="5958672" tlh="196608" arrayletleaf="0"/>
  <largest-consumer threadName="main" threadId="00000000014B0700" bytes="3092048" />
</allocation-stats>
<gc-op id="604" type="sweep" timems="0.811" contextid="601" timestamp="2019-06-16T00:08:09.479" />
<gc-op id="605" type="copy forward" timems="2.122" contextid="601" timestamp="2019-06-16T00:08:09.482">
  <memory-copied type="eden" objects="4" bytes="69320" bytesdiscarded="0" />
  <memory-copied type="other" objects="0" bytes="0" bytesdiscarded="0" />
  <memory-cardclean objects="0" bytes="0" />
  <regions eden="3" other="2" />
  <remembered-set-cleared processed="314" cleared="0" durationms="0.045" />
  <stringconstants candidates="2485" cleared="0"  />
</gc-op>
<gc-op id="606" type="classunload" timems="0.001" contextid="601" timestamp="2019-06-16T00:08:09.482">
  <classunload-info classloadercandidates="6" classloadersunloaded="0" classesunloaded="0" anonymousclassesunloaded="0" quiescems="0.000" setupms="0.001" scanms="0.000" postms="0.000" />
</gc-op>
<gc-op id="607" type="compact" timems="0.994" contextid="601" timestamp="2019-06-16T00:08:09.484">
  <compact-info movecount="0" movebytes="0" />
  <remembered-set-cleared processed="628" cleared="0" durationms="0.045" />
</gc-op>
<heap-resize id="608" type="contract" space="default" amount="1048576" count="1" timems="0.107" reason="excess free space following gc" timestamp="2019-06-16T00:08:09.484" />
<gc-end id="609" type="partial gc" contextid="601" durationms="5.511" usertimems="8.000" systemtimems="0.000" timestamp="2019-06-16T00:08:09.484" activeThreads="4">
  <mem-info id="610" free="5242880" total="8388608" percent="62">
    <mem type="eden" free="979256" total="1048576" percent="93" />
    <remembered-set count="1440" freebytes="370944" totalbytes="376704" percent="98" regionsoverflowed="0" regionsstable="0" regionsrebuilding="0"/>
  </mem-info>
</gc-end>
<cycle-end id="611" type="partial gc" contextid="601" timestamp="2019-06-16T00:08:09.484" />
  <attribute name="elasticGC enabled" value="1" />
  <attribute name= "numThreadsSpecified" value="4" />
  <attribute name="heapSize specified" value="0" />
  <attribute name="Current GC Util" value="115" />
  <attribute name= "Current Time Running" value="848" />
  <attribute name ="GC Interval" value="0" />
  <attribute name="ProportionalT" value="142.500000" />
  <attribute name="ProportionalI" value="142.500000" />
  <attribute name="ProportionalH" value="142.500000" />
  <attribute name="Current Error" value="95.000000" />
  <attribute name="IntegralT" value="190.000000" />
  <attribute name="IntegralI" value="190.000000" />
  <attribute name="IntegralH" value="190.000000" />
  <attribute name="DerivativeT" value="3.500000" />
  <attribute name="DerivativeI" value="3.500000" />
  <attribute name="DerivativeH" value="3.500000" />
  <attribute name="Loop Time for DT" value="2.000000" />
  <attribute name="Output H" value="8388608"/>
  <attribute name="Output I" value="336"/>
  <attribute name="Output T" value="4"/>
  <attribute name="Target GC Util Change" value ="20.000000" />
  <attribute name="Current GC Util Change" value="115.000000"/>
  <attribute name="GC Util currently" value="115" />
  <attribute name="CPU Util currently" value="1872200242142" />
<exclusive-end id="612" timestamp="2019-06-16T00:08:09.484" durationms="6.067" />

<exclusive-start id="613" timestamp="2019-06-16T00:08:09.485" intervalms="6.896">
  <response-info timems="0.019" idlems="0.019" threads="0" lastid="00000000014B0700" lastname="main" />
</exclusive-start>
<allocation-taxation id="614" taxation-threshold="5242880" timestamp="2019-06-16T00:08:09.485" intervalms="6.911" />
<cycle-start id="615" type="partial gc" contextid="0" timestamp="2019-06-16T00:08:09.485" intervalms="6.911" />
<gc-start id="616" type="partial gc" contextid="615" timestamp="2019-06-16T00:08:09.485">
  <mem-info id="617" free="0" total="8388608" percent="0">
    <mem type="eden" free="188600" total="5242880" percent="3" />
    <remembered-set count="960" freebytes="372864" totalbytes="376704" percent="98" regionsoverflowed="0" regionsstable="0" regionsrebuilding="0"/>
  </mem-info>
</gc-start>
<allocation-stats totalBytes="5054280" >
  <allocated-bytes non-tlh="5021512" tlh="32768" arrayletleaf="0"/>
  <largest-consumer threadName="main" threadId="00000000014B0700" bytes="5054280" />
</allocation-stats>
<gc-op id="618" type="mark" timems="0.719" contextid="615" timestamp="2019-06-16T00:08:09.487">
  <trace-info objectcount="4" scancount="2" scanbytes="40" />
  <cardclean-info objects="664" bytes="34272" />
  <remembered-set-cleared processed="99" cleared="4" durationms="0.053" />
  <stringconstants candidates="2485" cleared="0"  />
  <warning details="Mark invoked due to insufficient free space for Copy-Forward" />
</gc-op>
<gc-op id="619" type="classunload" timems="0.001" contextid="615" timestamp="2019-06-16T00:08:09.487">
  <classunload-info classloadercandidates="6" classloadersunloaded="0" classesunloaded="0" anonymousclassesunloaded="0" quiescems="0.000" setupms="0.001" scanms="0.000" postms="0.000" />
</gc-op>
<gc-op id="620" type="sweep" timems="0.795" contextid="615" timestamp="2019-06-16T00:08:09.488" />
<gc-op id="621" type="compact" timems="1.601" contextid="615" timestamp="2019-06-16T00:08:09.490">
  <compact-info movecount="4" movebytes="70392" />
  <remembered-set-cleared processed="408" cleared="4" durationms="0.053" />
</gc-op>
<gc-end id="622" type="partial gc" contextid="615" durationms="4.360" usertimems="4.000" systemtimems="0.000" timestamp="2019-06-16T00:08:09.490" activeThreads="4">
  <mem-info id="623" free="5242880" total="8388608" percent="62">
    <mem type="eden" free="978184" total="1048576" percent="93" />
    <remembered-set count="864" freebytes="331392" totalbytes="334848" percent="98" regionsoverflowed="0" regionsstable="0" regionsrebuilding="0"/>
  </mem-info>
</gc-end>
<cycle-end id="624" type="partial gc" contextid="615" timestamp="2019-06-16T00:08:09.490" />
  <attribute name="elasticGC enabled" value="1" />
  <attribute name= "numThreadsSpecified" value="4" />
  <attribute name="heapSize specified" value="0" />
  <attribute name="Current GC Util" value="131" />
  <attribute name= "Current Time Running" value="853" />
  <attribute name ="GC Interval" value="0" />
  <attribute name="ProportionalT" value="166.500000" />
  <attribute name="ProportionalI" value="166.500000" />
  <attribute name="ProportionalH" value="166.500000" />
  <attribute name="Current Error" value="111.000000" />
  <attribute name="IntegralT" value="111.000000" />
  <attribute name="IntegralI" value="111.000000" />
  <attribute name="IntegralH" value="111.000000" />
  <attribute name="DerivativeT" value="55.500000" />
  <attribute name="DerivativeI" value="55.500000" />
  <attribute name="DerivativeH" value="55.500000" />
  <attribute name="Loop Time for DT" value="1.000000" />
  <attribute name="Output H" value="8388608"/>
  <attribute name="Output I" value="336"/>
  <attribute name="Output T" value="4"/>
  <attribute name="Target GC Util Change" value ="20.000000" />
  <attribute name="Current GC Util Change" value="131.000000"/>
  <attribute name="GC Util currently" value="131" />
  <attribute name="CPU Util currently" value="4503973487181" />
<exclusive-end id="625" timestamp="2019-06-16T00:08:09.490" durationms="4.819" />

<exclusive-start id="626" timestamp="2019-06-16T00:08:09.490" intervalms="5.211">
  <response-info timems="0.050" idlems="0.050" threads="0" lastid="00000000014B0700" lastname="main" />
</exclusive-start>
<allocation-taxation id="627" taxation-threshold="2097152" timestamp="2019-06-16T00:08:09.490" intervalms="5.195" />
<cycle-start id="628" type="global mark phase" contextid="0" timestamp="2019-06-16T00:08:09.490" intervalms="28.853" />
<gc-start id="629" type="global mark phase" contextid="628" timestamp="2019-06-16T00:08:09.491">
  <mem-info id="630" free="3145728" total="8388608" percent="37">
    <remembered-set count="864" freebytes="331392" totalbytes="334848" percent="98" regionsoverflowed="0" regionsstable="0" regionsrebuilding="0"/>
  </mem-info>
</gc-start>
<gc-op id="631" type="mark increment" timems="0.720" contextid="628" timestamp="2019-06-16T00:08:09.491">
  <trace-info objectcount="87" scancount="0" scanbytes="0" />
</gc-op>
<gc-end id="632" type="global mark phase" contextid="628" durationms="0.842" usertimems="4.000" systemtimems="0.000" timestamp="2019-06-16T00:08:09.491" activeThreads="4">
  <mem-info id="633" free="3145728" total="8388608" percent="37">
    <remembered-set count="864" freebytes="331392" totalbytes="334848" percent="98" regionsoverflowed="0" regionsstable="0" regionsrebuilding="0"/>
  </mem-info>
</gc-end>
<concurrent-start id="634" type="GMP work packet processing" contextid="628" timestamp="2019-06-16T00:08:09.491">
  <concurrent-mark-start scanTarget="18446744073709551615" />
</concurrent-start>
<exclusive-end id="635" timestamp="2019-06-16T00:08:09.492" durationms="1.202" />

<exclusive-start id="636" timestamp="2019-06-16T00:08:09.492" intervalms="1.574">
  <response-info timems="0.022" idlems="0.022" threads="0" lastid="00000000014B0700" lastname="main" />
</exclusive-start>
<allocation-taxation id="637" taxation-threshold="2097152" timestamp="2019-06-16T00:08:09.492" intervalms="2.017" />
<concurrent-end id="638" type="GMP work packet processing" contextid="628" timestamp="2019-06-16T00:08:09.492">
  <concurrent-mark-end bytesScanned="516296" reasonForTermination="Termination requested" />
</concurrent-end>

<cycle-start id="639" type="partial gc" contextid="0" timestamp="2019-06-16T00:08:09.493" intervalms="7.313" />
<gc-start id="640" type="partial gc" contextid="639" timestamp="2019-06-16T00:08:09.493">
  <mem-info id="641" free="1048576" total="8388608" percent="12">
    <mem type="eden" free="187312" total="4194304" percent="4" />
    <remembered-set count="864" freebytes="331392" totalbytes="334848" percent="98" regionsoverflowed="0" regionsstable="0" regionsrebuilding="0"/>
  </mem-info>
</gc-start>
<allocation-stats totalBytes="4006992" >
  <allocated-bytes non-tlh="3818576" tlh="188416" arrayletleaf="0"/>
  <largest-consumer threadName="main" threadId="00000000014B0700" bytes="2038624" />
</allocation-stats>
<gc-op id="642" type="copy forward" timems="1.019" contextid="639" timestamp="2019-06-16T00:08:09.494">
  <memory-copied type="eden" objects="2" bytes="142280" bytesdiscarded="0" />
  <memory-copied type="other" objects="0" bytes="0" bytesdiscarded="0" />
  <memory-cardclean objects="0" bytes="0" />
  <regions eden="4" other="1" />
  <remembered-set-cleared processed="315" cleared="0" durationms="0.052" />
  <stringconstants candidates="2485" cleared="0"  />
</gc-op>
<gc-op id="643" type="classunload" timems="0.001" contextid="639" timestamp="2019-06-16T00:08:09.494">
  <classunload-info classloadercandidates="6" classloadersunloaded="0" classesunloaded="0" anonymousclassesunloaded="0" quiescems="0.000" setupms="0.000" scanms="0.000" postms="0.000" />
</gc-op>
<gc-op id="644" type="compact" timems="0.933" contextid="639" timestamp="2019-06-16T00:08:09.495">
  <compact-info movecount="0" movebytes="0" />
  <remembered-set-cleared processed="630" cleared="0" durationms="0.069" />
</gc-op>
<gc-end id="645" type="partial gc" contextid="639" durationms="2.768" usertimems="0.000" systemtimems="4.000" timestamp="2019-06-16T00:08:09.495" activeThreads="4">
  <mem-info id="646" free="5242880" total="8388608" percent="62">
    <mem type="eden" free="906296" total="1048576" percent="86" />
    <remembered-set count="1440" freebytes="329088" totalbytes="334848" percent="98" regionsoverflowed="0" regionsstable="0" regionsrebuilding="0"/>
  </mem-info>
</gc-end>
<cycle-end id="647" type="partial gc" contextid="639" timestamp="2019-06-16T00:08:09.496" />
  <attribute name="elasticGC enabled" value="1" />
  <attribute name= "numThreadsSpecified" value="4" />
  <attribute name="heapSize specified" value="0" />
  <attribute name="Current GC Util" value="91" />
  <attribute name= "Current Time Running" value="860" />
  <attribute name ="GC Interval" value="0" />
  <attribute name="ProportionalT" value="106.500000" />
  <attribute name="ProportionalI" value="106.500000" />
  <attribute name="ProportionalH" value="106.500000" />
  <attribute name="Current Error" value="71.000000" />
  <attribute name="IntegralT" value="71.000000" />
  <attribute name="IntegralI" value="71.000000" />
  <attribute name="IntegralH" value="71.000000" />
  <attribute name="DerivativeT" value="23.500000" />
  <attribute name="DerivativeI" value="23.500000" />
  <attribute name="DerivativeH" value="23.500000" />
  <attribute name="Loop Time for DT" value="1.000000" />
  <attribute name="Output H" value="8388608"/>
  <attribute name="Output I" value="208"/>
  <attribute name="Output T" value="4"/>
  <attribute name="Target GC Util Change" value ="20.000000" />
  <attribute name="Current GC Util Change" value="91.000000"/>
  <attribute name="GC Util currently" value="91" />
  <attribute name="CPU Util currently" value="3719965615339" />
<concurrent-start id="648" type="GMP work packet processing" contextid="628" timestamp="2019-06-16T00:08:09.496">
  <concurrent-mark-start scanTarget="18446744073709035319" />
</concurrent-start>
<exclusive-end id="649" timestamp="2019-06-16T00:08:09.496" durationms="3.806" />

<exclusive-start id="650" timestamp="2019-06-16T00:08:09.496" intervalms="4.166">
  <response-info timems="0.019" idlems="0.019" threads="0" lastid="00000000014B0700" lastname="main" />
</exclusive-start>
<concurrent-end id="651" type="GMP work packet processing" contextid="628" timestamp="2019-06-16T00:08:09.496">
  <concurrent-mark-end bytesScanned="21504" reasonForTermination="Completed all work in GC phase" />
</concurrent-end>

<allocation-taxation id="652" taxation-threshold="2097152" timestamp="2019-06-16T00:08:09.496" intervalms="3.722" />
<gc-start id="653" type="global mark phase" contextid="628" timestamp="2019-06-16T00:08:09.496">
  <mem-info id="654" free="3145728" total="8388608" percent="37">
    <remembered-set count="1440" freebytes="329088" totalbytes="334848" percent="98" regionsoverflowed="0" regionsstable="0" regionsrebuilding="0"/>
  </mem-info>
</gc-start>
<gc-op id="655" type="mark increment" timems="1.056" contextid="628" timestamp="2019-06-16T00:08:09.497">
  <trace-info objectcount="2" scancount="1" scanbytes="16" />
  <finalization candidates="45" enqueued="0" />
  <ownableSynchronizers candidates="1" cleared="0" />
  <references type="soft" candidates="45" cleared="0" enqueued="0" dynamicThreshold="20" maxThreshold="32" />
  <references type="weak" candidates="382" cleared="0" enqueued="0" />
  <references type="phantom" candidates="80" cleared="0" enqueued="0" />
  <stringconstants candidates="2485" cleared="0"  />
</gc-op>
<gc-op id="656" type="classunload" timems="0.001" contextid="628" timestamp="2019-06-16T00:08:09.497">
  <classunload-info classloadercandidates="6" classloadersunloaded="0" classesunloaded="0" anonymousclassesunloaded="0" quiescems="0.000" setupms="0.001" scanms="0.000" postms="0.000" />
</gc-op>
<gc-end id="657" type="global mark phase" contextid="628" durationms="1.270" usertimems="4.000" systemtimems="0.000" timestamp="2019-06-16T00:08:09.497" activeThreads="4">
  <mem-info id="658" free="3145728" total="8388608" percent="37">
    <remembered-set count="1440" freebytes="329088" totalbytes="334848" percent="98" regionsoverflowed="0" regionsstable="0" regionsrebuilding="0"/>
  </mem-info>
</gc-end>
<cycle-end id="659" type="global mark phase" contextid="628" timestamp="2019-06-16T00:08:09.498" />
  <attribute name="elasticGC enabled" value="1" />
  <attribute name= "numThreadsSpecified" value="4" />
  <attribute name="heapSize specified" value="0" />
  <attribute name="Current GC Util" value="0" />
  <attribute name= "Current Time Running" value="862" />
  <attribute name ="GC Interval" value="0" />
  <attribute name="ProportionalT" value="-30.000000" />
  <attribute name="ProportionalI" value="-30.000000" />
  <attribute name="ProportionalH" value="-30.000000" />
  <attribute name="Current Error" value="-20.000000" />
  <attribute name="IntegralT" value="0.000000" />
  <attribute name="IntegralI" value="0.000000" />
  <attribute name="IntegralH" value="0.000000" />
  <attribute name="DerivativeT" value="-inf" />
  <attribute name="DerivativeI" value="-inf" />
  <attribute name="DerivativeH" value="-inf" />
  <attribute name="Loop Time for DT" value="0.000000" />
  <attribute name="Output H" value="2091843584"/>
  <attribute name="Output I" value="200"/>
  <attribute name="Output T" value="4"/>
  <attribute name="Target GC Util Change" value ="20.000000" />
  <attribute name="Current GC Util Change" value="0.000000"/>
  <attribute name="GC Util currently" value="0" />
  <attribute name="CPU Util currently" value="38232227791020" />
<exclusive-end id="660" timestamp="2019-06-16T00:08:09.498" durationms="1.601" />

<exclusive-start id="661" timestamp="2019-06-16T00:08:09.498" intervalms="1.964">
  <response-info timems="0.017" idlems="0.017" threads="0" lastid="00000000014B0700" lastname="main" />
</exclusive-start>
<allocation-taxation id="662" taxation-threshold="2097152" timestamp="2019-06-16T00:08:09.498" intervalms="1.962" />
<cycle-start id="663" type="partial gc" contextid="0" timestamp="2019-06-16T00:08:09.498" intervalms="5.580" />
<gc-start id="664" type="partial gc" contextid="663" timestamp="2019-06-16T00:08:09.498">
  <mem-info id="665" free="1048576" total="8388608" percent="12">
    <mem type="eden" free="121240" total="4194304" percent="2" />
    <remembered-set count="1440" freebytes="329088" totalbytes="334848" percent="98" regionsoverflowed="0" regionsstable="0" regionsrebuilding="0"/>
  </mem-info>
</gc-start>
<allocation-stats totalBytes="4073064" >
  <allocated-bytes non-tlh="3946088" tlh="126976" arrayletleaf="0"/>
  <largest-consumer threadName="main" threadId="00000000014B0700" bytes="2038472" />
</allocation-stats>
<gc-op id="666" type="sweep" timems="0.784" contextid="663" timestamp="2019-06-16T00:08:09.499" />
<gc-op id="667" type="copy forward" timems="0.566" contextid="663" timestamp="2019-06-16T00:08:09.500">
  <memory-copied type="eden" objects="2" bytes="144360" bytesdiscarded="0" />
  <memory-copied type="other" objects="0" bytes="0" bytesdiscarded="0" />
  <memory-cardclean objects="0" bytes="0" />
  <regions eden="2" other="2" />
  <remembered-set-cleared processed="320" cleared="0" durationms="0.044" />
  <stringconstants candidates="2485" cleared="0"  />
</gc-op>
<gc-op id="668" type="classunload" timems="0.001" contextid="663" timestamp="2019-06-16T00:08:09.501">
  <classunload-info classloadercandidates="6" classloadersunloaded="0" classesunloaded="0" anonymousclassesunloaded="0" quiescems="0.000" setupms="0.001" scanms="0.000" postms="0.000" />
</gc-op>
<gc-op id="669" type="compact" timems="1.283" contextid="663" timestamp="2019-06-16T00:08:09.502">
  <compact-info movecount="0" movebytes="0" />
  <remembered-set-cleared processed="640" cleared="0" durationms="0.046" />
</gc-op>
<gc-end id="670" type="partial gc" contextid="663" durationms="3.997" usertimems="4.000" systemtimems="0.000" timestamp="2019-06-16T00:08:09.502" activeThreads="4">
  <mem-info id="671" free="5242880" total="8388608" percent="62">
    <mem type="eden" free="904216" total="1048576" percent="86" />
    <remembered-set count="512" freebytes="332800" totalbytes="334848" percent="99" regionsoverflowed="0" regionsstable="0" regionsrebuilding="0"/>
  </mem-info>
</gc-end>
<cycle-end id="672" type="partial gc" contextid="663" timestamp="2019-06-16T00:08:09.502" />
  <attribute name="elasticGC enabled" value="1" />
  <attribute name= "numThreadsSpecified" value="4" />
  <attribute name="heapSize specified" value="0" />
  <attribute name="Current GC Util" value="0" />
  <attribute name= "Current Time Running" value="866" />
  <attribute name ="GC Interval" value="0" />
  <attribute name="ProportionalT" value="-30.000000" />
  <attribute name="ProportionalI" value="-30.000000" />
  <attribute name="ProportionalH" value="-30.000000" />
  <attribute name="Current Error" value="-20.000000" />
  <attribute name="IntegralT" value="-20.000000" />
  <attribute name="IntegralI" value="-20.000000" />
  <attribute name="IntegralH" value="-20.000000" />
  <attribute name="DerivativeT" value="-57.500000" />
  <attribute name="DerivativeI" value="-57.500000" />
  <attribute name="DerivativeH" value="-57.500000" />
  <attribute name="Loop Time for DT" value="1.000000" />
  <attribute name="Output H" value="2091843584"/>
  <attribute name="Output I" value="200"/>
  <attribute name="Output T" value="4"/>
  <attribute name="Target GC Util Change" value ="20.000000" />
  <attribute name="Current GC Util Change" value="0.000000"/>
  <attribute name="GC Util currently" value="0" />
  <attribute name="CPU Util currently" value="5305185116359" />
<exclusive-end id="673" timestamp="2019-06-16T00:08:09.503" durationms="4.589" />

<exclusive-start id="674" timestamp="2019-06-16T00:08:09.503" intervalms="5.023">
  <response-info timems="0.026" idlems="0.026" threads="0" lastid="00000000014B0700" lastname="main" />
</exclusive-start>
<allocation-taxation id="675" taxation-threshold="2097152" timestamp="2019-06-16T00:08:09.503" intervalms="5.028" />
<cycle-start id="676" type="global mark phase" contextid="0" timestamp="2019-06-16T00:08:09.503" intervalms="12.760" />
<gc-start id="677" type="global mark phase" contextid="676" timestamp="2019-06-16T00:08:09.503">
  <mem-info id="678" free="3145728" total="8388608" percent="37">
    <remembered-set count="512" freebytes="332800" totalbytes="334848" percent="99" regionsoverflowed="0" regionsstable="0" regionsrebuilding="0"/>
  </mem-info>
</gc-start>
<gc-op id="679" type="mark increment" timems="0.694" contextid="676" timestamp="2019-06-16T00:08:09.504">
  <trace-info objectcount="87" scancount="0" scanbytes="0" />
</gc-op>
<gc-end id="680" type="global mark phase" contextid="676" durationms="0.874" usertimems="4.000" systemtimems="0.000" timestamp="2019-06-16T00:08:09.504" activeThreads="4">
  <mem-info id="681" free="3145728" total="8388608" percent="37">
    <remembered-set count="512" freebytes="332800" totalbytes="334848" percent="99" regionsoverflowed="0" regionsstable="0" regionsrebuilding="0"/>
  </mem-info>
</gc-end>
<concurrent-start id="682" type="GMP work packet processing" contextid="676" timestamp="2019-06-16T00:08:09.504">
  <concurrent-mark-start scanTarget="18446744073709551615" />
</concurrent-start>
<exclusive-end id="683" timestamp="2019-06-16T00:08:09.504" durationms="1.407" />

<exclusive-start id="684" timestamp="2019-06-16T00:08:09.505" intervalms="1.785">
  <response-info timems="0.020" idlems="0.020" threads="0" lastid="00000000014B0700" lastname="main" />
</exclusive-start>
<allocation-taxation id="685" taxation-threshold="2097152" timestamp="2019-06-16T00:08:09.505" intervalms="1.785" />
<concurrent-end id="686" type="GMP work packet processing" contextid="676" timestamp="2019-06-16T00:08:09.505">
  <concurrent-mark-end bytesScanned="146444" reasonForTermination="Termination requested" />
</concurrent-end>

<cycle-start id="687" type="partial gc" contextid="0" timestamp="2019-06-16T00:08:09.505" intervalms="6.941" />
<gc-start id="688" type="partial gc" contextid="687" timestamp="2019-06-16T00:08:09.505">
  <mem-info id="689" free="1048576" total="8388608" percent="12">
    <mem type="eden" free="65424" total="4194304" percent="1" />
    <remembered-set count="512" freebytes="332800" totalbytes="334848" percent="99" regionsoverflowed="0" regionsstable="0" regionsrebuilding="0"/>
  </mem-info>
</gc-start>
<allocation-stats totalBytes="4128880" >
  <allocated-bytes non-tlh="4001904" tlh="126976" arrayletleaf="0"/>
  <largest-consumer threadName="main" threadId="00000000014B0700" bytes="2065600" />
</allocation-stats>
<gc-op id="690" type="copy forward" timems="0.721" contextid="687" timestamp="2019-06-16T00:08:09.506">
  <memory-copied type="eden" objects="2" bytes="146336" bytesdiscarded="0" />
  <memory-copied type="other" objects="0" bytes="0" bytesdiscarded="0" />
  <memory-cardclean objects="0" bytes="0" />
  <regions eden="4" other="1" />
  <remembered-set-cleared processed="323" cleared="0" durationms="0.044" />
  <stringconstants candidates="2485" cleared="0"  />
</gc-op>
<gc-op id="691" type="classunload" timems="0.001" contextid="687" timestamp="2019-06-16T00:08:09.507">
  <classunload-info classloadercandidates="6" classloadersunloaded="0" classesunloaded="0" anonymousclassesunloaded="0" quiescems="0.000" setupms="0.001" scanms="0.000" postms="0.000" />
</gc-op>
<gc-op id="692" type="compact" timems="1.307" contextid="687" timestamp="2019-06-16T00:08:09.508">
  <compact-info movecount="0" movebytes="0" />
  <remembered-set-cleared processed="646" cleared="0" durationms="0.046" />
</gc-op>
<gc-end id="693" type="partial gc" contextid="687" durationms="3.042" usertimems="4.000" systemtimems="0.000" timestamp="2019-06-16T00:08:09.508" activeThreads="4">
  <mem-info id="694" free="5242880" total="8388608" percent="62">
    <mem type="eden" free="902240" total="1048576" percent="86" />
    <remembered-set count="1024" freebytes="330752" totalbytes="334848" percent="98" regionsoverflowed="0" regionsstable="0" regionsrebuilding="0"/>
  </mem-info>
</gc-end>
<cycle-end id="695" type="partial gc" contextid="687" timestamp="2019-06-16T00:08:09.508" />
  <attribute name="elasticGC enabled" value="1" />
  <attribute name= "numThreadsSpecified" value="4" />
  <attribute name="heapSize specified" value="0" />
  <attribute name="Current GC Util" value="0" />
  <attribute name= "Current Time Running" value="872" />
  <attribute name ="GC Interval" value="0" />
  <attribute name="ProportionalT" value="-30.000000" />
  <attribute name="ProportionalI" value="-30.000000" />
  <attribute name="ProportionalH" value="-30.000000" />
  <attribute name="Current Error" value="-20.000000" />
  <attribute name="IntegralT" value="-20.000000" />
  <attribute name="IntegralI" value="-20.000000" />
  <attribute name="IntegralH" value="-20.000000" />
  <attribute name="DerivativeT" value="-56.500000" />
  <attribute name="DerivativeI" value="-56.500000" />
  <attribute name="DerivativeH" value="-56.500000" />
  <attribute name="Loop Time for DT" value="1.000000" />
  <attribute name="Output H" value="2091843584"/>
  <attribute name="Output I" value="200"/>
  <attribute name="Output T" value="4"/>
  <attribute name="Target GC Util Change" value ="20.000000" />
  <attribute name="Current GC Util Change" value="0.000000"/>
  <attribute name="GC Util currently" value="0" />
  <attribute name="CPU Util currently" value="4929247877895" />
<concurrent-start id="696" type="GMP work packet processing" contextid="676" timestamp="2019-06-16T00:08:09.508">
  <concurrent-mark-start scanTarget="18446744073709405171" />
</concurrent-start>
<exclusive-end id="697" timestamp="2019-06-16T00:08:09.509" durationms="3.796" />

<exclusive-start id="698" timestamp="2019-06-16T00:08:09.509" intervalms="4.068">
  <response-info timems="0.021" idlems="0.021" threads="0" lastid="00000000014B0700" lastname="main" />
</exclusive-start>
<sys-start reason="explicit" id="699" timestamp="2019-06-16T00:08:09.509" intervalms="996.979" />
<concurrent-end id="700" type="GMP work packet processing" contextid="676" timestamp="2019-06-16T00:08:09.509">
  <concurrent-mark-end bytesScanned="262952" reasonForTermination="Termination requested" />
</concurrent-end>

<cycle-continue id="701" oldtype="global mark phase" newtype="global garbage collect" contextid="676" timestamp="2019-06-16T00:08:09.509" />
  <attribute name="elasticGC enabled" value="1" />
  <attribute name= "numThreadsSpecified" value="4" />
  <attribute name="heapSize specified" value="0" />
  <attribute name="Current GC Util" value="196" />
  <attribute name= "Current Time Running" value="874" />
  <attribute name ="GC Interval" value="0" />
  <attribute name="ProportionalT" value="264.000000" />
  <attribute name="ProportionalI" value="264.000000" />
  <attribute name="ProportionalH" value="264.000000" />
  <attribute name="IntegralT" value="352.000000" />
  <attribute name="IntegralI" value="352.000000" />
  <attribute name="IntegralH" value="352.000000" />
  <attribute name="DerivativeT" value="44.000000" />
  <attribute name="DerivativeI" value="44.000000" />
  <attribute name="DerivativeH" value="44.000000" />
  <attribute name="Current Error" value="176.000000" />
  <attribute name="Target GC Util Change" value ="20.000000" />
  <attribute name="Current GC Util Change" value="196.000000"/>
  <attribute name="Loop Time for DT" value="2.000000" />
  <attribute name="Output H" value="8388608"/>
  <attribute name="Output I" value="664"/>
  <attribute name="Output T" value="4"/>
  <attribute name="GC Util currently" value="196" />
  <attribute name="CPU Util currently" value="2450655941846" />
<gc-start id="702" type="global garbage collect" contextid="676" timestamp="2019-06-16T00:08:09.509">
  <mem-info id="703" free="4550576" total="8388608" percent="54">
    <mem type="eden" free="356272" total="1048576" percent="33" />
    <remembered-set count="1024" freebytes="330752" totalbytes="334848" percent="98" regionsoverflowed="0" regionsstable="0" regionsrebuilding="0"/>
  </mem-info>
</gc-start>
<allocation-stats totalBytes="692304" >
  <allocated-bytes non-tlh="659536" tlh="32768" arrayletleaf="0"/>
  <largest-consumer threadName="main" threadId="00000000014B0700" bytes="692304" />
</allocation-stats>
<gc-op id="704" type="global mark" timems="2.145" contextid="676" timestamp="2019-06-16T00:08:09.512">
  <trace-info objectcount="2872" scancount="4005" scanbytes="128708" />
  <cardclean-info objects="32" bytes="776" />
  <finalization candidates="45" enqueued="0" />
  <ownableSynchronizers candidates="1" cleared="0" />
  <references type="soft" candidates="45" cleared="0" enqueued="0" dynamicThreshold="20" maxThreshold="32" />
  <references type="weak" candidates="382" cleared="0" enqueued="0" />
  <references type="phantom" candidates="80" cleared="0" enqueued="0" />
  <stringconstants candidates="2485" cleared="0"  />
</gc-op>
<gc-op id="705" type="classunload" timems="0.001" contextid="676" timestamp="2019-06-16T00:08:09.512">
  <classunload-info classloadercandidates="6" classloadersunloaded="0" classesunloaded="0" anonymousclassesunloaded="0" quiescems="0.000" setupms="0.001" scanms="0.000" postms="0.000" />
</gc-op>
<gc-op id="706" type="sweep" timems="0.936" contextid="676" timestamp="2019-06-16T00:08:09.513" />
<gc-op id="707" type="compact" timems="3.737" contextid="676" timestamp="2019-06-16T00:08:09.517">
  <compact-info movecount="18968" movebytes="1117224" />
  <remembered-set-cleared processed="562" cleared="562" durationms="0.045" />
</gc-op>
<gc-end id="708" type="global garbage collect" contextid="676" durationms="7.792" usertimems="8.000" systemtimems="0.000" timestamp="2019-06-16T00:08:09.517" activeThreads="4">
  <mem-info id="709" free="5242880" total="8388608" percent="62">
    <remembered-set count="2048" freebytes="326656" totalbytes="334848" percent="97" regionsoverflowed="0" regionsstable="0" regionsrebuilding="0"/>
  </mem-info>
</gc-end>
<cycle-end id="710" type="global garbage collect" contextid="676" timestamp="2019-06-16T00:08:09.517" />
  <attribute name="elasticGC enabled" value="1" />
  <attribute name= "numThreadsSpecified" value="4" />
  <attribute name="heapSize specified" value="0" />
  <attribute name="Current GC Util" value="93" />
  <attribute name= "Current Time Running" value="879" />
  <attribute name ="GC Interval" value="0" />
  <attribute name="ProportionalT" value="109.500000" />
  <attribute name="ProportionalI" value="109.500000" />
  <attribute name="ProportionalH" value="109.500000" />
  <attribute name="Current Error" value="73.000000" />
  <attribute name="IntegralT" value="73.000000" />
  <attribute name="IntegralI" value="73.000000" />
  <attribute name="IntegralH" value="73.000000" />
  <attribute name="DerivativeT" value="-11.000000" />
  <attribute name="DerivativeI" value="-11.000000" />
  <attribute name="DerivativeH" value="-11.000000" />
  <attribute name="Loop Time for DT" value="1.000000" />
  <attribute name="Output H" value="8388608"/>
  <attribute name="Output I" value="200"/>
  <attribute name="Output T" value="4"/>
  <attribute name="Target GC Util Change" value ="20.000000" />
  <attribute name="Current GC Util Change" value="93.000000"/>
  <attribute name="GC Util currently" value="93" />
  <attribute name="CPU Util currently" value="4027423637834" />
<sys-end id="711" timestamp="2019-06-16T00:08:09.518" />
<exclusive-end id="712" timestamp="2019-06-16T00:08:09.518" durationms="8.794" />

<exclusive-start id="713" timestamp="2019-06-16T00:08:10.010" intervalms="500.691">
  <response-info timems="0.022" idlems="0.022" threads="0" lastid="00000000014B0700" lastname="main" />
</exclusive-start>
<allocation-taxation id="714" taxation-threshold="5242880" timestamp="2019-06-16T00:08:10.010" intervalms="504.784" />
<cycle-start id="715" type="partial gc" contextid="0" timestamp="2019-06-16T00:08:10.010" intervalms="504.673" />
<gc-start id="716" type="partial gc" contextid="715" timestamp="2019-06-16T00:08:10.010">
  <mem-info id="717" free="0" total="8388608" percent="0">
    <mem type="eden" free="0" total="5242880" percent="0" />
    <remembered-set count="2048" freebytes="326656" totalbytes="334848" percent="97" regionsoverflowed="0" regionsstable="0" regionsrebuilding="0"/>
  </mem-info>
</gc-start>
<allocation-stats totalBytes="5235656" >
  <allocated-bytes non-tlh="152304" tlh="5083352" arrayletleaf="0"/>
  <largest-consumer threadName="main" threadId="00000000014B0700" bytes="5235656" />
</allocation-stats>
<gc-op id="718" type="mark" timems="1.157" contextid="715" timestamp="2019-06-16T00:08:10.012">
  <trace-info objectcount="8246" scancount="5375" scanbytes="156900" />
  <cardclean-info objects="416" bytes="17076" />
  <remembered-set-cleared processed="635" cleared="25" durationms="0.059" />
  <references type="soft" candidates="7" cleared="0" enqueued="0" dynamicThreshold="20" maxThreshold="32" />
  <references type="weak" candidates="67" cleared="63" enqueued="63" />
  <references type="phantom" candidates="8" cleared="3" enqueued="3" />
  <stringconstants candidates="3155" cleared="0"  />
  <warning details="Mark invoked due to insufficient free space for Copy-Forward" />
</gc-op>
<gc-op id="719" type="classunload" timems="0.001" contextid="715" timestamp="2019-06-16T00:08:10.012">
  <classunload-info classloadercandidates="6" classloadersunloaded="0" classesunloaded="0" anonymousclassesunloaded="0" quiescems="0.000" setupms="0.001" scanms="0.000" postms="0.000" />
</gc-op>
<gc-op id="720" type="sweep" timems="0.815" contextid="715" timestamp="2019-06-16T00:08:10.013" />
<gc-op id="721" type="compact" timems="2.283" contextid="715" timestamp="2019-06-16T00:08:10.016">
  <compact-info movecount="8143" movebytes="524224" />
  <remembered-set-cleared processed="2553" cleared="1328" durationms="0.059" />
</gc-op>
<gc-end id="722" type="partial gc" contextid="715" durationms="5.749" usertimems="4.000" systemtimems="4.000" timestamp="2019-06-16T00:08:10.016" activeThreads="4">
  <mem-info id="723" free="4194304" total="8388608" percent="50">
    <mem type="eden" free="516920" total="1048576" percent="49" />
    <pending-finalizers system="0" default="0" reference="66" classloader="0" />
    <remembered-set count="2720" freebytes="323968" totalbytes="334848" percent="96" regionsoverflowed="0" regionsstable="0" regionsrebuilding="0"/>
  </mem-info>
</gc-end>
<cycle-end id="724" type="partial gc" contextid="715" timestamp="2019-06-16T00:08:10.016" />
  <attribute name="elasticGC enabled" value="1" />
  <attribute name= "numThreadsSpecified" value="4" />
  <attribute name="heapSize specified" value="0" />
  <attribute name="Current GC Util" value="131" />
  <attribute name= "Current Time Running" value="1379" />
  <attribute name ="GC Interval" value="0" />
  <attribute name="ProportionalT" value="166.500000" />
  <attribute name="ProportionalI" value="166.500000" />
  <attribute name="ProportionalH" value="166.500000" />
  <attribute name="Current Error" value="111.000000" />
  <attribute name="IntegralT" value="111.000000" />
  <attribute name="IntegralI" value="111.000000" />
  <attribute name="IntegralH" value="111.000000" />
  <attribute name="DerivativeT" value="55.500000" />
  <attribute name="DerivativeI" value="55.500000" />
  <attribute name="DerivativeH" value="55.500000" />
  <attribute name="Loop Time for DT" value="1.000000" />
  <attribute name="Output H" value="8388608"/>
  <attribute name="Output I" value="336"/>
  <attribute name="Output T" value="4"/>
  <attribute name="Target GC Util Change" value ="20.000000" />
  <attribute name="Current GC Util Change" value="131.000000"/>
  <attribute name="GC Util currently" value="131" />
  <attribute name="CPU Util currently" value="4470919123647" />
<exclusive-end id="725" timestamp="2019-06-16T00:08:10.016" durationms="6.542" />

<exclusive-start id="726" timestamp="2019-06-16T00:08:10.521" intervalms="511.687">
  <response-info timems="0.028" idlems="0.028" threads="0" lastid="00000000014B0700" lastname="main" />
</exclusive-start>
<allocation-taxation id="727" taxation-threshold="2097152" timestamp="2019-06-16T00:08:10.521" intervalms="511.694" />
<cycle-start id="728" type="global mark phase" contextid="0" timestamp="2019-06-16T00:08:10.521" intervalms="1018.245" />
<gc-start id="729" type="global mark phase" contextid="728" timestamp="2019-06-16T00:08:10.522">
  <mem-info id="730" free="2097152" total="8388608" percent="25">
    <remembered-set count="1760" freebytes="327808" totalbytes="334848" percent="97" regionsoverflowed="0" regionsstable="1" regionsrebuilding="0"/>
  </mem-info>
</gc-start>
<gc-op id="731" type="mark increment" timems="0.808" contextid="728" timestamp="2019-06-16T00:08:10.522">
  <trace-info objectcount="122" scancount="0" scanbytes="0" />
</gc-op>
<gc-end id="732" type="global mark phase" contextid="728" durationms="0.928" usertimems="0.000" systemtimems="0.000" timestamp="2019-06-16T00:08:10.522" activeThreads="4">
  <mem-info id="733" free="2097152" total="8388608" percent="25">
    <remembered-set count="1760" freebytes="327808" totalbytes="334848" percent="97" regionsoverflowed="0" regionsstable="0" regionsrebuilding="1"/>
  </mem-info>
</gc-end>
<concurrent-start id="734" type="GMP work packet processing" contextid="728" timestamp="2019-06-16T00:08:10.523">
  <concurrent-mark-start scanTarget="18446744073709551615" />
</concurrent-start>
<exclusive-end id="735" timestamp="2019-06-16T00:08:10.523" durationms="1.324" />

<concurrent-end id="736" type="GMP work packet processing" contextid="728" timestamp="2019-06-16T00:08:10.525">
  <concurrent-mark-end bytesScanned="676960" reasonForTermination="Completed all work in GC phase" />
</concurrent-end>

<exclusive-start id="737" timestamp="2019-06-16T00:08:11.064" intervalms="543.206">
  <response-info timems="0.208" idlems="0.187" threads="1" lastid="00000000017CC400" lastname="PmdThread 3" />
</exclusive-start>
<allocation-taxation id="738" taxation-threshold="2097152" timestamp="2019-06-16T00:08:11.065" intervalms="543.215" />
<cycle-start id="739" type="partial gc" contextid="0" timestamp="2019-06-16T00:08:11.065" intervalms="1054.922" />
<gc-start id="740" type="partial gc" contextid="739" timestamp="2019-06-16T00:08:11.065">
  <mem-info id="741" free="0" total="8388608" percent="0">
    <mem type="eden" free="0" total="4194304" percent="0" />
    <remembered-set count="4832" freebytes="315520" totalbytes="334848" percent="94" regionsoverflowed="0" regionsstable="0" regionsrebuilding="1"/>
  </mem-info>
</gc-start>
<allocation-stats totalBytes="4145184" >
  <allocated-bytes non-tlh="39720" tlh="4105464" arrayletleaf="0"/>
  <largest-consumer threadName="main" threadId="00000000014B0700" bytes="1442888" />
</allocation-stats>
<gc-op id="742" type="mark" timems="1.626" contextid="739" timestamp="2019-06-16T00:08:11.067">
  <trace-info objectcount="16703" scancount="11419" scanbytes="412504" />
  <cardclean-info objects="641" bytes="28424" />
  <remembered-set-cleared processed="3400" cleared="1205" durationms="0.075" />
  <finalization candidates="6" enqueued="0" />
  <ownableSynchronizers candidates="7" cleared="0" />
  <references type="soft" candidates="8" cleared="0" enqueued="0" dynamicThreshold="8" maxThreshold="32" />
  <references type="weak" candidates="448" cleared="231" enqueued="154" />
  <references type="phantom" candidates="11" cleared="1" enqueued="1" />
  <stringconstants candidates="3409" cleared="0"  />
  <warning details="Mark invoked due to insufficient free space for Copy-Forward" />
</gc-op>
<gc-op id="743" type="classunload" timems="0.002" contextid="739" timestamp="2019-06-16T00:08:11.067">
  <classunload-info classloadercandidates="6" classloadersunloaded="0" classesunloaded="0" anonymousclassesunloaded="0" quiescems="0.000" setupms="0.002" scanms="0.000" postms="0.000" />
</gc-op>
<gc-op id="744" type="sweep" timems="0.411" contextid="739" timestamp="2019-06-16T00:08:11.068" />
<gc-op id="745" type="compact" timems="2.549" contextid="739" timestamp="2019-06-16T00:08:11.070">
  <compact-info movecount="16598" movebytes="1098728" />
  <remembered-set-cleared processed="7449" cleared="3048" durationms="0.075" />
</gc-op>
<heap-resize id="746" type="expand" space="default" amount="3145728" count="1" timems="0.067" reason="insufficient free space following gc" timestamp="2019-06-16T00:08:11.071" />
<gc-end id="747" type="partial gc" contextid="739" durationms="5.786" usertimems="4.000" systemtimems="0.000" timestamp="2019-06-16T00:08:11.071" activeThreads="1">
  <mem-info id="748" free="6291456" total="11534336" percent="54">
    <mem type="eden" free="266512" total="1048576" percent="25" />
    <pending-finalizers system="0" default="0" reference="155" classloader="0" />
    <remembered-set count="4896" freebytes="440832" totalbytes="460416" percent="95" regionsoverflowed="0" regionsstable="0" regionsrebuilding="1"/>
  </mem-info>
</gc-end>
<cycle-end id="749" type="partial gc" contextid="739" timestamp="2019-06-16T00:08:11.071" />
  <attribute name="elasticGC enabled" value="1" />
  <attribute name= "numThreadsSpecified" value="1" />
  <attribute name="heapSize specified" value="0" />
  <attribute name="Current GC Util" value="23" />
  <attribute name= "Current Time Running" value="2433" />
  <attribute name ="GC Interval" value="0" />
  <attribute name="ProportionalT" value="4.500000" />
  <attribute name="ProportionalI" value="4.500000" />
  <attribute name="ProportionalH" value="4.500000" />
  <attribute name="Current Error" value="3.000000" />
  <attribute name="IntegralT" value="0.000000" />
  <attribute name="IntegralI" value="0.000000" />
  <attribute name="IntegralH" value="0.000000" />
  <attribute name="DerivativeT" value="inf" />
  <attribute name="DerivativeI" value="inf" />
  <attribute name="DerivativeH" value="inf" />
  <attribute name="Loop Time for DT" value="0.000000" />
  <attribute name="Output H" value="8388608"/>
  <attribute name="Output I" value="200"/>
  <attribute name="Output T" value="1"/>
  <attribute name="Target GC Util Change" value ="20.000000" />
  <attribute name="Current GC Util Change" value="23.000000"/>
  <attribute name="GC Util currently" value="23" />
  <attribute name="CPU Util currently" value="7440687475182" />
<exclusive-end id="750" timestamp="2019-06-16T00:08:11.071" durationms="6.541" />

<exclusive-start id="751" timestamp="2019-06-16T00:08:11.129" intervalms="64.570">
  <response-info timems="0.035" idlems="0.035" threads="0" lastid="00000000017CC400" lastname="PmdThread 3" />
</exclusive-start>
<allocation-taxation id="752" taxation-threshold="3145728" timestamp="2019-06-16T00:08:11.129" intervalms="64.564" />
<gc-start id="753" type="global mark phase" contextid="728" timestamp="2019-06-16T00:08:11.129">
  <mem-info id="754" free="3145728" total="11534336" percent="27">
    <remembered-set count="4576" freebytes="442112" totalbytes="460416" percent="96" regionsoverflowed="0" regionsstable="0" regionsrebuilding="1"/>
  </mem-info>
</gc-start>
<gc-op id="755" type="mark increment" timems="1.962" contextid="728" timestamp="2019-06-16T00:08:11.131">
  <trace-info objectcount="15782" scancount="11656" scanbytes="364568" />
  <cardclean-info objects="722" bytes="32548" />
  <finalization candidates="51" enqueued="0" />
  <ownableSynchronizers candidates="8" cleared="0" />
  <references type="soft" candidates="53" cleared="0" enqueued="0" dynamicThreshold="17" maxThreshold="32" />
  <references type="weak" candidates="599" cleared="0" enqueued="0" />
  <references type="phantom" candidates="90" cleared="2" enqueued="2" />
  <stringconstants candidates="3531" cleared="4"  />
</gc-op>
<gc-op id="756" type="classunload" timems="0.003" contextid="728" timestamp="2019-06-16T00:08:11.131">
  <classunload-info classloadercandidates="6" classloadersunloaded="0" classesunloaded="0" anonymousclassesunloaded="0" quiescems="0.000" setupms="0.002" scanms="0.000" postms="0.000" />
</gc-op>
<gc-end id="757" type="global mark phase" contextid="728" durationms="2.207" usertimems="0.000" systemtimems="4.000" timestamp="2019-06-16T00:08:11.131" activeThreads="4">
  <mem-info id="758" free="3145728" total="11534336" percent="27">
    <pending-finalizers system="0" default="0" reference="2" classloader="0" />
    <remembered-set count="6112" freebytes="435968" totalbytes="460416" percent="94" regionsoverflowed="0" regionsstable="0" regionsrebuilding="0"/>
  </mem-info>
</gc-end>
<cycle-end id="759" type="global mark phase" contextid="728" timestamp="2019-06-16T00:08:11.132" />
  <attribute name="elasticGC enabled" value="1" />
  <attribute name= "numThreadsSpecified" value="4" />
  <attribute name="heapSize specified" value="0" />
  <attribute name="Current GC Util" value="0" />
  <attribute name= "Current Time Running" value="2496" />
  <attribute name ="GC Interval" value="0" />
  <attribute name="ProportionalT" value="-30.000000" />
  <attribute name="ProportionalI" value="-30.000000" />
  <attribute name="ProportionalH" value="-30.000000" />
  <attribute name="Current Error" value="-20.000000" />
  <attribute name="IntegralT" value="-20.000000" />
  <attribute name="IntegralI" value="-20.000000" />
  <attribute name="IntegralH" value="-20.000000" />
  <attribute name="DerivativeT" value="-44.500000" />
  <attribute name="DerivativeI" value="-44.500000" />
  <attribute name="DerivativeH" value="-44.500000" />
  <attribute name="Loop Time for DT" value="1.000000" />
  <attribute name="Output H" value="2091843584"/>
  <attribute name="Output I" value="200"/>
  <attribute name="Output T" value="4"/>
  <attribute name="Target GC Util Change" value ="20.000000" />
  <attribute name="Current GC Util Change" value="0.000000"/>
  <attribute name="GC Util currently" value="0" />
  <attribute name="CPU Util currently" value="5486634058598" />
<exclusive-end id="760" timestamp="2019-06-16T00:08:11.132" durationms="2.672" />

<exclusive-start id="761" timestamp="2019-06-16T00:08:11.228" intervalms="98.992">
  <response-info timems="0.366" idlems="0.146" threads="2" lastid="00000000017D0000" lastname="PmdThread 4" />
</exclusive-start>
<allocation-taxation id="762" taxation-threshold="3145728" timestamp="2019-06-16T00:08:11.228" intervalms="99.002" />
<cycle-start id="763" type="partial gc" contextid="0" timestamp="2019-06-16T00:08:11.228" intervalms="163.720" />
<gc-start id="764" type="partial gc" contextid="763" timestamp="2019-06-16T00:08:11.229">
  <mem-info id="765" free="0" total="11534336" percent="0">
    <mem type="eden" free="266512" total="7340032" percent="3" />
    <remembered-set count="1792" freebytes="453248" totalbytes="460416" percent="98" regionsoverflowed="0" regionsstable="1" regionsrebuilding="0"/>
  </mem-info>
</gc-start>
<allocation-stats totalBytes="6275392" >
  <allocated-bytes non-tlh="382192" tlh="5893200" arrayletleaf="0"/>
  <largest-consumer threadName="PmdThread 3" threadId="00000000017CC400" bytes="880928" />
</allocation-stats>
<gc-op id="766" type="sweep" timems="0.449" contextid="763" timestamp="2019-06-16T00:08:11.229" />
<gc-op id="767" type="mark" timems="1.927" contextid="763" timestamp="2019-06-16T00:08:11.232">
  <trace-info objectcount="22074" scancount="18074" scanbytes="622160" />
  <cardclean-info objects="590" bytes="29392" />
  <remembered-set-cleared processed="598" cleared="314" durationms="0.057" />
  <finalization candidates="12" enqueued="0" />
  <ownableSynchronizers candidates="7" cleared="0" />
  <references type="soft" candidates="10" cleared="0" enqueued="0" dynamicThreshold="8" maxThreshold="32" />
  <references type="weak" candidates="283" cleared="25" enqueued="22" />
  <references type="phantom" candidates="12" cleared="4" enqueued="4" />
  <stringconstants candidates="3778" cleared="0"  />
  <warning details="Mark invoked due to insufficient free space for Copy-Forward" />
</gc-op>
<gc-op id="768" type="classunload" timems="0.002" contextid="763" timestamp="2019-06-16T00:08:11.232">
  <classunload-info classloadercandidates="6" classloadersunloaded="0" classesunloaded="0" anonymousclassesunloaded="0" quiescems="0.000" setupms="0.002" scanms="0.000" postms="0.000" />
</gc-op>
<gc-op id="769" type="sweep" timems="0.618" contextid="763" timestamp="2019-06-16T00:08:11.232" />
<gc-op id="770" type="compact" timems="2.908" contextid="763" timestamp="2019-06-16T00:08:11.236">
  <compact-info movecount="22001" movebytes="1301104" />
  <remembered-set-cleared processed="1501" cleared="923" durationms="0.057" />
</gc-op>
<gc-end id="771" type="partial gc" contextid="763" durationms="7.304" usertimems="12.000" systemtimems="0.000" timestamp="2019-06-16T00:08:11.236" activeThreads="4">
  <mem-info id="772" free="5242880" total="11534336" percent="45">
    <mem type="eden" free="784088" total="2097152" percent="37" />
    <pending-finalizers system="0" default="0" reference="26" classloader="0" />
    <remembered-set count="2432" freebytes="450688" totalbytes="460416" percent="97" regionsoverflowed="0" regionsstable="1" regionsrebuilding="0"/>
  </mem-info>
</gc-end>
<cycle-end id="773" type="partial gc" contextid="763" timestamp="2019-06-16T00:08:11.236" />
  <attribute name="elasticGC enabled" value="1" />
  <attribute name= "numThreadsSpecified" value="4" />
  <attribute name="heapSize specified" value="0" />
  <attribute name="Current GC Util" value="66" />
  <attribute name= "Current Time Running" value="2598" />
  <attribute name ="GC Interval" value="0" />
  <attribute name="ProportionalT" value="69.000000" />
  <attribute name="ProportionalI" value="69.000000" />
  <attribute name="ProportionalH" value="69.000000" />
  <attribute name="Current Error" value="46.000000" />
  <attribute name="IntegralT" value="46.000000" />
  <attribute name="IntegralI" value="46.000000" />
  <attribute name="IntegralH" value="46.000000" />
  <attribute name="DerivativeT" value="23.000000" />
  <attribute name="DerivativeI" value="23.000000" />
  <attribute name="DerivativeH" value="23.000000" />
  <attribute name="Loop Time for DT" value="1.000000" />
  <attribute name="Output H" value="8388608"/>
  <attribute name="Output I" value="200"/>
  <attribute name="Output T" value="4"/>
  <attribute name="Target GC Util Change" value ="20.000000" />
  <attribute name="Current GC Util Change" value="66.000000"/>
  <attribute name="GC Util currently" value="66" />
  <attribute name="CPU Util currently" value="5439040167929" />
<exclusive-end id="774" timestamp="2019-06-16T00:08:11.236" durationms="8.174" />

<exclusive-start id="775" timestamp="2019-06-16T00:08:11.276" intervalms="48.071">
  <response-info timems="0.057" idlems="0.057" threads="0" lastid="00000000017C0C00" lastname="PmdThread 1" />
</exclusive-start>
<allocation-taxation id="776" taxation-threshold="2097152" timestamp="2019-06-16T00:08:11.276" intervalms="48.060" />
<cycle-start id="777" type="global mark phase" contextid="0" timestamp="2019-06-16T00:08:11.276" intervalms="754.813" />
<gc-start id="778" type="global mark phase" contextid="777" timestamp="2019-06-16T00:08:11.276">
  <mem-info id="779" free="3145728" total="11534336" percent="27">
    <remembered-set count="2336" freebytes="451072" totalbytes="460416" percent="97" regionsoverflowed="0" regionsstable="1" regionsrebuilding="0"/>
  </mem-info>
</gc-start>
<gc-op id="780" type="mark increment" timems="0.452" contextid="777" timestamp="2019-06-16T00:08:11.277">
  <trace-info objectcount="287" scancount="0" scanbytes="0" />
</gc-op>
<gc-end id="781" type="global mark phase" contextid="777" durationms="0.566" usertimems="0.000" systemtimems="0.000" timestamp="2019-06-16T00:08:11.277" activeThreads="4">
  <mem-info id="782" free="3145728" total="11534336" percent="27">
    <remembered-set count="2336" freebytes="451072" totalbytes="460416" percent="97" regionsoverflowed="0" regionsstable="0" regionsrebuilding="1"/>
  </mem-info>
</gc-end>
<concurrent-start id="783" type="GMP work packet processing" contextid="777" timestamp="2019-06-16T00:08:11.277">
  <concurrent-mark-start scanTarget="18446744073709551615" />
</concurrent-start>
<concurrent-end id="784" type="GMP work packet processing" contextid="777" timestamp="2019-06-16T00:08:11.279">
  <concurrent-mark-end bytesScanned="1598120" reasonForTermination="Completed all work in GC phase" />
</concurrent-end>

<exclusive-end id="785" timestamp="2019-06-16T00:08:11.279" durationms="2.868" />

<exclusive-start id="786" timestamp="2019-06-16T00:08:11.334" intervalms="58.202">
  <response-info timems="0.178" idlems="0.178" threads="0" lastid="00000000017C0C00" lastname="PmdThread 1" />
</exclusive-start>
<allocation-taxation id="787" taxation-threshold="2097152" timestamp="2019-06-16T00:08:11.334" intervalms="58.203" />
<cycle-start id="788" type="partial gc" contextid="0" timestamp="2019-06-16T00:08:11.334" intervalms="106.109" />
<gc-start id="789" type="partial gc" contextid="788" timestamp="2019-06-16T00:08:11.335">
  <mem-info id="790" free="1048576" total="11534336" percent="9">
    <mem type="eden" free="0" total="4194304" percent="0" />
    <remembered-set count="7168" freebytes="431744" totalbytes="460416" percent="93" regionsoverflowed="0" regionsstable="0" regionsrebuilding="1"/>
  </mem-info>
</gc-start>
<allocation-stats totalBytes="4190000" >
  <allocated-bytes non-tlh="66032" tlh="4123968" arrayletleaf="0"/>
  <largest-consumer threadName="PmdThread 1" threadId="00000000017C0C00" bytes="721032" />
</allocation-stats>
<gc-op id="791" type="copy forward" timems="3.504" contextid="788" timestamp="2019-06-16T00:08:11.339">
  <memory-copied type="eden" objects="21589" bytes="716560" bytesdiscarded="17000" />
  <memory-copied type="other" objects="16356" bytes="991200" bytesdiscarded="42280" />
  <memory-cardclean objects="598" bytes="28648" />
  <regions eden="4" other="1" />
  <remembered-set-cleared processed="6020" cleared="2402" durationms="0.089" />
  <finalization candidates="6" enqueued="0" />
  <references type="soft" candidates="35" cleared="0" enqueued="0" dynamicThreshold="8" maxThreshold="32" />
  <references type="weak" candidates="128" cleared="0" enqueued="0" />
  <references type="phantom" candidates="6" cleared="0" enqueued="0" />
  <stringconstants candidates="4600" cleared="0"  />
  <heap-resize type="expand" space="default" amount="2097152" count="2" timems="0.113" reason="continue current collection" />
</gc-op>
<gc-op id="792" type="classunload" timems="0.003" contextid="788" timestamp="2019-06-16T00:08:11.339">
  <classunload-info classloadercandidates="6" classloadersunloaded="0" classesunloaded="0" anonymousclassesunloaded="0" quiescems="0.000" setupms="0.003" scanms="0.000" postms="0.000" />
</gc-op>
<gc-op id="793" type="compact" timems="1.537" contextid="788" timestamp="2019-06-16T00:08:11.341">
  <compact-info movecount="6368" movebytes="230776" />
  <remembered-set-cleared processed="11572" cleared="4756" durationms="0.089" />
</gc-op>
<gc-end id="794" type="partial gc" contextid="788" durationms="6.062" usertimems="8.000" systemtimems="0.000" timestamp="2019-06-16T00:08:11.341" activeThreads="4">
  <mem-info id="795" free="6291456" total="13631488" percent="46">
    <mem type="eden" free="1362912" total="2097152" percent="64" />
    <remembered-set count="5664" freebytes="521472" totalbytes="544128" percent="95" regionsoverflowed="0" regionsstable="0" regionsrebuilding="1"/>
  </mem-info>
</gc-end>
<cycle-end id="796" type="partial gc" contextid="788" timestamp="2019-06-16T00:08:11.341" />
  <attribute name="elasticGC enabled" value="1" />
  <attribute name= "numThreadsSpecified" value="4" />
  <attribute name="heapSize specified" value="0" />
  <attribute name="Current GC Util" value="139" />
  <attribute name= "Current Time Running" value="2705" />
  <attribute name ="GC Interval" value="0" />
  <attribute name="ProportionalT" value="178.500000" />
  <attribute name="ProportionalI" value="178.500000" />
  <attribute name="ProportionalH" value="178.500000" />
  <attribute name="Current Error" value="119.000000" />
  <attribute name="IntegralT" value="476.000000" />
  <attribute name="IntegralI" value="476.000000" />
  <attribute name="IntegralH" value="476.000000" />
  <attribute name="DerivativeT" value="11.125000" />
  <attribute name="DerivativeI" value="11.125000" />
  <attribute name="DerivativeH" value="11.125000" />
  <attribute name="Loop Time for DT" value="4.000000" />
  <attribute name="Output H" value="8388608"/>
  <attribute name="Output I" value="672"/>
  <attribute name="Output T" value="4"/>
  <attribute name="Target GC Util Change" value ="20.000000" />
  <attribute name="Current GC Util Change" value="139.000000"/>
  <attribute name="GC Util currently" value="139" />
  <attribute name="CPU Util currently" value="1202421592553" />
<exclusive-end id="797" timestamp="2019-06-16T00:08:11.341" durationms="6.767" />

<exclusive-start id="798" timestamp="2019-06-16T00:08:11.381" intervalms="47.112">
  <response-info timems="0.187" idlems="0.187" threads="0" lastid="00000000017C0C00" lastname="PmdThread 1" />
</exclusive-start>
<allocation-taxation id="799" taxation-threshold="3145728" timestamp="2019-06-16T00:08:11.382" intervalms="47.309" />
<gc-start id="800" type="global mark phase" contextid="777" timestamp="2019-06-16T00:08:11.382">
  <mem-info id="801" free="3145728" total="13631488" percent="23">
    <remembered-set count="5568" freebytes="521856" totalbytes="544128" percent="95" regionsoverflowed="0" regionsstable="0" regionsrebuilding="1"/>
  </mem-info>
</gc-start>
<gc-op id="802" type="mark increment" timems="2.560" contextid="777" timestamp="2019-06-16T00:08:11.384">
  <trace-info objectcount="26095" scancount="23003" scanbytes="602208" />
  <cardclean-info objects="21710" bytes="799312" />
  <finalization candidates="57" enqueued="0" />
  <ownableSynchronizers candidates="8" cleared="0" />
  <references type="soft" candidates="175" cleared="0" enqueued="0" dynamicThreshold="14" maxThreshold="32" />
  <references type="weak" candidates="750" cleared="41" enqueued="38" />
  <references type="phantom" candidates="90" cleared="1" enqueued="1" />
  <stringconstants candidates="4800" cleared="0"  />
</gc-op>
<gc-op id="803" type="classunload" timems="0.003" contextid="777" timestamp="2019-06-16T00:08:11.385">
  <classunload-info classloadercandidates="6" classloadersunloaded="0" classesunloaded="0" anonymousclassesunloaded="0" quiescems="0.000" setupms="0.003" scanms="0.000" postms="0.000" />
</gc-op>
<gc-end id="804" type="global mark phase" contextid="777" durationms="2.867" usertimems="0.000" systemtimems="4.000" timestamp="2019-06-16T00:08:11.385" activeThreads="4">
  <mem-info id="805" free="3145728" total="13631488" percent="23">
    <pending-finalizers system="0" default="0" reference="39" classloader="0" />
    <remembered-set count="10688" freebytes="501376" totalbytes="544128" percent="92" regionsoverflowed="0" regionsstable="0" regionsrebuilding="0"/>
  </mem-info>
</gc-end>
<cycle-end id="806" type="global mark phase" contextid="777" timestamp="2019-06-16T00:08:11.385" />
  <attribute name="elasticGC enabled" value="1" />
  <attribute name= "numThreadsSpecified" value="4" />
  <attribute name="heapSize specified" value="0" />
  <attribute name="Current GC Util" value="77" />
  <attribute name= "Current Time Running" value="2749" />
  <attribute name ="GC Interval" value="0" />
  <attribute name="ProportionalT" value="85.500000" />
  <attribute name="ProportionalI" value="85.500000" />
  <attribute name="ProportionalH" value="85.500000" />
  <attribute name="Current Error" value="57.000000" />
  <attribute name="IntegralT" value="57.000000" />
  <attribute name="IntegralI" value="57.000000" />
  <attribute name="IntegralH" value="57.000000" />
  <attribute name="DerivativeT" value="-10.000000" />
  <attribute name="DerivativeI" value="-10.000000" />
  <attribute name="DerivativeH" value="-10.000000" />
  <attribute name="Loop Time for DT" value="1.000000" />
  <attribute name="Output H" value="8388608"/>
  <attribute name="Output I" value="200"/>
  <attribute name="Output T" value="4"/>
  <attribute name="Target GC Util Change" value ="20.000000" />
  <attribute name="Current GC Util Change" value="77.000000"/>
  <attribute name="GC Util currently" value="77" />
  <attribute name="CPU Util currently" value="4892973257905" />
<exclusive-end id="807" timestamp="2019-06-16T00:08:11.385" durationms="3.514" />

<exclusive-start id="808" timestamp="2019-06-16T00:08:11.447" intervalms="65.154">
  <response-info timems="0.174" idlems="0.174" threads="0" lastid="00000000017C4800" lastname="PmdThread 2" />
</exclusive-start>
<allocation-taxation id="809" taxation-threshold="3145728" timestamp="2019-06-16T00:08:11.447" intervalms="65.081" />
<cycle-start id="810" type="partial gc" contextid="0" timestamp="2019-06-16T00:08:11.447" intervalms="112.417" />
<gc-start id="811" type="partial gc" contextid="810" timestamp="2019-06-16T00:08:11.447">
  <mem-info id="812" free="0" total="13631488" percent="0">
    <mem type="eden" free="0" total="6291456" percent="0" />
    <remembered-set count="10336" freebytes="502784" totalbytes="544128" percent="92" regionsoverflowed="0" regionsstable="0" regionsrebuilding="0"/>
  </mem-info>
</gc-start>
<allocation-stats totalBytes="6285608" >
  <allocated-bytes non-tlh="21200" tlh="6264408" arrayletleaf="0"/>
  <largest-consumer threadName="PmdThread 2" threadId="00000000017C4800" bytes="1724672" />
</allocation-stats>
<gc-op id="813" type="sweep" timems="0.493" contextid="810" timestamp="2019-06-16T00:08:11.448" />
<gc-op id="814" type="mark" timems="2.926" contextid="810" timestamp="2019-06-16T00:08:11.451">
  <trace-info objectcount="39411" scancount="33990" scanbytes="972160" />
  <cardclean-info objects="4570" bytes="202032" />
  <remembered-set-cleared processed="9211" cleared="4798" durationms="0.124" />
  <references type="soft" candidates="134" cleared="0" enqueued="0" dynamicThreshold="7" maxThreshold="32" />
  <references type="weak" candidates="177" cleared="110" enqueued="110" />
  <references type="phantom" candidates="2" cleared="1" enqueued="1" />
  <stringconstants candidates="4870" cleared="0"  />
  <warning details="Mark invoked due to insufficient free space for Copy-Forward" />
</gc-op>
<gc-op id="815" type="classunload" timems="0.002" contextid="810" timestamp="2019-06-16T00:08:11.451">
  <classunload-info classloadercandidates="9" classloadersunloaded="0" classesunloaded="0" anonymousclassesunloaded="0" quiescems="0.000" setupms="0.001" scanms="0.000" postms="0.000" />
</gc-op>
<gc-op id="816" type="sweep" timems="1.042" contextid="810" timestamp="2019-06-16T00:08:11.453" />
<gc-op id="817" type="compact" timems="4.013" contextid="810" timestamp="2019-06-16T00:08:11.457">
  <compact-info movecount="38528" movebytes="1306552" />
  <remembered-set-cleared processed="22232" cleared="13144" durationms="0.124" />
</gc-op>
<gc-end id="818" type="partial gc" contextid="810" durationms="10.058" usertimems="12.000" systemtimems="4.000" timestamp="2019-06-16T00:08:11.457" activeThreads="4">
  <mem-info id="819" free="6291456" total="13631488" percent="46">
    <mem type="eden" free="421680" total="1048576" percent="40" />
    <pending-finalizers system="0" default="0" reference="111" classloader="0" />
    <remembered-set count="10080" freebytes="503808" totalbytes="544128" percent="92" regionsoverflowed="0" regionsstable="0" regionsrebuilding="0"/>
  </mem-info>
</gc-end>
<cycle-end id="820" type="partial gc" contextid="810" timestamp="2019-06-16T00:08:11.457" />
  <attribute name="elasticGC enabled" value="1" />
  <attribute name= "numThreadsSpecified" value="4" />
  <attribute name="heapSize specified" value="0" />
  <attribute name="Current GC Util" value="104" />
  <attribute name= "Current Time Running" value="2818" />
  <attribute name ="GC Interval" value="0" />
  <attribute name="ProportionalT" value="126.000000" />
  <attribute name="ProportionalI" value="126.000000" />
  <attribute name="ProportionalH" value="126.000000" />
  <attribute name="Current Error" value="84.000000" />
  <attribute name="IntegralT" value="84.000000" />
  <attribute name="IntegralI" value="84.000000" />
  <attribute name="IntegralH" value="84.000000" />
  <attribute name="DerivativeT" value="42.000000" />
  <attribute name="DerivativeI" value="42.000000" />
  <attribute name="DerivativeH" value="42.000000" />
  <attribute name="Loop Time for DT" value="1.000000" />
  <attribute name="Output H" value="8388608"/>
  <attribute name="Output I" value="256"/>
  <attribute name="Output T" value="4"/>
  <attribute name="Target GC Util Change" value ="20.000000" />
  <attribute name="Current GC Util Change" value="104.000000"/>
  <attribute name="GC Util currently" value="104" />
  <attribute name="CPU Util currently" value="3551876962943" />
<exclusive-end id="821" timestamp="2019-06-16T00:08:11.458" durationms="11.139" />

<exclusive-start id="822" timestamp="2019-06-16T00:08:11.530" intervalms="83.829">
  <response-info timems="2.577" idlems="1.300" threads="1" lastid="00000000017C0C00" lastname="PmdThread 1" />
</exclusive-start>
<allocation-taxation id="823" taxation-threshold="6291456" timestamp="2019-06-16T00:08:11.531" intervalms="83.709" />
<cycle-start id="824" type="partial gc" contextid="0" timestamp="2019-06-16T00:08:11.531" intervalms="83.667" />
<gc-start id="825" type="partial gc" contextid="824" timestamp="2019-06-16T00:08:11.531">
  <mem-info id="826" free="0" total="13631488" percent="0">
    <mem type="eden" free="0" total="6291456" percent="0" />
    <remembered-set count="9824" freebytes="504832" totalbytes="544128" percent="92" regionsoverflowed="0" regionsstable="0" regionsrebuilding="0"/>
  </mem-info>
</gc-start>
<allocation-stats totalBytes="6287032" >
  <allocated-bytes non-tlh="1896" tlh="6285136" arrayletleaf="0"/>
  <largest-consumer threadName="PmdThread 2" threadId="00000000017C4800" bytes="3979920" />
</allocation-stats>
<gc-op id="827" type="mark" timems="2.357" contextid="824" timestamp="2019-06-16T00:08:11.534">
  <trace-info objectcount="25388" scancount="22659" scanbytes="643300" />
  <cardclean-info objects="6311" bytes="292564" />
  <remembered-set-cleared processed="8077" cleared="2102" durationms="0.117" />
  <references type="soft" candidates="110" cleared="0" enqueued="0" dynamicThreshold="14" maxThreshold="32" />
  <references type="weak" candidates="418" cleared="416" enqueued="416" />
  <references type="phantom" candidates="3" cleared="3" enqueued="3" />
  <stringconstants candidates="4886" cleared="0"  />
  <warning details="Mark invoked due to insufficient free space for Copy-Forward" />
</gc-op>
<gc-op id="828" type="classunload" timems="0.001" contextid="824" timestamp="2019-06-16T00:08:11.534">
  <classunload-info classloadercandidates="9" classloadersunloaded="0" classesunloaded="0" anonymousclassesunloaded="0" quiescems="0.000" setupms="0.001" scanms="0.000" postms="0.000" />
</gc-op>
<gc-op id="829" type="sweep" timems="0.505" contextid="824" timestamp="2019-06-16T00:08:11.535" />
<gc-op id="830" type="compact" timems="3.805" contextid="824" timestamp="2019-06-16T00:08:11.539">
  <compact-info movecount="25340" movebytes="922280" />
  <remembered-set-cleared processed="21345" cleared="8394" durationms="0.119" />
</gc-op>
<gc-end id="831" type="partial gc" contextid="824" durationms="8.036" usertimems="16.000" systemtimems="0.000" timestamp="2019-06-16T00:08:11.539" activeThreads="1">
  <mem-info id="832" free="5242880" total="13631488" percent="38">
    <mem type="eden" free="693120" total="1048576" percent="66" />
    <pending-finalizers system="0" default="0" reference="419" classloader="0" />
    <remembered-set count="11840" freebytes="496768" totalbytes="544128" percent="91" regionsoverflowed="0" regionsstable="0" regionsrebuilding="0"/>
  </mem-info>
</gc-end>
<cycle-end id="833" type="partial gc" contextid="824" timestamp="2019-06-16T00:08:11.539" />
  <attribute name="elasticGC enabled" value="1" />
  <attribute name= "numThreadsSpecified" value="1" />
  <attribute name="heapSize specified" value="0" />
  <attribute name="Current GC Util" value="70" />
  <attribute name= "Current Time Running" value="2900" />
  <attribute name ="GC Interval" value="0" />
  <attribute name="ProportionalT" value="75.000000" />
  <attribute name="ProportionalI" value="75.000000" />
  <attribute name="ProportionalH" value="75.000000" />
  <attribute name="Current Error" value="50.000000" />
  <attribute name="IntegralT" value="0.000000" />
  <attribute name="IntegralI" value="0.000000" />
  <attribute name="IntegralH" value="0.000000" />
  <attribute name="DerivativeT" value="inf" />
  <attribute name="DerivativeI" value="inf" />
  <attribute name="DerivativeH" value="inf" />
  <attribute name="Loop Time for DT" value="0.000000" />
  <attribute name="Output H" value="8388608"/>
  <attribute name="Output I" value="200"/>
  <attribute name="Output T" value="1"/>
  <attribute name="Target GC Util Change" value ="20.000000" />
  <attribute name="Current GC Util Change" value="70.000000"/>
  <attribute name="GC Util currently" value="70" />
  <attribute name="CPU Util currently" value="6370603177551" />
<exclusive-end id="834" timestamp="2019-06-16T00:08:11.539" durationms="8.951" />

<exclusive-start id="835" timestamp="2019-06-16T00:08:11.566" intervalms="36.022">
  <response-info timems="0.084" idlems="0.060" threads="1" lastid="00000000014B4300" lastname="JIT Compilation Thread-0" />
</exclusive-start>
<allocation-taxation id="836" taxation-threshold="2097152" timestamp="2019-06-16T00:08:11.567" intervalms="36.022" />
<cycle-start id="837" type="global mark phase" contextid="0" timestamp="2019-06-16T00:08:11.567" intervalms="290.363" />
<gc-start id="838" type="global mark phase" contextid="837" timestamp="2019-06-16T00:08:11.567">
  <mem-info id="839" free="3145728" total="13631488" percent="23">
    <remembered-set count="11360" freebytes="498688" totalbytes="544128" percent="91" regionsoverflowed="0" regionsstable="0" regionsrebuilding="0"/>
  </mem-info>
</gc-start>
<gc-op id="840" type="mark increment" timems="0.421" contextid="837" timestamp="2019-06-16T00:08:11.567">
  <trace-info objectcount="239" scancount="0" scanbytes="0" />
</gc-op>
<gc-end id="841" type="global mark phase" contextid="837" durationms="0.570" usertimems="0.000" systemtimems="0.000" timestamp="2019-06-16T00:08:11.567" activeThreads="4">
  <mem-info id="842" free="3145728" total="13631488" percent="23">
    <remembered-set count="11360" freebytes="498688" totalbytes="544128" percent="91" regionsoverflowed="0" regionsstable="0" regionsrebuilding="0"/>
  </mem-info>
</gc-end>
<concurrent-start id="843" type="GMP work packet processing" contextid="837" timestamp="2019-06-16T00:08:11.567">
  <concurrent-mark-start scanTarget="18446744073709551615" />
</concurrent-start>
<exclusive-end id="844" timestamp="2019-06-16T00:08:11.567" durationms="0.998" />

<concurrent-end id="845" type="GMP work packet processing" contextid="837" timestamp="2019-06-16T00:08:11.570">
  <concurrent-mark-end bytesScanned="2419960" reasonForTermination="Completed all work in GC phase" />
</concurrent-end>

<exclusive-start id="846" timestamp="2019-06-16T00:08:11.596" intervalms="29.839">
  <response-info timems="0.077" idlems="0.041" threads="1" lastid="00000000017CC400" lastname="PmdThread 3" />
</exclusive-start>
<allocation-taxation id="847" taxation-threshold="2097152" timestamp="2019-06-16T00:08:11.596" intervalms="29.845" />
<cycle-start id="848" type="partial gc" contextid="0" timestamp="2019-06-16T00:08:11.596" intervalms="65.868" />
<gc-start id="849" type="partial gc" contextid="848" timestamp="2019-06-16T00:08:11.597">
  <mem-info id="850" free="1048576" total="13631488" percent="7">
    <mem type="eden" free="693120" total="5242880" percent="13" />
    <remembered-set count="11360" freebytes="498688" totalbytes="544128" percent="91" regionsoverflowed="0" regionsstable="0" regionsrebuilding="0"/>
  </mem-info>
</gc-start>
<allocation-stats totalBytes="4193192" >
  <allocated-bytes non-tlh="1120" tlh="4192072" arrayletleaf="0"/>
  <largest-consumer threadName="PmdThread 3" threadId="00000000017CC400" bytes="626904" />
</allocation-stats>
<gc-op id="851" type="copy forward" timems="2.613" contextid="848" timestamp="2019-06-16T00:08:11.600">
  <memory-copied type="eden" objects="8831" bytes="452072" bytesdiscarded="26200" />
  <memory-copied type="other" objects="6332" bytes="227848" bytesdiscarded="13984" />
  <memory-cardclean objects="1873" bytes="86800" />
  <regions eden="4" other="1" />
  <remembered-set-cleared processed="9922" cleared="1459" durationms="0.107" />
  <references type="soft" candidates="16" cleared="0" enqueued="0" dynamicThreshold="7" maxThreshold="32" />
  <references type="weak" candidates="59" cleared="0" enqueued="0" />
  <references type="phantom" candidates="7" cleared="0" enqueued="0" />
  <stringconstants candidates="4898" cleared="0"  />
  <heap-resize type="expand" space="default" amount="1048576" count="1" timems="0.066" reason="continue current collection" />
</gc-op>
<gc-op id="852" type="classunload" timems="0.002" contextid="848" timestamp="2019-06-16T00:08:11.600">
  <classunload-info classloadercandidates="9" classloadersunloaded="0" classesunloaded="0" anonymousclassesunloaded="0" quiescems="0.000" setupms="0.002" scanms="0.000" postms="0.000" />
</gc-op>
<gc-op id="853" type="compact" timems="0.828" contextid="848" timestamp="2019-06-16T00:08:11.601">
  <compact-info movecount="0" movebytes="0" />
  <remembered-set-cleared processed="20493" cleared="1459" durationms="0.107" />
</gc-op>
<heap-resize id="854" type="expand" space="default" amount="2097152" count="1" timems="0.062" reason="insufficient free space following gc" timestamp="2019-06-16T00:08:11.601" />
<gc-end id="855" type="partial gc" contextid="848" durationms="4.535" usertimems="0.000" systemtimems="8.000" timestamp="2019-06-16T00:08:11.601" activeThreads="4">
  <mem-info id="856" free="7340032" total="16777216" percent="43">
    <mem type="eden" free="1373304" total="2097152" percent="65" />
    <remembered-set count="11648" freebytes="623104" totalbytes="669696" percent="93" regionsoverflowed="0" regionsstable="0" regionsrebuilding="0"/>
  </mem-info>
</gc-end>
<cycle-end id="857" type="partial gc" contextid="848" timestamp="2019-06-16T00:08:11.601" />
  <attribute name="elasticGC enabled" value="1" />
  <attribute name= "numThreadsSpecified" value="4" />
  <attribute name="heapSize specified" value="0" />
  <attribute name="Current GC Util" value="104" />
  <attribute name= "Current Time Running" value="2966" />
  <attribute name ="GC Interval" value="0" />
  <attribute name="ProportionalT" value="126.000000" />
  <attribute name="ProportionalI" value="126.000000" />
  <attribute name="ProportionalH" value="126.000000" />
  <attribute name="Current Error" value="84.000000" />
  <attribute name="IntegralT" value="252.000000" />
  <attribute name="IntegralI" value="252.000000" />
  <attribute name="IntegralH" value="252.000000" />
  <attribute name="DerivativeT" value="8.833333" />
  <attribute name="DerivativeI" value="8.833333" />
  <attribute name="DerivativeH" value="8.833333" />
  <attribute name="Loop Time for DT" value="3.000000" />
  <attribute name="Output H" value="8388608"/>
  <attribute name="Output I" value="392"/>
  <attribute name="Output T" value="4"/>
  <attribute name="Target GC Util Change" value ="20.000000" />
  <attribute name="Current GC Util Change" value="104.000000"/>
  <attribute name="GC Util currently" value="104" />
  <attribute name="CPU Util currently" value="1618880127210" />
<exclusive-end id="858" timestamp="2019-06-16T00:08:11.601" durationms="5.233" />

<exclusive-start id="859" timestamp="2019-06-16T00:08:11.620" intervalms="24.153">
  <response-info timems="0.077" idlems="0.039" threads="2" lastid="00000000014BBB00" lastname="JIT Compilation Thread-2" />
</exclusive-start>
<allocation-taxation id="860" taxation-threshold="3145728" timestamp="2019-06-16T00:08:11.621" intervalms="24.141" />
<gc-start id="861" type="global mark phase" contextid="837" timestamp="2019-06-16T00:08:11.621">
  <mem-info id="862" free="4194304" total="16777216" percent="25">
    <remembered-set count="11648" freebytes="623104" totalbytes="669696" percent="93" regionsoverflowed="0" regionsstable="0" regionsrebuilding="0"/>
  </mem-info>
</gc-start>
<gc-op id="863" type="mark increment" timems="2.017" contextid="837" timestamp="2019-06-16T00:08:11.623">
  <trace-info objectcount="19042" scancount="16984" scanbytes="614484" />
  <cardclean-info objects="3258" bytes="127556" />
  <finalization candidates="57" enqueued="0" />
  <ownableSynchronizers candidates="8" cleared="0" />
  <references type="soft" candidates="212" cleared="0" enqueued="0" dynamicThreshold="14" maxThreshold="32" />
  <references type="weak" candidates="785" cleared="74" enqueued="74" />
  <references type="phantom" candidates="103" cleared="7" enqueued="7" />
  <stringconstants candidates="4901" cleared="0"  />
</gc-op>
<gc-op id="864" type="classunload" timems="0.003" contextid="837" timestamp="2019-06-16T00:08:11.623">
  <classunload-info classloadercandidates="9" classloadersunloaded="0" classesunloaded="0" anonymousclassesunloaded="0" quiescems="0.000" setupms="0.003" scanms="0.000" postms="0.000" />
</gc-op>
<gc-end id="865" type="global mark phase" contextid="837" durationms="2.251" usertimems="4.000" systemtimems="0.000" timestamp="2019-06-16T00:08:11.623" activeThreads="4">
  <mem-info id="866" free="4194304" total="16777216" percent="25">
    <pending-finalizers system="0" default="0" reference="81" classloader="0" />
    <remembered-set count="11648" freebytes="623104" totalbytes="669696" percent="93" regionsoverflowed="0" regionsstable="0" regionsrebuilding="0"/>
  </mem-info>
</gc-end>
<cycle-end id="867" type="global mark phase" contextid="837" timestamp="2019-06-16T00:08:11.623" />
  <attribute name="elasticGC enabled" value="1" />
  <attribute name= "numThreadsSpecified" value="4" />
  <attribute name="heapSize specified" value="0" />
  <attribute name="Current GC Util" value="90" />
  <attribute name= "Current Time Running" value="2988" />
  <attribute name ="GC Interval" value="0" />
  <attribute name="ProportionalT" value="105.000000" />
  <attribute name="ProportionalI" value="105.000000" />
  <attribute name="ProportionalH" value="105.000000" />
  <attribute name="Current Error" value="70.000000" />
  <attribute name="IntegralT" value="70.000000" />
  <attribute name="IntegralI" value="70.000000" />
  <attribute name="IntegralH" value="70.000000" />
  <attribute name="DerivativeT" value="2.000000" />
  <attribute name="DerivativeI" value="2.000000" />
  <attribute name="DerivativeH" value="2.000000" />
  <attribute name="Loop Time for DT" value="1.000000" />
  <attribute name="Output H" value="8388608"/>
  <attribute name="Output I" value="200"/>
  <attribute name="Output T" value="4"/>
  <attribute name="Target GC Util Change" value ="20.000000" />
  <attribute name="Current GC Util Change" value="90.000000"/>
  <attribute name="GC Util currently" value="90" />
  <attribute name="CPU Util currently" value="4968268583078" />
<exclusive-end id="868" timestamp="2019-06-16T00:08:11.623" durationms="2.646" />

<exclusive-start id="869" timestamp="2019-06-16T00:08:11.642" intervalms="21.864">
  <response-info timems="0.315" idlems="0.165" threads="1" lastid="00000000017C4800" lastname="PmdThread 2" />
</exclusive-start>
<allocation-taxation id="870" taxation-threshold="3145728" timestamp="2019-06-16T00:08:11.642" intervalms="21.865" />
<cycle-start id="871" type="partial gc" contextid="0" timestamp="2019-06-16T00:08:11.642" intervalms="45.997" />
<gc-start id="872" type="partial gc" contextid="871" timestamp="2019-06-16T00:08:11.643">
  <mem-info id="873" free="1048576" total="16777216" percent="6">
    <mem type="eden" free="0" total="6291456" percent="0" />
    <remembered-set count="11648" freebytes="623104" totalbytes="669696" percent="93" regionsoverflowed="0" regionsstable="0" regionsrebuilding="0"/>
  </mem-info>
</gc-start>
<allocation-stats totalBytes="6289376" >
  <allocated-bytes non-tlh="16872" tlh="6272504" arrayletleaf="0"/>
  <largest-consumer threadName="PmdThread 1" threadId="00000000017C0C00" bytes="1167232" />
</allocation-stats>
<gc-op id="874" type="sweep" timems="0.617" contextid="871" timestamp="2019-06-16T00:08:11.643" />
<gc-op id="875" type="copy forward" timems="3.829" contextid="871" timestamp="2019-06-16T00:08:11.648">
  <memory-copied type="eden" objects="9434" bytes="385680" bytesdiscarded="34659" />
  <memory-copied type="other" objects="22944" bytes="1062808" bytesdiscarded="65405" />
  <memory-cardclean objects="879" bytes="46320" />
  <regions eden="3" other="4" />
  <remembered-set-cleared processed="10493" cleared="856" durationms="0.124" />
  <references type="soft" candidates="14" cleared="0" enqueued="0" dynamicThreshold="8" maxThreshold="32" />
  <references type="weak" candidates="28" cleared="0" enqueued="0" />
  <references type="phantom" candidates="9" cleared="0" enqueued="0" />
  <stringconstants candidates="4902" cleared="0"  />
  <heap-resize type="expand" space="default" amount="2097152" count="2" timems="0.200" reason="continue current collection" />
</gc-op>
<gc-op id="876" type="classunload" timems="0.002" contextid="871" timestamp="2019-06-16T00:08:11.648">
  <classunload-info classloadercandidates="9" classloadersunloaded="0" classesunloaded="0" anonymousclassesunloaded="0" quiescems="0.000" setupms="0.002" scanms="0.000" postms="0.000" />
</gc-op>
<gc-op id="877" type="compact" timems="1.014" contextid="871" timestamp="2019-06-16T00:08:11.649">
  <compact-info movecount="0" movebytes="0" />
  <remembered-set-cleared processed="21539" cleared="856" durationms="0.124" />
</gc-op>
<gc-end id="878" type="partial gc" contextid="871" durationms="6.796" usertimems="4.000" systemtimems="4.000" timestamp="2019-06-16T00:08:11.649" activeThreads="4">
  <mem-info id="879" free="7340032" total="18874368" percent="38">
    <mem type="eden" free="826808" total="2097152" percent="39" />
    <remembered-set count="12160" freebytes="704768" totalbytes="753408" percent="93" regionsoverflowed="0" regionsstable="0" regionsrebuilding="0"/>
  </mem-info>
</gc-end>
<cycle-end id="880" type="partial gc" contextid="871" timestamp="2019-06-16T00:08:11.650" />
  <attribute name="elasticGC enabled" value="1" />
  <attribute name= "numThreadsSpecified" value="4" />
  <attribute name="heapSize specified" value="0" />
  <attribute name="Current GC Util" value="115" />
  <attribute name= "Current Time Running" value="3014" />
  <attribute name ="GC Interval" value="0" />
  <attribute name="ProportionalT" value="142.500000" />
  <attribute name="ProportionalI" value="142.500000" />
  <attribute name="ProportionalH" value="142.500000" />
  <attribute name="Current Error" value="95.000000" />
  <attribute name="IntegralT" value="380.000000" />
  <attribute name="IntegralI" value="380.000000" />
  <attribute name="IntegralH" value="380.000000" />
  <attribute name="DerivativeT" value="8.000000" />
  <attribute name="DerivativeI" value="8.000000" />
  <attribute name="DerivativeH" value="8.000000" />
  <attribute name="Loop Time for DT" value="4.000000" />
  <attribute name="Output H" value="8388608"/>
  <attribute name="Output I" value="536"/>
  <attribute name="Output T" value="4"/>
  <attribute name="Target GC Util Change" value ="20.000000" />
  <attribute name="Current GC Util Change" value="115.000000"/>
  <attribute name="GC Util currently" value="115" />
  <attribute name="CPU Util currently" value="1112388029486" />
<exclusive-end id="881" timestamp="2019-06-16T00:08:11.650" durationms="7.458" />

<exclusive-start id="882" timestamp="2019-06-16T00:08:11.671" intervalms="28.963">
  <response-info timems="0.041" idlems="0.023" threads="1" lastid="00000000017D0000" lastname="PmdThread 4" />
</exclusive-start>
<allocation-taxation id="883" taxation-threshold="3145728" timestamp="2019-06-16T00:08:11.671" intervalms="28.977" />
<cycle-start id="884" type="global mark phase" contextid="0" timestamp="2019-06-16T00:08:11.671" intervalms="104.819" />
<gc-start id="885" type="global mark phase" contextid="884" timestamp="2019-06-16T00:08:11.672">
  <mem-info id="886" free="4194304" total="18874368" percent="22">
    <remembered-set count="12160" freebytes="704768" totalbytes="753408" percent="93" regionsoverflowed="0" regionsstable="0" regionsrebuilding="0"/>
  </mem-info>
</gc-start>
<gc-op id="887" type="mark increment" timems="0.459" contextid="884" timestamp="2019-06-16T00:08:11.672">
  <trace-info objectcount="280" scancount="0" scanbytes="0" />
</gc-op>
<gc-end id="888" type="global mark phase" contextid="884" durationms="0.594" usertimems="0.000" systemtimems="0.000" timestamp="2019-06-16T00:08:11.672" activeThreads="1">
  <mem-info id="889" free="4194304" total="18874368" percent="22">
    <remembered-set count="12160" freebytes="704768" totalbytes="753408" percent="93" regionsoverflowed="0" regionsstable="0" regionsrebuilding="0"/>
  </mem-info>
</gc-end>
<concurrent-start id="890" type="GMP work packet processing" contextid="884" timestamp="2019-06-16T00:08:11.672">
  <concurrent-mark-start scanTarget="18446744073709551615" />
</concurrent-start>
<concurrent-end id="891" type="GMP work packet processing" contextid="884" timestamp="2019-06-16T00:08:11.675">
  <concurrent-mark-end bytesScanned="3075012" reasonForTermination="Completed all work in GC phase" />
</concurrent-end>

<exclusive-end id="892" timestamp="2019-06-16T00:08:11.675" durationms="3.995" />

<exclusive-start id="893" timestamp="2019-06-16T00:08:11.694" intervalms="22.851">
  <response-info timems="0.043" idlems="0.023" threads="1" lastid="00000000017D0000" lastname="PmdThread 4" />
</exclusive-start>
<allocation-taxation id="894" taxation-threshold="3145728" timestamp="2019-06-16T00:08:11.694" intervalms="22.838" />
<cycle-start id="895" type="partial gc" contextid="0" timestamp="2019-06-16T00:08:11.694" intervalms="51.822" />
<gc-start id="896" type="partial gc" contextid="895" timestamp="2019-06-16T00:08:11.695">
  <mem-info id="897" free="1048576" total="18874368" percent="5">
    <mem type="eden" free="0" total="6291456" percent="0" />
    <remembered-set count="12160" freebytes="704768" totalbytes="753408" percent="93" regionsoverflowed="0" regionsstable="0" regionsrebuilding="0"/>
  </mem-info>
</gc-start>
<allocation-stats totalBytes="6284400" >
  <allocated-bytes non-tlh="26088" tlh="6258312" arrayletleaf="0"/>
  <largest-consumer threadName="PmdThread 1" threadId="00000000017C0C00" bytes="1248112" />
</allocation-stats>
<gc-op id="898" type="copy forward" timems="4.383" contextid="895" timestamp="2019-06-16T00:08:11.699">
  <memory-copied type="eden" objects="6816" bytes="547496" bytesdiscarded="0" />
  <memory-copied type="other" objects="23035" bytes="974464" bytesdiscarded="0" />
  <memory-cardclean objects="974" bytes="50480" />
  <regions eden="6" other="2" />
  <remembered-set-cleared processed="10926" cleared="743" durationms="0.143" />
  <references type="weak" candidates="137" cleared="0" enqueued="0" />
  <references type="phantom" candidates="29" cleared="0" enqueued="0" />
  <stringconstants candidates="4929" cleared="0"  />
  <heap-resize type="expand" space="default" amount="1048576" count="1" timems="0.059" reason="continue current collection" />
</gc-op>
<gc-op id="899" type="classunload" timems="0.001" contextid="895" timestamp="2019-06-16T00:08:11.699">
  <classunload-info classloadercandidates="10" classloadersunloaded="0" classesunloaded="0" anonymousclassesunloaded="0" quiescems="0.000" setupms="0.001" scanms="0.000" postms="0.000" />
</gc-op>
<gc-op id="900" type="compact" timems="1.045" contextid="895" timestamp="2019-06-16T00:08:11.701">
  <compact-info movecount="0" movebytes="0" />
  <remembered-set-cleared processed="23518" cleared="743" durationms="0.143" />
</gc-op>
<heap-resize id="901" type="expand" space="default" amount="4194304" count="1" timems="0.075" reason="excessive time being spent in gc" timestamp="2019-06-16T00:08:11.701" />
<gc-end id="902" type="partial gc" contextid="895" durationms="6.552" usertimems="8.000" systemtimems="0.000" timestamp="2019-06-16T00:08:11.701" activeThreads="4">
  <mem-info id="903" free="12582912" total="24117248" percent="52">
    <mem type="eden" free="499648" total="1048576" percent="47" />
    <remembered-set count="13664" freebytes="908032" totalbytes="962688" percent="94" regionsoverflowed="0" regionsstable="0" regionsrebuilding="0"/>
  </mem-info>
</gc-end>
<cycle-end id="904" type="partial gc" contextid="895" timestamp="2019-06-16T00:08:11.701" />
  <attribute name="elasticGC enabled" value="1" />
  <attribute name= "numThreadsSpecified" value="4" />
  <attribute name="heapSize specified" value="0" />
  <attribute name="Current GC Util" value="0" />
  <attribute name= "Current Time Running" value="3065" />
  <attribute name ="GC Interval" value="0" />
  <attribute name="ProportionalT" value="-30.000000" />
  <attribute name="ProportionalI" value="-30.000000" />
  <attribute name="ProportionalH" value="-30.000000" />
  <attribute name="Current Error" value="-20.000000" />
  <attribute name="IntegralT" value="-100.000000" />
  <attribute name="IntegralI" value="-100.000000" />
  <attribute name="IntegralH" value="-100.000000" />
  <attribute name="DerivativeT" value="-4.600000" />
  <attribute name="DerivativeI" value="-4.600000" />
  <attribute name="DerivativeH" value="-4.600000" />
  <attribute name="Loop Time for DT" value="5.000000" />
  <attribute name="Output H" value="2091843584"/>
  <attribute name="Output I" value="200"/>
  <attribute name="Output T" value="4"/>
  <attribute name="Target GC Util Change" value ="20.000000" />
  <attribute name="Current GC Util Change" value="0.000000"/>
  <attribute name="GC Util currently" value="0" />
  <attribute name="CPU Util currently" value="992468606622" />
<exclusive-end id="905" timestamp="2019-06-16T00:08:11.701" durationms="7.276" />

<exclusive-start id="906" timestamp="2019-06-16T00:08:11.727" intervalms="33.191">
  <response-info timems="0.039" idlems="0.039" threads="0" lastid="00000000017CC400" lastname="PmdThread 3" />
</exclusive-start>
<allocation-taxation id="907" taxation-threshold="6291456" timestamp="2019-06-16T00:08:11.727" intervalms="33.207" />
<gc-start id="908" type="global mark phase" contextid="884" timestamp="2019-06-16T00:08:11.727">
  <mem-info id="909" free="6291456" total="24117248" percent="26">
    <remembered-set count="13664" freebytes="908032" totalbytes="962688" percent="94" regionsoverflowed="0" regionsstable="0" regionsrebuilding="0"/>
  </mem-info>
</gc-start>
<gc-op id="910" type="mark increment" timems="2.489" contextid="884" timestamp="2019-06-16T00:08:11.730">
  <trace-info objectcount="9148" scancount="8266" scanbytes="289720" />
  <cardclean-info objects="17921" bytes="654588" />
  <finalization candidates="57" enqueued="0" />
  <ownableSynchronizers candidates="8" cleared="0" />
  <references type="soft" candidates="217" cleared="0" enqueued="0" dynamicThreshold="16" maxThreshold="32" />
  <references type="weak" candidates="886" cleared="172" enqueued="169" />
  <references type="phantom" candidates="131" cleared="21" enqueued="21" />
  <stringconstants candidates="4941" cleared="0"  />
</gc-op>
<gc-op id="911" type="classunload" timems="0.003" contextid="884" timestamp="2019-06-16T00:08:11.730">
  <classunload-info classloadercandidates="10" classloadersunloaded="0" classesunloaded="0" anonymousclassesunloaded="0" quiescems="0.000" setupms="0.003" scanms="0.000" postms="0.000" />
</gc-op>
<gc-end id="912" type="global mark phase" contextid="884" durationms="2.700" usertimems="0.000" systemtimems="4.000" timestamp="2019-06-16T00:08:11.730" activeThreads="4">
  <mem-info id="913" free="6291456" total="24117248" percent="26">
    <pending-finalizers system="0" default="0" reference="190" classloader="0" />
    <remembered-set count="13664" freebytes="908032" totalbytes="962688" percent="94" regionsoverflowed="0" regionsstable="0" regionsrebuilding="0"/>
  </mem-info>
</gc-end>
<cycle-end id="914" type="global mark phase" contextid="884" timestamp="2019-06-16T00:08:11.730" />
  <attribute name="elasticGC enabled" value="1" />
  <attribute name= "numThreadsSpecified" value="4" />
  <attribute name="heapSize specified" value="0" />
  <attribute name="Current GC Util" value="20" />
  <attribute name= "Current Time Running" value="3095" />
  <attribute name ="GC Interval" value="0" />
  <attribute name="ProportionalT" value="0.000000" />
  <attribute name="ProportionalI" value="0.000000" />
  <attribute name="ProportionalH" value="0.000000" />
  <attribute name="Current Error" value="0.000000" />
  <attribute name="IntegralT" value="0.000000" />
  <attribute name="IntegralI" value="0.000000" />
  <attribute name="IntegralH" value="0.000000" />
  <attribute name="DerivativeT" value="-35.500000" />
  <attribute name="DerivativeI" value="-35.500000" />
  <attribute name="DerivativeH" value="-35.500000" />
  <attribute name="Loop Time for DT" value="1.000000" />
  <attribute name="Output H" value="2091843584"/>
  <attribute name="Output I" value="200"/>
  <attribute name="Output T" value="4"/>
  <attribute name="Target GC Util Change" value ="20.000000" />
  <attribute name="Current GC Util Change" value="20.000000"/>
  <attribute name="GC Util currently" value="20" />
  <attribute name="CPU Util currently" value="9016850085159" />
<exclusive-end id="915" timestamp="2019-06-16T00:08:11.730" durationms="3.076" />

<exclusive-start id="916" timestamp="2019-06-16T00:08:11.752" intervalms="25.033">
  <response-info timems="0.037" idlems="0.037" threads="0" lastid="00000000017D0000" lastname="PmdThread 4" />
</exclusive-start>
<allocation-taxation id="917" taxation-threshold="6291456" timestamp="2019-06-16T00:08:11.752" intervalms="25.019" />
<cycle-start id="918" type="partial gc" contextid="0" timestamp="2019-06-16T00:08:11.752" intervalms="58.221" />
<gc-start id="919" type="partial gc" contextid="918" timestamp="2019-06-16T00:08:11.753">
  <mem-info id="920" free="0" total="24117248" percent="0">
    <mem type="eden" free="0" total="12582912" percent="0" />
    <remembered-set count="13664" freebytes="908032" totalbytes="962688" percent="94" regionsoverflowed="0" regionsstable="0" regionsrebuilding="0"/>
  </mem-info>
</gc-start>
<allocation-stats totalBytes="12577824" >
  <allocated-bytes non-tlh="1336" tlh="12576488" arrayletleaf="0"/>
  <largest-consumer threadName="PmdThread 4" threadId="00000000017D0000" bytes="1965448" />
</allocation-stats>
<gc-op id="921" type="sweep" timems="0.521" contextid="918" timestamp="2019-06-16T00:08:11.753" />
<gc-op id="922" type="mark" timems="2.102" contextid="918" timestamp="2019-06-16T00:08:11.756">
  <trace-info objectcount="16032" scancount="14244" scanbytes="494512" />
  <cardclean-info objects="5590" bytes="234388" />
  <remembered-set-cleared processed="12500" cleared="1062" durationms="0.158" />
  <references type="soft" candidates="5" cleared="0" enqueued="0" dynamicThreshold="8" maxThreshold="32" />
  <references type="weak" candidates="65" cleared="63" enqueued="63" />
  <references type="phantom" candidates="23" cleared="7" enqueued="7" />
  <stringconstants candidates="4942" cleared="0"  />
  <warning details="Mark invoked due to insufficient free space for Copy-Forward" />
</gc-op>
<gc-op id="923" type="classunload" timems="0.002" contextid="918" timestamp="2019-06-16T00:08:11.756">
  <classunload-info classloadercandidates="10" classloadersunloaded="0" classesunloaded="0" anonymousclassesunloaded="0" quiescems="0.000" setupms="0.002" scanms="0.000" postms="0.000" />
</gc-op>
<gc-op id="924" type="sweep" timems="0.486" contextid="918" timestamp="2019-06-16T00:08:11.757" />
<gc-op id="925" type="compact" timems="3.346" contextid="918" timestamp="2019-06-16T00:08:11.760">
  <compact-info movecount="16031" movebytes="901680" />
  <remembered-set-cleared processed="27259" cleared="3919" durationms="0.158" />
</gc-op>
<heap-resize id="926" type="expand" space="default" amount="4194304" count="1" timems="0.074" reason="excessive time being spent in gc" timestamp="2019-06-16T00:08:11.761" />
<gc-end id="927" type="partial gc" contextid="918" durationms="8.055" usertimems="8.000" systemtimems="0.000" timestamp="2019-06-16T00:08:11.761" activeThreads="1">
  <mem-info id="928" free="15728640" total="28311552" percent="55">
    <mem type="eden" free="347496" total="1048576" percent="33" />
    <pending-finalizers system="0" default="0" reference="70" classloader="0" />
    <remembered-set count="15424" freebytes="1068416" totalbytes="1130112" percent="94" regionsoverflowed="0" regionsstable="0" regionsrebuilding="0"/>
  </mem-info>
</gc-end>
<cycle-end id="929" type="partial gc" contextid="918" timestamp="2019-06-16T00:08:11.761" />
  <attribute name="elasticGC enabled" value="1" />
  <attribute name= "numThreadsSpecified" value="1" />
  <attribute name="heapSize specified" value="0" />
  <attribute name="Current GC Util" value="22" />
  <attribute name= "Current Time Running" value="3122" />
  <attribute name ="GC Interval" value="0" />
  <attribute name="ProportionalT" value="3.000000" />
  <attribute name="ProportionalI" value="3.000000" />
  <attribute name="ProportionalH" value="3.000000" />
  <attribute name="Current Error" value="2.000000" />
  <attribute name="IntegralT" value="0.000000" />
  <attribute name="IntegralI" value="0.000000" />
  <attribute name="IntegralH" value="0.000000" />
  <attribute name="DerivativeT" value="inf" />
  <attribute name="DerivativeI" value="inf" />
  <attribute name="DerivativeH" value="inf" />
  <attribute name="Loop Time for DT" value="0.000000" />
  <attribute name="Output H" value="8388608"/>
  <attribute name="Output I" value="200"/>
  <attribute name="Output T" value="1"/>
  <attribute name="Target GC Util Change" value ="20.000000" />
  <attribute name="Current GC Util Change" value="22.000000"/>
  <attribute name="GC Util currently" value="22" />
  <attribute name="CPU Util currently" value="6910497583237" />
<exclusive-end id="930" timestamp="2019-06-16T00:08:11.761" durationms="8.768" />

<exclusive-start id="931" timestamp="2019-06-16T00:08:11.836" intervalms="83.241">
  <response-info timems="0.066" idlems="0.066" threads="0" lastid="00000000017CC400" lastname="PmdThread 3" />
</exclusive-start>
<allocation-taxation id="932" taxation-threshold="13631488" timestamp="2019-06-16T00:08:11.836" intervalms="83.331" />
<cycle-start id="933" type="partial gc" contextid="0" timestamp="2019-06-16T00:08:11.836" intervalms="83.414" />
<gc-start id="934" type="partial gc" contextid="933" timestamp="2019-06-16T00:08:11.836">
  <mem-info id="935" free="2097152" total="28311552" percent="7">
    <mem type="eden" free="0" total="13631488" percent="0" />
    <remembered-set count="14976" freebytes="1070208" totalbytes="1130112" percent="94" regionsoverflowed="0" regionsstable="0" regionsrebuilding="0"/>
  </mem-info>
</gc-start>
<allocation-stats totalBytes="13623904" >
  <allocated-bytes non-tlh="5456" tlh="13618448" arrayletleaf="0"/>
  <largest-consumer threadName="PmdThread 1" threadId="00000000017C0C00" bytes="4028616" />
</allocation-stats>
<gc-op id="936" type="copy forward" timems="4.326" contextid="933" timestamp="2019-06-16T00:08:11.841">
  <memory-copied type="eden" objects="22515" bytes="1399528" bytesdiscarded="0" />
  <memory-copied type="other" objects="2753" bytes="99392" bytesdiscarded="0" />
  <memory-cardclean objects="2213" bytes="113144" />
  <regions eden="13" other="1" />
  <remembered-set-cleared processed="13750" cleared="1545" durationms="0.169" />
  <references type="soft" candidates="5" cleared="0" enqueued="0" dynamicThreshold="17" maxThreshold="32" />
  <references type="weak" candidates="265" cleared="0" enqueued="0" />
  <references type="phantom" candidates="76" cleared="0" enqueued="0" />
  <stringconstants candidates="5023" cleared="0"  />
  <heap-resize type="expand" space="default" amount="1048576" count="1" timems="0.060" reason="continue current collection" />
</gc-op>
<gc-op id="937" type="classunload" timems="0.002" contextid="933" timestamp="2019-06-16T00:08:11.841">
  <classunload-info classloadercandidates="10" classloadersunloaded="0" classesunloaded="0" anonymousclassesunloaded="0" quiescems="0.000" setupms="0.002" scanms="0.000" postms="0.000" />
</gc-op>
<heap-resize id="938" type="expand" space="default" amount="5242880" count="1" timems="0.078" reason="excessive time being spent in gc" timestamp="2019-06-16T00:08:11.841" />
<gc-end id="939" type="partial gc" contextid="933" durationms="5.254" usertimems="8.000" systemtimems="0.000" timestamp="2019-06-16T00:08:11.841" activeThreads="1">
  <mem-info id="940" free="19922944" total="34603008" percent="57">
    <mem type="eden" free="691520" total="2097152" percent="32" />
    <remembered-set count="17248" freebytes="1312256" totalbytes="1381248" percent="95" regionsoverflowed="0" regionsstable="0" regionsrebuilding="0"/>
  </mem-info>
</gc-end>
<cycle-end id="941" type="partial gc" contextid="933" timestamp="2019-06-16T00:08:11.842" />
  <attribute name="elasticGC enabled" value="1" />
  <attribute name= "numThreadsSpecified" value="1" />
  <attribute name="heapSize specified" value="0" />
  <attribute name="Current GC Util" value="47" />
  <attribute name= "Current Time Running" value="3202" />
  <attribute name ="GC Interval" value="0" />
  <attribute name="ProportionalT" value="40.500000" />
  <attribute name="ProportionalI" value="40.500000" />
  <attribute name="ProportionalH" value="40.500000" />
  <attribute name="Current Error" value="27.000000" />
  <attribute name="IntegralT" value="0.000000" />
  <attribute name="IntegralI" value="0.000000" />
  <attribute name="IntegralH" value="0.000000" />
  <attribute name="DerivativeT" value="inf" />
  <attribute name="DerivativeI" value="inf" />
  <attribute name="DerivativeH" value="inf" />
  <attribute name="Loop Time for DT" value="0.000000" />
  <attribute name="Output H" value="8388608"/>
  <attribute name="Output I" value="200"/>
  <attribute name="Output T" value="1"/>
  <attribute name="Target GC Util Change" value ="20.000000" />
  <attribute name="Current GC Util Change" value="47.000000"/>
  <attribute name="GC Util currently" value="47" />
  <attribute name="CPU Util currently" value="18488676355964" />
<exclusive-end id="942" timestamp="2019-06-16T00:08:11.842" durationms="6.087" />

<exclusive-start id="943" timestamp="2019-06-16T00:08:11.912" intervalms="76.620">
  <response-info timems="0.048" idlems="0.048" threads="0" lastid="00000000017CC400" lastname="PmdThread 3" />
</exclusive-start>
<allocation-taxation id="944" taxation-threshold="15728640" timestamp="2019-06-16T00:08:11.912" intervalms="76.514" />
<cycle-start id="945" type="partial gc" contextid="0" timestamp="2019-06-16T00:08:11.912" intervalms="76.434" />
<gc-start id="946" type="partial gc" contextid="945" timestamp="2019-06-16T00:08:11.913">
  <mem-info id="947" free="4194304" total="34603008" percent="12">
    <mem type="eden" free="0" total="15728640" percent="0" />
    <remembered-set count="16896" freebytes="1313664" totalbytes="1381248" percent="95" regionsoverflowed="0" regionsstable="0" regionsrebuilding="0"/>
  </mem-info>
</gc-start>
<allocation-stats totalBytes="15711824" >
  <allocated-bytes non-tlh="328" tlh="15711496" arrayletleaf="0"/>
  <largest-consumer threadName="PmdThread 1" threadId="00000000017C0C00" bytes="5199136" />
</allocation-stats>
<gc-op id="948" type="copy forward" timems="3.569" contextid="945" timestamp="2019-06-16T00:08:11.917">
  <memory-copied type="eden" objects="12141" bytes="1040992" bytesdiscarded="79176" />
  <memory-copied type="other" objects="23429" bytes="1096104" bytesdiscarded="16760" />
  <memory-cardclean objects="2224" bytes="114824" />
  <regions eden="15" other="3" />
  <remembered-set-cleared processed="14983" cleared="3410" durationms="0.118" />
  <references type="soft" candidates="13" cleared="0" enqueued="0" dynamicThreshold="18" maxThreshold="32" />
  <references type="weak" candidates="458" cleared="0" enqueued="0" />
  <references type="phantom" candidates="172" cleared="0" enqueued="0" />
  <stringconstants candidates="5029" cleared="0"  />
</gc-op>
<gc-op id="949" type="classunload" timems="0.002" contextid="945" timestamp="2019-06-16T00:08:11.917">
  <classunload-info classloadercandidates="10" classloadersunloaded="0" classesunloaded="0" anonymousclassesunloaded="0" quiescems="0.000" setupms="0.002" scanms="0.000" postms="0.000" />
</gc-op>
<gc-end id="950" type="partial gc" contextid="945" durationms="4.385" usertimems="0.000" systemtimems="8.000" timestamp="2019-06-16T00:08:11.917" activeThreads="4">
  <mem-info id="951" free="18874368" total="34603008" percent="54">
    <mem type="eden" free="973256" total="2097152" percent="46" />
    <remembered-set count="18752" freebytes="1306240" totalbytes="1381248" percent="94" regionsoverflowed="0" regionsstable="0" regionsrebuilding="0"/>
  </mem-info>
</gc-end>
<cycle-end id="952" type="partial gc" contextid="945" timestamp="2019-06-16T00:08:11.917" />
  <attribute name="elasticGC enabled" value="1" />
  <attribute name= "numThreadsSpecified" value="4" />
  <attribute name="heapSize specified" value="0" />
  <attribute name="Current GC Util" value="45" />
  <attribute name= "Current Time Running" value="3279" />
  <attribute name ="GC Interval" value="0" />
  <attribute name="ProportionalT" value="37.500000" />
  <attribute name="ProportionalI" value="37.500000" />
  <attribute name="ProportionalH" value="37.500000" />
  <attribute name="Current Error" value="25.000000" />
  <attribute name="IntegralT" value="25.000000" />
  <attribute name="IntegralI" value="25.000000" />
  <attribute name="IntegralH" value="25.000000" />
  <attribute name="DerivativeT" value="12.500000" />
  <attribute name="DerivativeI" value="12.500000" />
  <attribute name="DerivativeH" value="12.500000" />
  <attribute name="Loop Time for DT" value="1.000000" />
  <attribute name="Output H" value="8388608"/>
  <attribute name="Output I" value="200"/>
  <attribute name="Output T" value="4"/>
  <attribute name="Target GC Util Change" value ="20.000000" />
  <attribute name="Current GC Util Change" value="45.000000"/>
  <attribute name="GC Util currently" value="45" />
  <attribute name="CPU Util currently" value="18484230056000" />
<exclusive-end id="953" timestamp="2019-06-16T00:08:11.917" durationms="5.041" />

<exclusive-start id="954" timestamp="2019-06-16T00:08:11.977" intervalms="64.499">
  <response-info timems="0.091" idlems="0.091" threads="0" lastid="00000000017C4800" lastname="PmdThread 2" />
</exclusive-start>
<allocation-taxation id="955" taxation-threshold="15728640" timestamp="2019-06-16T00:08:11.977" intervalms="64.759" />
<cycle-start id="956" type="partial gc" contextid="0" timestamp="2019-06-16T00:08:11.977" intervalms="64.918" />
<gc-start id="957" type="partial gc" contextid="956" timestamp="2019-06-16T00:08:11.977">
  <mem-info id="958" free="3145728" total="34603008" percent="9">
    <mem type="eden" free="0" total="15728640" percent="0" />
    <remembered-set count="18272" freebytes="1308160" totalbytes="1381248" percent="94" regionsoverflowed="0" regionsstable="0" regionsrebuilding="0"/>
  </mem-info>
</gc-start>
<allocation-stats totalBytes="15722304" >
  <allocated-bytes non-tlh="8200" tlh="15714104" arrayletleaf="0"/>
  <largest-consumer threadName="PmdThread 3" threadId="00000000017CC400" bytes="4646288" />
</allocation-stats>
<gc-op id="959" type="copy forward" timems="7.252" contextid="956" timestamp="2019-06-16T00:08:11.985">
  <memory-copied type="eden" objects="43067" bytes="2314544" bytesdiscarded="40" />
  <memory-copied type="other" objects="6280" bytes="384160" bytesdiscarded="0" />
  <memory-cardclean objects="7870" bytes="408056" />
  <regions eden="15" other="3" />
  <remembered-set-cleared processed="14609" cleared="3896" durationms="0.195" />
  <finalization candidates="6" enqueued="0" />
  <ownableSynchronizers candidates="7" cleared="0" />
  <references type="soft" candidates="12" cleared="0" enqueued="0" dynamicThreshold="17" maxThreshold="32" />
  <references type="weak" candidates="544" cleared="0" enqueued="0" />
  <references type="phantom" candidates="195" cleared="0" enqueued="0" />
  <stringconstants candidates="5029" cleared="0"  />
  <heap-resize type="expand" space="default" amount="2097152" count="2" timems="0.120" reason="continue current collection" />
</gc-op>
<gc-op id="960" type="classunload" timems="0.002" contextid="956" timestamp="2019-06-16T00:08:11.985">
  <classunload-info classloadercandidates="10" classloadersunloaded="0" classesunloaded="0" anonymousclassesunloaded="0" quiescems="0.000" setupms="0.002" scanms="0.000" postms="0.000" />
</gc-op>
<gc-end id="961" type="partial gc" contextid="956" durationms="8.141" usertimems="0.000" systemtimems="8.000" timestamp="2019-06-16T00:08:11.986" activeThreads="1">
  <mem-info id="962" free="18874368" total="36700160" percent="51">
    <mem type="eden" free="824208" total="3145728" percent="26" />
    <remembered-set count="20544" freebytes="1382784" totalbytes="1464960" percent="94" regionsoverflowed="0" regionsstable="0" regionsrebuilding="0"/>
  </mem-info>
</gc-end>
<cycle-end id="963" type="partial gc" contextid="956" timestamp="2019-06-16T00:08:11.986" />
  <attribute name="elasticGC enabled" value="1" />
  <attribute name= "numThreadsSpecified" value="1" />
  <attribute name="heapSize specified" value="0" />
  <attribute name="Current GC Util" value="60" />
  <attribute name= "Current Time Running" value="3343" />
  <attribute name ="GC Interval" value="0" />
  <attribute name="ProportionalT" value="60.000000" />
  <attribute name="ProportionalI" value="60.000000" />
  <attribute name="ProportionalH" value="60.000000" />
  <attribute name="Current Error" value="40.000000" />
  <attribute name="IntegralT" value="0.000000" />
  <attribute name="IntegralI" value="0.000000" />
  <attribute name="IntegralH" value="0.000000" />
  <attribute name="DerivativeT" value="inf" />
  <attribute name="DerivativeI" value="inf" />
  <attribute name="DerivativeH" value="inf" />
  <attribute name="Loop Time for DT" value="0.000000" />
  <attribute name="Output H" value="8388608"/>
  <attribute name="Output I" value="200"/>
  <attribute name="Output T" value="1"/>
  <attribute name="Target GC Util Change" value ="20.000000" />
  <attribute name="Current GC Util Change" value="60.000000"/>
  <attribute name="GC Util currently" value="60" />
  <attribute name="CPU Util currently" value="20651960364393" />
<exclusive-end id="964" timestamp="2019-06-16T00:08:11.986" durationms="9.329" />

<exclusive-start id="965" timestamp="2019-06-16T00:08:12.014" intervalms="37.157">
  <response-info timems="0.150" idlems="0.115" threads="2" lastid="00000000017C4800" lastname="PmdThread 2" />
</exclusive-start>
<allocation-taxation id="966" taxation-threshold="15728640" timestamp="2019-06-16T00:08:12.014" intervalms="36.929" />
<cycle-start id="967" type="partial gc" contextid="0" timestamp="2019-06-16T00:08:12.014" intervalms="36.780" />
<gc-start id="968" type="partial gc" contextid="967" timestamp="2019-06-16T00:08:12.014">
  <mem-info id="969" free="3145728" total="36700160" percent="8">
    <mem type="eden" free="0" total="15728640" percent="0" />
    <remembered-set count="20096" freebytes="1384576" totalbytes="1464960" percent="94" regionsoverflowed="0" regionsstable="0" regionsrebuilding="0"/>
  </mem-info>
</gc-start>
<allocation-stats totalBytes="15725280" >
  <allocated-bytes non-tlh="0" tlh="15725280" arrayletleaf="0"/>
  <largest-consumer threadName="PmdThread 1" threadId="00000000017C0C00" bytes="5237952" />
</allocation-stats>
<gc-op id="970" type="copy forward" timems="12.304" contextid="967" timestamp="2019-06-16T00:08:12.027">
  <memory-copied type="eden" objects="67011" bytes="2732280" bytesdiscarded="56" />
  <memory-copied type="other" objects="38023" bytes="1854984" bytesdiscarded="48" />
  <memory-cardclean objects="1471" bytes="70160" />
  <regions eden="15" other="4" />
  <remembered-set-cleared processed="16456" cleared="2739" durationms="0.190" />
  <references type="soft" candidates="14" cleared="0" enqueued="0" dynamicThreshold="16" maxThreshold="32" />
  <references type="weak" candidates="159" cleared="0" enqueued="0" />
  <references type="phantom" candidates="109" cleared="0" enqueued="0" />
  <stringconstants candidates="5029" cleared="0"  />
  <heap-resize type="expand" space="default" amount="3145728" count="3" timems="0.175" reason="continue current collection" />
</gc-op>
<gc-op id="971" type="classunload" timems="0.003" contextid="967" timestamp="2019-06-16T00:08:12.027">
  <classunload-info classloadercandidates="10" classloadersunloaded="0" classesunloaded="0" anonymousclassesunloaded="0" quiescems="0.000" setupms="0.003" scanms="0.000" postms="0.000" />
</gc-op>
<gc-end id="972" type="partial gc" contextid="967" durationms="13.239" usertimems="12.000" systemtimems="0.000" timestamp="2019-06-16T00:08:12.027" activeThreads="1">
  <mem-info id="973" free="19922944" total="39845888" percent="50">
    <mem type="eden" free="412680" total="3145728" percent="13" />
    <remembered-set count="25056" freebytes="1490304" totalbytes="1590528" percent="93" regionsoverflowed="0" regionsstable="0" regionsrebuilding="0"/>
  </mem-info>
</gc-end>
<cycle-end id="974" type="partial gc" contextid="967" timestamp="2019-06-16T00:08:12.028" />
  <attribute name="elasticGC enabled" value="1" />
  <attribute name= "numThreadsSpecified" value="1" />
  <attribute name="heapSize specified" value="0" />
  <attribute name="Current GC Util" value="64" />
  <attribute name= "Current Time Running" value="3380" />
  <attribute name ="GC Interval" value="0" />
  <attribute name="ProportionalT" value="66.000000" />
  <attribute name="ProportionalI" value="66.000000" />
  <attribute name="ProportionalH" value="66.000000" />
  <attribute name="Current Error" value="44.000000" />
  <attribute name="IntegralT" value="0.000000" />
  <attribute name="IntegralI" value="0.000000" />
  <attribute name="IntegralH" value="0.000000" />
  <attribute name="DerivativeT" value="inf" />
  <attribute name="DerivativeI" value="inf" />
  <attribute name="DerivativeH" value="inf" />
  <attribute name="Loop Time for DT" value="0.000000" />
  <attribute name="Output H" value="8388608"/>
  <attribute name="Output I" value="200"/>
  <attribute name="Output T" value="1"/>
  <attribute name="Target GC Util Change" value ="20.000000" />
  <attribute name="Current GC Util Change" value="64.000000"/>
  <attribute name="GC Util currently" value="64" />
  <attribute name="CPU Util currently" value="19297291453977" />
<exclusive-end id="975" timestamp="2019-06-16T00:08:12.028" durationms="14.068" />

<exclusive-start id="976" timestamp="2019-06-16T00:08:12.056" intervalms="41.841">
  <response-info timems="0.112" idlems="0.112" threads="0" lastid="00000000017C0C00" lastname="PmdThread 1" />
</exclusive-start>
<allocation-taxation id="977" taxation-threshold="16777216" timestamp="2019-06-16T00:08:12.056" intervalms="42.073" />
<cycle-start id="978" type="partial gc" contextid="0" timestamp="2019-06-16T00:08:12.056" intervalms="42.225" />
<gc-start id="979" type="partial gc" contextid="978" timestamp="2019-06-16T00:08:12.056">
  <mem-info id="980" free="3145728" total="39845888" percent="7">
    <mem type="eden" free="0" total="16777216" percent="0" />
    <remembered-set count="24864" freebytes="1491072" totalbytes="1590528" percent="93" regionsoverflowed="0" regionsstable="0" regionsrebuilding="0"/>
  </mem-info>
</gc-start>
<allocation-stats totalBytes="16772472" >
  <allocated-bytes non-tlh="0" tlh="16772472" arrayletleaf="0"/>
  <largest-consumer threadName="PmdThread 3" threadId="00000000017CC400" bytes="4770480" />
</allocation-stats>
<gc-op id="981" type="copy forward" timems="16.437" contextid="978" timestamp="2019-06-16T00:08:12.073">
  <memory-copied type="eden" objects="69867" bytes="2781896" bytesdiscarded="8" />
  <memory-copied type="other" objects="70265" bytes="2861672" bytesdiscarded="56" />
  <memory-cardclean objects="8253" bytes="432848" />
  <regions eden="16" other="4" />
  <remembered-set-cleared processed="20173" cleared="7609" durationms="0.239" />
  <references type="soft" candidates="7" cleared="0" enqueued="0" dynamicThreshold="16" maxThreshold="32" />
  <references type="weak" candidates="112" cleared="0" enqueued="0" />
  <references type="phantom" candidates="33" cleared="0" enqueued="0" />
  <stringconstants candidates="5029" cleared="0"  />
  <heap-resize type="expand" space="default" amount="4194304" count="4" timems="0.237" reason="continue current collection" />
</gc-op>
<gc-op id="982" type="classunload" timems="0.003" contextid="978" timestamp="2019-06-16T00:08:12.074">
  <classunload-info classloadercandidates="10" classloadersunloaded="0" classesunloaded="0" anonymousclassesunloaded="0" quiescems="0.000" setupms="0.003" scanms="0.000" postms="0.000" />
</gc-op>
<gc-op id="983" type="compact" timems="1.160" contextid="978" timestamp="2019-06-16T00:08:12.075">
  <compact-info movecount="0" movebytes="0" />
  <remembered-set-cleared processed="48593" cleared="7609" durationms="0.239" />
</gc-op>
<heap-resize id="984" type="expand" space="default" amount="8388608" count="1" timems="0.106" reason="excessive time being spent in gc" timestamp="2019-06-16T00:08:12.075" />
<gc-end id="985" type="partial gc" contextid="978" durationms="18.904" usertimems="20.000" systemtimems="0.000" timestamp="2019-06-16T00:08:12.075" activeThreads="4">
  <mem-info id="986" free="29360128" total="52428800" percent="56">
    <mem type="eden" free="358408" total="3145728" percent="11" />
    <remembered-set count="30240" freebytes="1971840" totalbytes="2092800" percent="94" regionsoverflowed="0" regionsstable="0" regionsrebuilding="0"/>
  </mem-info>
</gc-end>
<cycle-end id="987" type="partial gc" contextid="978" timestamp="2019-06-16T00:08:12.076" />
  <attribute name="elasticGC enabled" value="1" />
  <attribute name= "numThreadsSpecified" value="4" />
  <attribute name="heapSize specified" value="0" />
  <attribute name="Current GC Util" value="0" />
  <attribute name= "Current Time Running" value="3439" />
  <attribute name ="GC Interval" value="0" />
  <attribute name="ProportionalT" value="-30.000000" />
  <attribute name="ProportionalI" value="-30.000000" />
  <attribute name="ProportionalH" value="-30.000000" />
  <attribute name="Current Error" value="-20.000000" />
  <attribute name="IntegralT" value="-340.000000" />
  <attribute name="IntegralI" value="-340.000000" />
  <attribute name="IntegralH" value="-340.000000" />
  <attribute name="DerivativeT" value="-2.000000" />
  <attribute name="DerivativeI" value="-2.000000" />
  <attribute name="DerivativeH" value="-2.000000" />
  <attribute name="Loop Time for DT" value="17.000000" />
  <attribute name="Output H" value="2091843584"/>
  <attribute name="Output I" value="200"/>
  <attribute name="Output T" value="4"/>
  <attribute name="Target GC Util Change" value ="20.000000" />
  <attribute name="Current GC Util Change" value="0.000000"/>
  <attribute name="GC Util currently" value="0" />
  <attribute name="CPU Util currently" value="273915467633" />
<exclusive-end id="988" timestamp="2019-06-16T00:08:12.076" durationms="20.078" />

<exclusive-start id="989" timestamp="2019-06-16T00:08:12.127" intervalms="71.261">
  <response-info timems="0.041" idlems="0.035" threads="1" lastid="00000000017CC400" lastname="PmdThread 3" />
</exclusive-start>
<allocation-taxation id="990" taxation-threshold="19922944" timestamp="2019-06-16T00:08:12.127" intervalms="71.027" />
<cycle-start id="991" type="partial gc" contextid="0" timestamp="2019-06-16T00:08:12.127" intervalms="70.909" />
<gc-start id="992" type="partial gc" contextid="991" timestamp="2019-06-16T00:08:12.128">
  <mem-info id="993" free="9437184" total="52428800" percent="18">
    <mem type="eden" free="0" total="19922944" percent="0" />
    <remembered-set count="30240" freebytes="1971840" totalbytes="2092800" percent="94" regionsoverflowed="0" regionsstable="0" regionsrebuilding="0"/>
  </mem-info>
</gc-start>
<allocation-stats totalBytes="19918016" >
  <allocated-bytes non-tlh="112032" tlh="19805984" arrayletleaf="0"/>
  <largest-consumer threadName="PmdThread 1" threadId="00000000017C0C00" bytes="8044728" />
</allocation-stats>
<gc-op id="994" type="copy forward" timems="10.927" contextid="991" timestamp="2019-06-16T00:08:12.139">
  <memory-copied type="eden" objects="43676" bytes="1938840" bytesdiscarded="260584" />
  <memory-copied type="other" objects="74777" bytes="2715040" bytesdiscarded="88064" />
  <memory-cardclean objects="27653" bytes="1265832" />
  <memory-traced type="eden" objects="1192" bytes="61472" />
  <memory-traced type="other" objects="0" bytes="0" />
  <regions eden="19" other="4" evacuated="22" marked="1" />
  <remembered-set-cleared processed="27175" cleared="11267" durationms="0.141" />
  <references type="soft" candidates="26" cleared="0" enqueued="0" dynamicThreshold="17" maxThreshold="32" />
  <references type="weak" candidates="261" cleared="0" enqueued="0" />
  <references type="phantom" candidates="45" cleared="0" enqueued="0" />
  <stringconstants candidates="5052" cleared="0"  />
</gc-op>
<gc-op id="995" type="classunload" timems="0.004" contextid="991" timestamp="2019-06-16T00:08:12.139">
  <classunload-info classloadercandidates="10" classloadersunloaded="0" classesunloaded="0" anonymousclassesunloaded="0" quiescems="0.000" setupms="0.003" scanms="0.000" postms="0.000" />
</gc-op>
<gc-op id="996" type="sweep" timems="0.457" contextid="991" timestamp="2019-06-16T00:08:12.140" />
<gc-op id="997" type="compact" timems="0.923" contextid="991" timestamp="2019-06-16T00:08:12.141">
  <compact-info movecount="0" movebytes="0" />
  <remembered-set-cleared processed="61164" cleared="11267" durationms="0.141" />
</gc-op>
<heap-resize id="998" type="expand" space="default" amount="9437184" count="1" timems="0.109" reason="excessive time being spent in gc" timestamp="2019-06-16T00:08:12.141" />
<gc-end id="999" type="partial gc" contextid="991" durationms="13.881" usertimems="20.000" systemtimems="4.000" timestamp="2019-06-16T00:08:12.141" activeThreads="4">
  <mem-info id="1000" free="34603008" total="61865984" percent="55">
    <mem type="eden" free="944888" total="4194304" percent="22" />
    <remembered-set count="35968" freebytes="2325632" totalbytes="2469504" percent="94" regionsoverflowed="0" regionsstable="0" regionsrebuilding="0"/>
  </mem-info>
</gc-end>
<cycle-end id="1001" type="partial gc" contextid="991" timestamp="2019-06-16T00:08:12.142" />
  <attribute name="elasticGC enabled" value="1" />
  <attribute name= "numThreadsSpecified" value="4" />
  <attribute name="heapSize specified" value="0" />
  <attribute name="Current GC Util" value="33" />
  <attribute name= "Current Time Running" value="3506" />
  <attribute name ="GC Interval" value="0" />
  <attribute name="ProportionalT" value="19.500000" />
  <attribute name="ProportionalI" value="19.500000" />
  <attribute name="ProportionalH" value="19.500000" />
  <attribute name="Current Error" value="13.000000" />
  <attribute name="IntegralT" value="13.000000" />
  <attribute name="IntegralI" value="13.000000" />
  <attribute name="IntegralH" value="13.000000" />
  <attribute name="DerivativeT" value="-20.000000" />
  <attribute name="DerivativeI" value="-20.000000" />
  <attribute name="DerivativeH" value="-20.000000" />
  <attribute name="Loop Time for DT" value="1.000000" />
  <attribute name="Output H" value="8388608"/>
  <attribute name="Output I" value="200"/>
  <attribute name="Output T" value="4"/>
  <attribute name="Target GC Util Change" value ="20.000000" />
  <attribute name="Current GC Util Change" value="33.000000"/>
  <attribute name="GC Util currently" value="33" />
  <attribute name="CPU Util currently" value="7050558958692" />
<exclusive-end id="1002" timestamp="2019-06-16T00:08:12.142" durationms="14.744" />

<exclusive-start id="1003" timestamp="2019-06-16T00:08:12.218" intervalms="90.774">
  <response-info timems="0.097" idlems="0.043" threads="2" lastid="00000000014B4300" lastname="JIT Compilation Thread-0" />
</exclusive-start>
<allocation-taxation id="1004" taxation-threshold="22020096" timestamp="2019-06-16T00:08:12.218" intervalms="90.761" />
<cycle-start id="1005" type="partial gc" contextid="0" timestamp="2019-06-16T00:08:12.218" intervalms="90.738" />
<gc-start id="1006" type="partial gc" contextid="1005" timestamp="2019-06-16T00:08:12.218">
  <mem-info id="1007" free="12582912" total="61865984" percent="20">
    <mem type="eden" free="0" total="22020096" percent="0" />
    <remembered-set count="35968" freebytes="2325632" totalbytes="2469504" percent="94" regionsoverflowed="0" regionsstable="0" regionsrebuilding="0"/>
  </mem-info>
</gc-start>
<allocation-stats totalBytes="22011912" >
  <allocated-bytes non-tlh="7744" tlh="22004168" arrayletleaf="0"/>
  <largest-consumer threadName="PmdThread 2" threadId="00000000017C4800" bytes="9840688" />
</allocation-stats>
<gc-op id="1008" type="copy forward" timems="19.903" contextid="1005" timestamp="2019-06-16T00:08:12.239">
  <memory-copied type="eden" objects="106505" bytes="4202472" bytesdiscarded="104" />
  <memory-copied type="other" objects="54669" bytes="2053800" bytesdiscarded="0" />
  <memory-cardclean objects="16624" bytes="891232" />
  <regions eden="21" other="5" />
  <remembered-set-cleared processed="32929" cleared="8124" durationms="0.332" />
  <references type="soft" candidates="108" cleared="0" enqueued="0" dynamicThreshold="17" maxThreshold="32" />
  <references type="weak" candidates="280" cleared="0" enqueued="0" />
  <references type="phantom" candidates="90" cleared="0" enqueued="0" />
  <stringconstants candidates="5091" cleared="0"  />
</gc-op>
<gc-op id="1009" type="classunload" timems="0.003" contextid="1005" timestamp="2019-06-16T00:08:12.239">
  <classunload-info classloadercandidates="10" classloadersunloaded="0" classesunloaded="0" anonymousclassesunloaded="0" quiescems="0.000" setupms="0.003" scanms="0.000" postms="0.000" />
</gc-op>
<heap-resize id="1010" type="expand" space="default" amount="11534336" count="1" timems="0.118" reason="excessive time being spent in gc" timestamp="2019-06-16T00:08:12.239" />
<gc-end id="1011" type="partial gc" contextid="1005" durationms="21.083" usertimems="24.000" systemtimems="0.000" timestamp="2019-06-16T00:08:12.239" activeThreads="1">
  <mem-info id="1012" free="42991616" total="73400320" percent="58">
    <mem type="eden" free="1037776" total="5242880" percent="19" />
    <remembered-set count="46688" freebytes="2743168" totalbytes="2929920" percent="93" regionsoverflowed="0" regionsstable="0" regionsrebuilding="0"/>
  </mem-info>
</gc-end>
<cycle-end id="1013" type="partial gc" contextid="1005" timestamp="2019-06-16T00:08:12.239" />
  <attribute name="elasticGC enabled" value="1" />
  <attribute name= "numThreadsSpecified" value="1" />
  <attribute name="heapSize specified" value="0" />
  <attribute name="Current GC Util" value="82" />
  <attribute name= "Current Time Running" value="3584" />
  <attribute name ="GC Interval" value="0" />
  <attribute name="ProportionalT" value="93.000000" />
  <attribute name="ProportionalI" value="93.000000" />
  <attribute name="ProportionalH" value="93.000000" />
  <attribute name="Current Error" value="62.000000" />
  <attribute name="IntegralT" value="0.000000" />
  <attribute name="IntegralI" value="0.000000" />
  <attribute name="IntegralH" value="0.000000" />
  <attribute name="DerivativeT" value="inf" />
  <attribute name="DerivativeI" value="inf" />
  <attribute name="DerivativeH" value="inf" />
  <attribute name="Loop Time for DT" value="0.000000" />
  <attribute name="Output H" value="8388608"/>
  <attribute name="Output I" value="200"/>
  <attribute name="Output T" value="1"/>
  <attribute name="Target GC Util Change" value ="20.000000" />
  <attribute name="Current GC Util Change" value="82.000000"/>
  <attribute name="GC Util currently" value="82" />
  <attribute name="CPU Util currently" value="21789517487119" />
<exclusive-end id="1014" timestamp="2019-06-16T00:08:12.240" durationms="21.873" />

<exclusive-start id="1015" timestamp="2019-06-16T00:08:12.329" intervalms="110.942">
  <response-info timems="0.165" idlems="0.165" threads="0" lastid="00000000017C4800" lastname="PmdThread 2" />
</exclusive-start>
<allocation-taxation id="1016" taxation-threshold="25165824" timestamp="2019-06-16T00:08:12.329" intervalms="111.189" />
<cycle-start id="1017" type="partial gc" contextid="0" timestamp="2019-06-16T00:08:12.329" intervalms="111.169" />
<gc-start id="1018" type="partial gc" contextid="1017" timestamp="2019-06-16T00:08:12.329">
  <mem-info id="1019" free="17825792" total="73400320" percent="24">
    <mem type="eden" free="0" total="25165824" percent="0" />
    <remembered-set count="46304" freebytes="2744704" totalbytes="2929920" percent="93" regionsoverflowed="0" regionsstable="0" regionsrebuilding="0"/>
  </mem-info>
</gc-start>
<allocation-stats totalBytes="25158224" >
  <allocated-bytes non-tlh="9256" tlh="25148968" arrayletleaf="0"/>
  <largest-consumer threadName="PmdThread 2" threadId="00000000017C4800" bytes="8967208" />
</allocation-stats>
<gc-op id="1020" type="copy forward" timems="20.353" contextid="1017" timestamp="2019-06-16T00:08:12.350">
  <memory-copied type="eden" objects="20986" bytes="1006712" bytesdiscarded="0" />
  <memory-copied type="other" objects="138519" bytes="5408192" bytesdiscarded="240" />
  <memory-cardclean objects="44053" bytes="2439768" />
  <regions eden="24" other="7" />
  <remembered-set-cleared processed="35643" cleared="18393" durationms="0.364" />
  <finalization candidates="6" enqueued="0" />
  <references type="soft" candidates="9" cleared="0" enqueued="0" dynamicThreshold="18" maxThreshold="32" />
  <references type="weak" candidates="589" cleared="0" enqueued="0" />
  <references type="phantom" candidates="155" cleared="0" enqueued="0" />
  <stringconstants candidates="5120" cleared="0"  />
</gc-op>
<gc-op id="1021" type="classunload" timems="0.004" contextid="1017" timestamp="2019-06-16T00:08:12.350">
  <classunload-info classloadercandidates="10" classloadersunloaded="0" classesunloaded="0" anonymousclassesunloaded="0" quiescems="0.000" setupms="0.003" scanms="0.000" postms="0.000" />
</gc-op>
<heap-resize id="1022" type="expand" space="default" amount="3145728" count="1" timems="0.074" reason="excessive time being spent in gc" timestamp="2019-06-16T00:08:12.351" />
<gc-end id="1023" type="partial gc" contextid="1017" durationms="21.482" usertimems="24.000" systemtimems="0.000" timestamp="2019-06-16T00:08:12.351" activeThreads="1">
  <mem-info id="1024" free="46137344" total="76546048" percent="60">
    <mem type="eden" free="38568" total="1048576" percent="3" />
    <remembered-set count="56800" freebytes="2828288" totalbytes="3055488" percent="92" regionsoverflowed="0" regionsstable="0" regionsrebuilding="0"/>
  </mem-info>
</gc-end>
<cycle-end id="1025" type="partial gc" contextid="1017" timestamp="2019-06-16T00:08:12.351" />
  <attribute name="elasticGC enabled" value="1" />
  <attribute name= "numThreadsSpecified" value="1" />
  <attribute name="heapSize specified" value="0" />
  <attribute name="Current GC Util" value="108" />
  <attribute name= "Current Time Running" value="3695" />
  <attribute name ="GC Interval" value="0" />
  <attribute name="ProportionalT" value="132.000000" />
  <attribute name="ProportionalI" value="132.000000" />
  <attribute name="ProportionalH" value="132.000000" />
  <attribute name="Current Error" value="88.000000" />
  <attribute name="IntegralT" value="0.000000" />
  <attribute name="IntegralI" value="0.000000" />
  <attribute name="IntegralH" value="0.000000" />
  <attribute name="DerivativeT" value="inf" />
  <attribute name="DerivativeI" value="inf" />
  <attribute name="DerivativeH" value="inf" />
  <attribute name="Loop Time for DT" value="0.000000" />
  <attribute name="Output H" value="8388608"/>
  <attribute name="Output I" value="200"/>
  <attribute name="Output T" value="1"/>
  <attribute name="Target GC Util Change" value ="20.000000" />
  <attribute name="Current GC Util Change" value="108.000000"/>
  <attribute name="GC Util currently" value="108" />
  <attribute name="CPU Util currently" value="21928143860057" />
<exclusive-end id="1026" timestamp="2019-06-16T00:08:12.351" durationms="22.604" />

<exclusive-start id="1027" timestamp="2019-06-16T00:08:12.440" intervalms="110.966">
  <response-info timems="1.081" idlems="0.664" threads="2" lastid="00000000014B7F00" lastname="JIT Compilation Thread-1" />
</exclusive-start>
<allocation-taxation id="1028" taxation-threshold="26214400" timestamp="2019-06-16T00:08:12.440" intervalms="110.820" />
<cycle-start id="1029" type="partial gc" contextid="0" timestamp="2019-06-16T00:08:12.440" intervalms="110.816" />
<gc-start id="1030" type="partial gc" contextid="1029" timestamp="2019-06-16T00:08:12.440">
  <mem-info id="1031" free="19922944" total="76546048" percent="26">
    <mem type="eden" free="0" total="26214400" percent="0" />
    <remembered-set count="56384" freebytes="2829952" totalbytes="3055488" percent="92" regionsoverflowed="0" regionsstable="0" regionsrebuilding="0"/>
  </mem-info>
</gc-start>
<allocation-stats totalBytes="26206256" >
  <allocated-bytes non-tlh="446384" tlh="25759872" arrayletleaf="0"/>
  <largest-consumer threadName="PmdThread 3" threadId="00000000017CC400" bytes="10691952" />
</allocation-stats>
<gc-op id="1032" type="copy forward" timems="13.813" contextid="1029" timestamp="2019-06-16T00:08:12.454">
  <memory-copied type="eden" objects="65171" bytes="2949712" bytesdiscarded="32" />
  <memory-copied type="other" objects="43971" bytes="1655448" bytesdiscarded="56" />
  <memory-cardclean objects="24838" bytes="1098760" />
  <regions eden="25" other="2" />
  <remembered-set-cleared processed="46972" cleared="8599" durationms="0.424" />
  <references type="weak" candidates="360" cleared="0" enqueued="0" />
  <references type="phantom" candidates="102" cleared="0" enqueued="0" />
  <stringconstants candidates="5138" cleared="0"  />
</gc-op>
<gc-op id="1033" type="classunload" timems="0.002" contextid="1029" timestamp="2019-06-16T00:08:12.455">
  <classunload-info classloadercandidates="10" classloadersunloaded="0" classesunloaded="0" anonymousclassesunloaded="0" quiescems="0.000" setupms="0.002" scanms="0.000" postms="0.000" />
</gc-op>
<heap-resize id="1034" type="expand" space="default" amount="7340032" count="1" timems="0.095" reason="excessive time being spent in gc" timestamp="2019-06-16T00:08:12.455" />
<gc-end id="1035" type="partial gc" contextid="1029" durationms="14.890" usertimems="16.000" systemtimems="0.000" timestamp="2019-06-16T00:08:12.455" activeThreads="1">
  <mem-info id="1036" free="50331648" total="83886080" percent="60">
    <mem type="eden" free="188848" total="3145728" percent="6" />
    <remembered-set count="63104" freebytes="3096064" totalbytes="3348480" percent="92" regionsoverflowed="0" regionsstable="0" regionsrebuilding="0"/>
  </mem-info>
</gc-end>
<cycle-end id="1037" type="partial gc" contextid="1029" timestamp="2019-06-16T00:08:12.455" />
  <attribute name="elasticGC enabled" value="1" />
  <attribute name= "numThreadsSpecified" value="1" />
  <attribute name="heapSize specified" value="0" />
  <attribute name="Current GC Util" value="86" />
  <attribute name= "Current Time Running" value="3806" />
  <attribute name ="GC Interval" value="0" />
  <attribute name="ProportionalT" value="99.000000" />
  <attribute name="ProportionalI" value="99.000000" />
  <attribute name="ProportionalH" value="99.000000" />
  <attribute name="Current Error" value="66.000000" />
  <attribute name="IntegralT" value="0.000000" />
  <attribute name="IntegralI" value="0.000000" />
  <attribute name="IntegralH" value="0.000000" />
  <attribute name="DerivativeT" value="inf" />
  <attribute name="DerivativeI" value="inf" />
  <attribute name="DerivativeH" value="inf" />
  <attribute name="Loop Time for DT" value="0.000000" />
  <attribute name="Output H" value="8388608"/>
  <attribute name="Output I" value="200"/>
  <attribute name="Output T" value="1"/>
  <attribute name="Target GC Util Change" value ="20.000000" />
  <attribute name="Current GC Util Change" value="86.000000"/>
  <attribute name="GC Util currently" value="86" />
  <attribute name="CPU Util currently" value="22002423706805" />
<exclusive-end id="1038" timestamp="2019-06-16T00:08:12.456" durationms="16.021" />

<exclusive-start id="1039" timestamp="2019-06-16T00:08:12.572" intervalms="132.348">
  <response-info timems="0.054" idlems="0.054" threads="0" lastid="00000000014B0700" lastname="main" />
</exclusive-start>
<allocation-taxation id="1040" taxation-threshold="27262976" timestamp="2019-06-16T00:08:12.572" intervalms="132.295" />
<cycle-start id="1041" type="partial gc" contextid="0" timestamp="2019-06-16T00:08:12.572" intervalms="132.294" />
<gc-start id="1042" type="partial gc" contextid="1041" timestamp="2019-06-16T00:08:12.572">
  <mem-info id="1043" free="23068672" total="83886080" percent="27">
    <mem type="eden" free="0" total="27262976" percent="0" />
    <remembered-set count="62752" freebytes="3097472" totalbytes="3348480" percent="92" regionsoverflowed="0" regionsstable="0" regionsrebuilding="0"/>
  </mem-info>
</gc-start>
<allocation-stats totalBytes="27244520" >
  <allocated-bytes non-tlh="2096" tlh="27242424" arrayletleaf="0"/>
  <largest-consumer threadName="PmdThread 2" threadId="00000000017C4800" bytes="7878120" />
</allocation-stats>
<gc-op id="1044" type="copy forward" timems="15.439" contextid="1041" timestamp="2019-06-16T00:08:12.588">
  <memory-copied type="eden" objects="24589" bytes="1305424" bytesdiscarded="8" />
  <memory-copied type="other" objects="103744" bytes="4021512" bytesdiscarded="328" />
  <memory-cardclean objects="21046" bytes="1049144" />
  <regions eden="26" other="5" />
  <remembered-set-cleared processed="51311" cleared="13420" durationms="0.444" />
  <references type="weak" candidates="565" cleared="0" enqueued="0" />
  <references type="phantom" candidates="77" cleared="0" enqueued="0" />
  <stringconstants candidates="5152" cleared="0"  />
</gc-op>
<gc-op id="1045" type="classunload" timems="0.003" contextid="1041" timestamp="2019-06-16T00:08:12.589">
  <classunload-info classloadercandidates="11" classloadersunloaded="0" classesunloaded="0" anonymousclassesunloaded="0" quiescems="0.000" setupms="0.003" scanms="0.000" postms="0.000" />
</gc-op>
<heap-resize id="1046" type="expand" space="default" amount="3145728" count="1" timems="0.074" reason="excessive time being spent in gc" timestamp="2019-06-16T00:08:12.589" />
<gc-end id="1047" type="partial gc" contextid="1041" durationms="16.515" usertimems="12.000" systemtimems="4.000" timestamp="2019-06-16T00:08:12.589" activeThreads="1">
  <mem-info id="1048" free="52428800" total="87031808" percent="60">
    <mem type="eden" free="782136" total="2097152" percent="37" />
    <remembered-set count="69152" freebytes="3197440" totalbytes="3474048" percent="92" regionsoverflowed="0" regionsstable="0" regionsrebuilding="0"/>
  </mem-info>
</gc-end>
<cycle-end id="1049" type="partial gc" contextid="1041" timestamp="2019-06-16T00:08:12.589" />
  <attribute name="elasticGC enabled" value="1" />
  <attribute name= "numThreadsSpecified" value="1" />
  <attribute name="heapSize specified" value="0" />
  <attribute name="Current GC Util" value="91" />
  <attribute name= "Current Time Running" value="3938" />
  <attribute name ="GC Interval" value="0" />
  <attribute name="ProportionalT" value="106.500000" />
  <attribute name="ProportionalI" value="106.500000" />
  <attribute name="ProportionalH" value="106.500000" />
  <attribute name="Current Error" value="71.000000" />
  <attribute name="IntegralT" value="0.000000" />
  <attribute name="IntegralI" value="0.000000" />
  <attribute name="IntegralH" value="0.000000" />
  <attribute name="DerivativeT" value="inf" />
  <attribute name="DerivativeI" value="inf" />
  <attribute name="DerivativeH" value="inf" />
  <attribute name="Loop Time for DT" value="0.000000" />
  <attribute name="Output H" value="8388608"/>
  <attribute name="Output I" value="200"/>
  <attribute name="Output T" value="1"/>
  <attribute name="Target GC Util Change" value ="20.000000" />
  <attribute name="Current GC Util Change" value="91.000000"/>
  <attribute name="GC Util currently" value="91" />
  <attribute name="CPU Util currently" value="21277699370390" />
<exclusive-end id="1050" timestamp="2019-06-16T00:08:12.589" durationms="17.443" />

<exclusive-start id="1051" timestamp="2019-06-16T00:08:12.671" intervalms="99.129">
  <response-info timems="0.770" idlems="0.387" threads="1" lastid="00000000017CC400" lastname="PmdThread 3" />
</exclusive-start>
<allocation-taxation id="1052" taxation-threshold="28311552" timestamp="2019-06-16T00:08:12.671" intervalms="99.118" />
<cycle-start id="1053" type="partial gc" contextid="0" timestamp="2019-06-16T00:08:12.671" intervalms="99.119" />
<gc-start id="1054" type="partial gc" contextid="1053" timestamp="2019-06-16T00:08:12.672">
  <mem-info id="1055" free="24117248" total="87031808" percent="27">
    <mem type="eden" free="0" total="28311552" percent="0" />
    <remembered-set count="68864" freebytes="3198592" totalbytes="3474048" percent="92" regionsoverflowed="0" regionsstable="0" regionsrebuilding="0"/>
  </mem-info>
</gc-start>
<allocation-stats totalBytes="28276768" >
  <allocated-bytes non-tlh="3480" tlh="28273288" arrayletleaf="0"/>
  <largest-consumer threadName="PmdThread 2" threadId="00000000017C4800" bytes="13738568" />
</allocation-stats>
<gc-op id="1056" type="copy forward" timems="4.225" contextid="1053" timestamp="2019-06-16T00:08:12.676">
  <memory-copied type="eden" objects="23996" bytes="1235048" bytesdiscarded="152536" />
  <memory-copied type="other" objects="55291" bytes="2283336" bytesdiscarded="150600" />
  <memory-cardclean objects="51673" bytes="2592280" />
  <regions eden="27" other="4" />
  <remembered-set-cleared processed="53374" cleared="14639" durationms="0.205" />
  <references type="weak" candidates="1069" cleared="0" enqueued="0" />
  <references type="phantom" candidates="104" cleared="0" enqueued="0" />
  <stringconstants candidates="5171" cleared="0"  />
</gc-op>
<gc-op id="1057" type="classunload" timems="0.003" contextid="1053" timestamp="2019-06-16T00:08:12.676">
  <classunload-info classloadercandidates="11" classloadersunloaded="0" classesunloaded="0" anonymousclassesunloaded="0" quiescems="0.000" setupms="0.002" scanms="0.000" postms="0.000" />
</gc-op>
<heap-resize id="1058" type="expand" space="default" amount="2097152" count="1" timems="0.064" reason="excessive time being spent in gc" timestamp="2019-06-16T00:08:12.677" />
<gc-end id="1059" type="partial gc" contextid="1053" durationms="5.108" usertimems="12.000" systemtimems="4.000" timestamp="2019-06-16T00:08:12.677" activeThreads="4">
  <mem-info id="1060" free="53477376" total="89128960" percent="60">
    <mem type="eden" free="702568" total="2097152" percent="33" />
    <remembered-set count="64320" freebytes="3300480" totalbytes="3557760" percent="92" regionsoverflowed="0" regionsstable="0" regionsrebuilding="0"/>
  </mem-info>
</gc-end>
<cycle-end id="1061" type="partial gc" contextid="1053" timestamp="2019-06-16T00:08:12.677" />
  <attribute name="elasticGC enabled" value="1" />
  <attribute name= "numThreadsSpecified" value="4" />
  <attribute name="heapSize specified" value="0" />
  <attribute name="Current GC Util" value="91" />
  <attribute name= "Current Time Running" value="4038" />
  <attribute name ="GC Interval" value="0" />
  <attribute name="ProportionalT" value="106.500000" />
  <attribute name="ProportionalI" value="106.500000" />
  <attribute name="ProportionalH" value="106.500000" />
  <attribute name="Current Error" value="71.000000" />
  <attribute name="IntegralT" value="71.000000" />
  <attribute name="IntegralI" value="71.000000" />
  <attribute name="IntegralH" value="71.000000" />
  <attribute name="DerivativeT" value="35.500000" />
  <attribute name="DerivativeI" value="35.500000" />
  <attribute name="DerivativeH" value="35.500000" />
  <attribute name="Loop Time for DT" value="1.000000" />
  <attribute name="Output H" value="8388608"/>
  <attribute name="Output I" value="216"/>
  <attribute name="Output T" value="4"/>
  <attribute name="Target GC Util Change" value ="20.000000" />
  <attribute name="Current GC Util Change" value="91.000000"/>
  <attribute name="GC Util currently" value="91" />
  <attribute name="CPU Util currently" value="20759894508597" />
<exclusive-end id="1062" timestamp="2019-06-16T00:08:12.677" durationms="6.122" />

<exclusive-start id="1063" timestamp="2019-06-16T00:08:12.749" intervalms="78.252">
  <response-info timems="0.060" idlems="0.032" threads="1" lastid="00000000017C0C00" lastname="PmdThread 1" />
</exclusive-start>
<allocation-taxation id="1064" taxation-threshold="28311552" timestamp="2019-06-16T00:08:12.749" intervalms="78.222" />
<cycle-start id="1065" type="partial gc" contextid="0" timestamp="2019-06-16T00:08:12.750" intervalms="78.241" />
<gc-start id="1066" type="partial gc" contextid="1065" timestamp="2019-06-16T00:08:12.750">
  <mem-info id="1067" free="25165824" total="89128960" percent="28">
    <mem type="eden" free="0" total="28311552" percent="0" />
    <remembered-set count="63968" freebytes="3301888" totalbytes="3557760" percent="92" regionsoverflowed="0" regionsstable="0" regionsrebuilding="0"/>
  </mem-info>
</gc-start>
<allocation-stats totalBytes="28289920" >
  <allocated-bytes non-tlh="3584" tlh="28286336" arrayletleaf="0"/>
  <largest-consumer threadName="PmdThread 2" threadId="00000000017C4800" bytes="14475952" />
</allocation-stats>
<gc-op id="1068" type="copy forward" timems="10.623" contextid="1065" timestamp="2019-06-16T00:08:12.761">
  <memory-copied type="eden" objects="17732" bytes="1176048" bytesdiscarded="24" />
  <memory-copied type="other" objects="55975" bytes="2217840" bytesdiscarded="336" />
  <memory-cardclean objects="32406" bytes="1525944" />
  <regions eden="27" other="4" />
  <remembered-set-cleared processed="59286" cleared="15562" durationms="0.537" />
  <references type="weak" candidates="915" cleared="0" enqueued="0" />
  <references type="phantom" candidates="108" cleared="0" enqueued="0" />
  <stringconstants candidates="5189" cleared="0"  />
</gc-op>
<gc-op id="1069" type="classunload" timems="0.003" contextid="1065" timestamp="2019-06-16T00:08:12.761">
  <classunload-info classloadercandidates="11" classloadersunloaded="0" classesunloaded="0" anonymousclassesunloaded="0" quiescems="0.000" setupms="0.003" scanms="0.000" postms="0.000" />
</gc-op>
<gc-end id="1070" type="partial gc" contextid="1065" durationms="11.460" usertimems="12.000" systemtimems="0.000" timestamp="2019-06-16T00:08:12.761" activeThreads="1">
  <mem-info id="1071" free="52428800" total="89128960" percent="58">
    <mem type="eden" free="914512" total="2097152" percent="43" />
    <remembered-set count="67328" freebytes="3288448" totalbytes="3557760" percent="92" regionsoverflowed="0" regionsstable="0" regionsrebuilding="0"/>
  </mem-info>
</gc-end>
<cycle-end id="1072" type="partial gc" contextid="1065" timestamp="2019-06-16T00:08:12.761" />
  <attribute name="elasticGC enabled" value="1" />
  <attribute name= "numThreadsSpecified" value="1" />
  <attribute name="heapSize specified" value="0" />
  <attribute name="Current GC Util" value="77" />
  <attribute name= "Current Time Running" value="4116" />
  <attribute name ="GC Interval" value="0" />
  <attribute name="ProportionalT" value="85.500000" />
  <attribute name="ProportionalI" value="85.500000" />
  <attribute name="ProportionalH" value="85.500000" />
  <attribute name="Current Error" value="57.000000" />
  <attribute name="IntegralT" value="0.000000" />
  <attribute name="IntegralI" value="0.000000" />
  <attribute name="IntegralH" value="0.000000" />
  <attribute name="DerivativeT" value="inf" />
  <attribute name="DerivativeI" value="inf" />
  <attribute name="DerivativeH" value="inf" />
  <attribute name="Loop Time for DT" value="0.000000" />
  <attribute name="Output H" value="8388608"/>
  <attribute name="Output I" value="200"/>
  <attribute name="Output T" value="1"/>
  <attribute name="Target GC Util Change" value ="20.000000" />
  <attribute name="Current GC Util Change" value="77.000000"/>
  <attribute name="GC Util currently" value="77" />
  <attribute name="CPU Util currently" value="20533433686256" />
<exclusive-end id="1073" timestamp="2019-06-16T00:08:12.762" durationms="12.295" />

<exclusive-start id="1074" timestamp="2019-06-16T00:08:12.829" intervalms="79.458">
  <response-info timems="0.380" idlems="0.205" threads="3" lastid="00000000017D0000" lastname="PmdThread 4" />
</exclusive-start>
<allocation-taxation id="1075" taxation-threshold="28311552" timestamp="2019-06-16T00:08:12.829" intervalms="79.455" />
<cycle-start id="1076" type="partial gc" contextid="0" timestamp="2019-06-16T00:08:12.829" intervalms="79.467" />
<gc-start id="1077" type="partial gc" contextid="1076" timestamp="2019-06-16T00:08:12.829">
  <mem-info id="1078" free="24117248" total="89128960" percent="27">
    <mem type="eden" free="0" total="28311552" percent="0" />
    <remembered-set count="67168" freebytes="3289088" totalbytes="3557760" percent="92" regionsoverflowed="0" regionsstable="0" regionsrebuilding="0"/>
  </mem-info>
</gc-start>
<allocation-stats totalBytes="28285000" >
  <allocated-bytes non-tlh="12080" tlh="28272920" arrayletleaf="0"/>
  <largest-consumer threadName="PmdThread 2" threadId="00000000017C4800" bytes="9486608" />
</allocation-stats>
<gc-op id="1079" type="copy forward" timems="19.096" contextid="1076" timestamp="2019-06-16T00:08:12.849">
  <memory-copied type="eden" objects="65529" bytes="2890800" bytesdiscarded="32" />
  <memory-copied type="other" objects="63754" bytes="2619072" bytesdiscarded="464" />
  <memory-cardclean objects="78310" bytes="3546176" />
  <regions eden="27" other="4" />
  <remembered-set-cleared processed="57872" cleared="18978" durationms="0.554" />
  <references type="weak" candidates="692" cleared="0" enqueued="0" />
  <references type="phantom" candidates="180" cleared="0" enqueued="0" />
  <stringconstants candidates="5208" cleared="0"  />
</gc-op>
<gc-op id="1080" type="classunload" timems="0.003" contextid="1076" timestamp="2019-06-16T00:08:12.849">
  <classunload-info classloadercandidates="11" classloadersunloaded="0" classesunloaded="0" anonymousclassesunloaded="0" quiescems="0.000" setupms="0.003" scanms="0.000" postms="0.000" />
</gc-op>
<heap-resize id="1081" type="expand" space="default" amount="8388608" count="1" timems="0.100" reason="excessive time being spent in gc" timestamp="2019-06-16T00:08:12.849" />
<gc-end id="1082" type="partial gc" contextid="1076" durationms="20.241" usertimems="20.000" systemtimems="0.000" timestamp="2019-06-16T00:08:12.849" activeThreads="1">
  <mem-info id="1083" free="58720256" total="97517568" percent="60">
    <mem type="eden" free="250528" total="3145728" percent="7" />
    <remembered-set count="80448" freebytes="3570816" totalbytes="3892608" percent="91" regionsoverflowed="0" regionsstable="0" regionsrebuilding="0"/>
  </mem-info>
</gc-end>
<cycle-end id="1084" type="partial gc" contextid="1076" timestamp="2019-06-16T00:08:12.850" />
  <attribute name="elasticGC enabled" value="1" />
  <attribute name= "numThreadsSpecified" value="1" />
  <attribute name="heapSize specified" value="0" />
  <attribute name="Current GC Util" value="97" />
  <attribute name= "Current Time Running" value="4195" />
  <attribute name ="GC Interval" value="0" />
  <attribute name="ProportionalT" value="115.500000" />
  <attribute name="ProportionalI" value="115.500000" />
  <attribute name="ProportionalH" value="115.500000" />
  <attribute name="Current Error" value="77.000000" />
  <attribute name="IntegralT" value="0.000000" />
  <attribute name="IntegralI" value="0.000000" />
  <attribute name="IntegralH" value="0.000000" />
  <attribute name="DerivativeT" value="inf" />
  <attribute name="DerivativeI" value="inf" />
  <attribute name="DerivativeH" value="inf" />
  <attribute name="Loop Time for DT" value="0.000000" />
  <attribute name="Output H" value="8388608"/>
  <attribute name="Output I" value="200"/>
  <attribute name="Output T" value="1"/>
  <attribute name="Target GC Util Change" value ="20.000000" />
  <attribute name="Current GC Util Change" value="97.000000"/>
  <attribute name="GC Util currently" value="97" />
  <attribute name="CPU Util currently" value="20868962793675" />
<exclusive-end id="1085" timestamp="2019-06-16T00:08:12.850" durationms="21.129" />

<exclusive-start id="1086" timestamp="2019-06-16T00:08:12.908" intervalms="79.352">
  <response-info timems="0.042" idlems="0.042" threads="0" lastid="00000000017D0000" lastname="PmdThread 4" />
</exclusive-start>
<allocation-taxation id="1087" taxation-threshold="30408704" timestamp="2019-06-16T00:08:12.908" intervalms="79.421" />
<cycle-start id="1088" type="partial gc" contextid="0" timestamp="2019-06-16T00:08:12.908" intervalms="79.431" />
<gc-start id="1089" type="partial gc" contextid="1088" timestamp="2019-06-16T00:08:12.909">
  <mem-info id="1090" free="28311552" total="97517568" percent="29">
    <mem type="eden" free="0" total="30408704" percent="0" />
    <remembered-set count="80416" freebytes="3570944" totalbytes="3892608" percent="91" regionsoverflowed="0" regionsstable="0" regionsrebuilding="0"/>
  </mem-info>
</gc-start>
<allocation-stats totalBytes="30400280" >
  <allocated-bytes non-tlh="1136" tlh="30399144" arrayletleaf="0"/>
  <largest-consumer threadName="PmdThread 4" threadId="00000000017D0000" bytes="10091128" />
</allocation-stats>
<gc-op id="1091" type="copy forward" timems="25.897" contextid="1088" timestamp="2019-06-16T00:08:12.935">
  <memory-copied type="eden" objects="60242" bytes="2365984" bytesdiscarded="16" />
  <memory-copied type="other" objects="100181" bytes="4242200" bytesdiscarded="496" />
  <memory-cardclean objects="123200" bytes="6585008" />
  <regions eden="29" other="5" />
  <remembered-set-cleared processed="53503" cleared="28620" durationms="0.474" />
  <references type="weak" candidates="606" cleared="0" enqueued="0" />
  <references type="phantom" candidates="168" cleared="0" enqueued="0" />
  <stringconstants candidates="5214" cleared="0"  />
</gc-op>
<gc-op id="1092" type="classunload" timems="0.003" contextid="1088" timestamp="2019-06-16T00:08:12.935">
  <classunload-info classloadercandidates="11" classloadersunloaded="0" classesunloaded="0" anonymousclassesunloaded="0" quiescems="0.000" setupms="0.003" scanms="0.000" postms="0.000" />
</gc-op>
<heap-resize id="1093" type="expand" space="default" amount="7340032" count="1" timems="0.096" reason="excessive time being spent in gc" timestamp="2019-06-16T00:08:12.936" />
<gc-end id="1094" type="partial gc" contextid="1088" durationms="27.122" usertimems="28.000" systemtimems="0.000" timestamp="2019-06-16T00:08:12.936" activeThreads="1">
  <mem-info id="1095" free="62914560" total="104857600" percent="60">
    <mem type="eden" free="774304" total="3145728" percent="24" />
    <remembered-set count="91136" freebytes="3821056" totalbytes="4185600" percent="91" regionsoverflowed="0" regionsstable="0" regionsrebuilding="0"/>
  </mem-info>
</gc-end>
<cycle-end id="1096" type="partial gc" contextid="1088" timestamp="2019-06-16T00:08:12.936" />
  <attribute name="elasticGC enabled" value="1" />
  <attribute name= "numThreadsSpecified" value="1" />
  <attribute name="heapSize specified" value="0" />
  <attribute name="Current GC Util" value="70" />
  <attribute name= "Current Time Running" value="4275" />
  <attribute name ="GC Interval" value="0" />
  <attribute name="ProportionalT" value="75.000000" />
  <attribute name="ProportionalI" value="75.000000" />
  <attribute name="ProportionalH" value="75.000000" />
  <attribute name="Current Error" value="50.000000" />
  <attribute name="IntegralT" value="0.000000" />
  <attribute name="IntegralI" value="0.000000" />
  <attribute name="IntegralH" value="0.000000" />
  <attribute name="DerivativeT" value="inf" />
  <attribute name="DerivativeI" value="inf" />
  <attribute name="DerivativeH" value="inf" />
  <attribute name="Loop Time for DT" value="0.000000" />
  <attribute name="Output H" value="8388608"/>
  <attribute name="Output I" value="200"/>
  <attribute name="Output T" value="1"/>
  <attribute name="Target GC Util Change" value ="20.000000" />
  <attribute name="Current GC Util Change" value="70.000000"/>
  <attribute name="GC Util currently" value="70" />
  <attribute name="CPU Util currently" value="17505242078165" />
<exclusive-end id="1097" timestamp="2019-06-16T00:08:12.936" durationms="28.113" />

<exclusive-start id="1098" timestamp="2019-06-16T00:08:12.980" intervalms="71.565">
  <response-info timems="0.040" idlems="0.040" threads="0" lastid="00000000017C0C00" lastname="PmdThread 1" />
</exclusive-start>
<allocation-taxation id="1099" taxation-threshold="32505856" timestamp="2019-06-16T00:08:12.980" intervalms="71.494" />
<cycle-start id="1100" type="partial gc" contextid="0" timestamp="2019-06-16T00:08:12.980" intervalms="71.488" />
<gc-start id="1101" type="partial gc" contextid="1100" timestamp="2019-06-16T00:08:12.980">
  <mem-info id="1102" free="30408704" total="104857600" percent="29">
    <mem type="eden" free="0" total="32505856" percent="0" />
    <remembered-set count="90976" freebytes="3821696" totalbytes="4185600" percent="91" regionsoverflowed="0" regionsstable="0" regionsrebuilding="0"/>
  </mem-info>
</gc-start>
<allocation-stats totalBytes="32487184" >
  <allocated-bytes non-tlh="45184" tlh="32442000" arrayletleaf="0"/>
  <largest-consumer threadName="PmdThread 2" threadId="00000000017C4800" bytes="14160984" />
</allocation-stats>
<gc-op id="1103" type="copy forward" timems="16.724" contextid="1100" timestamp="2019-06-16T00:08:12.997">
  <memory-copied type="eden" objects="5632" bytes="520432" bytesdiscarded="0" />
  <memory-copied type="other" objects="136918" bytes="5294776" bytesdiscarded="584" />
  <memory-cardclean objects="14982" bytes="737904" />
  <regions eden="31" other="6" />
  <remembered-set-cleared processed="70467" cleared="11020" durationms="0.569" />
  <references type="weak" candidates="419" cleared="0" enqueued="0" />
  <references type="phantom" candidates="60" cleared="0" enqueued="0" />
  <stringconstants candidates="5225" cleared="0"  />
</gc-op>
<gc-op id="1104" type="classunload" timems="0.003" contextid="1100" timestamp="2019-06-16T00:08:12.998">
  <classunload-info classloadercandidates="11" classloadersunloaded="0" classesunloaded="0" anonymousclassesunloaded="0" quiescems="0.000" setupms="0.003" scanms="0.000" postms="0.000" />
</gc-op>
<heap-resize id="1105" type="expand" space="default" amount="3145728" count="1" timems="0.074" reason="excessive time being spent in gc" timestamp="2019-06-16T00:08:12.998" />
<gc-end id="1106" type="partial gc" contextid="1100" durationms="17.819" usertimems="20.000" systemtimems="0.000" timestamp="2019-06-16T00:08:12.998" activeThreads="1">
  <mem-info id="1107" free="65011712" total="108003328" percent="60">
    <mem type="eden" free="526112" total="1048576" percent="50" />
    <remembered-set count="97664" freebytes="3920512" totalbytes="4311168" percent="90" regionsoverflowed="0" regionsstable="0" regionsrebuilding="0"/>
  </mem-info>
</gc-end>
<cycle-end id="1108" type="partial gc" contextid="1100" timestamp="2019-06-16T00:08:12.998" />
  <attribute name="elasticGC enabled" value="1" />
  <attribute name= "numThreadsSpecified" value="1" />
  <attribute name="heapSize specified" value="0" />
  <attribute name="Current GC Util" value="93" />
  <attribute name= "Current Time Running" value="4346" />
  <attribute name ="GC Interval" value="0" />
  <attribute name="ProportionalT" value="109.500000" />
  <attribute name="ProportionalI" value="109.500000" />
  <attribute name="ProportionalH" value="109.500000" />
  <attribute name="Current Error" value="73.000000" />
  <attribute name="IntegralT" value="0.000000" />
  <attribute name="IntegralI" value="0.000000" />
  <attribute name="IntegralH" value="0.000000" />
  <attribute name="DerivativeT" value="inf" />
  <attribute name="DerivativeI" value="inf" />
  <attribute name="DerivativeH" value="inf" />
  <attribute name="Loop Time for DT" value="0.000000" />
  <attribute name="Output H" value="8388608"/>
  <attribute name="Output I" value="200"/>
  <attribute name="Output T" value="1"/>
  <attribute name="Target GC Util Change" value ="20.000000" />
  <attribute name="Current GC Util Change" value="93.000000"/>
  <attribute name="GC Util currently" value="93" />
  <attribute name="CPU Util currently" value="19516398800838" />
<exclusive-end id="1109" timestamp="2019-06-16T00:08:12.998" durationms="18.679" />

<exclusive-start id="1110" timestamp="2019-06-16T00:08:13.064" intervalms="84.050">
  <response-info timems="0.060" idlems="0.060" threads="0" lastid="00000000017CC400" lastname="PmdThread 3" />
</exclusive-start>
<allocation-taxation id="1111" taxation-threshold="33554432" timestamp="2019-06-16T00:08:13.064" intervalms="84.047" />
<cycle-start id="1112" type="partial gc" contextid="0" timestamp="2019-06-16T00:08:13.064" intervalms="84.024" />
<gc-start id="1113" type="partial gc" contextid="1112" timestamp="2019-06-16T00:08:13.064">
  <mem-info id="1114" free="31457280" total="108003328" percent="29">
    <mem type="eden" free="0" total="33554432" percent="0" />
    <remembered-set count="97632" freebytes="3920640" totalbytes="4311168" percent="90" regionsoverflowed="0" regionsstable="0" regionsrebuilding="0"/>
  </mem-info>
</gc-start>
<allocation-stats totalBytes="33543080" >
  <allocated-bytes non-tlh="6560" tlh="33536520" arrayletleaf="0"/>
  <largest-consumer threadName="PmdThread 2" threadId="00000000017C4800" bytes="10835832" />
</allocation-stats>
<gc-op id="1115" type="copy forward" timems="9.923" contextid="1112" timestamp="2019-06-16T00:08:13.075">
  <memory-copied type="eden" objects="20104" bytes="1369136" bytesdiscarded="0" />
  <memory-copied type="other" objects="56378" bytes="2270912" bytesdiscarded="336" />
  <memory-cardclean objects="6801" bytes="391072" />
  <regions eden="32" other="3" />
  <remembered-set-cleared processed="81157" cleared="9604" durationms="0.640" />
  <references type="weak" candidates="669" cleared="0" enqueued="0" />
  <references type="phantom" candidates="156" cleared="0" enqueued="0" />
  <stringconstants candidates="5258" cleared="0"  />
</gc-op>
<gc-op id="1116" type="classunload" timems="0.003" contextid="1112" timestamp="2019-06-16T00:08:13.075">
  <classunload-info classloadercandidates="11" classloadersunloaded="0" classesunloaded="0" anonymousclassesunloaded="0" quiescems="0.000" setupms="0.003" scanms="0.000" postms="0.000" />
</gc-op>
<heap-resize id="1117" type="expand" space="default" amount="5242880" count="1" timems="0.082" reason="excessive time being spent in gc" timestamp="2019-06-16T00:08:13.075" />
<gc-end id="1118" type="partial gc" contextid="1112" durationms="11.033" usertimems="12.000" systemtimems="0.000" timestamp="2019-06-16T00:08:13.075" activeThreads="1">
  <mem-info id="1119" free="68157440" total="113246208" percent="60">
    <mem type="eden" free="721664" total="2097152" percent="34" />
    <remembered-set count="100480" freebytes="4118528" totalbytes="4520448" percent="91" regionsoverflowed="0" regionsstable="0" regionsrebuilding="0"/>
  </mem-info>
</gc-end>
<cycle-end id="1120" type="partial gc" contextid="1112" timestamp="2019-06-16T00:08:13.075" />
  <attribute name="elasticGC enabled" value="1" />
  <attribute name= "numThreadsSpecified" value="1" />
  <attribute name="heapSize specified" value="0" />
  <attribute name="Current GC Util" value="88" />
  <attribute name= "Current Time Running" value="4430" />
  <attribute name ="GC Interval" value="0" />
  <attribute name="ProportionalT" value="102.000000" />
  <attribute name="ProportionalI" value="102.000000" />
  <attribute name="ProportionalH" value="102.000000" />
  <attribute name="Current Error" value="68.000000" />
  <attribute name="IntegralT" value="0.000000" />
  <attribute name="IntegralI" value="0.000000" />
  <attribute name="IntegralH" value="0.000000" />
  <attribute name="DerivativeT" value="inf" />
  <attribute name="DerivativeI" value="inf" />
  <attribute name="DerivativeH" value="inf" />
  <attribute name="Loop Time for DT" value="0.000000" />
  <attribute name="Output H" value="8388608"/>
  <attribute name="Output I" value="200"/>
  <attribute name="Output T" value="1"/>
  <attribute name="Target GC Util Change" value ="20.000000" />
  <attribute name="Current GC Util Change" value="88.000000"/>
  <attribute name="GC Util currently" value="88" />
  <attribute name="CPU Util currently" value="21590391356655" />
<exclusive-end id="1121" timestamp="2019-06-16T00:08:13.076" durationms="11.809" />

<exclusive-start id="1122" timestamp="2019-06-16T00:08:13.135" intervalms="71.051">
  <response-info timems="0.051" idlems="0.051" threads="0" lastid="00000000017D0000" lastname="PmdThread 4" />
</exclusive-start>
<allocation-taxation id="1123" taxation-threshold="34603008" timestamp="2019-06-16T00:08:13.135" intervalms="71.052" />
<cycle-start id="1124" type="partial gc" contextid="0" timestamp="2019-06-16T00:08:13.135" intervalms="71.054" />
<gc-start id="1125" type="partial gc" contextid="1124" timestamp="2019-06-16T00:08:13.135">
  <mem-info id="1126" free="33554432" total="113246208" percent="29">
    <mem type="eden" free="0" total="34603008" percent="0" />
    <remembered-set count="100192" freebytes="4119680" totalbytes="4520448" percent="91" regionsoverflowed="0" regionsstable="0" regionsrebuilding="0"/>
  </mem-info>
</gc-start>
<allocation-stats totalBytes="34594168" >
  <allocated-bytes non-tlh="7688" tlh="34586480" arrayletleaf="0"/>
  <largest-consumer threadName="PmdThread 2" threadId="00000000017C4800" bytes="11110656" />
</allocation-stats>
<gc-op id="1127" type="copy forward" timems="10.544" contextid="1124" timestamp="2019-06-16T00:08:13.146">
  <memory-copied type="eden" objects="18439" bytes="1332848" bytesdiscarded="40" />
  <memory-copied type="other" objects="48264" bytes="1941552" bytesdiscarded="360" />
  <memory-cardclean objects="31072" bytes="1518504" />
  <regions eden="33" other="5" />
  <remembered-set-cleared processed="80707" cleared="15752" durationms="0.693" />
  <references type="weak" candidates="1024" cleared="0" enqueued="0" />
  <references type="phantom" candidates="351" cleared="0" enqueued="0" />
  <stringconstants candidates="5295" cleared="0"  />
</gc-op>
<gc-op id="1128" type="classunload" timems="0.003" contextid="1124" timestamp="2019-06-16T00:08:13.146">
  <classunload-info classloadercandidates="11" classloadersunloaded="0" classesunloaded="0" anonymousclassesunloaded="0" quiescems="0.000" setupms="0.002" scanms="0.000" postms="0.000" />
</gc-op>
<heap-resize id="1129" type="expand" space="default" amount="2097152" count="1" timems="0.071" reason="excessive time being spent in gc" timestamp="2019-06-16T00:08:13.147" />
<gc-end id="1130" type="partial gc" contextid="1124" durationms="11.635" usertimems="8.000" systemtimems="4.000" timestamp="2019-06-16T00:08:13.147" activeThreads="1">
  <mem-info id="1131" free="69206016" total="115343360" percent="60">
    <mem type="eden" free="755000" total="2097152" percent="36" />
    <remembered-set count="103264" freebytes="4191104" totalbytes="4604160" percent="91" regionsoverflowed="0" regionsstable="0" regionsrebuilding="0"/>
  </mem-info>
</gc-end>
<cycle-end id="1132" type="partial gc" contextid="1124" timestamp="2019-06-16T00:08:13.147" />
  <attribute name="elasticGC enabled" value="1" />
  <attribute name= "numThreadsSpecified" value="1" />
  <attribute name="heapSize specified" value="0" />
  <attribute name="Current GC Util" value="82" />
  <attribute name= "Current Time Running" value="4501" />
  <attribute name ="GC Interval" value="0" />
  <attribute name="ProportionalT" value="93.000000" />
  <attribute name="ProportionalI" value="93.000000" />
  <attribute name="ProportionalH" value="93.000000" />
  <attribute name="Current Error" value="62.000000" />
  <attribute name="IntegralT" value="0.000000" />
  <attribute name="IntegralI" value="0.000000" />
  <attribute name="IntegralH" value="0.000000" />
  <attribute name="DerivativeT" value="inf" />
  <attribute name="DerivativeI" value="inf" />
  <attribute name="DerivativeH" value="inf" />
  <attribute name="Loop Time for DT" value="0.000000" />
  <attribute name="Output H" value="8388608"/>
  <attribute name="Output I" value="200"/>
  <attribute name="Output T" value="1"/>
  <attribute name="Target GC Util Change" value ="20.000000" />
  <attribute name="Current GC Util Change" value="82.000000"/>
  <attribute name="GC Util currently" value="82" />
  <attribute name="CPU Util currently" value="19977759597995" />
<exclusive-end id="1133" timestamp="2019-06-16T00:08:13.147" durationms="12.397" />

<exclusive-start id="1134" timestamp="2019-06-16T00:08:13.214" intervalms="79.517">
  <response-info timems="0.028" idlems="0.028" threads="0" lastid="00000000017CC400" lastname="PmdThread 3" />
</exclusive-start>
<allocation-taxation id="1135" taxation-threshold="35651584" timestamp="2019-06-16T00:08:13.214" intervalms="79.517" />
<cycle-start id="1136" type="partial gc" contextid="0" timestamp="2019-06-16T00:08:13.215" intervalms="79.512" />
<gc-start id="1137" type="partial gc" contextid="1136" timestamp="2019-06-16T00:08:13.215">
  <mem-info id="1138" free="33554432" total="115343360" percent="29">
    <mem type="eden" free="0" total="35651584" percent="0" />
    <remembered-set count="102880" freebytes="4192640" totalbytes="4604160" percent="91" regionsoverflowed="0" regionsstable="0" regionsrebuilding="0"/>
  </mem-info>
</gc-start>
<allocation-stats totalBytes="35635496" >
  <allocated-bytes non-tlh="12648" tlh="35622848" arrayletleaf="0"/>
  <largest-consumer threadName="PmdThread 2" threadId="00000000017C4800" bytes="12234448" />
</allocation-stats>
<gc-op id="1139" type="copy forward" timems="11.000" contextid="1136" timestamp="2019-06-16T00:08:13.226">
  <memory-copied type="eden" objects="16474" bytes="1320664" bytesdiscarded="32" />
  <memory-copied type="other" objects="55916" bytes="2551056" bytesdiscarded="920" />
  <memory-cardclean objects="29465" bytes="1271280" />
  <regions eden="34" other="5" />
  <remembered-set-cleared processed="81205" cleared="16561" durationms="0.701" />
  <references type="weak" candidates="1223" cleared="0" enqueued="0" />
  <references type="phantom" candidates="382" cleared="0" enqueued="0" />
  <stringconstants candidates="5356" cleared="0"  />
</gc-op>
<gc-op id="1140" type="classunload" timems="0.002" contextid="1136" timestamp="2019-06-16T00:08:13.226">
  <classunload-info classloadercandidates="11" classloadersunloaded="0" classesunloaded="0" anonymousclassesunloaded="0" quiescems="0.000" setupms="0.002" scanms="0.000" postms="0.000" />
</gc-op>
<heap-resize id="1141" type="expand" space="default" amount="3145728" count="1" timems="0.072" reason="excessive time being spent in gc" timestamp="2019-06-16T00:08:13.227" />
<gc-end id="1142" type="partial gc" contextid="1136" durationms="12.045" usertimems="12.000" systemtimems="0.000" timestamp="2019-06-16T00:08:13.227" activeThreads="1">
  <mem-info id="1143" free="71303168" total="118489088" percent="60">
    <mem type="eden" free="769464" total="2097152" percent="36" />
    <remembered-set count="105440" freebytes="4307968" totalbytes="4729728" percent="91" regionsoverflowed="0" regionsstable="0" regionsrebuilding="0"/>
  </mem-info>
</gc-end>
<cycle-end id="1144" type="partial gc" contextid="1136" timestamp="2019-06-16T00:08:13.227" />
  <attribute name="elasticGC enabled" value="1" />
  <attribute name= "numThreadsSpecified" value="1" />
  <attribute name="heapSize specified" value="0" />
  <attribute name="Current GC Util" value="75" />
  <attribute name= "Current Time Running" value="4581" />
  <attribute name ="GC Interval" value="0" />
  <attribute name="ProportionalT" value="82.500000" />
  <attribute name="ProportionalI" value="82.500000" />
  <attribute name="ProportionalH" value="82.500000" />
  <attribute name="Current Error" value="55.000000" />
  <attribute name="IntegralT" value="0.000000" />
  <attribute name="IntegralI" value="0.000000" />
  <attribute name="IntegralH" value="0.000000" />
  <attribute name="DerivativeT" value="inf" />
  <attribute name="DerivativeI" value="inf" />
  <attribute name="DerivativeH" value="inf" />
  <attribute name="Loop Time for DT" value="0.000000" />
  <attribute name="Output H" value="8388608"/>
  <attribute name="Output I" value="200"/>
  <attribute name="Output T" value="1"/>
  <attribute name="Target GC Util Change" value ="20.000000" />
  <attribute name="Current GC Util Change" value="75.000000"/>
  <attribute name="GC Util currently" value="75" />
  <attribute name="CPU Util currently" value="19872646115329" />
<exclusive-end id="1145" timestamp="2019-06-16T00:08:13.227" durationms="12.847" />

<exclusive-start id="1146" timestamp="2019-06-16T00:08:13.289" intervalms="74.162">
  <response-info timems="0.116" idlems="0.067" threads="1" lastid="00000000014BBB00" lastname="JIT Compilation Thread-2" />
</exclusive-start>
<allocation-taxation id="1147" taxation-threshold="35651584" timestamp="2019-06-16T00:08:13.289" intervalms="74.163" />
<cycle-start id="1148" type="partial gc" contextid="0" timestamp="2019-06-16T00:08:13.289" intervalms="74.161" />
<gc-start id="1149" type="partial gc" contextid="1148" timestamp="2019-06-16T00:08:13.289">
  <mem-info id="1150" free="35651584" total="118489088" percent="30">
    <mem type="eden" free="0" total="35651584" percent="0" />
    <remembered-set count="105056" freebytes="4309504" totalbytes="4729728" percent="91" regionsoverflowed="0" regionsstable="0" regionsrebuilding="0"/>
  </mem-info>
</gc-start>
<allocation-stats totalBytes="35639488" >
  <allocated-bytes non-tlh="3416" tlh="35636072" arrayletleaf="0"/>
  <largest-consumer threadName="PmdThread 2" threadId="00000000017C4800" bytes="10925672" />
</allocation-stats>
<gc-op id="1151" type="copy forward" timems="20.684" contextid="1148" timestamp="2019-06-16T00:08:13.310">
  <memory-copied type="eden" objects="45955" bytes="2427008" bytesdiscarded="0" />
  <memory-copied type="other" objects="59156" bytes="2947088" bytesdiscarded="176" />
  <memory-cardclean objects="141475" bytes="7508224" />
  <regions eden="34" other="5" />
  <remembered-set-cleared processed="65457" cleared="31884" durationms="0.564" />
  <references type="soft" candidates="2" cleared="0" enqueued="0" dynamicThreshold="19" maxThreshold="32" />
  <references type="weak" candidates="871" cleared="0" enqueued="0" />
  <references type="phantom" candidates="391" cleared="0" enqueued="0" />
  <stringconstants candidates="5375" cleared="0"  />
</gc-op>
<gc-op id="1152" type="classunload" timems="0.003" contextid="1148" timestamp="2019-06-16T00:08:13.310">
  <classunload-info classloadercandidates="11" classloadersunloaded="0" classesunloaded="0" anonymousclassesunloaded="0" quiescems="0.000" setupms="0.003" scanms="0.000" postms="0.000" />
</gc-op>
<heap-resize id="1153" type="expand" space="default" amount="5242880" count="1" timems="0.083" reason="excessive time being spent in gc" timestamp="2019-06-16T00:08:13.311" />
<gc-end id="1154" type="partial gc" contextid="1148" durationms="21.795" usertimems="24.000" systemtimems="0.000" timestamp="2019-06-16T00:08:13.311" activeThreads="1">
  <mem-info id="1155" free="74448896" total="123731968" percent="60">
    <mem type="eden" free="706368" total="3145728" percent="22" />
    <remembered-set count="109120" freebytes="4502528" totalbytes="4939008" percent="91" regionsoverflowed="0" regionsstable="0" regionsrebuilding="0"/>
  </mem-info>
</gc-end>
<cycle-end id="1156" type="partial gc" contextid="1148" timestamp="2019-06-16T00:08:13.311" />
  <attribute name="elasticGC enabled" value="1" />
  <attribute name= "numThreadsSpecified" value="1" />
  <attribute name="heapSize specified" value="0" />
  <attribute name="Current GC Util" value="69" />
  <attribute name= "Current Time Running" value="4655" />
  <attribute name ="GC Interval" value="0" />
  <attribute name="ProportionalT" value="73.500000" />
  <attribute name="ProportionalI" value="73.500000" />
  <attribute name="ProportionalH" value="73.500000" />
  <attribute name="Current Error" value="49.000000" />
  <attribute name="IntegralT" value="0.000000" />
  <attribute name="IntegralI" value="0.000000" />
  <attribute name="IntegralH" value="0.000000" />
  <attribute name="DerivativeT" value="inf" />
  <attribute name="DerivativeI" value="inf" />
  <attribute name="DerivativeH" value="inf" />
  <attribute name="Loop Time for DT" value="0.000000" />
  <attribute name="Output H" value="8388608"/>
  <attribute name="Output I" value="200"/>
  <attribute name="Output T" value="1"/>
  <attribute name="Target GC Util Change" value ="20.000000" />
  <attribute name="Current GC Util Change" value="69.000000"/>
  <attribute name="GC Util currently" value="69" />
  <attribute name="CPU Util currently" value="16627796135209" />
<exclusive-end id="1157" timestamp="2019-06-16T00:08:13.311" durationms="22.583" />

<exclusive-start id="1158" timestamp="2019-06-16T00:08:13.432" intervalms="143.556">
  <response-info timems="0.046" idlems="0.046" threads="0" lastid="00000000017C0C00" lastname="PmdThread 1" />
</exclusive-start>
<allocation-taxation id="1159" taxation-threshold="37748736" timestamp="2019-06-16T00:08:13.432" intervalms="143.551" />
<cycle-start id="1160" type="partial gc" contextid="0" timestamp="2019-06-16T00:08:13.432" intervalms="143.567" />
<gc-start id="1161" type="partial gc" contextid="1160" timestamp="2019-06-16T00:08:13.432">
  <mem-info id="1162" free="36700160" total="123731968" percent="29">
    <mem type="eden" free="0" total="37748736" percent="0" />
    <remembered-set count="109056" freebytes="4502784" totalbytes="4939008" percent="91" regionsoverflowed="0" regionsstable="0" regionsrebuilding="0"/>
  </mem-info>
</gc-start>
<allocation-stats totalBytes="37736624" >
  <allocated-bytes non-tlh="17096" tlh="37719528" arrayletleaf="0"/>
  <largest-consumer threadName="PmdThread 1" threadId="00000000017C0C00" bytes="11132120" />
</allocation-stats>
<gc-op id="1163" type="copy forward" timems="7.234" contextid="1160" timestamp="2019-06-16T00:08:13.440">
  <memory-copied type="eden" objects="35595" bytes="1942816" bytesdiscarded="211120" />
  <memory-copied type="other" objects="53209" bytes="2271312" bytesdiscarded="119040" />
  <memory-cardclean objects="77599" bytes="3769184" />
  <regions eden="36" other="6" />
  <remembered-set-cleared processed="75610" cleared="23825" durationms="0.281" />
  <references type="soft" candidates="2" cleared="0" enqueued="0" dynamicThreshold="19" maxThreshold="32" />
  <references type="weak" candidates="1228" cleared="0" enqueued="0" />
  <references type="phantom" candidates="340" cleared="0" enqueued="0" />
  <stringconstants candidates="5474" cleared="0"  />
</gc-op>
<gc-op id="1164" type="classunload" timems="0.003" contextid="1160" timestamp="2019-06-16T00:08:13.440">
  <classunload-info classloadercandidates="11" classloadersunloaded="0" classesunloaded="0" anonymousclassesunloaded="0" quiescems="0.000" setupms="0.003" scanms="0.000" postms="0.000" />
</gc-op>
<heap-resize id="1165" type="expand" space="default" amount="2097152" count="1" timems="0.076" reason="excessive time being spent in gc" timestamp="2019-06-16T00:08:13.441" />
<gc-end id="1166" type="partial gc" contextid="1160" durationms="8.272" usertimems="20.000" systemtimems="0.000" timestamp="2019-06-16T00:08:13.441" activeThreads="4">
  <mem-info id="1167" free="75497472" total="125829120" percent="60">
    <mem type="eden" free="982880" total="3145728" percent="31" />
    <remembered-set count="90848" freebytes="4659328" totalbytes="5022720" percent="92" regionsoverflowed="0" regionsstable="0" regionsrebuilding="0"/>
  </mem-info>
</gc-end>
<cycle-end id="1168" type="partial gc" contextid="1160" timestamp="2019-06-16T00:08:13.441" />
  <attribute name="elasticGC enabled" value="1" />
  <attribute name= "numThreadsSpecified" value="4" />
  <attribute name="heapSize specified" value="0" />
  <attribute name="Current GC Util" value="90" />
  <attribute name= "Current Time Running" value="4799" />
  <attribute name ="GC Interval" value="0" />
  <attribute name="ProportionalT" value="105.000000" />
  <attribute name="ProportionalI" value="105.000000" />
  <attribute name="ProportionalH" value="105.000000" />
  <attribute name="Current Error" value="70.000000" />
  <attribute name="IntegralT" value="70.000000" />
  <attribute name="IntegralI" value="70.000000" />
  <attribute name="IntegralH" value="70.000000" />
  <attribute name="DerivativeT" value="35.000000" />
  <attribute name="DerivativeI" value="35.000000" />
  <attribute name="DerivativeH" value="35.000000" />
  <attribute name="Loop Time for DT" value="1.000000" />
  <attribute name="Output H" value="8388608"/>
  <attribute name="Output I" value="216"/>
  <attribute name="Output T" value="4"/>
  <attribute name="Target GC Util Change" value ="20.000000" />
  <attribute name="Current GC Util Change" value="90.000000"/>
  <attribute name="GC Util currently" value="90" />
  <attribute name="CPU Util currently" value="19819182776747" />
<exclusive-end id="1169" timestamp="2019-06-16T00:08:13.441" durationms="8.932" />

</verbosegc>

