<?xml version="1.0" ?>

<verbosegc xmlns="http://www.ibm.com/j9/verbosegc" version="08cc62e_CMPRSS">

<initialized id="1" timestamp="2019-08-02T23:54:15.721">
  <attribute name="gcPolicy" value="-Xgcpolicy:balanced" />
  <attribute name="elasticGC enabled" value="1" />
  <attribute name= "numThreadsSpecified" value="0" />
  <attribute name="heapSize specified" value="0" />
  <attribute name= "numCores" value="0" />
  <attribute name ="GC Interval" value="0" />
  <attribute name="GC Util Range Max" value="0" />
  <attribute name="Current GC Util" value="0" />
  <attribute name= "Current Time Running" value="0" />
  <attribute name="maxHeapSize" value="0x7cb00000" />
  <attribute name="initialHeapSize" value="0x800000" />
  <attribute name="compressedRefs" value="true" />
  <attribute name="compressedRefsDisplacement" value="0x0" />
  <attribute name="compressedRefsShift" value="0x0" />
  <attribute name="pageSize" value="0x1000" />
  <attribute name="pageType" value="not used" />
  <attribute name="requestedPageSize" value="0x1000" />
  <attribute name="requestedPageType" value="not used" />
  <attribute name="gcthreads" value="8" />
  <attribute name="packetListSplit" value="8" />
  <attribute name="cacheListSplit" value="8" />
  <attribute name="splitFreeListSplitAmount" value="1" />
  <attribute name="numaNodes" value="0" />
  <region>
    <attribute name="regionSize" value="1048576" />
    <attribute name="regionCount" value="1995" />
    <attribute name="arrayletLeafSize" value="1048576" />
  </region>
  <system>
    <attribute name="physicalMemory" value="8370401280" />
    <attribute name="numCPUs" value="8" />
    <attribute name="architecture" value="amd64" />
    <attribute name="os" value="Linux" />
    <attribute name="osVersion" value="4.4.0-154-generic" />
  </system>
  <vmargs>
    <vmarg name="-Xoptionsfile=/vagrant/jdk/lib/options.default" />
    <vmarg name="-Xlockword:mode=default,noLockword=java/lang/String,noLockword=java/util/MapEntry,noLockword=java/util/HashMap$Entry,noLockword..." />
    <vmarg name="-Xjcl:jclse29" />
    <vmarg name="-Dcom.ibm.oti.vm.bootstrap.library.path=/vagrant/jdk/lib/compressedrefs:/vagrant/jdk/lib" />
    <vmarg name="-Dsun.boot.library.path=/vagrant/jdk/lib/compressedrefs:/vagrant/jdk/lib" />
    <vmarg name="-Djava.library.path=/vagrant/jdk/lib/compressedrefs:/vagrant/jdk/lib:/usr/lib64:/usr/lib" />
    <vmarg name="-Djava.home=/vagrant/jdk" />
    <vmarg name="-Duser.dir=/vagrant" />
    <vmarg name="-Xgcpolicy:balanced" />
    <vmarg name="-Xgcelastic" />
    <vmarg name="-Xcheck:gc:::elasticGC" />
    <vmarg name="-verbose:gc" />
    <vmarg name="-Xloggc:jdkI-small-BAL-8core-verbose16jython.txt" />
    <vmarg name="-Djava.class.path=dacapo-9.12-MR1-bach.jar" />
    <vmarg name="-Dsun.java.command=dacapo-9.12-MR1-bach.jar jython --size=small" />
    <vmarg name="-Dsun.java.launcher=SUN_STANDARD" />
    <vmarg name="-Dsun.java.launcher.pid=24672" />
  </vmargs>
</initialized>

<exclusive-start id="2" timestamp="2019-08-02T23:54:17.575" intervalms="1853.174">
  <response-info timems="0.022" idlems="0.022" threads="0" lastid="0000000001FB8A00" lastname="main" />
</exclusive-start>
<allocation-taxation id="3" taxation-threshold="8388608" timestamp="2019-08-02T23:54:17.575" intervalms="1853.442" />
<cycle-start id="4" type="partial gc" contextid="0" timestamp="2019-08-02T23:54:17.575" intervalms="1853.676" />
<gc-start id="5" type="partial gc" contextid="4" timestamp="2019-08-02T23:54:17.575">
  <mem-info id="6" free="0" total="8388608" percent="0">
    <mem type="eden" free="264" total="8388608" percent="0" />
    <remembered-set count="0" freebytes="334848" totalbytes="334848" percent="100" regionsoverflowed="0" regionsstable="0" regionsrebuilding="0"/>
  </mem-info>
</gc-start>
<allocation-stats totalBytes="8329080" >
  <allocated-bytes non-tlh="357600" tlh="7971480" arrayletleaf="0"/>
  <largest-consumer threadName="main" threadId="0000000001FB8A00" bytes="8236128" />
</allocation-stats>
<gc-op id="7" type="mark" timems="4.073" contextid="4" timestamp="2019-08-02T23:54:17.581">
  <trace-info objectcount="17744" scancount="14048" scanbytes="461824" />
  <remembered-set-cleared processed="0" cleared="0" durationms="0.174" />
  <finalization candidates="14" enqueued="1" />
  <references type="soft" candidates="63" cleared="0" enqueued="0" dynamicThreshold="32" maxThreshold="32" />
  <references type="weak" candidates="544" cleared="401" enqueued="362" />
  <references type="phantom" candidates="105" cleared="44" enqueued="44" />
  <stringconstants candidates="2406" cleared="0"  />
  <warning details="Mark for calibration purposes" />
</gc-op>
<gc-op id="8" type="classunload" timems="0.046" contextid="4" timestamp="2019-08-02T23:54:17.581">
  <classunload-info classloadercandidates="5" classloadersunloaded="0" classesunloaded="0" anonymousclassesunloaded="0" quiescems="0.000" setupms="0.046" scanms="0.000" postms="0.000" />
</gc-op>
<gc-op id="9" type="sweep" timems="0.671" contextid="4" timestamp="2019-08-02T23:54:17.582" />
<gc-op id="10" type="compact" timems="4.873" contextid="4" timestamp="2019-08-02T23:54:17.587">
  <compact-info movecount="17645" movebytes="963008" />
  <remembered-set-cleared processed="0" cleared="0" durationms="0.174" />
</gc-op>
<gc-end id="11" type="partial gc" contextid="4" durationms="12.820" usertimems="8.000" systemtimems="4.000" timestamp="2019-08-02T23:54:17.588" activeThreads="8">
  <mem-info id="12" free="7340032" total="8388608" percent="87">
    <mem type="eden" free="81080" total="1048576" percent="7" />
    <pending-finalizers system="1" default="0" reference="406" classloader="0" />
    <remembered-set count="0" freebytes="334848" totalbytes="334848" percent="100" regionsoverflowed="0" regionsstable="0" regionsrebuilding="0"/>
  </mem-info>
</gc-end>
<cycle-end id="13" type="partial gc" contextid="4" timestamp="2019-08-02T23:54:17.588" />
  <attribute name="elasticGC enabled" value="1" />
  <attribute name= "numThreadsSpecified" value="0" />
  <attribute name="heapSize specified" value="0" />
  <attribute name= "numCores" value="8" />
  <attribute name ="GC Interval" value="0" />
  <attribute name ="Control flow" value="1" />
  <attribute name="GC Util Range Max" value="167" />
  <attribute name="Current GC Util" value="46" />
  <attribute name= "Current Time Running" value="6" />
<exclusive-end id="14" timestamp="2019-08-02T23:54:17.589" durationms="13.917" />

<exclusive-start id="15" timestamp="2019-08-02T23:54:18.223" intervalms="648.068">
  <response-info timems="0.074" idlems="0.074" threads="0" lastid="0000000001FB8A00" lastname="main" />
</exclusive-start>
<allocation-taxation id="16" taxation-threshold="7340032" timestamp="2019-08-02T23:54:18.223" intervalms="647.962" />
<cycle-start id="17" type="partial gc" contextid="0" timestamp="2019-08-02T23:54:18.223" intervalms="647.890" />
<gc-start id="18" type="partial gc" contextid="17" timestamp="2019-08-02T23:54:18.223">
  <mem-info id="19" free="0" total="8388608" percent="0">
    <mem type="eden" free="0" total="7340032" percent="0" />
    <remembered-set count="0" freebytes="334848" totalbytes="334848" percent="100" regionsoverflowed="0" regionsstable="0" regionsrebuilding="0"/>
  </mem-info>
</gc-start>
<allocation-stats totalBytes="7329112" >
  <allocated-bytes non-tlh="569856" tlh="6759256" arrayletleaf="0"/>
  <largest-consumer threadName="main" threadId="0000000001FB8A00" bytes="7320832" />
</allocation-stats>
<gc-op id="20" type="mark" timems="2.261" contextid="17" timestamp="2019-08-02T23:54:18.226">
  <trace-info objectcount="19052" scancount="15088" scanbytes="512200" />
  <remembered-set-cleared processed="0" cleared="0" durationms="0.059" />
  <finalization candidates="22" enqueued="0" />
  <ownableSynchronizers candidates="16" cleared="0" />
  <references type="soft" candidates="67" cleared="0" enqueued="0" dynamicThreshold="28" maxThreshold="32" />
  <references type="weak" candidates="682" cleared="364" enqueued="256" />
  <references type="phantom" candidates="88" cleared="2" enqueued="2" />
  <stringconstants candidates="2592" cleared="0"  />
  <warning details="Mark invoked due to insufficient free space for Copy-Forward" />
</gc-op>
<gc-op id="21" type="classunload" timems="0.001" contextid="17" timestamp="2019-08-02T23:54:18.226">
  <classunload-info classloadercandidates="6" classloadersunloaded="0" classesunloaded="0" anonymousclassesunloaded="0" quiescems="0.000" setupms="0.001" scanms="0.000" postms="0.000" />
</gc-op>
<gc-op id="22" type="sweep" timems="0.429" contextid="17" timestamp="2019-08-02T23:54:18.227" />
<gc-op id="23" type="compact" timems="3.224" contextid="17" timestamp="2019-08-02T23:54:18.230">
  <compact-info movecount="18453" movebytes="1485680" />
  <remembered-set-cleared processed="0" cleared="0" durationms="0.059" />
</gc-op>
<gc-end id="24" type="partial gc" contextid="17" durationms="7.385" usertimems="4.000" systemtimems="4.000" timestamp="2019-08-02T23:54:18.231" activeThreads="1">
  <mem-info id="25" free="6291456" total="8388608" percent="75">
    <mem type="eden" free="318392" total="1048576" percent="30" />
    <pending-finalizers system="0" default="0" reference="258" classloader="0" />
    <remembered-set count="1184" freebytes="330112" totalbytes="334848" percent="98" regionsoverflowed="0" regionsstable="0" regionsrebuilding="0"/>
  </mem-info>
</gc-end>
<cycle-end id="26" type="partial gc" contextid="17" timestamp="2019-08-02T23:54:18.231" />
  <attribute name="elasticGC enabled" value="1" />
  <attribute name= "numThreadsSpecified" value="1" />
  <attribute name="heapSize specified" value="0" />
  <attribute name= "numCores" value="8" />
  <attribute name ="GC Interval" value="0" />
  <attribute name ="Control flow" value="3" />
  <attribute name="GC Util Range Max" value="167" />
  <attribute name="Current GC Util" value="28" />
  <attribute name= "Current Time Running" value="651" />
<exclusive-end id="27" timestamp="2019-08-02T23:54:18.231" durationms="8.499" />

<exclusive-start id="28" timestamp="2019-08-02T23:54:18.370" intervalms="146.952">
  <response-info timems="0.063" idlems="0.063" threads="0" lastid="0000000001FB8A00" lastname="main" />
</exclusive-start>
<allocation-taxation id="29" taxation-threshold="3145728" timestamp="2019-08-02T23:54:18.370" intervalms="146.888" />
<cycle-start id="30" type="global mark phase" contextid="0" timestamp="2019-08-02T23:54:18.370" intervalms="2648.479" />
<gc-start id="31" type="global mark phase" contextid="30" timestamp="2019-08-02T23:54:18.370">
  <mem-info id="32" free="3145728" total="8388608" percent="37">
    <remembered-set count="928" freebytes="331136" totalbytes="334848" percent="98" regionsoverflowed="0" regionsstable="0" regionsrebuilding="0"/>
  </mem-info>
</gc-start>
<gc-op id="33" type="mark increment" timems="0.810" contextid="30" timestamp="2019-08-02T23:54:18.371">
  <trace-info objectcount="139" scancount="0" scanbytes="0" />
</gc-op>
<gc-end id="34" type="global mark phase" contextid="30" durationms="0.957" usertimems="0.000" systemtimems="0.000" timestamp="2019-08-02T23:54:18.371" activeThreads="1">
  <mem-info id="35" free="3145728" total="8388608" percent="37">
    <remembered-set count="928" freebytes="331136" totalbytes="334848" percent="98" regionsoverflowed="0" regionsstable="0" regionsrebuilding="0"/>
  </mem-info>
</gc-end>
<concurrent-start id="36" type="GMP work packet processing" contextid="30" timestamp="2019-08-02T23:54:18.371">
  <concurrent-mark-start scanTarget="18446744073709551615" />
</concurrent-start>
<exclusive-end id="37" timestamp="2019-08-02T23:54:18.371" durationms="1.460" />

<concurrent-end id="38" type="GMP work packet processing" contextid="30" timestamp="2019-08-02T23:54:18.373">
  <concurrent-mark-end bytesScanned="783116" reasonForTermination="Completed all work in GC phase" />
</concurrent-end>

<exclusive-start id="39" timestamp="2019-08-02T23:54:18.466" intervalms="95.970">
  <response-info timems="0.042" idlems="0.042" threads="0" lastid="0000000001FB8A00" lastname="main" />
</exclusive-start>
<allocation-taxation id="40" taxation-threshold="3145728" timestamp="2019-08-02T23:54:18.466" intervalms="95.972" />
<cycle-start id="41" type="partial gc" contextid="0" timestamp="2019-08-02T23:54:18.466" intervalms="242.785" />
<gc-start id="42" type="partial gc" contextid="41" timestamp="2019-08-02T23:54:18.466">
  <mem-info id="43" free="0" total="8388608" percent="0">
    <mem type="eden" free="0" total="6291456" percent="0" />
    <remembered-set count="928" freebytes="331136" totalbytes="334848" percent="98" regionsoverflowed="0" regionsstable="0" regionsrebuilding="0"/>
  </mem-info>
</gc-start>
<allocation-stats totalBytes="6287120" >
  <allocated-bytes non-tlh="317712" tlh="5969408" arrayletleaf="0"/>
  <largest-consumer threadName="main" threadId="0000000001FB8A00" bytes="3144080" />
</allocation-stats>
<gc-op id="44" type="mark" timems="2.107" contextid="41" timestamp="2019-08-02T23:54:18.469">
  <trace-info objectcount="20280" scancount="16259" scanbytes="547648" />
  <cardclean-info objects="739" bytes="33664" />
  <remembered-set-cleared processed="206" cleared="206" durationms="0.044" />
  <finalization candidates="50" enqueued="1" />
  <ownableSynchronizers candidates="17" cleared="0" />
  <references type="soft" candidates="358" cleared="0" enqueued="0" dynamicThreshold="12" maxThreshold="32" />
  <references type="weak" candidates="1254" cleared="157" enqueued="143" />
  <references type="phantom" candidates="41" cleared="4" enqueued="4" />
  <stringconstants candidates="4540" cleared="0"  />
  <warning details="Mark invoked due to insufficient free space for Copy-Forward" />
</gc-op>
<gc-op id="45" type="classunload" timems="0.002" contextid="41" timestamp="2019-08-02T23:54:18.469">
  <classunload-info classloadercandidates="10" classloadersunloaded="0" classesunloaded="0" anonymousclassesunloaded="0" quiescems="0.000" setupms="0.002" scanms="0.000" postms="0.000" />
</gc-op>
<gc-op id="46" type="sweep" timems="0.389" contextid="41" timestamp="2019-08-02T23:54:18.469" />
<gc-op id="47" type="compact" timems="2.102" contextid="41" timestamp="2019-08-02T23:54:18.472">
  <compact-info movecount="20214" movebytes="1377048" />
  <remembered-set-cleared processed="3279" cleared="3279" durationms="0.057" />
</gc-op>
<heap-resize id="48" type="contract" space="default" amount="1048576" count="1" timems="0.155" reason="insufficient time being spent in gc" timestamp="2019-08-02T23:54:18.472" />
<gc-end id="49" type="partial gc" contextid="41" durationms="6.333" usertimems="4.000" systemtimems="0.000" timestamp="2019-08-02T23:54:18.472" activeThreads="2">
  <mem-info id="50" free="4194304" total="7340032" percent="57">
    <mem type="eden" free="372832" total="1048576" percent="35" />
    <pending-finalizers system="1" default="0" reference="147" classloader="0" />
    <remembered-set count="2784" freebytes="323712" totalbytes="334848" percent="96" regionsoverflowed="0" regionsstable="0" regionsrebuilding="0"/>
  </mem-info>
</gc-end>
<cycle-end id="51" type="partial gc" contextid="41" timestamp="2019-08-02T23:54:18.472" />
  <attribute name="elasticGC enabled" value="1" />
  <attribute name= "numThreadsSpecified" value="2" />
  <attribute name="heapSize specified" value="0" />
  <attribute name= "numCores" value="8" />
  <attribute name ="GC Interval" value="0" />
  <attribute name ="Control flow" value="3" />
  <attribute name="GC Util Range Max" value="167" />
  <attribute name="Current GC Util" value="9" />
  <attribute name= "Current Time Running" value="893" />
<exclusive-end id="52" timestamp="2019-08-02T23:54:18.473" durationms="7.037" />

<exclusive-start id="53" timestamp="2019-08-02T23:54:21.735" intervalms="3269.210">
  <response-info timems="0.057" idlems="0.057" threads="0" lastid="0000000001FB8A00" lastname="main" />
</exclusive-start>
<allocation-taxation id="54" taxation-threshold="2097152" timestamp="2019-08-02T23:54:21.735" intervalms="3269.226" />
<gc-start id="55" type="global mark phase" contextid="30" timestamp="2019-08-02T23:54:21.735">
  <mem-info id="56" free="2097152" total="7340032" percent="28">
    <remembered-set count="2528" freebytes="324736" totalbytes="334848" percent="96" regionsoverflowed="0" regionsstable="0" regionsrebuilding="0"/>
  </mem-info>
</gc-start>
<gc-op id="57" type="mark increment" timems="3.085" contextid="30" timestamp="2019-08-02T23:54:21.738">
  <trace-info objectcount="22555" scancount="18245" scanbytes="621264" />
  <cardclean-info objects="894" bytes="40016" />
  <finalization candidates="62" enqueued="0" />
  <ownableSynchronizers candidates="17" cleared="0" />
  <references type="soft" candidates="584" cleared="0" enqueued="0" dynamicThreshold="18" maxThreshold="32" />
  <references type="weak" candidates="1415" cleared="6" enqueued="6" />
  <references type="phantom" candidates="96" cleared="2" enqueued="2" />
  <stringconstants candidates="4893" cleared="0"  />
</gc-op>
<gc-op id="58" type="classunload" timems="0.003" contextid="30" timestamp="2019-08-02T23:54:21.738">
  <classunload-info classloadercandidates="10" classloadersunloaded="0" classesunloaded="0" anonymousclassesunloaded="0" quiescems="0.000" setupms="0.002" scanms="0.000" postms="0.000" />
</gc-op>
<gc-end id="59" type="global mark phase" contextid="30" durationms="3.513" usertimems="4.000" systemtimems="0.000" timestamp="2019-08-02T23:54:21.739" activeThreads="8">
  <mem-info id="60" free="2097152" total="7340032" percent="28">
    <pending-finalizers system="0" default="0" reference="8" classloader="0" />
    <remembered-set count="2528" freebytes="324736" totalbytes="334848" percent="96" regionsoverflowed="0" regionsstable="0" regionsrebuilding="0"/>
  </mem-info>
</gc-end>
<cycle-end id="61" type="global mark phase" contextid="30" timestamp="2019-08-02T23:54:21.739" />
  <attribute name="elasticGC enabled" value="1" />
  <attribute name= "numThreadsSpecified" value="2" />
  <attribute name="heapSize specified" value="0" />
  <attribute name= "numCores" value="8" />
  <attribute name ="GC Interval" value="0" />
  <attribute name ="Control flow" value="1" />
  <attribute name="GC Util Range Max" value="167" />
  <attribute name="Current GC Util" value="82" />
  <attribute name= "Current Time Running" value="4160" />
<exclusive-end id="62" timestamp="2019-08-02T23:54:21.739" durationms="3.930" />

<exclusive-start id="63" timestamp="2019-08-02T23:54:21.798" intervalms="63.377">
  <response-info timems="0.059" idlems="0.059" threads="0" lastid="0000000001FB8A00" lastname="main" />
</exclusive-start>
<allocation-taxation id="64" taxation-threshold="2097152" timestamp="2019-08-02T23:54:21.798" intervalms="63.397" />
<cycle-start id="65" type="partial gc" contextid="0" timestamp="2019-08-02T23:54:21.798" intervalms="3332.664" />
<gc-start id="66" type="partial gc" contextid="65" timestamp="2019-08-02T23:54:21.799">
  <mem-info id="67" free="0" total="7340032" percent="0">
    <mem type="eden" free="372832" total="5242880" percent="7" />
    <remembered-set count="2528" freebytes="324736" totalbytes="334848" percent="96" regionsoverflowed="0" regionsstable="0" regionsrebuilding="0"/>
  </mem-info>
</gc-start>
<allocation-stats totalBytes="4164344" >
  <allocated-bytes non-tlh="78416" tlh="4085928" arrayletleaf="0"/>
  <largest-consumer threadName="main" threadId="0000000001FB8A00" bytes="2073200" />
</allocation-stats>
<gc-op id="68" type="sweep" timems="0.380" contextid="65" timestamp="2019-08-02T23:54:21.799" />
<gc-op id="69" type="mark" timems="3.041" contextid="65" timestamp="2019-08-02T23:54:21.803">
  <trace-info objectcount="22589" scancount="18093" scanbytes="604656" />
  <cardclean-info objects="1033" bytes="57464" />
  <remembered-set-cleared processed="0" cleared="0" durationms="0.051" />
  <finalization candidates="43" enqueued="0" />
  <ownableSynchronizers candidates="1" cleared="0" />
  <references type="soft" candidates="562" cleared="0" enqueued="0" dynamicThreshold="9" maxThreshold="32" />
  <references type="weak" candidates="1216" cleared="24" enqueued="24" />
  <references type="phantom" candidates="10" cleared="1" enqueued="1" />
  <stringconstants candidates="5080" cleared="0"  />
  <warning details="Mark invoked due to insufficient free space for Copy-Forward" />
</gc-op>
<gc-op id="70" type="classunload" timems="0.003" contextid="65" timestamp="2019-08-02T23:54:21.803">
  <classunload-info classloadercandidates="10" classloadersunloaded="0" classesunloaded="0" anonymousclassesunloaded="0" quiescems="0.000" setupms="0.002" scanms="0.000" postms="0.000" />
</gc-op>
<gc-op id="71" type="sweep" timems="0.466" contextid="65" timestamp="2019-08-02T23:54:21.804" />
<gc-op id="72" type="compact" timems="4.406" contextid="65" timestamp="2019-08-02T23:54:21.808">
  <compact-info movecount="22541" movebytes="882728" />
  <remembered-set-cleared processed="5688" cleared="5565" durationms="0.082" />
</gc-op>
<heap-resize id="73" type="expand" space="default" amount="1048576" count="1" timems="0.050" reason="insufficient free space following gc" timestamp="2019-08-02T23:54:21.809" />
<gc-end id="74" type="partial gc" contextid="65" durationms="10.246" usertimems="16.000" systemtimems="0.000" timestamp="2019-08-02T23:54:21.809" activeThreads="8">
  <mem-info id="75" free="4194304" total="8388608" percent="50">
    <mem type="eden" free="1212456" total="2097152" percent="57" />
    <pending-finalizers system="0" default="0" reference="25" classloader="0" />
    <remembered-set count="3744" freebytes="319872" totalbytes="334848" percent="95" regionsoverflowed="0" regionsstable="0" regionsrebuilding="0"/>
  </mem-info>
</gc-end>
<cycle-end id="76" type="partial gc" contextid="65" timestamp="2019-08-02T23:54:21.809" />
  <attribute name="elasticGC enabled" value="1" />
  <attribute name= "numThreadsSpecified" value="3" />
  <attribute name="heapSize specified" value="0" />
  <attribute name= "numCores" value="8" />
  <attribute name ="GC Interval" value="0" />
  <attribute name ="Control flow" value="3" />
  <attribute name="GC Util Range Max" value="167" />
  <attribute name="Current GC Util" value="38" />
  <attribute name= "Current Time Running" value="4227" />
<exclusive-end id="77" timestamp="2019-08-02T23:54:21.809" durationms="11.232" />

<exclusive-start id="78" timestamp="2019-08-02T23:54:21.874" intervalms="76.048">
  <response-info timems="0.033" idlems="0.033" threads="0" lastid="0000000001FB8A00" lastname="main" />
</exclusive-start>
<allocation-taxation id="79" taxation-threshold="2097152" timestamp="2019-08-02T23:54:21.874" intervalms="76.007" />
<cycle-start id="80" type="global mark phase" contextid="0" timestamp="2019-08-02T23:54:21.874" intervalms="3504.494" />
<gc-start id="81" type="global mark phase" contextid="80" timestamp="2019-08-02T23:54:21.874">
  <mem-info id="82" free="2097152" total="8388608" percent="25">
    <remembered-set count="3616" freebytes="320384" totalbytes="334848" percent="95" regionsoverflowed="0" regionsstable="0" regionsrebuilding="0"/>
  </mem-info>
</gc-start>
<gc-op id="83" type="mark increment" timems="0.561" contextid="80" timestamp="2019-08-02T23:54:21.875">
  <trace-info objectcount="126" scancount="0" scanbytes="0" />
</gc-op>
<gc-end id="84" type="global mark phase" contextid="80" durationms="0.673" usertimems="0.000" systemtimems="0.000" timestamp="2019-08-02T23:54:21.875" activeThreads="3">
  <mem-info id="85" free="2097152" total="8388608" percent="25">
    <remembered-set count="3616" freebytes="320384" totalbytes="334848" percent="95" regionsoverflowed="0" regionsstable="0" regionsrebuilding="0"/>
  </mem-info>
</gc-end>
<concurrent-start id="86" type="GMP work packet processing" contextid="80" timestamp="2019-08-02T23:54:21.875">
  <concurrent-mark-start scanTarget="18446744073709551615" />
</concurrent-start>
<exclusive-end id="87" timestamp="2019-08-02T23:54:21.875" durationms="1.075" />

<concurrent-end id="88" type="GMP work packet processing" contextid="80" timestamp="2019-08-02T23:54:21.877">
  <concurrent-mark-end bytesScanned="1169812" reasonForTermination="Completed all work in GC phase" />
</concurrent-end>

<exclusive-start id="89" timestamp="2019-08-02T23:54:21.933" intervalms="59.070">
  <response-info timems="0.041" idlems="0.041" threads="0" lastid="0000000002736C00" lastname="process reaper" />
</exclusive-start>
<allocation-taxation id="90" taxation-threshold="2097152" timestamp="2019-08-02T23:54:21.933" intervalms="59.073" />
<cycle-start id="91" type="partial gc" contextid="0" timestamp="2019-08-02T23:54:21.934" intervalms="135.127" />
<gc-start id="92" type="partial gc" contextid="91" timestamp="2019-08-02T23:54:21.934">
  <mem-info id="93" free="0" total="8388608" percent="0">
    <mem type="eden" free="792928" total="5242880" percent="15" />
    <remembered-set count="3616" freebytes="320384" totalbytes="334848" percent="95" regionsoverflowed="0" regionsstable="0" regionsrebuilding="0"/>
  </mem-info>
</gc-start>
<allocation-stats totalBytes="4189328" >
  <allocated-bytes non-tlh="122952" tlh="4066376" arrayletleaf="0"/>
  <largest-consumer threadName="main" threadId="0000000001FB8A00" bytes="2091480" />
</allocation-stats>
<gc-op id="94" type="mark" timems="1.966" contextid="91" timestamp="2019-08-02T23:54:21.936">
  <trace-info objectcount="15439" scancount="13304" scanbytes="481720" />
  <cardclean-info objects="1702" bytes="77520" />
  <remembered-set-cleared processed="2431" cleared="1062" durationms="0.085" />
  <finalization candidates="12" enqueued="0" />
  <ownableSynchronizers candidates="3" cleared="0" />
  <references type="soft" candidates="441" cleared="0" enqueued="0" dynamicThreshold="8" maxThreshold="32" />
  <references type="weak" candidates="2010" cleared="434" enqueued="286" />
  <references type="phantom" candidates="3" cleared="1" enqueued="1" />
  <stringconstants candidates="6040" cleared="0"  />
  <warning details="Mark invoked due to insufficient free space for Copy-Forward" />
</gc-op>
<gc-op id="95" type="classunload" timems="0.002" contextid="91" timestamp="2019-08-02T23:54:21.937">
  <classunload-info classloadercandidates="11" classloadersunloaded="0" classesunloaded="0" anonymousclassesunloaded="0" quiescems="0.000" setupms="0.002" scanms="0.000" postms="0.000" />
</gc-op>
<gc-op id="96" type="sweep" timems="0.322" contextid="91" timestamp="2019-08-02T23:54:21.937" />
<gc-op id="97" type="compact" timems="2.834" contextid="91" timestamp="2019-08-02T23:54:21.940">
  <compact-info movecount="15408" movebytes="700336" />
  <remembered-set-cleared processed="12121" cleared="9347" durationms="0.097" />
</gc-op>
<heap-resize id="98" type="expand" space="default" amount="3145728" count="1" timems="0.070" reason="insufficient free space following gc" timestamp="2019-08-02T23:54:21.940" />
<gc-end id="99" type="partial gc" contextid="91" durationms="6.784" usertimems="12.000" systemtimems="0.000" timestamp="2019-08-02T23:54:21.941" activeThreads="2">
  <mem-info id="100" free="6291456" total="11534336" percent="54">
    <mem type="eden" free="1395504" total="2097152" percent="66" />
    <pending-finalizers system="0" default="0" reference="287" classloader="0" />
    <remembered-set count="5440" freebytes="438656" totalbytes="460416" percent="95" regionsoverflowed="0" regionsstable="0" regionsrebuilding="0"/>
  </mem-info>
</gc-end>
<cycle-end id="101" type="partial gc" contextid="91" timestamp="2019-08-02T23:54:21.941" />
  <attribute name="elasticGC enabled" value="1" />
  <attribute name= "numThreadsSpecified" value="2" />
  <attribute name="heapSize specified" value="0" />
  <attribute name= "numCores" value="8" />
  <attribute name ="GC Interval" value="0" />
  <attribute name ="Control flow" value="3" />
  <attribute name="GC Util Range Max" value="167" />
  <attribute name="Current GC Util" value="14" />
  <attribute name= "Current Time Running" value="4361" />
<exclusive-end id="102" timestamp="2019-08-02T23:54:21.941" durationms="7.733" />

<exclusive-start id="103" timestamp="2019-08-02T23:54:22.009" intervalms="76.105">
  <response-info timems="0.069" idlems="0.069" threads="0" lastid="0000000001FB8A00" lastname="main" />
</exclusive-start>
<allocation-taxation id="104" taxation-threshold="3145728" timestamp="2019-08-02T23:54:22.010" intervalms="76.148" />
<gc-start id="105" type="global mark phase" contextid="80" timestamp="2019-08-02T23:54:22.010">
  <mem-info id="106" free="3145728" total="11534336" percent="27">
    <remembered-set count="5344" freebytes="439040" totalbytes="460416" percent="95" regionsoverflowed="0" regionsstable="0" regionsrebuilding="0"/>
  </mem-info>
</gc-start>
<gc-op id="107" type="mark increment" timems="1.909" contextid="80" timestamp="2019-08-02T23:54:22.012">
  <trace-info objectcount="18750" scancount="15786" scanbytes="574448" />
  <cardclean-info objects="2523" bytes="109692" />
  <finalization candidates="80" enqueued="0" />
  <ownableSynchronizers candidates="21" cleared="0" />
  <references type="soft" candidates="968" cleared="0" enqueued="0" dynamicThreshold="17" maxThreshold="32" />
  <references type="weak" candidates="3186" cleared="231" enqueued="158" />
  <references type="phantom" candidates="104" cleared="3" enqueued="3" />
  <stringconstants candidates="6415" cleared="0"  />
</gc-op>
<gc-op id="108" type="classunload" timems="0.004" contextid="80" timestamp="2019-08-02T23:54:22.012">
  <classunload-info classloadercandidates="11" classloadersunloaded="0" classesunloaded="0" anonymousclassesunloaded="0" quiescems="0.000" setupms="0.004" scanms="0.000" postms="0.000" />
</gc-op>
<gc-end id="109" type="global mark phase" contextid="80" durationms="2.308" usertimems="4.000" systemtimems="0.000" timestamp="2019-08-02T23:54:22.012" activeThreads="2">
  <mem-info id="110" free="3145728" total="11534336" percent="27">
    <pending-finalizers system="0" default="0" reference="161" classloader="0" />
    <remembered-set count="5344" freebytes="439040" totalbytes="460416" percent="95" regionsoverflowed="0" regionsstable="0" regionsrebuilding="0"/>
  </mem-info>
</gc-end>
<cycle-end id="111" type="global mark phase" contextid="80" timestamp="2019-08-02T23:54:22.012" />
  <attribute name="elasticGC enabled" value="1" />
  <attribute name= "numThreadsSpecified" value="2" />
  <attribute name="heapSize specified" value="0" />
  <attribute name= "numCores" value="8" />
  <attribute name ="GC Interval" value="0" />
  <attribute name ="Control flow" value="3" />
  <attribute name="GC Util Range Max" value="167" />
  <attribute name="Current GC Util" value="92" />
  <attribute name= "Current Time Running" value="4435" />
<exclusive-end id="112" timestamp="2019-08-02T23:54:22.012" durationms="2.825" />

<exclusive-start id="113" timestamp="2019-08-02T23:54:22.098" intervalms="88.586">
  <response-info timems="0.027" idlems="0.027" threads="0" lastid="0000000001FB8A00" lastname="main" />
</exclusive-start>
<allocation-taxation id="114" taxation-threshold="3145728" timestamp="2019-08-02T23:54:22.098" intervalms="88.539" />
<cycle-start id="115" type="partial gc" contextid="0" timestamp="2019-08-02T23:54:22.098" intervalms="164.592" />
<gc-start id="116" type="partial gc" contextid="115" timestamp="2019-08-02T23:54:22.098">
  <mem-info id="117" free="0" total="11534336" percent="0">
    <mem type="eden" free="0" total="6291456" percent="0" />
    <remembered-set count="5344" freebytes="439040" totalbytes="460416" percent="95" regionsoverflowed="0" regionsstable="0" regionsrebuilding="0"/>
  </mem-info>
</gc-start>
<allocation-stats totalBytes="6203552" >
  <allocated-bytes non-tlh="1447904" tlh="4755648" arrayletleaf="0"/>
  <largest-consumer threadName="main" threadId="0000000001FB8A00" bytes="3131712" />
</allocation-stats>
<gc-op id="118" type="sweep" timems="0.531" contextid="115" timestamp="2019-08-02T23:54:22.099" />
<gc-op id="119" type="mark" timems="2.940" contextid="115" timestamp="2019-08-02T23:54:22.102">
  <trace-info objectcount="20038" scancount="16352" scanbytes="646928" />
  <cardclean-info objects="1356" bytes="72948" />
  <remembered-set-cleared processed="4039" cleared="1834" durationms="0.067" />
  <finalization candidates="15" enqueued="0" />
  <ownableSynchronizers candidates="4" cleared="0" />
  <references type="soft" candidates="393" cleared="0" enqueued="0" dynamicThreshold="8" maxThreshold="32" />
  <references type="weak" candidates="1532" cleared="3" enqueued="3" />
  <references type="phantom" candidates="6" cleared="0" enqueued="0" />
  <stringconstants candidates="6845" cleared="0"  />
  <warning details="Mark invoked due to insufficient free space for Copy-Forward" />
</gc-op>
<gc-op id="120" type="classunload" timems="0.003" contextid="115" timestamp="2019-08-02T23:54:22.102">
  <classunload-info classloadercandidates="11" classloadersunloaded="0" classesunloaded="0" anonymousclassesunloaded="0" quiescems="0.000" setupms="0.003" scanms="0.000" postms="0.000" />
</gc-op>
<gc-op id="121" type="sweep" timems="0.437" contextid="115" timestamp="2019-08-02T23:54:22.103" />
<gc-op id="122" type="compact" timems="2.305" contextid="115" timestamp="2019-08-02T23:54:22.106">
  <compact-info movecount="19829" movebytes="1458048" />
  <remembered-set-cleared processed="13170" cleared="8743" durationms="0.080" />
</gc-op>
<heap-resize id="123" type="expand" space="default" amount="1048576" count="1" timems="0.055" reason="insufficient free space following gc" timestamp="2019-08-02T23:54:22.106" />
<gc-end id="124" type="partial gc" contextid="115" durationms="7.738" usertimems="8.000" systemtimems="0.000" timestamp="2019-08-02T23:54:22.106" activeThreads="2">
  <mem-info id="125" free="5242880" total="12582912" percent="41">
    <mem type="eden" free="849464" total="2097152" percent="40" />
    <pending-finalizers system="0" default="0" reference="3" classloader="0" />
    <remembered-set count="7552" freebytes="472064" totalbytes="502272" percent="93" regionsoverflowed="0" regionsstable="0" regionsrebuilding="0"/>
  </mem-info>
</gc-end>
<cycle-end id="126" type="partial gc" contextid="115" timestamp="2019-08-02T23:54:22.106" />
  <attribute name="elasticGC enabled" value="1" />
  <attribute name= "numThreadsSpecified" value="2" />
  <attribute name="heapSize specified" value="0" />
  <attribute name= "numCores" value="8" />
  <attribute name ="GC Interval" value="0" />
  <attribute name ="Control flow" value="3" />
  <attribute name="GC Util Range Max" value="167" />
  <attribute name="Current GC Util" value="36" />
  <attribute name= "Current Time Running" value="4527" />
<exclusive-end id="127" timestamp="2019-08-02T23:54:22.107" durationms="8.567" />

<exclusive-start id="128" timestamp="2019-08-02T23:54:22.161" intervalms="63.186">
  <response-info timems="0.034" idlems="0.034" threads="0" lastid="0000000001FB8A00" lastname="main" />
</exclusive-start>
<allocation-taxation id="129" taxation-threshold="2097152" timestamp="2019-08-02T23:54:22.161" intervalms="63.191" />
<cycle-start id="130" type="global mark phase" contextid="0" timestamp="2019-08-02T23:54:22.161" intervalms="286.954" />
<gc-start id="131" type="global mark phase" contextid="130" timestamp="2019-08-02T23:54:22.161">
  <mem-info id="132" free="3145728" total="12582912" percent="25">
    <remembered-set count="7520" freebytes="472192" totalbytes="502272" percent="94" regionsoverflowed="0" regionsstable="0" regionsrebuilding="0"/>
  </mem-info>
</gc-start>
<gc-op id="133" type="mark increment" timems="0.648" contextid="130" timestamp="2019-08-02T23:54:22.162">
  <trace-info objectcount="240" scancount="0" scanbytes="0" />
</gc-op>
<gc-end id="134" type="global mark phase" contextid="130" durationms="0.762" usertimems="0.000" systemtimems="0.000" timestamp="2019-08-02T23:54:22.162" activeThreads="8">
  <mem-info id="135" free="3145728" total="12582912" percent="25">
    <remembered-set count="7520" freebytes="472192" totalbytes="502272" percent="94" regionsoverflowed="0" regionsstable="0" regionsrebuilding="0"/>
  </mem-info>
</gc-end>
<concurrent-start id="136" type="GMP work packet processing" contextid="130" timestamp="2019-08-02T23:54:22.162">
  <concurrent-mark-start scanTarget="18446744073709551615" />
</concurrent-start>
<exclusive-end id="137" timestamp="2019-08-02T23:54:22.162" durationms="1.154" />

<concurrent-end id="138" type="GMP work packet processing" contextid="130" timestamp="2019-08-02T23:54:22.165">
  <concurrent-mark-end bytesScanned="1762652" reasonForTermination="Completed all work in GC phase" />
</concurrent-end>

<exclusive-start id="139" timestamp="2019-08-02T23:54:22.214" intervalms="52.917">
  <response-info timems="0.031" idlems="0.031" threads="0" lastid="0000000001FB8A00" lastname="main" />
</exclusive-start>
<allocation-taxation id="140" taxation-threshold="2097152" timestamp="2019-08-02T23:54:22.214" intervalms="52.935" />
<cycle-start id="141" type="partial gc" contextid="0" timestamp="2019-08-02T23:54:22.214" intervalms="116.138" />
<gc-start id="142" type="partial gc" contextid="141" timestamp="2019-08-02T23:54:22.215">
  <mem-info id="143" free="1048576" total="12582912" percent="8">
    <mem type="eden" free="0" total="4194304" percent="0" />
    <remembered-set count="7520" freebytes="472192" totalbytes="502272" percent="94" regionsoverflowed="0" regionsstable="0" regionsrebuilding="0"/>
  </mem-info>
</gc-start>
<allocation-stats totalBytes="4175144" >
  <allocated-bytes non-tlh="61448" tlh="4113696" arrayletleaf="0"/>
  <largest-consumer threadName="main" threadId="0000000001FB8A00" bytes="2095200" />
</allocation-stats>
<gc-op id="144" type="copy forward" timems="4.414" contextid="141" timestamp="2019-08-02T23:54:22.220">
  <memory-copied type="eden" objects="3643" bytes="162024" bytesdiscarded="170264" />
  <memory-copied type="other" objects="10156" bytes="1241640" bytesdiscarded="93664" />
  <memory-cardclean objects="877" bytes="56088" />
  <regions eden="4" other="2" />
  <remembered-set-cleared processed="4852" cleared="982" durationms="0.095" />
  <finalization candidates="6" enqueued="0" />
  <ownableSynchronizers candidates="1" cleared="0" />
  <references type="soft" candidates="160" cleared="0" enqueued="0" dynamicThreshold="8" maxThreshold="32" />
  <references type="weak" candidates="826" cleared="0" enqueued="0" />
  <references type="phantom" candidates="5" cleared="0" enqueued="0" />
  <stringconstants candidates="7214" cleared="0"  />
  <heap-resize type="expand" space="default" amount="2097152" count="2" timems="0.379" reason="continue current collection" />
</gc-op>
<gc-op id="145" type="classunload" timems="0.002" contextid="141" timestamp="2019-08-02T23:54:22.220">
  <classunload-info classloadercandidates="11" classloadersunloaded="0" classesunloaded="0" anonymousclassesunloaded="0" quiescems="0.000" setupms="0.002" scanms="0.000" postms="0.000" />
</gc-op>
<gc-op id="146" type="compact" timems="5.250" contextid="141" timestamp="2019-08-02T23:54:22.225">
  <compact-info movecount="0" movebytes="0" />
  <remembered-set-cleared processed="11039" cleared="982" durationms="0.095" />
</gc-op>
<gc-end id="147" type="partial gc" contextid="141" durationms="10.968" usertimems="16.000" systemtimems="0.000" timestamp="2019-08-02T23:54:22.225" activeThreads="8">
  <mem-info id="148" free="6291456" total="14680064" percent="42">
    <mem type="eden" free="715896" total="1048576" percent="68" />
    <remembered-set count="7648" freebytes="555392" totalbytes="585984" percent="94" regionsoverflowed="0" regionsstable="0" regionsrebuilding="0"/>
  </mem-info>
</gc-end>
<cycle-end id="149" type="partial gc" contextid="141" timestamp="2019-08-02T23:54:22.226" />
  <attribute name="elasticGC enabled" value="1" />
  <attribute name= "numThreadsSpecified" value="3" />
  <attribute name="heapSize specified" value="0" />
  <attribute name= "numCores" value="8" />
  <attribute name ="GC Interval" value="0" />
  <attribute name ="Control flow" value="3" />
  <attribute name="GC Util Range Max" value="167" />
  <attribute name="Current GC Util" value="74" />
  <attribute name= "Current Time Running" value="4643" />
<exclusive-end id="150" timestamp="2019-08-02T23:54:22.226" durationms="11.887" />

<exclusive-start id="151" timestamp="2019-08-02T23:54:22.289" intervalms="75.312">
  <response-info timems="0.069" idlems="0.069" threads="0" lastid="0000000001FB8A00" lastname="main" />
</exclusive-start>
<allocation-taxation id="152" taxation-threshold="3145728" timestamp="2019-08-02T23:54:22.290" intervalms="75.359" />
<gc-start id="153" type="global mark phase" contextid="130" timestamp="2019-08-02T23:54:22.290">
  <mem-info id="154" free="3145728" total="14680064" percent="21">
    <remembered-set count="7648" freebytes="555392" totalbytes="585984" percent="94" regionsoverflowed="0" regionsstable="0" regionsrebuilding="0"/>
  </mem-info>
</gc-start>
<gc-op id="155" type="mark increment" timems="2.959" contextid="130" timestamp="2019-08-02T23:54:22.293">
  <trace-info objectcount="5852" scancount="5140" scanbytes="192428" />
  <cardclean-info objects="3731" bytes="202152" />
  <finalization candidates="80" enqueued="0" />
  <ownableSynchronizers candidates="21" cleared="0" />
  <references type="soft" candidates="1022" cleared="0" enqueued="0" dynamicThreshold="13" maxThreshold="32" />
  <references type="weak" candidates="3685" cleared="0" enqueued="0" />
  <references type="phantom" candidates="101" cleared="0" enqueued="0" />
  <stringconstants candidates="7389" cleared="0"  />
</gc-op>
<gc-op id="156" type="classunload" timems="0.005" contextid="130" timestamp="2019-08-02T23:54:22.293">
  <classunload-info classloadercandidates="11" classloadersunloaded="0" classesunloaded="0" anonymousclassesunloaded="0" quiescems="0.000" setupms="0.005" scanms="0.000" postms="0.000" />
</gc-op>
<gc-end id="157" type="global mark phase" contextid="130" durationms="3.349" usertimems="4.000" systemtimems="0.000" timestamp="2019-08-02T23:54:22.293" activeThreads="8">
  <mem-info id="158" free="3145728" total="14680064" percent="21">
    <remembered-set count="7648" freebytes="555392" totalbytes="585984" percent="94" regionsoverflowed="0" regionsstable="0" regionsrebuilding="0"/>
  </mem-info>
</gc-end>
<cycle-end id="159" type="global mark phase" contextid="130" timestamp="2019-08-02T23:54:22.293" />
  <attribute name="elasticGC enabled" value="1" />
  <attribute name= "numThreadsSpecified" value="3" />
  <attribute name="heapSize specified" value="0" />
  <attribute name= "numCores" value="8" />
  <attribute name ="GC Interval" value="0" />
  <attribute name ="Control flow" value="3" />
  <attribute name="GC Util Range Max" value="167" />
  <attribute name="Current GC Util" value="108" />
  <attribute name= "Current Time Running" value="4715" />
<exclusive-end id="160" timestamp="2019-08-02T23:54:22.293" durationms="3.949" />

<exclusive-start id="161" timestamp="2019-08-02T23:54:22.340" intervalms="50.577">
  <response-info timems="0.032" idlems="0.032" threads="0" lastid="0000000001FB8A00" lastname="main" />
</exclusive-start>
<allocation-taxation id="162" taxation-threshold="3145728" timestamp="2019-08-02T23:54:22.340" intervalms="50.510" />
<cycle-start id="163" type="partial gc" contextid="0" timestamp="2019-08-02T23:54:22.340" intervalms="125.861" />
<gc-start id="164" type="partial gc" contextid="163" timestamp="2019-08-02T23:54:22.340">
  <mem-info id="165" free="0" total="14680064" percent="0">
    <mem type="eden" free="0" total="6291456" percent="0" />
    <remembered-set count="7648" freebytes="555392" totalbytes="585984" percent="94" regionsoverflowed="0" regionsstable="0" regionsrebuilding="0"/>
  </mem-info>
</gc-start>
<allocation-stats totalBytes="6287264" >
  <allocated-bytes non-tlh="46760" tlh="6240504" arrayletleaf="0"/>
  <largest-consumer threadName="main" threadId="0000000001FB8A00" bytes="3145368" />
</allocation-stats>
<gc-op id="166" type="sweep" timems="0.502" contextid="163" timestamp="2019-08-02T23:54:22.341" />
<gc-op id="167" type="mark" timems="2.979" contextid="163" timestamp="2019-08-02T23:54:22.344">
  <trace-info objectcount="11202" scancount="9781" scanbytes="366196" />
  <cardclean-info objects="2415" bytes="116508" />
  <remembered-set-cleared processed="6135" cleared="1242" durationms="0.089" />
  <references type="weak" candidates="898" cleared="0" enqueued="0" />
  <stringconstants candidates="7484" cleared="0"  />
  <warning details="Mark invoked due to insufficient free space for Copy-Forward" />
</gc-op>
<gc-op id="168" type="classunload" timems="0.003" contextid="163" timestamp="2019-08-02T23:54:22.344">
  <classunload-info classloadercandidates="11" classloadersunloaded="0" classesunloaded="0" anonymousclassesunloaded="0" quiescems="0.000" setupms="0.003" scanms="0.000" postms="0.000" />
</gc-op>
<gc-op id="169" type="sweep" timems="0.505" contextid="163" timestamp="2019-08-02T23:54:22.345" />
<gc-op id="170" type="compact" timems="1.999" contextid="163" timestamp="2019-08-02T23:54:22.347">
  <compact-info movecount="11199" movebytes="454288" />
  <remembered-set-cleared processed="16382" cleared="6577" durationms="0.089" />
</gc-op>
<heap-resize id="171" type="expand" space="default" amount="1048576" count="1" timems="0.057" reason="insufficient free space following gc" timestamp="2019-08-02T23:54:22.348" />
<gc-end id="172" type="partial gc" contextid="163" durationms="7.614" usertimems="12.000" systemtimems="0.000" timestamp="2019-08-02T23:54:22.348" activeThreads="3">
  <mem-info id="173" free="6291456" total="15728640" percent="40">
    <mem type="eden" free="751352" total="1048576" percent="71" />
    <remembered-set count="10624" freebytes="585344" totalbytes="627840" percent="93" regionsoverflowed="0" regionsstable="0" regionsrebuilding="0"/>
  </mem-info>
</gc-end>
<cycle-end id="174" type="partial gc" contextid="163" timestamp="2019-08-02T23:54:22.348" />
  <attribute name="elasticGC enabled" value="1" />
  <attribute name= "numThreadsSpecified" value="3" />
  <attribute name="heapSize specified" value="0" />
  <attribute name= "numCores" value="8" />
  <attribute name ="GC Interval" value="0" />
  <attribute name ="Control flow" value="3" />
  <attribute name="GC Util Range Max" value="167" />
  <attribute name="Current GC Util" value="42" />
  <attribute name= "Current Time Running" value="4769" />
<exclusive-end id="175" timestamp="2019-08-02T23:54:22.348" durationms="8.491" />

<exclusive-start id="176" timestamp="2019-08-02T23:54:22.435" intervalms="94.995">
  <response-info timems="0.032" idlems="0.032" threads="0" lastid="0000000001FB8A00" lastname="main" />
</exclusive-start>
<allocation-taxation id="177" taxation-threshold="6291456" timestamp="2019-08-02T23:54:22.435" intervalms="94.991" />
<cycle-start id="178" type="partial gc" contextid="0" timestamp="2019-08-02T23:54:22.435" intervalms="94.989" />
<gc-start id="179" type="partial gc" contextid="178" timestamp="2019-08-02T23:54:22.435">
  <mem-info id="180" free="0" total="15728640" percent="0">
    <mem type="eden" free="616" total="6291456" percent="0" />
    <remembered-set count="10528" freebytes="585728" totalbytes="627840" percent="93" regionsoverflowed="0" regionsstable="0" regionsrebuilding="0"/>
  </mem-info>
</gc-start>
<allocation-stats totalBytes="6270384" >
  <allocated-bytes non-tlh="38376" tlh="6232008" arrayletleaf="0"/>
  <largest-consumer threadName="main" threadId="0000000001FB8A00" bytes="6270384" />
</allocation-stats>
<gc-op id="181" type="mark" timems="7.665" contextid="178" timestamp="2019-08-02T23:54:22.444">
  <trace-info objectcount="12001" scancount="10455" scanbytes="386976" />
  <cardclean-info objects="2317" bytes="124360" />
  <remembered-set-cleared processed="7813" cleared="2125" durationms="0.105" />
  <references type="soft" candidates="73" cleared="0" enqueued="0" dynamicThreshold="12" maxThreshold="32" />
  <references type="weak" candidates="435" cleared="5" enqueued="5" />
  <references type="phantom" candidates="1" cleared="0" enqueued="0" />
  <stringconstants candidates="7790" cleared="0"  />
  <warning details="Mark invoked due to insufficient free space for Copy-Forward" />
</gc-op>
<gc-op id="182" type="classunload" timems="0.003" contextid="178" timestamp="2019-08-02T23:54:22.444">
  <classunload-info classloadercandidates="12" classloadersunloaded="0" classesunloaded="0" anonymousclassesunloaded="0" quiescems="0.000" setupms="0.002" scanms="0.000" postms="0.000" />
</gc-op>
<gc-op id="183" type="sweep" timems="2.086" contextid="178" timestamp="2019-08-02T23:54:22.446" />
<gc-op id="184" type="compact" timems="2.039" contextid="178" timestamp="2019-08-02T23:54:22.448">
  <compact-info movecount="11344" movebytes="508320" />
  <remembered-set-cleared processed="19625" cleared="8210" durationms="0.105" />
</gc-op>
<heap-resize id="185" type="expand" space="default" amount="3145728" count="1" timems="0.068" reason="insufficient free space following gc" timestamp="2019-08-02T23:54:22.449" />
<gc-end id="186" type="partial gc" contextid="178" durationms="13.581" usertimems="16.000" systemtimems="0.000" timestamp="2019-08-02T23:54:22.449" activeThreads="3">
  <mem-info id="187" free="8388608" total="18874368" percent="44">
    <mem type="eden" free="801912" total="1048576" percent="76" />
    <pending-finalizers system="0" default="0" reference="5" classloader="0" />
    <remembered-set count="11712" freebytes="706560" totalbytes="753408" percent="93" regionsoverflowed="0" regionsstable="0" regionsrebuilding="0"/>
  </mem-info>
</gc-end>
<cycle-end id="188" type="partial gc" contextid="178" timestamp="2019-08-02T23:54:22.449" />
  <attribute name="elasticGC enabled" value="1" />
  <attribute name= "numThreadsSpecified" value="3" />
  <attribute name="heapSize specified" value="0" />
  <attribute name= "numCores" value="8" />
  <attribute name ="GC Interval" value="0" />
  <attribute name ="Control flow" value="1" />
  <attribute name="GC Util Range Max" value="167" />
  <attribute name="Current GC Util" value="94" />
  <attribute name= "Current Time Running" value="4870" />
<exclusive-end id="189" timestamp="2019-08-02T23:54:22.449" durationms="14.463" />

<exclusive-start id="190" timestamp="2019-08-02T23:54:22.533" intervalms="98.460">
  <response-info timems="0.078" idlems="0.078" threads="0" lastid="0000000001FB8A00" lastname="main" />
</exclusive-start>
<allocation-taxation id="191" taxation-threshold="8388608" timestamp="2019-08-02T23:54:22.534" intervalms="98.571" />
<cycle-start id="192" type="partial gc" contextid="0" timestamp="2019-08-02T23:54:22.534" intervalms="98.644" />
<gc-start id="193" type="partial gc" contextid="192" timestamp="2019-08-02T23:54:22.534">
  <mem-info id="194" free="0" total="18874368" percent="0">
    <mem type="eden" free="0" total="8388608" percent="0" />
    <remembered-set count="11552" freebytes="707200" totalbytes="753408" percent="93" regionsoverflowed="0" regionsstable="0" regionsrebuilding="0"/>
  </mem-info>
</gc-start>
<allocation-stats totalBytes="8386992" >
  <allocated-bytes non-tlh="275648" tlh="8111344" arrayletleaf="0"/>
  <largest-consumer threadName="main" threadId="0000000001FB8A00" bytes="8386992" />
</allocation-stats>
<gc-op id="195" type="mark" timems="2.003" contextid="192" timestamp="2019-08-02T23:54:22.537">
  <trace-info objectcount="19933" scancount="17792" scanbytes="745224" />
  <cardclean-info objects="1548" bytes="102760" />
  <remembered-set-cleared processed="8923" cleared="1420" durationms="0.117" />
  <references type="soft" candidates="73" cleared="0" enqueued="0" dynamicThreshold="14" maxThreshold="32" />
  <references type="weak" candidates="158" cleared="0" enqueued="0" />
  <references type="phantom" candidates="1" cleared="0" enqueued="0" />
  <stringconstants candidates="7846" cleared="0"  />
  <warning details="Mark invoked due to insufficient free space for Copy-Forward" />
</gc-op>
<gc-op id="196" type="classunload" timems="0.003" contextid="192" timestamp="2019-08-02T23:54:22.537">
  <classunload-info classloadercandidates="12" classloadersunloaded="0" classesunloaded="0" anonymousclassesunloaded="0" quiescems="0.000" setupms="0.003" scanms="0.000" postms="0.000" />
</gc-op>
<gc-op id="197" type="sweep" timems="0.295" contextid="192" timestamp="2019-08-02T23:54:22.537" />
<gc-op id="198" type="compact" timems="5.455" contextid="192" timestamp="2019-08-02T23:54:22.543">
  <compact-info movecount="19760" movebytes="1198864" />
  <remembered-set-cleared processed="22571" cleared="7542" durationms="0.117" />
</gc-op>
<heap-resize id="199" type="expand" space="default" amount="1048576" count="1" timems="0.056" reason="insufficient free space following gc" timestamp="2019-08-02T23:54:22.543" />
<gc-end id="200" type="partial gc" contextid="192" durationms="9.466" usertimems="12.000" systemtimems="0.000" timestamp="2019-08-02T23:54:22.544" activeThreads="8">
  <mem-info id="201" free="8388608" total="19922944" percent="42">
    <mem type="eden" free="61744" total="1048576" percent="5" />
    <remembered-set count="14176" freebytes="738560" totalbytes="795264" percent="92" regionsoverflowed="0" regionsstable="0" regionsrebuilding="0"/>
  </mem-info>
</gc-end>
<cycle-end id="202" type="partial gc" contextid="192" timestamp="2019-08-02T23:54:22.544" />
  <attribute name="elasticGC enabled" value="1" />
  <attribute name= "numThreadsSpecified" value="3" />
  <attribute name="heapSize specified" value="0" />
  <attribute name= "numCores" value="8" />
  <attribute name ="GC Interval" value="0" />
  <attribute name ="Control flow" value="3" />
  <attribute name="GC Util Range Max" value="167" />
  <attribute name="Current GC Util" value="27" />
  <attribute name= "Current Time Running" value="4961" />
<exclusive-end id="203" timestamp="2019-08-02T23:54:22.544" durationms="10.635" />

<exclusive-start id="204" timestamp="2019-08-02T23:54:22.652" intervalms="118.790">
  <response-info timems="0.025" idlems="0.025" threads="0" lastid="0000000001FB8A00" lastname="main" />
</exclusive-start>
<allocation-taxation id="205" taxation-threshold="8388608" timestamp="2019-08-02T23:54:22.652" intervalms="118.755" />
<cycle-start id="206" type="partial gc" contextid="0" timestamp="2019-08-02T23:54:22.653" intervalms="118.745" />
<gc-start id="207" type="partial gc" contextid="206" timestamp="2019-08-02T23:54:22.653">
  <mem-info id="208" free="0" total="19922944" percent="0">
    <mem type="eden" free="61744" total="9437184" percent="0" />
    <remembered-set count="13728" freebytes="740352" totalbytes="795264" percent="93" regionsoverflowed="0" regionsstable="0" regionsrebuilding="0"/>
  </mem-info>
</gc-start>
<allocation-stats totalBytes="8387064" >
  <allocated-bytes non-tlh="258912" tlh="8128152" arrayletleaf="0"/>
  <largest-consumer threadName="main" threadId="0000000001FB8A00" bytes="8387064" />
</allocation-stats>
<gc-op id="209" type="mark" timems="5.730" contextid="206" timestamp="2019-08-02T23:54:22.659">
  <trace-info objectcount="12874" scancount="11678" scanbytes="474148" />
  <cardclean-info objects="964" bytes="72900" />
  <remembered-set-cleared processed="11476" cleared="2666" durationms="0.143" />
  <references type="soft" candidates="224" cleared="0" enqueued="0" dynamicThreshold="13" maxThreshold="32" />
  <references type="weak" candidates="520" cleared="8" enqueued="7" />
  <references type="phantom" candidates="1" cleared="0" enqueued="0" />
  <stringconstants candidates="8296" cleared="0"  />
  <warning details="Mark invoked due to insufficient free space for Copy-Forward" />
</gc-op>
<gc-op id="210" type="classunload" timems="0.004" contextid="206" timestamp="2019-08-02T23:54:22.659">
  <classunload-info classloadercandidates="14" classloadersunloaded="0" classesunloaded="0" anonymousclassesunloaded="0" quiescems="0.000" setupms="0.003" scanms="0.000" postms="0.000" />
</gc-op>
<gc-op id="211" type="sweep" timems="1.161" contextid="206" timestamp="2019-08-02T23:54:22.661" />
<gc-op id="212" type="compact" timems="5.478" contextid="206" timestamp="2019-08-02T23:54:22.667">
  <compact-info movecount="12874" movebytes="968024" />
  <remembered-set-cleared processed="25059" cleared="7410" durationms="0.143" />
</gc-op>
<gc-end id="213" type="partial gc" contextid="206" durationms="14.006" usertimems="16.000" systemtimems="0.000" timestamp="2019-08-02T23:54:22.667" activeThreads="8">
  <mem-info id="214" free="7340032" total="19922944" percent="36">
    <mem type="eden" free="1129128" total="2097152" percent="53" />
    <pending-finalizers system="0" default="0" reference="7" classloader="0" />
    <remembered-set count="13536" freebytes="741120" totalbytes="795264" percent="93" regionsoverflowed="0" regionsstable="0" regionsrebuilding="0"/>
  </mem-info>
</gc-end>
<cycle-end id="215" type="partial gc" contextid="206" timestamp="2019-08-02T23:54:22.667" />
  <attribute name="elasticGC enabled" value="1" />
  <attribute name= "numThreadsSpecified" value="3" />
  <attribute name="heapSize specified" value="0" />
  <attribute name= "numCores" value="8" />
  <attribute name ="GC Interval" value="0" />
  <attribute name ="Control flow" value="3" />
  <attribute name="GC Util Range Max" value="167" />
  <attribute name="Current GC Util" value="76" />
  <attribute name= "Current Time Running" value="5085" />
<exclusive-end id="216" timestamp="2019-08-02T23:54:22.667" durationms="15.155" />

<exclusive-start id="217" timestamp="2019-08-02T23:54:22.710" intervalms="57.359">
  <response-info timems="0.066" idlems="0.066" threads="0" lastid="0000000001FB8A00" lastname="main" />
</exclusive-start>
<allocation-taxation id="218" taxation-threshold="7340032" timestamp="2019-08-02T23:54:22.710" intervalms="57.357" />
<cycle-start id="219" type="partial gc" contextid="0" timestamp="2019-08-02T23:54:22.710" intervalms="57.405" />
<gc-start id="220" type="partial gc" contextid="219" timestamp="2019-08-02T23:54:22.710">
  <mem-info id="221" free="0" total="19922944" percent="0">
    <mem type="eden" free="0" total="7340032" percent="0" />
    <remembered-set count="13472" freebytes="741376" totalbytes="795264" percent="93" regionsoverflowed="0" regionsstable="0" regionsrebuilding="0"/>
  </mem-info>
</gc-start>
<allocation-stats totalBytes="7338912" >
  <allocated-bytes non-tlh="213056" tlh="7125856" arrayletleaf="0"/>
  <largest-consumer threadName="main" threadId="0000000001FB8A00" bytes="7338912" />
</allocation-stats>
<gc-op id="222" type="mark" timems="2.311" contextid="219" timestamp="2019-08-02T23:54:22.713">
  <trace-info objectcount="8244" scancount="7472" scanbytes="266624" />
  <cardclean-info objects="553" bytes="59524" />
  <remembered-set-cleared processed="10858" cleared="1845" durationms="0.135" />
  <references type="soft" candidates="225" cleared="0" enqueued="0" dynamicThreshold="11" maxThreshold="32" />
  <references type="weak" candidates="454" cleared="0" enqueued="0" />
  <references type="phantom" candidates="1" cleared="0" enqueued="0" />
  <stringconstants candidates="8408" cleared="0"  />
  <warning details="Mark invoked due to insufficient free space for Copy-Forward" />
</gc-op>
<gc-op id="223" type="classunload" timems="0.003" contextid="219" timestamp="2019-08-02T23:54:22.713">
  <classunload-info classloadercandidates="15" classloadersunloaded="0" classesunloaded="0" anonymousclassesunloaded="0" quiescems="0.000" setupms="0.002" scanms="0.000" postms="0.000" />
</gc-op>
<gc-op id="224" type="sweep" timems="0.868" contextid="219" timestamp="2019-08-02T23:54:22.715" />
<gc-op id="225" type="compact" timems="3.828" contextid="219" timestamp="2019-08-02T23:54:22.719">
  <compact-info movecount="8155" movebytes="606440" />
  <remembered-set-cleared processed="23630" cleared="5588" durationms="0.135" />
</gc-op>
<heap-resize id="226" type="expand" space="default" amount="2097152" count="1" timems="0.063" reason="insufficient free space following gc" timestamp="2019-08-02T23:54:22.719" />
<gc-end id="227" type="partial gc" contextid="219" durationms="8.761" usertimems="16.000" systemtimems="0.000" timestamp="2019-08-02T23:54:22.719" activeThreads="8">
  <mem-info id="228" free="8388608" total="22020096" percent="38">
    <mem type="eden" free="709416" total="1048576" percent="67" />
    <remembered-set count="13248" freebytes="825984" totalbytes="878976" percent="93" regionsoverflowed="0" regionsstable="0" regionsrebuilding="0"/>
  </mem-info>
</gc-end>
<cycle-end id="229" type="partial gc" contextid="219" timestamp="2019-08-02T23:54:22.719" />
  <attribute name="elasticGC enabled" value="1" />
  <attribute name= "numThreadsSpecified" value="3" />
  <attribute name="heapSize specified" value="0" />
  <attribute name= "numCores" value="8" />
  <attribute name ="GC Interval" value="0" />
  <attribute name ="Control flow" value="1" />
  <attribute name="GC Util Range Max" value="167" />
  <attribute name="Current GC Util" value="95" />
  <attribute name= "Current Time Running" value="5138" />
<exclusive-end id="230" timestamp="2019-08-02T23:54:22.719" durationms="9.896" />

<exclusive-start id="231" timestamp="2019-08-02T23:54:22.782" intervalms="72.743">
  <response-info timems="0.024" idlems="0.024" threads="0" lastid="0000000001FB8A00" lastname="main" />
</exclusive-start>
<sys-start reason="explicit" id="232" timestamp="2019-08-02T23:54:22.782" intervalms="7061.043" />
<cycle-start id="233" type="global garbage collect" contextid="0" timestamp="2019-08-02T23:54:22.783" intervalms="7061.165" />
<gc-start id="234" type="global garbage collect" contextid="233" timestamp="2019-08-02T23:54:22.783">
  <mem-info id="235" free="5972928" total="22020096" percent="27">
    <mem type="eden" free="730048" total="3145728" percent="23" />
    <remembered-set count="13184" freebytes="826240" totalbytes="878976" percent="94" regionsoverflowed="0" regionsstable="0" regionsrebuilding="0"/>
  </mem-info>
</gc-start>
<allocation-stats totalBytes="2413968" >
  <allocated-bytes non-tlh="221736" tlh="2192232" arrayletleaf="0"/>
  <largest-consumer threadName="main" threadId="0000000001FB8A00" bytes="2413968" />
</allocation-stats>
<gc-op id="236" type="global mark" timems="3.371" contextid="233" timestamp="2019-08-02T23:54:22.786">
  <trace-info objectcount="74604" scancount="60858" scanbytes="2102364" />
  <finalization candidates="80" enqueued="0" />
  <ownableSynchronizers candidates="21" cleared="0" />
  <references type="soft" candidates="1640" cleared="0" enqueued="0" dynamicThreshold="12" maxThreshold="32" />
  <references type="weak" candidates="4527" cleared="32" enqueued="30" />
  <references type="phantom" candidates="102" cleared="2" enqueued="2" />
  <stringconstants candidates="8680" cleared="15"  />
</gc-op>
<gc-op id="237" type="classunload" timems="0.310" contextid="233" timestamp="2019-08-02T23:54:22.787">
  <classunload-info classloadercandidates="17" classloadersunloaded="1" classesunloaded="1" anonymousclassesunloaded="0" quiescems="0.000" setupms="0.298" scanms="0.008" postms="0.004" />
</gc-op>
<gc-op id="238" type="sweep" timems="1.303" contextid="233" timestamp="2019-08-02T23:54:22.788" />
<gc-op id="239" type="compact" timems="9.742" contextid="233" timestamp="2019-08-02T23:54:22.798">
  <compact-info movecount="73536" movebytes="4214776" />
  <remembered-set-cleared processed="27213" cleared="27213" durationms="0.174" />
</gc-op>
<gc-end id="240" type="global garbage collect" contextid="233" durationms="15.869" usertimems="32.000" systemtimems="0.000" timestamp="2019-08-02T23:54:22.799" activeThreads="8">
  <mem-info id="241" free="8388608" total="22020096" percent="38">
    <pending-finalizers system="0" default="0" reference="32" classloader="0" />
    <remembered-set count="10752" freebytes="835968" totalbytes="878976" percent="95" regionsoverflowed="0" regionsstable="0" regionsrebuilding="0"/>
  </mem-info>
</gc-end>
<cycle-end id="242" type="global garbage collect" contextid="233" timestamp="2019-08-02T23:54:22.799" />
  <attribute name="elasticGC enabled" value="1" />
  <attribute name= "numThreadsSpecified" value="3" />
  <attribute name="heapSize specified" value="0" />
  <attribute name= "numCores" value="8" />
  <attribute name ="GC Interval" value="0" />
  <attribute name ="Control flow" value="1" />
  <attribute name="GC Util Range Max" value="167" />
  <attribute name="Current GC Util" value="102" />
  <attribute name= "Current Time Running" value="5212" />
<sys-end id="243" timestamp="2019-08-02T23:54:22.799" />
<exclusive-end id="244" timestamp="2019-08-02T23:54:22.799" durationms="16.899" />

<exclusive-start id="245" timestamp="2019-08-02T23:54:23.002" intervalms="219.404">
  <response-info timems="0.073" idlems="0.073" threads="0" lastid="0000000001FB8A00" lastname="main" />
</exclusive-start>
<allocation-taxation id="246" taxation-threshold="8388608" timestamp="2019-08-02T23:54:23.002" intervalms="292.183" />
<cycle-start id="247" type="partial gc" contextid="0" timestamp="2019-08-02T23:54:23.002" intervalms="292.185" />
<gc-start id="248" type="partial gc" contextid="247" timestamp="2019-08-02T23:54:23.003">
  <mem-info id="249" free="0" total="22020096" percent="0">
    <mem type="eden" free="0" total="8388608" percent="0" />
    <remembered-set count="10720" freebytes="836096" totalbytes="878976" percent="95" regionsoverflowed="0" regionsstable="0" regionsrebuilding="0"/>
  </mem-info>
</gc-start>
<allocation-stats totalBytes="8387976" >
  <allocated-bytes non-tlh="463952" tlh="7924024" arrayletleaf="0"/>
  <largest-consumer threadName="main" threadId="0000000001FB8A00" bytes="8379728" />
</allocation-stats>
<gc-op id="250" type="mark" timems="5.011" contextid="247" timestamp="2019-08-02T23:54:23.008">
  <trace-info objectcount="599" scancount="552" scanbytes="52812" />
  <cardclean-info objects="641" bytes="35120" />
  <remembered-set-cleared processed="9320" cleared="138" durationms="0.115" />
  <references type="soft" candidates="34" cleared="0" enqueued="0" dynamicThreshold="12" maxThreshold="32" />
  <references type="weak" candidates="22" cleared="11" enqueued="11" />
  <references type="phantom" candidates="5" cleared="2" enqueued="2" />
  <stringconstants candidates="8698" cleared="12"  />
  <warning details="Mark invoked due to insufficient free space for Copy-Forward" />
</gc-op>
<gc-op id="251" type="classunload" timems="0.003" contextid="247" timestamp="2019-08-02T23:54:23.008">
  <classunload-info classloadercandidates="17" classloadersunloaded="0" classesunloaded="0" anonymousclassesunloaded="0" quiescems="0.000" setupms="0.003" scanms="0.000" postms="0.000" />
</gc-op>
<gc-op id="252" type="sweep" timems="0.564" contextid="247" timestamp="2019-08-02T23:54:23.009" />
<gc-op id="253" type="compact" timems="0.954" contextid="247" timestamp="2019-08-02T23:54:23.010">
  <compact-info movecount="599" movebytes="333624" />
  <remembered-set-cleared processed="18952" cleared="558" durationms="0.115" />
</gc-op>
<heap-resize id="254" type="expand" space="default" amount="1048576" count="1" timems="0.054" reason="insufficient free space following gc" timestamp="2019-08-02T23:54:23.011" />
<gc-end id="255" type="partial gc" contextid="247" durationms="8.289" usertimems="12.000" systemtimems="0.000" timestamp="2019-08-02T23:54:23.011" activeThreads="3">
  <mem-info id="256" free="8388608" total="23068672" percent="36">
    <mem type="eden" free="714952" total="1048576" percent="68" />
    <pending-finalizers system="0" default="0" reference="13" classloader="0" />
    <remembered-set count="13344" freebytes="867456" totalbytes="920832" percent="94" regionsoverflowed="0" regionsstable="0" regionsrebuilding="0"/>
  </mem-info>
</gc-end>
<cycle-end id="257" type="partial gc" contextid="247" timestamp="2019-08-02T23:54:23.011" />
  <attribute name="elasticGC enabled" value="1" />
  <attribute name= "numThreadsSpecified" value="3" />
  <attribute name="heapSize specified" value="0" />
  <attribute name= "numCores" value="8" />
  <attribute name ="GC Interval" value="0" />
  <attribute name ="Control flow" value="3" />
  <attribute name="GC Util Range Max" value="167" />
  <attribute name="Current GC Util" value="89" />
  <attribute name= "Current Time Running" value="5433" />
<exclusive-end id="258" timestamp="2019-08-02T23:54:23.011" durationms="9.712" />

<exclusive-start id="259" timestamp="2019-08-02T23:54:23.099" intervalms="97.297">
  <response-info timems="0.071" idlems="0.071" threads="0" lastid="0000000001FB8A00" lastname="main" />
</exclusive-start>
<allocation-taxation id="260" taxation-threshold="8388608" timestamp="2019-08-02T23:54:23.099" intervalms="97.302" />
<cycle-start id="261" type="partial gc" contextid="0" timestamp="2019-08-02T23:54:23.099" intervalms="97.350" />
<gc-start id="262" type="partial gc" contextid="261" timestamp="2019-08-02T23:54:23.100">
  <mem-info id="263" free="0" total="23068672" percent="0">
    <mem type="eden" free="0" total="8388608" percent="0" />
    <remembered-set count="13056" freebytes="868608" totalbytes="920832" percent="94" regionsoverflowed="0" regionsstable="0" regionsrebuilding="0"/>
  </mem-info>
</gc-start>
<allocation-stats totalBytes="8388088" >
  <allocated-bytes non-tlh="0" tlh="8388088" arrayletleaf="0"/>
  <largest-consumer threadName="main" threadId="0000000001FB8A00" bytes="8383992" />
</allocation-stats>
<gc-op id="264" type="mark" timems="1.027" contextid="261" timestamp="2019-08-02T23:54:23.101">
  <trace-info objectcount="568" scancount="525" scanbytes="52068" />
  <cardclean-info objects="206" bytes="21412" />
  <remembered-set-cleared processed="9493" cleared="225" durationms="0.111" />
  <references type="soft" candidates="34" cleared="0" enqueued="0" dynamicThreshold="11" maxThreshold="32" />
  <references type="weak" candidates="10" cleared="0" enqueued="0" />
  <references type="phantom" candidates="3" cleared="0" enqueued="0" />
  <stringconstants candidates="8686" cleared="0"  />
  <warning details="Mark invoked due to insufficient free space for Copy-Forward" />
</gc-op>
<gc-op id="265" type="classunload" timems="0.002" contextid="261" timestamp="2019-08-02T23:54:23.102">
  <classunload-info classloadercandidates="17" classloadersunloaded="0" classesunloaded="0" anonymousclassesunloaded="0" quiescems="0.000" setupms="0.002" scanms="0.000" postms="0.000" />
</gc-op>
<gc-op id="266" type="sweep" timems="0.329" contextid="261" timestamp="2019-08-02T23:54:23.102" />
<gc-op id="267" type="compact" timems="3.271" contextid="261" timestamp="2019-08-02T23:54:23.106">
  <compact-info movecount="228" movebytes="319544" />
  <remembered-set-cleared processed="19147" cleared="606" durationms="0.127" />
</gc-op>
<heap-resize id="268" type="expand" space="default" amount="1048576" count="1" timems="0.055" reason="insufficient free space following gc" timestamp="2019-08-02T23:54:23.106" />
<gc-end id="269" type="partial gc" contextid="261" durationms="6.348" usertimems="8.000" systemtimems="0.000" timestamp="2019-08-02T23:54:23.106" activeThreads="8">
  <mem-info id="270" free="8388608" total="24117248" percent="34">
    <mem type="eden" free="1015616" total="1048576" percent="96" />
    <remembered-set count="13664" freebytes="908032" totalbytes="962688" percent="94" regionsoverflowed="0" regionsstable="0" regionsrebuilding="0"/>
  </mem-info>
</gc-end>
<cycle-end id="271" type="partial gc" contextid="261" timestamp="2019-08-02T23:54:23.106" />
  <attribute name="elasticGC enabled" value="1" />
  <attribute name= "numThreadsSpecified" value="3" />
  <attribute name="heapSize specified" value="0" />
  <attribute name= "numCores" value="8" />
  <attribute name ="GC Interval" value="0" />
  <attribute name ="Control flow" value="1" />
  <attribute name="GC Util Range Max" value="167" />
  <attribute name="Current GC Util" value="14" />
  <attribute name= "Current Time Running" value="5526" />
<exclusive-end id="272" timestamp="2019-08-02T23:54:23.107" durationms="7.534" />

<exclusive-start id="273" timestamp="2019-08-02T23:54:23.142" intervalms="43.334">
  <response-info timems="0.080" idlems="0.080" threads="0" lastid="0000000001FB8A00" lastname="main" />
</exclusive-start>
<allocation-taxation id="274" taxation-threshold="8388608" timestamp="2019-08-02T23:54:23.143" intervalms="43.325" />
<cycle-start id="275" type="partial gc" contextid="0" timestamp="2019-08-02T23:54:23.143" intervalms="43.332" />
<gc-start id="276" type="partial gc" contextid="275" timestamp="2019-08-02T23:54:23.143">
  <mem-info id="277" free="0" total="24117248" percent="0">
    <mem type="eden" free="1015616" total="9437184" percent="10" />
    <remembered-set count="13312" freebytes="909440" totalbytes="962688" percent="94" regionsoverflowed="0" regionsstable="0" regionsrebuilding="0"/>
  </mem-info>
</gc-start>
<allocation-stats totalBytes="8358952" >
  <allocated-bytes non-tlh="0" tlh="8358952" arrayletleaf="0"/>
  <largest-consumer threadName="main" threadId="0000000001FB8A00" bytes="8358952" />
</allocation-stats>
<gc-op id="278" type="mark" timems="4.138" contextid="275" timestamp="2019-08-02T23:54:23.148">
  <trace-info objectcount="14" scancount="14" scanbytes="33056" />
  <cardclean-info objects="12" bytes="520" />
  <remembered-set-cleared processed="9582" cleared="10" durationms="0.104" />
  <stringconstants candidates="8686" cleared="0"  />
  <warning details="Mark invoked due to insufficient free space for Copy-Forward" />
</gc-op>
<gc-op id="279" type="classunload" timems="0.003" contextid="275" timestamp="2019-08-02T23:54:23.148">
  <classunload-info classloadercandidates="17" classloadersunloaded="0" classesunloaded="0" anonymousclassesunloaded="0" quiescems="0.000" setupms="0.003" scanms="0.000" postms="0.000" />
</gc-op>
<gc-op id="280" type="sweep" timems="0.384" contextid="275" timestamp="2019-08-02T23:54:23.149" />
<gc-op id="281" type="compact" timems="0.965" contextid="275" timestamp="2019-08-02T23:54:23.150">
  <compact-info movecount="14" movebytes="33072" />
  <remembered-set-cleared processed="19168" cleared="24" durationms="0.104" />
</gc-op>
<heap-resize id="282" type="expand" space="default" amount="2097152" count="1" timems="0.055" reason="insufficient free space following gc" timestamp="2019-08-02T23:54:23.150" />
<gc-end id="283" type="partial gc" contextid="275" durationms="7.150" usertimems="8.000" systemtimems="0.000" timestamp="2019-08-02T23:54:23.150" activeThreads="3">
  <mem-info id="284" free="10485760" total="26214400" percent="40">
    <mem type="eden" free="1015504" total="1048576" percent="96" />
    <remembered-set count="12224" freebytes="997504" totalbytes="1046400" percent="95" regionsoverflowed="0" regionsstable="0" regionsrebuilding="0"/>
  </mem-info>
</gc-end>
<cycle-end id="285" type="partial gc" contextid="275" timestamp="2019-08-02T23:54:23.150" />
  <attribute name="elasticGC enabled" value="1" />
  <attribute name= "numThreadsSpecified" value="3" />
  <attribute name="heapSize specified" value="0" />
  <attribute name= "numCores" value="8" />
  <attribute name ="GC Interval" value="0" />
  <attribute name ="Control flow" value="1" />
  <attribute name="GC Util Range Max" value="167" />
  <attribute name="Current GC Util" value="56" />
  <attribute name= "Current Time Running" value="5572" />
<exclusive-end id="286" timestamp="2019-08-02T23:54:23.151" durationms="8.267" />

<exclusive-start id="287" timestamp="2019-08-02T23:54:23.218" intervalms="76.100">
  <response-info timems="0.036" idlems="0.036" threads="0" lastid="0000000001FB8A00" lastname="main" />
</exclusive-start>
<allocation-taxation id="288" taxation-threshold="10485760" timestamp="2019-08-02T23:54:23.219" intervalms="75.996" />
<cycle-start id="289" type="partial gc" contextid="0" timestamp="2019-08-02T23:54:23.219" intervalms="75.827" />
<gc-start id="290" type="partial gc" contextid="289" timestamp="2019-08-02T23:54:23.219">
  <mem-info id="291" free="0" total="26214400" percent="0">
    <mem type="eden" free="1015504" total="11534336" percent="8" />
    <remembered-set count="11776" freebytes="999296" totalbytes="1046400" percent="95" regionsoverflowed="0" regionsstable="0" regionsrebuilding="0"/>
  </mem-info>
</gc-start>
<allocation-stats totalBytes="10478128" >
  <allocated-bytes non-tlh="68048" tlh="10410080" arrayletleaf="0"/>
  <largest-consumer threadName="main" threadId="0000000001FB8A00" bytes="10478128" />
</allocation-stats>
<gc-op id="292" type="mark" timems="3.547" contextid="289" timestamp="2019-08-02T23:54:23.223">
  <trace-info objectcount="2185" scancount="1603" scanbytes="78608" />
  <cardclean-info objects="332" bytes="16568" />
  <remembered-set-cleared processed="9647" cleared="145" durationms="0.090" />
  <references type="soft" candidates="3" cleared="0" enqueued="0" dynamicThreshold="12" maxThreshold="32" />
  <references type="weak" candidates="27" cleared="17" enqueued="17" />
  <references type="phantom" candidates="4" cleared="2" enqueued="2" />
  <stringconstants candidates="9087" cleared="0"  />
  <warning details="Mark invoked due to insufficient free space for Copy-Forward" />
</gc-op>
<gc-op id="293" type="classunload" timems="0.003" contextid="289" timestamp="2019-08-02T23:54:23.223">
  <classunload-info classloadercandidates="17" classloadersunloaded="0" classesunloaded="0" anonymousclassesunloaded="0" quiescems="0.000" setupms="0.003" scanms="0.000" postms="0.000" />
</gc-op>
<gc-op id="294" type="sweep" timems="1.073" contextid="289" timestamp="2019-08-02T23:54:23.224" />
<gc-op id="295" type="compact" timems="3.653" contextid="289" timestamp="2019-08-02T23:54:23.228">
  <compact-info movecount="2185" movebytes="113712" />
  <remembered-set-cleared processed="19434" cleared="400" durationms="0.093" />
</gc-op>
<gc-end id="296" type="partial gc" contextid="289" durationms="9.306" usertimems="20.000" systemtimems="0.000" timestamp="2019-08-02T23:54:23.228" activeThreads="8">
  <mem-info id="297" free="10485760" total="26214400" percent="40">
    <mem type="eden" free="934864" total="1048576" percent="89" />
    <pending-finalizers system="0" default="0" reference="19" classloader="0" />
    <remembered-set count="13376" freebytes="992896" totalbytes="1046400" percent="94" regionsoverflowed="0" regionsstable="0" regionsrebuilding="0"/>
  </mem-info>
</gc-end>
<cycle-end id="298" type="partial gc" contextid="289" timestamp="2019-08-02T23:54:23.228" />
  <attribute name="elasticGC enabled" value="1" />
  <attribute name= "numThreadsSpecified" value="4" />
  <attribute name="heapSize specified" value="0" />
  <attribute name= "numCores" value="8" />
  <attribute name ="GC Interval" value="0" />
  <attribute name ="Control flow" value="1" />
  <attribute name="GC Util Range Max" value="167" />
  <attribute name="Current GC Util" value="147" />
  <attribute name= "Current Time Running" value="5648" />
<exclusive-end id="299" timestamp="2019-08-02T23:54:23.229" durationms="10.101" />

</verbosegc>

