<?xml version="1.0" ?>

<verbosegc xmlns="http://www.ibm.com/j9/verbosegc" version="08cc62e_CMPRSS">

<initialized id="1" timestamp="2019-08-02T23:52:50.544">
  <attribute name="gcPolicy" value="-Xgcpolicy:balanced" />
  <attribute name="elasticGC enabled" value="1" />
  <attribute name= "numThreadsSpecified" value="0" />
  <attribute name="heapSize specified" value="0" />
  <attribute name= "numCores" value="0" />
  <attribute name ="GC Interval" value="0" />
  <attribute name="GC Util Range Max" value="0" />
  <attribute name="Current GC Util" value="0" />
  <attribute name= "Current Time Running" value="0" />
  <attribute name="maxHeapSize" value="0x7cb00000" />
  <attribute name="initialHeapSize" value="0x800000" />
  <attribute name="compressedRefs" value="true" />
  <attribute name="compressedRefsDisplacement" value="0x0" />
  <attribute name="compressedRefsShift" value="0x0" />
  <attribute name="pageSize" value="0x1000" />
  <attribute name="pageType" value="not used" />
  <attribute name="requestedPageSize" value="0x1000" />
  <attribute name="requestedPageType" value="not used" />
  <attribute name="gcthreads" value="8" />
  <attribute name="packetListSplit" value="8" />
  <attribute name="cacheListSplit" value="8" />
  <attribute name="splitFreeListSplitAmount" value="1" />
  <attribute name="numaNodes" value="0" />
  <region>
    <attribute name="regionSize" value="1048576" />
    <attribute name="regionCount" value="1995" />
    <attribute name="arrayletLeafSize" value="1048576" />
  </region>
  <system>
    <attribute name="physicalMemory" value="8370401280" />
    <attribute name="numCPUs" value="8" />
    <attribute name="architecture" value="amd64" />
    <attribute name="os" value="Linux" />
    <attribute name="osVersion" value="4.4.0-154-generic" />
  </system>
  <vmargs>
    <vmarg name="-Xoptionsfile=/vagrant/jdk/lib/options.default" />
    <vmarg name="-Xlockword:mode=default,noLockword=java/lang/String,noLockword=java/util/MapEntry,noLockword=java/util/HashMap$Entry,noLockword..." />
    <vmarg name="-Xjcl:jclse29" />
    <vmarg name="-Dcom.ibm.oti.vm.bootstrap.library.path=/vagrant/jdk/lib/compressedrefs:/vagrant/jdk/lib" />
    <vmarg name="-Dsun.boot.library.path=/vagrant/jdk/lib/compressedrefs:/vagrant/jdk/lib" />
    <vmarg name="-Djava.library.path=/vagrant/jdk/lib/compressedrefs:/vagrant/jdk/lib:/usr/lib64:/usr/lib" />
    <vmarg name="-Djava.home=/vagrant/jdk" />
    <vmarg name="-Duser.dir=/vagrant" />
    <vmarg name="-Xgcpolicy:balanced" />
    <vmarg name="-Xgcelastic" />
    <vmarg name="-Xcheck:gc:::elasticGC" />
    <vmarg name="-verbose:gc" />
    <vmarg name="-Xloggc:jdkI-small-BAL-8core-verbose6jython.txt" />
    <vmarg name="-Djava.class.path=dacapo-9.12-MR1-bach.jar" />
    <vmarg name="-Dsun.java.command=dacapo-9.12-MR1-bach.jar jython --size=small" />
    <vmarg name="-Dsun.java.launcher=SUN_STANDARD" />
    <vmarg name="-Dsun.java.launcher.pid=24291" />
  </vmargs>
</initialized>

<exclusive-start id="2" timestamp="2019-08-02T23:52:52.373" intervalms="1829.271">
  <response-info timems="0.025" idlems="0.025" threads="0" lastid="0000000001460A00" lastname="main" />
</exclusive-start>
<allocation-taxation id="3" taxation-threshold="8388608" timestamp="2019-08-02T23:52:52.374" intervalms="1829.536" />
<cycle-start id="4" type="partial gc" contextid="0" timestamp="2019-08-02T23:52:52.374" intervalms="1829.757" />
<gc-start id="5" type="partial gc" contextid="4" timestamp="2019-08-02T23:52:52.374">
  <mem-info id="6" free="0" total="8388608" percent="0">
    <mem type="eden" free="0" total="8388608" percent="0" />
    <remembered-set count="0" freebytes="334848" totalbytes="334848" percent="100" regionsoverflowed="0" regionsstable="0" regionsrebuilding="0"/>
  </mem-info>
</gc-start>
<allocation-stats totalBytes="8327968" >
  <allocated-bytes non-tlh="357600" tlh="7970368" arrayletleaf="0"/>
  <largest-consumer threadName="main" threadId="0000000001460A00" bytes="8234056" />
</allocation-stats>
<gc-op id="7" type="mark" timems="3.735" contextid="4" timestamp="2019-08-02T23:52:52.379">
  <trace-info objectcount="17744" scancount="14048" scanbytes="461824" />
  <remembered-set-cleared processed="0" cleared="0" durationms="0.161" />
  <finalization candidates="14" enqueued="1" />
  <references type="soft" candidates="63" cleared="0" enqueued="0" dynamicThreshold="32" maxThreshold="32" />
  <references type="weak" candidates="544" cleared="401" enqueued="362" />
  <references type="phantom" candidates="105" cleared="44" enqueued="44" />
  <stringconstants candidates="2406" cleared="0"  />
  <warning details="Mark for calibration purposes" />
</gc-op>
<gc-op id="8" type="classunload" timems="0.198" contextid="4" timestamp="2019-08-02T23:52:52.380">
  <classunload-info classloadercandidates="5" classloadersunloaded="0" classesunloaded="0" anonymousclassesunloaded="0" quiescems="0.000" setupms="0.198" scanms="0.000" postms="0.000" />
</gc-op>
<gc-op id="9" type="sweep" timems="0.753" contextid="4" timestamp="2019-08-02T23:52:52.381" />
<gc-op id="10" type="compact" timems="5.332" contextid="4" timestamp="2019-08-02T23:52:52.387">
  <compact-info movecount="17744" movebytes="967496" />
  <remembered-set-cleared processed="0" cleared="0" durationms="0.161" />
</gc-op>
<gc-end id="11" type="partial gc" contextid="4" durationms="13.578" usertimems="0.000" systemtimems="12.000" timestamp="2019-08-02T23:52:52.388" activeThreads="8">
  <mem-info id="12" free="7340032" total="8388608" percent="87">
    <mem type="eden" free="81080" total="1048576" percent="7" />
    <pending-finalizers system="1" default="0" reference="406" classloader="0" />
    <remembered-set count="0" freebytes="334848" totalbytes="334848" percent="100" regionsoverflowed="0" regionsstable="0" regionsrebuilding="0"/>
  </mem-info>
</gc-end>
<cycle-end id="13" type="partial gc" contextid="4" timestamp="2019-08-02T23:52:52.388" />
  <attribute name="elasticGC enabled" value="1" />
  <attribute name= "numThreadsSpecified" value="0" />
  <attribute name="heapSize specified" value="0" />
  <attribute name= "numCores" value="8" />
  <attribute name ="GC Interval" value="0" />
  <attribute name ="Control flow" value="1" />
  <attribute name="GC Util Range Max" value="161" />
  <attribute name="Current GC Util" value="39" />
  <attribute name= "Current Time Running" value="6" />
<exclusive-end id="14" timestamp="2019-08-02T23:52:52.388" durationms="14.639" />

<exclusive-start id="15" timestamp="2019-08-02T23:52:53.039" intervalms="665.951">
  <response-info timems="0.060" idlems="0.060" threads="0" lastid="0000000001460A00" lastname="main" />
</exclusive-start>
<allocation-taxation id="16" taxation-threshold="7340032" timestamp="2019-08-02T23:52:53.040" intervalms="665.850" />
<cycle-start id="17" type="partial gc" contextid="0" timestamp="2019-08-02T23:52:53.040" intervalms="665.865" />
<gc-start id="18" type="partial gc" contextid="17" timestamp="2019-08-02T23:52:53.040">
  <mem-info id="19" free="0" total="8388608" percent="0">
    <mem type="eden" free="0" total="7340032" percent="0" />
    <remembered-set count="0" freebytes="334848" totalbytes="334848" percent="100" regionsoverflowed="0" regionsstable="0" regionsrebuilding="0"/>
  </mem-info>
</gc-start>
<allocation-stats totalBytes="7329136" >
  <allocated-bytes non-tlh="569856" tlh="6759280" arrayletleaf="0"/>
  <largest-consumer threadName="main" threadId="0000000001460A00" bytes="7320856" />
</allocation-stats>
<gc-op id="20" type="mark" timems="2.832" contextid="17" timestamp="2019-08-02T23:52:53.044">
  <trace-info objectcount="19052" scancount="15088" scanbytes="512200" />
  <remembered-set-cleared processed="0" cleared="0" durationms="0.060" />
  <finalization candidates="22" enqueued="0" />
  <ownableSynchronizers candidates="16" cleared="0" />
  <references type="soft" candidates="67" cleared="0" enqueued="0" dynamicThreshold="28" maxThreshold="32" />
  <references type="weak" candidates="682" cleared="364" enqueued="256" />
  <references type="phantom" candidates="88" cleared="2" enqueued="2" />
  <stringconstants candidates="2592" cleared="0"  />
  <warning details="Mark invoked due to insufficient free space for Copy-Forward" />
</gc-op>
<gc-op id="21" type="classunload" timems="0.001" contextid="17" timestamp="2019-08-02T23:52:53.044">
  <classunload-info classloadercandidates="6" classloadersunloaded="0" classesunloaded="0" anonymousclassesunloaded="0" quiescems="0.000" setupms="0.001" scanms="0.000" postms="0.000" />
</gc-op>
<gc-op id="22" type="sweep" timems="0.415" contextid="17" timestamp="2019-08-02T23:52:53.044" />
<gc-op id="23" type="compact" timems="4.264" contextid="17" timestamp="2019-08-02T23:52:53.049">
  <compact-info movecount="19052" movebytes="1508808" />
  <remembered-set-cleared processed="0" cleared="0" durationms="0.084" />
</gc-op>
<gc-end id="24" type="partial gc" contextid="17" durationms="9.193" usertimems="8.000" systemtimems="0.000" timestamp="2019-08-02T23:52:53.049" activeThreads="8">
  <mem-info id="25" free="6291456" total="8388608" percent="75">
    <mem type="eden" free="318368" total="1048576" percent="30" />
    <pending-finalizers system="0" default="0" reference="258" classloader="0" />
    <remembered-set count="1024" freebytes="330752" totalbytes="334848" percent="98" regionsoverflowed="0" regionsstable="0" regionsrebuilding="0"/>
  </mem-info>
</gc-end>
<cycle-end id="26" type="partial gc" contextid="17" timestamp="2019-08-02T23:52:53.050" />
  <attribute name="elasticGC enabled" value="1" />
  <attribute name= "numThreadsSpecified" value="1" />
  <attribute name="heapSize specified" value="0" />
  <attribute name= "numCores" value="8" />
  <attribute name ="GC Interval" value="0" />
  <attribute name ="Control flow" value="1" />
  <attribute name="GC Util Range Max" value="161" />
  <attribute name="Current GC Util" value="22" />
  <attribute name= "Current Time Running" value="670" />
<exclusive-end id="27" timestamp="2019-08-02T23:52:53.050" durationms="10.461" />

<exclusive-start id="28" timestamp="2019-08-02T23:52:53.183" intervalms="143.254">
  <response-info timems="0.037" idlems="0.037" threads="0" lastid="0000000001460A00" lastname="main" />
</exclusive-start>
<allocation-taxation id="29" taxation-threshold="3145728" timestamp="2019-08-02T23:52:53.183" intervalms="143.212" />
<cycle-start id="30" type="global mark phase" contextid="0" timestamp="2019-08-02T23:52:53.183" intervalms="2638.870" />
<gc-start id="31" type="global mark phase" contextid="30" timestamp="2019-08-02T23:52:53.183">
  <mem-info id="32" free="3145728" total="8388608" percent="37">
    <remembered-set count="544" freebytes="332672" totalbytes="334848" percent="99" regionsoverflowed="0" regionsstable="0" regionsrebuilding="0"/>
  </mem-info>
</gc-start>
<gc-op id="33" type="mark increment" timems="0.696" contextid="30" timestamp="2019-08-02T23:52:53.184">
  <trace-info objectcount="141" scancount="0" scanbytes="0" />
</gc-op>
<gc-end id="34" type="global mark phase" contextid="30" durationms="0.814" usertimems="0.000" systemtimems="0.000" timestamp="2019-08-02T23:52:53.184" activeThreads="2">
  <mem-info id="35" free="3145728" total="8388608" percent="37">
    <remembered-set count="544" freebytes="332672" totalbytes="334848" percent="99" regionsoverflowed="0" regionsstable="0" regionsrebuilding="0"/>
  </mem-info>
</gc-end>
<concurrent-start id="36" type="GMP work packet processing" contextid="30" timestamp="2019-08-02T23:52:53.184">
  <concurrent-mark-start scanTarget="18446744073709551615" />
</concurrent-start>
<exclusive-end id="37" timestamp="2019-08-02T23:52:53.184" durationms="1.441" />

<concurrent-end id="38" type="GMP work packet processing" contextid="30" timestamp="2019-08-02T23:52:53.186">
  <concurrent-mark-end bytesScanned="772220" reasonForTermination="Completed all work in GC phase" />
</concurrent-end>

<exclusive-start id="39" timestamp="2019-08-02T23:52:53.281" intervalms="98.393">
  <response-info timems="0.024" idlems="0.024" threads="0" lastid="0000000001460A00" lastname="main" />
</exclusive-start>
<allocation-taxation id="40" taxation-threshold="3145728" timestamp="2019-08-02T23:52:53.281" intervalms="98.380" />
<cycle-start id="41" type="partial gc" contextid="0" timestamp="2019-08-02T23:52:53.281" intervalms="241.435" />
<gc-start id="42" type="partial gc" contextid="41" timestamp="2019-08-02T23:52:53.281">
  <mem-info id="43" free="0" total="8388608" percent="0">
    <mem type="eden" free="0" total="6291456" percent="0" />
    <remembered-set count="544" freebytes="332672" totalbytes="334848" percent="99" regionsoverflowed="0" regionsstable="0" regionsrebuilding="0"/>
  </mem-info>
</gc-start>
<allocation-stats totalBytes="6286632" >
  <allocated-bytes non-tlh="317624" tlh="5969008" arrayletleaf="0"/>
  <largest-consumer threadName="main" threadId="0000000001460A00" bytes="3143744" />
</allocation-stats>
<gc-op id="44" type="mark" timems="2.243" contextid="41" timestamp="2019-08-02T23:52:53.284">
  <trace-info objectcount="19613" scancount="15594" scanbytes="520080" />
  <cardclean-info objects="823" bytes="35152" />
  <remembered-set-cleared processed="203" cleared="203" durationms="0.044" />
  <finalization candidates="50" enqueued="1" />
  <ownableSynchronizers candidates="17" cleared="0" />
  <references type="soft" candidates="358" cleared="0" enqueued="0" dynamicThreshold="12" maxThreshold="32" />
  <references type="weak" candidates="1252" cleared="156" enqueued="142" />
  <references type="phantom" candidates="41" cleared="4" enqueued="4" />
  <stringconstants candidates="4540" cleared="0"  />
  <warning details="Mark invoked due to insufficient free space for Copy-Forward" />
</gc-op>
<gc-op id="45" type="classunload" timems="0.001" contextid="41" timestamp="2019-08-02T23:52:53.284">
  <classunload-info classloadercandidates="10" classloadersunloaded="0" classesunloaded="0" anonymousclassesunloaded="0" quiescems="0.000" setupms="0.001" scanms="0.000" postms="0.000" />
</gc-op>
<gc-op id="46" type="sweep" timems="0.422" contextid="41" timestamp="2019-08-02T23:52:53.285" />
<gc-op id="47" type="compact" timems="4.467" contextid="41" timestamp="2019-08-02T23:52:53.290">
  <compact-info movecount="19609" movebytes="1351936" />
  <remembered-set-cleared processed="3194" cleared="3194" durationms="0.054" />
</gc-op>
<heap-resize id="48" type="contract" space="default" amount="1048576" count="1" timems="0.166" reason="insufficient time being spent in gc" timestamp="2019-08-02T23:52:53.290" />
<gc-end id="49" type="partial gc" contextid="41" durationms="8.945" usertimems="8.000" systemtimems="0.000" timestamp="2019-08-02T23:52:53.290" activeThreads="8">
  <mem-info id="50" free="4194304" total="7340032" percent="57">
    <mem type="eden" free="401024" total="1048576" percent="38" />
    <pending-finalizers system="1" default="0" reference="146" classloader="0" />
    <remembered-set count="2560" freebytes="324608" totalbytes="334848" percent="96" regionsoverflowed="0" regionsstable="0" regionsrebuilding="0"/>
  </mem-info>
</gc-end>
<cycle-end id="51" type="partial gc" contextid="41" timestamp="2019-08-02T23:52:53.291" />
  <attribute name="elasticGC enabled" value="1" />
  <attribute name= "numThreadsSpecified" value="2" />
  <attribute name="heapSize specified" value="0" />
  <attribute name= "numCores" value="8" />
  <attribute name ="GC Interval" value="0" />
  <attribute name ="Control flow" value="1" />
  <attribute name="GC Util Range Max" value="161" />
  <attribute name="Current GC Util" value="29" />
  <attribute name= "Current Time Running" value="910" />
<exclusive-end id="52" timestamp="2019-08-02T23:52:53.291" durationms="9.829" />

<exclusive-start id="53" timestamp="2019-08-02T23:52:56.542" intervalms="3261.457">
  <response-info timems="0.030" idlems="0.030" threads="0" lastid="0000000001460A00" lastname="main" />
</exclusive-start>
<allocation-taxation id="54" taxation-threshold="2097152" timestamp="2019-08-02T23:52:56.543" intervalms="3261.460" />
<gc-start id="55" type="global mark phase" contextid="30" timestamp="2019-08-02T23:52:56.543">
  <mem-info id="56" free="2097152" total="7340032" percent="28">
    <remembered-set count="2144" freebytes="326272" totalbytes="334848" percent="97" regionsoverflowed="0" regionsstable="0" regionsrebuilding="0"/>
  </mem-info>
</gc-start>
<gc-op id="57" type="mark increment" timems="2.726" contextid="30" timestamp="2019-08-02T23:52:56.545">
  <trace-info objectcount="22531" scancount="18228" scanbytes="620528" />
  <cardclean-info objects="1182" bytes="55132" />
  <finalization candidates="62" enqueued="0" />
  <ownableSynchronizers candidates="17" cleared="0" />
  <references type="soft" candidates="584" cleared="0" enqueued="0" dynamicThreshold="18" maxThreshold="32" />
  <references type="weak" candidates="1410" cleared="7" enqueued="7" />
  <references type="phantom" candidates="96" cleared="2" enqueued="2" />
  <stringconstants candidates="4884" cleared="0"  />
</gc-op>
<gc-op id="58" type="classunload" timems="0.003" contextid="30" timestamp="2019-08-02T23:52:56.546">
  <classunload-info classloadercandidates="10" classloadersunloaded="0" classesunloaded="0" anonymousclassesunloaded="0" quiescems="0.000" setupms="0.003" scanms="0.000" postms="0.000" />
</gc-op>
<gc-end id="59" type="global mark phase" contextid="30" durationms="3.111" usertimems="0.000" systemtimems="4.000" timestamp="2019-08-02T23:52:56.546" activeThreads="4">
  <mem-info id="60" free="2097152" total="7340032" percent="28">
    <pending-finalizers system="0" default="0" reference="9" classloader="0" />
    <remembered-set count="2144" freebytes="326272" totalbytes="334848" percent="97" regionsoverflowed="0" regionsstable="0" regionsrebuilding="0"/>
  </mem-info>
</gc-end>
<cycle-end id="61" type="global mark phase" contextid="30" timestamp="2019-08-02T23:52:56.546" />
  <attribute name="elasticGC enabled" value="1" />
  <attribute name= "numThreadsSpecified" value="4" />
  <attribute name="heapSize specified" value="0" />
  <attribute name= "numCores" value="8" />
  <attribute name ="GC Interval" value="0" />
  <attribute name ="Control flow" value="1" />
  <attribute name="GC Util Range Max" value="161" />
  <attribute name="Current GC Util" value="0" />
  <attribute name= "Current Time Running" value="4170" />
<exclusive-end id="62" timestamp="2019-08-02T23:52:56.546" durationms="3.641" />

<exclusive-start id="63" timestamp="2019-08-02T23:52:56.597" intervalms="54.730">
  <response-info timems="0.064" idlems="0.064" threads="0" lastid="0000000001460A00" lastname="main" />
</exclusive-start>
<allocation-taxation id="64" taxation-threshold="2097152" timestamp="2019-08-02T23:52:56.597" intervalms="54.741" />
<cycle-start id="65" type="partial gc" contextid="0" timestamp="2019-08-02T23:52:56.597" intervalms="3316.209" />
<gc-start id="66" type="partial gc" contextid="65" timestamp="2019-08-02T23:52:56.598">
  <mem-info id="67" free="0" total="7340032" percent="0">
    <mem type="eden" free="0" total="4194304" percent="0" />
    <remembered-set count="2144" freebytes="326272" totalbytes="334848" percent="97" regionsoverflowed="0" regionsstable="0" regionsrebuilding="0"/>
  </mem-info>
</gc-start>
<allocation-stats totalBytes="4139048" >
  <allocated-bytes non-tlh="76248" tlh="4062800" arrayletleaf="0"/>
  <largest-consumer threadName="main" threadId="0000000001460A00" bytes="2076832" />
</allocation-stats>
<gc-op id="68" type="sweep" timems="0.401" contextid="65" timestamp="2019-08-02T23:52:56.598" />
<gc-op id="69" type="mark" timems="3.417" contextid="65" timestamp="2019-08-02T23:52:56.602">
  <trace-info objectcount="22541" scancount="18053" scanbytes="602684" />
  <cardclean-info objects="666" bytes="33956" />
  <remembered-set-cleared processed="1532" cleared="1411" durationms="0.056" />
  <finalization candidates="43" enqueued="0" />
  <ownableSynchronizers candidates="1" cleared="0" />
  <references type="soft" candidates="562" cleared="0" enqueued="0" dynamicThreshold="9" maxThreshold="32" />
  <references type="weak" candidates="1206" cleared="24" enqueued="24" />
  <references type="phantom" candidates="10" cleared="1" enqueued="1" />
  <stringconstants candidates="5071" cleared="0"  />
  <warning details="Mark invoked due to insufficient free space for Copy-Forward" />
</gc-op>
<gc-op id="70" type="classunload" timems="0.001" contextid="65" timestamp="2019-08-02T23:52:56.602">
  <classunload-info classloadercandidates="10" classloadersunloaded="0" classesunloaded="0" anonymousclassesunloaded="0" quiescems="0.000" setupms="0.001" scanms="0.000" postms="0.000" />
</gc-op>
<gc-op id="71" type="sweep" timems="0.328" contextid="65" timestamp="2019-08-02T23:52:56.603" />
<gc-op id="72" type="compact" timems="4.548" contextid="65" timestamp="2019-08-02T23:52:56.608">
  <compact-info movecount="22537" movebytes="925712" />
  <remembered-set-cleared processed="7134" cleared="6887" durationms="0.069" />
</gc-op>
<heap-resize id="73" type="expand" space="default" amount="1048576" count="1" timems="0.061" reason="insufficient free space following gc" timestamp="2019-08-02T23:52:56.608" />
<gc-end id="74" type="partial gc" contextid="65" durationms="10.835" usertimems="8.000" systemtimems="0.000" timestamp="2019-08-02T23:52:56.608" activeThreads="8">
  <mem-info id="75" free="4194304" total="8388608" percent="50">
    <mem type="eden" free="750888" total="1048576" percent="71" />
    <pending-finalizers system="0" default="0" reference="25" classloader="0" />
    <remembered-set count="3744" freebytes="319872" totalbytes="334848" percent="95" regionsoverflowed="0" regionsstable="0" regionsrebuilding="0"/>
  </mem-info>
</gc-end>
<cycle-end id="76" type="partial gc" contextid="65" timestamp="2019-08-02T23:52:56.609" />
  <attribute name="elasticGC enabled" value="1" />
  <attribute name= "numThreadsSpecified" value="5" />
  <attribute name="heapSize specified" value="0" />
  <attribute name= "numCores" value="8" />
  <attribute name ="GC Interval" value="0" />
  <attribute name ="Control flow" value="1" />
  <attribute name="GC Util Range Max" value="161" />
  <attribute name="Current GC Util" value="19" />
  <attribute name= "Current Time Running" value="4228" />
<exclusive-end id="77" timestamp="2019-08-02T23:52:56.609" durationms="11.608" />

<exclusive-start id="78" timestamp="2019-08-02T23:52:56.676" intervalms="79.005">
  <response-info timems="0.035" idlems="0.035" threads="0" lastid="0000000001460A00" lastname="main" />
</exclusive-start>
<allocation-taxation id="79" taxation-threshold="2097152" timestamp="2019-08-02T23:52:56.676" intervalms="78.977" />
<cycle-start id="80" type="global mark phase" contextid="0" timestamp="2019-08-02T23:52:56.677" intervalms="3493.518" />
<gc-start id="81" type="global mark phase" contextid="80" timestamp="2019-08-02T23:52:56.677">
  <mem-info id="82" free="2097152" total="8388608" percent="25">
    <remembered-set count="3744" freebytes="319872" totalbytes="334848" percent="95" regionsoverflowed="0" regionsstable="0" regionsrebuilding="0"/>
  </mem-info>
</gc-start>
<gc-op id="83" type="mark increment" timems="0.598" contextid="80" timestamp="2019-08-02T23:52:56.677">
  <trace-info objectcount="129" scancount="0" scanbytes="0" />
</gc-op>
<gc-end id="84" type="global mark phase" contextid="80" durationms="0.749" usertimems="0.000" systemtimems="0.000" timestamp="2019-08-02T23:52:56.677" activeThreads="8">
  <mem-info id="85" free="2097152" total="8388608" percent="25">
    <remembered-set count="3744" freebytes="319872" totalbytes="334848" percent="95" regionsoverflowed="0" regionsstable="0" regionsrebuilding="0"/>
  </mem-info>
</gc-end>
<concurrent-start id="86" type="GMP work packet processing" contextid="80" timestamp="2019-08-02T23:52:56.677">
  <concurrent-mark-start scanTarget="18446744073709551615" />
</concurrent-start>
<concurrent-end id="87" type="GMP work packet processing" contextid="80" timestamp="2019-08-02T23:52:56.679">
  <concurrent-mark-end bytesScanned="1159852" reasonForTermination="Completed all work in GC phase" />
</concurrent-end>

<exclusive-end id="88" timestamp="2019-08-02T23:52:56.679" durationms="2.925" />

<exclusive-start id="89" timestamp="2019-08-02T23:52:56.738" intervalms="62.244">
  <response-info timems="0.061" idlems="0.061" threads="0" lastid="0000000001460A00" lastname="main" />
</exclusive-start>
<allocation-taxation id="90" taxation-threshold="2097152" timestamp="2019-08-02T23:52:56.739" intervalms="62.317" />
<cycle-start id="91" type="partial gc" contextid="0" timestamp="2019-08-02T23:52:56.739" intervalms="141.358" />
<gc-start id="92" type="partial gc" contextid="91" timestamp="2019-08-02T23:52:56.739">
  <mem-info id="93" free="0" total="8388608" percent="0">
    <mem type="eden" free="0" total="4194304" percent="0" />
    <remembered-set count="3744" freebytes="319872" totalbytes="334848" percent="95" regionsoverflowed="0" regionsstable="0" regionsrebuilding="0"/>
  </mem-info>
</gc-start>
<allocation-stats totalBytes="4188736" >
  <allocated-bytes non-tlh="124544" tlh="4064192" arrayletleaf="0"/>
  <largest-consumer threadName="main" threadId="0000000001460A00" bytes="2096096" />
</allocation-stats>
<gc-op id="94" type="mark" timems="2.342" contextid="91" timestamp="2019-08-02T23:52:56.742">
  <trace-info objectcount="15246" scancount="13145" scanbytes="474232" />
  <cardclean-info objects="1716" bytes="80024" />
  <remembered-set-cleared processed="2429" cleared="1059" durationms="0.062" />
  <finalization candidates="12" enqueued="0" />
  <ownableSynchronizers candidates="2" cleared="0" />
  <references type="soft" candidates="441" cleared="0" enqueued="0" dynamicThreshold="8" maxThreshold="32" />
  <references type="weak" candidates="1954" cleared="434" enqueued="286" />
  <references type="phantom" candidates="3" cleared="1" enqueued="1" />
  <stringconstants candidates="6036" cleared="0"  />
  <warning details="Mark invoked due to insufficient free space for Copy-Forward" />
</gc-op>
<gc-op id="95" type="classunload" timems="0.002" contextid="91" timestamp="2019-08-02T23:52:56.742">
  <classunload-info classloadercandidates="11" classloadersunloaded="0" classesunloaded="0" anonymousclassesunloaded="0" quiescems="0.000" setupms="0.002" scanms="0.000" postms="0.000" />
</gc-op>
<gc-op id="96" type="sweep" timems="0.336" contextid="91" timestamp="2019-08-02T23:52:56.743" />
<gc-op id="97" type="compact" timems="3.007" contextid="91" timestamp="2019-08-02T23:52:56.746">
  <compact-info movecount="15123" movebytes="683176" />
  <remembered-set-cleared processed="12190" cleared="9401" durationms="0.073" />
</gc-op>
<heap-resize id="98" type="expand" space="default" amount="1048576" count="1" timems="0.054" reason="insufficient free space following gc" timestamp="2019-08-02T23:52:56.746" />
<gc-end id="99" type="partial gc" contextid="91" durationms="7.220" usertimems="8.000" systemtimems="0.000" timestamp="2019-08-02T23:52:56.746" activeThreads="8">
  <mem-info id="100" free="4194304" total="9437184" percent="44">
    <mem type="eden" free="604216" total="1048576" percent="57" />
    <pending-finalizers system="0" default="0" reference="287" classloader="0" />
    <remembered-set count="5216" freebytes="355840" totalbytes="376704" percent="94" regionsoverflowed="0" regionsstable="0" regionsrebuilding="0"/>
  </mem-info>
</gc-end>
<cycle-end id="101" type="partial gc" contextid="91" timestamp="2019-08-02T23:52:56.746" />
  <attribute name="elasticGC enabled" value="1" />
  <attribute name= "numThreadsSpecified" value="6" />
  <attribute name="heapSize specified" value="0" />
  <attribute name= "numCores" value="8" />
  <attribute name ="GC Interval" value="0" />
  <attribute name ="Control flow" value="1" />
  <attribute name="GC Util Range Max" value="161" />
  <attribute name="Current GC Util" value="31" />
  <attribute name= "Current Time Running" value="4368" />
<exclusive-end id="102" timestamp="2019-08-02T23:52:56.747" durationms="8.111" />

<exclusive-start id="103" timestamp="2019-08-02T23:52:56.798" intervalms="59.568">
  <response-info timems="0.052" idlems="0.052" threads="0" lastid="0000000001460A00" lastname="main" />
</exclusive-start>
<allocation-taxation id="104" taxation-threshold="2097152" timestamp="2019-08-02T23:52:56.798" intervalms="59.488" />
<gc-start id="105" type="global mark phase" contextid="80" timestamp="2019-08-02T23:52:56.798">
  <mem-info id="106" free="2097152" total="9437184" percent="22">
    <remembered-set count="5216" freebytes="355840" totalbytes="376704" percent="94" regionsoverflowed="0" regionsstable="0" regionsrebuilding="0"/>
  </mem-info>
</gc-start>
<gc-op id="107" type="mark increment" timems="2.203" contextid="80" timestamp="2019-08-02T23:52:56.800">
  <trace-info objectcount="18041" scancount="15588" scanbytes="567940" />
  <cardclean-info objects="2324" bytes="106080" />
  <finalization candidates="80" enqueued="0" />
  <ownableSynchronizers candidates="21" cleared="0" />
  <references type="soft" candidates="968" cleared="0" enqueued="0" dynamicThreshold="14" maxThreshold="32" />
  <references type="weak" candidates="3228" cleared="231" enqueued="158" />
  <references type="phantom" candidates="104" cleared="3" enqueued="3" />
  <stringconstants candidates="6222" cleared="0"  />
</gc-op>
<gc-op id="108" type="classunload" timems="0.003" contextid="80" timestamp="2019-08-02T23:52:56.800">
  <classunload-info classloadercandidates="11" classloadersunloaded="0" classesunloaded="0" anonymousclassesunloaded="0" quiescems="0.000" setupms="0.003" scanms="0.000" postms="0.000" />
</gc-op>
<gc-end id="109" type="global mark phase" contextid="80" durationms="2.475" usertimems="4.000" systemtimems="0.000" timestamp="2019-08-02T23:52:56.801" activeThreads="6">
  <mem-info id="110" free="2097152" total="9437184" percent="22">
    <pending-finalizers system="0" default="0" reference="161" classloader="0" />
    <remembered-set count="5216" freebytes="355840" totalbytes="376704" percent="94" regionsoverflowed="0" regionsstable="0" regionsrebuilding="0"/>
  </mem-info>
</gc-end>
<cycle-end id="111" type="global mark phase" contextid="80" timestamp="2019-08-02T23:52:56.801" />
  <attribute name="elasticGC enabled" value="1" />
  <attribute name= "numThreadsSpecified" value="6" />
  <attribute name="heapSize specified" value="0" />
  <attribute name= "numCores" value="8" />
  <attribute name ="GC Interval" value="0" />
  <attribute name ="Control flow" value="1" />
  <attribute name="GC Util Range Max" value="161" />
  <attribute name="Current GC Util" value="96" />
  <attribute name= "Current Time Running" value="4424" />
<exclusive-end id="112" timestamp="2019-08-02T23:52:56.801" durationms="2.816" />

<exclusive-start id="113" timestamp="2019-08-02T23:52:56.823" intervalms="24.906">
  <response-info timems="0.055" idlems="0.055" threads="0" lastid="0000000001460A00" lastname="main" />
</exclusive-start>
<allocation-taxation id="114" taxation-threshold="2097152" timestamp="2019-08-02T23:52:56.823" intervalms="24.925" />
<cycle-start id="115" type="partial gc" contextid="0" timestamp="2019-08-02T23:52:56.823" intervalms="84.358" />
<gc-start id="116" type="partial gc" contextid="115" timestamp="2019-08-02T23:52:56.823">
  <mem-info id="117" free="0" total="9437184" percent="0">
    <mem type="eden" free="367872" total="4194304" percent="8" />
    <remembered-set count="5216" freebytes="355840" totalbytes="376704" percent="94" regionsoverflowed="0" regionsstable="0" regionsrebuilding="0"/>
  </mem-info>
</gc-start>
<allocation-stats totalBytes="3779704" >
  <allocated-bytes non-tlh="1151968" tlh="2627736" arrayletleaf="0"/>
  <largest-consumer threadName="main" threadId="0000000001460A00" bytes="1762864" />
</allocation-stats>
<gc-op id="118" type="sweep" timems="0.382" contextid="115" timestamp="2019-08-02T23:52:56.824" />
<gc-op id="119" type="mark" timems="2.746" contextid="115" timestamp="2019-08-02T23:52:56.827">
  <trace-info objectcount="13481" scancount="11414" scanbytes="424188" />
  <cardclean-info objects="1298" bytes="71204" />
  <remembered-set-cleared processed="4019" cleared="1816" durationms="0.072" />
  <finalization candidates="15" enqueued="0" />
  <ownableSynchronizers candidates="4" cleared="0" />
  <references type="soft" candidates="339" cleared="0" enqueued="0" dynamicThreshold="7" maxThreshold="32" />
  <references type="weak" candidates="1551" cleared="1" enqueued="1" />
  <references type="phantom" candidates="7" cleared="0" enqueued="0" />
  <stringconstants candidates="6418" cleared="0"  />
  <warning details="Mark invoked due to insufficient free space for Copy-Forward" />
</gc-op>
<gc-op id="120" type="classunload" timems="0.003" contextid="115" timestamp="2019-08-02T23:52:56.827">
  <classunload-info classloadercandidates="11" classloadersunloaded="0" classesunloaded="0" anonymousclassesunloaded="0" quiescems="0.000" setupms="0.003" scanms="0.000" postms="0.000" />
</gc-op>
<gc-op id="121" type="sweep" timems="0.421" contextid="115" timestamp="2019-08-02T23:52:56.828" />
<gc-op id="122" type="compact" timems="2.808" contextid="115" timestamp="2019-08-02T23:52:56.831">
  <compact-info movecount="13155" movebytes="1517032" />
  <remembered-set-cleared processed="12547" cleared="8124" durationms="0.080" />
</gc-op>
<heap-resize id="123" type="expand" space="default" amount="4194304" count="1" timems="0.074" reason="insufficient free space following gc" timestamp="2019-08-02T23:52:56.831" />
<gc-end id="124" type="partial gc" contextid="115" durationms="8.025" usertimems="8.000" systemtimems="0.000" timestamp="2019-08-02T23:52:56.831" activeThreads="6">
  <mem-info id="125" free="6291456" total="13631488" percent="46">
    <mem type="eden" free="771368" total="2097152" percent="36" />
    <pending-finalizers system="0" default="0" reference="1" classloader="0" />
    <remembered-set count="6560" freebytes="517888" totalbytes="544128" percent="95" regionsoverflowed="0" regionsstable="0" regionsrebuilding="0"/>
  </mem-info>
</gc-end>
<cycle-end id="126" type="partial gc" contextid="115" timestamp="2019-08-02T23:52:56.831" />
  <attribute name="elasticGC enabled" value="1" />
  <attribute name= "numThreadsSpecified" value="6" />
  <attribute name="heapSize specified" value="0" />
  <attribute name= "numCores" value="8" />
  <attribute name ="GC Interval" value="0" />
  <attribute name ="Control flow" value="3" />
  <attribute name="GC Util Range Max" value="161" />
  <attribute name="Current GC Util" value="37" />
  <attribute name= "Current Time Running" value="4453" />
<exclusive-end id="127" timestamp="2019-08-02T23:52:56.832" durationms="8.770" />

<exclusive-start id="128" timestamp="2019-08-02T23:52:56.928" intervalms="105.303">
  <response-info timems="0.030" idlems="0.030" threads="0" lastid="0000000001460A00" lastname="main" />
</exclusive-start>
<allocation-taxation id="129" taxation-threshold="3145728" timestamp="2019-08-02T23:52:56.928" intervalms="105.289" />
<cycle-start id="130" type="global mark phase" contextid="0" timestamp="2019-08-02T23:52:56.928" intervalms="251.861" />
<gc-start id="131" type="global mark phase" contextid="130" timestamp="2019-08-02T23:52:56.928">
  <mem-info id="132" free="3145728" total="13631488" percent="23">
    <remembered-set count="6272" freebytes="519040" totalbytes="544128" percent="95" regionsoverflowed="0" regionsstable="0" regionsrebuilding="0"/>
  </mem-info>
</gc-start>
<gc-op id="133" type="mark increment" timems="0.592" contextid="130" timestamp="2019-08-02T23:52:56.929">
  <trace-info objectcount="173" scancount="0" scanbytes="0" />
</gc-op>
<gc-end id="134" type="global mark phase" contextid="130" durationms="0.752" usertimems="0.000" systemtimems="0.000" timestamp="2019-08-02T23:52:56.929" activeThreads="8">
  <mem-info id="135" free="3145728" total="13631488" percent="23">
    <remembered-set count="6272" freebytes="519040" totalbytes="544128" percent="95" regionsoverflowed="0" regionsstable="0" regionsrebuilding="0"/>
  </mem-info>
</gc-end>
<concurrent-start id="136" type="GMP work packet processing" contextid="130" timestamp="2019-08-02T23:52:56.929">
  <concurrent-mark-start scanTarget="18446744073709551615" />
</concurrent-start>
<exclusive-end id="137" timestamp="2019-08-02T23:52:56.932" durationms="4.205" />

<concurrent-end id="138" type="GMP work packet processing" contextid="130" timestamp="2019-08-02T23:52:56.932">
  <concurrent-mark-end bytesScanned="1733104" reasonForTermination="Completed all work in GC phase" />
</concurrent-end>

<exclusive-start id="139" timestamp="2019-08-02T23:52:57.009" intervalms="80.363">
  <response-info timems="0.029" idlems="0.029" threads="0" lastid="0000000001460A00" lastname="main" />
</exclusive-start>
<allocation-taxation id="140" taxation-threshold="3145728" timestamp="2019-08-02T23:52:57.009" intervalms="80.434" />
<cycle-start id="141" type="partial gc" contextid="0" timestamp="2019-08-02T23:52:57.009" intervalms="185.762" />
<gc-start id="142" type="partial gc" contextid="141" timestamp="2019-08-02T23:52:57.009">
  <mem-info id="143" free="0" total="13631488" percent="0">
    <mem type="eden" free="0" total="7340032" percent="0" />
    <remembered-set count="6272" freebytes="519040" totalbytes="544128" percent="95" regionsoverflowed="0" regionsstable="0" regionsrebuilding="0"/>
  </mem-info>
</gc-start>
<allocation-stats totalBytes="6264296" >
  <allocated-bytes non-tlh="353192" tlh="5911104" arrayletleaf="0"/>
  <largest-consumer threadName="main" threadId="0000000001460A00" bytes="3142216" />
</allocation-stats>
<gc-op id="144" type="mark" timems="2.424" contextid="141" timestamp="2019-08-02T23:52:57.012">
  <trace-info objectcount="13571" scancount="10639" scanbytes="445920" />
  <cardclean-info objects="996" bytes="61068" />
  <remembered-set-cleared processed="4635" cleared="821" durationms="0.073" />
  <finalization candidates="6" enqueued="0" />
  <ownableSynchronizers candidates="2" cleared="0" />
  <references type="soft" candidates="160" cleared="0" enqueued="0" dynamicThreshold="7" maxThreshold="32" />
  <references type="weak" candidates="832" cleared="2" enqueued="2" />
  <references type="phantom" candidates="5" cleared="0" enqueued="0" />
  <stringconstants candidates="7187" cleared="0"  />
  <warning details="Mark invoked due to insufficient free space for Copy-Forward" />
</gc-op>
<gc-op id="145" type="classunload" timems="0.002" contextid="141" timestamp="2019-08-02T23:52:57.012">
  <classunload-info classloadercandidates="11" classloadersunloaded="0" classesunloaded="0" anonymousclassesunloaded="0" quiescems="0.000" setupms="0.002" scanms="0.000" postms="0.000" />
</gc-op>
<gc-op id="146" type="sweep" timems="0.376" contextid="141" timestamp="2019-08-02T23:52:57.013" />
<gc-op id="147" type="compact" timems="2.833" contextid="141" timestamp="2019-08-02T23:52:57.016">
  <compact-info movecount="13290" movebytes="1265864" />
  <remembered-set-cleared processed="12837" cleared="5164" durationms="0.073" />
</gc-op>
<gc-end id="148" type="partial gc" contextid="141" durationms="6.927" usertimems="8.000" systemtimems="0.000" timestamp="2019-08-02T23:52:57.016" activeThreads="8">
  <mem-info id="149" free="6291456" total="13631488" percent="46">
    <mem type="eden" free="693688" total="2097152" percent="33" />
    <pending-finalizers system="0" default="0" reference="2" classloader="0" />
    <remembered-set count="7840" freebytes="512768" totalbytes="544128" percent="94" regionsoverflowed="0" regionsstable="0" regionsrebuilding="0"/>
  </mem-info>
</gc-end>
<cycle-end id="150" type="partial gc" contextid="141" timestamp="2019-08-02T23:52:57.016" />
  <attribute name="elasticGC enabled" value="1" />
  <attribute name= "numThreadsSpecified" value="7" />
  <attribute name="heapSize specified" value="0" />
  <attribute name= "numCores" value="8" />
  <attribute name ="GC Interval" value="0" />
  <attribute name ="Control flow" value="1" />
  <attribute name="GC Util Range Max" value="161" />
  <attribute name="Current GC Util" value="42" />
  <attribute name= "Current Time Running" value="4638" />
<exclusive-end id="151" timestamp="2019-08-02T23:52:57.016" durationms="7.843" />

<exclusive-start id="152" timestamp="2019-08-02T23:52:57.087" intervalms="78.146">
  <response-info timems="0.029" idlems="0.029" threads="0" lastid="0000000001460A00" lastname="main" />
</exclusive-start>
<allocation-taxation id="153" taxation-threshold="3145728" timestamp="2019-08-02T23:52:57.087" intervalms="78.110" />
<gc-start id="154" type="global mark phase" contextid="130" timestamp="2019-08-02T23:52:57.087">
  <mem-info id="155" free="3145728" total="13631488" percent="23">
    <remembered-set count="7840" freebytes="512768" totalbytes="544128" percent="94" regionsoverflowed="0" regionsstable="0" regionsrebuilding="0"/>
  </mem-info>
</gc-start>
<gc-op id="156" type="mark increment" timems="2.680" contextid="130" timestamp="2019-08-02T23:52:57.090">
  <trace-info objectcount="16924" scancount="13592" scanbytes="554856" />
  <cardclean-info objects="1889" bytes="101288" />
  <finalization candidates="80" enqueued="0" />
  <ownableSynchronizers candidates="21" cleared="0" />
  <references type="soft" candidates="1022" cleared="0" enqueued="0" dynamicThreshold="14" maxThreshold="32" />
  <references type="weak" candidates="3679" cleared="0" enqueued="0" />
  <references type="phantom" candidates="101" cleared="0" enqueued="0" />
  <stringconstants candidates="7387" cleared="0"  />
</gc-op>
<gc-op id="157" type="classunload" timems="0.005" contextid="130" timestamp="2019-08-02T23:52:57.090">
  <classunload-info classloadercandidates="11" classloadersunloaded="0" classesunloaded="0" anonymousclassesunloaded="0" quiescems="0.000" setupms="0.004" scanms="0.000" postms="0.000" />
</gc-op>
<gc-end id="158" type="global mark phase" contextid="130" durationms="3.129" usertimems="4.000" systemtimems="0.000" timestamp="2019-08-02T23:52:57.090" activeThreads="8">
  <mem-info id="159" free="3145728" total="13631488" percent="23">
    <remembered-set count="7840" freebytes="512768" totalbytes="544128" percent="94" regionsoverflowed="0" regionsstable="0" regionsrebuilding="0"/>
  </mem-info>
</gc-end>
<cycle-end id="160" type="global mark phase" contextid="130" timestamp="2019-08-02T23:52:57.090" />
  <attribute name="elasticGC enabled" value="1" />
  <attribute name= "numThreadsSpecified" value="7" />
  <attribute name="heapSize specified" value="0" />
  <attribute name= "numCores" value="8" />
  <attribute name ="GC Interval" value="0" />
  <attribute name ="Control flow" value="3" />
  <attribute name="GC Util Range Max" value="161" />
  <attribute name="Current GC Util" value="141" />
  <attribute name= "Current Time Running" value="4713" />
<exclusive-end id="161" timestamp="2019-08-02T23:52:57.090" durationms="3.670" />

<exclusive-start id="162" timestamp="2019-08-02T23:52:57.128" intervalms="41.200">
  <response-info timems="0.055" idlems="0.055" threads="0" lastid="0000000001460A00" lastname="main" />
</exclusive-start>
<allocation-taxation id="163" taxation-threshold="3145728" timestamp="2019-08-02T23:52:57.128" intervalms="41.212" />
<cycle-start id="164" type="partial gc" contextid="0" timestamp="2019-08-02T23:52:57.128" intervalms="119.308" />
<gc-start id="165" type="partial gc" contextid="164" timestamp="2019-08-02T23:52:57.128">
  <mem-info id="166" free="0" total="13631488" percent="0">
    <mem type="eden" free="0" total="6291456" percent="0" />
    <remembered-set count="7840" freebytes="512768" totalbytes="544128" percent="94" regionsoverflowed="0" regionsstable="0" regionsrebuilding="0"/>
  </mem-info>
</gc-start>
<allocation-stats totalBytes="6288864" >
  <allocated-bytes non-tlh="46152" tlh="6242712" arrayletleaf="0"/>
  <largest-consumer threadName="main" threadId="0000000001460A00" bytes="3145344" />
</allocation-stats>
<gc-op id="167" type="sweep" timems="0.524" contextid="164" timestamp="2019-08-02T23:52:57.129" />
<gc-op id="168" type="mark" timems="2.300" contextid="164" timestamp="2019-08-02T23:52:57.132">
  <trace-info objectcount="17252" scancount="14260" scanbytes="577620" />
  <cardclean-info objects="448" bytes="21168" />
  <remembered-set-cleared processed="5971" cleared="1388" durationms="0.083" />
  <references type="soft" candidates="54" cleared="0" enqueued="0" dynamicThreshold="7" maxThreshold="32" />
  <references type="weak" candidates="854" cleared="0" enqueued="0" />
  <stringconstants candidates="7454" cleared="0"  />
  <warning details="Mark invoked due to insufficient free space for Copy-Forward" />
</gc-op>
<gc-op id="169" type="classunload" timems="0.003" contextid="164" timestamp="2019-08-02T23:52:57.132">
  <classunload-info classloadercandidates="11" classloadersunloaded="0" classesunloaded="0" anonymousclassesunloaded="0" quiescems="0.000" setupms="0.002" scanms="0.000" postms="0.000" />
</gc-op>
<gc-op id="170" type="sweep" timems="0.456" contextid="164" timestamp="2019-08-02T23:52:57.133" />
<gc-op id="171" type="compact" timems="2.877" contextid="164" timestamp="2019-08-02T23:52:57.136">
  <compact-info movecount="15585" movebytes="640864" />
  <remembered-set-cleared processed="15591" cleared="6408" durationms="0.091" />
</gc-op>
<gc-end id="172" type="partial gc" contextid="164" durationms="7.906" usertimems="12.000" systemtimems="0.000" timestamp="2019-08-02T23:52:57.136" activeThreads="8">
  <mem-info id="173" free="5242880" total="13631488" percent="38">
    <mem type="eden" free="754008" total="1048576" percent="71" />
    <remembered-set count="9408" freebytes="506496" totalbytes="544128" percent="93" regionsoverflowed="0" regionsstable="0" regionsrebuilding="0"/>
  </mem-info>
</gc-end>
<cycle-end id="174" type="partial gc" contextid="164" timestamp="2019-08-02T23:52:57.137" />
  <attribute name="elasticGC enabled" value="1" />
  <attribute name= "numThreadsSpecified" value="7" />
  <attribute name="heapSize specified" value="0" />
  <attribute name= "numCores" value="8" />
  <attribute name ="GC Interval" value="0" />
  <attribute name ="Control flow" value="1" />
  <attribute name="GC Util Range Max" value="161" />
  <attribute name="Current GC Util" value="42" />
  <attribute name= "Current Time Running" value="4758" />
<exclusive-end id="175" timestamp="2019-08-02T23:52:57.137" durationms="8.788" />

<exclusive-start id="176" timestamp="2019-08-02T23:52:57.207" intervalms="79.533">
  <response-info timems="0.059" idlems="0.059" threads="0" lastid="0000000001460A00" lastname="main" />
</exclusive-start>
<allocation-taxation id="177" taxation-threshold="5242880" timestamp="2019-08-02T23:52:57.208" intervalms="79.608" />
<cycle-start id="178" type="partial gc" contextid="0" timestamp="2019-08-02T23:52:57.208" intervalms="79.659" />
<gc-start id="179" type="partial gc" contextid="178" timestamp="2019-08-02T23:52:57.208">
  <mem-info id="180" free="0" total="13631488" percent="0">
    <mem type="eden" free="0" total="5242880" percent="0" />
    <remembered-set count="9056" freebytes="507904" totalbytes="544128" percent="93" regionsoverflowed="0" regionsstable="0" regionsrebuilding="0"/>
  </mem-info>
</gc-start>
<allocation-stats totalBytes="5242080" >
  <allocated-bytes non-tlh="50328" tlh="5191752" arrayletleaf="0"/>
  <largest-consumer threadName="main" threadId="0000000001460A00" bytes="5242080" />
</allocation-stats>
<gc-op id="181" type="mark" timems="2.368" contextid="178" timestamp="2019-08-02T23:52:57.211">
  <trace-info objectcount="15764" scancount="13360" scanbytes="527568" />
  <cardclean-info objects="3199" bytes="167120" />
  <remembered-set-cleared processed="7302" cleared="1812" durationms="0.081" />
  <references type="soft" candidates="2" cleared="0" enqueued="0" dynamicThreshold="12" maxThreshold="32" />
  <references type="weak" candidates="495" cleared="5" enqueued="5" />
  <stringconstants candidates="7637" cleared="0"  />
  <warning details="Mark invoked due to insufficient free space for Copy-Forward" />
</gc-op>
<gc-op id="182" type="classunload" timems="0.003" contextid="178" timestamp="2019-08-02T23:52:57.211">
  <classunload-info classloadercandidates="11" classloadersunloaded="0" classesunloaded="0" anonymousclassesunloaded="0" quiescems="0.000" setupms="0.003" scanms="0.000" postms="0.000" />
</gc-op>
<gc-op id="183" type="sweep" timems="0.418" contextid="178" timestamp="2019-08-02T23:52:57.212" />
<gc-op id="184" type="compact" timems="1.843" contextid="178" timestamp="2019-08-02T23:52:57.214">
  <compact-info movecount="9836" movebytes="439632" />
  <remembered-set-cleared processed="17964" cleared="6954" durationms="0.084" />
</gc-op>
<heap-resize id="185" type="expand" space="default" amount="2097152" count="1" timems="0.073" reason="insufficient free space following gc" timestamp="2019-08-02T23:52:57.214" />
<gc-end id="186" type="partial gc" contextid="178" durationms="6.256" usertimems="16.000" systemtimems="0.000" timestamp="2019-08-02T23:52:57.214" activeThreads="7">
  <mem-info id="187" free="6291456" total="15728640" percent="40">
    <mem type="eden" free="666760" total="1048576" percent="63" />
    <pending-finalizers system="0" default="0" reference="5" classloader="0" />
    <remembered-set count="11488" freebytes="581888" totalbytes="627840" percent="92" regionsoverflowed="0" regionsstable="0" regionsrebuilding="0"/>
  </mem-info>
</gc-end>
<cycle-end id="188" type="partial gc" contextid="178" timestamp="2019-08-02T23:52:57.215" />
  <attribute name="elasticGC enabled" value="1" />
  <attribute name= "numThreadsSpecified" value="7" />
  <attribute name="heapSize specified" value="0" />
  <attribute name= "numCores" value="8" />
  <attribute name ="GC Interval" value="0" />
  <attribute name ="Control flow" value="3" />
  <attribute name="GC Util Range Max" value="161" />
  <attribute name="Current GC Util" value="55" />
  <attribute name= "Current Time Running" value="4837" />
<exclusive-end id="189" timestamp="2019-08-02T23:52:57.215" durationms="7.250" />

<exclusive-start id="190" timestamp="2019-08-02T23:52:57.291" intervalms="83.669">
  <response-info timems="0.065" idlems="0.065" threads="0" lastid="0000000001460A00" lastname="main" />
</exclusive-start>
<allocation-taxation id="191" taxation-threshold="6291456" timestamp="2019-08-02T23:52:57.291" intervalms="83.600" />
<cycle-start id="192" type="partial gc" contextid="0" timestamp="2019-08-02T23:52:57.291" intervalms="83.543" />
<gc-start id="193" type="partial gc" contextid="192" timestamp="2019-08-02T23:52:57.292">
  <mem-info id="194" free="0" total="15728640" percent="0">
    <mem type="eden" free="0" total="6291456" percent="0" />
    <remembered-set count="11488" freebytes="581888" totalbytes="627840" percent="92" regionsoverflowed="0" regionsstable="0" regionsrebuilding="0"/>
  </mem-info>
</gc-start>
<allocation-stats totalBytes="6288728" >
  <allocated-bytes non-tlh="292440" tlh="5996288" arrayletleaf="0"/>
  <largest-consumer threadName="main" threadId="0000000001460A00" bytes="6288728" />
</allocation-stats>
<gc-op id="195" type="mark" timems="2.049" contextid="192" timestamp="2019-08-02T23:52:57.294">
  <trace-info objectcount="15353" scancount="13711" scanbytes="590456" />
  <cardclean-info objects="1711" bytes="94144" />
  <remembered-set-cleared processed="8423" cleared="1392" durationms="0.085" />
  <references type="soft" candidates="73" cleared="0" enqueued="0" dynamicThreshold="12" maxThreshold="32" />
  <references type="weak" candidates="202" cleared="0" enqueued="0" />
  <references type="phantom" candidates="1" cleared="0" enqueued="0" />
  <stringconstants candidates="7846" cleared="0"  />
  <warning details="Mark invoked due to insufficient free space for Copy-Forward" />
</gc-op>
<gc-op id="196" type="classunload" timems="0.002" contextid="192" timestamp="2019-08-02T23:52:57.294">
  <classunload-info classloadercandidates="12" classloadersunloaded="0" classesunloaded="0" anonymousclassesunloaded="0" quiescems="0.000" setupms="0.002" scanms="0.000" postms="0.000" />
</gc-op>
<gc-op id="197" type="sweep" timems="0.403" contextid="192" timestamp="2019-08-02T23:52:57.295" />
<gc-op id="198" type="compact" timems="2.004" contextid="192" timestamp="2019-08-02T23:52:57.297">
  <compact-info movecount="13729" movebytes="967160" />
  <remembered-set-cleared processed="19810" cleared="5717" durationms="0.090" />
</gc-op>
<heap-resize id="199" type="expand" space="default" amount="1048576" count="1" timems="0.063" reason="insufficient free space following gc" timestamp="2019-08-02T23:52:57.297" />
<gc-end id="200" type="partial gc" contextid="192" durationms="5.935" usertimems="12.000" systemtimems="0.000" timestamp="2019-08-02T23:52:57.298" activeThreads="8">
  <mem-info id="201" free="6291456" total="16777216" percent="37">
    <mem type="eden" free="159992" total="1048576" percent="15" />
    <remembered-set count="13088" freebytes="617344" totalbytes="669696" percent="92" regionsoverflowed="0" regionsstable="0" regionsrebuilding="0"/>
  </mem-info>
</gc-end>
<cycle-end id="202" type="partial gc" contextid="192" timestamp="2019-08-02T23:52:57.298" />
  <attribute name="elasticGC enabled" value="1" />
  <attribute name= "numThreadsSpecified" value="7" />
  <attribute name="heapSize specified" value="0" />
  <attribute name= "numCores" value="8" />
  <attribute name ="GC Interval" value="0" />
  <attribute name ="Control flow" value="1" />
  <attribute name="GC Util Range Max" value="161" />
  <attribute name="Current GC Util" value="57" />
  <attribute name= "Current Time Running" value="4920" />
<exclusive-end id="203" timestamp="2019-08-02T23:52:57.298" durationms="6.781" />

<exclusive-start id="204" timestamp="2019-08-02T23:52:57.349" intervalms="58.152">
  <response-info timems="0.026" idlems="0.026" threads="0" lastid="0000000001460A00" lastname="main" />
</exclusive-start>
<allocation-taxation id="205" taxation-threshold="6291456" timestamp="2019-08-02T23:52:57.349" intervalms="58.199" />
<cycle-start id="206" type="partial gc" contextid="0" timestamp="2019-08-02T23:52:57.350" intervalms="58.201" />
<gc-start id="207" type="partial gc" contextid="206" timestamp="2019-08-02T23:52:57.350">
  <mem-info id="208" free="0" total="16777216" percent="0">
    <mem type="eden" free="0" total="6291456" percent="0" />
    <remembered-set count="12736" freebytes="618752" totalbytes="669696" percent="92" regionsoverflowed="0" regionsstable="0" regionsrebuilding="0"/>
  </mem-info>
</gc-start>
<allocation-stats totalBytes="6289904" >
  <allocated-bytes non-tlh="2168" tlh="6287736" arrayletleaf="0"/>
  <largest-consumer threadName="main" threadId="0000000001460A00" bytes="6289904" />
</allocation-stats>
<gc-op id="209" type="mark" timems="1.696" contextid="206" timestamp="2019-08-02T23:52:57.352">
  <trace-info objectcount="20998" scancount="18152" scanbytes="708716" />
  <cardclean-info objects="382" bytes="33692" />
  <remembered-set-cleared processed="9432" cleared="1280" durationms="0.078" />
  <references type="soft" candidates="71" cleared="0" enqueued="0" dynamicThreshold="12" maxThreshold="32" />
  <references type="weak" candidates="100" cleared="0" enqueued="0" />
  <stringconstants candidates="7862" cleared="0"  />
  <warning details="Mark invoked due to insufficient free space for Copy-Forward" />
</gc-op>
<gc-op id="210" type="classunload" timems="0.002" contextid="206" timestamp="2019-08-02T23:52:57.352">
  <classunload-info classloadercandidates="12" classloadersunloaded="0" classesunloaded="0" anonymousclassesunloaded="0" quiescems="0.000" setupms="0.002" scanms="0.000" postms="0.000" />
</gc-op>
<gc-op id="211" type="sweep" timems="0.375" contextid="206" timestamp="2019-08-02T23:52:57.353" />
<gc-op id="212" type="compact" timems="2.195" contextid="206" timestamp="2019-08-02T23:52:57.355">
  <compact-info movecount="20997" movebytes="978304" />
  <remembered-set-cleared processed="21848" cleared="5527" durationms="0.084" />
</gc-op>
<heap-resize id="213" type="expand" space="default" amount="3145728" count="1" timems="0.076" reason="insufficient free space following gc" timestamp="2019-08-02T23:52:57.356" />
<gc-end id="214" type="partial gc" contextid="206" durationms="5.805" usertimems="12.000" systemtimems="0.000" timestamp="2019-08-02T23:52:57.356" activeThreads="8">
  <mem-info id="215" free="8388608" total="19922944" percent="42">
    <mem type="eden" free="477528" total="1048576" percent="45" />
    <remembered-set count="14368" freebytes="737792" totalbytes="795264" percent="92" regionsoverflowed="0" regionsstable="0" regionsrebuilding="0"/>
  </mem-info>
</gc-end>
<cycle-end id="216" type="partial gc" contextid="206" timestamp="2019-08-02T23:52:57.356" />
  <attribute name="elasticGC enabled" value="1" />
  <attribute name= "numThreadsSpecified" value="7" />
  <attribute name="heapSize specified" value="0" />
  <attribute name= "numCores" value="8" />
  <attribute name ="GC Interval" value="0" />
  <attribute name ="Control flow" value="1" />
  <attribute name="GC Util Range Max" value="161" />
  <attribute name="Current GC Util" value="67" />
  <attribute name= "Current Time Running" value="4978" />
<exclusive-end id="217" timestamp="2019-08-02T23:52:57.356" durationms="6.769" />

<exclusive-start id="218" timestamp="2019-08-02T23:52:57.443" intervalms="94.216">
  <response-info timems="0.132" idlems="0.066" threads="1" lastid="0000000001464600" lastname="JIT Compilation Thread-0" />
</exclusive-start>
<allocation-taxation id="219" taxation-threshold="8388608" timestamp="2019-08-02T23:52:57.444" intervalms="94.205" />
<cycle-start id="220" type="partial gc" contextid="0" timestamp="2019-08-02T23:52:57.444" intervalms="94.256" />
<gc-start id="221" type="partial gc" contextid="220" timestamp="2019-08-02T23:52:57.444">
  <mem-info id="222" free="0" total="19922944" percent="0">
    <mem type="eden" free="0" total="8388608" percent="0" />
    <remembered-set count="14016" freebytes="739200" totalbytes="795264" percent="92" regionsoverflowed="0" regionsstable="0" regionsrebuilding="0"/>
  </mem-info>
</gc-start>
<allocation-stats totalBytes="8386144" >
  <allocated-bytes non-tlh="266528" tlh="8119616" arrayletleaf="0"/>
  <largest-consumer threadName="main" threadId="0000000001460A00" bytes="8386144" />
</allocation-stats>
<gc-op id="223" type="mark" timems="2.135" contextid="220" timestamp="2019-08-02T23:52:57.447">
  <trace-info objectcount="25173" scancount="22624" scanbytes="885728" />
  <cardclean-info objects="1305" bytes="76820" />
  <remembered-set-cleared processed="10964" cleared="2018" durationms="0.101" />
  <references type="soft" candidates="224" cleared="0" enqueued="0" dynamicThreshold="13" maxThreshold="32" />
  <references type="weak" candidates="422" cleared="8" enqueued="7" />
  <references type="phantom" candidates="1" cleared="0" enqueued="0" />
  <stringconstants candidates="8309" cleared="0"  />
  <warning details="Mark invoked due to insufficient free space for Copy-Forward" />
</gc-op>
<gc-op id="224" type="classunload" timems="0.004" contextid="220" timestamp="2019-08-02T23:52:57.447">
  <classunload-info classloadercandidates="14" classloadersunloaded="0" classesunloaded="0" anonymousclassesunloaded="0" quiescems="0.000" setupms="0.003" scanms="0.000" postms="0.000" />
</gc-op>
<gc-op id="225" type="sweep" timems="0.429" contextid="220" timestamp="2019-08-02T23:52:57.447" />
<gc-op id="226" type="compact" timems="2.089" contextid="220" timestamp="2019-08-02T23:52:57.450">
  <compact-info movecount="20523" movebytes="1184920" />
  <remembered-set-cleared processed="27375" cleared="9460" durationms="0.101" />
</gc-op>
<heap-resize id="227" type="expand" space="default" amount="2097152" count="1" timems="0.060" reason="insufficient free space following gc" timestamp="2019-08-02T23:52:57.450" />
<gc-end id="228" type="partial gc" contextid="220" durationms="6.130" usertimems="16.000" systemtimems="0.000" timestamp="2019-08-02T23:52:57.450" activeThreads="7">
  <mem-info id="229" free="8388608" total="22020096" percent="38">
    <mem type="eden" free="1043264" total="2097152" percent="49" />
    <pending-finalizers system="0" default="0" reference="7" classloader="0" />
    <remembered-set count="16800" freebytes="811776" totalbytes="878976" percent="92" regionsoverflowed="0" regionsstable="0" regionsrebuilding="0"/>
  </mem-info>
</gc-end>
<cycle-end id="230" type="partial gc" contextid="220" timestamp="2019-08-02T23:52:57.450" />
  <attribute name="elasticGC enabled" value="1" />
  <attribute name= "numThreadsSpecified" value="7" />
  <attribute name="heapSize specified" value="0" />
  <attribute name= "numCores" value="8" />
  <attribute name ="GC Interval" value="0" />
  <attribute name ="Control flow" value="3" />
  <attribute name="GC Util Range Max" value="161" />
  <attribute name="Current GC Util" value="74" />
  <attribute name= "Current Time Running" value="5073" />
<exclusive-end id="231" timestamp="2019-08-02T23:52:57.451" durationms="7.056" />

<exclusive-start id="232" timestamp="2019-08-02T23:52:57.541" intervalms="97.128">
  <response-info timems="0.020" idlems="0.020" threads="0" lastid="0000000001460A00" lastname="main" />
</exclusive-start>
<sys-start reason="explicit" id="233" timestamp="2019-08-02T23:52:57.541" intervalms="6996.647" />
<cycle-start id="234" type="global garbage collect" contextid="0" timestamp="2019-08-02T23:52:57.541" intervalms="6996.758" />
<gc-start id="235" type="global garbage collect" contextid="234" timestamp="2019-08-02T23:52:57.541">
  <mem-info id="236" free="1631920" total="22020096" percent="7">
    <mem type="eden" free="583344" total="8388608" percent="6" />
    <remembered-set count="16544" freebytes="812800" totalbytes="878976" percent="92" regionsoverflowed="0" regionsstable="0" regionsrebuilding="0"/>
  </mem-info>
</gc-start>
<allocation-stats totalBytes="6754648" >
  <allocated-bytes non-tlh="432448" tlh="6322200" arrayletleaf="0"/>
  <largest-consumer threadName="main" threadId="0000000001460A00" bytes="6754648" />
</allocation-stats>
<gc-op id="237" type="global mark" timems="2.460" contextid="234" timestamp="2019-08-02T23:52:57.544">
  <trace-info objectcount="74585" scancount="60840" scanbytes="2101268" />
  <finalization candidates="80" enqueued="0" />
  <ownableSynchronizers candidates="21" cleared="0" />
  <references type="soft" candidates="1640" cleared="0" enqueued="0" dynamicThreshold="12" maxThreshold="32" />
  <references type="weak" candidates="4509" cleared="32" enqueued="30" />
  <references type="phantom" candidates="102" cleared="2" enqueued="2" />
  <stringconstants candidates="8680" cleared="15"  />
</gc-op>
<gc-op id="238" type="classunload" timems="0.340" contextid="234" timestamp="2019-08-02T23:52:57.544">
  <classunload-info classloadercandidates="17" classloadersunloaded="1" classesunloaded="1" anonymousclassesunloaded="0" quiescems="0.000" setupms="0.329" scanms="0.007" postms="0.004" />
</gc-op>
<gc-op id="239" type="sweep" timems="0.429" contextid="234" timestamp="2019-08-02T23:52:57.545" />
<gc-op id="240" type="compact" timems="4.051" contextid="234" timestamp="2019-08-02T23:52:57.549">
  <compact-info movecount="73724" movebytes="4093824" />
  <remembered-set-cleared processed="27256" cleared="27256" durationms="0.117" />
</gc-op>
<gc-end id="241" type="global garbage collect" contextid="234" durationms="8.526" usertimems="28.000" systemtimems="0.000" timestamp="2019-08-02T23:52:57.550" activeThreads="8">
  <mem-info id="242" free="8388608" total="22020096" percent="38">
    <pending-finalizers system="0" default="0" reference="32" classloader="0" />
    <remembered-set count="11776" freebytes="831872" totalbytes="878976" percent="94" regionsoverflowed="0" regionsstable="0" regionsrebuilding="0"/>
  </mem-info>
</gc-end>
<cycle-end id="243" type="global garbage collect" contextid="234" timestamp="2019-08-02T23:52:57.550" />
  <attribute name="elasticGC enabled" value="1" />
  <attribute name= "numThreadsSpecified" value="6" />
  <attribute name="heapSize specified" value="0" />
  <attribute name= "numCores" value="8" />
  <attribute name ="GC Interval" value="0" />
  <attribute name ="Control flow" value="1" />
  <attribute name="GC Util Range Max" value="161" />
  <attribute name="Current GC Util" value="63" />
  <attribute name= "Current Time Running" value="5170" />
<sys-end id="244" timestamp="2019-08-02T23:52:57.550" />
<exclusive-end id="245" timestamp="2019-08-02T23:52:57.550" durationms="9.419" />

<exclusive-start id="246" timestamp="2019-08-02T23:52:57.729" intervalms="188.545">
  <response-info timems="0.057" idlems="0.057" threads="0" lastid="0000000001460A00" lastname="main" />
</exclusive-start>
<allocation-taxation id="247" taxation-threshold="8388608" timestamp="2019-08-02T23:52:57.729" intervalms="285.703" />
<cycle-start id="248" type="partial gc" contextid="0" timestamp="2019-08-02T23:52:57.730" intervalms="285.710" />
<gc-start id="249" type="partial gc" contextid="248" timestamp="2019-08-02T23:52:57.730">
  <mem-info id="250" free="0" total="22020096" percent="0">
    <mem type="eden" free="0" total="8388608" percent="0" />
    <remembered-set count="11744" freebytes="832000" totalbytes="878976" percent="94" regionsoverflowed="0" regionsstable="0" regionsrebuilding="0"/>
  </mem-info>
</gc-start>
<allocation-stats totalBytes="8387920" >
  <allocated-bytes non-tlh="463952" tlh="7923968" arrayletleaf="0"/>
  <largest-consumer threadName="main" threadId="0000000001460A00" bytes="8379672" />
</allocation-stats>
<gc-op id="251" type="mark" timems="1.234" contextid="248" timestamp="2019-08-02T23:52:57.732">
  <trace-info objectcount="605" scancount="557" scanbytes="52988" />
  <cardclean-info objects="673" bytes="36828" />
  <remembered-set-cleared processed="9328" cleared="152" durationms="0.115" />
  <references type="soft" candidates="34" cleared="0" enqueued="0" dynamicThreshold="12" maxThreshold="32" />
  <references type="weak" candidates="26" cleared="11" enqueued="11" />
  <references type="phantom" candidates="5" cleared="2" enqueued="2" />
  <stringconstants candidates="8698" cleared="12"  />
  <warning details="Mark invoked due to insufficient free space for Copy-Forward" />
</gc-op>
<gc-op id="252" type="classunload" timems="0.004" contextid="248" timestamp="2019-08-02T23:52:57.732">
  <classunload-info classloadercandidates="17" classloadersunloaded="0" classesunloaded="0" anonymousclassesunloaded="0" quiescems="0.000" setupms="0.004" scanms="0.000" postms="0.000" />
</gc-op>
<gc-op id="253" type="sweep" timems="0.427" contextid="248" timestamp="2019-08-02T23:52:57.732" />
<gc-op id="254" type="compact" timems="1.300" contextid="248" timestamp="2019-08-02T23:52:57.734">
  <compact-info movecount="605" movebytes="333928" />
  <remembered-set-cleared processed="18975" cleared="589" durationms="0.115" />
</gc-op>
<heap-resize id="255" type="expand" space="default" amount="1048576" count="1" timems="0.057" reason="insufficient free space following gc" timestamp="2019-08-02T23:52:57.734" />
<gc-end id="256" type="partial gc" contextid="248" durationms="4.503" usertimems="8.000" systemtimems="0.000" timestamp="2019-08-02T23:52:57.734" activeThreads="8">
  <mem-info id="257" free="8388608" total="23068672" percent="36">
    <mem type="eden" free="714648" total="1048576" percent="68" />
    <pending-finalizers system="0" default="0" reference="13" classloader="0" />
    <remembered-set count="13152" freebytes="868224" totalbytes="920832" percent="94" regionsoverflowed="0" regionsstable="0" regionsrebuilding="0"/>
  </mem-info>
</gc-end>
<cycle-end id="258" type="partial gc" contextid="248" timestamp="2019-08-02T23:52:57.735" />
  <attribute name="elasticGC enabled" value="1" />
  <attribute name= "numThreadsSpecified" value="6" />
  <attribute name="heapSize specified" value="0" />
  <attribute name= "numCores" value="8" />
  <attribute name ="GC Interval" value="0" />
  <attribute name ="Control flow" value="3" />
  <attribute name="GC Util Range Max" value="161" />
  <attribute name="Current GC Util" value="66" />
  <attribute name= "Current Time Running" value="5357" />
<exclusive-end id="259" timestamp="2019-08-02T23:52:57.735" durationms="5.578" />

<exclusive-start id="260" timestamp="2019-08-02T23:52:57.906" intervalms="177.217">
  <response-info timems="0.139" idlems="0.139" threads="0" lastid="0000000001460A00" lastname="main" />
</exclusive-start>
<allocation-taxation id="261" taxation-threshold="8388608" timestamp="2019-08-02T23:52:57.907" intervalms="177.254" />
<cycle-start id="262" type="partial gc" contextid="0" timestamp="2019-08-02T23:52:57.907" intervalms="177.252" />
<gc-start id="263" type="partial gc" contextid="262" timestamp="2019-08-02T23:52:57.907">
  <mem-info id="264" free="0" total="23068672" percent="0">
    <mem type="eden" free="714648" total="9437184" percent="7" />
    <remembered-set count="12704" freebytes="870016" totalbytes="920832" percent="94" regionsoverflowed="0" regionsstable="0" regionsrebuilding="0"/>
  </mem-info>
</gc-start>
<allocation-stats totalBytes="8387368" >
  <allocated-bytes non-tlh="0" tlh="8387368" arrayletleaf="0"/>
  <largest-consumer threadName="main" threadId="0000000001460A00" bytes="8383272" />
</allocation-stats>
<gc-op id="265" type="mark" timems="1.100" contextid="262" timestamp="2019-08-02T23:52:57.909">
  <trace-info objectcount="576" scancount="531" scanbytes="52260" />
  <cardclean-info objects="212" bytes="22160" />
  <remembered-set-cleared processed="9509" cleared="245" durationms="0.088" />
  <references type="soft" candidates="34" cleared="0" enqueued="0" dynamicThreshold="11" maxThreshold="32" />
  <references type="weak" candidates="14" cleared="0" enqueued="0" />
  <references type="phantom" candidates="3" cleared="0" enqueued="0" />
  <stringconstants candidates="8686" cleared="0"  />
  <warning details="Mark invoked due to insufficient free space for Copy-Forward" />
</gc-op>
<gc-op id="266" type="classunload" timems="0.003" contextid="262" timestamp="2019-08-02T23:52:57.909">
  <classunload-info classloadercandidates="17" classloadersunloaded="0" classesunloaded="0" anonymousclassesunloaded="0" quiescems="0.000" setupms="0.003" scanms="0.000" postms="0.000" />
</gc-op>
<gc-op id="267" type="sweep" timems="0.400" contextid="262" timestamp="2019-08-02T23:52:57.909" />
<gc-op id="268" type="compact" timems="1.041" contextid="262" timestamp="2019-08-02T23:52:57.911">
  <compact-info movecount="576" movebytes="333040" />
  <remembered-set-cleared processed="19152" cleared="620" durationms="0.088" />
</gc-op>
<heap-resize id="269" type="expand" space="default" amount="1048576" count="1" timems="0.052" reason="insufficient free space following gc" timestamp="2019-08-02T23:52:57.911" />
<gc-end id="270" type="partial gc" contextid="262" durationms="4.193" usertimems="8.000" systemtimems="0.000" timestamp="2019-08-02T23:52:57.911" activeThreads="5">
  <mem-info id="271" free="8388608" total="24117248" percent="34">
    <mem type="eden" free="1764112" total="2097152" percent="84" />
    <remembered-set count="14112" freebytes="906240" totalbytes="962688" percent="94" regionsoverflowed="0" regionsstable="0" regionsrebuilding="0"/>
  </mem-info>
</gc-end>
<cycle-end id="272" type="partial gc" contextid="262" timestamp="2019-08-02T23:52:57.911" />
  <attribute name="elasticGC enabled" value="1" />
  <attribute name= "numThreadsSpecified" value="5" />
  <attribute name="heapSize specified" value="0" />
  <attribute name= "numCores" value="8" />
  <attribute name ="GC Interval" value="0" />
  <attribute name ="Control flow" value="1" />
  <attribute name="GC Util Range Max" value="161" />
  <attribute name="Current GC Util" value="44" />
  <attribute name= "Current Time Running" value="5534" />
<exclusive-end id="273" timestamp="2019-08-02T23:52:57.912" durationms="5.190" />

<exclusive-start id="274" timestamp="2019-08-02T23:52:58.083" intervalms="176.503">
  <response-info timems="0.066" idlems="0.066" threads="0" lastid="0000000001460A00" lastname="main" />
</exclusive-start>
<allocation-taxation id="275" taxation-threshold="8388608" timestamp="2019-08-02T23:52:58.083" intervalms="176.449" />
<cycle-start id="276" type="partial gc" contextid="0" timestamp="2019-08-02T23:52:58.083" intervalms="176.471" />
<gc-start id="277" type="partial gc" contextid="276" timestamp="2019-08-02T23:52:58.084">
  <mem-info id="278" free="0" total="24117248" percent="0">
    <mem type="eden" free="1015616" total="9437184" percent="10" />
    <remembered-set count="13632" freebytes="908160" totalbytes="962688" percent="94" regionsoverflowed="0" regionsstable="0" regionsrebuilding="0"/>
  </mem-info>
</gc-start>
<allocation-stats totalBytes="8359816" >
  <allocated-bytes non-tlh="0" tlh="8359816" arrayletleaf="0"/>
  <largest-consumer threadName="main" threadId="0000000001460A00" bytes="8359816" />
</allocation-stats>
<gc-op id="279" type="mark" timems="1.279" contextid="276" timestamp="2019-08-02T23:52:58.085">
  <trace-info objectcount="13" scancount="13" scanbytes="33044" />
  <cardclean-info objects="12" bytes="520" />
  <remembered-set-cleared processed="9600" cleared="10" durationms="0.101" />
  <stringconstants candidates="8686" cleared="0"  />
  <warning details="Mark invoked due to insufficient free space for Copy-Forward" />
</gc-op>
<gc-op id="280" type="classunload" timems="0.002" contextid="276" timestamp="2019-08-02T23:52:58.086">
  <classunload-info classloadercandidates="17" classloadersunloaded="0" classesunloaded="0" anonymousclassesunloaded="0" quiescems="0.000" setupms="0.002" scanms="0.000" postms="0.000" />
</gc-op>
<gc-op id="281" type="sweep" timems="0.592" contextid="276" timestamp="2019-08-02T23:52:58.086" />
<gc-op id="282" type="compact" timems="1.262" contextid="276" timestamp="2019-08-02T23:52:58.088">
  <compact-info movecount="13" movebytes="33056" />
  <remembered-set-cleared processed="19202" cleared="22" durationms="0.101" />
</gc-op>
<heap-resize id="283" type="expand" space="default" amount="2097152" count="1" timems="0.060" reason="insufficient free space following gc" timestamp="2019-08-02T23:52:58.088" />
<gc-end id="284" type="partial gc" contextid="276" durationms="4.685" usertimems="8.000" systemtimems="0.000" timestamp="2019-08-02T23:52:58.088" activeThreads="6">
  <mem-info id="285" free="10485760" total="26214400" percent="40">
    <mem type="eden" free="1015520" total="1048576" percent="96" />
    <remembered-set count="12544" freebytes="996224" totalbytes="1046400" percent="95" regionsoverflowed="0" regionsstable="0" regionsrebuilding="0"/>
  </mem-info>
</gc-end>
<cycle-end id="286" type="partial gc" contextid="276" timestamp="2019-08-02T23:52:58.088" />
  <attribute name="elasticGC enabled" value="1" />
  <attribute name= "numThreadsSpecified" value="6" />
  <attribute name="heapSize specified" value="0" />
  <attribute name= "numCores" value="8" />
  <attribute name ="GC Interval" value="0" />
  <attribute name ="Control flow" value="3" />
  <attribute name="GC Util Range Max" value="161" />
  <attribute name="Current GC Util" value="65" />
  <attribute name= "Current Time Running" value="5711" />
<exclusive-end id="287" timestamp="2019-08-02T23:52:58.089" durationms="5.648" />

<exclusive-start id="288" timestamp="2019-08-02T23:52:58.239" intervalms="156.466">
  <response-info timems="0.048" idlems="0.048" threads="0" lastid="0000000001460A00" lastname="main" />
</exclusive-start>
<allocation-taxation id="289" taxation-threshold="10485760" timestamp="2019-08-02T23:52:58.239" intervalms="156.364" />
<cycle-start id="290" type="partial gc" contextid="0" timestamp="2019-08-02T23:52:58.240" intervalms="156.271" />
<gc-start id="291" type="partial gc" contextid="290" timestamp="2019-08-02T23:52:58.240">
  <mem-info id="292" free="0" total="26214400" percent="0">
    <mem type="eden" free="1015520" total="11534336" percent="8" />
    <remembered-set count="12544" freebytes="996224" totalbytes="1046400" percent="95" regionsoverflowed="0" regionsstable="0" regionsrebuilding="0"/>
  </mem-info>
</gc-start>
<allocation-stats totalBytes="10478096" >
  <allocated-bytes non-tlh="68048" tlh="10410048" arrayletleaf="0"/>
  <largest-consumer threadName="main" threadId="0000000001460A00" bytes="10478096" />
</allocation-stats>
<gc-op id="293" type="mark" timems="1.767" contextid="290" timestamp="2019-08-02T23:52:58.242">
  <trace-info objectcount="2185" scancount="1603" scanbytes="78608" />
  <cardclean-info objects="319" bytes="16956" />
  <remembered-set-cleared processed="9668" cleared="134" durationms="0.092" />
  <references type="soft" candidates="3" cleared="0" enqueued="0" dynamicThreshold="12" maxThreshold="32" />
  <references type="weak" candidates="27" cleared="17" enqueued="17" />
  <references type="phantom" candidates="4" cleared="2" enqueued="2" />
  <stringconstants candidates="9087" cleared="0"  />
  <warning details="Mark invoked due to insufficient free space for Copy-Forward" />
</gc-op>
<gc-op id="294" type="classunload" timems="0.003" contextid="290" timestamp="2019-08-02T23:52:58.242">
  <classunload-info classloadercandidates="17" classloadersunloaded="0" classesunloaded="0" anonymousclassesunloaded="0" quiescems="0.000" setupms="0.003" scanms="0.000" postms="0.000" />
</gc-op>
<gc-op id="295" type="sweep" timems="0.613" contextid="290" timestamp="2019-08-02T23:52:58.243" />
<gc-op id="296" type="compact" timems="1.587" contextid="290" timestamp="2019-08-02T23:52:58.245">
  <compact-info movecount="2185" movebytes="113552" />
  <remembered-set-cleared processed="19487" cleared="390" durationms="0.092" />
</gc-op>
<gc-end id="297" type="partial gc" contextid="290" durationms="5.089" usertimems="8.000" systemtimems="0.000" timestamp="2019-08-02T23:52:58.245" activeThreads="8">
  <mem-info id="298" free="10485760" total="26214400" percent="40">
    <mem type="eden" free="935024" total="1048576" percent="89" />
    <pending-finalizers system="0" default="0" reference="19" classloader="0" />
    <remembered-set count="14400" freebytes="988800" totalbytes="1046400" percent="94" regionsoverflowed="0" regionsstable="0" regionsrebuilding="0"/>
  </mem-info>
</gc-end>
<cycle-end id="299" type="partial gc" contextid="290" timestamp="2019-08-02T23:52:58.245" />
  <attribute name="elasticGC enabled" value="1" />
  <attribute name= "numThreadsSpecified" value="6" />
  <attribute name="heapSize specified" value="0" />
  <attribute name= "numCores" value="8" />
  <attribute name ="GC Interval" value="0" />
  <attribute name ="Control flow" value="1" />
  <attribute name="GC Util Range Max" value="161" />
  <attribute name="Current GC Util" value="85" />
  <attribute name= "Current Time Running" value="5868" />
<exclusive-end id="300" timestamp="2019-08-02T23:52:58.245" durationms="5.781" />

</verbosegc>

