<?xml version="1.0" ?>

<verbosegc xmlns="http://www.ibm.com/j9/verbosegc" version="08cc62e_CMPRSS">

<initialized id="1" timestamp="2019-08-02T20:14:06.215">
  <attribute name="gcPolicy" value="-Xgcpolicy:optavgpause" />
  <attribute name="elasticGC enabled" value="1" />
  <attribute name= "numThreadsSpecified" value="0" />
  <attribute name="heapSize specified" value="0" />
  <attribute name= "numCores" value="0" />
  <attribute name ="GC Interval" value="0" />
  <attribute name="GC Util Range Max" value="0" />
  <attribute name="Current GC Util" value="0" />
  <attribute name= "Current Time Running" value="0" />
  <attribute name="maxHeapSize" value="0x7cba0000" />
  <attribute name="initialHeapSize" value="0x800000" />
  <attribute name="compressedRefs" value="true" />
  <attribute name="compressedRefsDisplacement" value="0x0" />
  <attribute name="compressedRefsShift" value="0x0" />
  <attribute name="pageSize" value="0x1000" />
  <attribute name="pageType" value="not used" />
  <attribute name="requestedPageSize" value="0x1000" />
  <attribute name="requestedPageType" value="not used" />
  <attribute name="gcthreads" value="8" />
  <attribute name="packetListSplit" value="8" />
  <attribute name="cacheListSplit" value="8" />
  <attribute name="splitFreeListSplitAmount" value="1" />
  <attribute name="numaNodes" value="0" />
  <system>
    <attribute name="physicalMemory" value="8370401280" />
    <attribute name="numCPUs" value="8" />
    <attribute name="architecture" value="amd64" />
    <attribute name="os" value="Linux" />
    <attribute name="osVersion" value="4.4.0-154-generic" />
  </system>
  <vmargs>
    <vmarg name="-Xoptionsfile=/vagrant/jdk/lib/options.default" />
    <vmarg name="-Xlockword:mode=default,noLockword=java/lang/String,noLockword=java/util/MapEntry,noLockword=java/util/HashMap$Entry,noLockword..." />
    <vmarg name="-Xjcl:jclse29" />
    <vmarg name="-Dcom.ibm.oti.vm.bootstrap.library.path=/vagrant/jdk/lib/compressedrefs:/vagrant/jdk/lib" />
    <vmarg name="-Dsun.boot.library.path=/vagrant/jdk/lib/compressedrefs:/vagrant/jdk/lib" />
    <vmarg name="-Djava.library.path=/vagrant/jdk/lib/compressedrefs:/vagrant/jdk/lib:/usr/lib64:/usr/lib" />
    <vmarg name="-Djava.home=/vagrant/jdk" />
    <vmarg name="-Duser.dir=/vagrant" />
    <vmarg name="-Xgcpolicy:optavgpause" />
    <vmarg name="-Xgcelastic" />
    <vmarg name="-Xcheck:gc:::elasticGC" />
    <vmarg name="-verbose:gc" />
    <vmarg name="-Xloggc:jdkB-small-OAP-8core-verbose16sunflow.txt" />
    <vmarg name="-Djava.class.path=dacapo-9.12-MR1-bach.jar" />
    <vmarg name="-Dsun.java.command=dacapo-9.12-MR1-bach.jar sunflow --size=small" />
    <vmarg name="-Dsun.java.launcher=SUN_STANDARD" />
    <vmarg name="-Dsun.java.launcher.pid=17832" />
  </vmargs>
</initialized>

<exclusive-start id="2" timestamp="2019-08-02T20:14:06.602" intervalms="386.897">
  <response-info timems="0.031" idlems="0.031" threads="0" lastid="0000000000656A00" lastname="main" />
</exclusive-start>
<sys-start reason="explicit" id="3" timestamp="2019-08-02T20:14:06.602" intervalms="387.332" />
<cycle-start id="4" type="global" contextid="0" timestamp="2019-08-02T20:14:06.603" intervalms="387.637" />
<gc-start id="5" type="global" contextid="4" timestamp="2019-08-02T20:14:06.603">
  <mem-info id="6" free="4282128" total="8388608" percent="51">
    <mem type="tenure" free="4282128" total="8388608" percent="51">
      <mem type="soa" free="3863312" total="7969792" percent="48" />
      <mem type="loa" free="418816" total="418816" percent="100" />
    </mem>
  </mem-info>
</gc-start>
<allocation-stats totalBytes="4103840" >
  <allocated-bytes non-tlh="502000" tlh="3601840" />
  <largest-consumer threadName="main" threadId="0000000000656A00" bytes="4010568" />
</allocation-stats>
<gc-op id="7" type="mark" timems="3.538" contextid="4" timestamp="2019-08-02T20:14:06.607">
  <trace-info objectcount="30266" scancount="24295" scanbytes="766092" />
  <finalization candidates="125" enqueued="1" />
  <ownableSynchronizers candidates="3" cleared="0" />
  <references type="soft" candidates="131" cleared="0" enqueued="0" dynamicThreshold="32" maxThreshold="32" />
  <references type="weak" candidates="1322" cleared="569" enqueued="479" />
  <references type="phantom" candidates="106" cleared="42" enqueued="42" />
  <stringconstants candidates="3958" cleared="0"  />
</gc-op>
<gc-op id="8" type="classunload" timems="0.072" contextid="4" timestamp="2019-08-02T20:14:06.607">
  <classunload-info classloadercandidates="7" classloadersunloaded="0" classesunloaded="0" anonymousclassesunloaded="0" quiescems="0.000" setupms="0.072" scanms="0.000" postms="0.000" />
</gc-op>
<gc-op id="9" type="sweep" timems="0.763" contextid="4" timestamp="2019-08-02T20:14:06.608" />
<gc-end id="10" type="global" contextid="4" durationms="5.845" usertimems="0.000" systemtimems="8.000" timestamp="2019-08-02T20:14:06.609" activeThreads="8">
  <mem-info id="11" free="6531440" total="8388608" percent="77">
    <mem type="tenure" free="6531440" total="8388608" percent="77" micro-fragmented="427412">
      <mem type="soa" free="6112624" total="7969792" percent="76" />
      <mem type="loa" free="418816" total="418816" percent="100" />
    </mem>
    <pending-finalizers system="1" default="0" reference="521" classloader="0" />
  </mem-info>
</gc-end>
<cycle-end id="12" type="global" contextid="4" timestamp="2019-08-02T20:14:06.609" />
  <attribute name="elasticGC enabled" value="1" />
  <attribute name= "numThreadsSpecified" value="0" />
  <attribute name="heapSize specified" value="0" />
  <attribute name= "numCores" value="8" />
  <attribute name ="GC Interval" value="0" />
  <attribute name ="Control flow" value="2" />
  <attribute name="GC Util Range Max" value="89" />
  <attribute name="Current GC Util" value="27" />
  <attribute name= "Current Time Running" value="4" />
<sys-end id="13" timestamp="2019-08-02T20:14:06.609" />
<exclusive-end id="14" timestamp="2019-08-02T20:14:06.609" durationms="7.036" />

<exclusive-start id="15" timestamp="2019-08-02T20:14:06.798" intervalms="196.112">
  <response-info timems="0.052" idlems="0.052" threads="0" lastid="00000000009C5F00" lastname="Thread-7" />
</exclusive-start>
<af-start id="16" threadId="00000000009C6888" totalBytesRequested="49160" timestamp="2019-08-02T20:14:06.798" intervalms="583.210" />
<cycle-start id="17" type="global" contextid="0" timestamp="2019-08-02T20:14:06.798" intervalms="195.762" />
<gc-start id="18" type="global" contextid="17" timestamp="2019-08-02T20:14:06.799">
  <mem-info id="19" free="4456" total="8388608" percent="0">
    <mem type="tenure" free="4456" total="8388608" percent="0">
      <mem type="soa" free="4456" total="7969792" percent="0" />
      <mem type="loa" free="0" total="418816" percent="0" />
    </mem>
  </mem-info>
</gc-start>
<allocation-stats totalBytes="6406624" >
  <allocated-bytes non-tlh="2528008" tlh="3878616" />
  <largest-consumer threadName="main" threadId="0000000000656A00" bytes="3038912" />
</allocation-stats>
<gc-op id="20" type="mark" timems="4.815" contextid="17" timestamp="2019-08-02T20:14:06.804">
  <trace-info objectcount="44533" scancount="36162" scanbytes="1206424" />
  <finalization candidates="124" enqueued="0" />
  <ownableSynchronizers candidates="3" cleared="0" />
  <references type="soft" candidates="148" cleared="0" enqueued="0" dynamicThreshold="24" maxThreshold="32" />
  <references type="weak" candidates="798" cleared="29" enqueued="28" />
  <references type="phantom" candidates="65" cleared="2" enqueued="2" />
  <stringconstants candidates="4534" cleared="1"  />
</gc-op>
<gc-op id="21" type="sweep" timems="1.396" contextid="17" timestamp="2019-08-02T20:14:06.805" />
<gc-end id="22" type="global" contextid="17" durationms="9.249" usertimems="12.000" systemtimems="0.000" timestamp="2019-08-02T20:14:06.808" activeThreads="8">
  <mem-info id="23" free="4058376" total="8388608" percent="48">
    <mem type="tenure" free="4058376" total="8388608" percent="48" micro-fragmented="1395682">
      <mem type="soa" free="3786144" total="7969792" percent="47" />
      <mem type="loa" free="272232" total="418816" percent="65" />
    </mem>
    <pending-finalizers system="0" default="0" reference="30" classloader="0" />
  </mem-info>
</gc-end>
<cycle-end id="24" type="global" contextid="17" timestamp="2019-08-02T20:14:06.808" />
  <attribute name="elasticGC enabled" value="1" />
  <attribute name= "numThreadsSpecified" value="0" />
  <attribute name="heapSize specified" value="0" />
  <attribute name= "numCores" value="8" />
  <attribute name ="GC Interval" value="0" />
  <attribute name ="Control flow" value="2" />
  <attribute name="GC Util Range Max" value="89" />
  <attribute name="Current GC Util" value="117" />
  <attribute name= "Current Time Running" value="202" />
<allocation-satisfied id="25" threadId="00000000009C5F00" bytesRequested="49160" />
<af-end id="26" timestamp="2019-08-02T20:14:06.808" threadId="00000000009C6888" success="true" />
<exclusive-end id="27" timestamp="2019-08-02T20:14:06.808" durationms="10.352" />

<concurrent-kickoff id="28" timestamp="2019-08-02T20:14:06.849">
  <kickoff reason="threshold reached" targetBytes="2489738" thresholdFreeBytes="343258" remainingFree="295736" tenureFreeBytes="295736" />
</concurrent-kickoff>
<exclusive-start id="29" timestamp="2019-08-02T20:14:06.849" intervalms="50.814">
  <response-info timems="0.040" idlems="0.040" threads="0" lastid="00000000009C5F00" lastname="Thread-7" />
</exclusive-start>
<cycle-start id="30" type="global" contextid="0" timestamp="2019-08-02T20:14:06.849" intervalms="50.526" />
<exclusive-end id="31" timestamp="2019-08-02T20:14:06.849" durationms="0.203" />

<exclusive-start id="32" timestamp="2019-08-02T20:14:06.850" intervalms="1.249">
  <response-info timems="0.079" idlems="0.079" threads="0" lastid="00000000009C5F00" lastname="Thread-7" />
</exclusive-start>
<af-start id="33" threadId="00000000009C6888" totalBytesRequested="920" timestamp="2019-08-02T20:14:06.850" intervalms="51.977" />
<concurrent-aborted id="34" timestamp="2019-08-02T20:14:06.851">
  <reason value="insufficient progress made" />
</concurrent-aborted>
<cycle-end id="35" type="global" contextid="30" timestamp="2019-08-02T20:14:06.851" />
  <attribute name="elasticGC enabled" value="1" />
  <attribute name= "numThreadsSpecified" value="0" />
  <attribute name="heapSize specified" value="0" />
  <attribute name= "numCores" value="8" />
  <attribute name ="GC Interval" value="0" />
  <attribute name ="Control flow" value="2" />
  <attribute name="GC Util Range Max" value="89" />
  <attribute name="Current GC Util" value="6" />
  <attribute name= "Current Time Running" value="247" />
<cycle-start id="36" type="global" contextid="0" timestamp="2019-08-02T20:14:06.851" intervalms="2.166" />
<gc-start id="37" type="global" contextid="36" timestamp="2019-08-02T20:14:06.851">
  <mem-info id="38" free="192488" total="8388608" percent="2">
    <mem type="tenure" free="192488" total="8388608" percent="2">
      <mem type="soa" free="0" total="7969792" percent="0" />
      <mem type="loa" free="192488" total="418816" percent="45" />
    </mem>
  </mem-info>
</gc-start>
<allocation-stats totalBytes="3674528" >
  <allocated-bytes non-tlh="638208" tlh="3036320" />
  <largest-consumer threadName="Thread-7" threadId="00000000009C5F00" bytes="3674528" />
</allocation-stats>
<gc-op id="39" type="mark" timems="2.613" contextid="36" timestamp="2019-08-02T20:14:06.854">
  <trace-info objectcount="44460" scancount="36110" scanbytes="1205048" />
  <finalization candidates="124" enqueued="0" />
  <ownableSynchronizers candidates="3" cleared="0" />
  <references type="soft" candidates="148" cleared="0" enqueued="0" dynamicThreshold="15" maxThreshold="32" />
  <references type="weak" candidates="769" cleared="0" enqueued="0" />
  <references type="phantom" candidates="63" cleared="0" enqueued="0" />
  <stringconstants candidates="4533" cleared="0"  />
</gc-op>
<gc-op id="40" type="sweep" timems="0.208" contextid="36" timestamp="2019-08-02T20:14:06.854" />
<gc-end id="41" type="global" contextid="36" durationms="3.668" usertimems="8.000" systemtimems="0.000" timestamp="2019-08-02T20:14:06.855" activeThreads="8">
  <mem-info id="42" free="3927440" total="8388608" percent="46">
    <mem type="tenure" free="3927440" total="8388608" percent="46" micro-fragmented="1267110">
      <mem type="soa" free="3695080" total="7969792" percent="46" />
      <mem type="loa" free="232360" total="418816" percent="55" />
    </mem>
  </mem-info>
</gc-end>
<cycle-end id="43" type="global" contextid="36" timestamp="2019-08-02T20:14:06.855" />
  <attribute name="elasticGC enabled" value="1" />
  <attribute name= "numThreadsSpecified" value="0" />
  <attribute name="heapSize specified" value="0" />
  <attribute name= "numCores" value="8" />
  <attribute name ="GC Interval" value="0" />
  <attribute name ="Control flow" value="2" />
  <attribute name="GC Util Range Max" value="89" />
  <attribute name="Current GC Util" value="22" />
  <attribute name= "Current Time Running" value="251" />
<allocation-satisfied id="44" threadId="00000000009C5F00" bytesRequested="920" />
<af-end id="45" timestamp="2019-08-02T20:14:06.855" threadId="00000000009C6888" success="true" />
<exclusive-end id="46" timestamp="2019-08-02T20:14:06.855" durationms="5.278" />

<concurrent-kickoff id="47" timestamp="2019-08-02T20:14:06.910">
  <kickoff reason="threshold reached" targetBytes="2489738" thresholdFreeBytes="343258" remainingFree="306320" tenureFreeBytes="306320" />
</concurrent-kickoff>
<exclusive-start id="48" timestamp="2019-08-02T20:14:06.910" intervalms="60.285">
  <response-info timems="0.087" idlems="0.087" threads="0" lastid="00000000009C5F00" lastname="Thread-11" />
</exclusive-start>
<cycle-start id="49" type="global" contextid="0" timestamp="2019-08-02T20:14:06.910" intervalms="59.364" />
<exclusive-end id="50" timestamp="2019-08-02T20:14:06.911" durationms="0.206" />

<exclusive-start id="51" timestamp="2019-08-02T20:14:06.917" intervalms="6.384">
  <response-info timems="0.037" idlems="0.037" threads="0" lastid="00000000009C5F00" lastname="Thread-11" />
</exclusive-start>
<af-start id="52" threadId="00000000009C6888" totalBytesRequested="40" timestamp="2019-08-02T20:14:06.917" intervalms="66.720" />
<gc-start id="53" type="global" contextid="49" timestamp="2019-08-02T20:14:06.918">
  <mem-info id="54" free="418816" total="8388608" percent="4">
    <mem type="tenure" free="418816" total="8388608" percent="4">
      <mem type="soa" free="0" total="7969792" percent="0" />
      <mem type="loa" free="418816" total="418816" percent="100" />
    </mem>
  </mem-info>
</gc-start>
<allocation-stats totalBytes="3599848" >
  <allocated-bytes non-tlh="940240" tlh="2659608" />
  <largest-consumer threadName="Thread-11" threadId="00000000009C5F00" bytes="1168352" />
</allocation-stats>
<concurrent-halted id="55" timestamp="2019-08-02T20:14:06.918">
  <halted state="Complete" status="trace only" />
  <traced bytesTarget="2489738" bytesTotal="978428" bytesByMutator="123504" bytesByHelper="854924" percent="39" />
  <cards cleaned="0" thresholdBytes="135222" />
</concurrent-halted>
<gc-op id="56" type="card-cleaning" timems="0.616" contextid="49" timestamp="2019-08-02T20:14:06.919">
  <card-cleaning cardsCleaned="17" bytesTraced="6080" workStackOverflowCount="0" />
</gc-op>
<gc-op id="57" type="mark" timems="2.846" contextid="49" timestamp="2019-08-02T20:14:06.922">
  <trace-info objectcount="13315" scancount="12330" scanbytes="471220" />
  <finalization candidates="124" enqueued="0" />
  <ownableSynchronizers candidates="3" cleared="0" />
  <references type="soft" candidates="148" cleared="0" enqueued="0" dynamicThreshold="14" maxThreshold="32" />
  <references type="weak" candidates="769" cleared="0" enqueued="0" />
  <references type="phantom" candidates="63" cleared="0" enqueued="0" />
  <stringconstants candidates="4596" cleared="0"  />
</gc-op>
<gc-op id="58" type="sweep" timems="1.639" contextid="49" timestamp="2019-08-02T20:14:06.923" />
<gc-end id="59" type="global" contextid="49" durationms="7.160" usertimems="12.000" systemtimems="0.000" timestamp="2019-08-02T20:14:06.925" activeThreads="8">
  <mem-info id="60" free="4099984" total="8388608" percent="48">
    <mem type="tenure" free="4099984" total="8388608" percent="48" micro-fragmented="1364761">
      <mem type="soa" free="3774392" total="7969792" percent="47" />
      <mem type="loa" free="325592" total="418816" percent="77" />
    </mem>
  </mem-info>
</gc-end>
<cycle-end id="61" type="global" contextid="49" timestamp="2019-08-02T20:14:06.925" />
  <attribute name="elasticGC enabled" value="1" />
  <attribute name= "numThreadsSpecified" value="0" />
  <attribute name="heapSize specified" value="0" />
  <attribute name= "numCores" value="8" />
  <attribute name ="GC Interval" value="0" />
  <attribute name ="Control flow" value="2" />
  <attribute name="GC Util Range Max" value="89" />
  <attribute name="Current GC Util" value="116" />
  <attribute name= "Current Time Running" value="320" />
<allocation-satisfied id="62" threadId="00000000009C5F00" bytesRequested="40" />
<af-end id="63" timestamp="2019-08-02T20:14:06.925" threadId="00000000009C6888" success="true" />
<exclusive-end id="64" timestamp="2019-08-02T20:14:06.925" durationms="8.538" />

<exclusive-start id="65" timestamp="2019-08-02T20:14:06.965" intervalms="48.339">
  <response-info timems="0.047" idlems="0.047" threads="0" lastid="00000000009C5F00" lastname="Thread-11" />
</exclusive-start>
<af-start id="66" threadId="00000000009C6888" totalBytesRequested="24" timestamp="2019-08-02T20:14:06.965" intervalms="48.308" />
<cycle-start id="67" type="global" contextid="0" timestamp="2019-08-02T20:14:06.966" intervalms="55.455" />
<gc-start id="68" type="global" contextid="67" timestamp="2019-08-02T20:14:06.966">
  <mem-info id="69" free="418816" total="8388608" percent="4">
    <mem type="tenure" free="418816" total="8388608" percent="4">
      <mem type="soa" free="0" total="7969792" percent="0" />
      <mem type="loa" free="418816" total="418816" percent="100" />
    </mem>
  </mem-info>
</gc-start>
<allocation-stats totalBytes="3768704" >
  <allocated-bytes non-tlh="0" tlh="3768704" />
  <largest-consumer threadName="Thread-11" threadId="00000000009C5F00" bytes="3768704" />
</allocation-stats>
<gc-op id="70" type="mark" timems="4.522" contextid="67" timestamp="2019-08-02T20:14:06.971">
  <trace-info objectcount="49114" scancount="40703" scanbytes="1449880" />
  <finalization candidates="124" enqueued="0" />
  <ownableSynchronizers candidates="3" cleared="0" />
  <references type="soft" candidates="148" cleared="0" enqueued="0" dynamicThreshold="15" maxThreshold="32" />
  <references type="weak" candidates="769" cleared="0" enqueued="0" />
  <references type="phantom" candidates="63" cleared="0" enqueued="0" />
  <stringconstants candidates="4596" cleared="0"  />
</gc-op>
<gc-op id="71" type="sweep" timems="1.521" contextid="67" timestamp="2019-08-02T20:14:06.972" />
<gc-end id="72" type="global" contextid="67" durationms="7.438" usertimems="12.000" systemtimems="0.000" timestamp="2019-08-02T20:14:06.973" activeThreads="8">
  <mem-info id="73" free="4114496" total="8388608" percent="49">
    <mem type="tenure" free="4114496" total="8388608" percent="49" micro-fragmented="1496192">
      <mem type="soa" free="3770256" total="7969792" percent="47" />
      <mem type="loa" free="344240" total="418816" percent="82" />
    </mem>
  </mem-info>
</gc-end>
<cycle-end id="74" type="global" contextid="67" timestamp="2019-08-02T20:14:06.974" />
  <attribute name="elasticGC enabled" value="1" />
  <attribute name= "numThreadsSpecified" value="0" />
  <attribute name="heapSize specified" value="0" />
  <attribute name= "numCores" value="8" />
  <attribute name ="GC Interval" value="0" />
  <attribute name ="Control flow" value="2" />
  <attribute name="GC Util Range Max" value="89" />
  <attribute name="Current GC Util" value="129" />
  <attribute name= "Current Time Running" value="369" />
<allocation-satisfied id="75" threadId="00000000009C5F00" bytesRequested="24" />
<af-end id="76" timestamp="2019-08-02T20:14:06.974" threadId="00000000009C6888" success="true" />
<exclusive-end id="77" timestamp="2019-08-02T20:14:06.974" durationms="8.730" />

<exclusive-start id="78" timestamp="2019-08-02T20:14:06.999" intervalms="34.412">
  <response-info timems="0.041" idlems="0.041" threads="0" lastid="00000000009C5F00" lastname="Thread-11" />
</exclusive-start>
<af-start id="79" threadId="00000000009C6888" totalBytesRequested="40" timestamp="2019-08-02T20:14:07.000" intervalms="34.409" />
<cycle-start id="80" type="global" contextid="0" timestamp="2019-08-02T20:14:07.000" intervalms="34.395" />
<gc-start id="81" type="global" contextid="80" timestamp="2019-08-02T20:14:07.000">
  <mem-info id="82" free="418816" total="8388608" percent="4">
    <mem type="tenure" free="418816" total="8388608" percent="4">
      <mem type="soa" free="0" total="7969792" percent="0" />
      <mem type="loa" free="418816" total="418816" percent="100" />
    </mem>
  </mem-info>
</gc-start>
<allocation-stats totalBytes="3762648" >
  <allocated-bytes non-tlh="0" tlh="3762648" />
  <largest-consumer threadName="Thread-11" threadId="00000000009C5F00" bytes="3762648" />
</allocation-stats>
<gc-op id="83" type="mark" timems="1.874" contextid="80" timestamp="2019-08-02T20:14:07.002">
  <trace-info objectcount="49401" scancount="41001" scanbytes="1457024" />
  <finalization candidates="124" enqueued="0" />
  <ownableSynchronizers candidates="3" cleared="0" />
  <references type="soft" candidates="148" cleared="0" enqueued="0" dynamicThreshold="15" maxThreshold="32" />
  <references type="weak" candidates="769" cleared="0" enqueued="0" />
  <references type="phantom" candidates="63" cleared="0" enqueued="0" />
  <stringconstants candidates="4596" cleared="0"  />
</gc-op>
<gc-op id="84" type="sweep" timems="0.851" contextid="80" timestamp="2019-08-02T20:14:07.003" />
<gc-end id="85" type="global" contextid="80" durationms="4.104" usertimems="8.000" systemtimems="0.000" timestamp="2019-08-02T20:14:07.005" activeThreads="8">
  <mem-info id="86" free="4102632" total="8388608" percent="48">
    <mem type="tenure" free="4102632" total="8388608" percent="48" micro-fragmented="1331360">
      <mem type="soa" free="3743480" total="7969792" percent="46" />
      <mem type="loa" free="359152" total="418816" percent="85" />
    </mem>
  </mem-info>
</gc-end>
<cycle-end id="87" type="global" contextid="80" timestamp="2019-08-02T20:14:07.005" />
  <attribute name="elasticGC enabled" value="1" />
  <attribute name= "numThreadsSpecified" value="0" />
  <attribute name="heapSize specified" value="0" />
  <attribute name= "numCores" value="8" />
  <attribute name ="GC Interval" value="0" />
  <attribute name ="Control flow" value="2" />
  <attribute name="GC Util Range Max" value="89" />
  <attribute name="Current GC Util" value="173" />
  <attribute name= "Current Time Running" value="400" />
<allocation-satisfied id="88" threadId="00000000009C5F00" bytesRequested="40" />
<af-end id="89" timestamp="2019-08-02T20:14:07.005" threadId="00000000009C6888" success="true" />
<exclusive-end id="90" timestamp="2019-08-02T20:14:07.005" durationms="5.415" />

<exclusive-start id="91" timestamp="2019-08-02T20:14:07.025" intervalms="25.836">
  <response-info timems="0.094" idlems="0.094" threads="0" lastid="00000000009C5F00" lastname="Thread-11" />
</exclusive-start>
<af-start id="92" threadId="00000000009C6888" totalBytesRequested="40" timestamp="2019-08-02T20:14:07.025" intervalms="25.838" />
<cycle-start id="93" type="global" contextid="0" timestamp="2019-08-02T20:14:07.026" intervalms="25.675" />
<gc-start id="94" type="global" contextid="93" timestamp="2019-08-02T20:14:07.026">
  <mem-info id="95" free="418816" total="8388608" percent="4">
    <mem type="tenure" free="418816" total="8388608" percent="4">
      <mem type="soa" free="0" total="7969792" percent="0" />
      <mem type="loa" free="418816" total="418816" percent="100" />
    </mem>
  </mem-info>
</gc-start>
<allocation-stats totalBytes="3734080" >
  <allocated-bytes non-tlh="0" tlh="3734080" />
  <largest-consumer threadName="Thread-11" threadId="00000000009C5F00" bytes="3734080" />
</allocation-stats>
<gc-op id="96" type="mark" timems="1.953" contextid="93" timestamp="2019-08-02T20:14:07.028">
  <trace-info objectcount="49507" scancount="41097" scanbytes="1459312" />
  <finalization candidates="124" enqueued="0" />
  <ownableSynchronizers candidates="3" cleared="0" />
  <references type="soft" candidates="148" cleared="0" enqueued="0" dynamicThreshold="15" maxThreshold="32" />
  <references type="weak" candidates="769" cleared="0" enqueued="0" />
  <references type="phantom" candidates="63" cleared="0" enqueued="0" />
  <stringconstants candidates="4596" cleared="0"  />
</gc-op>
<gc-op id="97" type="sweep" timems="0.808" contextid="93" timestamp="2019-08-02T20:14:07.029" />
<gc-end id="98" type="global" contextid="93" durationms="3.734" usertimems="8.000" systemtimems="0.000" timestamp="2019-08-02T20:14:07.030" activeThreads="8">
  <mem-info id="99" free="4097440" total="8388608" percent="48">
    <mem type="tenure" free="4097440" total="8388608" percent="48" micro-fragmented="1460786">
      <mem type="soa" free="3726352" total="7969792" percent="46" />
      <mem type="loa" free="371088" total="418816" percent="88" />
    </mem>
  </mem-info>
</gc-end>
<cycle-end id="100" type="global" contextid="93" timestamp="2019-08-02T20:14:07.030" />
  <attribute name="elasticGC enabled" value="1" />
  <attribute name= "numThreadsSpecified" value="0" />
  <attribute name="heapSize specified" value="0" />
  <attribute name= "numCores" value="8" />
  <attribute name ="GC Interval" value="0" />
  <attribute name ="Control flow" value="2" />
  <attribute name="GC Util Range Max" value="89" />
  <attribute name="Current GC Util" value="184" />
  <attribute name= "Current Time Running" value="426" />
<allocation-satisfied id="101" threadId="00000000009C5F00" bytesRequested="40" />
<af-end id="102" timestamp="2019-08-02T20:14:07.030" threadId="00000000009C6888" success="true" />
<exclusive-end id="103" timestamp="2019-08-02T20:14:07.030" durationms="4.881" />

<exclusive-start id="104" timestamp="2019-08-02T20:14:07.053" intervalms="27.191">
  <response-info timems="0.069" idlems="0.069" threads="0" lastid="00000000009C5F00" lastname="Thread-11" />
</exclusive-start>
<af-start id="105" threadId="00000000009C6888" totalBytesRequested="40" timestamp="2019-08-02T20:14:07.053" intervalms="27.184" />
<cycle-start id="106" type="global" contextid="0" timestamp="2019-08-02T20:14:07.053" intervalms="27.167" />
<gc-start id="107" type="global" contextid="106" timestamp="2019-08-02T20:14:07.053">
  <mem-info id="108" free="418816" total="8388608" percent="4">
    <mem type="tenure" free="418816" total="8388608" percent="4">
      <mem type="soa" free="0" total="7969792" percent="0" />
      <mem type="loa" free="418816" total="418816" percent="100" />
    </mem>
  </mem-info>
</gc-start>
<allocation-stats totalBytes="3715256" >
  <allocated-bytes non-tlh="0" tlh="3715256" />
  <largest-consumer threadName="Thread-11" threadId="00000000009C5F00" bytes="3715256" />
</allocation-stats>
<gc-op id="109" type="mark" timems="2.086" contextid="106" timestamp="2019-08-02T20:14:07.056">
  <trace-info objectcount="49716" scancount="41311" scanbytes="1464568" />
  <finalization candidates="124" enqueued="0" />
  <ownableSynchronizers candidates="3" cleared="0" />
  <references type="soft" candidates="148" cleared="0" enqueued="0" dynamicThreshold="15" maxThreshold="32" />
  <references type="weak" candidates="769" cleared="0" enqueued="0" />
  <references type="phantom" candidates="63" cleared="0" enqueued="0" />
  <stringconstants candidates="4596" cleared="0"  />
</gc-op>
<gc-op id="110" type="sweep" timems="0.495" contextid="106" timestamp="2019-08-02T20:14:07.056" />
<gc-end id="111" type="global" contextid="106" durationms="4.043" usertimems="8.000" systemtimems="4.000" timestamp="2019-08-02T20:14:07.057" activeThreads="8">
  <mem-info id="112" free="4078552" total="8388608" percent="48">
    <mem type="tenure" free="4078552" total="8388608" percent="48" micro-fragmented="1407426">
      <mem type="soa" free="3697920" total="7969792" percent="46" />
      <mem type="loa" free="380632" total="418816" percent="90" />
    </mem>
  </mem-info>
</gc-end>
<cycle-end id="113" type="global" contextid="106" timestamp="2019-08-02T20:14:07.057" />
  <attribute name="elasticGC enabled" value="1" />
  <attribute name= "numThreadsSpecified" value="0" />
  <attribute name="heapSize specified" value="0" />
  <attribute name= "numCores" value="8" />
  <attribute name ="GC Interval" value="0" />
  <attribute name ="Control flow" value="2" />
  <attribute name="GC Util Range Max" value="89" />
  <attribute name="Current GC Util" value="125" />
  <attribute name= "Current Time Running" value="453" />
<allocation-satisfied id="114" threadId="00000000009C5F00" bytesRequested="40" />
<af-end id="115" timestamp="2019-08-02T20:14:07.058" threadId="00000000009C6888" success="true" />
<exclusive-end id="116" timestamp="2019-08-02T20:14:07.058" durationms="5.190" />

<exclusive-start id="117" timestamp="2019-08-02T20:14:07.070" intervalms="17.792">
  <response-info timems="0.073" idlems="0.073" threads="0" lastid="00000000009C5F00" lastname="Thread-11" />
</exclusive-start>
<af-start id="118" threadId="00000000009C6888" totalBytesRequested="40" timestamp="2019-08-02T20:14:07.070" intervalms="17.795" />
<cycle-start id="119" type="global" contextid="0" timestamp="2019-08-02T20:14:07.071" intervalms="17.815" />
<gc-start id="120" type="global" contextid="119" timestamp="2019-08-02T20:14:07.071">
  <mem-info id="121" free="418816" total="8388608" percent="4">
    <mem type="tenure" free="418816" total="8388608" percent="4">
      <mem type="soa" free="0" total="7969792" percent="0" />
      <mem type="loa" free="418816" total="418816" percent="100" />
    </mem>
  </mem-info>
</gc-start>
<allocation-stats totalBytes="3685168" >
  <allocated-bytes non-tlh="0" tlh="3685168" />
  <largest-consumer threadName="Thread-11" threadId="00000000009C5F00" bytes="3685168" />
</allocation-stats>
<gc-op id="122" type="mark" timems="1.600" contextid="119" timestamp="2019-08-02T20:14:07.073">
  <trace-info objectcount="49820" scancount="41407" scanbytes="1466808" />
  <finalization candidates="124" enqueued="0" />
  <ownableSynchronizers candidates="3" cleared="0" />
  <references type="soft" candidates="148" cleared="0" enqueued="0" dynamicThreshold="15" maxThreshold="32" />
  <references type="weak" candidates="769" cleared="0" enqueued="0" />
  <references type="phantom" candidates="63" cleared="0" enqueued="0" />
  <stringconstants candidates="4596" cleared="0"  />
</gc-op>
<gc-op id="123" type="sweep" timems="0.685" contextid="119" timestamp="2019-08-02T20:14:07.074" />
<gc-end id="124" type="global" contextid="119" durationms="3.746" usertimems="4.000" systemtimems="4.000" timestamp="2019-08-02T20:14:07.075" activeThreads="8">
  <mem-info id="125" free="4052632" total="8388608" percent="48">
    <mem type="tenure" free="4052632" total="8388608" percent="48" micro-fragmented="1442734">
      <mem type="soa" free="3664360" total="7969792" percent="45" />
      <mem type="loa" free="388272" total="418816" percent="92" />
    </mem>
  </mem-info>
</gc-end>
<cycle-end id="126" type="global" contextid="119" timestamp="2019-08-02T20:14:07.075" />
  <attribute name="elasticGC enabled" value="1" />
  <attribute name= "numThreadsSpecified" value="0" />
  <attribute name="heapSize specified" value="0" />
  <attribute name= "numCores" value="8" />
  <attribute name ="GC Interval" value="0" />
  <attribute name ="Control flow" value="2" />
  <attribute name="GC Util Range Max" value="89" />
  <attribute name="Current GC Util" value="123" />
  <attribute name= "Current Time Running" value="470" />
<allocation-satisfied id="127" threadId="00000000009C5F00" bytesRequested="40" />
<af-end id="128" timestamp="2019-08-02T20:14:07.075" threadId="00000000009C6888" success="true" />
<exclusive-end id="129" timestamp="2019-08-02T20:14:07.075" durationms="4.901" />

<exclusive-start id="130" timestamp="2019-08-02T20:14:07.088" intervalms="17.674">
  <response-info timems="0.077" idlems="0.077" threads="0" lastid="00000000009C5F00" lastname="Thread-11" />
</exclusive-start>
<af-start id="131" threadId="00000000009C6888" totalBytesRequested="40" timestamp="2019-08-02T20:14:07.088" intervalms="17.659" />
<cycle-start id="132" type="global" contextid="0" timestamp="2019-08-02T20:14:07.089" intervalms="17.691" />
<gc-start id="133" type="global" contextid="132" timestamp="2019-08-02T20:14:07.089">
  <mem-info id="134" free="418816" total="8388608" percent="4">
    <mem type="tenure" free="418816" total="8388608" percent="4">
      <mem type="soa" free="0" total="7969792" percent="0" />
      <mem type="loa" free="418816" total="418816" percent="100" />
    </mem>
  </mem-info>
</gc-start>
<allocation-stats totalBytes="3651000" >
  <allocated-bytes non-tlh="0" tlh="3651000" />
  <largest-consumer threadName="Thread-11" threadId="00000000009C5F00" bytes="3651000" />
</allocation-stats>
<gc-op id="135" type="mark" timems="2.102" contextid="132" timestamp="2019-08-02T20:14:07.091">
  <trace-info objectcount="50082" scancount="41662" scanbytes="1473352" />
  <finalization candidates="124" enqueued="0" />
  <ownableSynchronizers candidates="3" cleared="0" />
  <references type="soft" candidates="148" cleared="0" enqueued="0" dynamicThreshold="15" maxThreshold="32" />
  <references type="weak" candidates="769" cleared="0" enqueued="0" />
  <references type="phantom" candidates="63" cleared="0" enqueued="0" />
  <stringconstants candidates="4596" cleared="0"  />
</gc-op>
<gc-op id="136" type="sweep" timems="0.861" contextid="132" timestamp="2019-08-02T20:14:07.092" />
<gc-end id="137" type="global" contextid="132" durationms="4.380" usertimems="8.000" systemtimems="0.000" timestamp="2019-08-02T20:14:07.093" activeThreads="8">
  <mem-info id="138" free="4011800" total="8388608" percent="47">
    <mem type="tenure" free="4011800" total="8388608" percent="47" micro-fragmented="1398540">
      <mem type="soa" free="3617424" total="7969792" percent="45" />
      <mem type="loa" free="394376" total="418816" percent="94" />
    </mem>
  </mem-info>
</gc-end>
<cycle-end id="139" type="global" contextid="132" timestamp="2019-08-02T20:14:07.093" />
  <attribute name="elasticGC enabled" value="1" />
  <attribute name= "numThreadsSpecified" value="0" />
  <attribute name="heapSize specified" value="0" />
  <attribute name= "numCores" value="8" />
  <attribute name ="GC Interval" value="0" />
  <attribute name ="Control flow" value="2" />
  <attribute name="GC Util Range Max" value="89" />
  <attribute name="Current GC Util" value="179" />
  <attribute name= "Current Time Running" value="489" />
<allocation-satisfied id="140" threadId="00000000009C5F00" bytesRequested="40" />
<af-end id="141" timestamp="2019-08-02T20:14:07.093" threadId="00000000009C6888" success="true" />
<exclusive-end id="142" timestamp="2019-08-02T20:14:07.094" durationms="5.527" />

<exclusive-start id="143" timestamp="2019-08-02T20:14:07.106" intervalms="18.432">
  <response-info timems="0.073" idlems="0.073" threads="0" lastid="00000000009C5F00" lastname="Thread-11" />
</exclusive-start>
<af-start id="144" threadId="00000000009C6888" totalBytesRequested="40" timestamp="2019-08-02T20:14:07.107" intervalms="18.426" />
<cycle-start id="145" type="global" contextid="0" timestamp="2019-08-02T20:14:07.107" intervalms="18.602" />
<gc-start id="146" type="global" contextid="145" timestamp="2019-08-02T20:14:07.107">
  <mem-info id="147" free="418816" total="8388608" percent="4">
    <mem type="tenure" free="418816" total="8388608" percent="4">
      <mem type="soa" free="0" total="7969792" percent="0" />
      <mem type="loa" free="418816" total="418816" percent="100" />
    </mem>
  </mem-info>
</gc-start>
<allocation-stats totalBytes="3602536" >
  <allocated-bytes non-tlh="0" tlh="3602536" />
  <largest-consumer threadName="Thread-11" threadId="00000000009C5F00" bytes="3602536" />
</allocation-stats>
<gc-op id="148" type="mark" timems="2.806" contextid="145" timestamp="2019-08-02T20:14:07.110">
  <trace-info objectcount="50231" scancount="41822" scanbytes="1476720" />
  <finalization candidates="124" enqueued="0" />
  <ownableSynchronizers candidates="3" cleared="0" />
  <references type="soft" candidates="148" cleared="0" enqueued="0" dynamicThreshold="15" maxThreshold="32" />
  <references type="weak" candidates="769" cleared="0" enqueued="0" />
  <references type="phantom" candidates="63" cleared="0" enqueued="0" />
  <stringconstants candidates="4596" cleared="0"  />
</gc-op>
<gc-op id="149" type="sweep" timems="0.801" contextid="145" timestamp="2019-08-02T20:14:07.111" />
<gc-end id="150" type="global" contextid="145" durationms="5.008" usertimems="12.000" systemtimems="0.000" timestamp="2019-08-02T20:14:07.112" activeThreads="8">
  <mem-info id="151" free="3980048" total="8388608" percent="47">
    <mem type="tenure" free="3980048" total="8388608" percent="47" micro-fragmented="1525812">
      <mem type="soa" free="3580784" total="7969792" percent="44" />
      <mem type="loa" free="399264" total="418816" percent="95" />
    </mem>
  </mem-info>
</gc-end>
<cycle-end id="152" type="global" contextid="145" timestamp="2019-08-02T20:14:07.112" />
  <attribute name="elasticGC enabled" value="1" />
  <attribute name= "numThreadsSpecified" value="0" />
  <attribute name="heapSize specified" value="0" />
  <attribute name= "numCores" value="8" />
  <attribute name ="GC Interval" value="0" />
  <attribute name ="Control flow" value="2" />
  <attribute name="GC Util Range Max" value="89" />
  <attribute name="Current GC Util" value="156" />
  <attribute name= "Current Time Running" value="508" />
<allocation-satisfied id="153" threadId="00000000009C5F00" bytesRequested="40" />
<af-end id="154" timestamp="2019-08-02T20:14:07.113" threadId="00000000009C6888" success="true" />
<exclusive-end id="155" timestamp="2019-08-02T20:14:07.113" durationms="6.279" />

<exclusive-start id="156" timestamp="2019-08-02T20:14:07.126" intervalms="20.048">
  <response-info timems="0.070" idlems="0.070" threads="0" lastid="00000000009C5F00" lastname="Thread-11" />
</exclusive-start>
<af-start id="157" threadId="00000000009C6888" totalBytesRequested="24" timestamp="2019-08-02T20:14:07.127" intervalms="20.058" />
<cycle-start id="158" type="global" contextid="0" timestamp="2019-08-02T20:14:07.127" intervalms="20.076" />
<gc-start id="159" type="global" contextid="158" timestamp="2019-08-02T20:14:07.127">
  <mem-info id="160" free="418816" total="8388608" percent="4">
    <mem type="tenure" free="418816" total="8388608" percent="4">
      <mem type="soa" free="0" total="7969792" percent="0" />
      <mem type="loa" free="418816" total="418816" percent="100" />
    </mem>
  </mem-info>
</gc-start>
<allocation-stats totalBytes="3563752" >
  <allocated-bytes non-tlh="0" tlh="3563752" />
  <largest-consumer threadName="Thread-11" threadId="00000000009C5F00" bytes="3563752" />
</allocation-stats>
<gc-op id="161" type="mark" timems="2.535" contextid="158" timestamp="2019-08-02T20:14:07.130">
  <trace-info objectcount="50420" scancount="42006" scanbytes="1481208" />
  <finalization candidates="124" enqueued="0" />
  <ownableSynchronizers candidates="3" cleared="0" />
  <references type="soft" candidates="148" cleared="0" enqueued="0" dynamicThreshold="15" maxThreshold="32" />
  <references type="weak" candidates="769" cleared="0" enqueued="0" />
  <references type="phantom" candidates="63" cleared="0" enqueued="0" />
  <stringconstants candidates="4596" cleared="0"  />
</gc-op>
<gc-op id="162" type="sweep" timems="0.850" contextid="158" timestamp="2019-08-02T20:14:07.131" />
<gc-end id="163" type="global" contextid="158" durationms="5.437" usertimems="0.000" systemtimems="8.000" timestamp="2019-08-02T20:14:07.133" activeThreads="8">
  <mem-info id="164" free="3938016" total="8388608" percent="46">
    <mem type="tenure" free="3938016" total="8388608" percent="46" micro-fragmented="1538770">
      <mem type="soa" free="3534840" total="7969792" percent="44" />
      <mem type="loa" free="403176" total="418816" percent="96" />
    </mem>
  </mem-info>
</gc-end>
<cycle-end id="165" type="global" contextid="158" timestamp="2019-08-02T20:14:07.133" />
  <attribute name="elasticGC enabled" value="1" />
  <attribute name= "numThreadsSpecified" value="0" />
  <attribute name="heapSize specified" value="0" />
  <attribute name= "numCores" value="8" />
  <attribute name ="GC Interval" value="0" />
  <attribute name ="Control flow" value="2" />
  <attribute name="GC Util Range Max" value="89" />
  <attribute name="Current GC Util" value="163" />
  <attribute name= "Current Time Running" value="528" />
<allocation-satisfied id="166" threadId="00000000009C5F00" bytesRequested="24" />
<af-end id="167" timestamp="2019-08-02T20:14:07.133" threadId="00000000009C6888" success="true" />
<exclusive-end id="168" timestamp="2019-08-02T20:14:07.133" durationms="6.828" />

<exclusive-start id="169" timestamp="2019-08-02T20:14:07.147" intervalms="20.600">
  <response-info timems="0.072" idlems="0.072" threads="0" lastid="00000000009C5F00" lastname="Thread-11" />
</exclusive-start>
<af-start id="170" threadId="00000000009C6888" totalBytesRequested="40" timestamp="2019-08-02T20:14:07.147" intervalms="20.606" />
<cycle-start id="171" type="global" contextid="0" timestamp="2019-08-02T20:14:07.148" intervalms="20.374" />
<gc-start id="172" type="global" contextid="171" timestamp="2019-08-02T20:14:07.148">
  <mem-info id="173" free="418816" total="8388608" percent="4">
    <mem type="tenure" free="418816" total="8388608" percent="4">
      <mem type="soa" free="0" total="7969792" percent="0" />
      <mem type="loa" free="418816" total="418816" percent="100" />
    </mem>
  </mem-info>
</gc-start>
<allocation-stats totalBytes="3516824" >
  <allocated-bytes non-tlh="0" tlh="3516824" />
  <largest-consumer threadName="Thread-11" threadId="00000000009C5F00" bytes="3516824" />
</allocation-stats>
<gc-op id="174" type="mark" timems="1.278" contextid="171" timestamp="2019-08-02T20:14:07.149">
  <trace-info objectcount="50680" scancount="42264" scanbytes="1487704" />
  <finalization candidates="124" enqueued="0" />
  <ownableSynchronizers candidates="3" cleared="0" />
  <references type="soft" candidates="148" cleared="0" enqueued="0" dynamicThreshold="15" maxThreshold="32" />
  <references type="weak" candidates="769" cleared="0" enqueued="0" />
  <references type="phantom" candidates="63" cleared="0" enqueued="0" />
  <stringconstants candidates="4596" cleared="0"  />
</gc-op>
<gc-op id="175" type="sweep" timems="0.586" contextid="171" timestamp="2019-08-02T20:14:07.150" />
<gc-end id="176" type="global" contextid="171" durationms="3.913" usertimems="8.000" systemtimems="0.000" timestamp="2019-08-02T20:14:07.152" activeThreads="8">
  <mem-info id="177" free="3885000" total="8388608" percent="46">
    <mem type="tenure" free="3885000" total="8388608" percent="46" micro-fragmented="1362475">
      <mem type="soa" free="3478696" total="7969792" percent="43" />
      <mem type="loa" free="406304" total="418816" percent="97" />
    </mem>
  </mem-info>
</gc-end>
<cycle-end id="178" type="global" contextid="171" timestamp="2019-08-02T20:14:07.152" />
  <attribute name="elasticGC enabled" value="1" />
  <attribute name= "numThreadsSpecified" value="0" />
  <attribute name="heapSize specified" value="0" />
  <attribute name= "numCores" value="8" />
  <attribute name ="GC Interval" value="0" />
  <attribute name ="Control flow" value="2" />
  <attribute name="GC Util Range Max" value="89" />
  <attribute name="Current GC Util" value="125" />
  <attribute name= "Current Time Running" value="547" />
<allocation-satisfied id="179" threadId="00000000009C5F00" bytesRequested="40" />
<af-end id="180" timestamp="2019-08-02T20:14:07.152" threadId="00000000009C6888" success="true" />
<exclusive-end id="181" timestamp="2019-08-02T20:14:07.152" durationms="5.070" />

<exclusive-start id="182" timestamp="2019-08-02T20:14:07.167" intervalms="19.856">
  <response-info timems="0.070" idlems="0.070" threads="0" lastid="00000000009C5F00" lastname="Thread-11" />
</exclusive-start>
<af-start id="183" threadId="00000000009C6888" totalBytesRequested="40" timestamp="2019-08-02T20:14:07.167" intervalms="19.869" />
<cycle-start id="184" type="global" contextid="0" timestamp="2019-08-02T20:14:07.168" intervalms="19.890" />
<gc-start id="185" type="global" contextid="184" timestamp="2019-08-02T20:14:07.168">
  <mem-info id="186" free="418816" total="8388608" percent="4">
    <mem type="tenure" free="418816" total="8388608" percent="4">
      <mem type="soa" free="0" total="7969792" percent="0" />
      <mem type="loa" free="418816" total="418816" percent="100" />
    </mem>
  </mem-info>
</gc-start>
<allocation-stats totalBytes="3460440" >
  <allocated-bytes non-tlh="0" tlh="3460440" />
  <largest-consumer threadName="Thread-11" threadId="00000000009C5F00" bytes="3460440" />
</allocation-stats>
<gc-op id="187" type="mark" timems="1.482" contextid="184" timestamp="2019-08-02T20:14:07.169">
  <trace-info objectcount="50881" scancount="42469" scanbytes="1492544" />
  <finalization candidates="124" enqueued="0" />
  <ownableSynchronizers candidates="3" cleared="0" />
  <references type="soft" candidates="148" cleared="0" enqueued="0" dynamicThreshold="14" maxThreshold="32" />
  <references type="weak" candidates="769" cleared="0" enqueued="0" />
  <references type="phantom" candidates="63" cleared="0" enqueued="0" />
  <stringconstants candidates="4596" cleared="0"  />
</gc-op>
<gc-op id="188" type="sweep" timems="0.928" contextid="184" timestamp="2019-08-02T20:14:07.170" />
<gc-end id="189" type="global" contextid="184" durationms="4.457" usertimems="8.000" systemtimems="0.000" timestamp="2019-08-02T20:14:07.172" activeThreads="8">
  <mem-info id="190" free="3840128" total="8388608" percent="45">
    <mem type="tenure" free="3840128" total="8388608" percent="45" micro-fragmented="1340187">
      <mem type="soa" free="3431320" total="7969792" percent="43" />
      <mem type="loa" free="408808" total="418816" percent="97" />
    </mem>
  </mem-info>
</gc-end>
<cycle-end id="191" type="global" contextid="184" timestamp="2019-08-02T20:14:07.172" />
  <attribute name="elasticGC enabled" value="1" />
  <attribute name= "numThreadsSpecified" value="0" />
  <attribute name="heapSize specified" value="0" />
  <attribute name= "numCores" value="8" />
  <attribute name ="GC Interval" value="0" />
  <attribute name ="Control flow" value="2" />
  <attribute name="GC Util Range Max" value="89" />
  <attribute name="Current GC Util" value="156" />
  <attribute name= "Current Time Running" value="567" />
<allocation-satisfied id="192" threadId="00000000009C5F00" bytesRequested="40" />
<af-end id="193" timestamp="2019-08-02T20:14:07.173" threadId="00000000009C6888" success="true" />
<exclusive-end id="194" timestamp="2019-08-02T20:14:07.173" durationms="5.807" />

<exclusive-start id="195" timestamp="2019-08-02T20:14:07.188" intervalms="20.790">
  <response-info timems="0.062" idlems="0.062" threads="0" lastid="00000000009C5F00" lastname="Thread-11" />
</exclusive-start>
<af-start id="196" threadId="00000000009C6888" totalBytesRequested="40" timestamp="2019-08-02T20:14:07.188" intervalms="20.773" />
<cycle-start id="197" type="global" contextid="0" timestamp="2019-08-02T20:14:07.188" intervalms="20.802" />
<gc-start id="198" type="global" contextid="197" timestamp="2019-08-02T20:14:07.189">
  <mem-info id="199" free="418816" total="8388608" percent="4">
    <mem type="tenure" free="418816" total="8388608" percent="4">
      <mem type="soa" free="0" total="7969792" percent="0" />
      <mem type="loa" free="418816" total="418816" percent="100" />
    </mem>
  </mem-info>
</gc-start>
<allocation-stats totalBytes="3412776" >
  <allocated-bytes non-tlh="0" tlh="3412776" />
  <largest-consumer threadName="Thread-11" threadId="00000000009C5F00" bytes="3412776" />
</allocation-stats>
<gc-op id="200" type="mark" timems="2.766" contextid="197" timestamp="2019-08-02T20:14:07.191">
  <trace-info objectcount="50479" scancount="42074" scanbytes="1478580" />
  <finalization candidates="124" enqueued="0" />
  <ownableSynchronizers candidates="3" cleared="0" />
  <references type="soft" candidates="148" cleared="47" enqueued="44" dynamicThreshold="14" maxThreshold="32" />
  <references type="weak" candidates="769" cleared="0" enqueued="0" />
  <references type="phantom" candidates="63" cleared="0" enqueued="0" />
  <stringconstants candidates="4596" cleared="0"  />
</gc-op>
<gc-op id="201" type="sweep" timems="0.379" contextid="197" timestamp="2019-08-02T20:14:07.192" />
<gc-end id="202" type="global" contextid="197" durationms="4.031" usertimems="8.000" systemtimems="0.000" timestamp="2019-08-02T20:14:07.193" activeThreads="8">
  <mem-info id="203" free="3817432" total="8388608" percent="45">
    <mem type="tenure" free="3817432" total="8388608" percent="45" micro-fragmented="1451222">
      <mem type="soa" free="3406624" total="7969792" percent="42" />
      <mem type="loa" free="410808" total="418816" percent="98" />
    </mem>
    <pending-finalizers system="0" default="0" reference="44" classloader="0" />
  </mem-info>
</gc-end>
<cycle-end id="204" type="global" contextid="197" timestamp="2019-08-02T20:14:07.193" />
  <attribute name="elasticGC enabled" value="1" />
  <attribute name= "numThreadsSpecified" value="0" />
  <attribute name="heapSize specified" value="0" />
  <attribute name= "numCores" value="8" />
  <attribute name ="GC Interval" value="0" />
  <attribute name ="Control flow" value="2" />
  <attribute name="GC Util Range Max" value="89" />
  <attribute name="Current GC Util" value="18" />
  <attribute name= "Current Time Running" value="589" />
<allocation-satisfied id="205" threadId="00000000009C5F00" bytesRequested="40" />
<af-end id="206" timestamp="2019-08-02T20:14:07.193" threadId="00000000009C6888" success="true" />
<exclusive-end id="207" timestamp="2019-08-02T20:14:07.193" durationms="5.325" />

<exclusive-start id="208" timestamp="2019-08-02T20:14:07.207" intervalms="19.240">
  <response-info timems="0.076" idlems="0.076" threads="0" lastid="00000000009C5F00" lastname="Thread-11" />
</exclusive-start>
<af-start id="209" threadId="00000000009C6888" totalBytesRequested="40" timestamp="2019-08-02T20:14:07.207" intervalms="19.286" />
<cycle-start id="210" type="global" contextid="0" timestamp="2019-08-02T20:14:07.207" intervalms="19.016" />
<gc-start id="211" type="global" contextid="210" timestamp="2019-08-02T20:14:07.208">
  <mem-info id="212" free="418816" total="8388608" percent="4">
    <mem type="tenure" free="418816" total="8388608" percent="4">
      <mem type="soa" free="0" total="7969792" percent="0" />
      <mem type="loa" free="418816" total="418816" percent="100" />
    </mem>
  </mem-info>
</gc-start>
<allocation-stats totalBytes="3386320" >
  <allocated-bytes non-tlh="0" tlh="3386320" />
  <largest-consumer threadName="Thread-11" threadId="00000000009C5F00" bytes="3383680" />
</allocation-stats>
<gc-op id="213" type="mark" timems="1.036" contextid="210" timestamp="2019-08-02T20:14:07.209">
  <trace-info objectcount="46862" scancount="39271" scanbytes="1402640" />
  <finalization candidates="124" enqueued="0" />
  <ownableSynchronizers candidates="3" cleared="0" />
  <references type="soft" candidates="101" cleared="15" enqueued="13" dynamicThreshold="14" maxThreshold="32" />
  <references type="weak" candidates="769" cleared="0" enqueued="0" />
  <references type="phantom" candidates="63" cleared="0" enqueued="0" />
  <stringconstants candidates="4596" cleared="0"  />
</gc-op>
<gc-op id="214" type="sweep" timems="0.326" contextid="210" timestamp="2019-08-02T20:14:07.209" />
<gc-end id="215" type="global" contextid="210" durationms="2.323" usertimems="8.000" systemtimems="0.000" timestamp="2019-08-02T20:14:07.210" activeThreads="8">
  <mem-info id="216" free="3992080" total="8388608" percent="47">
    <mem type="tenure" free="3992080" total="8388608" percent="47" micro-fragmented="1402588">
      <mem type="soa" free="3579664" total="7969792" percent="44" />
      <mem type="loa" free="412416" total="418816" percent="98" />
    </mem>
    <pending-finalizers system="0" default="0" reference="13" classloader="0" />
  </mem-info>
</gc-end>
<cycle-end id="217" type="global" contextid="210" timestamp="2019-08-02T20:14:07.210" />
  <attribute name="elasticGC enabled" value="1" />
  <attribute name= "numThreadsSpecified" value="0" />
  <attribute name="heapSize specified" value="0" />
  <attribute name= "numCores" value="8" />
  <attribute name ="GC Interval" value="0" />
  <attribute name ="Control flow" value="2" />
  <attribute name="GC Util Range Max" value="89" />
  <attribute name="Current GC Util" value="21" />
  <attribute name= "Current Time Running" value="606" />
<allocation-satisfied id="218" threadId="00000000009C5F00" bytesRequested="40" />
<af-end id="219" timestamp="2019-08-02T20:14:07.210" threadId="00000000009C6888" success="true" />
<exclusive-end id="220" timestamp="2019-08-02T20:14:07.210" durationms="3.495" />

<exclusive-start id="221" timestamp="2019-08-02T20:14:07.225" intervalms="17.666">
  <response-info timems="0.061" idlems="0.061" threads="0" lastid="00000000009C5F00" lastname="Thread-11" />
</exclusive-start>
<af-start id="222" threadId="00000000009C6888" totalBytesRequested="40" timestamp="2019-08-02T20:14:07.225" intervalms="17.671" />
<cycle-start id="223" type="global" contextid="0" timestamp="2019-08-02T20:14:07.225" intervalms="17.661" />
<gc-start id="224" type="global" contextid="223" timestamp="2019-08-02T20:14:07.225">
  <mem-info id="225" free="418816" total="8388608" percent="4">
    <mem type="tenure" free="418816" total="8388608" percent="4">
      <mem type="soa" free="0" total="7969792" percent="0" />
      <mem type="loa" free="418816" total="418816" percent="100" />
    </mem>
  </mem-info>
</gc-start>
<allocation-stats totalBytes="3558280" >
  <allocated-bytes non-tlh="0" tlh="3558280" />
  <largest-consumer threadName="Thread-11" threadId="00000000009C5F00" bytes="3558280" />
</allocation-stats>
<gc-op id="226" type="mark" timems="1.047" contextid="223" timestamp="2019-08-02T20:14:07.227">
  <trace-info objectcount="46976" scancount="39380" scanbytes="1404168" />
  <finalization candidates="124" enqueued="0" />
  <ownableSynchronizers candidates="3" cleared="0" />
  <references type="soft" candidates="86" cleared="0" enqueued="0" dynamicThreshold="15" maxThreshold="32" />
  <references type="weak" candidates="769" cleared="0" enqueued="0" />
  <references type="phantom" candidates="63" cleared="0" enqueued="0" />
  <stringconstants candidates="4596" cleared="0"  />
</gc-op>
<gc-op id="227" type="sweep" timems="0.292" contextid="223" timestamp="2019-08-02T20:14:07.227" />
<gc-end id="228" type="global" contextid="223" durationms="2.270" usertimems="8.000" systemtimems="0.000" timestamp="2019-08-02T20:14:07.228" activeThreads="8">
  <mem-info id="229" free="3931960" total="8388608" percent="46">
    <mem type="tenure" free="3931960" total="8388608" percent="46" micro-fragmented="1342233">
      <mem type="soa" free="3518264" total="7969792" percent="44" />
      <mem type="loa" free="413696" total="418816" percent="98" />
    </mem>
  </mem-info>
</gc-end>
<cycle-end id="230" type="global" contextid="223" timestamp="2019-08-02T20:14:07.228" />
  <attribute name="elasticGC enabled" value="1" />
  <attribute name= "numThreadsSpecified" value="0" />
  <attribute name="heapSize specified" value="0" />
  <attribute name= "numCores" value="8" />
  <attribute name ="GC Interval" value="0" />
  <attribute name ="Control flow" value="2" />
  <attribute name="GC Util Range Max" value="89" />
  <attribute name="Current GC Util" value="24" />
  <attribute name= "Current Time Running" value="624" />
<allocation-satisfied id="231" threadId="00000000009C5F00" bytesRequested="40" />
<af-end id="232" timestamp="2019-08-02T20:14:07.228" threadId="00000000009C6888" success="true" />
<exclusive-end id="233" timestamp="2019-08-02T20:14:07.228" durationms="3.442" />

<exclusive-start id="234" timestamp="2019-08-02T20:14:07.242" intervalms="17.275">
  <response-info timems="0.062" idlems="0.062" threads="0" lastid="00000000009C5F00" lastname="Thread-11" />
</exclusive-start>
<af-start id="235" threadId="00000000009C6888" totalBytesRequested="40" timestamp="2019-08-02T20:14:07.242" intervalms="17.272" />
<cycle-start id="236" type="global" contextid="0" timestamp="2019-08-02T20:14:07.242" intervalms="17.276" />
<gc-start id="237" type="global" contextid="236" timestamp="2019-08-02T20:14:07.242">
  <mem-info id="238" free="418816" total="8388608" percent="4">
    <mem type="tenure" free="418816" total="8388608" percent="4">
      <mem type="soa" free="0" total="7969792" percent="0" />
      <mem type="loa" free="418816" total="418816" percent="100" />
    </mem>
  </mem-info>
</gc-start>
<allocation-stats totalBytes="3496448" >
  <allocated-bytes non-tlh="0" tlh="3496448" />
  <largest-consumer threadName="Thread-11" threadId="00000000009C5F00" bytes="3496448" />
</allocation-stats>
<heap-resize id="239" type="loa contract" space="tenure" amount="83968" count="1" timems="0.000" reason="contract underutilized loa" timestamp="2019-08-02T20:14:07.243" />
<gc-op id="240" type="mark" timems="1.214" contextid="236" timestamp="2019-08-02T20:14:07.244">
  <trace-info objectcount="47259" scancount="39671" scanbytes="1411048" />
  <finalization candidates="124" enqueued="0" />
  <ownableSynchronizers candidates="3" cleared="0" />
  <references type="soft" candidates="86" cleared="2" enqueued="1" dynamicThreshold="14" maxThreshold="32" />
  <references type="weak" candidates="769" cleared="0" enqueued="0" />
  <references type="phantom" candidates="63" cleared="0" enqueued="0" />
  <stringconstants candidates="4596" cleared="0"  />
</gc-op>
<gc-op id="241" type="sweep" timems="0.300" contextid="236" timestamp="2019-08-02T20:14:07.245" />
<gc-end id="242" type="global" contextid="236" durationms="2.559" usertimems="8.000" systemtimems="0.000" timestamp="2019-08-02T20:14:07.245" activeThreads="8">
  <mem-info id="243" free="3867144" total="8388608" percent="46">
    <mem type="tenure" free="3867144" total="8388608" percent="46" micro-fragmented="1572252">
      <mem type="soa" free="3535568" total="8053760" percent="43" />
      <mem type="loa" free="331576" total="334848" percent="99" />
    </mem>
    <pending-finalizers system="0" default="0" reference="1" classloader="0" />
  </mem-info>
</gc-end>
<cycle-end id="244" type="global" contextid="236" timestamp="2019-08-02T20:14:07.245" />
  <attribute name="elasticGC enabled" value="1" />
  <attribute name= "numThreadsSpecified" value="0" />
  <attribute name="heapSize specified" value="0" />
  <attribute name= "numCores" value="8" />
  <attribute name ="GC Interval" value="0" />
  <attribute name ="Control flow" value="2" />
  <attribute name="GC Util Range Max" value="89" />
  <attribute name="Current GC Util" value="25" />
  <attribute name= "Current Time Running" value="641" />
<allocation-satisfied id="245" threadId="00000000009C5F00" bytesRequested="40" />
<af-end id="246" timestamp="2019-08-02T20:14:07.245" threadId="00000000009C6888" success="true" />
<exclusive-end id="247" timestamp="2019-08-02T20:14:07.245" durationms="3.529" />

<exclusive-start id="248" timestamp="2019-08-02T20:14:07.259" intervalms="16.714">
  <response-info timems="0.077" idlems="0.077" threads="0" lastid="00000000009C5F00" lastname="Thread-11" />
</exclusive-start>
<af-start id="249" threadId="00000000009C6888" totalBytesRequested="40" timestamp="2019-08-02T20:14:07.259" intervalms="16.712" />
<cycle-start id="250" type="global" contextid="0" timestamp="2019-08-02T20:14:07.259" intervalms="16.700" />
<gc-start id="251" type="global" contextid="250" timestamp="2019-08-02T20:14:07.259">
  <mem-info id="252" free="334848" total="8388608" percent="3">
    <mem type="tenure" free="334848" total="8388608" percent="3">
      <mem type="soa" free="0" total="8053760" percent="0" />
      <mem type="loa" free="334848" total="334848" percent="100" />
    </mem>
  </mem-info>
</gc-start>
<allocation-stats totalBytes="3513312" >
  <allocated-bytes non-tlh="0" tlh="3513312" />
  <largest-consumer threadName="Thread-11" threadId="00000000009C5F00" bytes="3511328" />
</allocation-stats>
<heap-resize id="253" type="loa contract" space="tenure" amount="83968" count="1" timems="0.000" reason="contract underutilized loa" timestamp="2019-08-02T20:14:07.259" />
<gc-op id="254" type="mark" timems="1.112" contextid="250" timestamp="2019-08-02T20:14:07.261">
  <trace-info objectcount="47530" scancount="39943" scanbytes="1418176" />
  <finalization candidates="124" enqueued="0" />
  <ownableSynchronizers candidates="3" cleared="0" />
  <references type="soft" candidates="84" cleared="0" enqueued="0" dynamicThreshold="14" maxThreshold="32" />
  <references type="weak" candidates="769" cleared="0" enqueued="0" />
  <references type="phantom" candidates="63" cleared="0" enqueued="0" />
  <stringconstants candidates="4596" cleared="0"  />
</gc-op>
<gc-op id="255" type="sweep" timems="0.304" contextid="250" timestamp="2019-08-02T20:14:07.261" />
<gc-end id="256" type="global" contextid="250" durationms="2.445" usertimems="4.000" systemtimems="0.000" timestamp="2019-08-02T20:14:07.262" activeThreads="8">
  <mem-info id="257" free="3800632" total="8388608" percent="45">
    <mem type="tenure" free="3800632" total="8388608" percent="45" micro-fragmented="1478229">
      <mem type="soa" free="3551712" total="8137728" percent="43" />
      <mem type="loa" free="248920" total="250880" percent="99" />
    </mem>
  </mem-info>
</gc-end>
<cycle-end id="258" type="global" contextid="250" timestamp="2019-08-02T20:14:07.262" />
  <attribute name="elasticGC enabled" value="1" />
  <attribute name= "numThreadsSpecified" value="0" />
  <attribute name="heapSize specified" value="0" />
  <attribute name= "numCores" value="8" />
  <attribute name ="GC Interval" value="0" />
  <attribute name ="Control flow" value="2" />
  <attribute name="GC Util Range Max" value="89" />
  <attribute name="Current GC Util" value="24" />
  <attribute name= "Current Time Running" value="658" />
<allocation-satisfied id="259" threadId="00000000009C5F00" bytesRequested="40" />
<af-end id="260" timestamp="2019-08-02T20:14:07.262" threadId="00000000009C6888" success="true" />
<exclusive-end id="261" timestamp="2019-08-02T20:14:07.262" durationms="3.497" />

<concurrent-kickoff id="262" timestamp="2019-08-02T20:14:07.276">
  <kickoff reason="threshold reached" targetBytes="2300794" thresholdFreeBytes="313723" remainingFree="248920" tenureFreeBytes="248920" />
</concurrent-kickoff>
<exclusive-start id="263" timestamp="2019-08-02T20:14:07.276" intervalms="17.466">
  <response-info timems="0.083" idlems="0.083" threads="0" lastid="00000000009C5F00" lastname="Thread-11" />
</exclusive-start>
<cycle-start id="264" type="global" contextid="0" timestamp="2019-08-02T20:14:07.276" intervalms="17.176" />
<exclusive-end id="265" timestamp="2019-08-02T20:14:07.276" durationms="0.301" />

<exclusive-start id="266" timestamp="2019-08-02T20:14:07.277" intervalms="0.740">
  <response-info timems="0.027" idlems="0.027" threads="0" lastid="00000000009C5F00" lastname="Thread-11" />
</exclusive-start>
<af-start id="267" threadId="00000000009C6888" totalBytesRequested="40" timestamp="2019-08-02T20:14:07.277" intervalms="18.197" />
<concurrent-aborted id="268" timestamp="2019-08-02T20:14:07.277">
  <reason value="insufficient progress made" />
</concurrent-aborted>
<cycle-end id="269" type="global" contextid="264" timestamp="2019-08-02T20:14:07.277" />
  <attribute name="elasticGC enabled" value="1" />
  <attribute name= "numThreadsSpecified" value="0" />
  <attribute name="heapSize specified" value="0" />
  <attribute name= "numCores" value="8" />
  <attribute name ="GC Interval" value="0" />
  <attribute name ="Control flow" value="2" />
  <attribute name="GC Util Range Max" value="89" />
  <attribute name="Current GC Util" value="20" />
  <attribute name= "Current Time Running" value="674" />
<cycle-start id="270" type="global" contextid="0" timestamp="2019-08-02T20:14:07.277" intervalms="1.208" />
<gc-start id="271" type="global" contextid="270" timestamp="2019-08-02T20:14:07.278">
  <mem-info id="272" free="250880" total="8388608" percent="2">
    <mem type="tenure" free="250880" total="8388608" percent="2">
      <mem type="soa" free="0" total="8137728" percent="0" />
      <mem type="loa" free="250880" total="250880" percent="100" />
    </mem>
  </mem-info>
</gc-start>
<allocation-stats totalBytes="3528424" >
  <allocated-bytes non-tlh="0" tlh="3528424" />
  <largest-consumer threadName="Thread-11" threadId="00000000009C5F00" bytes="3528424" />
</allocation-stats>
<heap-resize id="273" type="loa contract" space="tenure" amount="83968" count="1" timems="0.000" reason="contract underutilized loa" timestamp="2019-08-02T20:14:07.278" />
<gc-op id="274" type="mark" timems="1.176" contextid="270" timestamp="2019-08-02T20:14:07.279">
  <trace-info objectcount="47598" scancount="40007" scanbytes="1419552" />
  <finalization candidates="124" enqueued="0" />
  <ownableSynchronizers candidates="3" cleared="0" />
  <references type="soft" candidates="84" cleared="0" enqueued="0" dynamicThreshold="14" maxThreshold="32" />
  <references type="weak" candidates="769" cleared="0" enqueued="0" />
  <references type="phantom" candidates="63" cleared="0" enqueued="0" />
  <stringconstants candidates="4596" cleared="0"  />
</gc-op>
<gc-op id="275" type="sweep" timems="0.317" contextid="270" timestamp="2019-08-02T20:14:07.279" />
<gc-end id="276" type="global" contextid="270" durationms="2.398" usertimems="8.000" systemtimems="0.000" timestamp="2019-08-02T20:14:07.280" activeThreads="8">
  <mem-info id="277" free="3760040" total="8388608" percent="44">
    <mem type="tenure" free="3760040" total="8388608" percent="44" micro-fragmented="1543513">
      <mem type="soa" free="3594168" total="8221696" percent="43" />
      <mem type="loa" free="165872" total="166912" percent="99" />
    </mem>
  </mem-info>
</gc-end>
<cycle-end id="278" type="global" contextid="270" timestamp="2019-08-02T20:14:07.280" />
  <attribute name="elasticGC enabled" value="1" />
  <attribute name= "numThreadsSpecified" value="0" />
  <attribute name="heapSize specified" value="0" />
  <attribute name= "numCores" value="8" />
  <attribute name ="GC Interval" value="0" />
  <attribute name ="Control flow" value="2" />
  <attribute name="GC Util Range Max" value="89" />
  <attribute name="Current GC Util" value="26" />
  <attribute name= "Current Time Running" value="676" />
<allocation-satisfied id="279" threadId="00000000009C5F00" bytesRequested="40" />
<af-end id="280" timestamp="2019-08-02T20:14:07.280" threadId="00000000009C6888" success="true" />
<exclusive-end id="281" timestamp="2019-08-02T20:14:07.281" durationms="3.689" />

<concurrent-kickoff id="282" timestamp="2019-08-02T20:14:07.293">
  <kickoff reason="threshold reached" targetBytes="2300794" thresholdFreeBytes="313723" remainingFree="303448" tenureFreeBytes="303448" />
</concurrent-kickoff>
<exclusive-start id="283" timestamp="2019-08-02T20:14:07.293" intervalms="16.102">
  <response-info timems="0.063" idlems="0.063" threads="0" lastid="00000000009C5F00" lastname="Thread-11" />
</exclusive-start>
<cycle-start id="284" type="global" contextid="0" timestamp="2019-08-02T20:14:07.293" intervalms="15.632" />
<exclusive-end id="285" timestamp="2019-08-02T20:14:07.293" durationms="0.299" />

<exclusive-start id="286" timestamp="2019-08-02T20:14:07.294" intervalms="1.154">
  <response-info timems="0.027" idlems="0.027" threads="0" lastid="00000000009C5F00" lastname="Thread-11" />
</exclusive-start>
<af-start id="287" threadId="00000000009C6888" totalBytesRequested="40" timestamp="2019-08-02T20:14:07.294" intervalms="17.221" />
<concurrent-aborted id="288" timestamp="2019-08-02T20:14:07.294">
  <reason value="insufficient progress made" />
</concurrent-aborted>
<cycle-end id="289" type="global" contextid="284" timestamp="2019-08-02T20:14:07.295" />
  <attribute name="elasticGC enabled" value="1" />
  <attribute name= "numThreadsSpecified" value="0" />
  <attribute name="heapSize specified" value="0" />
  <attribute name= "numCores" value="8" />
  <attribute name ="GC Interval" value="0" />
  <attribute name ="Control flow" value="2" />
  <attribute name="GC Util Range Max" value="89" />
  <attribute name="Current GC Util" value="24" />
  <attribute name= "Current Time Running" value="691" />
<cycle-start id="290" type="global" contextid="0" timestamp="2019-08-02T20:14:07.295" intervalms="1.557" />
<gc-start id="291" type="global" contextid="290" timestamp="2019-08-02T20:14:07.295">
  <mem-info id="292" free="166912" total="8388608" percent="1">
    <mem type="tenure" free="166912" total="8388608" percent="1">
      <mem type="soa" free="0" total="8221696" percent="0" />
      <mem type="loa" free="166912" total="166912" percent="100" />
    </mem>
  </mem-info>
</gc-start>
<allocation-stats totalBytes="3570864" >
  <allocated-bytes non-tlh="0" tlh="3570864" />
  <largest-consumer threadName="Thread-11" threadId="00000000009C5F00" bytes="3570864" />
</allocation-stats>
<heap-resize id="293" type="loa contract" space="tenure" amount="83968" count="1" timems="0.000" reason="contract underutilized loa" timestamp="2019-08-02T20:14:07.295" />
<gc-op id="294" type="mark" timems="1.148" contextid="290" timestamp="2019-08-02T20:14:07.296">
  <trace-info objectcount="47760" scancount="40177" scanbytes="1423576" />
  <finalization candidates="124" enqueued="0" />
  <ownableSynchronizers candidates="3" cleared="0" />
  <references type="soft" candidates="84" cleared="0" enqueued="0" dynamicThreshold="14" maxThreshold="32" />
  <references type="weak" candidates="769" cleared="0" enqueued="0" />
  <references type="phantom" candidates="63" cleared="0" enqueued="0" />
  <stringconstants candidates="4596" cleared="0"  />
</gc-op>
<gc-op id="295" type="sweep" timems="0.340" contextid="290" timestamp="2019-08-02T20:14:07.296" />
<gc-end id="296" type="global" contextid="290" durationms="2.386" usertimems="12.000" systemtimems="0.000" timestamp="2019-08-02T20:14:07.297" activeThreads="8">
  <mem-info id="297" free="3708656" total="8388608" percent="44">
    <mem type="tenure" free="3708656" total="8388608" percent="44" micro-fragmented="1598720">
      <mem type="soa" free="3626128" total="8305664" percent="43" />
      <mem type="loa" free="82528" total="82944" percent="99" />
    </mem>
  </mem-info>
</gc-end>
<cycle-end id="298" type="global" contextid="290" timestamp="2019-08-02T20:14:07.297" />
  <attribute name="elasticGC enabled" value="1" />
  <attribute name= "numThreadsSpecified" value="0" />
  <attribute name="heapSize specified" value="0" />
  <attribute name= "numCores" value="8" />
  <attribute name ="GC Interval" value="0" />
  <attribute name ="Control flow" value="2" />
  <attribute name="GC Util Range Max" value="89" />
  <attribute name="Current GC Util" value="25" />
  <attribute name= "Current Time Running" value="693" />
<allocation-satisfied id="299" threadId="00000000009C5F00" bytesRequested="40" />
<af-end id="300" timestamp="2019-08-02T20:14:07.297" threadId="00000000009C6888" success="true" />
<exclusive-end id="301" timestamp="2019-08-02T20:14:07.297" durationms="3.403" />

<concurrent-kickoff id="302" timestamp="2019-08-02T20:14:07.310">
  <kickoff reason="threshold reached" targetBytes="2300794" thresholdFreeBytes="313723" remainingFree="303312" tenureFreeBytes="303312" />
</concurrent-kickoff>
<exclusive-start id="303" timestamp="2019-08-02T20:14:07.310" intervalms="15.963">
  <response-info timems="0.061" idlems="0.061" threads="0" lastid="00000000009C5F00" lastname="Thread-11" />
</exclusive-start>
<cycle-start id="304" type="global" contextid="0" timestamp="2019-08-02T20:14:07.310" intervalms="15.548" />
<exclusive-end id="305" timestamp="2019-08-02T20:14:07.310" durationms="0.278" />

<exclusive-start id="306" timestamp="2019-08-02T20:14:07.312" intervalms="2.295">
  <response-info timems="0.051" idlems="0.051" threads="0" lastid="00000000009C5F00" lastname="Thread-11" />
</exclusive-start>
<af-start id="307" threadId="00000000009C6888" totalBytesRequested="40" timestamp="2019-08-02T20:14:07.312" intervalms="18.296" />
<gc-start id="308" type="global" contextid="304" timestamp="2019-08-02T20:14:07.313">
  <mem-info id="309" free="82944" total="8388608" percent="0">
    <mem type="tenure" free="82944" total="8388608" percent="0">
      <mem type="soa" free="0" total="8305664" percent="0" />
      <mem type="loa" free="82944" total="82944" percent="100" />
    </mem>
  </mem-info>
</gc-start>
<allocation-stats totalBytes="3602200" >
  <allocated-bytes non-tlh="0" tlh="3602200" />
  <largest-consumer threadName="Thread-11" threadId="00000000009C5F00" bytes="3602200" />
</allocation-stats>
<concurrent-halted id="310" timestamp="2019-08-02T20:14:07.313">
  <halted state="Complete" status="exhausted" />
  <traced bytesTarget="2300794" bytesTotal="968968" bytesByMutator="279880" bytesByHelper="689088" percent="42" />
  <cards cleaned="14" thresholdBytes="123587" />
</concurrent-halted>
<gc-op id="311" type="card-cleaning" timems="0.102" contextid="304" timestamp="2019-08-02T20:14:07.313">
  <card-cleaning cardsCleaned="4" bytesTraced="664" workStackOverflowCount="0" />
</gc-op>
<gc-op id="312" type="mark" timems="0.777" contextid="304" timestamp="2019-08-02T20:14:07.314">
  <trace-info objectcount="13077" scancount="12889" scanbytes="475512" />
  <finalization candidates="124" enqueued="0" />
  <ownableSynchronizers candidates="3" cleared="0" />
  <references type="soft" candidates="84" cleared="0" enqueued="0" dynamicThreshold="14" maxThreshold="32" />
  <references type="weak" candidates="769" cleared="0" enqueued="0" />
  <references type="phantom" candidates="63" cleared="0" enqueued="0" />
  <stringconstants candidates="4596" cleared="0"  />
</gc-op>
<gc-op id="313" type="sweep" timems="0.358" contextid="304" timestamp="2019-08-02T20:14:07.315" />
<gc-end id="314" type="global" contextid="304" durationms="2.523" usertimems="4.000" systemtimems="0.000" timestamp="2019-08-02T20:14:07.315" activeThreads="8">
  <mem-info id="315" free="3643104" total="8388608" percent="43">
    <mem type="tenure" free="3643104" total="8388608" percent="43" micro-fragmented="1588429">
      <mem type="soa" free="3560488" total="8305664" percent="42" />
      <mem type="loa" free="82616" total="82944" percent="99" />
    </mem>
  </mem-info>
</gc-end>
<cycle-end id="316" type="global" contextid="304" timestamp="2019-08-02T20:14:07.315" />
  <attribute name="elasticGC enabled" value="1" />
  <attribute name= "numThreadsSpecified" value="0" />
  <attribute name="heapSize specified" value="0" />
  <attribute name= "numCores" value="8" />
  <attribute name ="GC Interval" value="0" />
  <attribute name ="Control flow" value="2" />
  <attribute name="GC Util Range Max" value="89" />
  <attribute name="Current GC Util" value="18" />
  <attribute name= "Current Time Running" value="711" />
<allocation-satisfied id="317" threadId="00000000009C5F00" bytesRequested="40" />
<af-end id="318" timestamp="2019-08-02T20:14:07.316" threadId="00000000009C6888" success="true" />
<exclusive-end id="319" timestamp="2019-08-02T20:14:07.316" durationms="3.457" />

<concurrent-kickoff id="320" timestamp="2019-08-02T20:14:07.328">
  <kickoff reason="threshold reached" targetBytes="2007696" thresholdFreeBytes="274972" remainingFree="269680" tenureFreeBytes="269680" />
</concurrent-kickoff>
<exclusive-start id="321" timestamp="2019-08-02T20:14:07.328" intervalms="15.891">
  <response-info timems="0.097" idlems="0.097" threads="0" lastid="00000000009C5F00" lastname="Thread-11" />
</exclusive-start>
<cycle-start id="322" type="global" contextid="0" timestamp="2019-08-02T20:14:07.328" intervalms="18.179" />
<exclusive-end id="323" timestamp="2019-08-02T20:14:07.328" durationms="0.270" />

<exclusive-start id="324" timestamp="2019-08-02T20:14:07.331" intervalms="2.594">
  <response-info timems="0.059" idlems="0.059" threads="0" lastid="00000000009C5F00" lastname="Thread-11" />
</exclusive-start>
<af-start id="325" threadId="00000000009C6888" totalBytesRequested="24" timestamp="2019-08-02T20:14:07.331" intervalms="18.446" />
<gc-start id="326" type="global" contextid="322" timestamp="2019-08-02T20:14:07.331">
  <mem-info id="327" free="82944" total="8388608" percent="0">
    <mem type="tenure" free="82944" total="8388608" percent="0">
      <mem type="soa" free="0" total="8305664" percent="0" />
      <mem type="loa" free="82944" total="82944" percent="100" />
    </mem>
  </mem-info>
</gc-start>
<allocation-stats totalBytes="3535632" >
  <allocated-bytes non-tlh="0" tlh="3535632" />
  <largest-consumer threadName="Thread-11" threadId="00000000009C5F00" bytes="3535632" />
</allocation-stats>
<concurrent-halted id="328" timestamp="2019-08-02T20:14:07.331">
  <halted state="Tracing incomplete" status="clean trace" />
  <traced bytesTarget="2007696" bytesTotal="921544" bytesByMutator="620316" bytesByHelper="301228" percent="45" />
  <cards cleaned="17" thresholdBytes="108322" />
</concurrent-halted>
<gc-op id="329" type="tracing" timems="0.113" contextid="322" timestamp="2019-08-02T20:14:07.332">
  <trace bytesTraced="38908" workStackOverflowCount="0" />
</gc-op>
<gc-op id="330" type="card-cleaning" timems="0.128" contextid="322" timestamp="2019-08-02T20:14:07.332">
  <card-cleaning cardsCleaned="4" bytesTraced="664" workStackOverflowCount="0" />
</gc-op>
<gc-op id="331" type="mark" timems="0.737" contextid="322" timestamp="2019-08-02T20:14:07.333">
  <trace-info objectcount="13241" scancount="13051" scanbytes="479264" />
  <finalization candidates="124" enqueued="0" />
  <ownableSynchronizers candidates="3" cleared="0" />
  <references type="soft" candidates="84" cleared="0" enqueued="0" dynamicThreshold="13" maxThreshold="32" />
  <references type="weak" candidates="769" cleared="0" enqueued="0" />
  <references type="phantom" candidates="63" cleared="0" enqueued="0" />
  <stringconstants candidates="4596" cleared="0"  />
</gc-op>
<gc-op id="332" type="sweep" timems="0.362" contextid="322" timestamp="2019-08-02T20:14:07.333" />
<gc-end id="333" type="global" contextid="322" durationms="2.775" usertimems="8.000" systemtimems="0.000" timestamp="2019-08-02T20:14:07.334" activeThreads="8">
  <mem-info id="334" free="3575648" total="8388608" percent="42">
    <mem type="tenure" free="3575648" total="8388608" percent="42" micro-fragmented="1569566">
      <mem type="soa" free="3492968" total="8305664" percent="42" />
      <mem type="loa" free="82680" total="82944" percent="99" />
    </mem>
  </mem-info>
</gc-end>
<cycle-end id="335" type="global" contextid="322" timestamp="2019-08-02T20:14:07.334" />
  <attribute name="elasticGC enabled" value="1" />
  <attribute name= "numThreadsSpecified" value="0" />
  <attribute name="heapSize specified" value="0" />
  <attribute name= "numCores" value="8" />
  <attribute name ="GC Interval" value="0" />
  <attribute name ="Control flow" value="2" />
  <attribute name="GC Util Range Max" value="89" />
  <attribute name="Current GC Util" value="19" />
  <attribute name= "Current Time Running" value="730" />
<allocation-satisfied id="336" threadId="00000000009C5F00" bytesRequested="24" />
<af-end id="337" timestamp="2019-08-02T20:14:07.334" threadId="00000000009C6888" success="true" />
<exclusive-end id="338" timestamp="2019-08-02T20:14:07.334" durationms="3.669" />

<concurrent-kickoff id="339" timestamp="2019-08-02T20:14:07.353">
  <kickoff reason="threshold reached" targetBytes="961116" thresholdFreeBytes="134666" remainingFree="127328" tenureFreeBytes="127328" />
</concurrent-kickoff>
<exclusive-start id="340" timestamp="2019-08-02T20:14:07.353" intervalms="22.652">
  <response-info timems="0.070" idlems="0.070" threads="0" lastid="00000000009C5F00" lastname="Thread-11" />
</exclusive-start>
<cycle-start id="341" type="global" contextid="0" timestamp="2019-08-02T20:14:07.354" intervalms="25.235" />
<exclusive-end id="342" timestamp="2019-08-02T20:14:07.354" durationms="0.284" />

<exclusive-start id="343" timestamp="2019-08-02T20:14:07.355" intervalms="1.989">
  <response-info timems="0.041" idlems="0.041" threads="0" lastid="00000000009C5F00" lastname="Thread-11" />
</exclusive-start>
<af-start id="344" threadId="00000000009C6888" totalBytesRequested="24" timestamp="2019-08-02T20:14:07.356" intervalms="24.707" />
<gc-start id="345" type="global" contextid="341" timestamp="2019-08-02T20:14:07.356">
  <mem-info id="346" free="82944" total="8388608" percent="0">
    <mem type="tenure" free="82944" total="8388608" percent="0">
      <mem type="soa" free="0" total="8305664" percent="0" />
      <mem type="loa" free="82944" total="82944" percent="100" />
    </mem>
  </mem-info>
</gc-start>
<allocation-stats totalBytes="3467784" >
  <allocated-bytes non-tlh="0" tlh="3467784" />
  <largest-consumer threadName="Thread-11" threadId="00000000009C5F00" bytes="3467784" />
</allocation-stats>
<concurrent-halted id="347" timestamp="2019-08-02T20:14:07.356">
  <halted state="Tracing incomplete" status="trace only" />
  <traced bytesTarget="961116" bytesTotal="858516" bytesByMutator="17056" bytesByHelper="841460" percent="89" />
  <cards cleaned="0" thresholdBytes="53050" />
</concurrent-halted>
<gc-op id="348" type="tracing" timems="0.170" contextid="341" timestamp="2019-08-02T20:14:07.356">
  <trace bytesTraced="106796" workStackOverflowCount="0" />
</gc-op>
<gc-op id="349" type="card-cleaning" timems="0.106" contextid="341" timestamp="2019-08-02T20:14:07.357">
  <card-cleaning cardsCleaned="9" bytesTraced="6392" workStackOverflowCount="0" />
</gc-op>
<gc-op id="350" type="mark" timems="0.852" contextid="341" timestamp="2019-08-02T20:14:07.358">
  <trace-info objectcount="13018" scancount="12814" scanbytes="472204" />
  <finalization candidates="124" enqueued="0" />
  <ownableSynchronizers candidates="3" cleared="0" />
  <references type="soft" candidates="84" cleared="0" enqueued="0" dynamicThreshold="13" maxThreshold="32" />
  <references type="weak" candidates="769" cleared="0" enqueued="0" />
  <references type="phantom" candidates="63" cleared="0" enqueued="0" />
  <stringconstants candidates="4596" cleared="0"  />
</gc-op>
<gc-op id="351" type="sweep" timems="0.464" contextid="341" timestamp="2019-08-02T20:14:07.358" />
<gc-end id="352" type="global" contextid="341" durationms="2.972" usertimems="0.000" systemtimems="8.000" timestamp="2019-08-02T20:14:07.359" activeThreads="8">
  <mem-info id="353" free="3522384" total="8388608" percent="41">
    <mem type="tenure" free="3522384" total="8388608" percent="41" micro-fragmented="1631166">
      <mem type="soa" free="3439648" total="8305664" percent="41" />
      <mem type="loa" free="82736" total="82944" percent="99" />
    </mem>
  </mem-info>
</gc-end>
<cycle-end id="354" type="global" contextid="341" timestamp="2019-08-02T20:14:07.359" />
  <attribute name="elasticGC enabled" value="1" />
  <attribute name= "numThreadsSpecified" value="0" />
  <attribute name="heapSize specified" value="0" />
  <attribute name= "numCores" value="8" />
  <attribute name ="GC Interval" value="0" />
  <attribute name ="Control flow" value="2" />
  <attribute name="GC Util Range Max" value="89" />
  <attribute name="Current GC Util" value="15" />
  <attribute name= "Current Time Running" value="755" />
<allocation-satisfied id="355" threadId="00000000009C5F00" bytesRequested="24" />
<af-end id="356" timestamp="2019-08-02T20:14:07.359" threadId="00000000009C6888" success="true" />
<exclusive-end id="357" timestamp="2019-08-02T20:14:07.359" durationms="3.998" />

<concurrent-kickoff id="358" timestamp="2019-08-02T20:14:07.374">
  <kickoff reason="threshold reached" targetBytes="1677334" thresholdFreeBytes="228361" remainingFree="219904" tenureFreeBytes="219904" />
</concurrent-kickoff>
<exclusive-start id="359" timestamp="2019-08-02T20:14:07.374" intervalms="18.293">
  <response-info timems="0.064" idlems="0.064" threads="0" lastid="00000000009C5F00" lastname="Thread-11" />
</exclusive-start>
<cycle-start id="360" type="global" contextid="0" timestamp="2019-08-02T20:14:07.374" intervalms="20.265" />
<exclusive-end id="361" timestamp="2019-08-02T20:14:07.374" durationms="0.196" />

<exclusive-start id="362" timestamp="2019-08-02T20:14:07.376" intervalms="1.808">
  <response-info timems="0.025" idlems="0.025" threads="0" lastid="00000000009C5F00" lastname="Thread-11" />
</exclusive-start>
<af-start id="363" threadId="00000000009C6888" totalBytesRequested="40" timestamp="2019-08-02T20:14:07.376" intervalms="20.029" />
<gc-start id="364" type="global" contextid="360" timestamp="2019-08-02T20:14:07.376">
  <mem-info id="365" free="82944" total="8388608" percent="0">
    <mem type="tenure" free="82944" total="8388608" percent="0">
      <mem type="soa" free="0" total="8305664" percent="0" />
      <mem type="loa" free="82944" total="82944" percent="100" />
    </mem>
  </mem-info>
</gc-start>
<allocation-stats totalBytes="3415376" >
  <allocated-bytes non-tlh="0" tlh="3415376" />
  <largest-consumer threadName="Thread-11" threadId="00000000009C5F00" bytes="3415376" />
</allocation-stats>
<concurrent-halted id="366" timestamp="2019-08-02T20:14:07.376">
  <halted state="Tracing incomplete" status="clean trace" />
  <traced bytesTarget="1677334" bytesTotal="938548" bytesByMutator="109524" bytesByHelper="829024" percent="55" />
  <cards cleaned="0" thresholdBytes="89960" />
</concurrent-halted>
<gc-op id="367" type="tracing" timems="0.107" contextid="360" timestamp="2019-08-02T20:14:07.376">
  <trace bytesTraced="20412" workStackOverflowCount="0" />
</gc-op>
<gc-op id="368" type="card-cleaning" timems="0.084" contextid="360" timestamp="2019-08-02T20:14:07.376">
  <card-cleaning cardsCleaned="20" bytesTraced="6008" workStackOverflowCount="0" />
</gc-op>
<gc-op id="369" type="mark" timems="1.048" contextid="360" timestamp="2019-08-02T20:14:07.378">
  <trace-info objectcount="13787" scancount="13598" scanbytes="492592" />
  <finalization candidates="124" enqueued="0" />
  <ownableSynchronizers candidates="3" cleared="0" />
  <references type="soft" candidates="84" cleared="0" enqueued="0" dynamicThreshold="13" maxThreshold="32" />
  <references type="weak" candidates="769" cleared="0" enqueued="0" />
  <references type="phantom" candidates="63" cleared="0" enqueued="0" />
  <stringconstants candidates="4596" cleared="0"  />
</gc-op>
<gc-op id="370" type="sweep" timems="0.351" contextid="360" timestamp="2019-08-02T20:14:07.378" />
<gc-end id="371" type="global" contextid="360" durationms="2.622" usertimems="0.000" systemtimems="4.000" timestamp="2019-08-02T20:14:07.379" activeThreads="8">
  <mem-info id="372" free="3444592" total="8388608" percent="41">
    <mem type="tenure" free="3444592" total="8388608" percent="41" micro-fragmented="1745561">
      <mem type="soa" free="3361816" total="8305664" percent="40" />
      <mem type="loa" free="82776" total="82944" percent="99" />
    </mem>
  </mem-info>
</gc-end>
<cycle-end id="373" type="global" contextid="360" timestamp="2019-08-02T20:14:07.379" />
  <attribute name="elasticGC enabled" value="1" />
  <attribute name= "numThreadsSpecified" value="0" />
  <attribute name="heapSize specified" value="0" />
  <attribute name= "numCores" value="8" />
  <attribute name ="GC Interval" value="0" />
  <attribute name ="Control flow" value="2" />
  <attribute name="GC Util Range Max" value="89" />
  <attribute name="Current GC Util" value="22" />
  <attribute name= "Current Time Running" value="775" />
<allocation-satisfied id="374" threadId="00000000009C5F00" bytesRequested="40" />
<af-end id="375" timestamp="2019-08-02T20:14:07.379" threadId="00000000009C6888" success="true" />
<exclusive-end id="376" timestamp="2019-08-02T20:14:07.379" durationms="3.267" />

<concurrent-kickoff id="377" timestamp="2019-08-02T20:14:07.387">
  <kickoff reason="threshold reached" targetBytes="964968" thresholdFreeBytes="135207" remainingFree="130784" tenureFreeBytes="130784" />
</concurrent-kickoff>
<exclusive-start id="378" timestamp="2019-08-02T20:14:07.387" intervalms="11.606">
  <response-info timems="0.076" idlems="0.076" threads="0" lastid="00000000009C5F00" lastname="Thread-11" />
</exclusive-start>
<cycle-start id="379" type="global" contextid="0" timestamp="2019-08-02T20:14:07.387" intervalms="13.428" />
<exclusive-end id="380" timestamp="2019-08-02T20:14:07.387" durationms="0.236" />

<exclusive-start id="381" timestamp="2019-08-02T20:14:07.388" intervalms="0.979">
  <response-info timems="0.022" idlems="0.022" threads="0" lastid="00000000009C5F00" lastname="Thread-11" />
</exclusive-start>
<af-start id="382" threadId="00000000009C6888" totalBytesRequested="24" timestamp="2019-08-02T20:14:07.388" intervalms="12.642" />
<gc-start id="383" type="global" contextid="379" timestamp="2019-08-02T20:14:07.389">
  <mem-info id="384" free="82944" total="8388608" percent="0">
    <mem type="tenure" free="82944" total="8388608" percent="0">
      <mem type="soa" free="0" total="8305664" percent="0" />
      <mem type="loa" free="82944" total="82944" percent="100" />
    </mem>
  </mem-info>
</gc-start>
<allocation-stats totalBytes="3336888" >
  <allocated-bytes non-tlh="0" tlh="3336888" />
  <largest-consumer threadName="Thread-11" threadId="00000000009C5F00" bytes="3336888" />
</allocation-stats>
<concurrent-halted id="385" timestamp="2019-08-02T20:14:07.389">
  <halted state="Complete" status="trace only" />
  <traced bytesTarget="964968" bytesTotal="474556" bytesByMutator="225796" bytesByHelper="248760" percent="49" />
  <cards cleaned="0" thresholdBytes="53263" />
</concurrent-halted>
<gc-op id="386" type="card-cleaning" timems="0.176" contextid="379" timestamp="2019-08-02T20:14:07.389">
  <card-cleaning cardsCleaned="15" bytesTraced="6440" workStackOverflowCount="0" />
</gc-op>
<gc-op id="387" type="mark" timems="1.022" contextid="379" timestamp="2019-08-02T20:14:07.390">
  <trace-info objectcount="34810" scancount="28964" scanbytes="973328" />
  <finalization candidates="124" enqueued="0" />
  <ownableSynchronizers candidates="3" cleared="0" />
  <references type="soft" candidates="84" cleared="0" enqueued="0" dynamicThreshold="13" maxThreshold="32" />
  <references type="weak" candidates="769" cleared="0" enqueued="0" />
  <references type="phantom" candidates="63" cleared="0" enqueued="0" />
  <stringconstants candidates="4596" cleared="0"  />
</gc-op>
<gc-op id="388" type="sweep" timems="0.372" contextid="379" timestamp="2019-08-02T20:14:07.391" />
<gc-end id="389" type="global" contextid="379" durationms="2.617" usertimems="4.000" systemtimems="0.000" timestamp="2019-08-02T20:14:07.391" activeThreads="8">
  <mem-info id="390" free="3368800" total="8388608" percent="40">
    <mem type="tenure" free="3368800" total="8388608" percent="40" micro-fragmented="1731202">
      <mem type="soa" free="3285992" total="8305664" percent="39" />
      <mem type="loa" free="82808" total="82944" percent="99" />
    </mem>
  </mem-info>
</gc-end>
<cycle-end id="391" type="global" contextid="379" timestamp="2019-08-02T20:14:07.391" />
  <attribute name="elasticGC enabled" value="1" />
  <attribute name= "numThreadsSpecified" value="0" />
  <attribute name="heapSize specified" value="0" />
  <attribute name= "numCores" value="8" />
  <attribute name ="GC Interval" value="0" />
  <attribute name ="Control flow" value="2" />
  <attribute name="GC Util Range Max" value="89" />
  <attribute name="Current GC Util" value="21" />
  <attribute name= "Current Time Running" value="787" />
<allocation-satisfied id="392" threadId="00000000009C5F00" bytesRequested="24" />
<af-end id="393" timestamp="2019-08-02T20:14:07.392" threadId="00000000009C6888" success="true" />
<exclusive-end id="394" timestamp="2019-08-02T20:14:07.392" durationms="3.582" />

<exclusive-start id="395" timestamp="2019-08-02T20:14:07.428" intervalms="39.935">
  <response-info timems="0.060" idlems="0.060" threads="0" lastid="0000000000656A00" lastname="main" />
</exclusive-start>
<af-start id="396" threadId="0000000000657388" totalBytesRequested="16392" timestamp="2019-08-02T20:14:07.428" intervalms="39.853" />
<cycle-start id="397" type="global" contextid="0" timestamp="2019-08-02T20:14:07.428" intervalms="41.056" />
<gc-start id="398" type="global" contextid="397" timestamp="2019-08-02T20:14:07.428">
  <mem-info id="399" free="2441208" total="8388608" percent="29">
    <mem type="tenure" free="2441208" total="8388608" percent="29">
      <mem type="soa" free="2358264" total="8305664" percent="28" />
      <mem type="loa" free="82944" total="82944" percent="100" />
    </mem>
  </mem-info>
</gc-start>
<allocation-stats totalBytes="912480" >
  <allocated-bytes non-tlh="54832" tlh="857648" />
  <largest-consumer threadName="main" threadId="0000000000656A00" bytes="77024" />
</allocation-stats>
<gc-op id="400" type="mark" timems="2.098" contextid="397" timestamp="2019-08-02T20:14:07.431">
  <trace-info objectcount="35021" scancount="27420" scanbytes="866984" />
  <finalization candidates="124" enqueued="0" />
  <ownableSynchronizers candidates="3" cleared="0" />
  <references type="soft" candidates="96" cleared="0" enqueued="0" dynamicThreshold="12" maxThreshold="32" />
  <references type="weak" candidates="789" cleared="20" enqueued="20" />
  <references type="phantom" candidates="65" cleared="3" enqueued="3" />
  <stringconstants candidates="4602" cleared="0"  />
</gc-op>
<gc-op id="401" type="sweep" timems="0.425" contextid="397" timestamp="2019-08-02T20:14:07.431" />
<gc-end id="402" type="global" contextid="397" durationms="3.395" usertimems="8.000" systemtimems="0.000" timestamp="2019-08-02T20:14:07.432" activeThreads="8">
  <mem-info id="403" free="5689000" total="8388608" percent="67">
    <mem type="tenure" free="5689000" total="8388608" percent="67" micro-fragmented="839860">
      <mem type="soa" free="5606160" total="8305664" percent="67" />
      <mem type="loa" free="82840" total="82944" percent="99" />
    </mem>
    <pending-finalizers system="0" default="0" reference="23" classloader="0" />
  </mem-info>
</gc-end>
<cycle-end id="404" type="global" contextid="397" timestamp="2019-08-02T20:14:07.432" />
  <attribute name="elasticGC enabled" value="1" />
  <attribute name= "numThreadsSpecified" value="0" />
  <attribute name="heapSize specified" value="0" />
  <attribute name= "numCores" value="8" />
  <attribute name ="GC Interval" value="0" />
  <attribute name ="Control flow" value="2" />
  <attribute name="GC Util Range Max" value="89" />
  <attribute name="Current GC Util" value="96" />
  <attribute name= "Current Time Running" value="828" />
<allocation-satisfied id="405" threadId="0000000000656A00" bytesRequested="16392" />
<af-end id="406" timestamp="2019-08-02T20:14:07.432" threadId="0000000000657388" success="true" />
<exclusive-end id="407" timestamp="2019-08-02T20:14:07.432" durationms="3.908" />

</verbosegc>

