<?xml version="1.0" ?>

<verbosegc xmlns="http://www.ibm.com/j9/verbosegc" version="08cc62e_CMPRSS">

<initialized id="1" timestamp="2019-08-02T20:13:53.753">
  <attribute name="gcPolicy" value="-Xgcpolicy:optavgpause" />
  <attribute name="elasticGC enabled" value="1" />
  <attribute name= "numThreadsSpecified" value="0" />
  <attribute name="heapSize specified" value="0" />
  <attribute name= "numCores" value="0" />
  <attribute name ="GC Interval" value="0" />
  <attribute name="GC Util Range Max" value="0" />
  <attribute name="Current GC Util" value="0" />
  <attribute name= "Current Time Running" value="0" />
  <attribute name="maxHeapSize" value="0x7cba0000" />
  <attribute name="initialHeapSize" value="0x800000" />
  <attribute name="compressedRefs" value="true" />
  <attribute name="compressedRefsDisplacement" value="0x0" />
  <attribute name="compressedRefsShift" value="0x0" />
  <attribute name="pageSize" value="0x1000" />
  <attribute name="pageType" value="not used" />
  <attribute name="requestedPageSize" value="0x1000" />
  <attribute name="requestedPageType" value="not used" />
  <attribute name="gcthreads" value="8" />
  <attribute name="packetListSplit" value="8" />
  <attribute name="cacheListSplit" value="8" />
  <attribute name="splitFreeListSplitAmount" value="1" />
  <attribute name="numaNodes" value="0" />
  <system>
    <attribute name="physicalMemory" value="8370401280" />
    <attribute name="numCPUs" value="8" />
    <attribute name="architecture" value="amd64" />
    <attribute name="os" value="Linux" />
    <attribute name="osVersion" value="4.4.0-154-generic" />
  </system>
  <vmargs>
    <vmarg name="-Xoptionsfile=/vagrant/jdk/lib/options.default" />
    <vmarg name="-Xlockword:mode=default,noLockword=java/lang/String,noLockword=java/util/MapEntry,noLockword=java/util/HashMap$Entry,noLockword..." />
    <vmarg name="-Xjcl:jclse29" />
    <vmarg name="-Dcom.ibm.oti.vm.bootstrap.library.path=/vagrant/jdk/lib/compressedrefs:/vagrant/jdk/lib" />
    <vmarg name="-Dsun.boot.library.path=/vagrant/jdk/lib/compressedrefs:/vagrant/jdk/lib" />
    <vmarg name="-Djava.library.path=/vagrant/jdk/lib/compressedrefs:/vagrant/jdk/lib:/usr/lib64:/usr/lib" />
    <vmarg name="-Djava.home=/vagrant/jdk" />
    <vmarg name="-Duser.dir=/vagrant" />
    <vmarg name="-Xgcpolicy:optavgpause" />
    <vmarg name="-Xgcelastic" />
    <vmarg name="-Xcheck:gc:::elasticGC" />
    <vmarg name="-verbose:gc" />
    <vmarg name="-Xloggc:jdkB-small-OAP-8core-verbose7sunflow.txt" />
    <vmarg name="-Djava.class.path=dacapo-9.12-MR1-bach.jar" />
    <vmarg name="-Dsun.java.command=dacapo-9.12-MR1-bach.jar sunflow --size=small" />
    <vmarg name="-Dsun.java.launcher=SUN_STANDARD" />
    <vmarg name="-Dsun.java.launcher.pid=17418" />
  </vmargs>
</initialized>

<exclusive-start id="2" timestamp="2019-08-02T20:13:54.255" intervalms="500.889">
  <response-info timems="0.059" idlems="0.059" threads="0" lastid="0000000001544A00" lastname="main" />
</exclusive-start>
<sys-start reason="explicit" id="3" timestamp="2019-08-02T20:13:54.255" intervalms="501.345" />
<cycle-start id="4" type="global" contextid="0" timestamp="2019-08-02T20:13:54.255" intervalms="501.992" />
<gc-start id="5" type="global" contextid="4" timestamp="2019-08-02T20:13:54.256">
  <mem-info id="6" free="4192016" total="8388608" percent="49">
    <mem type="tenure" free="4192016" total="8388608" percent="49">
      <mem type="soa" free="3773200" total="7969792" percent="47" />
      <mem type="loa" free="418816" total="418816" percent="100" />
    </mem>
  </mem-info>
</gc-start>
<allocation-stats totalBytes="4193888" >
  <allocated-bytes non-tlh="502000" tlh="3691888" />
  <largest-consumer threadName="main" threadId="0000000001544A00" bytes="4100936" />
</allocation-stats>
<gc-op id="7" type="mark" timems="2.732" contextid="4" timestamp="2019-08-02T20:13:54.259">
  <trace-info objectcount="30266" scancount="24321" scanbytes="766092" />
  <finalization candidates="125" enqueued="1" />
  <ownableSynchronizers candidates="3" cleared="0" />
  <references type="soft" candidates="131" cleared="0" enqueued="0" dynamicThreshold="32" maxThreshold="32" />
  <references type="weak" candidates="1322" cleared="569" enqueued="479" />
  <references type="phantom" candidates="106" cleared="42" enqueued="42" />
  <stringconstants candidates="3958" cleared="0"  />
</gc-op>
<gc-op id="8" type="classunload" timems="0.049" contextid="4" timestamp="2019-08-02T20:13:54.259">
  <classunload-info classloadercandidates="7" classloadersunloaded="0" classesunloaded="0" anonymousclassesunloaded="0" quiescems="0.000" setupms="0.048" scanms="0.001" postms="0.000" />
</gc-op>
<gc-op id="9" type="sweep" timems="0.733" contextid="4" timestamp="2019-08-02T20:13:54.260" />
<gc-end id="10" type="global" contextid="4" durationms="4.845" usertimems="8.000" systemtimems="0.000" timestamp="2019-08-02T20:13:54.260" activeThreads="8">
  <mem-info id="11" free="6536296" total="8388608" percent="77">
    <mem type="tenure" free="6536296" total="8388608" percent="77" micro-fragmented="451840">
      <mem type="soa" free="6117480" total="7969792" percent="76" />
      <mem type="loa" free="418816" total="418816" percent="100" />
    </mem>
    <pending-finalizers system="1" default="0" reference="521" classloader="0" />
  </mem-info>
</gc-end>
<cycle-end id="12" type="global" contextid="4" timestamp="2019-08-02T20:13:54.261" />
  <attribute name="elasticGC enabled" value="1" />
  <attribute name= "numThreadsSpecified" value="0" />
  <attribute name="heapSize specified" value="0" />
  <attribute name= "numCores" value="8" />
  <attribute name ="GC Interval" value="0" />
  <attribute name ="Control flow" value="2" />
  <attribute name="GC Util Range Max" value="115" />
  <attribute name="Current GC Util" value="25" />
  <attribute name= "Current Time Running" value="3" />
<sys-end id="13" timestamp="2019-08-02T20:13:54.261" />
<exclusive-end id="14" timestamp="2019-08-02T20:13:54.261" durationms="6.467" />

<exclusive-start id="15" timestamp="2019-08-02T20:13:54.466" intervalms="212.088">
  <response-info timems="0.080" idlems="0.080" threads="0" lastid="00000000018BF300" lastname="Thread-10" />
</exclusive-start>
<af-start id="16" threadId="00000000018BFC88" totalBytesRequested="49160" timestamp="2019-08-02T20:13:54.467" intervalms="713.238" />
<cycle-start id="17" type="global" contextid="0" timestamp="2019-08-02T20:13:54.467" intervalms="211.442" />
<gc-start id="18" type="global" contextid="17" timestamp="2019-08-02T20:13:54.467">
  <mem-info id="19" free="22344" total="8388608" percent="0">
    <mem type="tenure" free="22344" total="8388608" percent="0">
      <mem type="soa" free="22344" total="7969792" percent="0" />
      <mem type="loa" free="0" total="418816" percent="0" />
    </mem>
  </mem-info>
</gc-start>
<allocation-stats totalBytes="6393376" >
  <allocated-bytes non-tlh="2605864" tlh="3787512" />
  <largest-consumer threadName="main" threadId="0000000001544A00" bytes="3046904" />
</allocation-stats>
<gc-op id="20" type="mark" timems="2.544" contextid="17" timestamp="2019-08-02T20:13:54.470">
  <trace-info objectcount="44533" scancount="36162" scanbytes="1206424" />
  <finalization candidates="124" enqueued="0" />
  <ownableSynchronizers candidates="3" cleared="0" />
  <references type="soft" candidates="148" cleared="0" enqueued="0" dynamicThreshold="24" maxThreshold="32" />
  <references type="weak" candidates="798" cleared="29" enqueued="28" />
  <references type="phantom" candidates="65" cleared="2" enqueued="2" />
  <stringconstants candidates="4534" cleared="1"  />
</gc-op>
<gc-op id="21" type="sweep" timems="0.972" contextid="17" timestamp="2019-08-02T20:13:54.471" />
<gc-end id="22" type="global" contextid="17" durationms="6.156" usertimems="12.000" systemtimems="0.000" timestamp="2019-08-02T20:13:54.473" activeThreads="8">
  <mem-info id="23" free="4061416" total="8388608" percent="48">
    <mem type="tenure" free="4061416" total="8388608" percent="48" micro-fragmented="1246007">
      <mem type="soa" free="3789184" total="7969792" percent="47" />
      <mem type="loa" free="272232" total="418816" percent="65" />
    </mem>
    <pending-finalizers system="0" default="0" reference="30" classloader="0" />
  </mem-info>
</gc-end>
<cycle-end id="24" type="global" contextid="17" timestamp="2019-08-02T20:13:54.473" />
  <attribute name="elasticGC enabled" value="1" />
  <attribute name= "numThreadsSpecified" value="0" />
  <attribute name="heapSize specified" value="0" />
  <attribute name= "numCores" value="8" />
  <attribute name ="GC Interval" value="0" />
  <attribute name ="Control flow" value="2" />
  <attribute name="GC Util Range Max" value="115" />
  <attribute name="Current GC Util" value="112" />
  <attribute name= "Current Time Running" value="215" />
<allocation-satisfied id="25" threadId="00000000018BF300" bytesRequested="49160" />
<af-end id="26" timestamp="2019-08-02T20:13:54.474" threadId="00000000018BFC88" success="true" />
<exclusive-end id="27" timestamp="2019-08-02T20:13:54.474" durationms="7.754" />

<concurrent-kickoff id="28" timestamp="2019-08-02T20:13:54.516">
  <kickoff reason="threshold reached" targetBytes="2489738" thresholdFreeBytes="343258" remainingFree="272232" tenureFreeBytes="272232" />
</concurrent-kickoff>
<exclusive-start id="29" timestamp="2019-08-02T20:13:54.516" intervalms="49.881">
  <response-info timems="0.078" idlems="0.078" threads="0" lastid="00000000018BF300" lastname="Thread-10" />
</exclusive-start>
<cycle-start id="30" type="global" contextid="0" timestamp="2019-08-02T20:13:54.516" intervalms="49.517" />
<exclusive-end id="31" timestamp="2019-08-02T20:13:54.516" durationms="0.171" />

<exclusive-start id="32" timestamp="2019-08-02T20:13:54.517" intervalms="0.584">
  <response-info timems="0.017" idlems="0.017" threads="0" lastid="00000000018BF300" lastname="Thread-10" />
</exclusive-start>
<af-start id="33" threadId="00000000018BFC88" totalBytesRequested="1160" timestamp="2019-08-02T20:13:54.517" intervalms="50.315" />
<concurrent-aborted id="34" timestamp="2019-08-02T20:13:54.518">
  <reason value="insufficient progress made" />
</concurrent-aborted>
<cycle-end id="35" type="global" contextid="30" timestamp="2019-08-02T20:13:54.518" />
  <attribute name="elasticGC enabled" value="1" />
  <attribute name= "numThreadsSpecified" value="0" />
  <attribute name="heapSize specified" value="0" />
  <attribute name= "numCores" value="8" />
  <attribute name ="GC Interval" value="0" />
  <attribute name ="Control flow" value="2" />
  <attribute name="GC Util Range Max" value="115" />
  <attribute name="Current GC Util" value="8" />
  <attribute name= "Current Time Running" value="261" />
<cycle-start id="36" type="global" contextid="0" timestamp="2019-08-02T20:13:54.518" intervalms="1.373" />
<gc-start id="37" type="global" contextid="36" timestamp="2019-08-02T20:13:54.518">
  <mem-info id="38" free="192488" total="8388608" percent="2">
    <mem type="tenure" free="192488" total="8388608" percent="2">
      <mem type="soa" free="0" total="7969792" percent="0" />
      <mem type="loa" free="192488" total="418816" percent="45" />
    </mem>
  </mem-info>
</gc-start>
<allocation-stats totalBytes="3742928" >
  <allocated-bytes non-tlh="613040" tlh="3129888" />
  <largest-consumer threadName="Thread-10" threadId="00000000018BF300" bytes="3742928" />
</allocation-stats>
<gc-op id="39" type="mark" timems="2.487" contextid="36" timestamp="2019-08-02T20:13:54.521">
  <trace-info objectcount="44444" scancount="36091" scanbytes="1204784" />
  <finalization candidates="124" enqueued="0" />
  <ownableSynchronizers candidates="3" cleared="0" />
  <references type="soft" candidates="148" cleared="0" enqueued="0" dynamicThreshold="15" maxThreshold="32" />
  <references type="weak" candidates="769" cleared="0" enqueued="0" />
  <references type="phantom" candidates="63" cleared="0" enqueued="0" />
  <stringconstants candidates="4533" cleared="0"  />
</gc-op>
<gc-op id="40" type="sweep" timems="1.005" contextid="36" timestamp="2019-08-02T20:13:54.522" />
<gc-end id="41" type="global" contextid="36" durationms="5.161" usertimems="12.000" systemtimems="0.000" timestamp="2019-08-02T20:13:54.523" activeThreads="8">
  <mem-info id="42" free="3936064" total="8388608" percent="46">
    <mem type="tenure" free="3936064" total="8388608" percent="46" micro-fragmented="1246552">
      <mem type="soa" free="3703704" total="7969792" percent="46" />
      <mem type="loa" free="232360" total="418816" percent="55" />
    </mem>
  </mem-info>
</gc-end>
<cycle-end id="43" type="global" contextid="36" timestamp="2019-08-02T20:13:54.523" />
  <attribute name="elasticGC enabled" value="1" />
  <attribute name= "numThreadsSpecified" value="0" />
  <attribute name="heapSize specified" value="0" />
  <attribute name= "numCores" value="8" />
  <attribute name ="GC Interval" value="0" />
  <attribute name ="Control flow" value="2" />
  <attribute name="GC Util Range Max" value="115" />
  <attribute name="Current GC Util" value="128" />
  <attribute name= "Current Time Running" value="265" />
<allocation-satisfied id="44" threadId="00000000018BF300" bytesRequested="1160" />
<af-end id="45" timestamp="2019-08-02T20:13:54.524" threadId="00000000018BFC88" success="true" />
<exclusive-end id="46" timestamp="2019-08-02T20:13:54.524" durationms="6.879" />

<concurrent-kickoff id="47" timestamp="2019-08-02T20:13:54.581">
  <kickoff reason="threshold reached" targetBytes="2489738" thresholdFreeBytes="343258" remainingFree="331560" tenureFreeBytes="331560" />
</concurrent-kickoff>
<exclusive-start id="48" timestamp="2019-08-02T20:13:54.581" intervalms="64.576">
  <response-info timems="0.061" idlems="0.061" threads="0" lastid="00000000018BF300" lastname="Thread-11" />
</exclusive-start>
<cycle-start id="49" type="global" contextid="0" timestamp="2019-08-02T20:13:54.582" intervalms="63.797" />
<exclusive-end id="50" timestamp="2019-08-02T20:13:54.582" durationms="0.196" />

<exclusive-start id="51" timestamp="2019-08-02T20:13:54.585" intervalms="3.147">
  <response-info timems="0.024" idlems="0.024" threads="0" lastid="00000000018BF300" lastname="Thread-11" />
</exclusive-start>
<af-start id="52" threadId="00000000018BFC88" totalBytesRequested="24" timestamp="2019-08-02T20:13:54.585" intervalms="67.747" />
<gc-start id="53" type="global" contextid="49" timestamp="2019-08-02T20:13:54.585">
  <mem-info id="54" free="418816" total="8388608" percent="4">
    <mem type="tenure" free="418816" total="8388608" percent="4">
      <mem type="soa" free="0" total="7969792" percent="0" />
      <mem type="loa" free="418816" total="418816" percent="100" />
    </mem>
  </mem-info>
</gc-start>
<allocation-stats totalBytes="3599000" >
  <allocated-bytes non-tlh="1159560" tlh="2439440" />
  <largest-consumer threadName="Thread-11" threadId="00000000018BF300" bytes="1214992" />
</allocation-stats>
<concurrent-halted id="55" timestamp="2019-08-02T20:13:54.585">
  <halted state="Complete" status="trace only" />
  <traced bytesTarget="2489738" bytesTotal="545356" bytesByMutator="354824" bytesByHelper="190532" percent="21" />
  <cards cleaned="0" thresholdBytes="135222" />
</concurrent-halted>
<gc-op id="56" type="card-cleaning" timems="0.452" contextid="49" timestamp="2019-08-02T20:13:54.586">
  <card-cleaning cardsCleaned="9" bytesTraced="218052" workStackOverflowCount="0" />
</gc-op>
<gc-op id="57" type="mark" timems="1.049" contextid="49" timestamp="2019-08-02T20:13:54.587">
  <trace-info objectcount="28471" scancount="22271" scanbytes="686796" />
  <finalization candidates="124" enqueued="0" />
  <ownableSynchronizers candidates="3" cleared="0" />
  <references type="soft" candidates="148" cleared="0" enqueued="0" dynamicThreshold="15" maxThreshold="32" />
  <references type="weak" candidates="769" cleared="0" enqueued="0" />
  <references type="phantom" candidates="63" cleared="0" enqueued="0" />
  <stringconstants candidates="4596" cleared="0"  />
</gc-op>
<gc-op id="58" type="sweep" timems="0.234" contextid="49" timestamp="2019-08-02T20:13:54.587" />
<gc-end id="59" type="global" contextid="49" durationms="3.020" usertimems="0.000" systemtimems="4.000" timestamp="2019-08-02T20:13:54.588" activeThreads="8">
  <mem-info id="60" free="4103728" total="8388608" percent="48">
    <mem type="tenure" free="4103728" total="8388608" percent="48" micro-fragmented="1356627">
      <mem type="soa" free="3778136" total="7969792" percent="47" />
      <mem type="loa" free="325592" total="418816" percent="77" />
    </mem>
  </mem-info>
</gc-end>
<cycle-end id="61" type="global" contextid="49" timestamp="2019-08-02T20:13:54.588" />
  <attribute name="elasticGC enabled" value="1" />
  <attribute name= "numThreadsSpecified" value="0" />
  <attribute name="heapSize specified" value="0" />
  <attribute name= "numCores" value="8" />
  <attribute name ="GC Interval" value="0" />
  <attribute name ="Control flow" value="2" />
  <attribute name="GC Util Range Max" value="115" />
  <attribute name="Current GC Util" value="22" />
  <attribute name= "Current Time Running" value="331" />
<allocation-satisfied id="62" threadId="00000000018BF300" bytesRequested="24" />
<af-end id="63" timestamp="2019-08-02T20:13:54.589" threadId="00000000018BFC88" success="true" />
<exclusive-end id="64" timestamp="2019-08-02T20:13:54.589" durationms="4.054" />

<exclusive-start id="65" timestamp="2019-08-02T20:13:54.616" intervalms="31.880">
  <response-info timems="0.062" idlems="0.062" threads="0" lastid="00000000018BF300" lastname="Thread-11" />
</exclusive-start>
<af-start id="66" threadId="00000000018BFC88" totalBytesRequested="40" timestamp="2019-08-02T20:13:54.617" intervalms="31.887" />
<cycle-start id="67" type="global" contextid="0" timestamp="2019-08-02T20:13:54.617" intervalms="35.307" />
<gc-start id="68" type="global" contextid="67" timestamp="2019-08-02T20:13:54.617">
  <mem-info id="69" free="418816" total="8388608" percent="4">
    <mem type="tenure" free="418816" total="8388608" percent="4">
      <mem type="soa" free="0" total="7969792" percent="0" />
      <mem type="loa" free="418816" total="418816" percent="100" />
    </mem>
  </mem-info>
</gc-start>
<allocation-stats totalBytes="3773496" >
  <allocated-bytes non-tlh="0" tlh="3773496" />
  <largest-consumer threadName="Thread-11" threadId="00000000018BF300" bytes="3773496" />
</allocation-stats>
<gc-op id="70" type="mark" timems="1.290" contextid="67" timestamp="2019-08-02T20:13:54.618">
  <trace-info objectcount="49176" scancount="40742" scanbytes="1451608" />
  <finalization candidates="124" enqueued="0" />
  <ownableSynchronizers candidates="3" cleared="0" />
  <references type="soft" candidates="148" cleared="0" enqueued="0" dynamicThreshold="15" maxThreshold="32" />
  <references type="weak" candidates="769" cleared="0" enqueued="0" />
  <references type="phantom" candidates="63" cleared="0" enqueued="0" />
  <stringconstants candidates="4596" cleared="0"  />
</gc-op>
<gc-op id="71" type="sweep" timems="0.241" contextid="67" timestamp="2019-08-02T20:13:54.619" />
<gc-end id="72" type="global" contextid="67" durationms="2.454" usertimems="4.000" systemtimems="0.000" timestamp="2019-08-02T20:13:54.619" activeThreads="8">
  <mem-info id="73" free="4108176" total="8388608" percent="48">
    <mem type="tenure" free="4108176" total="8388608" percent="48" micro-fragmented="1330320">
      <mem type="soa" free="3763936" total="7969792" percent="47" />
      <mem type="loa" free="344240" total="418816" percent="82" />
    </mem>
  </mem-info>
</gc-end>
<cycle-end id="74" type="global" contextid="67" timestamp="2019-08-02T20:13:54.620" />
  <attribute name="elasticGC enabled" value="1" />
  <attribute name= "numThreadsSpecified" value="0" />
  <attribute name="heapSize specified" value="0" />
  <attribute name= "numCores" value="8" />
  <attribute name ="GC Interval" value="0" />
  <attribute name ="Control flow" value="2" />
  <attribute name="GC Util Range Max" value="115" />
  <attribute name="Current GC Util" value="21" />
  <attribute name= "Current Time Running" value="362" />
<allocation-satisfied id="75" threadId="00000000018BF300" bytesRequested="40" />
<af-end id="76" timestamp="2019-08-02T20:13:54.620" threadId="00000000018BFC88" success="true" />
<exclusive-end id="77" timestamp="2019-08-02T20:13:54.620" durationms="3.488" />

<exclusive-start id="78" timestamp="2019-08-02T20:13:54.639" intervalms="22.066">
  <response-info timems="0.070" idlems="0.070" threads="0" lastid="00000000018BF300" lastname="Thread-11" />
</exclusive-start>
<af-start id="79" threadId="00000000018BFC88" totalBytesRequested="40" timestamp="2019-08-02T20:13:54.639" intervalms="22.124" />
<cycle-start id="80" type="global" contextid="0" timestamp="2019-08-02T20:13:54.639" intervalms="22.086" />
<gc-start id="81" type="global" contextid="80" timestamp="2019-08-02T20:13:54.639">
  <mem-info id="82" free="418816" total="8388608" percent="4">
    <mem type="tenure" free="418816" total="8388608" percent="4">
      <mem type="soa" free="0" total="7969792" percent="0" />
      <mem type="loa" free="418816" total="418816" percent="100" />
    </mem>
  </mem-info>
</gc-start>
<allocation-stats totalBytes="3756840" >
  <allocated-bytes non-tlh="0" tlh="3756840" />
  <largest-consumer threadName="Thread-11" threadId="00000000018BF300" bytes="3756840" />
</allocation-stats>
<gc-op id="83" type="mark" timems="1.424" contextid="80" timestamp="2019-08-02T20:13:54.641">
  <trace-info objectcount="49402" scancount="41001" scanbytes="1457048" />
  <finalization candidates="124" enqueued="0" />
  <ownableSynchronizers candidates="3" cleared="0" />
  <references type="soft" candidates="148" cleared="0" enqueued="0" dynamicThreshold="15" maxThreshold="32" />
  <references type="weak" candidates="769" cleared="0" enqueued="0" />
  <references type="phantom" candidates="63" cleared="0" enqueued="0" />
  <stringconstants candidates="4596" cleared="0"  />
</gc-op>
<gc-op id="84" type="sweep" timems="0.241" contextid="80" timestamp="2019-08-02T20:13:54.641" />
<gc-end id="85" type="global" contextid="80" durationms="2.810" usertimems="4.000" systemtimems="0.000" timestamp="2019-08-02T20:13:54.642" activeThreads="8">
  <mem-info id="86" free="4100096" total="8388608" percent="48">
    <mem type="tenure" free="4100096" total="8388608" percent="48" micro-fragmented="1309261">
      <mem type="soa" free="3740944" total="7969792" percent="46" />
      <mem type="loa" free="359152" total="418816" percent="85" />
    </mem>
  </mem-info>
</gc-end>
<cycle-end id="87" type="global" contextid="80" timestamp="2019-08-02T20:13:54.642" />
  <attribute name="elasticGC enabled" value="1" />
  <attribute name= "numThreadsSpecified" value="0" />
  <attribute name="heapSize specified" value="0" />
  <attribute name= "numCores" value="8" />
  <attribute name ="GC Interval" value="0" />
  <attribute name ="Control flow" value="2" />
  <attribute name="GC Util Range Max" value="115" />
  <attribute name="Current GC Util" value="23" />
  <attribute name= "Current Time Running" value="385" />
<allocation-satisfied id="88" threadId="00000000018BF300" bytesRequested="40" />
<af-end id="89" timestamp="2019-08-02T20:13:54.642" threadId="00000000018BFC88" success="true" />
<exclusive-end id="90" timestamp="2019-08-02T20:13:54.643" durationms="3.981" />

<exclusive-start id="91" timestamp="2019-08-02T20:13:54.659" intervalms="20.173">
  <response-info timems="0.082" idlems="0.082" threads="0" lastid="00000000018BF300" lastname="Thread-11" />
</exclusive-start>
<af-start id="92" threadId="00000000018BFC88" totalBytesRequested="40" timestamp="2019-08-02T20:13:54.659" intervalms="20.098" />
<cycle-start id="93" type="global" contextid="0" timestamp="2019-08-02T20:13:54.659" intervalms="20.136" />
<gc-start id="94" type="global" contextid="93" timestamp="2019-08-02T20:13:54.659">
  <mem-info id="95" free="418816" total="8388608" percent="4">
    <mem type="tenure" free="418816" total="8388608" percent="4">
      <mem type="soa" free="0" total="7969792" percent="0" />
      <mem type="loa" free="418816" total="418816" percent="100" />
    </mem>
  </mem-info>
</gc-start>
<allocation-stats totalBytes="3732472" >
  <allocated-bytes non-tlh="0" tlh="3732472" />
  <largest-consumer threadName="Thread-11" threadId="00000000018BF300" bytes="3732472" />
</allocation-stats>
<gc-op id="96" type="mark" timems="1.230" contextid="93" timestamp="2019-08-02T20:13:54.661">
  <trace-info objectcount="49566" scancount="41151" scanbytes="1460984" />
  <finalization candidates="124" enqueued="0" />
  <ownableSynchronizers candidates="3" cleared="0" />
  <references type="soft" candidates="148" cleared="0" enqueued="0" dynamicThreshold="15" maxThreshold="32" />
  <references type="weak" candidates="769" cleared="0" enqueued="0" />
  <references type="phantom" candidates="63" cleared="0" enqueued="0" />
  <stringconstants candidates="4596" cleared="0"  />
</gc-op>
<gc-op id="97" type="sweep" timems="0.283" contextid="93" timestamp="2019-08-02T20:13:54.661" />
<gc-end id="98" type="global" contextid="93" durationms="2.465" usertimems="8.000" systemtimems="0.000" timestamp="2019-08-02T20:13:54.662" activeThreads="8">
  <mem-info id="99" free="4092704" total="8388608" percent="48">
    <mem type="tenure" free="4092704" total="8388608" percent="48" micro-fragmented="1374794">
      <mem type="soa" free="3721616" total="7969792" percent="46" />
      <mem type="loa" free="371088" total="418816" percent="88" />
    </mem>
  </mem-info>
</gc-end>
<cycle-end id="100" type="global" contextid="93" timestamp="2019-08-02T20:13:54.662" />
  <attribute name="elasticGC enabled" value="1" />
  <attribute name= "numThreadsSpecified" value="0" />
  <attribute name="heapSize specified" value="0" />
  <attribute name= "numCores" value="8" />
  <attribute name ="GC Interval" value="0" />
  <attribute name ="Control flow" value="2" />
  <attribute name="GC Util Range Max" value="115" />
  <attribute name="Current GC Util" value="20" />
  <attribute name= "Current Time Running" value="405" />
<allocation-satisfied id="101" threadId="00000000018BF300" bytesRequested="40" />
<af-end id="102" timestamp="2019-08-02T20:13:54.662" threadId="00000000018BFC88" success="true" />
<exclusive-end id="103" timestamp="2019-08-02T20:13:54.662" durationms="3.294" />

<exclusive-start id="104" timestamp="2019-08-02T20:13:54.679" intervalms="19.892">
  <response-info timems="0.087" idlems="0.087" threads="0" lastid="00000000018BF300" lastname="Thread-11" />
</exclusive-start>
<af-start id="105" threadId="00000000018BFC88" totalBytesRequested="40" timestamp="2019-08-02T20:13:54.679" intervalms="19.897" />
<cycle-start id="106" type="global" contextid="0" timestamp="2019-08-02T20:13:54.679" intervalms="19.899" />
<gc-start id="107" type="global" contextid="106" timestamp="2019-08-02T20:13:54.679">
  <mem-info id="108" free="418816" total="8388608" percent="4">
    <mem type="tenure" free="418816" total="8388608" percent="4">
      <mem type="soa" free="0" total="7969792" percent="0" />
      <mem type="loa" free="418816" total="418816" percent="100" />
    </mem>
  </mem-info>
</gc-start>
<allocation-stats totalBytes="3712080" >
  <allocated-bytes non-tlh="0" tlh="3712080" />
  <largest-consumer threadName="Thread-11" threadId="00000000018BF300" bytes="3712080" />
</allocation-stats>
<gc-op id="109" type="mark" timems="2.421" contextid="106" timestamp="2019-08-02T20:13:54.682">
  <trace-info objectcount="49716" scancount="41301" scanbytes="1464584" />
  <finalization candidates="124" enqueued="0" />
  <ownableSynchronizers candidates="3" cleared="0" />
  <references type="soft" candidates="148" cleared="0" enqueued="0" dynamicThreshold="15" maxThreshold="32" />
  <references type="weak" candidates="769" cleared="0" enqueued="0" />
  <references type="phantom" candidates="63" cleared="0" enqueued="0" />
  <stringconstants candidates="4596" cleared="0"  />
</gc-op>
<gc-op id="110" type="sweep" timems="0.289" contextid="106" timestamp="2019-08-02T20:13:54.682" />
<gc-end id="111" type="global" contextid="106" durationms="3.829" usertimems="4.000" systemtimems="4.000" timestamp="2019-08-02T20:13:54.683" activeThreads="8">
  <mem-info id="112" free="4074736" total="8388608" percent="48">
    <mem type="tenure" free="4074736" total="8388608" percent="48" micro-fragmented="1438669">
      <mem type="soa" free="3694104" total="7969792" percent="46" />
      <mem type="loa" free="380632" total="418816" percent="90" />
    </mem>
  </mem-info>
</gc-end>
<cycle-end id="113" type="global" contextid="106" timestamp="2019-08-02T20:13:54.683" />
  <attribute name="elasticGC enabled" value="1" />
  <attribute name= "numThreadsSpecified" value="0" />
  <attribute name="heapSize specified" value="0" />
  <attribute name= "numCores" value="8" />
  <attribute name ="GC Interval" value="0" />
  <attribute name ="Control flow" value="2" />
  <attribute name="GC Util Range Max" value="115" />
  <attribute name="Current GC Util" value="17" />
  <attribute name= "Current Time Running" value="426" />
<allocation-satisfied id="114" threadId="00000000018BF300" bytesRequested="40" />
<af-end id="115" timestamp="2019-08-02T20:13:54.683" threadId="00000000018BFC88" success="true" />
<exclusive-end id="116" timestamp="2019-08-02T20:13:54.684" durationms="4.892" />

<exclusive-start id="117" timestamp="2019-08-02T20:13:54.695" intervalms="16.350">
  <response-info timems="0.077" idlems="0.077" threads="0" lastid="00000000018BF300" lastname="Thread-11" />
</exclusive-start>
<af-start id="118" threadId="00000000018BFC88" totalBytesRequested="40" timestamp="2019-08-02T20:13:54.695" intervalms="16.385" />
<cycle-start id="119" type="global" contextid="0" timestamp="2019-08-02T20:13:54.695" intervalms="16.429" />
<gc-start id="120" type="global" contextid="119" timestamp="2019-08-02T20:13:54.696">
  <mem-info id="121" free="418816" total="8388608" percent="4">
    <mem type="tenure" free="418816" total="8388608" percent="4">
      <mem type="soa" free="0" total="7969792" percent="0" />
      <mem type="loa" free="418816" total="418816" percent="100" />
    </mem>
  </mem-info>
</gc-start>
<allocation-stats totalBytes="3681976" >
  <allocated-bytes non-tlh="0" tlh="3681976" />
  <largest-consumer threadName="Thread-11" threadId="00000000018BF300" bytes="3681976" />
</allocation-stats>
<gc-op id="122" type="mark" timems="1.700" contextid="119" timestamp="2019-08-02T20:13:54.698">
  <trace-info objectcount="49882" scancount="41469" scanbytes="1468568" />
  <finalization candidates="124" enqueued="0" />
  <ownableSynchronizers candidates="3" cleared="0" />
  <references type="soft" candidates="148" cleared="0" enqueued="0" dynamicThreshold="15" maxThreshold="32" />
  <references type="weak" candidates="769" cleared="0" enqueued="0" />
  <references type="phantom" candidates="63" cleared="0" enqueued="0" />
  <stringconstants candidates="4596" cleared="0"  />
</gc-op>
<gc-op id="123" type="sweep" timems="0.261" contextid="119" timestamp="2019-08-02T20:13:54.698" />
<gc-end id="124" type="global" contextid="119" durationms="3.000" usertimems="8.000" systemtimems="0.000" timestamp="2019-08-02T20:13:54.699" activeThreads="8">
  <mem-info id="125" free="4052320" total="8388608" percent="48">
    <mem type="tenure" free="4052320" total="8388608" percent="48" micro-fragmented="1268378">
      <mem type="soa" free="3664048" total="7969792" percent="45" />
      <mem type="loa" free="388272" total="418816" percent="92" />
    </mem>
  </mem-info>
</gc-end>
<cycle-end id="126" type="global" contextid="119" timestamp="2019-08-02T20:13:54.699" />
  <attribute name="elasticGC enabled" value="1" />
  <attribute name= "numThreadsSpecified" value="0" />
  <attribute name="heapSize specified" value="0" />
  <attribute name= "numCores" value="8" />
  <attribute name ="GC Interval" value="0" />
  <attribute name ="Control flow" value="2" />
  <attribute name="GC Util Range Max" value="115" />
  <attribute name="Current GC Util" value="20" />
  <attribute name= "Current Time Running" value="442" />
<allocation-satisfied id="127" threadId="00000000018BF300" bytesRequested="40" />
<af-end id="128" timestamp="2019-08-02T20:13:54.699" threadId="00000000018BFC88" success="true" />
<exclusive-end id="129" timestamp="2019-08-02T20:13:54.699" durationms="4.000" />

<exclusive-start id="130" timestamp="2019-08-02T20:13:54.711" intervalms="16.490">
  <response-info timems="0.078" idlems="0.078" threads="0" lastid="00000000018BF300" lastname="Thread-11" />
</exclusive-start>
<af-start id="131" threadId="00000000018BFC88" totalBytesRequested="40" timestamp="2019-08-02T20:13:54.712" intervalms="16.495" />
<cycle-start id="132" type="global" contextid="0" timestamp="2019-08-02T20:13:54.712" intervalms="16.501" />
<gc-start id="133" type="global" contextid="132" timestamp="2019-08-02T20:13:54.712">
  <mem-info id="134" free="418816" total="8388608" percent="4">
    <mem type="tenure" free="418816" total="8388608" percent="4">
      <mem type="soa" free="0" total="7969792" percent="0" />
      <mem type="loa" free="418816" total="418816" percent="100" />
    </mem>
  </mem-info>
</gc-start>
<allocation-stats totalBytes="3650608" >
  <allocated-bytes non-tlh="0" tlh="3650608" />
  <largest-consumer threadName="Thread-11" threadId="00000000018BF300" bytes="3650608" />
</allocation-stats>
<gc-op id="135" type="mark" timems="1.172" contextid="132" timestamp="2019-08-02T20:13:54.714">
  <trace-info objectcount="50080" scancount="41660" scanbytes="1473304" />
  <finalization candidates="124" enqueued="0" />
  <ownableSynchronizers candidates="3" cleared="0" />
  <references type="soft" candidates="148" cleared="0" enqueued="0" dynamicThreshold="15" maxThreshold="32" />
  <references type="weak" candidates="769" cleared="0" enqueued="0" />
  <references type="phantom" candidates="63" cleared="0" enqueued="0" />
  <stringconstants candidates="4596" cleared="0"  />
</gc-op>
<gc-op id="136" type="sweep" timems="0.261" contextid="132" timestamp="2019-08-02T20:13:54.714" />
<gc-end id="137" type="global" contextid="132" durationms="2.631" usertimems="4.000" systemtimems="0.000" timestamp="2019-08-02T20:13:54.715" activeThreads="8">
  <mem-info id="138" free="4014544" total="8388608" percent="47">
    <mem type="tenure" free="4014544" total="8388608" percent="47" micro-fragmented="1483740">
      <mem type="soa" free="3620168" total="7969792" percent="45" />
      <mem type="loa" free="394376" total="418816" percent="94" />
    </mem>
  </mem-info>
</gc-end>
<cycle-end id="139" type="global" contextid="132" timestamp="2019-08-02T20:13:54.715" />
  <attribute name="elasticGC enabled" value="1" />
  <attribute name= "numThreadsSpecified" value="0" />
  <attribute name="heapSize specified" value="0" />
  <attribute name= "numCores" value="8" />
  <attribute name ="GC Interval" value="0" />
  <attribute name ="Control flow" value="2" />
  <attribute name="GC Util Range Max" value="115" />
  <attribute name="Current GC Util" value="17" />
  <attribute name= "Current Time Running" value="458" />
<allocation-satisfied id="140" threadId="00000000018BF300" bytesRequested="40" />
<af-end id="141" timestamp="2019-08-02T20:13:54.715" threadId="00000000018BFC88" success="true" />
<exclusive-end id="142" timestamp="2019-08-02T20:13:54.715" durationms="3.813" />

<exclusive-start id="143" timestamp="2019-08-02T20:13:54.728" intervalms="16.523">
  <response-info timems="0.070" idlems="0.070" threads="0" lastid="00000000018BF300" lastname="Thread-11" />
</exclusive-start>
<af-start id="144" threadId="00000000018BFC88" totalBytesRequested="24" timestamp="2019-08-02T20:13:54.728" intervalms="16.533" />
<cycle-start id="145" type="global" contextid="0" timestamp="2019-08-02T20:13:54.728" intervalms="16.527" />
<gc-start id="146" type="global" contextid="145" timestamp="2019-08-02T20:13:54.729">
  <mem-info id="147" free="418816" total="8388608" percent="4">
    <mem type="tenure" free="418816" total="8388608" percent="4">
      <mem type="soa" free="0" total="7969792" percent="0" />
      <mem type="loa" free="418816" total="418816" percent="100" />
    </mem>
  </mem-info>
</gc-start>
<allocation-stats totalBytes="3605720" >
  <allocated-bytes non-tlh="0" tlh="3605720" />
  <largest-consumer threadName="Thread-11" threadId="00000000018BF300" bytes="3605720" />
</allocation-stats>
<gc-op id="148" type="mark" timems="2.662" contextid="145" timestamp="2019-08-02T20:13:54.731">
  <trace-info objectcount="50273" scancount="41865" scanbytes="1477936" />
  <finalization candidates="124" enqueued="0" />
  <ownableSynchronizers candidates="3" cleared="0" />
  <references type="soft" candidates="148" cleared="0" enqueued="0" dynamicThreshold="15" maxThreshold="32" />
  <references type="weak" candidates="769" cleared="0" enqueued="0" />
  <references type="phantom" candidates="63" cleared="0" enqueued="0" />
  <stringconstants candidates="4596" cleared="0"  />
</gc-op>
<gc-op id="149" type="sweep" timems="0.346" contextid="145" timestamp="2019-08-02T20:13:54.732" />
<gc-end id="150" type="global" contextid="145" durationms="4.004" usertimems="8.000" systemtimems="0.000" timestamp="2019-08-02T20:13:54.733" activeThreads="8">
  <mem-info id="151" free="3975864" total="8388608" percent="47">
    <mem type="tenure" free="3975864" total="8388608" percent="47" micro-fragmented="1383795">
      <mem type="soa" free="3576600" total="7969792" percent="44" />
      <mem type="loa" free="399264" total="418816" percent="95" />
    </mem>
  </mem-info>
</gc-end>
<cycle-end id="152" type="global" contextid="145" timestamp="2019-08-02T20:13:54.733" />
  <attribute name="elasticGC enabled" value="1" />
  <attribute name= "numThreadsSpecified" value="0" />
  <attribute name="heapSize specified" value="0" />
  <attribute name= "numCores" value="8" />
  <attribute name ="GC Interval" value="0" />
  <attribute name ="Control flow" value="2" />
  <attribute name="GC Util Range Max" value="115" />
  <attribute name="Current GC Util" value="15" />
  <attribute name= "Current Time Running" value="476" />
<allocation-satisfied id="153" threadId="00000000018BF300" bytesRequested="24" />
<af-end id="154" timestamp="2019-08-02T20:13:54.733" threadId="00000000018BFC88" success="true" />
<exclusive-end id="155" timestamp="2019-08-02T20:13:54.733" durationms="5.167" />

<exclusive-start id="156" timestamp="2019-08-02T20:13:54.746" intervalms="18.314">
  <response-info timems="0.079" idlems="0.079" threads="0" lastid="00000000018BF300" lastname="Thread-11" />
</exclusive-start>
<af-start id="157" threadId="00000000018BFC88" totalBytesRequested="40" timestamp="2019-08-02T20:13:54.746" intervalms="18.299" />
<cycle-start id="158" type="global" contextid="0" timestamp="2019-08-02T20:13:54.747" intervalms="18.266" />
<gc-start id="159" type="global" contextid="158" timestamp="2019-08-02T20:13:54.747">
  <mem-info id="160" free="418816" total="8388608" percent="4">
    <mem type="tenure" free="418816" total="8388608" percent="4">
      <mem type="soa" free="0" total="7969792" percent="0" />
      <mem type="loa" free="418816" total="418816" percent="100" />
    </mem>
  </mem-info>
</gc-start>
<allocation-stats totalBytes="3561040" >
  <allocated-bytes non-tlh="0" tlh="3561040" />
  <largest-consumer threadName="Thread-11" threadId="00000000018BF300" bytes="3561040" />
</allocation-stats>
<gc-op id="161" type="mark" timems="1.329" contextid="158" timestamp="2019-08-02T20:13:54.748">
  <trace-info objectcount="50497" scancount="42084" scanbytes="1483448" />
  <finalization candidates="124" enqueued="0" />
  <ownableSynchronizers candidates="3" cleared="0" />
  <references type="soft" candidates="148" cleared="0" enqueued="0" dynamicThreshold="15" maxThreshold="32" />
  <references type="weak" candidates="769" cleared="0" enqueued="0" />
  <references type="phantom" candidates="63" cleared="0" enqueued="0" />
  <stringconstants candidates="4596" cleared="0"  />
</gc-op>
<gc-op id="162" type="sweep" timems="0.278" contextid="158" timestamp="2019-08-02T20:13:54.749" />
<gc-end id="163" type="global" contextid="158" durationms="2.759" usertimems="4.000" systemtimems="0.000" timestamp="2019-08-02T20:13:54.750" activeThreads="8">
  <mem-info id="164" free="3933632" total="8388608" percent="46">
    <mem type="tenure" free="3933632" total="8388608" percent="46" micro-fragmented="1362211">
      <mem type="soa" free="3530456" total="7969792" percent="44" />
      <mem type="loa" free="403176" total="418816" percent="96" />
    </mem>
  </mem-info>
</gc-end>
<cycle-end id="165" type="global" contextid="158" timestamp="2019-08-02T20:13:54.750" />
  <attribute name="elasticGC enabled" value="1" />
  <attribute name= "numThreadsSpecified" value="0" />
  <attribute name="heapSize specified" value="0" />
  <attribute name= "numCores" value="8" />
  <attribute name ="GC Interval" value="0" />
  <attribute name ="Control flow" value="2" />
  <attribute name="GC Util Range Max" value="115" />
  <attribute name="Current GC Util" value="16" />
  <attribute name= "Current Time Running" value="493" />
<allocation-satisfied id="166" threadId="00000000018BF300" bytesRequested="40" />
<af-end id="167" timestamp="2019-08-02T20:13:54.750" threadId="00000000018BFC88" success="true" />
<exclusive-end id="168" timestamp="2019-08-02T20:13:54.750" durationms="3.821" />

<exclusive-start id="169" timestamp="2019-08-02T20:13:54.763" intervalms="17.068">
  <response-info timems="0.076" idlems="0.076" threads="0" lastid="00000000018BF300" lastname="Thread-11" />
</exclusive-start>
<af-start id="170" threadId="00000000018BFC88" totalBytesRequested="40" timestamp="2019-08-02T20:13:54.764" intervalms="17.054" />
<cycle-start id="171" type="global" contextid="0" timestamp="2019-08-02T20:13:54.764" intervalms="17.048" />
<gc-start id="172" type="global" contextid="171" timestamp="2019-08-02T20:13:54.764">
  <mem-info id="173" free="418816" total="8388608" percent="4">
    <mem type="tenure" free="418816" total="8388608" percent="4">
      <mem type="soa" free="0" total="7969792" percent="0" />
      <mem type="loa" free="418816" total="418816" percent="100" />
    </mem>
  </mem-info>
</gc-start>
<allocation-stats totalBytes="3513808" >
  <allocated-bytes non-tlh="0" tlh="3513808" />
  <largest-consumer threadName="Thread-11" threadId="00000000018BF300" bytes="3513808" />
</allocation-stats>
<gc-op id="174" type="mark" timems="1.642" contextid="171" timestamp="2019-08-02T20:13:54.766">
  <trace-info objectcount="50679" scancount="42270" scanbytes="1487696" />
  <finalization candidates="124" enqueued="0" />
  <ownableSynchronizers candidates="3" cleared="0" />
  <references type="soft" candidates="148" cleared="0" enqueued="0" dynamicThreshold="15" maxThreshold="32" />
  <references type="weak" candidates="769" cleared="0" enqueued="0" />
  <references type="phantom" candidates="63" cleared="0" enqueued="0" />
  <stringconstants candidates="4596" cleared="0"  />
</gc-op>
<gc-op id="175" type="sweep" timems="0.357" contextid="171" timestamp="2019-08-02T20:13:54.766" />
<gc-end id="176" type="global" contextid="171" durationms="3.034" usertimems="4.000" systemtimems="0.000" timestamp="2019-08-02T20:13:54.767" activeThreads="8">
  <mem-info id="177" free="3891960" total="8388608" percent="46">
    <mem type="tenure" free="3891960" total="8388608" percent="46" micro-fragmented="1468219">
      <mem type="soa" free="3485656" total="7969792" percent="43" />
      <mem type="loa" free="406304" total="418816" percent="97" />
    </mem>
  </mem-info>
</gc-end>
<cycle-end id="178" type="global" contextid="171" timestamp="2019-08-02T20:13:54.767" />
  <attribute name="elasticGC enabled" value="1" />
  <attribute name= "numThreadsSpecified" value="0" />
  <attribute name="heapSize specified" value="0" />
  <attribute name= "numCores" value="8" />
  <attribute name ="GC Interval" value="0" />
  <attribute name ="Control flow" value="2" />
  <attribute name="GC Util Range Max" value="115" />
  <attribute name="Current GC Util" value="15" />
  <attribute name= "Current Time Running" value="510" />
<allocation-satisfied id="179" threadId="00000000018BF300" bytesRequested="40" />
<af-end id="180" timestamp="2019-08-02T20:13:54.767" threadId="00000000018BFC88" success="true" />
<exclusive-end id="181" timestamp="2019-08-02T20:13:54.768" durationms="4.158" />

<exclusive-start id="182" timestamp="2019-08-02T20:13:54.782" intervalms="18.546">
  <response-info timems="0.078" idlems="0.078" threads="0" lastid="00000000018BF300" lastname="Thread-11" />
</exclusive-start>
<af-start id="183" threadId="00000000018BFC88" totalBytesRequested="24" timestamp="2019-08-02T20:13:54.782" intervalms="18.519" />
<cycle-start id="184" type="global" contextid="0" timestamp="2019-08-02T20:13:54.782" intervalms="18.510" />
<gc-start id="185" type="global" contextid="184" timestamp="2019-08-02T20:13:54.782">
  <mem-info id="186" free="418816" total="8388608" percent="4">
    <mem type="tenure" free="418816" total="8388608" percent="4">
      <mem type="soa" free="0" total="7969792" percent="0" />
      <mem type="loa" free="418816" total="418816" percent="100" />
    </mem>
  </mem-info>
</gc-start>
<allocation-stats totalBytes="3468360" >
  <allocated-bytes non-tlh="0" tlh="3468360" />
  <largest-consumer threadName="Thread-11" threadId="00000000018BF300" bytes="3468360" />
</allocation-stats>
<gc-op id="187" type="mark" timems="1.229" contextid="184" timestamp="2019-08-02T20:13:54.784">
  <trace-info objectcount="50878" scancount="42465" scanbytes="1492456" />
  <finalization candidates="124" enqueued="0" />
  <ownableSynchronizers candidates="3" cleared="0" />
  <references type="soft" candidates="148" cleared="0" enqueued="0" dynamicThreshold="14" maxThreshold="32" />
  <references type="weak" candidates="769" cleared="0" enqueued="0" />
  <references type="phantom" candidates="63" cleared="0" enqueued="0" />
  <stringconstants candidates="4596" cleared="0"  />
</gc-op>
<gc-op id="188" type="sweep" timems="0.296" contextid="184" timestamp="2019-08-02T20:13:54.784" />
<gc-end id="189" type="global" contextid="184" durationms="2.740" usertimems="4.000" systemtimems="0.000" timestamp="2019-08-02T20:13:54.785" activeThreads="8">
  <mem-info id="190" free="3843504" total="8388608" percent="45">
    <mem type="tenure" free="3843504" total="8388608" percent="45" micro-fragmented="1415713">
      <mem type="soa" free="3434696" total="7969792" percent="43" />
      <mem type="loa" free="408808" total="418816" percent="97" />
    </mem>
  </mem-info>
</gc-end>
<cycle-end id="191" type="global" contextid="184" timestamp="2019-08-02T20:13:54.785" />
  <attribute name="elasticGC enabled" value="1" />
  <attribute name= "numThreadsSpecified" value="0" />
  <attribute name="heapSize specified" value="0" />
  <attribute name= "numCores" value="8" />
  <attribute name ="GC Interval" value="0" />
  <attribute name ="Control flow" value="2" />
  <attribute name="GC Util Range Max" value="115" />
  <attribute name="Current GC Util" value="15" />
  <attribute name= "Current Time Running" value="528" />
<allocation-satisfied id="192" threadId="00000000018BF300" bytesRequested="24" />
<af-end id="193" timestamp="2019-08-02T20:13:54.786" threadId="00000000018BFC88" success="true" />
<exclusive-end id="194" timestamp="2019-08-02T20:13:54.786" durationms="3.853" />

<exclusive-start id="195" timestamp="2019-08-02T20:13:54.801" intervalms="19.267">
  <response-info timems="0.058" idlems="0.058" threads="0" lastid="00000000018BF300" lastname="Thread-11" />
</exclusive-start>
<af-start id="196" threadId="00000000018BFC88" totalBytesRequested="40" timestamp="2019-08-02T20:13:54.801" intervalms="19.256" />
<cycle-start id="197" type="global" contextid="0" timestamp="2019-08-02T20:13:54.802" intervalms="19.245" />
<gc-start id="198" type="global" contextid="197" timestamp="2019-08-02T20:13:54.802">
  <mem-info id="199" free="418816" total="8388608" percent="4">
    <mem type="tenure" free="418816" total="8388608" percent="4">
      <mem type="soa" free="0" total="7969792" percent="0" />
      <mem type="loa" free="418816" total="418816" percent="100" />
    </mem>
  </mem-info>
</gc-start>
<allocation-stats totalBytes="3416008" >
  <allocated-bytes non-tlh="0" tlh="3416008" />
  <largest-consumer threadName="Thread-11" threadId="00000000018BF300" bytes="3416008" />
</allocation-stats>
<gc-op id="200" type="mark" timems="1.176" contextid="197" timestamp="2019-08-02T20:13:54.803">
  <trace-info objectcount="50480" scancount="42082" scanbytes="1478620" />
  <finalization candidates="124" enqueued="0" />
  <ownableSynchronizers candidates="3" cleared="0" />
  <references type="soft" candidates="148" cleared="47" enqueued="44" dynamicThreshold="14" maxThreshold="32" />
  <references type="weak" candidates="769" cleared="0" enqueued="0" />
  <references type="phantom" candidates="63" cleared="0" enqueued="0" />
  <stringconstants candidates="4596" cleared="0"  />
</gc-op>
<gc-op id="201" type="sweep" timems="0.297" contextid="197" timestamp="2019-08-02T20:13:54.803" />
<gc-end id="202" type="global" contextid="197" durationms="2.506" usertimems="8.000" systemtimems="0.000" timestamp="2019-08-02T20:13:54.804" activeThreads="8">
  <mem-info id="203" free="3830928" total="8388608" percent="45">
    <mem type="tenure" free="3830928" total="8388608" percent="45" micro-fragmented="1465306">
      <mem type="soa" free="3420120" total="7969792" percent="42" />
      <mem type="loa" free="410808" total="418816" percent="98" />
    </mem>
    <pending-finalizers system="0" default="0" reference="44" classloader="0" />
  </mem-info>
</gc-end>
<cycle-end id="204" type="global" contextid="197" timestamp="2019-08-02T20:13:54.804" />
  <attribute name="elasticGC enabled" value="1" />
  <attribute name= "numThreadsSpecified" value="0" />
  <attribute name="heapSize specified" value="0" />
  <attribute name= "numCores" value="8" />
  <attribute name ="GC Interval" value="0" />
  <attribute name ="Control flow" value="2" />
  <attribute name="GC Util Range Max" value="115" />
  <attribute name="Current GC Util" value="15" />
  <attribute name= "Current Time Running" value="547" />
<allocation-satisfied id="205" threadId="00000000018BF300" bytesRequested="40" />
<af-end id="206" timestamp="2019-08-02T20:13:54.805" threadId="00000000018BFC88" success="true" />
<exclusive-end id="207" timestamp="2019-08-02T20:13:54.805" durationms="3.568" />

<exclusive-start id="208" timestamp="2019-08-02T20:13:54.819" intervalms="18.165">
  <response-info timems="0.057" idlems="0.057" threads="0" lastid="00000000018BF300" lastname="Thread-11" />
</exclusive-start>
<af-start id="209" threadId="00000000018BFC88" totalBytesRequested="24" timestamp="2019-08-02T20:13:54.819" intervalms="18.161" />
<cycle-start id="210" type="global" contextid="0" timestamp="2019-08-02T20:13:54.820" intervalms="18.125" />
<gc-start id="211" type="global" contextid="210" timestamp="2019-08-02T20:13:54.820">
  <mem-info id="212" free="418816" total="8388608" percent="4">
    <mem type="tenure" free="418816" total="8388608" percent="4">
      <mem type="soa" free="0" total="7969792" percent="0" />
      <mem type="loa" free="418816" total="418816" percent="100" />
    </mem>
  </mem-info>
</gc-start>
<allocation-stats totalBytes="3400856" >
  <allocated-bytes non-tlh="0" tlh="3400856" />
  <largest-consumer threadName="Thread-11" threadId="00000000018BF300" bytes="3399736" />
</allocation-stats>
<gc-op id="213" type="mark" timems="1.218" contextid="210" timestamp="2019-08-02T20:13:54.821">
  <trace-info objectcount="46849" scancount="39259" scanbytes="1402264" />
  <finalization candidates="124" enqueued="0" />
  <ownableSynchronizers candidates="3" cleared="0" />
  <references type="soft" candidates="101" cleared="15" enqueued="13" dynamicThreshold="14" maxThreshold="32" />
  <references type="weak" candidates="769" cleared="0" enqueued="0" />
  <references type="phantom" candidates="63" cleared="0" enqueued="0" />
  <stringconstants candidates="4596" cleared="0"  />
</gc-op>
<gc-op id="214" type="sweep" timems="0.312" contextid="210" timestamp="2019-08-02T20:13:54.822" />
<gc-end id="215" type="global" contextid="210" durationms="2.693" usertimems="4.000" systemtimems="4.000" timestamp="2019-08-02T20:13:54.822" activeThreads="8">
  <mem-info id="216" free="4003048" total="8388608" percent="47">
    <mem type="tenure" free="4003048" total="8388608" percent="47" micro-fragmented="1402283">
      <mem type="soa" free="3590632" total="7969792" percent="45" />
      <mem type="loa" free="412416" total="418816" percent="98" />
    </mem>
    <pending-finalizers system="0" default="0" reference="13" classloader="0" />
  </mem-info>
</gc-end>
<cycle-end id="217" type="global" contextid="210" timestamp="2019-08-02T20:13:54.823" />
  <attribute name="elasticGC enabled" value="1" />
  <attribute name= "numThreadsSpecified" value="0" />
  <attribute name="heapSize specified" value="0" />
  <attribute name= "numCores" value="8" />
  <attribute name ="GC Interval" value="0" />
  <attribute name ="Control flow" value="2" />
  <attribute name="GC Util Range Max" value="115" />
  <attribute name="Current GC Util" value="19" />
  <attribute name= "Current Time Running" value="565" />
<allocation-satisfied id="218" threadId="00000000018BF300" bytesRequested="24" />
<af-end id="219" timestamp="2019-08-02T20:13:54.823" threadId="00000000018BFC88" success="true" />
<exclusive-end id="220" timestamp="2019-08-02T20:13:54.823" durationms="3.510" />

<exclusive-start id="221" timestamp="2019-08-02T20:13:54.838" intervalms="18.375">
  <response-info timems="0.069" idlems="0.069" threads="0" lastid="00000000018BF300" lastname="Thread-11" />
</exclusive-start>
<af-start id="222" threadId="00000000018BFC88" totalBytesRequested="40" timestamp="2019-08-02T20:13:54.838" intervalms="18.350" />
<cycle-start id="223" type="global" contextid="0" timestamp="2019-08-02T20:13:54.838" intervalms="18.377" />
<gc-start id="224" type="global" contextid="223" timestamp="2019-08-02T20:13:54.838">
  <mem-info id="225" free="418816" total="8388608" percent="4">
    <mem type="tenure" free="418816" total="8388608" percent="4">
      <mem type="soa" free="0" total="7969792" percent="0" />
      <mem type="loa" free="418816" total="418816" percent="100" />
    </mem>
  </mem-info>
</gc-start>
<allocation-stats totalBytes="3568992" >
  <allocated-bytes non-tlh="0" tlh="3568992" />
  <largest-consumer threadName="Thread-11" threadId="00000000018BF300" bytes="3568992" />
</allocation-stats>
<gc-op id="226" type="mark" timems="1.310" contextid="223" timestamp="2019-08-02T20:13:54.840">
  <trace-info objectcount="46976" scancount="39372" scanbytes="1404168" />
  <finalization candidates="124" enqueued="0" />
  <ownableSynchronizers candidates="3" cleared="0" />
  <references type="soft" candidates="86" cleared="0" enqueued="0" dynamicThreshold="15" maxThreshold="32" />
  <references type="weak" candidates="769" cleared="0" enqueued="0" />
  <references type="phantom" candidates="63" cleared="0" enqueued="0" />
  <stringconstants candidates="4596" cleared="0"  />
</gc-op>
<gc-op id="227" type="sweep" timems="0.316" contextid="223" timestamp="2019-08-02T20:13:54.840" />
<gc-end id="228" type="global" contextid="223" durationms="2.731" usertimems="4.000" systemtimems="4.000" timestamp="2019-08-02T20:13:54.841" activeThreads="8">
  <mem-info id="229" free="3948296" total="8388608" percent="47">
    <mem type="tenure" free="3948296" total="8388608" percent="47" micro-fragmented="1410048">
      <mem type="soa" free="3534600" total="7969792" percent="44" />
      <mem type="loa" free="413696" total="418816" percent="98" />
    </mem>
  </mem-info>
</gc-end>
<cycle-end id="230" type="global" contextid="223" timestamp="2019-08-02T20:13:54.841" />
  <attribute name="elasticGC enabled" value="1" />
  <attribute name= "numThreadsSpecified" value="0" />
  <attribute name="heapSize specified" value="0" />
  <attribute name= "numCores" value="8" />
  <attribute name ="GC Interval" value="0" />
  <attribute name ="Control flow" value="2" />
  <attribute name="GC Util Range Max" value="115" />
  <attribute name="Current GC Util" value="16" />
  <attribute name= "Current Time Running" value="584" />
<allocation-satisfied id="231" threadId="00000000018BF300" bytesRequested="40" />
<af-end id="232" timestamp="2019-08-02T20:13:54.841" threadId="00000000018BFC88" success="true" />
<exclusive-end id="233" timestamp="2019-08-02T20:13:54.841" durationms="3.706" />

<exclusive-start id="234" timestamp="2019-08-02T20:13:54.856" intervalms="17.905">
  <response-info timems="0.062" idlems="0.062" threads="0" lastid="00000000018BF300" lastname="Thread-11" />
</exclusive-start>
<af-start id="235" threadId="00000000018BFC88" totalBytesRequested="40" timestamp="2019-08-02T20:13:54.856" intervalms="17.933" />
<cycle-start id="236" type="global" contextid="0" timestamp="2019-08-02T20:13:54.856" intervalms="17.934" />
<gc-start id="237" type="global" contextid="236" timestamp="2019-08-02T20:13:54.856">
  <mem-info id="238" free="418816" total="8388608" percent="4">
    <mem type="tenure" free="418816" total="8388608" percent="4">
      <mem type="soa" free="0" total="7969792" percent="0" />
      <mem type="loa" free="418816" total="418816" percent="100" />
    </mem>
  </mem-info>
</gc-start>
<allocation-stats totalBytes="3510800" >
  <allocated-bytes non-tlh="0" tlh="3510800" />
  <largest-consumer threadName="Thread-11" threadId="00000000018BF300" bytes="3510800" />
</allocation-stats>
<heap-resize id="239" type="loa contract" space="tenure" amount="83968" count="1" timems="0.000" reason="contract underutilized loa" timestamp="2019-08-02T20:13:54.856" />
<gc-op id="240" type="mark" timems="1.218" contextid="236" timestamp="2019-08-02T20:13:54.858">
  <trace-info objectcount="47332" scancount="39733" scanbytes="1413208" />
  <finalization candidates="124" enqueued="0" />
  <ownableSynchronizers candidates="3" cleared="0" />
  <references type="soft" candidates="86" cleared="0" enqueued="0" dynamicThreshold="15" maxThreshold="32" />
  <references type="weak" candidates="769" cleared="0" enqueued="0" />
  <references type="phantom" candidates="63" cleared="0" enqueued="0" />
  <stringconstants candidates="4596" cleared="0"  />
</gc-op>
<gc-op id="241" type="sweep" timems="0.326" contextid="236" timestamp="2019-08-02T20:13:54.858" />
<gc-end id="242" type="global" contextid="236" durationms="2.852" usertimems="8.000" systemtimems="0.000" timestamp="2019-08-02T20:13:54.859" activeThreads="8">
  <mem-info id="243" free="3882864" total="8388608" percent="46">
    <mem type="tenure" free="3882864" total="8388608" percent="46" micro-fragmented="1436343">
      <mem type="soa" free="3551288" total="8053760" percent="44" />
      <mem type="loa" free="331576" total="334848" percent="99" />
    </mem>
  </mem-info>
</gc-end>
<cycle-end id="244" type="global" contextid="236" timestamp="2019-08-02T20:13:54.859" />
  <attribute name="elasticGC enabled" value="1" />
  <attribute name= "numThreadsSpecified" value="0" />
  <attribute name="heapSize specified" value="0" />
  <attribute name= "numCores" value="8" />
  <attribute name ="GC Interval" value="0" />
  <attribute name ="Control flow" value="2" />
  <attribute name="GC Util Range Max" value="115" />
  <attribute name="Current GC Util" value="17" />
  <attribute name= "Current Time Running" value="602" />
<allocation-satisfied id="245" threadId="00000000018BF300" bytesRequested="40" />
<af-end id="246" timestamp="2019-08-02T20:13:54.859" threadId="00000000018BFC88" success="true" />
<exclusive-end id="247" timestamp="2019-08-02T20:13:54.859" durationms="3.884" />

<exclusive-start id="248" timestamp="2019-08-02T20:13:54.873" intervalms="17.375">
  <response-info timems="0.058" idlems="0.058" threads="0" lastid="00000000018BF300" lastname="Thread-11" />
</exclusive-start>
<af-start id="249" threadId="00000000018BFC88" totalBytesRequested="40" timestamp="2019-08-02T20:13:54.873" intervalms="17.372" />
<cycle-start id="250" type="global" contextid="0" timestamp="2019-08-02T20:13:54.873" intervalms="17.370" />
<gc-start id="251" type="global" contextid="250" timestamp="2019-08-02T20:13:54.873">
  <mem-info id="252" free="334848" total="8388608" percent="3">
    <mem type="tenure" free="334848" total="8388608" percent="3">
      <mem type="soa" free="0" total="8053760" percent="0" />
      <mem type="loa" free="334848" total="334848" percent="100" />
    </mem>
  </mem-info>
</gc-start>
<allocation-stats totalBytes="3527184" >
  <allocated-bytes non-tlh="0" tlh="3527184" />
  <largest-consumer threadName="Thread-11" threadId="00000000018BF300" bytes="3527184" />
</allocation-stats>
<heap-resize id="253" type="loa contract" space="tenure" amount="83968" count="1" timems="0.000" reason="contract underutilized loa" timestamp="2019-08-02T20:13:54.874" />
<gc-op id="254" type="mark" timems="1.190" contextid="250" timestamp="2019-08-02T20:13:54.875">
  <trace-info objectcount="47532" scancount="39943" scanbytes="1417744" />
  <finalization candidates="124" enqueued="0" />
  <ownableSynchronizers candidates="3" cleared="0" />
  <references type="soft" candidates="86" cleared="2" enqueued="1" dynamicThreshold="14" maxThreshold="32" />
  <references type="weak" candidates="769" cleared="0" enqueued="0" />
  <references type="phantom" candidates="63" cleared="0" enqueued="0" />
  <stringconstants candidates="4596" cleared="0"  />
</gc-op>
<gc-op id="255" type="sweep" timems="0.306" contextid="250" timestamp="2019-08-02T20:13:54.875" />
<gc-end id="256" type="global" contextid="250" durationms="2.837" usertimems="0.000" systemtimems="4.000" timestamp="2019-08-02T20:13:54.876" activeThreads="8">
  <mem-info id="257" free="3816224" total="8388608" percent="45">
    <mem type="tenure" free="3816224" total="8388608" percent="45" micro-fragmented="1475201">
      <mem type="soa" free="3567304" total="8137728" percent="43" />
      <mem type="loa" free="248920" total="250880" percent="99" />
    </mem>
    <pending-finalizers system="0" default="0" reference="1" classloader="0" />
  </mem-info>
</gc-end>
<cycle-end id="258" type="global" contextid="250" timestamp="2019-08-02T20:13:54.876" />
  <attribute name="elasticGC enabled" value="1" />
  <attribute name= "numThreadsSpecified" value="0" />
  <attribute name="heapSize specified" value="0" />
  <attribute name= "numCores" value="8" />
  <attribute name ="GC Interval" value="0" />
  <attribute name ="Control flow" value="2" />
  <attribute name="GC Util Range Max" value="115" />
  <attribute name="Current GC Util" value="19" />
  <attribute name= "Current Time Running" value="619" />
<allocation-satisfied id="259" threadId="00000000018BF300" bytesRequested="40" />
<af-end id="260" timestamp="2019-08-02T20:13:54.877" threadId="00000000018BFC88" success="true" />
<exclusive-end id="261" timestamp="2019-08-02T20:13:54.877" durationms="3.805" />

<concurrent-kickoff id="262" timestamp="2019-08-02T20:13:54.891">
  <kickoff reason="threshold reached" targetBytes="2235549" thresholdFreeBytes="304896" remainingFree="248920" tenureFreeBytes="248920" />
</concurrent-kickoff>
<exclusive-start id="263" timestamp="2019-08-02T20:13:54.891" intervalms="18.224">
  <response-info timems="0.072" idlems="0.072" threads="0" lastid="00000000018BF300" lastname="Thread-11" />
</exclusive-start>
<cycle-start id="264" type="global" contextid="0" timestamp="2019-08-02T20:13:54.891" intervalms="17.990" />
<exclusive-end id="265" timestamp="2019-08-02T20:13:54.891" durationms="0.181" />

<exclusive-start id="266" timestamp="2019-08-02T20:13:54.892" intervalms="0.506">
  <response-info timems="0.016" idlems="0.016" threads="0" lastid="00000000018BF300" lastname="Thread-11" />
</exclusive-start>
<af-start id="267" threadId="00000000018BFC88" totalBytesRequested="40" timestamp="2019-08-02T20:13:54.892" intervalms="18.729" />
<concurrent-aborted id="268" timestamp="2019-08-02T20:13:54.892">
  <reason value="insufficient progress made" />
</concurrent-aborted>
<cycle-end id="269" type="global" contextid="264" timestamp="2019-08-02T20:13:54.892" />
  <attribute name="elasticGC enabled" value="1" />
  <attribute name= "numThreadsSpecified" value="0" />
  <attribute name="heapSize specified" value="0" />
  <attribute name= "numCores" value="8" />
  <attribute name ="GC Interval" value="0" />
  <attribute name ="Control flow" value="2" />
  <attribute name="GC Util Range Max" value="115" />
  <attribute name="Current GC Util" value="23" />
  <attribute name= "Current Time Running" value="636" />
<cycle-start id="270" type="global" contextid="0" timestamp="2019-08-02T20:13:54.892" intervalms="0.901" />
<gc-start id="271" type="global" contextid="270" timestamp="2019-08-02T20:13:54.892">
  <mem-info id="272" free="250880" total="8388608" percent="2">
    <mem type="tenure" free="250880" total="8388608" percent="2">
      <mem type="soa" free="0" total="8137728" percent="0" />
      <mem type="loa" free="250880" total="250880" percent="100" />
    </mem>
  </mem-info>
</gc-start>
<allocation-stats totalBytes="3543104" >
  <allocated-bytes non-tlh="0" tlh="3543104" />
  <largest-consumer threadName="Thread-11" threadId="00000000018BF300" bytes="3541728" />
</allocation-stats>
<heap-resize id="273" type="loa contract" space="tenure" amount="83968" count="1" timems="0.000" reason="contract underutilized loa" timestamp="2019-08-02T20:13:54.892" />
<gc-op id="274" type="mark" timems="1.277" contextid="270" timestamp="2019-08-02T20:13:54.894">
  <trace-info objectcount="47601" scancount="40016" scanbytes="1419640" />
  <finalization candidates="124" enqueued="0" />
  <ownableSynchronizers candidates="3" cleared="0" />
  <references type="soft" candidates="84" cleared="0" enqueued="0" dynamicThreshold="14" maxThreshold="32" />
  <references type="weak" candidates="769" cleared="0" enqueued="0" />
  <references type="phantom" candidates="63" cleared="0" enqueued="0" />
  <stringconstants candidates="4596" cleared="0"  />
</gc-op>
<gc-op id="275" type="sweep" timems="0.329" contextid="270" timestamp="2019-08-02T20:13:54.894" />
<gc-end id="276" type="global" contextid="270" durationms="2.704" usertimems="4.000" systemtimems="4.000" timestamp="2019-08-02T20:13:54.895" activeThreads="8">
  <mem-info id="277" free="3771520" total="8388608" percent="44">
    <mem type="tenure" free="3771520" total="8388608" percent="44" micro-fragmented="1600751">
      <mem type="soa" free="3605648" total="8221696" percent="43" />
      <mem type="loa" free="165872" total="166912" percent="99" />
    </mem>
  </mem-info>
</gc-end>
<cycle-end id="278" type="global" contextid="270" timestamp="2019-08-02T20:13:54.895" />
  <attribute name="elasticGC enabled" value="1" />
  <attribute name= "numThreadsSpecified" value="0" />
  <attribute name="heapSize specified" value="0" />
  <attribute name= "numCores" value="8" />
  <attribute name ="GC Interval" value="0" />
  <attribute name ="Control flow" value="2" />
  <attribute name="GC Util Range Max" value="115" />
  <attribute name="Current GC Util" value="19" />
  <attribute name= "Current Time Running" value="638" />
<allocation-satisfied id="279" threadId="00000000018BF300" bytesRequested="40" />
<af-end id="280" timestamp="2019-08-02T20:13:54.895" threadId="00000000018BFC88" success="true" />
<exclusive-end id="281" timestamp="2019-08-02T20:13:54.896" durationms="3.905" />

<concurrent-kickoff id="282" timestamp="2019-08-02T20:13:54.908">
  <kickoff reason="threshold reached" targetBytes="2235549" thresholdFreeBytes="304896" remainingFree="297336" tenureFreeBytes="297336" />
</concurrent-kickoff>
<exclusive-start id="283" timestamp="2019-08-02T20:13:54.908" intervalms="16.254">
  <response-info timems="0.033" idlems="0.033" threads="0" lastid="00000000018BF300" lastname="Thread-11" />
</exclusive-start>
<cycle-start id="284" type="global" contextid="0" timestamp="2019-08-02T20:13:54.908" intervalms="15.858" />
<exclusive-end id="285" timestamp="2019-08-02T20:13:54.908" durationms="0.142" />

<exclusive-start id="286" timestamp="2019-08-02T20:13:54.910" intervalms="2.175">
  <response-info timems="0.055" idlems="0.055" threads="0" lastid="00000000018BF300" lastname="Thread-11" />
</exclusive-start>
<af-start id="287" threadId="00000000018BFC88" totalBytesRequested="40" timestamp="2019-08-02T20:13:54.910" intervalms="18.395" />
<gc-start id="288" type="global" contextid="284" timestamp="2019-08-02T20:13:54.910">
  <mem-info id="289" free="166912" total="8388608" percent="1">
    <mem type="tenure" free="166912" total="8388608" percent="1">
      <mem type="soa" free="0" total="8221696" percent="0" />
      <mem type="loa" free="166912" total="166912" percent="100" />
    </mem>
  </mem-info>
</gc-start>
<allocation-stats totalBytes="3580912" >
  <allocated-bytes non-tlh="0" tlh="3580912" />
  <largest-consumer threadName="Thread-11" threadId="00000000018BF300" bytes="3580912" />
</allocation-stats>
<heap-resize id="290" type="loa contract" space="tenure" amount="83968" count="1" timems="0.000" reason="contract underutilized loa" timestamp="2019-08-02T20:13:54.911" />
<concurrent-halted id="291" timestamp="2019-08-02T20:13:54.911">
  <halted state="Class scanning incomplete" status="trace only" />
  <traced bytesTarget="2235549" bytesTotal="1264816" bytesByMutator="396280" bytesByHelper="868536" percent="56" />
  <cards cleaned="0" thresholdBytes="120110" />
</concurrent-halted>
<gc-op id="292" type="card-cleaning" timems="0.102" contextid="284" timestamp="2019-08-02T20:13:54.911">
  <card-cleaning cardsCleaned="6" bytesTraced="5920" workStackOverflowCount="0" />
</gc-op>
<gc-op id="293" type="mark" timems="0.685" contextid="284" timestamp="2019-08-02T20:13:54.912">
  <trace-info objectcount="6337" scancount="5710" scanbytes="161236" />
  <finalization candidates="124" enqueued="0" />
  <ownableSynchronizers candidates="3" cleared="0" />
  <references type="soft" candidates="84" cleared="0" enqueued="0" dynamicThreshold="14" maxThreshold="32" />
  <references type="weak" candidates="769" cleared="0" enqueued="0" />
  <references type="phantom" candidates="63" cleared="0" enqueued="0" />
  <stringconstants candidates="4596" cleared="0"  />
</gc-op>
<gc-op id="294" type="sweep" timems="0.359" contextid="284" timestamp="2019-08-02T20:13:54.912" />
<gc-end id="295" type="global" contextid="284" durationms="2.540" usertimems="4.000" systemtimems="0.000" timestamp="2019-08-02T20:13:54.913" activeThreads="8">
  <mem-info id="296" free="3707552" total="8388608" percent="44">
    <mem type="tenure" free="3707552" total="8388608" percent="44" micro-fragmented="1539177">
      <mem type="soa" free="3625024" total="8305664" percent="43" />
      <mem type="loa" free="82528" total="82944" percent="99" />
    </mem>
  </mem-info>
</gc-end>
<cycle-end id="297" type="global" contextid="284" timestamp="2019-08-02T20:13:54.913" />
  <attribute name="elasticGC enabled" value="1" />
  <attribute name= "numThreadsSpecified" value="0" />
  <attribute name="heapSize specified" value="0" />
  <attribute name= "numCores" value="8" />
  <attribute name ="GC Interval" value="0" />
  <attribute name ="Control flow" value="2" />
  <attribute name="GC Util Range Max" value="115" />
  <attribute name="Current GC Util" value="19" />
  <attribute name= "Current Time Running" value="656" />
<allocation-satisfied id="298" threadId="00000000018BF300" bytesRequested="40" />
<af-end id="299" timestamp="2019-08-02T20:13:54.913" threadId="00000000018BFC88" success="true" />
<exclusive-end id="300" timestamp="2019-08-02T20:13:54.914" durationms="3.391" />

<concurrent-kickoff id="301" timestamp="2019-08-02T20:13:54.926">
  <kickoff reason="threshold reached" targetBytes="2154156" thresholdFreeBytes="291728" remainingFree="274376" tenureFreeBytes="274376" />
</concurrent-kickoff>
<exclusive-start id="302" timestamp="2019-08-02T20:13:54.926" intervalms="15.702">
  <response-info timems="0.059" idlems="0.059" threads="0" lastid="00000000018BF300" lastname="Thread-11" />
</exclusive-start>
<cycle-start id="303" type="global" contextid="0" timestamp="2019-08-02T20:13:54.926" intervalms="17.878" />
<exclusive-end id="304" timestamp="2019-08-02T20:13:54.926" durationms="0.178" />

<exclusive-start id="305" timestamp="2019-08-02T20:13:54.928" intervalms="2.186">
  <response-info timems="0.067" idlems="0.067" threads="0" lastid="00000000018BF300" lastname="Thread-11" />
</exclusive-start>
<af-start id="306" threadId="00000000018BFC88" totalBytesRequested="40" timestamp="2019-08-02T20:13:54.928" intervalms="17.978" />
<gc-start id="307" type="global" contextid="303" timestamp="2019-08-02T20:13:54.928">
  <mem-info id="308" free="82944" total="8388608" percent="0">
    <mem type="tenure" free="82944" total="8388608" percent="0">
      <mem type="soa" free="0" total="8305664" percent="0" />
      <mem type="loa" free="82944" total="82944" percent="100" />
    </mem>
  </mem-info>
</gc-start>
<allocation-stats totalBytes="3600736" >
  <allocated-bytes non-tlh="0" tlh="3600736" />
  <largest-consumer threadName="Thread-11" threadId="00000000018BF300" bytes="3600736" />
</allocation-stats>
<concurrent-halted id="309" timestamp="2019-08-02T20:13:54.929">
  <halted state="Class scanning incomplete" status="clean trace" />
  <traced bytesTarget="2154156" bytesTotal="1275668" bytesByMutator="343696" bytesByHelper="931972" percent="59" />
  <cards cleaned="9" thresholdBytes="114922" />
</concurrent-halted>
<gc-op id="310" type="card-cleaning" timems="0.135" contextid="303" timestamp="2019-08-02T20:13:54.929">
  <card-cleaning cardsCleaned="5" bytesTraced="1800" workStackOverflowCount="0" />
</gc-op>
<gc-op id="311" type="mark" timems="0.717" contextid="303" timestamp="2019-08-02T20:13:54.930">
  <trace-info objectcount="6372" scancount="5744" scanbytes="162116" />
  <finalization candidates="124" enqueued="0" />
  <ownableSynchronizers candidates="3" cleared="0" />
  <references type="soft" candidates="84" cleared="0" enqueued="0" dynamicThreshold="14" maxThreshold="32" />
  <references type="weak" candidates="769" cleared="0" enqueued="0" />
  <references type="phantom" candidates="63" cleared="0" enqueued="0" />
  <stringconstants candidates="4596" cleared="0"  />
</gc-op>
<gc-op id="312" type="sweep" timems="0.344" contextid="303" timestamp="2019-08-02T20:13:54.930" />
<gc-end id="313" type="global" contextid="303" durationms="2.687" usertimems="4.000" systemtimems="0.000" timestamp="2019-08-02T20:13:54.931" activeThreads="8">
  <mem-info id="314" free="3658800" total="8388608" percent="43">
    <mem type="tenure" free="3658800" total="8388608" percent="43" micro-fragmented="1553630">
      <mem type="soa" free="3576184" total="8305664" percent="43" />
      <mem type="loa" free="82616" total="82944" percent="99" />
    </mem>
  </mem-info>
</gc-end>
<cycle-end id="315" type="global" contextid="303" timestamp="2019-08-02T20:13:54.931" />
  <attribute name="elasticGC enabled" value="1" />
  <attribute name= "numThreadsSpecified" value="0" />
  <attribute name="heapSize specified" value="0" />
  <attribute name= "numCores" value="8" />
  <attribute name ="GC Interval" value="0" />
  <attribute name ="Control flow" value="2" />
  <attribute name="GC Util Range Max" value="115" />
  <attribute name="Current GC Util" value="16" />
  <attribute name= "Current Time Running" value="674" />
<allocation-satisfied id="316" threadId="00000000018BF300" bytesRequested="40" />
<af-end id="317" timestamp="2019-08-02T20:13:54.932" threadId="00000000018BFC88" success="true" />
<exclusive-end id="318" timestamp="2019-08-02T20:13:54.932" durationms="3.759" />

<concurrent-kickoff id="319" timestamp="2019-08-02T20:13:54.943">
  <kickoff reason="threshold reached" targetBytes="1277468" thresholdFreeBytes="178118" remainingFree="172784" tenureFreeBytes="172784" />
</concurrent-kickoff>
<exclusive-start id="320" timestamp="2019-08-02T20:13:54.944" intervalms="15.539">
  <response-info timems="0.073" idlems="0.073" threads="0" lastid="00000000018BF300" lastname="Thread-11" />
</exclusive-start>
<cycle-start id="321" type="global" contextid="0" timestamp="2019-08-02T20:13:54.944" intervalms="17.790" />
<exclusive-end id="322" timestamp="2019-08-02T20:13:54.944" durationms="0.305" />

<exclusive-start id="323" timestamp="2019-08-02T20:13:54.945" intervalms="1.400">
  <response-info timems="0.021" idlems="0.021" threads="0" lastid="00000000018BF300" lastname="Thread-11" />
</exclusive-start>
<af-start id="324" threadId="00000000018BFC88" totalBytesRequested="40" timestamp="2019-08-02T20:13:54.945" intervalms="16.944" />
<gc-start id="325" type="global" contextid="321" timestamp="2019-08-02T20:13:54.945">
  <mem-info id="326" free="82944" total="8388608" percent="0">
    <mem type="tenure" free="82944" total="8388608" percent="0">
      <mem type="soa" free="0" total="8305664" percent="0" />
      <mem type="loa" free="82944" total="82944" percent="100" />
    </mem>
  </mem-info>
</gc-start>
<allocation-stats totalBytes="3549456" >
  <allocated-bytes non-tlh="0" tlh="3549456" />
  <largest-consumer threadName="Thread-11" threadId="00000000018BF300" bytes="3549456" />
</allocation-stats>
<concurrent-halted id="327" timestamp="2019-08-02T20:13:54.946">
  <halted state="Class scanning incomplete" status="trace only" />
  <traced bytesTarget="1277468" bytesTotal="496460" bytesByMutator="0" bytesByHelper="496460" percent="38" />
  <cards cleaned="0" thresholdBytes="70167" />
</concurrent-halted>
<gc-op id="328" type="tracing" timems="0.500" contextid="321" timestamp="2019-08-02T20:13:54.946">
  <trace bytesTraced="838480" workStackOverflowCount="0" />
</gc-op>
<gc-op id="329" type="card-cleaning" timems="0.130" contextid="321" timestamp="2019-08-02T20:13:54.946">
  <card-cleaning cardsCleaned="13" bytesTraced="5096" workStackOverflowCount="0" />
</gc-op>
<gc-op id="330" type="mark" timems="0.712" contextid="321" timestamp="2019-08-02T20:13:54.947">
  <trace-info objectcount="3325" scancount="3346" scanbytes="101792" />
  <finalization candidates="124" enqueued="0" />
  <ownableSynchronizers candidates="3" cleared="0" />
  <references type="soft" candidates="84" cleared="0" enqueued="0" dynamicThreshold="13" maxThreshold="32" />
  <references type="weak" candidates="769" cleared="0" enqueued="0" />
  <references type="phantom" candidates="63" cleared="0" enqueued="0" />
  <stringconstants candidates="4596" cleared="0"  />
</gc-op>
<gc-op id="331" type="sweep" timems="0.344" contextid="321" timestamp="2019-08-02T20:13:54.948" />
<gc-end id="332" type="global" contextid="321" durationms="3.349" usertimems="4.000" systemtimems="0.000" timestamp="2019-08-02T20:13:54.949" activeThreads="8">
  <mem-info id="333" free="3592056" total="8388608" percent="42">
    <mem type="tenure" free="3592056" total="8388608" percent="42" micro-fragmented="1480026">
      <mem type="soa" free="3509376" total="8305664" percent="42" />
      <mem type="loa" free="82680" total="82944" percent="99" />
    </mem>
  </mem-info>
</gc-end>
<cycle-end id="334" type="global" contextid="321" timestamp="2019-08-02T20:13:54.949" />
  <attribute name="elasticGC enabled" value="1" />
  <attribute name= "numThreadsSpecified" value="0" />
  <attribute name="heapSize specified" value="0" />
  <attribute name= "numCores" value="8" />
  <attribute name ="GC Interval" value="0" />
  <attribute name ="Control flow" value="2" />
  <attribute name="GC Util Range Max" value="115" />
  <attribute name="Current GC Util" value="14" />
  <attribute name= "Current Time Running" value="692" />
<allocation-satisfied id="335" threadId="00000000018BF300" bytesRequested="40" />
<af-end id="336" timestamp="2019-08-02T20:13:54.949" threadId="00000000018BFC88" success="true" />
<exclusive-end id="337" timestamp="2019-08-02T20:13:54.949" durationms="4.313" />

<concurrent-kickoff id="338" timestamp="2019-08-02T20:13:54.959">
  <kickoff reason="threshold reached" targetBytes="1762937" thresholdFreeBytes="238056" remainingFree="234528" tenureFreeBytes="234528" />
</concurrent-kickoff>
<exclusive-start id="339" timestamp="2019-08-02T20:13:54.960" intervalms="14.588">
  <response-info timems="0.073" idlems="0.073" threads="0" lastid="00000000018BF300" lastname="Thread-11" />
</exclusive-start>
<cycle-start id="340" type="global" contextid="0" timestamp="2019-08-02T20:13:54.960" intervalms="15.975" />
<exclusive-end id="341" timestamp="2019-08-02T20:13:54.960" durationms="0.272" />

<exclusive-start id="342" timestamp="2019-08-02T20:13:54.962" intervalms="1.991">
  <response-info timems="0.021" idlems="0.021" threads="0" lastid="00000000018BF300" lastname="Thread-11" />
</exclusive-start>
<af-start id="343" threadId="00000000018BFC88" totalBytesRequested="40" timestamp="2019-08-02T20:13:54.962" intervalms="16.481" />
<gc-start id="344" type="global" contextid="340" timestamp="2019-08-02T20:13:54.962">
  <mem-info id="345" free="82944" total="8388608" percent="0">
    <mem type="tenure" free="82944" total="8388608" percent="0">
      <mem type="soa" free="0" total="8305664" percent="0" />
      <mem type="loa" free="82944" total="82944" percent="100" />
    </mem>
  </mem-info>
</gc-start>
<allocation-stats totalBytes="3483360" >
  <allocated-bytes non-tlh="0" tlh="3483360" />
  <largest-consumer threadName="Thread-11" threadId="00000000018BF300" bytes="3483360" />
</allocation-stats>
<concurrent-halted id="346" timestamp="2019-08-02T20:13:54.962">
  <halted state="Tracing incomplete" status="clean trace" />
  <traced bytesTarget="1762937" bytesTotal="1173844" bytesByMutator="247100" bytesByHelper="926744" percent="66" />
  <cards cleaned="0" thresholdBytes="93779" />
</concurrent-halted>
<gc-op id="347" type="tracing" timems="0.093" contextid="340" timestamp="2019-08-02T20:13:54.962">
  <trace bytesTraced="116592" workStackOverflowCount="0" />
</gc-op>
<gc-op id="348" type="card-cleaning" timems="0.096" contextid="340" timestamp="2019-08-02T20:13:54.962">
  <card-cleaning cardsCleaned="29" bytesTraced="5312" workStackOverflowCount="0" />
</gc-op>
<gc-op id="349" type="mark" timems="0.678" contextid="340" timestamp="2019-08-02T20:13:54.963">
  <trace-info objectcount="6395" scancount="5766" scanbytes="162716" />
  <finalization candidates="124" enqueued="0" />
  <ownableSynchronizers candidates="3" cleared="0" />
  <references type="soft" candidates="84" cleared="0" enqueued="0" dynamicThreshold="13" maxThreshold="32" />
  <references type="weak" candidates="769" cleared="0" enqueued="0" />
  <references type="phantom" candidates="63" cleared="0" enqueued="0" />
  <stringconstants candidates="4596" cleared="0"  />
</gc-op>
<gc-op id="350" type="sweep" timems="0.336" contextid="340" timestamp="2019-08-02T20:13:54.964" />
<gc-end id="351" type="global" contextid="340" durationms="2.622" usertimems="8.000" systemtimems="0.000" timestamp="2019-08-02T20:13:54.964" activeThreads="8">
  <mem-info id="352" free="3522328" total="8388608" percent="41">
    <mem type="tenure" free="3522328" total="8388608" percent="41" micro-fragmented="1707542">
      <mem type="soa" free="3439592" total="8305664" percent="41" />
      <mem type="loa" free="82736" total="82944" percent="99" />
    </mem>
  </mem-info>
</gc-end>
<cycle-end id="353" type="global" contextid="340" timestamp="2019-08-02T20:13:54.965" />
  <attribute name="elasticGC enabled" value="1" />
  <attribute name= "numThreadsSpecified" value="0" />
  <attribute name="heapSize specified" value="0" />
  <attribute name= "numCores" value="8" />
  <attribute name ="GC Interval" value="0" />
  <attribute name ="Control flow" value="2" />
  <attribute name="GC Util Range Max" value="115" />
  <attribute name="Current GC Util" value="16" />
  <attribute name= "Current Time Running" value="707" />
<allocation-satisfied id="354" threadId="00000000018BF300" bytesRequested="40" />
<af-end id="355" timestamp="2019-08-02T20:13:54.965" threadId="00000000018BFC88" success="true" />
<exclusive-end id="356" timestamp="2019-08-02T20:13:54.965" durationms="3.492" />

<concurrent-kickoff id="357" timestamp="2019-08-02T20:13:54.974">
  <kickoff reason="threshold reached" targetBytes="1295748" thresholdFreeBytes="180638" remainingFree="170360" tenureFreeBytes="170360" />
</concurrent-kickoff>
<exclusive-start id="358" timestamp="2019-08-02T20:13:54.974" intervalms="12.510">
  <response-info timems="0.073" idlems="0.073" threads="0" lastid="00000000018BF300" lastname="Thread-11" />
</exclusive-start>
<cycle-start id="359" type="global" contextid="0" timestamp="2019-08-02T20:13:54.974" intervalms="14.494" />
<exclusive-end id="360" timestamp="2019-08-02T20:13:54.974" durationms="0.272" />

<exclusive-start id="361" timestamp="2019-08-02T20:13:54.975" intervalms="1.284">
  <response-info timems="0.054" idlems="0.054" threads="0" lastid="00000000018BF300" lastname="Thread-11" />
</exclusive-start>
<af-start id="362" threadId="00000000018BFC88" totalBytesRequested="24" timestamp="2019-08-02T20:13:54.976" intervalms="13.878" />
<gc-start id="363" type="global" contextid="359" timestamp="2019-08-02T20:13:54.976">
  <mem-info id="364" free="82944" total="8388608" percent="0">
    <mem type="tenure" free="82944" total="8388608" percent="0">
      <mem type="soa" free="0" total="8305664" percent="0" />
      <mem type="loa" free="82944" total="82944" percent="100" />
    </mem>
  </mem-info>
</gc-start>
<allocation-stats totalBytes="3413920" >
  <allocated-bytes non-tlh="0" tlh="3413920" />
  <largest-consumer threadName="Thread-11" threadId="00000000018BF300" bytes="3413920" />
</allocation-stats>
<concurrent-halted id="365" timestamp="2019-08-02T20:13:54.976">
  <halted state="Complete" status="trace only" />
  <traced bytesTarget="1295748" bytesTotal="857892" bytesByMutator="426928" bytesByHelper="430964" percent="66" />
  <cards cleaned="0" thresholdBytes="71160" />
</concurrent-halted>
<gc-op id="366" type="card-cleaning" timems="0.099" contextid="359" timestamp="2019-08-02T20:13:54.976">
  <card-cleaning cardsCleaned="18" bytesTraced="5592" workStackOverflowCount="0" />
</gc-op>
<gc-op id="367" type="mark" timems="0.891" contextid="359" timestamp="2019-08-02T20:13:54.977">
  <trace-info objectcount="24062" scancount="18687" scanbytes="588248" />
  <finalization candidates="124" enqueued="0" />
  <ownableSynchronizers candidates="3" cleared="0" />
  <references type="soft" candidates="84" cleared="0" enqueued="0" dynamicThreshold="13" maxThreshold="32" />
  <references type="weak" candidates="769" cleared="0" enqueued="0" />
  <references type="phantom" candidates="63" cleared="0" enqueued="0" />
  <stringconstants candidates="4596" cleared="0"  />
</gc-op>
<gc-op id="368" type="sweep" timems="0.327" contextid="359" timestamp="2019-08-02T20:13:54.977" />
<gc-end id="369" type="global" contextid="359" durationms="2.657" usertimems="8.000" systemtimems="0.000" timestamp="2019-08-02T20:13:54.978" activeThreads="8">
  <mem-info id="370" free="3455616" total="8388608" percent="41">
    <mem type="tenure" free="3455616" total="8388608" percent="41" micro-fragmented="1660540">
      <mem type="soa" free="3372840" total="8305664" percent="40" />
      <mem type="loa" free="82776" total="82944" percent="99" />
    </mem>
  </mem-info>
</gc-end>
<cycle-end id="371" type="global" contextid="359" timestamp="2019-08-02T20:13:54.979" />
  <attribute name="elasticGC enabled" value="1" />
  <attribute name= "numThreadsSpecified" value="0" />
  <attribute name="heapSize specified" value="0" />
  <attribute name= "numCores" value="8" />
  <attribute name ="GC Interval" value="0" />
  <attribute name ="Control flow" value="2" />
  <attribute name="GC Util Range Max" value="115" />
  <attribute name="Current GC Util" value="16" />
  <attribute name= "Current Time Running" value="721" />
<allocation-satisfied id="372" threadId="00000000018BF300" bytesRequested="24" />
<af-end id="373" timestamp="2019-08-02T20:13:54.979" threadId="00000000018BFC88" success="true" />
<exclusive-end id="374" timestamp="2019-08-02T20:13:54.979" durationms="3.427" />

<concurrent-kickoff id="375" timestamp="2019-08-02T20:13:54.986">
  <kickoff reason="threshold reached" targetBytes="1593787" thresholdFreeBytes="214765" remainingFree="214432" tenureFreeBytes="214432" />
</concurrent-kickoff>
<exclusive-start id="376" timestamp="2019-08-02T20:13:54.987" intervalms="11.274">
  <response-info timems="0.069" idlems="0.069" threads="0" lastid="00000000018BF300" lastname="Thread-11" />
</exclusive-start>
<cycle-start id="377" type="global" contextid="0" timestamp="2019-08-02T20:13:54.987" intervalms="12.560" />
<exclusive-end id="378" timestamp="2019-08-02T20:13:54.987" durationms="0.197" />

<exclusive-start id="379" timestamp="2019-08-02T20:13:54.988" intervalms="1.817">
  <response-info timems="0.027" idlems="0.027" threads="0" lastid="00000000018BF300" lastname="Thread-11" />
</exclusive-start>
<af-start id="380" threadId="00000000018BFC88" totalBytesRequested="40" timestamp="2019-08-02T20:13:54.989" intervalms="13.054" />
<gc-start id="381" type="global" contextid="377" timestamp="2019-08-02T20:13:54.989">
  <mem-info id="382" free="82944" total="8388608" percent="0">
    <mem type="tenure" free="82944" total="8388608" percent="0">
      <mem type="soa" free="0" total="8305664" percent="0" />
      <mem type="loa" free="82944" total="82944" percent="100" />
    </mem>
  </mem-info>
</gc-start>
<allocation-stats totalBytes="3346112" >
  <allocated-bytes non-tlh="0" tlh="3346112" />
  <largest-consumer threadName="Thread-11" threadId="00000000018BF300" bytes="3346112" />
</allocation-stats>
<concurrent-halted id="383" timestamp="2019-08-02T20:13:54.989">
  <halted state="Tracing incomplete" status="clean trace" />
  <traced bytesTarget="1593787" bytesTotal="1172212" bytesByMutator="368860" bytesByHelper="803352" percent="73" />
  <cards cleaned="0" thresholdBytes="84604" />
</concurrent-halted>
<gc-op id="384" type="tracing" timems="0.212" contextid="377" timestamp="2019-08-02T20:13:54.989">
  <trace bytesTraced="140852" workStackOverflowCount="0" />
</gc-op>
<gc-op id="385" type="card-cleaning" timems="0.099" contextid="377" timestamp="2019-08-02T20:13:54.989">
  <card-cleaning cardsCleaned="23" bytesTraced="8936" workStackOverflowCount="0" />
</gc-op>
<gc-op id="386" type="mark" timems="0.719" contextid="377" timestamp="2019-08-02T20:13:54.990">
  <trace-info objectcount="5695" scancount="4917" scanbytes="140824" />
  <finalization candidates="124" enqueued="0" />
  <ownableSynchronizers candidates="3" cleared="0" />
  <references type="soft" candidates="84" cleared="0" enqueued="0" dynamicThreshold="13" maxThreshold="32" />
  <references type="weak" candidates="769" cleared="0" enqueued="0" />
  <references type="phantom" candidates="63" cleared="0" enqueued="0" />
  <stringconstants candidates="4596" cleared="0"  />
</gc-op>
<gc-op id="387" type="sweep" timems="0.344" contextid="377" timestamp="2019-08-02T20:13:54.991" />
<gc-end id="388" type="global" contextid="377" durationms="2.785" usertimems="4.000" systemtimems="0.000" timestamp="2019-08-02T20:13:54.992" activeThreads="8">
  <mem-info id="389" free="3369784" total="8388608" percent="40">
    <mem type="tenure" free="3369784" total="8388608" percent="40" micro-fragmented="1673242">
      <mem type="soa" free="3286976" total="8305664" percent="39" />
      <mem type="loa" free="82808" total="82944" percent="99" />
    </mem>
  </mem-info>
</gc-end>
<cycle-end id="390" type="global" contextid="377" timestamp="2019-08-02T20:13:54.992" />
  <attribute name="elasticGC enabled" value="1" />
  <attribute name= "numThreadsSpecified" value="0" />
  <attribute name="heapSize specified" value="0" />
  <attribute name= "numCores" value="8" />
  <attribute name ="GC Interval" value="0" />
  <attribute name ="Control flow" value="2" />
  <attribute name="GC Util Range Max" value="115" />
  <attribute name="Current GC Util" value="14" />
  <attribute name= "Current Time Running" value="735" />
<allocation-satisfied id="391" threadId="00000000018BF300" bytesRequested="40" />
<af-end id="392" timestamp="2019-08-02T20:13:54.992" threadId="00000000018BFC88" success="true" />
<exclusive-end id="393" timestamp="2019-08-02T20:13:54.992" durationms="3.751" />

<exclusive-start id="394" timestamp="2019-08-02T20:13:55.019" intervalms="30.861">
  <response-info timems="0.034" idlems="0.034" threads="0" lastid="0000000001544A00" lastname="main" />
</exclusive-start>
<af-start id="395" threadId="0000000001545388" totalBytesRequested="16392" timestamp="2019-08-02T20:13:55.019" intervalms="30.834" />
<cycle-start id="396" type="global" contextid="0" timestamp="2019-08-02T20:13:55.020" intervalms="32.807" />
<gc-start id="397" type="global" contextid="396" timestamp="2019-08-02T20:13:55.020">
  <mem-info id="398" free="2487936" total="8388608" percent="29">
    <mem type="tenure" free="2487936" total="8388608" percent="29">
      <mem type="soa" free="2404992" total="8305664" percent="28" />
      <mem type="loa" free="82944" total="82944" percent="100" />
    </mem>
  </mem-info>
</gc-start>
<allocation-stats totalBytes="864656" >
  <allocated-bytes non-tlh="82824" tlh="781832" />
  <largest-consumer threadName="main" threadId="0000000001544A00" bytes="103816" />
</allocation-stats>
<gc-op id="399" type="mark" timems="0.904" contextid="396" timestamp="2019-08-02T20:13:55.021">
  <trace-info objectcount="35021" scancount="27430" scanbytes="866984" />
  <finalization candidates="124" enqueued="0" />
  <ownableSynchronizers candidates="3" cleared="0" />
  <references type="soft" candidates="96" cleared="0" enqueued="0" dynamicThreshold="12" maxThreshold="32" />
  <references type="weak" candidates="789" cleared="20" enqueued="20" />
  <references type="phantom" candidates="65" cleared="3" enqueued="3" />
  <stringconstants candidates="4602" cleared="0"  />
</gc-op>
<gc-op id="400" type="sweep" timems="0.197" contextid="396" timestamp="2019-08-02T20:13:55.021" />
<gc-end id="401" type="global" contextid="396" durationms="1.742" usertimems="4.000" systemtimems="0.000" timestamp="2019-08-02T20:13:55.021" activeThreads="8">
  <mem-info id="402" free="5689080" total="8388608" percent="67">
    <mem type="tenure" free="5689080" total="8388608" percent="67" micro-fragmented="805676">
      <mem type="soa" free="5606240" total="8305664" percent="67" />
      <mem type="loa" free="82840" total="82944" percent="99" />
    </mem>
    <pending-finalizers system="0" default="0" reference="23" classloader="0" />
  </mem-info>
</gc-end>
<cycle-end id="403" type="global" contextid="396" timestamp="2019-08-02T20:13:55.021" />
  <attribute name="elasticGC enabled" value="1" />
  <attribute name= "numThreadsSpecified" value="0" />
  <attribute name="heapSize specified" value="0" />
  <attribute name= "numCores" value="8" />
  <attribute name ="GC Interval" value="0" />
  <attribute name ="Control flow" value="2" />
  <attribute name="GC Util Range Max" value="115" />
  <attribute name="Current GC Util" value="24" />
  <attribute name= "Current Time Running" value="765" />
<allocation-satisfied id="404" threadId="0000000001544A00" bytesRequested="16392" />
<af-end id="405" timestamp="2019-08-02T20:13:55.022" threadId="0000000001545388" success="true" />
<exclusive-end id="406" timestamp="2019-08-02T20:13:55.022" durationms="2.339" />

</verbosegc>

